[2025-11-06T17:19:45.408+0000][gc,heap] Heap region size: 1M
[2025-11-06T17:19:45.419+0000][gc     ] Using G1
[2025-11-06T17:19:45.420+0000][gc,heap,coops] Heap address: 0x00000000c0000000, size: 1024 MB, Compressed Oops mode: 32-bit
[2025-11-06T17:19:46.767+0000][gc,start     ] GC(0) Pause Young (Normal) (G1 Evacuation Pause)
[2025-11-06T17:19:46.768+0000][gc,task      ] GC(0) Using 2 workers of 2 for evacuation
[2025-11-06T17:19:46.777+0000][gc,phases    ] GC(0)   Pre Evacuate Collection Set: 0.0ms
[2025-11-06T17:19:46.777+0000][gc,phases    ] GC(0)   Evacuate Collection Set: 7.8ms
[2025-11-06T17:19:46.777+0000][gc,phases    ] GC(0)   Post Evacuate Collection Set: 1.1ms
[2025-11-06T17:19:46.778+0000][gc,phases    ] GC(0)   Other: 1.2ms
[2025-11-06T17:19:46.778+0000][gc,heap      ] GC(0) Eden regions: 25->0(21)
[2025-11-06T17:19:46.778+0000][gc,heap      ] GC(0) Survivor regions: 0->4(4)
[2025-11-06T17:19:46.778+0000][gc,heap      ] GC(0) Old regions: 0->3
[2025-11-06T17:19:46.779+0000][gc,heap      ] GC(0) Humongous regions: 0->0
[2025-11-06T17:19:46.779+0000][gc,metaspace ] GC(0) Metaspace: 17803K(18432K)->17803K(18432K) NonClass: 15924K(16384K)->15924K(16384K) Class: 1879K(2048K)->1879K(2048K)
[2025-11-06T17:19:46.779+0000][gc           ] GC(0) Pause Young (Normal) (G1 Evacuation Pause) 25M->6M(512M) 12.391ms
[2025-11-06T17:19:46.779+0000][gc,cpu       ] GC(0) User=0.03s Sys=0.01s Real=0.01s
[2025-11-06T17:19:47.018+0000][gc,start     ] GC(1) Pause Young (Concurrent Start) (Metadata GC Threshold)
[2025-11-06T17:19:47.018+0000][gc,task      ] GC(1) Using 2 workers of 2 for evacuation
[2025-11-06T17:19:47.029+0000][gc,phases    ] GC(1)   Pre Evacuate Collection Set: 0.1ms
[2025-11-06T17:19:47.029+0000][gc,phases    ] GC(1)   Evacuate Collection Set: 9.6ms
[2025-11-06T17:19:47.030+0000][gc,phases    ] GC(1)   Post Evacuate Collection Set: 1.0ms
[2025-11-06T17:19:47.030+0000][gc,phases    ] GC(1)   Other: 0.9ms
[2025-11-06T17:19:47.030+0000][gc,heap      ] GC(1) Eden regions: 9->0(24)
[2025-11-06T17:19:47.031+0000][gc,heap      ] GC(1) Survivor regions: 4->1(4)
[2025-11-06T17:19:47.031+0000][gc,heap      ] GC(1) Old regions: 3->7
[2025-11-06T17:19:47.031+0000][gc,heap      ] GC(1) Humongous regions: 0->0
[2025-11-06T17:19:47.031+0000][gc,metaspace ] GC(1) Metaspace: 20850K(21296K)->20850K(21296K) NonClass: 18625K(18864K)->18625K(18864K) Class: 2224K(2432K)->2224K(2432K)
[2025-11-06T17:19:47.032+0000][gc           ] GC(1) Pause Young (Concurrent Start) (Metadata GC Threshold) 14M->7M(512M) 13.933ms
[2025-11-06T17:19:47.032+0000][gc,cpu       ] GC(1) User=0.03s Sys=0.01s Real=0.02s
[2025-11-06T17:19:47.032+0000][gc           ] GC(2) Concurrent Cycle
[2025-11-06T17:19:47.033+0000][gc,marking   ] GC(2) Concurrent Clear Claimed Marks
[2025-11-06T17:19:47.033+0000][gc,marking   ] GC(2) Concurrent Clear Claimed Marks 0.507ms
[2025-11-06T17:19:47.033+0000][gc,marking   ] GC(2) Concurrent Scan Root Regions
[2025-11-06T17:19:47.035+0000][gc,marking   ] GC(2) Concurrent Scan Root Regions 1.101ms
[2025-11-06T17:19:47.035+0000][gc,marking   ] GC(2) Concurrent Mark (1.642s)
[2025-11-06T17:19:47.035+0000][gc,marking   ] GC(2) Concurrent Mark From Roots
[2025-11-06T17:19:47.036+0000][gc,task      ] GC(2) Using 1 workers of 1 for marking
[2025-11-06T17:19:47.050+0000][gc,marking   ] GC(2) Concurrent Mark From Roots 14.794ms
[2025-11-06T17:19:47.050+0000][gc,marking   ] GC(2) Concurrent Preclean
[2025-11-06T17:19:47.051+0000][gc,marking   ] GC(2) Concurrent Preclean 0.426ms
[2025-11-06T17:19:47.051+0000][gc,marking   ] GC(2) Concurrent Mark (1.642s, 1.658s) 16.052ms
[2025-11-06T17:19:47.058+0000][gc,start     ] GC(2) Pause Remark
[2025-11-06T17:19:47.063+0000][gc,stringtable] GC(2) Cleaned string and symbol table, strings: 7275 processed, 9 removed, symbols: 64812 processed, 23 removed
[2025-11-06T17:19:47.064+0000][gc            ] GC(2) Pause Remark 7M->7M(512M) 6.325ms
[2025-11-06T17:19:47.065+0000][gc,cpu        ] GC(2) User=0.01s Sys=0.00s Real=0.01s
[2025-11-06T17:19:47.065+0000][gc,marking    ] GC(2) Concurrent Rebuild Remembered Sets
[2025-11-06T17:19:47.072+0000][gc,marking    ] GC(2) Concurrent Rebuild Remembered Sets 6.956ms
[2025-11-06T17:19:47.073+0000][gc,start      ] GC(2) Pause Cleanup
[2025-11-06T17:19:47.074+0000][gc            ] GC(2) Pause Cleanup 7M->7M(512M) 0.938ms
[2025-11-06T17:19:47.075+0000][gc,cpu        ] GC(2) User=0.00s Sys=0.00s Real=0.00s
[2025-11-06T17:19:47.077+0000][gc,marking    ] GC(2) Concurrent Cleanup for Next Mark
[2025-11-06T17:19:47.078+0000][gc,marking    ] GC(2) Concurrent Cleanup for Next Mark 1.920ms
[2025-11-06T17:19:47.079+0000][gc            ] GC(2) Concurrent Cycle 46.487ms
[2025-11-06T17:19:47.558+0000][gc,start      ] GC(3) Pause Young (Normal) (G1 Evacuation Pause)
[2025-11-06T17:19:47.558+0000][gc,task       ] GC(3) Using 2 workers of 2 for evacuation
[2025-11-06T17:19:47.563+0000][gc,phases     ] GC(3)   Pre Evacuate Collection Set: 0.0ms
[2025-11-06T17:19:47.564+0000][gc,phases     ] GC(3)   Evacuate Collection Set: 3.8ms
[2025-11-06T17:19:47.564+0000][gc,phases     ] GC(3)   Post Evacuate Collection Set: 0.7ms
[2025-11-06T17:19:47.564+0000][gc,phases     ] GC(3)   Other: 0.8ms
[2025-11-06T17:19:47.564+0000][gc,heap       ] GC(3) Eden regions: 24->0(23)
[2025-11-06T17:19:47.564+0000][gc,heap       ] GC(3) Survivor regions: 1->2(4)
[2025-11-06T17:19:47.564+0000][gc,heap       ] GC(3) Old regions: 7->7
[2025-11-06T17:19:47.565+0000][gc,heap       ] GC(3) Humongous regions: 0->0
[2025-11-06T17:19:47.565+0000][gc,metaspace  ] GC(3) Metaspace: 25769K(26544K)->25769K(26544K) NonClass: 23037K(23472K)->23037K(23472K) Class: 2731K(3072K)->2731K(3072K)
[2025-11-06T17:19:47.565+0000][gc            ] GC(3) Pause Young (Normal) (G1 Evacuation Pause) 31M->7M(512M) 6.896ms
[2025-11-06T17:19:47.565+0000][gc,cpu        ] GC(3) User=0.01s Sys=0.00s Real=0.01s
[2025-11-06T17:19:48.116+0000][gc,start      ] GC(4) Pause Young (Normal) (G1 Evacuation Pause)
[2025-11-06T17:19:48.116+0000][gc,task       ] GC(4) Using 2 workers of 2 for evacuation
[2025-11-06T17:19:48.122+0000][gc,phases     ] GC(4)   Pre Evacuate Collection Set: 0.0ms
[2025-11-06T17:19:48.122+0000][gc,phases     ] GC(4)   Evacuate Collection Set: 4.5ms
[2025-11-06T17:19:48.122+0000][gc,phases     ] GC(4)   Post Evacuate Collection Set: 0.9ms
[2025-11-06T17:19:48.123+0000][gc,phases     ] GC(4)   Other: 0.8ms
[2025-11-06T17:19:48.123+0000][gc,heap       ] GC(4) Eden regions: 23->0(22)
[2025-11-06T17:19:48.123+0000][gc,heap       ] GC(4) Survivor regions: 2->3(4)
[2025-11-06T17:19:48.123+0000][gc,heap       ] GC(4) Old regions: 7->7
[2025-11-06T17:19:48.124+0000][gc,heap       ] GC(4) Humongous regions: 0->0
[2025-11-06T17:19:48.124+0000][gc,metaspace  ] GC(4) Metaspace: 29674K(30640K)->29674K(30640K) NonClass: 26492K(27056K)->26492K(27056K) Class: 3182K(3584K)->3182K(3584K)
[2025-11-06T17:19:48.125+0000][gc            ] GC(4) Pause Young (Normal) (G1 Evacuation Pause) 30M->9M(512M) 8.942ms
[2025-11-06T17:19:48.125+0000][gc,cpu        ] GC(4) User=0.01s Sys=0.00s Real=0.01s
[2025-11-06T17:19:48.984+0000][gc,start      ] GC(5) Pause Young (Normal) (G1 Evacuation Pause)
[2025-11-06T17:19:48.984+0000][gc,task       ] GC(5) Using 2 workers of 2 for evacuation
[2025-11-06T17:19:48.992+0000][gc,phases     ] GC(5)   Pre Evacuate Collection Set: 0.0ms
[2025-11-06T17:19:48.992+0000][gc,phases     ] GC(5)   Evacuate Collection Set: 6.0ms
[2025-11-06T17:19:48.993+0000][gc,phases     ] GC(5)   Post Evacuate Collection Set: 1.1ms
[2025-11-06T17:19:48.993+0000][gc,phases     ] GC(5)   Other: 0.7ms
[2025-11-06T17:19:48.993+0000][gc,heap       ] GC(5) Eden regions: 22->0(23)
[2025-11-06T17:19:48.993+0000][gc,heap       ] GC(5) Survivor regions: 3->2(4)
[2025-11-06T17:19:48.993+0000][gc,heap       ] GC(5) Old regions: 7->8
[2025-11-06T17:19:48.994+0000][gc,heap       ] GC(5) Humongous regions: 0->0
[2025-11-06T17:19:48.994+0000][gc,metaspace  ] GC(5) Metaspace: 31767K(32688K)->31767K(32688K) NonClass: 28309K(28848K)->28309K(28848K) Class: 3458K(3840K)->3458K(3840K)
[2025-11-06T17:19:48.994+0000][gc            ] GC(5) Pause Young (Normal) (G1 Evacuation Pause) 31M->9M(512M) 10.204ms
[2025-11-06T17:19:48.995+0000][gc,cpu        ] GC(5) User=0.01s Sys=0.00s Real=0.01s
[2025-11-06T17:19:49.328+0000][gc,start      ] GC(6) Pause Young (Normal) (G1 Evacuation Pause)
[2025-11-06T17:19:49.328+0000][gc,task       ] GC(6) Using 2 workers of 2 for evacuation
[2025-11-06T17:19:49.332+0000][gc,phases     ] GC(6)   Pre Evacuate Collection Set: 0.0ms
[2025-11-06T17:19:49.333+0000][gc,phases     ] GC(6)   Evacuate Collection Set: 3.2ms
[2025-11-06T17:19:49.333+0000][gc,phases     ] GC(6)   Post Evacuate Collection Set: 0.7ms
[2025-11-06T17:19:49.333+0000][gc,phases     ] GC(6)   Other: 0.6ms
[2025-11-06T17:19:49.333+0000][gc,heap       ] GC(6) Eden regions: 23->0(23)
[2025-11-06T17:19:49.333+0000][gc,heap       ] GC(6) Survivor regions: 2->2(4)
[2025-11-06T17:19:49.333+0000][gc,heap       ] GC(6) Old regions: 8->8
[2025-11-06T17:19:49.333+0000][gc,heap       ] GC(6) Humongous regions: 0->0
[2025-11-06T17:19:49.334+0000][gc,metaspace  ] GC(6) Metaspace: 31768K(32688K)->31768K(32688K) NonClass: 28309K(28848K)->28309K(28848K) Class: 3458K(3840K)->3458K(3840K)
[2025-11-06T17:19:49.334+0000][gc            ] GC(6) Pause Young (Normal) (G1 Evacuation Pause) 32M->9M(512M) 5.792ms
[2025-11-06T17:19:49.334+0000][gc,cpu        ] GC(6) User=0.00s Sys=0.00s Real=0.01s
[2025-11-06T17:19:49.584+0000][gc,start      ] GC(7) Pause Young (Normal) (G1 Evacuation Pause)
[2025-11-06T17:19:49.584+0000][gc,task       ] GC(7) Using 2 workers of 2 for evacuation
[2025-11-06T17:19:49.588+0000][gc,phases     ] GC(7)   Pre Evacuate Collection Set: 0.0ms
[2025-11-06T17:19:49.589+0000][gc,phases     ] GC(7)   Evacuate Collection Set: 3.3ms
[2025-11-06T17:19:49.589+0000][gc,phases     ] GC(7)   Post Evacuate Collection Set: 0.6ms
[2025-11-06T17:19:49.589+0000][gc,phases     ] GC(7)   Other: 0.6ms
[2025-11-06T17:19:49.589+0000][gc,heap       ] GC(7) Eden regions: 23->0(23)
[2025-11-06T17:19:49.589+0000][gc,heap       ] GC(7) Survivor regions: 2->2(4)
[2025-11-06T17:19:49.589+0000][gc,heap       ] GC(7) Old regions: 8->8
[2025-11-06T17:19:49.590+0000][gc,heap       ] GC(7) Humongous regions: 0->0
[2025-11-06T17:19:49.590+0000][gc,metaspace  ] GC(7) Metaspace: 31768K(32688K)->31768K(32688K) NonClass: 28309K(28848K)->28309K(28848K) Class: 3458K(3840K)->3458K(3840K)
[2025-11-06T17:19:49.590+0000][gc            ] GC(7) Pause Young (Normal) (G1 Evacuation Pause) 32M->9M(512M) 6.029ms
[2025-11-06T17:19:49.590+0000][gc,cpu        ] GC(7) User=0.01s Sys=0.00s Real=0.01s
[2025-11-06T17:19:49.878+0000][gc,start      ] GC(8) Pause Young (Normal) (G1 Evacuation Pause)
[2025-11-06T17:19:49.879+0000][gc,task       ] GC(8) Using 2 workers of 2 for evacuation
[2025-11-06T17:19:49.885+0000][gc,phases     ] GC(8)   Pre Evacuate Collection Set: 0.0ms
[2025-11-06T17:19:49.885+0000][gc,phases     ] GC(8)   Evacuate Collection Set: 4.4ms
[2025-11-06T17:19:49.886+0000][gc,phases     ] GC(8)   Post Evacuate Collection Set: 1.1ms
[2025-11-06T17:19:49.886+0000][gc,phases     ] GC(8)   Other: 1.2ms
[2025-11-06T17:19:49.886+0000][gc,heap       ] GC(8) Eden regions: 23->0(22)
[2025-11-06T17:19:49.886+0000][gc,heap       ] GC(8) Survivor regions: 2->3(4)
[2025-11-06T17:19:49.887+0000][gc,heap       ] GC(8) Old regions: 8->8
[2025-11-06T17:19:49.887+0000][gc,heap       ] GC(8) Humongous regions: 0->0
[2025-11-06T17:19:49.887+0000][gc,metaspace  ] GC(8) Metaspace: 33170K(34224K)->33170K(34224K) NonClass: 29528K(30128K)->29528K(30128K) Class: 3642K(4096K)->3642K(4096K)
[2025-11-06T17:19:49.887+0000][gc            ] GC(8) Pause Young (Normal) (G1 Evacuation Pause) 32M->9M(512M) 9.186ms
[2025-11-06T17:19:49.888+0000][gc,cpu        ] GC(8) User=0.02s Sys=0.00s Real=0.01s
[2025-11-06T17:19:50.013+0000][gc,start      ] GC(9) Pause Young (Concurrent Start) (Metadata GC Threshold)
[2025-11-06T17:19:50.013+0000][gc,task       ] GC(9) Using 2 workers of 2 for evacuation
[2025-11-06T17:19:50.019+0000][gc,phases     ] GC(9)   Pre Evacuate Collection Set: 0.1ms
[2025-11-06T17:19:50.019+0000][gc,phases     ] GC(9)   Evacuate Collection Set: 4.6ms
[2025-11-06T17:19:50.020+0000][gc,phases     ] GC(9)   Post Evacuate Collection Set: 0.8ms
[2025-11-06T17:19:50.020+0000][gc,phases     ] GC(9)   Other: 1.0ms
[2025-11-06T17:19:50.020+0000][gc,heap       ] GC(9) Eden regions: 8->0(22)
[2025-11-06T17:19:50.021+0000][gc,heap       ] GC(9) Survivor regions: 3->3(4)
[2025-11-06T17:19:50.021+0000][gc,heap       ] GC(9) Old regions: 8->8
[2025-11-06T17:19:50.021+0000][gc,heap       ] GC(9) Humongous regions: 0->0
[2025-11-06T17:19:50.021+0000][gc,metaspace  ] GC(9) Metaspace: 34924K(35888K)->34924K(35888K) NonClass: 31146K(31664K)->31146K(31664K) Class: 3777K(4224K)->3777K(4224K)
[2025-11-06T17:19:50.022+0000][gc            ] GC(9) Pause Young (Concurrent Start) (Metadata GC Threshold) 17M->9M(512M) 8.914ms
[2025-11-06T17:19:50.022+0000][gc,cpu        ] GC(9) User=0.01s Sys=0.00s Real=0.01s
[2025-11-06T17:19:50.022+0000][gc            ] GC(10) Concurrent Cycle
[2025-11-06T17:19:50.022+0000][gc,marking    ] GC(10) Concurrent Clear Claimed Marks
[2025-11-06T17:19:50.023+0000][gc,marking    ] GC(10) Concurrent Clear Claimed Marks 0.389ms
[2025-11-06T17:19:50.023+0000][gc,marking    ] GC(10) Concurrent Scan Root Regions
[2025-11-06T17:19:50.112+0000][gc,marking    ] GC(10) Concurrent Scan Root Regions 88.730ms
[2025-11-06T17:19:50.113+0000][gc,marking    ] GC(10) Concurrent Mark (4.719s)
[2025-11-06T17:19:50.114+0000][gc,marking    ] GC(10) Concurrent Mark From Roots
[2025-11-06T17:19:50.114+0000][gc,task       ] GC(10) Using 1 workers of 1 for marking
[2025-11-06T17:19:50.132+0000][gc,marking    ] GC(10) Concurrent Mark From Roots 17.928ms
[2025-11-06T17:19:50.132+0000][gc,marking    ] GC(10) Concurrent Preclean
[2025-11-06T17:19:50.132+0000][gc,marking    ] GC(10) Concurrent Preclean 0.305ms
[2025-11-06T17:19:50.133+0000][gc,marking    ] GC(10) Concurrent Mark (4.719s, 4.739s) 19.895ms
[2025-11-06T17:19:50.134+0000][gc,start      ] GC(10) Pause Remark
[2025-11-06T17:19:50.138+0000][gc,stringtable] GC(10) Cleaned string and symbol table, strings: 11331 processed, 8 removed, symbols: 96937 processed, 20 removed
[2025-11-06T17:19:50.139+0000][gc            ] GC(10) Pause Remark 11M->11M(512M) 5.370ms
[2025-11-06T17:19:50.139+0000][gc,cpu        ] GC(10) User=0.01s Sys=0.00s Real=0.00s
[2025-11-06T17:19:50.140+0000][gc,marking    ] GC(10) Concurrent Rebuild Remembered Sets
[2025-11-06T17:19:50.146+0000][gc,marking    ] GC(10) Concurrent Rebuild Remembered Sets 6.105ms
[2025-11-06T17:19:50.147+0000][gc,start      ] GC(10) Pause Cleanup
[2025-11-06T17:19:50.147+0000][gc            ] GC(10) Pause Cleanup 11M->11M(512M) 0.679ms
[2025-11-06T17:19:50.148+0000][gc,cpu        ] GC(10) User=0.00s Sys=0.00s Real=0.00s
[2025-11-06T17:19:50.148+0000][gc,marking    ] GC(10) Concurrent Cleanup for Next Mark
[2025-11-06T17:19:50.203+0000][gc,marking    ] GC(10) Concurrent Cleanup for Next Mark 54.738ms
[2025-11-06T17:19:50.203+0000][gc            ] GC(10) Concurrent Cycle 180.944ms
[2025-11-06T17:19:50.596+0000][gc,start      ] GC(11) Pause Young (Concurrent Start) (G1 Evacuation Pause)
[2025-11-06T17:19:50.596+0000][gc,task       ] GC(11) Using 2 workers of 2 for evacuation
[2025-11-06T17:19:50.605+0000][gc,phases     ] GC(11)   Pre Evacuate Collection Set: 0.1ms
[2025-11-06T17:19:50.605+0000][gc,phases     ] GC(11)   Evacuate Collection Set: 7.1ms
[2025-11-06T17:19:50.605+0000][gc,phases     ] GC(11)   Post Evacuate Collection Set: 0.7ms
[2025-11-06T17:19:50.605+0000][gc,phases     ] GC(11)   Other: 0.7ms
[2025-11-06T17:19:50.606+0000][gc,heap       ] GC(11) Eden regions: 22->0(23)
[2025-11-06T17:19:50.606+0000][gc,heap       ] GC(11) Survivor regions: 3->2(4)
[2025-11-06T17:19:50.606+0000][gc,heap       ] GC(11) Old regions: 8->9
[2025-11-06T17:19:50.606+0000][gc,heap       ] GC(11) Humongous regions: 27->27
[2025-11-06T17:19:50.606+0000][gc,metaspace  ] GC(11) Metaspace: 39356K(40624K)->39356K(40624K) NonClass: 35060K(35760K)->35060K(35760K) Class: 4295K(4864K)->4295K(4864K)
[2025-11-06T17:19:50.607+0000][gc            ] GC(11) Pause Young (Concurrent Start) (G1 Evacuation Pause) 58M->37M(512M) 10.649ms
[2025-11-06T17:19:50.607+0000][gc,cpu        ] GC(11) User=0.02s Sys=0.00s Real=0.01s
[2025-11-06T17:19:50.607+0000][gc            ] GC(12) Concurrent Cycle
[2025-11-06T17:19:50.607+0000][gc,marking    ] GC(12) Concurrent Clear Claimed Marks
[2025-11-06T17:19:50.608+0000][gc,marking    ] GC(12) Concurrent Clear Claimed Marks 0.327ms
[2025-11-06T17:19:50.608+0000][gc,marking    ] GC(12) Concurrent Scan Root Regions
[2025-11-06T17:19:50.611+0000][gc,marking    ] GC(12) Concurrent Scan Root Regions 2.649ms
[2025-11-06T17:19:50.611+0000][gc,marking    ] GC(12) Concurrent Mark (5.218s)
[2025-11-06T17:19:50.612+0000][gc,marking    ] GC(12) Concurrent Mark From Roots
[2025-11-06T17:19:50.612+0000][gc,task       ] GC(12) Using 1 workers of 1 for marking
[2025-11-06T17:19:50.632+0000][gc,marking    ] GC(12) Concurrent Mark From Roots 20.444ms
[2025-11-06T17:19:50.633+0000][gc,marking    ] GC(12) Concurrent Preclean
[2025-11-06T17:19:50.633+0000][gc,marking    ] GC(12) Concurrent Preclean 0.389ms
[2025-11-06T17:19:50.633+0000][gc,marking    ] GC(12) Concurrent Mark (5.218s, 5.240s) 21.936ms
[2025-11-06T17:19:50.635+0000][gc,start      ] GC(12) Pause Remark
[2025-11-06T17:19:50.640+0000][gc,stringtable] GC(12) Cleaned string and symbol table, strings: 12252 processed, 0 removed, symbols: 107487 processed, 11 removed
[2025-11-06T17:19:50.641+0000][gc            ] GC(12) Pause Remark 39M->39M(512M) 5.536ms
[2025-11-06T17:19:50.641+0000][gc,cpu        ] GC(12) User=0.01s Sys=0.00s Real=0.01s
[2025-11-06T17:19:50.641+0000][gc,marking    ] GC(12) Concurrent Rebuild Remembered Sets
[2025-11-06T17:19:50.652+0000][gc,marking    ] GC(12) Concurrent Rebuild Remembered Sets 10.240ms
[2025-11-06T17:19:50.698+0000][gc,start      ] GC(12) Pause Cleanup
[2025-11-06T17:19:50.698+0000][gc            ] GC(12) Pause Cleanup 40M->40M(512M) 0.416ms
[2025-11-06T17:19:50.698+0000][gc,cpu        ] GC(12) User=0.00s Sys=0.00s Real=0.00s
[2025-11-06T17:19:50.699+0000][gc,marking    ] GC(12) Concurrent Cleanup for Next Mark
[2025-11-06T17:19:50.700+0000][gc,marking    ] GC(12) Concurrent Cleanup for Next Mark 1.039ms
[2025-11-06T17:19:50.700+0000][gc            ] GC(12) Concurrent Cycle 92.941ms
[2025-11-06T17:19:50.909+0000][gc,start      ] GC(13) Pause Young (Normal) (G1 Evacuation Pause)
[2025-11-06T17:19:50.909+0000][gc,task       ] GC(13) Using 2 workers of 2 for evacuation
[2025-11-06T17:19:50.916+0000][gc,phases     ] GC(13)   Pre Evacuate Collection Set: 0.0ms
[2025-11-06T17:19:50.916+0000][gc,phases     ] GC(13)   Evacuate Collection Set: 5.3ms
[2025-11-06T17:19:50.917+0000][gc,phases     ] GC(13)   Post Evacuate Collection Set: 1.0ms
[2025-11-06T17:19:50.917+0000][gc,phases     ] GC(13)   Other: 0.6ms
[2025-11-06T17:19:50.917+0000][gc,heap       ] GC(13) Eden regions: 23->0(25)
[2025-11-06T17:19:50.918+0000][gc,heap       ] GC(13) Survivor regions: 2->3(4)
[2025-11-06T17:19:50.918+0000][gc,heap       ] GC(13) Old regions: 9->9
[2025-11-06T17:19:50.918+0000][gc,heap       ] GC(13) Humongous regions: 27->27
[2025-11-06T17:19:50.919+0000][gc,metaspace  ] GC(13) Metaspace: 40134K(41520K)->40134K(41520K) NonClass: 35771K(36528K)->35771K(36528K) Class: 4363K(4992K)->4363K(4992K)
[2025-11-06T17:19:50.919+0000][gc            ] GC(13) Pause Young (Normal) (G1 Evacuation Pause) 60M->38M(512M) 9.944ms
[2025-11-06T17:19:50.919+0000][gc,cpu        ] GC(13) User=0.02s Sys=0.00s Real=0.01s
[2025-11-06T17:19:51.130+0000][gc,start      ] GC(14) Pause Young (Normal) (G1 Evacuation Pause)
[2025-11-06T17:19:51.130+0000][gc,task       ] GC(14) Using 2 workers of 2 for evacuation
[2025-11-06T17:19:51.137+0000][gc,phases     ] GC(14)   Pre Evacuate Collection Set: 0.0ms
[2025-11-06T17:19:51.137+0000][gc,phases     ] GC(14)   Evacuate Collection Set: 5.7ms
[2025-11-06T17:19:51.138+0000][gc,phases     ] GC(14)   Post Evacuate Collection Set: 1.0ms
[2025-11-06T17:19:51.138+0000][gc,phases     ] GC(14)   Other: 0.5ms
[2025-11-06T17:19:51.138+0000][gc,heap       ] GC(14) Eden regions: 25->0(27)
[2025-11-06T17:19:51.138+0000][gc,heap       ] GC(14) Survivor regions: 3->3(4)
[2025-11-06T17:19:51.139+0000][gc,heap       ] GC(14) Old regions: 9->10
[2025-11-06T17:19:51.139+0000][gc,heap       ] GC(14) Humongous regions: 27->27
[2025-11-06T17:19:51.139+0000][gc,metaspace  ] GC(14) Metaspace: 40781K(42032K)->40781K(42032K) NonClass: 36365K(37040K)->36365K(37040K) Class: 4415K(4992K)->4415K(4992K)
[2025-11-06T17:19:51.140+0000][gc            ] GC(14) Pause Young (Normal) (G1 Evacuation Pause) 63M->39M(512M) 9.755ms
[2025-11-06T17:19:51.140+0000][gc,cpu        ] GC(14) User=0.01s Sys=0.00s Real=0.01s
[2025-11-06T17:19:51.332+0000][gc,start      ] GC(15) Pause Young (Normal) (G1 Evacuation Pause)
[2025-11-06T17:19:51.332+0000][gc,task       ] GC(15) Using 2 workers of 2 for evacuation
[2025-11-06T17:19:51.339+0000][gc,phases     ] GC(15)   Pre Evacuate Collection Set: 0.0ms
[2025-11-06T17:19:51.339+0000][gc,phases     ] GC(15)   Evacuate Collection Set: 5.3ms
[2025-11-06T17:19:51.339+0000][gc,phases     ] GC(15)   Post Evacuate Collection Set: 0.8ms
[2025-11-06T17:19:51.339+0000][gc,phases     ] GC(15)   Other: 0.6ms
[2025-11-06T17:19:51.339+0000][gc,heap       ] GC(15) Eden regions: 27->0(28)
[2025-11-06T17:19:51.340+0000][gc,heap       ] GC(15) Survivor regions: 3->3(4)
[2025-11-06T17:19:51.340+0000][gc,heap       ] GC(15) Old regions: 10->11
[2025-11-06T17:19:51.340+0000][gc,heap       ] GC(15) Humongous regions: 27->27
[2025-11-06T17:19:51.340+0000][gc,metaspace  ] GC(15) Metaspace: 41828K(43184K)->41828K(43184K) NonClass: 37346K(38064K)->37346K(38064K) Class: 4482K(5120K)->4482K(5120K)
[2025-11-06T17:19:51.341+0000][gc            ] GC(15) Pause Young (Normal) (G1 Evacuation Pause) 66M->39M(512M) 8.804ms
[2025-11-06T17:19:51.341+0000][gc,cpu        ] GC(15) User=0.02s Sys=0.00s Real=0.01s
[2025-11-06T17:19:51.617+0000][gc,start      ] GC(16) Pause Young (Normal) (G1 Evacuation Pause)
[2025-11-06T17:19:51.618+0000][gc,task       ] GC(16) Using 2 workers of 2 for evacuation
[2025-11-06T17:19:51.624+0000][gc,phases     ] GC(16)   Pre Evacuate Collection Set: 0.0ms
[2025-11-06T17:19:51.624+0000][gc,phases     ] GC(16)   Evacuate Collection Set: 4.7ms
[2025-11-06T17:19:51.624+0000][gc,phases     ] GC(16)   Post Evacuate Collection Set: 0.7ms
[2025-11-06T17:19:51.624+0000][gc,phases     ] GC(16)   Other: 0.7ms
[2025-11-06T17:19:51.625+0000][gc,heap       ] GC(16) Eden regions: 28->0(36)
[2025-11-06T17:19:51.625+0000][gc,heap       ] GC(16) Survivor regions: 3->2(4)
[2025-11-06T17:19:51.625+0000][gc,heap       ] GC(16) Old regions: 11->12
[2025-11-06T17:19:51.625+0000][gc,heap       ] GC(16) Humongous regions: 36->36
[2025-11-06T17:19:51.626+0000][gc,metaspace  ] GC(16) Metaspace: 43103K(44464K)->43103K(44464K) NonClass: 38512K(39344K)->38512K(39344K) Class: 4591K(5120K)->4591K(5120K)
[2025-11-06T17:19:51.626+0000][gc            ] GC(16) Pause Young (Normal) (G1 Evacuation Pause) 76M->49M(512M) 8.523ms
[2025-11-06T17:19:51.626+0000][gc,cpu        ] GC(16) User=0.01s Sys=0.00s Real=0.01s
[2025-11-06T17:19:51.904+0000][gc,start      ] GC(17) Pause Young (Normal) (G1 Evacuation Pause)
[2025-11-06T17:19:51.904+0000][gc,task       ] GC(17) Using 2 workers of 2 for evacuation
[2025-11-06T17:19:51.909+0000][gc,phases     ] GC(17)   Pre Evacuate Collection Set: 0.0ms
[2025-11-06T17:19:51.910+0000][gc,phases     ] GC(17)   Evacuate Collection Set: 3.8ms
[2025-11-06T17:19:51.910+0000][gc,phases     ] GC(17)   Post Evacuate Collection Set: 0.9ms
[2025-11-06T17:19:51.910+0000][gc,phases     ] GC(17)   Other: 0.7ms
[2025-11-06T17:19:51.911+0000][gc,heap       ] GC(17) Eden regions: 36->0(39)
[2025-11-06T17:19:51.912+0000][gc,heap       ] GC(17) Survivor regions: 2->2(5)
[2025-11-06T17:19:51.912+0000][gc,heap       ] GC(17) Old regions: 12->12
[2025-11-06T17:19:51.913+0000][gc,heap       ] GC(17) Humongous regions: 36->36
[2025-11-06T17:19:51.913+0000][gc,metaspace  ] GC(17) Metaspace: 43611K(45104K)->43611K(45104K) NonClass: 38933K(39856K)->38933K(39856K) Class: 4677K(5248K)->4677K(5248K)
[2025-11-06T17:19:51.913+0000][gc            ] GC(17) Pause Young (Normal) (G1 Evacuation Pause) 85M->49M(512M) 9.483ms
[2025-11-06T17:19:51.914+0000][gc,cpu        ] GC(17) User=0.01s Sys=0.00s Real=0.01s
[2025-11-06T17:19:52.128+0000][gc,start      ] GC(18) Pause Young (Normal) (G1 Evacuation Pause)
[2025-11-06T17:19:52.128+0000][gc,task       ] GC(18) Using 2 workers of 2 for evacuation
[2025-11-06T17:19:52.134+0000][gc,phases     ] GC(18)   Pre Evacuate Collection Set: 0.0ms
[2025-11-06T17:19:52.135+0000][gc,phases     ] GC(18)   Evacuate Collection Set: 4.4ms
[2025-11-06T17:19:52.135+0000][gc,phases     ] GC(18)   Post Evacuate Collection Set: 0.7ms
[2025-11-06T17:19:52.135+0000][gc,phases     ] GC(18)   Other: 1.4ms
[2025-11-06T17:19:52.135+0000][gc,heap       ] GC(18) Eden regions: 39->0(43)
[2025-11-06T17:19:52.136+0000][gc,heap       ] GC(18) Survivor regions: 2->2(6)
[2025-11-06T17:19:52.136+0000][gc,heap       ] GC(18) Old regions: 12->12
[2025-11-06T17:19:52.136+0000][gc,heap       ] GC(18) Humongous regions: 36->36
[2025-11-06T17:19:52.137+0000][gc,metaspace  ] GC(18) Metaspace: 43616K(45104K)->43616K(45104K) NonClass: 38939K(39856K)->38939K(39856K) Class: 4677K(5248K)->4677K(5248K)
[2025-11-06T17:19:52.137+0000][gc            ] GC(18) Pause Young (Normal) (G1 Evacuation Pause) 88M->49M(512M) 9.403ms
[2025-11-06T17:19:52.138+0000][gc,cpu        ] GC(18) User=0.02s Sys=0.00s Real=0.01s
[2025-11-06T17:19:52.411+0000][gc,start      ] GC(19) Pause Young (Normal) (G1 Evacuation Pause)
[2025-11-06T17:19:52.411+0000][gc,task       ] GC(19) Using 2 workers of 2 for evacuation
[2025-11-06T17:19:52.416+0000][gc,phases     ] GC(19)   Pre Evacuate Collection Set: 0.0ms
[2025-11-06T17:19:52.416+0000][gc,phases     ] GC(19)   Evacuate Collection Set: 3.9ms
[2025-11-06T17:19:52.417+0000][gc,phases     ] GC(19)   Post Evacuate Collection Set: 0.9ms
[2025-11-06T17:19:52.417+0000][gc,phases     ] GC(19)   Other: 0.6ms
[2025-11-06T17:19:52.417+0000][gc,heap       ] GC(19) Eden regions: 43->0(47)
[2025-11-06T17:19:52.417+0000][gc,heap       ] GC(19) Survivor regions: 2->2(6)
[2025-11-06T17:19:52.418+0000][gc,heap       ] GC(19) Old regions: 12->12
[2025-11-06T17:19:52.418+0000][gc,heap       ] GC(19) Humongous regions: 36->36
[2025-11-06T17:19:52.418+0000][gc,metaspace  ] GC(19) Metaspace: 43617K(45104K)->43617K(45104K) NonClass: 38940K(39856K)->38940K(39856K) Class: 4677K(5248K)->4677K(5248K)
[2025-11-06T17:19:52.418+0000][gc            ] GC(19) Pause Young (Normal) (G1 Evacuation Pause) 92M->49M(512M) 7.834ms
[2025-11-06T17:19:52.419+0000][gc,cpu        ] GC(19) User=0.02s Sys=0.00s Real=0.00s
[2025-11-06T17:19:52.696+0000][gc,start      ] GC(20) Pause Young (Normal) (G1 Evacuation Pause)
[2025-11-06T17:19:52.696+0000][gc,task       ] GC(20) Using 2 workers of 2 for evacuation
[2025-11-06T17:19:52.701+0000][gc,phases     ] GC(20)   Pre Evacuate Collection Set: 0.0ms
[2025-11-06T17:19:52.701+0000][gc,phases     ] GC(20)   Evacuate Collection Set: 3.7ms
[2025-11-06T17:19:52.702+0000][gc,phases     ] GC(20)   Post Evacuate Collection Set: 0.7ms
[2025-11-06T17:19:52.702+0000][gc,phases     ] GC(20)   Other: 0.6ms
[2025-11-06T17:19:52.702+0000][gc,heap       ] GC(20) Eden regions: 47->0(52)
[2025-11-06T17:19:52.702+0000][gc,heap       ] GC(20) Survivor regions: 2->2(7)
[2025-11-06T17:19:52.702+0000][gc,heap       ] GC(20) Old regions: 12->12
[2025-11-06T17:19:52.703+0000][gc,heap       ] GC(20) Humongous regions: 36->36
[2025-11-06T17:19:52.703+0000][gc,metaspace  ] GC(20) Metaspace: 43688K(45104K)->43688K(45104K) NonClass: 39009K(39856K)->39009K(39856K) Class: 4678K(5248K)->4678K(5248K)
[2025-11-06T17:19:52.703+0000][gc            ] GC(20) Pause Young (Normal) (G1 Evacuation Pause) 96M->49M(512M) 7.128ms
[2025-11-06T17:19:52.703+0000][gc,cpu        ] GC(20) User=0.01s Sys=0.00s Real=0.01s
[2025-11-06T17:19:52.909+0000][gc,start      ] GC(21) Pause Young (Normal) (G1 Evacuation Pause)
[2025-11-06T17:19:52.909+0000][gc,task       ] GC(21) Using 2 workers of 2 for evacuation
[2025-11-06T17:19:52.915+0000][gc,phases     ] GC(21)   Pre Evacuate Collection Set: 0.0ms
[2025-11-06T17:19:52.915+0000][gc,phases     ] GC(21)   Evacuate Collection Set: 4.3ms
[2025-11-06T17:19:52.915+0000][gc,phases     ] GC(21)   Post Evacuate Collection Set: 0.9ms
[2025-11-06T17:19:52.915+0000][gc,phases     ] GC(21)   Other: 0.8ms
[2025-11-06T17:19:52.916+0000][gc,heap       ] GC(21) Eden regions: 52->0(57)
[2025-11-06T17:19:52.916+0000][gc,heap       ] GC(21) Survivor regions: 2->2(7)
[2025-11-06T17:19:52.916+0000][gc,heap       ] GC(21) Old regions: 12->12
[2025-11-06T17:19:52.916+0000][gc,heap       ] GC(21) Humongous regions: 36->36
[2025-11-06T17:19:52.917+0000][gc,metaspace  ] GC(21) Metaspace: 43689K(45104K)->43689K(45104K) NonClass: 39010K(39856K)->39010K(39856K) Class: 4678K(5248K)->4678K(5248K)
[2025-11-06T17:19:52.917+0000][gc            ] GC(21) Pause Young (Normal) (G1 Evacuation Pause) 101M->49M(512M) 8.415ms
[2025-11-06T17:19:52.917+0000][gc,cpu        ] GC(21) User=0.02s Sys=0.00s Real=0.01s
[2025-11-06T17:19:53.201+0000][gc,start      ] GC(22) Pause Young (Normal) (G1 Evacuation Pause)
[2025-11-06T17:19:53.201+0000][gc,task       ] GC(22) Using 2 workers of 2 for evacuation
[2025-11-06T17:19:53.212+0000][gc,phases     ] GC(22)   Pre Evacuate Collection Set: 0.0ms
[2025-11-06T17:19:53.212+0000][gc,phases     ] GC(22)   Evacuate Collection Set: 5.5ms
[2025-11-06T17:19:53.213+0000][gc,phases     ] GC(22)   Post Evacuate Collection Set: 4.5ms
[2025-11-06T17:19:53.213+0000][gc,phases     ] GC(22)   Other: 0.6ms
[2025-11-06T17:19:53.227+0000][gc,heap       ] GC(22) Eden regions: 57->0(305)
[2025-11-06T17:19:53.227+0000][gc,heap       ] GC(22) Survivor regions: 2->2(8)
[2025-11-06T17:19:53.228+0000][gc,heap       ] GC(22) Old regions: 12->12
[2025-11-06T17:19:53.231+0000][gc,heap       ] GC(22) Humongous regions: 54->54
[2025-11-06T17:19:53.232+0000][gc,metaspace  ] GC(22) Metaspace: 43813K(45232K)->43813K(45232K) NonClass: 39111K(39856K)->39111K(39856K) Class: 4701K(5376K)->4701K(5376K)
[2025-11-06T17:19:53.237+0000][gc            ] GC(22) Pause Young (Normal) (G1 Evacuation Pause) 124M->67M(512M) 30.924ms
[2025-11-06T17:19:53.240+0000][gc,cpu        ] GC(22) User=0.02s Sys=0.00s Real=0.04s
[2025-11-06T17:19:54.599+0000][gc,start      ] GC(23) Pause Young (Normal) (G1 Evacuation Pause)
[2025-11-06T17:19:54.600+0000][gc,task       ] GC(23) Using 2 workers of 2 for evacuation
[2025-11-06T17:19:54.612+0000][gc,phases     ] GC(23)   Pre Evacuate Collection Set: 0.0ms
[2025-11-06T17:19:54.613+0000][gc,phases     ] GC(23)   Evacuate Collection Set: 9.9ms
[2025-11-06T17:19:54.615+0000][gc,phases     ] GC(23)   Post Evacuate Collection Set: 1.6ms
[2025-11-06T17:19:54.615+0000][gc,phases     ] GC(23)   Other: 1.8ms
[2025-11-06T17:19:54.616+0000][gc,heap       ] GC(23) Eden regions: 305->0(305)
[2025-11-06T17:19:54.616+0000][gc,heap       ] GC(23) Survivor regions: 2->2(39)
[2025-11-06T17:19:54.616+0000][gc,heap       ] GC(23) Old regions: 12->12
[2025-11-06T17:19:54.617+0000][gc,heap       ] GC(23) Humongous regions: 63->54
[2025-11-06T17:19:54.617+0000][gc,metaspace  ] GC(23) Metaspace: 43855K(45488K)->43855K(45488K) NonClass: 39150K(40112K)->39150K(40112K) Class: 4705K(5376K)->4705K(5376K)
[2025-11-06T17:19:54.618+0000][gc            ] GC(23) Pause Young (Normal) (G1 Evacuation Pause) 381M->67M(512M) 18.743ms
[2025-11-06T17:19:54.618+0000][gc,cpu        ] GC(23) User=0.03s Sys=0.00s Real=0.02s
[2025-11-06T17:19:58.732+0000][gc,start      ] GC(24) Pause Young (Concurrent Start) (G1 Humongous Allocation)
[2025-11-06T17:19:58.732+0000][gc,task       ] GC(24) Using 2 workers of 2 for evacuation
[2025-11-06T17:19:58.758+0000][gc,mmu        ] GC(24) MMU target violated: 21.0ms (20.0ms/21.0ms)
[2025-11-06T17:19:58.759+0000][gc,phases     ] GC(24)   Pre Evacuate Collection Set: 0.2ms
[2025-11-06T17:19:58.760+0000][gc,phases     ] GC(24)   Evacuate Collection Set: 24.5ms
[2025-11-06T17:19:58.760+0000][gc,phases     ] GC(24)   Post Evacuate Collection Set: 1.2ms
[2025-11-06T17:19:58.763+0000][gc,phases     ] GC(24)   Other: 1.3ms
[2025-11-06T17:19:58.763+0000][gc,heap       ] GC(24) Eden regions: 231->0(242)
[2025-11-06T17:19:58.764+0000][gc,heap       ] GC(24) Survivor regions: 2->4(39)
[2025-11-06T17:19:58.764+0000][gc,heap       ] GC(24) Old regions: 12->12
[2025-11-06T17:19:58.765+0000][gc,heap       ] GC(24) Humongous regions: 60->27
[2025-11-06T17:19:58.768+0000][gc,metaspace  ] GC(24) Metaspace: 45116K(46640K)->45116K(46640K) NonClass: 40284K(41136K)->40284K(41136K) Class: 4831K(5504K)->4831K(5504K)
[2025-11-06T17:19:58.769+0000][gc            ] GC(24) Pause Young (Concurrent Start) (G1 Humongous Allocation) 304M->41M(512M) 36.879ms
[2025-11-06T17:19:58.769+0000][gc,cpu        ] GC(24) User=0.02s Sys=0.00s Real=0.03s
[2025-11-06T17:19:58.771+0000][gc            ] GC(25) Concurrent Cycle
[2025-11-06T17:19:58.776+0000][gc,marking    ] GC(25) Concurrent Clear Claimed Marks
[2025-11-06T17:19:58.777+0000][gc,marking    ] GC(25) Concurrent Clear Claimed Marks 0.632ms
[2025-11-06T17:19:58.777+0000][gc,marking    ] GC(25) Concurrent Scan Root Regions
[2025-11-06T17:19:58.794+0000][gc,marking    ] GC(25) Concurrent Scan Root Regions 16.687ms
[2025-11-06T17:19:58.794+0000][gc,marking    ] GC(25) Concurrent Mark (13.401s)
[2025-11-06T17:19:58.796+0000][gc,marking    ] GC(25) Concurrent Mark From Roots
[2025-11-06T17:19:58.798+0000][gc,task       ] GC(25) Using 1 workers of 1 for marking
[2025-11-06T17:19:58.904+0000][gc,marking    ] GC(25) Concurrent Mark From Roots 107.414ms
[2025-11-06T17:19:58.904+0000][gc,marking    ] GC(25) Concurrent Preclean
[2025-11-06T17:19:58.905+0000][gc,marking    ] GC(25) Concurrent Preclean 1.038ms
[2025-11-06T17:19:58.906+0000][gc,marking    ] GC(25) Concurrent Mark (13.401s, 13.513s) 112.126ms
[2025-11-06T17:19:58.907+0000][gc,start      ] GC(25) Pause Remark
[2025-11-06T17:19:58.927+0000][gc,stringtable] GC(25) Cleaned string and symbol table, strings: 13906 processed, 7 removed, symbols: 120161 processed, 9 removed
[2025-11-06T17:19:58.928+0000][gc,mmu        ] GC(25) MMU target violated: 20.5ms (20.0ms/21.0ms)
[2025-11-06T17:19:58.928+0000][gc            ] GC(25) Pause Remark 174M->174M(512M) 21.053ms
[2025-11-06T17:19:58.928+0000][gc,cpu        ] GC(25) User=0.03s Sys=0.00s Real=0.02s
[2025-11-06T17:19:58.929+0000][gc,marking    ] GC(25) Concurrent Rebuild Remembered Sets
[2025-11-06T17:19:58.977+0000][gc,marking    ] GC(25) Concurrent Rebuild Remembered Sets 47.802ms
[2025-11-06T17:19:58.977+0000][gc,start      ] GC(25) Pause Cleanup
[2025-11-06T17:19:58.978+0000][gc            ] GC(25) Pause Cleanup 174M->174M(512M) 0.642ms
[2025-11-06T17:19:58.978+0000][gc,cpu        ] GC(25) User=0.00s Sys=0.00s Real=0.00s
[2025-11-06T17:19:58.979+0000][gc,marking    ] GC(25) Concurrent Cleanup for Next Mark
[2025-11-06T17:19:58.982+0000][gc,marking    ] GC(25) Concurrent Cleanup for Next Mark 3.511ms
[2025-11-06T17:19:58.983+0000][gc            ] GC(25) Concurrent Cycle 212.328ms
[2025-11-06T17:20:00.377+0000][gc,start      ] GC(26) Pause Young (Concurrent Start) (G1 Humongous Allocation)
[2025-11-06T17:20:00.377+0000][gc,task       ] GC(26) Using 2 workers of 2 for evacuation
[2025-11-06T17:20:00.390+0000][gc,phases     ] GC(26)   Pre Evacuate Collection Set: 0.3ms
[2025-11-06T17:20:00.391+0000][gc,phases     ] GC(26)   Evacuate Collection Set: 11.3ms
[2025-11-06T17:20:00.391+0000][gc,phases     ] GC(26)   Post Evacuate Collection Set: 1.1ms
[2025-11-06T17:20:00.394+0000][gc,phases     ] GC(26)   Other: 1.2ms
[2025-11-06T17:20:00.396+0000][gc,heap       ] GC(26) Eden regions: 26->0(148)
[2025-11-06T17:20:00.396+0000][gc,heap       ] GC(26) Survivor regions: 4->5(7)
[2025-11-06T17:20:00.397+0000][gc,heap       ] GC(26) Old regions: 12->12
[2025-11-06T17:20:00.398+0000][gc,heap       ] GC(26) Humongous regions: 168->156
[2025-11-06T17:20:00.398+0000][gc,metaspace  ] GC(26) Metaspace: 47862K(49840K)->47862K(49840K) NonClass: 42419K(43440K)->42419K(43440K) Class: 5442K(6400K)->5442K(6400K)
[2025-11-06T17:20:00.398+0000][gc            ] GC(26) Pause Young (Concurrent Start) (G1 Humongous Allocation) 208M->172M(512M) 21.866ms
[2025-11-06T17:20:00.399+0000][gc,cpu        ] GC(26) User=0.03s Sys=0.00s Real=0.02s
[2025-11-06T17:20:00.399+0000][gc            ] GC(27) Concurrent Cycle
[2025-11-06T17:20:00.400+0000][gc,marking    ] GC(27) Concurrent Clear Claimed Marks
[2025-11-06T17:20:00.400+0000][gc,marking    ] GC(27) Concurrent Clear Claimed Marks 0.894ms
[2025-11-06T17:20:00.401+0000][gc,marking    ] GC(27) Concurrent Scan Root Regions
[2025-11-06T17:20:00.407+0000][gc,marking    ] GC(27) Concurrent Scan Root Regions 6.239ms
[2025-11-06T17:20:00.407+0000][gc,marking    ] GC(27) Concurrent Mark (15.014s)
[2025-11-06T17:20:00.408+0000][gc,marking    ] GC(27) Concurrent Mark From Roots
[2025-11-06T17:20:00.409+0000][gc,task       ] GC(27) Using 1 workers of 1 for marking
[2025-11-06T17:20:00.450+0000][gc,marking    ] GC(27) Concurrent Mark From Roots 41.617ms
[2025-11-06T17:20:00.450+0000][gc,marking    ] GC(27) Concurrent Preclean
[2025-11-06T17:20:00.496+0000][gc,marking    ] GC(27) Concurrent Preclean 45.522ms
[2025-11-06T17:20:00.498+0000][gc,marking    ] GC(27) Concurrent Mark (15.014s, 15.104s) 89.766ms
[2025-11-06T17:20:00.500+0000][gc,start      ] GC(27) Pause Remark
[2025-11-06T17:20:00.512+0000][gc,stringtable] GC(27) Cleaned string and symbol table, strings: 14701 processed, 1 removed, symbols: 122264 processed, 6 removed
[2025-11-06T17:20:00.513+0000][gc            ] GC(27) Pause Remark 206M->188M(512M) 13.257ms
[2025-11-06T17:20:00.515+0000][gc,cpu        ] GC(27) User=0.03s Sys=0.00s Real=0.02s
[2025-11-06T17:20:00.517+0000][gc,marking    ] GC(27) Concurrent Rebuild Remembered Sets
[2025-11-06T17:20:00.538+0000][gc,marking    ] GC(27) Concurrent Rebuild Remembered Sets 20.915ms
[2025-11-06T17:20:00.539+0000][gc,start      ] GC(27) Pause Cleanup
[2025-11-06T17:20:00.539+0000][gc            ] GC(27) Pause Cleanup 200M->200M(512M) 0.639ms
[2025-11-06T17:20:00.540+0000][gc,cpu        ] GC(27) User=0.00s Sys=0.00s Real=0.00s
[2025-11-06T17:20:00.540+0000][gc,marking    ] GC(27) Concurrent Cleanup for Next Mark
[2025-11-06T17:20:00.542+0000][gc,marking    ] GC(27) Concurrent Cleanup for Next Mark 1.559ms
[2025-11-06T17:20:00.542+0000][gc            ] GC(27) Concurrent Cycle 142.982ms
[2025-11-06T17:20:00.551+0000][gc,start      ] GC(28) Pause Young (Concurrent Start) (G1 Humongous Allocation)
[2025-11-06T17:20:00.551+0000][gc,task       ] GC(28) Using 2 workers of 2 for evacuation
[2025-11-06T17:20:00.563+0000][gc,phases     ] GC(28)   Pre Evacuate Collection Set: 0.2ms
[2025-11-06T17:20:00.563+0000][gc,phases     ] GC(28)   Evacuate Collection Set: 9.9ms
[2025-11-06T17:20:00.564+0000][gc,phases     ] GC(28)   Post Evacuate Collection Set: 1.1ms
[2025-11-06T17:20:00.564+0000][gc,phases     ] GC(28)   Other: 0.9ms
[2025-11-06T17:20:00.564+0000][gc,heap       ] GC(28) Eden regions: 5->0(20)
[2025-11-06T17:20:00.565+0000][gc,heap       ] GC(28) Survivor regions: 5->5(20)
[2025-11-06T17:20:00.565+0000][gc,heap       ] GC(28) Old regions: 12->12
[2025-11-06T17:20:00.565+0000][gc,heap       ] GC(28) Humongous regions: 180->138
[2025-11-06T17:20:00.566+0000][gc,metaspace  ] GC(28) Metaspace: 48008K(50096K)->48008K(50096K) NonClass: 42545K(43696K)->42545K(43696K) Class: 5462K(6400K)->5462K(6400K)
[2025-11-06T17:20:00.566+0000][gc            ] GC(28) Pause Young (Concurrent Start) (G1 Humongous Allocation) 200M->154M(512M) 14.993ms
[2025-11-06T17:20:00.566+0000][gc,cpu        ] GC(28) User=0.02s Sys=0.00s Real=0.01s
[2025-11-06T17:20:00.567+0000][gc            ] GC(29) Concurrent Cycle
[2025-11-06T17:20:00.567+0000][gc,marking    ] GC(29) Concurrent Clear Claimed Marks
[2025-11-06T17:20:00.567+0000][gc,marking    ] GC(29) Concurrent Clear Claimed Marks 0.450ms
[2025-11-06T17:20:00.567+0000][gc,marking    ] GC(29) Concurrent Scan Root Regions
[2025-11-06T17:20:00.602+0000][gc,marking    ] GC(29) Concurrent Scan Root Regions 34.403ms
[2025-11-06T17:20:00.602+0000][gc,marking    ] GC(29) Concurrent Mark (15.209s)
[2025-11-06T17:20:00.603+0000][gc,marking    ] GC(29) Concurrent Mark From Roots
[2025-11-06T17:20:00.603+0000][gc,task       ] GC(29) Using 1 workers of 1 for marking
[2025-11-06T17:20:00.648+0000][gc,marking    ] GC(29) Concurrent Mark From Roots 45.662ms
[2025-11-06T17:20:00.649+0000][gc,marking    ] GC(29) Concurrent Preclean
[2025-11-06T17:20:00.649+0000][gc,marking    ] GC(29) Concurrent Preclean 0.383ms
[2025-11-06T17:20:00.650+0000][gc,marking    ] GC(29) Concurrent Mark (15.209s, 15.257s) 47.587ms
[2025-11-06T17:20:00.651+0000][gc,start      ] GC(29) Pause Remark
[2025-11-06T17:20:00.703+0000][gc,stringtable] GC(29) Cleaned string and symbol table, strings: 14709 processed, 0 removed, symbols: 122258 processed, 0 removed
[2025-11-06T17:20:00.703+0000][gc,mmu        ] GC(29) MMU target violated: 21.0ms (20.0ms/21.0ms)
[2025-11-06T17:20:00.704+0000][gc            ] GC(29) Pause Remark 215M->215M(512M) 52.657ms
[2025-11-06T17:20:00.704+0000][gc,cpu        ] GC(29) User=0.03s Sys=0.00s Real=0.05s
[2025-11-06T17:20:00.704+0000][gc,marking    ] GC(29) Concurrent Rebuild Remembered Sets
[2025-11-06T17:20:00.723+0000][gc,marking    ] GC(29) Concurrent Rebuild Remembered Sets 18.665ms
[2025-11-06T17:20:00.725+0000][gc,start      ] GC(29) Pause Cleanup
[2025-11-06T17:20:00.726+0000][gc            ] GC(29) Pause Cleanup 236M->236M(512M) 0.788ms
[2025-11-06T17:20:00.726+0000][gc,cpu        ] GC(29) User=0.00s Sys=0.00s Real=0.00s
[2025-11-06T17:20:00.726+0000][gc,marking    ] GC(29) Concurrent Cleanup for Next Mark
[2025-11-06T17:20:00.728+0000][gc,marking    ] GC(29) Concurrent Cleanup for Next Mark 1.166ms
[2025-11-06T17:20:00.728+0000][gc            ] GC(29) Concurrent Cycle 161.434ms
[2025-11-06T17:20:00.730+0000][gc,start      ] GC(30) Pause Young (Concurrent Start) (G1 Humongous Allocation)
[2025-11-06T17:20:00.730+0000][gc,task       ] GC(30) Using 2 workers of 2 for evacuation
[2025-11-06T17:20:00.744+0000][gc,phases     ] GC(30)   Pre Evacuate Collection Set: 0.2ms
[2025-11-06T17:20:00.744+0000][gc,phases     ] GC(30)   Evacuate Collection Set: 11.5ms
[2025-11-06T17:20:00.744+0000][gc,phases     ] GC(30)   Post Evacuate Collection Set: 1.1ms
[2025-11-06T17:20:00.745+0000][gc,phases     ] GC(30)   Other: 0.8ms
[2025-11-06T17:20:00.745+0000][gc,heap       ] GC(30) Eden regions: 5->0(22)
[2025-11-06T17:20:00.745+0000][gc,heap       ] GC(30) Survivor regions: 5->3(4)
[2025-11-06T17:20:00.746+0000][gc,heap       ] GC(30) Old regions: 12->15
[2025-11-06T17:20:00.746+0000][gc,heap       ] GC(30) Humongous regions: 216->138
[2025-11-06T17:20:00.746+0000][gc,metaspace  ] GC(30) Metaspace: 48040K(50096K)->48040K(50096K) NonClass: 42578K(43696K)->42578K(43696K) Class: 5462K(6400K)->5462K(6400K)
[2025-11-06T17:20:00.746+0000][gc            ] GC(30) Pause Young (Concurrent Start) (G1 Humongous Allocation) 236M->154M(512M) 16.340ms
[2025-11-06T17:20:00.747+0000][gc,cpu        ] GC(30) User=0.02s Sys=0.00s Real=0.02s
[2025-11-06T17:20:00.747+0000][gc            ] GC(31) Concurrent Cycle
[2025-11-06T17:20:00.748+0000][gc,marking    ] GC(31) Concurrent Clear Claimed Marks
[2025-11-06T17:20:00.749+0000][gc,marking    ] GC(31) Concurrent Clear Claimed Marks 1.036ms
[2025-11-06T17:20:00.750+0000][gc,marking    ] GC(31) Concurrent Scan Root Regions
[2025-11-06T17:20:00.753+0000][gc,marking    ] GC(31) Concurrent Scan Root Regions 3.239ms
[2025-11-06T17:20:00.754+0000][gc,marking    ] GC(31) Concurrent Mark (15.360s)
[2025-11-06T17:20:00.754+0000][gc,marking    ] GC(31) Concurrent Mark From Roots
[2025-11-06T17:20:00.754+0000][gc,task       ] GC(31) Using 1 workers of 1 for marking
[2025-11-06T17:20:00.826+0000][gc,marking    ] GC(31) Concurrent Mark From Roots 71.913ms
[2025-11-06T17:20:00.826+0000][gc,marking    ] GC(31) Concurrent Preclean
[2025-11-06T17:20:00.827+0000][gc,marking    ] GC(31) Concurrent Preclean 0.386ms
[2025-11-06T17:20:00.827+0000][gc,marking    ] GC(31) Concurrent Mark (15.360s, 15.434s) 73.363ms
[2025-11-06T17:20:00.828+0000][gc,start      ] GC(31) Pause Remark
[2025-11-06T17:20:00.839+0000][gc,stringtable] GC(31) Cleaned string and symbol table, strings: 14714 processed, 0 removed, symbols: 122258 processed, 0 removed
[2025-11-06T17:20:00.840+0000][gc            ] GC(31) Pause Remark 237M->237M(512M) 12.213ms
[2025-11-06T17:20:00.840+0000][gc,cpu        ] GC(31) User=0.02s Sys=0.00s Real=0.02s
[2025-11-06T17:20:00.841+0000][gc,marking    ] GC(31) Concurrent Rebuild Remembered Sets
[2025-11-06T17:20:00.906+0000][gc,marking    ] GC(31) Concurrent Rebuild Remembered Sets 65.113ms
[2025-11-06T17:20:00.907+0000][gc,start      ] GC(31) Pause Cleanup
[2025-11-06T17:20:00.908+0000][gc            ] GC(31) Pause Cleanup 269M->269M(512M) 0.896ms
[2025-11-06T17:20:00.909+0000][gc,cpu        ] GC(31) User=0.00s Sys=0.00s Real=0.00s
[2025-11-06T17:20:00.909+0000][gc,marking    ] GC(31) Concurrent Cleanup for Next Mark
[2025-11-06T17:20:00.912+0000][gc,marking    ] GC(31) Concurrent Cleanup for Next Mark 2.358ms
[2025-11-06T17:20:00.913+0000][gc            ] GC(31) Concurrent Cycle 165.991ms
[2025-11-06T17:20:00.918+0000][gc,start      ] GC(32) Pause Young (Concurrent Start) (G1 Humongous Allocation)
[2025-11-06T17:20:00.918+0000][gc,task       ] GC(32) Using 2 workers of 2 for evacuation
[2025-11-06T17:20:00.929+0000][gc,phases     ] GC(32)   Pre Evacuate Collection Set: 0.6ms
[2025-11-06T17:20:00.930+0000][gc,phases     ] GC(32)   Evacuate Collection Set: 7.9ms
[2025-11-06T17:20:00.931+0000][gc,phases     ] GC(32)   Post Evacuate Collection Set: 1.3ms
[2025-11-06T17:20:00.932+0000][gc,phases     ] GC(32)   Other: 1.6ms
[2025-11-06T17:20:00.933+0000][gc,heap       ] GC(32) Eden regions: 7->0(22)
[2025-11-06T17:20:00.934+0000][gc,heap       ] GC(32) Survivor regions: 3->3(4)
[2025-11-06T17:20:00.935+0000][gc,heap       ] GC(32) Old regions: 15->15
[2025-11-06T17:20:00.956+0000][gc,heap       ] GC(32) Humongous regions: 252->138
[2025-11-06T17:20:00.960+0000][gc,metaspace  ] GC(32) Metaspace: 48067K(50096K)->48067K(50096K) NonClass: 42605K(43696K)->42605K(43696K) Class: 5462K(6400K)->5462K(6400K)
[2025-11-06T17:20:00.960+0000][gc            ] GC(32) Pause Young (Concurrent Start) (G1 Humongous Allocation) 275M->154M(512M) 42.972ms
[2025-11-06T17:20:00.961+0000][gc,cpu        ] GC(32) User=0.04s Sys=0.01s Real=0.05s
[2025-11-06T17:20:00.961+0000][gc            ] GC(33) Concurrent Cycle
[2025-11-06T17:20:00.962+0000][gc,marking    ] GC(33) Concurrent Clear Claimed Marks
[2025-11-06T17:20:00.963+0000][gc,marking    ] GC(33) Concurrent Clear Claimed Marks 1.142ms
[2025-11-06T17:20:00.964+0000][gc,marking    ] GC(33) Concurrent Scan Root Regions
[2025-11-06T17:20:00.967+0000][gc,marking    ] GC(33) Concurrent Scan Root Regions 3.297ms
[2025-11-06T17:20:00.968+0000][gc,marking    ] GC(33) Concurrent Mark (15.575s)
[2025-11-06T17:20:00.969+0000][gc,marking    ] GC(33) Concurrent Mark From Roots
[2025-11-06T17:20:00.970+0000][gc,task       ] GC(33) Using 1 workers of 1 for marking
[2025-11-06T17:20:01.022+0000][gc,marking    ] GC(33) Concurrent Mark From Roots 52.633ms
[2025-11-06T17:20:01.022+0000][gc,marking    ] GC(33) Concurrent Preclean
[2025-11-06T17:20:01.023+0000][gc,marking    ] GC(33) Concurrent Preclean 0.442ms
[2025-11-06T17:20:01.023+0000][gc,marking    ] GC(33) Concurrent Mark (15.575s, 15.630s) 55.010ms
[2025-11-06T17:20:01.024+0000][gc,start      ] GC(33) Pause Remark
[2025-11-06T17:20:01.037+0000][gc,stringtable] GC(33) Cleaned string and symbol table, strings: 14727 processed, 6 removed, symbols: 122258 processed, 0 removed
[2025-11-06T17:20:01.038+0000][gc            ] GC(33) Pause Remark 211M->211M(512M) 13.788ms
[2025-11-06T17:20:01.038+0000][gc,cpu        ] GC(33) User=0.02s Sys=0.00s Real=0.01s
[2025-11-06T17:20:01.039+0000][gc,marking    ] GC(33) Concurrent Rebuild Remembered Sets
[2025-11-06T17:20:01.061+0000][gc,marking    ] GC(33) Concurrent Rebuild Remembered Sets 21.961ms
[2025-11-06T17:20:01.062+0000][gc,start      ] GC(33) Pause Cleanup
[2025-11-06T17:20:01.062+0000][gc            ] GC(33) Pause Cleanup 211M->211M(512M) 0.554ms
[2025-11-06T17:20:01.062+0000][gc,cpu        ] GC(33) User=0.00s Sys=0.00s Real=0.00s
[2025-11-06T17:20:01.063+0000][gc,marking    ] GC(33) Concurrent Cleanup for Next Mark
[2025-11-06T17:20:01.064+0000][gc,marking    ] GC(33) Concurrent Cleanup for Next Mark 1.060ms
[2025-11-06T17:20:01.064+0000][gc            ] GC(33) Concurrent Cycle 102.698ms
[2025-11-06T17:20:49.911+0000][gc,start      ] GC(34) Pause Young (Normal) (G1 Evacuation Pause)
[2025-11-06T17:20:49.912+0000][gc,task       ] GC(34) Using 2 workers of 2 for evacuation
[2025-11-06T17:20:49.919+0000][gc,phases     ] GC(34)   Pre Evacuate Collection Set: 0.0ms
[2025-11-06T17:20:49.919+0000][gc,phases     ] GC(34)   Evacuate Collection Set: 6.0ms
[2025-11-06T17:20:49.919+0000][gc,phases     ] GC(34)   Post Evacuate Collection Set: 0.7ms
[2025-11-06T17:20:49.919+0000][gc,phases     ] GC(34)   Other: 0.8ms
[2025-11-06T17:20:49.919+0000][gc,heap       ] GC(34) Eden regions: 22->0(21)
[2025-11-06T17:20:49.920+0000][gc,heap       ] GC(34) Survivor regions: 3->4(4)
[2025-11-06T17:20:49.920+0000][gc,heap       ] GC(34) Old regions: 15->15
[2025-11-06T17:20:49.920+0000][gc,heap       ] GC(34) Humongous regions: 192->138
[2025-11-06T17:20:49.920+0000][gc,metaspace  ] GC(34) Metaspace: 50400K(52912K)->50400K(52912K) NonClass: 44610K(46000K)->44610K(46000K) Class: 5789K(6912K)->5789K(6912K)
[2025-11-06T17:20:49.920+0000][gc            ] GC(34) Pause Young (Normal) (G1 Evacuation Pause) 230M->156M(512M) 9.010ms
[2025-11-06T17:20:49.920+0000][gc,cpu        ] GC(34) User=0.01s Sys=0.01s Real=0.00s
[2025-11-06T17:22:00.824+0000][gc,start      ] GC(35) Pause Young (Normal) (G1 Evacuation Pause)
[2025-11-06T17:22:00.825+0000][gc,task       ] GC(35) Using 2 workers of 2 for evacuation
[2025-11-06T17:22:00.838+0000][gc,phases     ] GC(35)   Pre Evacuate Collection Set: 0.0ms
[2025-11-06T17:22:00.838+0000][gc,phases     ] GC(35)   Evacuate Collection Set: 11.8ms
[2025-11-06T17:22:00.838+0000][gc,phases     ] GC(35)   Post Evacuate Collection Set: 1.0ms
[2025-11-06T17:22:00.839+0000][gc,phases     ] GC(35)   Other: 0.9ms
[2025-11-06T17:22:00.839+0000][gc,heap       ] GC(35) Eden regions: 21->0(23)
[2025-11-06T17:22:00.839+0000][gc,heap       ] GC(35) Survivor regions: 4->4(4)
[2025-11-06T17:22:00.839+0000][gc,heap       ] GC(35) Old regions: 15->17
[2025-11-06T17:22:00.840+0000][gc,heap       ] GC(35) Humongous regions: 138->138
[2025-11-06T17:22:00.840+0000][gc,metaspace  ] GC(35) Metaspace: 50854K(53168K)->50854K(53168K) NonClass: 45040K(46256K)->45040K(46256K) Class: 5813K(6912K)->5813K(6912K)
[2025-11-06T17:22:00.840+0000][gc            ] GC(35) Pause Young (Normal) (G1 Evacuation Pause) 177M->158M(512M) 16.278ms
[2025-11-06T17:22:00.840+0000][gc,cpu        ] GC(35) User=0.04s Sys=0.00s Real=0.01s
[2025-11-06T17:23:27.206+0000][gc,start      ] GC(36) Pause Young (Normal) (G1 Evacuation Pause)
[2025-11-06T17:23:27.207+0000][gc,task       ] GC(36) Using 2 workers of 2 for evacuation
[2025-11-06T17:23:27.218+0000][gc,phases     ] GC(36)   Pre Evacuate Collection Set: 0.0ms
[2025-11-06T17:23:27.219+0000][gc,phases     ] GC(36)   Evacuate Collection Set: 9.9ms
[2025-11-06T17:23:27.219+0000][gc,phases     ] GC(36)   Post Evacuate Collection Set: 1.1ms
[2025-11-06T17:23:27.219+0000][gc,phases     ] GC(36)   Other: 1.1ms
[2025-11-06T17:23:27.219+0000][gc,heap       ] GC(36) Eden regions: 23->0(30)
[2025-11-06T17:23:27.220+0000][gc,heap       ] GC(36) Survivor regions: 4->3(4)
[2025-11-06T17:23:27.220+0000][gc,heap       ] GC(36) Old regions: 17->17
[2025-11-06T17:23:27.220+0000][gc,heap       ] GC(36) Humongous regions: 138->138
[2025-11-06T17:23:27.220+0000][gc,metaspace  ] GC(36) Metaspace: 51178K(53680K)->51178K(53680K) NonClass: 45358K(46768K)->45358K(46768K) Class: 5820K(6912K)->5820K(6912K)
[2025-11-06T17:23:27.221+0000][gc            ] GC(36) Pause Young (Normal) (G1 Evacuation Pause) 181M->158M(512M) 14.196ms
[2025-11-06T17:23:27.221+0000][gc,cpu        ] GC(36) User=0.02s Sys=0.00s Real=0.01s
[2025-11-06T17:25:21.704+0000][gc,start      ] GC(37) Pause Young (Normal) (G1 Evacuation Pause)
[2025-11-06T17:25:21.704+0000][gc,task       ] GC(37) Using 2 workers of 2 for evacuation
[2025-11-06T17:25:21.713+0000][gc,phases     ] GC(37)   Pre Evacuate Collection Set: 0.0ms
[2025-11-06T17:25:21.713+0000][gc,phases     ] GC(37)   Evacuate Collection Set: 6.8ms
[2025-11-06T17:25:21.713+0000][gc,phases     ] GC(37)   Post Evacuate Collection Set: 0.8ms
[2025-11-06T17:25:21.713+0000][gc,phases     ] GC(37)   Other: 1.1ms
[2025-11-06T17:25:21.714+0000][gc,heap       ] GC(37) Eden regions: 30->0(39)
[2025-11-06T17:25:21.714+0000][gc,heap       ] GC(37) Survivor regions: 3->4(5)
[2025-11-06T17:25:21.714+0000][gc,heap       ] GC(37) Old regions: 17->18
[2025-11-06T17:25:21.715+0000][gc,heap       ] GC(37) Humongous regions: 138->138
[2025-11-06T17:25:21.715+0000][gc,metaspace  ] GC(37) Metaspace: 51377K(53936K)->51377K(53936K) NonClass: 45557K(47024K)->45557K(47024K) Class: 5820K(6912K)->5820K(6912K)
[2025-11-06T17:25:21.715+0000][gc            ] GC(37) Pause Young (Normal) (G1 Evacuation Pause) 188M->159M(512M) 11.481ms
[2025-11-06T17:25:21.716+0000][gc,cpu        ] GC(37) User=0.01s Sys=0.00s Real=0.02s
[2025-11-06T17:27:57.731+0000][gc,start      ] GC(38) Pause Young (Normal) (G1 Evacuation Pause)
[2025-11-06T17:27:57.731+0000][gc,task       ] GC(38) Using 2 workers of 2 for evacuation
[2025-11-06T17:27:57.747+0000][gc,phases     ] GC(38)   Pre Evacuate Collection Set: 0.0ms
[2025-11-06T17:27:57.747+0000][gc,phases     ] GC(38)   Evacuate Collection Set: 13.4ms
[2025-11-06T17:27:57.747+0000][gc,phases     ] GC(38)   Post Evacuate Collection Set: 1.1ms
[2025-11-06T17:27:57.747+0000][gc,phases     ] GC(38)   Other: 1.0ms
[2025-11-06T17:27:57.748+0000][gc,heap       ] GC(38) Eden regions: 39->0(41)
[2025-11-06T17:27:57.748+0000][gc,heap       ] GC(38) Survivor regions: 4->6(6)
[2025-11-06T17:27:57.748+0000][gc,heap       ] GC(38) Old regions: 18->19
[2025-11-06T17:27:57.749+0000][gc,heap       ] GC(38) Humongous regions: 138->138
[2025-11-06T17:27:57.749+0000][gc,metaspace  ] GC(38) Metaspace: 51470K(53936K)->51470K(53936K) NonClass: 45648K(47024K)->45648K(47024K) Class: 5821K(6912K)->5821K(6912K)
[2025-11-06T17:27:57.749+0000][gc            ] GC(38) Pause Young (Normal) (G1 Evacuation Pause) 198M->162M(512M) 17.877ms
[2025-11-06T17:27:57.749+0000][gc,cpu        ] GC(38) User=0.03s Sys=0.00s Real=0.02s
[2025-11-06T17:30:42.180+0000][gc,start      ] GC(39) Pause Young (Normal) (G1 Evacuation Pause)
[2025-11-06T17:30:42.180+0000][gc,task       ] GC(39) Using 2 workers of 2 for evacuation
[2025-11-06T17:30:42.195+0000][gc,phases     ] GC(39)   Pre Evacuate Collection Set: 0.0ms
[2025-11-06T17:30:42.195+0000][gc,phases     ] GC(39)   Evacuate Collection Set: 12.4ms
[2025-11-06T17:30:42.195+0000][gc,phases     ] GC(39)   Post Evacuate Collection Set: 1.2ms
[2025-11-06T17:30:42.195+0000][gc,phases     ] GC(39)   Other: 1.1ms
[2025-11-06T17:30:42.195+0000][gc,heap       ] GC(39) Eden regions: 41->0(46)
[2025-11-06T17:30:42.196+0000][gc,heap       ] GC(39) Survivor regions: 6->3(6)
[2025-11-06T17:30:42.196+0000][gc,heap       ] GC(39) Old regions: 19->23
[2025-11-06T17:30:42.196+0000][gc,heap       ] GC(39) Humongous regions: 138->138
[2025-11-06T17:30:42.196+0000][gc,metaspace  ] GC(39) Metaspace: 51616K(54064K)->51616K(54064K) NonClass: 45762K(47024K)->45762K(47024K) Class: 5853K(7040K)->5853K(7040K)
[2025-11-06T17:30:42.197+0000][gc            ] GC(39) Pause Young (Normal) (G1 Evacuation Pause) 203M->163M(512M) 16.792ms
[2025-11-06T17:30:42.197+0000][gc,cpu        ] GC(39) User=0.03s Sys=0.00s Real=0.02s
[2025-11-06T17:33:56.278+0000][gc,start      ] GC(40) Pause Young (Normal) (G1 Evacuation Pause)
[2025-11-06T17:33:56.278+0000][gc,task       ] GC(40) Using 2 workers of 2 for evacuation
[2025-11-06T17:33:56.292+0000][gc,phases     ] GC(40)   Pre Evacuate Collection Set: 0.0ms
[2025-11-06T17:33:56.292+0000][gc,phases     ] GC(40)   Evacuate Collection Set: 12.6ms
[2025-11-06T17:33:56.293+0000][gc,phases     ] GC(40)   Post Evacuate Collection Set: 0.9ms
[2025-11-06T17:33:56.293+0000][gc,phases     ] GC(40)   Other: 0.7ms
[2025-11-06T17:33:56.293+0000][gc,heap       ] GC(40) Eden regions: 46->0(47)
[2025-11-06T17:33:56.293+0000][gc,heap       ] GC(40) Survivor regions: 3->7(7)
[2025-11-06T17:33:56.294+0000][gc,heap       ] GC(40) Old regions: 23->23
[2025-11-06T17:33:56.294+0000][gc,heap       ] GC(40) Humongous regions: 138->138
[2025-11-06T17:33:56.294+0000][gc,metaspace  ] GC(40) Metaspace: 51731K(54320K)->51731K(54320K) NonClass: 45877K(47280K)->45877K(47280K) Class: 5853K(7040K)->5853K(7040K)
[2025-11-06T17:33:56.295+0000][gc            ] GC(40) Pause Young (Normal) (G1 Evacuation Pause) 209M->166M(512M) 16.970ms
[2025-11-06T17:33:56.295+0000][gc,cpu        ] GC(40) User=0.02s Sys=0.00s Real=0.02s
[2025-11-06T17:37:14.359+0000][gc,start      ] GC(41) Pause Young (Normal) (G1 Evacuation Pause)
[2025-11-06T17:37:14.359+0000][gc,task       ] GC(41) Using 2 workers of 2 for evacuation
[2025-11-06T17:37:14.372+0000][gc,phases     ] GC(41)   Pre Evacuate Collection Set: 0.0ms
[2025-11-06T17:37:14.372+0000][gc,phases     ] GC(41)   Evacuate Collection Set: 11.8ms
[2025-11-06T17:37:14.373+0000][gc,phases     ] GC(41)   Post Evacuate Collection Set: 0.6ms
[2025-11-06T17:37:14.373+0000][gc,phases     ] GC(41)   Other: 1.1ms
[2025-11-06T17:37:14.373+0000][gc,heap       ] GC(41) Eden regions: 47->0(53)
[2025-11-06T17:37:14.373+0000][gc,heap       ] GC(41) Survivor regions: 7->4(7)
[2025-11-06T17:37:14.373+0000][gc,heap       ] GC(41) Old regions: 23->28
[2025-11-06T17:37:14.373+0000][gc,heap       ] GC(41) Humongous regions: 138->138
[2025-11-06T17:37:14.373+0000][gc,metaspace  ] GC(41) Metaspace: 51793K(54320K)->51793K(54320K) NonClass: 45939K(47280K)->45939K(47280K) Class: 5854K(7040K)->5854K(7040K)
[2025-11-06T17:37:14.373+0000][gc            ] GC(41) Pause Young (Normal) (G1 Evacuation Pause) 213M->169M(512M) 14.879ms
[2025-11-06T17:37:14.374+0000][gc,cpu        ] GC(41) User=0.02s Sys=0.00s Real=0.02s
[2025-11-06T17:40:59.230+0000][gc,start      ] GC(42) Pause Young (Normal) (G1 Evacuation Pause)
[2025-11-06T17:40:59.234+0000][gc,task       ] GC(42) Using 2 workers of 2 for evacuation
[2025-11-06T17:40:59.247+0000][gc,phases     ] GC(42)   Pre Evacuate Collection Set: 0.0ms
[2025-11-06T17:40:59.247+0000][gc,phases     ] GC(42)   Evacuate Collection Set: 11.8ms
[2025-11-06T17:40:59.247+0000][gc,phases     ] GC(42)   Post Evacuate Collection Set: 0.6ms
[2025-11-06T17:40:59.247+0000][gc,phases     ] GC(42)   Other: 3.8ms
[2025-11-06T17:40:59.247+0000][gc,heap       ] GC(42) Eden regions: 53->0(55)
[2025-11-06T17:40:59.247+0000][gc,heap       ] GC(42) Survivor regions: 4->8(8)
[2025-11-06T17:40:59.248+0000][gc,heap       ] GC(42) Old regions: 28->28
[2025-11-06T17:40:59.248+0000][gc,heap       ] GC(42) Humongous regions: 138->138
[2025-11-06T17:40:59.248+0000][gc,metaspace  ] GC(42) Metaspace: 51898K(54576K)->51898K(54576K) NonClass: 46044K(47536K)->46044K(47536K) Class: 5854K(7040K)->5854K(7040K)
[2025-11-06T17:40:59.248+0000][gc            ] GC(42) Pause Young (Normal) (G1 Evacuation Pause) 222M->173M(512M) 17.665ms
[2025-11-06T17:40:59.248+0000][gc,cpu        ] GC(42) User=0.03s Sys=0.00s Real=0.02s
[2025-11-06T17:44:51.686+0000][gc,start      ] GC(43) Pause Young (Normal) (G1 Evacuation Pause)
[2025-11-06T17:44:51.687+0000][gc,task       ] GC(43) Using 2 workers of 2 for evacuation
[2025-11-06T17:44:51.702+0000][gc,phases     ] GC(43)   Pre Evacuate Collection Set: 0.0ms
[2025-11-06T17:44:51.702+0000][gc,phases     ] GC(43)   Evacuate Collection Set: 14.1ms
[2025-11-06T17:44:51.702+0000][gc,phases     ] GC(43)   Post Evacuate Collection Set: 0.7ms
[2025-11-06T17:44:51.702+0000][gc,phases     ] GC(43)   Other: 1.2ms
[2025-11-06T17:44:51.702+0000][gc,heap       ] GC(43) Eden regions: 55->0(58)
[2025-11-06T17:44:51.703+0000][gc,heap       ] GC(43) Survivor regions: 8->6(8)
[2025-11-06T17:44:51.703+0000][gc,heap       ] GC(43) Old regions: 28->34
[2025-11-06T17:44:51.703+0000][gc,heap       ] GC(43) Humongous regions: 138->138
[2025-11-06T17:44:51.703+0000][gc,metaspace  ] GC(43) Metaspace: 51933K(54576K)->51933K(54576K) NonClass: 46079K(47536K)->46079K(47536K) Class: 5854K(7040K)->5854K(7040K)
[2025-11-06T17:44:51.703+0000][gc            ] GC(43) Pause Young (Normal) (G1 Evacuation Pause) 228M->177M(512M) 17.293ms
[2025-11-06T17:44:51.703+0000][gc,cpu        ] GC(43) User=0.03s Sys=0.00s Real=0.02s
[2025-11-06T17:48:36.676+0000][gc,start      ] GC(44) Pause Young (Normal) (G1 Evacuation Pause)
[2025-11-06T17:48:36.677+0000][gc,task       ] GC(44) Using 2 workers of 2 for evacuation
[2025-11-06T17:48:36.722+0000][gc,mmu        ] GC(44) MMU target violated: 21.0ms (20.0ms/21.0ms)
[2025-11-06T17:48:36.723+0000][gc,phases     ] GC(44)   Pre Evacuate Collection Set: 0.0ms
[2025-11-06T17:48:36.724+0000][gc,phases     ] GC(44)   Evacuate Collection Set: 41.9ms
[2025-11-06T17:48:36.725+0000][gc,phases     ] GC(44)   Post Evacuate Collection Set: 1.4ms
[2025-11-06T17:48:36.725+0000][gc,phases     ] GC(44)   Other: 4.0ms
[2025-11-06T17:48:36.726+0000][gc,heap       ] GC(44) Eden regions: 58->0(19)
[2025-11-06T17:48:36.727+0000][gc,heap       ] GC(44) Survivor regions: 6->6(8)
[2025-11-06T17:48:36.727+0000][gc,heap       ] GC(44) Old regions: 34->38
[2025-11-06T17:48:36.728+0000][gc,heap       ] GC(44) Humongous regions: 138->138
[2025-11-06T17:48:36.728+0000][gc,metaspace  ] GC(44) Metaspace: 52436K(55216K)->52436K(55216K) NonClass: 46445K(48048K)->46445K(48048K) Class: 5991K(7168K)->5991K(7168K)
[2025-11-06T17:48:36.729+0000][gc            ] GC(44) Pause Young (Normal) (G1 Evacuation Pause) 235M->180M(512M) 52.929ms
[2025-11-06T17:48:36.729+0000][gc,cpu        ] GC(44) User=0.09s Sys=0.00s Real=0.06s
[2025-11-06T17:49:20.627+0000][gc,start      ] GC(45) Pause Young (Normal) (G1 Evacuation Pause)
[2025-11-06T17:49:20.629+0000][gc,task       ] GC(45) Using 2 workers of 2 for evacuation
[2025-11-06T17:49:20.650+0000][gc,mmu        ] GC(45) MMU target violated: 21.0ms (20.0ms/21.0ms)
[2025-11-06T17:49:20.651+0000][gc,phases     ] GC(45)   Pre Evacuate Collection Set: 0.0ms
[2025-11-06T17:49:20.651+0000][gc,phases     ] GC(45)   Evacuate Collection Set: 19.6ms
[2025-11-06T17:49:20.651+0000][gc,phases     ] GC(45)   Post Evacuate Collection Set: 1.2ms
[2025-11-06T17:49:20.652+0000][gc,phases     ] GC(45)   Other: 2.6ms
[2025-11-06T17:49:20.652+0000][gc,heap       ] GC(45) Eden regions: 19->0(42)
[2025-11-06T17:49:20.653+0000][gc,heap       ] GC(45) Survivor regions: 6->2(4)
[2025-11-06T17:49:20.653+0000][gc,heap       ] GC(45) Old regions: 38->42
[2025-11-06T17:49:20.653+0000][gc,heap       ] GC(45) Humongous regions: 138->138
[2025-11-06T17:49:20.654+0000][gc,metaspace  ] GC(45) Metaspace: 52535K(55216K)->52535K(55216K) NonClass: 46539K(48048K)->46539K(48048K) Class: 5995K(7168K)->5995K(7168K)
[2025-11-06T17:49:20.654+0000][gc            ] GC(45) Pause Young (Normal) (G1 Evacuation Pause) 199M->181M(512M) 26.624ms
[2025-11-06T17:49:20.654+0000][gc,cpu        ] GC(45) User=0.04s Sys=0.00s Real=0.02s
[2025-11-06T17:49:23.970+0000][gc,start      ] GC(46) Pause Young (Concurrent Start) (G1 Evacuation Pause)
[2025-11-06T17:49:23.971+0000][gc,task       ] GC(46) Using 2 workers of 2 for evacuation
[2025-11-06T17:49:23.984+0000][gc,phases     ] GC(46)   Pre Evacuate Collection Set: 0.3ms
[2025-11-06T17:49:23.985+0000][gc,phases     ] GC(46)   Evacuate Collection Set: 10.9ms
[2025-11-06T17:49:23.985+0000][gc,phases     ] GC(46)   Post Evacuate Collection Set: 1.2ms
[2025-11-06T17:49:23.985+0000][gc,phases     ] GC(46)   Other: 1.6ms
[2025-11-06T17:49:23.986+0000][gc,heap       ] GC(46) Eden regions: 42->0(39)
[2025-11-06T17:49:23.986+0000][gc,heap       ] GC(46) Survivor regions: 2->3(6)
[2025-11-06T17:49:23.986+0000][gc,heap       ] GC(46) Old regions: 42->42
[2025-11-06T17:49:23.987+0000][gc,heap       ] GC(46) Humongous regions: 138->138
[2025-11-06T17:49:23.987+0000][gc,metaspace  ] GC(46) Metaspace: 52908K(55728K)->52908K(55728K) NonClass: 46912K(48560K)->46912K(48560K) Class: 5995K(7168K)->5995K(7168K)
[2025-11-06T17:49:23.988+0000][gc            ] GC(46) Pause Young (Concurrent Start) (G1 Evacuation Pause) 223M->182M(512M) 17.159ms
[2025-11-06T17:49:23.988+0000][gc,cpu        ] GC(46) User=0.02s Sys=0.00s Real=0.02s
[2025-11-06T17:49:23.988+0000][gc            ] GC(47) Concurrent Cycle
[2025-11-06T17:49:23.989+0000][gc,marking    ] GC(47) Concurrent Clear Claimed Marks
[2025-11-06T17:49:23.990+0000][gc,marking    ] GC(47) Concurrent Clear Claimed Marks 1.132ms
[2025-11-06T17:49:23.990+0000][gc,marking    ] GC(47) Concurrent Scan Root Regions
[2025-11-06T17:49:23.996+0000][gc,marking    ] GC(47) Concurrent Scan Root Regions 6.093ms
[2025-11-06T17:49:23.998+0000][gc,marking    ] GC(47) Concurrent Mark (1778.607s)
[2025-11-06T17:49:23.998+0000][gc,marking    ] GC(47) Concurrent Mark From Roots
[2025-11-06T17:49:23.998+0000][gc,task       ] GC(47) Using 1 workers of 1 for marking
[2025-11-06T17:49:24.068+0000][gc,marking    ] GC(47) Concurrent Mark From Roots 70.254ms
[2025-11-06T17:49:24.069+0000][gc,marking    ] GC(47) Concurrent Preclean
[2025-11-06T17:49:24.070+0000][gc,marking    ] GC(47) Concurrent Preclean 0.934ms
[2025-11-06T17:49:24.070+0000][gc,marking    ] GC(47) Concurrent Mark (1778.607s, 1778.680s) 72.362ms
[2025-11-06T17:49:24.071+0000][gc,start      ] GC(47) Pause Remark
[2025-11-06T17:49:24.115+0000][gc,stringtable] GC(47) Cleaned string and symbol table, strings: 16627 processed, 292 removed, symbols: 123682 processed, 3 removed
[2025-11-06T17:49:24.117+0000][gc,mmu        ] GC(47) MMU target violated: 21.0ms (20.0ms/21.0ms)
[2025-11-06T17:49:24.117+0000][gc            ] GC(47) Pause Remark 184M->184M(512M) 45.887ms
[2025-11-06T17:49:24.117+0000][gc,cpu        ] GC(47) User=0.06s Sys=0.00s Real=0.04s
[2025-11-06T17:49:24.118+0000][gc,marking    ] GC(47) Concurrent Rebuild Remembered Sets
[2025-11-06T17:49:24.155+0000][gc,marking    ] GC(47) Concurrent Rebuild Remembered Sets 36.993ms
[2025-11-06T17:49:24.156+0000][gc,start      ] GC(47) Pause Cleanup
[2025-11-06T17:49:24.157+0000][gc            ] GC(47) Pause Cleanup 184M->184M(512M) 0.760ms
[2025-11-06T17:49:24.157+0000][gc,cpu        ] GC(47) User=0.00s Sys=0.00s Real=0.00s
[2025-11-06T17:49:24.158+0000][gc,marking    ] GC(47) Concurrent Cleanup for Next Mark
[2025-11-06T17:49:24.159+0000][gc,marking    ] GC(47) Concurrent Cleanup for Next Mark 1.678ms
[2025-11-06T17:49:24.160+0000][gc            ] GC(47) Concurrent Cycle 171.600ms
[2025-11-06T17:49:25.282+0000][gc,start      ] GC(48) Pause Young (Normal) (G1 Evacuation Pause)
[2025-11-06T17:49:25.282+0000][gc,task       ] GC(48) Using 2 workers of 2 for evacuation
[2025-11-06T17:49:25.298+0000][gc,phases     ] GC(48)   Pre Evacuate Collection Set: 0.0ms
[2025-11-06T17:49:25.298+0000][gc,phases     ] GC(48)   Evacuate Collection Set: 11.0ms
[2025-11-06T17:49:25.298+0000][gc,phases     ] GC(48)   Post Evacuate Collection Set: 1.3ms
[2025-11-06T17:49:25.298+0000][gc,phases     ] GC(48)   Other: 3.3ms
[2025-11-06T17:49:25.299+0000][gc,heap       ] GC(48) Eden regions: 22->0(34)
[2025-11-06T17:49:25.299+0000][gc,heap       ] GC(48) Survivor regions: 3->2(4)
[2025-11-06T17:49:25.299+0000][gc,heap       ] GC(48) Old regions: 42->43
[2025-11-06T17:49:25.300+0000][gc,heap       ] GC(48) Humongous regions: 138->138
[2025-11-06T17:49:25.300+0000][gc,metaspace  ] GC(48) Metaspace: 52531K(55728K)->52531K(55728K) NonClass: 46671K(48560K)->46671K(48560K) Class: 5860K(7168K)->5860K(7168K)
[2025-11-06T17:49:25.300+0000][gc            ] GC(48) Pause Young (Normal) (G1 Evacuation Pause) 204M->182M(512M) 18.446ms
[2025-11-06T17:49:25.301+0000][gc,cpu        ] GC(48) User=0.02s Sys=0.00s Real=0.02s
[2025-11-06T17:49:59.100+0000][gc,start      ] GC(49) Pause Young (Concurrent Start) (G1 Evacuation Pause)
[2025-11-06T17:49:59.101+0000][gc,task       ] GC(49) Using 2 workers of 2 for evacuation
[2025-11-06T17:49:59.112+0000][gc,phases     ] GC(49)   Pre Evacuate Collection Set: 0.2ms
[2025-11-06T17:49:59.112+0000][gc,phases     ] GC(49)   Evacuate Collection Set: 9.5ms
[2025-11-06T17:49:59.113+0000][gc,phases     ] GC(49)   Post Evacuate Collection Set: 0.6ms
[2025-11-06T17:49:59.113+0000][gc,phases     ] GC(49)   Other: 1.6ms
[2025-11-06T17:49:59.113+0000][gc,heap       ] GC(49) Eden regions: 28->0(29)
[2025-11-06T17:49:59.113+0000][gc,heap       ] GC(49) Survivor regions: 2->4(4)
[2025-11-06T17:49:59.113+0000][gc,heap       ] GC(49) Old regions: 43->43
[2025-11-06T17:49:59.114+0000][gc,heap       ] GC(49) Humongous regions: 138->138
[2025-11-06T17:49:59.114+0000][gc,metaspace  ] GC(49) Metaspace: 52545K(55728K)->52545K(55728K) NonClass: 46684K(48560K)->46684K(48560K) Class: 5860K(7168K)->5860K(7168K)
[2025-11-06T17:49:59.114+0000][gc            ] GC(49) Pause Young (Concurrent Start) (G1 Evacuation Pause) 210M->184M(512M) 13.751ms
[2025-11-06T17:49:59.114+0000][gc,cpu        ] GC(49) User=0.02s Sys=0.00s Real=0.02s
[2025-11-06T17:49:59.115+0000][gc            ] GC(50) Concurrent Cycle
[2025-11-06T17:49:59.115+0000][gc,marking    ] GC(50) Concurrent Clear Claimed Marks
[2025-11-06T17:49:59.115+0000][gc,marking    ] GC(50) Concurrent Clear Claimed Marks 0.476ms
[2025-11-06T17:49:59.115+0000][gc,marking    ] GC(50) Concurrent Scan Root Regions
[2025-11-06T17:49:59.119+0000][gc,marking    ] GC(50) Concurrent Scan Root Regions 3.989ms
[2025-11-06T17:49:59.120+0000][gc,marking    ] GC(50) Concurrent Mark (1813.725s)
[2025-11-06T17:49:59.120+0000][gc,marking    ] GC(50) Concurrent Mark From Roots
[2025-11-06T17:49:59.120+0000][gc,task       ] GC(50) Using 1 workers of 1 for marking
[2025-11-06T17:49:59.166+0000][gc,marking    ] GC(50) Concurrent Mark From Roots 45.705ms
[2025-11-06T17:49:59.166+0000][gc,marking    ] GC(50) Concurrent Preclean
[2025-11-06T17:49:59.166+0000][gc,marking    ] GC(50) Concurrent Preclean 0.375ms
[2025-11-06T17:49:59.166+0000][gc,marking    ] GC(50) Concurrent Mark (1813.725s, 1813.772s) 46.716ms
[2025-11-06T17:49:59.167+0000][gc,start      ] GC(50) Pause Remark
[2025-11-06T17:49:59.187+0000][gc,stringtable] GC(50) Cleaned string and symbol table, strings: 16448 processed, 0 removed, symbols: 123680 processed, 83 removed
[2025-11-06T17:49:59.188+0000][gc,mmu        ] GC(50) MMU target violated: 20.7ms (20.0ms/21.0ms)
[2025-11-06T17:49:59.188+0000][gc            ] GC(50) Pause Remark 184M->184M(512M) 21.159ms
[2025-11-06T17:49:59.188+0000][gc,cpu        ] GC(50) User=0.04s Sys=0.00s Real=0.02s
[2025-11-06T17:49:59.189+0000][gc,marking    ] GC(50) Concurrent Rebuild Remembered Sets
[2025-11-06T17:49:59.210+0000][gc,marking    ] GC(50) Concurrent Rebuild Remembered Sets 21.024ms
[2025-11-06T17:49:59.210+0000][gc,start      ] GC(50) Pause Cleanup
[2025-11-06T17:49:59.211+0000][gc            ] GC(50) Pause Cleanup 184M->184M(512M) 0.446ms
[2025-11-06T17:49:59.211+0000][gc,cpu        ] GC(50) User=0.00s Sys=0.00s Real=0.00s
[2025-11-06T17:49:59.211+0000][gc,marking    ] GC(50) Concurrent Cleanup for Next Mark
[2025-11-06T17:49:59.212+0000][gc,marking    ] GC(50) Concurrent Cleanup for Next Mark 0.730ms
[2025-11-06T17:49:59.212+0000][gc            ] GC(50) Concurrent Cycle 97.515ms
[2025-11-06T17:50:50.862+0000][gc,start      ] GC(51) Pause Young (Normal) (G1 Evacuation Pause)
[2025-11-06T17:50:50.863+0000][gc,task       ] GC(51) Using 2 workers of 2 for evacuation
[2025-11-06T17:50:50.896+0000][gc,mmu        ] GC(51) MMU target violated: 21.0ms (20.0ms/21.0ms)
[2025-11-06T17:50:50.897+0000][gc,phases     ] GC(51)   Pre Evacuate Collection Set: 0.1ms
[2025-11-06T17:50:50.898+0000][gc,phases     ] GC(51)   Evacuate Collection Set: 31.0ms
[2025-11-06T17:50:50.898+0000][gc,phases     ] GC(51)   Post Evacuate Collection Set: 1.2ms
[2025-11-06T17:50:50.898+0000][gc,phases     ] GC(51)   Other: 3.1ms
[2025-11-06T17:50:50.899+0000][gc,heap       ] GC(51) Eden regions: 25->0(21)
[2025-11-06T17:50:50.899+0000][gc,heap       ] GC(51) Survivor regions: 4->4(4)
[2025-11-06T17:50:50.900+0000][gc,heap       ] GC(51) Old regions: 43->46
[2025-11-06T17:50:50.900+0000][gc,heap       ] GC(51) Humongous regions: 138->138
[2025-11-06T17:50:50.901+0000][gc,metaspace  ] GC(51) Metaspace: 52564K(55728K)->52564K(55728K) NonClass: 46705K(48560K)->46705K(48560K) Class: 5858K(7168K)->5858K(7168K)
[2025-11-06T17:50:50.901+0000][gc            ] GC(51) Pause Young (Normal) (G1 Evacuation Pause) 209M->186M(512M) 39.489ms
[2025-11-06T17:50:50.902+0000][gc,cpu        ] GC(51) User=0.06s Sys=0.00s Real=0.04s
[2025-11-06T17:51:35.069+0000][gc,start      ] GC(52) Pause Young (Concurrent Start) (G1 Evacuation Pause)
[2025-11-06T17:51:35.071+0000][gc,task       ] GC(52) Using 2 workers of 2 for evacuation
[2025-11-06T17:51:35.084+0000][gc,phases     ] GC(52)   Pre Evacuate Collection Set: 0.3ms
[2025-11-06T17:51:35.084+0000][gc,phases     ] GC(52)   Evacuate Collection Set: 10.8ms
[2025-11-06T17:51:35.085+0000][gc,phases     ] GC(52)   Post Evacuate Collection Set: 0.9ms
[2025-11-06T17:51:35.085+0000][gc,phases     ] GC(52)   Other: 2.6ms
[2025-11-06T17:51:35.085+0000][gc,heap       ] GC(52) Eden regions: 21->0(23)
[2025-11-06T17:51:35.085+0000][gc,heap       ] GC(52) Survivor regions: 4->3(4)
[2025-11-06T17:51:35.085+0000][gc,heap       ] GC(52) Old regions: 46->47
[2025-11-06T17:51:35.085+0000][gc,heap       ] GC(52) Humongous regions: 138->138
[2025-11-06T17:51:35.086+0000][gc,metaspace  ] GC(52) Metaspace: 52569K(55728K)->52569K(55728K) NonClass: 46711K(48560K)->46711K(48560K) Class: 5858K(7168K)->5858K(7168K)
[2025-11-06T17:51:35.086+0000][gc            ] GC(52) Pause Young (Concurrent Start) (G1 Evacuation Pause) 207M->187M(512M) 16.626ms
[2025-11-06T17:51:35.086+0000][gc,cpu        ] GC(52) User=0.03s Sys=0.00s Real=0.02s
[2025-11-06T17:51:35.086+0000][gc            ] GC(53) Concurrent Cycle
[2025-11-06T17:51:35.087+0000][gc,marking    ] GC(53) Concurrent Clear Claimed Marks
[2025-11-06T17:51:35.087+0000][gc,marking    ] GC(53) Concurrent Clear Claimed Marks 0.577ms
[2025-11-06T17:51:35.087+0000][gc,marking    ] GC(53) Concurrent Scan Root Regions
[2025-11-06T17:51:35.091+0000][gc,marking    ] GC(53) Concurrent Scan Root Regions 3.227ms
[2025-11-06T17:51:35.091+0000][gc,marking    ] GC(53) Concurrent Mark (1909.706s)
[2025-11-06T17:51:35.091+0000][gc,marking    ] GC(53) Concurrent Mark From Roots
[2025-11-06T17:51:35.091+0000][gc,task       ] GC(53) Using 1 workers of 1 for marking
[2025-11-06T17:51:35.136+0000][gc,marking    ] GC(53) Concurrent Mark From Roots 45.129ms
[2025-11-06T17:51:35.137+0000][gc,marking    ] GC(53) Concurrent Preclean
[2025-11-06T17:51:35.137+0000][gc,marking    ] GC(53) Concurrent Preclean 0.648ms
[2025-11-06T17:51:35.138+0000][gc,marking    ] GC(53) Concurrent Mark (1909.706s, 1909.753s) 46.756ms
[2025-11-06T17:51:35.138+0000][gc,start      ] GC(53) Pause Remark
[2025-11-06T17:51:35.151+0000][gc,stringtable] GC(53) Cleaned string and symbol table, strings: 16533 processed, 0 removed, symbols: 123597 processed, 1 removed
[2025-11-06T17:51:35.152+0000][gc            ] GC(53) Pause Remark 188M->188M(512M) 13.550ms
[2025-11-06T17:51:35.152+0000][gc,cpu        ] GC(53) User=0.02s Sys=0.00s Real=0.02s
[2025-11-06T17:51:35.153+0000][gc,marking    ] GC(53) Concurrent Rebuild Remembered Sets
[2025-11-06T17:51:35.178+0000][gc,marking    ] GC(53) Concurrent Rebuild Remembered Sets 25.029ms
[2025-11-06T17:51:35.179+0000][gc,start      ] GC(53) Pause Cleanup
[2025-11-06T17:51:35.179+0000][gc            ] GC(53) Pause Cleanup 188M->188M(512M) 0.507ms
[2025-11-06T17:51:35.179+0000][gc,cpu        ] GC(53) User=0.00s Sys=0.00s Real=0.00s
[2025-11-06T17:51:35.180+0000][gc,marking    ] GC(53) Concurrent Cleanup for Next Mark
[2025-11-06T17:51:35.180+0000][gc,marking    ] GC(53) Concurrent Cleanup for Next Mark 0.843ms
[2025-11-06T17:51:35.181+0000][gc            ] GC(53) Concurrent Cycle 94.134ms
[2025-11-06T17:52:21.496+0000][gc,start      ] GC(54) Pause Young (Prepare Mixed) (G1 Evacuation Pause)
[2025-11-06T17:52:21.498+0000][gc,task       ] GC(54) Using 2 workers of 2 for evacuation
[2025-11-06T17:52:21.524+0000][gc,mmu        ] GC(54) MMU target violated: 21.0ms (20.0ms/21.0ms)
[2025-11-06T17:52:21.526+0000][gc,phases     ] GC(54)   Pre Evacuate Collection Set: 0.0ms
[2025-11-06T17:52:21.526+0000][gc,phases     ] GC(54)   Evacuate Collection Set: 23.0ms
[2025-11-06T17:52:21.527+0000][gc,phases     ] GC(54)   Post Evacuate Collection Set: 1.8ms
[2025-11-06T17:52:21.528+0000][gc,phases     ] GC(54)   Other: 5.0ms
[2025-11-06T17:52:21.528+0000][gc,heap       ] GC(54) Eden regions: 22->0(22)
[2025-11-06T17:52:21.528+0000][gc,heap       ] GC(54) Survivor regions: 3->3(4)
[2025-11-06T17:52:21.529+0000][gc,heap       ] GC(54) Old regions: 47->49
[2025-11-06T17:52:21.529+0000][gc,heap       ] GC(54) Humongous regions: 138->138
[2025-11-06T17:52:21.531+0000][gc,metaspace  ] GC(54) Metaspace: 52576K(55728K)->52576K(55728K) NonClass: 46718K(48560K)->46718K(48560K) Class: 5858K(7168K)->5858K(7168K)
[2025-11-06T17:52:21.532+0000][gc            ] GC(54) Pause Young (Prepare Mixed) (G1 Evacuation Pause) 209M->189M(512M) 36.221ms
[2025-11-06T17:52:21.533+0000][gc,cpu        ] GC(54) User=0.05s Sys=0.00s Real=0.04s
[2025-11-06T17:53:08.676+0000][gc,start      ] GC(55) Pause Young (Mixed) (G1 Evacuation Pause)
[2025-11-06T17:53:08.676+0000][gc,task       ] GC(55) Using 2 workers of 2 for evacuation
[2025-11-06T17:53:08.692+0000][gc,phases     ] GC(55)   Pre Evacuate Collection Set: 0.0ms
[2025-11-06T17:53:08.692+0000][gc,phases     ] GC(55)   Evacuate Collection Set: 13.6ms
[2025-11-06T17:53:08.692+0000][gc,phases     ] GC(55)   Post Evacuate Collection Set: 1.1ms
[2025-11-06T17:53:08.693+0000][gc,phases     ] GC(55)   Other: 1.1ms
[2025-11-06T17:53:08.693+0000][gc,heap       ] GC(55) Eden regions: 22->0(22)
[2025-11-06T17:53:08.693+0000][gc,heap       ] GC(55) Survivor regions: 3->3(4)
[2025-11-06T17:53:08.693+0000][gc,heap       ] GC(55) Old regions: 49->48
[2025-11-06T17:53:08.694+0000][gc,heap       ] GC(55) Humongous regions: 138->138
[2025-11-06T17:53:08.694+0000][gc,metaspace  ] GC(55) Metaspace: 52581K(55728K)->52581K(55728K) NonClass: 46722K(48560K)->46722K(48560K) Class: 5858K(7168K)->5858K(7168K)
[2025-11-06T17:53:08.694+0000][gc            ] GC(55) Pause Young (Mixed) (G1 Evacuation Pause) 211M->188M(512M) 18.124ms
[2025-11-06T17:53:08.694+0000][gc,cpu        ] GC(55) User=0.03s Sys=0.00s Real=0.02s
[2025-11-06T17:53:54.964+0000][gc,start      ] GC(56) Pause Young (Concurrent Start) (G1 Evacuation Pause)
[2025-11-06T17:53:54.965+0000][gc,task       ] GC(56) Using 2 workers of 2 for evacuation
[2025-11-06T17:53:54.977+0000][gc,phases     ] GC(56)   Pre Evacuate Collection Set: 0.2ms
[2025-11-06T17:53:54.977+0000][gc,phases     ] GC(56)   Evacuate Collection Set: 10.9ms
[2025-11-06T17:53:54.978+0000][gc,phases     ] GC(56)   Post Evacuate Collection Set: 0.7ms
[2025-11-06T17:53:54.978+0000][gc,phases     ] GC(56)   Other: 1.3ms
[2025-11-06T17:53:54.978+0000][gc,heap       ] GC(56) Eden regions: 22->0(25)
[2025-11-06T17:53:54.978+0000][gc,heap       ] GC(56) Survivor regions: 3->3(4)
[2025-11-06T17:53:54.978+0000][gc,heap       ] GC(56) Old regions: 48->50
[2025-11-06T17:53:54.979+0000][gc,heap       ] GC(56) Humongous regions: 138->138
[2025-11-06T17:53:54.979+0000][gc,metaspace  ] GC(56) Metaspace: 52581K(55728K)->52581K(55728K) NonClass: 46722K(48560K)->46722K(48560K) Class: 5858K(7168K)->5858K(7168K)
[2025-11-06T17:53:54.979+0000][gc            ] GC(56) Pause Young (Concurrent Start) (G1 Evacuation Pause) 210M->189M(512M) 14.834ms
[2025-11-06T17:53:54.979+0000][gc,cpu        ] GC(56) User=0.02s Sys=0.00s Real=0.01s
[2025-11-06T17:53:54.979+0000][gc            ] GC(57) Concurrent Cycle
[2025-11-06T17:53:54.980+0000][gc,marking    ] GC(57) Concurrent Clear Claimed Marks
[2025-11-06T17:53:54.980+0000][gc,marking    ] GC(57) Concurrent Clear Claimed Marks 0.564ms
[2025-11-06T17:53:54.980+0000][gc,marking    ] GC(57) Concurrent Scan Root Regions
[2025-11-06T17:53:54.984+0000][gc,marking    ] GC(57) Concurrent Scan Root Regions 3.627ms
[2025-11-06T17:53:54.984+0000][gc,marking    ] GC(57) Concurrent Mark (2049.598s)
[2025-11-06T17:53:54.985+0000][gc,marking    ] GC(57) Concurrent Mark From Roots
[2025-11-06T17:53:54.985+0000][gc,task       ] GC(57) Using 1 workers of 1 for marking
[2025-11-06T17:53:55.025+0000][gc,marking    ] GC(57) Concurrent Mark From Roots 40.195ms
[2025-11-06T17:53:55.025+0000][gc,marking    ] GC(57) Concurrent Preclean
[2025-11-06T17:53:55.025+0000][gc,marking    ] GC(57) Concurrent Preclean 0.351ms
[2025-11-06T17:53:55.026+0000][gc,marking    ] GC(57) Concurrent Mark (2049.598s, 2049.640s) 41.288ms
[2025-11-06T17:53:55.026+0000][gc,start      ] GC(57) Pause Remark
[2025-11-06T17:53:55.040+0000][gc,stringtable] GC(57) Cleaned string and symbol table, strings: 16580 processed, 0 removed, symbols: 123596 processed, 0 removed
[2025-11-06T17:53:55.040+0000][gc            ] GC(57) Pause Remark 189M->189M(512M) 14.076ms
[2025-11-06T17:53:55.041+0000][gc,cpu        ] GC(57) User=0.02s Sys=0.00s Real=0.01s
[2025-11-06T17:53:55.041+0000][gc,marking    ] GC(57) Concurrent Rebuild Remembered Sets
[2025-11-06T17:53:55.067+0000][gc,marking    ] GC(57) Concurrent Rebuild Remembered Sets 25.686ms
[2025-11-06T17:53:55.068+0000][gc,start      ] GC(57) Pause Cleanup
[2025-11-06T17:53:55.068+0000][gc            ] GC(57) Pause Cleanup 189M->189M(512M) 0.749ms
[2025-11-06T17:53:55.069+0000][gc,cpu        ] GC(57) User=0.00s Sys=0.00s Real=0.00s
[2025-11-06T17:53:55.069+0000][gc,marking    ] GC(57) Concurrent Cleanup for Next Mark
[2025-11-06T17:53:55.070+0000][gc,marking    ] GC(57) Concurrent Cleanup for Next Mark 0.929ms
[2025-11-06T17:53:55.070+0000][gc            ] GC(57) Concurrent Cycle 90.968ms
[2025-11-06T17:54:41.917+0000][gc,start      ] GC(58) Pause Young (Prepare Mixed) (G1 Evacuation Pause)
[2025-11-06T17:54:41.917+0000][gc,task       ] GC(58) Using 2 workers of 2 for evacuation
[2025-11-06T17:54:41.927+0000][gc,phases     ] GC(58)   Pre Evacuate Collection Set: 0.0ms
[2025-11-06T17:54:41.928+0000][gc,phases     ] GC(58)   Evacuate Collection Set: 8.8ms
[2025-11-06T17:54:41.928+0000][gc,phases     ] GC(58)   Post Evacuate Collection Set: 1.5ms
[2025-11-06T17:54:41.928+0000][gc,phases     ] GC(58)   Other: 0.5ms
[2025-11-06T17:54:41.928+0000][gc,heap       ] GC(58) Eden regions: 22->0(22)
[2025-11-06T17:54:41.929+0000][gc,heap       ] GC(58) Survivor regions: 3->3(4)
[2025-11-06T17:54:41.929+0000][gc,heap       ] GC(58) Old regions: 50->51
[2025-11-06T17:54:41.929+0000][gc,heap       ] GC(58) Humongous regions: 138->138
[2025-11-06T17:54:41.930+0000][gc,metaspace  ] GC(58) Metaspace: 52598K(55728K)->52598K(55728K) NonClass: 46740K(48560K)->46740K(48560K) Class: 5858K(7168K)->5858K(7168K)
[2025-11-06T17:54:41.930+0000][gc            ] GC(58) Pause Young (Prepare Mixed) (G1 Evacuation Pause) 211M->190M(512M) 13.229ms
[2025-11-06T17:54:41.930+0000][gc,cpu        ] GC(58) User=0.02s Sys=0.00s Real=0.01s
[2025-11-06T17:55:27.937+0000][gc,start      ] GC(59) Pause Young (Mixed) (G1 Evacuation Pause)
[2025-11-06T17:55:27.937+0000][gc,task       ] GC(59) Using 2 workers of 2 for evacuation
[2025-11-06T17:55:27.946+0000][gc,phases     ] GC(59)   Pre Evacuate Collection Set: 0.0ms
[2025-11-06T17:55:27.947+0000][gc,phases     ] GC(59)   Evacuate Collection Set: 8.5ms
[2025-11-06T17:55:27.947+0000][gc,phases     ] GC(59)   Post Evacuate Collection Set: 0.7ms
[2025-11-06T17:55:27.947+0000][gc,phases     ] GC(59)   Other: 0.6ms
[2025-11-06T17:55:27.947+0000][gc,heap       ] GC(59) Eden regions: 22->0(34)
[2025-11-06T17:55:27.947+0000][gc,heap       ] GC(59) Survivor regions: 3->4(4)
[2025-11-06T17:55:27.947+0000][gc,heap       ] GC(59) Old regions: 51->47
[2025-11-06T17:55:27.948+0000][gc,heap       ] GC(59) Humongous regions: 138->138
[2025-11-06T17:55:27.948+0000][gc,metaspace  ] GC(59) Metaspace: 52600K(55728K)->52600K(55728K) NonClass: 46741K(48560K)->46741K(48560K) Class: 5858K(7168K)->5858K(7168K)
[2025-11-06T17:55:27.948+0000][gc            ] GC(59) Pause Young (Mixed) (G1 Evacuation Pause) 212M->188M(512M) 11.376ms
[2025-11-06T17:55:27.948+0000][gc,cpu        ] GC(59) User=0.02s Sys=0.00s Real=0.01s
[2025-11-06T17:56:41.407+0000][gc,start      ] GC(60) Pause Young (Concurrent Start) (G1 Evacuation Pause)
[2025-11-06T17:56:41.408+0000][gc,task       ] GC(60) Using 2 workers of 2 for evacuation
[2025-11-06T17:56:41.424+0000][gc,phases     ] GC(60)   Pre Evacuate Collection Set: 0.4ms
[2025-11-06T17:56:41.424+0000][gc,phases     ] GC(60)   Evacuate Collection Set: 13.9ms
[2025-11-06T17:56:41.424+0000][gc,phases     ] GC(60)   Post Evacuate Collection Set: 0.6ms
[2025-11-06T17:56:41.424+0000][gc,phases     ] GC(60)   Other: 1.7ms
[2025-11-06T17:56:41.425+0000][gc,heap       ] GC(60) Eden regions: 34->0(32)
[2025-11-06T17:56:41.425+0000][gc,heap       ] GC(60) Survivor regions: 4->5(5)
[2025-11-06T17:56:41.425+0000][gc,heap       ] GC(60) Old regions: 47->49
[2025-11-06T17:56:41.425+0000][gc,heap       ] GC(60) Humongous regions: 138->138
[2025-11-06T17:56:41.425+0000][gc,metaspace  ] GC(60) Metaspace: 52602K(55728K)->52602K(55728K) NonClass: 46743K(48560K)->46743K(48560K) Class: 5858K(7168K)->5858K(7168K)
[2025-11-06T17:56:41.425+0000][gc            ] GC(60) Pause Young (Concurrent Start) (G1 Evacuation Pause) 222M->191M(512M) 18.466ms
[2025-11-06T17:56:41.426+0000][gc,cpu        ] GC(60) User=0.03s Sys=0.00s Real=0.01s
[2025-11-06T17:56:41.426+0000][gc            ] GC(61) Concurrent Cycle
[2025-11-06T17:56:41.426+0000][gc,marking    ] GC(61) Concurrent Clear Claimed Marks
[2025-11-06T17:56:41.426+0000][gc,marking    ] GC(61) Concurrent Clear Claimed Marks 0.370ms
[2025-11-06T17:56:41.427+0000][gc,marking    ] GC(61) Concurrent Scan Root Regions
[2025-11-06T17:56:41.431+0000][gc,marking    ] GC(61) Concurrent Scan Root Regions 4.173ms
[2025-11-06T17:56:41.431+0000][gc,marking    ] GC(61) Concurrent Mark (2216.042s)
[2025-11-06T17:56:41.431+0000][gc,marking    ] GC(61) Concurrent Mark From Roots
[2025-11-06T17:56:41.431+0000][gc,task       ] GC(61) Using 1 workers of 1 for marking
[2025-11-06T17:56:41.463+0000][gc,marking    ] GC(61) Concurrent Mark From Roots 32.020ms
[2025-11-06T17:56:41.463+0000][gc,marking    ] GC(61) Concurrent Preclean
[2025-11-06T17:56:41.464+0000][gc,marking    ] GC(61) Concurrent Preclean 0.323ms
[2025-11-06T17:56:41.464+0000][gc,marking    ] GC(61) Concurrent Mark (2216.042s, 2216.075s) 32.887ms
[2025-11-06T17:56:41.464+0000][gc,start      ] GC(61) Pause Remark
[2025-11-06T17:56:41.475+0000][gc,stringtable] GC(61) Cleaned string and symbol table, strings: 16598 processed, 0 removed, symbols: 123597 processed, 1 removed
[2025-11-06T17:56:41.475+0000][gc            ] GC(61) Pause Remark 191M->191M(512M) 10.936ms
[2025-11-06T17:56:41.476+0000][gc,cpu        ] GC(61) User=0.02s Sys=0.00s Real=0.01s
[2025-11-06T17:56:41.476+0000][gc,marking    ] GC(61) Concurrent Rebuild Remembered Sets
[2025-11-06T17:56:41.496+0000][gc,marking    ] GC(61) Concurrent Rebuild Remembered Sets 20.455ms
[2025-11-06T17:56:41.497+0000][gc,start      ] GC(61) Pause Cleanup
[2025-11-06T17:56:41.497+0000][gc            ] GC(61) Pause Cleanup 191M->191M(512M) 0.484ms
[2025-11-06T17:56:41.498+0000][gc,cpu        ] GC(61) User=0.00s Sys=0.00s Real=0.00s
[2025-11-06T17:56:41.498+0000][gc,marking    ] GC(61) Concurrent Cleanup for Next Mark
[2025-11-06T17:56:41.499+0000][gc,marking    ] GC(61) Concurrent Cleanup for Next Mark 0.672ms
[2025-11-06T17:56:41.499+0000][gc            ] GC(61) Concurrent Cycle 72.924ms
[2025-11-06T17:57:24.093+0000][gc,start      ] GC(62) Pause Young (Prepare Mixed) (G1 Evacuation Pause)
[2025-11-06T17:57:24.094+0000][gc,task       ] GC(62) Using 2 workers of 2 for evacuation
[2025-11-06T17:57:24.107+0000][gc,phases     ] GC(62)   Pre Evacuate Collection Set: 0.0ms
[2025-11-06T17:57:24.107+0000][gc,phases     ] GC(62)   Evacuate Collection Set: 12.5ms
[2025-11-06T17:57:24.107+0000][gc,phases     ] GC(62)   Post Evacuate Collection Set: 0.6ms
[2025-11-06T17:57:24.108+0000][gc,phases     ] GC(62)   Other: 1.0ms
[2025-11-06T17:57:24.108+0000][gc,heap       ] GC(62) Eden regions: 20->0(22)
[2025-11-06T17:57:24.108+0000][gc,heap       ] GC(62) Survivor regions: 5->3(4)
[2025-11-06T17:57:24.108+0000][gc,heap       ] GC(62) Old regions: 49->52
[2025-11-06T17:57:24.108+0000][gc,heap       ] GC(62) Humongous regions: 138->138
[2025-11-06T17:57:24.108+0000][gc,metaspace  ] GC(62) Metaspace: 52603K(55728K)->52603K(55728K) NonClass: 46744K(48560K)->46744K(48560K) Class: 5858K(7168K)->5858K(7168K)
[2025-11-06T17:57:24.108+0000][gc            ] GC(62) Pause Young (Prepare Mixed) (G1 Evacuation Pause) 211M->192M(512M) 15.514ms
[2025-11-06T17:57:24.109+0000][gc,cpu        ] GC(62) User=0.03s Sys=0.00s Real=0.02s
[2025-11-06T17:58:11.268+0000][gc,start      ] GC(63) Pause Young (Mixed) (G1 Evacuation Pause)
[2025-11-06T17:58:11.269+0000][gc,task       ] GC(63) Using 2 workers of 2 for evacuation
[2025-11-06T17:58:11.280+0000][gc,phases     ] GC(63)   Pre Evacuate Collection Set: 0.0ms
[2025-11-06T17:58:11.280+0000][gc,phases     ] GC(63)   Evacuate Collection Set: 10.0ms
[2025-11-06T17:58:11.280+0000][gc,phases     ] GC(63)   Post Evacuate Collection Set: 0.8ms
[2025-11-06T17:58:11.281+0000][gc,phases     ] GC(63)   Other: 0.7ms
[2025-11-06T17:58:11.281+0000][gc,heap       ] GC(63) Eden regions: 22->0(35)
[2025-11-06T17:58:11.281+0000][gc,heap       ] GC(63) Survivor regions: 3->3(4)
[2025-11-06T17:58:11.281+0000][gc,heap       ] GC(63) Old regions: 52->49
[2025-11-06T17:58:11.282+0000][gc,heap       ] GC(63) Humongous regions: 138->138
[2025-11-06T17:58:11.282+0000][gc,metaspace  ] GC(63) Metaspace: 52603K(55728K)->52603K(55728K) NonClass: 46745K(48560K)->46745K(48560K) Class: 5858K(7168K)->5858K(7168K)
[2025-11-06T17:58:11.282+0000][gc            ] GC(63) Pause Young (Mixed) (G1 Evacuation Pause) 214M->189M(512M) 13.352ms
[2025-11-06T17:58:11.282+0000][gc,cpu        ] GC(63) User=0.02s Sys=0.00s Real=0.01s
[2025-11-06T17:59:15.316+0000][gc,start      ] GC(64) Pause Young (Concurrent Start) (G1 Evacuation Pause)
[2025-11-06T17:59:15.316+0000][gc,task       ] GC(64) Using 2 workers of 2 for evacuation
[2025-11-06T17:59:15.328+0000][gc,phases     ] GC(64)   Pre Evacuate Collection Set: 0.2ms
[2025-11-06T17:59:15.328+0000][gc,phases     ] GC(64)   Evacuate Collection Set: 10.0ms
[2025-11-06T17:59:15.329+0000][gc,phases     ] GC(64)   Post Evacuate Collection Set: 1.1ms
[2025-11-06T17:59:15.329+0000][gc,phases     ] GC(64)   Other: 1.2ms
[2025-11-06T17:59:15.329+0000][gc,heap       ] GC(64) Eden regions: 30->0(35)
[2025-11-06T17:59:15.329+0000][gc,heap       ] GC(64) Survivor regions: 3->5(5)
[2025-11-06T17:59:15.329+0000][gc,heap       ] GC(64) Old regions: 49->49
[2025-11-06T17:59:15.330+0000][gc,heap       ] GC(64) Humongous regions: 138->138
[2025-11-06T17:59:15.330+0000][gc,metaspace  ] GC(64) Metaspace: 52624K(55728K)->52624K(55728K) NonClass: 46765K(48560K)->46765K(48560K) Class: 5858K(7168K)->5858K(7168K)
[2025-11-06T17:59:15.330+0000][gc            ] GC(64) Pause Young (Concurrent Start) (G1 Evacuation Pause) 219M->191M(512M) 14.403ms
[2025-11-06T17:59:15.330+0000][gc,cpu        ] GC(64) User=0.02s Sys=0.00s Real=0.02s
[2025-11-06T17:59:15.331+0000][gc            ] GC(65) Concurrent Cycle
[2025-11-06T17:59:15.331+0000][gc,marking    ] GC(65) Concurrent Clear Claimed Marks
[2025-11-06T17:59:15.332+0000][gc,marking    ] GC(65) Concurrent Clear Claimed Marks 0.982ms
[2025-11-06T17:59:15.332+0000][gc,marking    ] GC(65) Concurrent Scan Root Regions
[2025-11-06T17:59:15.338+0000][gc,marking    ] GC(65) Concurrent Scan Root Regions 5.389ms
[2025-11-06T17:59:15.338+0000][gc,marking    ] GC(65) Concurrent Mark (2369.947s)
[2025-11-06T17:59:15.338+0000][gc,marking    ] GC(65) Concurrent Mark From Roots
[2025-11-06T17:59:15.339+0000][gc,task       ] GC(65) Using 1 workers of 1 for marking
[2025-11-06T17:59:15.375+0000][gc,marking    ] GC(65) Concurrent Mark From Roots 37.120ms
[2025-11-06T17:59:15.376+0000][gc,marking    ] GC(65) Concurrent Preclean
[2025-11-06T17:59:15.376+0000][gc,marking    ] GC(65) Concurrent Preclean 0.504ms
[2025-11-06T17:59:15.376+0000][gc,marking    ] GC(65) Concurrent Mark (2369.947s, 2369.985s) 38.436ms
[2025-11-06T17:59:15.377+0000][gc,start      ] GC(65) Pause Remark
[2025-11-06T17:59:15.392+0000][gc,stringtable] GC(65) Cleaned string and symbol table, strings: 16607 processed, 1 removed, symbols: 123596 processed, 0 removed
[2025-11-06T17:59:15.392+0000][gc            ] GC(65) Pause Remark 192M->192M(512M) 15.339ms
[2025-11-06T17:59:15.393+0000][gc,cpu        ] GC(65) User=0.03s Sys=0.00s Real=0.02s
[2025-11-06T17:59:15.393+0000][gc,marking    ] GC(65) Concurrent Rebuild Remembered Sets
[2025-11-06T17:59:15.415+0000][gc,marking    ] GC(65) Concurrent Rebuild Remembered Sets 22.141ms
[2025-11-06T17:59:15.416+0000][gc,start      ] GC(65) Pause Cleanup
[2025-11-06T17:59:15.416+0000][gc            ] GC(65) Pause Cleanup 192M->192M(512M) 0.461ms
[2025-11-06T17:59:15.416+0000][gc,cpu        ] GC(65) User=0.00s Sys=0.00s Real=0.00s
[2025-11-06T17:59:15.417+0000][gc,marking    ] GC(65) Concurrent Cleanup for Next Mark
[2025-11-06T17:59:15.418+0000][gc,marking    ] GC(65) Concurrent Cleanup for Next Mark 0.816ms
[2025-11-06T17:59:15.418+0000][gc            ] GC(65) Concurrent Cycle 87.311ms
[2025-11-06T18:00:18.738+0000][gc,start      ] GC(66) Pause Young (Prepare Mixed) (G1 Evacuation Pause)
[2025-11-06T18:00:18.739+0000][gc,task       ] GC(66) Using 2 workers of 2 for evacuation
[2025-11-06T18:00:18.768+0000][gc,mmu        ] GC(66) MMU target violated: 21.0ms (20.0ms/21.0ms)
[2025-11-06T18:00:18.769+0000][gc,phases     ] GC(66)   Pre Evacuate Collection Set: 0.1ms
[2025-11-06T18:00:18.769+0000][gc,phases     ] GC(66)   Evacuate Collection Set: 26.2ms
[2025-11-06T18:00:18.769+0000][gc,phases     ] GC(66)   Post Evacuate Collection Set: 2.1ms
[2025-11-06T18:00:18.770+0000][gc,phases     ] GC(66)   Other: 2.3ms
[2025-11-06T18:00:18.770+0000][gc,heap       ] GC(66) Eden regions: 30->0(23)
[2025-11-06T18:00:18.770+0000][gc,heap       ] GC(66) Survivor regions: 5->2(5)
[2025-11-06T18:00:18.771+0000][gc,heap       ] GC(66) Old regions: 49->52
[2025-11-06T18:00:18.771+0000][gc,heap       ] GC(66) Humongous regions: 138->138
[2025-11-06T18:00:18.772+0000][gc,metaspace  ] GC(66) Metaspace: 52648K(55728K)->52648K(55728K) NonClass: 46789K(48560K)->46789K(48560K) Class: 5858K(7168K)->5858K(7168K)
[2025-11-06T18:00:18.772+0000][gc            ] GC(66) Pause Young (Prepare Mixed) (G1 Evacuation Pause) 221M->192M(512M) 34.104ms
[2025-11-06T18:00:18.773+0000][gc,cpu        ] GC(66) User=0.06s Sys=0.00s Real=0.04s
[2025-11-06T18:01:08.639+0000][gc,start      ] GC(67) Pause Young (Mixed) (G1 Evacuation Pause)
[2025-11-06T18:01:08.640+0000][gc,task       ] GC(67) Using 2 workers of 2 for evacuation
[2025-11-06T18:01:08.651+0000][gc,phases     ] GC(67)   Pre Evacuate Collection Set: 0.0ms
[2025-11-06T18:01:08.651+0000][gc,phases     ] GC(67)   Evacuate Collection Set: 9.4ms
[2025-11-06T18:01:08.651+0000][gc,phases     ] GC(67)   Post Evacuate Collection Set: 0.7ms
[2025-11-06T18:01:08.651+0000][gc,phases     ] GC(67)   Other: 1.3ms
[2025-11-06T18:01:08.651+0000][gc,heap       ] GC(67) Eden regions: 23->0(29)
[2025-11-06T18:01:08.652+0000][gc,heap       ] GC(67) Survivor regions: 2->4(4)
[2025-11-06T18:01:08.652+0000][gc,heap       ] GC(67) Old regions: 52->48
[2025-11-06T18:01:08.652+0000][gc,heap       ] GC(67) Humongous regions: 138->138
[2025-11-06T18:01:08.652+0000][gc,metaspace  ] GC(67) Metaspace: 52659K(55728K)->52659K(55728K) NonClass: 46800K(48560K)->46800K(48560K) Class: 5858K(7168K)->5858K(7168K)
[2025-11-06T18:01:08.652+0000][gc            ] GC(67) Pause Young (Mixed) (G1 Evacuation Pause) 215M->188M(512M) 13.016ms
[2025-11-06T18:01:08.652+0000][gc,cpu        ] GC(67) User=0.02s Sys=0.00s Real=0.02s
[2025-11-06T18:02:10.985+0000][gc,start      ] GC(68) Pause Young (Concurrent Start) (G1 Evacuation Pause)
[2025-11-06T18:02:10.986+0000][gc,task       ] GC(68) Using 2 workers of 2 for evacuation
[2025-11-06T18:02:11.018+0000][gc,mmu        ] GC(68) MMU target violated: 21.0ms (20.0ms/21.0ms)
[2025-11-06T18:02:11.019+0000][gc,phases     ] GC(68)   Pre Evacuate Collection Set: 0.7ms
[2025-11-06T18:02:11.019+0000][gc,phases     ] GC(68)   Evacuate Collection Set: 29.2ms
[2025-11-06T18:02:11.020+0000][gc,phases     ] GC(68)   Post Evacuate Collection Set: 1.7ms
[2025-11-06T18:02:11.024+0000][gc,phases     ] GC(68)   Other: 2.7ms
[2025-11-06T18:02:11.025+0000][gc,heap       ] GC(68) Eden regions: 29->0(21)
[2025-11-06T18:02:11.025+0000][gc,heap       ] GC(68) Survivor regions: 4->4(5)
[2025-11-06T18:02:11.025+0000][gc,heap       ] GC(68) Old regions: 48->50
[2025-11-06T18:02:11.026+0000][gc,heap       ] GC(68) Humongous regions: 138->138
[2025-11-06T18:02:11.026+0000][gc,metaspace  ] GC(68) Metaspace: 52665K(55728K)->52665K(55728K) NonClass: 46806K(48560K)->46806K(48560K) Class: 5858K(7168K)->5858K(7168K)
[2025-11-06T18:02:11.026+0000][gc            ] GC(68) Pause Young (Concurrent Start) (G1 Evacuation Pause) 217M->191M(512M) 41.721ms
[2025-11-06T18:02:11.027+0000][gc,cpu        ] GC(68) User=0.06s Sys=0.00s Real=0.04s
[2025-11-06T18:02:11.028+0000][gc            ] GC(69) Concurrent Cycle
[2025-11-06T18:02:11.028+0000][gc,marking    ] GC(69) Concurrent Clear Claimed Marks
[2025-11-06T18:02:11.030+0000][gc,marking    ] GC(69) Concurrent Clear Claimed Marks 1.849ms
[2025-11-06T18:02:11.030+0000][gc,marking    ] GC(69) Concurrent Scan Root Regions
[2025-11-06T18:02:11.042+0000][gc,marking    ] GC(69) Concurrent Scan Root Regions 11.645ms
[2025-11-06T18:02:11.043+0000][gc,marking    ] GC(69) Concurrent Mark (2545.692s)
[2025-11-06T18:02:11.043+0000][gc,marking    ] GC(69) Concurrent Mark From Roots
[2025-11-06T18:02:11.043+0000][gc,task       ] GC(69) Using 1 workers of 1 for marking
[2025-11-06T18:02:11.125+0000][gc,marking    ] GC(69) Concurrent Mark From Roots 82.250ms
[2025-11-06T18:02:11.126+0000][gc,marking    ] GC(69) Concurrent Preclean
[2025-11-06T18:02:11.126+0000][gc,marking    ] GC(69) Concurrent Preclean 0.617ms
[2025-11-06T18:02:11.127+0000][gc,marking    ] GC(69) Concurrent Mark (2545.692s, 2545.775s) 83.790ms
[2025-11-06T18:02:11.127+0000][gc,start      ] GC(69) Pause Remark
[2025-11-06T18:02:11.150+0000][gc,stringtable] GC(69) Cleaned string and symbol table, strings: 16617 processed, 0 removed, symbols: 123597 processed, 1 removed
[2025-11-06T18:02:11.151+0000][gc,mmu        ] GC(69) MMU target violated: 21.0ms (20.0ms/21.0ms)
[2025-11-06T18:02:11.152+0000][gc            ] GC(69) Pause Remark 191M->191M(512M) 24.244ms
[2025-11-06T18:02:11.152+0000][gc,cpu        ] GC(69) User=0.05s Sys=0.00s Real=0.03s
[2025-11-06T18:02:11.153+0000][gc,marking    ] GC(69) Concurrent Rebuild Remembered Sets
[2025-11-06T18:02:11.205+0000][gc,marking    ] GC(69) Concurrent Rebuild Remembered Sets 52.055ms
[2025-11-06T18:02:11.207+0000][gc,start      ] GC(69) Pause Cleanup
[2025-11-06T18:02:11.208+0000][gc            ] GC(69) Pause Cleanup 191M->191M(512M) 0.973ms
[2025-11-06T18:02:11.209+0000][gc,cpu        ] GC(69) User=0.01s Sys=0.00s Real=0.01s
[2025-11-06T18:02:11.209+0000][gc,marking    ] GC(69) Concurrent Cleanup for Next Mark
[2025-11-06T18:02:11.211+0000][gc,marking    ] GC(69) Concurrent Cleanup for Next Mark 1.785ms
[2025-11-06T18:02:11.211+0000][gc            ] GC(69) Concurrent Cycle 183.746ms
[2025-11-06T18:02:55.627+0000][gc,start      ] GC(70) Pause Young (Prepare Mixed) (G1 Evacuation Pause)
[2025-11-06T18:02:55.627+0000][gc,task       ] GC(70) Using 2 workers of 2 for evacuation
[2025-11-06T18:02:55.642+0000][gc,phases     ] GC(70)   Pre Evacuate Collection Set: 0.0ms
[2025-11-06T18:02:55.643+0000][gc,phases     ] GC(70)   Evacuate Collection Set: 14.1ms
[2025-11-06T18:02:55.643+0000][gc,phases     ] GC(70)   Post Evacuate Collection Set: 0.9ms
[2025-11-06T18:02:55.643+0000][gc,phases     ] GC(70)   Other: 0.9ms
[2025-11-06T18:02:55.643+0000][gc,heap       ] GC(70) Eden regions: 21->0(23)
[2025-11-06T18:02:55.646+0000][gc,heap       ] GC(70) Survivor regions: 4->2(4)
[2025-11-06T18:02:55.647+0000][gc,heap       ] GC(70) Old regions: 50->53
[2025-11-06T18:02:55.647+0000][gc,heap       ] GC(70) Humongous regions: 138->138
[2025-11-06T18:02:55.647+0000][gc,metaspace  ] GC(70) Metaspace: 52676K(55728K)->52676K(55728K) NonClass: 46817K(48560K)->46817K(48560K) Class: 5858K(7168K)->5858K(7168K)
[2025-11-06T18:02:55.648+0000][gc            ] GC(70) Pause Young (Prepare Mixed) (G1 Evacuation Pause) 212M->191M(512M) 21.165ms
[2025-11-06T18:02:55.649+0000][gc,cpu        ] GC(70) User=0.03s Sys=0.00s Real=0.03s
[2025-11-06T18:03:44.691+0000][gc,start      ] GC(71) Pause Young (Mixed) (G1 Evacuation Pause)
[2025-11-06T18:03:44.691+0000][gc,task       ] GC(71) Using 2 workers of 2 for evacuation
[2025-11-06T18:03:44.708+0000][gc,phases     ] GC(71)   Pre Evacuate Collection Set: 0.1ms
[2025-11-06T18:03:44.708+0000][gc,phases     ] GC(71)   Evacuate Collection Set: 14.0ms
[2025-11-06T18:03:44.708+0000][gc,phases     ] GC(71)   Post Evacuate Collection Set: 1.3ms
[2025-11-06T18:03:44.708+0000][gc,phases     ] GC(71)   Other: 1.4ms
[2025-11-06T18:03:44.709+0000][gc,heap       ] GC(71) Eden regions: 23->0(22)
[2025-11-06T18:03:44.709+0000][gc,heap       ] GC(71) Survivor regions: 2->3(4)
[2025-11-06T18:03:44.710+0000][gc,heap       ] GC(71) Old regions: 53->48
[2025-11-06T18:03:44.710+0000][gc,heap       ] GC(71) Humongous regions: 138->138
[2025-11-06T18:03:44.710+0000][gc,metaspace  ] GC(71) Metaspace: 52685K(55728K)->52685K(55728K) NonClass: 46825K(48560K)->46825K(48560K) Class: 5859K(7168K)->5859K(7168K)
[2025-11-06T18:03:44.711+0000][gc            ] GC(71) Pause Young (Mixed) (G1 Evacuation Pause) 214M->188M(512M) 19.781ms
[2025-11-06T18:03:44.711+0000][gc,cpu        ] GC(71) User=0.03s Sys=0.00s Real=0.02s
[2025-11-06T18:04:31.279+0000][gc,start      ] GC(72) Pause Young (Concurrent Start) (G1 Evacuation Pause)
[2025-11-06T18:04:31.279+0000][gc,task       ] GC(72) Using 2 workers of 2 for evacuation
[2025-11-06T18:04:31.291+0000][gc,phases     ] GC(72)   Pre Evacuate Collection Set: 0.2ms
[2025-11-06T18:04:31.292+0000][gc,phases     ] GC(72)   Evacuate Collection Set: 10.7ms
[2025-11-06T18:04:31.293+0000][gc,phases     ] GC(72)   Post Evacuate Collection Set: 1.2ms
[2025-11-06T18:04:31.293+0000][gc,phases     ] GC(72)   Other: 0.5ms
[2025-11-06T18:04:31.294+0000][gc,heap       ] GC(72) Eden regions: 22->0(23)
[2025-11-06T18:04:31.294+0000][gc,heap       ] GC(72) Survivor regions: 3->3(4)
[2025-11-06T18:04:31.294+0000][gc,heap       ] GC(72) Old regions: 48->50
[2025-11-06T18:04:31.294+0000][gc,heap       ] GC(72) Humongous regions: 138->138
[2025-11-06T18:04:31.295+0000][gc,metaspace  ] GC(72) Metaspace: 52685K(55728K)->52685K(55728K) NonClass: 46826K(48560K)->46826K(48560K) Class: 5859K(7168K)->5859K(7168K)
[2025-11-06T18:04:31.296+0000][gc            ] GC(72) Pause Young (Concurrent Start) (G1 Evacuation Pause) 210M->190M(512M) 17.401ms
[2025-11-06T18:04:31.297+0000][gc,cpu        ] GC(72) User=0.03s Sys=0.00s Real=0.02s
[2025-11-06T18:04:31.297+0000][gc            ] GC(73) Concurrent Cycle
[2025-11-06T18:04:31.298+0000][gc,marking    ] GC(73) Concurrent Clear Claimed Marks
[2025-11-06T18:04:31.298+0000][gc,marking    ] GC(73) Concurrent Clear Claimed Marks 0.559ms
[2025-11-06T18:04:31.299+0000][gc,marking    ] GC(73) Concurrent Scan Root Regions
[2025-11-06T18:04:31.304+0000][gc,marking    ] GC(73) Concurrent Scan Root Regions 4.745ms
[2025-11-06T18:04:31.304+0000][gc,marking    ] GC(73) Concurrent Mark (2685.952s)
[2025-11-06T18:04:31.304+0000][gc,marking    ] GC(73) Concurrent Mark From Roots
[2025-11-06T18:04:31.305+0000][gc,task       ] GC(73) Using 1 workers of 1 for marking
[2025-11-06T18:04:31.362+0000][gc,marking    ] GC(73) Concurrent Mark From Roots 57.694ms
[2025-11-06T18:04:31.362+0000][gc,marking    ] GC(73) Concurrent Preclean
[2025-11-06T18:04:31.363+0000][gc,marking    ] GC(73) Concurrent Preclean 0.478ms
[2025-11-06T18:04:31.363+0000][gc,marking    ] GC(73) Concurrent Mark (2685.952s, 2686.011s) 59.174ms
[2025-11-06T18:04:31.364+0000][gc,start      ] GC(73) Pause Remark
[2025-11-06T18:04:31.382+0000][gc,stringtable] GC(73) Cleaned string and symbol table, strings: 16630 processed, 0 removed, symbols: 123604 processed, 0 removed
[2025-11-06T18:04:31.383+0000][gc            ] GC(73) Pause Remark 190M->190M(512M) 18.768ms
[2025-11-06T18:04:31.385+0000][gc,cpu        ] GC(73) User=0.04s Sys=0.00s Real=0.02s
[2025-11-06T18:04:31.386+0000][gc,marking    ] GC(73) Concurrent Rebuild Remembered Sets
[2025-11-06T18:04:31.426+0000][gc,marking    ] GC(73) Concurrent Rebuild Remembered Sets 39.863ms
[2025-11-06T18:04:31.427+0000][gc,start      ] GC(73) Pause Cleanup
[2025-11-06T18:04:31.431+0000][gc            ] GC(73) Pause Cleanup 190M->190M(512M) 3.829ms
[2025-11-06T18:04:31.431+0000][gc,cpu        ] GC(73) User=0.00s Sys=0.00s Real=0.01s
[2025-11-06T18:04:31.432+0000][gc,marking    ] GC(73) Concurrent Cleanup for Next Mark
[2025-11-06T18:04:31.437+0000][gc,marking    ] GC(73) Concurrent Cleanup for Next Mark 4.843ms
[2025-11-06T18:04:31.437+0000][gc            ] GC(73) Concurrent Cycle 139.963ms
[2025-11-06T18:05:20.370+0000][gc,start      ] GC(74) Pause Young (Prepare Mixed) (G1 Evacuation Pause)
[2025-11-06T18:05:20.370+0000][gc,task       ] GC(74) Using 2 workers of 2 for evacuation
[2025-11-06T18:05:20.380+0000][gc,phases     ] GC(74)   Pre Evacuate Collection Set: 0.0ms
[2025-11-06T18:05:20.380+0000][gc,phases     ] GC(74)   Evacuate Collection Set: 8.9ms
[2025-11-06T18:05:20.380+0000][gc,phases     ] GC(74)   Post Evacuate Collection Set: 0.5ms
[2025-11-06T18:05:20.380+0000][gc,phases     ] GC(74)   Other: 0.7ms
[2025-11-06T18:05:20.381+0000][gc,heap       ] GC(74) Eden regions: 23->0(21)
[2025-11-06T18:05:20.381+0000][gc,heap       ] GC(74) Survivor regions: 3->4(4)
[2025-11-06T18:05:20.381+0000][gc,heap       ] GC(74) Old regions: 50->51
[2025-11-06T18:05:20.381+0000][gc,heap       ] GC(74) Humongous regions: 138->138
[2025-11-06T18:05:20.381+0000][gc,metaspace  ] GC(74) Metaspace: 52686K(55728K)->52686K(55728K) NonClass: 46826K(48560K)->46826K(48560K) Class: 5859K(7168K)->5859K(7168K)
[2025-11-06T18:05:20.381+0000][gc            ] GC(74) Pause Young (Prepare Mixed) (G1 Evacuation Pause) 213M->192M(512M) 11.565ms
[2025-11-06T18:05:20.381+0000][gc,cpu        ] GC(74) User=0.02s Sys=0.00s Real=0.02s
[2025-11-06T18:06:05.382+0000][gc,start      ] GC(75) Pause Young (Mixed) (G1 Evacuation Pause)
[2025-11-06T18:06:05.382+0000][gc,task       ] GC(75) Using 2 workers of 2 for evacuation
[2025-11-06T18:06:05.395+0000][gc,phases     ] GC(75)   Pre Evacuate Collection Set: 0.0ms
[2025-11-06T18:06:05.395+0000][gc,phases     ] GC(75)   Evacuate Collection Set: 12.1ms
[2025-11-06T18:06:05.396+0000][gc,phases     ] GC(75)   Post Evacuate Collection Set: 0.7ms
[2025-11-06T18:06:05.396+0000][gc,phases     ] GC(75)   Other: 0.6ms
[2025-11-06T18:06:05.396+0000][gc,heap       ] GC(75) Eden regions: 21->0(26)
[2025-11-06T18:06:05.396+0000][gc,heap       ] GC(75) Survivor regions: 4->4(4)
[2025-11-06T18:06:05.396+0000][gc,heap       ] GC(75) Old regions: 51->48
[2025-11-06T18:06:05.397+0000][gc,heap       ] GC(75) Humongous regions: 138->138
[2025-11-06T18:06:05.397+0000][gc,metaspace  ] GC(75) Metaspace: 52690K(55728K)->52690K(55728K) NonClass: 46830K(48560K)->46830K(48560K) Class: 5859K(7168K)->5859K(7168K)
[2025-11-06T18:06:05.397+0000][gc            ] GC(75) Pause Young (Mixed) (G1 Evacuation Pause) 213M->189M(512M) 15.195ms
[2025-11-06T18:06:05.397+0000][gc,cpu        ] GC(75) User=0.02s Sys=0.00s Real=0.01s
[2025-11-06T18:07:01.825+0000][gc,start      ] GC(76) Pause Young (Concurrent Start) (G1 Evacuation Pause)
[2025-11-06T18:07:01.827+0000][gc,task       ] GC(76) Using 2 workers of 2 for evacuation
[2025-11-06T18:07:01.838+0000][gc,phases     ] GC(76)   Pre Evacuate Collection Set: 0.2ms
[2025-11-06T18:07:01.838+0000][gc,phases     ] GC(76)   Evacuate Collection Set: 9.5ms
[2025-11-06T18:07:01.838+0000][gc,phases     ] GC(76)   Post Evacuate Collection Set: 0.7ms
[2025-11-06T18:07:01.838+0000][gc,phases     ] GC(76)   Other: 1.8ms
[2025-11-06T18:07:01.839+0000][gc,heap       ] GC(76) Eden regions: 26->0(29)
[2025-11-06T18:07:01.839+0000][gc,heap       ] GC(76) Survivor regions: 4->2(4)
[2025-11-06T18:07:01.839+0000][gc,heap       ] GC(76) Old regions: 48->50
[2025-11-06T18:07:01.839+0000][gc,heap       ] GC(76) Humongous regions: 138->138
[2025-11-06T18:07:01.839+0000][gc,metaspace  ] GC(76) Metaspace: 52691K(55728K)->52691K(55728K) NonClass: 46831K(48560K)->46831K(48560K) Class: 5859K(7168K)->5859K(7168K)
[2025-11-06T18:07:01.839+0000][gc            ] GC(76) Pause Young (Concurrent Start) (G1 Evacuation Pause) 215M->189M(512M) 14.103ms
[2025-11-06T18:07:01.840+0000][gc,cpu        ] GC(76) User=0.02s Sys=0.00s Real=0.01s
[2025-11-06T18:07:01.840+0000][gc            ] GC(77) Concurrent Cycle
[2025-11-06T18:07:01.840+0000][gc,marking    ] GC(77) Concurrent Clear Claimed Marks
[2025-11-06T18:07:01.840+0000][gc,marking    ] GC(77) Concurrent Clear Claimed Marks 0.511ms
[2025-11-06T18:07:01.841+0000][gc,marking    ] GC(77) Concurrent Scan Root Regions
[2025-11-06T18:07:01.843+0000][gc,marking    ] GC(77) Concurrent Scan Root Regions 2.898ms
[2025-11-06T18:07:01.844+0000][gc,marking    ] GC(77) Concurrent Mark (2836.490s)
[2025-11-06T18:07:01.844+0000][gc,marking    ] GC(77) Concurrent Mark From Roots
[2025-11-06T18:07:01.844+0000][gc,task       ] GC(77) Using 1 workers of 1 for marking
[2025-11-06T18:07:01.881+0000][gc,marking    ] GC(77) Concurrent Mark From Roots 36.689ms
[2025-11-06T18:07:01.881+0000][gc,marking    ] GC(77) Concurrent Preclean
[2025-11-06T18:07:01.881+0000][gc,marking    ] GC(77) Concurrent Preclean 0.273ms
[2025-11-06T18:07:01.881+0000][gc,marking    ] GC(77) Concurrent Mark (2836.490s, 2836.528s) 37.517ms
[2025-11-06T18:07:01.882+0000][gc,start      ] GC(77) Pause Remark
[2025-11-06T18:07:01.893+0000][gc,stringtable] GC(77) Cleaned string and symbol table, strings: 16662 processed, 0 removed, symbols: 123604 processed, 0 removed
[2025-11-06T18:07:01.894+0000][gc            ] GC(77) Pause Remark 189M->189M(512M) 12.097ms
[2025-11-06T18:07:01.894+0000][gc,cpu        ] GC(77) User=0.02s Sys=0.00s Real=0.01s
[2025-11-06T18:07:01.895+0000][gc,marking    ] GC(77) Concurrent Rebuild Remembered Sets
[2025-11-06T18:07:01.918+0000][gc,marking    ] GC(77) Concurrent Rebuild Remembered Sets 23.074ms
[2025-11-06T18:07:01.919+0000][gc,start      ] GC(77) Pause Cleanup
[2025-11-06T18:07:01.919+0000][gc            ] GC(77) Pause Cleanup 190M->190M(512M) 0.461ms
[2025-11-06T18:07:01.919+0000][gc,cpu        ] GC(77) User=0.00s Sys=0.00s Real=0.00s
[2025-11-06T18:07:01.920+0000][gc,marking    ] GC(77) Concurrent Cleanup for Next Mark
[2025-11-06T18:07:01.920+0000][gc,marking    ] GC(77) Concurrent Cleanup for Next Mark 0.855ms
[2025-11-06T18:07:01.921+0000][gc            ] GC(77) Concurrent Cycle 80.800ms
[2025-11-06T18:08:05.450+0000][gc,start      ] GC(78) Pause Young (Prepare Mixed) (G1 Evacuation Pause)
[2025-11-06T18:08:05.450+0000][gc,task       ] GC(78) Using 2 workers of 2 for evacuation
[2025-11-06T18:08:05.460+0000][gc,phases     ] GC(78)   Pre Evacuate Collection Set: 0.0ms
[2025-11-06T18:08:05.460+0000][gc,phases     ] GC(78)   Evacuate Collection Set: 7.9ms
[2025-11-06T18:08:05.460+0000][gc,phases     ] GC(78)   Post Evacuate Collection Set: 0.6ms
[2025-11-06T18:08:05.460+0000][gc,phases     ] GC(78)   Other: 1.3ms
[2025-11-06T18:08:05.460+0000][gc,heap       ] GC(78) Eden regions: 29->0(21)
[2025-11-06T18:08:05.460+0000][gc,heap       ] GC(78) Survivor regions: 2->4(4)
[2025-11-06T18:08:05.461+0000][gc,heap       ] GC(78) Old regions: 50->50
[2025-11-06T18:08:05.461+0000][gc,heap       ] GC(78) Humongous regions: 138->138
[2025-11-06T18:08:05.461+0000][gc,metaspace  ] GC(78) Metaspace: 52691K(55728K)->52691K(55728K) NonClass: 46831K(48560K)->46831K(48560K) Class: 5859K(7168K)->5859K(7168K)
[2025-11-06T18:08:05.461+0000][gc            ] GC(78) Pause Young (Prepare Mixed) (G1 Evacuation Pause) 218M->191M(512M) 11.351ms
[2025-11-06T18:08:05.461+0000][gc,cpu        ] GC(78) User=0.02s Sys=0.00s Real=0.01s
[2025-11-06T18:08:50.902+0000][gc,start      ] GC(79) Pause Young (Mixed) (G1 Evacuation Pause)
[2025-11-06T18:08:50.902+0000][gc,task       ] GC(79) Using 2 workers of 2 for evacuation
[2025-11-06T18:08:50.923+0000][gc,mmu        ] GC(79) MMU target violated: 20.4ms (20.0ms/21.0ms)
[2025-11-06T18:08:50.923+0000][gc,phases     ] GC(79)   Pre Evacuate Collection Set: 0.0ms
[2025-11-06T18:08:50.924+0000][gc,phases     ] GC(79)   Evacuate Collection Set: 19.3ms
[2025-11-06T18:08:50.924+0000][gc,phases     ] GC(79)   Post Evacuate Collection Set: 1.0ms
[2025-11-06T18:08:50.924+0000][gc,phases     ] GC(79)   Other: 1.1ms
[2025-11-06T18:08:50.924+0000][gc,heap       ] GC(79) Eden regions: 21->0(28)
[2025-11-06T18:08:50.924+0000][gc,heap       ] GC(79) Survivor regions: 4->2(4)
[2025-11-06T18:08:50.924+0000][gc,heap       ] GC(79) Old regions: 50->49
[2025-11-06T18:08:50.925+0000][gc,heap       ] GC(79) Humongous regions: 138->138
[2025-11-06T18:08:50.925+0000][gc,metaspace  ] GC(79) Metaspace: 52694K(55728K)->52694K(55728K) NonClass: 46834K(48560K)->46834K(48560K) Class: 5859K(7168K)->5859K(7168K)
[2025-11-06T18:08:50.925+0000][gc            ] GC(79) Pause Young (Mixed) (G1 Evacuation Pause) 212M->188M(512M) 22.928ms
[2025-11-06T18:08:50.925+0000][gc,cpu        ] GC(79) User=0.04s Sys=0.00s Real=0.02s
[2025-11-06T18:09:52.008+0000][gc,start      ] GC(80) Pause Young (Concurrent Start) (G1 Evacuation Pause)
[2025-11-06T18:09:52.009+0000][gc,task       ] GC(80) Using 2 workers of 2 for evacuation
[2025-11-06T18:09:52.018+0000][gc,phases     ] GC(80)   Pre Evacuate Collection Set: 0.2ms
[2025-11-06T18:09:52.018+0000][gc,phases     ] GC(80)   Evacuate Collection Set: 7.8ms
[2025-11-06T18:09:52.018+0000][gc,phases     ] GC(80)   Post Evacuate Collection Set: 0.7ms
[2025-11-06T18:09:52.018+0000][gc,phases     ] GC(80)   Other: 0.5ms
[2025-11-06T18:09:52.018+0000][gc,heap       ] GC(80) Eden regions: 28->0(28)
[2025-11-06T18:09:52.018+0000][gc,heap       ] GC(80) Survivor regions: 2->4(4)
[2025-11-06T18:09:52.018+0000][gc,heap       ] GC(80) Old regions: 49->49
[2025-11-06T18:09:52.019+0000][gc,heap       ] GC(80) Humongous regions: 138->138
[2025-11-06T18:09:52.019+0000][gc,metaspace  ] GC(80) Metaspace: 52696K(55728K)->52696K(55728K) NonClass: 46836K(48560K)->46836K(48560K) Class: 5859K(7168K)->5859K(7168K)
[2025-11-06T18:09:52.019+0000][gc            ] GC(80) Pause Young (Concurrent Start) (G1 Evacuation Pause) 216M->190M(512M) 10.395ms
[2025-11-06T18:09:52.019+0000][gc,cpu        ] GC(80) User=0.02s Sys=0.00s Real=0.01s
[2025-11-06T18:09:52.019+0000][gc            ] GC(81) Concurrent Cycle
[2025-11-06T18:09:52.019+0000][gc,marking    ] GC(81) Concurrent Clear Claimed Marks
[2025-11-06T18:09:52.020+0000][gc,marking    ] GC(81) Concurrent Clear Claimed Marks 0.393ms
[2025-11-06T18:09:52.020+0000][gc,marking    ] GC(81) Concurrent Scan Root Regions
[2025-11-06T18:09:52.023+0000][gc,marking    ] GC(81) Concurrent Scan Root Regions 3.257ms
[2025-11-06T18:09:52.023+0000][gc,marking    ] GC(81) Concurrent Mark (3006.668s)
[2025-11-06T18:09:52.023+0000][gc,marking    ] GC(81) Concurrent Mark From Roots
[2025-11-06T18:09:52.023+0000][gc,task       ] GC(81) Using 1 workers of 1 for marking
[2025-11-06T18:09:52.053+0000][gc,marking    ] GC(81) Concurrent Mark From Roots 29.671ms
[2025-11-06T18:09:52.053+0000][gc,marking    ] GC(81) Concurrent Preclean
[2025-11-06T18:09:52.053+0000][gc,marking    ] GC(81) Concurrent Preclean 0.304ms
[2025-11-06T18:09:52.054+0000][gc,marking    ] GC(81) Concurrent Mark (3006.668s, 3006.698s) 30.493ms
[2025-11-06T18:09:52.054+0000][gc,start      ] GC(81) Pause Remark
[2025-11-06T18:09:52.064+0000][gc,stringtable] GC(81) Cleaned string and symbol table, strings: 16671 processed, 0 removed, symbols: 123604 processed, 0 removed
[2025-11-06T18:09:52.064+0000][gc            ] GC(81) Pause Remark 190M->190M(512M) 10.028ms
[2025-11-06T18:09:52.064+0000][gc,cpu        ] GC(81) User=0.02s Sys=0.00s Real=0.01s
[2025-11-06T18:09:52.065+0000][gc,marking    ] GC(81) Concurrent Rebuild Remembered Sets
[2025-11-06T18:09:52.082+0000][gc,marking    ] GC(81) Concurrent Rebuild Remembered Sets 17.505ms
[2025-11-06T18:09:52.083+0000][gc,start      ] GC(81) Pause Cleanup
[2025-11-06T18:09:52.083+0000][gc            ] GC(81) Pause Cleanup 190M->190M(512M) 0.298ms
[2025-11-06T18:09:52.083+0000][gc,cpu        ] GC(81) User=0.00s Sys=0.00s Real=0.00s
[2025-11-06T18:09:52.083+0000][gc,marking    ] GC(81) Concurrent Cleanup for Next Mark
[2025-11-06T18:09:52.084+0000][gc,marking    ] GC(81) Concurrent Cleanup for Next Mark 0.801ms
[2025-11-06T18:09:52.084+0000][gc            ] GC(81) Concurrent Cycle 65.149ms
[2025-11-06T18:10:50.328+0000][gc,start      ] GC(82) Pause Young (Prepare Mixed) (G1 Evacuation Pause)
[2025-11-06T18:10:50.329+0000][gc,task       ] GC(82) Using 2 workers of 2 for evacuation
[2025-11-06T18:10:50.343+0000][gc,phases     ] GC(82)   Pre Evacuate Collection Set: 0.0ms
[2025-11-06T18:10:50.343+0000][gc,phases     ] GC(82)   Evacuate Collection Set: 13.2ms
[2025-11-06T18:10:50.344+0000][gc,phases     ] GC(82)   Post Evacuate Collection Set: 0.8ms
[2025-11-06T18:10:50.344+0000][gc,phases     ] GC(82)   Other: 0.8ms
[2025-11-06T18:10:50.344+0000][gc,heap       ] GC(82) Eden regions: 27->0(22)
[2025-11-06T18:10:50.344+0000][gc,heap       ] GC(82) Survivor regions: 4->3(4)
[2025-11-06T18:10:50.345+0000][gc,heap       ] GC(82) Old regions: 49->52
[2025-11-06T18:10:50.345+0000][gc,heap       ] GC(82) Humongous regions: 138->138
[2025-11-06T18:10:50.345+0000][gc,metaspace  ] GC(82) Metaspace: 52727K(55728K)->52727K(55728K) NonClass: 46867K(48560K)->46867K(48560K) Class: 5859K(7168K)->5859K(7168K)
[2025-11-06T18:10:50.345+0000][gc            ] GC(82) Pause Young (Prepare Mixed) (G1 Evacuation Pause) 217M->192M(512M) 17.016ms
[2025-11-06T18:10:50.346+0000][gc,cpu        ] GC(82) User=0.02s Sys=0.00s Real=0.02s
[2025-11-06T18:11:38.353+0000][gc,start      ] GC(83) Pause Young (Mixed) (G1 Evacuation Pause)
[2025-11-06T18:11:38.353+0000][gc,task       ] GC(83) Using 2 workers of 2 for evacuation
[2025-11-06T18:11:38.364+0000][gc,phases     ] GC(83)   Pre Evacuate Collection Set: 0.1ms
[2025-11-06T18:11:38.364+0000][gc,phases     ] GC(83)   Evacuate Collection Set: 9.3ms
[2025-11-06T18:11:38.364+0000][gc,phases     ] GC(83)   Post Evacuate Collection Set: 0.7ms
[2025-11-06T18:11:38.364+0000][gc,phases     ] GC(83)   Other: 0.6ms
[2025-11-06T18:11:38.365+0000][gc,heap       ] GC(83) Eden regions: 22->0(31)
[2025-11-06T18:11:38.365+0000][gc,heap       ] GC(83) Survivor regions: 3->3(4)
[2025-11-06T18:11:38.365+0000][gc,heap       ] GC(83) Old regions: 52->50
[2025-11-06T18:11:38.365+0000][gc,heap       ] GC(83) Humongous regions: 138->138
[2025-11-06T18:11:38.365+0000][gc,metaspace  ] GC(83) Metaspace: 52731K(55728K)->52731K(55728K) NonClass: 46871K(48560K)->46871K(48560K) Class: 5859K(7168K)->5859K(7168K)
[2025-11-06T18:11:38.365+0000][gc            ] GC(83) Pause Young (Mixed) (G1 Evacuation Pause) 214M->190M(512M) 12.202ms
[2025-11-06T18:11:38.366+0000][gc,cpu        ] GC(83) User=0.02s Sys=0.00s Real=0.02s
[2025-11-06T18:12:46.574+0000][gc,start      ] GC(84) Pause Young (Concurrent Start) (G1 Evacuation Pause)
[2025-11-06T18:12:46.575+0000][gc,task       ] GC(84) Using 2 workers of 2 for evacuation
[2025-11-06T18:12:46.585+0000][gc,phases     ] GC(84)   Pre Evacuate Collection Set: 0.2ms
[2025-11-06T18:12:46.585+0000][gc,phases     ] GC(84)   Evacuate Collection Set: 8.9ms
[2025-11-06T18:12:46.585+0000][gc,phases     ] GC(84)   Post Evacuate Collection Set: 0.7ms
[2025-11-06T18:12:46.586+0000][gc,phases     ] GC(84)   Other: 1.4ms
[2025-11-06T18:12:46.586+0000][gc,heap       ] GC(84) Eden regions: 31->0(32)
[2025-11-06T18:12:46.586+0000][gc,heap       ] GC(84) Survivor regions: 3->5(5)
[2025-11-06T18:12:46.586+0000][gc,heap       ] GC(84) Old regions: 50->50
[2025-11-06T18:12:46.586+0000][gc,heap       ] GC(84) Humongous regions: 138->138
[2025-11-06T18:12:46.586+0000][gc,metaspace  ] GC(84) Metaspace: 52734K(55728K)->52734K(55728K) NonClass: 46874K(48560K)->46874K(48560K) Class: 5859K(7168K)->5859K(7168K)
[2025-11-06T18:12:46.586+0000][gc            ] GC(84) Pause Young (Concurrent Start) (G1 Evacuation Pause) 221M->192M(512M) 12.402ms
[2025-11-06T18:12:46.586+0000][gc,cpu        ] GC(84) User=0.02s Sys=0.00s Real=0.01s
[2025-11-06T18:12:46.587+0000][gc            ] GC(85) Concurrent Cycle
[2025-11-06T18:12:46.587+0000][gc,marking    ] GC(85) Concurrent Clear Claimed Marks
[2025-11-06T18:12:46.587+0000][gc,marking    ] GC(85) Concurrent Clear Claimed Marks 0.388ms
[2025-11-06T18:12:46.587+0000][gc,marking    ] GC(85) Concurrent Scan Root Regions
[2025-11-06T18:12:46.591+0000][gc,marking    ] GC(85) Concurrent Scan Root Regions 3.915ms
[2025-11-06T18:12:46.591+0000][gc,marking    ] GC(85) Concurrent Mark (3181.245s)
[2025-11-06T18:12:46.592+0000][gc,marking    ] GC(85) Concurrent Mark From Roots
[2025-11-06T18:12:46.592+0000][gc,task       ] GC(85) Using 1 workers of 1 for marking
[2025-11-06T18:12:46.621+0000][gc,marking    ] GC(85) Concurrent Mark From Roots 29.148ms
[2025-11-06T18:12:46.621+0000][gc,marking    ] GC(85) Concurrent Preclean
[2025-11-06T18:12:46.621+0000][gc,marking    ] GC(85) Concurrent Preclean 0.319ms
[2025-11-06T18:12:46.621+0000][gc,marking    ] GC(85) Concurrent Mark (3181.245s, 3181.275s) 29.961ms
[2025-11-06T18:12:46.622+0000][gc,start      ] GC(85) Pause Remark
[2025-11-06T18:12:46.631+0000][gc,stringtable] GC(85) Cleaned string and symbol table, strings: 16675 processed, 0 removed, symbols: 123604 processed, 0 removed
[2025-11-06T18:12:46.632+0000][gc            ] GC(85) Pause Remark 192M->192M(512M) 9.925ms
[2025-11-06T18:12:46.632+0000][gc,cpu        ] GC(85) User=0.02s Sys=0.00s Real=0.01s
[2025-11-06T18:12:46.632+0000][gc,marking    ] GC(85) Concurrent Rebuild Remembered Sets
[2025-11-06T18:12:46.650+0000][gc,marking    ] GC(85) Concurrent Rebuild Remembered Sets 17.634ms
[2025-11-06T18:12:46.650+0000][gc,start      ] GC(85) Pause Cleanup
[2025-11-06T18:12:46.651+0000][gc            ] GC(85) Pause Cleanup 192M->192M(512M) 0.419ms
[2025-11-06T18:12:46.651+0000][gc,cpu        ] GC(85) User=0.00s Sys=0.00s Real=0.00s
[2025-11-06T18:12:46.651+0000][gc,marking    ] GC(85) Concurrent Cleanup for Next Mark
[2025-11-06T18:12:46.652+0000][gc,marking    ] GC(85) Concurrent Cleanup for Next Mark 0.632ms
[2025-11-06T18:12:46.652+0000][gc            ] GC(85) Concurrent Cycle 65.581ms
[2025-11-06T18:13:54.331+0000][gc,start      ] GC(86) Pause Young (Prepare Mixed) (G1 Evacuation Pause)
[2025-11-06T18:13:54.332+0000][gc,task       ] GC(86) Using 2 workers of 2 for evacuation
[2025-11-06T18:13:54.343+0000][gc,phases     ] GC(86)   Pre Evacuate Collection Set: 0.0ms
[2025-11-06T18:13:54.343+0000][gc,phases     ] GC(86)   Evacuate Collection Set: 9.8ms
[2025-11-06T18:13:54.343+0000][gc,phases     ] GC(86)   Post Evacuate Collection Set: 0.6ms
[2025-11-06T18:13:54.343+0000][gc,phases     ] GC(86)   Other: 1.0ms
[2025-11-06T18:13:54.343+0000][gc,heap       ] GC(86) Eden regions: 31->0(22)
[2025-11-06T18:13:54.343+0000][gc,heap       ] GC(86) Survivor regions: 5->3(5)
[2025-11-06T18:13:54.344+0000][gc,heap       ] GC(86) Old regions: 50->53
[2025-11-06T18:13:54.344+0000][gc,heap       ] GC(86) Humongous regions: 138->138
[2025-11-06T18:13:54.344+0000][gc,metaspace  ] GC(86) Metaspace: 52742K(55728K)->52742K(55728K) NonClass: 46882K(48560K)->46882K(48560K) Class: 5859K(7168K)->5859K(7168K)
[2025-11-06T18:13:54.344+0000][gc            ] GC(86) Pause Young (Prepare Mixed) (G1 Evacuation Pause) 223M->193M(512M) 12.619ms
[2025-11-06T18:13:54.344+0000][gc,cpu        ] GC(86) User=0.03s Sys=0.00s Real=0.02s
[2025-11-06T18:14:42.288+0000][gc,start      ] GC(87) Pause Young (Mixed) (G1 Evacuation Pause)
[2025-11-06T18:14:42.288+0000][gc,task       ] GC(87) Using 2 workers of 2 for evacuation
[2025-11-06T18:14:42.297+0000][gc,phases     ] GC(87)   Pre Evacuate Collection Set: 0.0ms
[2025-11-06T18:14:42.297+0000][gc,phases     ] GC(87)   Evacuate Collection Set: 8.0ms
[2025-11-06T18:14:42.297+0000][gc,phases     ] GC(87)   Post Evacuate Collection Set: 0.5ms
[2025-11-06T18:14:42.297+0000][gc,phases     ] GC(87)   Other: 0.5ms
[2025-11-06T18:14:42.297+0000][gc,heap       ] GC(87) Eden regions: 22->0(40)
[2025-11-06T18:14:42.297+0000][gc,heap       ] GC(87) Survivor regions: 3->2(4)
[2025-11-06T18:14:42.297+0000][gc,heap       ] GC(87) Old regions: 53->50
[2025-11-06T18:14:42.298+0000][gc,heap       ] GC(87) Humongous regions: 138->138
[2025-11-06T18:14:42.298+0000][gc,metaspace  ] GC(87) Metaspace: 52743K(55728K)->52743K(55728K) NonClass: 46883K(48560K)->46883K(48560K) Class: 5859K(7168K)->5859K(7168K)
[2025-11-06T18:14:42.298+0000][gc            ] GC(87) Pause Young (Mixed) (G1 Evacuation Pause) 215M->189M(512M) 10.198ms
[2025-11-06T18:14:42.298+0000][gc,cpu        ] GC(87) User=0.02s Sys=0.00s Real=0.01s
[2025-11-06T18:16:10.233+0000][gc,start      ] GC(88) Pause Young (Concurrent Start) (G1 Evacuation Pause)
[2025-11-06T18:16:10.233+0000][gc,task       ] GC(88) Using 2 workers of 2 for evacuation
[2025-11-06T18:16:10.247+0000][gc,phases     ] GC(88)   Pre Evacuate Collection Set: 0.3ms
[2025-11-06T18:16:10.248+0000][gc,phases     ] GC(88)   Evacuate Collection Set: 12.3ms
[2025-11-06T18:16:10.248+0000][gc,phases     ] GC(88)   Post Evacuate Collection Set: 0.8ms
[2025-11-06T18:16:10.248+0000][gc,phases     ] GC(88)   Other: 0.7ms
[2025-11-06T18:16:10.249+0000][gc,heap       ] GC(88) Eden regions: 40->0(39)
[2025-11-06T18:16:10.249+0000][gc,heap       ] GC(88) Survivor regions: 2->6(6)
[2025-11-06T18:16:10.249+0000][gc,heap       ] GC(88) Old regions: 50->50
[2025-11-06T18:16:10.249+0000][gc,heap       ] GC(88) Humongous regions: 138->138
[2025-11-06T18:16:10.249+0000][gc,metaspace  ] GC(88) Metaspace: 52747K(55728K)->52747K(55728K) NonClass: 46887K(48560K)->46887K(48560K) Class: 5859K(7168K)->5859K(7168K)
[2025-11-06T18:16:10.249+0000][gc            ] GC(88) Pause Young (Concurrent Start) (G1 Evacuation Pause) 229M->193M(512M) 16.208ms
[2025-11-06T18:16:10.250+0000][gc,cpu        ] GC(88) User=0.02s Sys=0.00s Real=0.02s
[2025-11-06T18:16:10.250+0000][gc            ] GC(89) Concurrent Cycle
[2025-11-06T18:16:10.250+0000][gc,marking    ] GC(89) Concurrent Clear Claimed Marks
[2025-11-06T18:16:10.251+0000][gc,marking    ] GC(89) Concurrent Clear Claimed Marks 0.617ms
[2025-11-06T18:16:10.251+0000][gc,marking    ] GC(89) Concurrent Scan Root Regions
[2025-11-06T18:16:10.256+0000][gc,marking    ] GC(89) Concurrent Scan Root Regions 5.269ms
[2025-11-06T18:16:10.256+0000][gc,marking    ] GC(89) Concurrent Mark (3384.908s)
[2025-11-06T18:16:10.256+0000][gc,marking    ] GC(89) Concurrent Mark From Roots
[2025-11-06T18:16:10.257+0000][gc,task       ] GC(89) Using 1 workers of 1 for marking
[2025-11-06T18:16:10.293+0000][gc,marking    ] GC(89) Concurrent Mark From Roots 36.166ms
[2025-11-06T18:16:10.293+0000][gc,marking    ] GC(89) Concurrent Preclean
[2025-11-06T18:16:10.293+0000][gc,marking    ] GC(89) Concurrent Preclean 0.352ms
[2025-11-06T18:16:10.294+0000][gc,marking    ] GC(89) Concurrent Mark (3384.908s, 3384.946s) 37.268ms
[2025-11-06T18:16:10.294+0000][gc,start      ] GC(89) Pause Remark
[2025-11-06T18:16:10.306+0000][gc,stringtable] GC(89) Cleaned string and symbol table, strings: 16687 processed, 0 removed, symbols: 123604 processed, 0 removed
[2025-11-06T18:16:10.306+0000][gc            ] GC(89) Pause Remark 194M->194M(512M) 12.284ms
[2025-11-06T18:16:10.307+0000][gc,cpu        ] GC(89) User=0.02s Sys=0.00s Real=0.02s
[2025-11-06T18:16:10.307+0000][gc,marking    ] GC(89) Concurrent Rebuild Remembered Sets
[2025-11-06T18:16:10.331+0000][gc,marking    ] GC(89) Concurrent Rebuild Remembered Sets 23.975ms
[2025-11-06T18:16:10.332+0000][gc,start      ] GC(89) Pause Cleanup
[2025-11-06T18:16:10.332+0000][gc            ] GC(89) Pause Cleanup 194M->194M(512M) 0.642ms
[2025-11-06T18:16:10.333+0000][gc,cpu        ] GC(89) User=0.00s Sys=0.00s Real=0.00s
[2025-11-06T18:16:10.333+0000][gc,marking    ] GC(89) Concurrent Cleanup for Next Mark
[2025-11-06T18:16:10.334+0000][gc,marking    ] GC(89) Concurrent Cleanup for Next Mark 0.987ms
[2025-11-06T18:16:10.334+0000][gc            ] GC(89) Concurrent Cycle 84.513ms
[2025-11-06T18:17:34.134+0000][gc,start      ] GC(90) Pause Young (Prepare Mixed) (G1 Evacuation Pause)
[2025-11-06T18:17:34.134+0000][gc,task       ] GC(90) Using 2 workers of 2 for evacuation
[2025-11-06T18:17:34.151+0000][gc,phases     ] GC(90)   Pre Evacuate Collection Set: 0.0ms
[2025-11-06T18:17:34.151+0000][gc,phases     ] GC(90)   Evacuate Collection Set: 15.5ms
[2025-11-06T18:17:34.151+0000][gc,phases     ] GC(90)   Post Evacuate Collection Set: 0.7ms
[2025-11-06T18:17:34.151+0000][gc,phases     ] GC(90)   Other: 0.5ms
[2025-11-06T18:17:34.152+0000][gc,heap       ] GC(90) Eden regions: 38->0(21)
[2025-11-06T18:17:34.152+0000][gc,heap       ] GC(90) Survivor regions: 6->4(6)
[2025-11-06T18:17:34.152+0000][gc,heap       ] GC(90) Old regions: 50->54
[2025-11-06T18:17:34.152+0000][gc,heap       ] GC(90) Humongous regions: 138->138
[2025-11-06T18:17:34.152+0000][gc,metaspace  ] GC(90) Metaspace: 52748K(55728K)->52748K(55728K) NonClass: 46888K(48560K)->46888K(48560K) Class: 5859K(7168K)->5859K(7168K)
[2025-11-06T18:17:34.153+0000][gc            ] GC(90) Pause Young (Prepare Mixed) (G1 Evacuation Pause) 231M->195M(512M) 18.648ms
[2025-11-06T18:17:34.153+0000][gc,cpu        ] GC(90) User=0.03s Sys=0.00s Real=0.02s
[2025-11-06T18:18:20.088+0000][gc,start      ] GC(91) Pause Young (Mixed) (G1 Evacuation Pause)
[2025-11-06T18:18:20.088+0000][gc,task       ] GC(91) Using 2 workers of 2 for evacuation
[2025-11-06T18:18:20.100+0000][gc,phases     ] GC(91)   Pre Evacuate Collection Set: 0.0ms
[2025-11-06T18:18:20.100+0000][gc,phases     ] GC(91)   Evacuate Collection Set: 11.0ms
[2025-11-06T18:18:20.101+0000][gc,phases     ] GC(91)   Post Evacuate Collection Set: 0.7ms
[2025-11-06T18:18:20.101+0000][gc,phases     ] GC(91)   Other: 0.6ms
[2025-11-06T18:18:20.101+0000][gc,heap       ] GC(91) Eden regions: 21->0(41)
[2025-11-06T18:18:20.101+0000][gc,heap       ] GC(91) Survivor regions: 4->3(4)
[2025-11-06T18:18:20.101+0000][gc,heap       ] GC(91) Old regions: 54->51
[2025-11-06T18:18:20.102+0000][gc,heap       ] GC(91) Humongous regions: 138->138
[2025-11-06T18:18:20.102+0000][gc,metaspace  ] GC(91) Metaspace: 52751K(55728K)->52751K(55728K) NonClass: 46891K(48560K)->46891K(48560K) Class: 5859K(7168K)->5859K(7168K)
[2025-11-06T18:18:20.102+0000][gc            ] GC(91) Pause Young (Mixed) (G1 Evacuation Pause) 216M->191M(512M) 14.337ms
[2025-11-06T18:18:20.102+0000][gc,cpu        ] GC(91) User=0.02s Sys=0.00s Real=0.01s
[2025-11-06T18:19:47.993+0000][gc,start      ] GC(92) Pause Young (Concurrent Start) (G1 Evacuation Pause)
[2025-11-06T18:19:47.994+0000][gc,task       ] GC(92) Using 2 workers of 2 for evacuation
[2025-11-06T18:19:48.013+0000][gc,phases     ] GC(92)   Pre Evacuate Collection Set: 0.2ms
[2025-11-06T18:19:48.013+0000][gc,phases     ] GC(92)   Evacuate Collection Set: 14.9ms
[2025-11-06T18:19:48.013+0000][gc,phases     ] GC(92)   Post Evacuate Collection Set: 2.9ms
[2025-11-06T18:19:48.014+0000][gc,phases     ] GC(92)   Other: 1.3ms
[2025-11-06T18:19:48.014+0000][gc,heap       ] GC(92) Eden regions: 41->0(38)
[2025-11-06T18:19:48.014+0000][gc,heap       ] GC(92) Survivor regions: 3->6(6)
[2025-11-06T18:19:48.014+0000][gc,heap       ] GC(92) Old regions: 51->51
[2025-11-06T18:19:48.014+0000][gc,heap       ] GC(92) Humongous regions: 138->138
[2025-11-06T18:19:48.015+0000][gc,metaspace  ] GC(92) Metaspace: 52754K(55728K)->52754K(55728K) NonClass: 46894K(48560K)->46894K(48560K) Class: 5859K(7168K)->5859K(7168K)
[2025-11-06T18:19:48.015+0000][gc            ] GC(92) Pause Young (Concurrent Start) (G1 Evacuation Pause) 232M->194M(512M) 21.686ms
[2025-11-06T18:19:48.015+0000][gc,cpu        ] GC(92) User=0.03s Sys=0.00s Real=0.02s
[2025-11-06T18:19:48.015+0000][gc            ] GC(93) Concurrent Cycle
[2025-11-06T18:19:48.016+0000][gc,marking    ] GC(93) Concurrent Clear Claimed Marks
[2025-11-06T18:19:48.016+0000][gc,marking    ] GC(93) Concurrent Clear Claimed Marks 0.449ms
[2025-11-06T18:19:48.016+0000][gc,marking    ] GC(93) Concurrent Scan Root Regions
[2025-11-06T18:19:48.022+0000][gc,marking    ] GC(93) Concurrent Scan Root Regions 5.928ms
[2025-11-06T18:19:48.023+0000][gc,marking    ] GC(93) Concurrent Mark (3602.673s)
[2025-11-06T18:19:48.023+0000][gc,marking    ] GC(93) Concurrent Mark From Roots
[2025-11-06T18:19:48.023+0000][gc,task       ] GC(93) Using 1 workers of 1 for marking
[2025-11-06T18:19:48.129+0000][gc,marking    ] GC(93) Concurrent Mark From Roots 106.457ms
[2025-11-06T18:19:48.130+0000][gc,marking    ] GC(93) Concurrent Preclean
[2025-11-06T18:19:48.130+0000][gc,marking    ] GC(93) Concurrent Preclean 0.395ms
[2025-11-06T18:19:48.130+0000][gc,marking    ] GC(93) Concurrent Mark (3602.673s, 3602.780s) 107.698ms
[2025-11-06T18:19:48.132+0000][gc,start      ] GC(93) Pause Remark
[2025-11-06T18:19:48.144+0000][gc,stringtable] GC(93) Cleaned string and symbol table, strings: 16709 processed, 3 removed, symbols: 123604 processed, 0 removed
[2025-11-06T18:19:48.160+0000][gc,mmu        ] GC(93) MMU target violated: 21.0ms (20.0ms/21.0ms)
[2025-11-06T18:19:48.161+0000][gc            ] GC(93) Pause Remark 195M->195M(512M) 28.430ms
[2025-11-06T18:19:48.161+0000][gc,cpu        ] GC(93) User=0.02s Sys=0.00s Real=0.03s
[2025-11-06T18:19:48.161+0000][gc,marking    ] GC(93) Concurrent Rebuild Remembered Sets
[2025-11-06T18:19:48.179+0000][gc,marking    ] GC(93) Concurrent Rebuild Remembered Sets 18.230ms
[2025-11-06T18:19:48.180+0000][gc,start      ] GC(93) Pause Cleanup
[2025-11-06T18:19:48.181+0000][gc            ] GC(93) Pause Cleanup 195M->195M(512M) 0.527ms
[2025-11-06T18:19:48.181+0000][gc,cpu        ] GC(93) User=0.00s Sys=0.00s Real=0.00s
[2025-11-06T18:19:48.181+0000][gc,marking    ] GC(93) Concurrent Cleanup for Next Mark
[2025-11-06T18:19:48.182+0000][gc,marking    ] GC(93) Concurrent Cleanup for Next Mark 0.974ms
[2025-11-06T18:19:48.182+0000][gc            ] GC(93) Concurrent Cycle 166.894ms
[2025-11-06T18:20:57.782+0000][gc,start      ] GC(94) Pause Young (Prepare Mixed) (G1 Evacuation Pause)
[2025-11-06T18:20:57.783+0000][gc,task       ] GC(94) Using 2 workers of 2 for evacuation
[2025-11-06T18:20:57.798+0000][gc,phases     ] GC(94)   Pre Evacuate Collection Set: 0.0ms
[2025-11-06T18:20:57.798+0000][gc,phases     ] GC(94)   Evacuate Collection Set: 14.1ms
[2025-11-06T18:20:57.798+0000][gc,phases     ] GC(94)   Post Evacuate Collection Set: 0.7ms
[2025-11-06T18:20:57.798+0000][gc,phases     ] GC(94)   Other: 1.0ms
[2025-11-06T18:20:57.799+0000][gc,heap       ] GC(94) Eden regions: 37->0(20)
[2025-11-06T18:20:57.799+0000][gc,heap       ] GC(94) Survivor regions: 6->5(6)
[2025-11-06T18:20:57.799+0000][gc,heap       ] GC(94) Old regions: 51->56
[2025-11-06T18:20:57.799+0000][gc,heap       ] GC(94) Humongous regions: 147->147
[2025-11-06T18:20:57.799+0000][gc,metaspace  ] GC(94) Metaspace: 52884K(56112K)->52884K(56112K) NonClass: 46997K(48816K)->46997K(48816K) Class: 5886K(7296K)->5886K(7296K)
[2025-11-06T18:20:57.799+0000][gc            ] GC(94) Pause Young (Prepare Mixed) (G1 Evacuation Pause) 240M->207M(512M) 17.272ms
[2025-11-06T18:20:57.800+0000][gc,cpu        ] GC(94) User=0.02s Sys=0.00s Real=0.02s
[2025-11-06T18:21:41.298+0000][gc,start      ] GC(95) Pause Young (Mixed) (G1 Evacuation Pause)
[2025-11-06T18:21:41.298+0000][gc,task       ] GC(95) Using 2 workers of 2 for evacuation
[2025-11-06T18:21:41.309+0000][gc,phases     ] GC(95)   Pre Evacuate Collection Set: 0.0ms
[2025-11-06T18:21:41.309+0000][gc,phases     ] GC(95)   Evacuate Collection Set: 9.7ms
[2025-11-06T18:21:41.309+0000][gc,phases     ] GC(95)   Post Evacuate Collection Set: 0.8ms
[2025-11-06T18:21:41.309+0000][gc,phases     ] GC(95)   Other: 0.7ms
[2025-11-06T18:21:41.310+0000][gc,heap       ] GC(95) Eden regions: 20->0(45)
[2025-11-06T18:21:41.310+0000][gc,heap       ] GC(95) Survivor regions: 5->3(4)
[2025-11-06T18:21:41.310+0000][gc,heap       ] GC(95) Old regions: 56->52
[2025-11-06T18:21:41.310+0000][gc,heap       ] GC(95) Humongous regions: 147->147
[2025-11-06T18:21:41.310+0000][gc,metaspace  ] GC(95) Metaspace: 52885K(56112K)->52885K(56112K) NonClass: 46998K(48816K)->46998K(48816K) Class: 5886K(7296K)->5886K(7296K)
[2025-11-06T18:21:41.310+0000][gc            ] GC(95) Pause Young (Mixed) (G1 Evacuation Pause) 227M->201M(512M) 12.843ms
[2025-11-06T18:21:41.311+0000][gc,cpu        ] GC(95) User=0.02s Sys=0.00s Real=0.02s
[2025-11-06T18:23:21.324+0000][gc,start      ] GC(96) Pause Young (Concurrent Start) (G1 Evacuation Pause)
[2025-11-06T18:23:21.325+0000][gc,task       ] GC(96) Using 2 workers of 2 for evacuation
[2025-11-06T18:23:21.336+0000][gc,phases     ] GC(96)   Pre Evacuate Collection Set: 0.2ms
[2025-11-06T18:23:21.336+0000][gc,phases     ] GC(96)   Evacuate Collection Set: 9.7ms
[2025-11-06T18:23:21.336+0000][gc,phases     ] GC(96)   Post Evacuate Collection Set: 0.7ms
[2025-11-06T18:23:21.336+0000][gc,phases     ] GC(96)   Other: 0.7ms
[2025-11-06T18:23:21.336+0000][gc,heap       ] GC(96) Eden regions: 45->0(44)
[2025-11-06T18:23:21.336+0000][gc,heap       ] GC(96) Survivor regions: 3->5(6)
[2025-11-06T18:23:21.337+0000][gc,heap       ] GC(96) Old regions: 52->52
[2025-11-06T18:23:21.337+0000][gc,heap       ] GC(96) Humongous regions: 147->147
[2025-11-06T18:23:21.337+0000][gc,metaspace  ] GC(96) Metaspace: 52887K(56112K)->52887K(56112K) NonClass: 47000K(48816K)->47000K(48816K) Class: 5886K(7296K)->5886K(7296K)
[2025-11-06T18:23:21.337+0000][gc            ] GC(96) Pause Young (Concurrent Start) (G1 Evacuation Pause) 246M->203M(512M) 12.723ms
[2025-11-06T18:23:21.337+0000][gc,cpu        ] GC(96) User=0.02s Sys=0.00s Real=0.01s
[2025-11-06T18:23:21.338+0000][gc            ] GC(97) Concurrent Cycle
[2025-11-06T18:23:21.338+0000][gc,marking    ] GC(97) Concurrent Clear Claimed Marks
[2025-11-06T18:23:21.338+0000][gc,marking    ] GC(97) Concurrent Clear Claimed Marks 0.451ms
[2025-11-06T18:23:21.339+0000][gc,marking    ] GC(97) Concurrent Scan Root Regions
[2025-11-06T18:23:21.343+0000][gc,marking    ] GC(97) Concurrent Scan Root Regions 4.022ms
[2025-11-06T18:23:21.343+0000][gc,marking    ] GC(97) Concurrent Mark (3816.037s)
[2025-11-06T18:23:21.343+0000][gc,marking    ] GC(97) Concurrent Mark From Roots
[2025-11-06T18:23:21.343+0000][gc,task       ] GC(97) Using 1 workers of 1 for marking
[2025-11-06T18:23:21.376+0000][gc,marking    ] GC(97) Concurrent Mark From Roots 33.291ms
[2025-11-06T18:23:21.376+0000][gc,marking    ] GC(97) Concurrent Preclean
[2025-11-06T18:23:21.377+0000][gc,marking    ] GC(97) Concurrent Preclean 0.271ms
[2025-11-06T18:23:21.377+0000][gc,marking    ] GC(97) Concurrent Mark (3816.037s, 3816.071s) 34.023ms
[2025-11-06T18:23:21.377+0000][gc,start      ] GC(97) Pause Remark
[2025-11-06T18:23:21.388+0000][gc,stringtable] GC(97) Cleaned string and symbol table, strings: 16746 processed, 1 removed, symbols: 123764 processed, 0 removed
[2025-11-06T18:23:21.389+0000][gc            ] GC(97) Pause Remark 203M->199M(512M) 11.623ms
[2025-11-06T18:23:21.389+0000][gc,cpu        ] GC(97) User=0.02s Sys=0.00s Real=0.01s
[2025-11-06T18:23:21.390+0000][gc,marking    ] GC(97) Concurrent Rebuild Remembered Sets
[2025-11-06T18:23:21.410+0000][gc,marking    ] GC(97) Concurrent Rebuild Remembered Sets 20.273ms
[2025-11-06T18:23:21.410+0000][gc,start      ] GC(97) Pause Cleanup
[2025-11-06T18:23:21.411+0000][gc            ] GC(97) Pause Cleanup 199M->199M(512M) 0.419ms
[2025-11-06T18:23:21.411+0000][gc,cpu        ] GC(97) User=0.00s Sys=0.00s Real=0.00s
[2025-11-06T18:23:21.411+0000][gc,marking    ] GC(97) Concurrent Cleanup for Next Mark
[2025-11-06T18:23:21.412+0000][gc,marking    ] GC(97) Concurrent Cleanup for Next Mark 0.975ms
[2025-11-06T18:23:21.413+0000][gc            ] GC(97) Concurrent Cycle 74.962ms
[2025-11-06T18:24:59.270+0000][gc,start      ] GC(98) Pause Young (Prepare Mixed) (G1 Evacuation Pause)
[2025-11-06T18:24:59.270+0000][gc,task       ] GC(98) Using 2 workers of 2 for evacuation
[2025-11-06T18:24:59.283+0000][gc,phases     ] GC(98)   Pre Evacuate Collection Set: 0.0ms
[2025-11-06T18:24:59.283+0000][gc,phases     ] GC(98)   Evacuate Collection Set: 11.6ms
[2025-11-06T18:24:59.283+0000][gc,phases     ] GC(98)   Post Evacuate Collection Set: 0.7ms
[2025-11-06T18:24:59.284+0000][gc,phases     ] GC(98)   Other: 0.8ms
[2025-11-06T18:24:59.284+0000][gc,heap       ] GC(98) Eden regions: 44->0(21)
[2025-11-06T18:24:59.284+0000][gc,heap       ] GC(98) Survivor regions: 5->4(7)
[2025-11-06T18:24:59.284+0000][gc,heap       ] GC(98) Old regions: 48->52
[2025-11-06T18:24:59.284+0000][gc,heap       ] GC(98) Humongous regions: 147->147
[2025-11-06T18:24:59.284+0000][gc,metaspace  ] GC(98) Metaspace: 52905K(56112K)->52905K(56112K) NonClass: 47018K(48816K)->47018K(48816K) Class: 5886K(7296K)->5886K(7296K)
[2025-11-06T18:24:59.285+0000][gc            ] GC(98) Pause Young (Prepare Mixed) (G1 Evacuation Pause) 243M->202M(512M) 14.866ms
[2025-11-06T18:24:59.285+0000][gc,cpu        ] GC(98) User=0.03s Sys=0.00s Real=0.02s
[2025-11-06T18:25:44.460+0000][gc,start      ] GC(99) Pause Young (Mixed) (G1 Evacuation Pause)
[2025-11-06T18:25:44.460+0000][gc,task       ] GC(99) Using 2 workers of 2 for evacuation
[2025-11-06T18:25:44.469+0000][gc,phases     ] GC(99)   Pre Evacuate Collection Set: 0.0ms
[2025-11-06T18:25:44.469+0000][gc,phases     ] GC(99)   Evacuate Collection Set: 7.9ms
[2025-11-06T18:25:44.469+0000][gc,phases     ] GC(99)   Post Evacuate Collection Set: 0.6ms
[2025-11-06T18:25:44.469+0000][gc,phases     ] GC(99)   Other: 0.5ms
[2025-11-06T18:25:44.469+0000][gc,heap       ] GC(99) Eden regions: 21->0(57)
[2025-11-06T18:25:44.469+0000][gc,heap       ] GC(99) Survivor regions: 4->3(4)
[2025-11-06T18:25:44.470+0000][gc,heap       ] GC(99) Old regions: 52->53
[2025-11-06T18:25:44.470+0000][gc,heap       ] GC(99) Humongous regions: 147->147
[2025-11-06T18:25:44.470+0000][gc,metaspace  ] GC(99) Metaspace: 52905K(56112K)->52905K(56112K) NonClass: 47018K(48816K)->47018K(48816K) Class: 5886K(7296K)->5886K(7296K)
[2025-11-06T18:25:44.470+0000][gc            ] GC(99) Pause Young (Mixed) (G1 Evacuation Pause) 223M->201M(512M) 10.346ms
[2025-11-06T18:25:44.470+0000][gc,cpu        ] GC(99) User=0.02s Sys=0.00s Real=0.01s
[2025-11-06T18:27:51.465+0000][gc,start      ] GC(100) Pause Young (Concurrent Start) (G1 Evacuation Pause)
[2025-11-06T18:27:51.465+0000][gc,task       ] GC(100) Using 2 workers of 2 for evacuation
[2025-11-06T18:27:51.479+0000][gc,phases     ] GC(100)   Pre Evacuate Collection Set: 0.2ms
[2025-11-06T18:27:51.479+0000][gc,phases     ] GC(100)   Evacuate Collection Set: 12.9ms
[2025-11-06T18:27:51.480+0000][gc,phases     ] GC(100)   Post Evacuate Collection Set: 0.7ms
[2025-11-06T18:27:51.480+0000][gc,phases     ] GC(100)   Other: 0.8ms
[2025-11-06T18:27:51.480+0000][gc,heap       ] GC(100) Eden regions: 57->0(53)
[2025-11-06T18:27:51.480+0000][gc,heap       ] GC(100) Survivor regions: 3->7(8)
[2025-11-06T18:27:51.480+0000][gc,heap       ] GC(100) Old regions: 53->53
[2025-11-06T18:27:51.480+0000][gc,heap       ] GC(100) Humongous regions: 147->147
[2025-11-06T18:27:51.480+0000][gc,metaspace  ] GC(100) Metaspace: 52912K(56112K)->52912K(56112K) NonClass: 47025K(48816K)->47025K(48816K) Class: 5886K(7296K)->5886K(7296K)
[2025-11-06T18:27:51.481+0000][gc            ] GC(100) Pause Young (Concurrent Start) (G1 Evacuation Pause) 258M->206M(512M) 15.942ms
[2025-11-06T18:27:51.481+0000][gc,cpu        ] GC(100) User=0.02s Sys=0.00s Real=0.01s
[2025-11-06T18:27:51.481+0000][gc            ] GC(101) Concurrent Cycle
[2025-11-06T18:27:51.481+0000][gc,marking    ] GC(101) Concurrent Clear Claimed Marks
[2025-11-06T18:27:51.481+0000][gc,marking    ] GC(101) Concurrent Clear Claimed Marks 0.346ms
[2025-11-06T18:27:51.482+0000][gc,marking    ] GC(101) Concurrent Scan Root Regions
[2025-11-06T18:27:51.486+0000][gc,marking    ] GC(101) Concurrent Scan Root Regions 4.862ms
[2025-11-06T18:27:51.487+0000][gc,marking    ] GC(101) Concurrent Mark (4086.180s)
[2025-11-06T18:27:51.487+0000][gc,marking    ] GC(101) Concurrent Mark From Roots
[2025-11-06T18:27:51.487+0000][gc,task       ] GC(101) Using 1 workers of 1 for marking
[2025-11-06T18:27:51.520+0000][gc,marking    ] GC(101) Concurrent Mark From Roots 32.838ms
[2025-11-06T18:27:51.520+0000][gc,marking    ] GC(101) Concurrent Preclean
[2025-11-06T18:27:51.520+0000][gc,marking    ] GC(101) Concurrent Preclean 0.367ms
[2025-11-06T18:27:51.520+0000][gc,marking    ] GC(101) Concurrent Mark (4086.180s, 4086.213s) 33.685ms
[2025-11-06T18:27:51.521+0000][gc,start      ] GC(101) Pause Remark
[2025-11-06T18:27:51.531+0000][gc,stringtable] GC(101) Cleaned string and symbol table, strings: 16753 processed, 0 removed, symbols: 123764 processed, 0 removed
[2025-11-06T18:27:51.532+0000][gc            ] GC(101) Pause Remark 206M->205M(512M) 11.177ms
[2025-11-06T18:27:51.532+0000][gc,cpu        ] GC(101) User=0.02s Sys=0.00s Real=0.01s
[2025-11-06T18:27:51.532+0000][gc,marking    ] GC(101) Concurrent Rebuild Remembered Sets
[2025-11-06T18:27:51.550+0000][gc,marking    ] GC(101) Concurrent Rebuild Remembered Sets 17.694ms
[2025-11-06T18:27:51.551+0000][gc,start      ] GC(101) Pause Cleanup
[2025-11-06T18:27:51.551+0000][gc            ] GC(101) Pause Cleanup 205M->205M(512M) 0.423ms
[2025-11-06T18:27:51.551+0000][gc,cpu        ] GC(101) User=0.00s Sys=0.00s Real=0.00s
[2025-11-06T18:27:51.552+0000][gc,marking    ] GC(101) Concurrent Cleanup for Next Mark
[2025-11-06T18:27:51.552+0000][gc,marking    ] GC(101) Concurrent Cleanup for Next Mark 0.798ms
[2025-11-06T18:27:51.553+0000][gc            ] GC(101) Concurrent Cycle 71.589ms
[2025-11-06T18:29:46.623+0000][gc,start      ] GC(102) Pause Young (Prepare Mixed) (G1 Evacuation Pause)
[2025-11-06T18:29:46.623+0000][gc,task       ] GC(102) Using 2 workers of 2 for evacuation
[2025-11-06T18:29:46.642+0000][gc,phases     ] GC(102)   Pre Evacuate Collection Set: 0.0ms
[2025-11-06T18:29:46.642+0000][gc,phases     ] GC(102)   Evacuate Collection Set: 17.5ms
[2025-11-06T18:29:46.643+0000][gc,phases     ] GC(102)   Post Evacuate Collection Set: 1.0ms
[2025-11-06T18:29:46.643+0000][gc,phases     ] GC(102)   Other: 0.7ms
[2025-11-06T18:29:46.643+0000][gc,heap       ] GC(102) Eden regions: 52->0(21)
[2025-11-06T18:29:46.643+0000][gc,heap       ] GC(102) Survivor regions: 7->4(8)
[2025-11-06T18:29:46.643+0000][gc,heap       ] GC(102) Old regions: 52->57
[2025-11-06T18:29:46.644+0000][gc,heap       ] GC(102) Humongous regions: 147->147
[2025-11-06T18:29:46.644+0000][gc,metaspace  ] GC(102) Metaspace: 52912K(56112K)->52912K(56112K) NonClass: 47025K(48816K)->47025K(48816K) Class: 5886K(7296K)->5886K(7296K)
[2025-11-06T18:29:46.644+0000][gc            ] GC(102) Pause Young (Prepare Mixed) (G1 Evacuation Pause) 257M->206M(512M) 21.201ms
[2025-11-06T18:29:46.644+0000][gc,cpu        ] GC(102) User=0.03s Sys=0.00s Real=0.03s
[2025-11-06T18:30:31.638+0000][gc,start      ] GC(103) Pause Young (Mixed) (G1 Evacuation Pause)
[2025-11-06T18:30:31.639+0000][gc,task       ] GC(103) Using 2 workers of 2 for evacuation
[2025-11-06T18:30:31.650+0000][gc,phases     ] GC(103)   Pre Evacuate Collection Set: 0.0ms
[2025-11-06T18:30:31.650+0000][gc,phases     ] GC(103)   Evacuate Collection Set: 10.0ms
[2025-11-06T18:30:31.650+0000][gc,phases     ] GC(103)   Post Evacuate Collection Set: 0.6ms
[2025-11-06T18:30:31.650+0000][gc,phases     ] GC(103)   Other: 0.9ms
[2025-11-06T18:30:31.650+0000][gc,heap       ] GC(103) Eden regions: 21->0(56)
[2025-11-06T18:30:31.650+0000][gc,heap       ] GC(103) Survivor regions: 4->4(4)
[2025-11-06T18:30:31.650+0000][gc,heap       ] GC(103) Old regions: 57->54
[2025-11-06T18:30:31.651+0000][gc,heap       ] GC(103) Humongous regions: 147->147
[2025-11-06T18:30:31.651+0000][gc,metaspace  ] GC(103) Metaspace: 52918K(56112K)->52918K(56112K) NonClass: 47031K(48816K)->47031K(48816K) Class: 5886K(7296K)->5886K(7296K)
[2025-11-06T18:30:31.651+0000][gc            ] GC(103) Pause Young (Mixed) (G1 Evacuation Pause) 227M->204M(512M) 12.722ms
[2025-11-06T18:30:31.651+0000][gc,cpu        ] GC(103) User=0.02s Sys=0.00s Real=0.01s
[2025-11-06T18:32:35.520+0000][gc,start      ] GC(104) Pause Young (Concurrent Start) (G1 Evacuation Pause)
[2025-11-06T18:32:35.521+0000][gc,task       ] GC(104) Using 2 workers of 2 for evacuation
[2025-11-06T18:32:35.532+0000][gc,phases     ] GC(104)   Pre Evacuate Collection Set: 0.2ms
[2025-11-06T18:32:35.532+0000][gc,phases     ] GC(104)   Evacuate Collection Set: 10.1ms
[2025-11-06T18:32:35.532+0000][gc,phases     ] GC(104)   Post Evacuate Collection Set: 0.6ms
[2025-11-06T18:32:35.532+0000][gc,phases     ] GC(104)   Other: 0.6ms
[2025-11-06T18:32:35.532+0000][gc,heap       ] GC(104) Eden regions: 56->0(56)
[2025-11-06T18:32:35.533+0000][gc,heap       ] GC(104) Survivor regions: 4->6(8)
[2025-11-06T18:32:35.533+0000][gc,heap       ] GC(104) Old regions: 54->54
[2025-11-06T18:32:35.533+0000][gc,heap       ] GC(104) Humongous regions: 147->147
[2025-11-06T18:32:35.533+0000][gc,metaspace  ] GC(104) Metaspace: 52918K(56112K)->52918K(56112K) NonClass: 47031K(48816K)->47031K(48816K) Class: 5886K(7296K)->5886K(7296K)
[2025-11-06T18:32:35.533+0000][gc            ] GC(104) Pause Young (Concurrent Start) (G1 Evacuation Pause) 260M->206M(512M) 12.719ms
[2025-11-06T18:32:35.533+0000][gc,cpu        ] GC(104) User=0.02s Sys=0.00s Real=0.01s
[2025-11-06T18:32:35.534+0000][gc            ] GC(105) Concurrent Cycle
[2025-11-06T18:32:35.534+0000][gc,marking    ] GC(105) Concurrent Clear Claimed Marks
[2025-11-06T18:32:35.534+0000][gc,marking    ] GC(105) Concurrent Clear Claimed Marks 0.459ms
[2025-11-06T18:32:35.534+0000][gc,marking    ] GC(105) Concurrent Scan Root Regions
[2025-11-06T18:32:35.539+0000][gc,marking    ] GC(105) Concurrent Scan Root Regions 4.604ms
[2025-11-06T18:32:35.539+0000][gc,marking    ] GC(105) Concurrent Mark (4370.241s)
[2025-11-06T18:32:35.539+0000][gc,marking    ] GC(105) Concurrent Mark From Roots
[2025-11-06T18:32:35.539+0000][gc,task       ] GC(105) Using 1 workers of 1 for marking
[2025-11-06T18:32:35.570+0000][gc,marking    ] GC(105) Concurrent Mark From Roots 30.711ms
[2025-11-06T18:32:35.570+0000][gc,marking    ] GC(105) Concurrent Preclean
[2025-11-06T18:32:35.570+0000][gc,marking    ] GC(105) Concurrent Preclean 0.269ms
[2025-11-06T18:32:35.571+0000][gc,marking    ] GC(105) Concurrent Mark (4370.241s, 4370.273s) 31.513ms
[2025-11-06T18:32:35.571+0000][gc,start      ] GC(105) Pause Remark
[2025-11-06T18:32:35.582+0000][gc,stringtable] GC(105) Cleaned string and symbol table, strings: 16754 processed, 0 removed, symbols: 123764 processed, 0 removed
[2025-11-06T18:32:35.582+0000][gc            ] GC(105) Pause Remark 206M->206M(512M) 10.941ms
[2025-11-06T18:32:35.582+0000][gc,cpu        ] GC(105) User=0.02s Sys=0.00s Real=0.01s
[2025-11-06T18:32:35.582+0000][gc,marking    ] GC(105) Concurrent Rebuild Remembered Sets
[2025-11-06T18:32:35.600+0000][gc,marking    ] GC(105) Concurrent Rebuild Remembered Sets 17.652ms
[2025-11-06T18:32:35.601+0000][gc,start      ] GC(105) Pause Cleanup
[2025-11-06T18:32:35.601+0000][gc            ] GC(105) Pause Cleanup 206M->206M(512M) 0.373ms
[2025-11-06T18:32:35.601+0000][gc,cpu        ] GC(105) User=0.00s Sys=0.00s Real=0.00s
[2025-11-06T18:32:35.601+0000][gc,marking    ] GC(105) Concurrent Cleanup for Next Mark
[2025-11-06T18:32:35.602+0000][gc,marking    ] GC(105) Concurrent Cleanup for Next Mark 0.640ms
[2025-11-06T18:32:35.602+0000][gc            ] GC(105) Concurrent Cycle 68.597ms
[2025-11-06T18:34:40.171+0000][gc,start      ] GC(106) Pause Young (Prepare Mixed) (G1 Evacuation Pause)
[2025-11-06T18:34:40.172+0000][gc,task       ] GC(106) Using 2 workers of 2 for evacuation
[2025-11-06T18:34:40.186+0000][gc,phases     ] GC(106)   Pre Evacuate Collection Set: 0.0ms
[2025-11-06T18:34:40.187+0000][gc,phases     ] GC(106)   Evacuate Collection Set: 13.8ms
[2025-11-06T18:34:40.187+0000][gc,phases     ] GC(106)   Post Evacuate Collection Set: 0.7ms
[2025-11-06T18:34:40.187+0000][gc,phases     ] GC(106)   Other: 0.6ms
[2025-11-06T18:34:40.187+0000][gc,heap       ] GC(106) Eden regions: 56->0(19)
[2025-11-06T18:34:40.187+0000][gc,heap       ] GC(106) Survivor regions: 6->6(8)
[2025-11-06T18:34:40.187+0000][gc,heap       ] GC(106) Old regions: 54->59
[2025-11-06T18:34:40.188+0000][gc,heap       ] GC(106) Humongous regions: 147->147
[2025-11-06T18:34:40.188+0000][gc,metaspace  ] GC(106) Metaspace: 52919K(56112K)->52919K(56112K) NonClass: 47032K(48816K)->47032K(48816K) Class: 5886K(7296K)->5886K(7296K)
[2025-11-06T18:34:40.188+0000][gc            ] GC(106) Pause Young (Prepare Mixed) (G1 Evacuation Pause) 262M->210M(512M) 16.475ms
[2025-11-06T18:34:40.188+0000][gc,cpu        ] GC(106) User=0.03s Sys=0.00s Real=0.02s
[2025-11-06T18:35:20.989+0000][gc,start      ] GC(107) Pause Young (Mixed) (G1 Evacuation Pause)
[2025-11-06T18:35:20.989+0000][gc,task       ] GC(107) Using 2 workers of 2 for evacuation
[2025-11-06T18:35:21.015+0000][gc,mmu        ] GC(107) MMU target violated: 21.0ms (20.0ms/21.0ms)
[2025-11-06T18:35:21.015+0000][gc,phases     ] GC(107)   Pre Evacuate Collection Set: 0.1ms
[2025-11-06T18:35:21.016+0000][gc,phases     ] GC(107)   Evacuate Collection Set: 18.7ms
[2025-11-06T18:35:21.016+0000][gc,phases     ] GC(107)   Post Evacuate Collection Set: 6.6ms
[2025-11-06T18:35:21.016+0000][gc,phases     ] GC(107)   Other: 1.4ms
[2025-11-06T18:35:21.016+0000][gc,heap       ] GC(107) Eden regions: 19->0(49)
[2025-11-06T18:35:21.016+0000][gc,heap       ] GC(107) Survivor regions: 6->3(4)
[2025-11-06T18:35:21.017+0000][gc,heap       ] GC(107) Old regions: 59->54
[2025-11-06T18:35:21.017+0000][gc,heap       ] GC(107) Humongous regions: 147->147
[2025-11-06T18:35:21.017+0000][gc,metaspace  ] GC(107) Metaspace: 52919K(56112K)->52919K(56112K) NonClass: 47032K(48816K)->47032K(48816K) Class: 5886K(7296K)->5886K(7296K)
[2025-11-06T18:35:21.017+0000][gc            ] GC(107) Pause Young (Mixed) (G1 Evacuation Pause) 229M->203M(512M) 28.456ms
[2025-11-06T18:35:21.017+0000][gc,cpu        ] GC(107) User=0.04s Sys=0.00s Real=0.03s
[2025-11-06T18:37:10.507+0000][gc,start      ] GC(108) Pause Young (Concurrent Start) (G1 Evacuation Pause)
[2025-11-06T18:37:10.508+0000][gc,task       ] GC(108) Using 2 workers of 2 for evacuation
[2025-11-06T18:37:10.523+0000][gc,phases     ] GC(108)   Pre Evacuate Collection Set: 0.2ms
[2025-11-06T18:37:10.524+0000][gc,phases     ] GC(108)   Evacuate Collection Set: 13.3ms
[2025-11-06T18:37:10.524+0000][gc,phases     ] GC(108)   Post Evacuate Collection Set: 0.7ms
[2025-11-06T18:37:10.524+0000][gc,phases     ] GC(108)   Other: 1.5ms
[2025-11-06T18:37:10.525+0000][gc,heap       ] GC(108) Eden regions: 49->0(48)
[2025-11-06T18:37:10.525+0000][gc,heap       ] GC(108) Survivor regions: 3->7(7)
[2025-11-06T18:37:10.525+0000][gc,heap       ] GC(108) Old regions: 54->54
[2025-11-06T18:37:10.525+0000][gc,heap       ] GC(108) Humongous regions: 147->147
[2025-11-06T18:37:10.526+0000][gc,metaspace  ] GC(108) Metaspace: 52920K(56112K)->52920K(56112K) NonClass: 47033K(48816K)->47033K(48816K) Class: 5886K(7296K)->5886K(7296K)
[2025-11-06T18:37:10.526+0000][gc            ] GC(108) Pause Young (Concurrent Start) (G1 Evacuation Pause) 252M->207M(512M) 18.276ms
[2025-11-06T18:37:10.526+0000][gc,cpu        ] GC(108) User=0.03s Sys=0.00s Real=0.02s
[2025-11-06T18:37:10.527+0000][gc            ] GC(109) Concurrent Cycle
[2025-11-06T18:37:10.527+0000][gc,marking    ] GC(109) Concurrent Clear Claimed Marks
[2025-11-06T18:37:10.528+0000][gc,marking    ] GC(109) Concurrent Clear Claimed Marks 0.784ms
[2025-11-06T18:37:10.528+0000][gc,marking    ] GC(109) Concurrent Scan Root Regions
[2025-11-06T18:37:10.533+0000][gc,marking    ] GC(109) Concurrent Scan Root Regions 4.871ms
[2025-11-06T18:37:10.533+0000][gc,marking    ] GC(109) Concurrent Mark (4645.236s)
[2025-11-06T18:37:10.533+0000][gc,marking    ] GC(109) Concurrent Mark From Roots
[2025-11-06T18:37:10.533+0000][gc,task       ] GC(109) Using 1 workers of 1 for marking
[2025-11-06T18:37:10.568+0000][gc,marking    ] GC(109) Concurrent Mark From Roots 35.343ms
[2025-11-06T18:37:10.569+0000][gc,marking    ] GC(109) Concurrent Preclean
[2025-11-06T18:37:10.569+0000][gc,marking    ] GC(109) Concurrent Preclean 0.310ms
[2025-11-06T18:37:10.569+0000][gc,marking    ] GC(109) Concurrent Mark (4645.236s, 4645.272s) 36.259ms
[2025-11-06T18:37:10.571+0000][gc,start      ] GC(109) Pause Remark
[2025-11-06T18:37:10.584+0000][gc,stringtable] GC(109) Cleaned string and symbol table, strings: 16761 processed, 5 removed, symbols: 123764 processed, 0 removed
[2025-11-06T18:37:10.585+0000][gc            ] GC(109) Pause Remark 207M->207M(512M) 14.075ms
[2025-11-06T18:37:10.585+0000][gc,cpu        ] GC(109) User=0.03s Sys=0.00s Real=0.02s
[2025-11-06T18:37:10.585+0000][gc,marking    ] GC(109) Concurrent Rebuild Remembered Sets
[2025-11-06T18:37:10.603+0000][gc,marking    ] GC(109) Concurrent Rebuild Remembered Sets 17.595ms
[2025-11-06T18:37:10.604+0000][gc,start      ] GC(109) Pause Cleanup
[2025-11-06T18:37:10.604+0000][gc            ] GC(109) Pause Cleanup 207M->207M(512M) 0.409ms
[2025-11-06T18:37:10.604+0000][gc,cpu        ] GC(109) User=0.01s Sys=0.00s Real=0.01s
[2025-11-06T18:37:10.605+0000][gc,marking    ] GC(109) Concurrent Cleanup for Next Mark
[2025-11-06T18:37:10.605+0000][gc,marking    ] GC(109) Concurrent Cleanup for Next Mark 0.712ms
[2025-11-06T18:37:10.605+0000][gc            ] GC(109) Concurrent Cycle 78.958ms
[2025-11-06T18:38:55.221+0000][gc,start      ] GC(110) Pause Young (Prepare Mixed) (G1 Evacuation Pause)
[2025-11-06T18:38:55.221+0000][gc,task       ] GC(110) Using 2 workers of 2 for evacuation
[2025-11-06T18:38:55.235+0000][gc,phases     ] GC(110)   Pre Evacuate Collection Set: 0.0ms
[2025-11-06T18:38:55.235+0000][gc,phases     ] GC(110)   Evacuate Collection Set: 12.3ms
[2025-11-06T18:38:55.235+0000][gc,phases     ] GC(110)   Post Evacuate Collection Set: 0.8ms
[2025-11-06T18:38:55.235+0000][gc,phases     ] GC(110)   Other: 0.7ms
[2025-11-06T18:38:55.235+0000][gc,heap       ] GC(110) Eden regions: 47->0(19)
[2025-11-06T18:38:55.236+0000][gc,heap       ] GC(110) Survivor regions: 7->6(7)
[2025-11-06T18:38:55.236+0000][gc,heap       ] GC(110) Old regions: 54->58
[2025-11-06T18:38:55.236+0000][gc,heap       ] GC(110) Humongous regions: 147->147
[2025-11-06T18:38:55.236+0000][gc,metaspace  ] GC(110) Metaspace: 52920K(56112K)->52920K(56112K) NonClass: 47033K(48816K)->47033K(48816K) Class: 5886K(7296K)->5886K(7296K)
[2025-11-06T18:38:55.236+0000][gc            ] GC(110) Pause Young (Prepare Mixed) (G1 Evacuation Pause) 254M->210M(512M) 15.584ms
[2025-11-06T18:38:55.237+0000][gc,cpu        ] GC(110) User=0.03s Sys=0.00s Real=0.02s
[2025-11-06T18:39:36.407+0000][gc,start      ] GC(111) Pause Young (Mixed) (G1 Evacuation Pause)
[2025-11-06T18:39:36.408+0000][gc,task       ] GC(111) Using 2 workers of 2 for evacuation
[2025-11-06T18:39:36.418+0000][gc,phases     ] GC(111)   Pre Evacuate Collection Set: 0.0ms
[2025-11-06T18:39:36.418+0000][gc,phases     ] GC(111)   Evacuate Collection Set: 9.1ms
[2025-11-06T18:39:36.418+0000][gc,phases     ] GC(111)   Post Evacuate Collection Set: 0.5ms
[2025-11-06T18:39:36.418+0000][gc,phases     ] GC(111)   Other: 0.5ms
[2025-11-06T18:39:36.418+0000][gc,heap       ] GC(111) Eden regions: 19->0(63)
[2025-11-06T18:39:36.418+0000][gc,heap       ] GC(111) Survivor regions: 6->4(4)
[2025-11-06T18:39:36.418+0000][gc,heap       ] GC(111) Old regions: 58->52
[2025-11-06T18:39:36.419+0000][gc,heap       ] GC(111) Humongous regions: 147->147
[2025-11-06T18:39:36.419+0000][gc,metaspace  ] GC(111) Metaspace: 52921K(56112K)->52921K(56112K) NonClass: 47034K(48816K)->47034K(48816K) Class: 5886K(7296K)->5886K(7296K)
[2025-11-06T18:39:36.419+0000][gc            ] GC(111) Pause Young (Mixed) (G1 Evacuation Pause) 229M->202M(512M) 11.406ms
[2025-11-06T18:39:36.419+0000][gc,cpu        ] GC(111) User=0.02s Sys=0.00s Real=0.01s
[2025-11-06T18:41:56.206+0000][gc,start      ] GC(112) Pause Young (Concurrent Start) (G1 Evacuation Pause)
[2025-11-06T18:41:56.206+0000][gc,task       ] GC(112) Using 2 workers of 2 for evacuation
[2025-11-06T18:41:56.219+0000][gc,phases     ] GC(112)   Pre Evacuate Collection Set: 0.2ms
[2025-11-06T18:41:56.219+0000][gc,phases     ] GC(112)   Evacuate Collection Set: 11.1ms
[2025-11-06T18:41:56.219+0000][gc,phases     ] GC(112)   Post Evacuate Collection Set: 0.6ms
[2025-11-06T18:41:56.219+0000][gc,phases     ] GC(112)   Other: 0.6ms
[2025-11-06T18:41:56.219+0000][gc,heap       ] GC(112) Eden regions: 63->0(62)
[2025-11-06T18:41:56.220+0000][gc,heap       ] GC(112) Survivor regions: 4->7(9)
[2025-11-06T18:41:56.220+0000][gc,heap       ] GC(112) Old regions: 52->52
[2025-11-06T18:41:56.220+0000][gc,heap       ] GC(112) Humongous regions: 147->147
[2025-11-06T18:41:56.220+0000][gc,metaspace  ] GC(112) Metaspace: 52921K(56112K)->52921K(56112K) NonClass: 47034K(48816K)->47034K(48816K) Class: 5886K(7296K)->5886K(7296K)
[2025-11-06T18:41:56.220+0000][gc            ] GC(112) Pause Young (Concurrent Start) (G1 Evacuation Pause) 265M->205M(512M) 13.940ms
[2025-11-06T18:41:56.220+0000][gc,cpu        ] GC(112) User=0.02s Sys=0.00s Real=0.01s
[2025-11-06T18:41:56.220+0000][gc            ] GC(113) Concurrent Cycle
[2025-11-06T18:41:56.221+0000][gc,marking    ] GC(113) Concurrent Clear Claimed Marks
[2025-11-06T18:41:56.221+0000][gc,marking    ] GC(113) Concurrent Clear Claimed Marks 0.336ms
[2025-11-06T18:41:56.221+0000][gc,marking    ] GC(113) Concurrent Scan Root Regions
[2025-11-06T18:41:56.226+0000][gc,marking    ] GC(113) Concurrent Scan Root Regions 4.458ms
[2025-11-06T18:41:56.226+0000][gc,marking    ] GC(113) Concurrent Mark (4930.927s)
[2025-11-06T18:41:56.226+0000][gc,marking    ] GC(113) Concurrent Mark From Roots
[2025-11-06T18:41:56.226+0000][gc,task       ] GC(113) Using 1 workers of 1 for marking
[2025-11-06T18:41:56.257+0000][gc,marking    ] GC(113) Concurrent Mark From Roots 31.191ms
[2025-11-06T18:41:56.257+0000][gc,marking    ] GC(113) Concurrent Preclean
[2025-11-06T18:41:56.258+0000][gc,marking    ] GC(113) Concurrent Preclean 0.266ms
[2025-11-06T18:41:56.258+0000][gc,marking    ] GC(113) Concurrent Mark (4930.927s, 4930.959s) 32.091ms
[2025-11-06T18:41:56.259+0000][gc,start      ] GC(113) Pause Remark
[2025-11-06T18:41:56.271+0000][gc,stringtable] GC(113) Cleaned string and symbol table, strings: 16756 processed, 0 removed, symbols: 123764 processed, 0 removed
[2025-11-06T18:41:56.271+0000][gc            ] GC(113) Pause Remark 205M->205M(512M) 12.589ms
[2025-11-06T18:41:56.272+0000][gc,cpu        ] GC(113) User=0.02s Sys=0.00s Real=0.01s
[2025-11-06T18:41:56.272+0000][gc,marking    ] GC(113) Concurrent Rebuild Remembered Sets
[2025-11-06T18:41:56.294+0000][gc,marking    ] GC(113) Concurrent Rebuild Remembered Sets 21.875ms
[2025-11-06T18:41:56.294+0000][gc,start      ] GC(113) Pause Cleanup
[2025-11-06T18:41:56.295+0000][gc            ] GC(113) Pause Cleanup 206M->206M(512M) 0.421ms
[2025-11-06T18:41:56.295+0000][gc,cpu        ] GC(113) User=0.00s Sys=0.00s Real=0.00s
[2025-11-06T18:41:56.295+0000][gc,marking    ] GC(113) Concurrent Cleanup for Next Mark
[2025-11-06T18:41:56.296+0000][gc,marking    ] GC(113) Concurrent Cleanup for Next Mark 1.164ms
[2025-11-06T18:41:56.297+0000][gc            ] GC(113) Concurrent Cycle 76.324ms
[2025-11-06T18:44:15.011+0000][gc,start      ] GC(114) Pause Young (Prepare Mixed) (G1 Evacuation Pause)
[2025-11-06T18:44:15.014+0000][gc,task       ] GC(114) Using 2 workers of 2 for evacuation
[2025-11-06T18:44:15.040+0000][gc,mmu        ] GC(114) MMU target violated: 21.0ms (20.0ms/21.0ms)
[2025-11-06T18:44:15.077+0000][gc,phases     ] GC(114)   Pre Evacuate Collection Set: 0.0ms
[2025-11-06T18:44:15.077+0000][gc,phases     ] GC(114)   Evacuate Collection Set: 24.7ms
[2025-11-06T18:44:15.078+0000][gc,phases     ] GC(114)   Post Evacuate Collection Set: 0.9ms
[2025-11-06T18:44:15.078+0000][gc,phases     ] GC(114)   Other: 40.2ms
[2025-11-06T18:44:15.078+0000][gc,heap       ] GC(114) Eden regions: 62->0(20)
[2025-11-06T18:44:15.079+0000][gc,heap       ] GC(114) Survivor regions: 7->5(9)
[2025-11-06T18:44:15.079+0000][gc,heap       ] GC(114) Old regions: 52->57
[2025-11-06T18:44:15.079+0000][gc,heap       ] GC(114) Humongous regions: 147->147
[2025-11-06T18:44:15.079+0000][gc,metaspace  ] GC(114) Metaspace: 52921K(56112K)->52921K(56112K) NonClass: 47034K(48816K)->47034K(48816K) Class: 5886K(7296K)->5886K(7296K)
[2025-11-06T18:44:15.080+0000][gc            ] GC(114) Pause Young (Prepare Mixed) (G1 Evacuation Pause) 267M->208M(512M) 68.305ms
[2025-11-06T18:44:15.080+0000][gc,cpu        ] GC(114) User=0.05s Sys=0.00s Real=0.07s
[2025-11-06T18:44:59.045+0000][gc,start      ] GC(115) Pause Young (Mixed) (G1 Evacuation Pause)
[2025-11-06T18:44:59.060+0000][gc,task       ] GC(115) Using 2 workers of 2 for evacuation
[2025-11-06T18:44:59.077+0000][gc,phases     ] GC(115)   Pre Evacuate Collection Set: 0.1ms
[2025-11-06T18:44:59.078+0000][gc,phases     ] GC(115)   Evacuate Collection Set: 15.8ms
[2025-11-06T18:44:59.078+0000][gc,phases     ] GC(115)   Post Evacuate Collection Set: 1.0ms
[2025-11-06T18:44:59.078+0000][gc,phases     ] GC(115)   Other: 15.3ms
[2025-11-06T18:44:59.078+0000][gc,heap       ] GC(115) Eden regions: 20->0(62)
[2025-11-06T18:44:59.079+0000][gc,heap       ] GC(115) Survivor regions: 5->2(4)
[2025-11-06T18:44:59.079+0000][gc,heap       ] GC(115) Old regions: 57->54
[2025-11-06T18:44:59.079+0000][gc,heap       ] GC(115) Humongous regions: 147->147
[2025-11-06T18:44:59.080+0000][gc,metaspace  ] GC(115) Metaspace: 52924K(56112K)->52924K(56112K) NonClass: 47037K(48816K)->47037K(48816K) Class: 5886K(7296K)->5886K(7296K)
[2025-11-06T18:44:59.080+0000][gc            ] GC(115) Pause Young (Mixed) (G1 Evacuation Pause) 228M->202M(512M) 34.858ms
[2025-11-06T18:44:59.080+0000][gc,cpu        ] GC(115) User=0.03s Sys=0.00s Real=0.03s
[2025-11-06T18:47:17.069+0000][gc,start      ] GC(116) Pause Young (Concurrent Start) (G1 Evacuation Pause)
[2025-11-06T18:47:17.069+0000][gc,task       ] GC(116) Using 2 workers of 2 for evacuation
[2025-11-06T18:47:17.085+0000][gc,phases     ] GC(116)   Pre Evacuate Collection Set: 0.3ms
[2025-11-06T18:47:17.086+0000][gc,phases     ] GC(116)   Evacuate Collection Set: 14.6ms
[2025-11-06T18:47:17.086+0000][gc,phases     ] GC(116)   Post Evacuate Collection Set: 1.0ms
[2025-11-06T18:47:17.086+0000][gc,phases     ] GC(116)   Other: 0.7ms
[2025-11-06T18:47:17.087+0000][gc,heap       ] GC(116) Eden regions: 62->0(48)
[2025-11-06T18:47:17.087+0000][gc,heap       ] GC(116) Survivor regions: 2->7(8)
[2025-11-06T18:47:17.087+0000][gc,heap       ] GC(116) Old regions: 54->54
[2025-11-06T18:47:17.088+0000][gc,heap       ] GC(116) Humongous regions: 147->147
[2025-11-06T18:47:17.088+0000][gc,metaspace  ] GC(116) Metaspace: 52925K(56112K)->52925K(56112K) NonClass: 47038K(48816K)->47038K(48816K) Class: 5886K(7296K)->5886K(7296K)
[2025-11-06T18:47:17.088+0000][gc            ] GC(116) Pause Young (Concurrent Start) (G1 Evacuation Pause) 264M->207M(512M) 19.183ms
[2025-11-06T18:47:17.088+0000][gc,cpu        ] GC(116) User=0.03s Sys=0.00s Real=0.02s
[2025-11-06T18:47:17.088+0000][gc            ] GC(117) Concurrent Cycle
[2025-11-06T18:47:17.089+0000][gc,marking    ] GC(117) Concurrent Clear Claimed Marks
[2025-11-06T18:47:17.089+0000][gc,marking    ] GC(117) Concurrent Clear Claimed Marks 0.504ms
[2025-11-06T18:47:17.089+0000][gc,marking    ] GC(117) Concurrent Scan Root Regions
[2025-11-06T18:47:17.095+0000][gc,marking    ] GC(117) Concurrent Scan Root Regions 6.091ms
[2025-11-06T18:47:17.096+0000][gc,marking    ] GC(117) Concurrent Mark (5251.808s)
[2025-11-06T18:47:17.096+0000][gc,marking    ] GC(117) Concurrent Mark From Roots
[2025-11-06T18:47:17.096+0000][gc,task       ] GC(117) Using 1 workers of 1 for marking
[2025-11-06T18:47:17.134+0000][gc,marking    ] GC(117) Concurrent Mark From Roots 38.429ms
[2025-11-06T18:47:17.135+0000][gc,marking    ] GC(117) Concurrent Preclean
[2025-11-06T18:47:17.135+0000][gc,marking    ] GC(117) Concurrent Preclean 0.396ms
[2025-11-06T18:47:17.135+0000][gc,marking    ] GC(117) Concurrent Mark (5251.808s, 5251.847s) 39.477ms
[2025-11-06T18:47:17.136+0000][gc,start      ] GC(117) Pause Remark
[2025-11-06T18:47:17.147+0000][gc,stringtable] GC(117) Cleaned string and symbol table, strings: 16756 processed, 0 removed, symbols: 123764 processed, 0 removed
[2025-11-06T18:47:17.148+0000][gc            ] GC(117) Pause Remark 208M->208M(512M) 12.069ms
[2025-11-06T18:47:17.148+0000][gc,cpu        ] GC(117) User=0.02s Sys=0.00s Real=0.01s
[2025-11-06T18:47:17.148+0000][gc,marking    ] GC(117) Concurrent Rebuild Remembered Sets
[2025-11-06T18:47:17.171+0000][gc,marking    ] GC(117) Concurrent Rebuild Remembered Sets 23.011ms
[2025-11-06T18:47:17.172+0000][gc,start      ] GC(117) Pause Cleanup
[2025-11-06T18:47:17.173+0000][gc            ] GC(117) Pause Cleanup 208M->208M(512M) 0.607ms
[2025-11-06T18:47:17.173+0000][gc,cpu        ] GC(117) User=0.00s Sys=0.00s Real=0.00s
[2025-11-06T18:47:17.173+0000][gc,marking    ] GC(117) Concurrent Cleanup for Next Mark
[2025-11-06T18:47:17.174+0000][gc,marking    ] GC(117) Concurrent Cleanup for Next Mark 0.851ms
[2025-11-06T18:47:17.174+0000][gc            ] GC(117) Concurrent Cycle 85.711ms
[2025-11-06T18:48:55.496+0000][gc,start      ] GC(118) Pause Young (Prepare Mixed) (G1 Evacuation Pause)
[2025-11-06T18:48:55.497+0000][gc,task       ] GC(118) Using 2 workers of 2 for evacuation
[2025-11-06T18:48:55.512+0000][gc,phases     ] GC(118)   Pre Evacuate Collection Set: 0.0ms
[2025-11-06T18:48:55.513+0000][gc,phases     ] GC(118)   Evacuate Collection Set: 14.4ms
[2025-11-06T18:48:55.513+0000][gc,phases     ] GC(118)   Post Evacuate Collection Set: 0.7ms
[2025-11-06T18:48:55.513+0000][gc,phases     ] GC(118)   Other: 1.3ms
[2025-11-06T18:48:55.513+0000][gc,heap       ] GC(118) Eden regions: 44->0(20)
[2025-11-06T18:48:55.513+0000][gc,heap       ] GC(118) Survivor regions: 7->5(7)
[2025-11-06T18:48:55.513+0000][gc,heap       ] GC(118) Old regions: 54->59
[2025-11-06T18:48:55.513+0000][gc,heap       ] GC(118) Humongous regions: 147->147
[2025-11-06T18:48:55.513+0000][gc,metaspace  ] GC(118) Metaspace: 52925K(56112K)->52925K(56112K) NonClass: 47038K(48816K)->47038K(48816K) Class: 5886K(7296K)->5886K(7296K)
[2025-11-06T18:48:55.514+0000][gc            ] GC(118) Pause Young (Prepare Mixed) (G1 Evacuation Pause) 251M->210M(512M) 17.630ms
[2025-11-06T18:48:55.514+0000][gc,cpu        ] GC(118) User=0.03s Sys=0.00s Real=0.01s
[2025-11-06T18:49:39.135+0000][gc,start      ] GC(119) Pause Young (Mixed) (G1 Evacuation Pause)
[2025-11-06T18:49:39.136+0000][gc,task       ] GC(119) Using 2 workers of 2 for evacuation
[2025-11-06T18:49:39.149+0000][gc,phases     ] GC(119)   Pre Evacuate Collection Set: 0.1ms
[2025-11-06T18:49:39.149+0000][gc,phases     ] GC(119)   Evacuate Collection Set: 11.7ms
[2025-11-06T18:49:39.149+0000][gc,phases     ] GC(119)   Post Evacuate Collection Set: 0.8ms
[2025-11-06T18:49:39.149+0000][gc,phases     ] GC(119)   Other: 1.6ms
[2025-11-06T18:49:39.149+0000][gc,heap       ] GC(119) Eden regions: 20->0(54)
[2025-11-06T18:49:39.150+0000][gc,heap       ] GC(119) Survivor regions: 5->3(4)
[2025-11-06T18:49:39.150+0000][gc,heap       ] GC(119) Old regions: 59->53
[2025-11-06T18:49:39.150+0000][gc,heap       ] GC(119) Humongous regions: 147->147
[2025-11-06T18:49:39.150+0000][gc,metaspace  ] GC(119) Metaspace: 52925K(56112K)->52925K(56112K) NonClass: 47038K(48816K)->47038K(48816K) Class: 5886K(7296K)->5886K(7296K)
[2025-11-06T18:49:39.150+0000][gc            ] GC(119) Pause Young (Mixed) (G1 Evacuation Pause) 230M->202M(512M) 15.597ms
[2025-11-06T18:49:39.150+0000][gc,cpu        ] GC(119) User=0.02s Sys=0.00s Real=0.02s
[2025-11-06T18:51:38.225+0000][gc,start      ] GC(120) Pause Young (Concurrent Start) (G1 Evacuation Pause)
[2025-11-06T18:51:38.225+0000][gc,task       ] GC(120) Using 2 workers of 2 for evacuation
[2025-11-06T18:51:38.236+0000][gc,phases     ] GC(120)   Pre Evacuate Collection Set: 0.2ms
[2025-11-06T18:51:38.237+0000][gc,phases     ] GC(120)   Evacuate Collection Set: 10.3ms
[2025-11-06T18:51:38.237+0000][gc,phases     ] GC(120)   Post Evacuate Collection Set: 0.6ms
[2025-11-06T18:51:38.237+0000][gc,phases     ] GC(120)   Other: 0.6ms
[2025-11-06T18:51:38.237+0000][gc,heap       ] GC(120) Eden regions: 54->0(54)
[2025-11-06T18:51:38.237+0000][gc,heap       ] GC(120) Survivor regions: 3->5(8)
[2025-11-06T18:51:38.238+0000][gc,heap       ] GC(120) Old regions: 53->53
[2025-11-06T18:51:38.238+0000][gc,heap       ] GC(120) Humongous regions: 147->147
[2025-11-06T18:51:38.238+0000][gc,metaspace  ] GC(120) Metaspace: 52930K(56112K)->52930K(56112K) NonClass: 47043K(48816K)->47043K(48816K) Class: 5886K(7296K)->5886K(7296K)
[2025-11-06T18:51:38.238+0000][gc            ] GC(120) Pause Young (Concurrent Start) (G1 Evacuation Pause) 256M->204M(512M) 13.261ms
[2025-11-06T18:51:38.238+0000][gc,cpu        ] GC(120) User=0.03s Sys=0.00s Real=0.02s
[2025-11-06T18:51:38.238+0000][gc            ] GC(121) Concurrent Cycle
[2025-11-06T18:51:38.239+0000][gc,marking    ] GC(121) Concurrent Clear Claimed Marks
[2025-11-06T18:51:38.239+0000][gc,marking    ] GC(121) Concurrent Clear Claimed Marks 0.483ms
[2025-11-06T18:51:38.239+0000][gc,marking    ] GC(121) Concurrent Scan Root Regions
[2025-11-06T18:51:38.243+0000][gc,marking    ] GC(121) Concurrent Scan Root Regions 4.155ms
[2025-11-06T18:51:38.244+0000][gc,marking    ] GC(121) Concurrent Mark (5512.955s)
[2025-11-06T18:51:38.244+0000][gc,marking    ] GC(121) Concurrent Mark From Roots
[2025-11-06T18:51:38.244+0000][gc,task       ] GC(121) Using 1 workers of 1 for marking
[2025-11-06T18:51:38.274+0000][gc,marking    ] GC(121) Concurrent Mark From Roots 29.758ms
[2025-11-06T18:51:38.274+0000][gc,marking    ] GC(121) Concurrent Preclean
[2025-11-06T18:51:38.274+0000][gc,marking    ] GC(121) Concurrent Preclean 0.277ms
[2025-11-06T18:51:38.274+0000][gc,marking    ] GC(121) Concurrent Mark (5512.955s, 5512.985s) 30.586ms
[2025-11-06T18:51:38.275+0000][gc,start      ] GC(121) Pause Remark
[2025-11-06T18:51:38.284+0000][gc,stringtable] GC(121) Cleaned string and symbol table, strings: 16764 processed, 0 removed, symbols: 123764 processed, 0 removed
[2025-11-06T18:51:38.285+0000][gc            ] GC(121) Pause Remark 204M->204M(512M) 10.133ms
[2025-11-06T18:51:38.285+0000][gc,cpu        ] GC(121) User=0.02s Sys=0.00s Real=0.01s
[2025-11-06T18:51:38.285+0000][gc,marking    ] GC(121) Concurrent Rebuild Remembered Sets
[2025-11-06T18:51:38.303+0000][gc,marking    ] GC(121) Concurrent Rebuild Remembered Sets 18.253ms
[2025-11-06T18:51:38.304+0000][gc,start      ] GC(121) Pause Cleanup
[2025-11-06T18:51:38.304+0000][gc            ] GC(121) Pause Cleanup 204M->204M(512M) 0.380ms
[2025-11-06T18:51:38.305+0000][gc,cpu        ] GC(121) User=0.00s Sys=0.00s Real=0.00s
[2025-11-06T18:51:38.305+0000][gc,marking    ] GC(121) Concurrent Cleanup for Next Mark
[2025-11-06T18:51:38.306+0000][gc,marking    ] GC(121) Concurrent Cleanup for Next Mark 0.682ms
[2025-11-06T18:51:38.306+0000][gc            ] GC(121) Concurrent Cycle 67.323ms
[2025-11-06T18:53:36.208+0000][gc,start      ] GC(122) Pause Young (Prepare Mixed) (G1 Evacuation Pause)
[2025-11-06T18:53:36.209+0000][gc,task       ] GC(122) Using 2 workers of 2 for evacuation
[2025-11-06T18:53:36.233+0000][gc,mmu        ] GC(122) MMU target violated: 21.0ms (20.0ms/21.0ms)
[2025-11-06T18:53:36.233+0000][gc,phases     ] GC(122)   Pre Evacuate Collection Set: 0.0ms
[2025-11-06T18:53:36.233+0000][gc,phases     ] GC(122)   Evacuate Collection Set: 22.0ms
[2025-11-06T18:53:36.235+0000][gc,phases     ] GC(122)   Post Evacuate Collection Set: 1.0ms
[2025-11-06T18:53:36.235+0000][gc,phases     ] GC(122)   Other: 1.4ms
[2025-11-06T18:53:36.236+0000][gc,heap       ] GC(122) Eden regions: 53->0(17)
[2025-11-06T18:53:36.236+0000][gc,heap       ] GC(122) Survivor regions: 5->8(8)
[2025-11-06T18:53:36.236+0000][gc,heap       ] GC(122) Old regions: 53->54
[2025-11-06T18:53:36.236+0000][gc,heap       ] GC(122) Humongous regions: 147->147
[2025-11-06T18:53:36.237+0000][gc,metaspace  ] GC(122) Metaspace: 52930K(56112K)->52930K(56112K) NonClass: 47043K(48816K)->47043K(48816K) Class: 5886K(7296K)->5886K(7296K)
[2025-11-06T18:53:36.237+0000][gc            ] GC(122) Pause Young (Prepare Mixed) (G1 Evacuation Pause) 257M->208M(512M) 28.289ms
[2025-11-06T18:53:36.237+0000][gc,cpu        ] GC(122) User=0.05s Sys=0.00s Real=0.03s
[2025-11-06T18:54:13.400+0000][gc,start      ] GC(123) Pause Young (Mixed) (G1 Evacuation Pause)
[2025-11-06T18:54:13.401+0000][gc,task       ] GC(123) Using 2 workers of 2 for evacuation
[2025-11-06T18:54:13.488+0000][gc,mmu        ] GC(123) MMU target violated: 21.0ms (20.0ms/21.0ms)
[2025-11-06T18:54:13.489+0000][gc,phases     ] GC(123)   Pre Evacuate Collection Set: 0.0ms
[2025-11-06T18:54:13.490+0000][gc,phases     ] GC(123)   Evacuate Collection Set: 84.8ms
[2025-11-06T18:54:13.490+0000][gc,phases     ] GC(123)   Post Evacuate Collection Set: 2.0ms
[2025-11-06T18:54:13.490+0000][gc,phases     ] GC(123)   Other: 2.2ms
[2025-11-06T18:54:13.490+0000][gc,heap       ] GC(123) Eden regions: 17->0(23)
[2025-11-06T18:54:13.491+0000][gc,heap       ] GC(123) Survivor regions: 8->2(4)
[2025-11-06T18:54:13.491+0000][gc,heap       ] GC(123) Old regions: 54->53
[2025-11-06T18:54:13.491+0000][gc,heap       ] GC(123) Humongous regions: 147->147
[2025-11-06T18:54:13.492+0000][gc,metaspace  ] GC(123) Metaspace: 52930K(56112K)->52930K(56112K) NonClass: 47043K(48816K)->47043K(48816K) Class: 5886K(7296K)->5886K(7296K)
[2025-11-06T18:54:13.492+0000][gc            ] GC(123) Pause Young (Mixed) (G1 Evacuation Pause) 225M->201M(512M) 91.694ms
[2025-11-06T18:54:13.492+0000][gc,cpu        ] GC(123) User=0.16s Sys=0.02s Real=0.09s
[2025-11-06T18:55:03.663+0000][gc,start      ] GC(124) Pause Young (Concurrent Start) (G1 Evacuation Pause)
[2025-11-06T18:55:03.663+0000][gc,task       ] GC(124) Using 2 workers of 2 for evacuation
[2025-11-06T18:55:03.671+0000][gc,phases     ] GC(124)   Pre Evacuate Collection Set: 0.2ms
[2025-11-06T18:55:03.671+0000][gc,phases     ] GC(124)   Evacuate Collection Set: 5.9ms
[2025-11-06T18:55:03.671+0000][gc,phases     ] GC(124)   Post Evacuate Collection Set: 0.9ms
[2025-11-06T18:55:03.671+0000][gc,phases     ] GC(124)   Other: 0.5ms
[2025-11-06T18:55:03.671+0000][gc,heap       ] GC(124) Eden regions: 23->0(22)
[2025-11-06T18:55:03.672+0000][gc,heap       ] GC(124) Survivor regions: 2->3(4)
[2025-11-06T18:55:03.672+0000][gc,heap       ] GC(124) Old regions: 53->53
[2025-11-06T18:55:03.672+0000][gc,heap       ] GC(124) Humongous regions: 147->147
[2025-11-06T18:55:03.672+0000][gc,metaspace  ] GC(124) Metaspace: 52930K(56112K)->52930K(56112K) NonClass: 47043K(48816K)->47043K(48816K) Class: 5886K(7296K)->5886K(7296K)
[2025-11-06T18:55:03.672+0000][gc            ] GC(124) Pause Young (Concurrent Start) (G1 Evacuation Pause) 224M->202M(512M) 9.155ms
[2025-11-06T18:55:03.673+0000][gc,cpu        ] GC(124) User=0.01s Sys=0.00s Real=0.01s
[2025-11-06T18:55:03.673+0000][gc            ] GC(125) Concurrent Cycle
[2025-11-06T18:55:03.673+0000][gc,marking    ] GC(125) Concurrent Clear Claimed Marks
[2025-11-06T18:55:03.674+0000][gc,marking    ] GC(125) Concurrent Clear Claimed Marks 0.418ms
[2025-11-06T18:55:03.674+0000][gc,marking    ] GC(125) Concurrent Scan Root Regions
[2025-11-06T18:55:03.676+0000][gc,marking    ] GC(125) Concurrent Scan Root Regions 2.718ms
[2025-11-06T18:55:03.677+0000][gc,marking    ] GC(125) Concurrent Mark (5718.397s)
[2025-11-06T18:55:03.677+0000][gc,marking    ] GC(125) Concurrent Mark From Roots
[2025-11-06T18:55:03.677+0000][gc,task       ] GC(125) Using 1 workers of 1 for marking
[2025-11-06T18:55:03.708+0000][gc,marking    ] GC(125) Concurrent Mark From Roots 31.132ms
[2025-11-06T18:55:03.708+0000][gc,marking    ] GC(125) Concurrent Preclean
[2025-11-06T18:55:03.708+0000][gc,marking    ] GC(125) Concurrent Preclean 0.334ms
[2025-11-06T18:55:03.709+0000][gc,marking    ] GC(125) Concurrent Mark (5718.397s, 5718.429s) 32.012ms
[2025-11-06T18:55:03.709+0000][gc,start      ] GC(125) Pause Remark
[2025-11-06T18:55:03.718+0000][gc,stringtable] GC(125) Cleaned string and symbol table, strings: 16764 processed, 0 removed, symbols: 123764 processed, 0 removed
[2025-11-06T18:55:03.719+0000][gc            ] GC(125) Pause Remark 202M->202M(512M) 9.678ms
[2025-11-06T18:55:03.719+0000][gc,cpu        ] GC(125) User=0.01s Sys=0.00s Real=0.01s
[2025-11-06T18:55:03.719+0000][gc,marking    ] GC(125) Concurrent Rebuild Remembered Sets
[2025-11-06T18:55:03.737+0000][gc,marking    ] GC(125) Concurrent Rebuild Remembered Sets 17.343ms
[2025-11-06T18:55:03.737+0000][gc,start      ] GC(125) Pause Cleanup
[2025-11-06T18:55:03.738+0000][gc            ] GC(125) Pause Cleanup 202M->202M(512M) 0.536ms
[2025-11-06T18:55:03.738+0000][gc,cpu        ] GC(125) User=0.00s Sys=0.00s Real=0.00s
[2025-11-06T18:55:03.738+0000][gc,marking    ] GC(125) Concurrent Cleanup for Next Mark
[2025-11-06T18:55:03.739+0000][gc,marking    ] GC(125) Concurrent Cleanup for Next Mark 0.789ms
[2025-11-06T18:55:03.739+0000][gc            ] GC(125) Concurrent Cycle 66.217ms
[2025-11-06T18:55:51.397+0000][gc,start      ] GC(126) Pause Young (Prepare Mixed) (G1 Evacuation Pause)
[2025-11-06T18:55:51.397+0000][gc,task       ] GC(126) Using 2 workers of 2 for evacuation
[2025-11-06T18:55:51.405+0000][gc,phases     ] GC(126)   Pre Evacuate Collection Set: 0.0ms
[2025-11-06T18:55:51.406+0000][gc,phases     ] GC(126)   Evacuate Collection Set: 7.5ms
[2025-11-06T18:55:51.406+0000][gc,phases     ] GC(126)   Post Evacuate Collection Set: 0.6ms
[2025-11-06T18:55:51.406+0000][gc,phases     ] GC(126)   Other: 0.5ms
[2025-11-06T18:55:51.406+0000][gc,heap       ] GC(126) Eden regions: 22->0(22)
[2025-11-06T18:55:51.406+0000][gc,heap       ] GC(126) Survivor regions: 3->3(4)
[2025-11-06T18:55:51.406+0000][gc,heap       ] GC(126) Old regions: 53->54
[2025-11-06T18:55:51.406+0000][gc,heap       ] GC(126) Humongous regions: 147->147
[2025-11-06T18:55:51.406+0000][gc,metaspace  ] GC(126) Metaspace: 52943K(56112K)->52943K(56112K) NonClass: 47056K(48816K)->47056K(48816K) Class: 5886K(7296K)->5886K(7296K)
[2025-11-06T18:55:51.407+0000][gc            ] GC(126) Pause Young (Prepare Mixed) (G1 Evacuation Pause) 224M->203M(512M) 9.773ms
[2025-11-06T18:55:51.407+0000][gc,cpu        ] GC(126) User=0.02s Sys=0.00s Real=0.01s
[2025-11-06T18:56:39.627+0000][gc,start      ] GC(127) Pause Young (Mixed) (G1 Evacuation Pause)
[2025-11-06T18:56:39.627+0000][gc,task       ] GC(127) Using 2 workers of 2 for evacuation
[2025-11-06T18:56:39.637+0000][gc,phases     ] GC(127)   Pre Evacuate Collection Set: 0.1ms
[2025-11-06T18:56:39.637+0000][gc,phases     ] GC(127)   Evacuate Collection Set: 8.8ms
[2025-11-06T18:56:39.638+0000][gc,phases     ] GC(127)   Post Evacuate Collection Set: 0.7ms
[2025-11-06T18:56:39.638+0000][gc,phases     ] GC(127)   Other: 0.6ms
[2025-11-06T18:56:39.638+0000][gc,heap       ] GC(127) Eden regions: 22->0(22)
[2025-11-06T18:56:39.638+0000][gc,heap       ] GC(127) Survivor regions: 3->3(4)
[2025-11-06T18:56:39.638+0000][gc,heap       ] GC(127) Old regions: 54->49
[2025-11-06T18:56:39.638+0000][gc,heap       ] GC(127) Humongous regions: 147->147
[2025-11-06T18:56:39.639+0000][gc,metaspace  ] GC(127) Metaspace: 52945K(56112K)->52945K(56112K) NonClass: 47058K(48816K)->47058K(48816K) Class: 5886K(7296K)->5886K(7296K)
[2025-11-06T18:56:39.639+0000][gc            ] GC(127) Pause Young (Mixed) (G1 Evacuation Pause) 225M->198M(512M) 11.778ms
[2025-11-06T18:56:39.639+0000][gc,cpu        ] GC(127) User=0.02s Sys=0.00s Real=0.01s
[2025-11-06T18:57:28.376+0000][gc,start      ] GC(128) Pause Young (Mixed) (G1 Evacuation Pause)
[2025-11-06T18:57:28.377+0000][gc,task       ] GC(128) Using 2 workers of 2 for evacuation
[2025-11-06T18:57:28.387+0000][gc,phases     ] GC(128)   Pre Evacuate Collection Set: 0.0ms
[2025-11-06T18:57:28.387+0000][gc,phases     ] GC(128)   Evacuate Collection Set: 9.1ms
[2025-11-06T18:57:28.388+0000][gc,phases     ] GC(128)   Post Evacuate Collection Set: 0.7ms
[2025-11-06T18:57:28.388+0000][gc,phases     ] GC(128)   Other: 1.1ms
[2025-11-06T18:57:28.388+0000][gc,heap       ] GC(128) Eden regions: 22->0(23)
[2025-11-06T18:57:28.388+0000][gc,heap       ] GC(128) Survivor regions: 3->3(4)
[2025-11-06T18:57:28.388+0000][gc,heap       ] GC(128) Old regions: 49->50
[2025-11-06T18:57:28.388+0000][gc,heap       ] GC(128) Humongous regions: 147->147
[2025-11-06T18:57:28.389+0000][gc,metaspace  ] GC(128) Metaspace: 52945K(56112K)->52945K(56112K) NonClass: 47058K(48816K)->47058K(48816K) Class: 5886K(7296K)->5886K(7296K)
[2025-11-06T18:57:28.389+0000][gc            ] GC(128) Pause Young (Mixed) (G1 Evacuation Pause) 220M->199M(512M) 12.647ms
[2025-11-06T18:57:28.389+0000][gc,cpu        ] GC(128) User=0.01s Sys=0.00s Real=0.01s
[2025-11-06T18:58:18.584+0000][gc,start      ] GC(129) Pause Young (Concurrent Start) (G1 Evacuation Pause)
[2025-11-06T18:58:18.585+0000][gc,task       ] GC(129) Using 2 workers of 2 for evacuation
[2025-11-06T18:58:18.598+0000][gc,phases     ] GC(129)   Pre Evacuate Collection Set: 0.4ms
[2025-11-06T18:58:18.598+0000][gc,phases     ] GC(129)   Evacuate Collection Set: 11.8ms
[2025-11-06T18:58:18.599+0000][gc,phases     ] GC(129)   Post Evacuate Collection Set: 0.7ms
[2025-11-06T18:58:18.599+0000][gc,phases     ] GC(129)   Other: 1.4ms
[2025-11-06T18:58:18.599+0000][gc,heap       ] GC(129) Eden regions: 23->0(23)
[2025-11-06T18:58:18.599+0000][gc,heap       ] GC(129) Survivor regions: 3->3(4)
[2025-11-06T18:58:18.599+0000][gc,heap       ] GC(129) Old regions: 50->51
[2025-11-06T18:58:18.599+0000][gc,heap       ] GC(129) Humongous regions: 147->147
[2025-11-06T18:58:18.599+0000][gc,metaspace  ] GC(129) Metaspace: 52945K(56112K)->52945K(56112K) NonClass: 47058K(48816K)->47058K(48816K) Class: 5886K(7296K)->5886K(7296K)
[2025-11-06T18:58:18.600+0000][gc            ] GC(129) Pause Young (Concurrent Start) (G1 Evacuation Pause) 222M->200M(512M) 15.682ms
[2025-11-06T18:58:18.600+0000][gc,cpu        ] GC(129) User=0.03s Sys=0.00s Real=0.02s
[2025-11-06T18:58:18.600+0000][gc            ] GC(130) Concurrent Cycle
[2025-11-06T18:58:18.600+0000][gc,marking    ] GC(130) Concurrent Clear Claimed Marks
[2025-11-06T18:58:18.601+0000][gc,marking    ] GC(130) Concurrent Clear Claimed Marks 0.753ms
[2025-11-06T18:58:18.601+0000][gc,marking    ] GC(130) Concurrent Scan Root Regions
[2025-11-06T18:58:18.606+0000][gc,marking    ] GC(130) Concurrent Scan Root Regions 4.412ms
[2025-11-06T18:58:18.606+0000][gc,marking    ] GC(130) Concurrent Mark (5913.326s)
[2025-11-06T18:58:18.606+0000][gc,marking    ] GC(130) Concurrent Mark From Roots
[2025-11-06T18:58:18.606+0000][gc,task       ] GC(130) Using 1 workers of 1 for marking
[2025-11-06T18:58:18.646+0000][gc,marking    ] GC(130) Concurrent Mark From Roots 39.930ms
[2025-11-06T18:58:18.646+0000][gc,marking    ] GC(130) Concurrent Preclean
[2025-11-06T18:58:18.647+0000][gc,marking    ] GC(130) Concurrent Preclean 0.307ms
[2025-11-06T18:58:18.647+0000][gc,marking    ] GC(130) Concurrent Mark (5913.326s, 5913.367s) 40.865ms
[2025-11-06T18:58:18.647+0000][gc,start      ] GC(130) Pause Remark
[2025-11-06T18:58:18.660+0000][gc,stringtable] GC(130) Cleaned string and symbol table, strings: 16764 processed, 0 removed, symbols: 123764 processed, 0 removed
[2025-11-06T18:58:18.661+0000][gc            ] GC(130) Pause Remark 200M->200M(512M) 13.776ms
[2025-11-06T18:58:18.661+0000][gc,cpu        ] GC(130) User=0.02s Sys=0.00s Real=0.01s
[2025-11-06T18:58:18.662+0000][gc,marking    ] GC(130) Concurrent Rebuild Remembered Sets
[2025-11-06T18:58:18.683+0000][gc,marking    ] GC(130) Concurrent Rebuild Remembered Sets 21.934ms
[2025-11-06T18:58:18.684+0000][gc,start      ] GC(130) Pause Cleanup
[2025-11-06T18:58:18.737+0000][gc,mmu        ] GC(130) MMU target violated: 21.0ms (20.0ms/21.0ms)
[2025-11-06T18:58:18.745+0000][gc            ] GC(130) Pause Cleanup 200M->200M(512M) 60.256ms
[2025-11-06T18:58:18.746+0000][gc,cpu        ] GC(130) User=0.16s Sys=0.01s Real=0.06s
[2025-11-06T18:58:18.747+0000][gc,marking    ] GC(130) Concurrent Cleanup for Next Mark
[2025-11-06T18:58:18.749+0000][gc,marking    ] GC(130) Concurrent Cleanup for Next Mark 1.975ms
[2025-11-06T18:58:18.750+0000][gc            ] GC(130) Concurrent Cycle 149.897ms
[2025-11-06T18:59:08.919+0000][gc,start      ] GC(131) Pause Young (Prepare Mixed) (G1 Evacuation Pause)
[2025-11-06T18:59:08.920+0000][gc,task       ] GC(131) Using 2 workers of 2 for evacuation
[2025-11-06T18:59:08.930+0000][gc,phases     ] GC(131)   Pre Evacuate Collection Set: 0.0ms
[2025-11-06T18:59:08.930+0000][gc,phases     ] GC(131)   Evacuate Collection Set: 8.9ms
[2025-11-06T18:59:08.930+0000][gc,phases     ] GC(131)   Post Evacuate Collection Set: 0.7ms
[2025-11-06T18:59:08.931+0000][gc,phases     ] GC(131)   Other: 1.3ms
[2025-11-06T18:59:08.931+0000][gc,heap       ] GC(131) Eden regions: 23->0(22)
[2025-11-06T18:59:08.931+0000][gc,heap       ] GC(131) Survivor regions: 3->3(4)
[2025-11-06T18:59:08.931+0000][gc,heap       ] GC(131) Old regions: 51->53
[2025-11-06T18:59:08.931+0000][gc,heap       ] GC(131) Humongous regions: 147->147
[2025-11-06T18:59:08.931+0000][gc,metaspace  ] GC(131) Metaspace: 52945K(56112K)->52945K(56112K) NonClass: 47058K(48816K)->47058K(48816K) Class: 5886K(7296K)->5886K(7296K)
[2025-11-06T18:59:08.931+0000][gc            ] GC(131) Pause Young (Prepare Mixed) (G1 Evacuation Pause) 223M->202M(512M) 12.074ms
[2025-11-06T18:59:08.931+0000][gc,cpu        ] GC(131) User=0.01s Sys=0.00s Real=0.01s
[2025-11-06T18:59:56.872+0000][gc,start      ] GC(132) Pause Young (Mixed) (G1 Evacuation Pause)
[2025-11-06T18:59:56.872+0000][gc,task       ] GC(132) Using 2 workers of 2 for evacuation
[2025-11-06T18:59:56.889+0000][gc,phases     ] GC(132)   Pre Evacuate Collection Set: 0.1ms
[2025-11-06T18:59:56.889+0000][gc,phases     ] GC(132)   Evacuate Collection Set: 14.6ms
[2025-11-06T18:59:56.889+0000][gc,phases     ] GC(132)   Post Evacuate Collection Set: 1.2ms
[2025-11-06T18:59:56.890+0000][gc,phases     ] GC(132)   Other: 1.1ms
[2025-11-06T18:59:56.891+0000][gc,heap       ] GC(132) Eden regions: 22->0(25)
[2025-11-06T18:59:56.891+0000][gc,heap       ] GC(132) Survivor regions: 3->3(4)
[2025-11-06T18:59:56.892+0000][gc,heap       ] GC(132) Old regions: 53->48
[2025-11-06T18:59:56.892+0000][gc,heap       ] GC(132) Humongous regions: 147->147
[2025-11-06T18:59:56.892+0000][gc,metaspace  ] GC(132) Metaspace: 52945K(56112K)->52945K(56112K) NonClass: 47058K(48816K)->47058K(48816K) Class: 5886K(7296K)->5886K(7296K)
[2025-11-06T18:59:56.892+0000][gc            ] GC(132) Pause Young (Mixed) (G1 Evacuation Pause) 224M->197M(512M) 20.385ms
[2025-11-06T18:59:56.893+0000][gc,cpu        ] GC(132) User=0.03s Sys=0.00s Real=0.02s
[2025-11-06T19:00:48.730+0000][gc,start      ] GC(133) Pause Young (Concurrent Start) (G1 Evacuation Pause)
[2025-11-06T19:00:48.731+0000][gc,task       ] GC(133) Using 2 workers of 2 for evacuation
[2025-11-06T19:00:48.746+0000][gc,phases     ] GC(133)   Pre Evacuate Collection Set: 0.2ms
[2025-11-06T19:00:48.746+0000][gc,phases     ] GC(133)   Evacuate Collection Set: 12.4ms
[2025-11-06T19:00:48.746+0000][gc,phases     ] GC(133)   Post Evacuate Collection Set: 0.9ms
[2025-11-06T19:00:48.746+0000][gc,phases     ] GC(133)   Other: 2.4ms
[2025-11-06T19:00:48.747+0000][gc,heap       ] GC(133) Eden regions: 24->0(25)
[2025-11-06T19:00:48.747+0000][gc,heap       ] GC(133) Survivor regions: 3->3(4)
[2025-11-06T19:00:48.747+0000][gc,heap       ] GC(133) Old regions: 48->50
[2025-11-06T19:00:48.748+0000][gc,heap       ] GC(133) Humongous regions: 147->147
[2025-11-06T19:00:48.748+0000][gc,metaspace  ] GC(133) Metaspace: 52945K(56112K)->52945K(56112K) NonClass: 47058K(48816K)->47058K(48816K) Class: 5886K(7296K)->5886K(7296K)
[2025-11-06T19:00:48.748+0000][gc            ] GC(133) Pause Young (Concurrent Start) (G1 Evacuation Pause) 221M->199M(512M) 18.222ms
[2025-11-06T19:00:48.748+0000][gc,cpu        ] GC(133) User=0.03s Sys=0.00s Real=0.02s
[2025-11-06T19:00:48.749+0000][gc            ] GC(134) Concurrent Cycle
[2025-11-06T19:00:48.749+0000][gc,marking    ] GC(134) Concurrent Clear Claimed Marks
[2025-11-06T19:00:48.750+0000][gc,marking    ] GC(134) Concurrent Clear Claimed Marks 0.468ms
[2025-11-06T19:00:48.750+0000][gc,marking    ] GC(134) Concurrent Scan Root Regions
[2025-11-06T19:00:48.754+0000][gc,marking    ] GC(134) Concurrent Scan Root Regions 4.234ms
[2025-11-06T19:00:48.755+0000][gc,marking    ] GC(134) Concurrent Mark (6063.369s)
[2025-11-06T19:00:48.755+0000][gc,marking    ] GC(134) Concurrent Mark From Roots
[2025-11-06T19:00:48.755+0000][gc,task       ] GC(134) Using 1 workers of 1 for marking
[2025-11-06T19:00:48.797+0000][gc,marking    ] GC(134) Concurrent Mark From Roots 42.114ms
[2025-11-06T19:00:48.797+0000][gc,marking    ] GC(134) Concurrent Preclean
[2025-11-06T19:00:48.798+0000][gc,marking    ] GC(134) Concurrent Preclean 0.562ms
[2025-11-06T19:00:48.798+0000][gc,marking    ] GC(134) Concurrent Mark (6063.369s, 6063.412s) 43.612ms
[2025-11-06T19:00:48.799+0000][gc,start      ] GC(134) Pause Remark
[2025-11-06T19:00:48.813+0000][gc,stringtable] GC(134) Cleaned string and symbol table, strings: 16767 processed, 0 removed, symbols: 123764 processed, 0 removed
[2025-11-06T19:00:48.814+0000][gc            ] GC(134) Pause Remark 199M->199M(512M) 15.168ms
[2025-11-06T19:00:48.814+0000][gc,cpu        ] GC(134) User=0.03s Sys=0.00s Real=0.02s
[2025-11-06T19:00:48.815+0000][gc,marking    ] GC(134) Concurrent Rebuild Remembered Sets
[2025-11-06T19:00:48.838+0000][gc,marking    ] GC(134) Concurrent Rebuild Remembered Sets 23.302ms
[2025-11-06T19:00:48.839+0000][gc,start      ] GC(134) Pause Cleanup
[2025-11-06T19:00:48.839+0000][gc            ] GC(134) Pause Cleanup 199M->199M(512M) 0.627ms
[2025-11-06T19:00:48.839+0000][gc,cpu        ] GC(134) User=0.00s Sys=0.00s Real=0.00s
[2025-11-06T19:00:48.840+0000][gc,marking    ] GC(134) Concurrent Cleanup for Next Mark
[2025-11-06T19:00:48.841+0000][gc,marking    ] GC(134) Concurrent Cleanup for Next Mark 0.876ms
[2025-11-06T19:00:48.841+0000][gc            ] GC(134) Concurrent Cycle 92.260ms
[2025-11-06T19:01:41.589+0000][gc,start      ] GC(135) Pause Young (Prepare Mixed) (G1 Evacuation Pause)
[2025-11-06T19:01:41.590+0000][gc,task       ] GC(135) Using 2 workers of 2 for evacuation
[2025-11-06T19:01:41.604+0000][gc,phases     ] GC(135)   Pre Evacuate Collection Set: 0.0ms
[2025-11-06T19:01:41.604+0000][gc,phases     ] GC(135)   Evacuate Collection Set: 12.1ms
[2025-11-06T19:01:41.604+0000][gc,phases     ] GC(135)   Post Evacuate Collection Set: 0.8ms
[2025-11-06T19:01:41.604+0000][gc,phases     ] GC(135)   Other: 1.4ms
[2025-11-06T19:01:41.604+0000][gc,heap       ] GC(135) Eden regions: 24->0(21)
[2025-11-06T19:01:41.605+0000][gc,heap       ] GC(135) Survivor regions: 3->4(4)
[2025-11-06T19:01:41.605+0000][gc,heap       ] GC(135) Old regions: 50->51
[2025-11-06T19:01:41.605+0000][gc,heap       ] GC(135) Humongous regions: 147->147
[2025-11-06T19:01:41.605+0000][gc,metaspace  ] GC(135) Metaspace: 52946K(56112K)->52946K(56112K) NonClass: 47059K(48816K)->47059K(48816K) Class: 5886K(7296K)->5886K(7296K)
[2025-11-06T19:01:41.606+0000][gc            ] GC(135) Pause Young (Prepare Mixed) (G1 Evacuation Pause) 223M->200M(512M) 16.407ms
[2025-11-06T19:01:41.606+0000][gc,cpu        ] GC(135) User=0.03s Sys=0.00s Real=0.02s
[2025-11-06T19:02:27.872+0000][gc,start      ] GC(136) Pause Young (Mixed) (G1 Evacuation Pause)
[2025-11-06T19:02:27.872+0000][gc,task       ] GC(136) Using 2 workers of 2 for evacuation
[2025-11-06T19:02:27.882+0000][gc,phases     ] GC(136)   Pre Evacuate Collection Set: 0.0ms
[2025-11-06T19:02:27.882+0000][gc,phases     ] GC(136)   Evacuate Collection Set: 9.0ms
[2025-11-06T19:02:27.883+0000][gc,phases     ] GC(136)   Post Evacuate Collection Set: 0.7ms
[2025-11-06T19:02:27.883+0000][gc,phases     ] GC(136)   Other: 0.5ms
[2025-11-06T19:02:27.883+0000][gc,heap       ] GC(136) Eden regions: 21->0(27)
[2025-11-06T19:02:27.883+0000][gc,heap       ] GC(136) Survivor regions: 4->3(4)
[2025-11-06T19:02:27.883+0000][gc,heap       ] GC(136) Old regions: 51->49
[2025-11-06T19:02:27.883+0000][gc,heap       ] GC(136) Humongous regions: 147->147
[2025-11-06T19:02:27.883+0000][gc,metaspace  ] GC(136) Metaspace: 52946K(56112K)->52946K(56112K) NonClass: 47059K(48816K)->47059K(48816K) Class: 5886K(7296K)->5886K(7296K)
[2025-11-06T19:02:27.884+0000][gc            ] GC(136) Pause Young (Mixed) (G1 Evacuation Pause) 221M->198M(512M) 11.597ms
[2025-11-06T19:02:27.884+0000][gc,cpu        ] GC(136) User=0.02s Sys=0.00s Real=0.01s
[2025-11-06T19:03:26.928+0000][gc,start      ] GC(137) Pause Young (Concurrent Start) (G1 Evacuation Pause)
[2025-11-06T19:03:26.929+0000][gc,task       ] GC(137) Using 2 workers of 2 for evacuation
[2025-11-06T19:03:26.949+0000][gc,phases     ] GC(137)   Pre Evacuate Collection Set: 0.3ms
[2025-11-06T19:03:26.950+0000][gc,phases     ] GC(137)   Evacuate Collection Set: 16.8ms
[2025-11-06T19:03:26.950+0000][gc,phases     ] GC(137)   Post Evacuate Collection Set: 1.5ms
[2025-11-06T19:03:26.950+0000][gc,phases     ] GC(137)   Other: 3.1ms
[2025-11-06T19:03:26.950+0000][gc,heap       ] GC(137) Eden regions: 27->0(26)
[2025-11-06T19:03:26.951+0000][gc,heap       ] GC(137) Survivor regions: 3->4(4)
[2025-11-06T19:03:26.951+0000][gc,heap       ] GC(137) Old regions: 49->50
[2025-11-06T19:03:26.951+0000][gc,heap       ] GC(137) Humongous regions: 147->147
[2025-11-06T19:03:26.952+0000][gc,metaspace  ] GC(137) Metaspace: 52946K(56112K)->52946K(56112K) NonClass: 47059K(48816K)->47059K(48816K) Class: 5886K(7296K)->5886K(7296K)
[2025-11-06T19:03:26.952+0000][gc            ] GC(137) Pause Young (Concurrent Start) (G1 Evacuation Pause) 225M->200M(512M) 24.174ms
[2025-11-06T19:03:26.952+0000][gc,cpu        ] GC(137) User=0.03s Sys=0.00s Real=0.02s
[2025-11-06T19:03:26.953+0000][gc            ] GC(138) Concurrent Cycle
[2025-11-06T19:03:26.953+0000][gc,marking    ] GC(138) Concurrent Clear Claimed Marks
[2025-11-06T19:03:26.953+0000][gc,marking    ] GC(138) Concurrent Clear Claimed Marks 0.576ms
[2025-11-06T19:03:26.954+0000][gc,marking    ] GC(138) Concurrent Scan Root Regions
[2025-11-06T19:03:26.958+0000][gc,marking    ] GC(138) Concurrent Scan Root Regions 4.543ms
[2025-11-06T19:03:26.959+0000][gc,marking    ] GC(138) Concurrent Mark (6221.570s)
[2025-11-06T19:03:26.959+0000][gc,marking    ] GC(138) Concurrent Mark From Roots
[2025-11-06T19:03:26.959+0000][gc,task       ] GC(138) Using 1 workers of 1 for marking
[2025-11-06T19:03:27.005+0000][gc,marking    ] GC(138) Concurrent Mark From Roots 45.636ms
[2025-11-06T19:03:27.005+0000][gc,marking    ] GC(138) Concurrent Preclean
[2025-11-06T19:03:27.005+0000][gc,marking    ] GC(138) Concurrent Preclean 0.231ms
[2025-11-06T19:03:27.005+0000][gc,marking    ] GC(138) Concurrent Mark (6221.570s, 6221.617s) 46.336ms
[2025-11-06T19:03:27.005+0000][gc,start      ] GC(138) Pause Remark
[2025-11-06T19:03:27.017+0000][gc,stringtable] GC(138) Cleaned string and symbol table, strings: 16767 processed, 0 removed, symbols: 123764 processed, 0 removed
[2025-11-06T19:03:27.018+0000][gc            ] GC(138) Pause Remark 200M->200M(512M) 12.372ms
[2025-11-06T19:03:27.018+0000][gc,cpu        ] GC(138) User=0.02s Sys=0.00s Real=0.01s
[2025-11-06T19:03:27.019+0000][gc,marking    ] GC(138) Concurrent Rebuild Remembered Sets
[2025-11-06T19:03:27.041+0000][gc,marking    ] GC(138) Concurrent Rebuild Remembered Sets 22.767ms
[2025-11-06T19:03:27.045+0000][gc,start      ] GC(138) Pause Cleanup
[2025-11-06T19:03:27.045+0000][gc            ] GC(138) Pause Cleanup 200M->200M(512M) 0.500ms
[2025-11-06T19:03:27.045+0000][gc,cpu        ] GC(138) User=0.00s Sys=0.00s Real=0.00s
[2025-11-06T19:03:27.046+0000][gc,marking    ] GC(138) Concurrent Cleanup for Next Mark
[2025-11-06T19:03:27.046+0000][gc,marking    ] GC(138) Concurrent Cleanup for Next Mark 0.686ms
[2025-11-06T19:03:27.046+0000][gc            ] GC(138) Concurrent Cycle 93.795ms
[2025-11-06T19:04:21.130+0000][gc,start      ] GC(139) Pause Young (Prepare Mixed) (G1 Evacuation Pause)
[2025-11-06T19:04:21.130+0000][gc,task       ] GC(139) Using 2 workers of 2 for evacuation
[2025-11-06T19:04:21.142+0000][gc,phases     ] GC(139)   Pre Evacuate Collection Set: 0.0ms
[2025-11-06T19:04:21.142+0000][gc,phases     ] GC(139)   Evacuate Collection Set: 11.2ms
[2025-11-06T19:04:21.142+0000][gc,phases     ] GC(139)   Post Evacuate Collection Set: 0.6ms
[2025-11-06T19:04:21.143+0000][gc,phases     ] GC(139)   Other: 0.6ms
[2025-11-06T19:04:21.143+0000][gc,heap       ] GC(139) Eden regions: 25->0(22)
[2025-11-06T19:04:21.143+0000][gc,heap       ] GC(139) Survivor regions: 4->3(4)
[2025-11-06T19:04:21.143+0000][gc,heap       ] GC(139) Old regions: 50->53
[2025-11-06T19:04:21.143+0000][gc,heap       ] GC(139) Humongous regions: 147->147
[2025-11-06T19:04:21.143+0000][gc,metaspace  ] GC(139) Metaspace: 52946K(56112K)->52946K(56112K) NonClass: 47059K(48816K)->47059K(48816K) Class: 5886K(7296K)->5886K(7296K)
[2025-11-06T19:04:21.143+0000][gc            ] GC(139) Pause Young (Prepare Mixed) (G1 Evacuation Pause) 225M->201M(512M) 13.696ms
[2025-11-06T19:04:21.144+0000][gc,cpu        ] GC(139) User=0.02s Sys=0.00s Real=0.01s
[2025-11-06T19:05:08.822+0000][gc,start      ] GC(140) Pause Young (Mixed) (G1 Evacuation Pause)
[2025-11-06T19:05:08.823+0000][gc,task       ] GC(140) Using 2 workers of 2 for evacuation
[2025-11-06T19:05:08.832+0000][gc,phases     ] GC(140)   Pre Evacuate Collection Set: 0.0ms
[2025-11-06T19:05:08.833+0000][gc,phases     ] GC(140)   Evacuate Collection Set: 8.8ms
[2025-11-06T19:05:08.833+0000][gc,phases     ] GC(140)   Post Evacuate Collection Set: 0.7ms
[2025-11-06T19:05:08.833+0000][gc,phases     ] GC(140)   Other: 0.5ms
[2025-11-06T19:05:08.833+0000][gc,heap       ] GC(140) Eden regions: 22->0(31)
[2025-11-06T19:05:08.833+0000][gc,heap       ] GC(140) Survivor regions: 3->2(4)
[2025-11-06T19:05:08.833+0000][gc,heap       ] GC(140) Old regions: 53->50
[2025-11-06T19:05:08.834+0000][gc,heap       ] GC(140) Humongous regions: 147->147
[2025-11-06T19:05:08.834+0000][gc,metaspace  ] GC(140) Metaspace: 52954K(56112K)->52954K(56112K) NonClass: 47067K(48816K)->47067K(48816K) Class: 5886K(7296K)->5886K(7296K)
[2025-11-06T19:05:08.834+0000][gc            ] GC(140) Pause Young (Mixed) (G1 Evacuation Pause) 223M->198M(512M) 11.405ms
[2025-11-06T19:05:08.834+0000][gc,cpu        ] GC(140) User=0.02s Sys=0.00s Real=0.01s
[2025-11-06T19:06:17.339+0000][gc,start      ] GC(141) Pause Young (Concurrent Start) (G1 Evacuation Pause)
[2025-11-06T19:06:17.340+0000][gc,task       ] GC(141) Using 2 workers of 2 for evacuation
[2025-11-06T19:06:17.352+0000][gc,phases     ] GC(141)   Pre Evacuate Collection Set: 0.2ms
[2025-11-06T19:06:17.353+0000][gc,phases     ] GC(141)   Evacuate Collection Set: 11.1ms
[2025-11-06T19:06:17.353+0000][gc,phases     ] GC(141)   Post Evacuate Collection Set: 0.7ms
[2025-11-06T19:06:17.353+0000][gc,phases     ] GC(141)   Other: 1.0ms
[2025-11-06T19:06:17.354+0000][gc,heap       ] GC(141) Eden regions: 31->0(31)
[2025-11-06T19:06:17.354+0000][gc,heap       ] GC(141) Survivor regions: 2->5(5)
[2025-11-06T19:06:17.354+0000][gc,heap       ] GC(141) Old regions: 50->50
[2025-11-06T19:06:17.355+0000][gc,heap       ] GC(141) Humongous regions: 147->147
[2025-11-06T19:06:17.355+0000][gc,metaspace  ] GC(141) Metaspace: 52954K(56112K)->52954K(56112K) NonClass: 47067K(48816K)->47067K(48816K) Class: 5886K(7296K)->5886K(7296K)
[2025-11-06T19:06:17.355+0000][gc            ] GC(141) Pause Young (Concurrent Start) (G1 Evacuation Pause) 229M->200M(512M) 15.722ms
[2025-11-06T19:06:17.355+0000][gc,cpu        ] GC(141) User=0.02s Sys=0.00s Real=0.02s
[2025-11-06T19:06:17.355+0000][gc            ] GC(142) Concurrent Cycle
[2025-11-06T19:06:17.355+0000][gc,marking    ] GC(142) Concurrent Clear Claimed Marks
[2025-11-06T19:06:17.356+0000][gc,marking    ] GC(142) Concurrent Clear Claimed Marks 0.459ms
[2025-11-06T19:06:17.356+0000][gc,marking    ] GC(142) Concurrent Scan Root Regions
[2025-11-06T19:06:17.361+0000][gc,marking    ] GC(142) Concurrent Scan Root Regions 4.955ms
[2025-11-06T19:06:17.361+0000][gc,marking    ] GC(142) Concurrent Mark (6391.969s)
[2025-11-06T19:06:17.361+0000][gc,marking    ] GC(142) Concurrent Mark From Roots
[2025-11-06T19:06:17.361+0000][gc,task       ] GC(142) Using 1 workers of 1 for marking
[2025-11-06T19:06:17.402+0000][gc,marking    ] GC(142) Concurrent Mark From Roots 40.975ms
[2025-11-06T19:06:17.402+0000][gc,marking    ] GC(142) Concurrent Preclean
[2025-11-06T19:06:17.403+0000][gc,marking    ] GC(142) Concurrent Preclean 0.507ms
[2025-11-06T19:06:17.403+0000][gc,marking    ] GC(142) Concurrent Mark (6391.969s, 6392.011s) 42.036ms
[2025-11-06T19:06:17.404+0000][gc,start      ] GC(142) Pause Remark
[2025-11-06T19:06:17.425+0000][gc,stringtable] GC(142) Cleaned string and symbol table, strings: 16767 processed, 0 removed, symbols: 123764 processed, 0 removed
[2025-11-06T19:06:17.426+0000][gc,mmu        ] GC(142) MMU target violated: 20.9ms (20.0ms/21.0ms)
[2025-11-06T19:06:17.426+0000][gc            ] GC(142) Pause Remark 200M->200M(512M) 21.794ms
[2025-11-06T19:06:17.426+0000][gc,cpu        ] GC(142) User=0.04s Sys=0.00s Real=0.02s
[2025-11-06T19:06:17.426+0000][gc,marking    ] GC(142) Concurrent Rebuild Remembered Sets
[2025-11-06T19:06:17.451+0000][gc,marking    ] GC(142) Concurrent Rebuild Remembered Sets 24.854ms
[2025-11-06T19:06:17.452+0000][gc,start      ] GC(142) Pause Cleanup
[2025-11-06T19:06:17.453+0000][gc            ] GC(142) Pause Cleanup 201M->201M(512M) 0.809ms
[2025-11-06T19:06:17.453+0000][gc,cpu        ] GC(142) User=0.00s Sys=0.00s Real=0.00s
[2025-11-06T19:06:17.454+0000][gc,marking    ] GC(142) Concurrent Cleanup for Next Mark
[2025-11-06T19:06:17.455+0000][gc,marking    ] GC(142) Concurrent Cleanup for Next Mark 1.223ms
[2025-11-06T19:06:17.455+0000][gc            ] GC(142) Concurrent Cycle 99.964ms
[2025-11-06T19:07:21.316+0000][gc,start      ] GC(143) Pause Young (Prepare Mixed) (G1 Evacuation Pause)
[2025-11-06T19:07:21.317+0000][gc,task       ] GC(143) Using 2 workers of 2 for evacuation
[2025-11-06T19:07:21.330+0000][gc,phases     ] GC(143)   Pre Evacuate Collection Set: 0.0ms
[2025-11-06T19:07:21.330+0000][gc,phases     ] GC(143)   Evacuate Collection Set: 12.1ms
[2025-11-06T19:07:21.330+0000][gc,phases     ] GC(143)   Post Evacuate Collection Set: 0.7ms
[2025-11-06T19:07:21.330+0000][gc,phases     ] GC(143)   Other: 0.9ms
[2025-11-06T19:07:21.330+0000][gc,heap       ] GC(143) Eden regions: 29->0(21)
[2025-11-06T19:07:21.331+0000][gc,heap       ] GC(143) Survivor regions: 5->4(5)
[2025-11-06T19:07:21.331+0000][gc,heap       ] GC(143) Old regions: 50->53
[2025-11-06T19:07:21.331+0000][gc,heap       ] GC(143) Humongous regions: 147->147
[2025-11-06T19:07:21.331+0000][gc,metaspace  ] GC(143) Metaspace: 52954K(56112K)->52954K(56112K) NonClass: 47067K(48816K)->47067K(48816K) Class: 5886K(7296K)->5886K(7296K)
[2025-11-06T19:07:21.331+0000][gc            ] GC(143) Pause Young (Prepare Mixed) (G1 Evacuation Pause) 229M->203M(512M) 14.966ms
[2025-11-06T19:07:21.331+0000][gc,cpu        ] GC(143) User=0.02s Sys=0.00s Real=0.02s
[2025-11-06T19:08:07.235+0000][gc,start      ] GC(144) Pause Young (Mixed) (G1 Evacuation Pause)
[2025-11-06T19:08:07.257+0000][gc,task       ] GC(144) Using 2 workers of 2 for evacuation
[2025-11-06T19:08:07.271+0000][gc,phases     ] GC(144)   Pre Evacuate Collection Set: 0.1ms
[2025-11-06T19:08:07.272+0000][gc,phases     ] GC(144)   Evacuate Collection Set: 12.0ms
[2025-11-06T19:08:07.272+0000][gc,phases     ] GC(144)   Post Evacuate Collection Set: 1.0ms
[2025-11-06T19:08:07.272+0000][gc,phases     ] GC(144)   Other: 23.0ms
[2025-11-06T19:08:07.272+0000][gc,heap       ] GC(144) Eden regions: 21->0(32)
[2025-11-06T19:08:07.272+0000][gc,heap       ] GC(144) Survivor regions: 4->3(4)
[2025-11-06T19:08:07.273+0000][gc,heap       ] GC(144) Old regions: 53->51
[2025-11-06T19:08:07.273+0000][gc,heap       ] GC(144) Humongous regions: 147->147
[2025-11-06T19:08:07.273+0000][gc,metaspace  ] GC(144) Metaspace: 52954K(56112K)->52954K(56112K) NonClass: 47067K(48816K)->47067K(48816K) Class: 5886K(7296K)->5886K(7296K)
[2025-11-06T19:08:07.273+0000][gc            ] GC(144) Pause Young (Mixed) (G1 Evacuation Pause) 224M->200M(512M) 37.891ms
[2025-11-06T19:08:07.273+0000][gc,cpu        ] GC(144) User=0.03s Sys=0.00s Real=0.04s
[2025-11-06T19:09:17.505+0000][gc,start      ] GC(145) Pause Young (Concurrent Start) (G1 Evacuation Pause)
[2025-11-06T19:09:17.506+0000][gc,task       ] GC(145) Using 2 workers of 2 for evacuation
[2025-11-06T19:09:17.526+0000][gc,phases     ] GC(145)   Pre Evacuate Collection Set: 0.4ms
[2025-11-06T19:09:17.527+0000][gc,phases     ] GC(145)   Evacuate Collection Set: 17.3ms
[2025-11-06T19:09:17.527+0000][gc,phases     ] GC(145)   Post Evacuate Collection Set: 1.5ms
[2025-11-06T19:09:17.527+0000][gc,phases     ] GC(145)   Other: 1.0ms
[2025-11-06T19:09:17.527+0000][gc,heap       ] GC(145) Eden regions: 32->0(29)
[2025-11-06T19:09:17.528+0000][gc,heap       ] GC(145) Survivor regions: 3->3(5)
[2025-11-06T19:09:17.528+0000][gc,heap       ] GC(145) Old regions: 51->52
[2025-11-06T19:09:17.528+0000][gc,heap       ] GC(145) Humongous regions: 147->147
[2025-11-06T19:09:17.528+0000][gc,metaspace  ] GC(145) Metaspace: 52954K(56112K)->52954K(56112K) NonClass: 47067K(48816K)->47067K(48816K) Class: 5886K(7296K)->5886K(7296K)
[2025-11-06T19:09:17.528+0000][gc            ] GC(145) Pause Young (Concurrent Start) (G1 Evacuation Pause) 232M->201M(512M) 23.108ms
[2025-11-06T19:09:17.529+0000][gc,cpu        ] GC(145) User=0.03s Sys=0.00s Real=0.02s
[2025-11-06T19:09:17.529+0000][gc            ] GC(146) Concurrent Cycle
[2025-11-06T19:09:17.529+0000][gc,marking    ] GC(146) Concurrent Clear Claimed Marks
[2025-11-06T19:09:17.530+0000][gc,marking    ] GC(146) Concurrent Clear Claimed Marks 0.553ms
[2025-11-06T19:09:17.530+0000][gc,marking    ] GC(146) Concurrent Scan Root Regions
[2025-11-06T19:09:17.534+0000][gc,marking    ] GC(146) Concurrent Scan Root Regions 3.550ms
[2025-11-06T19:09:17.534+0000][gc,marking    ] GC(146) Concurrent Mark (6572.137s)
[2025-11-06T19:09:17.534+0000][gc,marking    ] GC(146) Concurrent Mark From Roots
[2025-11-06T19:09:17.534+0000][gc,task       ] GC(146) Using 1 workers of 1 for marking
[2025-11-06T19:09:17.571+0000][gc,marking    ] GC(146) Concurrent Mark From Roots 37.047ms
[2025-11-06T19:09:17.571+0000][gc,marking    ] GC(146) Concurrent Preclean
[2025-11-06T19:09:17.572+0000][gc,marking    ] GC(146) Concurrent Preclean 0.556ms
[2025-11-06T19:09:17.572+0000][gc,marking    ] GC(146) Concurrent Mark (6572.137s, 6572.176s) 38.343ms
[2025-11-06T19:09:17.573+0000][gc,start      ] GC(146) Pause Remark
[2025-11-06T19:09:17.589+0000][gc,stringtable] GC(146) Cleaned string and symbol table, strings: 16769 processed, 0 removed, symbols: 123764 processed, 0 removed
[2025-11-06T19:09:17.606+0000][gc,mmu        ] GC(146) MMU target violated: 21.0ms (20.0ms/21.0ms)
[2025-11-06T19:09:17.624+0000][gc            ] GC(146) Pause Remark 201M->201M(512M) 50.874ms
[2025-11-06T19:09:17.624+0000][gc,cpu        ] GC(146) User=0.03s Sys=0.00s Real=0.06s
[2025-11-06T19:09:17.625+0000][gc,marking    ] GC(146) Concurrent Rebuild Remembered Sets
[2025-11-06T19:09:17.645+0000][gc,marking    ] GC(146) Concurrent Rebuild Remembered Sets 20.565ms
[2025-11-06T19:09:17.646+0000][gc,start      ] GC(146) Pause Cleanup
[2025-11-06T19:09:17.647+0000][gc            ] GC(146) Pause Cleanup 202M->202M(512M) 0.503ms
[2025-11-06T19:09:17.647+0000][gc,cpu        ] GC(146) User=0.00s Sys=0.00s Real=0.00s
[2025-11-06T19:09:17.647+0000][gc,marking    ] GC(146) Concurrent Cleanup for Next Mark
[2025-11-06T19:09:17.648+0000][gc,marking    ] GC(146) Concurrent Cleanup for Next Mark 0.922ms
[2025-11-06T19:09:17.648+0000][gc            ] GC(146) Concurrent Cycle 119.249ms
[2025-11-06T19:10:20.165+0000][gc,start      ] GC(147) Pause Young (Prepare Mixed) (G1 Evacuation Pause)
[2025-11-06T19:10:20.166+0000][gc,task       ] GC(147) Using 2 workers of 2 for evacuation
[2025-11-06T19:10:20.177+0000][gc,phases     ] GC(147)   Pre Evacuate Collection Set: 0.0ms
[2025-11-06T19:10:20.177+0000][gc,phases     ] GC(147)   Evacuate Collection Set: 10.2ms
[2025-11-06T19:10:20.177+0000][gc,phases     ] GC(147)   Post Evacuate Collection Set: 0.7ms
[2025-11-06T19:10:20.177+0000][gc,phases     ] GC(147)   Other: 0.6ms
[2025-11-06T19:10:20.177+0000][gc,heap       ] GC(147) Eden regions: 29->0(22)
[2025-11-06T19:10:20.177+0000][gc,heap       ] GC(147) Survivor regions: 3->3(4)
[2025-11-06T19:10:20.178+0000][gc,heap       ] GC(147) Old regions: 52->54
[2025-11-06T19:10:20.178+0000][gc,heap       ] GC(147) Humongous regions: 147->147
[2025-11-06T19:10:20.178+0000][gc,metaspace  ] GC(147) Metaspace: 52954K(56112K)->52954K(56112K) NonClass: 47067K(48816K)->47067K(48816K) Class: 5886K(7296K)->5886K(7296K)
[2025-11-06T19:10:20.178+0000][gc            ] GC(147) Pause Young (Prepare Mixed) (G1 Evacuation Pause) 230M->203M(512M) 12.680ms
[2025-11-06T19:10:20.178+0000][gc,cpu        ] GC(147) User=0.02s Sys=0.00s Real=0.01s
[2025-11-06T19:11:08.207+0000][gc,start      ] GC(148) Pause Young (Mixed) (G1 Evacuation Pause)
[2025-11-06T19:11:08.207+0000][gc,task       ] GC(148) Using 2 workers of 2 for evacuation
[2025-11-06T19:11:08.222+0000][gc,phases     ] GC(148)   Pre Evacuate Collection Set: 0.1ms
[2025-11-06T19:11:08.222+0000][gc,phases     ] GC(148)   Evacuate Collection Set: 13.6ms
[2025-11-06T19:11:08.223+0000][gc,phases     ] GC(148)   Post Evacuate Collection Set: 0.7ms
[2025-11-06T19:11:08.223+0000][gc,phases     ] GC(148)   Other: 1.0ms
[2025-11-06T19:11:08.223+0000][gc,heap       ] GC(148) Eden regions: 22->0(34)
[2025-11-06T19:11:08.223+0000][gc,heap       ] GC(148) Survivor regions: 3->3(4)
[2025-11-06T19:11:08.223+0000][gc,heap       ] GC(148) Old regions: 54->49
[2025-11-06T19:11:08.224+0000][gc,heap       ] GC(148) Humongous regions: 147->147
[2025-11-06T19:11:08.224+0000][gc,metaspace  ] GC(148) Metaspace: 52954K(56112K)->52954K(56112K) NonClass: 47067K(48816K)->47067K(48816K) Class: 5886K(7296K)->5886K(7296K)
[2025-11-06T19:11:08.224+0000][gc            ] GC(148) Pause Young (Mixed) (G1 Evacuation Pause) 225M->198M(512M) 17.273ms
[2025-11-06T19:11:08.224+0000][gc,cpu        ] GC(148) User=0.03s Sys=0.00s Real=0.02s
[2025-11-06T19:12:14.352+0000][gc,start      ] GC(149) Pause Young (Concurrent Start) (G1 Evacuation Pause)
[2025-11-06T19:12:14.352+0000][gc,task       ] GC(149) Using 2 workers of 2 for evacuation
[2025-11-06T19:12:14.362+0000][gc,phases     ] GC(149)   Pre Evacuate Collection Set: 0.3ms
[2025-11-06T19:12:14.363+0000][gc,phases     ] GC(149)   Evacuate Collection Set: 9.1ms
[2025-11-06T19:12:14.363+0000][gc,phases     ] GC(149)   Post Evacuate Collection Set: 0.7ms
[2025-11-06T19:12:14.363+0000][gc,phases     ] GC(149)   Other: 0.5ms
[2025-11-06T19:12:14.363+0000][gc,heap       ] GC(149) Eden regions: 30->0(35)
[2025-11-06T19:12:14.363+0000][gc,heap       ] GC(149) Survivor regions: 3->5(5)
[2025-11-06T19:12:14.363+0000][gc,heap       ] GC(149) Old regions: 49->49
[2025-11-06T19:12:14.363+0000][gc,heap       ] GC(149) Humongous regions: 147->147
[2025-11-06T19:12:14.363+0000][gc,metaspace  ] GC(149) Metaspace: 52954K(56112K)->52954K(56112K) NonClass: 47067K(48816K)->47067K(48816K) Class: 5886K(7296K)->5886K(7296K)
[2025-11-06T19:12:14.364+0000][gc            ] GC(149) Pause Young (Concurrent Start) (G1 Evacuation Pause) 228M->200M(512M) 11.746ms
[2025-11-06T19:12:14.364+0000][gc,cpu        ] GC(149) User=0.02s Sys=0.00s Real=0.01s
[2025-11-06T19:12:14.364+0000][gc            ] GC(150) Concurrent Cycle
[2025-11-06T19:12:14.364+0000][gc,marking    ] GC(150) Concurrent Clear Claimed Marks
[2025-11-06T19:12:14.364+0000][gc,marking    ] GC(150) Concurrent Clear Claimed Marks 0.414ms
[2025-11-06T19:12:14.365+0000][gc,marking    ] GC(150) Concurrent Scan Root Regions
[2025-11-06T19:12:14.369+0000][gc,marking    ] GC(150) Concurrent Scan Root Regions 4.414ms
[2025-11-06T19:12:14.369+0000][gc,marking    ] GC(150) Concurrent Mark (6748.981s)
[2025-11-06T19:12:14.369+0000][gc,marking    ] GC(150) Concurrent Mark From Roots
[2025-11-06T19:12:14.369+0000][gc,task       ] GC(150) Using 1 workers of 1 for marking
[2025-11-06T19:12:14.403+0000][gc,marking    ] GC(150) Concurrent Mark From Roots 33.545ms
[2025-11-06T19:12:14.403+0000][gc,marking    ] GC(150) Concurrent Preclean
[2025-11-06T19:12:14.403+0000][gc,marking    ] GC(150) Concurrent Preclean 0.337ms
[2025-11-06T19:12:14.404+0000][gc,marking    ] GC(150) Concurrent Mark (6748.981s, 6749.015s) 34.374ms
[2025-11-06T19:12:14.404+0000][gc,start      ] GC(150) Pause Remark
[2025-11-06T19:12:14.414+0000][gc,stringtable] GC(150) Cleaned string and symbol table, strings: 16769 processed, 0 removed, symbols: 123764 processed, 0 removed
[2025-11-06T19:12:14.414+0000][gc            ] GC(150) Pause Remark 201M->201M(512M) 10.189ms
[2025-11-06T19:12:14.414+0000][gc,cpu        ] GC(150) User=0.02s Sys=0.00s Real=0.01s
[2025-11-06T19:12:14.415+0000][gc,marking    ] GC(150) Concurrent Rebuild Remembered Sets
[2025-11-06T19:12:14.433+0000][gc,marking    ] GC(150) Concurrent Rebuild Remembered Sets 18.802ms
[2025-11-06T19:12:14.434+0000][gc,start      ] GC(150) Pause Cleanup
[2025-11-06T19:12:14.435+0000][gc            ] GC(150) Pause Cleanup 201M->201M(512M) 0.685ms
[2025-11-06T19:12:14.435+0000][gc,cpu        ] GC(150) User=0.00s Sys=0.00s Real=0.00s
[2025-11-06T19:12:14.436+0000][gc,marking    ] GC(150) Concurrent Cleanup for Next Mark
[2025-11-06T19:12:14.436+0000][gc,marking    ] GC(150) Concurrent Cleanup for Next Mark 0.924ms
[2025-11-06T19:12:14.437+0000][gc            ] GC(150) Concurrent Cycle 72.831ms
[2025-11-06T19:13:05.834+0000][gc,start      ] GC(151) Pause Young (Prepare Mixed) (G1 Evacuation Pause)
[2025-11-06T19:13:05.835+0000][gc,task       ] GC(151) Using 2 workers of 2 for evacuation
[2025-11-06T19:13:05.848+0000][gc,phases     ] GC(151)   Pre Evacuate Collection Set: 0.0ms
[2025-11-06T19:13:05.849+0000][gc,phases     ] GC(151)   Evacuate Collection Set: 11.8ms
[2025-11-06T19:13:05.849+0000][gc,phases     ] GC(151)   Post Evacuate Collection Set: 0.6ms
[2025-11-06T19:13:05.849+0000][gc,phases     ] GC(151)   Other: 1.0ms
[2025-11-06T19:13:05.849+0000][gc,heap       ] GC(151) Eden regions: 32->0(22)
[2025-11-06T19:13:05.850+0000][gc,heap       ] GC(151) Survivor regions: 5->3(5)
[2025-11-06T19:13:05.850+0000][gc,heap       ] GC(151) Old regions: 49->53
[2025-11-06T19:13:05.851+0000][gc,heap       ] GC(151) Humongous regions: 147->147
[2025-11-06T19:13:05.851+0000][gc,metaspace  ] GC(151) Metaspace: 52972K(56112K)->52972K(56112K) NonClass: 47083K(48816K)->47083K(48816K) Class: 5889K(7296K)->5889K(7296K)
[2025-11-06T19:13:05.851+0000][gc            ] GC(151) Pause Young (Prepare Mixed) (G1 Evacuation Pause) 232M->201M(512M) 17.151ms
[2025-11-06T19:13:05.851+0000][gc,cpu        ] GC(151) User=0.02s Sys=0.00s Real=0.02s
[2025-11-06T19:14:15.609+0000][gc,start      ] GC(152) Pause Young (Mixed) (G1 Evacuation Pause)
[2025-11-06T19:14:15.610+0000][gc,task       ] GC(152) Using 2 workers of 2 for evacuation
[2025-11-06T19:14:15.619+0000][gc,phases     ] GC(152)   Pre Evacuate Collection Set: 0.0ms
[2025-11-06T19:14:15.619+0000][gc,phases     ] GC(152)   Evacuate Collection Set: 7.8ms
[2025-11-06T19:14:15.620+0000][gc,phases     ] GC(152)   Post Evacuate Collection Set: 0.6ms
[2025-11-06T19:14:15.620+0000][gc,phases     ] GC(152)   Other: 1.5ms
[2025-11-06T19:14:15.620+0000][gc,heap       ] GC(152) Eden regions: 22->0(44)
[2025-11-06T19:14:15.620+0000][gc,heap       ] GC(152) Survivor regions: 3->4(4)
[2025-11-06T19:14:15.620+0000][gc,heap       ] GC(152) Old regions: 53->49
[2025-11-06T19:14:15.620+0000][gc,heap       ] GC(152) Humongous regions: 147->147
[2025-11-06T19:14:15.620+0000][gc,metaspace  ] GC(152) Metaspace: 52973K(56112K)->52973K(56112K) NonClass: 47084K(48816K)->47084K(48816K) Class: 5889K(7296K)->5889K(7296K)
[2025-11-06T19:14:15.620+0000][gc            ] GC(152) Pause Young (Mixed) (G1 Evacuation Pause) 223M->198M(512M) 11.290ms
[2025-11-06T19:14:15.621+0000][gc,cpu        ] GC(152) User=0.02s Sys=0.00s Real=0.01s
[2025-11-06T19:16:37.585+0000][gc,start      ] GC(153) Pause Young (Concurrent Start) (G1 Evacuation Pause)
[2025-11-06T19:16:37.586+0000][gc,task       ] GC(153) Using 2 workers of 2 for evacuation
[2025-11-06T19:16:37.603+0000][gc,phases     ] GC(153)   Pre Evacuate Collection Set: 0.3ms
[2025-11-06T19:16:37.603+0000][gc,phases     ] GC(153)   Evacuate Collection Set: 14.7ms
[2025-11-06T19:16:37.603+0000][gc,phases     ] GC(153)   Post Evacuate Collection Set: 0.9ms
[2025-11-06T19:16:37.603+0000][gc,phases     ] GC(153)   Other: 1.3ms
[2025-11-06T19:16:37.603+0000][gc,heap       ] GC(153) Eden regions: 44->0(40)
[2025-11-06T19:16:37.603+0000][gc,heap       ] GC(153) Survivor regions: 4->6(6)
[2025-11-06T19:16:37.604+0000][gc,heap       ] GC(153) Old regions: 49->50
[2025-11-06T19:16:37.604+0000][gc,heap       ] GC(153) Humongous regions: 147->147
[2025-11-06T19:16:37.604+0000][gc,metaspace  ] GC(153) Metaspace: 52976K(56112K)->52976K(56112K) NonClass: 47086K(48816K)->47086K(48816K) Class: 5889K(7296K)->5889K(7296K)
[2025-11-06T19:16:37.604+0000][gc            ] GC(153) Pause Young (Concurrent Start) (G1 Evacuation Pause) 242M->202M(512M) 18.765ms
[2025-11-06T19:16:37.604+0000][gc,cpu        ] GC(153) User=0.03s Sys=0.00s Real=0.02s
[2025-11-06T19:16:37.605+0000][gc            ] GC(154) Concurrent Cycle
[2025-11-06T19:16:37.605+0000][gc,marking    ] GC(154) Concurrent Clear Claimed Marks
[2025-11-06T19:16:37.606+0000][gc,marking    ] GC(154) Concurrent Clear Claimed Marks 0.706ms
[2025-11-06T19:16:37.606+0000][gc,marking    ] GC(154) Concurrent Scan Root Regions
[2025-11-06T19:16:37.613+0000][gc,marking    ] GC(154) Concurrent Scan Root Regions 7.342ms
[2025-11-06T19:16:37.614+0000][gc,marking    ] GC(154) Concurrent Mark (7012.220s)
[2025-11-06T19:16:37.614+0000][gc,marking    ] GC(154) Concurrent Mark From Roots
[2025-11-06T19:16:37.614+0000][gc,task       ] GC(154) Using 1 workers of 1 for marking
[2025-11-06T19:16:37.650+0000][gc,marking    ] GC(154) Concurrent Mark From Roots 36.053ms
[2025-11-06T19:16:37.650+0000][gc,marking    ] GC(154) Concurrent Preclean
[2025-11-06T19:16:37.651+0000][gc,marking    ] GC(154) Concurrent Preclean 0.295ms
[2025-11-06T19:16:37.651+0000][gc,marking    ] GC(154) Concurrent Mark (7012.220s, 7012.257s) 37.036ms
[2025-11-06T19:16:37.651+0000][gc,start      ] GC(154) Pause Remark
[2025-11-06T19:16:37.662+0000][gc,stringtable] GC(154) Cleaned string and symbol table, strings: 16773 processed, 0 removed, symbols: 123766 processed, 0 removed
[2025-11-06T19:16:37.663+0000][gc            ] GC(154) Pause Remark 203M->203M(512M) 11.740ms
[2025-11-06T19:16:37.663+0000][gc,cpu        ] GC(154) User=0.03s Sys=0.00s Real=0.01s
[2025-11-06T19:16:37.664+0000][gc,marking    ] GC(154) Concurrent Rebuild Remembered Sets
[2025-11-06T19:16:37.685+0000][gc,marking    ] GC(154) Concurrent Rebuild Remembered Sets 21.704ms
[2025-11-06T19:16:37.686+0000][gc,start      ] GC(154) Pause Cleanup
[2025-11-06T19:16:37.686+0000][gc            ] GC(154) Pause Cleanup 203M->203M(512M) 0.476ms
[2025-11-06T19:16:37.686+0000][gc,cpu        ] GC(154) User=0.00s Sys=0.00s Real=0.00s
[2025-11-06T19:16:37.687+0000][gc,marking    ] GC(154) Concurrent Cleanup for Next Mark
[2025-11-06T19:16:37.688+0000][gc,marking    ] GC(154) Concurrent Cleanup for Next Mark 0.774ms
[2025-11-06T19:16:37.688+0000][gc            ] GC(154) Concurrent Cycle 83.120ms
[2025-11-06T19:18:35.921+0000][gc,start      ] GC(155) Pause Young (Prepare Mixed) (G1 Evacuation Pause)
[2025-11-06T19:18:35.922+0000][gc,task       ] GC(155) Using 2 workers of 2 for evacuation
[2025-11-06T19:18:35.940+0000][gc,phases     ] GC(155)   Pre Evacuate Collection Set: 0.0ms
[2025-11-06T19:18:35.941+0000][gc,phases     ] GC(155)   Evacuate Collection Set: 16.6ms
[2025-11-06T19:18:35.941+0000][gc,phases     ] GC(155)   Post Evacuate Collection Set: 0.8ms
[2025-11-06T19:18:35.941+0000][gc,phases     ] GC(155)   Other: 1.7ms
[2025-11-06T19:18:35.942+0000][gc,heap       ] GC(155) Eden regions: 37->0(22)
[2025-11-06T19:18:35.942+0000][gc,heap       ] GC(155) Survivor regions: 6->3(6)
[2025-11-06T19:18:35.942+0000][gc,heap       ] GC(155) Old regions: 50->55
[2025-11-06T19:18:35.942+0000][gc,heap       ] GC(155) Humongous regions: 147->147
[2025-11-06T19:18:35.942+0000][gc,metaspace  ] GC(155) Metaspace: 52991K(56112K)->52991K(56112K) NonClass: 47102K(48816K)->47102K(48816K) Class: 5889K(7296K)->5889K(7296K)
[2025-11-06T19:18:35.943+0000][gc            ] GC(155) Pause Young (Prepare Mixed) (G1 Evacuation Pause) 239M->204M(512M) 21.226ms
[2025-11-06T19:18:35.943+0000][gc,cpu        ] GC(155) User=0.03s Sys=0.00s Real=0.02s
[2025-11-06T19:19:46.198+0000][gc,start      ] GC(156) Pause Young (Mixed) (G1 Evacuation Pause)
[2025-11-06T19:19:46.199+0000][gc,task       ] GC(156) Using 2 workers of 2 for evacuation
[2025-11-06T19:19:46.225+0000][gc,mmu        ] GC(156) MMU target violated: 21.0ms (20.0ms/21.0ms)
[2025-11-06T19:19:46.226+0000][gc,phases     ] GC(156)   Pre Evacuate Collection Set: 0.1ms
[2025-11-06T19:19:46.226+0000][gc,phases     ] GC(156)   Evacuate Collection Set: 21.4ms
[2025-11-06T19:19:46.227+0000][gc,phases     ] GC(156)   Post Evacuate Collection Set: 3.1ms
[2025-11-06T19:19:46.229+0000][gc,phases     ] GC(156)   Other: 3.4ms
[2025-11-06T19:19:46.230+0000][gc,heap       ] GC(156) Eden regions: 22->0(33)
[2025-11-06T19:19:46.230+0000][gc,heap       ] GC(156) Survivor regions: 3->2(4)
[2025-11-06T19:19:46.242+0000][gc,heap       ] GC(156) Old regions: 55->52
[2025-11-06T19:19:46.244+0000][gc,heap       ] GC(156) Humongous regions: 147->147
[2025-11-06T19:19:46.245+0000][gc,metaspace  ] GC(156) Metaspace: 52993K(56112K)->52993K(56112K) NonClass: 47103K(48816K)->47103K(48816K) Class: 5889K(7296K)->5889K(7296K)
[2025-11-06T19:19:46.247+0000][gc            ] GC(156) Pause Young (Mixed) (G1 Evacuation Pause) 226M->201M(512M) 49.186ms
[2025-11-06T19:19:46.249+0000][gc,cpu        ] GC(156) User=0.05s Sys=0.00s Real=0.05s
[2025-11-06T19:21:15.326+0000][gc,start      ] GC(157) Pause Young (Concurrent Start) (G1 Evacuation Pause)
[2025-11-06T19:21:15.327+0000][gc,task       ] GC(157) Using 2 workers of 2 for evacuation
[2025-11-06T19:21:15.342+0000][gc,phases     ] GC(157)   Pre Evacuate Collection Set: 0.3ms
[2025-11-06T19:21:15.342+0000][gc,phases     ] GC(157)   Evacuate Collection Set: 13.6ms
[2025-11-06T19:21:15.343+0000][gc,phases     ] GC(157)   Post Evacuate Collection Set: 1.0ms
[2025-11-06T19:21:15.343+0000][gc,phases     ] GC(157)   Other: 1.4ms
[2025-11-06T19:21:15.343+0000][gc,heap       ] GC(157) Eden regions: 33->0(28)
[2025-11-06T19:21:15.343+0000][gc,heap       ] GC(157) Survivor regions: 2->5(5)
[2025-11-06T19:21:15.343+0000][gc,heap       ] GC(157) Old regions: 52->53
[2025-11-06T19:21:15.344+0000][gc,heap       ] GC(157) Humongous regions: 147->147
[2025-11-06T19:21:15.344+0000][gc,metaspace  ] GC(157) Metaspace: 52997K(56112K)->52997K(56112K) NonClass: 47108K(48816K)->47108K(48816K) Class: 5889K(7296K)->5889K(7296K)
[2025-11-06T19:21:15.344+0000][gc            ] GC(157) Pause Young (Concurrent Start) (G1 Evacuation Pause) 234M->204M(512M) 18.211ms
[2025-11-06T19:21:15.344+0000][gc,cpu        ] GC(157) User=0.03s Sys=0.00s Real=0.02s
[2025-11-06T19:21:15.345+0000][gc            ] GC(158) Concurrent Cycle
[2025-11-06T19:21:15.346+0000][gc,marking    ] GC(158) Concurrent Clear Claimed Marks
[2025-11-06T19:21:15.347+0000][gc,marking    ] GC(158) Concurrent Clear Claimed Marks 1.243ms
[2025-11-06T19:21:15.347+0000][gc,marking    ] GC(158) Concurrent Scan Root Regions
[2025-11-06T19:21:15.354+0000][gc,marking    ] GC(158) Concurrent Scan Root Regions 6.893ms
[2025-11-06T19:21:15.354+0000][gc,marking    ] GC(158) Concurrent Mark (7289.934s)
[2025-11-06T19:21:15.355+0000][gc,marking    ] GC(158) Concurrent Mark From Roots
[2025-11-06T19:21:15.355+0000][gc,task       ] GC(158) Using 1 workers of 1 for marking
[2025-11-06T19:21:15.403+0000][gc,marking    ] GC(158) Concurrent Mark From Roots 47.887ms
[2025-11-06T19:21:15.403+0000][gc,marking    ] GC(158) Concurrent Preclean
[2025-11-06T19:21:15.403+0000][gc,marking    ] GC(158) Concurrent Preclean 0.386ms
[2025-11-06T19:21:15.404+0000][gc,marking    ] GC(158) Concurrent Mark (7289.934s, 7289.983s) 49.102ms
[2025-11-06T19:21:15.404+0000][gc,start      ] GC(158) Pause Remark
[2025-11-06T19:21:15.419+0000][gc,stringtable] GC(158) Cleaned string and symbol table, strings: 16773 processed, 0 removed, symbols: 123766 processed, 0 removed
[2025-11-06T19:21:15.420+0000][gc            ] GC(158) Pause Remark 204M->204M(512M) 16.012ms
[2025-11-06T19:21:15.421+0000][gc,cpu        ] GC(158) User=0.03s Sys=0.00s Real=0.02s
[2025-11-06T19:21:15.421+0000][gc,marking    ] GC(158) Concurrent Rebuild Remembered Sets
[2025-11-06T19:21:15.448+0000][gc,marking    ] GC(158) Concurrent Rebuild Remembered Sets 26.683ms
[2025-11-06T19:21:15.449+0000][gc,start      ] GC(158) Pause Cleanup
[2025-11-06T19:21:15.449+0000][gc            ] GC(158) Pause Cleanup 205M->205M(512M) 0.694ms
[2025-11-06T19:21:15.450+0000][gc,cpu        ] GC(158) User=0.00s Sys=0.00s Real=0.00s
[2025-11-06T19:21:15.450+0000][gc,marking    ] GC(158) Concurrent Cleanup for Next Mark
[2025-11-06T19:21:15.451+0000][gc,marking    ] GC(158) Concurrent Cleanup for Next Mark 0.868ms
[2025-11-06T19:21:15.451+0000][gc            ] GC(158) Concurrent Cycle 105.716ms
[2025-11-06T19:22:34.402+0000][gc,start      ] GC(159) Pause Young (Prepare Mixed) (G1 Evacuation Pause)
[2025-11-06T19:22:34.402+0000][gc,task       ] GC(159) Using 2 workers of 2 for evacuation
[2025-11-06T19:22:34.414+0000][gc,phases     ] GC(159)   Pre Evacuate Collection Set: 0.0ms
[2025-11-06T19:22:34.414+0000][gc,phases     ] GC(159)   Evacuate Collection Set: 11.0ms
[2025-11-06T19:22:34.414+0000][gc,phases     ] GC(159)   Post Evacuate Collection Set: 0.7ms
[2025-11-06T19:22:34.415+0000][gc,phases     ] GC(159)   Other: 0.7ms
[2025-11-06T19:22:34.415+0000][gc,heap       ] GC(159) Eden regions: 25->0(23)
[2025-11-06T19:22:34.415+0000][gc,heap       ] GC(159) Survivor regions: 5->2(4)
[2025-11-06T19:22:34.415+0000][gc,heap       ] GC(159) Old regions: 53->57
[2025-11-06T19:22:34.415+0000][gc,heap       ] GC(159) Humongous regions: 147->147
[2025-11-06T19:22:34.416+0000][gc,metaspace  ] GC(159) Metaspace: 52997K(56112K)->52997K(56112K) NonClass: 47108K(48816K)->47108K(48816K) Class: 5889K(7296K)->5889K(7296K)
[2025-11-06T19:22:34.416+0000][gc            ] GC(159) Pause Young (Prepare Mixed) (G1 Evacuation Pause) 229M->205M(512M) 14.159ms
[2025-11-06T19:22:34.416+0000][gc,cpu        ] GC(159) User=0.03s Sys=0.00s Real=0.02s
[2025-11-06T19:23:48.667+0000][gc,start      ] GC(160) Pause Young (Mixed) (G1 Evacuation Pause)
[2025-11-06T19:23:48.668+0000][gc,task       ] GC(160) Using 2 workers of 2 for evacuation
[2025-11-06T19:23:48.678+0000][gc,phases     ] GC(160)   Pre Evacuate Collection Set: 0.0ms
[2025-11-06T19:23:48.678+0000][gc,phases     ] GC(160)   Evacuate Collection Set: 8.9ms
[2025-11-06T19:23:48.678+0000][gc,phases     ] GC(160)   Post Evacuate Collection Set: 0.8ms
[2025-11-06T19:23:48.678+0000][gc,phases     ] GC(160)   Other: 0.7ms
[2025-11-06T19:23:48.678+0000][gc,heap       ] GC(160) Eden regions: 23->0(29)
[2025-11-06T19:23:48.679+0000][gc,heap       ] GC(160) Survivor regions: 2->4(4)
[2025-11-06T19:23:48.679+0000][gc,heap       ] GC(160) Old regions: 57->50
[2025-11-06T19:23:48.679+0000][gc,heap       ] GC(160) Humongous regions: 147->147
[2025-11-06T19:23:48.680+0000][gc,metaspace  ] GC(160) Metaspace: 52997K(56112K)->52997K(56112K) NonClass: 47108K(48816K)->47108K(48816K) Class: 5889K(7296K)->5889K(7296K)
[2025-11-06T19:23:48.680+0000][gc            ] GC(160) Pause Young (Mixed) (G1 Evacuation Pause) 228M->200M(512M) 12.367ms
[2025-11-06T19:23:48.680+0000][gc,cpu        ] GC(160) User=0.02s Sys=0.00s Real=0.01s
[2025-11-06T19:25:20.975+0000][gc,start      ] GC(161) Pause Young (Normal) (G1 Evacuation Pause)
[2025-11-06T19:25:20.976+0000][gc,task       ] GC(161) Using 2 workers of 2 for evacuation
[2025-11-06T19:25:20.984+0000][gc,phases     ] GC(161)   Pre Evacuate Collection Set: 0.0ms
[2025-11-06T19:25:20.984+0000][gc,phases     ] GC(161)   Evacuate Collection Set: 7.4ms
[2025-11-06T19:25:20.984+0000][gc,phases     ] GC(161)   Post Evacuate Collection Set: 0.6ms
[2025-11-06T19:25:20.985+0000][gc,phases     ] GC(161)   Other: 1.2ms
[2025-11-06T19:25:20.985+0000][gc,heap       ] GC(161) Eden regions: 29->0(33)
[2025-11-06T19:25:20.985+0000][gc,heap       ] GC(161) Survivor regions: 4->3(5)
[2025-11-06T19:25:20.985+0000][gc,heap       ] GC(161) Old regions: 50->52
[2025-11-06T19:25:20.985+0000][gc,heap       ] GC(161) Humongous regions: 147->147
[2025-11-06T19:25:20.985+0000][gc,metaspace  ] GC(161) Metaspace: 52998K(56112K)->52998K(56112K) NonClass: 47108K(48816K)->47108K(48816K) Class: 5889K(7296K)->5889K(7296K)
[2025-11-06T19:25:20.986+0000][gc            ] GC(161) Pause Young (Normal) (G1 Evacuation Pause) 229M->201M(512M) 10.844ms
[2025-11-06T19:25:20.986+0000][gc,cpu        ] GC(161) User=0.01s Sys=0.00s Real=0.02s
[2025-11-06T19:27:07.299+0000][gc,start      ] GC(162) Pause Young (Concurrent Start) (G1 Evacuation Pause)
[2025-11-06T19:27:07.299+0000][gc,task       ] GC(162) Using 2 workers of 2 for evacuation
[2025-11-06T19:27:07.309+0000][gc,phases     ] GC(162)   Pre Evacuate Collection Set: 0.3ms
[2025-11-06T19:27:07.309+0000][gc,phases     ] GC(162)   Evacuate Collection Set: 8.3ms
[2025-11-06T19:27:07.309+0000][gc,phases     ] GC(162)   Post Evacuate Collection Set: 0.5ms
[2025-11-06T19:27:07.309+0000][gc,phases     ] GC(162)   Other: 0.5ms
[2025-11-06T19:27:07.309+0000][gc,heap       ] GC(162) Eden regions: 33->0(33)
[2025-11-06T19:27:07.309+0000][gc,heap       ] GC(162) Survivor regions: 3->5(5)
[2025-11-06T19:27:07.310+0000][gc,heap       ] GC(162) Old regions: 52->52
[2025-11-06T19:27:07.310+0000][gc,heap       ] GC(162) Humongous regions: 147->147
[2025-11-06T19:27:07.310+0000][gc,metaspace  ] GC(162) Metaspace: 53000K(56112K)->53000K(56112K) NonClass: 47111K(48816K)->47111K(48816K) Class: 5889K(7296K)->5889K(7296K)
[2025-11-06T19:27:07.310+0000][gc            ] GC(162) Pause Young (Concurrent Start) (G1 Evacuation Pause) 234M->203M(512M) 10.907ms
[2025-11-06T19:27:07.310+0000][gc,cpu        ] GC(162) User=0.01s Sys=0.00s Real=0.01s
[2025-11-06T19:27:07.310+0000][gc            ] GC(163) Concurrent Cycle
[2025-11-06T19:27:07.310+0000][gc,marking    ] GC(163) Concurrent Clear Claimed Marks
[2025-11-06T19:27:07.311+0000][gc,marking    ] GC(163) Concurrent Clear Claimed Marks 0.401ms
[2025-11-06T19:27:07.311+0000][gc,marking    ] GC(163) Concurrent Scan Root Regions
[2025-11-06T19:27:07.315+0000][gc,marking    ] GC(163) Concurrent Scan Root Regions 3.938ms
[2025-11-06T19:27:07.315+0000][gc,marking    ] GC(163) Concurrent Mark (7641.869s)
[2025-11-06T19:27:07.315+0000][gc,marking    ] GC(163) Concurrent Mark From Roots
[2025-11-06T19:27:07.315+0000][gc,task       ] GC(163) Using 1 workers of 1 for marking
[2025-11-06T19:27:07.347+0000][gc,marking    ] GC(163) Concurrent Mark From Roots 32.013ms
[2025-11-06T19:27:07.347+0000][gc,marking    ] GC(163) Concurrent Preclean
[2025-11-06T19:27:07.348+0000][gc,marking    ] GC(163) Concurrent Preclean 0.400ms
[2025-11-06T19:27:07.348+0000][gc,marking    ] GC(163) Concurrent Mark (7641.869s, 7641.902s) 32.891ms
[2025-11-06T19:27:07.348+0000][gc,start      ] GC(163) Pause Remark
[2025-11-06T19:27:07.358+0000][gc,stringtable] GC(163) Cleaned string and symbol table, strings: 16781 processed, 0 removed, symbols: 123766 processed, 0 removed
[2025-11-06T19:27:07.359+0000][gc            ] GC(163) Pause Remark 203M->201M(512M) 10.506ms
[2025-11-06T19:27:07.359+0000][gc,cpu        ] GC(163) User=0.02s Sys=0.00s Real=0.01s
[2025-11-06T19:27:07.360+0000][gc,marking    ] GC(163) Concurrent Rebuild Remembered Sets
[2025-11-06T19:27:07.378+0000][gc,marking    ] GC(163) Concurrent Rebuild Remembered Sets 17.919ms
[2025-11-06T19:27:07.378+0000][gc,start      ] GC(163) Pause Cleanup
[2025-11-06T19:27:07.379+0000][gc            ] GC(163) Pause Cleanup 201M->201M(512M) 0.516ms
[2025-11-06T19:27:07.379+0000][gc,cpu        ] GC(163) User=0.00s Sys=0.00s Real=0.00s
[2025-11-06T19:27:07.379+0000][gc,marking    ] GC(163) Concurrent Cleanup for Next Mark
[2025-11-06T19:27:07.380+0000][gc,marking    ] GC(163) Concurrent Cleanup for Next Mark 0.739ms
[2025-11-06T19:27:07.380+0000][gc            ] GC(163) Concurrent Cycle 69.783ms
[2025-11-06T19:28:54.160+0000][gc,start      ] GC(164) Pause Young (Prepare Mixed) (G1 Evacuation Pause)
[2025-11-06T19:28:54.161+0000][gc,task       ] GC(164) Using 2 workers of 2 for evacuation
[2025-11-06T19:28:54.176+0000][gc,phases     ] GC(164)   Pre Evacuate Collection Set: 0.0ms
[2025-11-06T19:28:54.176+0000][gc,phases     ] GC(164)   Evacuate Collection Set: 13.5ms
[2025-11-06T19:28:54.176+0000][gc,phases     ] GC(164)   Post Evacuate Collection Set: 0.8ms
[2025-11-06T19:28:54.176+0000][gc,phases     ] GC(164)   Other: 0.9ms
[2025-11-06T19:28:54.176+0000][gc,heap       ] GC(164) Eden regions: 33->0(21)
[2025-11-06T19:28:54.177+0000][gc,heap       ] GC(164) Survivor regions: 5->4(5)
[2025-11-06T19:28:54.177+0000][gc,heap       ] GC(164) Old regions: 50->54
[2025-11-06T19:28:54.177+0000][gc,heap       ] GC(164) Humongous regions: 147->147
[2025-11-06T19:28:54.177+0000][gc,metaspace  ] GC(164) Metaspace: 53022K(56112K)->53022K(56112K) NonClass: 47133K(48816K)->47133K(48816K) Class: 5889K(7296K)->5889K(7296K)
[2025-11-06T19:28:54.178+0000][gc            ] GC(164) Pause Young (Prepare Mixed) (G1 Evacuation Pause) 234M->204M(512M) 17.210ms
[2025-11-06T19:28:54.178+0000][gc,cpu        ] GC(164) User=0.03s Sys=0.00s Real=0.02s
[2025-11-06T19:29:59.993+0000][gc,start      ] GC(165) Pause Young (Mixed) (G1 Evacuation Pause)
[2025-11-06T19:29:59.993+0000][gc,task       ] GC(165) Using 2 workers of 2 for evacuation
[2025-11-06T19:30:00.009+0000][gc,phases     ] GC(165)   Pre Evacuate Collection Set: 0.1ms
[2025-11-06T19:30:00.009+0000][gc,phases     ] GC(165)   Evacuate Collection Set: 13.7ms
[2025-11-06T19:30:00.010+0000][gc,phases     ] GC(165)   Post Evacuate Collection Set: 1.0ms
[2025-11-06T19:30:00.010+0000][gc,phases     ] GC(165)   Other: 1.5ms
[2025-11-06T19:30:00.011+0000][gc,heap       ] GC(165) Eden regions: 21->0(35)
[2025-11-06T19:30:00.011+0000][gc,heap       ] GC(165) Survivor regions: 4->3(4)
[2025-11-06T19:30:00.011+0000][gc,heap       ] GC(165) Old regions: 54->53
[2025-11-06T19:30:00.012+0000][gc,heap       ] GC(165) Humongous regions: 147->147
[2025-11-06T19:30:00.012+0000][gc,metaspace  ] GC(165) Metaspace: 53022K(56112K)->53022K(56112K) NonClass: 47133K(48816K)->47133K(48816K) Class: 5889K(7296K)->5889K(7296K)
[2025-11-06T19:30:00.013+0000][gc            ] GC(165) Pause Young (Mixed) (G1 Evacuation Pause) 225M->201M(512M) 19.812ms
[2025-11-06T19:30:00.013+0000][gc,cpu        ] GC(165) User=0.03s Sys=0.00s Real=0.02s
[2025-11-06T19:31:53.452+0000][gc,start      ] GC(166) Pause Young (Normal) (G1 Evacuation Pause)
[2025-11-06T19:31:53.453+0000][gc,task       ] GC(166) Using 2 workers of 2 for evacuation
[2025-11-06T19:31:53.468+0000][gc,phases     ] GC(166)   Pre Evacuate Collection Set: 0.0ms
[2025-11-06T19:31:53.469+0000][gc,phases     ] GC(166)   Evacuate Collection Set: 14.1ms
[2025-11-06T19:31:53.469+0000][gc,phases     ] GC(166)   Post Evacuate Collection Set: 0.6ms
[2025-11-06T19:31:53.469+0000][gc,phases     ] GC(166)   Other: 1.4ms
[2025-11-06T19:31:53.470+0000][gc,heap       ] GC(166) Eden regions: 35->0(34)
[2025-11-06T19:31:53.470+0000][gc,heap       ] GC(166) Survivor regions: 3->5(5)
[2025-11-06T19:31:53.470+0000][gc,heap       ] GC(166) Old regions: 53->53
[2025-11-06T19:31:53.470+0000][gc,heap       ] GC(166) Humongous regions: 147->147
[2025-11-06T19:31:53.471+0000][gc,metaspace  ] GC(166) Metaspace: 53022K(56112K)->53022K(56112K) NonClass: 47133K(48816K)->47133K(48816K) Class: 5889K(7296K)->5889K(7296K)
[2025-11-06T19:31:53.471+0000][gc            ] GC(166) Pause Young (Normal) (G1 Evacuation Pause) 236M->204M(512M) 18.860ms
[2025-11-06T19:31:53.471+0000][gc,cpu        ] GC(166) User=0.03s Sys=0.00s Real=0.02s
[2025-11-06T19:33:43.037+0000][gc,start      ] GC(167) Pause Young (Normal) (G1 Evacuation Pause)
[2025-11-06T19:33:43.038+0000][gc,task       ] GC(167) Using 2 workers of 2 for evacuation
[2025-11-06T19:33:43.051+0000][gc,phases     ] GC(167)   Pre Evacuate Collection Set: 0.0ms
[2025-11-06T19:33:43.051+0000][gc,phases     ] GC(167)   Evacuate Collection Set: 12.0ms
[2025-11-06T19:33:43.051+0000][gc,phases     ] GC(167)   Post Evacuate Collection Set: 0.7ms
[2025-11-06T19:33:43.052+0000][gc,phases     ] GC(167)   Other: 1.0ms
[2025-11-06T19:33:43.052+0000][gc,heap       ] GC(167) Eden regions: 34->0(35)
[2025-11-06T19:33:43.052+0000][gc,heap       ] GC(167) Survivor regions: 5->5(5)
[2025-11-06T19:33:43.052+0000][gc,heap       ] GC(167) Old regions: 53->57
[2025-11-06T19:33:43.052+0000][gc,heap       ] GC(167) Humongous regions: 147->147
[2025-11-06T19:33:43.052+0000][gc,metaspace  ] GC(167) Metaspace: 53022K(56112K)->53022K(56112K) NonClass: 47133K(48816K)->47133K(48816K) Class: 5889K(7296K)->5889K(7296K)
[2025-11-06T19:33:43.052+0000][gc            ] GC(167) Pause Young (Normal) (G1 Evacuation Pause) 238M->208M(512M) 15.042ms
[2025-11-06T19:33:43.053+0000][gc,cpu        ] GC(167) User=0.03s Sys=0.00s Real=0.02s
[2025-11-06T19:35:34.671+0000][gc,start      ] GC(168) Pause Young (Concurrent Start) (G1 Evacuation Pause)
[2025-11-06T19:35:34.672+0000][gc,task       ] GC(168) Using 2 workers of 2 for evacuation
[2025-11-06T19:35:34.693+0000][gc,mmu        ] GC(168) MMU target violated: 21.0ms (20.0ms/21.0ms)
[2025-11-06T19:35:34.694+0000][gc,phases     ] GC(168)   Pre Evacuate Collection Set: 0.3ms
[2025-11-06T19:35:34.694+0000][gc,phases     ] GC(168)   Evacuate Collection Set: 19.8ms
[2025-11-06T19:35:34.694+0000][gc,phases     ] GC(168)   Post Evacuate Collection Set: 1.0ms
[2025-11-06T19:35:34.695+0000][gc,phases     ] GC(168)   Other: 1.4ms
[2025-11-06T19:35:34.695+0000][gc,heap       ] GC(168) Eden regions: 35->0(33)
[2025-11-06T19:35:34.695+0000][gc,heap       ] GC(168) Survivor regions: 5->4(5)
[2025-11-06T19:35:34.696+0000][gc,heap       ] GC(168) Old regions: 57->59
[2025-11-06T19:35:34.696+0000][gc,heap       ] GC(168) Humongous regions: 147->147
[2025-11-06T19:35:34.696+0000][gc,metaspace  ] GC(168) Metaspace: 53022K(56112K)->53022K(56112K) NonClass: 47133K(48816K)->47133K(48816K) Class: 5889K(7296K)->5889K(7296K)
[2025-11-06T19:35:34.697+0000][gc            ] GC(168) Pause Young (Concurrent Start) (G1 Evacuation Pause) 243M->208M(512M) 25.148ms
[2025-11-06T19:35:34.697+0000][gc,cpu        ] GC(168) User=0.05s Sys=0.00s Real=0.03s
[2025-11-06T19:35:34.697+0000][gc            ] GC(169) Concurrent Cycle
[2025-11-06T19:35:34.698+0000][gc,marking    ] GC(169) Concurrent Clear Claimed Marks
[2025-11-06T19:35:34.699+0000][gc,marking    ] GC(169) Concurrent Clear Claimed Marks 0.784ms
[2025-11-06T19:35:34.699+0000][gc,marking    ] GC(169) Concurrent Scan Root Regions
[2025-11-06T19:35:34.705+0000][gc,marking    ] GC(169) Concurrent Scan Root Regions 5.822ms
[2025-11-06T19:35:34.705+0000][gc,marking    ] GC(169) Concurrent Mark (8149.258s)
[2025-11-06T19:35:34.705+0000][gc,marking    ] GC(169) Concurrent Mark From Roots
[2025-11-06T19:35:34.706+0000][gc,task       ] GC(169) Using 1 workers of 1 for marking
[2025-11-06T19:35:34.765+0000][gc,marking    ] GC(169) Concurrent Mark From Roots 59.420ms
[2025-11-06T19:35:34.765+0000][gc,marking    ] GC(169) Concurrent Preclean
[2025-11-06T19:35:34.766+0000][gc,marking    ] GC(169) Concurrent Preclean 0.847ms
[2025-11-06T19:35:34.766+0000][gc,marking    ] GC(169) Concurrent Mark (8149.258s, 8149.319s) 61.229ms
[2025-11-06T19:35:34.767+0000][gc,start      ] GC(169) Pause Remark
[2025-11-06T19:35:34.785+0000][gc,stringtable] GC(169) Cleaned string and symbol table, strings: 16783 processed, 0 removed, symbols: 123766 processed, 0 removed
[2025-11-06T19:35:34.787+0000][gc            ] GC(169) Pause Remark 209M->209M(512M) 20.167ms
[2025-11-06T19:35:34.788+0000][gc,cpu        ] GC(169) User=0.04s Sys=0.00s Real=0.02s
[2025-11-06T19:35:34.788+0000][gc,marking    ] GC(169) Concurrent Rebuild Remembered Sets
[2025-11-06T19:35:34.821+0000][gc,marking    ] GC(169) Concurrent Rebuild Remembered Sets 32.330ms
[2025-11-06T19:35:34.822+0000][gc,start      ] GC(169) Pause Cleanup
[2025-11-06T19:35:34.822+0000][gc            ] GC(169) Pause Cleanup 209M->209M(512M) 0.792ms
[2025-11-06T19:35:34.823+0000][gc,cpu        ] GC(169) User=0.00s Sys=0.00s Real=0.00s
[2025-11-06T19:35:34.823+0000][gc,marking    ] GC(169) Concurrent Cleanup for Next Mark
[2025-11-06T19:35:34.825+0000][gc,marking    ] GC(169) Concurrent Cleanup for Next Mark 1.487ms
[2025-11-06T19:35:34.825+0000][gc            ] GC(169) Concurrent Cycle 128.030ms
[2025-11-06T19:37:18.867+0000][gc,start      ] GC(170) Pause Young (Prepare Mixed) (G1 Evacuation Pause)
[2025-11-06T19:37:18.870+0000][gc,task       ] GC(170) Using 2 workers of 2 for evacuation
[2025-11-06T19:37:18.894+0000][gc,mmu        ] GC(170) MMU target violated: 21.0ms (20.0ms/21.0ms)
[2025-11-06T19:37:18.895+0000][gc,phases     ] GC(170)   Pre Evacuate Collection Set: 0.0ms
[2025-11-06T19:37:18.895+0000][gc,phases     ] GC(170)   Evacuate Collection Set: 21.9ms
[2025-11-06T19:37:18.895+0000][gc,phases     ] GC(170)   Post Evacuate Collection Set: 1.3ms
[2025-11-06T19:37:18.896+0000][gc,phases     ] GC(170)   Other: 5.1ms
[2025-11-06T19:37:18.896+0000][gc,heap       ] GC(170) Eden regions: 32->0(21)
[2025-11-06T19:37:18.896+0000][gc,heap       ] GC(170) Survivor regions: 4->4(5)
[2025-11-06T19:37:18.897+0000][gc,heap       ] GC(170) Old regions: 59->62
[2025-11-06T19:37:18.897+0000][gc,heap       ] GC(170) Humongous regions: 147->147
[2025-11-06T19:37:18.898+0000][gc,metaspace  ] GC(170) Metaspace: 53022K(56112K)->53022K(56112K) NonClass: 47133K(48816K)->47133K(48816K) Class: 5889K(7296K)->5889K(7296K)
[2025-11-06T19:37:18.898+0000][gc            ] GC(170) Pause Young (Prepare Mixed) (G1 Evacuation Pause) 240M->211M(512M) 31.373ms
[2025-11-06T19:37:18.898+0000][gc,cpu        ] GC(170) User=0.05s Sys=0.00s Real=0.03s
[2025-11-06T19:38:25.676+0000][gc,start      ] GC(171) Pause Young (Mixed) (G1 Evacuation Pause)
[2025-11-06T19:38:25.676+0000][gc,task       ] GC(171) Using 2 workers of 2 for evacuation
[2025-11-06T19:38:25.692+0000][gc,phases     ] GC(171)   Pre Evacuate Collection Set: 0.0ms
[2025-11-06T19:38:25.693+0000][gc,phases     ] GC(171)   Evacuate Collection Set: 14.3ms
[2025-11-06T19:38:25.693+0000][gc,phases     ] GC(171)   Post Evacuate Collection Set: 1.0ms
[2025-11-06T19:38:25.693+0000][gc,phases     ] GC(171)   Other: 0.8ms
[2025-11-06T19:38:25.693+0000][gc,heap       ] GC(171) Eden regions: 21->0(33)
[2025-11-06T19:38:25.694+0000][gc,heap       ] GC(171) Survivor regions: 4->3(4)
[2025-11-06T19:38:25.694+0000][gc,heap       ] GC(171) Old regions: 62->51
[2025-11-06T19:38:25.694+0000][gc,heap       ] GC(171) Humongous regions: 147->147
[2025-11-06T19:38:25.695+0000][gc,metaspace  ] GC(171) Metaspace: 53022K(56112K)->53022K(56112K) NonClass: 47133K(48816K)->47133K(48816K) Class: 5889K(7296K)->5889K(7296K)
[2025-11-06T19:38:25.695+0000][gc            ] GC(171) Pause Young (Mixed) (G1 Evacuation Pause) 232M->200M(512M) 18.855ms
[2025-11-06T19:38:25.695+0000][gc,cpu        ] GC(171) User=0.03s Sys=0.00s Real=0.02s
[2025-11-06T19:40:00.817+0000][gc,start      ] GC(172) Pause Young (Normal) (G1 Evacuation Pause)
[2025-11-06T19:40:00.818+0000][gc,task       ] GC(172) Using 2 workers of 2 for evacuation
[2025-11-06T19:40:00.828+0000][gc,phases     ] GC(172)   Pre Evacuate Collection Set: 0.0ms
[2025-11-06T19:40:00.829+0000][gc,phases     ] GC(172)   Evacuate Collection Set: 9.2ms
[2025-11-06T19:40:00.829+0000][gc,phases     ] GC(172)   Post Evacuate Collection Set: 0.7ms
[2025-11-06T19:40:00.829+0000][gc,phases     ] GC(172)   Other: 1.4ms
[2025-11-06T19:40:00.829+0000][gc,heap       ] GC(172) Eden regions: 30->0(36)
[2025-11-06T19:40:00.829+0000][gc,heap       ] GC(172) Survivor regions: 3->5(5)
[2025-11-06T19:40:00.830+0000][gc,heap       ] GC(172) Old regions: 51->51
[2025-11-06T19:40:00.830+0000][gc,heap       ] GC(172) Humongous regions: 147->147
[2025-11-06T19:40:00.830+0000][gc,metaspace  ] GC(172) Metaspace: 53022K(56112K)->53022K(56112K) NonClass: 47133K(48816K)->47133K(48816K) Class: 5889K(7296K)->5889K(7296K)
[2025-11-06T19:40:00.830+0000][gc            ] GC(172) Pause Young (Normal) (G1 Evacuation Pause) 230M->202M(512M) 13.078ms
[2025-11-06T19:40:00.830+0000][gc,cpu        ] GC(172) User=0.02s Sys=0.00s Real=0.01s
[2025-11-06T19:41:58.575+0000][gc,start      ] GC(173) Pause Young (Normal) (G1 Evacuation Pause)
[2025-11-06T19:41:58.575+0000][gc,task       ] GC(173) Using 2 workers of 2 for evacuation
[2025-11-06T19:41:58.590+0000][gc,phases     ] GC(173)   Pre Evacuate Collection Set: 0.1ms
[2025-11-06T19:41:58.591+0000][gc,phases     ] GC(173)   Evacuate Collection Set: 13.9ms
[2025-11-06T19:41:58.591+0000][gc,phases     ] GC(173)   Post Evacuate Collection Set: 0.6ms
[2025-11-06T19:41:58.591+0000][gc,phases     ] GC(173)   Other: 1.1ms
[2025-11-06T19:41:58.591+0000][gc,heap       ] GC(173) Eden regions: 36->0(36)
[2025-11-06T19:41:58.591+0000][gc,heap       ] GC(173) Survivor regions: 5->6(6)
[2025-11-06T19:41:58.591+0000][gc,heap       ] GC(173) Old regions: 51->53
[2025-11-06T19:41:58.591+0000][gc,heap       ] GC(173) Humongous regions: 147->147
[2025-11-06T19:41:58.592+0000][gc,metaspace  ] GC(173) Metaspace: 53022K(56112K)->53022K(56112K) NonClass: 47133K(48816K)->47133K(48816K) Class: 5889K(7296K)->5889K(7296K)
[2025-11-06T19:41:58.592+0000][gc            ] GC(173) Pause Young (Normal) (G1 Evacuation Pause) 238M->205M(512M) 17.061ms
[2025-11-06T19:41:58.592+0000][gc,cpu        ] GC(173) User=0.03s Sys=0.00s Real=0.02s
[2025-11-06T19:43:53.801+0000][gc,start      ] GC(174) Pause Young (Normal) (G1 Evacuation Pause)
[2025-11-06T19:43:53.802+0000][gc,task       ] GC(174) Using 2 workers of 2 for evacuation
[2025-11-06T19:43:53.826+0000][gc,mmu        ] GC(174) MMU target violated: 21.0ms (20.0ms/21.0ms)
[2025-11-06T19:43:53.827+0000][gc,phases     ] GC(174)   Pre Evacuate Collection Set: 0.0ms
[2025-11-06T19:43:53.829+0000][gc,phases     ] GC(174)   Evacuate Collection Set: 22.2ms
[2025-11-06T19:43:53.829+0000][gc,phases     ] GC(174)   Post Evacuate Collection Set: 1.3ms
[2025-11-06T19:43:53.829+0000][gc,phases     ] GC(174)   Other: 2.5ms
[2025-11-06T19:43:53.830+0000][gc,heap       ] GC(174) Eden regions: 36->0(35)
[2025-11-06T19:43:53.830+0000][gc,heap       ] GC(174) Survivor regions: 6->4(6)
[2025-11-06T19:43:53.830+0000][gc,heap       ] GC(174) Old regions: 53->57
[2025-11-06T19:43:53.831+0000][gc,heap       ] GC(174) Humongous regions: 147->147
[2025-11-06T19:43:53.831+0000][gc,metaspace  ] GC(174) Metaspace: 53022K(56112K)->53022K(56112K) NonClass: 47133K(48816K)->47133K(48816K) Class: 5889K(7296K)->5889K(7296K)
[2025-11-06T19:43:53.831+0000][gc            ] GC(174) Pause Young (Normal) (G1 Evacuation Pause) 241M->207M(512M) 30.101ms
[2025-11-06T19:43:53.832+0000][gc,cpu        ] GC(174) User=0.04s Sys=0.00s Real=0.03s
[2025-11-06T19:45:46.964+0000][gc,start      ] GC(175) Pause Young (Normal) (G1 Evacuation Pause)
[2025-11-06T19:45:46.965+0000][gc,task       ] GC(175) Using 2 workers of 2 for evacuation
[2025-11-06T19:45:46.979+0000][gc,phases     ] GC(175)   Pre Evacuate Collection Set: 0.0ms
[2025-11-06T19:45:46.980+0000][gc,phases     ] GC(175)   Evacuate Collection Set: 13.0ms
[2025-11-06T19:45:46.980+0000][gc,phases     ] GC(175)   Post Evacuate Collection Set: 0.8ms
[2025-11-06T19:45:46.980+0000][gc,phases     ] GC(175)   Other: 1.5ms
[2025-11-06T19:45:46.980+0000][gc,heap       ] GC(175) Eden regions: 35->0(38)
[2025-11-06T19:45:46.980+0000][gc,heap       ] GC(175) Survivor regions: 4->4(5)
[2025-11-06T19:45:46.981+0000][gc,heap       ] GC(175) Old regions: 57->60
[2025-11-06T19:45:46.981+0000][gc,heap       ] GC(175) Humongous regions: 147->147
[2025-11-06T19:45:46.981+0000][gc,metaspace  ] GC(175) Metaspace: 53022K(56112K)->53022K(56112K) NonClass: 47133K(48816K)->47133K(48816K) Class: 5889K(7296K)->5889K(7296K)
[2025-11-06T19:45:46.981+0000][gc            ] GC(175) Pause Young (Normal) (G1 Evacuation Pause) 242M->210M(512M) 16.927ms
[2025-11-06T19:45:46.981+0000][gc,cpu        ] GC(175) User=0.02s Sys=0.00s Real=0.02s
[2025-11-06T19:47:49.874+0000][gc,start      ] GC(176) Pause Young (Normal) (G1 Evacuation Pause)
[2025-11-06T19:47:49.875+0000][gc,task       ] GC(176) Using 2 workers of 2 for evacuation
[2025-11-06T19:47:49.886+0000][gc,phases     ] GC(176)   Pre Evacuate Collection Set: 0.0ms
[2025-11-06T19:47:49.886+0000][gc,phases     ] GC(176)   Evacuate Collection Set: 10.3ms
[2025-11-06T19:47:49.887+0000][gc,phases     ] GC(176)   Post Evacuate Collection Set: 0.6ms
[2025-11-06T19:47:49.887+0000][gc,phases     ] GC(176)   Other: 1.4ms
[2025-11-06T19:47:49.887+0000][gc,heap       ] GC(176) Eden regions: 38->0(44)
[2025-11-06T19:47:49.887+0000][gc,heap       ] GC(176) Survivor regions: 4->3(6)
[2025-11-06T19:47:49.887+0000][gc,heap       ] GC(176) Old regions: 60->62
[2025-11-06T19:47:49.888+0000][gc,heap       ] GC(176) Humongous regions: 147->147
[2025-11-06T19:47:49.888+0000][gc,metaspace  ] GC(176) Metaspace: 53022K(56112K)->53022K(56112K) NonClass: 47133K(48816K)->47133K(48816K) Class: 5889K(7296K)->5889K(7296K)
[2025-11-06T19:47:49.888+0000][gc            ] GC(176) Pause Young (Normal) (G1 Evacuation Pause) 248M->212M(512M) 14.323ms
[2025-11-06T19:47:49.888+0000][gc,cpu        ] GC(176) User=0.02s Sys=0.00s Real=0.01s
[2025-11-06T19:50:09.862+0000][gc,start      ] GC(177) Pause Young (Normal) (G1 Evacuation Pause)
[2025-11-06T19:50:09.863+0000][gc,task       ] GC(177) Using 2 workers of 2 for evacuation
[2025-11-06T19:50:09.882+0000][gc,phases     ] GC(177)   Pre Evacuate Collection Set: 0.0ms
[2025-11-06T19:50:09.882+0000][gc,phases     ] GC(177)   Evacuate Collection Set: 17.2ms
[2025-11-06T19:50:09.882+0000][gc,phases     ] GC(177)   Post Evacuate Collection Set: 1.1ms
[2025-11-06T19:50:09.882+0000][gc,phases     ] GC(177)   Other: 1.0ms
[2025-11-06T19:50:09.883+0000][gc,heap       ] GC(177) Eden regions: 44->0(43)
[2025-11-06T19:50:09.883+0000][gc,heap       ] GC(177) Survivor regions: 3->6(6)
[2025-11-06T19:50:09.883+0000][gc,heap       ] GC(177) Old regions: 62->64
[2025-11-06T19:50:09.883+0000][gc,heap       ] GC(177) Humongous regions: 147->147
[2025-11-06T19:50:09.883+0000][gc,metaspace  ] GC(177) Metaspace: 53026K(56112K)->53026K(56112K) NonClass: 47137K(48816K)->47137K(48816K) Class: 5889K(7296K)->5889K(7296K)
[2025-11-06T19:50:09.884+0000][gc            ] GC(177) Pause Young (Normal) (G1 Evacuation Pause) 255M->216M(512M) 21.328ms
[2025-11-06T19:50:09.884+0000][gc,cpu        ] GC(177) User=0.04s Sys=0.00s Real=0.03s
[2025-11-06T19:51:08.960+0000][gc,start      ] GC(178) Pause Young (Normal) (G1 Evacuation Pause)
[2025-11-06T19:51:08.960+0000][gc,task       ] GC(178) Using 2 workers of 2 for evacuation
[2025-11-06T19:51:08.976+0000][gc,phases     ] GC(178)   Pre Evacuate Collection Set: 0.0ms
[2025-11-06T19:51:08.977+0000][gc,phases     ] GC(178)   Evacuate Collection Set: 15.0ms
[2025-11-06T19:51:08.977+0000][gc,phases     ] GC(178)   Post Evacuate Collection Set: 0.7ms
[2025-11-06T19:51:08.977+0000][gc,phases     ] GC(178)   Other: 0.6ms
[2025-11-06T19:51:08.977+0000][gc,heap       ] GC(178) Eden regions: 37->0(40)
[2025-11-06T19:51:08.977+0000][gc,heap       ] GC(178) Survivor regions: 6->5(6)
[2025-11-06T19:51:08.977+0000][gc,heap       ] GC(178) Old regions: 64->68
[2025-11-06T19:51:08.977+0000][gc,heap       ] GC(178) Humongous regions: 147->147
[2025-11-06T19:51:08.978+0000][gc,metaspace  ] GC(178) Metaspace: 53037K(56112K)->53037K(56112K) NonClass: 47147K(48816K)->47147K(48816K) Class: 5890K(7296K)->5890K(7296K)
[2025-11-06T19:51:08.978+0000][gc            ] GC(178) Pause Young (Normal) (G1 Evacuation Pause) 253M->219M(512M) 17.759ms
[2025-11-06T19:51:08.978+0000][gc,cpu        ] GC(178) User=0.03s Sys=0.00s Real=0.02s
[2025-11-06T19:52:34.402+0000][gc,start      ] GC(179) Pause Young (Normal) (G1 Evacuation Pause)
[2025-11-06T19:52:34.403+0000][gc,task       ] GC(179) Using 2 workers of 2 for evacuation
[2025-11-06T19:52:34.417+0000][gc,phases     ] GC(179)   Pre Evacuate Collection Set: 0.0ms
[2025-11-06T19:52:34.417+0000][gc,phases     ] GC(179)   Evacuate Collection Set: 12.7ms
[2025-11-06T19:52:34.417+0000][gc,phases     ] GC(179)   Post Evacuate Collection Set: 0.8ms
[2025-11-06T19:52:34.418+0000][gc,phases     ] GC(179)   Other: 1.1ms
[2025-11-06T19:52:34.418+0000][gc,heap       ] GC(179) Eden regions: 34->0(41)
[2025-11-06T19:52:34.418+0000][gc,heap       ] GC(179) Survivor regions: 5->3(5)
[2025-11-06T19:52:34.418+0000][gc,heap       ] GC(179) Old regions: 68->72
[2025-11-06T19:52:34.418+0000][gc,heap       ] GC(179) Humongous regions: 147->147
[2025-11-06T19:52:34.419+0000][gc,metaspace  ] GC(179) Metaspace: 53037K(56112K)->53037K(56112K) NonClass: 47147K(48816K)->47147K(48816K) Class: 5890K(7296K)->5890K(7296K)
[2025-11-06T19:52:34.419+0000][gc            ] GC(179) Pause Young (Normal) (G1 Evacuation Pause) 253M->221M(512M) 16.543ms
[2025-11-06T19:52:34.419+0000][gc,cpu        ] GC(179) User=0.03s Sys=0.00s Real=0.02s
[2025-11-06T19:54:12.056+0000][gc,start      ] GC(180) Pause Young (Normal) (G1 Evacuation Pause)
[2025-11-06T19:54:12.056+0000][gc,task       ] GC(180) Using 2 workers of 2 for evacuation
[2025-11-06T19:54:12.071+0000][gc,phases     ] GC(180)   Pre Evacuate Collection Set: 0.0ms
[2025-11-06T19:54:12.071+0000][gc,phases     ] GC(180)   Evacuate Collection Set: 13.3ms
[2025-11-06T19:54:12.071+0000][gc,phases     ] GC(180)   Post Evacuate Collection Set: 0.9ms
[2025-11-06T19:54:12.071+0000][gc,phases     ] GC(180)   Other: 1.2ms
[2025-11-06T19:54:12.072+0000][gc,heap       ] GC(180) Eden regions: 41->0(41)
[2025-11-06T19:54:12.072+0000][gc,heap       ] GC(180) Survivor regions: 3->6(6)
[2025-11-06T19:54:12.072+0000][gc,heap       ] GC(180) Old regions: 72->72
[2025-11-06T19:54:12.072+0000][gc,heap       ] GC(180) Humongous regions: 147->147
[2025-11-06T19:54:12.072+0000][gc,metaspace  ] GC(180) Metaspace: 53037K(56112K)->53037K(56112K) NonClass: 47147K(48816K)->47147K(48816K) Class: 5890K(7296K)->5890K(7296K)
[2025-11-06T19:54:12.072+0000][gc            ] GC(180) Pause Young (Normal) (G1 Evacuation Pause) 262M->225M(512M) 16.621ms
[2025-11-06T19:54:12.072+0000][gc,cpu        ] GC(180) User=0.02s Sys=0.00s Real=0.02s
[2025-11-06T19:55:39.247+0000][gc,start      ] GC(181) Pause Young (Normal) (G1 Evacuation Pause)
[2025-11-06T19:55:39.247+0000][gc,task       ] GC(181) Using 2 workers of 2 for evacuation
[2025-11-06T19:55:39.263+0000][gc,phases     ] GC(181)   Pre Evacuate Collection Set: 0.1ms
[2025-11-06T19:55:39.263+0000][gc,phases     ] GC(181)   Evacuate Collection Set: 14.5ms
[2025-11-06T19:55:39.264+0000][gc,phases     ] GC(181)   Post Evacuate Collection Set: 0.9ms
[2025-11-06T19:55:39.264+0000][gc,phases     ] GC(181)   Other: 0.9ms
[2025-11-06T19:55:39.264+0000][gc,heap       ] GC(181) Eden regions: 41->0(43)
[2025-11-06T19:55:39.264+0000][gc,heap       ] GC(181) Survivor regions: 6->4(6)
[2025-11-06T19:55:39.264+0000][gc,heap       ] GC(181) Old regions: 72->77
[2025-11-06T19:55:39.265+0000][gc,heap       ] GC(181) Humongous regions: 147->147
[2025-11-06T19:55:39.265+0000][gc,metaspace  ] GC(181) Metaspace: 53042K(56112K)->53042K(56112K) NonClass: 47152K(48816K)->47152K(48816K) Class: 5890K(7296K)->5890K(7296K)
[2025-11-06T19:55:39.265+0000][gc            ] GC(181) Pause Young (Normal) (G1 Evacuation Pause) 266M->227M(512M) 18.047ms
[2025-11-06T19:55:39.265+0000][gc,cpu        ] GC(181) User=0.03s Sys=0.00s Real=0.02s
[2025-11-06T19:56:37.143+0000][gc,start      ] GC(182) Pause Young (Normal) (G1 Evacuation Pause)
[2025-11-06T19:56:37.145+0000][gc,task       ] GC(182) Using 2 workers of 2 for evacuation
[2025-11-06T19:56:37.165+0000][gc,mmu        ] GC(182) MMU target violated: 20.3ms (20.0ms/21.0ms)
[2025-11-06T19:56:37.165+0000][gc,phases     ] GC(182)   Pre Evacuate Collection Set: 0.0ms
[2025-11-06T19:56:37.166+0000][gc,phases     ] GC(182)   Evacuate Collection Set: 19.2ms
[2025-11-06T19:56:37.167+0000][gc,phases     ] GC(182)   Post Evacuate Collection Set: 1.0ms
[2025-11-06T19:56:37.169+0000][gc,phases     ] GC(182)   Other: 1.8ms
[2025-11-06T19:56:37.169+0000][gc,heap       ] GC(182) Eden regions: 41->0(43)
[2025-11-06T19:56:37.169+0000][gc,heap       ] GC(182) Survivor regions: 4->3(6)
[2025-11-06T19:56:37.169+0000][gc,heap       ] GC(182) Old regions: 77->80
[2025-11-06T19:56:37.170+0000][gc,heap       ] GC(182) Humongous regions: 147->147
[2025-11-06T19:56:37.170+0000][gc,metaspace  ] GC(182) Metaspace: 53050K(56112K)->53050K(56112K) NonClass: 47159K(48816K)->47159K(48816K) Class: 5890K(7296K)->5890K(7296K)
[2025-11-06T19:56:37.173+0000][gc            ] GC(182) Pause Young (Normal) (G1 Evacuation Pause) 268M->229M(512M) 29.513ms
[2025-11-06T19:56:37.173+0000][gc,cpu        ] GC(182) User=0.04s Sys=0.00s Real=0.03s
[2025-11-06T19:56:46.004+0000][gc,start      ] GC(183) Pause Young (Normal) (G1 Evacuation Pause)
[2025-11-06T19:56:46.005+0000][gc,task       ] GC(183) Using 2 workers of 2 for evacuation
[2025-11-06T19:56:46.032+0000][gc,mmu        ] GC(183) MMU target violated: 21.0ms (20.0ms/21.0ms)
[2025-11-06T19:56:46.034+0000][gc,phases     ] GC(183)   Pre Evacuate Collection Set: 0.3ms
[2025-11-06T19:56:46.035+0000][gc,phases     ] GC(183)   Evacuate Collection Set: 22.6ms
[2025-11-06T19:56:46.035+0000][gc,phases     ] GC(183)   Post Evacuate Collection Set: 3.1ms
[2025-11-06T19:56:46.036+0000][gc,phases     ] GC(183)   Other: 4.5ms
[2025-11-06T19:56:46.036+0000][gc,heap       ] GC(183) Eden regions: 40->0(31)
[2025-11-06T19:56:46.037+0000][gc,heap       ] GC(183) Survivor regions: 3->5(6)
[2025-11-06T19:56:46.040+0000][gc,heap       ] GC(183) Old regions: 80->80
[2025-11-06T19:56:46.041+0000][gc,heap       ] GC(183) Humongous regions: 147->147
[2025-11-06T19:56:46.041+0000][gc,metaspace  ] GC(183) Metaspace: 53050K(56112K)->53050K(56112K) NonClass: 47160K(48816K)->47160K(48816K) Class: 5890K(7296K)->5890K(7296K)
[2025-11-06T19:56:46.042+0000][gc            ] GC(183) Pause Young (Normal) (G1 Evacuation Pause) 269M->231M(512M) 37.814ms
[2025-11-06T19:56:46.042+0000][gc,cpu        ] GC(183) User=0.05s Sys=0.00s Real=0.04s
[2025-11-06T19:57:33.914+0000][gc,start      ] GC(184) Pause Young (Normal) (G1 Evacuation Pause)
[2025-11-06T19:57:33.915+0000][gc,task       ] GC(184) Using 2 workers of 2 for evacuation
[2025-11-06T19:57:33.932+0000][gc,phases     ] GC(184)   Pre Evacuate Collection Set: 0.0ms
[2025-11-06T19:57:33.932+0000][gc,phases     ] GC(184)   Evacuate Collection Set: 14.9ms
[2025-11-06T19:57:33.932+0000][gc,phases     ] GC(184)   Post Evacuate Collection Set: 0.9ms
[2025-11-06T19:57:33.932+0000][gc,phases     ] GC(184)   Other: 2.1ms
[2025-11-06T19:57:33.933+0000][gc,heap       ] GC(184) Eden regions: 20->0(25)
[2025-11-06T19:57:33.933+0000][gc,heap       ] GC(184) Survivor regions: 5->4(4)
[2025-11-06T19:57:33.933+0000][gc,heap       ] GC(184) Old regions: 80->82
[2025-11-06T19:57:33.933+0000][gc,heap       ] GC(184) Humongous regions: 147->147
[2025-11-06T19:57:33.934+0000][gc,metaspace  ] GC(184) Metaspace: 53050K(56112K)->53050K(56112K) NonClass: 47160K(48816K)->47160K(48816K) Class: 5890K(7296K)->5890K(7296K)
[2025-11-06T19:57:33.934+0000][gc            ] GC(184) Pause Young (Normal) (G1 Evacuation Pause) 251M->232M(512M) 20.196ms
[2025-11-06T19:57:33.934+0000][gc,cpu        ] GC(184) User=0.03s Sys=0.00s Real=0.03s
[2025-11-06T19:58:25.366+0000][gc,start      ] GC(185) Pause Young (Normal) (G1 Evacuation Pause)
[2025-11-06T19:58:25.367+0000][gc,task       ] GC(185) Using 2 workers of 2 for evacuation
[2025-11-06T19:58:25.383+0000][gc,phases     ] GC(185)   Pre Evacuate Collection Set: 0.0ms
[2025-11-06T19:58:25.383+0000][gc,phases     ] GC(185)   Evacuate Collection Set: 13.5ms
[2025-11-06T19:58:25.384+0000][gc,phases     ] GC(185)   Post Evacuate Collection Set: 1.2ms
[2025-11-06T19:58:25.384+0000][gc,phases     ] GC(185)   Other: 1.5ms
[2025-11-06T19:58:25.384+0000][gc,heap       ] GC(185) Eden regions: 21->0(27)
[2025-11-06T19:58:25.385+0000][gc,heap       ] GC(185) Survivor regions: 4->4(4)
[2025-11-06T19:58:25.385+0000][gc,heap       ] GC(185) Old regions: 82->84
[2025-11-06T19:58:25.385+0000][gc,heap       ] GC(185) Humongous regions: 147->147
[2025-11-06T19:58:25.385+0000][gc,metaspace  ] GC(185) Metaspace: 53050K(56112K)->53050K(56112K) NonClass: 47160K(48816K)->47160K(48816K) Class: 5890K(7296K)->5890K(7296K)
[2025-11-06T19:58:25.386+0000][gc            ] GC(185) Pause Young (Normal) (G1 Evacuation Pause) 253M->233M(512M) 19.193ms
[2025-11-06T19:58:25.386+0000][gc,cpu        ] GC(185) User=0.03s Sys=0.00s Real=0.02s
[2025-11-06T19:59:31.313+0000][gc,start      ] GC(186) Pause Young (Normal) (G1 Evacuation Pause)
[2025-11-06T19:59:31.313+0000][gc,task       ] GC(186) Using 2 workers of 2 for evacuation
[2025-11-06T19:59:31.327+0000][gc,phases     ] GC(186)   Pre Evacuate Collection Set: 0.0ms
[2025-11-06T19:59:31.327+0000][gc,phases     ] GC(186)   Evacuate Collection Set: 12.6ms
[2025-11-06T19:59:31.327+0000][gc,phases     ] GC(186)   Post Evacuate Collection Set: 0.8ms
[2025-11-06T19:59:31.327+0000][gc,phases     ] GC(186)   Other: 0.8ms
[2025-11-06T19:59:31.328+0000][gc,heap       ] GC(186) Eden regions: 27->0(30)
[2025-11-06T19:59:31.328+0000][gc,heap       ] GC(186) Survivor regions: 4->4(4)
[2025-11-06T19:59:31.328+0000][gc,heap       ] GC(186) Old regions: 84->85
[2025-11-06T19:59:31.328+0000][gc,heap       ] GC(186) Humongous regions: 147->147
[2025-11-06T19:59:31.328+0000][gc,metaspace  ] GC(186) Metaspace: 53050K(56112K)->53050K(56112K) NonClass: 47160K(48816K)->47160K(48816K) Class: 5890K(7296K)->5890K(7296K)
[2025-11-06T19:59:31.329+0000][gc            ] GC(186) Pause Young (Normal) (G1 Evacuation Pause) 260M->235M(512M) 16.020ms
[2025-11-06T19:59:31.329+0000][gc,cpu        ] GC(186) User=0.03s Sys=0.00s Real=0.02s
[2025-11-06T20:00:44.415+0000][gc,start      ] GC(187) Pause Young (Normal) (G1 Evacuation Pause)
[2025-11-06T20:00:44.415+0000][gc,task       ] GC(187) Using 2 workers of 2 for evacuation
[2025-11-06T20:00:44.427+0000][gc,phases     ] GC(187)   Pre Evacuate Collection Set: 0.0ms
[2025-11-06T20:00:44.427+0000][gc,phases     ] GC(187)   Evacuate Collection Set: 10.4ms
[2025-11-06T20:00:44.427+0000][gc,phases     ] GC(187)   Post Evacuate Collection Set: 0.7ms
[2025-11-06T20:00:44.427+0000][gc,phases     ] GC(187)   Other: 0.5ms
[2025-11-06T20:00:44.427+0000][gc,heap       ] GC(187) Eden regions: 30->0(32)
[2025-11-06T20:00:44.427+0000][gc,heap       ] GC(187) Survivor regions: 4->5(5)
[2025-11-06T20:00:44.428+0000][gc,heap       ] GC(187) Old regions: 85->87
[2025-11-06T20:00:44.428+0000][gc,heap       ] GC(187) Humongous regions: 147->147
[2025-11-06T20:00:44.428+0000][gc,metaspace  ] GC(187) Metaspace: 53052K(56112K)->53052K(56112K) NonClass: 47161K(48816K)->47161K(48816K) Class: 5890K(7296K)->5890K(7296K)
[2025-11-06T20:00:44.428+0000][gc            ] GC(187) Pause Young (Normal) (G1 Evacuation Pause) 265M->238M(512M) 13.212ms
[2025-11-06T20:00:44.428+0000][gc,cpu        ] GC(187) User=0.02s Sys=0.00s Real=0.01s
[2025-11-06T20:02:03.458+0000][gc,start      ] GC(188) Pause Young (Normal) (G1 Evacuation Pause)
[2025-11-06T20:02:03.458+0000][gc,task       ] GC(188) Using 2 workers of 2 for evacuation
[2025-11-06T20:02:03.473+0000][gc,phases     ] GC(188)   Pre Evacuate Collection Set: 0.0ms
[2025-11-06T20:02:03.473+0000][gc,phases     ] GC(188)   Evacuate Collection Set: 13.9ms
[2025-11-06T20:02:03.474+0000][gc,phases     ] GC(188)   Post Evacuate Collection Set: 0.7ms
[2025-11-06T20:02:03.474+0000][gc,phases     ] GC(188)   Other: 0.7ms
[2025-11-06T20:02:03.474+0000][gc,heap       ] GC(188) Eden regions: 32->0(35)
[2025-11-06T20:02:03.474+0000][gc,heap       ] GC(188) Survivor regions: 5->4(5)
[2025-11-06T20:02:03.474+0000][gc,heap       ] GC(188) Old regions: 87->91
[2025-11-06T20:02:03.475+0000][gc,heap       ] GC(188) Humongous regions: 147->147
[2025-11-06T20:02:03.475+0000][gc,metaspace  ] GC(188) Metaspace: 53052K(56112K)->53052K(56112K) NonClass: 47161K(48816K)->47161K(48816K) Class: 5890K(7296K)->5890K(7296K)
[2025-11-06T20:02:03.475+0000][gc            ] GC(188) Pause Young (Normal) (G1 Evacuation Pause) 270M->241M(512M) 17.199ms
[2025-11-06T20:02:03.475+0000][gc,cpu        ] GC(188) User=0.03s Sys=0.00s Real=0.02s
[2025-11-06T20:03:29.538+0000][gc,start      ] GC(189) Pause Young (Normal) (G1 Evacuation Pause)
[2025-11-06T20:03:29.539+0000][gc,task       ] GC(189) Using 2 workers of 2 for evacuation
[2025-11-06T20:03:29.562+0000][gc,mmu        ] GC(189) MMU target violated: 21.0ms (20.0ms/21.0ms)
[2025-11-06T20:03:29.562+0000][gc,phases     ] GC(189)   Pre Evacuate Collection Set: 0.0ms
[2025-11-06T20:03:29.562+0000][gc,phases     ] GC(189)   Evacuate Collection Set: 21.5ms
[2025-11-06T20:03:29.563+0000][gc,phases     ] GC(189)   Post Evacuate Collection Set: 1.2ms
[2025-11-06T20:03:29.564+0000][gc,phases     ] GC(189)   Other: 1.5ms
[2025-11-06T20:03:29.567+0000][gc,heap       ] GC(189) Eden regions: 35->0(31)
[2025-11-06T20:03:29.568+0000][gc,heap       ] GC(189) Survivor regions: 4->5(5)
[2025-11-06T20:03:29.568+0000][gc,heap       ] GC(189) Old regions: 91->93
[2025-11-06T20:03:29.568+0000][gc,heap       ] GC(189) Humongous regions: 147->147
[2025-11-06T20:03:29.569+0000][gc,metaspace  ] GC(189) Metaspace: 53052K(56112K)->53052K(56112K) NonClass: 47161K(48816K)->47161K(48816K) Class: 5890K(7296K)->5890K(7296K)
[2025-11-06T20:03:29.569+0000][gc            ] GC(189) Pause Young (Normal) (G1 Evacuation Pause) 276M->244M(512M) 31.025ms
[2025-11-06T20:03:29.569+0000][gc,cpu        ] GC(189) User=0.05s Sys=0.00s Real=0.03s
[2025-11-06T20:04:45.206+0000][gc,start      ] GC(190) Pause Young (Normal) (G1 Evacuation Pause)
[2025-11-06T20:04:45.206+0000][gc,task       ] GC(190) Using 2 workers of 2 for evacuation
[2025-11-06T20:04:45.222+0000][gc,phases     ] GC(190)   Pre Evacuate Collection Set: 0.0ms
[2025-11-06T20:04:45.222+0000][gc,phases     ] GC(190)   Evacuate Collection Set: 14.6ms
[2025-11-06T20:04:45.222+0000][gc,phases     ] GC(190)   Post Evacuate Collection Set: 0.9ms
[2025-11-06T20:04:45.223+0000][gc,phases     ] GC(190)   Other: 0.6ms
[2025-11-06T20:04:45.223+0000][gc,heap       ] GC(190) Eden regions: 31->0(35)
[2025-11-06T20:04:45.223+0000][gc,heap       ] GC(190) Survivor regions: 5->3(5)
[2025-11-06T20:04:45.223+0000][gc,heap       ] GC(190) Old regions: 93->96
[2025-11-06T20:04:45.223+0000][gc,heap       ] GC(190) Humongous regions: 147->147
[2025-11-06T20:04:45.224+0000][gc,metaspace  ] GC(190) Metaspace: 53056K(56112K)->53056K(56112K) NonClass: 47165K(48816K)->47165K(48816K) Class: 5890K(7296K)->5890K(7296K)
[2025-11-06T20:04:45.224+0000][gc            ] GC(190) Pause Young (Normal) (G1 Evacuation Pause) 275M->245M(512M) 18.164ms
[2025-11-06T20:04:45.224+0000][gc,cpu        ] GC(190) User=0.03s Sys=0.00s Real=0.02s
[2025-11-06T20:06:11.405+0000][gc,start      ] GC(191) Pause Young (Normal) (G1 Evacuation Pause)
[2025-11-06T20:06:11.405+0000][gc,task       ] GC(191) Using 2 workers of 2 for evacuation
[2025-11-06T20:06:11.430+0000][gc,mmu        ] GC(191) MMU target violated: 21.0ms (20.0ms/21.0ms)
[2025-11-06T20:06:11.430+0000][gc,phases     ] GC(191)   Pre Evacuate Collection Set: 0.0ms
[2025-11-06T20:06:11.431+0000][gc,phases     ] GC(191)   Evacuate Collection Set: 22.8ms
[2025-11-06T20:06:11.431+0000][gc,phases     ] GC(191)   Post Evacuate Collection Set: 1.3ms
[2025-11-06T20:06:11.431+0000][gc,phases     ] GC(191)   Other: 1.5ms
[2025-11-06T20:06:11.432+0000][gc,heap       ] GC(191) Eden regions: 35->0(27)
[2025-11-06T20:06:11.432+0000][gc,heap       ] GC(191) Survivor regions: 3->4(5)
[2025-11-06T20:06:11.432+0000][gc,heap       ] GC(191) Old regions: 96->98
[2025-11-06T20:06:11.432+0000][gc,heap       ] GC(191) Humongous regions: 147->147
[2025-11-06T20:06:11.433+0000][gc,metaspace  ] GC(191) Metaspace: 53056K(56112K)->53056K(56112K) NonClass: 47165K(48816K)->47165K(48816K) Class: 5890K(7296K)->5890K(7296K)
[2025-11-06T20:06:11.433+0000][gc            ] GC(191) Pause Young (Normal) (G1 Evacuation Pause) 280M->248M(512M) 28.797ms
[2025-11-06T20:06:11.434+0000][gc,cpu        ] GC(191) User=0.04s Sys=0.00s Real=0.03s
[2025-11-06T20:07:03.359+0000][gc,start      ] GC(192) Pause Young (Normal) (G1 Evacuation Pause)
[2025-11-06T20:07:03.359+0000][gc,task       ] GC(192) Using 2 workers of 2 for evacuation
[2025-11-06T20:07:03.373+0000][gc,phases     ] GC(192)   Pre Evacuate Collection Set: 0.0ms
[2025-11-06T20:07:03.374+0000][gc,phases     ] GC(192)   Evacuate Collection Set: 12.2ms
[2025-11-06T20:07:03.374+0000][gc,phases     ] GC(192)   Post Evacuate Collection Set: 1.1ms
[2025-11-06T20:07:03.374+0000][gc,phases     ] GC(192)   Other: 0.7ms
[2025-11-06T20:07:03.374+0000][gc,heap       ] GC(192) Eden regions: 21->0(34)
[2025-11-06T20:07:03.375+0000][gc,heap       ] GC(192) Survivor regions: 4->3(4)
[2025-11-06T20:07:03.375+0000][gc,heap       ] GC(192) Old regions: 98->101
[2025-11-06T20:07:03.375+0000][gc,heap       ] GC(192) Humongous regions: 147->147
[2025-11-06T20:07:03.375+0000][gc,metaspace  ] GC(192) Metaspace: 53056K(56112K)->53056K(56112K) NonClass: 47165K(48816K)->47165K(48816K) Class: 5890K(7296K)->5890K(7296K)
[2025-11-06T20:07:03.376+0000][gc            ] GC(192) Pause Young (Normal) (G1 Evacuation Pause) 269M->249M(512M) 16.543ms
[2025-11-06T20:07:03.376+0000][gc,cpu        ] GC(192) User=0.03s Sys=0.00s Real=0.02s
[2025-11-06T20:08:02.258+0000][gc,start      ] GC(193) Pause Young (Normal) (G1 Evacuation Pause)
[2025-11-06T20:08:02.259+0000][gc,task       ] GC(193) Using 2 workers of 2 for evacuation
[2025-11-06T20:08:02.269+0000][gc,phases     ] GC(193)   Pre Evacuate Collection Set: 0.1ms
[2025-11-06T20:08:02.270+0000][gc,phases     ] GC(193)   Evacuate Collection Set: 9.5ms
[2025-11-06T20:08:02.270+0000][gc,phases     ] GC(193)   Post Evacuate Collection Set: 0.8ms
[2025-11-06T20:08:02.270+0000][gc,phases     ] GC(193)   Other: 0.5ms
[2025-11-06T20:08:02.270+0000][gc,heap       ] GC(193) Eden regions: 24->0(38)
[2025-11-06T20:08:02.270+0000][gc,heap       ] GC(193) Survivor regions: 3->3(4)
[2025-11-06T20:08:02.270+0000][gc,heap       ] GC(193) Old regions: 101->103
[2025-11-06T20:08:02.271+0000][gc,heap       ] GC(193) Humongous regions: 147->147
[2025-11-06T20:08:02.271+0000][gc,metaspace  ] GC(193) Metaspace: 53056K(56112K)->53056K(56112K) NonClass: 47165K(48816K)->47165K(48816K) Class: 5890K(7296K)->5890K(7296K)
[2025-11-06T20:08:02.271+0000][gc            ] GC(193) Pause Young (Normal) (G1 Evacuation Pause) 273M->251M(512M) 12.496ms
[2025-11-06T20:08:02.271+0000][gc,cpu        ] GC(193) User=0.02s Sys=0.00s Real=0.01s
[2025-11-06T20:09:04.326+0000][gc,start      ] GC(194) Pause Young (Normal) (G1 Evacuation Pause)
[2025-11-06T20:09:04.327+0000][gc,task       ] GC(194) Using 2 workers of 2 for evacuation
[2025-11-06T20:09:04.341+0000][gc,phases     ] GC(194)   Pre Evacuate Collection Set: 0.0ms
[2025-11-06T20:09:04.341+0000][gc,phases     ] GC(194)   Evacuate Collection Set: 12.5ms
[2025-11-06T20:09:04.341+0000][gc,phases     ] GC(194)   Post Evacuate Collection Set: 1.0ms
[2025-11-06T20:09:04.341+0000][gc,phases     ] GC(194)   Other: 0.9ms
[2025-11-06T20:09:04.342+0000][gc,heap       ] GC(194) Eden regions: 31->0(38)
[2025-11-06T20:09:04.342+0000][gc,heap       ] GC(194) Survivor regions: 3->5(5)
[2025-11-06T20:09:04.342+0000][gc,heap       ] GC(194) Old regions: 103->103
[2025-11-06T20:09:04.342+0000][gc,heap       ] GC(194) Humongous regions: 147->147
[2025-11-06T20:09:04.342+0000][gc,metaspace  ] GC(194) Metaspace: 53058K(56112K)->53058K(56112K) NonClass: 47168K(48816K)->47168K(48816K) Class: 5890K(7296K)->5890K(7296K)
[2025-11-06T20:09:04.343+0000][gc            ] GC(194) Pause Young (Normal) (G1 Evacuation Pause) 282M->254M(512M) 16.271ms
[2025-11-06T20:09:04.343+0000][gc,cpu        ] GC(194) User=0.02s Sys=0.00s Real=0.02s
[2025-11-06T20:09:32.574+0000][gc,start      ] GC(195) Pause Young (Normal) (G1 Evacuation Pause)
[2025-11-06T20:09:32.574+0000][gc,task       ] GC(195) Using 2 workers of 2 for evacuation
[2025-11-06T20:09:32.594+0000][gc,phases     ] GC(195)   Pre Evacuate Collection Set: 0.0ms
[2025-11-06T20:09:32.595+0000][gc,phases     ] GC(195)   Evacuate Collection Set: 18.3ms
[2025-11-06T20:09:32.595+0000][gc,phases     ] GC(195)   Post Evacuate Collection Set: 1.2ms
[2025-11-06T20:09:32.595+0000][gc,phases     ] GC(195)   Other: 1.0ms
[2025-11-06T20:09:32.595+0000][gc,heap       ] GC(195) Eden regions: 38->0(38)
[2025-11-06T20:09:32.596+0000][gc,heap       ] GC(195) Survivor regions: 5->3(6)
[2025-11-06T20:09:32.596+0000][gc,heap       ] GC(195) Old regions: 103->106
[2025-11-06T20:09:32.596+0000][gc,heap       ] GC(195) Humongous regions: 147->147
[2025-11-06T20:09:32.597+0000][gc,metaspace  ] GC(195) Metaspace: 53074K(56112K)->53074K(56112K) NonClass: 47184K(48816K)->47184K(48816K) Class: 5890K(7296K)->5890K(7296K)
[2025-11-06T20:09:32.597+0000][gc            ] GC(195) Pause Young (Normal) (G1 Evacuation Pause) 292M->255M(512M) 22.998ms
[2025-11-06T20:09:32.597+0000][gc,cpu        ] GC(195) User=0.04s Sys=0.00s Real=0.03s
[2025-11-06T20:09:52.974+0000][gc,start      ] GC(196) Pause Young (Normal) (G1 Evacuation Pause)
[2025-11-06T20:09:52.975+0000][gc,task       ] GC(196) Using 2 workers of 2 for evacuation
[2025-11-06T20:09:52.987+0000][gc,phases     ] GC(196)   Pre Evacuate Collection Set: 0.0ms
[2025-11-06T20:09:52.987+0000][gc,phases     ] GC(196)   Evacuate Collection Set: 10.5ms
[2025-11-06T20:09:52.987+0000][gc,phases     ] GC(196)   Post Evacuate Collection Set: 1.0ms
[2025-11-06T20:09:52.987+0000][gc,phases     ] GC(196)   Other: 0.7ms
[2025-11-06T20:09:52.987+0000][gc,heap       ] GC(196) Eden regions: 31->0(39)
[2025-11-06T20:09:52.988+0000][gc,heap       ] GC(196) Survivor regions: 3->5(5)
[2025-11-06T20:09:52.988+0000][gc,heap       ] GC(196) Old regions: 106->106
[2025-11-06T20:09:52.988+0000][gc,heap       ] GC(196) Humongous regions: 147->147
[2025-11-06T20:09:52.988+0000][gc,metaspace  ] GC(196) Metaspace: 53079K(56112K)->53079K(56112K) NonClass: 47189K(48816K)->47189K(48816K) Class: 5890K(7296K)->5890K(7296K)
[2025-11-06T20:09:52.988+0000][gc            ] GC(196) Pause Young (Normal) (G1 Evacuation Pause) 286M->257M(512M) 14.013ms
[2025-11-06T20:09:52.989+0000][gc,cpu        ] GC(196) User=0.02s Sys=0.00s Real=0.02s
[2025-11-06T20:09:56.022+0000][gc,start      ] GC(197) Pause Young (Normal) (G1 Evacuation Pause)
[2025-11-06T20:09:56.022+0000][gc,task       ] GC(197) Using 2 workers of 2 for evacuation
[2025-11-06T20:09:56.037+0000][gc,phases     ] GC(197)   Pre Evacuate Collection Set: 0.0ms
[2025-11-06T20:09:56.037+0000][gc,phases     ] GC(197)   Evacuate Collection Set: 13.6ms
[2025-11-06T20:09:56.037+0000][gc,phases     ] GC(197)   Post Evacuate Collection Set: 0.8ms
[2025-11-06T20:09:56.038+0000][gc,phases     ] GC(197)   Other: 0.7ms
[2025-11-06T20:09:56.038+0000][gc,heap       ] GC(197) Eden regions: 39->0(41)
[2025-11-06T20:09:56.038+0000][gc,heap       ] GC(197) Survivor regions: 5->4(6)
[2025-11-06T20:09:56.038+0000][gc,heap       ] GC(197) Old regions: 106->109
[2025-11-06T20:09:56.038+0000][gc,heap       ] GC(197) Humongous regions: 147->147
[2025-11-06T20:09:56.039+0000][gc,metaspace  ] GC(197) Metaspace: 53079K(56112K)->53079K(56112K) NonClass: 47189K(48816K)->47189K(48816K) Class: 5890K(7296K)->5890K(7296K)
[2025-11-06T20:09:56.039+0000][gc            ] GC(197) Pause Young (Normal) (G1 Evacuation Pause) 296M->258M(512M) 16.932ms
[2025-11-06T20:09:56.039+0000][gc,cpu        ] GC(197) User=0.03s Sys=0.00s Real=0.02s
[2025-11-06T20:10:48.908+0000][gc,start      ] GC(198) Pause Young (Normal) (G1 Evacuation Pause)
[2025-11-06T20:10:48.908+0000][gc,task       ] GC(198) Using 2 workers of 2 for evacuation
[2025-11-06T20:10:48.927+0000][gc,phases     ] GC(198)   Pre Evacuate Collection Set: 0.0ms
[2025-11-06T20:10:48.928+0000][gc,phases     ] GC(198)   Evacuate Collection Set: 17.4ms
[2025-11-06T20:10:48.928+0000][gc,phases     ] GC(198)   Post Evacuate Collection Set: 1.4ms
[2025-11-06T20:10:48.928+0000][gc,phases     ] GC(198)   Other: 0.9ms
[2025-11-06T20:10:48.929+0000][gc,heap       ] GC(198) Eden regions: 27->0(37)
[2025-11-06T20:10:48.929+0000][gc,heap       ] GC(198) Survivor regions: 4->4(4)
[2025-11-06T20:10:48.929+0000][gc,heap       ] GC(198) Old regions: 109->110
[2025-11-06T20:10:48.930+0000][gc,heap       ] GC(198) Humongous regions: 147->147
[2025-11-06T20:10:48.930+0000][gc,metaspace  ] GC(198) Metaspace: 53079K(56112K)->53079K(56112K) NonClass: 47189K(48816K)->47189K(48816K) Class: 5890K(7296K)->5890K(7296K)
[2025-11-06T20:10:48.930+0000][gc            ] GC(198) Pause Young (Normal) (G1 Evacuation Pause) 285M->260M(512M) 22.398ms
[2025-11-06T20:10:48.930+0000][gc,cpu        ] GC(198) User=0.04s Sys=0.00s Real=0.02s
[2025-11-06T20:11:35.305+0000][gc,start      ] GC(199) Pause Young (Normal) (G1 Evacuation Pause)
[2025-11-06T20:11:35.306+0000][gc,task       ] GC(199) Using 2 workers of 2 for evacuation
[2025-11-06T20:11:35.328+0000][gc,mmu        ] GC(199) MMU target violated: 21.0ms (20.0ms/21.0ms)
[2025-11-06T20:11:35.329+0000][gc,phases     ] GC(199)   Pre Evacuate Collection Set: 0.1ms
[2025-11-06T20:11:35.329+0000][gc,phases     ] GC(199)   Evacuate Collection Set: 21.1ms
[2025-11-06T20:11:35.329+0000][gc,phases     ] GC(199)   Post Evacuate Collection Set: 1.1ms
[2025-11-06T20:11:35.330+0000][gc,phases     ] GC(199)   Other: 1.3ms
[2025-11-06T20:11:35.330+0000][gc,heap       ] GC(199) Eden regions: 21->0(24)
[2025-11-06T20:11:35.330+0000][gc,heap       ] GC(199) Survivor regions: 4->2(4)
[2025-11-06T20:11:35.331+0000][gc,heap       ] GC(199) Old regions: 110->113
[2025-11-06T20:11:35.331+0000][gc,heap       ] GC(199) Humongous regions: 147->147
[2025-11-06T20:11:35.331+0000][gc,metaspace  ] GC(199) Metaspace: 53083K(56112K)->53083K(56112K) NonClass: 47193K(48816K)->47193K(48816K) Class: 5890K(7296K)->5890K(7296K)
[2025-11-06T20:11:35.331+0000][gc            ] GC(199) Pause Young (Normal) (G1 Evacuation Pause) 281M->261M(512M) 26.182ms
[2025-11-06T20:11:35.332+0000][gc,cpu        ] GC(199) User=0.05s Sys=0.00s Real=0.03s
[2025-11-06T20:11:56.745+0000][gc,start      ] GC(200) Pause Young (Normal) (G1 Evacuation Pause)
[2025-11-06T20:11:56.745+0000][gc,task       ] GC(200) Using 2 workers of 2 for evacuation
[2025-11-06T20:11:56.761+0000][gc,phases     ] GC(200)   Pre Evacuate Collection Set: 0.0ms
[2025-11-06T20:11:56.761+0000][gc,phases     ] GC(200)   Evacuate Collection Set: 14.3ms
[2025-11-06T20:11:56.762+0000][gc,phases     ] GC(200)   Post Evacuate Collection Set: 1.2ms
[2025-11-06T20:11:56.762+0000][gc,phases     ] GC(200)   Other: 0.8ms
[2025-11-06T20:11:56.763+0000][gc,heap       ] GC(200) Eden regions: 23->0(23)
[2025-11-06T20:11:56.763+0000][gc,heap       ] GC(200) Survivor regions: 2->4(4)
[2025-11-06T20:11:56.763+0000][gc,heap       ] GC(200) Old regions: 113->113
[2025-11-06T20:11:56.764+0000][gc,heap       ] GC(200) Humongous regions: 147->147
[2025-11-06T20:11:56.764+0000][gc,metaspace  ] GC(200) Metaspace: 53084K(56112K)->53084K(56112K) NonClass: 47194K(48816K)->47194K(48816K) Class: 5890K(7296K)->5890K(7296K)
[2025-11-06T20:11:56.764+0000][gc            ] GC(200) Pause Young (Normal) (G1 Evacuation Pause) 284M->263M(512M) 19.743ms
[2025-11-06T20:11:56.765+0000][gc,cpu        ] GC(200) User=0.03s Sys=0.00s Real=0.02s
[2025-11-06T20:11:58.099+0000][gc,start      ] GC(201) Pause Young (Normal) (G1 Evacuation Pause)
[2025-11-06T20:11:58.099+0000][gc,task       ] GC(201) Using 2 workers of 2 for evacuation
[2025-11-06T20:11:58.121+0000][gc,mmu        ] GC(201) MMU target violated: 21.0ms (20.0ms/21.0ms)
[2025-11-06T20:11:58.122+0000][gc,phases     ] GC(201)   Pre Evacuate Collection Set: 0.0ms
[2025-11-06T20:11:58.122+0000][gc,phases     ] GC(201)   Evacuate Collection Set: 20.3ms
[2025-11-06T20:11:58.122+0000][gc,phases     ] GC(201)   Post Evacuate Collection Set: 1.3ms
[2025-11-06T20:11:58.123+0000][gc,phases     ] GC(201)   Other: 1.4ms
[2025-11-06T20:11:58.123+0000][gc,heap       ] GC(201) Eden regions: 22->0(22)
[2025-11-06T20:11:58.124+0000][gc,heap       ] GC(201) Survivor regions: 4->3(4)
[2025-11-06T20:11:58.124+0000][gc,heap       ] GC(201) Old regions: 113->115
[2025-11-06T20:11:58.124+0000][gc,heap       ] GC(201) Humongous regions: 147->147
[2025-11-06T20:11:58.125+0000][gc,metaspace  ] GC(201) Metaspace: 53084K(56112K)->53084K(56112K) NonClass: 47194K(48816K)->47194K(48816K) Class: 5890K(7296K)->5890K(7296K)
[2025-11-06T20:11:58.125+0000][gc            ] GC(201) Pause Young (Normal) (G1 Evacuation Pause) 285M->264M(512M) 26.232ms
[2025-11-06T20:11:58.125+0000][gc,cpu        ] GC(201) User=0.04s Sys=0.00s Real=0.03s
[2025-11-06T20:11:59.902+0000][gc,start      ] GC(202) Pause Young (Normal) (G1 Evacuation Pause)
[2025-11-06T20:11:59.904+0000][gc,task       ] GC(202) Using 2 workers of 2 for evacuation
[2025-11-06T20:11:59.929+0000][gc,mmu        ] GC(202) MMU target violated: 21.0ms (20.0ms/21.0ms)
[2025-11-06T20:11:59.930+0000][gc,phases     ] GC(202)   Pre Evacuate Collection Set: 0.0ms
[2025-11-06T20:11:59.930+0000][gc,phases     ] GC(202)   Evacuate Collection Set: 22.6ms
[2025-11-06T20:11:59.930+0000][gc,phases     ] GC(202)   Post Evacuate Collection Set: 1.8ms
[2025-11-06T20:11:59.931+0000][gc,phases     ] GC(202)   Other: 2.8ms
[2025-11-06T20:11:59.931+0000][gc,heap       ] GC(202) Eden regions: 22->0(23)
[2025-11-06T20:11:59.932+0000][gc,heap       ] GC(202) Survivor regions: 3->2(4)
[2025-11-06T20:11:59.932+0000][gc,heap       ] GC(202) Old regions: 115->116
[2025-11-06T20:11:59.932+0000][gc,heap       ] GC(202) Humongous regions: 147->147
[2025-11-06T20:11:59.933+0000][gc,metaspace  ] GC(202) Metaspace: 53085K(56112K)->53085K(56112K) NonClass: 47195K(48816K)->47195K(48816K) Class: 5890K(7296K)->5890K(7296K)
[2025-11-06T20:11:59.933+0000][gc            ] GC(202) Pause Young (Normal) (G1 Evacuation Pause) 286M->265M(512M) 30.579ms
[2025-11-06T20:11:59.933+0000][gc,cpu        ] GC(202) User=0.08s Sys=0.00s Real=0.03s
[2025-11-06T20:12:01.874+0000][gc,start      ] GC(203) Pause Young (Normal) (G1 Evacuation Pause)
[2025-11-06T20:12:01.875+0000][gc,task       ] GC(203) Using 2 workers of 2 for evacuation
[2025-11-06T20:12:01.891+0000][gc,phases     ] GC(203)   Pre Evacuate Collection Set: 0.1ms
[2025-11-06T20:12:01.892+0000][gc,phases     ] GC(203)   Evacuate Collection Set: 13.1ms
[2025-11-06T20:12:01.892+0000][gc,phases     ] GC(203)   Post Evacuate Collection Set: 1.4ms
[2025-11-06T20:12:01.895+0000][gc,phases     ] GC(203)   Other: 2.1ms
[2025-11-06T20:12:01.895+0000][gc,heap       ] GC(203) Eden regions: 23->0(22)
[2025-11-06T20:12:01.896+0000][gc,heap       ] GC(203) Survivor regions: 2->3(4)
[2025-11-06T20:12:01.898+0000][gc,heap       ] GC(203) Old regions: 116->116
[2025-11-06T20:12:01.899+0000][gc,heap       ] GC(203) Humongous regions: 147->147
[2025-11-06T20:12:01.899+0000][gc,metaspace  ] GC(203) Metaspace: 53085K(56112K)->53085K(56112K) NonClass: 47195K(48816K)->47195K(48816K) Class: 5890K(7296K)->5890K(7296K)
[2025-11-06T20:12:01.900+0000][gc            ] GC(203) Pause Young (Normal) (G1 Evacuation Pause) 288M->265M(512M) 25.196ms
[2025-11-06T20:12:01.900+0000][gc,cpu        ] GC(203) User=0.03s Sys=0.00s Real=0.03s
[2025-11-06T20:12:03.016+0000][gc,start      ] GC(204) Pause Young (Normal) (G1 Evacuation Pause)
[2025-11-06T20:12:03.016+0000][gc,task       ] GC(204) Using 2 workers of 2 for evacuation
[2025-11-06T20:12:03.029+0000][gc,phases     ] GC(204)   Pre Evacuate Collection Set: 0.1ms
[2025-11-06T20:12:03.030+0000][gc,phases     ] GC(204)   Evacuate Collection Set: 11.1ms
[2025-11-06T20:12:03.030+0000][gc,phases     ] GC(204)   Post Evacuate Collection Set: 1.4ms
[2025-11-06T20:12:03.030+0000][gc,phases     ] GC(204)   Other: 1.2ms
[2025-11-06T20:12:03.031+0000][gc,heap       ] GC(204) Eden regions: 22->0(23)
[2025-11-06T20:12:03.031+0000][gc,heap       ] GC(204) Survivor regions: 3->2(4)
[2025-11-06T20:12:03.031+0000][gc,heap       ] GC(204) Old regions: 116->117
[2025-11-06T20:12:03.032+0000][gc,heap       ] GC(204) Humongous regions: 147->147
[2025-11-06T20:12:03.032+0000][gc,metaspace  ] GC(204) Metaspace: 53085K(56112K)->53085K(56112K) NonClass: 47195K(48816K)->47195K(48816K) Class: 5890K(7296K)->5890K(7296K)
[2025-11-06T20:12:03.032+0000][gc            ] GC(204) Pause Young (Normal) (G1 Evacuation Pause) 287M->265M(512M) 16.480ms
[2025-11-06T20:12:03.032+0000][gc,cpu        ] GC(204) User=0.02s Sys=0.00s Real=0.02s
[2025-11-06T20:12:04.208+0000][gc,start      ] GC(205) Pause Young (Normal) (G1 Evacuation Pause)
[2025-11-06T20:12:04.209+0000][gc,task       ] GC(205) Using 2 workers of 2 for evacuation
[2025-11-06T20:12:04.219+0000][gc,phases     ] GC(205)   Pre Evacuate Collection Set: 0.0ms
[2025-11-06T20:12:04.219+0000][gc,phases     ] GC(205)   Evacuate Collection Set: 9.0ms
[2025-11-06T20:12:04.220+0000][gc,phases     ] GC(205)   Post Evacuate Collection Set: 0.8ms
[2025-11-06T20:12:04.220+0000][gc,phases     ] GC(205)   Other: 1.0ms
[2025-11-06T20:12:04.220+0000][gc,heap       ] GC(205) Eden regions: 23->0(25)
[2025-11-06T20:12:04.220+0000][gc,heap       ] GC(205) Survivor regions: 2->2(4)
[2025-11-06T20:12:04.220+0000][gc,heap       ] GC(205) Old regions: 117->117
[2025-11-06T20:12:04.221+0000][gc,heap       ] GC(205) Humongous regions: 147->147
[2025-11-06T20:12:04.221+0000][gc,metaspace  ] GC(205) Metaspace: 53085K(56112K)->53085K(56112K) NonClass: 47195K(48816K)->47195K(48816K) Class: 5890K(7296K)->5890K(7296K)
[2025-11-06T20:12:04.221+0000][gc            ] GC(205) Pause Young (Normal) (G1 Evacuation Pause) 288M->265M(512M) 12.839ms
[2025-11-06T20:12:04.221+0000][gc,cpu        ] GC(205) User=0.02s Sys=0.00s Real=0.01s
[2025-11-06T20:12:17.193+0000][gc,start      ] GC(206) Pause Young (Normal) (G1 Evacuation Pause)
[2025-11-06T20:12:17.194+0000][gc,task       ] GC(206) Using 2 workers of 2 for evacuation
[2025-11-06T20:12:17.206+0000][gc,phases     ] GC(206)   Pre Evacuate Collection Set: 0.0ms
[2025-11-06T20:12:17.206+0000][gc,phases     ] GC(206)   Evacuate Collection Set: 10.7ms
[2025-11-06T20:12:17.206+0000][gc,phases     ] GC(206)   Post Evacuate Collection Set: 1.1ms
[2025-11-06T20:12:17.207+0000][gc,phases     ] GC(206)   Other: 0.7ms
[2025-11-06T20:12:17.207+0000][gc,heap       ] GC(206) Eden regions: 23->0(26)
[2025-11-06T20:12:17.207+0000][gc,heap       ] GC(206) Survivor regions: 2->3(4)
[2025-11-06T20:12:17.207+0000][gc,heap       ] GC(206) Old regions: 117->117
[2025-11-06T20:12:17.207+0000][gc,heap       ] GC(206) Humongous regions: 147->147
[2025-11-06T20:12:17.208+0000][gc,metaspace  ] GC(206) Metaspace: 53086K(56112K)->53086K(56112K) NonClass: 47196K(48816K)->47196K(48816K) Class: 5890K(7296K)->5890K(7296K)
[2025-11-06T20:12:17.208+0000][gc            ] GC(206) Pause Young (Normal) (G1 Evacuation Pause) 288M->266M(512M) 14.666ms
[2025-11-06T20:12:17.208+0000][gc,cpu        ] GC(206) User=0.02s Sys=0.00s Real=0.01s
[2025-11-06T20:13:05.054+0000][gc,start      ] GC(207) Pause Young (Normal) (G1 Evacuation Pause)
[2025-11-06T20:13:05.055+0000][gc,task       ] GC(207) Using 2 workers of 2 for evacuation
[2025-11-06T20:13:05.072+0000][gc,phases     ] GC(207)   Pre Evacuate Collection Set: 0.0ms
[2025-11-06T20:13:05.072+0000][gc,phases     ] GC(207)   Evacuate Collection Set: 15.5ms
[2025-11-06T20:13:05.072+0000][gc,phases     ] GC(207)   Post Evacuate Collection Set: 0.9ms
[2025-11-06T20:13:05.072+0000][gc,phases     ] GC(207)   Other: 0.7ms
[2025-11-06T20:13:05.072+0000][gc,heap       ] GC(207) Eden regions: 22->0(22)
[2025-11-06T20:13:05.073+0000][gc,heap       ] GC(207) Survivor regions: 3->4(4)
[2025-11-06T20:13:05.073+0000][gc,heap       ] GC(207) Old regions: 117->119
[2025-11-06T20:13:05.073+0000][gc,heap       ] GC(207) Humongous regions: 147->147
[2025-11-06T20:13:05.073+0000][gc,metaspace  ] GC(207) Metaspace: 53086K(56112K)->53086K(56112K) NonClass: 47196K(48816K)->47196K(48816K) Class: 5890K(7296K)->5890K(7296K)
[2025-11-06T20:13:05.073+0000][gc            ] GC(207) Pause Young (Normal) (G1 Evacuation Pause) 288M->269M(512M) 18.987ms
[2025-11-06T20:13:05.074+0000][gc,cpu        ] GC(207) User=0.03s Sys=0.00s Real=0.01s
[2025-11-06T20:13:54.449+0000][gc,start      ] GC(208) Pause Young (Normal) (G1 Evacuation Pause)
[2025-11-06T20:13:54.449+0000][gc,task       ] GC(208) Using 2 workers of 2 for evacuation
[2025-11-06T20:13:54.467+0000][gc,phases     ] GC(208)   Pre Evacuate Collection Set: 0.0ms
[2025-11-06T20:13:54.467+0000][gc,phases     ] GC(208)   Evacuate Collection Set: 16.4ms
[2025-11-06T20:13:54.467+0000][gc,phases     ] GC(208)   Post Evacuate Collection Set: 1.2ms
[2025-11-06T20:13:54.468+0000][gc,phases     ] GC(208)   Other: 0.6ms
[2025-11-06T20:13:54.468+0000][gc,heap       ] GC(208) Eden regions: 22->0(22)
[2025-11-06T20:13:54.468+0000][gc,heap       ] GC(208) Survivor regions: 4->4(4)
[2025-11-06T20:13:54.468+0000][gc,heap       ] GC(208) Old regions: 119->123
[2025-11-06T20:13:54.468+0000][gc,heap       ] GC(208) Humongous regions: 147->147
[2025-11-06T20:13:54.469+0000][gc,metaspace  ] GC(208) Metaspace: 53086K(56112K)->53086K(56112K) NonClass: 47196K(48816K)->47196K(48816K) Class: 5890K(7296K)->5890K(7296K)
[2025-11-06T20:13:54.469+0000][gc            ] GC(208) Pause Young (Normal) (G1 Evacuation Pause) 291M->272M(512M) 20.071ms
[2025-11-06T20:13:54.469+0000][gc,cpu        ] GC(208) User=0.04s Sys=0.00s Real=0.02s
[2025-11-06T20:14:44.079+0000][gc,start      ] GC(209) Pause Young (Normal) (G1 Evacuation Pause)
[2025-11-06T20:14:44.080+0000][gc,task       ] GC(209) Using 2 workers of 2 for evacuation
[2025-11-06T20:14:44.097+0000][gc,phases     ] GC(209)   Pre Evacuate Collection Set: 0.0ms
[2025-11-06T20:14:44.097+0000][gc,phases     ] GC(209)   Evacuate Collection Set: 15.9ms
[2025-11-06T20:14:44.098+0000][gc,phases     ] GC(209)   Post Evacuate Collection Set: 1.0ms
[2025-11-06T20:14:44.098+0000][gc,phases     ] GC(209)   Other: 1.3ms
[2025-11-06T20:14:44.098+0000][gc,heap       ] GC(209) Eden regions: 22->0(22)
[2025-11-06T20:14:44.098+0000][gc,heap       ] GC(209) Survivor regions: 4->3(4)
[2025-11-06T20:14:44.098+0000][gc,heap       ] GC(209) Old regions: 123->124
[2025-11-06T20:14:44.099+0000][gc,heap       ] GC(209) Humongous regions: 147->147
[2025-11-06T20:14:44.099+0000][gc,metaspace  ] GC(209) Metaspace: 53086K(56112K)->53086K(56112K) NonClass: 47196K(48816K)->47196K(48816K) Class: 5890K(7296K)->5890K(7296K)
[2025-11-06T20:14:44.099+0000][gc            ] GC(209) Pause Young (Normal) (G1 Evacuation Pause) 294M->273M(512M) 20.097ms
[2025-11-06T20:14:44.099+0000][gc,cpu        ] GC(209) User=0.03s Sys=0.00s Real=0.02s
[2025-11-06T20:15:33.769+0000][gc,start      ] GC(210) Pause Young (Normal) (G1 Evacuation Pause)
[2025-11-06T20:15:33.770+0000][gc,task       ] GC(210) Using 2 workers of 2 for evacuation
[2025-11-06T20:15:33.808+0000][gc,mmu        ] GC(210) MMU target violated: 21.0ms (20.0ms/21.0ms)
[2025-11-06T20:15:33.809+0000][gc,phases     ] GC(210)   Pre Evacuate Collection Set: 0.1ms
[2025-11-06T20:15:33.810+0000][gc,phases     ] GC(210)   Evacuate Collection Set: 33.1ms
[2025-11-06T20:15:33.810+0000][gc,phases     ] GC(210)   Post Evacuate Collection Set: 3.1ms
[2025-11-06T20:15:33.811+0000][gc,phases     ] GC(210)   Other: 4.0ms
[2025-11-06T20:15:33.812+0000][gc,heap       ] GC(210) Eden regions: 22->0(22)
[2025-11-06T20:15:33.813+0000][gc,heap       ] GC(210) Survivor regions: 3->3(4)
[2025-11-06T20:15:33.813+0000][gc,heap       ] GC(210) Old regions: 124->126
[2025-11-06T20:15:33.814+0000][gc,heap       ] GC(210) Humongous regions: 147->147
[2025-11-06T20:15:33.815+0000][gc,metaspace  ] GC(210) Metaspace: 53086K(56112K)->53086K(56112K) NonClass: 47196K(48816K)->47196K(48816K) Class: 5890K(7296K)->5890K(7296K)
[2025-11-06T20:15:33.816+0000][gc            ] GC(210) Pause Young (Normal) (G1 Evacuation Pause) 295M->274M(512M) 46.992ms
[2025-11-06T20:15:33.817+0000][gc,cpu        ] GC(210) User=0.07s Sys=0.00s Real=0.05s
[2025-11-06T20:16:24.217+0000][gc,start      ] GC(211) Pause Young (Normal) (G1 Evacuation Pause)
[2025-11-06T20:16:24.218+0000][gc,task       ] GC(211) Using 2 workers of 2 for evacuation
[2025-11-06T20:16:24.240+0000][gc,mmu        ] GC(211) MMU target violated: 21.0ms (20.0ms/21.0ms)
[2025-11-06T20:16:24.244+0000][gc,phases     ] GC(211)   Pre Evacuate Collection Set: 0.0ms
[2025-11-06T20:16:24.244+0000][gc,phases     ] GC(211)   Evacuate Collection Set: 19.6ms
[2025-11-06T20:16:24.244+0000][gc,phases     ] GC(211)   Post Evacuate Collection Set: 1.9ms
[2025-11-06T20:16:24.244+0000][gc,phases     ] GC(211)   Other: 5.5ms
[2025-11-06T20:16:24.245+0000][gc,heap       ] GC(211) Eden regions: 22->0(21)
[2025-11-06T20:16:24.245+0000][gc,heap       ] GC(211) Survivor regions: 3->4(4)
[2025-11-06T20:16:24.245+0000][gc,heap       ] GC(211) Old regions: 126->127
[2025-11-06T20:16:24.245+0000][gc,heap       ] GC(211) Humongous regions: 147->147
[2025-11-06T20:16:24.248+0000][gc,metaspace  ] GC(211) Metaspace: 53086K(56112K)->53086K(56112K) NonClass: 47196K(48816K)->47196K(48816K) Class: 5890K(7296K)->5890K(7296K)
[2025-11-06T20:16:24.248+0000][gc            ] GC(211) Pause Young (Normal) (G1 Evacuation Pause) 296M->278M(512M) 31.808ms
[2025-11-06T20:16:24.249+0000][gc,cpu        ] GC(211) User=0.05s Sys=0.00s Real=0.04s
[2025-11-06T20:17:11.462+0000][gc,start      ] GC(212) Pause Young (Normal) (G1 Evacuation Pause)
[2025-11-06T20:17:11.462+0000][gc,task       ] GC(212) Using 2 workers of 2 for evacuation
[2025-11-06T20:17:11.474+0000][gc,phases     ] GC(212)   Pre Evacuate Collection Set: 0.0ms
[2025-11-06T20:17:11.474+0000][gc,phases     ] GC(212)   Evacuate Collection Set: 10.7ms
[2025-11-06T20:17:11.474+0000][gc,phases     ] GC(212)   Post Evacuate Collection Set: 0.8ms
[2025-11-06T20:17:11.474+0000][gc,phases     ] GC(212)   Other: 0.6ms
[2025-11-06T20:17:11.474+0000][gc,heap       ] GC(212) Eden regions: 21->0(21)
[2025-11-06T20:17:11.475+0000][gc,heap       ] GC(212) Survivor regions: 4->4(4)
[2025-11-06T20:17:11.475+0000][gc,heap       ] GC(212) Old regions: 127->130
[2025-11-06T20:17:11.475+0000][gc,heap       ] GC(212) Humongous regions: 147->147
[2025-11-06T20:17:11.475+0000][gc,metaspace  ] GC(212) Metaspace: 53087K(56112K)->53087K(56112K) NonClass: 47197K(48816K)->47197K(48816K) Class: 5890K(7296K)->5890K(7296K)
[2025-11-06T20:17:11.475+0000][gc            ] GC(212) Pause Young (Normal) (G1 Evacuation Pause) 299M->279M(512M) 13.429ms
[2025-11-06T20:17:11.475+0000][gc,cpu        ] GC(212) User=0.02s Sys=0.00s Real=0.01s
[2025-11-06T20:17:58.292+0000][gc,start      ] GC(213) Pause Young (Normal) (G1 Evacuation Pause)
[2025-11-06T20:17:58.293+0000][gc,task       ] GC(213) Using 2 workers of 2 for evacuation
[2025-11-06T20:17:58.311+0000][gc,phases     ] GC(213)   Pre Evacuate Collection Set: 0.0ms
[2025-11-06T20:17:58.311+0000][gc,phases     ] GC(213)   Evacuate Collection Set: 16.9ms
[2025-11-06T20:17:58.311+0000][gc,phases     ] GC(213)   Post Evacuate Collection Set: 0.9ms
[2025-11-06T20:17:58.312+0000][gc,phases     ] GC(213)   Other: 0.7ms
[2025-11-06T20:17:58.312+0000][gc,heap       ] GC(213) Eden regions: 21->0(22)
[2025-11-06T20:17:58.312+0000][gc,heap       ] GC(213) Survivor regions: 4->3(4)
[2025-11-06T20:17:58.312+0000][gc,heap       ] GC(213) Old regions: 130->132
[2025-11-06T20:17:58.313+0000][gc,heap       ] GC(213) Humongous regions: 147->147
[2025-11-06T20:17:58.313+0000][gc,metaspace  ] GC(213) Metaspace: 53087K(56112K)->53087K(56112K) NonClass: 47197K(48816K)->47197K(48816K) Class: 5890K(7296K)->5890K(7296K)
[2025-11-06T20:17:58.313+0000][gc            ] GC(213) Pause Young (Normal) (G1 Evacuation Pause) 300M->281M(512M) 20.794ms
[2025-11-06T20:17:58.313+0000][gc,cpu        ] GC(213) User=0.04s Sys=0.00s Real=0.02s
[2025-11-06T20:18:47.894+0000][gc,start      ] GC(214) Pause Young (Normal) (G1 Evacuation Pause)
[2025-11-06T20:18:47.894+0000][gc,task       ] GC(214) Using 2 workers of 2 for evacuation
[2025-11-06T20:18:47.906+0000][gc,phases     ] GC(214)   Pre Evacuate Collection Set: 0.0ms
[2025-11-06T20:18:47.910+0000][gc,phases     ] GC(214)   Evacuate Collection Set: 10.6ms
[2025-11-06T20:18:47.910+0000][gc,phases     ] GC(214)   Post Evacuate Collection Set: 0.7ms
[2025-11-06T20:18:47.910+0000][gc,phases     ] GC(214)   Other: 1.0ms
[2025-11-06T20:18:47.910+0000][gc,heap       ] GC(214) Eden regions: 22->0(22)
[2025-11-06T20:18:47.911+0000][gc,heap       ] GC(214) Survivor regions: 3->3(4)
[2025-11-06T20:18:47.911+0000][gc,heap       ] GC(214) Old regions: 132->134
[2025-11-06T20:18:47.911+0000][gc,heap       ] GC(214) Humongous regions: 147->147
[2025-11-06T20:18:47.911+0000][gc,metaspace  ] GC(214) Metaspace: 53087K(56112K)->53087K(56112K) NonClass: 47197K(48816K)->47197K(48816K) Class: 5890K(7296K)->5890K(7296K)
[2025-11-06T20:18:47.911+0000][gc            ] GC(214) Pause Young (Normal) (G1 Evacuation Pause) 303M->282M(512M) 17.658ms
[2025-11-06T20:18:47.912+0000][gc,cpu        ] GC(214) User=0.03s Sys=0.00s Real=0.01s
[2025-11-06T20:19:37.943+0000][gc,start      ] GC(215) Pause Young (Normal) (G1 Evacuation Pause)
[2025-11-06T20:19:37.944+0000][gc,task       ] GC(215) Using 2 workers of 2 for evacuation
[2025-11-06T20:19:37.958+0000][gc,phases     ] GC(215)   Pre Evacuate Collection Set: 0.0ms
[2025-11-06T20:19:37.958+0000][gc,phases     ] GC(215)   Evacuate Collection Set: 12.5ms
[2025-11-06T20:19:37.959+0000][gc,phases     ] GC(215)   Post Evacuate Collection Set: 0.9ms
[2025-11-06T20:19:37.959+0000][gc,phases     ] GC(215)   Other: 1.5ms
[2025-11-06T20:19:37.959+0000][gc,heap       ] GC(215) Eden regions: 22->0(26)
[2025-11-06T20:19:37.959+0000][gc,heap       ] GC(215) Survivor regions: 3->2(4)
[2025-11-06T20:19:37.960+0000][gc,heap       ] GC(215) Old regions: 134->135
[2025-11-06T20:19:37.960+0000][gc,heap       ] GC(215) Humongous regions: 147->147
[2025-11-06T20:19:37.960+0000][gc,metaspace  ] GC(215) Metaspace: 53087K(56112K)->53087K(56112K) NonClass: 47197K(48816K)->47197K(48816K) Class: 5890K(7296K)->5890K(7296K)
[2025-11-06T20:19:37.960+0000][gc            ] GC(215) Pause Young (Normal) (G1 Evacuation Pause) 304M->283M(512M) 17.226ms
[2025-11-06T20:19:37.961+0000][gc,cpu        ] GC(215) User=0.02s Sys=0.00s Real=0.02s
[2025-11-06T20:20:17.646+0000][gc,start      ] GC(216) Pause Young (Normal) (G1 Evacuation Pause)
[2025-11-06T20:20:17.647+0000][gc,task       ] GC(216) Using 2 workers of 2 for evacuation
[2025-11-06T20:20:17.665+0000][gc,phases     ] GC(216)   Pre Evacuate Collection Set: 0.0ms
[2025-11-06T20:20:17.665+0000][gc,phases     ] GC(216)   Evacuate Collection Set: 17.0ms
[2025-11-06T20:20:17.665+0000][gc,phases     ] GC(216)   Post Evacuate Collection Set: 0.9ms
[2025-11-06T20:20:17.666+0000][gc,phases     ] GC(216)   Other: 0.6ms
[2025-11-06T20:20:17.666+0000][gc,heap       ] GC(216) Eden regions: 23->0(22)
[2025-11-06T20:20:17.666+0000][gc,heap       ] GC(216) Survivor regions: 2->4(4)
[2025-11-06T20:20:17.666+0000][gc,heap       ] GC(216) Old regions: 135->139
[2025-11-06T20:20:17.666+0000][gc,heap       ] GC(216) Humongous regions: 147->147
[2025-11-06T20:20:17.666+0000][gc,metaspace  ] GC(216) Metaspace: 53094K(56112K)->53094K(56112K) NonClass: 47204K(48816K)->47204K(48816K) Class: 5890K(7296K)->5890K(7296K)
[2025-11-06T20:20:17.667+0000][gc            ] GC(216) Pause Young (Normal) (G1 Evacuation Pause) 306M->289M(512M) 20.277ms
[2025-11-06T20:20:17.667+0000][gc,cpu        ] GC(216) User=0.04s Sys=0.00s Real=0.02s
[2025-11-06T20:21:08.699+0000][gc,start      ] GC(217) Pause Young (Normal) (G1 Evacuation Pause)
[2025-11-06T20:21:08.700+0000][gc,task       ] GC(217) Using 2 workers of 2 for evacuation
[2025-11-06T20:21:08.713+0000][gc,phases     ] GC(217)   Pre Evacuate Collection Set: 0.0ms
[2025-11-06T20:21:08.714+0000][gc,phases     ] GC(217)   Evacuate Collection Set: 12.0ms
[2025-11-06T20:21:08.714+0000][gc,phases     ] GC(217)   Post Evacuate Collection Set: 1.1ms
[2025-11-06T20:21:08.714+0000][gc,phases     ] GC(217)   Other: 0.8ms
[2025-11-06T20:21:08.715+0000][gc,heap       ] GC(217) Eden regions: 22->0(22)
[2025-11-06T20:21:08.715+0000][gc,heap       ] GC(217) Survivor regions: 4->3(4)
[2025-11-06T20:21:08.715+0000][gc,heap       ] GC(217) Old regions: 139->142
[2025-11-06T20:21:08.715+0000][gc,heap       ] GC(217) Humongous regions: 147->147
[2025-11-06T20:21:08.715+0000][gc,metaspace  ] GC(217) Metaspace: 53094K(56112K)->53094K(56112K) NonClass: 47204K(48816K)->47204K(48816K) Class: 5890K(7296K)->5890K(7296K)
[2025-11-06T20:21:08.716+0000][gc            ] GC(217) Pause Young (Normal) (G1 Evacuation Pause) 311M->291M(512M) 16.445ms
[2025-11-06T20:21:08.716+0000][gc,cpu        ] GC(217) User=0.02s Sys=0.00s Real=0.01s
[2025-11-06T20:21:59.004+0000][gc,start      ] GC(218) Pause Young (Normal) (G1 Evacuation Pause)
[2025-11-06T20:21:59.004+0000][gc,task       ] GC(218) Using 2 workers of 2 for evacuation
[2025-11-06T20:21:59.017+0000][gc,phases     ] GC(218)   Pre Evacuate Collection Set: 0.0ms
[2025-11-06T20:21:59.018+0000][gc,phases     ] GC(218)   Evacuate Collection Set: 11.5ms
[2025-11-06T20:21:59.018+0000][gc,phases     ] GC(218)   Post Evacuate Collection Set: 1.0ms
[2025-11-06T20:21:59.018+0000][gc,phases     ] GC(218)   Other: 0.8ms
[2025-11-06T20:21:59.018+0000][gc,heap       ] GC(218) Eden regions: 22->0(24)
[2025-11-06T20:21:59.018+0000][gc,heap       ] GC(218) Survivor regions: 3->3(4)
[2025-11-06T20:21:59.019+0000][gc,heap       ] GC(218) Old regions: 142->143
[2025-11-06T20:21:59.019+0000][gc,heap       ] GC(218) Humongous regions: 147->147
[2025-11-06T20:21:59.019+0000][gc,metaspace  ] GC(218) Metaspace: 53094K(56112K)->53094K(56112K) NonClass: 47204K(48816K)->47204K(48816K) Class: 5890K(7296K)->5890K(7296K)
[2025-11-06T20:21:59.019+0000][gc            ] GC(218) Pause Young (Normal) (G1 Evacuation Pause) 313M->292M(512M) 14.913ms
[2025-11-06T20:21:59.019+0000][gc,cpu        ] GC(218) User=0.02s Sys=0.00s Real=0.02s
[2025-11-06T20:22:54.035+0000][gc,start      ] GC(219) Pause Young (Normal) (G1 Evacuation Pause)
[2025-11-06T20:22:54.035+0000][gc,task       ] GC(219) Using 2 workers of 2 for evacuation
[2025-11-06T20:22:54.044+0000][gc,phases     ] GC(219)   Pre Evacuate Collection Set: 0.0ms
[2025-11-06T20:22:54.045+0000][gc,phases     ] GC(219)   Evacuate Collection Set: 8.4ms
[2025-11-06T20:22:54.045+0000][gc,phases     ] GC(219)   Post Evacuate Collection Set: 0.7ms
[2025-11-06T20:22:54.045+0000][gc,phases     ] GC(219)   Other: 0.6ms
[2025-11-06T20:22:54.045+0000][gc,heap       ] GC(219) Eden regions: 24->0(30)
[2025-11-06T20:22:54.045+0000][gc,heap       ] GC(219) Survivor regions: 3->3(4)
[2025-11-06T20:22:54.045+0000][gc,heap       ] GC(219) Old regions: 143->145
[2025-11-06T20:22:54.045+0000][gc,heap       ] GC(219) Humongous regions: 147->147
[2025-11-06T20:22:54.046+0000][gc,metaspace  ] GC(219) Metaspace: 53094K(56112K)->53094K(56112K) NonClass: 47204K(48816K)->47204K(48816K) Class: 5890K(7296K)->5890K(7296K)
[2025-11-06T20:22:54.046+0000][gc            ] GC(219) Pause Young (Normal) (G1 Evacuation Pause) 316M->294M(512M) 11.105ms
[2025-11-06T20:22:54.046+0000][gc,cpu        ] GC(219) User=0.01s Sys=0.00s Real=0.01s
[2025-11-06T20:24:03.518+0000][gc,start      ] GC(220) Pause Young (Normal) (G1 Evacuation Pause)
[2025-11-06T20:24:03.519+0000][gc,task       ] GC(220) Using 2 workers of 2 for evacuation
[2025-11-06T20:24:03.529+0000][gc,phases     ] GC(220)   Pre Evacuate Collection Set: 0.0ms
[2025-11-06T20:24:03.530+0000][gc,phases     ] GC(220)   Evacuate Collection Set: 9.3ms
[2025-11-06T20:24:03.530+0000][gc,phases     ] GC(220)   Post Evacuate Collection Set: 0.9ms
[2025-11-06T20:24:03.530+0000][gc,phases     ] GC(220)   Other: 0.7ms
[2025-11-06T20:24:03.530+0000][gc,heap       ] GC(220) Eden regions: 30->0(34)
[2025-11-06T20:24:03.531+0000][gc,heap       ] GC(220) Survivor regions: 3->5(5)
[2025-11-06T20:24:03.531+0000][gc,heap       ] GC(220) Old regions: 145->145
[2025-11-06T20:24:03.531+0000][gc,heap       ] GC(220) Humongous regions: 147->147
[2025-11-06T20:24:03.531+0000][gc,metaspace  ] GC(220) Metaspace: 53094K(56112K)->53094K(56112K) NonClass: 47204K(48816K)->47204K(48816K) Class: 5890K(7296K)->5890K(7296K)
[2025-11-06T20:24:03.531+0000][gc            ] GC(220) Pause Young (Normal) (G1 Evacuation Pause) 324M->296M(512M) 12.885ms
[2025-11-06T20:24:03.531+0000][gc,cpu        ] GC(220) User=0.02s Sys=0.00s Real=0.02s
[2025-11-06T20:25:22.426+0000][gc,start      ] GC(221) Pause Young (Normal) (G1 Evacuation Pause)
[2025-11-06T20:25:22.426+0000][gc,task       ] GC(221) Using 2 workers of 2 for evacuation
[2025-11-06T20:25:22.441+0000][gc,phases     ] GC(221)   Pre Evacuate Collection Set: 0.0ms
[2025-11-06T20:25:22.441+0000][gc,phases     ] GC(221)   Evacuate Collection Set: 13.8ms
[2025-11-06T20:25:22.441+0000][gc,phases     ] GC(221)   Post Evacuate Collection Set: 0.6ms
[2025-11-06T20:25:22.441+0000][gc,phases     ] GC(221)   Other: 0.7ms
[2025-11-06T20:25:22.441+0000][gc,heap       ] GC(221) Eden regions: 34->0(34)
[2025-11-06T20:25:22.442+0000][gc,heap       ] GC(221) Survivor regions: 5->4(5)
[2025-11-06T20:25:22.442+0000][gc,heap       ] GC(221) Old regions: 145->150
[2025-11-06T20:25:22.442+0000][gc,heap       ] GC(221) Humongous regions: 147->147
[2025-11-06T20:25:22.442+0000][gc,metaspace  ] GC(221) Metaspace: 53094K(56112K)->53094K(56112K) NonClass: 47204K(48816K)->47204K(48816K) Class: 5890K(7296K)->5890K(7296K)
[2025-11-06T20:25:22.442+0000][gc            ] GC(221) Pause Young (Normal) (G1 Evacuation Pause) 330M->300M(512M) 16.419ms
[2025-11-06T20:25:22.442+0000][gc,cpu        ] GC(221) User=0.03s Sys=0.00s Real=0.02s
[2025-11-06T20:26:40.916+0000][gc,start      ] GC(222) Pause Young (Normal) (G1 Evacuation Pause)
[2025-11-06T20:26:40.916+0000][gc,task       ] GC(222) Using 2 workers of 2 for evacuation
[2025-11-06T20:26:40.928+0000][gc,phases     ] GC(222)   Pre Evacuate Collection Set: 0.0ms
[2025-11-06T20:26:40.929+0000][gc,phases     ] GC(222)   Evacuate Collection Set: 11.5ms
[2025-11-06T20:26:40.929+0000][gc,phases     ] GC(222)   Post Evacuate Collection Set: 0.6ms
[2025-11-06T20:26:40.929+0000][gc,phases     ] GC(222)   Other: 0.5ms
[2025-11-06T20:26:40.929+0000][gc,heap       ] GC(222) Eden regions: 34->0(37)
[2025-11-06T20:26:40.929+0000][gc,heap       ] GC(222) Survivor regions: 4->5(5)
[2025-11-06T20:26:40.930+0000][gc,heap       ] GC(222) Old regions: 150->152
[2025-11-06T20:26:40.930+0000][gc,heap       ] GC(222) Humongous regions: 147->147
[2025-11-06T20:26:40.930+0000][gc,metaspace  ] GC(222) Metaspace: 53094K(56112K)->53094K(56112K) NonClass: 47204K(48816K)->47204K(48816K) Class: 5890K(7296K)->5890K(7296K)
[2025-11-06T20:26:40.930+0000][gc            ] GC(222) Pause Young (Normal) (G1 Evacuation Pause) 334M->303M(512M) 14.016ms
[2025-11-06T20:26:40.930+0000][gc,cpu        ] GC(222) User=0.02s Sys=0.00s Real=0.01s
