[2025-10-31T14:12:09.700+0000][gc,heap] Heap region size: 1M
[2025-10-31T14:12:09.706+0000][gc     ] Using G1
[2025-10-31T14:12:09.707+0000][gc,heap,coops] Heap address: 0x00000000c0000000, size: 1024 MB, Compressed Oops mode: 32-bit
[2025-10-31T14:12:10.555+0000][gc,start     ] GC(0) Pause Young (Normal) (G1 Evacuation Pause)
[2025-10-31T14:12:10.555+0000][gc,task      ] GC(0) Using 2 workers of 2 for evacuation
[2025-10-31T14:12:10.561+0000][gc,phases    ] GC(0)   Pre Evacuate Collection Set: 0.0ms
[2025-10-31T14:12:10.562+0000][gc,phases    ] GC(0)   Evacuate Collection Set: 5.3ms
[2025-10-31T14:12:10.562+0000][gc,phases    ] GC(0)   Post Evacuate Collection Set: 0.8ms
[2025-10-31T14:12:10.562+0000][gc,phases    ] GC(0)   Other: 0.7ms
[2025-10-31T14:12:10.562+0000][gc,heap      ] GC(0) Eden regions: 25->0(21)
[2025-10-31T14:12:10.562+0000][gc,heap      ] GC(0) Survivor regions: 0->4(4)
[2025-10-31T14:12:10.562+0000][gc,heap      ] GC(0) Old regions: 0->3
[2025-10-31T14:12:10.562+0000][gc,heap      ] GC(0) Humongous regions: 0->0
[2025-10-31T14:12:10.563+0000][gc,metaspace ] GC(0) Metaspace: 17834K(18432K)->17834K(18432K) NonClass: 15954K(16384K)->15954K(16384K) Class: 1880K(2048K)->1880K(2048K)
[2025-10-31T14:12:10.563+0000][gc           ] GC(0) Pause Young (Normal) (G1 Evacuation Pause) 25M->6M(512M) 8.160ms
[2025-10-31T14:12:10.563+0000][gc,cpu       ] GC(0) User=0.01s Sys=0.00s Real=0.01s
[2025-10-31T14:12:10.712+0000][gc,start     ] GC(1) Pause Young (Concurrent Start) (Metadata GC Threshold)
[2025-10-31T14:12:10.712+0000][gc,task      ] GC(1) Using 2 workers of 2 for evacuation
[2025-10-31T14:12:10.717+0000][gc,phases    ] GC(1)   Pre Evacuate Collection Set: 0.0ms
[2025-10-31T14:12:10.718+0000][gc,phases    ] GC(1)   Evacuate Collection Set: 4.8ms
[2025-10-31T14:12:10.718+0000][gc,phases    ] GC(1)   Post Evacuate Collection Set: 0.4ms
[2025-10-31T14:12:10.718+0000][gc,phases    ] GC(1)   Other: 0.5ms
[2025-10-31T14:12:10.718+0000][gc,heap      ] GC(1) Eden regions: 8->0(24)
[2025-10-31T14:12:10.718+0000][gc,heap      ] GC(1) Survivor regions: 4->1(4)
[2025-10-31T14:12:10.718+0000][gc,heap      ] GC(1) Old regions: 3->7
[2025-10-31T14:12:10.718+0000][gc,heap      ] GC(1) Humongous regions: 0->0
[2025-10-31T14:12:10.719+0000][gc,metaspace ] GC(1) Metaspace: 20768K(21296K)->20768K(21296K) NonClass: 18559K(18864K)->18559K(18864K) Class: 2209K(2432K)->2209K(2432K)
[2025-10-31T14:12:10.719+0000][gc           ] GC(1) Pause Young (Concurrent Start) (Metadata GC Threshold) 14M->6M(512M) 7.217ms
[2025-10-31T14:12:10.719+0000][gc,cpu       ] GC(1) User=0.01s Sys=0.00s Real=0.01s
[2025-10-31T14:12:10.719+0000][gc           ] GC(2) Concurrent Cycle
[2025-10-31T14:12:10.719+0000][gc,marking   ] GC(2) Concurrent Clear Claimed Marks
[2025-10-31T14:12:10.720+0000][gc,marking   ] GC(2) Concurrent Clear Claimed Marks 0.206ms
[2025-10-31T14:12:10.720+0000][gc,marking   ] GC(2) Concurrent Scan Root Regions
[2025-10-31T14:12:10.720+0000][gc,marking   ] GC(2) Concurrent Scan Root Regions 0.770ms
[2025-10-31T14:12:10.721+0000][gc,marking   ] GC(2) Concurrent Mark (1.030s)
[2025-10-31T14:12:10.721+0000][gc,marking   ] GC(2) Concurrent Mark From Roots
[2025-10-31T14:12:10.721+0000][gc,task      ] GC(2) Using 1 workers of 1 for marking
[2025-10-31T14:12:10.728+0000][gc,marking   ] GC(2) Concurrent Mark From Roots 6.790ms
[2025-10-31T14:12:10.728+0000][gc,marking   ] GC(2) Concurrent Preclean
[2025-10-31T14:12:10.728+0000][gc,marking   ] GC(2) Concurrent Preclean 0.279ms
[2025-10-31T14:12:10.728+0000][gc,marking   ] GC(2) Concurrent Mark (1.030s, 1.038s) 7.598ms
[2025-10-31T14:12:10.729+0000][gc,start     ] GC(2) Pause Remark
[2025-10-31T14:12:10.731+0000][gc,stringtable] GC(2) Cleaned string and symbol table, strings: 7263 processed, 9 removed, symbols: 64792 processed, 23 removed
[2025-10-31T14:12:10.732+0000][gc            ] GC(2) Pause Remark 7M->7M(512M) 2.843ms
[2025-10-31T14:12:10.732+0000][gc,cpu        ] GC(2) User=0.00s Sys=0.00s Real=0.00s
[2025-10-31T14:12:10.732+0000][gc,marking    ] GC(2) Concurrent Rebuild Remembered Sets
[2025-10-31T14:12:10.736+0000][gc,marking    ] GC(2) Concurrent Rebuild Remembered Sets 3.744ms
[2025-10-31T14:12:10.736+0000][gc,start      ] GC(2) Pause Cleanup
[2025-10-31T14:12:10.737+0000][gc            ] GC(2) Pause Cleanup 7M->7M(512M) 0.360ms
[2025-10-31T14:12:10.737+0000][gc,cpu        ] GC(2) User=0.00s Sys=0.00s Real=0.00s
[2025-10-31T14:12:10.737+0000][gc,marking    ] GC(2) Concurrent Cleanup for Next Mark
[2025-10-31T14:12:10.738+0000][gc,marking    ] GC(2) Concurrent Cleanup for Next Mark 1.051ms
[2025-10-31T14:12:10.738+0000][gc            ] GC(2) Concurrent Cycle 19.326ms
[2025-10-31T14:12:11.006+0000][gc,start      ] GC(3) Pause Young (Normal) (G1 Evacuation Pause)
[2025-10-31T14:12:11.007+0000][gc,task       ] GC(3) Using 2 workers of 2 for evacuation
[2025-10-31T14:12:11.011+0000][gc,phases     ] GC(3)   Pre Evacuate Collection Set: 0.0ms
[2025-10-31T14:12:11.011+0000][gc,phases     ] GC(3)   Evacuate Collection Set: 2.9ms
[2025-10-31T14:12:11.011+0000][gc,phases     ] GC(3)   Post Evacuate Collection Set: 0.6ms
[2025-10-31T14:12:11.011+0000][gc,phases     ] GC(3)   Other: 0.6ms
[2025-10-31T14:12:11.011+0000][gc,heap       ] GC(3) Eden regions: 24->0(23)
[2025-10-31T14:12:11.012+0000][gc,heap       ] GC(3) Survivor regions: 1->2(4)
[2025-10-31T14:12:11.012+0000][gc,heap       ] GC(3) Old regions: 7->7
[2025-10-31T14:12:11.012+0000][gc,heap       ] GC(3) Humongous regions: 0->0
[2025-10-31T14:12:11.012+0000][gc,metaspace  ] GC(3) Metaspace: 25769K(26544K)->25769K(26544K) NonClass: 23038K(23472K)->23038K(23472K) Class: 2731K(3072K)->2731K(3072K)
[2025-10-31T14:12:11.012+0000][gc            ] GC(3) Pause Young (Normal) (G1 Evacuation Pause) 30M->7M(512M) 5.719ms
[2025-10-31T14:12:11.012+0000][gc,cpu        ] GC(3) User=0.01s Sys=0.00s Real=0.01s
[2025-10-31T14:12:11.325+0000][gc,start      ] GC(4) Pause Young (Normal) (G1 Evacuation Pause)
[2025-10-31T14:12:11.325+0000][gc,task       ] GC(4) Using 2 workers of 2 for evacuation
[2025-10-31T14:12:11.351+0000][gc,mmu        ] GC(4) MMU target violated: 21.0ms (20.0ms/21.0ms)
[2025-10-31T14:12:11.351+0000][gc,phases     ] GC(4)   Pre Evacuate Collection Set: 0.0ms
[2025-10-31T14:12:11.351+0000][gc,phases     ] GC(4)   Evacuate Collection Set: 24.2ms
[2025-10-31T14:12:11.352+0000][gc,phases     ] GC(4)   Post Evacuate Collection Set: 0.6ms
[2025-10-31T14:12:11.352+0000][gc,phases     ] GC(4)   Other: 1.7ms
[2025-10-31T14:12:11.352+0000][gc,heap       ] GC(4) Eden regions: 23->0(22)
[2025-10-31T14:12:11.352+0000][gc,heap       ] GC(4) Survivor regions: 2->3(4)
[2025-10-31T14:12:11.352+0000][gc,heap       ] GC(4) Old regions: 7->7
[2025-10-31T14:12:11.352+0000][gc,heap       ] GC(4) Humongous regions: 0->0
[2025-10-31T14:12:11.352+0000][gc,metaspace  ] GC(4) Metaspace: 29664K(30640K)->29664K(30640K) NonClass: 26483K(27056K)->26483K(27056K) Class: 3181K(3584K)->3181K(3584K)
[2025-10-31T14:12:11.353+0000][gc            ] GC(4) Pause Young (Normal) (G1 Evacuation Pause) 30M->9M(512M) 27.623ms
[2025-10-31T14:12:11.353+0000][gc,cpu        ] GC(4) User=0.02s Sys=0.00s Real=0.03s
[2025-10-31T14:12:11.761+0000][gc,start      ] GC(5) Pause Young (Normal) (G1 Evacuation Pause)
[2025-10-31T14:12:11.761+0000][gc,task       ] GC(5) Using 2 workers of 2 for evacuation
[2025-10-31T14:12:11.766+0000][gc,phases     ] GC(5)   Pre Evacuate Collection Set: 0.0ms
[2025-10-31T14:12:11.766+0000][gc,phases     ] GC(5)   Evacuate Collection Set: 4.3ms
[2025-10-31T14:12:11.767+0000][gc,phases     ] GC(5)   Post Evacuate Collection Set: 0.7ms
[2025-10-31T14:12:11.767+0000][gc,phases     ] GC(5)   Other: 0.6ms
[2025-10-31T14:12:11.767+0000][gc,heap       ] GC(5) Eden regions: 22->0(22)
[2025-10-31T14:12:11.767+0000][gc,heap       ] GC(5) Survivor regions: 3->3(4)
[2025-10-31T14:12:11.767+0000][gc,heap       ] GC(5) Old regions: 7->8
[2025-10-31T14:12:11.767+0000][gc,heap       ] GC(5) Humongous regions: 0->0
[2025-10-31T14:12:11.768+0000][gc,metaspace  ] GC(5) Metaspace: 33843K(35120K)->33843K(35120K) NonClass: 30150K(30896K)->30150K(30896K) Class: 3692K(4224K)->3692K(4224K)
[2025-10-31T14:12:11.768+0000][gc            ] GC(5) Pause Young (Normal) (G1 Evacuation Pause) 31M->9M(512M) 7.120ms
[2025-10-31T14:12:11.768+0000][gc,cpu        ] GC(5) User=0.01s Sys=0.00s Real=0.01s
[2025-10-31T14:12:11.814+0000][gc,start      ] GC(6) Pause Young (Concurrent Start) (Metadata GC Threshold)
[2025-10-31T14:12:11.815+0000][gc,task       ] GC(6) Using 2 workers of 2 for evacuation
[2025-10-31T14:12:11.819+0000][gc,phases     ] GC(6)   Pre Evacuate Collection Set: 0.1ms
[2025-10-31T14:12:11.819+0000][gc,phases     ] GC(6)   Evacuate Collection Set: 3.1ms
[2025-10-31T14:12:11.819+0000][gc,phases     ] GC(6)   Post Evacuate Collection Set: 0.6ms
[2025-10-31T14:12:11.819+0000][gc,phases     ] GC(6)   Other: 0.5ms
[2025-10-31T14:12:11.820+0000][gc,heap       ] GC(6) Eden regions: 5->0(24)
[2025-10-31T14:12:11.820+0000][gc,heap       ] GC(6) Survivor regions: 3->1(4)
[2025-10-31T14:12:11.820+0000][gc,heap       ] GC(6) Old regions: 8->9
[2025-10-31T14:12:11.820+0000][gc,heap       ] GC(6) Humongous regions: 0->0
[2025-10-31T14:12:11.820+0000][gc,metaspace  ] GC(6) Metaspace: 34907K(35888K)->34907K(35888K) NonClass: 31132K(31664K)->31132K(31664K) Class: 3775K(4224K)->3775K(4224K)
[2025-10-31T14:12:11.820+0000][gc            ] GC(6) Pause Young (Concurrent Start) (Metadata GC Threshold) 14M->10M(512M) 6.049ms
[2025-10-31T14:12:11.821+0000][gc,cpu        ] GC(6) User=0.01s Sys=0.00s Real=0.01s
[2025-10-31T14:12:11.821+0000][gc            ] GC(7) Concurrent Cycle
[2025-10-31T14:12:11.821+0000][gc,marking    ] GC(7) Concurrent Clear Claimed Marks
[2025-10-31T14:12:11.821+0000][gc,marking    ] GC(7) Concurrent Clear Claimed Marks 0.238ms
[2025-10-31T14:12:11.821+0000][gc,marking    ] GC(7) Concurrent Scan Root Regions
[2025-10-31T14:12:11.823+0000][gc,marking    ] GC(7) Concurrent Scan Root Regions 1.096ms
[2025-10-31T14:12:11.823+0000][gc,marking    ] GC(7) Concurrent Mark (2.133s)
[2025-10-31T14:12:11.823+0000][gc,marking    ] GC(7) Concurrent Mark From Roots
[2025-10-31T14:12:11.823+0000][gc,task       ] GC(7) Using 1 workers of 1 for marking
[2025-10-31T14:12:11.834+0000][gc,marking    ] GC(7) Concurrent Mark From Roots 11.098ms
[2025-10-31T14:12:11.834+0000][gc,marking    ] GC(7) Concurrent Preclean
[2025-10-31T14:12:11.834+0000][gc,marking    ] GC(7) Concurrent Preclean 0.213ms
[2025-10-31T14:12:11.835+0000][gc,marking    ] GC(7) Concurrent Mark (2.133s, 2.144s) 11.843ms
[2025-10-31T14:12:11.835+0000][gc,start      ] GC(7) Pause Remark
[2025-10-31T14:12:11.850+0000][gc,stringtable] GC(7) Cleaned string and symbol table, strings: 11202 processed, 9 removed, symbols: 96904 processed, 20 removed
[2025-10-31T14:12:11.851+0000][gc            ] GC(7) Pause Remark 11M->11M(512M) 15.833ms
[2025-10-31T14:12:11.851+0000][gc,cpu        ] GC(7) User=0.01s Sys=0.00s Real=0.02s
[2025-10-31T14:12:11.851+0000][gc,marking    ] GC(7) Concurrent Rebuild Remembered Sets
[2025-10-31T14:12:11.858+0000][gc,marking    ] GC(7) Concurrent Rebuild Remembered Sets 6.431ms
[2025-10-31T14:12:11.858+0000][gc,start      ] GC(7) Pause Cleanup
[2025-10-31T14:12:11.859+0000][gc            ] GC(7) Pause Cleanup 12M->12M(512M) 0.466ms
[2025-10-31T14:12:11.859+0000][gc,cpu        ] GC(7) User=0.00s Sys=0.00s Real=0.00s
[2025-10-31T14:12:11.859+0000][gc,marking    ] GC(7) Concurrent Cleanup for Next Mark
[2025-10-31T14:12:11.879+0000][gc,marking    ] GC(7) Concurrent Cleanup for Next Mark 19.707ms
[2025-10-31T14:12:11.879+0000][gc            ] GC(7) Concurrent Cycle 58.344ms
[2025-10-31T14:12:12.154+0000][gc,start      ] GC(8) Pause Young (Concurrent Start) (G1 Evacuation Pause)
[2025-10-31T14:12:12.154+0000][gc,task       ] GC(8) Using 2 workers of 2 for evacuation
[2025-10-31T14:12:12.158+0000][gc,phases     ] GC(8)   Pre Evacuate Collection Set: 0.1ms
[2025-10-31T14:12:12.159+0000][gc,phases     ] GC(8)   Evacuate Collection Set: 3.7ms
[2025-10-31T14:12:12.159+0000][gc,phases     ] GC(8)   Post Evacuate Collection Set: 0.6ms
[2025-10-31T14:12:12.159+0000][gc,phases     ] GC(8)   Other: 0.5ms
[2025-10-31T14:12:12.159+0000][gc,heap       ] GC(8) Eden regions: 24->0(23)
[2025-10-31T14:12:12.159+0000][gc,heap       ] GC(8) Survivor regions: 1->2(4)
[2025-10-31T14:12:12.159+0000][gc,heap       ] GC(8) Old regions: 9->9
[2025-10-31T14:12:12.159+0000][gc,heap       ] GC(8) Humongous regions: 13->13
[2025-10-31T14:12:12.160+0000][gc,metaspace  ] GC(8) Metaspace: 39400K(40624K)->39400K(40624K) NonClass: 35106K(35760K)->35106K(35760K) Class: 4293K(4864K)->4293K(4864K)
[2025-10-31T14:12:12.160+0000][gc            ] GC(8) Pause Young (Concurrent Start) (G1 Evacuation Pause) 47M->23M(512M) 6.042ms
[2025-10-31T14:12:12.160+0000][gc,cpu        ] GC(8) User=0.01s Sys=0.00s Real=0.01s
[2025-10-31T14:12:12.160+0000][gc            ] GC(9) Concurrent Cycle
[2025-10-31T14:12:12.160+0000][gc,marking    ] GC(9) Concurrent Clear Claimed Marks
[2025-10-31T14:12:12.160+0000][gc,marking    ] GC(9) Concurrent Clear Claimed Marks 0.288ms
[2025-10-31T14:12:12.161+0000][gc,marking    ] GC(9) Concurrent Scan Root Regions
[2025-10-31T14:12:12.162+0000][gc,marking    ] GC(9) Concurrent Scan Root Regions 1.711ms
[2025-10-31T14:12:12.162+0000][gc,marking    ] GC(9) Concurrent Mark (2.472s)
[2025-10-31T14:12:12.163+0000][gc,marking    ] GC(9) Concurrent Mark From Roots
[2025-10-31T14:12:12.163+0000][gc,task       ] GC(9) Using 1 workers of 1 for marking
[2025-10-31T14:12:12.186+0000][gc,marking    ] GC(9) Concurrent Mark From Roots 22.826ms
[2025-10-31T14:12:12.186+0000][gc,marking    ] GC(9) Concurrent Preclean
[2025-10-31T14:12:12.186+0000][gc,marking    ] GC(9) Concurrent Preclean 0.220ms
[2025-10-31T14:12:12.186+0000][gc,marking    ] GC(9) Concurrent Mark (2.472s, 2.496s) 23.690ms
[2025-10-31T14:12:12.188+0000][gc,start      ] GC(9) Pause Remark
[2025-10-31T14:12:12.192+0000][gc,stringtable] GC(9) Cleaned string and symbol table, strings: 12162 processed, 0 removed, symbols: 107408 processed, 11 removed
[2025-10-31T14:12:12.193+0000][gc            ] GC(9) Pause Remark 26M->26M(512M) 4.624ms
[2025-10-31T14:12:12.193+0000][gc,cpu        ] GC(9) User=0.01s Sys=0.00s Real=0.00s
[2025-10-31T14:12:12.193+0000][gc,marking    ] GC(9) Concurrent Rebuild Remembered Sets
[2025-10-31T14:12:12.199+0000][gc,marking    ] GC(9) Concurrent Rebuild Remembered Sets 6.219ms
[2025-10-31T14:12:12.250+0000][gc,start      ] GC(9) Pause Cleanup
[2025-10-31T14:12:12.251+0000][gc            ] GC(9) Pause Cleanup 28M->28M(512M) 0.599ms
[2025-10-31T14:12:12.251+0000][gc,cpu        ] GC(9) User=0.01s Sys=0.00s Real=0.00s
[2025-10-31T14:12:12.251+0000][gc,marking    ] GC(9) Concurrent Cleanup for Next Mark
[2025-10-31T14:12:12.253+0000][gc,marking    ] GC(9) Concurrent Cleanup for Next Mark 1.184ms
[2025-10-31T14:12:12.253+0000][gc            ] GC(9) Concurrent Cycle 93.061ms
[2025-10-31T14:12:12.378+0000][gc,start      ] GC(10) Pause Young (Normal) (GCLocker Initiated GC)
[2025-10-31T14:12:12.379+0000][gc,task       ] GC(10) Using 2 workers of 2 for evacuation
[2025-10-31T14:12:12.385+0000][gc,phases     ] GC(10)   Pre Evacuate Collection Set: 0.0ms
[2025-10-31T14:12:12.385+0000][gc,phases     ] GC(10)   Evacuate Collection Set: 5.0ms
[2025-10-31T14:12:12.385+0000][gc,phases     ] GC(10)   Post Evacuate Collection Set: 0.5ms
[2025-10-31T14:12:12.386+0000][gc,phases     ] GC(10)   Other: 0.7ms
[2025-10-31T14:12:12.386+0000][gc,heap       ] GC(10) Eden regions: 24->0(22)
[2025-10-31T14:12:12.386+0000][gc,heap       ] GC(10) Survivor regions: 2->3(4)
[2025-10-31T14:12:12.386+0000][gc,heap       ] GC(10) Old regions: 9->9
[2025-10-31T14:12:12.386+0000][gc,heap       ] GC(10) Humongous regions: 13->13
[2025-10-31T14:12:12.386+0000][gc,metaspace  ] GC(10) Metaspace: 40078K(41392K)->40078K(41392K) NonClass: 35725K(36528K)->35725K(36528K) Class: 4353K(4864K)->4353K(4864K)
[2025-10-31T14:12:12.387+0000][gc            ] GC(10) Pause Young (Normal) (GCLocker Initiated GC) 46M->24M(512M) 8.158ms
[2025-10-31T14:12:12.387+0000][gc,cpu        ] GC(10) User=0.01s Sys=0.00s Real=0.00s
[2025-10-31T14:12:12.593+0000][gc,start      ] GC(11) Pause Young (Normal) (G1 Evacuation Pause)
[2025-10-31T14:12:12.593+0000][gc,task       ] GC(11) Using 2 workers of 2 for evacuation
[2025-10-31T14:12:12.653+0000][gc,mmu        ] GC(11) MMU target violated: 21.0ms (20.0ms/21.0ms)
[2025-10-31T14:12:12.654+0000][gc,phases     ] GC(11)   Pre Evacuate Collection Set: 0.0ms
[2025-10-31T14:12:12.654+0000][gc,phases     ] GC(11)   Evacuate Collection Set: 59.7ms
[2025-10-31T14:12:12.654+0000][gc,phases     ] GC(11)   Post Evacuate Collection Set: 0.4ms
[2025-10-31T14:12:12.654+0000][gc,phases     ] GC(11)   Other: 0.9ms
[2025-10-31T14:12:12.654+0000][gc,heap       ] GC(11) Eden regions: 22->0(22)
[2025-10-31T14:12:12.654+0000][gc,heap       ] GC(11) Survivor regions: 3->3(4)
[2025-10-31T14:12:12.655+0000][gc,heap       ] GC(11) Old regions: 9->10
[2025-10-31T14:12:12.655+0000][gc,heap       ] GC(11) Humongous regions: 13->13
[2025-10-31T14:12:12.655+0000][gc,metaspace  ] GC(11) Metaspace: 40624K(42032K)->40624K(42032K) NonClass: 36235K(37040K)->36235K(37040K) Class: 4389K(4992K)->4389K(4992K)
[2025-10-31T14:12:12.655+0000][gc            ] GC(11) Pause Young (Normal) (G1 Evacuation Pause) 46M->25M(512M) 62.431ms
[2025-10-31T14:12:12.655+0000][gc,cpu        ] GC(11) User=0.02s Sys=0.00s Real=0.06s
[2025-10-31T14:12:12.851+0000][gc,start      ] GC(12) Pause Young (Normal) (G1 Evacuation Pause)
[2025-10-31T14:12:12.851+0000][gc,task       ] GC(12) Using 2 workers of 2 for evacuation
[2025-10-31T14:12:12.858+0000][gc,phases     ] GC(12)   Pre Evacuate Collection Set: 0.0ms
[2025-10-31T14:12:12.858+0000][gc,phases     ] GC(12)   Evacuate Collection Set: 5.2ms
[2025-10-31T14:12:12.858+0000][gc,phases     ] GC(12)   Post Evacuate Collection Set: 0.8ms
[2025-10-31T14:12:12.859+0000][gc,phases     ] GC(12)   Other: 0.6ms
[2025-10-31T14:12:12.859+0000][gc,heap       ] GC(12) Eden regions: 22->0(22)
[2025-10-31T14:12:12.859+0000][gc,heap       ] GC(12) Survivor regions: 3->3(4)
[2025-10-31T14:12:12.859+0000][gc,heap       ] GC(12) Old regions: 10->11
[2025-10-31T14:12:12.859+0000][gc,heap       ] GC(12) Humongous regions: 15->11
[2025-10-31T14:12:12.860+0000][gc,metaspace  ] GC(12) Metaspace: 42997K(44464K)->42997K(44464K) NonClass: 38418K(39344K)->38418K(39344K) Class: 4578K(5120K)->4578K(5120K)
[2025-10-31T14:12:12.860+0000][gc            ] GC(12) Pause Young (Normal) (G1 Evacuation Pause) 49M->24M(512M) 8.576ms
[2025-10-31T14:12:12.860+0000][gc,cpu        ] GC(12) User=0.02s Sys=0.00s Real=0.01s
[2025-10-31T14:12:12.911+0000][gc,start      ] GC(13) Pause Young (Normal) (G1 Evacuation Pause)
[2025-10-31T14:12:12.911+0000][gc,task       ] GC(13) Using 2 workers of 2 for evacuation
[2025-10-31T14:12:12.954+0000][gc,mmu        ] GC(13) MMU target violated: 21.0ms (20.0ms/21.0ms)
[2025-10-31T14:12:12.954+0000][gc,phases     ] GC(13)   Pre Evacuate Collection Set: 0.0ms
[2025-10-31T14:12:12.954+0000][gc,phases     ] GC(13)   Evacuate Collection Set: 41.8ms
[2025-10-31T14:12:12.955+0000][gc,phases     ] GC(13)   Post Evacuate Collection Set: 0.7ms
[2025-10-31T14:12:12.955+0000][gc,phases     ] GC(13)   Other: 0.9ms
[2025-10-31T14:12:12.955+0000][gc,heap       ] GC(13) Eden regions: 22->0(22)
[2025-10-31T14:12:12.955+0000][gc,heap       ] GC(13) Survivor regions: 3->3(4)
[2025-10-31T14:12:12.955+0000][gc,heap       ] GC(13) Old regions: 11->12
[2025-10-31T14:12:12.956+0000][gc,heap       ] GC(13) Humongous regions: 11->11
[2025-10-31T14:12:12.956+0000][gc,metaspace  ] GC(13) Metaspace: 43670K(45232K)->43670K(45232K) NonClass: 38979K(39856K)->38979K(39856K) Class: 4690K(5376K)->4690K(5376K)
[2025-10-31T14:12:12.956+0000][gc            ] GC(13) Pause Young (Normal) (G1 Evacuation Pause) 46M->24M(512M) 45.112ms
[2025-10-31T14:12:12.956+0000][gc,cpu        ] GC(13) User=0.02s Sys=0.00s Real=0.04s
[2025-10-31T14:12:26.412+0000][gc,start      ] GC(14) Pause Young (Normal) (G1 Evacuation Pause)
[2025-10-31T14:12:26.412+0000][gc,task       ] GC(14) Using 2 workers of 2 for evacuation
[2025-10-31T14:12:26.418+0000][gc,phases     ] GC(14)   Pre Evacuate Collection Set: 0.0ms
[2025-10-31T14:12:26.419+0000][gc,phases     ] GC(14)   Evacuate Collection Set: 4.7ms
[2025-10-31T14:12:26.419+0000][gc,phases     ] GC(14)   Post Evacuate Collection Set: 0.8ms
[2025-10-31T14:12:26.419+0000][gc,phases     ] GC(14)   Other: 0.6ms
[2025-10-31T14:12:26.419+0000][gc,heap       ] GC(14) Eden regions: 22->0(22)
[2025-10-31T14:12:26.419+0000][gc,heap       ] GC(14) Survivor regions: 3->3(4)
[2025-10-31T14:12:26.420+0000][gc,heap       ] GC(14) Old regions: 12->13
[2025-10-31T14:12:26.420+0000][gc,heap       ] GC(14) Humongous regions: 140->138
[2025-10-31T14:12:26.420+0000][gc,metaspace  ] GC(14) Metaspace: 44869K(46384K)->44869K(46384K) NonClass: 40058K(40880K)->40058K(40880K) Class: 4810K(5504K)->4810K(5504K)
[2025-10-31T14:12:26.420+0000][gc            ] GC(14) Pause Young (Normal) (G1 Evacuation Pause) 175M->152M(512M) 8.041ms
[2025-10-31T14:12:26.420+0000][gc,cpu        ] GC(14) User=0.01s Sys=0.00s Real=0.01s
[2025-10-31T14:12:36.464+0000][gc,start      ] GC(15) Pause Young (Normal) (G1 Evacuation Pause)
[2025-10-31T14:12:36.464+0000][gc,task       ] GC(15) Using 2 workers of 2 for evacuation
[2025-10-31T14:12:36.470+0000][gc,phases     ] GC(15)   Pre Evacuate Collection Set: 0.0ms
[2025-10-31T14:12:36.470+0000][gc,phases     ] GC(15)   Evacuate Collection Set: 5.0ms
[2025-10-31T14:12:36.470+0000][gc,phases     ] GC(15)   Post Evacuate Collection Set: 0.8ms
[2025-10-31T14:12:36.471+0000][gc,phases     ] GC(15)   Other: 0.5ms
[2025-10-31T14:12:36.471+0000][gc,heap       ] GC(15) Eden regions: 22->0(22)
[2025-10-31T14:12:36.471+0000][gc,heap       ] GC(15) Survivor regions: 3->3(4)
[2025-10-31T14:12:36.471+0000][gc,heap       ] GC(15) Old regions: 13->14
[2025-10-31T14:12:36.471+0000][gc,heap       ] GC(15) Humongous regions: 162->138
[2025-10-31T14:12:36.471+0000][gc,metaspace  ] GC(15) Metaspace: 47941K(49968K)->47941K(49968K) NonClass: 42421K(43440K)->42421K(43440K) Class: 5520K(6528K)->5520K(6528K)
[2025-10-31T14:12:36.471+0000][gc            ] GC(15) Pause Young (Normal) (G1 Evacuation Pause) 198M->154M(512M) 7.631ms
[2025-10-31T14:12:36.471+0000][gc,cpu        ] GC(15) User=0.01s Sys=0.00s Real=0.01s
[2025-10-31T14:13:15.864+0000][gc,start      ] GC(16) Pause Young (Normal) (G1 Evacuation Pause)
[2025-10-31T14:13:15.864+0000][gc,task       ] GC(16) Using 2 workers of 2 for evacuation
[2025-10-31T14:13:15.871+0000][gc,phases     ] GC(16)   Pre Evacuate Collection Set: 0.0ms
[2025-10-31T14:13:15.871+0000][gc,phases     ] GC(16)   Evacuate Collection Set: 5.9ms
[2025-10-31T14:13:15.871+0000][gc,phases     ] GC(16)   Post Evacuate Collection Set: 0.8ms
[2025-10-31T14:13:15.871+0000][gc,phases     ] GC(16)   Other: 0.5ms
[2025-10-31T14:13:15.872+0000][gc,heap       ] GC(16) Eden regions: 22->0(22)
[2025-10-31T14:13:15.872+0000][gc,heap       ] GC(16) Survivor regions: 3->3(4)
[2025-10-31T14:13:15.872+0000][gc,heap       ] GC(16) Old regions: 14->15
[2025-10-31T14:13:15.873+0000][gc,heap       ] GC(16) Humongous regions: 138->138
[2025-10-31T14:13:15.873+0000][gc,metaspace  ] GC(16) Metaspace: 51059K(53808K)->51059K(53808K) NonClass: 44860K(46256K)->44860K(46256K) Class: 6199K(7552K)->6199K(7552K)
[2025-10-31T14:13:15.873+0000][gc            ] GC(16) Pause Young (Normal) (G1 Evacuation Pause) 176M->155M(512M) 9.488ms
[2025-10-31T14:13:15.873+0000][gc,cpu        ] GC(16) User=0.01s Sys=0.00s Real=0.01s
[2025-10-31T14:14:34.794+0000][gc,start      ] GC(17) Pause Young (Normal) (G1 Evacuation Pause)
[2025-10-31T14:14:34.794+0000][gc,task       ] GC(17) Using 2 workers of 2 for evacuation
[2025-10-31T14:14:34.802+0000][gc,phases     ] GC(17)   Pre Evacuate Collection Set: 0.0ms
[2025-10-31T14:14:34.802+0000][gc,phases     ] GC(17)   Evacuate Collection Set: 6.7ms
[2025-10-31T14:14:34.802+0000][gc,phases     ] GC(17)   Post Evacuate Collection Set: 0.8ms
[2025-10-31T14:14:34.802+0000][gc,phases     ] GC(17)   Other: 0.6ms
[2025-10-31T14:14:34.802+0000][gc,heap       ] GC(17) Eden regions: 22->0(21)
[2025-10-31T14:14:34.803+0000][gc,heap       ] GC(17) Survivor regions: 3->4(4)
[2025-10-31T14:14:34.803+0000][gc,heap       ] GC(17) Old regions: 15->16
[2025-10-31T14:14:34.803+0000][gc,heap       ] GC(17) Humongous regions: 138->138
[2025-10-31T14:14:34.803+0000][gc,metaspace  ] GC(17) Metaspace: 51565K(54320K)->51565K(54320K) NonClass: 45366K(46768K)->45366K(46768K) Class: 6199K(7552K)->6199K(7552K)
[2025-10-31T14:14:34.803+0000][gc            ] GC(17) Pause Young (Normal) (G1 Evacuation Pause) 177M->157M(512M) 9.716ms
[2025-10-31T14:14:34.804+0000][gc,cpu        ] GC(17) User=0.01s Sys=0.00s Real=0.01s
[2025-10-31T14:15:50.709+0000][gc,start      ] GC(18) Pause Young (Normal) (G1 Evacuation Pause)
[2025-10-31T14:15:50.709+0000][gc,task       ] GC(18) Using 2 workers of 2 for evacuation
[2025-10-31T14:15:50.715+0000][gc,phases     ] GC(18)   Pre Evacuate Collection Set: 0.0ms
[2025-10-31T14:15:50.715+0000][gc,phases     ] GC(18)   Evacuate Collection Set: 5.1ms
[2025-10-31T14:15:50.715+0000][gc,phases     ] GC(18)   Post Evacuate Collection Set: 0.7ms
[2025-10-31T14:15:50.716+0000][gc,phases     ] GC(18)   Other: 0.6ms
[2025-10-31T14:15:50.716+0000][gc,heap       ] GC(18) Eden regions: 21->0(22)
[2025-10-31T14:15:50.716+0000][gc,heap       ] GC(18) Survivor regions: 4->3(4)
[2025-10-31T14:15:50.716+0000][gc,heap       ] GC(18) Old regions: 16->18
[2025-10-31T14:15:50.716+0000][gc,heap       ] GC(18) Humongous regions: 138->138
[2025-10-31T14:15:50.716+0000][gc,metaspace  ] GC(18) Metaspace: 51888K(54832K)->51888K(54832K) NonClass: 45682K(47280K)->45682K(47280K) Class: 6205K(7552K)->6205K(7552K)
[2025-10-31T14:15:50.716+0000][gc            ] GC(18) Pause Young (Normal) (G1 Evacuation Pause) 178M->157M(512M) 7.881ms
[2025-10-31T14:15:50.717+0000][gc,cpu        ] GC(18) User=0.01s Sys=0.00s Real=0.00s
[2025-10-31T14:17:14.869+0000][gc,start      ] GC(19) Pause Young (Normal) (G1 Evacuation Pause)
[2025-10-31T14:17:14.869+0000][gc,task       ] GC(19) Using 2 workers of 2 for evacuation
[2025-10-31T14:17:14.875+0000][gc,phases     ] GC(19)   Pre Evacuate Collection Set: 0.0ms
[2025-10-31T14:17:14.875+0000][gc,phases     ] GC(19)   Evacuate Collection Set: 5.1ms
[2025-10-31T14:17:14.875+0000][gc,phases     ] GC(19)   Post Evacuate Collection Set: 0.6ms
[2025-10-31T14:17:14.876+0000][gc,phases     ] GC(19)   Other: 0.6ms
[2025-10-31T14:17:14.876+0000][gc,heap       ] GC(19) Eden regions: 22->0(24)
[2025-10-31T14:17:14.876+0000][gc,heap       ] GC(19) Survivor regions: 3->3(4)
[2025-10-31T14:17:14.876+0000][gc,heap       ] GC(19) Old regions: 18->18
[2025-10-31T14:17:14.876+0000][gc,heap       ] GC(19) Humongous regions: 138->138
[2025-10-31T14:17:14.877+0000][gc,metaspace  ] GC(19) Metaspace: 52049K(55088K)->52049K(55088K) NonClass: 45843K(47536K)->45843K(47536K) Class: 6205K(7552K)->6205K(7552K)
[2025-10-31T14:17:14.877+0000][gc            ] GC(19) Pause Young (Normal) (G1 Evacuation Pause) 179M->157M(512M) 8.164ms
[2025-10-31T14:17:14.877+0000][gc,cpu        ] GC(19) User=0.02s Sys=0.00s Real=0.00s
[2025-10-31T14:18:50.032+0000][gc,start      ] GC(20) Pause Young (Normal) (G1 Evacuation Pause)
[2025-10-31T14:18:50.033+0000][gc,task       ] GC(20) Using 2 workers of 2 for evacuation
[2025-10-31T14:18:50.043+0000][gc,phases     ] GC(20)   Pre Evacuate Collection Set: 0.0ms
[2025-10-31T14:18:50.044+0000][gc,phases     ] GC(20)   Evacuate Collection Set: 9.4ms
[2025-10-31T14:18:50.044+0000][gc,phases     ] GC(20)   Post Evacuate Collection Set: 0.9ms
[2025-10-31T14:18:50.044+0000][gc,phases     ] GC(20)   Other: 0.8ms
[2025-10-31T14:18:50.044+0000][gc,heap       ] GC(20) Eden regions: 24->0(24)
[2025-10-31T14:18:50.045+0000][gc,heap       ] GC(20) Survivor regions: 3->4(4)
[2025-10-31T14:18:50.045+0000][gc,heap       ] GC(20) Old regions: 18->19
[2025-10-31T14:18:50.045+0000][gc,heap       ] GC(20) Humongous regions: 138->138
[2025-10-31T14:18:50.045+0000][gc,metaspace  ] GC(20) Metaspace: 52087K(55088K)->52087K(55088K) NonClass: 45881K(47536K)->45881K(47536K) Class: 6205K(7552K)->6205K(7552K)
[2025-10-31T14:18:50.045+0000][gc            ] GC(20) Pause Young (Normal) (G1 Evacuation Pause) 181M->160M(512M) 13.125ms
[2025-10-31T14:18:50.046+0000][gc,cpu        ] GC(20) User=0.02s Sys=0.00s Real=0.01s
[2025-10-31T14:20:25.708+0000][gc,start      ] GC(21) Pause Young (Normal) (G1 Evacuation Pause)
[2025-10-31T14:20:25.709+0000][gc,task       ] GC(21) Using 2 workers of 2 for evacuation
[2025-10-31T14:20:25.725+0000][gc,phases     ] GC(21)   Pre Evacuate Collection Set: 0.0ms
[2025-10-31T14:20:25.725+0000][gc,phases     ] GC(21)   Evacuate Collection Set: 14.3ms
[2025-10-31T14:20:25.725+0000][gc,phases     ] GC(21)   Post Evacuate Collection Set: 1.2ms
[2025-10-31T14:20:25.726+0000][gc,phases     ] GC(21)   Other: 1.4ms
[2025-10-31T14:20:25.726+0000][gc,heap       ] GC(21) Eden regions: 24->0(24)
[2025-10-31T14:20:25.726+0000][gc,heap       ] GC(21) Survivor regions: 4->3(4)
[2025-10-31T14:20:25.726+0000][gc,heap       ] GC(21) Old regions: 19->21
[2025-10-31T14:20:25.726+0000][gc,heap       ] GC(21) Humongous regions: 138->138
[2025-10-31T14:20:25.727+0000][gc,metaspace  ] GC(21) Metaspace: 52125K(55088K)->52125K(55088K) NonClass: 45919K(47536K)->45919K(47536K) Class: 6205K(7552K)->6205K(7552K)
[2025-10-31T14:20:25.727+0000][gc            ] GC(21) Pause Young (Normal) (G1 Evacuation Pause) 184M->161M(512M) 19.090ms
[2025-10-31T14:20:25.727+0000][gc,cpu        ] GC(21) User=0.03s Sys=0.00s Real=0.02s
[2025-10-31T14:22:02.211+0000][gc,start      ] GC(22) Pause Young (Normal) (G1 Evacuation Pause)
[2025-10-31T14:22:02.211+0000][gc,task       ] GC(22) Using 2 workers of 2 for evacuation
[2025-10-31T14:22:02.219+0000][gc,phases     ] GC(22)   Pre Evacuate Collection Set: 0.0ms
[2025-10-31T14:22:02.220+0000][gc,phases     ] GC(22)   Evacuate Collection Set: 7.1ms
[2025-10-31T14:22:02.220+0000][gc,phases     ] GC(22)   Post Evacuate Collection Set: 0.6ms
[2025-10-31T14:22:02.220+0000][gc,phases     ] GC(22)   Other: 0.7ms
[2025-10-31T14:22:02.220+0000][gc,heap       ] GC(22) Eden regions: 24->0(26)
[2025-10-31T14:22:02.220+0000][gc,heap       ] GC(22) Survivor regions: 3->3(4)
[2025-10-31T14:22:02.220+0000][gc,heap       ] GC(22) Old regions: 21->22
[2025-10-31T14:22:02.220+0000][gc,heap       ] GC(22) Humongous regions: 138->138
[2025-10-31T14:22:02.220+0000][gc,metaspace  ] GC(22) Metaspace: 52210K(55088K)->52210K(55088K) NonClass: 46004K(47536K)->46004K(47536K) Class: 6205K(7552K)->6205K(7552K)
[2025-10-31T14:22:02.220+0000][gc            ] GC(22) Pause Young (Normal) (G1 Evacuation Pause) 185M->162M(512M) 9.428ms
[2025-10-31T14:22:02.221+0000][gc,cpu        ] GC(22) User=0.01s Sys=0.00s Real=0.01s
[2025-10-31T14:23:50.353+0000][gc,start      ] GC(23) Pause Young (Normal) (G1 Evacuation Pause)
[2025-10-31T14:23:50.353+0000][gc,task       ] GC(23) Using 2 workers of 2 for evacuation
[2025-10-31T14:23:50.387+0000][gc,mmu        ] GC(23) MMU target violated: 21.0ms (20.0ms/21.0ms)
[2025-10-31T14:23:50.387+0000][gc,phases     ] GC(23)   Pre Evacuate Collection Set: 1.1ms
[2025-10-31T14:23:50.387+0000][gc,phases     ] GC(23)   Evacuate Collection Set: 27.7ms
[2025-10-31T14:23:50.387+0000][gc,phases     ] GC(23)   Post Evacuate Collection Set: 1.2ms
[2025-10-31T14:23:50.387+0000][gc,phases     ] GC(23)   Other: 4.4ms
[2025-10-31T14:23:50.388+0000][gc,heap       ] GC(23) Eden regions: 26->0(25)
[2025-10-31T14:23:50.388+0000][gc,heap       ] GC(23) Survivor regions: 3->3(4)
[2025-10-31T14:23:50.388+0000][gc,heap       ] GC(23) Old regions: 22->24
[2025-10-31T14:23:50.388+0000][gc,heap       ] GC(23) Humongous regions: 138->138
[2025-10-31T14:23:50.388+0000][gc,metaspace  ] GC(23) Metaspace: 52284K(55088K)->52284K(55088K) NonClass: 46056K(47536K)->46056K(47536K) Class: 6228K(7552K)->6228K(7552K)
[2025-10-31T14:23:50.388+0000][gc            ] GC(23) Pause Young (Normal) (G1 Evacuation Pause) 188M->164M(512M) 35.883ms
[2025-10-31T14:23:50.389+0000][gc,cpu        ] GC(23) User=0.05s Sys=0.01s Real=0.04s
[2025-10-31T14:25:35.151+0000][gc,start      ] GC(24) Pause Young (Normal) (G1 Evacuation Pause)
[2025-10-31T14:25:35.151+0000][gc,task       ] GC(24) Using 2 workers of 2 for evacuation
[2025-10-31T14:25:35.164+0000][gc,phases     ] GC(24)   Pre Evacuate Collection Set: 0.0ms
[2025-10-31T14:25:35.164+0000][gc,phases     ] GC(24)   Evacuate Collection Set: 11.3ms
[2025-10-31T14:25:35.164+0000][gc,phases     ] GC(24)   Post Evacuate Collection Set: 0.6ms
[2025-10-31T14:25:35.165+0000][gc,phases     ] GC(24)   Other: 0.8ms
[2025-10-31T14:25:35.165+0000][gc,heap       ] GC(24) Eden regions: 25->0(27)
[2025-10-31T14:25:35.165+0000][gc,heap       ] GC(24) Survivor regions: 3->2(4)
[2025-10-31T14:25:35.166+0000][gc,heap       ] GC(24) Old regions: 24->26
[2025-10-31T14:25:35.166+0000][gc,heap       ] GC(24) Humongous regions: 138->138
[2025-10-31T14:25:35.166+0000][gc,metaspace  ] GC(24) Metaspace: 52370K(55088K)->52370K(55088K) NonClass: 46142K(47536K)->46142K(47536K) Class: 6228K(7552K)->6228K(7552K)
[2025-10-31T14:25:35.167+0000][gc            ] GC(24) Pause Young (Normal) (G1 Evacuation Pause) 189M->165M(512M) 15.378ms
[2025-10-31T14:25:35.167+0000][gc,cpu        ] GC(24) User=0.03s Sys=0.00s Real=0.02s
[2025-10-31T14:27:00.546+0000][gc,start      ] GC(25) Pause Young (Normal) (G1 Evacuation Pause)
[2025-10-31T14:27:00.546+0000][gc,task       ] GC(25) Using 2 workers of 2 for evacuation
[2025-10-31T14:27:00.569+0000][gc,mmu        ] GC(25) MMU target violated: 21.0ms (20.0ms/21.0ms)
[2025-10-31T14:27:00.570+0000][gc,phases     ] GC(25)   Pre Evacuate Collection Set: 0.0ms
[2025-10-31T14:27:00.570+0000][gc,phases     ] GC(25)   Evacuate Collection Set: 20.1ms
[2025-10-31T14:27:00.570+0000][gc,phases     ] GC(25)   Post Evacuate Collection Set: 1.5ms
[2025-10-31T14:27:00.570+0000][gc,phases     ] GC(25)   Other: 2.0ms
[2025-10-31T14:27:00.571+0000][gc,heap       ] GC(25) Eden regions: 25->0(24)
[2025-10-31T14:27:00.571+0000][gc,heap       ] GC(25) Survivor regions: 2->4(4)
[2025-10-31T14:27:00.571+0000][gc,heap       ] GC(25) Old regions: 26->26
[2025-10-31T14:27:00.571+0000][gc,heap       ] GC(25) Humongous regions: 138->138
[2025-10-31T14:27:00.572+0000][gc,metaspace  ] GC(25) Metaspace: 52618K(55472K)->52618K(55472K) NonClass: 46354K(47792K)->46354K(47792K) Class: 6263K(7680K)->6263K(7680K)
[2025-10-31T14:27:00.572+0000][gc            ] GC(25) Pause Young (Normal) (G1 Evacuation Pause) 190M->167M(512M) 25.989ms
[2025-10-31T14:27:00.572+0000][gc,cpu        ] GC(25) User=0.04s Sys=0.00s Real=0.02s
[2025-10-31T14:27:18.985+0000][gc,start      ] GC(26) Pause Young (Normal) (G1 Evacuation Pause)
[2025-10-31T14:27:18.985+0000][gc,task       ] GC(26) Using 2 workers of 2 for evacuation
[2025-10-31T14:27:18.997+0000][gc,phases     ] GC(26)   Pre Evacuate Collection Set: 0.0ms
[2025-10-31T14:27:18.998+0000][gc,phases     ] GC(26)   Evacuate Collection Set: 11.2ms
[2025-10-31T14:27:18.998+0000][gc,phases     ] GC(26)   Post Evacuate Collection Set: 0.9ms
[2025-10-31T14:27:18.998+0000][gc,phases     ] GC(26)   Other: 0.7ms
[2025-10-31T14:27:18.998+0000][gc,heap       ] GC(26) Eden regions: 21->0(24)
[2025-10-31T14:27:18.999+0000][gc,heap       ] GC(26) Survivor regions: 4->3(4)
[2025-10-31T14:27:18.999+0000][gc,heap       ] GC(26) Old regions: 26->29
[2025-10-31T14:27:18.999+0000][gc,heap       ] GC(26) Humongous regions: 138->138
[2025-10-31T14:27:18.999+0000][gc,metaspace  ] GC(26) Metaspace: 53149K(56112K)->53149K(56112K) NonClass: 46761K(48304K)->46761K(48304K) Class: 6388K(7808K)->6388K(7808K)
[2025-10-31T14:27:18.999+0000][gc            ] GC(26) Pause Young (Normal) (G1 Evacuation Pause) 188M->168M(512M) 14.858ms
[2025-10-31T14:27:19.000+0000][gc,cpu        ] GC(26) User=0.02s Sys=0.00s Real=0.01s
[2025-10-31T14:27:40.857+0000][gc,start      ] GC(27) Pause Young (Normal) (G1 Evacuation Pause)
[2025-10-31T14:27:40.857+0000][gc,task       ] GC(27) Using 2 workers of 2 for evacuation
[2025-10-31T14:27:40.868+0000][gc,phases     ] GC(27)   Pre Evacuate Collection Set: 0.0ms
[2025-10-31T14:27:40.868+0000][gc,phases     ] GC(27)   Evacuate Collection Set: 9.3ms
[2025-10-31T14:27:40.868+0000][gc,phases     ] GC(27)   Post Evacuate Collection Set: 0.9ms
[2025-10-31T14:27:40.869+0000][gc,phases     ] GC(27)   Other: 0.8ms
[2025-10-31T14:27:40.869+0000][gc,heap       ] GC(27) Eden regions: 22->0(26)
[2025-10-31T14:27:40.869+0000][gc,heap       ] GC(27) Survivor regions: 3->4(4)
[2025-10-31T14:27:40.869+0000][gc,heap       ] GC(27) Old regions: 29->29
[2025-10-31T14:27:40.870+0000][gc,heap       ] GC(27) Humongous regions: 138->138
[2025-10-31T14:27:40.870+0000][gc,metaspace  ] GC(27) Metaspace: 53302K(56368K)->53302K(56368K) NonClass: 46913K(48560K)->46913K(48560K) Class: 6388K(7808K)->6388K(7808K)
[2025-10-31T14:27:40.870+0000][gc            ] GC(27) Pause Young (Normal) (G1 Evacuation Pause) 190M->169M(512M) 13.718ms
[2025-10-31T14:27:40.871+0000][gc,cpu        ] GC(27) User=0.02s Sys=0.00s Real=0.01s
[2025-10-31T14:28:17.452+0000][gc,start      ] GC(28) Pause Young (Normal) (G1 Evacuation Pause)
[2025-10-31T14:28:17.452+0000][gc,task       ] GC(28) Using 2 workers of 2 for evacuation
[2025-10-31T14:28:17.464+0000][gc,phases     ] GC(28)   Pre Evacuate Collection Set: 0.0ms
[2025-10-31T14:28:17.464+0000][gc,phases     ] GC(28)   Evacuate Collection Set: 10.4ms
[2025-10-31T14:28:17.464+0000][gc,phases     ] GC(28)   Post Evacuate Collection Set: 0.8ms
[2025-10-31T14:28:17.465+0000][gc,phases     ] GC(28)   Other: 0.6ms
[2025-10-31T14:28:17.465+0000][gc,heap       ] GC(28) Eden regions: 22->0(27)
[2025-10-31T14:28:17.465+0000][gc,heap       ] GC(28) Survivor regions: 4->4(4)
[2025-10-31T14:28:17.465+0000][gc,heap       ] GC(28) Old regions: 29->30
[2025-10-31T14:28:17.465+0000][gc,heap       ] GC(28) Humongous regions: 138->138
[2025-10-31T14:28:17.465+0000][gc,metaspace  ] GC(28) Metaspace: 53377K(56368K)->53377K(56368K) NonClass: 46989K(48560K)->46989K(48560K) Class: 6388K(7808K)->6388K(7808K)
[2025-10-31T14:28:17.465+0000][gc            ] GC(28) Pause Young (Normal) (G1 Evacuation Pause) 191M->171M(512M) 13.371ms
[2025-10-31T14:28:17.466+0000][gc,cpu        ] GC(28) User=0.03s Sys=0.00s Real=0.01s
[2025-10-31T14:28:59.943+0000][gc,start      ] GC(29) Pause Young (Normal) (G1 Evacuation Pause)
[2025-10-31T14:28:59.943+0000][gc,task       ] GC(29) Using 2 workers of 2 for evacuation
[2025-10-31T14:28:59.965+0000][gc,mmu        ] GC(29) MMU target violated: 21.0ms (20.0ms/21.0ms)
[2025-10-31T14:28:59.965+0000][gc,phases     ] GC(29)   Pre Evacuate Collection Set: 0.1ms
[2025-10-31T14:28:59.966+0000][gc,phases     ] GC(29)   Evacuate Collection Set: 19.3ms
[2025-10-31T14:28:59.966+0000][gc,phases     ] GC(29)   Post Evacuate Collection Set: 1.1ms
[2025-10-31T14:28:59.966+0000][gc,phases     ] GC(29)   Other: 2.0ms
[2025-10-31T14:28:59.966+0000][gc,heap       ] GC(29) Eden regions: 24->0(27)
[2025-10-31T14:28:59.967+0000][gc,heap       ] GC(29) Survivor regions: 4->4(4)
[2025-10-31T14:28:59.967+0000][gc,heap       ] GC(29) Old regions: 30->33
[2025-10-31T14:28:59.967+0000][gc,heap       ] GC(29) Humongous regions: 138->138
[2025-10-31T14:28:59.968+0000][gc,metaspace  ] GC(29) Metaspace: 53383K(56368K)->53383K(56368K) NonClass: 46994K(48560K)->46994K(48560K) Class: 6388K(7808K)->6388K(7808K)
[2025-10-31T14:28:59.968+0000][gc            ] GC(29) Pause Young (Normal) (G1 Evacuation Pause) 195M->173M(512M) 25.307ms
[2025-10-31T14:28:59.968+0000][gc,cpu        ] GC(29) User=0.04s Sys=0.00s Real=0.03s
[2025-10-31T14:29:37.944+0000][gc,start      ] GC(30) Pause Young (Normal) (G1 Evacuation Pause)
[2025-10-31T14:29:37.944+0000][gc,task       ] GC(30) Using 2 workers of 2 for evacuation
[2025-10-31T14:29:37.959+0000][gc,phases     ] GC(30)   Pre Evacuate Collection Set: 0.0ms
[2025-10-31T14:29:37.959+0000][gc,phases     ] GC(30)   Evacuate Collection Set: 13.1ms
[2025-10-31T14:29:37.959+0000][gc,phases     ] GC(30)   Post Evacuate Collection Set: 1.0ms
[2025-10-31T14:29:37.959+0000][gc,phases     ] GC(30)   Other: 0.7ms
[2025-10-31T14:29:37.960+0000][gc,heap       ] GC(30) Eden regions: 21->0(28)
[2025-10-31T14:29:37.960+0000][gc,heap       ] GC(30) Survivor regions: 4->3(4)
[2025-10-31T14:29:37.960+0000][gc,heap       ] GC(30) Old regions: 33->34
[2025-10-31T14:29:37.960+0000][gc,heap       ] GC(30) Humongous regions: 138->138
[2025-10-31T14:29:37.961+0000][gc,metaspace  ] GC(30) Metaspace: 53418K(56368K)->53418K(56368K) NonClass: 47029K(48560K)->47029K(48560K) Class: 6388K(7808K)->6388K(7808K)
[2025-10-31T14:29:37.961+0000][gc            ] GC(30) Pause Young (Normal) (G1 Evacuation Pause) 194M->174M(512M) 17.266ms
[2025-10-31T14:29:37.961+0000][gc,cpu        ] GC(30) User=0.02s Sys=0.00s Real=0.02s
[2025-10-31T14:30:18.026+0000][gc,start      ] GC(31) Pause Young (Normal) (G1 Evacuation Pause)
[2025-10-31T14:30:18.026+0000][gc,task       ] GC(31) Using 2 workers of 2 for evacuation
[2025-10-31T14:30:18.039+0000][gc,phases     ] GC(31)   Pre Evacuate Collection Set: 0.0ms
[2025-10-31T14:30:18.039+0000][gc,phases     ] GC(31)   Evacuate Collection Set: 11.2ms
[2025-10-31T14:30:18.039+0000][gc,phases     ] GC(31)   Post Evacuate Collection Set: 0.8ms
[2025-10-31T14:30:18.039+0000][gc,phases     ] GC(31)   Other: 0.8ms
[2025-10-31T14:30:18.040+0000][gc,heap       ] GC(31) Eden regions: 22->0(34)
[2025-10-31T14:30:18.040+0000][gc,heap       ] GC(31) Survivor regions: 3->3(4)
[2025-10-31T14:30:18.040+0000][gc,heap       ] GC(31) Old regions: 34->36
[2025-10-31T14:30:18.040+0000][gc,heap       ] GC(31) Humongous regions: 138->138
[2025-10-31T14:30:18.040+0000][gc,metaspace  ] GC(31) Metaspace: 53419K(56368K)->53419K(56368K) NonClass: 47030K(48560K)->47030K(48560K) Class: 6388K(7808K)->6388K(7808K)
[2025-10-31T14:30:18.040+0000][gc            ] GC(31) Pause Young (Normal) (G1 Evacuation Pause) 196M->176M(512M) 14.510ms
[2025-10-31T14:30:18.042+0000][gc,cpu        ] GC(31) User=0.02s Sys=0.00s Real=0.02s
[2025-10-31T14:30:57.813+0000][gc,start      ] GC(32) Pause Young (Normal) (G1 Evacuation Pause)
[2025-10-31T14:30:57.813+0000][gc,task       ] GC(32) Using 2 workers of 2 for evacuation
[2025-10-31T14:30:57.823+0000][gc,phases     ] GC(32)   Pre Evacuate Collection Set: 0.0ms
[2025-10-31T14:30:57.823+0000][gc,phases     ] GC(32)   Evacuate Collection Set: 8.6ms
[2025-10-31T14:30:57.823+0000][gc,phases     ] GC(32)   Post Evacuate Collection Set: 0.7ms
[2025-10-31T14:30:57.824+0000][gc,phases     ] GC(32)   Other: 0.5ms
[2025-10-31T14:30:57.824+0000][gc,heap       ] GC(32) Eden regions: 22->0(42)
[2025-10-31T14:30:57.824+0000][gc,heap       ] GC(32) Survivor regions: 3->3(4)
[2025-10-31T14:30:57.824+0000][gc,heap       ] GC(32) Old regions: 36->37
[2025-10-31T14:30:57.824+0000][gc,heap       ] GC(32) Humongous regions: 138->138
[2025-10-31T14:30:57.824+0000][gc,metaspace  ] GC(32) Metaspace: 53420K(56368K)->53420K(56368K) NonClass: 47031K(48560K)->47031K(48560K) Class: 6388K(7808K)->6388K(7808K)
[2025-10-31T14:30:57.824+0000][gc            ] GC(32) Pause Young (Normal) (G1 Evacuation Pause) 198M->177M(512M) 11.094ms
[2025-10-31T14:30:57.824+0000][gc,cpu        ] GC(32) User=0.02s Sys=0.00s Real=0.01s
[2025-10-31T14:31:52.555+0000][gc,start      ] GC(33) Pause Young (Normal) (G1 Evacuation Pause)
[2025-10-31T14:31:52.555+0000][gc,task       ] GC(33) Using 2 workers of 2 for evacuation
[2025-10-31T14:31:52.566+0000][gc,phases     ] GC(33)   Pre Evacuate Collection Set: 0.0ms
[2025-10-31T14:31:52.567+0000][gc,phases     ] GC(33)   Evacuate Collection Set: 10.3ms
[2025-10-31T14:31:52.567+0000][gc,phases     ] GC(33)   Post Evacuate Collection Set: 0.6ms
[2025-10-31T14:31:52.567+0000][gc,phases     ] GC(33)   Other: 0.8ms
[2025-10-31T14:31:52.567+0000][gc,heap       ] GC(33) Eden regions: 30->0(35)
[2025-10-31T14:31:52.567+0000][gc,heap       ] GC(33) Survivor regions: 3->5(5)
[2025-10-31T14:31:52.567+0000][gc,heap       ] GC(33) Old regions: 37->37
[2025-10-31T14:31:52.567+0000][gc,heap       ] GC(33) Humongous regions: 138->138
[2025-10-31T14:31:52.567+0000][gc,metaspace  ] GC(33) Metaspace: 53428K(56624K)->53428K(56624K) NonClass: 47039K(48816K)->47039K(48816K) Class: 6388K(7808K)->6388K(7808K)
[2025-10-31T14:31:52.568+0000][gc            ] GC(33) Pause Young (Normal) (G1 Evacuation Pause) 207M->179M(512M) 12.866ms
[2025-10-31T14:31:52.568+0000][gc,cpu        ] GC(33) User=0.03s Sys=0.00s Real=0.01s
[2025-10-31T14:32:55.737+0000][gc,start      ] GC(34) Pause Young (Normal) (G1 Evacuation Pause)
[2025-10-31T14:32:55.737+0000][gc,task       ] GC(34) Using 2 workers of 2 for evacuation
[2025-10-31T14:32:55.752+0000][gc,phases     ] GC(34)   Pre Evacuate Collection Set: 0.0ms
[2025-10-31T14:32:55.752+0000][gc,phases     ] GC(34)   Evacuate Collection Set: 13.3ms
[2025-10-31T14:32:55.752+0000][gc,phases     ] GC(34)   Post Evacuate Collection Set: 0.6ms
[2025-10-31T14:32:55.752+0000][gc,phases     ] GC(34)   Other: 0.8ms
[2025-10-31T14:32:55.753+0000][gc,heap       ] GC(34) Eden regions: 35->0(37)
[2025-10-31T14:32:55.753+0000][gc,heap       ] GC(34) Survivor regions: 5->3(5)
[2025-10-31T14:32:55.753+0000][gc,heap       ] GC(34) Old regions: 37->40
[2025-10-31T14:32:55.753+0000][gc,heap       ] GC(34) Humongous regions: 138->138
[2025-10-31T14:32:55.753+0000][gc,metaspace  ] GC(34) Metaspace: 53451K(56624K)->53451K(56624K) NonClass: 47062K(48816K)->47062K(48816K) Class: 6388K(7808K)->6388K(7808K)
[2025-10-31T14:32:55.754+0000][gc            ] GC(34) Pause Young (Normal) (G1 Evacuation Pause) 214M->180M(512M) 16.784ms
[2025-10-31T14:32:55.754+0000][gc,cpu        ] GC(34) User=0.03s Sys=0.00s Real=0.02s
[2025-10-31T14:33:59.051+0000][gc,start      ] GC(35) Pause Young (Normal) (G1 Evacuation Pause)
[2025-10-31T14:33:59.051+0000][gc,task       ] GC(35) Using 2 workers of 2 for evacuation
[2025-10-31T14:33:59.063+0000][gc,phases     ] GC(35)   Pre Evacuate Collection Set: 0.0ms
[2025-10-31T14:33:59.063+0000][gc,phases     ] GC(35)   Evacuate Collection Set: 10.7ms
[2025-10-31T14:33:59.063+0000][gc,phases     ] GC(35)   Post Evacuate Collection Set: 0.7ms
[2025-10-31T14:33:59.063+0000][gc,phases     ] GC(35)   Other: 0.6ms
[2025-10-31T14:33:59.063+0000][gc,heap       ] GC(35) Eden regions: 35->0(38)
[2025-10-31T14:33:59.063+0000][gc,heap       ] GC(35) Survivor regions: 3->4(5)
[2025-10-31T14:33:59.063+0000][gc,heap       ] GC(35) Old regions: 40->42
[2025-10-31T14:33:59.064+0000][gc,heap       ] GC(35) Humongous regions: 138->138
[2025-10-31T14:33:59.064+0000][gc,metaspace  ] GC(35) Metaspace: 53481K(56624K)->53481K(56624K) NonClass: 47092K(48816K)->47092K(48816K) Class: 6388K(7808K)->6388K(7808K)
[2025-10-31T14:33:59.064+0000][gc            ] GC(35) Pause Young (Normal) (G1 Evacuation Pause) 215M->183M(512M) 13.188ms
[2025-10-31T14:33:59.064+0000][gc,cpu        ] GC(35) User=0.03s Sys=0.00s Real=0.02s
[2025-10-31T14:35:08.416+0000][gc,start      ] GC(36) Pause Young (Concurrent Start) (G1 Evacuation Pause)
[2025-10-31T14:35:08.416+0000][gc,task       ] GC(36) Using 2 workers of 2 for evacuation
[2025-10-31T14:35:08.430+0000][gc,phases     ] GC(36)   Pre Evacuate Collection Set: 0.3ms
[2025-10-31T14:35:08.430+0000][gc,phases     ] GC(36)   Evacuate Collection Set: 12.2ms
[2025-10-31T14:35:08.430+0000][gc,phases     ] GC(36)   Post Evacuate Collection Set: 0.8ms
[2025-10-31T14:35:08.430+0000][gc,phases     ] GC(36)   Other: 0.6ms
[2025-10-31T14:35:08.430+0000][gc,heap       ] GC(36) Eden regions: 38->0(45)
[2025-10-31T14:35:08.430+0000][gc,heap       ] GC(36) Survivor regions: 4->4(6)
[2025-10-31T14:35:08.431+0000][gc,heap       ] GC(36) Old regions: 42->44
[2025-10-31T14:35:08.431+0000][gc,heap       ] GC(36) Humongous regions: 138->138
[2025-10-31T14:35:08.431+0000][gc,metaspace  ] GC(36) Metaspace: 53485K(56624K)->53485K(56624K) NonClass: 47096K(48816K)->47096K(48816K) Class: 6388K(7808K)->6388K(7808K)
[2025-10-31T14:35:08.431+0000][gc            ] GC(36) Pause Young (Concurrent Start) (G1 Evacuation Pause) 221M->184M(512M) 15.173ms
[2025-10-31T14:35:08.431+0000][gc,cpu        ] GC(36) User=0.03s Sys=0.00s Real=0.01s
[2025-10-31T14:35:08.431+0000][gc            ] GC(37) Concurrent Cycle
[2025-10-31T14:35:08.432+0000][gc,marking    ] GC(37) Concurrent Clear Claimed Marks
[2025-10-31T14:35:08.432+0000][gc,marking    ] GC(37) Concurrent Clear Claimed Marks 0.450ms
[2025-10-31T14:35:08.432+0000][gc,marking    ] GC(37) Concurrent Scan Root Regions
[2025-10-31T14:35:08.436+0000][gc,marking    ] GC(37) Concurrent Scan Root Regions 4.192ms
[2025-10-31T14:35:08.440+0000][gc,marking    ] GC(37) Concurrent Mark (1378.755s)
[2025-10-31T14:35:08.440+0000][gc,marking    ] GC(37) Concurrent Mark From Roots
[2025-10-31T14:35:08.441+0000][gc,task       ] GC(37) Using 1 workers of 1 for marking
[2025-10-31T14:35:08.474+0000][gc,marking    ] GC(37) Concurrent Mark From Roots 33.863ms
[2025-10-31T14:35:08.475+0000][gc,marking    ] GC(37) Concurrent Preclean
[2025-10-31T14:35:08.475+0000][gc,marking    ] GC(37) Concurrent Preclean 0.328ms
[2025-10-31T14:35:08.475+0000][gc,marking    ] GC(37) Concurrent Mark (1378.755s, 1378.790s) 34.921ms
[2025-10-31T14:35:08.475+0000][gc,start      ] GC(37) Pause Remark
[2025-10-31T14:35:08.490+0000][gc,stringtable] GC(37) Cleaned string and symbol table, strings: 16524 processed, 293 removed, symbols: 123951 processed, 8 removed
[2025-10-31T14:35:08.492+0000][gc            ] GC(37) Pause Remark 184M->184M(512M) 16.231ms
[2025-10-31T14:35:08.492+0000][gc,cpu        ] GC(37) User=0.03s Sys=0.00s Real=0.01s
[2025-10-31T14:35:08.492+0000][gc,marking    ] GC(37) Concurrent Rebuild Remembered Sets
[2025-10-31T14:35:08.513+0000][gc,marking    ] GC(37) Concurrent Rebuild Remembered Sets 20.755ms
[2025-10-31T14:35:08.514+0000][gc,start      ] GC(37) Pause Cleanup
[2025-10-31T14:35:08.514+0000][gc            ] GC(37) Pause Cleanup 185M->185M(512M) 0.533ms
[2025-10-31T14:35:08.514+0000][gc,cpu        ] GC(37) User=0.00s Sys=0.00s Real=0.00s
[2025-10-31T14:35:08.515+0000][gc,marking    ] GC(37) Concurrent Cleanup for Next Mark
[2025-10-31T14:35:08.515+0000][gc,marking    ] GC(37) Concurrent Cleanup for Next Mark 0.849ms
[2025-10-31T14:35:08.516+0000][gc            ] GC(37) Concurrent Cycle 84.179ms
[2025-10-31T14:36:31.202+0000][gc,start      ] GC(38) Pause Young (Normal) (G1 Evacuation Pause)
[2025-10-31T14:36:31.202+0000][gc,task       ] GC(38) Using 2 workers of 2 for evacuation
[2025-10-31T14:36:31.220+0000][gc,phases     ] GC(38)   Pre Evacuate Collection Set: 0.0ms
[2025-10-31T14:36:31.220+0000][gc,phases     ] GC(38)   Evacuate Collection Set: 16.1ms
[2025-10-31T14:36:31.221+0000][gc,phases     ] GC(38)   Post Evacuate Collection Set: 1.0ms
[2025-10-31T14:36:31.221+0000][gc,phases     ] GC(38)   Other: 0.8ms
[2025-10-31T14:36:31.221+0000][gc,heap       ] GC(38) Eden regions: 45->0(51)
[2025-10-31T14:36:31.222+0000][gc,heap       ] GC(38) Survivor regions: 4->6(7)
[2025-10-31T14:36:31.222+0000][gc,heap       ] GC(38) Old regions: 44->44
[2025-10-31T14:36:31.222+0000][gc,heap       ] GC(38) Humongous regions: 138->138
[2025-10-31T14:36:31.223+0000][gc,metaspace  ] GC(38) Metaspace: 52146K(56624K)->52146K(56624K) NonClass: 46284K(48816K)->46284K(48816K) Class: 5861K(7808K)->5861K(7808K)
[2025-10-31T14:36:31.223+0000][gc            ] GC(38) Pause Young (Normal) (G1 Evacuation Pause) 229M->187M(512M) 21.100ms
[2025-10-31T14:36:31.225+0000][gc,cpu        ] GC(38) User=0.03s Sys=0.00s Real=0.03s
[2025-10-31T14:38:04.056+0000][gc,start      ] GC(39) Pause Young (Concurrent Start) (G1 Evacuation Pause)
[2025-10-31T14:38:04.057+0000][gc,task       ] GC(39) Using 2 workers of 2 for evacuation
[2025-10-31T14:38:04.074+0000][gc,phases     ] GC(39)   Pre Evacuate Collection Set: 0.2ms
[2025-10-31T14:38:04.074+0000][gc,phases     ] GC(39)   Evacuate Collection Set: 15.8ms
[2025-10-31T14:38:04.074+0000][gc,phases     ] GC(39)   Post Evacuate Collection Set: 0.7ms
[2025-10-31T14:38:04.074+0000][gc,phases     ] GC(39)   Other: 0.7ms
[2025-10-31T14:38:04.074+0000][gc,heap       ] GC(39) Eden regions: 51->0(50)
[2025-10-31T14:38:04.075+0000][gc,heap       ] GC(39) Survivor regions: 6->7(8)
[2025-10-31T14:38:04.075+0000][gc,heap       ] GC(39) Old regions: 44->46
[2025-10-31T14:38:04.075+0000][gc,heap       ] GC(39) Humongous regions: 138->138
[2025-10-31T14:38:04.075+0000][gc,metaspace  ] GC(39) Metaspace: 52163K(56624K)->52163K(56624K) NonClass: 46299K(48816K)->46299K(48816K) Class: 5863K(7808K)->5863K(7808K)
[2025-10-31T14:38:04.075+0000][gc            ] GC(39) Pause Young (Concurrent Start) (G1 Evacuation Pause) 238M->190M(512M) 18.906ms
[2025-10-31T14:38:04.075+0000][gc,cpu        ] GC(39) User=0.03s Sys=0.00s Real=0.02s
[2025-10-31T14:38:04.076+0000][gc            ] GC(40) Concurrent Cycle
[2025-10-31T14:38:04.076+0000][gc,marking    ] GC(40) Concurrent Clear Claimed Marks
[2025-10-31T14:38:04.076+0000][gc,marking    ] GC(40) Concurrent Clear Claimed Marks 0.460ms
[2025-10-31T14:38:04.077+0000][gc,marking    ] GC(40) Concurrent Scan Root Regions
[2025-10-31T14:38:04.083+0000][gc,marking    ] GC(40) Concurrent Scan Root Regions 6.336ms
[2025-10-31T14:38:04.084+0000][gc,marking    ] GC(40) Concurrent Mark (1554.398s)
[2025-10-31T14:38:04.084+0000][gc,marking    ] GC(40) Concurrent Mark From Roots
[2025-10-31T14:38:04.084+0000][gc,task       ] GC(40) Using 1 workers of 1 for marking
[2025-10-31T14:38:04.118+0000][gc,marking    ] GC(40) Concurrent Mark From Roots 33.846ms
[2025-10-31T14:38:04.118+0000][gc,marking    ] GC(40) Concurrent Preclean
[2025-10-31T14:38:04.118+0000][gc,marking    ] GC(40) Concurrent Preclean 0.315ms
[2025-10-31T14:38:04.118+0000][gc,marking    ] GC(40) Concurrent Mark (1554.398s, 1554.432s) 34.727ms
[2025-10-31T14:38:04.119+0000][gc,start      ] GC(40) Pause Remark
[2025-10-31T14:38:04.129+0000][gc,stringtable] GC(40) Cleaned string and symbol table, strings: 16256 processed, 0 removed, symbols: 123946 processed, 321 removed
[2025-10-31T14:38:04.130+0000][gc            ] GC(40) Pause Remark 191M->191M(512M) 11.368ms
[2025-10-31T14:38:04.130+0000][gc,cpu        ] GC(40) User=0.02s Sys=0.00s Real=0.01s
[2025-10-31T14:38:04.131+0000][gc,marking    ] GC(40) Concurrent Rebuild Remembered Sets
[2025-10-31T14:38:04.150+0000][gc,marking    ] GC(40) Concurrent Rebuild Remembered Sets 19.579ms
[2025-10-31T14:38:04.151+0000][gc,start      ] GC(40) Pause Cleanup
[2025-10-31T14:38:04.151+0000][gc            ] GC(40) Pause Cleanup 191M->191M(512M) 0.425ms
[2025-10-31T14:38:04.151+0000][gc,cpu        ] GC(40) User=0.00s Sys=0.00s Real=0.00s
[2025-10-31T14:38:04.152+0000][gc,marking    ] GC(40) Concurrent Cleanup for Next Mark
[2025-10-31T14:38:04.152+0000][gc,marking    ] GC(40) Concurrent Cleanup for Next Mark 0.764ms
[2025-10-31T14:38:04.153+0000][gc            ] GC(40) Concurrent Cycle 76.842ms
[2025-10-31T14:39:36.704+0000][gc,start      ] GC(41) Pause Young (Prepare Mixed) (G1 Evacuation Pause)
[2025-10-31T14:39:36.705+0000][gc,task       ] GC(41) Using 2 workers of 2 for evacuation
[2025-10-31T14:39:36.724+0000][gc,phases     ] GC(41)   Pre Evacuate Collection Set: 0.0ms
[2025-10-31T14:39:36.724+0000][gc,phases     ] GC(41)   Evacuate Collection Set: 18.1ms
[2025-10-31T14:39:36.725+0000][gc,phases     ] GC(41)   Post Evacuate Collection Set: 0.9ms
[2025-10-31T14:39:36.725+0000][gc,phases     ] GC(41)   Other: 0.7ms
[2025-10-31T14:39:36.725+0000][gc,heap       ] GC(41) Eden regions: 50->0(20)
[2025-10-31T14:39:36.725+0000][gc,heap       ] GC(41) Survivor regions: 7->5(8)
[2025-10-31T14:39:36.725+0000][gc,heap       ] GC(41) Old regions: 46->51
[2025-10-31T14:39:36.726+0000][gc,heap       ] GC(41) Humongous regions: 138->138
[2025-10-31T14:39:36.726+0000][gc,metaspace  ] GC(41) Metaspace: 52163K(56624K)->52163K(56624K) NonClass: 46300K(48816K)->46300K(48816K) Class: 5863K(7808K)->5863K(7808K)
[2025-10-31T14:39:36.726+0000][gc            ] GC(41) Pause Young (Prepare Mixed) (G1 Evacuation Pause) 240M->193M(512M) 21.542ms
[2025-10-31T14:39:36.726+0000][gc,cpu        ] GC(41) User=0.03s Sys=0.00s Real=0.02s
[2025-10-31T14:40:12.723+0000][gc,start      ] GC(42) Pause Young (Mixed) (G1 Evacuation Pause)
[2025-10-31T14:40:12.724+0000][gc,task       ] GC(42) Using 2 workers of 2 for evacuation
[2025-10-31T14:40:12.736+0000][gc,phases     ] GC(42)   Pre Evacuate Collection Set: 0.0ms
[2025-10-31T14:40:12.736+0000][gc,phases     ] GC(42)   Evacuate Collection Set: 11.0ms
[2025-10-31T14:40:12.736+0000][gc,phases     ] GC(42)   Post Evacuate Collection Set: 0.7ms
[2025-10-31T14:40:12.736+0000][gc,phases     ] GC(42)   Other: 0.7ms
[2025-10-31T14:40:12.737+0000][gc,heap       ] GC(42) Eden regions: 20->0(53)
[2025-10-31T14:40:12.737+0000][gc,heap       ] GC(42) Survivor regions: 5->3(4)
[2025-10-31T14:40:12.737+0000][gc,heap       ] GC(42) Old regions: 51->53
[2025-10-31T14:40:12.737+0000][gc,heap       ] GC(42) Humongous regions: 138->138
[2025-10-31T14:40:12.737+0000][gc,metaspace  ] GC(42) Metaspace: 52163K(56624K)->52163K(56624K) NonClass: 46300K(48816K)->46300K(48816K) Class: 5863K(7808K)->5863K(7808K)
[2025-10-31T14:40:12.737+0000][gc            ] GC(42) Pause Young (Mixed) (G1 Evacuation Pause) 213M->193M(512M) 14.153ms
[2025-10-31T14:40:12.738+0000][gc,cpu        ] GC(42) User=0.02s Sys=0.00s Real=0.02s
[2025-10-31T14:41:51.011+0000][gc,start      ] GC(43) Pause Young (Concurrent Start) (G1 Evacuation Pause)
[2025-10-31T14:41:51.011+0000][gc,task       ] GC(43) Using 2 workers of 2 for evacuation
[2025-10-31T14:41:51.022+0000][gc,phases     ] GC(43)   Pre Evacuate Collection Set: 0.3ms
[2025-10-31T14:41:51.023+0000][gc,phases     ] GC(43)   Evacuate Collection Set: 9.7ms
[2025-10-31T14:41:51.023+0000][gc,phases     ] GC(43)   Post Evacuate Collection Set: 0.7ms
[2025-10-31T14:41:51.023+0000][gc,phases     ] GC(43)   Other: 0.9ms
[2025-10-31T14:41:51.023+0000][gc,heap       ] GC(43) Eden regions: 53->0(55)
[2025-10-31T14:41:51.023+0000][gc,heap       ] GC(43) Survivor regions: 3->5(7)
[2025-10-31T14:41:51.024+0000][gc,heap       ] GC(43) Old regions: 53->53
[2025-10-31T14:41:51.024+0000][gc,heap       ] GC(43) Humongous regions: 138->138
[2025-10-31T14:41:51.024+0000][gc,metaspace  ] GC(43) Metaspace: 52166K(56624K)->52166K(56624K) NonClass: 46302K(48816K)->46302K(48816K) Class: 5863K(7808K)->5863K(7808K)
[2025-10-31T14:41:51.024+0000][gc            ] GC(43) Pause Young (Concurrent Start) (G1 Evacuation Pause) 246M->195M(512M) 13.135ms
[2025-10-31T14:41:51.024+0000][gc,cpu        ] GC(43) User=0.02s Sys=0.00s Real=0.01s
[2025-10-31T14:41:51.024+0000][gc            ] GC(44) Concurrent Cycle
[2025-10-31T14:41:51.025+0000][gc,marking    ] GC(44) Concurrent Clear Claimed Marks
[2025-10-31T14:41:51.025+0000][gc,marking    ] GC(44) Concurrent Clear Claimed Marks 0.337ms
[2025-10-31T14:41:51.025+0000][gc,marking    ] GC(44) Concurrent Scan Root Regions
[2025-10-31T14:41:51.029+0000][gc,marking    ] GC(44) Concurrent Scan Root Regions 3.341ms
[2025-10-31T14:41:51.029+0000][gc,marking    ] GC(44) Concurrent Mark (1781.358s)
[2025-10-31T14:41:51.029+0000][gc,marking    ] GC(44) Concurrent Mark From Roots
[2025-10-31T14:41:51.029+0000][gc,task       ] GC(44) Using 1 workers of 1 for marking
[2025-10-31T14:41:51.055+0000][gc,marking    ] GC(44) Concurrent Mark From Roots 26.415ms
[2025-10-31T14:41:51.055+0000][gc,marking    ] GC(44) Concurrent Preclean
[2025-10-31T14:41:51.056+0000][gc,marking    ] GC(44) Concurrent Preclean 0.294ms
[2025-10-31T14:41:51.056+0000][gc,marking    ] GC(44) Concurrent Mark (1781.358s, 1781.385s) 27.279ms
[2025-10-31T14:41:51.056+0000][gc,start      ] GC(44) Pause Remark
[2025-10-31T14:41:51.065+0000][gc,stringtable] GC(44) Cleaned string and symbol table, strings: 16302 processed, 6 removed, symbols: 123625 processed, 0 removed
[2025-10-31T14:41:51.065+0000][gc            ] GC(44) Pause Remark 196M->196M(512M) 9.007ms
[2025-10-31T14:41:51.066+0000][gc,cpu        ] GC(44) User=0.02s Sys=0.00s Real=0.01s
[2025-10-31T14:41:51.066+0000][gc,marking    ] GC(44) Concurrent Rebuild Remembered Sets
[2025-10-31T14:41:51.082+0000][gc,marking    ] GC(44) Concurrent Rebuild Remembered Sets 16.002ms
[2025-10-31T14:41:51.082+0000][gc,start      ] GC(44) Pause Cleanup
[2025-10-31T14:41:51.083+0000][gc            ] GC(44) Pause Cleanup 196M->196M(512M) 0.469ms
[2025-10-31T14:41:51.083+0000][gc,cpu        ] GC(44) User=0.00s Sys=0.00s Real=0.00s
[2025-10-31T14:41:51.083+0000][gc,marking    ] GC(44) Concurrent Cleanup for Next Mark
[2025-10-31T14:41:51.084+0000][gc,marking    ] GC(44) Concurrent Cleanup for Next Mark 0.809ms
[2025-10-31T14:41:51.084+0000][gc            ] GC(44) Concurrent Cycle 59.861ms
[2025-10-31T14:43:12.487+0000][gc,start      ] GC(45) Pause Young (Prepare Mixed) (G1 Evacuation Pause)
[2025-10-31T14:43:12.487+0000][gc,task       ] GC(45) Using 2 workers of 2 for evacuation
[2025-10-31T14:43:12.503+0000][gc,phases     ] GC(45)   Pre Evacuate Collection Set: 0.0ms
[2025-10-31T14:43:12.503+0000][gc,phases     ] GC(45)   Evacuate Collection Set: 14.7ms
[2025-10-31T14:43:12.503+0000][gc,phases     ] GC(45)   Post Evacuate Collection Set: 0.8ms
[2025-10-31T14:43:12.503+0000][gc,phases     ] GC(45)   Other: 0.7ms
[2025-10-31T14:43:12.504+0000][gc,heap       ] GC(45) Eden regions: 55->0(19)
[2025-10-31T14:43:12.504+0000][gc,heap       ] GC(45) Survivor regions: 5->6(8)
[2025-10-31T14:43:12.504+0000][gc,heap       ] GC(45) Old regions: 53->54
[2025-10-31T14:43:12.504+0000][gc,heap       ] GC(45) Humongous regions: 138->138
[2025-10-31T14:43:12.504+0000][gc,metaspace  ] GC(45) Metaspace: 52233K(56624K)->52233K(56624K) NonClass: 46368K(48816K)->46368K(48816K) Class: 5864K(7808K)->5864K(7808K)
[2025-10-31T14:43:12.504+0000][gc            ] GC(45) Pause Young (Prepare Mixed) (G1 Evacuation Pause) 250M->197M(512M) 17.704ms
[2025-10-31T14:43:12.504+0000][gc,cpu        ] GC(45) User=0.03s Sys=0.00s Real=0.02s
[2025-10-31T14:43:40.632+0000][gc,start      ] GC(46) Pause Young (Mixed) (G1 Evacuation Pause)
[2025-10-31T14:43:40.632+0000][gc,task       ] GC(46) Using 2 workers of 2 for evacuation
[2025-10-31T14:43:40.646+0000][gc,phases     ] GC(46)   Pre Evacuate Collection Set: 0.0ms
[2025-10-31T14:43:40.646+0000][gc,phases     ] GC(46)   Evacuate Collection Set: 12.5ms
[2025-10-31T14:43:40.646+0000][gc,phases     ] GC(46)   Post Evacuate Collection Set: 0.7ms
[2025-10-31T14:43:40.646+0000][gc,phases     ] GC(46)   Other: 0.6ms
[2025-10-31T14:43:40.647+0000][gc,heap       ] GC(46) Eden regions: 19->0(22)
[2025-10-31T14:43:40.647+0000][gc,heap       ] GC(46) Survivor regions: 6->3(4)
[2025-10-31T14:43:40.647+0000][gc,heap       ] GC(46) Old regions: 54->54
[2025-10-31T14:43:40.647+0000][gc,heap       ] GC(46) Humongous regions: 138->138
[2025-10-31T14:43:40.647+0000][gc,metaspace  ] GC(46) Metaspace: 52250K(56624K)->52250K(56624K) NonClass: 46385K(48816K)->46385K(48816K) Class: 5864K(7808K)->5864K(7808K)
[2025-10-31T14:43:40.648+0000][gc            ] GC(46) Pause Young (Mixed) (G1 Evacuation Pause) 216M->194M(512M) 15.751ms
[2025-10-31T14:43:40.648+0000][gc,cpu        ] GC(46) User=0.03s Sys=0.00s Real=0.02s
[2025-10-31T14:43:59.275+0000][gc,start      ] GC(47) Pause Young (Mixed) (G1 Evacuation Pause)
[2025-10-31T14:43:59.275+0000][gc,task       ] GC(47) Using 2 workers of 2 for evacuation
[2025-10-31T14:43:59.289+0000][gc,phases     ] GC(47)   Pre Evacuate Collection Set: 0.0ms
[2025-10-31T14:43:59.290+0000][gc,phases     ] GC(47)   Evacuate Collection Set: 12.9ms
[2025-10-31T14:43:59.290+0000][gc,phases     ] GC(47)   Post Evacuate Collection Set: 0.6ms
[2025-10-31T14:43:59.290+0000][gc,phases     ] GC(47)   Other: 0.7ms
[2025-10-31T14:43:59.290+0000][gc,heap       ] GC(47) Eden regions: 22->0(73)
[2025-10-31T14:43:59.290+0000][gc,heap       ] GC(47) Survivor regions: 3->3(4)
[2025-10-31T14:43:59.290+0000][gc,heap       ] GC(47) Old regions: 54->52
[2025-10-31T14:43:59.291+0000][gc,heap       ] GC(47) Humongous regions: 138->138
[2025-10-31T14:43:59.291+0000][gc,metaspace  ] GC(47) Metaspace: 52281K(56624K)->52281K(56624K) NonClass: 46416K(48816K)->46416K(48816K) Class: 5864K(7808K)->5864K(7808K)
[2025-10-31T14:43:59.291+0000][gc            ] GC(47) Pause Young (Mixed) (G1 Evacuation Pause) 216M->192M(512M) 15.816ms
[2025-10-31T14:43:59.291+0000][gc,cpu        ] GC(47) User=0.03s Sys=0.00s Real=0.02s
[2025-10-31T14:45:16.178+0000][gc,start      ] GC(48) Pause Young (Concurrent Start) (G1 Evacuation Pause)
[2025-10-31T14:45:16.178+0000][gc,task       ] GC(48) Using 2 workers of 2 for evacuation
[2025-10-31T14:45:16.189+0000][gc,phases     ] GC(48)   Pre Evacuate Collection Set: 0.2ms
[2025-10-31T14:45:16.190+0000][gc,phases     ] GC(48)   Evacuate Collection Set: 10.0ms
[2025-10-31T14:45:16.190+0000][gc,phases     ] GC(48)   Post Evacuate Collection Set: 0.7ms
[2025-10-31T14:45:16.190+0000][gc,phases     ] GC(48)   Other: 0.7ms
[2025-10-31T14:45:16.190+0000][gc,heap       ] GC(48) Eden regions: 55->0(67)
[2025-10-31T14:45:16.190+0000][gc,heap       ] GC(48) Survivor regions: 3->6(8)
[2025-10-31T14:45:16.190+0000][gc,heap       ] GC(48) Old regions: 52->52
[2025-10-31T14:45:16.191+0000][gc,heap       ] GC(48) Humongous regions: 138->138
[2025-10-31T14:45:16.191+0000][gc,metaspace  ] GC(48) Metaspace: 52398K(56880K)->52398K(56880K) NonClass: 46533K(49072K)->46533K(49072K) Class: 5864K(7808K)->5864K(7808K)
[2025-10-31T14:45:16.191+0000][gc            ] GC(48) Pause Young (Concurrent Start) (G1 Evacuation Pause) 247M->195M(512M) 13.375ms
[2025-10-31T14:45:16.191+0000][gc,cpu        ] GC(48) User=0.02s Sys=0.00s Real=0.01s
[2025-10-31T14:45:16.192+0000][gc            ] GC(49) Concurrent Cycle
[2025-10-31T14:45:16.192+0000][gc,marking    ] GC(49) Concurrent Clear Claimed Marks
[2025-10-31T14:45:16.192+0000][gc,marking    ] GC(49) Concurrent Clear Claimed Marks 0.463ms
[2025-10-31T14:45:16.193+0000][gc,marking    ] GC(49) Concurrent Scan Root Regions
[2025-10-31T14:45:16.197+0000][gc,marking    ] GC(49) Concurrent Scan Root Regions 4.191ms
[2025-10-31T14:45:16.197+0000][gc,marking    ] GC(49) Concurrent Mark (1986.527s)
[2025-10-31T14:45:16.197+0000][gc,marking    ] GC(49) Concurrent Mark From Roots
[2025-10-31T14:45:16.197+0000][gc,task       ] GC(49) Using 1 workers of 1 for marking
[2025-10-31T14:45:16.226+0000][gc,marking    ] GC(49) Concurrent Mark From Roots 28.549ms
[2025-10-31T14:45:16.226+0000][gc,marking    ] GC(49) Concurrent Preclean
[2025-10-31T14:45:16.226+0000][gc,marking    ] GC(49) Concurrent Preclean 0.298ms
[2025-10-31T14:45:16.226+0000][gc,marking    ] GC(49) Concurrent Mark (1986.527s, 1986.557s) 29.437ms
[2025-10-31T14:45:16.227+0000][gc,start      ] GC(49) Pause Remark
[2025-10-31T14:45:16.236+0000][gc,stringtable] GC(49) Cleaned string and symbol table, strings: 16446 processed, 0 removed, symbols: 123626 processed, 0 removed
[2025-10-31T14:45:16.236+0000][gc            ] GC(49) Pause Remark 196M->196M(512M) 9.436ms
[2025-10-31T14:45:16.236+0000][gc,cpu        ] GC(49) User=0.02s Sys=0.00s Real=0.01s
[2025-10-31T14:45:16.237+0000][gc,marking    ] GC(49) Concurrent Rebuild Remembered Sets
[2025-10-31T14:45:16.253+0000][gc,marking    ] GC(49) Concurrent Rebuild Remembered Sets 16.469ms
[2025-10-31T14:45:16.254+0000][gc,start      ] GC(49) Pause Cleanup
[2025-10-31T14:45:16.254+0000][gc            ] GC(49) Pause Cleanup 196M->196M(512M) 0.382ms
[2025-10-31T14:45:16.254+0000][gc,cpu        ] GC(49) User=0.00s Sys=0.00s Real=0.00s
[2025-10-31T14:45:16.254+0000][gc,marking    ] GC(49) Concurrent Cleanup for Next Mark
[2025-10-31T14:45:16.255+0000][gc,marking    ] GC(49) Concurrent Cleanup for Next Mark 0.654ms
[2025-10-31T14:45:16.255+0000][gc            ] GC(49) Concurrent Cycle 63.463ms
[2025-10-31T14:47:01.177+0000][gc,start      ] GC(50) Pause Young (Prepare Mixed) (G1 Evacuation Pause)
[2025-10-31T14:47:01.178+0000][gc,task       ] GC(50) Using 2 workers of 2 for evacuation
[2025-10-31T14:47:01.192+0000][gc,phases     ] GC(50)   Pre Evacuate Collection Set: 0.0ms
[2025-10-31T14:47:01.192+0000][gc,phases     ] GC(50)   Evacuate Collection Set: 12.8ms
[2025-10-31T14:47:01.192+0000][gc,phases     ] GC(50)   Post Evacuate Collection Set: 0.7ms
[2025-10-31T14:47:01.192+0000][gc,phases     ] GC(50)   Other: 0.6ms
[2025-10-31T14:47:01.192+0000][gc,heap       ] GC(50) Eden regions: 67->0(18)
[2025-10-31T14:47:01.192+0000][gc,heap       ] GC(50) Survivor regions: 6->7(10)
[2025-10-31T14:47:01.193+0000][gc,heap       ] GC(50) Old regions: 52->53
[2025-10-31T14:47:01.193+0000][gc,heap       ] GC(50) Humongous regions: 138->138
[2025-10-31T14:47:01.193+0000][gc,metaspace  ] GC(50) Metaspace: 52449K(56880K)->52449K(56880K) NonClass: 46584K(49072K)->46584K(49072K) Class: 5864K(7808K)->5864K(7808K)
[2025-10-31T14:47:01.193+0000][gc            ] GC(50) Pause Young (Prepare Mixed) (G1 Evacuation Pause) 262M->197M(512M) 15.459ms
[2025-10-31T14:47:01.193+0000][gc,cpu        ] GC(50) User=0.03s Sys=0.00s Real=0.02s
[2025-10-31T14:47:33.949+0000][gc,start      ] GC(51) Pause Young (Mixed) (G1 Evacuation Pause)
[2025-10-31T14:47:33.949+0000][gc,task       ] GC(51) Using 2 workers of 2 for evacuation
[2025-10-31T14:47:33.964+0000][gc,phases     ] GC(51)   Pre Evacuate Collection Set: 0.0ms
[2025-10-31T14:47:33.964+0000][gc,phases     ] GC(51)   Evacuate Collection Set: 13.5ms
[2025-10-31T14:47:33.964+0000][gc,phases     ] GC(51)   Post Evacuate Collection Set: 0.6ms
[2025-10-31T14:47:33.964+0000][gc,phases     ] GC(51)   Other: 0.8ms
[2025-10-31T14:47:33.965+0000][gc,heap       ] GC(51) Eden regions: 18->0(22)
[2025-10-31T14:47:33.965+0000][gc,heap       ] GC(51) Survivor regions: 7->3(4)
[2025-10-31T14:47:33.965+0000][gc,heap       ] GC(51) Old regions: 53->55
[2025-10-31T14:47:33.965+0000][gc,heap       ] GC(51) Humongous regions: 138->138
[2025-10-31T14:47:33.965+0000][gc,metaspace  ] GC(51) Metaspace: 52449K(56880K)->52449K(56880K) NonClass: 46584K(49072K)->46584K(49072K) Class: 5864K(7808K)->5864K(7808K)
[2025-10-31T14:47:33.965+0000][gc            ] GC(51) Pause Young (Mixed) (G1 Evacuation Pause) 215M->195M(512M) 16.398ms
[2025-10-31T14:47:33.965+0000][gc,cpu        ] GC(51) User=0.03s Sys=0.00s Real=0.01s
[2025-10-31T14:48:14.116+0000][gc,start      ] GC(52) Pause Young (Mixed) (G1 Evacuation Pause)
[2025-10-31T14:48:14.116+0000][gc,task       ] GC(52) Using 2 workers of 2 for evacuation
[2025-10-31T14:48:14.126+0000][gc,phases     ] GC(52)   Pre Evacuate Collection Set: 0.0ms
[2025-10-31T14:48:14.127+0000][gc,phases     ] GC(52)   Evacuate Collection Set: 8.8ms
[2025-10-31T14:48:14.127+0000][gc,phases     ] GC(52)   Post Evacuate Collection Set: 0.7ms
[2025-10-31T14:48:14.127+0000][gc,phases     ] GC(52)   Other: 0.8ms
[2025-10-31T14:48:14.127+0000][gc,heap       ] GC(52) Eden regions: 22->0(251)
[2025-10-31T14:48:14.127+0000][gc,heap       ] GC(52) Survivor regions: 3->3(4)
[2025-10-31T14:48:14.127+0000][gc,heap       ] GC(52) Old regions: 55->54
[2025-10-31T14:48:14.128+0000][gc,heap       ] GC(52) Humongous regions: 138->138
[2025-10-31T14:48:14.128+0000][gc,metaspace  ] GC(52) Metaspace: 52454K(56880K)->52454K(56880K) NonClass: 46589K(49072K)->46589K(49072K) Class: 5864K(7808K)->5864K(7808K)
[2025-10-31T14:48:14.128+0000][gc            ] GC(52) Pause Young (Mixed) (G1 Evacuation Pause) 217M->194M(512M) 11.897ms
[2025-10-31T14:48:14.128+0000][gc,cpu        ] GC(52) User=0.02s Sys=0.00s Real=0.01s
[2025-10-31T14:54:47.882+0000][gc,start      ] GC(53) Pause Young (Concurrent Start) (G1 Evacuation Pause)
[2025-10-31T14:54:47.882+0000][gc,task       ] GC(53) Using 2 workers of 2 for evacuation
[2025-10-31T14:54:47.915+0000][gc,mmu        ] GC(53) MMU target violated: 21.0ms (20.0ms/21.0ms)
[2025-10-31T14:54:47.915+0000][gc,phases     ] GC(53)   Pre Evacuate Collection Set: 0.2ms
[2025-10-31T14:54:47.916+0000][gc,phases     ] GC(53)   Evacuate Collection Set: 31.2ms
[2025-10-31T14:54:47.916+0000][gc,phases     ] GC(53)   Post Evacuate Collection Set: 0.8ms
[2025-10-31T14:54:47.916+0000][gc,phases     ] GC(53)   Other: 1.3ms
[2025-10-31T14:54:47.916+0000][gc,heap       ] GC(53) Eden regions: 251->0(64)
[2025-10-31T14:54:47.916+0000][gc,heap       ] GC(53) Survivor regions: 3->18(32)
[2025-10-31T14:54:47.917+0000][gc,heap       ] GC(53) Old regions: 54->54
[2025-10-31T14:54:47.917+0000][gc,heap       ] GC(53) Humongous regions: 138->138
[2025-10-31T14:54:47.917+0000][gc,metaspace  ] GC(53) Metaspace: 52626K(56880K)->52626K(56880K) NonClass: 46724K(49072K)->46724K(49072K) Class: 5901K(7808K)->5901K(7808K)
[2025-10-31T14:54:47.917+0000][gc            ] GC(53) Pause Young (Concurrent Start) (G1 Evacuation Pause) 445M->208M(512M) 35.033ms
[2025-10-31T14:54:47.917+0000][gc,cpu        ] GC(53) User=0.07s Sys=0.00s Real=0.03s
[2025-10-31T14:54:47.917+0000][gc            ] GC(54) Concurrent Cycle
[2025-10-31T14:54:47.918+0000][gc,marking    ] GC(54) Concurrent Clear Claimed Marks
[2025-10-31T14:54:47.918+0000][gc,marking    ] GC(54) Concurrent Clear Claimed Marks 0.359ms
[2025-10-31T14:54:47.918+0000][gc,marking    ] GC(54) Concurrent Scan Root Regions
[2025-10-31T14:54:47.928+0000][gc,marking    ] GC(54) Concurrent Scan Root Regions 9.819ms
[2025-10-31T14:54:47.928+0000][gc,marking    ] GC(54) Concurrent Mark (2558.265s)
[2025-10-31T14:54:47.928+0000][gc,marking    ] GC(54) Concurrent Mark From Roots
[2025-10-31T14:54:47.928+0000][gc,task       ] GC(54) Using 1 workers of 1 for marking
[2025-10-31T14:54:47.956+0000][gc,marking    ] GC(54) Concurrent Mark From Roots 27.225ms
[2025-10-31T14:54:47.956+0000][gc,marking    ] GC(54) Concurrent Preclean
[2025-10-31T14:54:47.956+0000][gc,marking    ] GC(54) Concurrent Preclean 0.293ms
[2025-10-31T14:54:47.956+0000][gc,marking    ] GC(54) Concurrent Mark (2558.265s, 2558.294s) 28.247ms
[2025-10-31T14:54:47.957+0000][gc,start      ] GC(54) Pause Remark
[2025-10-31T14:54:47.965+0000][gc,stringtable] GC(54) Cleaned string and symbol table, strings: 16567 processed, 0 removed, symbols: 123686 processed, 1 removed
[2025-10-31T14:54:47.965+0000][gc            ] GC(54) Pause Remark 209M->209M(512M) 8.568ms
[2025-10-31T14:54:47.966+0000][gc,cpu        ] GC(54) User=0.01s Sys=0.00s Real=0.01s
[2025-10-31T14:54:47.966+0000][gc,marking    ] GC(54) Concurrent Rebuild Remembered Sets
[2025-10-31T14:54:47.983+0000][gc,marking    ] GC(54) Concurrent Rebuild Remembered Sets 17.090ms
[2025-10-31T14:54:47.983+0000][gc,start      ] GC(54) Pause Cleanup
[2025-10-31T14:54:47.984+0000][gc            ] GC(54) Pause Cleanup 209M->209M(512M) 0.371ms
[2025-10-31T14:54:47.984+0000][gc,cpu        ] GC(54) User=0.00s Sys=0.00s Real=0.00s
[2025-10-31T14:54:47.984+0000][gc,marking    ] GC(54) Concurrent Cleanup for Next Mark
[2025-10-31T14:54:47.985+0000][gc,marking    ] GC(54) Concurrent Cleanup for Next Mark 0.654ms
[2025-10-31T14:54:47.985+0000][gc            ] GC(54) Concurrent Cycle 67.455ms
[2025-10-31T14:56:11.722+0000][gc,start      ] GC(55) Pause Young (Prepare Mixed) (G1 Evacuation Pause)
[2025-10-31T14:56:11.723+0000][gc,task       ] GC(55) Using 2 workers of 2 for evacuation
[2025-10-31T14:56:11.751+0000][gc,mmu        ] GC(55) MMU target violated: 21.0ms (20.0ms/21.0ms)
[2025-10-31T14:56:11.752+0000][gc,phases     ] GC(55)   Pre Evacuate Collection Set: 0.0ms
[2025-10-31T14:56:11.752+0000][gc,phases     ] GC(55)   Evacuate Collection Set: 27.7ms
[2025-10-31T14:56:11.752+0000][gc,phases     ] GC(55)   Post Evacuate Collection Set: 0.7ms
[2025-10-31T14:56:11.752+0000][gc,phases     ] GC(55)   Other: 1.2ms
[2025-10-31T14:56:11.752+0000][gc,heap       ] GC(55) Eden regions: 64->0(20)
[2025-10-31T14:56:11.752+0000][gc,heap       ] GC(55) Survivor regions: 18->5(11)
[2025-10-31T14:56:11.753+0000][gc,heap       ] GC(55) Old regions: 54->70
[2025-10-31T14:56:11.753+0000][gc,heap       ] GC(55) Humongous regions: 138->138
[2025-10-31T14:56:11.753+0000][gc,metaspace  ] GC(55) Metaspace: 52649K(56880K)->52649K(56880K) NonClass: 46747K(49072K)->46747K(49072K) Class: 5902K(7808K)->5902K(7808K)
[2025-10-31T14:56:11.753+0000][gc            ] GC(55) Pause Young (Prepare Mixed) (G1 Evacuation Pause) 272M->212M(512M) 30.720ms
[2025-10-31T14:56:11.753+0000][gc,cpu        ] GC(55) User=0.06s Sys=0.00s Real=0.03s
[2025-10-31T14:56:36.220+0000][gc,start      ] GC(56) Pause Young (Mixed) (G1 Evacuation Pause)
[2025-10-31T14:56:36.220+0000][gc,task       ] GC(56) Using 2 workers of 2 for evacuation
[2025-10-31T14:56:36.230+0000][gc,phases     ] GC(56)   Pre Evacuate Collection Set: 0.0ms
[2025-10-31T14:56:36.230+0000][gc,phases     ] GC(56)   Evacuate Collection Set: 9.0ms
[2025-10-31T14:56:36.230+0000][gc,phases     ] GC(56)   Post Evacuate Collection Set: 0.5ms
[2025-10-31T14:56:36.230+0000][gc,phases     ] GC(56)   Other: 0.5ms
[2025-10-31T14:56:36.230+0000][gc,heap       ] GC(56) Eden regions: 20->0(123)
[2025-10-31T14:56:36.231+0000][gc,heap       ] GC(56) Survivor regions: 5->3(4)
[2025-10-31T14:56:36.231+0000][gc,heap       ] GC(56) Old regions: 70->65
[2025-10-31T14:56:36.231+0000][gc,heap       ] GC(56) Humongous regions: 138->138
[2025-10-31T14:56:36.231+0000][gc,metaspace  ] GC(56) Metaspace: 52649K(56880K)->52649K(56880K) NonClass: 46747K(49072K)->46747K(49072K) Class: 5902K(7808K)->5902K(7808K)
[2025-10-31T14:56:36.231+0000][gc            ] GC(56) Pause Young (Mixed) (G1 Evacuation Pause) 232M->205M(512M) 11.414ms
[2025-10-31T14:56:36.231+0000][gc,cpu        ] GC(56) User=0.02s Sys=0.00s Real=0.02s
[2025-10-31T14:59:12.881+0000][gc,start      ] GC(57) Pause Young (Concurrent Start) (G1 Evacuation Pause)
[2025-10-31T14:59:12.881+0000][gc,task       ] GC(57) Using 2 workers of 2 for evacuation
[2025-10-31T14:59:12.896+0000][gc,phases     ] GC(57)   Pre Evacuate Collection Set: 0.2ms
[2025-10-31T14:59:12.896+0000][gc,phases     ] GC(57)   Evacuate Collection Set: 14.1ms
[2025-10-31T14:59:12.897+0000][gc,phases     ] GC(57)   Post Evacuate Collection Set: 0.6ms
[2025-10-31T14:59:12.897+0000][gc,phases     ] GC(57)   Other: 0.7ms
[2025-10-31T14:59:12.897+0000][gc,heap       ] GC(57) Eden regions: 123->0(76)
[2025-10-31T14:59:12.897+0000][gc,heap       ] GC(57) Survivor regions: 3->8(16)
[2025-10-31T14:59:12.897+0000][gc,heap       ] GC(57) Old regions: 65->65
[2025-10-31T14:59:12.897+0000][gc,heap       ] GC(57) Humongous regions: 138->138
[2025-10-31T14:59:12.898+0000][gc,metaspace  ] GC(57) Metaspace: 52653K(56880K)->52653K(56880K) NonClass: 46750K(49072K)->46750K(49072K) Class: 5902K(7808K)->5902K(7808K)
[2025-10-31T14:59:12.898+0000][gc            ] GC(57) Pause Young (Concurrent Start) (G1 Evacuation Pause) 328M->210M(512M) 17.003ms
[2025-10-31T14:59:12.898+0000][gc,cpu        ] GC(57) User=0.03s Sys=0.00s Real=0.02s
[2025-10-31T14:59:12.898+0000][gc            ] GC(58) Concurrent Cycle
[2025-10-31T14:59:12.898+0000][gc,marking    ] GC(58) Concurrent Clear Claimed Marks
[2025-10-31T14:59:12.899+0000][gc,marking    ] GC(58) Concurrent Clear Claimed Marks 0.427ms
[2025-10-31T14:59:12.899+0000][gc,marking    ] GC(58) Concurrent Scan Root Regions
[2025-10-31T14:59:12.904+0000][gc,marking    ] GC(58) Concurrent Scan Root Regions 5.291ms
[2025-10-31T14:59:12.904+0000][gc,marking    ] GC(58) Concurrent Mark (2823.185s)
[2025-10-31T14:59:12.905+0000][gc,marking    ] GC(58) Concurrent Mark From Roots
[2025-10-31T14:59:12.905+0000][gc,task       ] GC(58) Using 1 workers of 1 for marking
[2025-10-31T14:59:12.933+0000][gc,marking    ] GC(58) Concurrent Mark From Roots 28.081ms
[2025-10-31T14:59:12.933+0000][gc,marking    ] GC(58) Concurrent Preclean
[2025-10-31T14:59:12.933+0000][gc,marking    ] GC(58) Concurrent Preclean 0.265ms
[2025-10-31T14:59:12.933+0000][gc,marking    ] GC(58) Concurrent Mark (2823.185s, 2823.214s) 28.876ms
[2025-10-31T14:59:12.934+0000][gc,start      ] GC(58) Pause Remark
[2025-10-31T14:59:12.946+0000][gc,stringtable] GC(58) Cleaned string and symbol table, strings: 16647 processed, 1 removed, symbols: 123693 processed, 0 removed
[2025-10-31T14:59:12.946+0000][gc            ] GC(58) Pause Remark 211M->211M(512M) 12.641ms
[2025-10-31T14:59:12.947+0000][gc,cpu        ] GC(58) User=0.03s Sys=0.00s Real=0.01s
[2025-10-31T14:59:12.947+0000][gc,marking    ] GC(58) Concurrent Rebuild Remembered Sets
[2025-10-31T14:59:12.965+0000][gc,marking    ] GC(58) Concurrent Rebuild Remembered Sets 17.899ms
[2025-10-31T14:59:12.965+0000][gc,start      ] GC(58) Pause Cleanup
[2025-10-31T14:59:12.965+0000][gc            ] GC(58) Pause Cleanup 211M->211M(512M) 0.322ms
[2025-10-31T14:59:12.966+0000][gc,cpu        ] GC(58) User=0.00s Sys=0.00s Real=0.00s
[2025-10-31T14:59:12.966+0000][gc,marking    ] GC(58) Concurrent Cleanup for Next Mark
[2025-10-31T14:59:12.966+0000][gc,marking    ] GC(58) Concurrent Cleanup for Next Mark 0.632ms
[2025-10-31T14:59:12.967+0000][gc            ] GC(58) Concurrent Cycle 68.538ms
[2025-10-31T15:00:45.760+0000][gc,start      ] GC(59) Pause Young (Prepare Mixed) (G1 Evacuation Pause)
[2025-10-31T15:00:45.760+0000][gc,task       ] GC(59) Using 2 workers of 2 for evacuation
[2025-10-31T15:00:45.778+0000][gc,phases     ] GC(59)   Pre Evacuate Collection Set: 0.0ms
[2025-10-31T15:00:45.778+0000][gc,phases     ] GC(59)   Evacuate Collection Set: 16.4ms
[2025-10-31T15:00:45.778+0000][gc,phases     ] GC(59)   Post Evacuate Collection Set: 0.6ms
[2025-10-31T15:00:45.778+0000][gc,phases     ] GC(59)   Other: 0.6ms
[2025-10-31T15:00:45.778+0000][gc,heap       ] GC(59) Eden regions: 76->0(21)
[2025-10-31T15:00:45.778+0000][gc,heap       ] GC(59) Survivor regions: 8->4(11)
[2025-10-31T15:00:45.779+0000][gc,heap       ] GC(59) Old regions: 65->71
[2025-10-31T15:00:45.779+0000][gc,heap       ] GC(59) Humongous regions: 138->138
[2025-10-31T15:00:45.779+0000][gc,metaspace  ] GC(59) Metaspace: 52613K(56880K)->52613K(56880K) NonClass: 46724K(49072K)->46724K(49072K) Class: 5889K(7808K)->5889K(7808K)
[2025-10-31T15:00:45.779+0000][gc            ] GC(59) Pause Young (Prepare Mixed) (G1 Evacuation Pause) 286M->213M(512M) 18.972ms
[2025-10-31T15:00:45.779+0000][gc,cpu        ] GC(59) User=0.04s Sys=0.00s Real=0.02s
[2025-10-31T15:01:08.568+0000][gc,start      ] GC(60) Pause Young (Mixed) (G1 Evacuation Pause)
[2025-10-31T15:01:08.568+0000][gc,task       ] GC(60) Using 2 workers of 2 for evacuation
[2025-10-31T15:01:08.580+0000][gc,phases     ] GC(60)   Pre Evacuate Collection Set: 0.0ms
[2025-10-31T15:01:08.581+0000][gc,phases     ] GC(60)   Evacuate Collection Set: 11.5ms
[2025-10-31T15:01:08.581+0000][gc,phases     ] GC(60)   Post Evacuate Collection Set: 0.6ms
[2025-10-31T15:01:08.581+0000][gc,phases     ] GC(60)   Other: 0.6ms
[2025-10-31T15:01:08.581+0000][gc,heap       ] GC(60) Eden regions: 21->0(103)
[2025-10-31T15:01:08.581+0000][gc,heap       ] GC(60) Survivor regions: 4->3(4)
[2025-10-31T15:01:08.581+0000][gc,heap       ] GC(60) Old regions: 71->56
[2025-10-31T15:01:08.581+0000][gc,heap       ] GC(60) Humongous regions: 138->138
[2025-10-31T15:01:08.581+0000][gc,metaspace  ] GC(60) Metaspace: 52617K(56880K)->52617K(56880K) NonClass: 46728K(49072K)->46728K(49072K) Class: 5889K(7808K)->5889K(7808K)
[2025-10-31T15:01:08.582+0000][gc            ] GC(60) Pause Young (Mixed) (G1 Evacuation Pause) 234M->196M(512M) 13.897ms
[2025-10-31T15:01:08.582+0000][gc,cpu        ] GC(60) User=0.02s Sys=0.00s Real=0.02s
[2025-10-31T15:02:53.069+0000][gc,start      ] GC(61) Pause Young (Concurrent Start) (G1 Evacuation Pause)
[2025-10-31T15:02:53.069+0000][gc,task       ] GC(61) Using 2 workers of 2 for evacuation
[2025-10-31T15:02:53.086+0000][gc,phases     ] GC(61)   Pre Evacuate Collection Set: 0.3ms
[2025-10-31T15:02:53.086+0000][gc,phases     ] GC(61)   Evacuate Collection Set: 14.5ms
[2025-10-31T15:02:53.087+0000][gc,phases     ] GC(61)   Post Evacuate Collection Set: 1.0ms
[2025-10-31T15:02:53.087+0000][gc,phases     ] GC(61)   Other: 1.1ms
[2025-10-31T15:02:53.087+0000][gc,heap       ] GC(61) Eden regions: 103->0(79)
[2025-10-31T15:02:53.087+0000][gc,heap       ] GC(61) Survivor regions: 3->7(14)
[2025-10-31T15:02:53.088+0000][gc,heap       ] GC(61) Old regions: 56->56
[2025-10-31T15:02:53.088+0000][gc,heap       ] GC(61) Humongous regions: 138->138
[2025-10-31T15:02:53.088+0000][gc,metaspace  ] GC(61) Metaspace: 52621K(56880K)->52621K(56880K) NonClass: 46732K(49072K)->46732K(49072K) Class: 5889K(7808K)->5889K(7808K)
[2025-10-31T15:02:53.088+0000][gc            ] GC(61) Pause Young (Concurrent Start) (G1 Evacuation Pause) 299M->200M(512M) 18.868ms
[2025-10-31T15:02:53.088+0000][gc,cpu        ] GC(61) User=0.04s Sys=0.00s Real=0.02s
[2025-10-31T15:02:53.089+0000][gc            ] GC(62) Concurrent Cycle
[2025-10-31T15:02:53.089+0000][gc,marking    ] GC(62) Concurrent Clear Claimed Marks
[2025-10-31T15:02:53.089+0000][gc,marking    ] GC(62) Concurrent Clear Claimed Marks 0.401ms
[2025-10-31T15:02:53.089+0000][gc,marking    ] GC(62) Concurrent Scan Root Regions
[2025-10-31T15:02:53.096+0000][gc,marking    ] GC(62) Concurrent Scan Root Regions 6.316ms
[2025-10-31T15:02:53.096+0000][gc,marking    ] GC(62) Concurrent Mark (3043.378s)
[2025-10-31T15:02:53.096+0000][gc,marking    ] GC(62) Concurrent Mark From Roots
[2025-10-31T15:02:53.097+0000][gc,task       ] GC(62) Using 1 workers of 1 for marking
[2025-10-31T15:02:53.134+0000][gc,marking    ] GC(62) Concurrent Mark From Roots 37.326ms
[2025-10-31T15:02:53.134+0000][gc,marking    ] GC(62) Concurrent Preclean
[2025-10-31T15:02:53.134+0000][gc,marking    ] GC(62) Concurrent Preclean 0.335ms
[2025-10-31T15:02:53.134+0000][gc,marking    ] GC(62) Concurrent Mark (3043.378s, 3043.417s) 38.385ms
[2025-10-31T15:02:53.135+0000][gc,start      ] GC(62) Pause Remark
[2025-10-31T15:02:53.146+0000][gc,stringtable] GC(62) Cleaned string and symbol table, strings: 16656 processed, 1 removed, symbols: 123693 processed, 13 removed
[2025-10-31T15:02:53.147+0000][gc            ] GC(62) Pause Remark 201M->201M(512M) 11.997ms
[2025-10-31T15:02:53.148+0000][gc,cpu        ] GC(62) User=0.02s Sys=0.00s Real=0.02s
[2025-10-31T15:02:53.148+0000][gc,marking    ] GC(62) Concurrent Rebuild Remembered Sets
[2025-10-31T15:02:53.172+0000][gc,marking    ] GC(62) Concurrent Rebuild Remembered Sets 23.805ms
[2025-10-31T15:02:53.172+0000][gc,start      ] GC(62) Pause Cleanup
[2025-10-31T15:02:53.173+0000][gc            ] GC(62) Pause Cleanup 201M->201M(512M) 0.516ms
[2025-10-31T15:02:53.173+0000][gc,cpu        ] GC(62) User=0.00s Sys=0.00s Real=0.00s
[2025-10-31T15:02:53.173+0000][gc,marking    ] GC(62) Concurrent Cleanup for Next Mark
[2025-10-31T15:02:53.174+0000][gc,marking    ] GC(62) Concurrent Cleanup for Next Mark 0.923ms
[2025-10-31T15:02:53.174+0000][gc            ] GC(62) Concurrent Cycle 85.791ms
[2025-10-31T15:04:12.293+0000][gc,start      ] GC(63) Pause Young (Prepare Mixed) (G1 Evacuation Pause)
[2025-10-31T15:04:12.293+0000][gc,task       ] GC(63) Using 2 workers of 2 for evacuation
[2025-10-31T15:04:12.309+0000][gc,phases     ] GC(63)   Pre Evacuate Collection Set: 0.0ms
[2025-10-31T15:04:12.309+0000][gc,phases     ] GC(63)   Evacuate Collection Set: 14.3ms
[2025-10-31T15:04:12.309+0000][gc,phases     ] GC(63)   Post Evacuate Collection Set: 0.7ms
[2025-10-31T15:04:12.309+0000][gc,phases     ] GC(63)   Other: 0.8ms
[2025-10-31T15:04:12.309+0000][gc,heap       ] GC(63) Eden regions: 79->0(20)
[2025-10-31T15:04:12.310+0000][gc,heap       ] GC(63) Survivor regions: 7->5(11)
[2025-10-31T15:04:12.310+0000][gc,heap       ] GC(63) Old regions: 56->61
[2025-10-31T15:04:12.310+0000][gc,heap       ] GC(63) Humongous regions: 138->138
[2025-10-31T15:04:12.310+0000][gc,metaspace  ] GC(63) Metaspace: 52635K(56880K)->52635K(56880K) NonClass: 46746K(49072K)->46746K(49072K) Class: 5889K(7808K)->5889K(7808K)
[2025-10-31T15:04:12.310+0000][gc            ] GC(63) Pause Young (Prepare Mixed) (G1 Evacuation Pause) 279M->203M(512M) 17.356ms
[2025-10-31T15:04:12.310+0000][gc,cpu        ] GC(63) User=0.03s Sys=0.00s Real=0.02s
[2025-10-31T15:04:32.261+0000][gc,start      ] GC(64) Pause Young (Mixed) (G1 Evacuation Pause)
[2025-10-31T15:04:32.262+0000][gc,task       ] GC(64) Using 2 workers of 2 for evacuation
[2025-10-31T15:04:32.272+0000][gc,phases     ] GC(64)   Pre Evacuate Collection Set: 0.0ms
[2025-10-31T15:04:32.272+0000][gc,phases     ] GC(64)   Evacuate Collection Set: 9.4ms
[2025-10-31T15:04:32.272+0000][gc,phases     ] GC(64)   Post Evacuate Collection Set: 0.6ms
[2025-10-31T15:04:32.272+0000][gc,phases     ] GC(64)   Other: 0.4ms
[2025-10-31T15:04:32.273+0000][gc,heap       ] GC(64) Eden regions: 20->0(105)
[2025-10-31T15:04:32.273+0000][gc,heap       ] GC(64) Survivor regions: 5->3(4)
[2025-10-31T15:04:32.273+0000][gc,heap       ] GC(64) Old regions: 61->53
[2025-10-31T15:04:32.273+0000][gc,heap       ] GC(64) Humongous regions: 138->138
[2025-10-31T15:04:32.273+0000][gc,metaspace  ] GC(64) Metaspace: 52635K(56880K)->52635K(56880K) NonClass: 46746K(49072K)->46746K(49072K) Class: 5889K(7808K)->5889K(7808K)
[2025-10-31T15:04:32.273+0000][gc            ] GC(64) Pause Young (Mixed) (G1 Evacuation Pause) 223M->193M(512M) 11.986ms
[2025-10-31T15:04:32.274+0000][gc,cpu        ] GC(64) User=0.02s Sys=0.00s Real=0.01s
[2025-10-31T15:06:18.116+0000][gc,start      ] GC(65) Pause Young (Concurrent Start) (G1 Evacuation Pause)
[2025-10-31T15:06:18.116+0000][gc,task       ] GC(65) Using 2 workers of 2 for evacuation
[2025-10-31T15:06:18.127+0000][gc,phases     ] GC(65)   Pre Evacuate Collection Set: 0.2ms
[2025-10-31T15:06:18.127+0000][gc,phases     ] GC(65)   Evacuate Collection Set: 10.2ms
[2025-10-31T15:06:18.128+0000][gc,phases     ] GC(65)   Post Evacuate Collection Set: 0.6ms
[2025-10-31T15:06:18.128+0000][gc,phases     ] GC(65)   Other: 0.5ms
[2025-10-31T15:06:18.128+0000][gc,heap       ] GC(65) Eden regions: 105->0(97)
[2025-10-31T15:06:18.128+0000][gc,heap       ] GC(65) Survivor regions: 3->5(14)
[2025-10-31T15:06:18.128+0000][gc,heap       ] GC(65) Old regions: 53->53
[2025-10-31T15:06:18.128+0000][gc,heap       ] GC(65) Humongous regions: 138->138
[2025-10-31T15:06:18.129+0000][gc,metaspace  ] GC(65) Metaspace: 52636K(56880K)->52636K(56880K) NonClass: 46747K(49072K)->46747K(49072K) Class: 5889K(7808K)->5889K(7808K)
[2025-10-31T15:06:18.129+0000][gc            ] GC(65) Pause Young (Concurrent Start) (G1 Evacuation Pause) 298M->195M(512M) 13.023ms
[2025-10-31T15:06:18.129+0000][gc,cpu        ] GC(65) User=0.02s Sys=0.00s Real=0.01s
[2025-10-31T15:06:18.129+0000][gc            ] GC(66) Concurrent Cycle
[2025-10-31T15:06:18.129+0000][gc,marking    ] GC(66) Concurrent Clear Claimed Marks
[2025-10-31T15:06:18.130+0000][gc,marking    ] GC(66) Concurrent Clear Claimed Marks 0.286ms
[2025-10-31T15:06:18.130+0000][gc,marking    ] GC(66) Concurrent Scan Root Regions
[2025-10-31T15:06:18.134+0000][gc,marking    ] GC(66) Concurrent Scan Root Regions 3.865ms
[2025-10-31T15:06:18.134+0000][gc,marking    ] GC(66) Concurrent Mark (3248.419s)
[2025-10-31T15:06:18.134+0000][gc,marking    ] GC(66) Concurrent Mark From Roots
[2025-10-31T15:06:18.134+0000][gc,task       ] GC(66) Using 1 workers of 1 for marking
[2025-10-31T15:06:18.162+0000][gc,marking    ] GC(66) Concurrent Mark From Roots 28.007ms
[2025-10-31T15:06:18.162+0000][gc,marking    ] GC(66) Concurrent Preclean
[2025-10-31T15:06:18.162+0000][gc,marking    ] GC(66) Concurrent Preclean 0.301ms
[2025-10-31T15:06:18.163+0000][gc,marking    ] GC(66) Concurrent Mark (3248.419s, 3248.448s) 28.837ms
[2025-10-31T15:06:18.163+0000][gc,start      ] GC(66) Pause Remark
[2025-10-31T15:06:18.171+0000][gc,stringtable] GC(66) Cleaned string and symbol table, strings: 16684 processed, 0 removed, symbols: 123680 processed, 0 removed
[2025-10-31T15:06:18.172+0000][gc            ] GC(66) Pause Remark 196M->196M(512M) 8.527ms
[2025-10-31T15:06:18.172+0000][gc,cpu        ] GC(66) User=0.01s Sys=0.00s Real=0.00s
[2025-10-31T15:06:18.172+0000][gc,marking    ] GC(66) Concurrent Rebuild Remembered Sets
[2025-10-31T15:06:18.190+0000][gc,marking    ] GC(66) Concurrent Rebuild Remembered Sets 17.755ms
[2025-10-31T15:06:18.190+0000][gc,start      ] GC(66) Pause Cleanup
[2025-10-31T15:06:18.191+0000][gc            ] GC(66) Pause Cleanup 196M->196M(512M) 0.379ms
[2025-10-31T15:06:18.191+0000][gc,cpu        ] GC(66) User=0.00s Sys=0.00s Real=0.00s
[2025-10-31T15:06:18.191+0000][gc,marking    ] GC(66) Concurrent Cleanup for Next Mark
[2025-10-31T15:06:18.192+0000][gc,marking    ] GC(66) Concurrent Cleanup for Next Mark 0.569ms
[2025-10-31T15:06:18.192+0000][gc            ] GC(66) Concurrent Cycle 62.501ms
[2025-10-31T15:07:54.778+0000][gc,start      ] GC(67) Pause Young (Prepare Mixed) (G1 Evacuation Pause)
[2025-10-31T15:07:54.778+0000][gc,task       ] GC(67) Using 2 workers of 2 for evacuation
[2025-10-31T15:07:54.796+0000][gc,phases     ] GC(67)   Pre Evacuate Collection Set: 0.0ms
[2025-10-31T15:07:54.796+0000][gc,phases     ] GC(67)   Evacuate Collection Set: 16.4ms
[2025-10-31T15:07:54.796+0000][gc,phases     ] GC(67)   Post Evacuate Collection Set: 0.5ms
[2025-10-31T15:07:54.796+0000][gc,phases     ] GC(67)   Other: 0.5ms
[2025-10-31T15:07:54.796+0000][gc,heap       ] GC(67) Eden regions: 96->0(15)
[2025-10-31T15:07:54.798+0000][gc,heap       ] GC(67) Survivor regions: 5->10(13)
[2025-10-31T15:07:54.798+0000][gc,heap       ] GC(67) Old regions: 53->53
[2025-10-31T15:07:54.798+0000][gc,heap       ] GC(67) Humongous regions: 138->138
[2025-10-31T15:07:54.799+0000][gc,metaspace  ] GC(67) Metaspace: 52636K(56880K)->52636K(56880K) NonClass: 46747K(49072K)->46747K(49072K) Class: 5889K(7808K)->5889K(7808K)
[2025-10-31T15:07:54.799+0000][gc            ] GC(67) Pause Young (Prepare Mixed) (G1 Evacuation Pause) 291M->200M(512M) 20.676ms
[2025-10-31T15:07:54.799+0000][gc,cpu        ] GC(67) User=0.03s Sys=0.00s Real=0.02s
[2025-10-31T15:08:09.221+0000][gc,start      ] GC(68) Pause Young (Mixed) (G1 Evacuation Pause)
[2025-10-31T15:08:09.222+0000][gc,task       ] GC(68) Using 2 workers of 2 for evacuation
[2025-10-31T15:08:09.237+0000][gc,phases     ] GC(68)   Pre Evacuate Collection Set: 0.0ms
[2025-10-31T15:08:09.238+0000][gc,phases     ] GC(68)   Evacuate Collection Set: 14.5ms
[2025-10-31T15:08:09.238+0000][gc,phases     ] GC(68)   Post Evacuate Collection Set: 0.7ms
[2025-10-31T15:08:09.238+0000][gc,phases     ] GC(68)   Other: 0.8ms
[2025-10-31T15:08:09.238+0000][gc,heap       ] GC(68) Eden regions: 15->0(104)
[2025-10-31T15:08:09.238+0000][gc,heap       ] GC(68) Survivor regions: 10->2(4)
[2025-10-31T15:08:09.238+0000][gc,heap       ] GC(68) Old regions: 53->53
[2025-10-31T15:08:09.239+0000][gc,heap       ] GC(68) Humongous regions: 138->138
[2025-10-31T15:08:09.239+0000][gc,metaspace  ] GC(68) Metaspace: 52637K(56880K)->52637K(56880K) NonClass: 46748K(49072K)->46748K(49072K) Class: 5889K(7808K)->5889K(7808K)
[2025-10-31T15:08:09.239+0000][gc            ] GC(68) Pause Young (Mixed) (G1 Evacuation Pause) 215M->192M(512M) 17.632ms
[2025-10-31T15:08:09.239+0000][gc,cpu        ] GC(68) User=0.03s Sys=0.00s Real=0.01s
[2025-10-31T15:09:54.235+0000][gc,start      ] GC(69) Pause Young (Concurrent Start) (G1 Evacuation Pause)
[2025-10-31T15:09:54.236+0000][gc,task       ] GC(69) Using 2 workers of 2 for evacuation
[2025-10-31T15:09:54.252+0000][gc,phases     ] GC(69)   Pre Evacuate Collection Set: 0.2ms
[2025-10-31T15:09:54.253+0000][gc,phases     ] GC(69)   Evacuate Collection Set: 15.1ms
[2025-10-31T15:09:54.253+0000][gc,phases     ] GC(69)   Post Evacuate Collection Set: 0.8ms
[2025-10-31T15:09:54.253+0000][gc,phases     ] GC(69)   Other: 0.8ms
[2025-10-31T15:09:54.253+0000][gc,heap       ] GC(69) Eden regions: 104->0(83)
[2025-10-31T15:09:54.254+0000][gc,heap       ] GC(69) Survivor regions: 2->6(14)
[2025-10-31T15:09:54.254+0000][gc,heap       ] GC(69) Old regions: 53->53
[2025-10-31T15:09:54.254+0000][gc,heap       ] GC(69) Humongous regions: 138->138
[2025-10-31T15:09:54.254+0000][gc,metaspace  ] GC(69) Metaspace: 52637K(56880K)->52637K(56880K) NonClass: 46748K(49072K)->46748K(49072K) Class: 5889K(7808K)->5889K(7808K)
[2025-10-31T15:09:54.254+0000][gc            ] GC(69) Pause Young (Concurrent Start) (G1 Evacuation Pause) 296M->196M(512M) 18.930ms
[2025-10-31T15:09:54.255+0000][gc,cpu        ] GC(69) User=0.04s Sys=0.00s Real=0.02s
[2025-10-31T15:09:54.255+0000][gc            ] GC(70) Concurrent Cycle
[2025-10-31T15:09:54.255+0000][gc,marking    ] GC(70) Concurrent Clear Claimed Marks
[2025-10-31T15:09:54.256+0000][gc,marking    ] GC(70) Concurrent Clear Claimed Marks 0.578ms
[2025-10-31T15:09:54.256+0000][gc,marking    ] GC(70) Concurrent Scan Root Regions
[2025-10-31T15:09:54.262+0000][gc,marking    ] GC(70) Concurrent Scan Root Regions 5.884ms
[2025-10-31T15:09:54.262+0000][gc,marking    ] GC(70) Concurrent Mark (3464.538s)
[2025-10-31T15:09:54.262+0000][gc,marking    ] GC(70) Concurrent Mark From Roots
[2025-10-31T15:09:54.263+0000][gc,task       ] GC(70) Using 1 workers of 1 for marking
[2025-10-31T15:09:54.296+0000][gc,marking    ] GC(70) Concurrent Mark From Roots 33.700ms
[2025-10-31T15:09:54.297+0000][gc,marking    ] GC(70) Concurrent Preclean
[2025-10-31T15:09:54.297+0000][gc,marking    ] GC(70) Concurrent Preclean 0.321ms
[2025-10-31T15:09:54.297+0000][gc,marking    ] GC(70) Concurrent Mark (3464.538s, 3464.573s) 34.971ms
[2025-10-31T15:09:54.298+0000][gc,start      ] GC(70) Pause Remark
[2025-10-31T15:09:54.306+0000][gc,stringtable] GC(70) Cleaned string and symbol table, strings: 16704 processed, 3 removed, symbols: 123680 processed, 0 removed
[2025-10-31T15:09:54.307+0000][gc            ] GC(70) Pause Remark 196M->196M(512M) 8.976ms
[2025-10-31T15:09:54.307+0000][gc,cpu        ] GC(70) User=0.02s Sys=0.00s Real=0.01s
[2025-10-31T15:09:54.307+0000][gc,marking    ] GC(70) Concurrent Rebuild Remembered Sets
[2025-10-31T15:09:54.326+0000][gc,marking    ] GC(70) Concurrent Rebuild Remembered Sets 18.604ms
[2025-10-31T15:09:54.326+0000][gc,start      ] GC(70) Pause Cleanup
[2025-10-31T15:09:54.327+0000][gc            ] GC(70) Pause Cleanup 196M->196M(512M) 0.605ms
[2025-10-31T15:09:54.327+0000][gc,cpu        ] GC(70) User=0.00s Sys=0.00s Real=0.00s
[2025-10-31T15:09:54.328+0000][gc,marking    ] GC(70) Concurrent Cleanup for Next Mark
[2025-10-31T15:09:54.328+0000][gc,marking    ] GC(70) Concurrent Cleanup for Next Mark 0.818ms
[2025-10-31T15:09:54.329+0000][gc            ] GC(70) Concurrent Cycle 73.526ms
[2025-10-31T15:11:17.799+0000][gc,start      ] GC(71) Pause Young (Prepare Mixed) (G1 Evacuation Pause)
[2025-10-31T15:11:17.799+0000][gc,task       ] GC(71) Using 2 workers of 2 for evacuation
[2025-10-31T15:11:17.814+0000][gc,phases     ] GC(71)   Pre Evacuate Collection Set: 0.0ms
[2025-10-31T15:11:17.814+0000][gc,phases     ] GC(71)   Evacuate Collection Set: 13.5ms
[2025-10-31T15:11:17.814+0000][gc,phases     ] GC(71)   Post Evacuate Collection Set: 0.8ms
[2025-10-31T15:11:17.814+0000][gc,phases     ] GC(71)   Other: 0.6ms
[2025-10-31T15:11:17.814+0000][gc,heap       ] GC(71) Eden regions: 83->0(15)
[2025-10-31T15:11:17.814+0000][gc,heap       ] GC(71) Survivor regions: 6->10(12)
[2025-10-31T15:11:17.814+0000][gc,heap       ] GC(71) Old regions: 53->53
[2025-10-31T15:11:17.814+0000][gc,heap       ] GC(71) Humongous regions: 138->138
[2025-10-31T15:11:17.815+0000][gc,metaspace  ] GC(71) Metaspace: 52637K(56880K)->52637K(56880K) NonClass: 46748K(49072K)->46748K(49072K) Class: 5889K(7808K)->5889K(7808K)
[2025-10-31T15:11:17.815+0000][gc            ] GC(71) Pause Young (Prepare Mixed) (G1 Evacuation Pause) 279M->200M(512M) 15.953ms
[2025-10-31T15:11:17.815+0000][gc,cpu        ] GC(71) User=0.03s Sys=0.00s Real=0.02s
[2025-10-31T15:11:32.729+0000][gc,start      ] GC(72) Pause Young (Mixed) (G1 Evacuation Pause)
[2025-10-31T15:11:32.729+0000][gc,task       ] GC(72) Using 2 workers of 2 for evacuation
[2025-10-31T15:11:32.745+0000][gc,phases     ] GC(72)   Pre Evacuate Collection Set: 0.0ms
[2025-10-31T15:11:32.745+0000][gc,phases     ] GC(72)   Evacuate Collection Set: 14.3ms
[2025-10-31T15:11:32.746+0000][gc,phases     ] GC(72)   Post Evacuate Collection Set: 1.0ms
[2025-10-31T15:11:32.746+0000][gc,phases     ] GC(72)   Other: 0.9ms
[2025-10-31T15:11:32.746+0000][gc,heap       ] GC(72) Eden regions: 15->0(95)
[2025-10-31T15:11:32.746+0000][gc,heap       ] GC(72) Survivor regions: 10->2(4)
[2025-10-31T15:11:32.747+0000][gc,heap       ] GC(72) Old regions: 53->53
[2025-10-31T15:11:32.747+0000][gc,heap       ] GC(72) Humongous regions: 138->138
[2025-10-31T15:11:32.747+0000][gc,metaspace  ] GC(72) Metaspace: 52637K(56880K)->52637K(56880K) NonClass: 46748K(49072K)->46748K(49072K) Class: 5889K(7808K)->5889K(7808K)
[2025-10-31T15:11:32.747+0000][gc            ] GC(72) Pause Young (Mixed) (G1 Evacuation Pause) 215M->192M(512M) 18.334ms
[2025-10-31T15:11:32.747+0000][gc,cpu        ] GC(72) User=0.03s Sys=0.00s Real=0.02s
[2025-10-31T15:12:13.482+0000][gc,start      ] GC(73) Pause Young (Concurrent Start) (G1 Humongous Allocation)
[2025-10-31T15:12:13.482+0000][gc,task       ] GC(73) Using 2 workers of 2 for evacuation
[2025-10-31T15:12:13.495+0000][gc,phases     ] GC(73)   Pre Evacuate Collection Set: 0.2ms
[2025-10-31T15:12:13.495+0000][gc,phases     ] GC(73)   Evacuate Collection Set: 12.1ms
[2025-10-31T15:12:13.496+0000][gc,phases     ] GC(73)   Post Evacuate Collection Set: 0.6ms
[2025-10-31T15:12:13.496+0000][gc,phases     ] GC(73)   Other: 0.6ms
[2025-10-31T15:12:13.496+0000][gc,heap       ] GC(73) Eden regions: 47->0(64)
[2025-10-31T15:12:13.496+0000][gc,heap       ] GC(73) Survivor regions: 2->8(12)
[2025-10-31T15:12:13.496+0000][gc,heap       ] GC(73) Old regions: 53->53
[2025-10-31T15:12:13.496+0000][gc,heap       ] GC(73) Humongous regions: 138->138
[2025-10-31T15:12:13.496+0000][gc,metaspace  ] GC(73) Metaspace: 52740K(57136K)->52740K(57136K) NonClass: 46829K(49328K)->46829K(49328K) Class: 5910K(7808K)->5910K(7808K)
[2025-10-31T15:12:13.497+0000][gc            ] GC(73) Pause Young (Concurrent Start) (G1 Humongous Allocation) 238M->197M(512M) 14.783ms
[2025-10-31T15:12:13.497+0000][gc,cpu        ] GC(73) User=0.03s Sys=0.00s Real=0.02s
[2025-10-31T15:12:13.497+0000][gc            ] GC(74) Concurrent Cycle
[2025-10-31T15:12:13.497+0000][gc,marking    ] GC(74) Concurrent Clear Claimed Marks
[2025-10-31T15:12:13.498+0000][gc,marking    ] GC(74) Concurrent Clear Claimed Marks 0.461ms
[2025-10-31T15:12:13.498+0000][gc,marking    ] GC(74) Concurrent Scan Root Regions
[2025-10-31T15:12:13.503+0000][gc,marking    ] GC(74) Concurrent Scan Root Regions 5.321ms
[2025-10-31T15:12:13.504+0000][gc,marking    ] GC(74) Concurrent Mark (3603.787s)
[2025-10-31T15:12:13.504+0000][gc,marking    ] GC(74) Concurrent Mark From Roots
[2025-10-31T15:12:13.504+0000][gc,task       ] GC(74) Using 1 workers of 1 for marking
[2025-10-31T15:12:13.533+0000][gc,marking    ] GC(74) Concurrent Mark From Roots 29.600ms
[2025-10-31T15:12:13.533+0000][gc,marking    ] GC(74) Concurrent Preclean
[2025-10-31T15:12:13.534+0000][gc,marking    ] GC(74) Concurrent Preclean 0.302ms
[2025-10-31T15:12:13.534+0000][gc,marking    ] GC(74) Concurrent Mark (3603.787s, 3603.817s) 30.465ms
[2025-10-31T15:12:13.534+0000][gc,start      ] GC(74) Pause Remark
[2025-10-31T15:12:13.549+0000][gc,stringtable] GC(74) Cleaned string and symbol table, strings: 16749 processed, 0 removed, symbols: 123823 processed, 0 removed
[2025-10-31T15:12:13.550+0000][gc            ] GC(74) Pause Remark 207M->207M(512M) 15.624ms
[2025-10-31T15:12:13.550+0000][gc,cpu        ] GC(74) User=0.03s Sys=0.00s Real=0.02s
[2025-10-31T15:12:13.550+0000][gc,marking    ] GC(74) Concurrent Rebuild Remembered Sets
[2025-10-31T15:12:13.569+0000][gc,marking    ] GC(74) Concurrent Rebuild Remembered Sets 18.257ms
[2025-10-31T15:12:13.569+0000][gc,start      ] GC(74) Pause Cleanup
[2025-10-31T15:12:13.570+0000][gc            ] GC(74) Pause Cleanup 207M->207M(512M) 0.531ms
[2025-10-31T15:12:13.570+0000][gc,cpu        ] GC(74) User=0.00s Sys=0.00s Real=0.00s
[2025-10-31T15:12:13.570+0000][gc,marking    ] GC(74) Concurrent Cleanup for Next Mark
[2025-10-31T15:12:13.571+0000][gc,marking    ] GC(74) Concurrent Cleanup for Next Mark 0.796ms
[2025-10-31T15:12:13.571+0000][gc            ] GC(74) Concurrent Cycle 74.473ms
[2025-10-31T15:13:15.805+0000][gc,start      ] GC(75) Pause Young (Prepare Mixed) (G1 Evacuation Pause)
[2025-10-31T15:13:15.805+0000][gc,task       ] GC(75) Using 2 workers of 2 for evacuation
[2025-10-31T15:13:15.819+0000][gc,phases     ] GC(75)   Pre Evacuate Collection Set: 0.0ms
[2025-10-31T15:13:15.819+0000][gc,phases     ] GC(75)   Evacuate Collection Set: 12.8ms
[2025-10-31T15:13:15.820+0000][gc,phases     ] GC(75)   Post Evacuate Collection Set: 0.7ms
[2025-10-31T15:13:15.820+0000][gc,phases     ] GC(75)   Other: 0.5ms
[2025-10-31T15:13:15.820+0000][gc,heap       ] GC(75) Eden regions: 64->0(20)
[2025-10-31T15:13:15.820+0000][gc,heap       ] GC(75) Survivor regions: 8->5(9)
[2025-10-31T15:13:15.820+0000][gc,heap       ] GC(75) Old regions: 53->58
[2025-10-31T15:13:15.820+0000][gc,heap       ] GC(75) Humongous regions: 147->147
[2025-10-31T15:13:15.821+0000][gc,metaspace  ] GC(75) Metaspace: 52774K(57136K)->52774K(57136K) NonClass: 46854K(49328K)->46854K(49328K) Class: 5920K(7808K)->5920K(7808K)
[2025-10-31T15:13:15.821+0000][gc            ] GC(75) Pause Young (Prepare Mixed) (G1 Evacuation Pause) 270M->208M(512M) 15.540ms
[2025-10-31T15:13:15.821+0000][gc,cpu        ] GC(75) User=0.02s Sys=0.00s Real=0.01s
[2025-10-31T15:13:35.785+0000][gc,start      ] GC(76) Pause Young (Mixed) (G1 Evacuation Pause)
[2025-10-31T15:13:35.785+0000][gc,task       ] GC(76) Using 2 workers of 2 for evacuation
[2025-10-31T15:13:35.796+0000][gc,phases     ] GC(76)   Pre Evacuate Collection Set: 0.0ms
[2025-10-31T15:13:35.796+0000][gc,phases     ] GC(76)   Evacuate Collection Set: 9.4ms
[2025-10-31T15:13:35.796+0000][gc,phases     ] GC(76)   Post Evacuate Collection Set: 0.6ms
[2025-10-31T15:13:35.796+0000][gc,phases     ] GC(76)   Other: 0.6ms
[2025-10-31T15:13:35.796+0000][gc,heap       ] GC(76) Eden regions: 20->0(91)
[2025-10-31T15:13:35.797+0000][gc,heap       ] GC(76) Survivor regions: 5->3(4)
[2025-10-31T15:13:35.797+0000][gc,heap       ] GC(76) Old regions: 58->52
[2025-10-31T15:13:35.797+0000][gc,heap       ] GC(76) Humongous regions: 147->147
[2025-10-31T15:13:35.797+0000][gc,metaspace  ] GC(76) Metaspace: 52776K(57136K)->52776K(57136K) NonClass: 46855K(49328K)->46855K(49328K) Class: 5920K(7808K)->5920K(7808K)
[2025-10-31T15:13:35.797+0000][gc            ] GC(76) Pause Young (Mixed) (G1 Evacuation Pause) 228M->201M(512M) 12.295ms
[2025-10-31T15:13:35.798+0000][gc,cpu        ] GC(76) User=0.03s Sys=0.00s Real=0.01s
[2025-10-31T15:15:08.009+0000][gc,start      ] GC(77) Pause Young (Concurrent Start) (G1 Evacuation Pause)
[2025-10-31T15:15:08.009+0000][gc,task       ] GC(77) Using 2 workers of 2 for evacuation
[2025-10-31T15:15:08.056+0000][gc,mmu        ] GC(77) MMU target violated: 21.0ms (20.0ms/21.0ms)
[2025-10-31T15:15:08.056+0000][gc,phases     ] GC(77)   Pre Evacuate Collection Set: 2.1ms
[2025-10-31T15:15:08.056+0000][gc,phases     ] GC(77)   Evacuate Collection Set: 42.5ms
[2025-10-31T15:15:08.056+0000][gc,phases     ] GC(77)   Post Evacuate Collection Set: 1.1ms
[2025-10-31T15:15:08.056+0000][gc,phases     ] GC(77)   Other: 1.7ms
[2025-10-31T15:15:08.057+0000][gc,heap       ] GC(77) Eden regions: 91->0(20)
[2025-10-31T15:15:08.057+0000][gc,heap       ] GC(77) Survivor regions: 3->5(12)
[2025-10-31T15:15:08.057+0000][gc,heap       ] GC(77) Old regions: 52->52
[2025-10-31T15:15:08.057+0000][gc,heap       ] GC(77) Humongous regions: 147->147
[2025-10-31T15:15:08.057+0000][gc,metaspace  ] GC(77) Metaspace: 52776K(57136K)->52776K(57136K) NonClass: 46856K(49328K)->46856K(49328K) Class: 5920K(7808K)->5920K(7808K)
[2025-10-31T15:15:08.057+0000][gc            ] GC(77) Pause Young (Concurrent Start) (G1 Evacuation Pause) 292M->204M(512M) 48.920ms
[2025-10-31T15:15:08.058+0000][gc,cpu        ] GC(77) User=0.09s Sys=0.00s Real=0.05s
[2025-10-31T15:15:08.058+0000][gc            ] GC(78) Concurrent Cycle
[2025-10-31T15:15:08.058+0000][gc,marking    ] GC(78) Concurrent Clear Claimed Marks
[2025-10-31T15:15:08.058+0000][gc,marking    ] GC(78) Concurrent Clear Claimed Marks 0.343ms
[2025-10-31T15:15:08.059+0000][gc,marking    ] GC(78) Concurrent Scan Root Regions
[2025-10-31T15:15:08.068+0000][gc,marking    ] GC(78) Concurrent Scan Root Regions 9.381ms
[2025-10-31T15:15:08.068+0000][gc,marking    ] GC(78) Concurrent Mark (3778.301s)
[2025-10-31T15:15:08.069+0000][gc,marking    ] GC(78) Concurrent Mark From Roots
[2025-10-31T15:15:08.069+0000][gc,task       ] GC(78) Using 1 workers of 1 for marking
[2025-10-31T15:15:08.101+0000][gc,marking    ] GC(78) Concurrent Mark From Roots 31.701ms
[2025-10-31T15:15:08.101+0000][gc,marking    ] GC(78) Concurrent Preclean
[2025-10-31T15:15:08.101+0000][gc,marking    ] GC(78) Concurrent Preclean 0.296ms
[2025-10-31T15:15:08.101+0000][gc,marking    ] GC(78) Concurrent Mark (3778.301s, 3778.335s) 33.123ms
[2025-10-31T15:15:08.102+0000][gc,start      ] GC(78) Pause Remark
[2025-10-31T15:15:08.111+0000][gc,stringtable] GC(78) Cleaned string and symbol table, strings: 16766 processed, 1 removed, symbols: 123842 processed, 0 removed
[2025-10-31T15:15:08.112+0000][gc            ] GC(78) Pause Remark 204M->204M(512M) 9.891ms
[2025-10-31T15:15:08.112+0000][gc,cpu        ] GC(78) User=0.02s Sys=0.00s Real=0.01s
[2025-10-31T15:15:08.112+0000][gc,marking    ] GC(78) Concurrent Rebuild Remembered Sets
[2025-10-31T15:15:08.130+0000][gc,marking    ] GC(78) Concurrent Rebuild Remembered Sets 18.097ms
[2025-10-31T15:15:08.131+0000][gc,start      ] GC(78) Pause Cleanup
[2025-10-31T15:15:08.131+0000][gc            ] GC(78) Pause Cleanup 204M->204M(512M) 0.434ms
[2025-10-31T15:15:08.131+0000][gc,cpu        ] GC(78) User=0.00s Sys=0.00s Real=0.00s
[2025-10-31T15:15:08.132+0000][gc,marking    ] GC(78) Concurrent Cleanup for Next Mark
[2025-10-31T15:15:08.132+0000][gc,marking    ] GC(78) Concurrent Cleanup for Next Mark 0.589ms
[2025-10-31T15:15:08.132+0000][gc            ] GC(78) Concurrent Cycle 74.539ms
[2025-10-31T15:15:27.790+0000][gc,start      ] GC(79) Pause Young (Prepare Mixed) (G1 Evacuation Pause)
[2025-10-31T15:15:27.791+0000][gc,task       ] GC(79) Using 2 workers of 2 for evacuation
[2025-10-31T15:15:27.836+0000][gc,mmu        ] GC(79) MMU target violated: 21.0ms (20.0ms/21.0ms)
[2025-10-31T15:15:27.837+0000][gc,phases     ] GC(79)   Pre Evacuate Collection Set: 0.0ms
[2025-10-31T15:15:27.839+0000][gc,phases     ] GC(79)   Evacuate Collection Set: 41.4ms
[2025-10-31T15:15:27.841+0000][gc,phases     ] GC(79)   Post Evacuate Collection Set: 2.1ms
[2025-10-31T15:15:27.843+0000][gc,phases     ] GC(79)   Other: 3.4ms
[2025-10-31T15:15:27.843+0000][gc,heap       ] GC(79) Eden regions: 20->0(23)
[2025-10-31T15:15:27.844+0000][gc,heap       ] GC(79) Survivor regions: 5->2(4)
[2025-10-31T15:15:27.844+0000][gc,heap       ] GC(79) Old regions: 52->56
[2025-10-31T15:15:27.845+0000][gc,heap       ] GC(79) Humongous regions: 147->147
[2025-10-31T15:15:27.845+0000][gc,metaspace  ] GC(79) Metaspace: 52778K(57136K)->52778K(57136K) NonClass: 46857K(49328K)->46857K(49328K) Class: 5920K(7808K)->5920K(7808K)
[2025-10-31T15:15:27.845+0000][gc            ] GC(79) Pause Young (Prepare Mixed) (G1 Evacuation Pause) 224M->204M(512M) 55.427ms
[2025-10-31T15:15:27.846+0000][gc,cpu        ] GC(79) User=0.09s Sys=0.00s Real=0.06s
[2025-10-31T15:15:50.484+0000][gc,start      ] GC(80) Pause Young (Mixed) (G1 Evacuation Pause)
[2025-10-31T15:15:50.485+0000][gc,task       ] GC(80) Using 2 workers of 2 for evacuation
[2025-10-31T15:15:50.500+0000][gc,phases     ] GC(80)   Pre Evacuate Collection Set: 0.0ms
[2025-10-31T15:15:50.501+0000][gc,phases     ] GC(80)   Evacuate Collection Set: 6.4ms
[2025-10-31T15:15:50.501+0000][gc,phases     ] GC(80)   Post Evacuate Collection Set: 8.8ms
[2025-10-31T15:15:50.501+0000][gc,phases     ] GC(80)   Other: 0.7ms
[2025-10-31T15:15:50.501+0000][gc,heap       ] GC(80) Eden regions: 23->0(22)
[2025-10-31T15:15:50.501+0000][gc,heap       ] GC(80) Survivor regions: 2->3(4)
[2025-10-31T15:15:50.502+0000][gc,heap       ] GC(80) Old regions: 56->52
[2025-10-31T15:15:50.502+0000][gc,heap       ] GC(80) Humongous regions: 147->147
[2025-10-31T15:15:50.502+0000][gc,metaspace  ] GC(80) Metaspace: 52778K(57136K)->52778K(57136K) NonClass: 46857K(49328K)->46857K(49328K) Class: 5920K(7808K)->5920K(7808K)
[2025-10-31T15:15:50.502+0000][gc            ] GC(80) Pause Young (Mixed) (G1 Evacuation Pause) 227M->200M(512M) 17.758ms
[2025-10-31T15:15:50.502+0000][gc,cpu        ] GC(80) User=0.02s Sys=0.00s Real=0.02s
[2025-10-31T15:16:12.164+0000][gc,start      ] GC(81) Pause Young (Mixed) (G1 Evacuation Pause)
[2025-10-31T15:16:12.165+0000][gc,task       ] GC(81) Using 2 workers of 2 for evacuation
[2025-10-31T15:16:12.172+0000][gc,phases     ] GC(81)   Pre Evacuate Collection Set: 0.0ms
[2025-10-31T15:16:12.173+0000][gc,phases     ] GC(81)   Evacuate Collection Set: 7.0ms
[2025-10-31T15:16:12.173+0000][gc,phases     ] GC(81)   Post Evacuate Collection Set: 0.6ms
[2025-10-31T15:16:12.173+0000][gc,phases     ] GC(81)   Other: 0.5ms
[2025-10-31T15:16:12.173+0000][gc,heap       ] GC(81) Eden regions: 22->0(22)
[2025-10-31T15:16:12.173+0000][gc,heap       ] GC(81) Survivor regions: 3->3(4)
[2025-10-31T15:16:12.173+0000][gc,heap       ] GC(81) Old regions: 52->51
[2025-10-31T15:16:12.173+0000][gc,heap       ] GC(81) Humongous regions: 147->147
[2025-10-31T15:16:12.174+0000][gc,metaspace  ] GC(81) Metaspace: 52795K(57136K)->52795K(57136K) NonClass: 46874K(49328K)->46874K(49328K) Class: 5920K(7808K)->5920K(7808K)
[2025-10-31T15:16:12.174+0000][gc            ] GC(81) Pause Young (Mixed) (G1 Evacuation Pause) 222M->200M(512M) 9.384ms
[2025-10-31T15:16:12.174+0000][gc,cpu        ] GC(81) User=0.01s Sys=0.00s Real=0.01s
[2025-10-31T15:16:33.816+0000][gc,start      ] GC(82) Pause Young (Concurrent Start) (G1 Evacuation Pause)
[2025-10-31T15:16:33.816+0000][gc,task       ] GC(82) Using 2 workers of 2 for evacuation
[2025-10-31T15:16:33.825+0000][gc,phases     ] GC(82)   Pre Evacuate Collection Set: 0.2ms
[2025-10-31T15:16:33.825+0000][gc,phases     ] GC(82)   Evacuate Collection Set: 7.4ms
[2025-10-31T15:16:33.825+0000][gc,phases     ] GC(82)   Post Evacuate Collection Set: 0.7ms
[2025-10-31T15:16:33.825+0000][gc,phases     ] GC(82)   Other: 0.6ms
[2025-10-31T15:16:33.825+0000][gc,heap       ] GC(82) Eden regions: 22->0(22)
[2025-10-31T15:16:33.825+0000][gc,heap       ] GC(82) Survivor regions: 3->3(4)
[2025-10-31T15:16:33.826+0000][gc,heap       ] GC(82) Old regions: 51->51
[2025-10-31T15:16:33.826+0000][gc,heap       ] GC(82) Humongous regions: 147->147
[2025-10-31T15:16:33.826+0000][gc,metaspace  ] GC(82) Metaspace: 52797K(57136K)->52797K(57136K) NonClass: 46877K(49328K)->46877K(49328K) Class: 5920K(7808K)->5920K(7808K)
[2025-10-31T15:16:33.826+0000][gc            ] GC(82) Pause Young (Concurrent Start) (G1 Evacuation Pause) 222M->201M(512M) 10.258ms
[2025-10-31T15:16:33.826+0000][gc,cpu        ] GC(82) User=0.01s Sys=0.00s Real=0.01s
[2025-10-31T15:16:33.826+0000][gc            ] GC(83) Concurrent Cycle
[2025-10-31T15:16:33.827+0000][gc,marking    ] GC(83) Concurrent Clear Claimed Marks
[2025-10-31T15:16:33.827+0000][gc,marking    ] GC(83) Concurrent Clear Claimed Marks 0.405ms
[2025-10-31T15:16:33.827+0000][gc,marking    ] GC(83) Concurrent Scan Root Regions
[2025-10-31T15:16:33.830+0000][gc,marking    ] GC(83) Concurrent Scan Root Regions 3.081ms
[2025-10-31T15:16:33.830+0000][gc,marking    ] GC(83) Concurrent Mark (3864.061s)
[2025-10-31T15:16:33.831+0000][gc,marking    ] GC(83) Concurrent Mark From Roots
[2025-10-31T15:16:33.831+0000][gc,task       ] GC(83) Using 1 workers of 1 for marking
[2025-10-31T15:16:33.862+0000][gc,marking    ] GC(83) Concurrent Mark From Roots 31.033ms
[2025-10-31T15:16:33.862+0000][gc,marking    ] GC(83) Concurrent Preclean
[2025-10-31T15:16:33.862+0000][gc,marking    ] GC(83) Concurrent Preclean 0.347ms
[2025-10-31T15:16:33.862+0000][gc,marking    ] GC(83) Concurrent Mark (3864.061s, 3864.093s) 31.902ms
[2025-10-31T15:16:33.863+0000][gc,start      ] GC(83) Pause Remark
[2025-10-31T15:16:33.870+0000][gc,stringtable] GC(83) Cleaned string and symbol table, strings: 16765 processed, 0 removed, symbols: 123842 processed, 0 removed
[2025-10-31T15:16:33.871+0000][gc            ] GC(83) Pause Remark 201M->201M(512M) 7.971ms
[2025-10-31T15:16:33.871+0000][gc,cpu        ] GC(83) User=0.02s Sys=0.00s Real=0.01s
[2025-10-31T15:16:33.871+0000][gc,marking    ] GC(83) Concurrent Rebuild Remembered Sets
[2025-10-31T15:16:33.889+0000][gc,marking    ] GC(83) Concurrent Rebuild Remembered Sets 18.247ms
[2025-10-31T15:16:33.890+0000][gc,start      ] GC(83) Pause Cleanup
[2025-10-31T15:16:33.890+0000][gc            ] GC(83) Pause Cleanup 201M->201M(512M) 0.488ms
[2025-10-31T15:16:33.890+0000][gc,cpu        ] GC(83) User=0.00s Sys=0.00s Real=0.00s
[2025-10-31T15:16:33.891+0000][gc,marking    ] GC(83) Concurrent Cleanup for Next Mark
[2025-10-31T15:16:33.891+0000][gc,marking    ] GC(83) Concurrent Cleanup for Next Mark 0.743ms
[2025-10-31T15:16:33.892+0000][gc            ] GC(83) Concurrent Cycle 65.148ms
[2025-10-31T15:16:56.034+0000][gc,start      ] GC(84) Pause Young (Prepare Mixed) (G1 Evacuation Pause)
[2025-10-31T15:16:56.034+0000][gc,task       ] GC(84) Using 2 workers of 2 for evacuation
[2025-10-31T15:16:56.043+0000][gc,phases     ] GC(84)   Pre Evacuate Collection Set: 0.0ms
[2025-10-31T15:16:56.043+0000][gc,phases     ] GC(84)   Evacuate Collection Set: 7.8ms
[2025-10-31T15:16:56.043+0000][gc,phases     ] GC(84)   Post Evacuate Collection Set: 0.7ms
[2025-10-31T15:16:56.043+0000][gc,phases     ] GC(84)   Other: 0.6ms
[2025-10-31T15:16:56.044+0000][gc,heap       ] GC(84) Eden regions: 22->0(22)
[2025-10-31T15:16:56.044+0000][gc,heap       ] GC(84) Survivor regions: 3->3(4)
[2025-10-31T15:16:56.044+0000][gc,heap       ] GC(84) Old regions: 51->52
[2025-10-31T15:16:56.044+0000][gc,heap       ] GC(84) Humongous regions: 147->147
[2025-10-31T15:16:56.044+0000][gc,metaspace  ] GC(84) Metaspace: 52797K(57136K)->52797K(57136K) NonClass: 46877K(49328K)->46877K(49328K) Class: 5920K(7808K)->5920K(7808K)
[2025-10-31T15:16:56.044+0000][gc            ] GC(84) Pause Young (Prepare Mixed) (G1 Evacuation Pause) 223M->201M(512M) 10.354ms
[2025-10-31T15:16:56.044+0000][gc,cpu        ] GC(84) User=0.02s Sys=0.00s Real=0.01s
[2025-10-31T15:17:17.507+0000][gc,start      ] GC(85) Pause Young (Mixed) (G1 Evacuation Pause)
[2025-10-31T15:17:17.507+0000][gc,task       ] GC(85) Using 2 workers of 2 for evacuation
[2025-10-31T15:17:17.517+0000][gc,phases     ] GC(85)   Pre Evacuate Collection Set: 0.0ms
[2025-10-31T15:17:17.517+0000][gc,phases     ] GC(85)   Evacuate Collection Set: 8.7ms
[2025-10-31T15:17:17.517+0000][gc,phases     ] GC(85)   Post Evacuate Collection Set: 0.7ms
[2025-10-31T15:17:17.517+0000][gc,phases     ] GC(85)   Other: 0.8ms
[2025-10-31T15:17:17.518+0000][gc,heap       ] GC(85) Eden regions: 22->0(29)
[2025-10-31T15:17:17.518+0000][gc,heap       ] GC(85) Survivor regions: 3->3(4)
[2025-10-31T15:17:17.518+0000][gc,heap       ] GC(85) Old regions: 52->49
[2025-10-31T15:17:17.518+0000][gc,heap       ] GC(85) Humongous regions: 147->147
[2025-10-31T15:17:17.518+0000][gc,metaspace  ] GC(85) Metaspace: 52798K(57136K)->52798K(57136K) NonClass: 46877K(49328K)->46877K(49328K) Class: 5920K(7808K)->5920K(7808K)
[2025-10-31T15:17:17.518+0000][gc            ] GC(85) Pause Young (Mixed) (G1 Evacuation Pause) 223M->198M(512M) 11.591ms
[2025-10-31T15:17:17.519+0000][gc,cpu        ] GC(85) User=0.02s Sys=0.00s Real=0.02s
[2025-10-31T15:17:43.357+0000][gc,start      ] GC(86) Pause Young (Normal) (G1 Evacuation Pause)
[2025-10-31T15:17:43.357+0000][gc,task       ] GC(86) Using 2 workers of 2 for evacuation
[2025-10-31T15:17:43.365+0000][gc,phases     ] GC(86)   Pre Evacuate Collection Set: 0.0ms
[2025-10-31T15:17:43.365+0000][gc,phases     ] GC(86)   Evacuate Collection Set: 6.6ms
[2025-10-31T15:17:43.365+0000][gc,phases     ] GC(86)   Post Evacuate Collection Set: 0.7ms
[2025-10-31T15:17:43.365+0000][gc,phases     ] GC(86)   Other: 0.6ms
[2025-10-31T15:17:43.365+0000][gc,heap       ] GC(86) Eden regions: 26->0(35)
[2025-10-31T15:17:43.366+0000][gc,heap       ] GC(86) Survivor regions: 3->2(4)
[2025-10-31T15:17:43.366+0000][gc,heap       ] GC(86) Old regions: 49->50
[2025-10-31T15:17:43.366+0000][gc,heap       ] GC(86) Humongous regions: 147->147
[2025-10-31T15:17:43.366+0000][gc,metaspace  ] GC(86) Metaspace: 52798K(57136K)->52798K(57136K) NonClass: 46877K(49328K)->46877K(49328K) Class: 5920K(7808K)->5920K(7808K)
[2025-10-31T15:17:43.366+0000][gc            ] GC(86) Pause Young (Normal) (G1 Evacuation Pause) 224M->197M(512M) 9.433ms
[2025-10-31T15:17:43.366+0000][gc,cpu        ] GC(86) User=0.02s Sys=0.00s Real=0.01s
[2025-10-31T15:18:15.295+0000][gc,start      ] GC(87) Pause Young (Normal) (G1 Evacuation Pause)
[2025-10-31T15:18:15.296+0000][gc,task       ] GC(87) Using 2 workers of 2 for evacuation
[2025-10-31T15:18:15.306+0000][gc,phases     ] GC(87)   Pre Evacuate Collection Set: 0.0ms
[2025-10-31T15:18:15.306+0000][gc,phases     ] GC(87)   Evacuate Collection Set: 9.0ms
[2025-10-31T15:18:15.306+0000][gc,phases     ] GC(87)   Post Evacuate Collection Set: 0.6ms
[2025-10-31T15:18:15.306+0000][gc,phases     ] GC(87)   Other: 0.8ms
[2025-10-31T15:18:15.307+0000][gc,heap       ] GC(87) Eden regions: 32->0(39)
[2025-10-31T15:18:15.307+0000][gc,heap       ] GC(87) Survivor regions: 2->4(5)
[2025-10-31T15:18:15.307+0000][gc,heap       ] GC(87) Old regions: 50->50
[2025-10-31T15:18:15.307+0000][gc,heap       ] GC(87) Humongous regions: 147->147
[2025-10-31T15:18:15.307+0000][gc,metaspace  ] GC(87) Metaspace: 52798K(57136K)->52798K(57136K) NonClass: 46877K(49328K)->46877K(49328K) Class: 5920K(7808K)->5920K(7808K)
[2025-10-31T15:18:15.307+0000][gc            ] GC(87) Pause Young (Normal) (G1 Evacuation Pause) 229M->199M(512M) 11.894ms
[2025-10-31T15:18:15.307+0000][gc,cpu        ] GC(87) User=0.02s Sys=0.00s Real=0.01s
[2025-10-31T15:18:53.286+0000][gc,start      ] GC(88) Pause Young (Concurrent Start) (G1 Evacuation Pause)
[2025-10-31T15:18:53.286+0000][gc,task       ] GC(88) Using 2 workers of 2 for evacuation
[2025-10-31T15:18:53.298+0000][gc,phases     ] GC(88)   Pre Evacuate Collection Set: 0.2ms
[2025-10-31T15:18:53.298+0000][gc,phases     ] GC(88)   Evacuate Collection Set: 10.7ms
[2025-10-31T15:18:53.299+0000][gc,phases     ] GC(88)   Post Evacuate Collection Set: 0.8ms
[2025-10-31T15:18:53.299+0000][gc,phases     ] GC(88)   Other: 0.5ms
[2025-10-31T15:18:53.299+0000][gc,heap       ] GC(88) Eden regions: 38->0(39)
[2025-10-31T15:18:53.299+0000][gc,heap       ] GC(88) Survivor regions: 4->4(6)
[2025-10-31T15:18:53.299+0000][gc,heap       ] GC(88) Old regions: 50->51
[2025-10-31T15:18:53.300+0000][gc,heap       ] GC(88) Humongous regions: 147->147
[2025-10-31T15:18:53.300+0000][gc,metaspace  ] GC(88) Metaspace: 52798K(57136K)->52798K(57136K) NonClass: 46877K(49328K)->46877K(49328K) Class: 5920K(7808K)->5920K(7808K)
[2025-10-31T15:18:53.300+0000][gc            ] GC(88) Pause Young (Concurrent Start) (G1 Evacuation Pause) 237M->201M(512M) 14.015ms
[2025-10-31T15:18:53.300+0000][gc,cpu        ] GC(88) User=0.02s Sys=0.00s Real=0.02s
[2025-10-31T15:18:53.300+0000][gc            ] GC(89) Concurrent Cycle
[2025-10-31T15:18:53.301+0000][gc,marking    ] GC(89) Concurrent Clear Claimed Marks
[2025-10-31T15:18:53.301+0000][gc,marking    ] GC(89) Concurrent Clear Claimed Marks 0.710ms
[2025-10-31T15:18:53.302+0000][gc,marking    ] GC(89) Concurrent Scan Root Regions
[2025-10-31T15:18:53.306+0000][gc,marking    ] GC(89) Concurrent Scan Root Regions 4.160ms
[2025-10-31T15:18:53.307+0000][gc,marking    ] GC(89) Concurrent Mark (4003.535s)
[2025-10-31T15:18:53.307+0000][gc,marking    ] GC(89) Concurrent Mark From Roots
[2025-10-31T15:18:53.307+0000][gc,task       ] GC(89) Using 1 workers of 1 for marking
[2025-10-31T15:18:53.341+0000][gc,marking    ] GC(89) Concurrent Mark From Roots 33.988ms
[2025-10-31T15:18:53.341+0000][gc,marking    ] GC(89) Concurrent Preclean
[2025-10-31T15:18:53.341+0000][gc,marking    ] GC(89) Concurrent Preclean 0.374ms
[2025-10-31T15:18:53.342+0000][gc,marking    ] GC(89) Concurrent Mark (4003.535s, 4003.570s) 34.927ms
[2025-10-31T15:18:53.342+0000][gc,start      ] GC(89) Pause Remark
[2025-10-31T15:18:53.351+0000][gc,stringtable] GC(89) Cleaned string and symbol table, strings: 16773 processed, 0 removed, symbols: 123842 processed, 0 removed
[2025-10-31T15:18:53.352+0000][gc            ] GC(89) Pause Remark 202M->202M(512M) 9.974ms
[2025-10-31T15:18:53.352+0000][gc,cpu        ] GC(89) User=0.02s Sys=0.00s Real=0.01s
[2025-10-31T15:18:53.352+0000][gc,marking    ] GC(89) Concurrent Rebuild Remembered Sets
[2025-10-31T15:18:53.372+0000][gc,marking    ] GC(89) Concurrent Rebuild Remembered Sets 19.393ms
[2025-10-31T15:18:53.372+0000][gc,start      ] GC(89) Pause Cleanup
[2025-10-31T15:18:53.373+0000][gc            ] GC(89) Pause Cleanup 202M->202M(512M) 0.373ms
[2025-10-31T15:18:53.373+0000][gc,cpu        ] GC(89) User=0.00s Sys=0.00s Real=0.00s
[2025-10-31T15:18:53.373+0000][gc,marking    ] GC(89) Concurrent Cleanup for Next Mark
[2025-10-31T15:18:53.374+0000][gc,marking    ] GC(89) Concurrent Cleanup for Next Mark 0.629ms
[2025-10-31T15:18:53.374+0000][gc            ] GC(89) Concurrent Cycle 73.534ms
[2025-10-31T15:19:31.532+0000][gc,start      ] GC(90) Pause Young (Prepare Mixed) (G1 Evacuation Pause)
[2025-10-31T15:19:31.533+0000][gc,task       ] GC(90) Using 2 workers of 2 for evacuation
[2025-10-31T15:19:31.543+0000][gc,phases     ] GC(90)   Pre Evacuate Collection Set: 0.0ms
[2025-10-31T15:19:31.543+0000][gc,phases     ] GC(90)   Evacuate Collection Set: 9.5ms
[2025-10-31T15:19:31.543+0000][gc,phases     ] GC(90)   Post Evacuate Collection Set: 0.7ms
[2025-10-31T15:19:31.544+0000][gc,phases     ] GC(90)   Other: 0.5ms
[2025-10-31T15:19:31.544+0000][gc,heap       ] GC(90) Eden regions: 38->0(21)
[2025-10-31T15:19:31.544+0000][gc,heap       ] GC(90) Survivor regions: 4->4(6)
[2025-10-31T15:19:31.544+0000][gc,heap       ] GC(90) Old regions: 51->52
[2025-10-31T15:19:31.544+0000][gc,heap       ] GC(90) Humongous regions: 147->147
[2025-10-31T15:19:31.544+0000][gc,metaspace  ] GC(90) Metaspace: 52798K(57136K)->52798K(57136K) NonClass: 46877K(49328K)->46877K(49328K) Class: 5920K(7808K)->5920K(7808K)
[2025-10-31T15:19:31.544+0000][gc            ] GC(90) Pause Young (Prepare Mixed) (G1 Evacuation Pause) 239M->202M(512M) 11.962ms
[2025-10-31T15:19:31.544+0000][gc,cpu        ] GC(90) User=0.02s Sys=0.00s Real=0.01s
[2025-10-31T15:19:52.604+0000][gc,start      ] GC(91) Pause Young (Mixed) (G1 Evacuation Pause)
[2025-10-31T15:19:52.605+0000][gc,task       ] GC(91) Using 2 workers of 2 for evacuation
[2025-10-31T15:19:52.616+0000][gc,phases     ] GC(91)   Pre Evacuate Collection Set: 0.0ms
[2025-10-31T15:19:52.616+0000][gc,phases     ] GC(91)   Evacuate Collection Set: 10.5ms
[2025-10-31T15:19:52.616+0000][gc,phases     ] GC(91)   Post Evacuate Collection Set: 0.7ms
[2025-10-31T15:19:52.617+0000][gc,phases     ] GC(91)   Other: 0.7ms
[2025-10-31T15:19:52.617+0000][gc,heap       ] GC(91) Eden regions: 21->0(48)
[2025-10-31T15:19:52.617+0000][gc,heap       ] GC(91) Survivor regions: 4->2(4)
[2025-10-31T15:19:52.617+0000][gc,heap       ] GC(91) Old regions: 52->50
[2025-10-31T15:19:52.617+0000][gc,heap       ] GC(91) Humongous regions: 147->147
[2025-10-31T15:19:52.617+0000][gc,metaspace  ] GC(91) Metaspace: 52798K(57136K)->52798K(57136K) NonClass: 46877K(49328K)->46877K(49328K) Class: 5920K(7808K)->5920K(7808K)
[2025-10-31T15:19:52.617+0000][gc            ] GC(91) Pause Young (Mixed) (G1 Evacuation Pause) 223M->198M(512M) 13.238ms
[2025-10-31T15:19:52.618+0000][gc,cpu        ] GC(91) User=0.02s Sys=0.00s Real=0.01s
[2025-10-31T15:20:35.916+0000][gc,start      ] GC(92) Pause Young (Normal) (G1 Evacuation Pause)
[2025-10-31T15:20:35.916+0000][gc,task       ] GC(92) Using 2 workers of 2 for evacuation
[2025-10-31T15:20:35.939+0000][gc,mmu        ] GC(92) MMU target violated: 21.0ms (20.0ms/21.0ms)
[2025-10-31T15:20:35.940+0000][gc,phases     ] GC(92)   Pre Evacuate Collection Set: 0.0ms
[2025-10-31T15:20:35.940+0000][gc,phases     ] GC(92)   Evacuate Collection Set: 20.3ms
[2025-10-31T15:20:35.940+0000][gc,phases     ] GC(92)   Post Evacuate Collection Set: 2.3ms
[2025-10-31T15:20:35.941+0000][gc,phases     ] GC(92)   Other: 1.2ms
[2025-10-31T15:20:35.941+0000][gc,heap       ] GC(92) Eden regions: 44->0(33)
[2025-10-31T15:20:35.942+0000][gc,heap       ] GC(92) Survivor regions: 2->4(6)
[2025-10-31T15:20:35.943+0000][gc,heap       ] GC(92) Old regions: 50->50
[2025-10-31T15:20:35.943+0000][gc,heap       ] GC(92) Humongous regions: 147->147
[2025-10-31T15:20:35.943+0000][gc,metaspace  ] GC(92) Metaspace: 52798K(57136K)->52798K(57136K) NonClass: 46877K(49328K)->46877K(49328K) Class: 5920K(7808K)->5920K(7808K)
[2025-10-31T15:20:35.944+0000][gc            ] GC(92) Pause Young (Normal) (G1 Evacuation Pause) 242M->200M(512M) 27.925ms
[2025-10-31T15:20:35.944+0000][gc,cpu        ] GC(92) User=0.04s Sys=0.00s Real=0.03s
[2025-10-31T15:20:57.785+0000][gc,start      ] GC(93) Pause Young (Normal) (G1 Evacuation Pause)
[2025-10-31T15:20:57.785+0000][gc,task       ] GC(93) Using 2 workers of 2 for evacuation
[2025-10-31T15:20:57.796+0000][gc,phases     ] GC(93)   Pre Evacuate Collection Set: 0.0ms
[2025-10-31T15:20:57.797+0000][gc,phases     ] GC(93)   Evacuate Collection Set: 10.0ms
[2025-10-31T15:20:57.797+0000][gc,phases     ] GC(93)   Post Evacuate Collection Set: 0.7ms
[2025-10-31T15:20:57.797+0000][gc,phases     ] GC(93)   Other: 0.5ms
[2025-10-31T15:20:57.797+0000][gc,heap       ] GC(93) Eden regions: 33->0(37)
[2025-10-31T15:20:57.797+0000][gc,heap       ] GC(93) Survivor regions: 4->3(5)
[2025-10-31T15:20:57.798+0000][gc,heap       ] GC(93) Old regions: 50->52
[2025-10-31T15:20:57.798+0000][gc,heap       ] GC(93) Humongous regions: 147->147
[2025-10-31T15:20:57.798+0000][gc,metaspace  ] GC(93) Metaspace: 52865K(57136K)->52865K(57136K) NonClass: 46945K(49328K)->46945K(49328K) Class: 5920K(7808K)->5920K(7808K)
[2025-10-31T15:20:57.798+0000][gc            ] GC(93) Pause Young (Normal) (G1 Evacuation Pause) 233M->201M(512M) 12.895ms
[2025-10-31T15:20:57.798+0000][gc,cpu        ] GC(93) User=0.02s Sys=0.00s Real=0.01s
[2025-10-31T15:21:34.513+0000][gc,start      ] GC(94) Pause Young (Normal) (G1 Evacuation Pause)
[2025-10-31T15:21:34.514+0000][gc,task       ] GC(94) Using 2 workers of 2 for evacuation
[2025-10-31T15:21:34.529+0000][gc,phases     ] GC(94)   Pre Evacuate Collection Set: 0.0ms
[2025-10-31T15:21:34.529+0000][gc,phases     ] GC(94)   Evacuate Collection Set: 14.0ms
[2025-10-31T15:21:34.529+0000][gc,phases     ] GC(94)   Post Evacuate Collection Set: 0.7ms
[2025-10-31T15:21:34.530+0000][gc,phases     ] GC(94)   Other: 1.0ms
[2025-10-31T15:21:34.530+0000][gc,heap       ] GC(94) Eden regions: 29->0(36)
[2025-10-31T15:21:34.530+0000][gc,heap       ] GC(94) Survivor regions: 3->3(4)
[2025-10-31T15:21:34.531+0000][gc,heap       ] GC(94) Old regions: 52->54
[2025-10-31T15:21:34.531+0000][gc,heap       ] GC(94) Humongous regions: 147->147
[2025-10-31T15:21:34.531+0000][gc,metaspace  ] GC(94) Metaspace: 52865K(57136K)->52865K(57136K) NonClass: 46945K(49328K)->46945K(49328K) Class: 5920K(7808K)->5920K(7808K)
[2025-10-31T15:21:34.531+0000][gc            ] GC(94) Pause Young (Normal) (G1 Evacuation Pause) 230M->203M(512M) 17.985ms
[2025-10-31T15:21:34.532+0000][gc,cpu        ] GC(94) User=0.03s Sys=0.00s Real=0.02s
[2025-10-31T15:22:09.740+0000][gc,start      ] GC(95) Pause Young (Normal) (G1 Evacuation Pause)
[2025-10-31T15:22:09.740+0000][gc,task       ] GC(95) Using 2 workers of 2 for evacuation
[2025-10-31T15:22:09.752+0000][gc,phases     ] GC(95)   Pre Evacuate Collection Set: 0.0ms
[2025-10-31T15:22:09.753+0000][gc,phases     ] GC(95)   Evacuate Collection Set: 11.4ms
[2025-10-31T15:22:09.753+0000][gc,phases     ] GC(95)   Post Evacuate Collection Set: 0.7ms
[2025-10-31T15:22:09.753+0000][gc,phases     ] GC(95)   Other: 0.6ms
[2025-10-31T15:22:09.753+0000][gc,heap       ] GC(95) Eden regions: 28->0(37)
[2025-10-31T15:22:09.753+0000][gc,heap       ] GC(95) Survivor regions: 3->4(4)
[2025-10-31T15:22:09.753+0000][gc,heap       ] GC(95) Old regions: 54->56
[2025-10-31T15:22:09.754+0000][gc,heap       ] GC(95) Humongous regions: 147->147
[2025-10-31T15:22:09.754+0000][gc,metaspace  ] GC(95) Metaspace: 52865K(57136K)->52865K(57136K) NonClass: 46945K(49328K)->46945K(49328K) Class: 5920K(7808K)->5920K(7808K)
[2025-10-31T15:22:09.754+0000][gc            ] GC(95) Pause Young (Normal) (G1 Evacuation Pause) 231M->205M(512M) 14.146ms
[2025-10-31T15:22:09.754+0000][gc,cpu        ] GC(95) User=0.02s Sys=0.00s Real=0.02s
[2025-10-31T15:22:46.303+0000][gc,start      ] GC(96) Pause Young (Normal) (G1 Evacuation Pause)
[2025-10-31T15:22:46.304+0000][gc,task       ] GC(96) Using 2 workers of 2 for evacuation
[2025-10-31T15:22:46.316+0000][gc,phases     ] GC(96)   Pre Evacuate Collection Set: 0.0ms
[2025-10-31T15:22:46.316+0000][gc,phases     ] GC(96)   Evacuate Collection Set: 11.2ms
[2025-10-31T15:22:46.317+0000][gc,phases     ] GC(96)   Post Evacuate Collection Set: 1.0ms
[2025-10-31T15:22:46.317+0000][gc,phases     ] GC(96)   Other: 0.6ms
[2025-10-31T15:22:46.317+0000][gc,heap       ] GC(96) Eden regions: 30->0(41)
[2025-10-31T15:22:46.317+0000][gc,heap       ] GC(96) Survivor regions: 4->2(5)
[2025-10-31T15:22:46.317+0000][gc,heap       ] GC(96) Old regions: 56->57
[2025-10-31T15:22:46.317+0000][gc,heap       ] GC(96) Humongous regions: 147->147
[2025-10-31T15:22:46.317+0000][gc,metaspace  ] GC(96) Metaspace: 52869K(57136K)->52869K(57136K) NonClass: 46948K(49328K)->46948K(49328K) Class: 5920K(7808K)->5920K(7808K)
[2025-10-31T15:22:46.317+0000][gc            ] GC(96) Pause Young (Normal) (G1 Evacuation Pause) 235M->205M(512M) 14.132ms
[2025-10-31T15:22:46.318+0000][gc,cpu        ] GC(96) User=0.03s Sys=0.00s Real=0.02s
[2025-10-31T15:23:24.653+0000][gc,start      ] GC(97) Pause Young (Normal) (G1 Evacuation Pause)
[2025-10-31T15:23:24.654+0000][gc,task       ] GC(97) Using 2 workers of 2 for evacuation
[2025-10-31T15:23:24.665+0000][gc,phases     ] GC(97)   Pre Evacuate Collection Set: 0.0ms
[2025-10-31T15:23:24.665+0000][gc,phases     ] GC(97)   Evacuate Collection Set: 9.7ms
[2025-10-31T15:23:24.665+0000][gc,phases     ] GC(97)   Post Evacuate Collection Set: 0.7ms
[2025-10-31T15:23:24.665+0000][gc,phases     ] GC(97)   Other: 1.1ms
[2025-10-31T15:23:24.666+0000][gc,heap       ] GC(97) Eden regions: 32->0(42)
[2025-10-31T15:23:24.666+0000][gc,heap       ] GC(97) Survivor regions: 2->4(5)
[2025-10-31T15:23:24.666+0000][gc,heap       ] GC(97) Old regions: 57->57
[2025-10-31T15:23:24.666+0000][gc,heap       ] GC(97) Humongous regions: 147->147
[2025-10-31T15:23:24.666+0000][gc,metaspace  ] GC(97) Metaspace: 52872K(57136K)->52872K(57136K) NonClass: 46952K(49328K)->46952K(49328K) Class: 5920K(7808K)->5920K(7808K)
[2025-10-31T15:23:24.667+0000][gc            ] GC(97) Pause Young (Normal) (G1 Evacuation Pause) 237M->207M(512M) 13.153ms
[2025-10-31T15:23:24.667+0000][gc,cpu        ] GC(97) User=0.02s Sys=0.00s Real=0.01s
[2025-10-31T15:24:09.223+0000][gc,start      ] GC(98) Pause Young (Normal) (G1 Evacuation Pause)
[2025-10-31T15:24:09.223+0000][gc,task       ] GC(98) Using 2 workers of 2 for evacuation
[2025-10-31T15:24:09.241+0000][gc,phases     ] GC(98)   Pre Evacuate Collection Set: 0.0ms
[2025-10-31T15:24:09.241+0000][gc,phases     ] GC(98)   Evacuate Collection Set: 16.0ms
[2025-10-31T15:24:09.241+0000][gc,phases     ] GC(98)   Post Evacuate Collection Set: 0.8ms
[2025-10-31T15:24:09.241+0000][gc,phases     ] GC(98)   Other: 0.6ms
[2025-10-31T15:24:09.241+0000][gc,heap       ] GC(98) Eden regions: 42->0(41)
[2025-10-31T15:24:09.242+0000][gc,heap       ] GC(98) Survivor regions: 4->4(6)
[2025-10-31T15:24:09.242+0000][gc,heap       ] GC(98) Old regions: 57->58
[2025-10-31T15:24:09.242+0000][gc,heap       ] GC(98) Humongous regions: 147->147
[2025-10-31T15:24:09.242+0000][gc,metaspace  ] GC(98) Metaspace: 52893K(57136K)->52893K(57136K) NonClass: 46972K(49328K)->46972K(49328K) Class: 5920K(7808K)->5920K(7808K)
[2025-10-31T15:24:09.242+0000][gc            ] GC(98) Pause Young (Normal) (G1 Evacuation Pause) 249M->208M(512M) 19.127ms
[2025-10-31T15:24:09.242+0000][gc,cpu        ] GC(98) User=0.03s Sys=0.00s Real=0.02s
[2025-10-31T15:25:07.425+0000][gc,start      ] GC(99) Pause Young (Normal) (G1 Evacuation Pause)
[2025-10-31T15:25:07.425+0000][gc,task       ] GC(99) Using 2 workers of 2 for evacuation
[2025-10-31T15:25:07.440+0000][gc,phases     ] GC(99)   Pre Evacuate Collection Set: 0.0ms
[2025-10-31T15:25:07.440+0000][gc,phases     ] GC(99)   Evacuate Collection Set: 13.4ms
[2025-10-31T15:25:07.440+0000][gc,phases     ] GC(99)   Post Evacuate Collection Set: 0.5ms
[2025-10-31T15:25:07.440+0000][gc,phases     ] GC(99)   Other: 0.7ms
[2025-10-31T15:25:07.440+0000][gc,heap       ] GC(99) Eden regions: 41->0(44)
[2025-10-31T15:25:07.441+0000][gc,heap       ] GC(99) Survivor regions: 4->6(6)
[2025-10-31T15:25:07.441+0000][gc,heap       ] GC(99) Old regions: 58->60
[2025-10-31T15:25:07.441+0000][gc,heap       ] GC(99) Humongous regions: 147->147
[2025-10-31T15:25:07.441+0000][gc,metaspace  ] GC(99) Metaspace: 52903K(57136K)->52903K(57136K) NonClass: 46982K(49328K)->46982K(49328K) Class: 5920K(7808K)->5920K(7808K)
[2025-10-31T15:25:07.441+0000][gc            ] GC(99) Pause Young (Normal) (G1 Evacuation Pause) 249M->211M(512M) 15.959ms
[2025-10-31T15:25:07.441+0000][gc,cpu        ] GC(99) User=0.03s Sys=0.00s Real=0.02s
[2025-10-31T15:26:30.853+0000][gc,start      ] GC(100) Pause Young (Normal) (G1 Evacuation Pause)
[2025-10-31T15:26:30.853+0000][gc,task       ] GC(100) Using 2 workers of 2 for evacuation
[2025-10-31T15:26:30.868+0000][gc,phases     ] GC(100)   Pre Evacuate Collection Set: 0.1ms
[2025-10-31T15:26:30.868+0000][gc,phases     ] GC(100)   Evacuate Collection Set: 13.3ms
[2025-10-31T15:26:30.868+0000][gc,phases     ] GC(100)   Post Evacuate Collection Set: 0.7ms
[2025-10-31T15:26:30.868+0000][gc,phases     ] GC(100)   Other: 0.7ms
[2025-10-31T15:26:30.869+0000][gc,heap       ] GC(100) Eden regions: 44->0(45)
[2025-10-31T15:26:30.869+0000][gc,heap       ] GC(100) Survivor regions: 6->5(7)
[2025-10-31T15:26:30.869+0000][gc,heap       ] GC(100) Old regions: 60->61
[2025-10-31T15:26:30.869+0000][gc,heap       ] GC(100) Humongous regions: 147->147
[2025-10-31T15:26:30.869+0000][gc,metaspace  ] GC(100) Metaspace: 52905K(57136K)->52905K(57136K) NonClass: 46984K(49328K)->46984K(49328K) Class: 5920K(7808K)->5920K(7808K)
[2025-10-31T15:26:30.870+0000][gc            ] GC(100) Pause Young (Normal) (G1 Evacuation Pause) 255M->212M(512M) 16.596ms
[2025-10-31T15:26:30.870+0000][gc,cpu        ] GC(100) User=0.03s Sys=0.00s Real=0.02s
[2025-10-31T15:27:29.943+0000][gc,start      ] GC(101) Pause Young (Normal) (G1 Evacuation Pause)
[2025-10-31T15:27:29.944+0000][gc,task       ] GC(101) Using 2 workers of 2 for evacuation
[2025-10-31T15:27:29.963+0000][gc,phases     ] GC(101)   Pre Evacuate Collection Set: 0.0ms
[2025-10-31T15:27:29.963+0000][gc,phases     ] GC(101)   Evacuate Collection Set: 17.6ms
[2025-10-31T15:27:29.963+0000][gc,phases     ] GC(101)   Post Evacuate Collection Set: 1.0ms
[2025-10-31T15:27:29.964+0000][gc,phases     ] GC(101)   Other: 1.0ms
[2025-10-31T15:27:29.964+0000][gc,heap       ] GC(101) Eden regions: 45->0(44)
[2025-10-31T15:27:29.964+0000][gc,heap       ] GC(101) Survivor regions: 5->6(7)
[2025-10-31T15:27:29.964+0000][gc,heap       ] GC(101) Old regions: 61->63
[2025-10-31T15:27:29.964+0000][gc,heap       ] GC(101) Humongous regions: 147->147
[2025-10-31T15:27:29.965+0000][gc,metaspace  ] GC(101) Metaspace: 52933K(57136K)->52933K(57136K) NonClass: 47012K(49328K)->47012K(49328K) Class: 5920K(7808K)->5920K(7808K)
[2025-10-31T15:27:29.965+0000][gc            ] GC(101) Pause Young (Normal) (G1 Evacuation Pause) 257M->215M(512M) 21.488ms
[2025-10-31T15:27:29.965+0000][gc,cpu        ] GC(101) User=0.04s Sys=0.00s Real=0.02s
[2025-10-31T15:28:47.806+0000][gc,start      ] GC(102) Pause Young (Normal) (G1 Evacuation Pause)
[2025-10-31T15:28:47.807+0000][gc,task       ] GC(102) Using 2 workers of 2 for evacuation
[2025-10-31T15:28:47.823+0000][gc,phases     ] GC(102)   Pre Evacuate Collection Set: 0.0ms
[2025-10-31T15:28:47.823+0000][gc,phases     ] GC(102)   Evacuate Collection Set: 15.0ms
[2025-10-31T15:28:47.823+0000][gc,phases     ] GC(102)   Post Evacuate Collection Set: 0.7ms
[2025-10-31T15:28:47.823+0000][gc,phases     ] GC(102)   Other: 0.7ms
[2025-10-31T15:28:47.823+0000][gc,heap       ] GC(102) Eden regions: 44->0(45)
[2025-10-31T15:28:47.823+0000][gc,heap       ] GC(102) Survivor regions: 6->7(7)
[2025-10-31T15:28:47.824+0000][gc,heap       ] GC(102) Old regions: 63->66
[2025-10-31T15:28:47.824+0000][gc,heap       ] GC(102) Humongous regions: 147->147
[2025-10-31T15:28:47.824+0000][gc,metaspace  ] GC(102) Metaspace: 52935K(57136K)->52935K(57136K) NonClass: 47014K(49328K)->47014K(49328K) Class: 5920K(7808K)->5920K(7808K)
[2025-10-31T15:28:47.824+0000][gc            ] GC(102) Pause Young (Normal) (G1 Evacuation Pause) 259M->219M(512M) 17.712ms
[2025-10-31T15:28:47.824+0000][gc,cpu        ] GC(102) User=0.04s Sys=0.00s Real=0.02s
[2025-10-31T15:30:08.323+0000][gc,start      ] GC(103) Pause Young (Normal) (G1 Evacuation Pause)
[2025-10-31T15:30:08.324+0000][gc,task       ] GC(103) Using 2 workers of 2 for evacuation
[2025-10-31T15:30:08.338+0000][gc,phases     ] GC(103)   Pre Evacuate Collection Set: 0.0ms
[2025-10-31T15:30:08.339+0000][gc,phases     ] GC(103)   Evacuate Collection Set: 13.8ms
[2025-10-31T15:30:08.339+0000][gc,phases     ] GC(103)   Post Evacuate Collection Set: 0.7ms
[2025-10-31T15:30:08.339+0000][gc,phases     ] GC(103)   Other: 0.6ms
[2025-10-31T15:30:08.339+0000][gc,heap       ] GC(103) Eden regions: 45->0(50)
[2025-10-31T15:30:08.339+0000][gc,heap       ] GC(103) Survivor regions: 7->4(7)
[2025-10-31T15:30:08.339+0000][gc,heap       ] GC(103) Old regions: 66->71
[2025-10-31T15:30:08.339+0000][gc,heap       ] GC(103) Humongous regions: 147->147
[2025-10-31T15:30:08.339+0000][gc,metaspace  ] GC(103) Metaspace: 52935K(57136K)->52935K(57136K) NonClass: 47014K(49328K)->47014K(49328K) Class: 5920K(7808K)->5920K(7808K)
[2025-10-31T15:30:08.340+0000][gc            ] GC(103) Pause Young (Normal) (G1 Evacuation Pause) 264M->221M(512M) 16.260ms
[2025-10-31T15:30:08.340+0000][gc,cpu        ] GC(103) User=0.03s Sys=0.00s Real=0.02s
[2025-10-31T15:31:37.187+0000][gc,start      ] GC(104) Pause Young (Normal) (G1 Evacuation Pause)
[2025-10-31T15:31:37.187+0000][gc,task       ] GC(104) Using 2 workers of 2 for evacuation
[2025-10-31T15:31:37.203+0000][gc,phases     ] GC(104)   Pre Evacuate Collection Set: 0.0ms
[2025-10-31T15:31:37.203+0000][gc,phases     ] GC(104)   Evacuate Collection Set: 14.1ms
[2025-10-31T15:31:37.203+0000][gc,phases     ] GC(104)   Post Evacuate Collection Set: 0.7ms
[2025-10-31T15:31:37.203+0000][gc,phases     ] GC(104)   Other: 0.6ms
[2025-10-31T15:31:37.204+0000][gc,heap       ] GC(104) Eden regions: 50->0(49)
[2025-10-31T15:31:37.204+0000][gc,heap       ] GC(104) Survivor regions: 4->7(7)
[2025-10-31T15:31:37.204+0000][gc,heap       ] GC(104) Old regions: 71->72
[2025-10-31T15:31:37.204+0000][gc,heap       ] GC(104) Humongous regions: 147->147
[2025-10-31T15:31:37.204+0000][gc,metaspace  ] GC(104) Metaspace: 52940K(57136K)->52940K(57136K) NonClass: 47019K(49328K)->47019K(49328K) Class: 5920K(7808K)->5920K(7808K)
[2025-10-31T15:31:37.204+0000][gc            ] GC(104) Pause Young (Normal) (G1 Evacuation Pause) 271M->225M(512M) 16.984ms
[2025-10-31T15:31:37.204+0000][gc,cpu        ] GC(104) User=0.03s Sys=0.00s Real=0.02s
[2025-10-31T15:33:42.053+0000][gc,start      ] GC(105) Pause Young (Normal) (G1 Evacuation Pause)
[2025-10-31T15:33:42.055+0000][gc,task       ] GC(105) Using 2 workers of 2 for evacuation
[2025-10-31T15:33:42.072+0000][gc,phases     ] GC(105)   Pre Evacuate Collection Set: 0.0ms
[2025-10-31T15:33:42.072+0000][gc,phases     ] GC(105)   Evacuate Collection Set: 14.8ms
[2025-10-31T15:33:42.073+0000][gc,phases     ] GC(105)   Post Evacuate Collection Set: 0.6ms
[2025-10-31T15:33:42.073+0000][gc,phases     ] GC(105)   Other: 3.6ms
[2025-10-31T15:33:42.073+0000][gc,heap       ] GC(105) Eden regions: 49->0(52)
[2025-10-31T15:33:42.073+0000][gc,heap       ] GC(105) Survivor regions: 7->4(7)
[2025-10-31T15:33:42.073+0000][gc,heap       ] GC(105) Old regions: 72->77
[2025-10-31T15:33:42.074+0000][gc,heap       ] GC(105) Humongous regions: 147->147
[2025-10-31T15:33:42.074+0000][gc,metaspace  ] GC(105) Metaspace: 52955K(57136K)->52955K(57136K) NonClass: 47034K(49328K)->47034K(49328K) Class: 5921K(7808K)->5921K(7808K)
[2025-10-31T15:33:42.074+0000][gc            ] GC(105) Pause Young (Normal) (G1 Evacuation Pause) 274M->228M(512M) 20.651ms
[2025-10-31T15:33:42.074+0000][gc,cpu        ] GC(105) User=0.03s Sys=0.00s Real=0.02s
[2025-10-31T15:36:17.017+0000][gc,start      ] GC(106) Pause Young (Normal) (G1 Evacuation Pause)
[2025-10-31T15:36:17.017+0000][gc,task       ] GC(106) Using 2 workers of 2 for evacuation
[2025-10-31T15:36:17.031+0000][gc,phases     ] GC(106)   Pre Evacuate Collection Set: 0.0ms
[2025-10-31T15:36:17.031+0000][gc,phases     ] GC(106)   Evacuate Collection Set: 12.8ms
[2025-10-31T15:36:17.032+0000][gc,phases     ] GC(106)   Post Evacuate Collection Set: 0.6ms
[2025-10-31T15:36:17.032+0000][gc,phases     ] GC(106)   Other: 0.6ms
[2025-10-31T15:36:17.032+0000][gc,heap       ] GC(106) Eden regions: 52->0(53)
[2025-10-31T15:36:17.032+0000][gc,heap       ] GC(106) Survivor regions: 4->7(7)
[2025-10-31T15:36:17.032+0000][gc,heap       ] GC(106) Old regions: 77->77
[2025-10-31T15:36:17.032+0000][gc,heap       ] GC(106) Humongous regions: 147->147
[2025-10-31T15:36:17.033+0000][gc,metaspace  ] GC(106) Metaspace: 52955K(57136K)->52955K(57136K) NonClass: 47034K(49328K)->47034K(49328K) Class: 5921K(7808K)->5921K(7808K)
[2025-10-31T15:36:17.033+0000][gc            ] GC(106) Pause Young (Normal) (G1 Evacuation Pause) 279M->230M(512M) 15.727ms
[2025-10-31T15:36:17.033+0000][gc,cpu        ] GC(106) User=0.02s Sys=0.00s Real=0.01s
[2025-10-31T15:38:54.790+0000][gc,start      ] GC(107) Pause Young (Normal) (G1 Evacuation Pause)
[2025-10-31T15:38:54.790+0000][gc,task       ] GC(107) Using 2 workers of 2 for evacuation
[2025-10-31T15:38:54.809+0000][gc,phases     ] GC(107)   Pre Evacuate Collection Set: 0.0ms
[2025-10-31T15:38:54.809+0000][gc,phases     ] GC(107)   Evacuate Collection Set: 17.9ms
[2025-10-31T15:38:54.809+0000][gc,phases     ] GC(107)   Post Evacuate Collection Set: 0.7ms
[2025-10-31T15:38:54.810+0000][gc,phases     ] GC(107)   Other: 0.8ms
[2025-10-31T15:38:54.810+0000][gc,heap       ] GC(107) Eden regions: 53->0(52)
[2025-10-31T15:38:54.810+0000][gc,heap       ] GC(107) Survivor regions: 7->8(8)
[2025-10-31T15:38:54.810+0000][gc,heap       ] GC(107) Old regions: 77->81
[2025-10-31T15:38:54.810+0000][gc,heap       ] GC(107) Humongous regions: 147->147
[2025-10-31T15:38:54.811+0000][gc,metaspace  ] GC(107) Metaspace: 52961K(57136K)->52961K(57136K) NonClass: 47039K(49328K)->47039K(49328K) Class: 5921K(7808K)->5921K(7808K)
[2025-10-31T15:38:54.811+0000][gc            ] GC(107) Pause Young (Normal) (G1 Evacuation Pause) 283M->235M(512M) 21.330ms
[2025-10-31T15:38:54.811+0000][gc,cpu        ] GC(107) User=0.04s Sys=0.00s Real=0.02s
[2025-10-31T15:41:14.511+0000][gc,start      ] GC(108) Pause Young (Normal) (G1 Evacuation Pause)
[2025-10-31T15:41:14.511+0000][gc,task       ] GC(108) Using 2 workers of 2 for evacuation
[2025-10-31T15:41:14.529+0000][gc,phases     ] GC(108)   Pre Evacuate Collection Set: 0.0ms
[2025-10-31T15:41:14.529+0000][gc,phases     ] GC(108)   Evacuate Collection Set: 17.1ms
[2025-10-31T15:41:14.530+0000][gc,phases     ] GC(108)   Post Evacuate Collection Set: 0.7ms
[2025-10-31T15:41:14.530+0000][gc,phases     ] GC(108)   Other: 0.9ms
[2025-10-31T15:41:14.530+0000][gc,heap       ] GC(108) Eden regions: 52->0(53)
[2025-10-31T15:41:14.530+0000][gc,heap       ] GC(108) Survivor regions: 8->6(8)
[2025-10-31T15:41:14.530+0000][gc,heap       ] GC(108) Old regions: 81->87
[2025-10-31T15:41:14.530+0000][gc,heap       ] GC(108) Humongous regions: 147->147
[2025-10-31T15:41:14.530+0000][gc,metaspace  ] GC(108) Metaspace: 52961K(57136K)->52961K(57136K) NonClass: 47039K(49328K)->47039K(49328K) Class: 5921K(7808K)->5921K(7808K)
[2025-10-31T15:41:14.530+0000][gc            ] GC(108) Pause Young (Normal) (G1 Evacuation Pause) 287M->239M(512M) 19.749ms
[2025-10-31T15:41:14.531+0000][gc,cpu        ] GC(108) User=0.04s Sys=0.00s Real=0.02s
[2025-10-31T15:43:36.726+0000][gc,start      ] GC(109) Pause Young (Normal) (G1 Evacuation Pause)
[2025-10-31T15:43:36.726+0000][gc,task       ] GC(109) Using 2 workers of 2 for evacuation
[2025-10-31T15:43:36.742+0000][gc,phases     ] GC(109)   Pre Evacuate Collection Set: 0.0ms
[2025-10-31T15:43:36.742+0000][gc,phases     ] GC(109)   Evacuate Collection Set: 14.2ms
[2025-10-31T15:43:36.742+0000][gc,phases     ] GC(109)   Post Evacuate Collection Set: 0.6ms
[2025-10-31T15:43:36.742+0000][gc,phases     ] GC(109)   Other: 0.7ms
[2025-10-31T15:43:36.742+0000][gc,heap       ] GC(109) Eden regions: 53->0(54)
[2025-10-31T15:43:36.742+0000][gc,heap       ] GC(109) Survivor regions: 6->6(8)
[2025-10-31T15:43:36.742+0000][gc,heap       ] GC(109) Old regions: 87->91
[2025-10-31T15:43:36.742+0000][gc,heap       ] GC(109) Humongous regions: 147->147
[2025-10-31T15:43:36.743+0000][gc,metaspace  ] GC(109) Metaspace: 52964K(57136K)->52964K(57136K) NonClass: 47043K(49328K)->47043K(49328K) Class: 5921K(7808K)->5921K(7808K)
[2025-10-31T15:43:36.743+0000][gc            ] GC(109) Pause Young (Normal) (G1 Evacuation Pause) 292M->243M(512M) 16.540ms
[2025-10-31T15:43:36.743+0000][gc,cpu        ] GC(109) User=0.03s Sys=0.00s Real=0.01s
[2025-10-31T15:45:52.825+0000][gc,start      ] GC(110) Pause Young (Normal) (G1 Evacuation Pause)
[2025-10-31T15:45:52.825+0000][gc,task       ] GC(110) Using 2 workers of 2 for evacuation
[2025-10-31T15:45:52.840+0000][gc,phases     ] GC(110)   Pre Evacuate Collection Set: 0.0ms
[2025-10-31T15:45:52.840+0000][gc,phases     ] GC(110)   Evacuate Collection Set: 13.4ms
[2025-10-31T15:45:52.840+0000][gc,phases     ] GC(110)   Post Evacuate Collection Set: 0.7ms
[2025-10-31T15:45:52.840+0000][gc,phases     ] GC(110)   Other: 0.6ms
[2025-10-31T15:45:52.840+0000][gc,heap       ] GC(110) Eden regions: 54->0(57)
[2025-10-31T15:45:52.841+0000][gc,heap       ] GC(110) Survivor regions: 6->6(8)
[2025-10-31T15:45:52.841+0000][gc,heap       ] GC(110) Old regions: 91->94
[2025-10-31T15:45:52.841+0000][gc,heap       ] GC(110) Humongous regions: 147->147
[2025-10-31T15:45:52.841+0000][gc,metaspace  ] GC(110) Metaspace: 52964K(57136K)->52964K(57136K) NonClass: 47043K(49328K)->47043K(49328K) Class: 5921K(7808K)->5921K(7808K)
[2025-10-31T15:45:52.841+0000][gc            ] GC(110) Pause Young (Normal) (G1 Evacuation Pause) 297M->247M(512M) 16.220ms
[2025-10-31T15:45:52.841+0000][gc,cpu        ] GC(110) User=0.03s Sys=0.00s Real=0.02s
[2025-10-31T15:48:00.487+0000][gc,start      ] GC(111) Pause Young (Normal) (G1 Evacuation Pause)
[2025-10-31T15:48:00.487+0000][gc,task       ] GC(111) Using 2 workers of 2 for evacuation
[2025-10-31T15:48:00.499+0000][gc,phases     ] GC(111)   Pre Evacuate Collection Set: 0.0ms
[2025-10-31T15:48:00.500+0000][gc,phases     ] GC(111)   Evacuate Collection Set: 11.8ms
[2025-10-31T15:48:00.500+0000][gc,phases     ] GC(111)   Post Evacuate Collection Set: 0.6ms
[2025-10-31T15:48:00.500+0000][gc,phases     ] GC(111)   Other: 0.4ms
[2025-10-31T15:48:00.500+0000][gc,heap       ] GC(111) Eden regions: 57->0(62)
[2025-10-31T15:48:00.500+0000][gc,heap       ] GC(111) Survivor regions: 6->5(8)
[2025-10-31T15:48:00.500+0000][gc,heap       ] GC(111) Old regions: 94->98
[2025-10-31T15:48:00.500+0000][gc,heap       ] GC(111) Humongous regions: 147->147
[2025-10-31T15:48:00.501+0000][gc,metaspace  ] GC(111) Metaspace: 52972K(57136K)->52972K(57136K) NonClass: 47051K(49328K)->47051K(49328K) Class: 5921K(7808K)->5921K(7808K)
[2025-10-31T15:48:00.501+0000][gc            ] GC(111) Pause Young (Normal) (G1 Evacuation Pause) 303M->249M(512M) 14.164ms
[2025-10-31T15:48:00.501+0000][gc,cpu        ] GC(111) User=0.02s Sys=0.00s Real=0.02s
[2025-10-31T15:50:21.015+0000][gc,start      ] GC(112) Pause Young (Normal) (G1 Evacuation Pause)
[2025-10-31T15:50:21.015+0000][gc,task       ] GC(112) Using 2 workers of 2 for evacuation
[2025-10-31T15:50:21.031+0000][gc,phases     ] GC(112)   Pre Evacuate Collection Set: 0.0ms
[2025-10-31T15:50:21.032+0000][gc,phases     ] GC(112)   Evacuate Collection Set: 15.0ms
[2025-10-31T15:50:21.032+0000][gc,phases     ] GC(112)   Post Evacuate Collection Set: 0.6ms
[2025-10-31T15:50:21.032+0000][gc,phases     ] GC(112)   Other: 0.6ms
[2025-10-31T15:50:21.032+0000][gc,heap       ] GC(112) Eden regions: 62->0(61)
[2025-10-31T15:50:21.032+0000][gc,heap       ] GC(112) Survivor regions: 5->9(9)
[2025-10-31T15:50:21.032+0000][gc,heap       ] GC(112) Old regions: 98->98
[2025-10-31T15:50:21.033+0000][gc,heap       ] GC(112) Humongous regions: 147->147
[2025-10-31T15:50:21.033+0000][gc,metaspace  ] GC(112) Metaspace: 52991K(57136K)->52991K(57136K) NonClass: 47069K(49328K)->47069K(49328K) Class: 5921K(7808K)->5921K(7808K)
[2025-10-31T15:50:21.033+0000][gc            ] GC(112) Pause Young (Normal) (G1 Evacuation Pause) 311M->253M(512M) 18.037ms
[2025-10-31T15:50:21.033+0000][gc,cpu        ] GC(112) User=0.03s Sys=0.00s Real=0.02s
[2025-10-31T15:52:38.970+0000][gc,start      ] GC(113) Pause Young (Normal) (G1 Evacuation Pause)
[2025-10-31T15:52:38.970+0000][gc,task       ] GC(113) Using 2 workers of 2 for evacuation
[2025-10-31T15:52:38.989+0000][gc,phases     ] GC(113)   Pre Evacuate Collection Set: 0.0ms
[2025-10-31T15:52:38.989+0000][gc,phases     ] GC(113)   Evacuate Collection Set: 18.0ms
[2025-10-31T15:52:38.989+0000][gc,phases     ] GC(113)   Post Evacuate Collection Set: 0.8ms
[2025-10-31T15:52:38.990+0000][gc,phases     ] GC(113)   Other: 0.6ms
[2025-10-31T15:52:38.990+0000][gc,heap       ] GC(113) Eden regions: 61->0(62)
[2025-10-31T15:52:38.990+0000][gc,heap       ] GC(113) Survivor regions: 9->5(9)
[2025-10-31T15:52:38.990+0000][gc,heap       ] GC(113) Old regions: 98->106
[2025-10-31T15:52:38.990+0000][gc,heap       ] GC(113) Humongous regions: 147->147
[2025-10-31T15:52:38.990+0000][gc,metaspace  ] GC(113) Metaspace: 53010K(57136K)->53010K(57136K) NonClass: 47089K(49328K)->47089K(49328K) Class: 5921K(7808K)->5921K(7808K)
[2025-10-31T15:52:38.991+0000][gc            ] GC(113) Pause Young (Normal) (G1 Evacuation Pause) 314M->257M(512M) 21.013ms
[2025-10-31T15:52:38.991+0000][gc,cpu        ] GC(113) User=0.03s Sys=0.00s Real=0.02s
[2025-10-31T15:54:59.143+0000][gc,start      ] GC(114) Pause Young (Normal) (G1 Evacuation Pause)
[2025-10-31T15:54:59.143+0000][gc,task       ] GC(114) Using 2 workers of 2 for evacuation
[2025-10-31T15:54:59.158+0000][gc,phases     ] GC(114)   Pre Evacuate Collection Set: 0.0ms
[2025-10-31T15:54:59.158+0000][gc,phases     ] GC(114)   Evacuate Collection Set: 14.0ms
[2025-10-31T15:54:59.158+0000][gc,phases     ] GC(114)   Post Evacuate Collection Set: 0.8ms
[2025-10-31T15:54:59.159+0000][gc,phases     ] GC(114)   Other: 0.7ms
[2025-10-31T15:54:59.159+0000][gc,heap       ] GC(114) Eden regions: 62->0(62)
[2025-10-31T15:54:59.159+0000][gc,heap       ] GC(114) Survivor regions: 5->9(9)
[2025-10-31T15:54:59.159+0000][gc,heap       ] GC(114) Old regions: 106->106
[2025-10-31T15:54:59.159+0000][gc,heap       ] GC(114) Humongous regions: 147->147
[2025-10-31T15:54:59.160+0000][gc,metaspace  ] GC(114) Metaspace: 53010K(57136K)->53010K(57136K) NonClass: 47089K(49328K)->47089K(49328K) Class: 5921K(7808K)->5921K(7808K)
[2025-10-31T15:54:59.160+0000][gc            ] GC(114) Pause Young (Normal) (G1 Evacuation Pause) 319M->261M(512M) 17.128ms
[2025-10-31T15:54:59.160+0000][gc,cpu        ] GC(114) User=0.03s Sys=0.00s Real=0.02s
[2025-10-31T15:57:08.096+0000][gc,start      ] GC(115) Pause Young (Normal) (G1 Evacuation Pause)
[2025-10-31T15:57:08.096+0000][gc,task       ] GC(115) Using 2 workers of 2 for evacuation
[2025-10-31T15:57:08.134+0000][gc,mmu        ] GC(115) MMU target violated: 21.0ms (20.0ms/21.0ms)
[2025-10-31T15:57:08.134+0000][gc,phases     ] GC(115)   Pre Evacuate Collection Set: 0.0ms
[2025-10-31T15:57:08.135+0000][gc,phases     ] GC(115)   Evacuate Collection Set: 35.9ms
[2025-10-31T15:57:08.135+0000][gc,phases     ] GC(115)   Post Evacuate Collection Set: 1.0ms
[2025-10-31T15:57:08.135+0000][gc,phases     ] GC(115)   Other: 1.8ms
[2025-10-31T15:57:08.136+0000][gc,heap       ] GC(115) Eden regions: 62->0(41)
[2025-10-31T15:57:08.136+0000][gc,heap       ] GC(115) Survivor regions: 9->5(9)
[2025-10-31T15:57:08.136+0000][gc,heap       ] GC(115) Old regions: 106->113
[2025-10-31T15:57:08.136+0000][gc,heap       ] GC(115) Humongous regions: 147->147
[2025-10-31T15:57:08.136+0000][gc,metaspace  ] GC(115) Metaspace: 53010K(57136K)->53010K(57136K) NonClass: 47089K(49328K)->47089K(49328K) Class: 5921K(7808K)->5921K(7808K)
[2025-10-31T15:57:08.137+0000][gc            ] GC(115) Pause Young (Normal) (G1 Evacuation Pause) 323M->264M(512M) 40.903ms
[2025-10-31T15:57:08.137+0000][gc,cpu        ] GC(115) User=0.07s Sys=0.00s Real=0.04s
[2025-10-31T15:57:50.980+0000][gc,start      ] GC(116) Pause Young (Normal) (G1 Evacuation Pause)
[2025-10-31T15:57:50.981+0000][gc,task       ] GC(116) Using 2 workers of 2 for evacuation
[2025-10-31T15:57:50.996+0000][gc,phases     ] GC(116)   Pre Evacuate Collection Set: 0.0ms
[2025-10-31T15:57:50.996+0000][gc,phases     ] GC(116)   Evacuate Collection Set: 13.7ms
[2025-10-31T15:57:50.996+0000][gc,phases     ] GC(116)   Post Evacuate Collection Set: 0.7ms
[2025-10-31T15:57:50.996+0000][gc,phases     ] GC(116)   Other: 1.0ms
[2025-10-31T15:57:50.997+0000][gc,heap       ] GC(116) Eden regions: 41->0(51)
[2025-10-31T15:57:50.997+0000][gc,heap       ] GC(116) Survivor regions: 5->4(6)
[2025-10-31T15:57:50.997+0000][gc,heap       ] GC(116) Old regions: 113->117
[2025-10-31T15:57:50.997+0000][gc,heap       ] GC(116) Humongous regions: 147->147
[2025-10-31T15:57:50.997+0000][gc,metaspace  ] GC(116) Metaspace: 53021K(57136K)->53021K(57136K) NonClass: 47099K(49328K)->47099K(49328K) Class: 5921K(7808K)->5921K(7808K)
[2025-10-31T15:57:50.998+0000][gc            ] GC(116) Pause Young (Normal) (G1 Evacuation Pause) 305M->267M(512M) 17.149ms
[2025-10-31T15:57:50.998+0000][gc,cpu        ] GC(116) User=0.03s Sys=0.00s Real=0.02s
[2025-10-31T15:58:38.762+0000][gc,start      ] GC(117) Pause Young (Normal) (G1 Evacuation Pause)
[2025-10-31T15:58:38.762+0000][gc,task       ] GC(117) Using 2 workers of 2 for evacuation
[2025-10-31T15:58:38.773+0000][gc,phases     ] GC(117)   Pre Evacuate Collection Set: 0.0ms
[2025-10-31T15:58:38.774+0000][gc,phases     ] GC(117)   Evacuate Collection Set: 10.2ms
[2025-10-31T15:58:38.774+0000][gc,phases     ] GC(117)   Post Evacuate Collection Set: 0.6ms
[2025-10-31T15:58:38.774+0000][gc,phases     ] GC(117)   Other: 0.5ms
[2025-10-31T15:58:38.774+0000][gc,heap       ] GC(117) Eden regions: 36->0(49)
[2025-10-31T15:58:38.774+0000][gc,heap       ] GC(117) Survivor regions: 4->3(5)
[2025-10-31T15:58:38.775+0000][gc,heap       ] GC(117) Old regions: 117->119
[2025-10-31T15:58:38.776+0000][gc,heap       ] GC(117) Humongous regions: 147->147
[2025-10-31T15:58:38.776+0000][gc,metaspace  ] GC(117) Metaspace: 53024K(57136K)->53024K(57136K) NonClass: 47103K(49328K)->47103K(49328K) Class: 5921K(7808K)->5921K(7808K)
[2025-10-31T15:58:38.776+0000][gc            ] GC(117) Pause Young (Normal) (G1 Evacuation Pause) 303M->268M(512M) 13.904ms
[2025-10-31T15:58:38.776+0000][gc,cpu        ] GC(117) User=0.03s Sys=0.00s Real=0.02s
[2025-10-31T15:59:26.447+0000][gc,start      ] GC(118) Pause Young (Normal) (G1 Evacuation Pause)
[2025-10-31T15:59:26.447+0000][gc,task       ] GC(118) Using 2 workers of 2 for evacuation
[2025-10-31T15:59:26.457+0000][gc,phases     ] GC(118)   Pre Evacuate Collection Set: 0.0ms
[2025-10-31T15:59:26.457+0000][gc,phases     ] GC(118)   Evacuate Collection Set: 9.1ms
[2025-10-31T15:59:26.457+0000][gc,phases     ] GC(118)   Post Evacuate Collection Set: 0.7ms
[2025-10-31T15:59:26.457+0000][gc,phases     ] GC(118)   Other: 0.6ms
[2025-10-31T15:59:26.458+0000][gc,heap       ] GC(118) Eden regions: 40->0(45)
[2025-10-31T15:59:26.458+0000][gc,heap       ] GC(118) Survivor regions: 3->5(6)
[2025-10-31T15:59:26.458+0000][gc,heap       ] GC(118) Old regions: 119->119
[2025-10-31T15:59:26.458+0000][gc,heap       ] GC(118) Humongous regions: 147->147
[2025-10-31T15:59:26.458+0000][gc,metaspace  ] GC(118) Metaspace: 53026K(57136K)->53026K(57136K) NonClass: 47104K(49328K)->47104K(49328K) Class: 5921K(7808K)->5921K(7808K)
[2025-10-31T15:59:26.458+0000][gc            ] GC(118) Pause Young (Normal) (G1 Evacuation Pause) 308M->270M(512M) 11.562ms
[2025-10-31T15:59:26.458+0000][gc,cpu        ] GC(118) User=0.02s Sys=0.00s Real=0.01s
[2025-10-31T16:00:15.422+0000][gc,start      ] GC(119) Pause Young (Normal) (G1 Evacuation Pause)
[2025-10-31T16:00:15.423+0000][gc,task       ] GC(119) Using 2 workers of 2 for evacuation
[2025-10-31T16:00:15.440+0000][gc,phases     ] GC(119)   Pre Evacuate Collection Set: 0.0ms
[2025-10-31T16:00:15.440+0000][gc,phases     ] GC(119)   Evacuate Collection Set: 16.3ms
[2025-10-31T16:00:15.441+0000][gc,phases     ] GC(119)   Post Evacuate Collection Set: 0.7ms
[2025-10-31T16:00:15.441+0000][gc,phases     ] GC(119)   Other: 0.9ms
[2025-10-31T16:00:15.441+0000][gc,heap       ] GC(119) Eden regions: 45->0(45)
[2025-10-31T16:00:15.441+0000][gc,heap       ] GC(119) Survivor regions: 5->5(7)
[2025-10-31T16:00:15.441+0000][gc,heap       ] GC(119) Old regions: 119->121
[2025-10-31T16:00:15.442+0000][gc,heap       ] GC(119) Humongous regions: 147->147
[2025-10-31T16:00:15.442+0000][gc,metaspace  ] GC(119) Metaspace: 53031K(57136K)->53031K(57136K) NonClass: 47109K(49328K)->47109K(49328K) Class: 5921K(7808K)->5921K(7808K)
[2025-10-31T16:00:15.442+0000][gc            ] GC(119) Pause Young (Normal) (G1 Evacuation Pause) 315M->272M(512M) 19.673ms
[2025-10-31T16:00:15.442+0000][gc,cpu        ] GC(119) User=0.03s Sys=0.00s Real=0.02s
[2025-10-31T16:01:06.442+0000][gc,start      ] GC(120) Pause Young (Normal) (G1 Evacuation Pause)
[2025-10-31T16:01:06.442+0000][gc,task       ] GC(120) Using 2 workers of 2 for evacuation
[2025-10-31T16:01:06.458+0000][gc,phases     ] GC(120)   Pre Evacuate Collection Set: 0.0ms
[2025-10-31T16:01:06.459+0000][gc,phases     ] GC(120)   Evacuate Collection Set: 14.6ms
[2025-10-31T16:01:06.459+0000][gc,phases     ] GC(120)   Post Evacuate Collection Set: 0.7ms
[2025-10-31T16:01:06.459+0000][gc,phases     ] GC(120)   Other: 0.8ms
[2025-10-31T16:01:06.459+0000][gc,heap       ] GC(120) Eden regions: 45->0(46)
[2025-10-31T16:01:06.459+0000][gc,heap       ] GC(120) Survivor regions: 5->6(7)
[2025-10-31T16:01:06.460+0000][gc,heap       ] GC(120) Old regions: 121->123
[2025-10-31T16:01:06.460+0000][gc,heap       ] GC(120) Humongous regions: 147->147
[2025-10-31T16:01:06.460+0000][gc,metaspace  ] GC(120) Metaspace: 53031K(57136K)->53031K(57136K) NonClass: 47109K(49328K)->47109K(49328K) Class: 5921K(7808K)->5921K(7808K)
[2025-10-31T16:01:06.460+0000][gc            ] GC(120) Pause Young (Normal) (G1 Evacuation Pause) 317M->275M(512M) 18.089ms
[2025-10-31T16:01:06.461+0000][gc,cpu        ] GC(120) User=0.04s Sys=0.00s Real=0.02s
[2025-10-31T16:01:48.736+0000][gc,start      ] GC(121) Pause Young (Normal) (G1 Evacuation Pause)
[2025-10-31T16:01:48.736+0000][gc,task       ] GC(121) Using 2 workers of 2 for evacuation
[2025-10-31T16:01:48.763+0000][gc,mmu        ] GC(121) MMU target violated: 21.0ms (20.0ms/21.0ms)
[2025-10-31T16:01:48.763+0000][gc,phases     ] GC(121)   Pre Evacuate Collection Set: 0.0ms
[2025-10-31T16:01:48.763+0000][gc,phases     ] GC(121)   Evacuate Collection Set: 24.3ms
[2025-10-31T16:01:48.764+0000][gc,phases     ] GC(121)   Post Evacuate Collection Set: 1.5ms
[2025-10-31T16:01:48.764+0000][gc,phases     ] GC(121)   Other: 1.5ms
[2025-10-31T16:01:48.764+0000][gc,heap       ] GC(121) Eden regions: 42->0(42)
[2025-10-31T16:01:48.764+0000][gc,heap       ] GC(121) Survivor regions: 6->2(6)
[2025-10-31T16:01:48.766+0000][gc,heap       ] GC(121) Old regions: 123->126
[2025-10-31T16:01:48.766+0000][gc,heap       ] GC(121) Humongous regions: 147->147
[2025-10-31T16:01:48.766+0000][gc,metaspace  ] GC(121) Metaspace: 53031K(57136K)->53031K(57136K) NonClass: 47110K(49328K)->47110K(49328K) Class: 5921K(7808K)->5921K(7808K)
[2025-10-31T16:01:48.767+0000][gc            ] GC(121) Pause Young (Normal) (G1 Evacuation Pause) 317M->274M(512M) 31.250ms
[2025-10-31T16:01:48.767+0000][gc,cpu        ] GC(121) User=0.05s Sys=0.00s Real=0.04s
[2025-10-31T16:02:12.411+0000][gc,start      ] GC(122) Pause Young (Normal) (G1 Evacuation Pause)
[2025-10-31T16:02:12.412+0000][gc,task       ] GC(122) Using 2 workers of 2 for evacuation
[2025-10-31T16:02:12.429+0000][gc,phases     ] GC(122)   Pre Evacuate Collection Set: 0.0ms
[2025-10-31T16:02:12.429+0000][gc,phases     ] GC(122)   Evacuate Collection Set: 15.3ms
[2025-10-31T16:02:12.430+0000][gc,phases     ] GC(122)   Post Evacuate Collection Set: 1.3ms
[2025-10-31T16:02:12.430+0000][gc,phases     ] GC(122)   Other: 1.0ms
[2025-10-31T16:02:12.430+0000][gc,heap       ] GC(122) Eden regions: 23->0(24)
[2025-10-31T16:02:12.430+0000][gc,heap       ] GC(122) Survivor regions: 2->3(4)
[2025-10-31T16:02:12.431+0000][gc,heap       ] GC(122) Old regions: 126->126
[2025-10-31T16:02:12.431+0000][gc,heap       ] GC(122) Humongous regions: 147->147
[2025-10-31T16:02:12.431+0000][gc,metaspace  ] GC(122) Metaspace: 53031K(57136K)->53031K(57136K) NonClass: 47110K(49328K)->47110K(49328K) Class: 5921K(7808K)->5921K(7808K)
[2025-10-31T16:02:12.432+0000][gc            ] GC(122) Pause Young (Normal) (G1 Evacuation Pause) 297M->275M(512M) 20.356ms
[2025-10-31T16:02:12.432+0000][gc,cpu        ] GC(122) User=0.03s Sys=0.00s Real=0.02s
[2025-10-31T16:02:34.669+0000][gc,start      ] GC(123) Pause Young (Normal) (G1 Evacuation Pause)
[2025-10-31T16:02:34.669+0000][gc,task       ] GC(123) Using 2 workers of 2 for evacuation
[2025-10-31T16:02:34.694+0000][gc,mmu        ] GC(123) MMU target violated: 21.0ms (20.0ms/21.0ms)
[2025-10-31T16:02:34.694+0000][gc,phases     ] GC(123)   Pre Evacuate Collection Set: 0.1ms
[2025-10-31T16:02:34.695+0000][gc,phases     ] GC(123)   Evacuate Collection Set: 21.9ms
[2025-10-31T16:02:34.696+0000][gc,phases     ] GC(123)   Post Evacuate Collection Set: 1.7ms
[2025-10-31T16:02:34.696+0000][gc,phases     ] GC(123)   Other: 2.0ms
[2025-10-31T16:02:34.697+0000][gc,heap       ] GC(123) Eden regions: 22->0(22)
[2025-10-31T16:02:34.697+0000][gc,heap       ] GC(123) Survivor regions: 3->3(4)
[2025-10-31T16:02:34.698+0000][gc,heap       ] GC(123) Old regions: 126->128
[2025-10-31T16:02:34.698+0000][gc,heap       ] GC(123) Humongous regions: 147->147
[2025-10-31T16:02:34.699+0000][gc,metaspace  ] GC(123) Metaspace: 53031K(57136K)->53031K(57136K) NonClass: 47110K(49328K)->47110K(49328K) Class: 5921K(7808K)->5921K(7808K)
[2025-10-31T16:02:34.699+0000][gc            ] GC(123) Pause Young (Normal) (G1 Evacuation Pause) 297M->276M(512M) 30.283ms
[2025-10-31T16:02:34.700+0000][gc,cpu        ] GC(123) User=0.05s Sys=0.00s Real=0.03s
[2025-10-31T16:02:57.359+0000][gc,start      ] GC(124) Pause Young (Normal) (G1 Evacuation Pause)
[2025-10-31T16:02:57.361+0000][gc,task       ] GC(124) Using 2 workers of 2 for evacuation
[2025-10-31T16:02:57.394+0000][gc,mmu        ] GC(124) MMU target violated: 21.0ms (20.0ms/21.0ms)
[2025-10-31T16:02:57.394+0000][gc,phases     ] GC(124)   Pre Evacuate Collection Set: 0.4ms
[2025-10-31T16:02:57.395+0000][gc,phases     ] GC(124)   Evacuate Collection Set: 29.1ms
[2025-10-31T16:02:57.395+0000][gc,phases     ] GC(124)   Post Evacuate Collection Set: 2.5ms
[2025-10-31T16:02:57.396+0000][gc,phases     ] GC(124)   Other: 2.8ms
[2025-10-31T16:02:57.396+0000][gc,heap       ] GC(124) Eden regions: 22->0(22)
[2025-10-31T16:02:57.397+0000][gc,heap       ] GC(124) Survivor regions: 3->3(4)
[2025-10-31T16:02:57.397+0000][gc,heap       ] GC(124) Old regions: 128->128
[2025-10-31T16:02:57.398+0000][gc,heap       ] GC(124) Humongous regions: 147->147
[2025-10-31T16:02:57.399+0000][gc,metaspace  ] GC(124) Metaspace: 53036K(57136K)->53036K(57136K) NonClass: 47115K(49328K)->47115K(49328K) Class: 5921K(7808K)->5921K(7808K)
[2025-10-31T16:02:57.399+0000][gc            ] GC(124) Pause Young (Normal) (G1 Evacuation Pause) 298M->277M(512M) 39.955ms
[2025-10-31T16:02:57.400+0000][gc,cpu        ] GC(124) User=0.06s Sys=0.00s Real=0.04s
[2025-10-31T16:03:19.764+0000][gc,start      ] GC(125) Pause Young (Normal) (G1 Evacuation Pause)
[2025-10-31T16:03:19.765+0000][gc,task       ] GC(125) Using 2 workers of 2 for evacuation
[2025-10-31T16:03:19.783+0000][gc,phases     ] GC(125)   Pre Evacuate Collection Set: 0.0ms
[2025-10-31T16:03:19.784+0000][gc,phases     ] GC(125)   Evacuate Collection Set: 15.8ms
[2025-10-31T16:03:19.784+0000][gc,phases     ] GC(125)   Post Evacuate Collection Set: 1.8ms
[2025-10-31T16:03:19.785+0000][gc,phases     ] GC(125)   Other: 1.3ms
[2025-10-31T16:03:19.785+0000][gc,heap       ] GC(125) Eden regions: 22->0(22)
[2025-10-31T16:03:19.786+0000][gc,heap       ] GC(125) Survivor regions: 3->3(4)
[2025-10-31T16:03:19.786+0000][gc,heap       ] GC(125) Old regions: 128->129
[2025-10-31T16:03:19.786+0000][gc,heap       ] GC(125) Humongous regions: 147->147
[2025-10-31T16:03:19.787+0000][gc,metaspace  ] GC(125) Metaspace: 53036K(57136K)->53036K(57136K) NonClass: 47115K(49328K)->47115K(49328K) Class: 5921K(7808K)->5921K(7808K)
[2025-10-31T16:03:19.787+0000][gc            ] GC(125) Pause Young (Normal) (G1 Evacuation Pause) 299M->278M(512M) 22.718ms
[2025-10-31T16:03:19.788+0000][gc,cpu        ] GC(125) User=0.04s Sys=0.00s Real=0.03s
[2025-10-31T16:03:42.730+0000][gc,start      ] GC(126) Pause Young (Normal) (G1 Evacuation Pause)
[2025-10-31T16:03:42.730+0000][gc,task       ] GC(126) Using 2 workers of 2 for evacuation
[2025-10-31T16:03:42.746+0000][gc,phases     ] GC(126)   Pre Evacuate Collection Set: 0.0ms
[2025-10-31T16:03:42.747+0000][gc,phases     ] GC(126)   Evacuate Collection Set: 13.9ms
[2025-10-31T16:03:42.747+0000][gc,phases     ] GC(126)   Post Evacuate Collection Set: 1.1ms
[2025-10-31T16:03:42.747+0000][gc,phases     ] GC(126)   Other: 1.0ms
[2025-10-31T16:03:42.747+0000][gc,heap       ] GC(126) Eden regions: 22->0(22)
[2025-10-31T16:03:42.748+0000][gc,heap       ] GC(126) Survivor regions: 3->3(4)
[2025-10-31T16:03:42.748+0000][gc,heap       ] GC(126) Old regions: 129->130
[2025-10-31T16:03:42.748+0000][gc,heap       ] GC(126) Humongous regions: 147->147
[2025-10-31T16:03:42.749+0000][gc,metaspace  ] GC(126) Metaspace: 53036K(57136K)->53036K(57136K) NonClass: 47115K(49328K)->47115K(49328K) Class: 5921K(7808K)->5921K(7808K)
[2025-10-31T16:03:42.749+0000][gc            ] GC(126) Pause Young (Normal) (G1 Evacuation Pause) 300M->279M(512M) 18.863ms
[2025-10-31T16:03:42.749+0000][gc,cpu        ] GC(126) User=0.03s Sys=0.00s Real=0.02s
[2025-10-31T16:04:05.510+0000][gc,start      ] GC(127) Pause Young (Normal) (G1 Evacuation Pause)
[2025-10-31T16:04:05.511+0000][gc,task       ] GC(127) Using 2 workers of 2 for evacuation
[2025-10-31T16:04:05.555+0000][gc,mmu        ] GC(127) MMU target violated: 21.0ms (20.0ms/21.0ms)
[2025-10-31T16:04:05.556+0000][gc,phases     ] GC(127)   Pre Evacuate Collection Set: 0.0ms
[2025-10-31T16:04:05.557+0000][gc,phases     ] GC(127)   Evacuate Collection Set: 40.1ms
[2025-10-31T16:04:05.557+0000][gc,phases     ] GC(127)   Post Evacuate Collection Set: 2.0ms
[2025-10-31T16:04:05.558+0000][gc,phases     ] GC(127)   Other: 3.4ms
[2025-10-31T16:04:05.558+0000][gc,heap       ] GC(127) Eden regions: 22->0(22)
[2025-10-31T16:04:05.558+0000][gc,heap       ] GC(127) Survivor regions: 3->3(4)
[2025-10-31T16:04:05.559+0000][gc,heap       ] GC(127) Old regions: 130->132
[2025-10-31T16:04:05.559+0000][gc,heap       ] GC(127) Humongous regions: 147->147
[2025-10-31T16:04:05.560+0000][gc,metaspace  ] GC(127) Metaspace: 53036K(57136K)->53036K(57136K) NonClass: 47115K(49328K)->47115K(49328K) Class: 5921K(7808K)->5921K(7808K)
[2025-10-31T16:04:05.560+0000][gc            ] GC(127) Pause Young (Normal) (G1 Evacuation Pause) 301M->280M(512M) 49.969ms
[2025-10-31T16:04:05.561+0000][gc,cpu        ] GC(127) User=0.07s Sys=0.00s Real=0.05s
[2025-10-31T16:04:27.890+0000][gc,start      ] GC(128) Pause Young (Normal) (G1 Evacuation Pause)
[2025-10-31T16:04:27.891+0000][gc,task       ] GC(128) Using 2 workers of 2 for evacuation
[2025-10-31T16:04:27.924+0000][gc,mmu        ] GC(128) MMU target violated: 21.0ms (20.0ms/21.0ms)
[2025-10-31T16:04:27.924+0000][gc,phases     ] GC(128)   Pre Evacuate Collection Set: 0.0ms
[2025-10-31T16:04:27.925+0000][gc,phases     ] GC(128)   Evacuate Collection Set: 28.6ms
[2025-10-31T16:04:27.925+0000][gc,phases     ] GC(128)   Post Evacuate Collection Set: 3.1ms
[2025-10-31T16:04:27.926+0000][gc,phases     ] GC(128)   Other: 2.5ms
[2025-10-31T16:04:27.926+0000][gc,heap       ] GC(128) Eden regions: 22->0(22)
[2025-10-31T16:04:27.927+0000][gc,heap       ] GC(128) Survivor regions: 3->3(4)
[2025-10-31T16:04:27.928+0000][gc,heap       ] GC(128) Old regions: 132->132
[2025-10-31T16:04:27.928+0000][gc,heap       ] GC(128) Humongous regions: 147->147
[2025-10-31T16:04:27.929+0000][gc,metaspace  ] GC(128) Metaspace: 53036K(57136K)->53036K(57136K) NonClass: 47115K(49328K)->47115K(49328K) Class: 5921K(7808K)->5921K(7808K)
[2025-10-31T16:04:27.930+0000][gc            ] GC(128) Pause Young (Normal) (G1 Evacuation Pause) 302M->281M(512M) 39.300ms
[2025-10-31T16:04:27.930+0000][gc,cpu        ] GC(128) User=0.06s Sys=0.00s Real=0.04s
[2025-10-31T16:04:50.671+0000][gc,start      ] GC(129) Pause Young (Normal) (G1 Evacuation Pause)
[2025-10-31T16:04:50.672+0000][gc,task       ] GC(129) Using 2 workers of 2 for evacuation
[2025-10-31T16:04:50.705+0000][gc,mmu        ] GC(129) MMU target violated: 21.0ms (20.0ms/21.0ms)
[2025-10-31T16:04:50.706+0000][gc,phases     ] GC(129)   Pre Evacuate Collection Set: 0.0ms
[2025-10-31T16:04:50.706+0000][gc,phases     ] GC(129)   Evacuate Collection Set: 29.9ms
[2025-10-31T16:04:50.707+0000][gc,phases     ] GC(129)   Post Evacuate Collection Set: 1.9ms
[2025-10-31T16:04:50.708+0000][gc,phases     ] GC(129)   Other: 2.9ms
[2025-10-31T16:04:50.709+0000][gc,heap       ] GC(129) Eden regions: 22->0(24)
[2025-10-31T16:04:50.710+0000][gc,heap       ] GC(129) Survivor regions: 3->1(4)
[2025-10-31T16:04:50.711+0000][gc,heap       ] GC(129) Old regions: 132->133
[2025-10-31T16:04:50.713+0000][gc,heap       ] GC(129) Humongous regions: 147->147
[2025-10-31T16:04:50.713+0000][gc,metaspace  ] GC(129) Metaspace: 53036K(57136K)->53036K(57136K) NonClass: 47115K(49328K)->47115K(49328K) Class: 5921K(7808K)->5921K(7808K)
[2025-10-31T16:04:50.716+0000][gc            ] GC(129) Pause Young (Normal) (G1 Evacuation Pause) 303M->280M(512M) 44.610ms
[2025-10-31T16:04:50.716+0000][gc,cpu        ] GC(129) User=0.07s Sys=0.00s Real=0.04s
[2025-10-31T16:05:15.038+0000][gc,start      ] GC(130) Pause Young (Normal) (G1 Evacuation Pause)
[2025-10-31T16:05:15.038+0000][gc,task       ] GC(130) Using 2 workers of 2 for evacuation
[2025-10-31T16:05:15.055+0000][gc,phases     ] GC(130)   Pre Evacuate Collection Set: 0.0ms
[2025-10-31T16:05:15.056+0000][gc,phases     ] GC(130)   Evacuate Collection Set: 14.6ms
[2025-10-31T16:05:15.056+0000][gc,phases     ] GC(130)   Post Evacuate Collection Set: 1.5ms
[2025-10-31T16:05:15.057+0000][gc,phases     ] GC(130)   Other: 1.8ms
[2025-10-31T16:05:15.057+0000][gc,heap       ] GC(130) Eden regions: 24->0(23)
[2025-10-31T16:05:15.058+0000][gc,heap       ] GC(130) Survivor regions: 1->2(4)
[2025-10-31T16:05:15.058+0000][gc,heap       ] GC(130) Old regions: 133->133
[2025-10-31T16:05:15.058+0000][gc,heap       ] GC(130) Humongous regions: 147->147
[2025-10-31T16:05:15.059+0000][gc,metaspace  ] GC(130) Metaspace: 53036K(57136K)->53036K(57136K) NonClass: 47115K(49328K)->47115K(49328K) Class: 5921K(7808K)->5921K(7808K)
[2025-10-31T16:05:15.059+0000][gc            ] GC(130) Pause Young (Normal) (G1 Evacuation Pause) 304M->281M(512M) 21.416ms
[2025-10-31T16:05:15.059+0000][gc,cpu        ] GC(130) User=0.03s Sys=0.00s Real=0.02s
[2025-10-31T16:05:39.264+0000][gc,start      ] GC(131) Pause Young (Normal) (G1 Evacuation Pause)
[2025-10-31T16:05:39.265+0000][gc,task       ] GC(131) Using 2 workers of 2 for evacuation
[2025-10-31T16:05:39.308+0000][gc,mmu        ] GC(131) MMU target violated: 21.0ms (20.0ms/21.0ms)
[2025-10-31T16:05:39.308+0000][gc,phases     ] GC(131)   Pre Evacuate Collection Set: 0.0ms
[2025-10-31T16:05:39.309+0000][gc,phases     ] GC(131)   Evacuate Collection Set: 38.4ms
[2025-10-31T16:05:39.310+0000][gc,phases     ] GC(131)   Post Evacuate Collection Set: 3.9ms
[2025-10-31T16:05:39.311+0000][gc,phases     ] GC(131)   Other: 1.9ms
[2025-10-31T16:05:39.311+0000][gc,heap       ] GC(131) Eden regions: 23->0(21)
[2025-10-31T16:05:39.312+0000][gc,heap       ] GC(131) Survivor regions: 2->4(4)
[2025-10-31T16:05:39.313+0000][gc,heap       ] GC(131) Old regions: 133->133
[2025-10-31T16:05:39.316+0000][gc,heap       ] GC(131) Humongous regions: 147->147
[2025-10-31T16:05:39.317+0000][gc,metaspace  ] GC(131) Metaspace: 53036K(57136K)->53036K(57136K) NonClass: 47115K(49328K)->47115K(49328K) Class: 5921K(7808K)->5921K(7808K)
[2025-10-31T16:05:39.318+0000][gc            ] GC(131) Pause Young (Normal) (G1 Evacuation Pause) 304M->283M(512M) 53.663ms
[2025-10-31T16:05:39.318+0000][gc,cpu        ] GC(131) User=0.09s Sys=0.00s Real=0.05s
[2025-10-31T16:06:00.241+0000][gc,start      ] GC(132) Pause Young (Normal) (G1 Evacuation Pause)
[2025-10-31T16:06:00.241+0000][gc,task       ] GC(132) Using 2 workers of 2 for evacuation
[2025-10-31T16:06:00.266+0000][gc,mmu        ] GC(132) MMU target violated: 21.0ms (20.0ms/21.0ms)
[2025-10-31T16:06:00.267+0000][gc,phases     ] GC(132)   Pre Evacuate Collection Set: 0.1ms
[2025-10-31T16:06:00.267+0000][gc,phases     ] GC(132)   Evacuate Collection Set: 22.6ms
[2025-10-31T16:06:00.268+0000][gc,phases     ] GC(132)   Post Evacuate Collection Set: 1.8ms
[2025-10-31T16:06:00.268+0000][gc,phases     ] GC(132)   Other: 1.9ms
[2025-10-31T16:06:00.269+0000][gc,heap       ] GC(132) Eden regions: 21->0(22)
[2025-10-31T16:06:00.269+0000][gc,heap       ] GC(132) Survivor regions: 4->3(4)
[2025-10-31T16:06:00.269+0000][gc,heap       ] GC(132) Old regions: 133->135
[2025-10-31T16:06:00.270+0000][gc,heap       ] GC(132) Humongous regions: 147->147
[2025-10-31T16:06:00.270+0000][gc,metaspace  ] GC(132) Metaspace: 53036K(57136K)->53036K(57136K) NonClass: 47115K(49328K)->47115K(49328K) Class: 5921K(7808K)->5921K(7808K)
[2025-10-31T16:06:00.271+0000][gc            ] GC(132) Pause Young (Normal) (G1 Evacuation Pause) 304M->283M(512M) 30.520ms
[2025-10-31T16:06:00.273+0000][gc,cpu        ] GC(132) User=0.05s Sys=0.00s Real=0.03s
[2025-10-31T16:06:22.772+0000][gc,start      ] GC(133) Pause Young (Normal) (G1 Evacuation Pause)
[2025-10-31T16:06:22.773+0000][gc,task       ] GC(133) Using 2 workers of 2 for evacuation
[2025-10-31T16:06:22.794+0000][gc,mmu        ] GC(133) MMU target violated: 20.7ms (20.0ms/21.0ms)
[2025-10-31T16:06:22.794+0000][gc,phases     ] GC(133)   Pre Evacuate Collection Set: 0.0ms
[2025-10-31T16:06:22.795+0000][gc,phases     ] GC(133)   Evacuate Collection Set: 18.9ms
[2025-10-31T16:06:22.795+0000][gc,phases     ] GC(133)   Post Evacuate Collection Set: 1.5ms
[2025-10-31T16:06:22.795+0000][gc,phases     ] GC(133)   Other: 1.9ms
[2025-10-31T16:06:22.796+0000][gc,heap       ] GC(133) Eden regions: 22->0(22)
[2025-10-31T16:06:22.796+0000][gc,heap       ] GC(133) Survivor regions: 3->3(4)
[2025-10-31T16:06:22.797+0000][gc,heap       ] GC(133) Old regions: 135->135
[2025-10-31T16:06:22.797+0000][gc,heap       ] GC(133) Humongous regions: 147->147
[2025-10-31T16:06:22.798+0000][gc,metaspace  ] GC(133) Metaspace: 53038K(57136K)->53038K(57136K) NonClass: 47116K(49328K)->47116K(49328K) Class: 5921K(7808K)->5921K(7808K)
[2025-10-31T16:06:22.798+0000][gc            ] GC(133) Pause Young (Normal) (G1 Evacuation Pause) 305M->284M(512M) 25.865ms
[2025-10-31T16:06:22.798+0000][gc,cpu        ] GC(133) User=0.04s Sys=0.00s Real=0.02s
[2025-10-31T16:06:45.289+0000][gc,start      ] GC(134) Pause Young (Normal) (G1 Evacuation Pause)
[2025-10-31T16:06:45.290+0000][gc,task       ] GC(134) Using 2 workers of 2 for evacuation
[2025-10-31T16:06:45.317+0000][gc,mmu        ] GC(134) MMU target violated: 21.0ms (20.0ms/21.0ms)
[2025-10-31T16:06:45.317+0000][gc,phases     ] GC(134)   Pre Evacuate Collection Set: 0.1ms
[2025-10-31T16:06:45.318+0000][gc,phases     ] GC(134)   Evacuate Collection Set: 23.8ms
[2025-10-31T16:06:45.318+0000][gc,phases     ] GC(134)   Post Evacuate Collection Set: 2.0ms
[2025-10-31T16:06:45.319+0000][gc,phases     ] GC(134)   Other: 2.4ms
[2025-10-31T16:06:45.319+0000][gc,heap       ] GC(134) Eden regions: 22->0(22)
[2025-10-31T16:06:45.320+0000][gc,heap       ] GC(134) Survivor regions: 3->3(4)
[2025-10-31T16:06:45.320+0000][gc,heap       ] GC(134) Old regions: 135->136
[2025-10-31T16:06:45.321+0000][gc,heap       ] GC(134) Humongous regions: 147->147
[2025-10-31T16:06:45.321+0000][gc,metaspace  ] GC(134) Metaspace: 53038K(57136K)->53038K(57136K) NonClass: 47116K(49328K)->47116K(49328K) Class: 5921K(7808K)->5921K(7808K)
[2025-10-31T16:06:45.322+0000][gc            ] GC(134) Pause Young (Normal) (G1 Evacuation Pause) 306M->285M(512M) 32.781ms
[2025-10-31T16:06:45.323+0000][gc,cpu        ] GC(134) User=0.06s Sys=0.00s Real=0.04s
[2025-10-31T16:07:07.914+0000][gc,start      ] GC(135) Pause Young (Normal) (G1 Evacuation Pause)
[2025-10-31T16:07:07.915+0000][gc,task       ] GC(135) Using 2 workers of 2 for evacuation
[2025-10-31T16:07:07.931+0000][gc,phases     ] GC(135)   Pre Evacuate Collection Set: 0.0ms
[2025-10-31T16:07:07.932+0000][gc,phases     ] GC(135)   Evacuate Collection Set: 14.6ms
[2025-10-31T16:07:07.932+0000][gc,phases     ] GC(135)   Post Evacuate Collection Set: 1.2ms
[2025-10-31T16:07:07.932+0000][gc,phases     ] GC(135)   Other: 1.0ms
[2025-10-31T16:07:07.932+0000][gc,heap       ] GC(135) Eden regions: 22->0(22)
[2025-10-31T16:07:07.933+0000][gc,heap       ] GC(135) Survivor regions: 3->3(4)
[2025-10-31T16:07:07.933+0000][gc,heap       ] GC(135) Old regions: 136->138
[2025-10-31T16:07:07.933+0000][gc,heap       ] GC(135) Humongous regions: 147->147
[2025-10-31T16:07:07.934+0000][gc,metaspace  ] GC(135) Metaspace: 53038K(57136K)->53038K(57136K) NonClass: 47117K(49328K)->47117K(49328K) Class: 5921K(7808K)->5921K(7808K)
[2025-10-31T16:07:07.934+0000][gc            ] GC(135) Pause Young (Normal) (G1 Evacuation Pause) 307M->286M(512M) 19.480ms
[2025-10-31T16:07:07.934+0000][gc,cpu        ] GC(135) User=0.04s Sys=0.00s Real=0.02s
[2025-10-31T16:07:30.365+0000][gc,start      ] GC(136) Pause Young (Normal) (G1 Evacuation Pause)
[2025-10-31T16:07:30.365+0000][gc,task       ] GC(136) Using 2 workers of 2 for evacuation
[2025-10-31T16:07:30.375+0000][gc,phases     ] GC(136)   Pre Evacuate Collection Set: 0.0ms
[2025-10-31T16:07:30.375+0000][gc,phases     ] GC(136)   Evacuate Collection Set: 8.8ms
[2025-10-31T16:07:30.376+0000][gc,phases     ] GC(136)   Post Evacuate Collection Set: 0.7ms
[2025-10-31T16:07:30.376+0000][gc,phases     ] GC(136)   Other: 1.0ms
[2025-10-31T16:07:30.376+0000][gc,heap       ] GC(136) Eden regions: 22->0(22)
[2025-10-31T16:07:30.376+0000][gc,heap       ] GC(136) Survivor regions: 3->3(4)
[2025-10-31T16:07:30.376+0000][gc,heap       ] GC(136) Old regions: 138->138
[2025-10-31T16:07:30.376+0000][gc,heap       ] GC(136) Humongous regions: 147->147
[2025-10-31T16:07:30.377+0000][gc,metaspace  ] GC(136) Metaspace: 53038K(57136K)->53038K(57136K) NonClass: 47117K(49328K)->47117K(49328K) Class: 5921K(7808K)->5921K(7808K)
[2025-10-31T16:07:30.377+0000][gc            ] GC(136) Pause Young (Normal) (G1 Evacuation Pause) 308M->287M(512M) 12.178ms
[2025-10-31T16:07:30.377+0000][gc,cpu        ] GC(136) User=0.02s Sys=0.00s Real=0.01s
[2025-10-31T16:07:52.625+0000][gc,start      ] GC(137) Pause Young (Normal) (G1 Evacuation Pause)
[2025-10-31T16:07:52.625+0000][gc,task       ] GC(137) Using 2 workers of 2 for evacuation
[2025-10-31T16:07:52.634+0000][gc,phases     ] GC(137)   Pre Evacuate Collection Set: 0.0ms
[2025-10-31T16:07:52.634+0000][gc,phases     ] GC(137)   Evacuate Collection Set: 7.5ms
[2025-10-31T16:07:52.634+0000][gc,phases     ] GC(137)   Post Evacuate Collection Set: 0.7ms
[2025-10-31T16:07:52.635+0000][gc,phases     ] GC(137)   Other: 1.0ms
[2025-10-31T16:07:52.635+0000][gc,heap       ] GC(137) Eden regions: 22->0(24)
[2025-10-31T16:07:52.635+0000][gc,heap       ] GC(137) Survivor regions: 3->1(4)
[2025-10-31T16:07:52.635+0000][gc,heap       ] GC(137) Old regions: 138->139
[2025-10-31T16:07:52.635+0000][gc,heap       ] GC(137) Humongous regions: 147->147
[2025-10-31T16:07:52.635+0000][gc,metaspace  ] GC(137) Metaspace: 53038K(57136K)->53038K(57136K) NonClass: 47117K(49328K)->47117K(49328K) Class: 5921K(7808K)->5921K(7808K)
[2025-10-31T16:07:52.636+0000][gc            ] GC(137) Pause Young (Normal) (G1 Evacuation Pause) 309M->286M(512M) 10.703ms
[2025-10-31T16:07:52.636+0000][gc,cpu        ] GC(137) User=0.01s Sys=0.00s Real=0.01s
[2025-10-31T16:08:17.150+0000][gc,start      ] GC(138) Pause Young (Normal) (G1 Evacuation Pause)
[2025-10-31T16:08:17.150+0000][gc,task       ] GC(138) Using 2 workers of 2 for evacuation
[2025-10-31T16:08:17.163+0000][gc,phases     ] GC(138)   Pre Evacuate Collection Set: 0.0ms
[2025-10-31T16:08:17.163+0000][gc,phases     ] GC(138)   Evacuate Collection Set: 11.0ms
[2025-10-31T16:08:17.163+0000][gc,phases     ] GC(138)   Post Evacuate Collection Set: 0.9ms
[2025-10-31T16:08:17.163+0000][gc,phases     ] GC(138)   Other: 0.9ms
[2025-10-31T16:08:17.163+0000][gc,heap       ] GC(138) Eden regions: 24->0(25)
[2025-10-31T16:08:17.164+0000][gc,heap       ] GC(138) Survivor regions: 1->2(4)
[2025-10-31T16:08:17.164+0000][gc,heap       ] GC(138) Old regions: 139->139
[2025-10-31T16:08:17.164+0000][gc,heap       ] GC(138) Humongous regions: 147->147
[2025-10-31T16:08:17.164+0000][gc,metaspace  ] GC(138) Metaspace: 53038K(57136K)->53038K(57136K) NonClass: 47117K(49328K)->47117K(49328K) Class: 5921K(7808K)->5921K(7808K)
[2025-10-31T16:08:17.164+0000][gc            ] GC(138) Pause Young (Normal) (G1 Evacuation Pause) 310M->287M(512M) 14.284ms
[2025-10-31T16:08:17.164+0000][gc,cpu        ] GC(138) User=0.02s Sys=0.00s Real=0.02s
[2025-10-31T16:08:43.062+0000][gc,start      ] GC(139) Pause Young (Normal) (G1 Evacuation Pause)
[2025-10-31T16:08:43.063+0000][gc,task       ] GC(139) Using 2 workers of 2 for evacuation
[2025-10-31T16:08:43.087+0000][gc,mmu        ] GC(139) MMU target violated: 21.0ms (20.0ms/21.0ms)
[2025-10-31T16:08:43.087+0000][gc,phases     ] GC(139)   Pre Evacuate Collection Set: 0.0ms
[2025-10-31T16:08:43.088+0000][gc,phases     ] GC(139)   Evacuate Collection Set: 21.3ms
[2025-10-31T16:08:43.088+0000][gc,phases     ] GC(139)   Post Evacuate Collection Set: 1.5ms
[2025-10-31T16:08:43.088+0000][gc,phases     ] GC(139)   Other: 1.7ms
[2025-10-31T16:08:43.089+0000][gc,heap       ] GC(139) Eden regions: 25->0(24)
[2025-10-31T16:08:43.089+0000][gc,heap       ] GC(139) Survivor regions: 2->4(4)
[2025-10-31T16:08:43.089+0000][gc,heap       ] GC(139) Old regions: 139->139
[2025-10-31T16:08:43.090+0000][gc,heap       ] GC(139) Humongous regions: 147->147
[2025-10-31T16:08:43.090+0000][gc,metaspace  ] GC(139) Metaspace: 53038K(57136K)->53038K(57136K) NonClass: 47117K(49328K)->47117K(49328K) Class: 5921K(7808K)->5921K(7808K)
[2025-10-31T16:08:43.091+0000][gc            ] GC(139) Pause Young (Normal) (G1 Evacuation Pause) 312M->289M(512M) 28.500ms
[2025-10-31T16:08:43.092+0000][gc,cpu        ] GC(139) User=0.04s Sys=0.00s Real=0.03s
[2025-10-31T16:09:07.653+0000][gc,start      ] GC(140) Pause Young (Normal) (G1 Evacuation Pause)
[2025-10-31T16:09:07.654+0000][gc,task       ] GC(140) Using 2 workers of 2 for evacuation
[2025-10-31T16:09:07.684+0000][gc,mmu        ] GC(140) MMU target violated: 21.0ms (20.0ms/21.0ms)
[2025-10-31T16:09:07.684+0000][gc,phases     ] GC(140)   Pre Evacuate Collection Set: 0.0ms
[2025-10-31T16:09:07.685+0000][gc,phases     ] GC(140)   Evacuate Collection Set: 26.7ms
[2025-10-31T16:09:07.685+0000][gc,phases     ] GC(140)   Post Evacuate Collection Set: 1.9ms
[2025-10-31T16:09:07.685+0000][gc,phases     ] GC(140)   Other: 2.2ms
[2025-10-31T16:09:07.686+0000][gc,heap       ] GC(140) Eden regions: 24->0(21)
[2025-10-31T16:09:07.690+0000][gc,heap       ] GC(140) Survivor regions: 4->4(4)
[2025-10-31T16:09:07.691+0000][gc,heap       ] GC(140) Old regions: 139->141
[2025-10-31T16:09:07.691+0000][gc,heap       ] GC(140) Humongous regions: 147->147
[2025-10-31T16:09:07.692+0000][gc,metaspace  ] GC(140) Metaspace: 53038K(57136K)->53038K(57136K) NonClass: 47117K(49328K)->47117K(49328K) Class: 5921K(7808K)->5921K(7808K)
[2025-10-31T16:09:07.693+0000][gc            ] GC(140) Pause Young (Normal) (G1 Evacuation Pause) 313M->290M(512M) 39.596ms
[2025-10-31T16:09:07.694+0000][gc,cpu        ] GC(140) User=0.06s Sys=0.00s Real=0.04s
[2025-10-31T16:09:29.155+0000][gc,start      ] GC(141) Pause Young (Normal) (G1 Evacuation Pause)
[2025-10-31T16:09:29.156+0000][gc,task       ] GC(141) Using 2 workers of 2 for evacuation
[2025-10-31T16:09:29.203+0000][gc,mmu        ] GC(141) MMU target violated: 21.0ms (20.0ms/21.0ms)
[2025-10-31T16:09:29.204+0000][gc,phases     ] GC(141)   Pre Evacuate Collection Set: 0.0ms
[2025-10-31T16:09:29.204+0000][gc,phases     ] GC(141)   Evacuate Collection Set: 43.1ms
[2025-10-31T16:09:29.205+0000][gc,phases     ] GC(141)   Post Evacuate Collection Set: 2.6ms
[2025-10-31T16:09:29.206+0000][gc,phases     ] GC(141)   Other: 2.8ms
[2025-10-31T16:09:29.206+0000][gc,heap       ] GC(141) Eden regions: 21->0(22)
[2025-10-31T16:09:29.207+0000][gc,heap       ] GC(141) Survivor regions: 4->3(4)
[2025-10-31T16:09:29.207+0000][gc,heap       ] GC(141) Old regions: 141->142
[2025-10-31T16:09:29.208+0000][gc,heap       ] GC(141) Humongous regions: 147->147
[2025-10-31T16:09:29.208+0000][gc,metaspace  ] GC(141) Metaspace: 53038K(57136K)->53038K(57136K) NonClass: 47117K(49328K)->47117K(49328K) Class: 5921K(7808K)->5921K(7808K)
[2025-10-31T16:09:29.209+0000][gc            ] GC(141) Pause Young (Normal) (G1 Evacuation Pause) 311M->291M(512M) 54.143ms
[2025-10-31T16:09:29.210+0000][gc,cpu        ] GC(141) User=0.09s Sys=0.00s Real=0.05s
[2025-10-31T16:09:52.021+0000][gc,start      ] GC(142) Pause Young (Normal) (G1 Evacuation Pause)
[2025-10-31T16:09:52.022+0000][gc,task       ] GC(142) Using 2 workers of 2 for evacuation
[2025-10-31T16:09:52.051+0000][gc,mmu        ] GC(142) MMU target violated: 21.0ms (20.0ms/21.0ms)
[2025-10-31T16:09:52.052+0000][gc,phases     ] GC(142)   Pre Evacuate Collection Set: 0.0ms
[2025-10-31T16:09:52.052+0000][gc,phases     ] GC(142)   Evacuate Collection Set: 26.8ms
[2025-10-31T16:09:52.053+0000][gc,phases     ] GC(142)   Post Evacuate Collection Set: 1.7ms
[2025-10-31T16:09:52.053+0000][gc,phases     ] GC(142)   Other: 2.3ms
[2025-10-31T16:09:52.053+0000][gc,heap       ] GC(142) Eden regions: 22->0(22)
[2025-10-31T16:09:52.054+0000][gc,heap       ] GC(142) Survivor regions: 3->3(4)
[2025-10-31T16:09:52.054+0000][gc,heap       ] GC(142) Old regions: 142->143
[2025-10-31T16:09:52.055+0000][gc,heap       ] GC(142) Humongous regions: 147->147
[2025-10-31T16:09:52.055+0000][gc,metaspace  ] GC(142) Metaspace: 53038K(57136K)->53038K(57136K) NonClass: 47117K(49328K)->47117K(49328K) Class: 5921K(7808K)->5921K(7808K)
[2025-10-31T16:09:52.055+0000][gc            ] GC(142) Pause Young (Normal) (G1 Evacuation Pause) 313M->292M(512M) 34.528ms
[2025-10-31T16:09:52.056+0000][gc,cpu        ] GC(142) User=0.06s Sys=0.00s Real=0.04s
[2025-10-31T16:10:14.788+0000][gc,start      ] GC(143) Pause Young (Normal) (G1 Evacuation Pause)
[2025-10-31T16:10:14.788+0000][gc,task       ] GC(143) Using 2 workers of 2 for evacuation
[2025-10-31T16:10:14.811+0000][gc,mmu        ] GC(143) MMU target violated: 21.0ms (20.0ms/21.0ms)
[2025-10-31T16:10:14.812+0000][gc,phases     ] GC(143)   Pre Evacuate Collection Set: 0.0ms
[2025-10-31T16:10:14.813+0000][gc,phases     ] GC(143)   Evacuate Collection Set: 20.2ms
[2025-10-31T16:10:14.813+0000][gc,phases     ] GC(143)   Post Evacuate Collection Set: 2.0ms
[2025-10-31T16:10:14.814+0000][gc,phases     ] GC(143)   Other: 2.3ms
[2025-10-31T16:10:14.814+0000][gc,heap       ] GC(143) Eden regions: 22->0(24)
[2025-10-31T16:10:14.815+0000][gc,heap       ] GC(143) Survivor regions: 3->1(4)
[2025-10-31T16:10:14.816+0000][gc,heap       ] GC(143) Old regions: 143->144
[2025-10-31T16:10:14.816+0000][gc,heap       ] GC(143) Humongous regions: 147->147
[2025-10-31T16:10:14.817+0000][gc,metaspace  ] GC(143) Metaspace: 53038K(57136K)->53038K(57136K) NonClass: 47117K(49328K)->47117K(49328K) Class: 5921K(7808K)->5921K(7808K)
[2025-10-31T16:10:14.817+0000][gc            ] GC(143) Pause Young (Normal) (G1 Evacuation Pause) 314M->291M(512M) 29.561ms
[2025-10-31T16:10:14.818+0000][gc,cpu        ] GC(143) User=0.04s Sys=0.00s Real=0.03s
[2025-10-31T16:10:39.452+0000][gc,start      ] GC(144) Pause Young (Normal) (G1 Evacuation Pause)
[2025-10-31T16:10:39.453+0000][gc,task       ] GC(144) Using 2 workers of 2 for evacuation
[2025-10-31T16:10:39.490+0000][gc,mmu        ] GC(144) MMU target violated: 21.0ms (20.0ms/21.0ms)
[2025-10-31T16:10:39.491+0000][gc,phases     ] GC(144)   Pre Evacuate Collection Set: 0.0ms
[2025-10-31T16:10:39.492+0000][gc,phases     ] GC(144)   Evacuate Collection Set: 30.0ms
[2025-10-31T16:10:39.493+0000][gc,phases     ] GC(144)   Post Evacuate Collection Set: 4.3ms
[2025-10-31T16:10:39.493+0000][gc,phases     ] GC(144)   Other: 4.4ms
[2025-10-31T16:10:39.494+0000][gc,heap       ] GC(144) Eden regions: 24->0(22)
[2025-10-31T16:10:39.495+0000][gc,heap       ] GC(144) Survivor regions: 1->3(4)
[2025-10-31T16:10:39.496+0000][gc,heap       ] GC(144) Old regions: 144->144
[2025-10-31T16:10:39.498+0000][gc,heap       ] GC(144) Humongous regions: 147->147
[2025-10-31T16:10:39.499+0000][gc,metaspace  ] GC(144) Metaspace: 53038K(57136K)->53038K(57136K) NonClass: 47117K(49328K)->47117K(49328K) Class: 5921K(7808K)->5921K(7808K)
[2025-10-31T16:10:39.500+0000][gc            ] GC(144) Pause Young (Normal) (G1 Evacuation Pause) 315M->292M(512M) 47.643ms
[2025-10-31T16:10:39.505+0000][gc,cpu        ] GC(144) User=0.06s Sys=0.00s Real=0.05s
[2025-10-31T16:11:02.096+0000][gc,start      ] GC(145) Pause Young (Normal) (G1 Evacuation Pause)
[2025-10-31T16:11:02.096+0000][gc,task       ] GC(145) Using 2 workers of 2 for evacuation
[2025-10-31T16:11:02.122+0000][gc,mmu        ] GC(145) MMU target violated: 21.0ms (20.0ms/21.0ms)
[2025-10-31T16:11:02.122+0000][gc,phases     ] GC(145)   Pre Evacuate Collection Set: 0.0ms
[2025-10-31T16:11:02.123+0000][gc,phases     ] GC(145)   Evacuate Collection Set: 22.2ms
[2025-10-31T16:11:02.123+0000][gc,phases     ] GC(145)   Post Evacuate Collection Set: 1.8ms
[2025-10-31T16:11:02.123+0000][gc,phases     ] GC(145)   Other: 2.5ms
[2025-10-31T16:11:02.124+0000][gc,heap       ] GC(145) Eden regions: 22->0(22)
[2025-10-31T16:11:02.124+0000][gc,heap       ] GC(145) Survivor regions: 3->3(4)
[2025-10-31T16:11:02.124+0000][gc,heap       ] GC(145) Old regions: 144->145
[2025-10-31T16:11:02.125+0000][gc,heap       ] GC(145) Humongous regions: 147->147
[2025-10-31T16:11:02.125+0000][gc,metaspace  ] GC(145) Metaspace: 53038K(57136K)->53038K(57136K) NonClass: 47117K(49328K)->47117K(49328K) Class: 5921K(7808K)->5921K(7808K)
[2025-10-31T16:11:02.126+0000][gc            ] GC(145) Pause Young (Normal) (G1 Evacuation Pause) 314M->293M(512M) 29.816ms
[2025-10-31T16:11:02.126+0000][gc,cpu        ] GC(145) User=0.05s Sys=0.00s Real=0.03s
[2025-10-31T16:11:24.538+0000][gc,start      ] GC(146) Pause Young (Normal) (G1 Evacuation Pause)
[2025-10-31T16:11:24.539+0000][gc,task       ] GC(146) Using 2 workers of 2 for evacuation
[2025-10-31T16:11:24.560+0000][gc,mmu        ] GC(146) MMU target violated: 20.5ms (20.0ms/21.0ms)
[2025-10-31T16:11:24.560+0000][gc,phases     ] GC(146)   Pre Evacuate Collection Set: 0.2ms
[2025-10-31T16:11:24.561+0000][gc,phases     ] GC(146)   Evacuate Collection Set: 18.2ms
[2025-10-31T16:11:24.561+0000][gc,phases     ] GC(146)   Post Evacuate Collection Set: 1.5ms
[2025-10-31T16:11:24.561+0000][gc,phases     ] GC(146)   Other: 2.7ms
[2025-10-31T16:11:24.562+0000][gc,heap       ] GC(146) Eden regions: 22->0(22)
[2025-10-31T16:11:24.562+0000][gc,heap       ] GC(146) Survivor regions: 3->3(4)
[2025-10-31T16:11:24.563+0000][gc,heap       ] GC(146) Old regions: 145->145
[2025-10-31T16:11:24.563+0000][gc,heap       ] GC(146) Humongous regions: 147->147
[2025-10-31T16:11:24.563+0000][gc,metaspace  ] GC(146) Metaspace: 53038K(57136K)->53038K(57136K) NonClass: 47117K(49328K)->47117K(49328K) Class: 5921K(7808K)->5921K(7808K)
[2025-10-31T16:11:24.564+0000][gc            ] GC(146) Pause Young (Normal) (G1 Evacuation Pause) 315M->294M(512M) 26.026ms
[2025-10-31T16:11:24.564+0000][gc,cpu        ] GC(146) User=0.04s Sys=0.00s Real=0.02s
[2025-10-31T16:11:47.525+0000][gc,start      ] GC(147) Pause Young (Normal) (G1 Evacuation Pause)
[2025-10-31T16:11:47.526+0000][gc,task       ] GC(147) Using 2 workers of 2 for evacuation
[2025-10-31T16:11:47.543+0000][gc,phases     ] GC(147)   Pre Evacuate Collection Set: 0.0ms
[2025-10-31T16:11:47.543+0000][gc,phases     ] GC(147)   Evacuate Collection Set: 15.0ms
[2025-10-31T16:11:47.544+0000][gc,phases     ] GC(147)   Post Evacuate Collection Set: 1.0ms
[2025-10-31T16:11:47.544+0000][gc,phases     ] GC(147)   Other: 2.0ms
[2025-10-31T16:11:47.544+0000][gc,heap       ] GC(147) Eden regions: 22->0(22)
[2025-10-31T16:11:47.544+0000][gc,heap       ] GC(147) Survivor regions: 3->3(4)
[2025-10-31T16:11:47.545+0000][gc,heap       ] GC(147) Old regions: 145->146
[2025-10-31T16:11:47.545+0000][gc,heap       ] GC(147) Humongous regions: 147->147
[2025-10-31T16:11:47.546+0000][gc,metaspace  ] GC(147) Metaspace: 53038K(57136K)->53038K(57136K) NonClass: 47117K(49328K)->47117K(49328K) Class: 5921K(7808K)->5921K(7808K)
[2025-10-31T16:11:47.546+0000][gc            ] GC(147) Pause Young (Normal) (G1 Evacuation Pause) 316M->295M(512M) 20.863ms
[2025-10-31T16:11:47.546+0000][gc,cpu        ] GC(147) User=0.04s Sys=0.00s Real=0.03s
[2025-10-31T16:12:09.818+0000][gc,start      ] GC(148) Pause Young (Normal) (G1 Evacuation Pause)
[2025-10-31T16:12:09.819+0000][gc,task       ] GC(148) Using 2 workers of 2 for evacuation
[2025-10-31T16:12:09.839+0000][gc,phases     ] GC(148)   Pre Evacuate Collection Set: 0.0ms
[2025-10-31T16:12:09.839+0000][gc,phases     ] GC(148)   Evacuate Collection Set: 18.3ms
[2025-10-31T16:12:09.839+0000][gc,phases     ] GC(148)   Post Evacuate Collection Set: 1.1ms
[2025-10-31T16:12:09.840+0000][gc,phases     ] GC(148)   Other: 1.0ms
[2025-10-31T16:12:09.840+0000][gc,heap       ] GC(148) Eden regions: 22->0(22)
[2025-10-31T16:12:09.840+0000][gc,heap       ] GC(148) Survivor regions: 3->3(4)
[2025-10-31T16:12:09.840+0000][gc,heap       ] GC(148) Old regions: 146->147
[2025-10-31T16:12:09.841+0000][gc,heap       ] GC(148) Humongous regions: 147->147
[2025-10-31T16:12:09.841+0000][gc,metaspace  ] GC(148) Metaspace: 53038K(57136K)->53038K(57136K) NonClass: 47117K(49328K)->47117K(49328K) Class: 5921K(7808K)->5921K(7808K)
[2025-10-31T16:12:09.841+0000][gc            ] GC(148) Pause Young (Normal) (G1 Evacuation Pause) 317M->296M(512M) 23.077ms
[2025-10-31T16:12:09.842+0000][gc,cpu        ] GC(148) User=0.04s Sys=0.00s Real=0.02s
[2025-10-31T16:12:25.923+0000][gc,start      ] GC(149) Pause Young (Normal) (G1 Evacuation Pause)
[2025-10-31T16:12:25.924+0000][gc,task       ] GC(149) Using 2 workers of 2 for evacuation
[2025-10-31T16:12:25.961+0000][gc,mmu        ] GC(149) MMU target violated: 21.0ms (20.0ms/21.0ms)
[2025-10-31T16:12:25.962+0000][gc,phases     ] GC(149)   Pre Evacuate Collection Set: 0.0ms
[2025-10-31T16:12:25.963+0000][gc,phases     ] GC(149)   Evacuate Collection Set: 34.9ms
[2025-10-31T16:12:25.963+0000][gc,phases     ] GC(149)   Post Evacuate Collection Set: 1.6ms
[2025-10-31T16:12:25.963+0000][gc,phases     ] GC(149)   Other: 1.9ms
[2025-10-31T16:12:25.964+0000][gc,heap       ] GC(149) Eden regions: 22->0(21)
[2025-10-31T16:12:25.964+0000][gc,heap       ] GC(149) Survivor regions: 3->4(4)
[2025-10-31T16:12:25.965+0000][gc,heap       ] GC(149) Old regions: 147->150
[2025-10-31T16:12:25.965+0000][gc,heap       ] GC(149) Humongous regions: 147->147
[2025-10-31T16:12:25.966+0000][gc,metaspace  ] GC(149) Metaspace: 53042K(57136K)->53042K(57136K) NonClass: 47120K(49328K)->47120K(49328K) Class: 5921K(7808K)->5921K(7808K)
[2025-10-31T16:12:25.966+0000][gc            ] GC(149) Pause Young (Normal) (G1 Evacuation Pause) 318M->300M(512M) 42.793ms
[2025-10-31T16:12:25.967+0000][gc,cpu        ] GC(149) User=0.07s Sys=0.00s Real=0.05s
[2025-10-31T16:12:47.127+0000][gc,start      ] GC(150) Pause Young (Normal) (G1 Evacuation Pause)
[2025-10-31T16:12:47.127+0000][gc,task       ] GC(150) Using 2 workers of 2 for evacuation
[2025-10-31T16:12:47.147+0000][gc,phases     ] GC(150)   Pre Evacuate Collection Set: 0.0ms
[2025-10-31T16:12:47.147+0000][gc,phases     ] GC(150)   Evacuate Collection Set: 17.5ms
[2025-10-31T16:12:47.148+0000][gc,phases     ] GC(150)   Post Evacuate Collection Set: 1.3ms
[2025-10-31T16:12:47.148+0000][gc,phases     ] GC(150)   Other: 1.0ms
[2025-10-31T16:12:47.148+0000][gc,heap       ] GC(150) Eden regions: 21->0(23)
[2025-10-31T16:12:47.149+0000][gc,heap       ] GC(150) Survivor regions: 4->2(4)
[2025-10-31T16:12:47.149+0000][gc,heap       ] GC(150) Old regions: 150->153
[2025-10-31T16:12:47.150+0000][gc,heap       ] GC(150) Humongous regions: 147->147
[2025-10-31T16:12:47.150+0000][gc,metaspace  ] GC(150) Metaspace: 53047K(57136K)->53047K(57136K) NonClass: 47125K(49328K)->47125K(49328K) Class: 5921K(7808K)->5921K(7808K)
[2025-10-31T16:12:47.151+0000][gc            ] GC(150) Pause Young (Normal) (G1 Evacuation Pause) 321M->301M(512M) 23.643ms
[2025-10-31T16:12:47.151+0000][gc,cpu        ] GC(150) User=0.04s Sys=0.00s Real=0.02s
[2025-10-31T16:13:10.927+0000][gc,start      ] GC(151) Pause Young (Normal) (G1 Evacuation Pause)
[2025-10-31T16:13:10.928+0000][gc,task       ] GC(151) Using 2 workers of 2 for evacuation
[2025-10-31T16:13:10.944+0000][gc,phases     ] GC(151)   Pre Evacuate Collection Set: 0.0ms
[2025-10-31T16:13:10.944+0000][gc,phases     ] GC(151)   Evacuate Collection Set: 13.9ms
[2025-10-31T16:13:10.944+0000][gc,phases     ] GC(151)   Post Evacuate Collection Set: 1.3ms
[2025-10-31T16:13:10.945+0000][gc,phases     ] GC(151)   Other: 1.3ms
[2025-10-31T16:13:10.945+0000][gc,heap       ] GC(151) Eden regions: 23->0(22)
[2025-10-31T16:13:10.945+0000][gc,heap       ] GC(151) Survivor regions: 2->3(4)
[2025-10-31T16:13:10.946+0000][gc,heap       ] GC(151) Old regions: 153->153
[2025-10-31T16:13:10.946+0000][gc,heap       ] GC(151) Humongous regions: 147->147
[2025-10-31T16:13:10.946+0000][gc,metaspace  ] GC(151) Metaspace: 53047K(57136K)->53047K(57136K) NonClass: 47125K(49328K)->47125K(49328K) Class: 5921K(7808K)->5921K(7808K)
[2025-10-31T16:13:10.947+0000][gc            ] GC(151) Pause Young (Normal) (G1 Evacuation Pause) 324M->302M(512M) 19.566ms
[2025-10-31T16:13:10.947+0000][gc,cpu        ] GC(151) User=0.03s Sys=0.00s Real=0.02s
[2025-10-31T16:13:33.198+0000][gc,start      ] GC(152) Pause Young (Normal) (G1 Evacuation Pause)
[2025-10-31T16:13:33.199+0000][gc,task       ] GC(152) Using 2 workers of 2 for evacuation
[2025-10-31T16:13:33.220+0000][gc,mmu        ] GC(152) MMU target violated: 20.6ms (20.0ms/21.0ms)
[2025-10-31T16:13:33.221+0000][gc,phases     ] GC(152)   Pre Evacuate Collection Set: 0.0ms
[2025-10-31T16:13:33.221+0000][gc,phases     ] GC(152)   Evacuate Collection Set: 17.7ms
[2025-10-31T16:13:33.222+0000][gc,phases     ] GC(152)   Post Evacuate Collection Set: 2.6ms
[2025-10-31T16:13:33.222+0000][gc,phases     ] GC(152)   Other: 2.0ms
[2025-10-31T16:13:33.223+0000][gc,heap       ] GC(152) Eden regions: 22->0(22)
[2025-10-31T16:13:33.224+0000][gc,heap       ] GC(152) Survivor regions: 3->3(4)
[2025-10-31T16:13:33.224+0000][gc,heap       ] GC(152) Old regions: 153->155
[2025-10-31T16:13:33.225+0000][gc,heap       ] GC(152) Humongous regions: 147->147
[2025-10-31T16:13:33.226+0000][gc,metaspace  ] GC(152) Metaspace: 53050K(57136K)->53050K(57136K) NonClass: 47126K(49328K)->47126K(49328K) Class: 5923K(7808K)->5923K(7808K)
[2025-10-31T16:13:33.226+0000][gc            ] GC(152) Pause Young (Normal) (G1 Evacuation Pause) 324M->303M(512M) 27.972ms
[2025-10-31T16:13:33.227+0000][gc,cpu        ] GC(152) User=0.04s Sys=0.00s Real=0.03s
[2025-10-31T16:13:56.203+0000][gc,start      ] GC(153) Pause Young (Normal) (G1 Evacuation Pause)
[2025-10-31T16:13:56.203+0000][gc,task       ] GC(153) Using 2 workers of 2 for evacuation
[2025-10-31T16:13:56.217+0000][gc,phases     ] GC(153)   Pre Evacuate Collection Set: 0.0ms
[2025-10-31T16:13:56.217+0000][gc,phases     ] GC(153)   Evacuate Collection Set: 11.0ms
[2025-10-31T16:13:56.217+0000][gc,phases     ] GC(153)   Post Evacuate Collection Set: 1.3ms
[2025-10-31T16:13:56.218+0000][gc,phases     ] GC(153)   Other: 1.7ms
[2025-10-31T16:13:56.218+0000][gc,heap       ] GC(153) Eden regions: 22->0(24)
[2025-10-31T16:13:56.219+0000][gc,heap       ] GC(153) Survivor regions: 3->1(4)
[2025-10-31T16:13:56.219+0000][gc,heap       ] GC(153) Old regions: 155->155
[2025-10-31T16:13:56.220+0000][gc,heap       ] GC(153) Humongous regions: 147->147
[2025-10-31T16:13:56.220+0000][gc,metaspace  ] GC(153) Metaspace: 53050K(57136K)->53050K(57136K) NonClass: 47126K(49328K)->47126K(49328K) Class: 5923K(7808K)->5923K(7808K)
[2025-10-31T16:13:56.220+0000][gc            ] GC(153) Pause Young (Normal) (G1 Evacuation Pause) 325M->302M(512M) 17.609ms
[2025-10-31T16:13:56.221+0000][gc,cpu        ] GC(153) User=0.02s Sys=0.00s Real=0.02s
[2025-10-31T16:14:20.346+0000][gc,start      ] GC(154) Pause Young (Normal) (G1 Evacuation Pause)
[2025-10-31T16:14:20.346+0000][gc,task       ] GC(154) Using 2 workers of 2 for evacuation
[2025-10-31T16:14:20.362+0000][gc,phases     ] GC(154)   Pre Evacuate Collection Set: 0.0ms
[2025-10-31T16:14:20.362+0000][gc,phases     ] GC(154)   Evacuate Collection Set: 13.4ms
[2025-10-31T16:14:20.363+0000][gc,phases     ] GC(154)   Post Evacuate Collection Set: 1.5ms
[2025-10-31T16:14:20.363+0000][gc,phases     ] GC(154)   Other: 1.1ms
[2025-10-31T16:14:20.364+0000][gc,heap       ] GC(154) Eden regions: 24->0(23)
[2025-10-31T16:14:20.364+0000][gc,heap       ] GC(154) Survivor regions: 1->2(4)
[2025-10-31T16:14:20.364+0000][gc,heap       ] GC(154) Old regions: 155->155
[2025-10-31T16:14:20.365+0000][gc,heap       ] GC(154) Humongous regions: 147->147
[2025-10-31T16:14:20.365+0000][gc,metaspace  ] GC(154) Metaspace: 53050K(57136K)->53050K(57136K) NonClass: 47126K(49328K)->47126K(49328K) Class: 5923K(7808K)->5923K(7808K)
[2025-10-31T16:14:20.365+0000][gc            ] GC(154) Pause Young (Normal) (G1 Evacuation Pause) 326M->303M(512M) 19.711ms
[2025-10-31T16:14:20.366+0000][gc,cpu        ] GC(154) User=0.03s Sys=0.00s Real=0.02s
[2025-10-31T16:14:44.326+0000][gc,start      ] GC(155) Pause Young (Normal) (G1 Evacuation Pause)
[2025-10-31T16:14:44.327+0000][gc,task       ] GC(155) Using 2 workers of 2 for evacuation
[2025-10-31T16:14:44.343+0000][gc,phases     ] GC(155)   Pre Evacuate Collection Set: 0.0ms
[2025-10-31T16:14:44.344+0000][gc,phases     ] GC(155)   Evacuate Collection Set: 14.6ms
[2025-10-31T16:14:44.344+0000][gc,phases     ] GC(155)   Post Evacuate Collection Set: 1.5ms
[2025-10-31T16:14:44.345+0000][gc,phases     ] GC(155)   Other: 1.1ms
[2025-10-31T16:14:44.345+0000][gc,heap       ] GC(155) Eden regions: 23->0(23)
[2025-10-31T16:14:44.346+0000][gc,heap       ] GC(155) Survivor regions: 2->4(4)
[2025-10-31T16:14:44.346+0000][gc,heap       ] GC(155) Old regions: 155->155
[2025-10-31T16:14:44.346+0000][gc,heap       ] GC(155) Humongous regions: 147->147
[2025-10-31T16:14:44.347+0000][gc,metaspace  ] GC(155) Metaspace: 53050K(57136K)->53050K(57136K) NonClass: 47126K(49328K)->47126K(49328K) Class: 5923K(7808K)->5923K(7808K)
[2025-10-31T16:14:44.348+0000][gc            ] GC(155) Pause Young (Normal) (G1 Evacuation Pause) 326M->305M(512M) 21.672ms
[2025-10-31T16:14:44.348+0000][gc,cpu        ] GC(155) User=0.03s Sys=0.00s Real=0.03s
[2025-10-31T16:15:07.964+0000][gc,start      ] GC(156) Pause Young (Normal) (G1 Evacuation Pause)
[2025-10-31T16:15:07.964+0000][gc,task       ] GC(156) Using 2 workers of 2 for evacuation
[2025-10-31T16:15:07.984+0000][gc,phases     ] GC(156)   Pre Evacuate Collection Set: 0.0ms
[2025-10-31T16:15:07.985+0000][gc,phases     ] GC(156)   Evacuate Collection Set: 18.4ms
[2025-10-31T16:15:07.985+0000][gc,phases     ] GC(156)   Post Evacuate Collection Set: 1.2ms
[2025-10-31T16:15:07.986+0000][gc,phases     ] GC(156)   Other: 1.3ms
[2025-10-31T16:15:07.986+0000][gc,heap       ] GC(156) Eden regions: 23->0(22)
[2025-10-31T16:15:07.986+0000][gc,heap       ] GC(156) Survivor regions: 4->3(4)
[2025-10-31T16:15:07.987+0000][gc,heap       ] GC(156) Old regions: 155->157
[2025-10-31T16:15:07.987+0000][gc,heap       ] GC(156) Humongous regions: 147->147
[2025-10-31T16:15:07.987+0000][gc,metaspace  ] GC(156) Metaspace: 53050K(57136K)->53050K(57136K) NonClass: 47126K(49328K)->47126K(49328K) Class: 5923K(7808K)->5923K(7808K)
[2025-10-31T16:15:07.988+0000][gc            ] GC(156) Pause Young (Normal) (G1 Evacuation Pause) 328M->306M(512M) 24.170ms
[2025-10-31T16:15:07.988+0000][gc,cpu        ] GC(156) User=0.04s Sys=0.00s Real=0.02s
[2025-10-31T16:15:30.717+0000][gc,start      ] GC(157) Pause Young (Normal) (G1 Evacuation Pause)
[2025-10-31T16:15:30.717+0000][gc,task       ] GC(157) Using 2 workers of 2 for evacuation
[2025-10-31T16:15:30.734+0000][gc,phases     ] GC(157)   Pre Evacuate Collection Set: 0.0ms
[2025-10-31T16:15:30.735+0000][gc,phases     ] GC(157)   Evacuate Collection Set: 14.6ms
[2025-10-31T16:15:30.735+0000][gc,phases     ] GC(157)   Post Evacuate Collection Set: 1.9ms
[2025-10-31T16:15:30.736+0000][gc,phases     ] GC(157)   Other: 1.2ms
[2025-10-31T16:15:30.736+0000][gc,heap       ] GC(157) Eden regions: 22->0(22)
[2025-10-31T16:15:30.736+0000][gc,heap       ] GC(157) Survivor regions: 3->3(4)
[2025-10-31T16:15:30.737+0000][gc,heap       ] GC(157) Old regions: 157->158
[2025-10-31T16:15:30.737+0000][gc,heap       ] GC(157) Humongous regions: 147->147
[2025-10-31T16:15:30.737+0000][gc,metaspace  ] GC(157) Metaspace: 53051K(57136K)->53051K(57136K) NonClass: 47127K(49328K)->47127K(49328K) Class: 5923K(7808K)->5923K(7808K)
[2025-10-31T16:15:30.738+0000][gc            ] GC(157) Pause Young (Normal) (G1 Evacuation Pause) 328M->307M(512M) 20.779ms
[2025-10-31T16:15:30.738+0000][gc,cpu        ] GC(157) User=0.03s Sys=0.00s Real=0.02s
[2025-10-31T16:15:53.350+0000][gc,start      ] GC(158) Pause Young (Normal) (G1 Evacuation Pause)
[2025-10-31T16:15:53.351+0000][gc,task       ] GC(158) Using 2 workers of 2 for evacuation
[2025-10-31T16:15:53.369+0000][gc,phases     ] GC(158)   Pre Evacuate Collection Set: 0.0ms
[2025-10-31T16:15:53.370+0000][gc,phases     ] GC(158)   Evacuate Collection Set: 16.9ms
[2025-10-31T16:15:53.370+0000][gc,phases     ] GC(158)   Post Evacuate Collection Set: 1.3ms
[2025-10-31T16:15:53.371+0000][gc,phases     ] GC(158)   Other: 1.1ms
[2025-10-31T16:15:53.371+0000][gc,heap       ] GC(158) Eden regions: 22->0(22)
[2025-10-31T16:15:53.371+0000][gc,heap       ] GC(158) Survivor regions: 3->3(4)
[2025-10-31T16:15:53.372+0000][gc,heap       ] GC(158) Old regions: 158->159
[2025-10-31T16:15:53.372+0000][gc,heap       ] GC(158) Humongous regions: 147->147
[2025-10-31T16:15:53.372+0000][gc,metaspace  ] GC(158) Metaspace: 53051K(57136K)->53051K(57136K) NonClass: 47127K(49328K)->47127K(49328K) Class: 5923K(7808K)->5923K(7808K)
[2025-10-31T16:15:53.373+0000][gc            ] GC(158) Pause Young (Normal) (G1 Evacuation Pause) 329M->308M(512M) 22.432ms
[2025-10-31T16:15:53.373+0000][gc,cpu        ] GC(158) User=0.03s Sys=0.00s Real=0.02s
[2025-10-31T16:16:15.823+0000][gc,start      ] GC(159) Pause Young (Normal) (G1 Evacuation Pause)
[2025-10-31T16:16:15.826+0000][gc,task       ] GC(159) Using 2 workers of 2 for evacuation
[2025-10-31T16:16:15.865+0000][gc,mmu        ] GC(159) MMU target violated: 21.0ms (20.0ms/21.0ms)
[2025-10-31T16:16:15.866+0000][gc,phases     ] GC(159)   Pre Evacuate Collection Set: 0.0ms
[2025-10-31T16:16:15.868+0000][gc,phases     ] GC(159)   Evacuate Collection Set: 33.2ms
[2025-10-31T16:16:15.868+0000][gc,phases     ] GC(159)   Post Evacuate Collection Set: 4.0ms
[2025-10-31T16:16:15.869+0000][gc,phases     ] GC(159)   Other: 5.5ms
[2025-10-31T16:16:15.870+0000][gc,heap       ] GC(159) Eden regions: 22->0(22)
[2025-10-31T16:16:15.870+0000][gc,heap       ] GC(159) Survivor regions: 3->3(4)
[2025-10-31T16:16:15.871+0000][gc,heap       ] GC(159) Old regions: 159->160
[2025-10-31T16:16:15.872+0000][gc,heap       ] GC(159) Humongous regions: 147->147
[2025-10-31T16:16:15.872+0000][gc,metaspace  ] GC(159) Metaspace: 53051K(57136K)->53051K(57136K) NonClass: 47127K(49328K)->47127K(49328K) Class: 5923K(7808K)->5923K(7808K)
[2025-10-31T16:16:15.875+0000][gc            ] GC(159) Pause Young (Normal) (G1 Evacuation Pause) 330M->309M(512M) 51.895ms
[2025-10-31T16:16:15.878+0000][gc,cpu        ] GC(159) User=0.08s Sys=0.00s Real=0.05s
[2025-10-31T16:16:38.620+0000][gc,start      ] GC(160) Pause Young (Normal) (G1 Evacuation Pause)
[2025-10-31T16:16:38.620+0000][gc,task       ] GC(160) Using 2 workers of 2 for evacuation
[2025-10-31T16:16:38.637+0000][gc,phases     ] GC(160)   Pre Evacuate Collection Set: 0.0ms
[2025-10-31T16:16:38.637+0000][gc,phases     ] GC(160)   Evacuate Collection Set: 12.3ms
[2025-10-31T16:16:38.638+0000][gc,phases     ] GC(160)   Post Evacuate Collection Set: 1.2ms
[2025-10-31T16:16:38.638+0000][gc,phases     ] GC(160)   Other: 3.4ms
[2025-10-31T16:16:38.638+0000][gc,heap       ] GC(160) Eden regions: 22->0(23)
[2025-10-31T16:16:38.639+0000][gc,heap       ] GC(160) Survivor regions: 3->2(4)
[2025-10-31T16:16:38.639+0000][gc,heap       ] GC(160) Old regions: 160->161
[2025-10-31T16:16:38.639+0000][gc,heap       ] GC(160) Humongous regions: 147->147
[2025-10-31T16:16:38.640+0000][gc,metaspace  ] GC(160) Metaspace: 53053K(57136K)->53053K(57136K) NonClass: 47129K(49328K)->47129K(49328K) Class: 5923K(7808K)->5923K(7808K)
[2025-10-31T16:16:38.640+0000][gc            ] GC(160) Pause Young (Normal) (G1 Evacuation Pause) 331M->308M(512M) 20.108ms
[2025-10-31T16:16:38.640+0000][gc,cpu        ] GC(160) User=0.02s Sys=0.00s Real=0.02s
[2025-10-31T16:17:01.973+0000][gc,start      ] GC(161) Pause Young (Normal) (G1 Evacuation Pause)
[2025-10-31T16:17:01.973+0000][gc,task       ] GC(161) Using 2 workers of 2 for evacuation
[2025-10-31T16:17:01.983+0000][gc,phases     ] GC(161)   Pre Evacuate Collection Set: 0.0ms
[2025-10-31T16:17:01.983+0000][gc,phases     ] GC(161)   Evacuate Collection Set: 7.9ms
[2025-10-31T16:17:01.983+0000][gc,phases     ] GC(161)   Post Evacuate Collection Set: 0.9ms
[2025-10-31T16:17:01.983+0000][gc,phases     ] GC(161)   Other: 1.1ms
[2025-10-31T16:17:01.984+0000][gc,heap       ] GC(161) Eden regions: 23->0(23)
[2025-10-31T16:17:01.984+0000][gc,heap       ] GC(161) Survivor regions: 2->2(4)
[2025-10-31T16:17:01.984+0000][gc,heap       ] GC(161) Old regions: 161->161
[2025-10-31T16:17:01.984+0000][gc,heap       ] GC(161) Humongous regions: 147->147
[2025-10-31T16:17:01.985+0000][gc,metaspace  ] GC(161) Metaspace: 53054K(57136K)->53054K(57136K) NonClass: 47130K(49328K)->47130K(49328K) Class: 5923K(7808K)->5923K(7808K)
[2025-10-31T16:17:01.985+0000][gc            ] GC(161) Pause Young (Normal) (G1 Evacuation Pause) 331M->309M(512M) 12.314ms
[2025-10-31T16:17:01.985+0000][gc,cpu        ] GC(161) User=0.02s Sys=0.00s Real=0.01s
[2025-10-31T16:17:25.600+0000][gc,start      ] GC(162) Pause Young (Normal) (G1 Evacuation Pause)
[2025-10-31T16:17:25.600+0000][gc,task       ] GC(162) Using 2 workers of 2 for evacuation
[2025-10-31T16:17:25.617+0000][gc,phases     ] GC(162)   Pre Evacuate Collection Set: 0.0ms
[2025-10-31T16:17:25.617+0000][gc,phases     ] GC(162)   Evacuate Collection Set: 15.0ms
[2025-10-31T16:17:25.618+0000][gc,phases     ] GC(162)   Post Evacuate Collection Set: 1.4ms
[2025-10-31T16:17:25.618+0000][gc,phases     ] GC(162)   Other: 1.1ms
[2025-10-31T16:17:25.619+0000][gc,heap       ] GC(162) Eden regions: 23->0(22)
[2025-10-31T16:17:25.619+0000][gc,heap       ] GC(162) Survivor regions: 2->3(4)
[2025-10-31T16:17:25.619+0000][gc,heap       ] GC(162) Old regions: 161->161
[2025-10-31T16:17:25.620+0000][gc,heap       ] GC(162) Humongous regions: 147->147
[2025-10-31T16:17:25.620+0000][gc,metaspace  ] GC(162) Metaspace: 53054K(57136K)->53054K(57136K) NonClass: 47130K(49328K)->47130K(49328K) Class: 5923K(7808K)->5923K(7808K)
[2025-10-31T16:17:25.620+0000][gc            ] GC(162) Pause Young (Normal) (G1 Evacuation Pause) 332M->310M(512M) 20.582ms
[2025-10-31T16:17:25.621+0000][gc,cpu        ] GC(162) User=0.04s Sys=0.00s Real=0.02s
[2025-10-31T16:17:48.524+0000][gc,start      ] GC(163) Pause Young (Normal) (G1 Evacuation Pause)
[2025-10-31T16:17:48.525+0000][gc,task       ] GC(163) Using 2 workers of 2 for evacuation
[2025-10-31T16:17:48.555+0000][gc,mmu        ] GC(163) MMU target violated: 21.0ms (20.0ms/21.0ms)
[2025-10-31T16:17:48.556+0000][gc,phases     ] GC(163)   Pre Evacuate Collection Set: 0.0ms
[2025-10-31T16:17:48.556+0000][gc,phases     ] GC(163)   Evacuate Collection Set: 27.0ms
[2025-10-31T16:17:48.557+0000][gc,phases     ] GC(163)   Post Evacuate Collection Set: 1.8ms
[2025-10-31T16:17:48.557+0000][gc,phases     ] GC(163)   Other: 2.8ms
[2025-10-31T16:17:48.558+0000][gc,heap       ] GC(163) Eden regions: 22->0(22)
[2025-10-31T16:17:48.614+0000][gc,heap       ] GC(163) Survivor regions: 3->3(4)
[2025-10-31T16:17:48.617+0000][gc,heap       ] GC(163) Old regions: 161->162
[2025-10-31T16:17:48.619+0000][gc,heap       ] GC(163) Humongous regions: 147->147
[2025-10-31T16:17:48.636+0000][gc,metaspace  ] GC(163) Metaspace: 53054K(57136K)->53054K(57136K) NonClass: 47130K(49328K)->47130K(49328K) Class: 5923K(7808K)->5923K(7808K)
[2025-10-31T16:17:48.653+0000][gc            ] GC(163) Pause Young (Normal) (G1 Evacuation Pause) 332M->311M(512M) 129.258ms
[2025-10-31T16:17:48.684+0000][gc,cpu        ] GC(163) User=0.12s Sys=0.01s Real=0.16s
[2025-10-31T16:18:11.417+0000][gc,start      ] GC(164) Pause Young (Normal) (G1 Evacuation Pause)
[2025-10-31T16:18:11.417+0000][gc,task       ] GC(164) Using 2 workers of 2 for evacuation
[2025-10-31T16:18:11.442+0000][gc,mmu        ] GC(164) MMU target violated: 21.0ms (20.0ms/21.0ms)
[2025-10-31T16:18:11.442+0000][gc,phases     ] GC(164)   Pre Evacuate Collection Set: 0.0ms
[2025-10-31T16:18:11.443+0000][gc,phases     ] GC(164)   Evacuate Collection Set: 22.0ms
[2025-10-31T16:18:11.443+0000][gc,phases     ] GC(164)   Post Evacuate Collection Set: 1.5ms
[2025-10-31T16:18:11.444+0000][gc,phases     ] GC(164)   Other: 1.8ms
[2025-10-31T16:18:11.444+0000][gc,heap       ] GC(164) Eden regions: 22->0(22)
[2025-10-31T16:18:11.444+0000][gc,heap       ] GC(164) Survivor regions: 3->3(4)
[2025-10-31T16:18:11.445+0000][gc,heap       ] GC(164) Old regions: 162->163
[2025-10-31T16:18:11.445+0000][gc,heap       ] GC(164) Humongous regions: 147->147
[2025-10-31T16:18:11.445+0000][gc,metaspace  ] GC(164) Metaspace: 53055K(57136K)->53055K(57136K) NonClass: 47131K(49328K)->47131K(49328K) Class: 5923K(7808K)->5923K(7808K)
[2025-10-31T16:18:11.446+0000][gc            ] GC(164) Pause Young (Normal) (G1 Evacuation Pause) 333M->312M(512M) 28.996ms
[2025-10-31T16:18:11.446+0000][gc,cpu        ] GC(164) User=0.05s Sys=0.00s Real=0.03s
[2025-10-31T16:18:33.975+0000][gc,start      ] GC(165) Pause Young (Normal) (G1 Evacuation Pause)
[2025-10-31T16:18:33.976+0000][gc,task       ] GC(165) Using 2 workers of 2 for evacuation
[2025-10-31T16:18:34.004+0000][gc,mmu        ] GC(165) MMU target violated: 21.0ms (20.0ms/21.0ms)
[2025-10-31T16:18:34.005+0000][gc,phases     ] GC(165)   Pre Evacuate Collection Set: 0.0ms
[2025-10-31T16:18:34.005+0000][gc,phases     ] GC(165)   Evacuate Collection Set: 25.0ms
[2025-10-31T16:18:34.006+0000][gc,phases     ] GC(165)   Post Evacuate Collection Set: 2.2ms
[2025-10-31T16:18:34.007+0000][gc,phases     ] GC(165)   Other: 2.7ms
[2025-10-31T16:18:34.008+0000][gc,heap       ] GC(165) Eden regions: 22->0(21)
[2025-10-31T16:18:34.008+0000][gc,heap       ] GC(165) Survivor regions: 3->4(4)
[2025-10-31T16:18:34.009+0000][gc,heap       ] GC(165) Old regions: 163->164
[2025-10-31T16:18:34.009+0000][gc,heap       ] GC(165) Humongous regions: 147->147
[2025-10-31T16:18:34.009+0000][gc,metaspace  ] GC(165) Metaspace: 53055K(57136K)->53055K(57136K) NonClass: 47131K(49328K)->47131K(49328K) Class: 5923K(7808K)->5923K(7808K)
[2025-10-31T16:18:34.010+0000][gc            ] GC(165) Pause Young (Normal) (G1 Evacuation Pause) 334M->313M(512M) 34.931ms
[2025-10-31T16:18:34.010+0000][gc,cpu        ] GC(165) User=0.06s Sys=0.00s Real=0.03s
[2025-10-31T16:18:55.963+0000][gc,start      ] GC(166) Pause Young (Normal) (G1 Evacuation Pause)
[2025-10-31T16:18:55.966+0000][gc,task       ] GC(166) Using 2 workers of 2 for evacuation
[2025-10-31T16:18:56.000+0000][gc,mmu        ] GC(166) MMU target violated: 21.0ms (20.0ms/21.0ms)
[2025-10-31T16:18:56.002+0000][gc,phases     ] GC(166)   Pre Evacuate Collection Set: 0.0ms
[2025-10-31T16:18:56.003+0000][gc,phases     ] GC(166)   Evacuate Collection Set: 30.8ms
[2025-10-31T16:18:56.004+0000][gc,phases     ] GC(166)   Post Evacuate Collection Set: 1.7ms
[2025-10-31T16:18:56.005+0000][gc,phases     ] GC(166)   Other: 6.2ms
[2025-10-31T16:18:56.006+0000][gc,heap       ] GC(166) Eden regions: 21->0(22)
[2025-10-31T16:18:56.007+0000][gc,heap       ] GC(166) Survivor regions: 4->3(4)
[2025-10-31T16:18:56.007+0000][gc,heap       ] GC(166) Old regions: 164->165
[2025-10-31T16:18:56.008+0000][gc,heap       ] GC(166) Humongous regions: 147->147
[2025-10-31T16:18:56.009+0000][gc,metaspace  ] GC(166) Metaspace: 53055K(57136K)->53055K(57136K) NonClass: 47131K(49328K)->47131K(49328K) Class: 5923K(7808K)->5923K(7808K)
[2025-10-31T16:18:56.009+0000][gc            ] GC(166) Pause Young (Normal) (G1 Evacuation Pause) 334M->314M(512M) 46.061ms
[2025-10-31T16:18:56.010+0000][gc,cpu        ] GC(166) User=0.07s Sys=0.00s Real=0.04s
[2025-10-31T16:19:18.726+0000][gc,start      ] GC(167) Pause Young (Normal) (G1 Evacuation Pause)
[2025-10-31T16:19:18.726+0000][gc,task       ] GC(167) Using 2 workers of 2 for evacuation
[2025-10-31T16:19:18.748+0000][gc,mmu        ] GC(167) MMU target violated: 21.0ms (20.0ms/21.0ms)
[2025-10-31T16:19:18.749+0000][gc,phases     ] GC(167)   Pre Evacuate Collection Set: 0.0ms
[2025-10-31T16:19:18.749+0000][gc,phases     ] GC(167)   Evacuate Collection Set: 19.5ms
[2025-10-31T16:19:18.749+0000][gc,phases     ] GC(167)   Post Evacuate Collection Set: 1.3ms
[2025-10-31T16:19:18.750+0000][gc,phases     ] GC(167)   Other: 1.8ms
[2025-10-31T16:19:18.751+0000][gc,heap       ] GC(167) Eden regions: 22->0(22)
[2025-10-31T16:19:18.751+0000][gc,heap       ] GC(167) Survivor regions: 3->3(4)
[2025-10-31T16:19:18.752+0000][gc,heap       ] GC(167) Old regions: 165->166
[2025-10-31T16:19:18.752+0000][gc,heap       ] GC(167) Humongous regions: 147->147
[2025-10-31T16:19:18.753+0000][gc,metaspace  ] GC(167) Metaspace: 53055K(57136K)->53055K(57136K) NonClass: 47131K(49328K)->47131K(49328K) Class: 5923K(7808K)->5923K(7808K)
[2025-10-31T16:19:18.753+0000][gc            ] GC(167) Pause Young (Normal) (G1 Evacuation Pause) 336M->315M(512M) 27.283ms
[2025-10-31T16:19:18.754+0000][gc,cpu        ] GC(167) User=0.05s Sys=0.00s Real=0.03s
[2025-10-31T16:19:40.975+0000][gc,start      ] GC(168) Pause Young (Normal) (G1 Evacuation Pause)
[2025-10-31T16:19:40.975+0000][gc,task       ] GC(168) Using 2 workers of 2 for evacuation
[2025-10-31T16:19:40.990+0000][gc,phases     ] GC(168)   Pre Evacuate Collection Set: 0.0ms
[2025-10-31T16:19:40.991+0000][gc,phases     ] GC(168)   Evacuate Collection Set: 13.4ms
[2025-10-31T16:19:40.991+0000][gc,phases     ] GC(168)   Post Evacuate Collection Set: 1.2ms
[2025-10-31T16:19:40.992+0000][gc,phases     ] GC(168)   Other: 1.2ms
[2025-10-31T16:19:40.992+0000][gc,heap       ] GC(168) Eden regions: 22->0(24)
[2025-10-31T16:19:40.993+0000][gc,heap       ] GC(168) Survivor regions: 3->1(4)
[2025-10-31T16:19:40.993+0000][gc,heap       ] GC(168) Old regions: 166->167
[2025-10-31T16:19:40.993+0000][gc,heap       ] GC(168) Humongous regions: 147->147
[2025-10-31T16:19:40.993+0000][gc,metaspace  ] GC(168) Metaspace: 53057K(57136K)->53057K(57136K) NonClass: 47133K(49328K)->47133K(49328K) Class: 5923K(7808K)->5923K(7808K)
[2025-10-31T16:19:40.994+0000][gc            ] GC(168) Pause Young (Normal) (G1 Evacuation Pause) 337M->314M(512M) 18.920ms
[2025-10-31T16:19:40.994+0000][gc,cpu        ] GC(168) User=0.03s Sys=0.00s Real=0.02s
[2025-10-31T16:20:06.040+0000][gc,start      ] GC(169) Pause Young (Normal) (G1 Evacuation Pause)
[2025-10-31T16:20:06.040+0000][gc,task       ] GC(169) Using 2 workers of 2 for evacuation
[2025-10-31T16:20:06.056+0000][gc,phases     ] GC(169)   Pre Evacuate Collection Set: 0.0ms
[2025-10-31T16:20:06.057+0000][gc,phases     ] GC(169)   Evacuate Collection Set: 14.1ms
[2025-10-31T16:20:06.057+0000][gc,phases     ] GC(169)   Post Evacuate Collection Set: 1.5ms
[2025-10-31T16:20:06.057+0000][gc,phases     ] GC(169)   Other: 1.2ms
[2025-10-31T16:20:06.058+0000][gc,heap       ] GC(169) Eden regions: 24->0(22)
[2025-10-31T16:20:06.058+0000][gc,heap       ] GC(169) Survivor regions: 1->3(4)
[2025-10-31T16:20:06.058+0000][gc,heap       ] GC(169) Old regions: 167->167
[2025-10-31T16:20:06.059+0000][gc,heap       ] GC(169) Humongous regions: 147->147
[2025-10-31T16:20:06.059+0000][gc,metaspace  ] GC(169) Metaspace: 53068K(57136K)->53068K(57136K) NonClass: 47144K(49328K)->47144K(49328K) Class: 5923K(7808K)->5923K(7808K)
[2025-10-31T16:20:06.059+0000][gc            ] GC(169) Pause Young (Normal) (G1 Evacuation Pause) 338M->315M(512M) 19.450ms
[2025-10-31T16:20:06.060+0000][gc,cpu        ] GC(169) User=0.03s Sys=0.00s Real=0.02s
[2025-10-31T16:20:27.940+0000][gc,start      ] GC(170) Pause Young (Normal) (G1 Evacuation Pause)
[2025-10-31T16:20:27.941+0000][gc,task       ] GC(170) Using 2 workers of 2 for evacuation
[2025-10-31T16:20:27.962+0000][gc,mmu        ] GC(170) MMU target violated: 20.7ms (20.0ms/21.0ms)
[2025-10-31T16:20:27.962+0000][gc,phases     ] GC(170)   Pre Evacuate Collection Set: 0.0ms
[2025-10-31T16:20:27.963+0000][gc,phases     ] GC(170)   Evacuate Collection Set: 18.2ms
[2025-10-31T16:20:27.964+0000][gc,phases     ] GC(170)   Post Evacuate Collection Set: 2.3ms
[2025-10-31T16:20:27.964+0000][gc,phases     ] GC(170)   Other: 2.0ms
[2025-10-31T16:20:27.965+0000][gc,heap       ] GC(170) Eden regions: 22->0(22)
[2025-10-31T16:20:27.965+0000][gc,heap       ] GC(170) Survivor regions: 3->3(4)
[2025-10-31T16:20:27.965+0000][gc,heap       ] GC(170) Old regions: 167->167
[2025-10-31T16:20:27.966+0000][gc,heap       ] GC(170) Humongous regions: 147->147
[2025-10-31T16:20:27.966+0000][gc,metaspace  ] GC(170) Metaspace: 53075K(57136K)->53075K(57136K) NonClass: 47151K(49328K)->47151K(49328K) Class: 5923K(7808K)->5923K(7808K)
[2025-10-31T16:20:27.967+0000][gc            ] GC(170) Pause Young (Normal) (G1 Evacuation Pause) 337M->316M(512M) 26.643ms
[2025-10-31T16:20:27.967+0000][gc,cpu        ] GC(170) User=0.04s Sys=0.00s Real=0.03s
[2025-10-31T16:20:51.147+0000][gc,start      ] GC(171) Pause Young (Normal) (G1 Evacuation Pause)
[2025-10-31T16:20:51.148+0000][gc,task       ] GC(171) Using 2 workers of 2 for evacuation
[2025-10-31T16:20:51.180+0000][gc,mmu        ] GC(171) MMU target violated: 21.0ms (20.0ms/21.0ms)
[2025-10-31T16:20:51.180+0000][gc,phases     ] GC(171)   Pre Evacuate Collection Set: 0.0ms
[2025-10-31T16:20:51.180+0000][gc,phases     ] GC(171)   Evacuate Collection Set: 29.8ms
[2025-10-31T16:20:51.181+0000][gc,phases     ] GC(171)   Post Evacuate Collection Set: 1.5ms
[2025-10-31T16:20:51.181+0000][gc,phases     ] GC(171)   Other: 1.7ms
[2025-10-31T16:20:51.181+0000][gc,heap       ] GC(171) Eden regions: 22->0(22)
[2025-10-31T16:20:51.182+0000][gc,heap       ] GC(171) Survivor regions: 3->3(4)
[2025-10-31T16:20:51.182+0000][gc,heap       ] GC(171) Old regions: 167->168
[2025-10-31T16:20:51.182+0000][gc,heap       ] GC(171) Humongous regions: 147->147
[2025-10-31T16:20:51.183+0000][gc,metaspace  ] GC(171) Metaspace: 53075K(57136K)->53075K(57136K) NonClass: 47151K(49328K)->47151K(49328K) Class: 5923K(7808K)->5923K(7808K)
[2025-10-31T16:20:51.183+0000][gc            ] GC(171) Pause Young (Normal) (G1 Evacuation Pause) 338M->317M(512M) 36.250ms
[2025-10-31T16:20:51.184+0000][gc,cpu        ] GC(171) User=0.06s Sys=0.00s Real=0.04s
[2025-10-31T16:21:13.438+0000][gc,start      ] GC(172) Pause Young (Normal) (G1 Evacuation Pause)
[2025-10-31T16:21:13.439+0000][gc,task       ] GC(172) Using 2 workers of 2 for evacuation
[2025-10-31T16:21:13.470+0000][gc,mmu        ] GC(172) MMU target violated: 21.0ms (20.0ms/21.0ms)
[2025-10-31T16:21:13.471+0000][gc,phases     ] GC(172)   Pre Evacuate Collection Set: 0.1ms
[2025-10-31T16:21:13.471+0000][gc,phases     ] GC(172)   Evacuate Collection Set: 28.3ms
[2025-10-31T16:21:13.472+0000][gc,phases     ] GC(172)   Post Evacuate Collection Set: 1.7ms
[2025-10-31T16:21:13.473+0000][gc,phases     ] GC(172)   Other: 2.4ms
[2025-10-31T16:21:13.475+0000][gc,heap       ] GC(172) Eden regions: 22->0(22)
[2025-10-31T16:21:13.475+0000][gc,heap       ] GC(172) Survivor regions: 3->3(4)
[2025-10-31T16:21:13.476+0000][gc,heap       ] GC(172) Old regions: 168->169
[2025-10-31T16:21:13.477+0000][gc,heap       ] GC(172) Humongous regions: 147->147
[2025-10-31T16:21:13.478+0000][gc,metaspace  ] GC(172) Metaspace: 53075K(57136K)->53075K(57136K) NonClass: 47151K(49328K)->47151K(49328K) Class: 5923K(7808K)->5923K(7808K)
[2025-10-31T16:21:13.478+0000][gc            ] GC(172) Pause Young (Normal) (G1 Evacuation Pause) 339M->318M(512M) 39.939ms
[2025-10-31T16:21:13.479+0000][gc,cpu        ] GC(172) User=0.06s Sys=0.00s Real=0.04s
[2025-10-31T16:21:36.349+0000][gc,start      ] GC(173) Pause Young (Normal) (G1 Evacuation Pause)
[2025-10-31T16:21:36.352+0000][gc,task       ] GC(173) Using 2 workers of 2 for evacuation
[2025-10-31T16:21:36.393+0000][gc,mmu        ] GC(173) MMU target violated: 21.0ms (20.0ms/21.0ms)
[2025-10-31T16:21:36.394+0000][gc,phases     ] GC(173)   Pre Evacuate Collection Set: 0.0ms
[2025-10-31T16:21:36.394+0000][gc,phases     ] GC(173)   Evacuate Collection Set: 34.2ms
[2025-10-31T16:21:36.395+0000][gc,phases     ] GC(173)   Post Evacuate Collection Set: 2.0ms
[2025-10-31T16:21:36.395+0000][gc,phases     ] GC(173)   Other: 8.8ms
[2025-10-31T16:21:36.396+0000][gc,heap       ] GC(173) Eden regions: 22->0(22)
[2025-10-31T16:21:36.397+0000][gc,heap       ] GC(173) Survivor regions: 3->3(4)
[2025-10-31T16:21:36.397+0000][gc,heap       ] GC(173) Old regions: 169->170
[2025-10-31T16:21:36.398+0000][gc,heap       ] GC(173) Humongous regions: 147->147
[2025-10-31T16:21:36.398+0000][gc,metaspace  ] GC(173) Metaspace: 53075K(57136K)->53075K(57136K) NonClass: 47151K(49328K)->47151K(49328K) Class: 5923K(7808K)->5923K(7808K)
[2025-10-31T16:21:36.399+0000][gc            ] GC(173) Pause Young (Normal) (G1 Evacuation Pause) 340M->319M(512M) 50.039ms
[2025-10-31T16:21:36.399+0000][gc,cpu        ] GC(173) User=0.07s Sys=0.00s Real=0.05s
[2025-10-31T16:21:58.714+0000][gc,start      ] GC(174) Pause Young (Normal) (G1 Evacuation Pause)
[2025-10-31T16:21:58.715+0000][gc,task       ] GC(174) Using 2 workers of 2 for evacuation
[2025-10-31T16:21:58.731+0000][gc,phases     ] GC(174)   Pre Evacuate Collection Set: 0.0ms
[2025-10-31T16:21:58.731+0000][gc,phases     ] GC(174)   Evacuate Collection Set: 14.5ms
[2025-10-31T16:21:58.732+0000][gc,phases     ] GC(174)   Post Evacuate Collection Set: 1.1ms
[2025-10-31T16:21:58.732+0000][gc,phases     ] GC(174)   Other: 1.2ms
[2025-10-31T16:21:58.732+0000][gc,heap       ] GC(174) Eden regions: 22->0(22)
[2025-10-31T16:21:58.733+0000][gc,heap       ] GC(174) Survivor regions: 3->3(4)
[2025-10-31T16:21:58.733+0000][gc,heap       ] GC(174) Old regions: 170->171
[2025-10-31T16:21:58.733+0000][gc,heap       ] GC(174) Humongous regions: 147->147
[2025-10-31T16:21:58.734+0000][gc,metaspace  ] GC(174) Metaspace: 53076K(57136K)->53076K(57136K) NonClass: 47152K(49328K)->47152K(49328K) Class: 5923K(7808K)->5923K(7808K)
[2025-10-31T16:21:58.734+0000][gc            ] GC(174) Pause Young (Normal) (G1 Evacuation Pause) 341M->320M(512M) 19.979ms
[2025-10-31T16:21:58.734+0000][gc,cpu        ] GC(174) User=0.03s Sys=0.00s Real=0.02s
[2025-10-31T16:22:17.604+0000][gc,start      ] GC(175) Pause Young (Normal) (G1 Evacuation Pause)
[2025-10-31T16:22:17.604+0000][gc,task       ] GC(175) Using 2 workers of 2 for evacuation
[2025-10-31T16:22:17.615+0000][gc,phases     ] GC(175)   Pre Evacuate Collection Set: 0.0ms
[2025-10-31T16:22:17.615+0000][gc,phases     ] GC(175)   Evacuate Collection Set: 9.6ms
[2025-10-31T16:22:17.615+0000][gc,phases     ] GC(175)   Post Evacuate Collection Set: 0.6ms
[2025-10-31T16:22:17.616+0000][gc,phases     ] GC(175)   Other: 0.8ms
[2025-10-31T16:22:17.616+0000][gc,heap       ] GC(175) Eden regions: 22->0(21)
[2025-10-31T16:22:17.616+0000][gc,heap       ] GC(175) Survivor regions: 3->4(4)
[2025-10-31T16:22:17.616+0000][gc,heap       ] GC(175) Old regions: 171->172
[2025-10-31T16:22:17.616+0000][gc,heap       ] GC(175) Humongous regions: 147->147
[2025-10-31T16:22:17.616+0000][gc,metaspace  ] GC(175) Metaspace: 53078K(57136K)->53078K(57136K) NonClass: 47154K(49328K)->47154K(49328K) Class: 5923K(7808K)->5923K(7808K)
[2025-10-31T16:22:17.617+0000][gc            ] GC(175) Pause Young (Normal) (G1 Evacuation Pause) 342M->321M(512M) 12.465ms
[2025-10-31T16:22:17.617+0000][gc,cpu        ] GC(175) User=0.02s Sys=0.00s Real=0.01s
[2025-10-31T16:22:37.208+0000][gc,start      ] GC(176) Pause Young (Normal) (G1 Evacuation Pause)
[2025-10-31T16:22:37.208+0000][gc,task       ] GC(176) Using 2 workers of 2 for evacuation
[2025-10-31T16:22:37.218+0000][gc,phases     ] GC(176)   Pre Evacuate Collection Set: 0.0ms
[2025-10-31T16:22:37.218+0000][gc,phases     ] GC(176)   Evacuate Collection Set: 8.5ms
[2025-10-31T16:22:37.218+0000][gc,phases     ] GC(176)   Post Evacuate Collection Set: 0.7ms
[2025-10-31T16:22:37.218+0000][gc,phases     ] GC(176)   Other: 0.6ms
[2025-10-31T16:22:37.218+0000][gc,heap       ] GC(176) Eden regions: 21->0(22)
[2025-10-31T16:22:37.219+0000][gc,heap       ] GC(176) Survivor regions: 4->3(4)
[2025-10-31T16:22:37.219+0000][gc,heap       ] GC(176) Old regions: 172->173
[2025-10-31T16:22:37.219+0000][gc,heap       ] GC(176) Humongous regions: 147->147
[2025-10-31T16:22:37.219+0000][gc,metaspace  ] GC(176) Metaspace: 53078K(57136K)->53078K(57136K) NonClass: 47154K(49328K)->47154K(49328K) Class: 5923K(7808K)->5923K(7808K)
[2025-10-31T16:22:37.219+0000][gc            ] GC(176) Pause Young (Normal) (G1 Evacuation Pause) 342M->322M(512M) 11.275ms
[2025-10-31T16:22:37.219+0000][gc,cpu        ] GC(176) User=0.02s Sys=0.00s Real=0.01s
[2025-10-31T16:22:58.178+0000][gc,start      ] GC(177) Pause Young (Normal) (G1 Evacuation Pause)
[2025-10-31T16:22:58.178+0000][gc,task       ] GC(177) Using 2 workers of 2 for evacuation
[2025-10-31T16:22:58.185+0000][gc,phases     ] GC(177)   Pre Evacuate Collection Set: 0.0ms
[2025-10-31T16:22:58.185+0000][gc,phases     ] GC(177)   Evacuate Collection Set: 6.1ms
[2025-10-31T16:22:58.185+0000][gc,phases     ] GC(177)   Post Evacuate Collection Set: 0.5ms
[2025-10-31T16:22:58.186+0000][gc,phases     ] GC(177)   Other: 0.5ms
[2025-10-31T16:22:58.186+0000][gc,heap       ] GC(177) Eden regions: 22->0(26)
[2025-10-31T16:22:58.186+0000][gc,heap       ] GC(177) Survivor regions: 3->1(4)
[2025-10-31T16:22:58.186+0000][gc,heap       ] GC(177) Old regions: 173->174
[2025-10-31T16:22:58.186+0000][gc,heap       ] GC(177) Humongous regions: 147->147
[2025-10-31T16:22:58.186+0000][gc,metaspace  ] GC(177) Metaspace: 53078K(57136K)->53078K(57136K) NonClass: 47154K(49328K)->47154K(49328K) Class: 5923K(7808K)->5923K(7808K)
[2025-10-31T16:22:58.186+0000][gc            ] GC(177) Pause Young (Normal) (G1 Evacuation Pause) 344M->321M(512M) 8.412ms
[2025-10-31T16:22:58.186+0000][gc,cpu        ] GC(177) User=0.02s Sys=0.00s Real=0.01s
[2025-10-31T16:23:23.362+0000][gc,start      ] GC(178) Pause Young (Normal) (G1 Evacuation Pause)
[2025-10-31T16:23:23.362+0000][gc,task       ] GC(178) Using 2 workers of 2 for evacuation
[2025-10-31T16:23:23.371+0000][gc,phases     ] GC(178)   Pre Evacuate Collection Set: 0.0ms
[2025-10-31T16:23:23.372+0000][gc,phases     ] GC(178)   Evacuate Collection Set: 7.9ms
[2025-10-31T16:23:23.372+0000][gc,phases     ] GC(178)   Post Evacuate Collection Set: 0.7ms
[2025-10-31T16:23:23.372+0000][gc,phases     ] GC(178)   Other: 0.8ms
[2025-10-31T16:23:23.372+0000][gc,heap       ] GC(178) Eden regions: 26->0(28)
[2025-10-31T16:23:23.372+0000][gc,heap       ] GC(178) Survivor regions: 1->3(4)
[2025-10-31T16:23:23.372+0000][gc,heap       ] GC(178) Old regions: 174->174
[2025-10-31T16:23:23.373+0000][gc,heap       ] GC(178) Humongous regions: 147->147
[2025-10-31T16:23:23.373+0000][gc,metaspace  ] GC(178) Metaspace: 53078K(57136K)->53078K(57136K) NonClass: 47154K(49328K)->47154K(49328K) Class: 5923K(7808K)->5923K(7808K)
[2025-10-31T16:23:23.373+0000][gc            ] GC(178) Pause Young (Normal) (G1 Evacuation Pause) 347M->322M(512M) 11.036ms
[2025-10-31T16:23:23.373+0000][gc,cpu        ] GC(178) User=0.01s Sys=0.00s Real=0.01s
[2025-10-31T16:23:50.303+0000][gc,start      ] GC(179) Pause Young (Normal) (G1 Evacuation Pause)
[2025-10-31T16:23:50.303+0000][gc,task       ] GC(179) Using 2 workers of 2 for evacuation
[2025-10-31T16:23:50.314+0000][gc,phases     ] GC(179)   Pre Evacuate Collection Set: 0.0ms
[2025-10-31T16:23:50.314+0000][gc,phases     ] GC(179)   Evacuate Collection Set: 9.2ms
[2025-10-31T16:23:50.314+0000][gc,phases     ] GC(179)   Post Evacuate Collection Set: 0.7ms
[2025-10-31T16:23:50.314+0000][gc,phases     ] GC(179)   Other: 0.6ms
[2025-10-31T16:23:50.314+0000][gc,heap       ] GC(179) Eden regions: 28->0(31)
[2025-10-31T16:23:50.315+0000][gc,heap       ] GC(179) Survivor regions: 3->4(4)
[2025-10-31T16:23:50.315+0000][gc,heap       ] GC(179) Old regions: 174->175
[2025-10-31T16:23:50.315+0000][gc,heap       ] GC(179) Humongous regions: 147->147
[2025-10-31T16:23:50.315+0000][gc,metaspace  ] GC(179) Metaspace: 53078K(57136K)->53078K(57136K) NonClass: 47154K(49328K)->47154K(49328K) Class: 5923K(7808K)->5923K(7808K)
[2025-10-31T16:23:50.315+0000][gc            ] GC(179) Pause Young (Normal) (G1 Evacuation Pause) 350M->324M(512M) 12.319ms
[2025-10-31T16:23:50.315+0000][gc,cpu        ] GC(179) User=0.02s Sys=0.00s Real=0.01s
[2025-10-31T16:24:17.761+0000][gc,start      ] GC(180) Pause Young (Normal) (G1 Evacuation Pause)
[2025-10-31T16:24:17.761+0000][gc,task       ] GC(180) Using 2 workers of 2 for evacuation
[2025-10-31T16:24:17.774+0000][gc,phases     ] GC(180)   Pre Evacuate Collection Set: 0.0ms
[2025-10-31T16:24:17.774+0000][gc,phases     ] GC(180)   Evacuate Collection Set: 11.5ms
[2025-10-31T16:24:17.774+0000][gc,phases     ] GC(180)   Post Evacuate Collection Set: 0.7ms
[2025-10-31T16:24:17.774+0000][gc,phases     ] GC(180)   Other: 0.9ms
[2025-10-31T16:24:17.775+0000][gc,heap       ] GC(180) Eden regions: 31->0(33)
[2025-10-31T16:24:17.775+0000][gc,heap       ] GC(180) Survivor regions: 4->3(5)
[2025-10-31T16:24:17.775+0000][gc,heap       ] GC(180) Old regions: 175->176
[2025-10-31T16:24:17.775+0000][gc,heap       ] GC(180) Humongous regions: 147->147
[2025-10-31T16:24:17.775+0000][gc,metaspace  ] GC(180) Metaspace: 53081K(57136K)->53081K(57136K) NonClass: 47157K(49328K)->47157K(49328K) Class: 5923K(7808K)->5923K(7808K)
[2025-10-31T16:24:17.775+0000][gc            ] GC(180) Pause Young (Normal) (G1 Evacuation Pause) 355M->324M(512M) 14.813ms
[2025-10-31T16:24:17.775+0000][gc,cpu        ] GC(180) User=0.02s Sys=0.00s Real=0.01s
[2025-10-31T16:24:46.185+0000][gc,start      ] GC(181) Pause Young (Normal) (G1 Evacuation Pause)
[2025-10-31T16:24:46.185+0000][gc,task       ] GC(181) Using 2 workers of 2 for evacuation
[2025-10-31T16:24:46.198+0000][gc,phases     ] GC(181)   Pre Evacuate Collection Set: 0.0ms
[2025-10-31T16:24:46.198+0000][gc,phases     ] GC(181)   Evacuate Collection Set: 11.3ms
[2025-10-31T16:24:46.198+0000][gc,phases     ] GC(181)   Post Evacuate Collection Set: 0.8ms
[2025-10-31T16:24:46.198+0000][gc,phases     ] GC(181)   Other: 0.5ms
[2025-10-31T16:24:46.198+0000][gc,heap       ] GC(181) Eden regions: 33->0(35)
[2025-10-31T16:24:46.199+0000][gc,heap       ] GC(181) Survivor regions: 3->5(5)
[2025-10-31T16:24:46.199+0000][gc,heap       ] GC(181) Old regions: 176->176
[2025-10-31T16:24:46.199+0000][gc,heap       ] GC(181) Humongous regions: 147->147
[2025-10-31T16:24:46.199+0000][gc,metaspace  ] GC(181) Metaspace: 53081K(57136K)->53081K(57136K) NonClass: 47157K(49328K)->47157K(49328K) Class: 5923K(7808K)->5923K(7808K)
[2025-10-31T16:24:46.199+0000][gc            ] GC(181) Pause Young (Normal) (G1 Evacuation Pause) 357M->326M(512M) 14.313ms
[2025-10-31T16:24:46.200+0000][gc,cpu        ] GC(181) User=0.02s Sys=0.00s Real=0.02s
[2025-10-31T16:25:16.709+0000][gc,start      ] GC(182) Pause Young (Normal) (G1 Evacuation Pause)
[2025-10-31T16:25:16.710+0000][gc,task       ] GC(182) Using 2 workers of 2 for evacuation
[2025-10-31T16:25:16.726+0000][gc,phases     ] GC(182)   Pre Evacuate Collection Set: 0.0ms
[2025-10-31T16:25:16.727+0000][gc,phases     ] GC(182)   Evacuate Collection Set: 13.7ms
[2025-10-31T16:25:16.727+0000][gc,phases     ] GC(182)   Post Evacuate Collection Set: 1.2ms
[2025-10-31T16:25:16.728+0000][gc,phases     ] GC(182)   Other: 2.5ms
[2025-10-31T16:25:16.729+0000][gc,heap       ] GC(182) Eden regions: 35->0(36)
[2025-10-31T16:25:16.729+0000][gc,heap       ] GC(182) Survivor regions: 5->3(5)
[2025-10-31T16:25:16.729+0000][gc,heap       ] GC(182) Old regions: 176->178
[2025-10-31T16:25:16.729+0000][gc,heap       ] GC(182) Humongous regions: 147->147
[2025-10-31T16:25:16.730+0000][gc,metaspace  ] GC(182) Metaspace: 53081K(57136K)->53081K(57136K) NonClass: 47157K(49328K)->47157K(49328K) Class: 5923K(7808K)->5923K(7808K)
[2025-10-31T16:25:16.730+0000][gc            ] GC(182) Pause Young (Normal) (G1 Evacuation Pause) 361M->327M(512M) 20.978ms
[2025-10-31T16:25:16.730+0000][gc,cpu        ] GC(182) User=0.03s Sys=0.00s Real=0.02s
[2025-10-31T16:25:48.332+0000][gc,start      ] GC(183) Pause Young (Normal) (G1 Evacuation Pause)
[2025-10-31T16:25:48.332+0000][gc,task       ] GC(183) Using 2 workers of 2 for evacuation
[2025-10-31T16:25:48.341+0000][gc,phases     ] GC(183)   Pre Evacuate Collection Set: 0.0ms
[2025-10-31T16:25:48.342+0000][gc,phases     ] GC(183)   Evacuate Collection Set: 8.0ms
[2025-10-31T16:25:48.342+0000][gc,phases     ] GC(183)   Post Evacuate Collection Set: 0.6ms
[2025-10-31T16:25:48.342+0000][gc,phases     ] GC(183)   Other: 0.5ms
[2025-10-31T16:25:48.342+0000][gc,heap       ] GC(183) Eden regions: 36->0(41)
[2025-10-31T16:25:48.342+0000][gc,heap       ] GC(183) Survivor regions: 3->3(5)
[2025-10-31T16:25:48.342+0000][gc,heap       ] GC(183) Old regions: 178->179
[2025-10-31T16:25:48.342+0000][gc,heap       ] GC(183) Humongous regions: 147->147
[2025-10-31T16:25:48.343+0000][gc,metaspace  ] GC(183) Metaspace: 53081K(57136K)->53081K(57136K) NonClass: 47157K(49328K)->47157K(49328K) Class: 5923K(7808K)->5923K(7808K)
[2025-10-31T16:25:48.343+0000][gc            ] GC(183) Pause Young (Normal) (G1 Evacuation Pause) 363M->328M(512M) 10.422ms
[2025-10-31T16:25:48.343+0000][gc,cpu        ] GC(183) User=0.01s Sys=0.00s Real=0.01s
[2025-10-31T16:26:24.336+0000][gc,start      ] GC(184) Pause Young (Normal) (G1 Evacuation Pause)
[2025-10-31T16:26:24.337+0000][gc,task       ] GC(184) Using 2 workers of 2 for evacuation
[2025-10-31T16:26:24.346+0000][gc,phases     ] GC(184)   Pre Evacuate Collection Set: 0.0ms
[2025-10-31T16:26:24.346+0000][gc,phases     ] GC(184)   Evacuate Collection Set: 8.6ms
[2025-10-31T16:26:24.347+0000][gc,phases     ] GC(184)   Post Evacuate Collection Set: 0.6ms
[2025-10-31T16:26:24.347+0000][gc,phases     ] GC(184)   Other: 0.6ms
[2025-10-31T16:26:24.347+0000][gc,heap       ] GC(184) Eden regions: 41->0(45)
[2025-10-31T16:26:24.347+0000][gc,heap       ] GC(184) Survivor regions: 3->4(6)
[2025-10-31T16:26:24.347+0000][gc,heap       ] GC(184) Old regions: 179->179
[2025-10-31T16:26:24.347+0000][gc,heap       ] GC(184) Humongous regions: 147->147
[2025-10-31T16:26:24.347+0000][gc,metaspace  ] GC(184) Metaspace: 53082K(57136K)->53082K(57136K) NonClass: 47158K(49328K)->47158K(49328K) Class: 5923K(7808K)->5923K(7808K)
[2025-10-31T16:26:24.348+0000][gc            ] GC(184) Pause Young (Normal) (G1 Evacuation Pause) 369M->330M(512M) 11.493ms
[2025-10-31T16:26:24.348+0000][gc,cpu        ] GC(184) User=0.02s Sys=0.00s Real=0.01s
[2025-10-31T16:27:03.997+0000][gc,start      ] GC(185) Pause Young (Normal) (G1 Evacuation Pause)
[2025-10-31T16:27:03.998+0000][gc,task       ] GC(185) Using 2 workers of 2 for evacuation
[2025-10-31T16:27:04.019+0000][gc,mmu        ] GC(185) MMU target violated: 20.8ms (20.0ms/21.0ms)
[2025-10-31T16:27:04.020+0000][gc,phases     ] GC(185)   Pre Evacuate Collection Set: 0.0ms
[2025-10-31T16:27:04.020+0000][gc,phases     ] GC(185)   Evacuate Collection Set: 19.6ms
[2025-10-31T16:27:04.020+0000][gc,phases     ] GC(185)   Post Evacuate Collection Set: 1.0ms
[2025-10-31T16:27:04.021+0000][gc,phases     ] GC(185)   Other: 2.0ms
[2025-10-31T16:27:04.022+0000][gc,heap       ] GC(185) Eden regions: 45->0(38)
[2025-10-31T16:27:04.022+0000][gc,heap       ] GC(185) Survivor regions: 4->3(7)
[2025-10-31T16:27:04.023+0000][gc,heap       ] GC(185) Old regions: 179->181
[2025-10-31T16:27:04.024+0000][gc,heap       ] GC(185) Humongous regions: 147->147
[2025-10-31T16:27:04.026+0000][gc,metaspace  ] GC(185) Metaspace: 53082K(57136K)->53082K(57136K) NonClass: 47158K(49328K)->47158K(49328K) Class: 5923K(7808K)->5923K(7808K)
[2025-10-31T16:27:04.027+0000][gc            ] GC(185) Pause Young (Normal) (G1 Evacuation Pause) 375M->330M(512M) 29.380ms
[2025-10-31T16:27:04.027+0000][gc,cpu        ] GC(185) User=0.04s Sys=0.00s Real=0.03s
[2025-10-31T16:27:37.823+0000][gc,start      ] GC(186) Pause Young (Normal) (G1 Evacuation Pause)
[2025-10-31T16:27:37.823+0000][gc,task       ] GC(186) Using 2 workers of 2 for evacuation
[2025-10-31T16:27:37.888+0000][gc,mmu        ] GC(186) MMU target violated: 21.0ms (20.0ms/21.0ms)
[2025-10-31T16:27:37.889+0000][gc,phases     ] GC(186)   Pre Evacuate Collection Set: 0.1ms
[2025-10-31T16:27:37.890+0000][gc,phases     ] GC(186)   Evacuate Collection Set: 57.5ms
[2025-10-31T16:27:37.890+0000][gc,phases     ] GC(186)   Post Evacuate Collection Set: 2.0ms
[2025-10-31T16:27:37.892+0000][gc,phases     ] GC(186)   Other: 7.0ms
[2025-10-31T16:27:37.893+0000][gc,heap       ] GC(186) Eden regions: 38->0(21)
[2025-10-31T16:27:37.893+0000][gc,heap       ] GC(186) Survivor regions: 3->4(6)
[2025-10-31T16:27:37.894+0000][gc,heap       ] GC(186) Old regions: 181->181
[2025-10-31T16:27:37.895+0000][gc,heap       ] GC(186) Humongous regions: 147->147
[2025-10-31T16:27:37.896+0000][gc,metaspace  ] GC(186) Metaspace: 53082K(57136K)->53082K(57136K) NonClass: 47158K(49328K)->47158K(49328K) Class: 5923K(7808K)->5923K(7808K)
[2025-10-31T16:27:37.896+0000][gc            ] GC(186) Pause Young (Normal) (G1 Evacuation Pause) 368M->331M(512M) 73.664ms
[2025-10-31T16:27:37.897+0000][gc,cpu        ] GC(186) User=0.11s Sys=0.00s Real=0.07s
[2025-10-31T16:27:56.728+0000][gc,start      ] GC(187) Pause Young (Normal) (G1 Evacuation Pause)
[2025-10-31T16:27:56.729+0000][gc,task       ] GC(187) Using 2 workers of 2 for evacuation
[2025-10-31T16:27:56.780+0000][gc,mmu        ] GC(187) MMU target violated: 21.0ms (20.0ms/21.0ms)
[2025-10-31T16:27:56.780+0000][gc,phases     ] GC(187)   Pre Evacuate Collection Set: 0.0ms
[2025-10-31T16:27:56.782+0000][gc,phases     ] GC(187)   Evacuate Collection Set: 47.4ms
[2025-10-31T16:27:56.782+0000][gc,phases     ] GC(187)   Post Evacuate Collection Set: 1.8ms
[2025-10-31T16:27:56.783+0000][gc,phases     ] GC(187)   Other: 2.8ms
[2025-10-31T16:27:56.784+0000][gc,heap       ] GC(187) Eden regions: 21->0(22)
[2025-10-31T16:27:56.784+0000][gc,heap       ] GC(187) Survivor regions: 4->3(4)
[2025-10-31T16:27:56.785+0000][gc,heap       ] GC(187) Old regions: 181->183
[2025-10-31T16:27:56.786+0000][gc,heap       ] GC(187) Humongous regions: 147->147
[2025-10-31T16:27:56.786+0000][gc,metaspace  ] GC(187) Metaspace: 53082K(57136K)->53082K(57136K) NonClass: 47158K(49328K)->47158K(49328K) Class: 5923K(7808K)->5923K(7808K)
[2025-10-31T16:27:56.788+0000][gc            ] GC(187) Pause Young (Normal) (G1 Evacuation Pause) 352M->332M(512M) 59.322ms
[2025-10-31T16:27:56.789+0000][gc,cpu        ] GC(187) User=0.10s Sys=0.00s Real=0.06s
[2025-10-31T16:28:16.577+0000][gc,start      ] GC(188) Pause Young (Normal) (G1 Evacuation Pause)
[2025-10-31T16:28:16.577+0000][gc,task       ] GC(188) Using 2 workers of 2 for evacuation
[2025-10-31T16:28:16.612+0000][gc,mmu        ] GC(188) MMU target violated: 21.0ms (20.0ms/21.0ms)
[2025-10-31T16:28:16.612+0000][gc,phases     ] GC(188)   Pre Evacuate Collection Set: 0.0ms
[2025-10-31T16:28:16.613+0000][gc,phases     ] GC(188)   Evacuate Collection Set: 30.4ms
[2025-10-31T16:28:16.613+0000][gc,phases     ] GC(188)   Post Evacuate Collection Set: 2.6ms
[2025-10-31T16:28:16.614+0000][gc,phases     ] GC(188)   Other: 2.7ms
[2025-10-31T16:28:16.615+0000][gc,heap       ] GC(188) Eden regions: 22->0(22)
[2025-10-31T16:28:16.615+0000][gc,heap       ] GC(188) Survivor regions: 3->3(4)
[2025-10-31T16:28:16.616+0000][gc,heap       ] GC(188) Old regions: 183->184
[2025-10-31T16:28:16.616+0000][gc,heap       ] GC(188) Humongous regions: 147->147
[2025-10-31T16:28:16.617+0000][gc,metaspace  ] GC(188) Metaspace: 53082K(57136K)->53082K(57136K) NonClass: 47158K(49328K)->47158K(49328K) Class: 5923K(7808K)->5923K(7808K)
[2025-10-31T16:28:16.617+0000][gc            ] GC(188) Pause Young (Normal) (G1 Evacuation Pause) 354M->333M(512M) 40.582ms
[2025-10-31T16:28:16.618+0000][gc,cpu        ] GC(188) User=0.07s Sys=0.00s Real=0.04s
[2025-10-31T16:28:36.405+0000][gc,start      ] GC(189) Pause Young (Normal) (G1 Evacuation Pause)
[2025-10-31T16:28:36.406+0000][gc,task       ] GC(189) Using 2 workers of 2 for evacuation
[2025-10-31T16:28:36.459+0000][gc,mmu        ] GC(189) MMU target violated: 21.0ms (20.0ms/21.0ms)
[2025-10-31T16:28:36.460+0000][gc,phases     ] GC(189)   Pre Evacuate Collection Set: 0.1ms
[2025-10-31T16:28:36.461+0000][gc,phases     ] GC(189)   Evacuate Collection Set: 48.0ms
[2025-10-31T16:28:36.462+0000][gc,phases     ] GC(189)   Post Evacuate Collection Set: 3.2ms
[2025-10-31T16:28:36.463+0000][gc,phases     ] GC(189)   Other: 4.3ms
[2025-10-31T16:28:36.464+0000][gc,heap       ] GC(189) Eden regions: 22->0(22)
[2025-10-31T16:28:36.466+0000][gc,heap       ] GC(189) Survivor regions: 3->3(4)
[2025-10-31T16:28:36.467+0000][gc,heap       ] GC(189) Old regions: 184->185
[2025-10-31T16:28:36.468+0000][gc,heap       ] GC(189) Humongous regions: 147->147
[2025-10-31T16:28:36.469+0000][gc,metaspace  ] GC(189) Metaspace: 53082K(57136K)->53082K(57136K) NonClass: 47158K(49328K)->47158K(49328K) Class: 5923K(7808K)->5923K(7808K)
[2025-10-31T16:28:36.469+0000][gc            ] GC(189) Pause Young (Normal) (G1 Evacuation Pause) 355M->334M(512M) 64.414ms
[2025-10-31T16:28:36.470+0000][gc,cpu        ] GC(189) User=0.11s Sys=0.00s Real=0.06s
[2025-10-31T16:28:56.324+0000][gc,start      ] GC(190) Pause Young (Normal) (G1 Evacuation Pause)
[2025-10-31T16:28:56.325+0000][gc,task       ] GC(190) Using 2 workers of 2 for evacuation
[2025-10-31T16:28:56.361+0000][gc,mmu        ] GC(190) MMU target violated: 21.0ms (20.0ms/21.0ms)
[2025-10-31T16:28:56.362+0000][gc,phases     ] GC(190)   Pre Evacuate Collection Set: 0.0ms
[2025-10-31T16:28:56.362+0000][gc,phases     ] GC(190)   Evacuate Collection Set: 32.3ms
[2025-10-31T16:28:56.363+0000][gc,phases     ] GC(190)   Post Evacuate Collection Set: 2.5ms
[2025-10-31T16:28:56.363+0000][gc,phases     ] GC(190)   Other: 2.6ms
[2025-10-31T16:28:56.363+0000][gc,heap       ] GC(190) Eden regions: 22->0(22)
[2025-10-31T16:28:56.364+0000][gc,heap       ] GC(190) Survivor regions: 3->3(4)
[2025-10-31T16:28:56.364+0000][gc,heap       ] GC(190) Old regions: 185->186
[2025-10-31T16:28:56.365+0000][gc,heap       ] GC(190) Humongous regions: 147->147
[2025-10-31T16:28:56.365+0000][gc,metaspace  ] GC(190) Metaspace: 53082K(57136K)->53082K(57136K) NonClass: 47158K(49328K)->47158K(49328K) Class: 5923K(7808K)->5923K(7808K)
[2025-10-31T16:28:56.366+0000][gc            ] GC(190) Pause Young (Normal) (G1 Evacuation Pause) 356M->335M(512M) 41.623ms
[2025-10-31T16:28:56.367+0000][gc,cpu        ] GC(190) User=0.07s Sys=0.00s Real=0.04s
[2025-10-31T16:29:16.000+0000][gc,start      ] GC(191) Pause Young (Normal) (G1 Evacuation Pause)
[2025-10-31T16:29:16.001+0000][gc,task       ] GC(191) Using 2 workers of 2 for evacuation
[2025-10-31T16:29:16.045+0000][gc,mmu        ] GC(191) MMU target violated: 21.0ms (20.0ms/21.0ms)
[2025-10-31T16:29:16.045+0000][gc,phases     ] GC(191)   Pre Evacuate Collection Set: 0.0ms
[2025-10-31T16:29:16.046+0000][gc,phases     ] GC(191)   Evacuate Collection Set: 40.4ms
[2025-10-31T16:29:16.048+0000][gc,phases     ] GC(191)   Post Evacuate Collection Set: 2.3ms
[2025-10-31T16:29:16.049+0000][gc,phases     ] GC(191)   Other: 2.6ms
[2025-10-31T16:29:16.049+0000][gc,heap       ] GC(191) Eden regions: 22->0(22)
[2025-10-31T16:29:16.050+0000][gc,heap       ] GC(191) Survivor regions: 3->3(4)
[2025-10-31T16:29:16.051+0000][gc,heap       ] GC(191) Old regions: 186->187
[2025-10-31T16:29:16.053+0000][gc,heap       ] GC(191) Humongous regions: 147->147
[2025-10-31T16:29:16.053+0000][gc,metaspace  ] GC(191) Metaspace: 53082K(57136K)->53082K(57136K) NonClass: 47158K(49328K)->47158K(49328K) Class: 5923K(7808K)->5923K(7808K)
[2025-10-31T16:29:16.054+0000][gc            ] GC(191) Pause Young (Normal) (G1 Evacuation Pause) 357M->336M(512M) 53.824ms
[2025-10-31T16:29:16.055+0000][gc,cpu        ] GC(191) User=0.07s Sys=0.02s Real=0.06s
[2025-10-31T16:29:35.957+0000][gc,start      ] GC(192) Pause Young (Normal) (G1 Evacuation Pause)
[2025-10-31T16:29:35.958+0000][gc,task       ] GC(192) Using 2 workers of 2 for evacuation
[2025-10-31T16:29:35.997+0000][gc,mmu        ] GC(192) MMU target violated: 21.0ms (20.0ms/21.0ms)
[2025-10-31T16:29:36.000+0000][gc,phases     ] GC(192)   Pre Evacuate Collection Set: 0.0ms
[2025-10-31T16:29:36.006+0000][gc,phases     ] GC(192)   Evacuate Collection Set: 31.9ms
[2025-10-31T16:29:36.007+0000][gc,phases     ] GC(192)   Post Evacuate Collection Set: 6.3ms
[2025-10-31T16:29:36.009+0000][gc,phases     ] GC(192)   Other: 5.5ms
[2025-10-31T16:29:36.010+0000][gc,heap       ] GC(192) Eden regions: 22->0(23)
[2025-10-31T16:29:36.011+0000][gc,heap       ] GC(192) Survivor regions: 3->2(4)
[2025-10-31T16:29:36.014+0000][gc,heap       ] GC(192) Old regions: 187->188
[2025-10-31T16:29:36.015+0000][gc,heap       ] GC(192) Humongous regions: 147->147
[2025-10-31T16:29:36.016+0000][gc,metaspace  ] GC(192) Metaspace: 53082K(57136K)->53082K(57136K) NonClass: 47158K(49328K)->47158K(49328K) Class: 5923K(7808K)->5923K(7808K)
[2025-10-31T16:29:36.017+0000][gc            ] GC(192) Pause Young (Normal) (G1 Evacuation Pause) 358M->335M(512M) 60.615ms
[2025-10-31T16:29:36.019+0000][gc,cpu        ] GC(192) User=0.07s Sys=0.00s Real=0.06s
[2025-10-31T16:29:57.074+0000][gc,start      ] GC(193) Pause Young (Normal) (G1 Evacuation Pause)
[2025-10-31T16:29:57.074+0000][gc,task       ] GC(193) Using 2 workers of 2 for evacuation
[2025-10-31T16:29:57.111+0000][gc,mmu        ] GC(193) MMU target violated: 21.0ms (20.0ms/21.0ms)
[2025-10-31T16:29:57.112+0000][gc,phases     ] GC(193)   Pre Evacuate Collection Set: 0.0ms
[2025-10-31T16:29:57.118+0000][gc,phases     ] GC(193)   Evacuate Collection Set: 31.1ms
[2025-10-31T16:29:57.119+0000][gc,phases     ] GC(193)   Post Evacuate Collection Set: 4.0ms
[2025-10-31T16:29:57.120+0000][gc,phases     ] GC(193)   Other: 3.3ms
[2025-10-31T16:29:57.123+0000][gc,heap       ] GC(193) Eden regions: 23->0(22)
[2025-10-31T16:29:57.127+0000][gc,heap       ] GC(193) Survivor regions: 2->3(4)
[2025-10-31T16:29:57.129+0000][gc,heap       ] GC(193) Old regions: 188->188
[2025-10-31T16:29:57.130+0000][gc,heap       ] GC(193) Humongous regions: 147->147
[2025-10-31T16:29:57.131+0000][gc,metaspace  ] GC(193) Metaspace: 53082K(57136K)->53082K(57136K) NonClass: 47158K(49328K)->47158K(49328K) Class: 5923K(7808K)->5923K(7808K)
[2025-10-31T16:29:57.131+0000][gc            ] GC(193) Pause Young (Normal) (G1 Evacuation Pause) 358M->336M(512M) 57.797ms
[2025-10-31T16:29:57.132+0000][gc,cpu        ] GC(193) User=0.07s Sys=0.00s Real=0.06s
[2025-10-31T16:30:17.007+0000][gc,start      ] GC(194) Pause Young (Normal) (G1 Evacuation Pause)
[2025-10-31T16:30:17.007+0000][gc,task       ] GC(194) Using 2 workers of 2 for evacuation
[2025-10-31T16:30:17.024+0000][gc,phases     ] GC(194)   Pre Evacuate Collection Set: 0.0ms
[2025-10-31T16:30:17.024+0000][gc,phases     ] GC(194)   Evacuate Collection Set: 14.9ms
[2025-10-31T16:30:17.025+0000][gc,phases     ] GC(194)   Post Evacuate Collection Set: 1.1ms
[2025-10-31T16:30:17.025+0000][gc,phases     ] GC(194)   Other: 1.3ms
[2025-10-31T16:30:17.026+0000][gc,heap       ] GC(194) Eden regions: 22->0(22)
[2025-10-31T16:30:17.026+0000][gc,heap       ] GC(194) Survivor regions: 3->3(4)
[2025-10-31T16:30:17.027+0000][gc,heap       ] GC(194) Old regions: 188->188
[2025-10-31T16:30:17.027+0000][gc,heap       ] GC(194) Humongous regions: 147->147
[2025-10-31T16:30:17.027+0000][gc,metaspace  ] GC(194) Metaspace: 53083K(57136K)->53083K(57136K) NonClass: 47159K(49328K)->47159K(49328K) Class: 5923K(7808K)->5923K(7808K)
[2025-10-31T16:30:17.028+0000][gc            ] GC(194) Pause Young (Normal) (G1 Evacuation Pause) 358M->337M(512M) 21.097ms
[2025-10-31T16:30:17.028+0000][gc,cpu        ] GC(194) User=0.03s Sys=0.00s Real=0.02s
[2025-10-31T16:30:36.895+0000][gc,start      ] GC(195) Pause Young (Normal) (G1 Evacuation Pause)
[2025-10-31T16:30:36.895+0000][gc,task       ] GC(195) Using 2 workers of 2 for evacuation
[2025-10-31T16:30:36.912+0000][gc,phases     ] GC(195)   Pre Evacuate Collection Set: 0.0ms
[2025-10-31T16:30:36.912+0000][gc,phases     ] GC(195)   Evacuate Collection Set: 12.6ms
[2025-10-31T16:30:36.913+0000][gc,phases     ] GC(195)   Post Evacuate Collection Set: 0.9ms
[2025-10-31T16:30:36.913+0000][gc,phases     ] GC(195)   Other: 3.5ms
[2025-10-31T16:30:36.913+0000][gc,heap       ] GC(195) Eden regions: 22->0(22)
[2025-10-31T16:30:36.913+0000][gc,heap       ] GC(195) Survivor regions: 3->3(4)
[2025-10-31T16:30:36.913+0000][gc,heap       ] GC(195) Old regions: 188->189
[2025-10-31T16:30:36.914+0000][gc,heap       ] GC(195) Humongous regions: 147->147
[2025-10-31T16:30:36.914+0000][gc,metaspace  ] GC(195) Metaspace: 53083K(57136K)->53083K(57136K) NonClass: 47159K(49328K)->47159K(49328K) Class: 5923K(7808K)->5923K(7808K)
[2025-10-31T16:30:36.914+0000][gc            ] GC(195) Pause Young (Normal) (G1 Evacuation Pause) 359M->338M(512M) 19.085ms
[2025-10-31T16:30:36.914+0000][gc,cpu        ] GC(195) User=0.03s Sys=0.00s Real=0.02s
[2025-10-31T16:30:56.526+0000][gc,start      ] GC(196) Pause Young (Normal) (G1 Evacuation Pause)
[2025-10-31T16:30:56.526+0000][gc,task       ] GC(196) Using 2 workers of 2 for evacuation
[2025-10-31T16:30:56.542+0000][gc,phases     ] GC(196)   Pre Evacuate Collection Set: 0.0ms
[2025-10-31T16:30:56.543+0000][gc,phases     ] GC(196)   Evacuate Collection Set: 14.8ms
[2025-10-31T16:30:56.543+0000][gc,phases     ] GC(196)   Post Evacuate Collection Set: 0.9ms
[2025-10-31T16:30:56.543+0000][gc,phases     ] GC(196)   Other: 0.9ms
[2025-10-31T16:30:56.544+0000][gc,heap       ] GC(196) Eden regions: 22->0(21)
[2025-10-31T16:30:56.544+0000][gc,heap       ] GC(196) Survivor regions: 3->4(4)
[2025-10-31T16:30:56.544+0000][gc,heap       ] GC(196) Old regions: 189->190
[2025-10-31T16:30:56.544+0000][gc,heap       ] GC(196) Humongous regions: 147->147
[2025-10-31T16:30:56.544+0000][gc,metaspace  ] GC(196) Metaspace: 53083K(57136K)->53083K(57136K) NonClass: 47159K(49328K)->47159K(49328K) Class: 5923K(7808K)->5923K(7808K)
[2025-10-31T16:30:56.545+0000][gc            ] GC(196) Pause Young (Normal) (G1 Evacuation Pause) 360M->339M(512M) 18.840ms
[2025-10-31T16:30:56.545+0000][gc,cpu        ] GC(196) User=0.03s Sys=0.00s Real=0.02s
[2025-10-31T16:31:15.358+0000][gc,start      ] GC(197) Pause Young (Normal) (G1 Evacuation Pause)
[2025-10-31T16:31:15.358+0000][gc,task       ] GC(197) Using 2 workers of 2 for evacuation
[2025-10-31T16:31:15.395+0000][gc,mmu        ] GC(197) MMU target violated: 21.0ms (20.0ms/21.0ms)
[2025-10-31T16:31:15.396+0000][gc,phases     ] GC(197)   Pre Evacuate Collection Set: 0.0ms
[2025-10-31T16:31:15.397+0000][gc,phases     ] GC(197)   Evacuate Collection Set: 32.3ms
[2025-10-31T16:31:15.397+0000][gc,phases     ] GC(197)   Post Evacuate Collection Set: 2.5ms
[2025-10-31T16:31:15.398+0000][gc,phases     ] GC(197)   Other: 3.1ms
[2025-10-31T16:31:15.399+0000][gc,heap       ] GC(197) Eden regions: 21->0(22)
[2025-10-31T16:31:15.400+0000][gc,heap       ] GC(197) Survivor regions: 4->3(4)
[2025-10-31T16:31:15.400+0000][gc,heap       ] GC(197) Old regions: 190->191
[2025-10-31T16:31:15.401+0000][gc,heap       ] GC(197) Humongous regions: 147->147
[2025-10-31T16:31:15.401+0000][gc,metaspace  ] GC(197) Metaspace: 53083K(57136K)->53083K(57136K) NonClass: 47159K(49328K)->47159K(49328K) Class: 5923K(7808K)->5923K(7808K)
[2025-10-31T16:31:15.404+0000][gc            ] GC(197) Pause Young (Normal) (G1 Evacuation Pause) 360M->340M(512M) 45.781ms
[2025-10-31T16:31:15.404+0000][gc,cpu        ] GC(197) User=0.07s Sys=0.00s Real=0.04s
[2025-10-31T16:31:35.168+0000][gc,start      ] GC(198) Pause Young (Normal) (G1 Evacuation Pause)
[2025-10-31T16:31:35.169+0000][gc,task       ] GC(198) Using 2 workers of 2 for evacuation
[2025-10-31T16:31:35.201+0000][gc,mmu        ] GC(198) MMU target violated: 21.0ms (20.0ms/21.0ms)
[2025-10-31T16:31:35.202+0000][gc,phases     ] GC(198)   Pre Evacuate Collection Set: 0.1ms
[2025-10-31T16:31:35.204+0000][gc,phases     ] GC(198)   Evacuate Collection Set: 26.9ms
[2025-10-31T16:31:35.205+0000][gc,phases     ] GC(198)   Post Evacuate Collection Set: 2.5ms
[2025-10-31T16:31:35.206+0000][gc,phases     ] GC(198)   Other: 5.4ms
[2025-10-31T16:31:35.206+0000][gc,heap       ] GC(198) Eden regions: 22->0(23)
[2025-10-31T16:31:35.207+0000][gc,heap       ] GC(198) Survivor regions: 3->2(4)
[2025-10-31T16:31:35.207+0000][gc,heap       ] GC(198) Old regions: 191->192
[2025-10-31T16:31:35.208+0000][gc,heap       ] GC(198) Humongous regions: 147->147
[2025-10-31T16:31:35.211+0000][gc,metaspace  ] GC(198) Metaspace: 53083K(57136K)->53083K(57136K) NonClass: 47159K(49328K)->47159K(49328K) Class: 5923K(7808K)->5923K(7808K)
[2025-10-31T16:31:35.213+0000][gc            ] GC(198) Pause Young (Normal) (G1 Evacuation Pause) 362M->339M(512M) 45.266ms
[2025-10-31T16:31:35.214+0000][gc,cpu        ] GC(198) User=0.06s Sys=0.00s Real=0.04s
[2025-10-31T16:31:56.095+0000][gc,start      ] GC(199) Pause Young (Normal) (G1 Evacuation Pause)
[2025-10-31T16:31:56.096+0000][gc,task       ] GC(199) Using 2 workers of 2 for evacuation
[2025-10-31T16:31:56.129+0000][gc,mmu        ] GC(199) MMU target violated: 21.0ms (20.0ms/21.0ms)
[2025-10-31T16:31:56.130+0000][gc,phases     ] GC(199)   Pre Evacuate Collection Set: 0.0ms
[2025-10-31T16:31:56.131+0000][gc,phases     ] GC(199)   Evacuate Collection Set: 24.6ms
[2025-10-31T16:31:56.131+0000][gc,phases     ] GC(199)   Post Evacuate Collection Set: 6.8ms
[2025-10-31T16:31:56.132+0000][gc,phases     ] GC(199)   Other: 3.7ms
[2025-10-31T16:31:56.133+0000][gc,heap       ] GC(199) Eden regions: 23->0(22)
[2025-10-31T16:31:56.134+0000][gc,heap       ] GC(199) Survivor regions: 2->3(4)
[2025-10-31T16:31:56.135+0000][gc,heap       ] GC(199) Old regions: 192->192
[2025-10-31T16:31:56.137+0000][gc,heap       ] GC(199) Humongous regions: 147->147
[2025-10-31T16:31:56.139+0000][gc,metaspace  ] GC(199) Metaspace: 53083K(57136K)->53083K(57136K) NonClass: 47159K(49328K)->47159K(49328K) Class: 5923K(7808K)->5923K(7808K)
[2025-10-31T16:31:56.139+0000][gc            ] GC(199) Pause Young (Normal) (G1 Evacuation Pause) 362M->340M(512M) 44.423ms
[2025-10-31T16:31:56.140+0000][gc,cpu        ] GC(199) User=0.06s Sys=0.00s Real=0.05s
[2025-10-31T16:32:15.375+0000][gc,start      ] GC(200) Pause Young (Normal) (G1 Evacuation Pause)
[2025-10-31T16:32:15.376+0000][gc,task       ] GC(200) Using 2 workers of 2 for evacuation
[2025-10-31T16:32:15.392+0000][gc,phases     ] GC(200)   Pre Evacuate Collection Set: 0.0ms
[2025-10-31T16:32:15.392+0000][gc,phases     ] GC(200)   Evacuate Collection Set: 14.6ms
[2025-10-31T16:32:15.393+0000][gc,phases     ] GC(200)   Post Evacuate Collection Set: 1.1ms
[2025-10-31T16:32:15.393+0000][gc,phases     ] GC(200)   Other: 0.8ms
[2025-10-31T16:32:15.394+0000][gc,heap       ] GC(200) Eden regions: 22->0(22)
[2025-10-31T16:32:15.394+0000][gc,heap       ] GC(200) Survivor regions: 3->3(4)
[2025-10-31T16:32:15.395+0000][gc,heap       ] GC(200) Old regions: 192->192
[2025-10-31T16:32:15.395+0000][gc,heap       ] GC(200) Humongous regions: 147->147
[2025-10-31T16:32:15.395+0000][gc,metaspace  ] GC(200) Metaspace: 53083K(57136K)->53083K(57136K) NonClass: 47159K(49328K)->47159K(49328K) Class: 5923K(7808K)->5923K(7808K)
[2025-10-31T16:32:15.396+0000][gc            ] GC(200) Pause Young (Normal) (G1 Evacuation Pause) 362M->341M(512M) 20.627ms
[2025-10-31T16:32:15.396+0000][gc,cpu        ] GC(200) User=0.03s Sys=0.00s Real=0.03s
[2025-10-31T16:32:34.932+0000][gc,start      ] GC(201) Pause Young (Normal) (G1 Evacuation Pause)
[2025-10-31T16:32:34.932+0000][gc,task       ] GC(201) Using 2 workers of 2 for evacuation
[2025-10-31T16:32:34.943+0000][gc,phases     ] GC(201)   Pre Evacuate Collection Set: 0.0ms
[2025-10-31T16:32:34.944+0000][gc,phases     ] GC(201)   Evacuate Collection Set: 10.0ms
[2025-10-31T16:32:34.944+0000][gc,phases     ] GC(201)   Post Evacuate Collection Set: 0.8ms
[2025-10-31T16:32:34.944+0000][gc,phases     ] GC(201)   Other: 0.6ms
[2025-10-31T16:32:34.944+0000][gc,heap       ] GC(201) Eden regions: 22->0(22)
[2025-10-31T16:32:34.944+0000][gc,heap       ] GC(201) Survivor regions: 3->3(4)
[2025-10-31T16:32:34.945+0000][gc,heap       ] GC(201) Old regions: 192->193
[2025-10-31T16:32:34.945+0000][gc,heap       ] GC(201) Humongous regions: 147->147
[2025-10-31T16:32:34.945+0000][gc,metaspace  ] GC(201) Metaspace: 53083K(57136K)->53083K(57136K) NonClass: 47159K(49328K)->47159K(49328K) Class: 5923K(7808K)->5923K(7808K)
[2025-10-31T16:32:34.945+0000][gc            ] GC(201) Pause Young (Normal) (G1 Evacuation Pause) 363M->342M(512M) 13.525ms
[2025-10-31T16:32:34.946+0000][gc,cpu        ] GC(201) User=0.03s Sys=0.00s Real=0.01s
[2025-10-31T16:32:55.007+0000][gc,start      ] GC(202) Pause Young (Normal) (G1 Evacuation Pause)
[2025-10-31T16:32:55.007+0000][gc,task       ] GC(202) Using 2 workers of 2 for evacuation
[2025-10-31T16:32:55.035+0000][gc,mmu        ] GC(202) MMU target violated: 21.0ms (20.0ms/21.0ms)
[2025-10-31T16:32:55.036+0000][gc,phases     ] GC(202)   Pre Evacuate Collection Set: 0.0ms
[2025-10-31T16:32:55.036+0000][gc,phases     ] GC(202)   Evacuate Collection Set: 25.3ms
[2025-10-31T16:32:55.036+0000][gc,phases     ] GC(202)   Post Evacuate Collection Set: 1.8ms
[2025-10-31T16:32:55.037+0000][gc,phases     ] GC(202)   Other: 1.8ms
[2025-10-31T16:32:55.037+0000][gc,heap       ] GC(202) Eden regions: 22->0(21)
[2025-10-31T16:32:55.038+0000][gc,heap       ] GC(202) Survivor regions: 3->4(4)
[2025-10-31T16:32:55.038+0000][gc,heap       ] GC(202) Old regions: 193->194
[2025-10-31T16:32:55.039+0000][gc,heap       ] GC(202) Humongous regions: 147->147
[2025-10-31T16:32:55.039+0000][gc,metaspace  ] GC(202) Metaspace: 53083K(57136K)->53083K(57136K) NonClass: 47159K(49328K)->47159K(49328K) Class: 5923K(7808K)->5923K(7808K)
[2025-10-31T16:32:55.039+0000][gc            ] GC(202) Pause Young (Normal) (G1 Evacuation Pause) 364M->343M(512M) 32.667ms
[2025-10-31T16:32:55.040+0000][gc,cpu        ] GC(202) User=0.06s Sys=0.00s Real=0.04s
[2025-10-31T16:33:13.677+0000][gc,start      ] GC(203) Pause Young (Normal) (G1 Evacuation Pause)
[2025-10-31T16:33:13.677+0000][gc,task       ] GC(203) Using 2 workers of 2 for evacuation
[2025-10-31T16:33:13.702+0000][gc,mmu        ] GC(203) MMU target violated: 21.0ms (20.0ms/21.0ms)
[2025-10-31T16:33:13.703+0000][gc,phases     ] GC(203)   Pre Evacuate Collection Set: 0.0ms
[2025-10-31T16:33:13.704+0000][gc,phases     ] GC(203)   Evacuate Collection Set: 22.6ms
[2025-10-31T16:33:13.704+0000][gc,phases     ] GC(203)   Post Evacuate Collection Set: 2.0ms
[2025-10-31T16:33:13.705+0000][gc,phases     ] GC(203)   Other: 1.9ms
[2025-10-31T16:33:13.705+0000][gc,heap       ] GC(203) Eden regions: 21->0(22)
[2025-10-31T16:33:13.706+0000][gc,heap       ] GC(203) Survivor regions: 4->3(4)
[2025-10-31T16:33:13.707+0000][gc,heap       ] GC(203) Old regions: 194->195
[2025-10-31T16:33:13.707+0000][gc,heap       ] GC(203) Humongous regions: 147->147
[2025-10-31T16:33:13.708+0000][gc,metaspace  ] GC(203) Metaspace: 53083K(57136K)->53083K(57136K) NonClass: 47159K(49328K)->47159K(49328K) Class: 5923K(7808K)->5923K(7808K)
[2025-10-31T16:33:13.708+0000][gc            ] GC(203) Pause Young (Normal) (G1 Evacuation Pause) 364M->344M(512M) 31.504ms
[2025-10-31T16:33:13.709+0000][gc,cpu        ] GC(203) User=0.05s Sys=0.00s Real=0.04s
[2025-10-31T16:33:33.822+0000][gc,start      ] GC(204) Pause Young (Normal) (G1 Evacuation Pause)
[2025-10-31T16:33:33.823+0000][gc,task       ] GC(204) Using 2 workers of 2 for evacuation
[2025-10-31T16:33:33.841+0000][gc,phases     ] GC(204)   Pre Evacuate Collection Set: 0.0ms
[2025-10-31T16:33:33.842+0000][gc,phases     ] GC(204)   Evacuate Collection Set: 16.0ms
[2025-10-31T16:33:33.842+0000][gc,phases     ] GC(204)   Post Evacuate Collection Set: 1.5ms
[2025-10-31T16:33:33.843+0000][gc,phases     ] GC(204)   Other: 1.5ms
[2025-10-31T16:33:33.843+0000][gc,heap       ] GC(204) Eden regions: 22->0(23)
[2025-10-31T16:33:33.844+0000][gc,heap       ] GC(204) Survivor regions: 3->2(4)
[2025-10-31T16:33:33.844+0000][gc,heap       ] GC(204) Old regions: 195->196
[2025-10-31T16:33:33.845+0000][gc,heap       ] GC(204) Humongous regions: 147->147
[2025-10-31T16:33:33.845+0000][gc,metaspace  ] GC(204) Metaspace: 53083K(57136K)->53083K(57136K) NonClass: 47159K(49328K)->47159K(49328K) Class: 5923K(7808K)->5923K(7808K)
[2025-10-31T16:33:33.845+0000][gc            ] GC(204) Pause Young (Normal) (G1 Evacuation Pause) 366M->343M(512M) 23.240ms
[2025-10-31T16:33:33.846+0000][gc,cpu        ] GC(204) User=0.03s Sys=0.00s Real=0.02s
[2025-10-31T16:33:54.728+0000][gc,start      ] GC(205) Pause Young (Normal) (G1 Evacuation Pause)
[2025-10-31T16:33:54.729+0000][gc,task       ] GC(205) Using 2 workers of 2 for evacuation
[2025-10-31T16:33:54.772+0000][gc,mmu        ] GC(205) MMU target violated: 21.0ms (20.0ms/21.0ms)
[2025-10-31T16:33:54.774+0000][gc,phases     ] GC(205)   Pre Evacuate Collection Set: 0.0ms
[2025-10-31T16:33:54.776+0000][gc,phases     ] GC(205)   Evacuate Collection Set: 36.9ms
[2025-10-31T16:33:54.779+0000][gc,phases     ] GC(205)   Post Evacuate Collection Set: 4.6ms
[2025-10-31T16:33:54.780+0000][gc,phases     ] GC(205)   Other: 4.5ms
[2025-10-31T16:33:54.781+0000][gc,heap       ] GC(205) Eden regions: 23->0(22)
[2025-10-31T16:33:54.782+0000][gc,heap       ] GC(205) Survivor regions: 2->3(4)
[2025-10-31T16:33:54.782+0000][gc,heap       ] GC(205) Old regions: 196->196
[2025-10-31T16:33:54.783+0000][gc,heap       ] GC(205) Humongous regions: 147->147
[2025-10-31T16:33:54.784+0000][gc,metaspace  ] GC(205) Metaspace: 53083K(57136K)->53083K(57136K) NonClass: 47159K(49328K)->47159K(49328K) Class: 5923K(7808K)->5923K(7808K)
[2025-10-31T16:33:54.785+0000][gc            ] GC(205) Pause Young (Normal) (G1 Evacuation Pause) 366M->344M(512M) 57.113ms
[2025-10-31T16:33:54.786+0000][gc,cpu        ] GC(205) User=0.09s Sys=0.00s Real=0.05s
[2025-10-31T16:34:14.263+0000][gc,start      ] GC(206) Pause Young (Normal) (G1 Evacuation Pause)
[2025-10-31T16:34:14.263+0000][gc,task       ] GC(206) Using 2 workers of 2 for evacuation
[2025-10-31T16:34:14.293+0000][gc,mmu        ] GC(206) MMU target violated: 21.0ms (20.0ms/21.0ms)
[2025-10-31T16:34:14.294+0000][gc,phases     ] GC(206)   Pre Evacuate Collection Set: 0.0ms
[2025-10-31T16:34:14.295+0000][gc,phases     ] GC(206)   Evacuate Collection Set: 27.1ms
[2025-10-31T16:34:14.295+0000][gc,phases     ] GC(206)   Post Evacuate Collection Set: 1.9ms
[2025-10-31T16:34:14.296+0000][gc,phases     ] GC(206)   Other: 2.0ms
[2025-10-31T16:34:14.296+0000][gc,heap       ] GC(206) Eden regions: 22->0(22)
[2025-10-31T16:34:14.297+0000][gc,heap       ] GC(206) Survivor regions: 3->3(4)
[2025-10-31T16:34:14.297+0000][gc,heap       ] GC(206) Old regions: 196->196
[2025-10-31T16:34:14.298+0000][gc,heap       ] GC(206) Humongous regions: 147->147
[2025-10-31T16:34:14.299+0000][gc,metaspace  ] GC(206) Metaspace: 53085K(57136K)->53085K(57136K) NonClass: 47161K(49328K)->47161K(49328K) Class: 5923K(7808K)->5923K(7808K)
[2025-10-31T16:34:14.299+0000][gc            ] GC(206) Pause Young (Normal) (G1 Evacuation Pause) 366M->345M(512M) 36.450ms
[2025-10-31T16:34:14.300+0000][gc,cpu        ] GC(206) User=0.06s Sys=0.00s Real=0.04s
[2025-10-31T16:34:34.063+0000][gc,start      ] GC(207) Pause Young (Normal) (G1 Evacuation Pause)
[2025-10-31T16:34:34.063+0000][gc,task       ] GC(207) Using 2 workers of 2 for evacuation
[2025-10-31T16:34:34.112+0000][gc,mmu        ] GC(207) MMU target violated: 21.0ms (20.0ms/21.0ms)
[2025-10-31T16:34:34.114+0000][gc,phases     ] GC(207)   Pre Evacuate Collection Set: 0.0ms
[2025-10-31T16:34:34.115+0000][gc,phases     ] GC(207)   Evacuate Collection Set: 44.9ms
[2025-10-31T16:34:34.116+0000][gc,phases     ] GC(207)   Post Evacuate Collection Set: 3.0ms
[2025-10-31T16:34:34.116+0000][gc,phases     ] GC(207)   Other: 3.1ms
[2025-10-31T16:34:34.117+0000][gc,heap       ] GC(207) Eden regions: 22->0(22)
[2025-10-31T16:34:34.118+0000][gc,heap       ] GC(207) Survivor regions: 3->3(4)
[2025-10-31T16:34:34.119+0000][gc,heap       ] GC(207) Old regions: 196->197
[2025-10-31T16:34:34.119+0000][gc,heap       ] GC(207) Humongous regions: 147->147
[2025-10-31T16:34:34.120+0000][gc,metaspace  ] GC(207) Metaspace: 53085K(57136K)->53085K(57136K) NonClass: 47161K(49328K)->47161K(49328K) Class: 5923K(7808K)->5923K(7808K)
[2025-10-31T16:34:34.122+0000][gc            ] GC(207) Pause Young (Normal) (G1 Evacuation Pause) 367M->346M(512M) 59.562ms
[2025-10-31T16:34:34.123+0000][gc,cpu        ] GC(207) User=0.09s Sys=0.00s Real=0.06s
[2025-10-31T16:34:53.887+0000][gc,start      ] GC(208) Pause Young (Normal) (G1 Evacuation Pause)
[2025-10-31T16:34:53.887+0000][gc,task       ] GC(208) Using 2 workers of 2 for evacuation
[2025-10-31T16:34:53.916+0000][gc,mmu        ] GC(208) MMU target violated: 21.0ms (20.0ms/21.0ms)
[2025-10-31T16:34:53.916+0000][gc,phases     ] GC(208)   Pre Evacuate Collection Set: 0.0ms
[2025-10-31T16:34:53.917+0000][gc,phases     ] GC(208)   Evacuate Collection Set: 25.7ms
[2025-10-31T16:34:53.917+0000][gc,phases     ] GC(208)   Post Evacuate Collection Set: 2.0ms
[2025-10-31T16:34:53.918+0000][gc,phases     ] GC(208)   Other: 2.0ms
[2025-10-31T16:34:53.918+0000][gc,heap       ] GC(208) Eden regions: 22->0(22)
[2025-10-31T16:34:53.919+0000][gc,heap       ] GC(208) Survivor regions: 3->3(4)
[2025-10-31T16:34:53.919+0000][gc,heap       ] GC(208) Old regions: 197->198
[2025-10-31T16:34:53.920+0000][gc,heap       ] GC(208) Humongous regions: 147->147
[2025-10-31T16:34:53.920+0000][gc,metaspace  ] GC(208) Metaspace: 53085K(57136K)->53085K(57136K) NonClass: 47161K(49328K)->47161K(49328K) Class: 5923K(7808K)->5923K(7808K)
[2025-10-31T16:34:53.921+0000][gc            ] GC(208) Pause Young (Normal) (G1 Evacuation Pause) 368M->347M(512M) 34.176ms
[2025-10-31T16:34:53.921+0000][gc,cpu        ] GC(208) User=0.06s Sys=0.00s Real=0.04s
[2025-10-31T16:35:13.412+0000][gc,start      ] GC(209) Pause Young (Normal) (G1 Evacuation Pause)
[2025-10-31T16:35:13.414+0000][gc,task       ] GC(209) Using 2 workers of 2 for evacuation
[2025-10-31T16:35:13.430+0000][gc,phases     ] GC(209)   Pre Evacuate Collection Set: 0.0ms
[2025-10-31T16:35:13.431+0000][gc,phases     ] GC(209)   Evacuate Collection Set: 13.6ms
[2025-10-31T16:35:13.431+0000][gc,phases     ] GC(209)   Post Evacuate Collection Set: 1.4ms
[2025-10-31T16:35:13.432+0000][gc,phases     ] GC(209)   Other: 3.1ms
[2025-10-31T16:35:13.432+0000][gc,heap       ] GC(209) Eden regions: 22->0(24)
[2025-10-31T16:35:13.432+0000][gc,heap       ] GC(209) Survivor regions: 3->1(4)
[2025-10-31T16:35:13.433+0000][gc,heap       ] GC(209) Old regions: 198->199
[2025-10-31T16:35:13.433+0000][gc,heap       ] GC(209) Humongous regions: 147->147
[2025-10-31T16:35:13.434+0000][gc,metaspace  ] GC(209) Metaspace: 53085K(57136K)->53085K(57136K) NonClass: 47161K(49328K)->47161K(49328K) Class: 5923K(7808K)->5923K(7808K)
[2025-10-31T16:35:13.435+0000][gc            ] GC(209) Pause Young (Normal) (G1 Evacuation Pause) 369M->346M(512M) 22.340ms
[2025-10-31T16:35:13.435+0000][gc,cpu        ] GC(209) User=0.03s Sys=0.00s Real=0.02s
[2025-10-31T16:35:35.110+0000][gc,start      ] GC(210) Pause Young (Normal) (G1 Evacuation Pause)
[2025-10-31T16:35:35.111+0000][gc,task       ] GC(210) Using 2 workers of 2 for evacuation
[2025-10-31T16:35:35.145+0000][gc,mmu        ] GC(210) MMU target violated: 21.0ms (20.0ms/21.0ms)
[2025-10-31T16:35:35.147+0000][gc,phases     ] GC(210)   Pre Evacuate Collection Set: 0.0ms
[2025-10-31T16:35:35.148+0000][gc,phases     ] GC(210)   Evacuate Collection Set: 29.0ms
[2025-10-31T16:35:35.150+0000][gc,phases     ] GC(210)   Post Evacuate Collection Set: 4.1ms
[2025-10-31T16:35:35.151+0000][gc,phases     ] GC(210)   Other: 4.2ms
[2025-10-31T16:35:35.152+0000][gc,heap       ] GC(210) Eden regions: 24->0(22)
[2025-10-31T16:35:35.155+0000][gc,heap       ] GC(210) Survivor regions: 1->3(4)
[2025-10-31T16:35:35.156+0000][gc,heap       ] GC(210) Old regions: 199->199
[2025-10-31T16:35:35.157+0000][gc,heap       ] GC(210) Humongous regions: 147->147
[2025-10-31T16:35:35.158+0000][gc,metaspace  ] GC(210) Metaspace: 53085K(57136K)->53085K(57136K) NonClass: 47161K(49328K)->47161K(49328K) Class: 5923K(7808K)->5923K(7808K)
[2025-10-31T16:35:35.159+0000][gc            ] GC(210) Pause Young (Normal) (G1 Evacuation Pause) 370M->347M(512M) 49.214ms
[2025-10-31T16:35:35.161+0000][gc,cpu        ] GC(210) User=0.07s Sys=0.00s Real=0.05s
[2025-10-31T16:35:54.867+0000][gc,start      ] GC(211) Pause Young (Normal) (G1 Evacuation Pause)
[2025-10-31T16:35:54.867+0000][gc,task       ] GC(211) Using 2 workers of 2 for evacuation
[2025-10-31T16:35:54.889+0000][gc,mmu        ] GC(211) MMU target violated: 21.0ms (20.0ms/21.0ms)
[2025-10-31T16:35:54.890+0000][gc,phases     ] GC(211)   Pre Evacuate Collection Set: 0.0ms
[2025-10-31T16:35:54.890+0000][gc,phases     ] GC(211)   Evacuate Collection Set: 19.4ms
[2025-10-31T16:35:54.890+0000][gc,phases     ] GC(211)   Post Evacuate Collection Set: 1.5ms
[2025-10-31T16:35:54.891+0000][gc,phases     ] GC(211)   Other: 1.8ms
[2025-10-31T16:35:54.891+0000][gc,heap       ] GC(211) Eden regions: 22->0(22)
[2025-10-31T16:35:54.891+0000][gc,heap       ] GC(211) Survivor regions: 3->3(4)
[2025-10-31T16:35:54.892+0000][gc,heap       ] GC(211) Old regions: 199->199
[2025-10-31T16:35:54.892+0000][gc,heap       ] GC(211) Humongous regions: 147->147
[2025-10-31T16:35:54.893+0000][gc,metaspace  ] GC(211) Metaspace: 53085K(57136K)->53085K(57136K) NonClass: 47161K(49328K)->47161K(49328K) Class: 5923K(7808K)->5923K(7808K)
[2025-10-31T16:35:54.893+0000][gc            ] GC(211) Pause Young (Normal) (G1 Evacuation Pause) 369M->348M(512M) 26.518ms
[2025-10-31T16:35:54.894+0000][gc,cpu        ] GC(211) User=0.04s Sys=0.00s Real=0.03s
[2025-10-31T16:36:14.476+0000][gc,start      ] GC(212) Pause Young (Normal) (G1 Evacuation Pause)
[2025-10-31T16:36:14.477+0000][gc,task       ] GC(212) Using 2 workers of 2 for evacuation
[2025-10-31T16:36:14.496+0000][gc,phases     ] GC(212)   Pre Evacuate Collection Set: 0.0ms
[2025-10-31T16:36:14.496+0000][gc,phases     ] GC(212)   Evacuate Collection Set: 17.4ms
[2025-10-31T16:36:14.496+0000][gc,phases     ] GC(212)   Post Evacuate Collection Set: 1.1ms
[2025-10-31T16:36:14.497+0000][gc,phases     ] GC(212)   Other: 1.2ms
[2025-10-31T16:36:14.497+0000][gc,heap       ] GC(212) Eden regions: 22->0(22)
[2025-10-31T16:36:14.497+0000][gc,heap       ] GC(212) Survivor regions: 3->3(4)
[2025-10-31T16:36:14.498+0000][gc,heap       ] GC(212) Old regions: 199->200
[2025-10-31T16:36:14.498+0000][gc,heap       ] GC(212) Humongous regions: 147->147
[2025-10-31T16:36:14.498+0000][gc,metaspace  ] GC(212) Metaspace: 53085K(57136K)->53085K(57136K) NonClass: 47161K(49328K)->47161K(49328K) Class: 5923K(7808K)->5923K(7808K)
[2025-10-31T16:36:14.498+0000][gc            ] GC(212) Pause Young (Normal) (G1 Evacuation Pause) 370M->349M(512M) 22.208ms
[2025-10-31T16:36:14.499+0000][gc,cpu        ] GC(212) User=0.04s Sys=0.00s Real=0.02s
[2025-10-31T16:36:34.184+0000][gc,start      ] GC(213) Pause Young (Normal) (G1 Evacuation Pause)
[2025-10-31T16:36:34.184+0000][gc,task       ] GC(213) Using 2 workers of 2 for evacuation
[2025-10-31T16:36:34.208+0000][gc,mmu        ] GC(213) MMU target violated: 21.0ms (20.0ms/21.0ms)
[2025-10-31T16:36:34.209+0000][gc,phases     ] GC(213)   Pre Evacuate Collection Set: 0.0ms
[2025-10-31T16:36:34.209+0000][gc,phases     ] GC(213)   Evacuate Collection Set: 21.5ms
[2025-10-31T16:36:34.209+0000][gc,phases     ] GC(213)   Post Evacuate Collection Set: 1.4ms
[2025-10-31T16:36:34.210+0000][gc,phases     ] GC(213)   Other: 1.7ms
[2025-10-31T16:36:34.210+0000][gc,heap       ] GC(213) Eden regions: 22->0(21)
[2025-10-31T16:36:34.211+0000][gc,heap       ] GC(213) Survivor regions: 3->4(4)
[2025-10-31T16:36:34.211+0000][gc,heap       ] GC(213) Old regions: 200->201
[2025-10-31T16:36:34.211+0000][gc,heap       ] GC(213) Humongous regions: 147->147
[2025-10-31T16:36:34.212+0000][gc,metaspace  ] GC(213) Metaspace: 53085K(57136K)->53085K(57136K) NonClass: 47161K(49328K)->47161K(49328K) Class: 5923K(7808K)->5923K(7808K)
[2025-10-31T16:36:34.212+0000][gc            ] GC(213) Pause Young (Normal) (G1 Evacuation Pause) 371M->350M(512M) 27.799ms
[2025-10-31T16:36:34.212+0000][gc,cpu        ] GC(213) User=0.04s Sys=0.00s Real=0.03s
[2025-10-31T16:36:52.914+0000][gc,start      ] GC(214) Pause Young (Normal) (G1 Evacuation Pause)
[2025-10-31T16:36:52.915+0000][gc,task       ] GC(214) Using 2 workers of 2 for evacuation
[2025-10-31T16:36:52.931+0000][gc,phases     ] GC(214)   Pre Evacuate Collection Set: 0.0ms
[2025-10-31T16:36:52.932+0000][gc,phases     ] GC(214)   Evacuate Collection Set: 14.6ms
[2025-10-31T16:36:52.932+0000][gc,phases     ] GC(214)   Post Evacuate Collection Set: 1.3ms
[2025-10-31T16:36:52.932+0000][gc,phases     ] GC(214)   Other: 0.9ms
[2025-10-31T16:36:52.933+0000][gc,heap       ] GC(214) Eden regions: 21->0(22)
[2025-10-31T16:36:52.933+0000][gc,heap       ] GC(214) Survivor regions: 4->3(4)
[2025-10-31T16:36:52.933+0000][gc,heap       ] GC(214) Old regions: 201->202
[2025-10-31T16:36:52.934+0000][gc,heap       ] GC(214) Humongous regions: 147->147
[2025-10-31T16:36:52.934+0000][gc,metaspace  ] GC(214) Metaspace: 53085K(57136K)->53085K(57136K) NonClass: 47161K(49328K)->47161K(49328K) Class: 5923K(7808K)->5923K(7808K)
[2025-10-31T16:36:52.934+0000][gc            ] GC(214) Pause Young (Normal) (G1 Evacuation Pause) 371M->351M(512M) 19.743ms
[2025-10-31T16:36:52.935+0000][gc,cpu        ] GC(214) User=0.04s Sys=0.00s Real=0.02s
[2025-10-31T16:37:12.499+0000][gc,start      ] GC(215) Pause Young (Normal) (G1 Evacuation Pause)
[2025-10-31T16:37:12.499+0000][gc,task       ] GC(215) Using 2 workers of 2 for evacuation
[2025-10-31T16:37:12.512+0000][gc,phases     ] GC(215)   Pre Evacuate Collection Set: 0.0ms
[2025-10-31T16:37:12.512+0000][gc,phases     ] GC(215)   Evacuate Collection Set: 10.4ms
[2025-10-31T16:37:12.512+0000][gc,phases     ] GC(215)   Post Evacuate Collection Set: 1.4ms
[2025-10-31T16:37:12.513+0000][gc,phases     ] GC(215)   Other: 0.9ms
[2025-10-31T16:37:12.513+0000][gc,heap       ] GC(215) Eden regions: 22->0(23)
[2025-10-31T16:37:12.513+0000][gc,heap       ] GC(215) Survivor regions: 3->2(4)
[2025-10-31T16:37:12.514+0000][gc,heap       ] GC(215) Old regions: 202->203
[2025-10-31T16:37:12.514+0000][gc,heap       ] GC(215) Humongous regions: 147->147
[2025-10-31T16:37:12.514+0000][gc,metaspace  ] GC(215) Metaspace: 53085K(57136K)->53085K(57136K) NonClass: 47161K(49328K)->47161K(49328K) Class: 5923K(7808K)->5923K(7808K)
[2025-10-31T16:37:12.515+0000][gc            ] GC(215) Pause Young (Normal) (G1 Evacuation Pause) 373M->350M(512M) 15.671ms
[2025-10-31T16:37:12.515+0000][gc,cpu        ] GC(215) User=0.02s Sys=0.00s Real=0.02s
[2025-10-31T16:37:32.886+0000][gc,start      ] GC(216) Pause Young (Normal) (G1 Evacuation Pause)
[2025-10-31T16:37:32.886+0000][gc,task       ] GC(216) Using 2 workers of 2 for evacuation
[2025-10-31T16:37:32.900+0000][gc,phases     ] GC(216)   Pre Evacuate Collection Set: 0.0ms
[2025-10-31T16:37:32.901+0000][gc,phases     ] GC(216)   Evacuate Collection Set: 12.2ms
[2025-10-31T16:37:32.901+0000][gc,phases     ] GC(216)   Post Evacuate Collection Set: 1.7ms
[2025-10-31T16:37:32.902+0000][gc,phases     ] GC(216)   Other: 0.8ms
[2025-10-31T16:37:32.902+0000][gc,heap       ] GC(216) Eden regions: 23->0(23)
[2025-10-31T16:37:32.902+0000][gc,heap       ] GC(216) Survivor regions: 2->2(4)
[2025-10-31T16:37:32.903+0000][gc,heap       ] GC(216) Old regions: 203->203
[2025-10-31T16:37:32.903+0000][gc,heap       ] GC(216) Humongous regions: 147->147
[2025-10-31T16:37:32.903+0000][gc,metaspace  ] GC(216) Metaspace: 53085K(57136K)->53085K(57136K) NonClass: 47161K(49328K)->47161K(49328K) Class: 5923K(7808K)->5923K(7808K)
[2025-10-31T16:37:32.903+0000][gc            ] GC(216) Pause Young (Normal) (G1 Evacuation Pause) 373M->351M(512M) 17.595ms
[2025-10-31T16:37:32.904+0000][gc,cpu        ] GC(216) User=0.03s Sys=0.00s Real=0.02s
[2025-10-31T16:37:53.654+0000][gc,start      ] GC(217) Pause Young (Normal) (G1 Evacuation Pause)
[2025-10-31T16:37:53.654+0000][gc,task       ] GC(217) Using 2 workers of 2 for evacuation
[2025-10-31T16:37:53.673+0000][gc,phases     ] GC(217)   Pre Evacuate Collection Set: 0.0ms
[2025-10-31T16:37:53.674+0000][gc,phases     ] GC(217)   Evacuate Collection Set: 17.5ms
[2025-10-31T16:37:53.674+0000][gc,phases     ] GC(217)   Post Evacuate Collection Set: 1.2ms
[2025-10-31T16:37:53.675+0000][gc,phases     ] GC(217)   Other: 1.0ms
[2025-10-31T16:37:53.675+0000][gc,heap       ] GC(217) Eden regions: 23->0(23)
[2025-10-31T16:37:53.675+0000][gc,heap       ] GC(217) Survivor regions: 2->4(4)
[2025-10-31T16:37:53.675+0000][gc,heap       ] GC(217) Old regions: 203->203
[2025-10-31T16:37:53.676+0000][gc,heap       ] GC(217) Humongous regions: 147->147
[2025-10-31T16:37:53.676+0000][gc,metaspace  ] GC(217) Metaspace: 53085K(57136K)->53085K(57136K) NonClass: 47161K(49328K)->47161K(49328K) Class: 5923K(7808K)->5923K(7808K)
[2025-10-31T16:37:53.676+0000][gc            ] GC(217) Pause Young (Normal) (G1 Evacuation Pause) 374M->352M(512M) 22.400ms
[2025-10-31T16:37:53.676+0000][gc,cpu        ] GC(217) User=0.04s Sys=0.00s Real=0.02s
[2025-10-31T16:38:14.207+0000][gc,start      ] GC(218) Pause Young (Normal) (G1 Evacuation Pause)
[2025-10-31T16:38:14.208+0000][gc,task       ] GC(218) Using 2 workers of 2 for evacuation
[2025-10-31T16:38:14.230+0000][gc,mmu        ] GC(218) MMU target violated: 21.0ms (20.0ms/21.0ms)
[2025-10-31T16:38:14.231+0000][gc,phases     ] GC(218)   Pre Evacuate Collection Set: 0.0ms
[2025-10-31T16:38:14.231+0000][gc,phases     ] GC(218)   Evacuate Collection Set: 20.5ms
[2025-10-31T16:38:14.231+0000][gc,phases     ] GC(218)   Post Evacuate Collection Set: 1.2ms
[2025-10-31T16:38:14.232+0000][gc,phases     ] GC(218)   Other: 1.4ms
[2025-10-31T16:38:14.232+0000][gc,heap       ] GC(218) Eden regions: 23->0(22)
[2025-10-31T16:38:14.232+0000][gc,heap       ] GC(218) Survivor regions: 4->3(4)
[2025-10-31T16:38:14.233+0000][gc,heap       ] GC(218) Old regions: 203->204
[2025-10-31T16:38:14.233+0000][gc,heap       ] GC(218) Humongous regions: 147->147
[2025-10-31T16:38:14.233+0000][gc,metaspace  ] GC(218) Metaspace: 53086K(57136K)->53086K(57136K) NonClass: 47162K(49328K)->47162K(49328K) Class: 5923K(7808K)->5923K(7808K)
[2025-10-31T16:38:14.234+0000][gc            ] GC(218) Pause Young (Normal) (G1 Evacuation Pause) 375M->353M(512M) 26.118ms
[2025-10-31T16:38:14.234+0000][gc,cpu        ] GC(218) User=0.05s Sys=0.00s Real=0.03s
[2025-10-31T16:38:33.938+0000][gc,start      ] GC(219) Pause Young (Normal) (G1 Evacuation Pause)
[2025-10-31T16:38:33.938+0000][gc,task       ] GC(219) Using 2 workers of 2 for evacuation
[2025-10-31T16:38:33.961+0000][gc,mmu        ] GC(219) MMU target violated: 21.0ms (20.0ms/21.0ms)
[2025-10-31T16:38:33.962+0000][gc,phases     ] GC(219)   Pre Evacuate Collection Set: 0.0ms
[2025-10-31T16:38:33.963+0000][gc,phases     ] GC(219)   Evacuate Collection Set: 20.5ms
[2025-10-31T16:38:33.963+0000][gc,phases     ] GC(219)   Post Evacuate Collection Set: 1.7ms
[2025-10-31T16:38:33.964+0000][gc,phases     ] GC(219)   Other: 2.2ms
[2025-10-31T16:38:33.964+0000][gc,heap       ] GC(219) Eden regions: 22->0(22)
[2025-10-31T16:38:33.965+0000][gc,heap       ] GC(219) Survivor regions: 3->3(4)
[2025-10-31T16:38:33.965+0000][gc,heap       ] GC(219) Old regions: 204->206
[2025-10-31T16:38:33.966+0000][gc,heap       ] GC(219) Humongous regions: 147->147
[2025-10-31T16:38:33.966+0000][gc,metaspace  ] GC(219) Metaspace: 53086K(57136K)->53086K(57136K) NonClass: 47162K(49328K)->47162K(49328K) Class: 5923K(7808K)->5923K(7808K)
[2025-10-31T16:38:33.966+0000][gc            ] GC(219) Pause Young (Normal) (G1 Evacuation Pause) 375M->355M(512M) 28.636ms
[2025-10-31T16:38:33.967+0000][gc,cpu        ] GC(219) User=0.05s Sys=0.00s Real=0.03s
[2025-10-31T16:38:53.594+0000][gc,start      ] GC(220) Pause Young (Normal) (G1 Evacuation Pause)
[2025-10-31T16:38:53.594+0000][gc,task       ] GC(220) Using 2 workers of 2 for evacuation
[2025-10-31T16:38:53.611+0000][gc,phases     ] GC(220)   Pre Evacuate Collection Set: 0.0ms
[2025-10-31T16:38:53.611+0000][gc,phases     ] GC(220)   Evacuate Collection Set: 14.1ms
[2025-10-31T16:38:53.612+0000][gc,phases     ] GC(220)   Post Evacuate Collection Set: 1.4ms
[2025-10-31T16:38:53.612+0000][gc,phases     ] GC(220)   Other: 1.6ms
[2025-10-31T16:38:53.613+0000][gc,heap       ] GC(220) Eden regions: 22->0(24)
[2025-10-31T16:38:53.613+0000][gc,heap       ] GC(220) Survivor regions: 3->1(4)
[2025-10-31T16:38:53.614+0000][gc,heap       ] GC(220) Old regions: 206->206
[2025-10-31T16:38:53.614+0000][gc,heap       ] GC(220) Humongous regions: 147->147
[2025-10-31T16:38:53.615+0000][gc,metaspace  ] GC(220) Metaspace: 53086K(57136K)->53086K(57136K) NonClass: 47162K(49328K)->47162K(49328K) Class: 5923K(7808K)->5923K(7808K)
[2025-10-31T16:38:53.615+0000][gc            ] GC(220) Pause Young (Normal) (G1 Evacuation Pause) 377M->354M(512M) 21.212ms
[2025-10-31T16:38:53.615+0000][gc,cpu        ] GC(220) User=0.03s Sys=0.00s Real=0.02s
[2025-10-31T16:39:15.107+0000][gc,start      ] GC(221) Pause Young (Normal) (G1 Evacuation Pause)
[2025-10-31T16:39:15.111+0000][gc,task       ] GC(221) Using 2 workers of 2 for evacuation
[2025-10-31T16:39:15.140+0000][gc,mmu        ] GC(221) MMU target violated: 21.0ms (20.0ms/21.0ms)
[2025-10-31T16:39:15.143+0000][gc,phases     ] GC(221)   Pre Evacuate Collection Set: 0.1ms
[2025-10-31T16:39:15.143+0000][gc,phases     ] GC(221)   Evacuate Collection Set: 24.2ms
[2025-10-31T16:39:15.144+0000][gc,phases     ] GC(221)   Post Evacuate Collection Set: 1.8ms
[2025-10-31T16:39:15.145+0000][gc,phases     ] GC(221)   Other: 9.7ms
[2025-10-31T16:39:15.145+0000][gc,heap       ] GC(221) Eden regions: 24->0(22)
[2025-10-31T16:39:15.146+0000][gc,heap       ] GC(221) Survivor regions: 1->3(4)
[2025-10-31T16:39:15.147+0000][gc,heap       ] GC(221) Old regions: 206->206
[2025-10-31T16:39:15.147+0000][gc,heap       ] GC(221) Humongous regions: 147->147
[2025-10-31T16:39:15.148+0000][gc,metaspace  ] GC(221) Metaspace: 53086K(57136K)->53086K(57136K) NonClass: 47162K(49328K)->47162K(49328K) Class: 5923K(7808K)->5923K(7808K)
[2025-10-31T16:39:15.149+0000][gc            ] GC(221) Pause Young (Normal) (G1 Evacuation Pause) 378M->355M(512M) 41.589ms
[2025-10-31T16:39:15.149+0000][gc,cpu        ] GC(221) User=0.05s Sys=0.00s Real=0.05s
[2025-10-31T16:39:34.908+0000][gc,start      ] GC(222) Pause Young (Normal) (G1 Evacuation Pause)
[2025-10-31T16:39:34.909+0000][gc,task       ] GC(222) Using 2 workers of 2 for evacuation
[2025-10-31T16:39:34.939+0000][gc,mmu        ] GC(222) MMU target violated: 21.0ms (20.0ms/21.0ms)
[2025-10-31T16:39:34.940+0000][gc,phases     ] GC(222)   Pre Evacuate Collection Set: 0.0ms
[2025-10-31T16:39:34.940+0000][gc,phases     ] GC(222)   Evacuate Collection Set: 27.3ms
[2025-10-31T16:39:34.941+0000][gc,phases     ] GC(222)   Post Evacuate Collection Set: 1.8ms
[2025-10-31T16:39:34.941+0000][gc,phases     ] GC(222)   Other: 2.2ms
[2025-10-31T16:39:34.942+0000][gc,heap       ] GC(222) Eden regions: 22->0(22)
[2025-10-31T16:39:34.942+0000][gc,heap       ] GC(222) Survivor regions: 3->3(4)
[2025-10-31T16:39:34.943+0000][gc,heap       ] GC(222) Old regions: 206->207
[2025-10-31T16:39:34.944+0000][gc,heap       ] GC(222) Humongous regions: 147->147
[2025-10-31T16:39:34.944+0000][gc,metaspace  ] GC(222) Metaspace: 53086K(57136K)->53086K(57136K) NonClass: 47162K(49328K)->47162K(49328K) Class: 5923K(7808K)->5923K(7808K)
[2025-10-31T16:39:34.945+0000][gc            ] GC(222) Pause Young (Normal) (G1 Evacuation Pause) 377M->356M(512M) 36.457ms
[2025-10-31T16:39:34.945+0000][gc,cpu        ] GC(222) User=0.06s Sys=0.00s Real=0.03s
[2025-10-31T16:39:54.675+0000][gc,start      ] GC(223) Pause Young (Normal) (G1 Evacuation Pause)
[2025-10-31T16:39:54.676+0000][gc,task       ] GC(223) Using 2 workers of 2 for evacuation
[2025-10-31T16:39:54.711+0000][gc,mmu        ] GC(223) MMU target violated: 21.0ms (20.0ms/21.0ms)
[2025-10-31T16:39:54.712+0000][gc,phases     ] GC(223)   Pre Evacuate Collection Set: 0.0ms
[2025-10-31T16:39:54.712+0000][gc,phases     ] GC(223)   Evacuate Collection Set: 31.4ms
[2025-10-31T16:39:54.713+0000][gc,phases     ] GC(223)   Post Evacuate Collection Set: 2.6ms
[2025-10-31T16:39:54.715+0000][gc,phases     ] GC(223)   Other: 2.7ms
[2025-10-31T16:39:54.716+0000][gc,heap       ] GC(223) Eden regions: 22->0(22)
[2025-10-31T16:39:54.717+0000][gc,heap       ] GC(223) Survivor regions: 3->3(4)
[2025-10-31T16:39:54.718+0000][gc,heap       ] GC(223) Old regions: 207->208
[2025-10-31T16:39:54.719+0000][gc,heap       ] GC(223) Humongous regions: 147->147
[2025-10-31T16:39:54.719+0000][gc,metaspace  ] GC(223) Metaspace: 53086K(57136K)->53086K(57136K) NonClass: 47162K(49328K)->47162K(49328K) Class: 5923K(7808K)->5923K(7808K)
[2025-10-31T16:39:54.720+0000][gc            ] GC(223) Pause Young (Normal) (G1 Evacuation Pause) 378M->357M(512M) 44.948ms
[2025-10-31T16:39:54.721+0000][gc,cpu        ] GC(223) User=0.06s Sys=0.00s Real=0.05s
[2025-10-31T16:40:30.960+0000][gc,start      ] GC(224) Pause Young (Normal) (G1 Evacuation Pause)
[2025-10-31T16:40:30.960+0000][gc,task       ] GC(224) Using 2 workers of 2 for evacuation
[2025-10-31T16:40:30.979+0000][gc,phases     ] GC(224)   Pre Evacuate Collection Set: 0.0ms
[2025-10-31T16:40:30.979+0000][gc,phases     ] GC(224)   Evacuate Collection Set: 16.2ms
[2025-10-31T16:40:30.979+0000][gc,phases     ] GC(224)   Post Evacuate Collection Set: 1.3ms
[2025-10-31T16:40:30.980+0000][gc,phases     ] GC(224)   Other: 1.3ms
[2025-10-31T16:40:30.980+0000][gc,heap       ] GC(224) Eden regions: 22->0(22)
[2025-10-31T16:40:30.980+0000][gc,heap       ] GC(224) Survivor regions: 3->3(4)
[2025-10-31T16:40:30.981+0000][gc,heap       ] GC(224) Old regions: 208->209
[2025-10-31T16:40:30.981+0000][gc,heap       ] GC(224) Humongous regions: 147->147
[2025-10-31T16:40:30.982+0000][gc,metaspace  ] GC(224) Metaspace: 53095K(57136K)->53095K(57136K) NonClass: 47171K(49328K)->47171K(49328K) Class: 5923K(7808K)->5923K(7808K)
[2025-10-31T16:40:30.982+0000][gc            ] GC(224) Pause Young (Normal) (G1 Evacuation Pause) 379M->357M(512M) 22.519ms
[2025-10-31T16:40:30.983+0000][gc,cpu        ] GC(224) User=0.04s Sys=0.00s Real=0.02s
[2025-10-31T16:41:41.265+0000][gc,start      ] GC(225) Pause Young (Normal) (G1 Evacuation Pause)
[2025-10-31T16:41:41.266+0000][gc,task       ] GC(225) Using 2 workers of 2 for evacuation
[2025-10-31T16:41:41.277+0000][gc,phases     ] GC(225)   Pre Evacuate Collection Set: 0.0ms
[2025-10-31T16:41:41.278+0000][gc,phases     ] GC(225)   Evacuate Collection Set: 10.1ms
[2025-10-31T16:41:41.278+0000][gc,phases     ] GC(225)   Post Evacuate Collection Set: 0.9ms
[2025-10-31T16:41:41.278+0000][gc,phases     ] GC(225)   Other: 0.9ms
[2025-10-31T16:41:41.278+0000][gc,heap       ] GC(225) Eden regions: 22->0(22)
[2025-10-31T16:41:41.279+0000][gc,heap       ] GC(225) Survivor regions: 3->3(4)
[2025-10-31T16:41:41.279+0000][gc,heap       ] GC(225) Old regions: 209->209
[2025-10-31T16:41:41.279+0000][gc,heap       ] GC(225) Humongous regions: 147->147
[2025-10-31T16:41:41.279+0000][gc,metaspace  ] GC(225) Metaspace: 53112K(57136K)->53112K(57136K) NonClass: 47188K(49328K)->47188K(49328K) Class: 5923K(7808K)->5923K(7808K)
[2025-10-31T16:41:41.280+0000][gc            ] GC(225) Pause Young (Normal) (G1 Evacuation Pause) 379M->358M(512M) 14.574ms
[2025-10-31T16:41:41.280+0000][gc,cpu        ] GC(225) User=0.02s Sys=0.00s Real=0.01s
[2025-10-31T16:42:44.913+0000][gc,start      ] GC(226) Pause Young (Normal) (G1 Evacuation Pause)
[2025-10-31T16:42:44.914+0000][gc,task       ] GC(226) Using 2 workers of 2 for evacuation
[2025-10-31T16:42:44.960+0000][gc,mmu        ] GC(226) MMU target violated: 21.0ms (20.0ms/21.0ms)
[2025-10-31T16:42:44.963+0000][gc,phases     ] GC(226)   Pre Evacuate Collection Set: 0.0ms
[2025-10-31T16:42:44.965+0000][gc,phases     ] GC(226)   Evacuate Collection Set: 42.5ms
[2025-10-31T16:42:44.965+0000][gc,phases     ] GC(226)   Post Evacuate Collection Set: 2.1ms
[2025-10-31T16:42:44.975+0000][gc,phases     ] GC(226)   Other: 5.7ms
[2025-10-31T16:42:44.977+0000][gc,heap       ] GC(226) Eden regions: 22->0(22)
[2025-10-31T16:42:44.979+0000][gc,heap       ] GC(226) Survivor regions: 3->3(4)
[2025-10-31T16:42:44.980+0000][gc,heap       ] GC(226) Old regions: 209->210
[2025-10-31T16:42:44.981+0000][gc,heap       ] GC(226) Humongous regions: 147->147
[2025-10-31T16:42:44.982+0000][gc,metaspace  ] GC(226) Metaspace: 53112K(57136K)->53112K(57136K) NonClass: 47188K(49328K)->47188K(49328K) Class: 5923K(7808K)->5923K(7808K)
[2025-10-31T16:42:44.983+0000][gc            ] GC(226) Pause Young (Normal) (G1 Evacuation Pause) 380M->358M(512M) 69.383ms
[2025-10-31T16:42:44.984+0000][gc,cpu        ] GC(226) User=0.09s Sys=0.00s Real=0.07s
[2025-10-31T16:43:51.544+0000][gc,start      ] GC(227) Pause Young (Normal) (G1 Evacuation Pause)
[2025-10-31T16:43:51.545+0000][gc,task       ] GC(227) Using 2 workers of 2 for evacuation
[2025-10-31T16:43:51.567+0000][gc,mmu        ] GC(227) MMU target violated: 21.0ms (20.0ms/21.0ms)
[2025-10-31T16:43:51.567+0000][gc,phases     ] GC(227)   Pre Evacuate Collection Set: 0.0ms
[2025-10-31T16:43:51.567+0000][gc,phases     ] GC(227)   Evacuate Collection Set: 20.2ms
[2025-10-31T16:43:51.568+0000][gc,phases     ] GC(227)   Post Evacuate Collection Set: 1.2ms
[2025-10-31T16:43:51.568+0000][gc,phases     ] GC(227)   Other: 1.4ms
[2025-10-31T16:43:51.568+0000][gc,heap       ] GC(227) Eden regions: 22->0(21)
[2025-10-31T16:43:51.569+0000][gc,heap       ] GC(227) Survivor regions: 3->4(4)
[2025-10-31T16:43:51.569+0000][gc,heap       ] GC(227) Old regions: 210->211
[2025-10-31T16:43:51.569+0000][gc,heap       ] GC(227) Humongous regions: 147->147
[2025-10-31T16:43:51.570+0000][gc,metaspace  ] GC(227) Metaspace: 53112K(57136K)->53112K(57136K) NonClass: 47188K(49328K)->47188K(49328K) Class: 5923K(7808K)->5923K(7808K)
[2025-10-31T16:43:51.570+0000][gc            ] GC(227) Pause Young (Normal) (G1 Evacuation Pause) 380M->361M(512M) 25.912ms
[2025-10-31T16:43:51.570+0000][gc,cpu        ] GC(227) User=0.04s Sys=0.00s Real=0.03s
[2025-10-31T16:44:43.561+0000][gc,start      ] GC(228) Pause Young (Normal) (G1 Evacuation Pause)
[2025-10-31T16:44:43.561+0000][gc,task       ] GC(228) Using 2 workers of 2 for evacuation
[2025-10-31T16:44:43.601+0000][gc,mmu        ] GC(228) MMU target violated: 21.0ms (20.0ms/21.0ms)
[2025-10-31T16:44:43.602+0000][gc,phases     ] GC(228)   Pre Evacuate Collection Set: 0.0ms
[2025-10-31T16:44:43.603+0000][gc,phases     ] GC(228)   Evacuate Collection Set: 36.3ms
[2025-10-31T16:44:43.603+0000][gc,phases     ] GC(228)   Post Evacuate Collection Set: 2.2ms
[2025-10-31T16:44:43.604+0000][gc,phases     ] GC(228)   Other: 3.1ms
[2025-10-31T16:44:43.604+0000][gc,heap       ] GC(228) Eden regions: 21->0(21)
[2025-10-31T16:44:43.604+0000][gc,heap       ] GC(228) Survivor regions: 4->4(4)
[2025-10-31T16:44:43.605+0000][gc,heap       ] GC(228) Old regions: 211->214
[2025-10-31T16:44:43.611+0000][gc,heap       ] GC(228) Humongous regions: 147->147
[2025-10-31T16:44:43.614+0000][gc,metaspace  ] GC(228) Metaspace: 53128K(57136K)->53128K(57136K) NonClass: 47204K(49328K)->47204K(49328K) Class: 5923K(7808K)->5923K(7808K)
[2025-10-31T16:44:43.619+0000][gc            ] GC(228) Pause Young (Normal) (G1 Evacuation Pause) 382M->363M(512M) 57.712ms
[2025-10-31T16:44:43.620+0000][gc,cpu        ] GC(228) User=0.08s Sys=0.00s Real=0.06s
[2025-10-31T16:45:11.672+0000][gc,start      ] GC(229) Pause Young (Normal) (G1 Evacuation Pause)
[2025-10-31T16:45:11.672+0000][gc,task       ] GC(229) Using 2 workers of 2 for evacuation
[2025-10-31T16:45:11.693+0000][gc,phases     ] GC(229)   Pre Evacuate Collection Set: 0.0ms
[2025-10-31T16:45:11.693+0000][gc,phases     ] GC(229)   Evacuate Collection Set: 18.4ms
[2025-10-31T16:45:11.694+0000][gc,phases     ] GC(229)   Post Evacuate Collection Set: 1.3ms
[2025-10-31T16:45:11.694+0000][gc,phases     ] GC(229)   Other: 1.2ms
[2025-10-31T16:45:11.694+0000][gc,heap       ] GC(229) Eden regions: 21->0(22)
[2025-10-31T16:45:11.695+0000][gc,heap       ] GC(229) Survivor regions: 4->3(4)
[2025-10-31T16:45:11.695+0000][gc,heap       ] GC(229) Old regions: 214->216
[2025-10-31T16:45:11.695+0000][gc,heap       ] GC(229) Humongous regions: 147->147
[2025-10-31T16:45:11.696+0000][gc,metaspace  ] GC(229) Metaspace: 53150K(57136K)->53150K(57136K) NonClass: 47227K(49328K)->47227K(49328K) Class: 5923K(7808K)->5923K(7808K)
[2025-10-31T16:45:11.696+0000][gc            ] GC(229) Pause Young (Normal) (G1 Evacuation Pause) 384M->364M(512M) 24.234ms
[2025-10-31T16:45:11.696+0000][gc,cpu        ] GC(229) User=0.04s Sys=0.00s Real=0.02s
[2025-10-31T16:45:53.507+0000][gc,start      ] GC(230) Pause Young (Normal) (G1 Evacuation Pause)
[2025-10-31T16:45:53.508+0000][gc,task       ] GC(230) Using 2 workers of 2 for evacuation
[2025-10-31T16:45:53.521+0000][gc,phases     ] GC(230)   Pre Evacuate Collection Set: 0.0ms
[2025-10-31T16:45:53.522+0000][gc,phases     ] GC(230)   Evacuate Collection Set: 12.2ms
[2025-10-31T16:45:53.522+0000][gc,phases     ] GC(230)   Post Evacuate Collection Set: 1.1ms
[2025-10-31T16:45:53.522+0000][gc,phases     ] GC(230)   Other: 0.8ms
[2025-10-31T16:45:53.523+0000][gc,heap       ] GC(230) Eden regions: 22->0(21)
[2025-10-31T16:45:53.523+0000][gc,heap       ] GC(230) Survivor regions: 3->4(4)
[2025-10-31T16:45:53.523+0000][gc,heap       ] GC(230) Old regions: 216->216
[2025-10-31T16:45:53.523+0000][gc,heap       ] GC(230) Humongous regions: 147->147
[2025-10-31T16:45:53.524+0000][gc,metaspace  ] GC(230) Metaspace: 53150K(57136K)->53150K(57136K) NonClass: 47227K(49328K)->47227K(49328K) Class: 5923K(7808K)->5923K(7808K)
[2025-10-31T16:45:53.524+0000][gc            ] GC(230) Pause Young (Normal) (G1 Evacuation Pause) 386M->366M(512M) 16.655ms
[2025-10-31T16:45:53.524+0000][gc,cpu        ] GC(230) User=0.02s Sys=0.00s Real=0.02s
[2025-10-31T16:46:34.055+0000][gc,start      ] GC(231) Pause Young (Normal) (G1 Evacuation Pause)
[2025-10-31T16:46:34.055+0000][gc,task       ] GC(231) Using 2 workers of 2 for evacuation
[2025-10-31T16:46:34.074+0000][gc,phases     ] GC(231)   Pre Evacuate Collection Set: 0.0ms
[2025-10-31T16:46:34.075+0000][gc,phases     ] GC(231)   Evacuate Collection Set: 17.8ms
[2025-10-31T16:46:34.075+0000][gc,phases     ] GC(231)   Post Evacuate Collection Set: 1.1ms
[2025-10-31T16:46:34.075+0000][gc,phases     ] GC(231)   Other: 0.8ms
[2025-10-31T16:46:34.075+0000][gc,heap       ] GC(231) Eden regions: 21->0(22)
[2025-10-31T16:46:34.076+0000][gc,heap       ] GC(231) Survivor regions: 4->3(4)
[2025-10-31T16:46:34.076+0000][gc,heap       ] GC(231) Old regions: 216->219
[2025-10-31T16:46:34.076+0000][gc,heap       ] GC(231) Humongous regions: 147->147
[2025-10-31T16:46:34.076+0000][gc,metaspace  ] GC(231) Metaspace: 53150K(57136K)->53150K(57136K) NonClass: 47227K(49328K)->47227K(49328K) Class: 5923K(7808K)->5923K(7808K)
[2025-10-31T16:46:34.077+0000][gc            ] GC(231) Pause Young (Normal) (G1 Evacuation Pause) 387M->367M(512M) 21.967ms
[2025-10-31T16:46:34.077+0000][gc,cpu        ] GC(231) User=0.04s Sys=0.00s Real=0.02s
[2025-10-31T16:47:25.171+0000][gc,start      ] GC(232) Pause Young (Normal) (G1 Evacuation Pause)
[2025-10-31T16:47:25.171+0000][gc,task       ] GC(232) Using 2 workers of 2 for evacuation
[2025-10-31T16:47:25.195+0000][gc,mmu        ] GC(232) MMU target violated: 21.0ms (20.0ms/21.0ms)
[2025-10-31T16:47:25.196+0000][gc,phases     ] GC(232)   Pre Evacuate Collection Set: 0.0ms
[2025-10-31T16:47:25.197+0000][gc,phases     ] GC(232)   Evacuate Collection Set: 20.5ms
[2025-10-31T16:47:25.198+0000][gc,phases     ] GC(232)   Post Evacuate Collection Set: 1.4ms
[2025-10-31T16:47:25.199+0000][gc,phases     ] GC(232)   Other: 3.7ms
[2025-10-31T16:47:25.200+0000][gc,heap       ] GC(232) Eden regions: 22->0(23)
[2025-10-31T16:47:25.201+0000][gc,heap       ] GC(232) Survivor regions: 3->2(4)
[2025-10-31T16:47:25.202+0000][gc,heap       ] GC(232) Old regions: 219->220
[2025-10-31T16:47:25.202+0000][gc,heap       ] GC(232) Humongous regions: 147->147
[2025-10-31T16:47:25.203+0000][gc,metaspace  ] GC(232) Metaspace: 53157K(57392K)->53157K(57392K) NonClass: 47233K(49584K)->47233K(49584K) Class: 5923K(7808K)->5923K(7808K)
[2025-10-31T16:47:25.203+0000][gc            ] GC(232) Pause Young (Normal) (G1 Evacuation Pause) 389M->368M(512M) 32.650ms
[2025-10-31T16:47:25.204+0000][gc,cpu        ] GC(232) User=0.05s Sys=0.00s Real=0.04s
[2025-10-31T16:48:26.701+0000][gc,start      ] GC(233) Pause Young (Normal) (G1 Evacuation Pause)
[2025-10-31T16:48:26.702+0000][gc,task       ] GC(233) Using 2 workers of 2 for evacuation
[2025-10-31T16:48:26.788+0000][gc,mmu        ] GC(233) MMU target violated: 21.0ms (20.0ms/21.0ms)
[2025-10-31T16:48:26.799+0000][gc,phases     ] GC(233)   Pre Evacuate Collection Set: 0.1ms
[2025-10-31T16:48:26.807+0000][gc,phases     ] GC(233)   Evacuate Collection Set: 70.5ms
[2025-10-31T16:48:26.813+0000][gc,phases     ] GC(233)   Post Evacuate Collection Set: 12.9ms
[2025-10-31T16:48:26.815+0000][gc,phases     ] GC(233)   Other: 14.5ms
[2025-10-31T16:48:26.818+0000][gc,heap       ] GC(233) Eden regions: 23->0(22)
[2025-10-31T16:48:26.823+0000][gc,heap       ] GC(233) Survivor regions: 2->3(4)
[2025-10-31T16:48:26.825+0000][gc,heap       ] GC(233) Old regions: 220->220
[2025-10-31T16:48:26.827+0000][gc,heap       ] GC(233) Humongous regions: 147->147
[2025-10-31T16:48:26.828+0000][gc,metaspace  ] GC(233) Metaspace: 53158K(57392K)->53158K(57392K) NonClass: 47234K(49584K)->47234K(49584K) Class: 5923K(7808K)->5923K(7808K)
[2025-10-31T16:48:26.829+0000][gc            ] GC(233) Pause Young (Normal) (G1 Evacuation Pause) 391M->369M(512M) 127.948ms
[2025-10-31T16:48:26.830+0000][gc,cpu        ] GC(233) User=0.15s Sys=0.00s Real=0.12s
[2025-10-31T16:49:17.217+0000][gc,start      ] GC(234) Pause Young (Normal) (G1 Evacuation Pause)
[2025-10-31T16:49:17.218+0000][gc,task       ] GC(234) Using 2 workers of 2 for evacuation
[2025-10-31T16:49:17.300+0000][gc,mmu        ] GC(234) MMU target violated: 21.0ms (20.0ms/21.0ms)
[2025-10-31T16:49:17.301+0000][gc,phases     ] GC(234)   Pre Evacuate Collection Set: 0.0ms
[2025-10-31T16:49:17.302+0000][gc,phases     ] GC(234)   Evacuate Collection Set: 76.2ms
[2025-10-31T16:49:17.303+0000][gc,phases     ] GC(234)   Post Evacuate Collection Set: 3.6ms
[2025-10-31T16:49:17.304+0000][gc,phases     ] GC(234)   Other: 4.0ms
[2025-10-31T16:49:17.305+0000][gc,heap       ] GC(234) Eden regions: 22->0(21)
[2025-10-31T16:49:17.306+0000][gc,heap       ] GC(234) Survivor regions: 3->4(4)
[2025-10-31T16:49:17.307+0000][gc,heap       ] GC(234) Old regions: 220->221
[2025-10-31T16:49:17.308+0000][gc,heap       ] GC(234) Humongous regions: 147->147
[2025-10-31T16:49:17.309+0000][gc,metaspace  ] GC(234) Metaspace: 53215K(57392K)->53215K(57392K) NonClass: 47291K(49584K)->47291K(49584K) Class: 5923K(7808K)->5923K(7808K)
[2025-10-31T16:49:17.310+0000][gc            ] GC(234) Pause Young (Normal) (G1 Evacuation Pause) 391M->371M(512M) 92.845ms
[2025-10-31T16:49:17.327+0000][gc,cpu        ] GC(234) User=0.18s Sys=0.00s Real=0.11s
[2025-10-31T16:49:59.292+0000][gc,start      ] GC(235) Pause Young (Normal) (G1 Evacuation Pause)
[2025-10-31T16:49:59.296+0000][gc,task       ] GC(235) Using 2 workers of 2 for evacuation
[2025-10-31T16:49:59.472+0000][gc,mmu        ] GC(235) MMU target violated: 21.0ms (20.0ms/21.0ms)
[2025-10-31T16:49:59.474+0000][gc,phases     ] GC(235)   Pre Evacuate Collection Set: 0.0ms
[2025-10-31T16:49:59.481+0000][gc,phases     ] GC(235)   Evacuate Collection Set: 156.6ms
[2025-10-31T16:49:59.483+0000][gc,phases     ] GC(235)   Post Evacuate Collection Set: 14.4ms
[2025-10-31T16:49:59.488+0000][gc,phases     ] GC(235)   Other: 11.2ms
[2025-10-31T16:49:59.491+0000][gc,heap       ] GC(235) Eden regions: 21->0(22)
[2025-10-31T16:49:59.495+0000][gc,heap       ] GC(235) Survivor regions: 4->3(4)
[2025-10-31T16:49:59.500+0000][gc,heap       ] GC(235) Old regions: 221->224
[2025-10-31T16:49:59.501+0000][gc,heap       ] GC(235) Humongous regions: 147->147
[2025-10-31T16:49:59.503+0000][gc,metaspace  ] GC(235) Metaspace: 53233K(57392K)->53233K(57392K) NonClass: 47309K(49584K)->47309K(49584K) Class: 5923K(7808K)->5923K(7808K)
[2025-10-31T16:49:59.503+0000][gc            ] GC(235) Pause Young (Normal) (G1 Evacuation Pause) 392M->373M(512M) 211.115ms
[2025-10-31T16:49:59.504+0000][gc,cpu        ] GC(235) User=0.32s Sys=0.01s Real=0.21s
[2025-10-31T16:50:38.973+0000][gc,start      ] GC(236) Pause Young (Normal) (G1 Evacuation Pause)
[2025-10-31T16:50:38.974+0000][gc,task       ] GC(236) Using 2 workers of 2 for evacuation
[2025-10-31T16:50:39.281+0000][gc,mmu        ] GC(236) MMU target violated: 21.0ms (20.0ms/21.0ms)
[2025-10-31T16:50:39.282+0000][gc,phases     ] GC(236)   Pre Evacuate Collection Set: 0.1ms
[2025-10-31T16:50:39.283+0000][gc,phases     ] GC(236)   Evacuate Collection Set: 301.2ms
[2025-10-31T16:50:39.283+0000][gc,phases     ] GC(236)   Post Evacuate Collection Set: 4.2ms
[2025-10-31T16:50:39.284+0000][gc,phases     ] GC(236)   Other: 3.1ms
[2025-10-31T16:50:39.285+0000][gc,heap       ] GC(236) Eden regions: 22->0(22)
[2025-10-31T16:50:39.286+0000][gc,heap       ] GC(236) Survivor regions: 3->3(4)
[2025-10-31T16:50:39.287+0000][gc,heap       ] GC(236) Old regions: 224->226
[2025-10-31T16:50:39.289+0000][gc,heap       ] GC(236) Humongous regions: 147->147
[2025-10-31T16:50:39.290+0000][gc,metaspace  ] GC(236) Metaspace: 53233K(57392K)->53233K(57392K) NonClass: 47309K(49584K)->47309K(49584K) Class: 5923K(7808K)->5923K(7808K)
[2025-10-31T16:50:39.291+0000][gc            ] GC(236) Pause Young (Normal) (G1 Evacuation Pause) 395M->374M(512M) 317.654ms
[2025-10-31T16:50:39.292+0000][gc,cpu        ] GC(236) User=0.41s Sys=0.14s Real=0.32s
[2025-10-31T16:51:28.639+0000][gc,start      ] GC(237) Pause Young (Normal) (G1 Evacuation Pause)
[2025-10-31T16:51:28.642+0000][gc,task       ] GC(237) Using 2 workers of 2 for evacuation
[2025-10-31T16:51:28.738+0000][gc,mmu        ] GC(237) MMU target violated: 21.0ms (20.0ms/21.0ms)
[2025-10-31T16:51:28.740+0000][gc,phases     ] GC(237)   Pre Evacuate Collection Set: 0.1ms
[2025-10-31T16:51:28.746+0000][gc,phases     ] GC(237)   Evacuate Collection Set: 88.0ms
[2025-10-31T16:51:28.748+0000][gc,phases     ] GC(237)   Post Evacuate Collection Set: 5.4ms
[2025-10-31T16:51:28.751+0000][gc,phases     ] GC(237)   Other: 8.3ms
[2025-10-31T16:51:28.753+0000][gc,heap       ] GC(237) Eden regions: 22->0(22)
[2025-10-31T16:51:28.755+0000][gc,heap       ] GC(237) Survivor regions: 3->3(4)
[2025-10-31T16:51:28.757+0000][gc,heap       ] GC(237) Old regions: 226->228
[2025-10-31T16:51:28.758+0000][gc,heap       ] GC(237) Humongous regions: 147->147
[2025-10-31T16:51:28.763+0000][gc,metaspace  ] GC(237) Metaspace: 53233K(57392K)->53233K(57392K) NonClass: 47309K(49584K)->47309K(49584K) Class: 5923K(7808K)->5923K(7808K)
[2025-10-31T16:51:28.764+0000][gc            ] GC(237) Pause Young (Normal) (G1 Evacuation Pause) 396M->376M(512M) 125.850ms
[2025-10-31T16:51:28.767+0000][gc,cpu        ] GC(237) User=0.15s Sys=0.00s Real=0.13s
[2025-10-31T16:52:17.120+0000][gc,start      ] GC(238) Pause Young (Normal) (G1 Evacuation Pause)
[2025-10-31T16:52:17.121+0000][gc,task       ] GC(238) Using 2 workers of 2 for evacuation
[2025-10-31T16:52:17.155+0000][gc,mmu        ] GC(238) MMU target violated: 21.0ms (20.0ms/21.0ms)
[2025-10-31T16:52:17.156+0000][gc,phases     ] GC(238)   Pre Evacuate Collection Set: 0.0ms
[2025-10-31T16:52:17.157+0000][gc,phases     ] GC(238)   Evacuate Collection Set: 30.5ms
[2025-10-31T16:52:17.157+0000][gc,phases     ] GC(238)   Post Evacuate Collection Set: 1.8ms
[2025-10-31T16:52:17.158+0000][gc,phases     ] GC(238)   Other: 2.9ms
[2025-10-31T16:52:17.158+0000][gc,heap       ] GC(238) Eden regions: 22->0(21)
[2025-10-31T16:52:17.159+0000][gc,heap       ] GC(238) Survivor regions: 3->4(4)
[2025-10-31T16:52:17.159+0000][gc,heap       ] GC(238) Old regions: 228->228
[2025-10-31T16:52:17.160+0000][gc,heap       ] GC(238) Humongous regions: 147->147
[2025-10-31T16:52:17.161+0000][gc,metaspace  ] GC(238) Metaspace: 53237K(57392K)->53237K(57392K) NonClass: 47313K(49584K)->47313K(49584K) Class: 5923K(7808K)->5923K(7808K)
[2025-10-31T16:52:17.161+0000][gc            ] GC(238) Pause Young (Normal) (G1 Evacuation Pause) 398M->377M(512M) 40.939ms
[2025-10-31T16:52:17.162+0000][gc,cpu        ] GC(238) User=0.06s Sys=0.00s Real=0.04s
[2025-10-31T16:53:03.777+0000][gc,start      ] GC(239) Pause Young (Normal) (G1 Evacuation Pause)
[2025-10-31T16:53:03.777+0000][gc,task       ] GC(239) Using 2 workers of 2 for evacuation
[2025-10-31T16:53:03.866+0000][gc,mmu        ] GC(239) MMU target violated: 21.0ms (20.0ms/21.0ms)
[2025-10-31T16:53:03.867+0000][gc,phases     ] GC(239)   Pre Evacuate Collection Set: 0.1ms
[2025-10-31T16:53:03.869+0000][gc,phases     ] GC(239)   Evacuate Collection Set: 84.0ms
[2025-10-31T16:53:03.870+0000][gc,phases     ] GC(239)   Post Evacuate Collection Set: 2.5ms
[2025-10-31T16:53:03.872+0000][gc,phases     ] GC(239)   Other: 3.7ms
[2025-10-31T16:53:03.872+0000][gc,heap       ] GC(239) Eden regions: 21->0(21)
[2025-10-31T16:53:03.873+0000][gc,heap       ] GC(239) Survivor regions: 4->4(4)
[2025-10-31T16:53:03.874+0000][gc,heap       ] GC(239) Old regions: 228->230
[2025-10-31T16:53:03.875+0000][gc,heap       ] GC(239) Humongous regions: 147->147
[2025-10-31T16:53:03.876+0000][gc,metaspace  ] GC(239) Metaspace: 53237K(57392K)->53237K(57392K) NonClass: 47313K(49584K)->47313K(49584K) Class: 5923K(7808K)->5923K(7808K)
[2025-10-31T16:53:03.876+0000][gc            ] GC(239) Pause Young (Normal) (G1 Evacuation Pause) 398M->380M(512M) 99.808ms
[2025-10-31T16:53:03.878+0000][gc,cpu        ] GC(239) User=0.18s Sys=0.00s Real=0.10s
[2025-10-31T16:53:47.374+0000][gc,start      ] GC(240) Pause Young (Normal) (G1 Evacuation Pause)
[2025-10-31T16:53:47.378+0000][gc,task       ] GC(240) Using 2 workers of 2 for evacuation
[2025-10-31T16:53:47.472+0000][gc,mmu        ] GC(240) MMU target violated: 21.0ms (20.0ms/21.0ms)
[2025-10-31T16:53:47.488+0000][gc,phases     ] GC(240)   Pre Evacuate Collection Set: 0.1ms
[2025-10-31T16:53:47.494+0000][gc,phases     ] GC(240)   Evacuate Collection Set: 85.0ms
[2025-10-31T16:53:47.499+0000][gc,phases     ] GC(240)   Post Evacuate Collection Set: 5.0ms
[2025-10-31T16:53:47.500+0000][gc,phases     ] GC(240)   Other: 23.7ms
[2025-10-31T16:53:47.502+0000][gc,heap       ] GC(240) Eden regions: 21->0(21)
[2025-10-31T16:53:47.503+0000][gc,heap       ] GC(240) Survivor regions: 4->4(4)
[2025-10-31T16:53:47.504+0000][gc,heap       ] GC(240) Old regions: 230->232
[2025-10-31T16:53:47.506+0000][gc,heap       ] GC(240) Humongous regions: 147->147
[2025-10-31T16:53:47.508+0000][gc,metaspace  ] GC(240) Metaspace: 53237K(57392K)->53237K(57392K) NonClass: 47313K(49584K)->47313K(49584K) Class: 5923K(7808K)->5923K(7808K)
[2025-10-31T16:53:47.513+0000][gc            ] GC(240) Pause Young (Normal) (G1 Evacuation Pause) 401M->382M(512M) 138.964ms
[2025-10-31T16:53:47.515+0000][gc,cpu        ] GC(240) User=0.18s Sys=0.00s Real=0.15s
[2025-10-31T16:54:30.959+0000][gc,start      ] GC(241) Pause Young (Normal) (G1 Evacuation Pause)
[2025-10-31T16:54:30.960+0000][gc,task       ] GC(241) Using 2 workers of 2 for evacuation
[2025-10-31T16:54:31.008+0000][gc,mmu        ] GC(241) MMU target violated: 21.0ms (20.0ms/21.0ms)
[2025-10-31T16:54:31.008+0000][gc,phases     ] GC(241)   Pre Evacuate Collection Set: 0.0ms
[2025-10-31T16:54:31.009+0000][gc,phases     ] GC(241)   Evacuate Collection Set: 42.0ms
[2025-10-31T16:54:31.011+0000][gc,phases     ] GC(241)   Post Evacuate Collection Set: 4.3ms
[2025-10-31T16:54:31.011+0000][gc,phases     ] GC(241)   Other: 2.7ms
[2025-10-31T16:54:31.012+0000][gc,heap       ] GC(241) Eden regions: 21->0(22)
[2025-10-31T16:54:31.013+0000][gc,heap       ] GC(241) Survivor regions: 4->3(4)
[2025-10-31T16:54:31.014+0000][gc,heap       ] GC(241) Old regions: 232->234
[2025-10-31T16:54:31.015+0000][gc,heap       ] GC(241) Humongous regions: 147->147
[2025-10-31T16:54:31.015+0000][gc,metaspace  ] GC(241) Metaspace: 53237K(57392K)->53237K(57392K) NonClass: 47313K(49584K)->47313K(49584K) Class: 5923K(7808K)->5923K(7808K)
[2025-10-31T16:54:31.016+0000][gc            ] GC(241) Pause Young (Normal) (G1 Evacuation Pause) 403M->383M(512M) 56.610ms
[2025-10-31T16:54:31.017+0000][gc,cpu        ] GC(241) User=0.10s Sys=0.00s Real=0.06s
[2025-10-31T16:55:16.390+0000][gc,start      ] GC(242) Pause Young (Normal) (G1 Evacuation Pause)
[2025-10-31T16:55:16.391+0000][gc,task       ] GC(242) Using 2 workers of 2 for evacuation
[2025-10-31T16:55:16.456+0000][gc,mmu        ] GC(242) MMU target violated: 21.0ms (20.0ms/21.0ms)
[2025-10-31T16:55:16.458+0000][gc,phases     ] GC(242)   Pre Evacuate Collection Set: 0.1ms
[2025-10-31T16:55:16.459+0000][gc,phases     ] GC(242)   Evacuate Collection Set: 60.4ms
[2025-10-31T16:55:16.460+0000][gc,phases     ] GC(242)   Post Evacuate Collection Set: 3.7ms
[2025-10-31T16:55:16.462+0000][gc,phases     ] GC(242)   Other: 4.1ms
[2025-10-31T16:55:16.463+0000][gc,heap       ] GC(242) Eden regions: 22->0(22)
[2025-10-31T16:55:16.464+0000][gc,heap       ] GC(242) Survivor regions: 3->3(4)
[2025-10-31T16:55:16.465+0000][gc,heap       ] GC(242) Old regions: 234->236
[2025-10-31T16:55:16.466+0000][gc,heap       ] GC(242) Humongous regions: 147->147
[2025-10-31T16:55:16.467+0000][gc,metaspace  ] GC(242) Metaspace: 53237K(57392K)->53237K(57392K) NonClass: 47313K(49584K)->47313K(49584K) Class: 5923K(7808K)->5923K(7808K)
[2025-10-31T16:55:16.468+0000][gc            ] GC(242) Pause Young (Normal) (G1 Evacuation Pause) 405M->384M(512M) 78.174ms
[2025-10-31T16:55:16.468+0000][gc,cpu        ] GC(242) User=0.13s Sys=0.00s Real=0.08s
[2025-10-31T16:56:02.826+0000][gc,start      ] GC(243) Pause Young (Normal) (G1 Evacuation Pause)
[2025-10-31T16:56:02.827+0000][gc,task       ] GC(243) Using 2 workers of 2 for evacuation
[2025-10-31T16:56:02.884+0000][gc,mmu        ] GC(243) MMU target violated: 21.0ms (20.0ms/21.0ms)
[2025-10-31T16:56:02.890+0000][gc,phases     ] GC(243)   Pre Evacuate Collection Set: 0.0ms
[2025-10-31T16:56:02.891+0000][gc,phases     ] GC(243)   Evacuate Collection Set: 46.9ms
[2025-10-31T16:56:02.892+0000][gc,phases     ] GC(243)   Post Evacuate Collection Set: 7.3ms
[2025-10-31T16:56:02.893+0000][gc,phases     ] GC(243)   Other: 9.7ms
[2025-10-31T16:56:02.894+0000][gc,heap       ] GC(243) Eden regions: 22->0(22)
[2025-10-31T16:56:02.895+0000][gc,heap       ] GC(243) Survivor regions: 3->3(4)
[2025-10-31T16:56:02.897+0000][gc,heap       ] GC(243) Old regions: 236->237
[2025-10-31T16:56:02.898+0000][gc,heap       ] GC(243) Humongous regions: 147->147
[2025-10-31T16:56:02.902+0000][gc,metaspace  ] GC(243) Metaspace: 53237K(57392K)->53237K(57392K) NonClass: 47313K(49584K)->47313K(49584K) Class: 5923K(7808K)->5923K(7808K)
[2025-10-31T16:56:02.903+0000][gc            ] GC(243) Pause Young (Normal) (G1 Evacuation Pause) 406M->386M(512M) 77.173ms
[2025-10-31T16:56:02.904+0000][gc,cpu        ] GC(243) User=0.10s Sys=0.00s Real=0.08s
[2025-10-31T16:56:42.208+0000][gc,start      ] GC(244) Pause Young (Normal) (G1 Evacuation Pause)
[2025-10-31T16:56:42.210+0000][gc,task       ] GC(244) Using 2 workers of 2 for evacuation
[2025-10-31T16:56:42.290+0000][gc,mmu        ] GC(244) MMU target violated: 21.0ms (20.0ms/21.0ms)
[2025-10-31T16:56:42.291+0000][gc,phases     ] GC(244)   Pre Evacuate Collection Set: 0.1ms
[2025-10-31T16:56:42.291+0000][gc,phases     ] GC(244)   Evacuate Collection Set: 68.3ms
[2025-10-31T16:56:42.304+0000][gc,phases     ] GC(244)   Post Evacuate Collection Set: 9.2ms
[2025-10-31T16:56:42.317+0000][gc,phases     ] GC(244)   Other: 4.7ms
[2025-10-31T16:56:42.322+0000][gc,heap       ] GC(244) Eden regions: 22->0(23)
[2025-10-31T16:56:42.330+0000][gc,heap       ] GC(244) Survivor regions: 3->2(4)
[2025-10-31T16:56:42.333+0000][gc,heap       ] GC(244) Old regions: 237->239
[2025-10-31T16:56:42.335+0000][gc,heap       ] GC(244) Humongous regions: 147->147
[2025-10-31T16:56:42.338+0000][gc,metaspace  ] GC(244) Metaspace: 53243K(57392K)->53243K(57392K) NonClass: 47319K(49584K)->47319K(49584K) Class: 5923K(7808K)->5923K(7808K)
[2025-10-31T16:56:42.341+0000][gc            ] GC(244) Pause Young (Normal) (G1 Evacuation Pause) 408M->386M(512M) 132.084ms
[2025-10-31T16:56:42.349+0000][gc,cpu        ] GC(244) User=0.15s Sys=0.00s Real=0.15s
[2025-10-31T16:57:37.908+0000][gc,start      ] GC(245) Pause Young (Normal) (G1 Evacuation Pause)
[2025-10-31T16:57:37.912+0000][gc,task       ] GC(245) Using 2 workers of 2 for evacuation
[2025-10-31T16:57:38.064+0000][gc,mmu        ] GC(245) MMU target violated: 21.0ms (20.0ms/21.0ms)
[2025-10-31T16:57:38.066+0000][gc,phases     ] GC(245)   Pre Evacuate Collection Set: 0.1ms
[2025-10-31T16:57:38.067+0000][gc,phases     ] GC(245)   Evacuate Collection Set: 136.3ms
[2025-10-31T16:57:38.068+0000][gc,phases     ] GC(245)   Post Evacuate Collection Set: 8.6ms
[2025-10-31T16:57:38.072+0000][gc,phases     ] GC(245)   Other: 12.6ms
[2025-10-31T16:57:38.073+0000][gc,heap       ] GC(245) Eden regions: 23->0(21)
[2025-10-31T16:57:38.075+0000][gc,heap       ] GC(245) Survivor regions: 2->4(4)
[2025-10-31T16:57:38.076+0000][gc,heap       ] GC(245) Old regions: 239->239
[2025-10-31T16:57:38.077+0000][gc,heap       ] GC(245) Humongous regions: 147->147
[2025-10-31T16:57:38.078+0000][gc,metaspace  ] GC(245) Metaspace: 53243K(57392K)->53243K(57392K) NonClass: 47319K(49584K)->47319K(49584K) Class: 5923K(7808K)->5923K(7808K)
[2025-10-31T16:57:38.079+0000][gc            ] GC(245) Pause Young (Normal) (G1 Evacuation Pause) 409M->389M(512M) 171.028ms
[2025-10-31T16:57:38.080+0000][gc,cpu        ] GC(245) User=0.27s Sys=0.00s Real=0.18s
[2025-10-31T16:58:23.970+0000][gc,start      ] GC(246) Pause Young (Normal) (G1 Evacuation Pause)
[2025-10-31T16:58:23.971+0000][gc,task       ] GC(246) Using 2 workers of 2 for evacuation
[2025-10-31T16:58:24.109+0000][gc,mmu        ] GC(246) MMU target violated: 21.0ms (20.0ms/21.0ms)
[2025-10-31T16:58:24.111+0000][gc,phases     ] GC(246)   Pre Evacuate Collection Set: 0.1ms
[2025-10-31T16:58:24.113+0000][gc,phases     ] GC(246)   Evacuate Collection Set: 120.5ms
[2025-10-31T16:58:24.114+0000][gc,phases     ] GC(246)   Post Evacuate Collection Set: 15.7ms
[2025-10-31T16:58:24.116+0000][gc,phases     ] GC(246)   Other: 4.8ms
[2025-10-31T16:58:24.117+0000][gc,heap       ] GC(246) Eden regions: 21->0(22)
[2025-10-31T16:58:24.119+0000][gc,heap       ] GC(246) Survivor regions: 4->3(4)
[2025-10-31T16:58:24.121+0000][gc,heap       ] GC(246) Old regions: 239->242
[2025-10-31T16:58:24.123+0000][gc,heap       ] GC(246) Humongous regions: 147->147
[2025-10-31T16:58:24.124+0000][gc,metaspace  ] GC(246) Metaspace: 53243K(57392K)->53243K(57392K) NonClass: 47319K(49584K)->47319K(49584K) Class: 5923K(7808K)->5923K(7808K)
[2025-10-31T16:58:24.130+0000][gc            ] GC(246) Pause Young (Normal) (G1 Evacuation Pause) 410M->391M(512M) 159.901ms
[2025-10-31T16:58:24.131+0000][gc,cpu        ] GC(246) User=0.26s Sys=0.00s Real=0.16s
[2025-10-31T16:59:14.212+0000][gc,start      ] GC(247) Pause Young (Normal) (G1 Evacuation Pause)
[2025-10-31T16:59:14.214+0000][gc,task       ] GC(247) Using 2 workers of 2 for evacuation
[2025-10-31T16:59:14.265+0000][gc,mmu        ] GC(247) MMU target violated: 21.0ms (20.0ms/21.0ms)
[2025-10-31T16:59:14.266+0000][gc,phases     ] GC(247)   Pre Evacuate Collection Set: 0.5ms
[2025-10-31T16:59:14.267+0000][gc,phases     ] GC(247)   Evacuate Collection Set: 45.5ms
[2025-10-31T16:59:14.268+0000][gc,phases     ] GC(247)   Post Evacuate Collection Set: 2.6ms
[2025-10-31T16:59:14.269+0000][gc,phases     ] GC(247)   Other: 5.7ms
[2025-10-31T16:59:14.271+0000][gc,heap       ] GC(247) Eden regions: 22->0(22)
[2025-10-31T16:59:14.272+0000][gc,heap       ] GC(247) Survivor regions: 3->3(4)
[2025-10-31T16:59:14.273+0000][gc,heap       ] GC(247) Old regions: 242->244
[2025-10-31T16:59:14.274+0000][gc,heap       ] GC(247) Humongous regions: 147->147
[2025-10-31T16:59:14.275+0000][gc,metaspace  ] GC(247) Metaspace: 53243K(57392K)->53243K(57392K) NonClass: 47319K(49584K)->47319K(49584K) Class: 5923K(7808K)->5923K(7808K)
[2025-10-31T16:59:14.276+0000][gc            ] GC(247) Pause Young (Normal) (G1 Evacuation Pause) 413M->392M(512M) 63.670ms
[2025-10-31T16:59:14.277+0000][gc,cpu        ] GC(247) User=0.10s Sys=0.00s Real=0.06s
[2025-10-31T16:59:51.978+0000][gc,start      ] GC(248) Pause Young (Normal) (G1 Evacuation Pause)
[2025-10-31T16:59:51.979+0000][gc,task       ] GC(248) Using 2 workers of 2 for evacuation
[2025-10-31T16:59:52.033+0000][gc,mmu        ] GC(248) MMU target violated: 21.0ms (20.0ms/21.0ms)
[2025-10-31T16:59:52.034+0000][gc,phases     ] GC(248)   Pre Evacuate Collection Set: 0.1ms
[2025-10-31T16:59:52.035+0000][gc,phases     ] GC(248)   Evacuate Collection Set: 49.4ms
[2025-10-31T16:59:52.035+0000][gc,phases     ] GC(248)   Post Evacuate Collection Set: 2.6ms
[2025-10-31T16:59:52.036+0000][gc,phases     ] GC(248)   Other: 4.1ms
[2025-10-31T16:59:52.037+0000][gc,heap       ] GC(248) Eden regions: 22->0(22)
[2025-10-31T16:59:52.037+0000][gc,heap       ] GC(248) Survivor regions: 3->3(4)
[2025-10-31T16:59:52.038+0000][gc,heap       ] GC(248) Old regions: 244->245
[2025-10-31T16:59:52.039+0000][gc,heap       ] GC(248) Humongous regions: 147->147
[2025-10-31T16:59:52.040+0000][gc,metaspace  ] GC(248) Metaspace: 53243K(57392K)->53243K(57392K) NonClass: 47319K(49584K)->47319K(49584K) Class: 5923K(7808K)->5923K(7808K)
[2025-10-31T16:59:52.041+0000][gc            ] GC(248) Pause Young (Normal) (G1 Evacuation Pause) 414M->394M(512M) 63.502ms
[2025-10-31T16:59:52.042+0000][gc,cpu        ] GC(248) User=0.11s Sys=0.00s Real=0.07s
[2025-10-31T17:00:31.072+0000][gc,start      ] GC(249) Pause Young (Normal) (G1 Evacuation Pause)
[2025-10-31T17:00:31.073+0000][gc,task       ] GC(249) Using 2 workers of 2 for evacuation
[2025-10-31T17:00:31.105+0000][gc,mmu        ] GC(249) MMU target violated: 21.0ms (20.0ms/21.0ms)
[2025-10-31T17:00:31.106+0000][gc,phases     ] GC(249)   Pre Evacuate Collection Set: 0.0ms
[2025-10-31T17:00:31.106+0000][gc,phases     ] GC(249)   Evacuate Collection Set: 29.0ms
[2025-10-31T17:00:31.107+0000][gc,phases     ] GC(249)   Post Evacuate Collection Set: 2.6ms
[2025-10-31T17:00:31.108+0000][gc,phases     ] GC(249)   Other: 2.4ms
[2025-10-31T17:00:31.108+0000][gc,heap       ] GC(249) Eden regions: 22->0(23)
[2025-10-31T17:00:31.109+0000][gc,heap       ] GC(249) Survivor regions: 3->2(4)
[2025-10-31T17:00:31.110+0000][gc,heap       ] GC(249) Old regions: 245->247
[2025-10-31T17:00:31.110+0000][gc,heap       ] GC(249) Humongous regions: 147->147
[2025-10-31T17:00:31.111+0000][gc,metaspace  ] GC(249) Metaspace: 53243K(57392K)->53243K(57392K) NonClass: 47319K(49584K)->47319K(49584K) Class: 5923K(7808K)->5923K(7808K)
[2025-10-31T17:00:31.112+0000][gc            ] GC(249) Pause Young (Normal) (G1 Evacuation Pause) 416M->395M(512M) 39.879ms
[2025-10-31T17:00:31.112+0000][gc,cpu        ] GC(249) User=0.06s Sys=0.00s Real=0.04s
[2025-10-31T17:01:11.467+0000][gc,start      ] GC(250) Pause Young (Normal) (G1 Evacuation Pause)
[2025-10-31T17:01:11.468+0000][gc,task       ] GC(250) Using 2 workers of 2 for evacuation
[2025-10-31T17:01:11.489+0000][gc,mmu        ] GC(250) MMU target violated: 21.0ms (20.0ms/21.0ms)
[2025-10-31T17:01:11.490+0000][gc,phases     ] GC(250)   Pre Evacuate Collection Set: 0.0ms
[2025-10-31T17:01:11.490+0000][gc,phases     ] GC(250)   Evacuate Collection Set: 19.2ms
[2025-10-31T17:01:11.491+0000][gc,phases     ] GC(250)   Post Evacuate Collection Set: 1.6ms
[2025-10-31T17:01:11.491+0000][gc,phases     ] GC(250)   Other: 1.9ms
[2025-10-31T17:01:11.491+0000][gc,heap       ] GC(250) Eden regions: 23->0(21)
[2025-10-31T17:01:11.492+0000][gc,heap       ] GC(250) Survivor regions: 2->4(4)
[2025-10-31T17:01:11.492+0000][gc,heap       ] GC(250) Old regions: 247->247
[2025-10-31T17:01:11.493+0000][gc,heap       ] GC(250) Humongous regions: 147->147
[2025-10-31T17:01:11.493+0000][gc,metaspace  ] GC(250) Metaspace: 53243K(57392K)->53243K(57392K) NonClass: 47319K(49584K)->47319K(49584K) Class: 5923K(7808K)->5923K(7808K)
[2025-10-31T17:01:11.493+0000][gc            ] GC(250) Pause Young (Normal) (G1 Evacuation Pause) 418M->396M(512M) 26.113ms
[2025-10-31T17:01:11.494+0000][gc,cpu        ] GC(250) User=0.04s Sys=0.00s Real=0.03s
[2025-10-31T17:01:48.411+0000][gc,start      ] GC(251) Pause Young (Normal) (G1 Evacuation Pause)
[2025-10-31T17:01:48.412+0000][gc,task       ] GC(251) Using 2 workers of 2 for evacuation
[2025-10-31T17:01:48.465+0000][gc,mmu        ] GC(251) MMU target violated: 21.0ms (20.0ms/21.0ms)
[2025-10-31T17:01:48.465+0000][gc,phases     ] GC(251)   Pre Evacuate Collection Set: 0.0ms
[2025-10-31T17:01:48.466+0000][gc,phases     ] GC(251)   Evacuate Collection Set: 48.9ms
[2025-10-31T17:01:48.467+0000][gc,phases     ] GC(251)   Post Evacuate Collection Set: 2.7ms
[2025-10-31T17:01:48.468+0000][gc,phases     ] GC(251)   Other: 2.6ms
[2025-10-31T17:01:48.468+0000][gc,heap       ] GC(251) Eden regions: 21->0(22)
[2025-10-31T17:01:48.469+0000][gc,heap       ] GC(251) Survivor regions: 4->3(4)
[2025-10-31T17:01:48.470+0000][gc,heap       ] GC(251) Old regions: 247->248
[2025-10-31T17:01:48.471+0000][gc,heap       ] GC(251) Humongous regions: 147->147
[2025-10-31T17:01:48.471+0000][gc,metaspace  ] GC(251) Metaspace: 53243K(57392K)->53243K(57392K) NonClass: 47319K(49584K)->47319K(49584K) Class: 5923K(7808K)->5923K(7808K)
[2025-10-31T17:01:48.472+0000][gc            ] GC(251) Pause Young (Normal) (G1 Evacuation Pause) 417M->397M(512M) 60.827ms
[2025-10-31T17:01:48.473+0000][gc,cpu        ] GC(251) User=0.10s Sys=0.00s Real=0.06s
[2025-10-31T17:02:26.750+0000][gc,start      ] GC(252) Pause Young (Normal) (G1 Evacuation Pause)
[2025-10-31T17:02:26.751+0000][gc,task       ] GC(252) Using 2 workers of 2 for evacuation
[2025-10-31T17:02:26.876+0000][gc,mmu        ] GC(252) MMU target violated: 21.0ms (20.0ms/21.0ms)
[2025-10-31T17:02:26.878+0000][gc,phases     ] GC(252)   Pre Evacuate Collection Set: 0.1ms
[2025-10-31T17:02:26.879+0000][gc,phases     ] GC(252)   Evacuate Collection Set: 109.9ms
[2025-10-31T17:02:26.881+0000][gc,phases     ] GC(252)   Post Evacuate Collection Set: 12.0ms
[2025-10-31T17:02:26.883+0000][gc,phases     ] GC(252)   Other: 6.3ms
[2025-10-31T17:02:26.884+0000][gc,heap       ] GC(252) Eden regions: 22->0(21)
[2025-10-31T17:02:26.885+0000][gc,heap       ] GC(252) Survivor regions: 3->4(4)
[2025-10-31T17:02:26.887+0000][gc,heap       ] GC(252) Old regions: 248->250
[2025-10-31T17:02:26.889+0000][gc,heap       ] GC(252) Humongous regions: 147->147
[2025-10-31T17:02:26.891+0000][gc,metaspace  ] GC(252) Metaspace: 53243K(57392K)->53243K(57392K) NonClass: 47319K(49584K)->47319K(49584K) Class: 5923K(7808K)->5923K(7808K)
[2025-10-31T17:02:26.891+0000][gc            ] GC(252) Pause Young (Normal) (G1 Evacuation Pause) 419M->400M(512M) 141.677ms
[2025-10-31T17:02:26.892+0000][gc,cpu        ] GC(252) User=0.24s Sys=0.00s Real=0.15s
[2025-10-31T17:03:03.967+0000][gc,start      ] GC(253) Pause Young (Normal) (G1 Evacuation Pause)
[2025-10-31T17:03:03.969+0000][gc,task       ] GC(253) Using 2 workers of 2 for evacuation
[2025-10-31T17:03:04.031+0000][gc,mmu        ] GC(253) MMU target violated: 21.0ms (20.0ms/21.0ms)
[2025-10-31T17:03:04.032+0000][gc,phases     ] GC(253)   Pre Evacuate Collection Set: 0.1ms
[2025-10-31T17:03:04.033+0000][gc,phases     ] GC(253)   Evacuate Collection Set: 57.7ms
[2025-10-31T17:03:04.034+0000][gc,phases     ] GC(253)   Post Evacuate Collection Set: 2.9ms
[2025-10-31T17:03:04.035+0000][gc,phases     ] GC(253)   Other: 4.4ms
[2025-10-31T17:03:04.036+0000][gc,heap       ] GC(253) Eden regions: 21->0(22)
[2025-10-31T17:03:04.037+0000][gc,heap       ] GC(253) Survivor regions: 4->3(4)
[2025-10-31T17:03:04.039+0000][gc,heap       ] GC(253) Old regions: 250->252
[2025-10-31T17:03:04.039+0000][gc,heap       ] GC(253) Humongous regions: 147->147
[2025-10-31T17:03:04.041+0000][gc,metaspace  ] GC(253) Metaspace: 53243K(57392K)->53243K(57392K) NonClass: 47319K(49584K)->47319K(49584K) Class: 5923K(7808K)->5923K(7808K)
[2025-10-31T17:03:04.042+0000][gc            ] GC(253) Pause Young (Normal) (G1 Evacuation Pause) 421M->401M(512M) 74.799ms
[2025-10-31T17:03:04.043+0000][gc,cpu        ] GC(253) User=0.12s Sys=0.00s Real=0.08s
[2025-10-31T17:03:43.335+0000][gc,start      ] GC(254) Pause Young (Normal) (G1 Evacuation Pause)
[2025-10-31T17:03:43.335+0000][gc,task       ] GC(254) Using 2 workers of 2 for evacuation
[2025-10-31T17:03:43.380+0000][gc,mmu        ] GC(254) MMU target violated: 21.0ms (20.0ms/21.0ms)
[2025-10-31T17:03:43.381+0000][gc,phases     ] GC(254)   Pre Evacuate Collection Set: 0.0ms
[2025-10-31T17:03:43.382+0000][gc,phases     ] GC(254)   Evacuate Collection Set: 39.8ms
[2025-10-31T17:03:43.382+0000][gc,phases     ] GC(254)   Post Evacuate Collection Set: 3.8ms
[2025-10-31T17:03:43.383+0000][gc,phases     ] GC(254)   Other: 2.8ms
[2025-10-31T17:03:43.384+0000][gc,heap       ] GC(254) Eden regions: 22->0(22)
[2025-10-31T17:03:43.384+0000][gc,heap       ] GC(254) Survivor regions: 3->3(4)
[2025-10-31T17:03:43.385+0000][gc,heap       ] GC(254) Old regions: 252->254
[2025-10-31T17:03:43.386+0000][gc,heap       ] GC(254) Humongous regions: 147->147
[2025-10-31T17:03:43.386+0000][gc,metaspace  ] GC(254) Metaspace: 53243K(57392K)->53243K(57392K) NonClass: 47319K(49584K)->47319K(49584K) Class: 5923K(7808K)->5923K(7808K)
[2025-10-31T17:03:43.387+0000][gc            ] GC(254) Pause Young (Normal) (G1 Evacuation Pause) 423M->403M(512M) 52.315ms
[2025-10-31T17:03:43.388+0000][gc,cpu        ] GC(254) User=0.09s Sys=0.00s Real=0.05s
[2025-10-31T17:04:21.953+0000][gc,start      ] GC(255) Pause Young (Normal) (G1 Evacuation Pause)
[2025-10-31T17:04:21.954+0000][gc,task       ] GC(255) Using 2 workers of 2 for evacuation
[2025-10-31T17:04:21.978+0000][gc,mmu        ] GC(255) MMU target violated: 21.0ms (20.0ms/21.0ms)
[2025-10-31T17:04:21.978+0000][gc,phases     ] GC(255)   Pre Evacuate Collection Set: 0.0ms
[2025-10-31T17:04:21.979+0000][gc,phases     ] GC(255)   Evacuate Collection Set: 21.6ms
[2025-10-31T17:04:21.980+0000][gc,phases     ] GC(255)   Post Evacuate Collection Set: 1.6ms
[2025-10-31T17:04:21.980+0000][gc,phases     ] GC(255)   Other: 1.8ms
[2025-10-31T17:04:21.981+0000][gc,heap       ] GC(255) Eden regions: 22->0(22)
[2025-10-31T17:04:21.981+0000][gc,heap       ] GC(255) Survivor regions: 3->3(4)
[2025-10-31T17:04:21.982+0000][gc,heap       ] GC(255) Old regions: 254->255
[2025-10-31T17:04:21.982+0000][gc,heap       ] GC(255) Humongous regions: 147->147
[2025-10-31T17:04:21.982+0000][gc,metaspace  ] GC(255) Metaspace: 53243K(57392K)->53243K(57392K) NonClass: 47319K(49584K)->47319K(49584K) Class: 5923K(7808K)->5923K(7808K)
[2025-10-31T17:04:21.983+0000][gc            ] GC(255) Pause Young (Normal) (G1 Evacuation Pause) 425M->404M(512M) 29.531ms
[2025-10-31T17:04:21.983+0000][gc,cpu        ] GC(255) User=0.05s Sys=0.00s Real=0.03s
[2025-10-31T17:05:00.041+0000][gc,start      ] GC(256) Pause Young (Normal) (G1 Evacuation Pause)
[2025-10-31T17:05:00.041+0000][gc,task       ] GC(256) Using 2 workers of 2 for evacuation
[2025-10-31T17:05:00.068+0000][gc,mmu        ] GC(256) MMU target violated: 21.0ms (20.0ms/21.0ms)
[2025-10-31T17:05:00.072+0000][gc,phases     ] GC(256)   Pre Evacuate Collection Set: 0.0ms
[2025-10-31T17:05:00.072+0000][gc,phases     ] GC(256)   Evacuate Collection Set: 24.2ms
[2025-10-31T17:05:00.073+0000][gc,phases     ] GC(256)   Post Evacuate Collection Set: 2.3ms
[2025-10-31T17:05:00.073+0000][gc,phases     ] GC(256)   Other: 4.3ms
[2025-10-31T17:05:00.074+0000][gc,heap       ] GC(256) Eden regions: 22->0(22)
[2025-10-31T17:05:00.074+0000][gc,heap       ] GC(256) Survivor regions: 3->3(4)
[2025-10-31T17:05:00.074+0000][gc,heap       ] GC(256) Old regions: 255->256
[2025-10-31T17:05:00.075+0000][gc,heap       ] GC(256) Humongous regions: 147->147
[2025-10-31T17:05:00.076+0000][gc,metaspace  ] GC(256) Metaspace: 53243K(57392K)->53243K(57392K) NonClass: 47319K(49584K)->47319K(49584K) Class: 5923K(7808K)->5923K(7808K)
[2025-10-31T17:05:00.076+0000][gc            ] GC(256) Pause Young (Normal) (G1 Evacuation Pause) 426M->405M(512M) 34.844ms
[2025-10-31T17:05:00.076+0000][gc,cpu        ] GC(256) User=0.05s Sys=0.00s Real=0.04s
[2025-10-31T17:05:38.488+0000][gc,start      ] GC(257) Pause Young (Normal) (G1 Evacuation Pause)
[2025-10-31T17:05:38.488+0000][gc,task       ] GC(257) Using 2 workers of 2 for evacuation
[2025-10-31T17:05:38.511+0000][gc,mmu        ] GC(257) MMU target violated: 21.0ms (20.0ms/21.0ms)
[2025-10-31T17:05:38.511+0000][gc,phases     ] GC(257)   Pre Evacuate Collection Set: 0.0ms
[2025-10-31T17:05:38.511+0000][gc,phases     ] GC(257)   Evacuate Collection Set: 19.9ms
[2025-10-31T17:05:38.512+0000][gc,phases     ] GC(257)   Post Evacuate Collection Set: 2.0ms
[2025-10-31T17:05:38.512+0000][gc,phases     ] GC(257)   Other: 1.6ms
[2025-10-31T17:05:38.513+0000][gc,heap       ] GC(257) Eden regions: 22->0(22)
[2025-10-31T17:05:38.513+0000][gc,heap       ] GC(257) Survivor regions: 3->3(4)
[2025-10-31T17:05:38.513+0000][gc,heap       ] GC(257) Old regions: 256->258
[2025-10-31T17:05:38.514+0000][gc,heap       ] GC(257) Humongous regions: 147->147
[2025-10-31T17:05:38.514+0000][gc,metaspace  ] GC(257) Metaspace: 53243K(57392K)->53243K(57392K) NonClass: 47319K(49584K)->47319K(49584K) Class: 5923K(7808K)->5923K(7808K)
[2025-10-31T17:05:38.515+0000][gc            ] GC(257) Pause Young (Normal) (G1 Evacuation Pause) 427M->406M(512M) 27.146ms
[2025-10-31T17:05:38.515+0000][gc,cpu        ] GC(257) User=0.04s Sys=0.00s Real=0.03s
[2025-10-31T17:06:17.365+0000][gc,start      ] GC(258) Pause Young (Normal) (G1 Evacuation Pause)
[2025-10-31T17:06:17.366+0000][gc,task       ] GC(258) Using 2 workers of 2 for evacuation
[2025-10-31T17:06:17.407+0000][gc,mmu        ] GC(258) MMU target violated: 21.0ms (20.0ms/21.0ms)
[2025-10-31T17:06:17.410+0000][gc,phases     ] GC(258)   Pre Evacuate Collection Set: 0.0ms
[2025-10-31T17:06:17.411+0000][gc,phases     ] GC(258)   Evacuate Collection Set: 34.8ms
[2025-10-31T17:06:17.414+0000][gc,phases     ] GC(258)   Post Evacuate Collection Set: 5.2ms
[2025-10-31T17:06:17.415+0000][gc,phases     ] GC(258)   Other: 4.7ms
[2025-10-31T17:06:17.417+0000][gc,heap       ] GC(258) Eden regions: 22->0(22)
[2025-10-31T17:06:17.419+0000][gc,heap       ] GC(258) Survivor regions: 3->3(4)
[2025-10-31T17:06:17.421+0000][gc,heap       ] GC(258) Old regions: 258->259
[2025-10-31T17:06:17.424+0000][gc,heap       ] GC(258) Humongous regions: 147->147
[2025-10-31T17:06:17.426+0000][gc,metaspace  ] GC(258) Metaspace: 53243K(57392K)->53243K(57392K) NonClass: 47319K(49584K)->47319K(49584K) Class: 5923K(7808K)->5923K(7808K)
[2025-10-31T17:06:17.427+0000][gc            ] GC(258) Pause Young (Normal) (G1 Evacuation Pause) 428M->407M(512M) 62.473ms
[2025-10-31T17:06:17.436+0000][gc,cpu        ] GC(258) User=0.08s Sys=0.00s Real=0.07s
[2025-10-31T17:06:56.465+0000][gc,start      ] GC(259) Pause Young (Normal) (G1 Evacuation Pause)
[2025-10-31T17:06:56.466+0000][gc,task       ] GC(259) Using 2 workers of 2 for evacuation
[2025-10-31T17:06:56.511+0000][gc,mmu        ] GC(259) MMU target violated: 21.0ms (20.0ms/21.0ms)
[2025-10-31T17:06:56.530+0000][gc,phases     ] GC(259)   Pre Evacuate Collection Set: 0.0ms
[2025-10-31T17:06:56.531+0000][gc,phases     ] GC(259)   Evacuate Collection Set: 39.8ms
[2025-10-31T17:06:56.551+0000][gc,phases     ] GC(259)   Post Evacuate Collection Set: 3.5ms
[2025-10-31T17:06:56.572+0000][gc,phases     ] GC(259)   Other: 22.2ms
[2025-10-31T17:06:56.591+0000][gc,heap       ] GC(259) Eden regions: 22->0(21)
[2025-10-31T17:06:56.612+0000][gc,heap       ] GC(259) Survivor regions: 3->4(4)
[2025-10-31T17:06:56.632+0000][gc,heap       ] GC(259) Old regions: 259->259
[2025-10-31T17:06:56.653+0000][gc,heap       ] GC(259) Humongous regions: 147->147
[2025-10-31T17:06:56.655+0000][gc,metaspace  ] GC(259) Metaspace: 53243K(57392K)->53243K(57392K) NonClass: 47319K(49584K)->47319K(49584K) Class: 5923K(7808K)->5923K(7808K)
[2025-10-31T17:06:56.659+0000][gc            ] GC(259) Pause Young (Normal) (G1 Evacuation Pause) 429M->408M(512M) 194.097ms
[2025-10-31T17:06:56.661+0000][gc,cpu        ] GC(259) User=0.09s Sys=0.00s Real=0.20s
[2025-10-31T17:07:29.447+0000][gc,start      ] GC(260) Pause Young (Normal) (G1 Evacuation Pause)
[2025-10-31T17:07:29.448+0000][gc,task       ] GC(260) Using 2 workers of 2 for evacuation
[2025-10-31T17:07:29.490+0000][gc,mmu        ] GC(260) MMU target violated: 21.0ms (20.0ms/21.0ms)
[2025-10-31T17:07:29.491+0000][gc,phases     ] GC(260)   Pre Evacuate Collection Set: 0.1ms
[2025-10-31T17:07:29.491+0000][gc,phases     ] GC(260)   Evacuate Collection Set: 38.7ms
[2025-10-31T17:07:29.492+0000][gc,phases     ] GC(260)   Post Evacuate Collection Set: 1.9ms
[2025-10-31T17:07:29.493+0000][gc,phases     ] GC(260)   Other: 3.2ms
[2025-10-31T17:07:29.494+0000][gc,heap       ] GC(260) Eden regions: 21->0(21)
[2025-10-31T17:07:29.494+0000][gc,heap       ] GC(260) Survivor regions: 4->4(4)
[2025-10-31T17:07:29.495+0000][gc,heap       ] GC(260) Old regions: 259->260
[2025-10-31T17:07:29.496+0000][gc,heap       ] GC(260) Humongous regions: 147->147
[2025-10-31T17:07:29.496+0000][gc,metaspace  ] GC(260) Metaspace: 53243K(57392K)->53243K(57392K) NonClass: 47319K(49584K)->47319K(49584K) Class: 5923K(7808K)->5923K(7808K)
[2025-10-31T17:07:29.497+0000][gc            ] GC(260) Pause Young (Normal) (G1 Evacuation Pause) 429M->410M(512M) 50.175ms
[2025-10-31T17:07:29.498+0000][gc,cpu        ] GC(260) User=0.09s Sys=0.00s Real=0.05s
[2025-10-31T17:08:15.963+0000][gc,start      ] GC(261) Pause Young (Normal) (G1 Evacuation Pause)
[2025-10-31T17:08:15.968+0000][gc,task       ] GC(261) Using 2 workers of 2 for evacuation
[2025-10-31T17:08:16.080+0000][gc,mmu        ] GC(261) MMU target violated: 21.0ms (20.0ms/21.0ms)
[2025-10-31T17:08:16.086+0000][gc,phases     ] GC(261)   Pre Evacuate Collection Set: 0.1ms
[2025-10-31T17:08:16.090+0000][gc,phases     ] GC(261)   Evacuate Collection Set: 102.6ms
[2025-10-31T17:08:16.092+0000][gc,phases     ] GC(261)   Post Evacuate Collection Set: 5.1ms
[2025-10-31T17:08:16.095+0000][gc,phases     ] GC(261)   Other: 16.1ms
[2025-10-31T17:08:16.098+0000][gc,heap       ] GC(261) Eden regions: 21->0(21)
[2025-10-31T17:08:16.100+0000][gc,heap       ] GC(261) Survivor regions: 4->4(4)
[2025-10-31T17:08:16.102+0000][gc,heap       ] GC(261) Old regions: 260->262
[2025-10-31T17:08:16.103+0000][gc,heap       ] GC(261) Humongous regions: 147->147
[2025-10-31T17:08:16.105+0000][gc,metaspace  ] GC(261) Metaspace: 53243K(57392K)->53243K(57392K) NonClass: 47319K(49584K)->47319K(49584K) Class: 5923K(7808K)->5923K(7808K)
[2025-10-31T17:08:16.106+0000][gc            ] GC(261) Pause Young (Normal) (G1 Evacuation Pause) 431M->412M(512M) 143.768ms
[2025-10-31T17:08:16.110+0000][gc,cpu        ] GC(261) User=0.23s Sys=0.00s Real=0.14s
[2025-10-31T17:09:01.995+0000][gc,start      ] GC(262) Pause Young (Normal) (G1 Evacuation Pause)
[2025-10-31T17:09:01.996+0000][gc,task       ] GC(262) Using 2 workers of 2 for evacuation
[2025-10-31T17:09:02.068+0000][gc,mmu        ] GC(262) MMU target violated: 21.0ms (20.0ms/21.0ms)
[2025-10-31T17:09:02.070+0000][gc,phases     ] GC(262)   Pre Evacuate Collection Set: 0.0ms
[2025-10-31T17:09:02.071+0000][gc,phases     ] GC(262)   Evacuate Collection Set: 66.2ms
[2025-10-31T17:09:02.072+0000][gc,phases     ] GC(262)   Post Evacuate Collection Set: 3.5ms
[2025-10-31T17:09:02.072+0000][gc,phases     ] GC(262)   Other: 4.5ms
[2025-10-31T17:09:02.074+0000][gc,heap       ] GC(262) Eden regions: 21->0(22)
[2025-10-31T17:09:02.075+0000][gc,heap       ] GC(262) Survivor regions: 4->3(4)
[2025-10-31T17:09:02.076+0000][gc,heap       ] GC(262) Old regions: 262->264
[2025-10-31T17:09:02.077+0000][gc,heap       ] GC(262) Humongous regions: 147->147
[2025-10-31T17:09:02.078+0000][gc,metaspace  ] GC(262) Metaspace: 53243K(57392K)->53243K(57392K) NonClass: 47319K(49584K)->47319K(49584K) Class: 5923K(7808K)->5923K(7808K)
[2025-10-31T17:09:02.081+0000][gc            ] GC(262) Pause Young (Normal) (G1 Evacuation Pause) 433M->413M(512M) 85.712ms
[2025-10-31T17:09:02.082+0000][gc,cpu        ] GC(262) User=0.14s Sys=0.00s Real=0.09s
[2025-10-31T17:09:49.981+0000][gc,start      ] GC(263) Pause Young (Normal) (G1 Evacuation Pause)
[2025-10-31T17:09:49.982+0000][gc,task       ] GC(263) Using 2 workers of 2 for evacuation
[2025-10-31T17:09:50.008+0000][gc,mmu        ] GC(263) MMU target violated: 21.0ms (20.0ms/21.0ms)
[2025-10-31T17:09:50.009+0000][gc,phases     ] GC(263)   Pre Evacuate Collection Set: 0.0ms
[2025-10-31T17:09:50.009+0000][gc,phases     ] GC(263)   Evacuate Collection Set: 23.8ms
[2025-10-31T17:09:50.010+0000][gc,phases     ] GC(263)   Post Evacuate Collection Set: 1.9ms
[2025-10-31T17:09:50.010+0000][gc,phases     ] GC(263)   Other: 2.2ms
[2025-10-31T17:09:50.011+0000][gc,heap       ] GC(263) Eden regions: 22->0(22)
[2025-10-31T17:09:50.011+0000][gc,heap       ] GC(263) Survivor regions: 3->3(4)
[2025-10-31T17:09:50.012+0000][gc,heap       ] GC(263) Old regions: 264->266
[2025-10-31T17:09:50.012+0000][gc,heap       ] GC(263) Humongous regions: 147->147
[2025-10-31T17:09:50.013+0000][gc,metaspace  ] GC(263) Metaspace: 53243K(57392K)->53243K(57392K) NonClass: 47319K(49584K)->47319K(49584K) Class: 5923K(7808K)->5923K(7808K)
[2025-10-31T17:09:50.013+0000][gc            ] GC(263) Pause Young (Normal) (G1 Evacuation Pause) 435M->414M(512M) 32.177ms
[2025-10-31T17:09:50.014+0000][gc,cpu        ] GC(263) User=0.05s Sys=0.00s Real=0.03s
[2025-10-31T17:10:37.337+0000][gc,start      ] GC(264) Pause Young (Normal) (G1 Evacuation Pause)
[2025-10-31T17:10:37.337+0000][gc,task       ] GC(264) Using 2 workers of 2 for evacuation
[2025-10-31T17:10:37.368+0000][gc,mmu        ] GC(264) MMU target violated: 21.0ms (20.0ms/21.0ms)
[2025-10-31T17:10:37.368+0000][gc,phases     ] GC(264)   Pre Evacuate Collection Set: 0.0ms
[2025-10-31T17:10:37.369+0000][gc,phases     ] GC(264)   Evacuate Collection Set: 27.5ms
[2025-10-31T17:10:37.370+0000][gc,phases     ] GC(264)   Post Evacuate Collection Set: 2.3ms
[2025-10-31T17:10:37.370+0000][gc,phases     ] GC(264)   Other: 1.8ms
[2025-10-31T17:10:37.371+0000][gc,heap       ] GC(264) Eden regions: 22->0(21)
[2025-10-31T17:10:37.371+0000][gc,heap       ] GC(264) Survivor regions: 3->4(4)
[2025-10-31T17:10:37.372+0000][gc,heap       ] GC(264) Old regions: 266->267
[2025-10-31T17:10:37.372+0000][gc,heap       ] GC(264) Humongous regions: 147->147
[2025-10-31T17:10:37.373+0000][gc,metaspace  ] GC(264) Metaspace: 53244K(57392K)->53244K(57392K) NonClass: 47320K(49584K)->47320K(49584K) Class: 5923K(7808K)->5923K(7808K)
[2025-10-31T17:10:37.374+0000][gc            ] GC(264) Pause Young (Normal) (G1 Evacuation Pause) 436M->417M(512M) 37.089ms
[2025-10-31T17:10:37.375+0000][gc,cpu        ] GC(264) User=0.05s Sys=0.00s Real=0.04s
[2025-10-31T17:11:23.046+0000][gc,start      ] GC(265) Pause Young (Normal) (G1 Evacuation Pause)
[2025-10-31T17:11:23.048+0000][gc,task       ] GC(265) Using 2 workers of 2 for evacuation
[2025-10-31T17:11:23.093+0000][gc,mmu        ] GC(265) MMU target violated: 21.0ms (20.0ms/21.0ms)
[2025-10-31T17:11:23.096+0000][gc,phases     ] GC(265)   Pre Evacuate Collection Set: 0.0ms
[2025-10-31T17:11:23.097+0000][gc,phases     ] GC(265)   Evacuate Collection Set: 41.3ms
[2025-10-31T17:11:23.098+0000][gc,phases     ] GC(265)   Post Evacuate Collection Set: 2.3ms
[2025-10-31T17:11:23.098+0000][gc,phases     ] GC(265)   Other: 6.5ms
[2025-10-31T17:11:23.099+0000][gc,heap       ] GC(265) Eden regions: 21->0(22)
[2025-10-31T17:11:23.099+0000][gc,heap       ] GC(265) Survivor regions: 4->3(4)
[2025-10-31T17:11:23.100+0000][gc,heap       ] GC(265) Old regions: 267->269
[2025-10-31T17:11:23.100+0000][gc,heap       ] GC(265) Humongous regions: 147->147
[2025-10-31T17:11:23.101+0000][gc,metaspace  ] GC(265) Metaspace: 53244K(57392K)->53244K(57392K) NonClass: 47320K(49584K)->47320K(49584K) Class: 5923K(7808K)->5923K(7808K)
[2025-10-31T17:11:23.101+0000][gc            ] GC(265) Pause Young (Normal) (G1 Evacuation Pause) 438M->418M(512M) 55.098ms
[2025-10-31T17:11:23.103+0000][gc,cpu        ] GC(265) User=0.08s Sys=0.00s Real=0.06s
[2025-10-31T17:12:10.426+0000][gc,start      ] GC(266) Pause Young (Normal) (G1 Evacuation Pause)
[2025-10-31T17:12:10.427+0000][gc,task       ] GC(266) Using 2 workers of 2 for evacuation
[2025-10-31T17:12:10.454+0000][gc,mmu        ] GC(266) MMU target violated: 21.0ms (20.0ms/21.0ms)
[2025-10-31T17:12:10.455+0000][gc,phases     ] GC(266)   Pre Evacuate Collection Set: 0.0ms
[2025-10-31T17:12:10.455+0000][gc,phases     ] GC(266)   Evacuate Collection Set: 24.7ms
[2025-10-31T17:12:10.456+0000][gc,phases     ] GC(266)   Post Evacuate Collection Set: 1.7ms
[2025-10-31T17:12:10.456+0000][gc,phases     ] GC(266)   Other: 2.0ms
[2025-10-31T17:12:10.457+0000][gc,heap       ] GC(266) Eden regions: 22->0(22)
[2025-10-31T17:12:10.457+0000][gc,heap       ] GC(266) Survivor regions: 3->3(4)
[2025-10-31T17:12:10.458+0000][gc,heap       ] GC(266) Old regions: 269->270
[2025-10-31T17:12:10.459+0000][gc,heap       ] GC(266) Humongous regions: 147->147
[2025-10-31T17:12:10.459+0000][gc,metaspace  ] GC(266) Metaspace: 53244K(57392K)->53244K(57392K) NonClass: 47320K(49584K)->47320K(49584K) Class: 5923K(7808K)->5923K(7808K)
[2025-10-31T17:12:10.460+0000][gc            ] GC(266) Pause Young (Normal) (G1 Evacuation Pause) 440M->419M(512M) 33.249ms
[2025-10-31T17:12:10.460+0000][gc,cpu        ] GC(266) User=0.05s Sys=0.00s Real=0.03s
[2025-10-31T17:12:43.609+0000][gc,start      ] GC(267) Pause Young (Normal) (G1 Evacuation Pause)
[2025-10-31T17:12:43.612+0000][gc,task       ] GC(267) Using 2 workers of 2 for evacuation
[2025-10-31T17:12:43.727+0000][gc,mmu        ] GC(267) MMU target violated: 21.0ms (20.0ms/21.0ms)
[2025-10-31T17:12:43.729+0000][gc,phases     ] GC(267)   Pre Evacuate Collection Set: 0.1ms
[2025-10-31T17:12:43.732+0000][gc,phases     ] GC(267)   Evacuate Collection Set: 105.9ms
[2025-10-31T17:12:43.733+0000][gc,phases     ] GC(267)   Post Evacuate Collection Set: 6.5ms
[2025-10-31T17:12:43.734+0000][gc,phases     ] GC(267)   Other: 7.6ms
[2025-10-31T17:12:43.735+0000][gc,heap       ] GC(267) Eden regions: 22->0(21)
[2025-10-31T17:12:43.737+0000][gc,heap       ] GC(267) Survivor regions: 3->4(4)
[2025-10-31T17:12:43.738+0000][gc,heap       ] GC(267) Old regions: 270->274
[2025-10-31T17:12:43.741+0000][gc,heap       ] GC(267) Humongous regions: 147->147
[2025-10-31T17:12:43.742+0000][gc,metaspace  ] GC(267) Metaspace: 53250K(57392K)->53250K(57392K) NonClass: 47326K(49584K)->47326K(49584K) Class: 5923K(7808K)->5923K(7808K)
[2025-10-31T17:12:43.743+0000][gc            ] GC(267) Pause Young (Normal) (G1 Evacuation Pause) 441M->425M(512M) 133.890ms
[2025-10-31T17:12:43.745+0000][gc,cpu        ] GC(267) User=0.18s Sys=0.00s Real=0.14s
[2025-10-31T17:13:29.717+0000][gc,start      ] GC(268) Pause Young (Normal) (G1 Evacuation Pause)
[2025-10-31T17:13:29.720+0000][gc,task       ] GC(268) Using 2 workers of 2 for evacuation
[2025-10-31T17:13:29.817+0000][gc,mmu        ] GC(268) MMU target violated: 21.0ms (20.0ms/21.0ms)
[2025-10-31T17:13:29.818+0000][gc,phases     ] GC(268)   Pre Evacuate Collection Set: 0.1ms
[2025-10-31T17:13:29.819+0000][gc,phases     ] GC(268)   Evacuate Collection Set: 74.0ms
[2025-10-31T17:13:29.821+0000][gc,phases     ] GC(268)   Post Evacuate Collection Set: 19.6ms
[2025-10-31T17:13:29.822+0000][gc,phases     ] GC(268)   Other: 7.1ms
[2025-10-31T17:13:29.823+0000][gc,heap       ] GC(268) Eden regions: 21->0(22)
[2025-10-31T17:13:29.824+0000][gc,heap       ] GC(268) Survivor regions: 4->3(4)
[2025-10-31T17:13:29.826+0000][gc,heap       ] GC(268) Old regions: 274->278
[2025-10-31T17:13:29.828+0000][gc,heap       ] GC(268) Humongous regions: 147->147
[2025-10-31T17:13:29.829+0000][gc,metaspace  ] GC(268) Metaspace: 53287K(57392K)->53287K(57392K) NonClass: 47361K(49584K)->47361K(49584K) Class: 5925K(7808K)->5925K(7808K)
[2025-10-31T17:13:29.832+0000][gc            ] GC(268) Pause Young (Normal) (G1 Evacuation Pause) 446M->427M(512M) 114.671ms
[2025-10-31T17:13:29.836+0000][gc,cpu        ] GC(268) User=0.15s Sys=0.00s Real=0.12s
[2025-10-31T17:14:17.170+0000][gc,start      ] GC(269) Pause Young (Normal) (G1 Evacuation Pause)
[2025-10-31T17:14:17.171+0000][gc,task       ] GC(269) Using 2 workers of 2 for evacuation
[2025-10-31T17:14:17.191+0000][gc,mmu        ] GC(269) MMU target violated: 20.1ms (20.0ms/21.0ms)
[2025-10-31T17:14:17.192+0000][gc,phases     ] GC(269)   Pre Evacuate Collection Set: 0.0ms
[2025-10-31T17:14:17.192+0000][gc,phases     ] GC(269)   Evacuate Collection Set: 18.2ms
[2025-10-31T17:14:17.193+0000][gc,phases     ] GC(269)   Post Evacuate Collection Set: 1.6ms
[2025-10-31T17:14:17.193+0000][gc,phases     ] GC(269)   Other: 2.2ms
[2025-10-31T17:14:17.194+0000][gc,heap       ] GC(269) Eden regions: 22->0(22)
[2025-10-31T17:14:17.194+0000][gc,heap       ] GC(269) Survivor regions: 3->3(4)
[2025-10-31T17:14:17.195+0000][gc,heap       ] GC(269) Old regions: 278->279
[2025-10-31T17:14:17.195+0000][gc,heap       ] GC(269) Humongous regions: 147->147
[2025-10-31T17:14:17.196+0000][gc,metaspace  ] GC(269) Metaspace: 53287K(57392K)->53287K(57392K) NonClass: 47361K(49584K)->47361K(49584K) Class: 5925K(7808K)->5925K(7808K)
[2025-10-31T17:14:17.196+0000][gc            ] GC(269) Pause Young (Normal) (G1 Evacuation Pause) 449M->428M(512M) 26.053ms
[2025-10-31T17:14:17.196+0000][gc,cpu        ] GC(269) User=0.04s Sys=0.00s Real=0.03s
[2025-10-31T17:15:01.128+0000][gc,start      ] GC(270) Pause Young (Normal) (G1 Evacuation Pause)
[2025-10-31T17:15:01.134+0000][gc,task       ] GC(270) Using 2 workers of 2 for evacuation
[2025-10-31T17:15:01.172+0000][gc,mmu        ] GC(270) MMU target violated: 21.0ms (20.0ms/21.0ms)
[2025-10-31T17:15:01.175+0000][gc,phases     ] GC(270)   Pre Evacuate Collection Set: 0.0ms
[2025-10-31T17:15:01.178+0000][gc,phases     ] GC(270)   Evacuate Collection Set: 32.0ms
[2025-10-31T17:15:01.180+0000][gc,phases     ] GC(270)   Post Evacuate Collection Set: 2.4ms
[2025-10-31T17:15:01.182+0000][gc,phases     ] GC(270)   Other: 12.7ms
[2025-10-31T17:15:01.183+0000][gc,heap       ] GC(270) Eden regions: 22->0(23)
[2025-10-31T17:15:01.184+0000][gc,heap       ] GC(270) Survivor regions: 3->2(4)
[2025-10-31T17:15:01.187+0000][gc,heap       ] GC(270) Old regions: 279->281
[2025-10-31T17:15:01.188+0000][gc,heap       ] GC(270) Humongous regions: 147->147
[2025-10-31T17:15:01.190+0000][gc,metaspace  ] GC(270) Metaspace: 53287K(57392K)->53287K(57392K) NonClass: 47361K(49584K)->47361K(49584K) Class: 5925K(7808K)->5925K(7808K)
[2025-10-31T17:15:01.191+0000][gc            ] GC(270) Pause Young (Normal) (G1 Evacuation Pause) 450M->429M(512M) 63.670ms
[2025-10-31T17:15:01.192+0000][gc,cpu        ] GC(270) User=0.07s Sys=0.00s Real=0.06s
[2025-10-31T17:15:46.971+0000][gc,start      ] GC(271) Pause Young (Normal) (G1 Evacuation Pause)
[2025-10-31T17:15:46.972+0000][gc,task       ] GC(271) Using 2 workers of 2 for evacuation
[2025-10-31T17:15:47.000+0000][gc,mmu        ] GC(271) MMU target violated: 21.0ms (20.0ms/21.0ms)
[2025-10-31T17:15:47.001+0000][gc,phases     ] GC(271)   Pre Evacuate Collection Set: 0.3ms
[2025-10-31T17:15:47.001+0000][gc,phases     ] GC(271)   Evacuate Collection Set: 25.5ms
[2025-10-31T17:15:47.002+0000][gc,phases     ] GC(271)   Post Evacuate Collection Set: 1.6ms
[2025-10-31T17:15:47.002+0000][gc,phases     ] GC(271)   Other: 1.9ms
[2025-10-31T17:15:47.002+0000][gc,heap       ] GC(271) Eden regions: 23->0(21)
[2025-10-31T17:15:47.003+0000][gc,heap       ] GC(271) Survivor regions: 2->4(4)
[2025-10-31T17:15:47.003+0000][gc,heap       ] GC(271) Old regions: 281->282
[2025-10-31T17:15:47.003+0000][gc,heap       ] GC(271) Humongous regions: 147->147
[2025-10-31T17:15:47.004+0000][gc,metaspace  ] GC(271) Metaspace: 53287K(57392K)->53287K(57392K) NonClass: 47361K(49584K)->47361K(49584K) Class: 5925K(7808K)->5925K(7808K)
[2025-10-31T17:15:47.004+0000][gc            ] GC(271) Pause Young (Normal) (G1 Evacuation Pause) 452M->432M(512M) 32.507ms
[2025-10-31T17:15:47.004+0000][gc,cpu        ] GC(271) User=0.06s Sys=0.00s Real=0.03s
[2025-10-31T17:16:29.049+0000][gc,start      ] GC(272) Pause Young (Normal) (G1 Evacuation Pause)
[2025-10-31T17:16:29.049+0000][gc,task       ] GC(272) Using 2 workers of 2 for evacuation
[2025-10-31T17:16:29.067+0000][gc,phases     ] GC(272)   Pre Evacuate Collection Set: 0.0ms
[2025-10-31T17:16:29.067+0000][gc,phases     ] GC(272)   Evacuate Collection Set: 15.7ms
[2025-10-31T17:16:29.067+0000][gc,phases     ] GC(272)   Post Evacuate Collection Set: 1.0ms
[2025-10-31T17:16:29.068+0000][gc,phases     ] GC(272)   Other: 0.7ms
[2025-10-31T17:16:29.068+0000][gc,heap       ] GC(272) Eden regions: 21->0(21)
[2025-10-31T17:16:29.069+0000][gc,heap       ] GC(272) Survivor regions: 4->4(4)
[2025-10-31T17:16:29.069+0000][gc,heap       ] GC(272) Old regions: 282->284
[2025-10-31T17:16:29.069+0000][gc,heap       ] GC(272) Humongous regions: 147->147
[2025-10-31T17:16:29.070+0000][gc,metaspace  ] GC(272) Metaspace: 53287K(57392K)->53287K(57392K) NonClass: 47361K(49584K)->47361K(49584K) Class: 5925K(7808K)->5925K(7808K)
[2025-10-31T17:16:29.070+0000][gc            ] GC(272) Pause Young (Normal) (G1 Evacuation Pause) 453M->434M(512M) 20.958ms
[2025-10-31T17:16:29.071+0000][gc,cpu        ] GC(272) User=0.03s Sys=0.00s Real=0.02s
[2025-10-31T17:17:00.435+0000][gc,start      ] GC(273) Pause Young (Normal) (G1 Evacuation Pause)
[2025-10-31T17:17:00.436+0000][gc,task       ] GC(273) Using 2 workers of 2 for evacuation
[2025-10-31T17:17:00.455+0000][gc,phases     ] GC(273)   Pre Evacuate Collection Set: 0.0ms
[2025-10-31T17:17:00.455+0000][gc,phases     ] GC(273)   Evacuate Collection Set: 16.6ms
[2025-10-31T17:17:00.456+0000][gc,phases     ] GC(273)   Post Evacuate Collection Set: 1.3ms
[2025-10-31T17:17:00.456+0000][gc,phases     ] GC(273)   Other: 1.2ms
[2025-10-31T17:17:00.456+0000][gc,heap       ] GC(273) Eden regions: 21->0(22)
[2025-10-31T17:17:00.457+0000][gc,heap       ] GC(273) Survivor regions: 4->3(4)
[2025-10-31T17:17:00.457+0000][gc,heap       ] GC(273) Old regions: 284->286
[2025-10-31T17:17:00.457+0000][gc,heap       ] GC(273) Humongous regions: 147->147
[2025-10-31T17:17:00.458+0000][gc,metaspace  ] GC(273) Metaspace: 53312K(57392K)->53312K(57392K) NonClass: 47386K(49584K)->47386K(49584K) Class: 5925K(7808K)->5925K(7808K)
[2025-10-31T17:17:00.458+0000][gc            ] GC(273) Pause Young (Normal) (G1 Evacuation Pause) 455M->434M(512M) 22.868ms
[2025-10-31T17:17:00.459+0000][gc,cpu        ] GC(273) User=0.03s Sys=0.00s Real=0.02s
[2025-10-31T17:17:29.794+0000][gc,start      ] GC(274) Pause Young (Normal) (G1 Evacuation Pause)
[2025-10-31T17:17:29.794+0000][gc,task       ] GC(274) Using 2 workers of 2 for evacuation
[2025-10-31T17:17:29.811+0000][gc,phases     ] GC(274)   Pre Evacuate Collection Set: 0.0ms
[2025-10-31T17:17:29.811+0000][gc,phases     ] GC(274)   Evacuate Collection Set: 14.6ms
[2025-10-31T17:17:29.811+0000][gc,phases     ] GC(274)   Post Evacuate Collection Set: 1.1ms
[2025-10-31T17:17:29.812+0000][gc,phases     ] GC(274)   Other: 0.8ms
[2025-10-31T17:17:29.812+0000][gc,heap       ] GC(274) Eden regions: 22->0(22)
[2025-10-31T17:17:29.812+0000][gc,heap       ] GC(274) Survivor regions: 3->3(4)
[2025-10-31T17:17:29.813+0000][gc,heap       ] GC(274) Old regions: 286->287
[2025-10-31T17:17:29.813+0000][gc,heap       ] GC(274) Humongous regions: 147->147
[2025-10-31T17:17:29.813+0000][gc,metaspace  ] GC(274) Metaspace: 53312K(57392K)->53312K(57392K) NonClass: 47386K(49584K)->47386K(49584K) Class: 5925K(7808K)->5925K(7808K)
[2025-10-31T17:17:29.813+0000][gc            ] GC(274) Pause Young (Normal) (G1 Evacuation Pause) 456M->436M(512M) 19.415ms
[2025-10-31T17:17:29.814+0000][gc,cpu        ] GC(274) User=0.03s Sys=0.00s Real=0.02s
[2025-10-31T17:18:01.392+0000][gc,start      ] GC(275) Pause Young (Normal) (G1 Evacuation Pause)
[2025-10-31T17:18:01.392+0000][gc,task       ] GC(275) Using 2 workers of 2 for evacuation
[2025-10-31T17:18:01.407+0000][gc,phases     ] GC(275)   Pre Evacuate Collection Set: 0.0ms
[2025-10-31T17:18:01.407+0000][gc,phases     ] GC(275)   Evacuate Collection Set: 12.4ms
[2025-10-31T17:18:01.413+0000][gc,phases     ] GC(275)   Post Evacuate Collection Set: 1.6ms
[2025-10-31T17:18:01.413+0000][gc,phases     ] GC(275)   Other: 0.8ms
[2025-10-31T17:18:01.414+0000][gc,heap       ] GC(275) Eden regions: 22->0(22)
[2025-10-31T17:18:01.416+0000][gc,heap       ] GC(275) Survivor regions: 3->3(4)
[2025-10-31T17:18:01.416+0000][gc,heap       ] GC(275) Old regions: 287->289
[2025-10-31T17:18:01.417+0000][gc,heap       ] GC(275) Humongous regions: 147->147
[2025-10-31T17:18:01.417+0000][gc,metaspace  ] GC(275) Metaspace: 53312K(57392K)->53312K(57392K) NonClass: 47386K(49584K)->47386K(49584K) Class: 5925K(7808K)->5925K(7808K)
[2025-10-31T17:18:01.417+0000][gc            ] GC(275) Pause Young (Normal) (G1 Evacuation Pause) 458M->437M(512M) 25.264ms
[2025-10-31T17:18:01.417+0000][gc,cpu        ] GC(275) User=0.02s Sys=0.00s Real=0.02s
[2025-10-31T17:18:49.746+0000][gc,start      ] GC(276) Pause Young (Normal) (G1 Evacuation Pause)
[2025-10-31T17:18:49.747+0000][gc,task       ] GC(276) Using 2 workers of 2 for evacuation
[2025-10-31T17:18:49.791+0000][gc,mmu        ] GC(276) MMU target violated: 21.0ms (20.0ms/21.0ms)
[2025-10-31T17:18:49.793+0000][gc,phases     ] GC(276)   Pre Evacuate Collection Set: 0.1ms
[2025-10-31T17:18:49.795+0000][gc,phases     ] GC(276)   Evacuate Collection Set: 37.5ms
[2025-10-31T17:18:49.796+0000][gc,phases     ] GC(276)   Post Evacuate Collection Set: 2.2ms
[2025-10-31T17:18:49.798+0000][gc,phases     ] GC(276)   Other: 7.2ms
[2025-10-31T17:18:49.799+0000][gc,heap       ] GC(276) Eden regions: 22->0(22)
[2025-10-31T17:18:49.802+0000][gc,heap       ] GC(276) Survivor regions: 3->3(4)
[2025-10-31T17:18:49.803+0000][gc,heap       ] GC(276) Old regions: 289->289
[2025-10-31T17:18:49.804+0000][gc,heap       ] GC(276) Humongous regions: 147->147
[2025-10-31T17:18:49.805+0000][gc,metaspace  ] GC(276) Metaspace: 53322K(57392K)->53322K(57392K) NonClass: 47396K(49584K)->47396K(49584K) Class: 5925K(7808K)->5925K(7808K)
[2025-10-31T17:18:49.806+0000][gc            ] GC(276) Pause Young (Normal) (G1 Evacuation Pause) 459M->438M(512M) 59.522ms
[2025-10-31T17:18:49.806+0000][gc,cpu        ] GC(276) User=0.09s Sys=0.00s Real=0.06s
[2025-10-31T17:19:42.502+0000][gc,start      ] GC(277) Pause Young (Normal) (G1 Evacuation Pause)
[2025-10-31T17:19:42.502+0000][gc,task       ] GC(277) Using 2 workers of 2 for evacuation
[2025-10-31T17:19:42.556+0000][gc,mmu        ] GC(277) MMU target violated: 21.0ms (20.0ms/21.0ms)
[2025-10-31T17:19:42.557+0000][gc,phases     ] GC(277)   Pre Evacuate Collection Set: 0.0ms
[2025-10-31T17:19:42.558+0000][gc,phases     ] GC(277)   Evacuate Collection Set: 48.2ms
[2025-10-31T17:19:42.560+0000][gc,phases     ] GC(277)   Post Evacuate Collection Set: 2.9ms
[2025-10-31T17:19:42.561+0000][gc,phases     ] GC(277)   Other: 4.4ms
[2025-10-31T17:19:42.563+0000][gc,heap       ] GC(277) Eden regions: 22->0(21)
[2025-10-31T17:19:42.563+0000][gc,heap       ] GC(277) Survivor regions: 3->4(4)
[2025-10-31T17:19:42.572+0000][gc,heap       ] GC(277) Old regions: 289->290
[2025-10-31T17:19:42.573+0000][gc,heap       ] GC(277) Humongous regions: 147->147
[2025-10-31T17:19:42.577+0000][gc,metaspace  ] GC(277) Metaspace: 53322K(57392K)->53322K(57392K) NonClass: 47396K(49584K)->47396K(49584K) Class: 5925K(7808K)->5925K(7808K)
[2025-10-31T17:19:42.577+0000][gc            ] GC(277) Pause Young (Normal) (G1 Evacuation Pause) 460M->440M(512M) 75.576ms
[2025-10-31T17:19:42.578+0000][gc,cpu        ] GC(277) User=0.10s Sys=0.00s Real=0.08s
[2025-10-31T17:20:33.586+0000][gc,start      ] GC(278) Pause Young (Normal) (G1 Evacuation Pause)
[2025-10-31T17:20:33.586+0000][gc,task       ] GC(278) Using 2 workers of 2 for evacuation
[2025-10-31T17:20:33.601+0000][gc,phases     ] GC(278)   Pre Evacuate Collection Set: 0.0ms
[2025-10-31T17:20:33.602+0000][gc,phases     ] GC(278)   Evacuate Collection Set: 13.6ms
[2025-10-31T17:20:33.602+0000][gc,phases     ] GC(278)   Post Evacuate Collection Set: 0.9ms
[2025-10-31T17:20:33.602+0000][gc,phases     ] GC(278)   Other: 0.8ms
[2025-10-31T17:20:33.602+0000][gc,heap       ] GC(278) Eden regions: 21->0(22)
[2025-10-31T17:20:33.603+0000][gc,heap       ] GC(278) Survivor regions: 4->3(4)
[2025-10-31T17:20:33.603+0000][gc,heap       ] GC(278) Old regions: 290->293
[2025-10-31T17:20:33.603+0000][gc,heap       ] GC(278) Humongous regions: 147->147
[2025-10-31T17:20:33.603+0000][gc,metaspace  ] GC(278) Metaspace: 53322K(57392K)->53322K(57392K) NonClass: 47396K(49584K)->47396K(49584K) Class: 5925K(7808K)->5925K(7808K)
[2025-10-31T17:20:33.603+0000][gc            ] GC(278) Pause Young (Normal) (G1 Evacuation Pause) 461M->442M(512M) 17.242ms
[2025-10-31T17:20:33.604+0000][gc,cpu        ] GC(278) User=0.02s Sys=0.00s Real=0.02s
[2025-10-31T17:21:26.587+0000][gc,start      ] GC(279) Pause Young (Normal) (G1 Evacuation Pause)
[2025-10-31T17:21:26.587+0000][gc,task       ] GC(279) Using 2 workers of 2 for evacuation
[2025-10-31T17:21:26.609+0000][gc,mmu        ] GC(279) MMU target violated: 21.0ms (20.0ms/21.0ms)
[2025-10-31T17:21:26.609+0000][gc,phases     ] GC(279)   Pre Evacuate Collection Set: 0.0ms
[2025-10-31T17:21:26.610+0000][gc,phases     ] GC(279)   Evacuate Collection Set: 20.2ms
[2025-10-31T17:21:26.610+0000][gc,phases     ] GC(279)   Post Evacuate Collection Set: 1.1ms
[2025-10-31T17:21:26.610+0000][gc,phases     ] GC(279)   Other: 1.7ms
[2025-10-31T17:21:26.610+0000][gc,heap       ] GC(279) Eden regions: 22->0(21)
[2025-10-31T17:21:26.611+0000][gc,heap       ] GC(279) Survivor regions: 3->4(4)
[2025-10-31T17:21:26.611+0000][gc,heap       ] GC(279) Old regions: 293->295
[2025-10-31T17:21:26.611+0000][gc,heap       ] GC(279) Humongous regions: 147->147
[2025-10-31T17:21:26.611+0000][gc,metaspace  ] GC(279) Metaspace: 53322K(57392K)->53322K(57392K) NonClass: 47396K(49584K)->47396K(49584K) Class: 5925K(7808K)->5925K(7808K)
[2025-10-31T17:21:26.612+0000][gc            ] GC(279) Pause Young (Normal) (G1 Evacuation Pause) 464M->445M(512M) 25.073ms
[2025-10-31T17:21:26.612+0000][gc,cpu        ] GC(279) User=0.05s Sys=0.00s Real=0.03s
[2025-10-31T17:22:16.207+0000][gc,start      ] GC(280) Pause Young (Normal) (G1 Evacuation Pause)
[2025-10-31T17:22:16.207+0000][gc,task       ] GC(280) Using 2 workers of 2 for evacuation
[2025-10-31T17:22:16.229+0000][gc,mmu        ] GC(280) MMU target violated: 20.7ms (20.0ms/21.0ms)
[2025-10-31T17:22:16.229+0000][gc,phases     ] GC(280)   Pre Evacuate Collection Set: 0.0ms
[2025-10-31T17:22:16.229+0000][gc,phases     ] GC(280)   Evacuate Collection Set: 19.4ms
[2025-10-31T17:22:16.230+0000][gc,phases     ] GC(280)   Post Evacuate Collection Set: 1.1ms
[2025-10-31T17:22:16.230+0000][gc,phases     ] GC(280)   Other: 1.5ms
[2025-10-31T17:22:16.230+0000][gc,heap       ] GC(280) Eden regions: 21->0(22)
[2025-10-31T17:22:16.231+0000][gc,heap       ] GC(280) Survivor regions: 4->3(4)
[2025-10-31T17:22:16.231+0000][gc,heap       ] GC(280) Old regions: 295->297
[2025-10-31T17:22:16.231+0000][gc,heap       ] GC(280) Humongous regions: 147->147
[2025-10-31T17:22:16.232+0000][gc,metaspace  ] GC(280) Metaspace: 53322K(57392K)->53322K(57392K) NonClass: 47396K(49584K)->47396K(49584K) Class: 5925K(7808K)->5925K(7808K)
[2025-10-31T17:22:16.232+0000][gc            ] GC(280) Pause Young (Normal) (G1 Evacuation Pause) 466M->446M(512M) 25.073ms
[2025-10-31T17:22:16.232+0000][gc,cpu        ] GC(280) User=0.04s Sys=0.00s Real=0.03s
[2025-10-31T17:23:09.087+0000][gc,start      ] GC(281) Pause Young (Normal) (G1 Evacuation Pause)
[2025-10-31T17:23:09.088+0000][gc,task       ] GC(281) Using 2 workers of 2 for evacuation
[2025-10-31T17:23:09.100+0000][gc,phases     ] GC(281)   Pre Evacuate Collection Set: 0.0ms
[2025-10-31T17:23:09.100+0000][gc,phases     ] GC(281)   Evacuate Collection Set: 10.8ms
[2025-10-31T17:23:09.100+0000][gc,phases     ] GC(281)   Post Evacuate Collection Set: 0.7ms
[2025-10-31T17:23:09.100+0000][gc,phases     ] GC(281)   Other: 0.7ms
[2025-10-31T17:23:09.101+0000][gc,heap       ] GC(281) Eden regions: 22->0(22)
[2025-10-31T17:23:09.101+0000][gc,heap       ] GC(281) Survivor regions: 3->3(4)
[2025-10-31T17:23:09.101+0000][gc,heap       ] GC(281) Old regions: 297->299
[2025-10-31T17:23:09.102+0000][gc,heap       ] GC(281) Humongous regions: 147->147
[2025-10-31T17:23:09.102+0000][gc,metaspace  ] GC(281) Metaspace: 53322K(57392K)->53322K(57392K) NonClass: 47396K(49584K)->47396K(49584K) Class: 5925K(7808K)->5925K(7808K)
[2025-10-31T17:23:09.102+0000][gc            ] GC(281) Pause Young (Normal) (G1 Evacuation Pause) 468M->447M(512M) 14.476ms
[2025-10-31T17:23:09.102+0000][gc,cpu        ] GC(281) User=0.02s Sys=0.00s Real=0.01s
[2025-10-31T17:24:02.363+0000][gc,start      ] GC(282) Pause Young (Normal) (G1 Evacuation Pause)
[2025-10-31T17:24:02.363+0000][gc,task       ] GC(282) Using 2 workers of 2 for evacuation
[2025-10-31T17:24:02.384+0000][gc,phases     ] GC(282)   Pre Evacuate Collection Set: 0.0ms
[2025-10-31T17:24:02.384+0000][gc,phases     ] GC(282)   Evacuate Collection Set: 18.4ms
[2025-10-31T17:24:02.385+0000][gc,phases     ] GC(282)   Post Evacuate Collection Set: 1.4ms
[2025-10-31T17:24:02.385+0000][gc,phases     ] GC(282)   Other: 0.9ms
[2025-10-31T17:24:02.386+0000][gc,heap       ] GC(282) Eden regions: 22->0(21)
[2025-10-31T17:24:02.386+0000][gc,heap       ] GC(282) Survivor regions: 3->4(4)
[2025-10-31T17:24:02.386+0000][gc,heap       ] GC(282) Old regions: 299->300
[2025-10-31T17:24:02.386+0000][gc,heap       ] GC(282) Humongous regions: 147->147
[2025-10-31T17:24:02.387+0000][gc,metaspace  ] GC(282) Metaspace: 53322K(57392K)->53322K(57392K) NonClass: 47397K(49584K)->47397K(49584K) Class: 5925K(7808K)->5925K(7808K)
[2025-10-31T17:24:02.387+0000][gc            ] GC(282) Pause Young (Normal) (G1 Evacuation Pause) 469M->450M(512M) 23.961ms
[2025-10-31T17:24:02.387+0000][gc,cpu        ] GC(282) User=0.04s Sys=0.00s Real=0.02s
[2025-10-31T17:24:53.320+0000][gc,start      ] GC(283) Pause Young (Normal) (G1 Evacuation Pause)
[2025-10-31T17:24:53.321+0000][gc,task       ] GC(283) Using 2 workers of 2 for evacuation
[2025-10-31T17:24:53.342+0000][gc,mmu        ] GC(283) MMU target violated: 21.0ms (20.0ms/21.0ms)
[2025-10-31T17:24:53.343+0000][gc,phases     ] GC(283)   Pre Evacuate Collection Set: 0.0ms
[2025-10-31T17:24:53.343+0000][gc,phases     ] GC(283)   Evacuate Collection Set: 20.0ms
[2025-10-31T17:24:53.344+0000][gc,phases     ] GC(283)   Post Evacuate Collection Set: 1.0ms
[2025-10-31T17:24:53.344+0000][gc,phases     ] GC(283)   Other: 1.9ms
[2025-10-31T17:24:53.344+0000][gc,heap       ] GC(283) Eden regions: 21->0(22)
[2025-10-31T17:24:53.345+0000][gc,heap       ] GC(283) Survivor regions: 4->3(4)
[2025-10-31T17:24:53.345+0000][gc,heap       ] GC(283) Old regions: 300->302
[2025-10-31T17:24:53.345+0000][gc,heap       ] GC(283) Humongous regions: 147->147
[2025-10-31T17:24:53.345+0000][gc,metaspace  ] GC(283) Metaspace: 53326K(57392K)->53326K(57392K) NonClass: 47400K(49584K)->47400K(49584K) Class: 5925K(7808K)->5925K(7808K)
[2025-10-31T17:24:53.346+0000][gc            ] GC(283) Pause Young (Normal) (G1 Evacuation Pause) 471M->451M(512M) 25.761ms
[2025-10-31T17:24:53.346+0000][gc,cpu        ] GC(283) User=0.04s Sys=0.00s Real=0.03s
[2025-10-31T17:25:45.994+0000][gc,start      ] GC(284) Pause Young (Normal) (G1 Evacuation Pause)
[2025-10-31T17:25:45.994+0000][gc,task       ] GC(284) Using 2 workers of 2 for evacuation
[2025-10-31T17:25:46.007+0000][gc,phases     ] GC(284)   Pre Evacuate Collection Set: 0.0ms
[2025-10-31T17:25:46.008+0000][gc,phases     ] GC(284)   Evacuate Collection Set: 12.0ms
[2025-10-31T17:25:46.008+0000][gc,phases     ] GC(284)   Post Evacuate Collection Set: 0.9ms
[2025-10-31T17:25:46.008+0000][gc,phases     ] GC(284)   Other: 0.7ms
[2025-10-31T17:25:46.008+0000][gc,heap       ] GC(284) Eden regions: 22->0(21)
[2025-10-31T17:25:46.009+0000][gc,heap       ] GC(284) Survivor regions: 3->4(4)
[2025-10-31T17:25:46.009+0000][gc,heap       ] GC(284) Old regions: 302->304
[2025-10-31T17:25:46.009+0000][gc,heap       ] GC(284) Humongous regions: 147->147
[2025-10-31T17:25:46.009+0000][gc,metaspace  ] GC(284) Metaspace: 53326K(57392K)->53326K(57392K) NonClass: 47400K(49584K)->47400K(49584K) Class: 5925K(7808K)->5925K(7808K)
[2025-10-31T17:25:46.009+0000][gc            ] GC(284) Pause Young (Normal) (G1 Evacuation Pause) 473M->454M(512M) 15.237ms
[2025-10-31T17:25:46.009+0000][gc,cpu        ] GC(284) User=0.03s Sys=0.00s Real=0.01s
[2025-10-31T17:26:37.173+0000][gc,start      ] GC(285) Pause Young (Normal) (G1 Evacuation Pause)
[2025-10-31T17:26:37.173+0000][gc,task       ] GC(285) Using 2 workers of 2 for evacuation
[2025-10-31T17:26:37.184+0000][gc,phases     ] GC(285)   Pre Evacuate Collection Set: 0.0ms
[2025-10-31T17:26:37.184+0000][gc,phases     ] GC(285)   Evacuate Collection Set: 9.0ms
[2025-10-31T17:26:37.184+0000][gc,phases     ] GC(285)   Post Evacuate Collection Set: 0.8ms
[2025-10-31T17:26:37.184+0000][gc,phases     ] GC(285)   Other: 0.7ms
[2025-10-31T17:26:37.184+0000][gc,heap       ] GC(285) Eden regions: 21->0(22)
[2025-10-31T17:26:37.185+0000][gc,heap       ] GC(285) Survivor regions: 4->3(4)
[2025-10-31T17:26:37.185+0000][gc,heap       ] GC(285) Old regions: 304->306
[2025-10-31T17:26:37.185+0000][gc,heap       ] GC(285) Humongous regions: 147->147
[2025-10-31T17:26:37.185+0000][gc,metaspace  ] GC(285) Metaspace: 53326K(57392K)->53326K(57392K) NonClass: 47400K(49584K)->47400K(49584K) Class: 5925K(7808K)->5925K(7808K)
[2025-10-31T17:26:37.185+0000][gc            ] GC(285) Pause Young (Normal) (G1 Evacuation Pause) 475M->455M(512M) 11.989ms
[2025-10-31T17:26:37.185+0000][gc,cpu        ] GC(285) User=0.02s Sys=0.00s Real=0.01s
[2025-10-31T17:27:28.783+0000][gc,start      ] GC(286) Pause Young (Normal) (G1 Evacuation Pause)
[2025-10-31T17:27:28.784+0000][gc,task       ] GC(286) Using 2 workers of 2 for evacuation
[2025-10-31T17:27:28.800+0000][gc,phases     ] GC(286)   Pre Evacuate Collection Set: 0.0ms
[2025-10-31T17:27:28.800+0000][gc,phases     ] GC(286)   Evacuate Collection Set: 14.4ms
[2025-10-31T17:27:28.801+0000][gc,phases     ] GC(286)   Post Evacuate Collection Set: 1.2ms
[2025-10-31T17:27:28.801+0000][gc,phases     ] GC(286)   Other: 1.1ms
[2025-10-31T17:27:28.802+0000][gc,heap       ] GC(286) Eden regions: 22->0(22)
[2025-10-31T17:27:28.802+0000][gc,heap       ] GC(286) Survivor regions: 3->3(4)
[2025-10-31T17:27:28.802+0000][gc,heap       ] GC(286) Old regions: 306->308
[2025-10-31T17:27:28.802+0000][gc,heap       ] GC(286) Humongous regions: 147->147
[2025-10-31T17:27:28.803+0000][gc,metaspace  ] GC(286) Metaspace: 53326K(57392K)->53326K(57392K) NonClass: 47400K(49584K)->47400K(49584K) Class: 5925K(7808K)->5925K(7808K)
[2025-10-31T17:27:28.803+0000][gc            ] GC(286) Pause Young (Normal) (G1 Evacuation Pause) 477M->456M(512M) 19.611ms
[2025-10-31T17:27:28.803+0000][gc,cpu        ] GC(286) User=0.03s Sys=0.00s Real=0.02s
[2025-10-31T17:28:22.518+0000][gc,start      ] GC(287) Pause Young (Concurrent Start) (G1 Evacuation Pause)
[2025-10-31T17:28:22.518+0000][gc,task       ] GC(287) Using 2 workers of 2 for evacuation
[2025-10-31T17:28:22.534+0000][gc,phases     ] GC(287)   Pre Evacuate Collection Set: 0.2ms
[2025-10-31T17:28:22.534+0000][gc,phases     ] GC(287)   Evacuate Collection Set: 14.3ms
[2025-10-31T17:28:22.535+0000][gc,phases     ] GC(287)   Post Evacuate Collection Set: 0.9ms
[2025-10-31T17:28:22.535+0000][gc,phases     ] GC(287)   Other: 0.7ms
[2025-10-31T17:28:22.535+0000][gc,heap       ] GC(287) Eden regions: 22->0(22)
[2025-10-31T17:28:22.535+0000][gc,heap       ] GC(287) Survivor regions: 3->3(4)
[2025-10-31T17:28:22.535+0000][gc,heap       ] GC(287) Old regions: 308->310
[2025-10-31T17:28:22.536+0000][gc,heap       ] GC(287) Humongous regions: 147->147
[2025-10-31T17:28:22.536+0000][gc,metaspace  ] GC(287) Metaspace: 53326K(57392K)->53326K(57392K) NonClass: 47400K(49584K)->47400K(49584K) Class: 5925K(7808K)->5925K(7808K)
[2025-10-31T17:28:22.536+0000][gc            ] GC(287) Pause Young (Concurrent Start) (G1 Evacuation Pause) 478M->459M(512M) 17.879ms
[2025-10-31T17:28:22.536+0000][gc,cpu        ] GC(287) User=0.03s Sys=0.00s Real=0.02s
[2025-10-31T17:28:22.537+0000][gc            ] GC(288) Concurrent Cycle
[2025-10-31T17:28:22.537+0000][gc,marking    ] GC(288) Concurrent Clear Claimed Marks
[2025-10-31T17:28:22.537+0000][gc,marking    ] GC(288) Concurrent Clear Claimed Marks 0.448ms
[2025-10-31T17:28:22.538+0000][gc,marking    ] GC(288) Concurrent Scan Root Regions
[2025-10-31T17:28:22.542+0000][gc,marking    ] GC(288) Concurrent Scan Root Regions 4.398ms
[2025-10-31T17:28:22.543+0000][gc,marking    ] GC(288) Concurrent Mark (11772.672s)
[2025-10-31T17:28:22.543+0000][gc,marking    ] GC(288) Concurrent Mark From Roots
[2025-10-31T17:28:22.543+0000][gc,task       ] GC(288) Using 1 workers of 1 for marking
[2025-10-31T17:28:22.593+0000][gc,marking    ] GC(288) Concurrent Mark From Roots 50.214ms
[2025-10-31T17:28:22.593+0000][gc,marking    ] GC(288) Concurrent Preclean
[2025-10-31T17:28:22.594+0000][gc,marking    ] GC(288) Concurrent Preclean 0.411ms
[2025-10-31T17:28:22.594+0000][gc,marking    ] GC(288) Concurrent Mark (11772.672s, 11772.724s) 51.401ms
[2025-10-31T17:28:22.595+0000][gc,start      ] GC(288) Pause Remark
[2025-10-31T17:28:22.609+0000][gc,stringtable] GC(288) Cleaned string and symbol table, strings: 17136 processed, 6 removed, symbols: 123894 processed, 0 removed
[2025-10-31T17:28:22.610+0000][gc            ] GC(288) Pause Remark 459M->347M(512M) 15.172ms
[2025-10-31T17:28:22.610+0000][gc,cpu        ] GC(288) User=0.03s Sys=0.00s Real=0.02s
[2025-10-31T17:28:22.610+0000][gc,marking    ] GC(288) Concurrent Rebuild Remembered Sets
[2025-10-31T17:28:22.644+0000][gc,marking    ] GC(288) Concurrent Rebuild Remembered Sets 33.365ms
[2025-10-31T17:28:22.645+0000][gc,start      ] GC(288) Pause Cleanup
[2025-10-31T17:28:22.645+0000][gc            ] GC(288) Pause Cleanup 347M->347M(512M) 0.678ms
[2025-10-31T17:28:22.646+0000][gc,cpu        ] GC(288) User=0.00s Sys=0.00s Real=0.00s
[2025-10-31T17:28:22.646+0000][gc,marking    ] GC(288) Concurrent Cleanup for Next Mark
[2025-10-31T17:28:22.647+0000][gc,marking    ] GC(288) Concurrent Cleanup for Next Mark 1.225ms
[2025-10-31T17:28:22.648+0000][gc            ] GC(288) Concurrent Cycle 110.880ms
[2025-10-31T17:29:15.034+0000][gc,start      ] GC(289) Pause Young (Prepare Mixed) (G1 Evacuation Pause)
[2025-10-31T17:29:15.035+0000][gc,task       ] GC(289) Using 2 workers of 2 for evacuation
[2025-10-31T17:29:15.056+0000][gc,phases     ] GC(289)   Pre Evacuate Collection Set: 0.0ms
[2025-10-31T17:29:15.056+0000][gc,phases     ] GC(289)   Evacuate Collection Set: 16.4ms
[2025-10-31T17:29:15.058+0000][gc,phases     ] GC(289)   Post Evacuate Collection Set: 1.0ms
[2025-10-31T17:29:15.059+0000][gc,phases     ] GC(289)   Other: 4.5ms
[2025-10-31T17:29:15.059+0000][gc,heap       ] GC(289) Eden regions: 22->0(22)
[2025-10-31T17:29:15.059+0000][gc,heap       ] GC(289) Survivor regions: 3->3(4)
[2025-10-31T17:29:15.059+0000][gc,heap       ] GC(289) Old regions: 198->200
[2025-10-31T17:29:15.060+0000][gc,heap       ] GC(289) Humongous regions: 147->147
[2025-10-31T17:29:15.060+0000][gc,metaspace  ] GC(289) Metaspace: 53326K(57392K)->53326K(57392K) NonClass: 47400K(49584K)->47400K(49584K) Class: 5925K(7808K)->5925K(7808K)
[2025-10-31T17:29:15.060+0000][gc            ] GC(289) Pause Young (Prepare Mixed) (G1 Evacuation Pause) 369M->349M(512M) 26.032ms
[2025-10-31T17:29:15.061+0000][gc,cpu        ] GC(289) User=0.03s Sys=0.00s Real=0.03s
[2025-10-31T17:30:09.056+0000][gc,start      ] GC(290) Pause Young (Mixed) (G1 Evacuation Pause)
[2025-10-31T17:30:09.056+0000][gc,task       ] GC(290) Using 2 workers of 2 for evacuation
[2025-10-31T17:30:09.070+0000][gc,phases     ] GC(290)   Pre Evacuate Collection Set: 0.0ms
[2025-10-31T17:30:09.070+0000][gc,phases     ] GC(290)   Evacuate Collection Set: 12.6ms
[2025-10-31T17:30:09.071+0000][gc,phases     ] GC(290)   Post Evacuate Collection Set: 0.9ms
[2025-10-31T17:30:09.071+0000][gc,phases     ] GC(290)   Other: 0.7ms
[2025-10-31T17:30:09.071+0000][gc,heap       ] GC(290) Eden regions: 22->0(23)
[2025-10-31T17:30:09.071+0000][gc,heap       ] GC(290) Survivor regions: 3->2(4)
[2025-10-31T17:30:09.071+0000][gc,heap       ] GC(290) Old regions: 200->177
[2025-10-31T17:30:09.072+0000][gc,heap       ] GC(290) Humongous regions: 147->147
[2025-10-31T17:30:09.072+0000][gc,metaspace  ] GC(290) Metaspace: 53326K(57392K)->53326K(57392K) NonClass: 47400K(49584K)->47400K(49584K) Class: 5925K(7808K)->5925K(7808K)
[2025-10-31T17:30:09.072+0000][gc            ] GC(290) Pause Young (Mixed) (G1 Evacuation Pause) 371M->326M(512M) 16.269ms
[2025-10-31T17:30:09.072+0000][gc,cpu        ] GC(290) User=0.03s Sys=0.00s Real=0.02s
[2025-10-31T17:31:04.449+0000][gc,start      ] GC(291) Pause Young (Mixed) (G1 Evacuation Pause)
[2025-10-31T17:31:04.449+0000][gc,task       ] GC(291) Using 2 workers of 2 for evacuation
[2025-10-31T17:31:04.465+0000][gc,phases     ] GC(291)   Pre Evacuate Collection Set: 0.0ms
[2025-10-31T17:31:04.465+0000][gc,phases     ] GC(291)   Evacuate Collection Set: 14.4ms
[2025-10-31T17:31:04.465+0000][gc,phases     ] GC(291)   Post Evacuate Collection Set: 1.0ms
[2025-10-31T17:31:04.466+0000][gc,phases     ] GC(291)   Other: 0.8ms
[2025-10-31T17:31:04.466+0000][gc,heap       ] GC(291) Eden regions: 23->0(21)
[2025-10-31T17:31:04.466+0000][gc,heap       ] GC(291) Survivor regions: 2->4(4)
[2025-10-31T17:31:04.466+0000][gc,heap       ] GC(291) Old regions: 177->154
[2025-10-31T17:31:04.467+0000][gc,heap       ] GC(291) Humongous regions: 147->147
[2025-10-31T17:31:04.467+0000][gc,metaspace  ] GC(291) Metaspace: 53327K(57392K)->53327K(57392K) NonClass: 47401K(49584K)->47401K(49584K) Class: 5925K(7808K)->5925K(7808K)
[2025-10-31T17:31:04.467+0000][gc            ] GC(291) Pause Young (Mixed) (G1 Evacuation Pause) 348M->304M(512M) 18.508ms
[2025-10-31T17:31:04.467+0000][gc,cpu        ] GC(291) User=0.03s Sys=0.00s Real=0.02s
[2025-10-31T17:31:54.860+0000][gc,start      ] GC(292) Pause Young (Mixed) (G1 Evacuation Pause)
[2025-10-31T17:31:54.861+0000][gc,task       ] GC(292) Using 2 workers of 2 for evacuation
[2025-10-31T17:31:54.873+0000][gc,phases     ] GC(292)   Pre Evacuate Collection Set: 0.0ms
[2025-10-31T17:31:54.873+0000][gc,phases     ] GC(292)   Evacuate Collection Set: 11.0ms
[2025-10-31T17:31:54.873+0000][gc,phases     ] GC(292)   Post Evacuate Collection Set: 0.8ms
[2025-10-31T17:31:54.873+0000][gc,phases     ] GC(292)   Other: 0.8ms
[2025-10-31T17:31:54.874+0000][gc,heap       ] GC(292) Eden regions: 21->0(22)
[2025-10-31T17:31:54.874+0000][gc,heap       ] GC(292) Survivor regions: 4->3(4)
[2025-10-31T17:31:54.874+0000][gc,heap       ] GC(292) Old regions: 154->112
[2025-10-31T17:31:54.874+0000][gc,heap       ] GC(292) Humongous regions: 147->147
[2025-10-31T17:31:54.874+0000][gc,metaspace  ] GC(292) Metaspace: 53336K(57392K)->53336K(57392K) NonClass: 47409K(49584K)->47409K(49584K) Class: 5927K(7808K)->5927K(7808K)
[2025-10-31T17:31:54.875+0000][gc            ] GC(292) Pause Young (Mixed) (G1 Evacuation Pause) 325M->261M(512M) 14.362ms
[2025-10-31T17:31:54.875+0000][gc,cpu        ] GC(292) User=0.02s Sys=0.00s Real=0.01s
[2025-10-31T17:32:46.608+0000][gc,start      ] GC(293) Pause Young (Mixed) (G1 Evacuation Pause)
[2025-10-31T17:32:46.609+0000][gc,task       ] GC(293) Using 2 workers of 2 for evacuation
[2025-10-31T17:32:46.620+0000][gc,phases     ] GC(293)   Pre Evacuate Collection Set: 0.0ms
[2025-10-31T17:32:46.621+0000][gc,phases     ] GC(293)   Evacuate Collection Set: 10.9ms
[2025-10-31T17:32:46.621+0000][gc,phases     ] GC(293)   Post Evacuate Collection Set: 0.6ms
[2025-10-31T17:32:46.621+0000][gc,phases     ] GC(293)   Other: 0.7ms
[2025-10-31T17:32:46.621+0000][gc,heap       ] GC(293) Eden regions: 22->0(22)
[2025-10-31T17:32:46.621+0000][gc,heap       ] GC(293) Survivor regions: 3->3(4)
[2025-10-31T17:32:46.621+0000][gc,heap       ] GC(293) Old regions: 112->91
[2025-10-31T17:32:46.622+0000][gc,heap       ] GC(293) Humongous regions: 147->147
[2025-10-31T17:32:46.622+0000][gc,metaspace  ] GC(293) Metaspace: 53336K(57392K)->53336K(57392K) NonClass: 47409K(49584K)->47409K(49584K) Class: 5927K(7808K)->5927K(7808K)
[2025-10-31T17:32:46.622+0000][gc            ] GC(293) Pause Young (Mixed) (G1 Evacuation Pause) 283M->240M(512M) 13.691ms
[2025-10-31T17:32:46.622+0000][gc,cpu        ] GC(293) User=0.02s Sys=0.00s Real=0.01s
[2025-10-31T17:33:40.811+0000][gc,start      ] GC(294) Pause Young (Mixed) (G1 Evacuation Pause)
[2025-10-31T17:33:40.812+0000][gc,task       ] GC(294) Using 2 workers of 2 for evacuation
[2025-10-31T17:33:40.829+0000][gc,phases     ] GC(294)   Pre Evacuate Collection Set: 0.1ms
[2025-10-31T17:33:40.829+0000][gc,phases     ] GC(294)   Evacuate Collection Set: 15.0ms
[2025-10-31T17:33:40.829+0000][gc,phases     ] GC(294)   Post Evacuate Collection Set: 1.1ms
[2025-10-31T17:33:40.830+0000][gc,phases     ] GC(294)   Other: 1.2ms
[2025-10-31T17:33:40.830+0000][gc,heap       ] GC(294) Eden regions: 22->0(22)
[2025-10-31T17:33:40.830+0000][gc,heap       ] GC(294) Survivor regions: 3->3(4)
[2025-10-31T17:33:40.830+0000][gc,heap       ] GC(294) Old regions: 91->69
[2025-10-31T17:33:40.831+0000][gc,heap       ] GC(294) Humongous regions: 147->147
[2025-10-31T17:33:40.831+0000][gc,metaspace  ] GC(294) Metaspace: 53336K(57392K)->53336K(57392K) NonClass: 47409K(49584K)->47409K(49584K) Class: 5927K(7808K)->5927K(7808K)
[2025-10-31T17:33:40.831+0000][gc            ] GC(294) Pause Young (Mixed) (G1 Evacuation Pause) 262M->218M(512M) 19.643ms
[2025-10-31T17:33:40.831+0000][gc,cpu        ] GC(294) User=0.03s Sys=0.00s Real=0.02s
[2025-10-31T17:34:33.045+0000][gc,start      ] GC(295) Pause Young (Mixed) (G1 Evacuation Pause)
[2025-10-31T17:34:33.045+0000][gc,task       ] GC(295) Using 2 workers of 2 for evacuation
[2025-10-31T17:34:33.056+0000][gc,phases     ] GC(295)   Pre Evacuate Collection Set: 0.0ms
[2025-10-31T17:34:33.057+0000][gc,phases     ] GC(295)   Evacuate Collection Set: 9.9ms
[2025-10-31T17:34:33.057+0000][gc,phases     ] GC(295)   Post Evacuate Collection Set: 0.6ms
[2025-10-31T17:34:33.057+0000][gc,phases     ] GC(295)   Other: 0.6ms
[2025-10-31T17:34:33.058+0000][gc,heap       ] GC(295) Eden regions: 22->0(31)
[2025-10-31T17:34:33.058+0000][gc,heap       ] GC(295) Survivor regions: 3->3(4)
[2025-10-31T17:34:33.058+0000][gc,heap       ] GC(295) Old regions: 69->61
[2025-10-31T17:34:33.058+0000][gc,heap       ] GC(295) Humongous regions: 147->147
[2025-10-31T17:34:33.058+0000][gc,metaspace  ] GC(295) Metaspace: 53336K(57392K)->53336K(57392K) NonClass: 47409K(49584K)->47409K(49584K) Class: 5927K(7808K)->5927K(7808K)
[2025-10-31T17:34:33.059+0000][gc            ] GC(295) Pause Young (Mixed) (G1 Evacuation Pause) 240M->209M(512M) 13.356ms
[2025-10-31T17:34:33.059+0000][gc,cpu        ] GC(295) User=0.02s Sys=0.00s Real=0.02s
[2025-10-31T17:35:48.347+0000][gc,start      ] GC(296) Pause Young (Normal) (G1 Evacuation Pause)
[2025-10-31T17:35:48.347+0000][gc,task       ] GC(296) Using 2 workers of 2 for evacuation
[2025-10-31T17:35:48.365+0000][gc,phases     ] GC(296)   Pre Evacuate Collection Set: 0.0ms
[2025-10-31T17:35:48.365+0000][gc,phases     ] GC(296)   Evacuate Collection Set: 16.2ms
[2025-10-31T17:35:48.366+0000][gc,phases     ] GC(296)   Post Evacuate Collection Set: 0.8ms
[2025-10-31T17:35:48.366+0000][gc,phases     ] GC(296)   Other: 1.5ms
[2025-10-31T17:35:48.367+0000][gc,heap       ] GC(296) Eden regions: 31->0(29)
[2025-10-31T17:35:48.367+0000][gc,heap       ] GC(296) Survivor regions: 3->5(5)
[2025-10-31T17:35:48.368+0000][gc,heap       ] GC(296) Old regions: 61->61
[2025-10-31T17:35:48.368+0000][gc,heap       ] GC(296) Humongous regions: 147->147
[2025-10-31T17:35:48.369+0000][gc,metaspace  ] GC(296) Metaspace: 53336K(57392K)->53336K(57392K) NonClass: 47409K(49584K)->47409K(49584K) Class: 5927K(7808K)->5927K(7808K)
[2025-10-31T17:35:48.369+0000][gc            ] GC(296) Pause Young (Normal) (G1 Evacuation Pause) 240M->211M(512M) 22.273ms
[2025-10-31T17:35:48.369+0000][gc,cpu        ] GC(296) User=0.04s Sys=0.00s Real=0.02s
[2025-10-31T17:36:59.773+0000][gc,start      ] GC(297) Pause Young (Normal) (G1 Evacuation Pause)
[2025-10-31T17:36:59.774+0000][gc,task       ] GC(297) Using 2 workers of 2 for evacuation
[2025-10-31T17:36:59.789+0000][gc,phases     ] GC(297)   Pre Evacuate Collection Set: 0.0ms
[2025-10-31T17:36:59.789+0000][gc,phases     ] GC(297)   Evacuate Collection Set: 14.5ms
[2025-10-31T17:36:59.790+0000][gc,phases     ] GC(297)   Post Evacuate Collection Set: 0.7ms
[2025-10-31T17:36:59.790+0000][gc,phases     ] GC(297)   Other: 0.8ms
[2025-10-31T17:36:59.790+0000][gc,heap       ] GC(297) Eden regions: 29->0(31)
[2025-10-31T17:36:59.791+0000][gc,heap       ] GC(297) Survivor regions: 5->3(5)
[2025-10-31T17:36:59.791+0000][gc,heap       ] GC(297) Old regions: 61->65
[2025-10-31T17:36:59.791+0000][gc,heap       ] GC(297) Humongous regions: 147->147
[2025-10-31T17:36:59.791+0000][gc,metaspace  ] GC(297) Metaspace: 53336K(57392K)->53336K(57392K) NonClass: 47409K(49584K)->47409K(49584K) Class: 5927K(7808K)->5927K(7808K)
[2025-10-31T17:36:59.791+0000][gc            ] GC(297) Pause Young (Normal) (G1 Evacuation Pause) 240M->213M(512M) 17.983ms
[2025-10-31T17:36:59.791+0000][gc,cpu        ] GC(297) User=0.03s Sys=0.00s Real=0.01s
[2025-10-31T17:38:15.022+0000][gc,start      ] GC(298) Pause Young (Normal) (G1 Evacuation Pause)
[2025-10-31T17:38:15.023+0000][gc,task       ] GC(298) Using 2 workers of 2 for evacuation
[2025-10-31T17:38:15.043+0000][gc,phases     ] GC(298)   Pre Evacuate Collection Set: 0.0ms
[2025-10-31T17:38:15.043+0000][gc,phases     ] GC(298)   Evacuate Collection Set: 18.2ms
[2025-10-31T17:38:15.044+0000][gc,phases     ] GC(298)   Post Evacuate Collection Set: 1.4ms
[2025-10-31T17:38:15.044+0000][gc,phases     ] GC(298)   Other: 1.1ms
[2025-10-31T17:38:15.044+0000][gc,heap       ] GC(298) Eden regions: 31->0(28)
[2025-10-31T17:38:15.045+0000][gc,heap       ] GC(298) Survivor regions: 3->5(5)
[2025-10-31T17:38:15.045+0000][gc,heap       ] GC(298) Old regions: 65->66
[2025-10-31T17:38:15.045+0000][gc,heap       ] GC(298) Humongous regions: 147->147
[2025-10-31T17:38:15.046+0000][gc,metaspace  ] GC(298) Metaspace: 53336K(57392K)->53336K(57392K) NonClass: 47409K(49584K)->47409K(49584K) Class: 5927K(7808K)->5927K(7808K)
[2025-10-31T17:38:15.046+0000][gc            ] GC(298) Pause Young (Normal) (G1 Evacuation Pause) 244M->217M(512M) 23.603ms
[2025-10-31T17:38:15.046+0000][gc,cpu        ] GC(298) User=0.04s Sys=0.00s Real=0.02s
[2025-10-31T17:39:22.972+0000][gc,start      ] GC(299) Pause Young (Normal) (G1 Evacuation Pause)
[2025-10-31T17:39:22.972+0000][gc,task       ] GC(299) Using 2 workers of 2 for evacuation
[2025-10-31T17:39:22.992+0000][gc,phases     ] GC(299)   Pre Evacuate Collection Set: 0.0ms
[2025-10-31T17:39:22.993+0000][gc,phases     ] GC(299)   Evacuate Collection Set: 18.3ms
[2025-10-31T17:39:22.993+0000][gc,phases     ] GC(299)   Post Evacuate Collection Set: 1.0ms
[2025-10-31T17:39:22.993+0000][gc,phases     ] GC(299)   Other: 1.0ms
[2025-10-31T17:39:22.993+0000][gc,heap       ] GC(299) Eden regions: 28->0(27)
[2025-10-31T17:39:22.994+0000][gc,heap       ] GC(299) Survivor regions: 5->4(5)
[2025-10-31T17:39:22.994+0000][gc,heap       ] GC(299) Old regions: 66->69
[2025-10-31T17:39:22.994+0000][gc,heap       ] GC(299) Humongous regions: 147->147
[2025-10-31T17:39:22.995+0000][gc,metaspace  ] GC(299) Metaspace: 53336K(57392K)->53336K(57392K) NonClass: 47409K(49584K)->47409K(49584K) Class: 5927K(7808K)->5927K(7808K)
[2025-10-31T17:39:22.995+0000][gc            ] GC(299) Pause Young (Normal) (G1 Evacuation Pause) 245M->219M(512M) 23.184ms
[2025-10-31T17:39:22.995+0000][gc,cpu        ] GC(299) User=0.04s Sys=0.00s Real=0.02s
[2025-10-31T17:40:28.423+0000][gc,start      ] GC(300) Pause Young (Normal) (G1 Evacuation Pause)
[2025-10-31T17:40:28.423+0000][gc,task       ] GC(300) Using 2 workers of 2 for evacuation
[2025-10-31T17:40:28.438+0000][gc,phases     ] GC(300)   Pre Evacuate Collection Set: 0.0ms
[2025-10-31T17:40:28.438+0000][gc,phases     ] GC(300)   Evacuate Collection Set: 13.2ms
[2025-10-31T17:40:28.438+0000][gc,phases     ] GC(300)   Post Evacuate Collection Set: 0.8ms
[2025-10-31T17:40:28.439+0000][gc,phases     ] GC(300)   Other: 1.0ms
[2025-10-31T17:40:28.439+0000][gc,heap       ] GC(300) Eden regions: 27->0(30)
[2025-10-31T17:40:28.439+0000][gc,heap       ] GC(300) Survivor regions: 4->4(4)
[2025-10-31T17:40:28.440+0000][gc,heap       ] GC(300) Old regions: 69->71
[2025-10-31T17:40:28.440+0000][gc,heap       ] GC(300) Humongous regions: 147->147
[2025-10-31T17:40:28.440+0000][gc,metaspace  ] GC(300) Metaspace: 53336K(57392K)->53336K(57392K) NonClass: 47409K(49584K)->47409K(49584K) Class: 5927K(7808K)->5927K(7808K)
[2025-10-31T17:40:28.441+0000][gc            ] GC(300) Pause Young (Normal) (G1 Evacuation Pause) 246M->221M(512M) 17.736ms
[2025-10-31T17:40:28.441+0000][gc,cpu        ] GC(300) User=0.03s Sys=0.00s Real=0.02s
[2025-10-31T17:41:42.050+0000][gc,start      ] GC(301) Pause Young (Normal) (G1 Evacuation Pause)
[2025-10-31T17:41:42.050+0000][gc,task       ] GC(301) Using 2 workers of 2 for evacuation
[2025-10-31T17:41:42.065+0000][gc,phases     ] GC(301)   Pre Evacuate Collection Set: 0.0ms
[2025-10-31T17:41:42.065+0000][gc,phases     ] GC(301)   Evacuate Collection Set: 14.2ms
[2025-10-31T17:41:42.066+0000][gc,phases     ] GC(301)   Post Evacuate Collection Set: 0.8ms
[2025-10-31T17:41:42.066+0000][gc,phases     ] GC(301)   Other: 0.7ms
[2025-10-31T17:41:42.066+0000][gc,heap       ] GC(301) Eden regions: 30->0(32)
[2025-10-31T17:41:42.066+0000][gc,heap       ] GC(301) Survivor regions: 4->4(5)
[2025-10-31T17:41:42.066+0000][gc,heap       ] GC(301) Old regions: 71->73
[2025-10-31T17:41:42.067+0000][gc,heap       ] GC(301) Humongous regions: 147->147
[2025-10-31T17:41:42.067+0000][gc,metaspace  ] GC(301) Metaspace: 53336K(57392K)->53336K(57392K) NonClass: 47409K(49584K)->47409K(49584K) Class: 5927K(7808K)->5927K(7808K)
[2025-10-31T17:41:42.067+0000][gc            ] GC(301) Pause Young (Normal) (G1 Evacuation Pause) 251M->223M(512M) 17.337ms
[2025-10-31T17:41:42.067+0000][gc,cpu        ] GC(301) User=0.03s Sys=0.00s Real=0.02s
[2025-10-31T17:42:21.438+0000][gc,start      ] GC(302) Pause Young (Normal) (G1 Evacuation Pause)
[2025-10-31T17:42:21.438+0000][gc,task       ] GC(302) Using 2 workers of 2 for evacuation
[2025-10-31T17:42:21.455+0000][gc,phases     ] GC(302)   Pre Evacuate Collection Set: 0.0ms
[2025-10-31T17:42:21.455+0000][gc,phases     ] GC(302)   Evacuate Collection Set: 14.4ms
[2025-10-31T17:42:21.455+0000][gc,phases     ] GC(302)   Post Evacuate Collection Set: 1.9ms
[2025-10-31T17:42:21.456+0000][gc,phases     ] GC(302)   Other: 0.7ms
[2025-10-31T17:42:21.456+0000][gc,heap       ] GC(302) Eden regions: 28->0(33)
[2025-10-31T17:42:21.456+0000][gc,heap       ] GC(302) Survivor regions: 4->4(4)
[2025-10-31T17:42:21.456+0000][gc,heap       ] GC(302) Old regions: 73->76
[2025-10-31T17:42:21.456+0000][gc,heap       ] GC(302) Humongous regions: 147->147
[2025-10-31T17:42:21.457+0000][gc,metaspace  ] GC(302) Metaspace: 53356K(57392K)->53356K(57392K) NonClass: 47429K(49584K)->47429K(49584K) Class: 5927K(7808K)->5927K(7808K)
[2025-10-31T17:42:21.457+0000][gc            ] GC(302) Pause Young (Normal) (G1 Evacuation Pause) 251M->226M(512M) 18.619ms
[2025-10-31T17:42:21.457+0000][gc,cpu        ] GC(302) User=0.03s Sys=0.00s Real=0.02s
[2025-10-31T17:42:36.570+0000][gc,start      ] GC(303) Pause Young (Normal) (G1 Evacuation Pause)
[2025-10-31T17:42:36.571+0000][gc,task       ] GC(303) Using 2 workers of 2 for evacuation
[2025-10-31T17:42:36.588+0000][gc,phases     ] GC(303)   Pre Evacuate Collection Set: 0.0ms
[2025-10-31T17:42:36.588+0000][gc,phases     ] GC(303)   Evacuate Collection Set: 14.9ms
[2025-10-31T17:42:36.589+0000][gc,phases     ] GC(303)   Post Evacuate Collection Set: 1.5ms
[2025-10-31T17:42:36.589+0000][gc,phases     ] GC(303)   Other: 1.1ms
[2025-10-31T17:42:36.589+0000][gc,heap       ] GC(303) Eden regions: 26->0(37)
[2025-10-31T17:42:36.589+0000][gc,heap       ] GC(303) Survivor regions: 4->2(4)
[2025-10-31T17:42:36.590+0000][gc,heap       ] GC(303) Old regions: 76->79
[2025-10-31T17:42:36.590+0000][gc,heap       ] GC(303) Humongous regions: 147->147
[2025-10-31T17:42:36.590+0000][gc,metaspace  ] GC(303) Metaspace: 53365K(57392K)->53365K(57392K) NonClass: 47437K(49584K)->47437K(49584K) Class: 5927K(7808K)->5927K(7808K)
[2025-10-31T17:42:36.591+0000][gc            ] GC(303) Pause Young (Normal) (G1 Evacuation Pause) 252M->227M(512M) 20.130ms
[2025-10-31T17:42:36.591+0000][gc,cpu        ] GC(303) User=0.05s Sys=0.00s Real=0.02s
[2025-10-31T17:42:39.663+0000][gc,start      ] GC(304) Pause Young (Normal) (G1 Evacuation Pause)
[2025-10-31T17:42:39.663+0000][gc,task       ] GC(304) Using 2 workers of 2 for evacuation
[2025-10-31T17:42:39.675+0000][gc,phases     ] GC(304)   Pre Evacuate Collection Set: 0.0ms
[2025-10-31T17:42:39.675+0000][gc,phases     ] GC(304)   Evacuate Collection Set: 10.4ms
[2025-10-31T17:42:39.675+0000][gc,phases     ] GC(304)   Post Evacuate Collection Set: 0.7ms
[2025-10-31T17:42:39.676+0000][gc,phases     ] GC(304)   Other: 0.6ms
[2025-10-31T17:42:39.676+0000][gc,heap       ] GC(304) Eden regions: 37->0(38)
[2025-10-31T17:42:39.676+0000][gc,heap       ] GC(304) Survivor regions: 2->3(5)
[2025-10-31T17:42:39.676+0000][gc,heap       ] GC(304) Old regions: 79->79
[2025-10-31T17:42:39.676+0000][gc,heap       ] GC(304) Humongous regions: 147->147
[2025-10-31T17:42:39.676+0000][gc,metaspace  ] GC(304) Metaspace: 53365K(57392K)->53365K(57392K) NonClass: 47437K(49584K)->47437K(49584K) Class: 5927K(7808K)->5927K(7808K)
[2025-10-31T17:42:39.677+0000][gc            ] GC(304) Pause Young (Normal) (G1 Evacuation Pause) 264M->228M(512M) 13.474ms
[2025-10-31T17:42:39.677+0000][gc,cpu        ] GC(304) User=0.02s Sys=0.00s Real=0.01s
[2025-10-31T17:42:41.494+0000][gc,start      ] GC(305) Pause Young (Normal) (G1 Evacuation Pause)
[2025-10-31T17:42:41.495+0000][gc,task       ] GC(305) Using 2 workers of 2 for evacuation
[2025-10-31T17:42:41.508+0000][gc,phases     ] GC(305)   Pre Evacuate Collection Set: 0.0ms
[2025-10-31T17:42:41.509+0000][gc,phases     ] GC(305)   Evacuate Collection Set: 11.9ms
[2025-10-31T17:42:41.509+0000][gc,phases     ] GC(305)   Post Evacuate Collection Set: 0.9ms
[2025-10-31T17:42:41.510+0000][gc,phases     ] GC(305)   Other: 1.1ms
[2025-10-31T17:42:41.510+0000][gc,heap       ] GC(305) Eden regions: 38->0(39)
[2025-10-31T17:42:41.510+0000][gc,heap       ] GC(305) Survivor regions: 3->4(6)
[2025-10-31T17:42:41.510+0000][gc,heap       ] GC(305) Old regions: 79->79
[2025-10-31T17:42:41.511+0000][gc,heap       ] GC(305) Humongous regions: 147->147
[2025-10-31T17:42:41.511+0000][gc,metaspace  ] GC(305) Metaspace: 53365K(57392K)->53365K(57392K) NonClass: 47437K(49584K)->47437K(49584K) Class: 5927K(7808K)->5927K(7808K)
[2025-10-31T17:42:41.511+0000][gc            ] GC(305) Pause Young (Normal) (G1 Evacuation Pause) 266M->229M(512M) 16.527ms
[2025-10-31T17:42:41.511+0000][gc,cpu        ] GC(305) User=0.04s Sys=0.00s Real=0.01s
[2025-10-31T17:42:57.501+0000][gc,start      ] GC(306) Pause Young (Normal) (G1 Evacuation Pause)
[2025-10-31T17:42:57.501+0000][gc,task       ] GC(306) Using 2 workers of 2 for evacuation
[2025-10-31T17:42:57.517+0000][gc,phases     ] GC(306)   Pre Evacuate Collection Set: 0.0ms
[2025-10-31T17:42:57.517+0000][gc,phases     ] GC(306)   Evacuate Collection Set: 14.0ms
[2025-10-31T17:42:57.517+0000][gc,phases     ] GC(306)   Post Evacuate Collection Set: 0.9ms
[2025-10-31T17:42:57.517+0000][gc,phases     ] GC(306)   Other: 1.0ms
[2025-10-31T17:42:57.518+0000][gc,heap       ] GC(306) Eden regions: 31->0(38)
[2025-10-31T17:42:57.518+0000][gc,heap       ] GC(306) Survivor regions: 4->4(5)
[2025-10-31T17:42:57.518+0000][gc,heap       ] GC(306) Old regions: 79->81
[2025-10-31T17:42:57.518+0000][gc,heap       ] GC(306) Humongous regions: 147->147
[2025-10-31T17:42:57.519+0000][gc,metaspace  ] GC(306) Metaspace: 53365K(57392K)->53365K(57392K) NonClass: 47437K(49584K)->47437K(49584K) Class: 5927K(7808K)->5927K(7808K)
[2025-10-31T17:42:57.519+0000][gc            ] GC(306) Pause Young (Normal) (G1 Evacuation Pause) 260M->230M(512M) 18.248ms
[2025-10-31T17:42:57.519+0000][gc,cpu        ] GC(306) User=0.03s Sys=0.00s Real=0.02s
[2025-10-31T17:43:45.330+0000][gc,start      ] GC(307) Pause Young (Normal) (G1 Evacuation Pause)
[2025-10-31T17:43:45.330+0000][gc,task       ] GC(307) Using 2 workers of 2 for evacuation
[2025-10-31T17:43:45.347+0000][gc,phases     ] GC(307)   Pre Evacuate Collection Set: 0.0ms
[2025-10-31T17:43:45.347+0000][gc,phases     ] GC(307)   Evacuate Collection Set: 14.8ms
[2025-10-31T17:43:45.347+0000][gc,phases     ] GC(307)   Post Evacuate Collection Set: 0.9ms
[2025-10-31T17:43:45.348+0000][gc,phases     ] GC(307)   Other: 0.7ms
[2025-10-31T17:43:45.348+0000][gc,heap       ] GC(307) Eden regions: 21->0(30)
[2025-10-31T17:43:45.348+0000][gc,heap       ] GC(307) Survivor regions: 4->4(4)
[2025-10-31T17:43:45.348+0000][gc,heap       ] GC(307) Old regions: 81->83
[2025-10-31T17:43:45.348+0000][gc,heap       ] GC(307) Humongous regions: 147->147
[2025-10-31T17:43:45.348+0000][gc,metaspace  ] GC(307) Metaspace: 53365K(57392K)->53365K(57392K) NonClass: 47437K(49584K)->47437K(49584K) Class: 5927K(7808K)->5927K(7808K)
[2025-10-31T17:43:45.349+0000][gc            ] GC(307) Pause Young (Normal) (G1 Evacuation Pause) 251M->233M(512M) 18.457ms
[2025-10-31T17:43:45.349+0000][gc,cpu        ] GC(307) User=0.03s Sys=0.00s Real=0.02s
[2025-10-31T17:44:52.422+0000][gc,start      ] GC(308) Pause Young (Normal) (G1 Evacuation Pause)
[2025-10-31T17:44:52.422+0000][gc,task       ] GC(308) Using 2 workers of 2 for evacuation
[2025-10-31T17:44:52.440+0000][gc,phases     ] GC(308)   Pre Evacuate Collection Set: 0.0ms
[2025-10-31T17:44:52.441+0000][gc,phases     ] GC(308)   Evacuate Collection Set: 17.1ms
[2025-10-31T17:44:52.441+0000][gc,phases     ] GC(308)   Post Evacuate Collection Set: 0.8ms
[2025-10-31T17:44:52.441+0000][gc,phases     ] GC(308)   Other: 0.7ms
[2025-10-31T17:44:52.441+0000][gc,heap       ] GC(308) Eden regions: 28->0(31)
[2025-10-31T17:44:52.441+0000][gc,heap       ] GC(308) Survivor regions: 4->4(4)
[2025-10-31T17:44:52.442+0000][gc,heap       ] GC(308) Old regions: 83->85
[2025-10-31T17:44:52.442+0000][gc,heap       ] GC(308) Humongous regions: 147->147
[2025-10-31T17:44:52.442+0000][gc,metaspace  ] GC(308) Metaspace: 53365K(57392K)->53365K(57392K) NonClass: 47437K(49584K)->47437K(49584K) Class: 5927K(7808K)->5927K(7808K)
[2025-10-31T17:44:52.442+0000][gc            ] GC(308) Pause Young (Normal) (G1 Evacuation Pause) 261M->235M(512M) 20.552ms
[2025-10-31T17:44:52.442+0000][gc,cpu        ] GC(308) User=0.03s Sys=0.00s Real=0.02s
[2025-10-31T17:46:07.338+0000][gc,start      ] GC(309) Pause Young (Normal) (G1 Evacuation Pause)
[2025-10-31T17:46:07.339+0000][gc,task       ] GC(309) Using 2 workers of 2 for evacuation
[2025-10-31T17:46:07.367+0000][gc,mmu        ] GC(309) MMU target violated: 21.0ms (20.0ms/21.0ms)
[2025-10-31T17:46:07.367+0000][gc,phases     ] GC(309)   Pre Evacuate Collection Set: 0.0ms
[2025-10-31T17:46:07.368+0000][gc,phases     ] GC(309)   Evacuate Collection Set: 25.3ms
[2025-10-31T17:46:07.369+0000][gc,phases     ] GC(309)   Post Evacuate Collection Set: 1.9ms
[2025-10-31T17:46:07.369+0000][gc,phases     ] GC(309)   Other: 2.2ms
[2025-10-31T17:46:07.370+0000][gc,heap       ] GC(309) Eden regions: 31->0(21)
[2025-10-31T17:46:07.370+0000][gc,heap       ] GC(309) Survivor regions: 4->4(5)
[2025-10-31T17:46:07.371+0000][gc,heap       ] GC(309) Old regions: 85->87
[2025-10-31T17:46:07.371+0000][gc,heap       ] GC(309) Humongous regions: 147->147
[2025-10-31T17:46:07.371+0000][gc,metaspace  ] GC(309) Metaspace: 53365K(57392K)->53365K(57392K) NonClass: 47437K(49584K)->47437K(49584K) Class: 5927K(7808K)->5927K(7808K)
[2025-10-31T17:46:07.372+0000][gc            ] GC(309) Pause Young (Normal) (G1 Evacuation Pause) 266M->237M(512M) 34.076ms
[2025-10-31T17:46:07.373+0000][gc,cpu        ] GC(309) User=0.06s Sys=0.00s Real=0.04s
[2025-10-31T17:46:57.783+0000][gc,start      ] GC(310) Pause Young (Normal) (G1 Evacuation Pause)
[2025-10-31T17:46:57.783+0000][gc,task       ] GC(310) Using 2 workers of 2 for evacuation
[2025-10-31T17:46:57.797+0000][gc,phases     ] GC(310)   Pre Evacuate Collection Set: 0.0ms
[2025-10-31T17:46:57.797+0000][gc,phases     ] GC(310)   Evacuate Collection Set: 12.8ms
[2025-10-31T17:46:57.797+0000][gc,phases     ] GC(310)   Post Evacuate Collection Set: 0.8ms
[2025-10-31T17:46:57.798+0000][gc,phases     ] GC(310)   Other: 0.6ms
[2025-10-31T17:46:57.798+0000][gc,heap       ] GC(310) Eden regions: 21->0(25)
[2025-10-31T17:46:57.798+0000][gc,heap       ] GC(310) Survivor regions: 4->3(4)
[2025-10-31T17:46:57.798+0000][gc,heap       ] GC(310) Old regions: 87->90
[2025-10-31T17:46:57.799+0000][gc,heap       ] GC(310) Humongous regions: 147->147
[2025-10-31T17:46:57.799+0000][gc,metaspace  ] GC(310) Metaspace: 53365K(57392K)->53365K(57392K) NonClass: 47437K(49584K)->47437K(49584K) Class: 5927K(7808K)->5927K(7808K)
[2025-10-31T17:46:57.799+0000][gc            ] GC(310) Pause Young (Normal) (G1 Evacuation Pause) 258M->238M(512M) 16.268ms
[2025-10-31T17:46:57.799+0000][gc,cpu        ] GC(310) User=0.03s Sys=0.00s Real=0.02s
[2025-10-31T17:47:13.631+0000][gc,start      ] GC(311) Pause Young (Normal) (G1 Evacuation Pause)
[2025-10-31T17:47:13.631+0000][gc,task       ] GC(311) Using 2 workers of 2 for evacuation
[2025-10-31T17:47:13.648+0000][gc,phases     ] GC(311)   Pre Evacuate Collection Set: 0.0ms
[2025-10-31T17:47:13.649+0000][gc,phases     ] GC(311)   Evacuate Collection Set: 15.5ms
[2025-10-31T17:47:13.649+0000][gc,phases     ] GC(311)   Post Evacuate Collection Set: 1.1ms
[2025-10-31T17:47:13.649+0000][gc,phases     ] GC(311)   Other: 1.0ms
[2025-10-31T17:47:13.650+0000][gc,heap       ] GC(311) Eden regions: 25->0(24)
[2025-10-31T17:47:13.650+0000][gc,heap       ] GC(311) Survivor regions: 3->4(4)
[2025-10-31T17:47:13.650+0000][gc,heap       ] GC(311) Old regions: 90->90
[2025-10-31T17:47:13.650+0000][gc,heap       ] GC(311) Humongous regions: 147->147
[2025-10-31T17:47:13.651+0000][gc,metaspace  ] GC(311) Metaspace: 53365K(57392K)->53365K(57392K) NonClass: 47437K(49584K)->47437K(49584K) Class: 5927K(7808K)->5927K(7808K)
[2025-10-31T17:47:13.651+0000][gc            ] GC(311) Pause Young (Normal) (G1 Evacuation Pause) 263M->240M(512M) 20.382ms
[2025-10-31T17:47:13.651+0000][gc,cpu        ] GC(311) User=0.05s Sys=0.00s Real=0.02s
[2025-10-31T17:47:15.119+0000][gc,start      ] GC(312) Pause Young (Normal) (G1 Evacuation Pause)
[2025-10-31T17:47:15.119+0000][gc,task       ] GC(312) Using 2 workers of 2 for evacuation
[2025-10-31T17:47:15.135+0000][gc,phases     ] GC(312)   Pre Evacuate Collection Set: 0.0ms
[2025-10-31T17:47:15.136+0000][gc,phases     ] GC(312)   Evacuate Collection Set: 14.7ms
[2025-10-31T17:47:15.136+0000][gc,phases     ] GC(312)   Post Evacuate Collection Set: 0.9ms
[2025-10-31T17:47:15.136+0000][gc,phases     ] GC(312)   Other: 1.0ms
[2025-10-31T17:47:15.136+0000][gc,heap       ] GC(312) Eden regions: 24->0(27)
[2025-10-31T17:47:15.137+0000][gc,heap       ] GC(312) Survivor regions: 4->1(4)
[2025-10-31T17:47:15.137+0000][gc,heap       ] GC(312) Old regions: 90->93
[2025-10-31T17:47:15.137+0000][gc,heap       ] GC(312) Humongous regions: 147->147
[2025-10-31T17:47:15.138+0000][gc,metaspace  ] GC(312) Metaspace: 53365K(57392K)->53365K(57392K) NonClass: 47437K(49584K)->47437K(49584K) Class: 5927K(7808K)->5927K(7808K)
[2025-10-31T17:47:15.138+0000][gc            ] GC(312) Pause Young (Normal) (G1 Evacuation Pause) 264M->240M(512M) 19.293ms
[2025-10-31T17:47:15.138+0000][gc,cpu        ] GC(312) User=0.04s Sys=0.00s Real=0.02s
[2025-10-31T17:47:16.821+0000][gc,start      ] GC(313) Pause Young (Normal) (G1 Evacuation Pause)
[2025-10-31T17:47:16.823+0000][gc,task       ] GC(313) Using 2 workers of 2 for evacuation
[2025-10-31T17:47:16.831+0000][gc,phases     ] GC(313)   Pre Evacuate Collection Set: 0.0ms
[2025-10-31T17:47:16.832+0000][gc,phases     ] GC(313)   Evacuate Collection Set: 6.3ms
[2025-10-31T17:47:16.832+0000][gc,phases     ] GC(313)   Post Evacuate Collection Set: 1.0ms
[2025-10-31T17:47:16.833+0000][gc,phases     ] GC(313)   Other: 3.2ms
[2025-10-31T17:47:16.833+0000][gc,heap       ] GC(313) Eden regions: 27->0(29)
[2025-10-31T17:47:16.834+0000][gc,heap       ] GC(313) Survivor regions: 1->2(4)
[2025-10-31T17:47:16.834+0000][gc,heap       ] GC(313) Old regions: 93->93
[2025-10-31T17:47:16.835+0000][gc,heap       ] GC(313) Humongous regions: 147->147
[2025-10-31T17:47:16.835+0000][gc,metaspace  ] GC(313) Metaspace: 53365K(57392K)->53365K(57392K) NonClass: 47437K(49584K)->47437K(49584K) Class: 5927K(7808K)->5927K(7808K)
[2025-10-31T17:47:16.836+0000][gc            ] GC(313) Pause Young (Normal) (G1 Evacuation Pause) 267M->241M(512M) 14.778ms
[2025-10-31T17:47:16.836+0000][gc,cpu        ] GC(313) User=0.02s Sys=0.00s Real=0.01s
[2025-10-31T17:47:19.609+0000][gc,start      ] GC(314) Pause Young (Normal) (G1 Evacuation Pause)
[2025-10-31T17:47:19.609+0000][gc,task       ] GC(314) Using 2 workers of 2 for evacuation
[2025-10-31T17:47:19.620+0000][gc,phases     ] GC(314)   Pre Evacuate Collection Set: 0.0ms
[2025-10-31T17:47:19.620+0000][gc,phases     ] GC(314)   Evacuate Collection Set: 8.5ms
[2025-10-31T17:47:19.620+0000][gc,phases     ] GC(314)   Post Evacuate Collection Set: 1.0ms
[2025-10-31T17:47:19.620+0000][gc,phases     ] GC(314)   Other: 1.0ms
[2025-10-31T17:47:19.621+0000][gc,heap       ] GC(314) Eden regions: 29->0(31)
[2025-10-31T17:47:19.621+0000][gc,heap       ] GC(314) Survivor regions: 2->3(4)
[2025-10-31T17:47:19.621+0000][gc,heap       ] GC(314) Old regions: 93->93
[2025-10-31T17:47:19.621+0000][gc,heap       ] GC(314) Humongous regions: 147->147
[2025-10-31T17:47:19.622+0000][gc,metaspace  ] GC(314) Metaspace: 53365K(57392K)->53365K(57392K) NonClass: 47437K(49584K)->47437K(49584K) Class: 5927K(7808K)->5927K(7808K)
[2025-10-31T17:47:19.622+0000][gc            ] GC(314) Pause Young (Normal) (G1 Evacuation Pause) 270M->242M(512M) 13.034ms
[2025-10-31T17:47:19.622+0000][gc,cpu        ] GC(314) User=0.02s Sys=0.00s Real=0.02s
[2025-10-31T17:47:21.318+0000][gc,start      ] GC(315) Pause Young (Normal) (G1 Evacuation Pause)
[2025-10-31T17:47:21.318+0000][gc,task       ] GC(315) Using 2 workers of 2 for evacuation
[2025-10-31T17:47:21.330+0000][gc,phases     ] GC(315)   Pre Evacuate Collection Set: 0.0ms
[2025-10-31T17:47:21.330+0000][gc,phases     ] GC(315)   Evacuate Collection Set: 10.3ms
[2025-10-31T17:47:21.331+0000][gc,phases     ] GC(315)   Post Evacuate Collection Set: 1.2ms
[2025-10-31T17:47:21.333+0000][gc,phases     ] GC(315)   Other: 0.9ms
[2025-10-31T17:47:21.333+0000][gc,heap       ] GC(315) Eden regions: 31->0(32)
[2025-10-31T17:47:21.333+0000][gc,heap       ] GC(315) Survivor regions: 3->3(5)
[2025-10-31T17:47:21.333+0000][gc,heap       ] GC(315) Old regions: 93->93
[2025-10-31T17:47:21.334+0000][gc,heap       ] GC(315) Humongous regions: 147->147
[2025-10-31T17:47:21.334+0000][gc,metaspace  ] GC(315) Metaspace: 53365K(57392K)->53365K(57392K) NonClass: 47437K(49584K)->47437K(49584K) Class: 5927K(7808K)->5927K(7808K)
[2025-10-31T17:47:21.335+0000][gc            ] GC(315) Pause Young (Normal) (G1 Evacuation Pause) 273M->242M(512M) 16.851ms
[2025-10-31T17:47:21.335+0000][gc,cpu        ] GC(315) User=0.04s Sys=0.00s Real=0.02s
[2025-10-31T17:47:22.942+0000][gc,start      ] GC(316) Pause Young (Normal) (G1 Evacuation Pause)
[2025-10-31T17:47:22.942+0000][gc,task       ] GC(316) Using 2 workers of 2 for evacuation
[2025-10-31T17:47:22.954+0000][gc,phases     ] GC(316)   Pre Evacuate Collection Set: 0.0ms
[2025-10-31T17:47:22.954+0000][gc,phases     ] GC(316)   Evacuate Collection Set: 10.3ms
[2025-10-31T17:47:22.954+0000][gc,phases     ] GC(316)   Post Evacuate Collection Set: 0.9ms
[2025-10-31T17:47:22.955+0000][gc,phases     ] GC(316)   Other: 0.7ms
[2025-10-31T17:47:22.955+0000][gc,heap       ] GC(316) Eden regions: 32->0(34)
[2025-10-31T17:47:22.955+0000][gc,heap       ] GC(316) Survivor regions: 3->3(5)
[2025-10-31T17:47:22.955+0000][gc,heap       ] GC(316) Old regions: 93->94
[2025-10-31T17:47:22.955+0000][gc,heap       ] GC(316) Humongous regions: 147->147
[2025-10-31T17:47:22.955+0000][gc,metaspace  ] GC(316) Metaspace: 53365K(57392K)->53365K(57392K) NonClass: 47437K(49584K)->47437K(49584K) Class: 5927K(7808K)->5927K(7808K)
[2025-10-31T17:47:22.956+0000][gc            ] GC(316) Pause Young (Normal) (G1 Evacuation Pause) 274M->243M(512M) 13.999ms
[2025-10-31T17:47:22.956+0000][gc,cpu        ] GC(316) User=0.02s Sys=0.00s Real=0.01s
[2025-10-31T17:47:43.891+0000][gc,start      ] GC(317) Pause Young (Normal) (G1 Evacuation Pause)
[2025-10-31T17:47:43.891+0000][gc,task       ] GC(317) Using 2 workers of 2 for evacuation
[2025-10-31T17:47:43.906+0000][gc,phases     ] GC(317)   Pre Evacuate Collection Set: 0.0ms
[2025-10-31T17:47:43.907+0000][gc,phases     ] GC(317)   Evacuate Collection Set: 13.7ms
[2025-10-31T17:47:43.907+0000][gc,phases     ] GC(317)   Post Evacuate Collection Set: 1.0ms
[2025-10-31T17:47:43.907+0000][gc,phases     ] GC(317)   Other: 0.9ms
[2025-10-31T17:47:43.907+0000][gc,heap       ] GC(317) Eden regions: 28->0(34)
[2025-10-31T17:47:43.908+0000][gc,heap       ] GC(317) Survivor regions: 3->4(4)
[2025-10-31T17:47:43.908+0000][gc,heap       ] GC(317) Old regions: 94->95
[2025-10-31T17:47:43.908+0000][gc,heap       ] GC(317) Humongous regions: 147->147
[2025-10-31T17:47:43.908+0000][gc,metaspace  ] GC(317) Metaspace: 53365K(57392K)->53365K(57392K) NonClass: 47437K(49584K)->47437K(49584K) Class: 5927K(7808K)->5927K(7808K)
[2025-10-31T17:47:43.909+0000][gc            ] GC(317) Pause Young (Normal) (G1 Evacuation Pause) 271M->244M(512M) 18.019ms
[2025-10-31T17:47:43.909+0000][gc,cpu        ] GC(317) User=0.03s Sys=0.00s Real=0.01s
[2025-10-31T17:48:40.479+0000][gc,start      ] GC(318) Pause Young (Normal) (G1 Evacuation Pause)
[2025-10-31T17:48:40.480+0000][gc,task       ] GC(318) Using 2 workers of 2 for evacuation
[2025-10-31T17:48:40.519+0000][gc,mmu        ] GC(318) MMU target violated: 21.0ms (20.0ms/21.0ms)
[2025-10-31T17:48:40.520+0000][gc,phases     ] GC(318)   Pre Evacuate Collection Set: 0.1ms
[2025-10-31T17:48:40.520+0000][gc,phases     ] GC(318)   Evacuate Collection Set: 36.9ms
[2025-10-31T17:48:40.520+0000][gc,phases     ] GC(318)   Post Evacuate Collection Set: 1.6ms
[2025-10-31T17:48:40.521+0000][gc,phases     ] GC(318)   Other: 2.0ms
[2025-10-31T17:48:40.521+0000][gc,heap       ] GC(318) Eden regions: 24->0(21)
[2025-10-31T17:48:40.521+0000][gc,heap       ] GC(318) Survivor regions: 4->4(4)
[2025-10-31T17:48:40.521+0000][gc,heap       ] GC(318) Old regions: 95->96
[2025-10-31T17:48:40.521+0000][gc,heap       ] GC(318) Humongous regions: 147->147
[2025-10-31T17:48:40.522+0000][gc,metaspace  ] GC(318) Metaspace: 53365K(57392K)->53365K(57392K) NonClass: 47437K(49584K)->47437K(49584K) Class: 5927K(7808K)->5927K(7808K)
[2025-10-31T17:48:40.522+0000][gc            ] GC(318) Pause Young (Normal) (G1 Evacuation Pause) 268M->246M(512M) 42.813ms
[2025-10-31T17:48:40.523+0000][gc,cpu        ] GC(318) User=0.07s Sys=0.00s Real=0.05s
[2025-10-31T17:49:30.529+0000][gc,start      ] GC(319) Pause Young (Normal) (G1 Evacuation Pause)
[2025-10-31T17:49:30.530+0000][gc,task       ] GC(319) Using 2 workers of 2 for evacuation
[2025-10-31T17:49:30.551+0000][gc,mmu        ] GC(319) MMU target violated: 21.0ms (20.0ms/21.0ms)
[2025-10-31T17:49:30.552+0000][gc,phases     ] GC(319)   Pre Evacuate Collection Set: 0.0ms
[2025-10-31T17:49:30.552+0000][gc,phases     ] GC(319)   Evacuate Collection Set: 19.9ms
[2025-10-31T17:49:30.552+0000][gc,phases     ] GC(319)   Post Evacuate Collection Set: 1.2ms
[2025-10-31T17:49:30.553+0000][gc,phases     ] GC(319)   Other: 1.2ms
[2025-10-31T17:49:30.553+0000][gc,heap       ] GC(319) Eden regions: 21->0(22)
[2025-10-31T17:49:30.554+0000][gc,heap       ] GC(319) Survivor regions: 4->3(4)
[2025-10-31T17:49:30.555+0000][gc,heap       ] GC(319) Old regions: 96->100
[2025-10-31T17:49:30.555+0000][gc,heap       ] GC(319) Humongous regions: 147->147
[2025-10-31T17:49:30.555+0000][gc,metaspace  ] GC(319) Metaspace: 53365K(57392K)->53365K(57392K) NonClass: 47437K(49584K)->47437K(49584K) Class: 5927K(7808K)->5927K(7808K)
[2025-10-31T17:49:30.555+0000][gc            ] GC(319) Pause Young (Normal) (G1 Evacuation Pause) 267M->249M(512M) 26.056ms
[2025-10-31T17:49:30.556+0000][gc,cpu        ] GC(319) User=0.04s Sys=0.00s Real=0.03s
[2025-10-31T17:50:22.762+0000][gc,start      ] GC(320) Pause Young (Normal) (G1 Evacuation Pause)
[2025-10-31T17:50:22.762+0000][gc,task       ] GC(320) Using 2 workers of 2 for evacuation
[2025-10-31T17:50:22.781+0000][gc,phases     ] GC(320)   Pre Evacuate Collection Set: 0.0ms
[2025-10-31T17:50:22.781+0000][gc,phases     ] GC(320)   Evacuate Collection Set: 16.9ms
[2025-10-31T17:50:22.781+0000][gc,phases     ] GC(320)   Post Evacuate Collection Set: 1.1ms
[2025-10-31T17:50:22.782+0000][gc,phases     ] GC(320)   Other: 0.8ms
[2025-10-31T17:50:22.782+0000][gc,heap       ] GC(320) Eden regions: 22->0(22)
[2025-10-31T17:50:22.782+0000][gc,heap       ] GC(320) Survivor regions: 3->3(4)
[2025-10-31T17:50:22.783+0000][gc,heap       ] GC(320) Old regions: 100->101
[2025-10-31T17:50:22.783+0000][gc,heap       ] GC(320) Humongous regions: 147->147
[2025-10-31T17:50:22.783+0000][gc,metaspace  ] GC(320) Metaspace: 53365K(57392K)->53365K(57392K) NonClass: 47437K(49584K)->47437K(49584K) Class: 5927K(7808K)->5927K(7808K)
[2025-10-31T17:50:22.784+0000][gc            ] GC(320) Pause Young (Normal) (G1 Evacuation Pause) 271M->250M(512M) 21.963ms
[2025-10-31T17:50:22.784+0000][gc,cpu        ] GC(320) User=0.03s Sys=0.00s Real=0.03s
[2025-10-31T17:51:15.867+0000][gc,start      ] GC(321) Pause Young (Normal) (G1 Evacuation Pause)
[2025-10-31T17:51:15.867+0000][gc,task       ] GC(321) Using 2 workers of 2 for evacuation
[2025-10-31T17:51:15.885+0000][gc,phases     ] GC(321)   Pre Evacuate Collection Set: 0.0ms
[2025-10-31T17:51:15.885+0000][gc,phases     ] GC(321)   Evacuate Collection Set: 15.6ms
[2025-10-31T17:51:15.886+0000][gc,phases     ] GC(321)   Post Evacuate Collection Set: 1.0ms
[2025-10-31T17:51:15.886+0000][gc,phases     ] GC(321)   Other: 1.5ms
[2025-10-31T17:51:15.886+0000][gc,heap       ] GC(321) Eden regions: 22->0(22)
[2025-10-31T17:51:15.887+0000][gc,heap       ] GC(321) Survivor regions: 3->3(4)
[2025-10-31T17:51:15.887+0000][gc,heap       ] GC(321) Old regions: 101->103
[2025-10-31T17:51:15.887+0000][gc,heap       ] GC(321) Humongous regions: 147->147
[2025-10-31T17:51:15.888+0000][gc,metaspace  ] GC(321) Metaspace: 53365K(57392K)->53365K(57392K) NonClass: 47437K(49584K)->47437K(49584K) Class: 5927K(7808K)->5927K(7808K)
[2025-10-31T17:51:15.888+0000][gc            ] GC(321) Pause Young (Normal) (G1 Evacuation Pause) 272M->252M(512M) 21.259ms
[2025-10-31T17:51:15.888+0000][gc,cpu        ] GC(321) User=0.03s Sys=0.00s Real=0.03s
[2025-10-31T17:52:08.877+0000][gc,start      ] GC(322) Pause Young (Normal) (G1 Evacuation Pause)
[2025-10-31T17:52:08.878+0000][gc,task       ] GC(322) Using 2 workers of 2 for evacuation
[2025-10-31T17:52:08.900+0000][gc,mmu        ] GC(322) MMU target violated: 21.0ms (20.0ms/21.0ms)
[2025-10-31T17:52:08.902+0000][gc,phases     ] GC(322)   Pre Evacuate Collection Set: 0.0ms
[2025-10-31T17:52:08.902+0000][gc,phases     ] GC(322)   Evacuate Collection Set: 20.2ms
[2025-10-31T17:52:08.905+0000][gc,phases     ] GC(322)   Post Evacuate Collection Set: 1.4ms
[2025-10-31T17:52:08.906+0000][gc,phases     ] GC(322)   Other: 2.8ms
[2025-10-31T17:52:08.906+0000][gc,heap       ] GC(322) Eden regions: 22->0(22)
[2025-10-31T17:52:08.906+0000][gc,heap       ] GC(322) Survivor regions: 3->3(4)
[2025-10-31T17:52:08.906+0000][gc,heap       ] GC(322) Old regions: 103->105
[2025-10-31T17:52:08.907+0000][gc,heap       ] GC(322) Humongous regions: 147->147
[2025-10-31T17:52:08.907+0000][gc,metaspace  ] GC(322) Metaspace: 53365K(57392K)->53365K(57392K) NonClass: 47437K(49584K)->47437K(49584K) Class: 5927K(7808K)->5927K(7808K)
[2025-10-31T17:52:08.907+0000][gc            ] GC(322) Pause Young (Normal) (G1 Evacuation Pause) 274M->254M(512M) 29.852ms
[2025-10-31T17:52:08.907+0000][gc,cpu        ] GC(322) User=0.04s Sys=0.00s Real=0.03s
[2025-10-31T17:53:00.307+0000][gc,start      ] GC(323) Pause Young (Normal) (G1 Evacuation Pause)
[2025-10-31T17:53:00.307+0000][gc,task       ] GC(323) Using 2 workers of 2 for evacuation
[2025-10-31T17:53:00.326+0000][gc,phases     ] GC(323)   Pre Evacuate Collection Set: 0.0ms
[2025-10-31T17:53:00.326+0000][gc,phases     ] GC(323)   Evacuate Collection Set: 16.6ms
[2025-10-31T17:53:00.326+0000][gc,phases     ] GC(323)   Post Evacuate Collection Set: 1.1ms
[2025-10-31T17:53:00.326+0000][gc,phases     ] GC(323)   Other: 1.1ms
[2025-10-31T17:53:00.327+0000][gc,heap       ] GC(323) Eden regions: 22->0(22)
[2025-10-31T17:53:00.327+0000][gc,heap       ] GC(323) Survivor regions: 3->3(4)
[2025-10-31T17:53:00.327+0000][gc,heap       ] GC(323) Old regions: 105->107
[2025-10-31T17:53:00.328+0000][gc,heap       ] GC(323) Humongous regions: 147->147
[2025-10-31T17:53:00.328+0000][gc,metaspace  ] GC(323) Metaspace: 53365K(57392K)->53365K(57392K) NonClass: 47437K(49584K)->47437K(49584K) Class: 5927K(7808K)->5927K(7808K)
[2025-10-31T17:53:00.329+0000][gc            ] GC(323) Pause Young (Normal) (G1 Evacuation Pause) 276M->256M(512M) 21.827ms
[2025-10-31T17:53:00.329+0000][gc,cpu        ] GC(323) User=0.03s Sys=0.00s Real=0.03s
[2025-10-31T17:53:54.022+0000][gc,start      ] GC(324) Pause Young (Normal) (G1 Evacuation Pause)
[2025-10-31T17:53:54.023+0000][gc,task       ] GC(324) Using 2 workers of 2 for evacuation
[2025-10-31T17:53:54.048+0000][gc,mmu        ] GC(324) MMU target violated: 21.0ms (20.0ms/21.0ms)
[2025-10-31T17:53:54.048+0000][gc,phases     ] GC(324)   Pre Evacuate Collection Set: 0.0ms
[2025-10-31T17:53:54.048+0000][gc,phases     ] GC(324)   Evacuate Collection Set: 22.8ms
[2025-10-31T17:53:54.049+0000][gc,phases     ] GC(324)   Post Evacuate Collection Set: 1.1ms
[2025-10-31T17:53:54.049+0000][gc,phases     ] GC(324)   Other: 1.6ms
[2025-10-31T17:53:54.049+0000][gc,heap       ] GC(324) Eden regions: 22->0(22)
[2025-10-31T17:53:54.050+0000][gc,heap       ] GC(324) Survivor regions: 3->3(4)
[2025-10-31T17:53:54.050+0000][gc,heap       ] GC(324) Old regions: 107->109
[2025-10-31T17:53:54.050+0000][gc,heap       ] GC(324) Humongous regions: 147->147
[2025-10-31T17:53:54.051+0000][gc,metaspace  ] GC(324) Metaspace: 53365K(57392K)->53365K(57392K) NonClass: 47437K(49584K)->47437K(49584K) Class: 5927K(7808K)->5927K(7808K)
[2025-10-31T17:53:54.051+0000][gc            ] GC(324) Pause Young (Normal) (G1 Evacuation Pause) 278M->257M(512M) 28.552ms
[2025-10-31T17:53:54.051+0000][gc,cpu        ] GC(324) User=0.05s Sys=0.00s Real=0.03s
[2025-10-31T17:54:46.389+0000][gc,start      ] GC(325) Pause Young (Normal) (G1 Evacuation Pause)
[2025-10-31T17:54:46.390+0000][gc,task       ] GC(325) Using 2 workers of 2 for evacuation
[2025-10-31T17:54:46.410+0000][gc,phases     ] GC(325)   Pre Evacuate Collection Set: 0.0ms
[2025-10-31T17:54:46.410+0000][gc,phases     ] GC(325)   Evacuate Collection Set: 18.3ms
[2025-10-31T17:54:46.410+0000][gc,phases     ] GC(325)   Post Evacuate Collection Set: 1.1ms
[2025-10-31T17:54:46.411+0000][gc,phases     ] GC(325)   Other: 1.0ms
[2025-10-31T17:54:46.411+0000][gc,heap       ] GC(325) Eden regions: 22->0(21)
[2025-10-31T17:54:46.411+0000][gc,heap       ] GC(325) Survivor regions: 3->4(4)
[2025-10-31T17:54:46.412+0000][gc,heap       ] GC(325) Old regions: 109->110
[2025-10-31T17:54:46.412+0000][gc,heap       ] GC(325) Humongous regions: 147->147
[2025-10-31T17:54:46.412+0000][gc,metaspace  ] GC(325) Metaspace: 53365K(57392K)->53365K(57392K) NonClass: 47437K(49584K)->47437K(49584K) Class: 5927K(7808K)->5927K(7808K)
[2025-10-31T17:54:46.413+0000][gc            ] GC(325) Pause Young (Normal) (G1 Evacuation Pause) 279M->260M(512M) 23.668ms
[2025-10-31T17:54:46.413+0000][gc,cpu        ] GC(325) User=0.04s Sys=0.00s Real=0.03s
[2025-10-31T17:55:36.340+0000][gc,start      ] GC(326) Pause Young (Normal) (G1 Evacuation Pause)
[2025-10-31T17:55:36.340+0000][gc,task       ] GC(326) Using 2 workers of 2 for evacuation
[2025-10-31T17:55:36.360+0000][gc,phases     ] GC(326)   Pre Evacuate Collection Set: 0.0ms
[2025-10-31T17:55:36.361+0000][gc,phases     ] GC(326)   Evacuate Collection Set: 18.6ms
[2025-10-31T17:55:36.361+0000][gc,phases     ] GC(326)   Post Evacuate Collection Set: 1.0ms
[2025-10-31T17:55:36.362+0000][gc,phases     ] GC(326)   Other: 1.2ms
[2025-10-31T17:55:36.362+0000][gc,heap       ] GC(326) Eden regions: 21->0(22)
[2025-10-31T17:55:36.363+0000][gc,heap       ] GC(326) Survivor regions: 4->3(4)
[2025-10-31T17:55:36.363+0000][gc,heap       ] GC(326) Old regions: 110->112
[2025-10-31T17:55:36.363+0000][gc,heap       ] GC(326) Humongous regions: 147->147
[2025-10-31T17:55:36.364+0000][gc,metaspace  ] GC(326) Metaspace: 53365K(57392K)->53365K(57392K) NonClass: 47438K(49584K)->47438K(49584K) Class: 5927K(7808K)->5927K(7808K)
[2025-10-31T17:55:36.366+0000][gc            ] GC(326) Pause Young (Normal) (G1 Evacuation Pause) 281M->261M(512M) 25.978ms
[2025-10-31T17:55:36.367+0000][gc,cpu        ] GC(326) User=0.04s Sys=0.00s Real=0.03s
[2025-10-31T17:56:27.768+0000][gc,start      ] GC(327) Pause Young (Normal) (G1 Evacuation Pause)
[2025-10-31T17:56:27.768+0000][gc,task       ] GC(327) Using 2 workers of 2 for evacuation
[2025-10-31T17:56:27.794+0000][gc,mmu        ] GC(327) MMU target violated: 21.0ms (20.0ms/21.0ms)
[2025-10-31T17:56:27.794+0000][gc,phases     ] GC(327)   Pre Evacuate Collection Set: 0.0ms
[2025-10-31T17:56:27.795+0000][gc,phases     ] GC(327)   Evacuate Collection Set: 23.7ms
[2025-10-31T17:56:27.795+0000][gc,phases     ] GC(327)   Post Evacuate Collection Set: 1.4ms
[2025-10-31T17:56:27.795+0000][gc,phases     ] GC(327)   Other: 1.6ms
[2025-10-31T17:56:27.796+0000][gc,heap       ] GC(327) Eden regions: 22->0(22)
[2025-10-31T17:56:27.796+0000][gc,heap       ] GC(327) Survivor regions: 3->3(4)
[2025-10-31T17:56:27.796+0000][gc,heap       ] GC(327) Old regions: 112->115
[2025-10-31T17:56:27.797+0000][gc,heap       ] GC(327) Humongous regions: 147->147
[2025-10-31T17:56:27.797+0000][gc,metaspace  ] GC(327) Metaspace: 53365K(57392K)->53365K(57392K) NonClass: 47438K(49584K)->47438K(49584K) Class: 5927K(7808K)->5927K(7808K)
[2025-10-31T17:56:27.797+0000][gc            ] GC(327) Pause Young (Normal) (G1 Evacuation Pause) 283M->263M(512M) 29.827ms
[2025-10-31T17:56:27.798+0000][gc,cpu        ] GC(327) User=0.05s Sys=0.00s Real=0.03s
[2025-10-31T17:56:30.478+0000][gc,start      ] GC(328) Pause Young (Normal) (G1 Evacuation Pause)
[2025-10-31T17:56:30.479+0000][gc,task       ] GC(328) Using 2 workers of 2 for evacuation
[2025-10-31T17:56:30.503+0000][gc,mmu        ] GC(328) MMU target violated: 21.0ms (20.0ms/21.0ms)
[2025-10-31T17:56:30.504+0000][gc,phases     ] GC(328)   Pre Evacuate Collection Set: 0.0ms
[2025-10-31T17:56:30.505+0000][gc,phases     ] GC(328)   Evacuate Collection Set: 21.4ms
[2025-10-31T17:56:30.505+0000][gc,phases     ] GC(328)   Post Evacuate Collection Set: 1.5ms
[2025-10-31T17:56:30.507+0000][gc,phases     ] GC(328)   Other: 3.0ms
[2025-10-31T17:56:30.508+0000][gc,heap       ] GC(328) Eden regions: 22->0(23)
[2025-10-31T17:56:30.509+0000][gc,heap       ] GC(328) Survivor regions: 3->2(4)
[2025-10-31T17:56:30.511+0000][gc,heap       ] GC(328) Old regions: 115->117
[2025-10-31T17:56:30.512+0000][gc,heap       ] GC(328) Humongous regions: 147->147
[2025-10-31T17:56:30.512+0000][gc,metaspace  ] GC(328) Metaspace: 53365K(57392K)->53365K(57392K) NonClass: 47438K(49584K)->47438K(49584K) Class: 5927K(7808K)->5927K(7808K)
[2025-10-31T17:56:30.513+0000][gc            ] GC(328) Pause Young (Normal) (G1 Evacuation Pause) 285M->265M(512M) 34.546ms
[2025-10-31T17:56:30.513+0000][gc,cpu        ] GC(328) User=0.05s Sys=0.00s Real=0.04s
[2025-10-31T17:56:32.644+0000][gc,start      ] GC(329) Pause Young (Normal) (G1 Evacuation Pause)
[2025-10-31T17:56:32.644+0000][gc,task       ] GC(329) Using 2 workers of 2 for evacuation
[2025-10-31T17:56:32.658+0000][gc,phases     ] GC(329)   Pre Evacuate Collection Set: 0.0ms
[2025-10-31T17:56:32.659+0000][gc,phases     ] GC(329)   Evacuate Collection Set: 11.9ms
[2025-10-31T17:56:32.659+0000][gc,phases     ] GC(329)   Post Evacuate Collection Set: 1.3ms
[2025-10-31T17:56:32.659+0000][gc,phases     ] GC(329)   Other: 1.2ms
[2025-10-31T17:56:32.660+0000][gc,heap       ] GC(329) Eden regions: 23->0(23)
[2025-10-31T17:56:32.660+0000][gc,heap       ] GC(329) Survivor regions: 2->2(4)
[2025-10-31T17:56:32.661+0000][gc,heap       ] GC(329) Old regions: 117->117
[2025-10-31T17:56:32.661+0000][gc,heap       ] GC(329) Humongous regions: 147->147
[2025-10-31T17:56:32.661+0000][gc,metaspace  ] GC(329) Metaspace: 53365K(57392K)->53365K(57392K) NonClass: 47438K(49584K)->47438K(49584K) Class: 5927K(7808K)->5927K(7808K)
[2025-10-31T17:56:32.662+0000][gc            ] GC(329) Pause Young (Normal) (G1 Evacuation Pause) 288M->265M(512M) 17.934ms
[2025-10-31T17:56:32.662+0000][gc,cpu        ] GC(329) User=0.03s Sys=0.00s Real=0.01s
[2025-10-31T17:56:35.144+0000][gc,start      ] GC(330) Pause Young (Normal) (G1 Evacuation Pause)
[2025-10-31T17:56:35.145+0000][gc,task       ] GC(330) Using 2 workers of 2 for evacuation
[2025-10-31T17:56:35.162+0000][gc,phases     ] GC(330)   Pre Evacuate Collection Set: 0.0ms
[2025-10-31T17:56:35.162+0000][gc,phases     ] GC(330)   Evacuate Collection Set: 14.5ms
[2025-10-31T17:56:35.163+0000][gc,phases     ] GC(330)   Post Evacuate Collection Set: 1.5ms
[2025-10-31T17:56:35.167+0000][gc,phases     ] GC(330)   Other: 1.5ms
[2025-10-31T17:56:35.167+0000][gc,heap       ] GC(330) Eden regions: 23->0(22)
[2025-10-31T17:56:35.168+0000][gc,heap       ] GC(330) Survivor regions: 2->3(4)
[2025-10-31T17:56:35.168+0000][gc,heap       ] GC(330) Old regions: 117->117
[2025-10-31T17:56:35.168+0000][gc,heap       ] GC(330) Humongous regions: 147->147
[2025-10-31T17:56:35.169+0000][gc,metaspace  ] GC(330) Metaspace: 53365K(57392K)->53365K(57392K) NonClass: 47438K(49584K)->47438K(49584K) Class: 5927K(7808K)->5927K(7808K)
[2025-10-31T17:56:35.169+0000][gc            ] GC(330) Pause Young (Normal) (G1 Evacuation Pause) 288M->266M(512M) 24.778ms
[2025-10-31T17:56:35.170+0000][gc,cpu        ] GC(330) User=0.03s Sys=0.00s Real=0.02s
[2025-10-31T17:56:37.188+0000][gc,start      ] GC(331) Pause Young (Normal) (G1 Evacuation Pause)
[2025-10-31T17:56:37.188+0000][gc,task       ] GC(331) Using 2 workers of 2 for evacuation
[2025-10-31T17:56:37.207+0000][gc,phases     ] GC(331)   Pre Evacuate Collection Set: 0.0ms
[2025-10-31T17:56:37.207+0000][gc,phases     ] GC(331)   Evacuate Collection Set: 16.3ms
[2025-10-31T17:56:37.208+0000][gc,phases     ] GC(331)   Post Evacuate Collection Set: 1.6ms
[2025-10-31T17:56:37.208+0000][gc,phases     ] GC(331)   Other: 1.1ms
[2025-10-31T17:56:37.208+0000][gc,heap       ] GC(331) Eden regions: 22->0(22)
[2025-10-31T17:56:37.209+0000][gc,heap       ] GC(331) Survivor regions: 3->3(4)
[2025-10-31T17:56:37.253+0000][gc,heap       ] GC(331) Old regions: 117->118
[2025-10-31T17:56:37.261+0000][gc,heap       ] GC(331) Humongous regions: 147->147
[2025-10-31T17:56:37.268+0000][gc,metaspace  ] GC(331) Metaspace: 53365K(57392K)->53365K(57392K) NonClass: 47438K(49584K)->47438K(49584K) Class: 5927K(7808K)->5927K(7808K)
[2025-10-31T17:56:37.269+0000][gc            ] GC(331) Pause Young (Normal) (G1 Evacuation Pause) 288M->267M(512M) 81.398ms
[2025-10-31T17:56:37.270+0000][gc,cpu        ] GC(331) User=0.08s Sys=0.01s Real=0.08s
[2025-10-31T17:56:39.608+0000][gc,start      ] GC(332) Pause Young (Normal) (G1 Evacuation Pause)
[2025-10-31T17:56:39.609+0000][gc,task       ] GC(332) Using 2 workers of 2 for evacuation
[2025-10-31T17:56:39.633+0000][gc,mmu        ] GC(332) MMU target violated: 21.0ms (20.0ms/21.0ms)
[2025-10-31T17:56:39.633+0000][gc,phases     ] GC(332)   Pre Evacuate Collection Set: 0.0ms
[2025-10-31T17:56:39.634+0000][gc,phases     ] GC(332)   Evacuate Collection Set: 20.0ms
[2025-10-31T17:56:39.635+0000][gc,phases     ] GC(332)   Post Evacuate Collection Set: 3.3ms
[2025-10-31T17:56:39.635+0000][gc,phases     ] GC(332)   Other: 2.3ms
[2025-10-31T17:56:39.636+0000][gc,heap       ] GC(332) Eden regions: 22->0(23)
[2025-10-31T17:56:39.637+0000][gc,heap       ] GC(332) Survivor regions: 3->2(4)
[2025-10-31T17:56:39.637+0000][gc,heap       ] GC(332) Old regions: 118->119
[2025-10-31T17:56:39.638+0000][gc,heap       ] GC(332) Humongous regions: 147->147
[2025-10-31T17:56:39.639+0000][gc,metaspace  ] GC(332) Metaspace: 53365K(57392K)->53365K(57392K) NonClass: 47438K(49584K)->47438K(49584K) Class: 5927K(7808K)->5927K(7808K)
[2025-10-31T17:56:39.640+0000][gc            ] GC(332) Pause Young (Normal) (G1 Evacuation Pause) 289M->267M(512M) 31.708ms
[2025-10-31T17:56:39.640+0000][gc,cpu        ] GC(332) User=0.05s Sys=0.00s Real=0.03s
[2025-10-31T17:56:41.664+0000][gc,start      ] GC(333) Pause Young (Normal) (G1 Evacuation Pause)
[2025-10-31T17:56:41.665+0000][gc,task       ] GC(333) Using 2 workers of 2 for evacuation
[2025-10-31T17:56:41.689+0000][gc,mmu        ] GC(333) MMU target violated: 21.0ms (20.0ms/21.0ms)
[2025-10-31T17:56:41.692+0000][gc,phases     ] GC(333)   Pre Evacuate Collection Set: 0.0ms
[2025-10-31T17:56:41.692+0000][gc,phases     ] GC(333)   Evacuate Collection Set: 20.5ms
[2025-10-31T17:56:41.693+0000][gc,phases     ] GC(333)   Post Evacuate Collection Set: 2.0ms
[2025-10-31T17:56:41.693+0000][gc,phases     ] GC(333)   Other: 4.9ms
[2025-10-31T17:56:41.694+0000][gc,heap       ] GC(333) Eden regions: 23->0(22)
[2025-10-31T17:56:41.695+0000][gc,heap       ] GC(333) Survivor regions: 2->3(4)
[2025-10-31T17:56:41.695+0000][gc,heap       ] GC(333) Old regions: 119->119
[2025-10-31T17:56:41.695+0000][gc,heap       ] GC(333) Humongous regions: 147->147
[2025-10-31T17:56:41.696+0000][gc,metaspace  ] GC(333) Metaspace: 53365K(57392K)->53365K(57392K) NonClass: 47438K(49584K)->47438K(49584K) Class: 5927K(7808K)->5927K(7808K)
[2025-10-31T17:56:41.696+0000][gc            ] GC(333) Pause Young (Normal) (G1 Evacuation Pause) 290M->268M(512M) 32.173ms
[2025-10-31T17:56:41.697+0000][gc,cpu        ] GC(333) User=0.04s Sys=0.00s Real=0.03s
[2025-10-31T17:56:46.950+0000][gc,start      ] GC(334) Pause Young (Normal) (G1 Evacuation Pause)
[2025-10-31T17:56:46.951+0000][gc,task       ] GC(334) Using 2 workers of 2 for evacuation
[2025-10-31T17:56:46.972+0000][gc,mmu        ] GC(334) MMU target violated: 20.8ms (20.0ms/21.0ms)
[2025-10-31T17:56:46.973+0000][gc,phases     ] GC(334)   Pre Evacuate Collection Set: 0.0ms
[2025-10-31T17:56:46.973+0000][gc,phases     ] GC(334)   Evacuate Collection Set: 19.4ms
[2025-10-31T17:56:46.973+0000][gc,phases     ] GC(334)   Post Evacuate Collection Set: 1.3ms
[2025-10-31T17:56:46.974+0000][gc,phases     ] GC(334)   Other: 2.0ms
[2025-10-31T17:56:46.974+0000][gc,heap       ] GC(334) Eden regions: 22->0(22)
[2025-10-31T17:56:46.975+0000][gc,heap       ] GC(334) Survivor regions: 3->3(4)
[2025-10-31T17:56:46.975+0000][gc,heap       ] GC(334) Old regions: 119->120
[2025-10-31T17:56:46.977+0000][gc,heap       ] GC(334) Humongous regions: 147->147
[2025-10-31T17:56:46.978+0000][gc,metaspace  ] GC(334) Metaspace: 53365K(57392K)->53365K(57392K) NonClass: 47438K(49584K)->47438K(49584K) Class: 5927K(7808K)->5927K(7808K)
[2025-10-31T17:56:46.978+0000][gc            ] GC(334) Pause Young (Normal) (G1 Evacuation Pause) 290M->268M(512M) 28.305ms
[2025-10-31T17:56:46.979+0000][gc,cpu        ] GC(334) User=0.04s Sys=0.00s Real=0.03s
[2025-10-31T17:57:40.233+0000][gc,start      ] GC(335) Pause Young (Normal) (G1 Evacuation Pause)
[2025-10-31T17:57:40.234+0000][gc,task       ] GC(335) Using 2 workers of 2 for evacuation
[2025-10-31T17:57:40.254+0000][gc,mmu        ] GC(335) MMU target violated: 20.4ms (20.0ms/21.0ms)
[2025-10-31T17:57:40.255+0000][gc,phases     ] GC(335)   Pre Evacuate Collection Set: 0.0ms
[2025-10-31T17:57:40.255+0000][gc,phases     ] GC(335)   Evacuate Collection Set: 19.1ms
[2025-10-31T17:57:40.256+0000][gc,phases     ] GC(335)   Post Evacuate Collection Set: 1.1ms
[2025-10-31T17:57:40.256+0000][gc,phases     ] GC(335)   Other: 1.3ms
[2025-10-31T17:57:40.257+0000][gc,heap       ] GC(335) Eden regions: 22->0(21)
[2025-10-31T17:57:40.257+0000][gc,heap       ] GC(335) Survivor regions: 3->4(4)
[2025-10-31T17:57:40.258+0000][gc,heap       ] GC(335) Old regions: 120->121
[2025-10-31T17:57:40.258+0000][gc,heap       ] GC(335) Humongous regions: 147->147
[2025-10-31T17:57:40.258+0000][gc,metaspace  ] GC(335) Metaspace: 53365K(57392K)->53365K(57392K) NonClass: 47438K(49584K)->47438K(49584K) Class: 5927K(7808K)->5927K(7808K)
[2025-10-31T17:57:40.259+0000][gc            ] GC(335) Pause Young (Normal) (G1 Evacuation Pause) 290M->271M(512M) 25.361ms
[2025-10-31T17:57:40.259+0000][gc,cpu        ] GC(335) User=0.04s Sys=0.00s Real=0.03s
[2025-10-31T17:58:29.892+0000][gc,start      ] GC(336) Pause Young (Normal) (G1 Evacuation Pause)
[2025-10-31T17:58:29.892+0000][gc,task       ] GC(336) Using 2 workers of 2 for evacuation
[2025-10-31T17:58:29.905+0000][gc,phases     ] GC(336)   Pre Evacuate Collection Set: 0.0ms
[2025-10-31T17:58:29.905+0000][gc,phases     ] GC(336)   Evacuate Collection Set: 11.9ms
[2025-10-31T17:58:29.906+0000][gc,phases     ] GC(336)   Post Evacuate Collection Set: 0.6ms
[2025-10-31T17:58:29.906+0000][gc,phases     ] GC(336)   Other: 0.7ms
[2025-10-31T17:58:29.906+0000][gc,heap       ] GC(336) Eden regions: 21->0(22)
[2025-10-31T17:58:29.906+0000][gc,heap       ] GC(336) Survivor regions: 4->3(4)
[2025-10-31T17:58:29.906+0000][gc,heap       ] GC(336) Old regions: 121->124
[2025-10-31T17:58:29.907+0000][gc,heap       ] GC(336) Humongous regions: 147->147
[2025-10-31T17:58:29.907+0000][gc,metaspace  ] GC(336) Metaspace: 53365K(57392K)->53365K(57392K) NonClass: 47438K(49584K)->47438K(49584K) Class: 5927K(7808K)->5927K(7808K)
[2025-10-31T17:58:29.907+0000][gc            ] GC(336) Pause Young (Normal) (G1 Evacuation Pause) 292M->272M(512M) 15.027ms
[2025-10-31T17:58:29.907+0000][gc,cpu        ] GC(336) User=0.03s Sys=0.00s Real=0.02s
[2025-10-31T17:59:21.979+0000][gc,start      ] GC(337) Pause Young (Normal) (G1 Evacuation Pause)
[2025-10-31T17:59:21.979+0000][gc,task       ] GC(337) Using 2 workers of 2 for evacuation
[2025-10-31T17:59:21.992+0000][gc,phases     ] GC(337)   Pre Evacuate Collection Set: 0.0ms
[2025-10-31T17:59:21.992+0000][gc,phases     ] GC(337)   Evacuate Collection Set: 11.9ms
[2025-10-31T17:59:21.992+0000][gc,phases     ] GC(337)   Post Evacuate Collection Set: 0.7ms
[2025-10-31T17:59:21.993+0000][gc,phases     ] GC(337)   Other: 0.7ms
[2025-10-31T17:59:21.993+0000][gc,heap       ] GC(337) Eden regions: 22->0(21)
[2025-10-31T17:59:21.993+0000][gc,heap       ] GC(337) Survivor regions: 3->4(4)
[2025-10-31T17:59:21.993+0000][gc,heap       ] GC(337) Old regions: 124->126
[2025-10-31T17:59:21.994+0000][gc,heap       ] GC(337) Humongous regions: 147->147
[2025-10-31T17:59:21.994+0000][gc,metaspace  ] GC(337) Metaspace: 53365K(57392K)->53365K(57392K) NonClass: 47438K(49584K)->47438K(49584K) Class: 5927K(7808K)->5927K(7808K)
[2025-10-31T17:59:21.994+0000][gc            ] GC(337) Pause Young (Normal) (G1 Evacuation Pause) 294M->275M(512M) 15.297ms
[2025-10-31T17:59:21.994+0000][gc,cpu        ] GC(337) User=0.02s Sys=0.00s Real=0.01s
[2025-10-31T17:59:35.870+0000][gc,start      ] GC(338) Pause Young (Normal) (G1 Evacuation Pause)
[2025-10-31T17:59:35.870+0000][gc,task       ] GC(338) Using 2 workers of 2 for evacuation
[2025-10-31T17:59:35.883+0000][gc,phases     ] GC(338)   Pre Evacuate Collection Set: 0.0ms
[2025-10-31T17:59:35.884+0000][gc,phases     ] GC(338)   Evacuate Collection Set: 11.8ms
[2025-10-31T17:59:35.884+0000][gc,phases     ] GC(338)   Post Evacuate Collection Set: 0.9ms
[2025-10-31T17:59:35.884+0000][gc,phases     ] GC(338)   Other: 0.7ms
[2025-10-31T17:59:35.884+0000][gc,heap       ] GC(338) Eden regions: 21->0(23)
[2025-10-31T17:59:35.885+0000][gc,heap       ] GC(338) Survivor regions: 4->2(4)
[2025-10-31T17:59:35.885+0000][gc,heap       ] GC(338) Old regions: 126->128
[2025-10-31T17:59:35.885+0000][gc,heap       ] GC(338) Humongous regions: 147->147
[2025-10-31T17:59:35.885+0000][gc,metaspace  ] GC(338) Metaspace: 53365K(57392K)->53365K(57392K) NonClass: 47438K(49584K)->47438K(49584K) Class: 5927K(7808K)->5927K(7808K)
[2025-10-31T17:59:35.886+0000][gc            ] GC(338) Pause Young (Normal) (G1 Evacuation Pause) 296M->276M(512M) 15.828ms
[2025-10-31T17:59:35.886+0000][gc,cpu        ] GC(338) User=0.03s Sys=0.00s Real=0.01s
[2025-10-31T17:59:36.847+0000][gc,start      ] GC(339) Pause Young (Normal) (G1 Evacuation Pause)
[2025-10-31T17:59:36.848+0000][gc,task       ] GC(339) Using 2 workers of 2 for evacuation
[2025-10-31T17:59:36.858+0000][gc,phases     ] GC(339)   Pre Evacuate Collection Set: 0.0ms
[2025-10-31T17:59:36.858+0000][gc,phases     ] GC(339)   Evacuate Collection Set: 8.9ms
[2025-10-31T17:59:36.858+0000][gc,phases     ] GC(339)   Post Evacuate Collection Set: 0.8ms
[2025-10-31T17:59:36.859+0000][gc,phases     ] GC(339)   Other: 0.7ms
[2025-10-31T17:59:36.859+0000][gc,heap       ] GC(339) Eden regions: 23->0(26)
[2025-10-31T17:59:36.859+0000][gc,heap       ] GC(339) Survivor regions: 2->3(4)
[2025-10-31T17:59:36.859+0000][gc,heap       ] GC(339) Old regions: 128->128
[2025-10-31T17:59:36.860+0000][gc,heap       ] GC(339) Humongous regions: 147->147
[2025-10-31T17:59:36.860+0000][gc,metaspace  ] GC(339) Metaspace: 53365K(57392K)->53365K(57392K) NonClass: 47438K(49584K)->47438K(49584K) Class: 5927K(7808K)->5927K(7808K)
[2025-10-31T17:59:36.860+0000][gc            ] GC(339) Pause Young (Normal) (G1 Evacuation Pause) 299M->276M(512M) 12.501ms
[2025-10-31T17:59:36.860+0000][gc,cpu        ] GC(339) User=0.02s Sys=0.00s Real=0.01s
[2025-10-31T17:59:37.976+0000][gc,start      ] GC(340) Pause Young (Normal) (G1 Evacuation Pause)
[2025-10-31T17:59:37.976+0000][gc,task       ] GC(340) Using 2 workers of 2 for evacuation
[2025-10-31T17:59:37.988+0000][gc,phases     ] GC(340)   Pre Evacuate Collection Set: 0.0ms
[2025-10-31T17:59:37.988+0000][gc,phases     ] GC(340)   Evacuate Collection Set: 10.4ms
[2025-10-31T17:59:37.989+0000][gc,phases     ] GC(340)   Post Evacuate Collection Set: 0.9ms
[2025-10-31T17:59:37.989+0000][gc,phases     ] GC(340)   Other: 0.7ms
[2025-10-31T17:59:37.989+0000][gc,heap       ] GC(340) Eden regions: 26->0(29)
[2025-10-31T17:59:37.989+0000][gc,heap       ] GC(340) Survivor regions: 3->2(4)
[2025-10-31T17:59:37.989+0000][gc,heap       ] GC(340) Old regions: 128->129
[2025-10-31T17:59:37.990+0000][gc,heap       ] GC(340) Humongous regions: 147->147
[2025-10-31T17:59:37.990+0000][gc,metaspace  ] GC(340) Metaspace: 53365K(57392K)->53365K(57392K) NonClass: 47438K(49584K)->47438K(49584K) Class: 5927K(7808K)->5927K(7808K)
[2025-10-31T17:59:37.990+0000][gc            ] GC(340) Pause Young (Normal) (G1 Evacuation Pause) 302M->277M(512M) 14.288ms
[2025-10-31T17:59:37.990+0000][gc,cpu        ] GC(340) User=0.02s Sys=0.00s Real=0.02s
[2025-10-31T17:59:39.691+0000][gc,start      ] GC(341) Pause Young (Normal) (G1 Evacuation Pause)
[2025-10-31T17:59:39.692+0000][gc,task       ] GC(341) Using 2 workers of 2 for evacuation
[2025-10-31T17:59:39.703+0000][gc,phases     ] GC(341)   Pre Evacuate Collection Set: 0.0ms
[2025-10-31T17:59:39.703+0000][gc,phases     ] GC(341)   Evacuate Collection Set: 9.4ms
[2025-10-31T17:59:39.703+0000][gc,phases     ] GC(341)   Post Evacuate Collection Set: 1.0ms
[2025-10-31T17:59:39.703+0000][gc,phases     ] GC(341)   Other: 0.9ms
[2025-10-31T17:59:39.704+0000][gc,heap       ] GC(341) Eden regions: 29->0(32)
[2025-10-31T17:59:39.704+0000][gc,heap       ] GC(341) Survivor regions: 2->3(4)
[2025-10-31T17:59:39.704+0000][gc,heap       ] GC(341) Old regions: 129->129
[2025-10-31T17:59:39.704+0000][gc,heap       ] GC(341) Humongous regions: 147->147
[2025-10-31T17:59:39.704+0000][gc,metaspace  ] GC(341) Metaspace: 53365K(57392K)->53365K(57392K) NonClass: 47438K(49584K)->47438K(49584K) Class: 5927K(7808K)->5927K(7808K)
[2025-10-31T17:59:39.705+0000][gc            ] GC(341) Pause Young (Normal) (G1 Evacuation Pause) 306M->278M(512M) 13.137ms
[2025-10-31T17:59:39.705+0000][gc,cpu        ] GC(341) User=0.02s Sys=0.00s Real=0.01s
[2025-10-31T17:59:44.187+0000][gc,start      ] GC(342) Pause Young (Normal) (G1 Evacuation Pause)
[2025-10-31T17:59:44.187+0000][gc,task       ] GC(342) Using 2 workers of 2 for evacuation
[2025-10-31T17:59:44.201+0000][gc,phases     ] GC(342)   Pre Evacuate Collection Set: 0.0ms
[2025-10-31T17:59:44.201+0000][gc,phases     ] GC(342)   Evacuate Collection Set: 12.0ms
[2025-10-31T17:59:44.202+0000][gc,phases     ] GC(342)   Post Evacuate Collection Set: 1.2ms
[2025-10-31T17:59:44.202+0000][gc,phases     ] GC(342)   Other: 0.7ms
[2025-10-31T17:59:44.202+0000][gc,heap       ] GC(342) Eden regions: 32->0(35)
[2025-10-31T17:59:44.203+0000][gc,heap       ] GC(342) Survivor regions: 3->4(5)
[2025-10-31T17:59:44.203+0000][gc,heap       ] GC(342) Old regions: 129->129
[2025-10-31T17:59:44.203+0000][gc,heap       ] GC(342) Humongous regions: 147->147
[2025-10-31T17:59:44.204+0000][gc,metaspace  ] GC(342) Metaspace: 53365K(57392K)->53365K(57392K) NonClass: 47438K(49584K)->47438K(49584K) Class: 5927K(7808K)->5927K(7808K)
[2025-10-31T17:59:44.204+0000][gc            ] GC(342) Pause Young (Normal) (G1 Evacuation Pause) 310M->279M(512M) 16.858ms
[2025-10-31T17:59:44.205+0000][gc,cpu        ] GC(342) User=0.02s Sys=0.00s Real=0.01s
[2025-10-31T17:59:46.035+0000][gc,start      ] GC(343) Pause Young (Normal) (G1 Evacuation Pause)
[2025-10-31T17:59:46.036+0000][gc,task       ] GC(343) Using 2 workers of 2 for evacuation
[2025-10-31T17:59:46.051+0000][gc,phases     ] GC(343)   Pre Evacuate Collection Set: 0.0ms
[2025-10-31T17:59:46.051+0000][gc,phases     ] GC(343)   Evacuate Collection Set: 14.1ms
[2025-10-31T17:59:46.052+0000][gc,phases     ] GC(343)   Post Evacuate Collection Set: 0.9ms
[2025-10-31T17:59:46.052+0000][gc,phases     ] GC(343)   Other: 0.8ms
[2025-10-31T17:59:46.052+0000][gc,heap       ] GC(343) Eden regions: 35->0(34)
[2025-10-31T17:59:46.052+0000][gc,heap       ] GC(343) Survivor regions: 4->3(5)
[2025-10-31T17:59:46.053+0000][gc,heap       ] GC(343) Old regions: 129->130
[2025-10-31T17:59:46.053+0000][gc,heap       ] GC(343) Humongous regions: 147->147
[2025-10-31T17:59:46.053+0000][gc,metaspace  ] GC(343) Metaspace: 53365K(57392K)->53365K(57392K) NonClass: 47438K(49584K)->47438K(49584K) Class: 5927K(7808K)->5927K(7808K)
[2025-10-31T17:59:46.054+0000][gc            ] GC(343) Pause Young (Normal) (G1 Evacuation Pause) 314M->279M(512M) 18.142ms
[2025-10-31T17:59:46.054+0000][gc,cpu        ] GC(343) User=0.05s Sys=0.00s Real=0.02s
[2025-10-31T17:59:47.441+0000][gc,start      ] GC(344) Pause Young (Normal) (G1 Evacuation Pause)
[2025-10-31T17:59:47.441+0000][gc,task       ] GC(344) Using 2 workers of 2 for evacuation
[2025-10-31T17:59:47.456+0000][gc,phases     ] GC(344)   Pre Evacuate Collection Set: 0.0ms
[2025-10-31T17:59:47.457+0000][gc,phases     ] GC(344)   Evacuate Collection Set: 13.1ms
[2025-10-31T17:59:47.457+0000][gc,phases     ] GC(344)   Post Evacuate Collection Set: 1.5ms
[2025-10-31T17:59:47.457+0000][gc,phases     ] GC(344)   Other: 0.9ms
[2025-10-31T17:59:47.458+0000][gc,heap       ] GC(344) Eden regions: 34->0(35)
[2025-10-31T17:59:47.458+0000][gc,heap       ] GC(344) Survivor regions: 3->3(5)
[2025-10-31T17:59:47.458+0000][gc,heap       ] GC(344) Old regions: 130->131
[2025-10-31T17:59:47.459+0000][gc,heap       ] GC(344) Humongous regions: 147->147
[2025-10-31T17:59:47.459+0000][gc,metaspace  ] GC(344) Metaspace: 53365K(57392K)->53365K(57392K) NonClass: 47438K(49584K)->47438K(49584K) Class: 5927K(7808K)->5927K(7808K)
[2025-10-31T17:59:47.459+0000][gc            ] GC(344) Pause Young (Normal) (G1 Evacuation Pause) 313M->280M(512M) 18.151ms
[2025-10-31T17:59:47.459+0000][gc,cpu        ] GC(344) User=0.02s Sys=0.00s Real=0.02s
[2025-10-31T17:59:58.575+0000][gc,start      ] GC(345) Pause Young (Normal) (G1 Evacuation Pause)
[2025-10-31T17:59:58.575+0000][gc,task       ] GC(345) Using 2 workers of 2 for evacuation
[2025-10-31T17:59:58.603+0000][gc,mmu        ] GC(345) MMU target violated: 21.0ms (20.0ms/21.0ms)
[2025-10-31T17:59:58.606+0000][gc,phases     ] GC(345)   Pre Evacuate Collection Set: 0.0ms
[2025-10-31T17:59:58.606+0000][gc,phases     ] GC(345)   Evacuate Collection Set: 24.5ms
[2025-10-31T17:59:58.607+0000][gc,phases     ] GC(345)   Post Evacuate Collection Set: 2.0ms
[2025-10-31T17:59:58.607+0000][gc,phases     ] GC(345)   Other: 4.5ms
[2025-10-31T17:59:58.608+0000][gc,heap       ] GC(345) Eden regions: 22->0(24)
[2025-10-31T17:59:58.608+0000][gc,heap       ] GC(345) Survivor regions: 3->3(4)
[2025-10-31T17:59:58.608+0000][gc,heap       ] GC(345) Old regions: 131->132
[2025-10-31T17:59:58.609+0000][gc,heap       ] GC(345) Humongous regions: 147->147
[2025-10-31T17:59:58.609+0000][gc,metaspace  ] GC(345) Metaspace: 53365K(57392K)->53365K(57392K) NonClass: 47438K(49584K)->47438K(49584K) Class: 5927K(7808K)->5927K(7808K)
[2025-10-31T17:59:58.609+0000][gc            ] GC(345) Pause Young (Normal) (G1 Evacuation Pause) 302M->280M(512M) 34.795ms
[2025-10-31T17:59:58.610+0000][gc,cpu        ] GC(345) User=0.05s Sys=0.00s Real=0.04s
[2025-10-31T18:00:50.164+0000][gc,start      ] GC(346) Pause Young (Normal) (G1 Evacuation Pause)
[2025-10-31T18:00:50.164+0000][gc,task       ] GC(346) Using 2 workers of 2 for evacuation
[2025-10-31T18:00:50.178+0000][gc,phases     ] GC(346)   Pre Evacuate Collection Set: 0.0ms
[2025-10-31T18:00:50.178+0000][gc,phases     ] GC(346)   Evacuate Collection Set: 13.0ms
[2025-10-31T18:00:50.178+0000][gc,phases     ] GC(346)   Post Evacuate Collection Set: 0.6ms
[2025-10-31T18:00:50.179+0000][gc,phases     ] GC(346)   Other: 0.7ms
[2025-10-31T18:00:50.179+0000][gc,heap       ] GC(346) Eden regions: 22->0(23)
[2025-10-31T18:00:50.179+0000][gc,heap       ] GC(346) Survivor regions: 3->4(4)
[2025-10-31T18:00:50.179+0000][gc,heap       ] GC(346) Old regions: 132->132
[2025-10-31T18:00:50.179+0000][gc,heap       ] GC(346) Humongous regions: 147->147
[2025-10-31T18:00:50.179+0000][gc,metaspace  ] GC(346) Metaspace: 53365K(57392K)->53365K(57392K) NonClass: 47438K(49584K)->47438K(49584K) Class: 5927K(7808K)->5927K(7808K)
[2025-10-31T18:00:50.180+0000][gc            ] GC(346) Pause Young (Normal) (G1 Evacuation Pause) 302M->282M(512M) 15.684ms
[2025-10-31T18:00:50.180+0000][gc,cpu        ] GC(346) User=0.03s Sys=0.00s Real=0.02s
[2025-10-31T18:01:39.753+0000][gc,start      ] GC(347) Pause Young (Normal) (G1 Evacuation Pause)
[2025-10-31T18:01:39.753+0000][gc,task       ] GC(347) Using 2 workers of 2 for evacuation
[2025-10-31T18:01:39.770+0000][gc,phases     ] GC(347)   Pre Evacuate Collection Set: 0.0ms
[2025-10-31T18:01:39.771+0000][gc,phases     ] GC(347)   Evacuate Collection Set: 15.8ms
[2025-10-31T18:01:39.771+0000][gc,phases     ] GC(347)   Post Evacuate Collection Set: 1.1ms
[2025-10-31T18:01:39.771+0000][gc,phases     ] GC(347)   Other: 0.7ms
[2025-10-31T18:01:39.771+0000][gc,heap       ] GC(347) Eden regions: 21->0(21)
[2025-10-31T18:01:39.772+0000][gc,heap       ] GC(347) Survivor regions: 4->4(4)
[2025-10-31T18:01:39.772+0000][gc,heap       ] GC(347) Old regions: 132->134
[2025-10-31T18:01:39.772+0000][gc,heap       ] GC(347) Humongous regions: 147->147
[2025-10-31T18:01:39.772+0000][gc,metaspace  ] GC(347) Metaspace: 53365K(57392K)->53365K(57392K) NonClass: 47438K(49584K)->47438K(49584K) Class: 5927K(7808K)->5927K(7808K)
[2025-10-31T18:01:39.773+0000][gc            ] GC(347) Pause Young (Normal) (G1 Evacuation Pause) 303M->284M(512M) 19.748ms
[2025-10-31T18:01:39.773+0000][gc,cpu        ] GC(347) User=0.04s Sys=0.00s Real=0.02s
[2025-10-31T18:02:29.036+0000][gc,start      ] GC(348) Pause Young (Normal) (G1 Evacuation Pause)
[2025-10-31T18:02:29.036+0000][gc,task       ] GC(348) Using 2 workers of 2 for evacuation
[2025-10-31T18:02:29.053+0000][gc,phases     ] GC(348)   Pre Evacuate Collection Set: 0.0ms
[2025-10-31T18:02:29.053+0000][gc,phases     ] GC(348)   Evacuate Collection Set: 15.4ms
[2025-10-31T18:02:29.054+0000][gc,phases     ] GC(348)   Post Evacuate Collection Set: 0.9ms
[2025-10-31T18:02:29.054+0000][gc,phases     ] GC(348)   Other: 1.2ms
[2025-10-31T18:02:29.054+0000][gc,heap       ] GC(348) Eden regions: 21->0(22)
[2025-10-31T18:02:29.054+0000][gc,heap       ] GC(348) Survivor regions: 4->3(4)
[2025-10-31T18:02:29.055+0000][gc,heap       ] GC(348) Old regions: 134->137
[2025-10-31T18:02:29.055+0000][gc,heap       ] GC(348) Humongous regions: 147->147
[2025-10-31T18:02:29.055+0000][gc,metaspace  ] GC(348) Metaspace: 53365K(57392K)->53365K(57392K) NonClass: 47438K(49584K)->47438K(49584K) Class: 5927K(7808K)->5927K(7808K)
[2025-10-31T18:02:29.055+0000][gc            ] GC(348) Pause Young (Normal) (G1 Evacuation Pause) 305M->286M(512M) 19.805ms
[2025-10-31T18:02:29.056+0000][gc,cpu        ] GC(348) User=0.03s Sys=0.00s Real=0.02s
[2025-10-31T18:03:22.377+0000][gc,start      ] GC(349) Pause Young (Normal) (G1 Evacuation Pause)
[2025-10-31T18:03:22.377+0000][gc,task       ] GC(349) Using 2 workers of 2 for evacuation
[2025-10-31T18:03:22.393+0000][gc,phases     ] GC(349)   Pre Evacuate Collection Set: 0.0ms
[2025-10-31T18:03:22.393+0000][gc,phases     ] GC(349)   Evacuate Collection Set: 14.3ms
[2025-10-31T18:03:22.394+0000][gc,phases     ] GC(349)   Post Evacuate Collection Set: 1.0ms
[2025-10-31T18:03:22.394+0000][gc,phases     ] GC(349)   Other: 0.8ms
[2025-10-31T18:03:22.394+0000][gc,heap       ] GC(349) Eden regions: 22->0(26)
[2025-10-31T18:03:22.394+0000][gc,heap       ] GC(349) Survivor regions: 3->4(4)
[2025-10-31T18:03:22.394+0000][gc,heap       ] GC(349) Old regions: 137->139
[2025-10-31T18:03:22.395+0000][gc,heap       ] GC(349) Humongous regions: 147->147
[2025-10-31T18:03:22.395+0000][gc,metaspace  ] GC(349) Metaspace: 53365K(57392K)->53365K(57392K) NonClass: 47438K(49584K)->47438K(49584K) Class: 5927K(7808K)->5927K(7808K)
[2025-10-31T18:03:22.395+0000][gc            ] GC(349) Pause Young (Normal) (G1 Evacuation Pause) 308M->289M(512M) 18.309ms
[2025-10-31T18:03:22.395+0000][gc,cpu        ] GC(349) User=0.03s Sys=0.00s Real=0.02s
[2025-10-31T18:04:24.139+0000][gc,start      ] GC(350) Pause Young (Normal) (G1 Evacuation Pause)
[2025-10-31T18:04:24.140+0000][gc,task       ] GC(350) Using 2 workers of 2 for evacuation
[2025-10-31T18:04:24.159+0000][gc,phases     ] GC(350)   Pre Evacuate Collection Set: 0.0ms
[2025-10-31T18:04:24.159+0000][gc,phases     ] GC(350)   Evacuate Collection Set: 17.1ms
[2025-10-31T18:04:24.159+0000][gc,phases     ] GC(350)   Post Evacuate Collection Set: 0.8ms
[2025-10-31T18:04:24.160+0000][gc,phases     ] GC(350)   Other: 1.6ms
[2025-10-31T18:04:24.160+0000][gc,heap       ] GC(350) Eden regions: 26->0(25)
[2025-10-31T18:04:24.160+0000][gc,heap       ] GC(350) Survivor regions: 4->4(4)
[2025-10-31T18:04:24.161+0000][gc,heap       ] GC(350) Old regions: 139->141
[2025-10-31T18:04:24.161+0000][gc,heap       ] GC(350) Humongous regions: 147->147
[2025-10-31T18:04:24.161+0000][gc,metaspace  ] GC(350) Metaspace: 53367K(57392K)->53367K(57392K) NonClass: 47439K(49584K)->47439K(49584K) Class: 5927K(7808K)->5927K(7808K)
[2025-10-31T18:04:24.161+0000][gc            ] GC(350) Pause Young (Normal) (G1 Evacuation Pause) 315M->291M(512M) 22.285ms
[2025-10-31T18:04:24.162+0000][gc,cpu        ] GC(350) User=0.04s Sys=0.00s Real=0.03s
[2025-10-31T18:05:28.513+0000][gc,start      ] GC(351) Pause Young (Normal) (G1 Evacuation Pause)
[2025-10-31T18:05:28.514+0000][gc,task       ] GC(351) Using 2 workers of 2 for evacuation
[2025-10-31T18:05:28.526+0000][gc,phases     ] GC(351)   Pre Evacuate Collection Set: 0.0ms
[2025-10-31T18:05:28.526+0000][gc,phases     ] GC(351)   Evacuate Collection Set: 10.5ms
[2025-10-31T18:05:28.526+0000][gc,phases     ] GC(351)   Post Evacuate Collection Set: 1.0ms
[2025-10-31T18:05:28.526+0000][gc,phases     ] GC(351)   Other: 0.9ms
[2025-10-31T18:05:28.526+0000][gc,heap       ] GC(351) Eden regions: 25->0(29)
[2025-10-31T18:05:28.527+0000][gc,heap       ] GC(351) Survivor regions: 4->3(4)
[2025-10-31T18:05:28.527+0000][gc,heap       ] GC(351) Old regions: 141->143
[2025-10-31T18:05:28.527+0000][gc,heap       ] GC(351) Humongous regions: 147->147
[2025-10-31T18:05:28.527+0000][gc,metaspace  ] GC(351) Metaspace: 53367K(57392K)->53367K(57392K) NonClass: 47439K(49584K)->47439K(49584K) Class: 5927K(7808K)->5927K(7808K)
[2025-10-31T18:05:28.527+0000][gc            ] GC(351) Pause Young (Normal) (G1 Evacuation Pause) 316M->292M(512M) 13.753ms
[2025-10-31T18:05:28.527+0000][gc,cpu        ] GC(351) User=0.02s Sys=0.00s Real=0.01s
[2025-10-31T18:06:44.403+0000][gc,start      ] GC(352) Pause Young (Normal) (G1 Evacuation Pause)
[2025-10-31T18:06:44.403+0000][gc,task       ] GC(352) Using 2 workers of 2 for evacuation
[2025-10-31T18:06:44.417+0000][gc,phases     ] GC(352)   Pre Evacuate Collection Set: 0.0ms
[2025-10-31T18:06:44.417+0000][gc,phases     ] GC(352)   Evacuate Collection Set: 12.6ms
[2025-10-31T18:06:44.417+0000][gc,phases     ] GC(352)   Post Evacuate Collection Set: 0.8ms
[2025-10-31T18:06:44.417+0000][gc,phases     ] GC(352)   Other: 0.9ms
[2025-10-31T18:06:44.417+0000][gc,heap       ] GC(352) Eden regions: 29->0(33)
[2025-10-31T18:06:44.418+0000][gc,heap       ] GC(352) Survivor regions: 3->4(4)
[2025-10-31T18:06:44.418+0000][gc,heap       ] GC(352) Old regions: 143->145
[2025-10-31T18:06:44.418+0000][gc,heap       ] GC(352) Humongous regions: 147->147
[2025-10-31T18:06:44.418+0000][gc,metaspace  ] GC(352) Metaspace: 53367K(57392K)->53367K(57392K) NonClass: 47439K(49584K)->47439K(49584K) Class: 5927K(7808K)->5927K(7808K)
[2025-10-31T18:06:44.418+0000][gc            ] GC(352) Pause Young (Normal) (G1 Evacuation Pause) 321M->295M(512M) 15.848ms
[2025-10-31T18:06:44.419+0000][gc,cpu        ] GC(352) User=0.03s Sys=0.00s Real=0.02s
[2025-10-31T18:08:10.993+0000][gc,start      ] GC(353) Pause Young (Normal) (G1 Evacuation Pause)
[2025-10-31T18:08:10.993+0000][gc,task       ] GC(353) Using 2 workers of 2 for evacuation
[2025-10-31T18:08:11.012+0000][gc,phases     ] GC(353)   Pre Evacuate Collection Set: 0.0ms
[2025-10-31T18:08:11.013+0000][gc,phases     ] GC(353)   Evacuate Collection Set: 17.8ms
[2025-10-31T18:08:11.013+0000][gc,phases     ] GC(353)   Post Evacuate Collection Set: 1.0ms
[2025-10-31T18:08:11.013+0000][gc,phases     ] GC(353)   Other: 0.7ms
[2025-10-31T18:08:11.013+0000][gc,heap       ] GC(353) Eden regions: 33->0(31)
[2025-10-31T18:08:11.014+0000][gc,heap       ] GC(353) Survivor regions: 4->4(5)
[2025-10-31T18:08:11.014+0000][gc,heap       ] GC(353) Old regions: 145->148
[2025-10-31T18:08:11.014+0000][gc,heap       ] GC(353) Humongous regions: 147->147
[2025-10-31T18:08:11.014+0000][gc,metaspace  ] GC(353) Metaspace: 53367K(57392K)->53367K(57392K) NonClass: 47439K(49584K)->47439K(49584K) Class: 5927K(7808K)->5927K(7808K)
[2025-10-31T18:08:11.015+0000][gc            ] GC(353) Pause Young (Normal) (G1 Evacuation Pause) 328M->297M(512M) 21.942ms
[2025-10-31T18:08:11.015+0000][gc,cpu        ] GC(353) User=0.03s Sys=0.00s Real=0.03s
[2025-10-31T18:09:32.226+0000][gc,start      ] GC(354) Pause Young (Normal) (G1 Evacuation Pause)
[2025-10-31T18:09:32.226+0000][gc,task       ] GC(354) Using 2 workers of 2 for evacuation
[2025-10-31T18:09:32.239+0000][gc,phases     ] GC(354)   Pre Evacuate Collection Set: 0.0ms
[2025-10-31T18:09:32.239+0000][gc,phases     ] GC(354)   Evacuate Collection Set: 11.2ms
[2025-10-31T18:09:32.239+0000][gc,phases     ] GC(354)   Post Evacuate Collection Set: 0.6ms
[2025-10-31T18:09:32.239+0000][gc,phases     ] GC(354)   Other: 0.7ms
[2025-10-31T18:09:32.239+0000][gc,heap       ] GC(354) Eden regions: 31->0(35)
[2025-10-31T18:09:32.239+0000][gc,heap       ] GC(354) Survivor regions: 4->4(5)
[2025-10-31T18:09:32.239+0000][gc,heap       ] GC(354) Old regions: 148->150
[2025-10-31T18:09:32.240+0000][gc,heap       ] GC(354) Humongous regions: 147->147
[2025-10-31T18:09:32.240+0000][gc,metaspace  ] GC(354) Metaspace: 53367K(57392K)->53367K(57392K) NonClass: 47440K(49584K)->47440K(49584K) Class: 5927K(7808K)->5927K(7808K)
[2025-10-31T18:09:32.240+0000][gc            ] GC(354) Pause Young (Normal) (G1 Evacuation Pause) 328M->300M(512M) 13.728ms
[2025-10-31T18:09:32.240+0000][gc,cpu        ] GC(354) User=0.02s Sys=0.00s Real=0.01s
[2025-10-31T18:11:03.889+0000][gc,start      ] GC(355) Pause Young (Normal) (G1 Evacuation Pause)
[2025-10-31T18:11:03.889+0000][gc,task       ] GC(355) Using 2 workers of 2 for evacuation
[2025-10-31T18:11:03.904+0000][gc,phases     ] GC(355)   Pre Evacuate Collection Set: 0.0ms
[2025-10-31T18:11:03.904+0000][gc,phases     ] GC(355)   Evacuate Collection Set: 13.6ms
[2025-10-31T18:11:03.904+0000][gc,phases     ] GC(355)   Post Evacuate Collection Set: 0.6ms
[2025-10-31T18:11:03.904+0000][gc,phases     ] GC(355)   Other: 0.8ms
[2025-10-31T18:11:03.905+0000][gc,heap       ] GC(355) Eden regions: 35->0(37)
[2025-10-31T18:11:03.905+0000][gc,heap       ] GC(355) Survivor regions: 4->4(5)
[2025-10-31T18:11:03.905+0000][gc,heap       ] GC(355) Old regions: 150->153
[2025-10-31T18:11:03.905+0000][gc,heap       ] GC(355) Humongous regions: 147->147
[2025-10-31T18:11:03.905+0000][gc,metaspace  ] GC(355) Metaspace: 53367K(57392K)->53367K(57392K) NonClass: 47440K(49584K)->47440K(49584K) Class: 5927K(7808K)->5927K(7808K)
[2025-10-31T18:11:03.906+0000][gc            ] GC(355) Pause Young (Normal) (G1 Evacuation Pause) 335M->303M(512M) 17.019ms
[2025-10-31T18:11:03.906+0000][gc,cpu        ] GC(355) User=0.03s Sys=0.00s Real=0.02s
[2025-10-31T18:12:28.953+0000][gc,start      ] GC(356) Pause Young (Normal) (G1 Evacuation Pause)
[2025-10-31T18:12:28.954+0000][gc,task       ] GC(356) Using 2 workers of 2 for evacuation
[2025-10-31T18:12:28.977+0000][gc,mmu        ] GC(356) MMU target violated: 21.0ms (20.0ms/21.0ms)
[2025-10-31T18:12:28.977+0000][gc,phases     ] GC(356)   Pre Evacuate Collection Set: 0.0ms
[2025-10-31T18:12:28.978+0000][gc,phases     ] GC(356)   Evacuate Collection Set: 22.0ms
[2025-10-31T18:12:28.978+0000][gc,phases     ] GC(356)   Post Evacuate Collection Set: 0.7ms
[2025-10-31T18:12:28.978+0000][gc,phases     ] GC(356)   Other: 1.4ms
[2025-10-31T18:12:28.978+0000][gc,heap       ] GC(356) Eden regions: 37->0(33)
[2025-10-31T18:12:28.978+0000][gc,heap       ] GC(356) Survivor regions: 4->6(6)
[2025-10-31T18:12:28.979+0000][gc,heap       ] GC(356) Old regions: 153->156
[2025-10-31T18:12:28.979+0000][gc,heap       ] GC(356) Humongous regions: 147->147
[2025-10-31T18:12:28.979+0000][gc,metaspace  ] GC(356) Metaspace: 53370K(57392K)->53370K(57392K) NonClass: 47443K(49584K)->47443K(49584K) Class: 5927K(7808K)->5927K(7808K)
[2025-10-31T18:12:28.979+0000][gc            ] GC(356) Pause Young (Normal) (G1 Evacuation Pause) 340M->308M(512M) 26.195ms
[2025-10-31T18:12:28.980+0000][gc,cpu        ] GC(356) User=0.05s Sys=0.00s Real=0.03s
[2025-10-31T18:13:53.750+0000][gc,start      ] GC(357) Pause Young (Normal) (G1 Evacuation Pause)
[2025-10-31T18:13:53.751+0000][gc,task       ] GC(357) Using 2 workers of 2 for evacuation
[2025-10-31T18:13:53.763+0000][gc,phases     ] GC(357)   Pre Evacuate Collection Set: 0.0ms
[2025-10-31T18:13:53.764+0000][gc,phases     ] GC(357)   Evacuate Collection Set: 11.7ms
[2025-10-31T18:13:53.764+0000][gc,phases     ] GC(357)   Post Evacuate Collection Set: 0.7ms
[2025-10-31T18:13:53.764+0000][gc,phases     ] GC(357)   Other: 0.9ms
[2025-10-31T18:13:53.764+0000][gc,heap       ] GC(357) Eden regions: 33->0(35)
[2025-10-31T18:13:53.764+0000][gc,heap       ] GC(357) Survivor regions: 6->4(5)
[2025-10-31T18:13:53.764+0000][gc,heap       ] GC(357) Old regions: 156->160
[2025-10-31T18:13:53.765+0000][gc,heap       ] GC(357) Humongous regions: 147->147
[2025-10-31T18:13:53.765+0000][gc,metaspace  ] GC(357) Metaspace: 53370K(57392K)->53370K(57392K) NonClass: 47443K(49584K)->47443K(49584K) Class: 5927K(7808K)->5927K(7808K)
[2025-10-31T18:13:53.765+0000][gc            ] GC(357) Pause Young (Normal) (G1 Evacuation Pause) 341M->310M(512M) 14.635ms
[2025-10-31T18:13:53.765+0000][gc,cpu        ] GC(357) User=0.02s Sys=0.00s Real=0.01s
[2025-10-31T18:15:25.728+0000][gc,start      ] GC(358) Pause Young (Normal) (G1 Evacuation Pause)
[2025-10-31T18:15:25.728+0000][gc,task       ] GC(358) Using 2 workers of 2 for evacuation
[2025-10-31T18:15:25.745+0000][gc,phases     ] GC(358)   Pre Evacuate Collection Set: 0.1ms
[2025-10-31T18:15:25.746+0000][gc,phases     ] GC(358)   Evacuate Collection Set: 15.5ms
[2025-10-31T18:15:25.746+0000][gc,phases     ] GC(358)   Post Evacuate Collection Set: 0.9ms
[2025-10-31T18:15:25.746+0000][gc,phases     ] GC(358)   Other: 0.8ms
[2025-10-31T18:15:25.746+0000][gc,heap       ] GC(358) Eden regions: 35->0(34)
[2025-10-31T18:15:25.746+0000][gc,heap       ] GC(358) Survivor regions: 4->5(5)
[2025-10-31T18:15:25.746+0000][gc,heap       ] GC(358) Old regions: 160->162
[2025-10-31T18:15:25.746+0000][gc,heap       ] GC(358) Humongous regions: 147->147
[2025-10-31T18:15:25.747+0000][gc,metaspace  ] GC(358) Metaspace: 53371K(57392K)->53371K(57392K) NonClass: 47444K(49584K)->47444K(49584K) Class: 5927K(7808K)->5927K(7808K)
[2025-10-31T18:15:25.747+0000][gc            ] GC(358) Pause Young (Normal) (G1 Evacuation Pause) 345M->313M(512M) 19.080ms
[2025-10-31T18:15:25.747+0000][gc,cpu        ] GC(358) User=0.03s Sys=0.00s Real=0.02s
[2025-10-31T18:16:55.063+0000][gc,start      ] GC(359) Pause Young (Normal) (G1 Evacuation Pause)
[2025-10-31T18:16:55.064+0000][gc,task       ] GC(359) Using 2 workers of 2 for evacuation
[2025-10-31T18:16:55.079+0000][gc,phases     ] GC(359)   Pre Evacuate Collection Set: 0.0ms
[2025-10-31T18:16:55.080+0000][gc,phases     ] GC(359)   Evacuate Collection Set: 13.1ms
[2025-10-31T18:16:55.080+0000][gc,phases     ] GC(359)   Post Evacuate Collection Set: 1.1ms
[2025-10-31T18:16:55.080+0000][gc,phases     ] GC(359)   Other: 1.3ms
[2025-10-31T18:16:55.081+0000][gc,heap       ] GC(359) Eden regions: 34->0(37)
[2025-10-31T18:16:55.081+0000][gc,heap       ] GC(359) Survivor regions: 5->5(5)
[2025-10-31T18:16:55.081+0000][gc,heap       ] GC(359) Old regions: 162->165
[2025-10-31T18:16:55.081+0000][gc,heap       ] GC(359) Humongous regions: 147->147
[2025-10-31T18:16:55.082+0000][gc,metaspace  ] GC(359) Metaspace: 53371K(57392K)->53371K(57392K) NonClass: 47444K(49584K)->47444K(49584K) Class: 5927K(7808K)->5927K(7808K)
[2025-10-31T18:16:55.082+0000][gc            ] GC(359) Pause Young (Normal) (G1 Evacuation Pause) 347M->316M(512M) 18.558ms
[2025-10-31T18:16:55.082+0000][gc,cpu        ] GC(359) User=0.03s Sys=0.00s Real=0.02s
[2025-10-31T18:18:32.147+0000][gc,start      ] GC(360) Pause Young (Normal) (G1 Evacuation Pause)
[2025-10-31T18:18:32.148+0000][gc,task       ] GC(360) Using 2 workers of 2 for evacuation
[2025-10-31T18:18:32.161+0000][gc,phases     ] GC(360)   Pre Evacuate Collection Set: 0.0ms
[2025-10-31T18:18:32.161+0000][gc,phases     ] GC(360)   Evacuate Collection Set: 11.6ms
[2025-10-31T18:18:32.161+0000][gc,phases     ] GC(360)   Post Evacuate Collection Set: 0.6ms
[2025-10-31T18:18:32.161+0000][gc,phases     ] GC(360)   Other: 1.3ms
[2025-10-31T18:18:32.161+0000][gc,heap       ] GC(360) Eden regions: 37->0(41)
[2025-10-31T18:18:32.162+0000][gc,heap       ] GC(360) Survivor regions: 5->5(6)
[2025-10-31T18:18:32.162+0000][gc,heap       ] GC(360) Old regions: 165->168
[2025-10-31T18:18:32.162+0000][gc,heap       ] GC(360) Humongous regions: 147->147
[2025-10-31T18:18:32.162+0000][gc,metaspace  ] GC(360) Metaspace: 53371K(57392K)->53371K(57392K) NonClass: 47444K(49584K)->47444K(49584K) Class: 5927K(7808K)->5927K(7808K)
[2025-10-31T18:18:32.162+0000][gc            ] GC(360) Pause Young (Normal) (G1 Evacuation Pause) 353M->319M(512M) 15.217ms
[2025-10-31T18:18:32.163+0000][gc,cpu        ] GC(360) User=0.02s Sys=0.00s Real=0.02s
[2025-10-31T18:20:19.956+0000][gc,start      ] GC(361) Pause Young (Normal) (G1 Evacuation Pause)
[2025-10-31T18:20:19.956+0000][gc,task       ] GC(361) Using 2 workers of 2 for evacuation
[2025-10-31T18:20:19.970+0000][gc,phases     ] GC(361)   Pre Evacuate Collection Set: 0.0ms
[2025-10-31T18:20:19.973+0000][gc,phases     ] GC(361)   Evacuate Collection Set: 12.9ms
[2025-10-31T18:20:19.973+0000][gc,phases     ] GC(361)   Post Evacuate Collection Set: 0.6ms
[2025-10-31T18:20:19.973+0000][gc,phases     ] GC(361)   Other: 1.0ms
[2025-10-31T18:20:19.974+0000][gc,heap       ] GC(361) Eden regions: 41->0(45)
[2025-10-31T18:20:19.974+0000][gc,heap       ] GC(361) Survivor regions: 5->4(6)
[2025-10-31T18:20:19.974+0000][gc,heap       ] GC(361) Old regions: 168->171
[2025-10-31T18:20:19.974+0000][gc,heap       ] GC(361) Humongous regions: 147->147
[2025-10-31T18:20:19.974+0000][gc,metaspace  ] GC(361) Metaspace: 53372K(57392K)->53372K(57392K) NonClass: 47445K(49584K)->47445K(49584K) Class: 5927K(7808K)->5927K(7808K)
[2025-10-31T18:20:19.974+0000][gc            ] GC(361) Pause Young (Normal) (G1 Evacuation Pause) 360M->321M(512M) 18.733ms
[2025-10-31T18:20:19.974+0000][gc,cpu        ] GC(361) User=0.02s Sys=0.00s Real=0.02s
[2025-10-31T18:22:18.992+0000][gc,start      ] GC(362) Pause Young (Normal) (G1 Evacuation Pause)
[2025-10-31T18:22:18.993+0000][gc,task       ] GC(362) Using 2 workers of 2 for evacuation
[2025-10-31T18:22:19.021+0000][gc,mmu        ] GC(362) MMU target violated: 21.0ms (20.0ms/21.0ms)
[2025-10-31T18:22:19.022+0000][gc,phases     ] GC(362)   Pre Evacuate Collection Set: 0.4ms
[2025-10-31T18:22:19.022+0000][gc,phases     ] GC(362)   Evacuate Collection Set: 25.3ms
[2025-10-31T18:22:19.023+0000][gc,phases     ] GC(362)   Post Evacuate Collection Set: 1.7ms
[2025-10-31T18:22:19.023+0000][gc,phases     ] GC(362)   Other: 2.9ms
[2025-10-31T18:22:19.023+0000][gc,heap       ] GC(362) Eden regions: 45->0(34)
[2025-10-31T18:22:19.024+0000][gc,heap       ] GC(362) Survivor regions: 4->7(7)
[2025-10-31T18:22:19.025+0000][gc,heap       ] GC(362) Old regions: 171->172
[2025-10-31T18:22:19.025+0000][gc,heap       ] GC(362) Humongous regions: 147->147
[2025-10-31T18:22:19.026+0000][gc,metaspace  ] GC(362) Metaspace: 53373K(57392K)->53373K(57392K) NonClass: 47445K(49584K)->47445K(49584K) Class: 5927K(7808K)->5927K(7808K)
[2025-10-31T18:22:19.027+0000][gc            ] GC(362) Pause Young (Normal) (G1 Evacuation Pause) 366M->325M(512M) 34.827ms
[2025-10-31T18:22:19.027+0000][gc,cpu        ] GC(362) User=0.05s Sys=0.00s Real=0.03s
[2025-10-31T18:23:48.239+0000][gc,start      ] GC(363) Pause Young (Normal) (G1 Evacuation Pause)
[2025-10-31T18:23:48.240+0000][gc,task       ] GC(363) Using 2 workers of 2 for evacuation
[2025-10-31T18:23:48.271+0000][gc,mmu        ] GC(363) MMU target violated: 21.0ms (20.0ms/21.0ms)
[2025-10-31T18:23:48.272+0000][gc,phases     ] GC(363)   Pre Evacuate Collection Set: 0.0ms
[2025-10-31T18:23:48.272+0000][gc,phases     ] GC(363)   Evacuate Collection Set: 29.2ms
[2025-10-31T18:23:48.272+0000][gc,phases     ] GC(363)   Post Evacuate Collection Set: 1.3ms
[2025-10-31T18:23:48.273+0000][gc,phases     ] GC(363)   Other: 2.0ms
[2025-10-31T18:23:48.273+0000][gc,heap       ] GC(363) Eden regions: 34->0(25)
[2025-10-31T18:23:48.273+0000][gc,heap       ] GC(363) Survivor regions: 7->5(6)
[2025-10-31T18:23:48.273+0000][gc,heap       ] GC(363) Old regions: 172->178
[2025-10-31T18:23:48.274+0000][gc,heap       ] GC(363) Humongous regions: 147->147
[2025-10-31T18:23:48.274+0000][gc,metaspace  ] GC(363) Metaspace: 53373K(57392K)->53373K(57392K) NonClass: 47445K(49584K)->47445K(49584K) Class: 5927K(7808K)->5927K(7808K)
[2025-10-31T18:23:48.274+0000][gc            ] GC(363) Pause Young (Normal) (G1 Evacuation Pause) 359M->329M(512M) 34.971ms
[2025-10-31T18:23:48.274+0000][gc,cpu        ] GC(363) User=0.06s Sys=0.00s Real=0.03s
[2025-10-31T18:24:42.750+0000][gc,start      ] GC(364) Pause Young (Normal) (G1 Evacuation Pause)
[2025-10-31T18:24:42.751+0000][gc,task       ] GC(364) Using 2 workers of 2 for evacuation
[2025-10-31T18:24:42.765+0000][gc,phases     ] GC(364)   Pre Evacuate Collection Set: 0.0ms
[2025-10-31T18:24:42.765+0000][gc,phases     ] GC(364)   Evacuate Collection Set: 12.7ms
[2025-10-31T18:24:42.766+0000][gc,phases     ] GC(364)   Post Evacuate Collection Set: 1.0ms
[2025-10-31T18:24:42.766+0000][gc,phases     ] GC(364)   Other: 1.4ms
[2025-10-31T18:24:42.766+0000][gc,heap       ] GC(364) Eden regions: 22->0(34)
[2025-10-31T18:24:42.766+0000][gc,heap       ] GC(364) Survivor regions: 5->4(4)
[2025-10-31T18:24:42.766+0000][gc,heap       ] GC(364) Old regions: 178->181
[2025-10-31T18:24:42.767+0000][gc,heap       ] GC(364) Humongous regions: 147->147
[2025-10-31T18:24:42.767+0000][gc,metaspace  ] GC(364) Metaspace: 53373K(57392K)->53373K(57392K) NonClass: 47446K(49584K)->47446K(49584K) Class: 5927K(7808K)->5927K(7808K)
[2025-10-31T18:24:42.767+0000][gc            ] GC(364) Pause Young (Normal) (G1 Evacuation Pause) 351M->331M(512M) 16.783ms
[2025-10-31T18:24:42.767+0000][gc,cpu        ] GC(364) User=0.03s Sys=0.00s Real=0.01s
