[2025-10-30T15:01:16.306+0000][gc,heap] Heap region size: 1M
[2025-10-30T15:01:16.317+0000][gc     ] Using G1
[2025-10-30T15:01:16.317+0000][gc,heap,coops] Heap address: 0x00000000c0000000, size: 1024 MB, Compressed Oops mode: 32-bit
[2025-10-30T15:01:17.190+0000][gc,start     ] GC(0) Pause Young (Normal) (G1 Evacuation Pause)
[2025-10-30T15:01:17.190+0000][gc,task      ] GC(0) Using 2 workers of 2 for evacuation
[2025-10-30T15:01:17.197+0000][gc,phases    ] GC(0)   Pre Evacuate Collection Set: 0.1ms
[2025-10-30T15:01:17.205+0000][gc,phases    ] GC(0)   Evacuate Collection Set: 5.9ms
[2025-10-30T15:01:17.205+0000][gc,phases    ] GC(0)   Post Evacuate Collection Set: 0.9ms
[2025-10-30T15:01:17.205+0000][gc,phases    ] GC(0)   Other: 1.1ms
[2025-10-30T15:01:17.205+0000][gc,heap      ] GC(0) Eden regions: 25->0(21)
[2025-10-30T15:01:17.206+0000][gc,heap      ] GC(0) Survivor regions: 0->4(4)
[2025-10-30T15:01:17.206+0000][gc,heap      ] GC(0) Old regions: 0->3
[2025-10-30T15:01:17.206+0000][gc,heap      ] GC(0) Humongous regions: 0->0
[2025-10-30T15:01:17.206+0000][gc,metaspace ] GC(0) Metaspace: 17811K(18432K)->17811K(18432K) NonClass: 15932K(16384K)->15932K(16384K) Class: 1879K(2048K)->1879K(2048K)
[2025-10-30T15:01:17.206+0000][gc           ] GC(0) Pause Young (Normal) (G1 Evacuation Pause) 25M->6M(512M) 16.951ms
[2025-10-30T15:01:17.207+0000][gc,cpu       ] GC(0) User=0.02s Sys=0.01s Real=0.02s
[2025-10-30T15:01:17.376+0000][gc,start     ] GC(1) Pause Young (Concurrent Start) (Metadata GC Threshold)
[2025-10-30T15:01:17.377+0000][gc,task      ] GC(1) Using 2 workers of 2 for evacuation
[2025-10-30T15:01:17.383+0000][gc,phases    ] GC(1)   Pre Evacuate Collection Set: 0.0ms
[2025-10-30T15:01:17.384+0000][gc,phases    ] GC(1)   Evacuate Collection Set: 5.7ms
[2025-10-30T15:01:17.384+0000][gc,phases    ] GC(1)   Post Evacuate Collection Set: 0.7ms
[2025-10-30T15:01:17.384+0000][gc,phases    ] GC(1)   Other: 0.7ms
[2025-10-30T15:01:17.384+0000][gc,heap      ] GC(1) Eden regions: 9->0(24)
[2025-10-30T15:01:17.385+0000][gc,heap      ] GC(1) Survivor regions: 4->1(4)
[2025-10-30T15:01:17.385+0000][gc,heap      ] GC(1) Old regions: 3->7
[2025-10-30T15:01:17.385+0000][gc,heap      ] GC(1) Humongous regions: 0->0
[2025-10-30T15:01:17.385+0000][gc,metaspace ] GC(1) Metaspace: 20772K(21296K)->20772K(21296K) NonClass: 18563K(18864K)->18563K(18864K) Class: 2209K(2432K)->2209K(2432K)
[2025-10-30T15:01:17.385+0000][gc           ] GC(1) Pause Young (Concurrent Start) (Metadata GC Threshold) 14M->6M(512M) 9.126ms
[2025-10-30T15:01:17.386+0000][gc,cpu       ] GC(1) User=0.01s Sys=0.01s Real=0.01s
[2025-10-30T15:01:17.386+0000][gc           ] GC(2) Concurrent Cycle
[2025-10-30T15:01:17.386+0000][gc,marking   ] GC(2) Concurrent Clear Claimed Marks
[2025-10-30T15:01:17.386+0000][gc,marking   ] GC(2) Concurrent Clear Claimed Marks 0.220ms
[2025-10-30T15:01:17.386+0000][gc,marking   ] GC(2) Concurrent Scan Root Regions
[2025-10-30T15:01:17.387+0000][gc,marking   ] GC(2) Concurrent Scan Root Regions 0.733ms
[2025-10-30T15:01:17.387+0000][gc,marking   ] GC(2) Concurrent Mark (1.093s)
[2025-10-30T15:01:17.388+0000][gc,marking   ] GC(2) Concurrent Mark From Roots
[2025-10-30T15:01:17.388+0000][gc,task      ] GC(2) Using 1 workers of 1 for marking
[2025-10-30T15:01:17.396+0000][gc,marking   ] GC(2) Concurrent Mark From Roots 7.923ms
[2025-10-30T15:01:17.396+0000][gc,marking   ] GC(2) Concurrent Preclean
[2025-10-30T15:01:17.396+0000][gc,marking   ] GC(2) Concurrent Preclean 0.272ms
[2025-10-30T15:01:17.396+0000][gc,marking   ] GC(2) Concurrent Mark (1.093s, 1.102s) 8.909ms
[2025-10-30T15:01:17.397+0000][gc,start     ] GC(2) Pause Remark
[2025-10-30T15:01:17.400+0000][gc,stringtable] GC(2) Cleaned string and symbol table, strings: 7265 processed, 9 removed, symbols: 64792 processed, 23 removed
[2025-10-30T15:01:17.401+0000][gc            ] GC(2) Pause Remark 7M->7M(512M) 3.634ms
[2025-10-30T15:01:17.401+0000][gc,cpu        ] GC(2) User=0.01s Sys=0.00s Real=0.01s
[2025-10-30T15:01:17.401+0000][gc,marking    ] GC(2) Concurrent Rebuild Remembered Sets
[2025-10-30T15:01:17.405+0000][gc,marking    ] GC(2) Concurrent Rebuild Remembered Sets 4.264ms
[2025-10-30T15:01:17.406+0000][gc,start      ] GC(2) Pause Cleanup
[2025-10-30T15:01:17.407+0000][gc            ] GC(2) Pause Cleanup 7M->7M(512M) 0.537ms
[2025-10-30T15:01:17.407+0000][gc,cpu        ] GC(2) User=0.00s Sys=0.00s Real=0.00s
[2025-10-30T15:01:17.408+0000][gc,marking    ] GC(2) Concurrent Cleanup for Next Mark
[2025-10-30T15:01:17.409+0000][gc,marking    ] GC(2) Concurrent Cleanup for Next Mark 1.669ms
[2025-10-30T15:01:17.410+0000][gc            ] GC(2) Concurrent Cycle 23.736ms
[2025-10-30T15:01:17.728+0000][gc,start      ] GC(3) Pause Young (Normal) (G1 Evacuation Pause)
[2025-10-30T15:01:17.728+0000][gc,task       ] GC(3) Using 2 workers of 2 for evacuation
[2025-10-30T15:01:17.733+0000][gc,phases     ] GC(3)   Pre Evacuate Collection Set: 0.1ms
[2025-10-30T15:01:17.733+0000][gc,phases     ] GC(3)   Evacuate Collection Set: 3.5ms
[2025-10-30T15:01:17.733+0000][gc,phases     ] GC(3)   Post Evacuate Collection Set: 0.7ms
[2025-10-30T15:01:17.733+0000][gc,phases     ] GC(3)   Other: 0.6ms
[2025-10-30T15:01:17.734+0000][gc,heap       ] GC(3) Eden regions: 24->0(23)
[2025-10-30T15:01:17.734+0000][gc,heap       ] GC(3) Survivor regions: 1->2(4)
[2025-10-30T15:01:17.734+0000][gc,heap       ] GC(3) Old regions: 7->7
[2025-10-30T15:01:17.734+0000][gc,heap       ] GC(3) Humongous regions: 0->0
[2025-10-30T15:01:17.734+0000][gc,metaspace  ] GC(3) Metaspace: 25755K(26544K)->25755K(26544K) NonClass: 23024K(23472K)->23024K(23472K) Class: 2731K(3072K)->2731K(3072K)
[2025-10-30T15:01:17.735+0000][gc            ] GC(3) Pause Young (Normal) (G1 Evacuation Pause) 30M->7M(512M) 6.525ms
[2025-10-30T15:01:17.735+0000][gc,cpu        ] GC(3) User=0.00s Sys=0.00s Real=0.01s
[2025-10-30T15:01:18.122+0000][gc,start      ] GC(4) Pause Young (Normal) (G1 Evacuation Pause)
[2025-10-30T15:01:18.122+0000][gc,task       ] GC(4) Using 2 workers of 2 for evacuation
[2025-10-30T15:01:18.127+0000][gc,phases     ] GC(4)   Pre Evacuate Collection Set: 0.0ms
[2025-10-30T15:01:18.128+0000][gc,phases     ] GC(4)   Evacuate Collection Set: 4.5ms
[2025-10-30T15:01:18.128+0000][gc,phases     ] GC(4)   Post Evacuate Collection Set: 0.7ms
[2025-10-30T15:01:18.128+0000][gc,phases     ] GC(4)   Other: 0.6ms
[2025-10-30T15:01:18.128+0000][gc,heap       ] GC(4) Eden regions: 23->0(22)
[2025-10-30T15:01:18.128+0000][gc,heap       ] GC(4) Survivor regions: 2->3(4)
[2025-10-30T15:01:18.129+0000][gc,heap       ] GC(4) Old regions: 7->7
[2025-10-30T15:01:18.129+0000][gc,heap       ] GC(4) Humongous regions: 0->0
[2025-10-30T15:01:18.129+0000][gc,metaspace  ] GC(4) Metaspace: 29670K(30640K)->29670K(30640K) NonClass: 26489K(27056K)->26489K(27056K) Class: 3181K(3584K)->3181K(3584K)
[2025-10-30T15:01:18.129+0000][gc            ] GC(4) Pause Young (Normal) (G1 Evacuation Pause) 30M->9M(512M) 7.454ms
[2025-10-30T15:01:18.129+0000][gc,cpu        ] GC(4) User=0.02s Sys=0.00s Real=0.00s
[2025-10-30T15:01:18.438+0000][gc,start      ] GC(5) Pause Young (Concurrent Start) (Metadata GC Threshold)
[2025-10-30T15:01:18.439+0000][gc,task       ] GC(5) Using 2 workers of 2 for evacuation
[2025-10-30T15:01:18.445+0000][gc,phases     ] GC(5)   Pre Evacuate Collection Set: 0.1ms
[2025-10-30T15:01:18.445+0000][gc,phases     ] GC(5)   Evacuate Collection Set: 5.5ms
[2025-10-30T15:01:18.446+0000][gc,phases     ] GC(5)   Post Evacuate Collection Set: 0.7ms
[2025-10-30T15:01:18.446+0000][gc,phases     ] GC(5)   Other: 0.6ms
[2025-10-30T15:01:18.446+0000][gc,heap       ] GC(5) Eden regions: 19->0(22)
[2025-10-30T15:01:18.446+0000][gc,heap       ] GC(5) Survivor regions: 3->3(4)
[2025-10-30T15:01:18.446+0000][gc,heap       ] GC(5) Old regions: 7->8
[2025-10-30T15:01:18.446+0000][gc,heap       ] GC(5) Humongous regions: 0->0
[2025-10-30T15:01:18.447+0000][gc,metaspace  ] GC(5) Metaspace: 34895K(35888K)->34895K(35888K) NonClass: 31123K(31664K)->31123K(31664K) Class: 3771K(4224K)->3771K(4224K)
[2025-10-30T15:01:18.447+0000][gc            ] GC(5) Pause Young (Concurrent Start) (Metadata GC Threshold) 28M->10M(512M) 8.532ms
[2025-10-30T15:01:18.447+0000][gc,cpu        ] GC(5) User=0.02s Sys=0.00s Real=0.01s
[2025-10-30T15:01:18.447+0000][gc            ] GC(6) Concurrent Cycle
[2025-10-30T15:01:18.447+0000][gc,marking    ] GC(6) Concurrent Clear Claimed Marks
[2025-10-30T15:01:18.448+0000][gc,marking    ] GC(6) Concurrent Clear Claimed Marks 0.214ms
[2025-10-30T15:01:18.448+0000][gc,marking    ] GC(6) Concurrent Scan Root Regions
[2025-10-30T15:01:18.450+0000][gc,marking    ] GC(6) Concurrent Scan Root Regions 2.181ms
[2025-10-30T15:01:18.450+0000][gc,marking    ] GC(6) Concurrent Mark (2.156s)
[2025-10-30T15:01:18.450+0000][gc,marking    ] GC(6) Concurrent Mark From Roots
[2025-10-30T15:01:18.451+0000][gc,task       ] GC(6) Using 1 workers of 1 for marking
[2025-10-30T15:01:18.460+0000][gc,marking    ] GC(6) Concurrent Mark From Roots 9.985ms
[2025-10-30T15:01:18.461+0000][gc,marking    ] GC(6) Concurrent Preclean
[2025-10-30T15:01:18.461+0000][gc,marking    ] GC(6) Concurrent Preclean 0.227ms
[2025-10-30T15:01:18.461+0000][gc,marking    ] GC(6) Concurrent Mark (2.156s, 2.167s) 10.791ms
[2025-10-30T15:01:18.462+0000][gc,start      ] GC(6) Pause Remark
[2025-10-30T15:01:18.466+0000][gc,stringtable] GC(6) Cleaned string and symbol table, strings: 11289 processed, 1 removed, symbols: 97216 processed, 17 removed
[2025-10-30T15:01:18.466+0000][gc            ] GC(6) Pause Remark 11M->11M(512M) 4.284ms
[2025-10-30T15:01:18.467+0000][gc,cpu        ] GC(6) User=0.01s Sys=0.01s Real=0.00s
[2025-10-30T15:01:18.467+0000][gc,marking    ] GC(6) Concurrent Rebuild Remembered Sets
[2025-10-30T15:01:18.473+0000][gc,marking    ] GC(6) Concurrent Rebuild Remembered Sets 5.863ms
[2025-10-30T15:01:18.473+0000][gc,start      ] GC(6) Pause Cleanup
[2025-10-30T15:01:18.474+0000][gc            ] GC(6) Pause Cleanup 11M->11M(512M) 0.414ms
[2025-10-30T15:01:18.474+0000][gc,cpu        ] GC(6) User=0.00s Sys=0.00s Real=0.00s
[2025-10-30T15:01:18.474+0000][gc,marking    ] GC(6) Concurrent Cleanup for Next Mark
[2025-10-30T15:01:18.516+0000][gc,marking    ] GC(6) Concurrent Cleanup for Next Mark 42.286ms
[2025-10-30T15:01:18.517+0000][gc            ] GC(6) Concurrent Cycle 69.466ms
[2025-10-30T15:01:18.941+0000][gc,start      ] GC(7) Pause Young (Normal) (G1 Evacuation Pause)
[2025-10-30T15:01:18.942+0000][gc,task       ] GC(7) Using 2 workers of 2 for evacuation
[2025-10-30T15:01:18.948+0000][gc,phases     ] GC(7)   Pre Evacuate Collection Set: 0.0ms
[2025-10-30T15:01:18.949+0000][gc,phases     ] GC(7)   Evacuate Collection Set: 5.4ms
[2025-10-30T15:01:18.949+0000][gc,phases     ] GC(7)   Post Evacuate Collection Set: 0.8ms
[2025-10-30T15:01:18.949+0000][gc,phases     ] GC(7)   Other: 0.7ms
[2025-10-30T15:01:18.949+0000][gc,heap       ] GC(7) Eden regions: 22->0(23)
[2025-10-30T15:01:18.949+0000][gc,heap       ] GC(7) Survivor regions: 3->2(4)
[2025-10-30T15:01:18.949+0000][gc,heap       ] GC(7) Old regions: 8->9
[2025-10-30T15:01:18.950+0000][gc,heap       ] GC(7) Humongous regions: 9->9
[2025-10-30T15:01:18.950+0000][gc,metaspace  ] GC(7) Metaspace: 39380K(40624K)->39380K(40624K) NonClass: 35087K(35760K)->35087K(35760K) Class: 4292K(4864K)->4292K(4864K)
[2025-10-30T15:01:18.950+0000][gc            ] GC(7) Pause Young (Normal) (G1 Evacuation Pause) 41M->19M(512M) 8.664ms
[2025-10-30T15:01:18.950+0000][gc,cpu        ] GC(7) User=0.02s Sys=0.00s Real=0.01s
[2025-10-30T15:01:19.411+0000][gc,start      ] GC(8) Pause Young (Normal) (G1 Evacuation Pause)
[2025-10-30T15:01:19.411+0000][gc,task       ] GC(8) Using 2 workers of 2 for evacuation
[2025-10-30T15:01:19.422+0000][gc,phases     ] GC(8)   Pre Evacuate Collection Set: 0.0ms
[2025-10-30T15:01:19.424+0000][gc,phases     ] GC(8)   Evacuate Collection Set: 9.3ms
[2025-10-30T15:01:19.424+0000][gc,phases     ] GC(8)   Post Evacuate Collection Set: 1.4ms
[2025-10-30T15:01:19.425+0000][gc,phases     ] GC(8)   Other: 0.9ms
[2025-10-30T15:01:19.425+0000][gc,heap       ] GC(8) Eden regions: 23->0(21)
[2025-10-30T15:01:19.425+0000][gc,heap       ] GC(8) Survivor regions: 2->4(4)
[2025-10-30T15:01:19.426+0000][gc,heap       ] GC(8) Old regions: 9->9
[2025-10-30T15:01:19.426+0000][gc,heap       ] GC(8) Humongous regions: 9->9
[2025-10-30T15:01:19.427+0000][gc,metaspace  ] GC(8) Metaspace: 43162K(44592K)->43162K(44592K) NonClass: 38504K(39344K)->38504K(39344K) Class: 4657K(5248K)->4657K(5248K)
[2025-10-30T15:01:19.427+0000][gc            ] GC(8) Pause Young (Normal) (G1 Evacuation Pause) 42M->22M(512M) 16.338ms
[2025-10-30T15:01:19.427+0000][gc,cpu        ] GC(8) User=0.02s Sys=0.00s Real=0.01s
[2025-10-30T15:01:24.341+0000][gc,start      ] GC(9) Pause Young (Normal) (G1 Evacuation Pause)
[2025-10-30T15:01:24.341+0000][gc,task       ] GC(9) Using 2 workers of 2 for evacuation
[2025-10-30T15:01:24.355+0000][gc,phases     ] GC(9)   Pre Evacuate Collection Set: 0.0ms
[2025-10-30T15:01:24.355+0000][gc,phases     ] GC(9)   Evacuate Collection Set: 11.7ms
[2025-10-30T15:01:24.355+0000][gc,phases     ] GC(9)   Post Evacuate Collection Set: 1.1ms
[2025-10-30T15:01:24.356+0000][gc,phases     ] GC(9)   Other: 1.2ms
[2025-10-30T15:01:24.356+0000][gc,heap       ] GC(9) Eden regions: 21->0(23)
[2025-10-30T15:01:24.356+0000][gc,heap       ] GC(9) Survivor regions: 4->2(4)
[2025-10-30T15:01:24.356+0000][gc,heap       ] GC(9) Old regions: 9->13
[2025-10-30T15:01:24.356+0000][gc,heap       ] GC(9) Humongous regions: 138->138
[2025-10-30T15:01:24.356+0000][gc,metaspace  ] GC(9) Metaspace: 45847K(47664K)->45847K(47664K) NonClass: 40692K(41648K)->40692K(41648K) Class: 5155K(6016K)->5155K(6016K)
[2025-10-30T15:01:24.357+0000][gc            ] GC(9) Pause Young (Normal) (G1 Evacuation Pause) 172M->152M(512M) 16.083ms
[2025-10-30T15:01:24.357+0000][gc,cpu        ] GC(9) User=0.03s Sys=0.00s Real=0.01s
[2025-10-30T15:01:25.665+0000][gc,start      ] GC(10) Pause Young (Normal) (G1 Evacuation Pause)
[2025-10-30T15:01:25.666+0000][gc,task       ] GC(10) Using 2 workers of 2 for evacuation
[2025-10-30T15:01:25.675+0000][gc,phases     ] GC(10)   Pre Evacuate Collection Set: 0.0ms
[2025-10-30T15:01:25.675+0000][gc,phases     ] GC(10)   Evacuate Collection Set: 6.0ms
[2025-10-30T15:01:25.676+0000][gc,phases     ] GC(10)   Post Evacuate Collection Set: 1.0ms
[2025-10-30T15:01:25.676+0000][gc,phases     ] GC(10)   Other: 2.7ms
[2025-10-30T15:01:25.676+0000][gc,heap       ] GC(10) Eden regions: 23->0(22)
[2025-10-30T15:01:25.676+0000][gc,heap       ] GC(10) Survivor regions: 2->3(4)
[2025-10-30T15:01:25.676+0000][gc,heap       ] GC(10) Old regions: 13->13
[2025-10-30T15:01:25.676+0000][gc,heap       ] GC(10) Humongous regions: 138->138
[2025-10-30T15:01:25.677+0000][gc,metaspace  ] GC(10) Metaspace: 48699K(51248K)->48699K(51248K) NonClass: 42834K(44208K)->42834K(44208K) Class: 5864K(7040K)->5864K(7040K)
[2025-10-30T15:01:25.677+0000][gc            ] GC(10) Pause Young (Normal) (G1 Evacuation Pause) 175M->153M(512M) 11.569ms
[2025-10-30T15:01:25.677+0000][gc,cpu        ] GC(10) User=0.02s Sys=0.00s Real=0.01s
[2025-10-30T15:01:53.653+0000][gc,start      ] GC(11) Pause Young (Normal) (G1 Evacuation Pause)
[2025-10-30T15:01:53.654+0000][gc,task       ] GC(11) Using 2 workers of 2 for evacuation
[2025-10-30T15:01:53.661+0000][gc,phases     ] GC(11)   Pre Evacuate Collection Set: 0.0ms
[2025-10-30T15:01:53.661+0000][gc,phases     ] GC(11)   Evacuate Collection Set: 5.7ms
[2025-10-30T15:01:53.661+0000][gc,phases     ] GC(11)   Post Evacuate Collection Set: 0.7ms
[2025-10-30T15:01:53.661+0000][gc,phases     ] GC(11)   Other: 0.9ms
[2025-10-30T15:01:53.661+0000][gc,heap       ] GC(11) Eden regions: 22->0(22)
[2025-10-30T15:01:53.661+0000][gc,heap       ] GC(11) Survivor regions: 3->3(4)
[2025-10-30T15:01:53.661+0000][gc,heap       ] GC(11) Old regions: 13->15
[2025-10-30T15:01:53.662+0000][gc,heap       ] GC(11) Humongous regions: 138->138
[2025-10-30T15:01:53.662+0000][gc,metaspace  ] GC(11) Metaspace: 50334K(53040K)->50334K(53040K) NonClass: 44327K(45744K)->44327K(45744K) Class: 6006K(7296K)->6006K(7296K)
[2025-10-30T15:01:53.662+0000][gc            ] GC(11) Pause Young (Normal) (G1 Evacuation Pause) 175M->154M(512M) 8.577ms
[2025-10-30T15:01:53.662+0000][gc,cpu        ] GC(11) User=0.01s Sys=0.00s Real=0.01s
[2025-10-30T15:02:19.144+0000][gc,start      ] GC(12) Pause Young (Normal) (G1 Evacuation Pause)
[2025-10-30T15:02:19.144+0000][gc,task       ] GC(12) Using 2 workers of 2 for evacuation
[2025-10-30T15:02:19.150+0000][gc,phases     ] GC(12)   Pre Evacuate Collection Set: 0.0ms
[2025-10-30T15:02:19.151+0000][gc,phases     ] GC(12)   Evacuate Collection Set: 5.0ms
[2025-10-30T15:02:19.151+0000][gc,phases     ] GC(12)   Post Evacuate Collection Set: 0.6ms
[2025-10-30T15:02:19.151+0000][gc,phases     ] GC(12)   Other: 0.4ms
[2025-10-30T15:02:19.151+0000][gc,heap       ] GC(12) Eden regions: 22->0(23)
[2025-10-30T15:02:19.151+0000][gc,heap       ] GC(12) Survivor regions: 3->2(4)
[2025-10-30T15:02:19.151+0000][gc,heap       ] GC(12) Old regions: 15->16
[2025-10-30T15:02:19.151+0000][gc,heap       ] GC(12) Humongous regions: 138->138
[2025-10-30T15:02:19.151+0000][gc,metaspace  ] GC(12) Metaspace: 50803K(53552K)->50803K(53552K) NonClass: 44791K(46256K)->44791K(46256K) Class: 6012K(7296K)->6012K(7296K)
[2025-10-30T15:02:19.151+0000][gc            ] GC(12) Pause Young (Normal) (G1 Evacuation Pause) 176M->155M(512M) 7.177ms
[2025-10-30T15:02:19.152+0000][gc,cpu        ] GC(12) User=0.01s Sys=0.00s Real=0.01s
[2025-10-30T15:02:49.173+0000][gc,start      ] GC(13) Pause Young (Normal) (G1 Evacuation Pause)
[2025-10-30T15:02:49.173+0000][gc,task       ] GC(13) Using 2 workers of 2 for evacuation
[2025-10-30T15:02:49.184+0000][gc,phases     ] GC(13)   Pre Evacuate Collection Set: 0.0ms
[2025-10-30T15:02:49.184+0000][gc,phases     ] GC(13)   Evacuate Collection Set: 8.7ms
[2025-10-30T15:02:49.185+0000][gc,phases     ] GC(13)   Post Evacuate Collection Set: 1.3ms
[2025-10-30T15:02:49.186+0000][gc,phases     ] GC(13)   Other: 1.2ms
[2025-10-30T15:02:49.186+0000][gc,heap       ] GC(13) Eden regions: 23->0(24)
[2025-10-30T15:02:49.187+0000][gc,heap       ] GC(13) Survivor regions: 2->4(4)
[2025-10-30T15:02:49.187+0000][gc,heap       ] GC(13) Old regions: 16->16
[2025-10-30T15:02:49.187+0000][gc,heap       ] GC(13) Humongous regions: 138->138
[2025-10-30T15:02:49.188+0000][gc,metaspace  ] GC(13) Metaspace: 50968K(53808K)->50968K(53808K) NonClass: 44955K(46512K)->44955K(46512K) Class: 6013K(7296K)->6013K(7296K)
[2025-10-30T15:02:49.188+0000][gc            ] GC(13) Pause Young (Normal) (G1 Evacuation Pause) 178M->156M(512M) 15.587ms
[2025-10-30T15:02:49.189+0000][gc,cpu        ] GC(13) User=0.01s Sys=0.01s Real=0.01s
[2025-10-30T15:03:19.653+0000][gc,start      ] GC(14) Pause Young (Normal) (G1 Evacuation Pause)
[2025-10-30T15:03:19.653+0000][gc,task       ] GC(14) Using 2 workers of 2 for evacuation
[2025-10-30T15:03:19.661+0000][gc,phases     ] GC(14)   Pre Evacuate Collection Set: 0.0ms
[2025-10-30T15:03:19.661+0000][gc,phases     ] GC(14)   Evacuate Collection Set: 6.9ms
[2025-10-30T15:03:19.661+0000][gc,phases     ] GC(14)   Post Evacuate Collection Set: 0.6ms
[2025-10-30T15:03:19.662+0000][gc,phases     ] GC(14)   Other: 0.8ms
[2025-10-30T15:03:19.662+0000][gc,heap       ] GC(14) Eden regions: 24->0(26)
[2025-10-30T15:03:19.662+0000][gc,heap       ] GC(14) Survivor regions: 4->4(4)
[2025-10-30T15:03:19.662+0000][gc,heap       ] GC(14) Old regions: 16->17
[2025-10-30T15:03:19.662+0000][gc,heap       ] GC(14) Humongous regions: 138->138
[2025-10-30T15:03:19.662+0000][gc,metaspace  ] GC(14) Metaspace: 51137K(53808K)->51137K(53808K) NonClass: 45124K(46512K)->45124K(46512K) Class: 6013K(7296K)->6013K(7296K)
[2025-10-30T15:03:19.663+0000][gc            ] GC(14) Pause Young (Normal) (G1 Evacuation Pause) 180M->158M(512M) 9.966ms
[2025-10-30T15:03:19.663+0000][gc,cpu        ] GC(14) User=0.01s Sys=0.00s Real=0.01s
[2025-10-30T15:03:54.217+0000][gc,start      ] GC(15) Pause Young (Normal) (G1 Evacuation Pause)
[2025-10-30T15:03:54.217+0000][gc,task       ] GC(15) Using 2 workers of 2 for evacuation
[2025-10-30T15:03:54.225+0000][gc,phases     ] GC(15)   Pre Evacuate Collection Set: 0.0ms
[2025-10-30T15:03:54.225+0000][gc,phases     ] GC(15)   Evacuate Collection Set: 6.2ms
[2025-10-30T15:03:54.225+0000][gc,phases     ] GC(15)   Post Evacuate Collection Set: 0.6ms
[2025-10-30T15:03:54.225+0000][gc,phases     ] GC(15)   Other: 0.8ms
[2025-10-30T15:03:54.226+0000][gc,heap       ] GC(15) Eden regions: 26->0(293)
[2025-10-30T15:03:54.226+0000][gc,heap       ] GC(15) Survivor regions: 4->2(4)
[2025-10-30T15:03:54.226+0000][gc,heap       ] GC(15) Old regions: 17->18
[2025-10-30T15:03:54.226+0000][gc,heap       ] GC(15) Humongous regions: 138->138
[2025-10-30T15:03:54.226+0000][gc,metaspace  ] GC(15) Metaspace: 51317K(54064K)->51317K(54064K) NonClass: 45297K(46768K)->45297K(46768K) Class: 6019K(7296K)->6019K(7296K)
[2025-10-30T15:03:54.226+0000][gc            ] GC(15) Pause Young (Normal) (G1 Evacuation Pause) 184M->157M(512M) 9.477ms
[2025-10-30T15:03:54.227+0000][gc,cpu        ] GC(15) User=0.01s Sys=0.00s Real=0.01s
[2025-10-30T15:11:20.689+0000][gc,start      ] GC(16) Pause Young (Normal) (G1 Evacuation Pause)
[2025-10-30T15:11:20.689+0000][gc,task       ] GC(16) Using 2 workers of 2 for evacuation
[2025-10-30T15:11:20.709+0000][gc,phases     ] GC(16)   Pre Evacuate Collection Set: 0.0ms
[2025-10-30T15:11:20.709+0000][gc,phases     ] GC(16)   Evacuate Collection Set: 18.7ms
[2025-10-30T15:11:20.709+0000][gc,phases     ] GC(16)   Post Evacuate Collection Set: 0.7ms
[2025-10-30T15:11:20.710+0000][gc,phases     ] GC(16)   Other: 0.5ms
[2025-10-30T15:11:20.710+0000][gc,heap       ] GC(16) Eden regions: 293->0(42)
[2025-10-30T15:11:20.710+0000][gc,heap       ] GC(16) Survivor regions: 2->13(37)
[2025-10-30T15:11:20.710+0000][gc,heap       ] GC(16) Old regions: 18->18
[2025-10-30T15:11:20.710+0000][gc,heap       ] GC(16) Humongous regions: 138->138
[2025-10-30T15:11:20.710+0000][gc,metaspace  ] GC(16) Metaspace: 52301K(55216K)->52301K(55216K) NonClass: 46174K(47792K)->46174K(47792K) Class: 6127K(7424K)->6127K(7424K)
[2025-10-30T15:11:20.710+0000][gc            ] GC(16) Pause Young (Normal) (G1 Evacuation Pause) 450M->168M(512M) 21.243ms
[2025-10-30T15:11:20.710+0000][gc,cpu        ] GC(16) User=0.04s Sys=0.00s Real=0.02s
[2025-10-30T15:12:21.946+0000][gc,start      ] GC(17) Pause Young (Normal) (G1 Evacuation Pause)
[2025-10-30T15:12:21.947+0000][gc,task       ] GC(17) Using 2 workers of 2 for evacuation
[2025-10-30T15:12:21.975+0000][gc,mmu        ] GC(17) MMU target violated: 21.0ms (20.0ms/21.0ms)
[2025-10-30T15:12:21.975+0000][gc,phases     ] GC(17)   Pre Evacuate Collection Set: 0.0ms
[2025-10-30T15:12:21.975+0000][gc,phases     ] GC(17)   Evacuate Collection Set: 26.3ms
[2025-10-30T15:12:21.976+0000][gc,phases     ] GC(17)   Post Evacuate Collection Set: 1.0ms
[2025-10-30T15:12:21.976+0000][gc,phases     ] GC(17)   Other: 2.2ms
[2025-10-30T15:12:21.976+0000][gc,heap       ] GC(17) Eden regions: 35->0(39)
[2025-10-30T15:12:21.976+0000][gc,heap       ] GC(17) Survivor regions: 13->3(6)
[2025-10-30T15:12:21.977+0000][gc,heap       ] GC(17) Old regions: 18->29
[2025-10-30T15:12:21.977+0000][gc,heap       ] GC(17) Humongous regions: 138->138
[2025-10-30T15:12:21.977+0000][gc,metaspace  ] GC(17) Metaspace: 52314K(55216K)->52314K(55216K) NonClass: 46185K(47792K)->46185K(47792K) Class: 6128K(7424K)->6128K(7424K)
[2025-10-30T15:12:21.977+0000][gc            ] GC(17) Pause Young (Normal) (G1 Evacuation Pause) 203M->169M(512M) 31.704ms
[2025-10-30T15:12:21.978+0000][gc,cpu        ] GC(17) User=0.06s Sys=0.01s Real=0.03s
[2025-10-30T15:13:18.053+0000][gc,start      ] GC(18) Pause Young (Normal) (G1 Evacuation Pause)
[2025-10-30T15:13:18.054+0000][gc,task       ] GC(18) Using 2 workers of 2 for evacuation
[2025-10-30T15:13:18.063+0000][gc,phases     ] GC(18)   Pre Evacuate Collection Set: 0.0ms
[2025-10-30T15:13:18.063+0000][gc,phases     ] GC(18)   Evacuate Collection Set: 8.2ms
[2025-10-30T15:13:18.063+0000][gc,phases     ] GC(18)   Post Evacuate Collection Set: 0.6ms
[2025-10-30T15:13:18.064+0000][gc,phases     ] GC(18)   Other: 1.1ms
[2025-10-30T15:13:18.064+0000][gc,heap       ] GC(18) Eden regions: 35->0(41)
[2025-10-30T15:13:18.064+0000][gc,heap       ] GC(18) Survivor regions: 3->4(5)
[2025-10-30T15:13:18.064+0000][gc,heap       ] GC(18) Old regions: 29->29
[2025-10-30T15:13:18.065+0000][gc,heap       ] GC(18) Humongous regions: 138->138
[2025-10-30T15:13:18.065+0000][gc,metaspace  ] GC(18) Metaspace: 52323K(55216K)->52323K(55216K) NonClass: 46195K(47792K)->46195K(47792K) Class: 6128K(7424K)->6128K(7424K)
[2025-10-30T15:13:18.065+0000][gc            ] GC(18) Pause Young (Normal) (G1 Evacuation Pause) 204M->170M(512M) 11.745ms
[2025-10-30T15:13:18.065+0000][gc,cpu        ] GC(18) User=0.02s Sys=0.00s Real=0.01s
[2025-10-30T15:13:57.829+0000][gc,start      ] GC(19) Pause Young (Normal) (G1 Evacuation Pause)
[2025-10-30T15:13:57.829+0000][gc,task       ] GC(19) Using 2 workers of 2 for evacuation
[2025-10-30T15:13:57.841+0000][gc,phases     ] GC(19)   Pre Evacuate Collection Set: 0.1ms
[2025-10-30T15:13:57.841+0000][gc,phases     ] GC(19)   Evacuate Collection Set: 10.5ms
[2025-10-30T15:13:57.841+0000][gc,phases     ] GC(19)   Post Evacuate Collection Set: 0.8ms
[2025-10-30T15:13:57.841+0000][gc,phases     ] GC(19)   Other: 0.6ms
[2025-10-30T15:13:57.841+0000][gc,heap       ] GC(19) Eden regions: 24->0(33)
[2025-10-30T15:13:57.842+0000][gc,heap       ] GC(19) Survivor regions: 4->2(4)
[2025-10-30T15:13:57.842+0000][gc,heap       ] GC(19) Old regions: 29->33
[2025-10-30T15:13:57.842+0000][gc,heap       ] GC(19) Humongous regions: 138->138
[2025-10-30T15:13:57.842+0000][gc,metaspace  ] GC(19) Metaspace: 52346K(55216K)->52346K(55216K) NonClass: 46217K(47792K)->46217K(47792K) Class: 6128K(7424K)->6128K(7424K)
[2025-10-30T15:13:57.842+0000][gc            ] GC(19) Pause Young (Normal) (G1 Evacuation Pause) 194M->172M(512M) 13.606ms
[2025-10-30T15:13:57.842+0000][gc,cpu        ] GC(19) User=0.03s Sys=0.00s Real=0.01s
[2025-10-30T15:14:35.815+0000][gc,start      ] GC(20) Pause Young (Normal) (G1 Evacuation Pause)
[2025-10-30T15:14:35.816+0000][gc,task       ] GC(20) Using 2 workers of 2 for evacuation
[2025-10-30T15:14:35.847+0000][gc,mmu        ] GC(20) MMU target violated: 21.0ms (20.0ms/21.0ms)
[2025-10-30T15:14:35.860+0000][gc,phases     ] GC(20)   Pre Evacuate Collection Set: 0.0ms
[2025-10-30T15:14:35.860+0000][gc,phases     ] GC(20)   Evacuate Collection Set: 28.9ms
[2025-10-30T15:14:35.861+0000][gc,phases     ] GC(20)   Post Evacuate Collection Set: 1.6ms
[2025-10-30T15:14:35.861+0000][gc,phases     ] GC(20)   Other: 14.2ms
[2025-10-30T15:14:35.862+0000][gc,heap       ] GC(20) Eden regions: 27->0(22)
[2025-10-30T15:14:35.862+0000][gc,heap       ] GC(20) Survivor regions: 2->3(4)
[2025-10-30T15:14:35.862+0000][gc,heap       ] GC(20) Old regions: 33->33
[2025-10-30T15:14:35.863+0000][gc,heap       ] GC(20) Humongous regions: 138->138
[2025-10-30T15:14:35.863+0000][gc,metaspace  ] GC(20) Metaspace: 52357K(55216K)->52357K(55216K) NonClass: 46228K(47792K)->46228K(47792K) Class: 6128K(7424K)->6128K(7424K)
[2025-10-30T15:14:35.863+0000][gc            ] GC(20) Pause Young (Normal) (G1 Evacuation Pause) 199M->173M(512M) 48.189ms
[2025-10-30T15:14:35.864+0000][gc,cpu        ] GC(20) User=0.06s Sys=0.00s Real=0.05s
[2025-10-30T15:15:08.367+0000][gc,start      ] GC(21) Pause Young (Normal) (G1 Evacuation Pause)
[2025-10-30T15:15:08.367+0000][gc,task       ] GC(21) Using 2 workers of 2 for evacuation
[2025-10-30T15:15:08.377+0000][gc,phases     ] GC(21)   Pre Evacuate Collection Set: 0.0ms
[2025-10-30T15:15:08.377+0000][gc,phases     ] GC(21)   Evacuate Collection Set: 8.4ms
[2025-10-30T15:15:08.377+0000][gc,phases     ] GC(21)   Post Evacuate Collection Set: 0.7ms
[2025-10-30T15:15:08.378+0000][gc,phases     ] GC(21)   Other: 0.6ms
[2025-10-30T15:15:08.378+0000][gc,heap       ] GC(21) Eden regions: 22->0(22)
[2025-10-30T15:15:08.378+0000][gc,heap       ] GC(21) Survivor regions: 3->3(4)
[2025-10-30T15:15:08.378+0000][gc,heap       ] GC(21) Old regions: 33->34
[2025-10-30T15:15:08.378+0000][gc,heap       ] GC(21) Humongous regions: 138->138
[2025-10-30T15:15:08.378+0000][gc,metaspace  ] GC(21) Metaspace: 52361K(55216K)->52361K(55216K) NonClass: 46232K(47792K)->46232K(47792K) Class: 6128K(7424K)->6128K(7424K)
[2025-10-30T15:15:08.378+0000][gc            ] GC(21) Pause Young (Normal) (G1 Evacuation Pause) 195M->174M(512M) 11.241ms
[2025-10-30T15:15:08.379+0000][gc,cpu        ] GC(21) User=0.02s Sys=0.00s Real=0.02s
[2025-10-30T15:15:39.204+0000][gc,start      ] GC(22) Pause Young (Normal) (G1 Evacuation Pause)
[2025-10-30T15:15:39.204+0000][gc,task       ] GC(22) Using 2 workers of 2 for evacuation
[2025-10-30T15:15:39.213+0000][gc,phases     ] GC(22)   Pre Evacuate Collection Set: 0.0ms
[2025-10-30T15:15:39.213+0000][gc,phases     ] GC(22)   Evacuate Collection Set: 7.7ms
[2025-10-30T15:15:39.213+0000][gc,phases     ] GC(22)   Post Evacuate Collection Set: 0.6ms
[2025-10-30T15:15:39.213+0000][gc,phases     ] GC(22)   Other: 0.6ms
[2025-10-30T15:15:39.213+0000][gc,heap       ] GC(22) Eden regions: 22->0(24)
[2025-10-30T15:15:39.213+0000][gc,heap       ] GC(22) Survivor regions: 3->3(4)
[2025-10-30T15:15:39.213+0000][gc,heap       ] GC(22) Old regions: 34->36
[2025-10-30T15:15:39.214+0000][gc,heap       ] GC(22) Humongous regions: 138->138
[2025-10-30T15:15:39.214+0000][gc,metaspace  ] GC(22) Metaspace: 52361K(55216K)->52361K(55216K) NonClass: 46232K(47792K)->46232K(47792K) Class: 6128K(7424K)->6128K(7424K)
[2025-10-30T15:15:39.214+0000][gc            ] GC(22) Pause Young (Normal) (G1 Evacuation Pause) 196M->176M(512M) 9.934ms
[2025-10-30T15:15:39.214+0000][gc,cpu        ] GC(22) User=0.02s Sys=0.00s Real=0.01s
[2025-10-30T15:16:10.513+0000][gc,start      ] GC(23) Pause Young (Normal) (G1 Evacuation Pause)
[2025-10-30T15:16:10.513+0000][gc,task       ] GC(23) Using 2 workers of 2 for evacuation
[2025-10-30T15:16:10.520+0000][gc,phases     ] GC(23)   Pre Evacuate Collection Set: 0.0ms
[2025-10-30T15:16:10.520+0000][gc,phases     ] GC(23)   Evacuate Collection Set: 5.8ms
[2025-10-30T15:16:10.520+0000][gc,phases     ] GC(23)   Post Evacuate Collection Set: 0.6ms
[2025-10-30T15:16:10.521+0000][gc,phases     ] GC(23)   Other: 0.5ms
[2025-10-30T15:16:10.521+0000][gc,heap       ] GC(23) Eden regions: 22->0(28)
[2025-10-30T15:16:10.521+0000][gc,heap       ] GC(23) Survivor regions: 3->2(4)
[2025-10-30T15:16:10.521+0000][gc,heap       ] GC(23) Old regions: 36->37
[2025-10-30T15:16:10.521+0000][gc,heap       ] GC(23) Humongous regions: 138->138
[2025-10-30T15:16:10.521+0000][gc,metaspace  ] GC(23) Metaspace: 52368K(55216K)->52368K(55216K) NonClass: 46239K(47792K)->46239K(47792K) Class: 6128K(7424K)->6128K(7424K)
[2025-10-30T15:16:10.521+0000][gc            ] GC(23) Pause Young (Normal) (G1 Evacuation Pause) 198M->175M(512M) 8.134ms
[2025-10-30T15:16:10.521+0000][gc,cpu        ] GC(23) User=0.01s Sys=0.00s Real=0.01s
[2025-10-30T15:16:44.525+0000][gc,start      ] GC(24) Pause Young (Normal) (G1 Evacuation Pause)
[2025-10-30T15:16:44.526+0000][gc,task       ] GC(24) Using 2 workers of 2 for evacuation
[2025-10-30T15:16:44.540+0000][gc,phases     ] GC(24)   Pre Evacuate Collection Set: 0.0ms
[2025-10-30T15:16:44.540+0000][gc,phases     ] GC(24)   Evacuate Collection Set: 12.6ms
[2025-10-30T15:16:44.540+0000][gc,phases     ] GC(24)   Post Evacuate Collection Set: 0.8ms
[2025-10-30T15:16:44.540+0000][gc,phases     ] GC(24)   Other: 1.2ms
[2025-10-30T15:16:44.541+0000][gc,heap       ] GC(24) Eden regions: 25->0(27)
[2025-10-30T15:16:44.541+0000][gc,heap       ] GC(24) Survivor regions: 2->3(4)
[2025-10-30T15:16:44.541+0000][gc,heap       ] GC(24) Old regions: 37->37
[2025-10-30T15:16:44.541+0000][gc,heap       ] GC(24) Humongous regions: 138->138
[2025-10-30T15:16:44.541+0000][gc,metaspace  ] GC(24) Metaspace: 52368K(55216K)->52368K(55216K) NonClass: 46239K(47792K)->46239K(47792K) Class: 6128K(7424K)->6128K(7424K)
[2025-10-30T15:16:44.542+0000][gc            ] GC(24) Pause Young (Normal) (G1 Evacuation Pause) 200M->177M(512M) 16.497ms
[2025-10-30T15:16:44.542+0000][gc,cpu        ] GC(24) User=0.03s Sys=0.00s Real=0.02s
[2025-10-30T15:17:15.190+0000][gc,start      ] GC(25) Pause Young (Normal) (G1 Evacuation Pause)
[2025-10-30T15:17:15.190+0000][gc,task       ] GC(25) Using 2 workers of 2 for evacuation
[2025-10-30T15:17:15.199+0000][gc,phases     ] GC(25)   Pre Evacuate Collection Set: 0.0ms
[2025-10-30T15:17:15.199+0000][gc,phases     ] GC(25)   Evacuate Collection Set: 7.5ms
[2025-10-30T15:17:15.199+0000][gc,phases     ] GC(25)   Post Evacuate Collection Set: 0.6ms
[2025-10-30T15:17:15.199+0000][gc,phases     ] GC(25)   Other: 0.5ms
[2025-10-30T15:17:15.199+0000][gc,heap       ] GC(25) Eden regions: 24->0(28)
[2025-10-30T15:17:15.199+0000][gc,heap       ] GC(25) Survivor regions: 3->3(4)
[2025-10-30T15:17:15.199+0000][gc,heap       ] GC(25) Old regions: 37->38
[2025-10-30T15:17:15.200+0000][gc,heap       ] GC(25) Humongous regions: 138->138
[2025-10-30T15:17:15.200+0000][gc,metaspace  ] GC(25) Metaspace: 52376K(55216K)->52376K(55216K) NonClass: 46246K(47792K)->46246K(47792K) Class: 6129K(7424K)->6129K(7424K)
[2025-10-30T15:17:15.200+0000][gc            ] GC(25) Pause Young (Normal) (G1 Evacuation Pause) 201M->178M(512M) 9.707ms
[2025-10-30T15:17:15.200+0000][gc,cpu        ] GC(25) User=0.02s Sys=0.00s Real=0.01s
[2025-10-30T15:17:55.698+0000][gc,start      ] GC(26) Pause Young (Normal) (G1 Evacuation Pause)
[2025-10-30T15:17:55.699+0000][gc,task       ] GC(26) Using 2 workers of 2 for evacuation
[2025-10-30T15:17:55.709+0000][gc,phases     ] GC(26)   Pre Evacuate Collection Set: 0.0ms
[2025-10-30T15:17:55.709+0000][gc,phases     ] GC(26)   Evacuate Collection Set: 9.3ms
[2025-10-30T15:17:55.709+0000][gc,phases     ] GC(26)   Post Evacuate Collection Set: 0.6ms
[2025-10-30T15:17:55.710+0000][gc,phases     ] GC(26)   Other: 0.9ms
[2025-10-30T15:17:55.710+0000][gc,heap       ] GC(26) Eden regions: 25->0(29)
[2025-10-30T15:17:55.710+0000][gc,heap       ] GC(26) Survivor regions: 3->3(4)
[2025-10-30T15:17:55.710+0000][gc,heap       ] GC(26) Old regions: 38->40
[2025-10-30T15:17:55.710+0000][gc,heap       ] GC(26) Humongous regions: 138->138
[2025-10-30T15:17:55.711+0000][gc,metaspace  ] GC(26) Metaspace: 52382K(55216K)->52382K(55216K) NonClass: 46252K(47792K)->46252K(47792K) Class: 6129K(7424K)->6129K(7424K)
[2025-10-30T15:17:55.711+0000][gc            ] GC(26) Pause Young (Normal) (G1 Evacuation Pause) 203M->180M(512M) 12.640ms
[2025-10-30T15:17:55.711+0000][gc,cpu        ] GC(26) User=0.02s Sys=0.00s Real=0.01s
[2025-10-30T15:18:30.811+0000][gc,start      ] GC(27) Pause Young (Normal) (G1 Evacuation Pause)
[2025-10-30T15:18:30.811+0000][gc,task       ] GC(27) Using 2 workers of 2 for evacuation
[2025-10-30T15:18:30.822+0000][gc,phases     ] GC(27)   Pre Evacuate Collection Set: 0.0ms
[2025-10-30T15:18:30.822+0000][gc,phases     ] GC(27)   Evacuate Collection Set: 9.3ms
[2025-10-30T15:18:30.822+0000][gc,phases     ] GC(27)   Post Evacuate Collection Set: 0.9ms
[2025-10-30T15:18:30.822+0000][gc,phases     ] GC(27)   Other: 0.7ms
[2025-10-30T15:18:30.822+0000][gc,heap       ] GC(27) Eden regions: 26->0(33)
[2025-10-30T15:18:30.823+0000][gc,heap       ] GC(27) Survivor regions: 3->3(4)
[2025-10-30T15:18:30.823+0000][gc,heap       ] GC(27) Old regions: 40->40
[2025-10-30T15:18:30.823+0000][gc,heap       ] GC(27) Humongous regions: 138->138
[2025-10-30T15:18:30.823+0000][gc,metaspace  ] GC(27) Metaspace: 52440K(55216K)->52440K(55216K) NonClass: 46311K(47792K)->46311K(47792K) Class: 6129K(7424K)->6129K(7424K)
[2025-10-30T15:18:30.823+0000][gc            ] GC(27) Pause Young (Normal) (G1 Evacuation Pause) 206M->180M(512M) 12.745ms
[2025-10-30T15:18:30.824+0000][gc,cpu        ] GC(27) User=0.02s Sys=0.00s Real=0.02s
[2025-10-30T15:19:15.533+0000][gc,start      ] GC(28) Pause Young (Normal) (G1 Evacuation Pause)
[2025-10-30T15:19:15.533+0000][gc,task       ] GC(28) Using 2 workers of 2 for evacuation
[2025-10-30T15:19:15.544+0000][gc,phases     ] GC(28)   Pre Evacuate Collection Set: 0.0ms
[2025-10-30T15:19:15.545+0000][gc,phases     ] GC(28)   Evacuate Collection Set: 10.3ms
[2025-10-30T15:19:15.545+0000][gc,phases     ] GC(28)   Post Evacuate Collection Set: 0.7ms
[2025-10-30T15:19:15.545+0000][gc,phases     ] GC(28)   Other: 1.0ms
[2025-10-30T15:19:15.545+0000][gc,heap       ] GC(28) Eden regions: 28->0(34)
[2025-10-30T15:19:15.545+0000][gc,heap       ] GC(28) Survivor regions: 3->3(4)
[2025-10-30T15:19:15.546+0000][gc,heap       ] GC(28) Old regions: 40->41
[2025-10-30T15:19:15.546+0000][gc,heap       ] GC(28) Humongous regions: 138->138
[2025-10-30T15:19:15.546+0000][gc,metaspace  ] GC(28) Metaspace: 52444K(55216K)->52444K(55216K) NonClass: 46313K(47792K)->46313K(47792K) Class: 6130K(7424K)->6130K(7424K)
[2025-10-30T15:19:15.546+0000][gc            ] GC(28) Pause Young (Normal) (G1 Evacuation Pause) 208M->181M(512M) 13.664ms
[2025-10-30T15:19:15.546+0000][gc,cpu        ] GC(28) User=0.02s Sys=0.00s Real=0.02s
[2025-10-30T15:19:54.515+0000][gc,start      ] GC(29) Pause Young (Normal) (G1 Evacuation Pause)
[2025-10-30T15:19:54.516+0000][gc,task       ] GC(29) Using 2 workers of 2 for evacuation
[2025-10-30T15:19:54.525+0000][gc,phases     ] GC(29)   Pre Evacuate Collection Set: 0.0ms
[2025-10-30T15:19:54.526+0000][gc,phases     ] GC(29)   Evacuate Collection Set: 8.8ms
[2025-10-30T15:19:54.526+0000][gc,phases     ] GC(29)   Post Evacuate Collection Set: 0.6ms
[2025-10-30T15:19:54.526+0000][gc,phases     ] GC(29)   Other: 0.6ms
[2025-10-30T15:19:54.526+0000][gc,heap       ] GC(29) Eden regions: 28->0(35)
[2025-10-30T15:19:54.526+0000][gc,heap       ] GC(29) Survivor regions: 3->4(4)
[2025-10-30T15:19:54.526+0000][gc,heap       ] GC(29) Old regions: 41->42
[2025-10-30T15:19:54.526+0000][gc,heap       ] GC(29) Humongous regions: 138->138
[2025-10-30T15:19:54.526+0000][gc,metaspace  ] GC(29) Metaspace: 52457K(55216K)->52457K(55216K) NonClass: 46325K(47792K)->46325K(47792K) Class: 6132K(7424K)->6132K(7424K)
[2025-10-30T15:19:54.526+0000][gc            ] GC(29) Pause Young (Normal) (G1 Evacuation Pause) 209M->183M(512M) 11.195ms
[2025-10-30T15:19:54.527+0000][gc,cpu        ] GC(29) User=0.01s Sys=0.00s Real=0.02s
[2025-10-30T15:20:18.581+0000][gc,start      ] GC(30) Pause Young (Concurrent Start) (G1 Evacuation Pause)
[2025-10-30T15:20:18.581+0000][gc,task       ] GC(30) Using 2 workers of 2 for evacuation
[2025-10-30T15:20:18.590+0000][gc,phases     ] GC(30)   Pre Evacuate Collection Set: 0.2ms
[2025-10-30T15:20:18.590+0000][gc,phases     ] GC(30)   Evacuate Collection Set: 7.9ms
[2025-10-30T15:20:18.590+0000][gc,phases     ] GC(30)   Post Evacuate Collection Set: 0.6ms
[2025-10-30T15:20:18.590+0000][gc,phases     ] GC(30)   Other: 0.6ms
[2025-10-30T15:20:18.590+0000][gc,heap       ] GC(30) Eden regions: 31->0(37)
[2025-10-30T15:20:18.591+0000][gc,heap       ] GC(30) Survivor regions: 4->2(5)
[2025-10-30T15:20:18.591+0000][gc,heap       ] GC(30) Old regions: 42->43
[2025-10-30T15:20:18.591+0000][gc,heap       ] GC(30) Humongous regions: 138->138
[2025-10-30T15:20:18.591+0000][gc,metaspace  ] GC(30) Metaspace: 52507K(55472K)->52507K(55472K) NonClass: 46375K(48048K)->46375K(48048K) Class: 6132K(7424K)->6132K(7424K)
[2025-10-30T15:20:18.591+0000][gc            ] GC(30) Pause Young (Concurrent Start) (G1 Evacuation Pause) 214M->182M(512M) 10.650ms
[2025-10-30T15:20:18.591+0000][gc,cpu        ] GC(30) User=0.01s Sys=0.00s Real=0.01s
[2025-10-30T15:20:18.592+0000][gc            ] GC(31) Concurrent Cycle
[2025-10-30T15:20:18.592+0000][gc,marking    ] GC(31) Concurrent Clear Claimed Marks
[2025-10-30T15:20:18.592+0000][gc,marking    ] GC(31) Concurrent Clear Claimed Marks 0.469ms
[2025-10-30T15:20:18.592+0000][gc,marking    ] GC(31) Concurrent Scan Root Regions
[2025-10-30T15:20:18.596+0000][gc,marking    ] GC(31) Concurrent Scan Root Regions 3.537ms
[2025-10-30T15:20:18.596+0000][gc,marking    ] GC(31) Concurrent Mark (1142.244s)
[2025-10-30T15:20:18.596+0000][gc,marking    ] GC(31) Concurrent Mark From Roots
[2025-10-30T15:20:18.597+0000][gc,task       ] GC(31) Using 1 workers of 1 for marking
[2025-10-30T15:20:18.624+0000][gc,marking    ] GC(31) Concurrent Mark From Roots 27.279ms
[2025-10-30T15:20:18.624+0000][gc,marking    ] GC(31) Concurrent Preclean
[2025-10-30T15:20:18.624+0000][gc,marking    ] GC(31) Concurrent Preclean 0.350ms
[2025-10-30T15:20:18.624+0000][gc,marking    ] GC(31) Concurrent Mark (1142.244s, 1142.273s) 28.184ms
[2025-10-30T15:20:18.625+0000][gc,start      ] GC(31) Pause Remark
[2025-10-30T15:20:18.638+0000][gc,stringtable] GC(31) Cleaned string and symbol table, strings: 16227 processed, 301 removed, symbols: 123601 processed, 12 removed
[2025-10-30T15:20:18.640+0000][gc            ] GC(31) Pause Remark 183M->183M(512M) 14.815ms
[2025-10-30T15:20:18.640+0000][gc,cpu        ] GC(31) User=0.02s Sys=0.00s Real=0.02s
[2025-10-30T15:20:18.640+0000][gc,marking    ] GC(31) Concurrent Rebuild Remembered Sets
[2025-10-30T15:20:18.659+0000][gc,marking    ] GC(31) Concurrent Rebuild Remembered Sets 19.105ms
[2025-10-30T15:20:18.660+0000][gc,start      ] GC(31) Pause Cleanup
[2025-10-30T15:20:18.660+0000][gc            ] GC(31) Pause Cleanup 183M->183M(512M) 0.388ms
[2025-10-30T15:20:18.661+0000][gc,cpu        ] GC(31) User=0.00s Sys=0.00s Real=0.00s
[2025-10-30T15:20:18.661+0000][gc,marking    ] GC(31) Concurrent Cleanup for Next Mark
[2025-10-30T15:20:18.662+0000][gc,marking    ] GC(31) Concurrent Cleanup for Next Mark 0.810ms
[2025-10-30T15:20:18.663+0000][gc            ] GC(31) Concurrent Cycle 70.981ms
[2025-10-30T15:20:59.305+0000][gc,start      ] GC(32) Pause Young (Normal) (G1 Evacuation Pause)
[2025-10-30T15:20:59.305+0000][gc,task       ] GC(32) Using 2 workers of 2 for evacuation
[2025-10-30T15:20:59.315+0000][gc,phases     ] GC(32)   Pre Evacuate Collection Set: 0.0ms
[2025-10-30T15:20:59.315+0000][gc,phases     ] GC(32)   Evacuate Collection Set: 8.4ms
[2025-10-30T15:20:59.315+0000][gc,phases     ] GC(32)   Post Evacuate Collection Set: 0.8ms
[2025-10-30T15:20:59.315+0000][gc,phases     ] GC(32)   Other: 0.7ms
[2025-10-30T15:20:59.316+0000][gc,heap       ] GC(32) Eden regions: 33->0(39)
[2025-10-30T15:20:59.316+0000][gc,heap       ] GC(32) Survivor regions: 2->4(5)
[2025-10-30T15:20:59.316+0000][gc,heap       ] GC(32) Old regions: 43->43
[2025-10-30T15:20:59.316+0000][gc,heap       ] GC(32) Humongous regions: 138->138
[2025-10-30T15:20:59.316+0000][gc,metaspace  ] GC(32) Metaspace: 51496K(55472K)->51496K(55472K) NonClass: 45741K(48048K)->45741K(48048K) Class: 5755K(7424K)->5755K(7424K)
[2025-10-30T15:20:59.316+0000][gc            ] GC(32) Pause Young (Normal) (G1 Evacuation Pause) 215M->184M(512M) 11.587ms
[2025-10-30T15:20:59.317+0000][gc,cpu        ] GC(32) User=0.01s Sys=0.00s Real=0.01s
[2025-10-30T15:21:43.033+0000][gc,start      ] GC(33) Pause Young (Concurrent Start) (G1 Evacuation Pause)
[2025-10-30T15:21:43.034+0000][gc,task       ] GC(33) Using 2 workers of 2 for evacuation
[2025-10-30T15:21:43.044+0000][gc,phases     ] GC(33)   Pre Evacuate Collection Set: 0.2ms
[2025-10-30T15:21:43.045+0000][gc,phases     ] GC(33)   Evacuate Collection Set: 9.7ms
[2025-10-30T15:21:43.045+0000][gc,phases     ] GC(33)   Post Evacuate Collection Set: 0.6ms
[2025-10-30T15:21:43.045+0000][gc,phases     ] GC(33)   Other: 0.6ms
[2025-10-30T15:21:43.045+0000][gc,heap       ] GC(33) Eden regions: 39->0(41)
[2025-10-30T15:21:43.045+0000][gc,heap       ] GC(33) Survivor regions: 4->5(6)
[2025-10-30T15:21:43.045+0000][gc,heap       ] GC(33) Old regions: 43->44
[2025-10-30T15:21:43.045+0000][gc,heap       ] GC(33) Humongous regions: 138->138
[2025-10-30T15:21:43.045+0000][gc,metaspace  ] GC(33) Metaspace: 51498K(55472K)->51498K(55472K) NonClass: 45743K(48048K)->45743K(48048K) Class: 5755K(7424K)->5755K(7424K)
[2025-10-30T15:21:43.046+0000][gc            ] GC(33) Pause Young (Concurrent Start) (G1 Evacuation Pause) 223M->186M(512M) 12.328ms
[2025-10-30T15:21:43.046+0000][gc,cpu        ] GC(33) User=0.02s Sys=0.00s Real=0.01s
[2025-10-30T15:21:43.046+0000][gc            ] GC(34) Concurrent Cycle
[2025-10-30T15:21:43.046+0000][gc,marking    ] GC(34) Concurrent Clear Claimed Marks
[2025-10-30T15:21:43.047+0000][gc,marking    ] GC(34) Concurrent Clear Claimed Marks 0.355ms
[2025-10-30T15:21:43.047+0000][gc,marking    ] GC(34) Concurrent Scan Root Regions
[2025-10-30T15:21:43.051+0000][gc,marking    ] GC(34) Concurrent Scan Root Regions 4.800ms
[2025-10-30T15:21:43.052+0000][gc,marking    ] GC(34) Concurrent Mark (1226.698s)
[2025-10-30T15:21:43.052+0000][gc,marking    ] GC(34) Concurrent Mark From Roots
[2025-10-30T15:21:43.052+0000][gc,task       ] GC(34) Using 1 workers of 1 for marking
[2025-10-30T15:21:43.080+0000][gc,marking    ] GC(34) Concurrent Mark From Roots 27.696ms
[2025-10-30T15:21:43.080+0000][gc,marking    ] GC(34) Concurrent Preclean
[2025-10-30T15:21:43.080+0000][gc,marking    ] GC(34) Concurrent Preclean 0.254ms
[2025-10-30T15:21:43.080+0000][gc,marking    ] GC(34) Concurrent Mark (1226.698s, 1226.727s) 28.424ms
[2025-10-30T15:21:43.081+0000][gc,start      ] GC(34) Pause Remark
[2025-10-30T15:21:43.088+0000][gc,stringtable] GC(34) Cleaned string and symbol table, strings: 15973 processed, 0 removed, symbols: 123590 processed, 231 removed
[2025-10-30T15:21:43.089+0000][gc            ] GC(34) Pause Remark 187M->187M(512M) 8.452ms
[2025-10-30T15:21:43.089+0000][gc,cpu        ] GC(34) User=0.01s Sys=0.00s Real=0.01s
[2025-10-30T15:21:43.089+0000][gc,marking    ] GC(34) Concurrent Rebuild Remembered Sets
[2025-10-30T15:21:43.106+0000][gc,marking    ] GC(34) Concurrent Rebuild Remembered Sets 16.796ms
[2025-10-30T15:21:43.107+0000][gc,start      ] GC(34) Pause Cleanup
[2025-10-30T15:21:43.107+0000][gc            ] GC(34) Pause Cleanup 187M->187M(512M) 0.382ms
[2025-10-30T15:21:43.108+0000][gc,cpu        ] GC(34) User=0.00s Sys=0.00s Real=0.00s
[2025-10-30T15:21:43.108+0000][gc,marking    ] GC(34) Concurrent Cleanup for Next Mark
[2025-10-30T15:21:43.109+0000][gc,marking    ] GC(34) Concurrent Cleanup for Next Mark 0.818ms
[2025-10-30T15:21:43.109+0000][gc            ] GC(34) Concurrent Cycle 62.928ms
[2025-10-30T15:22:33.622+0000][gc,start      ] GC(35) Pause Young (Prepare Mixed) (G1 Evacuation Pause)
[2025-10-30T15:22:33.622+0000][gc,task       ] GC(35) Using 2 workers of 2 for evacuation
[2025-10-30T15:22:33.633+0000][gc,phases     ] GC(35)   Pre Evacuate Collection Set: 0.0ms
[2025-10-30T15:22:33.633+0000][gc,phases     ] GC(35)   Evacuate Collection Set: 10.2ms
[2025-10-30T15:22:33.634+0000][gc,phases     ] GC(35)   Post Evacuate Collection Set: 0.7ms
[2025-10-30T15:22:33.634+0000][gc,phases     ] GC(35)   Other: 0.5ms
[2025-10-30T15:22:33.634+0000][gc,heap       ] GC(35) Eden regions: 38->0(22)
[2025-10-30T15:22:33.634+0000][gc,heap       ] GC(35) Survivor regions: 5->3(6)
[2025-10-30T15:22:33.634+0000][gc,heap       ] GC(35) Old regions: 44->46
[2025-10-30T15:22:33.634+0000][gc,heap       ] GC(35) Humongous regions: 138->138
[2025-10-30T15:22:33.635+0000][gc,metaspace  ] GC(35) Metaspace: 51498K(55472K)->51498K(55472K) NonClass: 45743K(48048K)->45743K(48048K) Class: 5755K(7424K)->5755K(7424K)
[2025-10-30T15:22:33.635+0000][gc            ] GC(35) Pause Young (Prepare Mixed) (G1 Evacuation Pause) 224M->186M(512M) 13.148ms
[2025-10-30T15:22:33.635+0000][gc,cpu        ] GC(35) User=0.02s Sys=0.00s Real=0.01s
[2025-10-30T15:23:13.315+0000][gc,start      ] GC(36) Pause Young (Mixed) (G1 Evacuation Pause)
[2025-10-30T15:23:13.315+0000][gc,task       ] GC(36) Using 2 workers of 2 for evacuation
[2025-10-30T15:23:13.326+0000][gc,phases     ] GC(36)   Pre Evacuate Collection Set: 0.0ms
[2025-10-30T15:23:13.326+0000][gc,phases     ] GC(36)   Evacuate Collection Set: 9.0ms
[2025-10-30T15:23:13.326+0000][gc,phases     ] GC(36)   Post Evacuate Collection Set: 0.7ms
[2025-10-30T15:23:13.326+0000][gc,phases     ] GC(36)   Other: 1.4ms
[2025-10-30T15:23:13.326+0000][gc,heap       ] GC(36) Eden regions: 22->0(45)
[2025-10-30T15:23:13.327+0000][gc,heap       ] GC(36) Survivor regions: 3->3(4)
[2025-10-30T15:23:13.327+0000][gc,heap       ] GC(36) Old regions: 46->46
[2025-10-30T15:23:13.327+0000][gc,heap       ] GC(36) Humongous regions: 138->138
[2025-10-30T15:23:13.327+0000][gc,metaspace  ] GC(36) Metaspace: 51501K(55472K)->51501K(55472K) NonClass: 45746K(48048K)->45746K(48048K) Class: 5755K(7424K)->5755K(7424K)
[2025-10-30T15:23:13.327+0000][gc            ] GC(36) Pause Young (Mixed) (G1 Evacuation Pause) 208M->187M(512M) 12.647ms
[2025-10-30T15:23:13.327+0000][gc,cpu        ] GC(36) User=0.02s Sys=0.00s Real=0.01s
[2025-10-30T15:24:44.649+0000][gc,start      ] GC(37) Pause Young (Concurrent Start) (G1 Evacuation Pause)
[2025-10-30T15:24:44.650+0000][gc,task       ] GC(37) Using 2 workers of 2 for evacuation
[2025-10-30T15:24:44.687+0000][gc,mmu        ] GC(37) MMU target violated: 21.0ms (20.0ms/21.0ms)
[2025-10-30T15:24:44.688+0000][gc,phases     ] GC(37)   Pre Evacuate Collection Set: 0.4ms
[2025-10-30T15:24:44.688+0000][gc,phases     ] GC(37)   Evacuate Collection Set: 33.9ms
[2025-10-30T15:24:44.688+0000][gc,phases     ] GC(37)   Post Evacuate Collection Set: 1.8ms
[2025-10-30T15:24:44.689+0000][gc,phases     ] GC(37)   Other: 2.3ms
[2025-10-30T15:24:44.689+0000][gc,heap       ] GC(37) Eden regions: 45->0(20)
[2025-10-30T15:24:44.689+0000][gc,heap       ] GC(37) Survivor regions: 3->5(6)
[2025-10-30T15:24:44.689+0000][gc,heap       ] GC(37) Old regions: 46->46
[2025-10-30T15:24:44.690+0000][gc,heap       ] GC(37) Humongous regions: 138->138
[2025-10-30T15:24:44.690+0000][gc,metaspace  ] GC(37) Metaspace: 51501K(55472K)->51501K(55472K) NonClass: 45746K(48048K)->45746K(48048K) Class: 5755K(7424K)->5755K(7424K)
[2025-10-30T15:24:44.690+0000][gc            ] GC(37) Pause Young (Concurrent Start) (G1 Evacuation Pause) 231M->188M(512M) 41.070ms
[2025-10-30T15:24:44.691+0000][gc,cpu        ] GC(37) User=0.07s Sys=0.00s Real=0.04s
[2025-10-30T15:24:44.691+0000][gc            ] GC(38) Concurrent Cycle
[2025-10-30T15:24:44.691+0000][gc,marking    ] GC(38) Concurrent Clear Claimed Marks
[2025-10-30T15:24:44.692+0000][gc,marking    ] GC(38) Concurrent Clear Claimed Marks 0.733ms
[2025-10-30T15:24:44.692+0000][gc,marking    ] GC(38) Concurrent Scan Root Regions
[2025-10-30T15:24:44.709+0000][gc,marking    ] GC(38) Concurrent Scan Root Regions 16.157ms
[2025-10-30T15:24:44.709+0000][gc,marking    ] GC(38) Concurrent Mark (1408.351s)
[2025-10-30T15:24:44.709+0000][gc,marking    ] GC(38) Concurrent Mark From Roots
[2025-10-30T15:24:44.710+0000][gc,task       ] GC(38) Using 1 workers of 1 for marking
[2025-10-30T15:24:44.779+0000][gc,marking    ] GC(38) Concurrent Mark From Roots 69.844ms
[2025-10-30T15:24:44.780+0000][gc,marking    ] GC(38) Concurrent Preclean
[2025-10-30T15:24:44.781+0000][gc,marking    ] GC(38) Concurrent Preclean 1.365ms
[2025-10-30T15:24:44.782+0000][gc,marking    ] GC(38) Concurrent Mark (1408.351s, 1408.423s) 72.720ms
[2025-10-30T15:24:44.784+0000][gc,start      ] GC(38) Pause Remark
[2025-10-30T15:24:44.806+0000][gc,stringtable] GC(38) Cleaned string and symbol table, strings: 16095 processed, 0 removed, symbols: 123359 processed, 0 removed
[2025-10-30T15:24:44.808+0000][gc,mmu        ] GC(38) MMU target violated: 21.0ms (20.0ms/21.0ms)
[2025-10-30T15:24:44.809+0000][gc            ] GC(38) Pause Remark 188M->188M(512M) 25.316ms
[2025-10-30T15:24:44.810+0000][gc,cpu        ] GC(38) User=0.04s Sys=0.00s Real=0.03s
[2025-10-30T15:24:44.811+0000][gc,marking    ] GC(38) Concurrent Rebuild Remembered Sets
[2025-10-30T15:24:44.855+0000][gc,marking    ] GC(38) Concurrent Rebuild Remembered Sets 43.773ms
[2025-10-30T15:24:44.857+0000][gc,start      ] GC(38) Pause Cleanup
[2025-10-30T15:24:44.858+0000][gc            ] GC(38) Pause Cleanup 188M->188M(512M) 1.589ms
[2025-10-30T15:24:44.859+0000][gc,cpu        ] GC(38) User=0.00s Sys=0.00s Real=0.00s
[2025-10-30T15:24:44.859+0000][gc,marking    ] GC(38) Concurrent Cleanup for Next Mark
[2025-10-30T15:24:44.862+0000][gc,marking    ] GC(38) Concurrent Cleanup for Next Mark 2.170ms
[2025-10-30T15:24:44.862+0000][gc            ] GC(38) Concurrent Cycle 171.222ms
[2025-10-30T15:25:19.026+0000][gc,start      ] GC(39) Pause Young (Prepare Mixed) (G1 Evacuation Pause)
[2025-10-30T15:25:19.026+0000][gc,task       ] GC(39) Using 2 workers of 2 for evacuation
[2025-10-30T15:25:19.042+0000][gc,phases     ] GC(39)   Pre Evacuate Collection Set: 0.0ms
[2025-10-30T15:25:19.042+0000][gc,phases     ] GC(39)   Evacuate Collection Set: 14.4ms
[2025-10-30T15:25:19.043+0000][gc,phases     ] GC(39)   Post Evacuate Collection Set: 0.9ms
[2025-10-30T15:25:19.043+0000][gc,phases     ] GC(39)   Other: 0.9ms
[2025-10-30T15:25:19.043+0000][gc,heap       ] GC(39) Eden regions: 20->0(23)
[2025-10-30T15:25:19.043+0000][gc,heap       ] GC(39) Survivor regions: 5->2(4)
[2025-10-30T15:25:19.044+0000][gc,heap       ] GC(39) Old regions: 46->50
[2025-10-30T15:25:19.044+0000][gc,heap       ] GC(39) Humongous regions: 138->138
[2025-10-30T15:25:19.044+0000][gc,metaspace  ] GC(39) Metaspace: 51501K(55472K)->51501K(55472K) NonClass: 45746K(48048K)->45746K(48048K) Class: 5755K(7424K)->5755K(7424K)
[2025-10-30T15:25:19.045+0000][gc            ] GC(39) Pause Young (Prepare Mixed) (G1 Evacuation Pause) 208M->189M(512M) 18.928ms
[2025-10-30T15:25:19.045+0000][gc,cpu        ] GC(39) User=0.03s Sys=0.00s Real=0.02s
[2025-10-30T15:25:59.417+0000][gc,start      ] GC(40) Pause Young (Mixed) (G1 Evacuation Pause)
[2025-10-30T15:25:59.417+0000][gc,task       ] GC(40) Using 2 workers of 2 for evacuation
[2025-10-30T15:25:59.425+0000][gc,phases     ] GC(40)   Pre Evacuate Collection Set: 0.0ms
[2025-10-30T15:25:59.425+0000][gc,phases     ] GC(40)   Evacuate Collection Set: 6.6ms
[2025-10-30T15:25:59.425+0000][gc,phases     ] GC(40)   Post Evacuate Collection Set: 0.7ms
[2025-10-30T15:25:59.425+0000][gc,phases     ] GC(40)   Other: 0.6ms
[2025-10-30T15:25:59.425+0000][gc,heap       ] GC(40) Eden regions: 23->0(31)
[2025-10-30T15:25:59.425+0000][gc,heap       ] GC(40) Survivor regions: 2->3(4)
[2025-10-30T15:25:59.425+0000][gc,heap       ] GC(40) Old regions: 50->48
[2025-10-30T15:25:59.426+0000][gc,heap       ] GC(40) Humongous regions: 138->138
[2025-10-30T15:25:59.426+0000][gc,metaspace  ] GC(40) Metaspace: 51501K(55472K)->51501K(55472K) NonClass: 45746K(48048K)->45746K(48048K) Class: 5755K(7424K)->5755K(7424K)
[2025-10-30T15:25:59.426+0000][gc            ] GC(40) Pause Young (Mixed) (G1 Evacuation Pause) 212M->188M(512M) 9.386ms
[2025-10-30T15:25:59.426+0000][gc,cpu        ] GC(40) User=0.01s Sys=0.00s Real=0.00s
[2025-10-30T15:26:41.555+0000][gc,start      ] GC(41) Pause Young (Concurrent Start) (G1 Evacuation Pause)
[2025-10-30T15:26:41.555+0000][gc,task       ] GC(41) Using 2 workers of 2 for evacuation
[2025-10-30T15:26:41.563+0000][gc,phases     ] GC(41)   Pre Evacuate Collection Set: 0.2ms
[2025-10-30T15:26:41.563+0000][gc,phases     ] GC(41)   Evacuate Collection Set: 6.6ms
[2025-10-30T15:26:41.564+0000][gc,phases     ] GC(41)   Post Evacuate Collection Set: 0.6ms
[2025-10-30T15:26:41.564+0000][gc,phases     ] GC(41)   Other: 0.5ms
[2025-10-30T15:26:41.564+0000][gc,heap       ] GC(41) Eden regions: 31->0(37)
[2025-10-30T15:26:41.564+0000][gc,heap       ] GC(41) Survivor regions: 3->3(5)
[2025-10-30T15:26:41.564+0000][gc,heap       ] GC(41) Old regions: 48->49
[2025-10-30T15:26:41.564+0000][gc,heap       ] GC(41) Humongous regions: 138->138
[2025-10-30T15:26:41.564+0000][gc,metaspace  ] GC(41) Metaspace: 51501K(55472K)->51501K(55472K) NonClass: 45746K(48048K)->45746K(48048K) Class: 5755K(7424K)->5755K(7424K)
[2025-10-30T15:26:41.564+0000][gc            ] GC(41) Pause Young (Concurrent Start) (G1 Evacuation Pause) 219M->188M(512M) 9.243ms
[2025-10-30T15:26:41.565+0000][gc,cpu        ] GC(41) User=0.01s Sys=0.00s Real=0.01s
[2025-10-30T15:26:41.565+0000][gc            ] GC(42) Concurrent Cycle
[2025-10-30T15:26:41.565+0000][gc,marking    ] GC(42) Concurrent Clear Claimed Marks
[2025-10-30T15:26:41.565+0000][gc,marking    ] GC(42) Concurrent Clear Claimed Marks 0.324ms
[2025-10-30T15:26:41.565+0000][gc,marking    ] GC(42) Concurrent Scan Root Regions
[2025-10-30T15:26:41.568+0000][gc,marking    ] GC(42) Concurrent Scan Root Regions 2.389ms
[2025-10-30T15:26:41.568+0000][gc,marking    ] GC(42) Concurrent Mark (1525.206s)
[2025-10-30T15:26:41.568+0000][gc,marking    ] GC(42) Concurrent Mark From Roots
[2025-10-30T15:26:41.568+0000][gc,task       ] GC(42) Using 1 workers of 1 for marking
[2025-10-30T15:26:41.596+0000][gc,marking    ] GC(42) Concurrent Mark From Roots 27.988ms
[2025-10-30T15:26:41.596+0000][gc,marking    ] GC(42) Concurrent Preclean
[2025-10-30T15:26:41.597+0000][gc,marking    ] GC(42) Concurrent Preclean 0.301ms
[2025-10-30T15:26:41.597+0000][gc,marking    ] GC(42) Concurrent Mark (1525.206s, 1525.235s) 29.086ms
[2025-10-30T15:26:41.598+0000][gc,start      ] GC(42) Pause Remark
[2025-10-30T15:26:41.606+0000][gc,stringtable] GC(42) Cleaned string and symbol table, strings: 16095 processed, 0 removed, symbols: 123359 processed, 0 removed
[2025-10-30T15:26:41.606+0000][gc            ] GC(42) Pause Remark 188M->188M(512M) 8.613ms
[2025-10-30T15:26:41.606+0000][gc,cpu        ] GC(42) User=0.02s Sys=0.00s Real=0.00s
[2025-10-30T15:26:41.607+0000][gc,marking    ] GC(42) Concurrent Rebuild Remembered Sets
[2025-10-30T15:26:41.624+0000][gc,marking    ] GC(42) Concurrent Rebuild Remembered Sets 17.502ms
[2025-10-30T15:26:41.625+0000][gc,start      ] GC(42) Pause Cleanup
[2025-10-30T15:26:41.625+0000][gc            ] GC(42) Pause Cleanup 188M->188M(512M) 0.376ms
[2025-10-30T15:26:41.625+0000][gc,cpu        ] GC(42) User=0.00s Sys=0.00s Real=0.00s
[2025-10-30T15:26:41.626+0000][gc,marking    ] GC(42) Concurrent Cleanup for Next Mark
[2025-10-30T15:26:41.626+0000][gc,marking    ] GC(42) Concurrent Cleanup for Next Mark 0.634ms
[2025-10-30T15:26:41.626+0000][gc            ] GC(42) Concurrent Cycle 61.659ms
[2025-10-30T15:27:46.001+0000][gc,start      ] GC(43) Pause Young (Prepare Mixed) (G1 Evacuation Pause)
[2025-10-30T15:27:46.001+0000][gc,task       ] GC(43) Using 2 workers of 2 for evacuation
[2025-10-30T15:27:46.012+0000][gc,phases     ] GC(43)   Pre Evacuate Collection Set: 0.0ms
[2025-10-30T15:27:46.012+0000][gc,phases     ] GC(43)   Evacuate Collection Set: 9.8ms
[2025-10-30T15:27:46.012+0000][gc,phases     ] GC(43)   Post Evacuate Collection Set: 0.8ms
[2025-10-30T15:27:46.013+0000][gc,phases     ] GC(43)   Other: 0.6ms
[2025-10-30T15:27:46.013+0000][gc,heap       ] GC(43) Eden regions: 37->0(20)
[2025-10-30T15:27:46.013+0000][gc,heap       ] GC(43) Survivor regions: 3->5(5)
[2025-10-30T15:27:46.013+0000][gc,heap       ] GC(43) Old regions: 49->49
[2025-10-30T15:27:46.013+0000][gc,heap       ] GC(43) Humongous regions: 138->138
[2025-10-30T15:27:46.013+0000][gc,metaspace  ] GC(43) Metaspace: 51507K(55472K)->51507K(55472K) NonClass: 45751K(48048K)->45751K(48048K) Class: 5755K(7424K)->5755K(7424K)
[2025-10-30T15:27:46.014+0000][gc            ] GC(43) Pause Young (Prepare Mixed) (G1 Evacuation Pause) 225M->190M(512M) 12.855ms
[2025-10-30T15:27:46.014+0000][gc,cpu        ] GC(43) User=0.02s Sys=0.00s Real=0.01s
[2025-10-30T15:28:18.266+0000][gc,start      ] GC(44) Pause Young (Mixed) (G1 Evacuation Pause)
[2025-10-30T15:28:18.266+0000][gc,task       ] GC(44) Using 2 workers of 2 for evacuation
[2025-10-30T15:28:18.279+0000][gc,phases     ] GC(44)   Pre Evacuate Collection Set: 0.0ms
[2025-10-30T15:28:18.279+0000][gc,phases     ] GC(44)   Evacuate Collection Set: 11.6ms
[2025-10-30T15:28:18.280+0000][gc,phases     ] GC(44)   Post Evacuate Collection Set: 1.0ms
[2025-10-30T15:28:18.280+0000][gc,phases     ] GC(44)   Other: 0.6ms
[2025-10-30T15:28:18.280+0000][gc,heap       ] GC(44) Eden regions: 20->0(45)
[2025-10-30T15:28:18.280+0000][gc,heap       ] GC(44) Survivor regions: 5->2(4)
[2025-10-30T15:28:18.280+0000][gc,heap       ] GC(44) Old regions: 49->48
[2025-10-30T15:28:18.281+0000][gc,heap       ] GC(44) Humongous regions: 138->138
[2025-10-30T15:28:18.281+0000][gc,metaspace  ] GC(44) Metaspace: 51507K(55472K)->51507K(55472K) NonClass: 45751K(48048K)->45751K(48048K) Class: 5755K(7424K)->5755K(7424K)
[2025-10-30T15:28:18.281+0000][gc            ] GC(44) Pause Young (Mixed) (G1 Evacuation Pause) 210M->186M(512M) 14.911ms
[2025-10-30T15:28:18.281+0000][gc,cpu        ] GC(44) User=0.03s Sys=0.00s Real=0.02s
[2025-10-30T15:29:28.455+0000][gc,start      ] GC(45) Pause Young (Concurrent Start) (G1 Evacuation Pause)
[2025-10-30T15:29:28.455+0000][gc,task       ] GC(45) Using 2 workers of 2 for evacuation
[2025-10-30T15:29:28.492+0000][gc,mmu        ] GC(45) MMU target violated: 21.0ms (20.0ms/21.0ms)
[2025-10-30T15:29:28.493+0000][gc,phases     ] GC(45)   Pre Evacuate Collection Set: 1.0ms
[2025-10-30T15:29:28.493+0000][gc,phases     ] GC(45)   Evacuate Collection Set: 29.5ms
[2025-10-30T15:29:28.493+0000][gc,phases     ] GC(45)   Post Evacuate Collection Set: 4.8ms
[2025-10-30T15:29:28.494+0000][gc,phases     ] GC(45)   Other: 2.7ms
[2025-10-30T15:29:28.494+0000][gc,heap       ] GC(45) Eden regions: 45->0(21)
[2025-10-30T15:29:28.495+0000][gc,heap       ] GC(45) Survivor regions: 2->4(6)
[2025-10-30T15:29:28.495+0000][gc,heap       ] GC(45) Old regions: 48->48
[2025-10-30T15:29:28.496+0000][gc,heap       ] GC(45) Humongous regions: 138->138
[2025-10-30T15:29:28.496+0000][gc,metaspace  ] GC(45) Metaspace: 51508K(55472K)->51508K(55472K) NonClass: 45752K(48048K)->45752K(48048K) Class: 5755K(7424K)->5755K(7424K)
[2025-10-30T15:29:28.497+0000][gc            ] GC(45) Pause Young (Concurrent Start) (G1 Evacuation Pause) 231M->188M(512M) 42.510ms
[2025-10-30T15:29:28.499+0000][gc,cpu        ] GC(45) User=0.07s Sys=0.00s Real=0.04s
[2025-10-30T15:29:28.501+0000][gc            ] GC(46) Concurrent Cycle
[2025-10-30T15:29:28.502+0000][gc,marking    ] GC(46) Concurrent Clear Claimed Marks
[2025-10-30T15:29:28.503+0000][gc,marking    ] GC(46) Concurrent Clear Claimed Marks 1.825ms
[2025-10-30T15:29:28.504+0000][gc,marking    ] GC(46) Concurrent Scan Root Regions
[2025-10-30T15:29:28.518+0000][gc,marking    ] GC(46) Concurrent Scan Root Regions 14.380ms
[2025-10-30T15:29:28.519+0000][gc,marking    ] GC(46) Concurrent Mark (1692.165s)
[2025-10-30T15:29:28.520+0000][gc,marking    ] GC(46) Concurrent Mark From Roots
[2025-10-30T15:29:28.520+0000][gc,task       ] GC(46) Using 1 workers of 1 for marking
[2025-10-30T15:29:28.582+0000][gc,marking    ] GC(46) Concurrent Mark From Roots 62.090ms
[2025-10-30T15:29:28.582+0000][gc,marking    ] GC(46) Concurrent Preclean
[2025-10-30T15:29:28.582+0000][gc,marking    ] GC(46) Concurrent Preclean 0.365ms
[2025-10-30T15:29:28.583+0000][gc,marking    ] GC(46) Concurrent Mark (1692.165s, 1692.229s) 63.383ms
[2025-10-30T15:29:28.583+0000][gc,start      ] GC(46) Pause Remark
[2025-10-30T15:29:28.593+0000][gc,stringtable] GC(46) Cleaned string and symbol table, strings: 16124 processed, 0 removed, symbols: 123359 processed, 0 removed
[2025-10-30T15:29:28.594+0000][gc            ] GC(46) Pause Remark 188M->188M(512M) 10.527ms
[2025-10-30T15:29:28.594+0000][gc,cpu        ] GC(46) User=0.02s Sys=0.00s Real=0.01s
[2025-10-30T15:29:28.594+0000][gc,marking    ] GC(46) Concurrent Rebuild Remembered Sets
[2025-10-30T15:29:28.613+0000][gc,marking    ] GC(46) Concurrent Rebuild Remembered Sets 18.952ms
[2025-10-30T15:29:28.614+0000][gc,start      ] GC(46) Pause Cleanup
[2025-10-30T15:29:28.614+0000][gc            ] GC(46) Pause Cleanup 188M->188M(512M) 0.490ms
[2025-10-30T15:29:28.614+0000][gc,cpu        ] GC(46) User=0.00s Sys=0.00s Real=0.00s
[2025-10-30T15:29:28.615+0000][gc,marking    ] GC(46) Concurrent Cleanup for Next Mark
[2025-10-30T15:29:28.616+0000][gc,marking    ] GC(46) Concurrent Cleanup for Next Mark 0.731ms
[2025-10-30T15:29:28.616+0000][gc            ] GC(46) Concurrent Cycle 115.196ms
[2025-10-30T15:30:33.384+0000][gc,start      ] GC(47) Pause Young (Prepare Mixed) (G1 Evacuation Pause)
[2025-10-30T15:30:33.385+0000][gc,task       ] GC(47) Using 2 workers of 2 for evacuation
[2025-10-30T15:30:33.416+0000][gc,mmu        ] GC(47) MMU target violated: 21.0ms (20.0ms/21.0ms)
[2025-10-30T15:30:33.417+0000][gc,phases     ] GC(47)   Pre Evacuate Collection Set: 0.1ms
[2025-10-30T15:30:33.417+0000][gc,phases     ] GC(47)   Evacuate Collection Set: 27.9ms
[2025-10-30T15:30:33.418+0000][gc,phases     ] GC(47)   Post Evacuate Collection Set: 1.7ms
[2025-10-30T15:30:33.419+0000][gc,phases     ] GC(47)   Other: 3.3ms
[2025-10-30T15:30:33.419+0000][gc,heap       ] GC(47) Eden regions: 21->0(22)
[2025-10-30T15:30:33.420+0000][gc,heap       ] GC(47) Survivor regions: 4->3(4)
[2025-10-30T15:30:33.420+0000][gc,heap       ] GC(47) Old regions: 48->51
[2025-10-30T15:30:33.421+0000][gc,heap       ] GC(47) Humongous regions: 138->138
[2025-10-30T15:30:33.421+0000][gc,metaspace  ] GC(47) Metaspace: 51508K(55472K)->51508K(55472K) NonClass: 45753K(48048K)->45753K(48048K) Class: 5755K(7424K)->5755K(7424K)
[2025-10-30T15:30:33.422+0000][gc            ] GC(47) Pause Young (Prepare Mixed) (G1 Evacuation Pause) 209M->190M(512M) 37.636ms
[2025-10-30T15:30:33.423+0000][gc,cpu        ] GC(47) User=0.06s Sys=0.00s Real=0.04s
[2025-10-30T15:31:00.945+0000][gc,start      ] GC(48) Pause Young (Mixed) (G1 Evacuation Pause)
[2025-10-30T15:31:00.946+0000][gc,task       ] GC(48) Using 2 workers of 2 for evacuation
[2025-10-30T15:31:00.957+0000][gc,phases     ] GC(48)   Pre Evacuate Collection Set: 0.0ms
[2025-10-30T15:31:00.957+0000][gc,phases     ] GC(48)   Evacuate Collection Set: 9.7ms
[2025-10-30T15:31:00.957+0000][gc,phases     ] GC(48)   Post Evacuate Collection Set: 1.1ms
[2025-10-30T15:31:00.958+0000][gc,phases     ] GC(48)   Other: 0.8ms
[2025-10-30T15:31:00.958+0000][gc,heap       ] GC(48) Eden regions: 22->0(30)
[2025-10-30T15:31:00.958+0000][gc,heap       ] GC(48) Survivor regions: 3->1(4)
[2025-10-30T15:31:00.959+0000][gc,heap       ] GC(48) Old regions: 51->48
[2025-10-30T15:31:00.959+0000][gc,heap       ] GC(48) Humongous regions: 138->138
[2025-10-30T15:31:00.959+0000][gc,metaspace  ] GC(48) Metaspace: 51508K(55472K)->51508K(55472K) NonClass: 45753K(48048K)->45753K(48048K) Class: 5755K(7424K)->5755K(7424K)
[2025-10-30T15:31:00.960+0000][gc            ] GC(48) Pause Young (Mixed) (G1 Evacuation Pause) 212M->186M(512M) 14.418ms
[2025-10-30T15:31:00.960+0000][gc,cpu        ] GC(48) User=0.02s Sys=0.00s Real=0.01s
[2025-10-30T15:31:39.713+0000][gc,start      ] GC(49) Pause Young (Concurrent Start) (G1 Evacuation Pause)
[2025-10-30T15:31:39.714+0000][gc,task       ] GC(49) Using 2 workers of 2 for evacuation
[2025-10-30T15:31:39.723+0000][gc,phases     ] GC(49)   Pre Evacuate Collection Set: 0.3ms
[2025-10-30T15:31:39.723+0000][gc,phases     ] GC(49)   Evacuate Collection Set: 7.8ms
[2025-10-30T15:31:39.723+0000][gc,phases     ] GC(49)   Post Evacuate Collection Set: 0.7ms
[2025-10-30T15:31:39.723+0000][gc,phases     ] GC(49)   Other: 0.6ms
[2025-10-30T15:31:39.724+0000][gc,heap       ] GC(49) Eden regions: 30->0(30)
[2025-10-30T15:31:39.724+0000][gc,heap       ] GC(49) Survivor regions: 1->3(4)
[2025-10-30T15:31:39.724+0000][gc,heap       ] GC(49) Old regions: 48->48
[2025-10-30T15:31:39.724+0000][gc,heap       ] GC(49) Humongous regions: 138->138
[2025-10-30T15:31:39.724+0000][gc,metaspace  ] GC(49) Metaspace: 51510K(55472K)->51510K(55472K) NonClass: 45755K(48048K)->45755K(48048K) Class: 5755K(7424K)->5755K(7424K)
[2025-10-30T15:31:39.725+0000][gc            ] GC(49) Pause Young (Concurrent Start) (G1 Evacuation Pause) 216M->188M(512M) 11.150ms
[2025-10-30T15:31:39.725+0000][gc,cpu        ] GC(49) User=0.02s Sys=0.00s Real=0.01s
[2025-10-30T15:31:39.725+0000][gc            ] GC(50) Concurrent Cycle
[2025-10-30T15:31:39.725+0000][gc,marking    ] GC(50) Concurrent Clear Claimed Marks
[2025-10-30T15:31:39.726+0000][gc,marking    ] GC(50) Concurrent Clear Claimed Marks 0.514ms
[2025-10-30T15:31:39.726+0000][gc,marking    ] GC(50) Concurrent Scan Root Regions
[2025-10-30T15:31:39.730+0000][gc,marking    ] GC(50) Concurrent Scan Root Regions 4.335ms
[2025-10-30T15:31:39.731+0000][gc,marking    ] GC(50) Concurrent Mark (1823.373s)
[2025-10-30T15:31:39.731+0000][gc,marking    ] GC(50) Concurrent Mark From Roots
[2025-10-30T15:31:39.731+0000][gc,task       ] GC(50) Using 1 workers of 1 for marking
[2025-10-30T15:31:39.764+0000][gc,marking    ] GC(50) Concurrent Mark From Roots 32.637ms
[2025-10-30T15:31:39.764+0000][gc,marking    ] GC(50) Concurrent Preclean
[2025-10-30T15:31:39.764+0000][gc,marking    ] GC(50) Concurrent Preclean 0.360ms
[2025-10-30T15:31:39.764+0000][gc,marking    ] GC(50) Concurrent Mark (1823.373s, 1823.406s) 33.640ms
[2025-10-30T15:31:39.765+0000][gc,start      ] GC(50) Pause Remark
[2025-10-30T15:31:39.774+0000][gc,stringtable] GC(50) Cleaned string and symbol table, strings: 16128 processed, 0 removed, symbols: 123359 processed, 0 removed
[2025-10-30T15:31:39.775+0000][gc            ] GC(50) Pause Remark 189M->189M(512M) 9.814ms
[2025-10-30T15:31:39.775+0000][gc,cpu        ] GC(50) User=0.02s Sys=0.00s Real=0.01s
[2025-10-30T15:31:39.775+0000][gc,marking    ] GC(50) Concurrent Rebuild Remembered Sets
[2025-10-30T15:31:39.795+0000][gc,marking    ] GC(50) Concurrent Rebuild Remembered Sets 19.303ms
[2025-10-30T15:31:39.795+0000][gc,start      ] GC(50) Pause Cleanup
[2025-10-30T15:31:39.796+0000][gc            ] GC(50) Pause Cleanup 189M->189M(512M) 0.428ms
[2025-10-30T15:31:39.796+0000][gc,cpu        ] GC(50) User=0.00s Sys=0.00s Real=0.00s
[2025-10-30T15:31:39.796+0000][gc,marking    ] GC(50) Concurrent Cleanup for Next Mark
[2025-10-30T15:31:39.797+0000][gc,marking    ] GC(50) Concurrent Cleanup for Next Mark 0.678ms
[2025-10-30T15:31:39.797+0000][gc            ] GC(50) Concurrent Cycle 72.204ms
[2025-10-30T15:32:18.807+0000][gc,start      ] GC(51) Pause Young (Prepare Mixed) (G1 Evacuation Pause)
[2025-10-30T15:32:18.807+0000][gc,task       ] GC(51) Using 2 workers of 2 for evacuation
[2025-10-30T15:32:18.817+0000][gc,phases     ] GC(51)   Pre Evacuate Collection Set: 0.0ms
[2025-10-30T15:32:18.817+0000][gc,phases     ] GC(51)   Evacuate Collection Set: 8.5ms
[2025-10-30T15:32:18.817+0000][gc,phases     ] GC(51)   Post Evacuate Collection Set: 0.7ms
[2025-10-30T15:32:18.818+0000][gc,phases     ] GC(51)   Other: 0.5ms
[2025-10-30T15:32:18.818+0000][gc,heap       ] GC(51) Eden regions: 30->0(20)
[2025-10-30T15:32:18.818+0000][gc,heap       ] GC(51) Survivor regions: 3->5(5)
[2025-10-30T15:32:18.818+0000][gc,heap       ] GC(51) Old regions: 48->48
[2025-10-30T15:32:18.818+0000][gc,heap       ] GC(51) Humongous regions: 138->138
[2025-10-30T15:32:18.818+0000][gc,metaspace  ] GC(51) Metaspace: 51511K(55472K)->51511K(55472K) NonClass: 45755K(48048K)->45755K(48048K) Class: 5755K(7424K)->5755K(7424K)
[2025-10-30T15:32:18.818+0000][gc            ] GC(51) Pause Young (Prepare Mixed) (G1 Evacuation Pause) 218M->189M(512M) 11.335ms
[2025-10-30T15:32:18.818+0000][gc,cpu        ] GC(51) User=0.01s Sys=0.00s Real=0.01s
[2025-10-30T15:32:38.229+0000][gc,start      ] GC(52) Pause Young (Mixed) (G1 Evacuation Pause)
[2025-10-30T15:32:38.229+0000][gc,task       ] GC(52) Using 2 workers of 2 for evacuation
[2025-10-30T15:32:38.243+0000][gc,phases     ] GC(52)   Pre Evacuate Collection Set: 0.0ms
[2025-10-30T15:32:38.243+0000][gc,phases     ] GC(52)   Evacuate Collection Set: 12.2ms
[2025-10-30T15:32:38.243+0000][gc,phases     ] GC(52)   Post Evacuate Collection Set: 0.9ms
[2025-10-30T15:32:38.244+0000][gc,phases     ] GC(52)   Other: 0.7ms
[2025-10-30T15:32:38.244+0000][gc,heap       ] GC(52) Eden regions: 20->0(33)
[2025-10-30T15:32:38.244+0000][gc,heap       ] GC(52) Survivor regions: 5->3(4)
[2025-10-30T15:32:38.244+0000][gc,heap       ] GC(52) Old regions: 48->47
[2025-10-30T15:32:38.244+0000][gc,heap       ] GC(52) Humongous regions: 138->138
[2025-10-30T15:32:38.245+0000][gc,metaspace  ] GC(52) Metaspace: 51512K(55472K)->51512K(55472K) NonClass: 45757K(48048K)->45757K(48048K) Class: 5755K(7424K)->5755K(7424K)
[2025-10-30T15:32:38.245+0000][gc            ] GC(52) Pause Young (Mixed) (G1 Evacuation Pause) 209M->186M(512M) 15.806ms
[2025-10-30T15:32:38.245+0000][gc,cpu        ] GC(52) User=0.03s Sys=0.00s Real=0.01s
[2025-10-30T15:33:27.055+0000][gc,start      ] GC(53) Pause Young (Normal) (G1 Evacuation Pause)
[2025-10-30T15:33:27.055+0000][gc,task       ] GC(53) Using 2 workers of 2 for evacuation
[2025-10-30T15:33:27.065+0000][gc,phases     ] GC(53)   Pre Evacuate Collection Set: 0.0ms
[2025-10-30T15:33:27.066+0000][gc,phases     ] GC(53)   Evacuate Collection Set: 9.0ms
[2025-10-30T15:33:27.066+0000][gc,phases     ] GC(53)   Post Evacuate Collection Set: 0.9ms
[2025-10-30T15:33:27.066+0000][gc,phases     ] GC(53)   Other: 0.8ms
[2025-10-30T15:33:27.066+0000][gc,heap       ] GC(53) Eden regions: 33->0(36)
[2025-10-30T15:33:27.067+0000][gc,heap       ] GC(53) Survivor regions: 3->4(5)
[2025-10-30T15:33:27.067+0000][gc,heap       ] GC(53) Old regions: 47->47
[2025-10-30T15:33:27.067+0000][gc,heap       ] GC(53) Humongous regions: 138->138
[2025-10-30T15:33:27.067+0000][gc,metaspace  ] GC(53) Metaspace: 51519K(55472K)->51519K(55472K) NonClass: 45763K(48048K)->45763K(48048K) Class: 5755K(7424K)->5755K(7424K)
[2025-10-30T15:33:27.067+0000][gc            ] GC(53) Pause Young (Normal) (G1 Evacuation Pause) 219M->187M(512M) 12.725ms
[2025-10-30T15:33:27.068+0000][gc,cpu        ] GC(53) User=0.02s Sys=0.00s Real=0.02s
[2025-10-30T15:34:19.176+0000][gc,start      ] GC(54) Pause Young (Normal) (G1 Evacuation Pause)
[2025-10-30T15:34:19.176+0000][gc,task       ] GC(54) Using 2 workers of 2 for evacuation
[2025-10-30T15:34:19.189+0000][gc,phases     ] GC(54)   Pre Evacuate Collection Set: 0.0ms
[2025-10-30T15:34:19.189+0000][gc,phases     ] GC(54)   Evacuate Collection Set: 11.5ms
[2025-10-30T15:34:19.189+0000][gc,phases     ] GC(54)   Post Evacuate Collection Set: 0.8ms
[2025-10-30T15:34:19.189+0000][gc,phases     ] GC(54)   Other: 0.7ms
[2025-10-30T15:34:19.190+0000][gc,heap       ] GC(54) Eden regions: 36->0(38)
[2025-10-30T15:34:19.190+0000][gc,heap       ] GC(54) Survivor regions: 4->5(5)
[2025-10-30T15:34:19.190+0000][gc,heap       ] GC(54) Old regions: 47->48
[2025-10-30T15:34:19.190+0000][gc,heap       ] GC(54) Humongous regions: 138->138
[2025-10-30T15:34:19.190+0000][gc,metaspace  ] GC(54) Metaspace: 51519K(55472K)->51519K(55472K) NonClass: 45764K(48048K)->45764K(48048K) Class: 5755K(7424K)->5755K(7424K)
[2025-10-30T15:34:19.191+0000][gc            ] GC(54) Pause Young (Normal) (G1 Evacuation Pause) 223M->189M(512M) 14.986ms
[2025-10-30T15:34:19.191+0000][gc,cpu        ] GC(54) User=0.02s Sys=0.00s Real=0.02s
[2025-10-30T15:35:19.588+0000][gc,start      ] GC(55) Pause Young (Normal) (G1 Evacuation Pause)
[2025-10-30T15:35:19.588+0000][gc,task       ] GC(55) Using 2 workers of 2 for evacuation
[2025-10-30T15:35:19.598+0000][gc,phases     ] GC(55)   Pre Evacuate Collection Set: 0.0ms
[2025-10-30T15:35:19.598+0000][gc,phases     ] GC(55)   Evacuate Collection Set: 8.8ms
[2025-10-30T15:35:19.598+0000][gc,phases     ] GC(55)   Post Evacuate Collection Set: 0.7ms
[2025-10-30T15:35:19.598+0000][gc,phases     ] GC(55)   Other: 0.6ms
[2025-10-30T15:35:19.598+0000][gc,heap       ] GC(55) Eden regions: 38->0(44)
[2025-10-30T15:35:19.599+0000][gc,heap       ] GC(55) Survivor regions: 5->4(6)
[2025-10-30T15:35:19.599+0000][gc,heap       ] GC(55) Old regions: 48->49
[2025-10-30T15:35:19.599+0000][gc,heap       ] GC(55) Humongous regions: 138->138
[2025-10-30T15:35:19.599+0000][gc,metaspace  ] GC(55) Metaspace: 51523K(55472K)->51523K(55472K) NonClass: 45768K(48048K)->45768K(48048K) Class: 5755K(7424K)->5755K(7424K)
[2025-10-30T15:35:19.599+0000][gc            ] GC(55) Pause Young (Normal) (G1 Evacuation Pause) 227M->190M(512M) 11.535ms
[2025-10-30T15:35:19.599+0000][gc,cpu        ] GC(55) User=0.02s Sys=0.00s Real=0.01s
[2025-10-30T15:36:25.117+0000][gc,start      ] GC(56) Pause Young (Normal) (G1 Evacuation Pause)
[2025-10-30T15:36:25.117+0000][gc,task       ] GC(56) Using 2 workers of 2 for evacuation
[2025-10-30T15:36:25.128+0000][gc,phases     ] GC(56)   Pre Evacuate Collection Set: 0.0ms
[2025-10-30T15:36:25.128+0000][gc,phases     ] GC(56)   Evacuate Collection Set: 10.2ms
[2025-10-30T15:36:25.128+0000][gc,phases     ] GC(56)   Post Evacuate Collection Set: 0.6ms
[2025-10-30T15:36:25.129+0000][gc,phases     ] GC(56)   Other: 0.4ms
[2025-10-30T15:36:25.129+0000][gc,heap       ] GC(56) Eden regions: 44->0(49)
[2025-10-30T15:36:25.129+0000][gc,heap       ] GC(56) Survivor regions: 4->6(6)
[2025-10-30T15:36:25.129+0000][gc,heap       ] GC(56) Old regions: 49->49
[2025-10-30T15:36:25.129+0000][gc,heap       ] GC(56) Humongous regions: 138->138
[2025-10-30T15:36:25.129+0000][gc,metaspace  ] GC(56) Metaspace: 51525K(55472K)->51525K(55472K) NonClass: 45769K(48048K)->45769K(48048K) Class: 5755K(7424K)->5755K(7424K)
[2025-10-30T15:36:25.129+0000][gc            ] GC(56) Pause Young (Normal) (G1 Evacuation Pause) 234M->192M(512M) 12.530ms
[2025-10-30T15:36:25.130+0000][gc,cpu        ] GC(56) User=0.02s Sys=0.00s Real=0.01s
[2025-10-30T15:37:35.919+0000][gc,start      ] GC(57) Pause Young (Normal) (G1 Evacuation Pause)
[2025-10-30T15:37:35.919+0000][gc,task       ] GC(57) Using 2 workers of 2 for evacuation
[2025-10-30T15:37:35.931+0000][gc,phases     ] GC(57)   Pre Evacuate Collection Set: 0.0ms
[2025-10-30T15:37:35.931+0000][gc,phases     ] GC(57)   Evacuate Collection Set: 10.0ms
[2025-10-30T15:37:35.932+0000][gc,phases     ] GC(57)   Post Evacuate Collection Set: 0.8ms
[2025-10-30T15:37:35.932+0000][gc,phases     ] GC(57)   Other: 2.0ms
[2025-10-30T15:37:35.932+0000][gc,heap       ] GC(57) Eden regions: 49->0(54)
[2025-10-30T15:37:35.932+0000][gc,heap       ] GC(57) Survivor regions: 6->4(7)
[2025-10-30T15:37:35.933+0000][gc,heap       ] GC(57) Old regions: 49->52
[2025-10-30T15:37:35.933+0000][gc,heap       ] GC(57) Humongous regions: 138->138
[2025-10-30T15:37:35.933+0000][gc,metaspace  ] GC(57) Metaspace: 51530K(55472K)->51530K(55472K) NonClass: 45775K(48048K)->45775K(48048K) Class: 5755K(7424K)->5755K(7424K)
[2025-10-30T15:37:35.933+0000][gc            ] GC(57) Pause Young (Normal) (G1 Evacuation Pause) 241M->193M(512M) 14.804ms
[2025-10-30T15:37:35.933+0000][gc,cpu        ] GC(57) User=0.02s Sys=0.00s Real=0.01s
[2025-10-30T15:39:02.023+0000][gc,start      ] GC(58) Pause Young (Normal) (G1 Evacuation Pause)
[2025-10-30T15:39:02.024+0000][gc,task       ] GC(58) Using 2 workers of 2 for evacuation
[2025-10-30T15:39:02.036+0000][gc,phases     ] GC(58)   Pre Evacuate Collection Set: 0.0ms
[2025-10-30T15:39:02.036+0000][gc,phases     ] GC(58)   Evacuate Collection Set: 11.1ms
[2025-10-30T15:39:02.036+0000][gc,phases     ] GC(58)   Post Evacuate Collection Set: 0.6ms
[2025-10-30T15:39:02.036+0000][gc,phases     ] GC(58)   Other: 0.6ms
[2025-10-30T15:39:02.036+0000][gc,heap       ] GC(58) Eden regions: 54->0(57)
[2025-10-30T15:39:02.036+0000][gc,heap       ] GC(58) Survivor regions: 4->7(8)
[2025-10-30T15:39:02.037+0000][gc,heap       ] GC(58) Old regions: 52->52
[2025-10-30T15:39:02.037+0000][gc,heap       ] GC(58) Humongous regions: 138->138
[2025-10-30T15:39:02.037+0000][gc,metaspace  ] GC(58) Metaspace: 51531K(55472K)->51531K(55472K) NonClass: 45776K(48048K)->45776K(48048K) Class: 5755K(7424K)->5755K(7424K)
[2025-10-30T15:39:02.037+0000][gc            ] GC(58) Pause Young (Normal) (G1 Evacuation Pause) 247M->196M(512M) 13.580ms
[2025-10-30T15:39:02.037+0000][gc,cpu        ] GC(58) User=0.02s Sys=0.00s Real=0.02s
[2025-10-30T15:40:29.603+0000][gc,start      ] GC(59) Pause Young (Normal) (G1 Evacuation Pause)
[2025-10-30T15:40:29.603+0000][gc,task       ] GC(59) Using 2 workers of 2 for evacuation
[2025-10-30T15:40:29.617+0000][gc,phases     ] GC(59)   Pre Evacuate Collection Set: 0.0ms
[2025-10-30T15:40:29.617+0000][gc,phases     ] GC(59)   Evacuate Collection Set: 13.0ms
[2025-10-30T15:40:29.617+0000][gc,phases     ] GC(59)   Post Evacuate Collection Set: 0.7ms
[2025-10-30T15:40:29.617+0000][gc,phases     ] GC(59)   Other: 0.7ms
[2025-10-30T15:40:29.618+0000][gc,heap       ] GC(59) Eden regions: 57->0(59)
[2025-10-30T15:40:29.618+0000][gc,heap       ] GC(59) Survivor regions: 7->6(8)
[2025-10-30T15:40:29.618+0000][gc,heap       ] GC(59) Old regions: 52->55
[2025-10-30T15:40:29.618+0000][gc,heap       ] GC(59) Humongous regions: 138->138
[2025-10-30T15:40:29.618+0000][gc,metaspace  ] GC(59) Metaspace: 51542K(55472K)->51542K(55472K) NonClass: 45787K(48048K)->45787K(48048K) Class: 5755K(7424K)->5755K(7424K)
[2025-10-30T15:40:29.618+0000][gc            ] GC(59) Pause Young (Normal) (G1 Evacuation Pause) 253M->197M(512M) 15.957ms
[2025-10-30T15:40:29.619+0000][gc,cpu        ] GC(59) User=0.03s Sys=0.00s Real=0.01s
[2025-10-30T15:42:01.173+0000][gc,start      ] GC(60) Pause Young (Normal) (G1 Evacuation Pause)
[2025-10-30T15:42:01.173+0000][gc,task       ] GC(60) Using 2 workers of 2 for evacuation
[2025-10-30T15:42:01.185+0000][gc,phases     ] GC(60)   Pre Evacuate Collection Set: 0.0ms
[2025-10-30T15:42:01.185+0000][gc,phases     ] GC(60)   Evacuate Collection Set: 11.0ms
[2025-10-30T15:42:01.185+0000][gc,phases     ] GC(60)   Post Evacuate Collection Set: 0.6ms
[2025-10-30T15:42:01.186+0000][gc,phases     ] GC(60)   Other: 0.5ms
[2025-10-30T15:42:01.186+0000][gc,heap       ] GC(60) Eden regions: 59->0(62)
[2025-10-30T15:42:01.186+0000][gc,heap       ] GC(60) Survivor regions: 6->5(9)
[2025-10-30T15:42:01.186+0000][gc,heap       ] GC(60) Old regions: 55->57
[2025-10-30T15:42:01.186+0000][gc,heap       ] GC(60) Humongous regions: 138->138
[2025-10-30T15:42:01.186+0000][gc,metaspace  ] GC(60) Metaspace: 51551K(55472K)->51551K(55472K) NonClass: 45795K(48048K)->45795K(48048K) Class: 5755K(7424K)->5755K(7424K)
[2025-10-30T15:42:01.186+0000][gc            ] GC(60) Pause Young (Normal) (G1 Evacuation Pause) 256M->199M(512M) 13.211ms
[2025-10-30T15:42:01.186+0000][gc,cpu        ] GC(60) User=0.03s Sys=0.00s Real=0.01s
[2025-10-30T15:43:24.665+0000][gc,start      ] GC(61) Pause Young (Normal) (G1 Evacuation Pause)
[2025-10-30T15:43:24.665+0000][gc,task       ] GC(61) Using 2 workers of 2 for evacuation
[2025-10-30T15:43:24.676+0000][gc,phases     ] GC(61)   Pre Evacuate Collection Set: 0.0ms
[2025-10-30T15:43:24.676+0000][gc,phases     ] GC(61)   Evacuate Collection Set: 10.3ms
[2025-10-30T15:43:24.677+0000][gc,phases     ] GC(61)   Post Evacuate Collection Set: 0.6ms
[2025-10-30T15:43:24.677+0000][gc,phases     ] GC(61)   Other: 0.6ms
[2025-10-30T15:43:24.677+0000][gc,heap       ] GC(61) Eden regions: 62->0(66)
[2025-10-30T15:43:24.677+0000][gc,heap       ] GC(61) Survivor regions: 5->5(9)
[2025-10-30T15:43:24.677+0000][gc,heap       ] GC(61) Old regions: 57->59
[2025-10-30T15:43:24.677+0000][gc,heap       ] GC(61) Humongous regions: 138->138
[2025-10-30T15:43:24.677+0000][gc,metaspace  ] GC(61) Metaspace: 51556K(55472K)->51556K(55472K) NonClass: 45801K(48048K)->45801K(48048K) Class: 5755K(7424K)->5755K(7424K)
[2025-10-30T15:43:24.677+0000][gc            ] GC(61) Pause Young (Normal) (G1 Evacuation Pause) 261M->201M(512M) 12.750ms
[2025-10-30T15:43:24.678+0000][gc,cpu        ] GC(61) User=0.02s Sys=0.00s Real=0.01s
[2025-10-30T15:45:01.979+0000][gc,start      ] GC(62) Pause Young (Normal) (G1 Evacuation Pause)
[2025-10-30T15:45:01.979+0000][gc,task       ] GC(62) Using 2 workers of 2 for evacuation
[2025-10-30T15:45:01.992+0000][gc,phases     ] GC(62)   Pre Evacuate Collection Set: 0.0ms
[2025-10-30T15:45:01.992+0000][gc,phases     ] GC(62)   Evacuate Collection Set: 11.8ms
[2025-10-30T15:45:01.992+0000][gc,phases     ] GC(62)   Post Evacuate Collection Set: 0.6ms
[2025-10-30T15:45:01.992+0000][gc,phases     ] GC(62)   Other: 0.6ms
[2025-10-30T15:45:01.992+0000][gc,heap       ] GC(62) Eden regions: 66->0(69)
[2025-10-30T15:45:01.993+0000][gc,heap       ] GC(62) Survivor regions: 5->8(9)
[2025-10-30T15:45:01.993+0000][gc,heap       ] GC(62) Old regions: 59->59
[2025-10-30T15:45:01.993+0000][gc,heap       ] GC(62) Humongous regions: 138->138
[2025-10-30T15:45:01.993+0000][gc,metaspace  ] GC(62) Metaspace: 51570K(55472K)->51570K(55472K) NonClass: 45814K(48048K)->45814K(48048K) Class: 5756K(7424K)->5756K(7424K)
[2025-10-30T15:45:01.993+0000][gc            ] GC(62) Pause Young (Normal) (G1 Evacuation Pause) 267M->204M(512M) 14.278ms
[2025-10-30T15:45:01.993+0000][gc,cpu        ] GC(62) User=0.02s Sys=0.00s Real=0.02s
[2025-10-30T15:46:45.079+0000][gc,start      ] GC(63) Pause Young (Normal) (G1 Evacuation Pause)
[2025-10-30T15:46:45.079+0000][gc,task       ] GC(63) Using 2 workers of 2 for evacuation
[2025-10-30T15:46:45.095+0000][gc,phases     ] GC(63)   Pre Evacuate Collection Set: 0.0ms
[2025-10-30T15:46:45.096+0000][gc,phases     ] GC(63)   Evacuate Collection Set: 15.2ms
[2025-10-30T15:46:45.096+0000][gc,phases     ] GC(63)   Post Evacuate Collection Set: 0.8ms
[2025-10-30T15:46:45.096+0000][gc,phases     ] GC(63)   Other: 0.5ms
[2025-10-30T15:46:45.096+0000][gc,heap       ] GC(63) Eden regions: 69->0(70)
[2025-10-30T15:46:45.096+0000][gc,heap       ] GC(63) Survivor regions: 8->6(10)
[2025-10-30T15:46:45.096+0000][gc,heap       ] GC(63) Old regions: 59->63
[2025-10-30T15:46:45.097+0000][gc,heap       ] GC(63) Humongous regions: 138->138
[2025-10-30T15:46:45.097+0000][gc,metaspace  ] GC(63) Metaspace: 51572K(55472K)->51572K(55472K) NonClass: 45815K(48048K)->45815K(48048K) Class: 5756K(7424K)->5756K(7424K)
[2025-10-30T15:46:45.097+0000][gc            ] GC(63) Pause Young (Normal) (G1 Evacuation Pause) 273M->206M(512M) 18.091ms
[2025-10-30T15:46:45.097+0000][gc,cpu        ] GC(63) User=0.03s Sys=0.00s Real=0.02s
[2025-10-30T15:48:25.124+0000][gc,start      ] GC(64) Pause Young (Normal) (G1 Evacuation Pause)
[2025-10-30T15:48:25.124+0000][gc,task       ] GC(64) Using 2 workers of 2 for evacuation
[2025-10-30T15:48:25.136+0000][gc,phases     ] GC(64)   Pre Evacuate Collection Set: 0.0ms
[2025-10-30T15:48:25.136+0000][gc,phases     ] GC(64)   Evacuate Collection Set: 11.4ms
[2025-10-30T15:48:25.137+0000][gc,phases     ] GC(64)   Post Evacuate Collection Set: 0.6ms
[2025-10-30T15:48:25.137+0000][gc,phases     ] GC(64)   Other: 0.5ms
[2025-10-30T15:48:25.137+0000][gc,heap       ] GC(64) Eden regions: 70->0(73)
[2025-10-30T15:48:25.137+0000][gc,heap       ] GC(64) Survivor regions: 6->6(10)
[2025-10-30T15:48:25.137+0000][gc,heap       ] GC(64) Old regions: 63->65
[2025-10-30T15:48:25.137+0000][gc,heap       ] GC(64) Humongous regions: 138->138
[2025-10-30T15:48:25.137+0000][gc,metaspace  ] GC(64) Metaspace: 51575K(55472K)->51575K(55472K) NonClass: 45819K(48048K)->45819K(48048K) Class: 5756K(7424K)->5756K(7424K)
[2025-10-30T15:48:25.138+0000][gc            ] GC(64) Pause Young (Normal) (G1 Evacuation Pause) 276M->208M(512M) 13.796ms
[2025-10-30T15:48:25.138+0000][gc,cpu        ] GC(64) User=0.03s Sys=0.00s Real=0.01s
[2025-10-30T15:50:11.325+0000][gc,start      ] GC(65) Pause Young (Normal) (G1 Evacuation Pause)
[2025-10-30T15:50:11.325+0000][gc,task       ] GC(65) Using 2 workers of 2 for evacuation
[2025-10-30T15:50:11.338+0000][gc,phases     ] GC(65)   Pre Evacuate Collection Set: 0.0ms
[2025-10-30T15:50:11.338+0000][gc,phases     ] GC(65)   Evacuate Collection Set: 12.3ms
[2025-10-30T15:50:11.339+0000][gc,phases     ] GC(65)   Post Evacuate Collection Set: 0.6ms
[2025-10-30T15:50:11.339+0000][gc,phases     ] GC(65)   Other: 0.6ms
[2025-10-30T15:50:11.339+0000][gc,heap       ] GC(65) Eden regions: 73->0(76)
[2025-10-30T15:50:11.339+0000][gc,heap       ] GC(65) Survivor regions: 6->6(10)
[2025-10-30T15:50:11.339+0000][gc,heap       ] GC(65) Old regions: 65->68
[2025-10-30T15:50:11.339+0000][gc,heap       ] GC(65) Humongous regions: 138->138
[2025-10-30T15:50:11.339+0000][gc,metaspace  ] GC(65) Metaspace: 51579K(55472K)->51579K(55472K) NonClass: 45822K(48048K)->45822K(48048K) Class: 5756K(7424K)->5756K(7424K)
[2025-10-30T15:50:11.340+0000][gc            ] GC(65) Pause Young (Normal) (G1 Evacuation Pause) 281M->210M(512M) 14.931ms
[2025-10-30T15:50:11.340+0000][gc,cpu        ] GC(65) User=0.03s Sys=0.00s Real=0.01s
[2025-10-30T15:51:54.677+0000][gc,start      ] GC(66) Pause Young (Normal) (G1 Evacuation Pause)
[2025-10-30T15:51:54.678+0000][gc,task       ] GC(66) Using 2 workers of 2 for evacuation
[2025-10-30T15:51:54.703+0000][gc,mmu        ] GC(66) MMU target violated: 21.0ms (20.0ms/21.0ms)
[2025-10-30T15:51:54.704+0000][gc,phases     ] GC(66)   Pre Evacuate Collection Set: 0.1ms
[2025-10-30T15:51:54.706+0000][gc,phases     ] GC(66)   Evacuate Collection Set: 22.6ms
[2025-10-30T15:51:54.706+0000][gc,phases     ] GC(66)   Post Evacuate Collection Set: 1.7ms
[2025-10-30T15:51:54.706+0000][gc,phases     ] GC(66)   Other: 2.0ms
[2025-10-30T15:51:54.707+0000][gc,heap       ] GC(66) Eden regions: 76->0(63)
[2025-10-30T15:51:54.707+0000][gc,heap       ] GC(66) Survivor regions: 6->8(11)
[2025-10-30T15:51:54.707+0000][gc,heap       ] GC(66) Old regions: 68->68
[2025-10-30T15:51:54.708+0000][gc,heap       ] GC(66) Humongous regions: 138->138
[2025-10-30T15:51:54.708+0000][gc,metaspace  ] GC(66) Metaspace: 51584K(55472K)->51584K(55472K) NonClass: 45827K(48048K)->45827K(48048K) Class: 5756K(7424K)->5756K(7424K)
[2025-10-30T15:51:54.709+0000][gc            ] GC(66) Pause Young (Normal) (G1 Evacuation Pause) 286M->212M(512M) 31.210ms
[2025-10-30T15:51:54.709+0000][gc,cpu        ] GC(66) User=0.05s Sys=0.00s Real=0.03s
[2025-10-30T15:53:19.719+0000][gc,start      ] GC(67) Pause Young (Normal) (G1 Evacuation Pause)
[2025-10-30T15:53:19.719+0000][gc,task       ] GC(67) Using 2 workers of 2 for evacuation
[2025-10-30T15:53:19.735+0000][gc,phases     ] GC(67)   Pre Evacuate Collection Set: 0.0ms
[2025-10-30T15:53:19.736+0000][gc,phases     ] GC(67)   Evacuate Collection Set: 15.2ms
[2025-10-30T15:53:19.736+0000][gc,phases     ] GC(67)   Post Evacuate Collection Set: 0.7ms
[2025-10-30T15:53:19.736+0000][gc,phases     ] GC(67)   Other: 0.5ms
[2025-10-30T15:53:19.736+0000][gc,heap       ] GC(67) Eden regions: 57->0(62)
[2025-10-30T15:53:19.736+0000][gc,heap       ] GC(67) Survivor regions: 8->7(9)
[2025-10-30T15:53:19.736+0000][gc,heap       ] GC(67) Old regions: 68->73
[2025-10-30T15:53:19.736+0000][gc,heap       ] GC(67) Humongous regions: 138->138
[2025-10-30T15:53:19.737+0000][gc,metaspace  ] GC(67) Metaspace: 51593K(55472K)->51593K(55472K) NonClass: 45837K(48048K)->45837K(48048K) Class: 5756K(7424K)->5756K(7424K)
[2025-10-30T15:53:19.737+0000][gc            ] GC(67) Pause Young (Normal) (G1 Evacuation Pause) 269M->216M(512M) 17.874ms
[2025-10-30T15:53:19.737+0000][gc,cpu        ] GC(67) User=0.03s Sys=0.00s Real=0.02s
[2025-10-30T15:54:37.326+0000][gc,start      ] GC(68) Pause Young (Normal) (G1 Evacuation Pause)
[2025-10-30T15:54:37.327+0000][gc,task       ] GC(68) Using 2 workers of 2 for evacuation
[2025-10-30T15:54:37.340+0000][gc,phases     ] GC(68)   Pre Evacuate Collection Set: 0.0ms
[2025-10-30T15:54:37.340+0000][gc,phases     ] GC(68)   Evacuate Collection Set: 12.1ms
[2025-10-30T15:54:37.340+0000][gc,phases     ] GC(68)   Post Evacuate Collection Set: 0.8ms
[2025-10-30T15:54:37.341+0000][gc,phases     ] GC(68)   Other: 0.6ms
[2025-10-30T15:54:37.341+0000][gc,heap       ] GC(68) Eden regions: 62->0(72)
[2025-10-30T15:54:37.341+0000][gc,heap       ] GC(68) Survivor regions: 7->5(9)
[2025-10-30T15:54:37.342+0000][gc,heap       ] GC(68) Old regions: 73->75
[2025-10-30T15:54:37.342+0000][gc,heap       ] GC(68) Humongous regions: 138->138
[2025-10-30T15:54:37.342+0000][gc,metaspace  ] GC(68) Metaspace: 51593K(55472K)->51593K(55472K) NonClass: 45837K(48048K)->45837K(48048K) Class: 5756K(7424K)->5756K(7424K)
[2025-10-30T15:54:37.343+0000][gc            ] GC(68) Pause Young (Normal) (G1 Evacuation Pause) 278M->218M(512M) 16.213ms
[2025-10-30T15:54:37.343+0000][gc,cpu        ] GC(68) User=0.02s Sys=0.00s Real=0.02s
[2025-10-30T15:55:59.652+0000][gc,start      ] GC(69) Pause Young (Normal) (G1 Evacuation Pause)
[2025-10-30T15:55:59.652+0000][gc,task       ] GC(69) Using 2 workers of 2 for evacuation
[2025-10-30T15:55:59.668+0000][gc,phases     ] GC(69)   Pre Evacuate Collection Set: 0.0ms
[2025-10-30T15:55:59.668+0000][gc,phases     ] GC(69)   Evacuate Collection Set: 14.2ms
[2025-10-30T15:55:59.668+0000][gc,phases     ] GC(69)   Post Evacuate Collection Set: 0.8ms
[2025-10-30T15:55:59.668+0000][gc,phases     ] GC(69)   Other: 0.7ms
[2025-10-30T15:55:59.669+0000][gc,heap       ] GC(69) Eden regions: 69->0(70)
[2025-10-30T15:55:59.669+0000][gc,heap       ] GC(69) Survivor regions: 5->7(10)
[2025-10-30T15:55:59.669+0000][gc,heap       ] GC(69) Old regions: 75->75
[2025-10-30T15:55:59.669+0000][gc,heap       ] GC(69) Humongous regions: 138->138
[2025-10-30T15:55:59.669+0000][gc,metaspace  ] GC(69) Metaspace: 51593K(55472K)->51593K(55472K) NonClass: 45837K(48048K)->45837K(48048K) Class: 5756K(7424K)->5756K(7424K)
[2025-10-30T15:55:59.669+0000][gc            ] GC(69) Pause Young (Normal) (G1 Evacuation Pause) 287M->219M(512M) 17.554ms
[2025-10-30T15:55:59.670+0000][gc,cpu        ] GC(69) User=0.03s Sys=0.00s Real=0.02s
[2025-10-30T15:57:46.828+0000][gc,start      ] GC(70) Pause Young (Normal) (G1 Evacuation Pause)
[2025-10-30T15:57:46.828+0000][gc,task       ] GC(70) Using 2 workers of 2 for evacuation
[2025-10-30T15:57:46.852+0000][gc,mmu        ] GC(70) MMU target violated: 21.0ms (20.0ms/21.0ms)
[2025-10-30T15:57:46.852+0000][gc,phases     ] GC(70)   Pre Evacuate Collection Set: 0.0ms
[2025-10-30T15:57:46.852+0000][gc,phases     ] GC(70)   Evacuate Collection Set: 21.7ms
[2025-10-30T15:57:46.853+0000][gc,phases     ] GC(70)   Post Evacuate Collection Set: 1.1ms
[2025-10-30T15:57:46.853+0000][gc,phases     ] GC(70)   Other: 1.4ms
[2025-10-30T15:57:46.853+0000][gc,heap       ] GC(70) Eden regions: 70->0(66)
[2025-10-30T15:57:46.854+0000][gc,heap       ] GC(70) Survivor regions: 7->9(10)
[2025-10-30T15:57:46.854+0000][gc,heap       ] GC(70) Old regions: 75->77
[2025-10-30T15:57:46.854+0000][gc,heap       ] GC(70) Humongous regions: 138->138
[2025-10-30T15:57:46.855+0000][gc,metaspace  ] GC(70) Metaspace: 51593K(55472K)->51593K(55472K) NonClass: 45837K(48048K)->45837K(48048K) Class: 5756K(7424K)->5756K(7424K)
[2025-10-30T15:57:46.855+0000][gc            ] GC(70) Pause Young (Normal) (G1 Evacuation Pause) 289M->223M(512M) 26.901ms
[2025-10-30T15:57:46.855+0000][gc,cpu        ] GC(70) User=0.04s Sys=0.00s Real=0.03s
[2025-10-30T15:59:35.056+0000][gc,start      ] GC(71) Pause Young (Normal) (G1 Evacuation Pause)
[2025-10-30T15:59:35.056+0000][gc,task       ] GC(71) Using 2 workers of 2 for evacuation
[2025-10-30T15:59:35.072+0000][gc,phases     ] GC(71)   Pre Evacuate Collection Set: 0.0ms
[2025-10-30T15:59:35.073+0000][gc,phases     ] GC(71)   Evacuate Collection Set: 15.1ms
[2025-10-30T15:59:35.073+0000][gc,phases     ] GC(71)   Post Evacuate Collection Set: 1.0ms
[2025-10-30T15:59:35.073+0000][gc,phases     ] GC(71)   Other: 0.7ms
[2025-10-30T15:59:35.073+0000][gc,heap       ] GC(71) Eden regions: 57->0(65)
[2025-10-30T15:59:35.073+0000][gc,heap       ] GC(71) Survivor regions: 9->7(9)
[2025-10-30T15:59:35.074+0000][gc,heap       ] GC(71) Old regions: 77->81
[2025-10-30T15:59:35.074+0000][gc,heap       ] GC(71) Humongous regions: 138->138
[2025-10-30T15:59:35.074+0000][gc,metaspace  ] GC(71) Metaspace: 51594K(55472K)->51594K(55472K) NonClass: 45837K(48048K)->45837K(48048K) Class: 5756K(7424K)->5756K(7424K)
[2025-10-30T15:59:35.074+0000][gc            ] GC(71) Pause Young (Normal) (G1 Evacuation Pause) 280M->225M(512M) 18.544ms
[2025-10-30T15:59:35.074+0000][gc,cpu        ] GC(71) User=0.03s Sys=0.00s Real=0.02s
[2025-10-30T16:01:00.100+0000][gc,start      ] GC(72) Pause Young (Normal) (G1 Evacuation Pause)
[2025-10-30T16:01:00.101+0000][gc,task       ] GC(72) Using 2 workers of 2 for evacuation
[2025-10-30T16:01:00.118+0000][gc,phases     ] GC(72)   Pre Evacuate Collection Set: 0.0ms
[2025-10-30T16:01:00.118+0000][gc,phases     ] GC(72)   Evacuate Collection Set: 15.8ms
[2025-10-30T16:01:00.119+0000][gc,phases     ] GC(72)   Post Evacuate Collection Set: 1.1ms
[2025-10-30T16:01:00.119+0000][gc,phases     ] GC(72)   Other: 0.8ms
[2025-10-30T16:01:00.119+0000][gc,heap       ] GC(72) Eden regions: 60->0(69)
[2025-10-30T16:01:00.119+0000][gc,heap       ] GC(72) Survivor regions: 7->6(9)
[2025-10-30T16:01:00.119+0000][gc,heap       ] GC(72) Old regions: 81->84
[2025-10-30T16:01:00.119+0000][gc,heap       ] GC(72) Humongous regions: 138->138
[2025-10-30T16:01:00.120+0000][gc,metaspace  ] GC(72) Metaspace: 51594K(55472K)->51594K(55472K) NonClass: 45837K(48048K)->45837K(48048K) Class: 5756K(7424K)->5756K(7424K)
[2025-10-30T16:01:00.120+0000][gc            ] GC(72) Pause Young (Normal) (G1 Evacuation Pause) 285M->227M(512M) 19.415ms
[2025-10-30T16:01:00.120+0000][gc,cpu        ] GC(72) User=0.03s Sys=0.00s Real=0.02s
[2025-10-30T16:02:07.863+0000][gc,start      ] GC(73) Pause Young (Normal) (G1 Evacuation Pause)
[2025-10-30T16:02:07.863+0000][gc,task       ] GC(73) Using 2 workers of 2 for evacuation
[2025-10-30T16:02:07.884+0000][gc,mmu        ] GC(73) MMU target violated: 20.5ms (20.0ms/21.0ms)
[2025-10-30T16:02:07.884+0000][gc,phases     ] GC(73)   Pre Evacuate Collection Set: 0.0ms
[2025-10-30T16:02:07.885+0000][gc,phases     ] GC(73)   Evacuate Collection Set: 19.5ms
[2025-10-30T16:02:07.885+0000][gc,phases     ] GC(73)   Post Evacuate Collection Set: 0.9ms
[2025-10-30T16:02:07.885+0000][gc,phases     ] GC(73)   Other: 1.1ms
[2025-10-30T16:02:07.885+0000][gc,heap       ] GC(73) Eden regions: 55->0(50)
[2025-10-30T16:02:07.886+0000][gc,heap       ] GC(73) Survivor regions: 6->8(8)
[2025-10-30T16:02:07.886+0000][gc,heap       ] GC(73) Old regions: 84->88
[2025-10-30T16:02:07.886+0000][gc,heap       ] GC(73) Humongous regions: 147->147
[2025-10-30T16:02:07.886+0000][gc,metaspace  ] GC(73) Metaspace: 51733K(55472K)->51733K(55472K) NonClass: 45948K(48048K)->45948K(48048K) Class: 5784K(7424K)->5784K(7424K)
[2025-10-30T16:02:07.886+0000][gc            ] GC(73) Pause Young (Normal) (G1 Evacuation Pause) 291M->242M(512M) 23.315ms
[2025-10-30T16:02:07.887+0000][gc,cpu        ] GC(73) User=0.04s Sys=0.00s Real=0.02s
[2025-10-30T16:03:14.076+0000][gc,start      ] GC(74) Pause Young (Normal) (G1 Evacuation Pause)
[2025-10-30T16:03:14.076+0000][gc,task       ] GC(74) Using 2 workers of 2 for evacuation
[2025-10-30T16:03:14.091+0000][gc,phases     ] GC(74)   Pre Evacuate Collection Set: 0.0ms
[2025-10-30T16:03:14.092+0000][gc,phases     ] GC(74)   Evacuate Collection Set: 13.3ms
[2025-10-30T16:03:14.092+0000][gc,phases     ] GC(74)   Post Evacuate Collection Set: 0.8ms
[2025-10-30T16:03:14.092+0000][gc,phases     ] GC(74)   Other: 1.3ms
[2025-10-30T16:03:14.093+0000][gc,heap       ] GC(74) Eden regions: 50->0(63)
[2025-10-30T16:03:14.093+0000][gc,heap       ] GC(74) Survivor regions: 8->3(8)
[2025-10-30T16:03:14.093+0000][gc,heap       ] GC(74) Old regions: 88->93
[2025-10-30T16:03:14.093+0000][gc,heap       ] GC(74) Humongous regions: 147->147
[2025-10-30T16:03:14.094+0000][gc,metaspace  ] GC(74) Metaspace: 51755K(55472K)->51755K(55472K) NonClass: 45962K(48048K)->45962K(48048K) Class: 5792K(7424K)->5792K(7424K)
[2025-10-30T16:03:14.094+0000][gc            ] GC(74) Pause Young (Normal) (G1 Evacuation Pause) 292M->242M(512M) 17.870ms
[2025-10-30T16:03:14.094+0000][gc,cpu        ] GC(74) User=0.03s Sys=0.00s Real=0.02s
[2025-10-30T16:04:52.781+0000][gc,start      ] GC(75) Pause Young (Normal) (G1 Evacuation Pause)
[2025-10-30T16:04:52.781+0000][gc,task       ] GC(75) Using 2 workers of 2 for evacuation
[2025-10-30T16:04:52.795+0000][gc,phases     ] GC(75)   Pre Evacuate Collection Set: 0.0ms
[2025-10-30T16:04:52.795+0000][gc,phases     ] GC(75)   Evacuate Collection Set: 11.8ms
[2025-10-30T16:04:52.795+0000][gc,phases     ] GC(75)   Post Evacuate Collection Set: 1.4ms
[2025-10-30T16:04:52.796+0000][gc,phases     ] GC(75)   Other: 0.7ms
[2025-10-30T16:04:52.796+0000][gc,heap       ] GC(75) Eden regions: 63->0(58)
[2025-10-30T16:04:52.796+0000][gc,heap       ] GC(75) Survivor regions: 3->5(9)
[2025-10-30T16:04:52.796+0000][gc,heap       ] GC(75) Old regions: 93->93
[2025-10-30T16:04:52.797+0000][gc,heap       ] GC(75) Humongous regions: 147->147
[2025-10-30T16:04:52.797+0000][gc,metaspace  ] GC(75) Metaspace: 51758K(55472K)->51758K(55472K) NonClass: 45966K(48048K)->45966K(48048K) Class: 5792K(7424K)->5792K(7424K)
[2025-10-30T16:04:52.797+0000][gc            ] GC(75) Pause Young (Normal) (G1 Evacuation Pause) 305M->244M(512M) 16.435ms
[2025-10-30T16:04:52.798+0000][gc,cpu        ] GC(75) User=0.02s Sys=0.00s Real=0.01s
[2025-10-30T16:06:18.345+0000][gc,start      ] GC(76) Pause Young (Normal) (G1 Evacuation Pause)
[2025-10-30T16:06:18.345+0000][gc,task       ] GC(76) Using 2 workers of 2 for evacuation
[2025-10-30T16:06:18.359+0000][gc,phases     ] GC(76)   Pre Evacuate Collection Set: 0.0ms
[2025-10-30T16:06:18.360+0000][gc,phases     ] GC(76)   Evacuate Collection Set: 12.7ms
[2025-10-30T16:06:18.360+0000][gc,phases     ] GC(76)   Post Evacuate Collection Set: 1.0ms
[2025-10-30T16:06:18.360+0000][gc,phases     ] GC(76)   Other: 0.8ms
[2025-10-30T16:06:18.360+0000][gc,heap       ] GC(76) Eden regions: 58->0(59)
[2025-10-30T16:06:18.360+0000][gc,heap       ] GC(76) Survivor regions: 5->8(8)
[2025-10-30T16:06:18.360+0000][gc,heap       ] GC(76) Old regions: 93->93
[2025-10-30T16:06:18.361+0000][gc,heap       ] GC(76) Humongous regions: 147->147
[2025-10-30T16:06:18.361+0000][gc,metaspace  ] GC(76) Metaspace: 51776K(55472K)->51776K(55472K) NonClass: 45983K(48048K)->45983K(48048K) Class: 5792K(7424K)->5792K(7424K)
[2025-10-30T16:06:18.361+0000][gc            ] GC(76) Pause Young (Normal) (G1 Evacuation Pause) 302M->247M(512M) 16.152ms
[2025-10-30T16:06:18.361+0000][gc,cpu        ] GC(76) User=0.03s Sys=0.00s Real=0.02s
[2025-10-30T16:07:53.942+0000][gc,start      ] GC(77) Pause Young (Normal) (G1 Evacuation Pause)
[2025-10-30T16:07:53.943+0000][gc,task       ] GC(77) Using 2 workers of 2 for evacuation
[2025-10-30T16:07:53.960+0000][gc,phases     ] GC(77)   Pre Evacuate Collection Set: 0.0ms
[2025-10-30T16:07:53.960+0000][gc,phases     ] GC(77)   Evacuate Collection Set: 15.7ms
[2025-10-30T16:07:53.960+0000][gc,phases     ] GC(77)   Post Evacuate Collection Set: 0.7ms
[2025-10-30T16:07:53.961+0000][gc,phases     ] GC(77)   Other: 1.0ms
[2025-10-30T16:07:53.961+0000][gc,heap       ] GC(77) Eden regions: 59->0(63)
[2025-10-30T16:07:53.961+0000][gc,heap       ] GC(77) Survivor regions: 8->6(9)
[2025-10-30T16:07:53.961+0000][gc,heap       ] GC(77) Old regions: 93->97
[2025-10-30T16:07:53.961+0000][gc,heap       ] GC(77) Humongous regions: 147->147
[2025-10-30T16:07:53.962+0000][gc,metaspace  ] GC(77) Metaspace: 51778K(55472K)->51778K(55472K) NonClass: 45986K(48048K)->45986K(48048K) Class: 5792K(7424K)->5792K(7424K)
[2025-10-30T16:07:53.962+0000][gc            ] GC(77) Pause Young (Normal) (G1 Evacuation Pause) 306M->249M(512M) 19.308ms
[2025-10-30T16:07:53.962+0000][gc,cpu        ] GC(77) User=0.03s Sys=0.00s Real=0.02s
[2025-10-30T16:09:15.958+0000][gc,start      ] GC(78) Pause Young (Normal) (G1 Evacuation Pause)
[2025-10-30T16:09:15.958+0000][gc,task       ] GC(78) Using 2 workers of 2 for evacuation
[2025-10-30T16:09:15.969+0000][gc,phases     ] GC(78)   Pre Evacuate Collection Set: 0.0ms
[2025-10-30T16:09:15.969+0000][gc,phases     ] GC(78)   Evacuate Collection Set: 9.4ms
[2025-10-30T16:09:15.969+0000][gc,phases     ] GC(78)   Post Evacuate Collection Set: 0.6ms
[2025-10-30T16:09:15.969+0000][gc,phases     ] GC(78)   Other: 0.5ms
[2025-10-30T16:09:15.969+0000][gc,heap       ] GC(78) Eden regions: 56->0(67)
[2025-10-30T16:09:15.970+0000][gc,heap       ] GC(78) Survivor regions: 6->5(8)
[2025-10-30T16:09:15.970+0000][gc,heap       ] GC(78) Old regions: 97->99
[2025-10-30T16:09:15.970+0000][gc,heap       ] GC(78) Humongous regions: 147->147
[2025-10-30T16:09:15.970+0000][gc,metaspace  ] GC(78) Metaspace: 51782K(55472K)->51782K(55472K) NonClass: 45990K(48048K)->45990K(48048K) Class: 5792K(7424K)->5792K(7424K)
[2025-10-30T16:09:15.970+0000][gc            ] GC(78) Pause Young (Normal) (G1 Evacuation Pause) 305M->250M(512M) 11.779ms
[2025-10-30T16:09:15.970+0000][gc,cpu        ] GC(78) User=0.02s Sys=0.00s Real=0.01s
[2025-10-30T16:10:47.479+0000][gc,start      ] GC(79) Pause Young (Normal) (G1 Evacuation Pause)
[2025-10-30T16:10:47.495+0000][gc,task       ] GC(79) Using 2 workers of 2 for evacuation
[2025-10-30T16:10:47.511+0000][gc,phases     ] GC(79)   Pre Evacuate Collection Set: 0.0ms
[2025-10-30T16:10:47.511+0000][gc,phases     ] GC(79)   Evacuate Collection Set: 14.5ms
[2025-10-30T16:10:47.511+0000][gc,phases     ] GC(79)   Post Evacuate Collection Set: 0.8ms
[2025-10-30T16:10:47.511+0000][gc,phases     ] GC(79)   Other: 16.9ms
[2025-10-30T16:10:47.511+0000][gc,heap       ] GC(79) Eden regions: 62->0(66)
[2025-10-30T16:10:47.512+0000][gc,heap       ] GC(79) Survivor regions: 5->5(9)
[2025-10-30T16:10:47.512+0000][gc,heap       ] GC(79) Old regions: 99->101
[2025-10-30T16:10:47.512+0000][gc,heap       ] GC(79) Humongous regions: 147->147
[2025-10-30T16:10:47.512+0000][gc,metaspace  ] GC(79) Metaspace: 51782K(55472K)->51782K(55472K) NonClass: 45990K(48048K)->45990K(48048K) Class: 5792K(7424K)->5792K(7424K)
[2025-10-30T16:10:47.512+0000][gc            ] GC(79) Pause Young (Normal) (G1 Evacuation Pause) 312M->251M(512M) 33.776ms
[2025-10-30T16:10:47.512+0000][gc,cpu        ] GC(79) User=0.03s Sys=0.00s Real=0.03s
[2025-10-30T16:12:19.494+0000][gc,start      ] GC(80) Pause Young (Normal) (G1 Evacuation Pause)
[2025-10-30T16:12:19.495+0000][gc,task       ] GC(80) Using 2 workers of 2 for evacuation
[2025-10-30T16:12:19.515+0000][gc,mmu        ] GC(80) MMU target violated: 20.1ms (20.0ms/21.0ms)
[2025-10-30T16:12:19.515+0000][gc,phases     ] GC(80)   Pre Evacuate Collection Set: 0.0ms
[2025-10-30T16:12:19.515+0000][gc,phases     ] GC(80)   Evacuate Collection Set: 18.8ms
[2025-10-30T16:12:19.516+0000][gc,phases     ] GC(80)   Post Evacuate Collection Set: 1.1ms
[2025-10-30T16:12:19.516+0000][gc,phases     ] GC(80)   Other: 1.2ms
[2025-10-30T16:12:19.516+0000][gc,heap       ] GC(80) Eden regions: 63->0(62)
[2025-10-30T16:12:19.517+0000][gc,heap       ] GC(80) Survivor regions: 5->8(9)
[2025-10-30T16:12:19.517+0000][gc,heap       ] GC(80) Old regions: 101->101
[2025-10-30T16:12:19.517+0000][gc,heap       ] GC(80) Humongous regions: 147->147
[2025-10-30T16:12:19.517+0000][gc,metaspace  ] GC(80) Metaspace: 51784K(55472K)->51784K(55472K) NonClass: 45992K(48048K)->45992K(48048K) Class: 5792K(7424K)->5792K(7424K)
[2025-10-30T16:12:19.518+0000][gc            ] GC(80) Pause Young (Normal) (G1 Evacuation Pause) 314M->255M(512M) 23.498ms
[2025-10-30T16:12:19.518+0000][gc,cpu        ] GC(80) User=0.04s Sys=0.00s Real=0.03s
[2025-10-30T16:14:09.377+0000][gc,start      ] GC(81) Pause Young (Normal) (G1 Evacuation Pause)
[2025-10-30T16:14:09.377+0000][gc,task       ] GC(81) Using 2 workers of 2 for evacuation
[2025-10-30T16:14:09.399+0000][gc,mmu        ] GC(81) MMU target violated: 21.0ms (20.0ms/21.0ms)
[2025-10-30T16:14:09.400+0000][gc,phases     ] GC(81)   Pre Evacuate Collection Set: 0.0ms
[2025-10-30T16:14:09.400+0000][gc,phases     ] GC(81)   Evacuate Collection Set: 20.6ms
[2025-10-30T16:14:09.400+0000][gc,phases     ] GC(81)   Post Evacuate Collection Set: 1.1ms
[2025-10-30T16:14:09.401+0000][gc,phases     ] GC(81)   Other: 1.3ms
[2025-10-30T16:14:09.401+0000][gc,heap       ] GC(81) Eden regions: 55->0(57)
[2025-10-30T16:14:09.401+0000][gc,heap       ] GC(81) Survivor regions: 8->6(8)
[2025-10-30T16:14:09.402+0000][gc,heap       ] GC(81) Old regions: 101->105
[2025-10-30T16:14:09.402+0000][gc,heap       ] GC(81) Humongous regions: 147->147
[2025-10-30T16:14:09.402+0000][gc,metaspace  ] GC(81) Metaspace: 51785K(55472K)->51785K(55472K) NonClass: 45993K(48048K)->45993K(48048K) Class: 5792K(7424K)->5792K(7424K)
[2025-10-30T16:14:09.403+0000][gc            ] GC(81) Pause Young (Normal) (G1 Evacuation Pause) 310M->257M(512M) 25.852ms
[2025-10-30T16:14:09.403+0000][gc,cpu        ] GC(81) User=0.04s Sys=0.00s Real=0.03s
[2025-10-30T16:16:08.725+0000][gc,start      ] GC(82) Pause Young (Normal) (G1 Evacuation Pause)
[2025-10-30T16:16:08.726+0000][gc,task       ] GC(82) Using 2 workers of 2 for evacuation
[2025-10-30T16:16:08.749+0000][gc,mmu        ] GC(82) MMU target violated: 21.0ms (20.0ms/21.0ms)
[2025-10-30T16:16:08.750+0000][gc,phases     ] GC(82)   Pre Evacuate Collection Set: 0.0ms
[2025-10-30T16:16:08.750+0000][gc,phases     ] GC(82)   Evacuate Collection Set: 20.8ms
[2025-10-30T16:16:08.750+0000][gc,phases     ] GC(82)   Post Evacuate Collection Set: 1.5ms
[2025-10-30T16:16:08.751+0000][gc,phases     ] GC(82)   Other: 2.0ms
[2025-10-30T16:16:08.752+0000][gc,heap       ] GC(82) Eden regions: 50->0(53)
[2025-10-30T16:16:08.752+0000][gc,heap       ] GC(82) Survivor regions: 6->4(7)
[2025-10-30T16:16:08.752+0000][gc,heap       ] GC(82) Old regions: 105->109
[2025-10-30T16:16:08.752+0000][gc,heap       ] GC(82) Humongous regions: 147->147
[2025-10-30T16:16:08.752+0000][gc,metaspace  ] GC(82) Metaspace: 51787K(55472K)->51787K(55472K) NonClass: 45995K(48048K)->45995K(48048K) Class: 5792K(7424K)->5792K(7424K)
[2025-10-30T16:16:08.753+0000][gc            ] GC(82) Pause Young (Normal) (G1 Evacuation Pause) 307M->259M(512M) 28.189ms
[2025-10-30T16:16:08.754+0000][gc,cpu        ] GC(82) User=0.04s Sys=0.00s Real=0.03s
[2025-10-30T16:17:39.882+0000][gc,start      ] GC(83) Pause Young (Normal) (G1 Evacuation Pause)
[2025-10-30T16:17:39.882+0000][gc,task       ] GC(83) Using 2 workers of 2 for evacuation
[2025-10-30T16:17:39.918+0000][gc,mmu        ] GC(83) MMU target violated: 21.0ms (20.0ms/21.0ms)
[2025-10-30T16:17:39.918+0000][gc,phases     ] GC(83)   Pre Evacuate Collection Set: 0.0ms
[2025-10-30T16:17:39.919+0000][gc,phases     ] GC(83)   Evacuate Collection Set: 34.2ms
[2025-10-30T16:17:39.919+0000][gc,phases     ] GC(83)   Post Evacuate Collection Set: 1.0ms
[2025-10-30T16:17:39.919+0000][gc,phases     ] GC(83)   Other: 1.1ms
[2025-10-30T16:17:39.919+0000][gc,heap       ] GC(83) Eden regions: 53->0(20)
[2025-10-30T16:17:39.920+0000][gc,heap       ] GC(83) Survivor regions: 4->5(8)
[2025-10-30T16:17:39.920+0000][gc,heap       ] GC(83) Old regions: 109->109
[2025-10-30T16:17:39.920+0000][gc,heap       ] GC(83) Humongous regions: 147->147
[2025-10-30T16:17:39.921+0000][gc,metaspace  ] GC(83) Metaspace: 51788K(55472K)->51788K(55472K) NonClass: 45996K(48048K)->45996K(48048K) Class: 5792K(7424K)->5792K(7424K)
[2025-10-30T16:17:39.921+0000][gc            ] GC(83) Pause Young (Normal) (G1 Evacuation Pause) 312M->260M(512M) 38.747ms
[2025-10-30T16:17:39.921+0000][gc,cpu        ] GC(83) User=0.06s Sys=0.01s Real=0.04s
[2025-10-30T16:18:07.424+0000][gc,start      ] GC(84) Pause Young (Normal) (G1 Evacuation Pause)
[2025-10-30T16:18:07.424+0000][gc,task       ] GC(84) Using 2 workers of 2 for evacuation
[2025-10-30T16:18:07.434+0000][gc,phases     ] GC(84)   Pre Evacuate Collection Set: 0.0ms
[2025-10-30T16:18:07.434+0000][gc,phases     ] GC(84)   Evacuate Collection Set: 8.9ms
[2025-10-30T16:18:07.434+0000][gc,phases     ] GC(84)   Post Evacuate Collection Set: 0.6ms
[2025-10-30T16:18:07.434+0000][gc,phases     ] GC(84)   Other: 0.5ms
[2025-10-30T16:18:07.434+0000][gc,heap       ] GC(84) Eden regions: 20->0(24)
[2025-10-30T16:18:07.435+0000][gc,heap       ] GC(84) Survivor regions: 5->2(4)
[2025-10-30T16:18:07.435+0000][gc,heap       ] GC(84) Old regions: 109->114
[2025-10-30T16:18:07.435+0000][gc,heap       ] GC(84) Humongous regions: 147->147
[2025-10-30T16:18:07.435+0000][gc,metaspace  ] GC(84) Metaspace: 51788K(55472K)->51788K(55472K) NonClass: 45996K(48048K)->45996K(48048K) Class: 5792K(7424K)->5792K(7424K)
[2025-10-30T16:18:07.435+0000][gc            ] GC(84) Pause Young (Normal) (G1 Evacuation Pause) 280M->261M(512M) 11.391ms
[2025-10-30T16:18:07.435+0000][gc,cpu        ] GC(84) User=0.02s Sys=0.00s Real=0.01s
[2025-10-30T16:18:42.779+0000][gc,start      ] GC(85) Pause Young (Normal) (G1 Evacuation Pause)
[2025-10-30T16:18:42.779+0000][gc,task       ] GC(85) Using 2 workers of 2 for evacuation
[2025-10-30T16:18:42.785+0000][gc,phases     ] GC(85)   Pre Evacuate Collection Set: 0.0ms
[2025-10-30T16:18:42.785+0000][gc,phases     ] GC(85)   Evacuate Collection Set: 5.2ms
[2025-10-30T16:18:42.786+0000][gc,phases     ] GC(85)   Post Evacuate Collection Set: 0.6ms
[2025-10-30T16:18:42.786+0000][gc,phases     ] GC(85)   Other: 0.7ms
[2025-10-30T16:18:42.786+0000][gc,heap       ] GC(85) Eden regions: 24->0(26)
[2025-10-30T16:18:42.786+0000][gc,heap       ] GC(85) Survivor regions: 2->3(4)
[2025-10-30T16:18:42.786+0000][gc,heap       ] GC(85) Old regions: 114->114
[2025-10-30T16:18:42.787+0000][gc,heap       ] GC(85) Humongous regions: 147->147
[2025-10-30T16:18:42.787+0000][gc,metaspace  ] GC(85) Metaspace: 51788K(55472K)->51788K(55472K) NonClass: 45996K(48048K)->45996K(48048K) Class: 5792K(7424K)->5792K(7424K)
[2025-10-30T16:18:42.787+0000][gc            ] GC(85) Pause Young (Normal) (G1 Evacuation Pause) 285M->262M(512M) 8.288ms
[2025-10-30T16:18:42.787+0000][gc,cpu        ] GC(85) User=0.02s Sys=0.00s Real=0.01s
[2025-10-30T16:19:16.384+0000][gc,start      ] GC(86) Pause Young (Normal) (G1 Evacuation Pause)
[2025-10-30T16:19:16.384+0000][gc,task       ] GC(86) Using 2 workers of 2 for evacuation
[2025-10-30T16:19:16.392+0000][gc,phases     ] GC(86)   Pre Evacuate Collection Set: 0.0ms
[2025-10-30T16:19:16.392+0000][gc,phases     ] GC(86)   Evacuate Collection Set: 6.7ms
[2025-10-30T16:19:16.392+0000][gc,phases     ] GC(86)   Post Evacuate Collection Set: 0.6ms
[2025-10-30T16:19:16.393+0000][gc,phases     ] GC(86)   Other: 0.5ms
[2025-10-30T16:19:16.393+0000][gc,heap       ] GC(86) Eden regions: 26->0(31)
[2025-10-30T16:19:16.393+0000][gc,heap       ] GC(86) Survivor regions: 3->2(4)
[2025-10-30T16:19:16.393+0000][gc,heap       ] GC(86) Old regions: 114->115
[2025-10-30T16:19:16.393+0000][gc,heap       ] GC(86) Humongous regions: 147->147
[2025-10-30T16:19:16.393+0000][gc,metaspace  ] GC(86) Metaspace: 51788K(55472K)->51788K(55472K) NonClass: 45996K(48048K)->45996K(48048K) Class: 5792K(7424K)->5792K(7424K)
[2025-10-30T16:19:16.394+0000][gc            ] GC(86) Pause Young (Normal) (G1 Evacuation Pause) 288M->263M(512M) 9.545ms
[2025-10-30T16:19:16.394+0000][gc,cpu        ] GC(86) User=0.01s Sys=0.00s Real=0.01s
[2025-10-30T16:20:06.858+0000][gc,start      ] GC(87) Pause Young (Normal) (G1 Evacuation Pause)
[2025-10-30T16:20:06.860+0000][gc,task       ] GC(87) Using 2 workers of 2 for evacuation
[2025-10-30T16:20:06.871+0000][gc,phases     ] GC(87)   Pre Evacuate Collection Set: 0.1ms
[2025-10-30T16:20:06.871+0000][gc,phases     ] GC(87)   Evacuate Collection Set: 9.4ms
[2025-10-30T16:20:06.871+0000][gc,phases     ] GC(87)   Post Evacuate Collection Set: 0.8ms
[2025-10-30T16:20:06.871+0000][gc,phases     ] GC(87)   Other: 1.9ms
[2025-10-30T16:20:06.871+0000][gc,heap       ] GC(87) Eden regions: 29->0(30)
[2025-10-30T16:20:06.872+0000][gc,heap       ] GC(87) Survivor regions: 2->4(4)
[2025-10-30T16:20:06.872+0000][gc,heap       ] GC(87) Old regions: 115->115
[2025-10-30T16:20:06.872+0000][gc,heap       ] GC(87) Humongous regions: 147->147
[2025-10-30T16:20:06.872+0000][gc,metaspace  ] GC(87) Metaspace: 51788K(55472K)->51788K(55472K) NonClass: 45996K(48048K)->45996K(48048K) Class: 5792K(7424K)->5792K(7424K)
[2025-10-30T16:20:06.872+0000][gc            ] GC(87) Pause Young (Normal) (G1 Evacuation Pause) 292M->264M(512M) 14.006ms
[2025-10-30T16:20:06.873+0000][gc,cpu        ] GC(87) User=0.02s Sys=0.00s Real=0.01s
[2025-10-30T16:20:50.825+0000][gc,start      ] GC(88) Pause Young (Normal) (G1 Evacuation Pause)
[2025-10-30T16:20:50.825+0000][gc,task       ] GC(88) Using 2 workers of 2 for evacuation
[2025-10-30T16:20:50.842+0000][gc,phases     ] GC(88)   Pre Evacuate Collection Set: 0.0ms
[2025-10-30T16:20:50.842+0000][gc,phases     ] GC(88)   Evacuate Collection Set: 15.1ms
[2025-10-30T16:20:50.843+0000][gc,phases     ] GC(88)   Post Evacuate Collection Set: 0.9ms
[2025-10-30T16:20:50.843+0000][gc,phases     ] GC(88)   Other: 0.9ms
[2025-10-30T16:20:50.843+0000][gc,heap       ] GC(88) Eden regions: 30->0(30)
[2025-10-30T16:20:50.843+0000][gc,heap       ] GC(88) Survivor regions: 4->4(5)
[2025-10-30T16:20:50.844+0000][gc,heap       ] GC(88) Old regions: 115->116
[2025-10-30T16:20:50.845+0000][gc,heap       ] GC(88) Humongous regions: 147->147
[2025-10-30T16:20:50.845+0000][gc,metaspace  ] GC(88) Metaspace: 51792K(55472K)->51792K(55472K) NonClass: 46000K(48048K)->46000K(48048K) Class: 5792K(7424K)->5792K(7424K)
[2025-10-30T16:20:50.845+0000][gc            ] GC(88) Pause Young (Normal) (G1 Evacuation Pause) 294M->266M(512M) 20.679ms
[2025-10-30T16:20:50.846+0000][gc,cpu        ] GC(88) User=0.03s Sys=0.00s Real=0.02s
[2025-10-30T16:21:34.061+0000][gc,start      ] GC(89) Pause Young (Normal) (G1 Evacuation Pause)
[2025-10-30T16:21:34.062+0000][gc,task       ] GC(89) Using 2 workers of 2 for evacuation
[2025-10-30T16:21:34.073+0000][gc,phases     ] GC(89)   Pre Evacuate Collection Set: 0.0ms
[2025-10-30T16:21:34.073+0000][gc,phases     ] GC(89)   Evacuate Collection Set: 9.6ms
[2025-10-30T16:21:34.073+0000][gc,phases     ] GC(89)   Post Evacuate Collection Set: 0.8ms
[2025-10-30T16:21:34.073+0000][gc,phases     ] GC(89)   Other: 0.7ms
[2025-10-30T16:21:34.073+0000][gc,heap       ] GC(89) Eden regions: 29->0(32)
[2025-10-30T16:21:34.074+0000][gc,heap       ] GC(89) Survivor regions: 4->3(5)
[2025-10-30T16:21:34.074+0000][gc,heap       ] GC(89) Old regions: 116->118
[2025-10-30T16:21:34.074+0000][gc,heap       ] GC(89) Humongous regions: 147->147
[2025-10-30T16:21:34.074+0000][gc,metaspace  ] GC(89) Metaspace: 51792K(55472K)->51792K(55472K) NonClass: 46000K(48048K)->46000K(48048K) Class: 5792K(7424K)->5792K(7424K)
[2025-10-30T16:21:34.075+0000][gc            ] GC(89) Pause Young (Normal) (G1 Evacuation Pause) 295M->266M(512M) 13.140ms
[2025-10-30T16:21:34.075+0000][gc,cpu        ] GC(89) User=0.02s Sys=0.00s Real=0.01s
[2025-10-30T16:22:25.791+0000][gc,start      ] GC(90) Pause Young (Normal) (G1 Evacuation Pause)
[2025-10-30T16:22:25.791+0000][gc,task       ] GC(90) Using 2 workers of 2 for evacuation
[2025-10-30T16:22:25.800+0000][gc,phases     ] GC(90)   Pre Evacuate Collection Set: 0.0ms
[2025-10-30T16:22:25.800+0000][gc,phases     ] GC(90)   Evacuate Collection Set: 7.9ms
[2025-10-30T16:22:25.800+0000][gc,phases     ] GC(90)   Post Evacuate Collection Set: 0.6ms
[2025-10-30T16:22:25.800+0000][gc,phases     ] GC(90)   Other: 0.5ms
[2025-10-30T16:22:25.800+0000][gc,heap       ] GC(90) Eden regions: 31->0(35)
[2025-10-30T16:22:25.801+0000][gc,heap       ] GC(90) Survivor regions: 3->5(5)
[2025-10-30T16:22:25.801+0000][gc,heap       ] GC(90) Old regions: 118->118
[2025-10-30T16:22:25.801+0000][gc,heap       ] GC(90) Humongous regions: 147->147
[2025-10-30T16:22:25.801+0000][gc,metaspace  ] GC(90) Metaspace: 51792K(55472K)->51792K(55472K) NonClass: 46000K(48048K)->46000K(48048K) Class: 5792K(7424K)->5792K(7424K)
[2025-10-30T16:22:25.801+0000][gc            ] GC(90) Pause Young (Normal) (G1 Evacuation Pause) 297M->268M(512M) 10.319ms
[2025-10-30T16:22:25.801+0000][gc,cpu        ] GC(90) User=0.02s Sys=0.00s Real=0.01s
[2025-10-30T16:23:13.270+0000][gc,start      ] GC(91) Pause Young (Normal) (G1 Evacuation Pause)
[2025-10-30T16:23:13.270+0000][gc,task       ] GC(91) Using 2 workers of 2 for evacuation
[2025-10-30T16:23:13.279+0000][gc,phases     ] GC(91)   Pre Evacuate Collection Set: 0.0ms
[2025-10-30T16:23:13.279+0000][gc,phases     ] GC(91)   Evacuate Collection Set: 7.9ms
[2025-10-30T16:23:13.279+0000][gc,phases     ] GC(91)   Post Evacuate Collection Set: 0.6ms
[2025-10-30T16:23:13.279+0000][gc,phases     ] GC(91)   Other: 0.5ms
[2025-10-30T16:23:13.280+0000][gc,heap       ] GC(91) Eden regions: 35->0(39)
[2025-10-30T16:23:13.280+0000][gc,heap       ] GC(91) Survivor regions: 5->3(5)
[2025-10-30T16:23:13.280+0000][gc,heap       ] GC(91) Old regions: 118->120
[2025-10-30T16:23:13.280+0000][gc,heap       ] GC(91) Humongous regions: 147->147
[2025-10-30T16:23:13.280+0000][gc,metaspace  ] GC(91) Metaspace: 51792K(55472K)->51792K(55472K) NonClass: 46000K(48048K)->46000K(48048K) Class: 5792K(7424K)->5792K(7424K)
[2025-10-30T16:23:13.280+0000][gc            ] GC(91) Pause Young (Normal) (G1 Evacuation Pause) 303M->268M(512M) 10.575ms
[2025-10-30T16:23:13.281+0000][gc,cpu        ] GC(91) User=0.02s Sys=0.00s Real=0.01s
[2025-10-30T16:24:05.624+0000][gc,start      ] GC(92) Pause Young (Normal) (G1 Evacuation Pause)
[2025-10-30T16:24:05.624+0000][gc,task       ] GC(92) Using 2 workers of 2 for evacuation
[2025-10-30T16:24:05.633+0000][gc,phases     ] GC(92)   Pre Evacuate Collection Set: 0.0ms
[2025-10-30T16:24:05.634+0000][gc,phases     ] GC(92)   Evacuate Collection Set: 8.5ms
[2025-10-30T16:24:05.634+0000][gc,phases     ] GC(92)   Post Evacuate Collection Set: 0.6ms
[2025-10-30T16:24:05.634+0000][gc,phases     ] GC(92)   Other: 0.6ms
[2025-10-30T16:24:05.634+0000][gc,heap       ] GC(92) Eden regions: 37->0(43)
[2025-10-30T16:24:05.634+0000][gc,heap       ] GC(92) Survivor regions: 3->5(5)
[2025-10-30T16:24:05.634+0000][gc,heap       ] GC(92) Old regions: 120->120
[2025-10-30T16:24:05.634+0000][gc,heap       ] GC(92) Humongous regions: 147->147
[2025-10-30T16:24:05.634+0000][gc,metaspace  ] GC(92) Metaspace: 51792K(55472K)->51792K(55472K) NonClass: 46000K(48048K)->46000K(48048K) Class: 5792K(7424K)->5792K(7424K)
[2025-10-30T16:24:05.635+0000][gc            ] GC(92) Pause Young (Normal) (G1 Evacuation Pause) 305M->270M(512M) 10.962ms
[2025-10-30T16:24:05.635+0000][gc,cpu        ] GC(92) User=0.02s Sys=0.00s Real=0.01s
[2025-10-30T16:25:04.841+0000][gc,start      ] GC(93) Pause Young (Normal) (G1 Evacuation Pause)
[2025-10-30T16:25:04.841+0000][gc,task       ] GC(93) Using 2 workers of 2 for evacuation
[2025-10-30T16:25:04.855+0000][gc,phases     ] GC(93)   Pre Evacuate Collection Set: 0.0ms
[2025-10-30T16:25:04.855+0000][gc,phases     ] GC(93)   Evacuate Collection Set: 12.6ms
[2025-10-30T16:25:04.855+0000][gc,phases     ] GC(93)   Post Evacuate Collection Set: 0.6ms
[2025-10-30T16:25:04.855+0000][gc,phases     ] GC(93)   Other: 0.7ms
[2025-10-30T16:25:04.855+0000][gc,heap       ] GC(93) Eden regions: 43->0(44)
[2025-10-30T16:25:04.855+0000][gc,heap       ] GC(93) Survivor regions: 5->5(6)
[2025-10-30T16:25:04.856+0000][gc,heap       ] GC(93) Old regions: 120->122
[2025-10-30T16:25:04.856+0000][gc,heap       ] GC(93) Humongous regions: 147->147
[2025-10-30T16:25:04.856+0000][gc,metaspace  ] GC(93) Metaspace: 51792K(55472K)->51792K(55472K) NonClass: 46000K(48048K)->46000K(48048K) Class: 5792K(7424K)->5792K(7424K)
[2025-10-30T16:25:04.856+0000][gc            ] GC(93) Pause Young (Normal) (G1 Evacuation Pause) 313M->273M(512M) 15.555ms
[2025-10-30T16:25:04.856+0000][gc,cpu        ] GC(93) User=0.03s Sys=0.00s Real=0.02s
[2025-10-30T16:26:08.077+0000][gc,start      ] GC(94) Pause Young (Normal) (G1 Evacuation Pause)
[2025-10-30T16:26:08.078+0000][gc,task       ] GC(94) Using 2 workers of 2 for evacuation
[2025-10-30T16:26:08.093+0000][gc,phases     ] GC(94)   Pre Evacuate Collection Set: 0.0ms
[2025-10-30T16:26:08.094+0000][gc,phases     ] GC(94)   Evacuate Collection Set: 13.8ms
[2025-10-30T16:26:08.094+0000][gc,phases     ] GC(94)   Post Evacuate Collection Set: 0.8ms
[2025-10-30T16:26:08.094+0000][gc,phases     ] GC(94)   Other: 1.5ms
[2025-10-30T16:26:08.095+0000][gc,heap       ] GC(94) Eden regions: 42->0(44)
[2025-10-30T16:26:08.095+0000][gc,heap       ] GC(94) Survivor regions: 5->4(6)
[2025-10-30T16:26:08.096+0000][gc,heap       ] GC(94) Old regions: 122->123
[2025-10-30T16:26:08.096+0000][gc,heap       ] GC(94) Humongous regions: 147->147
[2025-10-30T16:26:08.096+0000][gc,metaspace  ] GC(94) Metaspace: 51792K(55472K)->51792K(55472K) NonClass: 46000K(48048K)->46000K(48048K) Class: 5792K(7424K)->5792K(7424K)
[2025-10-30T16:26:08.096+0000][gc            ] GC(94) Pause Young (Normal) (G1 Evacuation Pause) 315M->273M(512M) 19.028ms
[2025-10-30T16:26:08.097+0000][gc,cpu        ] GC(94) User=0.03s Sys=0.00s Real=0.02s
[2025-10-30T16:27:05.686+0000][gc,start      ] GC(95) Pause Young (Normal) (G1 Evacuation Pause)
[2025-10-30T16:27:05.686+0000][gc,task       ] GC(95) Using 2 workers of 2 for evacuation
[2025-10-30T16:27:05.700+0000][gc,phases     ] GC(95)   Pre Evacuate Collection Set: 0.0ms
[2025-10-30T16:27:05.700+0000][gc,phases     ] GC(95)   Evacuate Collection Set: 12.6ms
[2025-10-30T16:27:05.700+0000][gc,phases     ] GC(95)   Post Evacuate Collection Set: 0.7ms
[2025-10-30T16:27:05.700+0000][gc,phases     ] GC(95)   Other: 0.6ms
[2025-10-30T16:27:05.701+0000][gc,heap       ] GC(95) Eden regions: 40->0(45)
[2025-10-30T16:27:05.701+0000][gc,heap       ] GC(95) Survivor regions: 4->5(6)
[2025-10-30T16:27:05.701+0000][gc,heap       ] GC(95) Old regions: 123->125
[2025-10-30T16:27:05.701+0000][gc,heap       ] GC(95) Humongous regions: 147->147
[2025-10-30T16:27:05.701+0000][gc,metaspace  ] GC(95) Metaspace: 51794K(55472K)->51794K(55472K) NonClass: 46001K(48048K)->46001K(48048K) Class: 5792K(7424K)->5792K(7424K)
[2025-10-30T16:27:05.701+0000][gc            ] GC(95) Pause Young (Normal) (G1 Evacuation Pause) 313M->276M(512M) 15.689ms
[2025-10-30T16:27:05.702+0000][gc,cpu        ] GC(95) User=0.03s Sys=0.00s Real=0.01s
[2025-10-30T16:28:19.619+0000][gc,start      ] GC(96) Pause Young (Normal) (G1 Evacuation Pause)
[2025-10-30T16:28:19.619+0000][gc,task       ] GC(96) Using 2 workers of 2 for evacuation
[2025-10-30T16:28:19.631+0000][gc,phases     ] GC(96)   Pre Evacuate Collection Set: 0.0ms
[2025-10-30T16:28:19.632+0000][gc,phases     ] GC(96)   Evacuate Collection Set: 10.6ms
[2025-10-30T16:28:19.632+0000][gc,phases     ] GC(96)   Post Evacuate Collection Set: 0.7ms
[2025-10-30T16:28:19.632+0000][gc,phases     ] GC(96)   Other: 1.1ms
[2025-10-30T16:28:19.632+0000][gc,heap       ] GC(96) Eden regions: 42->0(47)
[2025-10-30T16:28:19.632+0000][gc,heap       ] GC(96) Survivor regions: 5->4(6)
[2025-10-30T16:28:19.632+0000][gc,heap       ] GC(96) Old regions: 125->126
[2025-10-30T16:28:19.633+0000][gc,heap       ] GC(96) Humongous regions: 147->147
[2025-10-30T16:28:19.633+0000][gc,metaspace  ] GC(96) Metaspace: 51794K(55472K)->51794K(55472K) NonClass: 46002K(48048K)->46002K(48048K) Class: 5792K(7424K)->5792K(7424K)
[2025-10-30T16:28:19.633+0000][gc            ] GC(96) Pause Young (Normal) (G1 Evacuation Pause) 318M->276M(512M) 13.957ms
[2025-10-30T16:28:19.633+0000][gc,cpu        ] GC(96) User=0.02s Sys=0.00s Real=0.01s
[2025-10-30T16:29:34.404+0000][gc,start      ] GC(97) Pause Young (Normal) (G1 Evacuation Pause)
[2025-10-30T16:29:34.404+0000][gc,task       ] GC(97) Using 2 workers of 2 for evacuation
[2025-10-30T16:29:34.423+0000][gc,phases     ] GC(97)   Pre Evacuate Collection Set: 0.0ms
[2025-10-30T16:29:34.423+0000][gc,phases     ] GC(97)   Evacuate Collection Set: 16.2ms
[2025-10-30T16:29:34.424+0000][gc,phases     ] GC(97)   Post Evacuate Collection Set: 1.9ms
[2025-10-30T16:29:34.424+0000][gc,phases     ] GC(97)   Other: 1.1ms
[2025-10-30T16:29:34.424+0000][gc,heap       ] GC(97) Eden regions: 47->0(46)
[2025-10-30T16:29:34.425+0000][gc,heap       ] GC(97) Survivor regions: 4->4(7)
[2025-10-30T16:29:34.425+0000][gc,heap       ] GC(97) Old regions: 126->128
[2025-10-30T16:29:34.426+0000][gc,heap       ] GC(97) Humongous regions: 147->147
[2025-10-30T16:29:34.426+0000][gc,metaspace  ] GC(97) Metaspace: 51796K(55472K)->51796K(55472K) NonClass: 46004K(48048K)->46004K(48048K) Class: 5792K(7424K)->5792K(7424K)
[2025-10-30T16:29:34.426+0000][gc            ] GC(97) Pause Young (Normal) (G1 Evacuation Pause) 323M->278M(512M) 22.226ms
[2025-10-30T16:29:34.426+0000][gc,cpu        ] GC(97) User=0.03s Sys=0.00s Real=0.03s
[2025-10-30T16:30:31.138+0000][gc,start      ] GC(98) Pause Young (Normal) (G1 Evacuation Pause)
[2025-10-30T16:30:31.139+0000][gc,task       ] GC(98) Using 2 workers of 2 for evacuation
[2025-10-30T16:30:31.150+0000][gc,phases     ] GC(98)   Pre Evacuate Collection Set: 0.0ms
[2025-10-30T16:30:31.151+0000][gc,phases     ] GC(98)   Evacuate Collection Set: 10.7ms
[2025-10-30T16:30:31.151+0000][gc,phases     ] GC(98)   Post Evacuate Collection Set: 0.7ms
[2025-10-30T16:30:31.151+0000][gc,phases     ] GC(98)   Other: 0.6ms
[2025-10-30T16:30:31.151+0000][gc,heap       ] GC(98) Eden regions: 43->0(50)
[2025-10-30T16:30:31.152+0000][gc,heap       ] GC(98) Survivor regions: 4->5(6)
[2025-10-30T16:30:31.152+0000][gc,heap       ] GC(98) Old regions: 128->129
[2025-10-30T16:30:31.152+0000][gc,heap       ] GC(98) Humongous regions: 147->147
[2025-10-30T16:30:31.152+0000][gc,metaspace  ] GC(98) Metaspace: 51796K(55472K)->51796K(55472K) NonClass: 46004K(48048K)->46004K(48048K) Class: 5792K(7424K)->5792K(7424K)
[2025-10-30T16:30:31.152+0000][gc            ] GC(98) Pause Young (Normal) (G1 Evacuation Pause) 321M->280M(512M) 13.875ms
[2025-10-30T16:30:31.152+0000][gc,cpu        ] GC(98) User=0.03s Sys=0.00s Real=0.01s
[2025-10-30T16:31:32.963+0000][gc,start      ] GC(99) Pause Young (Normal) (G1 Evacuation Pause)
[2025-10-30T16:31:32.964+0000][gc,task       ] GC(99) Using 2 workers of 2 for evacuation
[2025-10-30T16:31:32.977+0000][gc,phases     ] GC(99)   Pre Evacuate Collection Set: 0.0ms
[2025-10-30T16:31:32.977+0000][gc,phases     ] GC(99)   Evacuate Collection Set: 11.2ms
[2025-10-30T16:31:32.977+0000][gc,phases     ] GC(99)   Post Evacuate Collection Set: 0.8ms
[2025-10-30T16:31:32.977+0000][gc,phases     ] GC(99)   Other: 1.4ms
[2025-10-30T16:31:32.977+0000][gc,heap       ] GC(99) Eden regions: 47->0(53)
[2025-10-30T16:31:32.977+0000][gc,heap       ] GC(99) Survivor regions: 5->5(7)
[2025-10-30T16:31:32.978+0000][gc,heap       ] GC(99) Old regions: 129->131
[2025-10-30T16:31:32.978+0000][gc,heap       ] GC(99) Humongous regions: 147->147
[2025-10-30T16:31:32.978+0000][gc,metaspace  ] GC(99) Metaspace: 51796K(55472K)->51796K(55472K) NonClass: 46004K(48048K)->46004K(48048K) Class: 5792K(7424K)->5792K(7424K)
[2025-10-30T16:31:32.978+0000][gc            ] GC(99) Pause Young (Normal) (G1 Evacuation Pause) 327M->282M(512M) 14.761ms
[2025-10-30T16:31:32.978+0000][gc,cpu        ] GC(99) User=0.03s Sys=0.00s Real=0.02s
[2025-10-30T16:32:46.124+0000][gc,start      ] GC(100) Pause Young (Normal) (G1 Evacuation Pause)
[2025-10-30T16:32:46.125+0000][gc,task       ] GC(100) Using 2 workers of 2 for evacuation
[2025-10-30T16:32:46.138+0000][gc,phases     ] GC(100)   Pre Evacuate Collection Set: 0.0ms
[2025-10-30T16:32:46.139+0000][gc,phases     ] GC(100)   Evacuate Collection Set: 12.3ms
[2025-10-30T16:32:46.139+0000][gc,phases     ] GC(100)   Post Evacuate Collection Set: 1.1ms
[2025-10-30T16:32:46.139+0000][gc,phases     ] GC(100)   Other: 0.6ms
[2025-10-30T16:32:46.139+0000][gc,heap       ] GC(100) Eden regions: 48->0(56)
[2025-10-30T16:32:46.140+0000][gc,heap       ] GC(100) Survivor regions: 5->5(7)
[2025-10-30T16:32:46.140+0000][gc,heap       ] GC(100) Old regions: 131->133
[2025-10-30T16:32:46.140+0000][gc,heap       ] GC(100) Humongous regions: 147->147
[2025-10-30T16:32:46.140+0000][gc,metaspace  ] GC(100) Metaspace: 51796K(55472K)->51796K(55472K) NonClass: 46004K(48048K)->46004K(48048K) Class: 5792K(7424K)->5792K(7424K)
[2025-10-30T16:32:46.140+0000][gc            ] GC(100) Pause Young (Normal) (G1 Evacuation Pause) 330M->284M(512M) 15.873ms
[2025-10-30T16:32:46.140+0000][gc,cpu        ] GC(100) User=0.02s Sys=0.00s Real=0.02s
[2025-10-30T16:33:58.416+0000][gc,start      ] GC(101) Pause Young (Normal) (G1 Evacuation Pause)
[2025-10-30T16:33:58.417+0000][gc,task       ] GC(101) Using 2 workers of 2 for evacuation
[2025-10-30T16:33:58.428+0000][gc,phases     ] GC(101)   Pre Evacuate Collection Set: 0.0ms
[2025-10-30T16:33:58.428+0000][gc,phases     ] GC(101)   Evacuate Collection Set: 9.9ms
[2025-10-30T16:33:58.428+0000][gc,phases     ] GC(101)   Post Evacuate Collection Set: 0.6ms
[2025-10-30T16:33:58.428+0000][gc,phases     ] GC(101)   Other: 1.2ms
[2025-10-30T16:33:58.428+0000][gc,heap       ] GC(101) Eden regions: 51->0(61)
[2025-10-30T16:33:58.429+0000][gc,heap       ] GC(101) Survivor regions: 5->4(7)
[2025-10-30T16:33:58.429+0000][gc,heap       ] GC(101) Old regions: 133->134
[2025-10-30T16:33:58.429+0000][gc,heap       ] GC(101) Humongous regions: 147->147
[2025-10-30T16:33:58.429+0000][gc,metaspace  ] GC(101) Metaspace: 51796K(55472K)->51796K(55472K) NonClass: 46004K(48048K)->46004K(48048K) Class: 5792K(7424K)->5792K(7424K)
[2025-10-30T16:33:58.429+0000][gc            ] GC(101) Pause Young (Normal) (G1 Evacuation Pause) 335M->284M(512M) 12.995ms
[2025-10-30T16:33:58.429+0000][gc,cpu        ] GC(101) User=0.02s Sys=0.00s Real=0.01s
[2025-10-30T16:35:35.168+0000][gc,start      ] GC(102) Pause Young (Normal) (G1 Evacuation Pause)
[2025-10-30T16:35:35.168+0000][gc,task       ] GC(102) Using 2 workers of 2 for evacuation
[2025-10-30T16:35:35.181+0000][gc,phases     ] GC(102)   Pre Evacuate Collection Set: 0.0ms
[2025-10-30T16:35:35.181+0000][gc,phases     ] GC(102)   Evacuate Collection Set: 11.7ms
[2025-10-30T16:35:35.181+0000][gc,phases     ] GC(102)   Post Evacuate Collection Set: 0.6ms
[2025-10-30T16:35:35.182+0000][gc,phases     ] GC(102)   Other: 0.5ms
[2025-10-30T16:35:35.182+0000][gc,heap       ] GC(102) Eden regions: 61->0(65)
[2025-10-30T16:35:35.182+0000][gc,heap       ] GC(102) Survivor regions: 4->8(9)
[2025-10-30T16:35:35.182+0000][gc,heap       ] GC(102) Old regions: 134->134
[2025-10-30T16:35:35.182+0000][gc,heap       ] GC(102) Humongous regions: 147->147
[2025-10-30T16:35:35.182+0000][gc,metaspace  ] GC(102) Metaspace: 51797K(55472K)->51797K(55472K) NonClass: 46005K(48048K)->46005K(48048K) Class: 5792K(7424K)->5792K(7424K)
[2025-10-30T16:35:35.182+0000][gc            ] GC(102) Pause Young (Normal) (G1 Evacuation Pause) 345M->288M(512M) 14.178ms
[2025-10-30T16:35:35.182+0000][gc,cpu        ] GC(102) User=0.02s Sys=0.00s Real=0.01s
[2025-10-30T16:37:18.331+0000][gc,start      ] GC(103) Pause Young (Normal) (G1 Evacuation Pause)
[2025-10-30T16:37:18.331+0000][gc,task       ] GC(103) Using 2 workers of 2 for evacuation
[2025-10-30T16:37:18.346+0000][gc,phases     ] GC(103)   Pre Evacuate Collection Set: 0.0ms
[2025-10-30T16:37:18.347+0000][gc,phases     ] GC(103)   Evacuate Collection Set: 14.1ms
[2025-10-30T16:37:18.347+0000][gc,phases     ] GC(103)   Post Evacuate Collection Set: 0.6ms
[2025-10-30T16:37:18.347+0000][gc,phases     ] GC(103)   Other: 0.5ms
[2025-10-30T16:37:18.347+0000][gc,heap       ] GC(103) Eden regions: 65->0(67)
[2025-10-30T16:37:18.347+0000][gc,heap       ] GC(103) Survivor regions: 8->6(10)
[2025-10-30T16:37:18.347+0000][gc,heap       ] GC(103) Old regions: 134->138
[2025-10-30T16:37:18.348+0000][gc,heap       ] GC(103) Humongous regions: 147->147
[2025-10-30T16:37:18.348+0000][gc,metaspace  ] GC(103) Metaspace: 51814K(55472K)->51814K(55472K) NonClass: 46022K(48048K)->46022K(48048K) Class: 5792K(7424K)->5792K(7424K)
[2025-10-30T16:37:18.348+0000][gc            ] GC(103) Pause Young (Normal) (G1 Evacuation Pause) 353M->290M(512M) 16.593ms
[2025-10-30T16:37:18.348+0000][gc,cpu        ] GC(103) User=0.03s Sys=0.00s Real=0.01s
[2025-10-30T16:38:52.309+0000][gc,start      ] GC(104) Pause Young (Normal) (G1 Evacuation Pause)
[2025-10-30T16:38:52.310+0000][gc,task       ] GC(104) Using 2 workers of 2 for evacuation
[2025-10-30T16:38:52.323+0000][gc,phases     ] GC(104)   Pre Evacuate Collection Set: 0.0ms
[2025-10-30T16:38:52.323+0000][gc,phases     ] GC(104)   Evacuate Collection Set: 11.9ms
[2025-10-30T16:38:52.323+0000][gc,phases     ] GC(104)   Post Evacuate Collection Set: 0.7ms
[2025-10-30T16:38:52.323+0000][gc,phases     ] GC(104)   Other: 0.8ms
[2025-10-30T16:38:52.324+0000][gc,heap       ] GC(104) Eden regions: 67->0(70)
[2025-10-30T16:38:52.324+0000][gc,heap       ] GC(104) Survivor regions: 6->6(10)
[2025-10-30T16:38:52.324+0000][gc,heap       ] GC(104) Old regions: 138->140
[2025-10-30T16:38:52.324+0000][gc,heap       ] GC(104) Humongous regions: 147->147
[2025-10-30T16:38:52.324+0000][gc,metaspace  ] GC(104) Metaspace: 51816K(55472K)->51816K(55472K) NonClass: 46024K(48048K)->46024K(48048K) Class: 5792K(7424K)->5792K(7424K)
[2025-10-30T16:38:52.324+0000][gc            ] GC(104) Pause Young (Normal) (G1 Evacuation Pause) 357M->292M(512M) 14.714ms
[2025-10-30T16:38:52.324+0000][gc,cpu        ] GC(104) User=0.03s Sys=0.00s Real=0.02s
[2025-10-30T16:40:34.362+0000][gc,start      ] GC(105) Pause Young (Normal) (G1 Evacuation Pause)
[2025-10-30T16:40:34.362+0000][gc,task       ] GC(105) Using 2 workers of 2 for evacuation
[2025-10-30T16:40:34.376+0000][gc,phases     ] GC(105)   Pre Evacuate Collection Set: 0.0ms
[2025-10-30T16:40:34.376+0000][gc,phases     ] GC(105)   Evacuate Collection Set: 12.4ms
[2025-10-30T16:40:34.376+0000][gc,phases     ] GC(105)   Post Evacuate Collection Set: 0.6ms
[2025-10-30T16:40:34.376+0000][gc,phases     ] GC(105)   Other: 0.8ms
[2025-10-30T16:40:34.377+0000][gc,heap       ] GC(105) Eden regions: 70->0(74)
[2025-10-30T16:40:34.377+0000][gc,heap       ] GC(105) Survivor regions: 6->6(10)
[2025-10-30T16:40:34.377+0000][gc,heap       ] GC(105) Old regions: 140->142
[2025-10-30T16:40:34.377+0000][gc,heap       ] GC(105) Humongous regions: 147->147
[2025-10-30T16:40:34.377+0000][gc,metaspace  ] GC(105) Metaspace: 51816K(55472K)->51816K(55472K) NonClass: 46024K(48048K)->46024K(48048K) Class: 5792K(7424K)->5792K(7424K)
[2025-10-30T16:40:34.377+0000][gc            ] GC(105) Pause Young (Normal) (G1 Evacuation Pause) 362M->294M(512M) 14.971ms
[2025-10-30T16:40:34.377+0000][gc,cpu        ] GC(105) User=0.03s Sys=0.00s Real=0.02s
[2025-10-30T16:42:19.834+0000][gc,start      ] GC(106) Pause Young (Normal) (G1 Evacuation Pause)
[2025-10-30T16:42:19.834+0000][gc,task       ] GC(106) Using 2 workers of 2 for evacuation
[2025-10-30T16:42:19.849+0000][gc,phases     ] GC(106)   Pre Evacuate Collection Set: 0.0ms
[2025-10-30T16:42:19.849+0000][gc,phases     ] GC(106)   Evacuate Collection Set: 13.8ms
[2025-10-30T16:42:19.850+0000][gc,phases     ] GC(106)   Post Evacuate Collection Set: 1.1ms
[2025-10-30T16:42:19.850+0000][gc,phases     ] GC(106)   Other: 0.6ms
[2025-10-30T16:42:19.850+0000][gc,heap       ] GC(106) Eden regions: 74->0(76)
[2025-10-30T16:42:19.850+0000][gc,heap       ] GC(106) Survivor regions: 6->6(10)
[2025-10-30T16:42:19.850+0000][gc,heap       ] GC(106) Old regions: 142->145
[2025-10-30T16:42:19.850+0000][gc,heap       ] GC(106) Humongous regions: 147->147
[2025-10-30T16:42:19.851+0000][gc,metaspace  ] GC(106) Metaspace: 51818K(55472K)->51818K(55472K) NonClass: 46025K(48048K)->46025K(48048K) Class: 5792K(7424K)->5792K(7424K)
[2025-10-30T16:42:19.851+0000][gc            ] GC(106) Pause Young (Normal) (G1 Evacuation Pause) 368M->296M(512M) 17.083ms
[2025-10-30T16:42:19.851+0000][gc,cpu        ] GC(106) User=0.03s Sys=0.00s Real=0.02s
[2025-10-30T16:44:05.274+0000][gc,start      ] GC(107) Pause Young (Normal) (G1 Evacuation Pause)
[2025-10-30T16:44:05.274+0000][gc,task       ] GC(107) Using 2 workers of 2 for evacuation
[2025-10-30T16:44:05.289+0000][gc,phases     ] GC(107)   Pre Evacuate Collection Set: 0.0ms
[2025-10-30T16:44:05.289+0000][gc,phases     ] GC(107)   Evacuate Collection Set: 13.8ms
[2025-10-30T16:44:05.289+0000][gc,phases     ] GC(107)   Post Evacuate Collection Set: 0.7ms
[2025-10-30T16:44:05.290+0000][gc,phases     ] GC(107)   Other: 0.6ms
[2025-10-30T16:44:05.290+0000][gc,heap       ] GC(107) Eden regions: 76->0(78)
[2025-10-30T16:44:05.290+0000][gc,heap       ] GC(107) Survivor regions: 6->10(11)
[2025-10-30T16:44:05.290+0000][gc,heap       ] GC(107) Old regions: 145->145
[2025-10-30T16:44:05.290+0000][gc,heap       ] GC(107) Humongous regions: 147->147
[2025-10-30T16:44:05.290+0000][gc,metaspace  ] GC(107) Metaspace: 51818K(55472K)->51818K(55472K) NonClass: 46025K(48048K)->46025K(48048K) Class: 5792K(7424K)->5792K(7424K)
[2025-10-30T16:44:05.291+0000][gc            ] GC(107) Pause Young (Normal) (G1 Evacuation Pause) 372M->301M(512M) 16.562ms
[2025-10-30T16:44:05.291+0000][gc,cpu        ] GC(107) User=0.03s Sys=0.00s Real=0.02s
[2025-10-30T16:46:00.476+0000][gc,start      ] GC(108) Pause Young (Normal) (G1 Evacuation Pause)
[2025-10-30T16:46:00.477+0000][gc,task       ] GC(108) Using 2 workers of 2 for evacuation
[2025-10-30T16:46:00.496+0000][gc,phases     ] GC(108)   Pre Evacuate Collection Set: 0.0ms
[2025-10-30T16:46:00.496+0000][gc,phases     ] GC(108)   Evacuate Collection Set: 18.0ms
[2025-10-30T16:46:00.496+0000][gc,phases     ] GC(108)   Post Evacuate Collection Set: 0.8ms
[2025-10-30T16:46:00.496+0000][gc,phases     ] GC(108)   Other: 0.6ms
[2025-10-30T16:46:00.497+0000][gc,heap       ] GC(108) Eden regions: 78->0(80)
[2025-10-30T16:46:00.497+0000][gc,heap       ] GC(108) Survivor regions: 10->8(11)
[2025-10-30T16:46:00.497+0000][gc,heap       ] GC(108) Old regions: 145->149
[2025-10-30T16:46:00.497+0000][gc,heap       ] GC(108) Humongous regions: 147->147
[2025-10-30T16:46:00.497+0000][gc,metaspace  ] GC(108) Metaspace: 51818K(55472K)->51818K(55472K) NonClass: 46025K(48048K)->46025K(48048K) Class: 5792K(7424K)->5792K(7424K)
[2025-10-30T16:46:00.498+0000][gc            ] GC(108) Pause Young (Normal) (G1 Evacuation Pause) 379M->303M(512M) 21.265ms
[2025-10-30T16:46:00.498+0000][gc,cpu        ] GC(108) User=0.03s Sys=0.00s Real=0.03s
[2025-10-30T16:48:03.275+0000][gc,start      ] GC(109) Pause Young (Normal) (G1 Evacuation Pause)
[2025-10-30T16:48:03.276+0000][gc,task       ] GC(109) Using 2 workers of 2 for evacuation
[2025-10-30T16:48:03.292+0000][gc,phases     ] GC(109)   Pre Evacuate Collection Set: 0.0ms
[2025-10-30T16:48:03.292+0000][gc,phases     ] GC(109)   Evacuate Collection Set: 15.0ms
[2025-10-30T16:48:03.293+0000][gc,phases     ] GC(109)   Post Evacuate Collection Set: 0.8ms
[2025-10-30T16:48:03.293+0000][gc,phases     ] GC(109)   Other: 0.5ms
[2025-10-30T16:48:03.293+0000][gc,heap       ] GC(109) Eden regions: 80->0(84)
[2025-10-30T16:48:03.293+0000][gc,heap       ] GC(109) Survivor regions: 8->8(11)
[2025-10-30T16:48:03.293+0000][gc,heap       ] GC(109) Old regions: 149->152
[2025-10-30T16:48:03.293+0000][gc,heap       ] GC(109) Humongous regions: 147->147
[2025-10-30T16:48:03.294+0000][gc,metaspace  ] GC(109) Metaspace: 51818K(55472K)->51818K(55472K) NonClass: 46025K(48048K)->46025K(48048K) Class: 5792K(7424K)->5792K(7424K)
[2025-10-30T16:48:03.294+0000][gc            ] GC(109) Pause Young (Normal) (G1 Evacuation Pause) 383M->306M(512M) 18.500ms
[2025-10-30T16:48:03.294+0000][gc,cpu        ] GC(109) User=0.03s Sys=0.00s Real=0.02s
[2025-10-30T16:49:56.467+0000][gc,start      ] GC(110) Pause Young (Normal) (G1 Evacuation Pause)
[2025-10-30T16:49:56.468+0000][gc,task       ] GC(110) Using 2 workers of 2 for evacuation
[2025-10-30T16:49:56.481+0000][gc,phases     ] GC(110)   Pre Evacuate Collection Set: 0.0ms
[2025-10-30T16:49:56.481+0000][gc,phases     ] GC(110)   Evacuate Collection Set: 12.4ms
[2025-10-30T16:49:56.481+0000][gc,phases     ] GC(110)   Post Evacuate Collection Set: 0.7ms
[2025-10-30T16:49:56.482+0000][gc,phases     ] GC(110)   Other: 0.5ms
[2025-10-30T16:49:56.482+0000][gc,heap       ] GC(110) Eden regions: 77->0(92)
[2025-10-30T16:49:56.482+0000][gc,heap       ] GC(110) Survivor regions: 8->8(11)
[2025-10-30T16:49:56.482+0000][gc,heap       ] GC(110) Old regions: 152->155
[2025-10-30T16:49:56.482+0000][gc,heap       ] GC(110) Humongous regions: 147->147
[2025-10-30T16:49:56.482+0000][gc,metaspace  ] GC(110) Metaspace: 51819K(55472K)->51819K(55472K) NonClass: 46026K(48048K)->46026K(48048K) Class: 5792K(7424K)->5792K(7424K)
[2025-10-30T16:49:56.482+0000][gc            ] GC(110) Pause Young (Normal) (G1 Evacuation Pause) 383M->309M(512M) 14.707ms
[2025-10-30T16:49:56.482+0000][gc,cpu        ] GC(110) User=0.03s Sys=0.00s Real=0.02s
[2025-10-30T16:52:14.466+0000][gc,start      ] GC(111) Pause Young (Normal) (G1 Evacuation Pause)
[2025-10-30T16:52:14.467+0000][gc,task       ] GC(111) Using 2 workers of 2 for evacuation
[2025-10-30T16:52:14.483+0000][gc,phases     ] GC(111)   Pre Evacuate Collection Set: 0.0ms
[2025-10-30T16:52:14.483+0000][gc,phases     ] GC(111)   Evacuate Collection Set: 14.7ms
[2025-10-30T16:52:14.483+0000][gc,phases     ] GC(111)   Post Evacuate Collection Set: 0.7ms
[2025-10-30T16:52:14.483+0000][gc,phases     ] GC(111)   Other: 0.8ms
[2025-10-30T16:52:14.483+0000][gc,heap       ] GC(111) Eden regions: 92->0(97)
[2025-10-30T16:52:14.484+0000][gc,heap       ] GC(111) Survivor regions: 8->8(13)
[2025-10-30T16:52:14.484+0000][gc,heap       ] GC(111) Old regions: 155->158
[2025-10-30T16:52:14.484+0000][gc,heap       ] GC(111) Humongous regions: 147->147
[2025-10-30T16:52:14.484+0000][gc,metaspace  ] GC(111) Metaspace: 51819K(55472K)->51819K(55472K) NonClass: 46027K(48048K)->46027K(48048K) Class: 5792K(7424K)->5792K(7424K)
[2025-10-30T16:52:14.484+0000][gc            ] GC(111) Pause Young (Normal) (G1 Evacuation Pause) 401M->312M(512M) 17.697ms
[2025-10-30T16:52:14.484+0000][gc,cpu        ] GC(111) User=0.03s Sys=0.00s Real=0.02s
[2025-10-30T16:54:31.743+0000][gc,start      ] GC(112) Pause Young (Normal) (G1 Evacuation Pause)
[2025-10-30T16:54:31.743+0000][gc,task       ] GC(112) Using 2 workers of 2 for evacuation
[2025-10-30T16:54:31.759+0000][gc,phases     ] GC(112)   Pre Evacuate Collection Set: 0.0ms
[2025-10-30T16:54:31.760+0000][gc,phases     ] GC(112)   Evacuate Collection Set: 15.6ms
[2025-10-30T16:54:31.760+0000][gc,phases     ] GC(112)   Post Evacuate Collection Set: 0.7ms
[2025-10-30T16:54:31.760+0000][gc,phases     ] GC(112)   Other: 0.7ms
[2025-10-30T16:54:31.760+0000][gc,heap       ] GC(112) Eden regions: 97->0(101)
[2025-10-30T16:54:31.760+0000][gc,heap       ] GC(112) Survivor regions: 8->9(14)
[2025-10-30T16:54:31.761+0000][gc,heap       ] GC(112) Old regions: 158->161
[2025-10-30T16:54:31.761+0000][gc,heap       ] GC(112) Humongous regions: 147->147
[2025-10-30T16:54:31.761+0000][gc,metaspace  ] GC(112) Metaspace: 51819K(55472K)->51819K(55472K) NonClass: 46027K(48048K)->46027K(48048K) Class: 5792K(7424K)->5792K(7424K)
[2025-10-30T16:54:31.761+0000][gc            ] GC(112) Pause Young (Normal) (G1 Evacuation Pause) 409M->316M(512M) 18.519ms
[2025-10-30T16:54:31.761+0000][gc,cpu        ] GC(112) User=0.03s Sys=0.00s Real=0.02s
[2025-10-30T16:56:59.537+0000][gc,start      ] GC(113) Pause Young (Normal) (G1 Evacuation Pause)
[2025-10-30T16:56:59.538+0000][gc,task       ] GC(113) Using 2 workers of 2 for evacuation
[2025-10-30T16:56:59.553+0000][gc,phases     ] GC(113)   Pre Evacuate Collection Set: 0.0ms
[2025-10-30T16:56:59.554+0000][gc,phases     ] GC(113)   Evacuate Collection Set: 14.7ms
[2025-10-30T16:56:59.554+0000][gc,phases     ] GC(113)   Post Evacuate Collection Set: 0.7ms
[2025-10-30T16:56:59.554+0000][gc,phases     ] GC(113)   Other: 0.7ms
[2025-10-30T16:56:59.554+0000][gc,heap       ] GC(113) Eden regions: 101->0(104)
[2025-10-30T16:56:59.554+0000][gc,heap       ] GC(113) Survivor regions: 9->7(14)
[2025-10-30T16:56:59.554+0000][gc,heap       ] GC(113) Old regions: 161->164
[2025-10-30T16:56:59.555+0000][gc,heap       ] GC(113) Humongous regions: 147->147
[2025-10-30T16:56:59.555+0000][gc,metaspace  ] GC(113) Metaspace: 51819K(55472K)->51819K(55472K) NonClass: 46027K(48048K)->46027K(48048K) Class: 5792K(7424K)->5792K(7424K)
[2025-10-30T16:56:59.555+0000][gc            ] GC(113) Pause Young (Normal) (G1 Evacuation Pause) 417M->317M(512M) 17.685ms
[2025-10-30T16:56:59.555+0000][gc,cpu        ] GC(113) User=0.03s Sys=0.00s Real=0.01s
[2025-10-30T16:59:28.740+0000][gc,start      ] GC(114) Pause Young (Normal) (G1 Evacuation Pause)
[2025-10-30T16:59:28.740+0000][gc,task       ] GC(114) Using 2 workers of 2 for evacuation
[2025-10-30T16:59:28.756+0000][gc,phases     ] GC(114)   Pre Evacuate Collection Set: 0.0ms
[2025-10-30T16:59:28.756+0000][gc,phases     ] GC(114)   Evacuate Collection Set: 14.8ms
[2025-10-30T16:59:28.756+0000][gc,phases     ] GC(114)   Post Evacuate Collection Set: 0.9ms
[2025-10-30T16:59:28.756+0000][gc,phases     ] GC(114)   Other: 0.6ms
[2025-10-30T16:59:28.757+0000][gc,heap       ] GC(114) Eden regions: 104->0(104)
[2025-10-30T16:59:28.757+0000][gc,heap       ] GC(114) Survivor regions: 7->11(14)
[2025-10-30T16:59:28.757+0000][gc,heap       ] GC(114) Old regions: 164->164
[2025-10-30T16:59:28.757+0000][gc,heap       ] GC(114) Humongous regions: 147->147
[2025-10-30T16:59:28.757+0000][gc,metaspace  ] GC(114) Metaspace: 51819K(55472K)->51819K(55472K) NonClass: 46027K(48048K)->46027K(48048K) Class: 5792K(7424K)->5792K(7424K)
[2025-10-30T16:59:28.757+0000][gc            ] GC(114) Pause Young (Normal) (G1 Evacuation Pause) 421M->321M(512M) 17.850ms
[2025-10-30T16:59:28.758+0000][gc,cpu        ] GC(114) User=0.03s Sys=0.00s Real=0.01s
[2025-10-30T17:01:45.705+0000][gc,start      ] GC(115) Pause Young (Normal) (G1 Evacuation Pause)
[2025-10-30T17:01:45.705+0000][gc,task       ] GC(115) Using 2 workers of 2 for evacuation
[2025-10-30T17:01:45.737+0000][gc,mmu        ] GC(115) MMU target violated: 21.0ms (20.0ms/21.0ms)
[2025-10-30T17:01:45.737+0000][gc,phases     ] GC(115)   Pre Evacuate Collection Set: 0.0ms
[2025-10-30T17:01:45.738+0000][gc,phases     ] GC(115)   Evacuate Collection Set: 30.3ms
[2025-10-30T17:01:45.738+0000][gc,phases     ] GC(115)   Post Evacuate Collection Set: 0.8ms
[2025-10-30T17:01:45.738+0000][gc,phases     ] GC(115)   Other: 1.6ms
[2025-10-30T17:01:45.738+0000][gc,heap       ] GC(115) Eden regions: 96->0(59)
[2025-10-30T17:01:45.738+0000][gc,heap       ] GC(115) Survivor regions: 11->12(14)
[2025-10-30T17:01:45.739+0000][gc,heap       ] GC(115) Old regions: 164->171
[2025-10-30T17:01:45.739+0000][gc,heap       ] GC(115) Humongous regions: 147->147
[2025-10-30T17:01:45.739+0000][gc,metaspace  ] GC(115) Metaspace: 51840K(55472K)->51840K(55472K) NonClass: 46045K(48048K)->46045K(48048K) Class: 5794K(7424K)->5794K(7424K)
[2025-10-30T17:01:45.739+0000][gc            ] GC(115) Pause Young (Normal) (G1 Evacuation Pause) 417M->328M(512M) 34.479ms
[2025-10-30T17:01:45.739+0000][gc,cpu        ] GC(115) User=0.06s Sys=0.00s Real=0.03s
[2025-10-30T17:02:34.076+0000][gc,start      ] GC(116) Pause Young (Normal) (G1 Evacuation Pause)
[2025-10-30T17:02:34.077+0000][gc,task       ] GC(116) Using 2 workers of 2 for evacuation
[2025-10-30T17:02:34.097+0000][gc,mmu        ] GC(116) MMU target violated: 20.2ms (20.0ms/21.0ms)
[2025-10-30T17:02:34.097+0000][gc,phases     ] GC(116)   Pre Evacuate Collection Set: 0.0ms
[2025-10-30T17:02:34.097+0000][gc,phases     ] GC(116)   Evacuate Collection Set: 19.3ms
[2025-10-30T17:02:34.098+0000][gc,phases     ] GC(116)   Post Evacuate Collection Set: 0.7ms
[2025-10-30T17:02:34.098+0000][gc,phases     ] GC(116)   Other: 0.8ms
[2025-10-30T17:02:34.098+0000][gc,heap       ] GC(116) Eden regions: 24->0(76)
[2025-10-30T17:02:34.099+0000][gc,heap       ] GC(116) Survivor regions: 12->2(5)
[2025-10-30T17:02:34.099+0000][gc,heap       ] GC(116) Old regions: 171->181
[2025-10-30T17:02:34.099+0000][gc,heap       ] GC(116) Humongous regions: 147->147
[2025-10-30T17:02:34.100+0000][gc,metaspace  ] GC(116) Metaspace: 51898K(55728K)->51898K(55728K) NonClass: 46087K(48304K)->46087K(48304K) Class: 5810K(7424K)->5810K(7424K)
[2025-10-30T17:02:34.100+0000][gc            ] GC(116) Pause Young (Normal) (G1 Evacuation Pause) 352M->329M(512M) 23.251ms
[2025-10-30T17:02:34.100+0000][gc,cpu        ] GC(116) User=0.04s Sys=0.00s Real=0.02s
[2025-10-30T17:04:52.777+0000][gc,start      ] GC(117) Pause Young (Normal) (G1 Evacuation Pause)
[2025-10-30T17:04:52.778+0000][gc,task       ] GC(117) Using 2 workers of 2 for evacuation
[2025-10-30T17:04:52.794+0000][gc,phases     ] GC(117)   Pre Evacuate Collection Set: 0.0ms
[2025-10-30T17:04:52.794+0000][gc,phases     ] GC(117)   Evacuate Collection Set: 13.8ms
[2025-10-30T17:04:52.794+0000][gc,phases     ] GC(117)   Post Evacuate Collection Set: 1.2ms
[2025-10-30T17:04:52.794+0000][gc,phases     ] GC(117)   Other: 1.3ms
[2025-10-30T17:04:52.795+0000][gc,heap       ] GC(117) Eden regions: 74->0(46)
[2025-10-30T17:04:52.795+0000][gc,heap       ] GC(117) Survivor regions: 2->6(10)
[2025-10-30T17:04:52.795+0000][gc,heap       ] GC(117) Old regions: 181->181
[2025-10-30T17:04:52.795+0000][gc,heap       ] GC(117) Humongous regions: 147->147
[2025-10-30T17:04:52.796+0000][gc,metaspace  ] GC(117) Metaspace: 51898K(55728K)->51898K(55728K) NonClass: 46087K(48304K)->46087K(48304K) Class: 5810K(7424K)->5810K(7424K)
[2025-10-30T17:04:52.796+0000][gc            ] GC(117) Pause Young (Normal) (G1 Evacuation Pause) 403M->333M(512M) 18.754ms
[2025-10-30T17:04:52.796+0000][gc,cpu        ] GC(117) User=0.03s Sys=0.00s Real=0.02s
[2025-10-30T17:06:19.067+0000][gc,start      ] GC(118) Pause Young (Normal) (G1 Evacuation Pause)
[2025-10-30T17:06:19.067+0000][gc,task       ] GC(118) Using 2 workers of 2 for evacuation
[2025-10-30T17:06:19.081+0000][gc,phases     ] GC(118)   Pre Evacuate Collection Set: 0.0ms
[2025-10-30T17:06:19.082+0000][gc,phases     ] GC(118)   Evacuate Collection Set: 12.8ms
[2025-10-30T17:06:19.082+0000][gc,phases     ] GC(118)   Post Evacuate Collection Set: 1.1ms
[2025-10-30T17:06:19.082+0000][gc,phases     ] GC(118)   Other: 0.7ms
[2025-10-30T17:06:19.082+0000][gc,heap       ] GC(118) Eden regions: 46->0(60)
[2025-10-30T17:06:19.083+0000][gc,heap       ] GC(118) Survivor regions: 6->4(7)
[2025-10-30T17:06:19.083+0000][gc,heap       ] GC(118) Old regions: 181->185
[2025-10-30T17:06:19.083+0000][gc,heap       ] GC(118) Humongous regions: 147->147
[2025-10-30T17:06:19.083+0000][gc,metaspace  ] GC(118) Metaspace: 51902K(55728K)->51902K(55728K) NonClass: 46091K(48304K)->46091K(48304K) Class: 5810K(7424K)->5810K(7424K)
[2025-10-30T17:06:19.084+0000][gc            ] GC(118) Pause Young (Normal) (G1 Evacuation Pause) 379M->334M(512M) 16.726ms
[2025-10-30T17:06:19.084+0000][gc,cpu        ] GC(118) User=0.02s Sys=0.00s Real=0.02s
[2025-10-30T17:07:50.446+0000][gc,start      ] GC(119) Pause Young (Normal) (G1 Evacuation Pause)
[2025-10-30T17:07:50.446+0000][gc,task       ] GC(119) Using 2 workers of 2 for evacuation
[2025-10-30T17:07:50.459+0000][gc,phases     ] GC(119)   Pre Evacuate Collection Set: 0.0ms
[2025-10-30T17:07:50.459+0000][gc,phases     ] GC(119)   Evacuate Collection Set: 12.0ms
[2025-10-30T17:07:50.460+0000][gc,phases     ] GC(119)   Post Evacuate Collection Set: 0.8ms
[2025-10-30T17:07:50.460+0000][gc,phases     ] GC(119)   Other: 0.6ms
[2025-10-30T17:07:50.460+0000][gc,heap       ] GC(119) Eden regions: 53->0(60)
[2025-10-30T17:07:50.460+0000][gc,heap       ] GC(119) Survivor regions: 4->5(8)
[2025-10-30T17:07:50.460+0000][gc,heap       ] GC(119) Old regions: 185->185
[2025-10-30T17:07:50.461+0000][gc,heap       ] GC(119) Humongous regions: 147->147
[2025-10-30T17:07:50.461+0000][gc,metaspace  ] GC(119) Metaspace: 51915K(55728K)->51915K(55728K) NonClass: 46104K(48304K)->46104K(48304K) Class: 5810K(7424K)->5810K(7424K)
[2025-10-30T17:07:50.461+0000][gc            ] GC(119) Pause Young (Normal) (G1 Evacuation Pause) 387M->336M(512M) 15.361ms
[2025-10-30T17:07:50.461+0000][gc,cpu        ] GC(119) User=0.02s Sys=0.00s Real=0.01s
[2025-10-30T17:09:18.299+0000][gc,start      ] GC(120) Pause Young (Normal) (G1 Evacuation Pause)
[2025-10-30T17:09:18.300+0000][gc,task       ] GC(120) Using 2 workers of 2 for evacuation
[2025-10-30T17:09:18.315+0000][gc,phases     ] GC(120)   Pre Evacuate Collection Set: 0.0ms
[2025-10-30T17:09:18.315+0000][gc,phases     ] GC(120)   Evacuate Collection Set: 14.0ms
[2025-10-30T17:09:18.315+0000][gc,phases     ] GC(120)   Post Evacuate Collection Set: 0.8ms
[2025-10-30T17:09:18.316+0000][gc,phases     ] GC(120)   Other: 0.7ms
[2025-10-30T17:09:18.316+0000][gc,heap       ] GC(120) Eden regions: 60->0(58)
[2025-10-30T17:09:18.316+0000][gc,heap       ] GC(120) Survivor regions: 5->8(9)
[2025-10-30T17:09:18.316+0000][gc,heap       ] GC(120) Old regions: 185->185
[2025-10-30T17:09:18.316+0000][gc,heap       ] GC(120) Humongous regions: 147->147
[2025-10-30T17:09:18.316+0000][gc,metaspace  ] GC(120) Metaspace: 51933K(55728K)->51933K(55728K) NonClass: 46123K(48304K)->46123K(48304K) Class: 5810K(7424K)->5810K(7424K)
[2025-10-30T17:09:18.317+0000][gc            ] GC(120) Pause Young (Normal) (G1 Evacuation Pause) 396M->339M(512M) 17.114ms
[2025-10-30T17:09:18.317+0000][gc,cpu        ] GC(120) User=0.03s Sys=0.00s Real=0.02s
[2025-10-30T17:10:50.806+0000][gc,start      ] GC(121) Pause Young (Normal) (G1 Evacuation Pause)
[2025-10-30T17:10:50.807+0000][gc,task       ] GC(121) Using 2 workers of 2 for evacuation
[2025-10-30T17:10:50.819+0000][gc,phases     ] GC(121)   Pre Evacuate Collection Set: 0.0ms
[2025-10-30T17:10:50.820+0000][gc,phases     ] GC(121)   Evacuate Collection Set: 12.1ms
[2025-10-30T17:10:50.820+0000][gc,phases     ] GC(121)   Post Evacuate Collection Set: 0.6ms
[2025-10-30T17:10:50.820+0000][gc,phases     ] GC(121)   Other: 1.0ms
[2025-10-30T17:10:50.820+0000][gc,heap       ] GC(121) Eden regions: 58->0(67)
[2025-10-30T17:10:50.820+0000][gc,heap       ] GC(121) Survivor regions: 8->6(9)
[2025-10-30T17:10:50.820+0000][gc,heap       ] GC(121) Old regions: 185->189
[2025-10-30T17:10:50.820+0000][gc,heap       ] GC(121) Humongous regions: 147->147
[2025-10-30T17:10:50.820+0000][gc,metaspace  ] GC(121) Metaspace: 51933K(55728K)->51933K(55728K) NonClass: 46123K(48304K)->46123K(48304K) Class: 5810K(7424K)->5810K(7424K)
[2025-10-30T17:10:50.821+0000][gc            ] GC(121) Pause Young (Normal) (G1 Evacuation Pause) 397M->341M(512M) 14.753ms
[2025-10-30T17:10:50.821+0000][gc,cpu        ] GC(121) User=0.03s Sys=0.00s Real=0.01s
[2025-10-30T17:12:24.426+0000][gc,start      ] GC(122) Pause Young (Normal) (G1 Evacuation Pause)
[2025-10-30T17:12:24.427+0000][gc,task       ] GC(122) Using 2 workers of 2 for evacuation
[2025-10-30T17:12:24.452+0000][gc,mmu        ] GC(122) MMU target violated: 21.0ms (20.0ms/21.0ms)
[2025-10-30T17:12:24.453+0000][gc,phases     ] GC(122)   Pre Evacuate Collection Set: 0.0ms
[2025-10-30T17:12:24.454+0000][gc,phases     ] GC(122)   Evacuate Collection Set: 23.4ms
[2025-10-30T17:12:24.454+0000][gc,phases     ] GC(122)   Post Evacuate Collection Set: 1.8ms
[2025-10-30T17:12:24.454+0000][gc,phases     ] GC(122)   Other: 1.9ms
[2025-10-30T17:12:24.455+0000][gc,heap       ] GC(122) Eden regions: 67->0(52)
[2025-10-30T17:12:24.455+0000][gc,heap       ] GC(122) Survivor regions: 6->6(10)
[2025-10-30T17:12:24.456+0000][gc,heap       ] GC(122) Old regions: 189->191
[2025-10-30T17:12:24.456+0000][gc,heap       ] GC(122) Humongous regions: 147->147
[2025-10-30T17:12:24.456+0000][gc,metaspace  ] GC(122) Metaspace: 51933K(55728K)->51933K(55728K) NonClass: 46123K(48304K)->46123K(48304K) Class: 5810K(7424K)->5810K(7424K)
[2025-10-30T17:12:24.457+0000][gc            ] GC(122) Pause Young (Normal) (G1 Evacuation Pause) 408M->342M(512M) 30.543ms
[2025-10-30T17:12:24.457+0000][gc,cpu        ] GC(122) User=0.05s Sys=0.00s Real=0.03s
[2025-10-30T17:13:25.562+0000][gc,start      ] GC(123) Pause Young (Normal) (G1 Evacuation Pause)
[2025-10-30T17:13:25.562+0000][gc,task       ] GC(123) Using 2 workers of 2 for evacuation
[2025-10-30T17:13:25.579+0000][gc,phases     ] GC(123)   Pre Evacuate Collection Set: 0.0ms
[2025-10-30T17:13:25.580+0000][gc,phases     ] GC(123)   Evacuate Collection Set: 15.6ms
[2025-10-30T17:13:25.580+0000][gc,phases     ] GC(123)   Post Evacuate Collection Set: 1.4ms
[2025-10-30T17:13:25.581+0000][gc,phases     ] GC(123)   Other: 0.9ms
[2025-10-30T17:13:25.581+0000][gc,heap       ] GC(123) Eden regions: 37->0(53)
[2025-10-30T17:13:25.581+0000][gc,heap       ] GC(123) Survivor regions: 6->3(6)
[2025-10-30T17:13:25.582+0000][gc,heap       ] GC(123) Old regions: 191->196
[2025-10-30T17:13:25.582+0000][gc,heap       ] GC(123) Humongous regions: 147->147
[2025-10-30T17:13:25.582+0000][gc,metaspace  ] GC(123) Metaspace: 51933K(55728K)->51933K(55728K) NonClass: 46123K(48304K)->46123K(48304K) Class: 5810K(7424K)->5810K(7424K)
[2025-10-30T17:13:25.582+0000][gc            ] GC(123) Pause Young (Normal) (G1 Evacuation Pause) 379M->345M(512M) 20.615ms
[2025-10-30T17:13:25.582+0000][gc,cpu        ] GC(123) User=0.03s Sys=0.00s Real=0.02s
[2025-10-30T17:14:35.109+0000][gc,start      ] GC(124) Pause Young (Normal) (G1 Evacuation Pause)
[2025-10-30T17:14:35.110+0000][gc,task       ] GC(124) Using 2 workers of 2 for evacuation
[2025-10-30T17:14:35.125+0000][gc,phases     ] GC(124)   Pre Evacuate Collection Set: 0.0ms
[2025-10-30T17:14:35.125+0000][gc,phases     ] GC(124)   Evacuate Collection Set: 13.6ms
[2025-10-30T17:14:35.125+0000][gc,phases     ] GC(124)   Post Evacuate Collection Set: 0.9ms
[2025-10-30T17:14:35.125+0000][gc,phases     ] GC(124)   Other: 0.9ms
[2025-10-30T17:14:35.126+0000][gc,heap       ] GC(124) Eden regions: 43->0(47)
[2025-10-30T17:14:35.126+0000][gc,heap       ] GC(124) Survivor regions: 3->4(6)
[2025-10-30T17:14:35.126+0000][gc,heap       ] GC(124) Old regions: 196->196
[2025-10-30T17:14:35.127+0000][gc,heap       ] GC(124) Humongous regions: 147->147
[2025-10-30T17:14:35.127+0000][gc,metaspace  ] GC(124) Metaspace: 51935K(55728K)->51935K(55728K) NonClass: 46124K(48304K)->46124K(48304K) Class: 5810K(7424K)->5810K(7424K)
[2025-10-30T17:14:35.127+0000][gc            ] GC(124) Pause Young (Normal) (G1 Evacuation Pause) 388M->346M(512M) 17.921ms
[2025-10-30T17:14:35.127+0000][gc,cpu        ] GC(124) User=0.03s Sys=0.00s Real=0.02s
[2025-10-30T17:15:49.224+0000][gc,start      ] GC(125) Pause Young (Normal) (G1 Evacuation Pause)
[2025-10-30T17:15:49.224+0000][gc,task       ] GC(125) Using 2 workers of 2 for evacuation
[2025-10-30T17:15:49.242+0000][gc,phases     ] GC(125)   Pre Evacuate Collection Set: 0.0ms
[2025-10-30T17:15:49.242+0000][gc,phases     ] GC(125)   Evacuate Collection Set: 14.5ms
[2025-10-30T17:15:49.243+0000][gc,phases     ] GC(125)   Post Evacuate Collection Set: 2.9ms
[2025-10-30T17:15:49.243+0000][gc,phases     ] GC(125)   Other: 0.8ms
[2025-10-30T17:15:49.243+0000][gc,heap       ] GC(125) Eden regions: 38->0(42)
[2025-10-30T17:15:49.244+0000][gc,heap       ] GC(125) Survivor regions: 4->4(6)
[2025-10-30T17:15:49.244+0000][gc,heap       ] GC(125) Old regions: 196->197
[2025-10-30T17:15:49.244+0000][gc,heap       ] GC(125) Humongous regions: 147->147
[2025-10-30T17:15:49.244+0000][gc,metaspace  ] GC(125) Metaspace: 51935K(55728K)->51935K(55728K) NonClass: 46124K(48304K)->46124K(48304K) Class: 5810K(7424K)->5810K(7424K)
[2025-10-30T17:15:49.245+0000][gc            ] GC(125) Pause Young (Normal) (G1 Evacuation Pause) 384M->347M(512M) 20.604ms
[2025-10-30T17:15:49.245+0000][gc,cpu        ] GC(125) User=0.03s Sys=0.00s Real=0.02s
[2025-10-30T17:16:48.242+0000][gc,start      ] GC(126) Pause Young (Normal) (G1 Evacuation Pause)
[2025-10-30T17:16:48.242+0000][gc,task       ] GC(126) Using 2 workers of 2 for evacuation
[2025-10-30T17:16:48.257+0000][gc,phases     ] GC(126)   Pre Evacuate Collection Set: 0.2ms
[2025-10-30T17:16:48.257+0000][gc,phases     ] GC(126)   Evacuate Collection Set: 12.6ms
[2025-10-30T17:16:48.258+0000][gc,phases     ] GC(126)   Post Evacuate Collection Set: 1.0ms
[2025-10-30T17:16:48.258+0000][gc,phases     ] GC(126)   Other: 0.8ms
[2025-10-30T17:16:48.259+0000][gc,heap       ] GC(126) Eden regions: 34->0(44)
[2025-10-30T17:16:48.260+0000][gc,heap       ] GC(126) Survivor regions: 4->5(5)
[2025-10-30T17:16:48.260+0000][gc,heap       ] GC(126) Old regions: 197->199
[2025-10-30T17:16:48.261+0000][gc,heap       ] GC(126) Humongous regions: 147->147
[2025-10-30T17:16:48.261+0000][gc,metaspace  ] GC(126) Metaspace: 51937K(55728K)->51937K(55728K) NonClass: 46126K(48304K)->46126K(48304K) Class: 5810K(7424K)->5810K(7424K)
[2025-10-30T17:16:48.262+0000][gc            ] GC(126) Pause Young (Normal) (G1 Evacuation Pause) 381M->349M(512M) 20.466ms
[2025-10-30T17:16:48.263+0000][gc,cpu        ] GC(126) User=0.03s Sys=0.00s Real=0.02s
[2025-10-30T17:17:52.859+0000][gc,start      ] GC(127) Pause Young (Normal) (G1 Evacuation Pause)
[2025-10-30T17:17:52.859+0000][gc,task       ] GC(127) Using 2 workers of 2 for evacuation
[2025-10-30T17:17:52.875+0000][gc,phases     ] GC(127)   Pre Evacuate Collection Set: 0.0ms
[2025-10-30T17:17:52.875+0000][gc,phases     ] GC(127)   Evacuate Collection Set: 13.4ms
[2025-10-30T17:17:52.875+0000][gc,phases     ] GC(127)   Post Evacuate Collection Set: 0.9ms
[2025-10-30T17:17:52.875+0000][gc,phases     ] GC(127)   Other: 1.3ms
[2025-10-30T17:17:52.876+0000][gc,heap       ] GC(127) Eden regions: 37->0(47)
[2025-10-30T17:17:52.876+0000][gc,heap       ] GC(127) Survivor regions: 5->3(6)
[2025-10-30T17:17:52.876+0000][gc,heap       ] GC(127) Old regions: 199->200
[2025-10-30T17:17:52.876+0000][gc,heap       ] GC(127) Humongous regions: 147->147
[2025-10-30T17:17:52.876+0000][gc,metaspace  ] GC(127) Metaspace: 51937K(55728K)->51937K(55728K) NonClass: 46126K(48304K)->46126K(48304K) Class: 5810K(7424K)->5810K(7424K)
[2025-10-30T17:17:52.877+0000][gc            ] GC(127) Pause Young (Normal) (G1 Evacuation Pause) 386M->349M(512M) 17.828ms
[2025-10-30T17:17:52.877+0000][gc,cpu        ] GC(127) User=0.03s Sys=0.00s Real=0.02s
[2025-10-30T17:19:14.349+0000][gc,start      ] GC(128) Pause Young (Normal) (G1 Evacuation Pause)
[2025-10-30T17:19:14.350+0000][gc,task       ] GC(128) Using 2 workers of 2 for evacuation
[2025-10-30T17:19:14.377+0000][gc,mmu        ] GC(128) MMU target violated: 21.0ms (20.0ms/21.0ms)
[2025-10-30T17:19:14.377+0000][gc,phases     ] GC(128)   Pre Evacuate Collection Set: 0.0ms
[2025-10-30T17:19:14.378+0000][gc,phases     ] GC(128)   Evacuate Collection Set: 23.9ms
[2025-10-30T17:19:14.378+0000][gc,phases     ] GC(128)   Post Evacuate Collection Set: 2.6ms
[2025-10-30T17:19:14.380+0000][gc,phases     ] GC(128)   Other: 2.3ms
[2025-10-30T17:19:14.380+0000][gc,heap       ] GC(128) Eden regions: 40->0(31)
[2025-10-30T17:19:14.382+0000][gc,heap       ] GC(128) Survivor regions: 3->6(6)
[2025-10-30T17:19:14.382+0000][gc,heap       ] GC(128) Old regions: 200->200
[2025-10-30T17:19:14.383+0000][gc,heap       ] GC(128) Humongous regions: 147->147
[2025-10-30T17:19:14.383+0000][gc,metaspace  ] GC(128) Metaspace: 51937K(55728K)->51937K(55728K) NonClass: 46126K(48304K)->46126K(48304K) Class: 5810K(7424K)->5810K(7424K)
[2025-10-30T17:19:14.384+0000][gc            ] GC(128) Pause Young (Normal) (G1 Evacuation Pause) 389M->352M(512M) 35.013ms
[2025-10-30T17:19:14.385+0000][gc,cpu        ] GC(128) User=0.05s Sys=0.00s Real=0.04s
[2025-10-30T17:20:07.868+0000][gc,start      ] GC(129) Pause Young (Normal) (G1 Evacuation Pause)
[2025-10-30T17:20:07.869+0000][gc,task       ] GC(129) Using 2 workers of 2 for evacuation
[2025-10-30T17:20:07.887+0000][gc,phases     ] GC(129)   Pre Evacuate Collection Set: 0.0ms
[2025-10-30T17:20:07.887+0000][gc,phases     ] GC(129)   Evacuate Collection Set: 16.8ms
[2025-10-30T17:20:07.888+0000][gc,phases     ] GC(129)   Post Evacuate Collection Set: 0.9ms
[2025-10-30T17:20:07.888+0000][gc,phases     ] GC(129)   Other: 0.8ms
[2025-10-30T17:20:07.889+0000][gc,heap       ] GC(129) Eden regions: 31->0(37)
[2025-10-30T17:20:07.889+0000][gc,heap       ] GC(129) Survivor regions: 6->2(5)
[2025-10-30T17:20:07.889+0000][gc,heap       ] GC(129) Old regions: 200->205
[2025-10-30T17:20:07.890+0000][gc,heap       ] GC(129) Humongous regions: 147->147
[2025-10-30T17:20:07.890+0000][gc,metaspace  ] GC(129) Metaspace: 51937K(55728K)->51937K(55728K) NonClass: 46126K(48304K)->46126K(48304K) Class: 5810K(7424K)->5810K(7424K)
[2025-10-30T17:20:07.891+0000][gc            ] GC(129) Pause Young (Normal) (G1 Evacuation Pause) 383M->353M(512M) 21.996ms
[2025-10-30T17:20:07.891+0000][gc,cpu        ] GC(129) User=0.04s Sys=0.00s Real=0.02s
[2025-10-30T17:21:02.589+0000][gc,start      ] GC(130) Pause Young (Normal) (G1 Evacuation Pause)
[2025-10-30T17:21:02.589+0000][gc,task       ] GC(130) Using 2 workers of 2 for evacuation
[2025-10-30T17:21:02.597+0000][gc,phases     ] GC(130)   Pre Evacuate Collection Set: 0.0ms
[2025-10-30T17:21:02.597+0000][gc,phases     ] GC(130)   Evacuate Collection Set: 6.8ms
[2025-10-30T17:21:02.597+0000][gc,phases     ] GC(130)   Post Evacuate Collection Set: 0.5ms
[2025-10-30T17:21:02.597+0000][gc,phases     ] GC(130)   Other: 0.6ms
[2025-10-30T17:21:02.597+0000][gc,heap       ] GC(130) Eden regions: 30->0(36)
[2025-10-30T17:21:02.597+0000][gc,heap       ] GC(130) Survivor regions: 2->4(4)
[2025-10-30T17:21:02.598+0000][gc,heap       ] GC(130) Old regions: 205->205
[2025-10-30T17:21:02.598+0000][gc,heap       ] GC(130) Humongous regions: 147->147
[2025-10-30T17:21:02.598+0000][gc,metaspace  ] GC(130) Metaspace: 51937K(55728K)->51937K(55728K) NonClass: 46126K(48304K)->46126K(48304K) Class: 5810K(7424K)->5810K(7424K)
[2025-10-30T17:21:02.598+0000][gc            ] GC(130) Pause Young (Normal) (G1 Evacuation Pause) 383M->354M(512M) 9.320ms
[2025-10-30T17:21:02.598+0000][gc,cpu        ] GC(130) User=0.02s Sys=0.00s Real=0.01s
[2025-10-30T17:21:56.627+0000][gc,start      ] GC(131) Pause Young (Normal) (G1 Evacuation Pause)
[2025-10-30T17:21:56.628+0000][gc,task       ] GC(131) Using 2 workers of 2 for evacuation
[2025-10-30T17:21:56.636+0000][gc,phases     ] GC(131)   Pre Evacuate Collection Set: 0.0ms
[2025-10-30T17:21:56.636+0000][gc,phases     ] GC(131)   Evacuate Collection Set: 7.5ms
[2025-10-30T17:21:56.636+0000][gc,phases     ] GC(131)   Post Evacuate Collection Set: 0.5ms
[2025-10-30T17:21:56.636+0000][gc,phases     ] GC(131)   Other: 0.5ms
[2025-10-30T17:21:56.637+0000][gc,heap       ] GC(131) Eden regions: 36->0(41)
[2025-10-30T17:21:56.637+0000][gc,heap       ] GC(131) Survivor regions: 4->3(5)
[2025-10-30T17:21:56.637+0000][gc,heap       ] GC(131) Old regions: 205->206
[2025-10-30T17:21:56.637+0000][gc,heap       ] GC(131) Humongous regions: 147->147
[2025-10-30T17:21:56.637+0000][gc,metaspace  ] GC(131) Metaspace: 51937K(55728K)->51937K(55728K) NonClass: 46126K(48304K)->46126K(48304K) Class: 5810K(7424K)->5810K(7424K)
[2025-10-30T17:21:56.637+0000][gc            ] GC(131) Pause Young (Normal) (G1 Evacuation Pause) 390M->354M(512M) 9.623ms
[2025-10-30T17:21:56.637+0000][gc,cpu        ] GC(131) User=0.02s Sys=0.00s Real=0.01s
[2025-10-30T17:22:57.078+0000][gc,start      ] GC(132) Pause Young (Normal) (G1 Evacuation Pause)
[2025-10-30T17:22:57.079+0000][gc,task       ] GC(132) Using 2 workers of 2 for evacuation
[2025-10-30T17:22:57.093+0000][gc,phases     ] GC(132)   Pre Evacuate Collection Set: 0.0ms
[2025-10-30T17:22:57.093+0000][gc,phases     ] GC(132)   Evacuate Collection Set: 12.2ms
[2025-10-30T17:22:57.093+0000][gc,phases     ] GC(132)   Post Evacuate Collection Set: 1.0ms
[2025-10-30T17:22:57.094+0000][gc,phases     ] GC(132)   Other: 0.9ms
[2025-10-30T17:22:57.094+0000][gc,heap       ] GC(132) Eden regions: 41->0(41)
[2025-10-30T17:22:57.094+0000][gc,heap       ] GC(132) Survivor regions: 3->5(6)
[2025-10-30T17:22:57.095+0000][gc,heap       ] GC(132) Old regions: 206->206
[2025-10-30T17:22:57.095+0000][gc,heap       ] GC(132) Humongous regions: 147->147
[2025-10-30T17:22:57.095+0000][gc,metaspace  ] GC(132) Metaspace: 51938K(55728K)->51938K(55728K) NonClass: 46127K(48304K)->46127K(48304K) Class: 5810K(7424K)->5810K(7424K)
[2025-10-30T17:22:57.095+0000][gc            ] GC(132) Pause Young (Normal) (G1 Evacuation Pause) 395M->357M(512M) 16.952ms
[2025-10-30T17:22:57.096+0000][gc,cpu        ] GC(132) User=0.03s Sys=0.00s Real=0.02s
[2025-10-30T17:24:05.514+0000][gc,start      ] GC(133) Pause Young (Normal) (G1 Evacuation Pause)
[2025-10-30T17:24:05.515+0000][gc,task       ] GC(133) Using 2 workers of 2 for evacuation
[2025-10-30T17:24:05.531+0000][gc,phases     ] GC(133)   Pre Evacuate Collection Set: 0.0ms
[2025-10-30T17:24:05.531+0000][gc,phases     ] GC(133)   Evacuate Collection Set: 14.4ms
[2025-10-30T17:24:05.531+0000][gc,phases     ] GC(133)   Post Evacuate Collection Set: 0.9ms
[2025-10-30T17:24:05.531+0000][gc,phases     ] GC(133)   Other: 1.0ms
[2025-10-30T17:24:05.532+0000][gc,heap       ] GC(133) Eden regions: 41->0(43)
[2025-10-30T17:24:05.532+0000][gc,heap       ] GC(133) Survivor regions: 5->4(6)
[2025-10-30T17:24:05.532+0000][gc,heap       ] GC(133) Old regions: 206->208
[2025-10-30T17:24:05.532+0000][gc,heap       ] GC(133) Humongous regions: 147->147
[2025-10-30T17:24:05.532+0000][gc,metaspace  ] GC(133) Metaspace: 51940K(55728K)->51940K(55728K) NonClass: 46129K(48304K)->46129K(48304K) Class: 5810K(7424K)->5810K(7424K)
[2025-10-30T17:24:05.533+0000][gc            ] GC(133) Pause Young (Normal) (G1 Evacuation Pause) 398M->358M(512M) 18.613ms
[2025-10-30T17:24:05.533+0000][gc,cpu        ] GC(133) User=0.03s Sys=0.00s Real=0.02s
[2025-10-30T17:25:29.749+0000][gc,start      ] GC(134) Pause Young (Normal) (G1 Evacuation Pause)
[2025-10-30T17:25:29.750+0000][gc,task       ] GC(134) Using 2 workers of 2 for evacuation
[2025-10-30T17:25:29.767+0000][gc,phases     ] GC(134)   Pre Evacuate Collection Set: 0.0ms
[2025-10-30T17:25:29.767+0000][gc,phases     ] GC(134)   Evacuate Collection Set: 15.2ms
[2025-10-30T17:25:29.768+0000][gc,phases     ] GC(134)   Post Evacuate Collection Set: 1.1ms
[2025-10-30T17:25:29.768+0000][gc,phases     ] GC(134)   Other: 1.3ms
[2025-10-30T17:25:29.768+0000][gc,heap       ] GC(134) Eden regions: 43->0(42)
[2025-10-30T17:25:29.768+0000][gc,heap       ] GC(134) Survivor regions: 4->6(6)
[2025-10-30T17:25:29.769+0000][gc,heap       ] GC(134) Old regions: 208->208
[2025-10-30T17:25:29.769+0000][gc,heap       ] GC(134) Humongous regions: 147->147
[2025-10-30T17:25:29.769+0000][gc,metaspace  ] GC(134) Metaspace: 51940K(55728K)->51940K(55728K) NonClass: 46129K(48304K)->46129K(48304K) Class: 5810K(7424K)->5810K(7424K)
[2025-10-30T17:25:29.769+0000][gc            ] GC(134) Pause Young (Normal) (G1 Evacuation Pause) 401M->360M(512M) 19.942ms
[2025-10-30T17:25:29.770+0000][gc,cpu        ] GC(134) User=0.04s Sys=0.00s Real=0.02s
[2025-10-30T17:26:37.993+0000][gc,start      ] GC(135) Pause Young (Normal) (G1 Evacuation Pause)
[2025-10-30T17:26:37.994+0000][gc,task       ] GC(135) Using 2 workers of 2 for evacuation
[2025-10-30T17:26:38.008+0000][gc,phases     ] GC(135)   Pre Evacuate Collection Set: 0.0ms
[2025-10-30T17:26:38.008+0000][gc,phases     ] GC(135)   Evacuate Collection Set: 12.5ms
[2025-10-30T17:26:38.008+0000][gc,phases     ] GC(135)   Post Evacuate Collection Set: 0.8ms
[2025-10-30T17:26:38.008+0000][gc,phases     ] GC(135)   Other: 0.9ms
[2025-10-30T17:26:38.009+0000][gc,heap       ] GC(135) Eden regions: 42->0(46)
[2025-10-30T17:26:38.009+0000][gc,heap       ] GC(135) Survivor regions: 6->3(6)
[2025-10-30T17:26:38.009+0000][gc,heap       ] GC(135) Old regions: 208->213
[2025-10-30T17:26:38.009+0000][gc,heap       ] GC(135) Humongous regions: 147->147
[2025-10-30T17:26:38.009+0000][gc,metaspace  ] GC(135) Metaspace: 51940K(55728K)->51940K(55728K) NonClass: 46129K(48304K)->46129K(48304K) Class: 5810K(7424K)->5810K(7424K)
[2025-10-30T17:26:38.010+0000][gc            ] GC(135) Pause Young (Normal) (G1 Evacuation Pause) 402M->361M(512M) 16.069ms
[2025-10-30T17:26:38.010+0000][gc,cpu        ] GC(135) User=0.03s Sys=0.00s Real=0.01s
[2025-10-30T17:27:55.163+0000][gc,start      ] GC(136) Pause Young (Normal) (G1 Evacuation Pause)
[2025-10-30T17:27:55.163+0000][gc,task       ] GC(136) Using 2 workers of 2 for evacuation
[2025-10-30T17:27:55.175+0000][gc,phases     ] GC(136)   Pre Evacuate Collection Set: 0.0ms
[2025-10-30T17:27:55.175+0000][gc,phases     ] GC(136)   Evacuate Collection Set: 10.0ms
[2025-10-30T17:27:55.175+0000][gc,phases     ] GC(136)   Post Evacuate Collection Set: 0.8ms
[2025-10-30T17:27:55.175+0000][gc,phases     ] GC(136)   Other: 1.2ms
[2025-10-30T17:27:55.176+0000][gc,heap       ] GC(136) Eden regions: 46->0(46)
[2025-10-30T17:27:55.176+0000][gc,heap       ] GC(136) Survivor regions: 3->5(7)
[2025-10-30T17:27:55.176+0000][gc,heap       ] GC(136) Old regions: 213->213
[2025-10-30T17:27:55.176+0000][gc,heap       ] GC(136) Humongous regions: 147->147
[2025-10-30T17:27:55.176+0000][gc,metaspace  ] GC(136) Metaspace: 51940K(55728K)->51940K(55728K) NonClass: 46129K(48304K)->46129K(48304K) Class: 5810K(7424K)->5810K(7424K)
[2025-10-30T17:27:55.176+0000][gc            ] GC(136) Pause Young (Normal) (G1 Evacuation Pause) 407M->364M(512M) 13.925ms
[2025-10-30T17:27:55.177+0000][gc,cpu        ] GC(136) User=0.02s Sys=0.00s Real=0.02s
[2025-10-30T17:29:09.177+0000][gc,start      ] GC(137) Pause Young (Normal) (G1 Evacuation Pause)
[2025-10-30T17:29:09.178+0000][gc,task       ] GC(137) Using 2 workers of 2 for evacuation
[2025-10-30T17:29:09.189+0000][gc,phases     ] GC(137)   Pre Evacuate Collection Set: 0.0ms
[2025-10-30T17:29:09.190+0000][gc,phases     ] GC(137)   Evacuate Collection Set: 10.0ms
[2025-10-30T17:29:09.190+0000][gc,phases     ] GC(137)   Post Evacuate Collection Set: 0.6ms
[2025-10-30T17:29:09.190+0000][gc,phases     ] GC(137)   Other: 1.5ms
[2025-10-30T17:29:09.190+0000][gc,heap       ] GC(137) Eden regions: 46->0(50)
[2025-10-30T17:29:09.190+0000][gc,heap       ] GC(137) Survivor regions: 5->5(7)
[2025-10-30T17:29:09.190+0000][gc,heap       ] GC(137) Old regions: 213->214
[2025-10-30T17:29:09.191+0000][gc,heap       ] GC(137) Humongous regions: 147->147
[2025-10-30T17:29:09.191+0000][gc,metaspace  ] GC(137) Metaspace: 51940K(55728K)->51940K(55728K) NonClass: 46129K(48304K)->46129K(48304K) Class: 5810K(7424K)->5810K(7424K)
[2025-10-30T17:29:09.191+0000][gc            ] GC(137) Pause Young (Normal) (G1 Evacuation Pause) 410M->365M(512M) 13.772ms
[2025-10-30T17:29:09.191+0000][gc,cpu        ] GC(137) User=0.02s Sys=0.00s Real=0.01s
[2025-10-30T17:30:24.466+0000][gc,start      ] GC(138) Pause Young (Normal) (G1 Evacuation Pause)
[2025-10-30T17:30:24.466+0000][gc,task       ] GC(138) Using 2 workers of 2 for evacuation
[2025-10-30T17:30:24.481+0000][gc,phases     ] GC(138)   Pre Evacuate Collection Set: 0.0ms
[2025-10-30T17:30:24.482+0000][gc,phases     ] GC(138)   Evacuate Collection Set: 13.4ms
[2025-10-30T17:30:24.482+0000][gc,phases     ] GC(138)   Post Evacuate Collection Set: 1.0ms
[2025-10-30T17:30:24.482+0000][gc,phases     ] GC(138)   Other: 1.0ms
[2025-10-30T17:30:24.482+0000][gc,heap       ] GC(138) Eden regions: 50->0(51)
[2025-10-30T17:30:24.483+0000][gc,heap       ] GC(138) Survivor regions: 5->4(7)
[2025-10-30T17:30:24.483+0000][gc,heap       ] GC(138) Old regions: 214->216
[2025-10-30T17:30:24.483+0000][gc,heap       ] GC(138) Humongous regions: 147->147
[2025-10-30T17:30:24.484+0000][gc,metaspace  ] GC(138) Metaspace: 51943K(55728K)->51943K(55728K) NonClass: 46132K(48304K)->46132K(48304K) Class: 5810K(7424K)->5810K(7424K)
[2025-10-30T17:30:24.484+0000][gc            ] GC(138) Pause Young (Normal) (G1 Evacuation Pause) 415M->366M(512M) 17.926ms
[2025-10-30T17:30:24.484+0000][gc,cpu        ] GC(138) User=0.02s Sys=0.00s Real=0.01s
[2025-10-30T17:31:40.801+0000][gc,start      ] GC(139) Pause Young (Normal) (G1 Evacuation Pause)
[2025-10-30T17:31:40.801+0000][gc,task       ] GC(139) Using 2 workers of 2 for evacuation
[2025-10-30T17:31:40.812+0000][gc,phases     ] GC(139)   Pre Evacuate Collection Set: 0.0ms
[2025-10-30T17:31:40.812+0000][gc,phases     ] GC(139)   Evacuate Collection Set: 10.2ms
[2025-10-30T17:31:40.812+0000][gc,phases     ] GC(139)   Post Evacuate Collection Set: 0.6ms
[2025-10-30T17:31:40.813+0000][gc,phases     ] GC(139)   Other: 0.6ms
[2025-10-30T17:31:40.813+0000][gc,heap       ] GC(139) Eden regions: 50->0(54)
[2025-10-30T17:31:40.813+0000][gc,heap       ] GC(139) Survivor regions: 4->7(7)
[2025-10-30T17:31:40.813+0000][gc,heap       ] GC(139) Old regions: 216->216
[2025-10-30T17:31:40.813+0000][gc,heap       ] GC(139) Humongous regions: 147->147
[2025-10-30T17:31:40.814+0000][gc,metaspace  ] GC(139) Metaspace: 51943K(55728K)->51943K(55728K) NonClass: 46132K(48304K)->46132K(48304K) Class: 5810K(7424K)->5810K(7424K)
[2025-10-30T17:31:40.814+0000][gc            ] GC(139) Pause Young (Normal) (G1 Evacuation Pause) 416M->369M(512M) 12.943ms
[2025-10-30T17:31:40.814+0000][gc,cpu        ] GC(139) User=0.02s Sys=0.00s Real=0.01s
[2025-10-30T17:32:52.447+0000][gc,start      ] GC(140) Pause Young (Normal) (G1 Evacuation Pause)
[2025-10-30T17:32:52.447+0000][gc,task       ] GC(140) Using 2 workers of 2 for evacuation
[2025-10-30T17:32:52.460+0000][gc,phases     ] GC(140)   Pre Evacuate Collection Set: 0.0ms
[2025-10-30T17:32:52.460+0000][gc,phases     ] GC(140)   Evacuate Collection Set: 11.7ms
[2025-10-30T17:32:52.461+0000][gc,phases     ] GC(140)   Post Evacuate Collection Set: 0.6ms
[2025-10-30T17:32:52.461+0000][gc,phases     ] GC(140)   Other: 0.7ms
[2025-10-30T17:32:52.461+0000][gc,heap       ] GC(140) Eden regions: 54->0(58)
[2025-10-30T17:32:52.461+0000][gc,heap       ] GC(140) Survivor regions: 7->4(8)
[2025-10-30T17:32:52.461+0000][gc,heap       ] GC(140) Old regions: 216->219
[2025-10-30T17:32:52.462+0000][gc,heap       ] GC(140) Humongous regions: 147->147
[2025-10-30T17:32:52.462+0000][gc,metaspace  ] GC(140) Metaspace: 51943K(55728K)->51943K(55728K) NonClass: 46132K(48304K)->46132K(48304K) Class: 5810K(7424K)->5810K(7424K)
[2025-10-30T17:32:52.462+0000][gc            ] GC(140) Pause Young (Normal) (G1 Evacuation Pause) 423M->369M(512M) 14.843ms
[2025-10-30T17:32:52.462+0000][gc,cpu        ] GC(140) User=0.02s Sys=0.00s Real=0.02s
[2025-10-30T17:34:13.786+0000][gc,start      ] GC(141) Pause Young (Normal) (G1 Evacuation Pause)
[2025-10-30T17:34:13.786+0000][gc,task       ] GC(141) Using 2 workers of 2 for evacuation
[2025-10-30T17:34:13.798+0000][gc,phases     ] GC(141)   Pre Evacuate Collection Set: 0.0ms
[2025-10-30T17:34:13.799+0000][gc,phases     ] GC(141)   Evacuate Collection Set: 10.9ms
[2025-10-30T17:34:13.799+0000][gc,phases     ] GC(141)   Post Evacuate Collection Set: 0.8ms
[2025-10-30T17:34:13.799+0000][gc,phases     ] GC(141)   Other: 0.6ms
[2025-10-30T17:34:13.799+0000][gc,heap       ] GC(141) Eden regions: 58->0(60)
[2025-10-30T17:34:13.799+0000][gc,heap       ] GC(141) Survivor regions: 4->8(8)
[2025-10-30T17:34:13.799+0000][gc,heap       ] GC(141) Old regions: 219->219
[2025-10-30T17:34:13.799+0000][gc,heap       ] GC(141) Humongous regions: 147->147
[2025-10-30T17:34:13.800+0000][gc,metaspace  ] GC(141) Metaspace: 51944K(55728K)->51944K(55728K) NonClass: 46133K(48304K)->46133K(48304K) Class: 5810K(7424K)->5810K(7424K)
[2025-10-30T17:34:13.800+0000][gc            ] GC(141) Pause Young (Normal) (G1 Evacuation Pause) 427M->373M(512M) 13.705ms
[2025-10-30T17:34:13.800+0000][gc,cpu        ] GC(141) User=0.02s Sys=0.00s Real=0.02s
[2025-10-30T17:35:22.785+0000][gc,start      ] GC(142) Pause Young (Normal) (G1 Evacuation Pause)
[2025-10-30T17:35:22.786+0000][gc,task       ] GC(142) Using 2 workers of 2 for evacuation
[2025-10-30T17:35:22.801+0000][gc,phases     ] GC(142)   Pre Evacuate Collection Set: 0.0ms
[2025-10-30T17:35:22.801+0000][gc,phases     ] GC(142)   Evacuate Collection Set: 14.4ms
[2025-10-30T17:35:22.802+0000][gc,phases     ] GC(142)   Post Evacuate Collection Set: 0.7ms
[2025-10-30T17:35:22.802+0000][gc,phases     ] GC(142)   Other: 0.8ms
[2025-10-30T17:35:22.802+0000][gc,heap       ] GC(142) Eden regions: 60->0(62)
[2025-10-30T17:35:22.802+0000][gc,heap       ] GC(142) Survivor regions: 8->5(9)
[2025-10-30T17:35:22.802+0000][gc,heap       ] GC(142) Old regions: 219->223
[2025-10-30T17:35:22.803+0000][gc,heap       ] GC(142) Humongous regions: 147->147
[2025-10-30T17:35:22.803+0000][gc,metaspace  ] GC(142) Metaspace: 51946K(55728K)->51946K(55728K) NonClass: 46135K(48304K)->46135K(48304K) Class: 5810K(7424K)->5810K(7424K)
[2025-10-30T17:35:22.803+0000][gc            ] GC(142) Pause Young (Normal) (G1 Evacuation Pause) 433M->374M(512M) 17.549ms
[2025-10-30T17:35:22.803+0000][gc,cpu        ] GC(142) User=0.03s Sys=0.00s Real=0.02s
[2025-10-30T17:36:03.866+0000][gc,start      ] GC(143) Pause Young (Normal) (G1 Evacuation Pause)
[2025-10-30T17:36:03.866+0000][gc,task       ] GC(143) Using 2 workers of 2 for evacuation
[2025-10-30T17:36:03.877+0000][gc,phases     ] GC(143)   Pre Evacuate Collection Set: 0.0ms
[2025-10-30T17:36:03.877+0000][gc,phases     ] GC(143)   Evacuate Collection Set: 10.5ms
[2025-10-30T17:36:03.877+0000][gc,phases     ] GC(143)   Post Evacuate Collection Set: 0.5ms
[2025-10-30T17:36:03.878+0000][gc,phases     ] GC(143)   Other: 0.5ms
[2025-10-30T17:36:03.878+0000][gc,heap       ] GC(143) Eden regions: 62->0(63)
[2025-10-30T17:36:03.878+0000][gc,heap       ] GC(143) Survivor regions: 5->6(9)
[2025-10-30T17:36:03.878+0000][gc,heap       ] GC(143) Old regions: 223->225
[2025-10-30T17:36:03.878+0000][gc,heap       ] GC(143) Humongous regions: 147->147
[2025-10-30T17:36:03.878+0000][gc,metaspace  ] GC(143) Metaspace: 51946K(55728K)->51946K(55728K) NonClass: 46135K(48304K)->46135K(48304K) Class: 5810K(7424K)->5810K(7424K)
[2025-10-30T17:36:03.878+0000][gc            ] GC(143) Pause Young (Normal) (G1 Evacuation Pause) 436M->376M(512M) 12.752ms
[2025-10-30T17:36:03.879+0000][gc,cpu        ] GC(143) User=0.03s Sys=0.00s Real=0.01s
[2025-10-30T17:37:14.834+0000][gc,start      ] GC(144) Pause Young (Normal) (G1 Evacuation Pause)
[2025-10-30T17:37:14.834+0000][gc,task       ] GC(144) Using 2 workers of 2 for evacuation
[2025-10-30T17:37:14.846+0000][gc,phases     ] GC(144)   Pre Evacuate Collection Set: 0.0ms
[2025-10-30T17:37:14.846+0000][gc,phases     ] GC(144)   Evacuate Collection Set: 10.8ms
[2025-10-30T17:37:14.846+0000][gc,phases     ] GC(144)   Post Evacuate Collection Set: 0.7ms
[2025-10-30T17:37:14.846+0000][gc,phases     ] GC(144)   Other: 0.5ms
[2025-10-30T17:37:14.846+0000][gc,heap       ] GC(144) Eden regions: 63->0(64)
[2025-10-30T17:37:14.847+0000][gc,heap       ] GC(144) Survivor regions: 6->5(9)
[2025-10-30T17:37:14.847+0000][gc,heap       ] GC(144) Old regions: 225->227
[2025-10-30T17:37:14.847+0000][gc,heap       ] GC(144) Humongous regions: 147->147
[2025-10-30T17:37:14.847+0000][gc,metaspace  ] GC(144) Metaspace: 51946K(55728K)->51946K(55728K) NonClass: 46135K(48304K)->46135K(48304K) Class: 5810K(7424K)->5810K(7424K)
[2025-10-30T17:37:14.847+0000][gc            ] GC(144) Pause Young (Normal) (G1 Evacuation Pause) 439M->378M(512M) 13.358ms
[2025-10-30T17:37:14.847+0000][gc,cpu        ] GC(144) User=0.03s Sys=0.00s Real=0.01s
[2025-10-30T17:38:45.101+0000][gc,start      ] GC(145) Pause Young (Normal) (G1 Evacuation Pause)
[2025-10-30T17:38:45.101+0000][gc,task       ] GC(145) Using 2 workers of 2 for evacuation
[2025-10-30T17:38:45.113+0000][gc,phases     ] GC(145)   Pre Evacuate Collection Set: 0.0ms
[2025-10-30T17:38:45.113+0000][gc,phases     ] GC(145)   Evacuate Collection Set: 10.4ms
[2025-10-30T17:38:45.113+0000][gc,phases     ] GC(145)   Post Evacuate Collection Set: 0.7ms
[2025-10-30T17:38:45.113+0000][gc,phases     ] GC(145)   Other: 1.0ms
[2025-10-30T17:38:45.113+0000][gc,heap       ] GC(145) Eden regions: 64->0(65)
[2025-10-30T17:38:45.113+0000][gc,heap       ] GC(145) Survivor regions: 5->6(9)
[2025-10-30T17:38:45.114+0000][gc,heap       ] GC(145) Old regions: 227->227
[2025-10-30T17:38:45.114+0000][gc,heap       ] GC(145) Humongous regions: 147->147
[2025-10-30T17:38:45.114+0000][gc,metaspace  ] GC(145) Metaspace: 51946K(55728K)->51946K(55728K) NonClass: 46135K(48304K)->46135K(48304K) Class: 5810K(7424K)->5810K(7424K)
[2025-10-30T17:38:45.114+0000][gc            ] GC(145) Pause Young (Normal) (G1 Evacuation Pause) 442M->379M(512M) 13.498ms
[2025-10-30T17:38:45.114+0000][gc,cpu        ] GC(145) User=0.02s Sys=0.00s Real=0.02s
[2025-10-30T17:40:24.343+0000][gc,start      ] GC(146) Pause Young (Normal) (G1 Evacuation Pause)
[2025-10-30T17:40:24.344+0000][gc,task       ] GC(146) Using 2 workers of 2 for evacuation
[2025-10-30T17:40:24.361+0000][gc,phases     ] GC(146)   Pre Evacuate Collection Set: 0.0ms
[2025-10-30T17:40:24.361+0000][gc,phases     ] GC(146)   Evacuate Collection Set: 15.3ms
[2025-10-30T17:40:24.361+0000][gc,phases     ] GC(146)   Post Evacuate Collection Set: 0.8ms
[2025-10-30T17:40:24.361+0000][gc,phases     ] GC(146)   Other: 1.3ms
[2025-10-30T17:40:24.362+0000][gc,heap       ] GC(146) Eden regions: 65->0(63)
[2025-10-30T17:40:24.362+0000][gc,heap       ] GC(146) Survivor regions: 6->9(9)
[2025-10-30T17:40:24.362+0000][gc,heap       ] GC(146) Old regions: 227->228
[2025-10-30T17:40:24.362+0000][gc,heap       ] GC(146) Humongous regions: 147->147
[2025-10-30T17:40:24.362+0000][gc,metaspace  ] GC(146) Metaspace: 51946K(55728K)->51946K(55728K) NonClass: 46135K(48304K)->46135K(48304K) Class: 5810K(7424K)->5810K(7424K)
[2025-10-30T17:40:24.362+0000][gc            ] GC(146) Pause Young (Normal) (G1 Evacuation Pause) 444M->383M(512M) 19.186ms
[2025-10-30T17:40:24.363+0000][gc,cpu        ] GC(146) User=0.04s Sys=0.00s Real=0.01s
[2025-10-30T17:42:05.433+0000][gc,start      ] GC(147) Pause Young (Normal) (G1 Evacuation Pause)
[2025-10-30T17:42:05.433+0000][gc,task       ] GC(147) Using 2 workers of 2 for evacuation
[2025-10-30T17:42:05.450+0000][gc,phases     ] GC(147)   Pre Evacuate Collection Set: 0.0ms
[2025-10-30T17:42:05.450+0000][gc,phases     ] GC(147)   Evacuate Collection Set: 15.1ms
[2025-10-30T17:42:05.450+0000][gc,phases     ] GC(147)   Post Evacuate Collection Set: 0.7ms
[2025-10-30T17:42:05.450+0000][gc,phases     ] GC(147)   Other: 1.1ms
[2025-10-30T17:42:05.450+0000][gc,heap       ] GC(147) Eden regions: 63->0(63)
[2025-10-30T17:42:05.450+0000][gc,heap       ] GC(147) Survivor regions: 9->6(9)
[2025-10-30T17:42:05.451+0000][gc,heap       ] GC(147) Old regions: 228->232
[2025-10-30T17:42:05.451+0000][gc,heap       ] GC(147) Humongous regions: 147->147
[2025-10-30T17:42:05.451+0000][gc,metaspace  ] GC(147) Metaspace: 51946K(55728K)->51946K(55728K) NonClass: 46136K(48304K)->46136K(48304K) Class: 5810K(7424K)->5810K(7424K)
[2025-10-30T17:42:05.451+0000][gc            ] GC(147) Pause Young (Normal) (G1 Evacuation Pause) 446M->384M(512M) 18.439ms
[2025-10-30T17:42:05.451+0000][gc,cpu        ] GC(147) User=0.03s Sys=0.00s Real=0.02s
[2025-10-30T17:43:42.127+0000][gc,start      ] GC(148) Pause Young (Normal) (G1 Evacuation Pause)
[2025-10-30T17:43:42.128+0000][gc,task       ] GC(148) Using 2 workers of 2 for evacuation
[2025-10-30T17:43:42.140+0000][gc,phases     ] GC(148)   Pre Evacuate Collection Set: 0.0ms
[2025-10-30T17:43:42.140+0000][gc,phases     ] GC(148)   Evacuate Collection Set: 11.4ms
[2025-10-30T17:43:42.140+0000][gc,phases     ] GC(148)   Post Evacuate Collection Set: 0.6ms
[2025-10-30T17:43:42.141+0000][gc,phases     ] GC(148)   Other: 1.3ms
[2025-10-30T17:43:42.141+0000][gc,heap       ] GC(148) Eden regions: 63->0(62)
[2025-10-30T17:43:42.141+0000][gc,heap       ] GC(148) Survivor regions: 6->6(9)
[2025-10-30T17:43:42.141+0000][gc,heap       ] GC(148) Old regions: 232->235
[2025-10-30T17:43:42.141+0000][gc,heap       ] GC(148) Humongous regions: 147->147
[2025-10-30T17:43:42.141+0000][gc,metaspace  ] GC(148) Metaspace: 51946K(55728K)->51946K(55728K) NonClass: 46136K(48304K)->46136K(48304K) Class: 5810K(7424K)->5810K(7424K)
[2025-10-30T17:43:42.141+0000][gc            ] GC(148) Pause Young (Normal) (G1 Evacuation Pause) 447M->386M(512M) 14.455ms
[2025-10-30T17:43:42.141+0000][gc,cpu        ] GC(148) User=0.02s Sys=0.00s Real=0.02s
[2025-10-30T17:45:11.845+0000][gc,start      ] GC(149) Pause Young (Normal) (G1 Evacuation Pause)
[2025-10-30T17:45:11.847+0000][gc,task       ] GC(149) Using 2 workers of 2 for evacuation
[2025-10-30T17:45:11.858+0000][gc,phases     ] GC(149)   Pre Evacuate Collection Set: 0.0ms
[2025-10-30T17:45:11.858+0000][gc,phases     ] GC(149)   Evacuate Collection Set: 10.2ms
[2025-10-30T17:45:11.858+0000][gc,phases     ] GC(149)   Post Evacuate Collection Set: 0.8ms
[2025-10-30T17:45:11.859+0000][gc,phases     ] GC(149)   Other: 1.7ms
[2025-10-30T17:45:11.859+0000][gc,heap       ] GC(149) Eden regions: 62->0(61)
[2025-10-30T17:45:11.859+0000][gc,heap       ] GC(149) Survivor regions: 6->5(9)
[2025-10-30T17:45:11.859+0000][gc,heap       ] GC(149) Old regions: 235->237
[2025-10-30T17:45:11.859+0000][gc,heap       ] GC(149) Humongous regions: 147->147
[2025-10-30T17:45:11.860+0000][gc,metaspace  ] GC(149) Metaspace: 51946K(55728K)->51946K(55728K) NonClass: 46136K(48304K)->46136K(48304K) Class: 5810K(7424K)->5810K(7424K)
[2025-10-30T17:45:11.860+0000][gc            ] GC(149) Pause Young (Normal) (G1 Evacuation Pause) 448M->388M(512M) 14.439ms
[2025-10-30T17:45:11.860+0000][gc,cpu        ] GC(149) User=0.02s Sys=0.00s Real=0.01s
[2025-10-30T17:46:39.527+0000][gc,start      ] GC(150) Pause Young (Normal) (G1 Evacuation Pause)
[2025-10-30T17:46:39.527+0000][gc,task       ] GC(150) Using 2 workers of 2 for evacuation
[2025-10-30T17:46:39.540+0000][gc,phases     ] GC(150)   Pre Evacuate Collection Set: 0.0ms
[2025-10-30T17:46:39.540+0000][gc,phases     ] GC(150)   Evacuate Collection Set: 11.5ms
[2025-10-30T17:46:39.540+0000][gc,phases     ] GC(150)   Post Evacuate Collection Set: 0.6ms
[2025-10-30T17:46:39.540+0000][gc,phases     ] GC(150)   Other: 1.0ms
[2025-10-30T17:46:39.541+0000][gc,heap       ] GC(150) Eden regions: 61->0(59)
[2025-10-30T17:46:39.541+0000][gc,heap       ] GC(150) Survivor regions: 5->8(9)
[2025-10-30T17:46:39.541+0000][gc,heap       ] GC(150) Old regions: 237->237
[2025-10-30T17:46:39.541+0000][gc,heap       ] GC(150) Humongous regions: 147->147
[2025-10-30T17:46:39.541+0000][gc,metaspace  ] GC(150) Metaspace: 51948K(55728K)->51948K(55728K) NonClass: 46137K(48304K)->46137K(48304K) Class: 5810K(7424K)->5810K(7424K)
[2025-10-30T17:46:39.541+0000][gc            ] GC(150) Pause Young (Normal) (G1 Evacuation Pause) 449M->391M(512M) 14.489ms
[2025-10-30T17:46:39.541+0000][gc,cpu        ] GC(150) User=0.02s Sys=0.00s Real=0.01s
[2025-10-30T17:48:08.816+0000][gc,start      ] GC(151) Pause Young (Normal) (G1 Evacuation Pause)
[2025-10-30T17:48:08.816+0000][gc,task       ] GC(151) Using 2 workers of 2 for evacuation
[2025-10-30T17:48:08.832+0000][gc,phases     ] GC(151)   Pre Evacuate Collection Set: 0.0ms
[2025-10-30T17:48:08.833+0000][gc,phases     ] GC(151)   Evacuate Collection Set: 15.1ms
[2025-10-30T17:48:08.833+0000][gc,phases     ] GC(151)   Post Evacuate Collection Set: 0.8ms
[2025-10-30T17:48:08.833+0000][gc,phases     ] GC(151)   Other: 0.6ms
[2025-10-30T17:48:08.833+0000][gc,heap       ] GC(151) Eden regions: 59->0(58)
[2025-10-30T17:48:08.833+0000][gc,heap       ] GC(151) Survivor regions: 8->6(9)
[2025-10-30T17:48:08.833+0000][gc,heap       ] GC(151) Old regions: 237->241
[2025-10-30T17:48:08.833+0000][gc,heap       ] GC(151) Humongous regions: 147->147
[2025-10-30T17:48:08.834+0000][gc,metaspace  ] GC(151) Metaspace: 51949K(55728K)->51949K(55728K) NonClass: 46138K(48304K)->46138K(48304K) Class: 5810K(7424K)->5810K(7424K)
[2025-10-30T17:48:08.834+0000][gc            ] GC(151) Pause Young (Normal) (G1 Evacuation Pause) 450M->393M(512M) 17.962ms
[2025-10-30T17:48:08.834+0000][gc,cpu        ] GC(151) User=0.03s Sys=0.00s Real=0.02s
