[2025-11-08T13:16:54.310+0000][gc,heap] Heap region size: 1M
[2025-11-08T13:16:54.334+0000][gc     ] Using G1
[2025-11-08T13:16:54.335+0000][gc,heap,coops] Heap address: 0x00000000c0000000, size: 1024 MB, Compressed Oops mode: 32-bit
[2025-11-08T13:16:58.113+0000][gc,start     ] GC(0) Pause Young (Normal) (G1 Evacuation Pause)
[2025-11-08T13:16:58.115+0000][gc,task      ] GC(0) Using 2 workers of 2 for evacuation
[2025-11-08T13:16:58.140+0000][gc,mmu       ] GC(0) MMU target violated: 21.0ms (20.0ms/21.0ms)
[2025-11-08T13:16:58.141+0000][gc,phases    ] GC(0)   Pre Evacuate Collection Set: 0.0ms
[2025-11-08T13:16:58.142+0000][gc,phases    ] GC(0)   Evacuate Collection Set: 18.4ms
[2025-11-08T13:16:58.142+0000][gc,phases    ] GC(0)   Post Evacuate Collection Set: 5.2ms
[2025-11-08T13:16:58.143+0000][gc,phases    ] GC(0)   Other: 4.0ms
[2025-11-08T13:16:58.143+0000][gc,heap      ] GC(0) Eden regions: 25->0(21)
[2025-11-08T13:16:58.144+0000][gc,heap      ] GC(0) Survivor regions: 0->4(4)
[2025-11-08T13:16:58.144+0000][gc,heap      ] GC(0) Old regions: 0->3
[2025-11-08T13:16:58.144+0000][gc,heap      ] GC(0) Humongous regions: 0->0
[2025-11-08T13:16:58.145+0000][gc,metaspace ] GC(0) Metaspace: 17801K(18432K)->17801K(18432K) NonClass: 15921K(16384K)->15921K(16384K) Class: 1880K(2048K)->1880K(2048K)
[2025-11-08T13:16:58.145+0000][gc           ] GC(0) Pause Young (Normal) (G1 Evacuation Pause) 25M->6M(512M) 31.992ms
[2025-11-08T13:16:58.146+0000][gc,cpu       ] GC(0) User=0.07s Sys=0.00s Real=0.03s
[2025-11-08T13:16:58.896+0000][gc,start     ] GC(1) Pause Young (Concurrent Start) (Metadata GC Threshold)
[2025-11-08T13:16:58.897+0000][gc,task      ] GC(1) Using 2 workers of 2 for evacuation
[2025-11-08T13:16:58.917+0000][gc,phases    ] GC(1)   Pre Evacuate Collection Set: 0.1ms
[2025-11-08T13:16:58.918+0000][gc,phases    ] GC(1)   Evacuate Collection Set: 19.1ms
[2025-11-08T13:16:58.922+0000][gc,phases    ] GC(1)   Post Evacuate Collection Set: 0.5ms
[2025-11-08T13:16:58.923+0000][gc,phases    ] GC(1)   Other: 1.3ms
[2025-11-08T13:16:58.924+0000][gc,heap      ] GC(1) Eden regions: 9->0(24)
[2025-11-08T13:16:58.925+0000][gc,heap      ] GC(1) Survivor regions: 4->1(4)
[2025-11-08T13:16:58.926+0000][gc,heap      ] GC(1) Old regions: 3->7
[2025-11-08T13:16:58.927+0000][gc,heap      ] GC(1) Humongous regions: 0->0
[2025-11-08T13:16:58.931+0000][gc,metaspace ] GC(1) Metaspace: 20841K(21296K)->20841K(21296K) NonClass: 18616K(18864K)->18616K(18864K) Class: 2224K(2432K)->2224K(2432K)
[2025-11-08T13:16:58.932+0000][gc           ] GC(1) Pause Young (Concurrent Start) (Metadata GC Threshold) 14M->7M(512M) 36.046ms
[2025-11-08T13:16:58.934+0000][gc,cpu       ] GC(1) User=0.03s Sys=0.00s Real=0.04s
[2025-11-08T13:16:58.935+0000][gc           ] GC(2) Concurrent Cycle
[2025-11-08T13:16:58.936+0000][gc,marking   ] GC(2) Concurrent Clear Claimed Marks
[2025-11-08T13:16:58.937+0000][gc,marking   ] GC(2) Concurrent Clear Claimed Marks 0.754ms
[2025-11-08T13:16:58.937+0000][gc,marking   ] GC(2) Concurrent Scan Root Regions
[2025-11-08T13:16:58.939+0000][gc,marking   ] GC(2) Concurrent Scan Root Regions 1.983ms
[2025-11-08T13:16:58.940+0000][gc,marking   ] GC(2) Concurrent Mark (4.665s)
[2025-11-08T13:16:58.941+0000][gc,marking   ] GC(2) Concurrent Mark From Roots
[2025-11-08T13:16:58.941+0000][gc,task      ] GC(2) Using 1 workers of 1 for marking
[2025-11-08T13:16:59.002+0000][gc,marking   ] GC(2) Concurrent Mark From Roots 61.504ms
[2025-11-08T13:16:59.006+0000][gc,marking   ] GC(2) Concurrent Preclean
[2025-11-08T13:16:59.009+0000][gc,marking   ] GC(2) Concurrent Preclean 3.106ms
[2025-11-08T13:16:59.013+0000][gc,marking   ] GC(2) Concurrent Mark (4.665s, 4.738s) 73.094ms
[2025-11-08T13:16:59.021+0000][gc,start     ] GC(2) Pause Remark
[2025-11-08T13:16:59.052+0000][gc,stringtable] GC(2) Cleaned string and symbol table, strings: 7262 processed, 9 removed, symbols: 64793 processed, 23 removed
[2025-11-08T13:16:59.060+0000][gc,mmu        ] GC(2) MMU target violated: 21.0ms (20.0ms/21.0ms)
[2025-11-08T13:16:59.060+0000][gc            ] GC(2) Pause Remark 7M->7M(512M) 39.668ms
[2025-11-08T13:16:59.062+0000][gc,cpu        ] GC(2) User=0.03s Sys=0.00s Real=0.04s
[2025-11-08T13:16:59.062+0000][gc,marking    ] GC(2) Concurrent Rebuild Remembered Sets
[2025-11-08T13:16:59.074+0000][gc,marking    ] GC(2) Concurrent Rebuild Remembered Sets 12.142ms
[2025-11-08T13:16:59.080+0000][gc,start      ] GC(2) Pause Cleanup
[2025-11-08T13:16:59.081+0000][gc            ] GC(2) Pause Cleanup 7M->7M(512M) 1.478ms
[2025-11-08T13:16:59.082+0000][gc,cpu        ] GC(2) User=0.00s Sys=0.00s Real=0.00s
[2025-11-08T13:16:59.082+0000][gc,marking    ] GC(2) Concurrent Cleanup for Next Mark
[2025-11-08T13:16:59.097+0000][gc,marking    ] GC(2) Concurrent Cleanup for Next Mark 14.699ms
[2025-11-08T13:16:59.098+0000][gc            ] GC(2) Concurrent Cycle 163.308ms
[2025-11-08T13:17:00.780+0000][gc,start      ] GC(3) Pause Young (Normal) (G1 Evacuation Pause)
[2025-11-08T13:17:00.781+0000][gc,task       ] GC(3) Using 2 workers of 2 for evacuation
[2025-11-08T13:17:00.792+0000][gc,phases     ] GC(3)   Pre Evacuate Collection Set: 0.1ms
[2025-11-08T13:17:00.793+0000][gc,phases     ] GC(3)   Evacuate Collection Set: 7.7ms
[2025-11-08T13:17:00.794+0000][gc,phases     ] GC(3)   Post Evacuate Collection Set: 1.3ms
[2025-11-08T13:17:00.794+0000][gc,phases     ] GC(3)   Other: 3.5ms
[2025-11-08T13:17:00.801+0000][gc,heap       ] GC(3) Eden regions: 24->0(23)
[2025-11-08T13:17:00.802+0000][gc,heap       ] GC(3) Survivor regions: 1->2(4)
[2025-11-08T13:17:00.802+0000][gc,heap       ] GC(3) Old regions: 7->7
[2025-11-08T13:17:00.805+0000][gc,heap       ] GC(3) Humongous regions: 0->0
[2025-11-08T13:17:00.807+0000][gc,metaspace  ] GC(3) Metaspace: 25750K(26544K)->25750K(26544K) NonClass: 23018K(23472K)->23018K(23472K) Class: 2731K(3072K)->2731K(3072K)
[2025-11-08T13:17:00.808+0000][gc            ] GC(3) Pause Young (Normal) (G1 Evacuation Pause) 31M->7M(512M) 28.505ms
[2025-11-08T13:17:00.809+0000][gc,cpu        ] GC(3) User=0.02s Sys=0.00s Real=0.03s
[2025-11-08T13:17:02.755+0000][gc,start      ] GC(4) Pause Young (Normal) (G1 Evacuation Pause)
[2025-11-08T13:17:02.756+0000][gc,task       ] GC(4) Using 2 workers of 2 for evacuation
[2025-11-08T13:17:02.780+0000][gc,mmu        ] GC(4) MMU target violated: 21.0ms (20.0ms/21.0ms)
[2025-11-08T13:17:02.781+0000][gc,phases     ] GC(4)   Pre Evacuate Collection Set: 0.2ms
[2025-11-08T13:17:02.781+0000][gc,phases     ] GC(4)   Evacuate Collection Set: 23.1ms
[2025-11-08T13:17:02.783+0000][gc,phases     ] GC(4)   Post Evacuate Collection Set: 0.4ms
[2025-11-08T13:17:02.785+0000][gc,phases     ] GC(4)   Other: 2.0ms
[2025-11-08T13:17:02.785+0000][gc,heap       ] GC(4) Eden regions: 23->0(22)
[2025-11-08T13:17:02.786+0000][gc,heap       ] GC(4) Survivor regions: 2->3(4)
[2025-11-08T13:17:02.786+0000][gc,heap       ] GC(4) Old regions: 7->7
[2025-11-08T13:17:02.786+0000][gc,heap       ] GC(4) Humongous regions: 0->0
[2025-11-08T13:17:02.787+0000][gc,metaspace  ] GC(4) Metaspace: 29675K(30640K)->29675K(30640K) NonClass: 26492K(27056K)->26492K(27056K) Class: 3182K(3584K)->3182K(3584K)
[2025-11-08T13:17:02.788+0000][gc            ] GC(4) Pause Young (Normal) (G1 Evacuation Pause) 30M->9M(512M) 32.490ms
[2025-11-08T13:17:02.788+0000][gc,cpu        ] GC(4) User=0.06s Sys=0.00s Real=0.03s
[2025-11-08T13:17:04.569+0000][gc,start      ] GC(5) Pause Young (Normal) (G1 Evacuation Pause)
[2025-11-08T13:17:04.570+0000][gc,task       ] GC(5) Using 2 workers of 2 for evacuation
[2025-11-08T13:17:04.586+0000][gc,phases     ] GC(5)   Pre Evacuate Collection Set: 0.0ms
[2025-11-08T13:17:04.587+0000][gc,phases     ] GC(5)   Evacuate Collection Set: 13.4ms
[2025-11-08T13:17:04.587+0000][gc,phases     ] GC(5)   Post Evacuate Collection Set: 1.8ms
[2025-11-08T13:17:04.587+0000][gc,phases     ] GC(5)   Other: 1.8ms
[2025-11-08T13:17:04.589+0000][gc,heap       ] GC(5) Eden regions: 22->0(23)
[2025-11-08T13:17:04.589+0000][gc,heap       ] GC(5) Survivor regions: 3->2(4)
[2025-11-08T13:17:04.589+0000][gc,heap       ] GC(5) Old regions: 7->8
[2025-11-08T13:17:04.590+0000][gc,heap       ] GC(5) Humongous regions: 0->0
[2025-11-08T13:17:04.591+0000][gc,metaspace  ] GC(5) Metaspace: 31770K(32688K)->31770K(32688K) NonClass: 28313K(28848K)->28313K(28848K) Class: 3457K(3840K)->3457K(3840K)
[2025-11-08T13:17:04.594+0000][gc            ] GC(5) Pause Young (Normal) (G1 Evacuation Pause) 31M->9M(512M) 24.867ms
[2025-11-08T13:17:04.596+0000][gc,cpu        ] GC(5) User=0.05s Sys=0.01s Real=0.03s
[2025-11-08T13:17:05.295+0000][gc,start      ] GC(6) Pause Young (Normal) (G1 Evacuation Pause)
[2025-11-08T13:17:05.295+0000][gc,task       ] GC(6) Using 2 workers of 2 for evacuation
[2025-11-08T13:17:05.319+0000][gc,phases     ] GC(6)   Pre Evacuate Collection Set: 0.0ms
[2025-11-08T13:17:05.319+0000][gc,phases     ] GC(6)   Evacuate Collection Set: 14.2ms
[2025-11-08T13:17:05.320+0000][gc,phases     ] GC(6)   Post Evacuate Collection Set: 3.7ms
[2025-11-08T13:17:05.320+0000][gc,phases     ] GC(6)   Other: 6.1ms
[2025-11-08T13:17:05.320+0000][gc,heap       ] GC(6) Eden regions: 23->0(23)
[2025-11-08T13:17:05.321+0000][gc,heap       ] GC(6) Survivor regions: 2->2(4)
[2025-11-08T13:17:05.321+0000][gc,heap       ] GC(6) Old regions: 8->8
[2025-11-08T13:17:05.321+0000][gc,heap       ] GC(6) Humongous regions: 0->0
[2025-11-08T13:17:05.322+0000][gc,metaspace  ] GC(6) Metaspace: 31771K(32688K)->31771K(32688K) NonClass: 28314K(28848K)->28314K(28848K) Class: 3457K(3840K)->3457K(3840K)
[2025-11-08T13:17:05.322+0000][gc            ] GC(6) Pause Young (Normal) (G1 Evacuation Pause) 32M->9M(512M) 27.360ms
[2025-11-08T13:17:05.323+0000][gc,cpu        ] GC(6) User=0.03s Sys=0.00s Real=0.03s
[2025-11-08T13:17:05.815+0000][gc,start      ] GC(7) Pause Young (Normal) (G1 Evacuation Pause)
[2025-11-08T13:17:05.815+0000][gc,task       ] GC(7) Using 2 workers of 2 for evacuation
[2025-11-08T13:17:05.824+0000][gc,phases     ] GC(7)   Pre Evacuate Collection Set: 0.0ms
[2025-11-08T13:17:05.826+0000][gc,phases     ] GC(7)   Evacuate Collection Set: 6.7ms
[2025-11-08T13:17:05.827+0000][gc,phases     ] GC(7)   Post Evacuate Collection Set: 1.3ms
[2025-11-08T13:17:05.828+0000][gc,phases     ] GC(7)   Other: 1.4ms
[2025-11-08T13:17:05.829+0000][gc,heap       ] GC(7) Eden regions: 23->0(23)
[2025-11-08T13:17:05.829+0000][gc,heap       ] GC(7) Survivor regions: 2->2(4)
[2025-11-08T13:17:05.830+0000][gc,heap       ] GC(7) Old regions: 8->8
[2025-11-08T13:17:05.830+0000][gc,heap       ] GC(7) Humongous regions: 0->0
[2025-11-08T13:17:05.831+0000][gc,metaspace  ] GC(7) Metaspace: 31771K(32688K)->31771K(32688K) NonClass: 28314K(28848K)->28314K(28848K) Class: 3457K(3840K)->3457K(3840K)
[2025-11-08T13:17:05.831+0000][gc            ] GC(7) Pause Young (Normal) (G1 Evacuation Pause) 32M->9M(512M) 16.467ms
[2025-11-08T13:17:05.832+0000][gc,cpu        ] GC(7) User=0.01s Sys=0.00s Real=0.01s
[2025-11-08T13:17:06.321+0000][gc,start      ] GC(8) Pause Young (Normal) (G1 Evacuation Pause)
[2025-11-08T13:17:06.322+0000][gc,task       ] GC(8) Using 2 workers of 2 for evacuation
[2025-11-08T13:17:06.329+0000][gc,phases     ] GC(8)   Pre Evacuate Collection Set: 0.0ms
[2025-11-08T13:17:06.330+0000][gc,phases     ] GC(8)   Evacuate Collection Set: 5.1ms
[2025-11-08T13:17:06.331+0000][gc,phases     ] GC(8)   Post Evacuate Collection Set: 1.4ms
[2025-11-08T13:17:06.331+0000][gc,phases     ] GC(8)   Other: 1.7ms
[2025-11-08T13:17:06.331+0000][gc,heap       ] GC(8) Eden regions: 23->0(23)
[2025-11-08T13:17:06.332+0000][gc,heap       ] GC(8) Survivor regions: 2->2(4)
[2025-11-08T13:17:06.332+0000][gc,heap       ] GC(8) Old regions: 8->8
[2025-11-08T13:17:06.332+0000][gc,heap       ] GC(8) Humongous regions: 0->0
[2025-11-08T13:17:06.333+0000][gc,metaspace  ] GC(8) Metaspace: 31771K(32688K)->31771K(32688K) NonClass: 28314K(28848K)->28314K(28848K) Class: 3457K(3840K)->3457K(3840K)
[2025-11-08T13:17:06.333+0000][gc            ] GC(8) Pause Young (Normal) (G1 Evacuation Pause) 32M->9M(512M) 12.150ms
[2025-11-08T13:17:06.334+0000][gc,cpu        ] GC(8) User=0.02s Sys=0.00s Real=0.02s
[2025-11-08T13:17:06.751+0000][gc,start      ] GC(9) Pause Young (Normal) (G1 Evacuation Pause)
[2025-11-08T13:17:06.751+0000][gc,task       ] GC(9) Using 2 workers of 2 for evacuation
[2025-11-08T13:17:06.765+0000][gc,phases     ] GC(9)   Pre Evacuate Collection Set: 0.0ms
[2025-11-08T13:17:06.767+0000][gc,phases     ] GC(9)   Evacuate Collection Set: 9.3ms
[2025-11-08T13:17:06.768+0000][gc,phases     ] GC(9)   Post Evacuate Collection Set: 3.6ms
[2025-11-08T13:17:06.769+0000][gc,phases     ] GC(9)   Other: 1.9ms
[2025-11-08T13:17:06.770+0000][gc,heap       ] GC(9) Eden regions: 23->0(23)
[2025-11-08T13:17:06.771+0000][gc,heap       ] GC(9) Survivor regions: 2->2(4)
[2025-11-08T13:17:06.772+0000][gc,heap       ] GC(9) Old regions: 8->8
[2025-11-08T13:17:06.774+0000][gc,heap       ] GC(9) Humongous regions: 0->0
[2025-11-08T13:17:06.774+0000][gc,metaspace  ] GC(9) Metaspace: 31771K(32688K)->31771K(32688K) NonClass: 28314K(28848K)->28314K(28848K) Class: 3457K(3840K)->3457K(3840K)
[2025-11-08T13:17:06.775+0000][gc            ] GC(9) Pause Young (Normal) (G1 Evacuation Pause) 32M->9M(512M) 24.323ms
[2025-11-08T13:17:06.775+0000][gc,cpu        ] GC(9) User=0.02s Sys=0.00s Real=0.03s
[2025-11-08T13:17:07.821+0000][gc,start      ] GC(10) Pause Young (Concurrent Start) (Metadata GC Threshold)
[2025-11-08T13:17:07.821+0000][gc,task       ] GC(10) Using 2 workers of 2 for evacuation
[2025-11-08T13:17:07.832+0000][gc,phases     ] GC(10)   Pre Evacuate Collection Set: 0.2ms
[2025-11-08T13:17:07.832+0000][gc,phases     ] GC(10)   Evacuate Collection Set: 8.3ms
[2025-11-08T13:17:07.833+0000][gc,phases     ] GC(10)   Post Evacuate Collection Set: 1.6ms
[2025-11-08T13:17:07.833+0000][gc,phases     ] GC(10)   Other: 1.0ms
[2025-11-08T13:17:07.834+0000][gc,heap       ] GC(10) Eden regions: 22->0(22)
[2025-11-08T13:17:07.835+0000][gc,heap       ] GC(10) Survivor regions: 2->3(4)
[2025-11-08T13:17:07.835+0000][gc,heap       ] GC(10) Old regions: 8->8
[2025-11-08T13:17:07.836+0000][gc,heap       ] GC(10) Humongous regions: 0->0
[2025-11-08T13:17:07.837+0000][gc,metaspace  ] GC(10) Metaspace: 34922K(35888K)->34922K(35888K) NonClass: 31144K(31664K)->31144K(31664K) Class: 3777K(4224K)->3777K(4224K)
[2025-11-08T13:17:07.838+0000][gc            ] GC(10) Pause Young (Concurrent Start) (Metadata GC Threshold) 31M->9M(512M) 17.107ms
[2025-11-08T13:17:07.838+0000][gc,cpu        ] GC(10) User=0.02s Sys=0.00s Real=0.02s
[2025-11-08T13:17:07.839+0000][gc            ] GC(11) Concurrent Cycle
[2025-11-08T13:17:07.840+0000][gc,marking    ] GC(11) Concurrent Clear Claimed Marks
[2025-11-08T13:17:07.840+0000][gc,marking    ] GC(11) Concurrent Clear Claimed Marks 0.626ms
[2025-11-08T13:17:07.841+0000][gc,marking    ] GC(11) Concurrent Scan Root Regions
[2025-11-08T13:17:07.849+0000][gc,marking    ] GC(11) Concurrent Scan Root Regions 7.574ms
[2025-11-08T13:17:07.850+0000][gc,marking    ] GC(11) Concurrent Mark (13.575s)
[2025-11-08T13:17:07.851+0000][gc,marking    ] GC(11) Concurrent Mark From Roots
[2025-11-08T13:17:07.852+0000][gc,task       ] GC(11) Using 1 workers of 1 for marking
[2025-11-08T13:17:07.883+0000][gc,marking    ] GC(11) Concurrent Mark From Roots 31.702ms
[2025-11-08T13:17:07.883+0000][gc,marking    ] GC(11) Concurrent Preclean
[2025-11-08T13:17:07.884+0000][gc,marking    ] GC(11) Concurrent Preclean 0.784ms
[2025-11-08T13:17:07.884+0000][gc,marking    ] GC(11) Concurrent Mark (13.575s, 13.610s) 34.514ms
[2025-11-08T13:17:07.887+0000][gc,start      ] GC(11) Pause Remark
[2025-11-08T13:17:07.907+0000][gc,stringtable] GC(11) Cleaned string and symbol table, strings: 11303 processed, 8 removed, symbols: 96565 processed, 21 removed
[2025-11-08T13:17:07.909+0000][gc,mmu        ] GC(11) MMU target violated: 20.9ms (20.0ms/21.0ms)
[2025-11-08T13:17:07.912+0000][gc            ] GC(11) Pause Remark 11M->11M(512M) 24.543ms
[2025-11-08T13:17:07.912+0000][gc,cpu        ] GC(11) User=0.03s Sys=0.01s Real=0.02s
[2025-11-08T13:17:07.915+0000][gc,marking    ] GC(11) Concurrent Rebuild Remembered Sets
[2025-11-08T13:17:07.926+0000][gc,marking    ] GC(11) Concurrent Rebuild Remembered Sets 11.917ms
[2025-11-08T13:17:07.928+0000][gc,start      ] GC(11) Pause Cleanup
[2025-11-08T13:17:07.931+0000][gc            ] GC(11) Pause Cleanup 11M->11M(512M) 2.997ms
[2025-11-08T13:17:07.932+0000][gc,cpu        ] GC(11) User=0.00s Sys=0.00s Real=0.00s
[2025-11-08T13:17:07.934+0000][gc,marking    ] GC(11) Concurrent Cleanup for Next Mark
[2025-11-08T13:17:08.009+0000][gc,marking    ] GC(11) Concurrent Cleanup for Next Mark 75.513ms
[2025-11-08T13:17:08.010+0000][gc            ] GC(11) Concurrent Cycle 171.433ms
[2025-11-08T13:17:09.216+0000][gc,start      ] GC(12) Pause Young (Normal) (G1 Evacuation Pause)
[2025-11-08T13:17:09.216+0000][gc,task       ] GC(12) Using 2 workers of 2 for evacuation
[2025-11-08T13:17:09.280+0000][gc,mmu        ] GC(12) MMU target violated: 21.0ms (20.0ms/21.0ms)
[2025-11-08T13:17:09.281+0000][gc,phases     ] GC(12)   Pre Evacuate Collection Set: 0.0ms
[2025-11-08T13:17:09.281+0000][gc,phases     ] GC(12)   Evacuate Collection Set: 61.7ms
[2025-11-08T13:17:09.281+0000][gc,phases     ] GC(12)   Post Evacuate Collection Set: 1.1ms
[2025-11-08T13:17:09.282+0000][gc,phases     ] GC(12)   Other: 1.7ms
[2025-11-08T13:17:09.282+0000][gc,heap       ] GC(12) Eden regions: 22->0(23)
[2025-11-08T13:17:09.282+0000][gc,heap       ] GC(12) Survivor regions: 3->2(4)
[2025-11-08T13:17:09.283+0000][gc,heap       ] GC(12) Old regions: 8->9
[2025-11-08T13:17:09.283+0000][gc,heap       ] GC(12) Humongous regions: 27->27
[2025-11-08T13:17:09.284+0000][gc,metaspace  ] GC(12) Metaspace: 39233K(40624K)->39233K(40624K) NonClass: 34959K(35760K)->34959K(35760K) Class: 4273K(4864K)->4273K(4864K)
[2025-11-08T13:17:09.284+0000][gc            ] GC(12) Pause Young (Normal) (G1 Evacuation Pause) 58M->37M(512M) 68.041ms
[2025-11-08T13:17:09.285+0000][gc,cpu        ] GC(12) User=0.03s Sys=0.00s Real=0.07s
[2025-11-08T13:17:10.005+0000][gc,start      ] GC(13) Pause Young (Normal) (G1 Evacuation Pause)
[2025-11-08T13:17:10.006+0000][gc,task       ] GC(13) Using 2 workers of 2 for evacuation
[2025-11-08T13:17:10.075+0000][gc,mmu        ] GC(13) MMU target violated: 21.0ms (20.0ms/21.0ms)
[2025-11-08T13:17:10.075+0000][gc,phases     ] GC(13)   Pre Evacuate Collection Set: 0.0ms
[2025-11-08T13:17:10.076+0000][gc,phases     ] GC(13)   Evacuate Collection Set: 66.5ms
[2025-11-08T13:17:10.076+0000][gc,phases     ] GC(13)   Post Evacuate Collection Set: 1.7ms
[2025-11-08T13:17:10.076+0000][gc,phases     ] GC(13)   Other: 1.8ms
[2025-11-08T13:17:10.077+0000][gc,heap       ] GC(13) Eden regions: 23->0(22)
[2025-11-08T13:17:10.077+0000][gc,heap       ] GC(13) Survivor regions: 2->3(4)
[2025-11-08T13:17:10.077+0000][gc,heap       ] GC(13) Old regions: 9->9
[2025-11-08T13:17:10.077+0000][gc,heap       ] GC(13) Humongous regions: 27->27
[2025-11-08T13:17:10.078+0000][gc,metaspace  ] GC(13) Metaspace: 40117K(41520K)->40117K(41520K) NonClass: 35752K(36528K)->35752K(36528K) Class: 4365K(4992K)->4365K(4992K)
[2025-11-08T13:17:10.078+0000][gc            ] GC(13) Pause Young (Normal) (G1 Evacuation Pause) 60M->38M(512M) 73.104ms
[2025-11-08T13:17:10.079+0000][gc,cpu        ] GC(13) User=0.03s Sys=0.00s Real=0.07s
[2025-11-08T13:17:10.375+0000][gc,start      ] GC(14) Pause Young (Normal) (G1 Evacuation Pause)
[2025-11-08T13:17:10.375+0000][gc,task       ] GC(14) Using 2 workers of 2 for evacuation
[2025-11-08T13:17:10.384+0000][gc,phases     ] GC(14)   Pre Evacuate Collection Set: 0.0ms
[2025-11-08T13:17:10.384+0000][gc,phases     ] GC(14)   Evacuate Collection Set: 7.3ms
[2025-11-08T13:17:10.385+0000][gc,phases     ] GC(14)   Post Evacuate Collection Set: 1.1ms
[2025-11-08T13:17:10.385+0000][gc,phases     ] GC(14)   Other: 0.9ms
[2025-11-08T13:17:10.385+0000][gc,heap       ] GC(14) Eden regions: 22->0(22)
[2025-11-08T13:17:10.386+0000][gc,heap       ] GC(14) Survivor regions: 3->3(4)
[2025-11-08T13:17:10.386+0000][gc,heap       ] GC(14) Old regions: 9->9
[2025-11-08T13:17:10.386+0000][gc,heap       ] GC(14) Humongous regions: 27->27
[2025-11-08T13:17:10.386+0000][gc,metaspace  ] GC(14) Metaspace: 40207K(41520K)->40207K(41520K) NonClass: 35834K(36528K)->35834K(36528K) Class: 4372K(4992K)->4372K(4992K)
[2025-11-08T13:17:10.387+0000][gc            ] GC(14) Pause Young (Normal) (G1 Evacuation Pause) 60M->38M(512M) 11.894ms
[2025-11-08T13:17:10.387+0000][gc,cpu        ] GC(14) User=0.03s Sys=0.00s Real=0.01s
[2025-11-08T13:17:10.704+0000][gc,start      ] GC(15) Pause Young (Normal) (G1 Evacuation Pause)
[2025-11-08T13:17:10.708+0000][gc,task       ] GC(15) Using 2 workers of 2 for evacuation
[2025-11-08T13:17:10.733+0000][gc,mmu        ] GC(15) MMU target violated: 21.0ms (20.0ms/21.0ms)
[2025-11-08T13:17:10.734+0000][gc,phases     ] GC(15)   Pre Evacuate Collection Set: 0.0ms
[2025-11-08T13:17:10.736+0000][gc,phases     ] GC(15)   Evacuate Collection Set: 12.2ms
[2025-11-08T13:17:10.737+0000][gc,phases     ] GC(15)   Post Evacuate Collection Set: 8.8ms
[2025-11-08T13:17:10.742+0000][gc,phases     ] GC(15)   Other: 8.8ms
[2025-11-08T13:17:10.742+0000][gc,heap       ] GC(15) Eden regions: 22->0(22)
[2025-11-08T13:17:10.743+0000][gc,heap       ] GC(15) Survivor regions: 3->3(4)
[2025-11-08T13:17:10.743+0000][gc,heap       ] GC(15) Old regions: 9->10
[2025-11-08T13:17:10.744+0000][gc,heap       ] GC(15) Humongous regions: 27->27
[2025-11-08T13:17:10.745+0000][gc,metaspace  ] GC(15) Metaspace: 40717K(42032K)->40717K(42032K) NonClass: 36309K(37040K)->36309K(37040K) Class: 4408K(4992K)->4408K(4992K)
[2025-11-08T13:17:10.745+0000][gc            ] GC(15) Pause Young (Normal) (G1 Evacuation Pause) 60M->39M(512M) 40.889ms
[2025-11-08T13:17:10.747+0000][gc,cpu        ] GC(15) User=0.06s Sys=0.00s Real=0.04s
[2025-11-08T13:17:11.077+0000][gc,start      ] GC(16) Pause Young (Normal) (G1 Evacuation Pause)
[2025-11-08T13:17:11.077+0000][gc,task       ] GC(16) Using 2 workers of 2 for evacuation
[2025-11-08T13:17:11.089+0000][gc,phases     ] GC(16)   Pre Evacuate Collection Set: 0.0ms
[2025-11-08T13:17:11.089+0000][gc,phases     ] GC(16)   Evacuate Collection Set: 8.9ms
[2025-11-08T13:17:11.089+0000][gc,phases     ] GC(16)   Post Evacuate Collection Set: 1.8ms
[2025-11-08T13:17:11.090+0000][gc,phases     ] GC(16)   Other: 1.0ms
[2025-11-08T13:17:11.090+0000][gc,heap       ] GC(16) Eden regions: 22->0(22)
[2025-11-08T13:17:11.091+0000][gc,heap       ] GC(16) Survivor regions: 3->3(4)
[2025-11-08T13:17:11.091+0000][gc,heap       ] GC(16) Old regions: 10->11
[2025-11-08T13:17:11.091+0000][gc,heap       ] GC(16) Humongous regions: 27->27
[2025-11-08T13:17:11.092+0000][gc,metaspace  ] GC(16) Metaspace: 41264K(42544K)->41264K(42544K) NonClass: 36827K(37552K)->36827K(37552K) Class: 4437K(4992K)->4437K(4992K)
[2025-11-08T13:17:11.092+0000][gc            ] GC(16) Pause Young (Normal) (G1 Evacuation Pause) 61M->39M(512M) 15.527ms
[2025-11-08T13:17:11.093+0000][gc,cpu        ] GC(16) User=0.03s Sys=0.00s Real=0.01s
[2025-11-08T13:17:11.308+0000][gc,start      ] GC(17) Pause Young (Normal) (G1 Evacuation Pause)
[2025-11-08T13:17:11.310+0000][gc,task       ] GC(17) Using 2 workers of 2 for evacuation
[2025-11-08T13:17:11.373+0000][gc,mmu        ] GC(17) MMU target violated: 21.0ms (20.0ms/21.0ms)
[2025-11-08T13:17:11.373+0000][gc,phases     ] GC(17)   Pre Evacuate Collection Set: 0.4ms
[2025-11-08T13:17:11.374+0000][gc,phases     ] GC(17)   Evacuate Collection Set: 60.0ms
[2025-11-08T13:17:11.374+0000][gc,phases     ] GC(17)   Post Evacuate Collection Set: 1.3ms
[2025-11-08T13:17:11.375+0000][gc,phases     ] GC(17)   Other: 3.8ms
[2025-11-08T13:17:11.375+0000][gc,heap       ] GC(17) Eden regions: 22->0(23)
[2025-11-08T13:17:11.375+0000][gc,heap       ] GC(17) Survivor regions: 3->2(4)
[2025-11-08T13:17:11.375+0000][gc,heap       ] GC(17) Old regions: 11->11
[2025-11-08T13:17:11.376+0000][gc,heap       ] GC(17) Humongous regions: 27->27
[2025-11-08T13:17:11.376+0000][gc,metaspace  ] GC(17) Metaspace: 41766K(43184K)->41766K(43184K) NonClass: 37288K(38064K)->37288K(38064K) Class: 4478K(5120K)->4478K(5120K)
[2025-11-08T13:17:11.377+0000][gc            ] GC(17) Pause Young (Normal) (G1 Evacuation Pause) 61M->39M(512M) 68.104ms
[2025-11-08T13:17:11.377+0000][gc,cpu        ] GC(17) User=0.04s Sys=0.01s Real=0.07s
[2025-11-08T13:17:11.790+0000][gc,start      ] GC(18) Pause Young (Normal) (G1 Evacuation Pause)
[2025-11-08T13:17:11.790+0000][gc,task       ] GC(18) Using 2 workers of 2 for evacuation
[2025-11-08T13:17:11.799+0000][gc,phases     ] GC(18)   Pre Evacuate Collection Set: 0.0ms
[2025-11-08T13:17:11.799+0000][gc,phases     ] GC(18)   Evacuate Collection Set: 7.0ms
[2025-11-08T13:17:11.800+0000][gc,phases     ] GC(18)   Post Evacuate Collection Set: 1.1ms
[2025-11-08T13:17:11.800+0000][gc,phases     ] GC(18)   Other: 1.2ms
[2025-11-08T13:17:11.800+0000][gc,heap       ] GC(18) Eden regions: 23->0(24)
[2025-11-08T13:17:11.801+0000][gc,heap       ] GC(18) Survivor regions: 2->3(4)
[2025-11-08T13:17:11.801+0000][gc,heap       ] GC(18) Old regions: 11->11
[2025-11-08T13:17:11.802+0000][gc,heap       ] GC(18) Humongous regions: 36->36
[2025-11-08T13:17:11.802+0000][gc,metaspace  ] GC(18) Metaspace: 42874K(44208K)->42874K(44208K) NonClass: 38313K(39088K)->38313K(39088K) Class: 4561K(5120K)->4561K(5120K)
[2025-11-08T13:17:11.802+0000][gc            ] GC(18) Pause Young (Normal) (G1 Evacuation Pause) 71M->49M(512M) 12.505ms
[2025-11-08T13:17:11.803+0000][gc,cpu        ] GC(18) User=0.03s Sys=0.00s Real=0.01s
[2025-11-08T13:17:12.074+0000][gc,start      ] GC(19) Pause Young (Normal) (G1 Evacuation Pause)
[2025-11-08T13:17:12.074+0000][gc,task       ] GC(19) Using 2 workers of 2 for evacuation
[2025-11-08T13:17:12.084+0000][gc,phases     ] GC(19)   Pre Evacuate Collection Set: 0.0ms
[2025-11-08T13:17:12.084+0000][gc,phases     ] GC(19)   Evacuate Collection Set: 6.5ms
[2025-11-08T13:17:12.085+0000][gc,phases     ] GC(19)   Post Evacuate Collection Set: 1.5ms
[2025-11-08T13:17:12.085+0000][gc,phases     ] GC(19)   Other: 2.1ms
[2025-11-08T13:17:12.086+0000][gc,heap       ] GC(19) Eden regions: 24->0(26)
[2025-11-08T13:17:12.086+0000][gc,heap       ] GC(19) Survivor regions: 3->2(4)
[2025-11-08T13:17:12.086+0000][gc,heap       ] GC(19) Old regions: 11->12
[2025-11-08T13:17:12.087+0000][gc,heap       ] GC(19) Humongous regions: 36->36
[2025-11-08T13:17:12.087+0000][gc,metaspace  ] GC(19) Metaspace: 43267K(44592K)->43267K(44592K) NonClass: 38655K(39344K)->38655K(39344K) Class: 4612K(5248K)->4612K(5248K)
[2025-11-08T13:17:12.088+0000][gc            ] GC(19) Pause Young (Normal) (G1 Evacuation Pause) 73M->49M(512M) 14.007ms
[2025-11-08T13:17:12.088+0000][gc,cpu        ] GC(19) User=0.03s Sys=0.00s Real=0.01s
[2025-11-08T13:17:12.378+0000][gc,start      ] GC(20) Pause Young (Normal) (G1 Evacuation Pause)
[2025-11-08T13:17:12.379+0000][gc,task       ] GC(20) Using 2 workers of 2 for evacuation
[2025-11-08T13:17:12.386+0000][gc,phases     ] GC(20)   Pre Evacuate Collection Set: 0.1ms
[2025-11-08T13:17:12.386+0000][gc,phases     ] GC(20)   Evacuate Collection Set: 5.2ms
[2025-11-08T13:17:12.386+0000][gc,phases     ] GC(20)   Post Evacuate Collection Set: 1.0ms
[2025-11-08T13:17:12.387+0000][gc,phases     ] GC(20)   Other: 1.4ms
[2025-11-08T13:17:12.387+0000][gc,heap       ] GC(20) Eden regions: 26->0(26)
[2025-11-08T13:17:12.387+0000][gc,heap       ] GC(20) Survivor regions: 2->2(4)
[2025-11-08T13:17:12.388+0000][gc,heap       ] GC(20) Old regions: 12->12
[2025-11-08T13:17:12.388+0000][gc,heap       ] GC(20) Humongous regions: 36->36
[2025-11-08T13:17:12.388+0000][gc,metaspace  ] GC(20) Metaspace: 43633K(45104K)->43633K(45104K) NonClass: 38956K(39856K)->38956K(39856K) Class: 4677K(5248K)->4677K(5248K)
[2025-11-08T13:17:12.389+0000][gc            ] GC(20) Pause Young (Normal) (G1 Evacuation Pause) 75M->49M(512M) 10.391ms
[2025-11-08T13:17:12.389+0000][gc,cpu        ] GC(20) User=0.01s Sys=0.00s Real=0.01s
[2025-11-08T13:17:12.684+0000][gc,start      ] GC(21) Pause Young (Normal) (G1 Evacuation Pause)
[2025-11-08T13:17:12.684+0000][gc,task       ] GC(21) Using 2 workers of 2 for evacuation
[2025-11-08T13:17:12.705+0000][gc,phases     ] GC(21)   Pre Evacuate Collection Set: 0.2ms
[2025-11-08T13:17:12.708+0000][gc,phases     ] GC(21)   Evacuate Collection Set: 15.6ms
[2025-11-08T13:17:12.708+0000][gc,phases     ] GC(21)   Post Evacuate Collection Set: 2.5ms
[2025-11-08T13:17:12.709+0000][gc,phases     ] GC(21)   Other: 2.9ms
[2025-11-08T13:17:12.711+0000][gc,heap       ] GC(21) Eden regions: 26->0(26)
[2025-11-08T13:17:12.712+0000][gc,heap       ] GC(21) Survivor regions: 2->2(4)
[2025-11-08T13:17:12.712+0000][gc,heap       ] GC(21) Old regions: 12->12
[2025-11-08T13:17:12.714+0000][gc,heap       ] GC(21) Humongous regions: 36->36
[2025-11-08T13:17:12.715+0000][gc,metaspace  ] GC(21) Metaspace: 43642K(45104K)->43642K(45104K) NonClass: 38965K(39856K)->38965K(39856K) Class: 4677K(5248K)->4677K(5248K)
[2025-11-08T13:17:12.718+0000][gc            ] GC(21) Pause Young (Normal) (G1 Evacuation Pause) 75M->49M(512M) 34.273ms
[2025-11-08T13:17:12.719+0000][gc,cpu        ] GC(21) User=0.08s Sys=0.00s Real=0.03s
[2025-11-08T13:17:13.075+0000][gc,start      ] GC(22) Pause Young (Normal) (G1 Evacuation Pause)
[2025-11-08T13:17:13.076+0000][gc,task       ] GC(22) Using 2 workers of 2 for evacuation
[2025-11-08T13:17:13.085+0000][gc,phases     ] GC(22)   Pre Evacuate Collection Set: 0.0ms
[2025-11-08T13:17:13.086+0000][gc,phases     ] GC(22)   Evacuate Collection Set: 6.3ms
[2025-11-08T13:17:13.086+0000][gc,phases     ] GC(22)   Post Evacuate Collection Set: 1.5ms
[2025-11-08T13:17:13.086+0000][gc,phases     ] GC(22)   Other: 2.6ms
[2025-11-08T13:17:13.087+0000][gc,heap       ] GC(22) Eden regions: 26->0(27)
[2025-11-08T13:17:13.087+0000][gc,heap       ] GC(22) Survivor regions: 2->2(4)
[2025-11-08T13:17:13.088+0000][gc,heap       ] GC(22) Old regions: 12->12
[2025-11-08T13:17:13.088+0000][gc,heap       ] GC(22) Humongous regions: 36->36
[2025-11-08T13:17:13.089+0000][gc,metaspace  ] GC(22) Metaspace: 43702K(45104K)->43702K(45104K) NonClass: 39023K(39856K)->39023K(39856K) Class: 4678K(5248K)->4678K(5248K)
[2025-11-08T13:17:13.089+0000][gc            ] GC(22) Pause Young (Normal) (G1 Evacuation Pause) 75M->49M(512M) 14.518ms
[2025-11-08T13:17:13.090+0000][gc,cpu        ] GC(22) User=0.03s Sys=0.00s Real=0.01s
[2025-11-08T13:17:13.389+0000][gc,start      ] GC(23) Pause Young (Normal) (G1 Evacuation Pause)
[2025-11-08T13:17:13.389+0000][gc,task       ] GC(23) Using 2 workers of 2 for evacuation
[2025-11-08T13:17:13.414+0000][gc,mmu        ] GC(23) MMU target violated: 21.0ms (20.0ms/21.0ms)
[2025-11-08T13:17:13.415+0000][gc,phases     ] GC(23)   Pre Evacuate Collection Set: 0.1ms
[2025-11-08T13:17:13.415+0000][gc,phases     ] GC(23)   Evacuate Collection Set: 22.0ms
[2025-11-08T13:17:13.416+0000][gc,phases     ] GC(23)   Post Evacuate Collection Set: 2.5ms
[2025-11-08T13:17:13.416+0000][gc,phases     ] GC(23)   Other: 1.6ms
[2025-11-08T13:17:13.417+0000][gc,heap       ] GC(23) Eden regions: 27->0(26)
[2025-11-08T13:17:13.418+0000][gc,heap       ] GC(23) Survivor regions: 2->2(4)
[2025-11-08T13:17:13.418+0000][gc,heap       ] GC(23) Old regions: 12->12
[2025-11-08T13:17:13.419+0000][gc,heap       ] GC(23) Humongous regions: 36->36
[2025-11-08T13:17:13.419+0000][gc,metaspace  ] GC(23) Metaspace: 43718K(45104K)->43718K(45104K) NonClass: 39039K(39856K)->39039K(39856K) Class: 4678K(5248K)->4678K(5248K)
[2025-11-08T13:17:13.420+0000][gc            ] GC(23) Pause Young (Normal) (G1 Evacuation Pause) 76M->49M(512M) 30.891ms
[2025-11-08T13:17:13.420+0000][gc,cpu        ] GC(23) User=0.04s Sys=0.01s Real=0.03s
[2025-11-08T13:17:13.692+0000][gc,start      ] GC(24) Pause Young (Normal) (G1 Evacuation Pause)
[2025-11-08T13:17:13.693+0000][gc,task       ] GC(24) Using 2 workers of 2 for evacuation
[2025-11-08T13:17:13.711+0000][gc,phases     ] GC(24)   Pre Evacuate Collection Set: 0.2ms
[2025-11-08T13:17:13.712+0000][gc,phases     ] GC(24)   Evacuate Collection Set: 10.9ms
[2025-11-08T13:17:13.713+0000][gc,phases     ] GC(24)   Post Evacuate Collection Set: 0.9ms
[2025-11-08T13:17:13.713+0000][gc,phases     ] GC(24)   Other: 7.0ms
[2025-11-08T13:17:13.714+0000][gc,heap       ] GC(24) Eden regions: 26->0(27)
[2025-11-08T13:17:13.715+0000][gc,heap       ] GC(24) Survivor regions: 2->2(4)
[2025-11-08T13:17:13.716+0000][gc,heap       ] GC(24) Old regions: 12->12
[2025-11-08T13:17:13.717+0000][gc,heap       ] GC(24) Humongous regions: 36->36
[2025-11-08T13:17:13.718+0000][gc,metaspace  ] GC(24) Metaspace: 43718K(45104K)->43718K(45104K) NonClass: 39040K(39856K)->39040K(39856K) Class: 4678K(5248K)->4678K(5248K)
[2025-11-08T13:17:13.720+0000][gc            ] GC(24) Pause Young (Normal) (G1 Evacuation Pause) 75M->49M(512M) 27.672ms
[2025-11-08T13:17:13.723+0000][gc,cpu        ] GC(24) User=0.03s Sys=0.00s Real=0.04s
[2025-11-08T13:17:14.097+0000][gc,start      ] GC(25) Pause Young (Normal) (G1 Evacuation Pause)
[2025-11-08T13:17:14.098+0000][gc,task       ] GC(25) Using 2 workers of 2 for evacuation
[2025-11-08T13:17:14.119+0000][gc,mmu        ] GC(25) MMU target violated: 20.5ms (20.0ms/21.0ms)
[2025-11-08T13:17:14.120+0000][gc,phases     ] GC(25)   Pre Evacuate Collection Set: 0.0ms
[2025-11-08T13:17:14.120+0000][gc,phases     ] GC(25)   Evacuate Collection Set: 18.0ms
[2025-11-08T13:17:14.121+0000][gc,phases     ] GC(25)   Post Evacuate Collection Set: 2.4ms
[2025-11-08T13:17:14.121+0000][gc,phases     ] GC(25)   Other: 1.7ms
[2025-11-08T13:17:14.122+0000][gc,heap       ] GC(25) Eden regions: 27->0(27)
[2025-11-08T13:17:14.123+0000][gc,heap       ] GC(25) Survivor regions: 2->2(4)
[2025-11-08T13:17:14.123+0000][gc,heap       ] GC(25) Old regions: 12->12
[2025-11-08T13:17:14.124+0000][gc,heap       ] GC(25) Humongous regions: 36->36
[2025-11-08T13:17:14.124+0000][gc,metaspace  ] GC(25) Metaspace: 43718K(45104K)->43718K(45104K) NonClass: 39040K(39856K)->39040K(39856K) Class: 4678K(5248K)->4678K(5248K)
[2025-11-08T13:17:14.125+0000][gc            ] GC(25) Pause Young (Normal) (G1 Evacuation Pause) 76M->49M(512M) 27.095ms
[2025-11-08T13:17:14.125+0000][gc,cpu        ] GC(25) User=0.06s Sys=0.00s Real=0.03s
[2025-11-08T13:17:14.513+0000][gc,start      ] GC(26) Pause Young (Normal) (G1 Evacuation Pause)
[2025-11-08T13:17:14.513+0000][gc,task       ] GC(26) Using 2 workers of 2 for evacuation
[2025-11-08T13:17:14.545+0000][gc,mmu        ] GC(26) MMU target violated: 21.0ms (20.0ms/21.0ms)
[2025-11-08T13:17:14.545+0000][gc,phases     ] GC(26)   Pre Evacuate Collection Set: 0.1ms
[2025-11-08T13:17:14.545+0000][gc,phases     ] GC(26)   Evacuate Collection Set: 29.7ms
[2025-11-08T13:17:14.546+0000][gc,phases     ] GC(26)   Post Evacuate Collection Set: 0.5ms
[2025-11-08T13:17:14.546+0000][gc,phases     ] GC(26)   Other: 2.1ms
[2025-11-08T13:17:14.547+0000][gc,heap       ] GC(26) Eden regions: 27->0(26)
[2025-11-08T13:17:14.548+0000][gc,heap       ] GC(26) Survivor regions: 2->2(4)
[2025-11-08T13:17:14.548+0000][gc,heap       ] GC(26) Old regions: 12->12
[2025-11-08T13:17:14.549+0000][gc,heap       ] GC(26) Humongous regions: 45->45
[2025-11-08T13:17:14.549+0000][gc,metaspace  ] GC(26) Metaspace: 43810K(45232K)->43810K(45232K) NonClass: 39112K(39856K)->39112K(39856K) Class: 4698K(5376K)->4698K(5376K)
[2025-11-08T13:17:14.550+0000][gc            ] GC(26) Pause Young (Normal) (G1 Evacuation Pause) 85M->58M(512M) 37.600ms
[2025-11-08T13:17:14.551+0000][gc,cpu        ] GC(26) User=0.05s Sys=0.00s Real=0.04s
[2025-11-08T13:17:14.847+0000][gc,start      ] GC(27) Pause Young (Normal) (G1 Evacuation Pause)
[2025-11-08T13:17:14.847+0000][gc,task       ] GC(27) Using 2 workers of 2 for evacuation
[2025-11-08T13:17:14.861+0000][gc,phases     ] GC(27)   Pre Evacuate Collection Set: 0.0ms
[2025-11-08T13:17:14.869+0000][gc,phases     ] GC(27)   Evacuate Collection Set: 11.6ms
[2025-11-08T13:17:14.871+0000][gc,phases     ] GC(27)   Post Evacuate Collection Set: 1.4ms
[2025-11-08T13:17:14.874+0000][gc,phases     ] GC(27)   Other: 1.5ms
[2025-11-08T13:17:14.875+0000][gc,heap       ] GC(27) Eden regions: 26->0(26)
[2025-11-08T13:17:14.875+0000][gc,heap       ] GC(27) Survivor regions: 2->2(4)
[2025-11-08T13:17:14.876+0000][gc,heap       ] GC(27) Old regions: 12->12
[2025-11-08T13:17:14.878+0000][gc,heap       ] GC(27) Humongous regions: 54->54
[2025-11-08T13:17:14.880+0000][gc,metaspace  ] GC(27) Metaspace: 43822K(45488K)->43822K(45488K) NonClass: 39123K(40112K)->39123K(40112K) Class: 4699K(5376K)->4699K(5376K)
[2025-11-08T13:17:14.881+0000][gc            ] GC(27) Pause Young (Normal) (G1 Evacuation Pause) 93M->67M(512M) 33.556ms
[2025-11-08T13:17:14.887+0000][gc,cpu        ] GC(27) User=0.03s Sys=0.00s Real=0.04s
[2025-11-08T13:17:15.201+0000][gc,start      ] GC(28) Pause Young (Normal) (G1 Evacuation Pause)
[2025-11-08T13:17:15.202+0000][gc,task       ] GC(28) Using 2 workers of 2 for evacuation
[2025-11-08T13:17:15.301+0000][gc,mmu        ] GC(28) MMU target violated: 21.0ms (20.0ms/21.0ms)
[2025-11-08T13:17:15.301+0000][gc,phases     ] GC(28)   Pre Evacuate Collection Set: 0.1ms
[2025-11-08T13:17:15.303+0000][gc,phases     ] GC(28)   Evacuate Collection Set: 78.7ms
[2025-11-08T13:17:15.305+0000][gc,phases     ] GC(28)   Post Evacuate Collection Set: 12.4ms
[2025-11-08T13:17:15.306+0000][gc,phases     ] GC(28)   Other: 8.7ms
[2025-11-08T13:17:15.307+0000][gc,heap       ] GC(28) Eden regions: 26->0(23)
[2025-11-08T13:17:15.307+0000][gc,heap       ] GC(28) Survivor regions: 2->2(4)
[2025-11-08T13:17:15.308+0000][gc,heap       ] GC(28) Old regions: 12->12
[2025-11-08T13:17:15.308+0000][gc,heap       ] GC(28) Humongous regions: 54->54
[2025-11-08T13:17:15.310+0000][gc,metaspace  ] GC(28) Metaspace: 43826K(45488K)->43826K(45488K) NonClass: 39127K(40112K)->39127K(40112K) Class: 4699K(5376K)->4699K(5376K)
[2025-11-08T13:17:15.310+0000][gc            ] GC(28) Pause Young (Normal) (G1 Evacuation Pause) 93M->67M(512M) 108.558ms
[2025-11-08T13:17:15.311+0000][gc,cpu        ] GC(28) User=0.13s Sys=0.01s Real=0.11s
[2025-11-08T13:17:15.527+0000][gc,start      ] GC(29) Pause Young (Normal) (G1 Evacuation Pause)
[2025-11-08T13:17:15.532+0000][gc,task       ] GC(29) Using 2 workers of 2 for evacuation
[2025-11-08T13:17:15.585+0000][gc,mmu        ] GC(29) MMU target violated: 21.0ms (20.0ms/21.0ms)
[2025-11-08T13:17:15.586+0000][gc,phases     ] GC(29)   Pre Evacuate Collection Set: 0.1ms
[2025-11-08T13:17:15.588+0000][gc,phases     ] GC(29)   Evacuate Collection Set: 37.7ms
[2025-11-08T13:17:15.589+0000][gc,phases     ] GC(29)   Post Evacuate Collection Set: 10.6ms
[2025-11-08T13:17:15.595+0000][gc,phases     ] GC(29)   Other: 11.3ms
[2025-11-08T13:17:15.596+0000][gc,heap       ] GC(29) Eden regions: 23->0(23)
[2025-11-08T13:17:15.597+0000][gc,heap       ] GC(29) Survivor regions: 2->2(4)
[2025-11-08T13:17:15.597+0000][gc,heap       ] GC(29) Old regions: 12->12
[2025-11-08T13:17:15.598+0000][gc,heap       ] GC(29) Humongous regions: 54->54
[2025-11-08T13:17:15.598+0000][gc,metaspace  ] GC(29) Metaspace: 43828K(45488K)->43828K(45488K) NonClass: 39129K(40112K)->39129K(40112K) Class: 4699K(5376K)->4699K(5376K)
[2025-11-08T13:17:15.599+0000][gc            ] GC(29) Pause Young (Normal) (G1 Evacuation Pause) 90M->67M(512M) 71.476ms
[2025-11-08T13:17:15.600+0000][gc,cpu        ] GC(29) User=0.06s Sys=0.00s Real=0.07s
[2025-11-08T13:17:15.974+0000][gc,start      ] GC(30) Pause Young (Normal) (G1 Evacuation Pause)
[2025-11-08T13:17:15.976+0000][gc,task       ] GC(30) Using 2 workers of 2 for evacuation
[2025-11-08T13:17:16.008+0000][gc,mmu        ] GC(30) MMU target violated: 21.0ms (20.0ms/21.0ms)
[2025-11-08T13:17:16.009+0000][gc,phases     ] GC(30)   Pre Evacuate Collection Set: 0.1ms
[2025-11-08T13:17:16.011+0000][gc,phases     ] GC(30)   Evacuate Collection Set: 31.3ms
[2025-11-08T13:17:16.012+0000][gc,phases     ] GC(30)   Post Evacuate Collection Set: 0.5ms
[2025-11-08T13:17:16.013+0000][gc,phases     ] GC(30)   Other: 3.3ms
[2025-11-08T13:17:16.015+0000][gc,heap       ] GC(30) Eden regions: 23->0(23)
[2025-11-08T13:17:16.016+0000][gc,heap       ] GC(30) Survivor regions: 2->2(4)
[2025-11-08T13:17:16.017+0000][gc,heap       ] GC(30) Old regions: 12->13
[2025-11-08T13:17:16.017+0000][gc,heap       ] GC(30) Humongous regions: 54->54
[2025-11-08T13:17:16.018+0000][gc,metaspace  ] GC(30) Metaspace: 43829K(45488K)->43829K(45488K) NonClass: 39130K(40112K)->39130K(40112K) Class: 4699K(5376K)->4699K(5376K)
[2025-11-08T13:17:16.019+0000][gc            ] GC(30) Pause Young (Normal) (G1 Evacuation Pause) 90M->67M(512M) 44.528ms
[2025-11-08T13:17:16.019+0000][gc,cpu        ] GC(30) User=0.05s Sys=0.01s Real=0.04s
[2025-11-08T13:17:16.300+0000][gc,start      ] GC(31) Pause Young (Normal) (G1 Evacuation Pause)
[2025-11-08T13:17:16.303+0000][gc,task       ] GC(31) Using 2 workers of 2 for evacuation
[2025-11-08T13:17:16.330+0000][gc,mmu        ] GC(31) MMU target violated: 21.0ms (20.0ms/21.0ms)
[2025-11-08T13:17:16.333+0000][gc,phases     ] GC(31)   Pre Evacuate Collection Set: 0.1ms
[2025-11-08T13:17:16.337+0000][gc,phases     ] GC(31)   Evacuate Collection Set: 21.6ms
[2025-11-08T13:17:16.343+0000][gc,phases     ] GC(31)   Post Evacuate Collection Set: 4.0ms
[2025-11-08T13:17:16.344+0000][gc,phases     ] GC(31)   Other: 7.6ms
[2025-11-08T13:17:16.344+0000][gc,heap       ] GC(31) Eden regions: 23->0(24)
[2025-11-08T13:17:16.351+0000][gc,heap       ] GC(31) Survivor regions: 2->1(4)
[2025-11-08T13:17:16.351+0000][gc,heap       ] GC(31) Old regions: 13->13
[2025-11-08T13:17:16.352+0000][gc,heap       ] GC(31) Humongous regions: 54->54
[2025-11-08T13:17:16.353+0000][gc,metaspace  ] GC(31) Metaspace: 43833K(45488K)->43833K(45488K) NonClass: 39134K(40112K)->39134K(40112K) Class: 4699K(5376K)->4699K(5376K)
[2025-11-08T13:17:16.364+0000][gc            ] GC(31) Pause Young (Normal) (G1 Evacuation Pause) 90M->67M(512M) 63.839ms
[2025-11-08T13:17:16.365+0000][gc,cpu        ] GC(31) User=0.05s Sys=0.01s Real=0.07s
[2025-11-08T13:17:16.742+0000][gc,start      ] GC(32) Pause Young (Normal) (G1 Evacuation Pause)
[2025-11-08T13:17:16.747+0000][gc,task       ] GC(32) Using 2 workers of 2 for evacuation
[2025-11-08T13:17:16.797+0000][gc,mmu        ] GC(32) MMU target violated: 21.0ms (20.0ms/21.0ms)
[2025-11-08T13:17:16.799+0000][gc,phases     ] GC(32)   Pre Evacuate Collection Set: 0.1ms
[2025-11-08T13:17:16.802+0000][gc,phases     ] GC(32)   Evacuate Collection Set: 46.8ms
[2025-11-08T13:17:16.802+0000][gc,phases     ] GC(32)   Post Evacuate Collection Set: 0.5ms
[2025-11-08T13:17:16.803+0000][gc,phases     ] GC(32)   Other: 9.7ms
[2025-11-08T13:17:16.803+0000][gc,heap       ] GC(32) Eden regions: 24->0(24)
[2025-11-08T13:17:16.804+0000][gc,heap       ] GC(32) Survivor regions: 1->1(4)
[2025-11-08T13:17:16.804+0000][gc,heap       ] GC(32) Old regions: 13->13
[2025-11-08T13:17:16.804+0000][gc,heap       ] GC(32) Humongous regions: 54->54
[2025-11-08T13:17:16.806+0000][gc,metaspace  ] GC(32) Metaspace: 43843K(45488K)->43843K(45488K) NonClass: 39144K(40112K)->39144K(40112K) Class: 4699K(5376K)->4699K(5376K)
[2025-11-08T13:17:16.808+0000][gc            ] GC(32) Pause Young (Normal) (G1 Evacuation Pause) 91M->67M(512M) 66.139ms
[2025-11-08T13:17:16.810+0000][gc,cpu        ] GC(32) User=0.03s Sys=0.01s Real=0.07s
[2025-11-08T13:17:17.000+0000][gc,start      ] GC(33) Pause Young (Normal) (G1 Evacuation Pause)
[2025-11-08T13:17:17.000+0000][gc,task       ] GC(33) Using 2 workers of 2 for evacuation
[2025-11-08T13:17:17.053+0000][gc,mmu        ] GC(33) MMU target violated: 21.0ms (20.0ms/21.0ms)
[2025-11-08T13:17:17.078+0000][gc,phases     ] GC(33)   Pre Evacuate Collection Set: 0.1ms
[2025-11-08T13:17:17.079+0000][gc,phases     ] GC(33)   Evacuate Collection Set: 13.2ms
[2025-11-08T13:17:17.082+0000][gc,phases     ] GC(33)   Post Evacuate Collection Set: 33.4ms
[2025-11-08T13:17:17.086+0000][gc,phases     ] GC(33)   Other: 31.9ms
[2025-11-08T13:17:17.086+0000][gc,heap       ] GC(33) Eden regions: 24->0(29)
[2025-11-08T13:17:17.086+0000][gc,heap       ] GC(33) Survivor regions: 1->1(4)
[2025-11-08T13:17:17.086+0000][gc,heap       ] GC(33) Old regions: 13->14
[2025-11-08T13:17:17.087+0000][gc,heap       ] GC(33) Humongous regions: 54->54
[2025-11-08T13:17:17.087+0000][gc,metaspace  ] GC(33) Metaspace: 43843K(45488K)->43843K(45488K) NonClass: 39144K(40112K)->39144K(40112K) Class: 4699K(5376K)->4699K(5376K)
[2025-11-08T13:17:17.087+0000][gc            ] GC(33) Pause Young (Normal) (G1 Evacuation Pause) 91M->67M(615M) 87.680ms
[2025-11-08T13:17:17.088+0000][gc,cpu        ] GC(33) User=0.08s Sys=0.01s Real=0.09s
[2025-11-08T13:17:17.299+0000][gc,start      ] GC(34) Pause Young (Normal) (G1 Evacuation Pause)
[2025-11-08T13:17:17.300+0000][gc,task       ] GC(34) Using 2 workers of 2 for evacuation
[2025-11-08T13:17:17.350+0000][gc,mmu        ] GC(34) MMU target violated: 21.0ms (20.0ms/21.0ms)
[2025-11-08T13:17:17.351+0000][gc,phases     ] GC(34)   Pre Evacuate Collection Set: 0.1ms
[2025-11-08T13:17:17.364+0000][gc,phases     ] GC(34)   Evacuate Collection Set: 48.0ms
[2025-11-08T13:17:17.366+0000][gc,phases     ] GC(34)   Post Evacuate Collection Set: 0.5ms
[2025-11-08T13:17:17.367+0000][gc,phases     ] GC(34)   Other: 3.6ms
[2025-11-08T13:17:17.370+0000][gc,heap       ] GC(34) Eden regions: 29->0(29)
[2025-11-08T13:17:17.371+0000][gc,heap       ] GC(34) Survivor regions: 1->1(4)
[2025-11-08T13:17:17.372+0000][gc,heap       ] GC(34) Old regions: 14->14
[2025-11-08T13:17:17.372+0000][gc,heap       ] GC(34) Humongous regions: 54->54
[2025-11-08T13:17:17.375+0000][gc,metaspace  ] GC(34) Metaspace: 43844K(45488K)->43844K(45488K) NonClass: 39145K(40112K)->39145K(40112K) Class: 4699K(5376K)->4699K(5376K)
[2025-11-08T13:17:17.375+0000][gc            ] GC(34) Pause Young (Normal) (G1 Evacuation Pause) 96M->67M(615M) 76.347ms
[2025-11-08T13:17:17.376+0000][gc,cpu        ] GC(34) User=0.01s Sys=0.01s Real=0.08s
[2025-11-08T13:17:17.719+0000][gc,start      ] GC(35) Pause Young (Normal) (G1 Evacuation Pause)
[2025-11-08T13:17:17.749+0000][gc,task       ] GC(35) Using 2 workers of 2 for evacuation
[2025-11-08T13:17:17.771+0000][gc,phases     ] GC(35)   Pre Evacuate Collection Set: 0.1ms
[2025-11-08T13:17:17.788+0000][gc,phases     ] GC(35)   Evacuate Collection Set: 10.1ms
[2025-11-08T13:17:17.789+0000][gc,phases     ] GC(35)   Post Evacuate Collection Set: 9.1ms
[2025-11-08T13:17:17.790+0000][gc,phases     ] GC(35)   Other: 32.6ms
[2025-11-08T13:17:17.790+0000][gc,heap       ] GC(35) Eden regions: 29->0(29)
[2025-11-08T13:17:17.791+0000][gc,heap       ] GC(35) Survivor regions: 1->1(4)
[2025-11-08T13:17:17.791+0000][gc,heap       ] GC(35) Old regions: 14->14
[2025-11-08T13:17:17.794+0000][gc,heap       ] GC(35) Humongous regions: 54->54
[2025-11-08T13:17:17.795+0000][gc,metaspace  ] GC(35) Metaspace: 43854K(45488K)->43854K(45488K) NonClass: 39155K(40112K)->39155K(40112K) Class: 4699K(5376K)->4699K(5376K)
[2025-11-08T13:17:17.798+0000][gc            ] GC(35) Pause Young (Normal) (G1 Evacuation Pause) 96M->67M(615M) 78.342ms
[2025-11-08T13:17:17.798+0000][gc,cpu        ] GC(35) User=0.01s Sys=0.00s Real=0.08s
[2025-11-08T13:17:18.100+0000][gc,start      ] GC(36) Pause Young (Normal) (G1 Evacuation Pause)
[2025-11-08T13:17:18.100+0000][gc,task       ] GC(36) Using 2 workers of 2 for evacuation
[2025-11-08T13:17:18.136+0000][gc,mmu        ] GC(36) MMU target violated: 21.0ms (20.0ms/21.0ms)
[2025-11-08T13:17:18.137+0000][gc,phases     ] GC(36)   Pre Evacuate Collection Set: 0.1ms
[2025-11-08T13:17:18.140+0000][gc,phases     ] GC(36)   Evacuate Collection Set: 30.3ms
[2025-11-08T13:17:18.140+0000][gc,phases     ] GC(36)   Post Evacuate Collection Set: 5.5ms
[2025-11-08T13:17:18.141+0000][gc,phases     ] GC(36)   Other: 1.5ms
[2025-11-08T13:17:18.141+0000][gc,heap       ] GC(36) Eden regions: 29->0(29)
[2025-11-08T13:17:18.144+0000][gc,heap       ] GC(36) Survivor regions: 1->1(4)
[2025-11-08T13:17:18.144+0000][gc,heap       ] GC(36) Old regions: 14->14
[2025-11-08T13:17:18.145+0000][gc,heap       ] GC(36) Humongous regions: 63->63
[2025-11-08T13:17:18.145+0000][gc,metaspace  ] GC(36) Metaspace: 43867K(45488K)->43867K(45488K) NonClass: 39166K(40112K)->39166K(40112K) Class: 4701K(5376K)->4701K(5376K)
[2025-11-08T13:17:18.145+0000][gc            ] GC(36) Pause Young (Normal) (G1 Evacuation Pause) 105M->76M(615M) 45.702ms
[2025-11-08T13:17:18.149+0000][gc,cpu        ] GC(36) User=0.03s Sys=0.00s Real=0.05s
[2025-11-08T13:17:18.436+0000][gc,start      ] GC(37) Pause Young (Normal) (G1 Evacuation Pause)
[2025-11-08T13:17:18.448+0000][gc,task       ] GC(37) Using 2 workers of 2 for evacuation
[2025-11-08T13:17:18.477+0000][gc,mmu        ] GC(37) MMU target violated: 21.0ms (20.0ms/21.0ms)
[2025-11-08T13:17:18.478+0000][gc,phases     ] GC(37)   Pre Evacuate Collection Set: 2.2ms
[2025-11-08T13:17:18.479+0000][gc,phases     ] GC(37)   Evacuate Collection Set: 23.6ms
[2025-11-08T13:17:18.480+0000][gc,phases     ] GC(37)   Post Evacuate Collection Set: 1.2ms
[2025-11-08T13:17:18.482+0000][gc,phases     ] GC(37)   Other: 14.6ms
[2025-11-08T13:17:18.485+0000][gc,heap       ] GC(37) Eden regions: 29->0(29)
[2025-11-08T13:17:18.488+0000][gc,heap       ] GC(37) Survivor regions: 1->1(4)
[2025-11-08T13:17:18.498+0000][gc,heap       ] GC(37) Old regions: 14->14
[2025-11-08T13:17:18.498+0000][gc,heap       ] GC(37) Humongous regions: 63->63
[2025-11-08T13:17:18.501+0000][gc,metaspace  ] GC(37) Metaspace: 43877K(45488K)->43877K(45488K) NonClass: 39175K(40112K)->39175K(40112K) Class: 4701K(5376K)->4701K(5376K)
[2025-11-08T13:17:18.502+0000][gc            ] GC(37) Pause Young (Normal) (G1 Evacuation Pause) 105M->76M(615M) 65.482ms
[2025-11-08T13:17:18.503+0000][gc,cpu        ] GC(37) User=0.04s Sys=0.00s Real=0.07s
[2025-11-08T13:17:18.729+0000][gc,start      ] GC(38) Pause Young (Normal) (G1 Evacuation Pause)
[2025-11-08T13:17:18.729+0000][gc,task       ] GC(38) Using 2 workers of 2 for evacuation
[2025-11-08T13:17:18.793+0000][gc,mmu        ] GC(38) MMU target violated: 21.0ms (20.0ms/21.0ms)
[2025-11-08T13:17:18.794+0000][gc,phases     ] GC(38)   Pre Evacuate Collection Set: 0.1ms
[2025-11-08T13:17:18.795+0000][gc,phases     ] GC(38)   Evacuate Collection Set: 61.2ms
[2025-11-08T13:17:18.795+0000][gc,phases     ] GC(38)   Post Evacuate Collection Set: 1.7ms
[2025-11-08T13:17:18.795+0000][gc,phases     ] GC(38)   Other: 2.4ms
[2025-11-08T13:17:18.798+0000][gc,heap       ] GC(38) Eden regions: 29->0(31)
[2025-11-08T13:17:18.799+0000][gc,heap       ] GC(38) Survivor regions: 1->1(4)
[2025-11-08T13:17:18.799+0000][gc,heap       ] GC(38) Old regions: 14->14
[2025-11-08T13:17:18.800+0000][gc,heap       ] GC(38) Humongous regions: 63->63
[2025-11-08T13:17:18.833+0000][gc,metaspace  ] GC(38) Metaspace: 43877K(45488K)->43877K(45488K) NonClass: 39175K(40112K)->39175K(40112K) Class: 4701K(5376K)->4701K(5376K)
[2025-11-08T13:17:18.834+0000][gc            ] GC(38) Pause Young (Normal) (G1 Evacuation Pause) 105M->76M(652M) 105.574ms
[2025-11-08T13:17:18.840+0000][gc,cpu        ] GC(38) User=0.02s Sys=0.00s Real=0.11s
[2025-11-08T13:17:19.221+0000][gc,start      ] GC(39) Pause Young (Normal) (G1 Evacuation Pause)
[2025-11-08T13:17:19.222+0000][gc,task       ] GC(39) Using 2 workers of 2 for evacuation
[2025-11-08T13:17:19.249+0000][gc,mmu        ] GC(39) MMU target violated: 21.0ms (20.0ms/21.0ms)
[2025-11-08T13:17:19.250+0000][gc,phases     ] GC(39)   Pre Evacuate Collection Set: 0.1ms
[2025-11-08T13:17:19.262+0000][gc,phases     ] GC(39)   Evacuate Collection Set: 22.6ms
[2025-11-08T13:17:19.267+0000][gc,phases     ] GC(39)   Post Evacuate Collection Set: 3.2ms
[2025-11-08T13:17:19.285+0000][gc,phases     ] GC(39)   Other: 2.4ms
[2025-11-08T13:17:19.289+0000][gc,heap       ] GC(39) Eden regions: 31->0(31)
[2025-11-08T13:17:19.290+0000][gc,heap       ] GC(39) Survivor regions: 1->1(4)
[2025-11-08T13:17:19.292+0000][gc,heap       ] GC(39) Old regions: 14->14
[2025-11-08T13:17:19.294+0000][gc,heap       ] GC(39) Humongous regions: 72->63
[2025-11-08T13:17:19.294+0000][gc,metaspace  ] GC(39) Metaspace: 43888K(45488K)->43888K(45488K) NonClass: 39184K(40112K)->39184K(40112K) Class: 4704K(5376K)->4704K(5376K)
[2025-11-08T13:17:19.295+0000][gc            ] GC(39) Pause Young (Normal) (G1 Evacuation Pause) 116M->76M(652M) 73.061ms
[2025-11-08T13:17:19.295+0000][gc,cpu        ] GC(39) User=0.04s Sys=0.00s Real=0.08s
[2025-11-08T13:17:19.605+0000][gc,start      ] GC(40) Pause Young (Normal) (G1 Evacuation Pause)
[2025-11-08T13:17:19.605+0000][gc,task       ] GC(40) Using 2 workers of 2 for evacuation
[2025-11-08T13:17:19.632+0000][gc,mmu        ] GC(40) MMU target violated: 21.0ms (20.0ms/21.0ms)
[2025-11-08T13:17:19.633+0000][gc,phases     ] GC(40)   Pre Evacuate Collection Set: 0.2ms
[2025-11-08T13:17:19.633+0000][gc,phases     ] GC(40)   Evacuate Collection Set: 25.7ms
[2025-11-08T13:17:19.633+0000][gc,phases     ] GC(40)   Post Evacuate Collection Set: 0.6ms
[2025-11-08T13:17:19.634+0000][gc,phases     ] GC(40)   Other: 1.6ms
[2025-11-08T13:17:19.635+0000][gc,heap       ] GC(40) Eden regions: 31->0(31)
[2025-11-08T13:17:19.635+0000][gc,heap       ] GC(40) Survivor regions: 1->1(4)
[2025-11-08T13:17:19.636+0000][gc,heap       ] GC(40) Old regions: 14->14
[2025-11-08T13:17:19.636+0000][gc,heap       ] GC(40) Humongous regions: 63->63
[2025-11-08T13:17:19.638+0000][gc,metaspace  ] GC(40) Metaspace: 43893K(45488K)->43893K(45488K) NonClass: 39189K(40112K)->39189K(40112K) Class: 4704K(5376K)->4704K(5376K)
[2025-11-08T13:17:19.639+0000][gc            ] GC(40) Pause Young (Normal) (G1 Evacuation Pause) 107M->76M(652M) 34.168ms
[2025-11-08T13:17:19.640+0000][gc,cpu        ] GC(40) User=0.02s Sys=0.01s Real=0.03s
[2025-11-08T13:17:20.123+0000][gc,start      ] GC(41) Pause Young (Normal) (G1 Evacuation Pause)
[2025-11-08T13:17:20.143+0000][gc,task       ] GC(41) Using 2 workers of 2 for evacuation
[2025-11-08T13:17:20.237+0000][gc,mmu        ] GC(41) MMU target violated: 21.0ms (20.0ms/21.0ms)
[2025-11-08T13:17:20.238+0000][gc,phases     ] GC(41)   Pre Evacuate Collection Set: 0.3ms
[2025-11-08T13:17:20.242+0000][gc,phases     ] GC(41)   Evacuate Collection Set: 57.0ms
[2025-11-08T13:17:20.244+0000][gc,phases     ] GC(41)   Post Evacuate Collection Set: 0.7ms
[2025-11-08T13:17:20.245+0000][gc,phases     ] GC(41)   Other: 60.5ms
[2025-11-08T13:17:20.246+0000][gc,heap       ] GC(41) Eden regions: 31->0(31)
[2025-11-08T13:17:20.247+0000][gc,heap       ] GC(41) Survivor regions: 1->1(4)
[2025-11-08T13:17:20.257+0000][gc,heap       ] GC(41) Old regions: 14->14
[2025-11-08T13:17:20.258+0000][gc,heap       ] GC(41) Humongous regions: 63->63
[2025-11-08T13:17:20.258+0000][gc,metaspace  ] GC(41) Metaspace: 43898K(45488K)->43898K(45488K) NonClass: 39194K(40112K)->39194K(40112K) Class: 4704K(5376K)->4704K(5376K)
[2025-11-08T13:17:20.259+0000][gc            ] GC(41) Pause Young (Normal) (G1 Evacuation Pause) 107M->76M(652M) 135.789ms
[2025-11-08T13:17:20.260+0000][gc,cpu        ] GC(41) User=0.03s Sys=0.01s Real=0.14s
[2025-11-08T13:17:20.694+0000][gc,start      ] GC(42) Pause Young (Normal) (G1 Evacuation Pause)
[2025-11-08T13:17:20.711+0000][gc,task       ] GC(42) Using 2 workers of 2 for evacuation
[2025-11-08T13:17:20.771+0000][gc,mmu        ] GC(42) MMU target violated: 21.0ms (20.0ms/21.0ms)
[2025-11-08T13:17:20.771+0000][gc,phases     ] GC(42)   Pre Evacuate Collection Set: 0.6ms
[2025-11-08T13:17:20.771+0000][gc,phases     ] GC(42)   Evacuate Collection Set: 25.6ms
[2025-11-08T13:17:20.772+0000][gc,phases     ] GC(42)   Post Evacuate Collection Set: 3.0ms
[2025-11-08T13:17:20.786+0000][gc,phases     ] GC(42)   Other: 48.0ms
[2025-11-08T13:17:20.789+0000][gc,heap       ] GC(42) Eden regions: 31->0(31)
[2025-11-08T13:17:20.793+0000][gc,heap       ] GC(42) Survivor regions: 1->1(4)
[2025-11-08T13:17:20.794+0000][gc,heap       ] GC(42) Old regions: 14->14
[2025-11-08T13:17:20.801+0000][gc,heap       ] GC(42) Humongous regions: 63->63
[2025-11-08T13:17:20.802+0000][gc,metaspace  ] GC(42) Metaspace: 43898K(45488K)->43898K(45488K) NonClass: 39194K(40112K)->39194K(40112K) Class: 4704K(5376K)->4704K(5376K)
[2025-11-08T13:17:20.803+0000][gc            ] GC(42) Pause Young (Normal) (G1 Evacuation Pause) 107M->76M(652M) 109.020ms
[2025-11-08T13:17:20.810+0000][gc,cpu        ] GC(42) User=0.02s Sys=0.01s Real=0.11s
[2025-11-08T13:17:21.064+0000][gc,start      ] GC(43) Pause Young (Normal) (G1 Evacuation Pause)
[2025-11-08T13:17:21.064+0000][gc,task       ] GC(43) Using 2 workers of 2 for evacuation
[2025-11-08T13:17:21.083+0000][gc,phases     ] GC(43)   Pre Evacuate Collection Set: 0.1ms
[2025-11-08T13:17:21.085+0000][gc,phases     ] GC(43)   Evacuate Collection Set: 17.1ms
[2025-11-08T13:17:21.085+0000][gc,phases     ] GC(43)   Post Evacuate Collection Set: 1.2ms
[2025-11-08T13:17:21.088+0000][gc,phases     ] GC(43)   Other: 1.1ms
[2025-11-08T13:17:21.089+0000][gc,heap       ] GC(43) Eden regions: 31->0(31)
[2025-11-08T13:17:21.090+0000][gc,heap       ] GC(43) Survivor regions: 1->1(4)
[2025-11-08T13:17:21.092+0000][gc,heap       ] GC(43) Old regions: 14->14
[2025-11-08T13:17:21.093+0000][gc,heap       ] GC(43) Humongous regions: 72->72
[2025-11-08T13:17:21.093+0000][gc,metaspace  ] GC(43) Metaspace: 43901K(45488K)->43901K(45488K) NonClass: 39197K(40112K)->39197K(40112K) Class: 4704K(5376K)->4704K(5376K)
[2025-11-08T13:17:21.094+0000][gc            ] GC(43) Pause Young (Normal) (G1 Evacuation Pause) 116M->85M(652M) 30.042ms
[2025-11-08T13:17:21.094+0000][gc,cpu        ] GC(43) User=0.02s Sys=0.01s Real=0.03s
[2025-11-08T13:17:21.434+0000][gc,start      ] GC(44) Pause Young (Normal) (G1 Evacuation Pause)
[2025-11-08T13:17:21.438+0000][gc,task       ] GC(44) Using 2 workers of 2 for evacuation
[2025-11-08T13:17:21.460+0000][gc,mmu        ] GC(44) MMU target violated: 21.0ms (20.0ms/21.0ms)
[2025-11-08T13:17:21.461+0000][gc,phases     ] GC(44)   Pre Evacuate Collection Set: 0.1ms
[2025-11-08T13:17:21.461+0000][gc,phases     ] GC(44)   Evacuate Collection Set: 20.2ms
[2025-11-08T13:17:21.463+0000][gc,phases     ] GC(44)   Post Evacuate Collection Set: 1.3ms
[2025-11-08T13:17:21.464+0000][gc,phases     ] GC(44)   Other: 5.7ms
[2025-11-08T13:17:21.464+0000][gc,heap       ] GC(44) Eden regions: 31->0(31)
[2025-11-08T13:17:21.465+0000][gc,heap       ] GC(44) Survivor regions: 1->1(4)
[2025-11-08T13:17:21.465+0000][gc,heap       ] GC(44) Old regions: 14->14
[2025-11-08T13:17:21.466+0000][gc,heap       ] GC(44) Humongous regions: 72->72
[2025-11-08T13:17:21.466+0000][gc,metaspace  ] GC(44) Metaspace: 43902K(45488K)->43902K(45488K) NonClass: 39198K(40112K)->39198K(40112K) Class: 4704K(5376K)->4704K(5376K)
[2025-11-08T13:17:21.467+0000][gc            ] GC(44) Pause Young (Normal) (G1 Evacuation Pause) 116M->85M(652M) 33.648ms
[2025-11-08T13:17:21.468+0000][gc,cpu        ] GC(44) User=0.01s Sys=0.01s Real=0.03s
[2025-11-08T13:17:21.646+0000][gc,start      ] GC(45) Pause Young (Normal) (G1 Evacuation Pause)
[2025-11-08T13:17:21.647+0000][gc,task       ] GC(45) Using 2 workers of 2 for evacuation
[2025-11-08T13:17:21.667+0000][gc,phases     ] GC(45)   Pre Evacuate Collection Set: 0.1ms
[2025-11-08T13:17:21.671+0000][gc,phases     ] GC(45)   Evacuate Collection Set: 18.2ms
[2025-11-08T13:17:21.671+0000][gc,phases     ] GC(45)   Post Evacuate Collection Set: 1.2ms
[2025-11-08T13:17:21.676+0000][gc,phases     ] GC(45)   Other: 1.0ms
[2025-11-08T13:17:21.677+0000][gc,heap       ] GC(45) Eden regions: 31->0(31)
[2025-11-08T13:17:21.677+0000][gc,heap       ] GC(45) Survivor regions: 1->1(4)
[2025-11-08T13:17:21.681+0000][gc,heap       ] GC(45) Old regions: 14->14
[2025-11-08T13:17:21.683+0000][gc,heap       ] GC(45) Humongous regions: 72->72
[2025-11-08T13:17:21.688+0000][gc,metaspace  ] GC(45) Metaspace: 43902K(45488K)->43902K(45488K) NonClass: 39198K(40112K)->39198K(40112K) Class: 4704K(5376K)->4704K(5376K)
[2025-11-08T13:17:21.692+0000][gc            ] GC(45) Pause Young (Normal) (G1 Evacuation Pause) 116M->85M(652M) 45.462ms
[2025-11-08T13:17:21.715+0000][gc,cpu        ] GC(45) User=0.07s Sys=0.00s Real=0.07s
[2025-11-08T13:17:21.970+0000][gc,start      ] GC(46) Pause Young (Normal) (G1 Evacuation Pause)
[2025-11-08T13:17:21.976+0000][gc,task       ] GC(46) Using 2 workers of 2 for evacuation
[2025-11-08T13:17:22.003+0000][gc,mmu        ] GC(46) MMU target violated: 21.0ms (20.0ms/21.0ms)
[2025-11-08T13:17:22.004+0000][gc,phases     ] GC(46)   Pre Evacuate Collection Set: 0.1ms
[2025-11-08T13:17:22.005+0000][gc,phases     ] GC(46)   Evacuate Collection Set: 16.6ms
[2025-11-08T13:17:22.006+0000][gc,phases     ] GC(46)   Post Evacuate Collection Set: 7.2ms
[2025-11-08T13:17:22.017+0000][gc,phases     ] GC(46)   Other: 10.7ms
[2025-11-08T13:17:22.018+0000][gc,heap       ] GC(46) Eden regions: 31->0(31)
[2025-11-08T13:17:22.018+0000][gc,heap       ] GC(46) Survivor regions: 1->1(4)
[2025-11-08T13:17:22.018+0000][gc,heap       ] GC(46) Old regions: 14->14
[2025-11-08T13:17:22.019+0000][gc,heap       ] GC(46) Humongous regions: 72->72
[2025-11-08T13:17:22.019+0000][gc,metaspace  ] GC(46) Metaspace: 43903K(45488K)->43903K(45488K) NonClass: 39199K(40112K)->39199K(40112K) Class: 4704K(5376K)->4704K(5376K)
[2025-11-08T13:17:22.020+0000][gc            ] GC(46) Pause Young (Normal) (G1 Evacuation Pause) 116M->85M(652M) 50.798ms
[2025-11-08T13:17:22.021+0000][gc,cpu        ] GC(46) User=0.01s Sys=0.00s Real=0.05s
[2025-11-08T13:17:22.211+0000][gc,start      ] GC(47) Pause Young (Normal) (G1 Evacuation Pause)
[2025-11-08T13:17:22.212+0000][gc,task       ] GC(47) Using 2 workers of 2 for evacuation
[2025-11-08T13:17:22.225+0000][gc,phases     ] GC(47)   Pre Evacuate Collection Set: 0.1ms
[2025-11-08T13:17:22.225+0000][gc,phases     ] GC(47)   Evacuate Collection Set: 6.7ms
[2025-11-08T13:17:22.226+0000][gc,phases     ] GC(47)   Post Evacuate Collection Set: 4.4ms
[2025-11-08T13:17:22.227+0000][gc,phases     ] GC(47)   Other: 2.2ms
[2025-11-08T13:17:22.230+0000][gc,heap       ] GC(47) Eden regions: 31->0(31)
[2025-11-08T13:17:22.230+0000][gc,heap       ] GC(47) Survivor regions: 1->1(4)
[2025-11-08T13:17:22.230+0000][gc,heap       ] GC(47) Old regions: 14->14
[2025-11-08T13:17:22.232+0000][gc,heap       ] GC(47) Humongous regions: 72->72
[2025-11-08T13:17:22.233+0000][gc,metaspace  ] GC(47) Metaspace: 43906K(45488K)->43906K(45488K) NonClass: 39202K(40112K)->39202K(40112K) Class: 4704K(5376K)->4704K(5376K)
[2025-11-08T13:17:22.234+0000][gc            ] GC(47) Pause Young (Normal) (G1 Evacuation Pause) 116M->85M(652M) 22.907ms
[2025-11-08T13:17:22.234+0000][gc,cpu        ] GC(47) User=0.01s Sys=0.00s Real=0.03s
[2025-11-08T13:17:22.480+0000][gc,start      ] GC(48) Pause Young (Normal) (G1 Evacuation Pause)
[2025-11-08T13:17:22.480+0000][gc,task       ] GC(48) Using 2 workers of 2 for evacuation
[2025-11-08T13:17:22.504+0000][gc,phases     ] GC(48)   Pre Evacuate Collection Set: 0.1ms
[2025-11-08T13:17:22.512+0000][gc,phases     ] GC(48)   Evacuate Collection Set: 11.6ms
[2025-11-08T13:17:22.519+0000][gc,phases     ] GC(48)   Post Evacuate Collection Set: 7.0ms
[2025-11-08T13:17:22.519+0000][gc,phases     ] GC(48)   Other: 6.0ms
[2025-11-08T13:17:22.533+0000][gc,heap       ] GC(48) Eden regions: 31->0(31)
[2025-11-08T13:17:22.534+0000][gc,heap       ] GC(48) Survivor regions: 1->1(4)
[2025-11-08T13:17:22.535+0000][gc,heap       ] GC(48) Old regions: 14->14
[2025-11-08T13:17:22.543+0000][gc,heap       ] GC(48) Humongous regions: 72->72
[2025-11-08T13:17:22.545+0000][gc,metaspace  ] GC(48) Metaspace: 43907K(45488K)->43907K(45488K) NonClass: 39203K(40112K)->39203K(40112K) Class: 4704K(5376K)->4704K(5376K)
[2025-11-08T13:17:22.546+0000][gc            ] GC(48) Pause Young (Normal) (G1 Evacuation Pause) 116M->85M(652M) 66.319ms
[2025-11-08T13:17:22.550+0000][gc,cpu        ] GC(48) User=0.03s Sys=0.00s Real=0.07s
[2025-11-08T13:17:22.773+0000][gc,start      ] GC(49) Pause Young (Normal) (G1 Evacuation Pause)
[2025-11-08T13:17:22.782+0000][gc,task       ] GC(49) Using 2 workers of 2 for evacuation
[2025-11-08T13:17:22.823+0000][gc,mmu        ] GC(49) MMU target violated: 21.0ms (20.0ms/21.0ms)
[2025-11-08T13:17:22.889+0000][gc,phases     ] GC(49)   Pre Evacuate Collection Set: 0.2ms
[2025-11-08T13:17:22.893+0000][gc,phases     ] GC(49)   Evacuate Collection Set: 26.3ms
[2025-11-08T13:17:22.898+0000][gc,phases     ] GC(49)   Post Evacuate Collection Set: 8.6ms
[2025-11-08T13:17:22.899+0000][gc,phases     ] GC(49)   Other: 80.7ms
[2025-11-08T13:17:22.900+0000][gc,heap       ] GC(49) Eden regions: 31->0(32)
[2025-11-08T13:17:22.902+0000][gc,heap       ] GC(49) Survivor regions: 1->1(4)
[2025-11-08T13:17:22.918+0000][gc,heap       ] GC(49) Old regions: 14->14
[2025-11-08T13:17:22.919+0000][gc,heap       ] GC(49) Humongous regions: 72->72
[2025-11-08T13:17:22.919+0000][gc,metaspace  ] GC(49) Metaspace: 43907K(45488K)->43907K(45488K) NonClass: 39203K(40112K)->39203K(40112K) Class: 4704K(5376K)->4704K(5376K)
[2025-11-08T13:17:22.969+0000][gc            ] GC(49) Pause Young (Normal) (G1 Evacuation Pause) 116M->85M(667M) 195.122ms
[2025-11-08T13:17:22.995+0000][gc,cpu        ] GC(49) User=0.06s Sys=0.01s Real=0.23s
[2025-11-08T13:17:23.252+0000][gc,start      ] GC(50) Pause Young (Normal) (G1 Evacuation Pause)
[2025-11-08T13:17:23.254+0000][gc,task       ] GC(50) Using 2 workers of 2 for evacuation
[2025-11-08T13:17:23.262+0000][gc,phases     ] GC(50)   Pre Evacuate Collection Set: 0.3ms
[2025-11-08T13:17:23.263+0000][gc,phases     ] GC(50)   Evacuate Collection Set: 5.7ms
[2025-11-08T13:17:23.264+0000][gc,phases     ] GC(50)   Post Evacuate Collection Set: 1.4ms
[2025-11-08T13:17:23.264+0000][gc,phases     ] GC(50)   Other: 2.6ms
[2025-11-08T13:17:23.265+0000][gc,heap       ] GC(50) Eden regions: 32->0(32)
[2025-11-08T13:17:23.266+0000][gc,heap       ] GC(50) Survivor regions: 1->1(5)
[2025-11-08T13:17:23.267+0000][gc,heap       ] GC(50) Old regions: 14->14
[2025-11-08T13:17:23.270+0000][gc,heap       ] GC(50) Humongous regions: 83->65
[2025-11-08T13:17:23.271+0000][gc,metaspace  ] GC(50) Metaspace: 43924K(45488K)->43924K(45488K) NonClass: 39220K(40112K)->39220K(40112K) Class: 4704K(5376K)->4704K(5376K)
[2025-11-08T13:17:23.273+0000][gc            ] GC(50) Pause Young (Normal) (G1 Evacuation Pause) 128M->78M(667M) 21.011ms
[2025-11-08T13:17:23.275+0000][gc,cpu        ] GC(50) User=0.01s Sys=0.00s Real=0.03s
[2025-11-08T13:17:23.473+0000][gc,start      ] GC(51) Pause Young (Normal) (G1 Evacuation Pause)
[2025-11-08T13:17:23.475+0000][gc,task       ] GC(51) Using 2 workers of 2 for evacuation
[2025-11-08T13:17:23.489+0000][gc,phases     ] GC(51)   Pre Evacuate Collection Set: 0.1ms
[2025-11-08T13:17:23.576+0000][gc,phases     ] GC(51)   Evacuate Collection Set: 11.1ms
[2025-11-08T13:17:23.582+0000][gc,phases     ] GC(51)   Post Evacuate Collection Set: 1.4ms
[2025-11-08T13:17:23.593+0000][gc,phases     ] GC(51)   Other: 3.0ms
[2025-11-08T13:17:23.594+0000][gc,heap       ] GC(51) Eden regions: 32->0(33)
[2025-11-08T13:17:23.594+0000][gc,heap       ] GC(51) Survivor regions: 1->1(5)
[2025-11-08T13:17:23.595+0000][gc,heap       ] GC(51) Old regions: 14->14
[2025-11-08T13:17:23.595+0000][gc,heap       ] GC(51) Humongous regions: 65->65
[2025-11-08T13:17:23.595+0000][gc,metaspace  ] GC(51) Metaspace: 43924K(45488K)->43924K(45488K) NonClass: 39220K(40112K)->39220K(40112K) Class: 4704K(5376K)->4704K(5376K)
[2025-11-08T13:17:23.596+0000][gc            ] GC(51) Pause Young (Normal) (G1 Evacuation Pause) 110M->78M(667M) 122.388ms
[2025-11-08T13:17:23.609+0000][gc,cpu        ] GC(51) User=0.02s Sys=0.01s Real=0.13s
[2025-11-08T13:17:23.832+0000][gc,start      ] GC(52) Pause Young (Normal) (G1 Evacuation Pause)
[2025-11-08T13:17:23.849+0000][gc,task       ] GC(52) Using 2 workers of 2 for evacuation
[2025-11-08T13:17:23.920+0000][gc,mmu        ] GC(52) MMU target violated: 21.0ms (20.0ms/21.0ms)
[2025-11-08T13:17:23.922+0000][gc,phases     ] GC(52)   Pre Evacuate Collection Set: 0.1ms
[2025-11-08T13:17:23.924+0000][gc,phases     ] GC(52)   Evacuate Collection Set: 66.9ms
[2025-11-08T13:17:23.924+0000][gc,phases     ] GC(52)   Post Evacuate Collection Set: 4.0ms
[2025-11-08T13:17:23.925+0000][gc,phases     ] GC(52)   Other: 19.1ms
[2025-11-08T13:17:23.925+0000][gc,heap       ] GC(52) Eden regions: 33->0(32)
[2025-11-08T13:17:23.926+0000][gc,heap       ] GC(52) Survivor regions: 1->1(5)
[2025-11-08T13:17:23.927+0000][gc,heap       ] GC(52) Old regions: 14->14
[2025-11-08T13:17:23.929+0000][gc,heap       ] GC(52) Humongous regions: 65->65
[2025-11-08T13:17:23.930+0000][gc,metaspace  ] GC(52) Metaspace: 43925K(45488K)->43925K(45488K) NonClass: 39221K(40112K)->39221K(40112K) Class: 4704K(5376K)->4704K(5376K)
[2025-11-08T13:17:23.930+0000][gc            ] GC(52) Pause Young (Normal) (G1 Evacuation Pause) 111M->78M(667M) 98.063ms
[2025-11-08T13:17:23.931+0000][gc,cpu        ] GC(52) User=0.07s Sys=0.02s Real=0.10s
[2025-11-08T13:17:24.535+0000][gc,start      ] GC(53) Pause Young (Normal) (G1 Evacuation Pause)
[2025-11-08T13:17:24.539+0000][gc,task       ] GC(53) Using 2 workers of 2 for evacuation
[2025-11-08T13:17:24.601+0000][gc,mmu        ] GC(53) MMU target violated: 21.0ms (20.0ms/21.0ms)
[2025-11-08T13:17:24.603+0000][gc,phases     ] GC(53)   Pre Evacuate Collection Set: 9.2ms
[2025-11-08T13:17:24.606+0000][gc,phases     ] GC(53)   Evacuate Collection Set: 45.6ms
[2025-11-08T13:17:24.619+0000][gc,phases     ] GC(53)   Post Evacuate Collection Set: 4.0ms
[2025-11-08T13:17:24.625+0000][gc,phases     ] GC(53)   Other: 9.2ms
[2025-11-08T13:17:24.627+0000][gc,heap       ] GC(53) Eden regions: 32->0(32)
[2025-11-08T13:17:24.629+0000][gc,heap       ] GC(53) Survivor regions: 1->1(5)
[2025-11-08T13:17:24.630+0000][gc,heap       ] GC(53) Old regions: 14->14
[2025-11-08T13:17:24.630+0000][gc,heap       ] GC(53) Humongous regions: 67->56
[2025-11-08T13:17:24.631+0000][gc,metaspace  ] GC(53) Metaspace: 43937K(45488K)->43937K(45488K) NonClass: 39232K(40112K)->39232K(40112K) Class: 4704K(5376K)->4704K(5376K)
[2025-11-08T13:17:24.637+0000][gc            ] GC(53) Pause Young (Normal) (G1 Evacuation Pause) 112M->69M(667M) 101.685ms
[2025-11-08T13:17:24.637+0000][gc,cpu        ] GC(53) User=0.01s Sys=0.00s Real=0.10s
[2025-11-08T13:17:24.875+0000][gc,start      ] GC(54) Pause Young (Normal) (G1 Evacuation Pause)
[2025-11-08T13:17:24.876+0000][gc,task       ] GC(54) Using 2 workers of 2 for evacuation
[2025-11-08T13:17:24.888+0000][gc,phases     ] GC(54)   Pre Evacuate Collection Set: 0.1ms
[2025-11-08T13:17:24.893+0000][gc,phases     ] GC(54)   Evacuate Collection Set: 11.1ms
[2025-11-08T13:17:24.901+0000][gc,phases     ] GC(54)   Post Evacuate Collection Set: 0.7ms
[2025-11-08T13:17:24.910+0000][gc,phases     ] GC(54)   Other: 1.8ms
[2025-11-08T13:17:24.914+0000][gc,heap       ] GC(54) Eden regions: 32->0(32)
[2025-11-08T13:17:24.915+0000][gc,heap       ] GC(54) Survivor regions: 1->1(5)
[2025-11-08T13:17:24.917+0000][gc,heap       ] GC(54) Old regions: 14->14
[2025-11-08T13:17:24.918+0000][gc,heap       ] GC(54) Humongous regions: 56->56
[2025-11-08T13:17:24.918+0000][gc,metaspace  ] GC(54) Metaspace: 43939K(45488K)->43939K(45488K) NonClass: 39235K(40112K)->39235K(40112K) Class: 4704K(5376K)->4704K(5376K)
[2025-11-08T13:17:24.919+0000][gc            ] GC(54) Pause Young (Normal) (G1 Evacuation Pause) 101M->69M(667M) 44.149ms
[2025-11-08T13:17:24.920+0000][gc,cpu        ] GC(54) User=0.03s Sys=0.00s Real=0.04s
[2025-11-08T13:17:25.104+0000][gc,start      ] GC(55) Pause Young (Normal) (G1 Evacuation Pause)
[2025-11-08T13:17:25.105+0000][gc,task       ] GC(55) Using 2 workers of 2 for evacuation
[2025-11-08T13:17:25.133+0000][gc,mmu        ] GC(55) MMU target violated: 21.0ms (20.0ms/21.0ms)
[2025-11-08T13:17:25.134+0000][gc,phases     ] GC(55)   Pre Evacuate Collection Set: 0.1ms
[2025-11-08T13:17:25.137+0000][gc,phases     ] GC(55)   Evacuate Collection Set: 13.4ms
[2025-11-08T13:17:25.138+0000][gc,phases     ] GC(55)   Post Evacuate Collection Set: 10.5ms
[2025-11-08T13:17:25.140+0000][gc,phases     ] GC(55)   Other: 5.6ms
[2025-11-08T13:17:25.155+0000][gc,heap       ] GC(55) Eden regions: 32->0(32)
[2025-11-08T13:17:25.155+0000][gc,heap       ] GC(55) Survivor regions: 1->1(5)
[2025-11-08T13:17:25.161+0000][gc,heap       ] GC(55) Old regions: 14->14
[2025-11-08T13:17:25.163+0000][gc,heap       ] GC(55) Humongous regions: 56->54
[2025-11-08T13:17:25.166+0000][gc,metaspace  ] GC(55) Metaspace: 44016K(45488K)->44016K(45488K) NonClass: 39300K(40112K)->39300K(40112K) Class: 4716K(5376K)->4716K(5376K)
[2025-11-08T13:17:25.167+0000][gc            ] GC(55) Pause Young (Normal) (G1 Evacuation Pause) 101M->67M(667M) 62.873ms
[2025-11-08T13:17:25.168+0000][gc,cpu        ] GC(55) User=0.06s Sys=0.00s Real=0.06s
[2025-11-08T13:17:25.286+0000][gc,start      ] GC(56) Pause Young (Normal) (G1 Evacuation Pause)
[2025-11-08T13:17:25.286+0000][gc,task       ] GC(56) Using 2 workers of 2 for evacuation
[2025-11-08T13:17:25.292+0000][gc,phases     ] GC(56)   Pre Evacuate Collection Set: 0.1ms
[2025-11-08T13:17:25.292+0000][gc,phases     ] GC(56)   Evacuate Collection Set: 3.6ms
[2025-11-08T13:17:25.293+0000][gc,phases     ] GC(56)   Post Evacuate Collection Set: 1.2ms
[2025-11-08T13:17:25.293+0000][gc,phases     ] GC(56)   Other: 0.9ms
[2025-11-08T13:17:25.293+0000][gc,heap       ] GC(56) Eden regions: 32->0(32)
[2025-11-08T13:17:25.293+0000][gc,heap       ] GC(56) Survivor regions: 1->1(5)
[2025-11-08T13:17:25.294+0000][gc,heap       ] GC(56) Old regions: 14->14
[2025-11-08T13:17:25.294+0000][gc,heap       ] GC(56) Humongous regions: 54->54
[2025-11-08T13:17:25.295+0000][gc,metaspace  ] GC(56) Metaspace: 44020K(45488K)->44020K(45488K) NonClass: 39303K(40112K)->39303K(40112K) Class: 4717K(5376K)->4717K(5376K)
[2025-11-08T13:17:25.295+0000][gc            ] GC(56) Pause Young (Normal) (G1 Evacuation Pause) 99M->67M(667M) 9.155ms
[2025-11-08T13:17:25.296+0000][gc,cpu        ] GC(56) User=0.02s Sys=0.00s Real=0.01s
[2025-11-08T13:17:25.446+0000][gc,start      ] GC(57) Pause Young (Normal) (G1 Evacuation Pause)
[2025-11-08T13:17:25.446+0000][gc,task       ] GC(57) Using 2 workers of 2 for evacuation
[2025-11-08T13:17:25.457+0000][gc,phases     ] GC(57)   Pre Evacuate Collection Set: 0.1ms
[2025-11-08T13:17:25.457+0000][gc,phases     ] GC(57)   Evacuate Collection Set: 4.9ms
[2025-11-08T13:17:25.458+0000][gc,phases     ] GC(57)   Post Evacuate Collection Set: 4.8ms
[2025-11-08T13:17:25.459+0000][gc,phases     ] GC(57)   Other: 1.3ms
[2025-11-08T13:17:25.459+0000][gc,heap       ] GC(57) Eden regions: 32->0(32)
[2025-11-08T13:17:25.460+0000][gc,heap       ] GC(57) Survivor regions: 1->1(5)
[2025-11-08T13:17:25.460+0000][gc,heap       ] GC(57) Old regions: 14->14
[2025-11-08T13:17:25.460+0000][gc,heap       ] GC(57) Humongous regions: 56->47
[2025-11-08T13:17:25.461+0000][gc,metaspace  ] GC(57) Metaspace: 44030K(45488K)->44030K(45488K) NonClass: 39310K(40112K)->39310K(40112K) Class: 4720K(5376K)->4720K(5376K)
[2025-11-08T13:17:25.461+0000][gc            ] GC(57) Pause Young (Normal) (G1 Evacuation Pause) 101M->60M(667M) 15.171ms
[2025-11-08T13:17:25.462+0000][gc,cpu        ] GC(57) User=0.02s Sys=0.00s Real=0.01s
[2025-11-08T13:17:38.318+0000][gc,start      ] GC(58) Pause Young (Normal) (G1 Evacuation Pause)
[2025-11-08T13:17:38.318+0000][gc,task       ] GC(58) Using 2 workers of 2 for evacuation
[2025-11-08T13:17:38.322+0000][gc,phases     ] GC(58)   Pre Evacuate Collection Set: 0.0ms
[2025-11-08T13:17:38.322+0000][gc,phases     ] GC(58)   Evacuate Collection Set: 2.6ms
[2025-11-08T13:17:38.322+0000][gc,phases     ] GC(58)   Post Evacuate Collection Set: 0.5ms
[2025-11-08T13:17:38.322+0000][gc,phases     ] GC(58)   Other: 0.5ms
[2025-11-08T13:17:38.323+0000][gc,heap       ] GC(58) Eden regions: 32->0(32)
[2025-11-08T13:17:38.323+0000][gc,heap       ] GC(58) Survivor regions: 1->1(5)
[2025-11-08T13:17:38.323+0000][gc,heap       ] GC(58) Old regions: 14->14
[2025-11-08T13:17:38.323+0000][gc,heap       ] GC(58) Humongous regions: 47->45
[2025-11-08T13:17:38.324+0000][gc,metaspace  ] GC(58) Metaspace: 44784K(46384K)->44784K(46384K) NonClass: 39992K(40880K)->39992K(40880K) Class: 4792K(5504K)->4792K(5504K)
[2025-11-08T13:17:38.325+0000][gc            ] GC(58) Pause Young (Normal) (G1 Evacuation Pause) 92M->59M(667M) 6.415ms
[2025-11-08T13:17:38.325+0000][gc,cpu        ] GC(58) User=0.01s Sys=0.00s Real=0.01s
[2025-11-08T13:17:38.901+0000][gc,start      ] GC(59) Pause Young (Normal) (G1 Evacuation Pause)
[2025-11-08T13:17:38.902+0000][gc,task       ] GC(59) Using 2 workers of 2 for evacuation
[2025-11-08T13:17:38.905+0000][gc,phases     ] GC(59)   Pre Evacuate Collection Set: 0.1ms
[2025-11-08T13:17:38.905+0000][gc,phases     ] GC(59)   Evacuate Collection Set: 2.4ms
[2025-11-08T13:17:38.906+0000][gc,phases     ] GC(59)   Post Evacuate Collection Set: 0.8ms
[2025-11-08T13:17:38.906+0000][gc,phases     ] GC(59)   Other: 0.7ms
[2025-11-08T13:17:38.906+0000][gc,heap       ] GC(59) Eden regions: 32->0(32)
[2025-11-08T13:17:38.906+0000][gc,heap       ] GC(59) Survivor regions: 1->1(5)
[2025-11-08T13:17:38.907+0000][gc,heap       ] GC(59) Old regions: 14->14
[2025-11-08T13:17:38.907+0000][gc,heap       ] GC(59) Humongous regions: 45->45
[2025-11-08T13:17:38.907+0000][gc,metaspace  ] GC(59) Metaspace: 44921K(46384K)->44921K(46384K) NonClass: 40128K(40880K)->40128K(40880K) Class: 4792K(5504K)->4792K(5504K)
[2025-11-08T13:17:38.907+0000][gc            ] GC(59) Pause Young (Normal) (G1 Evacuation Pause) 91M->59M(667M) 6.082ms
[2025-11-08T13:17:38.908+0000][gc,cpu        ] GC(59) User=0.00s Sys=0.01s Real=0.01s
[2025-11-08T13:17:39.090+0000][gc,start      ] GC(60) Pause Young (Normal) (G1 Evacuation Pause)
[2025-11-08T13:17:39.090+0000][gc,task       ] GC(60) Using 2 workers of 2 for evacuation
[2025-11-08T13:17:39.095+0000][gc,phases     ] GC(60)   Pre Evacuate Collection Set: 0.0ms
[2025-11-08T13:17:39.096+0000][gc,phases     ] GC(60)   Evacuate Collection Set: 3.4ms
[2025-11-08T13:17:39.096+0000][gc,phases     ] GC(60)   Post Evacuate Collection Set: 1.1ms
[2025-11-08T13:17:39.096+0000][gc,phases     ] GC(60)   Other: 1.1ms
[2025-11-08T13:17:39.097+0000][gc,heap       ] GC(60) Eden regions: 32->0(31)
[2025-11-08T13:17:39.097+0000][gc,heap       ] GC(60) Survivor regions: 1->2(5)
[2025-11-08T13:17:39.097+0000][gc,heap       ] GC(60) Old regions: 14->14
[2025-11-08T13:17:39.098+0000][gc,heap       ] GC(60) Humongous regions: 45->45
[2025-11-08T13:17:39.099+0000][gc,metaspace  ] GC(60) Metaspace: 44930K(46384K)->44930K(46384K) NonClass: 40137K(40880K)->40137K(40880K) Class: 4792K(5504K)->4792K(5504K)
[2025-11-08T13:17:39.099+0000][gc            ] GC(60) Pause Young (Normal) (G1 Evacuation Pause) 91M->59M(667M) 9.044ms
[2025-11-08T13:17:39.099+0000][gc,cpu        ] GC(60) User=0.01s Sys=0.00s Real=0.01s
[2025-11-08T13:17:40.482+0000][gc,start      ] GC(61) Pause Young (Normal) (G1 Evacuation Pause)
[2025-11-08T13:17:40.483+0000][gc,task       ] GC(61) Using 2 workers of 2 for evacuation
[2025-11-08T13:17:40.495+0000][gc,phases     ] GC(61)   Pre Evacuate Collection Set: 0.1ms
[2025-11-08T13:17:40.495+0000][gc,phases     ] GC(61)   Evacuate Collection Set: 8.5ms
[2025-11-08T13:17:40.496+0000][gc,phases     ] GC(61)   Post Evacuate Collection Set: 1.9ms
[2025-11-08T13:17:40.496+0000][gc,phases     ] GC(61)   Other: 2.8ms
[2025-11-08T13:17:40.497+0000][gc,heap       ] GC(61) Eden regions: 31->0(30)
[2025-11-08T13:17:40.497+0000][gc,heap       ] GC(61) Survivor regions: 2->3(5)
[2025-11-08T13:17:40.497+0000][gc,heap       ] GC(61) Old regions: 14->14
[2025-11-08T13:17:40.497+0000][gc,heap       ] GC(61) Humongous regions: 180->180
[2025-11-08T13:17:40.497+0000][gc,metaspace  ] GC(61) Metaspace: 47470K(49328K)->47470K(49328K) NonClass: 42161K(43184K)->42161K(43184K) Class: 5308K(6144K)->5308K(6144K)
[2025-11-08T13:17:40.498+0000][gc            ] GC(61) Pause Young (Normal) (G1 Evacuation Pause) 225M->196M(667M) 15.703ms
[2025-11-08T13:17:40.498+0000][gc,cpu        ] GC(61) User=0.04s Sys=0.00s Real=0.02s
[2025-11-08T13:17:40.720+0000][gc,start      ] GC(62) Pause Young (Normal) (G1 Evacuation Pause)
[2025-11-08T13:17:40.721+0000][gc,task       ] GC(62) Using 2 workers of 2 for evacuation
[2025-11-08T13:17:40.728+0000][gc,phases     ] GC(62)   Pre Evacuate Collection Set: 0.1ms
[2025-11-08T13:17:40.728+0000][gc,phases     ] GC(62)   Evacuate Collection Set: 5.4ms
[2025-11-08T13:17:40.729+0000][gc,phases     ] GC(62)   Post Evacuate Collection Set: 1.0ms
[2025-11-08T13:17:40.729+0000][gc,phases     ] GC(62)   Other: 0.9ms
[2025-11-08T13:17:40.729+0000][gc,heap       ] GC(62) Eden regions: 30->0(30)
[2025-11-08T13:17:40.730+0000][gc,heap       ] GC(62) Survivor regions: 3->3(5)
[2025-11-08T13:17:40.730+0000][gc,heap       ] GC(62) Old regions: 14->15
[2025-11-08T13:17:40.730+0000][gc,heap       ] GC(62) Humongous regions: 210->180
[2025-11-08T13:17:40.731+0000][gc,metaspace  ] GC(62) Metaspace: 47783K(49712K)->47783K(49712K) NonClass: 42390K(43440K)->42390K(43440K) Class: 5392K(6272K)->5392K(6272K)
[2025-11-08T13:17:40.731+0000][gc            ] GC(62) Pause Young (Normal) (G1 Evacuation Pause) 256M->196M(667M) 10.342ms
[2025-11-08T13:17:40.731+0000][gc,cpu        ] GC(62) User=0.02s Sys=0.00s Real=0.01s
[2025-11-08T13:17:40.891+0000][gc,start      ] GC(63) Pause Young (Concurrent Start) (G1 Humongous Allocation)
[2025-11-08T13:17:40.892+0000][gc,task       ] GC(63) Using 2 workers of 2 for evacuation
[2025-11-08T13:17:40.902+0000][gc,phases     ] GC(63)   Pre Evacuate Collection Set: 0.2ms
[2025-11-08T13:17:40.903+0000][gc,phases     ] GC(63)   Evacuate Collection Set: 7.7ms
[2025-11-08T13:17:40.904+0000][gc,phases     ] GC(63)   Post Evacuate Collection Set: 1.3ms
[2025-11-08T13:17:40.905+0000][gc,phases     ] GC(63)   Other: 1.6ms
[2025-11-08T13:17:40.905+0000][gc,heap       ] GC(63) Eden regions: 13->0(30)
[2025-11-08T13:17:40.906+0000][gc,heap       ] GC(63) Survivor regions: 3->3(5)
[2025-11-08T13:17:40.906+0000][gc,heap       ] GC(63) Old regions: 15->15
[2025-11-08T13:17:40.906+0000][gc,heap       ] GC(63) Humongous regions: 216->174
[2025-11-08T13:17:40.907+0000][gc,metaspace  ] GC(63) Metaspace: 47940K(50096K)->47940K(50096K) NonClass: 42520K(43696K)->42520K(43696K) Class: 5420K(6400K)->5420K(6400K)
[2025-11-08T13:17:40.907+0000][gc            ] GC(63) Pause Young (Concurrent Start) (G1 Humongous Allocation) 245M->190M(667M) 15.933ms
[2025-11-08T13:17:40.908+0000][gc,cpu        ] GC(63) User=0.01s Sys=0.00s Real=0.02s
[2025-11-08T13:17:40.909+0000][gc            ] GC(64) Concurrent Cycle
[2025-11-08T13:17:40.909+0000][gc,marking    ] GC(64) Concurrent Clear Claimed Marks
[2025-11-08T13:17:40.914+0000][gc,marking    ] GC(64) Concurrent Clear Claimed Marks 4.978ms
[2025-11-08T13:17:40.915+0000][gc,marking    ] GC(64) Concurrent Scan Root Regions
[2025-11-08T13:17:40.921+0000][gc,marking    ] GC(64) Concurrent Scan Root Regions 5.661ms
[2025-11-08T13:17:40.925+0000][gc,marking    ] GC(64) Concurrent Mark (46.649s)
[2025-11-08T13:17:40.926+0000][gc,marking    ] GC(64) Concurrent Mark From Roots
[2025-11-08T13:17:40.928+0000][gc,task       ] GC(64) Using 1 workers of 1 for marking
[2025-11-08T13:17:41.204+0000][gc,marking    ] GC(64) Concurrent Mark From Roots 277.750ms
[2025-11-08T13:17:41.213+0000][gc,marking    ] GC(64) Concurrent Preclean
[2025-11-08T13:17:41.219+0000][gc,marking    ] GC(64) Concurrent Preclean 5.499ms
[2025-11-08T13:17:41.220+0000][gc,marking    ] GC(64) Concurrent Mark (46.649s, 46.944s) 294.927ms
[2025-11-08T13:17:41.240+0000][gc,start      ] GC(64) Pause Remark
[2025-11-08T13:17:41.338+0000][gc,stringtable] GC(64) Cleaned string and symbol table, strings: 14787 processed, 13 removed, symbols: 122185 processed, 12 removed
[2025-11-08T13:17:41.341+0000][gc,mmu        ] GC(64) MMU target violated: 21.0ms (20.0ms/21.0ms)
[2025-11-08T13:17:41.346+0000][gc            ] GC(64) Pause Remark 233M->197M(667M) 105.765ms
[2025-11-08T13:17:41.347+0000][gc,cpu        ] GC(64) User=0.13s Sys=0.01s Real=0.11s
[2025-11-08T13:17:41.349+0000][gc,marking    ] GC(64) Concurrent Rebuild Remembered Sets
[2025-11-08T13:17:41.415+0000][gc,marking    ] GC(64) Concurrent Rebuild Remembered Sets 66.222ms
[2025-11-08T13:17:41.419+0000][gc,start      ] GC(64) Pause Cleanup
[2025-11-08T13:17:41.420+0000][gc            ] GC(64) Pause Cleanup 214M->214M(667M) 1.216ms
[2025-11-08T13:17:41.421+0000][gc,cpu        ] GC(64) User=0.00s Sys=0.00s Real=0.00s
[2025-11-08T13:17:41.422+0000][gc,marking    ] GC(64) Concurrent Cleanup for Next Mark
[2025-11-08T13:17:41.425+0000][gc,marking    ] GC(64) Concurrent Cleanup for Next Mark 3.214ms
[2025-11-08T13:17:41.425+0000][gc            ] GC(64) Concurrent Cycle 516.324ms
[2025-11-08T13:17:41.634+0000][gc,start      ] GC(65) Pause Young (Concurrent Start) (G1 Humongous Allocation)
[2025-11-08T13:17:41.638+0000][gc,task       ] GC(65) Using 2 workers of 2 for evacuation
[2025-11-08T13:17:41.665+0000][gc,mmu        ] GC(65) MMU target violated: 21.0ms (20.0ms/21.0ms)
[2025-11-08T13:17:41.666+0000][gc,phases     ] GC(65)   Pre Evacuate Collection Set: 0.9ms
[2025-11-08T13:17:41.666+0000][gc,phases     ] GC(65)   Evacuate Collection Set: 21.2ms
[2025-11-08T13:17:41.667+0000][gc,phases     ] GC(65)   Post Evacuate Collection Set: 1.1ms
[2025-11-08T13:17:41.667+0000][gc,phases     ] GC(65)   Other: 8.5ms
[2025-11-08T13:17:41.667+0000][gc,heap       ] GC(65) Eden regions: 22->0(30)
[2025-11-08T13:17:41.668+0000][gc,heap       ] GC(65) Survivor regions: 3->3(5)
[2025-11-08T13:17:41.668+0000][gc,heap       ] GC(65) Old regions: 15->15
[2025-11-08T13:17:41.669+0000][gc,heap       ] GC(65) Humongous regions: 216->138
[2025-11-08T13:17:41.669+0000][gc,metaspace  ] GC(65) Metaspace: 47964K(50096K)->47964K(50096K) NonClass: 42545K(43696K)->42545K(43696K) Class: 5419K(6400K)->5419K(6400K)
[2025-11-08T13:17:41.670+0000][gc            ] GC(65) Pause Young (Concurrent Start) (G1 Humongous Allocation) 254M->154M(667M) 35.614ms
[2025-11-08T13:17:41.670+0000][gc,cpu        ] GC(65) User=0.02s Sys=0.01s Real=0.03s
[2025-11-08T13:17:41.671+0000][gc            ] GC(66) Concurrent Cycle
[2025-11-08T13:17:41.672+0000][gc,marking    ] GC(66) Concurrent Clear Claimed Marks
[2025-11-08T13:17:41.679+0000][gc,marking    ] GC(66) Concurrent Clear Claimed Marks 6.239ms
[2025-11-08T13:17:41.691+0000][gc,marking    ] GC(66) Concurrent Scan Root Regions
[2025-11-08T13:17:41.701+0000][gc,marking    ] GC(66) Concurrent Scan Root Regions 10.433ms
[2025-11-08T13:17:41.702+0000][gc,marking    ] GC(66) Concurrent Mark (47.426s)
[2025-11-08T13:17:41.702+0000][gc,marking    ] GC(66) Concurrent Mark From Roots
[2025-11-08T13:17:41.703+0000][gc,task       ] GC(66) Using 1 workers of 1 for marking
[2025-11-08T13:17:41.925+0000][gc,marking    ] GC(66) Concurrent Mark From Roots 223.243ms
[2025-11-08T13:17:41.926+0000][gc,marking    ] GC(66) Concurrent Preclean
[2025-11-08T13:17:41.926+0000][gc,marking    ] GC(66) Concurrent Preclean 0.688ms
[2025-11-08T13:17:41.927+0000][gc,marking    ] GC(66) Concurrent Mark (47.426s, 47.651s) 224.872ms
[2025-11-08T13:17:41.927+0000][gc,start      ] GC(66) Pause Remark
[2025-11-08T13:17:41.985+0000][gc,stringtable] GC(66) Cleaned string and symbol table, strings: 14787 processed, 0 removed, symbols: 122173 processed, 3 removed
[2025-11-08T13:17:41.986+0000][gc,mmu        ] GC(66) MMU target violated: 21.0ms (20.0ms/21.0ms)
[2025-11-08T13:17:41.987+0000][gc            ] GC(66) Pause Remark 194M->194M(667M) 59.262ms
[2025-11-08T13:17:41.988+0000][gc,cpu        ] GC(66) User=0.07s Sys=0.00s Real=0.06s
[2025-11-08T13:17:41.989+0000][gc,marking    ] GC(66) Concurrent Rebuild Remembered Sets
[2025-11-08T13:17:42.031+0000][gc,marking    ] GC(66) Concurrent Rebuild Remembered Sets 41.576ms
[2025-11-08T13:17:42.034+0000][gc,start      ] GC(66) Pause Cleanup
[2025-11-08T13:17:42.035+0000][gc            ] GC(66) Pause Cleanup 216M->216M(667M) 0.923ms
[2025-11-08T13:17:42.036+0000][gc,cpu        ] GC(66) User=0.00s Sys=0.00s Real=0.00s
[2025-11-08T13:17:42.037+0000][gc,marking    ] GC(66) Concurrent Cleanup for Next Mark
[2025-11-08T13:17:42.071+0000][gc,marking    ] GC(66) Concurrent Cleanup for Next Mark 34.083ms
[2025-11-08T13:17:42.071+0000][gc            ] GC(66) Concurrent Cycle 399.980ms
[2025-11-08T13:17:42.171+0000][gc,start      ] GC(67) Pause Young (Concurrent Start) (G1 Humongous Allocation)
[2025-11-08T13:17:42.171+0000][gc,task       ] GC(67) Using 2 workers of 2 for evacuation
[2025-11-08T13:17:42.188+0000][gc,phases     ] GC(67)   Pre Evacuate Collection Set: 0.4ms
[2025-11-08T13:17:42.190+0000][gc,phases     ] GC(67)   Evacuate Collection Set: 11.8ms
[2025-11-08T13:17:42.191+0000][gc,phases     ] GC(67)   Post Evacuate Collection Set: 3.6ms
[2025-11-08T13:17:42.193+0000][gc,phases     ] GC(67)   Other: 0.9ms
[2025-11-08T13:17:42.193+0000][gc,heap       ] GC(67) Eden regions: 19->0(30)
[2025-11-08T13:17:42.193+0000][gc,heap       ] GC(67) Survivor regions: 3->3(5)
[2025-11-08T13:17:42.194+0000][gc,heap       ] GC(67) Old regions: 15->15
[2025-11-08T13:17:42.194+0000][gc,heap       ] GC(67) Humongous regions: 216->138
[2025-11-08T13:17:42.194+0000][gc,metaspace  ] GC(67) Metaspace: 47991K(50096K)->47991K(50096K) NonClass: 42572K(43696K)->42572K(43696K) Class: 5419K(6400K)->5419K(6400K)
[2025-11-08T13:17:42.195+0000][gc            ] GC(67) Pause Young (Concurrent Start) (G1 Humongous Allocation) 251M->154M(667M) 23.455ms
[2025-11-08T13:17:42.195+0000][gc,cpu        ] GC(67) User=0.03s Sys=0.01s Real=0.03s
[2025-11-08T13:17:42.196+0000][gc            ] GC(68) Concurrent Cycle
[2025-11-08T13:17:42.196+0000][gc,marking    ] GC(68) Concurrent Clear Claimed Marks
[2025-11-08T13:17:42.197+0000][gc,marking    ] GC(68) Concurrent Clear Claimed Marks 0.888ms
[2025-11-08T13:17:42.198+0000][gc,marking    ] GC(68) Concurrent Scan Root Regions
[2025-11-08T13:17:42.203+0000][gc,marking    ] GC(68) Concurrent Scan Root Regions 5.258ms
[2025-11-08T13:17:42.203+0000][gc,marking    ] GC(68) Concurrent Mark (47.927s)
[2025-11-08T13:17:42.204+0000][gc,marking    ] GC(68) Concurrent Mark From Roots
[2025-11-08T13:17:42.204+0000][gc,task       ] GC(68) Using 1 workers of 1 for marking
[2025-11-08T13:17:42.295+0000][gc,marking    ] GC(68) Concurrent Mark From Roots 91.807ms
[2025-11-08T13:17:42.296+0000][gc,marking    ] GC(68) Concurrent Preclean
[2025-11-08T13:17:42.299+0000][gc,marking    ] GC(68) Concurrent Preclean 2.497ms
[2025-11-08T13:17:42.300+0000][gc,marking    ] GC(68) Concurrent Mark (47.927s, 48.024s) 96.811ms
[2025-11-08T13:17:42.303+0000][gc,start      ] GC(68) Pause Remark
[2025-11-08T13:17:42.321+0000][gc,stringtable] GC(68) Cleaned string and symbol table, strings: 14911 processed, 0 removed, symbols: 122170 processed, 0 removed
[2025-11-08T13:17:42.322+0000][gc            ] GC(68) Pause Remark 198M->198M(667M) 19.652ms
[2025-11-08T13:17:42.323+0000][gc,cpu        ] GC(68) User=0.03s Sys=0.00s Real=0.02s
[2025-11-08T13:17:42.323+0000][gc,marking    ] GC(68) Concurrent Rebuild Remembered Sets
[2025-11-08T13:17:42.399+0000][gc,marking    ] GC(68) Concurrent Rebuild Remembered Sets 75.659ms
[2025-11-08T13:17:42.402+0000][gc,start      ] GC(68) Pause Cleanup
[2025-11-08T13:17:42.405+0000][gc            ] GC(68) Pause Cleanup 217M->217M(667M) 3.014ms
[2025-11-08T13:17:42.405+0000][gc,cpu        ] GC(68) User=0.00s Sys=0.00s Real=0.01s
[2025-11-08T13:17:42.406+0000][gc,marking    ] GC(68) Concurrent Cleanup for Next Mark
[2025-11-08T13:17:42.444+0000][gc,marking    ] GC(68) Concurrent Cleanup for Next Mark 37.884ms
[2025-11-08T13:17:42.462+0000][gc            ] GC(68) Concurrent Cycle 266.062ms
[2025-11-08T13:17:52.243+0000][gc,start      ] GC(69) Pause Young (Normal) (G1 Evacuation Pause)
[2025-11-08T13:17:52.243+0000][gc,task       ] GC(69) Using 2 workers of 2 for evacuation
[2025-11-08T13:17:52.255+0000][gc,phases     ] GC(69)   Pre Evacuate Collection Set: 0.0ms
[2025-11-08T13:17:52.256+0000][gc,phases     ] GC(69)   Evacuate Collection Set: 9.3ms
[2025-11-08T13:17:52.256+0000][gc,phases     ] GC(69)   Post Evacuate Collection Set: 1.5ms
[2025-11-08T13:17:52.257+0000][gc,phases     ] GC(69)   Other: 1.9ms
[2025-11-08T13:17:52.257+0000][gc,heap       ] GC(69) Eden regions: 30->0(29)
[2025-11-08T13:17:52.257+0000][gc,heap       ] GC(69) Survivor regions: 3->4(5)
[2025-11-08T13:17:52.257+0000][gc,heap       ] GC(69) Old regions: 15->15
[2025-11-08T13:17:52.258+0000][gc,heap       ] GC(69) Humongous regions: 210->138
[2025-11-08T13:17:52.258+0000][gc,metaspace  ] GC(69) Metaspace: 49475K(51888K)->49475K(51888K) NonClass: 43744K(44976K)->43744K(44976K) Class: 5731K(6912K)->5731K(6912K)
[2025-11-08T13:17:52.258+0000][gc            ] GC(69) Pause Young (Normal) (G1 Evacuation Pause) 256M->155M(667M) 15.886ms
[2025-11-08T13:17:52.259+0000][gc,cpu        ] GC(69) User=0.02s Sys=0.00s Real=0.02s
[2025-11-08T13:17:59.978+0000][gc,start      ] GC(70) Pause Young (Normal) (G1 Evacuation Pause)
[2025-11-08T13:17:59.979+0000][gc,task       ] GC(70) Using 2 workers of 2 for evacuation
[2025-11-08T13:18:00.003+0000][gc,mmu        ] GC(70) MMU target violated: 21.0ms (20.0ms/21.0ms)
[2025-11-08T13:18:00.004+0000][gc,phases     ] GC(70)   Pre Evacuate Collection Set: 0.0ms
[2025-11-08T13:18:00.005+0000][gc,phases     ] GC(70)   Evacuate Collection Set: 19.6ms
[2025-11-08T13:18:00.006+0000][gc,phases     ] GC(70)   Post Evacuate Collection Set: 3.4ms
[2025-11-08T13:18:00.006+0000][gc,phases     ] GC(70)   Other: 2.9ms
[2025-11-08T13:18:00.006+0000][gc,heap       ] GC(70) Eden regions: 29->0(30)
[2025-11-08T13:18:00.007+0000][gc,heap       ] GC(70) Survivor regions: 4->3(5)
[2025-11-08T13:18:00.007+0000][gc,heap       ] GC(70) Old regions: 15->17
[2025-11-08T13:18:00.007+0000][gc,heap       ] GC(70) Humongous regions: 138->138
[2025-11-08T13:18:00.008+0000][gc,metaspace  ] GC(70) Metaspace: 50340K(52656K)->50340K(52656K) NonClass: 44568K(45744K)->44568K(45744K) Class: 5772K(6912K)->5772K(6912K)
[2025-11-08T13:18:00.011+0000][gc            ] GC(70) Pause Young (Normal) (G1 Evacuation Pause) 184M->157M(667M) 32.913ms
[2025-11-08T13:18:00.012+0000][gc,cpu        ] GC(70) User=0.08s Sys=0.00s Real=0.03s
[2025-11-08T13:18:09.211+0000][gc,start      ] GC(71) Pause Young (Normal) (G1 Evacuation Pause)
[2025-11-08T13:18:09.212+0000][gc,task       ] GC(71) Using 2 workers of 2 for evacuation
[2025-11-08T13:18:09.222+0000][gc,phases     ] GC(71)   Pre Evacuate Collection Set: 0.1ms
[2025-11-08T13:18:09.222+0000][gc,phases     ] GC(71)   Evacuate Collection Set: 8.4ms
[2025-11-08T13:18:09.223+0000][gc,phases     ] GC(71)   Post Evacuate Collection Set: 1.0ms
[2025-11-08T13:18:09.223+0000][gc,phases     ] GC(71)   Other: 1.3ms
[2025-11-08T13:18:09.223+0000][gc,heap       ] GC(71) Eden regions: 30->0(29)
[2025-11-08T13:18:09.223+0000][gc,heap       ] GC(71) Survivor regions: 3->4(5)
[2025-11-08T13:18:09.224+0000][gc,heap       ] GC(71) Old regions: 17->17
[2025-11-08T13:18:09.224+0000][gc,heap       ] GC(71) Humongous regions: 138->138
[2025-11-08T13:18:09.224+0000][gc,metaspace  ] GC(71) Metaspace: 50525K(52912K)->50525K(52912K) NonClass: 44723K(46000K)->44723K(46000K) Class: 5801K(6912K)->5801K(6912K)
[2025-11-08T13:18:09.224+0000][gc            ] GC(71) Pause Young (Normal) (G1 Evacuation Pause) 187M->158M(667M) 13.155ms
[2025-11-08T13:18:09.225+0000][gc,cpu        ] GC(71) User=0.03s Sys=0.00s Real=0.02s
[2025-11-08T13:18:18.261+0000][gc,start      ] GC(72) Pause Young (Normal) (G1 Evacuation Pause)
[2025-11-08T13:18:18.262+0000][gc,task       ] GC(72) Using 2 workers of 2 for evacuation
[2025-11-08T13:18:18.272+0000][gc,phases     ] GC(72)   Pre Evacuate Collection Set: 0.2ms
[2025-11-08T13:18:18.272+0000][gc,phases     ] GC(72)   Evacuate Collection Set: 7.4ms
[2025-11-08T13:18:18.273+0000][gc,phases     ] GC(72)   Post Evacuate Collection Set: 0.9ms
[2025-11-08T13:18:18.273+0000][gc,phases     ] GC(72)   Other: 3.3ms
[2025-11-08T13:18:18.273+0000][gc,heap       ] GC(72) Eden regions: 29->0(31)
[2025-11-08T13:18:18.274+0000][gc,heap       ] GC(72) Survivor regions: 4->2(5)
[2025-11-08T13:18:18.274+0000][gc,heap       ] GC(72) Old regions: 17->18
[2025-11-08T13:18:18.274+0000][gc,heap       ] GC(72) Humongous regions: 138->138
[2025-11-08T13:18:18.275+0000][gc,metaspace  ] GC(72) Metaspace: 50776K(53296K)->50776K(53296K) NonClass: 44919K(46256K)->44919K(46256K) Class: 5856K(7040K)->5856K(7040K)
[2025-11-08T13:18:18.276+0000][gc            ] GC(72) Pause Young (Normal) (G1 Evacuation Pause) 187M->157M(667M) 15.132ms
[2025-11-08T13:18:18.276+0000][gc,cpu        ] GC(72) User=0.01s Sys=0.00s Real=0.02s
[2025-11-08T13:18:28.507+0000][gc,start      ] GC(73) Pause Young (Normal) (G1 Evacuation Pause)
[2025-11-08T13:18:28.507+0000][gc,task       ] GC(73) Using 2 workers of 2 for evacuation
[2025-11-08T13:18:28.531+0000][gc,mmu        ] GC(73) MMU target violated: 21.0ms (20.0ms/21.0ms)
[2025-11-08T13:18:28.531+0000][gc,phases     ] GC(73)   Pre Evacuate Collection Set: 0.1ms
[2025-11-08T13:18:28.531+0000][gc,phases     ] GC(73)   Evacuate Collection Set: 21.4ms
[2025-11-08T13:18:28.532+0000][gc,phases     ] GC(73)   Post Evacuate Collection Set: 1.3ms
[2025-11-08T13:18:28.532+0000][gc,phases     ] GC(73)   Other: 1.3ms
[2025-11-08T13:18:28.532+0000][gc,heap       ] GC(73) Eden regions: 31->0(29)
[2025-11-08T13:18:28.533+0000][gc,heap       ] GC(73) Survivor regions: 2->4(5)
[2025-11-08T13:18:28.534+0000][gc,heap       ] GC(73) Old regions: 18->18
[2025-11-08T13:18:28.534+0000][gc,heap       ] GC(73) Humongous regions: 138->138
[2025-11-08T13:18:28.534+0000][gc,metaspace  ] GC(73) Metaspace: 50822K(53296K)->50822K(53296K) NonClass: 44966K(46256K)->44966K(46256K) Class: 5856K(7040K)->5856K(7040K)
[2025-11-08T13:18:28.535+0000][gc            ] GC(73) Pause Young (Normal) (G1 Evacuation Pause) 188M->159M(667M) 27.752ms
[2025-11-08T13:18:28.535+0000][gc,cpu        ] GC(73) User=0.04s Sys=0.00s Real=0.03s
[2025-11-08T13:18:37.916+0000][gc,start      ] GC(74) Pause Young (Normal) (G1 Evacuation Pause)
[2025-11-08T13:18:37.917+0000][gc,task       ] GC(74) Using 2 workers of 2 for evacuation
[2025-11-08T13:18:37.941+0000][gc,mmu        ] GC(74) MMU target violated: 21.0ms (20.0ms/21.0ms)
[2025-11-08T13:18:37.942+0000][gc,phases     ] GC(74)   Pre Evacuate Collection Set: 0.1ms
[2025-11-08T13:18:37.942+0000][gc,phases     ] GC(74)   Evacuate Collection Set: 19.6ms
[2025-11-08T13:18:37.942+0000][gc,phases     ] GC(74)   Post Evacuate Collection Set: 3.6ms
[2025-11-08T13:18:37.943+0000][gc,phases     ] GC(74)   Other: 2.5ms
[2025-11-08T13:18:37.943+0000][gc,heap       ] GC(74) Eden regions: 29->0(30)
[2025-11-08T13:18:37.943+0000][gc,heap       ] GC(74) Survivor regions: 4->3(5)
[2025-11-08T13:18:37.944+0000][gc,heap       ] GC(74) Old regions: 18->19
[2025-11-08T13:18:37.944+0000][gc,heap       ] GC(74) Humongous regions: 138->138
[2025-11-08T13:18:37.944+0000][gc,metaspace  ] GC(74) Metaspace: 50835K(53296K)->50835K(53296K) NonClass: 44978K(46256K)->44978K(46256K) Class: 5857K(7040K)->5857K(7040K)
[2025-11-08T13:18:37.945+0000][gc            ] GC(74) Pause Young (Normal) (G1 Evacuation Pause) 188M->159M(667M) 28.879ms
[2025-11-08T13:18:37.945+0000][gc,cpu        ] GC(74) User=0.05s Sys=0.00s Real=0.03s
[2025-11-08T13:18:48.222+0000][gc,start      ] GC(75) Pause Young (Normal) (G1 Evacuation Pause)
[2025-11-08T13:18:48.224+0000][gc,task       ] GC(75) Using 2 workers of 2 for evacuation
[2025-11-08T13:18:48.237+0000][gc,phases     ] GC(75)   Pre Evacuate Collection Set: 0.1ms
[2025-11-08T13:18:48.237+0000][gc,phases     ] GC(75)   Evacuate Collection Set: 10.1ms
[2025-11-08T13:18:48.238+0000][gc,phases     ] GC(75)   Post Evacuate Collection Set: 1.0ms
[2025-11-08T13:18:48.238+0000][gc,phases     ] GC(75)   Other: 3.3ms
[2025-11-08T13:18:48.239+0000][gc,heap       ] GC(75) Eden regions: 30->0(30)
[2025-11-08T13:18:48.239+0000][gc,heap       ] GC(75) Survivor regions: 3->3(5)
[2025-11-08T13:18:48.240+0000][gc,heap       ] GC(75) Old regions: 19->19
[2025-11-08T13:18:48.241+0000][gc,heap       ] GC(75) Humongous regions: 138->138
[2025-11-08T13:18:48.241+0000][gc,metaspace  ] GC(75) Metaspace: 50874K(53296K)->50874K(53296K) NonClass: 45016K(46256K)->45016K(46256K) Class: 5857K(7040K)->5857K(7040K)
[2025-11-08T13:18:48.241+0000][gc            ] GC(75) Pause Young (Normal) (G1 Evacuation Pause) 189M->159M(667M) 19.291ms
[2025-11-08T13:18:48.242+0000][gc,cpu        ] GC(75) User=0.02s Sys=0.00s Real=0.02s
[2025-11-08T13:18:58.182+0000][gc,start      ] GC(76) Pause Young (Normal) (G1 Evacuation Pause)
[2025-11-08T13:18:58.182+0000][gc,task       ] GC(76) Using 2 workers of 2 for evacuation
[2025-11-08T13:18:58.197+0000][gc,phases     ] GC(76)   Pre Evacuate Collection Set: 0.0ms
[2025-11-08T13:18:58.197+0000][gc,phases     ] GC(76)   Evacuate Collection Set: 12.5ms
[2025-11-08T13:18:58.198+0000][gc,phases     ] GC(76)   Post Evacuate Collection Set: 1.3ms
[2025-11-08T13:18:58.199+0000][gc,phases     ] GC(76)   Other: 1.4ms
[2025-11-08T13:18:58.199+0000][gc,heap       ] GC(76) Eden regions: 30->0(29)
[2025-11-08T13:18:58.200+0000][gc,heap       ] GC(76) Survivor regions: 3->4(5)
[2025-11-08T13:18:58.201+0000][gc,heap       ] GC(76) Old regions: 19->19
[2025-11-08T13:18:58.201+0000][gc,heap       ] GC(76) Humongous regions: 138->138
[2025-11-08T13:18:58.201+0000][gc,metaspace  ] GC(76) Metaspace: 50914K(53296K)->50914K(53296K) NonClass: 45057K(46256K)->45057K(46256K) Class: 5857K(7040K)->5857K(7040K)
[2025-11-08T13:18:58.202+0000][gc            ] GC(76) Pause Young (Normal) (G1 Evacuation Pause) 189M->160M(667M) 20.201ms
[2025-11-08T13:18:58.202+0000][gc,cpu        ] GC(76) User=0.02s Sys=0.00s Real=0.02s
[2025-11-08T13:19:07.675+0000][gc,start      ] GC(77) Pause Young (Normal) (G1 Evacuation Pause)
[2025-11-08T13:19:07.675+0000][gc,task       ] GC(77) Using 2 workers of 2 for evacuation
[2025-11-08T13:19:07.686+0000][gc,phases     ] GC(77)   Pre Evacuate Collection Set: 0.0ms
[2025-11-08T13:19:07.686+0000][gc,phases     ] GC(77)   Evacuate Collection Set: 9.2ms
[2025-11-08T13:19:07.687+0000][gc,phases     ] GC(77)   Post Evacuate Collection Set: 1.0ms
[2025-11-08T13:19:07.687+0000][gc,phases     ] GC(77)   Other: 0.9ms
[2025-11-08T13:19:07.687+0000][gc,heap       ] GC(77) Eden regions: 29->0(31)
[2025-11-08T13:19:07.688+0000][gc,heap       ] GC(77) Survivor regions: 4->2(5)
[2025-11-08T13:19:07.688+0000][gc,heap       ] GC(77) Old regions: 19->21
[2025-11-08T13:19:07.688+0000][gc,heap       ] GC(77) Humongous regions: 138->138
[2025-11-08T13:19:07.688+0000][gc,metaspace  ] GC(77) Metaspace: 50972K(53552K)->50972K(53552K) NonClass: 45115K(46512K)->45115K(46512K) Class: 5857K(7040K)->5857K(7040K)
[2025-11-08T13:19:07.689+0000][gc            ] GC(77) Pause Young (Normal) (G1 Evacuation Pause) 189M->160M(667M) 13.655ms
[2025-11-08T13:19:07.689+0000][gc,cpu        ] GC(77) User=0.02s Sys=0.00s Real=0.01s
[2025-11-08T13:19:17.740+0000][gc,start      ] GC(78) Pause Young (Normal) (G1 Evacuation Pause)
[2025-11-08T13:19:17.740+0000][gc,task       ] GC(78) Using 2 workers of 2 for evacuation
[2025-11-08T13:19:17.748+0000][gc,phases     ] GC(78)   Pre Evacuate Collection Set: 0.0ms
[2025-11-08T13:19:17.748+0000][gc,phases     ] GC(78)   Evacuate Collection Set: 6.2ms
[2025-11-08T13:19:17.749+0000][gc,phases     ] GC(78)   Post Evacuate Collection Set: 0.8ms
[2025-11-08T13:19:17.749+0000][gc,phases     ] GC(78)   Other: 0.7ms
[2025-11-08T13:19:17.749+0000][gc,heap       ] GC(78) Eden regions: 31->0(31)
[2025-11-08T13:19:17.749+0000][gc,heap       ] GC(78) Survivor regions: 2->2(5)
[2025-11-08T13:19:17.750+0000][gc,heap       ] GC(78) Old regions: 21->21
[2025-11-08T13:19:17.750+0000][gc,heap       ] GC(78) Humongous regions: 138->138
[2025-11-08T13:19:17.750+0000][gc,metaspace  ] GC(78) Metaspace: 50999K(53552K)->50999K(53552K) NonClass: 45142K(46512K)->45142K(46512K) Class: 5857K(7040K)->5857K(7040K)
[2025-11-08T13:19:17.750+0000][gc            ] GC(78) Pause Young (Normal) (G1 Evacuation Pause) 191M->160M(667M) 9.896ms
[2025-11-08T13:19:17.750+0000][gc,cpu        ] GC(78) User=0.01s Sys=0.00s Real=0.01s
[2025-11-08T13:19:27.773+0000][gc,start      ] GC(79) Pause Young (Normal) (G1 Evacuation Pause)
[2025-11-08T13:19:27.773+0000][gc,task       ] GC(79) Using 2 workers of 2 for evacuation
[2025-11-08T13:19:27.781+0000][gc,phases     ] GC(79)   Pre Evacuate Collection Set: 0.0ms
[2025-11-08T13:19:27.781+0000][gc,phases     ] GC(79)   Evacuate Collection Set: 5.9ms
[2025-11-08T13:19:27.781+0000][gc,phases     ] GC(79)   Post Evacuate Collection Set: 0.9ms
[2025-11-08T13:19:27.781+0000][gc,phases     ] GC(79)   Other: 0.9ms
[2025-11-08T13:19:27.782+0000][gc,heap       ] GC(79) Eden regions: 31->0(32)
[2025-11-08T13:19:27.782+0000][gc,heap       ] GC(79) Survivor regions: 2->2(5)
[2025-11-08T13:19:27.782+0000][gc,heap       ] GC(79) Old regions: 21->21
[2025-11-08T13:19:27.782+0000][gc,heap       ] GC(79) Humongous regions: 138->138
[2025-11-08T13:19:27.782+0000][gc,metaspace  ] GC(79) Metaspace: 51047K(53552K)->51047K(53552K) NonClass: 45190K(46512K)->45190K(46512K) Class: 5857K(7040K)->5857K(7040K)
[2025-11-08T13:19:27.783+0000][gc            ] GC(79) Pause Young (Normal) (G1 Evacuation Pause) 191M->160M(667M) 9.686ms
[2025-11-08T13:19:27.783+0000][gc,cpu        ] GC(79) User=0.01s Sys=0.00s Real=0.01s
[2025-11-08T13:19:38.490+0000][gc,start      ] GC(80) Pause Young (Normal) (G1 Evacuation Pause)
[2025-11-08T13:19:38.490+0000][gc,task       ] GC(80) Using 2 workers of 2 for evacuation
[2025-11-08T13:19:38.501+0000][gc,phases     ] GC(80)   Pre Evacuate Collection Set: 0.0ms
[2025-11-08T13:19:38.501+0000][gc,phases     ] GC(80)   Evacuate Collection Set: 9.5ms
[2025-11-08T13:19:38.502+0000][gc,phases     ] GC(80)   Post Evacuate Collection Set: 0.8ms
[2025-11-08T13:19:38.502+0000][gc,phases     ] GC(80)   Other: 0.8ms
[2025-11-08T13:19:38.502+0000][gc,heap       ] GC(80) Eden regions: 32->0(32)
[2025-11-08T13:19:38.503+0000][gc,heap       ] GC(80) Survivor regions: 2->4(5)
[2025-11-08T13:19:38.503+0000][gc,heap       ] GC(80) Old regions: 21->21
[2025-11-08T13:19:38.503+0000][gc,heap       ] GC(80) Humongous regions: 138->138
[2025-11-08T13:19:38.504+0000][gc,metaspace  ] GC(80) Metaspace: 51096K(53552K)->51096K(53552K) NonClass: 45239K(46512K)->45239K(46512K) Class: 5857K(7040K)->5857K(7040K)
[2025-11-08T13:19:38.504+0000][gc            ] GC(80) Pause Young (Normal) (G1 Evacuation Pause) 192M->162M(667M) 13.963ms
[2025-11-08T13:19:38.504+0000][gc,cpu        ] GC(80) User=0.02s Sys=0.00s Real=0.02s
[2025-11-08T13:19:48.977+0000][gc,start      ] GC(81) Pause Young (Normal) (G1 Evacuation Pause)
[2025-11-08T13:19:48.978+0000][gc,task       ] GC(81) Using 2 workers of 2 for evacuation
[2025-11-08T13:19:48.988+0000][gc,phases     ] GC(81)   Pre Evacuate Collection Set: 0.0ms
[2025-11-08T13:19:48.988+0000][gc,phases     ] GC(81)   Evacuate Collection Set: 8.5ms
[2025-11-08T13:19:48.989+0000][gc,phases     ] GC(81)   Post Evacuate Collection Set: 1.2ms
[2025-11-08T13:19:48.989+0000][gc,phases     ] GC(81)   Other: 1.0ms
[2025-11-08T13:19:48.991+0000][gc,heap       ] GC(81) Eden regions: 32->0(33)
[2025-11-08T13:19:48.991+0000][gc,heap       ] GC(81) Survivor regions: 4->3(5)
[2025-11-08T13:19:48.991+0000][gc,heap       ] GC(81) Old regions: 21->22
[2025-11-08T13:19:48.992+0000][gc,heap       ] GC(81) Humongous regions: 138->138
[2025-11-08T13:19:48.993+0000][gc,metaspace  ] GC(81) Metaspace: 51139K(53552K)->51139K(53552K) NonClass: 45282K(46512K)->45282K(46512K) Class: 5857K(7040K)->5857K(7040K)
[2025-11-08T13:19:48.993+0000][gc            ] GC(81) Pause Young (Normal) (G1 Evacuation Pause) 194M->162M(667M) 15.702ms
[2025-11-08T13:19:48.993+0000][gc,cpu        ] GC(81) User=0.02s Sys=0.00s Real=0.01s
[2025-11-08T13:20:00.326+0000][gc,start      ] GC(82) Pause Young (Normal) (G1 Evacuation Pause)
[2025-11-08T13:20:00.327+0000][gc,task       ] GC(82) Using 2 workers of 2 for evacuation
[2025-11-08T13:20:00.375+0000][gc,mmu        ] GC(82) MMU target violated: 21.0ms (20.0ms/21.0ms)
[2025-11-08T13:20:00.375+0000][gc,phases     ] GC(82)   Pre Evacuate Collection Set: 0.0ms
[2025-11-08T13:20:00.375+0000][gc,phases     ] GC(82)   Evacuate Collection Set: 45.9ms
[2025-11-08T13:20:00.376+0000][gc,phases     ] GC(82)   Post Evacuate Collection Set: 1.0ms
[2025-11-08T13:20:00.376+0000][gc,phases     ] GC(82)   Other: 1.8ms
[2025-11-08T13:20:00.376+0000][gc,heap       ] GC(82) Eden regions: 33->0(30)
[2025-11-08T13:20:00.376+0000][gc,heap       ] GC(82) Survivor regions: 3->3(5)
[2025-11-08T13:20:00.377+0000][gc,heap       ] GC(82) Old regions: 22->22
[2025-11-08T13:20:00.377+0000][gc,heap       ] GC(82) Humongous regions: 138->138
[2025-11-08T13:20:00.377+0000][gc,metaspace  ] GC(82) Metaspace: 51160K(53552K)->51160K(53552K) NonClass: 45303K(46512K)->45303K(46512K) Class: 5857K(7040K)->5857K(7040K)
[2025-11-08T13:20:00.386+0000][gc            ] GC(82) Pause Young (Normal) (G1 Evacuation Pause) 195M->162M(667M) 59.338ms
[2025-11-08T13:20:00.409+0000][gc,cpu        ] GC(82) User=0.09s Sys=0.00s Real=0.08s
[2025-11-08T13:20:11.269+0000][gc,start      ] GC(83) Pause Young (Normal) (G1 Evacuation Pause)
[2025-11-08T13:20:11.270+0000][gc,task       ] GC(83) Using 2 workers of 2 for evacuation
[2025-11-08T13:20:11.353+0000][gc,mmu        ] GC(83) MMU target violated: 21.0ms (20.0ms/21.0ms)
[2025-11-08T13:20:11.354+0000][gc,phases     ] GC(83)   Pre Evacuate Collection Set: 0.3ms
[2025-11-08T13:20:11.357+0000][gc,phases     ] GC(83)   Evacuate Collection Set: 73.5ms
[2025-11-08T13:20:11.358+0000][gc,phases     ] GC(83)   Post Evacuate Collection Set: 6.8ms
[2025-11-08T13:20:11.360+0000][gc,phases     ] GC(83)   Other: 4.7ms
[2025-11-08T13:20:11.361+0000][gc,heap       ] GC(83) Eden regions: 30->0(31)
[2025-11-08T13:20:11.362+0000][gc,heap       ] GC(83) Survivor regions: 3->2(5)
[2025-11-08T13:20:11.363+0000][gc,heap       ] GC(83) Old regions: 22->22
[2025-11-08T13:20:11.364+0000][gc,heap       ] GC(83) Humongous regions: 138->138
[2025-11-08T13:20:11.364+0000][gc,metaspace  ] GC(83) Metaspace: 51203K(53808K)->51203K(53808K) NonClass: 45346K(46768K)->45346K(46768K) Class: 5857K(7040K)->5857K(7040K)
[2025-11-08T13:20:11.365+0000][gc            ] GC(83) Pause Young (Normal) (G1 Evacuation Pause) 192M->161M(667M) 95.708ms
[2025-11-08T13:20:11.366+0000][gc,cpu        ] GC(83) User=0.10s Sys=0.02s Real=0.10s
[2025-11-08T13:20:21.418+0000][gc,start      ] GC(84) Pause Young (Normal) (G1 Evacuation Pause)
[2025-11-08T13:20:21.419+0000][gc,task       ] GC(84) Using 2 workers of 2 for evacuation
[2025-11-08T13:20:21.426+0000][gc,phases     ] GC(84)   Pre Evacuate Collection Set: 0.0ms
[2025-11-08T13:20:21.426+0000][gc,phases     ] GC(84)   Evacuate Collection Set: 5.9ms
[2025-11-08T13:20:21.427+0000][gc,phases     ] GC(84)   Post Evacuate Collection Set: 0.8ms
[2025-11-08T13:20:21.427+0000][gc,phases     ] GC(84)   Other: 1.2ms
[2025-11-08T13:20:21.427+0000][gc,heap       ] GC(84) Eden regions: 31->0(31)
[2025-11-08T13:20:21.427+0000][gc,heap       ] GC(84) Survivor regions: 2->2(5)
[2025-11-08T13:20:21.428+0000][gc,heap       ] GC(84) Old regions: 22->22
[2025-11-08T13:20:21.428+0000][gc,heap       ] GC(84) Humongous regions: 138->138
[2025-11-08T13:20:21.428+0000][gc,metaspace  ] GC(84) Metaspace: 51207K(53808K)->51207K(53808K) NonClass: 45350K(46768K)->45350K(46768K) Class: 5857K(7040K)->5857K(7040K)
[2025-11-08T13:20:21.428+0000][gc            ] GC(84) Pause Young (Normal) (G1 Evacuation Pause) 192M->161M(667M) 10.010ms
[2025-11-08T13:20:21.428+0000][gc,cpu        ] GC(84) User=0.01s Sys=0.00s Real=0.01s
[2025-11-08T13:20:31.308+0000][gc,start      ] GC(85) Pause Young (Normal) (G1 Evacuation Pause)
[2025-11-08T13:20:31.309+0000][gc,task       ] GC(85) Using 2 workers of 2 for evacuation
[2025-11-08T13:20:31.316+0000][gc,phases     ] GC(85)   Pre Evacuate Collection Set: 0.0ms
[2025-11-08T13:20:31.317+0000][gc,phases     ] GC(85)   Evacuate Collection Set: 6.4ms
[2025-11-08T13:20:31.317+0000][gc,phases     ] GC(85)   Post Evacuate Collection Set: 0.9ms
[2025-11-08T13:20:31.317+0000][gc,phases     ] GC(85)   Other: 0.6ms
[2025-11-08T13:20:31.318+0000][gc,heap       ] GC(85) Eden regions: 31->0(29)
[2025-11-08T13:20:31.318+0000][gc,heap       ] GC(85) Survivor regions: 2->4(5)
[2025-11-08T13:20:31.318+0000][gc,heap       ] GC(85) Old regions: 22->22
[2025-11-08T13:20:31.318+0000][gc,heap       ] GC(85) Humongous regions: 138->138
[2025-11-08T13:20:31.319+0000][gc,metaspace  ] GC(85) Metaspace: 51250K(53808K)->51250K(53808K) NonClass: 45392K(46768K)->45392K(46768K) Class: 5857K(7040K)->5857K(7040K)
[2025-11-08T13:20:31.319+0000][gc            ] GC(85) Pause Young (Normal) (G1 Evacuation Pause) 192M->163M(667M) 10.595ms
[2025-11-08T13:20:31.319+0000][gc,cpu        ] GC(85) User=0.02s Sys=0.00s Real=0.01s
[2025-11-08T13:20:40.466+0000][gc,start      ] GC(86) Pause Young (Normal) (G1 Evacuation Pause)
[2025-11-08T13:20:40.466+0000][gc,task       ] GC(86) Using 2 workers of 2 for evacuation
[2025-11-08T13:20:40.473+0000][gc,phases     ] GC(86)   Pre Evacuate Collection Set: 0.0ms
[2025-11-08T13:20:40.473+0000][gc,phases     ] GC(86)   Evacuate Collection Set: 5.9ms
[2025-11-08T13:20:40.474+0000][gc,phases     ] GC(86)   Post Evacuate Collection Set: 0.6ms
[2025-11-08T13:20:40.474+0000][gc,phases     ] GC(86)   Other: 0.4ms
[2025-11-08T13:20:40.474+0000][gc,heap       ] GC(86) Eden regions: 29->0(31)
[2025-11-08T13:20:40.474+0000][gc,heap       ] GC(86) Survivor regions: 4->2(5)
[2025-11-08T13:20:40.474+0000][gc,heap       ] GC(86) Old regions: 22->24
[2025-11-08T13:20:40.474+0000][gc,heap       ] GC(86) Humongous regions: 138->138
[2025-11-08T13:20:40.474+0000][gc,metaspace  ] GC(86) Metaspace: 51336K(53808K)->51336K(53808K) NonClass: 45479K(46768K)->45479K(46768K) Class: 5857K(7040K)->5857K(7040K)
[2025-11-08T13:20:40.474+0000][gc            ] GC(86) Pause Young (Normal) (G1 Evacuation Pause) 192M->163M(667M) 8.281ms
[2025-11-08T13:20:40.475+0000][gc,cpu        ] GC(86) User=0.02s Sys=0.00s Real=0.01s
[2025-11-08T13:20:50.454+0000][gc,start      ] GC(87) Pause Young (Normal) (G1 Evacuation Pause)
[2025-11-08T13:20:50.454+0000][gc,task       ] GC(87) Using 2 workers of 2 for evacuation
[2025-11-08T13:20:50.460+0000][gc,phases     ] GC(87)   Pre Evacuate Collection Set: 0.0ms
[2025-11-08T13:20:50.461+0000][gc,phases     ] GC(87)   Evacuate Collection Set: 4.8ms
[2025-11-08T13:20:50.461+0000][gc,phases     ] GC(87)   Post Evacuate Collection Set: 0.7ms
[2025-11-08T13:20:50.461+0000][gc,phases     ] GC(87)   Other: 1.0ms
[2025-11-08T13:20:50.461+0000][gc,heap       ] GC(87) Eden regions: 31->0(31)
[2025-11-08T13:20:50.461+0000][gc,heap       ] GC(87) Survivor regions: 2->2(5)
[2025-11-08T13:20:50.461+0000][gc,heap       ] GC(87) Old regions: 24->24
[2025-11-08T13:20:50.461+0000][gc,heap       ] GC(87) Humongous regions: 138->138
[2025-11-08T13:20:50.461+0000][gc,metaspace  ] GC(87) Metaspace: 51362K(53808K)->51362K(53808K) NonClass: 45505K(46768K)->45505K(46768K) Class: 5857K(7040K)->5857K(7040K)
[2025-11-08T13:20:50.461+0000][gc            ] GC(87) Pause Young (Normal) (G1 Evacuation Pause) 194M->163M(667M) 7.757ms
[2025-11-08T13:20:50.462+0000][gc,cpu        ] GC(87) User=0.01s Sys=0.00s Real=0.01s
[2025-11-08T13:21:00.980+0000][gc,start      ] GC(88) Pause Young (Normal) (G1 Evacuation Pause)
[2025-11-08T13:21:00.982+0000][gc,task       ] GC(88) Using 2 workers of 2 for evacuation
[2025-11-08T13:21:00.991+0000][gc,phases     ] GC(88)   Pre Evacuate Collection Set: 0.0ms
[2025-11-08T13:21:00.993+0000][gc,phases     ] GC(88)   Evacuate Collection Set: 7.8ms
[2025-11-08T13:21:00.994+0000][gc,phases     ] GC(88)   Post Evacuate Collection Set: 1.2ms
[2025-11-08T13:21:00.994+0000][gc,phases     ] GC(88)   Other: 2.4ms
[2025-11-08T13:21:00.995+0000][gc,heap       ] GC(88) Eden regions: 31->0(32)
[2025-11-08T13:21:00.996+0000][gc,heap       ] GC(88) Survivor regions: 2->2(5)
[2025-11-08T13:21:00.996+0000][gc,heap       ] GC(88) Old regions: 24->24
[2025-11-08T13:21:00.997+0000][gc,heap       ] GC(88) Humongous regions: 138->138
[2025-11-08T13:21:00.997+0000][gc,metaspace  ] GC(88) Metaspace: 51385K(54064K)->51385K(54064K) NonClass: 45528K(47024K)->45528K(47024K) Class: 5857K(7040K)->5857K(7040K)
[2025-11-08T13:21:01.000+0000][gc            ] GC(88) Pause Young (Normal) (G1 Evacuation Pause) 194M->162M(667M) 19.584ms
[2025-11-08T13:21:01.000+0000][gc,cpu        ] GC(88) User=0.02s Sys=0.00s Real=0.02s
[2025-11-08T13:21:11.461+0000][gc,start      ] GC(89) Pause Young (Normal) (G1 Evacuation Pause)
[2025-11-08T13:21:11.461+0000][gc,task       ] GC(89) Using 2 workers of 2 for evacuation
[2025-11-08T13:21:11.477+0000][gc,phases     ] GC(89)   Pre Evacuate Collection Set: 0.1ms
[2025-11-08T13:21:11.478+0000][gc,phases     ] GC(89)   Evacuate Collection Set: 11.7ms
[2025-11-08T13:21:11.478+0000][gc,phases     ] GC(89)   Post Evacuate Collection Set: 0.8ms
[2025-11-08T13:21:11.479+0000][gc,phases     ] GC(89)   Other: 4.1ms
[2025-11-08T13:21:11.479+0000][gc,heap       ] GC(89) Eden regions: 32->0(32)
[2025-11-08T13:21:11.479+0000][gc,heap       ] GC(89) Survivor regions: 2->4(5)
[2025-11-08T13:21:11.480+0000][gc,heap       ] GC(89) Old regions: 24->24
[2025-11-08T13:21:11.480+0000][gc,heap       ] GC(89) Humongous regions: 138->138
[2025-11-08T13:21:11.483+0000][gc,metaspace  ] GC(89) Metaspace: 51421K(54064K)->51421K(54064K) NonClass: 45564K(47024K)->45564K(47024K) Class: 5857K(7040K)->5857K(7040K)
[2025-11-08T13:21:11.484+0000][gc            ] GC(89) Pause Young (Normal) (G1 Evacuation Pause) 194M->164M(667M) 22.845ms
[2025-11-08T13:21:11.484+0000][gc,cpu        ] GC(89) User=0.03s Sys=0.00s Real=0.03s
[2025-11-08T13:21:22.038+0000][gc,start      ] GC(90) Pause Young (Normal) (G1 Evacuation Pause)
[2025-11-08T13:21:22.039+0000][gc,task       ] GC(90) Using 2 workers of 2 for evacuation
[2025-11-08T13:21:22.050+0000][gc,phases     ] GC(90)   Pre Evacuate Collection Set: 0.0ms
[2025-11-08T13:21:22.051+0000][gc,phases     ] GC(90)   Evacuate Collection Set: 10.7ms
[2025-11-08T13:21:22.051+0000][gc,phases     ] GC(90)   Post Evacuate Collection Set: 0.8ms
[2025-11-08T13:21:22.051+0000][gc,phases     ] GC(90)   Other: 0.9ms
[2025-11-08T13:21:22.051+0000][gc,heap       ] GC(90) Eden regions: 32->0(33)
[2025-11-08T13:21:22.051+0000][gc,heap       ] GC(90) Survivor regions: 4->3(5)
[2025-11-08T13:21:22.052+0000][gc,heap       ] GC(90) Old regions: 24->25
[2025-11-08T13:21:22.052+0000][gc,heap       ] GC(90) Humongous regions: 138->138
[2025-11-08T13:21:22.052+0000][gc,metaspace  ] GC(90) Metaspace: 51447K(54064K)->51447K(54064K) NonClass: 45589K(47024K)->45589K(47024K) Class: 5857K(7040K)->5857K(7040K)
[2025-11-08T13:21:22.052+0000][gc            ] GC(90) Pause Young (Normal) (G1 Evacuation Pause) 196M->164M(667M) 14.347ms
[2025-11-08T13:21:22.053+0000][gc,cpu        ] GC(90) User=0.03s Sys=0.00s Real=0.01s
[2025-11-08T13:21:32.487+0000][gc,start      ] GC(91) Pause Young (Normal) (G1 Evacuation Pause)
[2025-11-08T13:21:32.487+0000][gc,task       ] GC(91) Using 2 workers of 2 for evacuation
[2025-11-08T13:21:32.498+0000][gc,phases     ] GC(91)   Pre Evacuate Collection Set: 0.0ms
[2025-11-08T13:21:32.498+0000][gc,phases     ] GC(91)   Evacuate Collection Set: 8.8ms
[2025-11-08T13:21:32.499+0000][gc,phases     ] GC(91)   Post Evacuate Collection Set: 1.2ms
[2025-11-08T13:21:32.499+0000][gc,phases     ] GC(91)   Other: 1.0ms
[2025-11-08T13:21:32.499+0000][gc,heap       ] GC(91) Eden regions: 32->0(35)
[2025-11-08T13:21:32.499+0000][gc,heap       ] GC(91) Survivor regions: 3->3(5)
[2025-11-08T13:21:32.500+0000][gc,heap       ] GC(91) Old regions: 25->25
[2025-11-08T13:21:32.500+0000][gc,heap       ] GC(91) Humongous regions: 138->138
[2025-11-08T13:21:32.500+0000][gc,metaspace  ] GC(91) Metaspace: 51455K(54064K)->51455K(54064K) NonClass: 45598K(47024K)->45598K(47024K) Class: 5857K(7040K)->5857K(7040K)
[2025-11-08T13:21:32.500+0000][gc            ] GC(91) Pause Young (Normal) (G1 Evacuation Pause) 196M->164M(667M) 13.196ms
[2025-11-08T13:21:32.501+0000][gc,cpu        ] GC(91) User=0.02s Sys=0.00s Real=0.01s
[2025-11-08T13:21:43.207+0000][gc,start      ] GC(92) Pause Young (Normal) (G1 Evacuation Pause)
[2025-11-08T13:21:43.207+0000][gc,task       ] GC(92) Using 2 workers of 2 for evacuation
[2025-11-08T13:21:43.216+0000][gc,phases     ] GC(92)   Pre Evacuate Collection Set: 0.1ms
[2025-11-08T13:21:43.228+0000][gc,phases     ] GC(92)   Evacuate Collection Set: 6.8ms
[2025-11-08T13:21:43.229+0000][gc,phases     ] GC(92)   Post Evacuate Collection Set: 0.8ms
[2025-11-08T13:21:43.229+0000][gc,phases     ] GC(92)   Other: 1.0ms
[2025-11-08T13:21:43.229+0000][gc,heap       ] GC(92) Eden regions: 33->0(38)
[2025-11-08T13:21:43.229+0000][gc,heap       ] GC(92) Survivor regions: 3->3(5)
[2025-11-08T13:21:43.230+0000][gc,heap       ] GC(92) Old regions: 25->25
[2025-11-08T13:21:43.230+0000][gc,heap       ] GC(92) Humongous regions: 138->138
[2025-11-08T13:21:43.230+0000][gc,metaspace  ] GC(92) Metaspace: 51526K(54064K)->51526K(54064K) NonClass: 45669K(47024K)->45669K(47024K) Class: 5857K(7040K)->5857K(7040K)
[2025-11-08T13:21:43.230+0000][gc            ] GC(92) Pause Young (Normal) (G1 Evacuation Pause) 197M->164M(667M) 23.309ms
[2025-11-08T13:21:43.231+0000][gc,cpu        ] GC(92) User=0.02s Sys=0.00s Real=0.02s
[2025-11-08T13:21:55.681+0000][gc,start      ] GC(93) Pause Young (Normal) (G1 Evacuation Pause)
[2025-11-08T13:21:55.685+0000][gc,task       ] GC(93) Using 2 workers of 2 for evacuation
[2025-11-08T13:21:55.697+0000][gc,phases     ] GC(93)   Pre Evacuate Collection Set: 0.1ms
[2025-11-08T13:21:55.697+0000][gc,phases     ] GC(93)   Evacuate Collection Set: 10.0ms
[2025-11-08T13:21:55.697+0000][gc,phases     ] GC(93)   Post Evacuate Collection Set: 1.4ms
[2025-11-08T13:21:55.701+0000][gc,phases     ] GC(93)   Other: 4.0ms
[2025-11-08T13:21:55.701+0000][gc,heap       ] GC(93) Eden regions: 38->0(41)
[2025-11-08T13:21:55.701+0000][gc,heap       ] GC(93) Survivor regions: 3->3(6)
[2025-11-08T13:21:55.701+0000][gc,heap       ] GC(93) Old regions: 25->25
[2025-11-08T13:21:55.702+0000][gc,heap       ] GC(93) Humongous regions: 138->138
[2025-11-08T13:21:55.702+0000][gc,metaspace  ] GC(93) Metaspace: 51541K(54064K)->51541K(54064K) NonClass: 45684K(47024K)->45684K(47024K) Class: 5857K(7040K)->5857K(7040K)
[2025-11-08T13:21:55.702+0000][gc            ] GC(93) Pause Young (Normal) (G1 Evacuation Pause) 202M->165M(667M) 20.833ms
[2025-11-08T13:21:55.703+0000][gc,cpu        ] GC(93) User=0.03s Sys=0.00s Real=0.02s
[2025-11-08T13:22:08.797+0000][gc,start      ] GC(94) Pause Young (Normal) (G1 Evacuation Pause)
[2025-11-08T13:22:08.797+0000][gc,task       ] GC(94) Using 2 workers of 2 for evacuation
[2025-11-08T13:22:08.808+0000][gc,phases     ] GC(94)   Pre Evacuate Collection Set: 0.0ms
[2025-11-08T13:22:08.808+0000][gc,phases     ] GC(94)   Evacuate Collection Set: 9.7ms
[2025-11-08T13:22:08.809+0000][gc,phases     ] GC(94)   Post Evacuate Collection Set: 0.9ms
[2025-11-08T13:22:08.809+0000][gc,phases     ] GC(94)   Other: 0.8ms
[2025-11-08T13:22:08.809+0000][gc,heap       ] GC(94) Eden regions: 40->0(41)
[2025-11-08T13:22:08.810+0000][gc,heap       ] GC(94) Survivor regions: 3->4(6)
[2025-11-08T13:22:08.810+0000][gc,heap       ] GC(94) Old regions: 25->25
[2025-11-08T13:22:08.810+0000][gc,heap       ] GC(94) Humongous regions: 138->138
[2025-11-08T13:22:08.810+0000][gc,metaspace  ] GC(94) Metaspace: 51543K(54064K)->51543K(54064K) NonClass: 45686K(47024K)->45686K(47024K) Class: 5857K(7040K)->5857K(7040K)
[2025-11-08T13:22:08.811+0000][gc            ] GC(94) Pause Young (Normal) (G1 Evacuation Pause) 205M->166M(667M) 14.034ms
[2025-11-08T13:22:08.811+0000][gc,cpu        ] GC(94) User=0.02s Sys=0.00s Real=0.01s
[2025-11-08T13:22:21.943+0000][gc,start      ] GC(95) Pause Young (Normal) (G1 Evacuation Pause)
[2025-11-08T13:22:21.943+0000][gc,task       ] GC(95) Using 2 workers of 2 for evacuation
[2025-11-08T13:22:21.951+0000][gc,phases     ] GC(95)   Pre Evacuate Collection Set: 0.0ms
[2025-11-08T13:22:21.952+0000][gc,phases     ] GC(95)   Evacuate Collection Set: 7.2ms
[2025-11-08T13:22:21.952+0000][gc,phases     ] GC(95)   Post Evacuate Collection Set: 0.9ms
[2025-11-08T13:22:21.952+0000][gc,phases     ] GC(95)   Other: 0.7ms
[2025-11-08T13:22:21.952+0000][gc,heap       ] GC(95) Eden regions: 41->0(42)
[2025-11-08T13:22:21.953+0000][gc,heap       ] GC(95) Survivor regions: 4->2(6)
[2025-11-08T13:22:21.953+0000][gc,heap       ] GC(95) Old regions: 25->26
[2025-11-08T13:22:21.953+0000][gc,heap       ] GC(95) Humongous regions: 138->138
[2025-11-08T13:22:21.953+0000][gc,metaspace  ] GC(95) Metaspace: 51544K(54064K)->51544K(54064K) NonClass: 45686K(47024K)->45686K(47024K) Class: 5857K(7040K)->5857K(7040K)
[2025-11-08T13:22:21.954+0000][gc            ] GC(95) Pause Young (Normal) (G1 Evacuation Pause) 207M->165M(667M) 10.855ms
[2025-11-08T13:22:21.954+0000][gc,cpu        ] GC(95) User=0.02s Sys=0.00s Real=0.02s
[2025-11-08T13:22:35.360+0000][gc,start      ] GC(96) Pause Young (Normal) (G1 Evacuation Pause)
[2025-11-08T13:22:35.360+0000][gc,task       ] GC(96) Using 2 workers of 2 for evacuation
[2025-11-08T13:22:35.368+0000][gc,phases     ] GC(96)   Pre Evacuate Collection Set: 0.1ms
[2025-11-08T13:22:35.369+0000][gc,phases     ] GC(96)   Evacuate Collection Set: 7.2ms
[2025-11-08T13:22:35.369+0000][gc,phases     ] GC(96)   Post Evacuate Collection Set: 0.9ms
[2025-11-08T13:22:35.369+0000][gc,phases     ] GC(96)   Other: 0.7ms
[2025-11-08T13:22:35.370+0000][gc,heap       ] GC(96) Eden regions: 42->0(44)
[2025-11-08T13:22:35.370+0000][gc,heap       ] GC(96) Survivor regions: 2->4(6)
[2025-11-08T13:22:35.371+0000][gc,heap       ] GC(96) Old regions: 26->26
[2025-11-08T13:22:35.371+0000][gc,heap       ] GC(96) Humongous regions: 138->138
[2025-11-08T13:22:35.371+0000][gc,metaspace  ] GC(96) Metaspace: 51546K(54064K)->51546K(54064K) NonClass: 45688K(47024K)->45688K(47024K) Class: 5857K(7040K)->5857K(7040K)
[2025-11-08T13:22:35.372+0000][gc            ] GC(96) Pause Young (Normal) (G1 Evacuation Pause) 207M->166M(667M) 12.022ms
[2025-11-08T13:22:35.372+0000][gc,cpu        ] GC(96) User=0.01s Sys=0.00s Real=0.01s
[2025-11-08T13:22:49.753+0000][gc,start      ] GC(97) Pause Young (Normal) (G1 Evacuation Pause)
[2025-11-08T13:22:49.754+0000][gc,task       ] GC(97) Using 2 workers of 2 for evacuation
[2025-11-08T13:22:49.763+0000][gc,phases     ] GC(97)   Pre Evacuate Collection Set: 0.0ms
[2025-11-08T13:22:49.763+0000][gc,phases     ] GC(97)   Evacuate Collection Set: 7.1ms
[2025-11-08T13:22:49.763+0000][gc,phases     ] GC(97)   Post Evacuate Collection Set: 1.0ms
[2025-11-08T13:22:49.763+0000][gc,phases     ] GC(97)   Other: 1.1ms
[2025-11-08T13:22:49.764+0000][gc,heap       ] GC(97) Eden regions: 44->0(58)
[2025-11-08T13:22:49.764+0000][gc,heap       ] GC(97) Survivor regions: 4->3(6)
[2025-11-08T13:22:49.764+0000][gc,heap       ] GC(97) Old regions: 26->26
[2025-11-08T13:22:49.764+0000][gc,heap       ] GC(97) Humongous regions: 138->138
[2025-11-08T13:22:49.764+0000][gc,metaspace  ] GC(97) Metaspace: 51567K(54064K)->51567K(54064K) NonClass: 45709K(47024K)->45709K(47024K) Class: 5857K(7040K)->5857K(7040K)
[2025-11-08T13:22:49.764+0000][gc            ] GC(97) Pause Young (Normal) (G1 Evacuation Pause) 210M->166M(667M) 11.084ms
[2025-11-08T13:22:49.765+0000][gc,cpu        ] GC(97) User=0.01s Sys=0.00s Real=0.02s
[2025-11-08T13:23:07.940+0000][gc,start      ] GC(98) Pause Young (Normal) (G1 Evacuation Pause)
[2025-11-08T13:23:07.941+0000][gc,task       ] GC(98) Using 2 workers of 2 for evacuation
[2025-11-08T13:23:07.951+0000][gc,phases     ] GC(98)   Pre Evacuate Collection Set: 0.0ms
[2025-11-08T13:23:07.952+0000][gc,phases     ] GC(98)   Evacuate Collection Set: 9.2ms
[2025-11-08T13:23:07.952+0000][gc,phases     ] GC(98)   Post Evacuate Collection Set: 1.0ms
[2025-11-08T13:23:07.952+0000][gc,phases     ] GC(98)   Other: 0.9ms
[2025-11-08T13:23:07.953+0000][gc,heap       ] GC(98) Eden regions: 56->0(63)
[2025-11-08T13:23:07.953+0000][gc,heap       ] GC(98) Survivor regions: 3->4(8)
[2025-11-08T13:23:07.953+0000][gc,heap       ] GC(98) Old regions: 26->26
[2025-11-08T13:23:07.953+0000][gc,heap       ] GC(98) Humongous regions: 138->138
[2025-11-08T13:23:07.954+0000][gc,metaspace  ] GC(98) Metaspace: 51573K(54064K)->51573K(54064K) NonClass: 45716K(47024K)->45716K(47024K) Class: 5857K(7040K)->5857K(7040K)
[2025-11-08T13:23:07.954+0000][gc            ] GC(98) Pause Young (Normal) (G1 Evacuation Pause) 222M->166M(667M) 13.852ms
[2025-11-08T13:23:07.954+0000][gc,cpu        ] GC(98) User=0.02s Sys=0.00s Real=0.02s
[2025-11-08T13:23:27.515+0000][gc,start      ] GC(99) Pause Young (Normal) (G1 Evacuation Pause)
[2025-11-08T13:23:27.515+0000][gc,task       ] GC(99) Using 2 workers of 2 for evacuation
[2025-11-08T13:23:27.523+0000][gc,phases     ] GC(99)   Pre Evacuate Collection Set: 0.0ms
[2025-11-08T13:23:27.524+0000][gc,phases     ] GC(99)   Evacuate Collection Set: 7.5ms
[2025-11-08T13:23:27.524+0000][gc,phases     ] GC(99)   Post Evacuate Collection Set: 0.7ms
[2025-11-08T13:23:27.524+0000][gc,phases     ] GC(99)   Other: 0.5ms
[2025-11-08T13:23:27.524+0000][gc,heap       ] GC(99) Eden regions: 61->0(98)
[2025-11-08T13:23:27.524+0000][gc,heap       ] GC(99) Survivor regions: 4->3(9)
[2025-11-08T13:23:27.525+0000][gc,heap       ] GC(99) Old regions: 26->26
[2025-11-08T13:23:27.525+0000][gc,heap       ] GC(99) Humongous regions: 138->138
[2025-11-08T13:23:27.525+0000][gc,metaspace  ] GC(99) Metaspace: 51579K(54064K)->51579K(54064K) NonClass: 45722K(47024K)->45722K(47024K) Class: 5857K(7040K)->5857K(7040K)
[2025-11-08T13:23:27.525+0000][gc            ] GC(99) Pause Young (Normal) (G1 Evacuation Pause) 227M->166M(667M) 10.538ms
[2025-11-08T13:23:27.526+0000][gc,cpu        ] GC(99) User=0.01s Sys=0.00s Real=0.01s
[2025-11-08T13:24:00.022+0000][gc,start      ] GC(100) Pause Young (Normal) (G1 Evacuation Pause)
[2025-11-08T13:24:00.023+0000][gc,task       ] GC(100) Using 2 workers of 2 for evacuation
[2025-11-08T13:24:00.036+0000][gc,phases     ] GC(100)   Pre Evacuate Collection Set: 0.0ms
[2025-11-08T13:24:00.037+0000][gc,phases     ] GC(100)   Evacuate Collection Set: 11.4ms
[2025-11-08T13:24:00.038+0000][gc,phases     ] GC(100)   Post Evacuate Collection Set: 1.1ms
[2025-11-08T13:24:00.038+0000][gc,phases     ] GC(100)   Other: 1.4ms
[2025-11-08T13:24:00.039+0000][gc,heap       ] GC(100) Eden regions: 98->0(101)
[2025-11-08T13:24:00.039+0000][gc,heap       ] GC(100) Survivor regions: 3->6(13)
[2025-11-08T13:24:00.039+0000][gc,heap       ] GC(100) Old regions: 26->26
[2025-11-08T13:24:00.040+0000][gc,heap       ] GC(100) Humongous regions: 138->138
[2025-11-08T13:24:00.040+0000][gc,metaspace  ] GC(100) Metaspace: 51587K(54064K)->51587K(54064K) NonClass: 45730K(47024K)->45730K(47024K) Class: 5857K(7040K)->5857K(7040K)
[2025-11-08T13:24:00.041+0000][gc            ] GC(100) Pause Young (Normal) (G1 Evacuation Pause) 264M->168M(667M) 18.302ms
[2025-11-08T13:24:00.041+0000][gc,cpu        ] GC(100) User=0.03s Sys=0.00s Real=0.02s
[2025-11-08T13:24:32.954+0000][gc,start      ] GC(101) Pause Young (Normal) (G1 Evacuation Pause)
[2025-11-08T13:24:32.954+0000][gc,task       ] GC(101) Using 2 workers of 2 for evacuation
[2025-11-08T13:24:32.966+0000][gc,phases     ] GC(101)   Pre Evacuate Collection Set: 0.0ms
[2025-11-08T13:24:32.966+0000][gc,phases     ] GC(101)   Evacuate Collection Set: 10.1ms
[2025-11-08T13:24:32.966+0000][gc,phases     ] GC(101)   Post Evacuate Collection Set: 0.8ms
[2025-11-08T13:24:32.966+0000][gc,phases     ] GC(101)   Other: 0.6ms
[2025-11-08T13:24:32.966+0000][gc,heap       ] GC(101) Eden regions: 100->0(120)
[2025-11-08T13:24:32.967+0000][gc,heap       ] GC(101) Survivor regions: 6->6(14)
[2025-11-08T13:24:32.967+0000][gc,heap       ] GC(101) Old regions: 26->26
[2025-11-08T13:24:32.967+0000][gc,heap       ] GC(101) Humongous regions: 138->138
[2025-11-08T13:24:32.967+0000][gc,metaspace  ] GC(101) Metaspace: 51610K(54320K)->51610K(54320K) NonClass: 45753K(47280K)->45753K(47280K) Class: 5857K(7040K)->5857K(7040K)
[2025-11-08T13:24:32.967+0000][gc            ] GC(101) Pause Young (Normal) (G1 Evacuation Pause) 268M->169M(667M) 13.236ms
[2025-11-08T13:24:32.968+0000][gc,cpu        ] GC(101) User=0.02s Sys=0.00s Real=0.01s
[2025-11-08T13:25:12.176+0000][gc,start      ] GC(102) Pause Young (Normal) (G1 Evacuation Pause)
[2025-11-08T13:25:12.176+0000][gc,task       ] GC(102) Using 2 workers of 2 for evacuation
[2025-11-08T13:25:12.190+0000][gc,phases     ] GC(102)   Pre Evacuate Collection Set: 0.0ms
[2025-11-08T13:25:12.191+0000][gc,phases     ] GC(102)   Evacuate Collection Set: 13.0ms
[2025-11-08T13:25:12.191+0000][gc,phases     ] GC(102)   Post Evacuate Collection Set: 0.9ms
[2025-11-08T13:25:12.191+0000][gc,phases     ] GC(102)   Other: 0.6ms
[2025-11-08T13:25:12.191+0000][gc,heap       ] GC(102) Eden regions: 120->0(121)
[2025-11-08T13:25:12.192+0000][gc,heap       ] GC(102) Survivor regions: 6->7(16)
[2025-11-08T13:25:12.192+0000][gc,heap       ] GC(102) Old regions: 26->26
[2025-11-08T13:25:12.192+0000][gc,heap       ] GC(102) Humongous regions: 138->138
[2025-11-08T13:25:12.192+0000][gc,metaspace  ] GC(102) Metaspace: 51619K(54320K)->51619K(54320K) NonClass: 45762K(47280K)->45762K(47280K) Class: 5857K(7040K)->5857K(7040K)
[2025-11-08T13:25:12.192+0000][gc            ] GC(102) Pause Young (Normal) (G1 Evacuation Pause) 289M->170M(667M) 16.305ms
[2025-11-08T13:25:12.192+0000][gc,cpu        ] GC(102) User=0.02s Sys=0.00s Real=0.02s
[2025-11-08T13:25:52.030+0000][gc,start      ] GC(103) Pause Young (Normal) (G1 Evacuation Pause)
[2025-11-08T13:25:52.031+0000][gc,task       ] GC(103) Using 2 workers of 2 for evacuation
[2025-11-08T13:25:52.048+0000][gc,phases     ] GC(103)   Pre Evacuate Collection Set: 0.0ms
[2025-11-08T13:25:52.048+0000][gc,phases     ] GC(103)   Evacuate Collection Set: 15.9ms
[2025-11-08T13:25:52.048+0000][gc,phases     ] GC(103)   Post Evacuate Collection Set: 1.0ms
[2025-11-08T13:25:52.049+0000][gc,phases     ] GC(103)   Other: 0.7ms
[2025-11-08T13:25:52.049+0000][gc,heap       ] GC(103) Eden regions: 121->0(122)
[2025-11-08T13:25:52.049+0000][gc,heap       ] GC(103) Survivor regions: 7->9(16)
[2025-11-08T13:25:52.049+0000][gc,heap       ] GC(103) Old regions: 26->26
[2025-11-08T13:25:52.049+0000][gc,heap       ] GC(103) Humongous regions: 138->138
[2025-11-08T13:25:52.050+0000][gc,metaspace  ] GC(103) Metaspace: 51671K(54320K)->51671K(54320K) NonClass: 45814K(47280K)->45814K(47280K) Class: 5857K(7040K)->5857K(7040K)
[2025-11-08T13:25:52.050+0000][gc            ] GC(103) Pause Young (Normal) (G1 Evacuation Pause) 291M->172M(667M) 19.537ms
[2025-11-08T13:25:52.050+0000][gc,cpu        ] GC(103) User=0.04s Sys=0.00s Real=0.02s
[2025-11-08T13:26:32.554+0000][gc,start      ] GC(104) Pause Young (Normal) (G1 Evacuation Pause)
[2025-11-08T13:26:32.554+0000][gc,task       ] GC(104) Using 2 workers of 2 for evacuation
[2025-11-08T13:26:32.576+0000][gc,mmu        ] GC(104) MMU target violated: 21.0ms (20.0ms/21.0ms)
[2025-11-08T13:26:32.577+0000][gc,phases     ] GC(104)   Pre Evacuate Collection Set: 0.1ms
[2025-11-08T13:26:32.577+0000][gc,phases     ] GC(104)   Evacuate Collection Set: 19.5ms
[2025-11-08T13:26:32.577+0000][gc,phases     ] GC(104)   Post Evacuate Collection Set: 1.6ms
[2025-11-08T13:26:32.577+0000][gc,phases     ] GC(104)   Other: 1.8ms
[2025-11-08T13:26:32.577+0000][gc,heap       ] GC(104) Eden regions: 122->0(120)
[2025-11-08T13:26:32.578+0000][gc,heap       ] GC(104) Survivor regions: 9->10(17)
[2025-11-08T13:26:32.578+0000][gc,heap       ] GC(104) Old regions: 26->26
[2025-11-08T13:26:32.578+0000][gc,heap       ] GC(104) Humongous regions: 138->138
[2025-11-08T13:26:32.578+0000][gc,metaspace  ] GC(104) Metaspace: 51703K(54320K)->51703K(54320K) NonClass: 45846K(47280K)->45846K(47280K) Class: 5857K(7040K)->5857K(7040K)
[2025-11-08T13:26:32.580+0000][gc            ] GC(104) Pause Young (Normal) (G1 Evacuation Pause) 294M->173M(667M) 25.985ms
[2025-11-08T13:26:32.580+0000][gc,cpu        ] GC(104) User=0.04s Sys=0.00s Real=0.02s
[2025-11-08T13:27:04.483+0000][gc,start      ] GC(105) Pause Young (Normal) (G1 Evacuation Pause)
[2025-11-08T13:27:04.483+0000][gc,task       ] GC(105) Using 2 workers of 2 for evacuation
[2025-11-08T13:27:04.498+0000][gc,phases     ] GC(105)   Pre Evacuate Collection Set: 0.0ms
[2025-11-08T13:27:04.498+0000][gc,phases     ] GC(105)   Evacuate Collection Set: 13.7ms
[2025-11-08T13:27:04.498+0000][gc,phases     ] GC(105)   Post Evacuate Collection Set: 0.8ms
[2025-11-08T13:27:04.499+0000][gc,phases     ] GC(105)   Other: 0.5ms
[2025-11-08T13:27:04.499+0000][gc,heap       ] GC(105) Eden regions: 98->0(120)
[2025-11-08T13:27:04.499+0000][gc,heap       ] GC(105) Survivor regions: 10->8(14)
[2025-11-08T13:27:04.499+0000][gc,heap       ] GC(105) Old regions: 26->28
[2025-11-08T13:27:04.499+0000][gc,heap       ] GC(105) Humongous regions: 138->138
[2025-11-08T13:27:04.500+0000][gc,metaspace  ] GC(105) Metaspace: 51712K(54320K)->51712K(54320K) NonClass: 45855K(47280K)->45855K(47280K) Class: 5857K(7040K)->5857K(7040K)
[2025-11-08T13:27:04.500+0000][gc            ] GC(105) Pause Young (Normal) (G1 Evacuation Pause) 271M->173M(667M) 16.780ms
[2025-11-08T13:27:04.500+0000][gc,cpu        ] GC(105) User=0.03s Sys=0.00s Real=0.01s
[2025-11-08T13:27:39.686+0000][gc,start      ] GC(106) Pause Young (Normal) (G1 Evacuation Pause)
[2025-11-08T13:27:39.686+0000][gc,task       ] GC(106) Using 2 workers of 2 for evacuation
[2025-11-08T13:27:39.698+0000][gc,phases     ] GC(106)   Pre Evacuate Collection Set: 0.0ms
[2025-11-08T13:27:39.698+0000][gc,phases     ] GC(106)   Evacuate Collection Set: 11.2ms
[2025-11-08T13:27:39.699+0000][gc,phases     ] GC(106)   Post Evacuate Collection Set: 0.8ms
[2025-11-08T13:27:39.699+0000][gc,phases     ] GC(106)   Other: 0.6ms
[2025-11-08T13:27:39.699+0000][gc,heap       ] GC(106) Eden regions: 110->0(123)
[2025-11-08T13:27:39.699+0000][gc,heap       ] GC(106) Survivor regions: 8->7(15)
[2025-11-08T13:27:39.699+0000][gc,heap       ] GC(106) Old regions: 28->28
[2025-11-08T13:27:39.699+0000][gc,heap       ] GC(106) Humongous regions: 138->138
[2025-11-08T13:27:39.700+0000][gc,metaspace  ] GC(106) Metaspace: 51816K(54320K)->51816K(54320K) NonClass: 45930K(47280K)->45930K(47280K) Class: 5885K(7040K)->5885K(7040K)
[2025-11-08T13:27:39.700+0000][gc            ] GC(106) Pause Young (Normal) (G1 Evacuation Pause) 283M->172M(667M) 14.129ms
[2025-11-08T13:27:39.700+0000][gc,cpu        ] GC(106) User=0.02s Sys=0.00s Real=0.01s
[2025-11-08T13:28:19.679+0000][gc,start      ] GC(107) Pause Young (Normal) (G1 Evacuation Pause)
[2025-11-08T13:28:19.680+0000][gc,task       ] GC(107) Using 2 workers of 2 for evacuation
[2025-11-08T13:28:19.694+0000][gc,phases     ] GC(107)   Pre Evacuate Collection Set: 0.0ms
[2025-11-08T13:28:19.694+0000][gc,phases     ] GC(107)   Evacuate Collection Set: 12.8ms
[2025-11-08T13:28:19.695+0000][gc,phases     ] GC(107)   Post Evacuate Collection Set: 1.0ms
[2025-11-08T13:28:19.695+0000][gc,phases     ] GC(107)   Other: 0.6ms
[2025-11-08T13:28:19.695+0000][gc,heap       ] GC(107) Eden regions: 123->0(122)
[2025-11-08T13:28:19.695+0000][gc,heap       ] GC(107) Survivor regions: 7->9(17)
[2025-11-08T13:28:19.696+0000][gc,heap       ] GC(107) Old regions: 28->28
[2025-11-08T13:28:19.696+0000][gc,heap       ] GC(107) Humongous regions: 138->138
[2025-11-08T13:28:19.696+0000][gc,metaspace  ] GC(107) Metaspace: 51820K(54320K)->51820K(54320K) NonClass: 45934K(47280K)->45934K(47280K) Class: 5885K(7040K)->5885K(7040K)
[2025-11-08T13:28:19.696+0000][gc            ] GC(107) Pause Young (Normal) (G1 Evacuation Pause) 295M->174M(667M) 16.813ms
[2025-11-08T13:28:19.696+0000][gc,cpu        ] GC(107) User=0.03s Sys=0.00s Real=0.02s
[2025-11-08T13:28:59.398+0000][gc,start      ] GC(108) Pause Young (Normal) (G1 Evacuation Pause)
[2025-11-08T13:28:59.398+0000][gc,task       ] GC(108) Using 2 workers of 2 for evacuation
[2025-11-08T13:28:59.413+0000][gc,phases     ] GC(108)   Pre Evacuate Collection Set: 0.0ms
[2025-11-08T13:28:59.413+0000][gc,phases     ] GC(108)   Evacuate Collection Set: 13.8ms
[2025-11-08T13:28:59.413+0000][gc,phases     ] GC(108)   Post Evacuate Collection Set: 0.7ms
[2025-11-08T13:28:59.413+0000][gc,phases     ] GC(108)   Other: 0.5ms
[2025-11-08T13:28:59.413+0000][gc,heap       ] GC(108) Eden regions: 122->0(123)
[2025-11-08T13:28:59.413+0000][gc,heap       ] GC(108) Survivor regions: 9->10(17)
[2025-11-08T13:28:59.414+0000][gc,heap       ] GC(108) Old regions: 28->28
[2025-11-08T13:28:59.414+0000][gc,heap       ] GC(108) Humongous regions: 138->138
[2025-11-08T13:28:59.414+0000][gc,metaspace  ] GC(108) Metaspace: 51825K(54320K)->51825K(54320K) NonClass: 45939K(47280K)->45939K(47280K) Class: 5885K(7040K)->5885K(7040K)
[2025-11-08T13:28:59.414+0000][gc            ] GC(108) Pause Young (Normal) (G1 Evacuation Pause) 296M->175M(667M) 16.202ms
[2025-11-08T13:28:59.414+0000][gc,cpu        ] GC(108) User=0.02s Sys=0.00s Real=0.02s
[2025-11-08T13:29:40.147+0000][gc,start      ] GC(109) Pause Young (Normal) (G1 Evacuation Pause)
[2025-11-08T13:29:40.147+0000][gc,task       ] GC(109) Using 2 workers of 2 for evacuation
[2025-11-08T13:29:40.166+0000][gc,phases     ] GC(109)   Pre Evacuate Collection Set: 0.0ms
[2025-11-08T13:29:40.166+0000][gc,phases     ] GC(109)   Evacuate Collection Set: 17.3ms
[2025-11-08T13:29:40.167+0000][gc,phases     ] GC(109)   Post Evacuate Collection Set: 1.0ms
[2025-11-08T13:29:40.168+0000][gc,phases     ] GC(109)   Other: 0.6ms
[2025-11-08T13:29:40.168+0000][gc,heap       ] GC(109) Eden regions: 123->0(123)
[2025-11-08T13:29:40.168+0000][gc,heap       ] GC(109) Survivor regions: 10->11(17)
[2025-11-08T13:29:40.168+0000][gc,heap       ] GC(109) Old regions: 28->30
[2025-11-08T13:29:40.169+0000][gc,heap       ] GC(109) Humongous regions: 138->138
[2025-11-08T13:29:40.169+0000][gc,metaspace  ] GC(109) Metaspace: 51835K(54320K)->51835K(54320K) NonClass: 45949K(47280K)->45949K(47280K) Class: 5885K(7040K)->5885K(7040K)
[2025-11-08T13:29:40.169+0000][gc            ] GC(109) Pause Young (Normal) (G1 Evacuation Pause) 298M->177M(667M) 22.288ms
[2025-11-08T13:29:40.170+0000][gc,cpu        ] GC(109) User=0.03s Sys=0.00s Real=0.02s
[2025-11-08T13:30:21.008+0000][gc,start      ] GC(110) Pause Young (Normal) (G1 Evacuation Pause)
[2025-11-08T13:30:21.010+0000][gc,task       ] GC(110) Using 2 workers of 2 for evacuation
[2025-11-08T13:30:21.037+0000][gc,mmu        ] GC(110) MMU target violated: 21.0ms (20.0ms/21.0ms)
[2025-11-08T13:30:21.038+0000][gc,phases     ] GC(110)   Pre Evacuate Collection Set: 0.0ms
[2025-11-08T13:30:21.038+0000][gc,phases     ] GC(110)   Evacuate Collection Set: 25.4ms
[2025-11-08T13:30:21.038+0000][gc,phases     ] GC(110)   Post Evacuate Collection Set: 1.9ms
[2025-11-08T13:30:21.040+0000][gc,phases     ] GC(110)   Other: 2.7ms
[2025-11-08T13:30:21.041+0000][gc,heap       ] GC(110) Eden regions: 123->0(55)
[2025-11-08T13:30:21.041+0000][gc,heap       ] GC(110) Survivor regions: 11->10(17)
[2025-11-08T13:30:21.042+0000][gc,heap       ] GC(110) Old regions: 30->31
[2025-11-08T13:30:21.042+0000][gc,heap       ] GC(110) Humongous regions: 138->138
[2025-11-08T13:30:21.042+0000][gc,metaspace  ] GC(110) Metaspace: 51890K(54576K)->51890K(54576K) NonClass: 46005K(47536K)->46005K(47536K) Class: 5885K(7040K)->5885K(7040K)
[2025-11-08T13:30:21.042+0000][gc            ] GC(110) Pause Young (Normal) (G1 Evacuation Pause) 300M->178M(667M) 34.654ms
[2025-11-08T13:30:21.043+0000][gc,cpu        ] GC(110) User=0.06s Sys=0.00s Real=0.03s
[2025-11-08T13:30:38.983+0000][gc,start      ] GC(111) Pause Young (Normal) (G1 Evacuation Pause)
[2025-11-08T13:30:38.984+0000][gc,task       ] GC(111) Using 2 workers of 2 for evacuation
[2025-11-08T13:30:39.000+0000][gc,phases     ] GC(111)   Pre Evacuate Collection Set: 0.0ms
[2025-11-08T13:30:39.000+0000][gc,phases     ] GC(111)   Evacuate Collection Set: 15.0ms
[2025-11-08T13:30:39.001+0000][gc,phases     ] GC(111)   Post Evacuate Collection Set: 0.8ms
[2025-11-08T13:30:39.001+0000][gc,phases     ] GC(111)   Other: 0.9ms
[2025-11-08T13:30:39.001+0000][gc,heap       ] GC(111) Eden regions: 55->0(93)
[2025-11-08T13:30:39.001+0000][gc,heap       ] GC(111) Survivor regions: 10->3(9)
[2025-11-08T13:30:39.001+0000][gc,heap       ] GC(111) Old regions: 31->37
[2025-11-08T13:30:39.002+0000][gc,heap       ] GC(111) Humongous regions: 138->138
[2025-11-08T13:30:39.002+0000][gc,metaspace  ] GC(111) Metaspace: 51901K(54576K)->51901K(54576K) NonClass: 46015K(47536K)->46015K(47536K) Class: 5885K(7040K)->5885K(7040K)
[2025-11-08T13:30:39.002+0000][gc            ] GC(111) Pause Young (Normal) (G1 Evacuation Pause) 233M->177M(667M) 18.970ms
[2025-11-08T13:30:39.002+0000][gc,cpu        ] GC(111) User=0.03s Sys=0.00s Real=0.02s
[2025-11-08T13:31:10.186+0000][gc,start      ] GC(112) Pause Young (Normal) (G1 Evacuation Pause)
[2025-11-08T13:31:10.187+0000][gc,task       ] GC(112) Using 2 workers of 2 for evacuation
[2025-11-08T13:31:10.201+0000][gc,phases     ] GC(112)   Pre Evacuate Collection Set: 0.1ms
[2025-11-08T13:31:10.201+0000][gc,phases     ] GC(112)   Evacuate Collection Set: 12.5ms
[2025-11-08T13:31:10.201+0000][gc,phases     ] GC(112)   Post Evacuate Collection Set: 0.9ms
[2025-11-08T13:31:10.201+0000][gc,phases     ] GC(112)   Other: 1.1ms
[2025-11-08T13:31:10.202+0000][gc,heap       ] GC(112) Eden regions: 93->0(87)
[2025-11-08T13:31:10.202+0000][gc,heap       ] GC(112) Survivor regions: 3->5(12)
[2025-11-08T13:31:10.202+0000][gc,heap       ] GC(112) Old regions: 37->37
[2025-11-08T13:31:10.202+0000][gc,heap       ] GC(112) Humongous regions: 138->138
[2025-11-08T13:31:10.203+0000][gc,metaspace  ] GC(112) Metaspace: 51903K(54576K)->51903K(54576K) NonClass: 46017K(47536K)->46017K(47536K) Class: 5885K(7040K)->5885K(7040K)
[2025-11-08T13:31:10.203+0000][gc            ] GC(112) Pause Young (Normal) (G1 Evacuation Pause) 270M->179M(667M) 16.753ms
[2025-11-08T13:31:10.203+0000][gc,cpu        ] GC(112) User=0.03s Sys=0.00s Real=0.01s
[2025-11-08T13:31:39.928+0000][gc,start      ] GC(113) Pause Young (Normal) (G1 Evacuation Pause)
[2025-11-08T13:31:39.928+0000][gc,task       ] GC(113) Using 2 workers of 2 for evacuation
[2025-11-08T13:31:39.943+0000][gc,phases     ] GC(113)   Pre Evacuate Collection Set: 0.0ms
[2025-11-08T13:31:39.943+0000][gc,phases     ] GC(113)   Evacuate Collection Set: 12.9ms
[2025-11-08T13:31:39.943+0000][gc,phases     ] GC(113)   Post Evacuate Collection Set: 1.0ms
[2025-11-08T13:31:39.944+0000][gc,phases     ] GC(113)   Other: 1.1ms
[2025-11-08T13:31:39.944+0000][gc,heap       ] GC(113) Eden regions: 87->0(90)
[2025-11-08T13:31:39.944+0000][gc,heap       ] GC(113) Survivor regions: 5->6(12)
[2025-11-08T13:31:39.944+0000][gc,heap       ] GC(113) Old regions: 37->37
[2025-11-08T13:31:39.944+0000][gc,heap       ] GC(113) Humongous regions: 138->138
[2025-11-08T13:31:39.944+0000][gc,metaspace  ] GC(113) Metaspace: 51905K(54576K)->51905K(54576K) NonClass: 46020K(47536K)->46020K(47536K) Class: 5885K(7040K)->5885K(7040K)
[2025-11-08T13:31:39.945+0000][gc            ] GC(113) Pause Young (Normal) (G1 Evacuation Pause) 266M->180M(667M) 17.057ms
[2025-11-08T13:31:39.945+0000][gc,cpu        ] GC(113) User=0.02s Sys=0.00s Real=0.02s
[2025-11-08T13:32:11.275+0000][gc,start      ] GC(114) Pause Young (Normal) (G1 Evacuation Pause)
[2025-11-08T13:32:11.275+0000][gc,task       ] GC(114) Using 2 workers of 2 for evacuation
[2025-11-08T13:32:11.296+0000][gc,mmu        ] GC(114) MMU target violated: 20.8ms (20.0ms/21.0ms)
[2025-11-08T13:32:11.296+0000][gc,phases     ] GC(114)   Pre Evacuate Collection Set: 0.0ms
[2025-11-08T13:32:11.297+0000][gc,phases     ] GC(114)   Evacuate Collection Set: 19.4ms
[2025-11-08T13:32:11.297+0000][gc,phases     ] GC(114)   Post Evacuate Collection Set: 1.0ms
[2025-11-08T13:32:11.297+0000][gc,phases     ] GC(114)   Other: 1.4ms
[2025-11-08T13:32:11.297+0000][gc,heap       ] GC(114) Eden regions: 90->0(74)
[2025-11-08T13:32:11.298+0000][gc,heap       ] GC(114) Survivor regions: 6->7(12)
[2025-11-08T13:32:11.298+0000][gc,heap       ] GC(114) Old regions: 37->37
[2025-11-08T13:32:11.299+0000][gc,heap       ] GC(114) Humongous regions: 138->138
[2025-11-08T13:32:11.299+0000][gc,metaspace  ] GC(114) Metaspace: 51911K(54576K)->51911K(54576K) NonClass: 46025K(47536K)->46025K(47536K) Class: 5885K(7040K)->5885K(7040K)
[2025-11-08T13:32:11.299+0000][gc            ] GC(114) Pause Young (Normal) (G1 Evacuation Pause) 270M->181M(667M) 24.591ms
[2025-11-08T13:32:11.300+0000][gc,cpu        ] GC(114) User=0.04s Sys=0.00s Real=0.03s
[2025-11-08T13:32:35.611+0000][gc,start      ] GC(115) Pause Young (Normal) (G1 Evacuation Pause)
[2025-11-08T13:32:35.611+0000][gc,task       ] GC(115) Using 2 workers of 2 for evacuation
[2025-11-08T13:32:35.624+0000][gc,phases     ] GC(115)   Pre Evacuate Collection Set: 0.0ms
[2025-11-08T13:32:35.624+0000][gc,phases     ] GC(115)   Evacuate Collection Set: 11.1ms
[2025-11-08T13:32:35.624+0000][gc,phases     ] GC(115)   Post Evacuate Collection Set: 0.7ms
[2025-11-08T13:32:35.624+0000][gc,phases     ] GC(115)   Other: 0.6ms
[2025-11-08T13:32:35.624+0000][gc,heap       ] GC(115) Eden regions: 74->0(85)
[2025-11-08T13:32:35.625+0000][gc,heap       ] GC(115) Survivor regions: 7->5(11)
[2025-11-08T13:32:35.625+0000][gc,heap       ] GC(115) Old regions: 37->38
[2025-11-08T13:32:35.625+0000][gc,heap       ] GC(115) Humongous regions: 138->138
[2025-11-08T13:32:35.625+0000][gc,metaspace  ] GC(115) Metaspace: 51912K(54576K)->51912K(54576K) NonClass: 46026K(47536K)->46026K(47536K) Class: 5885K(7040K)->5885K(7040K)
[2025-11-08T13:32:35.625+0000][gc            ] GC(115) Pause Young (Normal) (G1 Evacuation Pause) 255M->180M(667M) 14.212ms
[2025-11-08T13:32:35.626+0000][gc,cpu        ] GC(115) User=0.02s Sys=0.00s Real=0.02s
[2025-11-08T13:33:03.554+0000][gc,start      ] GC(116) Pause Young (Normal) (G1 Evacuation Pause)
[2025-11-08T13:33:03.555+0000][gc,task       ] GC(116) Using 2 workers of 2 for evacuation
[2025-11-08T13:33:03.567+0000][gc,phases     ] GC(116)   Pre Evacuate Collection Set: 0.0ms
[2025-11-08T13:33:03.567+0000][gc,phases     ] GC(116)   Evacuate Collection Set: 10.4ms
[2025-11-08T13:33:03.567+0000][gc,phases     ] GC(116)   Post Evacuate Collection Set: 1.1ms
[2025-11-08T13:33:03.567+0000][gc,phases     ] GC(116)   Other: 0.8ms
[2025-11-08T13:33:03.568+0000][gc,heap       ] GC(116) Eden regions: 85->0(89)
[2025-11-08T13:33:03.568+0000][gc,heap       ] GC(116) Survivor regions: 5->6(12)
[2025-11-08T13:33:03.568+0000][gc,heap       ] GC(116) Old regions: 38->38
[2025-11-08T13:33:03.568+0000][gc,heap       ] GC(116) Humongous regions: 138->138
[2025-11-08T13:33:03.568+0000][gc,metaspace  ] GC(116) Metaspace: 51924K(54576K)->51924K(54576K) NonClass: 46038K(47536K)->46038K(47536K) Class: 5885K(7040K)->5885K(7040K)
[2025-11-08T13:33:03.568+0000][gc            ] GC(116) Pause Young (Normal) (G1 Evacuation Pause) 265M->181M(667M) 14.191ms
[2025-11-08T13:33:03.569+0000][gc,cpu        ] GC(116) User=0.03s Sys=0.00s Real=0.02s
[2025-11-08T13:33:31.779+0000][gc,start      ] GC(117) Pause Young (Normal) (G1 Evacuation Pause)
[2025-11-08T13:33:31.780+0000][gc,task       ] GC(117) Using 2 workers of 2 for evacuation
[2025-11-08T13:33:31.799+0000][gc,phases     ] GC(117)   Pre Evacuate Collection Set: 0.1ms
[2025-11-08T13:33:31.800+0000][gc,phases     ] GC(117)   Evacuate Collection Set: 16.9ms
[2025-11-08T13:33:31.800+0000][gc,phases     ] GC(117)   Post Evacuate Collection Set: 1.0ms
[2025-11-08T13:33:31.800+0000][gc,phases     ] GC(117)   Other: 2.0ms
[2025-11-08T13:33:31.801+0000][gc,heap       ] GC(117) Eden regions: 86->0(88)
[2025-11-08T13:33:31.801+0000][gc,heap       ] GC(117) Survivor regions: 6->7(12)
[2025-11-08T13:33:31.801+0000][gc,heap       ] GC(117) Old regions: 38->38
[2025-11-08T13:33:31.802+0000][gc,heap       ] GC(117) Humongous regions: 138->138
[2025-11-08T13:33:31.802+0000][gc,metaspace  ] GC(117) Metaspace: 51926K(54576K)->51926K(54576K) NonClass: 46040K(47536K)->46040K(47536K) Class: 5885K(7040K)->5885K(7040K)
[2025-11-08T13:33:31.802+0000][gc            ] GC(117) Pause Young (Normal) (G1 Evacuation Pause) 267M->182M(667M) 22.597ms
[2025-11-08T13:33:31.802+0000][gc,cpu        ] GC(117) User=0.03s Sys=0.00s Real=0.02s
[2025-11-08T13:33:59.188+0000][gc,start      ] GC(118) Pause Young (Normal) (G1 Evacuation Pause)
[2025-11-08T13:33:59.189+0000][gc,task       ] GC(118) Using 2 workers of 2 for evacuation
[2025-11-08T13:33:59.199+0000][gc,phases     ] GC(118)   Pre Evacuate Collection Set: 0.0ms
[2025-11-08T13:33:59.200+0000][gc,phases     ] GC(118)   Evacuate Collection Set: 9.7ms
[2025-11-08T13:33:59.200+0000][gc,phases     ] GC(118)   Post Evacuate Collection Set: 0.6ms
[2025-11-08T13:33:59.200+0000][gc,phases     ] GC(118)   Other: 0.6ms
[2025-11-08T13:33:59.200+0000][gc,heap       ] GC(118) Eden regions: 84->0(93)
[2025-11-08T13:33:59.200+0000][gc,heap       ] GC(118) Survivor regions: 7->7(12)
[2025-11-08T13:33:59.200+0000][gc,heap       ] GC(118) Old regions: 38->38
[2025-11-08T13:33:59.200+0000][gc,heap       ] GC(118) Humongous regions: 138->138
[2025-11-08T13:33:59.201+0000][gc,metaspace  ] GC(118) Metaspace: 51928K(54576K)->51928K(54576K) NonClass: 46042K(47536K)->46042K(47536K) Class: 5885K(7040K)->5885K(7040K)
[2025-11-08T13:33:59.201+0000][gc            ] GC(118) Pause Young (Normal) (G1 Evacuation Pause) 266M->182M(667M) 12.342ms
[2025-11-08T13:33:59.201+0000][gc,cpu        ] GC(118) User=0.02s Sys=0.00s Real=0.01s
[2025-11-08T13:34:29.365+0000][gc,start      ] GC(119) Pause Young (Normal) (G1 Evacuation Pause)
[2025-11-08T13:34:29.365+0000][gc,task       ] GC(119) Using 2 workers of 2 for evacuation
[2025-11-08T13:34:29.379+0000][gc,phases     ] GC(119)   Pre Evacuate Collection Set: 0.0ms
[2025-11-08T13:34:29.379+0000][gc,phases     ] GC(119)   Evacuate Collection Set: 12.4ms
[2025-11-08T13:34:29.379+0000][gc,phases     ] GC(119)   Post Evacuate Collection Set: 0.6ms
[2025-11-08T13:34:29.379+0000][gc,phases     ] GC(119)   Other: 0.7ms
[2025-11-08T13:34:29.380+0000][gc,heap       ] GC(119) Eden regions: 93->0(96)
[2025-11-08T13:34:29.380+0000][gc,heap       ] GC(119) Survivor regions: 7->9(13)
[2025-11-08T13:34:29.380+0000][gc,heap       ] GC(119) Old regions: 38->38
[2025-11-08T13:34:29.380+0000][gc,heap       ] GC(119) Humongous regions: 138->138
[2025-11-08T13:34:29.380+0000][gc,metaspace  ] GC(119) Metaspace: 51989K(54576K)->51989K(54576K) NonClass: 46103K(47536K)->46103K(47536K) Class: 5885K(7040K)->5885K(7040K)
[2025-11-08T13:34:29.381+0000][gc            ] GC(119) Pause Young (Normal) (G1 Evacuation Pause) 275M->184M(667M) 15.619ms
[2025-11-08T13:34:29.381+0000][gc,cpu        ] GC(119) User=0.02s Sys=0.00s Real=0.02s
[2025-11-08T13:35:00.581+0000][gc,start      ] GC(120) Pause Young (Normal) (G1 Evacuation Pause)
[2025-11-08T13:35:00.581+0000][gc,task       ] GC(120) Using 2 workers of 2 for evacuation
[2025-11-08T13:35:00.601+0000][gc,phases     ] GC(120)   Pre Evacuate Collection Set: 0.0ms
[2025-11-08T13:35:00.604+0000][gc,phases     ] GC(120)   Evacuate Collection Set: 18.0ms
[2025-11-08T13:35:00.606+0000][gc,phases     ] GC(120)   Post Evacuate Collection Set: 1.5ms
[2025-11-08T13:35:00.607+0000][gc,phases     ] GC(120)   Other: 0.8ms
[2025-11-08T13:35:00.609+0000][gc,heap       ] GC(120) Eden regions: 96->0(96)
[2025-11-08T13:35:00.610+0000][gc,heap       ] GC(120) Survivor regions: 9->8(14)
[2025-11-08T13:35:00.613+0000][gc,heap       ] GC(120) Old regions: 38->40
[2025-11-08T13:35:00.613+0000][gc,heap       ] GC(120) Humongous regions: 138->138
[2025-11-08T13:35:00.614+0000][gc,metaspace  ] GC(120) Metaspace: 52012K(54576K)->52012K(54576K) NonClass: 46126K(47536K)->46126K(47536K) Class: 5885K(7040K)->5885K(7040K)
[2025-11-08T13:35:00.614+0000][gc            ] GC(120) Pause Young (Normal) (G1 Evacuation Pause) 280M->184M(667M) 33.348ms
[2025-11-08T13:35:00.616+0000][gc,cpu        ] GC(120) User=0.04s Sys=0.00s Real=0.03s
[2025-11-08T13:35:31.744+0000][gc,start      ] GC(121) Pause Young (Normal) (G1 Evacuation Pause)
[2025-11-08T13:35:31.744+0000][gc,task       ] GC(121) Using 2 workers of 2 for evacuation
[2025-11-08T13:35:31.759+0000][gc,phases     ] GC(121)   Pre Evacuate Collection Set: 0.0ms
[2025-11-08T13:35:31.759+0000][gc,phases     ] GC(121)   Evacuate Collection Set: 14.2ms
[2025-11-08T13:35:31.760+0000][gc,phases     ] GC(121)   Post Evacuate Collection Set: 0.8ms
[2025-11-08T13:35:31.760+0000][gc,phases     ] GC(121)   Other: 0.5ms
[2025-11-08T13:35:31.760+0000][gc,heap       ] GC(121) Eden regions: 96->0(99)
[2025-11-08T13:35:31.760+0000][gc,heap       ] GC(121) Survivor regions: 8->9(13)
[2025-11-08T13:35:31.760+0000][gc,heap       ] GC(121) Old regions: 40->41
[2025-11-08T13:35:31.761+0000][gc,heap       ] GC(121) Humongous regions: 138->138
[2025-11-08T13:35:31.761+0000][gc,metaspace  ] GC(121) Metaspace: 52019K(54576K)->52019K(54576K) NonClass: 46133K(47536K)->46133K(47536K) Class: 5885K(7040K)->5885K(7040K)
[2025-11-08T13:35:31.761+0000][gc            ] GC(121) Pause Young (Normal) (G1 Evacuation Pause) 280M->186M(667M) 17.065ms
[2025-11-08T13:35:31.761+0000][gc,cpu        ] GC(121) User=0.03s Sys=0.00s Real=0.02s
[2025-11-08T13:36:02.110+0000][gc,start      ] GC(122) Pause Young (Normal) (G1 Evacuation Pause)
[2025-11-08T13:36:02.110+0000][gc,task       ] GC(122) Using 2 workers of 2 for evacuation
[2025-11-08T13:36:02.122+0000][gc,phases     ] GC(122)   Pre Evacuate Collection Set: 0.1ms
[2025-11-08T13:36:02.122+0000][gc,phases     ] GC(122)   Evacuate Collection Set: 11.2ms
[2025-11-08T13:36:02.123+0000][gc,phases     ] GC(122)   Post Evacuate Collection Set: 0.7ms
[2025-11-08T13:36:02.123+0000][gc,phases     ] GC(122)   Other: 0.6ms
[2025-11-08T13:36:02.123+0000][gc,heap       ] GC(122) Eden regions: 94->0(108)
[2025-11-08T13:36:02.123+0000][gc,heap       ] GC(122) Survivor regions: 9->7(13)
[2025-11-08T13:36:02.123+0000][gc,heap       ] GC(122) Old regions: 41->42
[2025-11-08T13:36:02.124+0000][gc,heap       ] GC(122) Humongous regions: 138->138
[2025-11-08T13:36:02.124+0000][gc,metaspace  ] GC(122) Metaspace: 52029K(54576K)->52029K(54576K) NonClass: 46143K(47536K)->46143K(47536K) Class: 5885K(7040K)->5885K(7040K)
[2025-11-08T13:36:02.124+0000][gc            ] GC(122) Pause Young (Normal) (G1 Evacuation Pause) 280M->186M(667M) 14.201ms
[2025-11-08T13:36:02.124+0000][gc,cpu        ] GC(122) User=0.03s Sys=0.00s Real=0.01s
[2025-11-08T13:36:36.975+0000][gc,start      ] GC(123) Pause Young (Normal) (G1 Evacuation Pause)
[2025-11-08T13:36:36.975+0000][gc,task       ] GC(123) Using 2 workers of 2 for evacuation
[2025-11-08T13:36:36.987+0000][gc,phases     ] GC(123)   Pre Evacuate Collection Set: 0.0ms
[2025-11-08T13:36:36.987+0000][gc,phases     ] GC(123)   Evacuate Collection Set: 10.7ms
[2025-11-08T13:36:36.987+0000][gc,phases     ] GC(123)   Post Evacuate Collection Set: 0.7ms
[2025-11-08T13:36:36.987+0000][gc,phases     ] GC(123)   Other: 0.6ms
[2025-11-08T13:36:36.988+0000][gc,heap       ] GC(123) Eden regions: 108->0(112)
[2025-11-08T13:36:36.988+0000][gc,heap       ] GC(123) Survivor regions: 7->8(15)
[2025-11-08T13:36:36.988+0000][gc,heap       ] GC(123) Old regions: 42->42
[2025-11-08T13:36:36.988+0000][gc,heap       ] GC(123) Humongous regions: 138->138
[2025-11-08T13:36:36.988+0000][gc,metaspace  ] GC(123) Metaspace: 52032K(54576K)->52032K(54576K) NonClass: 46146K(47536K)->46146K(47536K) Class: 5885K(7040K)->5885K(7040K)
[2025-11-08T13:36:36.989+0000][gc            ] GC(123) Pause Young (Normal) (G1 Evacuation Pause) 294M->187M(667M) 13.633ms
[2025-11-08T13:36:36.989+0000][gc,cpu        ] GC(123) User=0.03s Sys=0.00s Real=0.02s
[2025-11-08T13:37:13.283+0000][gc,start      ] GC(124) Pause Young (Normal) (G1 Evacuation Pause)
[2025-11-08T13:37:13.283+0000][gc,task       ] GC(124) Using 2 workers of 2 for evacuation
[2025-11-08T13:37:13.296+0000][gc,phases     ] GC(124)   Pre Evacuate Collection Set: 0.0ms
[2025-11-08T13:37:13.297+0000][gc,phases     ] GC(124)   Evacuate Collection Set: 12.4ms
[2025-11-08T13:37:13.297+0000][gc,phases     ] GC(124)   Post Evacuate Collection Set: 0.7ms
[2025-11-08T13:37:13.297+0000][gc,phases     ] GC(124)   Other: 0.6ms
[2025-11-08T13:37:13.297+0000][gc,heap       ] GC(124) Eden regions: 112->0(115)
[2025-11-08T13:37:13.297+0000][gc,heap       ] GC(124) Survivor regions: 8->8(15)
[2025-11-08T13:37:13.298+0000][gc,heap       ] GC(124) Old regions: 42->43
[2025-11-08T13:37:13.298+0000][gc,heap       ] GC(124) Humongous regions: 138->138
[2025-11-08T13:37:13.298+0000][gc,metaspace  ] GC(124) Metaspace: 52041K(54576K)->52041K(54576K) NonClass: 46155K(47536K)->46155K(47536K) Class: 5885K(7040K)->5885K(7040K)
[2025-11-08T13:37:13.298+0000][gc            ] GC(124) Pause Young (Normal) (G1 Evacuation Pause) 299M->187M(667M) 15.553ms
[2025-11-08T13:37:13.298+0000][gc,cpu        ] GC(124) User=0.03s Sys=0.00s Real=0.02s
[2025-11-08T13:37:50.378+0000][gc,start      ] GC(125) Pause Young (Normal) (G1 Evacuation Pause)
[2025-11-08T13:37:50.378+0000][gc,task       ] GC(125) Using 2 workers of 2 for evacuation
[2025-11-08T13:37:50.392+0000][gc,phases     ] GC(125)   Pre Evacuate Collection Set: 0.0ms
[2025-11-08T13:37:50.392+0000][gc,phases     ] GC(125)   Evacuate Collection Set: 12.8ms
[2025-11-08T13:37:50.392+0000][gc,phases     ] GC(125)   Post Evacuate Collection Set: 0.8ms
[2025-11-08T13:37:50.392+0000][gc,phases     ] GC(125)   Other: 0.7ms
[2025-11-08T13:37:50.393+0000][gc,heap       ] GC(125) Eden regions: 115->0(116)
[2025-11-08T13:37:50.393+0000][gc,heap       ] GC(125) Survivor regions: 8->10(16)
[2025-11-08T13:37:50.393+0000][gc,heap       ] GC(125) Old regions: 43->43
[2025-11-08T13:37:50.393+0000][gc,heap       ] GC(125) Humongous regions: 138->138
[2025-11-08T13:37:50.393+0000][gc,metaspace  ] GC(125) Metaspace: 52054K(54576K)->52054K(54576K) NonClass: 46168K(47536K)->46168K(47536K) Class: 5885K(7040K)->5885K(7040K)
[2025-11-08T13:37:50.394+0000][gc            ] GC(125) Pause Young (Normal) (G1 Evacuation Pause) 302M->190M(667M) 15.871ms
[2025-11-08T13:37:50.394+0000][gc,cpu        ] GC(125) User=0.03s Sys=0.00s Real=0.01s
[2025-11-08T13:38:27.938+0000][gc,start      ] GC(126) Pause Young (Normal) (G1 Evacuation Pause)
[2025-11-08T13:38:27.938+0000][gc,task       ] GC(126) Using 2 workers of 2 for evacuation
[2025-11-08T13:38:27.953+0000][gc,phases     ] GC(126)   Pre Evacuate Collection Set: 0.0ms
[2025-11-08T13:38:27.953+0000][gc,phases     ] GC(126)   Evacuate Collection Set: 14.0ms
[2025-11-08T13:38:27.953+0000][gc,phases     ] GC(126)   Post Evacuate Collection Set: 0.7ms
[2025-11-08T13:38:27.954+0000][gc,phases     ] GC(126)   Other: 0.7ms
[2025-11-08T13:38:27.954+0000][gc,heap       ] GC(126) Eden regions: 116->0(119)
[2025-11-08T13:38:27.954+0000][gc,heap       ] GC(126) Survivor regions: 10->9(16)
[2025-11-08T13:38:27.954+0000][gc,heap       ] GC(126) Old regions: 43->45
[2025-11-08T13:38:27.954+0000][gc,heap       ] GC(126) Humongous regions: 138->138
[2025-11-08T13:38:27.954+0000][gc,metaspace  ] GC(126) Metaspace: 52072K(54576K)->52072K(54576K) NonClass: 46186K(47536K)->46186K(47536K) Class: 5885K(7040K)->5885K(7040K)
[2025-11-08T13:38:27.955+0000][gc            ] GC(126) Pause Young (Normal) (G1 Evacuation Pause) 306M->191M(667M) 16.911ms
[2025-11-08T13:38:27.955+0000][gc,cpu        ] GC(126) User=0.03s Sys=0.00s Real=0.01s
[2025-11-08T13:39:06.504+0000][gc,start      ] GC(127) Pause Young (Normal) (G1 Evacuation Pause)
[2025-11-08T13:39:06.504+0000][gc,task       ] GC(127) Using 2 workers of 2 for evacuation
[2025-11-08T13:39:06.517+0000][gc,phases     ] GC(127)   Pre Evacuate Collection Set: 0.0ms
[2025-11-08T13:39:06.517+0000][gc,phases     ] GC(127)   Evacuate Collection Set: 12.0ms
[2025-11-08T13:39:06.517+0000][gc,phases     ] GC(127)   Post Evacuate Collection Set: 0.6ms
[2025-11-08T13:39:06.517+0000][gc,phases     ] GC(127)   Other: 0.5ms
[2025-11-08T13:39:06.517+0000][gc,heap       ] GC(127) Eden regions: 119->0(123)
[2025-11-08T13:39:06.517+0000][gc,heap       ] GC(127) Survivor regions: 9->10(16)
[2025-11-08T13:39:06.518+0000][gc,heap       ] GC(127) Old regions: 45->45
[2025-11-08T13:39:06.518+0000][gc,heap       ] GC(127) Humongous regions: 138->138
[2025-11-08T13:39:06.518+0000][gc,metaspace  ] GC(127) Metaspace: 52083K(54576K)->52083K(54576K) NonClass: 46197K(47536K)->46197K(47536K) Class: 5885K(7040K)->5885K(7040K)
[2025-11-08T13:39:06.518+0000][gc            ] GC(127) Pause Young (Normal) (G1 Evacuation Pause) 310M->192M(667M) 14.299ms
[2025-11-08T13:39:06.518+0000][gc,cpu        ] GC(127) User=0.03s Sys=0.00s Real=0.02s
[2025-11-08T13:39:46.316+0000][gc,start      ] GC(128) Pause Young (Normal) (G1 Evacuation Pause)
[2025-11-08T13:39:46.317+0000][gc,task       ] GC(128) Using 2 workers of 2 for evacuation
[2025-11-08T13:39:46.332+0000][gc,phases     ] GC(128)   Pre Evacuate Collection Set: 0.0ms
[2025-11-08T13:39:46.332+0000][gc,phases     ] GC(128)   Evacuate Collection Set: 13.8ms
[2025-11-08T13:39:46.332+0000][gc,phases     ] GC(128)   Post Evacuate Collection Set: 0.7ms
[2025-11-08T13:39:46.332+0000][gc,phases     ] GC(128)   Other: 0.6ms
[2025-11-08T13:39:46.332+0000][gc,heap       ] GC(128) Eden regions: 123->0(126)
[2025-11-08T13:39:46.332+0000][gc,heap       ] GC(128) Survivor regions: 10->11(17)
[2025-11-08T13:39:46.333+0000][gc,heap       ] GC(128) Old regions: 45->46
[2025-11-08T13:39:46.333+0000][gc,heap       ] GC(128) Humongous regions: 138->138
[2025-11-08T13:39:46.333+0000][gc,metaspace  ] GC(128) Metaspace: 52090K(54576K)->52090K(54576K) NonClass: 46204K(47536K)->46204K(47536K) Class: 5885K(7040K)->5885K(7040K)
[2025-11-08T13:39:46.333+0000][gc            ] GC(128) Pause Young (Normal) (G1 Evacuation Pause) 315M->193M(667M) 16.667ms
[2025-11-08T13:39:46.333+0000][gc,cpu        ] GC(128) User=0.03s Sys=0.00s Real=0.02s
[2025-11-08T13:40:27.202+0000][gc,start      ] GC(129) Pause Young (Normal) (G1 Evacuation Pause)
[2025-11-08T13:40:27.203+0000][gc,task       ] GC(129) Using 2 workers of 2 for evacuation
[2025-11-08T13:40:27.217+0000][gc,phases     ] GC(129)   Pre Evacuate Collection Set: 0.0ms
[2025-11-08T13:40:27.217+0000][gc,phases     ] GC(129)   Evacuate Collection Set: 13.7ms
[2025-11-08T13:40:27.218+0000][gc,phases     ] GC(129)   Post Evacuate Collection Set: 0.7ms
[2025-11-08T13:40:27.218+0000][gc,phases     ] GC(129)   Other: 0.6ms
[2025-11-08T13:40:27.218+0000][gc,heap       ] GC(129) Eden regions: 126->0(142)
[2025-11-08T13:40:27.218+0000][gc,heap       ] GC(129) Survivor regions: 11->9(18)
[2025-11-08T13:40:27.219+0000][gc,heap       ] GC(129) Old regions: 46->47
[2025-11-08T13:40:27.219+0000][gc,heap       ] GC(129) Humongous regions: 138->138
[2025-11-08T13:40:27.219+0000][gc,metaspace  ] GC(129) Metaspace: 52090K(54576K)->52090K(54576K) NonClass: 46204K(47536K)->46204K(47536K) Class: 5885K(7040K)->5885K(7040K)
[2025-11-08T13:40:27.219+0000][gc            ] GC(129) Pause Young (Normal) (G1 Evacuation Pause) 319M->193M(667M) 16.968ms
[2025-11-08T13:40:27.220+0000][gc,cpu        ] GC(129) User=0.02s Sys=0.00s Real=0.02s
[2025-11-08T13:41:10.778+0000][gc,start      ] GC(130) Pause Young (Normal) (G1 Evacuation Pause)
[2025-11-08T13:41:10.778+0000][gc,task       ] GC(130) Using 2 workers of 2 for evacuation
[2025-11-08T13:41:10.794+0000][gc,phases     ] GC(130)   Pre Evacuate Collection Set: 0.0ms
[2025-11-08T13:41:10.794+0000][gc,phases     ] GC(130)   Evacuate Collection Set: 15.0ms
[2025-11-08T13:41:10.795+0000][gc,phases     ] GC(130)   Post Evacuate Collection Set: 0.8ms
[2025-11-08T13:41:10.795+0000][gc,phases     ] GC(130)   Other: 0.7ms
[2025-11-08T13:41:10.795+0000][gc,heap       ] GC(130) Eden regions: 134->0(134)
[2025-11-08T13:41:10.795+0000][gc,heap       ] GC(130) Survivor regions: 9->10(18)
[2025-11-08T13:41:10.795+0000][gc,heap       ] GC(130) Old regions: 47->47
[2025-11-08T13:41:10.796+0000][gc,heap       ] GC(130) Humongous regions: 138->138
[2025-11-08T13:41:10.796+0000][gc,metaspace  ] GC(130) Metaspace: 52091K(54576K)->52091K(54576K) NonClass: 46205K(47536K)->46205K(47536K) Class: 5886K(7040K)->5886K(7040K)
[2025-11-08T13:41:10.796+0000][gc            ] GC(130) Pause Young (Normal) (G1 Evacuation Pause) 327M->194M(667M) 18.240ms
[2025-11-08T13:41:10.796+0000][gc,cpu        ] GC(130) User=0.03s Sys=0.00s Real=0.02s
[2025-11-08T13:41:54.197+0000][gc,start      ] GC(131) Pause Young (Normal) (G1 Evacuation Pause)
[2025-11-08T13:41:54.197+0000][gc,task       ] GC(131) Using 2 workers of 2 for evacuation
[2025-11-08T13:41:54.213+0000][gc,phases     ] GC(131)   Pre Evacuate Collection Set: 0.0ms
[2025-11-08T13:41:54.213+0000][gc,phases     ] GC(131)   Evacuate Collection Set: 14.2ms
[2025-11-08T13:41:54.213+0000][gc,phases     ] GC(131)   Post Evacuate Collection Set: 0.6ms
[2025-11-08T13:41:54.213+0000][gc,phases     ] GC(131)   Other: 0.6ms
[2025-11-08T13:41:54.214+0000][gc,heap       ] GC(131) Eden regions: 133->0(134)
[2025-11-08T13:41:54.214+0000][gc,heap       ] GC(131) Survivor regions: 10->10(18)
[2025-11-08T13:41:54.214+0000][gc,heap       ] GC(131) Old regions: 47->48
[2025-11-08T13:41:54.214+0000][gc,heap       ] GC(131) Humongous regions: 138->138
[2025-11-08T13:41:54.214+0000][gc,metaspace  ] GC(131) Metaspace: 52092K(54576K)->52092K(54576K) NonClass: 46205K(47536K)->46205K(47536K) Class: 5886K(7040K)->5886K(7040K)
[2025-11-08T13:41:54.214+0000][gc            ] GC(131) Pause Young (Normal) (G1 Evacuation Pause) 327M->195M(667M) 17.019ms
[2025-11-08T13:41:54.214+0000][gc,cpu        ] GC(131) User=0.03s Sys=0.00s Real=0.02s
[2025-11-08T13:42:37.626+0000][gc,start      ] GC(132) Pause Young (Normal) (G1 Evacuation Pause)
[2025-11-08T13:42:37.626+0000][gc,task       ] GC(132) Using 2 workers of 2 for evacuation
[2025-11-08T13:42:37.644+0000][gc,phases     ] GC(132)   Pre Evacuate Collection Set: 0.0ms
[2025-11-08T13:42:37.645+0000][gc,phases     ] GC(132)   Evacuate Collection Set: 17.0ms
[2025-11-08T13:42:37.645+0000][gc,phases     ] GC(132)   Post Evacuate Collection Set: 0.6ms
[2025-11-08T13:42:37.645+0000][gc,phases     ] GC(132)   Other: 0.9ms
[2025-11-08T13:42:37.645+0000][gc,heap       ] GC(132) Eden regions: 134->0(135)
[2025-11-08T13:42:37.645+0000][gc,heap       ] GC(132) Survivor regions: 10->12(18)
[2025-11-08T13:42:37.645+0000][gc,heap       ] GC(132) Old regions: 48->48
[2025-11-08T13:42:37.646+0000][gc,heap       ] GC(132) Humongous regions: 138->138
[2025-11-08T13:42:37.646+0000][gc,metaspace  ] GC(132) Metaspace: 52094K(54576K)->52094K(54576K) NonClass: 46208K(47536K)->46208K(47536K) Class: 5886K(7040K)->5886K(7040K)
[2025-11-08T13:42:37.646+0000][gc            ] GC(132) Pause Young (Normal) (G1 Evacuation Pause) 329M->197M(667M) 19.941ms
[2025-11-08T13:42:37.646+0000][gc,cpu        ] GC(132) User=0.03s Sys=0.00s Real=0.02s
[2025-11-08T13:43:21.165+0000][gc,start      ] GC(133) Pause Young (Normal) (G1 Evacuation Pause)
[2025-11-08T13:43:21.165+0000][gc,task       ] GC(133) Using 2 workers of 2 for evacuation
[2025-11-08T13:43:21.189+0000][gc,mmu        ] GC(133) MMU target violated: 21.0ms (20.0ms/21.0ms)
[2025-11-08T13:43:21.189+0000][gc,phases     ] GC(133)   Pre Evacuate Collection Set: 0.0ms
[2025-11-08T13:43:21.190+0000][gc,phases     ] GC(133)   Evacuate Collection Set: 20.6ms
[2025-11-08T13:43:21.190+0000][gc,phases     ] GC(133)   Post Evacuate Collection Set: 2.4ms
[2025-11-08T13:43:21.190+0000][gc,phases     ] GC(133)   Other: 1.9ms
[2025-11-08T13:43:21.190+0000][gc,heap       ] GC(133) Eden regions: 134->0(132)
[2025-11-08T13:43:21.191+0000][gc,heap       ] GC(133) Survivor regions: 12->10(19)
[2025-11-08T13:43:21.191+0000][gc,heap       ] GC(133) Old regions: 48->51
[2025-11-08T13:43:21.191+0000][gc,heap       ] GC(133) Humongous regions: 138->138
[2025-11-08T13:43:21.192+0000][gc,metaspace  ] GC(133) Metaspace: 52098K(54576K)->52098K(54576K) NonClass: 46212K(47536K)->46212K(47536K) Class: 5886K(7040K)->5886K(7040K)
[2025-11-08T13:43:21.192+0000][gc            ] GC(133) Pause Young (Normal) (G1 Evacuation Pause) 331M->198M(667M) 27.717ms
[2025-11-08T13:43:21.193+0000][gc,cpu        ] GC(133) User=0.05s Sys=0.00s Real=0.03s
[2025-11-08T13:44:04.110+0000][gc,start      ] GC(134) Pause Young (Normal) (G1 Evacuation Pause)
[2025-11-08T13:44:04.110+0000][gc,task       ] GC(134) Using 2 workers of 2 for evacuation
[2025-11-08T13:44:04.125+0000][gc,phases     ] GC(134)   Pre Evacuate Collection Set: 0.0ms
[2025-11-08T13:44:04.125+0000][gc,phases     ] GC(134)   Evacuate Collection Set: 13.5ms
[2025-11-08T13:44:04.125+0000][gc,phases     ] GC(134)   Post Evacuate Collection Set: 0.7ms
[2025-11-08T13:44:04.125+0000][gc,phases     ] GC(134)   Other: 0.5ms
[2025-11-08T13:44:04.125+0000][gc,heap       ] GC(134) Eden regions: 132->0(135)
[2025-11-08T13:44:04.126+0000][gc,heap       ] GC(134) Survivor regions: 10->10(18)
[2025-11-08T13:44:04.126+0000][gc,heap       ] GC(134) Old regions: 51->52
[2025-11-08T13:44:04.126+0000][gc,heap       ] GC(134) Humongous regions: 138->138
[2025-11-08T13:44:04.126+0000][gc,metaspace  ] GC(134) Metaspace: 52103K(54576K)->52103K(54576K) NonClass: 46217K(47536K)->46217K(47536K) Class: 5886K(7040K)->5886K(7040K)
[2025-11-08T13:44:04.126+0000][gc            ] GC(134) Pause Young (Normal) (G1 Evacuation Pause) 330M->199M(667M) 16.212ms
[2025-11-08T13:44:04.126+0000][gc,cpu        ] GC(134) User=0.03s Sys=0.00s Real=0.01s
[2025-11-08T13:44:48.014+0000][gc,start      ] GC(135) Pause Young (Normal) (G1 Evacuation Pause)
[2025-11-08T13:44:48.014+0000][gc,task       ] GC(135) Using 2 workers of 2 for evacuation
[2025-11-08T13:44:48.034+0000][gc,phases     ] GC(135)   Pre Evacuate Collection Set: 0.0ms
[2025-11-08T13:44:48.035+0000][gc,phases     ] GC(135)   Evacuate Collection Set: 18.1ms
[2025-11-08T13:44:48.035+0000][gc,phases     ] GC(135)   Post Evacuate Collection Set: 1.0ms
[2025-11-08T13:44:48.036+0000][gc,phases     ] GC(135)   Other: 0.7ms
[2025-11-08T13:44:48.036+0000][gc,heap       ] GC(135) Eden regions: 135->0(133)
[2025-11-08T13:44:48.036+0000][gc,heap       ] GC(135) Survivor regions: 10->11(19)
[2025-11-08T13:44:48.036+0000][gc,heap       ] GC(135) Old regions: 52->52
[2025-11-08T13:44:48.037+0000][gc,heap       ] GC(135) Humongous regions: 138->138
[2025-11-08T13:44:48.037+0000][gc,metaspace  ] GC(135) Metaspace: 52105K(54576K)->52105K(54576K) NonClass: 46219K(47536K)->46219K(47536K) Class: 5886K(7040K)->5886K(7040K)
[2025-11-08T13:44:48.037+0000][gc            ] GC(135) Pause Young (Normal) (G1 Evacuation Pause) 334M->200M(667M) 22.968ms
[2025-11-08T13:44:48.037+0000][gc,cpu        ] GC(135) User=0.04s Sys=0.00s Real=0.02s
[2025-11-08T13:45:30.815+0000][gc,start      ] GC(136) Pause Young (Normal) (G1 Evacuation Pause)
[2025-11-08T13:45:30.815+0000][gc,task       ] GC(136) Using 2 workers of 2 for evacuation
[2025-11-08T13:45:30.833+0000][gc,phases     ] GC(136)   Pre Evacuate Collection Set: 0.0ms
[2025-11-08T13:45:30.833+0000][gc,phases     ] GC(136)   Evacuate Collection Set: 15.5ms
[2025-11-08T13:45:30.833+0000][gc,phases     ] GC(136)   Post Evacuate Collection Set: 1.5ms
[2025-11-08T13:45:30.833+0000][gc,phases     ] GC(136)   Other: 0.5ms
[2025-11-08T13:45:30.834+0000][gc,heap       ] GC(136) Eden regions: 131->0(135)
[2025-11-08T13:45:30.834+0000][gc,heap       ] GC(136) Survivor regions: 11->10(18)
[2025-11-08T13:45:30.834+0000][gc,heap       ] GC(136) Old regions: 52->54
[2025-11-08T13:45:30.834+0000][gc,heap       ] GC(136) Humongous regions: 138->138
[2025-11-08T13:45:30.835+0000][gc,metaspace  ] GC(136) Metaspace: 52107K(54576K)->52107K(54576K) NonClass: 46220K(47536K)->46220K(47536K) Class: 5886K(7040K)->5886K(7040K)
[2025-11-08T13:45:30.835+0000][gc            ] GC(136) Pause Young (Normal) (G1 Evacuation Pause) 331M->201M(667M) 19.993ms
[2025-11-08T13:45:30.836+0000][gc,cpu        ] GC(136) User=0.03s Sys=0.00s Real=0.02s
[2025-11-08T13:46:14.888+0000][gc,start      ] GC(137) Pause Young (Normal) (G1 Evacuation Pause)
[2025-11-08T13:46:14.889+0000][gc,task       ] GC(137) Using 2 workers of 2 for evacuation
[2025-11-08T13:46:14.904+0000][gc,phases     ] GC(137)   Pre Evacuate Collection Set: 0.0ms
[2025-11-08T13:46:14.904+0000][gc,phases     ] GC(137)   Evacuate Collection Set: 14.1ms
[2025-11-08T13:46:14.905+0000][gc,phases     ] GC(137)   Post Evacuate Collection Set: 0.7ms
[2025-11-08T13:46:14.905+0000][gc,phases     ] GC(137)   Other: 1.0ms
[2025-11-08T13:46:14.905+0000][gc,heap       ] GC(137) Eden regions: 135->0(138)
[2025-11-08T13:46:14.905+0000][gc,heap       ] GC(137) Survivor regions: 10->11(19)
[2025-11-08T13:46:14.905+0000][gc,heap       ] GC(137) Old regions: 54->54
[2025-11-08T13:46:14.905+0000][gc,heap       ] GC(137) Humongous regions: 138->138
[2025-11-08T13:46:14.906+0000][gc,metaspace  ] GC(137) Metaspace: 52107K(54576K)->52107K(54576K) NonClass: 46221K(47536K)->46221K(47536K) Class: 5886K(7040K)->5886K(7040K)
[2025-11-08T13:46:14.906+0000][gc            ] GC(137) Pause Young (Normal) (G1 Evacuation Pause) 336M->202M(667M) 17.256ms
[2025-11-08T13:46:14.906+0000][gc,cpu        ] GC(137) User=0.03s Sys=0.00s Real=0.02s
[2025-11-08T13:46:59.655+0000][gc,start      ] GC(138) Pause Young (Normal) (G1 Evacuation Pause)
[2025-11-08T13:46:59.656+0000][gc,task       ] GC(138) Using 2 workers of 2 for evacuation
[2025-11-08T13:46:59.674+0000][gc,phases     ] GC(138)   Pre Evacuate Collection Set: 0.0ms
[2025-11-08T13:46:59.675+0000][gc,phases     ] GC(138)   Evacuate Collection Set: 16.8ms
[2025-11-08T13:46:59.675+0000][gc,phases     ] GC(138)   Post Evacuate Collection Set: 1.2ms
[2025-11-08T13:46:59.675+0000][gc,phases     ] GC(138)   Other: 1.5ms
[2025-11-08T13:46:59.676+0000][gc,heap       ] GC(138) Eden regions: 138->0(153)
[2025-11-08T13:46:59.676+0000][gc,heap       ] GC(138) Survivor regions: 11->11(19)
[2025-11-08T13:46:59.676+0000][gc,heap       ] GC(138) Old regions: 54->55
[2025-11-08T13:46:59.676+0000][gc,heap       ] GC(138) Humongous regions: 138->138
[2025-11-08T13:46:59.676+0000][gc,metaspace  ] GC(138) Metaspace: 52119K(54832K)->52119K(54832K) NonClass: 46232K(47792K)->46232K(47792K) Class: 5886K(7040K)->5886K(7040K)
[2025-11-08T13:46:59.677+0000][gc            ] GC(138) Pause Young (Normal) (G1 Evacuation Pause) 340M->203M(667M) 21.807ms
[2025-11-08T13:46:59.677+0000][gc,cpu        ] GC(138) User=0.04s Sys=0.00s Real=0.02s
[2025-11-08T13:47:49.179+0000][gc,start      ] GC(139) Pause Young (Normal) (G1 Evacuation Pause)
[2025-11-08T13:47:49.179+0000][gc,task       ] GC(139) Using 2 workers of 2 for evacuation
[2025-11-08T13:47:49.197+0000][gc,phases     ] GC(139)   Pre Evacuate Collection Set: 0.0ms
[2025-11-08T13:47:49.197+0000][gc,phases     ] GC(139)   Evacuate Collection Set: 15.6ms
[2025-11-08T13:47:49.197+0000][gc,phases     ] GC(139)   Post Evacuate Collection Set: 1.3ms
[2025-11-08T13:47:49.197+0000][gc,phases     ] GC(139)   Other: 0.8ms
[2025-11-08T13:47:49.197+0000][gc,heap       ] GC(139) Eden regions: 153->0(154)
[2025-11-08T13:47:49.198+0000][gc,heap       ] GC(139) Survivor regions: 11->12(21)
[2025-11-08T13:47:49.198+0000][gc,heap       ] GC(139) Old regions: 55->55
[2025-11-08T13:47:49.198+0000][gc,heap       ] GC(139) Humongous regions: 138->138
[2025-11-08T13:47:49.199+0000][gc,metaspace  ] GC(139) Metaspace: 52168K(54832K)->52168K(54832K) NonClass: 46282K(47792K)->46282K(47792K) Class: 5886K(7040K)->5886K(7040K)
[2025-11-08T13:47:49.199+0000][gc            ] GC(139) Pause Young (Normal) (G1 Evacuation Pause) 356M->204M(667M) 20.112ms
[2025-11-08T13:47:49.200+0000][gc,cpu        ] GC(139) User=0.03s Sys=0.00s Real=0.02s
[2025-11-08T13:48:38.572+0000][gc,start      ] GC(140) Pause Young (Normal) (G1 Evacuation Pause)
[2025-11-08T13:48:38.573+0000][gc,task       ] GC(140) Using 2 workers of 2 for evacuation
[2025-11-08T13:48:38.593+0000][gc,mmu        ] GC(140) MMU target violated: 20.3ms (20.0ms/21.0ms)
[2025-11-08T13:48:38.593+0000][gc,phases     ] GC(140)   Pre Evacuate Collection Set: 0.0ms
[2025-11-08T13:48:38.594+0000][gc,phases     ] GC(140)   Evacuate Collection Set: 19.3ms
[2025-11-08T13:48:38.594+0000][gc,phases     ] GC(140)   Post Evacuate Collection Set: 0.8ms
[2025-11-08T13:48:38.594+0000][gc,phases     ] GC(140)   Other: 1.2ms
[2025-11-08T13:48:38.594+0000][gc,heap       ] GC(140) Eden regions: 152->0(152)
[2025-11-08T13:48:38.594+0000][gc,heap       ] GC(140) Survivor regions: 12->12(21)
[2025-11-08T13:48:38.595+0000][gc,heap       ] GC(140) Old regions: 55->56
[2025-11-08T13:48:38.595+0000][gc,heap       ] GC(140) Humongous regions: 138->138
[2025-11-08T13:48:38.595+0000][gc,metaspace  ] GC(140) Metaspace: 52185K(54832K)->52185K(54832K) NonClass: 46299K(47792K)->46299K(47792K) Class: 5886K(7040K)->5886K(7040K)
[2025-11-08T13:48:38.595+0000][gc            ] GC(140) Pause Young (Normal) (G1 Evacuation Pause) 356M->205M(667M) 23.127ms
[2025-11-08T13:48:38.595+0000][gc,cpu        ] GC(140) User=0.04s Sys=0.00s Real=0.02s
[2025-11-08T13:49:21.167+0000][gc,start      ] GC(141) Pause Young (Normal) (G1 Evacuation Pause)
[2025-11-08T13:49:21.167+0000][gc,task       ] GC(141) Using 2 workers of 2 for evacuation
[2025-11-08T13:49:21.190+0000][gc,mmu        ] GC(141) MMU target violated: 21.0ms (20.0ms/21.0ms)
[2025-11-08T13:49:21.191+0000][gc,phases     ] GC(141)   Pre Evacuate Collection Set: 0.0ms
[2025-11-08T13:49:21.191+0000][gc,phases     ] GC(141)   Evacuate Collection Set: 20.3ms
[2025-11-08T13:49:21.191+0000][gc,phases     ] GC(141)   Post Evacuate Collection Set: 2.5ms
[2025-11-08T13:49:21.192+0000][gc,phases     ] GC(141)   Other: 1.0ms
[2025-11-08T13:49:21.192+0000][gc,heap       ] GC(141) Eden regions: 131->0(133)
[2025-11-08T13:49:21.192+0000][gc,heap       ] GC(141) Survivor regions: 12->12(18)
[2025-11-08T13:49:21.193+0000][gc,heap       ] GC(141) Old regions: 56->60
[2025-11-08T13:49:21.193+0000][gc,heap       ] GC(141) Humongous regions: 138->138
[2025-11-08T13:49:21.193+0000][gc,metaspace  ] GC(141) Metaspace: 52187K(54832K)->52187K(54832K) NonClass: 46301K(47792K)->46301K(47792K) Class: 5886K(7040K)->5886K(7040K)
[2025-11-08T13:49:21.193+0000][gc            ] GC(141) Pause Young (Normal) (G1 Evacuation Pause) 336M->208M(667M) 26.363ms
[2025-11-08T13:49:21.194+0000][gc,cpu        ] GC(141) User=0.04s Sys=0.00s Real=0.03s
[2025-11-08T13:50:04.470+0000][gc,start      ] GC(142) Pause Young (Normal) (G1 Evacuation Pause)
[2025-11-08T13:50:04.471+0000][gc,task       ] GC(142) Using 2 workers of 2 for evacuation
[2025-11-08T13:50:04.487+0000][gc,phases     ] GC(142)   Pre Evacuate Collection Set: 0.0ms
[2025-11-08T13:50:04.488+0000][gc,phases     ] GC(142)   Evacuate Collection Set: 15.7ms
[2025-11-08T13:50:04.488+0000][gc,phases     ] GC(142)   Post Evacuate Collection Set: 0.7ms
[2025-11-08T13:50:04.488+0000][gc,phases     ] GC(142)   Other: 1.3ms
[2025-11-08T13:50:04.488+0000][gc,heap       ] GC(142) Eden regions: 133->0(139)
[2025-11-08T13:50:04.488+0000][gc,heap       ] GC(142) Survivor regions: 12->10(19)
[2025-11-08T13:50:04.488+0000][gc,heap       ] GC(142) Old regions: 60->62
[2025-11-08T13:50:04.489+0000][gc,heap       ] GC(142) Humongous regions: 138->138
[2025-11-08T13:50:04.489+0000][gc,metaspace  ] GC(142) Metaspace: 52194K(54832K)->52194K(54832K) NonClass: 46308K(47792K)->46308K(47792K) Class: 5886K(7040K)->5886K(7040K)
[2025-11-08T13:50:04.489+0000][gc            ] GC(142) Pause Young (Normal) (G1 Evacuation Pause) 341M->209M(667M) 19.331ms
[2025-11-08T13:50:04.489+0000][gc,cpu        ] GC(142) User=0.04s Sys=0.00s Real=0.02s
[2025-11-08T13:50:49.774+0000][gc,start      ] GC(143) Pause Young (Normal) (G1 Evacuation Pause)
[2025-11-08T13:50:49.774+0000][gc,task       ] GC(143) Using 2 workers of 2 for evacuation
[2025-11-08T13:50:49.790+0000][gc,phases     ] GC(143)   Pre Evacuate Collection Set: 0.0ms
[2025-11-08T13:50:49.792+0000][gc,phases     ] GC(143)   Evacuate Collection Set: 14.9ms
[2025-11-08T13:50:49.792+0000][gc,phases     ] GC(143)   Post Evacuate Collection Set: 1.0ms
[2025-11-08T13:50:49.792+0000][gc,phases     ] GC(143)   Other: 0.8ms
[2025-11-08T13:50:49.792+0000][gc,heap       ] GC(143) Eden regions: 139->0(140)
[2025-11-08T13:50:49.792+0000][gc,heap       ] GC(143) Survivor regions: 10->11(19)
[2025-11-08T13:50:49.792+0000][gc,heap       ] GC(143) Old regions: 62->62
[2025-11-08T13:50:49.793+0000][gc,heap       ] GC(143) Humongous regions: 138->138
[2025-11-08T13:50:49.793+0000][gc,metaspace  ] GC(143) Metaspace: 52196K(54832K)->52196K(54832K) NonClass: 46310K(47792K)->46310K(47792K) Class: 5886K(7040K)->5886K(7040K)
[2025-11-08T13:50:49.793+0000][gc            ] GC(143) Pause Young (Normal) (G1 Evacuation Pause) 348M->210M(667M) 19.292ms
[2025-11-08T13:50:49.793+0000][gc,cpu        ] GC(143) User=0.03s Sys=0.00s Real=0.02s
[2025-11-08T13:51:35.377+0000][gc,start      ] GC(144) Pause Young (Normal) (G1 Evacuation Pause)
[2025-11-08T13:51:35.377+0000][gc,task       ] GC(144) Using 2 workers of 2 for evacuation
[2025-11-08T13:51:35.393+0000][gc,phases     ] GC(144)   Pre Evacuate Collection Set: 0.0ms
[2025-11-08T13:51:35.393+0000][gc,phases     ] GC(144)   Evacuate Collection Set: 14.6ms
[2025-11-08T13:51:35.394+0000][gc,phases     ] GC(144)   Post Evacuate Collection Set: 0.9ms
[2025-11-08T13:51:35.394+0000][gc,phases     ] GC(144)   Other: 0.7ms
[2025-11-08T13:51:35.394+0000][gc,heap       ] GC(144) Eden regions: 140->0(144)
[2025-11-08T13:51:35.394+0000][gc,heap       ] GC(144) Survivor regions: 11->9(19)
[2025-11-08T13:51:35.394+0000][gc,heap       ] GC(144) Old regions: 62->64
[2025-11-08T13:51:35.394+0000][gc,heap       ] GC(144) Humongous regions: 138->138
[2025-11-08T13:51:35.395+0000][gc,metaspace  ] GC(144) Metaspace: 52216K(54832K)->52216K(54832K) NonClass: 46330K(47792K)->46330K(47792K) Class: 5886K(7040K)->5886K(7040K)
[2025-11-08T13:51:35.395+0000][gc            ] GC(144) Pause Young (Normal) (G1 Evacuation Pause) 350M->210M(667M) 17.800ms
[2025-11-08T13:51:35.395+0000][gc,cpu        ] GC(144) User=0.03s Sys=0.00s Real=0.02s
[2025-11-08T13:52:22.297+0000][gc,start      ] GC(145) Pause Young (Normal) (G1 Evacuation Pause)
[2025-11-08T13:52:22.297+0000][gc,task       ] GC(145) Using 2 workers of 2 for evacuation
[2025-11-08T13:52:22.314+0000][gc,phases     ] GC(145)   Pre Evacuate Collection Set: 0.0ms
[2025-11-08T13:52:22.314+0000][gc,phases     ] GC(145)   Evacuate Collection Set: 15.2ms
[2025-11-08T13:52:22.314+0000][gc,phases     ] GC(145)   Post Evacuate Collection Set: 0.6ms
[2025-11-08T13:52:22.314+0000][gc,phases     ] GC(145)   Other: 0.9ms
[2025-11-08T13:52:22.314+0000][gc,heap       ] GC(145) Eden regions: 144->0(145)
[2025-11-08T13:52:22.314+0000][gc,heap       ] GC(145) Survivor regions: 9->11(20)
[2025-11-08T13:52:22.315+0000][gc,heap       ] GC(145) Old regions: 64->64
[2025-11-08T13:52:22.315+0000][gc,heap       ] GC(145) Humongous regions: 138->138
[2025-11-08T13:52:22.315+0000][gc,metaspace  ] GC(145) Metaspace: 52222K(54832K)->52222K(54832K) NonClass: 46336K(47792K)->46336K(47792K) Class: 5886K(7040K)->5886K(7040K)
[2025-11-08T13:52:22.315+0000][gc            ] GC(145) Pause Young (Normal) (G1 Evacuation Pause) 354M->212M(667M) 17.992ms
[2025-11-08T13:52:22.315+0000][gc,cpu        ] GC(145) User=0.03s Sys=0.00s Real=0.02s
[2025-11-08T13:53:09.654+0000][gc,start      ] GC(146) Pause Young (Normal) (G1 Evacuation Pause)
[2025-11-08T13:53:09.655+0000][gc,task       ] GC(146) Using 2 workers of 2 for evacuation
[2025-11-08T13:53:09.673+0000][gc,phases     ] GC(146)   Pre Evacuate Collection Set: 0.0ms
[2025-11-08T13:53:09.674+0000][gc,phases     ] GC(146)   Evacuate Collection Set: 17.5ms
[2025-11-08T13:53:09.674+0000][gc,phases     ] GC(146)   Post Evacuate Collection Set: 0.8ms
[2025-11-08T13:53:09.674+0000][gc,phases     ] GC(146)   Other: 1.0ms
[2025-11-08T13:53:09.674+0000][gc,heap       ] GC(146) Eden regions: 145->0(145)
[2025-11-08T13:53:09.674+0000][gc,heap       ] GC(146) Survivor regions: 11->10(20)
[2025-11-08T13:53:09.674+0000][gc,heap       ] GC(146) Old regions: 64->66
[2025-11-08T13:53:09.675+0000][gc,heap       ] GC(146) Humongous regions: 138->138
[2025-11-08T13:53:09.675+0000][gc,metaspace  ] GC(146) Metaspace: 52226K(54832K)->52226K(54832K) NonClass: 46339K(47792K)->46339K(47792K) Class: 5886K(7040K)->5886K(7040K)
[2025-11-08T13:53:09.675+0000][gc            ] GC(146) Pause Young (Normal) (G1 Evacuation Pause) 357M->213M(667M) 20.955ms
[2025-11-08T13:53:09.675+0000][gc,cpu        ] GC(146) User=0.04s Sys=0.00s Real=0.02s
[2025-11-08T13:53:56.867+0000][gc,start      ] GC(147) Pause Young (Normal) (G1 Evacuation Pause)
[2025-11-08T13:53:56.868+0000][gc,task       ] GC(147) Using 2 workers of 2 for evacuation
[2025-11-08T13:53:56.897+0000][gc,mmu        ] GC(147) MMU target violated: 21.0ms (20.0ms/21.0ms)
[2025-11-08T13:53:56.897+0000][gc,phases     ] GC(147)   Pre Evacuate Collection Set: 0.0ms
[2025-11-08T13:53:56.898+0000][gc,phases     ] GC(147)   Evacuate Collection Set: 27.0ms
[2025-11-08T13:53:56.898+0000][gc,phases     ] GC(147)   Post Evacuate Collection Set: 1.3ms
[2025-11-08T13:53:56.898+0000][gc,phases     ] GC(147)   Other: 1.7ms
[2025-11-08T13:53:56.898+0000][gc,heap       ] GC(147) Eden regions: 142->0(25)
[2025-11-08T13:53:56.899+0000][gc,heap       ] GC(147) Survivor regions: 10->12(19)
[2025-11-08T13:53:56.899+0000][gc,heap       ] GC(147) Old regions: 66->66
[2025-11-08T13:53:56.899+0000][gc,heap       ] GC(147) Humongous regions: 138->138
[2025-11-08T13:53:56.900+0000][gc,metaspace  ] GC(147) Metaspace: 52226K(54832K)->52226K(54832K) NonClass: 46339K(47792K)->46339K(47792K) Class: 5886K(7040K)->5886K(7040K)
[2025-11-08T13:53:56.900+0000][gc            ] GC(147) Pause Young (Normal) (G1 Evacuation Pause) 355M->215M(667M) 32.447ms
[2025-11-08T13:53:56.900+0000][gc,cpu        ] GC(147) User=0.06s Sys=0.00s Real=0.03s
[2025-11-08T13:54:03.814+0000][gc,start      ] GC(148) Pause Young (Normal) (G1 Evacuation Pause)
[2025-11-08T13:54:03.814+0000][gc,task       ] GC(148) Using 2 workers of 2 for evacuation
[2025-11-08T13:54:03.836+0000][gc,mmu        ] GC(148) MMU target violated: 21.0ms (20.0ms/21.0ms)
[2025-11-08T13:54:03.836+0000][gc,phases     ] GC(148)   Pre Evacuate Collection Set: 0.0ms
[2025-11-08T13:54:03.836+0000][gc,phases     ] GC(148)   Evacuate Collection Set: 20.2ms
[2025-11-08T13:54:03.837+0000][gc,phases     ] GC(148)   Post Evacuate Collection Set: 0.9ms
[2025-11-08T13:54:03.837+0000][gc,phases     ] GC(148)   Other: 1.0ms
[2025-11-08T13:54:03.837+0000][gc,heap       ] GC(148) Eden regions: 21->0(65)
[2025-11-08T13:54:03.837+0000][gc,heap       ] GC(148) Survivor regions: 12->3(5)
[2025-11-08T13:54:03.838+0000][gc,heap       ] GC(148) Old regions: 66->75
[2025-11-08T13:54:03.838+0000][gc,heap       ] GC(148) Humongous regions: 138->138
[2025-11-08T13:54:03.838+0000][gc,metaspace  ] GC(148) Metaspace: 52226K(54832K)->52226K(54832K) NonClass: 46339K(47792K)->46339K(47792K) Class: 5886K(7040K)->5886K(7040K)
[2025-11-08T13:54:03.838+0000][gc            ] GC(148) Pause Young (Normal) (G1 Evacuation Pause) 236M->215M(667M) 24.475ms
[2025-11-08T13:54:03.838+0000][gc,cpu        ] GC(148) User=0.04s Sys=0.00s Real=0.03s
[2025-11-08T13:54:25.428+0000][gc,start      ] GC(149) Pause Young (Normal) (G1 Evacuation Pause)
[2025-11-08T13:54:25.429+0000][gc,task       ] GC(149) Using 2 workers of 2 for evacuation
[2025-11-08T13:54:25.439+0000][gc,phases     ] GC(149)   Pre Evacuate Collection Set: 0.0ms
[2025-11-08T13:54:25.439+0000][gc,phases     ] GC(149)   Evacuate Collection Set: 8.7ms
[2025-11-08T13:54:25.440+0000][gc,phases     ] GC(149)   Post Evacuate Collection Set: 0.9ms
[2025-11-08T13:54:25.440+0000][gc,phases     ] GC(149)   Other: 1.1ms
[2025-11-08T13:54:25.440+0000][gc,heap       ] GC(149) Eden regions: 65->0(67)
[2025-11-08T13:54:25.441+0000][gc,heap       ] GC(149) Survivor regions: 3->4(9)
[2025-11-08T13:54:25.441+0000][gc,heap       ] GC(149) Old regions: 75->75
[2025-11-08T13:54:25.441+0000][gc,heap       ] GC(149) Humongous regions: 138->138
[2025-11-08T13:54:25.442+0000][gc,metaspace  ] GC(149) Metaspace: 52226K(54832K)->52226K(54832K) NonClass: 46339K(47792K)->46339K(47792K) Class: 5886K(7040K)->5886K(7040K)
[2025-11-08T13:54:25.442+0000][gc            ] GC(149) Pause Young (Normal) (G1 Evacuation Pause) 280M->215M(667M) 13.486ms
[2025-11-08T13:54:25.443+0000][gc,cpu        ] GC(149) User=0.02s Sys=0.00s Real=0.01s
[2025-11-08T13:54:47.618+0000][gc,start      ] GC(150) Pause Young (Normal) (G1 Evacuation Pause)
[2025-11-08T13:54:47.619+0000][gc,task       ] GC(150) Using 2 workers of 2 for evacuation
[2025-11-08T13:54:47.628+0000][gc,phases     ] GC(150)   Pre Evacuate Collection Set: 0.0ms
[2025-11-08T13:54:47.628+0000][gc,phases     ] GC(150)   Evacuate Collection Set: 7.3ms
[2025-11-08T13:54:47.628+0000][gc,phases     ] GC(150)   Post Evacuate Collection Set: 0.9ms
[2025-11-08T13:54:47.628+0000][gc,phases     ] GC(150)   Other: 1.1ms
[2025-11-08T13:54:47.629+0000][gc,heap       ] GC(150) Eden regions: 67->0(73)
[2025-11-08T13:54:47.629+0000][gc,heap       ] GC(150) Survivor regions: 4->4(9)
[2025-11-08T13:54:47.629+0000][gc,heap       ] GC(150) Old regions: 75->75
[2025-11-08T13:54:47.630+0000][gc,heap       ] GC(150) Humongous regions: 138->138
[2025-11-08T13:54:47.630+0000][gc,metaspace  ] GC(150) Metaspace: 52228K(54832K)->52228K(54832K) NonClass: 46341K(47792K)->46341K(47792K) Class: 5886K(7040K)->5886K(7040K)
[2025-11-08T13:54:47.630+0000][gc            ] GC(150) Pause Young (Normal) (G1 Evacuation Pause) 282M->215M(667M) 11.813ms
[2025-11-08T13:54:47.630+0000][gc,cpu        ] GC(150) User=0.01s Sys=0.00s Real=0.01s
[2025-11-08T13:55:11.502+0000][gc,start      ] GC(151) Pause Young (Normal) (G1 Evacuation Pause)
[2025-11-08T13:55:11.502+0000][gc,task       ] GC(151) Using 2 workers of 2 for evacuation
[2025-11-08T13:55:11.515+0000][gc,phases     ] GC(151)   Pre Evacuate Collection Set: 0.0ms
[2025-11-08T13:55:11.516+0000][gc,phases     ] GC(151)   Evacuate Collection Set: 11.0ms
[2025-11-08T13:55:11.516+0000][gc,phases     ] GC(151)   Post Evacuate Collection Set: 1.0ms
[2025-11-08T13:55:11.516+0000][gc,phases     ] GC(151)   Other: 1.4ms
[2025-11-08T13:55:11.516+0000][gc,heap       ] GC(151) Eden regions: 73->0(74)
[2025-11-08T13:55:11.517+0000][gc,heap       ] GC(151) Survivor regions: 4->5(10)
[2025-11-08T13:55:11.517+0000][gc,heap       ] GC(151) Old regions: 75->75
[2025-11-08T13:55:11.518+0000][gc,heap       ] GC(151) Humongous regions: 138->138
[2025-11-08T13:55:11.518+0000][gc,metaspace  ] GC(151) Metaspace: 52228K(54832K)->52228K(54832K) NonClass: 46342K(47792K)->46342K(47792K) Class: 5886K(7040K)->5886K(7040K)
[2025-11-08T13:55:11.519+0000][gc            ] GC(151) Pause Young (Normal) (G1 Evacuation Pause) 288M->216M(667M) 16.735ms
[2025-11-08T13:55:11.519+0000][gc,cpu        ] GC(151) User=0.03s Sys=0.00s Real=0.02s
[2025-11-08T13:55:35.494+0000][gc,start      ] GC(152) Pause Young (Normal) (G1 Evacuation Pause)
[2025-11-08T13:55:35.494+0000][gc,task       ] GC(152) Using 2 workers of 2 for evacuation
[2025-11-08T13:55:35.505+0000][gc,phases     ] GC(152)   Pre Evacuate Collection Set: 0.0ms
[2025-11-08T13:55:35.506+0000][gc,phases     ] GC(152)   Evacuate Collection Set: 9.6ms
[2025-11-08T13:55:35.506+0000][gc,phases     ] GC(152)   Post Evacuate Collection Set: 0.8ms
[2025-11-08T13:55:35.506+0000][gc,phases     ] GC(152)   Other: 0.9ms
[2025-11-08T13:55:35.507+0000][gc,heap       ] GC(152) Eden regions: 74->0(77)
[2025-11-08T13:55:35.507+0000][gc,heap       ] GC(152) Survivor regions: 5->6(10)
[2025-11-08T13:55:35.507+0000][gc,heap       ] GC(152) Old regions: 75->75
[2025-11-08T13:55:35.507+0000][gc,heap       ] GC(152) Humongous regions: 138->138
[2025-11-08T13:55:35.507+0000][gc,metaspace  ] GC(152) Metaspace: 52229K(54832K)->52229K(54832K) NonClass: 46342K(47792K)->46342K(47792K) Class: 5886K(7040K)->5886K(7040K)
[2025-11-08T13:55:35.508+0000][gc            ] GC(152) Pause Young (Normal) (G1 Evacuation Pause) 290M->218M(667M) 13.378ms
[2025-11-08T13:55:35.508+0000][gc,cpu        ] GC(152) User=0.02s Sys=0.00s Real=0.02s
[2025-11-08T13:56:00.569+0000][gc,start      ] GC(153) Pause Young (Normal) (G1 Evacuation Pause)
[2025-11-08T13:56:00.570+0000][gc,task       ] GC(153) Using 2 workers of 2 for evacuation
[2025-11-08T13:56:00.581+0000][gc,phases     ] GC(153)   Pre Evacuate Collection Set: 0.0ms
[2025-11-08T13:56:00.581+0000][gc,phases     ] GC(153)   Evacuate Collection Set: 10.0ms
[2025-11-08T13:56:00.582+0000][gc,phases     ] GC(153)   Post Evacuate Collection Set: 1.0ms
[2025-11-08T13:56:00.582+0000][gc,phases     ] GC(153)   Other: 0.7ms
[2025-11-08T13:56:00.582+0000][gc,heap       ] GC(153) Eden regions: 77->0(83)
[2025-11-08T13:56:00.582+0000][gc,heap       ] GC(153) Survivor regions: 6->5(11)
[2025-11-08T13:56:00.583+0000][gc,heap       ] GC(153) Old regions: 75->76
[2025-11-08T13:56:00.583+0000][gc,heap       ] GC(153) Humongous regions: 138->138
[2025-11-08T13:56:00.584+0000][gc,metaspace  ] GC(153) Metaspace: 52229K(54832K)->52229K(54832K) NonClass: 46342K(47792K)->46342K(47792K) Class: 5886K(7040K)->5886K(7040K)
[2025-11-08T13:56:00.584+0000][gc            ] GC(153) Pause Young (Normal) (G1 Evacuation Pause) 295M->217M(667M) 14.250ms
[2025-11-08T13:56:00.584+0000][gc,cpu        ] GC(153) User=0.03s Sys=0.00s Real=0.01s
[2025-11-08T13:56:27.748+0000][gc,start      ] GC(154) Pause Young (Normal) (G1 Evacuation Pause)
[2025-11-08T13:56:27.749+0000][gc,task       ] GC(154) Using 2 workers of 2 for evacuation
[2025-11-08T13:56:27.759+0000][gc,phases     ] GC(154)   Pre Evacuate Collection Set: 0.0ms
[2025-11-08T13:56:27.760+0000][gc,phases     ] GC(154)   Evacuate Collection Set: 8.4ms
[2025-11-08T13:56:27.760+0000][gc,phases     ] GC(154)   Post Evacuate Collection Set: 1.4ms
[2025-11-08T13:56:27.760+0000][gc,phases     ] GC(154)   Other: 1.3ms
[2025-11-08T13:56:27.761+0000][gc,heap       ] GC(154) Eden regions: 83->0(87)
[2025-11-08T13:56:27.761+0000][gc,heap       ] GC(154) Survivor regions: 5->5(11)
[2025-11-08T13:56:27.762+0000][gc,heap       ] GC(154) Old regions: 76->76
[2025-11-08T13:56:27.763+0000][gc,heap       ] GC(154) Humongous regions: 138->138
[2025-11-08T13:56:27.763+0000][gc,metaspace  ] GC(154) Metaspace: 52230K(54832K)->52230K(54832K) NonClass: 46343K(47792K)->46343K(47792K) Class: 5886K(7040K)->5886K(7040K)
[2025-11-08T13:56:27.763+0000][gc            ] GC(154) Pause Young (Normal) (G1 Evacuation Pause) 300M->218M(667M) 14.985ms
[2025-11-08T13:56:27.764+0000][gc,cpu        ] GC(154) User=0.02s Sys=0.00s Real=0.01s
[2025-11-08T13:56:56.124+0000][gc,start      ] GC(155) Pause Young (Normal) (G1 Evacuation Pause)
[2025-11-08T13:56:56.124+0000][gc,task       ] GC(155) Using 2 workers of 2 for evacuation
[2025-11-08T13:56:56.134+0000][gc,phases     ] GC(155)   Pre Evacuate Collection Set: 0.0ms
[2025-11-08T13:56:56.135+0000][gc,phases     ] GC(155)   Evacuate Collection Set: 9.3ms
[2025-11-08T13:56:56.135+0000][gc,phases     ] GC(155)   Post Evacuate Collection Set: 0.7ms
[2025-11-08T13:56:56.135+0000][gc,phases     ] GC(155)   Other: 0.5ms
[2025-11-08T13:56:56.135+0000][gc,heap       ] GC(155) Eden regions: 87->0(91)
[2025-11-08T13:56:56.135+0000][gc,heap       ] GC(155) Survivor regions: 5->6(12)
[2025-11-08T13:56:56.135+0000][gc,heap       ] GC(155) Old regions: 76->76
[2025-11-08T13:56:56.135+0000][gc,heap       ] GC(155) Humongous regions: 138->138
[2025-11-08T13:56:56.136+0000][gc,metaspace  ] GC(155) Metaspace: 52231K(54832K)->52231K(54832K) NonClass: 46344K(47792K)->46344K(47792K) Class: 5886K(7040K)->5886K(7040K)
[2025-11-08T13:56:56.136+0000][gc            ] GC(155) Pause Young (Normal) (G1 Evacuation Pause) 305M->219M(667M) 11.848ms
[2025-11-08T13:56:56.136+0000][gc,cpu        ] GC(155) User=0.02s Sys=0.00s Real=0.02s
[2025-11-08T13:57:26.029+0000][gc,start      ] GC(156) Pause Young (Normal) (G1 Evacuation Pause)
[2025-11-08T13:57:26.030+0000][gc,task       ] GC(156) Using 2 workers of 2 for evacuation
[2025-11-08T13:57:26.042+0000][gc,phases     ] GC(156)   Pre Evacuate Collection Set: 0.0ms
[2025-11-08T13:57:26.042+0000][gc,phases     ] GC(156)   Evacuate Collection Set: 11.0ms
[2025-11-08T13:57:26.043+0000][gc,phases     ] GC(156)   Post Evacuate Collection Set: 0.7ms
[2025-11-08T13:57:26.043+0000][gc,phases     ] GC(156)   Other: 1.8ms
[2025-11-08T13:57:26.043+0000][gc,heap       ] GC(156) Eden regions: 91->0(93)
[2025-11-08T13:57:26.043+0000][gc,heap       ] GC(156) Survivor regions: 6->7(13)
[2025-11-08T13:57:26.044+0000][gc,heap       ] GC(156) Old regions: 76->76
[2025-11-08T13:57:26.044+0000][gc,heap       ] GC(156) Humongous regions: 138->138
[2025-11-08T13:57:26.044+0000][gc,metaspace  ] GC(156) Metaspace: 52232K(54832K)->52232K(54832K) NonClass: 46346K(47792K)->46346K(47792K) Class: 5886K(7040K)->5886K(7040K)
[2025-11-08T13:57:26.044+0000][gc            ] GC(156) Pause Young (Normal) (G1 Evacuation Pause) 310M->220M(667M) 15.357ms
[2025-11-08T13:57:26.044+0000][gc,cpu        ] GC(156) User=0.03s Sys=0.00s Real=0.01s
[2025-11-08T13:57:57.056+0000][gc,start      ] GC(157) Pause Young (Normal) (G1 Evacuation Pause)
[2025-11-08T13:57:57.057+0000][gc,task       ] GC(157) Using 2 workers of 2 for evacuation
[2025-11-08T13:57:57.071+0000][gc,phases     ] GC(157)   Pre Evacuate Collection Set: 0.0ms
[2025-11-08T13:57:57.071+0000][gc,phases     ] GC(157)   Evacuate Collection Set: 12.8ms
[2025-11-08T13:57:57.071+0000][gc,phases     ] GC(157)   Post Evacuate Collection Set: 0.9ms
[2025-11-08T13:57:57.072+0000][gc,phases     ] GC(157)   Other: 1.1ms
[2025-11-08T13:57:57.072+0000][gc,heap       ] GC(157) Eden regions: 93->0(94)
[2025-11-08T13:57:57.072+0000][gc,heap       ] GC(157) Survivor regions: 7->6(13)
[2025-11-08T13:57:57.072+0000][gc,heap       ] GC(157) Old regions: 76->77
[2025-11-08T13:57:57.072+0000][gc,heap       ] GC(157) Humongous regions: 138->138
[2025-11-08T13:57:57.072+0000][gc,metaspace  ] GC(157) Metaspace: 52251K(54832K)->52251K(54832K) NonClass: 46364K(47792K)->46364K(47792K) Class: 5886K(7040K)->5886K(7040K)
[2025-11-08T13:57:57.073+0000][gc            ] GC(157) Pause Young (Normal) (G1 Evacuation Pause) 313M->220M(667M) 16.221ms
[2025-11-08T13:57:57.073+0000][gc,cpu        ] GC(157) User=0.02s Sys=0.00s Real=0.01s
[2025-11-08T13:58:28.112+0000][gc,start      ] GC(158) Pause Young (Normal) (G1 Evacuation Pause)
[2025-11-08T13:58:28.112+0000][gc,task       ] GC(158) Using 2 workers of 2 for evacuation
[2025-11-08T13:58:28.130+0000][gc,phases     ] GC(158)   Pre Evacuate Collection Set: 0.0ms
[2025-11-08T13:58:28.131+0000][gc,phases     ] GC(158)   Evacuate Collection Set: 16.7ms
[2025-11-08T13:58:28.131+0000][gc,phases     ] GC(158)   Post Evacuate Collection Set: 1.0ms
[2025-11-08T13:58:28.131+0000][gc,phases     ] GC(158)   Other: 0.8ms
[2025-11-08T13:58:28.132+0000][gc,heap       ] GC(158) Eden regions: 93->0(92)
[2025-11-08T13:58:28.132+0000][gc,heap       ] GC(158) Survivor regions: 6->8(13)
[2025-11-08T13:58:28.132+0000][gc,heap       ] GC(158) Old regions: 77->77
[2025-11-08T13:58:28.132+0000][gc,heap       ] GC(158) Humongous regions: 138->138
[2025-11-08T13:58:28.132+0000][gc,metaspace  ] GC(158) Metaspace: 52265K(54832K)->52265K(54832K) NonClass: 46378K(47792K)->46378K(47792K) Class: 5886K(7040K)->5886K(7040K)
[2025-11-08T13:58:28.133+0000][gc            ] GC(158) Pause Young (Normal) (G1 Evacuation Pause) 313M->222M(667M) 20.745ms
[2025-11-08T13:58:28.133+0000][gc,cpu        ] GC(158) User=0.03s Sys=0.00s Real=0.02s
[2025-11-08T13:58:57.847+0000][gc,start      ] GC(159) Pause Young (Normal) (G1 Evacuation Pause)
[2025-11-08T13:58:57.847+0000][gc,task       ] GC(159) Using 2 workers of 2 for evacuation
[2025-11-08T13:58:57.860+0000][gc,phases     ] GC(159)   Pre Evacuate Collection Set: 0.0ms
[2025-11-08T13:58:57.861+0000][gc,phases     ] GC(159)   Evacuate Collection Set: 11.8ms
[2025-11-08T13:58:57.861+0000][gc,phases     ] GC(159)   Post Evacuate Collection Set: 0.8ms
[2025-11-08T13:58:57.861+0000][gc,phases     ] GC(159)   Other: 0.8ms
[2025-11-08T13:58:57.861+0000][gc,heap       ] GC(159) Eden regions: 91->0(95)
[2025-11-08T13:58:57.861+0000][gc,heap       ] GC(159) Survivor regions: 8->6(13)
[2025-11-08T13:58:57.861+0000][gc,heap       ] GC(159) Old regions: 77->78
[2025-11-08T13:58:57.862+0000][gc,heap       ] GC(159) Humongous regions: 138->138
[2025-11-08T13:58:57.862+0000][gc,metaspace  ] GC(159) Metaspace: 52270K(54832K)->52270K(54832K) NonClass: 46383K(47792K)->46383K(47792K) Class: 5886K(7040K)->5886K(7040K)
[2025-11-08T13:58:57.862+0000][gc            ] GC(159) Pause Young (Normal) (G1 Evacuation Pause) 313M->221M(667M) 15.291ms
[2025-11-08T13:58:57.862+0000][gc,cpu        ] GC(159) User=0.03s Sys=0.00s Real=0.01s
[2025-11-08T13:59:28.410+0000][gc,start      ] GC(160) Pause Young (Normal) (G1 Evacuation Pause)
[2025-11-08T13:59:28.410+0000][gc,task       ] GC(160) Using 2 workers of 2 for evacuation
[2025-11-08T13:59:28.429+0000][gc,phases     ] GC(160)   Pre Evacuate Collection Set: 0.0ms
[2025-11-08T13:59:28.430+0000][gc,phases     ] GC(160)   Evacuate Collection Set: 17.3ms
[2025-11-08T13:59:28.430+0000][gc,phases     ] GC(160)   Post Evacuate Collection Set: 0.9ms
[2025-11-08T13:59:28.430+0000][gc,phases     ] GC(160)   Other: 1.3ms
[2025-11-08T13:59:28.431+0000][gc,heap       ] GC(160) Eden regions: 93->0(93)
[2025-11-08T13:59:28.431+0000][gc,heap       ] GC(160) Survivor regions: 6->8(13)
[2025-11-08T13:59:28.431+0000][gc,heap       ] GC(160) Old regions: 78->78
[2025-11-08T13:59:28.431+0000][gc,heap       ] GC(160) Humongous regions: 138->138
[2025-11-08T13:59:28.432+0000][gc,metaspace  ] GC(160) Metaspace: 52271K(54832K)->52271K(54832K) NonClass: 46384K(47792K)->46384K(47792K) Class: 5886K(7040K)->5886K(7040K)
[2025-11-08T13:59:28.432+0000][gc            ] GC(160) Pause Young (Normal) (G1 Evacuation Pause) 314M->223M(667M) 22.127ms
[2025-11-08T13:59:28.432+0000][gc,cpu        ] GC(160) User=0.04s Sys=0.00s Real=0.02s
[2025-11-08T13:59:58.448+0000][gc,start      ] GC(161) Pause Young (Normal) (G1 Evacuation Pause)
[2025-11-08T13:59:58.449+0000][gc,task       ] GC(161) Using 2 workers of 2 for evacuation
[2025-11-08T13:59:58.462+0000][gc,phases     ] GC(161)   Pre Evacuate Collection Set: 0.0ms
[2025-11-08T13:59:58.462+0000][gc,phases     ] GC(161)   Evacuate Collection Set: 12.2ms
[2025-11-08T13:59:58.462+0000][gc,phases     ] GC(161)   Post Evacuate Collection Set: 0.6ms
[2025-11-08T13:59:58.462+0000][gc,phases     ] GC(161)   Other: 0.6ms
[2025-11-08T13:59:58.462+0000][gc,heap       ] GC(161) Eden regions: 92->0(95)
[2025-11-08T13:59:58.462+0000][gc,heap       ] GC(161) Survivor regions: 8->8(13)
[2025-11-08T13:59:58.463+0000][gc,heap       ] GC(161) Old regions: 78->79
[2025-11-08T13:59:58.463+0000][gc,heap       ] GC(161) Humongous regions: 138->138
[2025-11-08T13:59:58.463+0000][gc,metaspace  ] GC(161) Metaspace: 52278K(54832K)->52278K(54832K) NonClass: 46391K(47792K)->46391K(47792K) Class: 5886K(7040K)->5886K(7040K)
[2025-11-08T13:59:58.463+0000][gc            ] GC(161) Pause Young (Normal) (G1 Evacuation Pause) 315M->224M(667M) 14.673ms
[2025-11-08T13:59:58.463+0000][gc,cpu        ] GC(161) User=0.02s Sys=0.00s Real=0.01s
[2025-11-08T14:00:28.544+0000][gc,start      ] GC(162) Pause Young (Normal) (G1 Evacuation Pause)
[2025-11-08T14:00:28.544+0000][gc,task       ] GC(162) Using 2 workers of 2 for evacuation
[2025-11-08T14:00:28.556+0000][gc,phases     ] GC(162)   Pre Evacuate Collection Set: 0.0ms
[2025-11-08T14:00:28.556+0000][gc,phases     ] GC(162)   Evacuate Collection Set: 10.9ms
[2025-11-08T14:00:28.557+0000][gc,phases     ] GC(162)   Post Evacuate Collection Set: 0.5ms
[2025-11-08T14:00:28.557+0000][gc,phases     ] GC(162)   Other: 0.7ms
[2025-11-08T14:00:28.557+0000][gc,heap       ] GC(162) Eden regions: 93->0(98)
[2025-11-08T14:00:28.557+0000][gc,heap       ] GC(162) Survivor regions: 8->7(13)
[2025-11-08T14:00:28.557+0000][gc,heap       ] GC(162) Old regions: 79->80
[2025-11-08T14:00:28.557+0000][gc,heap       ] GC(162) Humongous regions: 138->138
[2025-11-08T14:00:28.558+0000][gc,metaspace  ] GC(162) Metaspace: 52294K(54832K)->52294K(54832K) NonClass: 46407K(47792K)->46407K(47792K) Class: 5886K(7040K)->5886K(7040K)
[2025-11-08T14:00:28.558+0000][gc            ] GC(162) Pause Young (Normal) (G1 Evacuation Pause) 317M->224M(667M) 13.540ms
[2025-11-08T14:00:28.558+0000][gc,cpu        ] GC(162) User=0.03s Sys=0.00s Real=0.02s
[2025-11-08T14:00:59.449+0000][gc,start      ] GC(163) Pause Young (Normal) (G1 Evacuation Pause)
[2025-11-08T14:00:59.449+0000][gc,task       ] GC(163) Using 2 workers of 2 for evacuation
[2025-11-08T14:00:59.461+0000][gc,phases     ] GC(163)   Pre Evacuate Collection Set: 0.0ms
[2025-11-08T14:00:59.461+0000][gc,phases     ] GC(163)   Evacuate Collection Set: 11.3ms
[2025-11-08T14:00:59.462+0000][gc,phases     ] GC(163)   Post Evacuate Collection Set: 0.8ms
[2025-11-08T14:00:59.462+0000][gc,phases     ] GC(163)   Other: 0.6ms
[2025-11-08T14:00:59.462+0000][gc,heap       ] GC(163) Eden regions: 96->0(101)
[2025-11-08T14:00:59.462+0000][gc,heap       ] GC(163) Survivor regions: 7->9(13)
[2025-11-08T14:00:59.462+0000][gc,heap       ] GC(163) Old regions: 80->80
[2025-11-08T14:00:59.463+0000][gc,heap       ] GC(163) Humongous regions: 138->138
[2025-11-08T14:00:59.463+0000][gc,metaspace  ] GC(163) Metaspace: 52297K(54832K)->52297K(54832K) NonClass: 46410K(47792K)->46410K(47792K) Class: 5887K(7040K)->5887K(7040K)
[2025-11-08T14:00:59.463+0000][gc            ] GC(163) Pause Young (Normal) (G1 Evacuation Pause) 320M->226M(667M) 14.216ms
[2025-11-08T14:00:59.463+0000][gc,cpu        ] GC(163) User=0.02s Sys=0.00s Real=0.01s
[2025-11-08T14:01:21.943+0000][gc,start      ] GC(164) Pause Young (Normal) (G1 Evacuation Pause)
[2025-11-08T14:01:21.944+0000][gc,task       ] GC(164) Using 2 workers of 2 for evacuation
[2025-11-08T14:01:21.960+0000][gc,phases     ] GC(164)   Pre Evacuate Collection Set: 0.0ms
[2025-11-08T14:01:21.960+0000][gc,phases     ] GC(164)   Evacuate Collection Set: 14.9ms
[2025-11-08T14:01:21.961+0000][gc,phases     ] GC(164)   Post Evacuate Collection Set: 0.9ms
[2025-11-08T14:01:21.961+0000][gc,phases     ] GC(164)   Other: 0.8ms
[2025-11-08T14:01:21.961+0000][gc,heap       ] GC(164) Eden regions: 101->0(101)
[2025-11-08T14:01:21.962+0000][gc,heap       ] GC(164) Survivor regions: 9->7(14)
[2025-11-08T14:01:21.962+0000][gc,heap       ] GC(164) Old regions: 80->82
[2025-11-08T14:01:21.962+0000][gc,heap       ] GC(164) Humongous regions: 138->138
[2025-11-08T14:01:21.962+0000][gc,metaspace  ] GC(164) Metaspace: 52544K(55216K)->52544K(55216K) NonClass: 46588K(48048K)->46588K(48048K) Class: 5956K(7168K)->5956K(7168K)
[2025-11-08T14:01:21.962+0000][gc            ] GC(164) Pause Young (Normal) (G1 Evacuation Pause) 327M->226M(667M) 19.063ms
[2025-11-08T14:01:21.963+0000][gc,cpu        ] GC(164) User=0.03s Sys=0.00s Real=0.02s
[2025-11-08T14:01:38.084+0000][gc,start      ] GC(165) Pause Young (Normal) (G1 Evacuation Pause)
[2025-11-08T14:01:38.084+0000][gc,task       ] GC(165) Using 2 workers of 2 for evacuation
[2025-11-08T14:01:38.098+0000][gc,phases     ] GC(165)   Pre Evacuate Collection Set: 0.0ms
[2025-11-08T14:01:38.098+0000][gc,phases     ] GC(165)   Evacuate Collection Set: 12.3ms
[2025-11-08T14:01:38.098+0000][gc,phases     ] GC(165)   Post Evacuate Collection Set: 0.8ms
[2025-11-08T14:01:38.098+0000][gc,phases     ] GC(165)   Other: 0.6ms
[2025-11-08T14:01:38.099+0000][gc,heap       ] GC(165) Eden regions: 98->0(102)
[2025-11-08T14:01:38.099+0000][gc,heap       ] GC(165) Survivor regions: 7->7(14)
[2025-11-08T14:01:38.099+0000][gc,heap       ] GC(165) Old regions: 82->82
[2025-11-08T14:01:38.099+0000][gc,heap       ] GC(165) Humongous regions: 138->138
[2025-11-08T14:01:38.099+0000][gc,metaspace  ] GC(165) Metaspace: 52544K(55216K)->52544K(55216K) NonClass: 46588K(48048K)->46588K(48048K) Class: 5956K(7168K)->5956K(7168K)
[2025-11-08T14:01:38.099+0000][gc            ] GC(165) Pause Young (Normal) (G1 Evacuation Pause) 324M->226M(667M) 15.042ms
[2025-11-08T14:01:38.099+0000][gc,cpu        ] GC(165) User=0.03s Sys=0.00s Real=0.02s
[2025-11-08T14:01:55.166+0000][gc,start      ] GC(166) Pause Young (Normal) (G1 Evacuation Pause)
[2025-11-08T14:01:55.166+0000][gc,task       ] GC(166) Using 2 workers of 2 for evacuation
[2025-11-08T14:01:55.182+0000][gc,phases     ] GC(166)   Pre Evacuate Collection Set: 0.0ms
[2025-11-08T14:01:55.183+0000][gc,phases     ] GC(166)   Evacuate Collection Set: 14.2ms
[2025-11-08T14:01:55.183+0000][gc,phases     ] GC(166)   Post Evacuate Collection Set: 1.1ms
[2025-11-08T14:01:55.183+0000][gc,phases     ] GC(166)   Other: 0.9ms
[2025-11-08T14:01:55.183+0000][gc,heap       ] GC(166) Eden regions: 102->0(102)
[2025-11-08T14:01:55.184+0000][gc,heap       ] GC(166) Survivor regions: 7->8(14)
[2025-11-08T14:01:55.184+0000][gc,heap       ] GC(166) Old regions: 82->82
[2025-11-08T14:01:55.184+0000][gc,heap       ] GC(166) Humongous regions: 138->138
[2025-11-08T14:01:55.184+0000][gc,metaspace  ] GC(166) Metaspace: 52544K(55216K)->52544K(55216K) NonClass: 46588K(48048K)->46588K(48048K) Class: 5956K(7168K)->5956K(7168K)
[2025-11-08T14:01:55.184+0000][gc            ] GC(166) Pause Young (Normal) (G1 Evacuation Pause) 328M->227M(667M) 18.270ms
[2025-11-08T14:01:55.185+0000][gc,cpu        ] GC(166) User=0.03s Sys=0.00s Real=0.01s
[2025-11-08T14:02:12.277+0000][gc,start      ] GC(167) Pause Young (Normal) (G1 Evacuation Pause)
[2025-11-08T14:02:12.278+0000][gc,task       ] GC(167) Using 2 workers of 2 for evacuation
[2025-11-08T14:02:12.292+0000][gc,phases     ] GC(167)   Pre Evacuate Collection Set: 0.0ms
[2025-11-08T14:02:12.293+0000][gc,phases     ] GC(167)   Evacuate Collection Set: 13.8ms
[2025-11-08T14:02:12.293+0000][gc,phases     ] GC(167)   Post Evacuate Collection Set: 0.8ms
[2025-11-08T14:02:12.293+0000][gc,phases     ] GC(167)   Other: 1.3ms
[2025-11-08T14:02:12.293+0000][gc,heap       ] GC(167) Eden regions: 101->0(103)
[2025-11-08T14:02:12.293+0000][gc,heap       ] GC(167) Survivor regions: 8->8(14)
[2025-11-08T14:02:12.294+0000][gc,heap       ] GC(167) Old regions: 82->83
[2025-11-08T14:02:12.294+0000][gc,heap       ] GC(167) Humongous regions: 138->138
[2025-11-08T14:02:12.294+0000][gc,metaspace  ] GC(167) Metaspace: 52545K(55216K)->52545K(55216K) NonClass: 46589K(48048K)->46589K(48048K) Class: 5956K(7168K)->5956K(7168K)
[2025-11-08T14:02:12.294+0000][gc            ] GC(167) Pause Young (Normal) (G1 Evacuation Pause) 328M->228M(667M) 17.549ms
[2025-11-08T14:02:12.294+0000][gc,cpu        ] GC(167) User=0.03s Sys=0.00s Real=0.01s
[2025-11-08T14:02:29.939+0000][gc,start      ] GC(168) Pause Young (Normal) (G1 Evacuation Pause)
[2025-11-08T14:02:29.939+0000][gc,task       ] GC(168) Using 2 workers of 2 for evacuation
[2025-11-08T14:02:29.958+0000][gc,phases     ] GC(168)   Pre Evacuate Collection Set: 0.0ms
[2025-11-08T14:02:29.958+0000][gc,phases     ] GC(168)   Evacuate Collection Set: 17.2ms
[2025-11-08T14:02:29.958+0000][gc,phases     ] GC(168)   Post Evacuate Collection Set: 0.9ms
[2025-11-08T14:02:29.958+0000][gc,phases     ] GC(168)   Other: 0.8ms
[2025-11-08T14:02:29.959+0000][gc,heap       ] GC(168) Eden regions: 103->0(103)
[2025-11-08T14:02:29.959+0000][gc,heap       ] GC(168) Survivor regions: 8->8(14)
[2025-11-08T14:02:29.959+0000][gc,heap       ] GC(168) Old regions: 83->84
[2025-11-08T14:02:29.960+0000][gc,heap       ] GC(168) Humongous regions: 138->138
[2025-11-08T14:02:29.960+0000][gc,metaspace  ] GC(168) Metaspace: 52546K(55216K)->52546K(55216K) NonClass: 46589K(48048K)->46589K(48048K) Class: 5957K(7168K)->5957K(7168K)
[2025-11-08T14:02:29.960+0000][gc            ] GC(168) Pause Young (Normal) (G1 Evacuation Pause) 331M->229M(667M) 21.179ms
[2025-11-08T14:02:29.960+0000][gc,cpu        ] GC(168) User=0.04s Sys=0.00s Real=0.02s
[2025-11-08T14:02:46.930+0000][gc,start      ] GC(169) Pause Young (Normal) (G1 Evacuation Pause)
[2025-11-08T14:02:46.931+0000][gc,task       ] GC(169) Using 2 workers of 2 for evacuation
[2025-11-08T14:02:46.945+0000][gc,phases     ] GC(169)   Pre Evacuate Collection Set: 0.0ms
[2025-11-08T14:02:46.945+0000][gc,phases     ] GC(169)   Evacuate Collection Set: 12.9ms
[2025-11-08T14:02:46.945+0000][gc,phases     ] GC(169)   Post Evacuate Collection Set: 0.8ms
[2025-11-08T14:02:46.945+0000][gc,phases     ] GC(169)   Other: 0.6ms
[2025-11-08T14:02:46.946+0000][gc,heap       ] GC(169) Eden regions: 101->0(106)
[2025-11-08T14:02:46.946+0000][gc,heap       ] GC(169) Survivor regions: 8->8(14)
[2025-11-08T14:02:46.946+0000][gc,heap       ] GC(169) Old regions: 84->84
[2025-11-08T14:02:46.946+0000][gc,heap       ] GC(169) Humongous regions: 138->138
[2025-11-08T14:02:46.946+0000][gc,metaspace  ] GC(169) Metaspace: 52547K(55216K)->52547K(55216K) NonClass: 46589K(48048K)->46589K(48048K) Class: 5957K(7168K)->5957K(7168K)
[2025-11-08T14:02:46.946+0000][gc            ] GC(169) Pause Young (Normal) (G1 Evacuation Pause) 330M->229M(667M) 16.041ms
[2025-11-08T14:02:46.947+0000][gc,cpu        ] GC(169) User=0.03s Sys=0.00s Real=0.02s
[2025-11-08T14:03:04.811+0000][gc,start      ] GC(170) Pause Young (Normal) (G1 Evacuation Pause)
[2025-11-08T14:03:04.812+0000][gc,task       ] GC(170) Using 2 workers of 2 for evacuation
[2025-11-08T14:03:04.831+0000][gc,phases     ] GC(170)   Pre Evacuate Collection Set: 0.1ms
[2025-11-08T14:03:04.831+0000][gc,phases     ] GC(170)   Evacuate Collection Set: 17.5ms
[2025-11-08T14:03:04.831+0000][gc,phases     ] GC(170)   Post Evacuate Collection Set: 1.0ms
[2025-11-08T14:03:04.832+0000][gc,phases     ] GC(170)   Other: 1.7ms
[2025-11-08T14:03:04.832+0000][gc,heap       ] GC(170) Eden regions: 104->0(106)
[2025-11-08T14:03:04.832+0000][gc,heap       ] GC(170) Survivor regions: 8->8(14)
[2025-11-08T14:03:04.832+0000][gc,heap       ] GC(170) Old regions: 84->85
[2025-11-08T14:03:04.832+0000][gc,heap       ] GC(170) Humongous regions: 138->138
[2025-11-08T14:03:04.833+0000][gc,metaspace  ] GC(170) Metaspace: 52547K(55216K)->52547K(55216K) NonClass: 46589K(48048K)->46589K(48048K) Class: 5957K(7168K)->5957K(7168K)
[2025-11-08T14:03:04.833+0000][gc            ] GC(170) Pause Young (Normal) (G1 Evacuation Pause) 333M->230M(667M) 22.204ms
[2025-11-08T14:03:04.833+0000][gc,cpu        ] GC(170) User=0.03s Sys=0.00s Real=0.02s
[2025-11-08T14:03:22.537+0000][gc,start      ] GC(171) Pause Young (Normal) (G1 Evacuation Pause)
[2025-11-08T14:03:22.537+0000][gc,task       ] GC(171) Using 2 workers of 2 for evacuation
[2025-11-08T14:03:22.559+0000][gc,mmu        ] GC(171) MMU target violated: 21.0ms (20.0ms/21.0ms)
[2025-11-08T14:03:22.560+0000][gc,phases     ] GC(171)   Pre Evacuate Collection Set: 0.1ms
[2025-11-08T14:03:22.560+0000][gc,phases     ] GC(171)   Evacuate Collection Set: 20.3ms
[2025-11-08T14:03:22.560+0000][gc,phases     ] GC(171)   Post Evacuate Collection Set: 0.9ms
[2025-11-08T14:03:22.561+0000][gc,phases     ] GC(171)   Other: 1.4ms
[2025-11-08T14:03:22.561+0000][gc,heap       ] GC(171) Eden regions: 103->0(103)
[2025-11-08T14:03:22.562+0000][gc,heap       ] GC(171) Survivor regions: 8->8(14)
[2025-11-08T14:03:22.562+0000][gc,heap       ] GC(171) Old regions: 85->86
[2025-11-08T14:03:22.562+0000][gc,heap       ] GC(171) Humongous regions: 138->138
[2025-11-08T14:03:22.563+0000][gc,metaspace  ] GC(171) Metaspace: 52547K(55216K)->52547K(55216K) NonClass: 46589K(48048K)->46589K(48048K) Class: 5957K(7168K)->5957K(7168K)
[2025-11-08T14:03:22.563+0000][gc            ] GC(171) Pause Young (Normal) (G1 Evacuation Pause) 333M->231M(667M) 25.971ms
[2025-11-08T14:03:22.563+0000][gc,cpu        ] GC(171) User=0.04s Sys=0.00s Real=0.02s
[2025-11-08T14:03:39.056+0000][gc,start      ] GC(172) Pause Young (Normal) (G1 Evacuation Pause)
[2025-11-08T14:03:39.058+0000][gc,task       ] GC(172) Using 2 workers of 2 for evacuation
[2025-11-08T14:03:39.085+0000][gc,mmu        ] GC(172) MMU target violated: 21.0ms (20.0ms/21.0ms)
[2025-11-08T14:03:39.085+0000][gc,phases     ] GC(172)   Pre Evacuate Collection Set: 0.1ms
[2025-11-08T14:03:39.085+0000][gc,phases     ] GC(172)   Evacuate Collection Set: 24.2ms
[2025-11-08T14:03:39.086+0000][gc,phases     ] GC(172)   Post Evacuate Collection Set: 1.6ms
[2025-11-08T14:03:39.086+0000][gc,phases     ] GC(172)   Other: 3.0ms
[2025-11-08T14:03:39.086+0000][gc,heap       ] GC(172) Eden regions: 96->0(85)
[2025-11-08T14:03:39.086+0000][gc,heap       ] GC(172) Survivor regions: 8->7(13)
[2025-11-08T14:03:39.087+0000][gc,heap       ] GC(172) Old regions: 86->87
[2025-11-08T14:03:39.087+0000][gc,heap       ] GC(172) Humongous regions: 138->138
[2025-11-08T14:03:39.087+0000][gc,metaspace  ] GC(172) Metaspace: 52547K(55216K)->52547K(55216K) NonClass: 46589K(48048K)->46589K(48048K) Class: 5957K(7168K)->5957K(7168K)
[2025-11-08T14:03:39.088+0000][gc            ] GC(172) Pause Young (Normal) (G1 Evacuation Pause) 327M->230M(667M) 31.300ms
[2025-11-08T14:03:39.088+0000][gc,cpu        ] GC(172) User=0.05s Sys=0.00s Real=0.03s
[2025-11-08T14:03:43.385+0000][gc,start      ] GC(173) Pause Young (Normal) (G1 Evacuation Pause)
[2025-11-08T14:03:43.385+0000][gc,task       ] GC(173) Using 2 workers of 2 for evacuation
[2025-11-08T14:03:43.464+0000][gc,mmu        ] GC(173) MMU target violated: 21.0ms (20.0ms/21.0ms)
[2025-11-08T14:03:43.464+0000][gc,phases     ] GC(173)   Pre Evacuate Collection Set: 0.1ms
[2025-11-08T14:03:43.464+0000][gc,phases     ] GC(173)   Evacuate Collection Set: 76.7ms
[2025-11-08T14:03:43.464+0000][gc,phases     ] GC(173)   Post Evacuate Collection Set: 1.1ms
[2025-11-08T14:03:43.465+0000][gc,phases     ] GC(173)   Other: 1.3ms
[2025-11-08T14:03:43.465+0000][gc,heap       ] GC(173) Eden regions: 26->0(29)
[2025-11-08T14:03:43.465+0000][gc,heap       ] GC(173) Survivor regions: 7->4(5)
[2025-11-08T14:03:43.465+0000][gc,heap       ] GC(173) Old regions: 87->91
[2025-11-08T14:03:43.466+0000][gc,heap       ] GC(173) Humongous regions: 138->138
[2025-11-08T14:03:43.466+0000][gc,metaspace  ] GC(173) Metaspace: 52547K(55216K)->52547K(55216K) NonClass: 46589K(48048K)->46589K(48048K) Class: 5957K(7168K)->5957K(7168K)
[2025-11-08T14:03:43.466+0000][gc            ] GC(173) Pause Young (Normal) (G1 Evacuation Pause) 256M->232M(667M) 81.394ms
[2025-11-08T14:03:43.467+0000][gc,cpu        ] GC(173) User=0.13s Sys=0.01s Real=0.09s
[2025-11-08T14:03:48.268+0000][gc,start      ] GC(174) Pause Young (Normal) (G1 Evacuation Pause)
[2025-11-08T14:03:48.268+0000][gc,task       ] GC(174) Using 2 workers of 2 for evacuation
[2025-11-08T14:03:48.278+0000][gc,phases     ] GC(174)   Pre Evacuate Collection Set: 0.0ms
[2025-11-08T14:03:48.278+0000][gc,phases     ] GC(174)   Evacuate Collection Set: 7.7ms
[2025-11-08T14:03:48.278+0000][gc,phases     ] GC(174)   Post Evacuate Collection Set: 1.2ms
[2025-11-08T14:03:48.279+0000][gc,phases     ] GC(174)   Other: 0.9ms
[2025-11-08T14:03:48.279+0000][gc,heap       ] GC(174) Eden regions: 29->0(30)
[2025-11-08T14:03:48.279+0000][gc,heap       ] GC(174) Survivor regions: 4->3(5)
[2025-11-08T14:03:48.279+0000][gc,heap       ] GC(174) Old regions: 91->92
[2025-11-08T14:03:48.280+0000][gc,heap       ] GC(174) Humongous regions: 138->138
[2025-11-08T14:03:48.280+0000][gc,metaspace  ] GC(174) Metaspace: 52547K(55216K)->52547K(55216K) NonClass: 46589K(48048K)->46589K(48048K) Class: 5957K(7168K)->5957K(7168K)
[2025-11-08T14:03:48.280+0000][gc            ] GC(174) Pause Young (Normal) (G1 Evacuation Pause) 261M->232M(667M) 12.331ms
[2025-11-08T14:03:48.280+0000][gc,cpu        ] GC(174) User=0.02s Sys=0.00s Real=0.01s
[2025-11-08T14:03:53.228+0000][gc,start      ] GC(175) Pause Young (Normal) (G1 Evacuation Pause)
[2025-11-08T14:03:53.228+0000][gc,task       ] GC(175) Using 2 workers of 2 for evacuation
[2025-11-08T14:03:53.235+0000][gc,phases     ] GC(175)   Pre Evacuate Collection Set: 0.0ms
[2025-11-08T14:03:53.235+0000][gc,phases     ] GC(175)   Evacuate Collection Set: 5.5ms
[2025-11-08T14:03:53.236+0000][gc,phases     ] GC(175)   Post Evacuate Collection Set: 0.8ms
[2025-11-08T14:03:53.236+0000][gc,phases     ] GC(175)   Other: 0.6ms
[2025-11-08T14:03:53.236+0000][gc,heap       ] GC(175) Eden regions: 30->0(33)
[2025-11-08T14:03:53.236+0000][gc,heap       ] GC(175) Survivor regions: 3->2(5)
[2025-11-08T14:03:53.236+0000][gc,heap       ] GC(175) Old regions: 92->92
[2025-11-08T14:03:53.236+0000][gc,heap       ] GC(175) Humongous regions: 138->138
[2025-11-08T14:03:53.237+0000][gc,metaspace  ] GC(175) Metaspace: 52547K(55216K)->52547K(55216K) NonClass: 46589K(48048K)->46589K(48048K) Class: 5957K(7168K)->5957K(7168K)
[2025-11-08T14:03:53.237+0000][gc            ] GC(175) Pause Young (Normal) (G1 Evacuation Pause) 262M->231M(667M) 8.983ms
[2025-11-08T14:03:53.237+0000][gc,cpu        ] GC(175) User=0.01s Sys=0.00s Real=0.01s
[2025-11-08T14:03:58.861+0000][gc,start      ] GC(176) Pause Young (Normal) (G1 Evacuation Pause)
[2025-11-08T14:03:58.862+0000][gc,task       ] GC(176) Using 2 workers of 2 for evacuation
[2025-11-08T14:03:58.870+0000][gc,phases     ] GC(176)   Pre Evacuate Collection Set: 0.0ms
[2025-11-08T14:03:58.870+0000][gc,phases     ] GC(176)   Evacuate Collection Set: 5.7ms
[2025-11-08T14:03:58.870+0000][gc,phases     ] GC(176)   Post Evacuate Collection Set: 1.0ms
[2025-11-08T14:03:58.871+0000][gc,phases     ] GC(176)   Other: 1.8ms
[2025-11-08T14:03:58.872+0000][gc,heap       ] GC(176) Eden regions: 33->0(39)
[2025-11-08T14:03:58.872+0000][gc,heap       ] GC(176) Survivor regions: 2->2(5)
[2025-11-08T14:03:58.873+0000][gc,heap       ] GC(176) Old regions: 92->92
[2025-11-08T14:03:58.873+0000][gc,heap       ] GC(176) Humongous regions: 138->138
[2025-11-08T14:03:58.874+0000][gc,metaspace  ] GC(176) Metaspace: 52547K(55216K)->52547K(55216K) NonClass: 46589K(48048K)->46589K(48048K) Class: 5957K(7168K)->5957K(7168K)
[2025-11-08T14:03:58.874+0000][gc            ] GC(176) Pause Young (Normal) (G1 Evacuation Pause) 264M->231M(667M) 12.566ms
[2025-11-08T14:03:58.874+0000][gc,cpu        ] GC(176) User=0.02s Sys=0.00s Real=0.01s
[2025-11-08T14:04:05.421+0000][gc,start      ] GC(177) Pause Young (Normal) (G1 Evacuation Pause)
[2025-11-08T14:04:05.423+0000][gc,task       ] GC(177) Using 2 workers of 2 for evacuation
[2025-11-08T14:04:05.430+0000][gc,phases     ] GC(177)   Pre Evacuate Collection Set: 0.0ms
[2025-11-08T14:04:05.430+0000][gc,phases     ] GC(177)   Evacuate Collection Set: 6.0ms
[2025-11-08T14:04:05.430+0000][gc,phases     ] GC(177)   Post Evacuate Collection Set: 0.8ms
[2025-11-08T14:04:05.431+0000][gc,phases     ] GC(177)   Other: 2.1ms
[2025-11-08T14:04:05.431+0000][gc,heap       ] GC(177) Eden regions: 39->0(43)
[2025-11-08T14:04:05.431+0000][gc,heap       ] GC(177) Survivor regions: 2->3(6)
[2025-11-08T14:04:05.431+0000][gc,heap       ] GC(177) Old regions: 92->92
[2025-11-08T14:04:05.432+0000][gc,heap       ] GC(177) Humongous regions: 138->138
[2025-11-08T14:04:05.432+0000][gc,metaspace  ] GC(177) Metaspace: 52547K(55216K)->52547K(55216K) NonClass: 46589K(48048K)->46589K(48048K) Class: 5957K(7168K)->5957K(7168K)
[2025-11-08T14:04:05.432+0000][gc            ] GC(177) Pause Young (Normal) (G1 Evacuation Pause) 270M->231M(667M) 10.806ms
[2025-11-08T14:04:05.432+0000][gc,cpu        ] GC(177) User=0.02s Sys=0.00s Real=0.01s
[2025-11-08T14:04:12.640+0000][gc,start      ] GC(178) Pause Young (Normal) (G1 Evacuation Pause)
[2025-11-08T14:04:12.640+0000][gc,task       ] GC(178) Using 2 workers of 2 for evacuation
[2025-11-08T14:04:12.647+0000][gc,phases     ] GC(178)   Pre Evacuate Collection Set: 0.0ms
[2025-11-08T14:04:12.647+0000][gc,phases     ] GC(178)   Evacuate Collection Set: 5.5ms
[2025-11-08T14:04:12.647+0000][gc,phases     ] GC(178)   Post Evacuate Collection Set: 1.0ms
[2025-11-08T14:04:12.648+0000][gc,phases     ] GC(178)   Other: 0.7ms
[2025-11-08T14:04:12.648+0000][gc,heap       ] GC(178) Eden regions: 43->0(49)
[2025-11-08T14:04:12.649+0000][gc,heap       ] GC(178) Survivor regions: 3->2(6)
[2025-11-08T14:04:12.649+0000][gc,heap       ] GC(178) Old regions: 92->92
[2025-11-08T14:04:12.650+0000][gc,heap       ] GC(178) Humongous regions: 138->138
[2025-11-08T14:04:12.650+0000][gc,metaspace  ] GC(178) Metaspace: 52548K(55216K)->52548K(55216K) NonClass: 46591K(48048K)->46591K(48048K) Class: 5957K(7168K)->5957K(7168K)
[2025-11-08T14:04:12.650+0000][gc            ] GC(178) Pause Young (Normal) (G1 Evacuation Pause) 274M->231M(667M) 10.909ms
[2025-11-08T14:04:12.651+0000][gc,cpu        ] GC(178) User=0.01s Sys=0.00s Real=0.01s
[2025-11-08T14:04:20.890+0000][gc,start      ] GC(179) Pause Young (Normal) (G1 Evacuation Pause)
[2025-11-08T14:04:20.890+0000][gc,task       ] GC(179) Using 2 workers of 2 for evacuation
[2025-11-08T14:04:20.900+0000][gc,phases     ] GC(179)   Pre Evacuate Collection Set: 0.0ms
[2025-11-08T14:04:20.900+0000][gc,phases     ] GC(179)   Evacuate Collection Set: 8.3ms
[2025-11-08T14:04:20.901+0000][gc,phases     ] GC(179)   Post Evacuate Collection Set: 0.9ms
[2025-11-08T14:04:20.901+0000][gc,phases     ] GC(179)   Other: 0.7ms
[2025-11-08T14:04:20.901+0000][gc,heap       ] GC(179) Eden regions: 49->0(50)
[2025-11-08T14:04:20.901+0000][gc,heap       ] GC(179) Survivor regions: 2->4(7)
[2025-11-08T14:04:20.902+0000][gc,heap       ] GC(179) Old regions: 92->92
[2025-11-08T14:04:20.902+0000][gc,heap       ] GC(179) Humongous regions: 138->138
[2025-11-08T14:04:20.902+0000][gc,metaspace  ] GC(179) Metaspace: 52548K(55216K)->52548K(55216K) NonClass: 46591K(48048K)->46591K(48048K) Class: 5957K(7168K)->5957K(7168K)
[2025-11-08T14:04:20.902+0000][gc            ] GC(179) Pause Young (Normal) (G1 Evacuation Pause) 280M->233M(667M) 12.510ms
[2025-11-08T14:04:20.903+0000][gc,cpu        ] GC(179) User=0.02s Sys=0.00s Real=0.01s
[2025-11-08T14:04:29.228+0000][gc,start      ] GC(180) Pause Young (Normal) (G1 Evacuation Pause)
[2025-11-08T14:04:29.228+0000][gc,task       ] GC(180) Using 2 workers of 2 for evacuation
[2025-11-08T14:04:29.238+0000][gc,phases     ] GC(180)   Pre Evacuate Collection Set: 0.0ms
[2025-11-08T14:04:29.238+0000][gc,phases     ] GC(180)   Evacuate Collection Set: 8.5ms
[2025-11-08T14:04:29.238+0000][gc,phases     ] GC(180)   Post Evacuate Collection Set: 1.0ms
[2025-11-08T14:04:29.239+0000][gc,phases     ] GC(180)   Other: 0.5ms
[2025-11-08T14:04:29.239+0000][gc,heap       ] GC(180) Eden regions: 50->0(54)
[2025-11-08T14:04:29.239+0000][gc,heap       ] GC(180) Survivor regions: 4->4(7)
[2025-11-08T14:04:29.239+0000][gc,heap       ] GC(180) Old regions: 92->93
[2025-11-08T14:04:29.239+0000][gc,heap       ] GC(180) Humongous regions: 138->138
[2025-11-08T14:04:29.240+0000][gc,metaspace  ] GC(180) Metaspace: 52548K(55216K)->52548K(55216K) NonClass: 46591K(48048K)->46591K(48048K) Class: 5957K(7168K)->5957K(7168K)
[2025-11-08T14:04:29.240+0000][gc            ] GC(180) Pause Young (Normal) (G1 Evacuation Pause) 283M->233M(667M) 12.250ms
[2025-11-08T14:04:29.240+0000][gc,cpu        ] GC(180) User=0.02s Sys=0.00s Real=0.01s
[2025-11-08T14:04:38.336+0000][gc,start      ] GC(181) Pause Young (Normal) (G1 Evacuation Pause)
[2025-11-08T14:04:38.336+0000][gc,task       ] GC(181) Using 2 workers of 2 for evacuation
[2025-11-08T14:04:38.346+0000][gc,phases     ] GC(181)   Pre Evacuate Collection Set: 0.1ms
[2025-11-08T14:04:38.346+0000][gc,phases     ] GC(181)   Evacuate Collection Set: 8.0ms
[2025-11-08T14:04:38.347+0000][gc,phases     ] GC(181)   Post Evacuate Collection Set: 0.9ms
[2025-11-08T14:04:38.348+0000][gc,phases     ] GC(181)   Other: 1.7ms
[2025-11-08T14:04:38.350+0000][gc,heap       ] GC(181) Eden regions: 54->0(59)
[2025-11-08T14:04:38.351+0000][gc,heap       ] GC(181) Survivor regions: 4->2(8)
[2025-11-08T14:04:38.351+0000][gc,heap       ] GC(181) Old regions: 93->93
[2025-11-08T14:04:38.351+0000][gc,heap       ] GC(181) Humongous regions: 138->138
[2025-11-08T14:04:38.351+0000][gc,metaspace  ] GC(181) Metaspace: 52549K(55216K)->52549K(55216K) NonClass: 46592K(48048K)->46592K(48048K) Class: 5957K(7168K)->5957K(7168K)
[2025-11-08T14:04:38.352+0000][gc            ] GC(181) Pause Young (Normal) (G1 Evacuation Pause) 287M->232M(667M) 16.034ms
[2025-11-08T14:04:38.352+0000][gc,cpu        ] GC(181) User=0.02s Sys=0.00s Real=0.02s
[2025-11-08T14:04:47.818+0000][gc,start      ] GC(182) Pause Young (Normal) (G1 Evacuation Pause)
[2025-11-08T14:04:47.818+0000][gc,task       ] GC(182) Using 2 workers of 2 for evacuation
[2025-11-08T14:04:47.827+0000][gc,phases     ] GC(182)   Pre Evacuate Collection Set: 0.0ms
[2025-11-08T14:04:47.827+0000][gc,phases     ] GC(182)   Evacuate Collection Set: 7.8ms
[2025-11-08T14:04:47.827+0000][gc,phases     ] GC(182)   Post Evacuate Collection Set: 0.7ms
[2025-11-08T14:04:47.827+0000][gc,phases     ] GC(182)   Other: 0.6ms
[2025-11-08T14:04:47.828+0000][gc,heap       ] GC(182) Eden regions: 57->0(60)
[2025-11-08T14:04:47.828+0000][gc,heap       ] GC(182) Survivor regions: 2->3(8)
[2025-11-08T14:04:47.828+0000][gc,heap       ] GC(182) Old regions: 93->93
[2025-11-08T14:04:47.828+0000][gc,heap       ] GC(182) Humongous regions: 138->138
[2025-11-08T14:04:47.829+0000][gc,metaspace  ] GC(182) Metaspace: 52549K(55216K)->52549K(55216K) NonClass: 46592K(48048K)->46592K(48048K) Class: 5957K(7168K)->5957K(7168K)
[2025-11-08T14:04:47.829+0000][gc            ] GC(182) Pause Young (Normal) (G1 Evacuation Pause) 289M->233M(667M) 11.125ms
[2025-11-08T14:04:47.829+0000][gc,cpu        ] GC(182) User=0.01s Sys=0.00s Real=0.01s
[2025-11-08T14:04:57.704+0000][gc,start      ] GC(183) Pause Young (Normal) (G1 Evacuation Pause)
[2025-11-08T14:04:57.704+0000][gc,task       ] GC(183) Using 2 workers of 2 for evacuation
[2025-11-08T14:04:57.712+0000][gc,phases     ] GC(183)   Pre Evacuate Collection Set: 0.0ms
[2025-11-08T14:04:57.712+0000][gc,phases     ] GC(183)   Evacuate Collection Set: 6.4ms
[2025-11-08T14:04:57.712+0000][gc,phases     ] GC(183)   Post Evacuate Collection Set: 0.9ms
[2025-11-08T14:04:57.712+0000][gc,phases     ] GC(183)   Other: 0.7ms
[2025-11-08T14:04:57.713+0000][gc,heap       ] GC(183) Eden regions: 60->0(64)
[2025-11-08T14:04:57.713+0000][gc,heap       ] GC(183) Survivor regions: 3->3(8)
[2025-11-08T14:04:57.713+0000][gc,heap       ] GC(183) Old regions: 93->93
[2025-11-08T14:04:57.713+0000][gc,heap       ] GC(183) Humongous regions: 138->138
[2025-11-08T14:04:57.713+0000][gc,metaspace  ] GC(183) Metaspace: 52549K(55216K)->52549K(55216K) NonClass: 46592K(48048K)->46592K(48048K) Class: 5957K(7168K)->5957K(7168K)
[2025-11-08T14:04:57.713+0000][gc            ] GC(183) Pause Young (Normal) (G1 Evacuation Pause) 293M->232M(667M) 9.523ms
[2025-11-08T14:04:57.713+0000][gc,cpu        ] GC(183) User=0.01s Sys=0.00s Real=0.01s
[2025-11-08T14:05:08.378+0000][gc,start      ] GC(184) Pause Young (Normal) (G1 Evacuation Pause)
[2025-11-08T14:05:08.378+0000][gc,task       ] GC(184) Using 2 workers of 2 for evacuation
[2025-11-08T14:05:08.389+0000][gc,phases     ] GC(184)   Pre Evacuate Collection Set: 0.0ms
[2025-11-08T14:05:08.389+0000][gc,phases     ] GC(184)   Evacuate Collection Set: 8.1ms
[2025-11-08T14:05:08.390+0000][gc,phases     ] GC(184)   Post Evacuate Collection Set: 0.7ms
[2025-11-08T14:05:08.390+0000][gc,phases     ] GC(184)   Other: 2.2ms
[2025-11-08T14:05:08.390+0000][gc,heap       ] GC(184) Eden regions: 64->0(68)
[2025-11-08T14:05:08.390+0000][gc,heap       ] GC(184) Survivor regions: 3->5(9)
[2025-11-08T14:05:08.390+0000][gc,heap       ] GC(184) Old regions: 93->93
[2025-11-08T14:05:08.390+0000][gc,heap       ] GC(184) Humongous regions: 138->138
[2025-11-08T14:05:08.390+0000][gc,metaspace  ] GC(184) Metaspace: 52549K(55216K)->52549K(55216K) NonClass: 46592K(48048K)->46592K(48048K) Class: 5957K(7168K)->5957K(7168K)
[2025-11-08T14:05:08.390+0000][gc            ] GC(184) Pause Young (Normal) (G1 Evacuation Pause) 296M->234M(667M) 12.249ms
[2025-11-08T14:05:08.391+0000][gc,cpu        ] GC(184) User=0.01s Sys=0.00s Real=0.01s
[2025-11-08T14:05:19.714+0000][gc,start      ] GC(185) Pause Young (Normal) (G1 Evacuation Pause)
[2025-11-08T14:05:19.715+0000][gc,task       ] GC(185) Using 2 workers of 2 for evacuation
[2025-11-08T14:05:19.726+0000][gc,phases     ] GC(185)   Pre Evacuate Collection Set: 0.0ms
[2025-11-08T14:05:19.726+0000][gc,phases     ] GC(185)   Evacuate Collection Set: 9.0ms
[2025-11-08T14:05:19.726+0000][gc,phases     ] GC(185)   Post Evacuate Collection Set: 1.1ms
[2025-11-08T14:05:19.726+0000][gc,phases     ] GC(185)   Other: 1.3ms
[2025-11-08T14:05:19.727+0000][gc,heap       ] GC(185) Eden regions: 67->0(72)
[2025-11-08T14:05:19.727+0000][gc,heap       ] GC(185) Survivor regions: 5->5(9)
[2025-11-08T14:05:19.727+0000][gc,heap       ] GC(185) Old regions: 93->93
[2025-11-08T14:05:19.727+0000][gc,heap       ] GC(185) Humongous regions: 138->138
[2025-11-08T14:05:19.727+0000][gc,metaspace  ] GC(185) Metaspace: 52550K(55216K)->52550K(55216K) NonClass: 46592K(48048K)->46592K(48048K) Class: 5957K(7168K)->5957K(7168K)
[2025-11-08T14:05:19.727+0000][gc            ] GC(185) Pause Young (Normal) (G1 Evacuation Pause) 301M->234M(667M) 12.832ms
[2025-11-08T14:05:19.728+0000][gc,cpu        ] GC(185) User=0.02s Sys=0.00s Real=0.02s
[2025-11-08T14:05:31.187+0000][gc,start      ] GC(186) Pause Young (Normal) (G1 Evacuation Pause)
[2025-11-08T14:05:31.187+0000][gc,task       ] GC(186) Using 2 workers of 2 for evacuation
[2025-11-08T14:05:31.216+0000][gc,mmu        ] GC(186) MMU target violated: 21.0ms (20.0ms/21.0ms)
[2025-11-08T14:05:31.217+0000][gc,phases     ] GC(186)   Pre Evacuate Collection Set: 0.0ms
[2025-11-08T14:05:31.218+0000][gc,phases     ] GC(186)   Evacuate Collection Set: 26.7ms
[2025-11-08T14:05:31.218+0000][gc,phases     ] GC(186)   Post Evacuate Collection Set: 1.7ms
[2025-11-08T14:05:31.218+0000][gc,phases     ] GC(186)   Other: 2.3ms
[2025-11-08T14:05:31.218+0000][gc,heap       ] GC(186) Eden regions: 69->0(61)
[2025-11-08T14:05:31.219+0000][gc,heap       ] GC(186) Survivor regions: 5->5(10)
[2025-11-08T14:05:31.221+0000][gc,heap       ] GC(186) Old regions: 93->93
[2025-11-08T14:05:31.222+0000][gc,heap       ] GC(186) Humongous regions: 138->138
[2025-11-08T14:05:31.222+0000][gc,metaspace  ] GC(186) Metaspace: 52550K(55216K)->52550K(55216K) NonClass: 46592K(48048K)->46592K(48048K) Class: 5957K(7168K)->5957K(7168K)
[2025-11-08T14:05:31.222+0000][gc            ] GC(186) Pause Young (Normal) (G1 Evacuation Pause) 303M->235M(667M) 35.247ms
[2025-11-08T14:05:31.223+0000][gc,cpu        ] GC(186) User=0.06s Sys=0.00s Real=0.04s
[2025-11-08T14:05:40.634+0000][gc,start      ] GC(187) Pause Young (Normal) (G1 Evacuation Pause)
[2025-11-08T14:05:40.635+0000][gc,task       ] GC(187) Using 2 workers of 2 for evacuation
[2025-11-08T14:05:40.644+0000][gc,phases     ] GC(187)   Pre Evacuate Collection Set: 0.0ms
[2025-11-08T14:05:40.644+0000][gc,phases     ] GC(187)   Evacuate Collection Set: 8.1ms
[2025-11-08T14:05:40.644+0000][gc,phases     ] GC(187)   Post Evacuate Collection Set: 0.8ms
[2025-11-08T14:05:40.645+0000][gc,phases     ] GC(187)   Other: 0.6ms
[2025-11-08T14:05:40.645+0000][gc,heap       ] GC(187) Eden regions: 58->0(64)
[2025-11-08T14:05:40.645+0000][gc,heap       ] GC(187) Survivor regions: 5->4(8)
[2025-11-08T14:05:40.645+0000][gc,heap       ] GC(187) Old regions: 93->93
[2025-11-08T14:05:40.645+0000][gc,heap       ] GC(187) Humongous regions: 138->138
[2025-11-08T14:05:40.645+0000][gc,metaspace  ] GC(187) Metaspace: 52550K(55216K)->52550K(55216K) NonClass: 46592K(48048K)->46592K(48048K) Class: 5957K(7168K)->5957K(7168K)
[2025-11-08T14:05:40.645+0000][gc            ] GC(187) Pause Young (Normal) (G1 Evacuation Pause) 293M->234M(667M) 11.004ms
[2025-11-08T14:05:40.646+0000][gc,cpu        ] GC(187) User=0.02s Sys=0.00s Real=0.01s
[2025-11-08T14:05:50.827+0000][gc,start      ] GC(188) Pause Young (Normal) (G1 Evacuation Pause)
[2025-11-08T14:05:50.827+0000][gc,task       ] GC(188) Using 2 workers of 2 for evacuation
[2025-11-08T14:05:50.838+0000][gc,phases     ] GC(188)   Pre Evacuate Collection Set: 0.0ms
[2025-11-08T14:05:50.838+0000][gc,phases     ] GC(188)   Evacuate Collection Set: 8.6ms
[2025-11-08T14:05:50.838+0000][gc,phases     ] GC(188)   Post Evacuate Collection Set: 1.6ms
[2025-11-08T14:05:50.838+0000][gc,phases     ] GC(188)   Other: 0.5ms
[2025-11-08T14:05:50.839+0000][gc,heap       ] GC(188) Eden regions: 62->0(68)
[2025-11-08T14:05:50.839+0000][gc,heap       ] GC(188) Survivor regions: 4->5(9)
[2025-11-08T14:05:50.839+0000][gc,heap       ] GC(188) Old regions: 93->93
[2025-11-08T14:05:50.840+0000][gc,heap       ] GC(188) Humongous regions: 138->138
[2025-11-08T14:05:50.840+0000][gc,metaspace  ] GC(188) Metaspace: 52550K(55216K)->52550K(55216K) NonClass: 46592K(48048K)->46592K(48048K) Class: 5957K(7168K)->5957K(7168K)
[2025-11-08T14:05:50.840+0000][gc            ] GC(188) Pause Young (Normal) (G1 Evacuation Pause) 296M->235M(667M) 12.575ms
[2025-11-08T14:05:50.840+0000][gc,cpu        ] GC(188) User=0.02s Sys=0.00s Real=0.01s
[2025-11-08T14:06:01.562+0000][gc,start      ] GC(189) Pause Young (Normal) (G1 Evacuation Pause)
[2025-11-08T14:06:01.562+0000][gc,task       ] GC(189) Using 2 workers of 2 for evacuation
[2025-11-08T14:06:01.577+0000][gc,phases     ] GC(189)   Pre Evacuate Collection Set: 0.0ms
[2025-11-08T14:06:01.578+0000][gc,phases     ] GC(189)   Evacuate Collection Set: 13.0ms
[2025-11-08T14:06:01.578+0000][gc,phases     ] GC(189)   Post Evacuate Collection Set: 1.5ms
[2025-11-08T14:06:01.579+0000][gc,phases     ] GC(189)   Other: 1.2ms
[2025-11-08T14:06:01.579+0000][gc,heap       ] GC(189) Eden regions: 65->0(69)
[2025-11-08T14:06:01.580+0000][gc,heap       ] GC(189) Survivor regions: 5->5(9)
[2025-11-08T14:06:01.580+0000][gc,heap       ] GC(189) Old regions: 93->93
[2025-11-08T14:06:01.580+0000][gc,heap       ] GC(189) Humongous regions: 138->138
[2025-11-08T14:06:01.580+0000][gc,metaspace  ] GC(189) Metaspace: 52550K(55216K)->52550K(55216K) NonClass: 46592K(48048K)->46592K(48048K) Class: 5957K(7168K)->5957K(7168K)
[2025-11-08T14:06:01.581+0000][gc            ] GC(189) Pause Young (Normal) (G1 Evacuation Pause) 300M->235M(667M) 18.729ms
[2025-11-08T14:06:01.581+0000][gc,cpu        ] GC(189) User=0.03s Sys=0.00s Real=0.02s
[2025-11-08T14:06:12.492+0000][gc,start      ] GC(190) Pause Young (Normal) (G1 Evacuation Pause)
[2025-11-08T14:06:12.493+0000][gc,task       ] GC(190) Using 2 workers of 2 for evacuation
[2025-11-08T14:06:12.504+0000][gc,phases     ] GC(190)   Pre Evacuate Collection Set: 0.0ms
[2025-11-08T14:06:12.504+0000][gc,phases     ] GC(190)   Evacuate Collection Set: 9.0ms
[2025-11-08T14:06:12.505+0000][gc,phases     ] GC(190)   Post Evacuate Collection Set: 0.8ms
[2025-11-08T14:06:12.505+0000][gc,phases     ] GC(190)   Other: 1.6ms
[2025-11-08T14:06:12.505+0000][gc,heap       ] GC(190) Eden regions: 66->0(74)
[2025-11-08T14:06:12.505+0000][gc,heap       ] GC(190) Survivor regions: 5->5(9)
[2025-11-08T14:06:12.505+0000][gc,heap       ] GC(190) Old regions: 93->93
[2025-11-08T14:06:12.506+0000][gc,heap       ] GC(190) Humongous regions: 138->138
[2025-11-08T14:06:12.507+0000][gc,metaspace  ] GC(190) Metaspace: 52553K(55216K)->52553K(55216K) NonClass: 46596K(48048K)->46596K(48048K) Class: 5957K(7168K)->5957K(7168K)
[2025-11-08T14:06:12.507+0000][gc            ] GC(190) Pause Young (Normal) (G1 Evacuation Pause) 301M->235M(667M) 14.539ms
[2025-11-08T14:06:12.507+0000][gc,cpu        ] GC(190) User=0.02s Sys=0.00s Real=0.01s
[2025-11-08T14:06:24.242+0000][gc,start      ] GC(191) Pause Young (Normal) (G1 Evacuation Pause)
[2025-11-08T14:06:24.242+0000][gc,task       ] GC(191) Using 2 workers of 2 for evacuation
[2025-11-08T14:06:24.256+0000][gc,phases     ] GC(191)   Pre Evacuate Collection Set: 0.0ms
[2025-11-08T14:06:24.256+0000][gc,phases     ] GC(191)   Evacuate Collection Set: 11.7ms
[2025-11-08T14:06:24.256+0000][gc,phases     ] GC(191)   Post Evacuate Collection Set: 0.9ms
[2025-11-08T14:06:24.256+0000][gc,phases     ] GC(191)   Other: 1.0ms
[2025-11-08T14:06:24.257+0000][gc,heap       ] GC(191) Eden regions: 70->0(78)
[2025-11-08T14:06:24.257+0000][gc,heap       ] GC(191) Survivor regions: 5->6(10)
[2025-11-08T14:06:24.257+0000][gc,heap       ] GC(191) Old regions: 93->93
[2025-11-08T14:06:24.257+0000][gc,heap       ] GC(191) Humongous regions: 138->138
[2025-11-08T14:06:24.257+0000][gc,metaspace  ] GC(191) Metaspace: 52553K(55216K)->52553K(55216K) NonClass: 46596K(48048K)->46596K(48048K) Class: 5957K(7168K)->5957K(7168K)
[2025-11-08T14:06:24.258+0000][gc            ] GC(191) Pause Young (Normal) (G1 Evacuation Pause) 305M->236M(667M) 15.807ms
[2025-11-08T14:06:24.258+0000][gc,cpu        ] GC(191) User=0.02s Sys=0.00s Real=0.02s
[2025-11-08T14:06:36.710+0000][gc,start      ] GC(192) Pause Young (Normal) (G1 Evacuation Pause)
[2025-11-08T14:06:36.711+0000][gc,task       ] GC(192) Using 2 workers of 2 for evacuation
[2025-11-08T14:06:36.721+0000][gc,phases     ] GC(192)   Pre Evacuate Collection Set: 0.0ms
[2025-11-08T14:06:36.722+0000][gc,phases     ] GC(192)   Evacuate Collection Set: 9.6ms
[2025-11-08T14:06:36.726+0000][gc,phases     ] GC(192)   Post Evacuate Collection Set: 1.0ms
[2025-11-08T14:06:36.726+0000][gc,phases     ] GC(192)   Other: 0.5ms
[2025-11-08T14:06:36.726+0000][gc,heap       ] GC(192) Eden regions: 75->0(83)
[2025-11-08T14:06:36.726+0000][gc,heap       ] GC(192) Survivor regions: 6->5(11)
[2025-11-08T14:06:36.727+0000][gc,heap       ] GC(192) Old regions: 93->93
[2025-11-08T14:06:36.727+0000][gc,heap       ] GC(192) Humongous regions: 138->138
[2025-11-08T14:06:36.727+0000][gc,metaspace  ] GC(192) Metaspace: 52553K(55216K)->52553K(55216K) NonClass: 46596K(48048K)->46596K(48048K) Class: 5957K(7168K)->5957K(7168K)
[2025-11-08T14:06:36.727+0000][gc            ] GC(192) Pause Young (Normal) (G1 Evacuation Pause) 311M->235M(667M) 16.551ms
[2025-11-08T14:06:36.727+0000][gc,cpu        ] GC(192) User=0.03s Sys=0.00s Real=0.01s
[2025-11-08T14:06:50.613+0000][gc,start      ] GC(193) Pause Young (Normal) (G1 Evacuation Pause)
[2025-11-08T14:06:50.614+0000][gc,task       ] GC(193) Using 2 workers of 2 for evacuation
[2025-11-08T14:06:50.626+0000][gc,phases     ] GC(193)   Pre Evacuate Collection Set: 0.0ms
[2025-11-08T14:06:50.626+0000][gc,phases     ] GC(193)   Evacuate Collection Set: 11.0ms
[2025-11-08T14:06:50.627+0000][gc,phases     ] GC(193)   Post Evacuate Collection Set: 0.9ms
[2025-11-08T14:06:50.627+0000][gc,phases     ] GC(193)   Other: 0.8ms
[2025-11-08T14:06:50.627+0000][gc,heap       ] GC(193) Eden regions: 83->0(89)
[2025-11-08T14:06:50.627+0000][gc,heap       ] GC(193) Survivor regions: 5->5(11)
[2025-11-08T14:06:50.627+0000][gc,heap       ] GC(193) Old regions: 93->93
[2025-11-08T14:06:50.628+0000][gc,heap       ] GC(193) Humongous regions: 138->138
[2025-11-08T14:06:50.628+0000][gc,metaspace  ] GC(193) Metaspace: 52554K(55216K)->52554K(55216K) NonClass: 46597K(48048K)->46597K(48048K) Class: 5957K(7168K)->5957K(7168K)
[2025-11-08T14:06:50.628+0000][gc            ] GC(193) Pause Young (Normal) (G1 Evacuation Pause) 318M->235M(667M) 14.819ms
[2025-11-08T14:06:50.628+0000][gc,cpu        ] GC(193) User=0.03s Sys=0.00s Real=0.02s
[2025-11-08T14:07:05.077+0000][gc,start      ] GC(194) Pause Young (Normal) (G1 Evacuation Pause)
[2025-11-08T14:07:05.078+0000][gc,task       ] GC(194) Using 2 workers of 2 for evacuation
[2025-11-08T14:07:05.097+0000][gc,phases     ] GC(194)   Pre Evacuate Collection Set: 0.0ms
[2025-11-08T14:07:05.097+0000][gc,phases     ] GC(194)   Evacuate Collection Set: 16.6ms
[2025-11-08T14:07:05.097+0000][gc,phases     ] GC(194)   Post Evacuate Collection Set: 1.3ms
[2025-11-08T14:07:05.098+0000][gc,phases     ] GC(194)   Other: 1.7ms
[2025-11-08T14:07:05.098+0000][gc,heap       ] GC(194) Eden regions: 83->0(86)
[2025-11-08T14:07:05.098+0000][gc,heap       ] GC(194) Survivor regions: 5->7(11)
[2025-11-08T14:07:05.099+0000][gc,heap       ] GC(194) Old regions: 93->94
[2025-11-08T14:07:05.099+0000][gc,heap       ] GC(194) Humongous regions: 138->138
[2025-11-08T14:07:05.099+0000][gc,metaspace  ] GC(194) Metaspace: 52556K(55216K)->52556K(55216K) NonClass: 46598K(48048K)->46598K(48048K) Class: 5957K(7168K)->5957K(7168K)
[2025-11-08T14:07:05.100+0000][gc            ] GC(194) Pause Young (Normal) (G1 Evacuation Pause) 318M->238M(667M) 22.559ms
[2025-11-08T14:07:05.100+0000][gc,cpu        ] GC(194) User=0.03s Sys=0.00s Real=0.03s
[2025-11-08T14:07:18.516+0000][gc,start      ] GC(195) Pause Young (Normal) (G1 Evacuation Pause)
[2025-11-08T14:07:18.517+0000][gc,task       ] GC(195) Using 2 workers of 2 for evacuation
[2025-11-08T14:07:18.533+0000][gc,phases     ] GC(195)   Pre Evacuate Collection Set: 0.0ms
[2025-11-08T14:07:18.533+0000][gc,phases     ] GC(195)   Evacuate Collection Set: 14.5ms
[2025-11-08T14:07:18.534+0000][gc,phases     ] GC(195)   Post Evacuate Collection Set: 0.9ms
[2025-11-08T14:07:18.534+0000][gc,phases     ] GC(195)   Other: 1.4ms
[2025-11-08T14:07:18.534+0000][gc,heap       ] GC(195) Eden regions: 77->0(86)
[2025-11-08T14:07:18.534+0000][gc,heap       ] GC(195) Survivor regions: 7->6(11)
[2025-11-08T14:07:18.535+0000][gc,heap       ] GC(195) Old regions: 94->94
[2025-11-08T14:07:18.535+0000][gc,heap       ] GC(195) Humongous regions: 138->138
[2025-11-08T14:07:18.535+0000][gc,metaspace  ] GC(195) Metaspace: 52557K(55216K)->52557K(55216K) NonClass: 46599K(48048K)->46599K(48048K) Class: 5957K(7168K)->5957K(7168K)
[2025-11-08T14:07:18.536+0000][gc            ] GC(195) Pause Young (Normal) (G1 Evacuation Pause) 315M->237M(667M) 19.360ms
[2025-11-08T14:07:18.536+0000][gc,cpu        ] GC(195) User=0.03s Sys=0.00s Real=0.02s
[2025-11-08T14:07:31.237+0000][gc,start      ] GC(196) Pause Young (Normal) (G1 Evacuation Pause)
[2025-11-08T14:07:31.237+0000][gc,task       ] GC(196) Using 2 workers of 2 for evacuation
[2025-11-08T14:07:31.311+0000][gc,mmu        ] GC(196) MMU target violated: 21.0ms (20.0ms/21.0ms)
[2025-11-08T14:07:31.313+0000][gc,phases     ] GC(196)   Pre Evacuate Collection Set: 0.1ms
[2025-11-08T14:07:31.314+0000][gc,phases     ] GC(196)   Evacuate Collection Set: 60.2ms
[2025-11-08T14:07:31.316+0000][gc,phases     ] GC(196)   Post Evacuate Collection Set: 13.0ms
[2025-11-08T14:07:31.317+0000][gc,phases     ] GC(196)   Other: 2.8ms
[2025-11-08T14:07:31.317+0000][gc,heap       ] GC(196) Eden regions: 76->0(26)
[2025-11-08T14:07:31.317+0000][gc,heap       ] GC(196) Survivor regions: 6->7(11)
[2025-11-08T14:07:31.318+0000][gc,heap       ] GC(196) Old regions: 94->94
[2025-11-08T14:07:31.318+0000][gc,heap       ] GC(196) Humongous regions: 138->138
[2025-11-08T14:07:31.319+0000][gc,metaspace  ] GC(196) Metaspace: 52557K(55216K)->52557K(55216K) NonClass: 46599K(48048K)->46599K(48048K) Class: 5957K(7168K)->5957K(7168K)
[2025-11-08T14:07:31.319+0000][gc            ] GC(196) Pause Young (Normal) (G1 Evacuation Pause) 313M->238M(667M) 82.437ms
[2025-11-08T14:07:31.320+0000][gc,cpu        ] GC(196) User=0.11s Sys=0.01s Real=0.09s
[2025-11-08T14:07:35.610+0000][gc,start      ] GC(197) Pause Young (Normal) (G1 Evacuation Pause)
[2025-11-08T14:07:35.611+0000][gc,task       ] GC(197) Using 2 workers of 2 for evacuation
[2025-11-08T14:07:35.625+0000][gc,phases     ] GC(197)   Pre Evacuate Collection Set: 0.0ms
[2025-11-08T14:07:35.626+0000][gc,phases     ] GC(197)   Evacuate Collection Set: 13.0ms
[2025-11-08T14:07:35.626+0000][gc,phases     ] GC(197)   Post Evacuate Collection Set: 1.0ms
[2025-11-08T14:07:35.626+0000][gc,phases     ] GC(197)   Other: 0.7ms
[2025-11-08T14:07:35.627+0000][gc,heap       ] GC(197) Eden regions: 26->0(31)
[2025-11-08T14:07:35.627+0000][gc,heap       ] GC(197) Survivor regions: 7->2(5)
[2025-11-08T14:07:35.627+0000][gc,heap       ] GC(197) Old regions: 94->98
[2025-11-08T14:07:35.627+0000][gc,heap       ] GC(197) Humongous regions: 138->138
[2025-11-08T14:07:35.627+0000][gc,metaspace  ] GC(197) Metaspace: 52564K(55216K)->52564K(55216K) NonClass: 46607K(48048K)->46607K(48048K) Class: 5957K(7168K)->5957K(7168K)
[2025-11-08T14:07:35.628+0000][gc            ] GC(197) Pause Young (Normal) (G1 Evacuation Pause) 264M->237M(667M) 17.220ms
[2025-11-08T14:07:35.628+0000][gc,cpu        ] GC(197) User=0.03s Sys=0.00s Real=0.02s
[2025-11-08T14:07:40.781+0000][gc,start      ] GC(198) Pause Young (Concurrent Start) (G1 Evacuation Pause)
[2025-11-08T14:07:40.781+0000][gc,task       ] GC(198) Using 2 workers of 2 for evacuation
[2025-11-08T14:07:40.790+0000][gc,phases     ] GC(198)   Pre Evacuate Collection Set: 0.2ms
[2025-11-08T14:07:40.790+0000][gc,phases     ] GC(198)   Evacuate Collection Set: 6.1ms
[2025-11-08T14:07:40.790+0000][gc,phases     ] GC(198)   Post Evacuate Collection Set: 1.8ms
[2025-11-08T14:07:40.790+0000][gc,phases     ] GC(198)   Other: 0.7ms
[2025-11-08T14:07:40.791+0000][gc,heap       ] GC(198) Eden regions: 31->0(31)
[2025-11-08T14:07:40.791+0000][gc,heap       ] GC(198) Survivor regions: 2->2(5)
[2025-11-08T14:07:40.791+0000][gc,heap       ] GC(198) Old regions: 98->98
[2025-11-08T14:07:40.791+0000][gc,heap       ] GC(198) Humongous regions: 138->138
[2025-11-08T14:07:40.791+0000][gc,metaspace  ] GC(198) Metaspace: 52566K(55216K)->52566K(55216K) NonClass: 46609K(48048K)->46609K(48048K) Class: 5957K(7168K)->5957K(7168K)
[2025-11-08T14:07:40.792+0000][gc            ] GC(198) Pause Young (Concurrent Start) (G1 Evacuation Pause) 268M->237M(667M) 10.631ms
[2025-11-08T14:07:40.792+0000][gc,cpu        ] GC(198) User=0.01s Sys=0.00s Real=0.01s
[2025-11-08T14:07:40.792+0000][gc            ] GC(199) Concurrent Cycle
[2025-11-08T14:07:40.792+0000][gc,marking    ] GC(199) Concurrent Clear Claimed Marks
[2025-11-08T14:07:40.793+0000][gc,marking    ] GC(199) Concurrent Clear Claimed Marks 0.392ms
[2025-11-08T14:07:40.793+0000][gc,marking    ] GC(199) Concurrent Scan Root Regions
[2025-11-08T14:07:40.795+0000][gc,marking    ] GC(199) Concurrent Scan Root Regions 2.385ms
[2025-11-08T14:07:40.796+0000][gc,marking    ] GC(199) Concurrent Mark (3046.486s)
[2025-11-08T14:07:40.796+0000][gc,marking    ] GC(199) Concurrent Mark From Roots
[2025-11-08T14:07:40.796+0000][gc,task       ] GC(199) Using 1 workers of 1 for marking
[2025-11-08T14:07:40.832+0000][gc,marking    ] GC(199) Concurrent Mark From Roots 36.375ms
[2025-11-08T14:07:40.832+0000][gc,marking    ] GC(199) Concurrent Preclean
[2025-11-08T14:07:40.833+0000][gc,marking    ] GC(199) Concurrent Preclean 0.432ms
[2025-11-08T14:07:40.833+0000][gc,marking    ] GC(199) Concurrent Mark (3046.486s, 3046.524s) 37.493ms
[2025-11-08T14:07:40.835+0000][gc,start      ] GC(199) Pause Remark
[2025-11-08T14:07:40.854+0000][gc,stringtable] GC(199) Cleaned string and symbol table, strings: 16804 processed, 282 removed, symbols: 123536 processed, 2 removed
[2025-11-08T14:07:40.855+0000][gc,mmu        ] GC(199) MMU target violated: 20.0ms (20.0ms/21.0ms)
[2025-11-08T14:07:40.855+0000][gc            ] GC(199) Pause Remark 237M->237M(667M) 20.532ms
[2025-11-08T14:07:40.856+0000][gc,cpu        ] GC(199) User=0.04s Sys=0.00s Real=0.02s
[2025-11-08T14:07:40.856+0000][gc,marking    ] GC(199) Concurrent Rebuild Remembered Sets
[2025-11-08T14:07:40.881+0000][gc,marking    ] GC(199) Concurrent Rebuild Remembered Sets 25.255ms
[2025-11-08T14:07:40.882+0000][gc,start      ] GC(199) Pause Cleanup
[2025-11-08T14:07:40.883+0000][gc            ] GC(199) Pause Cleanup 237M->237M(667M) 0.560ms
[2025-11-08T14:07:40.883+0000][gc,cpu        ] GC(199) User=0.00s Sys=0.00s Real=0.00s
[2025-11-08T14:07:40.883+0000][gc,marking    ] GC(199) Concurrent Cleanup for Next Mark
[2025-11-08T14:07:40.884+0000][gc,marking    ] GC(199) Concurrent Cleanup for Next Mark 0.980ms
[2025-11-08T14:07:40.885+0000][gc            ] GC(199) Concurrent Cycle 92.697ms
[2025-11-08T14:07:45.866+0000][gc,start      ] GC(200) Pause Young (Prepare Mixed) (G1 Evacuation Pause)
[2025-11-08T14:07:45.866+0000][gc,task       ] GC(200) Using 2 workers of 2 for evacuation
[2025-11-08T14:07:45.873+0000][gc,phases     ] GC(200)   Pre Evacuate Collection Set: 0.0ms
[2025-11-08T14:07:45.873+0000][gc,phases     ] GC(200)   Evacuate Collection Set: 5.4ms
[2025-11-08T14:07:45.873+0000][gc,phases     ] GC(200)   Post Evacuate Collection Set: 0.8ms
[2025-11-08T14:07:45.874+0000][gc,phases     ] GC(200)   Other: 0.7ms
[2025-11-08T14:07:45.874+0000][gc,heap       ] GC(200) Eden regions: 31->0(32)
[2025-11-08T14:07:45.874+0000][gc,heap       ] GC(200) Survivor regions: 2->1(5)
[2025-11-08T14:07:45.874+0000][gc,heap       ] GC(200) Old regions: 98->98
[2025-11-08T14:07:45.875+0000][gc,heap       ] GC(200) Humongous regions: 138->138
[2025-11-08T14:07:45.875+0000][gc,metaspace  ] GC(200) Metaspace: 52012K(55216K)->52012K(55216K) NonClass: 46259K(48048K)->46259K(48048K) Class: 5753K(7168K)->5753K(7168K)
[2025-11-08T14:07:45.875+0000][gc            ] GC(200) Pause Young (Prepare Mixed) (G1 Evacuation Pause) 268M->236M(667M) 9.064ms
[2025-11-08T14:07:45.875+0000][gc,cpu        ] GC(200) User=0.01s Sys=0.00s Real=0.01s
[2025-11-08T14:07:51.036+0000][gc,start      ] GC(201) Pause Young (Mixed) (G1 Evacuation Pause)
[2025-11-08T14:07:51.036+0000][gc,task       ] GC(201) Using 2 workers of 2 for evacuation
[2025-11-08T14:07:51.045+0000][gc,phases     ] GC(201)   Pre Evacuate Collection Set: 0.0ms
[2025-11-08T14:07:51.045+0000][gc,phases     ] GC(201)   Evacuate Collection Set: 7.2ms
[2025-11-08T14:07:51.045+0000][gc,phases     ] GC(201)   Post Evacuate Collection Set: 1.0ms
[2025-11-08T14:07:51.045+0000][gc,phases     ] GC(201)   Other: 0.5ms
[2025-11-08T14:07:51.046+0000][gc,heap       ] GC(201) Eden regions: 32->0(30)
[2025-11-08T14:07:51.046+0000][gc,heap       ] GC(201) Survivor regions: 1->3(5)
[2025-11-08T14:07:51.046+0000][gc,heap       ] GC(201) Old regions: 98->87
[2025-11-08T14:07:51.046+0000][gc,heap       ] GC(201) Humongous regions: 138->138
[2025-11-08T14:07:51.047+0000][gc,metaspace  ] GC(201) Metaspace: 52012K(55216K)->52012K(55216K) NonClass: 46259K(48048K)->46259K(48048K) Class: 5753K(7168K)->5753K(7168K)
[2025-11-08T14:07:51.047+0000][gc            ] GC(201) Pause Young (Mixed) (G1 Evacuation Pause) 268M->227M(667M) 10.764ms
[2025-11-08T14:07:51.047+0000][gc,cpu        ] GC(201) User=0.02s Sys=0.00s Real=0.02s
[2025-11-08T14:07:55.993+0000][gc,start      ] GC(202) Pause Young (Mixed) (G1 Evacuation Pause)
[2025-11-08T14:07:55.993+0000][gc,task       ] GC(202) Using 2 workers of 2 for evacuation
[2025-11-08T14:07:56.000+0000][gc,phases     ] GC(202)   Pre Evacuate Collection Set: 0.0ms
[2025-11-08T14:07:56.000+0000][gc,phases     ] GC(202)   Evacuate Collection Set: 5.7ms
[2025-11-08T14:07:56.001+0000][gc,phases     ] GC(202)   Post Evacuate Collection Set: 0.7ms
[2025-11-08T14:07:56.001+0000][gc,phases     ] GC(202)   Other: 0.5ms
[2025-11-08T14:07:56.001+0000][gc,heap       ] GC(202) Eden regions: 30->0(30)
[2025-11-08T14:07:56.001+0000][gc,heap       ] GC(202) Survivor regions: 3->3(5)
[2025-11-08T14:07:56.001+0000][gc,heap       ] GC(202) Old regions: 87->77
[2025-11-08T14:07:56.001+0000][gc,heap       ] GC(202) Humongous regions: 138->138
[2025-11-08T14:07:56.002+0000][gc,metaspace  ] GC(202) Metaspace: 52012K(55216K)->52012K(55216K) NonClass: 46259K(48048K)->46259K(48048K) Class: 5753K(7168K)->5753K(7168K)
[2025-11-08T14:07:56.002+0000][gc            ] GC(202) Pause Young (Mixed) (G1 Evacuation Pause) 257M->216M(667M) 8.434ms
[2025-11-08T14:07:56.002+0000][gc,cpu        ] GC(202) User=0.01s Sys=0.00s Real=0.01s
[2025-11-08T14:08:00.902+0000][gc,start      ] GC(203) Pause Young (Mixed) (G1 Evacuation Pause)
[2025-11-08T14:08:00.903+0000][gc,task       ] GC(203) Using 2 workers of 2 for evacuation
[2025-11-08T14:08:00.917+0000][gc,phases     ] GC(203)   Pre Evacuate Collection Set: 0.1ms
[2025-11-08T14:08:00.920+0000][gc,phases     ] GC(203)   Evacuate Collection Set: 10.6ms
[2025-11-08T14:08:00.921+0000][gc,phases     ] GC(203)   Post Evacuate Collection Set: 1.7ms
[2025-11-08T14:08:00.921+0000][gc,phases     ] GC(203)   Other: 2.4ms
[2025-11-08T14:08:00.922+0000][gc,heap       ] GC(203) Eden regions: 30->0(31)
[2025-11-08T14:08:00.925+0000][gc,heap       ] GC(203) Survivor regions: 3->2(5)
[2025-11-08T14:08:00.925+0000][gc,heap       ] GC(203) Old regions: 77->66
[2025-11-08T14:08:00.926+0000][gc,heap       ] GC(203) Humongous regions: 138->138
[2025-11-08T14:08:00.927+0000][gc,metaspace  ] GC(203) Metaspace: 52012K(55216K)->52012K(55216K) NonClass: 46259K(48048K)->46259K(48048K) Class: 5753K(7168K)->5753K(7168K)
[2025-11-08T14:08:00.927+0000][gc            ] GC(203) Pause Young (Mixed) (G1 Evacuation Pause) 246M->205M(667M) 24.668ms
[2025-11-08T14:08:00.928+0000][gc,cpu        ] GC(203) User=0.02s Sys=0.00s Real=0.03s
[2025-11-08T14:08:06.072+0000][gc,start      ] GC(204) Pause Young (Mixed) (G1 Evacuation Pause)
[2025-11-08T14:08:06.072+0000][gc,task       ] GC(204) Using 2 workers of 2 for evacuation
[2025-11-08T14:08:06.080+0000][gc,phases     ] GC(204)   Pre Evacuate Collection Set: 0.1ms
[2025-11-08T14:08:06.080+0000][gc,phases     ] GC(204)   Evacuate Collection Set: 6.2ms
[2025-11-08T14:08:06.080+0000][gc,phases     ] GC(204)   Post Evacuate Collection Set: 1.0ms
[2025-11-08T14:08:06.081+0000][gc,phases     ] GC(204)   Other: 0.9ms
[2025-11-08T14:08:06.081+0000][gc,heap       ] GC(204) Eden regions: 31->0(31)
[2025-11-08T14:08:06.081+0000][gc,heap       ] GC(204) Survivor regions: 2->2(5)
[2025-11-08T14:08:06.081+0000][gc,heap       ] GC(204) Old regions: 66->55
[2025-11-08T14:08:06.081+0000][gc,heap       ] GC(204) Humongous regions: 138->138
[2025-11-08T14:08:06.082+0000][gc,metaspace  ] GC(204) Metaspace: 52012K(55216K)->52012K(55216K) NonClass: 46259K(48048K)->46259K(48048K) Class: 5753K(7168K)->5753K(7168K)
[2025-11-08T14:08:06.082+0000][gc            ] GC(204) Pause Young (Mixed) (G1 Evacuation Pause) 236M->194M(667M) 9.915ms
[2025-11-08T14:08:06.082+0000][gc,cpu        ] GC(204) User=0.02s Sys=0.00s Real=0.01s
[2025-11-08T14:08:11.122+0000][gc,start      ] GC(205) Pause Young (Mixed) (G1 Evacuation Pause)
[2025-11-08T14:08:11.122+0000][gc,task       ] GC(205) Using 2 workers of 2 for evacuation
[2025-11-08T14:08:11.130+0000][gc,phases     ] GC(205)   Pre Evacuate Collection Set: 0.0ms
[2025-11-08T14:08:11.130+0000][gc,phases     ] GC(205)   Evacuate Collection Set: 5.9ms
[2025-11-08T14:08:11.130+0000][gc,phases     ] GC(205)   Post Evacuate Collection Set: 1.2ms
[2025-11-08T14:08:11.131+0000][gc,phases     ] GC(205)   Other: 0.9ms
[2025-11-08T14:08:11.131+0000][gc,heap       ] GC(205) Eden regions: 31->0(65)
[2025-11-08T14:08:11.131+0000][gc,heap       ] GC(205) Survivor regions: 2->2(5)
[2025-11-08T14:08:11.131+0000][gc,heap       ] GC(205) Old regions: 55->53
[2025-11-08T14:08:11.132+0000][gc,heap       ] GC(205) Humongous regions: 138->138
[2025-11-08T14:08:11.132+0000][gc,metaspace  ] GC(205) Metaspace: 52012K(55216K)->52012K(55216K) NonClass: 46259K(48048K)->46259K(48048K) Class: 5753K(7168K)->5753K(7168K)
[2025-11-08T14:08:11.132+0000][gc            ] GC(205) Pause Young (Mixed) (G1 Evacuation Pause) 225M->191M(667M) 10.027ms
[2025-11-08T14:08:11.132+0000][gc,cpu        ] GC(205) User=0.01s Sys=0.00s Real=0.01s
[2025-11-08T14:08:21.880+0000][gc,start      ] GC(206) Pause Young (Normal) (G1 Evacuation Pause)
[2025-11-08T14:08:21.881+0000][gc,task       ] GC(206) Using 2 workers of 2 for evacuation
[2025-11-08T14:08:21.890+0000][gc,phases     ] GC(206)   Pre Evacuate Collection Set: 0.0ms
[2025-11-08T14:08:21.890+0000][gc,phases     ] GC(206)   Evacuate Collection Set: 8.0ms
[2025-11-08T14:08:21.891+0000][gc,phases     ] GC(206)   Post Evacuate Collection Set: 1.0ms
[2025-11-08T14:08:21.891+0000][gc,phases     ] GC(206)   Other: 0.7ms
[2025-11-08T14:08:21.891+0000][gc,heap       ] GC(206) Eden regions: 65->0(71)
[2025-11-08T14:08:21.891+0000][gc,heap       ] GC(206) Survivor regions: 2->4(9)
[2025-11-08T14:08:21.891+0000][gc,heap       ] GC(206) Old regions: 53->53
[2025-11-08T14:08:21.892+0000][gc,heap       ] GC(206) Humongous regions: 138->138
[2025-11-08T14:08:21.892+0000][gc,metaspace  ] GC(206) Metaspace: 52012K(55216K)->52012K(55216K) NonClass: 46259K(48048K)->46259K(48048K) Class: 5753K(7168K)->5753K(7168K)
[2025-11-08T14:08:21.892+0000][gc            ] GC(206) Pause Young (Normal) (G1 Evacuation Pause) 256M->193M(667M) 11.591ms
[2025-11-08T14:08:21.892+0000][gc,cpu        ] GC(206) User=0.02s Sys=0.00s Real=0.01s
[2025-11-08T14:08:33.697+0000][gc,start      ] GC(207) Pause Young (Normal) (G1 Evacuation Pause)
[2025-11-08T14:08:33.698+0000][gc,task       ] GC(207) Using 2 workers of 2 for evacuation
[2025-11-08T14:08:33.704+0000][gc,phases     ] GC(207)   Pre Evacuate Collection Set: 0.0ms
[2025-11-08T14:08:33.705+0000][gc,phases     ] GC(207)   Evacuate Collection Set: 5.6ms
[2025-11-08T14:08:33.705+0000][gc,phases     ] GC(207)   Post Evacuate Collection Set: 0.8ms
[2025-11-08T14:08:33.705+0000][gc,phases     ] GC(207)   Other: 0.5ms
[2025-11-08T14:08:33.706+0000][gc,heap       ] GC(207) Eden regions: 71->0(85)
[2025-11-08T14:08:33.706+0000][gc,heap       ] GC(207) Survivor regions: 4->2(10)
[2025-11-08T14:08:33.706+0000][gc,heap       ] GC(207) Old regions: 53->53
[2025-11-08T14:08:33.706+0000][gc,heap       ] GC(207) Humongous regions: 138->138
[2025-11-08T14:08:33.706+0000][gc,metaspace  ] GC(207) Metaspace: 52012K(55216K)->52012K(55216K) NonClass: 46259K(48048K)->46259K(48048K) Class: 5753K(7168K)->5753K(7168K)
[2025-11-08T14:08:33.706+0000][gc            ] GC(207) Pause Young (Normal) (G1 Evacuation Pause) 264M->192M(667M) 9.030ms
[2025-11-08T14:08:33.707+0000][gc,cpu        ] GC(207) User=0.02s Sys=0.00s Real=0.01s
[2025-11-08T14:08:46.845+0000][gc,start      ] GC(208) Pause Young (Normal) (G1 Evacuation Pause)
[2025-11-08T14:08:46.846+0000][gc,task       ] GC(208) Using 2 workers of 2 for evacuation
[2025-11-08T14:08:46.854+0000][gc,phases     ] GC(208)   Pre Evacuate Collection Set: 0.0ms
[2025-11-08T14:08:46.854+0000][gc,phases     ] GC(208)   Evacuate Collection Set: 6.9ms
[2025-11-08T14:08:46.854+0000][gc,phases     ] GC(208)   Post Evacuate Collection Set: 0.8ms
[2025-11-08T14:08:46.855+0000][gc,phases     ] GC(208)   Other: 0.9ms
[2025-11-08T14:08:46.855+0000][gc,heap       ] GC(208) Eden regions: 85->0(89)
[2025-11-08T14:08:46.855+0000][gc,heap       ] GC(208) Survivor regions: 2->3(11)
[2025-11-08T14:08:46.856+0000][gc,heap       ] GC(208) Old regions: 53->53
[2025-11-08T14:08:46.856+0000][gc,heap       ] GC(208) Humongous regions: 138->138
[2025-11-08T14:08:46.856+0000][gc,metaspace  ] GC(208) Metaspace: 52012K(55216K)->52012K(55216K) NonClass: 46259K(48048K)->46259K(48048K) Class: 5753K(7168K)->5753K(7168K)
[2025-11-08T14:08:46.856+0000][gc            ] GC(208) Pause Young (Normal) (G1 Evacuation Pause) 277M->193M(667M) 10.760ms
[2025-11-08T14:08:46.856+0000][gc,cpu        ] GC(208) User=0.01s Sys=0.00s Real=0.01s
[2025-11-08T14:09:00.163+0000][gc,start      ] GC(209) Pause Young (Normal) (G1 Evacuation Pause)
[2025-11-08T14:09:00.163+0000][gc,task       ] GC(209) Using 2 workers of 2 for evacuation
[2025-11-08T14:09:00.174+0000][gc,phases     ] GC(209)   Pre Evacuate Collection Set: 0.0ms
[2025-11-08T14:09:00.175+0000][gc,phases     ] GC(209)   Evacuate Collection Set: 9.0ms
[2025-11-08T14:09:00.175+0000][gc,phases     ] GC(209)   Post Evacuate Collection Set: 1.7ms
[2025-11-08T14:09:00.175+0000][gc,phases     ] GC(209)   Other: 1.0ms
[2025-11-08T14:09:00.176+0000][gc,heap       ] GC(209) Eden regions: 89->0(92)
[2025-11-08T14:09:00.176+0000][gc,heap       ] GC(209) Survivor regions: 3->4(12)
[2025-11-08T14:09:00.176+0000][gc,heap       ] GC(209) Old regions: 53->53
[2025-11-08T14:09:00.176+0000][gc,heap       ] GC(209) Humongous regions: 138->138
[2025-11-08T14:09:00.177+0000][gc,metaspace  ] GC(209) Metaspace: 52017K(55216K)->52017K(55216K) NonClass: 46263K(48048K)->46263K(48048K) Class: 5753K(7168K)->5753K(7168K)
[2025-11-08T14:09:00.177+0000][gc            ] GC(209) Pause Young (Normal) (G1 Evacuation Pause) 282M->194M(667M) 14.228ms
[2025-11-08T14:09:00.177+0000][gc,cpu        ] GC(209) User=0.02s Sys=0.00s Real=0.01s
[2025-11-08T14:09:14.303+0000][gc,start      ] GC(210) Pause Young (Normal) (G1 Evacuation Pause)
[2025-11-08T14:09:14.303+0000][gc,task       ] GC(210) Using 2 workers of 2 for evacuation
[2025-11-08T14:09:14.317+0000][gc,phases     ] GC(210)   Pre Evacuate Collection Set: 0.0ms
[2025-11-08T14:09:14.317+0000][gc,phases     ] GC(210)   Evacuate Collection Set: 11.8ms
[2025-11-08T14:09:14.317+0000][gc,phases     ] GC(210)   Post Evacuate Collection Set: 1.3ms
[2025-11-08T14:09:14.318+0000][gc,phases     ] GC(210)   Other: 0.9ms
[2025-11-08T14:09:14.318+0000][gc,heap       ] GC(210) Eden regions: 92->0(92)
[2025-11-08T14:09:14.318+0000][gc,heap       ] GC(210) Survivor regions: 4->5(12)
[2025-11-08T14:09:14.319+0000][gc,heap       ] GC(210) Old regions: 53->53
[2025-11-08T14:09:14.319+0000][gc,heap       ] GC(210) Humongous regions: 138->138
[2025-11-08T14:09:14.319+0000][gc,metaspace  ] GC(210) Metaspace: 52028K(55216K)->52028K(55216K) NonClass: 46275K(48048K)->46275K(48048K) Class: 5753K(7168K)->5753K(7168K)
[2025-11-08T14:09:14.319+0000][gc            ] GC(210) Pause Young (Normal) (G1 Evacuation Pause) 286M->195M(667M) 16.699ms
[2025-11-08T14:09:14.320+0000][gc,cpu        ] GC(210) User=0.02s Sys=0.00s Real=0.02s
[2025-11-08T14:09:27.733+0000][gc,start      ] GC(211) Pause Young (Normal) (G1 Evacuation Pause)
[2025-11-08T14:09:27.733+0000][gc,task       ] GC(211) Using 2 workers of 2 for evacuation
[2025-11-08T14:09:27.744+0000][gc,phases     ] GC(211)   Pre Evacuate Collection Set: 0.0ms
[2025-11-08T14:09:27.744+0000][gc,phases     ] GC(211)   Evacuate Collection Set: 9.1ms
[2025-11-08T14:09:27.744+0000][gc,phases     ] GC(211)   Post Evacuate Collection Set: 0.9ms
[2025-11-08T14:09:27.744+0000][gc,phases     ] GC(211)   Other: 0.9ms
[2025-11-08T14:09:27.745+0000][gc,heap       ] GC(211) Eden regions: 90->0(96)
[2025-11-08T14:09:27.745+0000][gc,heap       ] GC(211) Survivor regions: 5->4(12)
[2025-11-08T14:09:27.745+0000][gc,heap       ] GC(211) Old regions: 53->53
[2025-11-08T14:09:27.746+0000][gc,heap       ] GC(211) Humongous regions: 138->138
[2025-11-08T14:09:27.746+0000][gc,metaspace  ] GC(211) Metaspace: 52028K(55216K)->52028K(55216K) NonClass: 46275K(48048K)->46275K(48048K) Class: 5753K(7168K)->5753K(7168K)
[2025-11-08T14:09:27.746+0000][gc            ] GC(211) Pause Young (Normal) (G1 Evacuation Pause) 285M->194M(667M) 13.154ms
[2025-11-08T14:09:27.746+0000][gc,cpu        ] GC(211) User=0.02s Sys=0.00s Real=0.01s
[2025-11-08T14:09:41.773+0000][gc,start      ] GC(212) Pause Young (Normal) (G1 Evacuation Pause)
[2025-11-08T14:09:41.774+0000][gc,task       ] GC(212) Using 2 workers of 2 for evacuation
[2025-11-08T14:09:41.789+0000][gc,phases     ] GC(212)   Pre Evacuate Collection Set: 0.1ms
[2025-11-08T14:09:41.789+0000][gc,phases     ] GC(212)   Evacuate Collection Set: 13.3ms
[2025-11-08T14:09:41.789+0000][gc,phases     ] GC(212)   Post Evacuate Collection Set: 1.0ms
[2025-11-08T14:09:41.790+0000][gc,phases     ] GC(212)   Other: 1.4ms
[2025-11-08T14:09:41.790+0000][gc,heap       ] GC(212) Eden regions: 93->0(95)
[2025-11-08T14:09:41.790+0000][gc,heap       ] GC(212) Survivor regions: 4->5(13)
[2025-11-08T14:09:41.790+0000][gc,heap       ] GC(212) Old regions: 53->53
[2025-11-08T14:09:41.791+0000][gc,heap       ] GC(212) Humongous regions: 138->138
[2025-11-08T14:09:41.791+0000][gc,metaspace  ] GC(212) Metaspace: 52028K(55216K)->52028K(55216K) NonClass: 46275K(48048K)->46275K(48048K) Class: 5753K(7168K)->5753K(7168K)
[2025-11-08T14:09:41.791+0000][gc            ] GC(212) Pause Young (Normal) (G1 Evacuation Pause) 287M->195M(667M) 18.236ms
[2025-11-08T14:09:41.792+0000][gc,cpu        ] GC(212) User=0.03s Sys=0.00s Real=0.02s
[2025-11-08T14:09:55.658+0000][gc,start      ] GC(213) Pause Young (Normal) (G1 Evacuation Pause)
[2025-11-08T14:09:55.658+0000][gc,task       ] GC(213) Using 2 workers of 2 for evacuation
[2025-11-08T14:09:55.680+0000][gc,mmu        ] GC(213) MMU target violated: 21.0ms (20.0ms/21.0ms)
[2025-11-08T14:09:55.690+0000][gc,phases     ] GC(213)   Pre Evacuate Collection Set: 0.0ms
[2025-11-08T14:09:55.690+0000][gc,phases     ] GC(213)   Evacuate Collection Set: 19.9ms
[2025-11-08T14:09:55.691+0000][gc,phases     ] GC(213)   Post Evacuate Collection Set: 1.1ms
[2025-11-08T14:09:55.691+0000][gc,phases     ] GC(213)   Other: 11.3ms
[2025-11-08T14:09:55.691+0000][gc,heap       ] GC(213) Eden regions: 92->0(91)
[2025-11-08T14:09:55.691+0000][gc,heap       ] GC(213) Survivor regions: 5->5(13)
[2025-11-08T14:09:55.692+0000][gc,heap       ] GC(213) Old regions: 53->53
[2025-11-08T14:09:55.692+0000][gc,heap       ] GC(213) Humongous regions: 138->138
[2025-11-08T14:09:55.692+0000][gc,metaspace  ] GC(213) Metaspace: 52028K(55216K)->52028K(55216K) NonClass: 46275K(48048K)->46275K(48048K) Class: 5753K(7168K)->5753K(7168K)
[2025-11-08T14:09:55.692+0000][gc            ] GC(213) Pause Young (Normal) (G1 Evacuation Pause) 287M->195M(667M) 34.719ms
[2025-11-08T14:09:55.693+0000][gc,cpu        ] GC(213) User=0.04s Sys=0.00s Real=0.04s
[2025-11-08T14:10:09.691+0000][gc,start      ] GC(214) Pause Young (Normal) (G1 Evacuation Pause)
[2025-11-08T14:10:09.693+0000][gc,task       ] GC(214) Using 2 workers of 2 for evacuation
[2025-11-08T14:10:09.717+0000][gc,mmu        ] GC(214) MMU target violated: 21.0ms (20.0ms/21.0ms)
[2025-11-08T14:10:09.717+0000][gc,phases     ] GC(214)   Pre Evacuate Collection Set: 0.1ms
[2025-11-08T14:10:09.718+0000][gc,phases     ] GC(214)   Evacuate Collection Set: 21.0ms
[2025-11-08T14:10:09.719+0000][gc,phases     ] GC(214)   Post Evacuate Collection Set: 1.6ms
[2025-11-08T14:10:09.720+0000][gc,phases     ] GC(214)   Other: 3.3ms
[2025-11-08T14:10:09.720+0000][gc,heap       ] GC(214) Eden regions: 86->0(85)
[2025-11-08T14:10:09.720+0000][gc,heap       ] GC(214) Survivor regions: 5->5(12)
[2025-11-08T14:10:09.721+0000][gc,heap       ] GC(214) Old regions: 53->53
[2025-11-08T14:10:09.722+0000][gc,heap       ] GC(214) Humongous regions: 138->138
[2025-11-08T14:10:09.722+0000][gc,metaspace  ] GC(214) Metaspace: 52030K(55216K)->52030K(55216K) NonClass: 46276K(48048K)->46276K(48048K) Class: 5753K(7168K)->5753K(7168K)
[2025-11-08T14:10:09.722+0000][gc            ] GC(214) Pause Young (Normal) (G1 Evacuation Pause) 281M->195M(667M) 30.901ms
[2025-11-08T14:10:09.723+0000][gc,cpu        ] GC(214) User=0.05s Sys=0.00s Real=0.03s
[2025-11-08T14:10:14.082+0000][gc,start      ] GC(215) Pause Young (Normal) (G1 Evacuation Pause)
[2025-11-08T14:10:14.084+0000][gc,task       ] GC(215) Using 2 workers of 2 for evacuation
[2025-11-08T14:10:14.111+0000][gc,mmu        ] GC(215) MMU target violated: 21.0ms (20.0ms/21.0ms)
[2025-11-08T14:10:14.114+0000][gc,phases     ] GC(215)   Pre Evacuate Collection Set: 0.1ms
[2025-11-08T14:10:14.114+0000][gc,phases     ] GC(215)   Evacuate Collection Set: 25.5ms
[2025-11-08T14:10:14.114+0000][gc,phases     ] GC(215)   Post Evacuate Collection Set: 1.1ms
[2025-11-08T14:10:14.115+0000][gc,phases     ] GC(215)   Other: 5.5ms
[2025-11-08T14:10:14.117+0000][gc,heap       ] GC(215) Eden regions: 28->0(29)
[2025-11-08T14:10:14.117+0000][gc,heap       ] GC(215) Survivor regions: 5->4(5)
[2025-11-08T14:10:14.118+0000][gc,heap       ] GC(215) Old regions: 53->56
[2025-11-08T14:10:14.118+0000][gc,heap       ] GC(215) Humongous regions: 138->138
[2025-11-08T14:10:14.118+0000][gc,metaspace  ] GC(215) Metaspace: 52030K(55216K)->52030K(55216K) NonClass: 46276K(48048K)->46276K(48048K) Class: 5753K(7168K)->5753K(7168K)
[2025-11-08T14:10:14.119+0000][gc            ] GC(215) Pause Young (Normal) (G1 Evacuation Pause) 223M->196M(667M) 37.059ms
[2025-11-08T14:10:14.119+0000][gc,cpu        ] GC(215) User=0.05s Sys=0.00s Real=0.04s
[2025-11-08T14:10:19.038+0000][gc,start      ] GC(216) Pause Young (Normal) (G1 Evacuation Pause)
[2025-11-08T14:10:19.038+0000][gc,task       ] GC(216) Using 2 workers of 2 for evacuation
[2025-11-08T14:10:19.058+0000][gc,mmu        ] GC(216) MMU target violated: 20.1ms (20.0ms/21.0ms)
[2025-11-08T14:10:19.059+0000][gc,phases     ] GC(216)   Pre Evacuate Collection Set: 0.1ms
[2025-11-08T14:10:19.059+0000][gc,phases     ] GC(216)   Evacuate Collection Set: 17.8ms
[2025-11-08T14:10:19.060+0000][gc,phases     ] GC(216)   Post Evacuate Collection Set: 2.0ms
[2025-11-08T14:10:19.060+0000][gc,phases     ] GC(216)   Other: 1.9ms
[2025-11-08T14:10:19.061+0000][gc,heap       ] GC(216) Eden regions: 29->0(34)
[2025-11-08T14:10:19.061+0000][gc,heap       ] GC(216) Survivor regions: 4->3(5)
[2025-11-08T14:10:19.061+0000][gc,heap       ] GC(216) Old regions: 56->57
[2025-11-08T14:10:19.062+0000][gc,heap       ] GC(216) Humongous regions: 138->138
[2025-11-08T14:10:19.062+0000][gc,metaspace  ] GC(216) Metaspace: 52030K(55216K)->52030K(55216K) NonClass: 46276K(48048K)->46276K(48048K) Class: 5753K(7168K)->5753K(7168K)
[2025-11-08T14:10:19.063+0000][gc            ] GC(216) Pause Young (Normal) (G1 Evacuation Pause) 225M->196M(667M) 25.054ms
[2025-11-08T14:10:19.063+0000][gc,cpu        ] GC(216) User=0.04s Sys=0.00s Real=0.03s
[2025-11-08T14:10:24.105+0000][gc,start      ] GC(217) Pause Young (Normal) (G1 Evacuation Pause)
[2025-11-08T14:10:24.106+0000][gc,task       ] GC(217) Using 2 workers of 2 for evacuation
[2025-11-08T14:10:24.124+0000][gc,phases     ] GC(217)   Pre Evacuate Collection Set: 0.0ms
[2025-11-08T14:10:24.125+0000][gc,phases     ] GC(217)   Evacuate Collection Set: 15.6ms
[2025-11-08T14:10:24.129+0000][gc,phases     ] GC(217)   Post Evacuate Collection Set: 2.4ms
[2025-11-08T14:10:24.130+0000][gc,phases     ] GC(217)   Other: 1.5ms
[2025-11-08T14:10:24.131+0000][gc,heap       ] GC(217) Eden regions: 32->0(35)
[2025-11-08T14:10:24.132+0000][gc,heap       ] GC(217) Survivor regions: 3->2(5)
[2025-11-08T14:10:24.133+0000][gc,heap       ] GC(217) Old regions: 57->57
[2025-11-08T14:10:24.135+0000][gc,heap       ] GC(217) Humongous regions: 138->138
[2025-11-08T14:10:24.136+0000][gc,metaspace  ] GC(217) Metaspace: 52030K(55216K)->52030K(55216K) NonClass: 46276K(48048K)->46276K(48048K) Class: 5753K(7168K)->5753K(7168K)
[2025-11-08T14:10:24.139+0000][gc            ] GC(217) Pause Young (Normal) (G1 Evacuation Pause) 228M->196M(667M) 33.603ms
[2025-11-08T14:10:24.139+0000][gc,cpu        ] GC(217) User=0.03s Sys=0.00s Real=0.04s
[2025-11-08T14:10:29.466+0000][gc,start      ] GC(218) Pause Young (Normal) (G1 Evacuation Pause)
[2025-11-08T14:10:29.467+0000][gc,task       ] GC(218) Using 2 workers of 2 for evacuation
[2025-11-08T14:10:29.483+0000][gc,phases     ] GC(218)   Pre Evacuate Collection Set: 0.1ms
[2025-11-08T14:10:29.484+0000][gc,phases     ] GC(218)   Evacuate Collection Set: 13.6ms
[2025-11-08T14:10:29.485+0000][gc,phases     ] GC(218)   Post Evacuate Collection Set: 1.6ms
[2025-11-08T14:10:29.486+0000][gc,phases     ] GC(218)   Other: 2.3ms
[2025-11-08T14:10:29.486+0000][gc,heap       ] GC(218) Eden regions: 31->0(34)
[2025-11-08T14:10:29.487+0000][gc,heap       ] GC(218) Survivor regions: 2->2(5)
[2025-11-08T14:10:29.488+0000][gc,heap       ] GC(218) Old regions: 57->57
[2025-11-08T14:10:29.489+0000][gc,heap       ] GC(218) Humongous regions: 138->138
[2025-11-08T14:10:29.489+0000][gc,metaspace  ] GC(218) Metaspace: 52030K(55216K)->52030K(55216K) NonClass: 46276K(48048K)->46276K(48048K) Class: 5753K(7168K)->5753K(7168K)
[2025-11-08T14:10:29.490+0000][gc            ] GC(218) Pause Young (Normal) (G1 Evacuation Pause) 227M->196M(667M) 23.978ms
[2025-11-08T14:10:29.490+0000][gc,cpu        ] GC(218) User=0.03s Sys=0.00s Real=0.03s
[2025-11-08T14:10:35.154+0000][gc,start      ] GC(219) Pause Young (Normal) (G1 Evacuation Pause)
[2025-11-08T14:10:35.160+0000][gc,task       ] GC(219) Using 2 workers of 2 for evacuation
[2025-11-08T14:10:35.174+0000][gc,phases     ] GC(219)   Pre Evacuate Collection Set: 0.1ms
[2025-11-08T14:10:35.175+0000][gc,phases     ] GC(219)   Evacuate Collection Set: 11.5ms
[2025-11-08T14:10:35.175+0000][gc,phases     ] GC(219)   Post Evacuate Collection Set: 1.3ms
[2025-11-08T14:10:35.175+0000][gc,phases     ] GC(219)   Other: 7.5ms
[2025-11-08T14:10:35.176+0000][gc,heap       ] GC(219) Eden regions: 34->0(35)
[2025-11-08T14:10:35.176+0000][gc,heap       ] GC(219) Survivor regions: 2->2(5)
[2025-11-08T14:10:35.176+0000][gc,heap       ] GC(219) Old regions: 57->57
[2025-11-08T14:10:35.177+0000][gc,heap       ] GC(219) Humongous regions: 138->138
[2025-11-08T14:10:35.177+0000][gc,metaspace  ] GC(219) Metaspace: 52030K(55216K)->52030K(55216K) NonClass: 46276K(48048K)->46276K(48048K) Class: 5753K(7168K)->5753K(7168K)
[2025-11-08T14:10:35.177+0000][gc            ] GC(219) Pause Young (Normal) (G1 Evacuation Pause) 230M->196M(667M) 23.476ms
[2025-11-08T14:10:35.178+0000][gc,cpu        ] GC(219) User=0.03s Sys=0.00s Real=0.02s
[2025-11-08T14:10:39.717+0000][gc,start      ] GC(220) Pause Young (Normal) (G1 Evacuation Pause)
[2025-11-08T14:10:39.719+0000][gc,task       ] GC(220) Using 2 workers of 2 for evacuation
[2025-11-08T14:10:39.733+0000][gc,phases     ] GC(220)   Pre Evacuate Collection Set: 0.0ms
[2025-11-08T14:10:39.733+0000][gc,phases     ] GC(220)   Evacuate Collection Set: 12.3ms
[2025-11-08T14:10:39.736+0000][gc,phases     ] GC(220)   Post Evacuate Collection Set: 1.3ms
[2025-11-08T14:10:39.737+0000][gc,phases     ] GC(220)   Other: 2.4ms
[2025-11-08T14:10:39.737+0000][gc,heap       ] GC(220) Eden regions: 31->0(33)
[2025-11-08T14:10:39.737+0000][gc,heap       ] GC(220) Survivor regions: 2->4(5)
[2025-11-08T14:10:39.738+0000][gc,heap       ] GC(220) Old regions: 57->57
[2025-11-08T14:10:39.738+0000][gc,heap       ] GC(220) Humongous regions: 138->138
[2025-11-08T14:10:39.739+0000][gc,metaspace  ] GC(220) Metaspace: 52031K(55216K)->52031K(55216K) NonClass: 46278K(48048K)->46278K(48048K) Class: 5753K(7168K)->5753K(7168K)
[2025-11-08T14:10:39.739+0000][gc            ] GC(220) Pause Young (Normal) (G1 Evacuation Pause) 227M->197M(667M) 22.237ms
[2025-11-08T14:10:39.740+0000][gc,cpu        ] GC(220) User=0.02s Sys=0.00s Real=0.03s
[2025-11-08T14:10:43.912+0000][gc,start      ] GC(221) Pause Young (Normal) (G1 Evacuation Pause)
[2025-11-08T14:10:43.912+0000][gc,task       ] GC(221) Using 2 workers of 2 for evacuation
[2025-11-08T14:10:43.926+0000][gc,phases     ] GC(221)   Pre Evacuate Collection Set: 0.0ms
[2025-11-08T14:10:43.927+0000][gc,phases     ] GC(221)   Evacuate Collection Set: 11.7ms
[2025-11-08T14:10:43.927+0000][gc,phases     ] GC(221)   Post Evacuate Collection Set: 1.5ms
[2025-11-08T14:10:43.927+0000][gc,phases     ] GC(221)   Other: 0.9ms
[2025-11-08T14:10:43.928+0000][gc,heap       ] GC(221) Eden regions: 30->0(35)
[2025-11-08T14:10:43.928+0000][gc,heap       ] GC(221) Survivor regions: 4->3(5)
[2025-11-08T14:10:43.929+0000][gc,heap       ] GC(221) Old regions: 57->58
[2025-11-08T14:10:43.929+0000][gc,heap       ] GC(221) Humongous regions: 138->138
[2025-11-08T14:10:43.929+0000][gc,metaspace  ] GC(221) Metaspace: 52031K(55216K)->52031K(55216K) NonClass: 46278K(48048K)->46278K(48048K) Class: 5753K(7168K)->5753K(7168K)
[2025-11-08T14:10:43.930+0000][gc            ] GC(221) Pause Young (Normal) (G1 Evacuation Pause) 227M->197M(667M) 18.250ms
[2025-11-08T14:10:43.930+0000][gc,cpu        ] GC(221) User=0.03s Sys=0.00s Real=0.02s
[2025-11-08T14:10:48.582+0000][gc,start      ] GC(222) Pause Young (Normal) (G1 Evacuation Pause)
[2025-11-08T14:10:48.582+0000][gc,task       ] GC(222) Using 2 workers of 2 for evacuation
[2025-11-08T14:10:48.593+0000][gc,phases     ] GC(222)   Pre Evacuate Collection Set: 0.0ms
[2025-11-08T14:10:48.593+0000][gc,phases     ] GC(222)   Evacuate Collection Set: 8.8ms
[2025-11-08T14:10:48.594+0000][gc,phases     ] GC(222)   Post Evacuate Collection Set: 1.0ms
[2025-11-08T14:10:48.594+0000][gc,phases     ] GC(222)   Other: 1.3ms
[2025-11-08T14:10:48.594+0000][gc,heap       ] GC(222) Eden regions: 35->0(39)
[2025-11-08T14:10:48.595+0000][gc,heap       ] GC(222) Survivor regions: 3->3(5)
[2025-11-08T14:10:48.595+0000][gc,heap       ] GC(222) Old regions: 58->58
[2025-11-08T14:10:48.595+0000][gc,heap       ] GC(222) Humongous regions: 138->138
[2025-11-08T14:10:48.595+0000][gc,metaspace  ] GC(222) Metaspace: 52031K(55216K)->52031K(55216K) NonClass: 46278K(48048K)->46278K(48048K) Class: 5753K(7168K)->5753K(7168K)
[2025-11-08T14:10:48.596+0000][gc            ] GC(222) Pause Young (Normal) (G1 Evacuation Pause) 232M->197M(667M) 13.702ms
[2025-11-08T14:10:48.596+0000][gc,cpu        ] GC(222) User=0.02s Sys=0.00s Real=0.01s
[2025-11-08T14:10:53.851+0000][gc,start      ] GC(223) Pause Young (Normal) (G1 Evacuation Pause)
[2025-11-08T14:10:53.852+0000][gc,task       ] GC(223) Using 2 workers of 2 for evacuation
[2025-11-08T14:10:53.867+0000][gc,phases     ] GC(223)   Pre Evacuate Collection Set: 0.1ms
[2025-11-08T14:10:53.867+0000][gc,phases     ] GC(223)   Evacuate Collection Set: 11.5ms
[2025-11-08T14:10:53.868+0000][gc,phases     ] GC(223)   Post Evacuate Collection Set: 2.3ms
[2025-11-08T14:10:53.868+0000][gc,phases     ] GC(223)   Other: 1.6ms
[2025-11-08T14:10:53.869+0000][gc,heap       ] GC(223) Eden regions: 39->0(41)
[2025-11-08T14:10:53.869+0000][gc,heap       ] GC(223) Survivor regions: 3->2(6)
[2025-11-08T14:10:53.870+0000][gc,heap       ] GC(223) Old regions: 58->58
[2025-11-08T14:10:53.870+0000][gc,heap       ] GC(223) Humongous regions: 138->138
[2025-11-08T14:10:53.871+0000][gc,metaspace  ] GC(223) Metaspace: 52031K(55216K)->52031K(55216K) NonClass: 46278K(48048K)->46278K(48048K) Class: 5753K(7168K)->5753K(7168K)
[2025-11-08T14:10:53.871+0000][gc            ] GC(223) Pause Young (Normal) (G1 Evacuation Pause) 236M->196M(667M) 19.754ms
[2025-11-08T14:10:53.871+0000][gc,cpu        ] GC(223) User=0.02s Sys=0.00s Real=0.02s
[2025-11-08T14:10:59.398+0000][gc,start      ] GC(224) Pause Young (Normal) (G1 Evacuation Pause)
[2025-11-08T14:10:59.398+0000][gc,task       ] GC(224) Using 2 workers of 2 for evacuation
[2025-11-08T14:10:59.406+0000][gc,phases     ] GC(224)   Pre Evacuate Collection Set: 0.0ms
[2025-11-08T14:10:59.406+0000][gc,phases     ] GC(224)   Evacuate Collection Set: 6.4ms
[2025-11-08T14:10:59.406+0000][gc,phases     ] GC(224)   Post Evacuate Collection Set: 0.9ms
[2025-11-08T14:10:59.406+0000][gc,phases     ] GC(224)   Other: 0.7ms
[2025-11-08T14:10:59.407+0000][gc,heap       ] GC(224) Eden regions: 41->0(46)
[2025-11-08T14:10:59.407+0000][gc,heap       ] GC(224) Survivor regions: 2->3(6)
[2025-11-08T14:10:59.407+0000][gc,heap       ] GC(224) Old regions: 58->58
[2025-11-08T14:10:59.407+0000][gc,heap       ] GC(224) Humongous regions: 138->138
[2025-11-08T14:10:59.407+0000][gc,metaspace  ] GC(224) Metaspace: 52031K(55216K)->52031K(55216K) NonClass: 46278K(48048K)->46278K(48048K) Class: 5753K(7168K)->5753K(7168K)
[2025-11-08T14:10:59.407+0000][gc            ] GC(224) Pause Young (Normal) (G1 Evacuation Pause) 237M->197M(667M) 9.718ms
[2025-11-08T14:10:59.408+0000][gc,cpu        ] GC(224) User=0.01s Sys=0.00s Real=0.01s
[2025-11-08T14:11:05.000+0000][gc,start      ] GC(225) Pause Young (Normal) (G1 Evacuation Pause)
[2025-11-08T14:11:05.000+0000][gc,task       ] GC(225) Using 2 workers of 2 for evacuation
[2025-11-08T14:11:05.010+0000][gc,phases     ] GC(225)   Pre Evacuate Collection Set: 0.0ms
[2025-11-08T14:11:05.011+0000][gc,phases     ] GC(225)   Evacuate Collection Set: 7.3ms
[2025-11-08T14:11:05.011+0000][gc,phases     ] GC(225)   Post Evacuate Collection Set: 1.9ms
[2025-11-08T14:11:05.011+0000][gc,phases     ] GC(225)   Other: 1.0ms
[2025-11-08T14:11:05.011+0000][gc,heap       ] GC(225) Eden regions: 40->0(52)
[2025-11-08T14:11:05.011+0000][gc,heap       ] GC(225) Survivor regions: 3->4(6)
[2025-11-08T14:11:05.012+0000][gc,heap       ] GC(225) Old regions: 58->58
[2025-11-08T14:11:05.012+0000][gc,heap       ] GC(225) Humongous regions: 138->138
[2025-11-08T14:11:05.013+0000][gc,metaspace  ] GC(225) Metaspace: 52031K(55216K)->52031K(55216K) NonClass: 46278K(48048K)->46278K(48048K) Class: 5753K(7168K)->5753K(7168K)
[2025-11-08T14:11:05.013+0000][gc            ] GC(225) Pause Young (Normal) (G1 Evacuation Pause) 237M->198M(667M) 13.145ms
[2025-11-08T14:11:05.014+0000][gc,cpu        ] GC(225) User=0.02s Sys=0.00s Real=0.01s
[2025-11-08T14:11:12.024+0000][gc,start      ] GC(226) Pause Young (Normal) (G1 Evacuation Pause)
[2025-11-08T14:11:12.024+0000][gc,task       ] GC(226) Using 2 workers of 2 for evacuation
[2025-11-08T14:11:12.061+0000][gc,mmu        ] GC(226) MMU target violated: 21.0ms (20.0ms/21.0ms)
[2025-11-08T14:11:12.061+0000][gc,phases     ] GC(226)   Pre Evacuate Collection Set: 0.0ms
[2025-11-08T14:11:12.061+0000][gc,phases     ] GC(226)   Evacuate Collection Set: 31.2ms
[2025-11-08T14:11:12.064+0000][gc,phases     ] GC(226)   Post Evacuate Collection Set: 4.8ms
[2025-11-08T14:11:12.065+0000][gc,phases     ] GC(226)   Other: 1.7ms
[2025-11-08T14:11:12.066+0000][gc,heap       ] GC(226) Eden regions: 52->0(32)
[2025-11-08T14:11:12.067+0000][gc,heap       ] GC(226) Survivor regions: 4->4(7)
[2025-11-08T14:11:12.067+0000][gc,heap       ] GC(226) Old regions: 58->58
[2025-11-08T14:11:12.067+0000][gc,heap       ] GC(226) Humongous regions: 138->138
[2025-11-08T14:11:12.067+0000][gc,metaspace  ] GC(226) Metaspace: 52039K(55216K)->52039K(55216K) NonClass: 46286K(48048K)->46286K(48048K) Class: 5753K(7168K)->5753K(7168K)
[2025-11-08T14:11:12.068+0000][gc            ] GC(226) Pause Young (Normal) (G1 Evacuation Pause) 250M->198M(667M) 44.149ms
[2025-11-08T14:11:12.068+0000][gc,cpu        ] GC(226) User=0.11s Sys=0.00s Real=0.05s
[2025-11-08T14:11:16.438+0000][gc,start      ] GC(227) Pause Young (Normal) (G1 Evacuation Pause)
[2025-11-08T14:11:16.439+0000][gc,task       ] GC(227) Using 2 workers of 2 for evacuation
[2025-11-08T14:11:16.448+0000][gc,phases     ] GC(227)   Pre Evacuate Collection Set: 0.0ms
[2025-11-08T14:11:16.449+0000][gc,phases     ] GC(227)   Evacuate Collection Set: 8.5ms
[2025-11-08T14:11:16.449+0000][gc,phases     ] GC(227)   Post Evacuate Collection Set: 0.9ms
[2025-11-08T14:11:16.449+0000][gc,phases     ] GC(227)   Other: 0.7ms
[2025-11-08T14:11:16.449+0000][gc,heap       ] GC(227) Eden regions: 32->0(36)
[2025-11-08T14:11:16.450+0000][gc,heap       ] GC(227) Survivor regions: 4->3(5)
[2025-11-08T14:11:16.450+0000][gc,heap       ] GC(227) Old regions: 58->59
[2025-11-08T14:11:16.450+0000][gc,heap       ] GC(227) Humongous regions: 138->138
[2025-11-08T14:11:16.450+0000][gc,metaspace  ] GC(227) Metaspace: 52039K(55216K)->52039K(55216K) NonClass: 46286K(48048K)->46286K(48048K) Class: 5753K(7168K)->5753K(7168K)
[2025-11-08T14:11:16.451+0000][gc            ] GC(227) Pause Young (Normal) (G1 Evacuation Pause) 230M->198M(667M) 12.136ms
[2025-11-08T14:11:16.451+0000][gc,cpu        ] GC(227) User=0.02s Sys=0.00s Real=0.01s
[2025-11-08T14:11:21.204+0000][gc,start      ] GC(228) Pause Young (Normal) (G1 Evacuation Pause)
[2025-11-08T14:11:21.204+0000][gc,task       ] GC(228) Using 2 workers of 2 for evacuation
[2025-11-08T14:11:21.212+0000][gc,phases     ] GC(228)   Pre Evacuate Collection Set: 0.0ms
[2025-11-08T14:11:21.213+0000][gc,phases     ] GC(228)   Evacuate Collection Set: 6.6ms
[2025-11-08T14:11:21.213+0000][gc,phases     ] GC(228)   Post Evacuate Collection Set: 0.7ms
[2025-11-08T14:11:21.213+0000][gc,phases     ] GC(228)   Other: 0.8ms
[2025-11-08T14:11:21.213+0000][gc,heap       ] GC(228) Eden regions: 36->0(41)
[2025-11-08T14:11:21.214+0000][gc,heap       ] GC(228) Survivor regions: 3->3(5)
[2025-11-08T14:11:21.214+0000][gc,heap       ] GC(228) Old regions: 59->59
[2025-11-08T14:11:21.214+0000][gc,heap       ] GC(228) Humongous regions: 138->138
[2025-11-08T14:11:21.214+0000][gc,metaspace  ] GC(228) Metaspace: 52039K(55216K)->52039K(55216K) NonClass: 46286K(48048K)->46286K(48048K) Class: 5753K(7168K)->5753K(7168K)
[2025-11-08T14:11:21.214+0000][gc            ] GC(228) Pause Young (Normal) (G1 Evacuation Pause) 234M->199M(667M) 10.086ms
[2025-11-08T14:11:21.214+0000][gc,cpu        ] GC(228) User=0.01s Sys=0.00s Real=0.01s
[2025-11-08T14:11:26.623+0000][gc,start      ] GC(229) Pause Young (Normal) (G1 Evacuation Pause)
[2025-11-08T14:11:26.623+0000][gc,task       ] GC(229) Using 2 workers of 2 for evacuation
[2025-11-08T14:11:26.630+0000][gc,phases     ] GC(229)   Pre Evacuate Collection Set: 0.0ms
[2025-11-08T14:11:26.630+0000][gc,phases     ] GC(229)   Evacuate Collection Set: 5.7ms
[2025-11-08T14:11:26.630+0000][gc,phases     ] GC(229)   Post Evacuate Collection Set: 0.6ms
[2025-11-08T14:11:26.630+0000][gc,phases     ] GC(229)   Other: 0.7ms
[2025-11-08T14:11:26.630+0000][gc,heap       ] GC(229) Eden regions: 41->0(51)
[2025-11-08T14:11:26.630+0000][gc,heap       ] GC(229) Survivor regions: 3->2(6)
[2025-11-08T14:11:26.631+0000][gc,heap       ] GC(229) Old regions: 59->59
[2025-11-08T14:11:26.631+0000][gc,heap       ] GC(229) Humongous regions: 138->138
[2025-11-08T14:11:26.631+0000][gc,metaspace  ] GC(229) Metaspace: 52039K(55216K)->52039K(55216K) NonClass: 46286K(48048K)->46286K(48048K) Class: 5753K(7168K)->5753K(7168K)
[2025-11-08T14:11:26.631+0000][gc            ] GC(229) Pause Young (Normal) (G1 Evacuation Pause) 240M->198M(667M) 8.608ms
[2025-11-08T14:11:26.631+0000][gc,cpu        ] GC(229) User=0.01s Sys=0.00s Real=0.01s
[2025-11-08T14:11:33.314+0000][gc,start      ] GC(230) Pause Young (Normal) (G1 Evacuation Pause)
[2025-11-08T14:11:33.314+0000][gc,task       ] GC(230) Using 2 workers of 2 for evacuation
[2025-11-08T14:11:33.321+0000][gc,phases     ] GC(230)   Pre Evacuate Collection Set: 0.0ms
[2025-11-08T14:11:33.321+0000][gc,phases     ] GC(230)   Evacuate Collection Set: 6.1ms
[2025-11-08T14:11:33.321+0000][gc,phases     ] GC(230)   Post Evacuate Collection Set: 0.6ms
[2025-11-08T14:11:33.321+0000][gc,phases     ] GC(230)   Other: 0.6ms
[2025-11-08T14:11:33.322+0000][gc,heap       ] GC(230) Eden regions: 51->0(55)
[2025-11-08T14:11:33.322+0000][gc,heap       ] GC(230) Survivor regions: 2->2(7)
[2025-11-08T14:11:33.322+0000][gc,heap       ] GC(230) Old regions: 59->59
[2025-11-08T14:11:33.322+0000][gc,heap       ] GC(230) Humongous regions: 138->138
[2025-11-08T14:11:33.322+0000][gc,metaspace  ] GC(230) Metaspace: 52039K(55216K)->52039K(55216K) NonClass: 46286K(48048K)->46286K(48048K) Class: 5753K(7168K)->5753K(7168K)
[2025-11-08T14:11:33.322+0000][gc            ] GC(230) Pause Young (Normal) (G1 Evacuation Pause) 249M->198M(667M) 8.771ms
[2025-11-08T14:11:33.322+0000][gc,cpu        ] GC(230) User=0.01s Sys=0.00s Real=0.01s
[2025-11-08T14:11:40.454+0000][gc,start      ] GC(231) Pause Young (Normal) (G1 Evacuation Pause)
[2025-11-08T14:11:40.454+0000][gc,task       ] GC(231) Using 2 workers of 2 for evacuation
[2025-11-08T14:11:40.461+0000][gc,phases     ] GC(231)   Pre Evacuate Collection Set: 0.0ms
[2025-11-08T14:11:40.462+0000][gc,phases     ] GC(231)   Evacuate Collection Set: 6.4ms
[2025-11-08T14:11:40.462+0000][gc,phases     ] GC(231)   Post Evacuate Collection Set: 0.7ms
[2025-11-08T14:11:40.462+0000][gc,phases     ] GC(231)   Other: 0.5ms
[2025-11-08T14:11:40.462+0000][gc,heap       ] GC(231) Eden regions: 55->0(59)
[2025-11-08T14:11:40.462+0000][gc,heap       ] GC(231) Survivor regions: 2->3(8)
[2025-11-08T14:11:40.462+0000][gc,heap       ] GC(231) Old regions: 59->59
[2025-11-08T14:11:40.462+0000][gc,heap       ] GC(231) Humongous regions: 138->138
[2025-11-08T14:11:40.463+0000][gc,metaspace  ] GC(231) Metaspace: 52041K(55216K)->52041K(55216K) NonClass: 46288K(48048K)->46288K(48048K) Class: 5753K(7168K)->5753K(7168K)
[2025-11-08T14:11:40.463+0000][gc            ] GC(231) Pause Young (Normal) (G1 Evacuation Pause) 253M->198M(667M) 8.940ms
[2025-11-08T14:11:40.463+0000][gc,cpu        ] GC(231) User=0.02s Sys=0.00s Real=0.01s
[2025-11-08T14:11:48.286+0000][gc,start      ] GC(232) Pause Young (Normal) (G1 Evacuation Pause)
[2025-11-08T14:11:48.286+0000][gc,task       ] GC(232) Using 2 workers of 2 for evacuation
[2025-11-08T14:11:48.296+0000][gc,phases     ] GC(232)   Pre Evacuate Collection Set: 0.0ms
[2025-11-08T14:11:48.296+0000][gc,phases     ] GC(232)   Evacuate Collection Set: 8.3ms
[2025-11-08T14:11:48.296+0000][gc,phases     ] GC(232)   Post Evacuate Collection Set: 0.7ms
[2025-11-08T14:11:48.296+0000][gc,phases     ] GC(232)   Other: 0.5ms
[2025-11-08T14:11:48.296+0000][gc,heap       ] GC(232) Eden regions: 59->0(62)
[2025-11-08T14:11:48.296+0000][gc,heap       ] GC(232) Survivor regions: 3->4(8)
[2025-11-08T14:11:48.297+0000][gc,heap       ] GC(232) Old regions: 59->59
[2025-11-08T14:11:48.297+0000][gc,heap       ] GC(232) Humongous regions: 138->138
[2025-11-08T14:11:48.297+0000][gc,metaspace  ] GC(232) Metaspace: 52041K(55216K)->52041K(55216K) NonClass: 46288K(48048K)->46288K(48048K) Class: 5753K(7168K)->5753K(7168K)
[2025-11-08T14:11:48.297+0000][gc            ] GC(232) Pause Young (Normal) (G1 Evacuation Pause) 257M->200M(667M) 11.003ms
[2025-11-08T14:11:48.297+0000][gc,cpu        ] GC(232) User=0.02s Sys=0.00s Real=0.01s
[2025-11-08T14:11:56.631+0000][gc,start      ] GC(233) Pause Young (Normal) (G1 Evacuation Pause)
[2025-11-08T14:11:56.631+0000][gc,task       ] GC(233) Using 2 workers of 2 for evacuation
[2025-11-08T14:11:56.642+0000][gc,phases     ] GC(233)   Pre Evacuate Collection Set: 0.0ms
[2025-11-08T14:11:56.642+0000][gc,phases     ] GC(233)   Evacuate Collection Set: 8.6ms
[2025-11-08T14:11:56.642+0000][gc,phases     ] GC(233)   Post Evacuate Collection Set: 0.9ms
[2025-11-08T14:11:56.642+0000][gc,phases     ] GC(233)   Other: 1.1ms
[2025-11-08T14:11:56.642+0000][gc,heap       ] GC(233) Eden regions: 62->0(65)
[2025-11-08T14:11:56.643+0000][gc,heap       ] GC(233) Survivor regions: 4->4(9)
[2025-11-08T14:11:56.643+0000][gc,heap       ] GC(233) Old regions: 59->59
[2025-11-08T14:11:56.643+0000][gc,heap       ] GC(233) Humongous regions: 138->138
[2025-11-08T14:11:56.643+0000][gc,metaspace  ] GC(233) Metaspace: 52041K(55216K)->52041K(55216K) NonClass: 46288K(48048K)->46288K(48048K) Class: 5753K(7168K)->5753K(7168K)
[2025-11-08T14:11:56.644+0000][gc            ] GC(233) Pause Young (Normal) (G1 Evacuation Pause) 262M->199M(667M) 12.686ms
[2025-11-08T14:11:56.644+0000][gc,cpu        ] GC(233) User=0.02s Sys=0.00s Real=0.01s
[2025-11-08T14:12:05.783+0000][gc,start      ] GC(234) Pause Young (Normal) (G1 Evacuation Pause)
[2025-11-08T14:12:05.783+0000][gc,task       ] GC(234) Using 2 workers of 2 for evacuation
[2025-11-08T14:12:05.794+0000][gc,phases     ] GC(234)   Pre Evacuate Collection Set: 0.0ms
[2025-11-08T14:12:05.795+0000][gc,phases     ] GC(234)   Evacuate Collection Set: 10.0ms
[2025-11-08T14:12:05.795+0000][gc,phases     ] GC(234)   Post Evacuate Collection Set: 0.9ms
[2025-11-08T14:12:05.795+0000][gc,phases     ] GC(234)   Other: 0.7ms
[2025-11-08T14:12:05.796+0000][gc,heap       ] GC(234) Eden regions: 65->0(68)
[2025-11-08T14:12:05.796+0000][gc,heap       ] GC(234) Survivor regions: 4->4(9)
[2025-11-08T14:12:05.796+0000][gc,heap       ] GC(234) Old regions: 59->59
[2025-11-08T14:12:05.797+0000][gc,heap       ] GC(234) Humongous regions: 138->138
[2025-11-08T14:12:05.797+0000][gc,metaspace  ] GC(234) Metaspace: 52041K(55216K)->52041K(55216K) NonClass: 46288K(48048K)->46288K(48048K) Class: 5753K(7168K)->5753K(7168K)
[2025-11-08T14:12:05.797+0000][gc            ] GC(234) Pause Young (Normal) (G1 Evacuation Pause) 264M->199M(667M) 14.644ms
[2025-11-08T14:12:05.797+0000][gc,cpu        ] GC(234) User=0.02s Sys=0.00s Real=0.01s
[2025-11-08T14:12:15.086+0000][gc,start      ] GC(235) Pause Young (Normal) (G1 Evacuation Pause)
[2025-11-08T14:12:15.086+0000][gc,task       ] GC(235) Using 2 workers of 2 for evacuation
[2025-11-08T14:12:15.097+0000][gc,phases     ] GC(235)   Pre Evacuate Collection Set: 0.0ms
[2025-11-08T14:12:15.097+0000][gc,phases     ] GC(235)   Evacuate Collection Set: 10.0ms
[2025-11-08T14:12:15.098+0000][gc,phases     ] GC(235)   Post Evacuate Collection Set: 0.8ms
[2025-11-08T14:12:15.098+0000][gc,phases     ] GC(235)   Other: 0.6ms
[2025-11-08T14:12:15.098+0000][gc,heap       ] GC(235) Eden regions: 68->0(70)
[2025-11-08T14:12:15.098+0000][gc,heap       ] GC(235) Survivor regions: 4->4(9)
[2025-11-08T14:12:15.098+0000][gc,heap       ] GC(235) Old regions: 59->59
[2025-11-08T14:12:15.099+0000][gc,heap       ] GC(235) Humongous regions: 138->138
[2025-11-08T14:12:15.099+0000][gc,metaspace  ] GC(235) Metaspace: 52045K(55216K)->52045K(55216K) NonClass: 46292K(48048K)->46292K(48048K) Class: 5753K(7168K)->5753K(7168K)
[2025-11-08T14:12:15.099+0000][gc            ] GC(235) Pause Young (Normal) (G1 Evacuation Pause) 267M->199M(667M) 13.343ms
[2025-11-08T14:12:15.099+0000][gc,cpu        ] GC(235) User=0.02s Sys=0.00s Real=0.02s
[2025-11-08T14:12:24.858+0000][gc,start      ] GC(236) Pause Young (Normal) (G1 Evacuation Pause)
[2025-11-08T14:12:24.859+0000][gc,task       ] GC(236) Using 2 workers of 2 for evacuation
[2025-11-08T14:12:24.881+0000][gc,mmu        ] GC(236) MMU target violated: 21.0ms (20.0ms/21.0ms)
[2025-11-08T14:12:24.882+0000][gc,phases     ] GC(236)   Pre Evacuate Collection Set: 0.1ms
[2025-11-08T14:12:24.883+0000][gc,phases     ] GC(236)   Evacuate Collection Set: 20.1ms
[2025-11-08T14:12:24.883+0000][gc,phases     ] GC(236)   Post Evacuate Collection Set: 1.8ms
[2025-11-08T14:12:24.884+0000][gc,phases     ] GC(236)   Other: 2.4ms
[2025-11-08T14:12:24.884+0000][gc,heap       ] GC(236) Eden regions: 70->0(65)
[2025-11-08T14:12:24.885+0000][gc,heap       ] GC(236) Survivor regions: 4->5(10)
[2025-11-08T14:12:24.885+0000][gc,heap       ] GC(236) Old regions: 59->59
[2025-11-08T14:12:24.886+0000][gc,heap       ] GC(236) Humongous regions: 138->138
[2025-11-08T14:12:24.886+0000][gc,metaspace  ] GC(236) Metaspace: 52045K(55216K)->52045K(55216K) NonClass: 46292K(48048K)->46292K(48048K) Class: 5753K(7168K)->5753K(7168K)
[2025-11-08T14:12:24.886+0000][gc            ] GC(236) Pause Young (Normal) (G1 Evacuation Pause) 269M->200M(667M) 28.067ms
[2025-11-08T14:12:24.886+0000][gc,cpu        ] GC(236) User=0.05s Sys=0.00s Real=0.03s
[2025-11-08T14:12:33.687+0000][gc,start      ] GC(237) Pause Young (Normal) (G1 Evacuation Pause)
[2025-11-08T14:12:33.688+0000][gc,task       ] GC(237) Using 2 workers of 2 for evacuation
[2025-11-08T14:12:33.700+0000][gc,phases     ] GC(237)   Pre Evacuate Collection Set: 0.0ms
[2025-11-08T14:12:33.701+0000][gc,phases     ] GC(237)   Evacuate Collection Set: 10.9ms
[2025-11-08T14:12:33.701+0000][gc,phases     ] GC(237)   Post Evacuate Collection Set: 1.2ms
[2025-11-08T14:12:33.701+0000][gc,phases     ] GC(237)   Other: 0.7ms
[2025-11-08T14:12:33.702+0000][gc,heap       ] GC(237) Eden regions: 65->0(68)
[2025-11-08T14:12:33.702+0000][gc,heap       ] GC(237) Survivor regions: 5->4(9)
[2025-11-08T14:12:33.702+0000][gc,heap       ] GC(237) Old regions: 59->59
[2025-11-08T14:12:33.703+0000][gc,heap       ] GC(237) Humongous regions: 138->138
[2025-11-08T14:12:33.703+0000][gc,metaspace  ] GC(237) Metaspace: 52045K(55216K)->52045K(55216K) NonClass: 46292K(48048K)->46292K(48048K) Class: 5753K(7168K)->5753K(7168K)
[2025-11-08T14:12:33.703+0000][gc            ] GC(237) Pause Young (Normal) (G1 Evacuation Pause) 265M->200M(667M) 16.000ms
[2025-11-08T14:12:33.704+0000][gc,cpu        ] GC(237) User=0.03s Sys=0.00s Real=0.02s
[2025-11-08T14:12:42.060+0000][gc,start      ] GC(238) Pause Young (Normal) (G1 Evacuation Pause)
[2025-11-08T14:12:42.060+0000][gc,task       ] GC(238) Using 2 workers of 2 for evacuation
[2025-11-08T14:12:42.070+0000][gc,phases     ] GC(238)   Pre Evacuate Collection Set: 0.0ms
[2025-11-08T14:12:42.071+0000][gc,phases     ] GC(238)   Evacuate Collection Set: 8.7ms
[2025-11-08T14:12:42.071+0000][gc,phases     ] GC(238)   Post Evacuate Collection Set: 0.8ms
[2025-11-08T14:12:42.071+0000][gc,phases     ] GC(238)   Other: 0.7ms
[2025-11-08T14:12:42.071+0000][gc,heap       ] GC(238) Eden regions: 62->0(68)
[2025-11-08T14:12:42.071+0000][gc,heap       ] GC(238) Survivor regions: 4->4(9)
[2025-11-08T14:12:42.071+0000][gc,heap       ] GC(238) Old regions: 59->59
[2025-11-08T14:12:42.071+0000][gc,heap       ] GC(238) Humongous regions: 138->138
[2025-11-08T14:12:42.072+0000][gc,metaspace  ] GC(238) Metaspace: 52046K(55216K)->52046K(55216K) NonClass: 46293K(48048K)->46293K(48048K) Class: 5753K(7168K)->5753K(7168K)
[2025-11-08T14:12:42.072+0000][gc            ] GC(238) Pause Young (Normal) (G1 Evacuation Pause) 262M->199M(667M) 12.043ms
[2025-11-08T14:12:42.072+0000][gc,cpu        ] GC(238) User=0.02s Sys=0.00s Real=0.01s
[2025-11-08T14:12:50.668+0000][gc,start      ] GC(239) Pause Young (Normal) (G1 Evacuation Pause)
[2025-11-08T14:12:50.668+0000][gc,task       ] GC(239) Using 2 workers of 2 for evacuation
[2025-11-08T14:12:50.680+0000][gc,phases     ] GC(239)   Pre Evacuate Collection Set: 0.0ms
[2025-11-08T14:12:50.680+0000][gc,phases     ] GC(239)   Evacuate Collection Set: 10.5ms
[2025-11-08T14:12:50.680+0000][gc,phases     ] GC(239)   Post Evacuate Collection Set: 0.8ms
[2025-11-08T14:12:50.680+0000][gc,phases     ] GC(239)   Other: 0.7ms
[2025-11-08T14:12:50.681+0000][gc,heap       ] GC(239) Eden regions: 65->0(71)
[2025-11-08T14:12:50.681+0000][gc,heap       ] GC(239) Survivor regions: 4->6(9)
[2025-11-08T14:12:50.681+0000][gc,heap       ] GC(239) Old regions: 59->59
[2025-11-08T14:12:50.681+0000][gc,heap       ] GC(239) Humongous regions: 138->138
[2025-11-08T14:12:50.681+0000][gc,metaspace  ] GC(239) Metaspace: 52046K(55216K)->52046K(55216K) NonClass: 46293K(48048K)->46293K(48048K) Class: 5753K(7168K)->5753K(7168K)
[2025-11-08T14:12:50.681+0000][gc            ] GC(239) Pause Young (Normal) (G1 Evacuation Pause) 264M->201M(667M) 13.718ms
[2025-11-08T14:12:50.682+0000][gc,cpu        ] GC(239) User=0.03s Sys=0.00s Real=0.02s
[2025-11-08T14:13:00.238+0000][gc,start      ] GC(240) Pause Young (Normal) (G1 Evacuation Pause)
[2025-11-08T14:13:00.238+0000][gc,task       ] GC(240) Using 2 workers of 2 for evacuation
[2025-11-08T14:13:00.253+0000][gc,phases     ] GC(240)   Pre Evacuate Collection Set: 0.1ms
[2025-11-08T14:13:00.253+0000][gc,phases     ] GC(240)   Evacuate Collection Set: 12.1ms
[2025-11-08T14:13:00.253+0000][gc,phases     ] GC(240)   Post Evacuate Collection Set: 1.3ms
[2025-11-08T14:13:00.254+0000][gc,phases     ] GC(240)   Other: 1.1ms
[2025-11-08T14:13:00.254+0000][gc,heap       ] GC(240) Eden regions: 71->0(73)
[2025-11-08T14:13:00.255+0000][gc,heap       ] GC(240) Survivor regions: 6->4(10)
[2025-11-08T14:13:00.255+0000][gc,heap       ] GC(240) Old regions: 59->59
[2025-11-08T14:13:00.255+0000][gc,heap       ] GC(240) Humongous regions: 138->138
[2025-11-08T14:13:00.255+0000][gc,metaspace  ] GC(240) Metaspace: 52046K(55216K)->52046K(55216K) NonClass: 46293K(48048K)->46293K(48048K) Class: 5753K(7168K)->5753K(7168K)
[2025-11-08T14:13:00.256+0000][gc            ] GC(240) Pause Young (Normal) (G1 Evacuation Pause) 272M->200M(667M) 17.825ms
[2025-11-08T14:13:00.256+0000][gc,cpu        ] GC(240) User=0.02s Sys=0.00s Real=0.02s
[2025-11-08T14:13:09.747+0000][gc,start      ] GC(241) Pause Young (Normal) (G1 Evacuation Pause)
[2025-11-08T14:13:09.748+0000][gc,task       ] GC(241) Using 2 workers of 2 for evacuation
[2025-11-08T14:13:09.760+0000][gc,phases     ] GC(241)   Pre Evacuate Collection Set: 0.0ms
[2025-11-08T14:13:09.760+0000][gc,phases     ] GC(241)   Evacuate Collection Set: 11.1ms
[2025-11-08T14:13:09.761+0000][gc,phases     ] GC(241)   Post Evacuate Collection Set: 0.9ms
[2025-11-08T14:13:09.761+0000][gc,phases     ] GC(241)   Other: 0.7ms
[2025-11-08T14:13:09.761+0000][gc,heap       ] GC(241) Eden regions: 69->0(75)
[2025-11-08T14:13:09.761+0000][gc,heap       ] GC(241) Survivor regions: 4->4(10)
[2025-11-08T14:13:09.761+0000][gc,heap       ] GC(241) Old regions: 59->59
[2025-11-08T14:13:09.762+0000][gc,heap       ] GC(241) Humongous regions: 138->138
[2025-11-08T14:13:09.762+0000][gc,metaspace  ] GC(241) Metaspace: 52051K(55216K)->52051K(55216K) NonClass: 46297K(48048K)->46297K(48048K) Class: 5753K(7168K)->5753K(7168K)
[2025-11-08T14:13:09.762+0000][gc            ] GC(241) Pause Young (Normal) (G1 Evacuation Pause) 269M->200M(667M) 14.730ms
[2025-11-08T14:13:09.762+0000][gc,cpu        ] GC(241) User=0.02s Sys=0.00s Real=0.02s
[2025-11-08T14:13:19.356+0000][gc,start      ] GC(242) Pause Young (Normal) (G1 Evacuation Pause)
[2025-11-08T14:13:19.357+0000][gc,task       ] GC(242) Using 2 workers of 2 for evacuation
[2025-11-08T14:13:19.376+0000][gc,phases     ] GC(242)   Pre Evacuate Collection Set: 0.0ms
[2025-11-08T14:13:19.377+0000][gc,phases     ] GC(242)   Evacuate Collection Set: 17.4ms
[2025-11-08T14:13:19.377+0000][gc,phases     ] GC(242)   Post Evacuate Collection Set: 1.2ms
[2025-11-08T14:13:19.377+0000][gc,phases     ] GC(242)   Other: 1.7ms
[2025-11-08T14:13:19.378+0000][gc,heap       ] GC(242) Eden regions: 70->0(72)
[2025-11-08T14:13:19.378+0000][gc,heap       ] GC(242) Survivor regions: 4->5(10)
[2025-11-08T14:13:19.378+0000][gc,heap       ] GC(242) Old regions: 59->59
[2025-11-08T14:13:19.378+0000][gc,heap       ] GC(242) Humongous regions: 138->138
[2025-11-08T14:13:19.378+0000][gc,metaspace  ] GC(242) Metaspace: 52051K(55216K)->52051K(55216K) NonClass: 46297K(48048K)->46297K(48048K) Class: 5753K(7168K)->5753K(7168K)
[2025-11-08T14:13:19.379+0000][gc            ] GC(242) Pause Young (Normal) (G1 Evacuation Pause) 270M->201M(667M) 22.627ms
[2025-11-08T14:13:19.379+0000][gc,cpu        ] GC(242) User=0.04s Sys=0.00s Real=0.02s
[2025-11-08T14:13:28.521+0000][gc,start      ] GC(243) Pause Young (Normal) (G1 Evacuation Pause)
[2025-11-08T14:13:28.521+0000][gc,task       ] GC(243) Using 2 workers of 2 for evacuation
[2025-11-08T14:13:28.535+0000][gc,phases     ] GC(243)   Pre Evacuate Collection Set: 0.0ms
[2025-11-08T14:13:28.535+0000][gc,phases     ] GC(243)   Evacuate Collection Set: 11.6ms
[2025-11-08T14:13:28.535+0000][gc,phases     ] GC(243)   Post Evacuate Collection Set: 1.2ms
[2025-11-08T14:13:28.536+0000][gc,phases     ] GC(243)   Other: 0.9ms
[2025-11-08T14:13:28.536+0000][gc,heap       ] GC(243) Eden regions: 67->0(75)
[2025-11-08T14:13:28.536+0000][gc,heap       ] GC(243) Survivor regions: 5->5(9)
[2025-11-08T14:13:28.536+0000][gc,heap       ] GC(243) Old regions: 59->60
[2025-11-08T14:13:28.537+0000][gc,heap       ] GC(243) Humongous regions: 138->138
[2025-11-08T14:13:28.537+0000][gc,metaspace  ] GC(243) Metaspace: 52051K(55216K)->52051K(55216K) NonClass: 46297K(48048K)->46297K(48048K) Class: 5753K(7168K)->5753K(7168K)
[2025-11-08T14:13:28.537+0000][gc            ] GC(243) Pause Young (Normal) (G1 Evacuation Pause) 268M->201M(667M) 16.205ms
[2025-11-08T14:13:28.537+0000][gc,cpu        ] GC(243) User=0.02s Sys=0.00s Real=0.01s
[2025-11-08T14:13:37.832+0000][gc,start      ] GC(244) Pause Young (Normal) (G1 Evacuation Pause)
[2025-11-08T14:13:37.833+0000][gc,task       ] GC(244) Using 2 workers of 2 for evacuation
[2025-11-08T14:13:37.847+0000][gc,phases     ] GC(244)   Pre Evacuate Collection Set: 0.0ms
[2025-11-08T14:13:37.847+0000][gc,phases     ] GC(244)   Evacuate Collection Set: 12.5ms
[2025-11-08T14:13:37.848+0000][gc,phases     ] GC(244)   Post Evacuate Collection Set: 1.3ms
[2025-11-08T14:13:37.848+0000][gc,phases     ] GC(244)   Other: 0.9ms
[2025-11-08T14:13:37.848+0000][gc,heap       ] GC(244) Eden regions: 69->0(77)
[2025-11-08T14:13:37.849+0000][gc,heap       ] GC(244) Survivor regions: 5->5(10)
[2025-11-08T14:13:37.849+0000][gc,heap       ] GC(244) Old regions: 60->60
[2025-11-08T14:13:37.849+0000][gc,heap       ] GC(244) Humongous regions: 138->138
[2025-11-08T14:13:37.849+0000][gc,metaspace  ] GC(244) Metaspace: 52051K(55216K)->52051K(55216K) NonClass: 46297K(48048K)->46297K(48048K) Class: 5753K(7168K)->5753K(7168K)
[2025-11-08T14:13:37.850+0000][gc            ] GC(244) Pause Young (Normal) (G1 Evacuation Pause) 270M->202M(667M) 17.449ms
[2025-11-08T14:13:37.850+0000][gc,cpu        ] GC(244) User=0.03s Sys=0.00s Real=0.02s
[2025-11-08T14:13:47.455+0000][gc,start      ] GC(245) Pause Young (Normal) (G1 Evacuation Pause)
[2025-11-08T14:13:47.456+0000][gc,task       ] GC(245) Using 2 workers of 2 for evacuation
[2025-11-08T14:13:47.472+0000][gc,phases     ] GC(245)   Pre Evacuate Collection Set: 0.0ms
[2025-11-08T14:13:47.472+0000][gc,phases     ] GC(245)   Evacuate Collection Set: 15.0ms
[2025-11-08T14:13:47.473+0000][gc,phases     ] GC(245)   Post Evacuate Collection Set: 1.0ms
[2025-11-08T14:13:47.473+0000][gc,phases     ] GC(245)   Other: 0.8ms
[2025-11-08T14:13:47.473+0000][gc,heap       ] GC(245) Eden regions: 70->0(77)
[2025-11-08T14:13:47.473+0000][gc,heap       ] GC(245) Survivor regions: 5->5(10)
[2025-11-08T14:13:47.473+0000][gc,heap       ] GC(245) Old regions: 60->60
[2025-11-08T14:13:47.474+0000][gc,heap       ] GC(245) Humongous regions: 138->138
[2025-11-08T14:13:47.474+0000][gc,metaspace  ] GC(245) Metaspace: 52051K(55216K)->52051K(55216K) NonClass: 46297K(48048K)->46297K(48048K) Class: 5753K(7168K)->5753K(7168K)
[2025-11-08T14:13:47.474+0000][gc            ] GC(245) Pause Young (Normal) (G1 Evacuation Pause) 272M->202M(667M) 18.773ms
[2025-11-08T14:13:47.474+0000][gc,cpu        ] GC(245) User=0.03s Sys=0.00s Real=0.02s
[2025-11-08T14:13:58.370+0000][gc,start      ] GC(246) Pause Young (Normal) (G1 Evacuation Pause)
[2025-11-08T14:13:58.370+0000][gc,task       ] GC(246) Using 2 workers of 2 for evacuation
[2025-11-08T14:13:58.384+0000][gc,phases     ] GC(246)   Pre Evacuate Collection Set: 0.1ms
[2025-11-08T14:13:58.384+0000][gc,phases     ] GC(246)   Evacuate Collection Set: 12.3ms
[2025-11-08T14:13:58.385+0000][gc,phases     ] GC(246)   Post Evacuate Collection Set: 1.1ms
[2025-11-08T14:13:58.385+0000][gc,phases     ] GC(246)   Other: 1.0ms
[2025-11-08T14:13:58.385+0000][gc,heap       ] GC(246) Eden regions: 77->0(79)
[2025-11-08T14:13:58.385+0000][gc,heap       ] GC(246) Survivor regions: 5->4(11)
[2025-11-08T14:13:58.385+0000][gc,heap       ] GC(246) Old regions: 60->60
[2025-11-08T14:13:58.386+0000][gc,heap       ] GC(246) Humongous regions: 138->138
[2025-11-08T14:13:58.386+0000][gc,metaspace  ] GC(246) Metaspace: 52051K(55216K)->52051K(55216K) NonClass: 46297K(48048K)->46297K(48048K) Class: 5753K(7168K)->5753K(7168K)
[2025-11-08T14:13:58.386+0000][gc            ] GC(246) Pause Young (Normal) (G1 Evacuation Pause) 279M->201M(667M) 16.571ms
[2025-11-08T14:13:58.386+0000][gc,cpu        ] GC(246) User=0.02s Sys=0.00s Real=0.02s
[2025-11-08T14:14:10.249+0000][gc,start      ] GC(247) Pause Young (Normal) (G1 Evacuation Pause)
[2025-11-08T14:14:10.249+0000][gc,task       ] GC(247) Using 2 workers of 2 for evacuation
[2025-11-08T14:14:10.267+0000][gc,phases     ] GC(247)   Pre Evacuate Collection Set: 0.0ms
[2025-11-08T14:14:10.267+0000][gc,phases     ] GC(247)   Evacuate Collection Set: 16.1ms
[2025-11-08T14:14:10.267+0000][gc,phases     ] GC(247)   Post Evacuate Collection Set: 1.1ms
[2025-11-08T14:14:10.270+0000][gc,phases     ] GC(247)   Other: 1.1ms
[2025-11-08T14:14:10.270+0000][gc,heap       ] GC(247) Eden regions: 79->0(79)
[2025-11-08T14:14:10.271+0000][gc,heap       ] GC(247) Survivor regions: 4->6(11)
[2025-11-08T14:14:10.271+0000][gc,heap       ] GC(247) Old regions: 60->60
[2025-11-08T14:14:10.272+0000][gc,heap       ] GC(247) Humongous regions: 138->138
[2025-11-08T14:14:10.272+0000][gc,metaspace  ] GC(247) Metaspace: 52051K(55216K)->52051K(55216K) NonClass: 46297K(48048K)->46297K(48048K) Class: 5753K(7168K)->5753K(7168K)
[2025-11-08T14:14:10.272+0000][gc            ] GC(247) Pause Young (Normal) (G1 Evacuation Pause) 280M->203M(667M) 23.551ms
[2025-11-08T14:14:10.272+0000][gc,cpu        ] GC(247) User=0.03s Sys=0.00s Real=0.03s
[2025-11-08T14:14:20.572+0000][gc,start      ] GC(248) Pause Young (Normal) (G1 Evacuation Pause)
[2025-11-08T14:14:20.573+0000][gc,task       ] GC(248) Using 2 workers of 2 for evacuation
[2025-11-08T14:14:20.591+0000][gc,phases     ] GC(248)   Pre Evacuate Collection Set: 0.0ms
[2025-11-08T14:14:20.591+0000][gc,phases     ] GC(248)   Evacuate Collection Set: 16.5ms
[2025-11-08T14:14:20.591+0000][gc,phases     ] GC(248)   Post Evacuate Collection Set: 1.1ms
[2025-11-08T14:14:20.591+0000][gc,phases     ] GC(248)   Other: 0.7ms
[2025-11-08T14:14:20.592+0000][gc,heap       ] GC(248) Eden regions: 72->0(78)
[2025-11-08T14:14:20.592+0000][gc,heap       ] GC(248) Survivor regions: 6->6(10)
[2025-11-08T14:14:20.592+0000][gc,heap       ] GC(248) Old regions: 60->61
[2025-11-08T14:14:20.592+0000][gc,heap       ] GC(248) Humongous regions: 138->138
[2025-11-08T14:14:20.592+0000][gc,metaspace  ] GC(248) Metaspace: 52051K(55216K)->52051K(55216K) NonClass: 46297K(48048K)->46297K(48048K) Class: 5753K(7168K)->5753K(7168K)
[2025-11-08T14:14:20.593+0000][gc            ] GC(248) Pause Young (Normal) (G1 Evacuation Pause) 275M->204M(667M) 20.319ms
[2025-11-08T14:14:20.593+0000][gc,cpu        ] GC(248) User=0.04s Sys=0.00s Real=0.02s
[2025-11-08T14:14:29.324+0000][gc,start      ] GC(249) Pause Young (Normal) (G1 Evacuation Pause)
[2025-11-08T14:14:29.325+0000][gc,task       ] GC(249) Using 2 workers of 2 for evacuation
[2025-11-08T14:14:29.349+0000][gc,mmu        ] GC(249) MMU target violated: 21.0ms (20.0ms/21.0ms)
[2025-11-08T14:14:29.350+0000][gc,phases     ] GC(249)   Pre Evacuate Collection Set: 0.1ms
[2025-11-08T14:14:29.350+0000][gc,phases     ] GC(249)   Evacuate Collection Set: 22.7ms
[2025-11-08T14:14:29.350+0000][gc,phases     ] GC(249)   Post Evacuate Collection Set: 1.0ms
[2025-11-08T14:14:29.350+0000][gc,phases     ] GC(249)   Other: 1.7ms
[2025-11-08T14:14:29.351+0000][gc,heap       ] GC(249) Eden regions: 64->0(65)
[2025-11-08T14:14:29.351+0000][gc,heap       ] GC(249) Survivor regions: 6->5(9)
[2025-11-08T14:14:29.351+0000][gc,heap       ] GC(249) Old regions: 61->62
[2025-11-08T14:14:29.351+0000][gc,heap       ] GC(249) Humongous regions: 138->138
[2025-11-08T14:14:29.351+0000][gc,metaspace  ] GC(249) Metaspace: 52051K(55216K)->52051K(55216K) NonClass: 46297K(48048K)->46297K(48048K) Class: 5753K(7168K)->5753K(7168K)
[2025-11-08T14:14:29.352+0000][gc            ] GC(249) Pause Young (Normal) (G1 Evacuation Pause) 268M->204M(667M) 27.443ms
[2025-11-08T14:14:29.352+0000][gc,cpu        ] GC(249) User=0.05s Sys=0.00s Real=0.03s
[2025-11-08T14:14:33.023+0000][gc,start      ] GC(250) Pause Young (Normal) (G1 Evacuation Pause)
[2025-11-08T14:14:33.023+0000][gc,task       ] GC(250) Using 2 workers of 2 for evacuation
[2025-11-08T14:14:33.035+0000][gc,phases     ] GC(250)   Pre Evacuate Collection Set: 0.0ms
[2025-11-08T14:14:33.035+0000][gc,phases     ] GC(250)   Evacuate Collection Set: 10.5ms
[2025-11-08T14:14:33.035+0000][gc,phases     ] GC(250)   Post Evacuate Collection Set: 0.8ms
[2025-11-08T14:14:33.035+0000][gc,phases     ] GC(250)   Other: 0.7ms
[2025-11-08T14:14:33.035+0000][gc,heap       ] GC(250) Eden regions: 28->0(71)
[2025-11-08T14:14:33.036+0000][gc,heap       ] GC(250) Survivor regions: 5->2(5)
[2025-11-08T14:14:33.036+0000][gc,heap       ] GC(250) Old regions: 62->64
[2025-11-08T14:14:33.036+0000][gc,heap       ] GC(250) Humongous regions: 138->138
[2025-11-08T14:14:33.036+0000][gc,metaspace  ] GC(250) Metaspace: 52051K(55216K)->52051K(55216K) NonClass: 46297K(48048K)->46297K(48048K) Class: 5753K(7168K)->5753K(7168K)
[2025-11-08T14:14:33.037+0000][gc            ] GC(250) Pause Young (Normal) (G1 Evacuation Pause) 232M->203M(667M) 14.286ms
[2025-11-08T14:14:33.037+0000][gc,cpu        ] GC(250) User=0.02s Sys=0.00s Real=0.01s
[2025-11-08T14:14:42.309+0000][gc,start      ] GC(251) Pause Young (Normal) (G1 Evacuation Pause)
[2025-11-08T14:14:42.310+0000][gc,task       ] GC(251) Using 2 workers of 2 for evacuation
[2025-11-08T14:14:42.318+0000][gc,phases     ] GC(251)   Pre Evacuate Collection Set: 0.0ms
[2025-11-08T14:14:42.318+0000][gc,phases     ] GC(251)   Evacuate Collection Set: 6.8ms
[2025-11-08T14:14:42.318+0000][gc,phases     ] GC(251)   Post Evacuate Collection Set: 0.8ms
[2025-11-08T14:14:42.318+0000][gc,phases     ] GC(251)   Other: 0.6ms
[2025-11-08T14:14:42.318+0000][gc,heap       ] GC(251) Eden regions: 71->0(76)
[2025-11-08T14:14:42.319+0000][gc,heap       ] GC(251) Survivor regions: 2->3(10)
[2025-11-08T14:14:42.319+0000][gc,heap       ] GC(251) Old regions: 64->64
[2025-11-08T14:14:42.319+0000][gc,heap       ] GC(251) Humongous regions: 138->138
[2025-11-08T14:14:42.319+0000][gc,metaspace  ] GC(251) Metaspace: 52051K(55216K)->52051K(55216K) NonClass: 46298K(48048K)->46298K(48048K) Class: 5753K(7168K)->5753K(7168K)
[2025-11-08T14:14:42.319+0000][gc            ] GC(251) Pause Young (Normal) (G1 Evacuation Pause) 274M->204M(667M) 9.775ms
[2025-11-08T14:14:42.319+0000][gc,cpu        ] GC(251) User=0.01s Sys=0.00s Real=0.01s
[2025-11-08T14:14:57.030+0000][gc,start      ] GC(252) Pause Young (Normal) (G1 Evacuation Pause)
[2025-11-08T14:14:57.034+0000][gc,task       ] GC(252) Using 2 workers of 2 for evacuation
[2025-11-08T14:14:57.158+0000][gc,mmu        ] GC(252) MMU target violated: 21.0ms (20.0ms/21.0ms)
[2025-11-08T14:14:57.161+0000][gc,phases     ] GC(252)   Pre Evacuate Collection Set: 0.1ms
[2025-11-08T14:14:57.166+0000][gc,phases     ] GC(252)   Evacuate Collection Set: 77.8ms
[2025-11-08T14:14:57.167+0000][gc,phases     ] GC(252)   Post Evacuate Collection Set: 44.9ms
[2025-11-08T14:14:57.168+0000][gc,phases     ] GC(252)   Other: 8.5ms
[2025-11-08T14:14:57.168+0000][gc,heap       ] GC(252) Eden regions: 76->0(29)
[2025-11-08T14:14:57.169+0000][gc,heap       ] GC(252) Survivor regions: 3->4(10)
[2025-11-08T14:14:57.170+0000][gc,heap       ] GC(252) Old regions: 64->64
[2025-11-08T14:14:57.172+0000][gc,heap       ] GC(252) Humongous regions: 138->138
[2025-11-08T14:14:57.174+0000][gc,metaspace  ] GC(252) Metaspace: 52051K(55216K)->52051K(55216K) NonClass: 46298K(48048K)->46298K(48048K) Class: 5753K(7168K)->5753K(7168K)
[2025-11-08T14:14:57.177+0000][gc            ] GC(252) Pause Young (Normal) (G1 Evacuation Pause) 280M->205M(667M) 146.530ms
[2025-11-08T14:14:57.177+0000][gc,cpu        ] GC(252) User=0.12s Sys=0.00s Real=0.15s
[2025-11-08T14:15:03.473+0000][gc,start      ] GC(253) Pause Young (Normal) (G1 Evacuation Pause)
[2025-11-08T14:15:03.476+0000][gc,task       ] GC(253) Using 2 workers of 2 for evacuation
[2025-11-08T14:15:03.528+0000][gc,mmu        ] GC(253) MMU target violated: 21.0ms (20.0ms/21.0ms)
[2025-11-08T14:15:03.530+0000][gc,phases     ] GC(253)   Pre Evacuate Collection Set: 0.4ms
[2025-11-08T14:15:03.531+0000][gc,phases     ] GC(253)   Evacuate Collection Set: 43.7ms
[2025-11-08T14:15:03.532+0000][gc,phases     ] GC(253)   Post Evacuate Collection Set: 1.9ms
[2025-11-08T14:15:03.537+0000][gc,phases     ] GC(253)   Other: 10.7ms
[2025-11-08T14:15:03.542+0000][gc,heap       ] GC(253) Eden regions: 29->0(30)
[2025-11-08T14:15:03.544+0000][gc,heap       ] GC(253) Survivor regions: 4->3(5)
[2025-11-08T14:15:03.546+0000][gc,heap       ] GC(253) Old regions: 64->65
[2025-11-08T14:15:03.547+0000][gc,heap       ] GC(253) Humongous regions: 138->138
[2025-11-08T14:15:03.548+0000][gc,metaspace  ] GC(253) Metaspace: 52051K(55216K)->52051K(55216K) NonClass: 46298K(48048K)->46298K(48048K) Class: 5753K(7168K)->5753K(7168K)
[2025-11-08T14:15:03.555+0000][gc            ] GC(253) Pause Young (Normal) (G1 Evacuation Pause) 234M->204M(667M) 81.689ms
[2025-11-08T14:15:03.560+0000][gc,cpu        ] GC(253) User=0.07s Sys=0.02s Real=0.08s
[2025-11-08T14:15:12.001+0000][gc,start      ] GC(254) Pause Young (Normal) (G1 Evacuation Pause)
[2025-11-08T14:15:12.002+0000][gc,task       ] GC(254) Using 2 workers of 2 for evacuation
[2025-11-08T14:15:12.107+0000][gc,mmu        ] GC(254) MMU target violated: 21.0ms (20.0ms/21.0ms)
[2025-11-08T14:15:12.108+0000][gc,phases     ] GC(254)   Pre Evacuate Collection Set: 1.3ms
[2025-11-08T14:15:12.109+0000][gc,phases     ] GC(254)   Evacuate Collection Set: 83.8ms
[2025-11-08T14:15:12.110+0000][gc,phases     ] GC(254)   Post Evacuate Collection Set: 11.1ms
[2025-11-08T14:15:12.111+0000][gc,phases     ] GC(254)   Other: 10.9ms
[2025-11-08T14:15:12.116+0000][gc,heap       ] GC(254) Eden regions: 30->0(31)
[2025-11-08T14:15:12.121+0000][gc,heap       ] GC(254) Survivor regions: 3->2(5)
[2025-11-08T14:15:12.123+0000][gc,heap       ] GC(254) Old regions: 65->65
[2025-11-08T14:15:12.124+0000][gc,heap       ] GC(254) Humongous regions: 138->138
[2025-11-08T14:15:12.125+0000][gc,metaspace  ] GC(254) Metaspace: 52051K(55216K)->52051K(55216K) NonClass: 46298K(48048K)->46298K(48048K) Class: 5753K(7168K)->5753K(7168K)
[2025-11-08T14:15:12.127+0000][gc            ] GC(254) Pause Young (Normal) (G1 Evacuation Pause) 234M->204M(667M) 126.387ms
[2025-11-08T14:15:12.128+0000][gc,cpu        ] GC(254) User=0.12s Sys=0.03s Real=0.13s
[2025-11-08T14:15:18.622+0000][gc,start      ] GC(255) Pause Young (Normal) (G1 Evacuation Pause)
[2025-11-08T14:15:18.623+0000][gc,task       ] GC(255) Using 2 workers of 2 for evacuation
[2025-11-08T14:15:18.654+0000][gc,mmu        ] GC(255) MMU target violated: 21.0ms (20.0ms/21.0ms)
[2025-11-08T14:15:18.655+0000][gc,phases     ] GC(255)   Pre Evacuate Collection Set: 0.0ms
[2025-11-08T14:15:18.656+0000][gc,phases     ] GC(255)   Evacuate Collection Set: 26.2ms
[2025-11-08T14:15:18.657+0000][gc,phases     ] GC(255)   Post Evacuate Collection Set: 3.5ms
[2025-11-08T14:15:18.658+0000][gc,phases     ] GC(255)   Other: 3.1ms
[2025-11-08T14:15:18.660+0000][gc,heap       ] GC(255) Eden regions: 31->0(31)
[2025-11-08T14:15:18.661+0000][gc,heap       ] GC(255) Survivor regions: 2->2(5)
[2025-11-08T14:15:18.670+0000][gc,heap       ] GC(255) Old regions: 65->65
[2025-11-08T14:15:18.670+0000][gc,heap       ] GC(255) Humongous regions: 138->138
[2025-11-08T14:15:18.671+0000][gc,metaspace  ] GC(255) Metaspace: 52051K(55216K)->52051K(55216K) NonClass: 46298K(48048K)->46298K(48048K) Class: 5753K(7168K)->5753K(7168K)
[2025-11-08T14:15:18.673+0000][gc            ] GC(255) Pause Young (Normal) (G1 Evacuation Pause) 235M->204M(667M) 51.264ms
[2025-11-08T14:15:18.678+0000][gc,cpu        ] GC(255) User=0.06s Sys=0.00s Real=0.06s
[2025-11-08T14:15:27.773+0000][gc,start      ] GC(256) Pause Young (Normal) (G1 Evacuation Pause)
[2025-11-08T14:15:27.779+0000][gc,task       ] GC(256) Using 2 workers of 2 for evacuation
[2025-11-08T14:15:27.843+0000][gc,mmu        ] GC(256) MMU target violated: 21.0ms (20.0ms/21.0ms)
[2025-11-08T14:15:27.845+0000][gc,phases     ] GC(256)   Pre Evacuate Collection Set: 0.3ms
[2025-11-08T14:15:27.845+0000][gc,phases     ] GC(256)   Evacuate Collection Set: 50.5ms
[2025-11-08T14:15:27.846+0000][gc,phases     ] GC(256)   Post Evacuate Collection Set: 6.0ms
[2025-11-08T14:15:27.847+0000][gc,phases     ] GC(256)   Other: 14.6ms
[2025-11-08T14:15:27.848+0000][gc,heap       ] GC(256) Eden regions: 31->0(29)
[2025-11-08T14:15:27.849+0000][gc,heap       ] GC(256) Survivor regions: 2->4(5)
[2025-11-08T14:15:27.852+0000][gc,heap       ] GC(256) Old regions: 65->65
[2025-11-08T14:15:27.855+0000][gc,heap       ] GC(256) Humongous regions: 138->138
[2025-11-08T14:15:27.857+0000][gc,metaspace  ] GC(256) Metaspace: 52051K(55216K)->52051K(55216K) NonClass: 46298K(48048K)->46298K(48048K) Class: 5753K(7168K)->5753K(7168K)
[2025-11-08T14:15:27.858+0000][gc            ] GC(256) Pause Young (Normal) (G1 Evacuation Pause) 235M->205M(667M) 84.242ms
[2025-11-08T14:15:27.859+0000][gc,cpu        ] GC(256) User=0.09s Sys=0.00s Real=0.09s
[2025-11-08T14:15:33.545+0000][gc,start      ] GC(257) Pause Young (Normal) (G1 Evacuation Pause)
[2025-11-08T14:15:33.546+0000][gc,task       ] GC(257) Using 2 workers of 2 for evacuation
[2025-11-08T14:15:33.586+0000][gc,mmu        ] GC(257) MMU target violated: 21.0ms (20.0ms/21.0ms)
[2025-11-08T14:15:33.587+0000][gc,phases     ] GC(257)   Pre Evacuate Collection Set: 0.2ms
[2025-11-08T14:15:33.588+0000][gc,phases     ] GC(257)   Evacuate Collection Set: 34.1ms
[2025-11-08T14:15:33.589+0000][gc,phases     ] GC(257)   Post Evacuate Collection Set: 3.7ms
[2025-11-08T14:15:33.589+0000][gc,phases     ] GC(257)   Other: 4.5ms
[2025-11-08T14:15:33.590+0000][gc,heap       ] GC(257) Eden regions: 29->0(30)
[2025-11-08T14:15:33.591+0000][gc,heap       ] GC(257) Survivor regions: 4->3(5)
[2025-11-08T14:15:33.591+0000][gc,heap       ] GC(257) Old regions: 65->66
[2025-11-08T14:15:33.592+0000][gc,heap       ] GC(257) Humongous regions: 138->138
[2025-11-08T14:15:33.592+0000][gc,metaspace  ] GC(257) Metaspace: 52051K(55216K)->52051K(55216K) NonClass: 46298K(48048K)->46298K(48048K) Class: 5753K(7168K)->5753K(7168K)
[2025-11-08T14:15:33.592+0000][gc            ] GC(257) Pause Young (Normal) (G1 Evacuation Pause) 234M->205M(667M) 46.899ms
[2025-11-08T14:15:33.593+0000][gc,cpu        ] GC(257) User=0.08s Sys=0.00s Real=0.04s
[2025-11-08T14:15:40.260+0000][gc,start      ] GC(258) Pause Young (Normal) (G1 Evacuation Pause)
[2025-11-08T14:15:40.267+0000][gc,task       ] GC(258) Using 2 workers of 2 for evacuation
[2025-11-08T14:15:40.336+0000][gc,mmu        ] GC(258) MMU target violated: 21.0ms (20.0ms/21.0ms)
[2025-11-08T14:15:40.337+0000][gc,phases     ] GC(258)   Pre Evacuate Collection Set: 0.1ms
[2025-11-08T14:15:40.338+0000][gc,phases     ] GC(258)   Evacuate Collection Set: 61.6ms
[2025-11-08T14:15:40.338+0000][gc,phases     ] GC(258)   Post Evacuate Collection Set: 1.4ms
[2025-11-08T14:15:40.338+0000][gc,phases     ] GC(258)   Other: 14.2ms
[2025-11-08T14:15:40.339+0000][gc,heap       ] GC(258) Eden regions: 30->0(31)
[2025-11-08T14:15:40.341+0000][gc,heap       ] GC(258) Survivor regions: 3->2(5)
[2025-11-08T14:15:40.342+0000][gc,heap       ] GC(258) Old regions: 66->66
[2025-11-08T14:15:40.343+0000][gc,heap       ] GC(258) Humongous regions: 138->138
[2025-11-08T14:15:40.346+0000][gc,metaspace  ] GC(258) Metaspace: 52051K(55216K)->52051K(55216K) NonClass: 46298K(48048K)->46298K(48048K) Class: 5753K(7168K)->5753K(7168K)
[2025-11-08T14:15:40.347+0000][gc            ] GC(258) Pause Young (Normal) (G1 Evacuation Pause) 235M->204M(667M) 87.208ms
[2025-11-08T14:15:40.348+0000][gc,cpu        ] GC(258) User=0.12s Sys=0.00s Real=0.08s
[2025-11-08T14:15:48.350+0000][gc,start      ] GC(259) Pause Young (Normal) (G1 Evacuation Pause)
[2025-11-08T14:15:48.351+0000][gc,task       ] GC(259) Using 2 workers of 2 for evacuation
[2025-11-08T14:15:48.385+0000][gc,mmu        ] GC(259) MMU target violated: 21.0ms (20.0ms/21.0ms)
[2025-11-08T14:15:48.386+0000][gc,phases     ] GC(259)   Pre Evacuate Collection Set: 0.2ms
[2025-11-08T14:15:48.388+0000][gc,phases     ] GC(259)   Evacuate Collection Set: 26.1ms
[2025-11-08T14:15:48.389+0000][gc,phases     ] GC(259)   Post Evacuate Collection Set: 4.4ms
[2025-11-08T14:15:48.390+0000][gc,phases     ] GC(259)   Other: 5.2ms
[2025-11-08T14:15:48.391+0000][gc,heap       ] GC(259) Eden regions: 31->0(31)
[2025-11-08T14:15:48.392+0000][gc,heap       ] GC(259) Survivor regions: 2->2(5)
[2025-11-08T14:15:48.392+0000][gc,heap       ] GC(259) Old regions: 66->66
[2025-11-08T14:15:48.393+0000][gc,heap       ] GC(259) Humongous regions: 138->138
[2025-11-08T14:15:48.394+0000][gc,metaspace  ] GC(259) Metaspace: 52051K(55216K)->52051K(55216K) NonClass: 46298K(48048K)->46298K(48048K) Class: 5753K(7168K)->5753K(7168K)
[2025-11-08T14:15:48.399+0000][gc            ] GC(259) Pause Young (Normal) (G1 Evacuation Pause) 235M->204M(667M) 49.686ms
[2025-11-08T14:15:48.400+0000][gc,cpu        ] GC(259) User=0.06s Sys=0.00s Real=0.05s
[2025-11-08T14:15:54.239+0000][gc,start      ] GC(260) Pause Young (Normal) (G1 Evacuation Pause)
[2025-11-08T14:15:54.240+0000][gc,task       ] GC(260) Using 2 workers of 2 for evacuation
[2025-11-08T14:15:54.317+0000][gc,mmu        ] GC(260) MMU target violated: 21.0ms (20.0ms/21.0ms)
[2025-11-08T14:15:54.319+0000][gc,phases     ] GC(260)   Pre Evacuate Collection Set: 0.1ms
[2025-11-08T14:15:54.320+0000][gc,phases     ] GC(260)   Evacuate Collection Set: 72.3ms
[2025-11-08T14:15:54.321+0000][gc,phases     ] GC(260)   Post Evacuate Collection Set: 2.6ms
[2025-11-08T14:15:54.322+0000][gc,phases     ] GC(260)   Other: 4.8ms
[2025-11-08T14:15:54.322+0000][gc,heap       ] GC(260) Eden regions: 31->0(29)
[2025-11-08T14:15:54.323+0000][gc,heap       ] GC(260) Survivor regions: 2->4(5)
[2025-11-08T14:15:54.324+0000][gc,heap       ] GC(260) Old regions: 66->66
[2025-11-08T14:15:54.330+0000][gc,heap       ] GC(260) Humongous regions: 138->138
[2025-11-08T14:15:54.334+0000][gc,metaspace  ] GC(260) Metaspace: 52051K(55216K)->52051K(55216K) NonClass: 46298K(48048K)->46298K(48048K) Class: 5753K(7168K)->5753K(7168K)
[2025-11-08T14:15:54.336+0000][gc            ] GC(260) Pause Young (Normal) (G1 Evacuation Pause) 235M->206M(667M) 97.372ms
[2025-11-08T14:15:54.337+0000][gc,cpu        ] GC(260) User=0.08s Sys=0.00s Real=0.10s
[2025-11-08T14:16:00.666+0000][gc,start      ] GC(261) Pause Young (Normal) (G1 Evacuation Pause)
[2025-11-08T14:16:00.667+0000][gc,task       ] GC(261) Using 2 workers of 2 for evacuation
[2025-11-08T14:16:00.765+0000][gc,mmu        ] GC(261) MMU target violated: 21.0ms (20.0ms/21.0ms)
[2025-11-08T14:16:00.768+0000][gc,phases     ] GC(261)   Pre Evacuate Collection Set: 0.1ms
[2025-11-08T14:16:00.775+0000][gc,phases     ] GC(261)   Evacuate Collection Set: 83.9ms
[2025-11-08T14:16:00.776+0000][gc,phases     ] GC(261)   Post Evacuate Collection Set: 11.4ms
[2025-11-08T14:16:00.778+0000][gc,phases     ] GC(261)   Other: 6.9ms
[2025-11-08T14:16:00.782+0000][gc,heap       ] GC(261) Eden regions: 29->0(31)
[2025-11-08T14:16:00.783+0000][gc,heap       ] GC(261) Survivor regions: 4->2(5)
[2025-11-08T14:16:00.784+0000][gc,heap       ] GC(261) Old regions: 66->66
[2025-11-08T14:16:00.788+0000][gc,heap       ] GC(261) Humongous regions: 138->138
[2025-11-08T14:16:00.791+0000][gc,metaspace  ] GC(261) Metaspace: 52051K(55216K)->52051K(55216K) NonClass: 46298K(48048K)->46298K(48048K) Class: 5753K(7168K)->5753K(7168K)
[2025-11-08T14:16:00.792+0000][gc            ] GC(261) Pause Young (Normal) (G1 Evacuation Pause) 235M->205M(667M) 126.296ms
[2025-11-08T14:16:00.793+0000][gc,cpu        ] GC(261) User=0.12s Sys=0.03s Real=0.13s
[2025-11-08T14:16:09.748+0000][gc,start      ] GC(262) Pause Young (Normal) (G1 Evacuation Pause)
[2025-11-08T14:16:09.772+0000][gc,task       ] GC(262) Using 2 workers of 2 for evacuation
[2025-11-08T14:16:09.918+0000][gc,mmu        ] GC(262) MMU target violated: 21.0ms (20.0ms/21.0ms)
[2025-11-08T14:16:09.932+0000][gc,phases     ] GC(262)   Pre Evacuate Collection Set: 0.1ms
[2025-11-08T14:16:09.936+0000][gc,phases     ] GC(262)   Evacuate Collection Set: 100.9ms
[2025-11-08T14:16:09.939+0000][gc,phases     ] GC(262)   Post Evacuate Collection Set: 13.4ms
[2025-11-08T14:16:09.941+0000][gc,phases     ] GC(262)   Other: 69.4ms
[2025-11-08T14:16:09.942+0000][gc,heap       ] GC(262) Eden regions: 31->0(31)
[2025-11-08T14:16:09.944+0000][gc,heap       ] GC(262) Survivor regions: 2->2(5)
[2025-11-08T14:16:09.952+0000][gc,heap       ] GC(262) Old regions: 66->66
[2025-11-08T14:16:09.953+0000][gc,heap       ] GC(262) Humongous regions: 138->138
[2025-11-08T14:16:09.954+0000][gc,metaspace  ] GC(262) Metaspace: 52051K(55216K)->52051K(55216K) NonClass: 46298K(48048K)->46298K(48048K) Class: 5753K(7168K)->5753K(7168K)
[2025-11-08T14:16:09.957+0000][gc            ] GC(262) Pause Young (Normal) (G1 Evacuation Pause) 236M->205M(667M) 209.040ms
[2025-11-08T14:16:09.960+0000][gc,cpu        ] GC(262) User=0.11s Sys=0.02s Real=0.21s
[2025-11-08T14:16:18.949+0000][gc,start      ] GC(263) Pause Young (Normal) (G1 Evacuation Pause)
[2025-11-08T14:16:18.950+0000][gc,task       ] GC(263) Using 2 workers of 2 for evacuation
[2025-11-08T14:16:19.029+0000][gc,mmu        ] GC(263) MMU target violated: 21.0ms (20.0ms/21.0ms)
[2025-11-08T14:16:19.034+0000][gc,phases     ] GC(263)   Pre Evacuate Collection Set: 0.5ms
[2025-11-08T14:16:19.035+0000][gc,phases     ] GC(263)   Evacuate Collection Set: 62.4ms
[2025-11-08T14:16:19.040+0000][gc,phases     ] GC(263)   Post Evacuate Collection Set: 8.4ms
[2025-11-08T14:16:19.040+0000][gc,phases     ] GC(263)   Other: 13.4ms
[2025-11-08T14:16:19.041+0000][gc,heap       ] GC(263) Eden regions: 31->0(31)
[2025-11-08T14:16:19.044+0000][gc,heap       ] GC(263) Survivor regions: 2->2(5)
[2025-11-08T14:16:19.044+0000][gc,heap       ] GC(263) Old regions: 66->66
[2025-11-08T14:16:19.046+0000][gc,heap       ] GC(263) Humongous regions: 138->138
[2025-11-08T14:16:19.047+0000][gc,metaspace  ] GC(263) Metaspace: 52051K(55216K)->52051K(55216K) NonClass: 46298K(48048K)->46298K(48048K) Class: 5753K(7168K)->5753K(7168K)
[2025-11-08T14:16:19.049+0000][gc            ] GC(263) Pause Young (Normal) (G1 Evacuation Pause) 236M->205M(667M) 99.748ms
[2025-11-08T14:16:19.050+0000][gc,cpu        ] GC(263) User=0.12s Sys=0.01s Real=0.10s
[2025-11-08T14:16:26.195+0000][gc,start      ] GC(264) Pause Young (Normal) (G1 Evacuation Pause)
[2025-11-08T14:16:26.195+0000][gc,task       ] GC(264) Using 2 workers of 2 for evacuation
[2025-11-08T14:16:26.240+0000][gc,mmu        ] GC(264) MMU target violated: 21.0ms (20.0ms/21.0ms)
[2025-11-08T14:16:26.243+0000][gc,phases     ] GC(264)   Pre Evacuate Collection Set: 0.1ms
[2025-11-08T14:16:26.244+0000][gc,phases     ] GC(264)   Evacuate Collection Set: 30.0ms
[2025-11-08T14:16:26.244+0000][gc,phases     ] GC(264)   Post Evacuate Collection Set: 12.3ms
[2025-11-08T14:16:26.258+0000][gc,phases     ] GC(264)   Other: 5.9ms
[2025-11-08T14:16:26.282+0000][gc,heap       ] GC(264) Eden regions: 31->0(31)
[2025-11-08T14:16:26.291+0000][gc,heap       ] GC(264) Survivor regions: 2->2(5)
[2025-11-08T14:16:26.298+0000][gc,heap       ] GC(264) Old regions: 66->66
[2025-11-08T14:16:26.298+0000][gc,heap       ] GC(264) Humongous regions: 138->138
[2025-11-08T14:16:26.299+0000][gc,metaspace  ] GC(264) Metaspace: 52051K(55216K)->52051K(55216K) NonClass: 46298K(48048K)->46298K(48048K) Class: 5753K(7168K)->5753K(7168K)
[2025-11-08T14:16:26.301+0000][gc            ] GC(264) Pause Young (Normal) (G1 Evacuation Pause) 236M->205M(667M) 106.391ms
[2025-11-08T14:16:26.303+0000][gc,cpu        ] GC(264) User=0.06s Sys=0.00s Real=0.11s
[2025-11-08T14:16:32.195+0000][gc,start      ] GC(265) Pause Young (Normal) (G1 Evacuation Pause)
[2025-11-08T14:16:32.195+0000][gc,task       ] GC(265) Using 2 workers of 2 for evacuation
[2025-11-08T14:16:32.214+0000][gc,phases     ] GC(265)   Pre Evacuate Collection Set: 0.0ms
[2025-11-08T14:16:32.215+0000][gc,phases     ] GC(265)   Evacuate Collection Set: 16.9ms
[2025-11-08T14:16:32.216+0000][gc,phases     ] GC(265)   Post Evacuate Collection Set: 1.5ms
[2025-11-08T14:16:32.218+0000][gc,phases     ] GC(265)   Other: 1.2ms
[2025-11-08T14:16:32.218+0000][gc,heap       ] GC(265) Eden regions: 31->0(29)
[2025-11-08T14:16:32.219+0000][gc,heap       ] GC(265) Survivor regions: 2->4(5)
[2025-11-08T14:16:32.220+0000][gc,heap       ] GC(265) Old regions: 66->66
[2025-11-08T14:16:32.221+0000][gc,heap       ] GC(265) Humongous regions: 138->138
[2025-11-08T14:16:32.221+0000][gc,metaspace  ] GC(265) Metaspace: 52051K(55216K)->52051K(55216K) NonClass: 46298K(48048K)->46298K(48048K) Class: 5753K(7168K)->5753K(7168K)
[2025-11-08T14:16:32.222+0000][gc            ] GC(265) Pause Young (Normal) (G1 Evacuation Pause) 236M->206M(667M) 27.122ms
[2025-11-08T14:16:32.222+0000][gc,cpu        ] GC(265) User=0.04s Sys=0.00s Real=0.03s
[2025-11-08T14:16:36.388+0000][gc,start      ] GC(266) Pause Young (Normal) (G1 Evacuation Pause)
[2025-11-08T14:16:36.388+0000][gc,task       ] GC(266) Using 2 workers of 2 for evacuation
[2025-11-08T14:16:36.408+0000][gc,phases     ] GC(266)   Pre Evacuate Collection Set: 0.1ms
[2025-11-08T14:16:36.409+0000][gc,phases     ] GC(266)   Evacuate Collection Set: 17.0ms
[2025-11-08T14:16:36.410+0000][gc,phases     ] GC(266)   Post Evacuate Collection Set: 1.8ms
[2025-11-08T14:16:36.411+0000][gc,phases     ] GC(266)   Other: 1.6ms
[2025-11-08T14:16:36.411+0000][gc,heap       ] GC(266) Eden regions: 29->0(31)
[2025-11-08T14:16:36.412+0000][gc,heap       ] GC(266) Survivor regions: 4->2(5)
[2025-11-08T14:16:36.412+0000][gc,heap       ] GC(266) Old regions: 66->67
[2025-11-08T14:16:36.413+0000][gc,heap       ] GC(266) Humongous regions: 138->138
[2025-11-08T14:16:36.413+0000][gc,metaspace  ] GC(266) Metaspace: 52051K(55216K)->52051K(55216K) NonClass: 46298K(48048K)->46298K(48048K) Class: 5753K(7168K)->5753K(7168K)
[2025-11-08T14:16:36.414+0000][gc            ] GC(266) Pause Young (Normal) (G1 Evacuation Pause) 235M->206M(667M) 26.212ms
[2025-11-08T14:16:36.414+0000][gc,cpu        ] GC(266) User=0.03s Sys=0.00s Real=0.03s
[2025-11-08T14:16:41.024+0000][gc,start      ] GC(267) Pause Young (Normal) (G1 Evacuation Pause)
[2025-11-08T14:16:41.024+0000][gc,task       ] GC(267) Using 2 workers of 2 for evacuation
[2025-11-08T14:16:41.036+0000][gc,phases     ] GC(267)   Pre Evacuate Collection Set: 0.0ms
[2025-11-08T14:16:41.037+0000][gc,phases     ] GC(267)   Evacuate Collection Set: 10.5ms
[2025-11-08T14:16:41.037+0000][gc,phases     ] GC(267)   Post Evacuate Collection Set: 1.2ms
[2025-11-08T14:16:41.038+0000][gc,phases     ] GC(267)   Other: 0.9ms
[2025-11-08T14:16:41.038+0000][gc,heap       ] GC(267) Eden regions: 31->0(31)
[2025-11-08T14:16:41.038+0000][gc,heap       ] GC(267) Survivor regions: 2->2(5)
[2025-11-08T14:16:41.039+0000][gc,heap       ] GC(267) Old regions: 67->67
[2025-11-08T14:16:41.039+0000][gc,heap       ] GC(267) Humongous regions: 138->138
[2025-11-08T14:16:41.039+0000][gc,metaspace  ] GC(267) Metaspace: 52051K(55216K)->52051K(55216K) NonClass: 46298K(48048K)->46298K(48048K) Class: 5753K(7168K)->5753K(7168K)
[2025-11-08T14:16:41.040+0000][gc            ] GC(267) Pause Young (Normal) (G1 Evacuation Pause) 237M->206M(667M) 15.709ms
[2025-11-08T14:16:41.040+0000][gc,cpu        ] GC(267) User=0.03s Sys=0.00s Real=0.02s
[2025-11-08T14:16:45.444+0000][gc,start      ] GC(268) Pause Young (Normal) (G1 Evacuation Pause)
[2025-11-08T14:16:45.444+0000][gc,task       ] GC(268) Using 2 workers of 2 for evacuation
[2025-11-08T14:16:45.459+0000][gc,phases     ] GC(268)   Pre Evacuate Collection Set: 0.0ms
[2025-11-08T14:16:45.460+0000][gc,phases     ] GC(268)   Evacuate Collection Set: 12.9ms
[2025-11-08T14:16:45.461+0000][gc,phases     ] GC(268)   Post Evacuate Collection Set: 1.6ms
[2025-11-08T14:16:45.461+0000][gc,phases     ] GC(268)   Other: 1.1ms
[2025-11-08T14:16:45.462+0000][gc,heap       ] GC(268) Eden regions: 31->0(31)
[2025-11-08T14:16:45.462+0000][gc,heap       ] GC(268) Survivor regions: 2->2(5)
[2025-11-08T14:16:45.463+0000][gc,heap       ] GC(268) Old regions: 67->67
[2025-11-08T14:16:45.463+0000][gc,heap       ] GC(268) Humongous regions: 138->138
[2025-11-08T14:16:45.463+0000][gc,metaspace  ] GC(268) Metaspace: 52051K(55216K)->52051K(55216K) NonClass: 46298K(48048K)->46298K(48048K) Class: 5753K(7168K)->5753K(7168K)
[2025-11-08T14:16:45.464+0000][gc            ] GC(268) Pause Young (Normal) (G1 Evacuation Pause) 237M->205M(667M) 19.965ms
[2025-11-08T14:16:45.464+0000][gc,cpu        ] GC(268) User=0.02s Sys=0.00s Real=0.02s
[2025-11-08T14:16:49.773+0000][gc,start      ] GC(269) Pause Young (Normal) (G1 Evacuation Pause)
[2025-11-08T14:16:49.774+0000][gc,task       ] GC(269) Using 2 workers of 2 for evacuation
[2025-11-08T14:16:49.790+0000][gc,phases     ] GC(269)   Pre Evacuate Collection Set: 0.2ms
[2025-11-08T14:16:49.790+0000][gc,phases     ] GC(269)   Evacuate Collection Set: 14.2ms
[2025-11-08T14:16:49.790+0000][gc,phases     ] GC(269)   Post Evacuate Collection Set: 1.0ms
[2025-11-08T14:16:49.790+0000][gc,phases     ] GC(269)   Other: 0.8ms
[2025-11-08T14:16:49.791+0000][gc,heap       ] GC(269) Eden regions: 31->0(29)
[2025-11-08T14:16:49.791+0000][gc,heap       ] GC(269) Survivor regions: 2->4(5)
[2025-11-08T14:16:49.791+0000][gc,heap       ] GC(269) Old regions: 67->67
[2025-11-08T14:16:49.792+0000][gc,heap       ] GC(269) Humongous regions: 138->138
[2025-11-08T14:16:49.792+0000][gc,metaspace  ] GC(269) Metaspace: 52051K(55216K)->52051K(55216K) NonClass: 46298K(48048K)->46298K(48048K) Class: 5753K(7168K)->5753K(7168K)
[2025-11-08T14:16:49.792+0000][gc            ] GC(269) Pause Young (Normal) (G1 Evacuation Pause) 236M->207M(667M) 18.627ms
[2025-11-08T14:16:49.792+0000][gc,cpu        ] GC(269) User=0.03s Sys=0.00s Real=0.02s
[2025-11-08T14:16:53.772+0000][gc,start      ] GC(270) Pause Young (Normal) (G1 Evacuation Pause)
[2025-11-08T14:16:53.772+0000][gc,task       ] GC(270) Using 2 workers of 2 for evacuation
[2025-11-08T14:16:53.782+0000][gc,phases     ] GC(270)   Pre Evacuate Collection Set: 0.0ms
[2025-11-08T14:16:53.782+0000][gc,phases     ] GC(270)   Evacuate Collection Set: 8.3ms
[2025-11-08T14:16:53.782+0000][gc,phases     ] GC(270)   Post Evacuate Collection Set: 0.9ms
[2025-11-08T14:16:53.782+0000][gc,phases     ] GC(270)   Other: 0.7ms
[2025-11-08T14:16:53.783+0000][gc,heap       ] GC(270) Eden regions: 29->0(30)
[2025-11-08T14:16:53.783+0000][gc,heap       ] GC(270) Survivor regions: 4->3(5)
[2025-11-08T14:16:53.783+0000][gc,heap       ] GC(270) Old regions: 67->68
[2025-11-08T14:16:53.783+0000][gc,heap       ] GC(270) Humongous regions: 138->138
[2025-11-08T14:16:53.783+0000][gc,metaspace  ] GC(270) Metaspace: 52051K(55216K)->52051K(55216K) NonClass: 46298K(48048K)->46298K(48048K) Class: 5753K(7168K)->5753K(7168K)
[2025-11-08T14:16:53.784+0000][gc            ] GC(270) Pause Young (Normal) (G1 Evacuation Pause) 236M->207M(667M) 11.688ms
[2025-11-08T14:16:53.784+0000][gc,cpu        ] GC(270) User=0.01s Sys=0.00s Real=0.01s
[2025-11-08T14:16:58.003+0000][gc,start      ] GC(271) Pause Young (Normal) (G1 Evacuation Pause)
[2025-11-08T14:16:58.003+0000][gc,task       ] GC(271) Using 2 workers of 2 for evacuation
[2025-11-08T14:16:58.011+0000][gc,phases     ] GC(271)   Pre Evacuate Collection Set: 0.0ms
[2025-11-08T14:16:58.011+0000][gc,phases     ] GC(271)   Evacuate Collection Set: 6.8ms
[2025-11-08T14:16:58.012+0000][gc,phases     ] GC(271)   Post Evacuate Collection Set: 0.9ms
[2025-11-08T14:16:58.012+0000][gc,phases     ] GC(271)   Other: 0.8ms
[2025-11-08T14:16:58.012+0000][gc,heap       ] GC(271) Eden regions: 30->0(31)
[2025-11-08T14:16:58.012+0000][gc,heap       ] GC(271) Survivor regions: 3->2(5)
[2025-11-08T14:16:58.013+0000][gc,heap       ] GC(271) Old regions: 68->68
[2025-11-08T14:16:58.013+0000][gc,heap       ] GC(271) Humongous regions: 138->138
[2025-11-08T14:16:58.013+0000][gc,metaspace  ] GC(271) Metaspace: 52051K(55216K)->52051K(55216K) NonClass: 46298K(48048K)->46298K(48048K) Class: 5753K(7168K)->5753K(7168K)
[2025-11-08T14:16:58.014+0000][gc            ] GC(271) Pause Young (Normal) (G1 Evacuation Pause) 237M->207M(667M) 11.001ms
[2025-11-08T14:16:58.014+0000][gc,cpu        ] GC(271) User=0.02s Sys=0.00s Real=0.01s
[2025-11-08T14:17:02.237+0000][gc,start      ] GC(272) Pause Young (Normal) (G1 Evacuation Pause)
[2025-11-08T14:17:02.237+0000][gc,task       ] GC(272) Using 2 workers of 2 for evacuation
[2025-11-08T14:17:02.250+0000][gc,phases     ] GC(272)   Pre Evacuate Collection Set: 0.1ms
[2025-11-08T14:17:02.250+0000][gc,phases     ] GC(272)   Evacuate Collection Set: 8.7ms
[2025-11-08T14:17:02.250+0000][gc,phases     ] GC(272)   Post Evacuate Collection Set: 1.3ms
[2025-11-08T14:17:02.251+0000][gc,phases     ] GC(272)   Other: 2.8ms
[2025-11-08T14:17:02.252+0000][gc,heap       ] GC(272) Eden regions: 31->0(31)
[2025-11-08T14:17:02.252+0000][gc,heap       ] GC(272) Survivor regions: 2->2(5)
[2025-11-08T14:17:02.253+0000][gc,heap       ] GC(272) Old regions: 68->68
[2025-11-08T14:17:02.253+0000][gc,heap       ] GC(272) Humongous regions: 138->138
[2025-11-08T14:17:02.253+0000][gc,metaspace  ] GC(272) Metaspace: 52051K(55216K)->52051K(55216K) NonClass: 46298K(48048K)->46298K(48048K) Class: 5753K(7168K)->5753K(7168K)
[2025-11-08T14:17:02.254+0000][gc            ] GC(272) Pause Young (Normal) (G1 Evacuation Pause) 238M->206M(667M) 16.682ms
[2025-11-08T14:17:02.254+0000][gc,cpu        ] GC(272) User=0.02s Sys=0.00s Real=0.02s
[2025-11-08T14:17:06.043+0000][gc,start      ] GC(273) Pause Young (Normal) (G1 Evacuation Pause)
[2025-11-08T14:17:06.043+0000][gc,task       ] GC(273) Using 2 workers of 2 for evacuation
[2025-11-08T14:17:06.056+0000][gc,phases     ] GC(273)   Pre Evacuate Collection Set: 0.0ms
[2025-11-08T14:17:06.057+0000][gc,phases     ] GC(273)   Evacuate Collection Set: 11.9ms
[2025-11-08T14:17:06.057+0000][gc,phases     ] GC(273)   Post Evacuate Collection Set: 0.9ms
[2025-11-08T14:17:06.057+0000][gc,phases     ] GC(273)   Other: 0.7ms
[2025-11-08T14:17:06.057+0000][gc,heap       ] GC(273) Eden regions: 31->0(28)
[2025-11-08T14:17:06.058+0000][gc,heap       ] GC(273) Survivor regions: 2->5(5)
[2025-11-08T14:17:06.058+0000][gc,heap       ] GC(273) Old regions: 68->68
[2025-11-08T14:17:06.058+0000][gc,heap       ] GC(273) Humongous regions: 138->138
[2025-11-08T14:17:06.058+0000][gc,metaspace  ] GC(273) Metaspace: 52052K(55216K)->52052K(55216K) NonClass: 46299K(48048K)->46299K(48048K) Class: 5753K(7168K)->5753K(7168K)
[2025-11-08T14:17:06.058+0000][gc            ] GC(273) Pause Young (Normal) (G1 Evacuation Pause) 237M->210M(667M) 15.568ms
[2025-11-08T14:17:06.059+0000][gc,cpu        ] GC(273) User=0.03s Sys=0.00s Real=0.01s
[2025-11-08T14:17:09.857+0000][gc,start      ] GC(274) Pause Young (Normal) (G1 Evacuation Pause)
[2025-11-08T14:17:09.857+0000][gc,task       ] GC(274) Using 2 workers of 2 for evacuation
[2025-11-08T14:17:09.869+0000][gc,phases     ] GC(274)   Pre Evacuate Collection Set: 0.0ms
[2025-11-08T14:17:09.870+0000][gc,phases     ] GC(274)   Evacuate Collection Set: 11.0ms
[2025-11-08T14:17:09.870+0000][gc,phases     ] GC(274)   Post Evacuate Collection Set: 0.8ms
[2025-11-08T14:17:09.870+0000][gc,phases     ] GC(274)   Other: 0.5ms
[2025-11-08T14:17:09.870+0000][gc,heap       ] GC(274) Eden regions: 28->0(31)
[2025-11-08T14:17:09.870+0000][gc,heap       ] GC(274) Survivor regions: 5->2(5)
[2025-11-08T14:17:09.870+0000][gc,heap       ] GC(274) Old regions: 68->71
[2025-11-08T14:17:09.871+0000][gc,heap       ] GC(274) Humongous regions: 138->138
[2025-11-08T14:17:09.871+0000][gc,metaspace  ] GC(274) Metaspace: 52052K(55216K)->52052K(55216K) NonClass: 46299K(48048K)->46299K(48048K) Class: 5753K(7168K)->5753K(7168K)
[2025-11-08T14:17:09.871+0000][gc            ] GC(274) Pause Young (Normal) (G1 Evacuation Pause) 238M->209M(667M) 14.015ms
[2025-11-08T14:17:09.871+0000][gc,cpu        ] GC(274) User=0.02s Sys=0.00s Real=0.01s
[2025-11-08T14:17:14.041+0000][gc,start      ] GC(275) Pause Young (Normal) (G1 Evacuation Pause)
[2025-11-08T14:17:14.041+0000][gc,task       ] GC(275) Using 2 workers of 2 for evacuation
[2025-11-08T14:17:14.050+0000][gc,phases     ] GC(275)   Pre Evacuate Collection Set: 0.0ms
[2025-11-08T14:17:14.050+0000][gc,phases     ] GC(275)   Evacuate Collection Set: 7.7ms
[2025-11-08T14:17:14.051+0000][gc,phases     ] GC(275)   Post Evacuate Collection Set: 1.0ms
[2025-11-08T14:17:14.051+0000][gc,phases     ] GC(275)   Other: 0.7ms
[2025-11-08T14:17:14.051+0000][gc,heap       ] GC(275) Eden regions: 31->0(31)
[2025-11-08T14:17:14.051+0000][gc,heap       ] GC(275) Survivor regions: 2->2(5)
[2025-11-08T14:17:14.051+0000][gc,heap       ] GC(275) Old regions: 71->71
[2025-11-08T14:17:14.052+0000][gc,heap       ] GC(275) Humongous regions: 138->138
[2025-11-08T14:17:14.052+0000][gc,metaspace  ] GC(275) Metaspace: 52052K(55216K)->52052K(55216K) NonClass: 46299K(48048K)->46299K(48048K) Class: 5753K(7168K)->5753K(7168K)
[2025-11-08T14:17:14.052+0000][gc            ] GC(275) Pause Young (Normal) (G1 Evacuation Pause) 240M->210M(667M) 11.675ms
[2025-11-08T14:17:14.052+0000][gc,cpu        ] GC(275) User=0.01s Sys=0.00s Real=0.02s
[2025-11-08T14:17:18.324+0000][gc,start      ] GC(276) Pause Young (Normal) (G1 Evacuation Pause)
[2025-11-08T14:17:18.324+0000][gc,task       ] GC(276) Using 2 workers of 2 for evacuation
[2025-11-08T14:17:18.331+0000][gc,phases     ] GC(276)   Pre Evacuate Collection Set: 0.0ms
[2025-11-08T14:17:18.332+0000][gc,phases     ] GC(276)   Evacuate Collection Set: 5.7ms
[2025-11-08T14:17:18.332+0000][gc,phases     ] GC(276)   Post Evacuate Collection Set: 0.7ms
[2025-11-08T14:17:18.332+0000][gc,phases     ] GC(276)   Other: 0.6ms
[2025-11-08T14:17:18.332+0000][gc,heap       ] GC(276) Eden regions: 31->0(37)
[2025-11-08T14:17:18.332+0000][gc,heap       ] GC(276) Survivor regions: 2->2(5)
[2025-11-08T14:17:18.333+0000][gc,heap       ] GC(276) Old regions: 71->71
[2025-11-08T14:17:18.333+0000][gc,heap       ] GC(276) Humongous regions: 138->138
[2025-11-08T14:17:18.333+0000][gc,metaspace  ] GC(276) Metaspace: 52052K(55216K)->52052K(55216K) NonClass: 46299K(48048K)->46299K(48048K) Class: 5753K(7168K)->5753K(7168K)
[2025-11-08T14:17:18.333+0000][gc            ] GC(276) Pause Young (Normal) (G1 Evacuation Pause) 241M->209M(667M) 9.059ms
[2025-11-08T14:17:18.334+0000][gc,cpu        ] GC(276) User=0.02s Sys=0.00s Real=0.01s
[2025-11-08T14:17:23.796+0000][gc,start      ] GC(277) Pause Young (Normal) (G1 Evacuation Pause)
[2025-11-08T14:17:23.796+0000][gc,task       ] GC(277) Using 2 workers of 2 for evacuation
[2025-11-08T14:17:23.808+0000][gc,phases     ] GC(277)   Pre Evacuate Collection Set: 0.1ms
[2025-11-08T14:17:23.808+0000][gc,phases     ] GC(277)   Evacuate Collection Set: 10.0ms
[2025-11-08T14:17:23.809+0000][gc,phases     ] GC(277)   Post Evacuate Collection Set: 1.2ms
[2025-11-08T14:17:23.809+0000][gc,phases     ] GC(277)   Other: 1.3ms
[2025-11-08T14:17:23.809+0000][gc,heap       ] GC(277) Eden regions: 37->0(38)
[2025-11-08T14:17:23.809+0000][gc,heap       ] GC(277) Survivor regions: 2->2(5)
[2025-11-08T14:17:23.810+0000][gc,heap       ] GC(277) Old regions: 71->71
[2025-11-08T14:17:23.810+0000][gc,heap       ] GC(277) Humongous regions: 138->138
[2025-11-08T14:17:23.810+0000][gc,metaspace  ] GC(277) Metaspace: 52052K(55216K)->52052K(55216K) NonClass: 46299K(48048K)->46299K(48048K) Class: 5753K(7168K)->5753K(7168K)
[2025-11-08T14:17:23.811+0000][gc            ] GC(277) Pause Young (Normal) (G1 Evacuation Pause) 246M->210M(667M) 15.052ms
[2025-11-08T14:17:23.811+0000][gc,cpu        ] GC(277) User=0.02s Sys=0.00s Real=0.01s
[2025-11-08T14:17:28.851+0000][gc,start      ] GC(278) Pause Young (Normal) (G1 Evacuation Pause)
[2025-11-08T14:17:28.852+0000][gc,task       ] GC(278) Using 2 workers of 2 for evacuation
[2025-11-08T14:17:28.861+0000][gc,phases     ] GC(278)   Pre Evacuate Collection Set: 0.0ms
[2025-11-08T14:17:28.861+0000][gc,phases     ] GC(278)   Evacuate Collection Set: 8.2ms
[2025-11-08T14:17:28.862+0000][gc,phases     ] GC(278)   Post Evacuate Collection Set: 0.9ms
[2025-11-08T14:17:28.862+0000][gc,phases     ] GC(278)   Other: 0.7ms
[2025-11-08T14:17:28.862+0000][gc,heap       ] GC(278) Eden regions: 38->0(42)
[2025-11-08T14:17:28.862+0000][gc,heap       ] GC(278) Survivor regions: 2->3(5)
[2025-11-08T14:17:28.863+0000][gc,heap       ] GC(278) Old regions: 71->71
[2025-11-08T14:17:28.863+0000][gc,heap       ] GC(278) Humongous regions: 147->147
[2025-11-08T14:17:28.863+0000][gc,metaspace  ] GC(278) Metaspace: 52166K(55472K)->52166K(55472K) NonClass: 46389K(48304K)->46389K(48304K) Class: 5777K(7168K)->5777K(7168K)
[2025-11-08T14:17:28.863+0000][gc            ] GC(278) Pause Young (Normal) (G1 Evacuation Pause) 257M->220M(667M) 12.097ms
[2025-11-08T14:17:28.864+0000][gc,cpu        ] GC(278) User=0.02s Sys=0.00s Real=0.02s
[2025-11-08T14:17:34.938+0000][gc,start      ] GC(279) Pause Young (Normal) (G1 Evacuation Pause)
[2025-11-08T14:17:34.939+0000][gc,task       ] GC(279) Using 2 workers of 2 for evacuation
[2025-11-08T14:17:34.952+0000][gc,phases     ] GC(279)   Pre Evacuate Collection Set: 0.0ms
[2025-11-08T14:17:34.953+0000][gc,phases     ] GC(279)   Evacuate Collection Set: 11.7ms
[2025-11-08T14:17:34.953+0000][gc,phases     ] GC(279)   Post Evacuate Collection Set: 1.1ms
[2025-11-08T14:17:34.954+0000][gc,phases     ] GC(279)   Other: 0.9ms
[2025-11-08T14:17:34.954+0000][gc,heap       ] GC(279) Eden regions: 42->0(43)
[2025-11-08T14:17:34.954+0000][gc,heap       ] GC(279) Survivor regions: 3->4(6)
[2025-11-08T14:17:34.955+0000][gc,heap       ] GC(279) Old regions: 71->71
[2025-11-08T14:17:34.955+0000][gc,heap       ] GC(279) Humongous regions: 147->147
[2025-11-08T14:17:34.955+0000][gc,metaspace  ] GC(279) Metaspace: 52166K(55472K)->52166K(55472K) NonClass: 46389K(48304K)->46389K(48304K) Class: 5777K(7168K)->5777K(7168K)
[2025-11-08T14:17:34.955+0000][gc            ] GC(279) Pause Young (Normal) (G1 Evacuation Pause) 262M->221M(667M) 17.115ms
[2025-11-08T14:17:34.956+0000][gc,cpu        ] GC(279) User=0.02s Sys=0.00s Real=0.02s
[2025-11-08T14:17:40.905+0000][gc,start      ] GC(280) Pause Young (Normal) (G1 Evacuation Pause)
[2025-11-08T14:17:40.906+0000][gc,task       ] GC(280) Using 2 workers of 2 for evacuation
[2025-11-08T14:17:40.920+0000][gc,phases     ] GC(280)   Pre Evacuate Collection Set: 0.0ms
[2025-11-08T14:17:40.920+0000][gc,phases     ] GC(280)   Evacuate Collection Set: 12.1ms
[2025-11-08T14:17:40.921+0000][gc,phases     ] GC(280)   Post Evacuate Collection Set: 1.7ms
[2025-11-08T14:17:40.921+0000][gc,phases     ] GC(280)   Other: 0.8ms
[2025-11-08T14:17:40.921+0000][gc,heap       ] GC(280) Eden regions: 41->0(43)
[2025-11-08T14:17:40.922+0000][gc,heap       ] GC(280) Survivor regions: 4->3(6)
[2025-11-08T14:17:40.922+0000][gc,heap       ] GC(280) Old regions: 71->72
[2025-11-08T14:17:40.922+0000][gc,heap       ] GC(280) Humongous regions: 147->147
[2025-11-08T14:17:40.922+0000][gc,metaspace  ] GC(280) Metaspace: 52184K(55472K)->52184K(55472K) NonClass: 46401K(48304K)->46401K(48304K) Class: 5782K(7168K)->5782K(7168K)
[2025-11-08T14:17:40.923+0000][gc            ] GC(280) Pause Young (Normal) (G1 Evacuation Pause) 262M->220M(667M) 17.227ms
[2025-11-08T14:17:40.923+0000][gc,cpu        ] GC(280) User=0.02s Sys=0.00s Real=0.02s
[2025-11-08T14:17:46.754+0000][gc,start      ] GC(281) Pause Young (Normal) (G1 Evacuation Pause)
[2025-11-08T14:17:46.754+0000][gc,task       ] GC(281) Using 2 workers of 2 for evacuation
[2025-11-08T14:17:46.764+0000][gc,phases     ] GC(281)   Pre Evacuate Collection Set: 0.0ms
[2025-11-08T14:17:46.764+0000][gc,phases     ] GC(281)   Evacuate Collection Set: 8.2ms
[2025-11-08T14:17:46.765+0000][gc,phases     ] GC(281)   Post Evacuate Collection Set: 0.9ms
[2025-11-08T14:17:46.765+0000][gc,phases     ] GC(281)   Other: 1.1ms
[2025-11-08T14:17:46.765+0000][gc,heap       ] GC(281) Eden regions: 43->0(46)
[2025-11-08T14:17:46.765+0000][gc,heap       ] GC(281) Survivor regions: 3->4(6)
[2025-11-08T14:17:46.766+0000][gc,heap       ] GC(281) Old regions: 72->72
[2025-11-08T14:17:46.766+0000][gc,heap       ] GC(281) Humongous regions: 147->147
[2025-11-08T14:17:46.766+0000][gc,metaspace  ] GC(281) Metaspace: 52184K(55472K)->52184K(55472K) NonClass: 46401K(48304K)->46401K(48304K) Class: 5782K(7168K)->5782K(7168K)
[2025-11-08T14:17:46.766+0000][gc            ] GC(281) Pause Young (Normal) (G1 Evacuation Pause) 263M->221M(667M) 12.422ms
[2025-11-08T14:17:46.767+0000][gc,cpu        ] GC(281) User=0.02s Sys=0.00s Real=0.01s
[2025-11-08T14:17:53.196+0000][gc,start      ] GC(282) Pause Young (Normal) (G1 Evacuation Pause)
[2025-11-08T14:17:53.197+0000][gc,task       ] GC(282) Using 2 workers of 2 for evacuation
[2025-11-08T14:17:53.207+0000][gc,phases     ] GC(282)   Pre Evacuate Collection Set: 0.0ms
[2025-11-08T14:17:53.207+0000][gc,phases     ] GC(282)   Evacuate Collection Set: 8.8ms
[2025-11-08T14:17:53.208+0000][gc,phases     ] GC(282)   Post Evacuate Collection Set: 0.9ms
[2025-11-08T14:17:53.208+0000][gc,phases     ] GC(282)   Other: 1.0ms
[2025-11-08T14:17:53.208+0000][gc,heap       ] GC(282) Eden regions: 46->0(50)
[2025-11-08T14:17:53.208+0000][gc,heap       ] GC(282) Survivor regions: 4->4(7)
[2025-11-08T14:17:53.209+0000][gc,heap       ] GC(282) Old regions: 72->72
[2025-11-08T14:17:53.209+0000][gc,heap       ] GC(282) Humongous regions: 147->147
[2025-11-08T14:17:53.209+0000][gc,metaspace  ] GC(282) Metaspace: 52184K(55472K)->52184K(55472K) NonClass: 46401K(48304K)->46401K(48304K) Class: 5782K(7168K)->5782K(7168K)
[2025-11-08T14:17:53.209+0000][gc            ] GC(282) Pause Young (Normal) (G1 Evacuation Pause) 267M->221M(667M) 12.987ms
[2025-11-08T14:17:53.210+0000][gc,cpu        ] GC(282) User=0.02s Sys=0.00s Real=0.01s
[2025-11-08T14:18:00.402+0000][gc,start      ] GC(283) Pause Young (Normal) (G1 Evacuation Pause)
[2025-11-08T14:18:00.403+0000][gc,task       ] GC(283) Using 2 workers of 2 for evacuation
[2025-11-08T14:18:00.419+0000][gc,phases     ] GC(283)   Pre Evacuate Collection Set: 0.0ms
[2025-11-08T14:18:00.419+0000][gc,phases     ] GC(283)   Evacuate Collection Set: 13.6ms
[2025-11-08T14:18:00.419+0000][gc,phases     ] GC(283)   Post Evacuate Collection Set: 1.4ms
[2025-11-08T14:18:00.419+0000][gc,phases     ] GC(283)   Other: 1.8ms
[2025-11-08T14:18:00.420+0000][gc,heap       ] GC(283) Eden regions: 50->0(52)
[2025-11-08T14:18:00.420+0000][gc,heap       ] GC(283) Survivor regions: 4->4(7)
[2025-11-08T14:18:00.420+0000][gc,heap       ] GC(283) Old regions: 72->72
[2025-11-08T14:18:00.421+0000][gc,heap       ] GC(283) Humongous regions: 147->147
[2025-11-08T14:18:00.422+0000][gc,metaspace  ] GC(283) Metaspace: 52184K(55472K)->52184K(55472K) NonClass: 46401K(48304K)->46401K(48304K) Class: 5782K(7168K)->5782K(7168K)
[2025-11-08T14:18:00.423+0000][gc            ] GC(283) Pause Young (Normal) (G1 Evacuation Pause) 271M->221M(667M) 20.755ms
[2025-11-08T14:18:00.423+0000][gc,cpu        ] GC(283) User=0.02s Sys=0.00s Real=0.02s
[2025-11-08T14:18:08.050+0000][gc,start      ] GC(284) Pause Young (Normal) (G1 Evacuation Pause)
[2025-11-08T14:18:08.051+0000][gc,task       ] GC(284) Using 2 workers of 2 for evacuation
[2025-11-08T14:18:08.067+0000][gc,phases     ] GC(284)   Pre Evacuate Collection Set: 0.1ms
[2025-11-08T14:18:08.067+0000][gc,phases     ] GC(284)   Evacuate Collection Set: 13.9ms
[2025-11-08T14:18:08.068+0000][gc,phases     ] GC(284)   Post Evacuate Collection Set: 1.2ms
[2025-11-08T14:18:08.068+0000][gc,phases     ] GC(284)   Other: 1.2ms
[2025-11-08T14:18:08.069+0000][gc,heap       ] GC(284) Eden regions: 52->0(52)
[2025-11-08T14:18:08.070+0000][gc,heap       ] GC(284) Survivor regions: 4->4(7)
[2025-11-08T14:18:08.071+0000][gc,heap       ] GC(284) Old regions: 72->72
[2025-11-08T14:18:08.071+0000][gc,heap       ] GC(284) Humongous regions: 147->147
[2025-11-08T14:18:08.072+0000][gc,metaspace  ] GC(284) Metaspace: 52184K(55472K)->52184K(55472K) NonClass: 46401K(48304K)->46401K(48304K) Class: 5782K(7168K)->5782K(7168K)
[2025-11-08T14:18:08.072+0000][gc            ] GC(284) Pause Young (Normal) (G1 Evacuation Pause) 273M->222M(667M) 21.801ms
[2025-11-08T14:18:08.073+0000][gc,cpu        ] GC(284) User=0.03s Sys=0.00s Real=0.03s
[2025-11-08T14:18:15.391+0000][gc,start      ] GC(285) Pause Young (Normal) (G1 Evacuation Pause)
[2025-11-08T14:18:15.391+0000][gc,task       ] GC(285) Using 2 workers of 2 for evacuation
[2025-11-08T14:18:15.402+0000][gc,phases     ] GC(285)   Pre Evacuate Collection Set: 0.0ms
[2025-11-08T14:18:15.402+0000][gc,phases     ] GC(285)   Evacuate Collection Set: 9.1ms
[2025-11-08T14:18:15.403+0000][gc,phases     ] GC(285)   Post Evacuate Collection Set: 1.1ms
[2025-11-08T14:18:15.403+0000][gc,phases     ] GC(285)   Other: 1.0ms
[2025-11-08T14:18:15.403+0000][gc,heap       ] GC(285) Eden regions: 52->0(56)
[2025-11-08T14:18:15.403+0000][gc,heap       ] GC(285) Survivor regions: 4->4(7)
[2025-11-08T14:18:15.403+0000][gc,heap       ] GC(285) Old regions: 72->72
[2025-11-08T14:18:15.404+0000][gc,heap       ] GC(285) Humongous regions: 147->147
[2025-11-08T14:18:15.404+0000][gc,metaspace  ] GC(285) Metaspace: 52184K(55472K)->52184K(55472K) NonClass: 46401K(48304K)->46401K(48304K) Class: 5782K(7168K)->5782K(7168K)
[2025-11-08T14:18:15.404+0000][gc            ] GC(285) Pause Young (Normal) (G1 Evacuation Pause) 274M->222M(667M) 13.099ms
[2025-11-08T14:18:15.404+0000][gc,cpu        ] GC(285) User=0.02s Sys=0.00s Real=0.01s
[2025-11-08T14:18:23.395+0000][gc,start      ] GC(286) Pause Young (Normal) (G1 Evacuation Pause)
[2025-11-08T14:18:23.395+0000][gc,task       ] GC(286) Using 2 workers of 2 for evacuation
[2025-11-08T14:18:23.413+0000][gc,phases     ] GC(286)   Pre Evacuate Collection Set: 0.0ms
[2025-11-08T14:18:23.414+0000][gc,phases     ] GC(286)   Evacuate Collection Set: 15.7ms
[2025-11-08T14:18:23.414+0000][gc,phases     ] GC(286)   Post Evacuate Collection Set: 1.4ms
[2025-11-08T14:18:23.414+0000][gc,phases     ] GC(286)   Other: 1.6ms
[2025-11-08T14:18:23.415+0000][gc,heap       ] GC(286) Eden regions: 56->0(56)
[2025-11-08T14:18:23.415+0000][gc,heap       ] GC(286) Survivor regions: 4->5(8)
[2025-11-08T14:18:23.415+0000][gc,heap       ] GC(286) Old regions: 72->72
[2025-11-08T14:18:23.415+0000][gc,heap       ] GC(286) Humongous regions: 147->147
[2025-11-08T14:18:23.416+0000][gc,metaspace  ] GC(286) Metaspace: 52184K(55472K)->52184K(55472K) NonClass: 46401K(48304K)->46401K(48304K) Class: 5782K(7168K)->5782K(7168K)
[2025-11-08T14:18:23.416+0000][gc            ] GC(286) Pause Young (Normal) (G1 Evacuation Pause) 278M->223M(667M) 21.216ms
[2025-11-08T14:18:23.416+0000][gc,cpu        ] GC(286) User=0.04s Sys=0.00s Real=0.02s
[2025-11-08T14:18:30.560+0000][gc,start      ] GC(287) Pause Young (Normal) (G1 Evacuation Pause)
[2025-11-08T14:18:30.572+0000][gc,task       ] GC(287) Using 2 workers of 2 for evacuation
[2025-11-08T14:18:30.598+0000][gc,mmu        ] GC(287) MMU target violated: 21.0ms (20.0ms/21.0ms)
[2025-11-08T14:18:30.599+0000][gc,phases     ] GC(287)   Pre Evacuate Collection Set: 0.1ms
[2025-11-08T14:18:30.600+0000][gc,phases     ] GC(287)   Evacuate Collection Set: 22.5ms
[2025-11-08T14:18:30.601+0000][gc,phases     ] GC(287)   Post Evacuate Collection Set: 2.1ms
[2025-11-08T14:18:30.601+0000][gc,phases     ] GC(287)   Other: 14.6ms
[2025-11-08T14:18:30.601+0000][gc,heap       ] GC(287) Eden regions: 52->0(46)
[2025-11-08T14:18:30.602+0000][gc,heap       ] GC(287) Survivor regions: 5->4(8)
[2025-11-08T14:18:30.602+0000][gc,heap       ] GC(287) Old regions: 72->73
[2025-11-08T14:18:30.603+0000][gc,heap       ] GC(287) Humongous regions: 147->147
[2025-11-08T14:18:30.603+0000][gc,metaspace  ] GC(287) Metaspace: 52185K(55472K)->52185K(55472K) NonClass: 46403K(48304K)->46403K(48304K) Class: 5782K(7168K)->5782K(7168K)
[2025-11-08T14:18:30.604+0000][gc            ] GC(287) Pause Young (Normal) (G1 Evacuation Pause) 275M->223M(667M) 43.512ms
[2025-11-08T14:18:30.604+0000][gc,cpu        ] GC(287) User=0.05s Sys=0.00s Real=0.04s
[2025-11-08T14:18:34.604+0000][gc,start      ] GC(288) Pause Young (Normal) (G1 Evacuation Pause)
[2025-11-08T14:18:34.605+0000][gc,task       ] GC(288) Using 2 workers of 2 for evacuation
[2025-11-08T14:18:34.616+0000][gc,phases     ] GC(288)   Pre Evacuate Collection Set: 0.0ms
[2025-11-08T14:18:34.617+0000][gc,phases     ] GC(288)   Evacuate Collection Set: 9.9ms
[2025-11-08T14:18:34.617+0000][gc,phases     ] GC(288)   Post Evacuate Collection Set: 0.8ms
[2025-11-08T14:18:34.618+0000][gc,phases     ] GC(288)   Other: 0.7ms
[2025-11-08T14:18:34.618+0000][gc,heap       ] GC(288) Eden regions: 29->0(37)
[2025-11-08T14:18:34.618+0000][gc,heap       ] GC(288) Survivor regions: 4->3(5)
[2025-11-08T14:18:34.619+0000][gc,heap       ] GC(288) Old regions: 73->74
[2025-11-08T14:18:34.619+0000][gc,heap       ] GC(288) Humongous regions: 147->147
[2025-11-08T14:18:34.619+0000][gc,metaspace  ] GC(288) Metaspace: 52185K(55472K)->52185K(55472K) NonClass: 46403K(48304K)->46403K(48304K) Class: 5782K(7168K)->5782K(7168K)
[2025-11-08T14:18:34.620+0000][gc            ] GC(288) Pause Young (Normal) (G1 Evacuation Pause) 252M->223M(667M) 15.577ms
[2025-11-08T14:18:34.620+0000][gc,cpu        ] GC(288) User=0.03s Sys=0.00s Real=0.02s
[2025-11-08T14:18:39.613+0000][gc,start      ] GC(289) Pause Young (Normal) (G1 Evacuation Pause)
[2025-11-08T14:18:39.614+0000][gc,task       ] GC(289) Using 2 workers of 2 for evacuation
[2025-11-08T14:18:39.625+0000][gc,phases     ] GC(289)   Pre Evacuate Collection Set: 0.1ms
[2025-11-08T14:18:39.625+0000][gc,phases     ] GC(289)   Evacuate Collection Set: 8.8ms
[2025-11-08T14:18:39.626+0000][gc,phases     ] GC(289)   Post Evacuate Collection Set: 1.1ms
[2025-11-08T14:18:39.626+0000][gc,phases     ] GC(289)   Other: 1.8ms
[2025-11-08T14:18:39.626+0000][gc,heap       ] GC(289) Eden regions: 37->0(42)
[2025-11-08T14:18:39.627+0000][gc,heap       ] GC(289) Survivor regions: 3->3(5)
[2025-11-08T14:18:39.627+0000][gc,heap       ] GC(289) Old regions: 74->74
[2025-11-08T14:18:39.627+0000][gc,heap       ] GC(289) Humongous regions: 147->147
[2025-11-08T14:18:39.627+0000][gc,metaspace  ] GC(289) Metaspace: 52185K(55472K)->52185K(55472K) NonClass: 46403K(48304K)->46403K(48304K) Class: 5782K(7168K)->5782K(7168K)
[2025-11-08T14:18:39.628+0000][gc            ] GC(289) Pause Young (Normal) (G1 Evacuation Pause) 260M->223M(667M) 14.377ms
[2025-11-08T14:18:39.628+0000][gc,cpu        ] GC(289) User=0.02s Sys=0.00s Real=0.01s
[2025-11-08T14:18:45.216+0000][gc,start      ] GC(290) Pause Young (Normal) (G1 Evacuation Pause)
[2025-11-08T14:18:45.216+0000][gc,task       ] GC(290) Using 2 workers of 2 for evacuation
[2025-11-08T14:18:45.223+0000][gc,phases     ] GC(290)   Pre Evacuate Collection Set: 0.0ms
[2025-11-08T14:18:45.224+0000][gc,phases     ] GC(290)   Evacuate Collection Set: 6.2ms
[2025-11-08T14:18:45.224+0000][gc,phases     ] GC(290)   Post Evacuate Collection Set: 0.8ms
[2025-11-08T14:18:45.224+0000][gc,phases     ] GC(290)   Other: 0.9ms
[2025-11-08T14:18:45.225+0000][gc,heap       ] GC(290) Eden regions: 42->0(53)
[2025-11-08T14:18:45.225+0000][gc,heap       ] GC(290) Survivor regions: 3->2(6)
[2025-11-08T14:18:45.225+0000][gc,heap       ] GC(290) Old regions: 74->74
[2025-11-08T14:18:45.225+0000][gc,heap       ] GC(290) Humongous regions: 147->147
[2025-11-08T14:18:45.225+0000][gc,metaspace  ] GC(290) Metaspace: 52185K(55472K)->52185K(55472K) NonClass: 46403K(48304K)->46403K(48304K) Class: 5782K(7168K)->5782K(7168K)
[2025-11-08T14:18:45.226+0000][gc            ] GC(290) Pause Young (Normal) (G1 Evacuation Pause) 265M->222M(667M) 10.035ms
[2025-11-08T14:18:45.226+0000][gc,cpu        ] GC(290) User=0.01s Sys=0.00s Real=0.01s
[2025-11-08T14:18:52.284+0000][gc,start      ] GC(291) Pause Young (Normal) (G1 Evacuation Pause)
[2025-11-08T14:18:52.285+0000][gc,task       ] GC(291) Using 2 workers of 2 for evacuation
[2025-11-08T14:18:52.295+0000][gc,phases     ] GC(291)   Pre Evacuate Collection Set: 0.0ms
[2025-11-08T14:18:52.295+0000][gc,phases     ] GC(291)   Evacuate Collection Set: 8.5ms
[2025-11-08T14:18:52.296+0000][gc,phases     ] GC(291)   Post Evacuate Collection Set: 1.3ms
[2025-11-08T14:18:52.297+0000][gc,phases     ] GC(291)   Other: 1.0ms
[2025-11-08T14:18:52.297+0000][gc,heap       ] GC(291) Eden regions: 53->0(55)
[2025-11-08T14:18:52.298+0000][gc,heap       ] GC(291) Survivor regions: 2->3(7)
[2025-11-08T14:18:52.298+0000][gc,heap       ] GC(291) Old regions: 74->74
[2025-11-08T14:18:52.298+0000][gc,heap       ] GC(291) Humongous regions: 147->147
[2025-11-08T14:18:52.298+0000][gc,metaspace  ] GC(291) Metaspace: 52185K(55472K)->52185K(55472K) NonClass: 46403K(48304K)->46403K(48304K) Class: 5782K(7168K)->5782K(7168K)
[2025-11-08T14:18:52.299+0000][gc            ] GC(291) Pause Young (Normal) (G1 Evacuation Pause) 275M->223M(667M) 14.333ms
[2025-11-08T14:18:52.299+0000][gc,cpu        ] GC(291) User=0.02s Sys=0.00s Real=0.01s
[2025-11-08T14:18:59.725+0000][gc,start      ] GC(292) Pause Young (Normal) (G1 Evacuation Pause)
[2025-11-08T14:18:59.726+0000][gc,task       ] GC(292) Using 2 workers of 2 for evacuation
[2025-11-08T14:18:59.735+0000][gc,phases     ] GC(292)   Pre Evacuate Collection Set: 0.1ms
[2025-11-08T14:18:59.735+0000][gc,phases     ] GC(292)   Evacuate Collection Set: 7.6ms
[2025-11-08T14:18:59.735+0000][gc,phases     ] GC(292)   Post Evacuate Collection Set: 0.9ms
[2025-11-08T14:18:59.736+0000][gc,phases     ] GC(292)   Other: 1.1ms
[2025-11-08T14:18:59.736+0000][gc,heap       ] GC(292) Eden regions: 55->0(60)
[2025-11-08T14:18:59.736+0000][gc,heap       ] GC(292) Survivor regions: 3->3(8)
[2025-11-08T14:18:59.736+0000][gc,heap       ] GC(292) Old regions: 74->74
[2025-11-08T14:18:59.736+0000][gc,heap       ] GC(292) Humongous regions: 147->147
[2025-11-08T14:18:59.737+0000][gc,metaspace  ] GC(292) Metaspace: 52185K(55472K)->52185K(55472K) NonClass: 46403K(48304K)->46403K(48304K) Class: 5782K(7168K)->5782K(7168K)
[2025-11-08T14:18:59.737+0000][gc            ] GC(292) Pause Young (Normal) (G1 Evacuation Pause) 278M->223M(667M) 12.006ms
[2025-11-08T14:18:59.737+0000][gc,cpu        ] GC(292) User=0.02s Sys=0.00s Real=0.01s
[2025-11-08T14:19:08.151+0000][gc,start      ] GC(293) Pause Young (Normal) (G1 Evacuation Pause)
[2025-11-08T14:19:08.151+0000][gc,task       ] GC(293) Using 2 workers of 2 for evacuation
[2025-11-08T14:19:08.162+0000][gc,phases     ] GC(293)   Pre Evacuate Collection Set: 0.0ms
[2025-11-08T14:19:08.163+0000][gc,phases     ] GC(293)   Evacuate Collection Set: 9.1ms
[2025-11-08T14:19:08.163+0000][gc,phases     ] GC(293)   Post Evacuate Collection Set: 1.1ms
[2025-11-08T14:19:08.163+0000][gc,phases     ] GC(293)   Other: 0.9ms
[2025-11-08T14:19:08.164+0000][gc,heap       ] GC(293) Eden regions: 60->0(63)
[2025-11-08T14:19:08.164+0000][gc,heap       ] GC(293) Survivor regions: 3->3(8)
[2025-11-08T14:19:08.164+0000][gc,heap       ] GC(293) Old regions: 74->74
[2025-11-08T14:19:08.164+0000][gc,heap       ] GC(293) Humongous regions: 147->147
[2025-11-08T14:19:08.165+0000][gc,metaspace  ] GC(293) Metaspace: 52185K(55472K)->52185K(55472K) NonClass: 46403K(48304K)->46403K(48304K) Class: 5782K(7168K)->5782K(7168K)
[2025-11-08T14:19:08.165+0000][gc            ] GC(293) Pause Young (Normal) (G1 Evacuation Pause) 283M->223M(667M) 14.542ms
[2025-11-08T14:19:08.166+0000][gc,cpu        ] GC(293) User=0.02s Sys=0.00s Real=0.02s
[2025-11-08T14:19:16.813+0000][gc,start      ] GC(294) Pause Young (Normal) (G1 Evacuation Pause)
[2025-11-08T14:19:16.814+0000][gc,task       ] GC(294) Using 2 workers of 2 for evacuation
[2025-11-08T14:19:16.823+0000][gc,phases     ] GC(294)   Pre Evacuate Collection Set: 0.0ms
[2025-11-08T14:19:16.823+0000][gc,phases     ] GC(294)   Evacuate Collection Set: 8.1ms
[2025-11-08T14:19:16.824+0000][gc,phases     ] GC(294)   Post Evacuate Collection Set: 1.0ms
[2025-11-08T14:19:16.824+0000][gc,phases     ] GC(294)   Other: 0.6ms
[2025-11-08T14:19:16.824+0000][gc,heap       ] GC(294) Eden regions: 63->0(67)
[2025-11-08T14:19:16.824+0000][gc,heap       ] GC(294) Survivor regions: 3->4(9)
[2025-11-08T14:19:16.825+0000][gc,heap       ] GC(294) Old regions: 74->74
[2025-11-08T14:19:16.825+0000][gc,heap       ] GC(294) Humongous regions: 147->147
[2025-11-08T14:19:16.825+0000][gc,metaspace  ] GC(294) Metaspace: 52185K(55472K)->52185K(55472K) NonClass: 46403K(48304K)->46403K(48304K) Class: 5782K(7168K)->5782K(7168K)
[2025-11-08T14:19:16.826+0000][gc            ] GC(294) Pause Young (Normal) (G1 Evacuation Pause) 286M->224M(667M) 12.195ms
[2025-11-08T14:19:16.826+0000][gc,cpu        ] GC(294) User=0.02s Sys=0.00s Real=0.01s
[2025-11-08T14:19:26.071+0000][gc,start      ] GC(295) Pause Young (Normal) (G1 Evacuation Pause)
[2025-11-08T14:19:26.072+0000][gc,task       ] GC(295) Using 2 workers of 2 for evacuation
[2025-11-08T14:19:26.085+0000][gc,phases     ] GC(295)   Pre Evacuate Collection Set: 0.0ms
[2025-11-08T14:19:26.085+0000][gc,phases     ] GC(295)   Evacuate Collection Set: 11.3ms
[2025-11-08T14:19:26.085+0000][gc,phases     ] GC(295)   Post Evacuate Collection Set: 1.2ms
[2025-11-08T14:19:26.086+0000][gc,phases     ] GC(295)   Other: 0.9ms
[2025-11-08T14:19:26.086+0000][gc,heap       ] GC(295) Eden regions: 67->0(68)
[2025-11-08T14:19:26.086+0000][gc,heap       ] GC(295) Survivor regions: 4->4(9)
[2025-11-08T14:19:26.086+0000][gc,heap       ] GC(295) Old regions: 74->74
[2025-11-08T14:19:26.087+0000][gc,heap       ] GC(295) Humongous regions: 147->147
[2025-11-08T14:19:26.087+0000][gc,metaspace  ] GC(295) Metaspace: 52185K(55472K)->52185K(55472K) NonClass: 46403K(48304K)->46403K(48304K) Class: 5782K(7168K)->5782K(7168K)
[2025-11-08T14:19:26.087+0000][gc            ] GC(295) Pause Young (Normal) (G1 Evacuation Pause) 291M->224M(667M) 16.016ms
[2025-11-08T14:19:26.087+0000][gc,cpu        ] GC(295) User=0.03s Sys=0.00s Real=0.02s
[2025-11-08T14:19:35.453+0000][gc,start      ] GC(296) Pause Young (Normal) (G1 Evacuation Pause)
[2025-11-08T14:19:35.454+0000][gc,task       ] GC(296) Using 2 workers of 2 for evacuation
[2025-11-08T14:19:35.464+0000][gc,phases     ] GC(296)   Pre Evacuate Collection Set: 0.0ms
[2025-11-08T14:19:35.464+0000][gc,phases     ] GC(296)   Evacuate Collection Set: 8.8ms
[2025-11-08T14:19:35.464+0000][gc,phases     ] GC(296)   Post Evacuate Collection Set: 0.8ms
[2025-11-08T14:19:35.465+0000][gc,phases     ] GC(296)   Other: 1.1ms
[2025-11-08T14:19:35.465+0000][gc,heap       ] GC(296) Eden regions: 68->0(71)
[2025-11-08T14:19:35.465+0000][gc,heap       ] GC(296) Survivor regions: 4->5(9)
[2025-11-08T14:19:35.465+0000][gc,heap       ] GC(296) Old regions: 74->74
[2025-11-08T14:19:35.465+0000][gc,heap       ] GC(296) Humongous regions: 147->147
[2025-11-08T14:19:35.466+0000][gc,metaspace  ] GC(296) Metaspace: 52185K(55472K)->52185K(55472K) NonClass: 46403K(48304K)->46403K(48304K) Class: 5782K(7168K)->5782K(7168K)
[2025-11-08T14:19:35.466+0000][gc            ] GC(296) Pause Young (Normal) (G1 Evacuation Pause) 292M->225M(667M) 12.522ms
[2025-11-08T14:19:35.466+0000][gc,cpu        ] GC(296) User=0.02s Sys=0.00s Real=0.01s
[2025-11-08T14:19:45.078+0000][gc,start      ] GC(297) Pause Young (Normal) (G1 Evacuation Pause)
[2025-11-08T14:19:45.078+0000][gc,task       ] GC(297) Using 2 workers of 2 for evacuation
[2025-11-08T14:19:45.087+0000][gc,phases     ] GC(297)   Pre Evacuate Collection Set: 0.0ms
[2025-11-08T14:19:45.087+0000][gc,phases     ] GC(297)   Evacuate Collection Set: 7.2ms
[2025-11-08T14:19:45.087+0000][gc,phases     ] GC(297)   Post Evacuate Collection Set: 0.8ms
[2025-11-08T14:19:45.087+0000][gc,phases     ] GC(297)   Other: 0.7ms
[2025-11-08T14:19:45.087+0000][gc,heap       ] GC(297) Eden regions: 71->0(75)
[2025-11-08T14:19:45.087+0000][gc,heap       ] GC(297) Survivor regions: 5->3(10)
[2025-11-08T14:19:45.088+0000][gc,heap       ] GC(297) Old regions: 74->74
[2025-11-08T14:19:45.088+0000][gc,heap       ] GC(297) Humongous regions: 147->147
[2025-11-08T14:19:45.088+0000][gc,metaspace  ] GC(297) Metaspace: 52186K(55472K)->52186K(55472K) NonClass: 46403K(48304K)->46403K(48304K) Class: 5782K(7168K)->5782K(7168K)
[2025-11-08T14:19:45.088+0000][gc            ] GC(297) Pause Young (Normal) (G1 Evacuation Pause) 296M->223M(667M) 10.159ms
[2025-11-08T14:19:45.088+0000][gc,cpu        ] GC(297) User=0.02s Sys=0.00s Real=0.01s
[2025-11-08T14:19:55.175+0000][gc,start      ] GC(298) Pause Young (Normal) (G1 Evacuation Pause)
[2025-11-08T14:19:55.178+0000][gc,task       ] GC(298) Using 2 workers of 2 for evacuation
[2025-11-08T14:19:55.187+0000][gc,phases     ] GC(298)   Pre Evacuate Collection Set: 0.0ms
[2025-11-08T14:19:55.188+0000][gc,phases     ] GC(298)   Evacuate Collection Set: 8.5ms
[2025-11-08T14:19:55.188+0000][gc,phases     ] GC(298)   Post Evacuate Collection Set: 0.7ms
[2025-11-08T14:19:55.188+0000][gc,phases     ] GC(298)   Other: 2.7ms
[2025-11-08T14:19:55.188+0000][gc,heap       ] GC(298) Eden regions: 75->0(79)
[2025-11-08T14:19:55.188+0000][gc,heap       ] GC(298) Survivor regions: 3->5(10)
[2025-11-08T14:19:55.188+0000][gc,heap       ] GC(298) Old regions: 74->74
[2025-11-08T14:19:55.189+0000][gc,heap       ] GC(298) Humongous regions: 147->147
[2025-11-08T14:19:55.189+0000][gc,metaspace  ] GC(298) Metaspace: 52186K(55472K)->52186K(55472K) NonClass: 46403K(48304K)->46403K(48304K) Class: 5782K(7168K)->5782K(7168K)
[2025-11-08T14:19:55.189+0000][gc            ] GC(298) Pause Young (Normal) (G1 Evacuation Pause) 298M->225M(667M) 13.595ms
[2025-11-08T14:19:55.189+0000][gc,cpu        ] GC(298) User=0.01s Sys=0.00s Real=0.01s
[2025-11-08T14:20:05.800+0000][gc,start      ] GC(299) Pause Young (Normal) (G1 Evacuation Pause)
[2025-11-08T14:20:05.800+0000][gc,task       ] GC(299) Using 2 workers of 2 for evacuation
[2025-11-08T14:20:05.809+0000][gc,phases     ] GC(299)   Pre Evacuate Collection Set: 0.0ms
[2025-11-08T14:20:05.809+0000][gc,phases     ] GC(299)   Evacuate Collection Set: 7.1ms
[2025-11-08T14:20:05.809+0000][gc,phases     ] GC(299)   Post Evacuate Collection Set: 0.8ms
[2025-11-08T14:20:05.809+0000][gc,phases     ] GC(299)   Other: 0.6ms
[2025-11-08T14:20:05.809+0000][gc,heap       ] GC(299) Eden regions: 79->0(83)
[2025-11-08T14:20:05.810+0000][gc,heap       ] GC(299) Survivor regions: 5->4(11)
[2025-11-08T14:20:05.810+0000][gc,heap       ] GC(299) Old regions: 74->74
[2025-11-08T14:20:05.810+0000][gc,heap       ] GC(299) Humongous regions: 147->147
[2025-11-08T14:20:05.810+0000][gc,metaspace  ] GC(299) Metaspace: 52186K(55472K)->52186K(55472K) NonClass: 46403K(48304K)->46403K(48304K) Class: 5782K(7168K)->5782K(7168K)
[2025-11-08T14:20:05.810+0000][gc            ] GC(299) Pause Young (Normal) (G1 Evacuation Pause) 304M->224M(667M) 10.121ms
[2025-11-08T14:20:05.811+0000][gc,cpu        ] GC(299) User=0.02s Sys=0.00s Real=0.01s
[2025-11-08T14:20:17.095+0000][gc,start      ] GC(300) Pause Young (Normal) (G1 Evacuation Pause)
[2025-11-08T14:20:17.095+0000][gc,task       ] GC(300) Using 2 workers of 2 for evacuation
[2025-11-08T14:20:17.142+0000][gc,mmu        ] GC(300) MMU target violated: 21.0ms (20.0ms/21.0ms)
[2025-11-08T14:20:17.142+0000][gc,phases     ] GC(300)   Pre Evacuate Collection Set: 0.0ms
[2025-11-08T14:20:17.142+0000][gc,phases     ] GC(300)   Evacuate Collection Set: 44.9ms
[2025-11-08T14:20:17.143+0000][gc,phases     ] GC(300)   Post Evacuate Collection Set: 1.5ms
[2025-11-08T14:20:17.143+0000][gc,phases     ] GC(300)   Other: 1.0ms
[2025-11-08T14:20:17.143+0000][gc,heap       ] GC(300) Eden regions: 83->0(29)
[2025-11-08T14:20:17.143+0000][gc,heap       ] GC(300) Survivor regions: 4->4(11)
[2025-11-08T14:20:17.144+0000][gc,heap       ] GC(300) Old regions: 74->75
[2025-11-08T14:20:17.144+0000][gc,heap       ] GC(300) Humongous regions: 147->147
[2025-11-08T14:20:17.144+0000][gc,metaspace  ] GC(300) Metaspace: 52186K(55472K)->52186K(55472K) NonClass: 46403K(48304K)->46403K(48304K) Class: 5782K(7168K)->5782K(7168K)
[2025-11-08T14:20:17.144+0000][gc            ] GC(300) Pause Young (Normal) (G1 Evacuation Pause) 307M->224M(667M) 49.256ms
[2025-11-08T14:20:17.144+0000][gc,cpu        ] GC(300) User=0.06s Sys=0.02s Real=0.05s
[2025-11-08T14:20:21.033+0000][gc,start      ] GC(301) Pause Young (Normal) (G1 Evacuation Pause)
[2025-11-08T14:20:21.033+0000][gc,task       ] GC(301) Using 2 workers of 2 for evacuation
[2025-11-08T14:20:21.043+0000][gc,phases     ] GC(301)   Pre Evacuate Collection Set: 0.0ms
[2025-11-08T14:20:21.044+0000][gc,phases     ] GC(301)   Evacuate Collection Set: 8.9ms
[2025-11-08T14:20:21.044+0000][gc,phases     ] GC(301)   Post Evacuate Collection Set: 0.7ms
[2025-11-08T14:20:21.044+0000][gc,phases     ] GC(301)   Other: 0.8ms
[2025-11-08T14:20:21.044+0000][gc,heap       ] GC(301) Eden regions: 29->0(29)
[2025-11-08T14:20:21.044+0000][gc,heap       ] GC(301) Survivor regions: 4->4(5)
[2025-11-08T14:20:21.045+0000][gc,heap       ] GC(301) Old regions: 75->76
[2025-11-08T14:20:21.045+0000][gc,heap       ] GC(301) Humongous regions: 147->147
[2025-11-08T14:20:21.045+0000][gc,metaspace  ] GC(301) Metaspace: 52186K(55472K)->52186K(55472K) NonClass: 46403K(48304K)->46403K(48304K) Class: 5782K(7168K)->5782K(7168K)
[2025-11-08T14:20:21.045+0000][gc            ] GC(301) Pause Young (Normal) (G1 Evacuation Pause) 253M->226M(667M) 11.861ms
[2025-11-08T14:20:21.045+0000][gc,cpu        ] GC(301) User=0.02s Sys=0.00s Real=0.01s
[2025-11-08T14:20:24.882+0000][gc,start      ] GC(302) Pause Young (Normal) (G1 Evacuation Pause)
[2025-11-08T14:20:24.882+0000][gc,task       ] GC(302) Using 2 workers of 2 for evacuation
[2025-11-08T14:20:24.893+0000][gc,phases     ] GC(302)   Pre Evacuate Collection Set: 0.0ms
[2025-11-08T14:20:24.893+0000][gc,phases     ] GC(302)   Evacuate Collection Set: 9.4ms
[2025-11-08T14:20:24.894+0000][gc,phases     ] GC(302)   Post Evacuate Collection Set: 0.8ms
[2025-11-08T14:20:24.894+0000][gc,phases     ] GC(302)   Other: 0.9ms
[2025-11-08T14:20:24.894+0000][gc,heap       ] GC(302) Eden regions: 29->0(30)
[2025-11-08T14:20:24.894+0000][gc,heap       ] GC(302) Survivor regions: 4->3(5)
[2025-11-08T14:20:24.895+0000][gc,heap       ] GC(302) Old regions: 76->77
[2025-11-08T14:20:24.895+0000][gc,heap       ] GC(302) Humongous regions: 147->147
[2025-11-08T14:20:24.895+0000][gc,metaspace  ] GC(302) Metaspace: 52186K(55472K)->52186K(55472K) NonClass: 46403K(48304K)->46403K(48304K) Class: 5782K(7168K)->5782K(7168K)
[2025-11-08T14:20:24.895+0000][gc            ] GC(302) Pause Young (Normal) (G1 Evacuation Pause) 255M->226M(667M) 13.803ms
[2025-11-08T14:20:24.896+0000][gc,cpu        ] GC(302) User=0.02s Sys=0.00s Real=0.01s
[2025-11-08T14:20:28.772+0000][gc,start      ] GC(303) Pause Young (Normal) (G1 Evacuation Pause)
[2025-11-08T14:20:28.772+0000][gc,task       ] GC(303) Using 2 workers of 2 for evacuation
[2025-11-08T14:20:28.779+0000][gc,phases     ] GC(303)   Pre Evacuate Collection Set: 0.0ms
[2025-11-08T14:20:28.779+0000][gc,phases     ] GC(303)   Evacuate Collection Set: 5.4ms
[2025-11-08T14:20:28.779+0000][gc,phases     ] GC(303)   Post Evacuate Collection Set: 0.7ms
[2025-11-08T14:20:28.780+0000][gc,phases     ] GC(303)   Other: 0.7ms
[2025-11-08T14:20:28.780+0000][gc,heap       ] GC(303) Eden regions: 30->0(37)
[2025-11-08T14:20:28.780+0000][gc,heap       ] GC(303) Survivor regions: 3->2(5)
[2025-11-08T14:20:28.780+0000][gc,heap       ] GC(303) Old regions: 77->77
[2025-11-08T14:20:28.780+0000][gc,heap       ] GC(303) Humongous regions: 147->147
[2025-11-08T14:20:28.781+0000][gc,metaspace  ] GC(303) Metaspace: 52186K(55472K)->52186K(55472K) NonClass: 46403K(48304K)->46403K(48304K) Class: 5782K(7168K)->5782K(7168K)
[2025-11-08T14:20:28.781+0000][gc            ] GC(303) Pause Young (Normal) (G1 Evacuation Pause) 256M->225M(667M) 8.829ms
[2025-11-08T14:20:28.781+0000][gc,cpu        ] GC(303) User=0.01s Sys=0.00s Real=0.00s
[2025-11-08T14:20:33.608+0000][gc,start      ] GC(304) Pause Young (Normal) (G1 Evacuation Pause)
[2025-11-08T14:20:33.608+0000][gc,task       ] GC(304) Using 2 workers of 2 for evacuation
[2025-11-08T14:20:33.616+0000][gc,phases     ] GC(304)   Pre Evacuate Collection Set: 0.0ms
[2025-11-08T14:20:33.616+0000][gc,phases     ] GC(304)   Evacuate Collection Set: 5.6ms
[2025-11-08T14:20:33.616+0000][gc,phases     ] GC(304)   Post Evacuate Collection Set: 2.0ms
[2025-11-08T14:20:33.616+0000][gc,phases     ] GC(304)   Other: 0.5ms
[2025-11-08T14:20:33.616+0000][gc,heap       ] GC(304) Eden regions: 37->0(39)
[2025-11-08T14:20:33.617+0000][gc,heap       ] GC(304) Survivor regions: 2->3(5)
[2025-11-08T14:20:33.617+0000][gc,heap       ] GC(304) Old regions: 77->77
[2025-11-08T14:20:33.617+0000][gc,heap       ] GC(304) Humongous regions: 147->147
[2025-11-08T14:20:33.617+0000][gc,metaspace  ] GC(304) Metaspace: 52186K(55472K)->52186K(55472K) NonClass: 46403K(48304K)->46403K(48304K) Class: 5782K(7168K)->5782K(7168K)
[2025-11-08T14:20:33.617+0000][gc            ] GC(304) Pause Young (Normal) (G1 Evacuation Pause) 262M->226M(667M) 9.705ms
[2025-11-08T14:20:33.618+0000][gc,cpu        ] GC(304) User=0.01s Sys=0.00s Real=0.01s
[2025-11-08T14:20:38.695+0000][gc,start      ] GC(305) Pause Young (Normal) (G1 Evacuation Pause)
[2025-11-08T14:20:38.696+0000][gc,task       ] GC(305) Using 2 workers of 2 for evacuation
[2025-11-08T14:20:38.703+0000][gc,phases     ] GC(305)   Pre Evacuate Collection Set: 0.0ms
[2025-11-08T14:20:38.703+0000][gc,phases     ] GC(305)   Evacuate Collection Set: 6.1ms
[2025-11-08T14:20:38.703+0000][gc,phases     ] GC(305)   Post Evacuate Collection Set: 0.8ms
[2025-11-08T14:20:38.704+0000][gc,phases     ] GC(305)   Other: 0.6ms
[2025-11-08T14:20:38.704+0000][gc,heap       ] GC(305) Eden regions: 39->0(43)
[2025-11-08T14:20:38.704+0000][gc,heap       ] GC(305) Survivor regions: 3->3(6)
[2025-11-08T14:20:38.704+0000][gc,heap       ] GC(305) Old regions: 77->77
[2025-11-08T14:20:38.704+0000][gc,heap       ] GC(305) Humongous regions: 147->147
[2025-11-08T14:20:38.704+0000][gc,metaspace  ] GC(305) Metaspace: 52186K(55472K)->52186K(55472K) NonClass: 46403K(48304K)->46403K(48304K) Class: 5782K(7168K)->5782K(7168K)
[2025-11-08T14:20:38.704+0000][gc            ] GC(305) Pause Young (Normal) (G1 Evacuation Pause) 265M->226M(667M) 9.026ms
[2025-11-08T14:20:38.705+0000][gc,cpu        ] GC(305) User=0.02s Sys=0.00s Real=0.01s
[2025-11-08T14:20:44.360+0000][gc,start      ] GC(306) Pause Young (Normal) (G1 Evacuation Pause)
[2025-11-08T14:20:44.360+0000][gc,task       ] GC(306) Using 2 workers of 2 for evacuation
[2025-11-08T14:20:44.366+0000][gc,phases     ] GC(306)   Pre Evacuate Collection Set: 0.0ms
[2025-11-08T14:20:44.366+0000][gc,phases     ] GC(306)   Evacuate Collection Set: 5.4ms
[2025-11-08T14:20:44.367+0000][gc,phases     ] GC(306)   Post Evacuate Collection Set: 0.7ms
[2025-11-08T14:20:44.367+0000][gc,phases     ] GC(306)   Other: 0.6ms
[2025-11-08T14:20:44.367+0000][gc,heap       ] GC(306) Eden regions: 43->0(48)
[2025-11-08T14:20:44.367+0000][gc,heap       ] GC(306) Survivor regions: 3->3(6)
[2025-11-08T14:20:44.367+0000][gc,heap       ] GC(306) Old regions: 77->77
[2025-11-08T14:20:44.368+0000][gc,heap       ] GC(306) Humongous regions: 147->147
[2025-11-08T14:20:44.368+0000][gc,metaspace  ] GC(306) Metaspace: 52186K(55472K)->52186K(55472K) NonClass: 46404K(48304K)->46404K(48304K) Class: 5782K(7168K)->5782K(7168K)
[2025-11-08T14:20:44.368+0000][gc            ] GC(306) Pause Young (Normal) (G1 Evacuation Pause) 269M->226M(667M) 8.288ms
[2025-11-08T14:20:44.368+0000][gc,cpu        ] GC(306) User=0.01s Sys=0.00s Real=0.01s
[2025-11-08T14:20:50.625+0000][gc,start      ] GC(307) Pause Young (Normal) (G1 Evacuation Pause)
[2025-11-08T14:20:50.625+0000][gc,task       ] GC(307) Using 2 workers of 2 for evacuation
[2025-11-08T14:20:50.631+0000][gc,phases     ] GC(307)   Pre Evacuate Collection Set: 0.0ms
[2025-11-08T14:20:50.632+0000][gc,phases     ] GC(307)   Evacuate Collection Set: 5.1ms
[2025-11-08T14:20:50.632+0000][gc,phases     ] GC(307)   Post Evacuate Collection Set: 0.7ms
[2025-11-08T14:20:50.632+0000][gc,phases     ] GC(307)   Other: 0.6ms
[2025-11-08T14:20:50.632+0000][gc,heap       ] GC(307) Eden regions: 48->0(53)
[2025-11-08T14:20:50.632+0000][gc,heap       ] GC(307) Survivor regions: 3->2(7)
[2025-11-08T14:20:50.632+0000][gc,heap       ] GC(307) Old regions: 77->77
[2025-11-08T14:20:50.633+0000][gc,heap       ] GC(307) Humongous regions: 147->147
[2025-11-08T14:20:50.633+0000][gc,metaspace  ] GC(307) Metaspace: 52186K(55472K)->52186K(55472K) NonClass: 46404K(48304K)->46404K(48304K) Class: 5782K(7168K)->5782K(7168K)
[2025-11-08T14:20:50.633+0000][gc            ] GC(307) Pause Young (Normal) (G1 Evacuation Pause) 274M->225M(667M) 8.057ms
[2025-11-08T14:20:50.633+0000][gc,cpu        ] GC(307) User=0.01s Sys=0.00s Real=0.01s
[2025-11-08T14:20:57.610+0000][gc,start      ] GC(308) Pause Young (Normal) (G1 Evacuation Pause)
[2025-11-08T14:20:57.610+0000][gc,task       ] GC(308) Using 2 workers of 2 for evacuation
[2025-11-08T14:20:57.616+0000][gc,phases     ] GC(308)   Pre Evacuate Collection Set: 0.0ms
[2025-11-08T14:20:57.617+0000][gc,phases     ] GC(308)   Evacuate Collection Set: 5.7ms
[2025-11-08T14:20:57.617+0000][gc,phases     ] GC(308)   Post Evacuate Collection Set: 0.6ms
[2025-11-08T14:20:57.617+0000][gc,phases     ] GC(308)   Other: 0.5ms
[2025-11-08T14:20:57.617+0000][gc,heap       ] GC(308) Eden regions: 53->0(57)
[2025-11-08T14:20:57.617+0000][gc,heap       ] GC(308) Survivor regions: 2->3(7)
[2025-11-08T14:20:57.618+0000][gc,heap       ] GC(308) Old regions: 77->77
[2025-11-08T14:20:57.618+0000][gc,heap       ] GC(308) Humongous regions: 147->147
[2025-11-08T14:20:57.618+0000][gc,metaspace  ] GC(308) Metaspace: 52186K(55472K)->52186K(55472K) NonClass: 46404K(48304K)->46404K(48304K) Class: 5782K(7168K)->5782K(7168K)
[2025-11-08T14:20:57.618+0000][gc            ] GC(308) Pause Young (Normal) (G1 Evacuation Pause) 278M->226M(667M) 8.544ms
[2025-11-08T14:20:57.618+0000][gc,cpu        ] GC(308) User=0.01s Sys=0.00s Real=0.01s
[2025-11-08T14:21:05.367+0000][gc,start      ] GC(309) Pause Young (Normal) (G1 Evacuation Pause)
[2025-11-08T14:21:05.367+0000][gc,task       ] GC(309) Using 2 workers of 2 for evacuation
[2025-11-08T14:21:05.376+0000][gc,phases     ] GC(309)   Pre Evacuate Collection Set: 0.0ms
[2025-11-08T14:21:05.377+0000][gc,phases     ] GC(309)   Evacuate Collection Set: 7.9ms
[2025-11-08T14:21:05.377+0000][gc,phases     ] GC(309)   Post Evacuate Collection Set: 0.9ms
[2025-11-08T14:21:05.377+0000][gc,phases     ] GC(309)   Other: 0.7ms
[2025-11-08T14:21:05.378+0000][gc,heap       ] GC(309) Eden regions: 57->0(60)
[2025-11-08T14:21:05.378+0000][gc,heap       ] GC(309) Survivor regions: 3->4(8)
[2025-11-08T14:21:05.378+0000][gc,heap       ] GC(309) Old regions: 77->77
[2025-11-08T14:21:05.378+0000][gc,heap       ] GC(309) Humongous regions: 147->147
[2025-11-08T14:21:05.378+0000][gc,metaspace  ] GC(309) Metaspace: 52186K(55472K)->52186K(55472K) NonClass: 46404K(48304K)->46404K(48304K) Class: 5782K(7168K)->5782K(7168K)
[2025-11-08T14:21:05.379+0000][gc            ] GC(309) Pause Young (Normal) (G1 Evacuation Pause) 283M->227M(667M) 11.619ms
[2025-11-08T14:21:05.379+0000][gc,cpu        ] GC(309) User=0.02s Sys=0.00s Real=0.01s
[2025-11-08T14:21:13.085+0000][gc,start      ] GC(310) Pause Young (Normal) (G1 Evacuation Pause)
[2025-11-08T14:21:13.085+0000][gc,task       ] GC(310) Using 2 workers of 2 for evacuation
[2025-11-08T14:21:13.095+0000][gc,phases     ] GC(310)   Pre Evacuate Collection Set: 0.0ms
[2025-11-08T14:21:13.095+0000][gc,phases     ] GC(310)   Evacuate Collection Set: 8.4ms
[2025-11-08T14:21:13.095+0000][gc,phases     ] GC(310)   Post Evacuate Collection Set: 0.7ms
[2025-11-08T14:21:13.095+0000][gc,phases     ] GC(310)   Other: 0.8ms
[2025-11-08T14:21:13.096+0000][gc,heap       ] GC(310) Eden regions: 58->0(63)
[2025-11-08T14:21:13.096+0000][gc,heap       ] GC(310) Survivor regions: 4->5(8)
[2025-11-08T14:21:13.096+0000][gc,heap       ] GC(310) Old regions: 77->77
[2025-11-08T14:21:13.096+0000][gc,heap       ] GC(310) Humongous regions: 147->147
[2025-11-08T14:21:13.096+0000][gc,metaspace  ] GC(310) Metaspace: 52190K(55472K)->52190K(55472K) NonClass: 46407K(48304K)->46407K(48304K) Class: 5782K(7168K)->5782K(7168K)
[2025-11-08T14:21:13.096+0000][gc            ] GC(310) Pause Young (Normal) (G1 Evacuation Pause) 285M->228M(667M) 11.243ms
[2025-11-08T14:21:13.096+0000][gc,cpu        ] GC(310) User=0.02s Sys=0.00s Real=0.01s
[2025-11-08T14:21:21.174+0000][gc,start      ] GC(311) Pause Young (Normal) (G1 Evacuation Pause)
[2025-11-08T14:21:21.175+0000][gc,task       ] GC(311) Using 2 workers of 2 for evacuation
[2025-11-08T14:21:21.184+0000][gc,phases     ] GC(311)   Pre Evacuate Collection Set: 0.0ms
[2025-11-08T14:21:21.185+0000][gc,phases     ] GC(311)   Evacuate Collection Set: 8.3ms
[2025-11-08T14:21:21.185+0000][gc,phases     ] GC(311)   Post Evacuate Collection Set: 0.8ms
[2025-11-08T14:21:21.185+0000][gc,phases     ] GC(311)   Other: 0.8ms
[2025-11-08T14:21:21.185+0000][gc,heap       ] GC(311) Eden regions: 60->0(66)
[2025-11-08T14:21:21.185+0000][gc,heap       ] GC(311) Survivor regions: 5->4(9)
[2025-11-08T14:21:21.185+0000][gc,heap       ] GC(311) Old regions: 77->77
[2025-11-08T14:21:21.186+0000][gc,heap       ] GC(311) Humongous regions: 147->147
[2025-11-08T14:21:21.186+0000][gc,metaspace  ] GC(311) Metaspace: 52190K(55472K)->52190K(55472K) NonClass: 46407K(48304K)->46407K(48304K) Class: 5782K(7168K)->5782K(7168K)
[2025-11-08T14:21:21.186+0000][gc            ] GC(311) Pause Young (Normal) (G1 Evacuation Pause) 288M->227M(667M) 11.504ms
[2025-11-08T14:21:21.186+0000][gc,cpu        ] GC(311) User=0.02s Sys=0.00s Real=0.01s
[2025-11-08T14:21:29.659+0000][gc,start      ] GC(312) Pause Young (Normal) (G1 Evacuation Pause)
[2025-11-08T14:21:29.659+0000][gc,task       ] GC(312) Using 2 workers of 2 for evacuation
[2025-11-08T14:21:29.669+0000][gc,phases     ] GC(312)   Pre Evacuate Collection Set: 0.0ms
[2025-11-08T14:21:29.669+0000][gc,phases     ] GC(312)   Evacuate Collection Set: 7.8ms
[2025-11-08T14:21:29.669+0000][gc,phases     ] GC(312)   Post Evacuate Collection Set: 0.9ms
[2025-11-08T14:21:29.669+0000][gc,phases     ] GC(312)   Other: 1.1ms
[2025-11-08T14:21:29.670+0000][gc,heap       ] GC(312) Eden regions: 64->0(69)
[2025-11-08T14:21:29.670+0000][gc,heap       ] GC(312) Survivor regions: 4->4(9)
[2025-11-08T14:21:29.670+0000][gc,heap       ] GC(312) Old regions: 77->77
[2025-11-08T14:21:29.672+0000][gc,heap       ] GC(312) Humongous regions: 147->147
[2025-11-08T14:21:29.672+0000][gc,metaspace  ] GC(312) Metaspace: 52201K(55472K)->52201K(55472K) NonClass: 46418K(48304K)->46418K(48304K) Class: 5782K(7168K)->5782K(7168K)
[2025-11-08T14:21:29.673+0000][gc            ] GC(312) Pause Young (Normal) (G1 Evacuation Pause) 291M->227M(667M) 13.657ms
[2025-11-08T14:21:29.673+0000][gc,cpu        ] GC(312) User=0.01s Sys=0.00s Real=0.02s
[2025-11-08T14:21:38.430+0000][gc,start      ] GC(313) Pause Young (Normal) (G1 Evacuation Pause)
[2025-11-08T14:21:38.430+0000][gc,task       ] GC(313) Using 2 workers of 2 for evacuation
[2025-11-08T14:21:38.439+0000][gc,phases     ] GC(313)   Pre Evacuate Collection Set: 0.2ms
[2025-11-08T14:21:38.439+0000][gc,phases     ] GC(313)   Evacuate Collection Set: 7.5ms
[2025-11-08T14:21:38.439+0000][gc,phases     ] GC(313)   Post Evacuate Collection Set: 0.7ms
[2025-11-08T14:21:38.440+0000][gc,phases     ] GC(313)   Other: 0.5ms
[2025-11-08T14:21:38.440+0000][gc,heap       ] GC(313) Eden regions: 66->0(74)
[2025-11-08T14:21:38.440+0000][gc,heap       ] GC(313) Survivor regions: 4->4(9)
[2025-11-08T14:21:38.440+0000][gc,heap       ] GC(313) Old regions: 77->78
[2025-11-08T14:21:38.440+0000][gc,heap       ] GC(313) Humongous regions: 147->147
[2025-11-08T14:21:38.440+0000][gc,metaspace  ] GC(313) Metaspace: 52201K(55472K)->52201K(55472K) NonClass: 46418K(48304K)->46418K(48304K) Class: 5782K(7168K)->5782K(7168K)
[2025-11-08T14:21:38.440+0000][gc            ] GC(313) Pause Young (Normal) (G1 Evacuation Pause) 293M->227M(667M) 10.228ms
[2025-11-08T14:21:38.441+0000][gc,cpu        ] GC(313) User=0.02s Sys=0.00s Real=0.01s
[2025-11-08T14:21:47.850+0000][gc,start      ] GC(314) Pause Young (Normal) (G1 Evacuation Pause)
[2025-11-08T14:21:47.850+0000][gc,task       ] GC(314) Using 2 workers of 2 for evacuation
[2025-11-08T14:21:47.861+0000][gc,phases     ] GC(314)   Pre Evacuate Collection Set: 0.0ms
[2025-11-08T14:21:47.861+0000][gc,phases     ] GC(314)   Evacuate Collection Set: 9.8ms
[2025-11-08T14:21:47.861+0000][gc,phases     ] GC(314)   Post Evacuate Collection Set: 0.8ms
[2025-11-08T14:21:47.862+0000][gc,phases     ] GC(314)   Other: 0.7ms
[2025-11-08T14:21:47.862+0000][gc,heap       ] GC(314) Eden regions: 71->0(75)
[2025-11-08T14:21:47.862+0000][gc,heap       ] GC(314) Survivor regions: 4->4(10)
[2025-11-08T14:21:47.862+0000][gc,heap       ] GC(314) Old regions: 78->78
[2025-11-08T14:21:47.862+0000][gc,heap       ] GC(314) Humongous regions: 147->147
[2025-11-08T14:21:47.862+0000][gc,metaspace  ] GC(314) Metaspace: 52203K(55472K)->52203K(55472K) NonClass: 46421K(48304K)->46421K(48304K) Class: 5782K(7168K)->5782K(7168K)
[2025-11-08T14:21:47.863+0000][gc            ] GC(314) Pause Young (Normal) (G1 Evacuation Pause) 298M->227M(667M) 12.742ms
[2025-11-08T14:21:47.863+0000][gc,cpu        ] GC(314) User=0.02s Sys=0.00s Real=0.02s
[2025-11-08T14:21:57.396+0000][gc,start      ] GC(315) Pause Young (Normal) (G1 Evacuation Pause)
[2025-11-08T14:21:57.397+0000][gc,task       ] GC(315) Using 2 workers of 2 for evacuation
[2025-11-08T14:21:57.407+0000][gc,phases     ] GC(315)   Pre Evacuate Collection Set: 0.1ms
[2025-11-08T14:21:57.407+0000][gc,phases     ] GC(315)   Evacuate Collection Set: 9.2ms
[2025-11-08T14:21:57.407+0000][gc,phases     ] GC(315)   Post Evacuate Collection Set: 0.8ms
[2025-11-08T14:21:57.408+0000][gc,phases     ] GC(315)   Other: 0.6ms
[2025-11-08T14:21:57.408+0000][gc,heap       ] GC(315) Eden regions: 71->0(77)
[2025-11-08T14:21:57.408+0000][gc,heap       ] GC(315) Survivor regions: 4->4(10)
[2025-11-08T14:21:57.408+0000][gc,heap       ] GC(315) Old regions: 78->78
[2025-11-08T14:21:57.408+0000][gc,heap       ] GC(315) Humongous regions: 147->147
[2025-11-08T14:21:57.408+0000][gc,metaspace  ] GC(315) Metaspace: 52203K(55472K)->52203K(55472K) NonClass: 46421K(48304K)->46421K(48304K) Class: 5782K(7168K)->5782K(7168K)
[2025-11-08T14:21:57.409+0000][gc            ] GC(315) Pause Young (Normal) (G1 Evacuation Pause) 298M->228M(667M) 12.215ms
[2025-11-08T14:21:57.409+0000][gc,cpu        ] GC(315) User=0.02s Sys=0.00s Real=0.01s
[2025-11-08T14:22:07.501+0000][gc,start      ] GC(316) Pause Young (Normal) (G1 Evacuation Pause)
[2025-11-08T14:22:07.502+0000][gc,task       ] GC(316) Using 2 workers of 2 for evacuation
[2025-11-08T14:22:07.514+0000][gc,phases     ] GC(316)   Pre Evacuate Collection Set: 0.0ms
[2025-11-08T14:22:07.514+0000][gc,phases     ] GC(316)   Evacuate Collection Set: 11.0ms
[2025-11-08T14:22:07.515+0000][gc,phases     ] GC(316)   Post Evacuate Collection Set: 0.9ms
[2025-11-08T14:22:07.515+0000][gc,phases     ] GC(316)   Other: 1.1ms
[2025-11-08T14:22:07.515+0000][gc,heap       ] GC(316) Eden regions: 74->0(77)
[2025-11-08T14:22:07.515+0000][gc,heap       ] GC(316) Survivor regions: 4->5(10)
[2025-11-08T14:22:07.516+0000][gc,heap       ] GC(316) Old regions: 78->78
[2025-11-08T14:22:07.516+0000][gc,heap       ] GC(316) Humongous regions: 147->147
[2025-11-08T14:22:07.516+0000][gc,metaspace  ] GC(316) Metaspace: 52203K(55472K)->52203K(55472K) NonClass: 46421K(48304K)->46421K(48304K) Class: 5782K(7168K)->5782K(7168K)
[2025-11-08T14:22:07.516+0000][gc            ] GC(316) Pause Young (Normal) (G1 Evacuation Pause) 302M->229M(667M) 15.246ms
[2025-11-08T14:22:07.517+0000][gc,cpu        ] GC(316) User=0.02s Sys=0.00s Real=0.02s
[2025-11-08T14:22:17.771+0000][gc,start      ] GC(317) Pause Young (Normal) (G1 Evacuation Pause)
[2025-11-08T14:22:17.772+0000][gc,task       ] GC(317) Using 2 workers of 2 for evacuation
[2025-11-08T14:22:17.787+0000][gc,phases     ] GC(317)   Pre Evacuate Collection Set: 0.0ms
[2025-11-08T14:22:17.787+0000][gc,phases     ] GC(317)   Evacuate Collection Set: 13.1ms
[2025-11-08T14:22:17.787+0000][gc,phases     ] GC(317)   Post Evacuate Collection Set: 1.4ms
[2025-11-08T14:22:17.787+0000][gc,phases     ] GC(317)   Other: 1.2ms
[2025-11-08T14:22:17.788+0000][gc,heap       ] GC(317) Eden regions: 75->0(76)
[2025-11-08T14:22:17.788+0000][gc,heap       ] GC(317) Survivor regions: 5->4(10)
[2025-11-08T14:22:17.789+0000][gc,heap       ] GC(317) Old regions: 78->78
[2025-11-08T14:22:17.789+0000][gc,heap       ] GC(317) Humongous regions: 147->147
[2025-11-08T14:22:17.789+0000][gc,metaspace  ] GC(317) Metaspace: 52204K(55472K)->52204K(55472K) NonClass: 46422K(48304K)->46422K(48304K) Class: 5782K(7168K)->5782K(7168K)
[2025-11-08T14:22:17.790+0000][gc            ] GC(317) Pause Young (Normal) (G1 Evacuation Pause) 304M->228M(667M) 18.611ms
[2025-11-08T14:22:17.790+0000][gc,cpu        ] GC(317) User=0.03s Sys=0.00s Real=0.02s
[2025-11-08T14:22:27.709+0000][gc,start      ] GC(318) Pause Young (Normal) (G1 Evacuation Pause)
[2025-11-08T14:22:27.709+0000][gc,task       ] GC(318) Using 2 workers of 2 for evacuation
[2025-11-08T14:22:27.725+0000][gc,phases     ] GC(318)   Pre Evacuate Collection Set: 0.0ms
[2025-11-08T14:22:27.725+0000][gc,phases     ] GC(318)   Evacuate Collection Set: 14.3ms
[2025-11-08T14:22:27.725+0000][gc,phases     ] GC(318)   Post Evacuate Collection Set: 1.1ms
[2025-11-08T14:22:27.725+0000][gc,phases     ] GC(318)   Other: 0.6ms
[2025-11-08T14:22:27.726+0000][gc,heap       ] GC(318) Eden regions: 73->0(76)
[2025-11-08T14:22:27.726+0000][gc,heap       ] GC(318) Survivor regions: 4->5(10)
[2025-11-08T14:22:27.726+0000][gc,heap       ] GC(318) Old regions: 78->79
[2025-11-08T14:22:27.726+0000][gc,heap       ] GC(318) Humongous regions: 147->147
[2025-11-08T14:22:27.727+0000][gc,metaspace  ] GC(318) Metaspace: 52204K(55472K)->52204K(55472K) NonClass: 46422K(48304K)->46422K(48304K) Class: 5782K(7168K)->5782K(7168K)
[2025-11-08T14:22:27.727+0000][gc            ] GC(318) Pause Young (Normal) (G1 Evacuation Pause) 301M->229M(667M) 18.177ms
[2025-11-08T14:22:27.727+0000][gc,cpu        ] GC(318) User=0.03s Sys=0.00s Real=0.02s
[2025-11-08T14:22:37.798+0000][gc,start      ] GC(319) Pause Young (Normal) (G1 Evacuation Pause)
[2025-11-08T14:22:37.812+0000][gc,task       ] GC(319) Using 2 workers of 2 for evacuation
[2025-11-08T14:22:37.864+0000][gc,phases     ] GC(319)   Pre Evacuate Collection Set: 0.1ms
[2025-11-08T14:22:37.865+0000][gc,phases     ] GC(319)   Evacuate Collection Set: 16.1ms
[2025-11-08T14:22:37.865+0000][gc,phases     ] GC(319)   Post Evacuate Collection Set: 1.2ms
[2025-11-08T14:22:37.866+0000][gc,phases     ] GC(319)   Other: 48.7ms
[2025-11-08T14:22:37.866+0000][gc,heap       ] GC(319) Eden regions: 73->0(75)
[2025-11-08T14:22:37.866+0000][gc,heap       ] GC(319) Survivor regions: 5->6(10)
[2025-11-08T14:22:37.867+0000][gc,heap       ] GC(319) Old regions: 79->79
[2025-11-08T14:22:37.867+0000][gc,heap       ] GC(319) Humongous regions: 147->147
[2025-11-08T14:22:37.867+0000][gc,metaspace  ] GC(319) Metaspace: 52204K(55472K)->52204K(55472K) NonClass: 46422K(48304K)->46422K(48304K) Class: 5782K(7168K)->5782K(7168K)
[2025-11-08T14:22:37.868+0000][gc            ] GC(319) Pause Young (Normal) (G1 Evacuation Pause) 302M->231M(667M) 69.235ms
[2025-11-08T14:22:37.868+0000][gc,cpu        ] GC(319) User=0.04s Sys=0.00s Real=0.07s
[2025-11-08T14:22:47.544+0000][gc,start      ] GC(320) Pause Young (Normal) (G1 Evacuation Pause)
[2025-11-08T14:22:47.544+0000][gc,task       ] GC(320) Using 2 workers of 2 for evacuation
[2025-11-08T14:22:47.558+0000][gc,phases     ] GC(320)   Pre Evacuate Collection Set: 0.0ms
[2025-11-08T14:22:47.559+0000][gc,phases     ] GC(320)   Evacuate Collection Set: 12.1ms
[2025-11-08T14:22:47.560+0000][gc,phases     ] GC(320)   Post Evacuate Collection Set: 1.2ms
[2025-11-08T14:22:47.560+0000][gc,phases     ] GC(320)   Other: 1.1ms
[2025-11-08T14:22:47.561+0000][gc,heap       ] GC(320) Eden regions: 72->0(78)
[2025-11-08T14:22:47.561+0000][gc,heap       ] GC(320) Survivor regions: 6->5(10)
[2025-11-08T14:22:47.562+0000][gc,heap       ] GC(320) Old regions: 79->79
[2025-11-08T14:22:47.563+0000][gc,heap       ] GC(320) Humongous regions: 147->147
[2025-11-08T14:22:47.564+0000][gc,metaspace  ] GC(320) Metaspace: 52204K(55472K)->52204K(55472K) NonClass: 46422K(48304K)->46422K(48304K) Class: 5782K(7168K)->5782K(7168K)
[2025-11-08T14:22:47.565+0000][gc            ] GC(320) Pause Young (Normal) (G1 Evacuation Pause) 303M->230M(667M) 20.772ms
[2025-11-08T14:22:47.565+0000][gc,cpu        ] GC(320) User=0.02s Sys=0.00s Real=0.02s
[2025-11-08T14:22:58.098+0000][gc,start      ] GC(321) Pause Young (Normal) (G1 Evacuation Pause)
[2025-11-08T14:22:58.098+0000][gc,task       ] GC(321) Using 2 workers of 2 for evacuation
[2025-11-08T14:22:58.110+0000][gc,phases     ] GC(321)   Pre Evacuate Collection Set: 0.0ms
[2025-11-08T14:22:58.110+0000][gc,phases     ] GC(321)   Evacuate Collection Set: 10.5ms
[2025-11-08T14:22:58.110+0000][gc,phases     ] GC(321)   Post Evacuate Collection Set: 0.7ms
[2025-11-08T14:22:58.110+0000][gc,phases     ] GC(321)   Other: 0.7ms
[2025-11-08T14:22:58.110+0000][gc,heap       ] GC(321) Eden regions: 75->0(80)
[2025-11-08T14:22:58.110+0000][gc,heap       ] GC(321) Survivor regions: 5->5(10)
[2025-11-08T14:22:58.111+0000][gc,heap       ] GC(321) Old regions: 79->79
[2025-11-08T14:22:58.111+0000][gc,heap       ] GC(321) Humongous regions: 147->147
[2025-11-08T14:22:58.111+0000][gc,metaspace  ] GC(321) Metaspace: 52204K(55472K)->52204K(55472K) NonClass: 46422K(48304K)->46422K(48304K) Class: 5782K(7168K)->5782K(7168K)
[2025-11-08T14:22:58.111+0000][gc            ] GC(321) Pause Young (Normal) (G1 Evacuation Pause) 305M->230M(667M) 13.350ms
[2025-11-08T14:22:58.111+0000][gc,cpu        ] GC(321) User=0.02s Sys=0.00s Real=0.01s
[2025-11-08T14:23:15.431+0000][gc,start      ] GC(322) Pause Young (Normal) (G1 Evacuation Pause)
[2025-11-08T14:23:15.431+0000][gc,task       ] GC(322) Using 2 workers of 2 for evacuation
[2025-11-08T14:23:15.450+0000][gc,phases     ] GC(322)   Pre Evacuate Collection Set: 0.0ms
[2025-11-08T14:23:15.451+0000][gc,phases     ] GC(322)   Evacuate Collection Set: 17.3ms
[2025-11-08T14:23:15.451+0000][gc,phases     ] GC(322)   Post Evacuate Collection Set: 1.1ms
[2025-11-08T14:23:15.451+0000][gc,phases     ] GC(322)   Other: 1.0ms
[2025-11-08T14:23:15.452+0000][gc,heap       ] GC(322) Eden regions: 73->0(76)
[2025-11-08T14:23:15.452+0000][gc,heap       ] GC(322) Survivor regions: 5->6(10)
[2025-11-08T14:23:15.452+0000][gc,heap       ] GC(322) Old regions: 79->79
[2025-11-08T14:23:15.452+0000][gc,heap       ] GC(322) Humongous regions: 147->147
[2025-11-08T14:23:15.453+0000][gc,metaspace  ] GC(322) Metaspace: 52213K(55472K)->52213K(55472K) NonClass: 46428K(48304K)->46428K(48304K) Class: 5785K(7168K)->5785K(7168K)
[2025-11-08T14:23:15.453+0000][gc            ] GC(322) Pause Young (Normal) (G1 Evacuation Pause) 303M->231M(667M) 21.979ms
[2025-11-08T14:23:15.453+0000][gc,cpu        ] GC(322) User=0.04s Sys=0.00s Real=0.03s
[2025-11-08T14:23:34.585+0000][gc,start      ] GC(323) Pause Young (Normal) (G1 Evacuation Pause)
[2025-11-08T14:23:34.585+0000][gc,task       ] GC(323) Using 2 workers of 2 for evacuation
[2025-11-08T14:23:34.606+0000][gc,mmu        ] GC(323) MMU target violated: 20.2ms (20.0ms/21.0ms)
[2025-11-08T14:23:34.606+0000][gc,phases     ] GC(323)   Pre Evacuate Collection Set: 0.4ms
[2025-11-08T14:23:34.606+0000][gc,phases     ] GC(323)   Evacuate Collection Set: 18.5ms
[2025-11-08T14:23:34.606+0000][gc,phases     ] GC(323)   Post Evacuate Collection Set: 1.1ms
[2025-11-08T14:23:34.607+0000][gc,phases     ] GC(323)   Other: 1.2ms
[2025-11-08T14:23:34.607+0000][gc,heap       ] GC(323) Eden regions: 71->0(74)
[2025-11-08T14:23:34.608+0000][gc,heap       ] GC(323) Survivor regions: 6->6(10)
[2025-11-08T14:23:34.608+0000][gc,heap       ] GC(323) Old regions: 79->80
[2025-11-08T14:23:34.608+0000][gc,heap       ] GC(323) Humongous regions: 147->147
[2025-11-08T14:23:34.608+0000][gc,metaspace  ] GC(323) Metaspace: 52213K(55472K)->52213K(55472K) NonClass: 46428K(48304K)->46428K(48304K) Class: 5785K(7168K)->5785K(7168K)
[2025-11-08T14:23:34.609+0000][gc            ] GC(323) Pause Young (Normal) (G1 Evacuation Pause) 302M->232M(667M) 23.910ms
[2025-11-08T14:23:34.609+0000][gc,cpu        ] GC(323) User=0.04s Sys=0.00s Real=0.02s
[2025-11-08T14:23:41.457+0000][gc,start      ] GC(324) Pause Young (Normal) (G1 Evacuation Pause)
[2025-11-08T14:23:41.457+0000][gc,task       ] GC(324) Using 2 workers of 2 for evacuation
[2025-11-08T14:23:41.469+0000][gc,phases     ] GC(324)   Pre Evacuate Collection Set: 0.0ms
[2025-11-08T14:23:41.470+0000][gc,phases     ] GC(324)   Evacuate Collection Set: 11.3ms
[2025-11-08T14:23:41.470+0000][gc,phases     ] GC(324)   Post Evacuate Collection Set: 0.8ms
[2025-11-08T14:23:41.470+0000][gc,phases     ] GC(324)   Other: 0.6ms
[2025-11-08T14:23:41.470+0000][gc,heap       ] GC(324) Eden regions: 27->0(49)
[2025-11-08T14:23:41.470+0000][gc,heap       ] GC(324) Survivor regions: 6->2(5)
[2025-11-08T14:23:41.470+0000][gc,heap       ] GC(324) Old regions: 80->83
[2025-11-08T14:23:41.471+0000][gc,heap       ] GC(324) Humongous regions: 147->147
[2025-11-08T14:23:41.471+0000][gc,metaspace  ] GC(324) Metaspace: 52213K(55472K)->52213K(55472K) NonClass: 46428K(48304K)->46428K(48304K) Class: 5785K(7168K)->5785K(7168K)
[2025-11-08T14:23:41.471+0000][gc            ] GC(324) Pause Young (Normal) (G1 Evacuation Pause) 259M->231M(667M) 14.413ms
[2025-11-08T14:23:41.471+0000][gc,cpu        ] GC(324) User=0.03s Sys=0.00s Real=0.01s
[2025-11-08T14:23:54.298+0000][gc,start      ] GC(325) Pause Young (Normal) (G1 Evacuation Pause)
[2025-11-08T14:23:54.298+0000][gc,task       ] GC(325) Using 2 workers of 2 for evacuation
[2025-11-08T14:23:54.304+0000][gc,phases     ] GC(325)   Pre Evacuate Collection Set: 0.0ms
[2025-11-08T14:23:54.305+0000][gc,phases     ] GC(325)   Evacuate Collection Set: 5.0ms
[2025-11-08T14:23:54.305+0000][gc,phases     ] GC(325)   Post Evacuate Collection Set: 0.7ms
[2025-11-08T14:23:54.305+0000][gc,phases     ] GC(325)   Other: 0.5ms
[2025-11-08T14:23:54.305+0000][gc,heap       ] GC(325) Eden regions: 49->0(61)
[2025-11-08T14:23:54.305+0000][gc,heap       ] GC(325) Survivor regions: 2->2(7)
[2025-11-08T14:23:54.306+0000][gc,heap       ] GC(325) Old regions: 83->83
[2025-11-08T14:23:54.306+0000][gc,heap       ] GC(325) Humongous regions: 147->147
[2025-11-08T14:23:54.306+0000][gc,metaspace  ] GC(325) Metaspace: 52213K(55472K)->52213K(55472K) NonClass: 46428K(48304K)->46428K(48304K) Class: 5785K(7168K)->5785K(7168K)
[2025-11-08T14:23:54.306+0000][gc            ] GC(325) Pause Young (Normal) (G1 Evacuation Pause) 280M->231M(667M) 7.984ms
[2025-11-08T14:23:54.306+0000][gc,cpu        ] GC(325) User=0.02s Sys=0.00s Real=0.01s
[2025-11-08T14:24:10.617+0000][gc,start      ] GC(326) Pause Young (Normal) (G1 Evacuation Pause)
[2025-11-08T14:24:10.618+0000][gc,task       ] GC(326) Using 2 workers of 2 for evacuation
[2025-11-08T14:24:10.630+0000][gc,phases     ] GC(326)   Pre Evacuate Collection Set: 0.1ms
[2025-11-08T14:24:10.631+0000][gc,phases     ] GC(326)   Evacuate Collection Set: 10.1ms
[2025-11-08T14:24:10.631+0000][gc,phases     ] GC(326)   Post Evacuate Collection Set: 1.3ms
[2025-11-08T14:24:10.631+0000][gc,phases     ] GC(326)   Other: 1.7ms
[2025-11-08T14:24:10.632+0000][gc,heap       ] GC(326) Eden regions: 61->0(62)
[2025-11-08T14:24:10.632+0000][gc,heap       ] GC(326) Survivor regions: 2->3(8)
[2025-11-08T14:24:10.632+0000][gc,heap       ] GC(326) Old regions: 83->83
[2025-11-08T14:24:10.632+0000][gc,heap       ] GC(326) Humongous regions: 147->147
[2025-11-08T14:24:10.633+0000][gc,metaspace  ] GC(326) Metaspace: 52218K(55472K)->52218K(55472K) NonClass: 46433K(48304K)->46433K(48304K) Class: 5785K(7168K)->5785K(7168K)
[2025-11-08T14:24:10.633+0000][gc            ] GC(326) Pause Young (Normal) (G1 Evacuation Pause) 292M->232M(667M) 15.500ms
[2025-11-08T14:24:10.633+0000][gc,cpu        ] GC(326) User=0.03s Sys=0.00s Real=0.01s
[2025-11-08T14:24:27.362+0000][gc,start      ] GC(327) Pause Young (Normal) (G1 Evacuation Pause)
[2025-11-08T14:24:27.362+0000][gc,task       ] GC(327) Using 2 workers of 2 for evacuation
[2025-11-08T14:24:27.371+0000][gc,phases     ] GC(327)   Pre Evacuate Collection Set: 0.0ms
[2025-11-08T14:24:27.372+0000][gc,phases     ] GC(327)   Evacuate Collection Set: 7.8ms
[2025-11-08T14:24:27.372+0000][gc,phases     ] GC(327)   Post Evacuate Collection Set: 0.7ms
[2025-11-08T14:24:27.372+0000][gc,phases     ] GC(327)   Other: 0.7ms
[2025-11-08T14:24:27.372+0000][gc,heap       ] GC(327) Eden regions: 62->0(66)
[2025-11-08T14:24:27.372+0000][gc,heap       ] GC(327) Survivor regions: 3->3(9)
[2025-11-08T14:24:27.372+0000][gc,heap       ] GC(327) Old regions: 83->83
[2025-11-08T14:24:27.373+0000][gc,heap       ] GC(327) Humongous regions: 147->147
[2025-11-08T14:24:27.373+0000][gc,metaspace  ] GC(327) Metaspace: 52218K(55472K)->52218K(55472K) NonClass: 46433K(48304K)->46433K(48304K) Class: 5785K(7168K)->5785K(7168K)
[2025-11-08T14:24:27.373+0000][gc            ] GC(327) Pause Young (Normal) (G1 Evacuation Pause) 294M->232M(667M) 10.863ms
[2025-11-08T14:24:27.373+0000][gc,cpu        ] GC(327) User=0.02s Sys=0.00s Real=0.01s
[2025-11-08T14:24:44.612+0000][gc,start      ] GC(328) Pause Young (Normal) (G1 Evacuation Pause)
[2025-11-08T14:24:44.612+0000][gc,task       ] GC(328) Using 2 workers of 2 for evacuation
[2025-11-08T14:24:44.621+0000][gc,phases     ] GC(328)   Pre Evacuate Collection Set: 0.0ms
[2025-11-08T14:24:44.621+0000][gc,phases     ] GC(328)   Evacuate Collection Set: 7.5ms
[2025-11-08T14:24:44.622+0000][gc,phases     ] GC(328)   Post Evacuate Collection Set: 0.8ms
[2025-11-08T14:24:44.622+0000][gc,phases     ] GC(328)   Other: 0.8ms
[2025-11-08T14:24:44.622+0000][gc,heap       ] GC(328) Eden regions: 66->0(70)
[2025-11-08T14:24:44.622+0000][gc,heap       ] GC(328) Survivor regions: 3->3(9)
[2025-11-08T14:24:44.622+0000][gc,heap       ] GC(328) Old regions: 83->83
[2025-11-08T14:24:44.623+0000][gc,heap       ] GC(328) Humongous regions: 147->147
[2025-11-08T14:24:44.623+0000][gc,metaspace  ] GC(328) Metaspace: 52223K(55472K)->52223K(55472K) NonClass: 46437K(48304K)->46437K(48304K) Class: 5785K(7168K)->5785K(7168K)
[2025-11-08T14:24:44.623+0000][gc            ] GC(328) Pause Young (Normal) (G1 Evacuation Pause) 298M->232M(667M) 10.959ms
[2025-11-08T14:24:44.623+0000][gc,cpu        ] GC(328) User=0.02s Sys=0.00s Real=0.01s
[2025-11-08T14:25:02.990+0000][gc,start      ] GC(329) Pause Young (Normal) (G1 Evacuation Pause)
[2025-11-08T14:25:02.991+0000][gc,task       ] GC(329) Using 2 workers of 2 for evacuation
[2025-11-08T14:25:03.002+0000][gc,phases     ] GC(329)   Pre Evacuate Collection Set: 0.0ms
[2025-11-08T14:25:03.002+0000][gc,phases     ] GC(329)   Evacuate Collection Set: 9.7ms
[2025-11-08T14:25:03.002+0000][gc,phases     ] GC(329)   Post Evacuate Collection Set: 0.8ms
[2025-11-08T14:25:03.002+0000][gc,phases     ] GC(329)   Other: 0.8ms
[2025-11-08T14:25:03.002+0000][gc,heap       ] GC(329) Eden regions: 70->0(73)
[2025-11-08T14:25:03.003+0000][gc,heap       ] GC(329) Survivor regions: 3->4(10)
[2025-11-08T14:25:03.003+0000][gc,heap       ] GC(329) Old regions: 83->83
[2025-11-08T14:25:03.003+0000][gc,heap       ] GC(329) Humongous regions: 147->147
[2025-11-08T14:25:03.003+0000][gc,metaspace  ] GC(329) Metaspace: 52223K(55472K)->52223K(55472K) NonClass: 46437K(48304K)->46437K(48304K) Class: 5785K(7168K)->5785K(7168K)
[2025-11-08T14:25:03.003+0000][gc            ] GC(329) Pause Young (Normal) (G1 Evacuation Pause) 302M->233M(667M) 13.070ms
[2025-11-08T14:25:03.004+0000][gc,cpu        ] GC(329) User=0.02s Sys=0.00s Real=0.02s
[2025-11-08T14:25:22.532+0000][gc,start      ] GC(330) Pause Young (Normal) (G1 Evacuation Pause)
[2025-11-08T14:25:22.535+0000][gc,task       ] GC(330) Using 2 workers of 2 for evacuation
[2025-11-08T14:25:22.548+0000][gc,phases     ] GC(330)   Pre Evacuate Collection Set: 0.1ms
[2025-11-08T14:25:22.548+0000][gc,phases     ] GC(330)   Evacuate Collection Set: 11.8ms
[2025-11-08T14:25:22.548+0000][gc,phases     ] GC(330)   Post Evacuate Collection Set: 0.8ms
[2025-11-08T14:25:22.549+0000][gc,phases     ] GC(330)   Other: 3.8ms
[2025-11-08T14:25:22.549+0000][gc,heap       ] GC(330) Eden regions: 73->0(74)
[2025-11-08T14:25:22.549+0000][gc,heap       ] GC(330) Survivor regions: 4->5(10)
[2025-11-08T14:25:22.549+0000][gc,heap       ] GC(330) Old regions: 83->83
[2025-11-08T14:25:22.549+0000][gc,heap       ] GC(330) Humongous regions: 147->147
[2025-11-08T14:25:22.549+0000][gc,metaspace  ] GC(330) Metaspace: 52223K(55472K)->52223K(55472K) NonClass: 46437K(48304K)->46437K(48304K) Class: 5785K(7168K)->5785K(7168K)
[2025-11-08T14:25:22.550+0000][gc            ] GC(330) Pause Young (Normal) (G1 Evacuation Pause) 306M->233M(667M) 18.021ms
[2025-11-08T14:25:22.550+0000][gc,cpu        ] GC(330) User=0.02s Sys=0.00s Real=0.02s
[2025-11-08T14:25:41.268+0000][gc,start      ] GC(331) Pause Young (Normal) (G1 Evacuation Pause)
[2025-11-08T14:25:41.268+0000][gc,task       ] GC(331) Using 2 workers of 2 for evacuation
[2025-11-08T14:25:41.282+0000][gc,phases     ] GC(331)   Pre Evacuate Collection Set: 0.0ms
[2025-11-08T14:25:41.283+0000][gc,phases     ] GC(331)   Evacuate Collection Set: 12.7ms
[2025-11-08T14:25:41.283+0000][gc,phases     ] GC(331)   Post Evacuate Collection Set: 0.9ms
[2025-11-08T14:25:41.283+0000][gc,phases     ] GC(331)   Other: 0.9ms
[2025-11-08T14:25:41.283+0000][gc,heap       ] GC(331) Eden regions: 70->0(75)
[2025-11-08T14:25:41.284+0000][gc,heap       ] GC(331) Survivor regions: 5->5(10)
[2025-11-08T14:25:41.284+0000][gc,heap       ] GC(331) Old regions: 83->83
[2025-11-08T14:25:41.284+0000][gc,heap       ] GC(331) Humongous regions: 147->147
[2025-11-08T14:25:41.284+0000][gc,metaspace  ] GC(331) Metaspace: 52223K(55472K)->52223K(55472K) NonClass: 46437K(48304K)->46437K(48304K) Class: 5785K(7168K)->5785K(7168K)
[2025-11-08T14:25:41.284+0000][gc            ] GC(331) Pause Young (Normal) (G1 Evacuation Pause) 303M->234M(667M) 16.616ms
[2025-11-08T14:25:41.285+0000][gc,cpu        ] GC(331) User=0.03s Sys=0.00s Real=0.02s
[2025-11-08T14:25:59.869+0000][gc,start      ] GC(332) Pause Young (Normal) (G1 Evacuation Pause)
[2025-11-08T14:25:59.869+0000][gc,task       ] GC(332) Using 2 workers of 2 for evacuation
[2025-11-08T14:25:59.887+0000][gc,phases     ] GC(332)   Pre Evacuate Collection Set: 0.1ms
[2025-11-08T14:25:59.888+0000][gc,phases     ] GC(332)   Evacuate Collection Set: 15.8ms
[2025-11-08T14:25:59.888+0000][gc,phases     ] GC(332)   Post Evacuate Collection Set: 1.6ms
[2025-11-08T14:25:59.888+0000][gc,phases     ] GC(332)   Other: 1.4ms
[2025-11-08T14:25:59.889+0000][gc,heap       ] GC(332) Eden regions: 70->0(72)
[2025-11-08T14:25:59.889+0000][gc,heap       ] GC(332) Survivor regions: 5->6(10)
[2025-11-08T14:25:59.890+0000][gc,heap       ] GC(332) Old regions: 83->83
[2025-11-08T14:25:59.890+0000][gc,heap       ] GC(332) Humongous regions: 147->147
[2025-11-08T14:25:59.890+0000][gc,metaspace  ] GC(332) Metaspace: 52223K(55472K)->52223K(55472K) NonClass: 46437K(48304K)->46437K(48304K) Class: 5785K(7168K)->5785K(7168K)
[2025-11-08T14:25:59.891+0000][gc            ] GC(332) Pause Young (Normal) (G1 Evacuation Pause) 304M->235M(667M) 22.001ms
[2025-11-08T14:25:59.891+0000][gc,cpu        ] GC(332) User=0.04s Sys=0.00s Real=0.02s
[2025-11-08T14:26:18.346+0000][gc,start      ] GC(333) Pause Young (Normal) (G1 Evacuation Pause)
[2025-11-08T14:26:18.346+0000][gc,task       ] GC(333) Using 2 workers of 2 for evacuation
[2025-11-08T14:26:18.362+0000][gc,phases     ] GC(333)   Pre Evacuate Collection Set: 0.1ms
[2025-11-08T14:26:18.362+0000][gc,phases     ] GC(333)   Evacuate Collection Set: 13.7ms
[2025-11-08T14:26:18.362+0000][gc,phases     ] GC(333)   Post Evacuate Collection Set: 1.0ms
[2025-11-08T14:26:18.362+0000][gc,phases     ] GC(333)   Other: 1.0ms
[2025-11-08T14:26:18.363+0000][gc,heap       ] GC(333) Eden regions: 69->0(73)
[2025-11-08T14:26:18.363+0000][gc,heap       ] GC(333) Survivor regions: 6->6(10)
[2025-11-08T14:26:18.363+0000][gc,heap       ] GC(333) Old regions: 83->84
[2025-11-08T14:26:18.363+0000][gc,heap       ] GC(333) Humongous regions: 147->147
[2025-11-08T14:26:18.363+0000][gc,metaspace  ] GC(333) Metaspace: 52223K(55472K)->52223K(55472K) NonClass: 46437K(48304K)->46437K(48304K) Class: 5785K(7168K)->5785K(7168K)
[2025-11-08T14:26:18.364+0000][gc            ] GC(333) Pause Young (Normal) (G1 Evacuation Pause) 304M->236M(667M) 17.788ms
[2025-11-08T14:26:18.364+0000][gc,cpu        ] GC(333) User=0.03s Sys=0.00s Real=0.02s
[2025-11-08T14:26:37.770+0000][gc,start      ] GC(334) Pause Young (Normal) (G1 Evacuation Pause)
[2025-11-08T14:26:37.770+0000][gc,task       ] GC(334) Using 2 workers of 2 for evacuation
[2025-11-08T14:26:37.786+0000][gc,phases     ] GC(334)   Pre Evacuate Collection Set: 0.1ms
[2025-11-08T14:26:37.786+0000][gc,phases     ] GC(334)   Evacuate Collection Set: 13.6ms
[2025-11-08T14:26:37.786+0000][gc,phases     ] GC(334)   Post Evacuate Collection Set: 0.8ms
[2025-11-08T14:26:37.787+0000][gc,phases     ] GC(334)   Other: 1.2ms
[2025-11-08T14:26:37.787+0000][gc,heap       ] GC(334) Eden regions: 73->0(74)
[2025-11-08T14:26:37.787+0000][gc,heap       ] GC(334) Survivor regions: 6->5(10)
[2025-11-08T14:26:37.787+0000][gc,heap       ] GC(334) Old regions: 84->84
[2025-11-08T14:26:37.788+0000][gc,heap       ] GC(334) Humongous regions: 147->147
[2025-11-08T14:26:37.788+0000][gc,metaspace  ] GC(334) Metaspace: 52223K(55472K)->52223K(55472K) NonClass: 46437K(48304K)->46437K(48304K) Class: 5785K(7168K)->5785K(7168K)
[2025-11-08T14:26:37.788+0000][gc            ] GC(334) Pause Young (Normal) (G1 Evacuation Pause) 309M->235M(667M) 18.361ms
[2025-11-08T14:26:37.788+0000][gc,cpu        ] GC(334) User=0.03s Sys=0.00s Real=0.02s
[2025-11-08T14:26:57.375+0000][gc,start      ] GC(335) Pause Young (Normal) (G1 Evacuation Pause)
[2025-11-08T14:26:57.375+0000][gc,task       ] GC(335) Using 2 workers of 2 for evacuation
[2025-11-08T14:26:57.393+0000][gc,phases     ] GC(335)   Pre Evacuate Collection Set: 0.0ms
[2025-11-08T14:26:57.394+0000][gc,phases     ] GC(335)   Evacuate Collection Set: 16.0ms
[2025-11-08T14:26:57.394+0000][gc,phases     ] GC(335)   Post Evacuate Collection Set: 1.4ms
[2025-11-08T14:26:57.394+0000][gc,phases     ] GC(335)   Other: 1.0ms
[2025-11-08T14:26:57.394+0000][gc,heap       ] GC(335) Eden regions: 74->0(74)
[2025-11-08T14:26:57.395+0000][gc,heap       ] GC(335) Survivor regions: 5->6(10)
[2025-11-08T14:26:57.395+0000][gc,heap       ] GC(335) Old regions: 84->84
[2025-11-08T14:26:57.395+0000][gc,heap       ] GC(335) Humongous regions: 147->147
[2025-11-08T14:26:57.395+0000][gc,metaspace  ] GC(335) Metaspace: 52223K(55472K)->52223K(55472K) NonClass: 46437K(48304K)->46437K(48304K) Class: 5785K(7168K)->5785K(7168K)
[2025-11-08T14:26:57.396+0000][gc            ] GC(335) Pause Young (Normal) (G1 Evacuation Pause) 309M->236M(667M) 20.787ms
[2025-11-08T14:26:57.396+0000][gc,cpu        ] GC(335) User=0.03s Sys=0.00s Real=0.02s
[2025-11-08T14:27:16.657+0000][gc,start      ] GC(336) Pause Young (Normal) (G1 Evacuation Pause)
[2025-11-08T14:27:16.661+0000][gc,task       ] GC(336) Using 2 workers of 2 for evacuation
[2025-11-08T14:27:16.688+0000][gc,mmu        ] GC(336) MMU target violated: 21.0ms (20.0ms/21.0ms)
[2025-11-08T14:27:16.689+0000][gc,phases     ] GC(336)   Pre Evacuate Collection Set: 0.1ms
[2025-11-08T14:27:16.689+0000][gc,phases     ] GC(336)   Evacuate Collection Set: 25.1ms
[2025-11-08T14:27:16.690+0000][gc,phases     ] GC(336)   Post Evacuate Collection Set: 1.8ms
[2025-11-08T14:27:16.690+0000][gc,phases     ] GC(336)   Other: 5.4ms
[2025-11-08T14:27:16.691+0000][gc,heap       ] GC(336) Eden regions: 69->0(49)
[2025-11-08T14:27:16.694+0000][gc,heap       ] GC(336) Survivor regions: 6->6(10)
[2025-11-08T14:27:16.695+0000][gc,heap       ] GC(336) Old regions: 84->85
[2025-11-08T14:27:16.695+0000][gc,heap       ] GC(336) Humongous regions: 147->147
[2025-11-08T14:27:16.695+0000][gc,metaspace  ] GC(336) Metaspace: 52223K(55472K)->52223K(55472K) NonClass: 46437K(48304K)->46437K(48304K) Class: 5785K(7168K)->5785K(7168K)
[2025-11-08T14:27:16.696+0000][gc            ] GC(336) Pause Young (Normal) (G1 Evacuation Pause) 305M->236M(667M) 39.170ms
[2025-11-08T14:27:16.696+0000][gc,cpu        ] GC(336) User=0.06s Sys=0.00s Real=0.04s
[2025-11-08T14:27:23.226+0000][gc,start      ] GC(337) Pause Young (Normal) (G1 Evacuation Pause)
[2025-11-08T14:27:23.226+0000][gc,task       ] GC(337) Using 2 workers of 2 for evacuation
[2025-11-08T14:27:23.246+0000][gc,phases     ] GC(337)   Pre Evacuate Collection Set: 0.0ms
[2025-11-08T14:27:23.247+0000][gc,phases     ] GC(337)   Evacuate Collection Set: 17.9ms
[2025-11-08T14:27:23.247+0000][gc,phases     ] GC(337)   Post Evacuate Collection Set: 1.2ms
[2025-11-08T14:27:23.247+0000][gc,phases     ] GC(337)   Other: 1.0ms
[2025-11-08T14:27:23.248+0000][gc,heap       ] GC(337) Eden regions: 27->0(58)
[2025-11-08T14:27:23.248+0000][gc,heap       ] GC(337) Survivor regions: 6->2(5)
[2025-11-08T14:27:23.248+0000][gc,heap       ] GC(337) Old regions: 85->88
[2025-11-08T14:27:23.248+0000][gc,heap       ] GC(337) Humongous regions: 147->147
[2025-11-08T14:27:23.249+0000][gc,metaspace  ] GC(337) Metaspace: 52223K(55472K)->52223K(55472K) NonClass: 46437K(48304K)->46437K(48304K) Class: 5785K(7168K)->5785K(7168K)
[2025-11-08T14:27:23.249+0000][gc            ] GC(337) Pause Young (Normal) (G1 Evacuation Pause) 263M->236M(667M) 23.013ms
[2025-11-08T14:27:23.249+0000][gc,cpu        ] GC(337) User=0.04s Sys=0.00s Real=0.02s
[2025-11-08T14:27:36.462+0000][gc,start      ] GC(338) Pause Young (Concurrent Start) (G1 Evacuation Pause)
[2025-11-08T14:27:36.462+0000][gc,task       ] GC(338) Using 2 workers of 2 for evacuation
[2025-11-08T14:27:36.479+0000][gc,phases     ] GC(338)   Pre Evacuate Collection Set: 0.5ms
[2025-11-08T14:27:36.479+0000][gc,phases     ] GC(338)   Evacuate Collection Set: 14.1ms
[2025-11-08T14:27:36.480+0000][gc,phases     ] GC(338)   Post Evacuate Collection Set: 1.4ms
[2025-11-08T14:27:36.480+0000][gc,phases     ] GC(338)   Other: 1.5ms
[2025-11-08T14:27:36.481+0000][gc,heap       ] GC(338) Eden regions: 58->0(50)
[2025-11-08T14:27:36.481+0000][gc,heap       ] GC(338) Survivor regions: 2->3(8)
[2025-11-08T14:27:36.481+0000][gc,heap       ] GC(338) Old regions: 88->88
[2025-11-08T14:27:36.482+0000][gc,heap       ] GC(338) Humongous regions: 147->147
[2025-11-08T14:27:36.482+0000][gc,metaspace  ] GC(338) Metaspace: 52223K(55472K)->52223K(55472K) NonClass: 46437K(48304K)->46437K(48304K) Class: 5785K(7168K)->5785K(7168K)
[2025-11-08T14:27:36.482+0000][gc            ] GC(338) Pause Young (Concurrent Start) (G1 Evacuation Pause) 294M->236M(667M) 20.590ms
[2025-11-08T14:27:36.482+0000][gc,cpu        ] GC(338) User=0.03s Sys=0.00s Real=0.02s
[2025-11-08T14:27:36.484+0000][gc            ] GC(339) Concurrent Cycle
[2025-11-08T14:27:36.484+0000][gc,marking    ] GC(339) Concurrent Clear Claimed Marks
[2025-11-08T14:27:36.485+0000][gc,marking    ] GC(339) Concurrent Clear Claimed Marks 1.319ms
[2025-11-08T14:27:36.486+0000][gc,marking    ] GC(339) Concurrent Scan Root Regions
[2025-11-08T14:27:36.491+0000][gc,marking    ] GC(339) Concurrent Scan Root Regions 5.038ms
[2025-11-08T14:27:36.491+0000][gc,marking    ] GC(339) Concurrent Mark (4242.195s)
[2025-11-08T14:27:36.492+0000][gc,marking    ] GC(339) Concurrent Mark From Roots
[2025-11-08T14:27:36.492+0000][gc,task       ] GC(339) Using 1 workers of 1 for marking
[2025-11-08T14:27:36.549+0000][gc,marking    ] GC(339) Concurrent Mark From Roots 56.744ms
[2025-11-08T14:27:36.549+0000][gc,marking    ] GC(339) Concurrent Preclean
[2025-11-08T14:27:36.550+0000][gc,marking    ] GC(339) Concurrent Preclean 0.559ms
[2025-11-08T14:27:36.550+0000][gc,marking    ] GC(339) Concurrent Mark (4242.195s, 4242.253s) 58.544ms
[2025-11-08T14:27:36.551+0000][gc,start      ] GC(339) Pause Remark
[2025-11-08T14:27:36.574+0000][gc,stringtable] GC(339) Cleaned string and symbol table, strings: 16748 processed, 2 removed, symbols: 123696 processed, 131 removed
[2025-11-08T14:27:36.576+0000][gc,mmu        ] GC(339) MMU target violated: 21.0ms (20.0ms/21.0ms)
[2025-11-08T14:27:36.576+0000][gc            ] GC(339) Pause Remark 237M->231M(667M) 24.601ms
[2025-11-08T14:27:36.576+0000][gc,cpu        ] GC(339) User=0.05s Sys=0.00s Real=0.03s
[2025-11-08T14:27:36.577+0000][gc,marking    ] GC(339) Concurrent Rebuild Remembered Sets
[2025-11-08T14:27:36.620+0000][gc,marking    ] GC(339) Concurrent Rebuild Remembered Sets 43.225ms
[2025-11-08T14:27:36.621+0000][gc,start      ] GC(339) Pause Cleanup
[2025-11-08T14:27:36.622+0000][gc            ] GC(339) Pause Cleanup 232M->232M(667M) 0.867ms
[2025-11-08T14:27:36.623+0000][gc,cpu        ] GC(339) User=0.00s Sys=0.00s Real=0.00s
[2025-11-08T14:27:36.623+0000][gc,marking    ] GC(339) Concurrent Cleanup for Next Mark
[2025-11-08T14:27:36.625+0000][gc,marking    ] GC(339) Concurrent Cleanup for Next Mark 1.960ms
[2025-11-08T14:27:36.626+0000][gc            ] GC(339) Concurrent Cycle 142.021ms
[2025-11-08T14:27:43.314+0000][gc,start      ] GC(340) Pause Young (Prepare Mixed) (G1 Evacuation Pause)
[2025-11-08T14:27:43.315+0000][gc,task       ] GC(340) Using 2 workers of 2 for evacuation
[2025-11-08T14:27:43.329+0000][gc,phases     ] GC(340)   Pre Evacuate Collection Set: 0.0ms
[2025-11-08T14:27:43.330+0000][gc,phases     ] GC(340)   Evacuate Collection Set: 12.6ms
[2025-11-08T14:27:43.330+0000][gc,phases     ] GC(340)   Post Evacuate Collection Set: 1.7ms
[2025-11-08T14:27:43.331+0000][gc,phases     ] GC(340)   Other: 1.3ms
[2025-11-08T14:27:43.331+0000][gc,heap       ] GC(340) Eden regions: 31->0(31)
[2025-11-08T14:27:43.331+0000][gc,heap       ] GC(340) Survivor regions: 3->2(5)
[2025-11-08T14:27:43.332+0000][gc,heap       ] GC(340) Old regions: 82->82
[2025-11-08T14:27:43.332+0000][gc,heap       ] GC(340) Humongous regions: 147->147
[2025-11-08T14:27:43.332+0000][gc,metaspace  ] GC(340) Metaspace: 52232K(55472K)->52232K(55472K) NonClass: 46445K(48304K)->46445K(48304K) Class: 5787K(7168K)->5787K(7168K)
[2025-11-08T14:27:43.332+0000][gc            ] GC(340) Pause Young (Prepare Mixed) (G1 Evacuation Pause) 261M->230M(667M) 18.623ms
[2025-11-08T14:27:43.333+0000][gc,cpu        ] GC(340) User=0.03s Sys=0.00s Real=0.02s
[2025-11-08T14:27:50.352+0000][gc,start      ] GC(341) Pause Young (Mixed) (G1 Evacuation Pause)
[2025-11-08T14:27:50.372+0000][gc,task       ] GC(341) Using 2 workers of 2 for evacuation
[2025-11-08T14:27:50.382+0000][gc,phases     ] GC(341)   Pre Evacuate Collection Set: 0.1ms
[2025-11-08T14:27:50.383+0000][gc,phases     ] GC(341)   Evacuate Collection Set: 9.0ms
[2025-11-08T14:27:50.383+0000][gc,phases     ] GC(341)   Post Evacuate Collection Set: 1.2ms
[2025-11-08T14:27:50.384+0000][gc,phases     ] GC(341)   Other: 20.4ms
[2025-11-08T14:27:50.384+0000][gc,heap       ] GC(341) Eden regions: 31->0(31)
[2025-11-08T14:27:50.385+0000][gc,heap       ] GC(341) Survivor regions: 2->2(5)
[2025-11-08T14:27:50.385+0000][gc,heap       ] GC(341) Old regions: 82->60
[2025-11-08T14:27:50.386+0000][gc,heap       ] GC(341) Humongous regions: 147->147
[2025-11-08T14:27:50.386+0000][gc,metaspace  ] GC(341) Metaspace: 52232K(55472K)->52232K(55472K) NonClass: 46445K(48304K)->46445K(48304K) Class: 5787K(7168K)->5787K(7168K)
[2025-11-08T14:27:50.386+0000][gc            ] GC(341) Pause Young (Mixed) (G1 Evacuation Pause) 261M->208M(667M) 34.333ms
[2025-11-08T14:27:50.387+0000][gc,cpu        ] GC(341) User=0.03s Sys=0.00s Real=0.04s
[2025-11-08T14:27:57.831+0000][gc,start      ] GC(342) Pause Young (Mixed) (G1 Evacuation Pause)
[2025-11-08T14:27:57.831+0000][gc,task       ] GC(342) Using 2 workers of 2 for evacuation
[2025-11-08T14:27:57.856+0000][gc,mmu        ] GC(342) MMU target violated: 21.0ms (20.0ms/21.0ms)
[2025-11-08T14:27:57.857+0000][gc,phases     ] GC(342)   Pre Evacuate Collection Set: 0.1ms
[2025-11-08T14:27:57.858+0000][gc,phases     ] GC(342)   Evacuate Collection Set: 21.9ms
[2025-11-08T14:27:57.859+0000][gc,phases     ] GC(342)   Post Evacuate Collection Set: 2.0ms
[2025-11-08T14:27:57.859+0000][gc,phases     ] GC(342)   Other: 2.5ms
[2025-11-08T14:27:57.860+0000][gc,heap       ] GC(342) Eden regions: 31->0(31)
[2025-11-08T14:27:57.860+0000][gc,heap       ] GC(342) Survivor regions: 2->4(5)
[2025-11-08T14:27:57.860+0000][gc,heap       ] GC(342) Old regions: 60->53
[2025-11-08T14:27:57.861+0000][gc,heap       ] GC(342) Humongous regions: 147->147
[2025-11-08T14:27:57.861+0000][gc,metaspace  ] GC(342) Metaspace: 52232K(55472K)->52232K(55472K) NonClass: 46445K(48304K)->46445K(48304K) Class: 5787K(7168K)->5787K(7168K)
[2025-11-08T14:27:57.862+0000][gc            ] GC(342) Pause Young (Mixed) (G1 Evacuation Pause) 239M->203M(667M) 31.062ms
[2025-11-08T14:27:57.862+0000][gc,cpu        ] GC(342) User=0.05s Sys=0.00s Real=0.03s
[2025-11-08T14:28:05.163+0000][gc,start      ] GC(343) Pause Young (Normal) (G1 Evacuation Pause)
[2025-11-08T14:28:05.167+0000][gc,task       ] GC(343) Using 2 workers of 2 for evacuation
[2025-11-08T14:28:05.190+0000][gc,mmu        ] GC(343) MMU target violated: 21.0ms (20.0ms/21.0ms)
[2025-11-08T14:28:05.191+0000][gc,phases     ] GC(343)   Pre Evacuate Collection Set: 0.1ms
[2025-11-08T14:28:05.191+0000][gc,phases     ] GC(343)   Evacuate Collection Set: 20.9ms
[2025-11-08T14:28:05.192+0000][gc,phases     ] GC(343)   Post Evacuate Collection Set: 1.7ms
[2025-11-08T14:28:05.192+0000][gc,phases     ] GC(343)   Other: 5.0ms
[2025-11-08T14:28:05.193+0000][gc,heap       ] GC(343) Eden regions: 31->0(32)
[2025-11-08T14:28:05.193+0000][gc,heap       ] GC(343) Survivor regions: 4->3(5)
[2025-11-08T14:28:05.194+0000][gc,heap       ] GC(343) Old regions: 53->54
[2025-11-08T14:28:05.195+0000][gc,heap       ] GC(343) Humongous regions: 147->147
[2025-11-08T14:28:05.196+0000][gc,metaspace  ] GC(343) Metaspace: 52232K(55472K)->52232K(55472K) NonClass: 46445K(48304K)->46445K(48304K) Class: 5787K(7168K)->5787K(7168K)
[2025-11-08T14:28:05.196+0000][gc            ] GC(343) Pause Young (Normal) (G1 Evacuation Pause) 234M->203M(667M) 33.139ms
[2025-11-08T14:28:05.197+0000][gc,cpu        ] GC(343) User=0.05s Sys=0.00s Real=0.04s
[2025-11-08T14:28:13.006+0000][gc,start      ] GC(344) Pause Young (Normal) (G1 Evacuation Pause)
[2025-11-08T14:28:13.007+0000][gc,task       ] GC(344) Using 2 workers of 2 for evacuation
[2025-11-08T14:28:13.026+0000][gc,phases     ] GC(344)   Pre Evacuate Collection Set: 0.3ms
[2025-11-08T14:28:13.026+0000][gc,phases     ] GC(344)   Evacuate Collection Set: 15.3ms
[2025-11-08T14:28:13.027+0000][gc,phases     ] GC(344)   Post Evacuate Collection Set: 1.8ms
[2025-11-08T14:28:13.028+0000][gc,phases     ] GC(344)   Other: 2.0ms
[2025-11-08T14:28:13.028+0000][gc,heap       ] GC(344) Eden regions: 32->0(33)
[2025-11-08T14:28:13.030+0000][gc,heap       ] GC(344) Survivor regions: 3->3(5)
[2025-11-08T14:28:13.031+0000][gc,heap       ] GC(344) Old regions: 54->54
[2025-11-08T14:28:13.032+0000][gc,heap       ] GC(344) Humongous regions: 147->147
[2025-11-08T14:28:13.033+0000][gc,metaspace  ] GC(344) Metaspace: 52232K(55472K)->52232K(55472K) NonClass: 46445K(48304K)->46445K(48304K) Class: 5787K(7168K)->5787K(7168K)
[2025-11-08T14:28:13.033+0000][gc            ] GC(344) Pause Young (Normal) (G1 Evacuation Pause) 235M->202M(667M) 26.991ms
[2025-11-08T14:28:13.034+0000][gc,cpu        ] GC(344) User=0.04s Sys=0.00s Real=0.02s
[2025-11-08T14:28:20.613+0000][gc,start      ] GC(345) Pause Young (Normal) (G1 Evacuation Pause)
[2025-11-08T14:28:20.614+0000][gc,task       ] GC(345) Using 2 workers of 2 for evacuation
[2025-11-08T14:28:20.628+0000][gc,phases     ] GC(345)   Pre Evacuate Collection Set: 0.0ms
[2025-11-08T14:28:20.629+0000][gc,phases     ] GC(345)   Evacuate Collection Set: 11.3ms
[2025-11-08T14:28:20.630+0000][gc,phases     ] GC(345)   Post Evacuate Collection Set: 1.9ms
[2025-11-08T14:28:20.630+0000][gc,phases     ] GC(345)   Other: 1.1ms
[2025-11-08T14:28:20.631+0000][gc,heap       ] GC(345) Eden regions: 30->0(35)
[2025-11-08T14:28:20.632+0000][gc,heap       ] GC(345) Survivor regions: 3->2(5)
[2025-11-08T14:28:20.633+0000][gc,heap       ] GC(345) Old regions: 54->54
[2025-11-08T14:28:20.633+0000][gc,heap       ] GC(345) Humongous regions: 147->147
[2025-11-08T14:28:20.634+0000][gc,metaspace  ] GC(345) Metaspace: 52232K(55472K)->52232K(55472K) NonClass: 46445K(48304K)->46445K(48304K) Class: 5787K(7168K)->5787K(7168K)
[2025-11-08T14:28:20.634+0000][gc            ] GC(345) Pause Young (Normal) (G1 Evacuation Pause) 232M->202M(667M) 21.001ms
[2025-11-08T14:28:20.635+0000][gc,cpu        ] GC(345) User=0.03s Sys=0.00s Real=0.03s
[2025-11-08T14:28:29.118+0000][gc,start      ] GC(346) Pause Young (Normal) (G1 Evacuation Pause)
[2025-11-08T14:28:29.120+0000][gc,task       ] GC(346) Using 2 workers of 2 for evacuation
[2025-11-08T14:28:29.136+0000][gc,phases     ] GC(346)   Pre Evacuate Collection Set: 0.1ms
[2025-11-08T14:28:29.137+0000][gc,phases     ] GC(346)   Evacuate Collection Set: 14.1ms
[2025-11-08T14:28:29.137+0000][gc,phases     ] GC(346)   Post Evacuate Collection Set: 1.5ms
[2025-11-08T14:28:29.138+0000][gc,phases     ] GC(346)   Other: 2.3ms
[2025-11-08T14:28:29.138+0000][gc,heap       ] GC(346) Eden regions: 35->0(36)
[2025-11-08T14:28:29.138+0000][gc,heap       ] GC(346) Survivor regions: 2->3(5)
[2025-11-08T14:28:29.139+0000][gc,heap       ] GC(346) Old regions: 54->54
[2025-11-08T14:28:29.139+0000][gc,heap       ] GC(346) Humongous regions: 147->147
[2025-11-08T14:28:29.140+0000][gc,metaspace  ] GC(346) Metaspace: 52232K(55472K)->52232K(55472K) NonClass: 46445K(48304K)->46445K(48304K) Class: 5787K(7168K)->5787K(7168K)
[2025-11-08T14:28:29.140+0000][gc            ] GC(346) Pause Young (Normal) (G1 Evacuation Pause) 237M->203M(667M) 21.607ms
[2025-11-08T14:28:29.141+0000][gc,cpu        ] GC(346) User=0.03s Sys=0.00s Real=0.02s
[2025-11-08T14:28:37.390+0000][gc,start      ] GC(347) Pause Young (Normal) (G1 Evacuation Pause)
[2025-11-08T14:28:37.392+0000][gc,task       ] GC(347) Using 2 workers of 2 for evacuation
[2025-11-08T14:28:37.421+0000][gc,mmu        ] GC(347) MMU target violated: 21.0ms (20.0ms/21.0ms)
[2025-11-08T14:28:37.422+0000][gc,phases     ] GC(347)   Pre Evacuate Collection Set: 0.1ms
[2025-11-08T14:28:37.423+0000][gc,phases     ] GC(347)   Evacuate Collection Set: 22.4ms
[2025-11-08T14:28:37.424+0000][gc,phases     ] GC(347)   Post Evacuate Collection Set: 4.9ms
[2025-11-08T14:28:37.424+0000][gc,phases     ] GC(347)   Other: 4.6ms
[2025-11-08T14:28:37.426+0000][gc,heap       ] GC(347) Eden regions: 36->0(30)
[2025-11-08T14:28:37.427+0000][gc,heap       ] GC(347) Survivor regions: 3->3(5)
[2025-11-08T14:28:37.429+0000][gc,heap       ] GC(347) Old regions: 54->54
[2025-11-08T14:28:37.430+0000][gc,heap       ] GC(347) Humongous regions: 147->147
[2025-11-08T14:28:37.430+0000][gc,metaspace  ] GC(347) Metaspace: 52232K(55472K)->52232K(55472K) NonClass: 46445K(48304K)->46445K(48304K) Class: 5787K(7168K)->5787K(7168K)
[2025-11-08T14:28:37.432+0000][gc            ] GC(347) Pause Young (Normal) (G1 Evacuation Pause) 239M->203M(667M) 41.342ms
[2025-11-08T14:28:37.435+0000][gc,cpu        ] GC(347) User=0.04s Sys=0.00s Real=0.05s
[2025-11-08T14:28:44.076+0000][gc,start      ] GC(348) Pause Young (Normal) (G1 Evacuation Pause)
[2025-11-08T14:28:44.076+0000][gc,task       ] GC(348) Using 2 workers of 2 for evacuation
[2025-11-08T14:28:44.087+0000][gc,phases     ] GC(348)   Pre Evacuate Collection Set: 0.0ms
[2025-11-08T14:28:44.088+0000][gc,phases     ] GC(348)   Evacuate Collection Set: 9.0ms
[2025-11-08T14:28:44.088+0000][gc,phases     ] GC(348)   Post Evacuate Collection Set: 1.5ms
[2025-11-08T14:28:44.088+0000][gc,phases     ] GC(348)   Other: 0.9ms
[2025-11-08T14:28:44.089+0000][gc,heap       ] GC(348) Eden regions: 30->0(32)
[2025-11-08T14:28:44.089+0000][gc,heap       ] GC(348) Survivor regions: 3->3(5)
[2025-11-08T14:28:44.089+0000][gc,heap       ] GC(348) Old regions: 54->54
[2025-11-08T14:28:44.089+0000][gc,heap       ] GC(348) Humongous regions: 147->147
[2025-11-08T14:28:44.090+0000][gc,metaspace  ] GC(348) Metaspace: 52232K(55472K)->52232K(55472K) NonClass: 46445K(48304K)->46445K(48304K) Class: 5787K(7168K)->5787K(7168K)
[2025-11-08T14:28:44.090+0000][gc            ] GC(348) Pause Young (Normal) (G1 Evacuation Pause) 233M->203M(667M) 13.874ms
[2025-11-08T14:28:44.090+0000][gc,cpu        ] GC(348) User=0.02s Sys=0.00s Real=0.01s
[2025-11-08T14:28:51.279+0000][gc,start      ] GC(349) Pause Young (Normal) (G1 Evacuation Pause)
[2025-11-08T14:28:51.279+0000][gc,task       ] GC(349) Using 2 workers of 2 for evacuation
[2025-11-08T14:28:51.290+0000][gc,phases     ] GC(349)   Pre Evacuate Collection Set: 0.0ms
[2025-11-08T14:28:51.290+0000][gc,phases     ] GC(349)   Evacuate Collection Set: 9.1ms
[2025-11-08T14:28:51.291+0000][gc,phases     ] GC(349)   Post Evacuate Collection Set: 1.0ms
[2025-11-08T14:28:51.291+0000][gc,phases     ] GC(349)   Other: 1.3ms
[2025-11-08T14:28:51.291+0000][gc,heap       ] GC(349) Eden regions: 32->0(36)
[2025-11-08T14:28:51.292+0000][gc,heap       ] GC(349) Survivor regions: 3->3(5)
[2025-11-08T14:28:51.292+0000][gc,heap       ] GC(349) Old regions: 54->54
[2025-11-08T14:28:51.292+0000][gc,heap       ] GC(349) Humongous regions: 147->147
[2025-11-08T14:28:51.293+0000][gc,metaspace  ] GC(349) Metaspace: 52232K(55472K)->52232K(55472K) NonClass: 46445K(48304K)->46445K(48304K) Class: 5787K(7168K)->5787K(7168K)
[2025-11-08T14:28:51.293+0000][gc            ] GC(349) Pause Young (Normal) (G1 Evacuation Pause) 235M->203M(667M) 14.319ms
[2025-11-08T14:28:51.293+0000][gc,cpu        ] GC(349) User=0.03s Sys=0.00s Real=0.01s
[2025-11-08T14:28:59.301+0000][gc,start      ] GC(350) Pause Young (Normal) (G1 Evacuation Pause)
[2025-11-08T14:28:59.302+0000][gc,task       ] GC(350) Using 2 workers of 2 for evacuation
[2025-11-08T14:28:59.315+0000][gc,phases     ] GC(350)   Pre Evacuate Collection Set: 0.0ms
[2025-11-08T14:28:59.315+0000][gc,phases     ] GC(350)   Evacuate Collection Set: 11.1ms
[2025-11-08T14:28:59.316+0000][gc,phases     ] GC(350)   Post Evacuate Collection Set: 1.2ms
[2025-11-08T14:28:59.316+0000][gc,phases     ] GC(350)   Other: 1.7ms
[2025-11-08T14:28:59.316+0000][gc,heap       ] GC(350) Eden regions: 36->0(38)
[2025-11-08T14:28:59.317+0000][gc,heap       ] GC(350) Survivor regions: 3->3(5)
[2025-11-08T14:28:59.317+0000][gc,heap       ] GC(350) Old regions: 54->54
[2025-11-08T14:28:59.318+0000][gc,heap       ] GC(350) Humongous regions: 147->147
[2025-11-08T14:28:59.318+0000][gc,metaspace  ] GC(350) Metaspace: 52232K(55472K)->52232K(55472K) NonClass: 46445K(48304K)->46445K(48304K) Class: 5787K(7168K)->5787K(7168K)
[2025-11-08T14:28:59.318+0000][gc            ] GC(350) Pause Young (Normal) (G1 Evacuation Pause) 239M->203M(667M) 17.315ms
[2025-11-08T14:28:59.319+0000][gc,cpu        ] GC(350) User=0.03s Sys=0.00s Real=0.02s
[2025-11-08T14:29:06.478+0000][gc,start      ] GC(351) Pause Young (Normal) (G1 Evacuation Pause)
[2025-11-08T14:29:06.479+0000][gc,task       ] GC(351) Using 2 workers of 2 for evacuation
[2025-11-08T14:29:06.487+0000][gc,phases     ] GC(351)   Pre Evacuate Collection Set: 0.0ms
[2025-11-08T14:29:06.487+0000][gc,phases     ] GC(351)   Evacuate Collection Set: 6.8ms
[2025-11-08T14:29:06.487+0000][gc,phases     ] GC(351)   Post Evacuate Collection Set: 0.9ms
[2025-11-08T14:29:06.488+0000][gc,phases     ] GC(351)   Other: 0.6ms
[2025-11-08T14:29:06.488+0000][gc,heap       ] GC(351) Eden regions: 32->0(40)
[2025-11-08T14:29:06.488+0000][gc,heap       ] GC(351) Survivor regions: 3->3(5)
[2025-11-08T14:29:06.489+0000][gc,heap       ] GC(351) Old regions: 54->54
[2025-11-08T14:29:06.489+0000][gc,heap       ] GC(351) Humongous regions: 147->147
[2025-11-08T14:29:06.489+0000][gc,metaspace  ] GC(351) Metaspace: 52232K(55472K)->52232K(55472K) NonClass: 46445K(48304K)->46445K(48304K) Class: 5787K(7168K)->5787K(7168K)
[2025-11-08T14:29:06.489+0000][gc            ] GC(351) Pause Young (Normal) (G1 Evacuation Pause) 235M->203M(667M) 10.744ms
[2025-11-08T14:29:06.489+0000][gc,cpu        ] GC(351) User=0.02s Sys=0.00s Real=0.01s
[2025-11-08T14:29:15.351+0000][gc,start      ] GC(352) Pause Young (Normal) (G1 Evacuation Pause)
[2025-11-08T14:29:15.352+0000][gc,task       ] GC(352) Using 2 workers of 2 for evacuation
[2025-11-08T14:29:15.362+0000][gc,phases     ] GC(352)   Pre Evacuate Collection Set: 0.0ms
[2025-11-08T14:29:15.363+0000][gc,phases     ] GC(352)   Evacuate Collection Set: 8.6ms
[2025-11-08T14:29:15.363+0000][gc,phases     ] GC(352)   Post Evacuate Collection Set: 0.9ms
[2025-11-08T14:29:15.363+0000][gc,phases     ] GC(352)   Other: 1.2ms
[2025-11-08T14:29:15.363+0000][gc,heap       ] GC(352) Eden regions: 40->0(44)
[2025-11-08T14:29:15.364+0000][gc,heap       ] GC(352) Survivor regions: 3->4(6)
[2025-11-08T14:29:15.364+0000][gc,heap       ] GC(352) Old regions: 54->54
[2025-11-08T14:29:15.364+0000][gc,heap       ] GC(352) Humongous regions: 147->147
[2025-11-08T14:29:15.365+0000][gc,metaspace  ] GC(352) Metaspace: 52232K(55472K)->52232K(55472K) NonClass: 46445K(48304K)->46445K(48304K) Class: 5787K(7168K)->5787K(7168K)
[2025-11-08T14:29:15.365+0000][gc            ] GC(352) Pause Young (Normal) (G1 Evacuation Pause) 243M->204M(667M) 13.586ms
[2025-11-08T14:29:15.365+0000][gc,cpu        ] GC(352) User=0.02s Sys=0.00s Real=0.02s
[2025-11-08T14:29:25.108+0000][gc,start      ] GC(353) Pause Young (Normal) (G1 Evacuation Pause)
[2025-11-08T14:29:25.109+0000][gc,task       ] GC(353) Using 2 workers of 2 for evacuation
[2025-11-08T14:29:25.126+0000][gc,phases     ] GC(353)   Pre Evacuate Collection Set: 0.0ms
[2025-11-08T14:29:25.127+0000][gc,phases     ] GC(353)   Evacuate Collection Set: 15.1ms
[2025-11-08T14:29:25.127+0000][gc,phases     ] GC(353)   Post Evacuate Collection Set: 1.4ms
[2025-11-08T14:29:25.127+0000][gc,phases     ] GC(353)   Other: 1.5ms
[2025-11-08T14:29:25.128+0000][gc,heap       ] GC(353) Eden regions: 44->0(43)
[2025-11-08T14:29:25.128+0000][gc,heap       ] GC(353) Survivor regions: 4->5(6)
[2025-11-08T14:29:25.128+0000][gc,heap       ] GC(353) Old regions: 54->55
[2025-11-08T14:29:25.128+0000][gc,heap       ] GC(353) Humongous regions: 147->147
[2025-11-08T14:29:25.129+0000][gc,metaspace  ] GC(353) Metaspace: 52232K(55472K)->52232K(55472K) NonClass: 46445K(48304K)->46445K(48304K) Class: 5787K(7168K)->5787K(7168K)
[2025-11-08T14:29:25.129+0000][gc            ] GC(353) Pause Young (Normal) (G1 Evacuation Pause) 248M->205M(667M) 21.086ms
[2025-11-08T14:29:25.130+0000][gc,cpu        ] GC(353) User=0.04s Sys=0.00s Real=0.02s
[2025-11-08T14:29:33.420+0000][gc,start      ] GC(354) Pause Young (Normal) (G1 Evacuation Pause)
[2025-11-08T14:29:33.420+0000][gc,task       ] GC(354) Using 2 workers of 2 for evacuation
[2025-11-08T14:29:33.430+0000][gc,phases     ] GC(354)   Pre Evacuate Collection Set: 0.0ms
[2025-11-08T14:29:33.430+0000][gc,phases     ] GC(354)   Evacuate Collection Set: 8.7ms
[2025-11-08T14:29:33.430+0000][gc,phases     ] GC(354)   Post Evacuate Collection Set: 0.7ms
[2025-11-08T14:29:33.430+0000][gc,phases     ] GC(354)   Other: 0.7ms
[2025-11-08T14:29:33.431+0000][gc,heap       ] GC(354) Eden regions: 38->0(50)
[2025-11-08T14:29:33.431+0000][gc,heap       ] GC(354) Survivor regions: 5->2(6)
[2025-11-08T14:29:33.431+0000][gc,heap       ] GC(354) Old regions: 55->56
[2025-11-08T14:29:33.431+0000][gc,heap       ] GC(354) Humongous regions: 147->147
[2025-11-08T14:29:33.432+0000][gc,metaspace  ] GC(354) Metaspace: 52232K(55472K)->52232K(55472K) NonClass: 46445K(48304K)->46445K(48304K) Class: 5787K(7168K)->5787K(7168K)
[2025-11-08T14:29:33.432+0000][gc            ] GC(354) Pause Young (Normal) (G1 Evacuation Pause) 243M->204M(667M) 12.129ms
[2025-11-08T14:29:33.432+0000][gc,cpu        ] GC(354) User=0.02s Sys=0.00s Real=0.01s
[2025-11-08T14:29:43.398+0000][gc,start      ] GC(355) Pause Young (Normal) (G1 Evacuation Pause)
[2025-11-08T14:29:43.399+0000][gc,task       ] GC(355) Using 2 workers of 2 for evacuation
[2025-11-08T14:29:43.410+0000][gc,phases     ] GC(355)   Pre Evacuate Collection Set: 0.3ms
[2025-11-08T14:29:43.410+0000][gc,phases     ] GC(355)   Evacuate Collection Set: 9.3ms
[2025-11-08T14:29:43.410+0000][gc,phases     ] GC(355)   Post Evacuate Collection Set: 1.0ms
[2025-11-08T14:29:43.411+0000][gc,phases     ] GC(355)   Other: 0.9ms
[2025-11-08T14:29:43.411+0000][gc,heap       ] GC(355) Eden regions: 45->0(52)
[2025-11-08T14:29:43.411+0000][gc,heap       ] GC(355) Survivor regions: 2->4(6)
[2025-11-08T14:29:43.411+0000][gc,heap       ] GC(355) Old regions: 56->56
[2025-11-08T14:29:43.412+0000][gc,heap       ] GC(355) Humongous regions: 147->147
[2025-11-08T14:29:43.412+0000][gc,metaspace  ] GC(355) Metaspace: 52232K(55472K)->52232K(55472K) NonClass: 46445K(48304K)->46445K(48304K) Class: 5787K(7168K)->5787K(7168K)
[2025-11-08T14:29:43.412+0000][gc            ] GC(355) Pause Young (Normal) (G1 Evacuation Pause) 249M->205M(667M) 14.049ms
[2025-11-08T14:29:43.413+0000][gc,cpu        ] GC(355) User=0.02s Sys=0.00s Real=0.01s
[2025-11-08T14:29:54.828+0000][gc,start      ] GC(356) Pause Young (Normal) (G1 Evacuation Pause)
[2025-11-08T14:29:54.829+0000][gc,task       ] GC(356) Using 2 workers of 2 for evacuation
[2025-11-08T14:29:54.845+0000][gc,phases     ] GC(356)   Pre Evacuate Collection Set: 0.0ms
[2025-11-08T14:29:54.845+0000][gc,phases     ] GC(356)   Evacuate Collection Set: 14.1ms
[2025-11-08T14:29:54.846+0000][gc,phases     ] GC(356)   Post Evacuate Collection Set: 1.3ms
[2025-11-08T14:29:54.846+0000][gc,phases     ] GC(356)   Other: 1.4ms
[2025-11-08T14:29:54.846+0000][gc,heap       ] GC(356) Eden regions: 52->0(51)
[2025-11-08T14:29:54.847+0000][gc,heap       ] GC(356) Survivor regions: 4->4(7)
[2025-11-08T14:29:54.847+0000][gc,heap       ] GC(356) Old regions: 56->56
[2025-11-08T14:29:54.848+0000][gc,heap       ] GC(356) Humongous regions: 147->147
[2025-11-08T14:29:54.848+0000][gc,metaspace  ] GC(356) Metaspace: 52232K(55472K)->52232K(55472K) NonClass: 46445K(48304K)->46445K(48304K) Class: 5787K(7168K)->5787K(7168K)
[2025-11-08T14:29:54.849+0000][gc            ] GC(356) Pause Young (Normal) (G1 Evacuation Pause) 257M->206M(667M) 20.323ms
[2025-11-08T14:29:54.849+0000][gc,cpu        ] GC(356) User=0.03s Sys=0.00s Real=0.02s
[2025-11-08T14:30:06.273+0000][gc,start      ] GC(357) Pause Young (Normal) (G1 Evacuation Pause)
[2025-11-08T14:30:06.274+0000][gc,task       ] GC(357) Using 2 workers of 2 for evacuation
[2025-11-08T14:30:06.290+0000][gc,phases     ] GC(357)   Pre Evacuate Collection Set: 0.2ms
[2025-11-08T14:30:06.290+0000][gc,phases     ] GC(357)   Evacuate Collection Set: 14.2ms
[2025-11-08T14:30:06.291+0000][gc,phases     ] GC(357)   Post Evacuate Collection Set: 1.1ms
[2025-11-08T14:30:06.291+0000][gc,phases     ] GC(357)   Other: 1.3ms
[2025-11-08T14:30:06.291+0000][gc,heap       ] GC(357) Eden regions: 51->0(51)
[2025-11-08T14:30:06.292+0000][gc,heap       ] GC(357) Survivor regions: 4->4(7)
[2025-11-08T14:30:06.292+0000][gc,heap       ] GC(357) Old regions: 56->56
[2025-11-08T14:30:06.292+0000][gc,heap       ] GC(357) Humongous regions: 147->147
[2025-11-08T14:30:06.293+0000][gc,metaspace  ] GC(357) Metaspace: 52232K(55472K)->52232K(55472K) NonClass: 46445K(48304K)->46445K(48304K) Class: 5787K(7168K)->5787K(7168K)
[2025-11-08T14:30:06.293+0000][gc            ] GC(357) Pause Young (Normal) (G1 Evacuation Pause) 257M->206M(667M) 20.033ms
[2025-11-08T14:30:06.294+0000][gc,cpu        ] GC(357) User=0.03s Sys=0.00s Real=0.03s
[2025-11-08T14:30:16.227+0000][gc,start      ] GC(358) Pause Young (Normal) (G1 Evacuation Pause)
[2025-11-08T14:30:16.227+0000][gc,task       ] GC(358) Using 2 workers of 2 for evacuation
[2025-11-08T14:30:16.238+0000][gc,phases     ] GC(358)   Pre Evacuate Collection Set: 0.0ms
[2025-11-08T14:30:16.239+0000][gc,phases     ] GC(358)   Evacuate Collection Set: 9.5ms
[2025-11-08T14:30:16.239+0000][gc,phases     ] GC(358)   Post Evacuate Collection Set: 1.0ms
[2025-11-08T14:30:16.239+0000][gc,phases     ] GC(358)   Other: 1.0ms
[2025-11-08T14:30:16.239+0000][gc,heap       ] GC(358) Eden regions: 45->0(54)
[2025-11-08T14:30:16.239+0000][gc,heap       ] GC(358) Survivor regions: 4->3(7)
[2025-11-08T14:30:16.240+0000][gc,heap       ] GC(358) Old regions: 56->57
[2025-11-08T14:30:16.240+0000][gc,heap       ] GC(358) Humongous regions: 147->147
[2025-11-08T14:30:16.240+0000][gc,metaspace  ] GC(358) Metaspace: 52232K(55472K)->52232K(55472K) NonClass: 46445K(48304K)->46445K(48304K) Class: 5787K(7168K)->5787K(7168K)
[2025-11-08T14:30:16.240+0000][gc            ] GC(358) Pause Young (Normal) (G1 Evacuation Pause) 251M->206M(667M) 13.478ms
[2025-11-08T14:30:16.241+0000][gc,cpu        ] GC(358) User=0.02s Sys=0.00s Real=0.01s
[2025-11-08T14:30:27.432+0000][gc,start      ] GC(359) Pause Young (Normal) (G1 Evacuation Pause)
[2025-11-08T14:30:27.432+0000][gc,task       ] GC(359) Using 2 workers of 2 for evacuation
[2025-11-08T14:30:27.447+0000][gc,phases     ] GC(359)   Pre Evacuate Collection Set: 0.0ms
[2025-11-08T14:30:27.448+0000][gc,phases     ] GC(359)   Evacuate Collection Set: 12.7ms
[2025-11-08T14:30:27.448+0000][gc,phases     ] GC(359)   Post Evacuate Collection Set: 1.4ms
[2025-11-08T14:30:27.449+0000][gc,phases     ] GC(359)   Other: 1.2ms
[2025-11-08T14:30:27.449+0000][gc,heap       ] GC(359) Eden regions: 49->0(53)
[2025-11-08T14:30:27.449+0000][gc,heap       ] GC(359) Survivor regions: 3->4(7)
[2025-11-08T14:30:27.449+0000][gc,heap       ] GC(359) Old regions: 57->57
[2025-11-08T14:30:27.450+0000][gc,heap       ] GC(359) Humongous regions: 147->147
[2025-11-08T14:30:27.450+0000][gc,metaspace  ] GC(359) Metaspace: 52232K(55472K)->52232K(55472K) NonClass: 46445K(48304K)->46445K(48304K) Class: 5787K(7168K)->5787K(7168K)
[2025-11-08T14:30:27.450+0000][gc            ] GC(359) Pause Young (Normal) (G1 Evacuation Pause) 255M->206M(667M) 18.281ms
[2025-11-08T14:30:27.451+0000][gc,cpu        ] GC(359) User=0.03s Sys=0.00s Real=0.01s
[2025-11-08T14:30:39.110+0000][gc,start      ] GC(360) Pause Young (Normal) (G1 Evacuation Pause)
[2025-11-08T14:30:39.110+0000][gc,task       ] GC(360) Using 2 workers of 2 for evacuation
[2025-11-08T14:30:39.122+0000][gc,phases     ] GC(360)   Pre Evacuate Collection Set: 0.1ms
[2025-11-08T14:30:39.122+0000][gc,phases     ] GC(360)   Evacuate Collection Set: 10.2ms
[2025-11-08T14:30:39.123+0000][gc,phases     ] GC(360)   Post Evacuate Collection Set: 1.1ms
[2025-11-08T14:30:39.123+0000][gc,phases     ] GC(360)   Other: 0.9ms
[2025-11-08T14:30:39.123+0000][gc,heap       ] GC(360) Eden regions: 49->0(55)
[2025-11-08T14:30:39.124+0000][gc,heap       ] GC(360) Survivor regions: 4->3(7)
[2025-11-08T14:30:39.124+0000][gc,heap       ] GC(360) Old regions: 57->57
[2025-11-08T14:30:39.124+0000][gc,heap       ] GC(360) Humongous regions: 147->147
[2025-11-08T14:30:39.124+0000][gc,metaspace  ] GC(360) Metaspace: 52232K(55472K)->52232K(55472K) NonClass: 46445K(48304K)->46445K(48304K) Class: 5787K(7168K)->5787K(7168K)
[2025-11-08T14:30:39.125+0000][gc            ] GC(360) Pause Young (Normal) (G1 Evacuation Pause) 255M->206M(667M) 15.120ms
[2025-11-08T14:30:39.125+0000][gc,cpu        ] GC(360) User=0.03s Sys=0.00s Real=0.02s
[2025-11-08T14:30:50.602+0000][gc,start      ] GC(361) Pause Young (Normal) (G1 Evacuation Pause)
[2025-11-08T14:30:50.602+0000][gc,task       ] GC(361) Using 2 workers of 2 for evacuation
[2025-11-08T14:30:50.619+0000][gc,phases     ] GC(361)   Pre Evacuate Collection Set: 0.0ms
[2025-11-08T14:30:50.620+0000][gc,phases     ] GC(361)   Evacuate Collection Set: 14.8ms
[2025-11-08T14:30:50.620+0000][gc,phases     ] GC(361)   Post Evacuate Collection Set: 1.7ms
[2025-11-08T14:30:50.620+0000][gc,phases     ] GC(361)   Other: 1.3ms
[2025-11-08T14:30:50.621+0000][gc,heap       ] GC(361) Eden regions: 55->0(55)
[2025-11-08T14:30:50.621+0000][gc,heap       ] GC(361) Survivor regions: 3->4(8)
[2025-11-08T14:30:50.621+0000][gc,heap       ] GC(361) Old regions: 57->57
[2025-11-08T14:30:50.621+0000][gc,heap       ] GC(361) Humongous regions: 147->147
[2025-11-08T14:30:50.622+0000][gc,metaspace  ] GC(361) Metaspace: 52232K(55472K)->52232K(55472K) NonClass: 46445K(48304K)->46445K(48304K) Class: 5787K(7168K)->5787K(7168K)
[2025-11-08T14:30:50.622+0000][gc            ] GC(361) Pause Young (Normal) (G1 Evacuation Pause) 261M->207M(667M) 20.353ms
[2025-11-08T14:30:50.622+0000][gc,cpu        ] GC(361) User=0.03s Sys=0.00s Real=0.03s
[2025-11-08T14:31:00.575+0000][gc,start      ] GC(362) Pause Young (Normal) (G1 Evacuation Pause)
[2025-11-08T14:31:00.575+0000][gc,task       ] GC(362) Using 2 workers of 2 for evacuation
[2025-11-08T14:31:00.595+0000][gc,phases     ] GC(362)   Pre Evacuate Collection Set: 0.0ms
[2025-11-08T14:31:00.596+0000][gc,phases     ] GC(362)   Evacuate Collection Set: 17.9ms
[2025-11-08T14:31:00.596+0000][gc,phases     ] GC(362)   Post Evacuate Collection Set: 1.8ms
[2025-11-08T14:31:00.596+0000][gc,phases     ] GC(362)   Other: 0.7ms
[2025-11-08T14:31:00.599+0000][gc,heap       ] GC(362) Eden regions: 50->0(52)
[2025-11-08T14:31:00.599+0000][gc,heap       ] GC(362) Survivor regions: 4->4(7)
[2025-11-08T14:31:00.599+0000][gc,heap       ] GC(362) Old regions: 57->57
[2025-11-08T14:31:00.600+0000][gc,heap       ] GC(362) Humongous regions: 147->147
[2025-11-08T14:31:00.600+0000][gc,metaspace  ] GC(362) Metaspace: 52232K(55472K)->52232K(55472K) NonClass: 46445K(48304K)->46445K(48304K) Class: 5787K(7168K)->5787K(7168K)
[2025-11-08T14:31:00.601+0000][gc            ] GC(362) Pause Young (Normal) (G1 Evacuation Pause) 257M->207M(667M) 25.735ms
[2025-11-08T14:31:00.601+0000][gc,cpu        ] GC(362) User=0.03s Sys=0.00s Real=0.02s
[2025-11-08T14:31:09.718+0000][gc,start      ] GC(363) Pause Young (Normal) (G1 Evacuation Pause)
[2025-11-08T14:31:09.720+0000][gc,task       ] GC(363) Using 2 workers of 2 for evacuation
[2025-11-08T14:31:09.743+0000][gc,mmu        ] GC(363) MMU target violated: 21.0ms (20.0ms/21.0ms)
[2025-11-08T14:31:09.744+0000][gc,phases     ] GC(363)   Pre Evacuate Collection Set: 0.2ms
[2025-11-08T14:31:09.745+0000][gc,phases     ] GC(363)   Evacuate Collection Set: 21.1ms
[2025-11-08T14:31:09.747+0000][gc,phases     ] GC(363)   Post Evacuate Collection Set: 1.6ms
[2025-11-08T14:31:09.748+0000][gc,phases     ] GC(363)   Other: 2.6ms
[2025-11-08T14:31:09.749+0000][gc,heap       ] GC(363) Eden regions: 43->0(46)
[2025-11-08T14:31:09.751+0000][gc,heap       ] GC(363) Survivor regions: 4->5(6)
[2025-11-08T14:31:09.751+0000][gc,heap       ] GC(363) Old regions: 57->57
[2025-11-08T14:31:09.752+0000][gc,heap       ] GC(363) Humongous regions: 147->147
[2025-11-08T14:31:09.752+0000][gc,metaspace  ] GC(363) Metaspace: 52232K(55472K)->52232K(55472K) NonClass: 46445K(48304K)->46445K(48304K) Class: 5787K(7168K)->5787K(7168K)
[2025-11-08T14:31:09.753+0000][gc            ] GC(363) Pause Young (Normal) (G1 Evacuation Pause) 250M->208M(667M) 34.312ms
[2025-11-08T14:31:09.753+0000][gc,cpu        ] GC(363) User=0.04s Sys=0.00s Real=0.04s
[2025-11-08T14:31:15.259+0000][gc,start      ] GC(364) Pause Young (Normal) (G1 Evacuation Pause)
[2025-11-08T14:31:15.259+0000][gc,task       ] GC(364) Using 2 workers of 2 for evacuation
[2025-11-08T14:31:15.277+0000][gc,phases     ] GC(364)   Pre Evacuate Collection Set: 0.0ms
[2025-11-08T14:31:15.278+0000][gc,phases     ] GC(364)   Evacuate Collection Set: 16.0ms
[2025-11-08T14:31:15.278+0000][gc,phases     ] GC(364)   Post Evacuate Collection Set: 1.3ms
[2025-11-08T14:31:15.279+0000][gc,phases     ] GC(364)   Other: 1.3ms
[2025-11-08T14:31:15.279+0000][gc,heap       ] GC(364) Eden regions: 28->0(45)
[2025-11-08T14:31:15.279+0000][gc,heap       ] GC(364) Survivor regions: 5->2(5)
[2025-11-08T14:31:15.280+0000][gc,heap       ] GC(364) Old regions: 57->59
[2025-11-08T14:31:15.280+0000][gc,heap       ] GC(364) Humongous regions: 147->147
[2025-11-08T14:31:15.280+0000][gc,metaspace  ] GC(364) Metaspace: 52233K(55472K)->52233K(55472K) NonClass: 46445K(48304K)->46445K(48304K) Class: 5787K(7168K)->5787K(7168K)
[2025-11-08T14:31:15.281+0000][gc            ] GC(364) Pause Young (Normal) (G1 Evacuation Pause) 236M->207M(667M) 21.671ms
[2025-11-08T14:31:15.281+0000][gc,cpu        ] GC(364) User=0.03s Sys=0.00s Real=0.03s
[2025-11-08T14:31:24.455+0000][gc,start      ] GC(365) Pause Young (Normal) (G1 Evacuation Pause)
[2025-11-08T14:31:24.455+0000][gc,task       ] GC(365) Using 2 workers of 2 for evacuation
[2025-11-08T14:31:24.470+0000][gc,phases     ] GC(365)   Pre Evacuate Collection Set: 0.0ms
[2025-11-08T14:31:24.471+0000][gc,phases     ] GC(365)   Evacuate Collection Set: 11.0ms
[2025-11-08T14:31:24.471+0000][gc,phases     ] GC(365)   Post Evacuate Collection Set: 2.8ms
[2025-11-08T14:31:24.472+0000][gc,phases     ] GC(365)   Other: 1.0ms
[2025-11-08T14:31:24.472+0000][gc,heap       ] GC(365) Eden regions: 45->0(47)
[2025-11-08T14:31:24.472+0000][gc,heap       ] GC(365) Survivor regions: 2->2(6)
[2025-11-08T14:31:24.473+0000][gc,heap       ] GC(365) Old regions: 59->59
[2025-11-08T14:31:24.473+0000][gc,heap       ] GC(365) Humongous regions: 147->147
[2025-11-08T14:31:24.474+0000][gc,metaspace  ] GC(365) Metaspace: 52233K(55472K)->52233K(55472K) NonClass: 46445K(48304K)->46445K(48304K) Class: 5787K(7168K)->5787K(7168K)
[2025-11-08T14:31:24.474+0000][gc            ] GC(365) Pause Young (Normal) (G1 Evacuation Pause) 252M->207M(667M) 18.935ms
[2025-11-08T14:31:24.474+0000][gc,cpu        ] GC(365) User=0.03s Sys=0.00s Real=0.02s
[2025-11-08T14:31:31.925+0000][gc,start      ] GC(366) Pause Young (Normal) (G1 Evacuation Pause)
[2025-11-08T14:31:31.926+0000][gc,task       ] GC(366) Using 2 workers of 2 for evacuation
[2025-11-08T14:31:31.951+0000][gc,mmu        ] GC(366) MMU target violated: 21.0ms (20.0ms/21.0ms)
[2025-11-08T14:31:31.953+0000][gc,phases     ] GC(366)   Pre Evacuate Collection Set: 0.1ms
[2025-11-08T14:31:31.954+0000][gc,phases     ] GC(366)   Evacuate Collection Set: 18.0ms
[2025-11-08T14:31:31.954+0000][gc,phases     ] GC(366)   Post Evacuate Collection Set: 6.6ms
[2025-11-08T14:31:31.955+0000][gc,phases     ] GC(366)   Other: 2.9ms
[2025-11-08T14:31:31.955+0000][gc,heap       ] GC(366) Eden regions: 42->0(34)
[2025-11-08T14:31:31.955+0000][gc,heap       ] GC(366) Survivor regions: 2->3(6)
[2025-11-08T14:31:31.956+0000][gc,heap       ] GC(366) Old regions: 59->59
[2025-11-08T14:31:31.957+0000][gc,heap       ] GC(366) Humongous regions: 147->147
[2025-11-08T14:31:31.957+0000][gc,metaspace  ] GC(366) Metaspace: 52233K(55472K)->52233K(55472K) NonClass: 46445K(48304K)->46445K(48304K) Class: 5787K(7168K)->5787K(7168K)
[2025-11-08T14:31:31.957+0000][gc            ] GC(366) Pause Young (Normal) (G1 Evacuation Pause) 249M->208M(667M) 32.293ms
[2025-11-08T14:31:31.958+0000][gc,cpu        ] GC(366) User=0.04s Sys=0.00s Real=0.03s
[2025-11-08T14:31:37.011+0000][gc,start      ] GC(367) Pause Young (Normal) (G1 Evacuation Pause)
[2025-11-08T14:31:37.011+0000][gc,task       ] GC(367) Using 2 workers of 2 for evacuation
[2025-11-08T14:31:37.026+0000][gc,phases     ] GC(367)   Pre Evacuate Collection Set: 0.1ms
[2025-11-08T14:31:37.027+0000][gc,phases     ] GC(367)   Evacuate Collection Set: 13.2ms
[2025-11-08T14:31:37.027+0000][gc,phases     ] GC(367)   Post Evacuate Collection Set: 1.4ms
[2025-11-08T14:31:37.028+0000][gc,phases     ] GC(367)   Other: 1.2ms
[2025-11-08T14:31:37.029+0000][gc,heap       ] GC(367) Eden regions: 34->0(36)
[2025-11-08T14:31:37.029+0000][gc,heap       ] GC(367) Survivor regions: 3->3(5)
[2025-11-08T14:31:37.029+0000][gc,heap       ] GC(367) Old regions: 59->59
[2025-11-08T14:31:37.030+0000][gc,heap       ] GC(367) Humongous regions: 147->147
[2025-11-08T14:31:37.030+0000][gc,metaspace  ] GC(367) Metaspace: 52234K(55472K)->52234K(55472K) NonClass: 46446K(48304K)->46446K(48304K) Class: 5787K(7168K)->5787K(7168K)
[2025-11-08T14:31:37.031+0000][gc            ] GC(367) Pause Young (Normal) (G1 Evacuation Pause) 242M->208M(667M) 20.057ms
[2025-11-08T14:31:37.031+0000][gc,cpu        ] GC(367) User=0.03s Sys=0.00s Real=0.02s
[2025-11-08T14:31:42.215+0000][gc,start      ] GC(368) Pause Young (Normal) (G1 Evacuation Pause)
[2025-11-08T14:31:42.215+0000][gc,task       ] GC(368) Using 2 workers of 2 for evacuation
[2025-11-08T14:31:42.237+0000][gc,mmu        ] GC(368) MMU target violated: 20.9ms (20.0ms/21.0ms)
[2025-11-08T14:31:42.238+0000][gc,phases     ] GC(368)   Pre Evacuate Collection Set: 0.1ms
[2025-11-08T14:31:42.238+0000][gc,phases     ] GC(368)   Evacuate Collection Set: 17.7ms
[2025-11-08T14:31:42.239+0000][gc,phases     ] GC(368)   Post Evacuate Collection Set: 2.5ms
[2025-11-08T14:31:42.239+0000][gc,phases     ] GC(368)   Other: 2.9ms
[2025-11-08T14:31:42.239+0000][gc,heap       ] GC(368) Eden regions: 36->0(36)
[2025-11-08T14:31:42.240+0000][gc,heap       ] GC(368) Survivor regions: 3->4(5)
[2025-11-08T14:31:42.242+0000][gc,heap       ] GC(368) Old regions: 59->59
[2025-11-08T14:31:42.244+0000][gc,heap       ] GC(368) Humongous regions: 147->147
[2025-11-08T14:31:42.245+0000][gc,metaspace  ] GC(368) Metaspace: 52234K(55472K)->52234K(55472K) NonClass: 46447K(48304K)->46447K(48304K) Class: 5787K(7168K)->5787K(7168K)
[2025-11-08T14:31:42.249+0000][gc            ] GC(368) Pause Young (Normal) (G1 Evacuation Pause) 244M->209M(667M) 33.613ms
[2025-11-08T14:31:42.249+0000][gc,cpu        ] GC(368) User=0.04s Sys=0.00s Real=0.03s
[2025-11-08T14:31:46.725+0000][gc,start      ] GC(369) Pause Young (Normal) (G1 Evacuation Pause)
[2025-11-08T14:31:46.726+0000][gc,task       ] GC(369) Using 2 workers of 2 for evacuation
[2025-11-08T14:31:46.743+0000][gc,phases     ] GC(369)   Pre Evacuate Collection Set: 0.1ms
[2025-11-08T14:31:46.743+0000][gc,phases     ] GC(369)   Evacuate Collection Set: 15.3ms
[2025-11-08T14:31:46.744+0000][gc,phases     ] GC(369)   Post Evacuate Collection Set: 1.3ms
[2025-11-08T14:31:46.744+0000][gc,phases     ] GC(369)   Other: 1.2ms
[2025-11-08T14:31:46.744+0000][gc,heap       ] GC(369) Eden regions: 31->0(38)
[2025-11-08T14:31:46.744+0000][gc,heap       ] GC(369) Survivor regions: 4->3(5)
[2025-11-08T14:31:46.745+0000][gc,heap       ] GC(369) Old regions: 59->60
[2025-11-08T14:31:46.745+0000][gc,heap       ] GC(369) Humongous regions: 147->147
[2025-11-08T14:31:46.746+0000][gc,metaspace  ] GC(369) Metaspace: 52234K(55472K)->52234K(55472K) NonClass: 46447K(48304K)->46447K(48304K) Class: 5787K(7168K)->5787K(7168K)
[2025-11-08T14:31:46.746+0000][gc            ] GC(369) Pause Young (Normal) (G1 Evacuation Pause) 240M->208M(667M) 20.932ms
[2025-11-08T14:31:46.746+0000][gc,cpu        ] GC(369) User=0.03s Sys=0.00s Real=0.02s
[2025-11-08T14:31:52.649+0000][gc,start      ] GC(370) Pause Young (Normal) (G1 Evacuation Pause)
[2025-11-08T14:31:52.650+0000][gc,task       ] GC(370) Using 2 workers of 2 for evacuation
[2025-11-08T14:31:52.660+0000][gc,phases     ] GC(370)   Pre Evacuate Collection Set: 0.0ms
[2025-11-08T14:31:52.661+0000][gc,phases     ] GC(370)   Evacuate Collection Set: 9.4ms
[2025-11-08T14:31:52.661+0000][gc,phases     ] GC(370)   Post Evacuate Collection Set: 0.9ms
[2025-11-08T14:31:52.662+0000][gc,phases     ] GC(370)   Other: 0.8ms
[2025-11-08T14:31:52.662+0000][gc,heap       ] GC(370) Eden regions: 38->0(40)
[2025-11-08T14:31:52.663+0000][gc,heap       ] GC(370) Survivor regions: 3->3(6)
[2025-11-08T14:31:52.663+0000][gc,heap       ] GC(370) Old regions: 60->60
[2025-11-08T14:31:52.663+0000][gc,heap       ] GC(370) Humongous regions: 147->147
[2025-11-08T14:31:52.664+0000][gc,metaspace  ] GC(370) Metaspace: 52234K(55472K)->52234K(55472K) NonClass: 46447K(48304K)->46447K(48304K) Class: 5787K(7168K)->5787K(7168K)
[2025-11-08T14:31:52.664+0000][gc            ] GC(370) Pause Young (Normal) (G1 Evacuation Pause) 246M->209M(667M) 14.743ms
[2025-11-08T14:31:52.665+0000][gc,cpu        ] GC(370) User=0.02s Sys=0.00s Real=0.02s
[2025-11-08T14:31:58.148+0000][gc,start      ] GC(371) Pause Young (Normal) (G1 Evacuation Pause)
[2025-11-08T14:31:58.149+0000][gc,task       ] GC(371) Using 2 workers of 2 for evacuation
[2025-11-08T14:31:58.164+0000][gc,phases     ] GC(371)   Pre Evacuate Collection Set: 0.0ms
[2025-11-08T14:31:58.164+0000][gc,phases     ] GC(371)   Evacuate Collection Set: 12.5ms
[2025-11-08T14:31:58.165+0000][gc,phases     ] GC(371)   Post Evacuate Collection Set: 1.0ms
[2025-11-08T14:31:58.165+0000][gc,phases     ] GC(371)   Other: 1.6ms
[2025-11-08T14:31:58.166+0000][gc,heap       ] GC(371) Eden regions: 40->0(41)
[2025-11-08T14:31:58.166+0000][gc,heap       ] GC(371) Survivor regions: 3->2(6)
[2025-11-08T14:31:58.167+0000][gc,heap       ] GC(371) Old regions: 60->60
[2025-11-08T14:31:58.167+0000][gc,heap       ] GC(371) Humongous regions: 147->147
[2025-11-08T14:31:58.167+0000][gc,metaspace  ] GC(371) Metaspace: 52234K(55472K)->52234K(55472K) NonClass: 46447K(48304K)->46447K(48304K) Class: 5787K(7168K)->5787K(7168K)
[2025-11-08T14:31:58.168+0000][gc            ] GC(371) Pause Young (Normal) (G1 Evacuation Pause) 249M->208M(667M) 19.863ms
[2025-11-08T14:31:58.169+0000][gc,cpu        ] GC(371) User=0.03s Sys=0.00s Real=0.02s
[2025-11-08T14:32:04.023+0000][gc,start      ] GC(372) Pause Young (Normal) (G1 Evacuation Pause)
[2025-11-08T14:32:04.024+0000][gc,task       ] GC(372) Using 2 workers of 2 for evacuation
[2025-11-08T14:32:04.034+0000][gc,phases     ] GC(372)   Pre Evacuate Collection Set: 0.0ms
[2025-11-08T14:32:04.035+0000][gc,phases     ] GC(372)   Evacuate Collection Set: 9.3ms
[2025-11-08T14:32:04.035+0000][gc,phases     ] GC(372)   Post Evacuate Collection Set: 1.0ms
[2025-11-08T14:32:04.035+0000][gc,phases     ] GC(372)   Other: 0.8ms
[2025-11-08T14:32:04.036+0000][gc,heap       ] GC(372) Eden regions: 41->0(43)
[2025-11-08T14:32:04.036+0000][gc,heap       ] GC(372) Survivor regions: 2->3(6)
[2025-11-08T14:32:04.036+0000][gc,heap       ] GC(372) Old regions: 60->60
[2025-11-08T14:32:04.036+0000][gc,heap       ] GC(372) Humongous regions: 147->147
[2025-11-08T14:32:04.037+0000][gc,metaspace  ] GC(372) Metaspace: 52234K(55472K)->52234K(55472K) NonClass: 46447K(48304K)->46447K(48304K) Class: 5787K(7168K)->5787K(7168K)
[2025-11-08T14:32:04.037+0000][gc            ] GC(372) Pause Young (Normal) (G1 Evacuation Pause) 249M->209M(667M) 13.608ms
[2025-11-08T14:32:04.037+0000][gc,cpu        ] GC(372) User=0.02s Sys=0.00s Real=0.01s
[2025-11-08T14:32:10.231+0000][gc,start      ] GC(373) Pause Young (Normal) (G1 Evacuation Pause)
[2025-11-08T14:32:10.231+0000][gc,task       ] GC(373) Using 2 workers of 2 for evacuation
[2025-11-08T14:32:10.248+0000][gc,phases     ] GC(373)   Pre Evacuate Collection Set: 0.0ms
[2025-11-08T14:32:10.249+0000][gc,phases     ] GC(373)   Evacuate Collection Set: 15.8ms
[2025-11-08T14:32:10.249+0000][gc,phases     ] GC(373)   Post Evacuate Collection Set: 1.1ms
[2025-11-08T14:32:10.249+0000][gc,phases     ] GC(373)   Other: 0.9ms
[2025-11-08T14:32:10.250+0000][gc,heap       ] GC(373) Eden regions: 43->0(44)
[2025-11-08T14:32:10.250+0000][gc,heap       ] GC(373) Survivor regions: 3->5(6)
[2025-11-08T14:32:10.250+0000][gc,heap       ] GC(373) Old regions: 60->60
[2025-11-08T14:32:10.250+0000][gc,heap       ] GC(373) Humongous regions: 147->147
[2025-11-08T14:32:10.251+0000][gc,metaspace  ] GC(373) Metaspace: 52235K(55472K)->52235K(55472K) NonClass: 46448K(48304K)->46448K(48304K) Class: 5787K(7168K)->5787K(7168K)
[2025-11-08T14:32:10.251+0000][gc            ] GC(373) Pause Young (Normal) (G1 Evacuation Pause) 252M->210M(667M) 20.333ms
[2025-11-08T14:32:10.251+0000][gc,cpu        ] GC(373) User=0.03s Sys=0.00s Real=0.02s
[2025-11-08T14:32:15.963+0000][gc,start      ] GC(374) Pause Young (Normal) (G1 Evacuation Pause)
[2025-11-08T14:32:15.964+0000][gc,task       ] GC(374) Using 2 workers of 2 for evacuation
[2025-11-08T14:32:15.980+0000][gc,phases     ] GC(374)   Pre Evacuate Collection Set: 0.0ms
[2025-11-08T14:32:15.981+0000][gc,phases     ] GC(374)   Evacuate Collection Set: 14.5ms
[2025-11-08T14:32:15.981+0000][gc,phases     ] GC(374)   Post Evacuate Collection Set: 1.3ms
[2025-11-08T14:32:15.982+0000][gc,phases     ] GC(374)   Other: 1.7ms
[2025-11-08T14:32:15.982+0000][gc,heap       ] GC(374) Eden regions: 41->0(45)
[2025-11-08T14:32:15.982+0000][gc,heap       ] GC(374) Survivor regions: 5->3(6)
[2025-11-08T14:32:15.983+0000][gc,heap       ] GC(374) Old regions: 60->61
[2025-11-08T14:32:15.983+0000][gc,heap       ] GC(374) Humongous regions: 147->147
[2025-11-08T14:32:15.983+0000][gc,metaspace  ] GC(374) Metaspace: 52235K(55472K)->52235K(55472K) NonClass: 46448K(48304K)->46448K(48304K) Class: 5787K(7168K)->5787K(7168K)
[2025-11-08T14:32:15.984+0000][gc            ] GC(374) Pause Young (Normal) (G1 Evacuation Pause) 251M->209M(667M) 20.697ms
[2025-11-08T14:32:15.984+0000][gc,cpu        ] GC(374) User=0.04s Sys=0.00s Real=0.03s
[2025-11-08T14:32:22.408+0000][gc,start      ] GC(375) Pause Young (Normal) (G1 Evacuation Pause)
[2025-11-08T14:32:22.408+0000][gc,task       ] GC(375) Using 2 workers of 2 for evacuation
[2025-11-08T14:32:22.417+0000][gc,phases     ] GC(375)   Pre Evacuate Collection Set: 0.0ms
[2025-11-08T14:32:22.418+0000][gc,phases     ] GC(375)   Evacuate Collection Set: 7.4ms
[2025-11-08T14:32:22.418+0000][gc,phases     ] GC(375)   Post Evacuate Collection Set: 1.0ms
[2025-11-08T14:32:22.418+0000][gc,phases     ] GC(375)   Other: 1.0ms
[2025-11-08T14:32:22.418+0000][gc,heap       ] GC(375) Eden regions: 45->0(50)
[2025-11-08T14:32:22.418+0000][gc,heap       ] GC(375) Survivor regions: 3->2(6)
[2025-11-08T14:32:22.419+0000][gc,heap       ] GC(375) Old regions: 61->61
[2025-11-08T14:32:22.419+0000][gc,heap       ] GC(375) Humongous regions: 147->147
[2025-11-08T14:32:22.419+0000][gc,metaspace  ] GC(375) Metaspace: 52235K(55472K)->52235K(55472K) NonClass: 46448K(48304K)->46448K(48304K) Class: 5787K(7168K)->5787K(7168K)
[2025-11-08T14:32:22.420+0000][gc            ] GC(375) Pause Young (Normal) (G1 Evacuation Pause) 254M->208M(667M) 11.644ms
[2025-11-08T14:32:22.420+0000][gc,cpu        ] GC(375) User=0.02s Sys=0.00s Real=0.01s
[2025-11-08T14:32:29.076+0000][gc,start      ] GC(376) Pause Young (Normal) (G1 Evacuation Pause)
[2025-11-08T14:32:29.076+0000][gc,task       ] GC(376) Using 2 workers of 2 for evacuation
[2025-11-08T14:32:29.088+0000][gc,phases     ] GC(376)   Pre Evacuate Collection Set: 0.0ms
[2025-11-08T14:32:29.088+0000][gc,phases     ] GC(376)   Evacuate Collection Set: 9.9ms
[2025-11-08T14:32:29.089+0000][gc,phases     ] GC(376)   Post Evacuate Collection Set: 1.2ms
[2025-11-08T14:32:29.089+0000][gc,phases     ] GC(376)   Other: 1.2ms
[2025-11-08T14:32:29.090+0000][gc,heap       ] GC(376) Eden regions: 50->0(53)
[2025-11-08T14:32:29.090+0000][gc,heap       ] GC(376) Survivor regions: 2->2(7)
[2025-11-08T14:32:29.091+0000][gc,heap       ] GC(376) Old regions: 61->61
[2025-11-08T14:32:29.091+0000][gc,heap       ] GC(376) Humongous regions: 147->147
[2025-11-08T14:32:29.092+0000][gc,metaspace  ] GC(376) Metaspace: 52235K(55472K)->52235K(55472K) NonClass: 46448K(48304K)->46448K(48304K) Class: 5787K(7168K)->5787K(7168K)
[2025-11-08T14:32:29.092+0000][gc            ] GC(376) Pause Young (Normal) (G1 Evacuation Pause) 258M->209M(667M) 16.842ms
[2025-11-08T14:32:29.093+0000][gc,cpu        ] GC(376) User=0.02s Sys=0.00s Real=0.01s
[2025-11-08T14:32:36.118+0000][gc,start      ] GC(377) Pause Young (Normal) (G1 Evacuation Pause)
[2025-11-08T14:32:36.118+0000][gc,task       ] GC(377) Using 2 workers of 2 for evacuation
[2025-11-08T14:32:36.126+0000][gc,phases     ] GC(377)   Pre Evacuate Collection Set: 0.0ms
[2025-11-08T14:32:36.127+0000][gc,phases     ] GC(377)   Evacuate Collection Set: 7.1ms
[2025-11-08T14:32:36.127+0000][gc,phases     ] GC(377)   Post Evacuate Collection Set: 0.8ms
[2025-11-08T14:32:36.127+0000][gc,phases     ] GC(377)   Other: 0.8ms
[2025-11-08T14:32:36.127+0000][gc,heap       ] GC(377) Eden regions: 53->0(57)
[2025-11-08T14:32:36.128+0000][gc,heap       ] GC(377) Survivor regions: 2->3(7)
[2025-11-08T14:32:36.128+0000][gc,heap       ] GC(377) Old regions: 61->61
[2025-11-08T14:32:36.128+0000][gc,heap       ] GC(377) Humongous regions: 147->147
[2025-11-08T14:32:36.128+0000][gc,metaspace  ] GC(377) Metaspace: 52235K(55472K)->52235K(55472K) NonClass: 46448K(48304K)->46448K(48304K) Class: 5787K(7168K)->5787K(7168K)
[2025-11-08T14:32:36.129+0000][gc            ] GC(377) Pause Young (Normal) (G1 Evacuation Pause) 262M->209M(667M) 10.794ms
[2025-11-08T14:32:36.129+0000][gc,cpu        ] GC(377) User=0.01s Sys=0.00s Real=0.01s
[2025-11-08T14:32:43.612+0000][gc,start      ] GC(378) Pause Young (Normal) (G1 Evacuation Pause)
[2025-11-08T14:32:43.613+0000][gc,task       ] GC(378) Using 2 workers of 2 for evacuation
[2025-11-08T14:32:43.622+0000][gc,phases     ] GC(378)   Pre Evacuate Collection Set: 0.0ms
[2025-11-08T14:32:43.622+0000][gc,phases     ] GC(378)   Evacuate Collection Set: 8.2ms
[2025-11-08T14:32:43.622+0000][gc,phases     ] GC(378)   Post Evacuate Collection Set: 0.6ms
[2025-11-08T14:32:43.623+0000][gc,phases     ] GC(378)   Other: 0.6ms
[2025-11-08T14:32:43.623+0000][gc,heap       ] GC(378) Eden regions: 57->0(61)
[2025-11-08T14:32:43.623+0000][gc,heap       ] GC(378) Survivor regions: 3->4(8)
[2025-11-08T14:32:43.623+0000][gc,heap       ] GC(378) Old regions: 61->61
[2025-11-08T14:32:43.623+0000][gc,heap       ] GC(378) Humongous regions: 147->147
[2025-11-08T14:32:43.624+0000][gc,metaspace  ] GC(378) Metaspace: 52235K(55472K)->52235K(55472K) NonClass: 46448K(48304K)->46448K(48304K) Class: 5787K(7168K)->5787K(7168K)
[2025-11-08T14:32:43.624+0000][gc            ] GC(378) Pause Young (Normal) (G1 Evacuation Pause) 266M->210M(667M) 11.359ms
[2025-11-08T14:32:43.624+0000][gc,cpu        ] GC(378) User=0.01s Sys=0.00s Real=0.02s
[2025-11-08T14:32:51.800+0000][gc,start      ] GC(379) Pause Young (Normal) (G1 Evacuation Pause)
[2025-11-08T14:32:51.801+0000][gc,task       ] GC(379) Using 2 workers of 2 for evacuation
[2025-11-08T14:32:51.820+0000][gc,phases     ] GC(379)   Pre Evacuate Collection Set: 0.0ms
[2025-11-08T14:32:51.820+0000][gc,phases     ] GC(379)   Evacuate Collection Set: 16.6ms
[2025-11-08T14:32:51.821+0000][gc,phases     ] GC(379)   Post Evacuate Collection Set: 1.9ms
[2025-11-08T14:32:51.821+0000][gc,phases     ] GC(379)   Other: 0.9ms
[2025-11-08T14:32:51.821+0000][gc,heap       ] GC(379) Eden regions: 61->0(56)
[2025-11-08T14:32:51.822+0000][gc,heap       ] GC(379) Survivor regions: 4->3(9)
[2025-11-08T14:32:51.822+0000][gc,heap       ] GC(379) Old regions: 61->61
[2025-11-08T14:32:51.822+0000][gc,heap       ] GC(379) Humongous regions: 147->147
[2025-11-08T14:32:51.823+0000][gc,metaspace  ] GC(379) Metaspace: 52235K(55472K)->52235K(55472K) NonClass: 46448K(48304K)->46448K(48304K) Class: 5787K(7168K)->5787K(7168K)
[2025-11-08T14:32:51.823+0000][gc            ] GC(379) Pause Young (Normal) (G1 Evacuation Pause) 271M->210M(667M) 22.489ms
[2025-11-08T14:32:51.823+0000][gc,cpu        ] GC(379) User=0.04s Sys=0.00s Real=0.03s
[2025-11-08T14:32:59.532+0000][gc,start      ] GC(380) Pause Young (Normal) (G1 Evacuation Pause)
[2025-11-08T14:32:59.534+0000][gc,task       ] GC(380) Using 2 workers of 2 for evacuation
[2025-11-08T14:32:59.551+0000][gc,phases     ] GC(380)   Pre Evacuate Collection Set: 0.0ms
[2025-11-08T14:32:59.551+0000][gc,phases     ] GC(380)   Evacuate Collection Set: 14.9ms
[2025-11-08T14:32:59.553+0000][gc,phases     ] GC(380)   Post Evacuate Collection Set: 1.4ms
[2025-11-08T14:32:59.554+0000][gc,phases     ] GC(380)   Other: 2.5ms
[2025-11-08T14:32:59.554+0000][gc,heap       ] GC(380) Eden regions: 56->0(57)
[2025-11-08T14:32:59.555+0000][gc,heap       ] GC(380) Survivor regions: 3->4(8)
[2025-11-08T14:32:59.555+0000][gc,heap       ] GC(380) Old regions: 61->61
[2025-11-08T14:32:59.555+0000][gc,heap       ] GC(380) Humongous regions: 147->147
[2025-11-08T14:32:59.557+0000][gc,metaspace  ] GC(380) Metaspace: 52235K(55472K)->52235K(55472K) NonClass: 46448K(48304K)->46448K(48304K) Class: 5787K(7168K)->5787K(7168K)
[2025-11-08T14:32:59.558+0000][gc            ] GC(380) Pause Young (Normal) (G1 Evacuation Pause) 266M->211M(667M) 25.796ms
[2025-11-08T14:32:59.559+0000][gc,cpu        ] GC(380) User=0.03s Sys=0.00s Real=0.03s
[2025-11-08T14:33:05.637+0000][gc,start      ] GC(381) Pause Young (Normal) (G1 Evacuation Pause)
[2025-11-08T14:33:05.637+0000][gc,task       ] GC(381) Using 2 workers of 2 for evacuation
[2025-11-08T14:33:05.649+0000][gc,phases     ] GC(381)   Pre Evacuate Collection Set: 0.0ms
[2025-11-08T14:33:05.650+0000][gc,phases     ] GC(381)   Evacuate Collection Set: 10.4ms
[2025-11-08T14:33:05.650+0000][gc,phases     ] GC(381)   Post Evacuate Collection Set: 1.4ms
[2025-11-08T14:33:05.650+0000][gc,phases     ] GC(381)   Other: 0.9ms
[2025-11-08T14:33:05.650+0000][gc,heap       ] GC(381) Eden regions: 47->0(57)
[2025-11-08T14:33:05.651+0000][gc,heap       ] GC(381) Survivor regions: 4->3(7)
[2025-11-08T14:33:05.651+0000][gc,heap       ] GC(381) Old regions: 61->61
[2025-11-08T14:33:05.651+0000][gc,heap       ] GC(381) Humongous regions: 147->147
[2025-11-08T14:33:05.651+0000][gc,metaspace  ] GC(381) Metaspace: 52235K(55472K)->52235K(55472K) NonClass: 46448K(48304K)->46448K(48304K) Class: 5787K(7168K)->5787K(7168K)
[2025-11-08T14:33:05.652+0000][gc            ] GC(381) Pause Young (Normal) (G1 Evacuation Pause) 258M->210M(667M) 15.046ms
[2025-11-08T14:33:05.652+0000][gc,cpu        ] GC(381) User=0.02s Sys=0.00s Real=0.01s
[2025-11-08T14:33:12.940+0000][gc,start      ] GC(382) Pause Young (Normal) (G1 Evacuation Pause)
[2025-11-08T14:33:12.940+0000][gc,task       ] GC(382) Using 2 workers of 2 for evacuation
[2025-11-08T14:33:12.953+0000][gc,phases     ] GC(382)   Pre Evacuate Collection Set: 0.0ms
[2025-11-08T14:33:12.953+0000][gc,phases     ] GC(382)   Evacuate Collection Set: 11.1ms
[2025-11-08T14:33:12.953+0000][gc,phases     ] GC(382)   Post Evacuate Collection Set: 0.9ms
[2025-11-08T14:33:12.954+0000][gc,phases     ] GC(382)   Other: 0.8ms
[2025-11-08T14:33:12.954+0000][gc,heap       ] GC(382) Eden regions: 57->0(58)
[2025-11-08T14:33:12.954+0000][gc,heap       ] GC(382) Survivor regions: 3->4(8)
[2025-11-08T14:33:12.954+0000][gc,heap       ] GC(382) Old regions: 61->61
[2025-11-08T14:33:12.954+0000][gc,heap       ] GC(382) Humongous regions: 147->147
[2025-11-08T14:33:12.955+0000][gc,metaspace  ] GC(382) Metaspace: 52243K(55472K)->52243K(55472K) NonClass: 46456K(48304K)->46456K(48304K) Class: 5787K(7168K)->5787K(7168K)
[2025-11-08T14:33:12.955+0000][gc            ] GC(382) Pause Young (Normal) (G1 Evacuation Pause) 267M->211M(667M) 14.635ms
[2025-11-08T14:33:12.955+0000][gc,cpu        ] GC(382) User=0.02s Sys=0.00s Real=0.02s
[2025-11-08T14:33:20.403+0000][gc,start      ] GC(383) Pause Young (Normal) (G1 Evacuation Pause)
[2025-11-08T14:33:20.403+0000][gc,task       ] GC(383) Using 2 workers of 2 for evacuation
[2025-11-08T14:33:20.418+0000][gc,phases     ] GC(383)   Pre Evacuate Collection Set: 0.0ms
[2025-11-08T14:33:20.419+0000][gc,phases     ] GC(383)   Evacuate Collection Set: 14.1ms
[2025-11-08T14:33:20.419+0000][gc,phases     ] GC(383)   Post Evacuate Collection Set: 0.8ms
[2025-11-08T14:33:20.419+0000][gc,phases     ] GC(383)   Other: 1.0ms
[2025-11-08T14:33:20.420+0000][gc,heap       ] GC(383) Eden regions: 58->0(58)
[2025-11-08T14:33:20.420+0000][gc,heap       ] GC(383) Survivor regions: 4->5(8)
[2025-11-08T14:33:20.420+0000][gc,heap       ] GC(383) Old regions: 61->61
[2025-11-08T14:33:20.420+0000][gc,heap       ] GC(383) Humongous regions: 147->147
[2025-11-08T14:33:20.421+0000][gc,metaspace  ] GC(383) Metaspace: 52245K(55472K)->52245K(55472K) NonClass: 46457K(48304K)->46457K(48304K) Class: 5787K(7168K)->5787K(7168K)
[2025-11-08T14:33:20.421+0000][gc            ] GC(383) Pause Young (Normal) (G1 Evacuation Pause) 269M->212M(667M) 18.439ms
[2025-11-08T14:33:20.422+0000][gc,cpu        ] GC(383) User=0.03s Sys=0.00s Real=0.02s
[2025-11-08T14:33:27.300+0000][gc,start      ] GC(384) Pause Young (Normal) (G1 Evacuation Pause)
[2025-11-08T14:33:27.300+0000][gc,task       ] GC(384) Using 2 workers of 2 for evacuation
[2025-11-08T14:33:27.314+0000][gc,phases     ] GC(384)   Pre Evacuate Collection Set: 0.0ms
[2025-11-08T14:33:27.314+0000][gc,phases     ] GC(384)   Evacuate Collection Set: 11.9ms
[2025-11-08T14:33:27.315+0000][gc,phases     ] GC(384)   Post Evacuate Collection Set: 0.9ms
[2025-11-08T14:33:27.315+0000][gc,phases     ] GC(384)   Other: 1.4ms
[2025-11-08T14:33:27.315+0000][gc,heap       ] GC(384) Eden regions: 58->0(60)
[2025-11-08T14:33:27.315+0000][gc,heap       ] GC(384) Survivor regions: 5->3(8)
[2025-11-08T14:33:27.316+0000][gc,heap       ] GC(384) Old regions: 61->62
[2025-11-08T14:33:27.316+0000][gc,heap       ] GC(384) Humongous regions: 147->147
[2025-11-08T14:33:27.316+0000][gc,metaspace  ] GC(384) Metaspace: 52245K(55472K)->52245K(55472K) NonClass: 46457K(48304K)->46457K(48304K) Class: 5787K(7168K)->5787K(7168K)
[2025-11-08T14:33:27.316+0000][gc            ] GC(384) Pause Young (Normal) (G1 Evacuation Pause) 270M->211M(667M) 16.295ms
[2025-11-08T14:33:27.316+0000][gc,cpu        ] GC(384) User=0.02s Sys=0.00s Real=0.02s
[2025-11-08T14:33:34.399+0000][gc,start      ] GC(385) Pause Young (Normal) (G1 Evacuation Pause)
[2025-11-08T14:33:34.399+0000][gc,task       ] GC(385) Using 2 workers of 2 for evacuation
[2025-11-08T14:33:34.415+0000][gc,phases     ] GC(385)   Pre Evacuate Collection Set: 0.0ms
[2025-11-08T14:33:34.415+0000][gc,phases     ] GC(385)   Evacuate Collection Set: 14.0ms
[2025-11-08T14:33:34.416+0000][gc,phases     ] GC(385)   Post Evacuate Collection Set: 1.0ms
[2025-11-08T14:33:34.416+0000][gc,phases     ] GC(385)   Other: 1.1ms
[2025-11-08T14:33:34.416+0000][gc,heap       ] GC(385) Eden regions: 60->0(60)
[2025-11-08T14:33:34.417+0000][gc,heap       ] GC(385) Survivor regions: 3->5(8)
[2025-11-08T14:33:34.417+0000][gc,heap       ] GC(385) Old regions: 62->62
[2025-11-08T14:33:34.417+0000][gc,heap       ] GC(385) Humongous regions: 147->147
[2025-11-08T14:33:34.418+0000][gc,metaspace  ] GC(385) Metaspace: 52245K(55472K)->52245K(55472K) NonClass: 46457K(48304K)->46457K(48304K) Class: 5787K(7168K)->5787K(7168K)
[2025-11-08T14:33:34.418+0000][gc            ] GC(385) Pause Young (Normal) (G1 Evacuation Pause) 271M->213M(667M) 19.297ms
[2025-11-08T14:33:34.418+0000][gc,cpu        ] GC(385) User=0.03s Sys=0.00s Real=0.02s
[2025-11-08T14:33:41.570+0000][gc,start      ] GC(386) Pause Young (Normal) (G1 Evacuation Pause)
[2025-11-08T14:33:41.570+0000][gc,task       ] GC(386) Using 2 workers of 2 for evacuation
[2025-11-08T14:33:41.584+0000][gc,phases     ] GC(386)   Pre Evacuate Collection Set: 0.0ms
[2025-11-08T14:33:41.584+0000][gc,phases     ] GC(386)   Evacuate Collection Set: 12.2ms
[2025-11-08T14:33:41.585+0000][gc,phases     ] GC(386)   Post Evacuate Collection Set: 1.4ms
[2025-11-08T14:33:41.585+0000][gc,phases     ] GC(386)   Other: 0.8ms
[2025-11-08T14:33:41.586+0000][gc,heap       ] GC(386) Eden regions: 60->0(61)
[2025-11-08T14:33:41.586+0000][gc,heap       ] GC(386) Survivor regions: 5->4(9)
[2025-11-08T14:33:41.586+0000][gc,heap       ] GC(386) Old regions: 62->62
[2025-11-08T14:33:41.586+0000][gc,heap       ] GC(386) Humongous regions: 147->147
[2025-11-08T14:33:41.587+0000][gc,metaspace  ] GC(386) Metaspace: 52245K(55472K)->52245K(55472K) NonClass: 46457K(48304K)->46457K(48304K) Class: 5787K(7168K)->5787K(7168K)
[2025-11-08T14:33:41.587+0000][gc            ] GC(386) Pause Young (Normal) (G1 Evacuation Pause) 273M->212M(667M) 17.702ms
[2025-11-08T14:33:41.588+0000][gc,cpu        ] GC(386) User=0.02s Sys=0.00s Real=0.02s
[2025-11-08T14:33:48.282+0000][gc,start      ] GC(387) Pause Young (Normal) (G1 Evacuation Pause)
[2025-11-08T14:33:48.282+0000][gc,task       ] GC(387) Using 2 workers of 2 for evacuation
[2025-11-08T14:33:48.307+0000][gc,mmu        ] GC(387) MMU target violated: 20.9ms (20.0ms/21.0ms)
[2025-11-08T14:33:48.308+0000][gc,phases     ] GC(387)   Pre Evacuate Collection Set: 0.0ms
[2025-11-08T14:33:48.308+0000][gc,phases     ] GC(387)   Evacuate Collection Set: 19.5ms
[2025-11-08T14:33:48.309+0000][gc,phases     ] GC(387)   Post Evacuate Collection Set: 1.2ms
[2025-11-08T14:33:48.312+0000][gc,phases     ] GC(387)   Other: 5.7ms
[2025-11-08T14:33:48.313+0000][gc,heap       ] GC(387) Eden regions: 58->0(60)
[2025-11-08T14:33:48.313+0000][gc,heap       ] GC(387) Survivor regions: 4->5(8)
[2025-11-08T14:33:48.313+0000][gc,heap       ] GC(387) Old regions: 62->62
[2025-11-08T14:33:48.314+0000][gc,heap       ] GC(387) Humongous regions: 147->147
[2025-11-08T14:33:48.314+0000][gc,metaspace  ] GC(387) Metaspace: 52245K(55472K)->52245K(55472K) NonClass: 46457K(48304K)->46457K(48304K) Class: 5787K(7168K)->5787K(7168K)
[2025-11-08T14:33:48.315+0000][gc            ] GC(387) Pause Young (Normal) (G1 Evacuation Pause) 270M->213M(667M) 33.106ms
[2025-11-08T14:33:48.316+0000][gc,cpu        ] GC(387) User=0.04s Sys=0.00s Real=0.04s
[2025-11-08T14:33:54.267+0000][gc,start      ] GC(388) Pause Young (Normal) (G1 Evacuation Pause)
[2025-11-08T14:33:54.269+0000][gc,task       ] GC(388) Using 2 workers of 2 for evacuation
[2025-11-08T14:33:54.285+0000][gc,phases     ] GC(388)   Pre Evacuate Collection Set: 0.0ms
[2025-11-08T14:33:54.286+0000][gc,phases     ] GC(388)   Evacuate Collection Set: 14.8ms
[2025-11-08T14:33:54.286+0000][gc,phases     ] GC(388)   Post Evacuate Collection Set: 1.2ms
[2025-11-08T14:33:54.286+0000][gc,phases     ] GC(388)   Other: 2.1ms
[2025-11-08T14:33:54.287+0000][gc,heap       ] GC(388) Eden regions: 51->0(57)
[2025-11-08T14:33:54.287+0000][gc,heap       ] GC(388) Survivor regions: 5->4(7)
[2025-11-08T14:33:54.287+0000][gc,heap       ] GC(388) Old regions: 62->63
[2025-11-08T14:33:54.287+0000][gc,heap       ] GC(388) Humongous regions: 147->147
[2025-11-08T14:33:54.288+0000][gc,metaspace  ] GC(388) Metaspace: 52245K(55472K)->52245K(55472K) NonClass: 46457K(48304K)->46457K(48304K) Class: 5787K(7168K)->5787K(7168K)
[2025-11-08T14:33:54.288+0000][gc            ] GC(388) Pause Young (Normal) (G1 Evacuation Pause) 264M->213M(667M) 20.739ms
[2025-11-08T14:33:54.288+0000][gc,cpu        ] GC(388) User=0.04s Sys=0.00s Real=0.02s
[2025-11-08T14:33:59.966+0000][gc,start      ] GC(389) Pause Young (Normal) (G1 Evacuation Pause)
[2025-11-08T14:33:59.966+0000][gc,task       ] GC(389) Using 2 workers of 2 for evacuation
[2025-11-08T14:33:59.978+0000][gc,phases     ] GC(389)   Pre Evacuate Collection Set: 0.0ms
[2025-11-08T14:33:59.978+0000][gc,phases     ] GC(389)   Evacuate Collection Set: 10.6ms
[2025-11-08T14:33:59.978+0000][gc,phases     ] GC(389)   Post Evacuate Collection Set: 0.9ms
[2025-11-08T14:33:59.979+0000][gc,phases     ] GC(389)   Other: 0.6ms
[2025-11-08T14:33:59.979+0000][gc,heap       ] GC(389) Eden regions: 48->0(55)
[2025-11-08T14:33:59.979+0000][gc,heap       ] GC(389) Survivor regions: 4->4(7)
[2025-11-08T14:33:59.979+0000][gc,heap       ] GC(389) Old regions: 63->63
[2025-11-08T14:33:59.980+0000][gc,heap       ] GC(389) Humongous regions: 147->147
[2025-11-08T14:33:59.980+0000][gc,metaspace  ] GC(389) Metaspace: 52245K(55472K)->52245K(55472K) NonClass: 46457K(48304K)->46457K(48304K) Class: 5787K(7168K)->5787K(7168K)
[2025-11-08T14:33:59.980+0000][gc            ] GC(389) Pause Young (Normal) (G1 Evacuation Pause) 261M->213M(667M) 14.057ms
[2025-11-08T14:33:59.980+0000][gc,cpu        ] GC(389) User=0.02s Sys=0.00s Real=0.01s
[2025-11-08T14:34:06.437+0000][gc,start      ] GC(390) Pause Young (Normal) (G1 Evacuation Pause)
[2025-11-08T14:34:06.437+0000][gc,task       ] GC(390) Using 2 workers of 2 for evacuation
[2025-11-08T14:34:06.450+0000][gc,phases     ] GC(390)   Pre Evacuate Collection Set: 0.0ms
[2025-11-08T14:34:06.450+0000][gc,phases     ] GC(390)   Evacuate Collection Set: 10.9ms
[2025-11-08T14:34:06.450+0000][gc,phases     ] GC(390)   Post Evacuate Collection Set: 1.1ms
[2025-11-08T14:34:06.451+0000][gc,phases     ] GC(390)   Other: 0.7ms
[2025-11-08T14:34:06.451+0000][gc,heap       ] GC(390) Eden regions: 55->0(59)
[2025-11-08T14:34:06.451+0000][gc,heap       ] GC(390) Survivor regions: 4->5(8)
[2025-11-08T14:34:06.451+0000][gc,heap       ] GC(390) Old regions: 63->63
[2025-11-08T14:34:06.451+0000][gc,heap       ] GC(390) Humongous regions: 147->147
[2025-11-08T14:34:06.452+0000][gc,metaspace  ] GC(390) Metaspace: 52245K(55472K)->52245K(55472K) NonClass: 46457K(48304K)->46457K(48304K) Class: 5787K(7168K)->5787K(7168K)
[2025-11-08T14:34:06.452+0000][gc            ] GC(390) Pause Young (Normal) (G1 Evacuation Pause) 268M->214M(667M) 14.851ms
[2025-11-08T14:34:06.452+0000][gc,cpu        ] GC(390) User=0.02s Sys=0.00s Real=0.01s
[2025-11-08T14:34:13.559+0000][gc,start      ] GC(391) Pause Young (Normal) (G1 Evacuation Pause)
[2025-11-08T14:34:13.560+0000][gc,task       ] GC(391) Using 2 workers of 2 for evacuation
[2025-11-08T14:34:13.573+0000][gc,phases     ] GC(391)   Pre Evacuate Collection Set: 0.0ms
[2025-11-08T14:34:13.573+0000][gc,phases     ] GC(391)   Evacuate Collection Set: 11.1ms
[2025-11-08T14:34:13.573+0000][gc,phases     ] GC(391)   Post Evacuate Collection Set: 0.9ms
[2025-11-08T14:34:13.574+0000][gc,phases     ] GC(391)   Other: 1.2ms
[2025-11-08T14:34:13.574+0000][gc,heap       ] GC(391) Eden regions: 59->0(62)
[2025-11-08T14:34:13.574+0000][gc,heap       ] GC(391) Survivor regions: 5->4(8)
[2025-11-08T14:34:13.574+0000][gc,heap       ] GC(391) Old regions: 63->63
[2025-11-08T14:34:13.575+0000][gc,heap       ] GC(391) Humongous regions: 147->147
[2025-11-08T14:34:13.575+0000][gc,metaspace  ] GC(391) Metaspace: 52245K(55472K)->52245K(55472K) NonClass: 46457K(48304K)->46457K(48304K) Class: 5787K(7168K)->5787K(7168K)
[2025-11-08T14:34:13.575+0000][gc            ] GC(391) Pause Young (Normal) (G1 Evacuation Pause) 273M->213M(667M) 15.675ms
[2025-11-08T14:34:13.575+0000][gc,cpu        ] GC(391) User=0.03s Sys=0.00s Real=0.02s
[2025-11-08T14:34:20.749+0000][gc,start      ] GC(392) Pause Young (Normal) (G1 Evacuation Pause)
[2025-11-08T14:34:20.750+0000][gc,task       ] GC(392) Using 2 workers of 2 for evacuation
[2025-11-08T14:34:20.769+0000][gc,phases     ] GC(392)   Pre Evacuate Collection Set: 0.0ms
[2025-11-08T14:34:20.769+0000][gc,phases     ] GC(392)   Evacuate Collection Set: 16.6ms
[2025-11-08T14:34:20.770+0000][gc,phases     ] GC(392)   Post Evacuate Collection Set: 1.1ms
[2025-11-08T14:34:20.770+0000][gc,phases     ] GC(392)   Other: 1.5ms
[2025-11-08T14:34:20.771+0000][gc,heap       ] GC(392) Eden regions: 62->0(60)
[2025-11-08T14:34:20.771+0000][gc,heap       ] GC(392) Survivor regions: 4->5(9)
[2025-11-08T14:34:20.771+0000][gc,heap       ] GC(392) Old regions: 63->63
[2025-11-08T14:34:20.771+0000][gc,heap       ] GC(392) Humongous regions: 147->147
[2025-11-08T14:34:20.771+0000][gc,metaspace  ] GC(392) Metaspace: 52245K(55472K)->52245K(55472K) NonClass: 46457K(48304K)->46457K(48304K) Class: 5787K(7168K)->5787K(7168K)
[2025-11-08T14:34:20.772+0000][gc            ] GC(392) Pause Young (Normal) (G1 Evacuation Pause) 275M->214M(667M) 22.362ms
[2025-11-08T14:34:20.772+0000][gc,cpu        ] GC(392) User=0.04s Sys=0.00s Real=0.02s
[2025-11-08T14:34:26.755+0000][gc,start      ] GC(393) Pause Young (Normal) (G1 Evacuation Pause)
[2025-11-08T14:34:26.756+0000][gc,task       ] GC(393) Using 2 workers of 2 for evacuation
[2025-11-08T14:34:26.771+0000][gc,phases     ] GC(393)   Pre Evacuate Collection Set: 0.0ms
[2025-11-08T14:34:26.771+0000][gc,phases     ] GC(393)   Evacuate Collection Set: 13.7ms
[2025-11-08T14:34:26.771+0000][gc,phases     ] GC(393)   Post Evacuate Collection Set: 0.9ms
[2025-11-08T14:34:26.772+0000][gc,phases     ] GC(393)   Other: 0.8ms
[2025-11-08T14:34:26.772+0000][gc,heap       ] GC(393) Eden regions: 52->0(59)
[2025-11-08T14:34:26.772+0000][gc,heap       ] GC(393) Survivor regions: 5->5(8)
[2025-11-08T14:34:26.772+0000][gc,heap       ] GC(393) Old regions: 63->64
[2025-11-08T14:34:26.773+0000][gc,heap       ] GC(393) Humongous regions: 147->147
[2025-11-08T14:34:26.773+0000][gc,metaspace  ] GC(393) Metaspace: 52245K(55472K)->52245K(55472K) NonClass: 46457K(48304K)->46457K(48304K) Class: 5787K(7168K)->5787K(7168K)
[2025-11-08T14:34:26.773+0000][gc            ] GC(393) Pause Young (Normal) (G1 Evacuation Pause) 266M->215M(667M) 17.598ms
[2025-11-08T14:34:26.773+0000][gc,cpu        ] GC(393) User=0.03s Sys=0.00s Real=0.01s
[2025-11-08T14:34:33.592+0000][gc,start      ] GC(394) Pause Young (Normal) (G1 Evacuation Pause)
[2025-11-08T14:34:33.592+0000][gc,task       ] GC(394) Using 2 workers of 2 for evacuation
[2025-11-08T14:34:33.613+0000][gc,mmu        ] GC(394) MMU target violated: 20.3ms (20.0ms/21.0ms)
[2025-11-08T14:34:33.616+0000][gc,phases     ] GC(394)   Pre Evacuate Collection Set: 0.0ms
[2025-11-08T14:34:33.617+0000][gc,phases     ] GC(394)   Evacuate Collection Set: 19.0ms
[2025-11-08T14:34:33.617+0000][gc,phases     ] GC(394)   Post Evacuate Collection Set: 1.1ms
[2025-11-08T14:34:33.617+0000][gc,phases     ] GC(394)   Other: 4.6ms
[2025-11-08T14:34:33.618+0000][gc,heap       ] GC(394) Eden regions: 59->0(56)
[2025-11-08T14:34:33.618+0000][gc,heap       ] GC(394) Survivor regions: 5->4(8)
[2025-11-08T14:34:33.618+0000][gc,heap       ] GC(394) Old regions: 64->64
[2025-11-08T14:34:33.618+0000][gc,heap       ] GC(394) Humongous regions: 147->147
[2025-11-08T14:34:33.619+0000][gc,metaspace  ] GC(394) Metaspace: 52245K(55472K)->52245K(55472K) NonClass: 46457K(48304K)->46457K(48304K) Class: 5787K(7168K)->5787K(7168K)
[2025-11-08T14:34:33.619+0000][gc            ] GC(394) Pause Young (Normal) (G1 Evacuation Pause) 274M->214M(667M) 27.842ms
[2025-11-08T14:34:33.620+0000][gc,cpu        ] GC(394) User=0.03s Sys=0.00s Real=0.03s
[2025-11-08T14:34:40.056+0000][gc,start      ] GC(395) Pause Young (Normal) (G1 Evacuation Pause)
[2025-11-08T14:34:40.056+0000][gc,task       ] GC(395) Using 2 workers of 2 for evacuation
[2025-11-08T14:34:40.067+0000][gc,phases     ] GC(395)   Pre Evacuate Collection Set: 0.0ms
[2025-11-08T14:34:40.068+0000][gc,phases     ] GC(395)   Evacuate Collection Set: 10.0ms
[2025-11-08T14:34:40.068+0000][gc,phases     ] GC(395)   Post Evacuate Collection Set: 0.9ms
[2025-11-08T14:34:40.068+0000][gc,phases     ] GC(395)   Other: 0.6ms
[2025-11-08T14:34:40.069+0000][gc,heap       ] GC(395) Eden regions: 56->0(62)
[2025-11-08T14:34:40.069+0000][gc,heap       ] GC(395) Survivor regions: 4->5(8)
[2025-11-08T14:34:40.069+0000][gc,heap       ] GC(395) Old regions: 64->64
[2025-11-08T14:34:40.069+0000][gc,heap       ] GC(395) Humongous regions: 147->147
[2025-11-08T14:34:40.069+0000][gc,metaspace  ] GC(395) Metaspace: 52245K(55472K)->52245K(55472K) NonClass: 46457K(48304K)->46457K(48304K) Class: 5787K(7168K)->5787K(7168K)
[2025-11-08T14:34:40.070+0000][gc            ] GC(395) Pause Young (Normal) (G1 Evacuation Pause) 270M->215M(667M) 13.780ms
[2025-11-08T14:34:40.070+0000][gc,cpu        ] GC(395) User=0.03s Sys=0.00s Real=0.01s
[2025-11-08T14:34:47.501+0000][gc,start      ] GC(396) Pause Young (Normal) (G1 Evacuation Pause)
[2025-11-08T14:34:47.502+0000][gc,task       ] GC(396) Using 2 workers of 2 for evacuation
[2025-11-08T14:34:47.522+0000][gc,phases     ] GC(396)   Pre Evacuate Collection Set: 0.0ms
[2025-11-08T14:34:47.522+0000][gc,phases     ] GC(396)   Evacuate Collection Set: 16.5ms
[2025-11-08T14:34:47.522+0000][gc,phases     ] GC(396)   Post Evacuate Collection Set: 1.0ms
[2025-11-08T14:34:47.522+0000][gc,phases     ] GC(396)   Other: 2.5ms
[2025-11-08T14:34:47.523+0000][gc,heap       ] GC(396) Eden regions: 62->0(60)
[2025-11-08T14:34:47.523+0000][gc,heap       ] GC(396) Survivor regions: 5->4(9)
[2025-11-08T14:34:47.523+0000][gc,heap       ] GC(396) Old regions: 64->64
[2025-11-08T14:34:47.523+0000][gc,heap       ] GC(396) Humongous regions: 147->147
[2025-11-08T14:34:47.524+0000][gc,metaspace  ] GC(396) Metaspace: 52245K(55472K)->52245K(55472K) NonClass: 46457K(48304K)->46457K(48304K) Class: 5787K(7168K)->5787K(7168K)
[2025-11-08T14:34:47.524+0000][gc            ] GC(396) Pause Young (Normal) (G1 Evacuation Pause) 277M->214M(667M) 22.413ms
[2025-11-08T14:34:47.524+0000][gc,cpu        ] GC(396) User=0.03s Sys=0.00s Real=0.03s
[2025-11-08T14:34:51.927+0000][gc,start      ] GC(397) Pause Young (Normal) (G1 Evacuation Pause)
[2025-11-08T14:34:51.927+0000][gc,task       ] GC(397) Using 2 workers of 2 for evacuation
[2025-11-08T14:34:51.948+0000][gc,mmu        ] GC(397) MMU target violated: 20.5ms (20.0ms/21.0ms)
[2025-11-08T14:34:51.948+0000][gc,phases     ] GC(397)   Pre Evacuate Collection Set: 0.1ms
[2025-11-08T14:34:51.949+0000][gc,phases     ] GC(397)   Evacuate Collection Set: 19.1ms
[2025-11-08T14:34:51.949+0000][gc,phases     ] GC(397)   Post Evacuate Collection Set: 1.2ms
[2025-11-08T14:34:51.949+0000][gc,phases     ] GC(397)   Other: 1.1ms
[2025-11-08T14:34:51.949+0000][gc,heap       ] GC(397) Eden regions: 38->0(43)
[2025-11-08T14:34:51.950+0000][gc,heap       ] GC(397) Survivor regions: 4->4(6)
[2025-11-08T14:34:51.950+0000][gc,heap       ] GC(397) Old regions: 64->65
[2025-11-08T14:34:51.950+0000][gc,heap       ] GC(397) Humongous regions: 147->147
[2025-11-08T14:34:51.950+0000][gc,metaspace  ] GC(397) Metaspace: 52245K(55472K)->52245K(55472K) NonClass: 46457K(48304K)->46457K(48304K) Class: 5787K(7168K)->5787K(7168K)
[2025-11-08T14:34:51.951+0000][gc            ] GC(397) Pause Young (Normal) (G1 Evacuation Pause) 252M->214M(667M) 23.965ms
[2025-11-08T14:34:51.951+0000][gc,cpu        ] GC(397) User=0.05s Sys=0.00s Real=0.02s
[2025-11-08T14:34:55.914+0000][gc,start      ] GC(398) Pause Young (Normal) (G1 Evacuation Pause)
[2025-11-08T14:34:55.914+0000][gc,task       ] GC(398) Using 2 workers of 2 for evacuation
[2025-11-08T14:34:55.928+0000][gc,phases     ] GC(398)   Pre Evacuate Collection Set: 0.0ms
[2025-11-08T14:34:55.928+0000][gc,phases     ] GC(398)   Evacuate Collection Set: 11.8ms
[2025-11-08T14:34:55.928+0000][gc,phases     ] GC(398)   Post Evacuate Collection Set: 1.3ms
[2025-11-08T14:34:55.928+0000][gc,phases     ] GC(398)   Other: 0.9ms
[2025-11-08T14:34:55.929+0000][gc,heap       ] GC(398) Eden regions: 34->0(41)
[2025-11-08T14:34:55.929+0000][gc,heap       ] GC(398) Survivor regions: 4->3(5)
[2025-11-08T14:34:55.929+0000][gc,heap       ] GC(398) Old regions: 65->66
[2025-11-08T14:34:55.930+0000][gc,heap       ] GC(398) Humongous regions: 147->147
[2025-11-08T14:34:55.930+0000][gc,metaspace  ] GC(398) Metaspace: 52245K(55472K)->52245K(55472K) NonClass: 46457K(48304K)->46457K(48304K) Class: 5787K(7168K)->5787K(7168K)
[2025-11-08T14:34:55.930+0000][gc            ] GC(398) Pause Young (Normal) (G1 Evacuation Pause) 248M->215M(667M) 16.751ms
[2025-11-08T14:34:55.931+0000][gc,cpu        ] GC(398) User=0.03s Sys=0.00s Real=0.01s
[2025-11-08T14:35:00.961+0000][gc,start      ] GC(399) Pause Young (Normal) (G1 Evacuation Pause)
[2025-11-08T14:35:00.962+0000][gc,task       ] GC(399) Using 2 workers of 2 for evacuation
[2025-11-08T14:35:00.979+0000][gc,phases     ] GC(399)   Pre Evacuate Collection Set: 0.0ms
[2025-11-08T14:35:00.980+0000][gc,phases     ] GC(399)   Evacuate Collection Set: 14.1ms
[2025-11-08T14:35:00.982+0000][gc,phases     ] GC(399)   Post Evacuate Collection Set: 1.9ms
[2025-11-08T14:35:00.982+0000][gc,phases     ] GC(399)   Other: 1.8ms
[2025-11-08T14:35:00.983+0000][gc,heap       ] GC(399) Eden regions: 41->0(42)
[2025-11-08T14:35:00.983+0000][gc,heap       ] GC(399) Survivor regions: 3->2(6)
[2025-11-08T14:35:00.984+0000][gc,heap       ] GC(399) Old regions: 66->66
[2025-11-08T14:35:00.984+0000][gc,heap       ] GC(399) Humongous regions: 147->147
[2025-11-08T14:35:00.984+0000][gc,metaspace  ] GC(399) Metaspace: 52245K(55472K)->52245K(55472K) NonClass: 46457K(48304K)->46457K(48304K) Class: 5787K(7168K)->5787K(7168K)
[2025-11-08T14:35:00.985+0000][gc            ] GC(399) Pause Young (Normal) (G1 Evacuation Pause) 256M->213M(667M) 23.240ms
[2025-11-08T14:35:00.985+0000][gc,cpu        ] GC(399) User=0.03s Sys=0.00s Real=0.03s
[2025-11-08T14:35:05.928+0000][gc,start      ] GC(400) Pause Young (Normal) (G1 Evacuation Pause)
[2025-11-08T14:35:05.929+0000][gc,task       ] GC(400) Using 2 workers of 2 for evacuation
[2025-11-08T14:35:05.939+0000][gc,phases     ] GC(400)   Pre Evacuate Collection Set: 0.0ms
[2025-11-08T14:35:05.940+0000][gc,phases     ] GC(400)   Evacuate Collection Set: 8.8ms
[2025-11-08T14:35:05.940+0000][gc,phases     ] GC(400)   Post Evacuate Collection Set: 1.0ms
[2025-11-08T14:35:05.940+0000][gc,phases     ] GC(400)   Other: 1.1ms
[2025-11-08T14:35:05.940+0000][gc,heap       ] GC(400) Eden regions: 42->0(43)
[2025-11-08T14:35:05.941+0000][gc,heap       ] GC(400) Survivor regions: 2->3(6)
[2025-11-08T14:35:05.941+0000][gc,heap       ] GC(400) Old regions: 66->66
[2025-11-08T14:35:05.941+0000][gc,heap       ] GC(400) Humongous regions: 147->147
[2025-11-08T14:35:05.942+0000][gc,metaspace  ] GC(400) Metaspace: 52245K(55472K)->52245K(55472K) NonClass: 46457K(48304K)->46457K(48304K) Class: 5787K(7168K)->5787K(7168K)
[2025-11-08T14:35:05.942+0000][gc            ] GC(400) Pause Young (Normal) (G1 Evacuation Pause) 255M->215M(667M) 13.447ms
[2025-11-08T14:35:05.942+0000][gc,cpu        ] GC(400) User=0.02s Sys=0.00s Real=0.01s
[2025-11-08T14:35:11.165+0000][gc,start      ] GC(401) Pause Young (Normal) (G1 Evacuation Pause)
[2025-11-08T14:35:11.165+0000][gc,task       ] GC(401) Using 2 workers of 2 for evacuation
[2025-11-08T14:35:11.179+0000][gc,phases     ] GC(401)   Pre Evacuate Collection Set: 0.0ms
[2025-11-08T14:35:11.179+0000][gc,phases     ] GC(401)   Evacuate Collection Set: 11.7ms
[2025-11-08T14:35:11.179+0000][gc,phases     ] GC(401)   Post Evacuate Collection Set: 1.1ms
[2025-11-08T14:35:11.180+0000][gc,phases     ] GC(401)   Other: 1.1ms
[2025-11-08T14:35:11.180+0000][gc,heap       ] GC(401) Eden regions: 43->0(45)
[2025-11-08T14:35:11.180+0000][gc,heap       ] GC(401) Survivor regions: 3->2(6)
[2025-11-08T14:35:11.181+0000][gc,heap       ] GC(401) Old regions: 66->66
[2025-11-08T14:35:11.181+0000][gc,heap       ] GC(401) Humongous regions: 147->147
[2025-11-08T14:35:11.181+0000][gc,metaspace  ] GC(401) Metaspace: 52245K(55472K)->52245K(55472K) NonClass: 46457K(48304K)->46457K(48304K) Class: 5787K(7168K)->5787K(7168K)
[2025-11-08T14:35:11.181+0000][gc            ] GC(401) Pause Young (Normal) (G1 Evacuation Pause) 258M->214M(667M) 16.464ms
[2025-11-08T14:35:11.182+0000][gc,cpu        ] GC(401) User=0.02s Sys=0.00s Real=0.01s
[2025-11-08T14:35:15.888+0000][gc,start      ] GC(402) Pause Young (Normal) (G1 Evacuation Pause)
[2025-11-08T14:35:15.889+0000][gc,task       ] GC(402) Using 2 workers of 2 for evacuation
[2025-11-08T14:35:15.904+0000][gc,phases     ] GC(402)   Pre Evacuate Collection Set: 0.0ms
[2025-11-08T14:35:15.905+0000][gc,phases     ] GC(402)   Evacuate Collection Set: 13.2ms
[2025-11-08T14:35:15.905+0000][gc,phases     ] GC(402)   Post Evacuate Collection Set: 1.5ms
[2025-11-08T14:35:15.905+0000][gc,phases     ] GC(402)   Other: 1.6ms
[2025-11-08T14:35:15.905+0000][gc,heap       ] GC(402) Eden regions: 40->0(43)
[2025-11-08T14:35:15.906+0000][gc,heap       ] GC(402) Survivor regions: 2->3(6)
[2025-11-08T14:35:15.906+0000][gc,heap       ] GC(402) Old regions: 66->66
[2025-11-08T14:35:15.906+0000][gc,heap       ] GC(402) Humongous regions: 147->147
[2025-11-08T14:35:15.906+0000][gc,metaspace  ] GC(402) Metaspace: 52245K(55472K)->52245K(55472K) NonClass: 46457K(48304K)->46457K(48304K) Class: 5787K(7168K)->5787K(7168K)
[2025-11-08T14:35:15.907+0000][gc            ] GC(402) Pause Young (Normal) (G1 Evacuation Pause) 254M->215M(667M) 18.537ms
[2025-11-08T14:35:15.907+0000][gc,cpu        ] GC(402) User=0.03s Sys=0.00s Real=0.02s
[2025-11-08T14:35:20.546+0000][gc,start      ] GC(403) Pause Young (Normal) (G1 Evacuation Pause)
[2025-11-08T14:35:20.546+0000][gc,task       ] GC(403) Using 2 workers of 2 for evacuation
[2025-11-08T14:35:20.560+0000][gc,phases     ] GC(403)   Pre Evacuate Collection Set: 0.0ms
[2025-11-08T14:35:20.561+0000][gc,phases     ] GC(403)   Evacuate Collection Set: 12.6ms
[2025-11-08T14:35:20.561+0000][gc,phases     ] GC(403)   Post Evacuate Collection Set: 0.9ms
[2025-11-08T14:35:20.561+0000][gc,phases     ] GC(403)   Other: 1.1ms
[2025-11-08T14:35:20.561+0000][gc,heap       ] GC(403) Eden regions: 39->0(43)
[2025-11-08T14:35:20.562+0000][gc,heap       ] GC(403) Survivor regions: 3->4(6)
[2025-11-08T14:35:20.562+0000][gc,heap       ] GC(403) Old regions: 66->66
[2025-11-08T14:35:20.562+0000][gc,heap       ] GC(403) Humongous regions: 147->147
[2025-11-08T14:35:20.562+0000][gc,metaspace  ] GC(403) Metaspace: 52245K(55472K)->52245K(55472K) NonClass: 46457K(48304K)->46457K(48304K) Class: 5787K(7168K)->5787K(7168K)
[2025-11-08T14:35:20.563+0000][gc            ] GC(403) Pause Young (Normal) (G1 Evacuation Pause) 254M->215M(667M) 17.192ms
[2025-11-08T14:35:20.563+0000][gc,cpu        ] GC(403) User=0.03s Sys=0.00s Real=0.01s
[2025-11-08T14:35:25.162+0000][gc,start      ] GC(404) Pause Young (Normal) (G1 Evacuation Pause)
[2025-11-08T14:35:25.162+0000][gc,task       ] GC(404) Using 2 workers of 2 for evacuation
[2025-11-08T14:35:25.175+0000][gc,phases     ] GC(404)   Pre Evacuate Collection Set: 0.0ms
[2025-11-08T14:35:25.175+0000][gc,phases     ] GC(404)   Evacuate Collection Set: 10.8ms
[2025-11-08T14:35:25.176+0000][gc,phases     ] GC(404)   Post Evacuate Collection Set: 1.3ms
[2025-11-08T14:35:25.176+0000][gc,phases     ] GC(404)   Other: 1.0ms
[2025-11-08T14:35:25.176+0000][gc,heap       ] GC(404) Eden regions: 39->0(45)
[2025-11-08T14:35:25.176+0000][gc,heap       ] GC(404) Survivor regions: 4->2(6)
[2025-11-08T14:35:25.177+0000][gc,heap       ] GC(404) Old regions: 66->66
[2025-11-08T14:35:25.177+0000][gc,heap       ] GC(404) Humongous regions: 147->147
[2025-11-08T14:35:25.177+0000][gc,metaspace  ] GC(404) Metaspace: 52245K(55472K)->52245K(55472K) NonClass: 46457K(48304K)->46457K(48304K) Class: 5787K(7168K)->5787K(7168K)
[2025-11-08T14:35:25.178+0000][gc            ] GC(404) Pause Young (Normal) (G1 Evacuation Pause) 254M->214M(667M) 15.906ms
[2025-11-08T14:35:25.178+0000][gc,cpu        ] GC(404) User=0.02s Sys=0.00s Real=0.02s
[2025-11-08T14:35:30.355+0000][gc,start      ] GC(405) Pause Young (Normal) (G1 Evacuation Pause)
[2025-11-08T14:35:30.356+0000][gc,task       ] GC(405) Using 2 workers of 2 for evacuation
[2025-11-08T14:35:30.369+0000][gc,phases     ] GC(405)   Pre Evacuate Collection Set: 0.1ms
[2025-11-08T14:35:30.369+0000][gc,phases     ] GC(405)   Evacuate Collection Set: 11.5ms
[2025-11-08T14:35:30.370+0000][gc,phases     ] GC(405)   Post Evacuate Collection Set: 1.3ms
[2025-11-08T14:35:30.370+0000][gc,phases     ] GC(405)   Other: 1.0ms
[2025-11-08T14:35:30.371+0000][gc,heap       ] GC(405) Eden regions: 45->0(46)
[2025-11-08T14:35:30.371+0000][gc,heap       ] GC(405) Survivor regions: 2->4(6)
[2025-11-08T14:35:30.371+0000][gc,heap       ] GC(405) Old regions: 66->66
[2025-11-08T14:35:30.371+0000][gc,heap       ] GC(405) Humongous regions: 147->147
[2025-11-08T14:35:30.371+0000][gc,metaspace  ] GC(405) Metaspace: 52245K(55472K)->52245K(55472K) NonClass: 46457K(48304K)->46457K(48304K) Class: 5787K(7168K)->5787K(7168K)
[2025-11-08T14:35:30.372+0000][gc            ] GC(405) Pause Young (Normal) (G1 Evacuation Pause) 259M->216M(667M) 16.560ms
[2025-11-08T14:35:30.372+0000][gc,cpu        ] GC(405) User=0.02s Sys=0.00s Real=0.01s
[2025-11-08T14:35:35.680+0000][gc,start      ] GC(406) Pause Young (Normal) (G1 Evacuation Pause)
[2025-11-08T14:35:35.681+0000][gc,task       ] GC(406) Using 2 workers of 2 for evacuation
[2025-11-08T14:35:35.695+0000][gc,phases     ] GC(406)   Pre Evacuate Collection Set: 0.0ms
[2025-11-08T14:35:35.695+0000][gc,phases     ] GC(406)   Evacuate Collection Set: 11.6ms
[2025-11-08T14:35:35.696+0000][gc,phases     ] GC(406)   Post Evacuate Collection Set: 1.2ms
[2025-11-08T14:35:35.696+0000][gc,phases     ] GC(406)   Other: 1.6ms
[2025-11-08T14:35:35.696+0000][gc,heap       ] GC(406) Eden regions: 43->0(47)
[2025-11-08T14:35:35.697+0000][gc,heap       ] GC(406) Survivor regions: 4->3(6)
[2025-11-08T14:35:35.697+0000][gc,heap       ] GC(406) Old regions: 66->66
[2025-11-08T14:35:35.697+0000][gc,heap       ] GC(406) Humongous regions: 147->147
[2025-11-08T14:35:35.698+0000][gc,metaspace  ] GC(406) Metaspace: 52245K(55472K)->52245K(55472K) NonClass: 46458K(48304K)->46458K(48304K) Class: 5787K(7168K)->5787K(7168K)
[2025-11-08T14:35:35.698+0000][gc            ] GC(406) Pause Young (Normal) (G1 Evacuation Pause) 259M->215M(667M) 17.606ms
[2025-11-08T14:35:35.698+0000][gc,cpu        ] GC(406) User=0.02s Sys=0.00s Real=0.02s
[2025-11-08T14:35:40.307+0000][gc,start      ] GC(407) Pause Young (Normal) (G1 Evacuation Pause)
[2025-11-08T14:35:40.307+0000][gc,task       ] GC(407) Using 2 workers of 2 for evacuation
[2025-11-08T14:35:40.320+0000][gc,phases     ] GC(407)   Pre Evacuate Collection Set: 0.0ms
[2025-11-08T14:35:40.321+0000][gc,phases     ] GC(407)   Evacuate Collection Set: 11.6ms
[2025-11-08T14:35:40.321+0000][gc,phases     ] GC(407)   Post Evacuate Collection Set: 1.0ms
[2025-11-08T14:35:40.321+0000][gc,phases     ] GC(407)   Other: 1.1ms
[2025-11-08T14:35:40.322+0000][gc,heap       ] GC(407) Eden regions: 43->0(49)
[2025-11-08T14:35:40.322+0000][gc,heap       ] GC(407) Survivor regions: 3->4(6)
[2025-11-08T14:35:40.322+0000][gc,heap       ] GC(407) Old regions: 66->66
[2025-11-08T14:35:40.322+0000][gc,heap       ] GC(407) Humongous regions: 147->147
[2025-11-08T14:35:40.323+0000][gc,metaspace  ] GC(407) Metaspace: 52245K(55472K)->52245K(55472K) NonClass: 46458K(48304K)->46458K(48304K) Class: 5787K(7168K)->5787K(7168K)
[2025-11-08T14:35:40.323+0000][gc            ] GC(407) Pause Young (Normal) (G1 Evacuation Pause) 258M->216M(667M) 16.406ms
[2025-11-08T14:35:40.323+0000][gc,cpu        ] GC(407) User=0.03s Sys=0.00s Real=0.01s
[2025-11-08T14:35:44.854+0000][gc,start      ] GC(408) Pause Young (Normal) (G1 Evacuation Pause)
[2025-11-08T14:35:44.855+0000][gc,task       ] GC(408) Using 2 workers of 2 for evacuation
[2025-11-08T14:35:44.866+0000][gc,phases     ] GC(408)   Pre Evacuate Collection Set: 0.0ms
[2025-11-08T14:35:44.866+0000][gc,phases     ] GC(408)   Evacuate Collection Set: 9.9ms
[2025-11-08T14:35:44.867+0000][gc,phases     ] GC(408)   Post Evacuate Collection Set: 1.1ms
[2025-11-08T14:35:44.867+0000][gc,phases     ] GC(408)   Other: 0.7ms
[2025-11-08T14:35:44.867+0000][gc,heap       ] GC(408) Eden regions: 44->0(51)
[2025-11-08T14:35:44.868+0000][gc,heap       ] GC(408) Survivor regions: 4->3(6)
[2025-11-08T14:35:44.868+0000][gc,heap       ] GC(408) Old regions: 66->67
[2025-11-08T14:35:44.869+0000][gc,heap       ] GC(408) Humongous regions: 147->147
[2025-11-08T14:35:44.869+0000][gc,metaspace  ] GC(408) Metaspace: 52247K(55472K)->52247K(55472K) NonClass: 46459K(48304K)->46459K(48304K) Class: 5787K(7168K)->5787K(7168K)
[2025-11-08T14:35:44.869+0000][gc            ] GC(408) Pause Young (Normal) (G1 Evacuation Pause) 260M->215M(667M) 15.101ms
[2025-11-08T14:35:44.870+0000][gc,cpu        ] GC(408) User=0.03s Sys=0.00s Real=0.02s
[2025-11-08T14:35:49.937+0000][gc,start      ] GC(409) Pause Young (Normal) (G1 Evacuation Pause)
[2025-11-08T14:35:49.938+0000][gc,task       ] GC(409) Using 2 workers of 2 for evacuation
[2025-11-08T14:35:49.957+0000][gc,phases     ] GC(409)   Pre Evacuate Collection Set: 0.0ms
[2025-11-08T14:35:49.958+0000][gc,phases     ] GC(409)   Evacuate Collection Set: 16.8ms
[2025-11-08T14:35:49.960+0000][gc,phases     ] GC(409)   Post Evacuate Collection Set: 1.7ms
[2025-11-08T14:35:49.960+0000][gc,phases     ] GC(409)   Other: 1.1ms
[2025-11-08T14:35:49.960+0000][gc,heap       ] GC(409) Eden regions: 51->0(48)
[2025-11-08T14:35:49.961+0000][gc,heap       ] GC(409) Survivor regions: 3->3(7)
[2025-11-08T14:35:49.961+0000][gc,heap       ] GC(409) Old regions: 67->67
[2025-11-08T14:35:49.962+0000][gc,heap       ] GC(409) Humongous regions: 147->147
[2025-11-08T14:35:49.962+0000][gc,metaspace  ] GC(409) Metaspace: 52248K(55472K)->52248K(55472K) NonClass: 46460K(48304K)->46460K(48304K) Class: 5787K(7168K)->5787K(7168K)
[2025-11-08T14:35:49.963+0000][gc            ] GC(409) Pause Young (Normal) (G1 Evacuation Pause) 266M->216M(667M) 25.588ms
[2025-11-08T14:35:49.963+0000][gc,cpu        ] GC(409) User=0.03s Sys=0.00s Real=0.02s
[2025-11-08T14:35:53.812+0000][gc,start      ] GC(410) Pause Young (Normal) (G1 Evacuation Pause)
[2025-11-08T14:35:53.813+0000][gc,task       ] GC(410) Using 2 workers of 2 for evacuation
[2025-11-08T14:35:53.826+0000][gc,phases     ] GC(410)   Pre Evacuate Collection Set: 0.0ms
[2025-11-08T14:35:53.826+0000][gc,phases     ] GC(410)   Evacuate Collection Set: 11.7ms
[2025-11-08T14:35:53.827+0000][gc,phases     ] GC(410)   Post Evacuate Collection Set: 0.9ms
[2025-11-08T14:35:53.827+0000][gc,phases     ] GC(410)   Other: 1.0ms
[2025-11-08T14:35:53.827+0000][gc,heap       ] GC(410) Eden regions: 41->0(48)
[2025-11-08T14:35:53.828+0000][gc,heap       ] GC(410) Survivor regions: 3->4(6)
[2025-11-08T14:35:53.828+0000][gc,heap       ] GC(410) Old regions: 67->67
[2025-11-08T14:35:53.828+0000][gc,heap       ] GC(410) Humongous regions: 147->147
[2025-11-08T14:35:53.828+0000][gc,metaspace  ] GC(410) Metaspace: 52249K(55472K)->52249K(55472K) NonClass: 46461K(48304K)->46461K(48304K) Class: 5787K(7168K)->5787K(7168K)
[2025-11-08T14:35:53.829+0000][gc            ] GC(410) Pause Young (Normal) (G1 Evacuation Pause) 257M->216M(667M) 16.120ms
[2025-11-08T14:35:53.829+0000][gc,cpu        ] GC(410) User=0.03s Sys=0.00s Real=0.02s
[2025-11-08T14:35:58.150+0000][gc,start      ] GC(411) Pause Young (Normal) (G1 Evacuation Pause)
[2025-11-08T14:35:58.151+0000][gc,task       ] GC(411) Using 2 workers of 2 for evacuation
[2025-11-08T14:35:58.173+0000][gc,mmu        ] GC(411) MMU target violated: 21.0ms (20.0ms/21.0ms)
[2025-11-08T14:35:58.174+0000][gc,phases     ] GC(411)   Pre Evacuate Collection Set: 0.0ms
[2025-11-08T14:35:58.174+0000][gc,phases     ] GC(411)   Evacuate Collection Set: 19.1ms
[2025-11-08T14:35:58.176+0000][gc,phases     ] GC(411)   Post Evacuate Collection Set: 2.1ms
[2025-11-08T14:35:58.177+0000][gc,phases     ] GC(411)   Other: 2.2ms
[2025-11-08T14:35:58.177+0000][gc,heap       ] GC(411) Eden regions: 48->0(46)
[2025-11-08T14:35:58.178+0000][gc,heap       ] GC(411) Survivor regions: 4->4(7)
[2025-11-08T14:35:58.178+0000][gc,heap       ] GC(411) Old regions: 67->67
[2025-11-08T14:35:58.178+0000][gc,heap       ] GC(411) Humongous regions: 147->147
[2025-11-08T14:35:58.179+0000][gc,metaspace  ] GC(411) Metaspace: 52249K(55472K)->52249K(55472K) NonClass: 46461K(48304K)->46461K(48304K) Class: 5787K(7168K)->5787K(7168K)
[2025-11-08T14:35:58.180+0000][gc            ] GC(411) Pause Young (Normal) (G1 Evacuation Pause) 264M->217M(667M) 29.715ms
[2025-11-08T14:35:58.181+0000][gc,cpu        ] GC(411) User=0.04s Sys=0.00s Real=0.03s
[2025-11-08T14:36:00.975+0000][gc,start      ] GC(412) Pause Young (Normal) (G1 Evacuation Pause)
[2025-11-08T14:36:00.975+0000][gc,task       ] GC(412) Using 2 workers of 2 for evacuation
[2025-11-08T14:36:01.023+0000][gc,mmu        ] GC(412) MMU target violated: 21.0ms (20.0ms/21.0ms)
[2025-11-08T14:36:01.024+0000][gc,phases     ] GC(412)   Pre Evacuate Collection Set: 0.0ms
[2025-11-08T14:36:01.024+0000][gc,phases     ] GC(412)   Evacuate Collection Set: 40.9ms
[2025-11-08T14:36:01.025+0000][gc,phases     ] GC(412)   Post Evacuate Collection Set: 4.8ms
[2025-11-08T14:36:01.025+0000][gc,phases     ] GC(412)   Other: 3.2ms
[2025-11-08T14:36:01.025+0000][gc,heap       ] GC(412) Eden regions: 31->0(30)
[2025-11-08T14:36:01.026+0000][gc,heap       ] GC(412) Survivor regions: 4->3(5)
[2025-11-08T14:36:01.027+0000][gc,heap       ] GC(412) Old regions: 67->68
[2025-11-08T14:36:01.028+0000][gc,heap       ] GC(412) Humongous regions: 147->147
[2025-11-08T14:36:01.028+0000][gc,metaspace  ] GC(412) Metaspace: 52249K(55472K)->52249K(55472K) NonClass: 46461K(48304K)->46461K(48304K) Class: 5787K(7168K)->5787K(7168K)
[2025-11-08T14:36:01.028+0000][gc            ] GC(412) Pause Young (Normal) (G1 Evacuation Pause) 248M->216M(667M) 53.243ms
[2025-11-08T14:36:01.029+0000][gc,cpu        ] GC(412) User=0.07s Sys=0.00s Real=0.05s
[2025-11-08T14:36:03.792+0000][gc,start      ] GC(413) Pause Young (Normal) (G1 Evacuation Pause)
[2025-11-08T14:36:03.792+0000][gc,task       ] GC(413) Using 2 workers of 2 for evacuation
[2025-11-08T14:36:03.808+0000][gc,phases     ] GC(413)   Pre Evacuate Collection Set: 0.0ms
[2025-11-08T14:36:03.812+0000][gc,phases     ] GC(413)   Evacuate Collection Set: 12.7ms
[2025-11-08T14:36:03.812+0000][gc,phases     ] GC(413)   Post Evacuate Collection Set: 2.5ms
[2025-11-08T14:36:03.812+0000][gc,phases     ] GC(413)   Other: 1.1ms
[2025-11-08T14:36:03.813+0000][gc,heap       ] GC(413) Eden regions: 30->0(31)
[2025-11-08T14:36:03.813+0000][gc,heap       ] GC(413) Survivor regions: 3->2(5)
[2025-11-08T14:36:03.813+0000][gc,heap       ] GC(413) Old regions: 68->68
[2025-11-08T14:36:03.814+0000][gc,heap       ] GC(413) Humongous regions: 147->147
[2025-11-08T14:36:03.814+0000][gc,metaspace  ] GC(413) Metaspace: 52249K(55472K)->52249K(55472K) NonClass: 46461K(48304K)->46461K(48304K) Class: 5787K(7168K)->5787K(7168K)
[2025-11-08T14:36:03.814+0000][gc            ] GC(413) Pause Young (Normal) (G1 Evacuation Pause) 246M->216M(667M) 22.488ms
[2025-11-08T14:36:03.815+0000][gc,cpu        ] GC(413) User=0.03s Sys=0.00s Real=0.03s
[2025-11-08T14:36:06.656+0000][gc,start      ] GC(414) Pause Young (Normal) (G1 Evacuation Pause)
[2025-11-08T14:36:06.656+0000][gc,task       ] GC(414) Using 2 workers of 2 for evacuation
[2025-11-08T14:36:06.671+0000][gc,phases     ] GC(414)   Pre Evacuate Collection Set: 0.0ms
[2025-11-08T14:36:06.671+0000][gc,phases     ] GC(414)   Evacuate Collection Set: 12.4ms
[2025-11-08T14:36:06.671+0000][gc,phases     ] GC(414)   Post Evacuate Collection Set: 1.2ms
[2025-11-08T14:36:06.671+0000][gc,phases     ] GC(414)   Other: 1.1ms
[2025-11-08T14:36:06.672+0000][gc,heap       ] GC(414) Eden regions: 31->0(29)
[2025-11-08T14:36:06.672+0000][gc,heap       ] GC(414) Survivor regions: 2->4(5)
[2025-11-08T14:36:06.672+0000][gc,heap       ] GC(414) Old regions: 68->68
[2025-11-08T14:36:06.673+0000][gc,heap       ] GC(414) Humongous regions: 147->147
[2025-11-08T14:36:06.673+0000][gc,metaspace  ] GC(414) Metaspace: 52249K(55472K)->52249K(55472K) NonClass: 46461K(48304K)->46461K(48304K) Class: 5787K(7168K)->5787K(7168K)
[2025-11-08T14:36:06.673+0000][gc            ] GC(414) Pause Young (Normal) (G1 Evacuation Pause) 247M->217M(667M) 17.363ms
[2025-11-08T14:36:06.674+0000][gc,cpu        ] GC(414) User=0.03s Sys=0.00s Real=0.01s
[2025-11-08T14:36:09.520+0000][gc,start      ] GC(415) Pause Young (Normal) (G1 Evacuation Pause)
[2025-11-08T14:36:09.520+0000][gc,task       ] GC(415) Using 2 workers of 2 for evacuation
[2025-11-08T14:36:09.533+0000][gc,phases     ] GC(415)   Pre Evacuate Collection Set: 0.0ms
[2025-11-08T14:36:09.534+0000][gc,phases     ] GC(415)   Evacuate Collection Set: 11.9ms
[2025-11-08T14:36:09.534+0000][gc,phases     ] GC(415)   Post Evacuate Collection Set: 1.1ms
[2025-11-08T14:36:09.534+0000][gc,phases     ] GC(415)   Other: 0.8ms
[2025-11-08T14:36:09.535+0000][gc,heap       ] GC(415) Eden regions: 29->0(32)
[2025-11-08T14:36:09.535+0000][gc,heap       ] GC(415) Survivor regions: 4->2(5)
[2025-11-08T14:36:09.535+0000][gc,heap       ] GC(415) Old regions: 68->69
[2025-11-08T14:36:09.536+0000][gc,heap       ] GC(415) Humongous regions: 147->147
[2025-11-08T14:36:09.536+0000][gc,metaspace  ] GC(415) Metaspace: 52249K(55472K)->52249K(55472K) NonClass: 46461K(48304K)->46461K(48304K) Class: 5787K(7168K)->5787K(7168K)
[2025-11-08T14:36:09.537+0000][gc            ] GC(415) Pause Young (Normal) (G1 Evacuation Pause) 246M->217M(667M) 16.742ms
[2025-11-08T14:36:09.537+0000][gc,cpu        ] GC(415) User=0.03s Sys=0.00s Real=0.02s
[2025-11-08T14:36:12.396+0000][gc,start      ] GC(416) Pause Young (Normal) (G1 Evacuation Pause)
[2025-11-08T14:36:12.397+0000][gc,task       ] GC(416) Using 2 workers of 2 for evacuation
[2025-11-08T14:36:12.417+0000][gc,phases     ] GC(416)   Pre Evacuate Collection Set: 0.0ms
[2025-11-08T14:36:12.417+0000][gc,phases     ] GC(416)   Evacuate Collection Set: 17.2ms
[2025-11-08T14:36:12.417+0000][gc,phases     ] GC(416)   Post Evacuate Collection Set: 1.5ms
[2025-11-08T14:36:12.418+0000][gc,phases     ] GC(416)   Other: 1.4ms
[2025-11-08T14:36:12.418+0000][gc,heap       ] GC(416) Eden regions: 32->0(32)
[2025-11-08T14:36:12.419+0000][gc,heap       ] GC(416) Survivor regions: 2->2(5)
[2025-11-08T14:36:12.419+0000][gc,heap       ] GC(416) Old regions: 69->69
[2025-11-08T14:36:12.419+0000][gc,heap       ] GC(416) Humongous regions: 147->147
[2025-11-08T14:36:12.420+0000][gc,metaspace  ] GC(416) Metaspace: 52249K(55472K)->52249K(55472K) NonClass: 46461K(48304K)->46461K(48304K) Class: 5787K(7168K)->5787K(7168K)
[2025-11-08T14:36:12.421+0000][gc            ] GC(416) Pause Young (Normal) (G1 Evacuation Pause) 249M->217M(667M) 25.059ms
[2025-11-08T14:36:12.422+0000][gc,cpu        ] GC(416) User=0.04s Sys=0.00s Real=0.02s
[2025-11-08T14:36:15.367+0000][gc,start      ] GC(417) Pause Young (Normal) (G1 Evacuation Pause)
[2025-11-08T14:36:15.367+0000][gc,task       ] GC(417) Using 2 workers of 2 for evacuation
[2025-11-08T14:36:15.377+0000][gc,phases     ] GC(417)   Pre Evacuate Collection Set: 0.0ms
[2025-11-08T14:36:15.377+0000][gc,phases     ] GC(417)   Evacuate Collection Set: 8.3ms
[2025-11-08T14:36:15.377+0000][gc,phases     ] GC(417)   Post Evacuate Collection Set: 0.9ms
[2025-11-08T14:36:15.377+0000][gc,phases     ] GC(417)   Other: 0.8ms
[2025-11-08T14:36:15.378+0000][gc,heap       ] GC(417) Eden regions: 32->0(35)
[2025-11-08T14:36:15.378+0000][gc,heap       ] GC(417) Survivor regions: 2->2(5)
[2025-11-08T14:36:15.378+0000][gc,heap       ] GC(417) Old regions: 69->69
[2025-11-08T14:36:15.378+0000][gc,heap       ] GC(417) Humongous regions: 147->147
[2025-11-08T14:36:15.379+0000][gc,metaspace  ] GC(417) Metaspace: 52250K(55472K)->52250K(55472K) NonClass: 46462K(48304K)->46462K(48304K) Class: 5787K(7168K)->5787K(7168K)
[2025-11-08T14:36:15.379+0000][gc            ] GC(417) Pause Young (Normal) (G1 Evacuation Pause) 249M->217M(667M) 12.423ms
[2025-11-08T14:36:15.379+0000][gc,cpu        ] GC(417) User=0.02s Sys=0.00s Real=0.01s
[2025-11-08T14:36:18.611+0000][gc,start      ] GC(418) Pause Young (Normal) (G1 Evacuation Pause)
[2025-11-08T14:36:18.612+0000][gc,task       ] GC(418) Using 2 workers of 2 for evacuation
[2025-11-08T14:36:18.624+0000][gc,phases     ] GC(418)   Pre Evacuate Collection Set: 0.0ms
[2025-11-08T14:36:18.624+0000][gc,phases     ] GC(418)   Evacuate Collection Set: 10.4ms
[2025-11-08T14:36:18.625+0000][gc,phases     ] GC(418)   Post Evacuate Collection Set: 1.3ms
[2025-11-08T14:36:18.625+0000][gc,phases     ] GC(418)   Other: 0.9ms
[2025-11-08T14:36:18.625+0000][gc,heap       ] GC(418) Eden regions: 35->0(37)
[2025-11-08T14:36:18.626+0000][gc,heap       ] GC(418) Survivor regions: 2->2(5)
[2025-11-08T14:36:18.626+0000][gc,heap       ] GC(418) Old regions: 69->69
[2025-11-08T14:36:18.626+0000][gc,heap       ] GC(418) Humongous regions: 147->147
[2025-11-08T14:36:18.627+0000][gc,metaspace  ] GC(418) Metaspace: 52250K(55472K)->52250K(55472K) NonClass: 46462K(48304K)->46462K(48304K) Class: 5787K(7168K)->5787K(7168K)
[2025-11-08T14:36:18.627+0000][gc            ] GC(418) Pause Young (Normal) (G1 Evacuation Pause) 252M->217M(667M) 15.781ms
[2025-11-08T14:36:18.627+0000][gc,cpu        ] GC(418) User=0.02s Sys=0.00s Real=0.02s
[2025-11-08T14:36:21.856+0000][gc,start      ] GC(419) Pause Young (Normal) (G1 Evacuation Pause)
[2025-11-08T14:36:21.856+0000][gc,task       ] GC(419) Using 2 workers of 2 for evacuation
[2025-11-08T14:36:21.868+0000][gc,phases     ] GC(419)   Pre Evacuate Collection Set: 0.0ms
[2025-11-08T14:36:21.868+0000][gc,phases     ] GC(419)   Evacuate Collection Set: 10.2ms
[2025-11-08T14:36:21.869+0000][gc,phases     ] GC(419)   Post Evacuate Collection Set: 1.1ms
[2025-11-08T14:36:21.869+0000][gc,phases     ] GC(419)   Other: 1.1ms
[2025-11-08T14:36:21.869+0000][gc,heap       ] GC(419) Eden regions: 37->0(39)
[2025-11-08T14:36:21.870+0000][gc,heap       ] GC(419) Survivor regions: 2->3(5)
[2025-11-08T14:36:21.870+0000][gc,heap       ] GC(419) Old regions: 69->69
[2025-11-08T14:36:21.870+0000][gc,heap       ] GC(419) Humongous regions: 147->147
[2025-11-08T14:36:21.870+0000][gc,metaspace  ] GC(419) Metaspace: 52250K(55472K)->52250K(55472K) NonClass: 46462K(48304K)->46462K(48304K) Class: 5787K(7168K)->5787K(7168K)
[2025-11-08T14:36:21.871+0000][gc            ] GC(419) Pause Young (Normal) (G1 Evacuation Pause) 254M->217M(667M) 14.980ms
[2025-11-08T14:36:21.871+0000][gc,cpu        ] GC(419) User=0.02s Sys=0.00s Real=0.01s
[2025-11-08T14:36:25.468+0000][gc,start      ] GC(420) Pause Young (Normal) (G1 Evacuation Pause)
[2025-11-08T14:36:25.468+0000][gc,task       ] GC(420) Using 2 workers of 2 for evacuation
[2025-11-08T14:36:25.481+0000][gc,phases     ] GC(420)   Pre Evacuate Collection Set: 0.0ms
[2025-11-08T14:36:25.482+0000][gc,phases     ] GC(420)   Evacuate Collection Set: 11.4ms
[2025-11-08T14:36:25.482+0000][gc,phases     ] GC(420)   Post Evacuate Collection Set: 1.0ms
[2025-11-08T14:36:25.483+0000][gc,phases     ] GC(420)   Other: 0.9ms
[2025-11-08T14:36:25.483+0000][gc,heap       ] GC(420) Eden regions: 39->0(42)
[2025-11-08T14:36:25.483+0000][gc,heap       ] GC(420) Survivor regions: 3->4(6)
[2025-11-08T14:36:25.483+0000][gc,heap       ] GC(420) Old regions: 69->69
[2025-11-08T14:36:25.484+0000][gc,heap       ] GC(420) Humongous regions: 147->147
[2025-11-08T14:36:25.484+0000][gc,metaspace  ] GC(420) Metaspace: 52250K(55472K)->52250K(55472K) NonClass: 46462K(48304K)->46462K(48304K) Class: 5787K(7168K)->5787K(7168K)
[2025-11-08T14:36:25.484+0000][gc            ] GC(420) Pause Young (Normal) (G1 Evacuation Pause) 256M->218M(667M) 16.639ms
[2025-11-08T14:36:25.485+0000][gc,cpu        ] GC(420) User=0.02s Sys=0.00s Real=0.01s
[2025-11-08T14:36:28.855+0000][gc,start      ] GC(421) Pause Young (Normal) (G1 Evacuation Pause)
[2025-11-08T14:36:28.855+0000][gc,task       ] GC(421) Using 2 workers of 2 for evacuation
[2025-11-08T14:36:28.866+0000][gc,phases     ] GC(421)   Pre Evacuate Collection Set: 0.0ms
[2025-11-08T14:36:28.866+0000][gc,phases     ] GC(421)   Evacuate Collection Set: 8.9ms
[2025-11-08T14:36:28.866+0000][gc,phases     ] GC(421)   Post Evacuate Collection Set: 1.1ms
[2025-11-08T14:36:28.867+0000][gc,phases     ] GC(421)   Other: 0.8ms
[2025-11-08T14:36:28.867+0000][gc,heap       ] GC(421) Eden regions: 37->0(46)
[2025-11-08T14:36:28.867+0000][gc,heap       ] GC(421) Survivor regions: 4->2(6)
[2025-11-08T14:36:28.867+0000][gc,heap       ] GC(421) Old regions: 69->69
[2025-11-08T14:36:28.868+0000][gc,heap       ] GC(421) Humongous regions: 147->147
[2025-11-08T14:36:28.868+0000][gc,metaspace  ] GC(421) Metaspace: 52250K(55472K)->52250K(55472K) NonClass: 46462K(48304K)->46462K(48304K) Class: 5787K(7168K)->5787K(7168K)
[2025-11-08T14:36:28.868+0000][gc            ] GC(421) Pause Young (Normal) (G1 Evacuation Pause) 255M->217M(667M) 13.543ms
[2025-11-08T14:36:28.869+0000][gc,cpu        ] GC(421) User=0.02s Sys=0.00s Real=0.01s
[2025-11-08T14:36:33.020+0000][gc,start      ] GC(422) Pause Young (Normal) (G1 Evacuation Pause)
[2025-11-08T14:36:33.020+0000][gc,task       ] GC(422) Using 2 workers of 2 for evacuation
[2025-11-08T14:36:33.036+0000][gc,phases     ] GC(422)   Pre Evacuate Collection Set: 0.0ms
[2025-11-08T14:36:33.037+0000][gc,phases     ] GC(422)   Evacuate Collection Set: 13.6ms
[2025-11-08T14:36:33.037+0000][gc,phases     ] GC(422)   Post Evacuate Collection Set: 0.9ms
[2025-11-08T14:36:33.037+0000][gc,phases     ] GC(422)   Other: 1.2ms
[2025-11-08T14:36:33.038+0000][gc,heap       ] GC(422) Eden regions: 46->0(47)
[2025-11-08T14:36:33.038+0000][gc,heap       ] GC(422) Survivor regions: 2->4(6)
[2025-11-08T14:36:33.039+0000][gc,heap       ] GC(422) Old regions: 69->69
[2025-11-08T14:36:33.039+0000][gc,heap       ] GC(422) Humongous regions: 147->147
[2025-11-08T14:36:33.039+0000][gc,metaspace  ] GC(422) Metaspace: 52250K(55472K)->52250K(55472K) NonClass: 46462K(48304K)->46462K(48304K) Class: 5787K(7168K)->5787K(7168K)
[2025-11-08T14:36:33.040+0000][gc            ] GC(422) Pause Young (Normal) (G1 Evacuation Pause) 263M->218M(667M) 19.527ms
[2025-11-08T14:36:33.040+0000][gc,cpu        ] GC(422) User=0.03s Sys=0.00s Real=0.02s
[2025-11-08T14:36:36.715+0000][gc,start      ] GC(423) Pause Young (Normal) (G1 Evacuation Pause)
[2025-11-08T14:36:36.715+0000][gc,task       ] GC(423) Using 2 workers of 2 for evacuation
[2025-11-08T14:36:36.727+0000][gc,phases     ] GC(423)   Pre Evacuate Collection Set: 0.0ms
[2025-11-08T14:36:36.727+0000][gc,phases     ] GC(423)   Evacuate Collection Set: 9.7ms
[2025-11-08T14:36:36.727+0000][gc,phases     ] GC(423)   Post Evacuate Collection Set: 1.1ms
[2025-11-08T14:36:36.728+0000][gc,phases     ] GC(423)   Other: 0.9ms
[2025-11-08T14:36:36.728+0000][gc,heap       ] GC(423) Eden regions: 41->0(51)
[2025-11-08T14:36:36.728+0000][gc,heap       ] GC(423) Survivor regions: 4->3(6)
[2025-11-08T14:36:36.728+0000][gc,heap       ] GC(423) Old regions: 69->69
[2025-11-08T14:36:36.729+0000][gc,heap       ] GC(423) Humongous regions: 147->147
[2025-11-08T14:36:36.729+0000][gc,metaspace  ] GC(423) Metaspace: 52250K(55472K)->52250K(55472K) NonClass: 46462K(48304K)->46462K(48304K) Class: 5787K(7168K)->5787K(7168K)
[2025-11-08T14:36:36.729+0000][gc            ] GC(423) Pause Young (Normal) (G1 Evacuation Pause) 259M->217M(667M) 14.473ms
[2025-11-08T14:36:36.730+0000][gc,cpu        ] GC(423) User=0.02s Sys=0.00s Real=0.01s
[2025-11-08T14:36:41.390+0000][gc,start      ] GC(424) Pause Young (Normal) (G1 Evacuation Pause)
[2025-11-08T14:36:41.390+0000][gc,task       ] GC(424) Using 2 workers of 2 for evacuation
[2025-11-08T14:36:41.404+0000][gc,phases     ] GC(424)   Pre Evacuate Collection Set: 0.0ms
[2025-11-08T14:36:41.404+0000][gc,phases     ] GC(424)   Evacuate Collection Set: 11.2ms
[2025-11-08T14:36:41.405+0000][gc,phases     ] GC(424)   Post Evacuate Collection Set: 2.1ms
[2025-11-08T14:36:41.405+0000][gc,phases     ] GC(424)   Other: 1.0ms
[2025-11-08T14:36:41.405+0000][gc,heap       ] GC(424) Eden regions: 51->0(53)
[2025-11-08T14:36:41.406+0000][gc,heap       ] GC(424) Survivor regions: 3->3(7)
[2025-11-08T14:36:41.406+0000][gc,heap       ] GC(424) Old regions: 69->69
[2025-11-08T14:36:41.406+0000][gc,heap       ] GC(424) Humongous regions: 147->147
[2025-11-08T14:36:41.407+0000][gc,metaspace  ] GC(424) Metaspace: 52250K(55472K)->52250K(55472K) NonClass: 46462K(48304K)->46462K(48304K) Class: 5787K(7168K)->5787K(7168K)
[2025-11-08T14:36:41.407+0000][gc            ] GC(424) Pause Young (Normal) (G1 Evacuation Pause) 268M->217M(667M) 17.550ms
[2025-11-08T14:36:41.408+0000][gc,cpu        ] GC(424) User=0.03s Sys=0.00s Real=0.02s
[2025-11-08T14:36:45.395+0000][gc,start      ] GC(425) Pause Young (Normal) (G1 Evacuation Pause)
[2025-11-08T14:36:45.396+0000][gc,task       ] GC(425) Using 2 workers of 2 for evacuation
[2025-11-08T14:36:45.415+0000][gc,phases     ] GC(425)   Pre Evacuate Collection Set: 0.0ms
[2025-11-08T14:36:45.416+0000][gc,phases     ] GC(425)   Evacuate Collection Set: 16.3ms
[2025-11-08T14:36:45.416+0000][gc,phases     ] GC(425)   Post Evacuate Collection Set: 1.4ms
[2025-11-08T14:36:45.416+0000][gc,phases     ] GC(425)   Other: 1.8ms
[2025-11-08T14:36:45.417+0000][gc,heap       ] GC(425) Eden regions: 45->0(52)
[2025-11-08T14:36:45.417+0000][gc,heap       ] GC(425) Survivor regions: 3->4(6)
[2025-11-08T14:36:45.418+0000][gc,heap       ] GC(425) Old regions: 69->69
[2025-11-08T14:36:45.418+0000][gc,heap       ] GC(425) Humongous regions: 147->147
[2025-11-08T14:36:45.418+0000][gc,metaspace  ] GC(425) Metaspace: 52251K(55472K)->52251K(55472K) NonClass: 46463K(48304K)->46463K(48304K) Class: 5787K(7168K)->5787K(7168K)
[2025-11-08T14:36:45.419+0000][gc            ] GC(425) Pause Young (Normal) (G1 Evacuation Pause) 262M->219M(667M) 23.338ms
[2025-11-08T14:36:45.419+0000][gc,cpu        ] GC(425) User=0.04s Sys=0.00s Real=0.02s
[2025-11-08T14:36:49.011+0000][gc,start      ] GC(426) Pause Young (Normal) (G1 Evacuation Pause)
[2025-11-08T14:36:49.012+0000][gc,task       ] GC(426) Using 2 workers of 2 for evacuation
[2025-11-08T14:36:49.024+0000][gc,phases     ] GC(426)   Pre Evacuate Collection Set: 0.0ms
[2025-11-08T14:36:49.024+0000][gc,phases     ] GC(426)   Evacuate Collection Set: 10.3ms
[2025-11-08T14:36:49.024+0000][gc,phases     ] GC(426)   Post Evacuate Collection Set: 0.9ms
[2025-11-08T14:36:49.025+0000][gc,phases     ] GC(426)   Other: 0.9ms
[2025-11-08T14:36:49.025+0000][gc,heap       ] GC(426) Eden regions: 39->0(50)
[2025-11-08T14:36:49.025+0000][gc,heap       ] GC(426) Survivor regions: 4->2(6)
[2025-11-08T14:36:49.026+0000][gc,heap       ] GC(426) Old regions: 69->69
[2025-11-08T14:36:49.026+0000][gc,heap       ] GC(426) Humongous regions: 147->147
[2025-11-08T14:36:49.026+0000][gc,metaspace  ] GC(426) Metaspace: 52251K(55472K)->52251K(55472K) NonClass: 46463K(48304K)->46463K(48304K) Class: 5787K(7168K)->5787K(7168K)
[2025-11-08T14:36:49.026+0000][gc            ] GC(426) Pause Young (Normal) (G1 Evacuation Pause) 258M->217M(667M) 14.819ms
[2025-11-08T14:36:49.027+0000][gc,cpu        ] GC(426) User=0.03s Sys=0.00s Real=0.02s
[2025-11-08T14:36:53.386+0000][gc,start      ] GC(427) Pause Young (Normal) (G1 Evacuation Pause)
[2025-11-08T14:36:53.390+0000][gc,task       ] GC(427) Using 2 workers of 2 for evacuation
[2025-11-08T14:36:53.404+0000][gc,phases     ] GC(427)   Pre Evacuate Collection Set: 0.0ms
[2025-11-08T14:36:53.404+0000][gc,phases     ] GC(427)   Evacuate Collection Set: 11.6ms
[2025-11-08T14:36:53.405+0000][gc,phases     ] GC(427)   Post Evacuate Collection Set: 1.5ms
[2025-11-08T14:36:53.405+0000][gc,phases     ] GC(427)   Other: 4.9ms
[2025-11-08T14:36:53.405+0000][gc,heap       ] GC(427) Eden regions: 50->0(52)
[2025-11-08T14:36:53.406+0000][gc,heap       ] GC(427) Survivor regions: 2->2(7)
[2025-11-08T14:36:53.406+0000][gc,heap       ] GC(427) Old regions: 69->69
[2025-11-08T14:36:53.407+0000][gc,heap       ] GC(427) Humongous regions: 147->147
[2025-11-08T14:36:53.407+0000][gc,metaspace  ] GC(427) Metaspace: 52251K(55472K)->52251K(55472K) NonClass: 46463K(48304K)->46463K(48304K) Class: 5787K(7168K)->5787K(7168K)
[2025-11-08T14:36:53.407+0000][gc            ] GC(427) Pause Young (Normal) (G1 Evacuation Pause) 267M->217M(667M) 21.503ms
[2025-11-08T14:36:53.408+0000][gc,cpu        ] GC(427) User=0.02s Sys=0.00s Real=0.02s
[2025-11-08T14:36:57.077+0000][gc,start      ] GC(428) Pause Young (Normal) (G1 Evacuation Pause)
[2025-11-08T14:36:57.077+0000][gc,task       ] GC(428) Using 2 workers of 2 for evacuation
[2025-11-08T14:36:57.093+0000][gc,phases     ] GC(428)   Pre Evacuate Collection Set: 0.0ms
[2025-11-08T14:36:57.093+0000][gc,phases     ] GC(428)   Evacuate Collection Set: 12.7ms
[2025-11-08T14:36:57.093+0000][gc,phases     ] GC(428)   Post Evacuate Collection Set: 2.3ms
[2025-11-08T14:36:57.094+0000][gc,phases     ] GC(428)   Other: 0.8ms
[2025-11-08T14:36:57.094+0000][gc,heap       ] GC(428) Eden regions: 43->0(47)
[2025-11-08T14:36:57.095+0000][gc,heap       ] GC(428) Survivor regions: 2->3(6)
[2025-11-08T14:36:57.095+0000][gc,heap       ] GC(428) Old regions: 69->69
[2025-11-08T14:36:57.095+0000][gc,heap       ] GC(428) Humongous regions: 147->147
[2025-11-08T14:36:57.096+0000][gc,metaspace  ] GC(428) Metaspace: 52251K(55472K)->52251K(55472K) NonClass: 46463K(48304K)->46463K(48304K) Class: 5787K(7168K)->5787K(7168K)
[2025-11-08T14:36:57.096+0000][gc            ] GC(428) Pause Young (Normal) (G1 Evacuation Pause) 260M->218M(667M) 19.394ms
[2025-11-08T14:36:57.097+0000][gc,cpu        ] GC(428) User=0.03s Sys=0.00s Real=0.02s
[2025-11-08T14:37:00.871+0000][gc,start      ] GC(429) Pause Young (Normal) (G1 Evacuation Pause)
[2025-11-08T14:37:00.873+0000][gc,task       ] GC(429) Using 2 workers of 2 for evacuation
[2025-11-08T14:37:00.911+0000][gc,mmu        ] GC(429) MMU target violated: 21.0ms (20.0ms/21.0ms)
[2025-11-08T14:37:00.913+0000][gc,phases     ] GC(429)   Pre Evacuate Collection Set: 0.0ms
[2025-11-08T14:37:00.913+0000][gc,phases     ] GC(429)   Evacuate Collection Set: 29.7ms
[2025-11-08T14:37:00.916+0000][gc,phases     ] GC(429)   Post Evacuate Collection Set: 3.3ms
[2025-11-08T14:37:00.917+0000][gc,phases     ] GC(429)   Other: 8.7ms
[2025-11-08T14:37:00.917+0000][gc,heap       ] GC(429) Eden regions: 41->0(31)
[2025-11-08T14:37:00.918+0000][gc,heap       ] GC(429) Survivor regions: 3->2(6)
[2025-11-08T14:37:00.918+0000][gc,heap       ] GC(429) Old regions: 69->69
[2025-11-08T14:37:00.918+0000][gc,heap       ] GC(429) Humongous regions: 147->147
[2025-11-08T14:37:00.922+0000][gc,metaspace  ] GC(429) Metaspace: 52251K(55472K)->52251K(55472K) NonClass: 46463K(48304K)->46463K(48304K) Class: 5787K(7168K)->5787K(7168K)
[2025-11-08T14:37:00.922+0000][gc            ] GC(429) Pause Young (Normal) (G1 Evacuation Pause) 259M->217M(667M) 51.261ms
[2025-11-08T14:37:00.923+0000][gc,cpu        ] GC(429) User=0.04s Sys=0.00s Real=0.05s
[2025-11-08T14:37:04.013+0000][gc,start      ] GC(430) Pause Young (Normal) (G1 Evacuation Pause)
[2025-11-08T14:37:04.013+0000][gc,task       ] GC(430) Using 2 workers of 2 for evacuation
[2025-11-08T14:37:04.028+0000][gc,phases     ] GC(430)   Pre Evacuate Collection Set: 0.2ms
[2025-11-08T14:37:04.028+0000][gc,phases     ] GC(430)   Evacuate Collection Set: 12.8ms
[2025-11-08T14:37:04.028+0000][gc,phases     ] GC(430)   Post Evacuate Collection Set: 1.0ms
[2025-11-08T14:37:04.029+0000][gc,phases     ] GC(430)   Other: 1.3ms
[2025-11-08T14:37:04.029+0000][gc,heap       ] GC(430) Eden regions: 31->0(31)
[2025-11-08T14:37:04.029+0000][gc,heap       ] GC(430) Survivor regions: 2->2(5)
[2025-11-08T14:37:04.029+0000][gc,heap       ] GC(430) Old regions: 69->69
[2025-11-08T14:37:04.030+0000][gc,heap       ] GC(430) Humongous regions: 147->147
[2025-11-08T14:37:04.030+0000][gc,metaspace  ] GC(430) Metaspace: 52251K(55472K)->52251K(55472K) NonClass: 46463K(48304K)->46463K(48304K) Class: 5787K(7168K)->5787K(7168K)
[2025-11-08T14:37:04.030+0000][gc            ] GC(430) Pause Young (Normal) (G1 Evacuation Pause) 248M->217M(667M) 17.839ms
[2025-11-08T14:37:04.031+0000][gc,cpu        ] GC(430) User=0.02s Sys=0.00s Real=0.02s
[2025-11-08T14:37:06.841+0000][gc,start      ] GC(431) Pause Young (Normal) (G1 Evacuation Pause)
[2025-11-08T14:37:06.841+0000][gc,task       ] GC(431) Using 2 workers of 2 for evacuation
[2025-11-08T14:37:06.860+0000][gc,phases     ] GC(431)   Pre Evacuate Collection Set: 0.0ms
[2025-11-08T14:37:06.860+0000][gc,phases     ] GC(431)   Evacuate Collection Set: 16.7ms
[2025-11-08T14:37:06.860+0000][gc,phases     ] GC(431)   Post Evacuate Collection Set: 1.2ms
[2025-11-08T14:37:06.861+0000][gc,phases     ] GC(431)   Other: 1.2ms
[2025-11-08T14:37:06.861+0000][gc,heap       ] GC(431) Eden regions: 31->0(31)
[2025-11-08T14:37:06.861+0000][gc,heap       ] GC(431) Survivor regions: 2->4(5)
[2025-11-08T14:37:06.862+0000][gc,heap       ] GC(431) Old regions: 69->69
[2025-11-08T14:37:06.862+0000][gc,heap       ] GC(431) Humongous regions: 147->147
[2025-11-08T14:37:06.862+0000][gc,metaspace  ] GC(431) Metaspace: 52251K(55472K)->52251K(55472K) NonClass: 46463K(48304K)->46463K(48304K) Class: 5787K(7168K)->5787K(7168K)
[2025-11-08T14:37:06.862+0000][gc            ] GC(431) Pause Young (Normal) (G1 Evacuation Pause) 248M->219M(667M) 21.728ms
[2025-11-08T14:37:06.863+0000][gc,cpu        ] GC(431) User=0.03s Sys=0.00s Real=0.02s
[2025-11-08T14:37:09.590+0000][gc,start      ] GC(432) Pause Young (Normal) (G1 Evacuation Pause)
[2025-11-08T14:37:09.603+0000][gc,task       ] GC(432) Using 2 workers of 2 for evacuation
[2025-11-08T14:37:09.621+0000][gc,phases     ] GC(432)   Pre Evacuate Collection Set: 0.0ms
[2025-11-08T14:37:09.622+0000][gc,phases     ] GC(432)   Evacuate Collection Set: 17.8ms
[2025-11-08T14:37:09.623+0000][gc,phases     ] GC(432)   Post Evacuate Collection Set: 1.9ms
[2025-11-08T14:37:09.623+0000][gc,phases     ] GC(432)   Other: 14.5ms
[2025-11-08T14:37:09.624+0000][gc,heap       ] GC(432) Eden regions: 29->0(31)
[2025-11-08T14:37:09.624+0000][gc,heap       ] GC(432) Survivor regions: 4->3(5)
[2025-11-08T14:37:09.624+0000][gc,heap       ] GC(432) Old regions: 69->70
[2025-11-08T14:37:09.625+0000][gc,heap       ] GC(432) Humongous regions: 147->147
[2025-11-08T14:37:09.625+0000][gc,metaspace  ] GC(432) Metaspace: 52251K(55472K)->52251K(55472K) NonClass: 46463K(48304K)->46463K(48304K) Class: 5787K(7168K)->5787K(7168K)
[2025-11-08T14:37:09.625+0000][gc            ] GC(432) Pause Young (Normal) (G1 Evacuation Pause) 248M->219M(667M) 37.998ms
[2025-11-08T14:37:09.625+0000][gc,cpu        ] GC(432) User=0.04s Sys=0.00s Real=0.04s
[2025-11-08T14:37:12.422+0000][gc,start      ] GC(433) Pause Young (Normal) (G1 Evacuation Pause)
[2025-11-08T14:37:12.423+0000][gc,task       ] GC(433) Using 2 workers of 2 for evacuation
[2025-11-08T14:37:12.436+0000][gc,phases     ] GC(433)   Pre Evacuate Collection Set: 0.0ms
[2025-11-08T14:37:12.437+0000][gc,phases     ] GC(433)   Evacuate Collection Set: 12.1ms
[2025-11-08T14:37:12.437+0000][gc,phases     ] GC(433)   Post Evacuate Collection Set: 1.0ms
[2025-11-08T14:37:12.438+0000][gc,phases     ] GC(433)   Other: 1.1ms
[2025-11-08T14:37:12.438+0000][gc,heap       ] GC(433) Eden regions: 31->0(32)
[2025-11-08T14:37:12.438+0000][gc,heap       ] GC(433) Survivor regions: 3->2(5)
[2025-11-08T14:37:12.439+0000][gc,heap       ] GC(433) Old regions: 70->70
[2025-11-08T14:37:12.439+0000][gc,heap       ] GC(433) Humongous regions: 147->147
[2025-11-08T14:37:12.439+0000][gc,metaspace  ] GC(433) Metaspace: 52251K(55472K)->52251K(55472K) NonClass: 46463K(48304K)->46463K(48304K) Class: 5787K(7168K)->5787K(7168K)
[2025-11-08T14:37:12.440+0000][gc            ] GC(433) Pause Young (Normal) (G1 Evacuation Pause) 250M->218M(667M) 17.264ms
[2025-11-08T14:37:12.440+0000][gc,cpu        ] GC(433) User=0.03s Sys=0.00s Real=0.01s
[2025-11-08T14:37:15.442+0000][gc,start      ] GC(434) Pause Young (Normal) (G1 Evacuation Pause)
[2025-11-08T14:37:15.443+0000][gc,task       ] GC(434) Using 2 workers of 2 for evacuation
[2025-11-08T14:37:15.461+0000][gc,phases     ] GC(434)   Pre Evacuate Collection Set: 0.0ms
[2025-11-08T14:37:15.461+0000][gc,phases     ] GC(434)   Evacuate Collection Set: 14.2ms
[2025-11-08T14:37:15.463+0000][gc,phases     ] GC(434)   Post Evacuate Collection Set: 3.1ms
[2025-11-08T14:37:15.465+0000][gc,phases     ] GC(434)   Other: 1.0ms
[2025-11-08T14:37:15.468+0000][gc,heap       ] GC(434) Eden regions: 32->0(33)
[2025-11-08T14:37:15.469+0000][gc,heap       ] GC(434) Survivor regions: 2->2(5)
[2025-11-08T14:37:15.470+0000][gc,heap       ] GC(434) Old regions: 70->70
[2025-11-08T14:37:15.470+0000][gc,heap       ] GC(434) Humongous regions: 147->147
[2025-11-08T14:37:15.471+0000][gc,metaspace  ] GC(434) Metaspace: 52251K(55472K)->52251K(55472K) NonClass: 46463K(48304K)->46463K(48304K) Class: 5787K(7168K)->5787K(7168K)
[2025-11-08T14:37:15.471+0000][gc            ] GC(434) Pause Young (Normal) (G1 Evacuation Pause) 250M->218M(667M) 29.208ms
[2025-11-08T14:37:15.472+0000][gc,cpu        ] GC(434) User=0.03s Sys=0.00s Real=0.03s
[2025-11-08T14:37:18.532+0000][gc,start      ] GC(435) Pause Young (Normal) (G1 Evacuation Pause)
[2025-11-08T14:37:18.532+0000][gc,task       ] GC(435) Using 2 workers of 2 for evacuation
[2025-11-08T14:37:18.548+0000][gc,phases     ] GC(435)   Pre Evacuate Collection Set: 0.0ms
[2025-11-08T14:37:18.548+0000][gc,phases     ] GC(435)   Evacuate Collection Set: 11.9ms
[2025-11-08T14:37:18.549+0000][gc,phases     ] GC(435)   Post Evacuate Collection Set: 2.6ms
[2025-11-08T14:37:18.549+0000][gc,phases     ] GC(435)   Other: 1.6ms
[2025-11-08T14:37:18.551+0000][gc,heap       ] GC(435) Eden regions: 33->0(35)
[2025-11-08T14:37:18.551+0000][gc,heap       ] GC(435) Survivor regions: 2->2(5)
[2025-11-08T14:37:18.552+0000][gc,heap       ] GC(435) Old regions: 70->70
[2025-11-08T14:37:18.556+0000][gc,heap       ] GC(435) Humongous regions: 147->147
[2025-11-08T14:37:18.556+0000][gc,metaspace  ] GC(435) Metaspace: 52251K(55472K)->52251K(55472K) NonClass: 46463K(48304K)->46463K(48304K) Class: 5787K(7168K)->5787K(7168K)
[2025-11-08T14:37:18.556+0000][gc            ] GC(435) Pause Young (Normal) (G1 Evacuation Pause) 251M->218M(667M) 24.727ms
[2025-11-08T14:37:18.557+0000][gc,cpu        ] GC(435) User=0.03s Sys=0.00s Real=0.02s
[2025-11-08T14:37:22.031+0000][gc,start      ] GC(436) Pause Young (Normal) (G1 Evacuation Pause)
[2025-11-08T14:37:22.031+0000][gc,task       ] GC(436) Using 2 workers of 2 for evacuation
[2025-11-08T14:37:22.052+0000][gc,mmu        ] GC(436) MMU target violated: 20.2ms (20.0ms/21.0ms)
[2025-11-08T14:37:22.052+0000][gc,phases     ] GC(436)   Pre Evacuate Collection Set: 0.0ms
[2025-11-08T14:37:22.053+0000][gc,phases     ] GC(436)   Evacuate Collection Set: 17.6ms
[2025-11-08T14:37:22.054+0000][gc,phases     ] GC(436)   Post Evacuate Collection Set: 2.4ms
[2025-11-08T14:37:22.055+0000][gc,phases     ] GC(436)   Other: 1.6ms
[2025-11-08T14:37:22.055+0000][gc,heap       ] GC(436) Eden regions: 35->0(35)
[2025-11-08T14:37:22.055+0000][gc,heap       ] GC(436) Survivor regions: 2->2(5)
[2025-11-08T14:37:22.056+0000][gc,heap       ] GC(436) Old regions: 70->70
[2025-11-08T14:37:22.056+0000][gc,heap       ] GC(436) Humongous regions: 147->147
[2025-11-08T14:37:22.056+0000][gc,metaspace  ] GC(436) Metaspace: 52251K(55472K)->52251K(55472K) NonClass: 46463K(48304K)->46463K(48304K) Class: 5787K(7168K)->5787K(7168K)
[2025-11-08T14:37:22.057+0000][gc            ] GC(436) Pause Young (Normal) (G1 Evacuation Pause) 253M->218M(667M) 26.230ms
[2025-11-08T14:37:22.057+0000][gc,cpu        ] GC(436) User=0.03s Sys=0.00s Real=0.03s
[2025-11-08T14:37:24.741+0000][gc,start      ] GC(437) Pause Young (Normal) (G1 Evacuation Pause)
[2025-11-08T14:37:24.742+0000][gc,task       ] GC(437) Using 2 workers of 2 for evacuation
[2025-11-08T14:37:24.758+0000][gc,phases     ] GC(437)   Pre Evacuate Collection Set: 0.0ms
[2025-11-08T14:37:24.758+0000][gc,phases     ] GC(437)   Evacuate Collection Set: 13.4ms
[2025-11-08T14:37:24.759+0000][gc,phases     ] GC(437)   Post Evacuate Collection Set: 1.4ms
[2025-11-08T14:37:24.759+0000][gc,phases     ] GC(437)   Other: 1.6ms
[2025-11-08T14:37:24.760+0000][gc,heap       ] GC(437) Eden regions: 31->0(34)
[2025-11-08T14:37:24.761+0000][gc,heap       ] GC(437) Survivor regions: 2->2(5)
[2025-11-08T14:37:24.761+0000][gc,heap       ] GC(437) Old regions: 70->70
[2025-11-08T14:37:24.762+0000][gc,heap       ] GC(437) Humongous regions: 147->147
[2025-11-08T14:37:24.762+0000][gc,metaspace  ] GC(437) Metaspace: 52251K(55472K)->52251K(55472K) NonClass: 46463K(48304K)->46463K(48304K) Class: 5787K(7168K)->5787K(7168K)
[2025-11-08T14:37:24.763+0000][gc            ] GC(437) Pause Young (Normal) (G1 Evacuation Pause) 249M->218M(667M) 21.444ms
[2025-11-08T14:37:24.764+0000][gc,cpu        ] GC(437) User=0.03s Sys=0.00s Real=0.02s
[2025-11-08T14:37:27.796+0000][gc,start      ] GC(438) Pause Young (Normal) (G1 Evacuation Pause)
[2025-11-08T14:37:27.796+0000][gc,task       ] GC(438) Using 2 workers of 2 for evacuation
[2025-11-08T14:37:27.807+0000][gc,phases     ] GC(438)   Pre Evacuate Collection Set: 0.0ms
[2025-11-08T14:37:27.807+0000][gc,phases     ] GC(438)   Evacuate Collection Set: 9.5ms
[2025-11-08T14:37:27.807+0000][gc,phases     ] GC(438)   Post Evacuate Collection Set: 0.9ms
[2025-11-08T14:37:27.808+0000][gc,phases     ] GC(438)   Other: 0.7ms
[2025-11-08T14:37:27.808+0000][gc,heap       ] GC(438) Eden regions: 34->0(36)
[2025-11-08T14:37:27.808+0000][gc,heap       ] GC(438) Survivor regions: 2->2(5)
[2025-11-08T14:37:27.809+0000][gc,heap       ] GC(438) Old regions: 70->70
[2025-11-08T14:37:27.809+0000][gc,heap       ] GC(438) Humongous regions: 147->147
[2025-11-08T14:37:27.809+0000][gc,metaspace  ] GC(438) Metaspace: 52251K(55472K)->52251K(55472K) NonClass: 46463K(48304K)->46463K(48304K) Class: 5787K(7168K)->5787K(7168K)
[2025-11-08T14:37:27.809+0000][gc            ] GC(438) Pause Young (Normal) (G1 Evacuation Pause) 252M->218M(667M) 13.562ms
[2025-11-08T14:37:27.810+0000][gc,cpu        ] GC(438) User=0.02s Sys=0.00s Real=0.01s
[2025-11-08T14:37:31.024+0000][gc,start      ] GC(439) Pause Young (Normal) (G1 Evacuation Pause)
[2025-11-08T14:37:31.025+0000][gc,task       ] GC(439) Using 2 workers of 2 for evacuation
[2025-11-08T14:37:31.040+0000][gc,phases     ] GC(439)   Pre Evacuate Collection Set: 0.0ms
[2025-11-08T14:37:31.041+0000][gc,phases     ] GC(439)   Evacuate Collection Set: 13.1ms
[2025-11-08T14:37:31.041+0000][gc,phases     ] GC(439)   Post Evacuate Collection Set: 1.8ms
[2025-11-08T14:37:31.042+0000][gc,phases     ] GC(439)   Other: 1.3ms
[2025-11-08T14:37:31.042+0000][gc,heap       ] GC(439) Eden regions: 36->0(36)
[2025-11-08T14:37:31.042+0000][gc,heap       ] GC(439) Survivor regions: 2->2(5)
[2025-11-08T14:37:31.043+0000][gc,heap       ] GC(439) Old regions: 70->70
[2025-11-08T14:37:31.043+0000][gc,heap       ] GC(439) Humongous regions: 147->147
[2025-11-08T14:37:31.043+0000][gc,metaspace  ] GC(439) Metaspace: 52251K(55472K)->52251K(55472K) NonClass: 46463K(48304K)->46463K(48304K) Class: 5787K(7168K)->5787K(7168K)
[2025-11-08T14:37:31.044+0000][gc            ] GC(439) Pause Young (Normal) (G1 Evacuation Pause) 254M->218M(667M) 20.080ms
[2025-11-08T14:37:31.045+0000][gc,cpu        ] GC(439) User=0.02s Sys=0.01s Real=0.02s
[2025-11-08T14:37:34.136+0000][gc,start      ] GC(440) Pause Young (Normal) (G1 Evacuation Pause)
[2025-11-08T14:37:34.137+0000][gc,task       ] GC(440) Using 2 workers of 2 for evacuation
[2025-11-08T14:37:34.149+0000][gc,phases     ] GC(440)   Pre Evacuate Collection Set: 0.0ms
[2025-11-08T14:37:34.149+0000][gc,phases     ] GC(440)   Evacuate Collection Set: 10.0ms
[2025-11-08T14:37:34.150+0000][gc,phases     ] GC(440)   Post Evacuate Collection Set: 0.9ms
[2025-11-08T14:37:34.150+0000][gc,phases     ] GC(440)   Other: 1.1ms
[2025-11-08T14:37:34.150+0000][gc,heap       ] GC(440) Eden regions: 35->0(38)
[2025-11-08T14:37:34.151+0000][gc,heap       ] GC(440) Survivor regions: 2->3(5)
[2025-11-08T14:37:34.151+0000][gc,heap       ] GC(440) Old regions: 70->70
[2025-11-08T14:37:34.151+0000][gc,heap       ] GC(440) Humongous regions: 147->147
[2025-11-08T14:37:34.151+0000][gc,metaspace  ] GC(440) Metaspace: 52251K(55472K)->52251K(55472K) NonClass: 46463K(48304K)->46463K(48304K) Class: 5787K(7168K)->5787K(7168K)
[2025-11-08T14:37:34.152+0000][gc            ] GC(440) Pause Young (Normal) (G1 Evacuation Pause) 253M->219M(667M) 15.222ms
[2025-11-08T14:37:34.152+0000][gc,cpu        ] GC(440) User=0.02s Sys=0.00s Real=0.02s
[2025-11-08T14:37:37.384+0000][gc,start      ] GC(441) Pause Young (Normal) (G1 Evacuation Pause)
[2025-11-08T14:37:37.385+0000][gc,task       ] GC(441) Using 2 workers of 2 for evacuation
[2025-11-08T14:37:37.396+0000][gc,phases     ] GC(441)   Pre Evacuate Collection Set: 0.0ms
[2025-11-08T14:37:37.396+0000][gc,phases     ] GC(441)   Evacuate Collection Set: 9.9ms
[2025-11-08T14:37:37.396+0000][gc,phases     ] GC(441)   Post Evacuate Collection Set: 0.9ms
[2025-11-08T14:37:37.396+0000][gc,phases     ] GC(441)   Other: 0.7ms
[2025-11-08T14:37:37.396+0000][gc,heap       ] GC(441) Eden regions: 38->0(39)
[2025-11-08T14:37:37.397+0000][gc,heap       ] GC(441) Survivor regions: 3->3(6)
[2025-11-08T14:37:37.397+0000][gc,heap       ] GC(441) Old regions: 70->71
[2025-11-08T14:37:37.397+0000][gc,heap       ] GC(441) Humongous regions: 147->147
[2025-11-08T14:37:37.397+0000][gc,metaspace  ] GC(441) Metaspace: 52251K(55472K)->52251K(55472K) NonClass: 46463K(48304K)->46463K(48304K) Class: 5787K(7168K)->5787K(7168K)
[2025-11-08T14:37:37.397+0000][gc            ] GC(441) Pause Young (Normal) (G1 Evacuation Pause) 257M->219M(667M) 13.099ms
[2025-11-08T14:37:37.398+0000][gc,cpu        ] GC(441) User=0.02s Sys=0.00s Real=0.01s
[2025-11-08T14:37:40.752+0000][gc,start      ] GC(442) Pause Young (Normal) (G1 Evacuation Pause)
[2025-11-08T14:37:40.752+0000][gc,task       ] GC(442) Using 2 workers of 2 for evacuation
[2025-11-08T14:37:40.771+0000][gc,phases     ] GC(442)   Pre Evacuate Collection Set: 0.0ms
[2025-11-08T14:37:40.772+0000][gc,phases     ] GC(442)   Evacuate Collection Set: 16.7ms
[2025-11-08T14:37:40.772+0000][gc,phases     ] GC(442)   Post Evacuate Collection Set: 1.8ms
[2025-11-08T14:37:40.772+0000][gc,phases     ] GC(442)   Other: 1.0ms
[2025-11-08T14:37:40.772+0000][gc,heap       ] GC(442) Eden regions: 39->0(38)
[2025-11-08T14:37:40.773+0000][gc,heap       ] GC(442) Survivor regions: 3->3(6)
[2025-11-08T14:37:40.774+0000][gc,heap       ] GC(442) Old regions: 71->71
[2025-11-08T14:37:40.774+0000][gc,heap       ] GC(442) Humongous regions: 147->147
[2025-11-08T14:37:40.775+0000][gc,metaspace  ] GC(442) Metaspace: 52251K(55472K)->52251K(55472K) NonClass: 46463K(48304K)->46463K(48304K) Class: 5787K(7168K)->5787K(7168K)
[2025-11-08T14:37:40.775+0000][gc            ] GC(442) Pause Young (Normal) (G1 Evacuation Pause) 258M->220M(667M) 23.233ms
[2025-11-08T14:37:40.775+0000][gc,cpu        ] GC(442) User=0.04s Sys=0.00s Real=0.02s
[2025-11-08T14:37:44.026+0000][gc,start      ] GC(443) Pause Young (Normal) (G1 Evacuation Pause)
[2025-11-08T14:37:44.027+0000][gc,task       ] GC(443) Using 2 workers of 2 for evacuation
[2025-11-08T14:37:44.040+0000][gc,phases     ] GC(443)   Pre Evacuate Collection Set: 0.0ms
[2025-11-08T14:37:44.040+0000][gc,phases     ] GC(443)   Evacuate Collection Set: 11.7ms
[2025-11-08T14:37:44.040+0000][gc,phases     ] GC(443)   Post Evacuate Collection Set: 1.0ms
[2025-11-08T14:37:44.041+0000][gc,phases     ] GC(443)   Other: 1.0ms
[2025-11-08T14:37:44.041+0000][gc,heap       ] GC(443) Eden regions: 38->0(39)
[2025-11-08T14:37:44.041+0000][gc,heap       ] GC(443) Survivor regions: 3->4(6)
[2025-11-08T14:37:44.042+0000][gc,heap       ] GC(443) Old regions: 71->71
[2025-11-08T14:37:44.042+0000][gc,heap       ] GC(443) Humongous regions: 147->147
[2025-11-08T14:37:44.042+0000][gc,metaspace  ] GC(443) Metaspace: 52251K(55472K)->52251K(55472K) NonClass: 46463K(48304K)->46463K(48304K) Class: 5787K(7168K)->5787K(7168K)
[2025-11-08T14:37:44.043+0000][gc            ] GC(443) Pause Young (Normal) (G1 Evacuation Pause) 258M->220M(667M) 16.517ms
[2025-11-08T14:37:44.043+0000][gc,cpu        ] GC(443) User=0.03s Sys=0.00s Real=0.01s
[2025-11-08T14:37:47.363+0000][gc,start      ] GC(444) Pause Young (Normal) (G1 Evacuation Pause)
[2025-11-08T14:37:47.363+0000][gc,task       ] GC(444) Using 2 workers of 2 for evacuation
[2025-11-08T14:37:47.373+0000][gc,phases     ] GC(444)   Pre Evacuate Collection Set: 0.0ms
[2025-11-08T14:37:47.374+0000][gc,phases     ] GC(444)   Evacuate Collection Set: 9.1ms
[2025-11-08T14:37:47.374+0000][gc,phases     ] GC(444)   Post Evacuate Collection Set: 0.9ms
[2025-11-08T14:37:47.374+0000][gc,phases     ] GC(444)   Other: 0.7ms
[2025-11-08T14:37:47.374+0000][gc,heap       ] GC(444) Eden regions: 39->0(42)
[2025-11-08T14:37:47.375+0000][gc,heap       ] GC(444) Survivor regions: 4->2(6)
[2025-11-08T14:37:47.375+0000][gc,heap       ] GC(444) Old regions: 71->71
[2025-11-08T14:37:47.375+0000][gc,heap       ] GC(444) Humongous regions: 147->147
[2025-11-08T14:37:47.376+0000][gc,metaspace  ] GC(444) Metaspace: 52257K(55472K)->52257K(55472K) NonClass: 46469K(48304K)->46469K(48304K) Class: 5787K(7168K)->5787K(7168K)
[2025-11-08T14:37:47.376+0000][gc            ] GC(444) Pause Young (Normal) (G1 Evacuation Pause) 259M->219M(667M) 13.088ms
[2025-11-08T14:37:47.376+0000][gc,cpu        ] GC(444) User=0.02s Sys=0.00s Real=0.02s
[2025-11-08T14:37:50.966+0000][gc,start      ] GC(445) Pause Young (Normal) (G1 Evacuation Pause)
[2025-11-08T14:37:50.966+0000][gc,task       ] GC(445) Using 2 workers of 2 for evacuation
[2025-11-08T14:37:50.976+0000][gc,phases     ] GC(445)   Pre Evacuate Collection Set: 0.0ms
[2025-11-08T14:37:50.976+0000][gc,phases     ] GC(445)   Evacuate Collection Set: 8.5ms
[2025-11-08T14:37:50.976+0000][gc,phases     ] GC(445)   Post Evacuate Collection Set: 0.8ms
[2025-11-08T14:37:50.977+0000][gc,phases     ] GC(445)   Other: 0.7ms
[2025-11-08T14:37:50.977+0000][gc,heap       ] GC(445) Eden regions: 42->0(44)
[2025-11-08T14:37:50.977+0000][gc,heap       ] GC(445) Survivor regions: 2->3(6)
[2025-11-08T14:37:50.977+0000][gc,heap       ] GC(445) Old regions: 71->71
[2025-11-08T14:37:50.977+0000][gc,heap       ] GC(445) Humongous regions: 147->147
[2025-11-08T14:37:50.978+0000][gc,metaspace  ] GC(445) Metaspace: 52257K(55472K)->52257K(55472K) NonClass: 46469K(48304K)->46469K(48304K) Class: 5787K(7168K)->5787K(7168K)
[2025-11-08T14:37:50.978+0000][gc            ] GC(445) Pause Young (Normal) (G1 Evacuation Pause) 261M->220M(667M) 11.730ms
[2025-11-08T14:37:50.978+0000][gc,cpu        ] GC(445) User=0.02s Sys=0.00s Real=0.01s
[2025-11-08T14:37:54.836+0000][gc,start      ] GC(446) Pause Young (Normal) (G1 Evacuation Pause)
[2025-11-08T14:37:54.836+0000][gc,task       ] GC(446) Using 2 workers of 2 for evacuation
[2025-11-08T14:37:54.849+0000][gc,phases     ] GC(446)   Pre Evacuate Collection Set: 0.0ms
[2025-11-08T14:37:54.850+0000][gc,phases     ] GC(446)   Evacuate Collection Set: 11.6ms
[2025-11-08T14:37:54.850+0000][gc,phases     ] GC(446)   Post Evacuate Collection Set: 1.0ms
[2025-11-08T14:37:54.850+0000][gc,phases     ] GC(446)   Other: 0.7ms
[2025-11-08T14:37:54.850+0000][gc,heap       ] GC(446) Eden regions: 44->0(45)
[2025-11-08T14:37:54.850+0000][gc,heap       ] GC(446) Survivor regions: 3->3(6)
[2025-11-08T14:37:54.851+0000][gc,heap       ] GC(446) Old regions: 71->71
[2025-11-08T14:37:54.851+0000][gc,heap       ] GC(446) Humongous regions: 147->147
[2025-11-08T14:37:54.851+0000][gc,metaspace  ] GC(446) Metaspace: 52257K(55472K)->52257K(55472K) NonClass: 46469K(48304K)->46469K(48304K) Class: 5787K(7168K)->5787K(7168K)
[2025-11-08T14:37:54.852+0000][gc            ] GC(446) Pause Young (Normal) (G1 Evacuation Pause) 264M->220M(667M) 15.558ms
[2025-11-08T14:37:54.852+0000][gc,cpu        ] GC(446) User=0.03s Sys=0.00s Real=0.01s
[2025-11-08T14:37:58.890+0000][gc,start      ] GC(447) Pause Young (Normal) (G1 Evacuation Pause)
[2025-11-08T14:37:58.890+0000][gc,task       ] GC(447) Using 2 workers of 2 for evacuation
[2025-11-08T14:37:58.905+0000][gc,phases     ] GC(447)   Pre Evacuate Collection Set: 0.0ms
[2025-11-08T14:37:58.905+0000][gc,phases     ] GC(447)   Evacuate Collection Set: 12.5ms
[2025-11-08T14:37:58.905+0000][gc,phases     ] GC(447)   Post Evacuate Collection Set: 1.1ms
[2025-11-08T14:37:58.906+0000][gc,phases     ] GC(447)   Other: 1.1ms
[2025-11-08T14:37:58.906+0000][gc,heap       ] GC(447) Eden regions: 45->0(45)
[2025-11-08T14:37:58.906+0000][gc,heap       ] GC(447) Survivor regions: 3->2(6)
[2025-11-08T14:37:58.907+0000][gc,heap       ] GC(447) Old regions: 71->71
[2025-11-08T14:37:58.907+0000][gc,heap       ] GC(447) Humongous regions: 147->147
[2025-11-08T14:37:58.907+0000][gc,metaspace  ] GC(447) Metaspace: 52257K(55472K)->52257K(55472K) NonClass: 46469K(48304K)->46469K(48304K) Class: 5787K(7168K)->5787K(7168K)
[2025-11-08T14:37:58.907+0000][gc            ] GC(447) Pause Young (Normal) (G1 Evacuation Pause) 265M->219M(667M) 17.381ms
[2025-11-08T14:37:58.908+0000][gc,cpu        ] GC(447) User=0.03s Sys=0.00s Real=0.02s
[2025-11-08T14:38:02.914+0000][gc,start      ] GC(448) Pause Young (Normal) (G1 Evacuation Pause)
[2025-11-08T14:38:02.914+0000][gc,task       ] GC(448) Using 2 workers of 2 for evacuation
[2025-11-08T14:38:02.926+0000][gc,phases     ] GC(448)   Pre Evacuate Collection Set: 0.0ms
[2025-11-08T14:38:02.927+0000][gc,phases     ] GC(448)   Evacuate Collection Set: 10.4ms
[2025-11-08T14:38:02.927+0000][gc,phases     ] GC(448)   Post Evacuate Collection Set: 1.1ms
[2025-11-08T14:38:02.927+0000][gc,phases     ] GC(448)   Other: 0.9ms
[2025-11-08T14:38:02.927+0000][gc,heap       ] GC(448) Eden regions: 45->0(46)
[2025-11-08T14:38:02.928+0000][gc,heap       ] GC(448) Survivor regions: 2->3(6)
[2025-11-08T14:38:02.928+0000][gc,heap       ] GC(448) Old regions: 71->71
[2025-11-08T14:38:02.928+0000][gc,heap       ] GC(448) Humongous regions: 147->147
[2025-11-08T14:38:02.928+0000][gc,metaspace  ] GC(448) Metaspace: 52257K(55472K)->52257K(55472K) NonClass: 46469K(48304K)->46469K(48304K) Class: 5787K(7168K)->5787K(7168K)
[2025-11-08T14:38:02.929+0000][gc            ] GC(448) Pause Young (Normal) (G1 Evacuation Pause) 264M->220M(667M) 14.983ms
[2025-11-08T14:38:02.929+0000][gc,cpu        ] GC(448) User=0.02s Sys=0.00s Real=0.02s
[2025-11-08T14:38:06.461+0000][gc,start      ] GC(449) Pause Young (Normal) (G1 Evacuation Pause)
[2025-11-08T14:38:06.465+0000][gc,task       ] GC(449) Using 2 workers of 2 for evacuation
[2025-11-08T14:38:06.482+0000][gc,phases     ] GC(449)   Pre Evacuate Collection Set: 0.0ms
[2025-11-08T14:38:06.482+0000][gc,phases     ] GC(449)   Evacuate Collection Set: 15.5ms
[2025-11-08T14:38:06.482+0000][gc,phases     ] GC(449)   Post Evacuate Collection Set: 1.0ms
[2025-11-08T14:38:06.482+0000][gc,phases     ] GC(449)   Other: 4.4ms
[2025-11-08T14:38:06.482+0000][gc,heap       ] GC(449) Eden regions: 41->0(46)
[2025-11-08T14:38:06.483+0000][gc,heap       ] GC(449) Survivor regions: 3->3(6)
[2025-11-08T14:38:06.483+0000][gc,heap       ] GC(449) Old regions: 71->71
[2025-11-08T14:38:06.483+0000][gc,heap       ] GC(449) Humongous regions: 147->147
[2025-11-08T14:38:06.484+0000][gc,metaspace  ] GC(449) Metaspace: 52257K(55472K)->52257K(55472K) NonClass: 46469K(48304K)->46469K(48304K) Class: 5787K(7168K)->5787K(7168K)
[2025-11-08T14:38:06.484+0000][gc            ] GC(449) Pause Young (Normal) (G1 Evacuation Pause) 261M->220M(667M) 23.110ms
[2025-11-08T14:38:06.484+0000][gc,cpu        ] GC(449) User=0.02s Sys=0.00s Real=0.02s
[2025-11-08T14:38:10.251+0000][gc,start      ] GC(450) Pause Young (Normal) (G1 Evacuation Pause)
[2025-11-08T14:38:10.252+0000][gc,task       ] GC(450) Using 2 workers of 2 for evacuation
[2025-11-08T14:38:10.263+0000][gc,phases     ] GC(450)   Pre Evacuate Collection Set: 0.0ms
[2025-11-08T14:38:10.263+0000][gc,phases     ] GC(450)   Evacuate Collection Set: 9.6ms
[2025-11-08T14:38:10.263+0000][gc,phases     ] GC(450)   Post Evacuate Collection Set: 0.8ms
[2025-11-08T14:38:10.263+0000][gc,phases     ] GC(450)   Other: 0.7ms
[2025-11-08T14:38:10.263+0000][gc,heap       ] GC(450) Eden regions: 42->0(48)
[2025-11-08T14:38:10.264+0000][gc,heap       ] GC(450) Survivor regions: 3->3(6)
[2025-11-08T14:38:10.264+0000][gc,heap       ] GC(450) Old regions: 71->72
[2025-11-08T14:38:10.264+0000][gc,heap       ] GC(450) Humongous regions: 147->147
[2025-11-08T14:38:10.264+0000][gc,metaspace  ] GC(450) Metaspace: 52257K(55472K)->52257K(55472K) NonClass: 46469K(48304K)->46469K(48304K) Class: 5787K(7168K)->5787K(7168K)
[2025-11-08T14:38:10.264+0000][gc            ] GC(450) Pause Young (Normal) (G1 Evacuation Pause) 262M->221M(667M) 12.993ms
[2025-11-08T14:38:10.265+0000][gc,cpu        ] GC(450) User=0.02s Sys=0.00s Real=0.01s
[2025-11-08T14:38:14.473+0000][gc,start      ] GC(451) Pause Young (Normal) (G1 Evacuation Pause)
[2025-11-08T14:38:14.474+0000][gc,task       ] GC(451) Using 2 workers of 2 for evacuation
[2025-11-08T14:38:14.485+0000][gc,phases     ] GC(451)   Pre Evacuate Collection Set: 0.0ms
[2025-11-08T14:38:14.485+0000][gc,phases     ] GC(451)   Evacuate Collection Set: 9.8ms
[2025-11-08T14:38:14.485+0000][gc,phases     ] GC(451)   Post Evacuate Collection Set: 0.7ms
[2025-11-08T14:38:14.485+0000][gc,phases     ] GC(451)   Other: 0.7ms
[2025-11-08T14:38:14.485+0000][gc,heap       ] GC(451) Eden regions: 48->0(50)
[2025-11-08T14:38:14.486+0000][gc,heap       ] GC(451) Survivor regions: 3->3(7)
[2025-11-08T14:38:14.486+0000][gc,heap       ] GC(451) Old regions: 72->72
[2025-11-08T14:38:14.486+0000][gc,heap       ] GC(451) Humongous regions: 147->147
[2025-11-08T14:38:14.486+0000][gc,metaspace  ] GC(451) Metaspace: 52257K(55472K)->52257K(55472K) NonClass: 46469K(48304K)->46469K(48304K) Class: 5787K(7168K)->5787K(7168K)
[2025-11-08T14:38:14.486+0000][gc            ] GC(451) Pause Young (Normal) (G1 Evacuation Pause) 269M->220M(667M) 13.127ms
[2025-11-08T14:38:14.487+0000][gc,cpu        ] GC(451) User=0.03s Sys=0.00s Real=0.02s
[2025-11-08T14:38:18.759+0000][gc,start      ] GC(452) Pause Young (Normal) (G1 Evacuation Pause)
[2025-11-08T14:38:18.760+0000][gc,task       ] GC(452) Using 2 workers of 2 for evacuation
[2025-11-08T14:38:18.771+0000][gc,phases     ] GC(452)   Pre Evacuate Collection Set: 0.0ms
[2025-11-08T14:38:18.772+0000][gc,phases     ] GC(452)   Evacuate Collection Set: 10.0ms
[2025-11-08T14:38:18.772+0000][gc,phases     ] GC(452)   Post Evacuate Collection Set: 1.3ms
[2025-11-08T14:38:18.774+0000][gc,phases     ] GC(452)   Other: 0.7ms
[2025-11-08T14:38:18.774+0000][gc,heap       ] GC(452) Eden regions: 50->0(53)
[2025-11-08T14:38:18.774+0000][gc,heap       ] GC(452) Survivor regions: 3->3(7)
[2025-11-08T14:38:18.774+0000][gc,heap       ] GC(452) Old regions: 72->72
[2025-11-08T14:38:18.775+0000][gc,heap       ] GC(452) Humongous regions: 147->147
[2025-11-08T14:38:18.775+0000][gc,metaspace  ] GC(452) Metaspace: 52257K(55472K)->52257K(55472K) NonClass: 46470K(48304K)->46470K(48304K) Class: 5787K(7168K)->5787K(7168K)
[2025-11-08T14:38:18.775+0000][gc            ] GC(452) Pause Young (Normal) (G1 Evacuation Pause) 270M->220M(667M) 15.822ms
[2025-11-08T14:38:18.775+0000][gc,cpu        ] GC(452) User=0.02s Sys=0.00s Real=0.01s
[2025-11-08T14:38:23.401+0000][gc,start      ] GC(453) Pause Young (Normal) (G1 Evacuation Pause)
[2025-11-08T14:38:23.402+0000][gc,task       ] GC(453) Using 2 workers of 2 for evacuation
[2025-11-08T14:38:23.413+0000][gc,phases     ] GC(453)   Pre Evacuate Collection Set: 0.0ms
[2025-11-08T14:38:23.413+0000][gc,phases     ] GC(453)   Evacuate Collection Set: 10.0ms
[2025-11-08T14:38:23.413+0000][gc,phases     ] GC(453)   Post Evacuate Collection Set: 0.7ms
[2025-11-08T14:38:23.414+0000][gc,phases     ] GC(453)   Other: 0.7ms
[2025-11-08T14:38:23.414+0000][gc,heap       ] GC(453) Eden regions: 53->0(55)
[2025-11-08T14:38:23.414+0000][gc,heap       ] GC(453) Survivor regions: 3->3(7)
[2025-11-08T14:38:23.414+0000][gc,heap       ] GC(453) Old regions: 72->72
[2025-11-08T14:38:23.415+0000][gc,heap       ] GC(453) Humongous regions: 147->147
[2025-11-08T14:38:23.415+0000][gc,metaspace  ] GC(453) Metaspace: 52257K(55472K)->52257K(55472K) NonClass: 46470K(48304K)->46470K(48304K) Class: 5787K(7168K)->5787K(7168K)
[2025-11-08T14:38:23.415+0000][gc            ] GC(453) Pause Young (Normal) (G1 Evacuation Pause) 273M->221M(667M) 13.578ms
[2025-11-08T14:38:23.415+0000][gc,cpu        ] GC(453) User=0.02s Sys=0.00s Real=0.01s
[2025-11-08T14:38:28.114+0000][gc,start      ] GC(454) Pause Young (Normal) (G1 Evacuation Pause)
[2025-11-08T14:38:28.115+0000][gc,task       ] GC(454) Using 2 workers of 2 for evacuation
[2025-11-08T14:38:28.132+0000][gc,phases     ] GC(454)   Pre Evacuate Collection Set: 0.0ms
[2025-11-08T14:38:28.132+0000][gc,phases     ] GC(454)   Evacuate Collection Set: 15.4ms
[2025-11-08T14:38:28.133+0000][gc,phases     ] GC(454)   Post Evacuate Collection Set: 1.3ms
[2025-11-08T14:38:28.133+0000][gc,phases     ] GC(454)   Other: 1.2ms
[2025-11-08T14:38:28.133+0000][gc,heap       ] GC(454) Eden regions: 55->0(55)
[2025-11-08T14:38:28.134+0000][gc,heap       ] GC(454) Survivor regions: 3->4(8)
[2025-11-08T14:38:28.134+0000][gc,heap       ] GC(454) Old regions: 72->72
[2025-11-08T14:38:28.135+0000][gc,heap       ] GC(454) Humongous regions: 147->147
[2025-11-08T14:38:28.135+0000][gc,metaspace  ] GC(454) Metaspace: 52257K(55472K)->52257K(55472K) NonClass: 46470K(48304K)->46470K(48304K) Class: 5787K(7168K)->5787K(7168K)
[2025-11-08T14:38:28.135+0000][gc            ] GC(454) Pause Young (Normal) (G1 Evacuation Pause) 276M->221M(667M) 21.329ms
[2025-11-08T14:38:28.136+0000][gc,cpu        ] GC(454) User=0.03s Sys=0.00s Real=0.03s
[2025-11-08T14:38:32.372+0000][gc,start      ] GC(455) Pause Young (Normal) (G1 Evacuation Pause)
[2025-11-08T14:38:32.372+0000][gc,task       ] GC(455) Using 2 workers of 2 for evacuation
[2025-11-08T14:38:32.384+0000][gc,phases     ] GC(455)   Pre Evacuate Collection Set: 0.0ms
[2025-11-08T14:38:32.384+0000][gc,phases     ] GC(455)   Evacuate Collection Set: 10.9ms
[2025-11-08T14:38:32.385+0000][gc,phases     ] GC(455)   Post Evacuate Collection Set: 0.8ms
[2025-11-08T14:38:32.385+0000][gc,phases     ] GC(455)   Other: 0.7ms
[2025-11-08T14:38:32.385+0000][gc,heap       ] GC(455) Eden regions: 50->0(57)
[2025-11-08T14:38:32.385+0000][gc,heap       ] GC(455) Survivor regions: 4->4(7)
[2025-11-08T14:38:32.386+0000][gc,heap       ] GC(455) Old regions: 72->72
[2025-11-08T14:38:32.386+0000][gc,heap       ] GC(455) Humongous regions: 147->147
[2025-11-08T14:38:32.386+0000][gc,metaspace  ] GC(455) Metaspace: 52257K(55472K)->52257K(55472K) NonClass: 46470K(48304K)->46470K(48304K) Class: 5787K(7168K)->5787K(7168K)
[2025-11-08T14:38:32.386+0000][gc            ] GC(455) Pause Young (Normal) (G1 Evacuation Pause) 271M->222M(667M) 14.613ms
[2025-11-08T14:38:32.387+0000][gc,cpu        ] GC(455) User=0.02s Sys=0.00s Real=0.02s
[2025-11-08T14:38:36.875+0000][gc,start      ] GC(456) Pause Young (Normal) (G1 Evacuation Pause)
[2025-11-08T14:38:36.875+0000][gc,task       ] GC(456) Using 2 workers of 2 for evacuation
[2025-11-08T14:38:36.888+0000][gc,phases     ] GC(456)   Pre Evacuate Collection Set: 0.0ms
[2025-11-08T14:38:36.889+0000][gc,phases     ] GC(456)   Evacuate Collection Set: 11.4ms
[2025-11-08T14:38:36.889+0000][gc,phases     ] GC(456)   Post Evacuate Collection Set: 0.9ms
[2025-11-08T14:38:36.889+0000][gc,phases     ] GC(456)   Other: 1.0ms
[2025-11-08T14:38:36.889+0000][gc,heap       ] GC(456) Eden regions: 52->0(59)
[2025-11-08T14:38:36.890+0000][gc,heap       ] GC(456) Survivor regions: 4->4(7)
[2025-11-08T14:38:36.890+0000][gc,heap       ] GC(456) Old regions: 72->72
[2025-11-08T14:38:36.890+0000][gc,heap       ] GC(456) Humongous regions: 147->147
[2025-11-08T14:38:36.891+0000][gc,metaspace  ] GC(456) Metaspace: 52257K(55472K)->52257K(55472K) NonClass: 46470K(48304K)->46470K(48304K) Class: 5787K(7168K)->5787K(7168K)
[2025-11-08T14:38:36.891+0000][gc            ] GC(456) Pause Young (Normal) (G1 Evacuation Pause) 274M->222M(667M) 15.699ms
[2025-11-08T14:38:36.891+0000][gc,cpu        ] GC(456) User=0.02s Sys=0.00s Real=0.02s
[2025-11-08T14:38:41.382+0000][gc,start      ] GC(457) Pause Young (Normal) (G1 Evacuation Pause)
[2025-11-08T14:38:41.382+0000][gc,task       ] GC(457) Using 2 workers of 2 for evacuation
[2025-11-08T14:38:41.394+0000][gc,phases     ] GC(457)   Pre Evacuate Collection Set: 0.0ms
[2025-11-08T14:38:41.394+0000][gc,phases     ] GC(457)   Evacuate Collection Set: 10.6ms
[2025-11-08T14:38:41.395+0000][gc,phases     ] GC(457)   Post Evacuate Collection Set: 0.9ms
[2025-11-08T14:38:41.395+0000][gc,phases     ] GC(457)   Other: 0.8ms
[2025-11-08T14:38:41.395+0000][gc,heap       ] GC(457) Eden regions: 53->0(62)
[2025-11-08T14:38:41.395+0000][gc,heap       ] GC(457) Survivor regions: 4->4(8)
[2025-11-08T14:38:41.395+0000][gc,heap       ] GC(457) Old regions: 72->72
[2025-11-08T14:38:41.396+0000][gc,heap       ] GC(457) Humongous regions: 147->147
[2025-11-08T14:38:41.396+0000][gc,metaspace  ] GC(457) Metaspace: 52257K(55472K)->52257K(55472K) NonClass: 46470K(48304K)->46470K(48304K) Class: 5787K(7168K)->5787K(7168K)
[2025-11-08T14:38:41.396+0000][gc            ] GC(457) Pause Young (Normal) (G1 Evacuation Pause) 275M->222M(667M) 14.194ms
[2025-11-08T14:38:41.396+0000][gc,cpu        ] GC(457) User=0.02s Sys=0.00s Real=0.02s
[2025-11-08T14:38:46.686+0000][gc,start      ] GC(458) Pause Young (Normal) (G1 Evacuation Pause)
[2025-11-08T14:38:46.686+0000][gc,task       ] GC(458) Using 2 workers of 2 for evacuation
[2025-11-08T14:38:46.697+0000][gc,phases     ] GC(458)   Pre Evacuate Collection Set: 0.0ms
[2025-11-08T14:38:46.698+0000][gc,phases     ] GC(458)   Evacuate Collection Set: 9.8ms
[2025-11-08T14:38:46.698+0000][gc,phases     ] GC(458)   Post Evacuate Collection Set: 0.8ms
[2025-11-08T14:38:46.698+0000][gc,phases     ] GC(458)   Other: 0.9ms
[2025-11-08T14:38:46.698+0000][gc,heap       ] GC(458) Eden regions: 62->0(67)
[2025-11-08T14:38:46.699+0000][gc,heap       ] GC(458) Survivor regions: 4->4(9)
[2025-11-08T14:38:46.699+0000][gc,heap       ] GC(458) Old regions: 72->72
[2025-11-08T14:38:46.699+0000][gc,heap       ] GC(458) Humongous regions: 147->147
[2025-11-08T14:38:46.699+0000][gc,metaspace  ] GC(458) Metaspace: 52257K(55472K)->52257K(55472K) NonClass: 46470K(48304K)->46470K(48304K) Class: 5787K(7168K)->5787K(7168K)
[2025-11-08T14:38:46.700+0000][gc            ] GC(458) Pause Young (Normal) (G1 Evacuation Pause) 284M->222M(667M) 13.905ms
[2025-11-08T14:38:46.700+0000][gc,cpu        ] GC(458) User=0.02s Sys=0.00s Real=0.02s
[2025-11-08T14:38:52.358+0000][gc,start      ] GC(459) Pause Young (Normal) (G1 Evacuation Pause)
[2025-11-08T14:38:52.358+0000][gc,task       ] GC(459) Using 2 workers of 2 for evacuation
[2025-11-08T14:38:52.369+0000][gc,phases     ] GC(459)   Pre Evacuate Collection Set: 0.0ms
[2025-11-08T14:38:52.369+0000][gc,phases     ] GC(459)   Evacuate Collection Set: 9.8ms
[2025-11-08T14:38:52.369+0000][gc,phases     ] GC(459)   Post Evacuate Collection Set: 0.7ms
[2025-11-08T14:38:52.370+0000][gc,phases     ] GC(459)   Other: 0.7ms
[2025-11-08T14:38:52.370+0000][gc,heap       ] GC(459) Eden regions: 67->0(73)
[2025-11-08T14:38:52.370+0000][gc,heap       ] GC(459) Survivor regions: 4->4(9)
[2025-11-08T14:38:52.370+0000][gc,heap       ] GC(459) Old regions: 72->72
[2025-11-08T14:38:52.371+0000][gc,heap       ] GC(459) Humongous regions: 147->147
[2025-11-08T14:38:52.371+0000][gc,metaspace  ] GC(459) Metaspace: 52257K(55472K)->52257K(55472K) NonClass: 46470K(48304K)->46470K(48304K) Class: 5787K(7168K)->5787K(7168K)
[2025-11-08T14:38:52.371+0000][gc            ] GC(459) Pause Young (Normal) (G1 Evacuation Pause) 289M->222M(667M) 13.284ms
[2025-11-08T14:38:52.371+0000][gc,cpu        ] GC(459) User=0.03s Sys=0.00s Real=0.01s
[2025-11-08T14:38:57.781+0000][gc,start      ] GC(460) Pause Young (Normal) (G1 Evacuation Pause)
[2025-11-08T14:38:57.781+0000][gc,task       ] GC(460) Using 2 workers of 2 for evacuation
[2025-11-08T14:38:57.792+0000][gc,phases     ] GC(460)   Pre Evacuate Collection Set: 0.0ms
[2025-11-08T14:38:57.792+0000][gc,phases     ] GC(460)   Evacuate Collection Set: 9.2ms
[2025-11-08T14:38:57.792+0000][gc,phases     ] GC(460)   Post Evacuate Collection Set: 0.8ms
[2025-11-08T14:38:57.792+0000][gc,phases     ] GC(460)   Other: 0.7ms
[2025-11-08T14:38:57.793+0000][gc,heap       ] GC(460) Eden regions: 65->0(78)
[2025-11-08T14:38:57.793+0000][gc,heap       ] GC(460) Survivor regions: 4->3(9)
[2025-11-08T14:38:57.793+0000][gc,heap       ] GC(460) Old regions: 72->73
[2025-11-08T14:38:57.793+0000][gc,heap       ] GC(460) Humongous regions: 147->147
[2025-11-08T14:38:57.793+0000][gc,metaspace  ] GC(460) Metaspace: 52257K(55472K)->52257K(55472K) NonClass: 46470K(48304K)->46470K(48304K) Class: 5787K(7168K)->5787K(7168K)
[2025-11-08T14:38:57.794+0000][gc            ] GC(460) Pause Young (Normal) (G1 Evacuation Pause) 287M->221M(667M) 12.405ms
[2025-11-08T14:38:57.794+0000][gc,cpu        ] GC(460) User=0.02s Sys=0.00s Real=0.01s
[2025-11-08T14:39:04.482+0000][gc,start      ] GC(461) Pause Young (Normal) (G1 Evacuation Pause)
[2025-11-08T14:39:04.482+0000][gc,task       ] GC(461) Using 2 workers of 2 for evacuation
[2025-11-08T14:39:04.500+0000][gc,phases     ] GC(461)   Pre Evacuate Collection Set: 0.0ms
[2025-11-08T14:39:04.500+0000][gc,phases     ] GC(461)   Evacuate Collection Set: 16.1ms
[2025-11-08T14:39:04.500+0000][gc,phases     ] GC(461)   Post Evacuate Collection Set: 1.2ms
[2025-11-08T14:39:04.501+0000][gc,phases     ] GC(461)   Other: 1.3ms
[2025-11-08T14:39:04.501+0000][gc,heap       ] GC(461) Eden regions: 78->0(73)
[2025-11-08T14:39:04.501+0000][gc,heap       ] GC(461) Survivor regions: 3->4(11)
[2025-11-08T14:39:04.501+0000][gc,heap       ] GC(461) Old regions: 73->73
[2025-11-08T14:39:04.502+0000][gc,heap       ] GC(461) Humongous regions: 147->147
[2025-11-08T14:39:04.502+0000][gc,metaspace  ] GC(461) Metaspace: 52257K(55472K)->52257K(55472K) NonClass: 46470K(48304K)->46470K(48304K) Class: 5787K(7168K)->5787K(7168K)
[2025-11-08T14:39:04.502+0000][gc            ] GC(461) Pause Young (Normal) (G1 Evacuation Pause) 299M->223M(667M) 20.607ms
[2025-11-08T14:39:04.502+0000][gc,cpu        ] GC(461) User=0.04s Sys=0.00s Real=0.02s
[2025-11-08T14:39:09.872+0000][gc,start      ] GC(462) Pause Young (Normal) (G1 Evacuation Pause)
[2025-11-08T14:39:09.872+0000][gc,task       ] GC(462) Using 2 workers of 2 for evacuation
[2025-11-08T14:39:09.893+0000][gc,mmu        ] GC(462) MMU target violated: 20.3ms (20.0ms/21.0ms)
[2025-11-08T14:39:09.893+0000][gc,phases     ] GC(462)   Pre Evacuate Collection Set: 0.0ms
[2025-11-08T14:39:09.894+0000][gc,phases     ] GC(462)   Evacuate Collection Set: 18.7ms
[2025-11-08T14:39:09.894+0000][gc,phases     ] GC(462)   Post Evacuate Collection Set: 1.3ms
[2025-11-08T14:39:09.896+0000][gc,phases     ] GC(462)   Other: 1.4ms
[2025-11-08T14:39:09.897+0000][gc,heap       ] GC(462) Eden regions: 60->0(63)
[2025-11-08T14:39:09.897+0000][gc,heap       ] GC(462) Survivor regions: 4->4(8)
[2025-11-08T14:39:09.898+0000][gc,heap       ] GC(462) Old regions: 73->73
[2025-11-08T14:39:09.899+0000][gc,heap       ] GC(462) Humongous regions: 147->147
[2025-11-08T14:39:09.900+0000][gc,metaspace  ] GC(462) Metaspace: 52257K(55472K)->52257K(55472K) NonClass: 46470K(48304K)->46470K(48304K) Class: 5787K(7168K)->5787K(7168K)
[2025-11-08T14:39:09.900+0000][gc            ] GC(462) Pause Young (Normal) (G1 Evacuation Pause) 283M->222M(667M) 28.149ms
[2025-11-08T14:39:09.901+0000][gc,cpu        ] GC(462) User=0.04s Sys=0.00s Real=0.03s
[2025-11-08T14:39:13.475+0000][gc,start      ] GC(463) Pause Young (Normal) (G1 Evacuation Pause)
[2025-11-08T14:39:13.475+0000][gc,task       ] GC(463) Using 2 workers of 2 for evacuation
[2025-11-08T14:39:13.490+0000][gc,phases     ] GC(463)   Pre Evacuate Collection Set: 0.0ms
[2025-11-08T14:39:13.492+0000][gc,phases     ] GC(463)   Evacuate Collection Set: 12.9ms
[2025-11-08T14:39:13.492+0000][gc,phases     ] GC(463)   Post Evacuate Collection Set: 1.6ms
[2025-11-08T14:39:13.492+0000][gc,phases     ] GC(463)   Other: 0.8ms
[2025-11-08T14:39:13.493+0000][gc,heap       ] GC(463) Eden regions: 41->0(63)
[2025-11-08T14:39:13.493+0000][gc,heap       ] GC(463) Survivor regions: 4->5(6)
[2025-11-08T14:39:13.494+0000][gc,heap       ] GC(463) Old regions: 73->73
[2025-11-08T14:39:13.494+0000][gc,heap       ] GC(463) Humongous regions: 147->147
[2025-11-08T14:39:13.494+0000][gc,metaspace  ] GC(463) Metaspace: 52257K(55472K)->52257K(55472K) NonClass: 46470K(48304K)->46470K(48304K) Class: 5787K(7168K)->5787K(7168K)
[2025-11-08T14:39:13.495+0000][gc            ] GC(463) Pause Young (Normal) (G1 Evacuation Pause) 263M->223M(667M) 19.507ms
[2025-11-08T14:39:13.495+0000][gc,cpu        ] GC(463) User=0.02s Sys=0.00s Real=0.02s
[2025-11-08T14:39:17.395+0000][gc,start      ] GC(464) Pause Young (Normal) (G1 Evacuation Pause)
[2025-11-08T14:39:17.396+0000][gc,task       ] GC(464) Using 2 workers of 2 for evacuation
[2025-11-08T14:39:17.408+0000][gc,phases     ] GC(464)   Pre Evacuate Collection Set: 0.0ms
[2025-11-08T14:39:17.409+0000][gc,phases     ] GC(464)   Evacuate Collection Set: 11.2ms
[2025-11-08T14:39:17.409+0000][gc,phases     ] GC(464)   Post Evacuate Collection Set: 0.8ms
[2025-11-08T14:39:17.409+0000][gc,phases     ] GC(464)   Other: 1.5ms
[2025-11-08T14:39:17.409+0000][gc,heap       ] GC(464) Eden regions: 44->0(67)
[2025-11-08T14:39:17.409+0000][gc,heap       ] GC(464) Survivor regions: 5->3(7)
[2025-11-08T14:39:17.410+0000][gc,heap       ] GC(464) Old regions: 73->73
[2025-11-08T14:39:17.410+0000][gc,heap       ] GC(464) Humongous regions: 147->147
[2025-11-08T14:39:17.410+0000][gc,metaspace  ] GC(464) Metaspace: 52257K(55472K)->52257K(55472K) NonClass: 46470K(48304K)->46470K(48304K) Class: 5787K(7168K)->5787K(7168K)
[2025-11-08T14:39:17.410+0000][gc            ] GC(464) Pause Young (Normal) (G1 Evacuation Pause) 267M->222M(667M) 15.248ms
[2025-11-08T14:39:17.410+0000][gc,cpu        ] GC(464) User=0.03s Sys=0.00s Real=0.01s
[2025-11-08T14:39:23.351+0000][gc,start      ] GC(465) Pause Young (Normal) (G1 Evacuation Pause)
[2025-11-08T14:39:23.351+0000][gc,task       ] GC(465) Using 2 workers of 2 for evacuation
[2025-11-08T14:39:23.364+0000][gc,phases     ] GC(465)   Pre Evacuate Collection Set: 0.0ms
[2025-11-08T14:39:23.365+0000][gc,phases     ] GC(465)   Evacuate Collection Set: 11.3ms
[2025-11-08T14:39:23.365+0000][gc,phases     ] GC(465)   Post Evacuate Collection Set: 1.0ms
[2025-11-08T14:39:23.365+0000][gc,phases     ] GC(465)   Other: 0.8ms
[2025-11-08T14:39:23.365+0000][gc,heap       ] GC(465) Eden regions: 67->0(69)
[2025-11-08T14:39:23.366+0000][gc,heap       ] GC(465) Survivor regions: 3->3(9)
[2025-11-08T14:39:23.366+0000][gc,heap       ] GC(465) Old regions: 73->73
[2025-11-08T14:39:23.366+0000][gc,heap       ] GC(465) Humongous regions: 147->147
[2025-11-08T14:39:23.366+0000][gc,metaspace  ] GC(465) Metaspace: 52257K(55472K)->52257K(55472K) NonClass: 46470K(48304K)->46470K(48304K) Class: 5787K(7168K)->5787K(7168K)
[2025-11-08T14:39:23.366+0000][gc            ] GC(465) Pause Young (Normal) (G1 Evacuation Pause) 289M->222M(667M) 15.140ms
[2025-11-08T14:39:23.367+0000][gc,cpu        ] GC(465) User=0.02s Sys=0.00s Real=0.02s
[2025-11-08T14:39:28.346+0000][gc,start      ] GC(466) Pause Young (Normal) (G1 Evacuation Pause)
[2025-11-08T14:39:28.346+0000][gc,task       ] GC(466) Using 2 workers of 2 for evacuation
[2025-11-08T14:39:28.366+0000][gc,phases     ] GC(466)   Pre Evacuate Collection Set: 0.0ms
[2025-11-08T14:39:28.366+0000][gc,phases     ] GC(466)   Evacuate Collection Set: 17.0ms
[2025-11-08T14:39:28.366+0000][gc,phases     ] GC(466)   Post Evacuate Collection Set: 1.4ms
[2025-11-08T14:39:28.367+0000][gc,phases     ] GC(466)   Other: 1.6ms
[2025-11-08T14:39:28.367+0000][gc,heap       ] GC(466) Eden regions: 59->0(61)
[2025-11-08T14:39:28.367+0000][gc,heap       ] GC(466) Survivor regions: 3->4(8)
[2025-11-08T14:39:28.368+0000][gc,heap       ] GC(466) Old regions: 73->73
[2025-11-08T14:39:28.368+0000][gc,heap       ] GC(466) Humongous regions: 147->147
[2025-11-08T14:39:28.369+0000][gc,metaspace  ] GC(466) Metaspace: 52257K(55472K)->52257K(55472K) NonClass: 46470K(48304K)->46470K(48304K) Class: 5787K(7168K)->5787K(7168K)
[2025-11-08T14:39:28.369+0000][gc            ] GC(466) Pause Young (Normal) (G1 Evacuation Pause) 281M->223M(667M) 23.622ms
[2025-11-08T14:39:28.369+0000][gc,cpu        ] GC(466) User=0.03s Sys=0.00s Real=0.02s
[2025-11-08T14:39:31.565+0000][gc,start      ] GC(467) Pause Young (Normal) (G1 Evacuation Pause)
[2025-11-08T14:39:31.565+0000][gc,task       ] GC(467) Using 2 workers of 2 for evacuation
[2025-11-08T14:39:31.576+0000][gc,phases     ] GC(467)   Pre Evacuate Collection Set: 0.0ms
[2025-11-08T14:39:31.577+0000][gc,phases     ] GC(467)   Evacuate Collection Set: 9.9ms
[2025-11-08T14:39:31.577+0000][gc,phases     ] GC(467)   Post Evacuate Collection Set: 1.0ms
[2025-11-08T14:39:31.577+0000][gc,phases     ] GC(467)   Other: 0.7ms
[2025-11-08T14:39:31.577+0000][gc,heap       ] GC(467) Eden regions: 37->0(48)
[2025-11-08T14:39:31.578+0000][gc,heap       ] GC(467) Survivor regions: 4->2(6)
[2025-11-08T14:39:31.578+0000][gc,heap       ] GC(467) Old regions: 73->74
[2025-11-08T14:39:31.578+0000][gc,heap       ] GC(467) Humongous regions: 147->147
[2025-11-08T14:39:31.578+0000][gc,metaspace  ] GC(467) Metaspace: 52257K(55472K)->52257K(55472K) NonClass: 46470K(48304K)->46470K(48304K) Class: 5787K(7168K)->5787K(7168K)
[2025-11-08T14:39:31.579+0000][gc            ] GC(467) Pause Young (Normal) (G1 Evacuation Pause) 260M->222M(667M) 13.868ms
[2025-11-08T14:39:31.579+0000][gc,cpu        ] GC(467) User=0.02s Sys=0.00s Real=0.01s
[2025-11-08T14:39:35.681+0000][gc,start      ] GC(468) Pause Young (Normal) (G1 Evacuation Pause)
[2025-11-08T14:39:35.681+0000][gc,task       ] GC(468) Using 2 workers of 2 for evacuation
[2025-11-08T14:39:35.692+0000][gc,phases     ] GC(468)   Pre Evacuate Collection Set: 0.0ms
[2025-11-08T14:39:35.692+0000][gc,phases     ] GC(468)   Evacuate Collection Set: 10.2ms
[2025-11-08T14:39:35.693+0000][gc,phases     ] GC(468)   Post Evacuate Collection Set: 0.7ms
[2025-11-08T14:39:35.693+0000][gc,phases     ] GC(468)   Other: 0.7ms
[2025-11-08T14:39:35.693+0000][gc,heap       ] GC(468) Eden regions: 48->0(51)
[2025-11-08T14:39:35.693+0000][gc,heap       ] GC(468) Survivor regions: 2->4(7)
[2025-11-08T14:39:35.693+0000][gc,heap       ] GC(468) Old regions: 74->74
[2025-11-08T14:39:35.694+0000][gc,heap       ] GC(468) Humongous regions: 147->147
[2025-11-08T14:39:35.694+0000][gc,metaspace  ] GC(468) Metaspace: 52257K(55472K)->52257K(55472K) NonClass: 46470K(48304K)->46470K(48304K) Class: 5787K(7168K)->5787K(7168K)
[2025-11-08T14:39:35.694+0000][gc            ] GC(468) Pause Young (Normal) (G1 Evacuation Pause) 270M->224M(667M) 13.248ms
[2025-11-08T14:39:35.694+0000][gc,cpu        ] GC(468) User=0.03s Sys=0.00s Real=0.02s
[2025-11-08T14:39:39.973+0000][gc,start      ] GC(469) Pause Young (Normal) (G1 Evacuation Pause)
[2025-11-08T14:39:39.973+0000][gc,task       ] GC(469) Using 2 workers of 2 for evacuation
[2025-11-08T14:39:39.985+0000][gc,phases     ] GC(469)   Pre Evacuate Collection Set: 0.0ms
[2025-11-08T14:39:39.985+0000][gc,phases     ] GC(469)   Evacuate Collection Set: 10.8ms
[2025-11-08T14:39:39.986+0000][gc,phases     ] GC(469)   Post Evacuate Collection Set: 0.9ms
[2025-11-08T14:39:39.986+0000][gc,phases     ] GC(469)   Other: 0.7ms
[2025-11-08T14:39:39.986+0000][gc,heap       ] GC(469) Eden regions: 51->0(54)
[2025-11-08T14:39:39.986+0000][gc,heap       ] GC(469) Survivor regions: 4->4(7)
[2025-11-08T14:39:39.986+0000][gc,heap       ] GC(469) Old regions: 74->74
[2025-11-08T14:39:39.987+0000][gc,heap       ] GC(469) Humongous regions: 147->147
[2025-11-08T14:39:39.987+0000][gc,metaspace  ] GC(469) Metaspace: 52257K(55472K)->52257K(55472K) NonClass: 46470K(48304K)->46470K(48304K) Class: 5787K(7168K)->5787K(7168K)
[2025-11-08T14:39:39.987+0000][gc            ] GC(469) Pause Young (Normal) (G1 Evacuation Pause) 275M->224M(667M) 14.605ms
[2025-11-08T14:39:39.988+0000][gc,cpu        ] GC(469) User=0.03s Sys=0.00s Real=0.01s
[2025-11-08T14:39:44.461+0000][gc,start      ] GC(470) Pause Young (Normal) (G1 Evacuation Pause)
[2025-11-08T14:39:44.461+0000][gc,task       ] GC(470) Using 2 workers of 2 for evacuation
[2025-11-08T14:39:44.470+0000][gc,phases     ] GC(470)   Pre Evacuate Collection Set: 0.0ms
[2025-11-08T14:39:44.471+0000][gc,phases     ] GC(470)   Evacuate Collection Set: 8.1ms
[2025-11-08T14:39:44.471+0000][gc,phases     ] GC(470)   Post Evacuate Collection Set: 0.7ms
[2025-11-08T14:39:44.471+0000][gc,phases     ] GC(470)   Other: 0.7ms
[2025-11-08T14:39:44.471+0000][gc,heap       ] GC(470) Eden regions: 54->0(60)
[2025-11-08T14:39:44.471+0000][gc,heap       ] GC(470) Survivor regions: 4->2(8)
[2025-11-08T14:39:44.471+0000][gc,heap       ] GC(470) Old regions: 74->74
[2025-11-08T14:39:44.472+0000][gc,heap       ] GC(470) Humongous regions: 147->147
[2025-11-08T14:39:44.472+0000][gc,metaspace  ] GC(470) Metaspace: 52257K(55472K)->52257K(55472K) NonClass: 46470K(48304K)->46470K(48304K) Class: 5787K(7168K)->5787K(7168K)
[2025-11-08T14:39:44.472+0000][gc            ] GC(470) Pause Young (Normal) (G1 Evacuation Pause) 278M->222M(667M) 10.815ms
[2025-11-08T14:39:44.472+0000][gc,cpu        ] GC(470) User=0.02s Sys=0.00s Real=0.01s
[2025-11-08T14:39:49.470+0000][gc,start      ] GC(471) Pause Young (Normal) (G1 Evacuation Pause)
[2025-11-08T14:39:49.471+0000][gc,task       ] GC(471) Using 2 workers of 2 for evacuation
[2025-11-08T14:39:49.482+0000][gc,phases     ] GC(471)   Pre Evacuate Collection Set: 0.0ms
[2025-11-08T14:39:49.482+0000][gc,phases     ] GC(471)   Evacuate Collection Set: 9.7ms
[2025-11-08T14:39:49.482+0000][gc,phases     ] GC(471)   Post Evacuate Collection Set: 0.8ms
[2025-11-08T14:39:49.482+0000][gc,phases     ] GC(471)   Other: 0.8ms
[2025-11-08T14:39:49.483+0000][gc,heap       ] GC(471) Eden regions: 60->0(63)
[2025-11-08T14:39:49.483+0000][gc,heap       ] GC(471) Survivor regions: 2->4(8)
[2025-11-08T14:39:49.483+0000][gc,heap       ] GC(471) Old regions: 74->74
[2025-11-08T14:39:49.483+0000][gc,heap       ] GC(471) Humongous regions: 147->147
[2025-11-08T14:39:49.483+0000][gc,metaspace  ] GC(471) Metaspace: 52257K(55472K)->52257K(55472K) NonClass: 46470K(48304K)->46470K(48304K) Class: 5787K(7168K)->5787K(7168K)
[2025-11-08T14:39:49.484+0000][gc            ] GC(471) Pause Young (Normal) (G1 Evacuation Pause) 282M->224M(667M) 13.092ms
[2025-11-08T14:39:49.484+0000][gc,cpu        ] GC(471) User=0.02s Sys=0.00s Real=0.02s
[2025-11-08T14:39:54.267+0000][gc,start      ] GC(472) Pause Young (Normal) (G1 Evacuation Pause)
[2025-11-08T14:39:54.268+0000][gc,task       ] GC(472) Using 2 workers of 2 for evacuation
[2025-11-08T14:39:54.277+0000][gc,phases     ] GC(472)   Pre Evacuate Collection Set: 0.0ms
[2025-11-08T14:39:54.277+0000][gc,phases     ] GC(472)   Evacuate Collection Set: 8.0ms
[2025-11-08T14:39:54.277+0000][gc,phases     ] GC(472)   Post Evacuate Collection Set: 0.7ms
[2025-11-08T14:39:54.277+0000][gc,phases     ] GC(472)   Other: 0.7ms
[2025-11-08T14:39:54.278+0000][gc,heap       ] GC(472) Eden regions: 57->0(68)
[2025-11-08T14:39:54.278+0000][gc,heap       ] GC(472) Survivor regions: 4->2(8)
[2025-11-08T14:39:54.278+0000][gc,heap       ] GC(472) Old regions: 74->74
[2025-11-08T14:39:54.278+0000][gc,heap       ] GC(472) Humongous regions: 147->147
[2025-11-08T14:39:54.278+0000][gc,metaspace  ] GC(472) Metaspace: 52257K(55472K)->52257K(55472K) NonClass: 46470K(48304K)->46470K(48304K) Class: 5787K(7168K)->5787K(7168K)
[2025-11-08T14:39:54.279+0000][gc            ] GC(472) Pause Young (Normal) (G1 Evacuation Pause) 281M->222M(667M) 11.447ms
[2025-11-08T14:39:54.279+0000][gc,cpu        ] GC(472) User=0.01s Sys=0.00s Real=0.01s
[2025-11-08T14:39:59.992+0000][gc,start      ] GC(473) Pause Young (Normal) (G1 Evacuation Pause)
[2025-11-08T14:39:59.993+0000][gc,task       ] GC(473) Using 2 workers of 2 for evacuation
[2025-11-08T14:40:00.003+0000][gc,phases     ] GC(473)   Pre Evacuate Collection Set: 0.0ms
[2025-11-08T14:40:00.003+0000][gc,phases     ] GC(473)   Evacuate Collection Set: 9.2ms
[2025-11-08T14:40:00.003+0000][gc,phases     ] GC(473)   Post Evacuate Collection Set: 0.8ms
[2025-11-08T14:40:00.004+0000][gc,phases     ] GC(473)   Other: 0.7ms
[2025-11-08T14:40:00.004+0000][gc,heap       ] GC(473) Eden regions: 68->0(70)
[2025-11-08T14:40:00.004+0000][gc,heap       ] GC(473) Survivor regions: 2->3(9)
[2025-11-08T14:40:00.004+0000][gc,heap       ] GC(473) Old regions: 74->74
[2025-11-08T14:40:00.004+0000][gc,heap       ] GC(473) Humongous regions: 147->147
[2025-11-08T14:40:00.004+0000][gc,metaspace  ] GC(473) Metaspace: 52257K(55472K)->52257K(55472K) NonClass: 46470K(48304K)->46470K(48304K) Class: 5787K(7168K)->5787K(7168K)
[2025-11-08T14:40:00.005+0000][gc            ] GC(473) Pause Young (Normal) (G1 Evacuation Pause) 290M->223M(667M) 12.297ms
[2025-11-08T14:40:00.005+0000][gc,cpu        ] GC(473) User=0.02s Sys=0.00s Real=0.02s
[2025-11-08T14:40:05.681+0000][gc,start      ] GC(474) Pause Young (Normal) (G1 Evacuation Pause)
[2025-11-08T14:40:05.682+0000][gc,task       ] GC(474) Using 2 workers of 2 for evacuation
[2025-11-08T14:40:05.694+0000][gc,phases     ] GC(474)   Pre Evacuate Collection Set: 0.0ms
[2025-11-08T14:40:05.694+0000][gc,phases     ] GC(474)   Evacuate Collection Set: 10.5ms
[2025-11-08T14:40:05.694+0000][gc,phases     ] GC(474)   Post Evacuate Collection Set: 1.1ms
[2025-11-08T14:40:05.695+0000][gc,phases     ] GC(474)   Other: 0.9ms
[2025-11-08T14:40:05.695+0000][gc,heap       ] GC(474) Eden regions: 66->0(73)
[2025-11-08T14:40:05.695+0000][gc,heap       ] GC(474) Survivor regions: 3->5(9)
[2025-11-08T14:40:05.695+0000][gc,heap       ] GC(474) Old regions: 74->74
[2025-11-08T14:40:05.695+0000][gc,heap       ] GC(474) Humongous regions: 147->147
[2025-11-08T14:40:05.695+0000][gc,metaspace  ] GC(474) Metaspace: 52257K(55472K)->52257K(55472K) NonClass: 46470K(48304K)->46470K(48304K) Class: 5787K(7168K)->5787K(7168K)
[2025-11-08T14:40:05.696+0000][gc            ] GC(474) Pause Young (Normal) (G1 Evacuation Pause) 289M->225M(667M) 14.404ms
[2025-11-08T14:40:05.696+0000][gc,cpu        ] GC(474) User=0.02s Sys=0.00s Real=0.02s
[2025-11-08T14:40:11.784+0000][gc,start      ] GC(475) Pause Young (Normal) (G1 Evacuation Pause)
[2025-11-08T14:40:11.785+0000][gc,task       ] GC(475) Using 2 workers of 2 for evacuation
[2025-11-08T14:40:11.800+0000][gc,phases     ] GC(475)   Pre Evacuate Collection Set: 0.0ms
[2025-11-08T14:40:11.801+0000][gc,phases     ] GC(475)   Evacuate Collection Set: 13.8ms
[2025-11-08T14:40:11.801+0000][gc,phases     ] GC(475)   Post Evacuate Collection Set: 1.3ms
[2025-11-08T14:40:11.801+0000][gc,phases     ] GC(475)   Other: 0.8ms
[2025-11-08T14:40:11.801+0000][gc,heap       ] GC(475) Eden regions: 68->0(73)
[2025-11-08T14:40:11.802+0000][gc,heap       ] GC(475) Survivor regions: 5->5(10)
[2025-11-08T14:40:11.802+0000][gc,heap       ] GC(475) Old regions: 74->75
[2025-11-08T14:40:11.802+0000][gc,heap       ] GC(475) Humongous regions: 147->147
[2025-11-08T14:40:11.802+0000][gc,metaspace  ] GC(475) Metaspace: 52257K(55472K)->52257K(55472K) NonClass: 46470K(48304K)->46470K(48304K) Class: 5787K(7168K)->5787K(7168K)
[2025-11-08T14:40:11.802+0000][gc            ] GC(475) Pause Young (Normal) (G1 Evacuation Pause) 293M->225M(667M) 18.051ms
[2025-11-08T14:40:11.803+0000][gc,cpu        ] GC(475) User=0.03s Sys=0.00s Real=0.02s
[2025-11-08T14:40:17.599+0000][gc,start      ] GC(476) Pause Young (Normal) (G1 Evacuation Pause)
[2025-11-08T14:40:17.599+0000][gc,task       ] GC(476) Using 2 workers of 2 for evacuation
[2025-11-08T14:40:17.612+0000][gc,phases     ] GC(476)   Pre Evacuate Collection Set: 0.0ms
[2025-11-08T14:40:17.612+0000][gc,phases     ] GC(476)   Evacuate Collection Set: 11.9ms
[2025-11-08T14:40:17.613+0000][gc,phases     ] GC(476)   Post Evacuate Collection Set: 0.9ms
[2025-11-08T14:40:17.613+0000][gc,phases     ] GC(476)   Other: 0.7ms
[2025-11-08T14:40:17.613+0000][gc,heap       ] GC(476) Eden regions: 66->0(75)
[2025-11-08T14:40:17.613+0000][gc,heap       ] GC(476) Survivor regions: 5->4(9)
[2025-11-08T14:40:17.613+0000][gc,heap       ] GC(476) Old regions: 75->75
[2025-11-08T14:40:17.614+0000][gc,heap       ] GC(476) Humongous regions: 147->147
[2025-11-08T14:40:17.614+0000][gc,metaspace  ] GC(476) Metaspace: 52257K(55472K)->52257K(55472K) NonClass: 46470K(48304K)->46470K(48304K) Class: 5787K(7168K)->5787K(7168K)
[2025-11-08T14:40:17.614+0000][gc            ] GC(476) Pause Young (Normal) (G1 Evacuation Pause) 291M->225M(667M) 15.346ms
[2025-11-08T14:40:17.614+0000][gc,cpu        ] GC(476) User=0.02s Sys=0.00s Real=0.01s
[2025-11-08T14:40:23.287+0000][gc,start      ] GC(477) Pause Young (Normal) (G1 Evacuation Pause)
[2025-11-08T14:40:23.287+0000][gc,task       ] GC(477) Using 2 workers of 2 for evacuation
[2025-11-08T14:40:23.300+0000][gc,phases     ] GC(477)   Pre Evacuate Collection Set: 0.0ms
[2025-11-08T14:40:23.300+0000][gc,phases     ] GC(477)   Evacuate Collection Set: 11.6ms
[2025-11-08T14:40:23.300+0000][gc,phases     ] GC(477)   Post Evacuate Collection Set: 0.9ms
[2025-11-08T14:40:23.301+0000][gc,phases     ] GC(477)   Other: 0.7ms
[2025-11-08T14:40:23.301+0000][gc,heap       ] GC(477) Eden regions: 65->0(71)
[2025-11-08T14:40:23.301+0000][gc,heap       ] GC(477) Survivor regions: 4->4(9)
[2025-11-08T14:40:23.301+0000][gc,heap       ] GC(477) Old regions: 75->75
[2025-11-08T14:40:23.301+0000][gc,heap       ] GC(477) Humongous regions: 147->147
[2025-11-08T14:40:23.302+0000][gc,metaspace  ] GC(477) Metaspace: 52257K(55472K)->52257K(55472K) NonClass: 46470K(48304K)->46470K(48304K) Class: 5787K(7168K)->5787K(7168K)
[2025-11-08T14:40:23.302+0000][gc            ] GC(477) Pause Young (Normal) (G1 Evacuation Pause) 290M->225M(667M) 15.030ms
[2025-11-08T14:40:23.302+0000][gc,cpu        ] GC(477) User=0.03s Sys=0.00s Real=0.01s
[2025-11-08T14:40:28.925+0000][gc,start      ] GC(478) Pause Young (Normal) (G1 Evacuation Pause)
[2025-11-08T14:40:28.926+0000][gc,task       ] GC(478) Using 2 workers of 2 for evacuation
[2025-11-08T14:40:28.939+0000][gc,phases     ] GC(478)   Pre Evacuate Collection Set: 0.0ms
[2025-11-08T14:40:28.939+0000][gc,phases     ] GC(478)   Evacuate Collection Set: 11.7ms
[2025-11-08T14:40:28.939+0000][gc,phases     ] GC(478)   Post Evacuate Collection Set: 1.0ms
[2025-11-08T14:40:28.939+0000][gc,phases     ] GC(478)   Other: 0.7ms
[2025-11-08T14:40:28.940+0000][gc,heap       ] GC(478) Eden regions: 66->0(72)
[2025-11-08T14:40:28.940+0000][gc,heap       ] GC(478) Survivor regions: 4->4(9)
[2025-11-08T14:40:28.940+0000][gc,heap       ] GC(478) Old regions: 75->75
[2025-11-08T14:40:28.940+0000][gc,heap       ] GC(478) Humongous regions: 147->147
[2025-11-08T14:40:28.941+0000][gc,metaspace  ] GC(478) Metaspace: 52257K(55472K)->52257K(55472K) NonClass: 46470K(48304K)->46470K(48304K) Class: 5787K(7168K)->5787K(7168K)
[2025-11-08T14:40:28.941+0000][gc            ] GC(478) Pause Young (Normal) (G1 Evacuation Pause) 291M->225M(667M) 15.379ms
[2025-11-08T14:40:28.941+0000][gc,cpu        ] GC(478) User=0.03s Sys=0.00s Real=0.02s
[2025-11-08T14:40:34.766+0000][gc,start      ] GC(479) Pause Young (Normal) (G1 Evacuation Pause)
[2025-11-08T14:40:34.766+0000][gc,task       ] GC(479) Using 2 workers of 2 for evacuation
[2025-11-08T14:40:34.780+0000][gc,phases     ] GC(479)   Pre Evacuate Collection Set: 0.0ms
[2025-11-08T14:40:34.781+0000][gc,phases     ] GC(479)   Evacuate Collection Set: 12.8ms
[2025-11-08T14:40:34.781+0000][gc,phases     ] GC(479)   Post Evacuate Collection Set: 0.9ms
[2025-11-08T14:40:34.781+0000][gc,phases     ] GC(479)   Other: 0.7ms
[2025-11-08T14:40:34.782+0000][gc,heap       ] GC(479) Eden regions: 67->0(72)
[2025-11-08T14:40:34.782+0000][gc,heap       ] GC(479) Survivor regions: 4->4(9)
[2025-11-08T14:40:34.782+0000][gc,heap       ] GC(479) Old regions: 75->75
[2025-11-08T14:40:34.783+0000][gc,heap       ] GC(479) Humongous regions: 147->147
[2025-11-08T14:40:34.783+0000][gc,metaspace  ] GC(479) Metaspace: 52257K(55472K)->52257K(55472K) NonClass: 46470K(48304K)->46470K(48304K) Class: 5787K(7168K)->5787K(7168K)
[2025-11-08T14:40:34.783+0000][gc            ] GC(479) Pause Young (Normal) (G1 Evacuation Pause) 292M->225M(667M) 17.548ms
[2025-11-08T14:40:34.784+0000][gc,cpu        ] GC(479) User=0.02s Sys=0.00s Real=0.01s
[2025-11-08T14:40:40.454+0000][gc,start      ] GC(480) Pause Young (Normal) (G1 Evacuation Pause)
[2025-11-08T14:40:40.455+0000][gc,task       ] GC(480) Using 2 workers of 2 for evacuation
[2025-11-08T14:40:40.468+0000][gc,phases     ] GC(480)   Pre Evacuate Collection Set: 0.0ms
[2025-11-08T14:40:40.469+0000][gc,phases     ] GC(480)   Evacuate Collection Set: 12.2ms
[2025-11-08T14:40:40.469+0000][gc,phases     ] GC(480)   Post Evacuate Collection Set: 0.8ms
[2025-11-08T14:40:40.469+0000][gc,phases     ] GC(480)   Other: 1.1ms
[2025-11-08T14:40:40.470+0000][gc,heap       ] GC(480) Eden regions: 67->0(73)
[2025-11-08T14:40:40.470+0000][gc,heap       ] GC(480) Survivor regions: 4->4(9)
[2025-11-08T14:40:40.470+0000][gc,heap       ] GC(480) Old regions: 75->75
[2025-11-08T14:40:40.470+0000][gc,heap       ] GC(480) Humongous regions: 147->147
[2025-11-08T14:40:40.470+0000][gc,metaspace  ] GC(480) Metaspace: 52258K(55472K)->52258K(55472K) NonClass: 46470K(48304K)->46470K(48304K) Class: 5787K(7168K)->5787K(7168K)
[2025-11-08T14:40:40.471+0000][gc            ] GC(480) Pause Young (Normal) (G1 Evacuation Pause) 292M->225M(667M) 16.440ms
[2025-11-08T14:40:40.471+0000][gc,cpu        ] GC(480) User=0.02s Sys=0.00s Real=0.01s
[2025-11-08T14:40:46.207+0000][gc,start      ] GC(481) Pause Young (Normal) (G1 Evacuation Pause)
[2025-11-08T14:40:46.207+0000][gc,task       ] GC(481) Using 2 workers of 2 for evacuation
[2025-11-08T14:40:46.220+0000][gc,phases     ] GC(481)   Pre Evacuate Collection Set: 0.0ms
[2025-11-08T14:40:46.221+0000][gc,phases     ] GC(481)   Evacuate Collection Set: 11.6ms
[2025-11-08T14:40:46.221+0000][gc,phases     ] GC(481)   Post Evacuate Collection Set: 0.9ms
[2025-11-08T14:40:46.221+0000][gc,phases     ] GC(481)   Other: 0.7ms
[2025-11-08T14:40:46.221+0000][gc,heap       ] GC(481) Eden regions: 68->0(75)
[2025-11-08T14:40:46.222+0000][gc,heap       ] GC(481) Survivor regions: 4->4(9)
[2025-11-08T14:40:46.222+0000][gc,heap       ] GC(481) Old regions: 75->75
[2025-11-08T14:40:46.222+0000][gc,heap       ] GC(481) Humongous regions: 147->147
[2025-11-08T14:40:46.222+0000][gc,metaspace  ] GC(481) Metaspace: 52258K(55472K)->52258K(55472K) NonClass: 46470K(48304K)->46470K(48304K) Class: 5787K(7168K)->5787K(7168K)
[2025-11-08T14:40:46.222+0000][gc            ] GC(481) Pause Young (Normal) (G1 Evacuation Pause) 293M->225M(667M) 15.218ms
[2025-11-08T14:40:46.223+0000][gc,cpu        ] GC(481) User=0.03s Sys=0.00s Real=0.01s
[2025-11-08T14:40:52.115+0000][gc,start      ] GC(482) Pause Young (Normal) (G1 Evacuation Pause)
[2025-11-08T14:40:52.115+0000][gc,task       ] GC(482) Using 2 workers of 2 for evacuation
[2025-11-08T14:40:52.128+0000][gc,phases     ] GC(482)   Pre Evacuate Collection Set: 0.0ms
[2025-11-08T14:40:52.128+0000][gc,phases     ] GC(482)   Evacuate Collection Set: 11.4ms
[2025-11-08T14:40:52.128+0000][gc,phases     ] GC(482)   Post Evacuate Collection Set: 0.9ms
[2025-11-08T14:40:52.128+0000][gc,phases     ] GC(482)   Other: 0.6ms
[2025-11-08T14:40:52.129+0000][gc,heap       ] GC(482) Eden regions: 69->0(77)
[2025-11-08T14:40:52.129+0000][gc,heap       ] GC(482) Survivor regions: 4->4(10)
[2025-11-08T14:40:52.129+0000][gc,heap       ] GC(482) Old regions: 75->76
[2025-11-08T14:40:52.129+0000][gc,heap       ] GC(482) Humongous regions: 147->147
[2025-11-08T14:40:52.129+0000][gc,metaspace  ] GC(482) Metaspace: 52258K(55472K)->52258K(55472K) NonClass: 46470K(48304K)->46470K(48304K) Class: 5787K(7168K)->5787K(7168K)
[2025-11-08T14:40:52.130+0000][gc            ] GC(482) Pause Young (Normal) (G1 Evacuation Pause) 294M->225M(667M) 14.980ms
[2025-11-08T14:40:52.130+0000][gc,cpu        ] GC(482) User=0.02s Sys=0.00s Real=0.01s
[2025-11-08T14:40:58.818+0000][gc,start      ] GC(483) Pause Young (Normal) (G1 Evacuation Pause)
[2025-11-08T14:40:58.818+0000][gc,task       ] GC(483) Using 2 workers of 2 for evacuation
[2025-11-08T14:40:58.835+0000][gc,phases     ] GC(483)   Pre Evacuate Collection Set: 0.0ms
[2025-11-08T14:40:58.835+0000][gc,phases     ] GC(483)   Evacuate Collection Set: 14.8ms
[2025-11-08T14:40:58.836+0000][gc,phases     ] GC(483)   Post Evacuate Collection Set: 1.3ms
[2025-11-08T14:40:58.836+0000][gc,phases     ] GC(483)   Other: 0.9ms
[2025-11-08T14:40:58.837+0000][gc,heap       ] GC(483) Eden regions: 77->0(75)
[2025-11-08T14:40:58.837+0000][gc,heap       ] GC(483) Survivor regions: 4->3(11)
[2025-11-08T14:40:58.838+0000][gc,heap       ] GC(483) Old regions: 76->76
[2025-11-08T14:40:58.838+0000][gc,heap       ] GC(483) Humongous regions: 147->147
[2025-11-08T14:40:58.838+0000][gc,metaspace  ] GC(483) Metaspace: 52258K(55472K)->52258K(55472K) NonClass: 46470K(48304K)->46470K(48304K) Class: 5787K(7168K)->5787K(7168K)
[2025-11-08T14:40:58.839+0000][gc            ] GC(483) Pause Young (Normal) (G1 Evacuation Pause) 302M->225M(667M) 20.635ms
[2025-11-08T14:40:58.839+0000][gc,cpu        ] GC(483) User=0.04s Sys=0.00s Real=0.02s
[2025-11-08T14:41:04.506+0000][gc,start      ] GC(484) Pause Young (Normal) (G1 Evacuation Pause)
[2025-11-08T14:41:04.506+0000][gc,task       ] GC(484) Using 2 workers of 2 for evacuation
[2025-11-08T14:41:04.519+0000][gc,phases     ] GC(484)   Pre Evacuate Collection Set: 0.0ms
[2025-11-08T14:41:04.519+0000][gc,phases     ] GC(484)   Evacuate Collection Set: 11.3ms
[2025-11-08T14:41:04.519+0000][gc,phases     ] GC(484)   Post Evacuate Collection Set: 0.8ms
[2025-11-08T14:41:04.520+0000][gc,phases     ] GC(484)   Other: 0.6ms
[2025-11-08T14:41:04.520+0000][gc,heap       ] GC(484) Eden regions: 66->0(72)
[2025-11-08T14:41:04.521+0000][gc,heap       ] GC(484) Survivor regions: 3->3(9)
[2025-11-08T14:41:04.521+0000][gc,heap       ] GC(484) Old regions: 76->76
[2025-11-08T14:41:04.521+0000][gc,heap       ] GC(484) Humongous regions: 147->147
[2025-11-08T14:41:04.522+0000][gc,metaspace  ] GC(484) Metaspace: 52258K(55472K)->52258K(55472K) NonClass: 46470K(48304K)->46470K(48304K) Class: 5787K(7168K)->5787K(7168K)
[2025-11-08T14:41:04.522+0000][gc            ] GC(484) Pause Young (Normal) (G1 Evacuation Pause) 291M->225M(667M) 15.693ms
[2025-11-08T14:41:04.522+0000][gc,cpu        ] GC(484) User=0.02s Sys=0.00s Real=0.01s
[2025-11-08T14:41:10.929+0000][gc,start      ] GC(485) Pause Young (Normal) (G1 Evacuation Pause)
[2025-11-08T14:41:10.930+0000][gc,task       ] GC(485) Using 2 workers of 2 for evacuation
[2025-11-08T14:41:10.954+0000][gc,mmu        ] GC(485) MMU target violated: 21.0ms (20.0ms/21.0ms)
[2025-11-08T14:41:10.955+0000][gc,phases     ] GC(485)   Pre Evacuate Collection Set: 0.0ms
[2025-11-08T14:41:10.956+0000][gc,phases     ] GC(485)   Evacuate Collection Set: 18.5ms
[2025-11-08T14:41:10.956+0000][gc,phases     ] GC(485)   Post Evacuate Collection Set: 4.3ms
[2025-11-08T14:41:10.956+0000][gc,phases     ] GC(485)   Other: 3.3ms
[2025-11-08T14:41:10.957+0000][gc,heap       ] GC(485) Eden regions: 72->0(70)
[2025-11-08T14:41:10.957+0000][gc,heap       ] GC(485) Survivor regions: 3->4(10)
[2025-11-08T14:41:10.957+0000][gc,heap       ] GC(485) Old regions: 76->76
[2025-11-08T14:41:10.958+0000][gc,heap       ] GC(485) Humongous regions: 147->147
[2025-11-08T14:41:10.958+0000][gc,metaspace  ] GC(485) Metaspace: 52258K(55472K)->52258K(55472K) NonClass: 46470K(48304K)->46470K(48304K) Class: 5787K(7168K)->5787K(7168K)
[2025-11-08T14:41:10.958+0000][gc            ] GC(485) Pause Young (Normal) (G1 Evacuation Pause) 297M->226M(667M) 29.211ms
[2025-11-08T14:41:10.959+0000][gc,cpu        ] GC(485) User=0.04s Sys=0.00s Real=0.03s
[2025-11-08T14:41:15.759+0000][gc,start      ] GC(486) Pause Young (Normal) (G1 Evacuation Pause)
[2025-11-08T14:41:15.759+0000][gc,task       ] GC(486) Using 2 workers of 2 for evacuation
[2025-11-08T14:41:15.787+0000][gc,mmu        ] GC(486) MMU target violated: 21.0ms (20.0ms/21.0ms)
[2025-11-08T14:41:15.788+0000][gc,phases     ] GC(486)   Pre Evacuate Collection Set: 0.0ms
[2025-11-08T14:41:15.788+0000][gc,phases     ] GC(486)   Evacuate Collection Set: 23.9ms
[2025-11-08T14:41:15.790+0000][gc,phases     ] GC(486)   Post Evacuate Collection Set: 1.7ms
[2025-11-08T14:41:15.790+0000][gc,phases     ] GC(486)   Other: 3.4ms
[2025-11-08T14:41:15.790+0000][gc,heap       ] GC(486) Eden regions: 52->0(52)
[2025-11-08T14:41:15.791+0000][gc,heap       ] GC(486) Survivor regions: 4->4(7)
[2025-11-08T14:41:15.791+0000][gc,heap       ] GC(486) Old regions: 76->76
[2025-11-08T14:41:15.793+0000][gc,heap       ] GC(486) Humongous regions: 147->147
[2025-11-08T14:41:15.808+0000][gc,metaspace  ] GC(486) Metaspace: 52258K(55472K)->52258K(55472K) NonClass: 46470K(48304K)->46470K(48304K) Class: 5787K(7168K)->5787K(7168K)
[2025-11-08T14:41:15.809+0000][gc            ] GC(486) Pause Young (Normal) (G1 Evacuation Pause) 278M->226M(667M) 49.812ms
[2025-11-08T14:41:15.809+0000][gc,cpu        ] GC(486) User=0.06s Sys=0.00s Real=0.05s
[2025-11-08T14:41:18.591+0000][gc,start      ] GC(487) Pause Young (Normal) (G1 Evacuation Pause)
[2025-11-08T14:41:18.593+0000][gc,task       ] GC(487) Using 2 workers of 2 for evacuation
[2025-11-08T14:41:18.617+0000][gc,mmu        ] GC(487) MMU target violated: 21.0ms (20.0ms/21.0ms)
[2025-11-08T14:41:18.617+0000][gc,phases     ] GC(487)   Pre Evacuate Collection Set: 0.1ms
[2025-11-08T14:41:18.618+0000][gc,phases     ] GC(487)   Evacuate Collection Set: 20.5ms
[2025-11-08T14:41:18.619+0000][gc,phases     ] GC(487)   Post Evacuate Collection Set: 1.6ms
[2025-11-08T14:41:18.620+0000][gc,phases     ] GC(487)   Other: 4.0ms
[2025-11-08T14:41:18.620+0000][gc,heap       ] GC(487) Eden regions: 29->0(31)
[2025-11-08T14:41:18.620+0000][gc,heap       ] GC(487) Survivor regions: 4->2(5)
[2025-11-08T14:41:18.621+0000][gc,heap       ] GC(487) Old regions: 76->77
[2025-11-08T14:41:18.621+0000][gc,heap       ] GC(487) Humongous regions: 147->147
[2025-11-08T14:41:18.621+0000][gc,metaspace  ] GC(487) Metaspace: 52258K(55472K)->52258K(55472K) NonClass: 46470K(48304K)->46470K(48304K) Class: 5787K(7168K)->5787K(7168K)
[2025-11-08T14:41:18.622+0000][gc            ] GC(487) Pause Young (Normal) (G1 Evacuation Pause) 255M->225M(667M) 30.161ms
[2025-11-08T14:41:18.622+0000][gc,cpu        ] GC(487) User=0.05s Sys=0.00s Real=0.03s
[2025-11-08T14:41:21.472+0000][gc,start      ] GC(488) Pause Young (Normal) (G1 Evacuation Pause)
[2025-11-08T14:41:21.472+0000][gc,task       ] GC(488) Using 2 workers of 2 for evacuation
[2025-11-08T14:41:21.486+0000][gc,phases     ] GC(488)   Pre Evacuate Collection Set: 0.0ms
[2025-11-08T14:41:21.486+0000][gc,phases     ] GC(488)   Evacuate Collection Set: 12.8ms
[2025-11-08T14:41:21.486+0000][gc,phases     ] GC(488)   Post Evacuate Collection Set: 0.9ms
[2025-11-08T14:41:21.486+0000][gc,phases     ] GC(488)   Other: 0.7ms
[2025-11-08T14:41:21.487+0000][gc,heap       ] GC(488) Eden regions: 31->0(30)
[2025-11-08T14:41:21.487+0000][gc,heap       ] GC(488) Survivor regions: 2->4(5)
[2025-11-08T14:41:21.487+0000][gc,heap       ] GC(488) Old regions: 77->77
[2025-11-08T14:41:21.487+0000][gc,heap       ] GC(488) Humongous regions: 147->147
[2025-11-08T14:41:21.487+0000][gc,metaspace  ] GC(488) Metaspace: 52258K(55472K)->52258K(55472K) NonClass: 46470K(48304K)->46470K(48304K) Class: 5787K(7168K)->5787K(7168K)
[2025-11-08T14:41:21.487+0000][gc            ] GC(488) Pause Young (Normal) (G1 Evacuation Pause) 256M->227M(667M) 15.807ms
[2025-11-08T14:41:21.488+0000][gc,cpu        ] GC(488) User=0.02s Sys=0.00s Real=0.02s
[2025-11-08T14:41:23.983+0000][gc,start      ] GC(489) Pause Young (Normal) (G1 Evacuation Pause)
[2025-11-08T14:41:23.983+0000][gc,task       ] GC(489) Using 2 workers of 2 for evacuation
[2025-11-08T14:41:23.996+0000][gc,phases     ] GC(489)   Pre Evacuate Collection Set: 0.0ms
[2025-11-08T14:41:23.996+0000][gc,phases     ] GC(489)   Evacuate Collection Set: 11.3ms
[2025-11-08T14:41:23.997+0000][gc,phases     ] GC(489)   Post Evacuate Collection Set: 0.9ms
[2025-11-08T14:41:23.997+0000][gc,phases     ] GC(489)   Other: 0.9ms
[2025-11-08T14:41:23.997+0000][gc,heap       ] GC(489) Eden regions: 30->0(33)
[2025-11-08T14:41:23.998+0000][gc,heap       ] GC(489) Survivor regions: 4->3(5)
[2025-11-08T14:41:23.998+0000][gc,heap       ] GC(489) Old regions: 77->78
[2025-11-08T14:41:23.998+0000][gc,heap       ] GC(489) Humongous regions: 147->147
[2025-11-08T14:41:23.999+0000][gc,metaspace  ] GC(489) Metaspace: 52258K(55472K)->52258K(55472K) NonClass: 46470K(48304K)->46470K(48304K) Class: 5787K(7168K)->5787K(7168K)
[2025-11-08T14:41:23.999+0000][gc            ] GC(489) Pause Young (Normal) (G1 Evacuation Pause) 257M->227M(667M) 15.729ms
[2025-11-08T14:41:23.999+0000][gc,cpu        ] GC(489) User=0.03s Sys=0.00s Real=0.02s
[2025-11-08T14:41:27.272+0000][gc,start      ] GC(490) Pause Young (Normal) (G1 Evacuation Pause)
[2025-11-08T14:41:27.273+0000][gc,task       ] GC(490) Using 2 workers of 2 for evacuation
[2025-11-08T14:41:27.292+0000][gc,phases     ] GC(490)   Pre Evacuate Collection Set: 0.0ms
[2025-11-08T14:41:27.293+0000][gc,phases     ] GC(490)   Evacuate Collection Set: 16.8ms
[2025-11-08T14:41:27.293+0000][gc,phases     ] GC(490)   Post Evacuate Collection Set: 1.6ms
[2025-11-08T14:41:27.294+0000][gc,phases     ] GC(490)   Other: 1.8ms
[2025-11-08T14:41:27.294+0000][gc,heap       ] GC(490) Eden regions: 33->0(31)
[2025-11-08T14:41:27.295+0000][gc,heap       ] GC(490) Survivor regions: 3->3(5)
[2025-11-08T14:41:27.296+0000][gc,heap       ] GC(490) Old regions: 78->78
[2025-11-08T14:41:27.297+0000][gc,heap       ] GC(490) Humongous regions: 147->147
[2025-11-08T14:41:27.297+0000][gc,metaspace  ] GC(490) Metaspace: 52258K(55472K)->52258K(55472K) NonClass: 46470K(48304K)->46470K(48304K) Class: 5787K(7168K)->5787K(7168K)
[2025-11-08T14:41:27.298+0000][gc            ] GC(490) Pause Young (Normal) (G1 Evacuation Pause) 260M->227M(667M) 25.208ms
[2025-11-08T14:41:27.298+0000][gc,cpu        ] GC(490) User=0.04s Sys=0.00s Real=0.03s
[2025-11-08T14:41:30.045+0000][gc,start      ] GC(491) Pause Young (Normal) (G1 Evacuation Pause)
[2025-11-08T14:41:30.045+0000][gc,task       ] GC(491) Using 2 workers of 2 for evacuation
[2025-11-08T14:41:30.055+0000][gc,phases     ] GC(491)   Pre Evacuate Collection Set: 0.0ms
[2025-11-08T14:41:30.055+0000][gc,phases     ] GC(491)   Evacuate Collection Set: 7.7ms
[2025-11-08T14:41:30.056+0000][gc,phases     ] GC(491)   Post Evacuate Collection Set: 1.3ms
[2025-11-08T14:41:30.056+0000][gc,phases     ] GC(491)   Other: 1.0ms
[2025-11-08T14:41:30.056+0000][gc,heap       ] GC(491) Eden regions: 31->0(36)
[2025-11-08T14:41:30.056+0000][gc,heap       ] GC(491) Survivor regions: 3->2(5)
[2025-11-08T14:41:30.057+0000][gc,heap       ] GC(491) Old regions: 78->78
[2025-11-08T14:41:30.057+0000][gc,heap       ] GC(491) Humongous regions: 147->147
[2025-11-08T14:41:30.057+0000][gc,metaspace  ] GC(491) Metaspace: 52258K(55472K)->52258K(55472K) NonClass: 46470K(48304K)->46470K(48304K) Class: 5787K(7168K)->5787K(7168K)
[2025-11-08T14:41:30.057+0000][gc            ] GC(491) Pause Young (Normal) (G1 Evacuation Pause) 258M->226M(667M) 12.300ms
[2025-11-08T14:41:30.057+0000][gc,cpu        ] GC(491) User=0.02s Sys=0.00s Real=0.02s
[2025-11-08T14:41:33.434+0000][gc,start      ] GC(492) Pause Young (Normal) (G1 Evacuation Pause)
[2025-11-08T14:41:33.434+0000][gc,task       ] GC(492) Using 2 workers of 2 for evacuation
[2025-11-08T14:41:33.448+0000][gc,phases     ] GC(492)   Pre Evacuate Collection Set: 0.0ms
[2025-11-08T14:41:33.448+0000][gc,phases     ] GC(492)   Evacuate Collection Set: 12.0ms
[2025-11-08T14:41:33.449+0000][gc,phases     ] GC(492)   Post Evacuate Collection Set: 1.3ms
[2025-11-08T14:41:33.449+0000][gc,phases     ] GC(492)   Other: 1.2ms
[2025-11-08T14:41:33.450+0000][gc,heap       ] GC(492) Eden regions: 36->0(38)
[2025-11-08T14:41:33.450+0000][gc,heap       ] GC(492) Survivor regions: 2->3(5)
[2025-11-08T14:41:33.450+0000][gc,heap       ] GC(492) Old regions: 78->78
[2025-11-08T14:41:33.451+0000][gc,heap       ] GC(492) Humongous regions: 147->147
[2025-11-08T14:41:33.451+0000][gc,metaspace  ] GC(492) Metaspace: 52258K(55472K)->52258K(55472K) NonClass: 46470K(48304K)->46470K(48304K) Class: 5787K(7168K)->5787K(7168K)
[2025-11-08T14:41:33.452+0000][gc            ] GC(492) Pause Young (Normal) (G1 Evacuation Pause) 262M->226M(667M) 18.170ms
[2025-11-08T14:41:33.452+0000][gc,cpu        ] GC(492) User=0.02s Sys=0.00s Real=0.02s
[2025-11-08T14:41:36.832+0000][gc,start      ] GC(493) Pause Young (Normal) (G1 Evacuation Pause)
[2025-11-08T14:41:36.833+0000][gc,task       ] GC(493) Using 2 workers of 2 for evacuation
[2025-11-08T14:41:36.848+0000][gc,phases     ] GC(493)   Pre Evacuate Collection Set: 0.0ms
[2025-11-08T14:41:36.848+0000][gc,phases     ] GC(493)   Evacuate Collection Set: 13.6ms
[2025-11-08T14:41:36.849+0000][gc,phases     ] GC(493)   Post Evacuate Collection Set: 1.2ms
[2025-11-08T14:41:36.849+0000][gc,phases     ] GC(493)   Other: 0.8ms
[2025-11-08T14:41:36.850+0000][gc,heap       ] GC(493) Eden regions: 38->0(39)
[2025-11-08T14:41:36.850+0000][gc,heap       ] GC(493) Survivor regions: 3->3(6)
[2025-11-08T14:41:36.851+0000][gc,heap       ] GC(493) Old regions: 78->78
[2025-11-08T14:41:36.851+0000][gc,heap       ] GC(493) Humongous regions: 147->147
[2025-11-08T14:41:36.851+0000][gc,metaspace  ] GC(493) Metaspace: 52258K(55472K)->52258K(55472K) NonClass: 46470K(48304K)->46470K(48304K) Class: 5787K(7168K)->5787K(7168K)
[2025-11-08T14:41:36.852+0000][gc            ] GC(493) Pause Young (Normal) (G1 Evacuation Pause) 264M->227M(667M) 19.478ms
[2025-11-08T14:41:36.852+0000][gc,cpu        ] GC(493) User=0.03s Sys=0.00s Real=0.02s
[2025-11-08T14:41:40.209+0000][gc,start      ] GC(494) Pause Young (Normal) (G1 Evacuation Pause)
[2025-11-08T14:41:40.209+0000][gc,task       ] GC(494) Using 2 workers of 2 for evacuation
[2025-11-08T14:41:40.219+0000][gc,phases     ] GC(494)   Pre Evacuate Collection Set: 0.0ms
[2025-11-08T14:41:40.220+0000][gc,phases     ] GC(494)   Evacuate Collection Set: 8.8ms
[2025-11-08T14:41:40.220+0000][gc,phases     ] GC(494)   Post Evacuate Collection Set: 1.1ms
[2025-11-08T14:41:40.220+0000][gc,phases     ] GC(494)   Other: 0.6ms
[2025-11-08T14:41:40.220+0000][gc,heap       ] GC(494) Eden regions: 39->0(44)
[2025-11-08T14:41:40.220+0000][gc,heap       ] GC(494) Survivor regions: 3->2(6)
[2025-11-08T14:41:40.221+0000][gc,heap       ] GC(494) Old regions: 78->78
[2025-11-08T14:41:40.221+0000][gc,heap       ] GC(494) Humongous regions: 147->147
[2025-11-08T14:41:40.221+0000][gc,metaspace  ] GC(494) Metaspace: 52258K(55472K)->52258K(55472K) NonClass: 46470K(48304K)->46470K(48304K) Class: 5787K(7168K)->5787K(7168K)
[2025-11-08T14:41:40.221+0000][gc            ] GC(494) Pause Young (Normal) (G1 Evacuation Pause) 266M->226M(667M) 12.682ms
[2025-11-08T14:41:40.222+0000][gc,cpu        ] GC(494) User=0.02s Sys=0.00s Real=0.01s
[2025-11-08T14:41:44.146+0000][gc,start      ] GC(495) Pause Young (Normal) (G1 Evacuation Pause)
[2025-11-08T14:41:44.146+0000][gc,task       ] GC(495) Using 2 workers of 2 for evacuation
[2025-11-08T14:41:44.157+0000][gc,phases     ] GC(495)   Pre Evacuate Collection Set: 0.0ms
[2025-11-08T14:41:44.158+0000][gc,phases     ] GC(495)   Evacuate Collection Set: 9.9ms
[2025-11-08T14:41:44.158+0000][gc,phases     ] GC(495)   Post Evacuate Collection Set: 0.8ms
[2025-11-08T14:41:44.161+0000][gc,phases     ] GC(495)   Other: 1.0ms
[2025-11-08T14:41:44.162+0000][gc,heap       ] GC(495) Eden regions: 44->0(47)
[2025-11-08T14:41:44.162+0000][gc,heap       ] GC(495) Survivor regions: 2->3(6)
[2025-11-08T14:41:44.162+0000][gc,heap       ] GC(495) Old regions: 78->78
[2025-11-08T14:41:44.163+0000][gc,heap       ] GC(495) Humongous regions: 147->147
[2025-11-08T14:41:44.163+0000][gc,metaspace  ] GC(495) Metaspace: 52258K(55472K)->52258K(55472K) NonClass: 46470K(48304K)->46470K(48304K) Class: 5787K(7168K)->5787K(7168K)
[2025-11-08T14:41:44.163+0000][gc            ] GC(495) Pause Young (Normal) (G1 Evacuation Pause) 270M->227M(667M) 17.799ms
[2025-11-08T14:41:44.164+0000][gc,cpu        ] GC(495) User=0.02s Sys=0.00s Real=0.01s
[2025-11-08T14:41:48.419+0000][gc,start      ] GC(496) Pause Young (Normal) (G1 Evacuation Pause)
[2025-11-08T14:41:48.419+0000][gc,task       ] GC(496) Using 2 workers of 2 for evacuation
[2025-11-08T14:41:48.436+0000][gc,phases     ] GC(496)   Pre Evacuate Collection Set: 0.0ms
[2025-11-08T14:41:48.436+0000][gc,phases     ] GC(496)   Evacuate Collection Set: 14.4ms
[2025-11-08T14:41:48.437+0000][gc,phases     ] GC(496)   Post Evacuate Collection Set: 1.6ms
[2025-11-08T14:41:48.437+0000][gc,phases     ] GC(496)   Other: 1.3ms
[2025-11-08T14:41:48.437+0000][gc,heap       ] GC(496) Eden regions: 47->0(47)
[2025-11-08T14:41:48.439+0000][gc,heap       ] GC(496) Survivor regions: 3->3(7)
[2025-11-08T14:41:48.439+0000][gc,heap       ] GC(496) Old regions: 78->78
[2025-11-08T14:41:48.440+0000][gc,heap       ] GC(496) Humongous regions: 147->147
[2025-11-08T14:41:48.441+0000][gc,metaspace  ] GC(496) Metaspace: 52258K(55472K)->52258K(55472K) NonClass: 46470K(48304K)->46470K(48304K) Class: 5787K(7168K)->5787K(7168K)
[2025-11-08T14:41:48.441+0000][gc            ] GC(496) Pause Young (Normal) (G1 Evacuation Pause) 274M->227M(667M) 22.339ms
[2025-11-08T14:41:48.441+0000][gc,cpu        ] GC(496) User=0.04s Sys=0.00s Real=0.02s
[2025-11-08T14:41:51.303+0000][gc,start      ] GC(497) Pause Young (Normal) (G1 Evacuation Pause)
[2025-11-08T14:41:51.304+0000][gc,task       ] GC(497) Using 2 workers of 2 for evacuation
[2025-11-08T14:41:51.320+0000][gc,phases     ] GC(497)   Pre Evacuate Collection Set: 0.0ms
[2025-11-08T14:41:51.320+0000][gc,phases     ] GC(497)   Evacuate Collection Set: 14.0ms
[2025-11-08T14:41:51.320+0000][gc,phases     ] GC(497)   Post Evacuate Collection Set: 1.0ms
[2025-11-08T14:41:51.320+0000][gc,phases     ] GC(497)   Other: 1.0ms
[2025-11-08T14:41:51.321+0000][gc,heap       ] GC(497) Eden regions: 33->0(46)
[2025-11-08T14:41:51.321+0000][gc,heap       ] GC(497) Survivor regions: 3->3(5)
[2025-11-08T14:41:51.321+0000][gc,heap       ] GC(497) Old regions: 78->78
[2025-11-08T14:41:51.322+0000][gc,heap       ] GC(497) Humongous regions: 147->147
[2025-11-08T14:41:51.322+0000][gc,metaspace  ] GC(497) Metaspace: 52258K(55472K)->52258K(55472K) NonClass: 46470K(48304K)->46470K(48304K) Class: 5787K(7168K)->5787K(7168K)
[2025-11-08T14:41:51.322+0000][gc            ] GC(497) Pause Young (Normal) (G1 Evacuation Pause) 260M->227M(667M) 18.691ms
[2025-11-08T14:41:51.322+0000][gc,cpu        ] GC(497) User=0.03s Sys=0.00s Real=0.02s
[2025-11-08T14:41:54.021+0000][gc,start      ] GC(498) Pause Young (Normal) (G1 Evacuation Pause)
[2025-11-08T14:41:54.022+0000][gc,task       ] GC(498) Using 2 workers of 2 for evacuation
[2025-11-08T14:41:54.048+0000][gc,mmu        ] GC(498) MMU target violated: 21.0ms (20.0ms/21.0ms)
[2025-11-08T14:41:54.048+0000][gc,phases     ] GC(498)   Pre Evacuate Collection Set: 0.0ms
[2025-11-08T14:41:54.049+0000][gc,phases     ] GC(498)   Evacuate Collection Set: 19.7ms
[2025-11-08T14:41:54.050+0000][gc,phases     ] GC(498)   Post Evacuate Collection Set: 2.2ms
[2025-11-08T14:41:54.051+0000][gc,phases     ] GC(498)   Other: 5.6ms
[2025-11-08T14:41:54.051+0000][gc,heap       ] GC(498) Eden regions: 30->0(37)
[2025-11-08T14:41:54.051+0000][gc,heap       ] GC(498) Survivor regions: 3->2(5)
[2025-11-08T14:41:54.052+0000][gc,heap       ] GC(498) Old regions: 78->78
[2025-11-08T14:41:54.052+0000][gc,heap       ] GC(498) Humongous regions: 147->147
[2025-11-08T14:41:54.052+0000][gc,metaspace  ] GC(498) Metaspace: 52258K(55472K)->52258K(55472K) NonClass: 46470K(48304K)->46470K(48304K) Class: 5787K(7168K)->5787K(7168K)
[2025-11-08T14:41:54.053+0000][gc            ] GC(498) Pause Young (Normal) (G1 Evacuation Pause) 257M->226M(667M) 32.034ms
[2025-11-08T14:41:54.053+0000][gc,cpu        ] GC(498) User=0.04s Sys=0.00s Real=0.03s
[2025-11-08T14:41:56.780+0000][gc,start      ] GC(499) Pause Young (Normal) (G1 Evacuation Pause)
[2025-11-08T14:41:56.780+0000][gc,task       ] GC(499) Using 2 workers of 2 for evacuation
[2025-11-08T14:41:56.791+0000][gc,phases     ] GC(499)   Pre Evacuate Collection Set: 0.0ms
[2025-11-08T14:41:56.792+0000][gc,phases     ] GC(499)   Evacuate Collection Set: 9.7ms
[2025-11-08T14:41:56.792+0000][gc,phases     ] GC(499)   Post Evacuate Collection Set: 0.8ms
[2025-11-08T14:41:56.792+0000][gc,phases     ] GC(499)   Other: 0.6ms
[2025-11-08T14:41:56.793+0000][gc,heap       ] GC(499) Eden regions: 31->0(35)
[2025-11-08T14:41:56.793+0000][gc,heap       ] GC(499) Survivor regions: 2->2(5)
[2025-11-08T14:41:56.793+0000][gc,heap       ] GC(499) Old regions: 78->78
[2025-11-08T14:41:56.794+0000][gc,heap       ] GC(499) Humongous regions: 147->147
[2025-11-08T14:41:56.794+0000][gc,metaspace  ] GC(499) Metaspace: 52258K(55472K)->52258K(55472K) NonClass: 46470K(48304K)->46470K(48304K) Class: 5787K(7168K)->5787K(7168K)
[2025-11-08T14:41:56.794+0000][gc            ] GC(499) Pause Young (Normal) (G1 Evacuation Pause) 257M->226M(667M) 14.077ms
[2025-11-08T14:41:56.795+0000][gc,cpu        ] GC(499) User=0.02s Sys=0.00s Real=0.01s
[2025-11-08T14:41:59.988+0000][gc,start      ] GC(500) Pause Young (Normal) (G1 Evacuation Pause)
[2025-11-08T14:41:59.989+0000][gc,task       ] GC(500) Using 2 workers of 2 for evacuation
[2025-11-08T14:42:00.005+0000][gc,phases     ] GC(500)   Pre Evacuate Collection Set: 0.0ms
[2025-11-08T14:42:00.006+0000][gc,phases     ] GC(500)   Evacuate Collection Set: 14.5ms
[2025-11-08T14:42:00.006+0000][gc,phases     ] GC(500)   Post Evacuate Collection Set: 1.3ms
[2025-11-08T14:42:00.006+0000][gc,phases     ] GC(500)   Other: 1.1ms
[2025-11-08T14:42:00.007+0000][gc,heap       ] GC(500) Eden regions: 35->0(36)
[2025-11-08T14:42:00.007+0000][gc,heap       ] GC(500) Survivor regions: 2->2(5)
[2025-11-08T14:42:00.008+0000][gc,heap       ] GC(500) Old regions: 78->78
[2025-11-08T14:42:00.008+0000][gc,heap       ] GC(500) Humongous regions: 147->147
[2025-11-08T14:42:00.008+0000][gc,metaspace  ] GC(500) Metaspace: 52258K(55472K)->52258K(55472K) NonClass: 46470K(48304K)->46470K(48304K) Class: 5787K(7168K)->5787K(7168K)
[2025-11-08T14:42:00.009+0000][gc            ] GC(500) Pause Young (Normal) (G1 Evacuation Pause) 261M->226M(667M) 20.988ms
[2025-11-08T14:42:00.010+0000][gc,cpu        ] GC(500) User=0.03s Sys=0.00s Real=0.02s
[2025-11-08T14:42:02.887+0000][gc,start      ] GC(501) Pause Young (Normal) (G1 Evacuation Pause)
[2025-11-08T14:42:02.888+0000][gc,task       ] GC(501) Using 2 workers of 2 for evacuation
[2025-11-08T14:42:02.906+0000][gc,phases     ] GC(501)   Pre Evacuate Collection Set: 0.0ms
[2025-11-08T14:42:02.907+0000][gc,phases     ] GC(501)   Evacuate Collection Set: 15.6ms
[2025-11-08T14:42:02.907+0000][gc,phases     ] GC(501)   Post Evacuate Collection Set: 2.1ms
[2025-11-08T14:42:02.908+0000][gc,phases     ] GC(501)   Other: 1.7ms
[2025-11-08T14:42:02.908+0000][gc,heap       ] GC(501) Eden regions: 31->0(34)
[2025-11-08T14:42:02.909+0000][gc,heap       ] GC(501) Survivor regions: 2->4(5)
[2025-11-08T14:42:02.909+0000][gc,heap       ] GC(501) Old regions: 78->79
[2025-11-08T14:42:02.909+0000][gc,heap       ] GC(501) Humongous regions: 147->147
[2025-11-08T14:42:02.910+0000][gc,metaspace  ] GC(501) Metaspace: 52258K(55472K)->52258K(55472K) NonClass: 46470K(48304K)->46470K(48304K) Class: 5787K(7168K)->5787K(7168K)
[2025-11-08T14:42:02.910+0000][gc            ] GC(501) Pause Young (Normal) (G1 Evacuation Pause) 257M->228M(667M) 22.951ms
[2025-11-08T14:42:02.910+0000][gc,cpu        ] GC(501) User=0.04s Sys=0.00s Real=0.02s
[2025-11-08T14:42:05.442+0000][gc,start      ] GC(502) Pause Young (Normal) (G1 Evacuation Pause)
[2025-11-08T14:42:05.442+0000][gc,task       ] GC(502) Using 2 workers of 2 for evacuation
[2025-11-08T14:42:05.458+0000][gc,phases     ] GC(502)   Pre Evacuate Collection Set: 0.0ms
[2025-11-08T14:42:05.458+0000][gc,phases     ] GC(502)   Evacuate Collection Set: 14.1ms
[2025-11-08T14:42:05.459+0000][gc,phases     ] GC(502)   Post Evacuate Collection Set: 1.1ms
[2025-11-08T14:42:05.459+0000][gc,phases     ] GC(502)   Other: 1.1ms
[2025-11-08T14:42:05.459+0000][gc,heap       ] GC(502) Eden regions: 29->0(35)
[2025-11-08T14:42:05.459+0000][gc,heap       ] GC(502) Survivor regions: 4->3(5)
[2025-11-08T14:42:05.460+0000][gc,heap       ] GC(502) Old regions: 79->79
[2025-11-08T14:42:05.460+0000][gc,heap       ] GC(502) Humongous regions: 147->147
[2025-11-08T14:42:05.460+0000][gc,metaspace  ] GC(502) Metaspace: 52258K(55472K)->52258K(55472K) NonClass: 46470K(48304K)->46470K(48304K) Class: 5787K(7168K)->5787K(7168K)
[2025-11-08T14:42:05.461+0000][gc            ] GC(502) Pause Young (Normal) (G1 Evacuation Pause) 257M->228M(667M) 18.843ms
[2025-11-08T14:42:05.461+0000][gc,cpu        ] GC(502) User=0.03s Sys=0.00s Real=0.02s
[2025-11-08T14:42:08.839+0000][gc,start      ] GC(503) Pause Young (Normal) (G1 Evacuation Pause)
[2025-11-08T14:42:08.840+0000][gc,task       ] GC(503) Using 2 workers of 2 for evacuation
[2025-11-08T14:42:08.856+0000][gc,phases     ] GC(503)   Pre Evacuate Collection Set: 0.0ms
[2025-11-08T14:42:08.862+0000][gc,phases     ] GC(503)   Evacuate Collection Set: 13.8ms
[2025-11-08T14:42:08.863+0000][gc,phases     ] GC(503)   Post Evacuate Collection Set: 1.5ms
[2025-11-08T14:42:08.864+0000][gc,phases     ] GC(503)   Other: 1.5ms
[2025-11-08T14:42:08.864+0000][gc,heap       ] GC(503) Eden regions: 35->0(36)
[2025-11-08T14:42:08.865+0000][gc,heap       ] GC(503) Survivor regions: 3->3(5)
[2025-11-08T14:42:08.865+0000][gc,heap       ] GC(503) Old regions: 79->79
[2025-11-08T14:42:08.866+0000][gc,heap       ] GC(503) Humongous regions: 147->147
[2025-11-08T14:42:08.867+0000][gc,metaspace  ] GC(503) Metaspace: 52263K(55472K)->52263K(55472K) NonClass: 46476K(48304K)->46476K(48304K) Class: 5787K(7168K)->5787K(7168K)
[2025-11-08T14:42:08.867+0000][gc            ] GC(503) Pause Young (Normal) (G1 Evacuation Pause) 263M->228M(667M) 27.386ms
[2025-11-08T14:42:08.868+0000][gc,cpu        ] GC(503) User=0.03s Sys=0.00s Real=0.03s
[2025-11-08T14:42:12.122+0000][gc,start      ] GC(504) Pause Young (Normal) (G1 Evacuation Pause)
[2025-11-08T14:42:12.125+0000][gc,task       ] GC(504) Using 2 workers of 2 for evacuation
[2025-11-08T14:42:12.149+0000][gc,mmu        ] GC(504) MMU target violated: 21.0ms (20.0ms/21.0ms)
[2025-11-08T14:42:12.150+0000][gc,phases     ] GC(504)   Pre Evacuate Collection Set: 0.0ms
[2025-11-08T14:42:12.150+0000][gc,phases     ] GC(504)   Evacuate Collection Set: 20.5ms
[2025-11-08T14:42:12.151+0000][gc,phases     ] GC(504)   Post Evacuate Collection Set: 2.1ms
[2025-11-08T14:42:12.151+0000][gc,phases     ] GC(504)   Other: 5.2ms
[2025-11-08T14:42:12.152+0000][gc,heap       ] GC(504) Eden regions: 36->0(33)
[2025-11-08T14:42:12.152+0000][gc,heap       ] GC(504) Survivor regions: 3->3(5)
[2025-11-08T14:42:12.152+0000][gc,heap       ] GC(504) Old regions: 79->79
[2025-11-08T14:42:12.154+0000][gc,heap       ] GC(504) Humongous regions: 147->147
[2025-11-08T14:42:12.154+0000][gc,metaspace  ] GC(504) Metaspace: 52263K(55472K)->52263K(55472K) NonClass: 46476K(48304K)->46476K(48304K) Class: 5787K(7168K)->5787K(7168K)
[2025-11-08T14:42:12.155+0000][gc            ] GC(504) Pause Young (Normal) (G1 Evacuation Pause) 264M->228M(667M) 33.553ms
[2025-11-08T14:42:12.156+0000][gc,cpu        ] GC(504) User=0.04s Sys=0.00s Real=0.04s
[2025-11-08T14:42:15.135+0000][gc,start      ] GC(505) Pause Young (Normal) (G1 Evacuation Pause)
[2025-11-08T14:42:15.137+0000][gc,task       ] GC(505) Using 2 workers of 2 for evacuation
[2025-11-08T14:42:15.154+0000][gc,phases     ] GC(505)   Pre Evacuate Collection Set: 0.0ms
[2025-11-08T14:42:15.154+0000][gc,phases     ] GC(505)   Evacuate Collection Set: 12.9ms
[2025-11-08T14:42:15.154+0000][gc,phases     ] GC(505)   Post Evacuate Collection Set: 2.9ms
[2025-11-08T14:42:15.155+0000][gc,phases     ] GC(505)   Other: 2.8ms
[2025-11-08T14:42:15.155+0000][gc,heap       ] GC(505) Eden regions: 33->0(34)
[2025-11-08T14:42:15.157+0000][gc,heap       ] GC(505) Survivor regions: 3->3(5)
[2025-11-08T14:42:15.157+0000][gc,heap       ] GC(505) Old regions: 79->79
[2025-11-08T14:42:15.158+0000][gc,heap       ] GC(505) Humongous regions: 147->147
[2025-11-08T14:42:15.158+0000][gc,metaspace  ] GC(505) Metaspace: 52263K(55472K)->52263K(55472K) NonClass: 46476K(48304K)->46476K(48304K) Class: 5787K(7168K)->5787K(7168K)
[2025-11-08T14:42:15.159+0000][gc            ] GC(505) Pause Young (Normal) (G1 Evacuation Pause) 261M->228M(667M) 23.363ms
[2025-11-08T14:42:15.159+0000][gc,cpu        ] GC(505) User=0.03s Sys=0.00s Real=0.02s
[2025-11-08T14:42:18.294+0000][gc,start      ] GC(506) Pause Young (Normal) (G1 Evacuation Pause)
[2025-11-08T14:42:18.295+0000][gc,task       ] GC(506) Using 2 workers of 2 for evacuation
[2025-11-08T14:42:18.340+0000][gc,mmu        ] GC(506) MMU target violated: 21.0ms (20.0ms/21.0ms)
[2025-11-08T14:42:18.340+0000][gc,phases     ] GC(506)   Pre Evacuate Collection Set: 0.0ms
[2025-11-08T14:42:18.341+0000][gc,phases     ] GC(506)   Evacuate Collection Set: 41.7ms
[2025-11-08T14:42:18.341+0000][gc,phases     ] GC(506)   Post Evacuate Collection Set: 1.3ms
[2025-11-08T14:42:18.341+0000][gc,phases     ] GC(506)   Other: 3.3ms
[2025-11-08T14:42:18.342+0000][gc,heap       ] GC(506) Eden regions: 34->0(30)
[2025-11-08T14:42:18.342+0000][gc,heap       ] GC(506) Survivor regions: 3->3(5)
[2025-11-08T14:42:18.342+0000][gc,heap       ] GC(506) Old regions: 79->79
[2025-11-08T14:42:18.343+0000][gc,heap       ] GC(506) Humongous regions: 147->147
[2025-11-08T14:42:18.343+0000][gc,metaspace  ] GC(506) Metaspace: 52263K(55472K)->52263K(55472K) NonClass: 46476K(48304K)->46476K(48304K) Class: 5787K(7168K)->5787K(7168K)
[2025-11-08T14:42:18.344+0000][gc            ] GC(506) Pause Young (Normal) (G1 Evacuation Pause) 262M->228M(667M) 49.710ms
[2025-11-08T14:42:18.344+0000][gc,cpu        ] GC(506) User=0.06s Sys=0.00s Real=0.06s
[2025-11-08T14:42:21.048+0000][gc,start      ] GC(507) Pause Young (Normal) (G1 Evacuation Pause)
[2025-11-08T14:42:21.048+0000][gc,task       ] GC(507) Using 2 workers of 2 for evacuation
[2025-11-08T14:42:21.074+0000][gc,mmu        ] GC(507) MMU target violated: 21.0ms (20.0ms/21.0ms)
[2025-11-08T14:42:21.075+0000][gc,phases     ] GC(507)   Pre Evacuate Collection Set: 0.0ms
[2025-11-08T14:42:21.076+0000][gc,phases     ] GC(507)   Evacuate Collection Set: 21.2ms
[2025-11-08T14:42:21.077+0000][gc,phases     ] GC(507)   Post Evacuate Collection Set: 3.1ms
[2025-11-08T14:42:21.079+0000][gc,phases     ] GC(507)   Other: 2.7ms
[2025-11-08T14:42:21.080+0000][gc,heap       ] GC(507) Eden regions: 30->0(30)
[2025-11-08T14:42:21.080+0000][gc,heap       ] GC(507) Survivor regions: 3->3(5)
[2025-11-08T14:42:21.081+0000][gc,heap       ] GC(507) Old regions: 79->79
[2025-11-08T14:42:21.081+0000][gc,heap       ] GC(507) Humongous regions: 147->147
[2025-11-08T14:42:21.082+0000][gc,metaspace  ] GC(507) Metaspace: 52263K(55472K)->52263K(55472K) NonClass: 46476K(48304K)->46476K(48304K) Class: 5787K(7168K)->5787K(7168K)
[2025-11-08T14:42:21.084+0000][gc            ] GC(507) Pause Young (Normal) (G1 Evacuation Pause) 258M->228M(667M) 35.754ms
[2025-11-08T14:42:21.084+0000][gc,cpu        ] GC(507) User=0.04s Sys=0.00s Real=0.04s
[2025-11-08T14:42:23.811+0000][gc,start      ] GC(508) Pause Young (Normal) (G1 Evacuation Pause)
[2025-11-08T14:42:23.812+0000][gc,task       ] GC(508) Using 2 workers of 2 for evacuation
[2025-11-08T14:42:23.826+0000][gc,phases     ] GC(508)   Pre Evacuate Collection Set: 0.0ms
[2025-11-08T14:42:23.826+0000][gc,phases     ] GC(508)   Evacuate Collection Set: 12.0ms
[2025-11-08T14:42:23.827+0000][gc,phases     ] GC(508)   Post Evacuate Collection Set: 1.1ms
[2025-11-08T14:42:23.827+0000][gc,phases     ] GC(508)   Other: 1.3ms
[2025-11-08T14:42:23.828+0000][gc,heap       ] GC(508) Eden regions: 30->0(31)
[2025-11-08T14:42:23.828+0000][gc,heap       ] GC(508) Survivor regions: 3->2(5)
[2025-11-08T14:42:23.829+0000][gc,heap       ] GC(508) Old regions: 79->79
[2025-11-08T14:42:23.829+0000][gc,heap       ] GC(508) Humongous regions: 147->147
[2025-11-08T14:42:23.829+0000][gc,metaspace  ] GC(508) Metaspace: 52263K(55472K)->52263K(55472K) NonClass: 46476K(48304K)->46476K(48304K) Class: 5787K(7168K)->5787K(7168K)
[2025-11-08T14:42:23.830+0000][gc            ] GC(508) Pause Young (Normal) (G1 Evacuation Pause) 258M->227M(667M) 18.333ms
[2025-11-08T14:42:23.830+0000][gc,cpu        ] GC(508) User=0.03s Sys=0.00s Real=0.02s
[2025-11-08T14:42:26.558+0000][gc,start      ] GC(509) Pause Young (Normal) (G1 Evacuation Pause)
[2025-11-08T14:42:26.558+0000][gc,task       ] GC(509) Using 2 workers of 2 for evacuation
[2025-11-08T14:42:26.573+0000][gc,phases     ] GC(509)   Pre Evacuate Collection Set: 0.0ms
[2025-11-08T14:42:26.573+0000][gc,phases     ] GC(509)   Evacuate Collection Set: 11.9ms
[2025-11-08T14:42:26.574+0000][gc,phases     ] GC(509)   Post Evacuate Collection Set: 1.5ms
[2025-11-08T14:42:26.574+0000][gc,phases     ] GC(509)   Other: 1.6ms
[2025-11-08T14:42:26.574+0000][gc,heap       ] GC(509) Eden regions: 31->0(31)
[2025-11-08T14:42:26.575+0000][gc,heap       ] GC(509) Survivor regions: 2->2(5)
[2025-11-08T14:42:26.575+0000][gc,heap       ] GC(509) Old regions: 79->79
[2025-11-08T14:42:26.575+0000][gc,heap       ] GC(509) Humongous regions: 147->147
[2025-11-08T14:42:26.576+0000][gc,metaspace  ] GC(509) Metaspace: 52263K(55472K)->52263K(55472K) NonClass: 46476K(48304K)->46476K(48304K) Class: 5787K(7168K)->5787K(7168K)
[2025-11-08T14:42:26.576+0000][gc            ] GC(509) Pause Young (Normal) (G1 Evacuation Pause) 258M->227M(667M) 18.463ms
[2025-11-08T14:42:26.576+0000][gc,cpu        ] GC(509) User=0.02s Sys=0.00s Real=0.02s
[2025-11-08T14:42:29.362+0000][gc,start      ] GC(510) Pause Young (Normal) (G1 Evacuation Pause)
[2025-11-08T14:42:29.363+0000][gc,task       ] GC(510) Using 2 workers of 2 for evacuation
[2025-11-08T14:42:29.385+0000][gc,mmu        ] GC(510) MMU target violated: 21.0ms (20.0ms/21.0ms)
[2025-11-08T14:42:29.386+0000][gc,phases     ] GC(510)   Pre Evacuate Collection Set: 0.1ms
[2025-11-08T14:42:29.386+0000][gc,phases     ] GC(510)   Evacuate Collection Set: 19.6ms
[2025-11-08T14:42:29.387+0000][gc,phases     ] GC(510)   Post Evacuate Collection Set: 1.4ms
[2025-11-08T14:42:29.387+0000][gc,phases     ] GC(510)   Other: 2.1ms
[2025-11-08T14:42:29.387+0000][gc,heap       ] GC(510) Eden regions: 31->0(29)
[2025-11-08T14:42:29.388+0000][gc,heap       ] GC(510) Survivor regions: 2->4(5)
[2025-11-08T14:42:29.388+0000][gc,heap       ] GC(510) Old regions: 79->79
[2025-11-08T14:42:29.389+0000][gc,heap       ] GC(510) Humongous regions: 147->147
[2025-11-08T14:42:29.389+0000][gc,metaspace  ] GC(510) Metaspace: 52263K(55472K)->52263K(55472K) NonClass: 46476K(48304K)->46476K(48304K) Class: 5787K(7168K)->5787K(7168K)
[2025-11-08T14:42:29.390+0000][gc            ] GC(510) Pause Young (Normal) (G1 Evacuation Pause) 258M->229M(667M) 27.283ms
[2025-11-08T14:42:29.390+0000][gc,cpu        ] GC(510) User=0.04s Sys=0.00s Real=0.03s
[2025-11-08T14:42:32.233+0000][gc,start      ] GC(511) Pause Young (Normal) (G1 Evacuation Pause)
[2025-11-08T14:42:32.234+0000][gc,task       ] GC(511) Using 2 workers of 2 for evacuation
[2025-11-08T14:42:32.259+0000][gc,mmu        ] GC(511) MMU target violated: 21.0ms (20.0ms/21.0ms)
[2025-11-08T14:42:32.259+0000][gc,phases     ] GC(511)   Pre Evacuate Collection Set: 0.0ms
[2025-11-08T14:42:32.260+0000][gc,phases     ] GC(511)   Evacuate Collection Set: 22.5ms
[2025-11-08T14:42:32.260+0000][gc,phases     ] GC(511)   Post Evacuate Collection Set: 1.7ms
[2025-11-08T14:42:32.261+0000][gc,phases     ] GC(511)   Other: 1.9ms
[2025-11-08T14:42:32.261+0000][gc,heap       ] GC(511) Eden regions: 29->0(30)
[2025-11-08T14:42:32.262+0000][gc,heap       ] GC(511) Survivor regions: 4->3(5)
[2025-11-08T14:42:32.262+0000][gc,heap       ] GC(511) Old regions: 79->80
[2025-11-08T14:42:32.263+0000][gc,heap       ] GC(511) Humongous regions: 147->147
[2025-11-08T14:42:32.263+0000][gc,metaspace  ] GC(511) Metaspace: 52263K(55472K)->52263K(55472K) NonClass: 46476K(48304K)->46476K(48304K) Class: 5787K(7168K)->5787K(7168K)
[2025-11-08T14:42:32.264+0000][gc            ] GC(511) Pause Young (Normal) (G1 Evacuation Pause) 258M->228M(667M) 30.202ms
[2025-11-08T14:42:32.264+0000][gc,cpu        ] GC(511) User=0.05s Sys=0.00s Real=0.03s
[2025-11-08T14:42:35.006+0000][gc,start      ] GC(512) Pause Young (Normal) (G1 Evacuation Pause)
[2025-11-08T14:42:35.007+0000][gc,task       ] GC(512) Using 2 workers of 2 for evacuation
[2025-11-08T14:42:35.018+0000][gc,phases     ] GC(512)   Pre Evacuate Collection Set: 0.0ms
[2025-11-08T14:42:35.018+0000][gc,phases     ] GC(512)   Evacuate Collection Set: 9.6ms
[2025-11-08T14:42:35.019+0000][gc,phases     ] GC(512)   Post Evacuate Collection Set: 1.2ms
[2025-11-08T14:42:35.019+0000][gc,phases     ] GC(512)   Other: 0.9ms
[2025-11-08T14:42:35.019+0000][gc,heap       ] GC(512) Eden regions: 30->0(31)
[2025-11-08T14:42:35.020+0000][gc,heap       ] GC(512) Survivor regions: 3->2(5)
[2025-11-08T14:42:35.020+0000][gc,heap       ] GC(512) Old regions: 80->80
[2025-11-08T14:42:35.020+0000][gc,heap       ] GC(512) Humongous regions: 147->147
[2025-11-08T14:42:35.021+0000][gc,metaspace  ] GC(512) Metaspace: 52263K(55472K)->52263K(55472K) NonClass: 46476K(48304K)->46476K(48304K) Class: 5787K(7168K)->5787K(7168K)
[2025-11-08T14:42:35.021+0000][gc            ] GC(512) Pause Young (Normal) (G1 Evacuation Pause) 258M->228M(667M) 14.836ms
[2025-11-08T14:42:35.022+0000][gc,cpu        ] GC(512) User=0.02s Sys=0.00s Real=0.01s
[2025-11-08T14:42:37.808+0000][gc,start      ] GC(513) Pause Young (Normal) (G1 Evacuation Pause)
[2025-11-08T14:42:37.808+0000][gc,task       ] GC(513) Using 2 workers of 2 for evacuation
[2025-11-08T14:42:37.821+0000][gc,phases     ] GC(513)   Pre Evacuate Collection Set: 0.0ms
[2025-11-08T14:42:37.822+0000][gc,phases     ] GC(513)   Evacuate Collection Set: 11.1ms
[2025-11-08T14:42:37.822+0000][gc,phases     ] GC(513)   Post Evacuate Collection Set: 1.3ms
[2025-11-08T14:42:37.822+0000][gc,phases     ] GC(513)   Other: 1.1ms
[2025-11-08T14:42:37.823+0000][gc,heap       ] GC(513) Eden regions: 31->0(34)
[2025-11-08T14:42:37.823+0000][gc,heap       ] GC(513) Survivor regions: 2->2(5)
[2025-11-08T14:42:37.823+0000][gc,heap       ] GC(513) Old regions: 80->80
[2025-11-08T14:42:37.824+0000][gc,heap       ] GC(513) Humongous regions: 147->147
[2025-11-08T14:42:37.824+0000][gc,metaspace  ] GC(513) Metaspace: 52263K(55472K)->52263K(55472K) NonClass: 46476K(48304K)->46476K(48304K) Class: 5787K(7168K)->5787K(7168K)
[2025-11-08T14:42:37.824+0000][gc            ] GC(513) Pause Young (Normal) (G1 Evacuation Pause) 259M->227M(667M) 16.375ms
[2025-11-08T14:42:37.825+0000][gc,cpu        ] GC(513) User=0.02s Sys=0.00s Real=0.02s
[2025-11-08T14:42:41.167+0000][gc,start      ] GC(514) Pause Young (Normal) (G1 Evacuation Pause)
[2025-11-08T14:42:41.168+0000][gc,task       ] GC(514) Using 2 workers of 2 for evacuation
[2025-11-08T14:42:41.226+0000][gc,mmu        ] GC(514) MMU target violated: 21.0ms (20.0ms/21.0ms)
[2025-11-08T14:42:41.227+0000][gc,phases     ] GC(514)   Pre Evacuate Collection Set: 0.0ms
[2025-11-08T14:42:41.228+0000][gc,phases     ] GC(514)   Evacuate Collection Set: 53.8ms
[2025-11-08T14:42:41.230+0000][gc,phases     ] GC(514)   Post Evacuate Collection Set: 2.5ms
[2025-11-08T14:42:41.230+0000][gc,phases     ] GC(514)   Other: 4.0ms
[2025-11-08T14:42:41.231+0000][gc,heap       ] GC(514) Eden regions: 34->0(31)
[2025-11-08T14:42:41.232+0000][gc,heap       ] GC(514) Survivor regions: 2->2(5)
[2025-11-08T14:42:41.236+0000][gc,heap       ] GC(514) Old regions: 80->80
[2025-11-08T14:42:41.236+0000][gc,heap       ] GC(514) Humongous regions: 147->147
[2025-11-08T14:42:41.237+0000][gc,metaspace  ] GC(514) Metaspace: 52264K(55472K)->52264K(55472K) NonClass: 46476K(48304K)->46476K(48304K) Class: 5787K(7168K)->5787K(7168K)
[2025-11-08T14:42:41.238+0000][gc            ] GC(514) Pause Young (Normal) (G1 Evacuation Pause) 261M->227M(667M) 70.918ms
[2025-11-08T14:42:41.238+0000][gc,cpu        ] GC(514) User=0.09s Sys=0.02s Real=0.07s
[2025-11-08T14:42:44.359+0000][gc,start      ] GC(515) Pause Young (Normal) (G1 Evacuation Pause)
[2025-11-08T14:42:44.360+0000][gc,task       ] GC(515) Using 2 workers of 2 for evacuation
[2025-11-08T14:42:44.381+0000][gc,phases     ] GC(515)   Pre Evacuate Collection Set: 0.1ms
[2025-11-08T14:42:44.382+0000][gc,phases     ] GC(515)   Evacuate Collection Set: 17.9ms
[2025-11-08T14:42:44.382+0000][gc,phases     ] GC(515)   Post Evacuate Collection Set: 1.5ms
[2025-11-08T14:42:44.383+0000][gc,phases     ] GC(515)   Other: 3.2ms
[2025-11-08T14:42:44.384+0000][gc,heap       ] GC(515) Eden regions: 31->0(31)
[2025-11-08T14:42:44.385+0000][gc,heap       ] GC(515) Survivor regions: 2->2(5)
[2025-11-08T14:42:44.385+0000][gc,heap       ] GC(515) Old regions: 80->80
[2025-11-08T14:42:44.386+0000][gc,heap       ] GC(515) Humongous regions: 147->147
[2025-11-08T14:42:44.386+0000][gc,metaspace  ] GC(515) Metaspace: 52264K(55472K)->52264K(55472K) NonClass: 46476K(48304K)->46476K(48304K) Class: 5787K(7168K)->5787K(7168K)
[2025-11-08T14:42:44.386+0000][gc            ] GC(515) Pause Young (Normal) (G1 Evacuation Pause) 258M->227M(667M) 27.643ms
[2025-11-08T14:42:44.387+0000][gc,cpu        ] GC(515) User=0.04s Sys=0.00s Real=0.03s
[2025-11-08T14:42:47.209+0000][gc,start      ] GC(516) Pause Young (Normal) (G1 Evacuation Pause)
[2025-11-08T14:42:47.210+0000][gc,task       ] GC(516) Using 2 workers of 2 for evacuation
[2025-11-08T14:42:47.231+0000][gc,mmu        ] GC(516) MMU target violated: 20.8ms (20.0ms/21.0ms)
[2025-11-08T14:42:47.231+0000][gc,phases     ] GC(516)   Pre Evacuate Collection Set: 0.0ms
[2025-11-08T14:42:47.231+0000][gc,phases     ] GC(516)   Evacuate Collection Set: 19.4ms
[2025-11-08T14:42:47.232+0000][gc,phases     ] GC(516)   Post Evacuate Collection Set: 1.1ms
[2025-11-08T14:42:47.232+0000][gc,phases     ] GC(516)   Other: 1.4ms
[2025-11-08T14:42:47.232+0000][gc,heap       ] GC(516) Eden regions: 31->0(30)
[2025-11-08T14:42:47.233+0000][gc,heap       ] GC(516) Survivor regions: 2->3(5)
[2025-11-08T14:42:47.233+0000][gc,heap       ] GC(516) Old regions: 80->80
[2025-11-08T14:42:47.233+0000][gc,heap       ] GC(516) Humongous regions: 147->147
[2025-11-08T14:42:47.234+0000][gc,metaspace  ] GC(516) Metaspace: 52264K(55472K)->52264K(55472K) NonClass: 46476K(48304K)->46476K(48304K) Class: 5787K(7168K)->5787K(7168K)
[2025-11-08T14:42:47.234+0000][gc            ] GC(516) Pause Young (Normal) (G1 Evacuation Pause) 258M->229M(667M) 24.733ms
[2025-11-08T14:42:47.235+0000][gc,cpu        ] GC(516) User=0.04s Sys=0.00s Real=0.02s
[2025-11-08T14:42:50.173+0000][gc,start      ] GC(517) Pause Young (Normal) (G1 Evacuation Pause)
[2025-11-08T14:42:50.181+0000][gc,task       ] GC(517) Using 2 workers of 2 for evacuation
[2025-11-08T14:42:50.202+0000][gc,mmu        ] GC(517) MMU target violated: 20.5ms (20.0ms/21.0ms)
[2025-11-08T14:42:50.204+0000][gc,phases     ] GC(517)   Pre Evacuate Collection Set: 0.0ms
[2025-11-08T14:42:50.206+0000][gc,phases     ] GC(517)   Evacuate Collection Set: 18.1ms
[2025-11-08T14:42:50.206+0000][gc,phases     ] GC(517)   Post Evacuate Collection Set: 2.0ms
[2025-11-08T14:42:50.210+0000][gc,phases     ] GC(517)   Other: 10.9ms
[2025-11-08T14:42:50.212+0000][gc,heap       ] GC(517) Eden regions: 30->0(30)
[2025-11-08T14:42:50.213+0000][gc,heap       ] GC(517) Survivor regions: 3->3(5)
[2025-11-08T14:42:50.213+0000][gc,heap       ] GC(517) Old regions: 80->80
[2025-11-08T14:42:50.214+0000][gc,heap       ] GC(517) Humongous regions: 147->147
[2025-11-08T14:42:50.215+0000][gc,metaspace  ] GC(517) Metaspace: 52264K(55472K)->52264K(55472K) NonClass: 46476K(48304K)->46476K(48304K) Class: 5787K(7168K)->5787K(7168K)
[2025-11-08T14:42:50.215+0000][gc            ] GC(517) Pause Young (Normal) (G1 Evacuation Pause) 259M->229M(667M) 42.030ms
[2025-11-08T14:42:50.215+0000][gc,cpu        ] GC(517) User=0.05s Sys=0.00s Real=0.05s
[2025-11-08T14:42:53.064+0000][gc,start      ] GC(518) Pause Young (Normal) (G1 Evacuation Pause)
[2025-11-08T14:42:53.064+0000][gc,task       ] GC(518) Using 2 workers of 2 for evacuation
[2025-11-08T14:42:53.088+0000][gc,phases     ] GC(518)   Pre Evacuate Collection Set: 0.0ms
[2025-11-08T14:42:53.089+0000][gc,phases     ] GC(518)   Evacuate Collection Set: 17.1ms
[2025-11-08T14:42:53.089+0000][gc,phases     ] GC(518)   Post Evacuate Collection Set: 2.1ms
[2025-11-08T14:42:53.089+0000][gc,phases     ] GC(518)   Other: 4.9ms
[2025-11-08T14:42:53.090+0000][gc,heap       ] GC(518) Eden regions: 30->0(31)
[2025-11-08T14:42:53.090+0000][gc,heap       ] GC(518) Survivor regions: 3->2(5)
[2025-11-08T14:42:53.090+0000][gc,heap       ] GC(518) Old regions: 80->80
[2025-11-08T14:42:53.091+0000][gc,heap       ] GC(518) Humongous regions: 147->147
[2025-11-08T14:42:53.092+0000][gc,metaspace  ] GC(518) Metaspace: 52264K(55472K)->52264K(55472K) NonClass: 46476K(48304K)->46476K(48304K) Class: 5787K(7168K)->5787K(7168K)
[2025-11-08T14:42:53.092+0000][gc            ] GC(518) Pause Young (Normal) (G1 Evacuation Pause) 259M->228M(667M) 28.212ms
[2025-11-08T14:42:53.092+0000][gc,cpu        ] GC(518) User=0.04s Sys=0.00s Real=0.03s
[2025-11-08T14:42:56.090+0000][gc,start      ] GC(519) Pause Young (Normal) (G1 Evacuation Pause)
[2025-11-08T14:42:56.090+0000][gc,task       ] GC(519) Using 2 workers of 2 for evacuation
[2025-11-08T14:42:56.103+0000][gc,phases     ] GC(519)   Pre Evacuate Collection Set: 0.0ms
[2025-11-08T14:42:56.104+0000][gc,phases     ] GC(519)   Evacuate Collection Set: 11.0ms
[2025-11-08T14:42:56.104+0000][gc,phases     ] GC(519)   Post Evacuate Collection Set: 1.5ms
[2025-11-08T14:42:56.104+0000][gc,phases     ] GC(519)   Other: 1.0ms
[2025-11-08T14:42:56.105+0000][gc,heap       ] GC(519) Eden regions: 31->0(31)
[2025-11-08T14:42:56.105+0000][gc,heap       ] GC(519) Survivor regions: 2->2(5)
[2025-11-08T14:42:56.105+0000][gc,heap       ] GC(519) Old regions: 80->80
[2025-11-08T14:42:56.106+0000][gc,heap       ] GC(519) Humongous regions: 147->147
[2025-11-08T14:42:56.106+0000][gc,metaspace  ] GC(519) Metaspace: 52264K(55472K)->52264K(55472K) NonClass: 46476K(48304K)->46476K(48304K) Class: 5787K(7168K)->5787K(7168K)
[2025-11-08T14:42:56.107+0000][gc            ] GC(519) Pause Young (Normal) (G1 Evacuation Pause) 259M->228M(667M) 16.807ms
[2025-11-08T14:42:56.107+0000][gc,cpu        ] GC(519) User=0.02s Sys=0.00s Real=0.02s
[2025-11-08T14:42:58.982+0000][gc,start      ] GC(520) Pause Young (Normal) (G1 Evacuation Pause)
[2025-11-08T14:42:58.984+0000][gc,task       ] GC(520) Using 2 workers of 2 for evacuation
[2025-11-08T14:42:59.003+0000][gc,phases     ] GC(520)   Pre Evacuate Collection Set: 0.0ms
[2025-11-08T14:42:59.004+0000][gc,phases     ] GC(520)   Evacuate Collection Set: 16.9ms
[2025-11-08T14:42:59.006+0000][gc,phases     ] GC(520)   Post Evacuate Collection Set: 1.4ms
[2025-11-08T14:42:59.006+0000][gc,phases     ] GC(520)   Other: 2.9ms
[2025-11-08T14:42:59.006+0000][gc,heap       ] GC(520) Eden regions: 31->0(31)
[2025-11-08T14:42:59.007+0000][gc,heap       ] GC(520) Survivor regions: 2->2(5)
[2025-11-08T14:42:59.007+0000][gc,heap       ] GC(520) Old regions: 80->80
[2025-11-08T14:42:59.007+0000][gc,heap       ] GC(520) Humongous regions: 147->147
[2025-11-08T14:42:59.008+0000][gc,metaspace  ] GC(520) Metaspace: 52264K(55472K)->52264K(55472K) NonClass: 46476K(48304K)->46476K(48304K) Class: 5787K(7168K)->5787K(7168K)
[2025-11-08T14:42:59.008+0000][gc            ] GC(520) Pause Young (Normal) (G1 Evacuation Pause) 259M->228M(667M) 26.120ms
[2025-11-08T14:42:59.009+0000][gc,cpu        ] GC(520) User=0.03s Sys=0.00s Real=0.03s
[2025-11-08T14:43:02.152+0000][gc,start      ] GC(521) Pause Young (Normal) (G1 Evacuation Pause)
[2025-11-08T14:43:02.153+0000][gc,task       ] GC(521) Using 2 workers of 2 for evacuation
[2025-11-08T14:43:02.175+0000][gc,mmu        ] GC(521) MMU target violated: 21.0ms (20.0ms/21.0ms)
[2025-11-08T14:43:02.177+0000][gc,phases     ] GC(521)   Pre Evacuate Collection Set: 0.1ms
[2025-11-08T14:43:02.180+0000][gc,phases     ] GC(521)   Evacuate Collection Set: 20.0ms
[2025-11-08T14:43:02.181+0000][gc,phases     ] GC(521)   Post Evacuate Collection Set: 1.5ms
[2025-11-08T14:43:02.181+0000][gc,phases     ] GC(521)   Other: 3.4ms
[2025-11-08T14:43:02.182+0000][gc,heap       ] GC(521) Eden regions: 31->0(30)
[2025-11-08T14:43:02.182+0000][gc,heap       ] GC(521) Survivor regions: 2->3(5)
[2025-11-08T14:43:02.183+0000][gc,heap       ] GC(521) Old regions: 80->80
[2025-11-08T14:43:02.183+0000][gc,heap       ] GC(521) Humongous regions: 147->147
[2025-11-08T14:43:02.184+0000][gc,metaspace  ] GC(521) Metaspace: 52264K(55472K)->52264K(55472K) NonClass: 46476K(48304K)->46476K(48304K) Class: 5787K(7168K)->5787K(7168K)
[2025-11-08T14:43:02.184+0000][gc            ] GC(521) Pause Young (Normal) (G1 Evacuation Pause) 259M->229M(667M) 32.006ms
[2025-11-08T14:43:02.186+0000][gc,cpu        ] GC(521) User=0.04s Sys=0.00s Real=0.04s
[2025-11-08T14:43:04.908+0000][gc,start      ] GC(522) Pause Young (Normal) (G1 Evacuation Pause)
[2025-11-08T14:43:04.909+0000][gc,task       ] GC(522) Using 2 workers of 2 for evacuation
[2025-11-08T14:43:04.930+0000][gc,phases     ] GC(522)   Pre Evacuate Collection Set: 0.0ms
[2025-11-08T14:43:04.930+0000][gc,phases     ] GC(522)   Evacuate Collection Set: 17.8ms
[2025-11-08T14:43:04.930+0000][gc,phases     ] GC(522)   Post Evacuate Collection Set: 1.2ms
[2025-11-08T14:43:04.931+0000][gc,phases     ] GC(522)   Other: 2.1ms
[2025-11-08T14:43:04.940+0000][gc,heap       ] GC(522) Eden regions: 30->0(30)
[2025-11-08T14:43:04.941+0000][gc,heap       ] GC(522) Survivor regions: 3->3(5)
[2025-11-08T14:43:04.942+0000][gc,heap       ] GC(522) Old regions: 80->81
[2025-11-08T14:43:04.942+0000][gc,heap       ] GC(522) Humongous regions: 147->147
[2025-11-08T14:43:04.947+0000][gc,metaspace  ] GC(522) Metaspace: 52264K(55472K)->52264K(55472K) NonClass: 46476K(48304K)->46476K(48304K) Class: 5787K(7168K)->5787K(7168K)
[2025-11-08T14:43:04.949+0000][gc            ] GC(522) Pause Young (Normal) (G1 Evacuation Pause) 259M->229M(667M) 40.089ms
[2025-11-08T14:43:04.949+0000][gc,cpu        ] GC(522) User=0.04s Sys=0.00s Real=0.04s
[2025-11-08T14:43:08.189+0000][gc,start      ] GC(523) Pause Young (Normal) (G1 Evacuation Pause)
[2025-11-08T14:43:08.189+0000][gc,task       ] GC(523) Using 2 workers of 2 for evacuation
[2025-11-08T14:43:08.211+0000][gc,mmu        ] GC(523) MMU target violated: 21.0ms (20.0ms/21.0ms)
[2025-11-08T14:43:08.213+0000][gc,phases     ] GC(523)   Pre Evacuate Collection Set: 0.0ms
[2025-11-08T14:43:08.213+0000][gc,phases     ] GC(523)   Evacuate Collection Set: 18.7ms
[2025-11-08T14:43:08.214+0000][gc,phases     ] GC(523)   Post Evacuate Collection Set: 1.9ms
[2025-11-08T14:43:08.214+0000][gc,phases     ] GC(523)   Other: 3.5ms
[2025-11-08T14:43:08.214+0000][gc,heap       ] GC(523) Eden regions: 30->0(31)
[2025-11-08T14:43:08.216+0000][gc,heap       ] GC(523) Survivor regions: 3->2(5)
[2025-11-08T14:43:08.216+0000][gc,heap       ] GC(523) Old regions: 81->81
[2025-11-08T14:43:08.216+0000][gc,heap       ] GC(523) Humongous regions: 147->147
[2025-11-08T14:43:08.217+0000][gc,metaspace  ] GC(523) Metaspace: 52265K(55472K)->52265K(55472K) NonClass: 46477K(48304K)->46477K(48304K) Class: 5787K(7168K)->5787K(7168K)
[2025-11-08T14:43:08.217+0000][gc            ] GC(523) Pause Young (Normal) (G1 Evacuation Pause) 259M->229M(667M) 28.368ms
[2025-11-08T14:43:08.218+0000][gc,cpu        ] GC(523) User=0.04s Sys=0.00s Real=0.03s
[2025-11-08T14:43:11.258+0000][gc,start      ] GC(524) Pause Young (Normal) (G1 Evacuation Pause)
[2025-11-08T14:43:11.258+0000][gc,task       ] GC(524) Using 2 workers of 2 for evacuation
[2025-11-08T14:43:11.279+0000][gc,mmu        ] GC(524) MMU target violated: 20.0ms (20.0ms/21.0ms)
[2025-11-08T14:43:11.279+0000][gc,phases     ] GC(524)   Pre Evacuate Collection Set: 0.0ms
[2025-11-08T14:43:11.280+0000][gc,phases     ] GC(524)   Evacuate Collection Set: 16.8ms
[2025-11-08T14:43:11.281+0000][gc,phases     ] GC(524)   Post Evacuate Collection Set: 2.9ms
[2025-11-08T14:43:11.281+0000][gc,phases     ] GC(524)   Other: 2.1ms
[2025-11-08T14:43:11.281+0000][gc,heap       ] GC(524) Eden regions: 31->0(31)
[2025-11-08T14:43:11.282+0000][gc,heap       ] GC(524) Survivor regions: 2->2(5)
[2025-11-08T14:43:11.282+0000][gc,heap       ] GC(524) Old regions: 81->81
[2025-11-08T14:43:11.282+0000][gc,heap       ] GC(524) Humongous regions: 147->147
[2025-11-08T14:43:11.283+0000][gc,metaspace  ] GC(524) Metaspace: 52265K(55472K)->52265K(55472K) NonClass: 46477K(48304K)->46477K(48304K) Class: 5787K(7168K)->5787K(7168K)
[2025-11-08T14:43:11.283+0000][gc            ] GC(524) Pause Young (Normal) (G1 Evacuation Pause) 260M->228M(667M) 25.352ms
[2025-11-08T14:43:11.284+0000][gc,cpu        ] GC(524) User=0.04s Sys=0.00s Real=0.02s
[2025-11-08T14:43:14.320+0000][gc,start      ] GC(525) Pause Young (Normal) (G1 Evacuation Pause)
[2025-11-08T14:43:14.321+0000][gc,task       ] GC(525) Using 2 workers of 2 for evacuation
[2025-11-08T14:43:14.347+0000][gc,mmu        ] GC(525) MMU target violated: 21.0ms (20.0ms/21.0ms)
[2025-11-08T14:43:14.348+0000][gc,phases     ] GC(525)   Pre Evacuate Collection Set: 0.0ms
[2025-11-08T14:43:14.348+0000][gc,phases     ] GC(525)   Evacuate Collection Set: 23.3ms
[2025-11-08T14:43:14.348+0000][gc,phases     ] GC(525)   Post Evacuate Collection Set: 1.6ms
[2025-11-08T14:43:14.349+0000][gc,phases     ] GC(525)   Other: 2.8ms
[2025-11-08T14:43:14.350+0000][gc,heap       ] GC(525) Eden regions: 31->0(29)
[2025-11-08T14:43:14.350+0000][gc,heap       ] GC(525) Survivor regions: 2->4(5)
[2025-11-08T14:43:14.351+0000][gc,heap       ] GC(525) Old regions: 81->81
[2025-11-08T14:43:14.352+0000][gc,heap       ] GC(525) Humongous regions: 147->147
[2025-11-08T14:43:14.354+0000][gc,metaspace  ] GC(525) Metaspace: 52265K(55472K)->52265K(55472K) NonClass: 46477K(48304K)->46477K(48304K) Class: 5787K(7168K)->5787K(7168K)
[2025-11-08T14:43:14.355+0000][gc            ] GC(525) Pause Young (Normal) (G1 Evacuation Pause) 259M->230M(667M) 34.724ms
[2025-11-08T14:43:14.356+0000][gc,cpu        ] GC(525) User=0.05s Sys=0.00s Real=0.04s
[2025-11-08T14:43:16.958+0000][gc,start      ] GC(526) Pause Young (Normal) (G1 Evacuation Pause)
[2025-11-08T14:43:16.958+0000][gc,task       ] GC(526) Using 2 workers of 2 for evacuation
[2025-11-08T14:43:16.983+0000][gc,mmu        ] GC(526) MMU target violated: 21.0ms (20.0ms/21.0ms)
[2025-11-08T14:43:16.983+0000][gc,phases     ] GC(526)   Pre Evacuate Collection Set: 0.0ms
[2025-11-08T14:43:16.984+0000][gc,phases     ] GC(526)   Evacuate Collection Set: 21.4ms
[2025-11-08T14:43:16.985+0000][gc,phases     ] GC(526)   Post Evacuate Collection Set: 1.7ms
[2025-11-08T14:43:16.985+0000][gc,phases     ] GC(526)   Other: 2.7ms
[2025-11-08T14:43:16.985+0000][gc,heap       ] GC(526) Eden regions: 29->0(31)
[2025-11-08T14:43:16.986+0000][gc,heap       ] GC(526) Survivor regions: 4->2(5)
[2025-11-08T14:43:16.986+0000][gc,heap       ] GC(526) Old regions: 81->81
[2025-11-08T14:43:16.987+0000][gc,heap       ] GC(526) Humongous regions: 147->147
[2025-11-08T14:43:16.987+0000][gc,metaspace  ] GC(526) Metaspace: 52265K(55472K)->52265K(55472K) NonClass: 46477K(48304K)->46477K(48304K) Class: 5787K(7168K)->5787K(7168K)
[2025-11-08T14:43:16.988+0000][gc            ] GC(526) Pause Young (Normal) (G1 Evacuation Pause) 259M->229M(667M) 30.424ms
[2025-11-08T14:43:16.989+0000][gc,cpu        ] GC(526) User=0.04s Sys=0.00s Real=0.03s
[2025-11-08T14:43:20.053+0000][gc,start      ] GC(527) Pause Young (Normal) (G1 Evacuation Pause)
[2025-11-08T14:43:20.055+0000][gc,task       ] GC(527) Using 2 workers of 2 for evacuation
[2025-11-08T14:43:20.088+0000][gc,mmu        ] GC(527) MMU target violated: 21.0ms (20.0ms/21.0ms)
[2025-11-08T14:43:20.089+0000][gc,phases     ] GC(527)   Pre Evacuate Collection Set: 0.0ms
[2025-11-08T14:43:20.089+0000][gc,phases     ] GC(527)   Evacuate Collection Set: 28.8ms
[2025-11-08T14:43:20.090+0000][gc,phases     ] GC(527)   Post Evacuate Collection Set: 2.0ms
[2025-11-08T14:43:20.090+0000][gc,phases     ] GC(527)   Other: 5.3ms
[2025-11-08T14:43:20.091+0000][gc,heap       ] GC(527) Eden regions: 31->0(31)
[2025-11-08T14:43:20.091+0000][gc,heap       ] GC(527) Survivor regions: 2->2(5)
[2025-11-08T14:43:20.092+0000][gc,heap       ] GC(527) Old regions: 81->81
[2025-11-08T14:43:20.092+0000][gc,heap       ] GC(527) Humongous regions: 147->147
[2025-11-08T14:43:20.092+0000][gc,metaspace  ] GC(527) Metaspace: 52265K(55472K)->52265K(55472K) NonClass: 46477K(48304K)->46477K(48304K) Class: 5787K(7168K)->5787K(7168K)
[2025-11-08T14:43:20.094+0000][gc            ] GC(527) Pause Young (Normal) (G1 Evacuation Pause) 260M->229M(667M) 40.967ms
[2025-11-08T14:43:20.095+0000][gc,cpu        ] GC(527) User=0.06s Sys=0.00s Real=0.05s
[2025-11-08T14:43:23.157+0000][gc,start      ] GC(528) Pause Young (Normal) (G1 Evacuation Pause)
[2025-11-08T14:43:23.157+0000][gc,task       ] GC(528) Using 2 workers of 2 for evacuation
[2025-11-08T14:43:23.175+0000][gc,phases     ] GC(528)   Pre Evacuate Collection Set: 0.0ms
[2025-11-08T14:43:23.176+0000][gc,phases     ] GC(528)   Evacuate Collection Set: 15.0ms
[2025-11-08T14:43:23.176+0000][gc,phases     ] GC(528)   Post Evacuate Collection Set: 1.6ms
[2025-11-08T14:43:23.177+0000][gc,phases     ] GC(528)   Other: 2.1ms
[2025-11-08T14:43:23.177+0000][gc,heap       ] GC(528) Eden regions: 31->0(31)
[2025-11-08T14:43:23.178+0000][gc,heap       ] GC(528) Survivor regions: 2->2(5)
[2025-11-08T14:43:23.178+0000][gc,heap       ] GC(528) Old regions: 81->81
[2025-11-08T14:43:23.179+0000][gc,heap       ] GC(528) Humongous regions: 147->147
[2025-11-08T14:43:23.179+0000][gc,metaspace  ] GC(528) Metaspace: 52265K(55472K)->52265K(55472K) NonClass: 46477K(48304K)->46477K(48304K) Class: 5787K(7168K)->5787K(7168K)
[2025-11-08T14:43:23.180+0000][gc            ] GC(528) Pause Young (Normal) (G1 Evacuation Pause) 260M->229M(667M) 22.895ms
[2025-11-08T14:43:23.180+0000][gc,cpu        ] GC(528) User=0.04s Sys=0.00s Real=0.02s
[2025-11-08T14:43:26.391+0000][gc,start      ] GC(529) Pause Young (Normal) (G1 Evacuation Pause)
[2025-11-08T14:43:26.392+0000][gc,task       ] GC(529) Using 2 workers of 2 for evacuation
[2025-11-08T14:43:26.409+0000][gc,phases     ] GC(529)   Pre Evacuate Collection Set: 0.0ms
[2025-11-08T14:43:26.409+0000][gc,phases     ] GC(529)   Evacuate Collection Set: 14.4ms
[2025-11-08T14:43:26.409+0000][gc,phases     ] GC(529)   Post Evacuate Collection Set: 1.7ms
[2025-11-08T14:43:26.410+0000][gc,phases     ] GC(529)   Other: 1.2ms
[2025-11-08T14:43:26.410+0000][gc,heap       ] GC(529) Eden regions: 31->0(31)
[2025-11-08T14:43:26.411+0000][gc,heap       ] GC(529) Survivor regions: 2->2(5)
[2025-11-08T14:43:26.411+0000][gc,heap       ] GC(529) Old regions: 81->81
[2025-11-08T14:43:26.411+0000][gc,heap       ] GC(529) Humongous regions: 147->147
[2025-11-08T14:43:26.412+0000][gc,metaspace  ] GC(529) Metaspace: 52265K(55472K)->52265K(55472K) NonClass: 46477K(48304K)->46477K(48304K) Class: 5787K(7168K)->5787K(7168K)
[2025-11-08T14:43:26.412+0000][gc            ] GC(529) Pause Young (Normal) (G1 Evacuation Pause) 260M->228M(667M) 20.660ms
[2025-11-08T14:43:26.412+0000][gc,cpu        ] GC(529) User=0.04s Sys=0.00s Real=0.02s
[2025-11-08T14:43:29.649+0000][gc,start      ] GC(530) Pause Young (Normal) (G1 Evacuation Pause)
[2025-11-08T14:43:29.650+0000][gc,task       ] GC(530) Using 2 workers of 2 for evacuation
[2025-11-08T14:43:29.670+0000][gc,phases     ] GC(530)   Pre Evacuate Collection Set: 0.1ms
[2025-11-08T14:43:29.670+0000][gc,phases     ] GC(530)   Evacuate Collection Set: 17.6ms
[2025-11-08T14:43:29.671+0000][gc,phases     ] GC(530)   Post Evacuate Collection Set: 1.9ms
[2025-11-08T14:43:29.672+0000][gc,phases     ] GC(530)   Other: 1.6ms
[2025-11-08T14:43:29.672+0000][gc,heap       ] GC(530) Eden regions: 31->0(30)
[2025-11-08T14:43:29.673+0000][gc,heap       ] GC(530) Survivor regions: 2->3(5)
[2025-11-08T14:43:29.673+0000][gc,heap       ] GC(530) Old regions: 81->81
[2025-11-08T14:43:29.674+0000][gc,heap       ] GC(530) Humongous regions: 147->147
[2025-11-08T14:43:29.675+0000][gc,metaspace  ] GC(530) Metaspace: 52265K(55472K)->52265K(55472K) NonClass: 46477K(48304K)->46477K(48304K) Class: 5787K(7168K)->5787K(7168K)
[2025-11-08T14:43:29.675+0000][gc            ] GC(530) Pause Young (Normal) (G1 Evacuation Pause) 259M->230M(667M) 26.617ms
[2025-11-08T14:43:29.676+0000][gc,cpu        ] GC(530) User=0.04s Sys=0.00s Real=0.03s
[2025-11-08T14:43:32.783+0000][gc,start      ] GC(531) Pause Young (Normal) (G1 Evacuation Pause)
[2025-11-08T14:43:32.783+0000][gc,task       ] GC(531) Using 2 workers of 2 for evacuation
[2025-11-08T14:43:32.801+0000][gc,phases     ] GC(531)   Pre Evacuate Collection Set: 0.0ms
[2025-11-08T14:43:32.801+0000][gc,phases     ] GC(531)   Evacuate Collection Set: 15.1ms
[2025-11-08T14:43:32.802+0000][gc,phases     ] GC(531)   Post Evacuate Collection Set: 1.2ms
[2025-11-08T14:43:32.802+0000][gc,phases     ] GC(531)   Other: 1.8ms
[2025-11-08T14:43:32.803+0000][gc,heap       ] GC(531) Eden regions: 30->0(30)
[2025-11-08T14:43:32.803+0000][gc,heap       ] GC(531) Survivor regions: 3->3(5)
[2025-11-08T14:43:32.804+0000][gc,heap       ] GC(531) Old regions: 81->82
[2025-11-08T14:43:32.804+0000][gc,heap       ] GC(531) Humongous regions: 147->147
[2025-11-08T14:43:32.804+0000][gc,metaspace  ] GC(531) Metaspace: 52265K(55472K)->52265K(55472K) NonClass: 46477K(48304K)->46477K(48304K) Class: 5787K(7168K)->5787K(7168K)
[2025-11-08T14:43:32.805+0000][gc            ] GC(531) Pause Young (Normal) (G1 Evacuation Pause) 260M->230M(667M) 22.041ms
[2025-11-08T14:43:32.805+0000][gc,cpu        ] GC(531) User=0.03s Sys=0.00s Real=0.03s
[2025-11-08T14:43:35.525+0000][gc,start      ] GC(532) Pause Young (Normal) (G1 Evacuation Pause)
[2025-11-08T14:43:35.525+0000][gc,task       ] GC(532) Using 2 workers of 2 for evacuation
[2025-11-08T14:43:35.542+0000][gc,phases     ] GC(532)   Pre Evacuate Collection Set: 0.0ms
[2025-11-08T14:43:35.543+0000][gc,phases     ] GC(532)   Evacuate Collection Set: 14.5ms
[2025-11-08T14:43:35.544+0000][gc,phases     ] GC(532)   Post Evacuate Collection Set: 1.8ms
[2025-11-08T14:43:35.545+0000][gc,phases     ] GC(532)   Other: 1.0ms
[2025-11-08T14:43:35.545+0000][gc,heap       ] GC(532) Eden regions: 30->0(31)
[2025-11-08T14:43:35.545+0000][gc,heap       ] GC(532) Survivor regions: 3->2(5)
[2025-11-08T14:43:35.546+0000][gc,heap       ] GC(532) Old regions: 82->82
[2025-11-08T14:43:35.546+0000][gc,heap       ] GC(532) Humongous regions: 147->147
[2025-11-08T14:43:35.547+0000][gc,metaspace  ] GC(532) Metaspace: 52265K(55472K)->52265K(55472K) NonClass: 46477K(48304K)->46477K(48304K) Class: 5787K(7168K)->5787K(7168K)
[2025-11-08T14:43:35.547+0000][gc            ] GC(532) Pause Young (Normal) (G1 Evacuation Pause) 260M->230M(667M) 22.677ms
[2025-11-08T14:43:35.548+0000][gc,cpu        ] GC(532) User=0.03s Sys=0.00s Real=0.02s
[2025-11-08T14:43:38.666+0000][gc,start      ] GC(533) Pause Young (Normal) (G1 Evacuation Pause)
[2025-11-08T14:43:38.667+0000][gc,task       ] GC(533) Using 2 workers of 2 for evacuation
[2025-11-08T14:43:38.684+0000][gc,phases     ] GC(533)   Pre Evacuate Collection Set: 0.0ms
[2025-11-08T14:43:38.684+0000][gc,phases     ] GC(533)   Evacuate Collection Set: 14.2ms
[2025-11-08T14:43:38.685+0000][gc,phases     ] GC(533)   Post Evacuate Collection Set: 1.6ms
[2025-11-08T14:43:38.685+0000][gc,phases     ] GC(533)   Other: 1.7ms
[2025-11-08T14:43:38.686+0000][gc,heap       ] GC(533) Eden regions: 31->0(32)
[2025-11-08T14:43:38.686+0000][gc,heap       ] GC(533) Survivor regions: 2->2(5)
[2025-11-08T14:43:38.686+0000][gc,heap       ] GC(533) Old regions: 82->82
[2025-11-08T14:43:38.687+0000][gc,heap       ] GC(533) Humongous regions: 147->147
[2025-11-08T14:43:38.687+0000][gc,metaspace  ] GC(533) Metaspace: 52265K(55472K)->52265K(55472K) NonClass: 46477K(48304K)->46477K(48304K) Class: 5787K(7168K)->5787K(7168K)
[2025-11-08T14:43:38.688+0000][gc            ] GC(533) Pause Young (Normal) (G1 Evacuation Pause) 261M->229M(667M) 21.953ms
[2025-11-08T14:43:38.689+0000][gc,cpu        ] GC(533) User=0.04s Sys=0.00s Real=0.02s
[2025-11-08T14:43:41.771+0000][gc,start      ] GC(534) Pause Young (Normal) (G1 Evacuation Pause)
[2025-11-08T14:43:41.771+0000][gc,task       ] GC(534) Using 2 workers of 2 for evacuation
[2025-11-08T14:43:41.785+0000][gc,phases     ] GC(534)   Pre Evacuate Collection Set: 0.0ms
[2025-11-08T14:43:41.786+0000][gc,phases     ] GC(534)   Evacuate Collection Set: 11.9ms
[2025-11-08T14:43:41.786+0000][gc,phases     ] GC(534)   Post Evacuate Collection Set: 1.4ms
[2025-11-08T14:43:41.786+0000][gc,phases     ] GC(534)   Other: 1.0ms
[2025-11-08T14:43:41.787+0000][gc,heap       ] GC(534) Eden regions: 32->0(34)
[2025-11-08T14:43:41.787+0000][gc,heap       ] GC(534) Survivor regions: 2->2(5)
[2025-11-08T14:43:41.787+0000][gc,heap       ] GC(534) Old regions: 82->82
[2025-11-08T14:43:41.787+0000][gc,heap       ] GC(534) Humongous regions: 147->147
[2025-11-08T14:43:41.788+0000][gc,metaspace  ] GC(534) Metaspace: 52265K(55472K)->52265K(55472K) NonClass: 46477K(48304K)->46477K(48304K) Class: 5787K(7168K)->5787K(7168K)
[2025-11-08T14:43:41.788+0000][gc            ] GC(534) Pause Young (Normal) (G1 Evacuation Pause) 261M->229M(667M) 17.576ms
[2025-11-08T14:43:41.789+0000][gc,cpu        ] GC(534) User=0.03s Sys=0.00s Real=0.02s
[2025-11-08T14:43:44.710+0000][gc,start      ] GC(535) Pause Young (Normal) (G1 Evacuation Pause)
[2025-11-08T14:43:44.710+0000][gc,task       ] GC(535) Using 2 workers of 2 for evacuation
[2025-11-08T14:43:44.727+0000][gc,phases     ] GC(535)   Pre Evacuate Collection Set: 0.1ms
[2025-11-08T14:43:44.727+0000][gc,phases     ] GC(535)   Evacuate Collection Set: 12.2ms
[2025-11-08T14:43:44.728+0000][gc,phases     ] GC(535)   Post Evacuate Collection Set: 1.2ms
[2025-11-08T14:43:44.728+0000][gc,phases     ] GC(535)   Other: 3.8ms
[2025-11-08T14:43:44.731+0000][gc,heap       ] GC(535) Eden regions: 34->0(35)
[2025-11-08T14:43:44.732+0000][gc,heap       ] GC(535) Survivor regions: 2->2(5)
[2025-11-08T14:43:44.732+0000][gc,heap       ] GC(535) Old regions: 82->82
[2025-11-08T14:43:44.733+0000][gc,heap       ] GC(535) Humongous regions: 147->147
[2025-11-08T14:43:44.733+0000][gc,metaspace  ] GC(535) Metaspace: 52265K(55472K)->52265K(55472K) NonClass: 46477K(48304K)->46477K(48304K) Class: 5787K(7168K)->5787K(7168K)
[2025-11-08T14:43:44.733+0000][gc            ] GC(535) Pause Young (Normal) (G1 Evacuation Pause) 263M->229M(667M) 23.963ms
[2025-11-08T14:43:44.734+0000][gc,cpu        ] GC(535) User=0.03s Sys=0.00s Real=0.02s
[2025-11-08T14:43:47.907+0000][gc,start      ] GC(536) Pause Young (Normal) (G1 Evacuation Pause)
[2025-11-08T14:43:47.907+0000][gc,task       ] GC(536) Using 2 workers of 2 for evacuation
[2025-11-08T14:43:47.923+0000][gc,phases     ] GC(536)   Pre Evacuate Collection Set: 0.0ms
[2025-11-08T14:43:47.923+0000][gc,phases     ] GC(536)   Evacuate Collection Set: 13.0ms
[2025-11-08T14:43:47.924+0000][gc,phases     ] GC(536)   Post Evacuate Collection Set: 1.1ms
[2025-11-08T14:43:47.924+0000][gc,phases     ] GC(536)   Other: 1.6ms
[2025-11-08T14:43:47.925+0000][gc,heap       ] GC(536) Eden regions: 35->0(37)
[2025-11-08T14:43:47.925+0000][gc,heap       ] GC(536) Survivor regions: 2->2(5)
[2025-11-08T14:43:47.925+0000][gc,heap       ] GC(536) Old regions: 82->82
[2025-11-08T14:43:47.925+0000][gc,heap       ] GC(536) Humongous regions: 147->147
[2025-11-08T14:43:47.926+0000][gc,metaspace  ] GC(536) Metaspace: 52265K(55472K)->52265K(55472K) NonClass: 46477K(48304K)->46477K(48304K) Class: 5787K(7168K)->5787K(7168K)
[2025-11-08T14:43:47.926+0000][gc            ] GC(536) Pause Young (Normal) (G1 Evacuation Pause) 264M->229M(667M) 18.933ms
[2025-11-08T14:43:47.926+0000][gc,cpu        ] GC(536) User=0.03s Sys=0.00s Real=0.02s
[2025-11-08T14:43:51.263+0000][gc,start      ] GC(537) Pause Young (Normal) (G1 Evacuation Pause)
[2025-11-08T14:43:51.264+0000][gc,task       ] GC(537) Using 2 workers of 2 for evacuation
[2025-11-08T14:43:51.284+0000][gc,phases     ] GC(537)   Pre Evacuate Collection Set: 0.0ms
[2025-11-08T14:43:51.285+0000][gc,phases     ] GC(537)   Evacuate Collection Set: 16.7ms
[2025-11-08T14:43:51.285+0000][gc,phases     ] GC(537)   Post Evacuate Collection Set: 1.9ms
[2025-11-08T14:43:51.285+0000][gc,phases     ] GC(537)   Other: 2.5ms
[2025-11-08T14:43:51.285+0000][gc,heap       ] GC(537) Eden regions: 37->0(38)
[2025-11-08T14:43:51.286+0000][gc,heap       ] GC(537) Survivor regions: 2->3(5)
[2025-11-08T14:43:51.286+0000][gc,heap       ] GC(537) Old regions: 82->82
[2025-11-08T14:43:51.286+0000][gc,heap       ] GC(537) Humongous regions: 147->147
[2025-11-08T14:43:51.286+0000][gc,metaspace  ] GC(537) Metaspace: 52265K(55472K)->52265K(55472K) NonClass: 46477K(48304K)->46477K(48304K) Class: 5787K(7168K)->5787K(7168K)
[2025-11-08T14:43:51.287+0000][gc            ] GC(537) Pause Young (Normal) (G1 Evacuation Pause) 266M->230M(667M) 23.698ms
[2025-11-08T14:43:51.287+0000][gc,cpu        ] GC(537) User=0.03s Sys=0.00s Real=0.03s
[2025-11-08T14:43:54.182+0000][gc,start      ] GC(538) Pause Young (Normal) (G1 Evacuation Pause)
[2025-11-08T14:43:54.182+0000][gc,task       ] GC(538) Using 2 workers of 2 for evacuation
[2025-11-08T14:43:54.204+0000][gc,mmu        ] GC(538) MMU target violated: 20.4ms (20.0ms/21.0ms)
[2025-11-08T14:43:54.204+0000][gc,phases     ] GC(538)   Pre Evacuate Collection Set: 0.1ms
[2025-11-08T14:43:54.205+0000][gc,phases     ] GC(538)   Evacuate Collection Set: 17.4ms
[2025-11-08T14:43:54.205+0000][gc,phases     ] GC(538)   Post Evacuate Collection Set: 2.2ms
[2025-11-08T14:43:54.205+0000][gc,phases     ] GC(538)   Other: 3.0ms
[2025-11-08T14:43:54.206+0000][gc,heap       ] GC(538) Eden regions: 30->0(36)
[2025-11-08T14:43:54.206+0000][gc,heap       ] GC(538) Survivor regions: 3->2(5)
[2025-11-08T14:43:54.207+0000][gc,heap       ] GC(538) Old regions: 82->82
[2025-11-08T14:43:54.207+0000][gc,heap       ] GC(538) Humongous regions: 147->147
[2025-11-08T14:43:54.208+0000][gc,metaspace  ] GC(538) Metaspace: 52265K(55472K)->52265K(55472K) NonClass: 46477K(48304K)->46477K(48304K) Class: 5787K(7168K)->5787K(7168K)
[2025-11-08T14:43:54.208+0000][gc            ] GC(538) Pause Young (Normal) (G1 Evacuation Pause) 260M->229M(667M) 26.424ms
[2025-11-08T14:43:54.209+0000][gc,cpu        ] GC(538) User=0.04s Sys=0.00s Real=0.03s
[2025-11-08T14:43:57.002+0000][gc,start      ] GC(539) Pause Young (Normal) (G1 Evacuation Pause)
[2025-11-08T14:43:57.003+0000][gc,task       ] GC(539) Using 2 workers of 2 for evacuation
[2025-11-08T14:43:57.021+0000][gc,phases     ] GC(539)   Pre Evacuate Collection Set: 0.0ms
[2025-11-08T14:43:57.021+0000][gc,phases     ] GC(539)   Evacuate Collection Set: 15.5ms
[2025-11-08T14:43:57.022+0000][gc,phases     ] GC(539)   Post Evacuate Collection Set: 1.2ms
[2025-11-08T14:43:57.022+0000][gc,phases     ] GC(539)   Other: 2.0ms
[2025-11-08T14:43:57.022+0000][gc,heap       ] GC(539) Eden regions: 31->0(33)
[2025-11-08T14:43:57.022+0000][gc,heap       ] GC(539) Survivor regions: 2->4(5)
[2025-11-08T14:43:57.023+0000][gc,heap       ] GC(539) Old regions: 82->82
[2025-11-08T14:43:57.023+0000][gc,heap       ] GC(539) Humongous regions: 147->147
[2025-11-08T14:43:57.024+0000][gc,metaspace  ] GC(539) Metaspace: 52265K(55472K)->52265K(55472K) NonClass: 46477K(48304K)->46477K(48304K) Class: 5787K(7168K)->5787K(7168K)
[2025-11-08T14:43:57.024+0000][gc            ] GC(539) Pause Young (Normal) (G1 Evacuation Pause) 260M->231M(667M) 21.703ms
[2025-11-08T14:43:57.024+0000][gc,cpu        ] GC(539) User=0.04s Sys=0.00s Real=0.02s
[2025-11-08T14:43:59.677+0000][gc,start      ] GC(540) Pause Young (Normal) (G1 Evacuation Pause)
[2025-11-08T14:43:59.678+0000][gc,task       ] GC(540) Using 2 workers of 2 for evacuation
[2025-11-08T14:43:59.695+0000][gc,phases     ] GC(540)   Pre Evacuate Collection Set: 0.0ms
[2025-11-08T14:43:59.697+0000][gc,phases     ] GC(540)   Evacuate Collection Set: 15.0ms
[2025-11-08T14:43:59.697+0000][gc,phases     ] GC(540)   Post Evacuate Collection Set: 1.7ms
[2025-11-08T14:43:59.698+0000][gc,phases     ] GC(540)   Other: 1.4ms
[2025-11-08T14:43:59.699+0000][gc,heap       ] GC(540) Eden regions: 29->0(33)
[2025-11-08T14:43:59.699+0000][gc,heap       ] GC(540) Survivor regions: 4->3(5)
[2025-11-08T14:43:59.699+0000][gc,heap       ] GC(540) Old regions: 82->83
[2025-11-08T14:43:59.700+0000][gc,heap       ] GC(540) Humongous regions: 147->147
[2025-11-08T14:43:59.700+0000][gc,metaspace  ] GC(540) Metaspace: 52265K(55472K)->52265K(55472K) NonClass: 46477K(48304K)->46477K(48304K) Class: 5787K(7168K)->5787K(7168K)
[2025-11-08T14:43:59.701+0000][gc            ] GC(540) Pause Young (Normal) (G1 Evacuation Pause) 260M->231M(667M) 23.388ms
[2025-11-08T14:43:59.702+0000][gc,cpu        ] GC(540) User=0.03s Sys=0.00s Real=0.02s
[2025-11-08T14:44:02.708+0000][gc,start      ] GC(541) Pause Young (Normal) (G1 Evacuation Pause)
[2025-11-08T14:44:02.708+0000][gc,task       ] GC(541) Using 2 workers of 2 for evacuation
[2025-11-08T14:44:02.720+0000][gc,phases     ] GC(541)   Pre Evacuate Collection Set: 0.0ms
[2025-11-08T14:44:02.720+0000][gc,phases     ] GC(541)   Evacuate Collection Set: 9.6ms
[2025-11-08T14:44:02.720+0000][gc,phases     ] GC(541)   Post Evacuate Collection Set: 1.4ms
[2025-11-08T14:44:02.721+0000][gc,phases     ] GC(541)   Other: 0.9ms
[2025-11-08T14:44:02.721+0000][gc,heap       ] GC(541) Eden regions: 33->0(36)
[2025-11-08T14:44:02.721+0000][gc,heap       ] GC(541) Survivor regions: 3->2(5)
[2025-11-08T14:44:02.721+0000][gc,heap       ] GC(541) Old regions: 83->83
[2025-11-08T14:44:02.722+0000][gc,heap       ] GC(541) Humongous regions: 147->147
[2025-11-08T14:44:02.722+0000][gc,metaspace  ] GC(541) Metaspace: 52265K(55472K)->52265K(55472K) NonClass: 46477K(48304K)->46477K(48304K) Class: 5787K(7168K)->5787K(7168K)
[2025-11-08T14:44:02.722+0000][gc            ] GC(541) Pause Young (Normal) (G1 Evacuation Pause) 264M->231M(667M) 14.467ms
[2025-11-08T14:44:02.723+0000][gc,cpu        ] GC(541) User=0.02s Sys=0.00s Real=0.01s
[2025-11-08T14:44:06.033+0000][gc,start      ] GC(542) Pause Young (Normal) (G1 Evacuation Pause)
[2025-11-08T14:44:06.034+0000][gc,task       ] GC(542) Using 2 workers of 2 for evacuation
[2025-11-08T14:44:06.051+0000][gc,phases     ] GC(542)   Pre Evacuate Collection Set: 0.0ms
[2025-11-08T14:44:06.052+0000][gc,phases     ] GC(542)   Evacuate Collection Set: 12.6ms
[2025-11-08T14:44:06.052+0000][gc,phases     ] GC(542)   Post Evacuate Collection Set: 3.5ms
[2025-11-08T14:44:06.052+0000][gc,phases     ] GC(542)   Other: 2.1ms
[2025-11-08T14:44:06.053+0000][gc,heap       ] GC(542) Eden regions: 36->0(37)
[2025-11-08T14:44:06.054+0000][gc,heap       ] GC(542) Survivor regions: 2->3(5)
[2025-11-08T14:44:06.055+0000][gc,heap       ] GC(542) Old regions: 83->83
[2025-11-08T14:44:06.055+0000][gc,heap       ] GC(542) Humongous regions: 147->147
[2025-11-08T14:44:06.055+0000][gc,metaspace  ] GC(542) Metaspace: 52265K(55472K)->52265K(55472K) NonClass: 46477K(48304K)->46477K(48304K) Class: 5787K(7168K)->5787K(7168K)
[2025-11-08T14:44:06.055+0000][gc            ] GC(542) Pause Young (Normal) (G1 Evacuation Pause) 267M->231M(667M) 22.221ms
[2025-11-08T14:44:06.056+0000][gc,cpu        ] GC(542) User=0.03s Sys=0.00s Real=0.02s
[2025-11-08T14:44:09.618+0000][gc,start      ] GC(543) Pause Young (Normal) (G1 Evacuation Pause)
[2025-11-08T14:44:09.619+0000][gc,task       ] GC(543) Using 2 workers of 2 for evacuation
[2025-11-08T14:44:09.642+0000][gc,mmu        ] GC(543) MMU target violated: 21.0ms (20.0ms/21.0ms)
[2025-11-08T14:44:09.642+0000][gc,phases     ] GC(543)   Pre Evacuate Collection Set: 0.0ms
[2025-11-08T14:44:09.643+0000][gc,phases     ] GC(543)   Evacuate Collection Set: 19.4ms
[2025-11-08T14:44:09.644+0000][gc,phases     ] GC(543)   Post Evacuate Collection Set: 1.6ms
[2025-11-08T14:44:09.644+0000][gc,phases     ] GC(543)   Other: 3.0ms
[2025-11-08T14:44:09.644+0000][gc,heap       ] GC(543) Eden regions: 37->0(35)
[2025-11-08T14:44:09.645+0000][gc,heap       ] GC(543) Survivor regions: 3->3(5)
[2025-11-08T14:44:09.646+0000][gc,heap       ] GC(543) Old regions: 83->83
[2025-11-08T14:44:09.647+0000][gc,heap       ] GC(543) Humongous regions: 147->147
[2025-11-08T14:44:09.648+0000][gc,metaspace  ] GC(543) Metaspace: 52265K(55472K)->52265K(55472K) NonClass: 46477K(48304K)->46477K(48304K) Class: 5787K(7168K)->5787K(7168K)
[2025-11-08T14:44:09.648+0000][gc            ] GC(543) Pause Young (Normal) (G1 Evacuation Pause) 268M->231M(667M) 29.464ms
[2025-11-08T14:44:09.649+0000][gc,cpu        ] GC(543) User=0.04s Sys=0.00s Real=0.03s
[2025-11-08T14:44:12.866+0000][gc,start      ] GC(544) Pause Young (Normal) (G1 Evacuation Pause)
[2025-11-08T14:44:12.867+0000][gc,task       ] GC(544) Using 2 workers of 2 for evacuation
[2025-11-08T14:44:12.886+0000][gc,phases     ] GC(544)   Pre Evacuate Collection Set: 0.0ms
[2025-11-08T14:44:12.886+0000][gc,phases     ] GC(544)   Evacuate Collection Set: 17.4ms
[2025-11-08T14:44:12.887+0000][gc,phases     ] GC(544)   Post Evacuate Collection Set: 1.3ms
[2025-11-08T14:44:12.887+0000][gc,phases     ] GC(544)   Other: 1.0ms
[2025-11-08T14:44:12.887+0000][gc,heap       ] GC(544) Eden regions: 35->0(35)
[2025-11-08T14:44:12.888+0000][gc,heap       ] GC(544) Survivor regions: 3->3(5)
[2025-11-08T14:44:12.888+0000][gc,heap       ] GC(544) Old regions: 83->83
[2025-11-08T14:44:12.889+0000][gc,heap       ] GC(544) Humongous regions: 147->147
[2025-11-08T14:44:12.889+0000][gc,metaspace  ] GC(544) Metaspace: 52265K(55472K)->52265K(55472K) NonClass: 46477K(48304K)->46477K(48304K) Class: 5787K(7168K)->5787K(7168K)
[2025-11-08T14:44:12.889+0000][gc            ] GC(544) Pause Young (Normal) (G1 Evacuation Pause) 266M->232M(667M) 22.923ms
[2025-11-08T14:44:12.890+0000][gc,cpu        ] GC(544) User=0.03s Sys=0.00s Real=0.02s
[2025-11-08T14:44:16.122+0000][gc,start      ] GC(545) Pause Young (Normal) (G1 Evacuation Pause)
[2025-11-08T14:44:16.122+0000][gc,task       ] GC(545) Using 2 workers of 2 for evacuation
[2025-11-08T14:44:16.134+0000][gc,phases     ] GC(545)   Pre Evacuate Collection Set: 0.0ms
[2025-11-08T14:44:16.135+0000][gc,phases     ] GC(545)   Evacuate Collection Set: 9.8ms
[2025-11-08T14:44:16.135+0000][gc,phases     ] GC(545)   Post Evacuate Collection Set: 1.3ms
[2025-11-08T14:44:16.135+0000][gc,phases     ] GC(545)   Other: 1.7ms
[2025-11-08T14:44:16.136+0000][gc,heap       ] GC(545) Eden regions: 35->0(38)
[2025-11-08T14:44:16.137+0000][gc,heap       ] GC(545) Survivor regions: 3->1(5)
[2025-11-08T14:44:16.138+0000][gc,heap       ] GC(545) Old regions: 83->83
[2025-11-08T14:44:16.138+0000][gc,heap       ] GC(545) Humongous regions: 147->147
[2025-11-08T14:44:16.138+0000][gc,metaspace  ] GC(545) Metaspace: 52265K(55472K)->52265K(55472K) NonClass: 46477K(48304K)->46477K(48304K) Class: 5787K(7168K)->5787K(7168K)
[2025-11-08T14:44:16.139+0000][gc            ] GC(545) Pause Young (Normal) (G1 Evacuation Pause) 267M->230M(667M) 17.091ms
[2025-11-08T14:44:16.139+0000][gc,cpu        ] GC(545) User=0.03s Sys=0.00s Real=0.02s
[2025-11-08T14:44:19.594+0000][gc,start      ] GC(546) Pause Young (Normal) (G1 Evacuation Pause)
[2025-11-08T14:44:19.595+0000][gc,task       ] GC(546) Using 2 workers of 2 for evacuation
[2025-11-08T14:44:19.604+0000][gc,phases     ] GC(546)   Pre Evacuate Collection Set: 0.0ms
[2025-11-08T14:44:19.604+0000][gc,phases     ] GC(546)   Evacuate Collection Set: 7.9ms
[2025-11-08T14:44:19.605+0000][gc,phases     ] GC(546)   Post Evacuate Collection Set: 1.0ms
[2025-11-08T14:44:19.605+0000][gc,phases     ] GC(546)   Other: 1.1ms
[2025-11-08T14:44:19.605+0000][gc,heap       ] GC(546) Eden regions: 38->0(40)
[2025-11-08T14:44:19.605+0000][gc,heap       ] GC(546) Survivor regions: 1->2(5)
[2025-11-08T14:44:19.605+0000][gc,heap       ] GC(546) Old regions: 83->83
[2025-11-08T14:44:19.606+0000][gc,heap       ] GC(546) Humongous regions: 147->147
[2025-11-08T14:44:19.606+0000][gc,metaspace  ] GC(546) Metaspace: 52265K(55472K)->52265K(55472K) NonClass: 46477K(48304K)->46477K(48304K) Class: 5787K(7168K)->5787K(7168K)
[2025-11-08T14:44:19.606+0000][gc            ] GC(546) Pause Young (Normal) (G1 Evacuation Pause) 268M->230M(667M) 12.028ms
[2025-11-08T14:44:19.606+0000][gc,cpu        ] GC(546) User=0.01s Sys=0.00s Real=0.02s
[2025-11-08T14:44:23.344+0000][gc,start      ] GC(547) Pause Young (Normal) (G1 Evacuation Pause)
[2025-11-08T14:44:23.347+0000][gc,task       ] GC(547) Using 2 workers of 2 for evacuation
[2025-11-08T14:44:23.361+0000][gc,phases     ] GC(547)   Pre Evacuate Collection Set: 0.1ms
[2025-11-08T14:44:23.362+0000][gc,phases     ] GC(547)   Evacuate Collection Set: 11.5ms
[2025-11-08T14:44:23.362+0000][gc,phases     ] GC(547)   Post Evacuate Collection Set: 1.4ms
[2025-11-08T14:44:23.362+0000][gc,phases     ] GC(547)   Other: 4.1ms
[2025-11-08T14:44:23.363+0000][gc,heap       ] GC(547) Eden regions: 40->0(42)
[2025-11-08T14:44:23.363+0000][gc,heap       ] GC(547) Survivor regions: 2->3(6)
[2025-11-08T14:44:23.363+0000][gc,heap       ] GC(547) Old regions: 83->83
[2025-11-08T14:44:23.364+0000][gc,heap       ] GC(547) Humongous regions: 147->147
[2025-11-08T14:44:23.364+0000][gc,metaspace  ] GC(547) Metaspace: 52265K(55472K)->52265K(55472K) NonClass: 46477K(48304K)->46477K(48304K) Class: 5787K(7168K)->5787K(7168K)
[2025-11-08T14:44:23.364+0000][gc            ] GC(547) Pause Young (Normal) (G1 Evacuation Pause) 270M->231M(667M) 19.881ms
[2025-11-08T14:44:23.365+0000][gc,cpu        ] GC(547) User=0.02s Sys=0.00s Real=0.02s
[2025-11-08T14:44:27.365+0000][gc,start      ] GC(548) Pause Young (Normal) (G1 Evacuation Pause)
[2025-11-08T14:44:27.366+0000][gc,task       ] GC(548) Using 2 workers of 2 for evacuation
[2025-11-08T14:44:27.375+0000][gc,phases     ] GC(548)   Pre Evacuate Collection Set: 0.0ms
[2025-11-08T14:44:27.376+0000][gc,phases     ] GC(548)   Evacuate Collection Set: 7.6ms
[2025-11-08T14:44:27.376+0000][gc,phases     ] GC(548)   Post Evacuate Collection Set: 1.4ms
[2025-11-08T14:44:27.376+0000][gc,phases     ] GC(548)   Other: 0.9ms
[2025-11-08T14:44:27.377+0000][gc,heap       ] GC(548) Eden regions: 42->0(47)
[2025-11-08T14:44:27.377+0000][gc,heap       ] GC(548) Survivor regions: 3->2(6)
[2025-11-08T14:44:27.377+0000][gc,heap       ] GC(548) Old regions: 83->83
[2025-11-08T14:44:27.378+0000][gc,heap       ] GC(548) Humongous regions: 147->147
[2025-11-08T14:44:27.378+0000][gc,metaspace  ] GC(548) Metaspace: 52265K(55472K)->52265K(55472K) NonClass: 46477K(48304K)->46477K(48304K) Class: 5787K(7168K)->5787K(7168K)
[2025-11-08T14:44:27.378+0000][gc            ] GC(548) Pause Young (Normal) (G1 Evacuation Pause) 273M->230M(667M) 12.719ms
[2025-11-08T14:44:27.379+0000][gc,cpu        ] GC(548) User=0.02s Sys=0.00s Real=0.02s
[2025-11-08T14:44:31.822+0000][gc,start      ] GC(549) Pause Young (Normal) (G1 Evacuation Pause)
[2025-11-08T14:44:31.823+0000][gc,task       ] GC(549) Using 2 workers of 2 for evacuation
[2025-11-08T14:44:31.840+0000][gc,phases     ] GC(549)   Pre Evacuate Collection Set: 0.0ms
[2025-11-08T14:44:31.841+0000][gc,phases     ] GC(549)   Evacuate Collection Set: 15.5ms
[2025-11-08T14:44:31.841+0000][gc,phases     ] GC(549)   Post Evacuate Collection Set: 1.5ms
[2025-11-08T14:44:31.841+0000][gc,phases     ] GC(549)   Other: 1.2ms
[2025-11-08T14:44:31.842+0000][gc,heap       ] GC(549) Eden regions: 47->0(45)
[2025-11-08T14:44:31.842+0000][gc,heap       ] GC(549) Survivor regions: 2->3(7)
[2025-11-08T14:44:31.842+0000][gc,heap       ] GC(549) Old regions: 83->83
[2025-11-08T14:44:31.843+0000][gc,heap       ] GC(549) Humongous regions: 147->147
[2025-11-08T14:44:31.843+0000][gc,metaspace  ] GC(549) Metaspace: 52265K(55472K)->52265K(55472K) NonClass: 46477K(48304K)->46477K(48304K) Class: 5787K(7168K)->5787K(7168K)
[2025-11-08T14:44:31.843+0000][gc            ] GC(549) Pause Young (Normal) (G1 Evacuation Pause) 277M->232M(667M) 20.891ms
[2025-11-08T14:44:31.844+0000][gc,cpu        ] GC(549) User=0.04s Sys=0.00s Real=0.02s
[2025-11-08T14:44:35.322+0000][gc,start      ] GC(550) Pause Young (Normal) (G1 Evacuation Pause)
[2025-11-08T14:44:35.322+0000][gc,task       ] GC(550) Using 2 workers of 2 for evacuation
[2025-11-08T14:44:35.340+0000][gc,phases     ] GC(550)   Pre Evacuate Collection Set: 0.0ms
[2025-11-08T14:44:35.340+0000][gc,phases     ] GC(550)   Evacuate Collection Set: 14.5ms
[2025-11-08T14:44:35.340+0000][gc,phases     ] GC(550)   Post Evacuate Collection Set: 1.9ms
[2025-11-08T14:44:35.341+0000][gc,phases     ] GC(550)   Other: 1.2ms
[2025-11-08T14:44:35.341+0000][gc,heap       ] GC(550) Eden regions: 36->0(41)
[2025-11-08T14:44:35.341+0000][gc,heap       ] GC(550) Survivor regions: 3->1(5)
[2025-11-08T14:44:35.342+0000][gc,heap       ] GC(550) Old regions: 83->83
[2025-11-08T14:44:35.342+0000][gc,heap       ] GC(550) Humongous regions: 147->147
[2025-11-08T14:44:35.342+0000][gc,metaspace  ] GC(550) Metaspace: 52265K(55472K)->52265K(55472K) NonClass: 46477K(48304K)->46477K(48304K) Class: 5787K(7168K)->5787K(7168K)
[2025-11-08T14:44:35.343+0000][gc            ] GC(550) Pause Young (Normal) (G1 Evacuation Pause) 268M->230M(667M) 20.798ms
[2025-11-08T14:44:35.343+0000][gc,cpu        ] GC(550) User=0.03s Sys=0.00s Real=0.02s
[2025-11-08T14:44:39.189+0000][gc,start      ] GC(551) Pause Young (Normal) (G1 Evacuation Pause)
[2025-11-08T14:44:39.190+0000][gc,task       ] GC(551) Using 2 workers of 2 for evacuation
[2025-11-08T14:44:39.202+0000][gc,phases     ] GC(551)   Pre Evacuate Collection Set: 0.0ms
[2025-11-08T14:44:39.203+0000][gc,phases     ] GC(551)   Evacuate Collection Set: 10.6ms
[2025-11-08T14:44:39.203+0000][gc,phases     ] GC(551)   Post Evacuate Collection Set: 1.4ms
[2025-11-08T14:44:39.203+0000][gc,phases     ] GC(551)   Other: 1.0ms
[2025-11-08T14:44:39.204+0000][gc,heap       ] GC(551) Eden regions: 41->0(42)
[2025-11-08T14:44:39.204+0000][gc,heap       ] GC(551) Survivor regions: 1->2(6)
[2025-11-08T14:44:39.204+0000][gc,heap       ] GC(551) Old regions: 83->83
[2025-11-08T14:44:39.204+0000][gc,heap       ] GC(551) Humongous regions: 147->147
[2025-11-08T14:44:39.205+0000][gc,metaspace  ] GC(551) Metaspace: 52265K(55472K)->52265K(55472K) NonClass: 46477K(48304K)->46477K(48304K) Class: 5787K(7168K)->5787K(7168K)
[2025-11-08T14:44:39.205+0000][gc            ] GC(551) Pause Young (Normal) (G1 Evacuation Pause) 271M->231M(667M) 15.447ms
[2025-11-08T14:44:39.205+0000][gc,cpu        ] GC(551) User=0.03s Sys=0.00s Real=0.01s
[2025-11-08T14:44:42.910+0000][gc,start      ] GC(552) Pause Young (Normal) (G1 Evacuation Pause)
[2025-11-08T14:44:42.910+0000][gc,task       ] GC(552) Using 2 workers of 2 for evacuation
[2025-11-08T14:44:42.927+0000][gc,phases     ] GC(552)   Pre Evacuate Collection Set: 0.0ms
[2025-11-08T14:44:42.927+0000][gc,phases     ] GC(552)   Evacuate Collection Set: 14.9ms
[2025-11-08T14:44:42.928+0000][gc,phases     ] GC(552)   Post Evacuate Collection Set: 1.4ms
[2025-11-08T14:44:42.928+0000][gc,phases     ] GC(552)   Other: 1.1ms
[2025-11-08T14:44:42.928+0000][gc,heap       ] GC(552) Eden regions: 42->0(42)
[2025-11-08T14:44:42.929+0000][gc,heap       ] GC(552) Survivor regions: 2->3(6)
[2025-11-08T14:44:42.929+0000][gc,heap       ] GC(552) Old regions: 83->83
[2025-11-08T14:44:42.929+0000][gc,heap       ] GC(552) Humongous regions: 147->147
[2025-11-08T14:44:42.929+0000][gc,metaspace  ] GC(552) Metaspace: 52265K(55472K)->52265K(55472K) NonClass: 46477K(48304K)->46477K(48304K) Class: 5787K(7168K)->5787K(7168K)
[2025-11-08T14:44:42.930+0000][gc            ] GC(552) Pause Young (Normal) (G1 Evacuation Pause) 273M->232M(667M) 20.299ms
[2025-11-08T14:44:42.930+0000][gc,cpu        ] GC(552) User=0.03s Sys=0.00s Real=0.02s
[2025-11-08T14:44:45.840+0000][gc,start      ] GC(553) Pause Young (Normal) (G1 Evacuation Pause)
[2025-11-08T14:44:45.840+0000][gc,task       ] GC(553) Using 2 workers of 2 for evacuation
[2025-11-08T14:44:45.853+0000][gc,phases     ] GC(553)   Pre Evacuate Collection Set: 0.0ms
[2025-11-08T14:44:45.854+0000][gc,phases     ] GC(553)   Evacuate Collection Set: 11.4ms
[2025-11-08T14:44:45.854+0000][gc,phases     ] GC(553)   Post Evacuate Collection Set: 0.9ms
[2025-11-08T14:44:45.854+0000][gc,phases     ] GC(553)   Other: 1.2ms
[2025-11-08T14:44:45.854+0000][gc,heap       ] GC(553) Eden regions: 30->0(39)
[2025-11-08T14:44:45.855+0000][gc,heap       ] GC(553) Survivor regions: 3->3(5)
[2025-11-08T14:44:45.855+0000][gc,heap       ] GC(553) Old regions: 83->84
[2025-11-08T14:44:45.856+0000][gc,heap       ] GC(553) Humongous regions: 147->147
[2025-11-08T14:44:45.856+0000][gc,metaspace  ] GC(553) Metaspace: 52265K(55472K)->52265K(55472K) NonClass: 46477K(48304K)->46477K(48304K) Class: 5787K(7168K)->5787K(7168K)
[2025-11-08T14:44:45.856+0000][gc            ] GC(553) Pause Young (Normal) (G1 Evacuation Pause) 262M->232M(667M) 16.270ms
[2025-11-08T14:44:45.857+0000][gc,cpu        ] GC(553) User=0.02s Sys=0.00s Real=0.01s
[2025-11-08T14:44:49.291+0000][gc,start      ] GC(554) Pause Young (Normal) (G1 Evacuation Pause)
[2025-11-08T14:44:49.292+0000][gc,task       ] GC(554) Using 2 workers of 2 for evacuation
[2025-11-08T14:44:49.309+0000][gc,phases     ] GC(554)   Pre Evacuate Collection Set: 0.0ms
[2025-11-08T14:44:49.310+0000][gc,phases     ] GC(554)   Evacuate Collection Set: 15.0ms
[2025-11-08T14:44:49.311+0000][gc,phases     ] GC(554)   Post Evacuate Collection Set: 1.7ms
[2025-11-08T14:44:49.311+0000][gc,phases     ] GC(554)   Other: 1.3ms
[2025-11-08T14:44:49.312+0000][gc,heap       ] GC(554) Eden regions: 39->0(40)
[2025-11-08T14:44:49.312+0000][gc,heap       ] GC(554) Survivor regions: 3->3(6)
[2025-11-08T14:44:49.313+0000][gc,heap       ] GC(554) Old regions: 84->84
[2025-11-08T14:44:49.314+0000][gc,heap       ] GC(554) Humongous regions: 147->147
[2025-11-08T14:44:49.315+0000][gc,metaspace  ] GC(554) Metaspace: 52265K(55472K)->52265K(55472K) NonClass: 46477K(48304K)->46477K(48304K) Class: 5787K(7168K)->5787K(7168K)
[2025-11-08T14:44:49.316+0000][gc            ] GC(554) Pause Young (Normal) (G1 Evacuation Pause) 271M->233M(667M) 24.528ms
[2025-11-08T14:44:49.317+0000][gc,cpu        ] GC(554) User=0.03s Sys=0.00s Real=0.03s
[2025-11-08T14:44:52.559+0000][gc,start      ] GC(555) Pause Young (Normal) (G1 Evacuation Pause)
[2025-11-08T14:44:52.559+0000][gc,task       ] GC(555) Using 2 workers of 2 for evacuation
[2025-11-08T14:44:52.576+0000][gc,phases     ] GC(555)   Pre Evacuate Collection Set: 0.0ms
[2025-11-08T14:44:52.594+0000][gc,phases     ] GC(555)   Evacuate Collection Set: 14.7ms
[2025-11-08T14:44:52.597+0000][gc,phases     ] GC(555)   Post Evacuate Collection Set: 2.0ms
[2025-11-08T14:44:52.598+0000][gc,phases     ] GC(555)   Other: 1.1ms
[2025-11-08T14:44:52.598+0000][gc,heap       ] GC(555) Eden regions: 33->0(39)
[2025-11-08T14:44:52.599+0000][gc,heap       ] GC(555) Survivor regions: 3->3(5)
[2025-11-08T14:44:52.599+0000][gc,heap       ] GC(555) Old regions: 84->84
[2025-11-08T14:44:52.599+0000][gc,heap       ] GC(555) Humongous regions: 147->147
[2025-11-08T14:44:52.600+0000][gc,metaspace  ] GC(555) Metaspace: 52265K(55472K)->52265K(55472K) NonClass: 46477K(48304K)->46477K(48304K) Class: 5787K(7168K)->5787K(7168K)
[2025-11-08T14:44:52.600+0000][gc            ] GC(555) Pause Young (Normal) (G1 Evacuation Pause) 266M->233M(667M) 41.362ms
[2025-11-08T14:44:52.600+0000][gc,cpu        ] GC(555) User=0.04s Sys=0.00s Real=0.04s
[2025-11-08T14:44:56.468+0000][gc,start      ] GC(556) Pause Young (Normal) (G1 Evacuation Pause)
[2025-11-08T14:44:56.469+0000][gc,task       ] GC(556) Using 2 workers of 2 for evacuation
[2025-11-08T14:44:56.482+0000][gc,phases     ] GC(556)   Pre Evacuate Collection Set: 0.0ms
[2025-11-08T14:44:56.483+0000][gc,phases     ] GC(556)   Evacuate Collection Set: 10.2ms
[2025-11-08T14:44:56.483+0000][gc,phases     ] GC(556)   Post Evacuate Collection Set: 3.0ms
[2025-11-08T14:44:56.483+0000][gc,phases     ] GC(556)   Other: 1.0ms
[2025-11-08T14:44:56.484+0000][gc,heap       ] GC(556) Eden regions: 39->0(40)
[2025-11-08T14:44:56.484+0000][gc,heap       ] GC(556) Survivor regions: 3->2(6)
[2025-11-08T14:44:56.487+0000][gc,heap       ] GC(556) Old regions: 84->84
[2025-11-08T14:44:56.487+0000][gc,heap       ] GC(556) Humongous regions: 147->147
[2025-11-08T14:44:56.487+0000][gc,metaspace  ] GC(556) Metaspace: 52265K(55472K)->52265K(55472K) NonClass: 46477K(48304K)->46477K(48304K) Class: 5787K(7168K)->5787K(7168K)
[2025-11-08T14:44:56.487+0000][gc            ] GC(556) Pause Young (Normal) (G1 Evacuation Pause) 272M->231M(667M) 19.179ms
[2025-11-08T14:44:56.488+0000][gc,cpu        ] GC(556) User=0.03s Sys=0.00s Real=0.02s
[2025-11-08T14:45:00.471+0000][gc,start      ] GC(557) Pause Young (Normal) (G1 Evacuation Pause)
[2025-11-08T14:45:00.472+0000][gc,task       ] GC(557) Using 2 workers of 2 for evacuation
[2025-11-08T14:45:00.495+0000][gc,mmu        ] GC(557) MMU target violated: 21.0ms (20.0ms/21.0ms)
[2025-11-08T14:45:00.496+0000][gc,phases     ] GC(557)   Pre Evacuate Collection Set: 0.0ms
[2025-11-08T14:45:00.499+0000][gc,phases     ] GC(557)   Evacuate Collection Set: 20.9ms
[2025-11-08T14:45:00.501+0000][gc,phases     ] GC(557)   Post Evacuate Collection Set: 2.1ms
[2025-11-08T14:45:00.503+0000][gc,phases     ] GC(557)   Other: 2.0ms
[2025-11-08T14:45:00.507+0000][gc,heap       ] GC(557) Eden regions: 40->0(36)
[2025-11-08T14:45:00.508+0000][gc,heap       ] GC(557) Survivor regions: 2->3(6)
[2025-11-08T14:45:00.512+0000][gc,heap       ] GC(557) Old regions: 84->84
[2025-11-08T14:45:00.533+0000][gc,heap       ] GC(557) Humongous regions: 147->147
[2025-11-08T14:45:00.533+0000][gc,metaspace  ] GC(557) Metaspace: 52265K(55472K)->52265K(55472K) NonClass: 46477K(48304K)->46477K(48304K) Class: 5787K(7168K)->5787K(7168K)
[2025-11-08T14:45:00.534+0000][gc            ] GC(557) Pause Young (Normal) (G1 Evacuation Pause) 271M->232M(667M) 63.150ms
[2025-11-08T14:45:00.535+0000][gc,cpu        ] GC(557) User=0.04s Sys=0.00s Real=0.06s
[2025-11-08T14:45:04.284+0000][gc,start      ] GC(558) Pause Young (Normal) (G1 Evacuation Pause)
[2025-11-08T14:45:04.285+0000][gc,task       ] GC(558) Using 2 workers of 2 for evacuation
[2025-11-08T14:45:04.301+0000][gc,phases     ] GC(558)   Pre Evacuate Collection Set: 0.0ms
[2025-11-08T14:45:04.302+0000][gc,phases     ] GC(558)   Evacuate Collection Set: 14.6ms
[2025-11-08T14:45:04.302+0000][gc,phases     ] GC(558)   Post Evacuate Collection Set: 1.1ms
[2025-11-08T14:45:04.302+0000][gc,phases     ] GC(558)   Other: 1.3ms
[2025-11-08T14:45:04.303+0000][gc,heap       ] GC(558) Eden regions: 36->0(38)
[2025-11-08T14:45:04.303+0000][gc,heap       ] GC(558) Survivor regions: 3->3(5)
[2025-11-08T14:45:04.303+0000][gc,heap       ] GC(558) Old regions: 84->84
[2025-11-08T14:45:04.304+0000][gc,heap       ] GC(558) Humongous regions: 147->147
[2025-11-08T14:45:04.304+0000][gc,metaspace  ] GC(558) Metaspace: 52265K(55472K)->52265K(55472K) NonClass: 46477K(48304K)->46477K(48304K) Class: 5787K(7168K)->5787K(7168K)
[2025-11-08T14:45:04.304+0000][gc            ] GC(558) Pause Young (Normal) (G1 Evacuation Pause) 268M->233M(667M) 20.144ms
[2025-11-08T14:45:04.305+0000][gc,cpu        ] GC(558) User=0.03s Sys=0.00s Real=0.02s
[2025-11-08T14:45:07.125+0000][gc,start      ] GC(559) Pause Young (Normal) (G1 Evacuation Pause)
[2025-11-08T14:45:07.125+0000][gc,task       ] GC(559) Using 2 workers of 2 for evacuation
[2025-11-08T14:45:07.149+0000][gc,mmu        ] GC(559) MMU target violated: 21.0ms (20.0ms/21.0ms)
[2025-11-08T14:45:07.152+0000][gc,phases     ] GC(559)   Pre Evacuate Collection Set: 0.1ms
[2025-11-08T14:45:07.152+0000][gc,phases     ] GC(559)   Evacuate Collection Set: 15.6ms
[2025-11-08T14:45:07.156+0000][gc,phases     ] GC(559)   Post Evacuate Collection Set: 5.0ms
[2025-11-08T14:45:07.157+0000][gc,phases     ] GC(559)   Other: 6.8ms
[2025-11-08T14:45:07.157+0000][gc,heap       ] GC(559) Eden regions: 30->0(32)
[2025-11-08T14:45:07.158+0000][gc,heap       ] GC(559) Survivor regions: 3->3(5)
[2025-11-08T14:45:07.159+0000][gc,heap       ] GC(559) Old regions: 84->84
[2025-11-08T14:45:07.159+0000][gc,heap       ] GC(559) Humongous regions: 147->147
[2025-11-08T14:45:07.160+0000][gc,metaspace  ] GC(559) Metaspace: 52265K(55472K)->52265K(55472K) NonClass: 46477K(48304K)->46477K(48304K) Class: 5787K(7168K)->5787K(7168K)
[2025-11-08T14:45:07.161+0000][gc            ] GC(559) Pause Young (Normal) (G1 Evacuation Pause) 263M->232M(667M) 36.790ms
[2025-11-08T14:45:07.162+0000][gc,cpu        ] GC(559) User=0.04s Sys=0.00s Real=0.04s
[2025-11-08T14:45:09.978+0000][gc,start      ] GC(560) Pause Young (Normal) (G1 Evacuation Pause)
[2025-11-08T14:45:09.979+0000][gc,task       ] GC(560) Using 2 workers of 2 for evacuation
[2025-11-08T14:45:09.999+0000][gc,mmu        ] GC(560) MMU target violated: 20.1ms (20.0ms/21.0ms)
[2025-11-08T14:45:10.000+0000][gc,phases     ] GC(560)   Pre Evacuate Collection Set: 0.0ms
[2025-11-08T14:45:10.000+0000][gc,phases     ] GC(560)   Evacuate Collection Set: 16.0ms
[2025-11-08T14:45:10.001+0000][gc,phases     ] GC(560)   Post Evacuate Collection Set: 3.8ms
[2025-11-08T14:45:10.001+0000][gc,phases     ] GC(560)   Other: 1.6ms
[2025-11-08T14:45:10.001+0000][gc,heap       ] GC(560) Eden regions: 30->0(31)
[2025-11-08T14:45:10.002+0000][gc,heap       ] GC(560) Survivor regions: 3->2(5)
[2025-11-08T14:45:10.003+0000][gc,heap       ] GC(560) Old regions: 84->84
[2025-11-08T14:45:10.003+0000][gc,heap       ] GC(560) Humongous regions: 147->147
[2025-11-08T14:45:10.004+0000][gc,metaspace  ] GC(560) Metaspace: 52265K(55472K)->52265K(55472K) NonClass: 46477K(48304K)->46477K(48304K) Class: 5787K(7168K)->5787K(7168K)
[2025-11-08T14:45:10.004+0000][gc            ] GC(560) Pause Young (Normal) (G1 Evacuation Pause) 262M->232M(667M) 26.020ms
[2025-11-08T14:45:10.007+0000][gc,cpu        ] GC(560) User=0.04s Sys=0.00s Real=0.03s
[2025-11-08T14:45:12.820+0000][gc,start      ] GC(561) Pause Young (Normal) (G1 Evacuation Pause)
[2025-11-08T14:45:12.820+0000][gc,task       ] GC(561) Using 2 workers of 2 for evacuation
[2025-11-08T14:45:12.838+0000][gc,phases     ] GC(561)   Pre Evacuate Collection Set: 0.0ms
[2025-11-08T14:45:12.839+0000][gc,phases     ] GC(561)   Evacuate Collection Set: 14.4ms
[2025-11-08T14:45:12.839+0000][gc,phases     ] GC(561)   Post Evacuate Collection Set: 2.5ms
[2025-11-08T14:45:12.840+0000][gc,phases     ] GC(561)   Other: 1.2ms
[2025-11-08T14:45:12.840+0000][gc,heap       ] GC(561) Eden regions: 31->0(32)
[2025-11-08T14:45:12.840+0000][gc,heap       ] GC(561) Survivor regions: 2->2(5)
[2025-11-08T14:45:12.841+0000][gc,heap       ] GC(561) Old regions: 84->84
[2025-11-08T14:45:12.841+0000][gc,heap       ] GC(561) Humongous regions: 147->147
[2025-11-08T14:45:12.842+0000][gc,metaspace  ] GC(561) Metaspace: 52265K(55472K)->52265K(55472K) NonClass: 46477K(48304K)->46477K(48304K) Class: 5787K(7168K)->5787K(7168K)
[2025-11-08T14:45:12.842+0000][gc            ] GC(561) Pause Young (Normal) (G1 Evacuation Pause) 263M->232M(667M) 22.120ms
[2025-11-08T14:45:12.842+0000][gc,cpu        ] GC(561) User=0.03s Sys=0.00s Real=0.02s
[2025-11-08T14:45:15.664+0000][gc,start      ] GC(562) Pause Young (Normal) (G1 Evacuation Pause)
[2025-11-08T14:45:15.665+0000][gc,task       ] GC(562) Using 2 workers of 2 for evacuation
[2025-11-08T14:45:15.684+0000][gc,phases     ] GC(562)   Pre Evacuate Collection Set: 0.0ms
[2025-11-08T14:45:15.685+0000][gc,phases     ] GC(562)   Evacuate Collection Set: 16.3ms
[2025-11-08T14:45:15.685+0000][gc,phases     ] GC(562)   Post Evacuate Collection Set: 1.8ms
[2025-11-08T14:45:15.685+0000][gc,phases     ] GC(562)   Other: 1.8ms
[2025-11-08T14:45:15.686+0000][gc,heap       ] GC(562) Eden regions: 31->0(32)
[2025-11-08T14:45:15.686+0000][gc,heap       ] GC(562) Survivor regions: 2->4(5)
[2025-11-08T14:45:15.687+0000][gc,heap       ] GC(562) Old regions: 84->84
[2025-11-08T14:45:15.687+0000][gc,heap       ] GC(562) Humongous regions: 147->147
[2025-11-08T14:45:15.687+0000][gc,metaspace  ] GC(562) Metaspace: 52265K(55472K)->52265K(55472K) NonClass: 46477K(48304K)->46477K(48304K) Class: 5787K(7168K)->5787K(7168K)
[2025-11-08T14:45:15.688+0000][gc            ] GC(562) Pause Young (Normal) (G1 Evacuation Pause) 263M->233M(667M) 23.402ms
[2025-11-08T14:45:15.688+0000][gc,cpu        ] GC(562) User=0.03s Sys=0.00s Real=0.03s
[2025-11-08T14:45:18.308+0000][gc,start      ] GC(563) Pause Young (Normal) (G1 Evacuation Pause)
[2025-11-08T14:45:18.308+0000][gc,task       ] GC(563) Using 2 workers of 2 for evacuation
[2025-11-08T14:45:18.327+0000][gc,phases     ] GC(563)   Pre Evacuate Collection Set: 0.0ms
[2025-11-08T14:45:18.328+0000][gc,phases     ] GC(563)   Evacuate Collection Set: 16.0ms
[2025-11-08T14:45:18.329+0000][gc,phases     ] GC(563)   Post Evacuate Collection Set: 1.7ms
[2025-11-08T14:45:18.330+0000][gc,phases     ] GC(563)   Other: 1.6ms
[2025-11-08T14:45:18.330+0000][gc,heap       ] GC(563) Eden regions: 29->0(32)
[2025-11-08T14:45:18.331+0000][gc,heap       ] GC(563) Survivor regions: 4->2(5)
[2025-11-08T14:45:18.331+0000][gc,heap       ] GC(563) Old regions: 84->85
[2025-11-08T14:45:18.332+0000][gc,heap       ] GC(563) Humongous regions: 147->147
[2025-11-08T14:45:18.332+0000][gc,metaspace  ] GC(563) Metaspace: 52265K(55472K)->52265K(55472K) NonClass: 46477K(48304K)->46477K(48304K) Class: 5787K(7168K)->5787K(7168K)
[2025-11-08T14:45:18.333+0000][gc            ] GC(563) Pause Young (Normal) (G1 Evacuation Pause) 262M->233M(667M) 25.109ms
[2025-11-08T14:45:18.334+0000][gc,cpu        ] GC(563) User=0.04s Sys=0.00s Real=0.02s
[2025-11-08T14:45:21.231+0000][gc,start      ] GC(564) Pause Young (Normal) (G1 Evacuation Pause)
[2025-11-08T14:45:21.232+0000][gc,task       ] GC(564) Using 2 workers of 2 for evacuation
[2025-11-08T14:45:21.248+0000][gc,phases     ] GC(564)   Pre Evacuate Collection Set: 0.0ms
[2025-11-08T14:45:21.248+0000][gc,phases     ] GC(564)   Evacuate Collection Set: 14.1ms
[2025-11-08T14:45:21.249+0000][gc,phases     ] GC(564)   Post Evacuate Collection Set: 1.5ms
[2025-11-08T14:45:21.249+0000][gc,phases     ] GC(564)   Other: 1.2ms
[2025-11-08T14:45:21.250+0000][gc,heap       ] GC(564) Eden regions: 32->0(33)
[2025-11-08T14:45:21.250+0000][gc,heap       ] GC(564) Survivor regions: 2->2(5)
[2025-11-08T14:45:21.250+0000][gc,heap       ] GC(564) Old regions: 85->85
[2025-11-08T14:45:21.251+0000][gc,heap       ] GC(564) Humongous regions: 147->147
[2025-11-08T14:45:21.251+0000][gc,metaspace  ] GC(564) Metaspace: 52265K(55472K)->52265K(55472K) NonClass: 46477K(48304K)->46477K(48304K) Class: 5787K(7168K)->5787K(7168K)
[2025-11-08T14:45:21.251+0000][gc            ] GC(564) Pause Young (Normal) (G1 Evacuation Pause) 265M->232M(667M) 19.859ms
[2025-11-08T14:45:21.251+0000][gc,cpu        ] GC(564) User=0.03s Sys=0.00s Real=0.02s
[2025-11-08T14:45:24.138+0000][gc,start      ] GC(565) Pause Young (Normal) (G1 Evacuation Pause)
[2025-11-08T14:45:24.139+0000][gc,task       ] GC(565) Using 2 workers of 2 for evacuation
[2025-11-08T14:45:24.150+0000][gc,phases     ] GC(565)   Pre Evacuate Collection Set: 0.0ms
[2025-11-08T14:45:24.150+0000][gc,phases     ] GC(565)   Evacuate Collection Set: 9.3ms
[2025-11-08T14:45:24.151+0000][gc,phases     ] GC(565)   Post Evacuate Collection Set: 1.1ms
[2025-11-08T14:45:24.151+0000][gc,phases     ] GC(565)   Other: 1.3ms
[2025-11-08T14:45:24.151+0000][gc,heap       ] GC(565) Eden regions: 33->0(35)
[2025-11-08T14:45:24.151+0000][gc,heap       ] GC(565) Survivor regions: 2->2(5)
[2025-11-08T14:45:24.152+0000][gc,heap       ] GC(565) Old regions: 85->85
[2025-11-08T14:45:24.152+0000][gc,heap       ] GC(565) Humongous regions: 147->147
[2025-11-08T14:45:24.152+0000][gc,metaspace  ] GC(565) Metaspace: 52265K(55472K)->52265K(55472K) NonClass: 46477K(48304K)->46477K(48304K) Class: 5787K(7168K)->5787K(7168K)
[2025-11-08T14:45:24.152+0000][gc            ] GC(565) Pause Young (Normal) (G1 Evacuation Pause) 265M->232M(667M) 14.098ms
[2025-11-08T14:45:24.153+0000][gc,cpu        ] GC(565) User=0.02s Sys=0.00s Real=0.01s
[2025-11-08T14:45:27.505+0000][gc,start      ] GC(566) Pause Young (Normal) (G1 Evacuation Pause)
[2025-11-08T14:45:27.506+0000][gc,task       ] GC(566) Using 2 workers of 2 for evacuation
[2025-11-08T14:45:27.517+0000][gc,phases     ] GC(566)   Pre Evacuate Collection Set: 0.0ms
[2025-11-08T14:45:27.518+0000][gc,phases     ] GC(566)   Evacuate Collection Set: 9.5ms
[2025-11-08T14:45:27.518+0000][gc,phases     ] GC(566)   Post Evacuate Collection Set: 1.0ms
[2025-11-08T14:45:27.520+0000][gc,phases     ] GC(566)   Other: 1.4ms
[2025-11-08T14:45:27.520+0000][gc,heap       ] GC(566) Eden regions: 34->0(36)
[2025-11-08T14:45:27.520+0000][gc,heap       ] GC(566) Survivor regions: 2->2(5)
[2025-11-08T14:45:27.520+0000][gc,heap       ] GC(566) Old regions: 85->85
[2025-11-08T14:45:27.521+0000][gc,heap       ] GC(566) Humongous regions: 147->147
[2025-11-08T14:45:27.521+0000][gc,metaspace  ] GC(566) Metaspace: 52265K(55472K)->52265K(55472K) NonClass: 46477K(48304K)->46477K(48304K) Class: 5787K(7168K)->5787K(7168K)
[2025-11-08T14:45:27.521+0000][gc            ] GC(566) Pause Young (Normal) (G1 Evacuation Pause) 266M->232M(667M) 16.410ms
[2025-11-08T14:45:27.522+0000][gc,cpu        ] GC(566) User=0.02s Sys=0.00s Real=0.02s
[2025-11-08T14:45:30.289+0000][gc,start      ] GC(567) Pause Young (Normal) (G1 Evacuation Pause)
[2025-11-08T14:45:30.290+0000][gc,task       ] GC(567) Using 2 workers of 2 for evacuation
[2025-11-08T14:45:30.303+0000][gc,phases     ] GC(567)   Pre Evacuate Collection Set: 0.0ms
[2025-11-08T14:45:30.304+0000][gc,phases     ] GC(567)   Evacuate Collection Set: 11.8ms
[2025-11-08T14:45:30.304+0000][gc,phases     ] GC(567)   Post Evacuate Collection Set: 1.3ms
[2025-11-08T14:45:30.304+0000][gc,phases     ] GC(567)   Other: 0.9ms
[2025-11-08T14:45:30.305+0000][gc,heap       ] GC(567) Eden regions: 36->0(38)
[2025-11-08T14:45:30.305+0000][gc,heap       ] GC(567) Survivor regions: 2->3(5)
[2025-11-08T14:45:30.306+0000][gc,heap       ] GC(567) Old regions: 85->85
[2025-11-08T14:45:30.306+0000][gc,heap       ] GC(567) Humongous regions: 147->147
[2025-11-08T14:45:30.308+0000][gc,metaspace  ] GC(567) Metaspace: 52266K(55472K)->52266K(55472K) NonClass: 46478K(48304K)->46478K(48304K) Class: 5787K(7168K)->5787K(7168K)
[2025-11-08T14:45:30.308+0000][gc            ] GC(567) Pause Young (Normal) (G1 Evacuation Pause) 268M->233M(667M) 19.077ms
[2025-11-08T14:45:30.309+0000][gc,cpu        ] GC(567) User=0.02s Sys=0.00s Real=0.02s
[2025-11-08T14:45:33.311+0000][gc,start      ] GC(568) Pause Young (Normal) (G1 Evacuation Pause)
[2025-11-08T14:45:33.311+0000][gc,task       ] GC(568) Using 2 workers of 2 for evacuation
[2025-11-08T14:45:33.329+0000][gc,phases     ] GC(568)   Pre Evacuate Collection Set: 0.0ms
[2025-11-08T14:45:33.329+0000][gc,phases     ] GC(568)   Evacuate Collection Set: 15.6ms
[2025-11-08T14:45:33.329+0000][gc,phases     ] GC(568)   Post Evacuate Collection Set: 1.7ms
[2025-11-08T14:45:33.330+0000][gc,phases     ] GC(568)   Other: 0.9ms
[2025-11-08T14:45:33.331+0000][gc,heap       ] GC(568) Eden regions: 38->0(37)
[2025-11-08T14:45:33.332+0000][gc,heap       ] GC(568) Survivor regions: 3->3(6)
[2025-11-08T14:45:33.332+0000][gc,heap       ] GC(568) Old regions: 85->85
[2025-11-08T14:45:33.333+0000][gc,heap       ] GC(568) Humongous regions: 147->147
[2025-11-08T14:45:33.333+0000][gc,metaspace  ] GC(568) Metaspace: 52266K(55472K)->52266K(55472K) NonClass: 46478K(48304K)->46478K(48304K) Class: 5787K(7168K)->5787K(7168K)
[2025-11-08T14:45:33.334+0000][gc            ] GC(568) Pause Young (Normal) (G1 Evacuation Pause) 271M->233M(667M) 23.264ms
[2025-11-08T14:45:33.334+0000][gc,cpu        ] GC(568) User=0.04s Sys=0.00s Real=0.02s
[2025-11-08T14:45:35.763+0000][gc,start      ] GC(569) Pause Young (Normal) (G1 Evacuation Pause)
[2025-11-08T14:45:35.763+0000][gc,task       ] GC(569) Using 2 workers of 2 for evacuation
[2025-11-08T14:45:35.776+0000][gc,phases     ] GC(569)   Pre Evacuate Collection Set: 0.0ms
[2025-11-08T14:45:35.776+0000][gc,phases     ] GC(569)   Evacuate Collection Set: 10.8ms
[2025-11-08T14:45:35.776+0000][gc,phases     ] GC(569)   Post Evacuate Collection Set: 1.0ms
[2025-11-08T14:45:35.777+0000][gc,phases     ] GC(569)   Other: 1.7ms
[2025-11-08T14:45:35.777+0000][gc,heap       ] GC(569) Eden regions: 30->0(36)
[2025-11-08T14:45:35.777+0000][gc,heap       ] GC(569) Survivor regions: 3->3(5)
[2025-11-08T14:45:35.777+0000][gc,heap       ] GC(569) Old regions: 85->85
[2025-11-08T14:45:35.778+0000][gc,heap       ] GC(569) Humongous regions: 147->147
[2025-11-08T14:45:35.778+0000][gc,metaspace  ] GC(569) Metaspace: 52266K(55472K)->52266K(55472K) NonClass: 46478K(48304K)->46478K(48304K) Class: 5787K(7168K)->5787K(7168K)
[2025-11-08T14:45:35.778+0000][gc            ] GC(569) Pause Young (Normal) (G1 Evacuation Pause) 263M->233M(667M) 15.707ms
[2025-11-08T14:45:35.779+0000][gc,cpu        ] GC(569) User=0.03s Sys=0.00s Real=0.02s
[2025-11-08T14:45:38.418+0000][gc,start      ] GC(570) Pause Young (Normal) (G1 Evacuation Pause)
[2025-11-08T14:45:38.418+0000][gc,task       ] GC(570) Using 2 workers of 2 for evacuation
[2025-11-08T14:45:38.432+0000][gc,phases     ] GC(570)   Pre Evacuate Collection Set: 0.0ms
[2025-11-08T14:45:38.433+0000][gc,phases     ] GC(570)   Evacuate Collection Set: 11.5ms
[2025-11-08T14:45:38.433+0000][gc,phases     ] GC(570)   Post Evacuate Collection Set: 1.2ms
[2025-11-08T14:45:38.433+0000][gc,phases     ] GC(570)   Other: 1.1ms
[2025-11-08T14:45:38.433+0000][gc,heap       ] GC(570) Eden regions: 36->0(38)
[2025-11-08T14:45:38.434+0000][gc,heap       ] GC(570) Survivor regions: 3->3(5)
[2025-11-08T14:45:38.434+0000][gc,heap       ] GC(570) Old regions: 85->85
[2025-11-08T14:45:38.434+0000][gc,heap       ] GC(570) Humongous regions: 147->147
[2025-11-08T14:45:38.435+0000][gc,metaspace  ] GC(570) Metaspace: 52266K(55472K)->52266K(55472K) NonClass: 46478K(48304K)->46478K(48304K) Class: 5787K(7168K)->5787K(7168K)
[2025-11-08T14:45:38.435+0000][gc            ] GC(570) Pause Young (Normal) (G1 Evacuation Pause) 269M->233M(667M) 17.036ms
[2025-11-08T14:45:38.436+0000][gc,cpu        ] GC(570) User=0.03s Sys=0.00s Real=0.01s
[2025-11-08T14:45:41.184+0000][gc,start      ] GC(571) Pause Young (Normal) (G1 Evacuation Pause)
[2025-11-08T14:45:41.184+0000][gc,task       ] GC(571) Using 2 workers of 2 for evacuation
[2025-11-08T14:45:41.198+0000][gc,phases     ] GC(571)   Pre Evacuate Collection Set: 0.0ms
[2025-11-08T14:45:41.198+0000][gc,phases     ] GC(571)   Evacuate Collection Set: 11.0ms
[2025-11-08T14:45:41.198+0000][gc,phases     ] GC(571)   Post Evacuate Collection Set: 1.8ms
[2025-11-08T14:45:41.199+0000][gc,phases     ] GC(571)   Other: 0.8ms
[2025-11-08T14:45:41.199+0000][gc,heap       ] GC(571) Eden regions: 38->0(40)
[2025-11-08T14:45:41.199+0000][gc,heap       ] GC(571) Survivor regions: 3->3(6)
[2025-11-08T14:45:41.199+0000][gc,heap       ] GC(571) Old regions: 85->85
[2025-11-08T14:45:41.199+0000][gc,heap       ] GC(571) Humongous regions: 147->147
[2025-11-08T14:45:41.200+0000][gc,metaspace  ] GC(571) Metaspace: 52266K(55472K)->52266K(55472K) NonClass: 46478K(48304K)->46478K(48304K) Class: 5787K(7168K)->5787K(7168K)
[2025-11-08T14:45:41.200+0000][gc            ] GC(571) Pause Young (Normal) (G1 Evacuation Pause) 271M->234M(667M) 15.799ms
[2025-11-08T14:45:41.200+0000][gc,cpu        ] GC(571) User=0.02s Sys=0.00s Real=0.02s
[2025-11-08T14:45:44.378+0000][gc,start      ] GC(572) Pause Young (Normal) (G1 Evacuation Pause)
[2025-11-08T14:45:44.378+0000][gc,task       ] GC(572) Using 2 workers of 2 for evacuation
[2025-11-08T14:45:44.389+0000][gc,phases     ] GC(572)   Pre Evacuate Collection Set: 0.0ms
[2025-11-08T14:45:44.389+0000][gc,phases     ] GC(572)   Evacuate Collection Set: 9.3ms
[2025-11-08T14:45:44.389+0000][gc,phases     ] GC(572)   Post Evacuate Collection Set: 1.1ms
[2025-11-08T14:45:44.389+0000][gc,phases     ] GC(572)   Other: 0.8ms
[2025-11-08T14:45:44.390+0000][gc,heap       ] GC(572) Eden regions: 40->0(42)
[2025-11-08T14:45:44.390+0000][gc,heap       ] GC(572) Survivor regions: 3->2(6)
[2025-11-08T14:45:44.390+0000][gc,heap       ] GC(572) Old regions: 85->85
[2025-11-08T14:45:44.390+0000][gc,heap       ] GC(572) Humongous regions: 147->147
[2025-11-08T14:45:44.390+0000][gc,metaspace  ] GC(572) Metaspace: 52266K(55472K)->52266K(55472K) NonClass: 46478K(48304K)->46478K(48304K) Class: 5787K(7168K)->5787K(7168K)
[2025-11-08T14:45:44.391+0000][gc            ] GC(572) Pause Young (Normal) (G1 Evacuation Pause) 274M->233M(667M) 13.043ms
[2025-11-08T14:45:44.391+0000][gc,cpu        ] GC(572) User=0.02s Sys=0.00s Real=0.01s
[2025-11-08T14:45:47.586+0000][gc,start      ] GC(573) Pause Young (Normal) (G1 Evacuation Pause)
[2025-11-08T14:45:47.587+0000][gc,task       ] GC(573) Using 2 workers of 2 for evacuation
[2025-11-08T14:45:47.605+0000][gc,phases     ] GC(573)   Pre Evacuate Collection Set: 0.0ms
[2025-11-08T14:45:47.605+0000][gc,phases     ] GC(573)   Evacuate Collection Set: 16.2ms
[2025-11-08T14:45:47.605+0000][gc,phases     ] GC(573)   Post Evacuate Collection Set: 1.4ms
[2025-11-08T14:45:47.606+0000][gc,phases     ] GC(573)   Other: 0.9ms
[2025-11-08T14:45:47.606+0000][gc,heap       ] GC(573) Eden regions: 42->0(41)
[2025-11-08T14:45:47.606+0000][gc,heap       ] GC(573) Survivor regions: 2->3(6)
[2025-11-08T14:45:47.607+0000][gc,heap       ] GC(573) Old regions: 85->85
[2025-11-08T14:45:47.607+0000][gc,heap       ] GC(573) Humongous regions: 147->147
[2025-11-08T14:45:47.608+0000][gc,metaspace  ] GC(573) Metaspace: 52266K(55472K)->52266K(55472K) NonClass: 46478K(48304K)->46478K(48304K) Class: 5787K(7168K)->5787K(7168K)
[2025-11-08T14:45:47.608+0000][gc            ] GC(573) Pause Young (Normal) (G1 Evacuation Pause) 275M->234M(667M) 21.436ms
[2025-11-08T14:45:47.608+0000][gc,cpu        ] GC(573) User=0.03s Sys=0.00s Real=0.02s
[2025-11-08T14:45:50.137+0000][gc,start      ] GC(574) Pause Young (Normal) (G1 Evacuation Pause)
[2025-11-08T14:45:50.139+0000][gc,task       ] GC(574) Using 2 workers of 2 for evacuation
[2025-11-08T14:45:50.161+0000][gc,phases     ] GC(574)   Pre Evacuate Collection Set: 0.0ms
[2025-11-08T14:45:50.180+0000][gc,phases     ] GC(574)   Evacuate Collection Set: 16.3ms
[2025-11-08T14:45:50.184+0000][gc,phases     ] GC(574)   Post Evacuate Collection Set: 1.6ms
[2025-11-08T14:45:50.185+0000][gc,phases     ] GC(574)   Other: 5.6ms
[2025-11-08T14:45:50.185+0000][gc,heap       ] GC(574) Eden regions: 34->0(39)
[2025-11-08T14:45:50.185+0000][gc,heap       ] GC(574) Survivor regions: 3->3(5)
[2025-11-08T14:45:50.185+0000][gc,heap       ] GC(574) Old regions: 85->85
[2025-11-08T14:45:50.186+0000][gc,heap       ] GC(574) Humongous regions: 147->147
[2025-11-08T14:45:50.186+0000][gc,metaspace  ] GC(574) Metaspace: 52266K(55472K)->52266K(55472K) NonClass: 46478K(48304K)->46478K(48304K) Class: 5787K(7168K)->5787K(7168K)
[2025-11-08T14:45:50.186+0000][gc            ] GC(574) Pause Young (Normal) (G1 Evacuation Pause) 268M->234M(667M) 48.759ms
[2025-11-08T14:45:50.186+0000][gc,cpu        ] GC(574) User=0.04s Sys=0.00s Real=0.05s
[2025-11-08T14:45:53.128+0000][gc,start      ] GC(575) Pause Young (Normal) (G1 Evacuation Pause)
[2025-11-08T14:45:53.128+0000][gc,task       ] GC(575) Using 2 workers of 2 for evacuation
[2025-11-08T14:45:53.146+0000][gc,phases     ] GC(575)   Pre Evacuate Collection Set: 0.0ms
[2025-11-08T14:45:53.147+0000][gc,phases     ] GC(575)   Evacuate Collection Set: 16.6ms
[2025-11-08T14:45:53.147+0000][gc,phases     ] GC(575)   Post Evacuate Collection Set: 1.0ms
[2025-11-08T14:45:53.148+0000][gc,phases     ] GC(575)   Other: 1.6ms
[2025-11-08T14:45:53.148+0000][gc,heap       ] GC(575) Eden regions: 39->0(39)
[2025-11-08T14:45:53.149+0000][gc,heap       ] GC(575) Survivor regions: 3->4(6)
[2025-11-08T14:45:53.149+0000][gc,heap       ] GC(575) Old regions: 85->85
[2025-11-08T14:45:53.149+0000][gc,heap       ] GC(575) Humongous regions: 147->147
[2025-11-08T14:45:53.150+0000][gc,metaspace  ] GC(575) Metaspace: 52266K(55472K)->52266K(55472K) NonClass: 46478K(48304K)->46478K(48304K) Class: 5787K(7168K)->5787K(7168K)
[2025-11-08T14:45:53.150+0000][gc            ] GC(575) Pause Young (Normal) (G1 Evacuation Pause) 273M->234M(667M) 22.339ms
[2025-11-08T14:45:53.150+0000][gc,cpu        ] GC(575) User=0.04s Sys=0.00s Real=0.02s
[2025-11-08T14:45:55.317+0000][gc,start      ] GC(576) Pause Young (Normal) (G1 Evacuation Pause)
[2025-11-08T14:45:55.318+0000][gc,task       ] GC(576) Using 2 workers of 2 for evacuation
[2025-11-08T14:45:55.330+0000][gc,phases     ] GC(576)   Pre Evacuate Collection Set: 0.0ms
[2025-11-08T14:45:55.330+0000][gc,phases     ] GC(576)   Evacuate Collection Set: 10.6ms
[2025-11-08T14:45:55.331+0000][gc,phases     ] GC(576)   Post Evacuate Collection Set: 1.0ms
[2025-11-08T14:45:55.331+0000][gc,phases     ] GC(576)   Other: 0.8ms
[2025-11-08T14:45:55.331+0000][gc,heap       ] GC(576) Eden regions: 29->0(41)
[2025-11-08T14:45:55.331+0000][gc,heap       ] GC(576) Survivor regions: 4->3(5)
[2025-11-08T14:45:55.332+0000][gc,heap       ] GC(576) Old regions: 85->86
[2025-11-08T14:45:55.332+0000][gc,heap       ] GC(576) Humongous regions: 147->147
[2025-11-08T14:45:55.332+0000][gc,metaspace  ] GC(576) Metaspace: 52266K(55472K)->52266K(55472K) NonClass: 46478K(48304K)->46478K(48304K) Class: 5787K(7168K)->5787K(7168K)
[2025-11-08T14:45:55.332+0000][gc            ] GC(576) Pause Young (Normal) (G1 Evacuation Pause) 263M->234M(667M) 15.167ms
[2025-11-08T14:45:55.333+0000][gc,cpu        ] GC(576) User=0.03s Sys=0.00s Real=0.01s
[2025-11-08T14:45:58.372+0000][gc,start      ] GC(577) Pause Young (Normal) (G1 Evacuation Pause)
[2025-11-08T14:45:58.373+0000][gc,task       ] GC(577) Using 2 workers of 2 for evacuation
[2025-11-08T14:45:58.387+0000][gc,phases     ] GC(577)   Pre Evacuate Collection Set: 0.0ms
[2025-11-08T14:45:58.388+0000][gc,phases     ] GC(577)   Evacuate Collection Set: 11.6ms
[2025-11-08T14:45:58.389+0000][gc,phases     ] GC(577)   Post Evacuate Collection Set: 1.8ms
[2025-11-08T14:45:58.389+0000][gc,phases     ] GC(577)   Other: 1.4ms
[2025-11-08T14:45:58.390+0000][gc,heap       ] GC(577) Eden regions: 41->0(41)
[2025-11-08T14:45:58.390+0000][gc,heap       ] GC(577) Survivor regions: 3->1(6)
[2025-11-08T14:45:58.391+0000][gc,heap       ] GC(577) Old regions: 86->86
[2025-11-08T14:45:58.391+0000][gc,heap       ] GC(577) Humongous regions: 147->147
[2025-11-08T14:45:58.392+0000][gc,metaspace  ] GC(577) Metaspace: 52266K(55472K)->52266K(55472K) NonClass: 46478K(48304K)->46478K(48304K) Class: 5787K(7168K)->5787K(7168K)
[2025-11-08T14:45:58.392+0000][gc            ] GC(577) Pause Young (Normal) (G1 Evacuation Pause) 275M->233M(667M) 19.983ms
[2025-11-08T14:45:58.392+0000][gc,cpu        ] GC(577) User=0.03s Sys=0.00s Real=0.02s
[2025-11-08T14:46:01.608+0000][gc,start      ] GC(578) Pause Young (Normal) (G1 Evacuation Pause)
[2025-11-08T14:46:01.609+0000][gc,task       ] GC(578) Using 2 workers of 2 for evacuation
[2025-11-08T14:46:01.628+0000][gc,phases     ] GC(578)   Pre Evacuate Collection Set: 0.0ms
[2025-11-08T14:46:01.629+0000][gc,phases     ] GC(578)   Evacuate Collection Set: 17.3ms
[2025-11-08T14:46:01.629+0000][gc,phases     ] GC(578)   Post Evacuate Collection Set: 1.4ms
[2025-11-08T14:46:01.629+0000][gc,phases     ] GC(578)   Other: 1.7ms
[2025-11-08T14:46:01.630+0000][gc,heap       ] GC(578) Eden regions: 41->0(40)
[2025-11-08T14:46:01.630+0000][gc,heap       ] GC(578) Survivor regions: 1->2(6)
[2025-11-08T14:46:01.631+0000][gc,heap       ] GC(578) Old regions: 86->86
[2025-11-08T14:46:01.631+0000][gc,heap       ] GC(578) Humongous regions: 147->147
[2025-11-08T14:46:01.632+0000][gc,metaspace  ] GC(578) Metaspace: 52266K(55472K)->52266K(55472K) NonClass: 46478K(48304K)->46478K(48304K) Class: 5787K(7168K)->5787K(7168K)
[2025-11-08T14:46:01.632+0000][gc            ] GC(578) Pause Young (Normal) (G1 Evacuation Pause) 274M->234M(667M) 24.132ms
[2025-11-08T14:46:01.634+0000][gc,cpu        ] GC(578) User=0.03s Sys=0.00s Real=0.02s
[2025-11-08T14:46:04.743+0000][gc,start      ] GC(579) Pause Young (Normal) (G1 Evacuation Pause)
[2025-11-08T14:46:04.744+0000][gc,task       ] GC(579) Using 2 workers of 2 for evacuation
[2025-11-08T14:46:04.756+0000][gc,phases     ] GC(579)   Pre Evacuate Collection Set: 0.0ms
[2025-11-08T14:46:04.756+0000][gc,phases     ] GC(579)   Evacuate Collection Set: 10.2ms
[2025-11-08T14:46:04.757+0000][gc,phases     ] GC(579)   Post Evacuate Collection Set: 0.9ms
[2025-11-08T14:46:04.757+0000][gc,phases     ] GC(579)   Other: 1.3ms
[2025-11-08T14:46:04.757+0000][gc,heap       ] GC(579) Eden regions: 40->0(41)
[2025-11-08T14:46:04.757+0000][gc,heap       ] GC(579) Survivor regions: 2->3(6)
[2025-11-08T14:46:04.758+0000][gc,heap       ] GC(579) Old regions: 86->86
[2025-11-08T14:46:04.758+0000][gc,heap       ] GC(579) Humongous regions: 147->147
[2025-11-08T14:46:04.758+0000][gc,metaspace  ] GC(579) Metaspace: 52266K(55472K)->52266K(55472K) NonClass: 46478K(48304K)->46478K(48304K) Class: 5787K(7168K)->5787K(7168K)
[2025-11-08T14:46:04.758+0000][gc            ] GC(579) Pause Young (Normal) (G1 Evacuation Pause) 274M->235M(667M) 14.882ms
[2025-11-08T14:46:04.759+0000][gc,cpu        ] GC(579) User=0.02s Sys=0.00s Real=0.02s
[2025-11-08T14:46:08.035+0000][gc,start      ] GC(580) Pause Young (Normal) (G1 Evacuation Pause)
[2025-11-08T14:46:08.036+0000][gc,task       ] GC(580) Using 2 workers of 2 for evacuation
[2025-11-08T14:46:08.051+0000][gc,phases     ] GC(580)   Pre Evacuate Collection Set: 0.0ms
[2025-11-08T14:46:08.052+0000][gc,phases     ] GC(580)   Evacuate Collection Set: 13.0ms
[2025-11-08T14:46:08.052+0000][gc,phases     ] GC(580)   Post Evacuate Collection Set: 1.4ms
[2025-11-08T14:46:08.053+0000][gc,phases     ] GC(580)   Other: 1.3ms
[2025-11-08T14:46:08.053+0000][gc,heap       ] GC(580) Eden regions: 41->0(42)
[2025-11-08T14:46:08.055+0000][gc,heap       ] GC(580) Survivor regions: 3->2(6)
[2025-11-08T14:46:08.055+0000][gc,heap       ] GC(580) Old regions: 86->86
[2025-11-08T14:46:08.055+0000][gc,heap       ] GC(580) Humongous regions: 147->147
[2025-11-08T14:46:08.056+0000][gc,metaspace  ] GC(580) Metaspace: 52266K(55472K)->52266K(55472K) NonClass: 46478K(48304K)->46478K(48304K) Class: 5787K(7168K)->5787K(7168K)
[2025-11-08T14:46:08.056+0000][gc            ] GC(580) Pause Young (Normal) (G1 Evacuation Pause) 276M->234M(667M) 21.188ms
[2025-11-08T14:46:08.057+0000][gc,cpu        ] GC(580) User=0.03s Sys=0.00s Real=0.03s
[2025-11-08T14:46:11.297+0000][gc,start      ] GC(581) Pause Young (Normal) (G1 Evacuation Pause)
[2025-11-08T14:46:11.298+0000][gc,task       ] GC(581) Using 2 workers of 2 for evacuation
[2025-11-08T14:46:11.313+0000][gc,phases     ] GC(581)   Pre Evacuate Collection Set: 0.0ms
[2025-11-08T14:46:11.313+0000][gc,phases     ] GC(581)   Evacuate Collection Set: 13.3ms
[2025-11-08T14:46:11.313+0000][gc,phases     ] GC(581)   Post Evacuate Collection Set: 1.2ms
[2025-11-08T14:46:11.314+0000][gc,phases     ] GC(581)   Other: 1.3ms
[2025-11-08T14:46:11.314+0000][gc,heap       ] GC(581) Eden regions: 42->0(43)
[2025-11-08T14:46:11.314+0000][gc,heap       ] GC(581) Survivor regions: 2->3(6)
[2025-11-08T14:46:11.315+0000][gc,heap       ] GC(581) Old regions: 86->86
[2025-11-08T14:46:11.315+0000][gc,heap       ] GC(581) Humongous regions: 147->147
[2025-11-08T14:46:11.315+0000][gc,metaspace  ] GC(581) Metaspace: 52266K(55472K)->52266K(55472K) NonClass: 46478K(48304K)->46478K(48304K) Class: 5787K(7168K)->5787K(7168K)
[2025-11-08T14:46:11.315+0000][gc            ] GC(581) Pause Young (Normal) (G1 Evacuation Pause) 276M->235M(667M) 18.409ms
[2025-11-08T14:46:11.316+0000][gc,cpu        ] GC(581) User=0.03s Sys=0.00s Real=0.02s
[2025-11-08T14:46:13.552+0000][gc,start      ] GC(582) Pause Young (Normal) (G1 Evacuation Pause)
[2025-11-08T14:46:13.552+0000][gc,task       ] GC(582) Using 2 workers of 2 for evacuation
[2025-11-08T14:46:13.569+0000][gc,phases     ] GC(582)   Pre Evacuate Collection Set: 0.0ms
[2025-11-08T14:46:13.569+0000][gc,phases     ] GC(582)   Evacuate Collection Set: 14.6ms
[2025-11-08T14:46:13.570+0000][gc,phases     ] GC(582)   Post Evacuate Collection Set: 1.0ms
[2025-11-08T14:46:13.570+0000][gc,phases     ] GC(582)   Other: 1.6ms
[2025-11-08T14:46:13.570+0000][gc,heap       ] GC(582) Eden regions: 30->0(39)
[2025-11-08T14:46:13.571+0000][gc,heap       ] GC(582) Survivor regions: 3->3(5)
[2025-11-08T14:46:13.571+0000][gc,heap       ] GC(582) Old regions: 86->86
[2025-11-08T14:46:13.571+0000][gc,heap       ] GC(582) Humongous regions: 147->147
[2025-11-08T14:46:13.572+0000][gc,metaspace  ] GC(582) Metaspace: 52266K(55472K)->52266K(55472K) NonClass: 46478K(48304K)->46478K(48304K) Class: 5787K(7168K)->5787K(7168K)
[2025-11-08T14:46:13.572+0000][gc            ] GC(582) Pause Young (Normal) (G1 Evacuation Pause) 265M->235M(667M) 20.330ms
[2025-11-08T14:46:13.572+0000][gc,cpu        ] GC(582) User=0.03s Sys=0.00s Real=0.02s
[2025-11-08T14:46:16.604+0000][gc,start      ] GC(583) Pause Young (Normal) (G1 Evacuation Pause)
[2025-11-08T14:46:16.605+0000][gc,task       ] GC(583) Using 2 workers of 2 for evacuation
[2025-11-08T14:46:16.623+0000][gc,phases     ] GC(583)   Pre Evacuate Collection Set: 0.0ms
[2025-11-08T14:46:16.623+0000][gc,phases     ] GC(583)   Evacuate Collection Set: 15.3ms
[2025-11-08T14:46:16.623+0000][gc,phases     ] GC(583)   Post Evacuate Collection Set: 1.9ms
[2025-11-08T14:46:16.624+0000][gc,phases     ] GC(583)   Other: 1.6ms
[2025-11-08T14:46:16.624+0000][gc,heap       ] GC(583) Eden regions: 39->0(39)
[2025-11-08T14:46:16.625+0000][gc,heap       ] GC(583) Survivor regions: 3->3(6)
[2025-11-08T14:46:16.625+0000][gc,heap       ] GC(583) Old regions: 86->86
[2025-11-08T14:46:16.625+0000][gc,heap       ] GC(583) Humongous regions: 147->147
[2025-11-08T14:46:16.626+0000][gc,metaspace  ] GC(583) Metaspace: 52266K(55472K)->52266K(55472K) NonClass: 46478K(48304K)->46478K(48304K) Class: 5787K(7168K)->5787K(7168K)
[2025-11-08T14:46:16.626+0000][gc            ] GC(583) Pause Young (Normal) (G1 Evacuation Pause) 274M->235M(667M) 21.983ms
[2025-11-08T14:46:16.627+0000][gc,cpu        ] GC(583) User=0.03s Sys=0.00s Real=0.02s
[2025-11-08T14:46:19.531+0000][gc,start      ] GC(584) Pause Young (Normal) (G1 Evacuation Pause)
[2025-11-08T14:46:19.531+0000][gc,task       ] GC(584) Using 2 workers of 2 for evacuation
[2025-11-08T14:46:19.544+0000][gc,phases     ] GC(584)   Pre Evacuate Collection Set: 0.0ms
[2025-11-08T14:46:19.545+0000][gc,phases     ] GC(584)   Evacuate Collection Set: 11.1ms
[2025-11-08T14:46:19.545+0000][gc,phases     ] GC(584)   Post Evacuate Collection Set: 1.1ms
[2025-11-08T14:46:19.546+0000][gc,phases     ] GC(584)   Other: 1.1ms
[2025-11-08T14:46:19.546+0000][gc,heap       ] GC(584) Eden regions: 39->0(41)
[2025-11-08T14:46:19.546+0000][gc,heap       ] GC(584) Survivor regions: 3->2(6)
[2025-11-08T14:46:19.547+0000][gc,heap       ] GC(584) Old regions: 86->86
[2025-11-08T14:46:19.547+0000][gc,heap       ] GC(584) Humongous regions: 147->147
[2025-11-08T14:46:19.547+0000][gc,metaspace  ] GC(584) Metaspace: 52266K(55472K)->52266K(55472K) NonClass: 46478K(48304K)->46478K(48304K) Class: 5787K(7168K)->5787K(7168K)
[2025-11-08T14:46:19.548+0000][gc            ] GC(584) Pause Young (Normal) (G1 Evacuation Pause) 274M->234M(667M) 17.220ms
[2025-11-08T14:46:19.548+0000][gc,cpu        ] GC(584) User=0.03s Sys=0.00s Real=0.02s
[2025-11-08T14:46:21.940+0000][gc,start      ] GC(585) Pause Young (Normal) (G1 Evacuation Pause)
[2025-11-08T14:46:21.941+0000][gc,task       ] GC(585) Using 2 workers of 2 for evacuation
[2025-11-08T14:46:21.960+0000][gc,phases     ] GC(585)   Pre Evacuate Collection Set: 0.0ms
[2025-11-08T14:46:21.960+0000][gc,phases     ] GC(585)   Evacuate Collection Set: 16.4ms
[2025-11-08T14:46:21.961+0000][gc,phases     ] GC(585)   Post Evacuate Collection Set: 1.8ms
[2025-11-08T14:46:21.961+0000][gc,phases     ] GC(585)   Other: 1.0ms
[2025-11-08T14:46:21.961+0000][gc,heap       ] GC(585) Eden regions: 31->0(38)
[2025-11-08T14:46:21.962+0000][gc,heap       ] GC(585) Survivor regions: 2->4(5)
[2025-11-08T14:46:21.962+0000][gc,heap       ] GC(585) Old regions: 86->86
[2025-11-08T14:46:21.962+0000][gc,heap       ] GC(585) Humongous regions: 147->147
[2025-11-08T14:46:21.963+0000][gc,metaspace  ] GC(585) Metaspace: 52266K(55472K)->52266K(55472K) NonClass: 46478K(48304K)->46478K(48304K) Class: 5787K(7168K)->5787K(7168K)
[2025-11-08T14:46:21.963+0000][gc            ] GC(585) Pause Young (Normal) (G1 Evacuation Pause) 265M->235M(667M) 22.786ms
[2025-11-08T14:46:21.964+0000][gc,cpu        ] GC(585) User=0.04s Sys=0.00s Real=0.02s
[2025-11-08T14:46:24.109+0000][gc,start      ] GC(586) Pause Young (Normal) (G1 Evacuation Pause)
[2025-11-08T14:46:24.109+0000][gc,task       ] GC(586) Using 2 workers of 2 for evacuation
[2025-11-08T14:46:24.127+0000][gc,phases     ] GC(586)   Pre Evacuate Collection Set: 0.0ms
[2025-11-08T14:46:24.127+0000][gc,phases     ] GC(586)   Evacuate Collection Set: 15.3ms
[2025-11-08T14:46:24.128+0000][gc,phases     ] GC(586)   Post Evacuate Collection Set: 1.8ms
[2025-11-08T14:46:24.129+0000][gc,phases     ] GC(586)   Other: 1.0ms
[2025-11-08T14:46:24.129+0000][gc,heap       ] GC(586) Eden regions: 29->0(38)
[2025-11-08T14:46:24.129+0000][gc,heap       ] GC(586) Survivor regions: 4->3(5)
[2025-11-08T14:46:24.130+0000][gc,heap       ] GC(586) Old regions: 86->87
[2025-11-08T14:46:24.130+0000][gc,heap       ] GC(586) Humongous regions: 147->147
[2025-11-08T14:46:24.130+0000][gc,metaspace  ] GC(586) Metaspace: 52266K(55472K)->52266K(55472K) NonClass: 46478K(48304K)->46478K(48304K) Class: 5787K(7168K)->5787K(7168K)
[2025-11-08T14:46:24.131+0000][gc            ] GC(586) Pause Young (Normal) (G1 Evacuation Pause) 264M->235M(667M) 21.958ms
[2025-11-08T14:46:24.131+0000][gc,cpu        ] GC(586) User=0.03s Sys=0.00s Real=0.02s
[2025-11-08T14:46:26.973+0000][gc,start      ] GC(587) Pause Young (Concurrent Start) (G1 Evacuation Pause)
[2025-11-08T14:46:26.973+0000][gc,task       ] GC(587) Using 2 workers of 2 for evacuation
[2025-11-08T14:46:26.988+0000][gc,phases     ] GC(587)   Pre Evacuate Collection Set: 0.3ms
[2025-11-08T14:46:26.989+0000][gc,phases     ] GC(587)   Evacuate Collection Set: 12.6ms
[2025-11-08T14:46:26.989+0000][gc,phases     ] GC(587)   Post Evacuate Collection Set: 1.4ms
[2025-11-08T14:46:26.990+0000][gc,phases     ] GC(587)   Other: 1.4ms
[2025-11-08T14:46:26.990+0000][gc,heap       ] GC(587) Eden regions: 38->0(39)
[2025-11-08T14:46:26.991+0000][gc,heap       ] GC(587) Survivor regions: 3->3(6)
[2025-11-08T14:46:26.991+0000][gc,heap       ] GC(587) Old regions: 87->87
[2025-11-08T14:46:26.991+0000][gc,heap       ] GC(587) Humongous regions: 147->147
[2025-11-08T14:46:26.992+0000][gc,metaspace  ] GC(587) Metaspace: 52266K(55472K)->52266K(55472K) NonClass: 46478K(48304K)->46478K(48304K) Class: 5787K(7168K)->5787K(7168K)
[2025-11-08T14:46:26.992+0000][gc            ] GC(587) Pause Young (Concurrent Start) (G1 Evacuation Pause) 273M->236M(667M) 19.405ms
[2025-11-08T14:46:26.995+0000][gc,cpu        ] GC(587) User=0.03s Sys=0.00s Real=0.02s
[2025-11-08T14:46:26.997+0000][gc            ] GC(588) Concurrent Cycle
[2025-11-08T14:46:26.997+0000][gc,marking    ] GC(588) Concurrent Clear Claimed Marks
[2025-11-08T14:46:26.998+0000][gc,marking    ] GC(588) Concurrent Clear Claimed Marks 0.799ms
[2025-11-08T14:46:26.999+0000][gc,marking    ] GC(588) Concurrent Scan Root Regions
[2025-11-08T14:46:27.006+0000][gc,marking    ] GC(588) Concurrent Scan Root Regions 7.580ms
[2025-11-08T14:46:27.007+0000][gc,marking    ] GC(588) Concurrent Mark (5372.727s)
[2025-11-08T14:46:27.007+0000][gc,marking    ] GC(588) Concurrent Mark From Roots
[2025-11-08T14:46:27.007+0000][gc,task       ] GC(588) Using 1 workers of 1 for marking
[2025-11-08T14:46:27.094+0000][gc,marking    ] GC(588) Concurrent Mark From Roots 87.256ms
[2025-11-08T14:46:27.096+0000][gc,marking    ] GC(588) Concurrent Preclean
[2025-11-08T14:46:27.097+0000][gc,marking    ] GC(588) Concurrent Preclean 1.559ms
[2025-11-08T14:46:27.098+0000][gc,marking    ] GC(588) Concurrent Mark (5372.727s, 5372.818s) 91.010ms
[2025-11-08T14:46:27.103+0000][gc,start      ] GC(588) Pause Remark
[2025-11-08T14:46:27.118+0000][gc,stringtable] GC(588) Cleaned string and symbol table, strings: 16775 processed, 5 removed, symbols: 123569 processed, 0 removed
[2025-11-08T14:46:27.119+0000][gc            ] GC(588) Pause Remark 238M->238M(667M) 16.788ms
[2025-11-08T14:46:27.120+0000][gc,cpu        ] GC(588) User=0.03s Sys=0.00s Real=0.02s
[2025-11-08T14:46:27.120+0000][gc,marking    ] GC(588) Concurrent Rebuild Remembered Sets
[2025-11-08T14:46:27.160+0000][gc,marking    ] GC(588) Concurrent Rebuild Remembered Sets 39.675ms
[2025-11-08T14:46:27.162+0000][gc,start      ] GC(588) Pause Cleanup
[2025-11-08T14:46:27.163+0000][gc            ] GC(588) Pause Cleanup 238M->238M(667M) 0.804ms
[2025-11-08T14:46:27.163+0000][gc,cpu        ] GC(588) User=0.00s Sys=0.00s Real=0.00s
[2025-11-08T14:46:27.164+0000][gc,marking    ] GC(588) Concurrent Cleanup for Next Mark
[2025-11-08T14:46:27.165+0000][gc,marking    ] GC(588) Concurrent Cleanup for Next Mark 1.667ms
[2025-11-08T14:46:27.166+0000][gc            ] GC(588) Concurrent Cycle 169.062ms
[2025-11-08T14:46:30.125+0000][gc,start      ] GC(589) Pause Young (Prepare Mixed) (G1 Evacuation Pause)
[2025-11-08T14:46:30.126+0000][gc,task       ] GC(589) Using 2 workers of 2 for evacuation
[2025-11-08T14:46:30.137+0000][gc,phases     ] GC(589)   Pre Evacuate Collection Set: 0.0ms
[2025-11-08T14:46:30.137+0000][gc,phases     ] GC(589)   Evacuate Collection Set: 8.3ms
[2025-11-08T14:46:30.139+0000][gc,phases     ] GC(589)   Post Evacuate Collection Set: 1.9ms
[2025-11-08T14:46:30.139+0000][gc,phases     ] GC(589)   Other: 1.1ms
[2025-11-08T14:46:30.140+0000][gc,heap       ] GC(589) Eden regions: 39->0(31)
[2025-11-08T14:46:30.140+0000][gc,heap       ] GC(589) Survivor regions: 3->2(6)
[2025-11-08T14:46:30.140+0000][gc,heap       ] GC(589) Old regions: 87->87
[2025-11-08T14:46:30.140+0000][gc,heap       ] GC(589) Humongous regions: 147->147
[2025-11-08T14:46:30.141+0000][gc,metaspace  ] GC(589) Metaspace: 52266K(55472K)->52266K(55472K) NonClass: 46478K(48304K)->46478K(48304K) Class: 5787K(7168K)->5787K(7168K)
[2025-11-08T14:46:30.141+0000][gc            ] GC(589) Pause Young (Prepare Mixed) (G1 Evacuation Pause) 275M->234M(667M) 15.466ms
[2025-11-08T14:46:30.141+0000][gc,cpu        ] GC(589) User=0.02s Sys=0.00s Real=0.02s
[2025-11-08T14:46:32.467+0000][gc,start      ] GC(590) Pause Young (Mixed) (G1 Evacuation Pause)
[2025-11-08T14:46:32.468+0000][gc,task       ] GC(590) Using 2 workers of 2 for evacuation
[2025-11-08T14:46:32.477+0000][gc,phases     ] GC(590)   Pre Evacuate Collection Set: 0.0ms
[2025-11-08T14:46:32.477+0000][gc,phases     ] GC(590)   Evacuate Collection Set: 7.4ms
[2025-11-08T14:46:32.478+0000][gc,phases     ] GC(590)   Post Evacuate Collection Set: 1.2ms
[2025-11-08T14:46:32.478+0000][gc,phases     ] GC(590)   Other: 0.9ms
[2025-11-08T14:46:32.478+0000][gc,heap       ] GC(590) Eden regions: 31->0(32)
[2025-11-08T14:46:32.479+0000][gc,heap       ] GC(590) Survivor regions: 2->1(5)
[2025-11-08T14:46:32.479+0000][gc,heap       ] GC(590) Old regions: 87->77
[2025-11-08T14:46:32.479+0000][gc,heap       ] GC(590) Humongous regions: 147->147
[2025-11-08T14:46:32.480+0000][gc,metaspace  ] GC(590) Metaspace: 52266K(55472K)->52266K(55472K) NonClass: 46478K(48304K)->46478K(48304K) Class: 5787K(7168K)->5787K(7168K)
[2025-11-08T14:46:32.480+0000][gc            ] GC(590) Pause Young (Mixed) (G1 Evacuation Pause) 265M->224M(667M) 12.984ms
[2025-11-08T14:46:32.481+0000][gc,cpu        ] GC(590) User=0.02s Sys=0.00s Real=0.01s
[2025-11-08T14:46:35.129+0000][gc,start      ] GC(591) Pause Young (Mixed) (G1 Evacuation Pause)
[2025-11-08T14:46:35.130+0000][gc,task       ] GC(591) Using 2 workers of 2 for evacuation
[2025-11-08T14:46:35.143+0000][gc,phases     ] GC(591)   Pre Evacuate Collection Set: 0.0ms
[2025-11-08T14:46:35.143+0000][gc,phases     ] GC(591)   Evacuate Collection Set: 11.6ms
[2025-11-08T14:46:35.144+0000][gc,phases     ] GC(591)   Post Evacuate Collection Set: 1.4ms
[2025-11-08T14:46:35.144+0000][gc,phases     ] GC(591)   Other: 0.8ms
[2025-11-08T14:46:35.144+0000][gc,heap       ] GC(591) Eden regions: 32->0(30)
[2025-11-08T14:46:35.145+0000][gc,heap       ] GC(591) Survivor regions: 1->3(5)
[2025-11-08T14:46:35.145+0000][gc,heap       ] GC(591) Old regions: 77->67
[2025-11-08T14:46:35.145+0000][gc,heap       ] GC(591) Humongous regions: 147->147
[2025-11-08T14:46:35.145+0000][gc,metaspace  ] GC(591) Metaspace: 52266K(55472K)->52266K(55472K) NonClass: 46478K(48304K)->46478K(48304K) Class: 5787K(7168K)->5787K(7168K)
[2025-11-08T14:46:35.146+0000][gc            ] GC(591) Pause Young (Mixed) (G1 Evacuation Pause) 256M->216M(667M) 16.323ms
[2025-11-08T14:46:35.146+0000][gc,cpu        ] GC(591) User=0.03s Sys=0.00s Real=0.01s
[2025-11-08T14:46:37.341+0000][gc,start      ] GC(592) Pause Young (Mixed) (G1 Evacuation Pause)
[2025-11-08T14:46:37.342+0000][gc,task       ] GC(592) Using 2 workers of 2 for evacuation
[2025-11-08T14:46:37.358+0000][gc,phases     ] GC(592)   Pre Evacuate Collection Set: 0.1ms
[2025-11-08T14:46:37.358+0000][gc,phases     ] GC(592)   Evacuate Collection Set: 13.1ms
[2025-11-08T14:46:37.359+0000][gc,phases     ] GC(592)   Post Evacuate Collection Set: 2.0ms
[2025-11-08T14:46:37.360+0000][gc,phases     ] GC(592)   Other: 1.7ms
[2025-11-08T14:46:37.360+0000][gc,heap       ] GC(592) Eden regions: 30->0(30)
[2025-11-08T14:46:37.361+0000][gc,heap       ] GC(592) Survivor regions: 3->3(5)
[2025-11-08T14:46:37.361+0000][gc,heap       ] GC(592) Old regions: 67->57
[2025-11-08T14:46:37.362+0000][gc,heap       ] GC(592) Humongous regions: 147->147
[2025-11-08T14:46:37.362+0000][gc,metaspace  ] GC(592) Metaspace: 52266K(55472K)->52266K(55472K) NonClass: 46478K(48304K)->46478K(48304K) Class: 5787K(7168K)->5787K(7168K)
[2025-11-08T14:46:37.362+0000][gc            ] GC(592) Pause Young (Mixed) (G1 Evacuation Pause) 246M->206M(667M) 21.575ms
[2025-11-08T14:46:37.363+0000][gc,cpu        ] GC(592) User=0.03s Sys=0.00s Real=0.02s
[2025-11-08T14:46:39.523+0000][gc,start      ] GC(593) Pause Young (Mixed) (G1 Evacuation Pause)
[2025-11-08T14:46:39.523+0000][gc,task       ] GC(593) Using 2 workers of 2 for evacuation
[2025-11-08T14:46:39.533+0000][gc,phases     ] GC(593)   Pre Evacuate Collection Set: 0.0ms
[2025-11-08T14:46:39.533+0000][gc,phases     ] GC(593)   Evacuate Collection Set: 8.3ms
[2025-11-08T14:46:39.534+0000][gc,phases     ] GC(593)   Post Evacuate Collection Set: 1.0ms
[2025-11-08T14:46:39.534+0000][gc,phases     ] GC(593)   Other: 0.9ms
[2025-11-08T14:46:39.534+0000][gc,heap       ] GC(593) Eden regions: 30->0(45)
[2025-11-08T14:46:39.535+0000][gc,heap       ] GC(593) Survivor regions: 3->2(5)
[2025-11-08T14:46:39.535+0000][gc,heap       ] GC(593) Old regions: 57->53
[2025-11-08T14:46:39.535+0000][gc,heap       ] GC(593) Humongous regions: 147->147
[2025-11-08T14:46:39.535+0000][gc,metaspace  ] GC(593) Metaspace: 52266K(55472K)->52266K(55472K) NonClass: 46478K(48304K)->46478K(48304K) Class: 5787K(7168K)->5787K(7168K)
[2025-11-08T14:46:39.536+0000][gc            ] GC(593) Pause Young (Mixed) (G1 Evacuation Pause) 236M->200M(667M) 12.908ms
[2025-11-08T14:46:39.536+0000][gc,cpu        ] GC(593) User=0.02s Sys=0.00s Real=0.01s
[2025-11-08T14:46:43.002+0000][gc,start      ] GC(594) Pause Young (Normal) (G1 Evacuation Pause)
[2025-11-08T14:46:43.005+0000][gc,task       ] GC(594) Using 2 workers of 2 for evacuation
[2025-11-08T14:46:43.018+0000][gc,phases     ] GC(594)   Pre Evacuate Collection Set: 0.0ms
[2025-11-08T14:46:43.018+0000][gc,phases     ] GC(594)   Evacuate Collection Set: 11.4ms
[2025-11-08T14:46:43.018+0000][gc,phases     ] GC(594)   Post Evacuate Collection Set: 1.0ms
[2025-11-08T14:46:43.019+0000][gc,phases     ] GC(594)   Other: 3.3ms
[2025-11-08T14:46:43.019+0000][gc,heap       ] GC(594) Eden regions: 45->0(46)
[2025-11-08T14:46:43.019+0000][gc,heap       ] GC(594) Survivor regions: 2->2(6)
[2025-11-08T14:46:43.020+0000][gc,heap       ] GC(594) Old regions: 53->53
[2025-11-08T14:46:43.020+0000][gc,heap       ] GC(594) Humongous regions: 147->147
[2025-11-08T14:46:43.020+0000][gc,metaspace  ] GC(594) Metaspace: 52266K(55472K)->52266K(55472K) NonClass: 46478K(48304K)->46478K(48304K) Class: 5787K(7168K)->5787K(7168K)
[2025-11-08T14:46:43.021+0000][gc            ] GC(594) Pause Young (Normal) (G1 Evacuation Pause) 245M->200M(667M) 19.070ms
[2025-11-08T14:46:43.022+0000][gc,cpu        ] GC(594) User=0.02s Sys=0.00s Real=0.02s
[2025-11-08T14:46:46.550+0000][gc,start      ] GC(595) Pause Young (Normal) (G1 Evacuation Pause)
[2025-11-08T14:46:46.550+0000][gc,task       ] GC(595) Using 2 workers of 2 for evacuation
[2025-11-08T14:46:46.566+0000][gc,phases     ] GC(595)   Pre Evacuate Collection Set: 0.1ms
[2025-11-08T14:46:46.566+0000][gc,phases     ] GC(595)   Evacuate Collection Set: 13.2ms
[2025-11-08T14:46:46.566+0000][gc,phases     ] GC(595)   Post Evacuate Collection Set: 1.4ms
[2025-11-08T14:46:46.567+0000][gc,phases     ] GC(595)   Other: 1.2ms
[2025-11-08T14:46:46.567+0000][gc,heap       ] GC(595) Eden regions: 46->0(47)
[2025-11-08T14:46:46.568+0000][gc,heap       ] GC(595) Survivor regions: 2->3(6)
[2025-11-08T14:46:46.568+0000][gc,heap       ] GC(595) Old regions: 53->53
[2025-11-08T14:46:46.568+0000][gc,heap       ] GC(595) Humongous regions: 147->147
[2025-11-08T14:46:46.569+0000][gc,metaspace  ] GC(595) Metaspace: 52266K(55472K)->52266K(55472K) NonClass: 46478K(48304K)->46478K(48304K) Class: 5787K(7168K)->5787K(7168K)
[2025-11-08T14:46:46.569+0000][gc            ] GC(595) Pause Young (Normal) (G1 Evacuation Pause) 246M->201M(667M) 19.475ms
[2025-11-08T14:46:46.570+0000][gc,cpu        ] GC(595) User=0.03s Sys=0.00s Real=0.02s
[2025-11-08T14:46:50.206+0000][gc,start      ] GC(596) Pause Young (Normal) (G1 Evacuation Pause)
[2025-11-08T14:46:50.206+0000][gc,task       ] GC(596) Using 2 workers of 2 for evacuation
[2025-11-08T14:46:50.226+0000][gc,phases     ] GC(596)   Pre Evacuate Collection Set: 0.0ms
[2025-11-08T14:46:50.226+0000][gc,phases     ] GC(596)   Evacuate Collection Set: 16.1ms
[2025-11-08T14:46:50.227+0000][gc,phases     ] GC(596)   Post Evacuate Collection Set: 2.6ms
[2025-11-08T14:46:50.227+0000][gc,phases     ] GC(596)   Other: 1.7ms
[2025-11-08T14:46:50.228+0000][gc,heap       ] GC(596) Eden regions: 47->0(46)
[2025-11-08T14:46:50.228+0000][gc,heap       ] GC(596) Survivor regions: 3->3(7)
[2025-11-08T14:46:50.228+0000][gc,heap       ] GC(596) Old regions: 53->53
[2025-11-08T14:46:50.229+0000][gc,heap       ] GC(596) Humongous regions: 147->147
[2025-11-08T14:46:50.229+0000][gc,metaspace  ] GC(596) Metaspace: 52266K(55472K)->52266K(55472K) NonClass: 46478K(48304K)->46478K(48304K) Class: 5787K(7168K)->5787K(7168K)
[2025-11-08T14:46:50.230+0000][gc            ] GC(596) Pause Young (Normal) (G1 Evacuation Pause) 248M->201M(667M) 24.095ms
[2025-11-08T14:46:50.230+0000][gc,cpu        ] GC(596) User=0.04s Sys=0.00s Real=0.03s
[2025-11-08T14:46:52.408+0000][gc,start      ] GC(597) Pause Young (Normal) (G1 Evacuation Pause)
[2025-11-08T14:46:52.408+0000][gc,task       ] GC(597) Using 2 workers of 2 for evacuation
[2025-11-08T14:46:52.421+0000][gc,phases     ] GC(597)   Pre Evacuate Collection Set: 0.0ms
[2025-11-08T14:46:52.421+0000][gc,phases     ] GC(597)   Evacuate Collection Set: 10.0ms
[2025-11-08T14:46:52.424+0000][gc,phases     ] GC(597)   Post Evacuate Collection Set: 1.6ms
[2025-11-08T14:46:52.425+0000][gc,phases     ] GC(597)   Other: 1.2ms
[2025-11-08T14:46:52.425+0000][gc,heap       ] GC(597) Eden regions: 30->0(42)
[2025-11-08T14:46:52.426+0000][gc,heap       ] GC(597) Survivor regions: 3->3(5)
[2025-11-08T14:46:52.426+0000][gc,heap       ] GC(597) Old regions: 53->53
[2025-11-08T14:46:52.426+0000][gc,heap       ] GC(597) Humongous regions: 147->147
[2025-11-08T14:46:52.426+0000][gc,metaspace  ] GC(597) Metaspace: 52266K(55472K)->52266K(55472K) NonClass: 46478K(48304K)->46478K(48304K) Class: 5787K(7168K)->5787K(7168K)
[2025-11-08T14:46:52.427+0000][gc            ] GC(597) Pause Young (Normal) (G1 Evacuation Pause) 231M->201M(667M) 18.534ms
[2025-11-08T14:46:52.427+0000][gc,cpu        ] GC(597) User=0.02s Sys=0.00s Real=0.01s
[2025-11-08T14:46:54.733+0000][gc,start      ] GC(598) Pause Young (Normal) (G1 Evacuation Pause)
[2025-11-08T14:46:54.733+0000][gc,task       ] GC(598) Using 2 workers of 2 for evacuation
[2025-11-08T14:46:54.742+0000][gc,phases     ] GC(598)   Pre Evacuate Collection Set: 0.0ms
[2025-11-08T14:46:54.742+0000][gc,phases     ] GC(598)   Evacuate Collection Set: 7.3ms
[2025-11-08T14:46:54.742+0000][gc,phases     ] GC(598)   Post Evacuate Collection Set: 0.8ms
[2025-11-08T14:46:54.743+0000][gc,phases     ] GC(598)   Other: 0.8ms
[2025-11-08T14:46:54.743+0000][gc,heap       ] GC(598) Eden regions: 32->0(47)
[2025-11-08T14:46:54.743+0000][gc,heap       ] GC(598) Survivor regions: 3->2(5)
[2025-11-08T14:46:54.743+0000][gc,heap       ] GC(598) Old regions: 53->53
[2025-11-08T14:46:54.744+0000][gc,heap       ] GC(598) Humongous regions: 147->147
[2025-11-08T14:46:54.744+0000][gc,metaspace  ] GC(598) Metaspace: 52266K(55472K)->52266K(55472K) NonClass: 46478K(48304K)->46478K(48304K) Class: 5787K(7168K)->5787K(7168K)
[2025-11-08T14:46:54.744+0000][gc            ] GC(598) Pause Young (Normal) (G1 Evacuation Pause) 233M->201M(667M) 11.226ms
[2025-11-08T14:46:54.744+0000][gc,cpu        ] GC(598) User=0.02s Sys=0.00s Real=0.01s
[2025-11-08T14:46:57.476+0000][gc,start      ] GC(599) Pause Young (Normal) (G1 Evacuation Pause)
[2025-11-08T14:46:57.476+0000][gc,task       ] GC(599) Using 2 workers of 2 for evacuation
[2025-11-08T14:46:57.486+0000][gc,phases     ] GC(599)   Pre Evacuate Collection Set: 0.0ms
[2025-11-08T14:46:57.487+0000][gc,phases     ] GC(599)   Evacuate Collection Set: 8.3ms
[2025-11-08T14:46:57.487+0000][gc,phases     ] GC(599)   Post Evacuate Collection Set: 1.3ms
[2025-11-08T14:46:57.488+0000][gc,phases     ] GC(599)   Other: 0.8ms
[2025-11-08T14:46:57.488+0000][gc,heap       ] GC(599) Eden regions: 37->0(45)
[2025-11-08T14:46:57.488+0000][gc,heap       ] GC(599) Survivor regions: 2->3(5)
[2025-11-08T14:46:57.489+0000][gc,heap       ] GC(599) Old regions: 53->53
[2025-11-08T14:46:57.489+0000][gc,heap       ] GC(599) Humongous regions: 147->147
[2025-11-08T14:46:57.489+0000][gc,metaspace  ] GC(599) Metaspace: 52266K(55472K)->52266K(55472K) NonClass: 46478K(48304K)->46478K(48304K) Class: 5787K(7168K)->5787K(7168K)
[2025-11-08T14:46:57.489+0000][gc            ] GC(599) Pause Young (Normal) (G1 Evacuation Pause) 238M->201M(667M) 13.328ms
[2025-11-08T14:46:57.490+0000][gc,cpu        ] GC(599) User=0.02s Sys=0.00s Real=0.02s
[2025-11-08T14:47:00.538+0000][gc,start      ] GC(600) Pause Young (Normal) (G1 Evacuation Pause)
[2025-11-08T14:47:00.538+0000][gc,task       ] GC(600) Using 2 workers of 2 for evacuation
[2025-11-08T14:47:00.551+0000][gc,phases     ] GC(600)   Pre Evacuate Collection Set: 0.0ms
[2025-11-08T14:47:00.551+0000][gc,phases     ] GC(600)   Evacuate Collection Set: 10.4ms
[2025-11-08T14:47:00.551+0000][gc,phases     ] GC(600)   Post Evacuate Collection Set: 1.0ms
[2025-11-08T14:47:00.551+0000][gc,phases     ] GC(600)   Other: 1.2ms
[2025-11-08T14:47:00.552+0000][gc,heap       ] GC(600) Eden regions: 39->0(46)
[2025-11-08T14:47:00.552+0000][gc,heap       ] GC(600) Survivor regions: 3->3(6)
[2025-11-08T14:47:00.552+0000][gc,heap       ] GC(600) Old regions: 53->53
[2025-11-08T14:47:00.552+0000][gc,heap       ] GC(600) Humongous regions: 147->147
[2025-11-08T14:47:00.553+0000][gc,metaspace  ] GC(600) Metaspace: 52266K(55472K)->52266K(55472K) NonClass: 46478K(48304K)->46478K(48304K) Class: 5787K(7168K)->5787K(7168K)
[2025-11-08T14:47:00.553+0000][gc            ] GC(600) Pause Young (Normal) (G1 Evacuation Pause) 240M->202M(667M) 15.248ms
[2025-11-08T14:47:00.553+0000][gc,cpu        ] GC(600) User=0.02s Sys=0.00s Real=0.01s
[2025-11-08T14:47:04.131+0000][gc,start      ] GC(601) Pause Young (Normal) (G1 Evacuation Pause)
[2025-11-08T14:47:04.131+0000][gc,task       ] GC(601) Using 2 workers of 2 for evacuation
[2025-11-08T14:47:04.145+0000][gc,phases     ] GC(601)   Pre Evacuate Collection Set: 0.0ms
[2025-11-08T14:47:04.145+0000][gc,phases     ] GC(601)   Evacuate Collection Set: 12.1ms
[2025-11-08T14:47:04.146+0000][gc,phases     ] GC(601)   Post Evacuate Collection Set: 1.2ms
[2025-11-08T14:47:04.146+0000][gc,phases     ] GC(601)   Other: 1.0ms
[2025-11-08T14:47:04.146+0000][gc,heap       ] GC(601) Eden regions: 46->0(48)
[2025-11-08T14:47:04.147+0000][gc,heap       ] GC(601) Survivor regions: 3->3(7)
[2025-11-08T14:47:04.147+0000][gc,heap       ] GC(601) Old regions: 53->53
[2025-11-08T14:47:04.147+0000][gc,heap       ] GC(601) Humongous regions: 147->147
[2025-11-08T14:47:04.148+0000][gc,metaspace  ] GC(601) Metaspace: 52266K(55472K)->52266K(55472K) NonClass: 46478K(48304K)->46478K(48304K) Class: 5787K(7168K)->5787K(7168K)
[2025-11-08T14:47:04.148+0000][gc            ] GC(601) Pause Young (Normal) (G1 Evacuation Pause) 248M->201M(667M) 17.488ms
[2025-11-08T14:47:04.148+0000][gc,cpu        ] GC(601) User=0.02s Sys=0.00s Real=0.02s
[2025-11-08T14:47:07.405+0000][gc,start      ] GC(602) Pause Young (Normal) (G1 Evacuation Pause)
[2025-11-08T14:47:07.405+0000][gc,task       ] GC(602) Using 2 workers of 2 for evacuation
[2025-11-08T14:47:07.414+0000][gc,phases     ] GC(602)   Pre Evacuate Collection Set: 0.0ms
[2025-11-08T14:47:07.414+0000][gc,phases     ] GC(602)   Evacuate Collection Set: 7.7ms
[2025-11-08T14:47:07.415+0000][gc,phases     ] GC(602)   Post Evacuate Collection Set: 0.9ms
[2025-11-08T14:47:07.415+0000][gc,phases     ] GC(602)   Other: 0.8ms
[2025-11-08T14:47:07.415+0000][gc,heap       ] GC(602) Eden regions: 42->0(49)
[2025-11-08T14:47:07.415+0000][gc,heap       ] GC(602) Survivor regions: 3->2(6)
[2025-11-08T14:47:07.415+0000][gc,heap       ] GC(602) Old regions: 53->53
[2025-11-08T14:47:07.416+0000][gc,heap       ] GC(602) Humongous regions: 147->147
[2025-11-08T14:47:07.416+0000][gc,metaspace  ] GC(602) Metaspace: 52266K(55472K)->52266K(55472K) NonClass: 46478K(48304K)->46478K(48304K) Class: 5787K(7168K)->5787K(7168K)
[2025-11-08T14:47:07.416+0000][gc            ] GC(602) Pause Young (Normal) (G1 Evacuation Pause) 243M->200M(667M) 11.500ms
[2025-11-08T14:47:07.416+0000][gc,cpu        ] GC(602) User=0.02s Sys=0.00s Real=0.01s
[2025-11-08T14:47:11.182+0000][gc,start      ] GC(603) Pause Young (Normal) (G1 Evacuation Pause)
[2025-11-08T14:47:11.182+0000][gc,task       ] GC(603) Using 2 workers of 2 for evacuation
[2025-11-08T14:47:11.195+0000][gc,phases     ] GC(603)   Pre Evacuate Collection Set: 0.0ms
[2025-11-08T14:47:11.195+0000][gc,phases     ] GC(603)   Evacuate Collection Set: 11.6ms
[2025-11-08T14:47:11.196+0000][gc,phases     ] GC(603)   Post Evacuate Collection Set: 0.8ms
[2025-11-08T14:47:11.196+0000][gc,phases     ] GC(603)   Other: 0.8ms
[2025-11-08T14:47:11.196+0000][gc,heap       ] GC(603) Eden regions: 49->0(52)
[2025-11-08T14:47:11.197+0000][gc,heap       ] GC(603) Survivor regions: 2->4(7)
[2025-11-08T14:47:11.197+0000][gc,heap       ] GC(603) Old regions: 53->53
[2025-11-08T14:47:11.197+0000][gc,heap       ] GC(603) Humongous regions: 147->147
[2025-11-08T14:47:11.197+0000][gc,metaspace  ] GC(603) Metaspace: 52266K(55472K)->52266K(55472K) NonClass: 46478K(48304K)->46478K(48304K) Class: 5787K(7168K)->5787K(7168K)
[2025-11-08T14:47:11.198+0000][gc            ] GC(603) Pause Young (Normal) (G1 Evacuation Pause) 249M->202M(667M) 15.891ms
[2025-11-08T14:47:11.198+0000][gc,cpu        ] GC(603) User=0.03s Sys=0.00s Real=0.02s
[2025-11-08T14:47:14.961+0000][gc,start      ] GC(604) Pause Young (Normal) (G1 Evacuation Pause)
[2025-11-08T14:47:14.961+0000][gc,task       ] GC(604) Using 2 workers of 2 for evacuation
[2025-11-08T14:47:14.979+0000][gc,phases     ] GC(604)   Pre Evacuate Collection Set: 0.0ms
[2025-11-08T14:47:14.980+0000][gc,phases     ] GC(604)   Evacuate Collection Set: 16.0ms
[2025-11-08T14:47:14.980+0000][gc,phases     ] GC(604)   Post Evacuate Collection Set: 1.1ms
[2025-11-08T14:47:14.981+0000][gc,phases     ] GC(604)   Other: 1.6ms
[2025-11-08T14:47:14.981+0000][gc,heap       ] GC(604) Eden regions: 52->0(50)
[2025-11-08T14:47:14.981+0000][gc,heap       ] GC(604) Survivor regions: 4->4(7)
[2025-11-08T14:47:14.982+0000][gc,heap       ] GC(604) Old regions: 53->53
[2025-11-08T14:47:14.982+0000][gc,heap       ] GC(604) Humongous regions: 147->147
[2025-11-08T14:47:14.983+0000][gc,metaspace  ] GC(604) Metaspace: 52266K(55472K)->52266K(55472K) NonClass: 46478K(48304K)->46478K(48304K) Class: 5787K(7168K)->5787K(7168K)
[2025-11-08T14:47:14.983+0000][gc            ] GC(604) Pause Young (Normal) (G1 Evacuation Pause) 254M->203M(667M) 22.605ms
[2025-11-08T14:47:14.984+0000][gc,cpu        ] GC(604) User=0.03s Sys=0.00s Real=0.02s
[2025-11-08T14:47:18.363+0000][gc,start      ] GC(605) Pause Young (Normal) (G1 Evacuation Pause)
[2025-11-08T14:47:18.364+0000][gc,task       ] GC(605) Using 2 workers of 2 for evacuation
[2025-11-08T14:47:18.383+0000][gc,phases     ] GC(605)   Pre Evacuate Collection Set: 0.0ms
[2025-11-08T14:47:18.384+0000][gc,phases     ] GC(605)   Evacuate Collection Set: 16.9ms
[2025-11-08T14:47:18.386+0000][gc,phases     ] GC(605)   Post Evacuate Collection Set: 1.6ms
[2025-11-08T14:47:18.386+0000][gc,phases     ] GC(605)   Other: 1.4ms
[2025-11-08T14:47:18.387+0000][gc,heap       ] GC(605) Eden regions: 44->0(48)
[2025-11-08T14:47:18.387+0000][gc,heap       ] GC(605) Survivor regions: 4->3(6)
[2025-11-08T14:47:18.388+0000][gc,heap       ] GC(605) Old regions: 53->53
[2025-11-08T14:47:18.388+0000][gc,heap       ] GC(605) Humongous regions: 147->147
[2025-11-08T14:47:18.389+0000][gc,metaspace  ] GC(605) Metaspace: 52266K(55472K)->52266K(55472K) NonClass: 46478K(48304K)->46478K(48304K) Class: 5787K(7168K)->5787K(7168K)
[2025-11-08T14:47:18.390+0000][gc            ] GC(605) Pause Young (Normal) (G1 Evacuation Pause) 247M->202M(667M) 26.082ms
[2025-11-08T14:47:18.390+0000][gc,cpu        ] GC(605) User=0.03s Sys=0.00s Real=0.03s
[2025-11-08T14:47:21.903+0000][gc,start      ] GC(606) Pause Young (Normal) (G1 Evacuation Pause)
[2025-11-08T14:47:21.903+0000][gc,task       ] GC(606) Using 2 workers of 2 for evacuation
[2025-11-08T14:47:21.915+0000][gc,phases     ] GC(606)   Pre Evacuate Collection Set: 0.0ms
[2025-11-08T14:47:21.915+0000][gc,phases     ] GC(606)   Evacuate Collection Set: 9.4ms
[2025-11-08T14:47:21.916+0000][gc,phases     ] GC(606)   Post Evacuate Collection Set: 1.3ms
[2025-11-08T14:47:21.916+0000][gc,phases     ] GC(606)   Other: 1.4ms
[2025-11-08T14:47:21.916+0000][gc,heap       ] GC(606) Eden regions: 48->0(52)
[2025-11-08T14:47:21.917+0000][gc,heap       ] GC(606) Survivor regions: 3->3(7)
[2025-11-08T14:47:21.917+0000][gc,heap       ] GC(606) Old regions: 53->53
[2025-11-08T14:47:21.917+0000][gc,heap       ] GC(606) Humongous regions: 147->147
[2025-11-08T14:47:21.918+0000][gc,metaspace  ] GC(606) Metaspace: 52266K(55472K)->52266K(55472K) NonClass: 46478K(48304K)->46478K(48304K) Class: 5787K(7168K)->5787K(7168K)
[2025-11-08T14:47:21.918+0000][gc            ] GC(606) Pause Young (Normal) (G1 Evacuation Pause) 250M->202M(667M) 15.332ms
[2025-11-08T14:47:21.919+0000][gc,cpu        ] GC(606) User=0.02s Sys=0.00s Real=0.02s
[2025-11-08T14:47:25.769+0000][gc,start      ] GC(607) Pause Young (Normal) (G1 Evacuation Pause)
[2025-11-08T14:47:25.769+0000][gc,task       ] GC(607) Using 2 workers of 2 for evacuation
[2025-11-08T14:47:25.779+0000][gc,phases     ] GC(607)   Pre Evacuate Collection Set: 0.0ms
[2025-11-08T14:47:25.780+0000][gc,phases     ] GC(607)   Evacuate Collection Set: 9.0ms
[2025-11-08T14:47:25.780+0000][gc,phases     ] GC(607)   Post Evacuate Collection Set: 0.8ms
[2025-11-08T14:47:25.780+0000][gc,phases     ] GC(607)   Other: 0.7ms
[2025-11-08T14:47:25.780+0000][gc,heap       ] GC(607) Eden regions: 52->0(57)
[2025-11-08T14:47:25.781+0000][gc,heap       ] GC(607) Survivor regions: 3->3(7)
[2025-11-08T14:47:25.781+0000][gc,heap       ] GC(607) Old regions: 53->53
[2025-11-08T14:47:25.781+0000][gc,heap       ] GC(607) Humongous regions: 147->147
[2025-11-08T14:47:25.781+0000][gc,metaspace  ] GC(607) Metaspace: 52266K(55472K)->52266K(55472K) NonClass: 46478K(48304K)->46478K(48304K) Class: 5787K(7168K)->5787K(7168K)
[2025-11-08T14:47:25.782+0000][gc            ] GC(607) Pause Young (Normal) (G1 Evacuation Pause) 254M->202M(667M) 12.748ms
[2025-11-08T14:47:25.782+0000][gc,cpu        ] GC(607) User=0.02s Sys=0.00s Real=0.01s
[2025-11-08T14:47:29.850+0000][gc,start      ] GC(608) Pause Young (Normal) (G1 Evacuation Pause)
[2025-11-08T14:47:29.850+0000][gc,task       ] GC(608) Using 2 workers of 2 for evacuation
[2025-11-08T14:47:29.862+0000][gc,phases     ] GC(608)   Pre Evacuate Collection Set: 0.0ms
[2025-11-08T14:47:29.862+0000][gc,phases     ] GC(608)   Evacuate Collection Set: 10.1ms
[2025-11-08T14:47:29.862+0000][gc,phases     ] GC(608)   Post Evacuate Collection Set: 0.9ms
[2025-11-08T14:47:29.862+0000][gc,phases     ] GC(608)   Other: 0.6ms
[2025-11-08T14:47:29.862+0000][gc,heap       ] GC(608) Eden regions: 57->0(61)
[2025-11-08T14:47:29.863+0000][gc,heap       ] GC(608) Survivor regions: 3->4(8)
[2025-11-08T14:47:29.863+0000][gc,heap       ] GC(608) Old regions: 53->53
[2025-11-08T14:47:29.863+0000][gc,heap       ] GC(608) Humongous regions: 147->147
[2025-11-08T14:47:29.863+0000][gc,metaspace  ] GC(608) Metaspace: 52266K(55472K)->52266K(55472K) NonClass: 46478K(48304K)->46478K(48304K) Class: 5787K(7168K)->5787K(7168K)
[2025-11-08T14:47:29.863+0000][gc            ] GC(608) Pause Young (Normal) (G1 Evacuation Pause) 259M->203M(667M) 13.427ms
[2025-11-08T14:47:29.864+0000][gc,cpu        ] GC(608) User=0.03s Sys=0.00s Real=0.01s
[2025-11-08T14:47:34.388+0000][gc,start      ] GC(609) Pause Young (Normal) (G1 Evacuation Pause)
[2025-11-08T14:47:34.388+0000][gc,task       ] GC(609) Using 2 workers of 2 for evacuation
[2025-11-08T14:47:34.402+0000][gc,phases     ] GC(609)   Pre Evacuate Collection Set: 0.0ms
[2025-11-08T14:47:34.402+0000][gc,phases     ] GC(609)   Evacuate Collection Set: 11.4ms
[2025-11-08T14:47:34.402+0000][gc,phases     ] GC(609)   Post Evacuate Collection Set: 1.0ms
[2025-11-08T14:47:34.402+0000][gc,phases     ] GC(609)   Other: 1.1ms
[2025-11-08T14:47:34.403+0000][gc,heap       ] GC(609) Eden regions: 61->0(63)
[2025-11-08T14:47:34.403+0000][gc,heap       ] GC(609) Survivor regions: 4->3(9)
[2025-11-08T14:47:34.403+0000][gc,heap       ] GC(609) Old regions: 53->53
[2025-11-08T14:47:34.403+0000][gc,heap       ] GC(609) Humongous regions: 147->147
[2025-11-08T14:47:34.404+0000][gc,metaspace  ] GC(609) Metaspace: 52266K(55472K)->52266K(55472K) NonClass: 46478K(48304K)->46478K(48304K) Class: 5787K(7168K)->5787K(7168K)
[2025-11-08T14:47:34.404+0000][gc            ] GC(609) Pause Young (Normal) (G1 Evacuation Pause) 264M->202M(667M) 16.085ms
[2025-11-08T14:47:34.404+0000][gc,cpu        ] GC(609) User=0.03s Sys=0.00s Real=0.01s
[2025-11-08T14:47:38.400+0000][gc,start      ] GC(610) Pause Young (Normal) (G1 Evacuation Pause)
[2025-11-08T14:47:38.400+0000][gc,task       ] GC(610) Using 2 workers of 2 for evacuation
[2025-11-08T14:47:38.419+0000][gc,phases     ] GC(610)   Pre Evacuate Collection Set: 0.0ms
[2025-11-08T14:47:38.421+0000][gc,phases     ] GC(610)   Evacuate Collection Set: 17.2ms
[2025-11-08T14:47:38.421+0000][gc,phases     ] GC(610)   Post Evacuate Collection Set: 1.1ms
[2025-11-08T14:47:38.422+0000][gc,phases     ] GC(610)   Other: 1.3ms
[2025-11-08T14:47:38.422+0000][gc,heap       ] GC(610) Eden regions: 55->0(58)
[2025-11-08T14:47:38.423+0000][gc,heap       ] GC(610) Survivor regions: 3->4(8)
[2025-11-08T14:47:38.423+0000][gc,heap       ] GC(610) Old regions: 53->54
[2025-11-08T14:47:38.423+0000][gc,heap       ] GC(610) Humongous regions: 147->147
[2025-11-08T14:47:38.424+0000][gc,metaspace  ] GC(610) Metaspace: 52266K(55472K)->52266K(55472K) NonClass: 46478K(48304K)->46478K(48304K) Class: 5787K(7168K)->5787K(7168K)
[2025-11-08T14:47:38.424+0000][gc            ] GC(610) Pause Young (Normal) (G1 Evacuation Pause) 257M->203M(667M) 24.414ms
[2025-11-08T14:47:38.425+0000][gc,cpu        ] GC(610) User=0.04s Sys=0.00s Real=0.02s
[2025-11-08T14:47:41.995+0000][gc,start      ] GC(611) Pause Young (Normal) (G1 Evacuation Pause)
[2025-11-08T14:47:41.995+0000][gc,task       ] GC(611) Using 2 workers of 2 for evacuation
[2025-11-08T14:47:42.010+0000][gc,phases     ] GC(611)   Pre Evacuate Collection Set: 0.0ms
[2025-11-08T14:47:42.010+0000][gc,phases     ] GC(611)   Evacuate Collection Set: 13.4ms
[2025-11-08T14:47:42.011+0000][gc,phases     ] GC(611)   Post Evacuate Collection Set: 1.1ms
[2025-11-08T14:47:42.011+0000][gc,phases     ] GC(611)   Other: 0.9ms
[2025-11-08T14:47:42.011+0000][gc,heap       ] GC(611) Eden regions: 49->0(58)
[2025-11-08T14:47:42.011+0000][gc,heap       ] GC(611) Survivor regions: 4->3(7)
[2025-11-08T14:47:42.011+0000][gc,heap       ] GC(611) Old regions: 54->54
[2025-11-08T14:47:42.012+0000][gc,heap       ] GC(611) Humongous regions: 147->147
[2025-11-08T14:47:42.012+0000][gc,metaspace  ] GC(611) Metaspace: 52266K(55472K)->52266K(55472K) NonClass: 46478K(48304K)->46478K(48304K) Class: 5787K(7168K)->5787K(7168K)
[2025-11-08T14:47:42.012+0000][gc            ] GC(611) Pause Young (Normal) (G1 Evacuation Pause) 252M->203M(667M) 17.517ms
[2025-11-08T14:47:42.013+0000][gc,cpu        ] GC(611) User=0.02s Sys=0.00s Real=0.02s
[2025-11-08T14:47:45.183+0000][gc,start      ] GC(612) Pause Young (Normal) (G1 Evacuation Pause)
[2025-11-08T14:47:45.183+0000][gc,task       ] GC(612) Using 2 workers of 2 for evacuation
[2025-11-08T14:47:45.195+0000][gc,phases     ] GC(612)   Pre Evacuate Collection Set: 0.0ms
[2025-11-08T14:47:45.196+0000][gc,phases     ] GC(612)   Evacuate Collection Set: 10.0ms
[2025-11-08T14:47:45.196+0000][gc,phases     ] GC(612)   Post Evacuate Collection Set: 1.2ms
[2025-11-08T14:47:45.196+0000][gc,phases     ] GC(612)   Other: 1.0ms
[2025-11-08T14:47:45.197+0000][gc,heap       ] GC(612) Eden regions: 44->0(51)
[2025-11-08T14:47:45.197+0000][gc,heap       ] GC(612) Survivor regions: 3->3(6)
[2025-11-08T14:47:45.197+0000][gc,heap       ] GC(612) Old regions: 54->54
[2025-11-08T14:47:45.197+0000][gc,heap       ] GC(612) Humongous regions: 147->147
[2025-11-08T14:47:45.198+0000][gc,metaspace  ] GC(612) Metaspace: 52266K(55472K)->52266K(55472K) NonClass: 46478K(48304K)->46478K(48304K) Class: 5787K(7168K)->5787K(7168K)
[2025-11-08T14:47:45.198+0000][gc            ] GC(612) Pause Young (Normal) (G1 Evacuation Pause) 247M->202M(667M) 15.139ms
[2025-11-08T14:47:45.198+0000][gc,cpu        ] GC(612) User=0.02s Sys=0.00s Real=0.02s
[2025-11-08T14:47:48.435+0000][gc,start      ] GC(613) Pause Young (Normal) (G1 Evacuation Pause)
[2025-11-08T14:47:48.435+0000][gc,task       ] GC(613) Using 2 workers of 2 for evacuation
[2025-11-08T14:47:48.450+0000][gc,phases     ] GC(613)   Pre Evacuate Collection Set: 0.0ms
[2025-11-08T14:47:48.451+0000][gc,phases     ] GC(613)   Evacuate Collection Set: 13.0ms
[2025-11-08T14:47:48.452+0000][gc,phases     ] GC(613)   Post Evacuate Collection Set: 1.2ms
[2025-11-08T14:47:48.452+0000][gc,phases     ] GC(613)   Other: 0.9ms
[2025-11-08T14:47:48.453+0000][gc,heap       ] GC(613) Eden regions: 45->0(52)
[2025-11-08T14:47:48.453+0000][gc,heap       ] GC(613) Survivor regions: 3->4(6)
[2025-11-08T14:47:48.453+0000][gc,heap       ] GC(613) Old regions: 54->54
[2025-11-08T14:47:48.454+0000][gc,heap       ] GC(613) Humongous regions: 147->147
[2025-11-08T14:47:48.454+0000][gc,metaspace  ] GC(613) Metaspace: 52266K(55472K)->52266K(55472K) NonClass: 46478K(48304K)->46478K(48304K) Class: 5787K(7168K)->5787K(7168K)
[2025-11-08T14:47:48.454+0000][gc            ] GC(613) Pause Young (Normal) (G1 Evacuation Pause) 247M->204M(667M) 19.494ms
[2025-11-08T14:47:48.455+0000][gc,cpu        ] GC(613) User=0.03s Sys=0.00s Real=0.02s
[2025-11-08T14:47:52.326+0000][gc,start      ] GC(614) Pause Young (Normal) (G1 Evacuation Pause)
[2025-11-08T14:47:52.327+0000][gc,task       ] GC(614) Using 2 workers of 2 for evacuation
[2025-11-08T14:47:52.340+0000][gc,phases     ] GC(614)   Pre Evacuate Collection Set: 0.0ms
[2025-11-08T14:47:52.340+0000][gc,phases     ] GC(614)   Evacuate Collection Set: 11.5ms
[2025-11-08T14:47:52.340+0000][gc,phases     ] GC(614)   Post Evacuate Collection Set: 1.0ms
[2025-11-08T14:47:52.341+0000][gc,phases     ] GC(614)   Other: 1.3ms
[2025-11-08T14:47:52.341+0000][gc,heap       ] GC(614) Eden regions: 52->0(55)
[2025-11-08T14:47:52.341+0000][gc,heap       ] GC(614) Survivor regions: 4->4(7)
[2025-11-08T14:47:52.341+0000][gc,heap       ] GC(614) Old regions: 54->54
[2025-11-08T14:47:52.342+0000][gc,heap       ] GC(614) Humongous regions: 147->147
[2025-11-08T14:47:52.342+0000][gc,metaspace  ] GC(614) Metaspace: 52266K(55472K)->52266K(55472K) NonClass: 46478K(48304K)->46478K(48304K) Class: 5787K(7168K)->5787K(7168K)
[2025-11-08T14:47:52.342+0000][gc            ] GC(614) Pause Young (Normal) (G1 Evacuation Pause) 256M->204M(667M) 16.120ms
[2025-11-08T14:47:52.343+0000][gc,cpu        ] GC(614) User=0.02s Sys=0.00s Real=0.02s
[2025-11-08T14:47:56.308+0000][gc,start      ] GC(615) Pause Young (Normal) (G1 Evacuation Pause)
[2025-11-08T14:47:56.308+0000][gc,task       ] GC(615) Using 2 workers of 2 for evacuation
[2025-11-08T14:47:56.320+0000][gc,phases     ] GC(615)   Pre Evacuate Collection Set: 0.0ms
[2025-11-08T14:47:56.320+0000][gc,phases     ] GC(615)   Evacuate Collection Set: 10.1ms
[2025-11-08T14:47:56.320+0000][gc,phases     ] GC(615)   Post Evacuate Collection Set: 0.9ms
[2025-11-08T14:47:56.321+0000][gc,phases     ] GC(615)   Other: 0.8ms
[2025-11-08T14:47:56.321+0000][gc,heap       ] GC(615) Eden regions: 55->0(58)
[2025-11-08T14:47:56.321+0000][gc,heap       ] GC(615) Survivor regions: 4->3(8)
[2025-11-08T14:47:56.321+0000][gc,heap       ] GC(615) Old regions: 54->54
[2025-11-08T14:47:56.322+0000][gc,heap       ] GC(615) Humongous regions: 147->147
[2025-11-08T14:47:56.322+0000][gc,metaspace  ] GC(615) Metaspace: 52266K(55472K)->52266K(55472K) NonClass: 46478K(48304K)->46478K(48304K) Class: 5787K(7168K)->5787K(7168K)
[2025-11-08T14:47:56.322+0000][gc            ] GC(615) Pause Young (Normal) (G1 Evacuation Pause) 259M->203M(667M) 14.007ms
[2025-11-08T14:47:56.322+0000][gc,cpu        ] GC(615) User=0.02s Sys=0.00s Real=0.02s
[2025-11-08T14:48:00.760+0000][gc,start      ] GC(616) Pause Young (Normal) (G1 Evacuation Pause)
[2025-11-08T14:48:00.760+0000][gc,task       ] GC(616) Using 2 workers of 2 for evacuation
[2025-11-08T14:48:00.778+0000][gc,phases     ] GC(616)   Pre Evacuate Collection Set: 0.0ms
[2025-11-08T14:48:00.778+0000][gc,phases     ] GC(616)   Evacuate Collection Set: 15.4ms
[2025-11-08T14:48:00.779+0000][gc,phases     ] GC(616)   Post Evacuate Collection Set: 1.6ms
[2025-11-08T14:48:00.780+0000][gc,phases     ] GC(616)   Other: 1.0ms
[2025-11-08T14:48:00.780+0000][gc,heap       ] GC(616) Eden regions: 58->0(56)
[2025-11-08T14:48:00.781+0000][gc,heap       ] GC(616) Survivor regions: 3->3(8)
[2025-11-08T14:48:00.782+0000][gc,heap       ] GC(616) Old regions: 54->54
[2025-11-08T14:48:00.785+0000][gc,heap       ] GC(616) Humongous regions: 147->147
[2025-11-08T14:48:00.785+0000][gc,metaspace  ] GC(616) Metaspace: 52266K(55472K)->52266K(55472K) NonClass: 46478K(48304K)->46478K(48304K) Class: 5787K(7168K)->5787K(7168K)
[2025-11-08T14:48:00.787+0000][gc            ] GC(616) Pause Young (Normal) (G1 Evacuation Pause) 261M->203M(667M) 26.641ms
[2025-11-08T14:48:00.788+0000][gc,cpu        ] GC(616) User=0.04s Sys=0.00s Real=0.02s
[2025-11-08T14:48:04.418+0000][gc,start      ] GC(617) Pause Young (Normal) (G1 Evacuation Pause)
[2025-11-08T14:48:04.419+0000][gc,task       ] GC(617) Using 2 workers of 2 for evacuation
[2025-11-08T14:48:04.431+0000][gc,phases     ] GC(617)   Pre Evacuate Collection Set: 0.0ms
[2025-11-08T14:48:04.432+0000][gc,phases     ] GC(617)   Evacuate Collection Set: 11.2ms
[2025-11-08T14:48:04.432+0000][gc,phases     ] GC(617)   Post Evacuate Collection Set: 0.8ms
[2025-11-08T14:48:04.432+0000][gc,phases     ] GC(617)   Other: 0.9ms
[2025-11-08T14:48:04.432+0000][gc,heap       ] GC(617) Eden regions: 49->0(53)
[2025-11-08T14:48:04.432+0000][gc,heap       ] GC(617) Survivor regions: 3->3(7)
[2025-11-08T14:48:04.432+0000][gc,heap       ] GC(617) Old regions: 54->54
[2025-11-08T14:48:04.433+0000][gc,heap       ] GC(617) Humongous regions: 147->147
[2025-11-08T14:48:04.433+0000][gc,metaspace  ] GC(617) Metaspace: 52266K(55472K)->52266K(55472K) NonClass: 46478K(48304K)->46478K(48304K) Class: 5787K(7168K)->5787K(7168K)
[2025-11-08T14:48:04.433+0000][gc            ] GC(617) Pause Young (Normal) (G1 Evacuation Pause) 252M->203M(667M) 15.124ms
[2025-11-08T14:48:04.434+0000][gc,cpu        ] GC(617) User=0.03s Sys=0.00s Real=0.02s
[2025-11-08T14:48:08.164+0000][gc,start      ] GC(618) Pause Young (Normal) (G1 Evacuation Pause)
[2025-11-08T14:48:08.164+0000][gc,task       ] GC(618) Using 2 workers of 2 for evacuation
[2025-11-08T14:48:08.184+0000][gc,phases     ] GC(618)   Pre Evacuate Collection Set: 0.0ms
[2025-11-08T14:48:08.184+0000][gc,phases     ] GC(618)   Evacuate Collection Set: 17.2ms
[2025-11-08T14:48:08.184+0000][gc,phases     ] GC(618)   Post Evacuate Collection Set: 1.3ms
[2025-11-08T14:48:08.185+0000][gc,phases     ] GC(618)   Other: 0.9ms
[2025-11-08T14:48:08.185+0000][gc,heap       ] GC(618) Eden regions: 48->0(50)
[2025-11-08T14:48:08.185+0000][gc,heap       ] GC(618) Survivor regions: 3->3(7)
[2025-11-08T14:48:08.185+0000][gc,heap       ] GC(618) Old regions: 54->54
[2025-11-08T14:48:08.186+0000][gc,heap       ] GC(618) Humongous regions: 147->147
[2025-11-08T14:48:08.186+0000][gc,metaspace  ] GC(618) Metaspace: 52266K(55472K)->52266K(55472K) NonClass: 46478K(48304K)->46478K(48304K) Class: 5787K(7168K)->5787K(7168K)
[2025-11-08T14:48:08.188+0000][gc            ] GC(618) Pause Young (Normal) (G1 Evacuation Pause) 251M->203M(667M) 23.394ms
[2025-11-08T14:48:08.188+0000][gc,cpu        ] GC(618) User=0.04s Sys=0.00s Real=0.02s
[2025-11-08T14:48:10.816+0000][gc,start      ] GC(619) Pause Young (Normal) (G1 Evacuation Pause)
[2025-11-08T14:48:10.817+0000][gc,task       ] GC(619) Using 2 workers of 2 for evacuation
[2025-11-08T14:48:10.831+0000][gc,phases     ] GC(619)   Pre Evacuate Collection Set: 0.0ms
[2025-11-08T14:48:10.831+0000][gc,phases     ] GC(619)   Evacuate Collection Set: 12.3ms
[2025-11-08T14:48:10.832+0000][gc,phases     ] GC(619)   Post Evacuate Collection Set: 1.1ms
[2025-11-08T14:48:10.832+0000][gc,phases     ] GC(619)   Other: 1.2ms
[2025-11-08T14:48:10.832+0000][gc,heap       ] GC(619) Eden regions: 35->0(47)
[2025-11-08T14:48:10.833+0000][gc,heap       ] GC(619) Survivor regions: 3->3(5)
[2025-11-08T14:48:10.833+0000][gc,heap       ] GC(619) Old regions: 54->54
[2025-11-08T14:48:10.833+0000][gc,heap       ] GC(619) Humongous regions: 147->147
[2025-11-08T14:48:10.833+0000][gc,metaspace  ] GC(619) Metaspace: 52266K(55472K)->52266K(55472K) NonClass: 46478K(48304K)->46478K(48304K) Class: 5787K(7168K)->5787K(7168K)
[2025-11-08T14:48:10.834+0000][gc            ] GC(619) Pause Young (Normal) (G1 Evacuation Pause) 238M->203M(667M) 17.258ms
[2025-11-08T14:48:10.834+0000][gc,cpu        ] GC(619) User=0.03s Sys=0.00s Real=0.02s
[2025-11-08T14:48:13.820+0000][gc,start      ] GC(620) Pause Young (Normal) (G1 Evacuation Pause)
[2025-11-08T14:48:13.820+0000][gc,task       ] GC(620) Using 2 workers of 2 for evacuation
[2025-11-08T14:48:13.838+0000][gc,phases     ] GC(620)   Pre Evacuate Collection Set: 0.0ms
[2025-11-08T14:48:13.838+0000][gc,phases     ] GC(620)   Evacuate Collection Set: 13.0ms
[2025-11-08T14:48:13.839+0000][gc,phases     ] GC(620)   Post Evacuate Collection Set: 4.4ms
[2025-11-08T14:48:13.839+0000][gc,phases     ] GC(620)   Other: 1.0ms
[2025-11-08T14:48:13.839+0000][gc,heap       ] GC(620) Eden regions: 40->0(43)
[2025-11-08T14:48:13.839+0000][gc,heap       ] GC(620) Survivor regions: 3->4(6)
[2025-11-08T14:48:13.840+0000][gc,heap       ] GC(620) Old regions: 54->55
[2025-11-08T14:48:13.840+0000][gc,heap       ] GC(620) Humongous regions: 147->147
[2025-11-08T14:48:13.840+0000][gc,metaspace  ] GC(620) Metaspace: 52266K(55472K)->52266K(55472K) NonClass: 46478K(48304K)->46478K(48304K) Class: 5787K(7168K)->5787K(7168K)
[2025-11-08T14:48:13.841+0000][gc            ] GC(620) Pause Young (Normal) (G1 Evacuation Pause) 243M->204M(667M) 21.274ms
[2025-11-08T14:48:13.841+0000][gc,cpu        ] GC(620) User=0.03s Sys=0.00s Real=0.02s
[2025-11-08T14:48:16.965+0000][gc,start      ] GC(621) Pause Young (Normal) (G1 Evacuation Pause)
[2025-11-08T14:48:16.966+0000][gc,task       ] GC(621) Using 2 workers of 2 for evacuation
[2025-11-08T14:48:16.978+0000][gc,phases     ] GC(621)   Pre Evacuate Collection Set: 0.0ms
[2025-11-08T14:48:16.978+0000][gc,phases     ] GC(621)   Evacuate Collection Set: 10.3ms
[2025-11-08T14:48:16.978+0000][gc,phases     ] GC(621)   Post Evacuate Collection Set: 1.2ms
[2025-11-08T14:48:16.979+0000][gc,phases     ] GC(621)   Other: 0.9ms
[2025-11-08T14:48:16.979+0000][gc,heap       ] GC(621) Eden regions: 43->0(46)
[2025-11-08T14:48:16.979+0000][gc,heap       ] GC(621) Survivor regions: 4->3(6)
[2025-11-08T14:48:16.979+0000][gc,heap       ] GC(621) Old regions: 55->55
[2025-11-08T14:48:16.980+0000][gc,heap       ] GC(621) Humongous regions: 147->147
[2025-11-08T14:48:16.980+0000][gc,metaspace  ] GC(621) Metaspace: 52266K(55472K)->52266K(55472K) NonClass: 46478K(48304K)->46478K(48304K) Class: 5787K(7168K)->5787K(7168K)
[2025-11-08T14:48:16.980+0000][gc            ] GC(621) Pause Young (Normal) (G1 Evacuation Pause) 247M->203M(667M) 14.962ms
[2025-11-08T14:48:16.981+0000][gc,cpu        ] GC(621) User=0.02s Sys=0.00s Real=0.02s
[2025-11-08T14:48:20.602+0000][gc,start      ] GC(622) Pause Young (Normal) (G1 Evacuation Pause)
[2025-11-08T14:48:20.603+0000][gc,task       ] GC(622) Using 2 workers of 2 for evacuation
[2025-11-08T14:48:20.618+0000][gc,phases     ] GC(622)   Pre Evacuate Collection Set: 0.0ms
[2025-11-08T14:48:20.618+0000][gc,phases     ] GC(622)   Evacuate Collection Set: 13.0ms
[2025-11-08T14:48:20.619+0000][gc,phases     ] GC(622)   Post Evacuate Collection Set: 1.1ms
[2025-11-08T14:48:20.619+0000][gc,phases     ] GC(622)   Other: 1.7ms
[2025-11-08T14:48:20.619+0000][gc,heap       ] GC(622) Eden regions: 46->0(48)
[2025-11-08T14:48:20.620+0000][gc,heap       ] GC(622) Survivor regions: 3->2(7)
[2025-11-08T14:48:20.620+0000][gc,heap       ] GC(622) Old regions: 55->55
[2025-11-08T14:48:20.620+0000][gc,heap       ] GC(622) Humongous regions: 147->147
[2025-11-08T14:48:20.620+0000][gc,metaspace  ] GC(622) Metaspace: 52266K(55472K)->52266K(55472K) NonClass: 46478K(48304K)->46478K(48304K) Class: 5787K(7168K)->5787K(7168K)
[2025-11-08T14:48:20.621+0000][gc            ] GC(622) Pause Young (Normal) (G1 Evacuation Pause) 249M->203M(667M) 18.503ms
[2025-11-08T14:48:20.621+0000][gc,cpu        ] GC(622) User=0.03s Sys=0.00s Real=0.02s
[2025-11-08T14:48:24.285+0000][gc,start      ] GC(623) Pause Young (Normal) (G1 Evacuation Pause)
[2025-11-08T14:48:24.287+0000][gc,task       ] GC(623) Using 2 workers of 2 for evacuation
[2025-11-08T14:48:24.301+0000][gc,phases     ] GC(623)   Pre Evacuate Collection Set: 0.0ms
[2025-11-08T14:48:24.301+0000][gc,phases     ] GC(623)   Evacuate Collection Set: 12.1ms
[2025-11-08T14:48:24.301+0000][gc,phases     ] GC(623)   Post Evacuate Collection Set: 1.1ms
[2025-11-08T14:48:24.302+0000][gc,phases     ] GC(623)   Other: 2.2ms
[2025-11-08T14:48:24.302+0000][gc,heap       ] GC(623) Eden regions: 48->0(49)
[2025-11-08T14:48:24.302+0000][gc,heap       ] GC(623) Survivor regions: 2->4(7)
[2025-11-08T14:48:24.303+0000][gc,heap       ] GC(623) Old regions: 55->55
[2025-11-08T14:48:24.303+0000][gc,heap       ] GC(623) Humongous regions: 147->147
[2025-11-08T14:48:24.303+0000][gc,metaspace  ] GC(623) Metaspace: 52266K(55472K)->52266K(55472K) NonClass: 46478K(48304K)->46478K(48304K) Class: 5787K(7168K)->5787K(7168K)
[2025-11-08T14:48:24.303+0000][gc            ] GC(623) Pause Young (Normal) (G1 Evacuation Pause) 251M->205M(667M) 18.105ms
[2025-11-08T14:48:24.304+0000][gc,cpu        ] GC(623) User=0.03s Sys=0.00s Real=0.02s
[2025-11-08T14:48:27.970+0000][gc,start      ] GC(624) Pause Young (Normal) (G1 Evacuation Pause)
[2025-11-08T14:48:27.970+0000][gc,task       ] GC(624) Using 2 workers of 2 for evacuation
[2025-11-08T14:48:27.983+0000][gc,phases     ] GC(624)   Pre Evacuate Collection Set: 0.0ms
[2025-11-08T14:48:27.984+0000][gc,phases     ] GC(624)   Evacuate Collection Set: 11.6ms
[2025-11-08T14:48:27.984+0000][gc,phases     ] GC(624)   Post Evacuate Collection Set: 0.9ms
[2025-11-08T14:48:27.984+0000][gc,phases     ] GC(624)   Other: 0.7ms
[2025-11-08T14:48:27.984+0000][gc,heap       ] GC(624) Eden regions: 49->0(51)
[2025-11-08T14:48:27.985+0000][gc,heap       ] GC(624) Survivor regions: 4->4(7)
[2025-11-08T14:48:27.985+0000][gc,heap       ] GC(624) Old regions: 55->55
[2025-11-08T14:48:27.985+0000][gc,heap       ] GC(624) Humongous regions: 147->147
[2025-11-08T14:48:27.985+0000][gc,metaspace  ] GC(624) Metaspace: 52266K(55472K)->52266K(55472K) NonClass: 46478K(48304K)->46478K(48304K) Class: 5787K(7168K)->5787K(7168K)
[2025-11-08T14:48:27.986+0000][gc            ] GC(624) Pause Young (Normal) (G1 Evacuation Pause) 254M->205M(667M) 15.477ms
[2025-11-08T14:48:27.986+0000][gc,cpu        ] GC(624) User=0.02s Sys=0.00s Real=0.01s
[2025-11-08T14:48:31.637+0000][gc,start      ] GC(625) Pause Young (Normal) (G1 Evacuation Pause)
[2025-11-08T14:48:31.638+0000][gc,task       ] GC(625) Using 2 workers of 2 for evacuation
[2025-11-08T14:48:31.650+0000][gc,phases     ] GC(625)   Pre Evacuate Collection Set: 0.0ms
[2025-11-08T14:48:31.650+0000][gc,phases     ] GC(625)   Evacuate Collection Set: 11.1ms
[2025-11-08T14:48:31.651+0000][gc,phases     ] GC(625)   Post Evacuate Collection Set: 0.9ms
[2025-11-08T14:48:31.651+0000][gc,phases     ] GC(625)   Other: 0.7ms
[2025-11-08T14:48:31.651+0000][gc,heap       ] GC(625) Eden regions: 51->0(53)
[2025-11-08T14:48:31.651+0000][gc,heap       ] GC(625) Survivor regions: 4->4(7)
[2025-11-08T14:48:31.652+0000][gc,heap       ] GC(625) Old regions: 55->55
[2025-11-08T14:48:31.652+0000][gc,heap       ] GC(625) Humongous regions: 147->147
[2025-11-08T14:48:31.652+0000][gc,metaspace  ] GC(625) Metaspace: 52266K(55472K)->52266K(55472K) NonClass: 46478K(48304K)->46478K(48304K) Class: 5787K(7168K)->5787K(7168K)
[2025-11-08T14:48:31.652+0000][gc            ] GC(625) Pause Young (Normal) (G1 Evacuation Pause) 256M->205M(667M) 14.689ms
[2025-11-08T14:48:31.652+0000][gc,cpu        ] GC(625) User=0.03s Sys=0.00s Real=0.02s
[2025-11-08T14:48:35.506+0000][gc,start      ] GC(626) Pause Young (Normal) (G1 Evacuation Pause)
[2025-11-08T14:48:35.507+0000][gc,task       ] GC(626) Using 2 workers of 2 for evacuation
[2025-11-08T14:48:35.523+0000][gc,phases     ] GC(626)   Pre Evacuate Collection Set: 0.0ms
[2025-11-08T14:48:35.523+0000][gc,phases     ] GC(626)   Evacuate Collection Set: 13.4ms
[2025-11-08T14:48:35.523+0000][gc,phases     ] GC(626)   Post Evacuate Collection Set: 1.0ms
[2025-11-08T14:48:35.524+0000][gc,phases     ] GC(626)   Other: 2.3ms
[2025-11-08T14:48:35.524+0000][gc,heap       ] GC(626) Eden regions: 53->0(55)
[2025-11-08T14:48:35.524+0000][gc,heap       ] GC(626) Survivor regions: 4->4(8)
[2025-11-08T14:48:35.525+0000][gc,heap       ] GC(626) Old regions: 55->55
[2025-11-08T14:48:35.525+0000][gc,heap       ] GC(626) Humongous regions: 147->147
[2025-11-08T14:48:35.525+0000][gc,metaspace  ] GC(626) Metaspace: 52266K(55472K)->52266K(55472K) NonClass: 46478K(48304K)->46478K(48304K) Class: 5787K(7168K)->5787K(7168K)
[2025-11-08T14:48:35.525+0000][gc            ] GC(626) Pause Young (Normal) (G1 Evacuation Pause) 258M->205M(667M) 19.129ms
[2025-11-08T14:48:35.526+0000][gc,cpu        ] GC(626) User=0.03s Sys=0.00s Real=0.02s
[2025-11-08T14:48:39.121+0000][gc,start      ] GC(627) Pause Young (Normal) (G1 Evacuation Pause)
[2025-11-08T14:48:39.121+0000][gc,task       ] GC(627) Using 2 workers of 2 for evacuation
[2025-11-08T14:48:39.134+0000][gc,phases     ] GC(627)   Pre Evacuate Collection Set: 0.0ms
[2025-11-08T14:48:39.135+0000][gc,phases     ] GC(627)   Evacuate Collection Set: 11.8ms
[2025-11-08T14:48:39.135+0000][gc,phases     ] GC(627)   Post Evacuate Collection Set: 0.9ms
[2025-11-08T14:48:39.135+0000][gc,phases     ] GC(627)   Other: 0.9ms
[2025-11-08T14:48:39.136+0000][gc,heap       ] GC(627) Eden regions: 48->0(56)
[2025-11-08T14:48:39.136+0000][gc,heap       ] GC(627) Survivor regions: 4->4(7)
[2025-11-08T14:48:39.136+0000][gc,heap       ] GC(627) Old regions: 55->55
[2025-11-08T14:48:39.136+0000][gc,heap       ] GC(627) Humongous regions: 147->147
[2025-11-08T14:48:39.137+0000][gc,metaspace  ] GC(627) Metaspace: 52266K(55472K)->52266K(55472K) NonClass: 46478K(48304K)->46478K(48304K) Class: 5787K(7168K)->5787K(7168K)
[2025-11-08T14:48:39.137+0000][gc            ] GC(627) Pause Young (Normal) (G1 Evacuation Pause) 253M->205M(667M) 16.625ms
[2025-11-08T14:48:39.138+0000][gc,cpu        ] GC(627) User=0.03s Sys=0.00s Real=0.01s
[2025-11-08T14:48:43.487+0000][gc,start      ] GC(628) Pause Young (Normal) (G1 Evacuation Pause)
[2025-11-08T14:48:43.487+0000][gc,task       ] GC(628) Using 2 workers of 2 for evacuation
[2025-11-08T14:48:43.501+0000][gc,phases     ] GC(628)   Pre Evacuate Collection Set: 0.0ms
[2025-11-08T14:48:43.502+0000][gc,phases     ] GC(628)   Evacuate Collection Set: 11.7ms
[2025-11-08T14:48:43.502+0000][gc,phases     ] GC(628)   Post Evacuate Collection Set: 1.7ms
[2025-11-08T14:48:43.503+0000][gc,phases     ] GC(628)   Other: 1.3ms
[2025-11-08T14:48:43.503+0000][gc,heap       ] GC(628) Eden regions: 56->0(58)
[2025-11-08T14:48:43.503+0000][gc,heap       ] GC(628) Survivor regions: 4->2(8)
[2025-11-08T14:48:43.504+0000][gc,heap       ] GC(628) Old regions: 55->56
[2025-11-08T14:48:43.504+0000][gc,heap       ] GC(628) Humongous regions: 147->147
[2025-11-08T14:48:43.504+0000][gc,metaspace  ] GC(628) Metaspace: 52266K(55472K)->52266K(55472K) NonClass: 46478K(48304K)->46478K(48304K) Class: 5787K(7168K)->5787K(7168K)
[2025-11-08T14:48:43.505+0000][gc            ] GC(628) Pause Young (Normal) (G1 Evacuation Pause) 261M->204M(667M) 18.137ms
[2025-11-08T14:48:43.505+0000][gc,cpu        ] GC(628) User=0.03s Sys=0.00s Real=0.02s
[2025-11-08T14:48:47.618+0000][gc,start      ] GC(629) Pause Young (Normal) (G1 Evacuation Pause)
[2025-11-08T14:48:47.618+0000][gc,task       ] GC(629) Using 2 workers of 2 for evacuation
[2025-11-08T14:48:47.630+0000][gc,phases     ] GC(629)   Pre Evacuate Collection Set: 0.0ms
[2025-11-08T14:48:47.630+0000][gc,phases     ] GC(629)   Evacuate Collection Set: 10.6ms
[2025-11-08T14:48:47.630+0000][gc,phases     ] GC(629)   Post Evacuate Collection Set: 0.7ms
[2025-11-08T14:48:47.630+0000][gc,phases     ] GC(629)   Other: 0.7ms
[2025-11-08T14:48:47.631+0000][gc,heap       ] GC(629) Eden regions: 58->0(59)
[2025-11-08T14:48:47.631+0000][gc,heap       ] GC(629) Survivor regions: 2->3(8)
[2025-11-08T14:48:47.631+0000][gc,heap       ] GC(629) Old regions: 56->56
[2025-11-08T14:48:47.632+0000][gc,heap       ] GC(629) Humongous regions: 147->147
[2025-11-08T14:48:47.632+0000][gc,metaspace  ] GC(629) Metaspace: 52266K(55472K)->52266K(55472K) NonClass: 46478K(48304K)->46478K(48304K) Class: 5787K(7168K)->5787K(7168K)
[2025-11-08T14:48:47.633+0000][gc            ] GC(629) Pause Young (Normal) (G1 Evacuation Pause) 262M->205M(667M) 15.379ms
[2025-11-08T14:48:47.634+0000][gc,cpu        ] GC(629) User=0.02s Sys=0.00s Real=0.02s
[2025-11-08T14:48:51.917+0000][gc,start      ] GC(630) Pause Young (Normal) (G1 Evacuation Pause)
[2025-11-08T14:48:51.917+0000][gc,task       ] GC(630) Using 2 workers of 2 for evacuation
[2025-11-08T14:48:51.932+0000][gc,phases     ] GC(630)   Pre Evacuate Collection Set: 0.0ms
[2025-11-08T14:48:51.933+0000][gc,phases     ] GC(630)   Evacuate Collection Set: 13.5ms
[2025-11-08T14:48:51.933+0000][gc,phases     ] GC(630)   Post Evacuate Collection Set: 0.9ms
[2025-11-08T14:48:51.933+0000][gc,phases     ] GC(630)   Other: 0.8ms
[2025-11-08T14:48:51.934+0000][gc,heap       ] GC(630) Eden regions: 59->0(60)
[2025-11-08T14:48:51.934+0000][gc,heap       ] GC(630) Survivor regions: 3->4(8)
[2025-11-08T14:48:51.934+0000][gc,heap       ] GC(630) Old regions: 56->56
[2025-11-08T14:48:51.935+0000][gc,heap       ] GC(630) Humongous regions: 147->147
[2025-11-08T14:48:51.935+0000][gc,metaspace  ] GC(630) Metaspace: 52266K(55472K)->52266K(55472K) NonClass: 46478K(48304K)->46478K(48304K) Class: 5787K(7168K)->5787K(7168K)
[2025-11-08T14:48:51.935+0000][gc            ] GC(630) Pause Young (Normal) (G1 Evacuation Pause) 264M->206M(667M) 18.362ms
[2025-11-08T14:48:51.936+0000][gc,cpu        ] GC(630) User=0.03s Sys=0.00s Real=0.02s
[2025-11-08T14:48:55.986+0000][gc,start      ] GC(631) Pause Young (Normal) (G1 Evacuation Pause)
[2025-11-08T14:48:55.986+0000][gc,task       ] GC(631) Using 2 workers of 2 for evacuation
[2025-11-08T14:48:56.004+0000][gc,phases     ] GC(631)   Pre Evacuate Collection Set: 0.0ms
[2025-11-08T14:48:56.005+0000][gc,phases     ] GC(631)   Evacuate Collection Set: 13.6ms
[2025-11-08T14:48:56.005+0000][gc,phases     ] GC(631)   Post Evacuate Collection Set: 1.7ms
[2025-11-08T14:48:56.006+0000][gc,phases     ] GC(631)   Other: 3.2ms
[2025-11-08T14:48:56.006+0000][gc,heap       ] GC(631) Eden regions: 53->0(58)
[2025-11-08T14:48:56.006+0000][gc,heap       ] GC(631) Survivor regions: 4->3(8)
[2025-11-08T14:48:56.007+0000][gc,heap       ] GC(631) Old regions: 56->56
[2025-11-08T14:48:56.007+0000][gc,heap       ] GC(631) Humongous regions: 147->147
[2025-11-08T14:48:56.007+0000][gc,metaspace  ] GC(631) Metaspace: 52266K(55472K)->52266K(55472K) NonClass: 46478K(48304K)->46478K(48304K) Class: 5787K(7168K)->5787K(7168K)
[2025-11-08T14:48:56.008+0000][gc            ] GC(631) Pause Young (Normal) (G1 Evacuation Pause) 259M->204M(667M) 21.992ms
[2025-11-08T14:48:56.008+0000][gc,cpu        ] GC(631) User=0.03s Sys=0.00s Real=0.02s
[2025-11-08T14:48:59.644+0000][gc,start      ] GC(632) Pause Young (Normal) (G1 Evacuation Pause)
[2025-11-08T14:48:59.645+0000][gc,task       ] GC(632) Using 2 workers of 2 for evacuation
[2025-11-08T14:48:59.657+0000][gc,phases     ] GC(632)   Pre Evacuate Collection Set: 0.0ms
[2025-11-08T14:48:59.658+0000][gc,phases     ] GC(632)   Evacuate Collection Set: 10.8ms
[2025-11-08T14:48:59.658+0000][gc,phases     ] GC(632)   Post Evacuate Collection Set: 1.0ms
[2025-11-08T14:48:59.659+0000][gc,phases     ] GC(632)   Other: 1.8ms
[2025-11-08T14:48:59.659+0000][gc,heap       ] GC(632) Eden regions: 49->0(60)
[2025-11-08T14:48:59.659+0000][gc,heap       ] GC(632) Survivor regions: 3->2(7)
[2025-11-08T14:48:59.660+0000][gc,heap       ] GC(632) Old regions: 56->56
[2025-11-08T14:48:59.660+0000][gc,heap       ] GC(632) Humongous regions: 147->147
[2025-11-08T14:48:59.660+0000][gc,metaspace  ] GC(632) Metaspace: 52266K(55472K)->52266K(55472K) NonClass: 46478K(48304K)->46478K(48304K) Class: 5787K(7168K)->5787K(7168K)
[2025-11-08T14:48:59.660+0000][gc            ] GC(632) Pause Young (Normal) (G1 Evacuation Pause) 253M->204M(667M) 16.539ms
[2025-11-08T14:48:59.661+0000][gc,cpu        ] GC(632) User=0.02s Sys=0.00s Real=0.02s
[2025-11-08T14:49:03.584+0000][gc,start      ] GC(633) Pause Young (Normal) (G1 Evacuation Pause)
[2025-11-08T14:49:03.586+0000][gc,task       ] GC(633) Using 2 workers of 2 for evacuation
[2025-11-08T14:49:03.603+0000][gc,phases     ] GC(633)   Pre Evacuate Collection Set: 0.0ms
[2025-11-08T14:49:03.604+0000][gc,phases     ] GC(633)   Evacuate Collection Set: 14.3ms
[2025-11-08T14:49:03.604+0000][gc,phases     ] GC(633)   Post Evacuate Collection Set: 2.0ms
[2025-11-08T14:49:03.604+0000][gc,phases     ] GC(633)   Other: 3.2ms
[2025-11-08T14:49:03.605+0000][gc,heap       ] GC(633) Eden regions: 52->0(56)
[2025-11-08T14:49:03.605+0000][gc,heap       ] GC(633) Survivor regions: 2->2(7)
[2025-11-08T14:49:03.605+0000][gc,heap       ] GC(633) Old regions: 56->56
[2025-11-08T14:49:03.606+0000][gc,heap       ] GC(633) Humongous regions: 147->147
[2025-11-08T14:49:03.606+0000][gc,metaspace  ] GC(633) Metaspace: 52266K(55472K)->52266K(55472K) NonClass: 46478K(48304K)->46478K(48304K) Class: 5787K(7168K)->5787K(7168K)
[2025-11-08T14:49:03.606+0000][gc            ] GC(633) Pause Young (Normal) (G1 Evacuation Pause) 256M->204M(667M) 22.413ms
[2025-11-08T14:49:03.606+0000][gc,cpu        ] GC(633) User=0.03s Sys=0.00s Real=0.02s
[2025-11-08T14:49:07.974+0000][gc,start      ] GC(634) Pause Young (Normal) (G1 Evacuation Pause)
[2025-11-08T14:49:07.975+0000][gc,task       ] GC(634) Using 2 workers of 2 for evacuation
[2025-11-08T14:49:07.987+0000][gc,phases     ] GC(634)   Pre Evacuate Collection Set: 0.0ms
[2025-11-08T14:49:07.987+0000][gc,phases     ] GC(634)   Evacuate Collection Set: 10.7ms
[2025-11-08T14:49:07.987+0000][gc,phases     ] GC(634)   Post Evacuate Collection Set: 0.9ms
[2025-11-08T14:49:07.987+0000][gc,phases     ] GC(634)   Other: 0.8ms
[2025-11-08T14:49:07.988+0000][gc,heap       ] GC(634) Eden regions: 56->0(58)
[2025-11-08T14:49:07.988+0000][gc,heap       ] GC(634) Survivor regions: 2->3(8)
[2025-11-08T14:49:07.988+0000][gc,heap       ] GC(634) Old regions: 56->56
[2025-11-08T14:49:07.989+0000][gc,heap       ] GC(634) Humongous regions: 147->147
[2025-11-08T14:49:07.989+0000][gc,metaspace  ] GC(634) Metaspace: 52266K(55472K)->52266K(55472K) NonClass: 46478K(48304K)->46478K(48304K) Class: 5787K(7168K)->5787K(7168K)
[2025-11-08T14:49:07.989+0000][gc            ] GC(634) Pause Young (Normal) (G1 Evacuation Pause) 260M->205M(667M) 14.771ms
[2025-11-08T14:49:07.989+0000][gc,cpu        ] GC(634) User=0.02s Sys=0.00s Real=0.02s
[2025-11-08T14:49:12.075+0000][gc,start      ] GC(635) Pause Young (Normal) (G1 Evacuation Pause)
[2025-11-08T14:49:12.076+0000][gc,task       ] GC(635) Using 2 workers of 2 for evacuation
[2025-11-08T14:49:12.098+0000][gc,mmu        ] GC(635) MMU target violated: 21.0ms (20.0ms/21.0ms)
[2025-11-08T14:49:12.098+0000][gc,phases     ] GC(635)   Pre Evacuate Collection Set: 0.0ms
[2025-11-08T14:49:12.098+0000][gc,phases     ] GC(635)   Evacuate Collection Set: 19.9ms
[2025-11-08T14:49:12.098+0000][gc,phases     ] GC(635)   Post Evacuate Collection Set: 1.1ms
[2025-11-08T14:49:12.099+0000][gc,phases     ] GC(635)   Other: 2.1ms
[2025-11-08T14:49:12.099+0000][gc,heap       ] GC(635) Eden regions: 52->0(55)
[2025-11-08T14:49:12.100+0000][gc,heap       ] GC(635) Survivor regions: 3->3(7)
[2025-11-08T14:49:12.100+0000][gc,heap       ] GC(635) Old regions: 56->56
[2025-11-08T14:49:12.100+0000][gc,heap       ] GC(635) Humongous regions: 147->147
[2025-11-08T14:49:12.101+0000][gc,metaspace  ] GC(635) Metaspace: 52266K(55472K)->52266K(55472K) NonClass: 46478K(48304K)->46478K(48304K) Class: 5787K(7168K)->5787K(7168K)
[2025-11-08T14:49:12.101+0000][gc            ] GC(635) Pause Young (Normal) (G1 Evacuation Pause) 257M->205M(667M) 25.839ms
[2025-11-08T14:49:12.101+0000][gc,cpu        ] GC(635) User=0.04s Sys=0.00s Real=0.03s
[2025-11-08T14:49:14.495+0000][gc,start      ] GC(636) Pause Young (Normal) (G1 Evacuation Pause)
[2025-11-08T14:49:14.495+0000][gc,task       ] GC(636) Using 2 workers of 2 for evacuation
[2025-11-08T14:49:14.515+0000][gc,phases     ] GC(636)   Pre Evacuate Collection Set: 0.0ms
[2025-11-08T14:49:14.515+0000][gc,phases     ] GC(636)   Evacuate Collection Set: 15.2ms
[2025-11-08T14:49:14.515+0000][gc,phases     ] GC(636)   Post Evacuate Collection Set: 1.0ms
[2025-11-08T14:49:14.516+0000][gc,phases     ] GC(636)   Other: 3.2ms
[2025-11-08T14:49:14.519+0000][gc,heap       ] GC(636) Eden regions: 30->0(37)
[2025-11-08T14:49:14.519+0000][gc,heap       ] GC(636) Survivor regions: 3->3(5)
[2025-11-08T14:49:14.519+0000][gc,heap       ] GC(636) Old regions: 56->57
[2025-11-08T14:49:14.520+0000][gc,heap       ] GC(636) Humongous regions: 147->147
[2025-11-08T14:49:14.520+0000][gc,metaspace  ] GC(636) Metaspace: 52266K(55472K)->52266K(55472K) NonClass: 46478K(48304K)->46478K(48304K) Class: 5787K(7168K)->5787K(7168K)
[2025-11-08T14:49:14.520+0000][gc            ] GC(636) Pause Young (Normal) (G1 Evacuation Pause) 235M->205M(667M) 25.337ms
[2025-11-08T14:49:14.521+0000][gc,cpu        ] GC(636) User=0.04s Sys=0.00s Real=0.03s
[2025-11-08T14:49:17.521+0000][gc,start      ] GC(637) Pause Young (Normal) (G1 Evacuation Pause)
[2025-11-08T14:49:17.522+0000][gc,task       ] GC(637) Using 2 workers of 2 for evacuation
[2025-11-08T14:49:17.539+0000][gc,phases     ] GC(637)   Pre Evacuate Collection Set: 0.0ms
[2025-11-08T14:49:17.539+0000][gc,phases     ] GC(637)   Evacuate Collection Set: 15.0ms
[2025-11-08T14:49:17.539+0000][gc,phases     ] GC(637)   Post Evacuate Collection Set: 1.3ms
[2025-11-08T14:49:17.540+0000][gc,phases     ] GC(637)   Other: 1.1ms
[2025-11-08T14:49:17.544+0000][gc,heap       ] GC(637) Eden regions: 37->0(37)
[2025-11-08T14:49:17.544+0000][gc,heap       ] GC(637) Survivor regions: 3->3(5)
[2025-11-08T14:49:17.545+0000][gc,heap       ] GC(637) Old regions: 57->57
[2025-11-08T14:49:17.546+0000][gc,heap       ] GC(637) Humongous regions: 147->147
[2025-11-08T14:49:17.547+0000][gc,metaspace  ] GC(637) Metaspace: 52266K(55472K)->52266K(55472K) NonClass: 46478K(48304K)->46478K(48304K) Class: 5787K(7168K)->5787K(7168K)
[2025-11-08T14:49:17.547+0000][gc            ] GC(637) Pause Young (Normal) (G1 Evacuation Pause) 242M->205M(667M) 25.867ms
[2025-11-08T14:49:17.547+0000][gc,cpu        ] GC(637) User=0.03s Sys=0.00s Real=0.02s
[2025-11-08T14:49:19.776+0000][gc,start      ] GC(638) Pause Young (Normal) (G1 Evacuation Pause)
[2025-11-08T14:49:19.780+0000][gc,task       ] GC(638) Using 2 workers of 2 for evacuation
[2025-11-08T14:49:19.796+0000][gc,phases     ] GC(638)   Pre Evacuate Collection Set: 0.0ms
[2025-11-08T14:49:19.796+0000][gc,phases     ] GC(638)   Evacuate Collection Set: 13.7ms
[2025-11-08T14:49:19.796+0000][gc,phases     ] GC(638)   Post Evacuate Collection Set: 1.2ms
[2025-11-08T14:49:19.796+0000][gc,phases     ] GC(638)   Other: 4.3ms
[2025-11-08T14:49:19.797+0000][gc,heap       ] GC(638) Eden regions: 30->0(35)
[2025-11-08T14:49:19.797+0000][gc,heap       ] GC(638) Survivor regions: 3->2(5)
[2025-11-08T14:49:19.797+0000][gc,heap       ] GC(638) Old regions: 57->57
[2025-11-08T14:49:19.797+0000][gc,heap       ] GC(638) Humongous regions: 147->147
[2025-11-08T14:49:19.798+0000][gc,metaspace  ] GC(638) Metaspace: 52266K(55472K)->52266K(55472K) NonClass: 46478K(48304K)->46478K(48304K) Class: 5787K(7168K)->5787K(7168K)
[2025-11-08T14:49:19.798+0000][gc            ] GC(638) Pause Young (Normal) (G1 Evacuation Pause) 235M->205M(667M) 21.478ms
[2025-11-08T14:49:19.798+0000][gc,cpu        ] GC(638) User=0.03s Sys=0.00s Real=0.02s
[2025-11-08T14:49:22.401+0000][gc,start      ] GC(639) Pause Young (Normal) (G1 Evacuation Pause)
[2025-11-08T14:49:22.401+0000][gc,task       ] GC(639) Using 2 workers of 2 for evacuation
[2025-11-08T14:49:22.419+0000][gc,phases     ] GC(639)   Pre Evacuate Collection Set: 0.0ms
[2025-11-08T14:49:22.419+0000][gc,phases     ] GC(639)   Evacuate Collection Set: 15.5ms
[2025-11-08T14:49:22.419+0000][gc,phases     ] GC(639)   Post Evacuate Collection Set: 1.5ms
[2025-11-08T14:49:22.420+0000][gc,phases     ] GC(639)   Other: 0.9ms
[2025-11-08T14:49:22.420+0000][gc,heap       ] GC(639) Eden regions: 33->0(33)
[2025-11-08T14:49:22.420+0000][gc,heap       ] GC(639) Survivor regions: 2->2(5)
[2025-11-08T14:49:22.421+0000][gc,heap       ] GC(639) Old regions: 57->57
[2025-11-08T14:49:22.422+0000][gc,heap       ] GC(639) Humongous regions: 147->147
[2025-11-08T14:49:22.422+0000][gc,metaspace  ] GC(639) Metaspace: 52266K(55472K)->52266K(55472K) NonClass: 46478K(48304K)->46478K(48304K) Class: 5787K(7168K)->5787K(7168K)
[2025-11-08T14:49:22.423+0000][gc            ] GC(639) Pause Young (Normal) (G1 Evacuation Pause) 238M->205M(667M) 21.948ms
[2025-11-08T14:49:22.424+0000][gc,cpu        ] GC(639) User=0.03s Sys=0.00s Real=0.02s
[2025-11-08T14:49:24.784+0000][gc,start      ] GC(640) Pause Young (Normal) (G1 Evacuation Pause)
[2025-11-08T14:49:24.786+0000][gc,task       ] GC(640) Using 2 workers of 2 for evacuation
[2025-11-08T14:49:24.806+0000][gc,phases     ] GC(640)   Pre Evacuate Collection Set: 0.0ms
[2025-11-08T14:49:24.807+0000][gc,phases     ] GC(640)   Evacuate Collection Set: 18.6ms
[2025-11-08T14:49:24.807+0000][gc,phases     ] GC(640)   Post Evacuate Collection Set: 0.9ms
[2025-11-08T14:49:24.808+0000][gc,phases     ] GC(640)   Other: 2.0ms
[2025-11-08T14:49:24.808+0000][gc,heap       ] GC(640) Eden regions: 31->0(32)
[2025-11-08T14:49:24.809+0000][gc,heap       ] GC(640) Survivor regions: 2->4(5)
[2025-11-08T14:49:24.809+0000][gc,heap       ] GC(640) Old regions: 57->57
[2025-11-08T14:49:24.809+0000][gc,heap       ] GC(640) Humongous regions: 147->147
[2025-11-08T14:49:24.810+0000][gc,metaspace  ] GC(640) Metaspace: 52266K(55472K)->52266K(55472K) NonClass: 46478K(48304K)->46478K(48304K) Class: 5787K(7168K)->5787K(7168K)
[2025-11-08T14:49:24.810+0000][gc            ] GC(640) Pause Young (Normal) (G1 Evacuation Pause) 236M->206M(667M) 25.389ms
[2025-11-08T14:49:24.810+0000][gc,cpu        ] GC(640) User=0.04s Sys=0.00s Real=0.03s
[2025-11-08T14:49:27.111+0000][gc,start      ] GC(641) Pause Young (Normal) (G1 Evacuation Pause)
[2025-11-08T14:49:27.111+0000][gc,task       ] GC(641) Using 2 workers of 2 for evacuation
[2025-11-08T14:49:27.129+0000][gc,phases     ] GC(641)   Pre Evacuate Collection Set: 0.0ms
[2025-11-08T14:49:27.130+0000][gc,phases     ] GC(641)   Evacuate Collection Set: 16.5ms
[2025-11-08T14:49:27.130+0000][gc,phases     ] GC(641)   Post Evacuate Collection Set: 1.2ms
[2025-11-08T14:49:27.131+0000][gc,phases     ] GC(641)   Other: 1.3ms
[2025-11-08T14:49:27.131+0000][gc,heap       ] GC(641) Eden regions: 29->0(32)
[2025-11-08T14:49:27.131+0000][gc,heap       ] GC(641) Survivor regions: 4->2(5)
[2025-11-08T14:49:27.131+0000][gc,heap       ] GC(641) Old regions: 57->58
[2025-11-08T14:49:27.132+0000][gc,heap       ] GC(641) Humongous regions: 147->147
[2025-11-08T14:49:27.132+0000][gc,metaspace  ] GC(641) Metaspace: 52266K(55472K)->52266K(55472K) NonClass: 46478K(48304K)->46478K(48304K) Class: 5787K(7168K)->5787K(7168K)
[2025-11-08T14:49:27.133+0000][gc            ] GC(641) Pause Young (Normal) (G1 Evacuation Pause) 235M->206M(667M) 22.033ms
[2025-11-08T14:49:27.133+0000][gc,cpu        ] GC(641) User=0.03s Sys=0.00s Real=0.02s
[2025-11-08T14:49:29.644+0000][gc,start      ] GC(642) Pause Young (Normal) (G1 Evacuation Pause)
[2025-11-08T14:49:29.644+0000][gc,task       ] GC(642) Using 2 workers of 2 for evacuation
[2025-11-08T14:49:29.657+0000][gc,phases     ] GC(642)   Pre Evacuate Collection Set: 0.0ms
[2025-11-08T14:49:29.657+0000][gc,phases     ] GC(642)   Evacuate Collection Set: 10.6ms
[2025-11-08T14:49:29.657+0000][gc,phases     ] GC(642)   Post Evacuate Collection Set: 1.0ms
[2025-11-08T14:49:29.658+0000][gc,phases     ] GC(642)   Other: 1.0ms
[2025-11-08T14:49:29.658+0000][gc,heap       ] GC(642) Eden regions: 32->0(33)
[2025-11-08T14:49:29.658+0000][gc,heap       ] GC(642) Survivor regions: 2->2(5)
[2025-11-08T14:49:29.658+0000][gc,heap       ] GC(642) Old regions: 58->58
[2025-11-08T14:49:29.659+0000][gc,heap       ] GC(642) Humongous regions: 147->147
[2025-11-08T14:49:29.659+0000][gc,metaspace  ] GC(642) Metaspace: 52266K(55472K)->52266K(55472K) NonClass: 46478K(48304K)->46478K(48304K) Class: 5787K(7168K)->5787K(7168K)
[2025-11-08T14:49:29.659+0000][gc            ] GC(642) Pause Young (Normal) (G1 Evacuation Pause) 238M->206M(667M) 15.145ms
[2025-11-08T14:49:29.660+0000][gc,cpu        ] GC(642) User=0.02s Sys=0.00s Real=0.02s
[2025-11-08T14:49:32.290+0000][gc,start      ] GC(643) Pause Young (Normal) (G1 Evacuation Pause)
[2025-11-08T14:49:32.291+0000][gc,task       ] GC(643) Using 2 workers of 2 for evacuation
[2025-11-08T14:49:32.313+0000][gc,phases     ] GC(643)   Pre Evacuate Collection Set: 0.0ms
[2025-11-08T14:49:32.313+0000][gc,phases     ] GC(643)   Evacuate Collection Set: 17.9ms
[2025-11-08T14:49:32.314+0000][gc,phases     ] GC(643)   Post Evacuate Collection Set: 1.8ms
[2025-11-08T14:49:32.315+0000][gc,phases     ] GC(643)   Other: 4.2ms
[2025-11-08T14:49:32.316+0000][gc,heap       ] GC(643) Eden regions: 33->0(32)
[2025-11-08T14:49:32.316+0000][gc,heap       ] GC(643) Survivor regions: 2->2(5)
[2025-11-08T14:49:32.317+0000][gc,heap       ] GC(643) Old regions: 58->58
[2025-11-08T14:49:32.318+0000][gc,heap       ] GC(643) Humongous regions: 147->147
[2025-11-08T14:49:32.319+0000][gc,metaspace  ] GC(643) Metaspace: 52266K(55472K)->52266K(55472K) NonClass: 46478K(48304K)->46478K(48304K) Class: 5787K(7168K)->5787K(7168K)
[2025-11-08T14:49:32.319+0000][gc            ] GC(643) Pause Young (Normal) (G1 Evacuation Pause) 239M->206M(667M) 29.241ms
[2025-11-08T14:49:32.319+0000][gc,cpu        ] GC(643) User=0.04s Sys=0.00s Real=0.03s
[2025-11-08T14:49:34.769+0000][gc,start      ] GC(644) Pause Young (Normal) (G1 Evacuation Pause)
[2025-11-08T14:49:34.770+0000][gc,task       ] GC(644) Using 2 workers of 2 for evacuation
[2025-11-08T14:49:34.788+0000][gc,phases     ] GC(644)   Pre Evacuate Collection Set: 0.0ms
[2025-11-08T14:49:34.788+0000][gc,phases     ] GC(644)   Evacuate Collection Set: 15.5ms
[2025-11-08T14:49:34.789+0000][gc,phases     ] GC(644)   Post Evacuate Collection Set: 1.5ms
[2025-11-08T14:49:34.789+0000][gc,phases     ] GC(644)   Other: 1.5ms
[2025-11-08T14:49:34.790+0000][gc,heap       ] GC(644) Eden regions: 32->0(32)
[2025-11-08T14:49:34.792+0000][gc,heap       ] GC(644) Survivor regions: 2->2(5)
[2025-11-08T14:49:34.793+0000][gc,heap       ] GC(644) Old regions: 58->58
[2025-11-08T14:49:34.794+0000][gc,heap       ] GC(644) Humongous regions: 147->147
[2025-11-08T14:49:34.794+0000][gc,metaspace  ] GC(644) Metaspace: 52266K(55472K)->52266K(55472K) NonClass: 46478K(48304K)->46478K(48304K) Class: 5787K(7168K)->5787K(7168K)
[2025-11-08T14:49:34.796+0000][gc            ] GC(644) Pause Young (Normal) (G1 Evacuation Pause) 238M->206M(667M) 26.133ms
[2025-11-08T14:49:34.796+0000][gc,cpu        ] GC(644) User=0.04s Sys=0.00s Real=0.02s
[2025-11-08T14:49:37.174+0000][gc,start      ] GC(645) Pause Young (Normal) (G1 Evacuation Pause)
[2025-11-08T14:49:37.175+0000][gc,task       ] GC(645) Using 2 workers of 2 for evacuation
[2025-11-08T14:49:37.191+0000][gc,phases     ] GC(645)   Pre Evacuate Collection Set: 0.0ms
[2025-11-08T14:49:37.192+0000][gc,phases     ] GC(645)   Evacuate Collection Set: 14.2ms
[2025-11-08T14:49:37.192+0000][gc,phases     ] GC(645)   Post Evacuate Collection Set: 1.8ms
[2025-11-08T14:49:37.192+0000][gc,phases     ] GC(645)   Other: 1.1ms
[2025-11-08T14:49:37.193+0000][gc,heap       ] GC(645) Eden regions: 32->0(33)
[2025-11-08T14:49:37.193+0000][gc,heap       ] GC(645) Survivor regions: 2->2(5)
[2025-11-08T14:49:37.193+0000][gc,heap       ] GC(645) Old regions: 58->58
[2025-11-08T14:49:37.194+0000][gc,heap       ] GC(645) Humongous regions: 147->147
[2025-11-08T14:49:37.194+0000][gc,metaspace  ] GC(645) Metaspace: 52266K(55472K)->52266K(55472K) NonClass: 46478K(48304K)->46478K(48304K) Class: 5787K(7168K)->5787K(7168K)
[2025-11-08T14:49:37.195+0000][gc            ] GC(645) Pause Young (Normal) (G1 Evacuation Pause) 238M->205M(667M) 21.074ms
[2025-11-08T14:49:37.196+0000][gc,cpu        ] GC(645) User=0.03s Sys=0.00s Real=0.02s
[2025-11-08T14:49:39.602+0000][gc,start      ] GC(646) Pause Young (Normal) (G1 Evacuation Pause)
[2025-11-08T14:49:39.603+0000][gc,task       ] GC(646) Using 2 workers of 2 for evacuation
[2025-11-08T14:49:39.619+0000][gc,phases     ] GC(646)   Pre Evacuate Collection Set: 0.0ms
[2025-11-08T14:49:39.620+0000][gc,phases     ] GC(646)   Evacuate Collection Set: 13.5ms
[2025-11-08T14:49:39.620+0000][gc,phases     ] GC(646)   Post Evacuate Collection Set: 2.4ms
[2025-11-08T14:49:39.621+0000][gc,phases     ] GC(646)   Other: 0.9ms
[2025-11-08T14:49:39.621+0000][gc,heap       ] GC(646) Eden regions: 31->0(34)
[2025-11-08T14:49:39.622+0000][gc,heap       ] GC(646) Survivor regions: 2->2(5)
[2025-11-08T14:49:39.622+0000][gc,heap       ] GC(646) Old regions: 58->58
[2025-11-08T14:49:39.622+0000][gc,heap       ] GC(646) Humongous regions: 147->147
[2025-11-08T14:49:39.622+0000][gc,metaspace  ] GC(646) Metaspace: 52266K(55472K)->52266K(55472K) NonClass: 46478K(48304K)->46478K(48304K) Class: 5787K(7168K)->5787K(7168K)
[2025-11-08T14:49:39.623+0000][gc            ] GC(646) Pause Young (Normal) (G1 Evacuation Pause) 236M->205M(667M) 20.339ms
[2025-11-08T14:49:39.623+0000][gc,cpu        ] GC(646) User=0.03s Sys=0.00s Real=0.02s
[2025-11-08T14:49:42.081+0000][gc,start      ] GC(647) Pause Young (Normal) (G1 Evacuation Pause)
[2025-11-08T14:49:42.081+0000][gc,task       ] GC(647) Using 2 workers of 2 for evacuation
[2025-11-08T14:49:42.094+0000][gc,phases     ] GC(647)   Pre Evacuate Collection Set: 0.0ms
[2025-11-08T14:49:42.094+0000][gc,phases     ] GC(647)   Evacuate Collection Set: 10.8ms
[2025-11-08T14:49:42.095+0000][gc,phases     ] GC(647)   Post Evacuate Collection Set: 1.9ms
[2025-11-08T14:49:42.096+0000][gc,phases     ] GC(647)   Other: 0.8ms
[2025-11-08T14:49:42.096+0000][gc,heap       ] GC(647) Eden regions: 34->0(35)
[2025-11-08T14:49:42.096+0000][gc,heap       ] GC(647) Survivor regions: 2->2(5)
[2025-11-08T14:49:42.097+0000][gc,heap       ] GC(647) Old regions: 58->58
[2025-11-08T14:49:42.097+0000][gc,heap       ] GC(647) Humongous regions: 147->147
[2025-11-08T14:49:42.098+0000][gc,metaspace  ] GC(647) Metaspace: 52266K(55472K)->52266K(55472K) NonClass: 46478K(48304K)->46478K(48304K) Class: 5787K(7168K)->5787K(7168K)
[2025-11-08T14:49:42.098+0000][gc            ] GC(647) Pause Young (Normal) (G1 Evacuation Pause) 239M->205M(667M) 17.338ms
[2025-11-08T14:49:42.098+0000][gc,cpu        ] GC(647) User=0.02s Sys=0.00s Real=0.01s
[2025-11-08T14:49:44.685+0000][gc,start      ] GC(648) Pause Young (Normal) (G1 Evacuation Pause)
[2025-11-08T14:49:44.686+0000][gc,task       ] GC(648) Using 2 workers of 2 for evacuation
[2025-11-08T14:49:44.705+0000][gc,phases     ] GC(648)   Pre Evacuate Collection Set: 0.0ms
[2025-11-08T14:49:44.706+0000][gc,phases     ] GC(648)   Evacuate Collection Set: 15.7ms
[2025-11-08T14:49:44.706+0000][gc,phases     ] GC(648)   Post Evacuate Collection Set: 1.5ms
[2025-11-08T14:49:44.707+0000][gc,phases     ] GC(648)   Other: 2.3ms
[2025-11-08T14:49:44.707+0000][gc,heap       ] GC(648) Eden regions: 35->0(36)
[2025-11-08T14:49:44.708+0000][gc,heap       ] GC(648) Survivor regions: 2->2(5)
[2025-11-08T14:49:44.708+0000][gc,heap       ] GC(648) Old regions: 58->58
[2025-11-08T14:49:44.709+0000][gc,heap       ] GC(648) Humongous regions: 147->147
[2025-11-08T14:49:44.709+0000][gc,metaspace  ] GC(648) Metaspace: 52266K(55472K)->52266K(55472K) NonClass: 46478K(48304K)->46478K(48304K) Class: 5787K(7168K)->5787K(7168K)
[2025-11-08T14:49:44.710+0000][gc            ] GC(648) Pause Young (Normal) (G1 Evacuation Pause) 240M->205M(667M) 24.488ms
[2025-11-08T14:49:44.712+0000][gc,cpu        ] GC(648) User=0.03s Sys=0.00s Real=0.03s
[2025-11-08T14:49:47.201+0000][gc,start      ] GC(649) Pause Young (Normal) (G1 Evacuation Pause)
[2025-11-08T14:49:47.202+0000][gc,task       ] GC(649) Using 2 workers of 2 for evacuation
[2025-11-08T14:49:47.225+0000][gc,mmu        ] GC(649) MMU target violated: 21.0ms (20.0ms/21.0ms)
[2025-11-08T14:49:47.225+0000][gc,phases     ] GC(649)   Pre Evacuate Collection Set: 0.0ms
[2025-11-08T14:49:47.226+0000][gc,phases     ] GC(649)   Evacuate Collection Set: 19.8ms
[2025-11-08T14:49:47.227+0000][gc,phases     ] GC(649)   Post Evacuate Collection Set: 1.6ms
[2025-11-08T14:49:47.228+0000][gc,phases     ] GC(649)   Other: 3.0ms
[2025-11-08T14:49:47.229+0000][gc,heap       ] GC(649) Eden regions: 31->0(34)
[2025-11-08T14:49:47.229+0000][gc,heap       ] GC(649) Survivor regions: 2->4(5)
[2025-11-08T14:49:47.229+0000][gc,heap       ] GC(649) Old regions: 58->58
[2025-11-08T14:49:47.230+0000][gc,heap       ] GC(649) Humongous regions: 147->147
[2025-11-08T14:49:47.231+0000][gc,metaspace  ] GC(649) Metaspace: 52266K(55472K)->52266K(55472K) NonClass: 46478K(48304K)->46478K(48304K) Class: 5787K(7168K)->5787K(7168K)
[2025-11-08T14:49:47.231+0000][gc            ] GC(649) Pause Young (Normal) (G1 Evacuation Pause) 236M->207M(667M) 30.290ms
[2025-11-08T14:49:47.231+0000][gc,cpu        ] GC(649) User=0.04s Sys=0.00s Real=0.03s
[2025-11-08T14:49:49.424+0000][gc,start      ] GC(650) Pause Young (Normal) (G1 Evacuation Pause)
[2025-11-08T14:49:49.425+0000][gc,task       ] GC(650) Using 2 workers of 2 for evacuation
[2025-11-08T14:49:49.439+0000][gc,phases     ] GC(650)   Pre Evacuate Collection Set: 0.0ms
[2025-11-08T14:49:49.440+0000][gc,phases     ] GC(650)   Evacuate Collection Set: 13.1ms
[2025-11-08T14:49:49.440+0000][gc,phases     ] GC(650)   Post Evacuate Collection Set: 1.0ms
[2025-11-08T14:49:49.440+0000][gc,phases     ] GC(650)   Other: 0.9ms
[2025-11-08T14:49:49.440+0000][gc,heap       ] GC(650) Eden regions: 29->0(35)
[2025-11-08T14:49:49.441+0000][gc,heap       ] GC(650) Survivor regions: 4->3(5)
[2025-11-08T14:49:49.441+0000][gc,heap       ] GC(650) Old regions: 58->59
[2025-11-08T14:49:49.441+0000][gc,heap       ] GC(650) Humongous regions: 147->147
[2025-11-08T14:49:49.442+0000][gc,metaspace  ] GC(650) Metaspace: 52266K(55472K)->52266K(55472K) NonClass: 46478K(48304K)->46478K(48304K) Class: 5787K(7168K)->5787K(7168K)
[2025-11-08T14:49:49.442+0000][gc            ] GC(650) Pause Young (Normal) (G1 Evacuation Pause) 236M->207M(667M) 17.673ms
[2025-11-08T14:49:49.442+0000][gc,cpu        ] GC(650) User=0.03s Sys=0.00s Real=0.02s
[2025-11-08T14:49:52.285+0000][gc,start      ] GC(651) Pause Young (Normal) (G1 Evacuation Pause)
[2025-11-08T14:49:52.287+0000][gc,task       ] GC(651) Using 2 workers of 2 for evacuation
[2025-11-08T14:49:52.316+0000][gc,mmu        ] GC(651) MMU target violated: 21.0ms (20.0ms/21.0ms)
[2025-11-08T14:49:52.320+0000][gc,phases     ] GC(651)   Pre Evacuate Collection Set: 0.0ms
[2025-11-08T14:49:52.321+0000][gc,phases     ] GC(651)   Evacuate Collection Set: 23.6ms
[2025-11-08T14:49:52.321+0000][gc,phases     ] GC(651)   Post Evacuate Collection Set: 4.2ms
[2025-11-08T14:49:52.321+0000][gc,phases     ] GC(651)   Other: 7.9ms
[2025-11-08T14:49:52.322+0000][gc,heap       ] GC(651) Eden regions: 35->0(30)
[2025-11-08T14:49:52.323+0000][gc,heap       ] GC(651) Survivor regions: 3->3(5)
[2025-11-08T14:49:52.324+0000][gc,heap       ] GC(651) Old regions: 59->59
[2025-11-08T14:49:52.325+0000][gc,heap       ] GC(651) Humongous regions: 147->147
[2025-11-08T14:49:52.326+0000][gc,metaspace  ] GC(651) Metaspace: 52266K(55472K)->52266K(55472K) NonClass: 46478K(48304K)->46478K(48304K) Class: 5787K(7168K)->5787K(7168K)
[2025-11-08T14:49:52.327+0000][gc            ] GC(651) Pause Young (Normal) (G1 Evacuation Pause) 242M->207M(667M) 41.965ms
[2025-11-08T14:49:52.328+0000][gc,cpu        ] GC(651) User=0.04s Sys=0.00s Real=0.04s
[2025-11-08T14:49:54.710+0000][gc,start      ] GC(652) Pause Young (Normal) (G1 Evacuation Pause)
[2025-11-08T14:49:54.711+0000][gc,task       ] GC(652) Using 2 workers of 2 for evacuation
[2025-11-08T14:49:54.729+0000][gc,phases     ] GC(652)   Pre Evacuate Collection Set: 0.0ms
[2025-11-08T14:49:54.730+0000][gc,phases     ] GC(652)   Evacuate Collection Set: 16.5ms
[2025-11-08T14:49:54.733+0000][gc,phases     ] GC(652)   Post Evacuate Collection Set: 1.1ms
[2025-11-08T14:49:54.733+0000][gc,phases     ] GC(652)   Other: 1.6ms
[2025-11-08T14:49:54.734+0000][gc,heap       ] GC(652) Eden regions: 30->0(31)
[2025-11-08T14:49:54.734+0000][gc,heap       ] GC(652) Survivor regions: 3->2(5)
[2025-11-08T14:49:54.735+0000][gc,heap       ] GC(652) Old regions: 59->59
[2025-11-08T14:49:54.735+0000][gc,heap       ] GC(652) Humongous regions: 147->147
[2025-11-08T14:49:54.735+0000][gc,metaspace  ] GC(652) Metaspace: 52266K(55472K)->52266K(55472K) NonClass: 46478K(48304K)->46478K(48304K) Class: 5787K(7168K)->5787K(7168K)
[2025-11-08T14:49:54.736+0000][gc            ] GC(652) Pause Young (Normal) (G1 Evacuation Pause) 237M->207M(667M) 25.678ms
[2025-11-08T14:49:54.737+0000][gc,cpu        ] GC(652) User=0.04s Sys=0.00s Real=0.02s
[2025-11-08T14:49:57.134+0000][gc,start      ] GC(653) Pause Young (Normal) (G1 Evacuation Pause)
[2025-11-08T14:49:57.135+0000][gc,task       ] GC(653) Using 2 workers of 2 for evacuation
[2025-11-08T14:49:57.150+0000][gc,phases     ] GC(653)   Pre Evacuate Collection Set: 0.0ms
[2025-11-08T14:49:57.150+0000][gc,phases     ] GC(653)   Evacuate Collection Set: 12.7ms
[2025-11-08T14:49:57.151+0000][gc,phases     ] GC(653)   Post Evacuate Collection Set: 1.1ms
[2025-11-08T14:49:57.151+0000][gc,phases     ] GC(653)   Other: 1.4ms
[2025-11-08T14:49:57.152+0000][gc,heap       ] GC(653) Eden regions: 31->0(33)
[2025-11-08T14:49:57.152+0000][gc,heap       ] GC(653) Survivor regions: 2->2(5)
[2025-11-08T14:49:57.153+0000][gc,heap       ] GC(653) Old regions: 59->59
[2025-11-08T14:49:57.153+0000][gc,heap       ] GC(653) Humongous regions: 147->147
[2025-11-08T14:49:57.154+0000][gc,metaspace  ] GC(653) Metaspace: 52266K(55472K)->52266K(55472K) NonClass: 46478K(48304K)->46478K(48304K) Class: 5787K(7168K)->5787K(7168K)
[2025-11-08T14:49:57.154+0000][gc            ] GC(653) Pause Young (Normal) (G1 Evacuation Pause) 238M->206M(667M) 19.488ms
[2025-11-08T14:49:57.154+0000][gc,cpu        ] GC(653) User=0.03s Sys=0.00s Real=0.02s
[2025-11-08T14:49:59.821+0000][gc,start      ] GC(654) Pause Young (Normal) (G1 Evacuation Pause)
[2025-11-08T14:49:59.821+0000][gc,task       ] GC(654) Using 2 workers of 2 for evacuation
[2025-11-08T14:49:59.841+0000][gc,phases     ] GC(654)   Pre Evacuate Collection Set: 0.1ms
[2025-11-08T14:49:59.841+0000][gc,phases     ] GC(654)   Evacuate Collection Set: 15.3ms
[2025-11-08T14:49:59.842+0000][gc,phases     ] GC(654)   Post Evacuate Collection Set: 2.8ms
[2025-11-08T14:49:59.842+0000][gc,phases     ] GC(654)   Other: 1.9ms
[2025-11-08T14:49:59.842+0000][gc,heap       ] GC(654) Eden regions: 33->0(33)
[2025-11-08T14:49:59.842+0000][gc,heap       ] GC(654) Survivor regions: 2->2(5)
[2025-11-08T14:49:59.843+0000][gc,heap       ] GC(654) Old regions: 59->59
[2025-11-08T14:49:59.843+0000][gc,heap       ] GC(654) Humongous regions: 147->147
[2025-11-08T14:49:59.844+0000][gc,metaspace  ] GC(654) Metaspace: 52266K(55472K)->52266K(55472K) NonClass: 46478K(48304K)->46478K(48304K) Class: 5787K(7168K)->5787K(7168K)
[2025-11-08T14:49:59.844+0000][gc            ] GC(654) Pause Young (Normal) (G1 Evacuation Pause) 239M->206M(667M) 23.113ms
[2025-11-08T14:49:59.844+0000][gc,cpu        ] GC(654) User=0.04s Sys=0.00s Real=0.02s
[2025-11-08T14:50:02.410+0000][gc,start      ] GC(655) Pause Young (Normal) (G1 Evacuation Pause)
[2025-11-08T14:50:02.410+0000][gc,task       ] GC(655) Using 2 workers of 2 for evacuation
[2025-11-08T14:50:02.425+0000][gc,phases     ] GC(655)   Pre Evacuate Collection Set: 0.0ms
[2025-11-08T14:50:02.425+0000][gc,phases     ] GC(655)   Evacuate Collection Set: 12.3ms
[2025-11-08T14:50:02.427+0000][gc,phases     ] GC(655)   Post Evacuate Collection Set: 1.2ms
[2025-11-08T14:50:02.427+0000][gc,phases     ] GC(655)   Other: 1.2ms
[2025-11-08T14:50:02.427+0000][gc,heap       ] GC(655) Eden regions: 31->0(35)
[2025-11-08T14:50:02.427+0000][gc,heap       ] GC(655) Survivor regions: 2->2(5)
[2025-11-08T14:50:02.428+0000][gc,heap       ] GC(655) Old regions: 59->59
[2025-11-08T14:50:02.428+0000][gc,heap       ] GC(655) Humongous regions: 147->147
[2025-11-08T14:50:02.431+0000][gc,metaspace  ] GC(655) Metaspace: 52266K(55472K)->52266K(55472K) NonClass: 46478K(48304K)->46478K(48304K) Class: 5787K(7168K)->5787K(7168K)
[2025-11-08T14:50:02.431+0000][gc            ] GC(655) Pause Young (Normal) (G1 Evacuation Pause) 237M->206M(667M) 21.078ms
[2025-11-08T14:50:02.431+0000][gc,cpu        ] GC(655) User=0.02s Sys=0.00s Real=0.02s
[2025-11-08T14:50:05.242+0000][gc,start      ] GC(656) Pause Young (Normal) (G1 Evacuation Pause)
[2025-11-08T14:50:05.244+0000][gc,task       ] GC(656) Using 2 workers of 2 for evacuation
[2025-11-08T14:50:05.261+0000][gc,phases     ] GC(656)   Pre Evacuate Collection Set: 0.0ms
[2025-11-08T14:50:05.264+0000][gc,phases     ] GC(656)   Evacuate Collection Set: 14.2ms
[2025-11-08T14:50:05.264+0000][gc,phases     ] GC(656)   Post Evacuate Collection Set: 2.0ms
[2025-11-08T14:50:05.265+0000][gc,phases     ] GC(656)   Other: 2.6ms
[2025-11-08T14:50:05.265+0000][gc,heap       ] GC(656) Eden regions: 35->0(37)
[2025-11-08T14:50:05.266+0000][gc,heap       ] GC(656) Survivor regions: 2->2(5)
[2025-11-08T14:50:05.266+0000][gc,heap       ] GC(656) Old regions: 59->59
[2025-11-08T14:50:05.266+0000][gc,heap       ] GC(656) Humongous regions: 147->147
[2025-11-08T14:50:05.267+0000][gc,metaspace  ] GC(656) Metaspace: 52266K(55472K)->52266K(55472K) NonClass: 46478K(48304K)->46478K(48304K) Class: 5787K(7168K)->5787K(7168K)
[2025-11-08T14:50:05.267+0000][gc            ] GC(656) Pause Young (Normal) (G1 Evacuation Pause) 241M->206M(667M) 25.529ms
[2025-11-08T14:50:05.268+0000][gc,cpu        ] GC(656) User=0.03s Sys=0.00s Real=0.02s
[2025-11-08T14:50:07.949+0000][gc,start      ] GC(657) Pause Young (Normal) (G1 Evacuation Pause)
[2025-11-08T14:50:07.950+0000][gc,task       ] GC(657) Using 2 workers of 2 for evacuation
[2025-11-08T14:50:07.969+0000][gc,phases     ] GC(657)   Pre Evacuate Collection Set: 0.0ms
[2025-11-08T14:50:07.970+0000][gc,phases     ] GC(657)   Evacuate Collection Set: 17.5ms
[2025-11-08T14:50:07.970+0000][gc,phases     ] GC(657)   Post Evacuate Collection Set: 1.2ms
[2025-11-08T14:50:07.970+0000][gc,phases     ] GC(657)   Other: 1.5ms
[2025-11-08T14:50:07.971+0000][gc,heap       ] GC(657) Eden regions: 31->0(34)
[2025-11-08T14:50:07.971+0000][gc,heap       ] GC(657) Survivor regions: 2->3(5)
[2025-11-08T14:50:07.971+0000][gc,heap       ] GC(657) Old regions: 59->59
[2025-11-08T14:50:07.972+0000][gc,heap       ] GC(657) Humongous regions: 147->147
[2025-11-08T14:50:07.972+0000][gc,metaspace  ] GC(657) Metaspace: 52266K(55472K)->52266K(55472K) NonClass: 46478K(48304K)->46478K(48304K) Class: 5787K(7168K)->5787K(7168K)
[2025-11-08T14:50:07.972+0000][gc            ] GC(657) Pause Young (Normal) (G1 Evacuation Pause) 237M->208M(667M) 23.013ms
[2025-11-08T14:50:07.972+0000][gc,cpu        ] GC(657) User=0.03s Sys=0.00s Real=0.03s
[2025-11-08T14:50:10.518+0000][gc,start      ] GC(658) Pause Young (Normal) (G1 Evacuation Pause)
[2025-11-08T14:50:10.518+0000][gc,task       ] GC(658) Using 2 workers of 2 for evacuation
[2025-11-08T14:50:10.542+0000][gc,mmu        ] GC(658) MMU target violated: 21.0ms (20.0ms/21.0ms)
[2025-11-08T14:50:10.544+0000][gc,phases     ] GC(658)   Pre Evacuate Collection Set: 0.0ms
[2025-11-08T14:50:10.545+0000][gc,phases     ] GC(658)   Evacuate Collection Set: 21.5ms
[2025-11-08T14:50:10.546+0000][gc,phases     ] GC(658)   Post Evacuate Collection Set: 1.6ms
[2025-11-08T14:50:10.548+0000][gc,phases     ] GC(658)   Other: 3.8ms
[2025-11-08T14:50:10.548+0000][gc,heap       ] GC(658) Eden regions: 30->0(31)
[2025-11-08T14:50:10.549+0000][gc,heap       ] GC(658) Survivor regions: 3->3(5)
[2025-11-08T14:50:10.550+0000][gc,heap       ] GC(658) Old regions: 59->59
[2025-11-08T14:50:10.550+0000][gc,heap       ] GC(658) Humongous regions: 147->147
[2025-11-08T14:50:10.551+0000][gc,metaspace  ] GC(658) Metaspace: 52266K(55472K)->52266K(55472K) NonClass: 46478K(48304K)->46478K(48304K) Class: 5787K(7168K)->5787K(7168K)
[2025-11-08T14:50:10.552+0000][gc            ] GC(658) Pause Young (Normal) (G1 Evacuation Pause) 238M->207M(667M) 33.994ms
[2025-11-08T14:50:10.552+0000][gc,cpu        ] GC(658) User=0.05s Sys=0.00s Real=0.03s
[2025-11-08T14:50:13.035+0000][gc,start      ] GC(659) Pause Young (Normal) (G1 Evacuation Pause)
[2025-11-08T14:50:13.036+0000][gc,task       ] GC(659) Using 2 workers of 2 for evacuation
[2025-11-08T14:50:13.053+0000][gc,phases     ] GC(659)   Pre Evacuate Collection Set: 0.0ms
[2025-11-08T14:50:13.053+0000][gc,phases     ] GC(659)   Evacuate Collection Set: 15.0ms
[2025-11-08T14:50:13.054+0000][gc,phases     ] GC(659)   Post Evacuate Collection Set: 1.0ms
[2025-11-08T14:50:13.054+0000][gc,phases     ] GC(659)   Other: 1.9ms
[2025-11-08T14:50:13.055+0000][gc,heap       ] GC(659) Eden regions: 31->0(31)
[2025-11-08T14:50:13.055+0000][gc,heap       ] GC(659) Survivor regions: 3->2(5)
[2025-11-08T14:50:13.056+0000][gc,heap       ] GC(659) Old regions: 59->59
[2025-11-08T14:50:13.056+0000][gc,heap       ] GC(659) Humongous regions: 147->147
[2025-11-08T14:50:13.056+0000][gc,metaspace  ] GC(659) Metaspace: 52266K(55472K)->52266K(55472K) NonClass: 46478K(48304K)->46478K(48304K) Class: 5787K(7168K)->5787K(7168K)
[2025-11-08T14:50:13.057+0000][gc            ] GC(659) Pause Young (Normal) (G1 Evacuation Pause) 238M->207M(667M) 22.411ms
[2025-11-08T14:50:13.058+0000][gc,cpu        ] GC(659) User=0.03s Sys=0.00s Real=0.02s
[2025-11-08T14:50:15.667+0000][gc,start      ] GC(660) Pause Young (Normal) (G1 Evacuation Pause)
[2025-11-08T14:50:15.668+0000][gc,task       ] GC(660) Using 2 workers of 2 for evacuation
[2025-11-08T14:50:15.684+0000][gc,phases     ] GC(660)   Pre Evacuate Collection Set: 0.0ms
[2025-11-08T14:50:15.688+0000][gc,phases     ] GC(660)   Evacuate Collection Set: 13.8ms
[2025-11-08T14:50:15.688+0000][gc,phases     ] GC(660)   Post Evacuate Collection Set: 1.4ms
[2025-11-08T14:50:15.688+0000][gc,phases     ] GC(660)   Other: 1.7ms
[2025-11-08T14:50:15.689+0000][gc,heap       ] GC(660) Eden regions: 31->0(33)
[2025-11-08T14:50:15.689+0000][gc,heap       ] GC(660) Survivor regions: 2->2(5)
[2025-11-08T14:50:15.689+0000][gc,heap       ] GC(660) Old regions: 59->59
[2025-11-08T14:50:15.690+0000][gc,heap       ] GC(660) Humongous regions: 147->147
[2025-11-08T14:50:15.690+0000][gc,metaspace  ] GC(660) Metaspace: 52266K(55472K)->52266K(55472K) NonClass: 46478K(48304K)->46478K(48304K) Class: 5787K(7168K)->5787K(7168K)
[2025-11-08T14:50:15.692+0000][gc            ] GC(660) Pause Young (Normal) (G1 Evacuation Pause) 238M->207M(667M) 24.585ms
[2025-11-08T14:50:15.692+0000][gc,cpu        ] GC(660) User=0.03s Sys=0.00s Real=0.02s
[2025-11-08T14:50:18.305+0000][gc,start      ] GC(661) Pause Young (Normal) (G1 Evacuation Pause)
[2025-11-08T14:50:18.305+0000][gc,task       ] GC(661) Using 2 workers of 2 for evacuation
[2025-11-08T14:50:18.318+0000][gc,phases     ] GC(661)   Pre Evacuate Collection Set: 0.0ms
[2025-11-08T14:50:18.318+0000][gc,phases     ] GC(661)   Evacuate Collection Set: 11.0ms
[2025-11-08T14:50:18.318+0000][gc,phases     ] GC(661)   Post Evacuate Collection Set: 1.1ms
[2025-11-08T14:50:18.319+0000][gc,phases     ] GC(661)   Other: 0.9ms
[2025-11-08T14:50:18.319+0000][gc,heap       ] GC(661) Eden regions: 33->0(35)
[2025-11-08T14:50:18.319+0000][gc,heap       ] GC(661) Survivor regions: 2->2(5)
[2025-11-08T14:50:18.319+0000][gc,heap       ] GC(661) Old regions: 59->59
[2025-11-08T14:50:18.320+0000][gc,heap       ] GC(661) Humongous regions: 147->147
[2025-11-08T14:50:18.320+0000][gc,metaspace  ] GC(661) Metaspace: 52266K(55472K)->52266K(55472K) NonClass: 46478K(48304K)->46478K(48304K) Class: 5787K(7168K)->5787K(7168K)
[2025-11-08T14:50:18.320+0000][gc            ] GC(661) Pause Young (Normal) (G1 Evacuation Pause) 240M->207M(667M) 15.522ms
[2025-11-08T14:50:18.321+0000][gc,cpu        ] GC(661) User=0.03s Sys=0.00s Real=0.01s
[2025-11-08T14:50:21.072+0000][gc,start      ] GC(662) Pause Young (Normal) (G1 Evacuation Pause)
[2025-11-08T14:50:21.075+0000][gc,task       ] GC(662) Using 2 workers of 2 for evacuation
[2025-11-08T14:50:21.110+0000][gc,mmu        ] GC(662) MMU target violated: 21.0ms (20.0ms/21.0ms)
[2025-11-08T14:50:21.117+0000][gc,phases     ] GC(662)   Pre Evacuate Collection Set: 0.0ms
[2025-11-08T14:50:21.124+0000][gc,phases     ] GC(662)   Evacuate Collection Set: 27.3ms
[2025-11-08T14:50:21.127+0000][gc,phases     ] GC(662)   Post Evacuate Collection Set: 6.2ms
[2025-11-08T14:50:21.128+0000][gc,phases     ] GC(662)   Other: 10.9ms
[2025-11-08T14:50:21.129+0000][gc,heap       ] GC(662) Eden regions: 35->0(31)
[2025-11-08T14:50:21.130+0000][gc,heap       ] GC(662) Survivor regions: 2->2(5)
[2025-11-08T14:50:21.133+0000][gc,heap       ] GC(662) Old regions: 59->59
[2025-11-08T14:50:21.137+0000][gc,heap       ] GC(662) Humongous regions: 147->147
[2025-11-08T14:50:21.140+0000][gc,metaspace  ] GC(662) Metaspace: 52266K(55472K)->52266K(55472K) NonClass: 46478K(48304K)->46478K(48304K) Class: 5787K(7168K)->5787K(7168K)
[2025-11-08T14:50:21.144+0000][gc            ] GC(662) Pause Young (Normal) (G1 Evacuation Pause) 242M->207M(667M) 71.325ms
[2025-11-08T14:50:21.147+0000][gc,cpu        ] GC(662) User=0.07s Sys=0.00s Real=0.07s
[2025-11-08T14:50:23.649+0000][gc,start      ] GC(663) Pause Young (Normal) (G1 Evacuation Pause)
[2025-11-08T14:50:23.649+0000][gc,task       ] GC(663) Using 2 workers of 2 for evacuation
[2025-11-08T14:50:23.662+0000][gc,phases     ] GC(663)   Pre Evacuate Collection Set: 0.0ms
[2025-11-08T14:50:23.663+0000][gc,phases     ] GC(663)   Evacuate Collection Set: 10.9ms
[2025-11-08T14:50:23.663+0000][gc,phases     ] GC(663)   Post Evacuate Collection Set: 1.6ms
[2025-11-08T14:50:23.663+0000][gc,phases     ] GC(663)   Other: 1.0ms
[2025-11-08T14:50:23.664+0000][gc,heap       ] GC(663) Eden regions: 31->0(31)
[2025-11-08T14:50:23.664+0000][gc,heap       ] GC(663) Survivor regions: 2->2(5)
[2025-11-08T14:50:23.664+0000][gc,heap       ] GC(663) Old regions: 59->59
[2025-11-08T14:50:23.665+0000][gc,heap       ] GC(663) Humongous regions: 147->147
[2025-11-08T14:50:23.665+0000][gc,metaspace  ] GC(663) Metaspace: 52266K(55472K)->52266K(55472K) NonClass: 46478K(48304K)->46478K(48304K) Class: 5787K(7168K)->5787K(7168K)
[2025-11-08T14:50:23.665+0000][gc            ] GC(663) Pause Young (Normal) (G1 Evacuation Pause) 238M->207M(667M) 16.616ms
[2025-11-08T14:50:23.666+0000][gc,cpu        ] GC(663) User=0.02s Sys=0.00s Real=0.02s
[2025-11-08T14:50:26.119+0000][gc,start      ] GC(664) Pause Young (Normal) (G1 Evacuation Pause)
[2025-11-08T14:50:26.120+0000][gc,task       ] GC(664) Using 2 workers of 2 for evacuation
[2025-11-08T14:50:26.144+0000][gc,mmu        ] GC(664) MMU target violated: 21.0ms (20.0ms/21.0ms)
[2025-11-08T14:50:26.145+0000][gc,phases     ] GC(664)   Pre Evacuate Collection Set: 0.0ms
[2025-11-08T14:50:26.146+0000][gc,phases     ] GC(664)   Evacuate Collection Set: 21.6ms
[2025-11-08T14:50:26.147+0000][gc,phases     ] GC(664)   Post Evacuate Collection Set: 2.4ms
[2025-11-08T14:50:26.147+0000][gc,phases     ] GC(664)   Other: 2.0ms
[2025-11-08T14:50:26.147+0000][gc,heap       ] GC(664) Eden regions: 31->0(31)
[2025-11-08T14:50:26.148+0000][gc,heap       ] GC(664) Survivor regions: 2->4(5)
[2025-11-08T14:50:26.149+0000][gc,heap       ] GC(664) Old regions: 59->59
[2025-11-08T14:50:26.149+0000][gc,heap       ] GC(664) Humongous regions: 147->147
[2025-11-08T14:50:26.150+0000][gc,metaspace  ] GC(664) Metaspace: 52266K(55472K)->52266K(55472K) NonClass: 46478K(48304K)->46478K(48304K) Class: 5787K(7168K)->5787K(7168K)
[2025-11-08T14:50:26.150+0000][gc            ] GC(664) Pause Young (Normal) (G1 Evacuation Pause) 238M->208M(667M) 31.310ms
[2025-11-08T14:50:26.151+0000][gc,cpu        ] GC(664) User=0.05s Sys=0.00s Real=0.03s
[2025-11-08T14:50:28.459+0000][gc,start      ] GC(665) Pause Young (Normal) (G1 Evacuation Pause)
[2025-11-08T14:50:28.460+0000][gc,task       ] GC(665) Using 2 workers of 2 for evacuation
[2025-11-08T14:50:28.481+0000][gc,phases     ] GC(665)   Pre Evacuate Collection Set: 0.0ms
[2025-11-08T14:50:28.481+0000][gc,phases     ] GC(665)   Evacuate Collection Set: 17.6ms
[2025-11-08T14:50:28.481+0000][gc,phases     ] GC(665)   Post Evacuate Collection Set: 1.5ms
[2025-11-08T14:50:28.482+0000][gc,phases     ] GC(665)   Other: 2.3ms
[2025-11-08T14:50:28.484+0000][gc,heap       ] GC(665) Eden regions: 29->0(31)
[2025-11-08T14:50:28.484+0000][gc,heap       ] GC(665) Survivor regions: 4->2(5)
[2025-11-08T14:50:28.484+0000][gc,heap       ] GC(665) Old regions: 59->60
[2025-11-08T14:50:28.485+0000][gc,heap       ] GC(665) Humongous regions: 147->147
[2025-11-08T14:50:28.486+0000][gc,metaspace  ] GC(665) Metaspace: 52266K(55472K)->52266K(55472K) NonClass: 46478K(48304K)->46478K(48304K) Class: 5787K(7168K)->5787K(7168K)
[2025-11-08T14:50:28.486+0000][gc            ] GC(665) Pause Young (Normal) (G1 Evacuation Pause) 237M->208M(667M) 26.421ms
[2025-11-08T14:50:28.487+0000][gc,cpu        ] GC(665) User=0.04s Sys=0.00s Real=0.03s
[2025-11-08T14:50:30.782+0000][gc,start      ] GC(666) Pause Young (Normal) (G1 Evacuation Pause)
[2025-11-08T14:50:30.783+0000][gc,task       ] GC(666) Using 2 workers of 2 for evacuation
[2025-11-08T14:50:30.799+0000][gc,phases     ] GC(666)   Pre Evacuate Collection Set: 0.0ms
[2025-11-08T14:50:30.800+0000][gc,phases     ] GC(666)   Evacuate Collection Set: 13.9ms
[2025-11-08T14:50:30.800+0000][gc,phases     ] GC(666)   Post Evacuate Collection Set: 1.5ms
[2025-11-08T14:50:30.801+0000][gc,phases     ] GC(666)   Other: 1.1ms
[2025-11-08T14:50:30.801+0000][gc,heap       ] GC(666) Eden regions: 31->0(31)
[2025-11-08T14:50:30.801+0000][gc,heap       ] GC(666) Survivor regions: 2->2(5)
[2025-11-08T14:50:30.802+0000][gc,heap       ] GC(666) Old regions: 60->60
[2025-11-08T14:50:30.802+0000][gc,heap       ] GC(666) Humongous regions: 147->147
[2025-11-08T14:50:30.802+0000][gc,metaspace  ] GC(666) Metaspace: 52266K(55472K)->52266K(55472K) NonClass: 46478K(48304K)->46478K(48304K) Class: 5787K(7168K)->5787K(7168K)
[2025-11-08T14:50:30.803+0000][gc            ] GC(666) Pause Young (Normal) (G1 Evacuation Pause) 239M->207M(667M) 20.222ms
[2025-11-08T14:50:30.803+0000][gc,cpu        ] GC(666) User=0.03s Sys=0.00s Real=0.02s
[2025-11-08T14:50:33.187+0000][gc,start      ] GC(667) Pause Young (Normal) (G1 Evacuation Pause)
[2025-11-08T14:50:33.190+0000][gc,task       ] GC(667) Using 2 workers of 2 for evacuation
[2025-11-08T14:50:33.214+0000][gc,mmu        ] GC(667) MMU target violated: 21.0ms (20.0ms/21.0ms)
[2025-11-08T14:50:33.215+0000][gc,phases     ] GC(667)   Pre Evacuate Collection Set: 0.0ms
[2025-11-08T14:50:33.215+0000][gc,phases     ] GC(667)   Evacuate Collection Set: 18.6ms
[2025-11-08T14:50:33.217+0000][gc,phases     ] GC(667)   Post Evacuate Collection Set: 3.9ms
[2025-11-08T14:50:33.218+0000][gc,phases     ] GC(667)   Other: 4.7ms
[2025-11-08T14:50:33.218+0000][gc,heap       ] GC(667) Eden regions: 31->0(31)
[2025-11-08T14:50:33.218+0000][gc,heap       ] GC(667) Survivor regions: 2->2(5)
[2025-11-08T14:50:33.219+0000][gc,heap       ] GC(667) Old regions: 60->60
[2025-11-08T14:50:33.220+0000][gc,heap       ] GC(667) Humongous regions: 147->147
[2025-11-08T14:50:33.220+0000][gc,metaspace  ] GC(667) Metaspace: 52266K(55472K)->52266K(55472K) NonClass: 46478K(48304K)->46478K(48304K) Class: 5787K(7168K)->5787K(7168K)
[2025-11-08T14:50:33.222+0000][gc            ] GC(667) Pause Young (Normal) (G1 Evacuation Pause) 238M->207M(667M) 34.211ms
[2025-11-08T14:50:33.222+0000][gc,cpu        ] GC(667) User=0.05s Sys=0.00s Real=0.03s
[2025-11-08T14:50:35.620+0000][gc,start      ] GC(668) Pause Young (Normal) (G1 Evacuation Pause)
[2025-11-08T14:50:35.622+0000][gc,task       ] GC(668) Using 2 workers of 2 for evacuation
[2025-11-08T14:50:35.638+0000][gc,phases     ] GC(668)   Pre Evacuate Collection Set: 0.0ms
[2025-11-08T14:50:35.639+0000][gc,phases     ] GC(668)   Evacuate Collection Set: 13.4ms
[2025-11-08T14:50:35.639+0000][gc,phases     ] GC(668)   Post Evacuate Collection Set: 1.6ms
[2025-11-08T14:50:35.639+0000][gc,phases     ] GC(668)   Other: 3.4ms
[2025-11-08T14:50:35.640+0000][gc,heap       ] GC(668) Eden regions: 31->0(32)
[2025-11-08T14:50:35.640+0000][gc,heap       ] GC(668) Survivor regions: 2->2(5)
[2025-11-08T14:50:35.641+0000][gc,heap       ] GC(668) Old regions: 60->60
[2025-11-08T14:50:35.641+0000][gc,heap       ] GC(668) Humongous regions: 147->147
[2025-11-08T14:50:35.641+0000][gc,metaspace  ] GC(668) Metaspace: 52266K(55472K)->52266K(55472K) NonClass: 46478K(48304K)->46478K(48304K) Class: 5787K(7168K)->5787K(7168K)
[2025-11-08T14:50:35.641+0000][gc            ] GC(668) Pause Young (Normal) (G1 Evacuation Pause) 238M->207M(667M) 21.757ms
[2025-11-08T14:50:35.642+0000][gc,cpu        ] GC(668) User=0.03s Sys=0.00s Real=0.02s
[2025-11-08T14:50:38.137+0000][gc,start      ] GC(669) Pause Young (Normal) (G1 Evacuation Pause)
[2025-11-08T14:50:38.138+0000][gc,task       ] GC(669) Using 2 workers of 2 for evacuation
[2025-11-08T14:50:38.153+0000][gc,phases     ] GC(669)   Pre Evacuate Collection Set: 0.0ms
[2025-11-08T14:50:38.154+0000][gc,phases     ] GC(669)   Evacuate Collection Set: 13.1ms
[2025-11-08T14:50:38.154+0000][gc,phases     ] GC(669)   Post Evacuate Collection Set: 1.2ms
[2025-11-08T14:50:38.156+0000][gc,phases     ] GC(669)   Other: 1.2ms
[2025-11-08T14:50:38.156+0000][gc,heap       ] GC(669) Eden regions: 32->0(32)
[2025-11-08T14:50:38.157+0000][gc,heap       ] GC(669) Survivor regions: 2->1(5)
[2025-11-08T14:50:38.157+0000][gc,heap       ] GC(669) Old regions: 60->60
[2025-11-08T14:50:38.158+0000][gc,heap       ] GC(669) Humongous regions: 147->147
[2025-11-08T14:50:38.159+0000][gc,metaspace  ] GC(669) Metaspace: 52266K(55472K)->52266K(55472K) NonClass: 46478K(48304K)->46478K(48304K) Class: 5787K(7168K)->5787K(7168K)
[2025-11-08T14:50:38.159+0000][gc            ] GC(669) Pause Young (Normal) (G1 Evacuation Pause) 239M->207M(667M) 21.808ms
[2025-11-08T14:50:38.160+0000][gc,cpu        ] GC(669) User=0.03s Sys=0.00s Real=0.02s
[2025-11-08T14:50:40.638+0000][gc,start      ] GC(670) Pause Young (Normal) (G1 Evacuation Pause)
[2025-11-08T14:50:40.639+0000][gc,task       ] GC(670) Using 2 workers of 2 for evacuation
[2025-11-08T14:50:40.652+0000][gc,phases     ] GC(670)   Pre Evacuate Collection Set: 0.0ms
[2025-11-08T14:50:40.653+0000][gc,phases     ] GC(670)   Evacuate Collection Set: 11.6ms
[2025-11-08T14:50:40.653+0000][gc,phases     ] GC(670)   Post Evacuate Collection Set: 1.1ms
[2025-11-08T14:50:40.653+0000][gc,phases     ] GC(670)   Other: 1.1ms
[2025-11-08T14:50:40.653+0000][gc,heap       ] GC(670) Eden regions: 32->0(32)
[2025-11-08T14:50:40.654+0000][gc,heap       ] GC(670) Survivor regions: 1->3(5)
[2025-11-08T14:50:40.654+0000][gc,heap       ] GC(670) Old regions: 60->60
[2025-11-08T14:50:40.654+0000][gc,heap       ] GC(670) Humongous regions: 147->147
[2025-11-08T14:50:40.654+0000][gc,metaspace  ] GC(670) Metaspace: 52266K(55472K)->52266K(55472K) NonClass: 46478K(48304K)->46478K(48304K) Class: 5787K(7168K)->5787K(7168K)
[2025-11-08T14:50:40.655+0000][gc            ] GC(670) Pause Young (Normal) (G1 Evacuation Pause) 239M->208M(667M) 16.396ms
[2025-11-08T14:50:40.655+0000][gc,cpu        ] GC(670) User=0.03s Sys=0.00s Real=0.01s
[2025-11-08T14:50:42.954+0000][gc,start      ] GC(671) Pause Young (Normal) (G1 Evacuation Pause)
[2025-11-08T14:50:42.954+0000][gc,task       ] GC(671) Using 2 workers of 2 for evacuation
[2025-11-08T14:50:42.966+0000][gc,phases     ] GC(671)   Pre Evacuate Collection Set: 0.0ms
[2025-11-08T14:50:42.966+0000][gc,phases     ] GC(671)   Evacuate Collection Set: 10.8ms
[2025-11-08T14:50:42.967+0000][gc,phases     ] GC(671)   Post Evacuate Collection Set: 0.8ms
[2025-11-08T14:50:42.967+0000][gc,phases     ] GC(671)   Other: 0.7ms
[2025-11-08T14:50:42.967+0000][gc,heap       ] GC(671) Eden regions: 30->0(33)
[2025-11-08T14:50:42.967+0000][gc,heap       ] GC(671) Survivor regions: 3->3(5)
[2025-11-08T14:50:42.968+0000][gc,heap       ] GC(671) Old regions: 60->60
[2025-11-08T14:50:42.968+0000][gc,heap       ] GC(671) Humongous regions: 147->147
[2025-11-08T14:50:42.968+0000][gc,metaspace  ] GC(671) Metaspace: 52266K(55472K)->52266K(55472K) NonClass: 46478K(48304K)->46478K(48304K) Class: 5787K(7168K)->5787K(7168K)
[2025-11-08T14:50:42.968+0000][gc            ] GC(671) Pause Young (Normal) (G1 Evacuation Pause) 238M->208M(667M) 14.455ms
[2025-11-08T14:50:42.969+0000][gc,cpu        ] GC(671) User=0.03s Sys=0.00s Real=0.02s
[2025-11-08T14:50:45.342+0000][gc,start      ] GC(672) Pause Young (Normal) (G1 Evacuation Pause)
[2025-11-08T14:50:45.342+0000][gc,task       ] GC(672) Using 2 workers of 2 for evacuation
[2025-11-08T14:50:45.353+0000][gc,phases     ] GC(672)   Pre Evacuate Collection Set: 0.0ms
[2025-11-08T14:50:45.353+0000][gc,phases     ] GC(672)   Evacuate Collection Set: 9.3ms
[2025-11-08T14:50:45.354+0000][gc,phases     ] GC(672)   Post Evacuate Collection Set: 1.1ms
[2025-11-08T14:50:45.354+0000][gc,phases     ] GC(672)   Other: 0.9ms
[2025-11-08T14:50:45.354+0000][gc,heap       ] GC(672) Eden regions: 33->0(35)
[2025-11-08T14:50:45.355+0000][gc,heap       ] GC(672) Survivor regions: 3->3(5)
[2025-11-08T14:50:45.355+0000][gc,heap       ] GC(672) Old regions: 60->60
[2025-11-08T14:50:45.355+0000][gc,heap       ] GC(672) Humongous regions: 147->147
[2025-11-08T14:50:45.355+0000][gc,metaspace  ] GC(672) Metaspace: 52266K(55472K)->52266K(55472K) NonClass: 46478K(48304K)->46478K(48304K) Class: 5787K(7168K)->5787K(7168K)
[2025-11-08T14:50:45.356+0000][gc            ] GC(672) Pause Young (Normal) (G1 Evacuation Pause) 241M->208M(667M) 13.425ms
[2025-11-08T14:50:45.356+0000][gc,cpu        ] GC(672) User=0.02s Sys=0.00s Real=0.01s
[2025-11-08T14:50:47.898+0000][gc,start      ] GC(673) Pause Young (Normal) (G1 Evacuation Pause)
[2025-11-08T14:50:47.899+0000][gc,task       ] GC(673) Using 2 workers of 2 for evacuation
[2025-11-08T14:50:47.910+0000][gc,phases     ] GC(673)   Pre Evacuate Collection Set: 0.0ms
[2025-11-08T14:50:47.910+0000][gc,phases     ] GC(673)   Evacuate Collection Set: 9.6ms
[2025-11-08T14:50:47.911+0000][gc,phases     ] GC(673)   Post Evacuate Collection Set: 1.1ms
[2025-11-08T14:50:47.911+0000][gc,phases     ] GC(673)   Other: 0.6ms
[2025-11-08T14:50:47.911+0000][gc,heap       ] GC(673) Eden regions: 35->0(38)
[2025-11-08T14:50:47.911+0000][gc,heap       ] GC(673) Survivor regions: 3->3(5)
[2025-11-08T14:50:47.912+0000][gc,heap       ] GC(673) Old regions: 60->60
[2025-11-08T14:50:47.912+0000][gc,heap       ] GC(673) Humongous regions: 147->147
[2025-11-08T14:50:47.912+0000][gc,metaspace  ] GC(673) Metaspace: 52266K(55472K)->52266K(55472K) NonClass: 46478K(48304K)->46478K(48304K) Class: 5787K(7168K)->5787K(7168K)
[2025-11-08T14:50:47.912+0000][gc            ] GC(673) Pause Young (Normal) (G1 Evacuation Pause) 243M->208M(667M) 13.926ms
[2025-11-08T14:50:47.913+0000][gc,cpu        ] GC(673) User=0.03s Sys=0.00s Real=0.01s
[2025-11-08T14:50:50.765+0000][gc,start      ] GC(674) Pause Young (Normal) (G1 Evacuation Pause)
[2025-11-08T14:50:50.766+0000][gc,task       ] GC(674) Using 2 workers of 2 for evacuation
[2025-11-08T14:50:50.781+0000][gc,phases     ] GC(674)   Pre Evacuate Collection Set: 0.0ms
[2025-11-08T14:50:50.781+0000][gc,phases     ] GC(674)   Evacuate Collection Set: 13.3ms
[2025-11-08T14:50:50.781+0000][gc,phases     ] GC(674)   Post Evacuate Collection Set: 1.2ms
[2025-11-08T14:50:50.782+0000][gc,phases     ] GC(674)   Other: 1.3ms
[2025-11-08T14:50:50.782+0000][gc,heap       ] GC(674) Eden regions: 38->0(39)
[2025-11-08T14:50:50.783+0000][gc,heap       ] GC(674) Survivor regions: 3->3(6)
[2025-11-08T14:50:50.783+0000][gc,heap       ] GC(674) Old regions: 60->60
[2025-11-08T14:50:50.784+0000][gc,heap       ] GC(674) Humongous regions: 147->147
[2025-11-08T14:50:50.784+0000][gc,metaspace  ] GC(674) Metaspace: 52266K(55472K)->52266K(55472K) NonClass: 46478K(48304K)->46478K(48304K) Class: 5787K(7168K)->5787K(7168K)
[2025-11-08T14:50:50.784+0000][gc            ] GC(674) Pause Young (Normal) (G1 Evacuation Pause) 246M->209M(667M) 19.368ms
[2025-11-08T14:50:50.785+0000][gc,cpu        ] GC(674) User=0.03s Sys=0.00s Real=0.02s
[2025-11-08T14:50:53.593+0000][gc,start      ] GC(675) Pause Young (Normal) (G1 Evacuation Pause)
[2025-11-08T14:50:53.593+0000][gc,task       ] GC(675) Using 2 workers of 2 for evacuation
[2025-11-08T14:50:53.603+0000][gc,phases     ] GC(675)   Pre Evacuate Collection Set: 0.0ms
[2025-11-08T14:50:53.603+0000][gc,phases     ] GC(675)   Evacuate Collection Set: 8.3ms
[2025-11-08T14:50:53.603+0000][gc,phases     ] GC(675)   Post Evacuate Collection Set: 0.8ms
[2025-11-08T14:50:53.604+0000][gc,phases     ] GC(675)   Other: 0.7ms
[2025-11-08T14:50:53.604+0000][gc,heap       ] GC(675) Eden regions: 39->0(43)
[2025-11-08T14:50:53.604+0000][gc,heap       ] GC(675) Survivor regions: 3->2(6)
[2025-11-08T14:50:53.604+0000][gc,heap       ] GC(675) Old regions: 60->60
[2025-11-08T14:50:53.604+0000][gc,heap       ] GC(675) Humongous regions: 147->147
[2025-11-08T14:50:53.605+0000][gc,metaspace  ] GC(675) Metaspace: 52266K(55472K)->52266K(55472K) NonClass: 46478K(48304K)->46478K(48304K) Class: 5787K(7168K)->5787K(7168K)
[2025-11-08T14:50:53.605+0000][gc            ] GC(675) Pause Young (Normal) (G1 Evacuation Pause) 248M->208M(667M) 11.907ms
[2025-11-08T14:50:53.605+0000][gc,cpu        ] GC(675) User=0.02s Sys=0.00s Real=0.01s
[2025-11-08T14:50:56.692+0000][gc,start      ] GC(676) Pause Young (Normal) (G1 Evacuation Pause)
[2025-11-08T14:50:56.692+0000][gc,task       ] GC(676) Using 2 workers of 2 for evacuation
[2025-11-08T14:50:56.703+0000][gc,phases     ] GC(676)   Pre Evacuate Collection Set: 0.0ms
[2025-11-08T14:50:56.703+0000][gc,phases     ] GC(676)   Evacuate Collection Set: 9.5ms
[2025-11-08T14:50:56.703+0000][gc,phases     ] GC(676)   Post Evacuate Collection Set: 0.8ms
[2025-11-08T14:50:56.703+0000][gc,phases     ] GC(676)   Other: 0.7ms
[2025-11-08T14:50:56.703+0000][gc,heap       ] GC(676) Eden regions: 43->0(45)
[2025-11-08T14:50:56.703+0000][gc,heap       ] GC(676) Survivor regions: 2->3(6)
[2025-11-08T14:50:56.704+0000][gc,heap       ] GC(676) Old regions: 60->60
[2025-11-08T14:50:56.704+0000][gc,heap       ] GC(676) Humongous regions: 147->147
[2025-11-08T14:50:56.704+0000][gc,metaspace  ] GC(676) Metaspace: 52266K(55472K)->52266K(55472K) NonClass: 46478K(48304K)->46478K(48304K) Class: 5787K(7168K)->5787K(7168K)
[2025-11-08T14:50:56.704+0000][gc            ] GC(676) Pause Young (Normal) (G1 Evacuation Pause) 251M->209M(667M) 12.389ms
[2025-11-08T14:50:56.704+0000][gc,cpu        ] GC(676) User=0.02s Sys=0.00s Real=0.01s
[2025-11-08T14:51:00.127+0000][gc,start      ] GC(677) Pause Young (Normal) (G1 Evacuation Pause)
[2025-11-08T14:51:00.128+0000][gc,task       ] GC(677) Using 2 workers of 2 for evacuation
[2025-11-08T14:51:00.139+0000][gc,phases     ] GC(677)   Pre Evacuate Collection Set: 0.0ms
[2025-11-08T14:51:00.140+0000][gc,phases     ] GC(677)   Evacuate Collection Set: 9.6ms
[2025-11-08T14:51:00.140+0000][gc,phases     ] GC(677)   Post Evacuate Collection Set: 1.3ms
[2025-11-08T14:51:00.140+0000][gc,phases     ] GC(677)   Other: 1.1ms
[2025-11-08T14:51:00.140+0000][gc,heap       ] GC(677) Eden regions: 45->0(48)
[2025-11-08T14:51:00.141+0000][gc,heap       ] GC(677) Survivor regions: 3->3(6)
[2025-11-08T14:51:00.141+0000][gc,heap       ] GC(677) Old regions: 60->60
[2025-11-08T14:51:00.141+0000][gc,heap       ] GC(677) Humongous regions: 147->147
[2025-11-08T14:51:00.141+0000][gc,metaspace  ] GC(677) Metaspace: 52266K(55472K)->52266K(55472K) NonClass: 46478K(48304K)->46478K(48304K) Class: 5787K(7168K)->5787K(7168K)
[2025-11-08T14:51:00.141+0000][gc            ] GC(677) Pause Young (Normal) (G1 Evacuation Pause) 254M->208M(667M) 14.018ms
[2025-11-08T14:51:00.142+0000][gc,cpu        ] GC(677) User=0.03s Sys=0.00s Real=0.01s
[2025-11-08T14:51:03.653+0000][gc,start      ] GC(678) Pause Young (Normal) (G1 Evacuation Pause)
[2025-11-08T14:51:03.654+0000][gc,task       ] GC(678) Using 2 workers of 2 for evacuation
[2025-11-08T14:51:03.665+0000][gc,phases     ] GC(678)   Pre Evacuate Collection Set: 0.0ms
[2025-11-08T14:51:03.665+0000][gc,phases     ] GC(678)   Evacuate Collection Set: 9.8ms
[2025-11-08T14:51:03.665+0000][gc,phases     ] GC(678)   Post Evacuate Collection Set: 0.9ms
[2025-11-08T14:51:03.665+0000][gc,phases     ] GC(678)   Other: 0.6ms
[2025-11-08T14:51:03.666+0000][gc,heap       ] GC(678) Eden regions: 48->0(50)
[2025-11-08T14:51:03.666+0000][gc,heap       ] GC(678) Survivor regions: 3->2(7)
[2025-11-08T14:51:03.666+0000][gc,heap       ] GC(678) Old regions: 60->60
[2025-11-08T14:51:03.666+0000][gc,heap       ] GC(678) Humongous regions: 147->147
[2025-11-08T14:51:03.666+0000][gc,metaspace  ] GC(678) Metaspace: 52266K(55472K)->52266K(55472K) NonClass: 46478K(48304K)->46478K(48304K) Class: 5787K(7168K)->5787K(7168K)
[2025-11-08T14:51:03.666+0000][gc            ] GC(678) Pause Young (Normal) (G1 Evacuation Pause) 256M->208M(667M) 13.023ms
[2025-11-08T14:51:03.667+0000][gc,cpu        ] GC(678) User=0.02s Sys=0.00s Real=0.02s
[2025-11-08T14:51:07.487+0000][gc,start      ] GC(679) Pause Young (Normal) (G1 Evacuation Pause)
[2025-11-08T14:51:07.487+0000][gc,task       ] GC(679) Using 2 workers of 2 for evacuation
[2025-11-08T14:51:07.497+0000][gc,phases     ] GC(679)   Pre Evacuate Collection Set: 0.0ms
[2025-11-08T14:51:07.498+0000][gc,phases     ] GC(679)   Evacuate Collection Set: 8.9ms
[2025-11-08T14:51:07.498+0000][gc,phases     ] GC(679)   Post Evacuate Collection Set: 0.8ms
[2025-11-08T14:51:07.498+0000][gc,phases     ] GC(679)   Other: 0.9ms
[2025-11-08T14:51:07.498+0000][gc,heap       ] GC(679) Eden regions: 50->0(53)
[2025-11-08T14:51:07.498+0000][gc,heap       ] GC(679) Survivor regions: 2->2(7)
[2025-11-08T14:51:07.499+0000][gc,heap       ] GC(679) Old regions: 60->60
[2025-11-08T14:51:07.499+0000][gc,heap       ] GC(679) Humongous regions: 147->147
[2025-11-08T14:51:07.499+0000][gc,metaspace  ] GC(679) Metaspace: 52266K(55472K)->52266K(55472K) NonClass: 46478K(48304K)->46478K(48304K) Class: 5787K(7168K)->5787K(7168K)
[2025-11-08T14:51:07.499+0000][gc            ] GC(679) Pause Young (Normal) (G1 Evacuation Pause) 258M->208M(667M) 12.189ms
[2025-11-08T14:51:07.499+0000][gc,cpu        ] GC(679) User=0.02s Sys=0.00s Real=0.01s
[2025-11-08T14:51:11.131+0000][gc,start      ] GC(680) Pause Young (Normal) (G1 Evacuation Pause)
[2025-11-08T14:51:11.132+0000][gc,task       ] GC(680) Using 2 workers of 2 for evacuation
[2025-11-08T14:51:11.143+0000][gc,phases     ] GC(680)   Pre Evacuate Collection Set: 0.0ms
[2025-11-08T14:51:11.143+0000][gc,phases     ] GC(680)   Evacuate Collection Set: 9.7ms
[2025-11-08T14:51:11.144+0000][gc,phases     ] GC(680)   Post Evacuate Collection Set: 1.2ms
[2025-11-08T14:51:11.144+0000][gc,phases     ] GC(680)   Other: 0.7ms
[2025-11-08T14:51:11.144+0000][gc,heap       ] GC(680) Eden regions: 48->0(53)
[2025-11-08T14:51:11.145+0000][gc,heap       ] GC(680) Survivor regions: 2->2(7)
[2025-11-08T14:51:11.146+0000][gc,heap       ] GC(680) Old regions: 60->60
[2025-11-08T14:51:11.147+0000][gc,heap       ] GC(680) Humongous regions: 147->147
[2025-11-08T14:51:11.147+0000][gc,metaspace  ] GC(680) Metaspace: 52266K(55472K)->52266K(55472K) NonClass: 46478K(48304K)->46478K(48304K) Class: 5787K(7168K)->5787K(7168K)
[2025-11-08T14:51:11.147+0000][gc            ] GC(680) Pause Young (Normal) (G1 Evacuation Pause) 256M->208M(667M) 15.700ms
[2025-11-08T14:51:11.147+0000][gc,cpu        ] GC(680) User=0.02s Sys=0.00s Real=0.02s
[2025-11-08T14:51:14.869+0000][gc,start      ] GC(681) Pause Young (Normal) (G1 Evacuation Pause)
[2025-11-08T14:51:14.870+0000][gc,task       ] GC(681) Using 2 workers of 2 for evacuation
[2025-11-08T14:51:14.938+0000][gc,mmu        ] GC(681) MMU target violated: 21.0ms (20.0ms/21.0ms)
[2025-11-08T14:51:14.938+0000][gc,phases     ] GC(681)   Pre Evacuate Collection Set: 0.0ms
[2025-11-08T14:51:14.938+0000][gc,phases     ] GC(681)   Evacuate Collection Set: 57.2ms
[2025-11-08T14:51:14.938+0000][gc,phases     ] GC(681)   Post Evacuate Collection Set: 10.4ms
[2025-11-08T14:51:14.939+0000][gc,phases     ] GC(681)   Other: 1.6ms
[2025-11-08T14:51:14.939+0000][gc,heap       ] GC(681) Eden regions: 49->0(49)
[2025-11-08T14:51:14.939+0000][gc,heap       ] GC(681) Survivor regions: 2->4(7)
[2025-11-08T14:51:14.939+0000][gc,heap       ] GC(681) Old regions: 60->60
[2025-11-08T14:51:14.940+0000][gc,heap       ] GC(681) Humongous regions: 147->147
[2025-11-08T14:51:14.940+0000][gc,metaspace  ] GC(681) Metaspace: 52266K(55472K)->52266K(55472K) NonClass: 46478K(48304K)->46478K(48304K) Class: 5787K(7168K)->5787K(7168K)
[2025-11-08T14:51:14.940+0000][gc            ] GC(681) Pause Young (Normal) (G1 Evacuation Pause) 257M->210M(667M) 71.588ms
[2025-11-08T14:51:14.940+0000][gc,cpu        ] GC(681) User=0.02s Sys=0.00s Real=0.07s
[2025-11-08T14:51:17.632+0000][gc,start      ] GC(682) Pause Young (Normal) (G1 Evacuation Pause)
[2025-11-08T14:51:17.633+0000][gc,task       ] GC(682) Using 2 workers of 2 for evacuation
[2025-11-08T14:51:17.644+0000][gc,phases     ] GC(682)   Pre Evacuate Collection Set: 0.0ms
[2025-11-08T14:51:17.645+0000][gc,phases     ] GC(682)   Evacuate Collection Set: 10.0ms
[2025-11-08T14:51:17.645+0000][gc,phases     ] GC(682)   Post Evacuate Collection Set: 0.9ms
[2025-11-08T14:51:17.645+0000][gc,phases     ] GC(682)   Other: 0.9ms
[2025-11-08T14:51:17.645+0000][gc,heap       ] GC(682) Eden regions: 37->0(50)
[2025-11-08T14:51:17.646+0000][gc,heap       ] GC(682) Survivor regions: 4->2(6)
[2025-11-08T14:51:17.646+0000][gc,heap       ] GC(682) Old regions: 60->61
[2025-11-08T14:51:17.646+0000][gc,heap       ] GC(682) Humongous regions: 147->147
[2025-11-08T14:51:17.646+0000][gc,metaspace  ] GC(682) Metaspace: 52266K(55472K)->52266K(55472K) NonClass: 46478K(48304K)->46478K(48304K) Class: 5787K(7168K)->5787K(7168K)
[2025-11-08T14:51:17.647+0000][gc            ] GC(682) Pause Young (Normal) (G1 Evacuation Pause) 247M->208M(667M) 14.083ms
[2025-11-08T14:51:17.647+0000][gc,cpu        ] GC(682) User=0.03s Sys=0.00s Real=0.02s
[2025-11-08T14:51:21.237+0000][gc,start      ] GC(683) Pause Young (Normal) (G1 Evacuation Pause)
[2025-11-08T14:51:21.238+0000][gc,task       ] GC(683) Using 2 workers of 2 for evacuation
[2025-11-08T14:51:21.248+0000][gc,phases     ] GC(683)   Pre Evacuate Collection Set: 0.0ms
[2025-11-08T14:51:21.249+0000][gc,phases     ] GC(683)   Evacuate Collection Set: 9.1ms
[2025-11-08T14:51:21.249+0000][gc,phases     ] GC(683)   Post Evacuate Collection Set: 1.0ms
[2025-11-08T14:51:21.249+0000][gc,phases     ] GC(683)   Other: 0.9ms
[2025-11-08T14:51:21.249+0000][gc,heap       ] GC(683) Eden regions: 50->0(53)
[2025-11-08T14:51:21.250+0000][gc,heap       ] GC(683) Survivor regions: 2->2(7)
[2025-11-08T14:51:21.250+0000][gc,heap       ] GC(683) Old regions: 61->61
[2025-11-08T14:51:21.250+0000][gc,heap       ] GC(683) Humongous regions: 147->147
[2025-11-08T14:51:21.250+0000][gc,metaspace  ] GC(683) Metaspace: 52266K(55472K)->52266K(55472K) NonClass: 46478K(48304K)->46478K(48304K) Class: 5787K(7168K)->5787K(7168K)
[2025-11-08T14:51:21.251+0000][gc            ] GC(683) Pause Young (Normal) (G1 Evacuation Pause) 258M->208M(667M) 13.126ms
[2025-11-08T14:51:21.251+0000][gc,cpu        ] GC(683) User=0.02s Sys=0.00s Real=0.01s
[2025-11-08T14:51:25.147+0000][gc,start      ] GC(684) Pause Young (Normal) (G1 Evacuation Pause)
[2025-11-08T14:51:25.148+0000][gc,task       ] GC(684) Using 2 workers of 2 for evacuation
[2025-11-08T14:51:25.159+0000][gc,phases     ] GC(684)   Pre Evacuate Collection Set: 0.0ms
[2025-11-08T14:51:25.159+0000][gc,phases     ] GC(684)   Evacuate Collection Set: 10.0ms
[2025-11-08T14:51:25.160+0000][gc,phases     ] GC(684)   Post Evacuate Collection Set: 0.8ms
[2025-11-08T14:51:25.160+0000][gc,phases     ] GC(684)   Other: 0.9ms
[2025-11-08T14:51:25.160+0000][gc,heap       ] GC(684) Eden regions: 53->0(55)
[2025-11-08T14:51:25.160+0000][gc,heap       ] GC(684) Survivor regions: 2->2(7)
[2025-11-08T14:51:25.161+0000][gc,heap       ] GC(684) Old regions: 61->61
[2025-11-08T14:51:25.161+0000][gc,heap       ] GC(684) Humongous regions: 147->147
[2025-11-08T14:51:25.161+0000][gc,metaspace  ] GC(684) Metaspace: 52266K(55472K)->52266K(55472K) NonClass: 46478K(48304K)->46478K(48304K) Class: 5787K(7168K)->5787K(7168K)
[2025-11-08T14:51:25.161+0000][gc            ] GC(684) Pause Young (Normal) (G1 Evacuation Pause) 261M->209M(667M) 13.986ms
[2025-11-08T14:51:25.162+0000][gc,cpu        ] GC(684) User=0.02s Sys=0.00s Real=0.01s
[2025-11-08T14:51:28.757+0000][gc,start      ] GC(685) Pause Young (Normal) (G1 Evacuation Pause)
[2025-11-08T14:51:28.757+0000][gc,task       ] GC(685) Using 2 workers of 2 for evacuation
[2025-11-08T14:51:28.767+0000][gc,phases     ] GC(685)   Pre Evacuate Collection Set: 0.0ms
[2025-11-08T14:51:28.767+0000][gc,phases     ] GC(685)   Evacuate Collection Set: 8.5ms
[2025-11-08T14:51:28.768+0000][gc,phases     ] GC(685)   Post Evacuate Collection Set: 0.9ms
[2025-11-08T14:51:28.768+0000][gc,phases     ] GC(685)   Other: 0.7ms
[2025-11-08T14:51:28.768+0000][gc,heap       ] GC(685) Eden regions: 49->0(56)
[2025-11-08T14:51:28.768+0000][gc,heap       ] GC(685) Survivor regions: 2->2(7)
[2025-11-08T14:51:28.769+0000][gc,heap       ] GC(685) Old regions: 61->61
[2025-11-08T14:51:28.769+0000][gc,heap       ] GC(685) Humongous regions: 147->147
[2025-11-08T14:51:28.769+0000][gc,metaspace  ] GC(685) Metaspace: 52266K(55472K)->52266K(55472K) NonClass: 46478K(48304K)->46478K(48304K) Class: 5787K(7168K)->5787K(7168K)
[2025-11-08T14:51:28.769+0000][gc            ] GC(685) Pause Young (Normal) (G1 Evacuation Pause) 258M->208M(667M) 12.290ms
[2025-11-08T14:51:28.770+0000][gc,cpu        ] GC(685) User=0.01s Sys=0.00s Real=0.01s
[2025-11-08T14:51:32.640+0000][gc,start      ] GC(686) Pause Young (Normal) (G1 Evacuation Pause)
[2025-11-08T14:51:32.640+0000][gc,task       ] GC(686) Using 2 workers of 2 for evacuation
[2025-11-08T14:51:32.651+0000][gc,phases     ] GC(686)   Pre Evacuate Collection Set: 0.0ms
[2025-11-08T14:51:32.651+0000][gc,phases     ] GC(686)   Evacuate Collection Set: 9.3ms
[2025-11-08T14:51:32.651+0000][gc,phases     ] GC(686)   Post Evacuate Collection Set: 0.8ms
[2025-11-08T14:51:32.651+0000][gc,phases     ] GC(686)   Other: 0.8ms
[2025-11-08T14:51:32.652+0000][gc,heap       ] GC(686) Eden regions: 51->0(57)
[2025-11-08T14:51:32.652+0000][gc,heap       ] GC(686) Survivor regions: 2->2(7)
[2025-11-08T14:51:32.652+0000][gc,heap       ] GC(686) Old regions: 61->61
[2025-11-08T14:51:32.652+0000][gc,heap       ] GC(686) Humongous regions: 147->147
[2025-11-08T14:51:32.652+0000][gc,metaspace  ] GC(686) Metaspace: 52266K(55472K)->52266K(55472K) NonClass: 46478K(48304K)->46478K(48304K) Class: 5787K(7168K)->5787K(7168K)
[2025-11-08T14:51:32.653+0000][gc            ] GC(686) Pause Young (Normal) (G1 Evacuation Pause) 259M->209M(667M) 12.734ms
[2025-11-08T14:51:32.653+0000][gc,cpu        ] GC(686) User=0.02s Sys=0.00s Real=0.01s
[2025-11-08T14:51:36.409+0000][gc,start      ] GC(687) Pause Young (Normal) (G1 Evacuation Pause)
[2025-11-08T14:51:36.410+0000][gc,task       ] GC(687) Using 2 workers of 2 for evacuation
[2025-11-08T14:51:36.424+0000][gc,phases     ] GC(687)   Pre Evacuate Collection Set: 0.0ms
[2025-11-08T14:51:36.425+0000][gc,phases     ] GC(687)   Evacuate Collection Set: 12.8ms
[2025-11-08T14:51:36.425+0000][gc,phases     ] GC(687)   Post Evacuate Collection Set: 0.8ms
[2025-11-08T14:51:36.425+0000][gc,phases     ] GC(687)   Other: 1.3ms
[2025-11-08T14:51:36.425+0000][gc,heap       ] GC(687) Eden regions: 52->0(56)
[2025-11-08T14:51:36.426+0000][gc,heap       ] GC(687) Survivor regions: 2->3(7)
[2025-11-08T14:51:36.426+0000][gc,heap       ] GC(687) Old regions: 61->61
[2025-11-08T14:51:36.426+0000][gc,heap       ] GC(687) Humongous regions: 147->147
[2025-11-08T14:51:36.426+0000][gc,metaspace  ] GC(687) Metaspace: 52266K(55472K)->52266K(55472K) NonClass: 46478K(48304K)->46478K(48304K) Class: 5787K(7168K)->5787K(7168K)
[2025-11-08T14:51:36.426+0000][gc            ] GC(687) Pause Young (Normal) (G1 Evacuation Pause) 261M->209M(667M) 17.060ms
[2025-11-08T14:51:36.427+0000][gc,cpu        ] GC(687) User=0.03s Sys=0.00s Real=0.02s
[2025-11-08T14:51:40.348+0000][gc,start      ] GC(688) Pause Young (Normal) (G1 Evacuation Pause)
[2025-11-08T14:51:40.348+0000][gc,task       ] GC(688) Using 2 workers of 2 for evacuation
[2025-11-08T14:51:40.366+0000][gc,phases     ] GC(688)   Pre Evacuate Collection Set: 0.0ms
[2025-11-08T14:51:40.367+0000][gc,phases     ] GC(688)   Evacuate Collection Set: 16.4ms
[2025-11-08T14:51:40.367+0000][gc,phases     ] GC(688)   Post Evacuate Collection Set: 1.4ms
[2025-11-08T14:51:40.367+0000][gc,phases     ] GC(688)   Other: 0.9ms
[2025-11-08T14:51:40.367+0000][gc,heap       ] GC(688) Eden regions: 52->0(55)
[2025-11-08T14:51:40.368+0000][gc,heap       ] GC(688) Survivor regions: 3->3(7)
[2025-11-08T14:51:40.368+0000][gc,heap       ] GC(688) Old regions: 61->61
[2025-11-08T14:51:40.368+0000][gc,heap       ] GC(688) Humongous regions: 147->147
[2025-11-08T14:51:40.369+0000][gc,metaspace  ] GC(688) Metaspace: 52266K(55472K)->52266K(55472K) NonClass: 46478K(48304K)->46478K(48304K) Class: 5787K(7168K)->5787K(7168K)
[2025-11-08T14:51:40.369+0000][gc            ] GC(688) Pause Young (Normal) (G1 Evacuation Pause) 261M->209M(667M) 21.575ms
[2025-11-08T14:51:40.369+0000][gc,cpu        ] GC(688) User=0.03s Sys=0.00s Real=0.02s
[2025-11-08T14:51:44.041+0000][gc,start      ] GC(689) Pause Young (Normal) (G1 Evacuation Pause)
[2025-11-08T14:51:44.042+0000][gc,task       ] GC(689) Using 2 workers of 2 for evacuation
[2025-11-08T14:51:44.110+0000][gc,mmu        ] GC(689) MMU target violated: 21.0ms (20.0ms/21.0ms)
[2025-11-08T14:51:44.121+0000][gc,phases     ] GC(689)   Pre Evacuate Collection Set: 0.0ms
[2025-11-08T14:51:44.125+0000][gc,phases     ] GC(689)   Evacuate Collection Set: 65.3ms
[2025-11-08T14:51:44.125+0000][gc,phases     ] GC(689)   Post Evacuate Collection Set: 2.6ms
[2025-11-08T14:51:44.126+0000][gc,phases     ] GC(689)   Other: 12.7ms
[2025-11-08T14:51:44.126+0000][gc,heap       ] GC(689) Eden regions: 49->0(30)
[2025-11-08T14:51:44.127+0000][gc,heap       ] GC(689) Survivor regions: 3->3(7)
[2025-11-08T14:51:44.127+0000][gc,heap       ] GC(689) Old regions: 61->61
[2025-11-08T14:51:44.128+0000][gc,heap       ] GC(689) Humongous regions: 147->147
[2025-11-08T14:51:44.128+0000][gc,metaspace  ] GC(689) Metaspace: 52266K(55472K)->52266K(55472K) NonClass: 46478K(48304K)->46478K(48304K) Class: 5787K(7168K)->5787K(7168K)
[2025-11-08T14:51:44.128+0000][gc            ] GC(689) Pause Young (Normal) (G1 Evacuation Pause) 258M->209M(667M) 87.238ms
[2025-11-08T14:51:44.128+0000][gc,cpu        ] GC(689) User=0.09s Sys=0.03s Real=0.09s
[2025-11-08T14:51:46.520+0000][gc,start      ] GC(690) Pause Young (Normal) (G1 Evacuation Pause)
[2025-11-08T14:51:46.521+0000][gc,task       ] GC(690) Using 2 workers of 2 for evacuation
[2025-11-08T14:51:46.542+0000][gc,mmu        ] GC(690) MMU target violated: 20.8ms (20.0ms/21.0ms)
[2025-11-08T14:51:46.542+0000][gc,phases     ] GC(690)   Pre Evacuate Collection Set: 0.0ms
[2025-11-08T14:51:46.542+0000][gc,phases     ] GC(690)   Evacuate Collection Set: 19.3ms
[2025-11-08T14:51:46.543+0000][gc,phases     ] GC(690)   Post Evacuate Collection Set: 1.1ms
[2025-11-08T14:51:46.543+0000][gc,phases     ] GC(690)   Other: 1.4ms
[2025-11-08T14:51:46.543+0000][gc,heap       ] GC(690) Eden regions: 30->0(29)
[2025-11-08T14:51:46.544+0000][gc,heap       ] GC(690) Survivor regions: 3->4(5)
[2025-11-08T14:51:46.544+0000][gc,heap       ] GC(690) Old regions: 61->61
[2025-11-08T14:51:46.544+0000][gc,heap       ] GC(690) Humongous regions: 147->147
[2025-11-08T14:51:46.544+0000][gc,metaspace  ] GC(690) Metaspace: 52266K(55472K)->52266K(55472K) NonClass: 46478K(48304K)->46478K(48304K) Class: 5787K(7168K)->5787K(7168K)
[2025-11-08T14:51:46.545+0000][gc            ] GC(690) Pause Young (Normal) (G1 Evacuation Pause) 239M->211M(667M) 24.382ms
[2025-11-08T14:51:46.545+0000][gc,cpu        ] GC(690) User=0.04s Sys=0.00s Real=0.02s
[2025-11-08T14:51:48.638+0000][gc,start      ] GC(691) Pause Young (Normal) (G1 Evacuation Pause)
[2025-11-08T14:51:48.639+0000][gc,task       ] GC(691) Using 2 workers of 2 for evacuation
[2025-11-08T14:51:48.654+0000][gc,phases     ] GC(691)   Pre Evacuate Collection Set: 0.0ms
[2025-11-08T14:51:48.655+0000][gc,phases     ] GC(691)   Evacuate Collection Set: 13.3ms
[2025-11-08T14:51:48.655+0000][gc,phases     ] GC(691)   Post Evacuate Collection Set: 1.2ms
[2025-11-08T14:51:48.655+0000][gc,phases     ] GC(691)   Other: 1.4ms
[2025-11-08T14:51:48.656+0000][gc,heap       ] GC(691) Eden regions: 29->0(31)
[2025-11-08T14:51:48.656+0000][gc,heap       ] GC(691) Survivor regions: 4->2(5)
[2025-11-08T14:51:48.656+0000][gc,heap       ] GC(691) Old regions: 61->62
[2025-11-08T14:51:48.657+0000][gc,heap       ] GC(691) Humongous regions: 147->147
[2025-11-08T14:51:48.657+0000][gc,metaspace  ] GC(691) Metaspace: 52266K(55472K)->52266K(55472K) NonClass: 46478K(48304K)->46478K(48304K) Class: 5787K(7168K)->5787K(7168K)
[2025-11-08T14:51:48.657+0000][gc            ] GC(691) Pause Young (Normal) (G1 Evacuation Pause) 240M->210M(667M) 18.853ms
[2025-11-08T14:51:48.657+0000][gc,cpu        ] GC(691) User=0.03s Sys=0.00s Real=0.02s
[2025-11-08T14:51:50.941+0000][gc,start      ] GC(692) Pause Young (Normal) (G1 Evacuation Pause)
[2025-11-08T14:51:50.942+0000][gc,task       ] GC(692) Using 2 workers of 2 for evacuation
[2025-11-08T14:51:50.956+0000][gc,phases     ] GC(692)   Pre Evacuate Collection Set: 0.0ms
[2025-11-08T14:51:50.957+0000][gc,phases     ] GC(692)   Evacuate Collection Set: 10.6ms
[2025-11-08T14:51:50.957+0000][gc,phases     ] GC(692)   Post Evacuate Collection Set: 1.6ms
[2025-11-08T14:51:50.958+0000][gc,phases     ] GC(692)   Other: 3.2ms
[2025-11-08T14:51:50.958+0000][gc,heap       ] GC(692) Eden regions: 31->0(31)
[2025-11-08T14:51:50.959+0000][gc,heap       ] GC(692) Survivor regions: 2->2(5)
[2025-11-08T14:51:50.959+0000][gc,heap       ] GC(692) Old regions: 62->62
[2025-11-08T14:51:50.959+0000][gc,heap       ] GC(692) Humongous regions: 147->147
[2025-11-08T14:51:50.959+0000][gc,metaspace  ] GC(692) Metaspace: 52266K(55472K)->52266K(55472K) NonClass: 46478K(48304K)->46478K(48304K) Class: 5787K(7168K)->5787K(7168K)
[2025-11-08T14:51:50.960+0000][gc            ] GC(692) Pause Young (Normal) (G1 Evacuation Pause) 241M->210M(667M) 19.107ms
[2025-11-08T14:51:50.960+0000][gc,cpu        ] GC(692) User=0.02s Sys=0.00s Real=0.02s
[2025-11-08T14:51:53.232+0000][gc,start      ] GC(693) Pause Young (Normal) (G1 Evacuation Pause)
[2025-11-08T14:51:53.233+0000][gc,task       ] GC(693) Using 2 workers of 2 for evacuation
[2025-11-08T14:51:53.248+0000][gc,phases     ] GC(693)   Pre Evacuate Collection Set: 0.0ms
[2025-11-08T14:51:53.249+0000][gc,phases     ] GC(693)   Evacuate Collection Set: 12.8ms
[2025-11-08T14:51:53.250+0000][gc,phases     ] GC(693)   Post Evacuate Collection Set: 1.5ms
[2025-11-08T14:51:53.251+0000][gc,phases     ] GC(693)   Other: 1.4ms
[2025-11-08T14:51:53.251+0000][gc,heap       ] GC(693) Eden regions: 31->0(31)
[2025-11-08T14:51:53.252+0000][gc,heap       ] GC(693) Survivor regions: 2->2(5)
[2025-11-08T14:51:53.252+0000][gc,heap       ] GC(693) Old regions: 62->62
[2025-11-08T14:51:53.253+0000][gc,heap       ] GC(693) Humongous regions: 147->147
[2025-11-08T14:51:53.253+0000][gc,metaspace  ] GC(693) Metaspace: 52266K(55472K)->52266K(55472K) NonClass: 46478K(48304K)->46478K(48304K) Class: 5787K(7168K)->5787K(7168K)
[2025-11-08T14:51:53.254+0000][gc            ] GC(693) Pause Young (Normal) (G1 Evacuation Pause) 241M->210M(667M) 21.091ms
[2025-11-08T14:51:53.255+0000][gc,cpu        ] GC(693) User=0.03s Sys=0.00s Real=0.02s
[2025-11-08T14:51:55.846+0000][gc,start      ] GC(694) Pause Young (Normal) (G1 Evacuation Pause)
[2025-11-08T14:51:55.847+0000][gc,task       ] GC(694) Using 2 workers of 2 for evacuation
[2025-11-08T14:51:55.860+0000][gc,phases     ] GC(694)   Pre Evacuate Collection Set: 0.0ms
[2025-11-08T14:51:55.861+0000][gc,phases     ] GC(694)   Evacuate Collection Set: 11.6ms
[2025-11-08T14:51:55.861+0000][gc,phases     ] GC(694)   Post Evacuate Collection Set: 1.4ms
[2025-11-08T14:51:55.861+0000][gc,phases     ] GC(694)   Other: 1.0ms
[2025-11-08T14:51:55.862+0000][gc,heap       ] GC(694) Eden regions: 31->0(31)
[2025-11-08T14:51:55.862+0000][gc,heap       ] GC(694) Survivor regions: 2->2(5)
[2025-11-08T14:51:55.862+0000][gc,heap       ] GC(694) Old regions: 62->62
[2025-11-08T14:51:55.862+0000][gc,heap       ] GC(694) Humongous regions: 147->147
[2025-11-08T14:51:55.863+0000][gc,metaspace  ] GC(694) Metaspace: 52266K(55472K)->52266K(55472K) NonClass: 46478K(48304K)->46478K(48304K) Class: 5787K(7168K)->5787K(7168K)
[2025-11-08T14:51:55.863+0000][gc            ] GC(694) Pause Young (Normal) (G1 Evacuation Pause) 241M->209M(667M) 16.626ms
[2025-11-08T14:51:55.863+0000][gc,cpu        ] GC(694) User=0.03s Sys=0.00s Real=0.01s
[2025-11-08T14:51:58.351+0000][gc,start      ] GC(695) Pause Young (Normal) (G1 Evacuation Pause)
[2025-11-08T14:51:58.351+0000][gc,task       ] GC(695) Using 2 workers of 2 for evacuation
[2025-11-08T14:51:58.376+0000][gc,mmu        ] GC(695) MMU target violated: 21.0ms (20.0ms/21.0ms)
[2025-11-08T14:51:58.376+0000][gc,phases     ] GC(695)   Pre Evacuate Collection Set: 0.0ms
[2025-11-08T14:51:58.377+0000][gc,phases     ] GC(695)   Evacuate Collection Set: 20.7ms
[2025-11-08T14:51:58.377+0000][gc,phases     ] GC(695)   Post Evacuate Collection Set: 3.2ms
[2025-11-08T14:51:58.378+0000][gc,phases     ] GC(695)   Other: 1.5ms
[2025-11-08T14:51:58.378+0000][gc,heap       ] GC(695) Eden regions: 31->0(30)
[2025-11-08T14:51:58.379+0000][gc,heap       ] GC(695) Survivor regions: 2->3(5)
[2025-11-08T14:51:58.379+0000][gc,heap       ] GC(695) Old regions: 62->62
[2025-11-08T14:51:58.380+0000][gc,heap       ] GC(695) Humongous regions: 147->147
[2025-11-08T14:51:58.380+0000][gc,metaspace  ] GC(695) Metaspace: 52266K(55472K)->52266K(55472K) NonClass: 46478K(48304K)->46478K(48304K) Class: 5787K(7168K)->5787K(7168K)
[2025-11-08T14:51:58.380+0000][gc            ] GC(695) Pause Young (Normal) (G1 Evacuation Pause) 240M->211M(667M) 29.336ms
[2025-11-08T14:51:58.381+0000][gc,cpu        ] GC(695) User=0.04s Sys=0.00s Real=0.03s
[2025-11-08T14:52:00.717+0000][gc,start      ] GC(696) Pause Young (Normal) (G1 Evacuation Pause)
[2025-11-08T14:52:00.718+0000][gc,task       ] GC(696) Using 2 workers of 2 for evacuation
[2025-11-08T14:52:00.735+0000][gc,phases     ] GC(696)   Pre Evacuate Collection Set: 0.0ms
[2025-11-08T14:52:00.736+0000][gc,phases     ] GC(696)   Evacuate Collection Set: 14.9ms
[2025-11-08T14:52:00.736+0000][gc,phases     ] GC(696)   Post Evacuate Collection Set: 1.4ms
[2025-11-08T14:52:00.737+0000][gc,phases     ] GC(696)   Other: 1.0ms
[2025-11-08T14:52:00.737+0000][gc,heap       ] GC(696) Eden regions: 30->0(30)
[2025-11-08T14:52:00.737+0000][gc,heap       ] GC(696) Survivor regions: 3->3(5)
[2025-11-08T14:52:00.737+0000][gc,heap       ] GC(696) Old regions: 62->62
[2025-11-08T14:52:00.738+0000][gc,heap       ] GC(696) Humongous regions: 147->147
[2025-11-08T14:52:00.739+0000][gc,metaspace  ] GC(696) Metaspace: 52266K(55472K)->52266K(55472K) NonClass: 46478K(48304K)->46478K(48304K) Class: 5787K(7168K)->5787K(7168K)
[2025-11-08T14:52:00.739+0000][gc            ] GC(696) Pause Young (Normal) (G1 Evacuation Pause) 241M->210M(667M) 21.341ms
[2025-11-08T14:52:00.739+0000][gc,cpu        ] GC(696) User=0.03s Sys=0.00s Real=0.02s
[2025-11-08T14:52:03.076+0000][gc,start      ] GC(697) Pause Young (Normal) (G1 Evacuation Pause)
[2025-11-08T14:52:03.077+0000][gc,task       ] GC(697) Using 2 workers of 2 for evacuation
[2025-11-08T14:52:03.089+0000][gc,phases     ] GC(697)   Pre Evacuate Collection Set: 0.0ms
[2025-11-08T14:52:03.089+0000][gc,phases     ] GC(697)   Evacuate Collection Set: 10.3ms
[2025-11-08T14:52:03.090+0000][gc,phases     ] GC(697)   Post Evacuate Collection Set: 1.2ms
[2025-11-08T14:52:03.090+0000][gc,phases     ] GC(697)   Other: 1.3ms
[2025-11-08T14:52:03.090+0000][gc,heap       ] GC(697) Eden regions: 30->0(33)
[2025-11-08T14:52:03.091+0000][gc,heap       ] GC(697) Survivor regions: 3->2(5)
[2025-11-08T14:52:03.091+0000][gc,heap       ] GC(697) Old regions: 62->62
[2025-11-08T14:52:03.091+0000][gc,heap       ] GC(697) Humongous regions: 147->147
[2025-11-08T14:52:03.092+0000][gc,metaspace  ] GC(697) Metaspace: 52266K(55472K)->52266K(55472K) NonClass: 46478K(48304K)->46478K(48304K) Class: 5787K(7168K)->5787K(7168K)
[2025-11-08T14:52:03.092+0000][gc            ] GC(697) Pause Young (Normal) (G1 Evacuation Pause) 240M->210M(667M) 15.709ms
[2025-11-08T14:52:03.092+0000][gc,cpu        ] GC(697) User=0.03s Sys=0.00s Real=0.01s
[2025-11-08T14:52:05.617+0000][gc,start      ] GC(698) Pause Young (Normal) (G1 Evacuation Pause)
[2025-11-08T14:52:05.619+0000][gc,task       ] GC(698) Using 2 workers of 2 for evacuation
[2025-11-08T14:52:05.634+0000][gc,phases     ] GC(698)   Pre Evacuate Collection Set: 0.0ms
[2025-11-08T14:52:05.635+0000][gc,phases     ] GC(698)   Evacuate Collection Set: 13.4ms
[2025-11-08T14:52:05.635+0000][gc,phases     ] GC(698)   Post Evacuate Collection Set: 1.3ms
[2025-11-08T14:52:05.635+0000][gc,phases     ] GC(698)   Other: 2.3ms
[2025-11-08T14:52:05.636+0000][gc,heap       ] GC(698) Eden regions: 31->0(33)
[2025-11-08T14:52:05.636+0000][gc,heap       ] GC(698) Survivor regions: 2->2(5)
[2025-11-08T14:52:05.637+0000][gc,heap       ] GC(698) Old regions: 62->62
[2025-11-08T14:52:05.637+0000][gc,heap       ] GC(698) Humongous regions: 147->147
[2025-11-08T14:52:05.637+0000][gc,metaspace  ] GC(698) Metaspace: 52266K(55472K)->52266K(55472K) NonClass: 46478K(48304K)->46478K(48304K) Class: 5787K(7168K)->5787K(7168K)
[2025-11-08T14:52:05.638+0000][gc            ] GC(698) Pause Young (Normal) (G1 Evacuation Pause) 241M->210M(667M) 20.568ms
[2025-11-08T14:52:05.638+0000][gc,cpu        ] GC(698) User=0.03s Sys=0.00s Real=0.02s
[2025-11-08T14:52:08.095+0000][gc,start      ] GC(699) Pause Young (Normal) (G1 Evacuation Pause)
[2025-11-08T14:52:08.096+0000][gc,task       ] GC(699) Using 2 workers of 2 for evacuation
[2025-11-08T14:52:08.108+0000][gc,phases     ] GC(699)   Pre Evacuate Collection Set: 0.0ms
[2025-11-08T14:52:08.108+0000][gc,phases     ] GC(699)   Evacuate Collection Set: 9.9ms
[2025-11-08T14:52:08.108+0000][gc,phases     ] GC(699)   Post Evacuate Collection Set: 1.0ms
[2025-11-08T14:52:08.109+0000][gc,phases     ] GC(699)   Other: 1.1ms
[2025-11-08T14:52:08.109+0000][gc,heap       ] GC(699) Eden regions: 31->0(35)
[2025-11-08T14:52:08.109+0000][gc,heap       ] GC(699) Survivor regions: 2->2(5)
[2025-11-08T14:52:08.109+0000][gc,heap       ] GC(699) Old regions: 62->62
[2025-11-08T14:52:08.110+0000][gc,heap       ] GC(699) Humongous regions: 147->147
[2025-11-08T14:52:08.110+0000][gc,metaspace  ] GC(699) Metaspace: 52267K(55472K)->52267K(55472K) NonClass: 46479K(48304K)->46479K(48304K) Class: 5787K(7168K)->5787K(7168K)
[2025-11-08T14:52:08.110+0000][gc            ] GC(699) Pause Young (Normal) (G1 Evacuation Pause) 241M->209M(667M) 14.924ms
[2025-11-08T14:52:08.111+0000][gc,cpu        ] GC(699) User=0.03s Sys=0.00s Real=0.02s
[2025-11-08T14:52:11.215+0000][gc,start      ] GC(700) Pause Young (Normal) (G1 Evacuation Pause)
[2025-11-08T14:52:11.216+0000][gc,task       ] GC(700) Using 2 workers of 2 for evacuation
[2025-11-08T14:52:11.238+0000][gc,mmu        ] GC(700) MMU target violated: 20.7ms (20.0ms/21.0ms)
[2025-11-08T14:52:11.239+0000][gc,phases     ] GC(700)   Pre Evacuate Collection Set: 0.0ms
[2025-11-08T14:52:11.239+0000][gc,phases     ] GC(700)   Evacuate Collection Set: 18.0ms
[2025-11-08T14:52:11.239+0000][gc,phases     ] GC(700)   Post Evacuate Collection Set: 2.2ms
[2025-11-08T14:52:11.240+0000][gc,phases     ] GC(700)   Other: 3.2ms
[2025-11-08T14:52:11.240+0000][gc,heap       ] GC(700) Eden regions: 35->0(34)
[2025-11-08T14:52:11.241+0000][gc,heap       ] GC(700) Survivor regions: 2->2(5)
[2025-11-08T14:52:11.241+0000][gc,heap       ] GC(700) Old regions: 62->62
[2025-11-08T14:52:11.241+0000][gc,heap       ] GC(700) Humongous regions: 147->147
[2025-11-08T14:52:11.242+0000][gc,metaspace  ] GC(700) Metaspace: 52267K(55472K)->52267K(55472K) NonClass: 46479K(48304K)->46479K(48304K) Class: 5787K(7168K)->5787K(7168K)
[2025-11-08T14:52:11.242+0000][gc            ] GC(700) Pause Young (Normal) (G1 Evacuation Pause) 244M->210M(667M) 27.119ms
[2025-11-08T14:52:11.243+0000][gc,cpu        ] GC(700) User=0.04s Sys=0.00s Real=0.03s
[2025-11-08T14:52:13.667+0000][gc,start      ] GC(701) Pause Young (Normal) (G1 Evacuation Pause)
[2025-11-08T14:52:13.667+0000][gc,task       ] GC(701) Using 2 workers of 2 for evacuation
[2025-11-08T14:52:13.683+0000][gc,phases     ] GC(701)   Pre Evacuate Collection Set: 0.0ms
[2025-11-08T14:52:13.684+0000][gc,phases     ] GC(701)   Evacuate Collection Set: 13.9ms
[2025-11-08T14:52:13.684+0000][gc,phases     ] GC(701)   Post Evacuate Collection Set: 1.2ms
[2025-11-08T14:52:13.685+0000][gc,phases     ] GC(701)   Other: 1.5ms
[2025-11-08T14:52:13.685+0000][gc,heap       ] GC(701) Eden regions: 31->0(32)
[2025-11-08T14:52:13.686+0000][gc,heap       ] GC(701) Survivor regions: 2->3(5)
[2025-11-08T14:52:13.686+0000][gc,heap       ] GC(701) Old regions: 62->62
[2025-11-08T14:52:13.686+0000][gc,heap       ] GC(701) Humongous regions: 147->147
[2025-11-08T14:52:13.687+0000][gc,metaspace  ] GC(701) Metaspace: 52267K(55472K)->52267K(55472K) NonClass: 46479K(48304K)->46479K(48304K) Class: 5787K(7168K)->5787K(7168K)
[2025-11-08T14:52:13.687+0000][gc            ] GC(701) Pause Young (Normal) (G1 Evacuation Pause) 241M->211M(667M) 20.238ms
[2025-11-08T14:52:13.687+0000][gc,cpu        ] GC(701) User=0.03s Sys=0.00s Real=0.02s
[2025-11-08T14:52:16.155+0000][gc,start      ] GC(702) Pause Young (Normal) (G1 Evacuation Pause)
[2025-11-08T14:52:16.156+0000][gc,task       ] GC(702) Using 2 workers of 2 for evacuation
[2025-11-08T14:52:16.171+0000][gc,phases     ] GC(702)   Pre Evacuate Collection Set: 0.0ms
[2025-11-08T14:52:16.171+0000][gc,phases     ] GC(702)   Evacuate Collection Set: 13.0ms
[2025-11-08T14:52:16.171+0000][gc,phases     ] GC(702)   Post Evacuate Collection Set: 0.9ms
[2025-11-08T14:52:16.172+0000][gc,phases     ] GC(702)   Other: 1.4ms
[2025-11-08T14:52:16.172+0000][gc,heap       ] GC(702) Eden regions: 30->0(33)
[2025-11-08T14:52:16.173+0000][gc,heap       ] GC(702) Survivor regions: 3->3(5)
[2025-11-08T14:52:16.173+0000][gc,heap       ] GC(702) Old regions: 62->63
[2025-11-08T14:52:16.173+0000][gc,heap       ] GC(702) Humongous regions: 147->147
[2025-11-08T14:52:16.174+0000][gc,metaspace  ] GC(702) Metaspace: 52267K(55472K)->52267K(55472K) NonClass: 46479K(48304K)->46479K(48304K) Class: 5787K(7168K)->5787K(7168K)
[2025-11-08T14:52:16.174+0000][gc            ] GC(702) Pause Young (Normal) (G1 Evacuation Pause) 241M->211M(667M) 18.583ms
[2025-11-08T14:52:16.174+0000][gc,cpu        ] GC(702) User=0.02s Sys=0.00s Real=0.02s
[2025-11-08T14:52:18.689+0000][gc,start      ] GC(703) Pause Young (Normal) (G1 Evacuation Pause)
[2025-11-08T14:52:18.689+0000][gc,task       ] GC(703) Using 2 workers of 2 for evacuation
[2025-11-08T14:52:18.711+0000][gc,phases     ] GC(703)   Pre Evacuate Collection Set: 0.0ms
[2025-11-08T14:52:18.711+0000][gc,phases     ] GC(703)   Evacuate Collection Set: 14.8ms
[2025-11-08T14:52:18.713+0000][gc,phases     ] GC(703)   Post Evacuate Collection Set: 1.7ms
[2025-11-08T14:52:18.713+0000][gc,phases     ] GC(703)   Other: 5.5ms
[2025-11-08T14:52:18.714+0000][gc,heap       ] GC(703) Eden regions: 33->0(34)
[2025-11-08T14:52:18.714+0000][gc,heap       ] GC(703) Survivor regions: 3->3(5)
[2025-11-08T14:52:18.715+0000][gc,heap       ] GC(703) Old regions: 63->63
[2025-11-08T14:52:18.715+0000][gc,heap       ] GC(703) Humongous regions: 147->147
[2025-11-08T14:52:18.715+0000][gc,metaspace  ] GC(703) Metaspace: 52267K(55472K)->52267K(55472K) NonClass: 46479K(48304K)->46479K(48304K) Class: 5787K(7168K)->5787K(7168K)
[2025-11-08T14:52:18.716+0000][gc            ] GC(703) Pause Young (Normal) (G1 Evacuation Pause) 244M->211M(667M) 27.224ms
[2025-11-08T14:52:18.716+0000][gc,cpu        ] GC(703) User=0.03s Sys=0.00s Real=0.03s
[2025-11-08T14:52:21.441+0000][gc,start      ] GC(704) Pause Young (Normal) (G1 Evacuation Pause)
[2025-11-08T14:52:21.442+0000][gc,task       ] GC(704) Using 2 workers of 2 for evacuation
[2025-11-08T14:52:21.458+0000][gc,phases     ] GC(704)   Pre Evacuate Collection Set: 0.0ms
[2025-11-08T14:52:21.458+0000][gc,phases     ] GC(704)   Evacuate Collection Set: 13.9ms
[2025-11-08T14:52:21.458+0000][gc,phases     ] GC(704)   Post Evacuate Collection Set: 0.9ms
[2025-11-08T14:52:21.459+0000][gc,phases     ] GC(704)   Other: 1.3ms
[2025-11-08T14:52:21.459+0000][gc,heap       ] GC(704) Eden regions: 34->0(36)
[2025-11-08T14:52:21.459+0000][gc,heap       ] GC(704) Survivor regions: 3->3(5)
[2025-11-08T14:52:21.459+0000][gc,heap       ] GC(704) Old regions: 63->63
[2025-11-08T14:52:21.460+0000][gc,heap       ] GC(704) Humongous regions: 147->147
[2025-11-08T14:52:21.460+0000][gc,metaspace  ] GC(704) Metaspace: 52267K(55472K)->52267K(55472K) NonClass: 46479K(48304K)->46479K(48304K) Class: 5787K(7168K)->5787K(7168K)
[2025-11-08T14:52:21.460+0000][gc            ] GC(704) Pause Young (Normal) (G1 Evacuation Pause) 245M->211M(667M) 18.826ms
[2025-11-08T14:52:21.461+0000][gc,cpu        ] GC(704) User=0.03s Sys=0.00s Real=0.02s
[2025-11-08T14:52:24.464+0000][gc,start      ] GC(705) Pause Young (Normal) (G1 Evacuation Pause)
[2025-11-08T14:52:24.465+0000][gc,task       ] GC(705) Using 2 workers of 2 for evacuation
[2025-11-08T14:52:24.480+0000][gc,phases     ] GC(705)   Pre Evacuate Collection Set: 0.0ms
[2025-11-08T14:52:24.480+0000][gc,phases     ] GC(705)   Evacuate Collection Set: 13.8ms
[2025-11-08T14:52:24.481+0000][gc,phases     ] GC(705)   Post Evacuate Collection Set: 1.0ms
[2025-11-08T14:52:24.481+0000][gc,phases     ] GC(705)   Other: 0.8ms
[2025-11-08T14:52:24.481+0000][gc,heap       ] GC(705) Eden regions: 36->0(38)
[2025-11-08T14:52:24.482+0000][gc,heap       ] GC(705) Survivor regions: 3->3(5)
[2025-11-08T14:52:24.482+0000][gc,heap       ] GC(705) Old regions: 63->63
[2025-11-08T14:52:24.482+0000][gc,heap       ] GC(705) Humongous regions: 147->147
[2025-11-08T14:52:24.483+0000][gc,metaspace  ] GC(705) Metaspace: 52267K(55472K)->52267K(55472K) NonClass: 46479K(48304K)->46479K(48304K) Class: 5787K(7168K)->5787K(7168K)
[2025-11-08T14:52:24.483+0000][gc            ] GC(705) Pause Young (Normal) (G1 Evacuation Pause) 247M->212M(667M) 18.956ms
[2025-11-08T14:52:24.484+0000][gc,cpu        ] GC(705) User=0.03s Sys=0.00s Real=0.02s
[2025-11-08T14:52:26.742+0000][gc,start      ] GC(706) Pause Young (Normal) (G1 Evacuation Pause)
[2025-11-08T14:52:26.743+0000][gc,task       ] GC(706) Using 2 workers of 2 for evacuation
[2025-11-08T14:52:26.755+0000][gc,phases     ] GC(706)   Pre Evacuate Collection Set: 0.0ms
[2025-11-08T14:52:26.756+0000][gc,phases     ] GC(706)   Evacuate Collection Set: 10.8ms
[2025-11-08T14:52:26.756+0000][gc,phases     ] GC(706)   Post Evacuate Collection Set: 1.3ms
[2025-11-08T14:52:26.759+0000][gc,phases     ] GC(706)   Other: 0.8ms
[2025-11-08T14:52:26.760+0000][gc,heap       ] GC(706) Eden regions: 30->0(38)
[2025-11-08T14:52:26.760+0000][gc,heap       ] GC(706) Survivor regions: 3->3(5)
[2025-11-08T14:52:26.760+0000][gc,heap       ] GC(706) Old regions: 63->63
[2025-11-08T14:52:26.760+0000][gc,heap       ] GC(706) Humongous regions: 147->147
[2025-11-08T14:52:26.761+0000][gc,metaspace  ] GC(706) Metaspace: 52267K(55472K)->52267K(55472K) NonClass: 46479K(48304K)->46479K(48304K) Class: 5787K(7168K)->5787K(7168K)
[2025-11-08T14:52:26.761+0000][gc            ] GC(706) Pause Young (Normal) (G1 Evacuation Pause) 242M->211M(667M) 18.559ms
[2025-11-08T14:52:26.761+0000][gc,cpu        ] GC(706) User=0.03s Sys=0.00s Real=0.02s
[2025-11-08T14:52:29.602+0000][gc,start      ] GC(707) Pause Young (Normal) (G1 Evacuation Pause)
[2025-11-08T14:52:29.602+0000][gc,task       ] GC(707) Using 2 workers of 2 for evacuation
[2025-11-08T14:52:29.615+0000][gc,phases     ] GC(707)   Pre Evacuate Collection Set: 0.0ms
[2025-11-08T14:52:29.615+0000][gc,phases     ] GC(707)   Evacuate Collection Set: 11.3ms
[2025-11-08T14:52:29.615+0000][gc,phases     ] GC(707)   Post Evacuate Collection Set: 0.9ms
[2025-11-08T14:52:29.616+0000][gc,phases     ] GC(707)   Other: 0.8ms
[2025-11-08T14:52:29.616+0000][gc,heap       ] GC(707) Eden regions: 38->0(41)
[2025-11-08T14:52:29.616+0000][gc,heap       ] GC(707) Survivor regions: 3->3(6)
[2025-11-08T14:52:29.616+0000][gc,heap       ] GC(707) Old regions: 63->63
[2025-11-08T14:52:29.617+0000][gc,heap       ] GC(707) Humongous regions: 147->147
[2025-11-08T14:52:29.617+0000][gc,metaspace  ] GC(707) Metaspace: 52267K(55472K)->52267K(55472K) NonClass: 46479K(48304K)->46479K(48304K) Class: 5787K(7168K)->5787K(7168K)
[2025-11-08T14:52:29.617+0000][gc            ] GC(707) Pause Young (Normal) (G1 Evacuation Pause) 249M->212M(667M) 15.120ms
[2025-11-08T14:52:29.617+0000][gc,cpu        ] GC(707) User=0.02s Sys=0.00s Real=0.02s
[2025-11-08T14:52:31.810+0000][gc,start      ] GC(708) Pause Young (Normal) (G1 Evacuation Pause)
[2025-11-08T14:52:31.810+0000][gc,task       ] GC(708) Using 2 workers of 2 for evacuation
[2025-11-08T14:52:31.822+0000][gc,phases     ] GC(708)   Pre Evacuate Collection Set: 0.0ms
[2025-11-08T14:52:31.823+0000][gc,phases     ] GC(708)   Evacuate Collection Set: 10.5ms
[2025-11-08T14:52:31.823+0000][gc,phases     ] GC(708)   Post Evacuate Collection Set: 1.4ms
[2025-11-08T14:52:31.823+0000][gc,phases     ] GC(708)   Other: 0.9ms
[2025-11-08T14:52:31.824+0000][gc,heap       ] GC(708) Eden regions: 30->0(39)
[2025-11-08T14:52:31.824+0000][gc,heap       ] GC(708) Survivor regions: 3->3(5)
[2025-11-08T14:52:31.824+0000][gc,heap       ] GC(708) Old regions: 63->63
[2025-11-08T14:52:31.824+0000][gc,heap       ] GC(708) Humongous regions: 147->147
[2025-11-08T14:52:31.825+0000][gc,metaspace  ] GC(708) Metaspace: 52267K(55472K)->52267K(55472K) NonClass: 46479K(48304K)->46479K(48304K) Class: 5787K(7168K)->5787K(7168K)
[2025-11-08T14:52:31.825+0000][gc            ] GC(708) Pause Young (Normal) (G1 Evacuation Pause) 242M->211M(667M) 15.191ms
[2025-11-08T14:52:31.825+0000][gc,cpu        ] GC(708) User=0.02s Sys=0.00s Real=0.01s
[2025-11-08T14:52:34.786+0000][gc,start      ] GC(709) Pause Young (Normal) (G1 Evacuation Pause)
[2025-11-08T14:52:34.786+0000][gc,task       ] GC(709) Using 2 workers of 2 for evacuation
[2025-11-08T14:52:34.801+0000][gc,phases     ] GC(709)   Pre Evacuate Collection Set: 0.0ms
[2025-11-08T14:52:34.801+0000][gc,phases     ] GC(709)   Evacuate Collection Set: 12.8ms
[2025-11-08T14:52:34.802+0000][gc,phases     ] GC(709)   Post Evacuate Collection Set: 1.1ms
[2025-11-08T14:52:34.802+0000][gc,phases     ] GC(709)   Other: 1.3ms
[2025-11-08T14:52:34.803+0000][gc,heap       ] GC(709) Eden regions: 39->0(41)
[2025-11-08T14:52:34.803+0000][gc,heap       ] GC(709) Survivor regions: 3->3(6)
[2025-11-08T14:52:34.803+0000][gc,heap       ] GC(709) Old regions: 63->63
[2025-11-08T14:52:34.804+0000][gc,heap       ] GC(709) Humongous regions: 147->147
[2025-11-08T14:52:34.804+0000][gc,metaspace  ] GC(709) Metaspace: 52267K(55472K)->52267K(55472K) NonClass: 46479K(48304K)->46479K(48304K) Class: 5787K(7168K)->5787K(7168K)
[2025-11-08T14:52:34.804+0000][gc            ] GC(709) Pause Young (Normal) (G1 Evacuation Pause) 250M->212M(667M) 18.161ms
[2025-11-08T14:52:34.804+0000][gc,cpu        ] GC(709) User=0.03s Sys=0.00s Real=0.02s
[2025-11-08T14:52:37.874+0000][gc,start      ] GC(710) Pause Young (Normal) (G1 Evacuation Pause)
[2025-11-08T14:52:37.875+0000][gc,task       ] GC(710) Using 2 workers of 2 for evacuation
[2025-11-08T14:52:37.889+0000][gc,phases     ] GC(710)   Pre Evacuate Collection Set: 0.1ms
[2025-11-08T14:52:37.889+0000][gc,phases     ] GC(710)   Evacuate Collection Set: 11.6ms
[2025-11-08T14:52:37.889+0000][gc,phases     ] GC(710)   Post Evacuate Collection Set: 1.5ms
[2025-11-08T14:52:37.890+0000][gc,phases     ] GC(710)   Other: 1.5ms
[2025-11-08T14:52:37.890+0000][gc,heap       ] GC(710) Eden regions: 41->0(43)
[2025-11-08T14:52:37.890+0000][gc,heap       ] GC(710) Survivor regions: 3->2(6)
[2025-11-08T14:52:37.891+0000][gc,heap       ] GC(710) Old regions: 63->63
[2025-11-08T14:52:37.891+0000][gc,heap       ] GC(710) Humongous regions: 147->147
[2025-11-08T14:52:37.891+0000][gc,metaspace  ] GC(710) Metaspace: 52267K(55472K)->52267K(55472K) NonClass: 46479K(48304K)->46479K(48304K) Class: 5787K(7168K)->5787K(7168K)
[2025-11-08T14:52:37.892+0000][gc            ] GC(710) Pause Young (Normal) (G1 Evacuation Pause) 253M->211M(667M) 17.746ms
[2025-11-08T14:52:37.892+0000][gc,cpu        ] GC(710) User=0.03s Sys=0.00s Real=0.02s
[2025-11-08T14:52:40.634+0000][gc,start      ] GC(711) Pause Young (Normal) (G1 Evacuation Pause)
[2025-11-08T14:52:40.634+0000][gc,task       ] GC(711) Using 2 workers of 2 for evacuation
[2025-11-08T14:52:40.656+0000][gc,mmu        ] GC(711) MMU target violated: 20.3ms (20.0ms/21.0ms)
[2025-11-08T14:52:40.656+0000][gc,phases     ] GC(711)   Pre Evacuate Collection Set: 0.0ms
[2025-11-08T14:52:40.658+0000][gc,phases     ] GC(711)   Evacuate Collection Set: 17.9ms
[2025-11-08T14:52:40.658+0000][gc,phases     ] GC(711)   Post Evacuate Collection Set: 2.1ms
[2025-11-08T14:52:40.659+0000][gc,phases     ] GC(711)   Other: 2.8ms
[2025-11-08T14:52:40.659+0000][gc,heap       ] GC(711) Eden regions: 33->0(37)
[2025-11-08T14:52:40.659+0000][gc,heap       ] GC(711) Survivor regions: 2->2(5)
[2025-11-08T14:52:40.659+0000][gc,heap       ] GC(711) Old regions: 63->63
[2025-11-08T14:52:40.660+0000][gc,heap       ] GC(711) Humongous regions: 147->147
[2025-11-08T14:52:40.660+0000][gc,metaspace  ] GC(711) Metaspace: 52267K(55472K)->52267K(55472K) NonClass: 46479K(48304K)->46479K(48304K) Class: 5787K(7168K)->5787K(7168K)
[2025-11-08T14:52:40.661+0000][gc            ] GC(711) Pause Young (Normal) (G1 Evacuation Pause) 244M->211M(667M) 27.832ms
[2025-11-08T14:52:40.662+0000][gc,cpu        ] GC(711) User=0.04s Sys=0.00s Real=0.03s
[2025-11-08T14:52:43.118+0000][gc,start      ] GC(712) Pause Young (Normal) (G1 Evacuation Pause)
[2025-11-08T14:52:43.118+0000][gc,task       ] GC(712) Using 2 workers of 2 for evacuation
[2025-11-08T14:52:43.133+0000][gc,phases     ] GC(712)   Pre Evacuate Collection Set: 0.0ms
[2025-11-08T14:52:43.133+0000][gc,phases     ] GC(712)   Evacuate Collection Set: 12.8ms
[2025-11-08T14:52:43.134+0000][gc,phases     ] GC(712)   Post Evacuate Collection Set: 1.3ms
[2025-11-08T14:52:43.134+0000][gc,phases     ] GC(712)   Other: 1.2ms
[2025-11-08T14:52:43.134+0000][gc,heap       ] GC(712) Eden regions: 31->0(35)
[2025-11-08T14:52:43.135+0000][gc,heap       ] GC(712) Survivor regions: 2->2(5)
[2025-11-08T14:52:43.135+0000][gc,heap       ] GC(712) Old regions: 63->63
[2025-11-08T14:52:43.135+0000][gc,heap       ] GC(712) Humongous regions: 147->147
[2025-11-08T14:52:43.136+0000][gc,metaspace  ] GC(712) Metaspace: 52267K(55472K)->52267K(55472K) NonClass: 46479K(48304K)->46479K(48304K) Class: 5787K(7168K)->5787K(7168K)
[2025-11-08T14:52:43.136+0000][gc            ] GC(712) Pause Young (Normal) (G1 Evacuation Pause) 242M->211M(667M) 18.628ms
[2025-11-08T14:52:43.137+0000][gc,cpu        ] GC(712) User=0.03s Sys=0.00s Real=0.02s
[2025-11-08T14:52:45.899+0000][gc,start      ] GC(713) Pause Young (Normal) (G1 Evacuation Pause)
[2025-11-08T14:52:45.899+0000][gc,task       ] GC(713) Using 2 workers of 2 for evacuation
[2025-11-08T14:52:45.914+0000][gc,phases     ] GC(713)   Pre Evacuate Collection Set: 0.0ms
[2025-11-08T14:52:45.915+0000][gc,phases     ] GC(713)   Evacuate Collection Set: 13.5ms
[2025-11-08T14:52:45.915+0000][gc,phases     ] GC(713)   Post Evacuate Collection Set: 1.2ms
[2025-11-08T14:52:45.916+0000][gc,phases     ] GC(713)   Other: 1.0ms
[2025-11-08T14:52:45.916+0000][gc,heap       ] GC(713) Eden regions: 35->0(36)
[2025-11-08T14:52:45.917+0000][gc,heap       ] GC(713) Survivor regions: 2->2(5)
[2025-11-08T14:52:45.917+0000][gc,heap       ] GC(713) Old regions: 63->63
[2025-11-08T14:52:45.917+0000][gc,heap       ] GC(713) Humongous regions: 147->147
[2025-11-08T14:52:45.917+0000][gc,metaspace  ] GC(713) Metaspace: 52267K(55472K)->52267K(55472K) NonClass: 46479K(48304K)->46479K(48304K) Class: 5787K(7168K)->5787K(7168K)
[2025-11-08T14:52:45.918+0000][gc            ] GC(713) Pause Young (Normal) (G1 Evacuation Pause) 246M->211M(667M) 18.963ms
[2025-11-08T14:52:45.918+0000][gc,cpu        ] GC(713) User=0.03s Sys=0.00s Real=0.02s
[2025-11-08T14:52:48.383+0000][gc,start      ] GC(714) Pause Young (Normal) (G1 Evacuation Pause)
[2025-11-08T14:52:48.384+0000][gc,task       ] GC(714) Using 2 workers of 2 for evacuation
[2025-11-08T14:52:48.407+0000][gc,mmu        ] GC(714) MMU target violated: 21.0ms (20.0ms/21.0ms)
[2025-11-08T14:52:48.407+0000][gc,phases     ] GC(714)   Pre Evacuate Collection Set: 0.0ms
[2025-11-08T14:52:48.408+0000][gc,phases     ] GC(714)   Evacuate Collection Set: 21.2ms
[2025-11-08T14:52:48.408+0000][gc,phases     ] GC(714)   Post Evacuate Collection Set: 0.9ms
[2025-11-08T14:52:48.409+0000][gc,phases     ] GC(714)   Other: 2.1ms
[2025-11-08T14:52:48.409+0000][gc,heap       ] GC(714) Eden regions: 31->0(34)
[2025-11-08T14:52:48.411+0000][gc,heap       ] GC(714) Survivor regions: 2->4(5)
[2025-11-08T14:52:48.413+0000][gc,heap       ] GC(714) Old regions: 63->63
[2025-11-08T14:52:48.413+0000][gc,heap       ] GC(714) Humongous regions: 147->147
[2025-11-08T14:52:48.414+0000][gc,metaspace  ] GC(714) Metaspace: 52267K(55472K)->52267K(55472K) NonClass: 46479K(48304K)->46479K(48304K) Class: 5787K(7168K)->5787K(7168K)
[2025-11-08T14:52:48.414+0000][gc            ] GC(714) Pause Young (Normal) (G1 Evacuation Pause) 242M->212M(667M) 30.940ms
[2025-11-08T14:52:48.415+0000][gc,cpu        ] GC(714) User=0.05s Sys=0.00s Real=0.03s
[2025-11-08T14:52:50.782+0000][gc,start      ] GC(715) Pause Young (Normal) (G1 Evacuation Pause)
[2025-11-08T14:52:50.782+0000][gc,task       ] GC(715) Using 2 workers of 2 for evacuation
[2025-11-08T14:52:50.807+0000][gc,mmu        ] GC(715) MMU target violated: 21.0ms (20.0ms/21.0ms)
[2025-11-08T14:52:50.811+0000][gc,phases     ] GC(715)   Pre Evacuate Collection Set: 0.1ms
[2025-11-08T14:52:50.811+0000][gc,phases     ] GC(715)   Evacuate Collection Set: 20.8ms
[2025-11-08T14:52:50.812+0000][gc,phases     ] GC(715)   Post Evacuate Collection Set: 2.3ms
[2025-11-08T14:52:50.813+0000][gc,phases     ] GC(715)   Other: 6.4ms
[2025-11-08T14:52:50.813+0000][gc,heap       ] GC(715) Eden regions: 29->0(33)
[2025-11-08T14:52:50.814+0000][gc,heap       ] GC(715) Survivor regions: 4->3(5)
[2025-11-08T14:52:50.815+0000][gc,heap       ] GC(715) Old regions: 63->64
[2025-11-08T14:52:50.815+0000][gc,heap       ] GC(715) Humongous regions: 147->147
[2025-11-08T14:52:50.816+0000][gc,metaspace  ] GC(715) Metaspace: 52267K(55472K)->52267K(55472K) NonClass: 46479K(48304K)->46479K(48304K) Class: 5787K(7168K)->5787K(7168K)
[2025-11-08T14:52:50.816+0000][gc            ] GC(715) Pause Young (Normal) (G1 Evacuation Pause) 241M->212M(667M) 34.688ms
[2025-11-08T14:52:50.817+0000][gc,cpu        ] GC(715) User=0.04s Sys=0.00s Real=0.04s
[2025-11-08T14:52:53.468+0000][gc,start      ] GC(716) Pause Young (Normal) (G1 Evacuation Pause)
[2025-11-08T14:52:53.468+0000][gc,task       ] GC(716) Using 2 workers of 2 for evacuation
[2025-11-08T14:52:53.490+0000][gc,mmu        ] GC(716) MMU target violated: 21.0ms (20.0ms/21.0ms)
[2025-11-08T14:52:53.491+0000][gc,phases     ] GC(716)   Pre Evacuate Collection Set: 0.0ms
[2025-11-08T14:52:53.492+0000][gc,phases     ] GC(716)   Evacuate Collection Set: 17.4ms
[2025-11-08T14:52:53.492+0000][gc,phases     ] GC(716)   Post Evacuate Collection Set: 3.8ms
[2025-11-08T14:52:53.492+0000][gc,phases     ] GC(716)   Other: 1.7ms
[2025-11-08T14:52:53.493+0000][gc,heap       ] GC(716) Eden regions: 33->0(32)
[2025-11-08T14:52:53.493+0000][gc,heap       ] GC(716) Survivor regions: 3->3(5)
[2025-11-08T14:52:53.494+0000][gc,heap       ] GC(716) Old regions: 64->64
[2025-11-08T14:52:53.494+0000][gc,heap       ] GC(716) Humongous regions: 147->147
[2025-11-08T14:52:53.494+0000][gc,metaspace  ] GC(716) Metaspace: 52267K(55472K)->52267K(55472K) NonClass: 46479K(48304K)->46479K(48304K) Class: 5787K(7168K)->5787K(7168K)
[2025-11-08T14:52:53.495+0000][gc            ] GC(716) Pause Young (Normal) (G1 Evacuation Pause) 245M->212M(667M) 27.291ms
[2025-11-08T14:52:53.496+0000][gc,cpu        ] GC(716) User=0.04s Sys=0.00s Real=0.02s
[2025-11-08T14:52:55.982+0000][gc,start      ] GC(717) Pause Young (Normal) (G1 Evacuation Pause)
[2025-11-08T14:52:55.983+0000][gc,task       ] GC(717) Using 2 workers of 2 for evacuation
[2025-11-08T14:52:56.000+0000][gc,phases     ] GC(717)   Pre Evacuate Collection Set: 0.0ms
[2025-11-08T14:52:56.001+0000][gc,phases     ] GC(717)   Evacuate Collection Set: 15.0ms
[2025-11-08T14:52:56.001+0000][gc,phases     ] GC(717)   Post Evacuate Collection Set: 1.2ms
[2025-11-08T14:52:56.002+0000][gc,phases     ] GC(717)   Other: 1.7ms
[2025-11-08T14:52:56.002+0000][gc,heap       ] GC(717) Eden regions: 32->0(33)
[2025-11-08T14:52:56.003+0000][gc,heap       ] GC(717) Survivor regions: 3->2(5)
[2025-11-08T14:52:56.003+0000][gc,heap       ] GC(717) Old regions: 64->64
[2025-11-08T14:52:56.003+0000][gc,heap       ] GC(717) Humongous regions: 147->147
[2025-11-08T14:52:56.004+0000][gc,metaspace  ] GC(717) Metaspace: 52267K(55472K)->52267K(55472K) NonClass: 46479K(48304K)->46479K(48304K) Class: 5787K(7168K)->5787K(7168K)
[2025-11-08T14:52:56.004+0000][gc            ] GC(717) Pause Young (Normal) (G1 Evacuation Pause) 244M->212M(667M) 22.125ms
[2025-11-08T14:52:56.004+0000][gc,cpu        ] GC(717) User=0.03s Sys=0.00s Real=0.02s
[2025-11-08T14:52:58.731+0000][gc,start      ] GC(718) Pause Young (Normal) (G1 Evacuation Pause)
[2025-11-08T14:52:58.732+0000][gc,task       ] GC(718) Using 2 workers of 2 for evacuation
[2025-11-08T14:52:58.768+0000][gc,mmu        ] GC(718) MMU target violated: 21.0ms (20.0ms/21.0ms)
[2025-11-08T14:52:58.769+0000][gc,phases     ] GC(718)   Pre Evacuate Collection Set: 0.0ms
[2025-11-08T14:52:58.770+0000][gc,phases     ] GC(718)   Evacuate Collection Set: 33.3ms
[2025-11-08T14:52:58.770+0000][gc,phases     ] GC(718)   Post Evacuate Collection Set: 1.6ms
[2025-11-08T14:52:58.770+0000][gc,phases     ] GC(718)   Other: 2.9ms
[2025-11-08T14:52:58.771+0000][gc,heap       ] GC(718) Eden regions: 33->0(31)
[2025-11-08T14:52:58.772+0000][gc,heap       ] GC(718) Survivor regions: 2->2(5)
[2025-11-08T14:52:58.773+0000][gc,heap       ] GC(718) Old regions: 64->64
[2025-11-08T14:52:58.773+0000][gc,heap       ] GC(718) Humongous regions: 147->147
[2025-11-08T14:52:58.773+0000][gc,metaspace  ] GC(718) Metaspace: 52267K(55472K)->52267K(55472K) NonClass: 46479K(48304K)->46479K(48304K) Class: 5787K(7168K)->5787K(7168K)
[2025-11-08T14:52:58.774+0000][gc            ] GC(718) Pause Young (Normal) (G1 Evacuation Pause) 245M->212M(667M) 42.235ms
[2025-11-08T14:52:58.774+0000][gc,cpu        ] GC(718) User=0.06s Sys=0.01s Real=0.04s
[2025-11-08T14:53:01.588+0000][gc,start      ] GC(719) Pause Young (Normal) (G1 Evacuation Pause)
[2025-11-08T14:53:01.594+0000][gc,task       ] GC(719) Using 2 workers of 2 for evacuation
[2025-11-08T14:53:01.631+0000][gc,mmu        ] GC(719) MMU target violated: 21.0ms (20.0ms/21.0ms)
[2025-11-08T14:53:01.632+0000][gc,phases     ] GC(719)   Pre Evacuate Collection Set: 0.0ms
[2025-11-08T14:53:01.633+0000][gc,phases     ] GC(719)   Evacuate Collection Set: 28.5ms
[2025-11-08T14:53:01.634+0000][gc,phases     ] GC(719)   Post Evacuate Collection Set: 3.1ms
[2025-11-08T14:53:01.635+0000][gc,phases     ] GC(719)   Other: 11.9ms
[2025-11-08T14:53:01.647+0000][gc,heap       ] GC(719) Eden regions: 31->0(31)
[2025-11-08T14:53:01.648+0000][gc,heap       ] GC(719) Survivor regions: 2->2(5)
[2025-11-08T14:53:01.650+0000][gc,heap       ] GC(719) Old regions: 64->64
[2025-11-08T14:53:01.651+0000][gc,heap       ] GC(719) Humongous regions: 147->147
[2025-11-08T14:53:01.653+0000][gc,metaspace  ] GC(719) Metaspace: 52267K(55472K)->52267K(55472K) NonClass: 46479K(48304K)->46479K(48304K) Class: 5787K(7168K)->5787K(7168K)
[2025-11-08T14:53:01.654+0000][gc            ] GC(719) Pause Young (Normal) (G1 Evacuation Pause) 243M->211M(667M) 65.847ms
[2025-11-08T14:53:01.654+0000][gc,cpu        ] GC(719) User=0.04s Sys=0.00s Real=0.06s
[2025-11-08T14:53:04.393+0000][gc,start      ] GC(720) Pause Young (Normal) (G1 Evacuation Pause)
[2025-11-08T14:53:04.393+0000][gc,task       ] GC(720) Using 2 workers of 2 for evacuation
[2025-11-08T14:53:04.416+0000][gc,mmu        ] GC(720) MMU target violated: 21.0ms (20.0ms/21.0ms)
[2025-11-08T14:53:04.416+0000][gc,phases     ] GC(720)   Pre Evacuate Collection Set: 0.1ms
[2025-11-08T14:53:04.417+0000][gc,phases     ] GC(720)   Evacuate Collection Set: 18.3ms
[2025-11-08T14:53:04.418+0000][gc,phases     ] GC(720)   Post Evacuate Collection Set: 3.3ms
[2025-11-08T14:53:04.419+0000][gc,phases     ] GC(720)   Other: 2.0ms
[2025-11-08T14:53:04.420+0000][gc,heap       ] GC(720) Eden regions: 31->0(31)
[2025-11-08T14:53:04.420+0000][gc,heap       ] GC(720) Survivor regions: 2->2(5)
[2025-11-08T14:53:04.420+0000][gc,heap       ] GC(720) Old regions: 64->64
[2025-11-08T14:53:04.420+0000][gc,heap       ] GC(720) Humongous regions: 147->147
[2025-11-08T14:53:04.421+0000][gc,metaspace  ] GC(720) Metaspace: 52267K(55472K)->52267K(55472K) NonClass: 46479K(48304K)->46479K(48304K) Class: 5787K(7168K)->5787K(7168K)
[2025-11-08T14:53:04.421+0000][gc            ] GC(720) Pause Young (Normal) (G1 Evacuation Pause) 242M->211M(667M) 28.434ms
[2025-11-08T14:53:04.421+0000][gc,cpu        ] GC(720) User=0.03s Sys=0.00s Real=0.03s
[2025-11-08T14:53:06.983+0000][gc,start      ] GC(721) Pause Young (Normal) (G1 Evacuation Pause)
[2025-11-08T14:53:06.984+0000][gc,task       ] GC(721) Using 2 workers of 2 for evacuation
[2025-11-08T14:53:07.011+0000][gc,mmu        ] GC(721) MMU target violated: 21.0ms (20.0ms/21.0ms)
[2025-11-08T14:53:07.017+0000][gc,phases     ] GC(721)   Pre Evacuate Collection Set: 0.0ms
[2025-11-08T14:53:07.019+0000][gc,phases     ] GC(721)   Evacuate Collection Set: 23.6ms
[2025-11-08T14:53:07.019+0000][gc,phases     ] GC(721)   Post Evacuate Collection Set: 1.7ms
[2025-11-08T14:53:07.020+0000][gc,phases     ] GC(721)   Other: 8.9ms
[2025-11-08T14:53:07.021+0000][gc,heap       ] GC(721) Eden regions: 31->0(30)
[2025-11-08T14:53:07.059+0000][gc,heap       ] GC(721) Survivor regions: 2->3(5)
[2025-11-08T14:53:07.063+0000][gc,heap       ] GC(721) Old regions: 64->64
[2025-11-08T14:53:07.064+0000][gc,heap       ] GC(721) Humongous regions: 147->147
[2025-11-08T14:53:07.068+0000][gc,metaspace  ] GC(721) Metaspace: 52267K(55472K)->52267K(55472K) NonClass: 46479K(48304K)->46479K(48304K) Class: 5787K(7168K)->5787K(7168K)
[2025-11-08T14:53:07.068+0000][gc            ] GC(721) Pause Young (Normal) (G1 Evacuation Pause) 242M->213M(667M) 85.466ms
[2025-11-08T14:53:07.069+0000][gc,cpu        ] GC(721) User=0.05s Sys=0.00s Real=0.09s
[2025-11-08T14:53:09.716+0000][gc,start      ] GC(722) Pause Young (Normal) (G1 Evacuation Pause)
[2025-11-08T14:53:09.716+0000][gc,task       ] GC(722) Using 2 workers of 2 for evacuation
[2025-11-08T14:53:09.737+0000][gc,phases     ] GC(722)   Pre Evacuate Collection Set: 0.0ms
[2025-11-08T14:53:09.739+0000][gc,phases     ] GC(722)   Evacuate Collection Set: 17.6ms
[2025-11-08T14:53:09.742+0000][gc,phases     ] GC(722)   Post Evacuate Collection Set: 1.5ms
[2025-11-08T14:53:09.743+0000][gc,phases     ] GC(722)   Other: 2.4ms
[2025-11-08T14:53:09.743+0000][gc,heap       ] GC(722) Eden regions: 30->0(30)
[2025-11-08T14:53:09.744+0000][gc,heap       ] GC(722) Survivor regions: 3->3(5)
[2025-11-08T14:53:09.745+0000][gc,heap       ] GC(722) Old regions: 64->64
[2025-11-08T14:53:09.746+0000][gc,heap       ] GC(722) Humongous regions: 147->147
[2025-11-08T14:53:09.746+0000][gc,metaspace  ] GC(722) Metaspace: 52267K(55472K)->52267K(55472K) NonClass: 46480K(48304K)->46480K(48304K) Class: 5787K(7168K)->5787K(7168K)
[2025-11-08T14:53:09.747+0000][gc            ] GC(722) Pause Young (Normal) (G1 Evacuation Pause) 243M->212M(667M) 30.981ms
[2025-11-08T14:53:09.747+0000][gc,cpu        ] GC(722) User=0.04s Sys=0.00s Real=0.03s
[2025-11-08T14:53:12.125+0000][gc,start      ] GC(723) Pause Young (Normal) (G1 Evacuation Pause)
[2025-11-08T14:53:12.125+0000][gc,task       ] GC(723) Using 2 workers of 2 for evacuation
[2025-11-08T14:53:12.141+0000][gc,phases     ] GC(723)   Pre Evacuate Collection Set: 0.2ms
[2025-11-08T14:53:12.142+0000][gc,phases     ] GC(723)   Evacuate Collection Set: 14.0ms
[2025-11-08T14:53:12.145+0000][gc,phases     ] GC(723)   Post Evacuate Collection Set: 1.3ms
[2025-11-08T14:53:12.145+0000][gc,phases     ] GC(723)   Other: 1.3ms
[2025-11-08T14:53:12.146+0000][gc,heap       ] GC(723) Eden regions: 30->0(31)
[2025-11-08T14:53:12.146+0000][gc,heap       ] GC(723) Survivor regions: 3->2(5)
[2025-11-08T14:53:12.147+0000][gc,heap       ] GC(723) Old regions: 64->64
[2025-11-08T14:53:12.147+0000][gc,heap       ] GC(723) Humongous regions: 147->147
[2025-11-08T14:53:12.147+0000][gc,metaspace  ] GC(723) Metaspace: 52267K(55472K)->52267K(55472K) NonClass: 46480K(48304K)->46480K(48304K) Class: 5787K(7168K)->5787K(7168K)
[2025-11-08T14:53:12.148+0000][gc            ] GC(723) Pause Young (Normal) (G1 Evacuation Pause) 242M->212M(667M) 23.009ms
[2025-11-08T14:53:12.149+0000][gc,cpu        ] GC(723) User=0.03s Sys=0.00s Real=0.02s
[2025-11-08T14:53:14.714+0000][gc,start      ] GC(724) Pause Young (Normal) (G1 Evacuation Pause)
[2025-11-08T14:53:14.716+0000][gc,task       ] GC(724) Using 2 workers of 2 for evacuation
[2025-11-08T14:53:14.733+0000][gc,phases     ] GC(724)   Pre Evacuate Collection Set: 0.0ms
[2025-11-08T14:53:14.734+0000][gc,phases     ] GC(724)   Evacuate Collection Set: 14.6ms
[2025-11-08T14:53:14.734+0000][gc,phases     ] GC(724)   Post Evacuate Collection Set: 1.6ms
[2025-11-08T14:53:14.735+0000][gc,phases     ] GC(724)   Other: 3.3ms
[2025-11-08T14:53:14.735+0000][gc,heap       ] GC(724) Eden regions: 31->0(31)
[2025-11-08T14:53:14.736+0000][gc,heap       ] GC(724) Survivor regions: 2->2(5)
[2025-11-08T14:53:14.737+0000][gc,heap       ] GC(724) Old regions: 64->64
[2025-11-08T14:53:14.737+0000][gc,heap       ] GC(724) Humongous regions: 147->147
[2025-11-08T14:53:14.737+0000][gc,metaspace  ] GC(724) Metaspace: 52267K(55472K)->52267K(55472K) NonClass: 46480K(48304K)->46480K(48304K) Class: 5787K(7168K)->5787K(7168K)
[2025-11-08T14:53:14.738+0000][gc            ] GC(724) Pause Young (Normal) (G1 Evacuation Pause) 243M->212M(667M) 23.829ms
[2025-11-08T14:53:14.738+0000][gc,cpu        ] GC(724) User=0.04s Sys=0.00s Real=0.02s
[2025-11-08T14:53:17.220+0000][gc,start      ] GC(725) Pause Young (Normal) (G1 Evacuation Pause)
[2025-11-08T14:53:17.221+0000][gc,task       ] GC(725) Using 2 workers of 2 for evacuation
[2025-11-08T14:53:17.257+0000][gc,mmu        ] GC(725) MMU target violated: 21.0ms (20.0ms/21.0ms)
[2025-11-08T14:53:17.258+0000][gc,phases     ] GC(725)   Pre Evacuate Collection Set: 0.0ms
[2025-11-08T14:53:17.258+0000][gc,phases     ] GC(725)   Evacuate Collection Set: 32.5ms
[2025-11-08T14:53:17.259+0000][gc,phases     ] GC(725)   Post Evacuate Collection Set: 1.9ms
[2025-11-08T14:53:17.260+0000][gc,phases     ] GC(725)   Other: 2.6ms
[2025-11-08T14:53:17.260+0000][gc,heap       ] GC(725) Eden regions: 31->0(31)
[2025-11-08T14:53:17.261+0000][gc,heap       ] GC(725) Survivor regions: 2->2(5)
[2025-11-08T14:53:17.261+0000][gc,heap       ] GC(725) Old regions: 64->64
[2025-11-08T14:53:17.262+0000][gc,heap       ] GC(725) Humongous regions: 147->147
[2025-11-08T14:53:17.263+0000][gc,metaspace  ] GC(725) Metaspace: 52267K(55472K)->52267K(55472K) NonClass: 46480K(48304K)->46480K(48304K) Class: 5787K(7168K)->5787K(7168K)
[2025-11-08T14:53:17.267+0000][gc            ] GC(725) Pause Young (Normal) (G1 Evacuation Pause) 243M->211M(667M) 46.266ms
[2025-11-08T14:53:17.267+0000][gc,cpu        ] GC(725) User=0.04s Sys=0.00s Real=0.05s
[2025-11-08T14:53:19.716+0000][gc,start      ] GC(726) Pause Young (Normal) (G1 Evacuation Pause)
[2025-11-08T14:53:19.716+0000][gc,task       ] GC(726) Using 2 workers of 2 for evacuation
[2025-11-08T14:53:19.736+0000][gc,phases     ] GC(726)   Pre Evacuate Collection Set: 0.0ms
[2025-11-08T14:53:19.736+0000][gc,phases     ] GC(726)   Evacuate Collection Set: 16.9ms
[2025-11-08T14:53:19.736+0000][gc,phases     ] GC(726)   Post Evacuate Collection Set: 1.4ms
[2025-11-08T14:53:19.737+0000][gc,phases     ] GC(726)   Other: 1.5ms
[2025-11-08T14:53:19.738+0000][gc,heap       ] GC(726) Eden regions: 31->0(30)
[2025-11-08T14:53:19.738+0000][gc,heap       ] GC(726) Survivor regions: 2->3(5)
[2025-11-08T14:53:19.739+0000][gc,heap       ] GC(726) Old regions: 64->64
[2025-11-08T14:53:19.739+0000][gc,heap       ] GC(726) Humongous regions: 147->147
[2025-11-08T14:53:19.739+0000][gc,metaspace  ] GC(726) Metaspace: 52267K(55472K)->52267K(55472K) NonClass: 46480K(48304K)->46480K(48304K) Class: 5787K(7168K)->5787K(7168K)
[2025-11-08T14:53:19.740+0000][gc            ] GC(726) Pause Young (Normal) (G1 Evacuation Pause) 242M->213M(667M) 24.003ms
[2025-11-08T14:53:19.740+0000][gc,cpu        ] GC(726) User=0.03s Sys=0.00s Real=0.02s
[2025-11-08T14:53:22.550+0000][gc,start      ] GC(727) Pause Young (Normal) (G1 Evacuation Pause)
[2025-11-08T14:53:22.594+0000][gc,task       ] GC(727) Using 2 workers of 2 for evacuation
[2025-11-08T14:53:22.650+0000][gc,mmu        ] GC(727) MMU target violated: 21.0ms (20.0ms/21.0ms)
[2025-11-08T14:53:22.651+0000][gc,phases     ] GC(727)   Pre Evacuate Collection Set: 0.1ms
[2025-11-08T14:53:22.665+0000][gc,phases     ] GC(727)   Evacuate Collection Set: 40.9ms
[2025-11-08T14:53:22.666+0000][gc,phases     ] GC(727)   Post Evacuate Collection Set: 9.8ms
[2025-11-08T14:53:22.666+0000][gc,phases     ] GC(727)   Other: 51.1ms
[2025-11-08T14:53:22.667+0000][gc,heap       ] GC(727) Eden regions: 30->0(30)
[2025-11-08T14:53:22.671+0000][gc,heap       ] GC(727) Survivor regions: 3->3(5)
[2025-11-08T14:53:22.672+0000][gc,heap       ] GC(727) Old regions: 64->64
[2025-11-08T14:53:22.672+0000][gc,heap       ] GC(727) Humongous regions: 147->147
[2025-11-08T14:53:22.673+0000][gc,metaspace  ] GC(727) Metaspace: 52267K(55472K)->52267K(55472K) NonClass: 46480K(48304K)->46480K(48304K) Class: 5787K(7168K)->5787K(7168K)
[2025-11-08T14:53:22.674+0000][gc            ] GC(727) Pause Young (Normal) (G1 Evacuation Pause) 243M->213M(667M) 124.581ms
[2025-11-08T14:53:22.675+0000][gc,cpu        ] GC(727) User=0.12s Sys=0.03s Real=0.13s
[2025-11-08T14:53:25.774+0000][gc,start      ] GC(728) Pause Young (Normal) (G1 Evacuation Pause)
[2025-11-08T14:53:25.775+0000][gc,task       ] GC(728) Using 2 workers of 2 for evacuation
[2025-11-08T14:53:25.793+0000][gc,phases     ] GC(728)   Pre Evacuate Collection Set: 0.0ms
[2025-11-08T14:53:25.793+0000][gc,phases     ] GC(728)   Evacuate Collection Set: 16.3ms
[2025-11-08T14:53:25.794+0000][gc,phases     ] GC(728)   Post Evacuate Collection Set: 0.9ms
[2025-11-08T14:53:25.795+0000][gc,phases     ] GC(728)   Other: 1.2ms
[2025-11-08T14:53:25.795+0000][gc,heap       ] GC(728) Eden regions: 30->0(31)
[2025-11-08T14:53:25.796+0000][gc,heap       ] GC(728) Survivor regions: 3->2(5)
[2025-11-08T14:53:25.796+0000][gc,heap       ] GC(728) Old regions: 64->64
[2025-11-08T14:53:25.796+0000][gc,heap       ] GC(728) Humongous regions: 147->147
[2025-11-08T14:53:25.797+0000][gc,metaspace  ] GC(728) Metaspace: 52280K(55472K)->52280K(55472K) NonClass: 46492K(48304K)->46492K(48304K) Class: 5787K(7168K)->5787K(7168K)
[2025-11-08T14:53:25.797+0000][gc            ] GC(728) Pause Young (Normal) (G1 Evacuation Pause) 243M->212M(667M) 22.673ms
[2025-11-08T14:53:25.798+0000][gc,cpu        ] GC(728) User=0.03s Sys=0.00s Real=0.02s
[2025-11-08T14:53:28.314+0000][gc,start      ] GC(729) Pause Young (Normal) (G1 Evacuation Pause)
[2025-11-08T14:53:28.315+0000][gc,task       ] GC(729) Using 2 workers of 2 for evacuation
[2025-11-08T14:53:28.337+0000][gc,mmu        ] GC(729) MMU target violated: 21.0ms (20.0ms/21.0ms)
[2025-11-08T14:53:28.339+0000][gc,phases     ] GC(729)   Pre Evacuate Collection Set: 0.0ms
[2025-11-08T14:53:28.340+0000][gc,phases     ] GC(729)   Evacuate Collection Set: 18.5ms
[2025-11-08T14:53:28.341+0000][gc,phases     ] GC(729)   Post Evacuate Collection Set: 3.0ms
[2025-11-08T14:53:28.341+0000][gc,phases     ] GC(729)   Other: 3.3ms
[2025-11-08T14:53:28.343+0000][gc,heap       ] GC(729) Eden regions: 31->0(31)
[2025-11-08T14:53:28.343+0000][gc,heap       ] GC(729) Survivor regions: 2->2(5)
[2025-11-08T14:53:28.343+0000][gc,heap       ] GC(729) Old regions: 64->64
[2025-11-08T14:53:28.344+0000][gc,heap       ] GC(729) Humongous regions: 147->147
[2025-11-08T14:53:28.344+0000][gc,metaspace  ] GC(729) Metaspace: 52280K(55472K)->52280K(55472K) NonClass: 46492K(48304K)->46492K(48304K) Class: 5787K(7168K)->5787K(7168K)
[2025-11-08T14:53:28.345+0000][gc            ] GC(729) Pause Young (Normal) (G1 Evacuation Pause) 243M->212M(667M) 30.781ms
[2025-11-08T14:53:28.345+0000][gc,cpu        ] GC(729) User=0.03s Sys=0.01s Real=0.04s
[2025-11-08T14:53:30.865+0000][gc,start      ] GC(730) Pause Young (Normal) (G1 Evacuation Pause)
[2025-11-08T14:53:30.866+0000][gc,task       ] GC(730) Using 2 workers of 2 for evacuation
[2025-11-08T14:53:30.881+0000][gc,phases     ] GC(730)   Pre Evacuate Collection Set: 0.0ms
[2025-11-08T14:53:30.881+0000][gc,phases     ] GC(730)   Evacuate Collection Set: 10.8ms
[2025-11-08T14:53:30.882+0000][gc,phases     ] GC(730)   Post Evacuate Collection Set: 1.4ms
[2025-11-08T14:53:30.882+0000][gc,phases     ] GC(730)   Other: 3.1ms
[2025-11-08T14:53:30.883+0000][gc,heap       ] GC(730) Eden regions: 31->0(31)
[2025-11-08T14:53:30.883+0000][gc,heap       ] GC(730) Survivor regions: 2->2(5)
[2025-11-08T14:53:30.883+0000][gc,heap       ] GC(730) Old regions: 64->64
[2025-11-08T14:53:30.884+0000][gc,heap       ] GC(730) Humongous regions: 147->147
[2025-11-08T14:53:30.884+0000][gc,metaspace  ] GC(730) Metaspace: 52280K(55472K)->52280K(55472K) NonClass: 46492K(48304K)->46492K(48304K) Class: 5787K(7168K)->5787K(7168K)
[2025-11-08T14:53:30.884+0000][gc            ] GC(730) Pause Young (Normal) (G1 Evacuation Pause) 243M->212M(667M) 18.759ms
[2025-11-08T14:53:30.884+0000][gc,cpu        ] GC(730) User=0.02s Sys=0.00s Real=0.02s
[2025-11-08T14:53:33.190+0000][gc,start      ] GC(731) Pause Young (Normal) (G1 Evacuation Pause)
[2025-11-08T14:53:33.191+0000][gc,task       ] GC(731) Using 2 workers of 2 for evacuation
[2025-11-08T14:53:33.209+0000][gc,phases     ] GC(731)   Pre Evacuate Collection Set: 0.0ms
[2025-11-08T14:53:33.209+0000][gc,phases     ] GC(731)   Evacuate Collection Set: 16.0ms
[2025-11-08T14:53:33.209+0000][gc,phases     ] GC(731)   Post Evacuate Collection Set: 1.3ms
[2025-11-08T14:53:33.210+0000][gc,phases     ] GC(731)   Other: 1.4ms
[2025-11-08T14:53:33.210+0000][gc,heap       ] GC(731) Eden regions: 31->0(30)
[2025-11-08T14:53:33.210+0000][gc,heap       ] GC(731) Survivor regions: 2->3(5)
[2025-11-08T14:53:33.211+0000][gc,heap       ] GC(731) Old regions: 64->64
[2025-11-08T14:53:33.211+0000][gc,heap       ] GC(731) Humongous regions: 147->147
[2025-11-08T14:53:33.211+0000][gc,metaspace  ] GC(731) Metaspace: 52280K(55472K)->52280K(55472K) NonClass: 46492K(48304K)->46492K(48304K) Class: 5787K(7168K)->5787K(7168K)
[2025-11-08T14:53:33.212+0000][gc            ] GC(731) Pause Young (Normal) (G1 Evacuation Pause) 243M->213M(667M) 21.531ms
[2025-11-08T14:53:33.212+0000][gc,cpu        ] GC(731) User=0.03s Sys=0.00s Real=0.02s
[2025-11-08T14:53:35.489+0000][gc,start      ] GC(732) Pause Young (Normal) (G1 Evacuation Pause)
[2025-11-08T14:53:35.490+0000][gc,task       ] GC(732) Using 2 workers of 2 for evacuation
[2025-11-08T14:53:35.512+0000][gc,mmu        ] GC(732) MMU target violated: 21.0ms (20.0ms/21.0ms)
[2025-11-08T14:53:35.513+0000][gc,phases     ] GC(732)   Pre Evacuate Collection Set: 0.0ms
[2025-11-08T14:53:35.514+0000][gc,phases     ] GC(732)   Evacuate Collection Set: 20.6ms
[2025-11-08T14:53:35.514+0000][gc,phases     ] GC(732)   Post Evacuate Collection Set: 1.3ms
[2025-11-08T14:53:35.515+0000][gc,phases     ] GC(732)   Other: 2.6ms
[2025-11-08T14:53:35.515+0000][gc,heap       ] GC(732) Eden regions: 30->0(30)
[2025-11-08T14:53:35.516+0000][gc,heap       ] GC(732) Survivor regions: 3->3(5)
[2025-11-08T14:53:35.516+0000][gc,heap       ] GC(732) Old regions: 64->65
[2025-11-08T14:53:35.516+0000][gc,heap       ] GC(732) Humongous regions: 147->147
[2025-11-08T14:53:35.517+0000][gc,metaspace  ] GC(732) Metaspace: 52280K(55472K)->52280K(55472K) NonClass: 46492K(48304K)->46492K(48304K) Class: 5787K(7168K)->5787K(7168K)
[2025-11-08T14:53:35.517+0000][gc            ] GC(732) Pause Young (Normal) (G1 Evacuation Pause) 243M->213M(667M) 28.368ms
[2025-11-08T14:53:35.518+0000][gc,cpu        ] GC(732) User=0.04s Sys=0.00s Real=0.03s
[2025-11-08T14:53:37.815+0000][gc,start      ] GC(733) Pause Young (Normal) (G1 Evacuation Pause)
[2025-11-08T14:53:37.815+0000][gc,task       ] GC(733) Using 2 workers of 2 for evacuation
[2025-11-08T14:53:37.830+0000][gc,phases     ] GC(733)   Pre Evacuate Collection Set: 0.0ms
[2025-11-08T14:53:37.830+0000][gc,phases     ] GC(733)   Evacuate Collection Set: 13.3ms
[2025-11-08T14:53:37.831+0000][gc,phases     ] GC(733)   Post Evacuate Collection Set: 1.2ms
[2025-11-08T14:53:37.831+0000][gc,phases     ] GC(733)   Other: 1.0ms
[2025-11-08T14:53:37.832+0000][gc,heap       ] GC(733) Eden regions: 30->0(31)
[2025-11-08T14:53:37.832+0000][gc,heap       ] GC(733) Survivor regions: 3->2(5)
[2025-11-08T14:53:37.832+0000][gc,heap       ] GC(733) Old regions: 65->65
[2025-11-08T14:53:37.833+0000][gc,heap       ] GC(733) Humongous regions: 147->147
[2025-11-08T14:53:37.833+0000][gc,metaspace  ] GC(733) Metaspace: 52280K(55472K)->52280K(55472K) NonClass: 46492K(48304K)->46492K(48304K) Class: 5787K(7168K)->5787K(7168K)
[2025-11-08T14:53:37.834+0000][gc            ] GC(733) Pause Young (Normal) (G1 Evacuation Pause) 243M->213M(667M) 18.843ms
[2025-11-08T14:53:37.834+0000][gc,cpu        ] GC(733) User=0.03s Sys=0.00s Real=0.02s
[2025-11-08T14:53:40.216+0000][gc,start      ] GC(734) Pause Young (Normal) (G1 Evacuation Pause)
[2025-11-08T14:53:40.216+0000][gc,task       ] GC(734) Using 2 workers of 2 for evacuation
[2025-11-08T14:53:40.230+0000][gc,phases     ] GC(734)   Pre Evacuate Collection Set: 0.0ms
[2025-11-08T14:53:40.231+0000][gc,phases     ] GC(734)   Evacuate Collection Set: 12.1ms
[2025-11-08T14:53:40.231+0000][gc,phases     ] GC(734)   Post Evacuate Collection Set: 1.4ms
[2025-11-08T14:53:40.232+0000][gc,phases     ] GC(734)   Other: 0.8ms
[2025-11-08T14:53:40.232+0000][gc,heap       ] GC(734) Eden regions: 31->0(31)
[2025-11-08T14:53:40.232+0000][gc,heap       ] GC(734) Survivor regions: 2->2(5)
[2025-11-08T14:53:40.233+0000][gc,heap       ] GC(734) Old regions: 65->65
[2025-11-08T14:53:40.233+0000][gc,heap       ] GC(734) Humongous regions: 147->147
[2025-11-08T14:53:40.233+0000][gc,metaspace  ] GC(734) Metaspace: 52280K(55472K)->52280K(55472K) NonClass: 46492K(48304K)->46492K(48304K) Class: 5787K(7168K)->5787K(7168K)
[2025-11-08T14:53:40.234+0000][gc            ] GC(734) Pause Young (Normal) (G1 Evacuation Pause) 244M->212M(667M) 18.231ms
[2025-11-08T14:53:40.234+0000][gc,cpu        ] GC(734) User=0.02s Sys=0.00s Real=0.02s
[2025-11-08T14:53:42.579+0000][gc,start      ] GC(735) Pause Young (Normal) (G1 Evacuation Pause)
[2025-11-08T14:53:42.579+0000][gc,task       ] GC(735) Using 2 workers of 2 for evacuation
[2025-11-08T14:53:42.591+0000][gc,phases     ] GC(735)   Pre Evacuate Collection Set: 0.0ms
[2025-11-08T14:53:42.591+0000][gc,phases     ] GC(735)   Evacuate Collection Set: 9.8ms
[2025-11-08T14:53:42.591+0000][gc,phases     ] GC(735)   Post Evacuate Collection Set: 1.2ms
[2025-11-08T14:53:42.592+0000][gc,phases     ] GC(735)   Other: 0.9ms
[2025-11-08T14:53:42.592+0000][gc,heap       ] GC(735) Eden regions: 31->0(34)
[2025-11-08T14:53:42.592+0000][gc,heap       ] GC(735) Survivor regions: 2->2(5)
[2025-11-08T14:53:42.592+0000][gc,heap       ] GC(735) Old regions: 65->65
[2025-11-08T14:53:42.593+0000][gc,heap       ] GC(735) Humongous regions: 147->147
[2025-11-08T14:53:42.593+0000][gc,metaspace  ] GC(735) Metaspace: 52281K(55472K)->52281K(55472K) NonClass: 46494K(48304K)->46494K(48304K) Class: 5787K(7168K)->5787K(7168K)
[2025-11-08T14:53:42.593+0000][gc            ] GC(735) Pause Young (Normal) (G1 Evacuation Pause) 243M->212M(667M) 14.390ms
[2025-11-08T14:53:42.593+0000][gc,cpu        ] GC(735) User=0.02s Sys=0.00s Real=0.01s
[2025-11-08T14:53:45.221+0000][gc,start      ] GC(736) Pause Young (Normal) (G1 Evacuation Pause)
[2025-11-08T14:53:45.222+0000][gc,task       ] GC(736) Using 2 workers of 2 for evacuation
[2025-11-08T14:53:45.253+0000][gc,mmu        ] GC(736) MMU target violated: 21.0ms (20.0ms/21.0ms)
[2025-11-08T14:53:45.253+0000][gc,phases     ] GC(736)   Pre Evacuate Collection Set: 0.0ms
[2025-11-08T14:53:45.254+0000][gc,phases     ] GC(736)   Evacuate Collection Set: 29.5ms
[2025-11-08T14:53:45.254+0000][gc,phases     ] GC(736)   Post Evacuate Collection Set: 1.0ms
[2025-11-08T14:53:45.254+0000][gc,phases     ] GC(736)   Other: 1.6ms
[2025-11-08T14:53:45.255+0000][gc,heap       ] GC(736) Eden regions: 34->0(31)
[2025-11-08T14:53:45.255+0000][gc,heap       ] GC(736) Survivor regions: 2->2(5)
[2025-11-08T14:53:45.255+0000][gc,heap       ] GC(736) Old regions: 65->65
[2025-11-08T14:53:45.255+0000][gc,heap       ] GC(736) Humongous regions: 147->147
[2025-11-08T14:53:45.256+0000][gc,metaspace  ] GC(736) Metaspace: 52281K(55472K)->52281K(55472K) NonClass: 46494K(48304K)->46494K(48304K) Class: 5787K(7168K)->5787K(7168K)
[2025-11-08T14:53:45.257+0000][gc            ] GC(736) Pause Young (Normal) (G1 Evacuation Pause) 246M->212M(667M) 36.020ms
[2025-11-08T14:53:45.258+0000][gc,cpu        ] GC(736) User=0.04s Sys=0.00s Real=0.04s
[2025-11-08T14:53:47.694+0000][gc,start      ] GC(737) Pause Young (Normal) (G1 Evacuation Pause)
[2025-11-08T14:53:47.695+0000][gc,task       ] GC(737) Using 2 workers of 2 for evacuation
[2025-11-08T14:53:47.711+0000][gc,phases     ] GC(737)   Pre Evacuate Collection Set: 0.0ms
[2025-11-08T14:53:47.711+0000][gc,phases     ] GC(737)   Evacuate Collection Set: 14.3ms
[2025-11-08T14:53:47.712+0000][gc,phases     ] GC(737)   Post Evacuate Collection Set: 1.4ms
[2025-11-08T14:53:47.712+0000][gc,phases     ] GC(737)   Other: 1.2ms
[2025-11-08T14:53:47.713+0000][gc,heap       ] GC(737) Eden regions: 31->0(30)
[2025-11-08T14:53:47.714+0000][gc,heap       ] GC(737) Survivor regions: 2->3(5)
[2025-11-08T14:53:47.714+0000][gc,heap       ] GC(737) Old regions: 65->65
[2025-11-08T14:53:47.714+0000][gc,heap       ] GC(737) Humongous regions: 147->147
[2025-11-08T14:53:47.714+0000][gc,metaspace  ] GC(737) Metaspace: 52281K(55472K)->52281K(55472K) NonClass: 46494K(48304K)->46494K(48304K) Class: 5787K(7168K)->5787K(7168K)
[2025-11-08T14:53:47.715+0000][gc            ] GC(737) Pause Young (Normal) (G1 Evacuation Pause) 243M->214M(667M) 20.442ms
[2025-11-08T14:53:47.715+0000][gc,cpu        ] GC(737) User=0.03s Sys=0.00s Real=0.02s
[2025-11-08T14:53:50.059+0000][gc,start      ] GC(738) Pause Young (Normal) (G1 Evacuation Pause)
[2025-11-08T14:53:50.060+0000][gc,task       ] GC(738) Using 2 workers of 2 for evacuation
[2025-11-08T14:53:50.080+0000][gc,phases     ] GC(738)   Pre Evacuate Collection Set: 0.0ms
[2025-11-08T14:53:50.080+0000][gc,phases     ] GC(738)   Evacuate Collection Set: 17.0ms
[2025-11-08T14:53:50.081+0000][gc,phases     ] GC(738)   Post Evacuate Collection Set: 1.3ms
[2025-11-08T14:53:50.081+0000][gc,phases     ] GC(738)   Other: 2.2ms
[2025-11-08T14:53:50.082+0000][gc,heap       ] GC(738) Eden regions: 30->0(30)
[2025-11-08T14:53:50.082+0000][gc,heap       ] GC(738) Survivor regions: 3->3(5)
[2025-11-08T14:53:50.083+0000][gc,heap       ] GC(738) Old regions: 65->65
[2025-11-08T14:53:50.083+0000][gc,heap       ] GC(738) Humongous regions: 147->147
[2025-11-08T14:53:50.083+0000][gc,metaspace  ] GC(738) Metaspace: 52281K(55472K)->52281K(55472K) NonClass: 46494K(48304K)->46494K(48304K) Class: 5787K(7168K)->5787K(7168K)
[2025-11-08T14:53:50.084+0000][gc            ] GC(738) Pause Young (Normal) (G1 Evacuation Pause) 244M->214M(667M) 24.296ms
[2025-11-08T14:53:50.084+0000][gc,cpu        ] GC(738) User=0.04s Sys=0.00s Real=0.02s
[2025-11-08T14:53:52.486+0000][gc,start      ] GC(739) Pause Young (Normal) (G1 Evacuation Pause)
[2025-11-08T14:53:52.486+0000][gc,task       ] GC(739) Using 2 workers of 2 for evacuation
[2025-11-08T14:53:52.504+0000][gc,phases     ] GC(739)   Pre Evacuate Collection Set: 0.0ms
[2025-11-08T14:53:52.505+0000][gc,phases     ] GC(739)   Evacuate Collection Set: 14.3ms
[2025-11-08T14:53:52.505+0000][gc,phases     ] GC(739)   Post Evacuate Collection Set: 1.8ms
[2025-11-08T14:53:52.506+0000][gc,phases     ] GC(739)   Other: 2.5ms
[2025-11-08T14:53:52.507+0000][gc,heap       ] GC(739) Eden regions: 30->0(31)
[2025-11-08T14:53:52.507+0000][gc,heap       ] GC(739) Survivor regions: 3->2(5)
[2025-11-08T14:53:52.507+0000][gc,heap       ] GC(739) Old regions: 65->65
[2025-11-08T14:53:52.508+0000][gc,heap       ] GC(739) Humongous regions: 147->147
[2025-11-08T14:53:52.508+0000][gc,metaspace  ] GC(739) Metaspace: 52281K(55472K)->52281K(55472K) NonClass: 46494K(48304K)->46494K(48304K) Class: 5787K(7168K)->5787K(7168K)
[2025-11-08T14:53:52.509+0000][gc            ] GC(739) Pause Young (Normal) (G1 Evacuation Pause) 244M->213M(667M) 22.910ms
[2025-11-08T14:53:52.509+0000][gc,cpu        ] GC(739) User=0.04s Sys=0.00s Real=0.03s
[2025-11-08T14:53:55.167+0000][gc,start      ] GC(740) Pause Young (Normal) (G1 Evacuation Pause)
[2025-11-08T14:53:55.168+0000][gc,task       ] GC(740) Using 2 workers of 2 for evacuation
[2025-11-08T14:53:55.179+0000][gc,phases     ] GC(740)   Pre Evacuate Collection Set: 0.0ms
[2025-11-08T14:53:55.179+0000][gc,phases     ] GC(740)   Evacuate Collection Set: 9.8ms
[2025-11-08T14:53:55.180+0000][gc,phases     ] GC(740)   Post Evacuate Collection Set: 0.9ms
[2025-11-08T14:53:55.180+0000][gc,phases     ] GC(740)   Other: 1.2ms
[2025-11-08T14:53:55.180+0000][gc,heap       ] GC(740) Eden regions: 31->0(33)
[2025-11-08T14:53:55.181+0000][gc,heap       ] GC(740) Survivor regions: 2->2(5)
[2025-11-08T14:53:55.181+0000][gc,heap       ] GC(740) Old regions: 65->65
[2025-11-08T14:53:55.181+0000][gc,heap       ] GC(740) Humongous regions: 147->147
[2025-11-08T14:53:55.181+0000][gc,metaspace  ] GC(740) Metaspace: 52282K(55472K)->52282K(55472K) NonClass: 46495K(48304K)->46495K(48304K) Class: 5787K(7168K)->5787K(7168K)
[2025-11-08T14:53:55.182+0000][gc            ] GC(740) Pause Young (Normal) (G1 Evacuation Pause) 244M->213M(667M) 14.488ms
[2025-11-08T14:53:55.182+0000][gc,cpu        ] GC(740) User=0.02s Sys=0.00s Real=0.01s
[2025-11-08T14:53:57.621+0000][gc,start      ] GC(741) Pause Young (Normal) (G1 Evacuation Pause)
[2025-11-08T14:53:57.621+0000][gc,task       ] GC(741) Using 2 workers of 2 for evacuation
[2025-11-08T14:53:57.634+0000][gc,phases     ] GC(741)   Pre Evacuate Collection Set: 0.0ms
[2025-11-08T14:53:57.635+0000][gc,phases     ] GC(741)   Evacuate Collection Set: 11.1ms
[2025-11-08T14:53:57.635+0000][gc,phases     ] GC(741)   Post Evacuate Collection Set: 1.1ms
[2025-11-08T14:53:57.635+0000][gc,phases     ] GC(741)   Other: 1.2ms
[2025-11-08T14:53:57.636+0000][gc,heap       ] GC(741) Eden regions: 33->0(36)
[2025-11-08T14:53:57.636+0000][gc,heap       ] GC(741) Survivor regions: 2->2(5)
[2025-11-08T14:53:57.636+0000][gc,heap       ] GC(741) Old regions: 65->65
[2025-11-08T14:53:57.637+0000][gc,heap       ] GC(741) Humongous regions: 147->147
[2025-11-08T14:53:57.637+0000][gc,metaspace  ] GC(741) Metaspace: 52282K(55472K)->52282K(55472K) NonClass: 46495K(48304K)->46495K(48304K) Class: 5787K(7168K)->5787K(7168K)
[2025-11-08T14:53:57.637+0000][gc            ] GC(741) Pause Young (Normal) (G1 Evacuation Pause) 246M->213M(667M) 16.413ms
[2025-11-08T14:53:57.638+0000][gc,cpu        ] GC(741) User=0.03s Sys=0.00s Real=0.02s
[2025-11-08T14:54:00.144+0000][gc,start      ] GC(742) Pause Young (Normal) (G1 Evacuation Pause)
[2025-11-08T14:54:00.145+0000][gc,task       ] GC(742) Using 2 workers of 2 for evacuation
[2025-11-08T14:54:00.164+0000][gc,phases     ] GC(742)   Pre Evacuate Collection Set: 0.0ms
[2025-11-08T14:54:00.164+0000][gc,phases     ] GC(742)   Evacuate Collection Set: 16.9ms
[2025-11-08T14:54:00.165+0000][gc,phases     ] GC(742)   Post Evacuate Collection Set: 1.6ms
[2025-11-08T14:54:00.165+0000][gc,phases     ] GC(742)   Other: 1.2ms
[2025-11-08T14:54:00.166+0000][gc,heap       ] GC(742) Eden regions: 31->0(35)
[2025-11-08T14:54:00.166+0000][gc,heap       ] GC(742) Survivor regions: 2->4(5)
[2025-11-08T14:54:00.166+0000][gc,heap       ] GC(742) Old regions: 65->65
[2025-11-08T14:54:00.167+0000][gc,heap       ] GC(742) Humongous regions: 147->147
[2025-11-08T14:54:00.167+0000][gc,metaspace  ] GC(742) Metaspace: 52282K(55472K)->52282K(55472K) NonClass: 46495K(48304K)->46495K(48304K) Class: 5787K(7168K)->5787K(7168K)
[2025-11-08T14:54:00.167+0000][gc            ] GC(742) Pause Young (Normal) (G1 Evacuation Pause) 244M->214M(667M) 23.203ms
[2025-11-08T14:54:00.168+0000][gc,cpu        ] GC(742) User=0.04s Sys=0.00s Real=0.03s
[2025-11-08T14:54:02.402+0000][gc,start      ] GC(743) Pause Young (Normal) (G1 Evacuation Pause)
[2025-11-08T14:54:02.403+0000][gc,task       ] GC(743) Using 2 workers of 2 for evacuation
[2025-11-08T14:54:02.419+0000][gc,phases     ] GC(743)   Pre Evacuate Collection Set: 0.0ms
[2025-11-08T14:54:02.419+0000][gc,phases     ] GC(743)   Evacuate Collection Set: 14.2ms
[2025-11-08T14:54:02.419+0000][gc,phases     ] GC(743)   Post Evacuate Collection Set: 1.2ms
[2025-11-08T14:54:02.420+0000][gc,phases     ] GC(743)   Other: 1.1ms
[2025-11-08T14:54:02.420+0000][gc,heap       ] GC(743) Eden regions: 29->0(37)
[2025-11-08T14:54:02.420+0000][gc,heap       ] GC(743) Survivor regions: 4->3(5)
[2025-11-08T14:54:02.421+0000][gc,heap       ] GC(743) Old regions: 65->66
[2025-11-08T14:54:02.421+0000][gc,heap       ] GC(743) Humongous regions: 147->147
[2025-11-08T14:54:02.421+0000][gc,metaspace  ] GC(743) Metaspace: 52282K(55472K)->52282K(55472K) NonClass: 46495K(48304K)->46495K(48304K) Class: 5787K(7168K)->5787K(7168K)
[2025-11-08T14:54:02.421+0000][gc            ] GC(743) Pause Young (Normal) (G1 Evacuation Pause) 243M->214M(667M) 19.061ms
[2025-11-08T14:54:02.422+0000][gc,cpu        ] GC(743) User=0.03s Sys=0.00s Real=0.02s
[2025-11-08T14:54:05.069+0000][gc,start      ] GC(744) Pause Young (Normal) (G1 Evacuation Pause)
[2025-11-08T14:54:05.070+0000][gc,task       ] GC(744) Using 2 workers of 2 for evacuation
[2025-11-08T14:54:05.088+0000][gc,phases     ] GC(744)   Pre Evacuate Collection Set: 0.0ms
[2025-11-08T14:54:05.088+0000][gc,phases     ] GC(744)   Evacuate Collection Set: 15.7ms
[2025-11-08T14:54:05.090+0000][gc,phases     ] GC(744)   Post Evacuate Collection Set: 1.3ms
[2025-11-08T14:54:05.091+0000][gc,phases     ] GC(744)   Other: 2.3ms
[2025-11-08T14:54:05.092+0000][gc,heap       ] GC(744) Eden regions: 37->0(37)
[2025-11-08T14:54:05.092+0000][gc,heap       ] GC(744) Survivor regions: 3->3(5)
[2025-11-08T14:54:05.093+0000][gc,heap       ] GC(744) Old regions: 66->66
[2025-11-08T14:54:05.093+0000][gc,heap       ] GC(744) Humongous regions: 147->147
[2025-11-08T14:54:05.094+0000][gc,metaspace  ] GC(744) Metaspace: 52282K(55472K)->52282K(55472K) NonClass: 46495K(48304K)->46495K(48304K) Class: 5787K(7168K)->5787K(7168K)
[2025-11-08T14:54:05.095+0000][gc            ] GC(744) Pause Young (Normal) (G1 Evacuation Pause) 251M->214M(667M) 26.159ms
[2025-11-08T14:54:05.095+0000][gc,cpu        ] GC(744) User=0.04s Sys=0.00s Real=0.02s
[2025-11-08T14:54:08.159+0000][gc,start      ] GC(745) Pause Young (Normal) (G1 Evacuation Pause)
[2025-11-08T14:54:08.160+0000][gc,task       ] GC(745) Using 2 workers of 2 for evacuation
[2025-11-08T14:54:08.171+0000][gc,phases     ] GC(745)   Pre Evacuate Collection Set: 0.0ms
[2025-11-08T14:54:08.172+0000][gc,phases     ] GC(745)   Evacuate Collection Set: 9.5ms
[2025-11-08T14:54:08.172+0000][gc,phases     ] GC(745)   Post Evacuate Collection Set: 1.5ms
[2025-11-08T14:54:08.172+0000][gc,phases     ] GC(745)   Other: 1.1ms
[2025-11-08T14:54:08.172+0000][gc,heap       ] GC(745) Eden regions: 37->0(41)
[2025-11-08T14:54:08.173+0000][gc,heap       ] GC(745) Survivor regions: 3->1(5)
[2025-11-08T14:54:08.173+0000][gc,heap       ] GC(745) Old regions: 66->66
[2025-11-08T14:54:08.174+0000][gc,heap       ] GC(745) Humongous regions: 147->147
[2025-11-08T14:54:08.174+0000][gc,metaspace  ] GC(745) Metaspace: 52282K(55472K)->52282K(55472K) NonClass: 46495K(48304K)->46495K(48304K) Class: 5787K(7168K)->5787K(7168K)
[2025-11-08T14:54:08.174+0000][gc            ] GC(745) Pause Young (Normal) (G1 Evacuation Pause) 251M->213M(667M) 14.992ms
[2025-11-08T14:54:08.174+0000][gc,cpu        ] GC(745) User=0.02s Sys=0.00s Real=0.01s
[2025-11-08T14:54:11.401+0000][gc,start      ] GC(746) Pause Young (Normal) (G1 Evacuation Pause)
[2025-11-08T14:54:11.401+0000][gc,task       ] GC(746) Using 2 workers of 2 for evacuation
[2025-11-08T14:54:11.421+0000][gc,phases     ] GC(746)   Pre Evacuate Collection Set: 0.1ms
[2025-11-08T14:54:11.422+0000][gc,phases     ] GC(746)   Evacuate Collection Set: 14.7ms
[2025-11-08T14:54:11.424+0000][gc,phases     ] GC(746)   Post Evacuate Collection Set: 2.7ms
[2025-11-08T14:54:11.425+0000][gc,phases     ] GC(746)   Other: 3.3ms
[2025-11-08T14:54:11.426+0000][gc,heap       ] GC(746) Eden regions: 41->0(40)
[2025-11-08T14:54:11.426+0000][gc,heap       ] GC(746) Survivor regions: 1->2(6)
[2025-11-08T14:54:11.426+0000][gc,heap       ] GC(746) Old regions: 66->66
[2025-11-08T14:54:11.427+0000][gc,heap       ] GC(746) Humongous regions: 147->147
[2025-11-08T14:54:11.427+0000][gc,metaspace  ] GC(746) Metaspace: 52282K(55472K)->52282K(55472K) NonClass: 46495K(48304K)->46495K(48304K) Class: 5787K(7168K)->5787K(7168K)
[2025-11-08T14:54:11.428+0000][gc            ] GC(746) Pause Young (Normal) (G1 Evacuation Pause) 254M->214M(667M) 26.708ms
[2025-11-08T14:54:11.430+0000][gc,cpu        ] GC(746) User=0.03s Sys=0.00s Real=0.03s
[2025-11-08T14:54:13.867+0000][gc,start      ] GC(747) Pause Young (Normal) (G1 Evacuation Pause)
[2025-11-08T14:54:13.867+0000][gc,task       ] GC(747) Using 2 workers of 2 for evacuation
[2025-11-08T14:54:13.884+0000][gc,phases     ] GC(747)   Pre Evacuate Collection Set: 0.0ms
[2025-11-08T14:54:13.885+0000][gc,phases     ] GC(747)   Evacuate Collection Set: 13.5ms
[2025-11-08T14:54:13.885+0000][gc,phases     ] GC(747)   Post Evacuate Collection Set: 2.9ms
[2025-11-08T14:54:13.887+0000][gc,phases     ] GC(747)   Other: 1.4ms
[2025-11-08T14:54:13.887+0000][gc,heap       ] GC(747) Eden regions: 31->0(37)
[2025-11-08T14:54:13.888+0000][gc,heap       ] GC(747) Survivor regions: 2->2(5)
[2025-11-08T14:54:13.888+0000][gc,heap       ] GC(747) Old regions: 66->66
[2025-11-08T14:54:13.888+0000][gc,heap       ] GC(747) Humongous regions: 147->147
[2025-11-08T14:54:13.888+0000][gc,metaspace  ] GC(747) Metaspace: 52282K(55472K)->52282K(55472K) NonClass: 46495K(48304K)->46495K(48304K) Class: 5787K(7168K)->5787K(7168K)
[2025-11-08T14:54:13.889+0000][gc            ] GC(747) Pause Young (Normal) (G1 Evacuation Pause) 245M->213M(667M) 22.229ms
[2025-11-08T14:54:13.891+0000][gc,cpu        ] GC(747) User=0.04s Sys=0.00s Real=0.03s
[2025-11-08T14:54:16.349+0000][gc,start      ] GC(748) Pause Young (Normal) (G1 Evacuation Pause)
[2025-11-08T14:54:16.349+0000][gc,task       ] GC(748) Using 2 workers of 2 for evacuation
[2025-11-08T14:54:16.361+0000][gc,phases     ] GC(748)   Pre Evacuate Collection Set: 0.0ms
[2025-11-08T14:54:16.363+0000][gc,phases     ] GC(748)   Evacuate Collection Set: 9.9ms
[2025-11-08T14:54:16.363+0000][gc,phases     ] GC(748)   Post Evacuate Collection Set: 1.4ms
[2025-11-08T14:54:16.364+0000][gc,phases     ] GC(748)   Other: 0.9ms
[2025-11-08T14:54:16.364+0000][gc,heap       ] GC(748) Eden regions: 31->0(37)
[2025-11-08T14:54:16.364+0000][gc,heap       ] GC(748) Survivor regions: 2->2(5)
[2025-11-08T14:54:16.365+0000][gc,heap       ] GC(748) Old regions: 66->66
[2025-11-08T14:54:16.365+0000][gc,heap       ] GC(748) Humongous regions: 147->147
[2025-11-08T14:54:16.365+0000][gc,metaspace  ] GC(748) Metaspace: 52282K(55472K)->52282K(55472K) NonClass: 46495K(48304K)->46495K(48304K) Class: 5787K(7168K)->5787K(7168K)
[2025-11-08T14:54:16.365+0000][gc            ] GC(748) Pause Young (Normal) (G1 Evacuation Pause) 244M->213M(667M) 16.672ms
[2025-11-08T14:54:16.366+0000][gc,cpu        ] GC(748) User=0.03s Sys=0.00s Real=0.01s
[2025-11-08T14:54:18.684+0000][gc,start      ] GC(749) Pause Young (Normal) (G1 Evacuation Pause)
[2025-11-08T14:54:18.687+0000][gc,task       ] GC(749) Using 2 workers of 2 for evacuation
[2025-11-08T14:54:18.711+0000][gc,mmu        ] GC(749) MMU target violated: 21.0ms (20.0ms/21.0ms)
[2025-11-08T14:54:18.711+0000][gc,phases     ] GC(749)   Pre Evacuate Collection Set: 0.0ms
[2025-11-08T14:54:18.713+0000][gc,phases     ] GC(749)   Evacuate Collection Set: 20.4ms
[2025-11-08T14:54:18.714+0000][gc,phases     ] GC(749)   Post Evacuate Collection Set: 1.5ms
[2025-11-08T14:54:18.719+0000][gc,phases     ] GC(749)   Other: 5.3ms
[2025-11-08T14:54:18.720+0000][gc,heap       ] GC(749) Eden regions: 31->0(35)
[2025-11-08T14:54:18.721+0000][gc,heap       ] GC(749) Survivor regions: 2->4(5)
[2025-11-08T14:54:18.722+0000][gc,heap       ] GC(749) Old regions: 66->66
[2025-11-08T14:54:18.722+0000][gc,heap       ] GC(749) Humongous regions: 147->147
[2025-11-08T14:54:18.723+0000][gc,metaspace  ] GC(749) Metaspace: 52282K(55472K)->52282K(55472K) NonClass: 46495K(48304K)->46495K(48304K) Class: 5787K(7168K)->5787K(7168K)
[2025-11-08T14:54:18.723+0000][gc            ] GC(749) Pause Young (Normal) (G1 Evacuation Pause) 244M->215M(667M) 39.317ms
[2025-11-08T14:54:18.724+0000][gc,cpu        ] GC(749) User=0.04s Sys=0.00s Real=0.04s
[2025-11-08T14:54:20.941+0000][gc,start      ] GC(750) Pause Young (Normal) (G1 Evacuation Pause)
[2025-11-08T14:54:20.942+0000][gc,task       ] GC(750) Using 2 workers of 2 for evacuation
[2025-11-08T14:54:20.963+0000][gc,mmu        ] GC(750) MMU target violated: 20.2ms (20.0ms/21.0ms)
[2025-11-08T14:54:20.963+0000][gc,phases     ] GC(750)   Pre Evacuate Collection Set: 0.0ms
[2025-11-08T14:54:20.965+0000][gc,phases     ] GC(750)   Evacuate Collection Set: 18.9ms
[2025-11-08T14:54:20.966+0000][gc,phases     ] GC(750)   Post Evacuate Collection Set: 1.0ms
[2025-11-08T14:54:20.966+0000][gc,phases     ] GC(750)   Other: 2.9ms
[2025-11-08T14:54:20.966+0000][gc,heap       ] GC(750) Eden regions: 29->0(36)
[2025-11-08T14:54:20.967+0000][gc,heap       ] GC(750) Survivor regions: 4->3(5)
[2025-11-08T14:54:20.968+0000][gc,heap       ] GC(750) Old regions: 66->66
[2025-11-08T14:54:20.968+0000][gc,heap       ] GC(750) Humongous regions: 147->147
[2025-11-08T14:54:20.969+0000][gc,metaspace  ] GC(750) Metaspace: 52282K(55472K)->52282K(55472K) NonClass: 46495K(48304K)->46495K(48304K) Class: 5787K(7168K)->5787K(7168K)
[2025-11-08T14:54:20.969+0000][gc            ] GC(750) Pause Young (Normal) (G1 Evacuation Pause) 244M->215M(667M) 28.030ms
[2025-11-08T14:54:20.970+0000][gc,cpu        ] GC(750) User=0.04s Sys=0.00s Real=0.03s
[2025-11-08T14:54:23.730+0000][gc,start      ] GC(751) Pause Young (Normal) (G1 Evacuation Pause)
[2025-11-08T14:54:23.730+0000][gc,task       ] GC(751) Using 2 workers of 2 for evacuation
[2025-11-08T14:54:23.743+0000][gc,phases     ] GC(751)   Pre Evacuate Collection Set: 0.0ms
[2025-11-08T14:54:23.743+0000][gc,phases     ] GC(751)   Evacuate Collection Set: 10.6ms
[2025-11-08T14:54:23.743+0000][gc,phases     ] GC(751)   Post Evacuate Collection Set: 0.9ms
[2025-11-08T14:54:23.743+0000][gc,phases     ] GC(751)   Other: 1.4ms
[2025-11-08T14:54:23.744+0000][gc,heap       ] GC(751) Eden regions: 36->0(39)
[2025-11-08T14:54:23.744+0000][gc,heap       ] GC(751) Survivor regions: 3->3(5)
[2025-11-08T14:54:23.744+0000][gc,heap       ] GC(751) Old regions: 66->66
[2025-11-08T14:54:23.745+0000][gc,heap       ] GC(751) Humongous regions: 147->147
[2025-11-08T14:54:23.745+0000][gc,metaspace  ] GC(751) Metaspace: 52282K(55472K)->52282K(55472K) NonClass: 46495K(48304K)->46495K(48304K) Class: 5787K(7168K)->5787K(7168K)
[2025-11-08T14:54:23.745+0000][gc            ] GC(751) Pause Young (Normal) (G1 Evacuation Pause) 251M->215M(667M) 15.655ms
[2025-11-08T14:54:23.746+0000][gc,cpu        ] GC(751) User=0.02s Sys=0.00s Real=0.01s
[2025-11-08T14:54:26.714+0000][gc,start      ] GC(752) Pause Young (Normal) (G1 Evacuation Pause)
[2025-11-08T14:54:26.714+0000][gc,task       ] GC(752) Using 2 workers of 2 for evacuation
[2025-11-08T14:54:26.730+0000][gc,phases     ] GC(752)   Pre Evacuate Collection Set: 0.0ms
[2025-11-08T14:54:26.731+0000][gc,phases     ] GC(752)   Evacuate Collection Set: 13.8ms
[2025-11-08T14:54:26.731+0000][gc,phases     ] GC(752)   Post Evacuate Collection Set: 1.6ms
[2025-11-08T14:54:26.732+0000][gc,phases     ] GC(752)   Other: 1.3ms
[2025-11-08T14:54:26.732+0000][gc,heap       ] GC(752) Eden regions: 39->0(40)
[2025-11-08T14:54:26.732+0000][gc,heap       ] GC(752) Survivor regions: 3->2(6)
[2025-11-08T14:54:26.733+0000][gc,heap       ] GC(752) Old regions: 66->66
[2025-11-08T14:54:26.733+0000][gc,heap       ] GC(752) Humongous regions: 147->147
[2025-11-08T14:54:26.733+0000][gc,metaspace  ] GC(752) Metaspace: 52282K(55472K)->52282K(55472K) NonClass: 46495K(48304K)->46495K(48304K) Class: 5787K(7168K)->5787K(7168K)
[2025-11-08T14:54:26.734+0000][gc            ] GC(752) Pause Young (Normal) (G1 Evacuation Pause) 254M->214M(667M) 20.165ms
[2025-11-08T14:54:26.734+0000][gc,cpu        ] GC(752) User=0.03s Sys=0.00s Real=0.02s
[2025-11-08T14:54:29.645+0000][gc,start      ] GC(753) Pause Young (Normal) (G1 Evacuation Pause)
[2025-11-08T14:54:29.645+0000][gc,task       ] GC(753) Using 2 workers of 2 for evacuation
[2025-11-08T14:54:29.662+0000][gc,phases     ] GC(753)   Pre Evacuate Collection Set: 0.0ms
[2025-11-08T14:54:29.663+0000][gc,phases     ] GC(753)   Evacuate Collection Set: 14.1ms
[2025-11-08T14:54:29.663+0000][gc,phases     ] GC(753)   Post Evacuate Collection Set: 1.6ms
[2025-11-08T14:54:29.664+0000][gc,phases     ] GC(753)   Other: 1.1ms
[2025-11-08T14:54:29.666+0000][gc,heap       ] GC(753) Eden regions: 40->0(41)
[2025-11-08T14:54:29.667+0000][gc,heap       ] GC(753) Survivor regions: 2->2(6)
[2025-11-08T14:54:29.667+0000][gc,heap       ] GC(753) Old regions: 66->66
[2025-11-08T14:54:29.667+0000][gc,heap       ] GC(753) Humongous regions: 147->147
[2025-11-08T14:54:29.668+0000][gc,metaspace  ] GC(753) Metaspace: 52282K(55472K)->52282K(55472K) NonClass: 46495K(48304K)->46495K(48304K) Class: 5787K(7168K)->5787K(7168K)
[2025-11-08T14:54:29.668+0000][gc            ] GC(753) Pause Young (Normal) (G1 Evacuation Pause) 254M->214M(667M) 22.981ms
[2025-11-08T14:54:29.669+0000][gc,cpu        ] GC(753) User=0.03s Sys=0.00s Real=0.03s
[2025-11-08T14:54:32.641+0000][gc,start      ] GC(754) Pause Young (Normal) (G1 Evacuation Pause)
[2025-11-08T14:54:32.641+0000][gc,task       ] GC(754) Using 2 workers of 2 for evacuation
[2025-11-08T14:54:32.656+0000][gc,phases     ] GC(754)   Pre Evacuate Collection Set: 0.0ms
[2025-11-08T14:54:32.656+0000][gc,phases     ] GC(754)   Evacuate Collection Set: 12.8ms
[2025-11-08T14:54:32.657+0000][gc,phases     ] GC(754)   Post Evacuate Collection Set: 1.3ms
[2025-11-08T14:54:32.657+0000][gc,phases     ] GC(754)   Other: 1.0ms
[2025-11-08T14:54:32.657+0000][gc,heap       ] GC(754) Eden regions: 41->0(42)
[2025-11-08T14:54:32.658+0000][gc,heap       ] GC(754) Survivor regions: 2->3(6)
[2025-11-08T14:54:32.658+0000][gc,heap       ] GC(754) Old regions: 66->66
[2025-11-08T14:54:32.659+0000][gc,heap       ] GC(754) Humongous regions: 147->147
[2025-11-08T14:54:32.659+0000][gc,metaspace  ] GC(754) Metaspace: 52282K(55472K)->52282K(55472K) NonClass: 46495K(48304K)->46495K(48304K) Class: 5787K(7168K)->5787K(7168K)
[2025-11-08T14:54:32.660+0000][gc            ] GC(754) Pause Young (Normal) (G1 Evacuation Pause) 255M->215M(667M) 19.064ms
[2025-11-08T14:54:32.660+0000][gc,cpu        ] GC(754) User=0.03s Sys=0.00s Real=0.02s
[2025-11-08T14:54:35.736+0000][gc,start      ] GC(755) Pause Young (Normal) (G1 Evacuation Pause)
[2025-11-08T14:54:35.737+0000][gc,task       ] GC(755) Using 2 workers of 2 for evacuation
[2025-11-08T14:54:35.750+0000][gc,phases     ] GC(755)   Pre Evacuate Collection Set: 0.0ms
[2025-11-08T14:54:35.750+0000][gc,phases     ] GC(755)   Evacuate Collection Set: 10.7ms
[2025-11-08T14:54:35.750+0000][gc,phases     ] GC(755)   Post Evacuate Collection Set: 1.2ms
[2025-11-08T14:54:35.751+0000][gc,phases     ] GC(755)   Other: 1.1ms
[2025-11-08T14:54:35.751+0000][gc,heap       ] GC(755) Eden regions: 42->0(44)
[2025-11-08T14:54:35.751+0000][gc,heap       ] GC(755) Survivor regions: 3->2(6)
[2025-11-08T14:54:35.752+0000][gc,heap       ] GC(755) Old regions: 66->66
[2025-11-08T14:54:35.752+0000][gc,heap       ] GC(755) Humongous regions: 147->147
[2025-11-08T14:54:35.752+0000][gc,metaspace  ] GC(755) Metaspace: 52282K(55472K)->52282K(55472K) NonClass: 46495K(48304K)->46495K(48304K) Class: 5787K(7168K)->5787K(7168K)
[2025-11-08T14:54:35.752+0000][gc            ] GC(755) Pause Young (Normal) (G1 Evacuation Pause) 257M->214M(667M) 15.936ms
[2025-11-08T14:54:35.753+0000][gc,cpu        ] GC(755) User=0.02s Sys=0.00s Real=0.02s
[2025-11-08T14:54:37.916+0000][gc,start      ] GC(756) Pause Young (Normal) (G1 Evacuation Pause)
[2025-11-08T14:54:37.916+0000][gc,task       ] GC(756) Using 2 workers of 2 for evacuation
[2025-11-08T14:54:37.927+0000][gc,phases     ] GC(756)   Pre Evacuate Collection Set: 0.0ms
[2025-11-08T14:54:37.927+0000][gc,phases     ] GC(756)   Evacuate Collection Set: 9.6ms
[2025-11-08T14:54:37.928+0000][gc,phases     ] GC(756)   Post Evacuate Collection Set: 0.9ms
[2025-11-08T14:54:37.928+0000][gc,phases     ] GC(756)   Other: 0.7ms
[2025-11-08T14:54:37.928+0000][gc,heap       ] GC(756) Eden regions: 31->0(40)
[2025-11-08T14:54:37.928+0000][gc,heap       ] GC(756) Survivor regions: 2->2(5)
[2025-11-08T14:54:37.929+0000][gc,heap       ] GC(756) Old regions: 66->66
[2025-11-08T14:54:37.929+0000][gc,heap       ] GC(756) Humongous regions: 147->147
[2025-11-08T14:54:37.929+0000][gc,metaspace  ] GC(756) Metaspace: 52282K(55472K)->52282K(55472K) NonClass: 46495K(48304K)->46495K(48304K) Class: 5787K(7168K)->5787K(7168K)
[2025-11-08T14:54:37.929+0000][gc            ] GC(756) Pause Young (Normal) (G1 Evacuation Pause) 245M->214M(667M) 13.184ms
[2025-11-08T14:54:37.929+0000][gc,cpu        ] GC(756) User=0.02s Sys=0.00s Real=0.02s
[2025-11-08T14:54:40.759+0000][gc,start      ] GC(757) Pause Young (Normal) (G1 Evacuation Pause)
[2025-11-08T14:54:40.759+0000][gc,task       ] GC(757) Using 2 workers of 2 for evacuation
[2025-11-08T14:54:40.776+0000][gc,phases     ] GC(757)   Pre Evacuate Collection Set: 0.0ms
[2025-11-08T14:54:40.776+0000][gc,phases     ] GC(757)   Evacuate Collection Set: 14.2ms
[2025-11-08T14:54:40.777+0000][gc,phases     ] GC(757)   Post Evacuate Collection Set: 1.1ms
[2025-11-08T14:54:40.777+0000][gc,phases     ] GC(757)   Other: 1.4ms
[2025-11-08T14:54:40.777+0000][gc,heap       ] GC(757) Eden regions: 40->0(41)
[2025-11-08T14:54:40.777+0000][gc,heap       ] GC(757) Survivor regions: 2->3(6)
[2025-11-08T14:54:40.778+0000][gc,heap       ] GC(757) Old regions: 66->66
[2025-11-08T14:54:40.778+0000][gc,heap       ] GC(757) Humongous regions: 147->147
[2025-11-08T14:54:40.778+0000][gc,metaspace  ] GC(757) Metaspace: 52282K(55472K)->52282K(55472K) NonClass: 46495K(48304K)->46495K(48304K) Class: 5787K(7168K)->5787K(7168K)
[2025-11-08T14:54:40.779+0000][gc            ] GC(757) Pause Young (Normal) (G1 Evacuation Pause) 254M->215M(667M) 19.685ms
[2025-11-08T14:54:40.779+0000][gc,cpu        ] GC(757) User=0.03s Sys=0.00s Real=0.02s
[2025-11-08T14:54:43.187+0000][gc,start      ] GC(758) Pause Young (Normal) (G1 Evacuation Pause)
[2025-11-08T14:54:43.188+0000][gc,task       ] GC(758) Using 2 workers of 2 for evacuation
[2025-11-08T14:54:43.204+0000][gc,phases     ] GC(758)   Pre Evacuate Collection Set: 0.0ms
[2025-11-08T14:54:43.204+0000][gc,phases     ] GC(758)   Evacuate Collection Set: 13.2ms
[2025-11-08T14:54:43.204+0000][gc,phases     ] GC(758)   Post Evacuate Collection Set: 1.6ms
[2025-11-08T14:54:43.205+0000][gc,phases     ] GC(758)   Other: 1.9ms
[2025-11-08T14:54:43.205+0000][gc,heap       ] GC(758) Eden regions: 33->0(41)
[2025-11-08T14:54:43.206+0000][gc,heap       ] GC(758) Survivor regions: 3->3(5)
[2025-11-08T14:54:43.207+0000][gc,heap       ] GC(758) Old regions: 66->66
[2025-11-08T14:54:43.207+0000][gc,heap       ] GC(758) Humongous regions: 147->147
[2025-11-08T14:54:43.207+0000][gc,metaspace  ] GC(758) Metaspace: 52282K(55472K)->52282K(55472K) NonClass: 46495K(48304K)->46495K(48304K) Class: 5787K(7168K)->5787K(7168K)
[2025-11-08T14:54:43.208+0000][gc            ] GC(758) Pause Young (Normal) (G1 Evacuation Pause) 248M->215M(667M) 20.672ms
[2025-11-08T14:54:43.209+0000][gc,cpu        ] GC(758) User=0.03s Sys=0.00s Real=0.03s
[2025-11-08T14:54:45.566+0000][gc,start      ] GC(759) Pause Young (Normal) (G1 Evacuation Pause)
[2025-11-08T14:54:45.566+0000][gc,task       ] GC(759) Using 2 workers of 2 for evacuation
[2025-11-08T14:54:45.584+0000][gc,phases     ] GC(759)   Pre Evacuate Collection Set: 0.0ms
[2025-11-08T14:54:45.584+0000][gc,phases     ] GC(759)   Evacuate Collection Set: 15.1ms
[2025-11-08T14:54:45.585+0000][gc,phases     ] GC(759)   Post Evacuate Collection Set: 1.8ms
[2025-11-08T14:54:45.585+0000][gc,phases     ] GC(759)   Other: 0.9ms
[2025-11-08T14:54:45.586+0000][gc,heap       ] GC(759) Eden regions: 33->0(40)
[2025-11-08T14:54:45.587+0000][gc,heap       ] GC(759) Survivor regions: 3->3(5)
[2025-11-08T14:54:45.587+0000][gc,heap       ] GC(759) Old regions: 66->66
[2025-11-08T14:54:45.587+0000][gc,heap       ] GC(759) Humongous regions: 147->147
[2025-11-08T14:54:45.588+0000][gc,metaspace  ] GC(759) Metaspace: 52282K(55472K)->52282K(55472K) NonClass: 46495K(48304K)->46495K(48304K) Class: 5787K(7168K)->5787K(7168K)
[2025-11-08T14:54:45.589+0000][gc            ] GC(759) Pause Young (Normal) (G1 Evacuation Pause) 248M->215M(667M) 22.895ms
[2025-11-08T14:54:45.589+0000][gc,cpu        ] GC(759) User=0.03s Sys=0.00s Real=0.03s
[2025-11-08T14:54:47.766+0000][gc,start      ] GC(760) Pause Young (Normal) (G1 Evacuation Pause)
[2025-11-08T14:54:47.766+0000][gc,task       ] GC(760) Using 2 workers of 2 for evacuation
[2025-11-08T14:54:47.777+0000][gc,phases     ] GC(760)   Pre Evacuate Collection Set: 0.0ms
[2025-11-08T14:54:47.779+0000][gc,phases     ] GC(760)   Evacuate Collection Set: 9.8ms
[2025-11-08T14:54:47.779+0000][gc,phases     ] GC(760)   Post Evacuate Collection Set: 1.0ms
[2025-11-08T14:54:47.779+0000][gc,phases     ] GC(760)   Other: 0.8ms
[2025-11-08T14:54:47.779+0000][gc,heap       ] GC(760) Eden regions: 31->0(42)
[2025-11-08T14:54:47.781+0000][gc,heap       ] GC(760) Survivor regions: 3->2(5)
[2025-11-08T14:54:47.781+0000][gc,heap       ] GC(760) Old regions: 66->67
[2025-11-08T14:54:47.781+0000][gc,heap       ] GC(760) Humongous regions: 147->147
[2025-11-08T14:54:47.782+0000][gc,metaspace  ] GC(760) Metaspace: 52282K(55472K)->52282K(55472K) NonClass: 46495K(48304K)->46495K(48304K) Class: 5787K(7168K)->5787K(7168K)
[2025-11-08T14:54:47.782+0000][gc            ] GC(760) Pause Young (Normal) (G1 Evacuation Pause) 246M->215M(667M) 16.309ms
[2025-11-08T14:54:47.783+0000][gc,cpu        ] GC(760) User=0.02s Sys=0.00s Real=0.02s
[2025-11-08T14:54:50.153+0000][gc,start      ] GC(761) Pause Young (Normal) (G1 Evacuation Pause)
[2025-11-08T14:54:50.153+0000][gc,task       ] GC(761) Using 2 workers of 2 for evacuation
[2025-11-08T14:54:50.165+0000][gc,phases     ] GC(761)   Pre Evacuate Collection Set: 0.0ms
[2025-11-08T14:54:50.165+0000][gc,phases     ] GC(761)   Evacuate Collection Set: 9.2ms
[2025-11-08T14:54:50.166+0000][gc,phases     ] GC(761)   Post Evacuate Collection Set: 2.3ms
[2025-11-08T14:54:50.166+0000][gc,phases     ] GC(761)   Other: 0.8ms
[2025-11-08T14:54:50.166+0000][gc,heap       ] GC(761) Eden regions: 33->0(40)
[2025-11-08T14:54:50.168+0000][gc,heap       ] GC(761) Survivor regions: 2->2(5)
[2025-11-08T14:54:50.169+0000][gc,heap       ] GC(761) Old regions: 67->67
[2025-11-08T14:54:50.169+0000][gc,heap       ] GC(761) Humongous regions: 147->147
[2025-11-08T14:54:50.169+0000][gc,metaspace  ] GC(761) Metaspace: 52282K(55472K)->52282K(55472K) NonClass: 46495K(48304K)->46495K(48304K) Class: 5787K(7168K)->5787K(7168K)
[2025-11-08T14:54:50.169+0000][gc            ] GC(761) Pause Young (Normal) (G1 Evacuation Pause) 248M->215M(667M) 16.535ms
[2025-11-08T14:54:50.170+0000][gc,cpu        ] GC(761) User=0.02s Sys=0.00s Real=0.02s
[2025-11-08T14:54:53.003+0000][gc,start      ] GC(762) Pause Young (Normal) (G1 Evacuation Pause)
[2025-11-08T14:54:53.003+0000][gc,task       ] GC(762) Using 2 workers of 2 for evacuation
[2025-11-08T14:54:53.016+0000][gc,phases     ] GC(762)   Pre Evacuate Collection Set: 0.0ms
[2025-11-08T14:54:53.016+0000][gc,phases     ] GC(762)   Evacuate Collection Set: 11.1ms
[2025-11-08T14:54:53.016+0000][gc,phases     ] GC(762)   Post Evacuate Collection Set: 1.1ms
[2025-11-08T14:54:53.017+0000][gc,phases     ] GC(762)   Other: 1.0ms
[2025-11-08T14:54:53.017+0000][gc,heap       ] GC(762) Eden regions: 40->0(42)
[2025-11-08T14:54:53.017+0000][gc,heap       ] GC(762) Survivor regions: 2->3(6)
[2025-11-08T14:54:53.017+0000][gc,heap       ] GC(762) Old regions: 67->67
[2025-11-08T14:54:53.017+0000][gc,heap       ] GC(762) Humongous regions: 147->147
[2025-11-08T14:54:53.018+0000][gc,metaspace  ] GC(762) Metaspace: 52282K(55472K)->52282K(55472K) NonClass: 46495K(48304K)->46495K(48304K) Class: 5787K(7168K)->5787K(7168K)
[2025-11-08T14:54:53.018+0000][gc            ] GC(762) Pause Young (Normal) (G1 Evacuation Pause) 255M->215M(667M) 15.305ms
[2025-11-08T14:54:53.018+0000][gc,cpu        ] GC(762) User=0.02s Sys=0.00s Real=0.02s
[2025-11-08T14:54:55.484+0000][gc,start      ] GC(763) Pause Young (Normal) (G1 Evacuation Pause)
[2025-11-08T14:54:55.485+0000][gc,task       ] GC(763) Using 2 workers of 2 for evacuation
[2025-11-08T14:54:55.497+0000][gc,phases     ] GC(763)   Pre Evacuate Collection Set: 0.0ms
[2025-11-08T14:54:55.497+0000][gc,phases     ] GC(763)   Evacuate Collection Set: 10.5ms
[2025-11-08T14:54:55.497+0000][gc,phases     ] GC(763)   Post Evacuate Collection Set: 1.1ms
[2025-11-08T14:54:55.497+0000][gc,phases     ] GC(763)   Other: 0.9ms
[2025-11-08T14:54:55.498+0000][gc,heap       ] GC(763) Eden regions: 36->0(42)
[2025-11-08T14:54:55.498+0000][gc,heap       ] GC(763) Survivor regions: 3->3(5)
[2025-11-08T14:54:55.498+0000][gc,heap       ] GC(763) Old regions: 67->67
[2025-11-08T14:54:55.498+0000][gc,heap       ] GC(763) Humongous regions: 147->147
[2025-11-08T14:54:55.498+0000][gc,metaspace  ] GC(763) Metaspace: 52282K(55472K)->52282K(55472K) NonClass: 46495K(48304K)->46495K(48304K) Class: 5787K(7168K)->5787K(7168K)
[2025-11-08T14:54:55.499+0000][gc            ] GC(763) Pause Young (Normal) (G1 Evacuation Pause) 251M->216M(667M) 14.616ms
[2025-11-08T14:54:55.499+0000][gc,cpu        ] GC(763) User=0.02s Sys=0.00s Real=0.02s
[2025-11-08T14:54:58.352+0000][gc,start      ] GC(764) Pause Young (Normal) (G1 Evacuation Pause)
[2025-11-08T14:54:58.352+0000][gc,task       ] GC(764) Using 2 workers of 2 for evacuation
[2025-11-08T14:54:58.365+0000][gc,phases     ] GC(764)   Pre Evacuate Collection Set: 0.0ms
[2025-11-08T14:54:58.366+0000][gc,phases     ] GC(764)   Evacuate Collection Set: 11.5ms
[2025-11-08T14:54:58.367+0000][gc,phases     ] GC(764)   Post Evacuate Collection Set: 1.1ms
[2025-11-08T14:54:58.367+0000][gc,phases     ] GC(764)   Other: 0.8ms
[2025-11-08T14:54:58.367+0000][gc,heap       ] GC(764) Eden regions: 42->0(43)
[2025-11-08T14:54:58.368+0000][gc,heap       ] GC(764) Survivor regions: 3->2(6)
[2025-11-08T14:54:58.368+0000][gc,heap       ] GC(764) Old regions: 67->67
[2025-11-08T14:54:58.368+0000][gc,heap       ] GC(764) Humongous regions: 147->147
[2025-11-08T14:54:58.369+0000][gc,metaspace  ] GC(764) Metaspace: 52282K(55472K)->52282K(55472K) NonClass: 46495K(48304K)->46495K(48304K) Class: 5787K(7168K)->5787K(7168K)
[2025-11-08T14:54:58.369+0000][gc            ] GC(764) Pause Young (Normal) (G1 Evacuation Pause) 258M->215M(667M) 17.581ms
[2025-11-08T14:54:58.370+0000][gc,cpu        ] GC(764) User=0.03s Sys=0.00s Real=0.02s
[2025-11-08T14:55:01.581+0000][gc,start      ] GC(765) Pause Young (Normal) (G1 Evacuation Pause)
[2025-11-08T14:55:01.582+0000][gc,task       ] GC(765) Using 2 workers of 2 for evacuation
[2025-11-08T14:55:01.599+0000][gc,phases     ] GC(765)   Pre Evacuate Collection Set: 0.0ms
[2025-11-08T14:55:01.602+0000][gc,phases     ] GC(765)   Evacuate Collection Set: 15.3ms
[2025-11-08T14:55:01.603+0000][gc,phases     ] GC(765)   Post Evacuate Collection Set: 0.9ms
[2025-11-08T14:55:01.603+0000][gc,phases     ] GC(765)   Other: 1.4ms
[2025-11-08T14:55:01.604+0000][gc,heap       ] GC(765) Eden regions: 43->0(43)
[2025-11-08T14:55:01.604+0000][gc,heap       ] GC(765) Survivor regions: 2->3(6)
[2025-11-08T14:55:01.604+0000][gc,heap       ] GC(765) Old regions: 67->67
[2025-11-08T14:55:01.605+0000][gc,heap       ] GC(765) Humongous regions: 147->147
[2025-11-08T14:55:01.605+0000][gc,metaspace  ] GC(765) Metaspace: 52282K(55472K)->52282K(55472K) NonClass: 46495K(48304K)->46495K(48304K) Class: 5787K(7168K)->5787K(7168K)
[2025-11-08T14:55:01.606+0000][gc            ] GC(765) Pause Young (Normal) (G1 Evacuation Pause) 258M->216M(667M) 24.162ms
[2025-11-08T14:55:01.606+0000][gc,cpu        ] GC(765) User=0.04s Sys=0.00s Real=0.02s
[2025-11-08T14:55:04.596+0000][gc,start      ] GC(766) Pause Young (Normal) (G1 Evacuation Pause)
[2025-11-08T14:55:04.600+0000][gc,task       ] GC(766) Using 2 workers of 2 for evacuation
[2025-11-08T14:55:04.613+0000][gc,phases     ] GC(766)   Pre Evacuate Collection Set: 0.0ms
[2025-11-08T14:55:04.614+0000][gc,phases     ] GC(766)   Evacuate Collection Set: 11.9ms
[2025-11-08T14:55:04.614+0000][gc,phases     ] GC(766)   Post Evacuate Collection Set: 1.2ms
[2025-11-08T14:55:04.614+0000][gc,phases     ] GC(766)   Other: 4.2ms
[2025-11-08T14:55:04.615+0000][gc,heap       ] GC(766) Eden regions: 43->0(45)
[2025-11-08T14:55:04.615+0000][gc,heap       ] GC(766) Survivor regions: 3->3(6)
[2025-11-08T14:55:04.615+0000][gc,heap       ] GC(766) Old regions: 67->67
[2025-11-08T14:55:04.616+0000][gc,heap       ] GC(766) Humongous regions: 147->147
[2025-11-08T14:55:04.616+0000][gc,metaspace  ] GC(766) Metaspace: 52282K(55472K)->52282K(55472K) NonClass: 46495K(48304K)->46495K(48304K) Class: 5787K(7168K)->5787K(7168K)
[2025-11-08T14:55:04.616+0000][gc            ] GC(766) Pause Young (Normal) (G1 Evacuation Pause) 259M->215M(667M) 20.059ms
[2025-11-08T14:55:04.616+0000][gc,cpu        ] GC(766) User=0.03s Sys=0.00s Real=0.02s
[2025-11-08T14:55:07.436+0000][gc,start      ] GC(767) Pause Young (Normal) (G1 Evacuation Pause)
[2025-11-08T14:55:07.437+0000][gc,task       ] GC(767) Using 2 workers of 2 for evacuation
[2025-11-08T14:55:07.453+0000][gc,phases     ] GC(767)   Pre Evacuate Collection Set: 0.0ms
[2025-11-08T14:55:07.454+0000][gc,phases     ] GC(767)   Evacuate Collection Set: 13.3ms
[2025-11-08T14:55:07.454+0000][gc,phases     ] GC(767)   Post Evacuate Collection Set: 1.0ms
[2025-11-08T14:55:07.454+0000][gc,phases     ] GC(767)   Other: 2.6ms
[2025-11-08T14:55:07.455+0000][gc,heap       ] GC(767) Eden regions: 39->0(45)
[2025-11-08T14:55:07.455+0000][gc,heap       ] GC(767) Survivor regions: 3->3(6)
[2025-11-08T14:55:07.455+0000][gc,heap       ] GC(767) Old regions: 67->67
[2025-11-08T14:55:07.456+0000][gc,heap       ] GC(767) Humongous regions: 147->147
[2025-11-08T14:55:07.456+0000][gc,metaspace  ] GC(767) Metaspace: 52282K(55472K)->52282K(55472K) NonClass: 46495K(48304K)->46495K(48304K) Class: 5787K(7168K)->5787K(7168K)
[2025-11-08T14:55:07.456+0000][gc            ] GC(767) Pause Young (Normal) (G1 Evacuation Pause) 254M->216M(667M) 19.703ms
[2025-11-08T14:55:07.456+0000][gc,cpu        ] GC(767) User=0.03s Sys=0.00s Real=0.02s
[2025-11-08T14:55:10.165+0000][gc,start      ] GC(768) Pause Young (Normal) (G1 Evacuation Pause)
[2025-11-08T14:55:10.166+0000][gc,task       ] GC(768) Using 2 workers of 2 for evacuation
[2025-11-08T14:55:10.179+0000][gc,phases     ] GC(768)   Pre Evacuate Collection Set: 0.0ms
[2025-11-08T14:55:10.179+0000][gc,phases     ] GC(768)   Evacuate Collection Set: 11.3ms
[2025-11-08T14:55:10.179+0000][gc,phases     ] GC(768)   Post Evacuate Collection Set: 1.2ms
[2025-11-08T14:55:10.179+0000][gc,phases     ] GC(768)   Other: 0.9ms
[2025-11-08T14:55:10.180+0000][gc,heap       ] GC(768) Eden regions: 37->0(44)
[2025-11-08T14:55:10.180+0000][gc,heap       ] GC(768) Survivor regions: 3->3(5)
[2025-11-08T14:55:10.180+0000][gc,heap       ] GC(768) Old regions: 67->67
[2025-11-08T14:55:10.181+0000][gc,heap       ] GC(768) Humongous regions: 147->147
[2025-11-08T14:55:10.181+0000][gc,metaspace  ] GC(768) Metaspace: 52282K(55472K)->52282K(55472K) NonClass: 46495K(48304K)->46495K(48304K) Class: 5787K(7168K)->5787K(7168K)
[2025-11-08T14:55:10.181+0000][gc            ] GC(768) Pause Young (Normal) (G1 Evacuation Pause) 253M->216M(667M) 16.044ms
[2025-11-08T14:55:10.182+0000][gc,cpu        ] GC(768) User=0.03s Sys=0.00s Real=0.02s
[2025-11-08T14:55:12.928+0000][gc,start      ] GC(769) Pause Young (Normal) (G1 Evacuation Pause)
[2025-11-08T14:55:12.928+0000][gc,task       ] GC(769) Using 2 workers of 2 for evacuation
[2025-11-08T14:55:12.941+0000][gc,phases     ] GC(769)   Pre Evacuate Collection Set: 0.0ms
[2025-11-08T14:55:12.941+0000][gc,phases     ] GC(769)   Evacuate Collection Set: 9.6ms
[2025-11-08T14:55:12.945+0000][gc,phases     ] GC(769)   Post Evacuate Collection Set: 1.1ms
[2025-11-08T14:55:12.945+0000][gc,phases     ] GC(769)   Other: 1.9ms
[2025-11-08T14:55:12.945+0000][gc,heap       ] GC(769) Eden regions: 38->0(45)
[2025-11-08T14:55:12.945+0000][gc,heap       ] GC(769) Survivor regions: 3->2(6)
[2025-11-08T14:55:12.946+0000][gc,heap       ] GC(769) Old regions: 67->67
[2025-11-08T14:55:12.946+0000][gc,heap       ] GC(769) Humongous regions: 147->147
[2025-11-08T14:55:12.946+0000][gc,metaspace  ] GC(769) Metaspace: 52282K(55472K)->52282K(55472K) NonClass: 46495K(48304K)->46495K(48304K) Class: 5787K(7168K)->5787K(7168K)
[2025-11-08T14:55:12.947+0000][gc            ] GC(769) Pause Young (Normal) (G1 Evacuation Pause) 254M->215M(667M) 18.507ms
[2025-11-08T14:55:12.947+0000][gc,cpu        ] GC(769) User=0.02s Sys=0.00s Real=0.01s
[2025-11-08T14:55:16.196+0000][gc,start      ] GC(770) Pause Young (Normal) (G1 Evacuation Pause)
[2025-11-08T14:55:16.196+0000][gc,task       ] GC(770) Using 2 workers of 2 for evacuation
[2025-11-08T14:55:16.209+0000][gc,phases     ] GC(770)   Pre Evacuate Collection Set: 0.0ms
[2025-11-08T14:55:16.212+0000][gc,phases     ] GC(770)   Evacuate Collection Set: 11.5ms
[2025-11-08T14:55:16.212+0000][gc,phases     ] GC(770)   Post Evacuate Collection Set: 1.3ms
[2025-11-08T14:55:16.212+0000][gc,phases     ] GC(770)   Other: 0.8ms
[2025-11-08T14:55:16.213+0000][gc,heap       ] GC(770) Eden regions: 45->0(47)
[2025-11-08T14:55:16.213+0000][gc,heap       ] GC(770) Survivor regions: 2->3(6)
[2025-11-08T14:55:16.213+0000][gc,heap       ] GC(770) Old regions: 67->67
[2025-11-08T14:55:16.214+0000][gc,heap       ] GC(770) Humongous regions: 147->147
[2025-11-08T14:55:16.214+0000][gc,metaspace  ] GC(770) Metaspace: 52282K(55472K)->52282K(55472K) NonClass: 46495K(48304K)->46495K(48304K) Class: 5787K(7168K)->5787K(7168K)
[2025-11-08T14:55:16.214+0000][gc            ] GC(770) Pause Young (Normal) (G1 Evacuation Pause) 260M->216M(667M) 18.714ms
[2025-11-08T14:55:16.215+0000][gc,cpu        ] GC(770) User=0.02s Sys=0.00s Real=0.02s
[2025-11-08T14:55:19.472+0000][gc,start      ] GC(771) Pause Young (Normal) (G1 Evacuation Pause)
[2025-11-08T14:55:19.472+0000][gc,task       ] GC(771) Using 2 workers of 2 for evacuation
[2025-11-08T14:55:19.485+0000][gc,phases     ] GC(771)   Pre Evacuate Collection Set: 0.0ms
[2025-11-08T14:55:19.486+0000][gc,phases     ] GC(771)   Evacuate Collection Set: 10.8ms
[2025-11-08T14:55:19.486+0000][gc,phases     ] GC(771)   Post Evacuate Collection Set: 1.0ms
[2025-11-08T14:55:19.486+0000][gc,phases     ] GC(771)   Other: 1.5ms
[2025-11-08T14:55:19.486+0000][gc,heap       ] GC(771) Eden regions: 47->0(49)
[2025-11-08T14:55:19.487+0000][gc,heap       ] GC(771) Survivor regions: 3->3(7)
[2025-11-08T14:55:19.487+0000][gc,heap       ] GC(771) Old regions: 67->67
[2025-11-08T14:55:19.487+0000][gc,heap       ] GC(771) Humongous regions: 147->147
[2025-11-08T14:55:19.488+0000][gc,metaspace  ] GC(771) Metaspace: 52282K(55472K)->52282K(55472K) NonClass: 46495K(48304K)->46495K(48304K) Class: 5787K(7168K)->5787K(7168K)
[2025-11-08T14:55:19.488+0000][gc            ] GC(771) Pause Young (Normal) (G1 Evacuation Pause) 263M->216M(667M) 15.764ms
[2025-11-08T14:55:19.488+0000][gc,cpu        ] GC(771) User=0.02s Sys=0.00s Real=0.02s
[2025-11-08T14:55:23.075+0000][gc,start      ] GC(772) Pause Young (Normal) (G1 Evacuation Pause)
[2025-11-08T14:55:23.075+0000][gc,task       ] GC(772) Using 2 workers of 2 for evacuation
[2025-11-08T14:55:23.089+0000][gc,phases     ] GC(772)   Pre Evacuate Collection Set: 0.0ms
[2025-11-08T14:55:23.090+0000][gc,phases     ] GC(772)   Evacuate Collection Set: 12.6ms
[2025-11-08T14:55:23.090+0000][gc,phases     ] GC(772)   Post Evacuate Collection Set: 1.3ms
[2025-11-08T14:55:23.091+0000][gc,phases     ] GC(772)   Other: 0.8ms
[2025-11-08T14:55:23.091+0000][gc,heap       ] GC(772) Eden regions: 49->0(50)
[2025-11-08T14:55:23.091+0000][gc,heap       ] GC(772) Survivor regions: 3->3(7)
[2025-11-08T14:55:23.092+0000][gc,heap       ] GC(772) Old regions: 67->68
[2025-11-08T14:55:23.092+0000][gc,heap       ] GC(772) Humongous regions: 147->147
[2025-11-08T14:55:23.092+0000][gc,metaspace  ] GC(772) Metaspace: 52282K(55472K)->52282K(55472K) NonClass: 46495K(48304K)->46495K(48304K) Class: 5787K(7168K)->5787K(7168K)
[2025-11-08T14:55:23.092+0000][gc            ] GC(772) Pause Young (Normal) (G1 Evacuation Pause) 265M->216M(667M) 17.662ms
[2025-11-08T14:55:23.093+0000][gc,cpu        ] GC(772) User=0.03s Sys=0.00s Real=0.02s
[2025-11-08T14:55:26.688+0000][gc,start      ] GC(773) Pause Young (Normal) (G1 Evacuation Pause)
[2025-11-08T14:55:26.689+0000][gc,task       ] GC(773) Using 2 workers of 2 for evacuation
[2025-11-08T14:55:26.716+0000][gc,mmu        ] GC(773) MMU target violated: 21.0ms (20.0ms/21.0ms)
[2025-11-08T14:55:26.716+0000][gc,phases     ] GC(773)   Pre Evacuate Collection Set: 0.0ms
[2025-11-08T14:55:26.720+0000][gc,phases     ] GC(773)   Evacuate Collection Set: 24.5ms
[2025-11-08T14:55:26.720+0000][gc,phases     ] GC(773)   Post Evacuate Collection Set: 1.2ms
[2025-11-08T14:55:26.721+0000][gc,phases     ] GC(773)   Other: 2.8ms
[2025-11-08T14:55:26.721+0000][gc,heap       ] GC(773) Eden regions: 50->0(45)
[2025-11-08T14:55:26.722+0000][gc,heap       ] GC(773) Survivor regions: 3->3(7)
[2025-11-08T14:55:26.723+0000][gc,heap       ] GC(773) Old regions: 68->68
[2025-11-08T14:55:26.723+0000][gc,heap       ] GC(773) Humongous regions: 147->147
[2025-11-08T14:55:26.725+0000][gc,metaspace  ] GC(773) Metaspace: 52282K(55472K)->52282K(55472K) NonClass: 46495K(48304K)->46495K(48304K) Class: 5787K(7168K)->5787K(7168K)
[2025-11-08T14:55:26.725+0000][gc            ] GC(773) Pause Young (Normal) (G1 Evacuation Pause) 266M->216M(667M) 37.482ms
[2025-11-08T14:55:26.726+0000][gc,cpu        ] GC(773) User=0.03s Sys=0.00s Real=0.03s
[2025-11-08T14:55:29.309+0000][gc,start      ] GC(774) Pause Young (Normal) (G1 Evacuation Pause)
[2025-11-08T14:55:29.310+0000][gc,task       ] GC(774) Using 2 workers of 2 for evacuation
[2025-11-08T14:55:29.332+0000][gc,mmu        ] GC(774) MMU target violated: 21.0ms (20.0ms/21.0ms)
[2025-11-08T14:55:29.333+0000][gc,phases     ] GC(774)   Pre Evacuate Collection Set: 0.1ms
[2025-11-08T14:55:29.334+0000][gc,phases     ] GC(774)   Evacuate Collection Set: 18.6ms
[2025-11-08T14:55:29.334+0000][gc,phases     ] GC(774)   Post Evacuate Collection Set: 3.4ms
[2025-11-08T14:55:29.335+0000][gc,phases     ] GC(774)   Other: 2.1ms
[2025-11-08T14:55:29.335+0000][gc,heap       ] GC(774) Eden regions: 36->0(39)
[2025-11-08T14:55:29.336+0000][gc,heap       ] GC(774) Survivor regions: 3->3(5)
[2025-11-08T14:55:29.336+0000][gc,heap       ] GC(774) Old regions: 68->68
[2025-11-08T14:55:29.336+0000][gc,heap       ] GC(774) Humongous regions: 147->147
[2025-11-08T14:55:29.337+0000][gc,metaspace  ] GC(774) Metaspace: 52282K(55472K)->52282K(55472K) NonClass: 46495K(48304K)->46495K(48304K) Class: 5787K(7168K)->5787K(7168K)
[2025-11-08T14:55:29.337+0000][gc            ] GC(774) Pause Young (Normal) (G1 Evacuation Pause) 252M->216M(667M) 28.217ms
[2025-11-08T14:55:29.338+0000][gc,cpu        ] GC(774) User=0.05s Sys=0.00s Real=0.03s
[2025-11-08T14:55:31.656+0000][gc,start      ] GC(775) Pause Young (Normal) (G1 Evacuation Pause)
[2025-11-08T14:55:31.657+0000][gc,task       ] GC(775) Using 2 workers of 2 for evacuation
[2025-11-08T14:55:31.675+0000][gc,phases     ] GC(775)   Pre Evacuate Collection Set: 0.0ms
[2025-11-08T14:55:31.675+0000][gc,phases     ] GC(775)   Evacuate Collection Set: 14.1ms
[2025-11-08T14:55:31.679+0000][gc,phases     ] GC(775)   Post Evacuate Collection Set: 1.3ms
[2025-11-08T14:55:31.679+0000][gc,phases     ] GC(775)   Other: 2.7ms
[2025-11-08T14:55:31.679+0000][gc,heap       ] GC(775) Eden regions: 30->0(35)
[2025-11-08T14:55:31.680+0000][gc,heap       ] GC(775) Survivor regions: 3->3(5)
[2025-11-08T14:55:31.680+0000][gc,heap       ] GC(775) Old regions: 68->68
[2025-11-08T14:55:31.680+0000][gc,heap       ] GC(775) Humongous regions: 147->147
[2025-11-08T14:55:31.681+0000][gc,metaspace  ] GC(775) Metaspace: 52282K(55472K)->52282K(55472K) NonClass: 46495K(48304K)->46495K(48304K) Class: 5787K(7168K)->5787K(7168K)
[2025-11-08T14:55:31.681+0000][gc            ] GC(775) Pause Young (Normal) (G1 Evacuation Pause) 246M->216M(667M) 24.621ms
[2025-11-08T14:55:31.681+0000][gc,cpu        ] GC(775) User=0.03s Sys=0.00s Real=0.03s
[2025-11-08T14:55:33.875+0000][gc,start      ] GC(776) Pause Young (Normal) (G1 Evacuation Pause)
[2025-11-08T14:55:33.875+0000][gc,task       ] GC(776) Using 2 workers of 2 for evacuation
[2025-11-08T14:55:33.892+0000][gc,phases     ] GC(776)   Pre Evacuate Collection Set: 0.0ms
[2025-11-08T14:55:33.892+0000][gc,phases     ] GC(776)   Evacuate Collection Set: 14.0ms
[2025-11-08T14:55:33.893+0000][gc,phases     ] GC(776)   Post Evacuate Collection Set: 1.9ms
[2025-11-08T14:55:33.893+0000][gc,phases     ] GC(776)   Other: 1.3ms
[2025-11-08T14:55:33.893+0000][gc,heap       ] GC(776) Eden regions: 30->0(35)
[2025-11-08T14:55:33.894+0000][gc,heap       ] GC(776) Survivor regions: 3->2(5)
[2025-11-08T14:55:33.894+0000][gc,heap       ] GC(776) Old regions: 68->68
[2025-11-08T14:55:33.894+0000][gc,heap       ] GC(776) Humongous regions: 147->147
[2025-11-08T14:55:33.895+0000][gc,metaspace  ] GC(776) Metaspace: 52282K(55472K)->52282K(55472K) NonClass: 46495K(48304K)->46495K(48304K) Class: 5787K(7168K)->5787K(7168K)
[2025-11-08T14:55:33.895+0000][gc            ] GC(776) Pause Young (Normal) (G1 Evacuation Pause) 246M->216M(667M) 20.538ms
[2025-11-08T14:55:33.896+0000][gc,cpu        ] GC(776) User=0.03s Sys=0.00s Real=0.02s
[2025-11-08T14:55:36.135+0000][gc,start      ] GC(777) Pause Young (Normal) (G1 Evacuation Pause)
[2025-11-08T14:55:36.139+0000][gc,task       ] GC(777) Using 2 workers of 2 for evacuation
[2025-11-08T14:55:36.181+0000][gc,mmu        ] GC(777) MMU target violated: 21.0ms (20.0ms/21.0ms)
[2025-11-08T14:55:36.182+0000][gc,phases     ] GC(777)   Pre Evacuate Collection Set: 0.1ms
[2025-11-08T14:55:36.182+0000][gc,phases     ] GC(777)   Evacuate Collection Set: 40.1ms
[2025-11-08T14:55:36.183+0000][gc,phases     ] GC(777)   Post Evacuate Collection Set: 1.2ms
[2025-11-08T14:55:36.183+0000][gc,phases     ] GC(777)   Other: 5.3ms
[2025-11-08T14:55:36.183+0000][gc,heap       ] GC(777) Eden regions: 31->0(29)
[2025-11-08T14:55:36.184+0000][gc,heap       ] GC(777) Survivor regions: 2->4(5)
[2025-11-08T14:55:36.186+0000][gc,heap       ] GC(777) Old regions: 68->68
[2025-11-08T14:55:36.186+0000][gc,heap       ] GC(777) Humongous regions: 147->147
[2025-11-08T14:55:36.187+0000][gc,metaspace  ] GC(777) Metaspace: 52282K(55472K)->52282K(55472K) NonClass: 46495K(48304K)->46495K(48304K) Class: 5787K(7168K)->5787K(7168K)
[2025-11-08T14:55:36.188+0000][gc            ] GC(777) Pause Young (Normal) (G1 Evacuation Pause) 247M->217M(667M) 52.736ms
[2025-11-08T14:55:36.188+0000][gc,cpu        ] GC(777) User=0.05s Sys=0.00s Real=0.06s
[2025-11-08T14:55:38.329+0000][gc,start      ] GC(778) Pause Young (Normal) (G1 Evacuation Pause)
[2025-11-08T14:55:38.329+0000][gc,task       ] GC(778) Using 2 workers of 2 for evacuation
[2025-11-08T14:55:38.347+0000][gc,phases     ] GC(778)   Pre Evacuate Collection Set: 0.0ms
[2025-11-08T14:55:38.347+0000][gc,phases     ] GC(778)   Evacuate Collection Set: 15.2ms
[2025-11-08T14:55:38.347+0000][gc,phases     ] GC(778)   Post Evacuate Collection Set: 1.4ms
[2025-11-08T14:55:38.348+0000][gc,phases     ] GC(778)   Other: 1.6ms
[2025-11-08T14:55:38.348+0000][gc,heap       ] GC(778) Eden regions: 29->0(30)
[2025-11-08T14:55:38.349+0000][gc,heap       ] GC(778) Survivor regions: 4->3(5)
[2025-11-08T14:55:38.349+0000][gc,heap       ] GC(778) Old regions: 68->69
[2025-11-08T14:55:38.350+0000][gc,heap       ] GC(778) Humongous regions: 147->147
[2025-11-08T14:55:38.350+0000][gc,metaspace  ] GC(778) Metaspace: 52282K(55472K)->52282K(55472K) NonClass: 46495K(48304K)->46495K(48304K) Class: 5787K(7168K)->5787K(7168K)
[2025-11-08T14:55:38.350+0000][gc            ] GC(778) Pause Young (Normal) (G1 Evacuation Pause) 246M->217M(667M) 21.792ms
[2025-11-08T14:55:38.351+0000][gc,cpu        ] GC(778) User=0.04s Sys=0.00s Real=0.02s
[2025-11-08T14:55:40.656+0000][gc,start      ] GC(779) Pause Young (Normal) (G1 Evacuation Pause)
[2025-11-08T14:55:40.656+0000][gc,task       ] GC(779) Using 2 workers of 2 for evacuation
[2025-11-08T14:55:40.672+0000][gc,phases     ] GC(779)   Pre Evacuate Collection Set: 0.0ms
[2025-11-08T14:55:40.672+0000][gc,phases     ] GC(779)   Evacuate Collection Set: 13.1ms
[2025-11-08T14:55:40.672+0000][gc,phases     ] GC(779)   Post Evacuate Collection Set: 1.4ms
[2025-11-08T14:55:40.673+0000][gc,phases     ] GC(779)   Other: 1.2ms
[2025-11-08T14:55:40.673+0000][gc,heap       ] GC(779) Eden regions: 30->0(31)
[2025-11-08T14:55:40.674+0000][gc,heap       ] GC(779) Survivor regions: 3->2(5)
[2025-11-08T14:55:40.674+0000][gc,heap       ] GC(779) Old regions: 69->69
[2025-11-08T14:55:40.674+0000][gc,heap       ] GC(779) Humongous regions: 147->147
[2025-11-08T14:55:40.675+0000][gc,metaspace  ] GC(779) Metaspace: 52282K(55472K)->52282K(55472K) NonClass: 46495K(48304K)->46495K(48304K) Class: 5787K(7168K)->5787K(7168K)
[2025-11-08T14:55:40.675+0000][gc            ] GC(779) Pause Young (Normal) (G1 Evacuation Pause) 247M->216M(667M) 19.281ms
[2025-11-08T14:55:40.677+0000][gc,cpu        ] GC(779) User=0.03s Sys=0.00s Real=0.02s
[2025-11-08T14:55:43.166+0000][gc,start      ] GC(780) Pause Young (Normal) (G1 Evacuation Pause)
[2025-11-08T14:55:43.167+0000][gc,task       ] GC(780) Using 2 workers of 2 for evacuation
[2025-11-08T14:55:43.180+0000][gc,phases     ] GC(780)   Pre Evacuate Collection Set: 0.0ms
[2025-11-08T14:55:43.180+0000][gc,phases     ] GC(780)   Evacuate Collection Set: 10.0ms
[2025-11-08T14:55:43.180+0000][gc,phases     ] GC(780)   Post Evacuate Collection Set: 1.3ms
[2025-11-08T14:55:43.181+0000][gc,phases     ] GC(780)   Other: 1.8ms
[2025-11-08T14:55:43.181+0000][gc,heap       ] GC(780) Eden regions: 31->0(33)
[2025-11-08T14:55:43.181+0000][gc,heap       ] GC(780) Survivor regions: 2->2(5)
[2025-11-08T14:55:43.181+0000][gc,heap       ] GC(780) Old regions: 69->69
[2025-11-08T14:55:43.182+0000][gc,heap       ] GC(780) Humongous regions: 147->147
[2025-11-08T14:55:43.182+0000][gc,metaspace  ] GC(780) Metaspace: 52282K(55472K)->52282K(55472K) NonClass: 46495K(48304K)->46495K(48304K) Class: 5787K(7168K)->5787K(7168K)
[2025-11-08T14:55:43.182+0000][gc            ] GC(780) Pause Young (Normal) (G1 Evacuation Pause) 247M->216M(667M) 15.904ms
[2025-11-08T14:55:43.183+0000][gc,cpu        ] GC(780) User=0.03s Sys=0.00s Real=0.02s
[2025-11-08T14:55:45.543+0000][gc,start      ] GC(781) Pause Young (Normal) (G1 Evacuation Pause)
[2025-11-08T14:55:45.543+0000][gc,task       ] GC(781) Using 2 workers of 2 for evacuation
[2025-11-08T14:55:45.556+0000][gc,phases     ] GC(781)   Pre Evacuate Collection Set: 0.0ms
[2025-11-08T14:55:45.559+0000][gc,phases     ] GC(781)   Evacuate Collection Set: 10.1ms
[2025-11-08T14:55:45.559+0000][gc,phases     ] GC(781)   Post Evacuate Collection Set: 1.6ms
[2025-11-08T14:55:45.559+0000][gc,phases     ] GC(781)   Other: 1.2ms
[2025-11-08T14:55:45.560+0000][gc,heap       ] GC(781) Eden regions: 33->0(36)
[2025-11-08T14:55:45.560+0000][gc,heap       ] GC(781) Survivor regions: 2->2(5)
[2025-11-08T14:55:45.560+0000][gc,heap       ] GC(781) Old regions: 69->69
[2025-11-08T14:55:45.560+0000][gc,heap       ] GC(781) Humongous regions: 147->147
[2025-11-08T14:55:45.561+0000][gc,metaspace  ] GC(781) Metaspace: 52282K(55472K)->52282K(55472K) NonClass: 46495K(48304K)->46495K(48304K) Class: 5787K(7168K)->5787K(7168K)
[2025-11-08T14:55:45.561+0000][gc            ] GC(781) Pause Young (Normal) (G1 Evacuation Pause) 249M->216M(667M) 18.124ms
[2025-11-08T14:55:45.561+0000][gc,cpu        ] GC(781) User=0.03s Sys=0.00s Real=0.02s
[2025-11-08T14:55:48.149+0000][gc,start      ] GC(782) Pause Young (Normal) (G1 Evacuation Pause)
[2025-11-08T14:55:48.150+0000][gc,task       ] GC(782) Using 2 workers of 2 for evacuation
[2025-11-08T14:55:48.166+0000][gc,phases     ] GC(782)   Pre Evacuate Collection Set: 0.0ms
[2025-11-08T14:55:48.166+0000][gc,phases     ] GC(782)   Evacuate Collection Set: 13.6ms
[2025-11-08T14:55:48.169+0000][gc,phases     ] GC(782)   Post Evacuate Collection Set: 1.7ms
[2025-11-08T14:55:48.169+0000][gc,phases     ] GC(782)   Other: 1.2ms
[2025-11-08T14:55:48.170+0000][gc,heap       ] GC(782) Eden regions: 36->0(38)
[2025-11-08T14:55:48.170+0000][gc,heap       ] GC(782) Survivor regions: 2->2(5)
[2025-11-08T14:55:48.170+0000][gc,heap       ] GC(782) Old regions: 69->69
[2025-11-08T14:55:48.171+0000][gc,heap       ] GC(782) Humongous regions: 147->147
[2025-11-08T14:55:48.174+0000][gc,metaspace  ] GC(782) Metaspace: 52282K(55472K)->52282K(55472K) NonClass: 46495K(48304K)->46495K(48304K) Class: 5787K(7168K)->5787K(7168K)
[2025-11-08T14:55:48.174+0000][gc            ] GC(782) Pause Young (Normal) (G1 Evacuation Pause) 252M->216M(667M) 24.916ms
[2025-11-08T14:55:48.174+0000][gc,cpu        ] GC(782) User=0.03s Sys=0.00s Real=0.02s
[2025-11-08T14:55:50.437+0000][gc,start      ] GC(783) Pause Young (Normal) (G1 Evacuation Pause)
[2025-11-08T14:55:50.438+0000][gc,task       ] GC(783) Using 2 workers of 2 for evacuation
[2025-11-08T14:55:50.452+0000][gc,phases     ] GC(783)   Pre Evacuate Collection Set: 0.0ms
[2025-11-08T14:55:50.453+0000][gc,phases     ] GC(783)   Evacuate Collection Set: 11.4ms
[2025-11-08T14:55:50.453+0000][gc,phases     ] GC(783)   Post Evacuate Collection Set: 1.6ms
[2025-11-08T14:55:50.454+0000][gc,phases     ] GC(783)   Other: 1.7ms
[2025-11-08T14:55:50.454+0000][gc,heap       ] GC(783) Eden regions: 31->0(37)
[2025-11-08T14:55:50.455+0000][gc,heap       ] GC(783) Survivor regions: 2->2(5)
[2025-11-08T14:55:50.455+0000][gc,heap       ] GC(783) Old regions: 69->69
[2025-11-08T14:55:50.455+0000][gc,heap       ] GC(783) Humongous regions: 147->147
[2025-11-08T14:55:50.456+0000][gc,metaspace  ] GC(783) Metaspace: 52282K(55472K)->52282K(55472K) NonClass: 46495K(48304K)->46495K(48304K) Class: 5787K(7168K)->5787K(7168K)
[2025-11-08T14:55:50.456+0000][gc            ] GC(783) Pause Young (Normal) (G1 Evacuation Pause) 247M->216M(667M) 18.878ms
[2025-11-08T14:55:50.457+0000][gc,cpu        ] GC(783) User=0.02s Sys=0.00s Real=0.02s
[2025-11-08T14:55:53.127+0000][gc,start      ] GC(784) Pause Young (Normal) (G1 Evacuation Pause)
[2025-11-08T14:55:53.127+0000][gc,task       ] GC(784) Using 2 workers of 2 for evacuation
[2025-11-08T14:55:53.156+0000][gc,mmu        ] GC(784) MMU target violated: 21.0ms (20.0ms/21.0ms)
[2025-11-08T14:55:53.156+0000][gc,phases     ] GC(784)   Pre Evacuate Collection Set: 0.0ms
[2025-11-08T14:55:53.156+0000][gc,phases     ] GC(784)   Evacuate Collection Set: 25.9ms
[2025-11-08T14:55:53.157+0000][gc,phases     ] GC(784)   Post Evacuate Collection Set: 1.6ms
[2025-11-08T14:55:53.157+0000][gc,phases     ] GC(784)   Other: 1.5ms
[2025-11-08T14:55:53.158+0000][gc,heap       ] GC(784) Eden regions: 37->0(32)
[2025-11-08T14:55:53.159+0000][gc,heap       ] GC(784) Survivor regions: 2->2(5)
[2025-11-08T14:55:53.159+0000][gc,heap       ] GC(784) Old regions: 69->69
[2025-11-08T14:55:53.159+0000][gc,heap       ] GC(784) Humongous regions: 147->147
[2025-11-08T14:55:53.160+0000][gc,metaspace  ] GC(784) Metaspace: 52283K(55472K)->52283K(55472K) NonClass: 46495K(48304K)->46495K(48304K) Class: 5787K(7168K)->5787K(7168K)
[2025-11-08T14:55:53.160+0000][gc            ] GC(784) Pause Young (Normal) (G1 Evacuation Pause) 253M->217M(667M) 33.104ms
[2025-11-08T14:55:53.160+0000][gc,cpu        ] GC(784) User=0.03s Sys=0.00s Real=0.04s
[2025-11-08T14:55:55.389+0000][gc,start      ] GC(785) Pause Young (Normal) (G1 Evacuation Pause)
[2025-11-08T14:55:55.389+0000][gc,task       ] GC(785) Using 2 workers of 2 for evacuation
[2025-11-08T14:55:55.403+0000][gc,phases     ] GC(785)   Pre Evacuate Collection Set: 0.0ms
[2025-11-08T14:55:55.403+0000][gc,phases     ] GC(785)   Evacuate Collection Set: 12.0ms
[2025-11-08T14:55:55.404+0000][gc,phases     ] GC(785)   Post Evacuate Collection Set: 1.2ms
[2025-11-08T14:55:55.404+0000][gc,phases     ] GC(785)   Other: 1.2ms
[2025-11-08T14:55:55.404+0000][gc,heap       ] GC(785) Eden regions: 31->0(33)
[2025-11-08T14:55:55.405+0000][gc,heap       ] GC(785) Survivor regions: 2->2(5)
[2025-11-08T14:55:55.405+0000][gc,heap       ] GC(785) Old regions: 69->69
[2025-11-08T14:55:55.406+0000][gc,heap       ] GC(785) Humongous regions: 147->147
[2025-11-08T14:55:55.406+0000][gc,metaspace  ] GC(785) Metaspace: 52283K(55472K)->52283K(55472K) NonClass: 46495K(48304K)->46495K(48304K) Class: 5787K(7168K)->5787K(7168K)
[2025-11-08T14:55:55.406+0000][gc            ] GC(785) Pause Young (Normal) (G1 Evacuation Pause) 248M->216M(667M) 17.645ms
[2025-11-08T14:55:55.407+0000][gc,cpu        ] GC(785) User=0.03s Sys=0.00s Real=0.01s
[2025-11-08T14:55:57.644+0000][gc,start      ] GC(786) Pause Young (Normal) (G1 Evacuation Pause)
[2025-11-08T14:55:57.644+0000][gc,task       ] GC(786) Using 2 workers of 2 for evacuation
[2025-11-08T14:55:57.660+0000][gc,phases     ] GC(786)   Pre Evacuate Collection Set: 0.0ms
[2025-11-08T14:55:57.661+0000][gc,phases     ] GC(786)   Evacuate Collection Set: 14.0ms
[2025-11-08T14:55:57.661+0000][gc,phases     ] GC(786)   Post Evacuate Collection Set: 1.1ms
[2025-11-08T14:55:57.661+0000][gc,phases     ] GC(786)   Other: 1.1ms
[2025-11-08T14:55:57.661+0000][gc,heap       ] GC(786) Eden regions: 31->0(33)
[2025-11-08T14:55:57.662+0000][gc,heap       ] GC(786) Survivor regions: 2->4(5)
[2025-11-08T14:55:57.662+0000][gc,heap       ] GC(786) Old regions: 69->69
[2025-11-08T14:55:57.662+0000][gc,heap       ] GC(786) Humongous regions: 147->147
[2025-11-08T14:55:57.663+0000][gc,metaspace  ] GC(786) Metaspace: 52283K(55472K)->52283K(55472K) NonClass: 46495K(48304K)->46495K(48304K) Class: 5787K(7168K)->5787K(7168K)
[2025-11-08T14:55:57.663+0000][gc            ] GC(786) Pause Young (Normal) (G1 Evacuation Pause) 247M->218M(667M) 19.322ms
[2025-11-08T14:55:57.664+0000][gc,cpu        ] GC(786) User=0.03s Sys=0.00s Real=0.02s
[2025-11-08T14:55:59.865+0000][gc,start      ] GC(787) Pause Young (Normal) (G1 Evacuation Pause)
[2025-11-08T14:55:59.866+0000][gc,task       ] GC(787) Using 2 workers of 2 for evacuation
[2025-11-08T14:55:59.886+0000][gc,mmu        ] GC(787) MMU target violated: 20.1ms (20.0ms/21.0ms)
[2025-11-08T14:55:59.887+0000][gc,phases     ] GC(787)   Pre Evacuate Collection Set: 0.0ms
[2025-11-08T14:55:59.888+0000][gc,phases     ] GC(787)   Evacuate Collection Set: 17.7ms
[2025-11-08T14:55:59.889+0000][gc,phases     ] GC(787)   Post Evacuate Collection Set: 2.2ms
[2025-11-08T14:55:59.891+0000][gc,phases     ] GC(787)   Other: 2.1ms
[2025-11-08T14:55:59.891+0000][gc,heap       ] GC(787) Eden regions: 29->0(32)
[2025-11-08T14:55:59.892+0000][gc,heap       ] GC(787) Survivor regions: 4->3(5)
[2025-11-08T14:55:59.893+0000][gc,heap       ] GC(787) Old regions: 69->69
[2025-11-08T14:55:59.893+0000][gc,heap       ] GC(787) Humongous regions: 147->147
[2025-11-08T14:55:59.894+0000][gc,metaspace  ] GC(787) Metaspace: 52283K(55472K)->52283K(55472K) NonClass: 46495K(48304K)->46495K(48304K) Class: 5787K(7168K)->5787K(7168K)
[2025-11-08T14:55:59.894+0000][gc            ] GC(787) Pause Young (Normal) (G1 Evacuation Pause) 247M->218M(667M) 28.947ms
[2025-11-08T14:55:59.895+0000][gc,cpu        ] GC(787) User=0.04s Sys=0.00s Real=0.03s
[2025-11-08T14:56:02.431+0000][gc,start      ] GC(788) Pause Young (Normal) (G1 Evacuation Pause)
[2025-11-08T14:56:02.431+0000][gc,task       ] GC(788) Using 2 workers of 2 for evacuation
[2025-11-08T14:56:02.447+0000][gc,phases     ] GC(788)   Pre Evacuate Collection Set: 0.0ms
[2025-11-08T14:56:02.447+0000][gc,phases     ] GC(788)   Evacuate Collection Set: 12.9ms
[2025-11-08T14:56:02.447+0000][gc,phases     ] GC(788)   Post Evacuate Collection Set: 1.3ms
[2025-11-08T14:56:02.448+0000][gc,phases     ] GC(788)   Other: 2.0ms
[2025-11-08T14:56:02.448+0000][gc,heap       ] GC(788) Eden regions: 32->0(33)
[2025-11-08T14:56:02.449+0000][gc,heap       ] GC(788) Survivor regions: 3->2(5)
[2025-11-08T14:56:02.449+0000][gc,heap       ] GC(788) Old regions: 69->69
[2025-11-08T14:56:02.449+0000][gc,heap       ] GC(788) Humongous regions: 147->147
[2025-11-08T14:56:02.450+0000][gc,metaspace  ] GC(788) Metaspace: 52283K(55472K)->52283K(55472K) NonClass: 46495K(48304K)->46495K(48304K) Class: 5787K(7168K)->5787K(7168K)
[2025-11-08T14:56:02.450+0000][gc            ] GC(788) Pause Young (Normal) (G1 Evacuation Pause) 250M->217M(667M) 19.649ms
[2025-11-08T14:56:02.450+0000][gc,cpu        ] GC(788) User=0.02s Sys=0.00s Real=0.02s
[2025-11-08T14:56:04.900+0000][gc,start      ] GC(789) Pause Young (Normal) (G1 Evacuation Pause)
[2025-11-08T14:56:04.901+0000][gc,task       ] GC(789) Using 2 workers of 2 for evacuation
[2025-11-08T14:56:04.913+0000][gc,phases     ] GC(789)   Pre Evacuate Collection Set: 0.1ms
[2025-11-08T14:56:04.914+0000][gc,phases     ] GC(789)   Evacuate Collection Set: 10.9ms
[2025-11-08T14:56:04.914+0000][gc,phases     ] GC(789)   Post Evacuate Collection Set: 1.0ms
[2025-11-08T14:56:04.915+0000][gc,phases     ] GC(789)   Other: 1.0ms
[2025-11-08T14:56:04.915+0000][gc,heap       ] GC(789) Eden regions: 33->0(36)
[2025-11-08T14:56:04.915+0000][gc,heap       ] GC(789) Survivor regions: 2->2(5)
[2025-11-08T14:56:04.915+0000][gc,heap       ] GC(789) Old regions: 69->69
[2025-11-08T14:56:04.916+0000][gc,heap       ] GC(789) Humongous regions: 147->147
[2025-11-08T14:56:04.916+0000][gc,metaspace  ] GC(789) Metaspace: 52283K(55472K)->52283K(55472K) NonClass: 46495K(48304K)->46495K(48304K) Class: 5787K(7168K)->5787K(7168K)
[2025-11-08T14:56:04.916+0000][gc            ] GC(789) Pause Young (Normal) (G1 Evacuation Pause) 250M->217M(667M) 15.919ms
[2025-11-08T14:56:04.917+0000][gc,cpu        ] GC(789) User=0.02s Sys=0.00s Real=0.01s
[2025-11-08T14:56:07.750+0000][gc,start      ] GC(790) Pause Young (Normal) (G1 Evacuation Pause)
[2025-11-08T14:56:07.751+0000][gc,task       ] GC(790) Using 2 workers of 2 for evacuation
[2025-11-08T14:56:07.766+0000][gc,phases     ] GC(790)   Pre Evacuate Collection Set: 0.0ms
[2025-11-08T14:56:07.766+0000][gc,phases     ] GC(790)   Evacuate Collection Set: 12.6ms
[2025-11-08T14:56:07.767+0000][gc,phases     ] GC(790)   Post Evacuate Collection Set: 1.9ms
[2025-11-08T14:56:07.768+0000][gc,phases     ] GC(790)   Other: 1.1ms
[2025-11-08T14:56:07.768+0000][gc,heap       ] GC(790) Eden regions: 36->0(38)
[2025-11-08T14:56:07.769+0000][gc,heap       ] GC(790) Survivor regions: 2->3(5)
[2025-11-08T14:56:07.769+0000][gc,heap       ] GC(790) Old regions: 69->69
[2025-11-08T14:56:07.770+0000][gc,heap       ] GC(790) Humongous regions: 147->147
[2025-11-08T14:56:07.770+0000][gc,metaspace  ] GC(790) Metaspace: 52283K(55472K)->52283K(55472K) NonClass: 46495K(48304K)->46495K(48304K) Class: 5787K(7168K)->5787K(7168K)
[2025-11-08T14:56:07.770+0000][gc            ] GC(790) Pause Young (Normal) (G1 Evacuation Pause) 253M->218M(667M) 19.908ms
[2025-11-08T14:56:07.771+0000][gc,cpu        ] GC(790) User=0.03s Sys=0.00s Real=0.02s
[2025-11-08T14:56:09.978+0000][gc,start      ] GC(791) Pause Young (Normal) (G1 Evacuation Pause)
[2025-11-08T14:56:09.978+0000][gc,task       ] GC(791) Using 2 workers of 2 for evacuation
[2025-11-08T14:56:09.994+0000][gc,phases     ] GC(791)   Pre Evacuate Collection Set: 0.0ms
[2025-11-08T14:56:09.994+0000][gc,phases     ] GC(791)   Evacuate Collection Set: 13.4ms
[2025-11-08T14:56:09.995+0000][gc,phases     ] GC(791)   Post Evacuate Collection Set: 1.6ms
[2025-11-08T14:56:09.995+0000][gc,phases     ] GC(791)   Other: 1.0ms
[2025-11-08T14:56:09.995+0000][gc,heap       ] GC(791) Eden regions: 30->0(38)
[2025-11-08T14:56:09.996+0000][gc,heap       ] GC(791) Survivor regions: 3->2(5)
[2025-11-08T14:56:09.996+0000][gc,heap       ] GC(791) Old regions: 69->69
[2025-11-08T14:56:09.997+0000][gc,heap       ] GC(791) Humongous regions: 147->147
[2025-11-08T14:56:09.997+0000][gc,metaspace  ] GC(791) Metaspace: 52283K(55472K)->52283K(55472K) NonClass: 46495K(48304K)->46495K(48304K) Class: 5787K(7168K)->5787K(7168K)
[2025-11-08T14:56:09.997+0000][gc            ] GC(791) Pause Young (Normal) (G1 Evacuation Pause) 248M->217M(667M) 19.330ms
[2025-11-08T14:56:09.998+0000][gc,cpu        ] GC(791) User=0.02s Sys=0.00s Real=0.02s
[2025-11-08T14:56:12.979+0000][gc,start      ] GC(792) Pause Young (Normal) (G1 Evacuation Pause)
[2025-11-08T14:56:12.982+0000][gc,task       ] GC(792) Using 2 workers of 2 for evacuation
[2025-11-08T14:56:13.012+0000][gc,mmu        ] GC(792) MMU target violated: 21.0ms (20.0ms/21.0ms)
[2025-11-08T14:56:13.013+0000][gc,phases     ] GC(792)   Pre Evacuate Collection Set: 0.0ms
[2025-11-08T14:56:13.013+0000][gc,phases     ] GC(792)   Evacuate Collection Set: 26.9ms
[2025-11-08T14:56:13.013+0000][gc,phases     ] GC(792)   Post Evacuate Collection Set: 2.1ms
[2025-11-08T14:56:13.014+0000][gc,phases     ] GC(792)   Other: 4.5ms
[2025-11-08T14:56:13.014+0000][gc,heap       ] GC(792) Eden regions: 38->0(32)
[2025-11-08T14:56:13.015+0000][gc,heap       ] GC(792) Survivor regions: 2->3(5)
[2025-11-08T14:56:13.015+0000][gc,heap       ] GC(792) Old regions: 69->69
[2025-11-08T14:56:13.015+0000][gc,heap       ] GC(792) Humongous regions: 147->147
[2025-11-08T14:56:13.016+0000][gc,metaspace  ] GC(792) Metaspace: 52283K(55472K)->52283K(55472K) NonClass: 46495K(48304K)->46495K(48304K) Class: 5787K(7168K)->5787K(7168K)
[2025-11-08T14:56:13.016+0000][gc            ] GC(792) Pause Young (Normal) (G1 Evacuation Pause) 255M->218M(667M) 37.106ms
[2025-11-08T14:56:13.017+0000][gc,cpu        ] GC(792) User=0.06s Sys=0.00s Real=0.03s
[2025-11-08T14:56:15.382+0000][gc,start      ] GC(793) Pause Young (Normal) (G1 Evacuation Pause)
[2025-11-08T14:56:15.383+0000][gc,task       ] GC(793) Using 2 workers of 2 for evacuation
[2025-11-08T14:56:15.397+0000][gc,phases     ] GC(793)   Pre Evacuate Collection Set: 0.0ms
[2025-11-08T14:56:15.398+0000][gc,phases     ] GC(793)   Evacuate Collection Set: 12.9ms
[2025-11-08T14:56:15.398+0000][gc,phases     ] GC(793)   Post Evacuate Collection Set: 1.1ms
[2025-11-08T14:56:15.399+0000][gc,phases     ] GC(793)   Other: 1.1ms
[2025-11-08T14:56:15.399+0000][gc,heap       ] GC(793) Eden regions: 30->0(31)
[2025-11-08T14:56:15.400+0000][gc,heap       ] GC(793) Survivor regions: 3->2(5)
[2025-11-08T14:56:15.400+0000][gc,heap       ] GC(793) Old regions: 69->69
[2025-11-08T14:56:15.400+0000][gc,heap       ] GC(793) Humongous regions: 147->147
[2025-11-08T14:56:15.401+0000][gc,metaspace  ] GC(793) Metaspace: 52283K(55472K)->52283K(55472K) NonClass: 46495K(48304K)->46495K(48304K) Class: 5787K(7168K)->5787K(7168K)
[2025-11-08T14:56:15.401+0000][gc            ] GC(793) Pause Young (Normal) (G1 Evacuation Pause) 248M->217M(667M) 18.753ms
[2025-11-08T14:56:15.401+0000][gc,cpu        ] GC(793) User=0.03s Sys=0.00s Real=0.02s
[2025-11-08T14:56:17.629+0000][gc,start      ] GC(794) Pause Young (Normal) (G1 Evacuation Pause)
[2025-11-08T14:56:17.629+0000][gc,task       ] GC(794) Using 2 workers of 2 for evacuation
[2025-11-08T14:56:17.647+0000][gc,phases     ] GC(794)   Pre Evacuate Collection Set: 0.0ms
[2025-11-08T14:56:17.648+0000][gc,phases     ] GC(794)   Evacuate Collection Set: 15.6ms
[2025-11-08T14:56:17.648+0000][gc,phases     ] GC(794)   Post Evacuate Collection Set: 1.5ms
[2025-11-08T14:56:17.648+0000][gc,phases     ] GC(794)   Other: 1.4ms
[2025-11-08T14:56:17.649+0000][gc,heap       ] GC(794) Eden regions: 31->0(31)
[2025-11-08T14:56:17.649+0000][gc,heap       ] GC(794) Survivor regions: 2->2(5)
[2025-11-08T14:56:17.649+0000][gc,heap       ] GC(794) Old regions: 69->69
[2025-11-08T14:56:17.653+0000][gc,heap       ] GC(794) Humongous regions: 147->147
[2025-11-08T14:56:17.653+0000][gc,metaspace  ] GC(794) Metaspace: 52283K(55472K)->52283K(55472K) NonClass: 46495K(48304K)->46495K(48304K) Class: 5787K(7168K)->5787K(7168K)
[2025-11-08T14:56:17.654+0000][gc            ] GC(794) Pause Young (Normal) (G1 Evacuation Pause) 248M->217M(667M) 25.297ms
[2025-11-08T14:56:17.655+0000][gc,cpu        ] GC(794) User=0.04s Sys=0.00s Real=0.02s
[2025-11-08T14:56:19.929+0000][gc,start      ] GC(795) Pause Young (Normal) (G1 Evacuation Pause)
[2025-11-08T14:56:19.929+0000][gc,task       ] GC(795) Using 2 workers of 2 for evacuation
[2025-11-08T14:56:19.948+0000][gc,phases     ] GC(795)   Pre Evacuate Collection Set: 0.0ms
[2025-11-08T14:56:19.949+0000][gc,phases     ] GC(795)   Evacuate Collection Set: 15.4ms
[2025-11-08T14:56:19.949+0000][gc,phases     ] GC(795)   Post Evacuate Collection Set: 1.1ms
[2025-11-08T14:56:19.949+0000][gc,phases     ] GC(795)   Other: 2.4ms
[2025-11-08T14:56:19.950+0000][gc,heap       ] GC(795) Eden regions: 31->0(32)
[2025-11-08T14:56:19.950+0000][gc,heap       ] GC(795) Survivor regions: 2->2(5)
[2025-11-08T14:56:19.950+0000][gc,heap       ] GC(795) Old regions: 69->69
[2025-11-08T14:56:19.951+0000][gc,heap       ] GC(795) Humongous regions: 147->147
[2025-11-08T14:56:19.951+0000][gc,metaspace  ] GC(795) Metaspace: 52283K(55472K)->52283K(55472K) NonClass: 46495K(48304K)->46495K(48304K) Class: 5787K(7168K)->5787K(7168K)
[2025-11-08T14:56:19.952+0000][gc            ] GC(795) Pause Young (Normal) (G1 Evacuation Pause) 248M->217M(667M) 22.660ms
[2025-11-08T14:56:19.952+0000][gc,cpu        ] GC(795) User=0.03s Sys=0.00s Real=0.02s
[2025-11-08T14:56:22.695+0000][gc,start      ] GC(796) Pause Young (Normal) (G1 Evacuation Pause)
[2025-11-08T14:56:22.695+0000][gc,task       ] GC(796) Using 2 workers of 2 for evacuation
[2025-11-08T14:56:22.752+0000][gc,mmu        ] GC(796) MMU target violated: 21.0ms (20.0ms/21.0ms)
[2025-11-08T14:56:22.753+0000][gc,phases     ] GC(796)   Pre Evacuate Collection Set: 0.0ms
[2025-11-08T14:56:22.753+0000][gc,phases     ] GC(796)   Evacuate Collection Set: 53.6ms
[2025-11-08T14:56:22.754+0000][gc,phases     ] GC(796)   Post Evacuate Collection Set: 3.1ms
[2025-11-08T14:56:22.755+0000][gc,phases     ] GC(796)   Other: 1.6ms
[2025-11-08T14:56:22.756+0000][gc,heap       ] GC(796) Eden regions: 31->0(29)
[2025-11-08T14:56:22.756+0000][gc,heap       ] GC(796) Survivor regions: 2->4(5)
[2025-11-08T14:56:22.757+0000][gc,heap       ] GC(796) Old regions: 69->70
[2025-11-08T14:56:22.757+0000][gc,heap       ] GC(796) Humongous regions: 147->147
[2025-11-08T14:56:22.758+0000][gc,metaspace  ] GC(796) Metaspace: 52283K(55472K)->52283K(55472K) NonClass: 46495K(48304K)->46495K(48304K) Class: 5787K(7168K)->5787K(7168K)
[2025-11-08T14:56:22.758+0000][gc            ] GC(796) Pause Young (Normal) (G1 Evacuation Pause) 248M->219M(667M) 63.621ms
[2025-11-08T14:56:22.759+0000][gc,cpu        ] GC(796) User=0.06s Sys=0.00s Real=0.07s
[2025-11-08T14:56:25.072+0000][gc,start      ] GC(797) Pause Young (Normal) (G1 Evacuation Pause)
[2025-11-08T14:56:25.073+0000][gc,task       ] GC(797) Using 2 workers of 2 for evacuation
[2025-11-08T14:56:25.094+0000][gc,mmu        ] GC(797) MMU target violated: 20.2ms (20.0ms/21.0ms)
[2025-11-08T14:56:25.094+0000][gc,phases     ] GC(797)   Pre Evacuate Collection Set: 0.0ms
[2025-11-08T14:56:25.095+0000][gc,phases     ] GC(797)   Evacuate Collection Set: 18.0ms
[2025-11-08T14:56:25.096+0000][gc,phases     ] GC(797)   Post Evacuate Collection Set: 1.8ms
[2025-11-08T14:56:25.096+0000][gc,phases     ] GC(797)   Other: 2.6ms
[2025-11-08T14:56:25.097+0000][gc,heap       ] GC(797) Eden regions: 29->0(31)
[2025-11-08T14:56:25.097+0000][gc,heap       ] GC(797) Survivor regions: 4->2(5)
[2025-11-08T14:56:25.097+0000][gc,heap       ] GC(797) Old regions: 70->70
[2025-11-08T14:56:25.098+0000][gc,heap       ] GC(797) Humongous regions: 147->147
[2025-11-08T14:56:25.098+0000][gc,metaspace  ] GC(797) Metaspace: 52283K(55472K)->52283K(55472K) NonClass: 46495K(48304K)->46495K(48304K) Class: 5787K(7168K)->5787K(7168K)
[2025-11-08T14:56:25.099+0000][gc            ] GC(797) Pause Young (Normal) (G1 Evacuation Pause) 248M->218M(667M) 26.932ms
[2025-11-08T14:56:25.099+0000][gc,cpu        ] GC(797) User=0.04s Sys=0.00s Real=0.03s
[2025-11-08T14:56:27.299+0000][gc,start      ] GC(798) Pause Young (Normal) (G1 Evacuation Pause)
[2025-11-08T14:56:27.300+0000][gc,task       ] GC(798) Using 2 workers of 2 for evacuation
[2025-11-08T14:56:27.311+0000][gc,phases     ] GC(798)   Pre Evacuate Collection Set: 0.0ms
[2025-11-08T14:56:27.311+0000][gc,phases     ] GC(798)   Evacuate Collection Set: 9.5ms
[2025-11-08T14:56:27.312+0000][gc,phases     ] GC(798)   Post Evacuate Collection Set: 1.3ms
[2025-11-08T14:56:27.312+0000][gc,phases     ] GC(798)   Other: 1.1ms
[2025-11-08T14:56:27.313+0000][gc,heap       ] GC(798) Eden regions: 31->0(31)
[2025-11-08T14:56:27.313+0000][gc,heap       ] GC(798) Survivor regions: 2->2(5)
[2025-11-08T14:56:27.313+0000][gc,heap       ] GC(798) Old regions: 70->70
[2025-11-08T14:56:27.314+0000][gc,heap       ] GC(798) Humongous regions: 147->147
[2025-11-08T14:56:27.314+0000][gc,metaspace  ] GC(798) Metaspace: 52283K(55472K)->52283K(55472K) NonClass: 46495K(48304K)->46495K(48304K) Class: 5787K(7168K)->5787K(7168K)
[2025-11-08T14:56:27.315+0000][gc            ] GC(798) Pause Young (Normal) (G1 Evacuation Pause) 249M->218M(667M) 15.364ms
[2025-11-08T14:56:27.315+0000][gc,cpu        ] GC(798) User=0.02s Sys=0.00s Real=0.01s
[2025-11-08T14:56:29.640+0000][gc,start      ] GC(799) Pause Young (Normal) (G1 Evacuation Pause)
[2025-11-08T14:56:29.641+0000][gc,task       ] GC(799) Using 2 workers of 2 for evacuation
[2025-11-08T14:56:29.652+0000][gc,phases     ] GC(799)   Pre Evacuate Collection Set: 0.0ms
[2025-11-08T14:56:29.652+0000][gc,phases     ] GC(799)   Evacuate Collection Set: 9.1ms
[2025-11-08T14:56:29.653+0000][gc,phases     ] GC(799)   Post Evacuate Collection Set: 1.2ms
[2025-11-08T14:56:29.653+0000][gc,phases     ] GC(799)   Other: 1.1ms
[2025-11-08T14:56:29.654+0000][gc,heap       ] GC(799) Eden regions: 31->0(31)
[2025-11-08T14:56:29.654+0000][gc,heap       ] GC(799) Survivor regions: 2->2(5)
[2025-11-08T14:56:29.654+0000][gc,heap       ] GC(799) Old regions: 70->70
[2025-11-08T14:56:29.655+0000][gc,heap       ] GC(799) Humongous regions: 147->147
[2025-11-08T14:56:29.656+0000][gc,metaspace  ] GC(799) Metaspace: 52283K(55472K)->52283K(55472K) NonClass: 46495K(48304K)->46495K(48304K) Class: 5787K(7168K)->5787K(7168K)
[2025-11-08T14:56:29.656+0000][gc            ] GC(799) Pause Young (Normal) (G1 Evacuation Pause) 249M->218M(667M) 16.029ms
[2025-11-08T14:56:29.657+0000][gc,cpu        ] GC(799) User=0.02s Sys=0.00s Real=0.01s
[2025-11-08T14:56:31.923+0000][gc,start      ] GC(800) Pause Young (Normal) (G1 Evacuation Pause)
[2025-11-08T14:56:31.924+0000][gc,task       ] GC(800) Using 2 workers of 2 for evacuation
[2025-11-08T14:56:31.938+0000][gc,phases     ] GC(800)   Pre Evacuate Collection Set: 0.0ms
[2025-11-08T14:56:31.938+0000][gc,phases     ] GC(800)   Evacuate Collection Set: 11.8ms
[2025-11-08T14:56:31.938+0000][gc,phases     ] GC(800)   Post Evacuate Collection Set: 1.1ms
[2025-11-08T14:56:31.939+0000][gc,phases     ] GC(800)   Other: 1.4ms
[2025-11-08T14:56:31.939+0000][gc,heap       ] GC(800) Eden regions: 31->0(32)
[2025-11-08T14:56:31.939+0000][gc,heap       ] GC(800) Survivor regions: 2->2(5)
[2025-11-08T14:56:31.940+0000][gc,heap       ] GC(800) Old regions: 70->70
[2025-11-08T14:56:31.940+0000][gc,heap       ] GC(800) Humongous regions: 147->147
[2025-11-08T14:56:31.940+0000][gc,metaspace  ] GC(800) Metaspace: 52283K(55472K)->52283K(55472K) NonClass: 46495K(48304K)->46495K(48304K) Class: 5787K(7168K)->5787K(7168K)
[2025-11-08T14:56:31.940+0000][gc            ] GC(800) Pause Young (Normal) (G1 Evacuation Pause) 249M->217M(667M) 16.930ms
[2025-11-08T14:56:31.941+0000][gc,cpu        ] GC(800) User=0.02s Sys=0.00s Real=0.02s
[2025-11-08T14:56:34.251+0000][gc,start      ] GC(801) Pause Young (Normal) (G1 Evacuation Pause)
[2025-11-08T14:56:34.251+0000][gc,task       ] GC(801) Using 2 workers of 2 for evacuation
[2025-11-08T14:56:34.271+0000][gc,phases     ] GC(801)   Pre Evacuate Collection Set: 0.0ms
[2025-11-08T14:56:34.273+0000][gc,phases     ] GC(801)   Evacuate Collection Set: 17.5ms
[2025-11-08T14:56:34.273+0000][gc,phases     ] GC(801)   Post Evacuate Collection Set: 1.4ms
[2025-11-08T14:56:34.274+0000][gc,phases     ] GC(801)   Other: 2.0ms
[2025-11-08T14:56:34.274+0000][gc,heap       ] GC(801) Eden regions: 32->0(30)
[2025-11-08T14:56:34.275+0000][gc,heap       ] GC(801) Survivor regions: 2->3(5)
[2025-11-08T14:56:34.276+0000][gc,heap       ] GC(801) Old regions: 70->70
[2025-11-08T14:56:34.276+0000][gc,heap       ] GC(801) Humongous regions: 147->147
[2025-11-08T14:56:34.277+0000][gc,metaspace  ] GC(801) Metaspace: 52283K(55472K)->52283K(55472K) NonClass: 46495K(48304K)->46495K(48304K) Class: 5787K(7168K)->5787K(7168K)
[2025-11-08T14:56:34.277+0000][gc            ] GC(801) Pause Young (Normal) (G1 Evacuation Pause) 249M->219M(667M) 26.643ms
[2025-11-08T14:56:34.277+0000][gc,cpu        ] GC(801) User=0.03s Sys=0.00s Real=0.03s
[2025-11-08T14:56:36.338+0000][gc,start      ] GC(802) Pause Young (Normal) (G1 Evacuation Pause)
[2025-11-08T14:56:36.338+0000][gc,task       ] GC(802) Using 2 workers of 2 for evacuation
[2025-11-08T14:56:36.351+0000][gc,phases     ] GC(802)   Pre Evacuate Collection Set: 0.0ms
[2025-11-08T14:56:36.351+0000][gc,phases     ] GC(802)   Evacuate Collection Set: 10.5ms
[2025-11-08T14:56:36.351+0000][gc,phases     ] GC(802)   Post Evacuate Collection Set: 1.2ms
[2025-11-08T14:56:36.352+0000][gc,phases     ] GC(802)   Other: 0.8ms
[2025-11-08T14:56:36.352+0000][gc,heap       ] GC(802) Eden regions: 30->0(32)
[2025-11-08T14:56:36.353+0000][gc,heap       ] GC(802) Survivor regions: 3->3(5)
[2025-11-08T14:56:36.353+0000][gc,heap       ] GC(802) Old regions: 70->70
[2025-11-08T14:56:36.353+0000][gc,heap       ] GC(802) Humongous regions: 147->147
[2025-11-08T14:56:36.354+0000][gc,metaspace  ] GC(802) Metaspace: 52283K(55472K)->52283K(55472K) NonClass: 46495K(48304K)->46495K(48304K) Class: 5787K(7168K)->5787K(7168K)
[2025-11-08T14:56:36.354+0000][gc            ] GC(802) Pause Young (Normal) (G1 Evacuation Pause) 249M->219M(667M) 16.123ms
[2025-11-08T14:56:36.355+0000][gc,cpu        ] GC(802) User=0.02s Sys=0.00s Real=0.01s
[2025-11-08T14:56:38.608+0000][gc,start      ] GC(803) Pause Young (Normal) (G1 Evacuation Pause)
[2025-11-08T14:56:38.609+0000][gc,task       ] GC(803) Using 2 workers of 2 for evacuation
[2025-11-08T14:56:38.629+0000][gc,phases     ] GC(803)   Pre Evacuate Collection Set: 0.0ms
[2025-11-08T14:56:38.629+0000][gc,phases     ] GC(803)   Evacuate Collection Set: 13.0ms
[2025-11-08T14:56:38.630+0000][gc,phases     ] GC(803)   Post Evacuate Collection Set: 1.3ms
[2025-11-08T14:56:38.630+0000][gc,phases     ] GC(803)   Other: 6.4ms
[2025-11-08T14:56:38.631+0000][gc,heap       ] GC(803) Eden regions: 32->0(33)
[2025-11-08T14:56:38.631+0000][gc,heap       ] GC(803) Survivor regions: 3->2(5)
[2025-11-08T14:56:38.631+0000][gc,heap       ] GC(803) Old regions: 70->70
[2025-11-08T14:56:38.632+0000][gc,heap       ] GC(803) Humongous regions: 147->147
[2025-11-08T14:56:38.632+0000][gc,metaspace  ] GC(803) Metaspace: 52283K(55472K)->52283K(55472K) NonClass: 46495K(48304K)->46495K(48304K) Class: 5787K(7168K)->5787K(7168K)
[2025-11-08T14:56:38.632+0000][gc            ] GC(803) Pause Young (Normal) (G1 Evacuation Pause) 251M->218M(667M) 24.224ms
[2025-11-08T14:56:38.633+0000][gc,cpu        ] GC(803) User=0.02s Sys=0.00s Real=0.02s
[2025-11-08T14:56:40.981+0000][gc,start      ] GC(804) Pause Young (Normal) (G1 Evacuation Pause)
[2025-11-08T14:56:40.982+0000][gc,task       ] GC(804) Using 2 workers of 2 for evacuation
[2025-11-08T14:56:40.995+0000][gc,phases     ] GC(804)   Pre Evacuate Collection Set: 0.0ms
[2025-11-08T14:56:40.996+0000][gc,phases     ] GC(804)   Evacuate Collection Set: 12.0ms
[2025-11-08T14:56:40.996+0000][gc,phases     ] GC(804)   Post Evacuate Collection Set: 1.0ms
[2025-11-08T14:56:40.997+0000][gc,phases     ] GC(804)   Other: 1.1ms
[2025-11-08T14:56:40.997+0000][gc,heap       ] GC(804) Eden regions: 33->0(35)
[2025-11-08T14:56:40.997+0000][gc,heap       ] GC(804) Survivor regions: 2->2(5)
[2025-11-08T14:56:40.998+0000][gc,heap       ] GC(804) Old regions: 70->70
[2025-11-08T14:56:40.998+0000][gc,heap       ] GC(804) Humongous regions: 147->147
[2025-11-08T14:56:40.998+0000][gc,metaspace  ] GC(804) Metaspace: 52283K(55472K)->52283K(55472K) NonClass: 46495K(48304K)->46495K(48304K) Class: 5787K(7168K)->5787K(7168K)
[2025-11-08T14:56:40.998+0000][gc            ] GC(804) Pause Young (Normal) (G1 Evacuation Pause) 251M->218M(667M) 17.111ms
[2025-11-08T14:56:40.999+0000][gc,cpu        ] GC(804) User=0.03s Sys=0.00s Real=0.02s
[2025-11-08T14:56:43.586+0000][gc,start      ] GC(805) Pause Young (Normal) (G1 Evacuation Pause)
[2025-11-08T14:56:43.586+0000][gc,task       ] GC(805) Using 2 workers of 2 for evacuation
[2025-11-08T14:56:43.605+0000][gc,phases     ] GC(805)   Pre Evacuate Collection Set: 0.0ms
[2025-11-08T14:56:43.605+0000][gc,phases     ] GC(805)   Evacuate Collection Set: 15.8ms
[2025-11-08T14:56:43.605+0000][gc,phases     ] GC(805)   Post Evacuate Collection Set: 1.6ms
[2025-11-08T14:56:43.606+0000][gc,phases     ] GC(805)   Other: 1.9ms
[2025-11-08T14:56:43.606+0000][gc,heap       ] GC(805) Eden regions: 35->0(35)
[2025-11-08T14:56:43.607+0000][gc,heap       ] GC(805) Survivor regions: 2->2(5)
[2025-11-08T14:56:43.607+0000][gc,heap       ] GC(805) Old regions: 70->70
[2025-11-08T14:56:43.608+0000][gc,heap       ] GC(805) Humongous regions: 147->147
[2025-11-08T14:56:43.608+0000][gc,metaspace  ] GC(805) Metaspace: 52283K(55472K)->52283K(55472K) NonClass: 46495K(48304K)->46495K(48304K) Class: 5787K(7168K)->5787K(7168K)
[2025-11-08T14:56:43.609+0000][gc            ] GC(805) Pause Young (Normal) (G1 Evacuation Pause) 253M->218M(667M) 23.359ms
[2025-11-08T14:56:43.609+0000][gc,cpu        ] GC(805) User=0.03s Sys=0.00s Real=0.03s
[2025-11-08T14:56:46.041+0000][gc,start      ] GC(806) Pause Young (Normal) (G1 Evacuation Pause)
[2025-11-08T14:56:46.041+0000][gc,task       ] GC(806) Using 2 workers of 2 for evacuation
[2025-11-08T14:56:46.057+0000][gc,phases     ] GC(806)   Pre Evacuate Collection Set: 0.1ms
[2025-11-08T14:56:46.057+0000][gc,phases     ] GC(806)   Evacuate Collection Set: 13.6ms
[2025-11-08T14:56:46.058+0000][gc,phases     ] GC(806)   Post Evacuate Collection Set: 1.1ms
[2025-11-08T14:56:46.058+0000][gc,phases     ] GC(806)   Other: 1.4ms
[2025-11-08T14:56:46.059+0000][gc,heap       ] GC(806) Eden regions: 31->0(35)
[2025-11-08T14:56:46.059+0000][gc,heap       ] GC(806) Survivor regions: 2->2(5)
[2025-11-08T14:56:46.059+0000][gc,heap       ] GC(806) Old regions: 70->70
[2025-11-08T14:56:46.060+0000][gc,heap       ] GC(806) Humongous regions: 147->147
[2025-11-08T14:56:46.060+0000][gc,metaspace  ] GC(806) Metaspace: 52283K(55472K)->52283K(55472K) NonClass: 46495K(48304K)->46495K(48304K) Class: 5787K(7168K)->5787K(7168K)
[2025-11-08T14:56:46.061+0000][gc            ] GC(806) Pause Young (Normal) (G1 Evacuation Pause) 249M->218M(667M) 19.955ms
[2025-11-08T14:56:46.061+0000][gc,cpu        ] GC(806) User=0.03s Sys=0.00s Real=0.02s
[2025-11-08T14:56:48.326+0000][gc,start      ] GC(807) Pause Young (Normal) (G1 Evacuation Pause)
[2025-11-08T14:56:48.326+0000][gc,task       ] GC(807) Using 2 workers of 2 for evacuation
[2025-11-08T14:56:48.339+0000][gc,phases     ] GC(807)   Pre Evacuate Collection Set: 0.0ms
[2025-11-08T14:56:48.340+0000][gc,phases     ] GC(807)   Evacuate Collection Set: 11.3ms
[2025-11-08T14:56:48.340+0000][gc,phases     ] GC(807)   Post Evacuate Collection Set: 1.1ms
[2025-11-08T14:56:48.341+0000][gc,phases     ] GC(807)   Other: 0.9ms
[2025-11-08T14:56:48.341+0000][gc,heap       ] GC(807) Eden regions: 31->0(35)
[2025-11-08T14:56:48.342+0000][gc,heap       ] GC(807) Survivor regions: 2->2(5)
[2025-11-08T14:56:48.342+0000][gc,heap       ] GC(807) Old regions: 70->70
[2025-11-08T14:56:48.342+0000][gc,heap       ] GC(807) Humongous regions: 147->147
[2025-11-08T14:56:48.343+0000][gc,metaspace  ] GC(807) Metaspace: 52283K(55472K)->52283K(55472K) NonClass: 46495K(48304K)->46495K(48304K) Class: 5787K(7168K)->5787K(7168K)
[2025-11-08T14:56:48.343+0000][gc            ] GC(807) Pause Young (Normal) (G1 Evacuation Pause) 249M->218M(667M) 16.847ms
[2025-11-08T14:56:48.343+0000][gc,cpu        ] GC(807) User=0.03s Sys=0.00s Real=0.02s
[2025-11-08T14:56:50.545+0000][gc,start      ] GC(808) Pause Young (Normal) (G1 Evacuation Pause)
[2025-11-08T14:56:50.545+0000][gc,task       ] GC(808) Using 2 workers of 2 for evacuation
[2025-11-08T14:56:50.558+0000][gc,phases     ] GC(808)   Pre Evacuate Collection Set: 0.0ms
[2025-11-08T14:56:50.558+0000][gc,phases     ] GC(808)   Evacuate Collection Set: 10.9ms
[2025-11-08T14:56:50.559+0000][gc,phases     ] GC(808)   Post Evacuate Collection Set: 1.1ms
[2025-11-08T14:56:50.559+0000][gc,phases     ] GC(808)   Other: 1.3ms
[2025-11-08T14:56:50.560+0000][gc,heap       ] GC(808) Eden regions: 31->0(37)
[2025-11-08T14:56:50.560+0000][gc,heap       ] GC(808) Survivor regions: 2->2(5)
[2025-11-08T14:56:50.560+0000][gc,heap       ] GC(808) Old regions: 70->70
[2025-11-08T14:56:50.561+0000][gc,heap       ] GC(808) Humongous regions: 147->147
[2025-11-08T14:56:50.561+0000][gc,metaspace  ] GC(808) Metaspace: 52283K(55472K)->52283K(55472K) NonClass: 46495K(48304K)->46495K(48304K) Class: 5787K(7168K)->5787K(7168K)
[2025-11-08T14:56:50.561+0000][gc            ] GC(808) Pause Young (Normal) (G1 Evacuation Pause) 249M->218M(667M) 16.471ms
[2025-11-08T14:56:50.562+0000][gc,cpu        ] GC(808) User=0.02s Sys=0.00s Real=0.02s
[2025-11-08T14:56:53.318+0000][gc,start      ] GC(809) Pause Young (Normal) (G1 Evacuation Pause)
[2025-11-08T14:56:53.319+0000][gc,task       ] GC(809) Using 2 workers of 2 for evacuation
[2025-11-08T14:56:53.332+0000][gc,phases     ] GC(809)   Pre Evacuate Collection Set: 0.0ms
[2025-11-08T14:56:53.332+0000][gc,phases     ] GC(809)   Evacuate Collection Set: 11.3ms
[2025-11-08T14:56:53.332+0000][gc,phases     ] GC(809)   Post Evacuate Collection Set: 1.0ms
[2025-11-08T14:56:53.333+0000][gc,phases     ] GC(809)   Other: 1.2ms
[2025-11-08T14:56:53.333+0000][gc,heap       ] GC(809) Eden regions: 37->0(38)
[2025-11-08T14:56:53.333+0000][gc,heap       ] GC(809) Survivor regions: 2->2(5)
[2025-11-08T14:56:53.333+0000][gc,heap       ] GC(809) Old regions: 70->70
[2025-11-08T14:56:53.334+0000][gc,heap       ] GC(809) Humongous regions: 147->147
[2025-11-08T14:56:53.334+0000][gc,metaspace  ] GC(809) Metaspace: 52283K(55472K)->52283K(55472K) NonClass: 46495K(48304K)->46495K(48304K) Class: 5787K(7168K)->5787K(7168K)
[2025-11-08T14:56:53.334+0000][gc            ] GC(809) Pause Young (Normal) (G1 Evacuation Pause) 255M->218M(667M) 16.160ms
[2025-11-08T14:56:53.335+0000][gc,cpu        ] GC(809) User=0.02s Sys=0.00s Real=0.01s
[2025-11-08T14:56:55.586+0000][gc,start      ] GC(810) Pause Young (Normal) (G1 Evacuation Pause)
[2025-11-08T14:56:55.587+0000][gc,task       ] GC(810) Using 2 workers of 2 for evacuation
[2025-11-08T14:56:55.602+0000][gc,phases     ] GC(810)   Pre Evacuate Collection Set: 0.0ms
[2025-11-08T14:56:55.602+0000][gc,phases     ] GC(810)   Evacuate Collection Set: 13.1ms
[2025-11-08T14:56:55.603+0000][gc,phases     ] GC(810)   Post Evacuate Collection Set: 1.4ms
[2025-11-08T14:56:55.603+0000][gc,phases     ] GC(810)   Other: 1.1ms
[2025-11-08T14:56:55.603+0000][gc,heap       ] GC(810) Eden regions: 31->0(36)
[2025-11-08T14:56:55.603+0000][gc,heap       ] GC(810) Survivor regions: 2->2(5)
[2025-11-08T14:56:55.604+0000][gc,heap       ] GC(810) Old regions: 70->71
[2025-11-08T14:56:55.605+0000][gc,heap       ] GC(810) Humongous regions: 147->147
[2025-11-08T14:56:55.605+0000][gc,metaspace  ] GC(810) Metaspace: 52283K(55472K)->52283K(55472K) NonClass: 46495K(48304K)->46495K(48304K) Class: 5787K(7168K)->5787K(7168K)
[2025-11-08T14:56:55.605+0000][gc            ] GC(810) Pause Young (Normal) (G1 Evacuation Pause) 249M->218M(667M) 19.146ms
[2025-11-08T14:56:55.606+0000][gc,cpu        ] GC(810) User=0.02s Sys=0.00s Real=0.02s
[2025-11-08T14:56:57.851+0000][gc,start      ] GC(811) Pause Young (Normal) (G1 Evacuation Pause)
[2025-11-08T14:56:57.851+0000][gc,task       ] GC(811) Using 2 workers of 2 for evacuation
[2025-11-08T14:56:57.868+0000][gc,phases     ] GC(811)   Pre Evacuate Collection Set: 0.2ms
[2025-11-08T14:56:57.869+0000][gc,phases     ] GC(811)   Evacuate Collection Set: 15.1ms
[2025-11-08T14:56:57.869+0000][gc,phases     ] GC(811)   Post Evacuate Collection Set: 1.1ms
[2025-11-08T14:56:57.869+0000][gc,phases     ] GC(811)   Other: 1.3ms
[2025-11-08T14:56:57.870+0000][gc,heap       ] GC(811) Eden regions: 31->0(35)
[2025-11-08T14:56:57.870+0000][gc,heap       ] GC(811) Survivor regions: 2->3(5)
[2025-11-08T14:56:57.870+0000][gc,heap       ] GC(811) Old regions: 71->71
[2025-11-08T14:56:57.871+0000][gc,heap       ] GC(811) Humongous regions: 147->147
[2025-11-08T14:56:57.871+0000][gc,metaspace  ] GC(811) Metaspace: 52283K(55472K)->52283K(55472K) NonClass: 46495K(48304K)->46495K(48304K) Class: 5787K(7168K)->5787K(7168K)
[2025-11-08T14:56:57.871+0000][gc            ] GC(811) Pause Young (Normal) (G1 Evacuation Pause) 249M->220M(667M) 20.576ms
[2025-11-08T14:56:57.872+0000][gc,cpu        ] GC(811) User=0.03s Sys=0.00s Real=0.02s
[2025-11-08T14:57:00.346+0000][gc,start      ] GC(812) Pause Young (Normal) (G1 Evacuation Pause)
[2025-11-08T14:57:00.346+0000][gc,task       ] GC(812) Using 2 workers of 2 for evacuation
[2025-11-08T14:57:00.363+0000][gc,phases     ] GC(812)   Pre Evacuate Collection Set: 0.0ms
[2025-11-08T14:57:00.365+0000][gc,phases     ] GC(812)   Evacuate Collection Set: 14.1ms
[2025-11-08T14:57:00.366+0000][gc,phases     ] GC(812)   Post Evacuate Collection Set: 1.3ms
[2025-11-08T14:57:00.366+0000][gc,phases     ] GC(812)   Other: 1.6ms
[2025-11-08T14:57:00.367+0000][gc,heap       ] GC(812) Eden regions: 30->0(35)
[2025-11-08T14:57:00.367+0000][gc,heap       ] GC(812) Survivor regions: 3->3(5)
[2025-11-08T14:57:00.367+0000][gc,heap       ] GC(812) Old regions: 71->71
[2025-11-08T14:57:00.368+0000][gc,heap       ] GC(812) Humongous regions: 147->147
[2025-11-08T14:57:00.368+0000][gc,metaspace  ] GC(812) Metaspace: 52283K(55472K)->52283K(55472K) NonClass: 46495K(48304K)->46495K(48304K) Class: 5787K(7168K)->5787K(7168K)
[2025-11-08T14:57:00.368+0000][gc            ] GC(812) Pause Young (Normal) (G1 Evacuation Pause) 250M->220M(667M) 22.781ms
[2025-11-08T14:57:00.369+0000][gc,cpu        ] GC(812) User=0.03s Sys=0.00s Real=0.03s
[2025-11-08T14:57:03.051+0000][gc,start      ] GC(813) Pause Young (Normal) (G1 Evacuation Pause)
[2025-11-08T14:57:03.052+0000][gc,task       ] GC(813) Using 2 workers of 2 for evacuation
[2025-11-08T14:57:03.074+0000][gc,mmu        ] GC(813) MMU target violated: 21.0ms (20.0ms/21.0ms)
[2025-11-08T14:57:03.074+0000][gc,phases     ] GC(813)   Pre Evacuate Collection Set: 0.0ms
[2025-11-08T14:57:03.075+0000][gc,phases     ] GC(813)   Evacuate Collection Set: 17.0ms
[2025-11-08T14:57:03.075+0000][gc,phases     ] GC(813)   Post Evacuate Collection Set: 3.6ms
[2025-11-08T14:57:03.078+0000][gc,phases     ] GC(813)   Other: 2.6ms
[2025-11-08T14:57:03.078+0000][gc,heap       ] GC(813) Eden regions: 35->0(34)
[2025-11-08T14:57:03.079+0000][gc,heap       ] GC(813) Survivor regions: 3->3(5)
[2025-11-08T14:57:03.082+0000][gc,heap       ] GC(813) Old regions: 71->71
[2025-11-08T14:57:03.082+0000][gc,heap       ] GC(813) Humongous regions: 147->147
[2025-11-08T14:57:03.083+0000][gc,metaspace  ] GC(813) Metaspace: 52283K(55472K)->52283K(55472K) NonClass: 46495K(48304K)->46495K(48304K) Class: 5787K(7168K)->5787K(7168K)
[2025-11-08T14:57:03.083+0000][gc            ] GC(813) Pause Young (Normal) (G1 Evacuation Pause) 255M->219M(667M) 32.251ms
[2025-11-08T14:57:03.085+0000][gc,cpu        ] GC(813) User=0.04s Sys=0.00s Real=0.03s
[2025-11-08T14:57:05.577+0000][gc,start      ] GC(814) Pause Young (Normal) (G1 Evacuation Pause)
[2025-11-08T14:57:05.577+0000][gc,task       ] GC(814) Using 2 workers of 2 for evacuation
[2025-11-08T14:57:05.589+0000][gc,phases     ] GC(814)   Pre Evacuate Collection Set: 0.1ms
[2025-11-08T14:57:05.590+0000][gc,phases     ] GC(814)   Evacuate Collection Set: 10.4ms
[2025-11-08T14:57:05.590+0000][gc,phases     ] GC(814)   Post Evacuate Collection Set: 1.0ms
[2025-11-08T14:57:05.590+0000][gc,phases     ] GC(814)   Other: 1.4ms
[2025-11-08T14:57:05.591+0000][gc,heap       ] GC(814) Eden regions: 34->0(37)
[2025-11-08T14:57:05.591+0000][gc,heap       ] GC(814) Survivor regions: 3->3(5)
[2025-11-08T14:57:05.591+0000][gc,heap       ] GC(814) Old regions: 71->71
[2025-11-08T14:57:05.592+0000][gc,heap       ] GC(814) Humongous regions: 147->147
[2025-11-08T14:57:05.592+0000][gc,metaspace  ] GC(814) Metaspace: 52283K(55472K)->52283K(55472K) NonClass: 46495K(48304K)->46495K(48304K) Class: 5787K(7168K)->5787K(7168K)
[2025-11-08T14:57:05.592+0000][gc            ] GC(814) Pause Young (Normal) (G1 Evacuation Pause) 253M->220M(667M) 15.481ms
[2025-11-08T14:57:05.592+0000][gc,cpu        ] GC(814) User=0.02s Sys=0.00s Real=0.02s
[2025-11-08T14:57:08.395+0000][gc,start      ] GC(815) Pause Young (Normal) (G1 Evacuation Pause)
[2025-11-08T14:57:08.396+0000][gc,task       ] GC(815) Using 2 workers of 2 for evacuation
[2025-11-08T14:57:08.415+0000][gc,phases     ] GC(815)   Pre Evacuate Collection Set: 0.0ms
[2025-11-08T14:57:08.415+0000][gc,phases     ] GC(815)   Evacuate Collection Set: 16.5ms
[2025-11-08T14:57:08.415+0000][gc,phases     ] GC(815)   Post Evacuate Collection Set: 1.3ms
[2025-11-08T14:57:08.416+0000][gc,phases     ] GC(815)   Other: 1.5ms
[2025-11-08T14:57:08.416+0000][gc,heap       ] GC(815) Eden regions: 37->0(36)
[2025-11-08T14:57:08.416+0000][gc,heap       ] GC(815) Survivor regions: 3->3(5)
[2025-11-08T14:57:08.417+0000][gc,heap       ] GC(815) Old regions: 71->71
[2025-11-08T14:57:08.417+0000][gc,heap       ] GC(815) Humongous regions: 147->147
[2025-11-08T14:57:08.417+0000][gc,metaspace  ] GC(815) Metaspace: 52283K(55472K)->52283K(55472K) NonClass: 46495K(48304K)->46495K(48304K) Class: 5787K(7168K)->5787K(7168K)
[2025-11-08T14:57:08.418+0000][gc            ] GC(815) Pause Young (Normal) (G1 Evacuation Pause) 257M->220M(667M) 22.247ms
[2025-11-08T14:57:08.418+0000][gc,cpu        ] GC(815) User=0.03s Sys=0.00s Real=0.03s
[2025-11-08T14:57:10.718+0000][gc,start      ] GC(816) Pause Young (Normal) (G1 Evacuation Pause)
[2025-11-08T14:57:10.718+0000][gc,task       ] GC(816) Using 2 workers of 2 for evacuation
[2025-11-08T14:57:10.736+0000][gc,phases     ] GC(816)   Pre Evacuate Collection Set: 0.0ms
[2025-11-08T14:57:10.737+0000][gc,phases     ] GC(816)   Evacuate Collection Set: 15.4ms
[2025-11-08T14:57:10.737+0000][gc,phases     ] GC(816)   Post Evacuate Collection Set: 1.1ms
[2025-11-08T14:57:10.737+0000][gc,phases     ] GC(816)   Other: 1.7ms
[2025-11-08T14:57:10.738+0000][gc,heap       ] GC(816) Eden regions: 30->0(35)
[2025-11-08T14:57:10.738+0000][gc,heap       ] GC(816) Survivor regions: 3->3(5)
[2025-11-08T14:57:10.738+0000][gc,heap       ] GC(816) Old regions: 71->71
[2025-11-08T14:57:10.739+0000][gc,heap       ] GC(816) Humongous regions: 147->147
[2025-11-08T14:57:10.739+0000][gc,metaspace  ] GC(816) Metaspace: 52283K(55472K)->52283K(55472K) NonClass: 46495K(48304K)->46495K(48304K) Class: 5787K(7168K)->5787K(7168K)
[2025-11-08T14:57:10.739+0000][gc            ] GC(816) Pause Young (Normal) (G1 Evacuation Pause) 250M->220M(667M) 21.504ms
[2025-11-08T14:57:10.740+0000][gc,cpu        ] GC(816) User=0.03s Sys=0.00s Real=0.03s
[2025-11-08T14:57:13.636+0000][gc,start      ] GC(817) Pause Young (Normal) (G1 Evacuation Pause)
[2025-11-08T14:57:13.637+0000][gc,task       ] GC(817) Using 2 workers of 2 for evacuation
[2025-11-08T14:57:13.672+0000][gc,phases     ] GC(817)   Pre Evacuate Collection Set: 0.0ms
[2025-11-08T14:57:13.672+0000][gc,phases     ] GC(817)   Evacuate Collection Set: 13.7ms
[2025-11-08T14:57:13.673+0000][gc,phases     ] GC(817)   Post Evacuate Collection Set: 2.1ms
[2025-11-08T14:57:13.673+0000][gc,phases     ] GC(817)   Other: 19.5ms
[2025-11-08T14:57:13.673+0000][gc,heap       ] GC(817) Eden regions: 35->0(36)
[2025-11-08T14:57:13.674+0000][gc,heap       ] GC(817) Survivor regions: 3->3(5)
[2025-11-08T14:57:13.674+0000][gc,heap       ] GC(817) Old regions: 71->71
[2025-11-08T14:57:13.675+0000][gc,heap       ] GC(817) Humongous regions: 147->147
[2025-11-08T14:57:13.675+0000][gc,metaspace  ] GC(817) Metaspace: 52283K(55472K)->52283K(55472K) NonClass: 46495K(48304K)->46495K(48304K) Class: 5787K(7168K)->5787K(7168K)
[2025-11-08T14:57:13.675+0000][gc            ] GC(817) Pause Young (Normal) (G1 Evacuation Pause) 255M->220M(667M) 38.800ms
[2025-11-08T14:57:13.676+0000][gc,cpu        ] GC(817) User=0.03s Sys=0.00s Real=0.04s
[2025-11-08T14:57:16.451+0000][gc,start      ] GC(818) Pause Young (Normal) (G1 Evacuation Pause)
[2025-11-08T14:57:16.453+0000][gc,task       ] GC(818) Using 2 workers of 2 for evacuation
[2025-11-08T14:57:16.483+0000][gc,mmu        ] GC(818) MMU target violated: 21.0ms (20.0ms/21.0ms)
[2025-11-08T14:57:16.484+0000][gc,phases     ] GC(818)   Pre Evacuate Collection Set: 0.0ms
[2025-11-08T14:57:16.484+0000][gc,phases     ] GC(818)   Evacuate Collection Set: 28.0ms
[2025-11-08T14:57:16.485+0000][gc,phases     ] GC(818)   Post Evacuate Collection Set: 1.6ms
[2025-11-08T14:57:16.485+0000][gc,phases     ] GC(818)   Other: 3.7ms
[2025-11-08T14:57:16.485+0000][gc,heap       ] GC(818) Eden regions: 36->0(30)
[2025-11-08T14:57:16.486+0000][gc,heap       ] GC(818) Survivor regions: 3->3(5)
[2025-11-08T14:57:16.486+0000][gc,heap       ] GC(818) Old regions: 71->71
[2025-11-08T14:57:16.487+0000][gc,heap       ] GC(818) Humongous regions: 147->147
[2025-11-08T14:57:16.487+0000][gc,metaspace  ] GC(818) Metaspace: 52283K(55472K)->52283K(55472K) NonClass: 46495K(48304K)->46495K(48304K) Class: 5787K(7168K)->5787K(7168K)
[2025-11-08T14:57:16.488+0000][gc            ] GC(818) Pause Young (Normal) (G1 Evacuation Pause) 256M->220M(667M) 37.156ms
[2025-11-08T14:57:16.489+0000][gc,cpu        ] GC(818) User=0.03s Sys=0.00s Real=0.04s
[2025-11-08T14:57:18.652+0000][gc,start      ] GC(819) Pause Young (Normal) (G1 Evacuation Pause)
[2025-11-08T14:57:18.652+0000][gc,task       ] GC(819) Using 2 workers of 2 for evacuation
[2025-11-08T14:57:18.671+0000][gc,phases     ] GC(819)   Pre Evacuate Collection Set: 0.0ms
[2025-11-08T14:57:18.671+0000][gc,phases     ] GC(819)   Evacuate Collection Set: 15.2ms
[2025-11-08T14:57:18.673+0000][gc,phases     ] GC(819)   Post Evacuate Collection Set: 1.8ms
[2025-11-08T14:57:18.674+0000][gc,phases     ] GC(819)   Other: 1.9ms
[2025-11-08T14:57:18.675+0000][gc,heap       ] GC(819) Eden regions: 30->0(30)
[2025-11-08T14:57:18.676+0000][gc,heap       ] GC(819) Survivor regions: 3->3(5)
[2025-11-08T14:57:18.676+0000][gc,heap       ] GC(819) Old regions: 71->72
[2025-11-08T14:57:18.677+0000][gc,heap       ] GC(819) Humongous regions: 147->147
[2025-11-08T14:57:18.677+0000][gc,metaspace  ] GC(819) Metaspace: 52283K(55472K)->52283K(55472K) NonClass: 46495K(48304K)->46495K(48304K) Class: 5787K(7168K)->5787K(7168K)
[2025-11-08T14:57:18.678+0000][gc            ] GC(819) Pause Young (Normal) (G1 Evacuation Pause) 250M->220M(667M) 25.854ms
[2025-11-08T14:57:18.679+0000][gc,cpu        ] GC(819) User=0.03s Sys=0.00s Real=0.03s
[2025-11-08T14:57:20.920+0000][gc,start      ] GC(820) Pause Young (Normal) (G1 Evacuation Pause)
[2025-11-08T14:57:20.920+0000][gc,task       ] GC(820) Using 2 workers of 2 for evacuation
[2025-11-08T14:57:20.933+0000][gc,phases     ] GC(820)   Pre Evacuate Collection Set: 0.0ms
[2025-11-08T14:57:20.934+0000][gc,phases     ] GC(820)   Evacuate Collection Set: 11.6ms
[2025-11-08T14:57:20.934+0000][gc,phases     ] GC(820)   Post Evacuate Collection Set: 1.2ms
[2025-11-08T14:57:20.934+0000][gc,phases     ] GC(820)   Other: 1.1ms
[2025-11-08T14:57:20.935+0000][gc,heap       ] GC(820) Eden regions: 30->0(34)
[2025-11-08T14:57:20.935+0000][gc,heap       ] GC(820) Survivor regions: 3->2(5)
[2025-11-08T14:57:20.935+0000][gc,heap       ] GC(820) Old regions: 72->72
[2025-11-08T14:57:20.936+0000][gc,heap       ] GC(820) Humongous regions: 147->147
[2025-11-08T14:57:20.936+0000][gc,metaspace  ] GC(820) Metaspace: 52283K(55472K)->52283K(55472K) NonClass: 46495K(48304K)->46495K(48304K) Class: 5787K(7168K)->5787K(7168K)
[2025-11-08T14:57:20.938+0000][gc            ] GC(820) Pause Young (Normal) (G1 Evacuation Pause) 250M->219M(667M) 18.168ms
[2025-11-08T14:57:20.938+0000][gc,cpu        ] GC(820) User=0.03s Sys=0.00s Real=0.02s
[2025-11-08T14:57:23.670+0000][gc,start      ] GC(821) Pause Young (Normal) (G1 Evacuation Pause)
[2025-11-08T14:57:23.670+0000][gc,task       ] GC(821) Using 2 workers of 2 for evacuation
[2025-11-08T14:57:23.682+0000][gc,phases     ] GC(821)   Pre Evacuate Collection Set: 0.0ms
[2025-11-08T14:57:23.683+0000][gc,phases     ] GC(821)   Evacuate Collection Set: 10.5ms
[2025-11-08T14:57:23.683+0000][gc,phases     ] GC(821)   Post Evacuate Collection Set: 1.1ms
[2025-11-08T14:57:23.683+0000][gc,phases     ] GC(821)   Other: 1.0ms
[2025-11-08T14:57:23.684+0000][gc,heap       ] GC(821) Eden regions: 34->0(38)
[2025-11-08T14:57:23.684+0000][gc,heap       ] GC(821) Survivor regions: 2->2(5)
[2025-11-08T14:57:23.684+0000][gc,heap       ] GC(821) Old regions: 72->72
[2025-11-08T14:57:23.685+0000][gc,heap       ] GC(821) Humongous regions: 147->147
[2025-11-08T14:57:23.685+0000][gc,metaspace  ] GC(821) Metaspace: 52283K(55472K)->52283K(55472K) NonClass: 46495K(48304K)->46495K(48304K) Class: 5787K(7168K)->5787K(7168K)
[2025-11-08T14:57:23.685+0000][gc            ] GC(821) Pause Young (Normal) (G1 Evacuation Pause) 253M->219M(667M) 15.537ms
[2025-11-08T14:57:23.686+0000][gc,cpu        ] GC(821) User=0.03s Sys=0.00s Real=0.01s
[2025-11-08T14:57:26.393+0000][gc,start      ] GC(822) Pause Young (Normal) (G1 Evacuation Pause)
[2025-11-08T14:57:26.394+0000][gc,task       ] GC(822) Using 2 workers of 2 for evacuation
[2025-11-08T14:57:26.414+0000][gc,phases     ] GC(822)   Pre Evacuate Collection Set: 0.0ms
[2025-11-08T14:57:26.415+0000][gc,phases     ] GC(822)   Evacuate Collection Set: 15.2ms
[2025-11-08T14:57:26.415+0000][gc,phases     ] GC(822)   Post Evacuate Collection Set: 4.3ms
[2025-11-08T14:57:26.415+0000][gc,phases     ] GC(822)   Other: 1.6ms
[2025-11-08T14:57:26.416+0000][gc,heap       ] GC(822) Eden regions: 38->0(37)
[2025-11-08T14:57:26.416+0000][gc,heap       ] GC(822) Survivor regions: 2->3(5)
[2025-11-08T14:57:26.416+0000][gc,heap       ] GC(822) Old regions: 72->72
[2025-11-08T14:57:26.418+0000][gc,heap       ] GC(822) Humongous regions: 147->147
[2025-11-08T14:57:26.419+0000][gc,metaspace  ] GC(822) Metaspace: 52283K(55472K)->52283K(55472K) NonClass: 46495K(48304K)->46495K(48304K) Class: 5787K(7168K)->5787K(7168K)
[2025-11-08T14:57:26.419+0000][gc            ] GC(822) Pause Young (Normal) (G1 Evacuation Pause) 257M->220M(667M) 26.066ms
[2025-11-08T14:57:26.420+0000][gc,cpu        ] GC(822) User=0.03s Sys=0.00s Real=0.03s
[2025-11-08T14:57:28.644+0000][gc,start      ] GC(823) Pause Young (Normal) (G1 Evacuation Pause)
[2025-11-08T14:57:28.645+0000][gc,task       ] GC(823) Using 2 workers of 2 for evacuation
[2025-11-08T14:57:28.670+0000][gc,mmu        ] GC(823) MMU target violated: 21.0ms (20.0ms/21.0ms)
[2025-11-08T14:57:28.672+0000][gc,phases     ] GC(823)   Pre Evacuate Collection Set: 0.0ms
[2025-11-08T14:57:28.673+0000][gc,phases     ] GC(823)   Evacuate Collection Set: 18.7ms
[2025-11-08T14:57:28.673+0000][gc,phases     ] GC(823)   Post Evacuate Collection Set: 4.6ms
[2025-11-08T14:57:28.674+0000][gc,phases     ] GC(823)   Other: 5.3ms
[2025-11-08T14:57:28.675+0000][gc,heap       ] GC(823) Eden regions: 30->0(31)
[2025-11-08T14:57:28.677+0000][gc,heap       ] GC(823) Survivor regions: 3->2(5)
[2025-11-08T14:57:28.677+0000][gc,heap       ] GC(823) Old regions: 72->72
[2025-11-08T14:57:28.680+0000][gc,heap       ] GC(823) Humongous regions: 147->147
[2025-11-08T14:57:28.680+0000][gc,metaspace  ] GC(823) Metaspace: 52283K(55472K)->52283K(55472K) NonClass: 46495K(48304K)->46495K(48304K) Class: 5787K(7168K)->5787K(7168K)
[2025-11-08T14:57:28.682+0000][gc            ] GC(823) Pause Young (Normal) (G1 Evacuation Pause) 250M->220M(667M) 38.492ms
[2025-11-08T14:57:28.683+0000][gc,cpu        ] GC(823) User=0.03s Sys=0.00s Real=0.04s
[2025-11-08T14:57:30.895+0000][gc,start      ] GC(824) Pause Young (Normal) (G1 Evacuation Pause)
[2025-11-08T14:57:30.895+0000][gc,task       ] GC(824) Using 2 workers of 2 for evacuation
[2025-11-08T14:57:30.907+0000][gc,phases     ] GC(824)   Pre Evacuate Collection Set: 0.0ms
[2025-11-08T14:57:30.907+0000][gc,phases     ] GC(824)   Evacuate Collection Set: 10.0ms
[2025-11-08T14:57:30.907+0000][gc,phases     ] GC(824)   Post Evacuate Collection Set: 1.1ms
[2025-11-08T14:57:30.908+0000][gc,phases     ] GC(824)   Other: 1.1ms
[2025-11-08T14:57:30.908+0000][gc,heap       ] GC(824) Eden regions: 31->0(33)
[2025-11-08T14:57:30.908+0000][gc,heap       ] GC(824) Survivor regions: 2->2(5)
[2025-11-08T14:57:30.909+0000][gc,heap       ] GC(824) Old regions: 72->72
[2025-11-08T14:57:30.909+0000][gc,heap       ] GC(824) Humongous regions: 147->147
[2025-11-08T14:57:30.909+0000][gc,metaspace  ] GC(824) Metaspace: 52283K(55472K)->52283K(55472K) NonClass: 46495K(48304K)->46495K(48304K) Class: 5787K(7168K)->5787K(7168K)
[2025-11-08T14:57:30.910+0000][gc            ] GC(824) Pause Young (Normal) (G1 Evacuation Pause) 251M->219M(667M) 14.997ms
[2025-11-08T14:57:30.910+0000][gc,cpu        ] GC(824) User=0.02s Sys=0.00s Real=0.02s
[2025-11-08T14:57:33.135+0000][gc,start      ] GC(825) Pause Young (Normal) (G1 Evacuation Pause)
[2025-11-08T14:57:33.136+0000][gc,task       ] GC(825) Using 2 workers of 2 for evacuation
[2025-11-08T14:57:33.151+0000][gc,phases     ] GC(825)   Pre Evacuate Collection Set: 0.0ms
[2025-11-08T14:57:33.152+0000][gc,phases     ] GC(825)   Evacuate Collection Set: 13.2ms
[2025-11-08T14:57:33.152+0000][gc,phases     ] GC(825)   Post Evacuate Collection Set: 1.5ms
[2025-11-08T14:57:33.152+0000][gc,phases     ] GC(825)   Other: 1.3ms
[2025-11-08T14:57:33.153+0000][gc,heap       ] GC(825) Eden regions: 31->0(33)
[2025-11-08T14:57:33.153+0000][gc,heap       ] GC(825) Survivor regions: 2->2(5)
[2025-11-08T14:57:33.153+0000][gc,heap       ] GC(825) Old regions: 72->72
[2025-11-08T14:57:33.154+0000][gc,heap       ] GC(825) Humongous regions: 147->147
[2025-11-08T14:57:33.154+0000][gc,metaspace  ] GC(825) Metaspace: 52283K(55472K)->52283K(55472K) NonClass: 46495K(48304K)->46495K(48304K) Class: 5787K(7168K)->5787K(7168K)
[2025-11-08T14:57:33.154+0000][gc            ] GC(825) Pause Young (Normal) (G1 Evacuation Pause) 250M->219M(667M) 18.987ms
[2025-11-08T14:57:33.155+0000][gc,cpu        ] GC(825) User=0.03s Sys=0.00s Real=0.02s
[2025-11-08T14:57:35.553+0000][gc,start      ] GC(826) Pause Young (Normal) (G1 Evacuation Pause)
[2025-11-08T14:57:35.553+0000][gc,task       ] GC(826) Using 2 workers of 2 for evacuation
[2025-11-08T14:57:35.576+0000][gc,mmu        ] GC(826) MMU target violated: 20.6ms (20.0ms/21.0ms)
[2025-11-08T14:57:35.577+0000][gc,phases     ] GC(826)   Pre Evacuate Collection Set: 0.0ms
[2025-11-08T14:57:35.577+0000][gc,phases     ] GC(826)   Evacuate Collection Set: 19.0ms
[2025-11-08T14:57:35.578+0000][gc,phases     ] GC(826)   Post Evacuate Collection Set: 1.4ms
[2025-11-08T14:57:35.578+0000][gc,phases     ] GC(826)   Other: 3.5ms
[2025-11-08T14:57:35.578+0000][gc,heap       ] GC(826) Eden regions: 31->0(33)
[2025-11-08T14:57:35.579+0000][gc,heap       ] GC(826) Survivor regions: 2->4(5)
[2025-11-08T14:57:35.579+0000][gc,heap       ] GC(826) Old regions: 72->72
[2025-11-08T14:57:35.580+0000][gc,heap       ] GC(826) Humongous regions: 147->147
[2025-11-08T14:57:35.580+0000][gc,metaspace  ] GC(826) Metaspace: 52283K(55472K)->52283K(55472K) NonClass: 46495K(48304K)->46495K(48304K) Class: 5787K(7168K)->5787K(7168K)
[2025-11-08T14:57:35.581+0000][gc            ] GC(826) Pause Young (Normal) (G1 Evacuation Pause) 250M->221M(667M) 28.294ms
[2025-11-08T14:57:35.581+0000][gc,cpu        ] GC(826) User=0.04s Sys=0.00s Real=0.03s
[2025-11-08T14:57:37.907+0000][gc,start      ] GC(827) Pause Young (Normal) (G1 Evacuation Pause)
[2025-11-08T14:57:37.908+0000][gc,task       ] GC(827) Using 2 workers of 2 for evacuation
[2025-11-08T14:57:37.927+0000][gc,phases     ] GC(827)   Pre Evacuate Collection Set: 0.0ms
[2025-11-08T14:57:37.928+0000][gc,phases     ] GC(827)   Evacuate Collection Set: 16.8ms
[2025-11-08T14:57:37.928+0000][gc,phases     ] GC(827)   Post Evacuate Collection Set: 1.8ms
[2025-11-08T14:57:37.929+0000][gc,phases     ] GC(827)   Other: 1.6ms
[2025-11-08T14:57:37.929+0000][gc,heap       ] GC(827) Eden regions: 29->0(33)
[2025-11-08T14:57:37.929+0000][gc,heap       ] GC(827) Survivor regions: 4->3(5)
[2025-11-08T14:57:37.930+0000][gc,heap       ] GC(827) Old regions: 72->72
[2025-11-08T14:57:37.930+0000][gc,heap       ] GC(827) Humongous regions: 147->147
[2025-11-08T14:57:37.931+0000][gc,metaspace  ] GC(827) Metaspace: 52283K(55472K)->52283K(55472K) NonClass: 46495K(48304K)->46495K(48304K) Class: 5787K(7168K)->5787K(7168K)
[2025-11-08T14:57:37.931+0000][gc            ] GC(827) Pause Young (Normal) (G1 Evacuation Pause) 250M->220M(667M) 24.177ms
[2025-11-08T14:57:37.932+0000][gc,cpu        ] GC(827) User=0.04s Sys=0.00s Real=0.03s
[2025-11-08T14:57:40.873+0000][gc,start      ] GC(828) Pause Young (Normal) (G1 Evacuation Pause)
[2025-11-08T14:57:40.875+0000][gc,task       ] GC(828) Using 2 workers of 2 for evacuation
[2025-11-08T14:57:40.892+0000][gc,phases     ] GC(828)   Pre Evacuate Collection Set: 0.0ms
[2025-11-08T14:57:40.892+0000][gc,phases     ] GC(828)   Evacuate Collection Set: 14.3ms
[2025-11-08T14:57:40.893+0000][gc,phases     ] GC(828)   Post Evacuate Collection Set: 1.7ms
[2025-11-08T14:57:40.893+0000][gc,phases     ] GC(828)   Other: 2.8ms
[2025-11-08T14:57:40.893+0000][gc,heap       ] GC(828) Eden regions: 33->0(34)
[2025-11-08T14:57:40.894+0000][gc,heap       ] GC(828) Survivor regions: 3->2(5)
[2025-11-08T14:57:40.894+0000][gc,heap       ] GC(828) Old regions: 72->72
[2025-11-08T14:57:40.895+0000][gc,heap       ] GC(828) Humongous regions: 147->147
[2025-11-08T14:57:40.895+0000][gc,metaspace  ] GC(828) Metaspace: 52283K(55472K)->52283K(55472K) NonClass: 46495K(48304K)->46495K(48304K) Class: 5787K(7168K)->5787K(7168K)
[2025-11-08T14:57:40.896+0000][gc            ] GC(828) Pause Young (Normal) (G1 Evacuation Pause) 253M->220M(667M) 23.064ms
[2025-11-08T14:57:40.896+0000][gc,cpu        ] GC(828) User=0.03s Sys=0.00s Real=0.02s
[2025-11-08T14:57:43.439+0000][gc,start      ] GC(829) Pause Young (Normal) (G1 Evacuation Pause)
[2025-11-08T14:57:43.440+0000][gc,task       ] GC(829) Using 2 workers of 2 for evacuation
[2025-11-08T14:57:43.456+0000][gc,phases     ] GC(829)   Pre Evacuate Collection Set: 0.0ms
[2025-11-08T14:57:43.460+0000][gc,phases     ] GC(829)   Evacuate Collection Set: 14.3ms
[2025-11-08T14:57:43.460+0000][gc,phases     ] GC(829)   Post Evacuate Collection Set: 1.2ms
[2025-11-08T14:57:43.461+0000][gc,phases     ] GC(829)   Other: 1.2ms
[2025-11-08T14:57:43.461+0000][gc,heap       ] GC(829) Eden regions: 34->0(35)
[2025-11-08T14:57:43.462+0000][gc,heap       ] GC(829) Survivor regions: 2->2(5)
[2025-11-08T14:57:43.462+0000][gc,heap       ] GC(829) Old regions: 72->72
[2025-11-08T14:57:43.463+0000][gc,heap       ] GC(829) Humongous regions: 147->147
[2025-11-08T14:57:43.463+0000][gc,metaspace  ] GC(829) Metaspace: 52283K(55472K)->52283K(55472K) NonClass: 46495K(48304K)->46495K(48304K) Class: 5787K(7168K)->5787K(7168K)
[2025-11-08T14:57:43.464+0000][gc            ] GC(829) Pause Young (Normal) (G1 Evacuation Pause) 254M->220M(667M) 24.215ms
[2025-11-08T14:57:43.464+0000][gc,cpu        ] GC(829) User=0.03s Sys=0.00s Real=0.02s
[2025-11-08T14:57:46.112+0000][gc,start      ] GC(830) Pause Young (Normal) (G1 Evacuation Pause)
[2025-11-08T14:57:46.112+0000][gc,task       ] GC(830) Using 2 workers of 2 for evacuation
[2025-11-08T14:57:46.132+0000][gc,phases     ] GC(830)   Pre Evacuate Collection Set: 0.0ms
[2025-11-08T14:57:46.132+0000][gc,phases     ] GC(830)   Evacuate Collection Set: 16.3ms
[2025-11-08T14:57:46.133+0000][gc,phases     ] GC(830)   Post Evacuate Collection Set: 2.5ms
[2025-11-08T14:57:46.134+0000][gc,phases     ] GC(830)   Other: 1.1ms
[2025-11-08T14:57:46.134+0000][gc,heap       ] GC(830) Eden regions: 35->0(36)
[2025-11-08T14:57:46.135+0000][gc,heap       ] GC(830) Survivor regions: 2->3(5)
[2025-11-08T14:57:46.135+0000][gc,heap       ] GC(830) Old regions: 72->72
[2025-11-08T14:57:46.136+0000][gc,heap       ] GC(830) Humongous regions: 147->147
[2025-11-08T14:57:46.136+0000][gc,metaspace  ] GC(830) Metaspace: 52283K(55472K)->52283K(55472K) NonClass: 46495K(48304K)->46495K(48304K) Class: 5787K(7168K)->5787K(7168K)
[2025-11-08T14:57:46.136+0000][gc            ] GC(830) Pause Young (Normal) (G1 Evacuation Pause) 255M->220M(667M) 24.613ms
[2025-11-08T14:57:46.137+0000][gc,cpu        ] GC(830) User=0.03s Sys=0.00s Real=0.02s
[2025-11-08T14:57:48.309+0000][gc,start      ] GC(831) Pause Young (Normal) (G1 Evacuation Pause)
[2025-11-08T14:57:48.309+0000][gc,task       ] GC(831) Using 2 workers of 2 for evacuation
[2025-11-08T14:57:48.329+0000][gc,phases     ] GC(831)   Pre Evacuate Collection Set: 0.0ms
[2025-11-08T14:57:48.329+0000][gc,phases     ] GC(831)   Evacuate Collection Set: 17.0ms
[2025-11-08T14:57:48.330+0000][gc,phases     ] GC(831)   Post Evacuate Collection Set: 1.5ms
[2025-11-08T14:57:48.331+0000][gc,phases     ] GC(831)   Other: 1.3ms
[2025-11-08T14:57:48.332+0000][gc,heap       ] GC(831) Eden regions: 30->0(35)
[2025-11-08T14:57:48.335+0000][gc,heap       ] GC(831) Survivor regions: 3->2(5)
[2025-11-08T14:57:48.335+0000][gc,heap       ] GC(831) Old regions: 72->72
[2025-11-08T14:57:48.336+0000][gc,heap       ] GC(831) Humongous regions: 147->147
[2025-11-08T14:57:48.336+0000][gc,metaspace  ] GC(831) Metaspace: 52283K(55472K)->52283K(55472K) NonClass: 46495K(48304K)->46495K(48304K) Class: 5787K(7168K)->5787K(7168K)
[2025-11-08T14:57:48.337+0000][gc            ] GC(831) Pause Young (Normal) (G1 Evacuation Pause) 250M->220M(667M) 28.464ms
[2025-11-08T14:57:48.338+0000][gc,cpu        ] GC(831) User=0.04s Sys=0.00s Real=0.02s
[2025-11-08T14:57:50.805+0000][gc,start      ] GC(832) Pause Young (Normal) (G1 Evacuation Pause)
[2025-11-08T14:57:50.806+0000][gc,task       ] GC(832) Using 2 workers of 2 for evacuation
[2025-11-08T14:57:50.823+0000][gc,phases     ] GC(832)   Pre Evacuate Collection Set: 0.0ms
[2025-11-08T14:57:50.824+0000][gc,phases     ] GC(832)   Evacuate Collection Set: 14.5ms
[2025-11-08T14:57:50.824+0000][gc,phases     ] GC(832)   Post Evacuate Collection Set: 1.9ms
[2025-11-08T14:57:50.824+0000][gc,phases     ] GC(832)   Other: 1.3ms
[2025-11-08T14:57:50.825+0000][gc,heap       ] GC(832) Eden regions: 31->0(34)
[2025-11-08T14:57:50.825+0000][gc,heap       ] GC(832) Survivor regions: 2->2(5)
[2025-11-08T14:57:50.826+0000][gc,heap       ] GC(832) Old regions: 72->72
[2025-11-08T14:57:50.827+0000][gc,heap       ] GC(832) Humongous regions: 147->147
[2025-11-08T14:57:50.827+0000][gc,metaspace  ] GC(832) Metaspace: 52283K(55472K)->52283K(55472K) NonClass: 46495K(48304K)->46495K(48304K) Class: 5787K(7168K)->5787K(7168K)
[2025-11-08T14:57:50.827+0000][gc            ] GC(832) Pause Young (Normal) (G1 Evacuation Pause) 251M->220M(667M) 21.904ms
[2025-11-08T14:57:50.828+0000][gc,cpu        ] GC(832) User=0.03s Sys=0.00s Real=0.02s
[2025-11-08T14:57:53.151+0000][gc,start      ] GC(833) Pause Young (Normal) (G1 Evacuation Pause)
[2025-11-08T14:57:53.151+0000][gc,task       ] GC(833) Using 2 workers of 2 for evacuation
[2025-11-08T14:57:53.167+0000][gc,phases     ] GC(833)   Pre Evacuate Collection Set: 0.0ms
[2025-11-08T14:57:53.168+0000][gc,phases     ] GC(833)   Evacuate Collection Set: 13.2ms
[2025-11-08T14:57:53.169+0000][gc,phases     ] GC(833)   Post Evacuate Collection Set: 1.7ms
[2025-11-08T14:57:53.169+0000][gc,phases     ] GC(833)   Other: 1.4ms
[2025-11-08T14:57:53.169+0000][gc,heap       ] GC(833) Eden regions: 31->0(35)
[2025-11-08T14:57:53.170+0000][gc,heap       ] GC(833) Survivor regions: 2->2(5)
[2025-11-08T14:57:53.170+0000][gc,heap       ] GC(833) Old regions: 72->72
[2025-11-08T14:57:53.171+0000][gc,heap       ] GC(833) Humongous regions: 147->147
[2025-11-08T14:57:53.171+0000][gc,metaspace  ] GC(833) Metaspace: 52283K(55472K)->52283K(55472K) NonClass: 46495K(48304K)->46495K(48304K) Class: 5787K(7168K)->5787K(7168K)
[2025-11-08T14:57:53.171+0000][gc            ] GC(833) Pause Young (Normal) (G1 Evacuation Pause) 251M->220M(667M) 20.543ms
[2025-11-08T14:57:53.172+0000][gc,cpu        ] GC(833) User=0.03s Sys=0.00s Real=0.02s
[2025-11-08T14:57:55.863+0000][gc,start      ] GC(834) Pause Young (Normal) (G1 Evacuation Pause)
[2025-11-08T14:57:55.864+0000][gc,task       ] GC(834) Using 2 workers of 2 for evacuation
[2025-11-08T14:57:55.884+0000][gc,phases     ] GC(834)   Pre Evacuate Collection Set: 0.0ms
[2025-11-08T14:57:55.884+0000][gc,phases     ] GC(834)   Evacuate Collection Set: 17.8ms
[2025-11-08T14:57:55.884+0000][gc,phases     ] GC(834)   Post Evacuate Collection Set: 1.6ms
[2025-11-08T14:57:55.886+0000][gc,phases     ] GC(834)   Other: 1.2ms
[2025-11-08T14:57:55.886+0000][gc,heap       ] GC(834) Eden regions: 35->0(34)
[2025-11-08T14:57:55.886+0000][gc,heap       ] GC(834) Survivor regions: 2->2(5)
[2025-11-08T14:57:55.887+0000][gc,heap       ] GC(834) Old regions: 72->72
[2025-11-08T14:57:55.887+0000][gc,heap       ] GC(834) Humongous regions: 147->147
[2025-11-08T14:57:55.887+0000][gc,metaspace  ] GC(834) Metaspace: 52283K(55472K)->52283K(55472K) NonClass: 46495K(48304K)->46495K(48304K) Class: 5787K(7168K)->5787K(7168K)
[2025-11-08T14:57:55.888+0000][gc            ] GC(834) Pause Young (Normal) (G1 Evacuation Pause) 255M->220M(667M) 24.603ms
[2025-11-08T14:57:55.888+0000][gc,cpu        ] GC(834) User=0.04s Sys=0.00s Real=0.02s
[2025-11-08T14:57:58.342+0000][gc,start      ] GC(835) Pause Young (Normal) (G1 Evacuation Pause)
[2025-11-08T14:57:58.342+0000][gc,task       ] GC(835) Using 2 workers of 2 for evacuation
[2025-11-08T14:57:58.370+0000][gc,mmu        ] GC(835) MMU target violated: 21.0ms (20.0ms/21.0ms)
[2025-11-08T14:57:58.373+0000][gc,phases     ] GC(835)   Pre Evacuate Collection Set: 0.0ms
[2025-11-08T14:57:58.373+0000][gc,phases     ] GC(835)   Evacuate Collection Set: 24.6ms
[2025-11-08T14:57:58.375+0000][gc,phases     ] GC(835)   Post Evacuate Collection Set: 3.0ms
[2025-11-08T14:57:58.377+0000][gc,phases     ] GC(835)   Other: 3.6ms
[2025-11-08T14:57:58.380+0000][gc,heap       ] GC(835) Eden regions: 31->0(31)
[2025-11-08T14:57:58.382+0000][gc,heap       ] GC(835) Survivor regions: 2->4(5)
[2025-11-08T14:57:58.382+0000][gc,heap       ] GC(835) Old regions: 72->72
[2025-11-08T14:57:58.385+0000][gc,heap       ] GC(835) Humongous regions: 147->147
[2025-11-08T14:57:58.386+0000][gc,metaspace  ] GC(835) Metaspace: 52283K(55472K)->52283K(55472K) NonClass: 46495K(48304K)->46495K(48304K) Class: 5787K(7168K)->5787K(7168K)
[2025-11-08T14:57:58.388+0000][gc            ] GC(835) Pause Young (Normal) (G1 Evacuation Pause) 251M->221M(667M) 46.003ms
[2025-11-08T14:57:58.388+0000][gc,cpu        ] GC(835) User=0.06s Sys=0.00s Real=0.04s
[2025-11-08T14:58:00.951+0000][gc,start      ] GC(836) Pause Young (Normal) (G1 Evacuation Pause)
[2025-11-08T14:58:00.954+0000][gc,task       ] GC(836) Using 2 workers of 2 for evacuation
[2025-11-08T14:58:01.018+0000][gc,mmu        ] GC(836) MMU target violated: 21.0ms (20.0ms/21.0ms)
[2025-11-08T14:58:01.018+0000][gc,phases     ] GC(836)   Pre Evacuate Collection Set: 0.0ms
[2025-11-08T14:58:01.019+0000][gc,phases     ] GC(836)   Evacuate Collection Set: 61.5ms
[2025-11-08T14:58:01.019+0000][gc,phases     ] GC(836)   Post Evacuate Collection Set: 1.0ms
[2025-11-08T14:58:01.019+0000][gc,phases     ] GC(836)   Other: 4.3ms
[2025-11-08T14:58:01.020+0000][gc,heap       ] GC(836) Eden regions: 29->0(31)
[2025-11-08T14:58:01.020+0000][gc,heap       ] GC(836) Survivor regions: 4->2(5)
[2025-11-08T14:58:01.021+0000][gc,heap       ] GC(836) Old regions: 72->73
[2025-11-08T14:58:01.021+0000][gc,heap       ] GC(836) Humongous regions: 147->147
[2025-11-08T14:58:01.022+0000][gc,metaspace  ] GC(836) Metaspace: 52283K(55472K)->52283K(55472K) NonClass: 46495K(48304K)->46495K(48304K) Class: 5787K(7168K)->5787K(7168K)
[2025-11-08T14:58:01.022+0000][gc            ] GC(836) Pause Young (Normal) (G1 Evacuation Pause) 250M->221M(667M) 70.855ms
[2025-11-08T14:58:01.023+0000][gc,cpu        ] GC(836) User=0.06s Sys=0.00s Real=0.07s
[2025-11-08T14:58:03.737+0000][gc,start      ] GC(837) Pause Young (Normal) (G1 Evacuation Pause)
[2025-11-08T14:58:03.741+0000][gc,task       ] GC(837) Using 2 workers of 2 for evacuation
[2025-11-08T14:58:03.758+0000][gc,phases     ] GC(837)   Pre Evacuate Collection Set: 0.0ms
[2025-11-08T14:58:03.758+0000][gc,phases     ] GC(837)   Evacuate Collection Set: 14.4ms
[2025-11-08T14:58:03.759+0000][gc,phases     ] GC(837)   Post Evacuate Collection Set: 1.1ms
[2025-11-08T14:58:03.759+0000][gc,phases     ] GC(837)   Other: 5.5ms
[2025-11-08T14:58:03.759+0000][gc,heap       ] GC(837) Eden regions: 31->0(31)
[2025-11-08T14:58:03.760+0000][gc,heap       ] GC(837) Survivor regions: 2->2(5)
[2025-11-08T14:58:03.760+0000][gc,heap       ] GC(837) Old regions: 73->73
[2025-11-08T14:58:03.760+0000][gc,heap       ] GC(837) Humongous regions: 147->147
[2025-11-08T14:58:03.761+0000][gc,metaspace  ] GC(837) Metaspace: 52283K(55472K)->52283K(55472K) NonClass: 46495K(48304K)->46495K(48304K) Class: 5787K(7168K)->5787K(7168K)
[2025-11-08T14:58:03.761+0000][gc            ] GC(837) Pause Young (Normal) (G1 Evacuation Pause) 252M->221M(667M) 24.366ms
[2025-11-08T14:58:03.762+0000][gc,cpu        ] GC(837) User=0.03s Sys=0.00s Real=0.03s
[2025-11-08T14:58:06.096+0000][gc,start      ] GC(838) Pause Young (Normal) (G1 Evacuation Pause)
[2025-11-08T14:58:06.097+0000][gc,task       ] GC(838) Using 2 workers of 2 for evacuation
[2025-11-08T14:58:06.113+0000][gc,phases     ] GC(838)   Pre Evacuate Collection Set: 0.0ms
[2025-11-08T14:58:06.114+0000][gc,phases     ] GC(838)   Evacuate Collection Set: 11.7ms
[2025-11-08T14:58:06.114+0000][gc,phases     ] GC(838)   Post Evacuate Collection Set: 3.6ms
[2025-11-08T14:58:06.114+0000][gc,phases     ] GC(838)   Other: 1.6ms
[2025-11-08T14:58:06.115+0000][gc,heap       ] GC(838) Eden regions: 31->0(31)
[2025-11-08T14:58:06.115+0000][gc,heap       ] GC(838) Survivor regions: 2->2(5)
[2025-11-08T14:58:06.115+0000][gc,heap       ] GC(838) Old regions: 73->73
[2025-11-08T14:58:06.116+0000][gc,heap       ] GC(838) Humongous regions: 147->147
[2025-11-08T14:58:06.116+0000][gc,metaspace  ] GC(838) Metaspace: 52283K(55472K)->52283K(55472K) NonClass: 46495K(48304K)->46495K(48304K) Class: 5787K(7168K)->5787K(7168K)
[2025-11-08T14:58:06.116+0000][gc            ] GC(838) Pause Young (Normal) (G1 Evacuation Pause) 252M->221M(667M) 20.106ms
[2025-11-08T14:58:06.117+0000][gc,cpu        ] GC(838) User=0.03s Sys=0.00s Real=0.02s
[2025-11-08T14:58:08.701+0000][gc,start      ] GC(839) Pause Young (Normal) (G1 Evacuation Pause)
[2025-11-08T14:58:08.701+0000][gc,task       ] GC(839) Using 2 workers of 2 for evacuation
[2025-11-08T14:58:08.722+0000][gc,phases     ] GC(839)   Pre Evacuate Collection Set: 0.0ms
[2025-11-08T14:58:08.723+0000][gc,phases     ] GC(839)   Evacuate Collection Set: 14.5ms
[2025-11-08T14:58:08.723+0000][gc,phases     ] GC(839)   Post Evacuate Collection Set: 4.7ms
[2025-11-08T14:58:08.724+0000][gc,phases     ] GC(839)   Other: 1.6ms
[2025-11-08T14:58:08.724+0000][gc,heap       ] GC(839) Eden regions: 31->0(31)
[2025-11-08T14:58:08.724+0000][gc,heap       ] GC(839) Survivor regions: 2->2(5)
[2025-11-08T14:58:08.725+0000][gc,heap       ] GC(839) Old regions: 73->73
[2025-11-08T14:58:08.725+0000][gc,heap       ] GC(839) Humongous regions: 147->147
[2025-11-08T14:58:08.726+0000][gc,metaspace  ] GC(839) Metaspace: 52283K(55472K)->52283K(55472K) NonClass: 46495K(48304K)->46495K(48304K) Class: 5787K(7168K)->5787K(7168K)
[2025-11-08T14:58:08.726+0000][gc            ] GC(839) Pause Young (Normal) (G1 Evacuation Pause) 252M->220M(667M) 25.307ms
[2025-11-08T14:58:08.728+0000][gc,cpu        ] GC(839) User=0.03s Sys=0.00s Real=0.02s
[2025-11-08T14:58:11.318+0000][gc,start      ] GC(840) Pause Young (Normal) (G1 Evacuation Pause)
[2025-11-08T14:58:11.319+0000][gc,task       ] GC(840) Using 2 workers of 2 for evacuation
[2025-11-08T14:58:11.346+0000][gc,mmu        ] GC(840) MMU target violated: 21.0ms (20.0ms/21.0ms)
[2025-11-08T14:58:11.346+0000][gc,phases     ] GC(840)   Pre Evacuate Collection Set: 0.1ms
[2025-11-08T14:58:11.346+0000][gc,phases     ] GC(840)   Evacuate Collection Set: 21.9ms
[2025-11-08T14:58:11.347+0000][gc,phases     ] GC(840)   Post Evacuate Collection Set: 3.7ms
[2025-11-08T14:58:11.347+0000][gc,phases     ] GC(840)   Other: 1.8ms
[2025-11-08T14:58:11.349+0000][gc,heap       ] GC(840) Eden regions: 31->0(30)
[2025-11-08T14:58:11.350+0000][gc,heap       ] GC(840) Survivor regions: 2->3(5)
[2025-11-08T14:58:11.350+0000][gc,heap       ] GC(840) Old regions: 73->73
[2025-11-08T14:58:11.350+0000][gc,heap       ] GC(840) Humongous regions: 147->147
[2025-11-08T14:58:11.351+0000][gc,metaspace  ] GC(840) Metaspace: 52283K(55472K)->52283K(55472K) NonClass: 46495K(48304K)->46495K(48304K) Class: 5787K(7168K)->5787K(7168K)
[2025-11-08T14:58:11.351+0000][gc            ] GC(840) Pause Young (Normal) (G1 Evacuation Pause) 251M->222M(667M) 32.721ms
[2025-11-08T14:58:11.352+0000][gc,cpu        ] GC(840) User=0.05s Sys=0.00s Real=0.03s
[2025-11-08T14:58:13.712+0000][gc,start      ] GC(841) Pause Young (Normal) (G1 Evacuation Pause)
[2025-11-08T14:58:13.713+0000][gc,task       ] GC(841) Using 2 workers of 2 for evacuation
[2025-11-08T14:58:13.733+0000][gc,mmu        ] GC(841) MMU target violated: 20.0ms (20.0ms/21.0ms)
[2025-11-08T14:58:13.734+0000][gc,phases     ] GC(841)   Pre Evacuate Collection Set: 0.0ms
[2025-11-08T14:58:13.734+0000][gc,phases     ] GC(841)   Evacuate Collection Set: 18.2ms
[2025-11-08T14:58:13.734+0000][gc,phases     ] GC(841)   Post Evacuate Collection Set: 1.5ms
[2025-11-08T14:58:13.735+0000][gc,phases     ] GC(841)   Other: 2.0ms
[2025-11-08T14:58:13.735+0000][gc,heap       ] GC(841) Eden regions: 30->0(30)
[2025-11-08T14:58:13.735+0000][gc,heap       ] GC(841) Survivor regions: 3->3(5)
[2025-11-08T14:58:13.736+0000][gc,heap       ] GC(841) Old regions: 73->73
[2025-11-08T14:58:13.738+0000][gc,heap       ] GC(841) Humongous regions: 147->147
[2025-11-08T14:58:13.738+0000][gc,metaspace  ] GC(841) Metaspace: 52283K(55472K)->52283K(55472K) NonClass: 46495K(48304K)->46495K(48304K) Class: 5787K(7168K)->5787K(7168K)
[2025-11-08T14:58:13.739+0000][gc            ] GC(841) Pause Young (Normal) (G1 Evacuation Pause) 252M->222M(667M) 26.964ms
[2025-11-08T14:58:13.739+0000][gc,cpu        ] GC(841) User=0.04s Sys=0.00s Real=0.03s
[2025-11-08T14:58:16.262+0000][gc,start      ] GC(842) Pause Young (Normal) (G1 Evacuation Pause)
[2025-11-08T14:58:16.262+0000][gc,task       ] GC(842) Using 2 workers of 2 for evacuation
[2025-11-08T14:58:16.278+0000][gc,phases     ] GC(842)   Pre Evacuate Collection Set: 0.1ms
[2025-11-08T14:58:16.278+0000][gc,phases     ] GC(842)   Evacuate Collection Set: 13.1ms
[2025-11-08T14:58:16.279+0000][gc,phases     ] GC(842)   Post Evacuate Collection Set: 1.8ms
[2025-11-08T14:58:16.279+0000][gc,phases     ] GC(842)   Other: 1.0ms
[2025-11-08T14:58:16.280+0000][gc,heap       ] GC(842) Eden regions: 30->0(31)
[2025-11-08T14:58:16.280+0000][gc,heap       ] GC(842) Survivor regions: 3->2(5)
[2025-11-08T14:58:16.281+0000][gc,heap       ] GC(842) Old regions: 73->73
[2025-11-08T14:58:16.281+0000][gc,heap       ] GC(842) Humongous regions: 147->147
[2025-11-08T14:58:16.282+0000][gc,metaspace  ] GC(842) Metaspace: 52283K(55472K)->52283K(55472K) NonClass: 46495K(48304K)->46495K(48304K) Class: 5787K(7168K)->5787K(7168K)
[2025-11-08T14:58:16.282+0000][gc            ] GC(842) Pause Young (Normal) (G1 Evacuation Pause) 252M->221M(667M) 20.407ms
[2025-11-08T14:58:16.282+0000][gc,cpu        ] GC(842) User=0.03s Sys=0.00s Real=0.02s
[2025-11-08T14:58:18.644+0000][gc,start      ] GC(843) Pause Young (Normal) (G1 Evacuation Pause)
[2025-11-08T14:58:18.645+0000][gc,task       ] GC(843) Using 2 workers of 2 for evacuation
[2025-11-08T14:58:18.665+0000][gc,phases     ] GC(843)   Pre Evacuate Collection Set: 0.0ms
[2025-11-08T14:58:18.665+0000][gc,phases     ] GC(843)   Evacuate Collection Set: 15.6ms
[2025-11-08T14:58:18.666+0000][gc,phases     ] GC(843)   Post Evacuate Collection Set: 3.1ms
[2025-11-08T14:58:18.667+0000][gc,phases     ] GC(843)   Other: 1.8ms
[2025-11-08T14:58:18.668+0000][gc,heap       ] GC(843) Eden regions: 31->0(31)
[2025-11-08T14:58:18.668+0000][gc,heap       ] GC(843) Survivor regions: 2->2(5)
[2025-11-08T14:58:18.670+0000][gc,heap       ] GC(843) Old regions: 73->73
[2025-11-08T14:58:18.673+0000][gc,heap       ] GC(843) Humongous regions: 147->147
[2025-11-08T14:58:18.674+0000][gc,metaspace  ] GC(843) Metaspace: 52283K(55472K)->52283K(55472K) NonClass: 46495K(48304K)->46495K(48304K) Class: 5787K(7168K)->5787K(7168K)
[2025-11-08T14:58:18.674+0000][gc            ] GC(843) Pause Young (Normal) (G1 Evacuation Pause) 252M->221M(667M) 29.734ms
[2025-11-08T14:58:18.675+0000][gc,cpu        ] GC(843) User=0.03s Sys=0.00s Real=0.03s
[2025-11-08T14:58:21.178+0000][gc,start      ] GC(844) Pause Young (Normal) (G1 Evacuation Pause)
[2025-11-08T14:58:21.179+0000][gc,task       ] GC(844) Using 2 workers of 2 for evacuation
[2025-11-08T14:58:21.194+0000][gc,phases     ] GC(844)   Pre Evacuate Collection Set: 0.0ms
[2025-11-08T14:58:21.195+0000][gc,phases     ] GC(844)   Evacuate Collection Set: 11.9ms
[2025-11-08T14:58:21.195+0000][gc,phases     ] GC(844)   Post Evacuate Collection Set: 2.0ms
[2025-11-08T14:58:21.196+0000][gc,phases     ] GC(844)   Other: 2.4ms
[2025-11-08T14:58:21.196+0000][gc,heap       ] GC(844) Eden regions: 31->0(31)
[2025-11-08T14:58:21.196+0000][gc,heap       ] GC(844) Survivor regions: 2->2(5)
[2025-11-08T14:58:21.197+0000][gc,heap       ] GC(844) Old regions: 73->73
[2025-11-08T14:58:21.197+0000][gc,heap       ] GC(844) Humongous regions: 147->147
[2025-11-08T14:58:21.198+0000][gc,metaspace  ] GC(844) Metaspace: 52283K(55472K)->52283K(55472K) NonClass: 46495K(48304K)->46495K(48304K) Class: 5787K(7168K)->5787K(7168K)
[2025-11-08T14:58:21.198+0000][gc            ] GC(844) Pause Young (Normal) (G1 Evacuation Pause) 252M->220M(667M) 20.192ms
[2025-11-08T14:58:21.199+0000][gc,cpu        ] GC(844) User=0.03s Sys=0.00s Real=0.02s
[2025-11-08T14:58:23.747+0000][gc,start      ] GC(845) Pause Young (Normal) (G1 Evacuation Pause)
[2025-11-08T14:58:23.748+0000][gc,task       ] GC(845) Using 2 workers of 2 for evacuation
[2025-11-08T14:58:23.800+0000][gc,mmu        ] GC(845) MMU target violated: 21.0ms (20.0ms/21.0ms)
[2025-11-08T14:58:23.801+0000][gc,phases     ] GC(845)   Pre Evacuate Collection Set: 0.0ms
[2025-11-08T14:58:23.805+0000][gc,phases     ] GC(845)   Evacuate Collection Set: 45.3ms
[2025-11-08T14:58:23.806+0000][gc,phases     ] GC(845)   Post Evacuate Collection Set: 3.3ms
[2025-11-08T14:58:23.806+0000][gc,phases     ] GC(845)   Other: 4.8ms
[2025-11-08T14:58:23.807+0000][gc,heap       ] GC(845) Eden regions: 31->0(30)
[2025-11-08T14:58:23.808+0000][gc,heap       ] GC(845) Survivor regions: 2->3(5)
[2025-11-08T14:58:23.808+0000][gc,heap       ] GC(845) Old regions: 73->73
[2025-11-08T14:58:23.808+0000][gc,heap       ] GC(845) Humongous regions: 147->147
[2025-11-08T14:58:23.810+0000][gc,metaspace  ] GC(845) Metaspace: 52283K(55472K)->52283K(55472K) NonClass: 46495K(48304K)->46495K(48304K) Class: 5787K(7168K)->5787K(7168K)
[2025-11-08T14:58:23.810+0000][gc            ] GC(845) Pause Young (Normal) (G1 Evacuation Pause) 251M->222M(667M) 62.654ms
[2025-11-08T14:58:23.810+0000][gc,cpu        ] GC(845) User=0.05s Sys=0.00s Real=0.07s
[2025-11-08T14:58:26.081+0000][gc,start      ] GC(846) Pause Young (Normal) (G1 Evacuation Pause)
[2025-11-08T14:58:26.082+0000][gc,task       ] GC(846) Using 2 workers of 2 for evacuation
[2025-11-08T14:58:26.102+0000][gc,phases     ] GC(846)   Pre Evacuate Collection Set: 0.0ms
[2025-11-08T14:58:26.102+0000][gc,phases     ] GC(846)   Evacuate Collection Set: 17.5ms
[2025-11-08T14:58:26.102+0000][gc,phases     ] GC(846)   Post Evacuate Collection Set: 1.7ms
[2025-11-08T14:58:26.103+0000][gc,phases     ] GC(846)   Other: 1.1ms
[2025-11-08T14:58:26.103+0000][gc,heap       ] GC(846) Eden regions: 30->0(30)
[2025-11-08T14:58:26.103+0000][gc,heap       ] GC(846) Survivor regions: 3->3(5)
[2025-11-08T14:58:26.104+0000][gc,heap       ] GC(846) Old regions: 73->74
[2025-11-08T14:58:26.104+0000][gc,heap       ] GC(846) Humongous regions: 147->147
[2025-11-08T14:58:26.104+0000][gc,metaspace  ] GC(846) Metaspace: 52283K(55472K)->52283K(55472K) NonClass: 46495K(48304K)->46495K(48304K) Class: 5787K(7168K)->5787K(7168K)
[2025-11-08T14:58:26.105+0000][gc            ] GC(846) Pause Young (Normal) (G1 Evacuation Pause) 252M->222M(667M) 23.568ms
[2025-11-08T14:58:26.105+0000][gc,cpu        ] GC(846) User=0.04s Sys=0.00s Real=0.02s
[2025-11-08T14:58:28.501+0000][gc,start      ] GC(847) Pause Young (Normal) (G1 Evacuation Pause)
[2025-11-08T14:58:28.502+0000][gc,task       ] GC(847) Using 2 workers of 2 for evacuation
[2025-11-08T14:58:28.525+0000][gc,mmu        ] GC(847) MMU target violated: 21.0ms (20.0ms/21.0ms)
[2025-11-08T14:58:28.527+0000][gc,phases     ] GC(847)   Pre Evacuate Collection Set: 0.0ms
[2025-11-08T14:58:28.528+0000][gc,phases     ] GC(847)   Evacuate Collection Set: 17.5ms
[2025-11-08T14:58:28.529+0000][gc,phases     ] GC(847)   Post Evacuate Collection Set: 3.2ms
[2025-11-08T14:58:28.529+0000][gc,phases     ] GC(847)   Other: 4.9ms
[2025-11-08T14:58:28.530+0000][gc,heap       ] GC(847) Eden regions: 30->0(31)
[2025-11-08T14:58:28.530+0000][gc,heap       ] GC(847) Survivor regions: 3->2(5)
[2025-11-08T14:58:28.531+0000][gc,heap       ] GC(847) Old regions: 74->74
[2025-11-08T14:58:28.532+0000][gc,heap       ] GC(847) Humongous regions: 147->147
[2025-11-08T14:58:28.532+0000][gc,metaspace  ] GC(847) Metaspace: 52283K(55472K)->52283K(55472K) NonClass: 46495K(48304K)->46495K(48304K) Class: 5787K(7168K)->5787K(7168K)
[2025-11-08T14:58:28.533+0000][gc            ] GC(847) Pause Young (Normal) (G1 Evacuation Pause) 252M->221M(667M) 32.184ms
[2025-11-08T14:58:28.534+0000][gc,cpu        ] GC(847) User=0.04s Sys=0.00s Real=0.03s
[2025-11-08T14:58:30.954+0000][gc,start      ] GC(848) Pause Young (Normal) (G1 Evacuation Pause)
[2025-11-08T14:58:30.955+0000][gc,task       ] GC(848) Using 2 workers of 2 for evacuation
[2025-11-08T14:58:30.970+0000][gc,phases     ] GC(848)   Pre Evacuate Collection Set: 0.0ms
[2025-11-08T14:58:30.971+0000][gc,phases     ] GC(848)   Evacuate Collection Set: 13.2ms
[2025-11-08T14:58:30.971+0000][gc,phases     ] GC(848)   Post Evacuate Collection Set: 1.8ms
[2025-11-08T14:58:30.971+0000][gc,phases     ] GC(848)   Other: 1.3ms
[2025-11-08T14:58:30.972+0000][gc,heap       ] GC(848) Eden regions: 31->0(31)
[2025-11-08T14:58:30.972+0000][gc,heap       ] GC(848) Survivor regions: 2->2(5)
[2025-11-08T14:58:30.973+0000][gc,heap       ] GC(848) Old regions: 74->74
[2025-11-08T14:58:30.973+0000][gc,heap       ] GC(848) Humongous regions: 147->147
[2025-11-08T14:58:30.974+0000][gc,metaspace  ] GC(848) Metaspace: 52283K(55472K)->52283K(55472K) NonClass: 46495K(48304K)->46495K(48304K) Class: 5787K(7168K)->5787K(7168K)
[2025-11-08T14:58:30.974+0000][gc            ] GC(848) Pause Young (Normal) (G1 Evacuation Pause) 252M->221M(667M) 19.899ms
[2025-11-08T14:58:30.974+0000][gc,cpu        ] GC(848) User=0.03s Sys=0.00s Real=0.02s
[2025-11-08T14:58:33.261+0000][gc,start      ] GC(849) Pause Young (Normal) (G1 Evacuation Pause)
[2025-11-08T14:58:33.263+0000][gc,task       ] GC(849) Using 2 workers of 2 for evacuation
[2025-11-08T14:58:33.275+0000][gc,phases     ] GC(849)   Pre Evacuate Collection Set: 0.0ms
[2025-11-08T14:58:33.275+0000][gc,phases     ] GC(849)   Evacuate Collection Set: 9.7ms
[2025-11-08T14:58:33.275+0000][gc,phases     ] GC(849)   Post Evacuate Collection Set: 1.2ms
[2025-11-08T14:58:33.276+0000][gc,phases     ] GC(849)   Other: 2.7ms
[2025-11-08T14:58:33.276+0000][gc,heap       ] GC(849) Eden regions: 31->0(32)
[2025-11-08T14:58:33.277+0000][gc,heap       ] GC(849) Survivor regions: 2->2(5)
[2025-11-08T14:58:33.277+0000][gc,heap       ] GC(849) Old regions: 74->74
[2025-11-08T14:58:33.277+0000][gc,heap       ] GC(849) Humongous regions: 147->147
[2025-11-08T14:58:33.278+0000][gc,metaspace  ] GC(849) Metaspace: 52283K(55472K)->52283K(55472K) NonClass: 46495K(48304K)->46495K(48304K) Class: 5787K(7168K)->5787K(7168K)
[2025-11-08T14:58:33.278+0000][gc            ] GC(849) Pause Young (Normal) (G1 Evacuation Pause) 252M->221M(667M) 16.868ms
[2025-11-08T14:58:33.278+0000][gc,cpu        ] GC(849) User=0.02s Sys=0.00s Real=0.02s
[2025-11-08T14:58:35.744+0000][gc,start      ] GC(850) Pause Young (Normal) (G1 Evacuation Pause)
[2025-11-08T14:58:35.745+0000][gc,task       ] GC(850) Using 2 workers of 2 for evacuation
[2025-11-08T14:58:35.767+0000][gc,mmu        ] GC(850) MMU target violated: 21.0ms (20.0ms/21.0ms)
[2025-11-08T14:58:35.768+0000][gc,phases     ] GC(850)   Pre Evacuate Collection Set: 0.1ms
[2025-11-08T14:58:35.769+0000][gc,phases     ] GC(850)   Evacuate Collection Set: 19.7ms
[2025-11-08T14:58:35.769+0000][gc,phases     ] GC(850)   Post Evacuate Collection Set: 2.1ms
[2025-11-08T14:58:35.770+0000][gc,phases     ] GC(850)   Other: 2.2ms
[2025-11-08T14:58:35.771+0000][gc,heap       ] GC(850) Eden regions: 32->0(30)
[2025-11-08T14:58:35.772+0000][gc,heap       ] GC(850) Survivor regions: 2->3(5)
[2025-11-08T14:58:35.772+0000][gc,heap       ] GC(850) Old regions: 74->74
[2025-11-08T14:58:35.773+0000][gc,heap       ] GC(850) Humongous regions: 147->147
[2025-11-08T14:58:35.773+0000][gc,metaspace  ] GC(850) Metaspace: 52283K(55472K)->52283K(55472K) NonClass: 46495K(48304K)->46495K(48304K) Class: 5787K(7168K)->5787K(7168K)
[2025-11-08T14:58:35.774+0000][gc            ] GC(850) Pause Young (Normal) (G1 Evacuation Pause) 253M->222M(667M) 30.095ms
[2025-11-08T14:58:35.775+0000][gc,cpu        ] GC(850) User=0.05s Sys=0.00s Real=0.03s
[2025-11-08T14:58:38.215+0000][gc,start      ] GC(851) Pause Young (Normal) (G1 Evacuation Pause)
[2025-11-08T14:58:38.216+0000][gc,task       ] GC(851) Using 2 workers of 2 for evacuation
[2025-11-08T14:58:38.240+0000][gc,mmu        ] GC(851) MMU target violated: 21.0ms (20.0ms/21.0ms)
[2025-11-08T14:58:38.240+0000][gc,phases     ] GC(851)   Pre Evacuate Collection Set: 0.0ms
[2025-11-08T14:58:38.241+0000][gc,phases     ] GC(851)   Evacuate Collection Set: 20.6ms
[2025-11-08T14:58:38.242+0000][gc,phases     ] GC(851)   Post Evacuate Collection Set: 1.7ms
[2025-11-08T14:58:38.243+0000][gc,phases     ] GC(851)   Other: 2.7ms
[2025-11-08T14:58:38.244+0000][gc,heap       ] GC(851) Eden regions: 30->0(30)
[2025-11-08T14:58:38.244+0000][gc,heap       ] GC(851) Survivor regions: 3->3(5)
[2025-11-08T14:58:38.245+0000][gc,heap       ] GC(851) Old regions: 74->74
[2025-11-08T14:58:38.245+0000][gc,heap       ] GC(851) Humongous regions: 147->147
[2025-11-08T14:58:38.246+0000][gc,metaspace  ] GC(851) Metaspace: 52283K(55472K)->52283K(55472K) NonClass: 46495K(48304K)->46495K(48304K) Class: 5787K(7168K)->5787K(7168K)
[2025-11-08T14:58:38.247+0000][gc            ] GC(851) Pause Young (Normal) (G1 Evacuation Pause) 252M->222M(667M) 31.225ms
[2025-11-08T14:58:38.247+0000][gc,cpu        ] GC(851) User=0.04s Sys=0.00s Real=0.03s
[2025-11-08T14:58:41.449+0000][gc,start      ] GC(852) Pause Young (Normal) (G1 Evacuation Pause)
[2025-11-08T14:58:41.449+0000][gc,task       ] GC(852) Using 2 workers of 2 for evacuation
[2025-11-08T14:58:41.469+0000][gc,phases     ] GC(852)   Pre Evacuate Collection Set: 0.0ms
[2025-11-08T14:58:41.469+0000][gc,phases     ] GC(852)   Evacuate Collection Set: 16.3ms
[2025-11-08T14:58:41.470+0000][gc,phases     ] GC(852)   Post Evacuate Collection Set: 2.5ms
[2025-11-08T14:58:41.470+0000][gc,phases     ] GC(852)   Other: 1.2ms
[2025-11-08T14:58:41.471+0000][gc,heap       ] GC(852) Eden regions: 30->0(31)
[2025-11-08T14:58:41.471+0000][gc,heap       ] GC(852) Survivor regions: 3->2(5)
[2025-11-08T14:58:41.471+0000][gc,heap       ] GC(852) Old regions: 74->74
[2025-11-08T14:58:41.472+0000][gc,heap       ] GC(852) Humongous regions: 147->147
[2025-11-08T14:58:41.472+0000][gc,metaspace  ] GC(852) Metaspace: 52283K(55472K)->52283K(55472K) NonClass: 46495K(48304K)->46495K(48304K) Class: 5787K(7168K)->5787K(7168K)
[2025-11-08T14:58:41.473+0000][gc            ] GC(852) Pause Young (Normal) (G1 Evacuation Pause) 252M->222M(667M) 24.451ms
[2025-11-08T14:58:41.474+0000][gc,cpu        ] GC(852) User=0.04s Sys=0.00s Real=0.02s
[2025-11-08T14:58:44.469+0000][gc,start      ] GC(853) Pause Young (Normal) (G1 Evacuation Pause)
[2025-11-08T14:58:44.470+0000][gc,task       ] GC(853) Using 2 workers of 2 for evacuation
[2025-11-08T14:58:44.516+0000][gc,mmu        ] GC(853) MMU target violated: 21.0ms (20.0ms/21.0ms)
[2025-11-08T14:58:44.517+0000][gc,phases     ] GC(853)   Pre Evacuate Collection Set: 0.0ms
[2025-11-08T14:58:44.518+0000][gc,phases     ] GC(853)   Evacuate Collection Set: 41.8ms
[2025-11-08T14:58:44.518+0000][gc,phases     ] GC(853)   Post Evacuate Collection Set: 3.3ms
[2025-11-08T14:58:44.519+0000][gc,phases     ] GC(853)   Other: 2.9ms
[2025-11-08T14:58:44.520+0000][gc,heap       ] GC(853) Eden regions: 31->0(31)
[2025-11-08T14:58:44.520+0000][gc,heap       ] GC(853) Survivor regions: 2->2(5)
[2025-11-08T14:58:44.523+0000][gc,heap       ] GC(853) Old regions: 74->74
[2025-11-08T14:58:44.524+0000][gc,heap       ] GC(853) Humongous regions: 147->147
[2025-11-08T14:58:44.524+0000][gc,metaspace  ] GC(853) Metaspace: 52283K(55472K)->52283K(55472K) NonClass: 46495K(48304K)->46495K(48304K) Class: 5787K(7168K)->5787K(7168K)
[2025-11-08T14:58:44.525+0000][gc            ] GC(853) Pause Young (Normal) (G1 Evacuation Pause) 253M->221M(667M) 55.482ms
[2025-11-08T14:58:44.527+0000][gc,cpu        ] GC(853) User=0.05s Sys=0.00s Real=0.05s
[2025-11-08T14:58:47.266+0000][gc,start      ] GC(854) Pause Young (Normal) (G1 Evacuation Pause)
[2025-11-08T14:58:47.267+0000][gc,task       ] GC(854) Using 2 workers of 2 for evacuation
[2025-11-08T14:58:47.286+0000][gc,phases     ] GC(854)   Pre Evacuate Collection Set: 0.0ms
[2025-11-08T14:58:47.286+0000][gc,phases     ] GC(854)   Evacuate Collection Set: 16.3ms
[2025-11-08T14:58:47.287+0000][gc,phases     ] GC(854)   Post Evacuate Collection Set: 1.6ms
[2025-11-08T14:58:47.287+0000][gc,phases     ] GC(854)   Other: 1.6ms
[2025-11-08T14:58:47.288+0000][gc,heap       ] GC(854) Eden regions: 31->0(31)
[2025-11-08T14:58:47.288+0000][gc,heap       ] GC(854) Survivor regions: 2->2(5)
[2025-11-08T14:58:47.289+0000][gc,heap       ] GC(854) Old regions: 74->74
[2025-11-08T14:58:47.289+0000][gc,heap       ] GC(854) Humongous regions: 147->147
[2025-11-08T14:58:47.289+0000][gc,metaspace  ] GC(854) Metaspace: 52283K(55472K)->52283K(55472K) NonClass: 46495K(48304K)->46495K(48304K) Class: 5787K(7168K)->5787K(7168K)
[2025-11-08T14:58:47.290+0000][gc            ] GC(854) Pause Young (Normal) (G1 Evacuation Pause) 252M->221M(667M) 23.513ms
[2025-11-08T14:58:47.290+0000][gc,cpu        ] GC(854) User=0.03s Sys=0.00s Real=0.03s
[2025-11-08T14:58:50.279+0000][gc,start      ] GC(855) Pause Young (Normal) (G1 Evacuation Pause)
[2025-11-08T14:58:50.280+0000][gc,task       ] GC(855) Using 2 workers of 2 for evacuation
[2025-11-08T14:58:50.298+0000][gc,phases     ] GC(855)   Pre Evacuate Collection Set: 0.0ms
[2025-11-08T14:58:50.299+0000][gc,phases     ] GC(855)   Evacuate Collection Set: 16.0ms
[2025-11-08T14:58:50.299+0000][gc,phases     ] GC(855)   Post Evacuate Collection Set: 1.3ms
[2025-11-08T14:58:50.299+0000][gc,phases     ] GC(855)   Other: 1.5ms
[2025-11-08T14:58:50.300+0000][gc,heap       ] GC(855) Eden regions: 31->0(30)
[2025-11-08T14:58:50.300+0000][gc,heap       ] GC(855) Survivor regions: 2->3(5)
[2025-11-08T14:58:50.300+0000][gc,heap       ] GC(855) Old regions: 74->74
[2025-11-08T14:58:50.300+0000][gc,heap       ] GC(855) Humongous regions: 147->147
[2025-11-08T14:58:50.301+0000][gc,metaspace  ] GC(855) Metaspace: 52283K(55472K)->52283K(55472K) NonClass: 46495K(48304K)->46495K(48304K) Class: 5787K(7168K)->5787K(7168K)
[2025-11-08T14:58:50.301+0000][gc            ] GC(855) Pause Young (Normal) (G1 Evacuation Pause) 252M->223M(667M) 21.739ms
[2025-11-08T14:58:50.302+0000][gc,cpu        ] GC(855) User=0.04s Sys=0.00s Real=0.02s
[2025-11-08T14:58:52.846+0000][gc,start      ] GC(856) Pause Young (Normal) (G1 Evacuation Pause)
[2025-11-08T14:58:52.846+0000][gc,task       ] GC(856) Using 2 workers of 2 for evacuation
[2025-11-08T14:58:52.864+0000][gc,phases     ] GC(856)   Pre Evacuate Collection Set: 0.1ms
[2025-11-08T14:58:52.865+0000][gc,phases     ] GC(856)   Evacuate Collection Set: 15.7ms
[2025-11-08T14:58:52.865+0000][gc,phases     ] GC(856)   Post Evacuate Collection Set: 1.5ms
[2025-11-08T14:58:52.865+0000][gc,phases     ] GC(856)   Other: 1.4ms
[2025-11-08T14:58:52.866+0000][gc,heap       ] GC(856) Eden regions: 30->0(30)
[2025-11-08T14:58:52.866+0000][gc,heap       ] GC(856) Survivor regions: 3->3(5)
[2025-11-08T14:58:52.866+0000][gc,heap       ] GC(856) Old regions: 74->74
[2025-11-08T14:58:52.867+0000][gc,heap       ] GC(856) Humongous regions: 147->147
[2025-11-08T14:58:52.867+0000][gc,metaspace  ] GC(856) Metaspace: 52283K(55472K)->52283K(55472K) NonClass: 46495K(48304K)->46495K(48304K) Class: 5787K(7168K)->5787K(7168K)
[2025-11-08T14:58:52.868+0000][gc            ] GC(856) Pause Young (Normal) (G1 Evacuation Pause) 253M->223M(667M) 21.988ms
[2025-11-08T14:58:52.868+0000][gc,cpu        ] GC(856) User=0.03s Sys=0.00s Real=0.03s
[2025-11-08T14:58:55.274+0000][gc,start      ] GC(857) Pause Young (Normal) (G1 Evacuation Pause)
[2025-11-08T14:58:55.275+0000][gc,task       ] GC(857) Using 2 workers of 2 for evacuation
[2025-11-08T14:58:55.297+0000][gc,mmu        ] GC(857) MMU target violated: 21.0ms (20.0ms/21.0ms)
[2025-11-08T14:58:55.298+0000][gc,phases     ] GC(857)   Pre Evacuate Collection Set: 0.2ms
[2025-11-08T14:58:55.298+0000][gc,phases     ] GC(857)   Evacuate Collection Set: 18.4ms
[2025-11-08T14:58:55.298+0000][gc,phases     ] GC(857)   Post Evacuate Collection Set: 2.1ms
[2025-11-08T14:58:55.299+0000][gc,phases     ] GC(857)   Other: 3.7ms
[2025-11-08T14:58:55.299+0000][gc,heap       ] GC(857) Eden regions: 30->0(31)
[2025-11-08T14:58:55.299+0000][gc,heap       ] GC(857) Survivor regions: 3->2(5)
[2025-11-08T14:58:55.300+0000][gc,heap       ] GC(857) Old regions: 74->74
[2025-11-08T14:58:55.300+0000][gc,heap       ] GC(857) Humongous regions: 147->147
[2025-11-08T14:58:55.300+0000][gc,metaspace  ] GC(857) Metaspace: 52283K(55472K)->52283K(55472K) NonClass: 46495K(48304K)->46495K(48304K) Class: 5787K(7168K)->5787K(7168K)
[2025-11-08T14:58:55.301+0000][gc            ] GC(857) Pause Young (Normal) (G1 Evacuation Pause) 253M->222M(667M) 26.375ms
[2025-11-08T14:58:55.301+0000][gc,cpu        ] GC(857) User=0.04s Sys=0.00s Real=0.03s
[2025-11-08T14:58:57.876+0000][gc,start      ] GC(858) Pause Young (Normal) (G1 Evacuation Pause)
[2025-11-08T14:58:57.878+0000][gc,task       ] GC(858) Using 2 workers of 2 for evacuation
[2025-11-08T14:58:57.903+0000][gc,mmu        ] GC(858) MMU target violated: 21.0ms (20.0ms/21.0ms)
[2025-11-08T14:58:57.905+0000][gc,phases     ] GC(858)   Pre Evacuate Collection Set: 0.1ms
[2025-11-08T14:58:57.906+0000][gc,phases     ] GC(858)   Evacuate Collection Set: 23.4ms
[2025-11-08T14:58:57.906+0000][gc,phases     ] GC(858)   Post Evacuate Collection Set: 1.8ms
[2025-11-08T14:58:57.907+0000][gc,phases     ] GC(858)   Other: 3.3ms
[2025-11-08T14:58:57.907+0000][gc,heap       ] GC(858) Eden regions: 31->0(31)
[2025-11-08T14:58:57.908+0000][gc,heap       ] GC(858) Survivor regions: 2->2(5)
[2025-11-08T14:58:57.908+0000][gc,heap       ] GC(858) Old regions: 74->74
[2025-11-08T14:58:57.909+0000][gc,heap       ] GC(858) Humongous regions: 147->147
[2025-11-08T14:58:57.910+0000][gc,metaspace  ] GC(858) Metaspace: 52283K(55472K)->52283K(55472K) NonClass: 46495K(48304K)->46495K(48304K) Class: 5787K(7168K)->5787K(7168K)
[2025-11-08T14:58:57.910+0000][gc            ] GC(858) Pause Young (Normal) (G1 Evacuation Pause) 253M->222M(667M) 34.280ms
[2025-11-08T14:58:57.911+0000][gc,cpu        ] GC(858) User=0.05s Sys=0.00s Real=0.04s
[2025-11-08T14:59:01.020+0000][gc,start      ] GC(859) Pause Young (Normal) (G1 Evacuation Pause)
[2025-11-08T14:59:01.023+0000][gc,task       ] GC(859) Using 2 workers of 2 for evacuation
[2025-11-08T14:59:01.071+0000][gc,mmu        ] GC(859) MMU target violated: 21.0ms (20.0ms/21.0ms)
[2025-11-08T14:59:01.072+0000][gc,phases     ] GC(859)   Pre Evacuate Collection Set: 0.0ms
[2025-11-08T14:59:01.073+0000][gc,phases     ] GC(859)   Evacuate Collection Set: 39.6ms
[2025-11-08T14:59:01.073+0000][gc,phases     ] GC(859)   Post Evacuate Collection Set: 3.7ms
[2025-11-08T14:59:01.073+0000][gc,phases     ] GC(859)   Other: 8.7ms
[2025-11-08T14:59:01.074+0000][gc,heap       ] GC(859) Eden regions: 31->0(31)
[2025-11-08T14:59:01.074+0000][gc,heap       ] GC(859) Survivor regions: 2->2(5)
[2025-11-08T14:59:01.075+0000][gc,heap       ] GC(859) Old regions: 74->74
[2025-11-08T14:59:01.075+0000][gc,heap       ] GC(859) Humongous regions: 147->147
[2025-11-08T14:59:01.076+0000][gc,metaspace  ] GC(859) Metaspace: 52283K(55472K)->52283K(55472K) NonClass: 46495K(48304K)->46495K(48304K) Class: 5787K(7168K)->5787K(7168K)
[2025-11-08T14:59:01.077+0000][gc            ] GC(859) Pause Young (Normal) (G1 Evacuation Pause) 253M->221M(667M) 57.088ms
[2025-11-08T14:59:01.077+0000][gc,cpu        ] GC(859) User=0.05s Sys=0.00s Real=0.05s
[2025-11-08T14:59:04.108+0000][gc,start      ] GC(860) Pause Young (Normal) (G1 Evacuation Pause)
[2025-11-08T14:59:04.114+0000][gc,task       ] GC(860) Using 2 workers of 2 for evacuation
[2025-11-08T14:59:04.143+0000][gc,mmu        ] GC(860) MMU target violated: 21.0ms (20.0ms/21.0ms)
[2025-11-08T14:59:04.147+0000][gc,phases     ] GC(860)   Pre Evacuate Collection Set: 0.0ms
[2025-11-08T14:59:04.149+0000][gc,phases     ] GC(860)   Evacuate Collection Set: 24.4ms
[2025-11-08T14:59:04.151+0000][gc,phases     ] GC(860)   Post Evacuate Collection Set: 2.0ms
[2025-11-08T14:59:04.156+0000][gc,phases     ] GC(860)   Other: 13.3ms
[2025-11-08T14:59:04.157+0000][gc,heap       ] GC(860) Eden regions: 31->0(30)
[2025-11-08T14:59:04.157+0000][gc,heap       ] GC(860) Survivor regions: 2->3(5)
[2025-11-08T14:59:04.159+0000][gc,heap       ] GC(860) Old regions: 74->74
[2025-11-08T14:59:04.159+0000][gc,heap       ] GC(860) Humongous regions: 147->147
[2025-11-08T14:59:04.161+0000][gc,metaspace  ] GC(860) Metaspace: 52283K(55472K)->52283K(55472K) NonClass: 46495K(48304K)->46495K(48304K) Class: 5787K(7168K)->5787K(7168K)
[2025-11-08T14:59:04.162+0000][gc            ] GC(860) Pause Young (Normal) (G1 Evacuation Pause) 252M->223M(667M) 54.231ms
[2025-11-08T14:59:04.163+0000][gc,cpu        ] GC(860) User=0.05s Sys=0.01s Real=0.06s
[2025-11-08T14:59:06.601+0000][gc,start      ] GC(861) Pause Young (Normal) (G1 Evacuation Pause)
[2025-11-08T14:59:06.605+0000][gc,task       ] GC(861) Using 2 workers of 2 for evacuation
[2025-11-08T14:59:06.630+0000][gc,mmu        ] GC(861) MMU target violated: 21.0ms (20.0ms/21.0ms)
[2025-11-08T14:59:06.630+0000][gc,phases     ] GC(861)   Pre Evacuate Collection Set: 0.0ms
[2025-11-08T14:59:06.631+0000][gc,phases     ] GC(861)   Evacuate Collection Set: 20.1ms
[2025-11-08T14:59:06.631+0000][gc,phases     ] GC(861)   Post Evacuate Collection Set: 1.5ms
[2025-11-08T14:59:06.632+0000][gc,phases     ] GC(861)   Other: 7.7ms
[2025-11-08T14:59:06.633+0000][gc,heap       ] GC(861) Eden regions: 30->0(30)
[2025-11-08T14:59:06.633+0000][gc,heap       ] GC(861) Survivor regions: 3->3(5)
[2025-11-08T14:59:06.634+0000][gc,heap       ] GC(861) Old regions: 74->75
[2025-11-08T14:59:06.634+0000][gc,heap       ] GC(861) Humongous regions: 147->147
[2025-11-08T14:59:06.635+0000][gc,metaspace  ] GC(861) Metaspace: 52283K(55472K)->52283K(55472K) NonClass: 46495K(48304K)->46495K(48304K) Class: 5787K(7168K)->5787K(7168K)
[2025-11-08T14:59:06.635+0000][gc            ] GC(861) Pause Young (Normal) (G1 Evacuation Pause) 253M->223M(667M) 33.601ms
[2025-11-08T14:59:06.635+0000][gc,cpu        ] GC(861) User=0.04s Sys=0.00s Real=0.03s
[2025-11-08T14:59:08.984+0000][gc,start      ] GC(862) Pause Young (Normal) (G1 Evacuation Pause)
[2025-11-08T14:59:08.986+0000][gc,task       ] GC(862) Using 2 workers of 2 for evacuation
[2025-11-08T14:59:09.004+0000][gc,phases     ] GC(862)   Pre Evacuate Collection Set: 0.0ms
[2025-11-08T14:59:09.005+0000][gc,phases     ] GC(862)   Evacuate Collection Set: 14.5ms
[2025-11-08T14:59:09.005+0000][gc,phases     ] GC(862)   Post Evacuate Collection Set: 1.8ms
[2025-11-08T14:59:09.006+0000][gc,phases     ] GC(862)   Other: 3.3ms
[2025-11-08T14:59:09.007+0000][gc,heap       ] GC(862) Eden regions: 30->0(31)
[2025-11-08T14:59:09.009+0000][gc,heap       ] GC(862) Survivor regions: 3->2(5)
[2025-11-08T14:59:09.010+0000][gc,heap       ] GC(862) Old regions: 75->75
[2025-11-08T14:59:09.010+0000][gc,heap       ] GC(862) Humongous regions: 147->147
[2025-11-08T14:59:09.011+0000][gc,metaspace  ] GC(862) Metaspace: 52283K(55472K)->52283K(55472K) NonClass: 46495K(48304K)->46495K(48304K) Class: 5787K(7168K)->5787K(7168K)
[2025-11-08T14:59:09.011+0000][gc            ] GC(862) Pause Young (Normal) (G1 Evacuation Pause) 253M->222M(667M) 26.766ms
[2025-11-08T14:59:09.012+0000][gc,cpu        ] GC(862) User=0.03s Sys=0.00s Real=0.03s
[2025-11-08T14:59:11.308+0000][gc,start      ] GC(863) Pause Young (Normal) (G1 Evacuation Pause)
[2025-11-08T14:59:11.309+0000][gc,task       ] GC(863) Using 2 workers of 2 for evacuation
[2025-11-08T14:59:11.326+0000][gc,phases     ] GC(863)   Pre Evacuate Collection Set: 0.0ms
[2025-11-08T14:59:11.326+0000][gc,phases     ] GC(863)   Evacuate Collection Set: 13.2ms
[2025-11-08T14:59:11.327+0000][gc,phases     ] GC(863)   Post Evacuate Collection Set: 3.6ms
[2025-11-08T14:59:11.328+0000][gc,phases     ] GC(863)   Other: 1.3ms
[2025-11-08T14:59:11.328+0000][gc,heap       ] GC(863) Eden regions: 31->0(31)
[2025-11-08T14:59:11.329+0000][gc,heap       ] GC(863) Survivor regions: 2->2(5)
[2025-11-08T14:59:11.330+0000][gc,heap       ] GC(863) Old regions: 75->75
[2025-11-08T14:59:11.330+0000][gc,heap       ] GC(863) Humongous regions: 147->147
[2025-11-08T14:59:11.331+0000][gc,metaspace  ] GC(863) Metaspace: 52283K(55472K)->52283K(55472K) NonClass: 46495K(48304K)->46495K(48304K) Class: 5787K(7168K)->5787K(7168K)
[2025-11-08T14:59:11.331+0000][gc            ] GC(863) Pause Young (Normal) (G1 Evacuation Pause) 253M->222M(667M) 22.913ms
[2025-11-08T14:59:11.331+0000][gc,cpu        ] GC(863) User=0.03s Sys=0.00s Real=0.03s
[2025-11-08T14:59:13.644+0000][gc,start      ] GC(864) Pause Young (Normal) (G1 Evacuation Pause)
[2025-11-08T14:59:13.645+0000][gc,task       ] GC(864) Using 2 workers of 2 for evacuation
[2025-11-08T14:59:13.659+0000][gc,phases     ] GC(864)   Pre Evacuate Collection Set: 0.0ms
[2025-11-08T14:59:13.659+0000][gc,phases     ] GC(864)   Evacuate Collection Set: 11.9ms
[2025-11-08T14:59:13.660+0000][gc,phases     ] GC(864)   Post Evacuate Collection Set: 1.1ms
[2025-11-08T14:59:13.660+0000][gc,phases     ] GC(864)   Other: 1.7ms
[2025-11-08T14:59:13.661+0000][gc,heap       ] GC(864) Eden regions: 31->0(31)
[2025-11-08T14:59:13.661+0000][gc,heap       ] GC(864) Survivor regions: 2->2(5)
[2025-11-08T14:59:13.662+0000][gc,heap       ] GC(864) Old regions: 75->75
[2025-11-08T14:59:13.662+0000][gc,heap       ] GC(864) Humongous regions: 147->147
[2025-11-08T14:59:13.663+0000][gc,metaspace  ] GC(864) Metaspace: 52283K(55472K)->52283K(55472K) NonClass: 46495K(48304K)->46495K(48304K) Class: 5787K(7168K)->5787K(7168K)
[2025-11-08T14:59:13.663+0000][gc            ] GC(864) Pause Young (Normal) (G1 Evacuation Pause) 253M->222M(667M) 18.729ms
[2025-11-08T14:59:13.663+0000][gc,cpu        ] GC(864) User=0.03s Sys=0.00s Real=0.02s
[2025-11-08T14:59:16.302+0000][gc,start      ] GC(865) Pause Young (Normal) (G1 Evacuation Pause)
[2025-11-08T14:59:16.302+0000][gc,task       ] GC(865) Using 2 workers of 2 for evacuation
[2025-11-08T14:59:16.325+0000][gc,mmu        ] GC(865) MMU target violated: 21.0ms (20.0ms/21.0ms)
[2025-11-08T14:59:16.325+0000][gc,phases     ] GC(865)   Pre Evacuate Collection Set: 0.0ms
[2025-11-08T14:59:16.326+0000][gc,phases     ] GC(865)   Evacuate Collection Set: 18.7ms
[2025-11-08T14:59:16.326+0000][gc,phases     ] GC(865)   Post Evacuate Collection Set: 2.2ms
[2025-11-08T14:59:16.326+0000][gc,phases     ] GC(865)   Other: 3.1ms
[2025-11-08T14:59:16.327+0000][gc,heap       ] GC(865) Eden regions: 31->0(30)
[2025-11-08T14:59:16.327+0000][gc,heap       ] GC(865) Survivor regions: 2->3(5)
[2025-11-08T14:59:16.328+0000][gc,heap       ] GC(865) Old regions: 75->75
[2025-11-08T14:59:16.328+0000][gc,heap       ] GC(865) Humongous regions: 147->147
[2025-11-08T14:59:16.329+0000][gc,metaspace  ] GC(865) Metaspace: 52283K(55472K)->52283K(55472K) NonClass: 46495K(48304K)->46495K(48304K) Class: 5787K(7168K)->5787K(7168K)
[2025-11-08T14:59:16.329+0000][gc            ] GC(865) Pause Young (Normal) (G1 Evacuation Pause) 253M->224M(667M) 27.585ms
[2025-11-08T14:59:16.330+0000][gc,cpu        ] GC(865) User=0.04s Sys=0.00s Real=0.03s
[2025-11-08T14:59:18.731+0000][gc,start      ] GC(866) Pause Young (Normal) (G1 Evacuation Pause)
[2025-11-08T14:59:18.732+0000][gc,task       ] GC(866) Using 2 workers of 2 for evacuation
[2025-11-08T14:59:18.752+0000][gc,mmu        ] GC(866) MMU target violated: 20.0ms (20.0ms/21.0ms)
[2025-11-08T14:59:18.753+0000][gc,phases     ] GC(866)   Pre Evacuate Collection Set: 0.0ms
[2025-11-08T14:59:18.753+0000][gc,phases     ] GC(866)   Evacuate Collection Set: 18.5ms
[2025-11-08T14:59:18.754+0000][gc,phases     ] GC(866)   Post Evacuate Collection Set: 1.4ms
[2025-11-08T14:59:18.754+0000][gc,phases     ] GC(866)   Other: 1.8ms
[2025-11-08T14:59:18.755+0000][gc,heap       ] GC(866) Eden regions: 30->0(30)
[2025-11-08T14:59:18.759+0000][gc,heap       ] GC(866) Survivor regions: 3->3(5)
[2025-11-08T14:59:18.760+0000][gc,heap       ] GC(866) Old regions: 75->75
[2025-11-08T14:59:18.761+0000][gc,heap       ] GC(866) Humongous regions: 147->147
[2025-11-08T14:59:18.761+0000][gc,metaspace  ] GC(866) Metaspace: 52283K(55472K)->52283K(55472K) NonClass: 46495K(48304K)->46495K(48304K) Class: 5787K(7168K)->5787K(7168K)
[2025-11-08T14:59:18.763+0000][gc            ] GC(866) Pause Young (Normal) (G1 Evacuation Pause) 254M->223M(667M) 31.685ms
[2025-11-08T14:59:18.763+0000][gc,cpu        ] GC(866) User=0.04s Sys=0.00s Real=0.03s
[2025-11-08T14:59:21.002+0000][gc,start      ] GC(867) Pause Young (Normal) (G1 Evacuation Pause)
[2025-11-08T14:59:21.003+0000][gc,task       ] GC(867) Using 2 workers of 2 for evacuation
[2025-11-08T14:59:21.020+0000][gc,phases     ] GC(867)   Pre Evacuate Collection Set: 0.0ms
[2025-11-08T14:59:21.021+0000][gc,phases     ] GC(867)   Evacuate Collection Set: 15.4ms
[2025-11-08T14:59:21.021+0000][gc,phases     ] GC(867)   Post Evacuate Collection Set: 1.4ms
[2025-11-08T14:59:21.021+0000][gc,phases     ] GC(867)   Other: 1.2ms
[2025-11-08T14:59:21.022+0000][gc,heap       ] GC(867) Eden regions: 30->0(31)
[2025-11-08T14:59:21.023+0000][gc,heap       ] GC(867) Survivor regions: 3->2(5)
[2025-11-08T14:59:21.023+0000][gc,heap       ] GC(867) Old regions: 75->75
[2025-11-08T14:59:21.023+0000][gc,heap       ] GC(867) Humongous regions: 147->147
[2025-11-08T14:59:21.024+0000][gc,metaspace  ] GC(867) Metaspace: 52283K(55472K)->52283K(55472K) NonClass: 46495K(48304K)->46495K(48304K) Class: 5787K(7168K)->5787K(7168K)
[2025-11-08T14:59:21.025+0000][gc            ] GC(867) Pause Young (Normal) (G1 Evacuation Pause) 253M->223M(667M) 22.335ms
[2025-11-08T14:59:21.025+0000][gc,cpu        ] GC(867) User=0.03s Sys=0.00s Real=0.02s
[2025-11-08T14:59:23.447+0000][gc,start      ] GC(868) Pause Young (Normal) (G1 Evacuation Pause)
[2025-11-08T14:59:23.447+0000][gc,task       ] GC(868) Using 2 workers of 2 for evacuation
[2025-11-08T14:59:23.473+0000][gc,phases     ] GC(868)   Pre Evacuate Collection Set: 0.0ms
[2025-11-08T14:59:23.473+0000][gc,phases     ] GC(868)   Evacuate Collection Set: 16.8ms
[2025-11-08T14:59:23.474+0000][gc,phases     ] GC(868)   Post Evacuate Collection Set: 1.9ms
[2025-11-08T14:59:23.474+0000][gc,phases     ] GC(868)   Other: 7.5ms
[2025-11-08T14:59:23.475+0000][gc,heap       ] GC(868) Eden regions: 31->0(31)
[2025-11-08T14:59:23.476+0000][gc,heap       ] GC(868) Survivor regions: 2->2(5)
[2025-11-08T14:59:23.476+0000][gc,heap       ] GC(868) Old regions: 75->75
[2025-11-08T14:59:23.477+0000][gc,heap       ] GC(868) Humongous regions: 147->147
[2025-11-08T14:59:23.478+0000][gc,metaspace  ] GC(868) Metaspace: 52283K(55472K)->52283K(55472K) NonClass: 46495K(48304K)->46495K(48304K) Class: 5787K(7168K)->5787K(7168K)
[2025-11-08T14:59:23.478+0000][gc            ] GC(868) Pause Young (Normal) (G1 Evacuation Pause) 254M->223M(667M) 31.729ms
[2025-11-08T14:59:23.479+0000][gc,cpu        ] GC(868) User=0.04s Sys=0.00s Real=0.03s
[2025-11-08T14:59:26.236+0000][gc,start      ] GC(869) Pause Young (Normal) (G1 Evacuation Pause)
[2025-11-08T14:59:26.237+0000][gc,task       ] GC(869) Using 2 workers of 2 for evacuation
[2025-11-08T14:59:26.253+0000][gc,phases     ] GC(869)   Pre Evacuate Collection Set: 0.0ms
[2025-11-08T14:59:26.254+0000][gc,phases     ] GC(869)   Evacuate Collection Set: 14.0ms
[2025-11-08T14:59:26.255+0000][gc,phases     ] GC(869)   Post Evacuate Collection Set: 1.3ms
[2025-11-08T14:59:26.255+0000][gc,phases     ] GC(869)   Other: 1.7ms
[2025-11-08T14:59:26.256+0000][gc,heap       ] GC(869) Eden regions: 31->0(32)
[2025-11-08T14:59:26.256+0000][gc,heap       ] GC(869) Survivor regions: 2->2(5)
[2025-11-08T14:59:26.257+0000][gc,heap       ] GC(869) Old regions: 75->75
[2025-11-08T14:59:26.257+0000][gc,heap       ] GC(869) Humongous regions: 147->147
[2025-11-08T14:59:26.258+0000][gc,metaspace  ] GC(869) Metaspace: 52283K(55472K)->52283K(55472K) NonClass: 46495K(48304K)->46495K(48304K) Class: 5787K(7168K)->5787K(7168K)
[2025-11-08T14:59:26.258+0000][gc            ] GC(869) Pause Young (Normal) (G1 Evacuation Pause) 254M->222M(667M) 21.729ms
[2025-11-08T14:59:26.258+0000][gc,cpu        ] GC(869) User=0.03s Sys=0.00s Real=0.02s
[2025-11-08T14:59:28.726+0000][gc,start      ] GC(870) Pause Young (Normal) (G1 Evacuation Pause)
[2025-11-08T14:59:28.726+0000][gc,task       ] GC(870) Using 2 workers of 2 for evacuation
[2025-11-08T14:59:28.752+0000][gc,mmu        ] GC(870) MMU target violated: 21.0ms (20.0ms/21.0ms)
[2025-11-08T14:59:28.752+0000][gc,phases     ] GC(870)   Pre Evacuate Collection Set: 0.0ms
[2025-11-08T14:59:28.753+0000][gc,phases     ] GC(870)   Evacuate Collection Set: 19.7ms
[2025-11-08T14:59:28.753+0000][gc,phases     ] GC(870)   Post Evacuate Collection Set: 1.6ms
[2025-11-08T14:59:28.754+0000][gc,phases     ] GC(870)   Other: 5.0ms
[2025-11-08T14:59:28.754+0000][gc,heap       ] GC(870) Eden regions: 32->0(30)
[2025-11-08T14:59:28.755+0000][gc,heap       ] GC(870) Survivor regions: 2->3(5)
[2025-11-08T14:59:28.755+0000][gc,heap       ] GC(870) Old regions: 75->75
[2025-11-08T14:59:28.756+0000][gc,heap       ] GC(870) Humongous regions: 147->147
[2025-11-08T14:59:28.756+0000][gc,metaspace  ] GC(870) Metaspace: 52283K(55472K)->52283K(55472K) NonClass: 46495K(48304K)->46495K(48304K) Class: 5787K(7168K)->5787K(7168K)
[2025-11-08T14:59:28.756+0000][gc            ] GC(870) Pause Young (Normal) (G1 Evacuation Pause) 254M->224M(667M) 30.631ms
[2025-11-08T14:59:28.757+0000][gc,cpu        ] GC(870) User=0.03s Sys=0.00s Real=0.03s
[2025-11-08T14:59:31.212+0000][gc,start      ] GC(871) Pause Young (Normal) (G1 Evacuation Pause)
[2025-11-08T14:59:31.213+0000][gc,task       ] GC(871) Using 2 workers of 2 for evacuation
[2025-11-08T14:59:31.230+0000][gc,phases     ] GC(871)   Pre Evacuate Collection Set: 0.0ms
[2025-11-08T14:59:31.233+0000][gc,phases     ] GC(871)   Evacuate Collection Set: 15.8ms
[2025-11-08T14:59:31.233+0000][gc,phases     ] GC(871)   Post Evacuate Collection Set: 1.3ms
[2025-11-08T14:59:31.237+0000][gc,phases     ] GC(871)   Other: 1.2ms
[2025-11-08T14:59:31.237+0000][gc,heap       ] GC(871) Eden regions: 30->0(31)
[2025-11-08T14:59:31.237+0000][gc,heap       ] GC(871) Survivor regions: 3->3(5)
[2025-11-08T14:59:31.238+0000][gc,heap       ] GC(871) Old regions: 75->75
[2025-11-08T14:59:31.238+0000][gc,heap       ] GC(871) Humongous regions: 147->147
[2025-11-08T14:59:31.239+0000][gc,metaspace  ] GC(871) Metaspace: 52283K(55472K)->52283K(55472K) NonClass: 46495K(48304K)->46495K(48304K) Class: 5787K(7168K)->5787K(7168K)
[2025-11-08T14:59:31.239+0000][gc            ] GC(871) Pause Young (Normal) (G1 Evacuation Pause) 254M->224M(667M) 27.046ms
[2025-11-08T14:59:31.240+0000][gc,cpu        ] GC(871) User=0.03s Sys=0.00s Real=0.03s
[2025-11-08T14:59:33.452+0000][gc,start      ] GC(872) Pause Young (Normal) (G1 Evacuation Pause)
[2025-11-08T14:59:33.453+0000][gc,task       ] GC(872) Using 2 workers of 2 for evacuation
[2025-11-08T14:59:33.472+0000][gc,phases     ] GC(872)   Pre Evacuate Collection Set: 0.0ms
[2025-11-08T14:59:33.473+0000][gc,phases     ] GC(872)   Evacuate Collection Set: 17.0ms
[2025-11-08T14:59:33.474+0000][gc,phases     ] GC(872)   Post Evacuate Collection Set: 1.7ms
[2025-11-08T14:59:33.475+0000][gc,phases     ] GC(872)   Other: 1.4ms
[2025-11-08T14:59:33.475+0000][gc,heap       ] GC(872) Eden regions: 31->0(31)
[2025-11-08T14:59:33.476+0000][gc,heap       ] GC(872) Survivor regions: 3->2(5)
[2025-11-08T14:59:33.477+0000][gc,heap       ] GC(872) Old regions: 75->75
[2025-11-08T14:59:33.480+0000][gc,heap       ] GC(872) Humongous regions: 147->147
[2025-11-08T14:59:33.481+0000][gc,metaspace  ] GC(872) Metaspace: 52283K(55472K)->52283K(55472K) NonClass: 46495K(48304K)->46495K(48304K) Class: 5787K(7168K)->5787K(7168K)
[2025-11-08T14:59:33.482+0000][gc            ] GC(872) Pause Young (Normal) (G1 Evacuation Pause) 255M->223M(667M) 29.332ms
[2025-11-08T14:59:33.482+0000][gc,cpu        ] GC(872) User=0.04s Sys=0.00s Real=0.03s
[2025-11-08T14:59:35.848+0000][gc,start      ] GC(873) Pause Young (Normal) (G1 Evacuation Pause)
[2025-11-08T14:59:35.849+0000][gc,task       ] GC(873) Using 2 workers of 2 for evacuation
[2025-11-08T14:59:35.866+0000][gc,phases     ] GC(873)   Pre Evacuate Collection Set: 0.0ms
[2025-11-08T14:59:35.866+0000][gc,phases     ] GC(873)   Evacuate Collection Set: 14.6ms
[2025-11-08T14:59:35.867+0000][gc,phases     ] GC(873)   Post Evacuate Collection Set: 1.9ms
[2025-11-08T14:59:35.867+0000][gc,phases     ] GC(873)   Other: 1.3ms
[2025-11-08T14:59:35.868+0000][gc,heap       ] GC(873) Eden regions: 31->0(32)
[2025-11-08T14:59:35.868+0000][gc,heap       ] GC(873) Survivor regions: 2->2(5)
[2025-11-08T14:59:35.869+0000][gc,heap       ] GC(873) Old regions: 75->75
[2025-11-08T14:59:35.871+0000][gc,heap       ] GC(873) Humongous regions: 147->147
[2025-11-08T14:59:35.872+0000][gc,metaspace  ] GC(873) Metaspace: 52283K(55472K)->52283K(55472K) NonClass: 46495K(48304K)->46495K(48304K) Class: 5787K(7168K)->5787K(7168K)
[2025-11-08T14:59:35.872+0000][gc            ] GC(873) Pause Young (Normal) (G1 Evacuation Pause) 254M->223M(667M) 23.712ms
[2025-11-08T14:59:35.872+0000][gc,cpu        ] GC(873) User=0.03s Sys=0.00s Real=0.03s
[2025-11-08T14:59:38.143+0000][gc,start      ] GC(874) Pause Young (Normal) (G1 Evacuation Pause)
[2025-11-08T14:59:38.144+0000][gc,task       ] GC(874) Using 2 workers of 2 for evacuation
[2025-11-08T14:59:38.156+0000][gc,phases     ] GC(874)   Pre Evacuate Collection Set: 0.0ms
[2025-11-08T14:59:38.161+0000][gc,phases     ] GC(874)   Evacuate Collection Set: 10.4ms
[2025-11-08T14:59:38.161+0000][gc,phases     ] GC(874)   Post Evacuate Collection Set: 1.4ms
[2025-11-08T14:59:38.162+0000][gc,phases     ] GC(874)   Other: 1.5ms
[2025-11-08T14:59:38.162+0000][gc,heap       ] GC(874) Eden regions: 31->0(34)
[2025-11-08T14:59:38.162+0000][gc,heap       ] GC(874) Survivor regions: 2->2(5)
[2025-11-08T14:59:38.163+0000][gc,heap       ] GC(874) Old regions: 75->75
[2025-11-08T14:59:38.163+0000][gc,heap       ] GC(874) Humongous regions: 147->147
[2025-11-08T14:59:38.163+0000][gc,metaspace  ] GC(874) Metaspace: 52283K(55472K)->52283K(55472K) NonClass: 46495K(48304K)->46495K(48304K) Class: 5787K(7168K)->5787K(7168K)
[2025-11-08T14:59:38.164+0000][gc            ] GC(874) Pause Young (Normal) (G1 Evacuation Pause) 254M->223M(667M) 20.606ms
[2025-11-08T14:59:38.164+0000][gc,cpu        ] GC(874) User=0.02s Sys=0.00s Real=0.02s
[2025-11-08T14:59:40.902+0000][gc,start      ] GC(875) Pause Young (Normal) (G1 Evacuation Pause)
[2025-11-08T14:59:40.903+0000][gc,task       ] GC(875) Using 2 workers of 2 for evacuation
[2025-11-08T14:59:40.919+0000][gc,phases     ] GC(875)   Pre Evacuate Collection Set: 0.0ms
[2025-11-08T14:59:40.919+0000][gc,phases     ] GC(875)   Evacuate Collection Set: 13.4ms
[2025-11-08T14:59:40.920+0000][gc,phases     ] GC(875)   Post Evacuate Collection Set: 1.5ms
[2025-11-08T14:59:40.920+0000][gc,phases     ] GC(875)   Other: 1.5ms
[2025-11-08T14:59:40.920+0000][gc,heap       ] GC(875) Eden regions: 34->0(36)
[2025-11-08T14:59:40.921+0000][gc,heap       ] GC(875) Survivor regions: 2->2(5)
[2025-11-08T14:59:40.921+0000][gc,heap       ] GC(875) Old regions: 75->75
[2025-11-08T14:59:40.922+0000][gc,heap       ] GC(875) Humongous regions: 147->147
[2025-11-08T14:59:40.922+0000][gc,metaspace  ] GC(875) Metaspace: 52283K(55472K)->52283K(55472K) NonClass: 46495K(48304K)->46495K(48304K) Class: 5787K(7168K)->5787K(7168K)
[2025-11-08T14:59:40.923+0000][gc            ] GC(875) Pause Young (Normal) (G1 Evacuation Pause) 257M->223M(667M) 20.225ms
[2025-11-08T14:59:40.923+0000][gc,cpu        ] GC(875) User=0.03s Sys=0.00s Real=0.02s
[2025-11-08T14:59:43.952+0000][gc,start      ] GC(876) Pause Young (Normal) (G1 Evacuation Pause)
[2025-11-08T14:59:43.953+0000][gc,task       ] GC(876) Using 2 workers of 2 for evacuation
[2025-11-08T14:59:43.972+0000][gc,phases     ] GC(876)   Pre Evacuate Collection Set: 0.0ms
[2025-11-08T14:59:43.972+0000][gc,phases     ] GC(876)   Evacuate Collection Set: 16.8ms
[2025-11-08T14:59:43.972+0000][gc,phases     ] GC(876)   Post Evacuate Collection Set: 1.7ms
[2025-11-08T14:59:43.973+0000][gc,phases     ] GC(876)   Other: 1.3ms
[2025-11-08T14:59:43.973+0000][gc,heap       ] GC(876) Eden regions: 36->0(36)
[2025-11-08T14:59:43.973+0000][gc,heap       ] GC(876) Survivor regions: 2->2(5)
[2025-11-08T14:59:43.974+0000][gc,heap       ] GC(876) Old regions: 75->75
[2025-11-08T14:59:43.974+0000][gc,heap       ] GC(876) Humongous regions: 147->147
[2025-11-08T14:59:43.975+0000][gc,metaspace  ] GC(876) Metaspace: 52283K(55472K)->52283K(55472K) NonClass: 46495K(48304K)->46495K(48304K) Class: 5787K(7168K)->5787K(7168K)
[2025-11-08T14:59:43.975+0000][gc            ] GC(876) Pause Young (Normal) (G1 Evacuation Pause) 259M->223M(667M) 23.100ms
[2025-11-08T14:59:43.976+0000][gc,cpu        ] GC(876) User=0.03s Sys=0.00s Real=0.02s
[2025-11-08T14:59:46.270+0000][gc,start      ] GC(877) Pause Young (Normal) (G1 Evacuation Pause)
[2025-11-08T14:59:46.271+0000][gc,task       ] GC(877) Using 2 workers of 2 for evacuation
[2025-11-08T14:59:46.288+0000][gc,phases     ] GC(877)   Pre Evacuate Collection Set: 0.0ms
[2025-11-08T14:59:46.289+0000][gc,phases     ] GC(877)   Evacuate Collection Set: 15.8ms
[2025-11-08T14:59:46.289+0000][gc,phases     ] GC(877)   Post Evacuate Collection Set: 1.3ms
[2025-11-08T14:59:46.290+0000][gc,phases     ] GC(877)   Other: 1.2ms
[2025-11-08T14:59:46.290+0000][gc,heap       ] GC(877) Eden regions: 31->0(34)
[2025-11-08T14:59:46.291+0000][gc,heap       ] GC(877) Survivor regions: 2->2(5)
[2025-11-08T14:59:46.291+0000][gc,heap       ] GC(877) Old regions: 75->75
[2025-11-08T14:59:46.291+0000][gc,heap       ] GC(877) Humongous regions: 147->147
[2025-11-08T14:59:46.292+0000][gc,metaspace  ] GC(877) Metaspace: 52283K(55472K)->52283K(55472K) NonClass: 46495K(48304K)->46495K(48304K) Class: 5787K(7168K)->5787K(7168K)
[2025-11-08T14:59:46.292+0000][gc            ] GC(877) Pause Young (Normal) (G1 Evacuation Pause) 254M->223M(667M) 22.289ms
[2025-11-08T14:59:46.293+0000][gc,cpu        ] GC(877) User=0.03s Sys=0.00s Real=0.02s
[2025-11-08T14:59:48.574+0000][gc,start      ] GC(878) Pause Young (Normal) (G1 Evacuation Pause)
[2025-11-08T14:59:48.575+0000][gc,task       ] GC(878) Using 2 workers of 2 for evacuation
[2025-11-08T14:59:48.595+0000][gc,phases     ] GC(878)   Pre Evacuate Collection Set: 0.0ms
[2025-11-08T14:59:48.599+0000][gc,phases     ] GC(878)   Evacuate Collection Set: 16.7ms
[2025-11-08T14:59:48.599+0000][gc,phases     ] GC(878)   Post Evacuate Collection Set: 2.0ms
[2025-11-08T14:59:48.599+0000][gc,phases     ] GC(878)   Other: 2.2ms
[2025-11-08T14:59:48.600+0000][gc,heap       ] GC(878) Eden regions: 31->0(33)
[2025-11-08T14:59:48.601+0000][gc,heap       ] GC(878) Survivor regions: 2->2(5)
[2025-11-08T14:59:48.601+0000][gc,heap       ] GC(878) Old regions: 75->75
[2025-11-08T14:59:48.601+0000][gc,heap       ] GC(878) Humongous regions: 147->147
[2025-11-08T14:59:48.602+0000][gc,metaspace  ] GC(878) Metaspace: 52283K(55472K)->52283K(55472K) NonClass: 46495K(48304K)->46495K(48304K) Class: 5787K(7168K)->5787K(7168K)
[2025-11-08T14:59:48.603+0000][gc            ] GC(878) Pause Young (Normal) (G1 Evacuation Pause) 254M->223M(667M) 28.632ms
[2025-11-08T14:59:48.603+0000][gc,cpu        ] GC(878) User=0.04s Sys=0.00s Real=0.03s
[2025-11-08T14:59:50.924+0000][gc,start      ] GC(879) Pause Young (Normal) (G1 Evacuation Pause)
[2025-11-08T14:59:50.924+0000][gc,task       ] GC(879) Using 2 workers of 2 for evacuation
[2025-11-08T14:59:50.944+0000][gc,phases     ] GC(879)   Pre Evacuate Collection Set: 0.0ms
[2025-11-08T14:59:50.945+0000][gc,phases     ] GC(879)   Evacuate Collection Set: 17.7ms
[2025-11-08T14:59:50.945+0000][gc,phases     ] GC(879)   Post Evacuate Collection Set: 1.3ms
[2025-11-08T14:59:50.945+0000][gc,phases     ] GC(879)   Other: 1.7ms
[2025-11-08T14:59:50.946+0000][gc,heap       ] GC(879) Eden regions: 31->0(32)
[2025-11-08T14:59:50.946+0000][gc,heap       ] GC(879) Survivor regions: 2->3(5)
[2025-11-08T14:59:50.947+0000][gc,heap       ] GC(879) Old regions: 75->75
[2025-11-08T14:59:50.947+0000][gc,heap       ] GC(879) Humongous regions: 147->147
[2025-11-08T14:59:50.947+0000][gc,metaspace  ] GC(879) Metaspace: 52283K(55472K)->52283K(55472K) NonClass: 46495K(48304K)->46495K(48304K) Class: 5787K(7168K)->5787K(7168K)
[2025-11-08T14:59:50.948+0000][gc            ] GC(879) Pause Young (Normal) (G1 Evacuation Pause) 254M->224M(667M) 24.122ms
[2025-11-08T14:59:50.948+0000][gc,cpu        ] GC(879) User=0.03s Sys=0.00s Real=0.02s
[2025-11-08T14:59:53.202+0000][gc,start      ] GC(880) Pause Young (Normal) (G1 Evacuation Pause)
[2025-11-08T14:59:53.203+0000][gc,task       ] GC(880) Using 2 workers of 2 for evacuation
[2025-11-08T14:59:53.221+0000][gc,phases     ] GC(880)   Pre Evacuate Collection Set: 0.0ms
[2025-11-08T14:59:53.222+0000][gc,phases     ] GC(880)   Evacuate Collection Set: 16.5ms
[2025-11-08T14:59:53.222+0000][gc,phases     ] GC(880)   Post Evacuate Collection Set: 1.1ms
[2025-11-08T14:59:53.223+0000][gc,phases     ] GC(880)   Other: 1.5ms
[2025-11-08T14:59:53.223+0000][gc,heap       ] GC(880) Eden regions: 30->0(32)
[2025-11-08T14:59:53.224+0000][gc,heap       ] GC(880) Survivor regions: 3->3(5)
[2025-11-08T14:59:53.224+0000][gc,heap       ] GC(880) Old regions: 75->76
[2025-11-08T14:59:53.224+0000][gc,heap       ] GC(880) Humongous regions: 147->147
[2025-11-08T14:59:53.225+0000][gc,metaspace  ] GC(880) Metaspace: 52283K(55472K)->52283K(55472K) NonClass: 46495K(48304K)->46495K(48304K) Class: 5787K(7168K)->5787K(7168K)
[2025-11-08T14:59:53.225+0000][gc            ] GC(880) Pause Young (Normal) (G1 Evacuation Pause) 254M->224M(667M) 22.901ms
[2025-11-08T14:59:53.226+0000][gc,cpu        ] GC(880) User=0.04s Sys=0.00s Real=0.02s
[2025-11-08T14:59:55.808+0000][gc,start      ] GC(881) Pause Young (Normal) (G1 Evacuation Pause)
[2025-11-08T14:59:55.809+0000][gc,task       ] GC(881) Using 2 workers of 2 for evacuation
[2025-11-08T14:59:55.834+0000][gc,mmu        ] GC(881) MMU target violated: 21.0ms (20.0ms/21.0ms)
[2025-11-08T14:59:55.854+0000][gc,phases     ] GC(881)   Pre Evacuate Collection Set: 0.0ms
[2025-11-08T14:59:55.856+0000][gc,phases     ] GC(881)   Evacuate Collection Set: 20.1ms
[2025-11-08T14:59:55.857+0000][gc,phases     ] GC(881)   Post Evacuate Collection Set: 3.8ms
[2025-11-08T14:59:55.857+0000][gc,phases     ] GC(881)   Other: 21.5ms
[2025-11-08T14:59:55.857+0000][gc,heap       ] GC(881) Eden regions: 32->0(31)
[2025-11-08T14:59:55.858+0000][gc,heap       ] GC(881) Survivor regions: 3->2(5)
[2025-11-08T14:59:55.858+0000][gc,heap       ] GC(881) Old regions: 76->76
[2025-11-08T14:59:55.858+0000][gc,heap       ] GC(881) Humongous regions: 147->147
[2025-11-08T14:59:55.859+0000][gc,metaspace  ] GC(881) Metaspace: 52283K(55472K)->52283K(55472K) NonClass: 46495K(48304K)->46495K(48304K) Class: 5787K(7168K)->5787K(7168K)
[2025-11-08T14:59:55.859+0000][gc            ] GC(881) Pause Young (Normal) (G1 Evacuation Pause) 256M->224M(667M) 51.018ms
[2025-11-08T14:59:55.859+0000][gc,cpu        ] GC(881) User=0.04s Sys=0.00s Real=0.06s
[2025-11-08T14:59:58.412+0000][gc,start      ] GC(882) Pause Young (Normal) (G1 Evacuation Pause)
[2025-11-08T14:59:58.417+0000][gc,task       ] GC(882) Using 2 workers of 2 for evacuation
[2025-11-08T14:59:58.434+0000][gc,phases     ] GC(882)   Pre Evacuate Collection Set: 0.0ms
[2025-11-08T14:59:58.435+0000][gc,phases     ] GC(882)   Evacuate Collection Set: 14.8ms
[2025-11-08T14:59:58.435+0000][gc,phases     ] GC(882)   Post Evacuate Collection Set: 1.4ms
[2025-11-08T14:59:58.435+0000][gc,phases     ] GC(882)   Other: 5.7ms
[2025-11-08T14:59:58.436+0000][gc,heap       ] GC(882) Eden regions: 31->0(31)
[2025-11-08T14:59:58.436+0000][gc,heap       ] GC(882) Survivor regions: 2->2(5)
[2025-11-08T14:59:58.436+0000][gc,heap       ] GC(882) Old regions: 76->76
[2025-11-08T14:59:58.437+0000][gc,heap       ] GC(882) Humongous regions: 147->147
[2025-11-08T14:59:58.437+0000][gc,metaspace  ] GC(882) Metaspace: 52283K(55472K)->52283K(55472K) NonClass: 46495K(48304K)->46495K(48304K) Class: 5787K(7168K)->5787K(7168K)
[2025-11-08T14:59:58.437+0000][gc            ] GC(882) Pause Young (Normal) (G1 Evacuation Pause) 255M->224M(667M) 24.898ms
[2025-11-08T14:59:58.438+0000][gc,cpu        ] GC(882) User=0.03s Sys=0.00s Real=0.02s
[2025-11-08T15:00:01.289+0000][gc,start      ] GC(883) Pause Young (Normal) (G1 Evacuation Pause)
[2025-11-08T15:00:01.290+0000][gc,task       ] GC(883) Using 2 workers of 2 for evacuation
[2025-11-08T15:00:01.341+0000][gc,mmu        ] GC(883) MMU target violated: 21.0ms (20.0ms/21.0ms)
[2025-11-08T15:00:01.343+0000][gc,phases     ] GC(883)   Pre Evacuate Collection Set: 0.0ms
[2025-11-08T15:00:01.344+0000][gc,phases     ] GC(883)   Evacuate Collection Set: 48.8ms
[2025-11-08T15:00:01.344+0000][gc,phases     ] GC(883)   Post Evacuate Collection Set: 1.6ms
[2025-11-08T15:00:01.346+0000][gc,phases     ] GC(883)   Other: 4.2ms
[2025-11-08T15:00:01.347+0000][gc,heap       ] GC(883) Eden regions: 31->0(31)
[2025-11-08T15:00:01.351+0000][gc,heap       ] GC(883) Survivor regions: 2->2(5)
[2025-11-08T15:00:01.351+0000][gc,heap       ] GC(883) Old regions: 76->76
[2025-11-08T15:00:01.352+0000][gc,heap       ] GC(883) Humongous regions: 147->147
[2025-11-08T15:00:01.353+0000][gc,metaspace  ] GC(883) Metaspace: 52283K(55472K)->52283K(55472K) NonClass: 46495K(48304K)->46495K(48304K) Class: 5787K(7168K)->5787K(7168K)
[2025-11-08T15:00:01.354+0000][gc            ] GC(883) Pause Young (Normal) (G1 Evacuation Pause) 255M->223M(667M) 64.955ms
[2025-11-08T15:00:01.354+0000][gc,cpu        ] GC(883) User=0.07s Sys=0.01s Real=0.07s
[2025-11-08T15:00:03.822+0000][gc,start      ] GC(884) Pause Young (Normal) (G1 Evacuation Pause)
[2025-11-08T15:00:03.823+0000][gc,task       ] GC(884) Using 2 workers of 2 for evacuation
[2025-11-08T15:00:03.844+0000][gc,mmu        ] GC(884) MMU target violated: 21.0ms (20.0ms/21.0ms)
[2025-11-08T15:00:03.845+0000][gc,phases     ] GC(884)   Pre Evacuate Collection Set: 0.1ms
[2025-11-08T15:00:03.845+0000][gc,phases     ] GC(884)   Evacuate Collection Set: 18.9ms
[2025-11-08T15:00:03.846+0000][gc,phases     ] GC(884)   Post Evacuate Collection Set: 1.8ms
[2025-11-08T15:00:03.846+0000][gc,phases     ] GC(884)   Other: 1.7ms
[2025-11-08T15:00:03.846+0000][gc,heap       ] GC(884) Eden regions: 31->0(29)
[2025-11-08T15:00:03.847+0000][gc,heap       ] GC(884) Survivor regions: 2->4(5)
[2025-11-08T15:00:03.847+0000][gc,heap       ] GC(884) Old regions: 76->76
[2025-11-08T15:00:03.847+0000][gc,heap       ] GC(884) Humongous regions: 147->147
[2025-11-08T15:00:03.848+0000][gc,metaspace  ] GC(884) Metaspace: 52283K(55472K)->52283K(55472K) NonClass: 46495K(48304K)->46495K(48304K) Class: 5787K(7168K)->5787K(7168K)
[2025-11-08T15:00:03.848+0000][gc            ] GC(884) Pause Young (Normal) (G1 Evacuation Pause) 254M->225M(667M) 25.665ms
[2025-11-08T15:00:03.848+0000][gc,cpu        ] GC(884) User=0.04s Sys=0.00s Real=0.02s
[2025-11-08T15:00:06.035+0000][gc,start      ] GC(885) Pause Young (Normal) (G1 Evacuation Pause)
[2025-11-08T15:00:06.035+0000][gc,task       ] GC(885) Using 2 workers of 2 for evacuation
[2025-11-08T15:00:06.055+0000][gc,phases     ] GC(885)   Pre Evacuate Collection Set: 0.0ms
[2025-11-08T15:00:06.055+0000][gc,phases     ] GC(885)   Evacuate Collection Set: 17.1ms
[2025-11-08T15:00:06.056+0000][gc,phases     ] GC(885)   Post Evacuate Collection Set: 1.5ms
[2025-11-08T15:00:06.060+0000][gc,phases     ] GC(885)   Other: 1.2ms
[2025-11-08T15:00:06.061+0000][gc,heap       ] GC(885) Eden regions: 29->0(30)
[2025-11-08T15:00:06.062+0000][gc,heap       ] GC(885) Survivor regions: 4->3(5)
[2025-11-08T15:00:06.065+0000][gc,heap       ] GC(885) Old regions: 76->76
[2025-11-08T15:00:06.065+0000][gc,heap       ] GC(885) Humongous regions: 147->147
[2025-11-08T15:00:06.066+0000][gc,metaspace  ] GC(885) Metaspace: 52283K(55472K)->52283K(55472K) NonClass: 46495K(48304K)->46495K(48304K) Class: 5787K(7168K)->5787K(7168K)
[2025-11-08T15:00:06.066+0000][gc            ] GC(885) Pause Young (Normal) (G1 Evacuation Pause) 254M->225M(667M) 31.271ms
[2025-11-08T15:00:06.067+0000][gc,cpu        ] GC(885) User=0.04s Sys=0.00s Real=0.03s
[2025-11-08T15:00:08.582+0000][gc,start      ] GC(886) Pause Young (Normal) (G1 Evacuation Pause)
[2025-11-08T15:00:08.582+0000][gc,task       ] GC(886) Using 2 workers of 2 for evacuation
[2025-11-08T15:00:08.607+0000][gc,mmu        ] GC(886) MMU target violated: 21.0ms (20.0ms/21.0ms)
[2025-11-08T15:00:08.608+0000][gc,phases     ] GC(886)   Pre Evacuate Collection Set: 0.0ms
[2025-11-08T15:00:08.608+0000][gc,phases     ] GC(886)   Evacuate Collection Set: 16.0ms
[2025-11-08T15:00:08.609+0000][gc,phases     ] GC(886)   Post Evacuate Collection Set: 7.5ms
[2025-11-08T15:00:08.610+0000][gc,phases     ] GC(886)   Other: 2.4ms
[2025-11-08T15:00:08.613+0000][gc,heap       ] GC(886) Eden regions: 30->0(31)
[2025-11-08T15:00:08.614+0000][gc,heap       ] GC(886) Survivor regions: 3->2(5)
[2025-11-08T15:00:08.615+0000][gc,heap       ] GC(886) Old regions: 76->76
[2025-11-08T15:00:08.615+0000][gc,heap       ] GC(886) Humongous regions: 147->147
[2025-11-08T15:00:08.616+0000][gc,metaspace  ] GC(886) Metaspace: 52283K(55472K)->52283K(55472K) NonClass: 46495K(48304K)->46495K(48304K) Class: 5787K(7168K)->5787K(7168K)
[2025-11-08T15:00:08.620+0000][gc            ] GC(886) Pause Young (Normal) (G1 Evacuation Pause) 255M->224M(667M) 37.821ms
[2025-11-08T15:00:08.621+0000][gc,cpu        ] GC(886) User=0.04s Sys=0.00s Real=0.04s
[2025-11-08T15:00:11.279+0000][gc,start      ] GC(887) Pause Young (Normal) (G1 Evacuation Pause)
[2025-11-08T15:00:11.280+0000][gc,task       ] GC(887) Using 2 workers of 2 for evacuation
[2025-11-08T15:00:11.293+0000][gc,phases     ] GC(887)   Pre Evacuate Collection Set: 0.0ms
[2025-11-08T15:00:11.293+0000][gc,phases     ] GC(887)   Evacuate Collection Set: 10.9ms
[2025-11-08T15:00:11.294+0000][gc,phases     ] GC(887)   Post Evacuate Collection Set: 1.2ms
[2025-11-08T15:00:11.294+0000][gc,phases     ] GC(887)   Other: 1.8ms
[2025-11-08T15:00:11.294+0000][gc,heap       ] GC(887) Eden regions: 31->0(31)
[2025-11-08T15:00:11.294+0000][gc,heap       ] GC(887) Survivor regions: 2->2(5)
[2025-11-08T15:00:11.295+0000][gc,heap       ] GC(887) Old regions: 76->76
[2025-11-08T15:00:11.296+0000][gc,heap       ] GC(887) Humongous regions: 147->147
[2025-11-08T15:00:11.296+0000][gc,metaspace  ] GC(887) Metaspace: 52283K(55472K)->52283K(55472K) NonClass: 46495K(48304K)->46495K(48304K) Class: 5787K(7168K)->5787K(7168K)
[2025-11-08T15:00:11.297+0000][gc            ] GC(887) Pause Young (Normal) (G1 Evacuation Pause) 255M->224M(667M) 17.893ms
[2025-11-08T15:00:11.297+0000][gc,cpu        ] GC(887) User=0.02s Sys=0.00s Real=0.02s
[2025-11-08T15:00:13.573+0000][gc,start      ] GC(888) Pause Young (Normal) (G1 Evacuation Pause)
[2025-11-08T15:00:13.573+0000][gc,task       ] GC(888) Using 2 workers of 2 for evacuation
[2025-11-08T15:00:13.587+0000][gc,phases     ] GC(888)   Pre Evacuate Collection Set: 0.0ms
[2025-11-08T15:00:13.587+0000][gc,phases     ] GC(888)   Evacuate Collection Set: 11.6ms
[2025-11-08T15:00:13.588+0000][gc,phases     ] GC(888)   Post Evacuate Collection Set: 1.4ms
[2025-11-08T15:00:13.588+0000][gc,phases     ] GC(888)   Other: 0.8ms
[2025-11-08T15:00:13.588+0000][gc,heap       ] GC(888) Eden regions: 31->0(32)
[2025-11-08T15:00:13.589+0000][gc,heap       ] GC(888) Survivor regions: 2->1(5)
[2025-11-08T15:00:13.589+0000][gc,heap       ] GC(888) Old regions: 76->76
[2025-11-08T15:00:13.589+0000][gc,heap       ] GC(888) Humongous regions: 147->147
[2025-11-08T15:00:13.590+0000][gc,metaspace  ] GC(888) Metaspace: 52283K(55472K)->52283K(55472K) NonClass: 46495K(48304K)->46495K(48304K) Class: 5787K(7168K)->5787K(7168K)
[2025-11-08T15:00:13.590+0000][gc            ] GC(888) Pause Young (Normal) (G1 Evacuation Pause) 255M->223M(667M) 17.074ms
[2025-11-08T15:00:13.590+0000][gc,cpu        ] GC(888) User=0.03s Sys=0.00s Real=0.02s
[2025-11-08T15:00:16.193+0000][gc,start      ] GC(889) Pause Young (Normal) (G1 Evacuation Pause)
[2025-11-08T15:00:16.194+0000][gc,task       ] GC(889) Using 2 workers of 2 for evacuation
[2025-11-08T15:00:16.211+0000][gc,phases     ] GC(889)   Pre Evacuate Collection Set: 0.0ms
[2025-11-08T15:00:16.211+0000][gc,phases     ] GC(889)   Evacuate Collection Set: 15.0ms
[2025-11-08T15:00:16.212+0000][gc,phases     ] GC(889)   Post Evacuate Collection Set: 1.3ms
[2025-11-08T15:00:16.212+0000][gc,phases     ] GC(889)   Other: 1.2ms
[2025-11-08T15:00:16.213+0000][gc,heap       ] GC(889) Eden regions: 32->0(30)
[2025-11-08T15:00:16.213+0000][gc,heap       ] GC(889) Survivor regions: 1->3(5)
[2025-11-08T15:00:16.214+0000][gc,heap       ] GC(889) Old regions: 76->76
[2025-11-08T15:00:16.214+0000][gc,heap       ] GC(889) Humongous regions: 147->147
[2025-11-08T15:00:16.215+0000][gc,metaspace  ] GC(889) Metaspace: 52283K(55472K)->52283K(55472K) NonClass: 46495K(48304K)->46495K(48304K) Class: 5787K(7168K)->5787K(7168K)
[2025-11-08T15:00:16.215+0000][gc            ] GC(889) Pause Young (Normal) (G1 Evacuation Pause) 255M->225M(667M) 21.563ms
[2025-11-08T15:00:16.215+0000][gc,cpu        ] GC(889) User=0.03s Sys=0.00s Real=0.02s
[2025-11-08T15:00:18.581+0000][gc,start      ] GC(890) Pause Young (Normal) (G1 Evacuation Pause)
[2025-11-08T15:00:18.582+0000][gc,task       ] GC(890) Using 2 workers of 2 for evacuation
[2025-11-08T15:00:18.602+0000][gc,phases     ] GC(890)   Pre Evacuate Collection Set: 0.0ms
[2025-11-08T15:00:18.603+0000][gc,phases     ] GC(890)   Evacuate Collection Set: 18.1ms
[2025-11-08T15:00:18.603+0000][gc,phases     ] GC(890)   Post Evacuate Collection Set: 1.2ms
[2025-11-08T15:00:18.604+0000][gc,phases     ] GC(890)   Other: 1.4ms
[2025-11-08T15:00:18.606+0000][gc,heap       ] GC(890) Eden regions: 30->0(30)
[2025-11-08T15:00:18.607+0000][gc,heap       ] GC(890) Survivor regions: 3->3(5)
[2025-11-08T15:00:18.607+0000][gc,heap       ] GC(890) Old regions: 76->77
[2025-11-08T15:00:18.609+0000][gc,heap       ] GC(890) Humongous regions: 147->147
[2025-11-08T15:00:18.609+0000][gc,metaspace  ] GC(890) Metaspace: 52283K(55472K)->52283K(55472K) NonClass: 46495K(48304K)->46495K(48304K) Class: 5787K(7168K)->5787K(7168K)
[2025-11-08T15:00:18.609+0000][gc            ] GC(890) Pause Young (Normal) (G1 Evacuation Pause) 255M->225M(667M) 28.115ms
[2025-11-08T15:00:18.610+0000][gc,cpu        ] GC(890) User=0.04s Sys=0.00s Real=0.03s
[2025-11-08T15:00:21.066+0000][gc,start      ] GC(891) Pause Young (Normal) (G1 Evacuation Pause)
[2025-11-08T15:00:21.067+0000][gc,task       ] GC(891) Using 2 workers of 2 for evacuation
[2025-11-08T15:00:21.083+0000][gc,phases     ] GC(891)   Pre Evacuate Collection Set: 0.0ms
[2025-11-08T15:00:21.084+0000][gc,phases     ] GC(891)   Evacuate Collection Set: 13.7ms
[2025-11-08T15:00:21.084+0000][gc,phases     ] GC(891)   Post Evacuate Collection Set: 1.6ms
[2025-11-08T15:00:21.084+0000][gc,phases     ] GC(891)   Other: 1.1ms
[2025-11-08T15:00:21.085+0000][gc,heap       ] GC(891) Eden regions: 30->0(31)
[2025-11-08T15:00:21.085+0000][gc,heap       ] GC(891) Survivor regions: 3->2(5)
[2025-11-08T15:00:21.086+0000][gc,heap       ] GC(891) Old regions: 77->77
[2025-11-08T15:00:21.086+0000][gc,heap       ] GC(891) Humongous regions: 147->147
[2025-11-08T15:00:21.086+0000][gc,metaspace  ] GC(891) Metaspace: 52283K(55472K)->52283K(55472K) NonClass: 46495K(48304K)->46495K(48304K) Class: 5787K(7168K)->5787K(7168K)
[2025-11-08T15:00:21.087+0000][gc            ] GC(891) Pause Young (Normal) (G1 Evacuation Pause) 255M->225M(667M) 20.069ms
[2025-11-08T15:00:21.087+0000][gc,cpu        ] GC(891) User=0.03s Sys=0.00s Real=0.02s
[2025-11-08T15:00:23.354+0000][gc,start      ] GC(892) Pause Young (Normal) (G1 Evacuation Pause)
[2025-11-08T15:00:23.354+0000][gc,task       ] GC(892) Using 2 workers of 2 for evacuation
[2025-11-08T15:00:23.367+0000][gc,phases     ] GC(892)   Pre Evacuate Collection Set: 0.0ms
[2025-11-08T15:00:23.367+0000][gc,phases     ] GC(892)   Evacuate Collection Set: 11.0ms
[2025-11-08T15:00:23.367+0000][gc,phases     ] GC(892)   Post Evacuate Collection Set: 1.1ms
[2025-11-08T15:00:23.368+0000][gc,phases     ] GC(892)   Other: 0.8ms
[2025-11-08T15:00:23.368+0000][gc,heap       ] GC(892) Eden regions: 31->0(33)
[2025-11-08T15:00:23.368+0000][gc,heap       ] GC(892) Survivor regions: 2->2(5)
[2025-11-08T15:00:23.369+0000][gc,heap       ] GC(892) Old regions: 77->77
[2025-11-08T15:00:23.369+0000][gc,heap       ] GC(892) Humongous regions: 147->147
[2025-11-08T15:00:23.370+0000][gc,metaspace  ] GC(892) Metaspace: 52283K(55472K)->52283K(55472K) NonClass: 46495K(48304K)->46495K(48304K) Class: 5787K(7168K)->5787K(7168K)
[2025-11-08T15:00:23.370+0000][gc            ] GC(892) Pause Young (Normal) (G1 Evacuation Pause) 256M->224M(667M) 15.976ms
[2025-11-08T15:00:23.370+0000][gc,cpu        ] GC(892) User=0.03s Sys=0.00s Real=0.02s
[2025-11-08T15:00:25.780+0000][gc,start      ] GC(893) Pause Young (Normal) (G1 Evacuation Pause)
[2025-11-08T15:00:25.780+0000][gc,task       ] GC(893) Using 2 workers of 2 for evacuation
[2025-11-08T15:00:25.797+0000][gc,phases     ] GC(893)   Pre Evacuate Collection Set: 0.1ms
[2025-11-08T15:00:25.798+0000][gc,phases     ] GC(893)   Evacuate Collection Set: 14.5ms
[2025-11-08T15:00:25.798+0000][gc,phases     ] GC(893)   Post Evacuate Collection Set: 1.7ms
[2025-11-08T15:00:25.799+0000][gc,phases     ] GC(893)   Other: 1.2ms
[2025-11-08T15:00:25.799+0000][gc,heap       ] GC(893) Eden regions: 33->0(33)
[2025-11-08T15:00:25.800+0000][gc,heap       ] GC(893) Survivor regions: 2->2(5)
[2025-11-08T15:00:25.800+0000][gc,heap       ] GC(893) Old regions: 77->77
[2025-11-08T15:00:25.801+0000][gc,heap       ] GC(893) Humongous regions: 147->147
[2025-11-08T15:00:25.803+0000][gc,metaspace  ] GC(893) Metaspace: 52283K(55472K)->52283K(55472K) NonClass: 46495K(48304K)->46495K(48304K) Class: 5787K(7168K)->5787K(7168K)
[2025-11-08T15:00:25.803+0000][gc            ] GC(893) Pause Young (Normal) (G1 Evacuation Pause) 257M->224M(667M) 23.277ms
[2025-11-08T15:00:25.804+0000][gc,cpu        ] GC(893) User=0.03s Sys=0.00s Real=0.02s
[2025-11-08T15:00:28.315+0000][gc,start      ] GC(894) Pause Young (Normal) (G1 Evacuation Pause)
[2025-11-08T15:00:28.315+0000][gc,task       ] GC(894) Using 2 workers of 2 for evacuation
[2025-11-08T15:00:28.330+0000][gc,phases     ] GC(894)   Pre Evacuate Collection Set: 0.0ms
[2025-11-08T15:00:28.330+0000][gc,phases     ] GC(894)   Evacuate Collection Set: 11.5ms
[2025-11-08T15:00:28.331+0000][gc,phases     ] GC(894)   Post Evacuate Collection Set: 2.3ms
[2025-11-08T15:00:28.332+0000][gc,phases     ] GC(894)   Other: 1.4ms
[2025-11-08T15:00:28.332+0000][gc,heap       ] GC(894) Eden regions: 31->0(34)
[2025-11-08T15:00:28.333+0000][gc,heap       ] GC(894) Survivor regions: 2->2(5)
[2025-11-08T15:00:28.333+0000][gc,heap       ] GC(894) Old regions: 77->77
[2025-11-08T15:00:28.333+0000][gc,heap       ] GC(894) Humongous regions: 147->147
[2025-11-08T15:00:28.334+0000][gc,metaspace  ] GC(894) Metaspace: 52283K(55472K)->52283K(55472K) NonClass: 46495K(48304K)->46495K(48304K) Class: 5787K(7168K)->5787K(7168K)
[2025-11-08T15:00:28.335+0000][gc            ] GC(894) Pause Young (Normal) (G1 Evacuation Pause) 255M->224M(667M) 20.058ms
[2025-11-08T15:00:28.335+0000][gc,cpu        ] GC(894) User=0.03s Sys=0.00s Real=0.02s
[2025-11-08T15:00:30.905+0000][gc,start      ] GC(895) Pause Young (Normal) (G1 Evacuation Pause)
[2025-11-08T15:00:30.906+0000][gc,task       ] GC(895) Using 2 workers of 2 for evacuation
[2025-11-08T15:00:30.932+0000][gc,mmu        ] GC(895) MMU target violated: 21.0ms (20.0ms/21.0ms)
[2025-11-08T15:00:30.936+0000][gc,phases     ] GC(895)   Pre Evacuate Collection Set: 0.0ms
[2025-11-08T15:00:30.936+0000][gc,phases     ] GC(895)   Evacuate Collection Set: 22.9ms
[2025-11-08T15:00:30.937+0000][gc,phases     ] GC(895)   Post Evacuate Collection Set: 2.5ms
[2025-11-08T15:00:30.937+0000][gc,phases     ] GC(895)   Other: 5.1ms
[2025-11-08T15:00:30.937+0000][gc,heap       ] GC(895) Eden regions: 34->0(32)
[2025-11-08T15:00:30.938+0000][gc,heap       ] GC(895) Survivor regions: 2->2(5)
[2025-11-08T15:00:30.938+0000][gc,heap       ] GC(895) Old regions: 77->77
[2025-11-08T15:00:30.939+0000][gc,heap       ] GC(895) Humongous regions: 147->147
[2025-11-08T15:00:30.939+0000][gc,metaspace  ] GC(895) Metaspace: 52283K(55472K)->52283K(55472K) NonClass: 46495K(48304K)->46495K(48304K) Class: 5787K(7168K)->5787K(7168K)
[2025-11-08T15:00:30.939+0000][gc            ] GC(895) Pause Young (Normal) (G1 Evacuation Pause) 258M->224M(667M) 34.083ms
[2025-11-08T15:00:30.940+0000][gc,cpu        ] GC(895) User=0.03s Sys=0.00s Real=0.03s
[2025-11-08T15:00:33.199+0000][gc,start      ] GC(896) Pause Young (Normal) (G1 Evacuation Pause)
[2025-11-08T15:00:33.199+0000][gc,task       ] GC(896) Using 2 workers of 2 for evacuation
[2025-11-08T15:00:33.214+0000][gc,phases     ] GC(896)   Pre Evacuate Collection Set: 0.0ms
[2025-11-08T15:00:33.215+0000][gc,phases     ] GC(896)   Evacuate Collection Set: 12.3ms
[2025-11-08T15:00:33.215+0000][gc,phases     ] GC(896)   Post Evacuate Collection Set: 1.6ms
[2025-11-08T15:00:33.215+0000][gc,phases     ] GC(896)   Other: 1.5ms
[2025-11-08T15:00:33.216+0000][gc,heap       ] GC(896) Eden regions: 31->0(32)
[2025-11-08T15:00:33.216+0000][gc,heap       ] GC(896) Survivor regions: 2->3(5)
[2025-11-08T15:00:33.216+0000][gc,heap       ] GC(896) Old regions: 77->77
[2025-11-08T15:00:33.217+0000][gc,heap       ] GC(896) Humongous regions: 147->147
[2025-11-08T15:00:33.217+0000][gc,metaspace  ] GC(896) Metaspace: 52283K(55472K)->52283K(55472K) NonClass: 46495K(48304K)->46495K(48304K) Class: 5787K(7168K)->5787K(7168K)
[2025-11-08T15:00:33.217+0000][gc            ] GC(896) Pause Young (Normal) (G1 Evacuation Pause) 255M->226M(667M) 18.627ms
[2025-11-08T15:00:33.218+0000][gc,cpu        ] GC(896) User=0.03s Sys=0.00s Real=0.02s
[2025-11-08T15:00:35.364+0000][gc,start      ] GC(897) Pause Young (Normal) (G1 Evacuation Pause)
[2025-11-08T15:00:35.364+0000][gc,task       ] GC(897) Using 2 workers of 2 for evacuation
[2025-11-08T15:00:35.385+0000][gc,mmu        ] GC(897) MMU target violated: 20.0ms (20.0ms/21.0ms)
[2025-11-08T15:00:35.388+0000][gc,phases     ] GC(897)   Pre Evacuate Collection Set: 0.0ms
[2025-11-08T15:00:35.388+0000][gc,phases     ] GC(897)   Evacuate Collection Set: 18.2ms
[2025-11-08T15:00:35.388+0000][gc,phases     ] GC(897)   Post Evacuate Collection Set: 1.3ms
[2025-11-08T15:00:35.389+0000][gc,phases     ] GC(897)   Other: 4.8ms
[2025-11-08T15:00:35.390+0000][gc,heap       ] GC(897) Eden regions: 30->0(31)
[2025-11-08T15:00:35.391+0000][gc,heap       ] GC(897) Survivor regions: 3->3(5)
[2025-11-08T15:00:35.391+0000][gc,heap       ] GC(897) Old regions: 77->77
[2025-11-08T15:00:35.392+0000][gc,heap       ] GC(897) Humongous regions: 147->147
[2025-11-08T15:00:35.394+0000][gc,metaspace  ] GC(897) Metaspace: 52283K(55472K)->52283K(55472K) NonClass: 46495K(48304K)->46495K(48304K) Class: 5787K(7168K)->5787K(7168K)
[2025-11-08T15:00:35.394+0000][gc            ] GC(897) Pause Young (Normal) (G1 Evacuation Pause) 256M->225M(667M) 30.436ms
[2025-11-08T15:00:35.396+0000][gc,cpu        ] GC(897) User=0.05s Sys=0.00s Real=0.03s
[2025-11-08T15:00:37.604+0000][gc,start      ] GC(898) Pause Young (Normal) (G1 Evacuation Pause)
[2025-11-08T15:00:37.604+0000][gc,task       ] GC(898) Using 2 workers of 2 for evacuation
[2025-11-08T15:00:37.615+0000][gc,phases     ] GC(898)   Pre Evacuate Collection Set: 0.0ms
[2025-11-08T15:00:37.615+0000][gc,phases     ] GC(898)   Evacuate Collection Set: 9.5ms
[2025-11-08T15:00:37.615+0000][gc,phases     ] GC(898)   Post Evacuate Collection Set: 1.0ms
[2025-11-08T15:00:37.616+0000][gc,phases     ] GC(898)   Other: 0.6ms
[2025-11-08T15:00:37.616+0000][gc,heap       ] GC(898) Eden regions: 31->0(33)
[2025-11-08T15:00:37.616+0000][gc,heap       ] GC(898) Survivor regions: 3->2(5)
[2025-11-08T15:00:37.617+0000][gc,heap       ] GC(898) Old regions: 77->77
[2025-11-08T15:00:37.617+0000][gc,heap       ] GC(898) Humongous regions: 147->147
[2025-11-08T15:00:37.617+0000][gc,metaspace  ] GC(898) Metaspace: 52283K(55472K)->52283K(55472K) NonClass: 46495K(48304K)->46495K(48304K) Class: 5787K(7168K)->5787K(7168K)
[2025-11-08T15:00:37.618+0000][gc            ] GC(898) Pause Young (Normal) (G1 Evacuation Pause) 256M->225M(667M) 13.671ms
[2025-11-08T15:00:37.618+0000][gc,cpu        ] GC(898) User=0.02s Sys=0.00s Real=0.01s
[2025-11-08T15:00:40.028+0000][gc,start      ] GC(899) Pause Young (Normal) (G1 Evacuation Pause)
[2025-11-08T15:00:40.029+0000][gc,task       ] GC(899) Using 2 workers of 2 for evacuation
[2025-11-08T15:00:40.047+0000][gc,phases     ] GC(899)   Pre Evacuate Collection Set: 0.1ms
[2025-11-08T15:00:40.047+0000][gc,phases     ] GC(899)   Evacuate Collection Set: 15.3ms
[2025-11-08T15:00:40.048+0000][gc,phases     ] GC(899)   Post Evacuate Collection Set: 1.4ms
[2025-11-08T15:00:40.048+0000][gc,phases     ] GC(899)   Other: 1.8ms
[2025-11-08T15:00:40.049+0000][gc,heap       ] GC(899) Eden regions: 33->0(33)
[2025-11-08T15:00:40.049+0000][gc,heap       ] GC(899) Survivor regions: 2->2(5)
[2025-11-08T15:00:40.050+0000][gc,heap       ] GC(899) Old regions: 77->77
[2025-11-08T15:00:40.050+0000][gc,heap       ] GC(899) Humongous regions: 147->147
[2025-11-08T15:00:40.051+0000][gc,metaspace  ] GC(899) Metaspace: 52283K(55472K)->52283K(55472K) NonClass: 46495K(48304K)->46495K(48304K) Class: 5787K(7168K)->5787K(7168K)
[2025-11-08T15:00:40.051+0000][gc            ] GC(899) Pause Young (Normal) (G1 Evacuation Pause) 258M->225M(667M) 22.598ms
[2025-11-08T15:00:40.051+0000][gc,cpu        ] GC(899) User=0.03s Sys=0.00s Real=0.03s
[2025-11-08T15:00:42.402+0000][gc,start      ] GC(900) Pause Young (Normal) (G1 Evacuation Pause)
[2025-11-08T15:00:42.402+0000][gc,task       ] GC(900) Using 2 workers of 2 for evacuation
[2025-11-08T15:00:42.419+0000][gc,phases     ] GC(900)   Pre Evacuate Collection Set: 0.0ms
[2025-11-08T15:00:42.420+0000][gc,phases     ] GC(900)   Evacuate Collection Set: 13.3ms
[2025-11-08T15:00:42.421+0000][gc,phases     ] GC(900)   Post Evacuate Collection Set: 2.5ms
[2025-11-08T15:00:42.421+0000][gc,phases     ] GC(900)   Other: 1.0ms
[2025-11-08T15:00:42.425+0000][gc,heap       ] GC(900) Eden regions: 33->0(34)
[2025-11-08T15:00:42.425+0000][gc,heap       ] GC(900) Survivor regions: 2->2(5)
[2025-11-08T15:00:42.425+0000][gc,heap       ] GC(900) Old regions: 77->77
[2025-11-08T15:00:42.426+0000][gc,heap       ] GC(900) Humongous regions: 147->147
[2025-11-08T15:00:42.426+0000][gc,metaspace  ] GC(900) Metaspace: 52283K(55472K)->52283K(55472K) NonClass: 46495K(48304K)->46495K(48304K) Class: 5787K(7168K)->5787K(7168K)
[2025-11-08T15:00:42.426+0000][gc            ] GC(900) Pause Young (Normal) (G1 Evacuation Pause) 258M->225M(667M) 24.012ms
[2025-11-08T15:00:42.426+0000][gc,cpu        ] GC(900) User=0.03s Sys=0.00s Real=0.02s
[2025-11-08T15:00:44.977+0000][gc,start      ] GC(901) Pause Young (Normal) (G1 Evacuation Pause)
[2025-11-08T15:00:44.978+0000][gc,task       ] GC(901) Using 2 workers of 2 for evacuation
[2025-11-08T15:00:44.994+0000][gc,phases     ] GC(901)   Pre Evacuate Collection Set: 0.0ms
[2025-11-08T15:00:44.994+0000][gc,phases     ] GC(901)   Evacuate Collection Set: 14.0ms
[2025-11-08T15:00:44.995+0000][gc,phases     ] GC(901)   Post Evacuate Collection Set: 1.2ms
[2025-11-08T15:00:44.995+0000][gc,phases     ] GC(901)   Other: 1.1ms
[2025-11-08T15:00:44.996+0000][gc,heap       ] GC(901) Eden regions: 34->0(35)
[2025-11-08T15:00:44.996+0000][gc,heap       ] GC(901) Survivor regions: 2->2(5)
[2025-11-08T15:00:44.997+0000][gc,heap       ] GC(901) Old regions: 77->77
[2025-11-08T15:00:44.997+0000][gc,heap       ] GC(901) Humongous regions: 147->147
[2025-11-08T15:00:44.997+0000][gc,metaspace  ] GC(901) Metaspace: 52283K(55472K)->52283K(55472K) NonClass: 46495K(48304K)->46495K(48304K) Class: 5787K(7168K)->5787K(7168K)
[2025-11-08T15:00:44.998+0000][gc            ] GC(901) Pause Young (Normal) (G1 Evacuation Pause) 259M->225M(667M) 20.287ms
[2025-11-08T15:00:44.998+0000][gc,cpu        ] GC(901) User=0.03s Sys=0.00s Real=0.02s
[2025-11-08T15:00:47.649+0000][gc,start      ] GC(902) Pause Young (Normal) (G1 Evacuation Pause)
[2025-11-08T15:00:47.650+0000][gc,task       ] GC(902) Using 2 workers of 2 for evacuation
[2025-11-08T15:00:47.667+0000][gc,phases     ] GC(902)   Pre Evacuate Collection Set: 0.0ms
[2025-11-08T15:00:47.668+0000][gc,phases     ] GC(902)   Evacuate Collection Set: 15.2ms
[2025-11-08T15:00:47.668+0000][gc,phases     ] GC(902)   Post Evacuate Collection Set: 1.4ms
[2025-11-08T15:00:47.669+0000][gc,phases     ] GC(902)   Other: 1.2ms
[2025-11-08T15:00:47.673+0000][gc,heap       ] GC(902) Eden regions: 35->0(36)
[2025-11-08T15:00:47.673+0000][gc,heap       ] GC(902) Survivor regions: 2->3(5)
[2025-11-08T15:00:47.673+0000][gc,heap       ] GC(902) Old regions: 77->77
[2025-11-08T15:00:47.674+0000][gc,heap       ] GC(902) Humongous regions: 147->147
[2025-11-08T15:00:47.674+0000][gc,metaspace  ] GC(902) Metaspace: 52283K(55472K)->52283K(55472K) NonClass: 46495K(48304K)->46495K(48304K) Class: 5787K(7168K)->5787K(7168K)
[2025-11-08T15:00:47.674+0000][gc            ] GC(902) Pause Young (Normal) (G1 Evacuation Pause) 260M->225M(667M) 24.814ms
[2025-11-08T15:00:47.675+0000][gc,cpu        ] GC(902) User=0.03s Sys=0.00s Real=0.03s
[2025-11-08T15:00:49.802+0000][gc,start      ] GC(903) Pause Young (Normal) (G1 Evacuation Pause)
[2025-11-08T15:00:49.803+0000][gc,task       ] GC(903) Using 2 workers of 2 for evacuation
[2025-11-08T15:00:49.815+0000][gc,phases     ] GC(903)   Pre Evacuate Collection Set: 0.0ms
[2025-11-08T15:00:49.815+0000][gc,phases     ] GC(903)   Evacuate Collection Set: 10.2ms
[2025-11-08T15:00:49.815+0000][gc,phases     ] GC(903)   Post Evacuate Collection Set: 1.1ms
[2025-11-08T15:00:49.816+0000][gc,phases     ] GC(903)   Other: 1.2ms
[2025-11-08T15:00:49.816+0000][gc,heap       ] GC(903) Eden regions: 30->0(38)
[2025-11-08T15:00:49.817+0000][gc,heap       ] GC(903) Survivor regions: 3->2(5)
[2025-11-08T15:00:49.817+0000][gc,heap       ] GC(903) Old regions: 77->77
[2025-11-08T15:00:49.817+0000][gc,heap       ] GC(903) Humongous regions: 147->147
[2025-11-08T15:00:49.817+0000][gc,metaspace  ] GC(903) Metaspace: 52283K(55472K)->52283K(55472K) NonClass: 46495K(48304K)->46495K(48304K) Class: 5787K(7168K)->5787K(7168K)
[2025-11-08T15:00:49.818+0000][gc            ] GC(903) Pause Young (Normal) (G1 Evacuation Pause) 255M->225M(667M) 15.671ms
[2025-11-08T15:00:49.819+0000][gc,cpu        ] GC(903) User=0.02s Sys=0.00s Real=0.01s
[2025-11-08T15:00:52.025+0000][gc,start      ] GC(904) Pause Young (Normal) (G1 Evacuation Pause)
[2025-11-08T15:00:52.025+0000][gc,task       ] GC(904) Using 2 workers of 2 for evacuation
[2025-11-08T15:00:52.040+0000][gc,phases     ] GC(904)   Pre Evacuate Collection Set: 0.0ms
[2025-11-08T15:00:52.041+0000][gc,phases     ] GC(904)   Evacuate Collection Set: 12.8ms
[2025-11-08T15:00:52.041+0000][gc,phases     ] GC(904)   Post Evacuate Collection Set: 1.5ms
[2025-11-08T15:00:52.042+0000][gc,phases     ] GC(904)   Other: 1.1ms
[2025-11-08T15:00:52.042+0000][gc,heap       ] GC(904) Eden regions: 31->0(36)
[2025-11-08T15:00:52.042+0000][gc,heap       ] GC(904) Survivor regions: 2->2(5)
[2025-11-08T15:00:52.043+0000][gc,heap       ] GC(904) Old regions: 77->77
[2025-11-08T15:00:52.043+0000][gc,heap       ] GC(904) Humongous regions: 147->147
[2025-11-08T15:00:52.043+0000][gc,metaspace  ] GC(904) Metaspace: 52283K(55472K)->52283K(55472K) NonClass: 46495K(48304K)->46495K(48304K) Class: 5787K(7168K)->5787K(7168K)
[2025-11-08T15:00:52.044+0000][gc            ] GC(904) Pause Young (Normal) (G1 Evacuation Pause) 256M->225M(667M) 18.736ms
[2025-11-08T15:00:52.044+0000][gc,cpu        ] GC(904) User=0.03s Sys=0.00s Real=0.02s
[2025-11-08T15:00:54.286+0000][gc,start      ] GC(905) Pause Young (Normal) (G1 Evacuation Pause)
[2025-11-08T15:00:54.287+0000][gc,task       ] GC(905) Using 2 workers of 2 for evacuation
[2025-11-08T15:00:54.309+0000][gc,mmu        ] GC(905) MMU target violated: 21.0ms (20.0ms/21.0ms)
[2025-11-08T15:00:54.310+0000][gc,phases     ] GC(905)   Pre Evacuate Collection Set: 0.0ms
[2025-11-08T15:00:54.310+0000][gc,phases     ] GC(905)   Evacuate Collection Set: 19.5ms
[2025-11-08T15:00:54.311+0000][gc,phases     ] GC(905)   Post Evacuate Collection Set: 1.8ms
[2025-11-08T15:00:54.311+0000][gc,phases     ] GC(905)   Other: 2.3ms
[2025-11-08T15:00:54.312+0000][gc,heap       ] GC(905) Eden regions: 31->0(34)
[2025-11-08T15:00:54.312+0000][gc,heap       ] GC(905) Survivor regions: 2->3(5)
[2025-11-08T15:00:54.313+0000][gc,heap       ] GC(905) Old regions: 77->77
[2025-11-08T15:00:54.313+0000][gc,heap       ] GC(905) Humongous regions: 147->147
[2025-11-08T15:00:54.314+0000][gc,metaspace  ] GC(905) Metaspace: 52283K(55472K)->52283K(55472K) NonClass: 46495K(48304K)->46495K(48304K) Class: 5787K(7168K)->5787K(7168K)
[2025-11-08T15:00:54.314+0000][gc            ] GC(905) Pause Young (Normal) (G1 Evacuation Pause) 256M->226M(667M) 28.019ms
[2025-11-08T15:00:54.315+0000][gc,cpu        ] GC(905) User=0.04s Sys=0.00s Real=0.03s
[2025-11-08T15:00:56.467+0000][gc,start      ] GC(906) Pause Young (Normal) (G1 Evacuation Pause)
[2025-11-08T15:00:56.467+0000][gc,task       ] GC(906) Using 2 workers of 2 for evacuation
[2025-11-08T15:00:56.485+0000][gc,phases     ] GC(906)   Pre Evacuate Collection Set: 0.0ms
[2025-11-08T15:00:56.485+0000][gc,phases     ] GC(906)   Evacuate Collection Set: 15.6ms
[2025-11-08T15:00:56.488+0000][gc,phases     ] GC(906)   Post Evacuate Collection Set: 1.3ms
[2025-11-08T15:00:56.488+0000][gc,phases     ] GC(906)   Other: 0.9ms
[2025-11-08T15:00:56.489+0000][gc,heap       ] GC(906) Eden regions: 30->0(33)
[2025-11-08T15:00:56.489+0000][gc,heap       ] GC(906) Survivor regions: 3->3(5)
[2025-11-08T15:00:56.489+0000][gc,heap       ] GC(906) Old regions: 77->78
[2025-11-08T15:00:56.489+0000][gc,heap       ] GC(906) Humongous regions: 147->147
[2025-11-08T15:00:56.490+0000][gc,metaspace  ] GC(906) Metaspace: 52283K(55472K)->52283K(55472K) NonClass: 46495K(48304K)->46495K(48304K) Class: 5787K(7168K)->5787K(7168K)
[2025-11-08T15:00:56.490+0000][gc            ] GC(906) Pause Young (Normal) (G1 Evacuation Pause) 256M->226M(667M) 23.126ms
[2025-11-08T15:00:56.490+0000][gc,cpu        ] GC(906) User=0.03s Sys=0.00s Real=0.03s
[2025-11-08T15:00:58.875+0000][gc,start      ] GC(907) Pause Young (Normal) (G1 Evacuation Pause)
[2025-11-08T15:00:58.875+0000][gc,task       ] GC(907) Using 2 workers of 2 for evacuation
[2025-11-08T15:00:58.892+0000][gc,phases     ] GC(907)   Pre Evacuate Collection Set: 0.0ms
[2025-11-08T15:00:58.893+0000][gc,phases     ] GC(907)   Evacuate Collection Set: 14.5ms
[2025-11-08T15:00:58.893+0000][gc,phases     ] GC(907)   Post Evacuate Collection Set: 1.9ms
[2025-11-08T15:00:58.895+0000][gc,phases     ] GC(907)   Other: 1.0ms
[2025-11-08T15:00:58.895+0000][gc,heap       ] GC(907) Eden regions: 33->0(34)
[2025-11-08T15:00:58.895+0000][gc,heap       ] GC(907) Survivor regions: 3->3(5)
[2025-11-08T15:00:58.897+0000][gc,heap       ] GC(907) Old regions: 78->78
[2025-11-08T15:00:58.897+0000][gc,heap       ] GC(907) Humongous regions: 147->147
[2025-11-08T15:00:58.898+0000][gc,metaspace  ] GC(907) Metaspace: 52283K(55472K)->52283K(55472K) NonClass: 46495K(48304K)->46495K(48304K) Class: 5787K(7168K)->5787K(7168K)
[2025-11-08T15:00:58.899+0000][gc            ] GC(907) Pause Young (Normal) (G1 Evacuation Pause) 259M->226M(667M) 24.282ms
[2025-11-08T15:00:58.899+0000][gc,cpu        ] GC(907) User=0.03s Sys=0.00s Real=0.02s
[2025-11-08T15:01:01.553+0000][gc,start      ] GC(908) Pause Young (Normal) (G1 Evacuation Pause)
[2025-11-08T15:01:01.555+0000][gc,task       ] GC(908) Using 2 workers of 2 for evacuation
[2025-11-08T15:01:01.581+0000][gc,mmu        ] GC(908) MMU target violated: 21.0ms (20.0ms/21.0ms)
[2025-11-08T15:01:01.582+0000][gc,phases     ] GC(908)   Pre Evacuate Collection Set: 0.0ms
[2025-11-08T15:01:01.583+0000][gc,phases     ] GC(908)   Evacuate Collection Set: 20.5ms
[2025-11-08T15:01:01.591+0000][gc,phases     ] GC(908)   Post Evacuate Collection Set: 4.8ms
[2025-11-08T15:01:01.591+0000][gc,phases     ] GC(908)   Other: 4.7ms
[2025-11-08T15:01:01.591+0000][gc,heap       ] GC(908) Eden regions: 34->0(32)
[2025-11-08T15:01:01.592+0000][gc,heap       ] GC(908) Survivor regions: 3->3(5)
[2025-11-08T15:01:01.593+0000][gc,heap       ] GC(908) Old regions: 78->78
[2025-11-08T15:01:01.593+0000][gc,heap       ] GC(908) Humongous regions: 147->147
[2025-11-08T15:01:01.594+0000][gc,metaspace  ] GC(908) Metaspace: 52283K(55472K)->52283K(55472K) NonClass: 46495K(48304K)->46495K(48304K) Class: 5787K(7168K)->5787K(7168K)
[2025-11-08T15:01:01.594+0000][gc            ] GC(908) Pause Young (Normal) (G1 Evacuation Pause) 260M->226M(667M) 41.470ms
[2025-11-08T15:01:01.595+0000][gc,cpu        ] GC(908) User=0.04s Sys=0.00s Real=0.04s
[2025-11-08T15:01:04.048+0000][gc,start      ] GC(909) Pause Young (Normal) (G1 Evacuation Pause)
[2025-11-08T15:01:04.048+0000][gc,task       ] GC(909) Using 2 workers of 2 for evacuation
[2025-11-08T15:01:04.062+0000][gc,phases     ] GC(909)   Pre Evacuate Collection Set: 0.0ms
[2025-11-08T15:01:04.063+0000][gc,phases     ] GC(909)   Evacuate Collection Set: 11.6ms
[2025-11-08T15:01:04.064+0000][gc,phases     ] GC(909)   Post Evacuate Collection Set: 1.1ms
[2025-11-08T15:01:04.065+0000][gc,phases     ] GC(909)   Other: 1.3ms
[2025-11-08T15:01:04.065+0000][gc,heap       ] GC(909) Eden regions: 30->0(34)
[2025-11-08T15:01:04.066+0000][gc,heap       ] GC(909) Survivor regions: 3->2(5)
[2025-11-08T15:01:04.066+0000][gc,heap       ] GC(909) Old regions: 78->78
[2025-11-08T15:01:04.066+0000][gc,heap       ] GC(909) Humongous regions: 147->147
[2025-11-08T15:01:04.067+0000][gc,metaspace  ] GC(909) Metaspace: 52283K(55472K)->52283K(55472K) NonClass: 46495K(48304K)->46495K(48304K) Class: 5787K(7168K)->5787K(7168K)
[2025-11-08T15:01:04.068+0000][gc            ] GC(909) Pause Young (Normal) (G1 Evacuation Pause) 256M->226M(667M) 19.681ms
[2025-11-08T15:01:04.068+0000][gc,cpu        ] GC(909) User=0.03s Sys=0.00s Real=0.02s
[2025-11-08T15:01:06.872+0000][gc,start      ] GC(910) Pause Young (Normal) (G1 Evacuation Pause)
[2025-11-08T15:01:06.873+0000][gc,task       ] GC(910) Using 2 workers of 2 for evacuation
[2025-11-08T15:01:06.893+0000][gc,phases     ] GC(910)   Pre Evacuate Collection Set: 0.0ms
[2025-11-08T15:01:06.894+0000][gc,phases     ] GC(910)   Evacuate Collection Set: 18.2ms
[2025-11-08T15:01:06.894+0000][gc,phases     ] GC(910)   Post Evacuate Collection Set: 1.2ms
[2025-11-08T15:01:06.895+0000][gc,phases     ] GC(910)   Other: 1.0ms
[2025-11-08T15:01:06.895+0000][gc,heap       ] GC(910) Eden regions: 34->0(33)
[2025-11-08T15:01:06.896+0000][gc,heap       ] GC(910) Survivor regions: 2->2(5)
[2025-11-08T15:01:06.897+0000][gc,heap       ] GC(910) Old regions: 78->78
[2025-11-08T15:01:06.898+0000][gc,heap       ] GC(910) Humongous regions: 147->147
[2025-11-08T15:01:06.898+0000][gc,metaspace  ] GC(910) Metaspace: 52283K(55472K)->52283K(55472K) NonClass: 46495K(48304K)->46495K(48304K) Class: 5787K(7168K)->5787K(7168K)
[2025-11-08T15:01:06.898+0000][gc            ] GC(910) Pause Young (Normal) (G1 Evacuation Pause) 260M->226M(667M) 26.166ms
[2025-11-08T15:01:06.899+0000][gc,cpu        ] GC(910) User=0.03s Sys=0.01s Real=0.02s
[2025-11-08T15:01:09.530+0000][gc,start      ] GC(911) Pause Young (Normal) (G1 Evacuation Pause)
[2025-11-08T15:01:09.531+0000][gc,task       ] GC(911) Using 2 workers of 2 for evacuation
[2025-11-08T15:01:09.551+0000][gc,phases     ] GC(911)   Pre Evacuate Collection Set: 0.0ms
[2025-11-08T15:01:09.551+0000][gc,phases     ] GC(911)   Evacuate Collection Set: 17.4ms
[2025-11-08T15:01:09.552+0000][gc,phases     ] GC(911)   Post Evacuate Collection Set: 1.7ms
[2025-11-08T15:01:09.552+0000][gc,phases     ] GC(911)   Other: 1.7ms
[2025-11-08T15:01:09.552+0000][gc,heap       ] GC(911) Eden regions: 31->0(32)
[2025-11-08T15:01:09.553+0000][gc,heap       ] GC(911) Survivor regions: 2->2(5)
[2025-11-08T15:01:09.553+0000][gc,heap       ] GC(911) Old regions: 78->78
[2025-11-08T15:01:09.553+0000][gc,heap       ] GC(911) Humongous regions: 147->147
[2025-11-08T15:01:09.553+0000][gc,metaspace  ] GC(911) Metaspace: 52283K(55472K)->52283K(55472K) NonClass: 46495K(48304K)->46495K(48304K) Class: 5787K(7168K)->5787K(7168K)
[2025-11-08T15:01:09.554+0000][gc            ] GC(911) Pause Young (Normal) (G1 Evacuation Pause) 257M->225M(667M) 23.894ms
[2025-11-08T15:01:09.554+0000][gc,cpu        ] GC(911) User=0.03s Sys=0.00s Real=0.03s
[2025-11-08T15:01:11.964+0000][gc,start      ] GC(912) Pause Young (Normal) (G1 Evacuation Pause)
[2025-11-08T15:01:11.964+0000][gc,task       ] GC(912) Using 2 workers of 2 for evacuation
[2025-11-08T15:01:11.980+0000][gc,phases     ] GC(912)   Pre Evacuate Collection Set: 0.1ms
[2025-11-08T15:01:11.980+0000][gc,phases     ] GC(912)   Evacuate Collection Set: 11.9ms
[2025-11-08T15:01:11.981+0000][gc,phases     ] GC(912)   Post Evacuate Collection Set: 2.3ms
[2025-11-08T15:01:11.981+0000][gc,phases     ] GC(912)   Other: 1.3ms
[2025-11-08T15:01:11.981+0000][gc,heap       ] GC(912) Eden regions: 31->0(33)
[2025-11-08T15:01:11.982+0000][gc,heap       ] GC(912) Survivor regions: 2->2(5)
[2025-11-08T15:01:11.982+0000][gc,heap       ] GC(912) Old regions: 78->78
[2025-11-08T15:01:11.982+0000][gc,heap       ] GC(912) Humongous regions: 147->147
[2025-11-08T15:01:11.983+0000][gc,metaspace  ] GC(912) Metaspace: 52283K(55472K)->52283K(55472K) NonClass: 46495K(48304K)->46495K(48304K) Class: 5787K(7168K)->5787K(7168K)
[2025-11-08T15:01:11.984+0000][gc            ] GC(912) Pause Young (Normal) (G1 Evacuation Pause) 256M->225M(667M) 19.932ms
[2025-11-08T15:01:11.985+0000][gc,cpu        ] GC(912) User=0.03s Sys=0.00s Real=0.02s
[2025-11-08T15:01:14.468+0000][gc,start      ] GC(913) Pause Young (Normal) (G1 Evacuation Pause)
[2025-11-08T15:01:14.469+0000][gc,task       ] GC(913) Using 2 workers of 2 for evacuation
[2025-11-08T15:01:14.508+0000][gc,mmu        ] GC(913) MMU target violated: 21.0ms (20.0ms/21.0ms)
[2025-11-08T15:01:14.509+0000][gc,phases     ] GC(913)   Pre Evacuate Collection Set: 0.0ms
[2025-11-08T15:01:14.510+0000][gc,phases     ] GC(913)   Evacuate Collection Set: 35.7ms
[2025-11-08T15:01:14.510+0000][gc,phases     ] GC(913)   Post Evacuate Collection Set: 1.6ms
[2025-11-08T15:01:14.511+0000][gc,phases     ] GC(913)   Other: 3.3ms
[2025-11-08T15:01:14.511+0000][gc,heap       ] GC(913) Eden regions: 33->0(31)
[2025-11-08T15:01:14.512+0000][gc,heap       ] GC(913) Survivor regions: 2->2(5)
[2025-11-08T15:01:14.513+0000][gc,heap       ] GC(913) Old regions: 78->78
[2025-11-08T15:01:14.513+0000][gc,heap       ] GC(913) Humongous regions: 147->147
[2025-11-08T15:01:14.514+0000][gc,metaspace  ] GC(913) Metaspace: 52283K(55472K)->52283K(55472K) NonClass: 46495K(48304K)->46495K(48304K) Class: 5787K(7168K)->5787K(7168K)
[2025-11-08T15:01:14.514+0000][gc            ] GC(913) Pause Young (Normal) (G1 Evacuation Pause) 258M->225M(667M) 45.856ms
[2025-11-08T15:01:14.515+0000][gc,cpu        ] GC(913) User=0.04s Sys=0.00s Real=0.05s
[2025-11-08T15:01:16.848+0000][gc,start      ] GC(914) Pause Young (Normal) (G1 Evacuation Pause)
[2025-11-08T15:01:16.848+0000][gc,task       ] GC(914) Using 2 workers of 2 for evacuation
[2025-11-08T15:01:16.863+0000][gc,phases     ] GC(914)   Pre Evacuate Collection Set: 0.0ms
[2025-11-08T15:01:16.863+0000][gc,phases     ] GC(914)   Evacuate Collection Set: 12.6ms
[2025-11-08T15:01:16.864+0000][gc,phases     ] GC(914)   Post Evacuate Collection Set: 1.3ms
[2025-11-08T15:01:16.864+0000][gc,phases     ] GC(914)   Other: 1.4ms
[2025-11-08T15:01:16.864+0000][gc,heap       ] GC(914) Eden regions: 31->0(30)
[2025-11-08T15:01:16.865+0000][gc,heap       ] GC(914) Survivor regions: 2->3(5)
[2025-11-08T15:01:16.865+0000][gc,heap       ] GC(914) Old regions: 78->78
[2025-11-08T15:01:16.865+0000][gc,heap       ] GC(914) Humongous regions: 147->147
[2025-11-08T15:01:16.866+0000][gc,metaspace  ] GC(914) Metaspace: 52283K(55472K)->52283K(55472K) NonClass: 46495K(48304K)->46495K(48304K) Class: 5787K(7168K)->5787K(7168K)
[2025-11-08T15:01:16.866+0000][gc            ] GC(914) Pause Young (Normal) (G1 Evacuation Pause) 256M->227M(667M) 18.193ms
[2025-11-08T15:01:16.866+0000][gc,cpu        ] GC(914) User=0.03s Sys=0.00s Real=0.02s
[2025-11-08T15:01:19.226+0000][gc,start      ] GC(915) Pause Young (Normal) (G1 Evacuation Pause)
[2025-11-08T15:01:19.228+0000][gc,task       ] GC(915) Using 2 workers of 2 for evacuation
[2025-11-08T15:01:19.249+0000][gc,phases     ] GC(915)   Pre Evacuate Collection Set: 0.0ms
[2025-11-08T15:01:19.249+0000][gc,phases     ] GC(915)   Evacuate Collection Set: 15.0ms
[2025-11-08T15:01:19.250+0000][gc,phases     ] GC(915)   Post Evacuate Collection Set: 3.4ms
[2025-11-08T15:01:19.250+0000][gc,phases     ] GC(915)   Other: 4.5ms
[2025-11-08T15:01:19.251+0000][gc,heap       ] GC(915) Eden regions: 30->0(30)
[2025-11-08T15:01:19.251+0000][gc,heap       ] GC(915) Survivor regions: 3->3(5)
[2025-11-08T15:01:19.251+0000][gc,heap       ] GC(915) Old regions: 78->78
[2025-11-08T15:01:19.252+0000][gc,heap       ] GC(915) Humongous regions: 147->147
[2025-11-08T15:01:19.252+0000][gc,metaspace  ] GC(915) Metaspace: 52283K(55472K)->52283K(55472K) NonClass: 46495K(48304K)->46495K(48304K) Class: 5787K(7168K)->5787K(7168K)
[2025-11-08T15:01:19.253+0000][gc            ] GC(915) Pause Young (Normal) (G1 Evacuation Pause) 257M->226M(667M) 26.968ms
[2025-11-08T15:01:19.253+0000][gc,cpu        ] GC(915) User=0.03s Sys=0.00s Real=0.03s
[2025-11-08T15:01:21.462+0000][gc,start      ] GC(916) Pause Young (Normal) (G1 Evacuation Pause)
[2025-11-08T15:01:21.463+0000][gc,task       ] GC(916) Using 2 workers of 2 for evacuation
[2025-11-08T15:01:21.484+0000][gc,phases     ] GC(916)   Pre Evacuate Collection Set: 0.3ms
[2025-11-08T15:01:21.484+0000][gc,phases     ] GC(916)   Evacuate Collection Set: 17.4ms
[2025-11-08T15:01:21.485+0000][gc,phases     ] GC(916)   Post Evacuate Collection Set: 2.0ms
[2025-11-08T15:01:21.485+0000][gc,phases     ] GC(916)   Other: 1.3ms
[2025-11-08T15:01:21.485+0000][gc,heap       ] GC(916) Eden regions: 30->0(31)
[2025-11-08T15:01:21.486+0000][gc,heap       ] GC(916) Survivor regions: 3->2(5)
[2025-11-08T15:01:21.487+0000][gc,heap       ] GC(916) Old regions: 78->78
[2025-11-08T15:01:21.488+0000][gc,heap       ] GC(916) Humongous regions: 147->147
[2025-11-08T15:01:21.489+0000][gc,metaspace  ] GC(916) Metaspace: 52283K(55472K)->52283K(55472K) NonClass: 46495K(48304K)->46495K(48304K) Class: 5787K(7168K)->5787K(7168K)
[2025-11-08T15:01:21.489+0000][gc            ] GC(916) Pause Young (Normal) (G1 Evacuation Pause) 256M->226M(667M) 26.847ms
[2025-11-08T15:01:21.490+0000][gc,cpu        ] GC(916) User=0.04s Sys=0.00s Real=0.02s
[2025-11-08T15:01:23.901+0000][gc,start      ] GC(917) Pause Young (Normal) (G1 Evacuation Pause)
[2025-11-08T15:01:23.901+0000][gc,task       ] GC(917) Using 2 workers of 2 for evacuation
[2025-11-08T15:01:23.915+0000][gc,phases     ] GC(917)   Pre Evacuate Collection Set: 0.0ms
[2025-11-08T15:01:23.915+0000][gc,phases     ] GC(917)   Evacuate Collection Set: 11.2ms
[2025-11-08T15:01:23.916+0000][gc,phases     ] GC(917)   Post Evacuate Collection Set: 1.6ms
[2025-11-08T15:01:23.916+0000][gc,phases     ] GC(917)   Other: 1.2ms
[2025-11-08T15:01:23.916+0000][gc,heap       ] GC(917) Eden regions: 31->0(31)
[2025-11-08T15:01:23.916+0000][gc,heap       ] GC(917) Survivor regions: 2->2(5)
[2025-11-08T15:01:23.917+0000][gc,heap       ] GC(917) Old regions: 78->78
[2025-11-08T15:01:23.917+0000][gc,heap       ] GC(917) Humongous regions: 147->147
[2025-11-08T15:01:23.917+0000][gc,metaspace  ] GC(917) Metaspace: 52283K(55472K)->52283K(55472K) NonClass: 46495K(48304K)->46495K(48304K) Class: 5787K(7168K)->5787K(7168K)
[2025-11-08T15:01:23.918+0000][gc            ] GC(917) Pause Young (Normal) (G1 Evacuation Pause) 257M->226M(667M) 16.910ms
[2025-11-08T15:01:23.918+0000][gc,cpu        ] GC(917) User=0.02s Sys=0.00s Real=0.01s
[2025-11-08T15:01:26.235+0000][gc,start      ] GC(918) Pause Young (Normal) (G1 Evacuation Pause)
[2025-11-08T15:01:26.235+0000][gc,task       ] GC(918) Using 2 workers of 2 for evacuation
[2025-11-08T15:01:26.258+0000][gc,mmu        ] GC(918) MMU target violated: 21.0ms (20.0ms/21.0ms)
[2025-11-08T15:01:26.258+0000][gc,phases     ] GC(918)   Pre Evacuate Collection Set: 0.0ms
[2025-11-08T15:01:26.259+0000][gc,phases     ] GC(918)   Evacuate Collection Set: 20.1ms
[2025-11-08T15:01:26.259+0000][gc,phases     ] GC(918)   Post Evacuate Collection Set: 1.6ms
[2025-11-08T15:01:26.260+0000][gc,phases     ] GC(918)   Other: 1.7ms
[2025-11-08T15:01:26.260+0000][gc,heap       ] GC(918) Eden regions: 31->0(30)
[2025-11-08T15:01:26.260+0000][gc,heap       ] GC(918) Survivor regions: 2->4(5)
[2025-11-08T15:01:26.261+0000][gc,heap       ] GC(918) Old regions: 78->78
[2025-11-08T15:01:26.261+0000][gc,heap       ] GC(918) Humongous regions: 147->147
[2025-11-08T15:01:26.262+0000][gc,metaspace  ] GC(918) Metaspace: 52283K(55472K)->52283K(55472K) NonClass: 46495K(48304K)->46495K(48304K) Class: 5787K(7168K)->5787K(7168K)
[2025-11-08T15:01:26.262+0000][gc            ] GC(918) Pause Young (Normal) (G1 Evacuation Pause) 257M->228M(667M) 27.767ms
[2025-11-08T15:01:26.263+0000][gc,cpu        ] GC(918) User=0.04s Sys=0.00s Real=0.03s
[2025-11-08T15:01:28.378+0000][gc,start      ] GC(919) Pause Young (Normal) (G1 Evacuation Pause)
[2025-11-08T15:01:28.379+0000][gc,task       ] GC(919) Using 2 workers of 2 for evacuation
[2025-11-08T15:01:28.400+0000][gc,mmu        ] GC(919) MMU target violated: 20.8ms (20.0ms/21.0ms)
[2025-11-08T15:01:28.400+0000][gc,phases     ] GC(919)   Pre Evacuate Collection Set: 0.1ms
[2025-11-08T15:01:28.401+0000][gc,phases     ] GC(919)   Evacuate Collection Set: 18.5ms
[2025-11-08T15:01:28.401+0000][gc,phases     ] GC(919)   Post Evacuate Collection Set: 1.6ms
[2025-11-08T15:01:28.402+0000][gc,phases     ] GC(919)   Other: 2.0ms
[2025-11-08T15:01:28.402+0000][gc,heap       ] GC(919) Eden regions: 29->0(30)
[2025-11-08T15:01:28.403+0000][gc,heap       ] GC(919) Survivor regions: 4->3(5)
[2025-11-08T15:01:28.403+0000][gc,heap       ] GC(919) Old regions: 78->79
[2025-11-08T15:01:28.404+0000][gc,heap       ] GC(919) Humongous regions: 147->147
[2025-11-08T15:01:28.405+0000][gc,metaspace  ] GC(919) Metaspace: 52283K(55472K)->52283K(55472K) NonClass: 46495K(48304K)->46495K(48304K) Class: 5787K(7168K)->5787K(7168K)
[2025-11-08T15:01:28.405+0000][gc            ] GC(919) Pause Young (Normal) (G1 Evacuation Pause) 257M->227M(667M) 26.832ms
[2025-11-08T15:01:28.406+0000][gc,cpu        ] GC(919) User=0.04s Sys=0.00s Real=0.03s
[2025-11-08T15:01:30.578+0000][gc,start      ] GC(920) Pause Young (Normal) (G1 Evacuation Pause)
[2025-11-08T15:01:30.579+0000][gc,task       ] GC(920) Using 2 workers of 2 for evacuation
[2025-11-08T15:01:30.590+0000][gc,phases     ] GC(920)   Pre Evacuate Collection Set: 0.0ms
[2025-11-08T15:01:30.591+0000][gc,phases     ] GC(920)   Evacuate Collection Set: 9.9ms
[2025-11-08T15:01:30.591+0000][gc,phases     ] GC(920)   Post Evacuate Collection Set: 1.1ms
[2025-11-08T15:01:30.592+0000][gc,phases     ] GC(920)   Other: 1.7ms
[2025-11-08T15:01:30.592+0000][gc,heap       ] GC(920) Eden regions: 30->0(32)
[2025-11-08T15:01:30.592+0000][gc,heap       ] GC(920) Survivor regions: 3->2(5)
[2025-11-08T15:01:30.593+0000][gc,heap       ] GC(920) Old regions: 79->79
[2025-11-08T15:01:30.593+0000][gc,heap       ] GC(920) Humongous regions: 147->147
[2025-11-08T15:01:30.593+0000][gc,metaspace  ] GC(920) Metaspace: 52283K(55472K)->52283K(55472K) NonClass: 46495K(48304K)->46495K(48304K) Class: 5787K(7168K)->5787K(7168K)
[2025-11-08T15:01:30.594+0000][gc            ] GC(920) Pause Young (Normal) (G1 Evacuation Pause) 257M->227M(667M) 15.799ms
[2025-11-08T15:01:30.594+0000][gc,cpu        ] GC(920) User=0.02s Sys=0.00s Real=0.02s
[2025-11-08T15:01:33.000+0000][gc,start      ] GC(921) Pause Young (Normal) (G1 Evacuation Pause)
[2025-11-08T15:01:33.000+0000][gc,task       ] GC(921) Using 2 workers of 2 for evacuation
[2025-11-08T15:01:33.011+0000][gc,phases     ] GC(921)   Pre Evacuate Collection Set: 0.0ms
[2025-11-08T15:01:33.011+0000][gc,phases     ] GC(921)   Evacuate Collection Set: 8.8ms
[2025-11-08T15:01:33.012+0000][gc,phases     ] GC(921)   Post Evacuate Collection Set: 1.1ms
[2025-11-08T15:01:33.012+0000][gc,phases     ] GC(921)   Other: 1.0ms
[2025-11-08T15:01:33.012+0000][gc,heap       ] GC(921) Eden regions: 32->0(35)
[2025-11-08T15:01:33.012+0000][gc,heap       ] GC(921) Survivor regions: 2->2(5)
[2025-11-08T15:01:33.013+0000][gc,heap       ] GC(921) Old regions: 79->79
[2025-11-08T15:01:33.013+0000][gc,heap       ] GC(921) Humongous regions: 147->147
[2025-11-08T15:01:33.013+0000][gc,metaspace  ] GC(921) Metaspace: 52283K(55472K)->52283K(55472K) NonClass: 46495K(48304K)->46495K(48304K) Class: 5787K(7168K)->5787K(7168K)
[2025-11-08T15:01:33.014+0000][gc            ] GC(921) Pause Young (Normal) (G1 Evacuation Pause) 259M->227M(667M) 13.860ms
[2025-11-08T15:01:33.014+0000][gc,cpu        ] GC(921) User=0.02s Sys=0.00s Real=0.02s
[2025-11-08T15:01:35.440+0000][gc,start      ] GC(922) Pause Young (Normal) (G1 Evacuation Pause)
[2025-11-08T15:01:35.441+0000][gc,task       ] GC(922) Using 2 workers of 2 for evacuation
[2025-11-08T15:01:35.453+0000][gc,phases     ] GC(922)   Pre Evacuate Collection Set: 0.0ms
[2025-11-08T15:01:35.453+0000][gc,phases     ] GC(922)   Evacuate Collection Set: 10.5ms
[2025-11-08T15:01:35.454+0000][gc,phases     ] GC(922)   Post Evacuate Collection Set: 1.1ms
[2025-11-08T15:01:35.454+0000][gc,phases     ] GC(922)   Other: 0.8ms
[2025-11-08T15:01:35.454+0000][gc,heap       ] GC(922) Eden regions: 35->0(37)
[2025-11-08T15:01:35.454+0000][gc,heap       ] GC(922) Survivor regions: 2->2(5)
[2025-11-08T15:01:35.455+0000][gc,heap       ] GC(922) Old regions: 79->79
[2025-11-08T15:01:35.455+0000][gc,heap       ] GC(922) Humongous regions: 147->147
[2025-11-08T15:01:35.455+0000][gc,metaspace  ] GC(922) Metaspace: 52283K(55472K)->52283K(55472K) NonClass: 46495K(48304K)->46495K(48304K) Class: 5787K(7168K)->5787K(7168K)
[2025-11-08T15:01:35.456+0000][gc            ] GC(922) Pause Young (Normal) (G1 Evacuation Pause) 262M->227M(667M) 15.183ms
[2025-11-08T15:01:35.456+0000][gc,cpu        ] GC(922) User=0.03s Sys=0.00s Real=0.01s
[2025-11-08T15:01:38.144+0000][gc,start      ] GC(923) Pause Young (Normal) (G1 Evacuation Pause)
[2025-11-08T15:01:38.145+0000][gc,task       ] GC(923) Using 2 workers of 2 for evacuation
[2025-11-08T15:01:38.163+0000][gc,phases     ] GC(923)   Pre Evacuate Collection Set: 0.0ms
[2025-11-08T15:01:38.164+0000][gc,phases     ] GC(923)   Evacuate Collection Set: 14.1ms
[2025-11-08T15:01:38.164+0000][gc,phases     ] GC(923)   Post Evacuate Collection Set: 1.8ms
[2025-11-08T15:01:38.164+0000][gc,phases     ] GC(923)   Other: 3.5ms
[2025-11-08T15:01:38.165+0000][gc,heap       ] GC(923) Eden regions: 37->0(38)
[2025-11-08T15:01:38.165+0000][gc,heap       ] GC(923) Survivor regions: 2->3(5)
[2025-11-08T15:01:38.165+0000][gc,heap       ] GC(923) Old regions: 79->79
[2025-11-08T15:01:38.166+0000][gc,heap       ] GC(923) Humongous regions: 147->147
[2025-11-08T15:01:38.166+0000][gc,metaspace  ] GC(923) Metaspace: 52283K(55472K)->52283K(55472K) NonClass: 46495K(48304K)->46495K(48304K) Class: 5787K(7168K)->5787K(7168K)
[2025-11-08T15:01:38.166+0000][gc            ] GC(923) Pause Young (Normal) (G1 Evacuation Pause) 264M->227M(667M) 22.763ms
[2025-11-08T15:01:38.167+0000][gc,cpu        ] GC(923) User=0.03s Sys=0.00s Real=0.02s
[2025-11-08T15:01:40.898+0000][gc,start      ] GC(924) Pause Young (Normal) (G1 Evacuation Pause)
[2025-11-08T15:01:40.899+0000][gc,task       ] GC(924) Using 2 workers of 2 for evacuation
[2025-11-08T15:01:40.915+0000][gc,phases     ] GC(924)   Pre Evacuate Collection Set: 0.0ms
[2025-11-08T15:01:40.915+0000][gc,phases     ] GC(924)   Evacuate Collection Set: 13.4ms
[2025-11-08T15:01:40.915+0000][gc,phases     ] GC(924)   Post Evacuate Collection Set: 1.4ms
[2025-11-08T15:01:40.915+0000][gc,phases     ] GC(924)   Other: 1.4ms
[2025-11-08T15:01:40.916+0000][gc,heap       ] GC(924) Eden regions: 38->0(39)
[2025-11-08T15:01:40.916+0000][gc,heap       ] GC(924) Survivor regions: 3->3(6)
[2025-11-08T15:01:40.916+0000][gc,heap       ] GC(924) Old regions: 79->79
[2025-11-08T15:01:40.917+0000][gc,heap       ] GC(924) Humongous regions: 147->147
[2025-11-08T15:01:40.918+0000][gc,metaspace  ] GC(924) Metaspace: 52283K(55472K)->52283K(55472K) NonClass: 46495K(48304K)->46495K(48304K) Class: 5787K(7168K)->5787K(7168K)
[2025-11-08T15:01:40.918+0000][gc            ] GC(924) Pause Young (Normal) (G1 Evacuation Pause) 265M->228M(667M) 19.786ms
[2025-11-08T15:01:40.919+0000][gc,cpu        ] GC(924) User=0.03s Sys=0.00s Real=0.02s
[2025-11-08T15:01:43.911+0000][gc,start      ] GC(925) Pause Young (Normal) (G1 Evacuation Pause)
[2025-11-08T15:01:43.911+0000][gc,task       ] GC(925) Using 2 workers of 2 for evacuation
[2025-11-08T15:01:43.930+0000][gc,phases     ] GC(925)   Pre Evacuate Collection Set: 0.0ms
[2025-11-08T15:01:43.931+0000][gc,phases     ] GC(925)   Evacuate Collection Set: 13.8ms
[2025-11-08T15:01:43.932+0000][gc,phases     ] GC(925)   Post Evacuate Collection Set: 3.7ms
[2025-11-08T15:01:43.932+0000][gc,phases     ] GC(925)   Other: 1.5ms
[2025-11-08T15:01:43.933+0000][gc,heap       ] GC(925) Eden regions: 39->0(39)
[2025-11-08T15:01:43.933+0000][gc,heap       ] GC(925) Survivor regions: 3->2(6)
[2025-11-08T15:01:43.934+0000][gc,heap       ] GC(925) Old regions: 79->79
[2025-11-08T15:01:43.934+0000][gc,heap       ] GC(925) Humongous regions: 147->147
[2025-11-08T15:01:43.936+0000][gc,metaspace  ] GC(925) Metaspace: 52283K(55472K)->52283K(55472K) NonClass: 46495K(48304K)->46495K(48304K) Class: 5787K(7168K)->5787K(7168K)
[2025-11-08T15:01:43.936+0000][gc            ] GC(925) Pause Young (Normal) (G1 Evacuation Pause) 267M->227M(667M) 25.474ms
[2025-11-08T15:01:43.938+0000][gc,cpu        ] GC(925) User=0.03s Sys=0.00s Real=0.02s
[2025-11-08T15:01:46.432+0000][gc,start      ] GC(926) Pause Young (Normal) (G1 Evacuation Pause)
[2025-11-08T15:01:46.432+0000][gc,task       ] GC(926) Using 2 workers of 2 for evacuation
[2025-11-08T15:01:46.453+0000][gc,mmu        ] GC(926) MMU target violated: 20.7ms (20.0ms/21.0ms)
[2025-11-08T15:01:46.454+0000][gc,phases     ] GC(926)   Pre Evacuate Collection Set: 0.0ms
[2025-11-08T15:01:46.454+0000][gc,phases     ] GC(926)   Evacuate Collection Set: 19.1ms
[2025-11-08T15:01:46.455+0000][gc,phases     ] GC(926)   Post Evacuate Collection Set: 1.4ms
[2025-11-08T15:01:46.455+0000][gc,phases     ] GC(926)   Other: 1.5ms
[2025-11-08T15:01:46.456+0000][gc,heap       ] GC(926) Eden regions: 31->0(36)
[2025-11-08T15:01:46.457+0000][gc,heap       ] GC(926) Survivor regions: 2->4(5)
[2025-11-08T15:01:46.457+0000][gc,heap       ] GC(926) Old regions: 79->79
[2025-11-08T15:01:46.458+0000][gc,heap       ] GC(926) Humongous regions: 147->147
[2025-11-08T15:01:46.458+0000][gc,metaspace  ] GC(926) Metaspace: 52283K(55472K)->52283K(55472K) NonClass: 46495K(48304K)->46495K(48304K) Class: 5787K(7168K)->5787K(7168K)
[2025-11-08T15:01:46.458+0000][gc            ] GC(926) Pause Young (Normal) (G1 Evacuation Pause) 258M->228M(667M) 26.403ms
[2025-11-08T15:01:46.459+0000][gc,cpu        ] GC(926) User=0.05s Sys=0.00s Real=0.02s
[2025-11-08T15:01:48.790+0000][gc,start      ] GC(927) Pause Young (Normal) (G1 Evacuation Pause)
[2025-11-08T15:01:48.791+0000][gc,task       ] GC(927) Using 2 workers of 2 for evacuation
[2025-11-08T15:01:48.812+0000][gc,mmu        ] GC(927) MMU target violated: 20.7ms (20.0ms/21.0ms)
[2025-11-08T15:01:48.812+0000][gc,phases     ] GC(927)   Pre Evacuate Collection Set: 0.0ms
[2025-11-08T15:01:48.813+0000][gc,phases     ] GC(927)   Evacuate Collection Set: 19.0ms
[2025-11-08T15:01:48.814+0000][gc,phases     ] GC(927)   Post Evacuate Collection Set: 1.1ms
[2025-11-08T15:01:48.815+0000][gc,phases     ] GC(927)   Other: 2.1ms
[2025-11-08T15:01:48.815+0000][gc,heap       ] GC(927) Eden regions: 29->0(34)
[2025-11-08T15:01:48.815+0000][gc,heap       ] GC(927) Survivor regions: 4->2(5)
[2025-11-08T15:01:48.816+0000][gc,heap       ] GC(927) Old regions: 79->79
[2025-11-08T15:01:48.817+0000][gc,heap       ] GC(927) Humongous regions: 147->147
[2025-11-08T15:01:48.817+0000][gc,metaspace  ] GC(927) Metaspace: 52283K(55472K)->52283K(55472K) NonClass: 46495K(48304K)->46495K(48304K) Class: 5787K(7168K)->5787K(7168K)
[2025-11-08T15:01:48.818+0000][gc            ] GC(927) Pause Young (Normal) (G1 Evacuation Pause) 257M->227M(667M) 28.225ms
[2025-11-08T15:01:48.819+0000][gc,cpu        ] GC(927) User=0.04s Sys=0.00s Real=0.03s
[2025-11-08T15:01:51.427+0000][gc,start      ] GC(928) Pause Young (Normal) (G1 Evacuation Pause)
[2025-11-08T15:01:51.428+0000][gc,task       ] GC(928) Using 2 workers of 2 for evacuation
[2025-11-08T15:01:51.453+0000][gc,mmu        ] GC(928) MMU target violated: 21.0ms (20.0ms/21.0ms)
[2025-11-08T15:01:51.453+0000][gc,phases     ] GC(928)   Pre Evacuate Collection Set: 0.0ms
[2025-11-08T15:01:51.454+0000][gc,phases     ] GC(928)   Evacuate Collection Set: 21.4ms
[2025-11-08T15:01:51.455+0000][gc,phases     ] GC(928)   Post Evacuate Collection Set: 2.6ms
[2025-11-08T15:01:51.456+0000][gc,phases     ] GC(928)   Other: 2.1ms
[2025-11-08T15:01:51.457+0000][gc,heap       ] GC(928) Eden regions: 34->0(32)
[2025-11-08T15:01:51.457+0000][gc,heap       ] GC(928) Survivor regions: 2->3(5)
[2025-11-08T15:01:51.460+0000][gc,heap       ] GC(928) Old regions: 79->79
[2025-11-08T15:01:51.461+0000][gc,heap       ] GC(928) Humongous regions: 147->147
[2025-11-08T15:01:51.461+0000][gc,metaspace  ] GC(928) Metaspace: 52283K(55472K)->52283K(55472K) NonClass: 46495K(48304K)->46495K(48304K) Class: 5787K(7168K)->5787K(7168K)
[2025-11-08T15:01:51.461+0000][gc            ] GC(928) Pause Young (Normal) (G1 Evacuation Pause) 261M->228M(667M) 34.220ms
[2025-11-08T15:01:51.462+0000][gc,cpu        ] GC(928) User=0.04s Sys=0.00s Real=0.04s
[2025-11-08T15:01:53.840+0000][gc,start      ] GC(929) Pause Young (Normal) (G1 Evacuation Pause)
[2025-11-08T15:01:53.840+0000][gc,task       ] GC(929) Using 2 workers of 2 for evacuation
[2025-11-08T15:01:53.851+0000][gc,phases     ] GC(929)   Pre Evacuate Collection Set: 0.0ms
[2025-11-08T15:01:53.851+0000][gc,phases     ] GC(929)   Evacuate Collection Set: 9.0ms
[2025-11-08T15:01:53.851+0000][gc,phases     ] GC(929)   Post Evacuate Collection Set: 0.9ms
[2025-11-08T15:01:53.852+0000][gc,phases     ] GC(929)   Other: 0.9ms
[2025-11-08T15:01:53.852+0000][gc,heap       ] GC(929) Eden regions: 32->0(36)
[2025-11-08T15:01:53.852+0000][gc,heap       ] GC(929) Survivor regions: 3->2(5)
[2025-11-08T15:01:53.852+0000][gc,heap       ] GC(929) Old regions: 79->79
[2025-11-08T15:01:53.853+0000][gc,heap       ] GC(929) Humongous regions: 147->147
[2025-11-08T15:01:53.853+0000][gc,metaspace  ] GC(929) Metaspace: 52283K(55472K)->52283K(55472K) NonClass: 46495K(48304K)->46495K(48304K) Class: 5787K(7168K)->5787K(7168K)
[2025-11-08T15:01:53.854+0000][gc            ] GC(929) Pause Young (Normal) (G1 Evacuation Pause) 260M->227M(667M) 13.557ms
[2025-11-08T15:01:53.854+0000][gc,cpu        ] GC(929) User=0.02s Sys=0.00s Real=0.02s
[2025-11-08T15:01:56.368+0000][gc,start      ] GC(930) Pause Young (Normal) (G1 Evacuation Pause)
[2025-11-08T15:01:56.368+0000][gc,task       ] GC(930) Using 2 workers of 2 for evacuation
[2025-11-08T15:01:56.380+0000][gc,phases     ] GC(930)   Pre Evacuate Collection Set: 0.0ms
[2025-11-08T15:01:56.381+0000][gc,phases     ] GC(930)   Evacuate Collection Set: 10.2ms
[2025-11-08T15:01:56.381+0000][gc,phases     ] GC(930)   Post Evacuate Collection Set: 1.5ms
[2025-11-08T15:01:56.381+0000][gc,phases     ] GC(930)   Other: 1.2ms
[2025-11-08T15:01:56.382+0000][gc,heap       ] GC(930) Eden regions: 36->0(39)
[2025-11-08T15:01:56.382+0000][gc,heap       ] GC(930) Survivor regions: 2->3(5)
[2025-11-08T15:01:56.382+0000][gc,heap       ] GC(930) Old regions: 79->79
[2025-11-08T15:01:56.383+0000][gc,heap       ] GC(930) Humongous regions: 147->147
[2025-11-08T15:01:56.383+0000][gc,metaspace  ] GC(930) Metaspace: 52283K(55472K)->52283K(55472K) NonClass: 46495K(48304K)->46495K(48304K) Class: 5787K(7168K)->5787K(7168K)
[2025-11-08T15:01:56.383+0000][gc            ] GC(930) Pause Young (Normal) (G1 Evacuation Pause) 263M->228M(667M) 15.880ms
[2025-11-08T15:01:56.384+0000][gc,cpu        ] GC(930) User=0.02s Sys=0.00s Real=0.02s
[2025-11-08T15:01:59.152+0000][gc,start      ] GC(931) Pause Young (Normal) (G1 Evacuation Pause)
[2025-11-08T15:01:59.152+0000][gc,task       ] GC(931) Using 2 workers of 2 for evacuation
[2025-11-08T15:01:59.167+0000][gc,phases     ] GC(931)   Pre Evacuate Collection Set: 0.0ms
[2025-11-08T15:01:59.167+0000][gc,phases     ] GC(931)   Evacuate Collection Set: 12.5ms
[2025-11-08T15:01:59.167+0000][gc,phases     ] GC(931)   Post Evacuate Collection Set: 1.5ms
[2025-11-08T15:01:59.168+0000][gc,phases     ] GC(931)   Other: 1.1ms
[2025-11-08T15:01:59.168+0000][gc,heap       ] GC(931) Eden regions: 39->0(39)
[2025-11-08T15:01:59.168+0000][gc,heap       ] GC(931) Survivor regions: 3->1(6)
[2025-11-08T15:01:59.169+0000][gc,heap       ] GC(931) Old regions: 79->79
[2025-11-08T15:01:59.169+0000][gc,heap       ] GC(931) Humongous regions: 147->147
[2025-11-08T15:01:59.169+0000][gc,metaspace  ] GC(931) Metaspace: 52283K(55472K)->52283K(55472K) NonClass: 46495K(48304K)->46495K(48304K) Class: 5787K(7168K)->5787K(7168K)
[2025-11-08T15:01:59.170+0000][gc            ] GC(931) Pause Young (Normal) (G1 Evacuation Pause) 267M->226M(667M) 18.146ms
[2025-11-08T15:01:59.170+0000][gc,cpu        ] GC(931) User=0.03s Sys=0.00s Real=0.01s
[2025-11-08T15:02:02.273+0000][gc,start      ] GC(932) Pause Young (Normal) (G1 Evacuation Pause)
[2025-11-08T15:02:02.280+0000][gc,task       ] GC(932) Using 2 workers of 2 for evacuation
[2025-11-08T15:02:02.298+0000][gc,phases     ] GC(932)   Pre Evacuate Collection Set: 0.0ms
[2025-11-08T15:02:02.298+0000][gc,phases     ] GC(932)   Evacuate Collection Set: 15.1ms
[2025-11-08T15:02:02.298+0000][gc,phases     ] GC(932)   Post Evacuate Collection Set: 1.6ms
[2025-11-08T15:02:02.299+0000][gc,phases     ] GC(932)   Other: 8.2ms
[2025-11-08T15:02:02.299+0000][gc,heap       ] GC(932) Eden regions: 39->0(39)
[2025-11-08T15:02:02.300+0000][gc,heap       ] GC(932) Survivor regions: 1->2(5)
[2025-11-08T15:02:02.300+0000][gc,heap       ] GC(932) Old regions: 79->79
[2025-11-08T15:02:02.300+0000][gc,heap       ] GC(932) Humongous regions: 147->147
[2025-11-08T15:02:02.301+0000][gc,metaspace  ] GC(932) Metaspace: 52283K(55472K)->52283K(55472K) NonClass: 46495K(48304K)->46495K(48304K) Class: 5787K(7168K)->5787K(7168K)
[2025-11-08T15:02:02.301+0000][gc            ] GC(932) Pause Young (Normal) (G1 Evacuation Pause) 265M->227M(667M) 28.374ms
[2025-11-08T15:02:02.301+0000][gc,cpu        ] GC(932) User=0.03s Sys=0.00s Real=0.03s
[2025-11-08T15:02:04.563+0000][gc,start      ] GC(933) Pause Young (Normal) (G1 Evacuation Pause)
[2025-11-08T15:02:04.566+0000][gc,task       ] GC(933) Using 2 workers of 2 for evacuation
[2025-11-08T15:02:04.584+0000][gc,phases     ] GC(933)   Pre Evacuate Collection Set: 0.0ms
[2025-11-08T15:02:04.585+0000][gc,phases     ] GC(933)   Evacuate Collection Set: 15.4ms
[2025-11-08T15:02:04.585+0000][gc,phases     ] GC(933)   Post Evacuate Collection Set: 1.5ms
[2025-11-08T15:02:04.585+0000][gc,phases     ] GC(933)   Other: 3.7ms
[2025-11-08T15:02:04.586+0000][gc,heap       ] GC(933) Eden regions: 31->0(36)
[2025-11-08T15:02:04.586+0000][gc,heap       ] GC(933) Survivor regions: 2->2(5)
[2025-11-08T15:02:04.586+0000][gc,heap       ] GC(933) Old regions: 79->79
[2025-11-08T15:02:04.587+0000][gc,heap       ] GC(933) Humongous regions: 147->147
[2025-11-08T15:02:04.587+0000][gc,metaspace  ] GC(933) Metaspace: 52283K(55472K)->52283K(55472K) NonClass: 46495K(48304K)->46495K(48304K) Class: 5787K(7168K)->5787K(7168K)
[2025-11-08T15:02:04.588+0000][gc            ] GC(933) Pause Young (Normal) (G1 Evacuation Pause) 258M->227M(667M) 24.531ms
[2025-11-08T15:02:04.589+0000][gc,cpu        ] GC(933) User=0.03s Sys=0.00s Real=0.02s
[2025-11-08T15:02:06.936+0000][gc,start      ] GC(934) Pause Young (Normal) (G1 Evacuation Pause)
[2025-11-08T15:02:06.939+0000][gc,task       ] GC(934) Using 2 workers of 2 for evacuation
[2025-11-08T15:02:06.960+0000][gc,mmu        ] GC(934) MMU target violated: 20.6ms (20.0ms/21.0ms)
[2025-11-08T15:02:06.961+0000][gc,phases     ] GC(934)   Pre Evacuate Collection Set: 0.0ms
[2025-11-08T15:02:06.961+0000][gc,phases     ] GC(934)   Evacuate Collection Set: 17.7ms
[2025-11-08T15:02:06.961+0000][gc,phases     ] GC(934)   Post Evacuate Collection Set: 2.6ms
[2025-11-08T15:02:06.961+0000][gc,phases     ] GC(934)   Other: 4.5ms
[2025-11-08T15:02:06.963+0000][gc,heap       ] GC(934) Eden regions: 31->0(33)
[2025-11-08T15:02:06.964+0000][gc,heap       ] GC(934) Survivor regions: 2->4(5)
[2025-11-08T15:02:06.964+0000][gc,heap       ] GC(934) Old regions: 79->79
[2025-11-08T15:02:06.965+0000][gc,heap       ] GC(934) Humongous regions: 147->147
[2025-11-08T15:02:06.967+0000][gc,metaspace  ] GC(934) Metaspace: 52283K(55472K)->52283K(55472K) NonClass: 46495K(48304K)->46495K(48304K) Class: 5787K(7168K)->5787K(7168K)
[2025-11-08T15:02:06.967+0000][gc            ] GC(934) Pause Young (Normal) (G1 Evacuation Pause) 258M->229M(667M) 30.993ms
[2025-11-08T15:02:06.968+0000][gc,cpu        ] GC(934) User=0.03s Sys=0.00s Real=0.03s
[2025-11-08T15:02:09.077+0000][gc,start      ] GC(935) Pause Young (Normal) (G1 Evacuation Pause)
[2025-11-08T15:02:09.077+0000][gc,task       ] GC(935) Using 2 workers of 2 for evacuation
[2025-11-08T15:02:09.094+0000][gc,phases     ] GC(935)   Pre Evacuate Collection Set: 0.0ms
[2025-11-08T15:02:09.095+0000][gc,phases     ] GC(935)   Evacuate Collection Set: 15.0ms
[2025-11-08T15:02:09.095+0000][gc,phases     ] GC(935)   Post Evacuate Collection Set: 1.2ms
[2025-11-08T15:02:09.095+0000][gc,phases     ] GC(935)   Other: 1.2ms
[2025-11-08T15:02:09.096+0000][gc,heap       ] GC(935) Eden regions: 29->0(33)
[2025-11-08T15:02:09.096+0000][gc,heap       ] GC(935) Survivor regions: 4->2(5)
[2025-11-08T15:02:09.096+0000][gc,heap       ] GC(935) Old regions: 79->80
[2025-11-08T15:02:09.097+0000][gc,heap       ] GC(935) Humongous regions: 147->147
[2025-11-08T15:02:09.097+0000][gc,metaspace  ] GC(935) Metaspace: 52283K(55472K)->52283K(55472K) NonClass: 46495K(48304K)->46495K(48304K) Class: 5787K(7168K)->5787K(7168K)
[2025-11-08T15:02:09.097+0000][gc            ] GC(935) Pause Young (Normal) (G1 Evacuation Pause) 258M->228M(667M) 20.073ms
[2025-11-08T15:02:09.098+0000][gc,cpu        ] GC(935) User=0.04s Sys=0.00s Real=0.02s
[2025-11-08T15:02:11.428+0000][gc,start      ] GC(936) Pause Young (Normal) (G1 Evacuation Pause)
[2025-11-08T15:02:11.429+0000][gc,task       ] GC(936) Using 2 workers of 2 for evacuation
[2025-11-08T15:02:11.445+0000][gc,phases     ] GC(936)   Pre Evacuate Collection Set: 0.0ms
[2025-11-08T15:02:11.446+0000][gc,phases     ] GC(936)   Evacuate Collection Set: 13.8ms
[2025-11-08T15:02:11.446+0000][gc,phases     ] GC(936)   Post Evacuate Collection Set: 1.9ms
[2025-11-08T15:02:11.447+0000][gc,phases     ] GC(936)   Other: 1.1ms
[2025-11-08T15:02:11.447+0000][gc,heap       ] GC(936) Eden regions: 33->0(35)
[2025-11-08T15:02:11.449+0000][gc,heap       ] GC(936) Survivor regions: 2->2(5)
[2025-11-08T15:02:11.450+0000][gc,heap       ] GC(936) Old regions: 80->80
[2025-11-08T15:02:11.450+0000][gc,heap       ] GC(936) Humongous regions: 147->147
[2025-11-08T15:02:11.451+0000][gc,metaspace  ] GC(936) Metaspace: 52283K(55472K)->52283K(55472K) NonClass: 46495K(48304K)->46495K(48304K) Class: 5787K(7168K)->5787K(7168K)
[2025-11-08T15:02:11.451+0000][gc            ] GC(936) Pause Young (Normal) (G1 Evacuation Pause) 261M->228M(667M) 23.062ms
[2025-11-08T15:02:11.452+0000][gc,cpu        ] GC(936) User=0.03s Sys=0.00s Real=0.03s
[2025-11-08T15:02:14.021+0000][gc,start      ] GC(937) Pause Young (Normal) (G1 Evacuation Pause)
[2025-11-08T15:02:14.022+0000][gc,task       ] GC(937) Using 2 workers of 2 for evacuation
[2025-11-08T15:02:14.036+0000][gc,phases     ] GC(937)   Pre Evacuate Collection Set: 0.0ms
[2025-11-08T15:02:14.037+0000][gc,phases     ] GC(937)   Evacuate Collection Set: 12.6ms
[2025-11-08T15:02:14.037+0000][gc,phases     ] GC(937)   Post Evacuate Collection Set: 1.1ms
[2025-11-08T15:02:14.037+0000][gc,phases     ] GC(937)   Other: 1.4ms
[2025-11-08T15:02:14.038+0000][gc,heap       ] GC(937) Eden regions: 35->0(37)
[2025-11-08T15:02:14.038+0000][gc,heap       ] GC(937) Survivor regions: 2->3(5)
[2025-11-08T15:02:14.038+0000][gc,heap       ] GC(937) Old regions: 80->80
[2025-11-08T15:02:14.039+0000][gc,heap       ] GC(937) Humongous regions: 147->147
[2025-11-08T15:02:14.039+0000][gc,metaspace  ] GC(937) Metaspace: 52283K(55472K)->52283K(55472K) NonClass: 46495K(48304K)->46495K(48304K) Class: 5787K(7168K)->5787K(7168K)
[2025-11-08T15:02:14.039+0000][gc            ] GC(937) Pause Young (Normal) (G1 Evacuation Pause) 263M->228M(667M) 17.767ms
[2025-11-08T15:02:14.039+0000][gc,cpu        ] GC(937) User=0.03s Sys=0.00s Real=0.01s
[2025-11-08T15:02:16.946+0000][gc,start      ] GC(938) Pause Young (Normal) (G1 Evacuation Pause)
[2025-11-08T15:02:16.946+0000][gc,task       ] GC(938) Using 2 workers of 2 for evacuation
[2025-11-08T15:02:16.960+0000][gc,phases     ] GC(938)   Pre Evacuate Collection Set: 0.0ms
[2025-11-08T15:02:16.961+0000][gc,phases     ] GC(938)   Evacuate Collection Set: 12.7ms
[2025-11-08T15:02:16.961+0000][gc,phases     ] GC(938)   Post Evacuate Collection Set: 1.1ms
[2025-11-08T15:02:16.961+0000][gc,phases     ] GC(938)   Other: 1.1ms
[2025-11-08T15:02:16.962+0000][gc,heap       ] GC(938) Eden regions: 37->0(39)
[2025-11-08T15:02:16.962+0000][gc,heap       ] GC(938) Survivor regions: 3->3(5)
[2025-11-08T15:02:16.963+0000][gc,heap       ] GC(938) Old regions: 80->80
[2025-11-08T15:02:16.963+0000][gc,heap       ] GC(938) Humongous regions: 147->147
[2025-11-08T15:02:16.964+0000][gc,metaspace  ] GC(938) Metaspace: 52283K(55472K)->52283K(55472K) NonClass: 46495K(48304K)->46495K(48304K) Class: 5787K(7168K)->5787K(7168K)
[2025-11-08T15:02:16.964+0000][gc            ] GC(938) Pause Young (Normal) (G1 Evacuation Pause) 265M->229M(667M) 18.304ms
[2025-11-08T15:02:16.964+0000][gc,cpu        ] GC(938) User=0.03s Sys=0.00s Real=0.02s
[2025-11-08T15:02:19.999+0000][gc,start      ] GC(939) Pause Young (Normal) (G1 Evacuation Pause)
[2025-11-08T15:02:20.000+0000][gc,task       ] GC(939) Using 2 workers of 2 for evacuation
[2025-11-08T15:02:20.020+0000][gc,phases     ] GC(939)   Pre Evacuate Collection Set: 0.0ms
[2025-11-08T15:02:20.020+0000][gc,phases     ] GC(939)   Evacuate Collection Set: 17.1ms
[2025-11-08T15:02:20.021+0000][gc,phases     ] GC(939)   Post Evacuate Collection Set: 1.6ms
[2025-11-08T15:02:20.021+0000][gc,phases     ] GC(939)   Other: 2.2ms
[2025-11-08T15:02:20.023+0000][gc,heap       ] GC(939) Eden regions: 38->0(37)
[2025-11-08T15:02:20.024+0000][gc,heap       ] GC(939) Survivor regions: 3->2(6)
[2025-11-08T15:02:20.024+0000][gc,heap       ] GC(939) Old regions: 80->80
[2025-11-08T15:02:20.025+0000][gc,heap       ] GC(939) Humongous regions: 147->147
[2025-11-08T15:02:20.025+0000][gc,metaspace  ] GC(939) Metaspace: 52283K(55472K)->52283K(55472K) NonClass: 46495K(48304K)->46495K(48304K) Class: 5787K(7168K)->5787K(7168K)
[2025-11-08T15:02:20.026+0000][gc            ] GC(939) Pause Young (Normal) (G1 Evacuation Pause) 267M->227M(667M) 26.824ms
[2025-11-08T15:02:20.027+0000][gc,cpu        ] GC(939) User=0.03s Sys=0.00s Real=0.03s
[2025-11-08T15:02:22.267+0000][gc,start      ] GC(940) Pause Young (Normal) (G1 Evacuation Pause)
[2025-11-08T15:02:22.267+0000][gc,task       ] GC(940) Using 2 workers of 2 for evacuation
[2025-11-08T15:02:22.288+0000][gc,mmu        ] GC(940) MMU target violated: 20.0ms (20.0ms/21.0ms)
[2025-11-08T15:02:22.288+0000][gc,phases     ] GC(940)   Pre Evacuate Collection Set: 0.0ms
[2025-11-08T15:02:22.289+0000][gc,phases     ] GC(940)   Evacuate Collection Set: 18.5ms
[2025-11-08T15:02:22.289+0000][gc,phases     ] GC(940)   Post Evacuate Collection Set: 1.1ms
[2025-11-08T15:02:22.289+0000][gc,phases     ] GC(940)   Other: 1.5ms
[2025-11-08T15:02:22.290+0000][gc,heap       ] GC(940) Eden regions: 31->0(34)
[2025-11-08T15:02:22.290+0000][gc,heap       ] GC(940) Survivor regions: 2->3(5)
[2025-11-08T15:02:22.290+0000][gc,heap       ] GC(940) Old regions: 80->80
[2025-11-08T15:02:22.291+0000][gc,heap       ] GC(940) Humongous regions: 147->147
[2025-11-08T15:02:22.291+0000][gc,metaspace  ] GC(940) Metaspace: 52283K(55472K)->52283K(55472K) NonClass: 46495K(48304K)->46495K(48304K) Class: 5787K(7168K)->5787K(7168K)
[2025-11-08T15:02:22.291+0000][gc            ] GC(940) Pause Young (Normal) (G1 Evacuation Pause) 258M->229M(667M) 24.309ms
[2025-11-08T15:02:22.292+0000][gc,cpu        ] GC(940) User=0.04s Sys=0.00s Real=0.03s
[2025-11-08T15:02:24.687+0000][gc,start      ] GC(941) Pause Young (Normal) (G1 Evacuation Pause)
[2025-11-08T15:02:24.688+0000][gc,task       ] GC(941) Using 2 workers of 2 for evacuation
[2025-11-08T15:02:24.711+0000][gc,mmu        ] GC(941) MMU target violated: 21.0ms (20.0ms/21.0ms)
[2025-11-08T15:02:24.713+0000][gc,phases     ] GC(941)   Pre Evacuate Collection Set: 0.0ms
[2025-11-08T15:02:24.713+0000][gc,phases     ] GC(941)   Evacuate Collection Set: 21.6ms
[2025-11-08T15:02:24.714+0000][gc,phases     ] GC(941)   Post Evacuate Collection Set: 1.1ms
[2025-11-08T15:02:24.715+0000][gc,phases     ] GC(941)   Other: 2.7ms
[2025-11-08T15:02:24.715+0000][gc,heap       ] GC(941) Eden regions: 30->0(31)
[2025-11-08T15:02:24.716+0000][gc,heap       ] GC(941) Survivor regions: 3->3(5)
[2025-11-08T15:02:24.716+0000][gc,heap       ] GC(941) Old regions: 80->80
[2025-11-08T15:02:24.716+0000][gc,heap       ] GC(941) Humongous regions: 147->147
[2025-11-08T15:02:24.717+0000][gc,metaspace  ] GC(941) Metaspace: 52283K(55472K)->52283K(55472K) NonClass: 46495K(48304K)->46495K(48304K) Class: 5787K(7168K)->5787K(7168K)
[2025-11-08T15:02:24.717+0000][gc            ] GC(941) Pause Young (Normal) (G1 Evacuation Pause) 259M->229M(667M) 30.056ms
[2025-11-08T15:02:24.718+0000][gc,cpu        ] GC(941) User=0.04s Sys=0.00s Real=0.03s
[2025-11-08T15:02:27.001+0000][gc,start      ] GC(942) Pause Young (Normal) (G1 Evacuation Pause)
[2025-11-08T15:02:27.001+0000][gc,task       ] GC(942) Using 2 workers of 2 for evacuation
[2025-11-08T15:02:27.012+0000][gc,phases     ] GC(942)   Pre Evacuate Collection Set: 0.0ms
[2025-11-08T15:02:27.013+0000][gc,phases     ] GC(942)   Evacuate Collection Set: 9.1ms
[2025-11-08T15:02:27.013+0000][gc,phases     ] GC(942)   Post Evacuate Collection Set: 1.1ms
[2025-11-08T15:02:27.013+0000][gc,phases     ] GC(942)   Other: 1.0ms
[2025-11-08T15:02:27.014+0000][gc,heap       ] GC(942) Eden regions: 31->0(34)
[2025-11-08T15:02:27.014+0000][gc,heap       ] GC(942) Survivor regions: 3->2(5)
[2025-11-08T15:02:27.014+0000][gc,heap       ] GC(942) Old regions: 80->80
[2025-11-08T15:02:27.015+0000][gc,heap       ] GC(942) Humongous regions: 147->147
[2025-11-08T15:02:27.016+0000][gc,metaspace  ] GC(942) Metaspace: 52283K(55472K)->52283K(55472K) NonClass: 46495K(48304K)->46495K(48304K) Class: 5787K(7168K)->5787K(7168K)
[2025-11-08T15:02:27.016+0000][gc            ] GC(942) Pause Young (Normal) (G1 Evacuation Pause) 260M->228M(667M) 14.976ms
[2025-11-08T15:02:27.016+0000][gc,cpu        ] GC(942) User=0.02s Sys=0.00s Real=0.01s
[2025-11-08T15:02:29.455+0000][gc,start      ] GC(943) Pause Young (Normal) (G1 Evacuation Pause)
[2025-11-08T15:02:29.458+0000][gc,task       ] GC(943) Using 2 workers of 2 for evacuation
[2025-11-08T15:02:29.473+0000][gc,phases     ] GC(943)   Pre Evacuate Collection Set: 0.0ms
[2025-11-08T15:02:29.473+0000][gc,phases     ] GC(943)   Evacuate Collection Set: 12.3ms
[2025-11-08T15:02:29.474+0000][gc,phases     ] GC(943)   Post Evacuate Collection Set: 1.5ms
[2025-11-08T15:02:29.478+0000][gc,phases     ] GC(943)   Other: 3.8ms
[2025-11-08T15:02:29.478+0000][gc,heap       ] GC(943) Eden regions: 34->0(36)
[2025-11-08T15:02:29.478+0000][gc,heap       ] GC(943) Survivor regions: 2->2(5)
[2025-11-08T15:02:29.479+0000][gc,heap       ] GC(943) Old regions: 80->80
[2025-11-08T15:02:29.479+0000][gc,heap       ] GC(943) Humongous regions: 147->147
[2025-11-08T15:02:29.480+0000][gc,metaspace  ] GC(943) Metaspace: 52283K(55472K)->52283K(55472K) NonClass: 46495K(48304K)->46495K(48304K) Class: 5787K(7168K)->5787K(7168K)
[2025-11-08T15:02:29.482+0000][gc            ] GC(943) Pause Young (Normal) (G1 Evacuation Pause) 262M->228M(667M) 27.146ms
[2025-11-08T15:02:29.483+0000][gc,cpu        ] GC(943) User=0.03s Sys=0.00s Real=0.03s
[2025-11-08T15:02:32.057+0000][gc,start      ] GC(944) Pause Young (Normal) (G1 Evacuation Pause)
[2025-11-08T15:02:32.058+0000][gc,task       ] GC(944) Using 2 workers of 2 for evacuation
[2025-11-08T15:02:32.072+0000][gc,phases     ] GC(944)   Pre Evacuate Collection Set: 0.0ms
[2025-11-08T15:02:32.072+0000][gc,phases     ] GC(944)   Evacuate Collection Set: 11.9ms
[2025-11-08T15:02:32.072+0000][gc,phases     ] GC(944)   Post Evacuate Collection Set: 1.1ms
[2025-11-08T15:02:32.073+0000][gc,phases     ] GC(944)   Other: 1.7ms
[2025-11-08T15:02:32.073+0000][gc,heap       ] GC(944) Eden regions: 36->0(38)
[2025-11-08T15:02:32.073+0000][gc,heap       ] GC(944) Survivor regions: 2->3(5)
[2025-11-08T15:02:32.074+0000][gc,heap       ] GC(944) Old regions: 80->80
[2025-11-08T15:02:32.074+0000][gc,heap       ] GC(944) Humongous regions: 147->147
[2025-11-08T15:02:32.074+0000][gc,metaspace  ] GC(944) Metaspace: 52283K(55472K)->52283K(55472K) NonClass: 46495K(48304K)->46495K(48304K) Class: 5787K(7168K)->5787K(7168K)
[2025-11-08T15:02:32.075+0000][gc            ] GC(944) Pause Young (Normal) (G1 Evacuation Pause) 264M->229M(667M) 17.415ms
[2025-11-08T15:02:32.075+0000][gc,cpu        ] GC(944) User=0.02s Sys=0.00s Real=0.02s
[2025-11-08T15:02:34.182+0000][gc,start      ] GC(945) Pause Young (Normal) (G1 Evacuation Pause)
[2025-11-08T15:02:34.182+0000][gc,task       ] GC(945) Using 2 workers of 2 for evacuation
[2025-11-08T15:02:34.194+0000][gc,phases     ] GC(945)   Pre Evacuate Collection Set: 0.0ms
[2025-11-08T15:02:34.194+0000][gc,phases     ] GC(945)   Evacuate Collection Set: 9.5ms
[2025-11-08T15:02:34.194+0000][gc,phases     ] GC(945)   Post Evacuate Collection Set: 1.3ms
[2025-11-08T15:02:34.195+0000][gc,phases     ] GC(945)   Other: 0.8ms
[2025-11-08T15:02:34.195+0000][gc,heap       ] GC(945) Eden regions: 30->0(39)
[2025-11-08T15:02:34.195+0000][gc,heap       ] GC(945) Survivor regions: 3->2(5)
[2025-11-08T15:02:34.195+0000][gc,heap       ] GC(945) Old regions: 80->80
[2025-11-08T15:02:34.196+0000][gc,heap       ] GC(945) Humongous regions: 147->147
[2025-11-08T15:02:34.196+0000][gc,metaspace  ] GC(945) Metaspace: 52283K(55472K)->52283K(55472K) NonClass: 46495K(48304K)->46495K(48304K) Class: 5787K(7168K)->5787K(7168K)
[2025-11-08T15:02:34.196+0000][gc            ] GC(945) Pause Young (Normal) (G1 Evacuation Pause) 259M->228M(667M) 14.380ms
[2025-11-08T15:02:34.197+0000][gc,cpu        ] GC(945) User=0.02s Sys=0.00s Real=0.01s
[2025-11-08T15:02:36.955+0000][gc,start      ] GC(946) Pause Young (Normal) (G1 Evacuation Pause)
[2025-11-08T15:02:36.956+0000][gc,task       ] GC(946) Using 2 workers of 2 for evacuation
[2025-11-08T15:02:36.971+0000][gc,phases     ] GC(946)   Pre Evacuate Collection Set: 0.0ms
[2025-11-08T15:02:36.973+0000][gc,phases     ] GC(946)   Evacuate Collection Set: 13.1ms
[2025-11-08T15:02:36.974+0000][gc,phases     ] GC(946)   Post Evacuate Collection Set: 1.1ms
[2025-11-08T15:02:36.974+0000][gc,phases     ] GC(946)   Other: 2.1ms
[2025-11-08T15:02:36.974+0000][gc,heap       ] GC(946) Eden regions: 39->0(41)
[2025-11-08T15:02:36.975+0000][gc,heap       ] GC(946) Survivor regions: 2->3(6)
[2025-11-08T15:02:36.975+0000][gc,heap       ] GC(946) Old regions: 80->80
[2025-11-08T15:02:36.975+0000][gc,heap       ] GC(946) Humongous regions: 147->147
[2025-11-08T15:02:36.976+0000][gc,metaspace  ] GC(946) Metaspace: 52283K(55472K)->52283K(55472K) NonClass: 46495K(48304K)->46495K(48304K) Class: 5787K(7168K)->5787K(7168K)
[2025-11-08T15:02:36.976+0000][gc            ] GC(946) Pause Young (Normal) (G1 Evacuation Pause) 267M->229M(667M) 21.064ms
[2025-11-08T15:02:36.976+0000][gc,cpu        ] GC(946) User=0.03s Sys=0.00s Real=0.02s
[2025-11-08T15:02:39.371+0000][gc,start      ] GC(947) Pause Young (Normal) (G1 Evacuation Pause)
[2025-11-08T15:02:39.371+0000][gc,task       ] GC(947) Using 2 workers of 2 for evacuation
[2025-11-08T15:02:39.389+0000][gc,phases     ] GC(947)   Pre Evacuate Collection Set: 0.0ms
[2025-11-08T15:02:39.390+0000][gc,phases     ] GC(947)   Evacuate Collection Set: 15.3ms
[2025-11-08T15:02:39.390+0000][gc,phases     ] GC(947)   Post Evacuate Collection Set: 1.9ms
[2025-11-08T15:02:39.391+0000][gc,phases     ] GC(947)   Other: 1.3ms
[2025-11-08T15:02:39.391+0000][gc,heap       ] GC(947) Eden regions: 33->0(39)
[2025-11-08T15:02:39.392+0000][gc,heap       ] GC(947) Survivor regions: 3->3(5)
[2025-11-08T15:02:39.392+0000][gc,heap       ] GC(947) Old regions: 80->80
[2025-11-08T15:02:39.392+0000][gc,heap       ] GC(947) Humongous regions: 147->147
[2025-11-08T15:02:39.392+0000][gc,metaspace  ] GC(947) Metaspace: 52283K(55472K)->52283K(55472K) NonClass: 46495K(48304K)->46495K(48304K) Class: 5787K(7168K)->5787K(7168K)
[2025-11-08T15:02:39.393+0000][gc            ] GC(947) Pause Young (Normal) (G1 Evacuation Pause) 262M->229M(667M) 21.775ms
[2025-11-08T15:02:39.393+0000][gc,cpu        ] GC(947) User=0.03s Sys=0.00s Real=0.02s
[2025-11-08T15:02:41.485+0000][gc,start      ] GC(948) Pause Young (Normal) (G1 Evacuation Pause)
[2025-11-08T15:02:41.486+0000][gc,task       ] GC(948) Using 2 workers of 2 for evacuation
[2025-11-08T15:02:41.506+0000][gc,phases     ] GC(948)   Pre Evacuate Collection Set: 0.0ms
[2025-11-08T15:02:41.507+0000][gc,phases     ] GC(948)   Evacuate Collection Set: 15.7ms
[2025-11-08T15:02:41.508+0000][gc,phases     ] GC(948)   Post Evacuate Collection Set: 1.6ms
[2025-11-08T15:02:41.508+0000][gc,phases     ] GC(948)   Other: 3.7ms
[2025-11-08T15:02:41.508+0000][gc,heap       ] GC(948) Eden regions: 30->0(36)
[2025-11-08T15:02:41.509+0000][gc,heap       ] GC(948) Survivor regions: 3->3(5)
[2025-11-08T15:02:41.509+0000][gc,heap       ] GC(948) Old regions: 80->80
[2025-11-08T15:02:41.509+0000][gc,heap       ] GC(948) Humongous regions: 147->147
[2025-11-08T15:02:41.510+0000][gc,metaspace  ] GC(948) Metaspace: 52283K(55472K)->52283K(55472K) NonClass: 46495K(48304K)->46495K(48304K) Class: 5787K(7168K)->5787K(7168K)
[2025-11-08T15:02:41.511+0000][gc            ] GC(948) Pause Young (Normal) (G1 Evacuation Pause) 259M->229M(667M) 25.894ms
[2025-11-08T15:02:41.512+0000][gc,cpu        ] GC(948) User=0.04s Sys=0.00s Real=0.03s
[2025-11-08T15:02:43.763+0000][gc,start      ] GC(949) Pause Young (Normal) (G1 Evacuation Pause)
[2025-11-08T15:02:43.763+0000][gc,task       ] GC(949) Using 2 workers of 2 for evacuation
[2025-11-08T15:02:43.781+0000][gc,phases     ] GC(949)   Pre Evacuate Collection Set: 0.0ms
[2025-11-08T15:02:43.781+0000][gc,phases     ] GC(949)   Evacuate Collection Set: 15.0ms
[2025-11-08T15:02:43.782+0000][gc,phases     ] GC(949)   Post Evacuate Collection Set: 1.7ms
[2025-11-08T15:02:43.782+0000][gc,phases     ] GC(949)   Other: 1.1ms
[2025-11-08T15:02:43.783+0000][gc,heap       ] GC(949) Eden regions: 30->0(36)
[2025-11-08T15:02:43.783+0000][gc,heap       ] GC(949) Survivor regions: 3->2(5)
[2025-11-08T15:02:43.784+0000][gc,heap       ] GC(949) Old regions: 80->81
[2025-11-08T15:02:43.784+0000][gc,heap       ] GC(949) Humongous regions: 147->147
[2025-11-08T15:02:43.784+0000][gc,metaspace  ] GC(949) Metaspace: 52283K(55472K)->52283K(55472K) NonClass: 46495K(48304K)->46495K(48304K) Class: 5787K(7168K)->5787K(7168K)
[2025-11-08T15:02:43.785+0000][gc            ] GC(949) Pause Young (Normal) (G1 Evacuation Pause) 259M->228M(667M) 21.870ms
[2025-11-08T15:02:43.785+0000][gc,cpu        ] GC(949) User=0.03s Sys=0.00s Real=0.02s
[2025-11-08T15:02:46.034+0000][gc,start      ] GC(950) Pause Young (Normal) (G1 Evacuation Pause)
[2025-11-08T15:02:46.035+0000][gc,task       ] GC(950) Using 2 workers of 2 for evacuation
[2025-11-08T15:02:46.048+0000][gc,phases     ] GC(950)   Pre Evacuate Collection Set: 0.0ms
[2025-11-08T15:02:46.048+0000][gc,phases     ] GC(950)   Evacuate Collection Set: 11.1ms
[2025-11-08T15:02:46.049+0000][gc,phases     ] GC(950)   Post Evacuate Collection Set: 1.2ms
[2025-11-08T15:02:46.049+0000][gc,phases     ] GC(950)   Other: 1.5ms
[2025-11-08T15:02:46.049+0000][gc,heap       ] GC(950) Eden regions: 31->0(36)
[2025-11-08T15:02:46.050+0000][gc,heap       ] GC(950) Survivor regions: 2->2(5)
[2025-11-08T15:02:46.050+0000][gc,heap       ] GC(950) Old regions: 81->81
[2025-11-08T15:02:46.050+0000][gc,heap       ] GC(950) Humongous regions: 147->147
[2025-11-08T15:02:46.051+0000][gc,metaspace  ] GC(950) Metaspace: 52283K(55472K)->52283K(55472K) NonClass: 46495K(48304K)->46495K(48304K) Class: 5787K(7168K)->5787K(7168K)
[2025-11-08T15:02:46.051+0000][gc            ] GC(950) Pause Young (Normal) (G1 Evacuation Pause) 259M->228M(667M) 16.629ms
[2025-11-08T15:02:46.052+0000][gc,cpu        ] GC(950) User=0.02s Sys=0.00s Real=0.02s
[2025-11-08T15:02:48.583+0000][gc,start      ] GC(951) Pause Young (Normal) (G1 Evacuation Pause)
[2025-11-08T15:02:48.583+0000][gc,task       ] GC(951) Using 2 workers of 2 for evacuation
[2025-11-08T15:02:48.602+0000][gc,phases     ] GC(951)   Pre Evacuate Collection Set: 0.0ms
[2025-11-08T15:02:48.603+0000][gc,phases     ] GC(951)   Evacuate Collection Set: 16.8ms
[2025-11-08T15:02:48.603+0000][gc,phases     ] GC(951)   Post Evacuate Collection Set: 1.2ms
[2025-11-08T15:02:48.605+0000][gc,phases     ] GC(951)   Other: 3.8ms
[2025-11-08T15:02:48.605+0000][gc,heap       ] GC(951) Eden regions: 36->0(35)
[2025-11-08T15:02:48.605+0000][gc,heap       ] GC(951) Survivor regions: 2->2(5)
[2025-11-08T15:02:48.606+0000][gc,heap       ] GC(951) Old regions: 81->81
[2025-11-08T15:02:48.607+0000][gc,heap       ] GC(951) Humongous regions: 147->147
[2025-11-08T15:02:48.608+0000][gc,metaspace  ] GC(951) Metaspace: 52283K(55472K)->52283K(55472K) NonClass: 46495K(48304K)->46495K(48304K) Class: 5787K(7168K)->5787K(7168K)
[2025-11-08T15:02:48.609+0000][gc            ] GC(951) Pause Young (Normal) (G1 Evacuation Pause) 264M->228M(667M) 26.337ms
[2025-11-08T15:02:48.611+0000][gc,cpu        ] GC(951) User=0.04s Sys=0.00s Real=0.03s
[2025-11-08T15:02:50.858+0000][gc,start      ] GC(952) Pause Young (Normal) (G1 Evacuation Pause)
[2025-11-08T15:02:50.859+0000][gc,task       ] GC(952) Using 2 workers of 2 for evacuation
[2025-11-08T15:02:50.871+0000][gc,phases     ] GC(952)   Pre Evacuate Collection Set: 0.0ms
[2025-11-08T15:02:50.871+0000][gc,phases     ] GC(952)   Evacuate Collection Set: 10.2ms
[2025-11-08T15:02:50.872+0000][gc,phases     ] GC(952)   Post Evacuate Collection Set: 1.2ms
[2025-11-08T15:02:50.872+0000][gc,phases     ] GC(952)   Other: 0.9ms
[2025-11-08T15:02:50.873+0000][gc,heap       ] GC(952) Eden regions: 31->0(36)
[2025-11-08T15:02:50.873+0000][gc,heap       ] GC(952) Survivor regions: 2->2(5)
[2025-11-08T15:02:50.873+0000][gc,heap       ] GC(952) Old regions: 81->81
[2025-11-08T15:02:50.873+0000][gc,heap       ] GC(952) Humongous regions: 147->147
[2025-11-08T15:02:50.874+0000][gc,metaspace  ] GC(952) Metaspace: 52283K(55472K)->52283K(55472K) NonClass: 46495K(48304K)->46495K(48304K) Class: 5787K(7168K)->5787K(7168K)
[2025-11-08T15:02:50.874+0000][gc            ] GC(952) Pause Young (Normal) (G1 Evacuation Pause) 259M->228M(667M) 16.233ms
[2025-11-08T15:02:50.875+0000][gc,cpu        ] GC(952) User=0.02s Sys=0.00s Real=0.02s
[2025-11-08T15:02:53.394+0000][gc,start      ] GC(953) Pause Young (Normal) (G1 Evacuation Pause)
[2025-11-08T15:02:53.394+0000][gc,task       ] GC(953) Using 2 workers of 2 for evacuation
[2025-11-08T15:02:53.406+0000][gc,phases     ] GC(953)   Pre Evacuate Collection Set: 0.0ms
[2025-11-08T15:02:53.407+0000][gc,phases     ] GC(953)   Evacuate Collection Set: 10.2ms
[2025-11-08T15:02:53.407+0000][gc,phases     ] GC(953)   Post Evacuate Collection Set: 1.1ms
[2025-11-08T15:02:53.407+0000][gc,phases     ] GC(953)   Other: 0.8ms
[2025-11-08T15:02:53.407+0000][gc,heap       ] GC(953) Eden regions: 36->0(38)
[2025-11-08T15:02:53.408+0000][gc,heap       ] GC(953) Survivor regions: 2->2(5)
[2025-11-08T15:02:53.408+0000][gc,heap       ] GC(953) Old regions: 81->81
[2025-11-08T15:02:53.409+0000][gc,heap       ] GC(953) Humongous regions: 147->147
[2025-11-08T15:02:53.409+0000][gc,metaspace  ] GC(953) Metaspace: 52283K(55472K)->52283K(55472K) NonClass: 46495K(48304K)->46495K(48304K) Class: 5787K(7168K)->5787K(7168K)
[2025-11-08T15:02:53.409+0000][gc            ] GC(953) Pause Young (Normal) (G1 Evacuation Pause) 264M->228M(667M) 15.387ms
[2025-11-08T15:02:53.410+0000][gc,cpu        ] GC(953) User=0.02s Sys=0.00s Real=0.01s
[2025-11-08T15:02:56.094+0000][gc,start      ] GC(954) Pause Young (Normal) (G1 Evacuation Pause)
[2025-11-08T15:02:56.094+0000][gc,task       ] GC(954) Using 2 workers of 2 for evacuation
[2025-11-08T15:02:56.107+0000][gc,phases     ] GC(954)   Pre Evacuate Collection Set: 0.0ms
[2025-11-08T15:02:56.107+0000][gc,phases     ] GC(954)   Evacuate Collection Set: 10.3ms
[2025-11-08T15:02:56.107+0000][gc,phases     ] GC(954)   Post Evacuate Collection Set: 1.2ms
[2025-11-08T15:02:56.107+0000][gc,phases     ] GC(954)   Other: 1.1ms
[2025-11-08T15:02:56.108+0000][gc,heap       ] GC(954) Eden regions: 38->0(40)
[2025-11-08T15:02:56.108+0000][gc,heap       ] GC(954) Survivor regions: 2->2(5)
[2025-11-08T15:02:56.108+0000][gc,heap       ] GC(954) Old regions: 81->81
[2025-11-08T15:02:56.109+0000][gc,heap       ] GC(954) Humongous regions: 147->147
[2025-11-08T15:02:56.109+0000][gc,metaspace  ] GC(954) Metaspace: 52283K(55472K)->52283K(55472K) NonClass: 46495K(48304K)->46495K(48304K) Class: 5787K(7168K)->5787K(7168K)
[2025-11-08T15:02:56.109+0000][gc            ] GC(954) Pause Young (Normal) (G1 Evacuation Pause) 266M->229M(667M) 14.820ms
[2025-11-08T15:02:56.109+0000][gc,cpu        ] GC(954) User=0.02s Sys=0.00s Real=0.01s
[2025-11-08T15:02:58.952+0000][gc,start      ] GC(955) Pause Young (Normal) (G1 Evacuation Pause)
[2025-11-08T15:02:58.954+0000][gc,task       ] GC(955) Using 2 workers of 2 for evacuation
[2025-11-08T15:02:58.990+0000][gc,mmu        ] GC(955) MMU target violated: 21.0ms (20.0ms/21.0ms)
[2025-11-08T15:02:58.990+0000][gc,phases     ] GC(955)   Pre Evacuate Collection Set: 1.1ms
[2025-11-08T15:02:58.991+0000][gc,phases     ] GC(955)   Evacuate Collection Set: 31.4ms
[2025-11-08T15:02:58.992+0000][gc,phases     ] GC(955)   Post Evacuate Collection Set: 2.1ms
[2025-11-08T15:02:58.992+0000][gc,phases     ] GC(955)   Other: 3.2ms
[2025-11-08T15:02:58.992+0000][gc,heap       ] GC(955) Eden regions: 40->0(30)
[2025-11-08T15:02:58.993+0000][gc,heap       ] GC(955) Survivor regions: 2->3(6)
[2025-11-08T15:02:58.994+0000][gc,heap       ] GC(955) Old regions: 81->81
[2025-11-08T15:02:58.995+0000][gc,heap       ] GC(955) Humongous regions: 147->147
[2025-11-08T15:02:58.995+0000][gc,metaspace  ] GC(955) Metaspace: 52283K(55472K)->52283K(55472K) NonClass: 46495K(48304K)->46495K(48304K) Class: 5787K(7168K)->5787K(7168K)
[2025-11-08T15:02:58.996+0000][gc            ] GC(955) Pause Young (Normal) (G1 Evacuation Pause) 269M->230M(667M) 43.481ms
[2025-11-08T15:02:58.998+0000][gc,cpu        ] GC(955) User=0.04s Sys=0.00s Real=0.04s
[2025-11-08T15:03:01.341+0000][gc,start      ] GC(956) Pause Young (Normal) (G1 Evacuation Pause)
[2025-11-08T15:03:01.341+0000][gc,task       ] GC(956) Using 2 workers of 2 for evacuation
[2025-11-08T15:03:01.372+0000][gc,mmu        ] GC(956) MMU target violated: 21.0ms (20.0ms/21.0ms)
[2025-11-08T15:03:01.373+0000][gc,phases     ] GC(956)   Pre Evacuate Collection Set: 0.0ms
[2025-11-08T15:03:01.374+0000][gc,phases     ] GC(956)   Evacuate Collection Set: 27.6ms
[2025-11-08T15:03:01.374+0000][gc,phases     ] GC(956)   Post Evacuate Collection Set: 2.7ms
[2025-11-08T15:03:01.375+0000][gc,phases     ] GC(956)   Other: 2.5ms
[2025-11-08T15:03:01.375+0000][gc,heap       ] GC(956) Eden regions: 30->0(30)
[2025-11-08T15:03:01.375+0000][gc,heap       ] GC(956) Survivor regions: 3->3(5)
[2025-11-08T15:03:01.376+0000][gc,heap       ] GC(956) Old regions: 81->81
[2025-11-08T15:03:01.377+0000][gc,heap       ] GC(956) Humongous regions: 147->147
[2025-11-08T15:03:01.377+0000][gc,metaspace  ] GC(956) Metaspace: 52283K(55472K)->52283K(55472K) NonClass: 46495K(48304K)->46495K(48304K) Class: 5787K(7168K)->5787K(7168K)
[2025-11-08T15:03:01.378+0000][gc            ] GC(956) Pause Young (Normal) (G1 Evacuation Pause) 260M->229M(667M) 37.558ms
[2025-11-08T15:03:01.379+0000][gc,cpu        ] GC(956) User=0.04s Sys=0.00s Real=0.03s
[2025-11-08T15:03:03.785+0000][gc,start      ] GC(957) Pause Young (Normal) (G1 Evacuation Pause)
[2025-11-08T15:03:03.785+0000][gc,task       ] GC(957) Using 2 workers of 2 for evacuation
[2025-11-08T15:03:03.836+0000][gc,mmu        ] GC(957) MMU target violated: 21.0ms (20.0ms/21.0ms)
[2025-11-08T15:03:03.837+0000][gc,phases     ] GC(957)   Pre Evacuate Collection Set: 0.0ms
[2025-11-08T15:03:03.838+0000][gc,phases     ] GC(957)   Evacuate Collection Set: 49.4ms
[2025-11-08T15:03:03.838+0000][gc,phases     ] GC(957)   Post Evacuate Collection Set: 0.9ms
[2025-11-08T15:03:03.840+0000][gc,phases     ] GC(957)   Other: 1.6ms
[2025-11-08T15:03:03.840+0000][gc,heap       ] GC(957) Eden regions: 30->0(31)
[2025-11-08T15:03:03.841+0000][gc,heap       ] GC(957) Survivor regions: 3->2(5)
[2025-11-08T15:03:03.841+0000][gc,heap       ] GC(957) Old regions: 81->81
[2025-11-08T15:03:03.842+0000][gc,heap       ] GC(957) Humongous regions: 147->147
[2025-11-08T15:03:03.842+0000][gc,metaspace  ] GC(957) Metaspace: 52283K(55472K)->52283K(55472K) NonClass: 46495K(48304K)->46495K(48304K) Class: 5787K(7168K)->5787K(7168K)
[2025-11-08T15:03:03.842+0000][gc            ] GC(957) Pause Young (Normal) (G1 Evacuation Pause) 259M->229M(667M) 57.425ms
[2025-11-08T15:03:03.843+0000][gc,cpu        ] GC(957) User=0.04s Sys=0.00s Real=0.06s
[2025-11-08T15:03:06.121+0000][gc,start      ] GC(958) Pause Young (Normal) (G1 Evacuation Pause)
[2025-11-08T15:03:06.121+0000][gc,task       ] GC(958) Using 2 workers of 2 for evacuation
[2025-11-08T15:03:06.134+0000][gc,phases     ] GC(958)   Pre Evacuate Collection Set: 0.0ms
[2025-11-08T15:03:06.135+0000][gc,phases     ] GC(958)   Evacuate Collection Set: 11.2ms
[2025-11-08T15:03:06.135+0000][gc,phases     ] GC(958)   Post Evacuate Collection Set: 0.9ms
[2025-11-08T15:03:06.135+0000][gc,phases     ] GC(958)   Other: 1.0ms
[2025-11-08T15:03:06.136+0000][gc,heap       ] GC(958) Eden regions: 31->0(31)
[2025-11-08T15:03:06.136+0000][gc,heap       ] GC(958) Survivor regions: 2->2(5)
[2025-11-08T15:03:06.136+0000][gc,heap       ] GC(958) Old regions: 81->81
[2025-11-08T15:03:06.136+0000][gc,heap       ] GC(958) Humongous regions: 147->147
[2025-11-08T15:03:06.137+0000][gc,metaspace  ] GC(958) Metaspace: 52283K(55472K)->52283K(55472K) NonClass: 46495K(48304K)->46495K(48304K) Class: 5787K(7168K)->5787K(7168K)
[2025-11-08T15:03:06.137+0000][gc            ] GC(958) Pause Young (Normal) (G1 Evacuation Pause) 260M->229M(667M) 16.084ms
[2025-11-08T15:03:06.137+0000][gc,cpu        ] GC(958) User=0.02s Sys=0.00s Real=0.01s
[2025-11-08T15:03:08.385+0000][gc,start      ] GC(959) Pause Young (Normal) (G1 Evacuation Pause)
[2025-11-08T15:03:08.387+0000][gc,task       ] GC(959) Using 2 workers of 2 for evacuation
[2025-11-08T15:03:08.404+0000][gc,phases     ] GC(959)   Pre Evacuate Collection Set: 0.0ms
[2025-11-08T15:03:08.405+0000][gc,phases     ] GC(959)   Evacuate Collection Set: 14.9ms
[2025-11-08T15:03:08.405+0000][gc,phases     ] GC(959)   Post Evacuate Collection Set: 1.1ms
[2025-11-08T15:03:08.405+0000][gc,phases     ] GC(959)   Other: 3.2ms
[2025-11-08T15:03:08.405+0000][gc,heap       ] GC(959) Eden regions: 31->0(29)
[2025-11-08T15:03:08.406+0000][gc,heap       ] GC(959) Survivor regions: 2->4(5)
[2025-11-08T15:03:08.406+0000][gc,heap       ] GC(959) Old regions: 81->81
[2025-11-08T15:03:08.406+0000][gc,heap       ] GC(959) Humongous regions: 147->147
[2025-11-08T15:03:08.407+0000][gc,metaspace  ] GC(959) Metaspace: 52283K(55472K)->52283K(55472K) NonClass: 46495K(48304K)->46495K(48304K) Class: 5787K(7168K)->5787K(7168K)
[2025-11-08T15:03:08.408+0000][gc            ] GC(959) Pause Young (Normal) (G1 Evacuation Pause) 260M->230M(667M) 22.587ms
[2025-11-08T15:03:08.408+0000][gc,cpu        ] GC(959) User=0.04s Sys=0.00s Real=0.02s
[2025-11-08T15:03:10.549+0000][gc,start      ] GC(960) Pause Young (Normal) (G1 Evacuation Pause)
[2025-11-08T15:03:10.550+0000][gc,task       ] GC(960) Using 2 workers of 2 for evacuation
[2025-11-08T15:03:10.564+0000][gc,phases     ] GC(960)   Pre Evacuate Collection Set: 0.0ms
[2025-11-08T15:03:10.564+0000][gc,phases     ] GC(960)   Evacuate Collection Set: 12.5ms
[2025-11-08T15:03:10.564+0000][gc,phases     ] GC(960)   Post Evacuate Collection Set: 1.0ms
[2025-11-08T15:03:10.565+0000][gc,phases     ] GC(960)   Other: 0.9ms
[2025-11-08T15:03:10.565+0000][gc,heap       ] GC(960) Eden regions: 29->0(31)
[2025-11-08T15:03:10.565+0000][gc,heap       ] GC(960) Survivor regions: 4->2(5)
[2025-11-08T15:03:10.566+0000][gc,heap       ] GC(960) Old regions: 81->82
[2025-11-08T15:03:10.566+0000][gc,heap       ] GC(960) Humongous regions: 147->147
[2025-11-08T15:03:10.566+0000][gc,metaspace  ] GC(960) Metaspace: 52283K(55472K)->52283K(55472K) NonClass: 46495K(48304K)->46495K(48304K) Class: 5787K(7168K)->5787K(7168K)
[2025-11-08T15:03:10.566+0000][gc            ] GC(960) Pause Young (Normal) (G1 Evacuation Pause) 259M->230M(667M) 17.059ms
[2025-11-08T15:03:10.567+0000][gc,cpu        ] GC(960) User=0.03s Sys=0.00s Real=0.02s
[2025-11-08T15:03:12.752+0000][gc,start      ] GC(961) Pause Young (Normal) (G1 Evacuation Pause)
[2025-11-08T15:03:12.753+0000][gc,task       ] GC(961) Using 2 workers of 2 for evacuation
[2025-11-08T15:03:12.765+0000][gc,phases     ] GC(961)   Pre Evacuate Collection Set: 0.0ms
[2025-11-08T15:03:12.765+0000][gc,phases     ] GC(961)   Evacuate Collection Set: 10.0ms
[2025-11-08T15:03:12.765+0000][gc,phases     ] GC(961)   Post Evacuate Collection Set: 1.3ms
[2025-11-08T15:03:12.766+0000][gc,phases     ] GC(961)   Other: 1.2ms
[2025-11-08T15:03:12.766+0000][gc,heap       ] GC(961) Eden regions: 31->0(31)
[2025-11-08T15:03:12.766+0000][gc,heap       ] GC(961) Survivor regions: 2->2(5)
[2025-11-08T15:03:12.767+0000][gc,heap       ] GC(961) Old regions: 82->82
[2025-11-08T15:03:12.767+0000][gc,heap       ] GC(961) Humongous regions: 147->147
[2025-11-08T15:03:12.767+0000][gc,metaspace  ] GC(961) Metaspace: 52283K(55472K)->52283K(55472K) NonClass: 46495K(48304K)->46495K(48304K) Class: 5787K(7168K)->5787K(7168K)
[2025-11-08T15:03:12.768+0000][gc            ] GC(961) Pause Young (Normal) (G1 Evacuation Pause) 261M->230M(667M) 15.376ms
[2025-11-08T15:03:12.768+0000][gc,cpu        ] GC(961) User=0.02s Sys=0.00s Real=0.01s
[2025-11-08T15:03:15.151+0000][gc,start      ] GC(962) Pause Young (Normal) (G1 Evacuation Pause)
[2025-11-08T15:03:15.152+0000][gc,task       ] GC(962) Using 2 workers of 2 for evacuation
[2025-11-08T15:03:15.167+0000][gc,phases     ] GC(962)   Pre Evacuate Collection Set: 0.0ms
[2025-11-08T15:03:15.167+0000][gc,phases     ] GC(962)   Evacuate Collection Set: 12.5ms
[2025-11-08T15:03:15.167+0000][gc,phases     ] GC(962)   Post Evacuate Collection Set: 1.3ms
[2025-11-08T15:03:15.168+0000][gc,phases     ] GC(962)   Other: 1.7ms
[2025-11-08T15:03:15.168+0000][gc,heap       ] GC(962) Eden regions: 31->0(32)
[2025-11-08T15:03:15.169+0000][gc,heap       ] GC(962) Survivor regions: 2->2(5)
[2025-11-08T15:03:15.169+0000][gc,heap       ] GC(962) Old regions: 82->82
[2025-11-08T15:03:15.169+0000][gc,heap       ] GC(962) Humongous regions: 147->147
[2025-11-08T15:03:15.170+0000][gc,metaspace  ] GC(962) Metaspace: 52283K(55472K)->52283K(55472K) NonClass: 46495K(48304K)->46495K(48304K) Class: 5787K(7168K)->5787K(7168K)
[2025-11-08T15:03:15.170+0000][gc            ] GC(962) Pause Young (Normal) (G1 Evacuation Pause) 261M->229M(667M) 18.642ms
[2025-11-08T15:03:15.170+0000][gc,cpu        ] GC(962) User=0.02s Sys=0.00s Real=0.01s
[2025-11-08T15:03:17.504+0000][gc,start      ] GC(963) Pause Young (Normal) (G1 Evacuation Pause)
[2025-11-08T15:03:17.504+0000][gc,task       ] GC(963) Using 2 workers of 2 for evacuation
[2025-11-08T15:03:17.513+0000][gc,phases     ] GC(963)   Pre Evacuate Collection Set: 0.0ms
[2025-11-08T15:03:17.514+0000][gc,phases     ] GC(963)   Evacuate Collection Set: 7.6ms
[2025-11-08T15:03:17.514+0000][gc,phases     ] GC(963)   Post Evacuate Collection Set: 0.8ms
[2025-11-08T15:03:17.514+0000][gc,phases     ] GC(963)   Other: 1.1ms
[2025-11-08T15:03:17.514+0000][gc,heap       ] GC(963) Eden regions: 32->0(35)
[2025-11-08T15:03:17.514+0000][gc,heap       ] GC(963) Survivor regions: 2->2(5)
[2025-11-08T15:03:17.515+0000][gc,heap       ] GC(963) Old regions: 82->82
[2025-11-08T15:03:17.515+0000][gc,heap       ] GC(963) Humongous regions: 147->147
[2025-11-08T15:03:17.515+0000][gc,metaspace  ] GC(963) Metaspace: 52283K(55472K)->52283K(55472K) NonClass: 46495K(48304K)->46495K(48304K) Class: 5787K(7168K)->5787K(7168K)
[2025-11-08T15:03:17.516+0000][gc            ] GC(963) Pause Young (Normal) (G1 Evacuation Pause) 261M->229M(667M) 11.849ms
[2025-11-08T15:03:17.516+0000][gc,cpu        ] GC(963) User=0.02s Sys=0.00s Real=0.01s
[2025-11-08T15:03:20.082+0000][gc,start      ] GC(964) Pause Young (Normal) (G1 Evacuation Pause)
[2025-11-08T15:03:20.082+0000][gc,task       ] GC(964) Using 2 workers of 2 for evacuation
[2025-11-08T15:03:20.095+0000][gc,phases     ] GC(964)   Pre Evacuate Collection Set: 0.0ms
[2025-11-08T15:03:20.096+0000][gc,phases     ] GC(964)   Evacuate Collection Set: 11.4ms
[2025-11-08T15:03:20.096+0000][gc,phases     ] GC(964)   Post Evacuate Collection Set: 1.3ms
[2025-11-08T15:03:20.097+0000][gc,phases     ] GC(964)   Other: 1.1ms
[2025-11-08T15:03:20.098+0000][gc,heap       ] GC(964) Eden regions: 35->0(36)
[2025-11-08T15:03:20.099+0000][gc,heap       ] GC(964) Survivor regions: 2->2(5)
[2025-11-08T15:03:20.099+0000][gc,heap       ] GC(964) Old regions: 82->82
[2025-11-08T15:03:20.100+0000][gc,heap       ] GC(964) Humongous regions: 147->147
[2025-11-08T15:03:20.100+0000][gc,metaspace  ] GC(964) Metaspace: 52283K(55472K)->52283K(55472K) NonClass: 46495K(48304K)->46495K(48304K) Class: 5787K(7168K)->5787K(7168K)
[2025-11-08T15:03:20.101+0000][gc            ] GC(964) Pause Young (Normal) (G1 Evacuation Pause) 264M->229M(667M) 19.222ms
[2025-11-08T15:03:20.101+0000][gc,cpu        ] GC(964) User=0.03s Sys=0.00s Real=0.02s
[2025-11-08T15:03:22.655+0000][gc,start      ] GC(965) Pause Young (Normal) (G1 Evacuation Pause)
[2025-11-08T15:03:22.657+0000][gc,task       ] GC(965) Using 2 workers of 2 for evacuation
[2025-11-08T15:03:22.675+0000][gc,phases     ] GC(965)   Pre Evacuate Collection Set: 0.0ms
[2025-11-08T15:03:22.675+0000][gc,phases     ] GC(965)   Evacuate Collection Set: 15.7ms
[2025-11-08T15:03:22.675+0000][gc,phases     ] GC(965)   Post Evacuate Collection Set: 1.1ms
[2025-11-08T15:03:22.676+0000][gc,phases     ] GC(965)   Other: 2.8ms
[2025-11-08T15:03:22.676+0000][gc,heap       ] GC(965) Eden regions: 36->0(36)
[2025-11-08T15:03:22.676+0000][gc,heap       ] GC(965) Survivor regions: 2->2(5)
[2025-11-08T15:03:22.677+0000][gc,heap       ] GC(965) Old regions: 82->82
[2025-11-08T15:03:22.677+0000][gc,heap       ] GC(965) Humongous regions: 147->147
[2025-11-08T15:03:22.678+0000][gc,metaspace  ] GC(965) Metaspace: 52283K(55472K)->52283K(55472K) NonClass: 46495K(48304K)->46495K(48304K) Class: 5787K(7168K)->5787K(7168K)
[2025-11-08T15:03:22.678+0000][gc            ] GC(965) Pause Young (Normal) (G1 Evacuation Pause) 265M->230M(667M) 22.967ms
[2025-11-08T15:03:22.678+0000][gc,cpu        ] GC(965) User=0.03s Sys=0.00s Real=0.02s
[2025-11-08T15:03:25.043+0000][gc,start      ] GC(966) Pause Young (Normal) (G1 Evacuation Pause)
[2025-11-08T15:03:25.044+0000][gc,task       ] GC(966) Using 2 workers of 2 for evacuation
[2025-11-08T15:03:25.058+0000][gc,phases     ] GC(966)   Pre Evacuate Collection Set: 0.0ms
[2025-11-08T15:03:25.059+0000][gc,phases     ] GC(966)   Evacuate Collection Set: 12.0ms
[2025-11-08T15:03:25.059+0000][gc,phases     ] GC(966)   Post Evacuate Collection Set: 1.6ms
[2025-11-08T15:03:25.060+0000][gc,phases     ] GC(966)   Other: 1.3ms
[2025-11-08T15:03:25.061+0000][gc,heap       ] GC(966) Eden regions: 31->0(35)
[2025-11-08T15:03:25.061+0000][gc,heap       ] GC(966) Survivor regions: 2->2(5)
[2025-11-08T15:03:25.061+0000][gc,heap       ] GC(966) Old regions: 82->82
[2025-11-08T15:03:25.062+0000][gc,heap       ] GC(966) Humongous regions: 147->147
[2025-11-08T15:03:25.062+0000][gc,metaspace  ] GC(966) Metaspace: 52283K(55472K)->52283K(55472K) NonClass: 46495K(48304K)->46495K(48304K) Class: 5787K(7168K)->5787K(7168K)
[2025-11-08T15:03:25.063+0000][gc            ] GC(966) Pause Young (Normal) (G1 Evacuation Pause) 261M->229M(667M) 19.545ms
[2025-11-08T15:03:25.067+0000][gc,cpu        ] GC(966) User=0.03s Sys=0.00s Real=0.02s
[2025-11-08T15:03:27.207+0000][gc,start      ] GC(967) Pause Young (Normal) (G1 Evacuation Pause)
[2025-11-08T15:03:27.207+0000][gc,task       ] GC(967) Using 2 workers of 2 for evacuation
[2025-11-08T15:03:27.221+0000][gc,phases     ] GC(967)   Pre Evacuate Collection Set: 0.0ms
[2025-11-08T15:03:27.221+0000][gc,phases     ] GC(967)   Evacuate Collection Set: 11.7ms
[2025-11-08T15:03:27.221+0000][gc,phases     ] GC(967)   Post Evacuate Collection Set: 1.0ms
[2025-11-08T15:03:27.221+0000][gc,phases     ] GC(967)   Other: 0.8ms
[2025-11-08T15:03:27.222+0000][gc,heap       ] GC(967) Eden regions: 31->0(35)
[2025-11-08T15:03:27.222+0000][gc,heap       ] GC(967) Survivor regions: 2->4(5)
[2025-11-08T15:03:27.222+0000][gc,heap       ] GC(967) Old regions: 82->82
[2025-11-08T15:03:27.223+0000][gc,heap       ] GC(967) Humongous regions: 147->147
[2025-11-08T15:03:27.223+0000][gc,metaspace  ] GC(967) Metaspace: 52283K(55472K)->52283K(55472K) NonClass: 46495K(48304K)->46495K(48304K) Class: 5787K(7168K)->5787K(7168K)
[2025-11-08T15:03:27.223+0000][gc            ] GC(967) Pause Young (Normal) (G1 Evacuation Pause) 260M->231M(667M) 15.831ms
[2025-11-08T15:03:27.223+0000][gc,cpu        ] GC(967) User=0.02s Sys=0.00s Real=0.02s
[2025-11-08T15:03:29.689+0000][gc,start      ] GC(968) Pause Young (Normal) (G1 Evacuation Pause)
[2025-11-08T15:03:29.690+0000][gc,task       ] GC(968) Using 2 workers of 2 for evacuation
[2025-11-08T15:03:29.703+0000][gc,phases     ] GC(968)   Pre Evacuate Collection Set: 0.0ms
[2025-11-08T15:03:29.703+0000][gc,phases     ] GC(968)   Evacuate Collection Set: 10.8ms
[2025-11-08T15:03:29.703+0000][gc,phases     ] GC(968)   Post Evacuate Collection Set: 1.3ms
[2025-11-08T15:03:29.703+0000][gc,phases     ] GC(968)   Other: 1.1ms
[2025-11-08T15:03:29.704+0000][gc,heap       ] GC(968) Eden regions: 35->0(37)
[2025-11-08T15:03:29.704+0000][gc,heap       ] GC(968) Survivor regions: 4->1(5)
[2025-11-08T15:03:29.704+0000][gc,heap       ] GC(968) Old regions: 82->82
[2025-11-08T15:03:29.705+0000][gc,heap       ] GC(968) Humongous regions: 147->147
[2025-11-08T15:03:29.705+0000][gc,metaspace  ] GC(968) Metaspace: 52283K(55472K)->52283K(55472K) NonClass: 46495K(48304K)->46495K(48304K) Class: 5787K(7168K)->5787K(7168K)
[2025-11-08T15:03:29.705+0000][gc            ] GC(968) Pause Young (Normal) (G1 Evacuation Pause) 266M->229M(667M) 15.733ms
[2025-11-08T15:03:29.705+0000][gc,cpu        ] GC(968) User=0.03s Sys=0.00s Real=0.02s
[2025-11-08T15:03:32.306+0000][gc,start      ] GC(969) Pause Young (Normal) (G1 Evacuation Pause)
[2025-11-08T15:03:32.307+0000][gc,task       ] GC(969) Using 2 workers of 2 for evacuation
[2025-11-08T15:03:32.323+0000][gc,phases     ] GC(969)   Pre Evacuate Collection Set: 0.0ms
[2025-11-08T15:03:32.323+0000][gc,phases     ] GC(969)   Evacuate Collection Set: 12.7ms
[2025-11-08T15:03:32.324+0000][gc,phases     ] GC(969)   Post Evacuate Collection Set: 1.5ms
[2025-11-08T15:03:32.325+0000][gc,phases     ] GC(969)   Other: 2.4ms
[2025-11-08T15:03:32.325+0000][gc,heap       ] GC(969) Eden regions: 37->0(38)
[2025-11-08T15:03:32.325+0000][gc,heap       ] GC(969) Survivor regions: 1->2(5)
[2025-11-08T15:03:32.326+0000][gc,heap       ] GC(969) Old regions: 82->82
[2025-11-08T15:03:32.327+0000][gc,heap       ] GC(969) Humongous regions: 147->147
[2025-11-08T15:03:32.328+0000][gc,metaspace  ] GC(969) Metaspace: 52283K(55472K)->52283K(55472K) NonClass: 46495K(48304K)->46495K(48304K) Class: 5787K(7168K)->5787K(7168K)
[2025-11-08T15:03:32.328+0000][gc            ] GC(969) Pause Young (Normal) (G1 Evacuation Pause) 266M->230M(667M) 22.108ms
[2025-11-08T15:03:32.329+0000][gc,cpu        ] GC(969) User=0.03s Sys=0.00s Real=0.02s
[2025-11-08T15:03:35.166+0000][gc,start      ] GC(970) Pause Young (Normal) (G1 Evacuation Pause)
[2025-11-08T15:03:35.166+0000][gc,task       ] GC(970) Using 2 workers of 2 for evacuation
[2025-11-08T15:03:35.180+0000][gc,phases     ] GC(970)   Pre Evacuate Collection Set: 0.0ms
[2025-11-08T15:03:35.181+0000][gc,phases     ] GC(970)   Evacuate Collection Set: 12.7ms
[2025-11-08T15:03:35.181+0000][gc,phases     ] GC(970)   Post Evacuate Collection Set: 1.3ms
[2025-11-08T15:03:35.181+0000][gc,phases     ] GC(970)   Other: 0.9ms
[2025-11-08T15:03:35.182+0000][gc,heap       ] GC(970) Eden regions: 38->0(39)
[2025-11-08T15:03:35.182+0000][gc,heap       ] GC(970) Survivor regions: 2->2(5)
[2025-11-08T15:03:35.182+0000][gc,heap       ] GC(970) Old regions: 82->82
[2025-11-08T15:03:35.182+0000][gc,heap       ] GC(970) Humongous regions: 147->147
[2025-11-08T15:03:35.184+0000][gc,metaspace  ] GC(970) Metaspace: 52283K(55472K)->52283K(55472K) NonClass: 46495K(48304K)->46495K(48304K) Class: 5787K(7168K)->5787K(7168K)
[2025-11-08T15:03:35.184+0000][gc            ] GC(970) Pause Young (Normal) (G1 Evacuation Pause) 268M->230M(667M) 18.463ms
[2025-11-08T15:03:35.184+0000][gc,cpu        ] GC(970) User=0.02s Sys=0.00s Real=0.02s
[2025-11-08T15:03:37.928+0000][gc,start      ] GC(971) Pause Young (Normal) (G1 Evacuation Pause)
[2025-11-08T15:03:37.928+0000][gc,task       ] GC(971) Using 2 workers of 2 for evacuation
[2025-11-08T15:03:37.942+0000][gc,phases     ] GC(971)   Pre Evacuate Collection Set: 0.0ms
[2025-11-08T15:03:37.942+0000][gc,phases     ] GC(971)   Evacuate Collection Set: 11.3ms
[2025-11-08T15:03:37.943+0000][gc,phases     ] GC(971)   Post Evacuate Collection Set: 1.2ms
[2025-11-08T15:03:37.943+0000][gc,phases     ] GC(971)   Other: 1.2ms
[2025-11-08T15:03:37.943+0000][gc,heap       ] GC(971) Eden regions: 39->0(40)
[2025-11-08T15:03:37.943+0000][gc,heap       ] GC(971) Survivor regions: 2->3(6)
[2025-11-08T15:03:37.944+0000][gc,heap       ] GC(971) Old regions: 82->82
[2025-11-08T15:03:37.944+0000][gc,heap       ] GC(971) Humongous regions: 147->147
[2025-11-08T15:03:37.945+0000][gc,metaspace  ] GC(971) Metaspace: 52283K(55472K)->52283K(55472K) NonClass: 46495K(48304K)->46495K(48304K) Class: 5787K(7168K)->5787K(7168K)
[2025-11-08T15:03:37.945+0000][gc            ] GC(971) Pause Young (Normal) (G1 Evacuation Pause) 269M->231M(667M) 16.899ms
[2025-11-08T15:03:37.945+0000][gc,cpu        ] GC(971) User=0.02s Sys=0.00s Real=0.02s
[2025-11-08T15:03:40.319+0000][gc,start      ] GC(972) Pause Young (Normal) (G1 Evacuation Pause)
[2025-11-08T15:03:40.320+0000][gc,task       ] GC(972) Using 2 workers of 2 for evacuation
[2025-11-08T15:03:40.337+0000][gc,phases     ] GC(972)   Pre Evacuate Collection Set: 0.0ms
[2025-11-08T15:03:40.337+0000][gc,phases     ] GC(972)   Evacuate Collection Set: 15.3ms
[2025-11-08T15:03:40.338+0000][gc,phases     ] GC(972)   Post Evacuate Collection Set: 1.4ms
[2025-11-08T15:03:40.340+0000][gc,phases     ] GC(972)   Other: 1.1ms
[2025-11-08T15:03:40.340+0000][gc,heap       ] GC(972) Eden regions: 33->0(39)
[2025-11-08T15:03:40.341+0000][gc,heap       ] GC(972) Survivor regions: 3->3(5)
[2025-11-08T15:03:40.341+0000][gc,heap       ] GC(972) Old regions: 82->82
[2025-11-08T15:03:40.342+0000][gc,heap       ] GC(972) Humongous regions: 147->147
[2025-11-08T15:03:40.342+0000][gc,metaspace  ] GC(972) Metaspace: 52283K(55472K)->52283K(55472K) NonClass: 46495K(48304K)->46495K(48304K) Class: 5787K(7168K)->5787K(7168K)
[2025-11-08T15:03:40.342+0000][gc            ] GC(972) Pause Young (Normal) (G1 Evacuation Pause) 264M->231M(667M) 23.005ms
[2025-11-08T15:03:40.343+0000][gc,cpu        ] GC(972) User=0.03s Sys=0.00s Real=0.03s
[2025-11-08T15:03:42.453+0000][gc,start      ] GC(973) Pause Young (Normal) (G1 Evacuation Pause)
[2025-11-08T15:03:42.453+0000][gc,task       ] GC(973) Using 2 workers of 2 for evacuation
[2025-11-08T15:03:42.467+0000][gc,phases     ] GC(973)   Pre Evacuate Collection Set: 0.0ms
[2025-11-08T15:03:42.468+0000][gc,phases     ] GC(973)   Evacuate Collection Set: 12.4ms
[2025-11-08T15:03:42.468+0000][gc,phases     ] GC(973)   Post Evacuate Collection Set: 1.1ms
[2025-11-08T15:03:42.469+0000][gc,phases     ] GC(973)   Other: 1.1ms
[2025-11-08T15:03:42.469+0000][gc,heap       ] GC(973) Eden regions: 30->0(39)
[2025-11-08T15:03:42.469+0000][gc,heap       ] GC(973) Survivor regions: 3->3(5)
[2025-11-08T15:03:42.470+0000][gc,heap       ] GC(973) Old regions: 82->82
[2025-11-08T15:03:42.470+0000][gc,heap       ] GC(973) Humongous regions: 147->147
[2025-11-08T15:03:42.470+0000][gc,metaspace  ] GC(973) Metaspace: 52283K(55472K)->52283K(55472K) NonClass: 46495K(48304K)->46495K(48304K) Class: 5787K(7168K)->5787K(7168K)
[2025-11-08T15:03:42.471+0000][gc            ] GC(973) Pause Young (Normal) (G1 Evacuation Pause) 261M->231M(667M) 17.724ms
[2025-11-08T15:03:42.471+0000][gc,cpu        ] GC(973) User=0.03s Sys=0.00s Real=0.01s
[2025-11-08T15:03:44.520+0000][gc,start      ] GC(974) Pause Young (Normal) (G1 Evacuation Pause)
[2025-11-08T15:03:44.521+0000][gc,task       ] GC(974) Using 2 workers of 2 for evacuation
[2025-11-08T15:03:44.531+0000][gc,phases     ] GC(974)   Pre Evacuate Collection Set: 0.0ms
[2025-11-08T15:03:44.531+0000][gc,phases     ] GC(974)   Evacuate Collection Set: 8.4ms
[2025-11-08T15:03:44.531+0000][gc,phases     ] GC(974)   Post Evacuate Collection Set: 1.4ms
[2025-11-08T15:03:44.532+0000][gc,phases     ] GC(974)   Other: 0.7ms
[2025-11-08T15:03:44.532+0000][gc,heap       ] GC(974) Eden regions: 30->0(43)
[2025-11-08T15:03:44.532+0000][gc,heap       ] GC(974) Survivor regions: 3->2(5)
[2025-11-08T15:03:44.533+0000][gc,heap       ] GC(974) Old regions: 82->82
[2025-11-08T15:03:44.533+0000][gc,heap       ] GC(974) Humongous regions: 147->147
[2025-11-08T15:03:44.533+0000][gc,metaspace  ] GC(974) Metaspace: 52283K(55472K)->52283K(55472K) NonClass: 46495K(48304K)->46495K(48304K) Class: 5787K(7168K)->5787K(7168K)
[2025-11-08T15:03:44.533+0000][gc            ] GC(974) Pause Young (Normal) (G1 Evacuation Pause) 261M->230M(667M) 12.949ms
[2025-11-08T15:03:44.534+0000][gc,cpu        ] GC(974) User=0.02s Sys=0.00s Real=0.02s
[2025-11-08T15:03:47.157+0000][gc,start      ] GC(975) Pause Young (Normal) (G1 Evacuation Pause)
[2025-11-08T15:03:47.157+0000][gc,task       ] GC(975) Using 2 workers of 2 for evacuation
[2025-11-08T15:03:47.174+0000][gc,phases     ] GC(975)   Pre Evacuate Collection Set: 0.0ms
[2025-11-08T15:03:47.175+0000][gc,phases     ] GC(975)   Evacuate Collection Set: 14.9ms
[2025-11-08T15:03:47.175+0000][gc,phases     ] GC(975)   Post Evacuate Collection Set: 1.7ms
[2025-11-08T15:03:47.176+0000][gc,phases     ] GC(975)   Other: 0.9ms
[2025-11-08T15:03:47.176+0000][gc,heap       ] GC(975) Eden regions: 33->0(38)
[2025-11-08T15:03:47.177+0000][gc,heap       ] GC(975) Survivor regions: 2->2(5)
[2025-11-08T15:03:47.177+0000][gc,heap       ] GC(975) Old regions: 82->82
[2025-11-08T15:03:47.178+0000][gc,heap       ] GC(975) Humongous regions: 147->147
[2025-11-08T15:03:47.179+0000][gc,metaspace  ] GC(975) Metaspace: 52283K(55472K)->52283K(55472K) NonClass: 46495K(48304K)->46495K(48304K) Class: 5787K(7168K)->5787K(7168K)
[2025-11-08T15:03:47.179+0000][gc            ] GC(975) Pause Young (Normal) (G1 Evacuation Pause) 263M->230M(667M) 22.480ms
[2025-11-08T15:03:47.180+0000][gc,cpu        ] GC(975) User=0.04s Sys=0.00s Real=0.02s
[2025-11-08T15:03:49.521+0000][gc,start      ] GC(976) Pause Young (Normal) (G1 Evacuation Pause)
[2025-11-08T15:03:49.521+0000][gc,task       ] GC(976) Using 2 workers of 2 for evacuation
[2025-11-08T15:03:49.545+0000][gc,mmu        ] GC(976) MMU target violated: 21.0ms (20.0ms/21.0ms)
[2025-11-08T15:03:49.546+0000][gc,phases     ] GC(976)   Pre Evacuate Collection Set: 0.0ms
[2025-11-08T15:03:49.547+0000][gc,phases     ] GC(976)   Evacuate Collection Set: 20.8ms
[2025-11-08T15:03:49.547+0000][gc,phases     ] GC(976)   Post Evacuate Collection Set: 1.7ms
[2025-11-08T15:03:49.550+0000][gc,phases     ] GC(976)   Other: 3.2ms
[2025-11-08T15:03:49.550+0000][gc,heap       ] GC(976) Eden regions: 31->0(33)
[2025-11-08T15:03:49.551+0000][gc,heap       ] GC(976) Survivor regions: 2->2(5)
[2025-11-08T15:03:49.551+0000][gc,heap       ] GC(976) Old regions: 82->83
[2025-11-08T15:03:49.552+0000][gc,heap       ] GC(976) Humongous regions: 147->147
[2025-11-08T15:03:49.553+0000][gc,metaspace  ] GC(976) Metaspace: 52283K(55472K)->52283K(55472K) NonClass: 46495K(48304K)->46495K(48304K) Class: 5787K(7168K)->5787K(7168K)
[2025-11-08T15:03:49.553+0000][gc            ] GC(976) Pause Young (Normal) (G1 Evacuation Pause) 261M->230M(667M) 32.687ms
[2025-11-08T15:03:49.555+0000][gc,cpu        ] GC(976) User=0.03s Sys=0.00s Real=0.04s
[2025-11-08T15:03:52.036+0000][gc,start      ] GC(977) Pause Young (Normal) (G1 Evacuation Pause)
[2025-11-08T15:03:52.037+0000][gc,task       ] GC(977) Using 2 workers of 2 for evacuation
[2025-11-08T15:03:52.063+0000][gc,mmu        ] GC(977) MMU target violated: 21.0ms (20.0ms/21.0ms)
[2025-11-08T15:03:52.063+0000][gc,phases     ] GC(977)   Pre Evacuate Collection Set: 0.0ms
[2025-11-08T15:03:52.065+0000][gc,phases     ] GC(977)   Evacuate Collection Set: 22.2ms
[2025-11-08T15:03:52.067+0000][gc,phases     ] GC(977)   Post Evacuate Collection Set: 2.0ms
[2025-11-08T15:03:52.067+0000][gc,phases     ] GC(977)   Other: 2.8ms
[2025-11-08T15:03:52.068+0000][gc,heap       ] GC(977) Eden regions: 31->0(30)
[2025-11-08T15:03:52.068+0000][gc,heap       ] GC(977) Survivor regions: 2->3(5)
[2025-11-08T15:03:52.068+0000][gc,heap       ] GC(977) Old regions: 83->83
[2025-11-08T15:03:52.069+0000][gc,heap       ] GC(977) Humongous regions: 147->147
[2025-11-08T15:03:52.069+0000][gc,metaspace  ] GC(977) Metaspace: 52283K(55472K)->52283K(55472K) NonClass: 46495K(48304K)->46495K(48304K) Class: 5787K(7168K)->5787K(7168K)
[2025-11-08T15:03:52.070+0000][gc            ] GC(977) Pause Young (Normal) (G1 Evacuation Pause) 261M->231M(667M) 33.331ms
[2025-11-08T15:03:52.070+0000][gc,cpu        ] GC(977) User=0.04s Sys=0.00s Real=0.03s
[2025-11-08T15:03:54.187+0000][gc,start      ] GC(978) Pause Young (Normal) (G1 Evacuation Pause)
[2025-11-08T15:03:54.188+0000][gc,task       ] GC(978) Using 2 workers of 2 for evacuation
[2025-11-08T15:03:54.207+0000][gc,phases     ] GC(978)   Pre Evacuate Collection Set: 0.0ms
[2025-11-08T15:03:54.207+0000][gc,phases     ] GC(978)   Evacuate Collection Set: 16.5ms
[2025-11-08T15:03:54.207+0000][gc,phases     ] GC(978)   Post Evacuate Collection Set: 1.2ms
[2025-11-08T15:03:54.208+0000][gc,phases     ] GC(978)   Other: 1.8ms
[2025-11-08T15:03:54.208+0000][gc,heap       ] GC(978) Eden regions: 30->0(30)
[2025-11-08T15:03:54.208+0000][gc,heap       ] GC(978) Survivor regions: 3->3(5)
[2025-11-08T15:03:54.209+0000][gc,heap       ] GC(978) Old regions: 83->83
[2025-11-08T15:03:54.209+0000][gc,heap       ] GC(978) Humongous regions: 147->147
[2025-11-08T15:03:54.209+0000][gc,metaspace  ] GC(978) Metaspace: 52283K(55472K)->52283K(55472K) NonClass: 46495K(48304K)->46495K(48304K) Class: 5787K(7168K)->5787K(7168K)
[2025-11-08T15:03:54.210+0000][gc            ] GC(978) Pause Young (Normal) (G1 Evacuation Pause) 261M->232M(667M) 22.911ms
[2025-11-08T15:03:54.211+0000][gc,cpu        ] GC(978) User=0.04s Sys=0.00s Real=0.02s
[2025-11-08T15:03:56.403+0000][gc,start      ] GC(979) Pause Young (Normal) (G1 Evacuation Pause)
[2025-11-08T15:03:56.406+0000][gc,task       ] GC(979) Using 2 workers of 2 for evacuation
[2025-11-08T15:03:56.432+0000][gc,mmu        ] GC(979) MMU target violated: 21.0ms (20.0ms/21.0ms)
[2025-11-08T15:03:56.432+0000][gc,phases     ] GC(979)   Pre Evacuate Collection Set: 0.1ms
[2025-11-08T15:03:56.432+0000][gc,phases     ] GC(979)   Evacuate Collection Set: 22.4ms
[2025-11-08T15:03:56.433+0000][gc,phases     ] GC(979)   Post Evacuate Collection Set: 1.9ms
[2025-11-08T15:03:56.433+0000][gc,phases     ] GC(979)   Other: 4.9ms
[2025-11-08T15:03:56.434+0000][gc,heap       ] GC(979) Eden regions: 30->0(31)
[2025-11-08T15:03:56.434+0000][gc,heap       ] GC(979) Survivor regions: 3->2(5)
[2025-11-08T15:03:56.435+0000][gc,heap       ] GC(979) Old regions: 83->83
[2025-11-08T15:03:56.435+0000][gc,heap       ] GC(979) Humongous regions: 147->147
[2025-11-08T15:03:56.435+0000][gc,metaspace  ] GC(979) Metaspace: 52283K(55472K)->52283K(55472K) NonClass: 46495K(48304K)->46495K(48304K) Class: 5787K(7168K)->5787K(7168K)
[2025-11-08T15:03:56.436+0000][gc            ] GC(979) Pause Young (Normal) (G1 Evacuation Pause) 262M->231M(667M) 33.087ms
[2025-11-08T15:03:56.436+0000][gc,cpu        ] GC(979) User=0.03s Sys=0.00s Real=0.03s
[2025-11-08T15:03:58.927+0000][gc,start      ] GC(980) Pause Young (Normal) (G1 Evacuation Pause)
[2025-11-08T15:03:58.933+0000][gc,task       ] GC(980) Using 2 workers of 2 for evacuation
[2025-11-08T15:03:58.954+0000][gc,phases     ] GC(980)   Pre Evacuate Collection Set: 0.0ms
[2025-11-08T15:03:58.955+0000][gc,phases     ] GC(980)   Evacuate Collection Set: 17.5ms
[2025-11-08T15:03:58.955+0000][gc,phases     ] GC(980)   Post Evacuate Collection Set: 1.4ms
[2025-11-08T15:03:58.956+0000][gc,phases     ] GC(980)   Other: 8.2ms
[2025-11-08T15:03:58.956+0000][gc,heap       ] GC(980) Eden regions: 31->0(31)
[2025-11-08T15:03:58.957+0000][gc,heap       ] GC(980) Survivor regions: 2->2(5)
[2025-11-08T15:03:58.957+0000][gc,heap       ] GC(980) Old regions: 83->83
[2025-11-08T15:03:58.957+0000][gc,heap       ] GC(980) Humongous regions: 147->147
[2025-11-08T15:03:58.958+0000][gc,metaspace  ] GC(980) Metaspace: 52283K(55472K)->52283K(55472K) NonClass: 46495K(48304K)->46495K(48304K) Class: 5787K(7168K)->5787K(7168K)
[2025-11-08T15:03:58.958+0000][gc            ] GC(980) Pause Young (Normal) (G1 Evacuation Pause) 262M->231M(667M) 31.498ms
[2025-11-08T15:03:58.959+0000][gc,cpu        ] GC(980) User=0.04s Sys=0.00s Real=0.03s
[2025-11-08T15:04:02.040+0000][gc,start      ] GC(981) Pause Young (Normal) (G1 Evacuation Pause)
[2025-11-08T15:04:02.041+0000][gc,task       ] GC(981) Using 2 workers of 2 for evacuation
[2025-11-08T15:04:02.079+0000][gc,mmu        ] GC(981) MMU target violated: 21.0ms (20.0ms/21.0ms)
[2025-11-08T15:04:02.082+0000][gc,phases     ] GC(981)   Pre Evacuate Collection Set: 0.1ms
[2025-11-08T15:04:02.088+0000][gc,phases     ] GC(981)   Evacuate Collection Set: 29.0ms
[2025-11-08T15:04:02.092+0000][gc,phases     ] GC(981)   Post Evacuate Collection Set: 6.0ms
[2025-11-08T15:04:02.099+0000][gc,phases     ] GC(981)   Other: 6.6ms
[2025-11-08T15:04:02.101+0000][gc,heap       ] GC(981) Eden regions: 31->0(31)
[2025-11-08T15:04:02.102+0000][gc,heap       ] GC(981) Survivor regions: 2->2(5)
[2025-11-08T15:04:02.102+0000][gc,heap       ] GC(981) Old regions: 83->83
[2025-11-08T15:04:02.105+0000][gc,heap       ] GC(981) Humongous regions: 147->147
[2025-11-08T15:04:02.106+0000][gc,metaspace  ] GC(981) Metaspace: 52283K(55472K)->52283K(55472K) NonClass: 46495K(48304K)->46495K(48304K) Class: 5787K(7168K)->5787K(7168K)
[2025-11-08T15:04:02.106+0000][gc            ] GC(981) Pause Young (Normal) (G1 Evacuation Pause) 262M->230M(667M) 66.384ms
[2025-11-08T15:04:02.107+0000][gc,cpu        ] GC(981) User=0.04s Sys=0.00s Real=0.07s
[2025-11-08T15:04:04.821+0000][gc,start      ] GC(982) Pause Young (Normal) (G1 Evacuation Pause)
[2025-11-08T15:04:04.822+0000][gc,task       ] GC(982) Using 2 workers of 2 for evacuation
[2025-11-08T15:04:04.882+0000][gc,mmu        ] GC(982) MMU target violated: 21.0ms (20.0ms/21.0ms)
[2025-11-08T15:04:04.883+0000][gc,phases     ] GC(982)   Pre Evacuate Collection Set: 0.0ms
[2025-11-08T15:04:04.886+0000][gc,phases     ] GC(982)   Evacuate Collection Set: 38.2ms
[2025-11-08T15:04:04.889+0000][gc,phases     ] GC(982)   Post Evacuate Collection Set: 20.4ms
[2025-11-08T15:04:04.890+0000][gc,phases     ] GC(982)   Other: 3.4ms
[2025-11-08T15:04:04.890+0000][gc,heap       ] GC(982) Eden regions: 31->0(30)
[2025-11-08T15:04:04.891+0000][gc,heap       ] GC(982) Survivor regions: 2->3(5)
[2025-11-08T15:04:04.893+0000][gc,heap       ] GC(982) Old regions: 83->83
[2025-11-08T15:04:04.895+0000][gc,heap       ] GC(982) Humongous regions: 147->147
[2025-11-08T15:04:04.895+0000][gc,metaspace  ] GC(982) Metaspace: 52283K(55472K)->52283K(55472K) NonClass: 46495K(48304K)->46495K(48304K) Class: 5787K(7168K)->5787K(7168K)
[2025-11-08T15:04:04.896+0000][gc            ] GC(982) Pause Young (Normal) (G1 Evacuation Pause) 261M->232M(667M) 74.812ms
[2025-11-08T15:04:04.897+0000][gc,cpu        ] GC(982) User=0.07s Sys=0.00s Real=0.08s
[2025-11-08T15:04:07.527+0000][gc,start      ] GC(983) Pause Young (Normal) (G1 Evacuation Pause)
[2025-11-08T15:04:07.530+0000][gc,task       ] GC(983) Using 2 workers of 2 for evacuation
[2025-11-08T15:04:07.563+0000][gc,mmu        ] GC(983) MMU target violated: 21.0ms (20.0ms/21.0ms)
[2025-11-08T15:04:07.565+0000][gc,phases     ] GC(983)   Pre Evacuate Collection Set: 0.0ms
[2025-11-08T15:04:07.565+0000][gc,phases     ] GC(983)   Evacuate Collection Set: 27.7ms
[2025-11-08T15:04:07.566+0000][gc,phases     ] GC(983)   Post Evacuate Collection Set: 4.4ms
[2025-11-08T15:04:07.566+0000][gc,phases     ] GC(983)   Other: 6.1ms
[2025-11-08T15:04:07.567+0000][gc,heap       ] GC(983) Eden regions: 30->0(30)
[2025-11-08T15:04:07.568+0000][gc,heap       ] GC(983) Survivor regions: 3->3(5)
[2025-11-08T15:04:07.568+0000][gc,heap       ] GC(983) Old regions: 83->83
[2025-11-08T15:04:07.569+0000][gc,heap       ] GC(983) Humongous regions: 147->147
[2025-11-08T15:04:07.569+0000][gc,metaspace  ] GC(983) Metaspace: 52283K(55472K)->52283K(55472K) NonClass: 46495K(48304K)->46495K(48304K) Class: 5787K(7168K)->5787K(7168K)
[2025-11-08T15:04:07.570+0000][gc            ] GC(983) Pause Young (Normal) (G1 Evacuation Pause) 262M->232M(667M) 42.743ms
[2025-11-08T15:04:07.570+0000][gc,cpu        ] GC(983) User=0.06s Sys=0.00s Real=0.04s
[2025-11-08T15:04:10.046+0000][gc,start      ] GC(984) Pause Young (Normal) (G1 Evacuation Pause)
[2025-11-08T15:04:10.046+0000][gc,task       ] GC(984) Using 2 workers of 2 for evacuation
[2025-11-08T15:04:10.087+0000][gc,mmu        ] GC(984) MMU target violated: 21.0ms (20.0ms/21.0ms)
[2025-11-08T15:04:10.088+0000][gc,phases     ] GC(984)   Pre Evacuate Collection Set: 0.3ms
[2025-11-08T15:04:10.092+0000][gc,phases     ] GC(984)   Evacuate Collection Set: 37.0ms
[2025-11-08T15:04:10.093+0000][gc,phases     ] GC(984)   Post Evacuate Collection Set: 2.6ms
[2025-11-08T15:04:10.094+0000][gc,phases     ] GC(984)   Other: 3.0ms
[2025-11-08T15:04:10.095+0000][gc,heap       ] GC(984) Eden regions: 30->0(31)
[2025-11-08T15:04:10.096+0000][gc,heap       ] GC(984) Survivor regions: 3->2(5)
[2025-11-08T15:04:10.097+0000][gc,heap       ] GC(984) Old regions: 83->83
[2025-11-08T15:04:10.098+0000][gc,heap       ] GC(984) Humongous regions: 147->147
[2025-11-08T15:04:10.099+0000][gc,metaspace  ] GC(984) Metaspace: 52284K(55472K)->52284K(55472K) NonClass: 46496K(48304K)->46496K(48304K) Class: 5787K(7168K)->5787K(7168K)
[2025-11-08T15:04:10.100+0000][gc            ] GC(984) Pause Young (Normal) (G1 Evacuation Pause) 262M->231M(667M) 53.905ms
[2025-11-08T15:04:10.100+0000][gc,cpu        ] GC(984) User=0.04s Sys=0.00s Real=0.06s
[2025-11-08T15:04:12.608+0000][gc,start      ] GC(985) Pause Young (Normal) (G1 Evacuation Pause)
[2025-11-08T15:04:12.610+0000][gc,task       ] GC(985) Using 2 workers of 2 for evacuation
[2025-11-08T15:04:12.633+0000][gc,mmu        ] GC(985) MMU target violated: 21.0ms (20.0ms/21.0ms)
[2025-11-08T15:04:12.634+0000][gc,phases     ] GC(985)   Pre Evacuate Collection Set: 0.0ms
[2025-11-08T15:04:12.635+0000][gc,phases     ] GC(985)   Evacuate Collection Set: 20.0ms
[2025-11-08T15:04:12.636+0000][gc,phases     ] GC(985)   Post Evacuate Collection Set: 1.5ms
[2025-11-08T15:04:12.636+0000][gc,phases     ] GC(985)   Other: 4.0ms
[2025-11-08T15:04:12.637+0000][gc,heap       ] GC(985) Eden regions: 31->0(31)
[2025-11-08T15:04:12.637+0000][gc,heap       ] GC(985) Survivor regions: 2->2(5)
[2025-11-08T15:04:12.638+0000][gc,heap       ] GC(985) Old regions: 83->83
[2025-11-08T15:04:12.638+0000][gc,heap       ] GC(985) Humongous regions: 147->147
[2025-11-08T15:04:12.638+0000][gc,metaspace  ] GC(985) Metaspace: 52284K(55472K)->52284K(55472K) NonClass: 46496K(48304K)->46496K(48304K) Class: 5787K(7168K)->5787K(7168K)
[2025-11-08T15:04:12.639+0000][gc            ] GC(985) Pause Young (Normal) (G1 Evacuation Pause) 262M->231M(667M) 30.309ms
[2025-11-08T15:04:12.639+0000][gc,cpu        ] GC(985) User=0.04s Sys=0.00s Real=0.03s
[2025-11-08T15:04:15.095+0000][gc,start      ] GC(986) Pause Young (Normal) (G1 Evacuation Pause)
[2025-11-08T15:04:15.095+0000][gc,task       ] GC(986) Using 2 workers of 2 for evacuation
[2025-11-08T15:04:15.111+0000][gc,phases     ] GC(986)   Pre Evacuate Collection Set: 0.0ms
[2025-11-08T15:04:15.112+0000][gc,phases     ] GC(986)   Evacuate Collection Set: 13.7ms
[2025-11-08T15:04:15.112+0000][gc,phases     ] GC(986)   Post Evacuate Collection Set: 1.4ms
[2025-11-08T15:04:15.112+0000][gc,phases     ] GC(986)   Other: 1.1ms
[2025-11-08T15:04:15.113+0000][gc,heap       ] GC(986) Eden regions: 31->0(31)
[2025-11-08T15:04:15.113+0000][gc,heap       ] GC(986) Survivor regions: 2->2(5)
[2025-11-08T15:04:15.113+0000][gc,heap       ] GC(986) Old regions: 83->83
[2025-11-08T15:04:15.114+0000][gc,heap       ] GC(986) Humongous regions: 147->147
[2025-11-08T15:04:15.114+0000][gc,metaspace  ] GC(986) Metaspace: 52284K(55472K)->52284K(55472K) NonClass: 46496K(48304K)->46496K(48304K) Class: 5787K(7168K)->5787K(7168K)
[2025-11-08T15:04:15.115+0000][gc            ] GC(986) Pause Young (Normal) (G1 Evacuation Pause) 262M->231M(667M) 20.194ms
[2025-11-08T15:04:15.115+0000][gc,cpu        ] GC(986) User=0.03s Sys=0.00s Real=0.02s
[2025-11-08T15:04:17.682+0000][gc,start      ] GC(987) Pause Young (Normal) (G1 Evacuation Pause)
[2025-11-08T15:04:17.686+0000][gc,task       ] GC(987) Using 2 workers of 2 for evacuation
[2025-11-08T15:04:17.710+0000][gc,mmu        ] GC(987) MMU target violated: 21.0ms (20.0ms/21.0ms)
[2025-11-08T15:04:17.710+0000][gc,phases     ] GC(987)   Pre Evacuate Collection Set: 0.0ms
[2025-11-08T15:04:17.710+0000][gc,phases     ] GC(987)   Evacuate Collection Set: 21.2ms
[2025-11-08T15:04:17.711+0000][gc,phases     ] GC(987)   Post Evacuate Collection Set: 1.4ms
[2025-11-08T15:04:17.711+0000][gc,phases     ] GC(987)   Other: 5.6ms
[2025-11-08T15:04:17.711+0000][gc,heap       ] GC(987) Eden regions: 31->0(30)
[2025-11-08T15:04:17.712+0000][gc,heap       ] GC(987) Survivor regions: 2->3(5)
[2025-11-08T15:04:17.713+0000][gc,heap       ] GC(987) Old regions: 83->83
[2025-11-08T15:04:17.714+0000][gc,heap       ] GC(987) Humongous regions: 147->147
[2025-11-08T15:04:17.714+0000][gc,metaspace  ] GC(987) Metaspace: 52284K(55472K)->52284K(55472K) NonClass: 46496K(48304K)->46496K(48304K) Class: 5787K(7168K)->5787K(7168K)
[2025-11-08T15:04:17.715+0000][gc            ] GC(987) Pause Young (Normal) (G1 Evacuation Pause) 262M->232M(667M) 32.570ms
[2025-11-08T15:04:17.715+0000][gc,cpu        ] GC(987) User=0.05s Sys=0.00s Real=0.03s
[2025-11-08T15:04:20.144+0000][gc,start      ] GC(988) Pause Young (Normal) (G1 Evacuation Pause)
[2025-11-08T15:04:20.147+0000][gc,task       ] GC(988) Using 2 workers of 2 for evacuation
[2025-11-08T15:04:20.174+0000][gc,mmu        ] GC(988) MMU target violated: 21.0ms (20.0ms/21.0ms)
[2025-11-08T15:04:20.175+0000][gc,phases     ] GC(988)   Pre Evacuate Collection Set: 0.2ms
[2025-11-08T15:04:20.175+0000][gc,phases     ] GC(988)   Evacuate Collection Set: 24.1ms
[2025-11-08T15:04:20.176+0000][gc,phases     ] GC(988)   Post Evacuate Collection Set: 1.0ms
[2025-11-08T15:04:20.177+0000][gc,phases     ] GC(988)   Other: 5.9ms
[2025-11-08T15:04:20.177+0000][gc,heap       ] GC(988) Eden regions: 30->0(30)
[2025-11-08T15:04:20.178+0000][gc,heap       ] GC(988) Survivor regions: 3->3(5)
[2025-11-08T15:04:20.178+0000][gc,heap       ] GC(988) Old regions: 83->84
[2025-11-08T15:04:20.178+0000][gc,heap       ] GC(988) Humongous regions: 147->147
[2025-11-08T15:04:20.179+0000][gc,metaspace  ] GC(988) Metaspace: 52284K(55472K)->52284K(55472K) NonClass: 46496K(48304K)->46496K(48304K) Class: 5787K(7168K)->5787K(7168K)
[2025-11-08T15:04:20.179+0000][gc            ] GC(988) Pause Young (Normal) (G1 Evacuation Pause) 262M->232M(667M) 35.592ms
[2025-11-08T15:04:20.180+0000][gc,cpu        ] GC(988) User=0.04s Sys=0.00s Real=0.03s
[2025-11-08T15:04:22.549+0000][gc,start      ] GC(989) Pause Young (Normal) (G1 Evacuation Pause)
[2025-11-08T15:04:22.549+0000][gc,task       ] GC(989) Using 2 workers of 2 for evacuation
[2025-11-08T15:04:22.569+0000][gc,phases     ] GC(989)   Pre Evacuate Collection Set: 0.0ms
[2025-11-08T15:04:22.570+0000][gc,phases     ] GC(989)   Evacuate Collection Set: 17.5ms
[2025-11-08T15:04:22.570+0000][gc,phases     ] GC(989)   Post Evacuate Collection Set: 1.7ms
[2025-11-08T15:04:22.571+0000][gc,phases     ] GC(989)   Other: 1.4ms
[2025-11-08T15:04:22.572+0000][gc,heap       ] GC(989) Eden regions: 30->0(31)
[2025-11-08T15:04:22.572+0000][gc,heap       ] GC(989) Survivor regions: 3->2(5)
[2025-11-08T15:04:22.572+0000][gc,heap       ] GC(989) Old regions: 84->84
[2025-11-08T15:04:22.573+0000][gc,heap       ] GC(989) Humongous regions: 147->147
[2025-11-08T15:04:22.573+0000][gc,metaspace  ] GC(989) Metaspace: 52284K(55472K)->52284K(55472K) NonClass: 46496K(48304K)->46496K(48304K) Class: 5787K(7168K)->5787K(7168K)
[2025-11-08T15:04:22.574+0000][gc            ] GC(989) Pause Young (Normal) (G1 Evacuation Pause) 262M->231M(667M) 25.000ms
[2025-11-08T15:04:22.574+0000][gc,cpu        ] GC(989) User=0.04s Sys=0.00s Real=0.03s
[2025-11-08T15:04:25.171+0000][gc,start      ] GC(990) Pause Young (Normal) (G1 Evacuation Pause)
[2025-11-08T15:04:25.172+0000][gc,task       ] GC(990) Using 2 workers of 2 for evacuation
[2025-11-08T15:04:25.223+0000][gc,mmu        ] GC(990) MMU target violated: 21.0ms (20.0ms/21.0ms)
[2025-11-08T15:04:25.226+0000][gc,phases     ] GC(990)   Pre Evacuate Collection Set: 0.0ms
[2025-11-08T15:04:25.228+0000][gc,phases     ] GC(990)   Evacuate Collection Set: 43.6ms
[2025-11-08T15:04:25.229+0000][gc,phases     ] GC(990)   Post Evacuate Collection Set: 3.8ms
[2025-11-08T15:04:25.233+0000][gc,phases     ] GC(990)   Other: 7.8ms
[2025-11-08T15:04:25.233+0000][gc,heap       ] GC(990) Eden regions: 31->0(31)
[2025-11-08T15:04:25.234+0000][gc,heap       ] GC(990) Survivor regions: 2->2(5)
[2025-11-08T15:04:25.234+0000][gc,heap       ] GC(990) Old regions: 84->84
[2025-11-08T15:04:25.235+0000][gc,heap       ] GC(990) Humongous regions: 147->147
[2025-11-08T15:04:25.235+0000][gc,metaspace  ] GC(990) Metaspace: 52284K(55472K)->52284K(55472K) NonClass: 46496K(48304K)->46496K(48304K) Class: 5787K(7168K)->5787K(7168K)
[2025-11-08T15:04:25.236+0000][gc            ] GC(990) Pause Young (Normal) (G1 Evacuation Pause) 262M->231M(667M) 64.782ms
[2025-11-08T15:04:25.237+0000][gc,cpu        ] GC(990) User=0.05s Sys=0.00s Real=0.06s
[2025-11-08T15:04:27.751+0000][gc,start      ] GC(991) Pause Young (Normal) (G1 Evacuation Pause)
[2025-11-08T15:04:27.752+0000][gc,task       ] GC(991) Using 2 workers of 2 for evacuation
[2025-11-08T15:04:27.766+0000][gc,phases     ] GC(991)   Pre Evacuate Collection Set: 0.0ms
[2025-11-08T15:04:27.767+0000][gc,phases     ] GC(991)   Evacuate Collection Set: 12.9ms
[2025-11-08T15:04:27.767+0000][gc,phases     ] GC(991)   Post Evacuate Collection Set: 1.0ms
[2025-11-08T15:04:27.768+0000][gc,phases     ] GC(991)   Other: 0.9ms
[2025-11-08T15:04:27.768+0000][gc,heap       ] GC(991) Eden regions: 31->0(31)
[2025-11-08T15:04:27.769+0000][gc,heap       ] GC(991) Survivor regions: 2->2(5)
[2025-11-08T15:04:27.769+0000][gc,heap       ] GC(991) Old regions: 84->84
[2025-11-08T15:04:27.769+0000][gc,heap       ] GC(991) Humongous regions: 147->147
[2025-11-08T15:04:27.770+0000][gc,metaspace  ] GC(991) Metaspace: 52284K(55472K)->52284K(55472K) NonClass: 46496K(48304K)->46496K(48304K) Class: 5787K(7168K)->5787K(7168K)
[2025-11-08T15:04:27.770+0000][gc            ] GC(991) Pause Young (Normal) (G1 Evacuation Pause) 262M->231M(667M) 18.828ms
[2025-11-08T15:04:27.771+0000][gc,cpu        ] GC(991) User=0.03s Sys=0.00s Real=0.02s
[2025-11-08T15:04:30.249+0000][gc,start      ] GC(992) Pause Young (Normal) (G1 Evacuation Pause)
[2025-11-08T15:04:30.250+0000][gc,task       ] GC(992) Using 2 workers of 2 for evacuation
[2025-11-08T15:04:30.270+0000][gc,phases     ] GC(992)   Pre Evacuate Collection Set: 0.0ms
[2025-11-08T15:04:30.270+0000][gc,phases     ] GC(992)   Evacuate Collection Set: 16.9ms
[2025-11-08T15:04:30.274+0000][gc,phases     ] GC(992)   Post Evacuate Collection Set: 1.2ms
[2025-11-08T15:04:30.275+0000][gc,phases     ] GC(992)   Other: 2.7ms
[2025-11-08T15:04:30.275+0000][gc,heap       ] GC(992) Eden regions: 31->0(30)
[2025-11-08T15:04:30.275+0000][gc,heap       ] GC(992) Survivor regions: 2->3(5)
[2025-11-08T15:04:30.276+0000][gc,heap       ] GC(992) Old regions: 84->84
[2025-11-08T15:04:30.276+0000][gc,heap       ] GC(992) Humongous regions: 147->147
[2025-11-08T15:04:30.276+0000][gc,metaspace  ] GC(992) Metaspace: 52284K(55472K)->52284K(55472K) NonClass: 46496K(48304K)->46496K(48304K) Class: 5787K(7168K)->5787K(7168K)
[2025-11-08T15:04:30.276+0000][gc            ] GC(992) Pause Young (Normal) (G1 Evacuation Pause) 262M->232M(667M) 27.212ms
[2025-11-08T15:04:30.277+0000][gc,cpu        ] GC(992) User=0.04s Sys=0.00s Real=0.03s
[2025-11-08T15:04:32.505+0000][gc,start      ] GC(993) Pause Young (Normal) (G1 Evacuation Pause)
[2025-11-08T15:04:32.505+0000][gc,task       ] GC(993) Using 2 workers of 2 for evacuation
[2025-11-08T15:04:32.527+0000][gc,mmu        ] GC(993) MMU target violated: 21.0ms (20.0ms/21.0ms)
[2025-11-08T15:04:32.528+0000][gc,phases     ] GC(993)   Pre Evacuate Collection Set: 0.0ms
[2025-11-08T15:04:32.530+0000][gc,phases     ] GC(993)   Evacuate Collection Set: 18.9ms
[2025-11-08T15:04:32.530+0000][gc,phases     ] GC(993)   Post Evacuate Collection Set: 1.5ms
[2025-11-08T15:04:32.531+0000][gc,phases     ] GC(993)   Other: 2.6ms
[2025-11-08T15:04:32.531+0000][gc,heap       ] GC(993) Eden regions: 30->0(30)
[2025-11-08T15:04:32.532+0000][gc,heap       ] GC(993) Survivor regions: 3->3(5)
[2025-11-08T15:04:32.532+0000][gc,heap       ] GC(993) Old regions: 84->84
[2025-11-08T15:04:32.536+0000][gc,heap       ] GC(993) Humongous regions: 147->147
[2025-11-08T15:04:32.536+0000][gc,metaspace  ] GC(993) Metaspace: 52284K(55472K)->52284K(55472K) NonClass: 46496K(48304K)->46496K(48304K) Class: 5787K(7168K)->5787K(7168K)
[2025-11-08T15:04:32.537+0000][gc            ] GC(993) Pause Young (Normal) (G1 Evacuation Pause) 262M->232M(667M) 31.900ms
[2025-11-08T15:04:32.537+0000][gc,cpu        ] GC(993) User=0.05s Sys=0.00s Real=0.03s
[2025-11-08T15:04:34.718+0000][gc,start      ] GC(994) Pause Young (Normal) (G1 Evacuation Pause)
[2025-11-08T15:04:34.719+0000][gc,task       ] GC(994) Using 2 workers of 2 for evacuation
[2025-11-08T15:04:34.734+0000][gc,phases     ] GC(994)   Pre Evacuate Collection Set: 0.1ms
[2025-11-08T15:04:34.735+0000][gc,phases     ] GC(994)   Evacuate Collection Set: 12.9ms
[2025-11-08T15:04:34.735+0000][gc,phases     ] GC(994)   Post Evacuate Collection Set: 1.4ms
[2025-11-08T15:04:34.735+0000][gc,phases     ] GC(994)   Other: 1.5ms
[2025-11-08T15:04:34.736+0000][gc,heap       ] GC(994) Eden regions: 30->0(31)
[2025-11-08T15:04:34.736+0000][gc,heap       ] GC(994) Survivor regions: 3->2(5)
[2025-11-08T15:04:34.737+0000][gc,heap       ] GC(994) Old regions: 84->84
[2025-11-08T15:04:34.737+0000][gc,heap       ] GC(994) Humongous regions: 147->147
[2025-11-08T15:04:34.738+0000][gc,metaspace  ] GC(994) Metaspace: 52284K(55472K)->52284K(55472K) NonClass: 46496K(48304K)->46496K(48304K) Class: 5787K(7168K)->5787K(7168K)
[2025-11-08T15:04:34.738+0000][gc            ] GC(994) Pause Young (Normal) (G1 Evacuation Pause) 262M->232M(667M) 19.974ms
[2025-11-08T15:04:34.738+0000][gc,cpu        ] GC(994) User=0.03s Sys=0.00s Real=0.02s
[2025-11-08T15:04:36.983+0000][gc,start      ] GC(995) Pause Young (Normal) (G1 Evacuation Pause)
[2025-11-08T15:04:36.983+0000][gc,task       ] GC(995) Using 2 workers of 2 for evacuation
[2025-11-08T15:04:37.000+0000][gc,phases     ] GC(995)   Pre Evacuate Collection Set: 0.0ms
[2025-11-08T15:04:37.000+0000][gc,phases     ] GC(995)   Evacuate Collection Set: 13.7ms
[2025-11-08T15:04:37.001+0000][gc,phases     ] GC(995)   Post Evacuate Collection Set: 2.0ms
[2025-11-08T15:04:37.001+0000][gc,phases     ] GC(995)   Other: 1.5ms
[2025-11-08T15:04:37.002+0000][gc,heap       ] GC(995) Eden regions: 31->0(31)
[2025-11-08T15:04:37.002+0000][gc,heap       ] GC(995) Survivor regions: 2->2(5)
[2025-11-08T15:04:37.002+0000][gc,heap       ] GC(995) Old regions: 84->84
[2025-11-08T15:04:37.003+0000][gc,heap       ] GC(995) Humongous regions: 147->147
[2025-11-08T15:04:37.003+0000][gc,metaspace  ] GC(995) Metaspace: 52284K(55472K)->52284K(55472K) NonClass: 46496K(48304K)->46496K(48304K) Class: 5787K(7168K)->5787K(7168K)
[2025-11-08T15:04:37.004+0000][gc            ] GC(995) Pause Young (Normal) (G1 Evacuation Pause) 263M->231M(667M) 20.988ms
[2025-11-08T15:04:37.004+0000][gc,cpu        ] GC(995) User=0.03s Sys=0.00s Real=0.02s
[2025-11-08T15:04:39.313+0000][gc,start      ] GC(996) Pause Young (Normal) (G1 Evacuation Pause)
[2025-11-08T15:04:39.313+0000][gc,task       ] GC(996) Using 2 workers of 2 for evacuation
[2025-11-08T15:04:39.326+0000][gc,phases     ] GC(996)   Pre Evacuate Collection Set: 0.0ms
[2025-11-08T15:04:39.327+0000][gc,phases     ] GC(996)   Evacuate Collection Set: 10.6ms
[2025-11-08T15:04:39.327+0000][gc,phases     ] GC(996)   Post Evacuate Collection Set: 1.6ms
[2025-11-08T15:04:39.329+0000][gc,phases     ] GC(996)   Other: 0.9ms
[2025-11-08T15:04:39.329+0000][gc,heap       ] GC(996) Eden regions: 31->0(32)
[2025-11-08T15:04:39.330+0000][gc,heap       ] GC(996) Survivor regions: 2->2(5)
[2025-11-08T15:04:39.330+0000][gc,heap       ] GC(996) Old regions: 84->84
[2025-11-08T15:04:39.330+0000][gc,heap       ] GC(996) Humongous regions: 147->147
[2025-11-08T15:04:39.331+0000][gc,metaspace  ] GC(996) Metaspace: 52284K(55472K)->52284K(55472K) NonClass: 46496K(48304K)->46496K(48304K) Class: 5787K(7168K)->5787K(7168K)
[2025-11-08T15:04:39.332+0000][gc            ] GC(996) Pause Young (Normal) (G1 Evacuation Pause) 262M->231M(667M) 18.879ms
[2025-11-08T15:04:39.333+0000][gc,cpu        ] GC(996) User=0.03s Sys=0.00s Real=0.02s
[2025-11-08T15:04:41.855+0000][gc,start      ] GC(997) Pause Young (Normal) (G1 Evacuation Pause)
[2025-11-08T15:04:41.855+0000][gc,task       ] GC(997) Using 2 workers of 2 for evacuation
[2025-11-08T15:04:41.875+0000][gc,phases     ] GC(997)   Pre Evacuate Collection Set: 0.0ms
[2025-11-08T15:04:41.875+0000][gc,phases     ] GC(997)   Evacuate Collection Set: 17.6ms
[2025-11-08T15:04:41.876+0000][gc,phases     ] GC(997)   Post Evacuate Collection Set: 1.5ms
[2025-11-08T15:04:41.876+0000][gc,phases     ] GC(997)   Other: 1.1ms
[2025-11-08T15:04:41.877+0000][gc,heap       ] GC(997) Eden regions: 32->0(30)
[2025-11-08T15:04:41.877+0000][gc,heap       ] GC(997) Survivor regions: 2->3(5)
[2025-11-08T15:04:41.878+0000][gc,heap       ] GC(997) Old regions: 84->84
[2025-11-08T15:04:41.878+0000][gc,heap       ] GC(997) Humongous regions: 147->147
[2025-11-08T15:04:41.879+0000][gc,metaspace  ] GC(997) Metaspace: 52284K(55472K)->52284K(55472K) NonClass: 46496K(48304K)->46496K(48304K) Class: 5787K(7168K)->5787K(7168K)
[2025-11-08T15:04:41.879+0000][gc            ] GC(997) Pause Young (Normal) (G1 Evacuation Pause) 263M->233M(667M) 24.640ms
[2025-11-08T15:04:41.880+0000][gc,cpu        ] GC(997) User=0.04s Sys=0.00s Real=0.02s
[2025-11-08T15:04:44.095+0000][gc,start      ] GC(998) Pause Young (Normal) (G1 Evacuation Pause)
[2025-11-08T15:04:44.095+0000][gc,task       ] GC(998) Using 2 workers of 2 for evacuation
[2025-11-08T15:04:44.115+0000][gc,phases     ] GC(998)   Pre Evacuate Collection Set: 0.0ms
[2025-11-08T15:04:44.115+0000][gc,phases     ] GC(998)   Evacuate Collection Set: 17.1ms
[2025-11-08T15:04:44.116+0000][gc,phases     ] GC(998)   Post Evacuate Collection Set: 1.7ms
[2025-11-08T15:04:44.116+0000][gc,phases     ] GC(998)   Other: 1.4ms
[2025-11-08T15:04:44.117+0000][gc,heap       ] GC(998) Eden regions: 30->0(31)
[2025-11-08T15:04:44.117+0000][gc,heap       ] GC(998) Survivor regions: 3->3(5)
[2025-11-08T15:04:44.118+0000][gc,heap       ] GC(998) Old regions: 84->84
[2025-11-08T15:04:44.118+0000][gc,heap       ] GC(998) Humongous regions: 147->147
[2025-11-08T15:04:44.118+0000][gc,metaspace  ] GC(998) Metaspace: 52284K(55472K)->52284K(55472K) NonClass: 46496K(48304K)->46496K(48304K) Class: 5787K(7168K)->5787K(7168K)
[2025-11-08T15:04:44.119+0000][gc            ] GC(998) Pause Young (Normal) (G1 Evacuation Pause) 263M->233M(667M) 24.184ms
[2025-11-08T15:04:44.119+0000][gc,cpu        ] GC(998) User=0.04s Sys=0.00s Real=0.02s
[2025-11-08T15:04:46.362+0000][gc,start      ] GC(999) Pause Young (Normal) (G1 Evacuation Pause)
[2025-11-08T15:04:46.363+0000][gc,task       ] GC(999) Using 2 workers of 2 for evacuation
[2025-11-08T15:04:46.377+0000][gc,phases     ] GC(999)   Pre Evacuate Collection Set: 0.0ms
[2025-11-08T15:04:46.378+0000][gc,phases     ] GC(999)   Evacuate Collection Set: 11.8ms
[2025-11-08T15:04:46.378+0000][gc,phases     ] GC(999)   Post Evacuate Collection Set: 1.4ms
[2025-11-08T15:04:46.379+0000][gc,phases     ] GC(999)   Other: 1.5ms
[2025-11-08T15:04:46.379+0000][gc,heap       ] GC(999) Eden regions: 31->0(32)
[2025-11-08T15:04:46.380+0000][gc,heap       ] GC(999) Survivor regions: 3->2(5)
[2025-11-08T15:04:46.380+0000][gc,heap       ] GC(999) Old regions: 84->84
[2025-11-08T15:04:46.381+0000][gc,heap       ] GC(999) Humongous regions: 147->147
[2025-11-08T15:04:46.381+0000][gc,metaspace  ] GC(999) Metaspace: 52284K(55472K)->52284K(55472K) NonClass: 46496K(48304K)->46496K(48304K) Class: 5787K(7168K)->5787K(7168K)
[2025-11-08T15:04:46.381+0000][gc            ] GC(999) Pause Young (Normal) (G1 Evacuation Pause) 264M->232M(667M) 18.777ms
[2025-11-08T15:04:46.382+0000][gc,cpu        ] GC(999) User=0.03s Sys=0.00s Real=0.02s
[2025-11-08T15:04:48.634+0000][gc,start      ] GC(1000) Pause Young (Normal) (G1 Evacuation Pause)
[2025-11-08T15:04:48.635+0000][gc,task       ] GC(1000) Using 2 workers of 2 for evacuation
[2025-11-08T15:04:48.654+0000][gc,phases     ] GC(1000)   Pre Evacuate Collection Set: 0.0ms
[2025-11-08T15:04:48.654+0000][gc,phases     ] GC(1000)   Evacuate Collection Set: 14.2ms
[2025-11-08T15:04:48.654+0000][gc,phases     ] GC(1000)   Post Evacuate Collection Set: 1.7ms
[2025-11-08T15:04:48.655+0000][gc,phases     ] GC(1000)   Other: 3.7ms
[2025-11-08T15:04:48.655+0000][gc,heap       ] GC(1000) Eden regions: 32->0(33)
[2025-11-08T15:04:48.656+0000][gc,heap       ] GC(1000) Survivor regions: 2->2(5)
[2025-11-08T15:04:48.656+0000][gc,heap       ] GC(1000) Old regions: 84->84
[2025-11-08T15:04:48.658+0000][gc,heap       ] GC(1000) Humongous regions: 147->147
[2025-11-08T15:04:48.659+0000][gc,metaspace  ] GC(1000) Metaspace: 52284K(55472K)->52284K(55472K) NonClass: 46496K(48304K)->46496K(48304K) Class: 5787K(7168K)->5787K(7168K)
[2025-11-08T15:04:48.659+0000][gc            ] GC(1000) Pause Young (Normal) (G1 Evacuation Pause) 264M->232M(667M) 24.915ms
[2025-11-08T15:04:48.660+0000][gc,cpu        ] GC(1000) User=0.03s Sys=0.00s Real=0.02s
[2025-11-08T15:04:51.100+0000][gc,start      ] GC(1001) Pause Young (Normal) (G1 Evacuation Pause)
[2025-11-08T15:04:51.100+0000][gc,task       ] GC(1001) Using 2 workers of 2 for evacuation
[2025-11-08T15:04:51.115+0000][gc,phases     ] GC(1001)   Pre Evacuate Collection Set: 0.0ms
[2025-11-08T15:04:51.116+0000][gc,phases     ] GC(1001)   Evacuate Collection Set: 13.1ms
[2025-11-08T15:04:51.116+0000][gc,phases     ] GC(1001)   Post Evacuate Collection Set: 1.3ms
[2025-11-08T15:04:51.116+0000][gc,phases     ] GC(1001)   Other: 0.9ms
[2025-11-08T15:04:51.117+0000][gc,heap       ] GC(1001) Eden regions: 33->0(34)
[2025-11-08T15:04:51.117+0000][gc,heap       ] GC(1001) Survivor regions: 2->2(5)
[2025-11-08T15:04:51.118+0000][gc,heap       ] GC(1001) Old regions: 84->84
[2025-11-08T15:04:51.118+0000][gc,heap       ] GC(1001) Humongous regions: 147->147
[2025-11-08T15:04:51.118+0000][gc,metaspace  ] GC(1001) Metaspace: 52284K(55472K)->52284K(55472K) NonClass: 46496K(48304K)->46496K(48304K) Class: 5787K(7168K)->5787K(7168K)
[2025-11-08T15:04:51.119+0000][gc            ] GC(1001) Pause Young (Normal) (G1 Evacuation Pause) 265M->232M(667M) 19.122ms
[2025-11-08T15:04:51.119+0000][gc,cpu        ] GC(1001) User=0.03s Sys=0.00s Real=0.02s
[2025-11-08T15:04:53.539+0000][gc,start      ] GC(1002) Pause Young (Normal) (G1 Evacuation Pause)
[2025-11-08T15:04:53.540+0000][gc,task       ] GC(1002) Using 2 workers of 2 for evacuation
[2025-11-08T15:04:53.552+0000][gc,phases     ] GC(1002)   Pre Evacuate Collection Set: 0.0ms
[2025-11-08T15:04:53.552+0000][gc,phases     ] GC(1002)   Evacuate Collection Set: 9.9ms
[2025-11-08T15:04:53.553+0000][gc,phases     ] GC(1002)   Post Evacuate Collection Set: 1.0ms
[2025-11-08T15:04:53.553+0000][gc,phases     ] GC(1002)   Other: 1.6ms
[2025-11-08T15:04:53.553+0000][gc,heap       ] GC(1002) Eden regions: 34->0(36)
[2025-11-08T15:04:53.554+0000][gc,heap       ] GC(1002) Survivor regions: 2->2(5)
[2025-11-08T15:04:53.554+0000][gc,heap       ] GC(1002) Old regions: 84->84
[2025-11-08T15:04:53.554+0000][gc,heap       ] GC(1002) Humongous regions: 147->147
[2025-11-08T15:04:53.554+0000][gc,metaspace  ] GC(1002) Metaspace: 52284K(55472K)->52284K(55472K) NonClass: 46496K(48304K)->46496K(48304K) Class: 5787K(7168K)->5787K(7168K)
[2025-11-08T15:04:53.555+0000][gc            ] GC(1002) Pause Young (Normal) (G1 Evacuation Pause) 266M->232M(667M) 15.290ms
[2025-11-08T15:04:53.555+0000][gc,cpu        ] GC(1002) User=0.02s Sys=0.00s Real=0.02s
[2025-11-08T15:04:56.107+0000][gc,start      ] GC(1003) Pause Young (Normal) (G1 Evacuation Pause)
[2025-11-08T15:04:56.107+0000][gc,task       ] GC(1003) Using 2 workers of 2 for evacuation
[2025-11-08T15:04:56.120+0000][gc,phases     ] GC(1003)   Pre Evacuate Collection Set: 0.0ms
[2025-11-08T15:04:56.121+0000][gc,phases     ] GC(1003)   Evacuate Collection Set: 11.2ms
[2025-11-08T15:04:56.121+0000][gc,phases     ] GC(1003)   Post Evacuate Collection Set: 1.2ms
[2025-11-08T15:04:56.121+0000][gc,phases     ] GC(1003)   Other: 0.8ms
[2025-11-08T15:04:56.122+0000][gc,heap       ] GC(1003) Eden regions: 36->0(38)
[2025-11-08T15:04:56.122+0000][gc,heap       ] GC(1003) Survivor regions: 2->3(5)
[2025-11-08T15:04:56.122+0000][gc,heap       ] GC(1003) Old regions: 84->84
[2025-11-08T15:04:56.122+0000][gc,heap       ] GC(1003) Humongous regions: 147->147
[2025-11-08T15:04:56.122+0000][gc,metaspace  ] GC(1003) Metaspace: 52284K(55472K)->52284K(55472K) NonClass: 46496K(48304K)->46496K(48304K) Class: 5787K(7168K)->5787K(7168K)
[2025-11-08T15:04:56.123+0000][gc            ] GC(1003) Pause Young (Normal) (G1 Evacuation Pause) 268M->233M(667M) 15.518ms
[2025-11-08T15:04:56.123+0000][gc,cpu        ] GC(1003) User=0.03s Sys=0.00s Real=0.02s
[2025-11-08T15:04:58.370+0000][gc,start      ] GC(1004) Pause Young (Normal) (G1 Evacuation Pause)
[2025-11-08T15:04:58.370+0000][gc,task       ] GC(1004) Using 2 workers of 2 for evacuation
[2025-11-08T15:04:58.383+0000][gc,phases     ] GC(1004)   Pre Evacuate Collection Set: 0.0ms
[2025-11-08T15:04:58.384+0000][gc,phases     ] GC(1004)   Evacuate Collection Set: 11.2ms
[2025-11-08T15:04:58.384+0000][gc,phases     ] GC(1004)   Post Evacuate Collection Set: 1.3ms
[2025-11-08T15:04:58.384+0000][gc,phases     ] GC(1004)   Other: 1.0ms
[2025-11-08T15:04:58.385+0000][gc,heap       ] GC(1004) Eden regions: 32->0(39)
[2025-11-08T15:04:58.385+0000][gc,heap       ] GC(1004) Survivor regions: 3->2(5)
[2025-11-08T15:04:58.386+0000][gc,heap       ] GC(1004) Old regions: 84->84
[2025-11-08T15:04:58.386+0000][gc,heap       ] GC(1004) Humongous regions: 147->147
[2025-11-08T15:04:58.386+0000][gc,metaspace  ] GC(1004) Metaspace: 52284K(55472K)->52284K(55472K) NonClass: 46496K(48304K)->46496K(48304K) Class: 5787K(7168K)->5787K(7168K)
[2025-11-08T15:04:58.387+0000][gc            ] GC(1004) Pause Young (Normal) (G1 Evacuation Pause) 265M->232M(667M) 16.874ms
[2025-11-08T15:04:58.387+0000][gc,cpu        ] GC(1004) User=0.02s Sys=0.00s Real=0.02s
[2025-11-08T15:05:01.228+0000][gc,start      ] GC(1005) Pause Young (Normal) (G1 Evacuation Pause)
[2025-11-08T15:05:01.229+0000][gc,task       ] GC(1005) Using 2 workers of 2 for evacuation
[2025-11-08T15:05:01.252+0000][gc,mmu        ] GC(1005) MMU target violated: 21.0ms (20.0ms/21.0ms)
[2025-11-08T15:05:01.257+0000][gc,phases     ] GC(1005)   Pre Evacuate Collection Set: 0.0ms
[2025-11-08T15:05:01.257+0000][gc,phases     ] GC(1005)   Evacuate Collection Set: 19.6ms
[2025-11-08T15:05:01.258+0000][gc,phases     ] GC(1005)   Post Evacuate Collection Set: 2.6ms
[2025-11-08T15:05:01.259+0000][gc,phases     ] GC(1005)   Other: 6.4ms
[2025-11-08T15:05:01.259+0000][gc,heap       ] GC(1005) Eden regions: 39->0(38)
[2025-11-08T15:05:01.261+0000][gc,heap       ] GC(1005) Survivor regions: 2->3(6)
[2025-11-08T15:05:01.262+0000][gc,heap       ] GC(1005) Old regions: 84->85
[2025-11-08T15:05:01.263+0000][gc,heap       ] GC(1005) Humongous regions: 147->147
[2025-11-08T15:05:01.263+0000][gc,metaspace  ] GC(1005) Metaspace: 52284K(55472K)->52284K(55472K) NonClass: 46496K(48304K)->46496K(48304K) Class: 5787K(7168K)->5787K(7168K)
[2025-11-08T15:05:01.264+0000][gc            ] GC(1005) Pause Young (Normal) (G1 Evacuation Pause) 271M->233M(667M) 35.767ms
[2025-11-08T15:05:01.267+0000][gc,cpu        ] GC(1005) User=0.04s Sys=0.00s Real=0.04s
[2025-11-08T15:05:03.719+0000][gc,start      ] GC(1006) Pause Young (Normal) (G1 Evacuation Pause)
[2025-11-08T15:05:03.723+0000][gc,task       ] GC(1006) Using 2 workers of 2 for evacuation
[2025-11-08T15:05:03.740+0000][gc,phases     ] GC(1006)   Pre Evacuate Collection Set: 0.0ms
[2025-11-08T15:05:03.740+0000][gc,phases     ] GC(1006)   Evacuate Collection Set: 14.6ms
[2025-11-08T15:05:03.741+0000][gc,phases     ] GC(1006)   Post Evacuate Collection Set: 1.4ms
[2025-11-08T15:05:03.741+0000][gc,phases     ] GC(1006)   Other: 5.3ms
[2025-11-08T15:05:03.742+0000][gc,heap       ] GC(1006) Eden regions: 30->0(35)
[2025-11-08T15:05:03.744+0000][gc,heap       ] GC(1006) Survivor regions: 3->2(5)
[2025-11-08T15:05:03.745+0000][gc,heap       ] GC(1006) Old regions: 85->85
[2025-11-08T15:05:03.746+0000][gc,heap       ] GC(1006) Humongous regions: 147->147
[2025-11-08T15:05:03.746+0000][gc,metaspace  ] GC(1006) Metaspace: 52284K(55472K)->52284K(55472K) NonClass: 46496K(48304K)->46496K(48304K) Class: 5787K(7168K)->5787K(7168K)
[2025-11-08T15:05:03.747+0000][gc            ] GC(1006) Pause Young (Normal) (G1 Evacuation Pause) 263M->233M(667M) 28.016ms
[2025-11-08T15:05:03.747+0000][gc,cpu        ] GC(1006) User=0.03s Sys=0.00s Real=0.03s
[2025-11-08T15:05:06.052+0000][gc,start      ] GC(1007) Pause Young (Normal) (G1 Evacuation Pause)
[2025-11-08T15:05:06.053+0000][gc,task       ] GC(1007) Using 2 workers of 2 for evacuation
[2025-11-08T15:05:06.070+0000][gc,phases     ] GC(1007)   Pre Evacuate Collection Set: 0.0ms
[2025-11-08T15:05:06.071+0000][gc,phases     ] GC(1007)   Evacuate Collection Set: 15.3ms
[2025-11-08T15:05:06.071+0000][gc,phases     ] GC(1007)   Post Evacuate Collection Set: 1.6ms
[2025-11-08T15:05:06.071+0000][gc,phases     ] GC(1007)   Other: 1.0ms
[2025-11-08T15:05:06.072+0000][gc,heap       ] GC(1007) Eden regions: 31->0(34)
[2025-11-08T15:05:06.072+0000][gc,heap       ] GC(1007) Survivor regions: 2->2(5)
[2025-11-08T15:05:06.072+0000][gc,heap       ] GC(1007) Old regions: 85->85
[2025-11-08T15:05:06.073+0000][gc,heap       ] GC(1007) Humongous regions: 147->147
[2025-11-08T15:05:06.073+0000][gc,metaspace  ] GC(1007) Metaspace: 52284K(55472K)->52284K(55472K) NonClass: 46496K(48304K)->46496K(48304K) Class: 5787K(7168K)->5787K(7168K)
[2025-11-08T15:05:06.074+0000][gc            ] GC(1007) Pause Young (Normal) (G1 Evacuation Pause) 264M->233M(667M) 21.609ms
[2025-11-08T15:05:06.074+0000][gc,cpu        ] GC(1007) User=0.03s Sys=0.00s Real=0.02s
[2025-11-08T15:05:08.655+0000][gc,start      ] GC(1008) Pause Young (Normal) (G1 Evacuation Pause)
[2025-11-08T15:05:08.655+0000][gc,task       ] GC(1008) Using 2 workers of 2 for evacuation
[2025-11-08T15:05:08.670+0000][gc,phases     ] GC(1008)   Pre Evacuate Collection Set: 0.0ms
[2025-11-08T15:05:08.670+0000][gc,phases     ] GC(1008)   Evacuate Collection Set: 12.0ms
[2025-11-08T15:05:08.670+0000][gc,phases     ] GC(1008)   Post Evacuate Collection Set: 1.7ms
[2025-11-08T15:05:08.671+0000][gc,phases     ] GC(1008)   Other: 1.2ms
[2025-11-08T15:05:08.671+0000][gc,heap       ] GC(1008) Eden regions: 34->0(35)
[2025-11-08T15:05:08.671+0000][gc,heap       ] GC(1008) Survivor regions: 2->2(5)
[2025-11-08T15:05:08.672+0000][gc,heap       ] GC(1008) Old regions: 85->85
[2025-11-08T15:05:08.672+0000][gc,heap       ] GC(1008) Humongous regions: 147->147
[2025-11-08T15:05:08.673+0000][gc,metaspace  ] GC(1008) Metaspace: 52284K(55472K)->52284K(55472K) NonClass: 46496K(48304K)->46496K(48304K) Class: 5787K(7168K)->5787K(7168K)
[2025-11-08T15:05:08.674+0000][gc            ] GC(1008) Pause Young (Normal) (G1 Evacuation Pause) 267M->232M(667M) 18.722ms
[2025-11-08T15:05:08.674+0000][gc,cpu        ] GC(1008) User=0.03s Sys=0.00s Real=0.02s
[2025-11-08T15:05:11.237+0000][gc,start      ] GC(1009) Pause Young (Normal) (G1 Evacuation Pause)
[2025-11-08T15:05:11.237+0000][gc,task       ] GC(1009) Using 2 workers of 2 for evacuation
[2025-11-08T15:05:11.250+0000][gc,phases     ] GC(1009)   Pre Evacuate Collection Set: 0.0ms
[2025-11-08T15:05:11.250+0000][gc,phases     ] GC(1009)   Evacuate Collection Set: 9.8ms
[2025-11-08T15:05:11.250+0000][gc,phases     ] GC(1009)   Post Evacuate Collection Set: 2.4ms
[2025-11-08T15:05:11.251+0000][gc,phases     ] GC(1009)   Other: 1.0ms
[2025-11-08T15:05:11.251+0000][gc,heap       ] GC(1009) Eden regions: 35->0(36)
[2025-11-08T15:05:11.252+0000][gc,heap       ] GC(1009) Survivor regions: 2->2(5)
[2025-11-08T15:05:11.252+0000][gc,heap       ] GC(1009) Old regions: 85->85
[2025-11-08T15:05:11.253+0000][gc,heap       ] GC(1009) Humongous regions: 147->147
[2025-11-08T15:05:11.253+0000][gc,metaspace  ] GC(1009) Metaspace: 52284K(55472K)->52284K(55472K) NonClass: 46496K(48304K)->46496K(48304K) Class: 5787K(7168K)->5787K(7168K)
[2025-11-08T15:05:11.255+0000][gc            ] GC(1009) Pause Young (Normal) (G1 Evacuation Pause) 267M->233M(667M) 17.947ms
[2025-11-08T15:05:11.255+0000][gc,cpu        ] GC(1009) User=0.02s Sys=0.00s Real=0.02s
[2025-11-08T15:05:13.906+0000][gc,start      ] GC(1010) Pause Young (Normal) (G1 Evacuation Pause)
[2025-11-08T15:05:13.910+0000][gc,task       ] GC(1010) Using 2 workers of 2 for evacuation
[2025-11-08T15:05:13.927+0000][gc,phases     ] GC(1010)   Pre Evacuate Collection Set: 0.0ms
[2025-11-08T15:05:13.927+0000][gc,phases     ] GC(1010)   Evacuate Collection Set: 14.5ms
[2025-11-08T15:05:13.927+0000][gc,phases     ] GC(1010)   Post Evacuate Collection Set: 1.6ms
[2025-11-08T15:05:13.928+0000][gc,phases     ] GC(1010)   Other: 4.8ms
[2025-11-08T15:05:13.929+0000][gc,heap       ] GC(1010) Eden regions: 36->0(37)
[2025-11-08T15:05:13.929+0000][gc,heap       ] GC(1010) Survivor regions: 2->3(5)
[2025-11-08T15:05:13.930+0000][gc,heap       ] GC(1010) Old regions: 85->85
[2025-11-08T15:05:13.931+0000][gc,heap       ] GC(1010) Humongous regions: 147->147
[2025-11-08T15:05:13.932+0000][gc,metaspace  ] GC(1010) Metaspace: 52284K(55472K)->52284K(55472K) NonClass: 46496K(48304K)->46496K(48304K) Class: 5787K(7168K)->5787K(7168K)
[2025-11-08T15:05:13.932+0000][gc            ] GC(1010) Pause Young (Normal) (G1 Evacuation Pause) 269M->233M(667M) 26.681ms
[2025-11-08T15:05:13.933+0000][gc,cpu        ] GC(1010) User=0.03s Sys=0.00s Real=0.03s
[2025-11-08T15:05:16.911+0000][gc,start      ] GC(1011) Pause Young (Normal) (G1 Evacuation Pause)
[2025-11-08T15:05:16.912+0000][gc,task       ] GC(1011) Using 2 workers of 2 for evacuation
[2025-11-08T15:05:16.933+0000][gc,mmu        ] GC(1011) MMU target violated: 20.3ms (20.0ms/21.0ms)
[2025-11-08T15:05:16.934+0000][gc,phases     ] GC(1011)   Pre Evacuate Collection Set: 0.0ms
[2025-11-08T15:05:16.934+0000][gc,phases     ] GC(1011)   Evacuate Collection Set: 17.5ms
[2025-11-08T15:05:16.935+0000][gc,phases     ] GC(1011)   Post Evacuate Collection Set: 2.4ms
[2025-11-08T15:05:16.935+0000][gc,phases     ] GC(1011)   Other: 2.5ms
[2025-11-08T15:05:16.936+0000][gc,heap       ] GC(1011) Eden regions: 37->0(37)
[2025-11-08T15:05:16.936+0000][gc,heap       ] GC(1011) Survivor regions: 3->3(5)
[2025-11-08T15:05:16.937+0000][gc,heap       ] GC(1011) Old regions: 85->85
[2025-11-08T15:05:16.937+0000][gc,heap       ] GC(1011) Humongous regions: 147->147
[2025-11-08T15:05:16.937+0000][gc,metaspace  ] GC(1011) Metaspace: 52284K(55472K)->52284K(55472K) NonClass: 46496K(48304K)->46496K(48304K) Class: 5787K(7168K)->5787K(7168K)
[2025-11-08T15:05:16.938+0000][gc            ] GC(1011) Pause Young (Normal) (G1 Evacuation Pause) 270M->234M(667M) 26.850ms
[2025-11-08T15:05:16.939+0000][gc,cpu        ] GC(1011) User=0.04s Sys=0.00s Real=0.03s
[2025-11-08T15:05:19.153+0000][gc,start      ] GC(1012) Pause Young (Normal) (G1 Evacuation Pause)
[2025-11-08T15:05:19.154+0000][gc,task       ] GC(1012) Using 2 workers of 2 for evacuation
[2025-11-08T15:05:19.185+0000][gc,mmu        ] GC(1012) MMU target violated: 21.0ms (20.0ms/21.0ms)
[2025-11-08T15:05:19.186+0000][gc,phases     ] GC(1012)   Pre Evacuate Collection Set: 0.0ms
[2025-11-08T15:05:19.186+0000][gc,phases     ] GC(1012)   Evacuate Collection Set: 29.5ms
[2025-11-08T15:05:19.186+0000][gc,phases     ] GC(1012)   Post Evacuate Collection Set: 1.0ms
[2025-11-08T15:05:19.187+0000][gc,phases     ] GC(1012)   Other: 2.2ms
[2025-11-08T15:05:19.187+0000][gc,heap       ] GC(1012) Eden regions: 30->0(31)
[2025-11-08T15:05:19.187+0000][gc,heap       ] GC(1012) Survivor regions: 3->2(5)
[2025-11-08T15:05:19.188+0000][gc,heap       ] GC(1012) Old regions: 85->85
[2025-11-08T15:05:19.188+0000][gc,heap       ] GC(1012) Humongous regions: 147->147
[2025-11-08T15:05:19.188+0000][gc,metaspace  ] GC(1012) Metaspace: 52284K(55472K)->52284K(55472K) NonClass: 46496K(48304K)->46496K(48304K) Class: 5787K(7168K)->5787K(7168K)
[2025-11-08T15:05:19.189+0000][gc            ] GC(1012) Pause Young (Normal) (G1 Evacuation Pause) 264M->233M(667M) 35.557ms
[2025-11-08T15:05:19.189+0000][gc,cpu        ] GC(1012) User=0.05s Sys=0.00s Real=0.03s
[2025-11-08T15:05:21.379+0000][gc,start      ] GC(1013) Pause Young (Normal) (G1 Evacuation Pause)
[2025-11-08T15:05:21.381+0000][gc,task       ] GC(1013) Using 2 workers of 2 for evacuation
[2025-11-08T15:05:21.399+0000][gc,phases     ] GC(1013)   Pre Evacuate Collection Set: 0.0ms
[2025-11-08T15:05:21.399+0000][gc,phases     ] GC(1013)   Evacuate Collection Set: 15.0ms
[2025-11-08T15:05:21.399+0000][gc,phases     ] GC(1013)   Post Evacuate Collection Set: 1.3ms
[2025-11-08T15:05:21.401+0000][gc,phases     ] GC(1013)   Other: 3.6ms
[2025-11-08T15:05:21.403+0000][gc,heap       ] GC(1013) Eden regions: 31->0(31)
[2025-11-08T15:05:21.403+0000][gc,heap       ] GC(1013) Survivor regions: 2->2(5)
[2025-11-08T15:05:21.403+0000][gc,heap       ] GC(1013) Old regions: 85->85
[2025-11-08T15:05:21.404+0000][gc,heap       ] GC(1013) Humongous regions: 147->147
[2025-11-08T15:05:21.404+0000][gc,metaspace  ] GC(1013) Metaspace: 52284K(55472K)->52284K(55472K) NonClass: 46496K(48304K)->46496K(48304K) Class: 5787K(7168K)->5787K(7168K)
[2025-11-08T15:05:21.405+0000][gc            ] GC(1013) Pause Young (Normal) (G1 Evacuation Pause) 264M->233M(667M) 25.684ms
[2025-11-08T15:05:21.405+0000][gc,cpu        ] GC(1013) User=0.03s Sys=0.00s Real=0.03s
[2025-11-08T15:05:23.747+0000][gc,start      ] GC(1014) Pause Young (Normal) (G1 Evacuation Pause)
[2025-11-08T15:05:23.747+0000][gc,task       ] GC(1014) Using 2 workers of 2 for evacuation
[2025-11-08T15:05:23.764+0000][gc,phases     ] GC(1014)   Pre Evacuate Collection Set: 0.1ms
[2025-11-08T15:05:23.765+0000][gc,phases     ] GC(1014)   Evacuate Collection Set: 14.2ms
[2025-11-08T15:05:23.765+0000][gc,phases     ] GC(1014)   Post Evacuate Collection Set: 1.5ms
[2025-11-08T15:05:23.765+0000][gc,phases     ] GC(1014)   Other: 1.4ms
[2025-11-08T15:05:23.766+0000][gc,heap       ] GC(1014) Eden regions: 31->0(31)
[2025-11-08T15:05:23.766+0000][gc,heap       ] GC(1014) Survivor regions: 2->2(5)
[2025-11-08T15:05:23.766+0000][gc,heap       ] GC(1014) Old regions: 85->85
[2025-11-08T15:05:23.767+0000][gc,heap       ] GC(1014) Humongous regions: 147->147
[2025-11-08T15:05:23.767+0000][gc,metaspace  ] GC(1014) Metaspace: 52284K(55472K)->52284K(55472K) NonClass: 46496K(48304K)->46496K(48304K) Class: 5787K(7168K)->5787K(7168K)
[2025-11-08T15:05:23.768+0000][gc            ] GC(1014) Pause Young (Normal) (G1 Evacuation Pause) 264M->233M(667M) 20.606ms
[2025-11-08T15:05:23.768+0000][gc,cpu        ] GC(1014) User=0.03s Sys=0.00s Real=0.02s
[2025-11-08T15:05:26.243+0000][gc,start      ] GC(1015) Pause Young (Normal) (G1 Evacuation Pause)
[2025-11-08T15:05:26.243+0000][gc,task       ] GC(1015) Using 2 workers of 2 for evacuation
[2025-11-08T15:05:26.261+0000][gc,phases     ] GC(1015)   Pre Evacuate Collection Set: 0.0ms
[2025-11-08T15:05:26.261+0000][gc,phases     ] GC(1015)   Evacuate Collection Set: 13.5ms
[2025-11-08T15:05:26.262+0000][gc,phases     ] GC(1015)   Post Evacuate Collection Set: 1.4ms
[2025-11-08T15:05:26.262+0000][gc,phases     ] GC(1015)   Other: 3.5ms
[2025-11-08T15:05:26.262+0000][gc,heap       ] GC(1015) Eden regions: 31->0(30)
[2025-11-08T15:05:26.263+0000][gc,heap       ] GC(1015) Survivor regions: 2->3(5)
[2025-11-08T15:05:26.263+0000][gc,heap       ] GC(1015) Old regions: 85->85
[2025-11-08T15:05:26.263+0000][gc,heap       ] GC(1015) Humongous regions: 147->147
[2025-11-08T15:05:26.264+0000][gc,metaspace  ] GC(1015) Metaspace: 52284K(55472K)->52284K(55472K) NonClass: 46496K(48304K)->46496K(48304K) Class: 5787K(7168K)->5787K(7168K)
[2025-11-08T15:05:26.264+0000][gc            ] GC(1015) Pause Young (Normal) (G1 Evacuation Pause) 264M->234M(667M) 20.846ms
[2025-11-08T15:05:26.264+0000][gc,cpu        ] GC(1015) User=0.03s Sys=0.00s Real=0.02s
[2025-11-08T15:05:28.353+0000][gc,start      ] GC(1016) Pause Young (Normal) (G1 Evacuation Pause)
[2025-11-08T15:05:28.354+0000][gc,task       ] GC(1016) Using 2 workers of 2 for evacuation
[2025-11-08T15:05:28.369+0000][gc,phases     ] GC(1016)   Pre Evacuate Collection Set: 0.0ms
[2025-11-08T15:05:28.370+0000][gc,phases     ] GC(1016)   Evacuate Collection Set: 13.8ms
[2025-11-08T15:05:28.370+0000][gc,phases     ] GC(1016)   Post Evacuate Collection Set: 1.1ms
[2025-11-08T15:05:28.370+0000][gc,phases     ] GC(1016)   Other: 1.5ms
[2025-11-08T15:05:28.371+0000][gc,heap       ] GC(1016) Eden regions: 30->0(32)
[2025-11-08T15:05:28.371+0000][gc,heap       ] GC(1016) Survivor regions: 3->3(5)
[2025-11-08T15:05:28.371+0000][gc,heap       ] GC(1016) Old regions: 85->86
[2025-11-08T15:05:28.371+0000][gc,heap       ] GC(1016) Humongous regions: 147->147
[2025-11-08T15:05:28.372+0000][gc,metaspace  ] GC(1016) Metaspace: 52284K(55472K)->52284K(55472K) NonClass: 46496K(48304K)->46496K(48304K) Class: 5787K(7168K)->5787K(7168K)
[2025-11-08T15:05:28.372+0000][gc            ] GC(1016) Pause Young (Normal) (G1 Evacuation Pause) 264M->234M(667M) 19.139ms
[2025-11-08T15:05:28.372+0000][gc,cpu        ] GC(1016) User=0.03s Sys=0.00s Real=0.02s
[2025-11-08T15:05:30.634+0000][gc,start      ] GC(1017) Pause Young (Normal) (G1 Evacuation Pause)
[2025-11-08T15:05:30.635+0000][gc,task       ] GC(1017) Using 2 workers of 2 for evacuation
[2025-11-08T15:05:30.649+0000][gc,phases     ] GC(1017)   Pre Evacuate Collection Set: 0.0ms
[2025-11-08T15:05:30.649+0000][gc,phases     ] GC(1017)   Evacuate Collection Set: 11.7ms
[2025-11-08T15:05:30.649+0000][gc,phases     ] GC(1017)   Post Evacuate Collection Set: 1.5ms
[2025-11-08T15:05:30.650+0000][gc,phases     ] GC(1017)   Other: 1.0ms
[2025-11-08T15:05:30.651+0000][gc,heap       ] GC(1017) Eden regions: 32->0(32)
[2025-11-08T15:05:30.651+0000][gc,heap       ] GC(1017) Survivor regions: 3->2(5)
[2025-11-08T15:05:30.651+0000][gc,heap       ] GC(1017) Old regions: 86->86
[2025-11-08T15:05:30.652+0000][gc,heap       ] GC(1017) Humongous regions: 147->147
[2025-11-08T15:05:30.652+0000][gc,metaspace  ] GC(1017) Metaspace: 52284K(55472K)->52284K(55472K) NonClass: 46496K(48304K)->46496K(48304K) Class: 5787K(7168K)->5787K(7168K)
[2025-11-08T15:05:30.652+0000][gc            ] GC(1017) Pause Young (Normal) (G1 Evacuation Pause) 266M->234M(667M) 17.812ms
[2025-11-08T15:05:30.653+0000][gc,cpu        ] GC(1017) User=0.03s Sys=0.00s Real=0.02s
[2025-11-08T15:05:32.989+0000][gc,start      ] GC(1018) Pause Young (Normal) (G1 Evacuation Pause)
[2025-11-08T15:05:32.990+0000][gc,task       ] GC(1018) Using 2 workers of 2 for evacuation
[2025-11-08T15:05:33.023+0000][gc,mmu        ] GC(1018) MMU target violated: 21.0ms (20.0ms/21.0ms)
[2025-11-08T15:05:33.024+0000][gc,phases     ] GC(1018)   Pre Evacuate Collection Set: 0.0ms
[2025-11-08T15:05:33.024+0000][gc,phases     ] GC(1018)   Evacuate Collection Set: 31.4ms
[2025-11-08T15:05:33.024+0000][gc,phases     ] GC(1018)   Post Evacuate Collection Set: 0.9ms
[2025-11-08T15:05:33.025+0000][gc,phases     ] GC(1018)   Other: 2.7ms
[2025-11-08T15:05:33.025+0000][gc,heap       ] GC(1018) Eden regions: 32->0(31)
[2025-11-08T15:05:33.026+0000][gc,heap       ] GC(1018) Survivor regions: 2->2(5)
[2025-11-08T15:05:33.027+0000][gc,heap       ] GC(1018) Old regions: 86->86
[2025-11-08T15:05:33.027+0000][gc,heap       ] GC(1018) Humongous regions: 147->147
[2025-11-08T15:05:33.028+0000][gc,metaspace  ] GC(1018) Metaspace: 52284K(55472K)->52284K(55472K) NonClass: 46496K(48304K)->46496K(48304K) Class: 5787K(7168K)->5787K(7168K)
[2025-11-08T15:05:33.028+0000][gc            ] GC(1018) Pause Young (Normal) (G1 Evacuation Pause) 266M->233M(667M) 39.711ms
[2025-11-08T15:05:33.029+0000][gc,cpu        ] GC(1018) User=0.03s Sys=0.00s Real=0.04s
[2025-11-08T15:05:35.410+0000][gc,start      ] GC(1019) Pause Young (Normal) (G1 Evacuation Pause)
[2025-11-08T15:05:35.410+0000][gc,task       ] GC(1019) Using 2 workers of 2 for evacuation
[2025-11-08T15:05:35.424+0000][gc,phases     ] GC(1019)   Pre Evacuate Collection Set: 0.0ms
[2025-11-08T15:05:35.424+0000][gc,phases     ] GC(1019)   Evacuate Collection Set: 11.8ms
[2025-11-08T15:05:35.425+0000][gc,phases     ] GC(1019)   Post Evacuate Collection Set: 1.4ms
[2025-11-08T15:05:35.425+0000][gc,phases     ] GC(1019)   Other: 1.1ms
[2025-11-08T15:05:35.425+0000][gc,heap       ] GC(1019) Eden regions: 31->0(31)
[2025-11-08T15:05:35.426+0000][gc,heap       ] GC(1019) Survivor regions: 2->2(5)
[2025-11-08T15:05:35.426+0000][gc,heap       ] GC(1019) Old regions: 86->86
[2025-11-08T15:05:35.426+0000][gc,heap       ] GC(1019) Humongous regions: 147->147
[2025-11-08T15:05:35.427+0000][gc,metaspace  ] GC(1019) Metaspace: 52284K(55472K)->52284K(55472K) NonClass: 46496K(48304K)->46496K(48304K) Class: 5787K(7168K)->5787K(7168K)
[2025-11-08T15:05:35.427+0000][gc            ] GC(1019) Pause Young (Normal) (G1 Evacuation Pause) 264M->233M(667M) 17.291ms
[2025-11-08T15:05:35.427+0000][gc,cpu        ] GC(1019) User=0.03s Sys=0.00s Real=0.02s
[2025-11-08T15:05:37.623+0000][gc,start      ] GC(1020) Pause Young (Normal) (G1 Evacuation Pause)
[2025-11-08T15:05:37.624+0000][gc,task       ] GC(1020) Using 2 workers of 2 for evacuation
[2025-11-08T15:05:37.635+0000][gc,phases     ] GC(1020)   Pre Evacuate Collection Set: 0.0ms
[2025-11-08T15:05:37.636+0000][gc,phases     ] GC(1020)   Evacuate Collection Set: 10.2ms
[2025-11-08T15:05:37.636+0000][gc,phases     ] GC(1020)   Post Evacuate Collection Set: 1.2ms
[2025-11-08T15:05:37.636+0000][gc,phases     ] GC(1020)   Other: 0.8ms
[2025-11-08T15:05:37.637+0000][gc,heap       ] GC(1020) Eden regions: 31->0(31)
[2025-11-08T15:05:37.637+0000][gc,heap       ] GC(1020) Survivor regions: 2->2(5)
[2025-11-08T15:05:37.637+0000][gc,heap       ] GC(1020) Old regions: 86->86
[2025-11-08T15:05:37.639+0000][gc,heap       ] GC(1020) Humongous regions: 147->147
[2025-11-08T15:05:37.639+0000][gc,metaspace  ] GC(1020) Metaspace: 52284K(55472K)->52284K(55472K) NonClass: 46496K(48304K)->46496K(48304K) Class: 5787K(7168K)->5787K(7168K)
[2025-11-08T15:05:37.640+0000][gc            ] GC(1020) Pause Young (Normal) (G1 Evacuation Pause) 264M->233M(667M) 16.582ms
[2025-11-08T15:05:37.640+0000][gc,cpu        ] GC(1020) User=0.03s Sys=0.00s Real=0.01s
[2025-11-08T15:05:39.856+0000][gc,start      ] GC(1021) Pause Young (Normal) (G1 Evacuation Pause)
[2025-11-08T15:05:39.856+0000][gc,task       ] GC(1021) Using 2 workers of 2 for evacuation
[2025-11-08T15:05:39.871+0000][gc,phases     ] GC(1021)   Pre Evacuate Collection Set: 0.0ms
[2025-11-08T15:05:39.872+0000][gc,phases     ] GC(1021)   Evacuate Collection Set: 13.7ms
[2025-11-08T15:05:39.872+0000][gc,phases     ] GC(1021)   Post Evacuate Collection Set: 1.2ms
[2025-11-08T15:05:39.873+0000][gc,phases     ] GC(1021)   Other: 1.0ms
[2025-11-08T15:05:39.873+0000][gc,heap       ] GC(1021) Eden regions: 31->0(31)
[2025-11-08T15:05:39.874+0000][gc,heap       ] GC(1021) Survivor regions: 2->3(5)
[2025-11-08T15:05:39.874+0000][gc,heap       ] GC(1021) Old regions: 86->86
[2025-11-08T15:05:39.874+0000][gc,heap       ] GC(1021) Humongous regions: 147->147
[2025-11-08T15:05:39.875+0000][gc,metaspace  ] GC(1021) Metaspace: 52284K(55472K)->52284K(55472K) NonClass: 46496K(48304K)->46496K(48304K) Class: 5787K(7168K)->5787K(7168K)
[2025-11-08T15:05:39.875+0000][gc            ] GC(1021) Pause Young (Normal) (G1 Evacuation Pause) 264M->235M(667M) 19.358ms
[2025-11-08T15:05:39.876+0000][gc,cpu        ] GC(1021) User=0.03s Sys=0.00s Real=0.02s
[2025-11-08T15:05:42.009+0000][gc,start      ] GC(1022) Pause Young (Normal) (G1 Evacuation Pause)
[2025-11-08T15:05:42.010+0000][gc,task       ] GC(1022) Using 2 workers of 2 for evacuation
[2025-11-08T15:05:42.027+0000][gc,phases     ] GC(1022)   Pre Evacuate Collection Set: 0.0ms
[2025-11-08T15:05:42.028+0000][gc,phases     ] GC(1022)   Evacuate Collection Set: 15.2ms
[2025-11-08T15:05:42.028+0000][gc,phases     ] GC(1022)   Post Evacuate Collection Set: 1.1ms
[2025-11-08T15:05:42.029+0000][gc,phases     ] GC(1022)   Other: 2.0ms
[2025-11-08T15:05:42.029+0000][gc,heap       ] GC(1022) Eden regions: 30->0(31)
[2025-11-08T15:05:42.029+0000][gc,heap       ] GC(1022) Survivor regions: 3->3(5)
[2025-11-08T15:05:42.030+0000][gc,heap       ] GC(1022) Old regions: 86->86
[2025-11-08T15:05:42.030+0000][gc,heap       ] GC(1022) Humongous regions: 147->147
[2025-11-08T15:05:42.030+0000][gc,metaspace  ] GC(1022) Metaspace: 52284K(55472K)->52284K(55472K) NonClass: 46496K(48304K)->46496K(48304K) Class: 5787K(7168K)->5787K(7168K)
[2025-11-08T15:05:42.030+0000][gc            ] GC(1022) Pause Young (Normal) (G1 Evacuation Pause) 265M->235M(667M) 21.227ms
[2025-11-08T15:05:42.031+0000][gc,cpu        ] GC(1022) User=0.03s Sys=0.00s Real=0.02s
[2025-11-08T15:05:44.271+0000][gc,start      ] GC(1023) Pause Young (Normal) (G1 Evacuation Pause)
[2025-11-08T15:05:44.271+0000][gc,task       ] GC(1023) Using 2 workers of 2 for evacuation
[2025-11-08T15:05:44.287+0000][gc,phases     ] GC(1023)   Pre Evacuate Collection Set: 0.0ms
[2025-11-08T15:05:44.287+0000][gc,phases     ] GC(1023)   Evacuate Collection Set: 12.7ms
[2025-11-08T15:05:44.288+0000][gc,phases     ] GC(1023)   Post Evacuate Collection Set: 1.4ms
[2025-11-08T15:05:44.288+0000][gc,phases     ] GC(1023)   Other: 1.8ms
[2025-11-08T15:05:44.288+0000][gc,heap       ] GC(1023) Eden regions: 31->0(32)
[2025-11-08T15:05:44.289+0000][gc,heap       ] GC(1023) Survivor regions: 3->2(5)
[2025-11-08T15:05:44.289+0000][gc,heap       ] GC(1023) Old regions: 86->86
[2025-11-08T15:05:44.290+0000][gc,heap       ] GC(1023) Humongous regions: 147->147
[2025-11-08T15:05:44.290+0000][gc,metaspace  ] GC(1023) Metaspace: 52284K(55472K)->52284K(55472K) NonClass: 46496K(48304K)->46496K(48304K) Class: 5787K(7168K)->5787K(7168K)
[2025-11-08T15:05:44.291+0000][gc            ] GC(1023) Pause Young (Normal) (G1 Evacuation Pause) 266M->234M(667M) 19.962ms
[2025-11-08T15:05:44.292+0000][gc,cpu        ] GC(1023) User=0.03s Sys=0.00s Real=0.02s
[2025-11-08T15:05:46.513+0000][gc,start      ] GC(1024) Pause Young (Normal) (G1 Evacuation Pause)
[2025-11-08T15:05:46.513+0000][gc,task       ] GC(1024) Using 2 workers of 2 for evacuation
[2025-11-08T15:05:46.527+0000][gc,phases     ] GC(1024)   Pre Evacuate Collection Set: 0.0ms
[2025-11-08T15:05:46.527+0000][gc,phases     ] GC(1024)   Evacuate Collection Set: 11.2ms
[2025-11-08T15:05:46.528+0000][gc,phases     ] GC(1024)   Post Evacuate Collection Set: 1.7ms
[2025-11-08T15:05:46.528+0000][gc,phases     ] GC(1024)   Other: 1.0ms
[2025-11-08T15:05:46.528+0000][gc,heap       ] GC(1024) Eden regions: 32->0(33)
[2025-11-08T15:05:46.529+0000][gc,heap       ] GC(1024) Survivor regions: 2->2(5)
[2025-11-08T15:05:46.529+0000][gc,heap       ] GC(1024) Old regions: 86->86
[2025-11-08T15:05:46.529+0000][gc,heap       ] GC(1024) Humongous regions: 147->147
[2025-11-08T15:05:46.530+0000][gc,metaspace  ] GC(1024) Metaspace: 52284K(55472K)->52284K(55472K) NonClass: 46496K(48304K)->46496K(48304K) Class: 5787K(7168K)->5787K(7168K)
[2025-11-08T15:05:46.530+0000][gc            ] GC(1024) Pause Young (Normal) (G1 Evacuation Pause) 266M->234M(667M) 16.952ms
[2025-11-08T15:05:46.530+0000][gc,cpu        ] GC(1024) User=0.02s Sys=0.00s Real=0.01s
[2025-11-08T15:05:48.848+0000][gc,start      ] GC(1025) Pause Young (Normal) (G1 Evacuation Pause)
[2025-11-08T15:05:48.849+0000][gc,task       ] GC(1025) Using 2 workers of 2 for evacuation
[2025-11-08T15:05:48.863+0000][gc,phases     ] GC(1025)   Pre Evacuate Collection Set: 0.0ms
[2025-11-08T15:05:48.863+0000][gc,phases     ] GC(1025)   Evacuate Collection Set: 12.6ms
[2025-11-08T15:05:48.864+0000][gc,phases     ] GC(1025)   Post Evacuate Collection Set: 1.2ms
[2025-11-08T15:05:48.864+0000][gc,phases     ] GC(1025)   Other: 1.1ms
[2025-11-08T15:05:48.865+0000][gc,heap       ] GC(1025) Eden regions: 33->0(34)
[2025-11-08T15:05:48.865+0000][gc,heap       ] GC(1025) Survivor regions: 2->2(5)
[2025-11-08T15:05:48.865+0000][gc,heap       ] GC(1025) Old regions: 86->86
[2025-11-08T15:05:48.866+0000][gc,heap       ] GC(1025) Humongous regions: 147->147
[2025-11-08T15:05:48.866+0000][gc,metaspace  ] GC(1025) Metaspace: 52284K(55472K)->52284K(55472K) NonClass: 46496K(48304K)->46496K(48304K) Class: 5787K(7168K)->5787K(7168K)
[2025-11-08T15:05:48.866+0000][gc            ] GC(1025) Pause Young (Normal) (G1 Evacuation Pause) 267M->234M(667M) 18.069ms
[2025-11-08T15:05:48.867+0000][gc,cpu        ] GC(1025) User=0.03s Sys=0.00s Real=0.02s
[2025-11-08T15:05:51.017+0000][gc,start      ] GC(1026) Pause Young (Normal) (G1 Evacuation Pause)
[2025-11-08T15:05:51.017+0000][gc,task       ] GC(1026) Using 2 workers of 2 for evacuation
[2025-11-08T15:05:51.027+0000][gc,phases     ] GC(1026)   Pre Evacuate Collection Set: 0.0ms
[2025-11-08T15:05:51.028+0000][gc,phases     ] GC(1026)   Evacuate Collection Set: 8.3ms
[2025-11-08T15:05:51.028+0000][gc,phases     ] GC(1026)   Post Evacuate Collection Set: 1.2ms
[2025-11-08T15:05:51.028+0000][gc,phases     ] GC(1026)   Other: 0.8ms
[2025-11-08T15:05:51.028+0000][gc,heap       ] GC(1026) Eden regions: 31->0(36)
[2025-11-08T15:05:51.029+0000][gc,heap       ] GC(1026) Survivor regions: 2->2(5)
[2025-11-08T15:05:51.029+0000][gc,heap       ] GC(1026) Old regions: 86->86
[2025-11-08T15:05:51.029+0000][gc,heap       ] GC(1026) Humongous regions: 147->147
[2025-11-08T15:05:51.029+0000][gc,metaspace  ] GC(1026) Metaspace: 52284K(55472K)->52284K(55472K) NonClass: 46496K(48304K)->46496K(48304K) Class: 5787K(7168K)->5787K(7168K)
[2025-11-08T15:05:51.030+0000][gc            ] GC(1026) Pause Young (Normal) (G1 Evacuation Pause) 265M->234M(667M) 12.584ms
[2025-11-08T15:05:51.030+0000][gc,cpu        ] GC(1026) User=0.02s Sys=0.00s Real=0.01s
[2025-11-08T15:05:53.293+0000][gc,start      ] GC(1027) Pause Young (Normal) (G1 Evacuation Pause)
[2025-11-08T15:05:53.293+0000][gc,task       ] GC(1027) Using 2 workers of 2 for evacuation
[2025-11-08T15:05:53.303+0000][gc,phases     ] GC(1027)   Pre Evacuate Collection Set: 0.0ms
[2025-11-08T15:05:53.304+0000][gc,phases     ] GC(1027)   Evacuate Collection Set: 9.1ms
[2025-11-08T15:05:53.304+0000][gc,phases     ] GC(1027)   Post Evacuate Collection Set: 1.0ms
[2025-11-08T15:05:53.304+0000][gc,phases     ] GC(1027)   Other: 0.7ms
[2025-11-08T15:05:53.305+0000][gc,heap       ] GC(1027) Eden regions: 32->0(38)
[2025-11-08T15:05:53.305+0000][gc,heap       ] GC(1027) Survivor regions: 2->2(5)
[2025-11-08T15:05:53.305+0000][gc,heap       ] GC(1027) Old regions: 86->86
[2025-11-08T15:05:53.305+0000][gc,heap       ] GC(1027) Humongous regions: 147->147
[2025-11-08T15:05:53.306+0000][gc,metaspace  ] GC(1027) Metaspace: 52284K(55472K)->52284K(55472K) NonClass: 46496K(48304K)->46496K(48304K) Class: 5787K(7168K)->5787K(7168K)
[2025-11-08T15:05:53.306+0000][gc            ] GC(1027) Pause Young (Normal) (G1 Evacuation Pause) 266M->233M(667M) 13.102ms
[2025-11-08T15:05:53.306+0000][gc,cpu        ] GC(1027) User=0.02s Sys=0.00s Real=0.01s
[2025-11-08T15:05:55.926+0000][gc,start      ] GC(1028) Pause Young (Normal) (G1 Evacuation Pause)
[2025-11-08T15:05:55.926+0000][gc,task       ] GC(1028) Using 2 workers of 2 for evacuation
[2025-11-08T15:05:55.944+0000][gc,phases     ] GC(1028)   Pre Evacuate Collection Set: 0.0ms
[2025-11-08T15:05:55.944+0000][gc,phases     ] GC(1028)   Evacuate Collection Set: 15.3ms
[2025-11-08T15:05:55.945+0000][gc,phases     ] GC(1028)   Post Evacuate Collection Set: 1.1ms
[2025-11-08T15:05:55.945+0000][gc,phases     ] GC(1028)   Other: 1.8ms
[2025-11-08T15:05:55.945+0000][gc,heap       ] GC(1028) Eden regions: 38->0(38)
[2025-11-08T15:05:55.946+0000][gc,heap       ] GC(1028) Survivor regions: 2->2(5)
[2025-11-08T15:05:55.946+0000][gc,heap       ] GC(1028) Old regions: 86->86
[2025-11-08T15:05:55.946+0000][gc,heap       ] GC(1028) Humongous regions: 147->147
[2025-11-08T15:05:55.947+0000][gc,metaspace  ] GC(1028) Metaspace: 52284K(55472K)->52284K(55472K) NonClass: 46496K(48304K)->46496K(48304K) Class: 5787K(7168K)->5787K(7168K)
[2025-11-08T15:05:55.947+0000][gc            ] GC(1028) Pause Young (Normal) (G1 Evacuation Pause) 271M->234M(667M) 21.358ms
[2025-11-08T15:05:55.948+0000][gc,cpu        ] GC(1028) User=0.03s Sys=0.00s Real=0.02s
[2025-11-08T15:05:58.314+0000][gc,start      ] GC(1029) Pause Young (Normal) (G1 Evacuation Pause)
[2025-11-08T15:05:58.314+0000][gc,task       ] GC(1029) Using 2 workers of 2 for evacuation
[2025-11-08T15:05:58.328+0000][gc,phases     ] GC(1029)   Pre Evacuate Collection Set: 0.0ms
[2025-11-08T15:05:58.328+0000][gc,phases     ] GC(1029)   Evacuate Collection Set: 11.5ms
[2025-11-08T15:05:58.328+0000][gc,phases     ] GC(1029)   Post Evacuate Collection Set: 1.6ms
[2025-11-08T15:05:58.329+0000][gc,phases     ] GC(1029)   Other: 1.0ms
[2025-11-08T15:05:58.329+0000][gc,heap       ] GC(1029) Eden regions: 32->0(38)
[2025-11-08T15:05:58.329+0000][gc,heap       ] GC(1029) Survivor regions: 2->2(5)
[2025-11-08T15:05:58.329+0000][gc,heap       ] GC(1029) Old regions: 86->86
[2025-11-08T15:05:58.330+0000][gc,heap       ] GC(1029) Humongous regions: 147->147
[2025-11-08T15:05:58.330+0000][gc,metaspace  ] GC(1029) Metaspace: 52284K(55472K)->52284K(55472K) NonClass: 46496K(48304K)->46496K(48304K) Class: 5787K(7168K)->5787K(7168K)
[2025-11-08T15:05:58.330+0000][gc            ] GC(1029) Pause Young (Normal) (G1 Evacuation Pause) 266M->234M(667M) 16.620ms
[2025-11-08T15:05:58.331+0000][gc,cpu        ] GC(1029) User=0.03s Sys=0.00s Real=0.01s
[2025-11-08T15:06:01.239+0000][gc,start      ] GC(1030) Pause Young (Normal) (G1 Evacuation Pause)
[2025-11-08T15:06:01.241+0000][gc,task       ] GC(1030) Using 2 workers of 2 for evacuation
[2025-11-08T15:06:01.269+0000][gc,mmu        ] GC(1030) MMU target violated: 21.0ms (20.0ms/21.0ms)
[2025-11-08T15:06:01.279+0000][gc,phases     ] GC(1030)   Pre Evacuate Collection Set: 0.0ms
[2025-11-08T15:06:01.279+0000][gc,phases     ] GC(1030)   Evacuate Collection Set: 23.8ms
[2025-11-08T15:06:01.279+0000][gc,phases     ] GC(1030)   Post Evacuate Collection Set: 3.2ms
[2025-11-08T15:06:01.280+0000][gc,phases     ] GC(1030)   Other: 13.0ms
[2025-11-08T15:06:01.280+0000][gc,heap       ] GC(1030) Eden regions: 38->0(33)
[2025-11-08T15:06:01.281+0000][gc,heap       ] GC(1030) Survivor regions: 2->2(5)
[2025-11-08T15:06:01.281+0000][gc,heap       ] GC(1030) Old regions: 86->86
[2025-11-08T15:06:01.286+0000][gc,heap       ] GC(1030) Humongous regions: 147->147
[2025-11-08T15:06:01.287+0000][gc,metaspace  ] GC(1030) Metaspace: 52284K(55472K)->52284K(55472K) NonClass: 46496K(48304K)->46496K(48304K) Class: 5787K(7168K)->5787K(7168K)
[2025-11-08T15:06:01.287+0000][gc            ] GC(1030) Pause Young (Normal) (G1 Evacuation Pause) 272M->234M(667M) 48.513ms
[2025-11-08T15:06:01.288+0000][gc,cpu        ] GC(1030) User=0.04s Sys=0.00s Real=0.05s
[2025-11-08T15:06:03.649+0000][gc,start      ] GC(1031) Pause Young (Normal) (G1 Evacuation Pause)
[2025-11-08T15:06:03.649+0000][gc,task       ] GC(1031) Using 2 workers of 2 for evacuation
[2025-11-08T15:06:03.667+0000][gc,phases     ] GC(1031)   Pre Evacuate Collection Set: 0.0ms
[2025-11-08T15:06:03.667+0000][gc,phases     ] GC(1031)   Evacuate Collection Set: 15.3ms
[2025-11-08T15:06:03.668+0000][gc,phases     ] GC(1031)   Post Evacuate Collection Set: 1.6ms
[2025-11-08T15:06:03.668+0000][gc,phases     ] GC(1031)   Other: 1.0ms
[2025-11-08T15:06:03.671+0000][gc,heap       ] GC(1031) Eden regions: 31->0(33)
[2025-11-08T15:06:03.672+0000][gc,heap       ] GC(1031) Survivor regions: 2->2(5)
[2025-11-08T15:06:03.672+0000][gc,heap       ] GC(1031) Old regions: 86->86
[2025-11-08T15:06:03.673+0000][gc,heap       ] GC(1031) Humongous regions: 147->147
[2025-11-08T15:06:03.673+0000][gc,metaspace  ] GC(1031) Metaspace: 52284K(55472K)->52284K(55472K) NonClass: 46496K(48304K)->46496K(48304K) Class: 5787K(7168K)->5787K(7168K)
[2025-11-08T15:06:03.673+0000][gc            ] GC(1031) Pause Young (Normal) (G1 Evacuation Pause) 265M->234M(667M) 24.266ms
[2025-11-08T15:06:03.674+0000][gc,cpu        ] GC(1031) User=0.04s Sys=0.00s Real=0.03s
[2025-11-08T15:06:05.947+0000][gc,start      ] GC(1032) Pause Young (Normal) (G1 Evacuation Pause)
[2025-11-08T15:06:05.947+0000][gc,task       ] GC(1032) Using 2 workers of 2 for evacuation
[2025-11-08T15:06:05.959+0000][gc,phases     ] GC(1032)   Pre Evacuate Collection Set: 0.0ms
[2025-11-08T15:06:05.959+0000][gc,phases     ] GC(1032)   Evacuate Collection Set: 9.7ms
[2025-11-08T15:06:05.959+0000][gc,phases     ] GC(1032)   Post Evacuate Collection Set: 1.0ms
[2025-11-08T15:06:05.959+0000][gc,phases     ] GC(1032)   Other: 1.1ms
[2025-11-08T15:06:05.960+0000][gc,heap       ] GC(1032) Eden regions: 31->0(35)
[2025-11-08T15:06:05.960+0000][gc,heap       ] GC(1032) Survivor regions: 2->2(5)
[2025-11-08T15:06:05.960+0000][gc,heap       ] GC(1032) Old regions: 86->87
[2025-11-08T15:06:05.961+0000][gc,heap       ] GC(1032) Humongous regions: 147->147
[2025-11-08T15:06:05.961+0000][gc,metaspace  ] GC(1032) Metaspace: 52284K(55472K)->52284K(55472K) NonClass: 46496K(48304K)->46496K(48304K) Class: 5787K(7168K)->5787K(7168K)
[2025-11-08T15:06:05.962+0000][gc            ] GC(1032) Pause Young (Normal) (G1 Evacuation Pause) 265M->234M(667M) 14.633ms
[2025-11-08T15:06:05.962+0000][gc,cpu        ] GC(1032) User=0.02s Sys=0.00s Real=0.01s
[2025-11-08T15:06:08.700+0000][gc,start      ] GC(1033) Pause Young (Normal) (G1 Evacuation Pause)
[2025-11-08T15:06:08.700+0000][gc,task       ] GC(1033) Using 2 workers of 2 for evacuation
[2025-11-08T15:06:08.717+0000][gc,phases     ] GC(1033)   Pre Evacuate Collection Set: 0.0ms
[2025-11-08T15:06:08.718+0000][gc,phases     ] GC(1033)   Evacuate Collection Set: 14.7ms
[2025-11-08T15:06:08.718+0000][gc,phases     ] GC(1033)   Post Evacuate Collection Set: 1.3ms
[2025-11-08T15:06:08.719+0000][gc,phases     ] GC(1033)   Other: 1.3ms
[2025-11-08T15:06:08.719+0000][gc,heap       ] GC(1033) Eden regions: 35->0(35)
[2025-11-08T15:06:08.719+0000][gc,heap       ] GC(1033) Survivor regions: 2->2(5)
[2025-11-08T15:06:08.720+0000][gc,heap       ] GC(1033) Old regions: 87->87
[2025-11-08T15:06:08.720+0000][gc,heap       ] GC(1033) Humongous regions: 147->147
[2025-11-08T15:06:08.721+0000][gc,metaspace  ] GC(1033) Metaspace: 52284K(55472K)->52284K(55472K) NonClass: 46496K(48304K)->46496K(48304K) Class: 5787K(7168K)->5787K(7168K)
[2025-11-08T15:06:08.722+0000][gc            ] GC(1033) Pause Young (Normal) (G1 Evacuation Pause) 269M->234M(667M) 21.937ms
[2025-11-08T15:06:08.722+0000][gc,cpu        ] GC(1033) User=0.03s Sys=0.00s Real=0.02s
[2025-11-08T15:06:11.274+0000][gc,start      ] GC(1034) Pause Young (Normal) (G1 Evacuation Pause)
[2025-11-08T15:06:11.277+0000][gc,task       ] GC(1034) Using 2 workers of 2 for evacuation
[2025-11-08T15:06:11.298+0000][gc,mmu        ] GC(1034) MMU target violated: 20.8ms (20.0ms/21.0ms)
[2025-11-08T15:06:11.299+0000][gc,phases     ] GC(1034)   Pre Evacuate Collection Set: 0.0ms
[2025-11-08T15:06:11.300+0000][gc,phases     ] GC(1034)   Evacuate Collection Set: 19.3ms
[2025-11-08T15:06:11.300+0000][gc,phases     ] GC(1034)   Post Evacuate Collection Set: 1.3ms
[2025-11-08T15:06:11.300+0000][gc,phases     ] GC(1034)   Other: 4.9ms
[2025-11-08T15:06:11.301+0000][gc,heap       ] GC(1034) Eden regions: 31->0(33)
[2025-11-08T15:06:11.301+0000][gc,heap       ] GC(1034) Survivor regions: 2->3(5)
[2025-11-08T15:06:11.302+0000][gc,heap       ] GC(1034) Old regions: 87->87
[2025-11-08T15:06:11.302+0000][gc,heap       ] GC(1034) Humongous regions: 147->147
[2025-11-08T15:06:11.303+0000][gc,metaspace  ] GC(1034) Metaspace: 52284K(55472K)->52284K(55472K) NonClass: 46496K(48304K)->46496K(48304K) Class: 5787K(7168K)->5787K(7168K)
[2025-11-08T15:06:11.303+0000][gc            ] GC(1034) Pause Young (Normal) (G1 Evacuation Pause) 265M->236M(667M) 28.895ms
[2025-11-08T15:06:11.303+0000][gc,cpu        ] GC(1034) User=0.03s Sys=0.00s Real=0.03s
[2025-11-08T15:06:13.603+0000][gc,start      ] GC(1035) Pause Young (Normal) (G1 Evacuation Pause)
[2025-11-08T15:06:13.603+0000][gc,task       ] GC(1035) Using 2 workers of 2 for evacuation
[2025-11-08T15:06:13.619+0000][gc,phases     ] GC(1035)   Pre Evacuate Collection Set: 0.0ms
[2025-11-08T15:06:13.619+0000][gc,phases     ] GC(1035)   Evacuate Collection Set: 13.6ms
[2025-11-08T15:06:13.619+0000][gc,phases     ] GC(1035)   Post Evacuate Collection Set: 1.2ms
[2025-11-08T15:06:13.620+0000][gc,phases     ] GC(1035)   Other: 0.9ms
[2025-11-08T15:06:13.620+0000][gc,heap       ] GC(1035) Eden regions: 30->0(33)
[2025-11-08T15:06:13.620+0000][gc,heap       ] GC(1035) Survivor regions: 3->3(5)
[2025-11-08T15:06:13.621+0000][gc,heap       ] GC(1035) Old regions: 87->87
[2025-11-08T15:06:13.621+0000][gc,heap       ] GC(1035) Humongous regions: 147->147
[2025-11-08T15:06:13.621+0000][gc,metaspace  ] GC(1035) Metaspace: 52284K(55472K)->52284K(55472K) NonClass: 46496K(48304K)->46496K(48304K) Class: 5787K(7168K)->5787K(7168K)
[2025-11-08T15:06:13.622+0000][gc            ] GC(1035) Pause Young (Normal) (G1 Evacuation Pause) 266M->235M(667M) 18.526ms
[2025-11-08T15:06:13.622+0000][gc,cpu        ] GC(1035) User=0.03s Sys=0.00s Real=0.01s
[2025-11-08T15:06:16.228+0000][gc,start      ] GC(1036) Pause Young (Normal) (G1 Evacuation Pause)
[2025-11-08T15:06:16.229+0000][gc,task       ] GC(1036) Using 2 workers of 2 for evacuation
[2025-11-08T15:06:16.244+0000][gc,phases     ] GC(1036)   Pre Evacuate Collection Set: 0.1ms
[2025-11-08T15:06:16.245+0000][gc,phases     ] GC(1036)   Evacuate Collection Set: 13.3ms
[2025-11-08T15:06:16.245+0000][gc,phases     ] GC(1036)   Post Evacuate Collection Set: 1.2ms
[2025-11-08T15:06:16.246+0000][gc,phases     ] GC(1036)   Other: 1.1ms
[2025-11-08T15:06:16.246+0000][gc,heap       ] GC(1036) Eden regions: 33->0(34)
[2025-11-08T15:06:16.246+0000][gc,heap       ] GC(1036) Survivor regions: 3->3(5)
[2025-11-08T15:06:16.247+0000][gc,heap       ] GC(1036) Old regions: 87->87
[2025-11-08T15:06:16.247+0000][gc,heap       ] GC(1036) Humongous regions: 147->147
[2025-11-08T15:06:16.247+0000][gc,metaspace  ] GC(1036) Metaspace: 52284K(55472K)->52284K(55472K) NonClass: 46496K(48304K)->46496K(48304K) Class: 5787K(7168K)->5787K(7168K)
[2025-11-08T15:06:16.248+0000][gc            ] GC(1036) Pause Young (Normal) (G1 Evacuation Pause) 268M->235M(667M) 19.509ms
[2025-11-08T15:06:16.248+0000][gc,cpu        ] GC(1036) User=0.03s Sys=0.00s Real=0.02s
[2025-11-08T15:06:18.749+0000][gc,start      ] GC(1037) Pause Young (Normal) (G1 Evacuation Pause)
[2025-11-08T15:06:18.750+0000][gc,task       ] GC(1037) Using 2 workers of 2 for evacuation
[2025-11-08T15:06:18.770+0000][gc,phases     ] GC(1037)   Pre Evacuate Collection Set: 0.0ms
[2025-11-08T15:06:18.771+0000][gc,phases     ] GC(1037)   Evacuate Collection Set: 16.7ms
[2025-11-08T15:06:18.771+0000][gc,phases     ] GC(1037)   Post Evacuate Collection Set: 1.5ms
[2025-11-08T15:06:18.772+0000][gc,phases     ] GC(1037)   Other: 2.8ms
[2025-11-08T15:06:18.772+0000][gc,heap       ] GC(1037) Eden regions: 34->0(34)
[2025-11-08T15:06:18.774+0000][gc,heap       ] GC(1037) Survivor regions: 3->3(5)
[2025-11-08T15:06:18.777+0000][gc,heap       ] GC(1037) Old regions: 87->87
[2025-11-08T15:06:18.781+0000][gc,heap       ] GC(1037) Humongous regions: 147->147
[2025-11-08T15:06:18.782+0000][gc,metaspace  ] GC(1037) Metaspace: 52284K(55472K)->52284K(55472K) NonClass: 46496K(48304K)->46496K(48304K) Class: 5787K(7168K)->5787K(7168K)
[2025-11-08T15:06:18.783+0000][gc            ] GC(1037) Pause Young (Normal) (G1 Evacuation Pause) 269M->235M(667M) 33.454ms
[2025-11-08T15:06:18.783+0000][gc,cpu        ] GC(1037) User=0.03s Sys=0.00s Real=0.04s
[2025-11-08T15:06:21.198+0000][gc,start      ] GC(1038) Pause Young (Normal) (G1 Evacuation Pause)
[2025-11-08T15:06:21.199+0000][gc,task       ] GC(1038) Using 2 workers of 2 for evacuation
[2025-11-08T15:06:21.215+0000][gc,phases     ] GC(1038)   Pre Evacuate Collection Set: 0.0ms
[2025-11-08T15:06:21.215+0000][gc,phases     ] GC(1038)   Evacuate Collection Set: 13.9ms
[2025-11-08T15:06:21.216+0000][gc,phases     ] GC(1038)   Post Evacuate Collection Set: 1.5ms
[2025-11-08T15:06:21.216+0000][gc,phases     ] GC(1038)   Other: 1.1ms
[2025-11-08T15:06:21.216+0000][gc,heap       ] GC(1038) Eden regions: 34->0(36)
[2025-11-08T15:06:21.216+0000][gc,heap       ] GC(1038) Survivor regions: 3->3(5)
[2025-11-08T15:06:21.217+0000][gc,heap       ] GC(1038) Old regions: 87->87
[2025-11-08T15:06:21.217+0000][gc,heap       ] GC(1038) Humongous regions: 147->147
[2025-11-08T15:06:21.217+0000][gc,metaspace  ] GC(1038) Metaspace: 52284K(55472K)->52284K(55472K) NonClass: 46496K(48304K)->46496K(48304K) Class: 5787K(7168K)->5787K(7168K)
[2025-11-08T15:06:21.218+0000][gc            ] GC(1038) Pause Young (Normal) (G1 Evacuation Pause) 269M->236M(667M) 19.625ms
[2025-11-08T15:06:21.218+0000][gc,cpu        ] GC(1038) User=0.03s Sys=0.00s Real=0.02s
[2025-11-08T15:06:23.929+0000][gc,start      ] GC(1039) Pause Young (Normal) (G1 Evacuation Pause)
[2025-11-08T15:06:23.930+0000][gc,task       ] GC(1039) Using 2 workers of 2 for evacuation
[2025-11-08T15:06:23.946+0000][gc,phases     ] GC(1039)   Pre Evacuate Collection Set: 0.0ms
[2025-11-08T15:06:23.946+0000][gc,phases     ] GC(1039)   Evacuate Collection Set: 13.3ms
[2025-11-08T15:06:23.947+0000][gc,phases     ] GC(1039)   Post Evacuate Collection Set: 1.4ms
[2025-11-08T15:06:23.947+0000][gc,phases     ] GC(1039)   Other: 1.4ms
[2025-11-08T15:06:23.947+0000][gc,heap       ] GC(1039) Eden regions: 36->0(38)
[2025-11-08T15:06:23.948+0000][gc,heap       ] GC(1039) Survivor regions: 3->3(5)
[2025-11-08T15:06:23.948+0000][gc,heap       ] GC(1039) Old regions: 87->87
[2025-11-08T15:06:23.949+0000][gc,heap       ] GC(1039) Humongous regions: 147->147
[2025-11-08T15:06:23.950+0000][gc,metaspace  ] GC(1039) Metaspace: 52284K(55472K)->52284K(55472K) NonClass: 46496K(48304K)->46496K(48304K) Class: 5787K(7168K)->5787K(7168K)
[2025-11-08T15:06:23.950+0000][gc            ] GC(1039) Pause Young (Normal) (G1 Evacuation Pause) 272M->236M(667M) 20.861ms
[2025-11-08T15:06:23.951+0000][gc,cpu        ] GC(1039) User=0.03s Sys=0.00s Real=0.02s
[2025-11-08T15:06:26.696+0000][gc,start      ] GC(1040) Pause Young (Normal) (G1 Evacuation Pause)
[2025-11-08T15:06:26.696+0000][gc,task       ] GC(1040) Using 2 workers of 2 for evacuation
[2025-11-08T15:06:26.709+0000][gc,phases     ] GC(1040)   Pre Evacuate Collection Set: 0.0ms
[2025-11-08T15:06:26.709+0000][gc,phases     ] GC(1040)   Evacuate Collection Set: 10.4ms
[2025-11-08T15:06:26.710+0000][gc,phases     ] GC(1040)   Post Evacuate Collection Set: 1.3ms
[2025-11-08T15:06:26.710+0000][gc,phases     ] GC(1040)   Other: 1.3ms
[2025-11-08T15:06:26.710+0000][gc,heap       ] GC(1040) Eden regions: 38->0(41)
[2025-11-08T15:06:26.711+0000][gc,heap       ] GC(1040) Survivor regions: 3->2(6)
[2025-11-08T15:06:26.712+0000][gc,heap       ] GC(1040) Old regions: 87->87
[2025-11-08T15:06:26.712+0000][gc,heap       ] GC(1040) Humongous regions: 147->147
[2025-11-08T15:06:26.712+0000][gc,metaspace  ] GC(1040) Metaspace: 52284K(55472K)->52284K(55472K) NonClass: 46496K(48304K)->46496K(48304K) Class: 5787K(7168K)->5787K(7168K)
[2025-11-08T15:06:26.713+0000][gc            ] GC(1040) Pause Young (Normal) (G1 Evacuation Pause) 274M->235M(667M) 17.133ms
[2025-11-08T15:06:26.713+0000][gc,cpu        ] GC(1040) User=0.02s Sys=0.00s Real=0.02s
[2025-11-08T15:06:29.661+0000][gc,start      ] GC(1041) Pause Young (Normal) (G1 Evacuation Pause)
[2025-11-08T15:06:29.661+0000][gc,task       ] GC(1041) Using 2 workers of 2 for evacuation
[2025-11-08T15:06:29.675+0000][gc,phases     ] GC(1041)   Pre Evacuate Collection Set: 0.0ms
[2025-11-08T15:06:29.675+0000][gc,phases     ] GC(1041)   Evacuate Collection Set: 12.0ms
[2025-11-08T15:06:29.676+0000][gc,phases     ] GC(1041)   Post Evacuate Collection Set: 1.1ms
[2025-11-08T15:06:29.676+0000][gc,phases     ] GC(1041)   Other: 1.0ms
[2025-11-08T15:06:29.677+0000][gc,heap       ] GC(1041) Eden regions: 41->0(45)
[2025-11-08T15:06:29.677+0000][gc,heap       ] GC(1041) Survivor regions: 2->3(6)
[2025-11-08T15:06:29.677+0000][gc,heap       ] GC(1041) Old regions: 87->87
[2025-11-08T15:06:29.678+0000][gc,heap       ] GC(1041) Humongous regions: 147->147
[2025-11-08T15:06:29.678+0000][gc,metaspace  ] GC(1041) Metaspace: 52284K(55472K)->52284K(55472K) NonClass: 46496K(48304K)->46496K(48304K) Class: 5787K(7168K)->5787K(7168K)
[2025-11-08T15:06:29.679+0000][gc            ] GC(1041) Pause Young (Normal) (G1 Evacuation Pause) 276M->235M(667M) 17.596ms
[2025-11-08T15:06:29.679+0000][gc,cpu        ] GC(1041) User=0.03s Sys=0.00s Real=0.02s
[2025-11-08T15:06:32.066+0000][gc,start      ] GC(1042) Pause Young (Normal) (G1 Evacuation Pause)
[2025-11-08T15:06:32.067+0000][gc,task       ] GC(1042) Using 2 workers of 2 for evacuation
[2025-11-08T15:06:32.082+0000][gc,phases     ] GC(1042)   Pre Evacuate Collection Set: 0.0ms
[2025-11-08T15:06:32.082+0000][gc,phases     ] GC(1042)   Evacuate Collection Set: 12.1ms
[2025-11-08T15:06:32.082+0000][gc,phases     ] GC(1042)   Post Evacuate Collection Set: 1.5ms
[2025-11-08T15:06:32.083+0000][gc,phases     ] GC(1042)   Other: 2.0ms
[2025-11-08T15:06:32.083+0000][gc,heap       ] GC(1042) Eden regions: 33->0(45)
[2025-11-08T15:06:32.083+0000][gc,heap       ] GC(1042) Survivor regions: 3->2(5)
[2025-11-08T15:06:32.084+0000][gc,heap       ] GC(1042) Old regions: 87->87
[2025-11-08T15:06:32.084+0000][gc,heap       ] GC(1042) Humongous regions: 147->147
[2025-11-08T15:06:32.085+0000][gc,metaspace  ] GC(1042) Metaspace: 52284K(55472K)->52284K(55472K) NonClass: 46496K(48304K)->46496K(48304K) Class: 5787K(7168K)->5787K(7168K)
[2025-11-08T15:06:32.085+0000][gc            ] GC(1042) Pause Young (Normal) (G1 Evacuation Pause) 268M->235M(667M) 18.994ms
[2025-11-08T15:06:32.085+0000][gc,cpu        ] GC(1042) User=0.03s Sys=0.00s Real=0.02s
[2025-11-08T15:06:34.306+0000][gc,start      ] GC(1043) Pause Young (Normal) (G1 Evacuation Pause)
[2025-11-08T15:06:34.307+0000][gc,task       ] GC(1043) Using 2 workers of 2 for evacuation
[2025-11-08T15:06:34.332+0000][gc,mmu        ] GC(1043) MMU target violated: 21.0ms (20.0ms/21.0ms)
[2025-11-08T15:06:34.336+0000][gc,phases     ] GC(1043)   Pre Evacuate Collection Set: 0.1ms
[2025-11-08T15:06:34.337+0000][gc,phases     ] GC(1043)   Evacuate Collection Set: 18.2ms
[2025-11-08T15:06:34.337+0000][gc,phases     ] GC(1043)   Post Evacuate Collection Set: 5.7ms
[2025-11-08T15:06:34.339+0000][gc,phases     ] GC(1043)   Other: 6.5ms
[2025-11-08T15:06:34.339+0000][gc,heap       ] GC(1043) Eden regions: 31->0(32)
[2025-11-08T15:06:34.340+0000][gc,heap       ] GC(1043) Survivor regions: 2->2(5)
[2025-11-08T15:06:34.340+0000][gc,heap       ] GC(1043) Old regions: 87->87
[2025-11-08T15:06:34.341+0000][gc,heap       ] GC(1043) Humongous regions: 147->147
[2025-11-08T15:06:34.341+0000][gc,metaspace  ] GC(1043) Metaspace: 52284K(55472K)->52284K(55472K) NonClass: 46496K(48304K)->46496K(48304K) Class: 5787K(7168K)->5787K(7168K)
[2025-11-08T15:06:34.342+0000][gc            ] GC(1043) Pause Young (Normal) (G1 Evacuation Pause) 266M->235M(667M) 35.951ms
[2025-11-08T15:06:34.342+0000][gc,cpu        ] GC(1043) User=0.04s Sys=0.00s Real=0.04s
[2025-11-08T15:06:36.513+0000][gc,start      ] GC(1044) Pause Young (Normal) (G1 Evacuation Pause)
[2025-11-08T15:06:36.514+0000][gc,task       ] GC(1044) Using 2 workers of 2 for evacuation
[2025-11-08T15:06:36.529+0000][gc,phases     ] GC(1044)   Pre Evacuate Collection Set: 0.1ms
[2025-11-08T15:06:36.530+0000][gc,phases     ] GC(1044)   Evacuate Collection Set: 11.2ms
[2025-11-08T15:06:36.530+0000][gc,phases     ] GC(1044)   Post Evacuate Collection Set: 1.1ms
[2025-11-08T15:06:36.530+0000][gc,phases     ] GC(1044)   Other: 3.5ms
[2025-11-08T15:06:36.531+0000][gc,heap       ] GC(1044) Eden regions: 31->0(33)
[2025-11-08T15:06:36.531+0000][gc,heap       ] GC(1044) Survivor regions: 2->2(5)
[2025-11-08T15:06:36.531+0000][gc,heap       ] GC(1044) Old regions: 87->87
[2025-11-08T15:06:36.531+0000][gc,heap       ] GC(1044) Humongous regions: 147->147
[2025-11-08T15:06:36.532+0000][gc,metaspace  ] GC(1044) Metaspace: 52284K(55472K)->52284K(55472K) NonClass: 46496K(48304K)->46496K(48304K) Class: 5787K(7168K)->5787K(7168K)
[2025-11-08T15:06:36.532+0000][gc            ] GC(1044) Pause Young (Normal) (G1 Evacuation Pause) 266M->235M(667M) 18.691ms
[2025-11-08T15:06:36.533+0000][gc,cpu        ] GC(1044) User=0.03s Sys=0.00s Real=0.02s
[2025-11-08T15:06:38.987+0000][gc,start      ] GC(1045) Pause Young (Normal) (G1 Evacuation Pause)
[2025-11-08T15:06:38.987+0000][gc,task       ] GC(1045) Using 2 workers of 2 for evacuation
[2025-11-08T15:06:39.007+0000][gc,phases     ] GC(1045)   Pre Evacuate Collection Set: 0.0ms
[2025-11-08T15:06:39.007+0000][gc,phases     ] GC(1045)   Evacuate Collection Set: 16.8ms
[2025-11-08T15:06:39.008+0000][gc,phases     ] GC(1045)   Post Evacuate Collection Set: 1.4ms
[2025-11-08T15:06:39.008+0000][gc,phases     ] GC(1045)   Other: 1.2ms
[2025-11-08T15:06:39.009+0000][gc,heap       ] GC(1045) Eden regions: 33->0(34)
[2025-11-08T15:06:39.009+0000][gc,heap       ] GC(1045) Survivor regions: 2->2(5)
[2025-11-08T15:06:39.010+0000][gc,heap       ] GC(1045) Old regions: 87->87
[2025-11-08T15:06:39.010+0000][gc,heap       ] GC(1045) Humongous regions: 147->147
[2025-11-08T15:06:39.011+0000][gc,metaspace  ] GC(1045) Metaspace: 52284K(55472K)->52284K(55472K) NonClass: 46496K(48304K)->46496K(48304K) Class: 5787K(7168K)->5787K(7168K)
[2025-11-08T15:06:39.011+0000][gc            ] GC(1045) Pause Young (Normal) (G1 Evacuation Pause) 268M->235M(667M) 24.035ms
[2025-11-08T15:06:39.012+0000][gc,cpu        ] GC(1045) User=0.03s Sys=0.00s Real=0.02s
[2025-11-08T15:06:41.432+0000][gc,start      ] GC(1046) Pause Young (Normal) (G1 Evacuation Pause)
[2025-11-08T15:06:41.432+0000][gc,task       ] GC(1046) Using 2 workers of 2 for evacuation
[2025-11-08T15:06:41.453+0000][gc,phases     ] GC(1046)   Pre Evacuate Collection Set: 0.0ms
[2025-11-08T15:06:41.454+0000][gc,phases     ] GC(1046)   Evacuate Collection Set: 15.2ms
[2025-11-08T15:06:41.454+0000][gc,phases     ] GC(1046)   Post Evacuate Collection Set: 1.6ms
[2025-11-08T15:06:41.455+0000][gc,phases     ] GC(1046)   Other: 4.5ms
[2025-11-08T15:06:41.455+0000][gc,heap       ] GC(1046) Eden regions: 34->0(34)
[2025-11-08T15:06:41.457+0000][gc,heap       ] GC(1046) Survivor regions: 2->2(5)
[2025-11-08T15:06:41.457+0000][gc,heap       ] GC(1046) Old regions: 87->88
[2025-11-08T15:06:41.458+0000][gc,heap       ] GC(1046) Humongous regions: 147->147
[2025-11-08T15:06:41.459+0000][gc,metaspace  ] GC(1046) Metaspace: 52284K(55472K)->52284K(55472K) NonClass: 46496K(48304K)->46496K(48304K) Class: 5787K(7168K)->5787K(7168K)
[2025-11-08T15:06:41.459+0000][gc            ] GC(1046) Pause Young (Normal) (G1 Evacuation Pause) 269M->235M(667M) 27.226ms
[2025-11-08T15:06:41.466+0000][gc,cpu        ] GC(1046) User=0.04s Sys=0.00s Real=0.04s
[2025-11-08T15:06:43.758+0000][gc,start      ] GC(1047) Pause Young (Normal) (G1 Evacuation Pause)
[2025-11-08T15:06:43.758+0000][gc,task       ] GC(1047) Using 2 workers of 2 for evacuation
[2025-11-08T15:06:43.778+0000][gc,phases     ] GC(1047)   Pre Evacuate Collection Set: 0.0ms
[2025-11-08T15:06:43.779+0000][gc,phases     ] GC(1047)   Evacuate Collection Set: 17.9ms
[2025-11-08T15:06:43.781+0000][gc,phases     ] GC(1047)   Post Evacuate Collection Set: 1.4ms
[2025-11-08T15:06:43.782+0000][gc,phases     ] GC(1047)   Other: 1.6ms
[2025-11-08T15:06:43.782+0000][gc,heap       ] GC(1047) Eden regions: 31->0(32)
[2025-11-08T15:06:43.783+0000][gc,heap       ] GC(1047) Survivor regions: 2->3(5)
[2025-11-08T15:06:43.784+0000][gc,heap       ] GC(1047) Old regions: 88->88
[2025-11-08T15:06:43.784+0000][gc,heap       ] GC(1047) Humongous regions: 147->147
[2025-11-08T15:06:43.784+0000][gc,metaspace  ] GC(1047) Metaspace: 52284K(55472K)->52284K(55472K) NonClass: 46496K(48304K)->46496K(48304K) Class: 5787K(7168K)->5787K(7168K)
[2025-11-08T15:06:43.785+0000][gc            ] GC(1047) Pause Young (Normal) (G1 Evacuation Pause) 266M->237M(667M) 27.489ms
[2025-11-08T15:06:43.785+0000][gc,cpu        ] GC(1047) User=0.04s Sys=0.00s Real=0.03s
[2025-11-08T15:06:45.903+0000][gc,start      ] GC(1048) Pause Young (Normal) (G1 Evacuation Pause)
[2025-11-08T15:06:45.903+0000][gc,task       ] GC(1048) Using 2 workers of 2 for evacuation
[2025-11-08T15:06:45.919+0000][gc,phases     ] GC(1048)   Pre Evacuate Collection Set: 0.0ms
[2025-11-08T15:06:45.920+0000][gc,phases     ] GC(1048)   Evacuate Collection Set: 14.4ms
[2025-11-08T15:06:45.920+0000][gc,phases     ] GC(1048)   Post Evacuate Collection Set: 0.9ms
[2025-11-08T15:06:45.920+0000][gc,phases     ] GC(1048)   Other: 1.6ms
[2025-11-08T15:06:45.921+0000][gc,heap       ] GC(1048) Eden regions: 30->0(32)
[2025-11-08T15:06:45.921+0000][gc,heap       ] GC(1048) Survivor regions: 3->3(5)
[2025-11-08T15:06:45.921+0000][gc,heap       ] GC(1048) Old regions: 88->88
[2025-11-08T15:06:45.921+0000][gc,heap       ] GC(1048) Humongous regions: 147->147
[2025-11-08T15:06:45.922+0000][gc,metaspace  ] GC(1048) Metaspace: 52284K(55472K)->52284K(55472K) NonClass: 46496K(48304K)->46496K(48304K) Class: 5787K(7168K)->5787K(7168K)
[2025-11-08T15:06:45.923+0000][gc            ] GC(1048) Pause Young (Normal) (G1 Evacuation Pause) 267M->236M(667M) 20.739ms
[2025-11-08T15:06:45.924+0000][gc,cpu        ] GC(1048) User=0.04s Sys=0.00s Real=0.03s
[2025-11-08T15:06:48.233+0000][gc,start      ] GC(1049) Pause Young (Normal) (G1 Evacuation Pause)
[2025-11-08T15:06:48.233+0000][gc,task       ] GC(1049) Using 2 workers of 2 for evacuation
[2025-11-08T15:06:48.245+0000][gc,phases     ] GC(1049)   Pre Evacuate Collection Set: 0.0ms
[2025-11-08T15:06:48.245+0000][gc,phases     ] GC(1049)   Evacuate Collection Set: 10.2ms
[2025-11-08T15:06:48.246+0000][gc,phases     ] GC(1049)   Post Evacuate Collection Set: 1.3ms
[2025-11-08T15:06:48.246+0000][gc,phases     ] GC(1049)   Other: 0.9ms
[2025-11-08T15:06:48.247+0000][gc,heap       ] GC(1049) Eden regions: 32->0(33)
[2025-11-08T15:06:48.247+0000][gc,heap       ] GC(1049) Survivor regions: 3->2(5)
[2025-11-08T15:06:48.248+0000][gc,heap       ] GC(1049) Old regions: 88->88
[2025-11-08T15:06:48.248+0000][gc,heap       ] GC(1049) Humongous regions: 147->147
[2025-11-08T15:06:48.248+0000][gc,metaspace  ] GC(1049) Metaspace: 52284K(55472K)->52284K(55472K) NonClass: 46496K(48304K)->46496K(48304K) Class: 5787K(7168K)->5787K(7168K)
[2025-11-08T15:06:48.248+0000][gc            ] GC(1049) Pause Young (Normal) (G1 Evacuation Pause) 268M->236M(667M) 15.780ms
[2025-11-08T15:06:48.249+0000][gc,cpu        ] GC(1049) User=0.03s Sys=0.00s Real=0.02s
[2025-11-08T15:06:50.793+0000][gc,start      ] GC(1050) Pause Young (Normal) (G1 Evacuation Pause)
[2025-11-08T15:06:50.794+0000][gc,task       ] GC(1050) Using 2 workers of 2 for evacuation
[2025-11-08T15:06:50.810+0000][gc,phases     ] GC(1050)   Pre Evacuate Collection Set: 0.0ms
[2025-11-08T15:06:50.811+0000][gc,phases     ] GC(1050)   Evacuate Collection Set: 13.9ms
[2025-11-08T15:06:50.811+0000][gc,phases     ] GC(1050)   Post Evacuate Collection Set: 1.5ms
[2025-11-08T15:06:50.812+0000][gc,phases     ] GC(1050)   Other: 2.4ms
[2025-11-08T15:06:50.813+0000][gc,heap       ] GC(1050) Eden regions: 33->0(35)
[2025-11-08T15:06:50.813+0000][gc,heap       ] GC(1050) Survivor regions: 2->3(5)
[2025-11-08T15:06:50.814+0000][gc,heap       ] GC(1050) Old regions: 88->88
[2025-11-08T15:06:50.814+0000][gc,heap       ] GC(1050) Humongous regions: 147->147
[2025-11-08T15:06:50.814+0000][gc,metaspace  ] GC(1050) Metaspace: 52284K(55472K)->52284K(55472K) NonClass: 46496K(48304K)->46496K(48304K) Class: 5787K(7168K)->5787K(7168K)
[2025-11-08T15:06:50.815+0000][gc            ] GC(1050) Pause Young (Normal) (G1 Evacuation Pause) 269M->236M(667M) 22.323ms
[2025-11-08T15:06:50.815+0000][gc,cpu        ] GC(1050) User=0.03s Sys=0.00s Real=0.03s
[2025-11-08T15:06:53.357+0000][gc,start      ] GC(1051) Pause Young (Normal) (G1 Evacuation Pause)
[2025-11-08T15:06:53.357+0000][gc,task       ] GC(1051) Using 2 workers of 2 for evacuation
[2025-11-08T15:06:53.374+0000][gc,phases     ] GC(1051)   Pre Evacuate Collection Set: 0.0ms
[2025-11-08T15:06:53.375+0000][gc,phases     ] GC(1051)   Evacuate Collection Set: 14.6ms
[2025-11-08T15:06:53.375+0000][gc,phases     ] GC(1051)   Post Evacuate Collection Set: 1.6ms
[2025-11-08T15:06:53.376+0000][gc,phases     ] GC(1051)   Other: 1.3ms
[2025-11-08T15:06:53.376+0000][gc,heap       ] GC(1051) Eden regions: 35->0(36)
[2025-11-08T15:06:53.377+0000][gc,heap       ] GC(1051) Survivor regions: 3->3(5)
[2025-11-08T15:06:53.377+0000][gc,heap       ] GC(1051) Old regions: 88->88
[2025-11-08T15:06:53.378+0000][gc,heap       ] GC(1051) Humongous regions: 147->147
[2025-11-08T15:06:53.378+0000][gc,metaspace  ] GC(1051) Metaspace: 52284K(55472K)->52284K(55472K) NonClass: 46496K(48304K)->46496K(48304K) Class: 5787K(7168K)->5787K(7168K)
[2025-11-08T15:06:53.378+0000][gc            ] GC(1051) Pause Young (Normal) (G1 Evacuation Pause) 271M->236M(667M) 21.461ms
[2025-11-08T15:06:53.379+0000][gc,cpu        ] GC(1051) User=0.03s Sys=0.00s Real=0.02s
[2025-11-08T15:06:55.468+0000][gc,start      ] GC(1052) Pause Young (Normal) (G1 Evacuation Pause)
[2025-11-08T15:06:55.469+0000][gc,task       ] GC(1052) Using 2 workers of 2 for evacuation
[2025-11-08T15:06:55.483+0000][gc,phases     ] GC(1052)   Pre Evacuate Collection Set: 0.0ms
[2025-11-08T15:06:55.483+0000][gc,phases     ] GC(1052)   Evacuate Collection Set: 11.8ms
[2025-11-08T15:06:55.484+0000][gc,phases     ] GC(1052)   Post Evacuate Collection Set: 1.4ms
[2025-11-08T15:06:55.484+0000][gc,phases     ] GC(1052)   Other: 1.4ms
[2025-11-08T15:06:55.485+0000][gc,heap       ] GC(1052) Eden regions: 30->0(37)
[2025-11-08T15:06:55.485+0000][gc,heap       ] GC(1052) Survivor regions: 3->2(5)
[2025-11-08T15:06:55.486+0000][gc,heap       ] GC(1052) Old regions: 88->88
[2025-11-08T15:06:55.487+0000][gc,heap       ] GC(1052) Humongous regions: 147->147
[2025-11-08T15:06:55.488+0000][gc,metaspace  ] GC(1052) Metaspace: 52284K(55472K)->52284K(55472K) NonClass: 46496K(48304K)->46496K(48304K) Class: 5787K(7168K)->5787K(7168K)
[2025-11-08T15:06:55.488+0000][gc            ] GC(1052) Pause Young (Normal) (G1 Evacuation Pause) 266M->236M(667M) 19.878ms
[2025-11-08T15:06:55.488+0000][gc,cpu        ] GC(1052) User=0.03s Sys=0.00s Real=0.02s
[2025-11-08T15:06:57.708+0000][gc,start      ] GC(1053) Pause Young (Normal) (G1 Evacuation Pause)
[2025-11-08T15:06:57.709+0000][gc,task       ] GC(1053) Using 2 workers of 2 for evacuation
[2025-11-08T15:06:57.725+0000][gc,phases     ] GC(1053)   Pre Evacuate Collection Set: 0.0ms
[2025-11-08T15:06:57.726+0000][gc,phases     ] GC(1053)   Evacuate Collection Set: 11.9ms
[2025-11-08T15:06:57.727+0000][gc,phases     ] GC(1053)   Post Evacuate Collection Set: 1.7ms
[2025-11-08T15:06:57.727+0000][gc,phases     ] GC(1053)   Other: 3.5ms
[2025-11-08T15:06:57.728+0000][gc,heap       ] GC(1053) Eden regions: 31->0(36)
[2025-11-08T15:06:57.728+0000][gc,heap       ] GC(1053) Survivor regions: 2->2(5)
[2025-11-08T15:06:57.728+0000][gc,heap       ] GC(1053) Old regions: 88->88
[2025-11-08T15:06:57.729+0000][gc,heap       ] GC(1053) Humongous regions: 147->147
[2025-11-08T15:06:57.729+0000][gc,metaspace  ] GC(1053) Metaspace: 52284K(55472K)->52284K(55472K) NonClass: 46496K(48304K)->46496K(48304K) Class: 5787K(7168K)->5787K(7168K)
[2025-11-08T15:06:57.729+0000][gc            ] GC(1053) Pause Young (Normal) (G1 Evacuation Pause) 267M->236M(667M) 21.236ms
[2025-11-08T15:06:57.730+0000][gc,cpu        ] GC(1053) User=0.02s Sys=0.00s Real=0.02s
[2025-11-08T15:07:00.504+0000][gc,start      ] GC(1054) Pause Young (Normal) (G1 Evacuation Pause)
[2025-11-08T15:07:00.505+0000][gc,task       ] GC(1054) Using 2 workers of 2 for evacuation
[2025-11-08T15:07:00.525+0000][gc,phases     ] GC(1054)   Pre Evacuate Collection Set: 0.0ms
[2025-11-08T15:07:00.525+0000][gc,phases     ] GC(1054)   Evacuate Collection Set: 16.3ms
[2025-11-08T15:07:00.526+0000][gc,phases     ] GC(1054)   Post Evacuate Collection Set: 1.7ms
[2025-11-08T15:07:00.526+0000][gc,phases     ] GC(1054)   Other: 2.2ms
[2025-11-08T15:07:00.527+0000][gc,heap       ] GC(1054) Eden regions: 36->0(36)
[2025-11-08T15:07:00.527+0000][gc,heap       ] GC(1054) Survivor regions: 2->2(5)
[2025-11-08T15:07:00.528+0000][gc,heap       ] GC(1054) Old regions: 88->88
[2025-11-08T15:07:00.529+0000][gc,heap       ] GC(1054) Humongous regions: 147->147
[2025-11-08T15:07:00.529+0000][gc,metaspace  ] GC(1054) Metaspace: 52288K(55472K)->52288K(55472K) NonClass: 46500K(48304K)->46500K(48304K) Class: 5787K(7168K)->5787K(7168K)
[2025-11-08T15:07:00.530+0000][gc            ] GC(1054) Pause Young (Normal) (G1 Evacuation Pause) 272M->236M(667M) 25.191ms
[2025-11-08T15:07:00.530+0000][gc,cpu        ] GC(1054) User=0.03s Sys=0.00s Real=0.02s
[2025-11-08T15:07:03.495+0000][gc,start      ] GC(1055) Pause Young (Normal) (G1 Evacuation Pause)
[2025-11-08T15:07:03.496+0000][gc,task       ] GC(1055) Using 2 workers of 2 for evacuation
[2025-11-08T15:07:03.514+0000][gc,phases     ] GC(1055)   Pre Evacuate Collection Set: 0.0ms
[2025-11-08T15:07:03.514+0000][gc,phases     ] GC(1055)   Evacuate Collection Set: 15.2ms
[2025-11-08T15:07:03.515+0000][gc,phases     ] GC(1055)   Post Evacuate Collection Set: 1.6ms
[2025-11-08T15:07:03.515+0000][gc,phases     ] GC(1055)   Other: 1.5ms
[2025-11-08T15:07:03.516+0000][gc,heap       ] GC(1055) Eden regions: 31->0(35)
[2025-11-08T15:07:03.517+0000][gc,heap       ] GC(1055) Survivor regions: 2->2(5)
[2025-11-08T15:07:03.517+0000][gc,heap       ] GC(1055) Old regions: 88->88
[2025-11-08T15:07:03.517+0000][gc,heap       ] GC(1055) Humongous regions: 147->147
[2025-11-08T15:07:03.518+0000][gc,metaspace  ] GC(1055) Metaspace: 52288K(55472K)->52288K(55472K) NonClass: 46500K(48304K)->46500K(48304K) Class: 5787K(7168K)->5787K(7168K)
[2025-11-08T15:07:03.518+0000][gc            ] GC(1055) Pause Young (Normal) (G1 Evacuation Pause) 267M->235M(667M) 22.824ms
[2025-11-08T15:07:03.518+0000][gc,cpu        ] GC(1055) User=0.03s Sys=0.00s Real=0.02s
[2025-11-08T15:07:05.794+0000][gc,start      ] GC(1056) Pause Young (Normal) (G1 Evacuation Pause)
[2025-11-08T15:07:05.795+0000][gc,task       ] GC(1056) Using 2 workers of 2 for evacuation
[2025-11-08T15:07:05.815+0000][gc,phases     ] GC(1056)   Pre Evacuate Collection Set: 0.0ms
[2025-11-08T15:07:05.816+0000][gc,phases     ] GC(1056)   Evacuate Collection Set: 17.9ms
[2025-11-08T15:07:05.816+0000][gc,phases     ] GC(1056)   Post Evacuate Collection Set: 1.6ms
[2025-11-08T15:07:05.817+0000][gc,phases     ] GC(1056)   Other: 1.7ms
[2025-11-08T15:07:05.817+0000][gc,heap       ] GC(1056) Eden regions: 31->0(34)
[2025-11-08T15:07:05.817+0000][gc,heap       ] GC(1056) Survivor regions: 2->3(5)
[2025-11-08T15:07:05.818+0000][gc,heap       ] GC(1056) Old regions: 88->88
[2025-11-08T15:07:05.818+0000][gc,heap       ] GC(1056) Humongous regions: 147->147
[2025-11-08T15:07:05.819+0000][gc,metaspace  ] GC(1056) Metaspace: 52288K(55472K)->52288K(55472K) NonClass: 46500K(48304K)->46500K(48304K) Class: 5787K(7168K)->5787K(7168K)
[2025-11-08T15:07:05.819+0000][gc            ] GC(1056) Pause Young (Normal) (G1 Evacuation Pause) 266M->237M(667M) 25.096ms
[2025-11-08T15:07:05.820+0000][gc,cpu        ] GC(1056) User=0.04s Sys=0.00s Real=0.02s
[2025-11-08T15:07:08.451+0000][gc,start      ] GC(1057) Pause Young (Normal) (G1 Evacuation Pause)
[2025-11-08T15:07:08.451+0000][gc,task       ] GC(1057) Using 2 workers of 2 for evacuation
[2025-11-08T15:07:08.469+0000][gc,phases     ] GC(1057)   Pre Evacuate Collection Set: 0.0ms
[2025-11-08T15:07:08.469+0000][gc,phases     ] GC(1057)   Evacuate Collection Set: 15.2ms
[2025-11-08T15:07:08.469+0000][gc,phases     ] GC(1057)   Post Evacuate Collection Set: 1.3ms
[2025-11-08T15:07:08.470+0000][gc,phases     ] GC(1057)   Other: 1.2ms
[2025-11-08T15:07:08.470+0000][gc,heap       ] GC(1057) Eden regions: 34->0(34)
[2025-11-08T15:07:08.470+0000][gc,heap       ] GC(1057) Survivor regions: 3->3(5)
[2025-11-08T15:07:08.471+0000][gc,heap       ] GC(1057) Old regions: 88->89
[2025-11-08T15:07:08.471+0000][gc,heap       ] GC(1057) Humongous regions: 147->147
[2025-11-08T15:07:08.471+0000][gc,metaspace  ] GC(1057) Metaspace: 52288K(55472K)->52288K(55472K) NonClass: 46500K(48304K)->46500K(48304K) Class: 5787K(7168K)->5787K(7168K)
[2025-11-08T15:07:08.472+0000][gc            ] GC(1057) Pause Young (Normal) (G1 Evacuation Pause) 271M->237M(667M) 20.635ms
[2025-11-08T15:07:08.472+0000][gc,cpu        ] GC(1057) User=0.04s Sys=0.00s Real=0.02s
[2025-11-08T15:07:11.169+0000][gc,start      ] GC(1058) Pause Young (Normal) (G1 Evacuation Pause)
[2025-11-08T15:07:11.169+0000][gc,task       ] GC(1058) Using 2 workers of 2 for evacuation
[2025-11-08T15:07:11.185+0000][gc,phases     ] GC(1058)   Pre Evacuate Collection Set: 0.0ms
[2025-11-08T15:07:11.185+0000][gc,phases     ] GC(1058)   Evacuate Collection Set: 13.9ms
[2025-11-08T15:07:11.185+0000][gc,phases     ] GC(1058)   Post Evacuate Collection Set: 1.1ms
[2025-11-08T15:07:11.186+0000][gc,phases     ] GC(1058)   Other: 0.9ms
[2025-11-08T15:07:11.186+0000][gc,heap       ] GC(1058) Eden regions: 34->0(35)
[2025-11-08T15:07:11.186+0000][gc,heap       ] GC(1058) Survivor regions: 3->3(5)
[2025-11-08T15:07:11.187+0000][gc,heap       ] GC(1058) Old regions: 89->89
[2025-11-08T15:07:11.187+0000][gc,heap       ] GC(1058) Humongous regions: 147->147
[2025-11-08T15:07:11.187+0000][gc,metaspace  ] GC(1058) Metaspace: 52288K(55472K)->52288K(55472K) NonClass: 46501K(48304K)->46501K(48304K) Class: 5787K(7168K)->5787K(7168K)
[2025-11-08T15:07:11.188+0000][gc            ] GC(1058) Pause Young (Normal) (G1 Evacuation Pause) 271M->238M(667M) 18.896ms
[2025-11-08T15:07:11.188+0000][gc,cpu        ] GC(1058) User=0.03s Sys=0.00s Real=0.02s
[2025-11-08T15:07:13.811+0000][gc,start      ] GC(1059) Pause Young (Normal) (G1 Evacuation Pause)
[2025-11-08T15:07:13.811+0000][gc,task       ] GC(1059) Using 2 workers of 2 for evacuation
[2025-11-08T15:07:13.833+0000][gc,mmu        ] GC(1059) MMU target violated: 21.0ms (20.0ms/21.0ms)
[2025-11-08T15:07:13.834+0000][gc,phases     ] GC(1059)   Pre Evacuate Collection Set: 0.0ms
[2025-11-08T15:07:13.835+0000][gc,phases     ] GC(1059)   Evacuate Collection Set: 20.1ms
[2025-11-08T15:07:13.835+0000][gc,phases     ] GC(1059)   Post Evacuate Collection Set: 1.3ms
[2025-11-08T15:07:13.836+0000][gc,phases     ] GC(1059)   Other: 2.0ms
[2025-11-08T15:07:13.836+0000][gc,heap       ] GC(1059) Eden regions: 35->0(34)
[2025-11-08T15:07:13.837+0000][gc,heap       ] GC(1059) Survivor regions: 3->3(5)
[2025-11-08T15:07:13.837+0000][gc,heap       ] GC(1059) Old regions: 89->89
[2025-11-08T15:07:13.837+0000][gc,heap       ] GC(1059) Humongous regions: 147->147
[2025-11-08T15:07:13.838+0000][gc,metaspace  ] GC(1059) Metaspace: 52288K(55472K)->52288K(55472K) NonClass: 46501K(48304K)->46501K(48304K) Class: 5787K(7168K)->5787K(7168K)
[2025-11-08T15:07:13.840+0000][gc            ] GC(1059) Pause Young (Normal) (G1 Evacuation Pause) 273M->238M(667M) 28.829ms
[2025-11-08T15:07:13.840+0000][gc,cpu        ] GC(1059) User=0.05s Sys=0.00s Real=0.03s
[2025-11-08T15:07:16.516+0000][gc,start      ] GC(1060) Pause Young (Normal) (G1 Evacuation Pause)
[2025-11-08T15:07:16.517+0000][gc,task       ] GC(1060) Using 2 workers of 2 for evacuation
[2025-11-08T15:07:16.533+0000][gc,phases     ] GC(1060)   Pre Evacuate Collection Set: 0.0ms
[2025-11-08T15:07:16.533+0000][gc,phases     ] GC(1060)   Evacuate Collection Set: 13.9ms
[2025-11-08T15:07:16.537+0000][gc,phases     ] GC(1060)   Post Evacuate Collection Set: 1.4ms
[2025-11-08T15:07:16.537+0000][gc,phases     ] GC(1060)   Other: 1.2ms
[2025-11-08T15:07:16.537+0000][gc,heap       ] GC(1060) Eden regions: 34->0(35)
[2025-11-08T15:07:16.538+0000][gc,heap       ] GC(1060) Survivor regions: 3->3(5)
[2025-11-08T15:07:16.538+0000][gc,heap       ] GC(1060) Old regions: 89->89
[2025-11-08T15:07:16.538+0000][gc,heap       ] GC(1060) Humongous regions: 147->147
[2025-11-08T15:07:16.539+0000][gc,metaspace  ] GC(1060) Metaspace: 52288K(55472K)->52288K(55472K) NonClass: 46501K(48304K)->46501K(48304K) Class: 5787K(7168K)->5787K(7168K)
[2025-11-08T15:07:16.540+0000][gc            ] GC(1060) Pause Young (Normal) (G1 Evacuation Pause) 272M->238M(667M) 23.892ms
[2025-11-08T15:07:16.541+0000][gc,cpu        ] GC(1060) User=0.03s Sys=0.00s Real=0.02s
[2025-11-08T15:07:19.098+0000][gc,start      ] GC(1061) Pause Young (Normal) (G1 Evacuation Pause)
[2025-11-08T15:07:19.099+0000][gc,task       ] GC(1061) Using 2 workers of 2 for evacuation
[2025-11-08T15:07:19.113+0000][gc,phases     ] GC(1061)   Pre Evacuate Collection Set: 0.0ms
[2025-11-08T15:07:19.116+0000][gc,phases     ] GC(1061)   Evacuate Collection Set: 11.1ms
[2025-11-08T15:07:19.116+0000][gc,phases     ] GC(1061)   Post Evacuate Collection Set: 2.2ms
[2025-11-08T15:07:19.117+0000][gc,phases     ] GC(1061)   Other: 1.2ms
[2025-11-08T15:07:19.117+0000][gc,heap       ] GC(1061) Eden regions: 35->0(37)
[2025-11-08T15:07:19.118+0000][gc,heap       ] GC(1061) Survivor regions: 3->1(5)
[2025-11-08T15:07:19.118+0000][gc,heap       ] GC(1061) Old regions: 89->89
[2025-11-08T15:07:19.118+0000][gc,heap       ] GC(1061) Humongous regions: 147->147
[2025-11-08T15:07:19.119+0000][gc,metaspace  ] GC(1061) Metaspace: 52288K(55472K)->52288K(55472K) NonClass: 46501K(48304K)->46501K(48304K) Class: 5787K(7168K)->5787K(7168K)
[2025-11-08T15:07:19.119+0000][gc            ] GC(1061) Pause Young (Normal) (G1 Evacuation Pause) 273M->236M(667M) 20.998ms
[2025-11-08T15:07:19.120+0000][gc,cpu        ] GC(1061) User=0.03s Sys=0.00s Real=0.02s
[2025-11-08T15:07:21.852+0000][gc,start      ] GC(1062) Pause Young (Normal) (G1 Evacuation Pause)
[2025-11-08T15:07:21.853+0000][gc,task       ] GC(1062) Using 2 workers of 2 for evacuation
[2025-11-08T15:07:21.865+0000][gc,phases     ] GC(1062)   Pre Evacuate Collection Set: 0.0ms
[2025-11-08T15:07:21.869+0000][gc,phases     ] GC(1062)   Evacuate Collection Set: 10.9ms
[2025-11-08T15:07:21.869+0000][gc,phases     ] GC(1062)   Post Evacuate Collection Set: 1.2ms
[2025-11-08T15:07:21.869+0000][gc,phases     ] GC(1062)   Other: 1.0ms
[2025-11-08T15:07:21.870+0000][gc,heap       ] GC(1062) Eden regions: 37->0(39)
[2025-11-08T15:07:21.871+0000][gc,heap       ] GC(1062) Survivor regions: 1->2(5)
[2025-11-08T15:07:21.871+0000][gc,heap       ] GC(1062) Old regions: 89->89
[2025-11-08T15:07:21.872+0000][gc,heap       ] GC(1062) Humongous regions: 147->147
[2025-11-08T15:07:21.872+0000][gc,metaspace  ] GC(1062) Metaspace: 52288K(55472K)->52288K(55472K) NonClass: 46501K(48304K)->46501K(48304K) Class: 5787K(7168K)->5787K(7168K)
[2025-11-08T15:07:21.872+0000][gc            ] GC(1062) Pause Young (Normal) (G1 Evacuation Pause) 273M->236M(667M) 19.998ms
[2025-11-08T15:07:21.873+0000][gc,cpu        ] GC(1062) User=0.02s Sys=0.00s Real=0.03s
[2025-11-08T15:07:24.519+0000][gc,start      ] GC(1063) Pause Young (Normal) (G1 Evacuation Pause)
[2025-11-08T15:07:24.519+0000][gc,task       ] GC(1063) Using 2 workers of 2 for evacuation
[2025-11-08T15:07:24.536+0000][gc,phases     ] GC(1063)   Pre Evacuate Collection Set: 0.0ms
[2025-11-08T15:07:24.536+0000][gc,phases     ] GC(1063)   Evacuate Collection Set: 14.2ms
[2025-11-08T15:07:24.536+0000][gc,phases     ] GC(1063)   Post Evacuate Collection Set: 1.6ms
[2025-11-08T15:07:24.537+0000][gc,phases     ] GC(1063)   Other: 1.3ms
[2025-11-08T15:07:24.537+0000][gc,heap       ] GC(1063) Eden regions: 36->0(38)
[2025-11-08T15:07:24.538+0000][gc,heap       ] GC(1063) Survivor regions: 2->2(5)
[2025-11-08T15:07:24.538+0000][gc,heap       ] GC(1063) Old regions: 89->89
[2025-11-08T15:07:24.539+0000][gc,heap       ] GC(1063) Humongous regions: 147->147
[2025-11-08T15:07:24.539+0000][gc,metaspace  ] GC(1063) Metaspace: 52288K(55472K)->52288K(55472K) NonClass: 46501K(48304K)->46501K(48304K) Class: 5787K(7168K)->5787K(7168K)
[2025-11-08T15:07:24.540+0000][gc            ] GC(1063) Pause Young (Normal) (G1 Evacuation Pause) 272M->237M(667M) 21.390ms
[2025-11-08T15:07:24.541+0000][gc,cpu        ] GC(1063) User=0.03s Sys=0.00s Real=0.02s
[2025-11-08T15:07:26.935+0000][gc,start      ] GC(1064) Pause Young (Normal) (G1 Evacuation Pause)
[2025-11-08T15:07:26.935+0000][gc,task       ] GC(1064) Using 2 workers of 2 for evacuation
[2025-11-08T15:07:26.946+0000][gc,phases     ] GC(1064)   Pre Evacuate Collection Set: 0.0ms
[2025-11-08T15:07:26.947+0000][gc,phases     ] GC(1064)   Evacuate Collection Set: 9.3ms
[2025-11-08T15:07:26.947+0000][gc,phases     ] GC(1064)   Post Evacuate Collection Set: 1.2ms
[2025-11-08T15:07:26.947+0000][gc,phases     ] GC(1064)   Other: 1.3ms
[2025-11-08T15:07:26.948+0000][gc,heap       ] GC(1064) Eden regions: 31->0(39)
[2025-11-08T15:07:26.948+0000][gc,heap       ] GC(1064) Survivor regions: 2->2(5)
[2025-11-08T15:07:26.948+0000][gc,heap       ] GC(1064) Old regions: 89->89
[2025-11-08T15:07:26.949+0000][gc,heap       ] GC(1064) Humongous regions: 147->147
[2025-11-08T15:07:26.949+0000][gc,metaspace  ] GC(1064) Metaspace: 52288K(55472K)->52288K(55472K) NonClass: 46501K(48304K)->46501K(48304K) Class: 5787K(7168K)->5787K(7168K)
[2025-11-08T15:07:26.949+0000][gc            ] GC(1064) Pause Young (Normal) (G1 Evacuation Pause) 268M->236M(667M) 14.592ms
[2025-11-08T15:07:26.950+0000][gc,cpu        ] GC(1064) User=0.02s Sys=0.00s Real=0.01s
[2025-11-08T15:07:29.698+0000][gc,start      ] GC(1065) Pause Young (Normal) (G1 Evacuation Pause)
[2025-11-08T15:07:29.699+0000][gc,task       ] GC(1065) Using 2 workers of 2 for evacuation
[2025-11-08T15:07:29.722+0000][gc,mmu        ] GC(1065) MMU target violated: 21.0ms (20.0ms/21.0ms)
[2025-11-08T15:07:29.722+0000][gc,phases     ] GC(1065)   Pre Evacuate Collection Set: 0.0ms
[2025-11-08T15:07:29.723+0000][gc,phases     ] GC(1065)   Evacuate Collection Set: 19.2ms
[2025-11-08T15:07:29.723+0000][gc,phases     ] GC(1065)   Post Evacuate Collection Set: 2.0ms
[2025-11-08T15:07:29.723+0000][gc,phases     ] GC(1065)   Other: 3.1ms
[2025-11-08T15:07:29.724+0000][gc,heap       ] GC(1065) Eden regions: 35->0(36)
[2025-11-08T15:07:29.724+0000][gc,heap       ] GC(1065) Survivor regions: 2->2(5)
[2025-11-08T15:07:29.725+0000][gc,heap       ] GC(1065) Old regions: 89->89
[2025-11-08T15:07:29.725+0000][gc,heap       ] GC(1065) Humongous regions: 147->147
[2025-11-08T15:07:29.725+0000][gc,metaspace  ] GC(1065) Metaspace: 52288K(55472K)->52288K(55472K) NonClass: 46501K(48304K)->46501K(48304K) Class: 5787K(7168K)->5787K(7168K)
[2025-11-08T15:07:29.726+0000][gc            ] GC(1065) Pause Young (Normal) (G1 Evacuation Pause) 271M->237M(667M) 27.788ms
[2025-11-08T15:07:29.726+0000][gc,cpu        ] GC(1065) User=0.04s Sys=0.00s Real=0.03s
[2025-11-08T15:07:31.934+0000][gc,start      ] GC(1066) Pause Young (Normal) (G1 Evacuation Pause)
[2025-11-08T15:07:31.935+0000][gc,task       ] GC(1066) Using 2 workers of 2 for evacuation
[2025-11-08T15:07:31.947+0000][gc,phases     ] GC(1066)   Pre Evacuate Collection Set: 0.0ms
[2025-11-08T15:07:31.947+0000][gc,phases     ] GC(1066)   Evacuate Collection Set: 9.5ms
[2025-11-08T15:07:31.948+0000][gc,phases     ] GC(1066)   Post Evacuate Collection Set: 1.8ms
[2025-11-08T15:07:31.948+0000][gc,phases     ] GC(1066)   Other: 0.9ms
[2025-11-08T15:07:31.948+0000][gc,heap       ] GC(1066) Eden regions: 31->0(37)
[2025-11-08T15:07:31.948+0000][gc,heap       ] GC(1066) Survivor regions: 2->2(5)
[2025-11-08T15:07:31.949+0000][gc,heap       ] GC(1066) Old regions: 89->89
[2025-11-08T15:07:31.949+0000][gc,heap       ] GC(1066) Humongous regions: 147->147
[2025-11-08T15:07:31.949+0000][gc,metaspace  ] GC(1066) Metaspace: 52288K(55472K)->52288K(55472K) NonClass: 46501K(48304K)->46501K(48304K) Class: 5787K(7168K)->5787K(7168K)
[2025-11-08T15:07:31.950+0000][gc            ] GC(1066) Pause Young (Normal) (G1 Evacuation Pause) 268M->236M(667M) 15.447ms
[2025-11-08T15:07:31.950+0000][gc,cpu        ] GC(1066) User=0.02s Sys=0.00s Real=0.01s
[2025-11-08T15:07:34.553+0000][gc,start      ] GC(1067) Pause Young (Normal) (G1 Evacuation Pause)
[2025-11-08T15:07:34.554+0000][gc,task       ] GC(1067) Using 2 workers of 2 for evacuation
[2025-11-08T15:07:34.570+0000][gc,phases     ] GC(1067)   Pre Evacuate Collection Set: 0.0ms
[2025-11-08T15:07:34.571+0000][gc,phases     ] GC(1067)   Evacuate Collection Set: 13.9ms
[2025-11-08T15:07:34.571+0000][gc,phases     ] GC(1067)   Post Evacuate Collection Set: 1.3ms
[2025-11-08T15:07:34.572+0000][gc,phases     ] GC(1067)   Other: 2.0ms
[2025-11-08T15:07:34.573+0000][gc,heap       ] GC(1067) Eden regions: 37->0(38)
[2025-11-08T15:07:34.573+0000][gc,heap       ] GC(1067) Survivor regions: 2->2(5)
[2025-11-08T15:07:34.573+0000][gc,heap       ] GC(1067) Old regions: 89->89
[2025-11-08T15:07:34.574+0000][gc,heap       ] GC(1067) Humongous regions: 147->147
[2025-11-08T15:07:34.574+0000][gc,metaspace  ] GC(1067) Metaspace: 52288K(55472K)->52288K(55472K) NonClass: 46501K(48304K)->46501K(48304K) Class: 5787K(7168K)->5787K(7168K)
[2025-11-08T15:07:34.575+0000][gc            ] GC(1067) Pause Young (Normal) (G1 Evacuation Pause) 273M->237M(667M) 21.351ms
[2025-11-08T15:07:34.575+0000][gc,cpu        ] GC(1067) User=0.03s Sys=0.00s Real=0.02s
[2025-11-08T15:07:36.812+0000][gc,start      ] GC(1068) Pause Young (Normal) (G1 Evacuation Pause)
[2025-11-08T15:07:36.815+0000][gc,task       ] GC(1068) Using 2 workers of 2 for evacuation
[2025-11-08T15:07:36.836+0000][gc,phases     ] GC(1068)   Pre Evacuate Collection Set: 0.0ms
[2025-11-08T15:07:36.837+0000][gc,phases     ] GC(1068)   Evacuate Collection Set: 16.5ms
[2025-11-08T15:07:36.837+0000][gc,phases     ] GC(1068)   Post Evacuate Collection Set: 2.1ms
[2025-11-08T15:07:36.837+0000][gc,phases     ] GC(1068)   Other: 4.7ms
[2025-11-08T15:07:36.838+0000][gc,heap       ] GC(1068) Eden regions: 31->0(35)
[2025-11-08T15:07:36.839+0000][gc,heap       ] GC(1068) Survivor regions: 2->2(5)
[2025-11-08T15:07:36.839+0000][gc,heap       ] GC(1068) Old regions: 89->89
[2025-11-08T15:07:36.840+0000][gc,heap       ] GC(1068) Humongous regions: 147->147
[2025-11-08T15:07:36.840+0000][gc,metaspace  ] GC(1068) Metaspace: 52288K(55472K)->52288K(55472K) NonClass: 46501K(48304K)->46501K(48304K) Class: 5787K(7168K)->5787K(7168K)
[2025-11-08T15:07:36.841+0000][gc            ] GC(1068) Pause Young (Normal) (G1 Evacuation Pause) 268M->237M(667M) 28.320ms
[2025-11-08T15:07:36.841+0000][gc,cpu        ] GC(1068) User=0.04s Sys=0.00s Real=0.03s
[2025-11-08T15:07:39.184+0000][gc,start      ] GC(1069) Pause Young (Normal) (G1 Evacuation Pause)
[2025-11-08T15:07:39.184+0000][gc,task       ] GC(1069) Using 2 workers of 2 for evacuation
[2025-11-08T15:07:39.206+0000][gc,mmu        ] GC(1069) MMU target violated: 21.0ms (20.0ms/21.0ms)
[2025-11-08T15:07:39.206+0000][gc,phases     ] GC(1069)   Pre Evacuate Collection Set: 0.0ms
[2025-11-08T15:07:39.207+0000][gc,phases     ] GC(1069)   Evacuate Collection Set: 20.1ms
[2025-11-08T15:07:39.207+0000][gc,phases     ] GC(1069)   Post Evacuate Collection Set: 1.4ms
[2025-11-08T15:07:39.207+0000][gc,phases     ] GC(1069)   Other: 1.4ms
[2025-11-08T15:07:39.208+0000][gc,heap       ] GC(1069) Eden regions: 31->0(32)
[2025-11-08T15:07:39.209+0000][gc,heap       ] GC(1069) Survivor regions: 2->3(5)
[2025-11-08T15:07:39.209+0000][gc,heap       ] GC(1069) Old regions: 89->89
[2025-11-08T15:07:39.210+0000][gc,heap       ] GC(1069) Humongous regions: 147->147
[2025-11-08T15:07:39.211+0000][gc,metaspace  ] GC(1069) Metaspace: 52288K(55472K)->52288K(55472K) NonClass: 46501K(48304K)->46501K(48304K) Class: 5787K(7168K)->5787K(7168K)
[2025-11-08T15:07:39.211+0000][gc            ] GC(1069) Pause Young (Normal) (G1 Evacuation Pause) 268M->238M(667M) 27.821ms
[2025-11-08T15:07:39.212+0000][gc,cpu        ] GC(1069) User=0.04s Sys=0.00s Real=0.02s
[2025-11-08T15:07:41.398+0000][gc,start      ] GC(1070) Pause Young (Normal) (G1 Evacuation Pause)
[2025-11-08T15:07:41.398+0000][gc,task       ] GC(1070) Using 2 workers of 2 for evacuation
[2025-11-08T15:07:41.416+0000][gc,phases     ] GC(1070)   Pre Evacuate Collection Set: 0.1ms
[2025-11-08T15:07:41.417+0000][gc,phases     ] GC(1070)   Evacuate Collection Set: 13.3ms
[2025-11-08T15:07:41.417+0000][gc,phases     ] GC(1070)   Post Evacuate Collection Set: 1.6ms
[2025-11-08T15:07:41.418+0000][gc,phases     ] GC(1070)   Other: 4.0ms
[2025-11-08T15:07:41.419+0000][gc,heap       ] GC(1070) Eden regions: 30->0(32)
[2025-11-08T15:07:41.419+0000][gc,heap       ] GC(1070) Survivor regions: 3->3(5)
[2025-11-08T15:07:41.419+0000][gc,heap       ] GC(1070) Old regions: 89->90
[2025-11-08T15:07:41.419+0000][gc,heap       ] GC(1070) Humongous regions: 147->147
[2025-11-08T15:07:41.420+0000][gc,metaspace  ] GC(1070) Metaspace: 52288K(55472K)->52288K(55472K) NonClass: 46501K(48304K)->46501K(48304K) Class: 5787K(7168K)->5787K(7168K)
[2025-11-08T15:07:41.420+0000][gc            ] GC(1070) Pause Young (Normal) (G1 Evacuation Pause) 268M->238M(667M) 22.572ms
[2025-11-08T15:07:41.421+0000][gc,cpu        ] GC(1070) User=0.02s Sys=0.00s Real=0.02s
[2025-11-08T15:07:43.760+0000][gc,start      ] GC(1071) Pause Young (Normal) (G1 Evacuation Pause)
[2025-11-08T15:07:43.761+0000][gc,task       ] GC(1071) Using 2 workers of 2 for evacuation
[2025-11-08T15:07:43.773+0000][gc,phases     ] GC(1071)   Pre Evacuate Collection Set: 0.0ms
[2025-11-08T15:07:43.774+0000][gc,phases     ] GC(1071)   Evacuate Collection Set: 10.9ms
[2025-11-08T15:07:43.774+0000][gc,phases     ] GC(1071)   Post Evacuate Collection Set: 0.9ms
[2025-11-08T15:07:43.774+0000][gc,phases     ] GC(1071)   Other: 1.4ms
[2025-11-08T15:07:43.775+0000][gc,heap       ] GC(1071) Eden regions: 32->0(34)
[2025-11-08T15:07:43.775+0000][gc,heap       ] GC(1071) Survivor regions: 3->2(5)
[2025-11-08T15:07:43.775+0000][gc,heap       ] GC(1071) Old regions: 90->90
[2025-11-08T15:07:43.776+0000][gc,heap       ] GC(1071) Humongous regions: 147->147
[2025-11-08T15:07:43.776+0000][gc,metaspace  ] GC(1071) Metaspace: 52288K(55472K)->52288K(55472K) NonClass: 46501K(48304K)->46501K(48304K) Class: 5787K(7168K)->5787K(7168K)
[2025-11-08T15:07:43.779+0000][gc            ] GC(1071) Pause Young (Normal) (G1 Evacuation Pause) 270M->238M(667M) 19.066ms
[2025-11-08T15:07:43.780+0000][gc,cpu        ] GC(1071) User=0.02s Sys=0.00s Real=0.02s
[2025-11-08T15:07:46.254+0000][gc,start      ] GC(1072) Pause Young (Normal) (G1 Evacuation Pause)
[2025-11-08T15:07:46.259+0000][gc,task       ] GC(1072) Using 2 workers of 2 for evacuation
[2025-11-08T15:07:46.278+0000][gc,phases     ] GC(1072)   Pre Evacuate Collection Set: 0.0ms
[2025-11-08T15:07:46.279+0000][gc,phases     ] GC(1072)   Evacuate Collection Set: 14.3ms
[2025-11-08T15:07:46.279+0000][gc,phases     ] GC(1072)   Post Evacuate Collection Set: 4.7ms
[2025-11-08T15:07:46.280+0000][gc,phases     ] GC(1072)   Other: 5.6ms
[2025-11-08T15:07:46.280+0000][gc,heap       ] GC(1072) Eden regions: 34->0(35)
[2025-11-08T15:07:46.280+0000][gc,heap       ] GC(1072) Survivor regions: 2->3(5)
[2025-11-08T15:07:46.281+0000][gc,heap       ] GC(1072) Old regions: 90->90
[2025-11-08T15:07:46.282+0000][gc,heap       ] GC(1072) Humongous regions: 147->147
[2025-11-08T15:07:46.282+0000][gc,metaspace  ] GC(1072) Metaspace: 52288K(55472K)->52288K(55472K) NonClass: 46501K(48304K)->46501K(48304K) Class: 5787K(7168K)->5787K(7168K)
[2025-11-08T15:07:46.283+0000][gc            ] GC(1072) Pause Young (Normal) (G1 Evacuation Pause) 272M->238M(667M) 29.292ms
[2025-11-08T15:07:46.283+0000][gc,cpu        ] GC(1072) User=0.04s Sys=0.00s Real=0.03s
[2025-11-08T15:07:48.835+0000][gc,start      ] GC(1073) Pause Young (Normal) (G1 Evacuation Pause)
[2025-11-08T15:07:48.835+0000][gc,task       ] GC(1073) Using 2 workers of 2 for evacuation
[2025-11-08T15:07:48.853+0000][gc,phases     ] GC(1073)   Pre Evacuate Collection Set: 0.0ms
[2025-11-08T15:07:48.853+0000][gc,phases     ] GC(1073)   Evacuate Collection Set: 15.0ms
[2025-11-08T15:07:48.854+0000][gc,phases     ] GC(1073)   Post Evacuate Collection Set: 1.9ms
[2025-11-08T15:07:48.854+0000][gc,phases     ] GC(1073)   Other: 1.3ms
[2025-11-08T15:07:48.855+0000][gc,heap       ] GC(1073) Eden regions: 35->0(36)
[2025-11-08T15:07:48.855+0000][gc,heap       ] GC(1073) Survivor regions: 3->3(5)
[2025-11-08T15:07:48.855+0000][gc,heap       ] GC(1073) Old regions: 90->90
[2025-11-08T15:07:48.856+0000][gc,heap       ] GC(1073) Humongous regions: 147->147
[2025-11-08T15:07:48.856+0000][gc,metaspace  ] GC(1073) Metaspace: 52288K(55472K)->52288K(55472K) NonClass: 46501K(48304K)->46501K(48304K) Class: 5787K(7168K)->5787K(7168K)
[2025-11-08T15:07:48.857+0000][gc            ] GC(1073) Pause Young (Normal) (G1 Evacuation Pause) 273M->238M(667M) 22.124ms
[2025-11-08T15:07:48.857+0000][gc,cpu        ] GC(1073) User=0.03s Sys=0.00s Real=0.02s
[2025-11-08T15:07:51.604+0000][gc,start      ] GC(1074) Pause Young (Normal) (G1 Evacuation Pause)
[2025-11-08T15:07:51.605+0000][gc,task       ] GC(1074) Using 2 workers of 2 for evacuation
[2025-11-08T15:07:51.627+0000][gc,mmu        ] GC(1074) MMU target violated: 21.0ms (20.0ms/21.0ms)
[2025-11-08T15:07:51.628+0000][gc,phases     ] GC(1074)   Pre Evacuate Collection Set: 0.0ms
[2025-11-08T15:07:51.629+0000][gc,phases     ] GC(1074)   Evacuate Collection Set: 19.0ms
[2025-11-08T15:07:51.630+0000][gc,phases     ] GC(1074)   Post Evacuate Collection Set: 2.5ms
[2025-11-08T15:07:51.631+0000][gc,phases     ] GC(1074)   Other: 2.3ms
[2025-11-08T15:07:51.632+0000][gc,heap       ] GC(1074) Eden regions: 36->0(35)
[2025-11-08T15:07:51.633+0000][gc,heap       ] GC(1074) Survivor regions: 3->3(5)
[2025-11-08T15:07:51.633+0000][gc,heap       ] GC(1074) Old regions: 90->90
[2025-11-08T15:07:51.635+0000][gc,heap       ] GC(1074) Humongous regions: 147->147
[2025-11-08T15:07:51.635+0000][gc,metaspace  ] GC(1074) Metaspace: 52288K(55472K)->52288K(55472K) NonClass: 46501K(48304K)->46501K(48304K) Class: 5787K(7168K)->5787K(7168K)
[2025-11-08T15:07:51.635+0000][gc            ] GC(1074) Pause Young (Normal) (G1 Evacuation Pause) 274M->238M(667M) 31.313ms
[2025-11-08T15:07:51.636+0000][gc,cpu        ] GC(1074) User=0.05s Sys=0.00s Real=0.03s
[2025-11-08T15:07:54.142+0000][gc,start      ] GC(1075) Pause Young (Normal) (G1 Evacuation Pause)
[2025-11-08T15:07:54.143+0000][gc,task       ] GC(1075) Using 2 workers of 2 for evacuation
[2025-11-08T15:07:54.162+0000][gc,phases     ] GC(1075)   Pre Evacuate Collection Set: 0.0ms
[2025-11-08T15:07:54.163+0000][gc,phases     ] GC(1075)   Evacuate Collection Set: 17.7ms
[2025-11-08T15:07:54.163+0000][gc,phases     ] GC(1075)   Post Evacuate Collection Set: 1.4ms
[2025-11-08T15:07:54.164+0000][gc,phases     ] GC(1075)   Other: 1.2ms
[2025-11-08T15:07:54.164+0000][gc,heap       ] GC(1075) Eden regions: 35->0(35)
[2025-11-08T15:07:54.165+0000][gc,heap       ] GC(1075) Survivor regions: 3->3(5)
[2025-11-08T15:07:54.165+0000][gc,heap       ] GC(1075) Old regions: 90->90
[2025-11-08T15:07:54.165+0000][gc,heap       ] GC(1075) Humongous regions: 147->147
[2025-11-08T15:07:54.166+0000][gc,metaspace  ] GC(1075) Metaspace: 52288K(55472K)->52288K(55472K) NonClass: 46501K(48304K)->46501K(48304K) Class: 5787K(7168K)->5787K(7168K)
[2025-11-08T15:07:54.166+0000][gc            ] GC(1075) Pause Young (Normal) (G1 Evacuation Pause) 273M->239M(667M) 24.146ms
[2025-11-08T15:07:54.167+0000][gc,cpu        ] GC(1075) User=0.04s Sys=0.00s Real=0.03s
[2025-11-08T15:07:56.671+0000][gc,start      ] GC(1076) Pause Young (Normal) (G1 Evacuation Pause)
[2025-11-08T15:07:56.672+0000][gc,task       ] GC(1076) Using 2 workers of 2 for evacuation
[2025-11-08T15:07:56.699+0000][gc,mmu        ] GC(1076) MMU target violated: 21.0ms (20.0ms/21.0ms)
[2025-11-08T15:07:56.701+0000][gc,phases     ] GC(1076)   Pre Evacuate Collection Set: 0.0ms
[2025-11-08T15:07:56.701+0000][gc,phases     ] GC(1076)   Evacuate Collection Set: 22.6ms
[2025-11-08T15:07:56.703+0000][gc,phases     ] GC(1076)   Post Evacuate Collection Set: 3.4ms
[2025-11-08T15:07:56.704+0000][gc,phases     ] GC(1076)   Other: 3.6ms
[2025-11-08T15:07:56.704+0000][gc,heap       ] GC(1076) Eden regions: 35->0(33)
[2025-11-08T15:07:56.706+0000][gc,heap       ] GC(1076) Survivor regions: 3->3(5)
[2025-11-08T15:07:56.707+0000][gc,heap       ] GC(1076) Old regions: 90->90
[2025-11-08T15:07:56.707+0000][gc,heap       ] GC(1076) Humongous regions: 147->147
[2025-11-08T15:07:56.708+0000][gc,metaspace  ] GC(1076) Metaspace: 52288K(55472K)->52288K(55472K) NonClass: 46501K(48304K)->46501K(48304K) Class: 5787K(7168K)->5787K(7168K)
[2025-11-08T15:07:56.708+0000][gc            ] GC(1076) Pause Young (Normal) (G1 Evacuation Pause) 274M->239M(667M) 36.678ms
[2025-11-08T15:07:56.709+0000][gc,cpu        ] GC(1076) User=0.05s Sys=0.00s Real=0.04s
[2025-11-08T15:07:58.969+0000][gc,start      ] GC(1077) Pause Young (Normal) (G1 Evacuation Pause)
[2025-11-08T15:07:58.970+0000][gc,task       ] GC(1077) Using 2 workers of 2 for evacuation
[2025-11-08T15:07:59.010+0000][gc,mmu        ] GC(1077) MMU target violated: 21.0ms (20.0ms/21.0ms)
[2025-11-08T15:07:59.010+0000][gc,phases     ] GC(1077)   Pre Evacuate Collection Set: 0.0ms
[2025-11-08T15:07:59.011+0000][gc,phases     ] GC(1077)   Evacuate Collection Set: 37.7ms
[2025-11-08T15:07:59.011+0000][gc,phases     ] GC(1077)   Post Evacuate Collection Set: 1.3ms
[2025-11-08T15:07:59.014+0000][gc,phases     ] GC(1077)   Other: 2.4ms
[2025-11-08T15:07:59.015+0000][gc,heap       ] GC(1077) Eden regions: 30->0(30)
[2025-11-08T15:07:59.015+0000][gc,heap       ] GC(1077) Survivor regions: 3->3(5)
[2025-11-08T15:07:59.016+0000][gc,heap       ] GC(1077) Old regions: 90->90
[2025-11-08T15:07:59.016+0000][gc,heap       ] GC(1077) Humongous regions: 147->147
[2025-11-08T15:07:59.016+0000][gc,metaspace  ] GC(1077) Metaspace: 52288K(55472K)->52288K(55472K) NonClass: 46501K(48304K)->46501K(48304K) Class: 5787K(7168K)->5787K(7168K)
[2025-11-08T15:07:59.017+0000][gc            ] GC(1077) Pause Young (Normal) (G1 Evacuation Pause) 269M->239M(667M) 47.876ms
[2025-11-08T15:07:59.017+0000][gc,cpu        ] GC(1077) User=0.05s Sys=0.00s Real=0.05s
[2025-11-08T15:08:01.469+0000][gc,start      ] GC(1078) Pause Young (Normal) (G1 Evacuation Pause)
[2025-11-08T15:08:01.473+0000][gc,task       ] GC(1078) Using 2 workers of 2 for evacuation
[2025-11-08T15:08:01.497+0000][gc,mmu        ] GC(1078) MMU target violated: 21.0ms (20.0ms/21.0ms)
[2025-11-08T15:08:01.498+0000][gc,phases     ] GC(1078)   Pre Evacuate Collection Set: 0.0ms
[2025-11-08T15:08:01.498+0000][gc,phases     ] GC(1078)   Evacuate Collection Set: 19.4ms
[2025-11-08T15:08:01.499+0000][gc,phases     ] GC(1078)   Post Evacuate Collection Set: 4.0ms
[2025-11-08T15:08:01.500+0000][gc,phases     ] GC(1078)   Other: 6.1ms
[2025-11-08T15:08:01.502+0000][gc,heap       ] GC(1078) Eden regions: 30->0(31)
[2025-11-08T15:08:01.503+0000][gc,heap       ] GC(1078) Survivor regions: 3->2(5)
[2025-11-08T15:08:01.504+0000][gc,heap       ] GC(1078) Old regions: 90->90
[2025-11-08T15:08:01.507+0000][gc,heap       ] GC(1078) Humongous regions: 147->147
[2025-11-08T15:08:01.508+0000][gc,metaspace  ] GC(1078) Metaspace: 52288K(55472K)->52288K(55472K) NonClass: 46501K(48304K)->46501K(48304K) Class: 5787K(7168K)->5787K(7168K)
[2025-11-08T15:08:01.509+0000][gc            ] GC(1078) Pause Young (Normal) (G1 Evacuation Pause) 269M->238M(667M) 40.275ms
[2025-11-08T15:08:01.510+0000][gc,cpu        ] GC(1078) User=0.03s Sys=0.00s Real=0.04s
[2025-11-08T15:08:04.070+0000][gc,start      ] GC(1079) Pause Young (Normal) (G1 Evacuation Pause)
[2025-11-08T15:08:04.070+0000][gc,task       ] GC(1079) Using 2 workers of 2 for evacuation
[2025-11-08T15:08:04.084+0000][gc,phases     ] GC(1079)   Pre Evacuate Collection Set: 0.0ms
[2025-11-08T15:08:04.085+0000][gc,phases     ] GC(1079)   Evacuate Collection Set: 12.0ms
[2025-11-08T15:08:04.085+0000][gc,phases     ] GC(1079)   Post Evacuate Collection Set: 1.4ms
[2025-11-08T15:08:04.085+0000][gc,phases     ] GC(1079)   Other: 1.2ms
[2025-11-08T15:08:04.086+0000][gc,heap       ] GC(1079) Eden regions: 31->0(31)
[2025-11-08T15:08:04.086+0000][gc,heap       ] GC(1079) Survivor regions: 2->2(5)
[2025-11-08T15:08:04.086+0000][gc,heap       ] GC(1079) Old regions: 90->90
[2025-11-08T15:08:04.087+0000][gc,heap       ] GC(1079) Humongous regions: 147->147
[2025-11-08T15:08:04.087+0000][gc,metaspace  ] GC(1079) Metaspace: 52288K(55472K)->52288K(55472K) NonClass: 46501K(48304K)->46501K(48304K) Class: 5787K(7168K)->5787K(7168K)
[2025-11-08T15:08:04.087+0000][gc            ] GC(1079) Pause Young (Normal) (G1 Evacuation Pause) 269M->238M(667M) 17.563ms
[2025-11-08T15:08:04.088+0000][gc,cpu        ] GC(1079) User=0.03s Sys=0.00s Real=0.02s
[2025-11-08T15:08:06.592+0000][gc,start      ] GC(1080) Pause Young (Normal) (G1 Evacuation Pause)
[2025-11-08T15:08:06.593+0000][gc,task       ] GC(1080) Using 2 workers of 2 for evacuation
[2025-11-08T15:08:06.659+0000][gc,mmu        ] GC(1080) MMU target violated: 21.0ms (20.0ms/21.0ms)
[2025-11-08T15:08:06.659+0000][gc,phases     ] GC(1080)   Pre Evacuate Collection Set: 0.0ms
[2025-11-08T15:08:06.660+0000][gc,phases     ] GC(1080)   Evacuate Collection Set: 60.8ms
[2025-11-08T15:08:06.660+0000][gc,phases     ] GC(1080)   Post Evacuate Collection Set: 2.0ms
[2025-11-08T15:08:06.661+0000][gc,phases     ] GC(1080)   Other: 4.0ms
[2025-11-08T15:08:06.662+0000][gc,heap       ] GC(1080) Eden regions: 31->0(31)
[2025-11-08T15:08:06.663+0000][gc,heap       ] GC(1080) Survivor regions: 2->2(5)
[2025-11-08T15:08:06.664+0000][gc,heap       ] GC(1080) Old regions: 90->90
[2025-11-08T15:08:06.664+0000][gc,heap       ] GC(1080) Humongous regions: 147->147
[2025-11-08T15:08:06.672+0000][gc,metaspace  ] GC(1080) Metaspace: 52288K(55472K)->52288K(55472K) NonClass: 46501K(48304K)->46501K(48304K) Class: 5787K(7168K)->5787K(7168K)
[2025-11-08T15:08:06.674+0000][gc            ] GC(1080) Pause Young (Normal) (G1 Evacuation Pause) 269M->237M(667M) 81.470ms
[2025-11-08T15:08:06.675+0000][gc,cpu        ] GC(1080) User=0.09s Sys=0.03s Real=0.09s
[2025-11-08T15:08:09.022+0000][gc,start      ] GC(1081) Pause Young (Normal) (G1 Evacuation Pause)
[2025-11-08T15:08:09.022+0000][gc,task       ] GC(1081) Using 2 workers of 2 for evacuation
[2025-11-08T15:08:09.048+0000][gc,mmu        ] GC(1081) MMU target violated: 21.0ms (20.0ms/21.0ms)
[2025-11-08T15:08:09.048+0000][gc,phases     ] GC(1081)   Pre Evacuate Collection Set: 0.0ms
[2025-11-08T15:08:09.049+0000][gc,phases     ] GC(1081)   Evacuate Collection Set: 21.4ms
[2025-11-08T15:08:09.049+0000][gc,phases     ] GC(1081)   Post Evacuate Collection Set: 2.9ms
[2025-11-08T15:08:09.050+0000][gc,phases     ] GC(1081)   Other: 2.6ms
[2025-11-08T15:08:09.050+0000][gc,heap       ] GC(1081) Eden regions: 31->0(30)
[2025-11-08T15:08:09.050+0000][gc,heap       ] GC(1081) Survivor regions: 2->3(5)
[2025-11-08T15:08:09.051+0000][gc,heap       ] GC(1081) Old regions: 90->90
[2025-11-08T15:08:09.051+0000][gc,heap       ] GC(1081) Humongous regions: 147->147
[2025-11-08T15:08:09.054+0000][gc,metaspace  ] GC(1081) Metaspace: 52288K(55472K)->52288K(55472K) NonClass: 46501K(48304K)->46501K(48304K) Class: 5787K(7168K)->5787K(7168K)
[2025-11-08T15:08:09.054+0000][gc            ] GC(1081) Pause Young (Normal) (G1 Evacuation Pause) 268M->239M(667M) 32.490ms
[2025-11-08T15:08:09.055+0000][gc,cpu        ] GC(1081) User=0.04s Sys=0.00s Real=0.04s
[2025-11-08T15:08:11.299+0000][gc,start      ] GC(1082) Pause Young (Normal) (G1 Evacuation Pause)
[2025-11-08T15:08:11.299+0000][gc,task       ] GC(1082) Using 2 workers of 2 for evacuation
[2025-11-08T15:08:11.316+0000][gc,phases     ] GC(1082)   Pre Evacuate Collection Set: 0.0ms
[2025-11-08T15:08:11.317+0000][gc,phases     ] GC(1082)   Evacuate Collection Set: 14.1ms
[2025-11-08T15:08:11.318+0000][gc,phases     ] GC(1082)   Post Evacuate Collection Set: 1.7ms
[2025-11-08T15:08:11.318+0000][gc,phases     ] GC(1082)   Other: 1.3ms
[2025-11-08T15:08:11.319+0000][gc,heap       ] GC(1082) Eden regions: 30->0(30)
[2025-11-08T15:08:11.319+0000][gc,heap       ] GC(1082) Survivor regions: 3->3(5)
[2025-11-08T15:08:11.320+0000][gc,heap       ] GC(1082) Old regions: 90->90
[2025-11-08T15:08:11.321+0000][gc,heap       ] GC(1082) Humongous regions: 147->147
[2025-11-08T15:08:11.322+0000][gc,metaspace  ] GC(1082) Metaspace: 52293K(55472K)->52293K(55472K) NonClass: 46506K(48304K)->46506K(48304K) Class: 5787K(7168K)->5787K(7168K)
[2025-11-08T15:08:11.323+0000][gc            ] GC(1082) Pause Young (Normal) (G1 Evacuation Pause) 269M->239M(667M) 24.004ms
[2025-11-08T15:08:11.323+0000][gc,cpu        ] GC(1082) User=0.04s Sys=0.00s Real=0.03s
[2025-11-08T15:08:13.617+0000][gc,start      ] GC(1083) Pause Young (Normal) (G1 Evacuation Pause)
[2025-11-08T15:08:13.618+0000][gc,task       ] GC(1083) Using 2 workers of 2 for evacuation
[2025-11-08T15:08:13.632+0000][gc,phases     ] GC(1083)   Pre Evacuate Collection Set: 0.0ms
[2025-11-08T15:08:13.632+0000][gc,phases     ] GC(1083)   Evacuate Collection Set: 12.1ms
[2025-11-08T15:08:13.633+0000][gc,phases     ] GC(1083)   Post Evacuate Collection Set: 1.1ms
[2025-11-08T15:08:13.633+0000][gc,phases     ] GC(1083)   Other: 1.4ms
[2025-11-08T15:08:13.633+0000][gc,heap       ] GC(1083) Eden regions: 30->0(31)
[2025-11-08T15:08:13.634+0000][gc,heap       ] GC(1083) Survivor regions: 3->2(5)
[2025-11-08T15:08:13.634+0000][gc,heap       ] GC(1083) Old regions: 90->90
[2025-11-08T15:08:13.635+0000][gc,heap       ] GC(1083) Humongous regions: 147->147
[2025-11-08T15:08:13.635+0000][gc,metaspace  ] GC(1083) Metaspace: 52293K(55472K)->52293K(55472K) NonClass: 46506K(48304K)->46506K(48304K) Class: 5787K(7168K)->5787K(7168K)
[2025-11-08T15:08:13.636+0000][gc            ] GC(1083) Pause Young (Normal) (G1 Evacuation Pause) 269M->238M(667M) 18.061ms
[2025-11-08T15:08:13.636+0000][gc,cpu        ] GC(1083) User=0.02s Sys=0.00s Real=0.02s
[2025-11-08T15:08:16.249+0000][gc,start      ] GC(1084) Pause Young (Normal) (G1 Evacuation Pause)
[2025-11-08T15:08:16.249+0000][gc,task       ] GC(1084) Using 2 workers of 2 for evacuation
[2025-11-08T15:08:16.263+0000][gc,phases     ] GC(1084)   Pre Evacuate Collection Set: 0.0ms
[2025-11-08T15:08:16.264+0000][gc,phases     ] GC(1084)   Evacuate Collection Set: 12.0ms
[2025-11-08T15:08:16.264+0000][gc,phases     ] GC(1084)   Post Evacuate Collection Set: 1.4ms
[2025-11-08T15:08:16.264+0000][gc,phases     ] GC(1084)   Other: 1.1ms
[2025-11-08T15:08:16.265+0000][gc,heap       ] GC(1084) Eden regions: 31->0(31)
[2025-11-08T15:08:16.265+0000][gc,heap       ] GC(1084) Survivor regions: 2->2(5)
[2025-11-08T15:08:16.266+0000][gc,heap       ] GC(1084) Old regions: 90->90
[2025-11-08T15:08:16.266+0000][gc,heap       ] GC(1084) Humongous regions: 147->147
[2025-11-08T15:08:16.266+0000][gc,metaspace  ] GC(1084) Metaspace: 52293K(55472K)->52293K(55472K) NonClass: 46506K(48304K)->46506K(48304K) Class: 5787K(7168K)->5787K(7168K)
[2025-11-08T15:08:16.267+0000][gc            ] GC(1084) Pause Young (Normal) (G1 Evacuation Pause) 269M->238M(667M) 17.841ms
[2025-11-08T15:08:16.267+0000][gc,cpu        ] GC(1084) User=0.03s Sys=0.00s Real=0.02s
[2025-11-08T15:08:18.462+0000][gc,start      ] GC(1085) Pause Young (Normal) (G1 Evacuation Pause)
[2025-11-08T15:08:18.463+0000][gc,task       ] GC(1085) Using 2 workers of 2 for evacuation
[2025-11-08T15:08:18.476+0000][gc,phases     ] GC(1085)   Pre Evacuate Collection Set: 0.0ms
[2025-11-08T15:08:18.476+0000][gc,phases     ] GC(1085)   Evacuate Collection Set: 10.9ms
[2025-11-08T15:08:18.476+0000][gc,phases     ] GC(1085)   Post Evacuate Collection Set: 1.2ms
[2025-11-08T15:08:18.477+0000][gc,phases     ] GC(1085)   Other: 1.2ms
[2025-11-08T15:08:18.477+0000][gc,heap       ] GC(1085) Eden regions: 31->0(31)
[2025-11-08T15:08:18.478+0000][gc,heap       ] GC(1085) Survivor regions: 2->2(5)
[2025-11-08T15:08:18.479+0000][gc,heap       ] GC(1085) Old regions: 90->90
[2025-11-08T15:08:18.479+0000][gc,heap       ] GC(1085) Humongous regions: 147->147
[2025-11-08T15:08:18.480+0000][gc,metaspace  ] GC(1085) Metaspace: 52293K(55472K)->52293K(55472K) NonClass: 46506K(48304K)->46506K(48304K) Class: 5787K(7168K)->5787K(7168K)
[2025-11-08T15:08:18.480+0000][gc            ] GC(1085) Pause Young (Normal) (G1 Evacuation Pause) 269M->238M(667M) 17.930ms
[2025-11-08T15:08:18.481+0000][gc,cpu        ] GC(1085) User=0.02s Sys=0.00s Real=0.02s
[2025-11-08T15:08:20.963+0000][gc,start      ] GC(1086) Pause Young (Normal) (G1 Evacuation Pause)
[2025-11-08T15:08:20.967+0000][gc,task       ] GC(1086) Using 2 workers of 2 for evacuation
[2025-11-08T15:08:20.987+0000][gc,phases     ] GC(1086)   Pre Evacuate Collection Set: 0.0ms
[2025-11-08T15:08:20.988+0000][gc,phases     ] GC(1086)   Evacuate Collection Set: 16.5ms
[2025-11-08T15:08:20.988+0000][gc,phases     ] GC(1086)   Post Evacuate Collection Set: 1.7ms
[2025-11-08T15:08:20.989+0000][gc,phases     ] GC(1086)   Other: 5.1ms
[2025-11-08T15:08:20.989+0000][gc,heap       ] GC(1086) Eden regions: 31->0(30)
[2025-11-08T15:08:20.990+0000][gc,heap       ] GC(1086) Survivor regions: 2->3(5)
[2025-11-08T15:08:20.990+0000][gc,heap       ] GC(1086) Old regions: 90->90
[2025-11-08T15:08:20.990+0000][gc,heap       ] GC(1086) Humongous regions: 147->147
[2025-11-08T15:08:20.991+0000][gc,metaspace  ] GC(1086) Metaspace: 52293K(55472K)->52293K(55472K) NonClass: 46506K(48304K)->46506K(48304K) Class: 5787K(7168K)->5787K(7168K)
[2025-11-08T15:08:20.991+0000][gc            ] GC(1086) Pause Young (Normal) (G1 Evacuation Pause) 269M->239M(667M) 27.336ms
[2025-11-08T15:08:20.991+0000][gc,cpu        ] GC(1086) User=0.03s Sys=0.00s Real=0.02s
[2025-11-08T15:08:23.281+0000][gc,start      ] GC(1087) Pause Young (Normal) (G1 Evacuation Pause)
[2025-11-08T15:08:23.282+0000][gc,task       ] GC(1087) Using 2 workers of 2 for evacuation
[2025-11-08T15:08:23.299+0000][gc,phases     ] GC(1087)   Pre Evacuate Collection Set: 0.0ms
[2025-11-08T15:08:23.300+0000][gc,phases     ] GC(1087)   Evacuate Collection Set: 15.2ms
[2025-11-08T15:08:23.300+0000][gc,phases     ] GC(1087)   Post Evacuate Collection Set: 1.3ms
[2025-11-08T15:08:23.301+0000][gc,phases     ] GC(1087)   Other: 1.5ms
[2025-11-08T15:08:23.301+0000][gc,heap       ] GC(1087) Eden regions: 30->0(30)
[2025-11-08T15:08:23.301+0000][gc,heap       ] GC(1087) Survivor regions: 3->3(5)
[2025-11-08T15:08:23.302+0000][gc,heap       ] GC(1087) Old regions: 90->91
[2025-11-08T15:08:23.302+0000][gc,heap       ] GC(1087) Humongous regions: 147->147
[2025-11-08T15:08:23.303+0000][gc,metaspace  ] GC(1087) Metaspace: 52293K(55472K)->52293K(55472K) NonClass: 46506K(48304K)->46506K(48304K) Class: 5787K(7168K)->5787K(7168K)
[2025-11-08T15:08:23.303+0000][gc            ] GC(1087) Pause Young (Normal) (G1 Evacuation Pause) 269M->239M(667M) 21.957ms
[2025-11-08T15:08:23.304+0000][gc,cpu        ] GC(1087) User=0.04s Sys=0.00s Real=0.03s
[2025-11-08T15:08:25.645+0000][gc,start      ] GC(1088) Pause Young (Normal) (G1 Evacuation Pause)
[2025-11-08T15:08:25.645+0000][gc,task       ] GC(1088) Using 2 workers of 2 for evacuation
[2025-11-08T15:08:25.658+0000][gc,phases     ] GC(1088)   Pre Evacuate Collection Set: 0.0ms
[2025-11-08T15:08:25.658+0000][gc,phases     ] GC(1088)   Evacuate Collection Set: 10.9ms
[2025-11-08T15:08:25.658+0000][gc,phases     ] GC(1088)   Post Evacuate Collection Set: 1.3ms
[2025-11-08T15:08:25.659+0000][gc,phases     ] GC(1088)   Other: 0.9ms
[2025-11-08T15:08:25.659+0000][gc,heap       ] GC(1088) Eden regions: 30->0(31)
[2025-11-08T15:08:25.659+0000][gc,heap       ] GC(1088) Survivor regions: 3->2(5)
[2025-11-08T15:08:25.660+0000][gc,heap       ] GC(1088) Old regions: 91->91
[2025-11-08T15:08:25.660+0000][gc,heap       ] GC(1088) Humongous regions: 147->147
[2025-11-08T15:08:25.660+0000][gc,metaspace  ] GC(1088) Metaspace: 52293K(55472K)->52293K(55472K) NonClass: 46506K(48304K)->46506K(48304K) Class: 5787K(7168K)->5787K(7168K)
[2025-11-08T15:08:25.661+0000][gc            ] GC(1088) Pause Young (Normal) (G1 Evacuation Pause) 269M->239M(667M) 16.245ms
[2025-11-08T15:08:25.662+0000][gc,cpu        ] GC(1088) User=0.03s Sys=0.00s Real=0.01s
[2025-11-08T15:08:27.857+0000][gc,start      ] GC(1089) Pause Young (Normal) (G1 Evacuation Pause)
[2025-11-08T15:08:27.858+0000][gc,task       ] GC(1089) Using 2 workers of 2 for evacuation
[2025-11-08T15:08:27.874+0000][gc,phases     ] GC(1089)   Pre Evacuate Collection Set: 0.0ms
[2025-11-08T15:08:27.874+0000][gc,phases     ] GC(1089)   Evacuate Collection Set: 13.8ms
[2025-11-08T15:08:27.875+0000][gc,phases     ] GC(1089)   Post Evacuate Collection Set: 1.4ms
[2025-11-08T15:08:27.875+0000][gc,phases     ] GC(1089)   Other: 1.6ms
[2025-11-08T15:08:27.876+0000][gc,heap       ] GC(1089) Eden regions: 31->0(33)
[2025-11-08T15:08:27.877+0000][gc,heap       ] GC(1089) Survivor regions: 2->2(5)
[2025-11-08T15:08:27.877+0000][gc,heap       ] GC(1089) Old regions: 91->91
[2025-11-08T15:08:27.878+0000][gc,heap       ] GC(1089) Humongous regions: 147->147
[2025-11-08T15:08:27.878+0000][gc,metaspace  ] GC(1089) Metaspace: 52293K(55472K)->52293K(55472K) NonClass: 46506K(48304K)->46506K(48304K) Class: 5787K(7168K)->5787K(7168K)
[2025-11-08T15:08:27.878+0000][gc            ] GC(1089) Pause Young (Normal) (G1 Evacuation Pause) 270M->238M(667M) 21.298ms
[2025-11-08T15:08:27.879+0000][gc,cpu        ] GC(1089) User=0.02s Sys=0.00s Real=0.02s
[2025-11-08T15:08:30.235+0000][gc,start      ] GC(1090) Pause Young (Normal) (G1 Evacuation Pause)
[2025-11-08T15:08:30.236+0000][gc,task       ] GC(1090) Using 2 workers of 2 for evacuation
[2025-11-08T15:08:30.254+0000][gc,phases     ] GC(1090)   Pre Evacuate Collection Set: 0.0ms
[2025-11-08T15:08:30.255+0000][gc,phases     ] GC(1090)   Evacuate Collection Set: 14.9ms
[2025-11-08T15:08:30.256+0000][gc,phases     ] GC(1090)   Post Evacuate Collection Set: 1.5ms
[2025-11-08T15:08:30.256+0000][gc,phases     ] GC(1090)   Other: 2.5ms
[2025-11-08T15:08:30.257+0000][gc,heap       ] GC(1090) Eden regions: 33->0(33)
[2025-11-08T15:08:30.257+0000][gc,heap       ] GC(1090) Survivor regions: 2->2(5)
[2025-11-08T15:08:30.258+0000][gc,heap       ] GC(1090) Old regions: 91->91
[2025-11-08T15:08:30.258+0000][gc,heap       ] GC(1090) Humongous regions: 147->147
[2025-11-08T15:08:30.259+0000][gc,metaspace  ] GC(1090) Metaspace: 52293K(55472K)->52293K(55472K) NonClass: 46506K(48304K)->46506K(48304K) Class: 5787K(7168K)->5787K(7168K)
[2025-11-08T15:08:30.259+0000][gc            ] GC(1090) Pause Young (Normal) (G1 Evacuation Pause) 271M->238M(667M) 23.797ms
[2025-11-08T15:08:30.259+0000][gc,cpu        ] GC(1090) User=0.03s Sys=0.00s Real=0.02s
[2025-11-08T15:08:32.865+0000][gc,start      ] GC(1091) Pause Young (Normal) (G1 Evacuation Pause)
[2025-11-08T15:08:32.866+0000][gc,task       ] GC(1091) Using 2 workers of 2 for evacuation
[2025-11-08T15:08:32.883+0000][gc,phases     ] GC(1091)   Pre Evacuate Collection Set: 0.2ms
[2025-11-08T15:08:32.883+0000][gc,phases     ] GC(1091)   Evacuate Collection Set: 14.2ms
[2025-11-08T15:08:32.884+0000][gc,phases     ] GC(1091)   Post Evacuate Collection Set: 1.0ms
[2025-11-08T15:08:32.884+0000][gc,phases     ] GC(1091)   Other: 1.9ms
[2025-11-08T15:08:32.884+0000][gc,heap       ] GC(1091) Eden regions: 33->0(34)
[2025-11-08T15:08:32.885+0000][gc,heap       ] GC(1091) Survivor regions: 2->2(5)
[2025-11-08T15:08:32.885+0000][gc,heap       ] GC(1091) Old regions: 91->91
[2025-11-08T15:08:32.885+0000][gc,heap       ] GC(1091) Humongous regions: 147->147
[2025-11-08T15:08:32.886+0000][gc,metaspace  ] GC(1091) Metaspace: 52293K(55472K)->52293K(55472K) NonClass: 46506K(48304K)->46506K(48304K) Class: 5787K(7168K)->5787K(7168K)
[2025-11-08T15:08:32.886+0000][gc            ] GC(1091) Pause Young (Normal) (G1 Evacuation Pause) 271M->238M(667M) 20.556ms
[2025-11-08T15:08:32.886+0000][gc,cpu        ] GC(1091) User=0.03s Sys=0.00s Real=0.02s
[2025-11-08T15:08:35.580+0000][gc,start      ] GC(1092) Pause Young (Normal) (G1 Evacuation Pause)
[2025-11-08T15:08:35.582+0000][gc,task       ] GC(1092) Using 2 workers of 2 for evacuation
[2025-11-08T15:08:35.605+0000][gc,mmu        ] GC(1092) MMU target violated: 21.0ms (20.0ms/21.0ms)
[2025-11-08T15:08:35.608+0000][gc,phases     ] GC(1092)   Pre Evacuate Collection Set: 0.0ms
[2025-11-08T15:08:35.609+0000][gc,phases     ] GC(1092)   Evacuate Collection Set: 19.4ms
[2025-11-08T15:08:35.610+0000][gc,phases     ] GC(1092)   Post Evacuate Collection Set: 2.3ms
[2025-11-08T15:08:35.610+0000][gc,phases     ] GC(1092)   Other: 6.7ms
[2025-11-08T15:08:35.612+0000][gc,heap       ] GC(1092) Eden regions: 34->0(34)
[2025-11-08T15:08:35.613+0000][gc,heap       ] GC(1092) Survivor regions: 2->2(5)
[2025-11-08T15:08:35.613+0000][gc,heap       ] GC(1092) Old regions: 91->91
[2025-11-08T15:08:35.614+0000][gc,heap       ] GC(1092) Humongous regions: 147->147
[2025-11-08T15:08:35.616+0000][gc,metaspace  ] GC(1092) Metaspace: 52293K(55472K)->52293K(55472K) NonClass: 46506K(48304K)->46506K(48304K) Class: 5787K(7168K)->5787K(7168K)
[2025-11-08T15:08:35.617+0000][gc            ] GC(1092) Pause Young (Normal) (G1 Evacuation Pause) 272M->238M(667M) 36.681ms
[2025-11-08T15:08:35.617+0000][gc,cpu        ] GC(1092) User=0.04s Sys=0.00s Real=0.04s
[2025-11-08T15:08:38.008+0000][gc,start      ] GC(1093) Pause Young (Normal) (G1 Evacuation Pause)
[2025-11-08T15:08:38.008+0000][gc,task       ] GC(1093) Using 2 workers of 2 for evacuation
[2025-11-08T15:08:38.027+0000][gc,phases     ] GC(1093)   Pre Evacuate Collection Set: 0.0ms
[2025-11-08T15:08:38.028+0000][gc,phases     ] GC(1093)   Evacuate Collection Set: 16.8ms
[2025-11-08T15:08:38.028+0000][gc,phases     ] GC(1093)   Post Evacuate Collection Set: 1.1ms
[2025-11-08T15:08:38.029+0000][gc,phases     ] GC(1093)   Other: 1.7ms
[2025-11-08T15:08:38.029+0000][gc,heap       ] GC(1093) Eden regions: 31->0(32)
[2025-11-08T15:08:38.030+0000][gc,heap       ] GC(1093) Survivor regions: 2->3(5)
[2025-11-08T15:08:38.030+0000][gc,heap       ] GC(1093) Old regions: 91->91
[2025-11-08T15:08:38.031+0000][gc,heap       ] GC(1093) Humongous regions: 147->147
[2025-11-08T15:08:38.031+0000][gc,metaspace  ] GC(1093) Metaspace: 52293K(55472K)->52293K(55472K) NonClass: 46506K(48304K)->46506K(48304K) Class: 5787K(7168K)->5787K(7168K)
[2025-11-08T15:08:38.032+0000][gc            ] GC(1093) Pause Young (Normal) (G1 Evacuation Pause) 269M->240M(667M) 23.813ms
[2025-11-08T15:08:38.032+0000][gc,cpu        ] GC(1093) User=0.04s Sys=0.00s Real=0.02s
[2025-11-08T15:08:40.563+0000][gc,start      ] GC(1094) Pause Young (Normal) (G1 Evacuation Pause)
[2025-11-08T15:08:40.564+0000][gc,task       ] GC(1094) Using 2 workers of 2 for evacuation
[2025-11-08T15:08:40.586+0000][gc,mmu        ] GC(1094) MMU target violated: 21.0ms (20.0ms/21.0ms)
[2025-11-08T15:08:40.587+0000][gc,phases     ] GC(1094)   Pre Evacuate Collection Set: 0.0ms
[2025-11-08T15:08:40.587+0000][gc,phases     ] GC(1094)   Evacuate Collection Set: 20.7ms
[2025-11-08T15:08:40.588+0000][gc,phases     ] GC(1094)   Post Evacuate Collection Set: 1.5ms
[2025-11-08T15:08:40.588+0000][gc,phases     ] GC(1094)   Other: 1.6ms
[2025-11-08T15:08:40.589+0000][gc,heap       ] GC(1094) Eden regions: 30->0(31)
[2025-11-08T15:08:40.589+0000][gc,heap       ] GC(1094) Survivor regions: 3->3(5)
[2025-11-08T15:08:40.589+0000][gc,heap       ] GC(1094) Old regions: 91->91
[2025-11-08T15:08:40.613+0000][gc,heap       ] GC(1094) Humongous regions: 147->147
[2025-11-08T15:08:40.614+0000][gc,metaspace  ] GC(1094) Metaspace: 52293K(55472K)->52293K(55472K) NonClass: 46506K(48304K)->46506K(48304K) Class: 5787K(7168K)->5787K(7168K)
[2025-11-08T15:08:40.614+0000][gc            ] GC(1094) Pause Young (Normal) (G1 Evacuation Pause) 270M->240M(667M) 50.846ms
[2025-11-08T15:08:40.615+0000][gc,cpu        ] GC(1094) User=0.04s Sys=0.00s Real=0.06s
[2025-11-08T15:08:43.133+0000][gc,start      ] GC(1095) Pause Young (Normal) (G1 Evacuation Pause)
[2025-11-08T15:08:43.134+0000][gc,task       ] GC(1095) Using 2 workers of 2 for evacuation
[2025-11-08T15:08:43.151+0000][gc,phases     ] GC(1095)   Pre Evacuate Collection Set: 0.0ms
[2025-11-08T15:08:43.152+0000][gc,phases     ] GC(1095)   Evacuate Collection Set: 14.8ms
[2025-11-08T15:08:43.152+0000][gc,phases     ] GC(1095)   Post Evacuate Collection Set: 1.4ms
[2025-11-08T15:08:43.152+0000][gc,phases     ] GC(1095)   Other: 2.6ms
[2025-11-08T15:08:43.153+0000][gc,heap       ] GC(1095) Eden regions: 31->0(31)
[2025-11-08T15:08:43.153+0000][gc,heap       ] GC(1095) Survivor regions: 3->2(5)
[2025-11-08T15:08:43.153+0000][gc,heap       ] GC(1095) Old regions: 91->91
[2025-11-08T15:08:43.154+0000][gc,heap       ] GC(1095) Humongous regions: 147->147
[2025-11-08T15:08:43.154+0000][gc,metaspace  ] GC(1095) Metaspace: 52293K(55472K)->52293K(55472K) NonClass: 46506K(48304K)->46506K(48304K) Class: 5787K(7168K)->5787K(7168K)
[2025-11-08T15:08:43.154+0000][gc            ] GC(1095) Pause Young (Normal) (G1 Evacuation Pause) 271M->239M(667M) 21.852ms
[2025-11-08T15:08:43.155+0000][gc,cpu        ] GC(1095) User=0.03s Sys=0.00s Real=0.03s
[2025-11-08T15:08:45.381+0000][gc,start      ] GC(1096) Pause Young (Normal) (G1 Evacuation Pause)
[2025-11-08T15:08:45.382+0000][gc,task       ] GC(1096) Using 2 workers of 2 for evacuation
[2025-11-08T15:08:45.397+0000][gc,phases     ] GC(1096)   Pre Evacuate Collection Set: 0.0ms
[2025-11-08T15:08:45.398+0000][gc,phases     ] GC(1096)   Evacuate Collection Set: 13.6ms
[2025-11-08T15:08:45.398+0000][gc,phases     ] GC(1096)   Post Evacuate Collection Set: 1.1ms
[2025-11-08T15:08:45.398+0000][gc,phases     ] GC(1096)   Other: 1.1ms
[2025-11-08T15:08:45.399+0000][gc,heap       ] GC(1096) Eden regions: 31->0(32)
[2025-11-08T15:08:45.399+0000][gc,heap       ] GC(1096) Survivor regions: 2->2(5)
[2025-11-08T15:08:45.399+0000][gc,heap       ] GC(1096) Old regions: 91->91
[2025-11-08T15:08:45.399+0000][gc,heap       ] GC(1096) Humongous regions: 147->147
[2025-11-08T15:08:45.400+0000][gc,metaspace  ] GC(1096) Metaspace: 52293K(55472K)->52293K(55472K) NonClass: 46506K(48304K)->46506K(48304K) Class: 5787K(7168K)->5787K(7168K)
[2025-11-08T15:08:45.400+0000][gc            ] GC(1096) Pause Young (Normal) (G1 Evacuation Pause) 270M->239M(667M) 19.193ms
[2025-11-08T15:08:45.401+0000][gc,cpu        ] GC(1096) User=0.03s Sys=0.00s Real=0.02s
[2025-11-08T15:08:47.946+0000][gc,start      ] GC(1097) Pause Young (Normal) (G1 Evacuation Pause)
[2025-11-08T15:08:47.947+0000][gc,task       ] GC(1097) Using 2 workers of 2 for evacuation
[2025-11-08T15:08:47.963+0000][gc,phases     ] GC(1097)   Pre Evacuate Collection Set: 0.0ms
[2025-11-08T15:08:47.964+0000][gc,phases     ] GC(1097)   Evacuate Collection Set: 13.7ms
[2025-11-08T15:08:47.965+0000][gc,phases     ] GC(1097)   Post Evacuate Collection Set: 2.3ms
[2025-11-08T15:08:47.966+0000][gc,phases     ] GC(1097)   Other: 0.9ms
[2025-11-08T15:08:47.966+0000][gc,heap       ] GC(1097) Eden regions: 32->0(33)
[2025-11-08T15:08:47.968+0000][gc,heap       ] GC(1097) Survivor regions: 2->2(5)
[2025-11-08T15:08:47.969+0000][gc,heap       ] GC(1097) Old regions: 91->91
[2025-11-08T15:08:47.969+0000][gc,heap       ] GC(1097) Humongous regions: 147->147
[2025-11-08T15:08:47.971+0000][gc,metaspace  ] GC(1097) Metaspace: 52293K(55472K)->52293K(55472K) NonClass: 46506K(48304K)->46506K(48304K) Class: 5787K(7168K)->5787K(7168K)
[2025-11-08T15:08:47.971+0000][gc            ] GC(1097) Pause Young (Normal) (G1 Evacuation Pause) 271M->239M(667M) 24.465ms
[2025-11-08T15:08:47.972+0000][gc,cpu        ] GC(1097) User=0.03s Sys=0.00s Real=0.02s
[2025-11-08T15:08:50.626+0000][gc,start      ] GC(1098) Pause Young (Normal) (G1 Evacuation Pause)
[2025-11-08T15:08:50.626+0000][gc,task       ] GC(1098) Using 2 workers of 2 for evacuation
[2025-11-08T15:08:50.648+0000][gc,mmu        ] GC(1098) MMU target violated: 21.0ms (20.0ms/21.0ms)
[2025-11-08T15:08:50.650+0000][gc,phases     ] GC(1098)   Pre Evacuate Collection Set: 0.0ms
[2025-11-08T15:08:50.651+0000][gc,phases     ] GC(1098)   Evacuate Collection Set: 16.7ms
[2025-11-08T15:08:50.653+0000][gc,phases     ] GC(1098)   Post Evacuate Collection Set: 3.7ms
[2025-11-08T15:08:50.654+0000][gc,phases     ] GC(1098)   Other: 3.6ms
[2025-11-08T15:08:50.654+0000][gc,heap       ] GC(1098) Eden regions: 31->0(32)
[2025-11-08T15:08:50.655+0000][gc,heap       ] GC(1098) Survivor regions: 2->2(5)
[2025-11-08T15:08:50.655+0000][gc,heap       ] GC(1098) Old regions: 91->91
[2025-11-08T15:08:50.656+0000][gc,heap       ] GC(1098) Humongous regions: 147->147
[2025-11-08T15:08:50.657+0000][gc,metaspace  ] GC(1098) Metaspace: 52293K(55472K)->52293K(55472K) NonClass: 46506K(48304K)->46506K(48304K) Class: 5787K(7168K)->5787K(7168K)
[2025-11-08T15:08:50.658+0000][gc            ] GC(1098) Pause Young (Normal) (G1 Evacuation Pause) 270M->239M(667M) 32.749ms
[2025-11-08T15:08:50.659+0000][gc,cpu        ] GC(1098) User=0.04s Sys=0.00s Real=0.03s
[2025-11-08T15:08:53.161+0000][gc,start      ] GC(1099) Pause Young (Normal) (G1 Evacuation Pause)
[2025-11-08T15:08:53.240+0000][gc,task       ] GC(1099) Using 2 workers of 2 for evacuation
[2025-11-08T15:08:53.283+0000][gc,mmu        ] GC(1099) MMU target violated: 21.0ms (20.0ms/21.0ms)
[2025-11-08T15:08:53.284+0000][gc,phases     ] GC(1099)   Pre Evacuate Collection Set: 0.0ms
[2025-11-08T15:08:53.284+0000][gc,phases     ] GC(1099)   Evacuate Collection Set: 37.5ms
[2025-11-08T15:08:53.285+0000][gc,phases     ] GC(1099)   Post Evacuate Collection Set: 1.6ms
[2025-11-08T15:08:53.286+0000][gc,phases     ] GC(1099)   Other: 84.0ms
[2025-11-08T15:08:53.286+0000][gc,heap       ] GC(1099) Eden regions: 31->0(30)
[2025-11-08T15:08:53.287+0000][gc,heap       ] GC(1099) Survivor regions: 2->3(5)
[2025-11-08T15:08:53.288+0000][gc,heap       ] GC(1099) Old regions: 91->91
[2025-11-08T15:08:53.288+0000][gc,heap       ] GC(1099) Humongous regions: 147->147
[2025-11-08T15:08:53.288+0000][gc,metaspace  ] GC(1099) Metaspace: 52293K(55472K)->52293K(55472K) NonClass: 46506K(48304K)->46506K(48304K) Class: 5787K(7168K)->5787K(7168K)
[2025-11-08T15:08:53.289+0000][gc            ] GC(1099) Pause Young (Normal) (G1 Evacuation Pause) 270M->240M(667M) 127.744ms
[2025-11-08T15:08:53.291+0000][gc,cpu        ] GC(1099) User=0.07s Sys=0.00s Real=0.13s
[2025-11-08T15:08:55.725+0000][gc,start      ] GC(1100) Pause Young (Normal) (G1 Evacuation Pause)
[2025-11-08T15:08:55.726+0000][gc,task       ] GC(1100) Using 2 workers of 2 for evacuation
[2025-11-08T15:08:55.753+0000][gc,mmu        ] GC(1100) MMU target violated: 21.0ms (20.0ms/21.0ms)
[2025-11-08T15:08:55.754+0000][gc,phases     ] GC(1100)   Pre Evacuate Collection Set: 0.0ms
[2025-11-08T15:08:55.754+0000][gc,phases     ] GC(1100)   Evacuate Collection Set: 19.8ms
[2025-11-08T15:08:55.755+0000][gc,phases     ] GC(1100)   Post Evacuate Collection Set: 6.0ms
[2025-11-08T15:08:55.755+0000][gc,phases     ] GC(1100)   Other: 2.8ms
[2025-11-08T15:08:55.755+0000][gc,heap       ] GC(1100) Eden regions: 30->0(30)
[2025-11-08T15:08:55.756+0000][gc,heap       ] GC(1100) Survivor regions: 3->3(5)
[2025-11-08T15:08:55.756+0000][gc,heap       ] GC(1100) Old regions: 91->92
[2025-11-08T15:08:55.757+0000][gc,heap       ] GC(1100) Humongous regions: 147->147
[2025-11-08T15:08:55.758+0000][gc,metaspace  ] GC(1100) Metaspace: 52293K(55472K)->52293K(55472K) NonClass: 46506K(48304K)->46506K(48304K) Class: 5787K(7168K)->5787K(7168K)
[2025-11-08T15:08:55.758+0000][gc            ] GC(1100) Pause Young (Normal) (G1 Evacuation Pause) 270M->240M(667M) 32.624ms
[2025-11-08T15:08:55.759+0000][gc,cpu        ] GC(1100) User=0.04s Sys=0.00s Real=0.03s
[2025-11-08T15:08:58.027+0000][gc,start      ] GC(1101) Pause Young (Normal) (G1 Evacuation Pause)
[2025-11-08T15:08:58.027+0000][gc,task       ] GC(1101) Using 2 workers of 2 for evacuation
[2025-11-08T15:08:58.043+0000][gc,phases     ] GC(1101)   Pre Evacuate Collection Set: 0.0ms
[2025-11-08T15:08:58.043+0000][gc,phases     ] GC(1101)   Evacuate Collection Set: 13.2ms
[2025-11-08T15:08:58.044+0000][gc,phases     ] GC(1101)   Post Evacuate Collection Set: 1.0ms
[2025-11-08T15:08:58.044+0000][gc,phases     ] GC(1101)   Other: 1.5ms
[2025-11-08T15:08:58.045+0000][gc,heap       ] GC(1101) Eden regions: 30->0(31)
[2025-11-08T15:08:58.045+0000][gc,heap       ] GC(1101) Survivor regions: 3->2(5)
[2025-11-08T15:08:58.045+0000][gc,heap       ] GC(1101) Old regions: 92->92
[2025-11-08T15:08:58.045+0000][gc,heap       ] GC(1101) Humongous regions: 147->147
[2025-11-08T15:08:58.046+0000][gc,metaspace  ] GC(1101) Metaspace: 52293K(55472K)->52293K(55472K) NonClass: 46506K(48304K)->46506K(48304K) Class: 5787K(7168K)->5787K(7168K)
[2025-11-08T15:08:58.046+0000][gc            ] GC(1101) Pause Young (Normal) (G1 Evacuation Pause) 270M->240M(667M) 19.078ms
[2025-11-08T15:08:58.047+0000][gc,cpu        ] GC(1101) User=0.03s Sys=0.00s Real=0.02s
[2025-11-08T15:09:00.426+0000][gc,start      ] GC(1102) Pause Young (Normal) (G1 Evacuation Pause)
[2025-11-08T15:09:00.426+0000][gc,task       ] GC(1102) Using 2 workers of 2 for evacuation
[2025-11-08T15:09:00.468+0000][gc,mmu        ] GC(1102) MMU target violated: 21.0ms (20.0ms/21.0ms)
[2025-11-08T15:09:00.468+0000][gc,phases     ] GC(1102)   Pre Evacuate Collection Set: 0.0ms
[2025-11-08T15:09:00.472+0000][gc,phases     ] GC(1102)   Evacuate Collection Set: 19.4ms
[2025-11-08T15:09:00.472+0000][gc,phases     ] GC(1102)   Post Evacuate Collection Set: 18.9ms
[2025-11-08T15:09:00.473+0000][gc,phases     ] GC(1102)   Other: 3.9ms
[2025-11-08T15:09:00.474+0000][gc,heap       ] GC(1102) Eden regions: 31->0(31)
[2025-11-08T15:09:00.474+0000][gc,heap       ] GC(1102) Survivor regions: 2->2(5)
[2025-11-08T15:09:00.474+0000][gc,heap       ] GC(1102) Old regions: 92->92
[2025-11-08T15:09:00.475+0000][gc,heap       ] GC(1102) Humongous regions: 147->147
[2025-11-08T15:09:00.477+0000][gc,metaspace  ] GC(1102) Metaspace: 52293K(55472K)->52293K(55472K) NonClass: 46506K(48304K)->46506K(48304K) Class: 5787K(7168K)->5787K(7168K)
[2025-11-08T15:09:00.478+0000][gc            ] GC(1102) Pause Young (Normal) (G1 Evacuation Pause) 271M->239M(667M) 52.472ms
[2025-11-08T15:09:00.479+0000][gc,cpu        ] GC(1102) User=0.05s Sys=0.00s Real=0.05s
[2025-11-08T15:09:03.795+0000][gc,start      ] GC(1103) Pause Young (Normal) (G1 Evacuation Pause)
[2025-11-08T15:09:03.796+0000][gc,task       ] GC(1103) Using 2 workers of 2 for evacuation
[2025-11-08T15:09:03.822+0000][gc,mmu        ] GC(1103) MMU target violated: 21.0ms (20.0ms/21.0ms)
[2025-11-08T15:09:03.823+0000][gc,phases     ] GC(1103)   Pre Evacuate Collection Set: 0.0ms
[2025-11-08T15:09:03.823+0000][gc,phases     ] GC(1103)   Evacuate Collection Set: 23.2ms
[2025-11-08T15:09:03.824+0000][gc,phases     ] GC(1103)   Post Evacuate Collection Set: 0.9ms
[2025-11-08T15:09:03.825+0000][gc,phases     ] GC(1103)   Other: 4.2ms
[2025-11-08T15:09:03.825+0000][gc,heap       ] GC(1103) Eden regions: 31->0(31)
[2025-11-08T15:09:03.826+0000][gc,heap       ] GC(1103) Survivor regions: 2->2(5)
[2025-11-08T15:09:03.826+0000][gc,heap       ] GC(1103) Old regions: 92->92
[2025-11-08T15:09:03.827+0000][gc,heap       ] GC(1103) Humongous regions: 147->147
[2025-11-08T15:09:03.827+0000][gc,metaspace  ] GC(1103) Metaspace: 52293K(55472K)->52293K(55472K) NonClass: 46506K(48304K)->46506K(48304K) Class: 5787K(7168K)->5787K(7168K)
[2025-11-08T15:09:03.831+0000][gc            ] GC(1103) Pause Young (Normal) (G1 Evacuation Pause) 270M->239M(667M) 36.360ms
[2025-11-08T15:09:03.832+0000][gc,cpu        ] GC(1103) User=0.04s Sys=0.00s Real=0.03s
[2025-11-08T15:09:06.252+0000][gc,start      ] GC(1104) Pause Young (Normal) (G1 Evacuation Pause)
[2025-11-08T15:09:06.253+0000][gc,task       ] GC(1104) Using 2 workers of 2 for evacuation
[2025-11-08T15:09:06.279+0000][gc,mmu        ] GC(1104) MMU target violated: 21.0ms (20.0ms/21.0ms)
[2025-11-08T15:09:06.279+0000][gc,phases     ] GC(1104)   Pre Evacuate Collection Set: 0.0ms
[2025-11-08T15:09:06.280+0000][gc,phases     ] GC(1104)   Evacuate Collection Set: 22.1ms
[2025-11-08T15:09:06.281+0000][gc,phases     ] GC(1104)   Post Evacuate Collection Set: 2.2ms
[2025-11-08T15:09:06.281+0000][gc,phases     ] GC(1104)   Other: 2.5ms
[2025-11-08T15:09:06.282+0000][gc,heap       ] GC(1104) Eden regions: 31->0(30)
[2025-11-08T15:09:06.282+0000][gc,heap       ] GC(1104) Survivor regions: 2->3(5)
[2025-11-08T15:09:06.283+0000][gc,heap       ] GC(1104) Old regions: 92->92
[2025-11-08T15:09:06.283+0000][gc,heap       ] GC(1104) Humongous regions: 147->147
[2025-11-08T15:09:06.283+0000][gc,metaspace  ] GC(1104) Metaspace: 52293K(55472K)->52293K(55472K) NonClass: 46506K(48304K)->46506K(48304K) Class: 5787K(7168K)->5787K(7168K)
[2025-11-08T15:09:06.284+0000][gc            ] GC(1104) Pause Young (Normal) (G1 Evacuation Pause) 270M->241M(667M) 31.339ms
[2025-11-08T15:09:06.284+0000][gc,cpu        ] GC(1104) User=0.05s Sys=0.00s Real=0.04s
[2025-11-08T15:09:08.569+0000][gc,start      ] GC(1105) Pause Young (Normal) (G1 Evacuation Pause)
[2025-11-08T15:09:08.569+0000][gc,task       ] GC(1105) Using 2 workers of 2 for evacuation
[2025-11-08T15:09:08.598+0000][gc,mmu        ] GC(1105) MMU target violated: 21.0ms (20.0ms/21.0ms)
[2025-11-08T15:09:08.598+0000][gc,phases     ] GC(1105)   Pre Evacuate Collection Set: 0.0ms
[2025-11-08T15:09:08.599+0000][gc,phases     ] GC(1105)   Evacuate Collection Set: 21.4ms
[2025-11-08T15:09:08.599+0000][gc,phases     ] GC(1105)   Post Evacuate Collection Set: 2.3ms
[2025-11-08T15:09:08.600+0000][gc,phases     ] GC(1105)   Other: 5.8ms
[2025-11-08T15:09:08.601+0000][gc,heap       ] GC(1105) Eden regions: 30->0(30)
[2025-11-08T15:09:08.601+0000][gc,heap       ] GC(1105) Survivor regions: 3->3(5)
[2025-11-08T15:09:08.602+0000][gc,heap       ] GC(1105) Old regions: 92->92
[2025-11-08T15:09:08.602+0000][gc,heap       ] GC(1105) Humongous regions: 147->147
[2025-11-08T15:09:08.603+0000][gc,metaspace  ] GC(1105) Metaspace: 52293K(55472K)->52293K(55472K) NonClass: 46506K(48304K)->46506K(48304K) Class: 5787K(7168K)->5787K(7168K)
[2025-11-08T15:09:08.604+0000][gc            ] GC(1105) Pause Young (Normal) (G1 Evacuation Pause) 271M->240M(667M) 35.028ms
[2025-11-08T15:09:08.607+0000][gc,cpu        ] GC(1105) User=0.04s Sys=0.00s Real=0.04s
[2025-11-08T15:09:10.951+0000][gc,start      ] GC(1106) Pause Young (Normal) (G1 Evacuation Pause)
[2025-11-08T15:09:10.951+0000][gc,task       ] GC(1106) Using 2 workers of 2 for evacuation
[2025-11-08T15:09:10.966+0000][gc,phases     ] GC(1106)   Pre Evacuate Collection Set: 0.2ms
[2025-11-08T15:09:10.966+0000][gc,phases     ] GC(1106)   Evacuate Collection Set: 12.0ms
[2025-11-08T15:09:10.967+0000][gc,phases     ] GC(1106)   Post Evacuate Collection Set: 1.6ms
[2025-11-08T15:09:10.967+0000][gc,phases     ] GC(1106)   Other: 1.0ms
[2025-11-08T15:09:10.967+0000][gc,heap       ] GC(1106) Eden regions: 30->0(31)
[2025-11-08T15:09:10.968+0000][gc,heap       ] GC(1106) Survivor regions: 3->2(5)
[2025-11-08T15:09:10.968+0000][gc,heap       ] GC(1106) Old regions: 92->92
[2025-11-08T15:09:10.968+0000][gc,heap       ] GC(1106) Humongous regions: 147->147
[2025-11-08T15:09:10.969+0000][gc,metaspace  ] GC(1106) Metaspace: 52293K(55472K)->52293K(55472K) NonClass: 46506K(48304K)->46506K(48304K) Class: 5787K(7168K)->5787K(7168K)
[2025-11-08T15:09:10.970+0000][gc            ] GC(1106) Pause Young (Normal) (G1 Evacuation Pause) 270M->240M(667M) 18.525ms
[2025-11-08T15:09:10.970+0000][gc,cpu        ] GC(1106) User=0.03s Sys=0.00s Real=0.02s
[2025-11-08T15:09:13.313+0000][gc,start      ] GC(1107) Pause Young (Normal) (G1 Evacuation Pause)
[2025-11-08T15:09:13.313+0000][gc,task       ] GC(1107) Using 2 workers of 2 for evacuation
[2025-11-08T15:09:13.339+0000][gc,mmu        ] GC(1107) MMU target violated: 21.0ms (20.0ms/21.0ms)
[2025-11-08T15:09:13.340+0000][gc,phases     ] GC(1107)   Pre Evacuate Collection Set: 0.4ms
[2025-11-08T15:09:13.342+0000][gc,phases     ] GC(1107)   Evacuate Collection Set: 21.0ms
[2025-11-08T15:09:13.343+0000][gc,phases     ] GC(1107)   Post Evacuate Collection Set: 2.9ms
[2025-11-08T15:09:13.345+0000][gc,phases     ] GC(1107)   Other: 2.9ms
[2025-11-08T15:09:13.346+0000][gc,heap       ] GC(1107) Eden regions: 31->0(31)
[2025-11-08T15:09:13.346+0000][gc,heap       ] GC(1107) Survivor regions: 2->2(5)
[2025-11-08T15:09:13.348+0000][gc,heap       ] GC(1107) Old regions: 92->92
[2025-11-08T15:09:13.349+0000][gc,heap       ] GC(1107) Humongous regions: 147->147
[2025-11-08T15:09:13.349+0000][gc,metaspace  ] GC(1107) Metaspace: 52293K(55472K)->52293K(55472K) NonClass: 46506K(48304K)->46506K(48304K) Class: 5787K(7168K)->5787K(7168K)
[2025-11-08T15:09:13.350+0000][gc            ] GC(1107) Pause Young (Normal) (G1 Evacuation Pause) 271M->240M(667M) 37.222ms
[2025-11-08T15:09:13.351+0000][gc,cpu        ] GC(1107) User=0.05s Sys=0.00s Real=0.04s
[2025-11-08T15:09:15.943+0000][gc,start      ] GC(1108) Pause Young (Normal) (G1 Evacuation Pause)
[2025-11-08T15:09:15.943+0000][gc,task       ] GC(1108) Using 2 workers of 2 for evacuation
[2025-11-08T15:09:15.958+0000][gc,phases     ] GC(1108)   Pre Evacuate Collection Set: 0.0ms
[2025-11-08T15:09:15.959+0000][gc,phases     ] GC(1108)   Evacuate Collection Set: 12.9ms
[2025-11-08T15:09:15.960+0000][gc,phases     ] GC(1108)   Post Evacuate Collection Set: 1.2ms
[2025-11-08T15:09:15.960+0000][gc,phases     ] GC(1108)   Other: 1.6ms
[2025-11-08T15:09:15.960+0000][gc,heap       ] GC(1108) Eden regions: 31->0(31)
[2025-11-08T15:09:15.961+0000][gc,heap       ] GC(1108) Survivor regions: 2->2(5)
[2025-11-08T15:09:15.961+0000][gc,heap       ] GC(1108) Old regions: 92->92
[2025-11-08T15:09:15.962+0000][gc,heap       ] GC(1108) Humongous regions: 147->147
[2025-11-08T15:09:15.962+0000][gc,metaspace  ] GC(1108) Metaspace: 52293K(55472K)->52293K(55472K) NonClass: 46506K(48304K)->46506K(48304K) Class: 5787K(7168K)->5787K(7168K)
[2025-11-08T15:09:15.962+0000][gc            ] GC(1108) Pause Young (Normal) (G1 Evacuation Pause) 271M->239M(667M) 19.540ms
[2025-11-08T15:09:15.963+0000][gc,cpu        ] GC(1108) User=0.03s Sys=0.00s Real=0.02s
[2025-11-08T15:09:18.341+0000][gc,start      ] GC(1109) Pause Young (Normal) (G1 Evacuation Pause)
[2025-11-08T15:09:18.341+0000][gc,task       ] GC(1109) Using 2 workers of 2 for evacuation
[2025-11-08T15:09:18.362+0000][gc,mmu        ] GC(1109) MMU target violated: 20.6ms (20.0ms/21.0ms)
[2025-11-08T15:09:18.363+0000][gc,phases     ] GC(1109)   Pre Evacuate Collection Set: 0.2ms
[2025-11-08T15:09:18.363+0000][gc,phases     ] GC(1109)   Evacuate Collection Set: 19.0ms
[2025-11-08T15:09:18.363+0000][gc,phases     ] GC(1109)   Post Evacuate Collection Set: 1.2ms
[2025-11-08T15:09:18.364+0000][gc,phases     ] GC(1109)   Other: 1.7ms
[2025-11-08T15:09:18.365+0000][gc,heap       ] GC(1109) Eden regions: 31->0(30)
[2025-11-08T15:09:18.365+0000][gc,heap       ] GC(1109) Survivor regions: 2->3(5)
[2025-11-08T15:09:18.366+0000][gc,heap       ] GC(1109) Old regions: 92->92
[2025-11-08T15:09:18.366+0000][gc,heap       ] GC(1109) Humongous regions: 147->147
[2025-11-08T15:09:18.367+0000][gc,metaspace  ] GC(1109) Metaspace: 52293K(55472K)->52293K(55472K) NonClass: 46506K(48304K)->46506K(48304K) Class: 5787K(7168K)->5787K(7168K)
[2025-11-08T15:09:18.367+0000][gc            ] GC(1109) Pause Young (Normal) (G1 Evacuation Pause) 270M->241M(667M) 26.318ms
[2025-11-08T15:09:18.367+0000][gc,cpu        ] GC(1109) User=0.04s Sys=0.00s Real=0.03s
[2025-11-08T15:09:20.605+0000][gc,start      ] GC(1110) Pause Young (Normal) (G1 Evacuation Pause)
[2025-11-08T15:09:20.606+0000][gc,task       ] GC(1110) Using 2 workers of 2 for evacuation
[2025-11-08T15:09:20.628+0000][gc,mmu        ] GC(1110) MMU target violated: 20.8ms (20.0ms/21.0ms)
[2025-11-08T15:09:20.629+0000][gc,phases     ] GC(1110)   Pre Evacuate Collection Set: 0.1ms
[2025-11-08T15:09:20.629+0000][gc,phases     ] GC(1110)   Evacuate Collection Set: 18.8ms
[2025-11-08T15:09:20.630+0000][gc,phases     ] GC(1110)   Post Evacuate Collection Set: 1.6ms
[2025-11-08T15:09:20.630+0000][gc,phases     ] GC(1110)   Other: 3.7ms
[2025-11-08T15:09:20.630+0000][gc,heap       ] GC(1110) Eden regions: 30->0(30)
[2025-11-08T15:09:20.631+0000][gc,heap       ] GC(1110) Survivor regions: 3->3(5)
[2025-11-08T15:09:20.631+0000][gc,heap       ] GC(1110) Old regions: 92->92
[2025-11-08T15:09:20.632+0000][gc,heap       ] GC(1110) Humongous regions: 147->147
[2025-11-08T15:09:20.633+0000][gc,metaspace  ] GC(1110) Metaspace: 52293K(55472K)->52293K(55472K) NonClass: 46506K(48304K)->46506K(48304K) Class: 5787K(7168K)->5787K(7168K)
[2025-11-08T15:09:20.633+0000][gc            ] GC(1110) Pause Young (Normal) (G1 Evacuation Pause) 271M->241M(667M) 28.775ms
[2025-11-08T15:09:20.634+0000][gc,cpu        ] GC(1110) User=0.04s Sys=0.00s Real=0.03s
[2025-11-08T15:09:22.887+0000][gc,start      ] GC(1111) Pause Young (Normal) (G1 Evacuation Pause)
[2025-11-08T15:09:22.888+0000][gc,task       ] GC(1111) Using 2 workers of 2 for evacuation
[2025-11-08T15:09:22.919+0000][gc,mmu        ] GC(1111) MMU target violated: 21.0ms (20.0ms/21.0ms)
[2025-11-08T15:09:22.920+0000][gc,phases     ] GC(1111)   Pre Evacuate Collection Set: 0.1ms
[2025-11-08T15:09:22.922+0000][gc,phases     ] GC(1111)   Evacuate Collection Set: 28.3ms
[2025-11-08T15:09:22.923+0000][gc,phases     ] GC(1111)   Post Evacuate Collection Set: 2.3ms
[2025-11-08T15:09:22.923+0000][gc,phases     ] GC(1111)   Other: 2.5ms
[2025-11-08T15:09:22.923+0000][gc,heap       ] GC(1111) Eden regions: 30->0(31)
[2025-11-08T15:09:22.924+0000][gc,heap       ] GC(1111) Survivor regions: 3->2(5)
[2025-11-08T15:09:22.924+0000][gc,heap       ] GC(1111) Old regions: 92->92
[2025-11-08T15:09:22.925+0000][gc,heap       ] GC(1111) Humongous regions: 147->147
[2025-11-08T15:09:22.925+0000][gc,metaspace  ] GC(1111) Metaspace: 52293K(55472K)->52293K(55472K) NonClass: 46506K(48304K)->46506K(48304K) Class: 5787K(7168K)->5787K(7168K)
[2025-11-08T15:09:22.925+0000][gc            ] GC(1111) Pause Young (Normal) (G1 Evacuation Pause) 271M->240M(667M) 38.328ms
[2025-11-08T15:09:22.926+0000][gc,cpu        ] GC(1111) User=0.03s Sys=0.00s Real=0.04s
[2025-11-08T15:09:25.661+0000][gc,start      ] GC(1112) Pause Young (Normal) (G1 Evacuation Pause)
[2025-11-08T15:09:25.662+0000][gc,task       ] GC(1112) Using 2 workers of 2 for evacuation
[2025-11-08T15:09:25.686+0000][gc,mmu        ] GC(1112) MMU target violated: 21.0ms (20.0ms/21.0ms)
[2025-11-08T15:09:25.688+0000][gc,phases     ] GC(1112)   Pre Evacuate Collection Set: 0.1ms
[2025-11-08T15:09:25.689+0000][gc,phases     ] GC(1112)   Evacuate Collection Set: 21.2ms
[2025-11-08T15:09:25.690+0000][gc,phases     ] GC(1112)   Post Evacuate Collection Set: 2.6ms
[2025-11-08T15:09:25.691+0000][gc,phases     ] GC(1112)   Other: 3.7ms
[2025-11-08T15:09:25.691+0000][gc,heap       ] GC(1112) Eden regions: 31->0(31)
[2025-11-08T15:09:25.693+0000][gc,heap       ] GC(1112) Survivor regions: 2->2(5)
[2025-11-08T15:09:25.693+0000][gc,heap       ] GC(1112) Old regions: 92->92
[2025-11-08T15:09:25.694+0000][gc,heap       ] GC(1112) Humongous regions: 147->147
[2025-11-08T15:09:25.694+0000][gc,metaspace  ] GC(1112) Metaspace: 52293K(55472K)->52293K(55472K) NonClass: 46506K(48304K)->46506K(48304K) Class: 5787K(7168K)->5787K(7168K)
[2025-11-08T15:09:25.694+0000][gc            ] GC(1112) Pause Young (Normal) (G1 Evacuation Pause) 271M->240M(667M) 33.688ms
[2025-11-08T15:09:25.695+0000][gc,cpu        ] GC(1112) User=0.04s Sys=0.00s Real=0.04s
[2025-11-08T15:09:27.971+0000][gc,start      ] GC(1113) Pause Young (Normal) (G1 Evacuation Pause)
[2025-11-08T15:09:27.972+0000][gc,task       ] GC(1113) Using 2 workers of 2 for evacuation
[2025-11-08T15:09:27.984+0000][gc,phases     ] GC(1113)   Pre Evacuate Collection Set: 0.1ms
[2025-11-08T15:09:27.985+0000][gc,phases     ] GC(1113)   Evacuate Collection Set: 10.9ms
[2025-11-08T15:09:27.985+0000][gc,phases     ] GC(1113)   Post Evacuate Collection Set: 1.1ms
[2025-11-08T15:09:27.986+0000][gc,phases     ] GC(1113)   Other: 1.0ms
[2025-11-08T15:09:27.986+0000][gc,heap       ] GC(1113) Eden regions: 31->0(31)
[2025-11-08T15:09:27.986+0000][gc,heap       ] GC(1113) Survivor regions: 2->2(5)
[2025-11-08T15:09:27.986+0000][gc,heap       ] GC(1113) Old regions: 92->92
[2025-11-08T15:09:27.987+0000][gc,heap       ] GC(1113) Humongous regions: 147->147
[2025-11-08T15:09:27.987+0000][gc,metaspace  ] GC(1113) Metaspace: 52293K(55472K)->52293K(55472K) NonClass: 46506K(48304K)->46506K(48304K) Class: 5787K(7168K)->5787K(7168K)
[2025-11-08T15:09:27.988+0000][gc            ] GC(1113) Pause Young (Normal) (G1 Evacuation Pause) 271M->240M(667M) 16.888ms
[2025-11-08T15:09:27.988+0000][gc,cpu        ] GC(1113) User=0.02s Sys=0.00s Real=0.02s
[2025-11-08T15:09:30.237+0000][gc,start      ] GC(1114) Pause Young (Normal) (G1 Evacuation Pause)
[2025-11-08T15:09:30.237+0000][gc,task       ] GC(1114) Using 2 workers of 2 for evacuation
[2025-11-08T15:09:30.257+0000][gc,phases     ] GC(1114)   Pre Evacuate Collection Set: 0.0ms
[2025-11-08T15:09:30.258+0000][gc,phases     ] GC(1114)   Evacuate Collection Set: 17.0ms
[2025-11-08T15:09:30.258+0000][gc,phases     ] GC(1114)   Post Evacuate Collection Set: 1.7ms
[2025-11-08T15:09:30.259+0000][gc,phases     ] GC(1114)   Other: 1.8ms
[2025-11-08T15:09:30.259+0000][gc,heap       ] GC(1114) Eden regions: 31->0(30)
[2025-11-08T15:09:30.260+0000][gc,heap       ] GC(1114) Survivor regions: 2->3(5)
[2025-11-08T15:09:30.260+0000][gc,heap       ] GC(1114) Old regions: 92->92
[2025-11-08T15:09:30.261+0000][gc,heap       ] GC(1114) Humongous regions: 147->147
[2025-11-08T15:09:30.261+0000][gc,metaspace  ] GC(1114) Metaspace: 52293K(55472K)->52293K(55472K) NonClass: 46506K(48304K)->46506K(48304K) Class: 5787K(7168K)->5787K(7168K)
[2025-11-08T15:09:30.262+0000][gc            ] GC(1114) Pause Young (Normal) (G1 Evacuation Pause) 271M->241M(667M) 25.273ms
[2025-11-08T15:09:30.263+0000][gc,cpu        ] GC(1114) User=0.04s Sys=0.00s Real=0.02s
[2025-11-08T15:09:32.494+0000][gc,start      ] GC(1115) Pause Young (Normal) (G1 Evacuation Pause)
[2025-11-08T15:09:32.494+0000][gc,task       ] GC(1115) Using 2 workers of 2 for evacuation
[2025-11-08T15:09:32.514+0000][gc,phases     ] GC(1115)   Pre Evacuate Collection Set: 0.0ms
[2025-11-08T15:09:32.515+0000][gc,phases     ] GC(1115)   Evacuate Collection Set: 16.6ms
[2025-11-08T15:09:32.515+0000][gc,phases     ] GC(1115)   Post Evacuate Collection Set: 2.7ms
[2025-11-08T15:09:32.515+0000][gc,phases     ] GC(1115)   Other: 1.4ms
[2025-11-08T15:09:32.517+0000][gc,heap       ] GC(1115) Eden regions: 30->0(30)
[2025-11-08T15:09:32.517+0000][gc,heap       ] GC(1115) Survivor regions: 3->3(5)
[2025-11-08T15:09:32.517+0000][gc,heap       ] GC(1115) Old regions: 92->93
[2025-11-08T15:09:32.518+0000][gc,heap       ] GC(1115) Humongous regions: 147->147
[2025-11-08T15:09:32.518+0000][gc,metaspace  ] GC(1115) Metaspace: 52293K(55472K)->52293K(55472K) NonClass: 46506K(48304K)->46506K(48304K) Class: 5787K(7168K)->5787K(7168K)
[2025-11-08T15:09:32.521+0000][gc            ] GC(1115) Pause Young (Normal) (G1 Evacuation Pause) 271M->241M(667M) 27.521ms
[2025-11-08T15:09:32.522+0000][gc,cpu        ] GC(1115) User=0.04s Sys=0.00s Real=0.03s
[2025-11-08T15:09:34.676+0000][gc,start      ] GC(1116) Pause Young (Normal) (G1 Evacuation Pause)
[2025-11-08T15:09:34.677+0000][gc,task       ] GC(1116) Using 2 workers of 2 for evacuation
[2025-11-08T15:09:34.690+0000][gc,phases     ] GC(1116)   Pre Evacuate Collection Set: 0.0ms
[2025-11-08T15:09:34.690+0000][gc,phases     ] GC(1116)   Evacuate Collection Set: 11.4ms
[2025-11-08T15:09:34.691+0000][gc,phases     ] GC(1116)   Post Evacuate Collection Set: 1.1ms
[2025-11-08T15:09:34.691+0000][gc,phases     ] GC(1116)   Other: 0.8ms
[2025-11-08T15:09:34.691+0000][gc,heap       ] GC(1116) Eden regions: 30->0(31)
[2025-11-08T15:09:34.692+0000][gc,heap       ] GC(1116) Survivor regions: 3->2(5)
[2025-11-08T15:09:34.692+0000][gc,heap       ] GC(1116) Old regions: 93->93
[2025-11-08T15:09:34.692+0000][gc,heap       ] GC(1116) Humongous regions: 147->147
[2025-11-08T15:09:34.693+0000][gc,metaspace  ] GC(1116) Metaspace: 52293K(55472K)->52293K(55472K) NonClass: 46506K(48304K)->46506K(48304K) Class: 5787K(7168K)->5787K(7168K)
[2025-11-08T15:09:34.693+0000][gc            ] GC(1116) Pause Young (Normal) (G1 Evacuation Pause) 271M->241M(667M) 16.911ms
[2025-11-08T15:09:34.694+0000][gc,cpu        ] GC(1116) User=0.03s Sys=0.00s Real=0.01s
[2025-11-08T15:09:37.108+0000][gc,start      ] GC(1117) Pause Young (Normal) (G1 Evacuation Pause)
[2025-11-08T15:09:37.108+0000][gc,task       ] GC(1117) Using 2 workers of 2 for evacuation
[2025-11-08T15:09:37.124+0000][gc,phases     ] GC(1117)   Pre Evacuate Collection Set: 0.0ms
[2025-11-08T15:09:37.125+0000][gc,phases     ] GC(1117)   Evacuate Collection Set: 13.5ms
[2025-11-08T15:09:37.125+0000][gc,phases     ] GC(1117)   Post Evacuate Collection Set: 1.7ms
[2025-11-08T15:09:37.125+0000][gc,phases     ] GC(1117)   Other: 1.5ms
[2025-11-08T15:09:37.126+0000][gc,heap       ] GC(1117) Eden regions: 31->0(32)
[2025-11-08T15:09:37.126+0000][gc,heap       ] GC(1117) Survivor regions: 2->2(5)
[2025-11-08T15:09:37.126+0000][gc,heap       ] GC(1117) Old regions: 93->93
[2025-11-08T15:09:37.127+0000][gc,heap       ] GC(1117) Humongous regions: 147->147
[2025-11-08T15:09:37.127+0000][gc,metaspace  ] GC(1117) Metaspace: 52293K(55472K)->52293K(55472K) NonClass: 46506K(48304K)->46506K(48304K) Class: 5787K(7168K)->5787K(7168K)
[2025-11-08T15:09:37.128+0000][gc            ] GC(1117) Pause Young (Normal) (G1 Evacuation Pause) 272M->240M(667M) 19.768ms
[2025-11-08T15:09:37.128+0000][gc,cpu        ] GC(1117) User=0.03s Sys=0.00s Real=0.02s
[2025-11-08T15:09:39.780+0000][gc,start      ] GC(1118) Pause Young (Normal) (G1 Evacuation Pause)
[2025-11-08T15:09:39.780+0000][gc,task       ] GC(1118) Using 2 workers of 2 for evacuation
[2025-11-08T15:09:39.800+0000][gc,phases     ] GC(1118)   Pre Evacuate Collection Set: 0.0ms
[2025-11-08T15:09:39.801+0000][gc,phases     ] GC(1118)   Evacuate Collection Set: 17.6ms
[2025-11-08T15:09:39.802+0000][gc,phases     ] GC(1118)   Post Evacuate Collection Set: 1.2ms
[2025-11-08T15:09:39.804+0000][gc,phases     ] GC(1118)   Other: 1.4ms
[2025-11-08T15:09:39.804+0000][gc,heap       ] GC(1118) Eden regions: 31->0(32)
[2025-11-08T15:09:39.805+0000][gc,heap       ] GC(1118) Survivor regions: 2->2(5)
[2025-11-08T15:09:39.805+0000][gc,heap       ] GC(1118) Old regions: 93->93
[2025-11-08T15:09:39.806+0000][gc,heap       ] GC(1118) Humongous regions: 147->147
[2025-11-08T15:09:39.806+0000][gc,metaspace  ] GC(1118) Metaspace: 52293K(55472K)->52293K(55472K) NonClass: 46506K(48304K)->46506K(48304K) Class: 5787K(7168K)->5787K(7168K)
[2025-11-08T15:09:39.806+0000][gc            ] GC(1118) Pause Young (Normal) (G1 Evacuation Pause) 271M->240M(667M) 26.380ms
[2025-11-08T15:09:39.807+0000][gc,cpu        ] GC(1118) User=0.04s Sys=0.00s Real=0.03s
[2025-11-08T15:09:42.218+0000][gc,start      ] GC(1119) Pause Young (Normal) (G1 Evacuation Pause)
[2025-11-08T15:09:42.219+0000][gc,task       ] GC(1119) Using 2 workers of 2 for evacuation
[2025-11-08T15:09:42.246+0000][gc,mmu        ] GC(1119) MMU target violated: 21.0ms (20.0ms/21.0ms)
[2025-11-08T15:09:42.247+0000][gc,phases     ] GC(1119)   Pre Evacuate Collection Set: 0.0ms
[2025-11-08T15:09:42.247+0000][gc,phases     ] GC(1119)   Evacuate Collection Set: 22.1ms
[2025-11-08T15:09:42.247+0000][gc,phases     ] GC(1119)   Post Evacuate Collection Set: 4.6ms
[2025-11-08T15:09:42.248+0000][gc,phases     ] GC(1119)   Other: 1.8ms
[2025-11-08T15:09:42.248+0000][gc,heap       ] GC(1119) Eden regions: 32->0(30)
[2025-11-08T15:09:42.249+0000][gc,heap       ] GC(1119) Survivor regions: 2->3(5)
[2025-11-08T15:09:42.249+0000][gc,heap       ] GC(1119) Old regions: 93->93
[2025-11-08T15:09:42.249+0000][gc,heap       ] GC(1119) Humongous regions: 147->147
[2025-11-08T15:09:42.250+0000][gc,metaspace  ] GC(1119) Metaspace: 52293K(55472K)->52293K(55472K) NonClass: 46506K(48304K)->46506K(48304K) Class: 5787K(7168K)->5787K(7168K)
[2025-11-08T15:09:42.250+0000][gc            ] GC(1119) Pause Young (Normal) (G1 Evacuation Pause) 272M->242M(667M) 32.167ms
[2025-11-08T15:09:42.251+0000][gc,cpu        ] GC(1119) User=0.05s Sys=0.00s Real=0.03s
[2025-11-08T15:09:44.657+0000][gc,start      ] GC(1120) Pause Young (Normal) (G1 Evacuation Pause)
[2025-11-08T15:09:44.657+0000][gc,task       ] GC(1120) Using 2 workers of 2 for evacuation
[2025-11-08T15:09:44.679+0000][gc,mmu        ] GC(1120) MMU target violated: 21.0ms (20.0ms/21.0ms)
[2025-11-08T15:09:44.681+0000][gc,phases     ] GC(1120)   Pre Evacuate Collection Set: 0.0ms
[2025-11-08T15:09:44.682+0000][gc,phases     ] GC(1120)   Evacuate Collection Set: 20.1ms
[2025-11-08T15:09:44.682+0000][gc,phases     ] GC(1120)   Post Evacuate Collection Set: 1.2ms
[2025-11-08T15:09:44.683+0000][gc,phases     ] GC(1120)   Other: 3.1ms
[2025-11-08T15:09:44.683+0000][gc,heap       ] GC(1120) Eden regions: 30->0(30)
[2025-11-08T15:09:44.683+0000][gc,heap       ] GC(1120) Survivor regions: 3->3(5)
[2025-11-08T15:09:44.684+0000][gc,heap       ] GC(1120) Old regions: 93->93
[2025-11-08T15:09:44.684+0000][gc,heap       ] GC(1120) Humongous regions: 147->147
[2025-11-08T15:09:44.684+0000][gc,metaspace  ] GC(1120) Metaspace: 52293K(55472K)->52293K(55472K) NonClass: 46506K(48304K)->46506K(48304K) Class: 5787K(7168K)->5787K(7168K)
[2025-11-08T15:09:44.685+0000][gc            ] GC(1120) Pause Young (Normal) (G1 Evacuation Pause) 272M->242M(667M) 28.659ms
[2025-11-08T15:09:44.686+0000][gc,cpu        ] GC(1120) User=0.04s Sys=0.00s Real=0.03s
[2025-11-08T15:09:46.929+0000][gc,start      ] GC(1121) Pause Young (Normal) (G1 Evacuation Pause)
[2025-11-08T15:09:46.930+0000][gc,task       ] GC(1121) Using 2 workers of 2 for evacuation
[2025-11-08T15:09:46.945+0000][gc,phases     ] GC(1121)   Pre Evacuate Collection Set: 0.0ms
[2025-11-08T15:09:46.945+0000][gc,phases     ] GC(1121)   Evacuate Collection Set: 12.6ms
[2025-11-08T15:09:46.945+0000][gc,phases     ] GC(1121)   Post Evacuate Collection Set: 1.0ms
[2025-11-08T15:09:46.946+0000][gc,phases     ] GC(1121)   Other: 1.8ms
[2025-11-08T15:09:46.946+0000][gc,heap       ] GC(1121) Eden regions: 30->0(31)
[2025-11-08T15:09:46.946+0000][gc,heap       ] GC(1121) Survivor regions: 3->2(5)
[2025-11-08T15:09:46.947+0000][gc,heap       ] GC(1121) Old regions: 93->93
[2025-11-08T15:09:46.947+0000][gc,heap       ] GC(1121) Humongous regions: 147->147
[2025-11-08T15:09:46.947+0000][gc,metaspace  ] GC(1121) Metaspace: 52293K(55472K)->52293K(55472K) NonClass: 46506K(48304K)->46506K(48304K) Class: 5787K(7168K)->5787K(7168K)
[2025-11-08T15:09:46.948+0000][gc            ] GC(1121) Pause Young (Normal) (G1 Evacuation Pause) 272M->241M(667M) 18.311ms
[2025-11-08T15:09:46.948+0000][gc,cpu        ] GC(1121) User=0.03s Sys=0.00s Real=0.02s
[2025-11-08T15:09:49.523+0000][gc,start      ] GC(1122) Pause Young (Normal) (G1 Evacuation Pause)
[2025-11-08T15:09:49.524+0000][gc,task       ] GC(1122) Using 2 workers of 2 for evacuation
[2025-11-08T15:09:49.540+0000][gc,phases     ] GC(1122)   Pre Evacuate Collection Set: 0.0ms
[2025-11-08T15:09:49.540+0000][gc,phases     ] GC(1122)   Evacuate Collection Set: 13.9ms
[2025-11-08T15:09:49.540+0000][gc,phases     ] GC(1122)   Post Evacuate Collection Set: 1.4ms
[2025-11-08T15:09:49.541+0000][gc,phases     ] GC(1122)   Other: 1.0ms
[2025-11-08T15:09:49.541+0000][gc,heap       ] GC(1122) Eden regions: 31->0(32)
[2025-11-08T15:09:49.542+0000][gc,heap       ] GC(1122) Survivor regions: 2->2(5)
[2025-11-08T15:09:49.542+0000][gc,heap       ] GC(1122) Old regions: 93->93
[2025-11-08T15:09:49.543+0000][gc,heap       ] GC(1122) Humongous regions: 147->147
[2025-11-08T15:09:49.543+0000][gc,metaspace  ] GC(1122) Metaspace: 52293K(55472K)->52293K(55472K) NonClass: 46506K(48304K)->46506K(48304K) Class: 5787K(7168K)->5787K(7168K)
[2025-11-08T15:09:49.543+0000][gc            ] GC(1122) Pause Young (Normal) (G1 Evacuation Pause) 272M->241M(667M) 20.044ms
[2025-11-08T15:09:49.544+0000][gc,cpu        ] GC(1122) User=0.03s Sys=0.00s Real=0.03s
[2025-11-08T15:09:51.998+0000][gc,start      ] GC(1123) Pause Young (Normal) (G1 Evacuation Pause)
[2025-11-08T15:09:51.998+0000][gc,task       ] GC(1123) Using 2 workers of 2 for evacuation
[2025-11-08T15:09:52.018+0000][gc,phases     ] GC(1123)   Pre Evacuate Collection Set: 0.1ms
[2025-11-08T15:09:52.020+0000][gc,phases     ] GC(1123)   Evacuate Collection Set: 15.8ms
[2025-11-08T15:09:52.020+0000][gc,phases     ] GC(1123)   Post Evacuate Collection Set: 1.3ms
[2025-11-08T15:09:52.021+0000][gc,phases     ] GC(1123)   Other: 2.9ms
[2025-11-08T15:09:52.021+0000][gc,heap       ] GC(1123) Eden regions: 32->0(32)
[2025-11-08T15:09:52.022+0000][gc,heap       ] GC(1123) Survivor regions: 2->2(5)
[2025-11-08T15:09:52.024+0000][gc,heap       ] GC(1123) Old regions: 93->93
[2025-11-08T15:09:52.024+0000][gc,heap       ] GC(1123) Humongous regions: 147->147
[2025-11-08T15:09:52.025+0000][gc,metaspace  ] GC(1123) Metaspace: 52293K(55472K)->52293K(55472K) NonClass: 46506K(48304K)->46506K(48304K) Class: 5787K(7168K)->5787K(7168K)
[2025-11-08T15:09:52.025+0000][gc            ] GC(1123) Pause Young (Normal) (G1 Evacuation Pause) 273M->240M(667M) 27.696ms
[2025-11-08T15:09:52.026+0000][gc,cpu        ] GC(1123) User=0.03s Sys=0.00s Real=0.03s
[2025-11-08T15:09:54.245+0000][gc,start      ] GC(1124) Pause Young (Normal) (G1 Evacuation Pause)
[2025-11-08T15:09:54.247+0000][gc,task       ] GC(1124) Using 2 workers of 2 for evacuation
[2025-11-08T15:09:54.263+0000][gc,phases     ] GC(1124)   Pre Evacuate Collection Set: 0.0ms
[2025-11-08T15:09:54.263+0000][gc,phases     ] GC(1124)   Evacuate Collection Set: 13.8ms
[2025-11-08T15:09:54.263+0000][gc,phases     ] GC(1124)   Post Evacuate Collection Set: 1.1ms
[2025-11-08T15:09:54.263+0000][gc,phases     ] GC(1124)   Other: 2.1ms
[2025-11-08T15:09:54.264+0000][gc,heap       ] GC(1124) Eden regions: 31->0(33)
[2025-11-08T15:09:54.264+0000][gc,heap       ] GC(1124) Survivor regions: 2->4(5)
[2025-11-08T15:09:54.264+0000][gc,heap       ] GC(1124) Old regions: 93->93
[2025-11-08T15:09:54.265+0000][gc,heap       ] GC(1124) Humongous regions: 147->147
[2025-11-08T15:09:54.265+0000][gc,metaspace  ] GC(1124) Metaspace: 52293K(55472K)->52293K(55472K) NonClass: 46506K(48304K)->46506K(48304K) Class: 5787K(7168K)->5787K(7168K)
[2025-11-08T15:09:54.265+0000][gc            ] GC(1124) Pause Young (Normal) (G1 Evacuation Pause) 271M->242M(667M) 19.644ms
[2025-11-08T15:09:54.265+0000][gc,cpu        ] GC(1124) User=0.03s Sys=0.00s Real=0.02s
[2025-11-08T15:09:56.358+0000][gc,start      ] GC(1125) Pause Young (Normal) (G1 Evacuation Pause)
[2025-11-08T15:09:56.359+0000][gc,task       ] GC(1125) Using 2 workers of 2 for evacuation
[2025-11-08T15:09:56.380+0000][gc,phases     ] GC(1125)   Pre Evacuate Collection Set: 0.0ms
[2025-11-08T15:09:56.381+0000][gc,phases     ] GC(1125)   Evacuate Collection Set: 18.4ms
[2025-11-08T15:09:56.382+0000][gc,phases     ] GC(1125)   Post Evacuate Collection Set: 1.0ms
[2025-11-08T15:09:56.382+0000][gc,phases     ] GC(1125)   Other: 2.7ms
[2025-11-08T15:09:56.383+0000][gc,heap       ] GC(1125) Eden regions: 29->0(34)
[2025-11-08T15:09:56.383+0000][gc,heap       ] GC(1125) Survivor regions: 4->3(5)
[2025-11-08T15:09:56.384+0000][gc,heap       ] GC(1125) Old regions: 93->94
[2025-11-08T15:09:56.384+0000][gc,heap       ] GC(1125) Humongous regions: 147->147
[2025-11-08T15:09:56.385+0000][gc,metaspace  ] GC(1125) Metaspace: 52293K(55472K)->52293K(55472K) NonClass: 46506K(48304K)->46506K(48304K) Class: 5787K(7168K)->5787K(7168K)
[2025-11-08T15:09:56.387+0000][gc            ] GC(1125) Pause Young (Normal) (G1 Evacuation Pause) 271M->242M(667M) 28.243ms
[2025-11-08T15:09:56.388+0000][gc,cpu        ] GC(1125) User=0.03s Sys=0.00s Real=0.03s
[2025-11-08T15:09:59.151+0000][gc,start      ] GC(1126) Pause Young (Normal) (G1 Evacuation Pause)
[2025-11-08T15:09:59.156+0000][gc,task       ] GC(1126) Using 2 workers of 2 for evacuation
[2025-11-08T15:09:59.188+0000][gc,mmu        ] GC(1126) MMU target violated: 21.0ms (20.0ms/21.0ms)
[2025-11-08T15:09:59.189+0000][gc,phases     ] GC(1126)   Pre Evacuate Collection Set: 0.0ms
[2025-11-08T15:09:59.190+0000][gc,phases     ] GC(1126)   Evacuate Collection Set: 26.5ms
[2025-11-08T15:09:59.194+0000][gc,phases     ] GC(1126)   Post Evacuate Collection Set: 4.6ms
[2025-11-08T15:09:59.194+0000][gc,phases     ] GC(1126)   Other: 6.9ms
[2025-11-08T15:09:59.194+0000][gc,heap       ] GC(1126) Eden regions: 34->0(30)
[2025-11-08T15:09:59.195+0000][gc,heap       ] GC(1126) Survivor regions: 3->3(5)
[2025-11-08T15:09:59.195+0000][gc,heap       ] GC(1126) Old regions: 94->94
[2025-11-08T15:09:59.196+0000][gc,heap       ] GC(1126) Humongous regions: 147->147
[2025-11-08T15:09:59.198+0000][gc,metaspace  ] GC(1126) Metaspace: 52293K(55472K)->52293K(55472K) NonClass: 46506K(48304K)->46506K(48304K) Class: 5787K(7168K)->5787K(7168K)
[2025-11-08T15:09:59.199+0000][gc            ] GC(1126) Pause Young (Normal) (G1 Evacuation Pause) 276M->242M(667M) 47.284ms
[2025-11-08T15:09:59.200+0000][gc,cpu        ] GC(1126) User=0.06s Sys=0.00s Real=0.05s
[2025-11-08T15:10:01.757+0000][gc,start      ] GC(1127) Pause Young (Normal) (G1 Evacuation Pause)
[2025-11-08T15:10:01.758+0000][gc,task       ] GC(1127) Using 2 workers of 2 for evacuation
[2025-11-08T15:10:01.792+0000][gc,mmu        ] GC(1127) MMU target violated: 21.0ms (20.0ms/21.0ms)
[2025-11-08T15:10:01.793+0000][gc,phases     ] GC(1127)   Pre Evacuate Collection Set: 0.0ms
[2025-11-08T15:10:01.796+0000][gc,phases     ] GC(1127)   Evacuate Collection Set: 31.5ms
[2025-11-08T15:10:01.798+0000][gc,phases     ] GC(1127)   Post Evacuate Collection Set: 1.6ms
[2025-11-08T15:10:01.802+0000][gc,phases     ] GC(1127)   Other: 2.8ms
[2025-11-08T15:10:01.806+0000][gc,heap       ] GC(1127) Eden regions: 30->0(31)
[2025-11-08T15:10:01.806+0000][gc,heap       ] GC(1127) Survivor regions: 3->2(5)
[2025-11-08T15:10:01.807+0000][gc,heap       ] GC(1127) Old regions: 94->94
[2025-11-08T15:10:01.811+0000][gc,heap       ] GC(1127) Humongous regions: 147->147
[2025-11-08T15:10:01.812+0000][gc,metaspace  ] GC(1127) Metaspace: 52293K(55472K)->52293K(55472K) NonClass: 46506K(48304K)->46506K(48304K) Class: 5787K(7168K)->5787K(7168K)
[2025-11-08T15:10:01.812+0000][gc            ] GC(1127) Pause Young (Normal) (G1 Evacuation Pause) 272M->241M(667M) 55.561ms
[2025-11-08T15:10:01.813+0000][gc,cpu        ] GC(1127) User=0.05s Sys=0.01s Real=0.05s
[2025-11-08T15:10:04.295+0000][gc,start      ] GC(1128) Pause Young (Normal) (G1 Evacuation Pause)
[2025-11-08T15:10:04.296+0000][gc,task       ] GC(1128) Using 2 workers of 2 for evacuation
[2025-11-08T15:10:04.312+0000][gc,phases     ] GC(1128)   Pre Evacuate Collection Set: 0.0ms
[2025-11-08T15:10:04.312+0000][gc,phases     ] GC(1128)   Evacuate Collection Set: 14.0ms
[2025-11-08T15:10:04.313+0000][gc,phases     ] GC(1128)   Post Evacuate Collection Set: 1.7ms
[2025-11-08T15:10:04.314+0000][gc,phases     ] GC(1128)   Other: 1.3ms
[2025-11-08T15:10:04.314+0000][gc,heap       ] GC(1128) Eden regions: 31->0(31)
[2025-11-08T15:10:04.315+0000][gc,heap       ] GC(1128) Survivor regions: 2->2(5)
[2025-11-08T15:10:04.315+0000][gc,heap       ] GC(1128) Old regions: 94->94
[2025-11-08T15:10:04.315+0000][gc,heap       ] GC(1128) Humongous regions: 147->147
[2025-11-08T15:10:04.316+0000][gc,metaspace  ] GC(1128) Metaspace: 52293K(55472K)->52293K(55472K) NonClass: 46506K(48304K)->46506K(48304K) Class: 5787K(7168K)->5787K(7168K)
[2025-11-08T15:10:04.316+0000][gc            ] GC(1128) Pause Young (Normal) (G1 Evacuation Pause) 272M->241M(667M) 21.173ms
[2025-11-08T15:10:04.317+0000][gc,cpu        ] GC(1128) User=0.03s Sys=0.00s Real=0.02s
[2025-11-08T15:10:06.845+0000][gc,start      ] GC(1129) Pause Young (Normal) (G1 Evacuation Pause)
[2025-11-08T15:10:06.846+0000][gc,task       ] GC(1129) Using 2 workers of 2 for evacuation
[2025-11-08T15:10:06.865+0000][gc,phases     ] GC(1129)   Pre Evacuate Collection Set: 0.0ms
[2025-11-08T15:10:06.866+0000][gc,phases     ] GC(1129)   Evacuate Collection Set: 16.6ms
[2025-11-08T15:10:06.867+0000][gc,phases     ] GC(1129)   Post Evacuate Collection Set: 1.8ms
[2025-11-08T15:10:06.867+0000][gc,phases     ] GC(1129)   Other: 2.6ms
[2025-11-08T15:10:06.867+0000][gc,heap       ] GC(1129) Eden regions: 31->0(31)
[2025-11-08T15:10:06.868+0000][gc,heap       ] GC(1129) Survivor regions: 2->2(5)
[2025-11-08T15:10:06.868+0000][gc,heap       ] GC(1129) Old regions: 94->94
[2025-11-08T15:10:06.868+0000][gc,heap       ] GC(1129) Humongous regions: 147->147
[2025-11-08T15:10:06.869+0000][gc,metaspace  ] GC(1129) Metaspace: 52293K(55472K)->52293K(55472K) NonClass: 46506K(48304K)->46506K(48304K) Class: 5787K(7168K)->5787K(7168K)
[2025-11-08T15:10:06.870+0000][gc            ] GC(1129) Pause Young (Normal) (G1 Evacuation Pause) 272M->241M(667M) 25.780ms
[2025-11-08T15:10:06.871+0000][gc,cpu        ] GC(1129) User=0.03s Sys=0.00s Real=0.02s
[2025-11-08T15:10:09.339+0000][gc,start      ] GC(1130) Pause Young (Normal) (G1 Evacuation Pause)
[2025-11-08T15:10:09.341+0000][gc,task       ] GC(1130) Using 2 workers of 2 for evacuation
[2025-11-08T15:10:09.363+0000][gc,mmu        ] GC(1130) MMU target violated: 21.0ms (20.0ms/21.0ms)
[2025-11-08T15:10:09.364+0000][gc,phases     ] GC(1130)   Pre Evacuate Collection Set: 0.0ms
[2025-11-08T15:10:09.365+0000][gc,phases     ] GC(1130)   Evacuate Collection Set: 20.0ms
[2025-11-08T15:10:09.365+0000][gc,phases     ] GC(1130)   Post Evacuate Collection Set: 1.8ms
[2025-11-08T15:10:09.368+0000][gc,phases     ] GC(1130)   Other: 3.2ms
[2025-11-08T15:10:09.370+0000][gc,heap       ] GC(1130) Eden regions: 31->0(30)
[2025-11-08T15:10:09.371+0000][gc,heap       ] GC(1130) Survivor regions: 2->3(5)
[2025-11-08T15:10:09.372+0000][gc,heap       ] GC(1130) Old regions: 94->94
[2025-11-08T15:10:09.372+0000][gc,heap       ] GC(1130) Humongous regions: 147->147
[2025-11-08T15:10:09.373+0000][gc,metaspace  ] GC(1130) Metaspace: 52293K(55472K)->52293K(55472K) NonClass: 46506K(48304K)->46506K(48304K) Class: 5787K(7168K)->5787K(7168K)
[2025-11-08T15:10:09.374+0000][gc            ] GC(1130) Pause Young (Normal) (G1 Evacuation Pause) 272M->243M(667M) 34.224ms
[2025-11-08T15:10:09.374+0000][gc,cpu        ] GC(1130) User=0.04s Sys=0.00s Real=0.04s
[2025-11-08T15:10:11.686+0000][gc,start      ] GC(1131) Pause Young (Normal) (G1 Evacuation Pause)
[2025-11-08T15:10:11.687+0000][gc,task       ] GC(1131) Using 2 workers of 2 for evacuation
[2025-11-08T15:10:11.712+0000][gc,mmu        ] GC(1131) MMU target violated: 21.0ms (20.0ms/21.0ms)
[2025-11-08T15:10:11.713+0000][gc,phases     ] GC(1131)   Pre Evacuate Collection Set: 0.1ms
[2025-11-08T15:10:11.713+0000][gc,phases     ] GC(1131)   Evacuate Collection Set: 19.9ms
[2025-11-08T15:10:11.714+0000][gc,phases     ] GC(1131)   Post Evacuate Collection Set: 1.4ms
[2025-11-08T15:10:11.715+0000][gc,phases     ] GC(1131)   Other: 5.0ms
[2025-11-08T15:10:11.715+0000][gc,heap       ] GC(1131) Eden regions: 30->0(30)
[2025-11-08T15:10:11.716+0000][gc,heap       ] GC(1131) Survivor regions: 3->3(5)
[2025-11-08T15:10:11.716+0000][gc,heap       ] GC(1131) Old regions: 94->94
[2025-11-08T15:10:11.717+0000][gc,heap       ] GC(1131) Humongous regions: 147->147
[2025-11-08T15:10:11.717+0000][gc,metaspace  ] GC(1131) Metaspace: 52293K(55472K)->52293K(55472K) NonClass: 46506K(48304K)->46506K(48304K) Class: 5787K(7168K)->5787K(7168K)
[2025-11-08T15:10:11.718+0000][gc            ] GC(1131) Pause Young (Normal) (G1 Evacuation Pause) 273M->242M(667M) 31.665ms
[2025-11-08T15:10:11.719+0000][gc,cpu        ] GC(1131) User=0.05s Sys=0.00s Real=0.03s
[2025-11-08T15:10:14.108+0000][gc,start      ] GC(1132) Pause Young (Normal) (G1 Evacuation Pause)
[2025-11-08T15:10:14.108+0000][gc,task       ] GC(1132) Using 2 workers of 2 for evacuation
[2025-11-08T15:10:14.124+0000][gc,phases     ] GC(1132)   Pre Evacuate Collection Set: 0.0ms
[2025-11-08T15:10:14.124+0000][gc,phases     ] GC(1132)   Evacuate Collection Set: 13.4ms
[2025-11-08T15:10:14.124+0000][gc,phases     ] GC(1132)   Post Evacuate Collection Set: 1.6ms
[2025-11-08T15:10:14.125+0000][gc,phases     ] GC(1132)   Other: 1.1ms
[2025-11-08T15:10:14.125+0000][gc,heap       ] GC(1132) Eden regions: 30->0(31)
[2025-11-08T15:10:14.125+0000][gc,heap       ] GC(1132) Survivor regions: 3->2(5)
[2025-11-08T15:10:14.125+0000][gc,heap       ] GC(1132) Old regions: 94->94
[2025-11-08T15:10:14.126+0000][gc,heap       ] GC(1132) Humongous regions: 147->147
[2025-11-08T15:10:14.126+0000][gc,metaspace  ] GC(1132) Metaspace: 52293K(55472K)->52293K(55472K) NonClass: 46506K(48304K)->46506K(48304K) Class: 5787K(7168K)->5787K(7168K)
[2025-11-08T15:10:14.127+0000][gc            ] GC(1132) Pause Young (Normal) (G1 Evacuation Pause) 272M->242M(667M) 19.093ms
[2025-11-08T15:10:14.127+0000][gc,cpu        ] GC(1132) User=0.03s Sys=0.00s Real=0.02s
[2025-11-08T15:10:16.456+0000][gc,start      ] GC(1133) Pause Young (Normal) (G1 Evacuation Pause)
[2025-11-08T15:10:16.457+0000][gc,task       ] GC(1133) Using 2 workers of 2 for evacuation
[2025-11-08T15:10:16.536+0000][gc,mmu        ] GC(1133) MMU target violated: 21.0ms (20.0ms/21.0ms)
[2025-11-08T15:10:16.537+0000][gc,phases     ] GC(1133)   Pre Evacuate Collection Set: 0.0ms
[2025-11-08T15:10:16.540+0000][gc,phases     ] GC(1133)   Evacuate Collection Set: 74.6ms
[2025-11-08T15:10:16.540+0000][gc,phases     ] GC(1133)   Post Evacuate Collection Set: 2.8ms
[2025-11-08T15:10:16.541+0000][gc,phases     ] GC(1133)   Other: 4.1ms
[2025-11-08T15:10:16.550+0000][gc,heap       ] GC(1133) Eden regions: 31->0(31)
[2025-11-08T15:10:16.570+0000][gc,heap       ] GC(1133) Survivor regions: 2->2(5)
[2025-11-08T15:10:16.571+0000][gc,heap       ] GC(1133) Old regions: 94->94
[2025-11-08T15:10:16.572+0000][gc,heap       ] GC(1133) Humongous regions: 147->147
[2025-11-08T15:10:16.573+0000][gc,metaspace  ] GC(1133) Metaspace: 52293K(55472K)->52293K(55472K) NonClass: 46506K(48304K)->46506K(48304K) Class: 5787K(7168K)->5787K(7168K)
[2025-11-08T15:10:16.575+0000][gc            ] GC(1133) Pause Young (Normal) (G1 Evacuation Pause) 273M->241M(667M) 118.817ms
[2025-11-08T15:10:16.575+0000][gc,cpu        ] GC(1133) User=0.10s Sys=0.05s Real=0.12s
[2025-11-08T15:10:19.172+0000][gc,start      ] GC(1134) Pause Young (Normal) (G1 Evacuation Pause)
[2025-11-08T15:10:19.173+0000][gc,task       ] GC(1134) Using 2 workers of 2 for evacuation
[2025-11-08T15:10:19.193+0000][gc,phases     ] GC(1134)   Pre Evacuate Collection Set: 0.0ms
[2025-11-08T15:10:19.194+0000][gc,phases     ] GC(1134)   Evacuate Collection Set: 17.5ms
[2025-11-08T15:10:19.194+0000][gc,phases     ] GC(1134)   Post Evacuate Collection Set: 1.7ms
[2025-11-08T15:10:19.195+0000][gc,phases     ] GC(1134)   Other: 2.0ms
[2025-11-08T15:10:19.195+0000][gc,heap       ] GC(1134) Eden regions: 31->0(31)
[2025-11-08T15:10:19.196+0000][gc,heap       ] GC(1134) Survivor regions: 2->2(5)
[2025-11-08T15:10:19.196+0000][gc,heap       ] GC(1134) Old regions: 94->94
[2025-11-08T15:10:19.197+0000][gc,heap       ] GC(1134) Humongous regions: 147->147
[2025-11-08T15:10:19.198+0000][gc,metaspace  ] GC(1134) Metaspace: 52293K(55472K)->52293K(55472K) NonClass: 46506K(48304K)->46506K(48304K) Class: 5787K(7168K)->5787K(7168K)
[2025-11-08T15:10:19.199+0000][gc            ] GC(1134) Pause Young (Normal) (G1 Evacuation Pause) 272M->241M(667M) 26.543ms
[2025-11-08T15:10:19.199+0000][gc,cpu        ] GC(1134) User=0.03s Sys=0.00s Real=0.03s
[2025-11-08T15:10:21.426+0000][gc,start      ] GC(1135) Pause Young (Normal) (G1 Evacuation Pause)
[2025-11-08T15:10:21.426+0000][gc,task       ] GC(1135) Using 2 workers of 2 for evacuation
[2025-11-08T15:10:21.445+0000][gc,phases     ] GC(1135)   Pre Evacuate Collection Set: 0.0ms
[2025-11-08T15:10:21.445+0000][gc,phases     ] GC(1135)   Evacuate Collection Set: 16.8ms
[2025-11-08T15:10:21.445+0000][gc,phases     ] GC(1135)   Post Evacuate Collection Set: 1.1ms
[2025-11-08T15:10:21.446+0000][gc,phases     ] GC(1135)   Other: 1.0ms
[2025-11-08T15:10:21.446+0000][gc,heap       ] GC(1135) Eden regions: 31->0(30)
[2025-11-08T15:10:21.446+0000][gc,heap       ] GC(1135) Survivor regions: 2->3(5)
[2025-11-08T15:10:21.447+0000][gc,heap       ] GC(1135) Old regions: 94->94
[2025-11-08T15:10:21.447+0000][gc,heap       ] GC(1135) Humongous regions: 147->147
[2025-11-08T15:10:21.447+0000][gc,metaspace  ] GC(1135) Metaspace: 52293K(55472K)->52293K(55472K) NonClass: 46506K(48304K)->46506K(48304K) Class: 5787K(7168K)->5787K(7168K)
[2025-11-08T15:10:21.448+0000][gc            ] GC(1135) Pause Young (Normal) (G1 Evacuation Pause) 272M->243M(667M) 21.634ms
[2025-11-08T15:10:21.448+0000][gc,cpu        ] GC(1135) User=0.04s Sys=0.00s Real=0.02s
[2025-11-08T15:10:23.621+0000][gc,start      ] GC(1136) Pause Young (Normal) (G1 Evacuation Pause)
[2025-11-08T15:10:23.621+0000][gc,task       ] GC(1136) Using 2 workers of 2 for evacuation
[2025-11-08T15:10:23.642+0000][gc,phases     ] GC(1136)   Pre Evacuate Collection Set: 0.3ms
[2025-11-08T15:10:23.642+0000][gc,phases     ] GC(1136)   Evacuate Collection Set: 15.5ms
[2025-11-08T15:10:23.643+0000][gc,phases     ] GC(1136)   Post Evacuate Collection Set: 2.4ms
[2025-11-08T15:10:23.643+0000][gc,phases     ] GC(1136)   Other: 2.6ms
[2025-11-08T15:10:23.647+0000][gc,heap       ] GC(1136) Eden regions: 30->0(30)
[2025-11-08T15:10:23.647+0000][gc,heap       ] GC(1136) Survivor regions: 3->3(5)
[2025-11-08T15:10:23.647+0000][gc,heap       ] GC(1136) Old regions: 94->94
[2025-11-08T15:10:23.648+0000][gc,heap       ] GC(1136) Humongous regions: 147->147
[2025-11-08T15:10:23.648+0000][gc,metaspace  ] GC(1136) Metaspace: 52293K(55472K)->52293K(55472K) NonClass: 46506K(48304K)->46506K(48304K) Class: 5787K(7168K)->5787K(7168K)
[2025-11-08T15:10:23.649+0000][gc            ] GC(1136) Pause Young (Normal) (G1 Evacuation Pause) 273M->243M(667M) 27.880ms
[2025-11-08T15:10:23.649+0000][gc,cpu        ] GC(1136) User=0.04s Sys=0.00s Real=0.03s
[2025-11-08T15:10:25.902+0000][gc,start      ] GC(1137) Pause Young (Normal) (G1 Evacuation Pause)
[2025-11-08T15:10:25.903+0000][gc,task       ] GC(1137) Using 2 workers of 2 for evacuation
[2025-11-08T15:10:25.917+0000][gc,phases     ] GC(1137)   Pre Evacuate Collection Set: 0.0ms
[2025-11-08T15:10:25.917+0000][gc,phases     ] GC(1137)   Evacuate Collection Set: 12.1ms
[2025-11-08T15:10:25.918+0000][gc,phases     ] GC(1137)   Post Evacuate Collection Set: 1.5ms
[2025-11-08T15:10:25.918+0000][gc,phases     ] GC(1137)   Other: 0.9ms
[2025-11-08T15:10:25.918+0000][gc,heap       ] GC(1137) Eden regions: 30->0(31)
[2025-11-08T15:10:25.919+0000][gc,heap       ] GC(1137) Survivor regions: 3->2(5)
[2025-11-08T15:10:25.919+0000][gc,heap       ] GC(1137) Old regions: 94->94
[2025-11-08T15:10:25.919+0000][gc,heap       ] GC(1137) Humongous regions: 147->147
[2025-11-08T15:10:25.920+0000][gc,metaspace  ] GC(1137) Metaspace: 52293K(55472K)->52293K(55472K) NonClass: 46506K(48304K)->46506K(48304K) Class: 5787K(7168K)->5787K(7168K)
[2025-11-08T15:10:25.920+0000][gc            ] GC(1137) Pause Young (Normal) (G1 Evacuation Pause) 273M->242M(667M) 17.549ms
[2025-11-08T15:10:25.920+0000][gc,cpu        ] GC(1137) User=0.03s Sys=0.00s Real=0.02s
[2025-11-08T15:10:28.280+0000][gc,start      ] GC(1138) Pause Young (Normal) (G1 Evacuation Pause)
[2025-11-08T15:10:28.280+0000][gc,task       ] GC(1138) Using 2 workers of 2 for evacuation
[2025-11-08T15:10:28.292+0000][gc,phases     ] GC(1138)   Pre Evacuate Collection Set: 0.0ms
[2025-11-08T15:10:28.292+0000][gc,phases     ] GC(1138)   Evacuate Collection Set: 10.2ms
[2025-11-08T15:10:28.293+0000][gc,phases     ] GC(1138)   Post Evacuate Collection Set: 1.1ms
[2025-11-08T15:10:28.293+0000][gc,phases     ] GC(1138)   Other: 1.0ms
[2025-11-08T15:10:28.293+0000][gc,heap       ] GC(1138) Eden regions: 31->0(31)
[2025-11-08T15:10:28.294+0000][gc,heap       ] GC(1138) Survivor regions: 2->2(5)
[2025-11-08T15:10:28.294+0000][gc,heap       ] GC(1138) Old regions: 94->94
[2025-11-08T15:10:28.294+0000][gc,heap       ] GC(1138) Humongous regions: 147->147
[2025-11-08T15:10:28.295+0000][gc,metaspace  ] GC(1138) Metaspace: 52293K(55472K)->52293K(55472K) NonClass: 46506K(48304K)->46506K(48304K) Class: 5787K(7168K)->5787K(7168K)
[2025-11-08T15:10:28.295+0000][gc            ] GC(1138) Pause Young (Normal) (G1 Evacuation Pause) 273M->242M(667M) 15.160ms
[2025-11-08T15:10:28.295+0000][gc,cpu        ] GC(1138) User=0.02s Sys=0.00s Real=0.02s
[2025-11-08T15:10:30.862+0000][gc,start      ] GC(1139) Pause Young (Normal) (G1 Evacuation Pause)
[2025-11-08T15:10:30.862+0000][gc,task       ] GC(1139) Using 2 workers of 2 for evacuation
[2025-11-08T15:10:30.875+0000][gc,phases     ] GC(1139)   Pre Evacuate Collection Set: 0.0ms
[2025-11-08T15:10:30.875+0000][gc,phases     ] GC(1139)   Evacuate Collection Set: 10.5ms
[2025-11-08T15:10:30.875+0000][gc,phases     ] GC(1139)   Post Evacuate Collection Set: 1.2ms
[2025-11-08T15:10:30.876+0000][gc,phases     ] GC(1139)   Other: 1.2ms
[2025-11-08T15:10:30.876+0000][gc,heap       ] GC(1139) Eden regions: 31->0(31)
[2025-11-08T15:10:30.877+0000][gc,heap       ] GC(1139) Survivor regions: 2->2(5)
[2025-11-08T15:10:30.877+0000][gc,heap       ] GC(1139) Old regions: 94->94
[2025-11-08T15:10:30.877+0000][gc,heap       ] GC(1139) Humongous regions: 147->147
[2025-11-08T15:10:30.877+0000][gc,metaspace  ] GC(1139) Metaspace: 52293K(55472K)->52293K(55472K) NonClass: 46506K(48304K)->46506K(48304K) Class: 5787K(7168K)->5787K(7168K)
[2025-11-08T15:10:30.878+0000][gc            ] GC(1139) Pause Young (Normal) (G1 Evacuation Pause) 273M->241M(667M) 16.104ms
[2025-11-08T15:10:30.878+0000][gc,cpu        ] GC(1139) User=0.02s Sys=0.00s Real=0.02s
[2025-11-08T15:10:33.453+0000][gc,start      ] GC(1140) Pause Young (Normal) (G1 Evacuation Pause)
[2025-11-08T15:10:33.453+0000][gc,task       ] GC(1140) Using 2 workers of 2 for evacuation
[2025-11-08T15:10:33.474+0000][gc,mmu        ] GC(1140) MMU target violated: 20.1ms (20.0ms/21.0ms)
[2025-11-08T15:10:33.474+0000][gc,phases     ] GC(1140)   Pre Evacuate Collection Set: 0.0ms
[2025-11-08T15:10:33.475+0000][gc,phases     ] GC(1140)   Evacuate Collection Set: 18.4ms
[2025-11-08T15:10:33.475+0000][gc,phases     ] GC(1140)   Post Evacuate Collection Set: 1.5ms
[2025-11-08T15:10:33.476+0000][gc,phases     ] GC(1140)   Other: 1.6ms
[2025-11-08T15:10:33.476+0000][gc,heap       ] GC(1140) Eden regions: 31->0(30)
[2025-11-08T15:10:33.477+0000][gc,heap       ] GC(1140) Survivor regions: 2->3(5)
[2025-11-08T15:10:33.477+0000][gc,heap       ] GC(1140) Old regions: 94->94
[2025-11-08T15:10:33.478+0000][gc,heap       ] GC(1140) Humongous regions: 147->147
[2025-11-08T15:10:33.478+0000][gc,metaspace  ] GC(1140) Metaspace: 52293K(55472K)->52293K(55472K) NonClass: 46506K(48304K)->46506K(48304K) Class: 5787K(7168K)->5787K(7168K)
[2025-11-08T15:10:33.479+0000][gc            ] GC(1140) Pause Young (Normal) (G1 Evacuation Pause) 272M->243M(667M) 26.151ms
[2025-11-08T15:10:33.480+0000][gc,cpu        ] GC(1140) User=0.04s Sys=0.00s Real=0.03s
[2025-11-08T15:10:35.846+0000][gc,start      ] GC(1141) Pause Young (Normal) (G1 Evacuation Pause)
[2025-11-08T15:10:35.847+0000][gc,task       ] GC(1141) Using 2 workers of 2 for evacuation
[2025-11-08T15:10:35.865+0000][gc,phases     ] GC(1141)   Pre Evacuate Collection Set: 0.0ms
[2025-11-08T15:10:35.866+0000][gc,phases     ] GC(1141)   Evacuate Collection Set: 16.5ms
[2025-11-08T15:10:35.867+0000][gc,phases     ] GC(1141)   Post Evacuate Collection Set: 1.4ms
[2025-11-08T15:10:35.883+0000][gc,phases     ] GC(1141)   Other: 1.5ms
[2025-11-08T15:10:35.887+0000][gc,heap       ] GC(1141) Eden regions: 30->0(30)
[2025-11-08T15:10:35.888+0000][gc,heap       ] GC(1141) Survivor regions: 3->3(5)
[2025-11-08T15:10:35.888+0000][gc,heap       ] GC(1141) Old regions: 94->95
[2025-11-08T15:10:35.889+0000][gc,heap       ] GC(1141) Humongous regions: 147->147
[2025-11-08T15:10:35.889+0000][gc,metaspace  ] GC(1141) Metaspace: 52293K(55472K)->52293K(55472K) NonClass: 46506K(48304K)->46506K(48304K) Class: 5787K(7168K)->5787K(7168K)
[2025-11-08T15:10:35.890+0000][gc            ] GC(1141) Pause Young (Normal) (G1 Evacuation Pause) 273M->243M(667M) 43.931ms
[2025-11-08T15:10:35.891+0000][gc,cpu        ] GC(1141) User=0.04s Sys=0.00s Real=0.04s
[2025-11-08T15:10:38.116+0000][gc,start      ] GC(1142) Pause Young (Normal) (G1 Evacuation Pause)
[2025-11-08T15:10:38.119+0000][gc,task       ] GC(1142) Using 2 workers of 2 for evacuation
[2025-11-08T15:10:38.136+0000][gc,phases     ] GC(1142)   Pre Evacuate Collection Set: 0.0ms
[2025-11-08T15:10:38.136+0000][gc,phases     ] GC(1142)   Evacuate Collection Set: 14.6ms
[2025-11-08T15:10:38.137+0000][gc,phases     ] GC(1142)   Post Evacuate Collection Set: 1.5ms
[2025-11-08T15:10:38.137+0000][gc,phases     ] GC(1142)   Other: 4.1ms
[2025-11-08T15:10:38.138+0000][gc,heap       ] GC(1142) Eden regions: 30->0(31)
[2025-11-08T15:10:38.138+0000][gc,heap       ] GC(1142) Survivor regions: 3->2(5)
[2025-11-08T15:10:38.139+0000][gc,heap       ] GC(1142) Old regions: 95->95
[2025-11-08T15:10:38.139+0000][gc,heap       ] GC(1142) Humongous regions: 147->147
[2025-11-08T15:10:38.139+0000][gc,metaspace  ] GC(1142) Metaspace: 52293K(55472K)->52293K(55472K) NonClass: 46506K(48304K)->46506K(48304K) Class: 5787K(7168K)->5787K(7168K)
[2025-11-08T15:10:38.140+0000][gc            ] GC(1142) Pause Young (Normal) (G1 Evacuation Pause) 273M->243M(667M) 24.681ms
[2025-11-08T15:10:38.141+0000][gc,cpu        ] GC(1142) User=0.03s Sys=0.00s Real=0.02s
[2025-11-08T15:10:40.400+0000][gc,start      ] GC(1143) Pause Young (Normal) (G1 Evacuation Pause)
[2025-11-08T15:10:40.402+0000][gc,task       ] GC(1143) Using 2 workers of 2 for evacuation
[2025-11-08T15:10:40.421+0000][gc,phases     ] GC(1143)   Pre Evacuate Collection Set: 0.0ms
[2025-11-08T15:10:40.421+0000][gc,phases     ] GC(1143)   Evacuate Collection Set: 13.2ms
[2025-11-08T15:10:40.422+0000][gc,phases     ] GC(1143)   Post Evacuate Collection Set: 4.5ms
[2025-11-08T15:10:40.422+0000][gc,phases     ] GC(1143)   Other: 2.9ms
[2025-11-08T15:10:40.423+0000][gc,heap       ] GC(1143) Eden regions: 31->0(31)
[2025-11-08T15:10:40.423+0000][gc,heap       ] GC(1143) Survivor regions: 2->2(5)
[2025-11-08T15:10:40.424+0000][gc,heap       ] GC(1143) Old regions: 95->95
[2025-11-08T15:10:40.425+0000][gc,heap       ] GC(1143) Humongous regions: 147->147
[2025-11-08T15:10:40.425+0000][gc,metaspace  ] GC(1143) Metaspace: 52293K(55472K)->52293K(55472K) NonClass: 46506K(48304K)->46506K(48304K) Class: 5787K(7168K)->5787K(7168K)
[2025-11-08T15:10:40.425+0000][gc            ] GC(1143) Pause Young (Normal) (G1 Evacuation Pause) 274M->242M(667M) 25.059ms
[2025-11-08T15:10:40.426+0000][gc,cpu        ] GC(1143) User=0.03s Sys=0.00s Real=0.03s
[2025-11-08T15:10:42.725+0000][gc,start      ] GC(1144) Pause Young (Normal) (G1 Evacuation Pause)
[2025-11-08T15:10:42.726+0000][gc,task       ] GC(1144) Using 2 workers of 2 for evacuation
[2025-11-08T15:10:42.743+0000][gc,phases     ] GC(1144)   Pre Evacuate Collection Set: 0.0ms
[2025-11-08T15:10:42.744+0000][gc,phases     ] GC(1144)   Evacuate Collection Set: 13.3ms
[2025-11-08T15:10:42.744+0000][gc,phases     ] GC(1144)   Post Evacuate Collection Set: 1.7ms
[2025-11-08T15:10:42.746+0000][gc,phases     ] GC(1144)   Other: 3.0ms
[2025-11-08T15:10:42.747+0000][gc,heap       ] GC(1144) Eden regions: 31->0(31)
[2025-11-08T15:10:42.747+0000][gc,heap       ] GC(1144) Survivor regions: 2->2(5)
[2025-11-08T15:10:42.748+0000][gc,heap       ] GC(1144) Old regions: 95->95
[2025-11-08T15:10:42.748+0000][gc,heap       ] GC(1144) Humongous regions: 147->147
[2025-11-08T15:10:42.749+0000][gc,metaspace  ] GC(1144) Metaspace: 52293K(55472K)->52293K(55472K) NonClass: 46506K(48304K)->46506K(48304K) Class: 5787K(7168K)->5787K(7168K)
[2025-11-08T15:10:42.749+0000][gc            ] GC(1144) Pause Young (Normal) (G1 Evacuation Pause) 273M->242M(667M) 23.937ms
[2025-11-08T15:10:42.749+0000][gc,cpu        ] GC(1144) User=0.03s Sys=0.00s Real=0.02s
[2025-11-08T15:10:45.441+0000][gc,start      ] GC(1145) Pause Young (Normal) (G1 Evacuation Pause)
[2025-11-08T15:10:45.442+0000][gc,task       ] GC(1145) Using 2 workers of 2 for evacuation
[2025-11-08T15:10:45.488+0000][gc,mmu        ] GC(1145) MMU target violated: 21.0ms (20.0ms/21.0ms)
[2025-11-08T15:10:45.494+0000][gc,phases     ] GC(1145)   Pre Evacuate Collection Set: 0.1ms
[2025-11-08T15:10:45.504+0000][gc,phases     ] GC(1145)   Evacuate Collection Set: 39.4ms
[2025-11-08T15:10:45.504+0000][gc,phases     ] GC(1145)   Post Evacuate Collection Set: 6.1ms
[2025-11-08T15:10:45.505+0000][gc,phases     ] GC(1145)   Other: 7.0ms
[2025-11-08T15:10:45.506+0000][gc,heap       ] GC(1145) Eden regions: 31->0(30)
[2025-11-08T15:10:45.506+0000][gc,heap       ] GC(1145) Survivor regions: 2->3(5)
[2025-11-08T15:10:45.507+0000][gc,heap       ] GC(1145) Old regions: 95->95
[2025-11-08T15:10:45.508+0000][gc,heap       ] GC(1145) Humongous regions: 147->147
[2025-11-08T15:10:45.508+0000][gc,metaspace  ] GC(1145) Metaspace: 52293K(55472K)->52293K(55472K) NonClass: 46506K(48304K)->46506K(48304K) Class: 5787K(7168K)->5787K(7168K)
[2025-11-08T15:10:45.509+0000][gc            ] GC(1145) Pause Young (Normal) (G1 Evacuation Pause) 273M->244M(667M) 67.295ms
[2025-11-08T15:10:45.510+0000][gc,cpu        ] GC(1145) User=0.06s Sys=0.00s Real=0.07s
[2025-11-08T15:10:48.063+0000][gc,start      ] GC(1146) Pause Young (Normal) (G1 Evacuation Pause)
[2025-11-08T15:10:48.064+0000][gc,task       ] GC(1146) Using 2 workers of 2 for evacuation
[2025-11-08T15:10:48.083+0000][gc,phases     ] GC(1146)   Pre Evacuate Collection Set: 0.0ms
[2025-11-08T15:10:48.083+0000][gc,phases     ] GC(1146)   Evacuate Collection Set: 17.2ms
[2025-11-08T15:10:48.084+0000][gc,phases     ] GC(1146)   Post Evacuate Collection Set: 1.5ms
[2025-11-08T15:10:48.084+0000][gc,phases     ] GC(1146)   Other: 1.0ms
[2025-11-08T15:10:48.084+0000][gc,heap       ] GC(1146) Eden regions: 30->0(30)
[2025-11-08T15:10:48.085+0000][gc,heap       ] GC(1146) Survivor regions: 3->3(5)
[2025-11-08T15:10:48.085+0000][gc,heap       ] GC(1146) Old regions: 95->95
[2025-11-08T15:10:48.085+0000][gc,heap       ] GC(1146) Humongous regions: 147->147
[2025-11-08T15:10:48.085+0000][gc,metaspace  ] GC(1146) Metaspace: 52293K(55472K)->52293K(55472K) NonClass: 46506K(48304K)->46506K(48304K) Class: 5787K(7168K)->5787K(7168K)
[2025-11-08T15:10:48.086+0000][gc            ] GC(1146) Pause Young (Normal) (G1 Evacuation Pause) 274M->243M(667M) 22.771ms
[2025-11-08T15:10:48.086+0000][gc,cpu        ] GC(1146) User=0.03s Sys=0.00s Real=0.03s
[2025-11-08T15:10:50.605+0000][gc,start      ] GC(1147) Pause Young (Normal) (G1 Evacuation Pause)
[2025-11-08T15:10:50.606+0000][gc,task       ] GC(1147) Using 2 workers of 2 for evacuation
[2025-11-08T15:10:50.628+0000][gc,mmu        ] GC(1147) MMU target violated: 21.0ms (20.0ms/21.0ms)
[2025-11-08T15:10:50.629+0000][gc,phases     ] GC(1147)   Pre Evacuate Collection Set: 0.0ms
[2025-11-08T15:10:50.630+0000][gc,phases     ] GC(1147)   Evacuate Collection Set: 19.4ms
[2025-11-08T15:10:50.631+0000][gc,phases     ] GC(1147)   Post Evacuate Collection Set: 1.9ms
[2025-11-08T15:10:50.632+0000][gc,phases     ] GC(1147)   Other: 2.5ms
[2025-11-08T15:10:50.633+0000][gc,heap       ] GC(1147) Eden regions: 30->0(31)
[2025-11-08T15:10:50.634+0000][gc,heap       ] GC(1147) Survivor regions: 3->2(5)
[2025-11-08T15:10:50.634+0000][gc,heap       ] GC(1147) Old regions: 95->95
[2025-11-08T15:10:50.634+0000][gc,heap       ] GC(1147) Humongous regions: 147->147
[2025-11-08T15:10:50.635+0000][gc,metaspace  ] GC(1147) Metaspace: 52293K(55472K)->52293K(55472K) NonClass: 46506K(48304K)->46506K(48304K) Class: 5787K(7168K)->5787K(7168K)
[2025-11-08T15:10:50.636+0000][gc            ] GC(1147) Pause Young (Normal) (G1 Evacuation Pause) 273M->243M(667M) 30.464ms
[2025-11-08T15:10:50.636+0000][gc,cpu        ] GC(1147) User=0.04s Sys=0.00s Real=0.03s
[2025-11-08T15:10:52.934+0000][gc,start      ] GC(1148) Pause Young (Normal) (G1 Evacuation Pause)
[2025-11-08T15:10:52.934+0000][gc,task       ] GC(1148) Using 2 workers of 2 for evacuation
[2025-11-08T15:10:52.948+0000][gc,phases     ] GC(1148)   Pre Evacuate Collection Set: 0.0ms
[2025-11-08T15:10:52.949+0000][gc,phases     ] GC(1148)   Evacuate Collection Set: 12.0ms
[2025-11-08T15:10:52.949+0000][gc,phases     ] GC(1148)   Post Evacuate Collection Set: 1.3ms
[2025-11-08T15:10:52.949+0000][gc,phases     ] GC(1148)   Other: 1.2ms
[2025-11-08T15:10:52.950+0000][gc,heap       ] GC(1148) Eden regions: 31->0(31)
[2025-11-08T15:10:52.950+0000][gc,heap       ] GC(1148) Survivor regions: 2->2(5)
[2025-11-08T15:10:52.950+0000][gc,heap       ] GC(1148) Old regions: 95->95
[2025-11-08T15:10:52.950+0000][gc,heap       ] GC(1148) Humongous regions: 147->147
[2025-11-08T15:10:52.951+0000][gc,metaspace  ] GC(1148) Metaspace: 52293K(55472K)->52293K(55472K) NonClass: 46506K(48304K)->46506K(48304K) Class: 5787K(7168K)->5787K(7168K)
[2025-11-08T15:10:52.951+0000][gc            ] GC(1148) Pause Young (Normal) (G1 Evacuation Pause) 274M->243M(667M) 17.565ms
[2025-11-08T15:10:52.952+0000][gc,cpu        ] GC(1148) User=0.03s Sys=0.00s Real=0.01s
[2025-11-08T15:10:55.135+0000][gc,start      ] GC(1149) Pause Young (Normal) (G1 Evacuation Pause)
[2025-11-08T15:10:55.135+0000][gc,task       ] GC(1149) Using 2 workers of 2 for evacuation
[2025-11-08T15:10:55.147+0000][gc,phases     ] GC(1149)   Pre Evacuate Collection Set: 0.0ms
[2025-11-08T15:10:55.147+0000][gc,phases     ] GC(1149)   Evacuate Collection Set: 9.8ms
[2025-11-08T15:10:55.147+0000][gc,phases     ] GC(1149)   Post Evacuate Collection Set: 1.0ms
[2025-11-08T15:10:55.148+0000][gc,phases     ] GC(1149)   Other: 1.1ms
[2025-11-08T15:10:55.148+0000][gc,heap       ] GC(1149) Eden regions: 31->0(31)
[2025-11-08T15:10:55.149+0000][gc,heap       ] GC(1149) Survivor regions: 2->2(5)
[2025-11-08T15:10:55.149+0000][gc,heap       ] GC(1149) Old regions: 95->95
[2025-11-08T15:10:55.149+0000][gc,heap       ] GC(1149) Humongous regions: 147->147
[2025-11-08T15:10:55.149+0000][gc,metaspace  ] GC(1149) Metaspace: 52293K(55472K)->52293K(55472K) NonClass: 46506K(48304K)->46506K(48304K) Class: 5787K(7168K)->5787K(7168K)
[2025-11-08T15:10:55.150+0000][gc            ] GC(1149) Pause Young (Normal) (G1 Evacuation Pause) 274M->242M(667M) 14.758ms
[2025-11-08T15:10:55.150+0000][gc,cpu        ] GC(1149) User=0.02s Sys=0.00s Real=0.01s
[2025-11-08T15:10:57.540+0000][gc,start      ] GC(1150) Pause Young (Normal) (G1 Evacuation Pause)
[2025-11-08T15:10:57.540+0000][gc,task       ] GC(1150) Using 2 workers of 2 for evacuation
[2025-11-08T15:10:57.554+0000][gc,phases     ] GC(1150)   Pre Evacuate Collection Set: 0.0ms
[2025-11-08T15:10:57.554+0000][gc,phases     ] GC(1150)   Evacuate Collection Set: 11.6ms
[2025-11-08T15:10:57.554+0000][gc,phases     ] GC(1150)   Post Evacuate Collection Set: 1.1ms
[2025-11-08T15:10:57.554+0000][gc,phases     ] GC(1150)   Other: 1.0ms
[2025-11-08T15:10:57.555+0000][gc,heap       ] GC(1150) Eden regions: 31->0(32)
[2025-11-08T15:10:57.555+0000][gc,heap       ] GC(1150) Survivor regions: 2->3(5)
[2025-11-08T15:10:57.555+0000][gc,heap       ] GC(1150) Old regions: 95->95
[2025-11-08T15:10:57.555+0000][gc,heap       ] GC(1150) Humongous regions: 147->147
[2025-11-08T15:10:57.556+0000][gc,metaspace  ] GC(1150) Metaspace: 52293K(55472K)->52293K(55472K) NonClass: 46506K(48304K)->46506K(48304K) Class: 5787K(7168K)->5787K(7168K)
[2025-11-08T15:10:57.556+0000][gc            ] GC(1150) Pause Young (Normal) (G1 Evacuation Pause) 273M->244M(667M) 16.029ms
[2025-11-08T15:10:57.556+0000][gc,cpu        ] GC(1150) User=0.02s Sys=0.00s Real=0.02s
[2025-11-08T15:10:59.867+0000][gc,start      ] GC(1151) Pause Young (Normal) (G1 Evacuation Pause)
[2025-11-08T15:10:59.868+0000][gc,task       ] GC(1151) Using 2 workers of 2 for evacuation
[2025-11-08T15:10:59.893+0000][gc,mmu        ] GC(1151) MMU target violated: 21.0ms (20.0ms/21.0ms)
[2025-11-08T15:10:59.893+0000][gc,phases     ] GC(1151)   Pre Evacuate Collection Set: 0.1ms
[2025-11-08T15:10:59.894+0000][gc,phases     ] GC(1151)   Evacuate Collection Set: 19.1ms
[2025-11-08T15:10:59.894+0000][gc,phases     ] GC(1151)   Post Evacuate Collection Set: 4.6ms
[2025-11-08T15:10:59.895+0000][gc,phases     ] GC(1151)   Other: 2.1ms
[2025-11-08T15:10:59.895+0000][gc,heap       ] GC(1151) Eden regions: 32->0(30)
[2025-11-08T15:10:59.898+0000][gc,heap       ] GC(1151) Survivor regions: 3->3(5)
[2025-11-08T15:10:59.898+0000][gc,heap       ] GC(1151) Old regions: 95->95
[2025-11-08T15:10:59.902+0000][gc,heap       ] GC(1151) Humongous regions: 147->147
[2025-11-08T15:10:59.902+0000][gc,metaspace  ] GC(1151) Metaspace: 52293K(55472K)->52293K(55472K) NonClass: 46506K(48304K)->46506K(48304K) Class: 5787K(7168K)->5787K(7168K)
[2025-11-08T15:10:59.905+0000][gc            ] GC(1151) Pause Young (Normal) (G1 Evacuation Pause) 276M->244M(667M) 37.559ms
[2025-11-08T15:10:59.907+0000][gc,cpu        ] GC(1151) User=0.04s Sys=0.00s Real=0.04s
[2025-11-08T15:11:02.353+0000][gc,start      ] GC(1152) Pause Young (Normal) (G1 Evacuation Pause)
[2025-11-08T15:11:02.353+0000][gc,task       ] GC(1152) Using 2 workers of 2 for evacuation
[2025-11-08T15:11:02.368+0000][gc,phases     ] GC(1152)   Pre Evacuate Collection Set: 0.0ms
[2025-11-08T15:11:02.370+0000][gc,phases     ] GC(1152)   Evacuate Collection Set: 12.8ms
[2025-11-08T15:11:02.371+0000][gc,phases     ] GC(1152)   Post Evacuate Collection Set: 1.4ms
[2025-11-08T15:11:02.373+0000][gc,phases     ] GC(1152)   Other: 1.4ms
[2025-11-08T15:11:02.374+0000][gc,heap       ] GC(1152) Eden regions: 30->0(32)
[2025-11-08T15:11:02.374+0000][gc,heap       ] GC(1152) Survivor regions: 3->3(5)
[2025-11-08T15:11:02.374+0000][gc,heap       ] GC(1152) Old regions: 95->95
[2025-11-08T15:11:02.375+0000][gc,heap       ] GC(1152) Humongous regions: 147->147
[2025-11-08T15:11:02.375+0000][gc,metaspace  ] GC(1152) Metaspace: 52293K(55472K)->52293K(55472K) NonClass: 46506K(48304K)->46506K(48304K) Class: 5787K(7168K)->5787K(7168K)
[2025-11-08T15:11:02.376+0000][gc            ] GC(1152) Pause Young (Normal) (G1 Evacuation Pause) 274M->244M(667M) 23.098ms
[2025-11-08T15:11:02.376+0000][gc,cpu        ] GC(1152) User=0.03s Sys=0.00s Real=0.03s
[2025-11-08T15:11:04.682+0000][gc,start      ] GC(1153) Pause Young (Normal) (G1 Evacuation Pause)
[2025-11-08T15:11:04.683+0000][gc,task       ] GC(1153) Using 2 workers of 2 for evacuation
[2025-11-08T15:11:04.703+0000][gc,phases     ] GC(1153)   Pre Evacuate Collection Set: 0.0ms
[2025-11-08T15:11:04.703+0000][gc,phases     ] GC(1153)   Evacuate Collection Set: 16.5ms
[2025-11-08T15:11:04.704+0000][gc,phases     ] GC(1153)   Post Evacuate Collection Set: 3.0ms
[2025-11-08T15:11:04.704+0000][gc,phases     ] GC(1153)   Other: 1.1ms
[2025-11-08T15:11:04.705+0000][gc,heap       ] GC(1153) Eden regions: 32->0(31)
[2025-11-08T15:11:04.706+0000][gc,heap       ] GC(1153) Survivor regions: 3->2(5)
[2025-11-08T15:11:04.706+0000][gc,heap       ] GC(1153) Old regions: 95->95
[2025-11-08T15:11:04.707+0000][gc,heap       ] GC(1153) Humongous regions: 147->147
[2025-11-08T15:11:04.707+0000][gc,metaspace  ] GC(1153) Metaspace: 52293K(55472K)->52293K(55472K) NonClass: 46506K(48304K)->46506K(48304K) Class: 5787K(7168K)->5787K(7168K)
[2025-11-08T15:11:04.707+0000][gc            ] GC(1153) Pause Young (Normal) (G1 Evacuation Pause) 276M->243M(667M) 25.078ms
[2025-11-08T15:11:04.708+0000][gc,cpu        ] GC(1153) User=0.03s Sys=0.00s Real=0.03s
[2025-11-08T15:11:07.152+0000][gc,start      ] GC(1154) Pause Young (Normal) (G1 Evacuation Pause)
[2025-11-08T15:11:07.153+0000][gc,task       ] GC(1154) Using 2 workers of 2 for evacuation
[2025-11-08T15:11:07.172+0000][gc,phases     ] GC(1154)   Pre Evacuate Collection Set: 0.0ms
[2025-11-08T15:11:07.172+0000][gc,phases     ] GC(1154)   Evacuate Collection Set: 17.1ms
[2025-11-08T15:11:07.175+0000][gc,phases     ] GC(1154)   Post Evacuate Collection Set: 1.3ms
[2025-11-08T15:11:07.175+0000][gc,phases     ] GC(1154)   Other: 1.2ms
[2025-11-08T15:11:07.175+0000][gc,heap       ] GC(1154) Eden regions: 31->0(31)
[2025-11-08T15:11:07.176+0000][gc,heap       ] GC(1154) Survivor regions: 2->2(5)
[2025-11-08T15:11:07.176+0000][gc,heap       ] GC(1154) Old regions: 95->95
[2025-11-08T15:11:07.177+0000][gc,heap       ] GC(1154) Humongous regions: 147->147
[2025-11-08T15:11:07.177+0000][gc,metaspace  ] GC(1154) Metaspace: 52293K(55472K)->52293K(55472K) NonClass: 46506K(48304K)->46506K(48304K) Class: 5787K(7168K)->5787K(7168K)
[2025-11-08T15:11:07.179+0000][gc            ] GC(1154) Pause Young (Normal) (G1 Evacuation Pause) 274M->243M(667M) 26.475ms
[2025-11-08T15:11:07.179+0000][gc,cpu        ] GC(1154) User=0.03s Sys=0.00s Real=0.03s
[2025-11-08T15:11:09.485+0000][gc,start      ] GC(1155) Pause Young (Normal) (G1 Evacuation Pause)
[2025-11-08T15:11:09.486+0000][gc,task       ] GC(1155) Using 2 workers of 2 for evacuation
[2025-11-08T15:11:09.505+0000][gc,phases     ] GC(1155)   Pre Evacuate Collection Set: 0.0ms
[2025-11-08T15:11:09.506+0000][gc,phases     ] GC(1155)   Evacuate Collection Set: 16.5ms
[2025-11-08T15:11:09.506+0000][gc,phases     ] GC(1155)   Post Evacuate Collection Set: 1.6ms
[2025-11-08T15:11:09.507+0000][gc,phases     ] GC(1155)   Other: 1.8ms
[2025-11-08T15:11:09.507+0000][gc,heap       ] GC(1155) Eden regions: 31->0(32)
[2025-11-08T15:11:09.508+0000][gc,heap       ] GC(1155) Survivor regions: 2->2(5)
[2025-11-08T15:11:09.508+0000][gc,heap       ] GC(1155) Old regions: 95->95
[2025-11-08T15:11:09.509+0000][gc,heap       ] GC(1155) Humongous regions: 147->147
[2025-11-08T15:11:09.510+0000][gc,metaspace  ] GC(1155) Metaspace: 52293K(55472K)->52293K(55472K) NonClass: 46506K(48304K)->46506K(48304K) Class: 5787K(7168K)->5787K(7168K)
[2025-11-08T15:11:09.511+0000][gc            ] GC(1155) Pause Young (Normal) (G1 Evacuation Pause) 274M->243M(667M) 25.581ms
[2025-11-08T15:11:09.511+0000][gc,cpu        ] GC(1155) User=0.04s Sys=0.00s Real=0.02s
[2025-11-08T15:11:12.168+0000][gc,start      ] GC(1156) Pause Young (Normal) (G1 Evacuation Pause)
[2025-11-08T15:11:12.168+0000][gc,task       ] GC(1156) Using 2 workers of 2 for evacuation
[2025-11-08T15:11:12.183+0000][gc,phases     ] GC(1156)   Pre Evacuate Collection Set: 0.0ms
[2025-11-08T15:11:12.184+0000][gc,phases     ] GC(1156)   Evacuate Collection Set: 13.1ms
[2025-11-08T15:11:12.184+0000][gc,phases     ] GC(1156)   Post Evacuate Collection Set: 0.9ms
[2025-11-08T15:11:12.185+0000][gc,phases     ] GC(1156)   Other: 1.8ms
[2025-11-08T15:11:12.188+0000][gc,heap       ] GC(1156) Eden regions: 31->0(31)
[2025-11-08T15:11:12.188+0000][gc,heap       ] GC(1156) Survivor regions: 2->3(5)
[2025-11-08T15:11:12.189+0000][gc,heap       ] GC(1156) Old regions: 95->95
[2025-11-08T15:11:12.189+0000][gc,heap       ] GC(1156) Humongous regions: 147->147
[2025-11-08T15:11:12.189+0000][gc,metaspace  ] GC(1156) Metaspace: 52293K(55472K)->52293K(55472K) NonClass: 46506K(48304K)->46506K(48304K) Class: 5787K(7168K)->5787K(7168K)
[2025-11-08T15:11:12.190+0000][gc            ] GC(1156) Pause Young (Normal) (G1 Evacuation Pause) 274M->244M(667M) 22.229ms
[2025-11-08T15:11:12.190+0000][gc,cpu        ] GC(1156) User=0.03s Sys=0.00s Real=0.02s
[2025-11-08T15:11:14.631+0000][gc,start      ] GC(1157) Pause Young (Normal) (G1 Evacuation Pause)
[2025-11-08T15:11:14.631+0000][gc,task       ] GC(1157) Using 2 workers of 2 for evacuation
[2025-11-08T15:11:14.676+0000][gc,mmu        ] GC(1157) MMU target violated: 21.0ms (20.0ms/21.0ms)
[2025-11-08T15:11:14.677+0000][gc,phases     ] GC(1157)   Pre Evacuate Collection Set: 0.0ms
[2025-11-08T15:11:14.677+0000][gc,phases     ] GC(1157)   Evacuate Collection Set: 39.2ms
[2025-11-08T15:11:14.678+0000][gc,phases     ] GC(1157)   Post Evacuate Collection Set: 2.4ms
[2025-11-08T15:11:14.678+0000][gc,phases     ] GC(1157)   Other: 4.1ms
[2025-11-08T15:11:14.678+0000][gc,heap       ] GC(1157) Eden regions: 30->0(30)
[2025-11-08T15:11:14.679+0000][gc,heap       ] GC(1157) Survivor regions: 3->3(5)
[2025-11-08T15:11:14.679+0000][gc,heap       ] GC(1157) Old regions: 95->96
[2025-11-08T15:11:14.679+0000][gc,heap       ] GC(1157) Humongous regions: 147->147
[2025-11-08T15:11:14.680+0000][gc,metaspace  ] GC(1157) Metaspace: 52293K(55472K)->52293K(55472K) NonClass: 46506K(48304K)->46506K(48304K) Class: 5787K(7168K)->5787K(7168K)
[2025-11-08T15:11:14.680+0000][gc            ] GC(1157) Pause Young (Normal) (G1 Evacuation Pause) 274M->244M(667M) 49.358ms
[2025-11-08T15:11:14.681+0000][gc,cpu        ] GC(1157) User=0.08s Sys=0.00s Real=0.05s
[2025-11-08T15:11:17.102+0000][gc,start      ] GC(1158) Pause Young (Normal) (G1 Evacuation Pause)
[2025-11-08T15:11:17.103+0000][gc,task       ] GC(1158) Using 2 workers of 2 for evacuation
[2025-11-08T15:11:17.116+0000][gc,phases     ] GC(1158)   Pre Evacuate Collection Set: 0.0ms
[2025-11-08T15:11:17.117+0000][gc,phases     ] GC(1158)   Evacuate Collection Set: 11.9ms
[2025-11-08T15:11:17.117+0000][gc,phases     ] GC(1158)   Post Evacuate Collection Set: 1.1ms
[2025-11-08T15:11:17.118+0000][gc,phases     ] GC(1158)   Other: 1.3ms
[2025-11-08T15:11:17.118+0000][gc,heap       ] GC(1158) Eden regions: 30->0(31)
[2025-11-08T15:11:17.118+0000][gc,heap       ] GC(1158) Survivor regions: 3->2(5)
[2025-11-08T15:11:17.119+0000][gc,heap       ] GC(1158) Old regions: 96->96
[2025-11-08T15:11:17.120+0000][gc,heap       ] GC(1158) Humongous regions: 147->147
[2025-11-08T15:11:17.120+0000][gc,metaspace  ] GC(1158) Metaspace: 52293K(55472K)->52293K(55472K) NonClass: 46506K(48304K)->46506K(48304K) Class: 5787K(7168K)->5787K(7168K)
[2025-11-08T15:11:17.121+0000][gc            ] GC(1158) Pause Young (Normal) (G1 Evacuation Pause) 274M->244M(667M) 18.666ms
[2025-11-08T15:11:17.122+0000][gc,cpu        ] GC(1158) User=0.02s Sys=0.00s Real=0.02s
[2025-11-08T15:11:19.960+0000][gc,start      ] GC(1159) Pause Young (Normal) (G1 Evacuation Pause)
[2025-11-08T15:11:19.962+0000][gc,task       ] GC(1159) Using 2 workers of 2 for evacuation
[2025-11-08T15:11:19.981+0000][gc,phases     ] GC(1159)   Pre Evacuate Collection Set: 0.0ms
[2025-11-08T15:11:19.981+0000][gc,phases     ] GC(1159)   Evacuate Collection Set: 16.1ms
[2025-11-08T15:11:19.982+0000][gc,phases     ] GC(1159)   Post Evacuate Collection Set: 2.0ms
[2025-11-08T15:11:19.986+0000][gc,phases     ] GC(1159)   Other: 2.2ms
[2025-11-08T15:11:19.986+0000][gc,heap       ] GC(1159) Eden regions: 31->0(31)
[2025-11-08T15:11:19.988+0000][gc,heap       ] GC(1159) Survivor regions: 2->2(5)
[2025-11-08T15:11:19.989+0000][gc,heap       ] GC(1159) Old regions: 96->96
[2025-11-08T15:11:19.989+0000][gc,heap       ] GC(1159) Humongous regions: 147->147
[2025-11-08T15:11:19.990+0000][gc,metaspace  ] GC(1159) Metaspace: 52293K(55472K)->52293K(55472K) NonClass: 46506K(48304K)->46506K(48304K) Class: 5787K(7168K)->5787K(7168K)
[2025-11-08T15:11:19.990+0000][gc            ] GC(1159) Pause Young (Normal) (G1 Evacuation Pause) 275M->244M(667M) 29.723ms
[2025-11-08T15:11:19.991+0000][gc,cpu        ] GC(1159) User=0.03s Sys=0.00s Real=0.03s
[2025-11-08T15:11:22.589+0000][gc,start      ] GC(1160) Pause Young (Normal) (G1 Evacuation Pause)
[2025-11-08T15:11:22.590+0000][gc,task       ] GC(1160) Using 2 workers of 2 for evacuation
[2025-11-08T15:11:22.622+0000][gc,mmu        ] GC(1160) MMU target violated: 21.0ms (20.0ms/21.0ms)
[2025-11-08T15:11:22.623+0000][gc,phases     ] GC(1160)   Pre Evacuate Collection Set: 0.0ms
[2025-11-08T15:11:22.623+0000][gc,phases     ] GC(1160)   Evacuate Collection Set: 17.8ms
[2025-11-08T15:11:22.624+0000][gc,phases     ] GC(1160)   Post Evacuate Collection Set: 12.9ms
[2025-11-08T15:11:22.625+0000][gc,phases     ] GC(1160)   Other: 2.6ms
[2025-11-08T15:11:22.627+0000][gc,heap       ] GC(1160) Eden regions: 31->0(31)
[2025-11-08T15:11:22.628+0000][gc,heap       ] GC(1160) Survivor regions: 2->2(5)
[2025-11-08T15:11:22.628+0000][gc,heap       ] GC(1160) Old regions: 96->96
[2025-11-08T15:11:22.629+0000][gc,heap       ] GC(1160) Humongous regions: 147->147
[2025-11-08T15:11:22.630+0000][gc,metaspace  ] GC(1160) Metaspace: 52293K(55472K)->52293K(55472K) NonClass: 46506K(48304K)->46506K(48304K) Class: 5787K(7168K)->5787K(7168K)
[2025-11-08T15:11:22.630+0000][gc            ] GC(1160) Pause Young (Normal) (G1 Evacuation Pause) 275M->243M(667M) 41.078ms
[2025-11-08T15:11:22.631+0000][gc,cpu        ] GC(1160) User=0.05s Sys=0.00s Real=0.04s
[2025-11-08T15:11:25.434+0000][gc,start      ] GC(1161) Pause Young (Normal) (G1 Evacuation Pause)
[2025-11-08T15:11:25.435+0000][gc,task       ] GC(1161) Using 2 workers of 2 for evacuation
[2025-11-08T15:11:25.473+0000][gc,mmu        ] GC(1161) MMU target violated: 21.0ms (20.0ms/21.0ms)
[2025-11-08T15:11:25.473+0000][gc,phases     ] GC(1161)   Pre Evacuate Collection Set: 0.3ms
[2025-11-08T15:11:25.474+0000][gc,phases     ] GC(1161)   Evacuate Collection Set: 28.7ms
[2025-11-08T15:11:25.476+0000][gc,phases     ] GC(1161)   Post Evacuate Collection Set: 7.2ms
[2025-11-08T15:11:25.477+0000][gc,phases     ] GC(1161)   Other: 2.9ms
[2025-11-08T15:11:25.478+0000][gc,heap       ] GC(1161) Eden regions: 31->0(30)
[2025-11-08T15:11:25.479+0000][gc,heap       ] GC(1161) Survivor regions: 2->3(5)
[2025-11-08T15:11:25.481+0000][gc,heap       ] GC(1161) Old regions: 96->96
[2025-11-08T15:11:25.482+0000][gc,heap       ] GC(1161) Humongous regions: 147->147
[2025-11-08T15:11:25.483+0000][gc,metaspace  ] GC(1161) Metaspace: 52293K(55472K)->52293K(55472K) NonClass: 46506K(48304K)->46506K(48304K) Class: 5787K(7168K)->5787K(7168K)
[2025-11-08T15:11:25.484+0000][gc            ] GC(1161) Pause Young (Normal) (G1 Evacuation Pause) 274M->245M(667M) 50.161ms
[2025-11-08T15:11:25.486+0000][gc,cpu        ] GC(1161) User=0.06s Sys=0.00s Real=0.06s
[2025-11-08T15:11:28.092+0000][gc,start      ] GC(1162) Pause Young (Normal) (G1 Evacuation Pause)
[2025-11-08T15:11:28.094+0000][gc,task       ] GC(1162) Using 2 workers of 2 for evacuation
[2025-11-08T15:11:28.120+0000][gc,mmu        ] GC(1162) MMU target violated: 21.0ms (20.0ms/21.0ms)
[2025-11-08T15:11:28.122+0000][gc,phases     ] GC(1162)   Pre Evacuate Collection Set: 0.3ms
[2025-11-08T15:11:28.122+0000][gc,phases     ] GC(1162)   Evacuate Collection Set: 23.1ms
[2025-11-08T15:11:28.123+0000][gc,phases     ] GC(1162)   Post Evacuate Collection Set: 1.8ms
[2025-11-08T15:11:28.123+0000][gc,phases     ] GC(1162)   Other: 5.0ms
[2025-11-08T15:11:28.124+0000][gc,heap       ] GC(1162) Eden regions: 30->0(30)
[2025-11-08T15:11:28.124+0000][gc,heap       ] GC(1162) Survivor regions: 3->3(5)
[2025-11-08T15:11:28.125+0000][gc,heap       ] GC(1162) Old regions: 96->96
[2025-11-08T15:11:28.125+0000][gc,heap       ] GC(1162) Humongous regions: 147->147
[2025-11-08T15:11:28.126+0000][gc,metaspace  ] GC(1162) Metaspace: 52293K(55472K)->52293K(55472K) NonClass: 46506K(48304K)->46506K(48304K) Class: 5787K(7168K)->5787K(7168K)
[2025-11-08T15:11:28.126+0000][gc            ] GC(1162) Pause Young (Normal) (G1 Evacuation Pause) 275M->244M(667M) 34.041ms
[2025-11-08T15:11:28.126+0000][gc,cpu        ] GC(1162) User=0.05s Sys=0.00s Real=0.04s
[2025-11-08T15:11:30.917+0000][gc,start      ] GC(1163) Pause Young (Normal) (G1 Evacuation Pause)
[2025-11-08T15:11:30.952+0000][gc,task       ] GC(1163) Using 2 workers of 2 for evacuation
[2025-11-08T15:11:30.987+0000][gc,mmu        ] GC(1163) MMU target violated: 21.0ms (20.0ms/21.0ms)
[2025-11-08T15:11:30.988+0000][gc,phases     ] GC(1163)   Pre Evacuate Collection Set: 0.2ms
[2025-11-08T15:11:30.990+0000][gc,phases     ] GC(1163)   Evacuate Collection Set: 27.2ms
[2025-11-08T15:11:30.991+0000][gc,phases     ] GC(1163)   Post Evacuate Collection Set: 3.2ms
[2025-11-08T15:11:30.992+0000][gc,phases     ] GC(1163)   Other: 41.3ms
[2025-11-08T15:11:30.992+0000][gc,heap       ] GC(1163) Eden regions: 30->0(31)
[2025-11-08T15:11:30.993+0000][gc,heap       ] GC(1163) Survivor regions: 3->2(5)
[2025-11-08T15:11:30.993+0000][gc,heap       ] GC(1163) Old regions: 96->96
[2025-11-08T15:11:30.994+0000][gc,heap       ] GC(1163) Humongous regions: 147->147
[2025-11-08T15:11:30.994+0000][gc,metaspace  ] GC(1163) Metaspace: 52293K(55472K)->52293K(55472K) NonClass: 46506K(48304K)->46506K(48304K) Class: 5787K(7168K)->5787K(7168K)
[2025-11-08T15:11:30.995+0000][gc            ] GC(1163) Pause Young (Normal) (G1 Evacuation Pause) 274M->244M(667M) 78.876ms
[2025-11-08T15:11:30.997+0000][gc,cpu        ] GC(1163) User=0.06s Sys=0.00s Real=0.08s
[2025-11-08T15:11:33.816+0000][gc,start      ] GC(1164) Pause Young (Normal) (G1 Evacuation Pause)
[2025-11-08T15:11:33.820+0000][gc,task       ] GC(1164) Using 2 workers of 2 for evacuation
[2025-11-08T15:11:33.843+0000][gc,mmu        ] GC(1164) MMU target violated: 21.0ms (20.0ms/21.0ms)
[2025-11-08T15:11:33.844+0000][gc,phases     ] GC(1164)   Pre Evacuate Collection Set: 0.0ms
[2025-11-08T15:11:33.844+0000][gc,phases     ] GC(1164)   Evacuate Collection Set: 20.0ms
[2025-11-08T15:11:33.845+0000][gc,phases     ] GC(1164)   Post Evacuate Collection Set: 2.4ms
[2025-11-08T15:11:33.845+0000][gc,phases     ] GC(1164)   Other: 5.5ms
[2025-11-08T15:11:33.846+0000][gc,heap       ] GC(1164) Eden regions: 31->0(31)
[2025-11-08T15:11:33.846+0000][gc,heap       ] GC(1164) Survivor regions: 2->2(5)
[2025-11-08T15:11:33.847+0000][gc,heap       ] GC(1164) Old regions: 96->96
[2025-11-08T15:11:33.847+0000][gc,heap       ] GC(1164) Humongous regions: 147->147
[2025-11-08T15:11:33.848+0000][gc,metaspace  ] GC(1164) Metaspace: 52293K(55472K)->52293K(55472K) NonClass: 46506K(48304K)->46506K(48304K) Class: 5787K(7168K)->5787K(7168K)
[2025-11-08T15:11:33.849+0000][gc            ] GC(1164) Pause Young (Normal) (G1 Evacuation Pause) 275M->244M(667M) 32.547ms
[2025-11-08T15:11:33.850+0000][gc,cpu        ] GC(1164) User=0.04s Sys=0.00s Real=0.03s
[2025-11-08T15:11:36.572+0000][gc,start      ] GC(1165) Pause Young (Normal) (G1 Evacuation Pause)
[2025-11-08T15:11:36.573+0000][gc,task       ] GC(1165) Using 2 workers of 2 for evacuation
[2025-11-08T15:11:36.591+0000][gc,phases     ] GC(1165)   Pre Evacuate Collection Set: 0.0ms
[2025-11-08T15:11:36.591+0000][gc,phases     ] GC(1165)   Evacuate Collection Set: 14.6ms
[2025-11-08T15:11:36.591+0000][gc,phases     ] GC(1165)   Post Evacuate Collection Set: 2.1ms
[2025-11-08T15:11:36.592+0000][gc,phases     ] GC(1165)   Other: 1.8ms
[2025-11-08T15:11:36.592+0000][gc,heap       ] GC(1165) Eden regions: 31->0(31)
[2025-11-08T15:11:36.593+0000][gc,heap       ] GC(1165) Survivor regions: 2->2(5)
[2025-11-08T15:11:36.594+0000][gc,heap       ] GC(1165) Old regions: 96->96
[2025-11-08T15:11:36.594+0000][gc,heap       ] GC(1165) Humongous regions: 147->147
[2025-11-08T15:11:36.595+0000][gc,metaspace  ] GC(1165) Metaspace: 52293K(55472K)->52293K(55472K) NonClass: 46506K(48304K)->46506K(48304K) Class: 5787K(7168K)->5787K(7168K)
[2025-11-08T15:11:36.595+0000][gc            ] GC(1165) Pause Young (Normal) (G1 Evacuation Pause) 275M->243M(667M) 23.275ms
[2025-11-08T15:11:36.596+0000][gc,cpu        ] GC(1165) User=0.03s Sys=0.00s Real=0.03s
[2025-11-08T15:11:40.230+0000][gc,start      ] GC(1166) Pause Young (Normal) (G1 Evacuation Pause)
[2025-11-08T15:11:40.231+0000][gc,task       ] GC(1166) Using 2 workers of 2 for evacuation
[2025-11-08T15:11:40.261+0000][gc,mmu        ] GC(1166) MMU target violated: 21.0ms (20.0ms/21.0ms)
[2025-11-08T15:11:40.262+0000][gc,phases     ] GC(1166)   Pre Evacuate Collection Set: 0.0ms
[2025-11-08T15:11:40.263+0000][gc,phases     ] GC(1166)   Evacuate Collection Set: 26.5ms
[2025-11-08T15:11:40.264+0000][gc,phases     ] GC(1166)   Post Evacuate Collection Set: 2.2ms
[2025-11-08T15:11:40.264+0000][gc,phases     ] GC(1166)   Other: 2.7ms
[2025-11-08T15:11:40.265+0000][gc,heap       ] GC(1166) Eden regions: 31->0(30)
[2025-11-08T15:11:40.266+0000][gc,heap       ] GC(1166) Survivor regions: 2->3(5)
[2025-11-08T15:11:40.266+0000][gc,heap       ] GC(1166) Old regions: 96->96
[2025-11-08T15:11:40.266+0000][gc,heap       ] GC(1166) Humongous regions: 147->147
[2025-11-08T15:11:40.268+0000][gc,metaspace  ] GC(1166) Metaspace: 52293K(55472K)->52293K(55472K) NonClass: 46506K(48304K)->46506K(48304K) Class: 5787K(7168K)->5787K(7168K)
[2025-11-08T15:11:40.268+0000][gc            ] GC(1166) Pause Young (Normal) (G1 Evacuation Pause) 274M->245M(667M) 37.821ms
[2025-11-08T15:11:40.269+0000][gc,cpu        ] GC(1166) User=0.05s Sys=0.00s Real=0.04s
[2025-11-08T15:11:42.941+0000][gc,start      ] GC(1167) Pause Young (Normal) (G1 Evacuation Pause)
[2025-11-08T15:11:42.942+0000][gc,task       ] GC(1167) Using 2 workers of 2 for evacuation
[2025-11-08T15:11:42.967+0000][gc,mmu        ] GC(1167) MMU target violated: 21.0ms (20.0ms/21.0ms)
[2025-11-08T15:11:42.968+0000][gc,phases     ] GC(1167)   Pre Evacuate Collection Set: 0.0ms
[2025-11-08T15:11:42.968+0000][gc,phases     ] GC(1167)   Evacuate Collection Set: 22.9ms
[2025-11-08T15:11:42.968+0000][gc,phases     ] GC(1167)   Post Evacuate Collection Set: 1.3ms
[2025-11-08T15:11:42.969+0000][gc,phases     ] GC(1167)   Other: 2.1ms
[2025-11-08T15:11:42.970+0000][gc,heap       ] GC(1167) Eden regions: 30->0(30)
[2025-11-08T15:11:42.970+0000][gc,heap       ] GC(1167) Survivor regions: 3->3(5)
[2025-11-08T15:11:42.971+0000][gc,heap       ] GC(1167) Old regions: 96->96
[2025-11-08T15:11:42.971+0000][gc,heap       ] GC(1167) Humongous regions: 147->147
[2025-11-08T15:11:42.972+0000][gc,metaspace  ] GC(1167) Metaspace: 52293K(55472K)->52293K(55472K) NonClass: 46506K(48304K)->46506K(48304K) Class: 5787K(7168K)->5787K(7168K)
[2025-11-08T15:11:42.972+0000][gc            ] GC(1167) Pause Young (Normal) (G1 Evacuation Pause) 275M->245M(667M) 30.950ms
[2025-11-08T15:11:42.973+0000][gc,cpu        ] GC(1167) User=0.05s Sys=0.00s Real=0.03s
[2025-11-08T15:11:45.414+0000][gc,start      ] GC(1168) Pause Young (Normal) (G1 Evacuation Pause)
[2025-11-08T15:11:45.415+0000][gc,task       ] GC(1168) Using 2 workers of 2 for evacuation
[2025-11-08T15:11:45.440+0000][gc,mmu        ] GC(1168) MMU target violated: 21.0ms (20.0ms/21.0ms)
[2025-11-08T15:11:45.441+0000][gc,phases     ] GC(1168)   Pre Evacuate Collection Set: 0.2ms
[2025-11-08T15:11:45.443+0000][gc,phases     ] GC(1168)   Evacuate Collection Set: 20.0ms
[2025-11-08T15:11:45.445+0000][gc,phases     ] GC(1168)   Post Evacuate Collection Set: 2.2ms
[2025-11-08T15:11:45.446+0000][gc,phases     ] GC(1168)   Other: 4.0ms
[2025-11-08T15:11:45.446+0000][gc,heap       ] GC(1168) Eden regions: 30->0(31)
[2025-11-08T15:11:45.447+0000][gc,heap       ] GC(1168) Survivor regions: 3->2(5)
[2025-11-08T15:11:45.447+0000][gc,heap       ] GC(1168) Old regions: 96->96
[2025-11-08T15:11:45.448+0000][gc,heap       ] GC(1168) Humongous regions: 147->147
[2025-11-08T15:11:45.448+0000][gc,metaspace  ] GC(1168) Metaspace: 52293K(55472K)->52293K(55472K) NonClass: 46506K(48304K)->46506K(48304K) Class: 5787K(7168K)->5787K(7168K)
[2025-11-08T15:11:45.449+0000][gc            ] GC(1168) Pause Young (Normal) (G1 Evacuation Pause) 275M->244M(667M) 35.081ms
[2025-11-08T15:11:45.450+0000][gc,cpu        ] GC(1168) User=0.05s Sys=0.00s Real=0.04s
[2025-11-08T15:11:48.127+0000][gc,start      ] GC(1169) Pause Young (Normal) (G1 Evacuation Pause)
[2025-11-08T15:11:48.128+0000][gc,task       ] GC(1169) Using 2 workers of 2 for evacuation
[2025-11-08T15:11:48.158+0000][gc,mmu        ] GC(1169) MMU target violated: 21.0ms (20.0ms/21.0ms)
[2025-11-08T15:11:48.159+0000][gc,phases     ] GC(1169)   Pre Evacuate Collection Set: 0.0ms
[2025-11-08T15:11:48.159+0000][gc,phases     ] GC(1169)   Evacuate Collection Set: 22.8ms
[2025-11-08T15:11:48.160+0000][gc,phases     ] GC(1169)   Post Evacuate Collection Set: 2.1ms
[2025-11-08T15:11:48.161+0000][gc,phases     ] GC(1169)   Other: 7.1ms
[2025-11-08T15:11:48.162+0000][gc,heap       ] GC(1169) Eden regions: 31->0(31)
[2025-11-08T15:11:48.163+0000][gc,heap       ] GC(1169) Survivor regions: 2->2(5)
[2025-11-08T15:11:48.164+0000][gc,heap       ] GC(1169) Old regions: 96->96
[2025-11-08T15:11:48.164+0000][gc,heap       ] GC(1169) Humongous regions: 147->147
[2025-11-08T15:11:48.165+0000][gc,metaspace  ] GC(1169) Metaspace: 52293K(55472K)->52293K(55472K) NonClass: 46506K(48304K)->46506K(48304K) Class: 5787K(7168K)->5787K(7168K)
[2025-11-08T15:11:48.165+0000][gc            ] GC(1169) Pause Young (Normal) (G1 Evacuation Pause) 275M->244M(667M) 38.510ms
[2025-11-08T15:11:48.166+0000][gc,cpu        ] GC(1169) User=0.05s Sys=0.00s Real=0.04s
[2025-11-08T15:11:50.947+0000][gc,start      ] GC(1170) Pause Young (Normal) (G1 Evacuation Pause)
[2025-11-08T15:11:50.948+0000][gc,task       ] GC(1170) Using 2 workers of 2 for evacuation
[2025-11-08T15:11:50.969+0000][gc,mmu        ] GC(1170) MMU target violated: 20.6ms (20.0ms/21.0ms)
[2025-11-08T15:11:50.970+0000][gc,phases     ] GC(1170)   Pre Evacuate Collection Set: 0.0ms
[2025-11-08T15:11:50.970+0000][gc,phases     ] GC(1170)   Evacuate Collection Set: 18.4ms
[2025-11-08T15:11:50.970+0000][gc,phases     ] GC(1170)   Post Evacuate Collection Set: 1.5ms
[2025-11-08T15:11:50.971+0000][gc,phases     ] GC(1170)   Other: 2.7ms
[2025-11-08T15:11:50.971+0000][gc,heap       ] GC(1170) Eden regions: 31->0(31)
[2025-11-08T15:11:50.972+0000][gc,heap       ] GC(1170) Survivor regions: 2->2(5)
[2025-11-08T15:11:50.972+0000][gc,heap       ] GC(1170) Old regions: 96->96
[2025-11-08T15:11:50.972+0000][gc,heap       ] GC(1170) Humongous regions: 147->147
[2025-11-08T15:11:50.973+0000][gc,metaspace  ] GC(1170) Metaspace: 52293K(55472K)->52293K(55472K) NonClass: 46506K(48304K)->46506K(48304K) Class: 5787K(7168K)->5787K(7168K)
[2025-11-08T15:11:50.977+0000][gc            ] GC(1170) Pause Young (Normal) (G1 Evacuation Pause) 275M->244M(667M) 29.732ms
[2025-11-08T15:11:50.977+0000][gc,cpu        ] GC(1170) User=0.04s Sys=0.00s Real=0.03s
[2025-11-08T15:11:54.440+0000][gc,start      ] GC(1171) Pause Young (Normal) (G1 Evacuation Pause)
[2025-11-08T15:11:54.440+0000][gc,task       ] GC(1171) Using 2 workers of 2 for evacuation
[2025-11-08T15:11:54.462+0000][gc,mmu        ] GC(1171) MMU target violated: 21.0ms (20.0ms/21.0ms)
[2025-11-08T15:11:54.463+0000][gc,phases     ] GC(1171)   Pre Evacuate Collection Set: 0.1ms
[2025-11-08T15:11:54.464+0000][gc,phases     ] GC(1171)   Evacuate Collection Set: 18.5ms
[2025-11-08T15:11:54.464+0000][gc,phases     ] GC(1171)   Post Evacuate Collection Set: 1.9ms
[2025-11-08T15:11:54.464+0000][gc,phases     ] GC(1171)   Other: 2.8ms
[2025-11-08T15:11:54.465+0000][gc,heap       ] GC(1171) Eden regions: 31->0(30)
[2025-11-08T15:11:54.466+0000][gc,heap       ] GC(1171) Survivor regions: 2->3(5)
[2025-11-08T15:11:54.466+0000][gc,heap       ] GC(1171) Old regions: 96->96
[2025-11-08T15:11:54.467+0000][gc,heap       ] GC(1171) Humongous regions: 147->147
[2025-11-08T15:11:54.467+0000][gc,metaspace  ] GC(1171) Metaspace: 52293K(55472K)->52293K(55472K) NonClass: 46506K(48304K)->46506K(48304K) Class: 5787K(7168K)->5787K(7168K)
[2025-11-08T15:11:54.468+0000][gc            ] GC(1171) Pause Young (Normal) (G1 Evacuation Pause) 275M->245M(667M) 28.291ms
[2025-11-08T15:11:54.469+0000][gc,cpu        ] GC(1171) User=0.04s Sys=0.00s Real=0.03s
[2025-11-08T15:11:56.741+0000][gc,start      ] GC(1172) Pause Young (Normal) (G1 Evacuation Pause)
[2025-11-08T15:11:56.743+0000][gc,task       ] GC(1172) Using 2 workers of 2 for evacuation
[2025-11-08T15:11:56.782+0000][gc,mmu        ] GC(1172) MMU target violated: 21.0ms (20.0ms/21.0ms)
[2025-11-08T15:11:56.783+0000][gc,phases     ] GC(1172)   Pre Evacuate Collection Set: 0.0ms
[2025-11-08T15:11:56.785+0000][gc,phases     ] GC(1172)   Evacuate Collection Set: 33.0ms
[2025-11-08T15:11:56.787+0000][gc,phases     ] GC(1172)   Post Evacuate Collection Set: 2.8ms
[2025-11-08T15:11:56.790+0000][gc,phases     ] GC(1172)   Other: 6.2ms
[2025-11-08T15:11:56.791+0000][gc,heap       ] GC(1172) Eden regions: 30->0(30)
[2025-11-08T15:11:56.794+0000][gc,heap       ] GC(1172) Survivor regions: 3->3(5)
[2025-11-08T15:11:56.798+0000][gc,heap       ] GC(1172) Old regions: 96->97
[2025-11-08T15:11:56.835+0000][gc,heap       ] GC(1172) Humongous regions: 147->147
[2025-11-08T15:11:56.842+0000][gc,metaspace  ] GC(1172) Metaspace: 52293K(55472K)->52293K(55472K) NonClass: 46506K(48304K)->46506K(48304K) Class: 5787K(7168K)->5787K(7168K)
[2025-11-08T15:11:56.845+0000][gc            ] GC(1172) Pause Young (Normal) (G1 Evacuation Pause) 275M->245M(667M) 103.533ms
[2025-11-08T15:11:56.847+0000][gc,cpu        ] GC(1172) User=0.06s Sys=0.00s Real=0.11s
[2025-11-08T15:11:59.201+0000][gc,start      ] GC(1173) Pause Young (Normal) (G1 Evacuation Pause)
[2025-11-08T15:11:59.202+0000][gc,task       ] GC(1173) Using 2 workers of 2 for evacuation
[2025-11-08T15:11:59.238+0000][gc,mmu        ] GC(1173) MMU target violated: 21.0ms (20.0ms/21.0ms)
[2025-11-08T15:11:59.240+0000][gc,phases     ] GC(1173)   Pre Evacuate Collection Set: 0.0ms
[2025-11-08T15:11:59.240+0000][gc,phases     ] GC(1173)   Evacuate Collection Set: 26.8ms
[2025-11-08T15:11:59.241+0000][gc,phases     ] GC(1173)   Post Evacuate Collection Set: 3.9ms
[2025-11-08T15:11:59.242+0000][gc,phases     ] GC(1173)   Other: 7.7ms
[2025-11-08T15:11:59.243+0000][gc,heap       ] GC(1173) Eden regions: 30->0(31)
[2025-11-08T15:11:59.245+0000][gc,heap       ] GC(1173) Survivor regions: 3->2(5)
[2025-11-08T15:11:59.247+0000][gc,heap       ] GC(1173) Old regions: 97->97
[2025-11-08T15:11:59.249+0000][gc,heap       ] GC(1173) Humongous regions: 147->147
[2025-11-08T15:11:59.252+0000][gc,metaspace  ] GC(1173) Metaspace: 52293K(55472K)->52293K(55472K) NonClass: 46506K(48304K)->46506K(48304K) Class: 5787K(7168K)->5787K(7168K)
[2025-11-08T15:11:59.253+0000][gc            ] GC(1173) Pause Young (Normal) (G1 Evacuation Pause) 275M->245M(667M) 52.069ms
[2025-11-08T15:11:59.254+0000][gc,cpu        ] GC(1173) User=0.05s Sys=0.00s Real=0.05s
[2025-11-08T15:12:01.884+0000][gc,start      ] GC(1174) Pause Young (Normal) (G1 Evacuation Pause)
[2025-11-08T15:12:01.884+0000][gc,task       ] GC(1174) Using 2 workers of 2 for evacuation
[2025-11-08T15:12:01.912+0000][gc,mmu        ] GC(1174) MMU target violated: 21.0ms (20.0ms/21.0ms)
[2025-11-08T15:12:01.913+0000][gc,phases     ] GC(1174)   Pre Evacuate Collection Set: 0.0ms
[2025-11-08T15:12:01.913+0000][gc,phases     ] GC(1174)   Evacuate Collection Set: 24.0ms
[2025-11-08T15:12:01.914+0000][gc,phases     ] GC(1174)   Post Evacuate Collection Set: 2.5ms
[2025-11-08T15:12:01.915+0000][gc,phases     ] GC(1174)   Other: 2.7ms
[2025-11-08T15:12:01.916+0000][gc,heap       ] GC(1174) Eden regions: 31->0(31)
[2025-11-08T15:12:01.916+0000][gc,heap       ] GC(1174) Survivor regions: 2->2(5)
[2025-11-08T15:12:01.916+0000][gc,heap       ] GC(1174) Old regions: 97->97
[2025-11-08T15:12:01.917+0000][gc,heap       ] GC(1174) Humongous regions: 147->147
[2025-11-08T15:12:01.917+0000][gc,metaspace  ] GC(1174) Metaspace: 52293K(55472K)->52293K(55472K) NonClass: 46506K(48304K)->46506K(48304K) Class: 5787K(7168K)->5787K(7168K)
[2025-11-08T15:12:01.918+0000][gc            ] GC(1174) Pause Young (Normal) (G1 Evacuation Pause) 276M->245M(667M) 34.209ms
[2025-11-08T15:12:01.919+0000][gc,cpu        ] GC(1174) User=0.05s Sys=0.00s Real=0.03s
[2025-11-08T15:12:04.784+0000][gc,start      ] GC(1175) Pause Young (Normal) (G1 Evacuation Pause)
[2025-11-08T15:12:04.787+0000][gc,task       ] GC(1175) Using 2 workers of 2 for evacuation
[2025-11-08T15:12:04.807+0000][gc,phases     ] GC(1175)   Pre Evacuate Collection Set: 0.0ms
[2025-11-08T15:12:04.807+0000][gc,phases     ] GC(1175)   Evacuate Collection Set: 15.9ms
[2025-11-08T15:12:04.808+0000][gc,phases     ] GC(1175)   Post Evacuate Collection Set: 3.0ms
[2025-11-08T15:12:04.809+0000][gc,phases     ] GC(1175)   Other: 3.9ms
[2025-11-08T15:12:04.809+0000][gc,heap       ] GC(1175) Eden regions: 31->0(31)
[2025-11-08T15:12:04.810+0000][gc,heap       ] GC(1175) Survivor regions: 2->2(5)
[2025-11-08T15:12:04.810+0000][gc,heap       ] GC(1175) Old regions: 97->97
[2025-11-08T15:12:04.812+0000][gc,heap       ] GC(1175) Humongous regions: 147->147
[2025-11-08T15:12:04.814+0000][gc,metaspace  ] GC(1175) Metaspace: 52293K(55472K)->52293K(55472K) NonClass: 46506K(48304K)->46506K(48304K) Class: 5787K(7168K)->5787K(7168K)
[2025-11-08T15:12:04.814+0000][gc            ] GC(1175) Pause Young (Normal) (G1 Evacuation Pause) 276M->244M(667M) 30.449ms
[2025-11-08T15:12:04.815+0000][gc,cpu        ] GC(1175) User=0.05s Sys=0.00s Real=0.03s
[2025-11-08T15:12:07.369+0000][gc,start      ] GC(1176) Pause Young (Normal) (G1 Evacuation Pause)
[2025-11-08T15:12:07.372+0000][gc,task       ] GC(1176) Using 2 workers of 2 for evacuation
[2025-11-08T15:12:07.399+0000][gc,mmu        ] GC(1176) MMU target violated: 21.0ms (20.0ms/21.0ms)
[2025-11-08T15:12:07.399+0000][gc,phases     ] GC(1176)   Pre Evacuate Collection Set: 0.0ms
[2025-11-08T15:12:07.400+0000][gc,phases     ] GC(1176)   Evacuate Collection Set: 23.6ms
[2025-11-08T15:12:07.400+0000][gc,phases     ] GC(1176)   Post Evacuate Collection Set: 2.1ms
[2025-11-08T15:12:07.401+0000][gc,phases     ] GC(1176)   Other: 4.3ms
[2025-11-08T15:12:07.401+0000][gc,heap       ] GC(1176) Eden regions: 31->0(30)
[2025-11-08T15:12:07.402+0000][gc,heap       ] GC(1176) Survivor regions: 2->3(5)
[2025-11-08T15:12:07.402+0000][gc,heap       ] GC(1176) Old regions: 97->97
[2025-11-08T15:12:07.403+0000][gc,heap       ] GC(1176) Humongous regions: 147->147
[2025-11-08T15:12:07.404+0000][gc,metaspace  ] GC(1176) Metaspace: 52293K(55472K)->52293K(55472K) NonClass: 46506K(48304K)->46506K(48304K) Class: 5787K(7168K)->5787K(7168K)
[2025-11-08T15:12:07.405+0000][gc            ] GC(1176) Pause Young (Normal) (G1 Evacuation Pause) 275M->246M(667M) 35.200ms
[2025-11-08T15:12:07.405+0000][gc,cpu        ] GC(1176) User=0.06s Sys=0.00s Real=0.03s
[2025-11-08T15:12:10.179+0000][gc,start      ] GC(1177) Pause Young (Normal) (G1 Evacuation Pause)
[2025-11-08T15:12:10.179+0000][gc,task       ] GC(1177) Using 2 workers of 2 for evacuation
[2025-11-08T15:12:10.210+0000][gc,mmu        ] GC(1177) MMU target violated: 21.0ms (20.0ms/21.0ms)
[2025-11-08T15:12:10.210+0000][gc,phases     ] GC(1177)   Pre Evacuate Collection Set: 0.0ms
[2025-11-08T15:12:10.211+0000][gc,phases     ] GC(1177)   Evacuate Collection Set: 26.0ms
[2025-11-08T15:12:10.211+0000][gc,phases     ] GC(1177)   Post Evacuate Collection Set: 1.8ms
[2025-11-08T15:12:10.212+0000][gc,phases     ] GC(1177)   Other: 3.9ms
[2025-11-08T15:12:10.213+0000][gc,heap       ] GC(1177) Eden regions: 30->0(30)
[2025-11-08T15:12:10.213+0000][gc,heap       ] GC(1177) Survivor regions: 3->3(5)
[2025-11-08T15:12:10.214+0000][gc,heap       ] GC(1177) Old regions: 97->97
[2025-11-08T15:12:10.214+0000][gc,heap       ] GC(1177) Humongous regions: 147->147
[2025-11-08T15:12:10.215+0000][gc,metaspace  ] GC(1177) Metaspace: 52293K(55472K)->52293K(55472K) NonClass: 46506K(48304K)->46506K(48304K) Class: 5787K(7168K)->5787K(7168K)
[2025-11-08T15:12:10.215+0000][gc            ] GC(1177) Pause Young (Normal) (G1 Evacuation Pause) 276M->245M(667M) 36.696ms
[2025-11-08T15:12:10.216+0000][gc,cpu        ] GC(1177) User=0.06s Sys=0.00s Real=0.04s
[2025-11-08T15:12:12.864+0000][gc,start      ] GC(1178) Pause Young (Normal) (G1 Evacuation Pause)
[2025-11-08T15:12:12.865+0000][gc,task       ] GC(1178) Using 2 workers of 2 for evacuation
[2025-11-08T15:12:12.904+0000][gc,mmu        ] GC(1178) MMU target violated: 21.0ms (20.0ms/21.0ms)
[2025-11-08T15:12:12.904+0000][gc,phases     ] GC(1178)   Pre Evacuate Collection Set: 0.0ms
[2025-11-08T15:12:12.905+0000][gc,phases     ] GC(1178)   Evacuate Collection Set: 36.6ms
[2025-11-08T15:12:12.906+0000][gc,phases     ] GC(1178)   Post Evacuate Collection Set: 2.0ms
[2025-11-08T15:12:12.906+0000][gc,phases     ] GC(1178)   Other: 1.7ms
[2025-11-08T15:12:12.907+0000][gc,heap       ] GC(1178) Eden regions: 30->0(31)
[2025-11-08T15:12:12.908+0000][gc,heap       ] GC(1178) Survivor regions: 3->2(5)
[2025-11-08T15:12:12.908+0000][gc,heap       ] GC(1178) Old regions: 97->97
[2025-11-08T15:12:12.909+0000][gc,heap       ] GC(1178) Humongous regions: 147->147
[2025-11-08T15:12:12.910+0000][gc,metaspace  ] GC(1178) Metaspace: 52293K(55472K)->52293K(55472K) NonClass: 46506K(48304K)->46506K(48304K) Class: 5787K(7168K)->5787K(7168K)
[2025-11-08T15:12:12.911+0000][gc            ] GC(1178) Pause Young (Normal) (G1 Evacuation Pause) 275M->245M(667M) 46.688ms
[2025-11-08T15:12:12.913+0000][gc,cpu        ] GC(1178) User=0.05s Sys=0.00s Real=0.05s
[2025-11-08T15:12:15.343+0000][gc,start      ] GC(1179) Pause Young (Normal) (G1 Evacuation Pause)
[2025-11-08T15:12:15.344+0000][gc,task       ] GC(1179) Using 2 workers of 2 for evacuation
[2025-11-08T15:12:15.367+0000][gc,mmu        ] GC(1179) MMU target violated: 21.0ms (20.0ms/21.0ms)
[2025-11-08T15:12:15.369+0000][gc,phases     ] GC(1179)   Pre Evacuate Collection Set: 0.2ms
[2025-11-08T15:12:15.369+0000][gc,phases     ] GC(1179)   Evacuate Collection Set: 19.3ms
[2025-11-08T15:12:15.370+0000][gc,phases     ] GC(1179)   Post Evacuate Collection Set: 2.0ms
[2025-11-08T15:12:15.370+0000][gc,phases     ] GC(1179)   Other: 4.2ms
[2025-11-08T15:12:15.371+0000][gc,heap       ] GC(1179) Eden regions: 31->0(31)
[2025-11-08T15:12:15.371+0000][gc,heap       ] GC(1179) Survivor regions: 2->2(5)
[2025-11-08T15:12:15.372+0000][gc,heap       ] GC(1179) Old regions: 97->97
[2025-11-08T15:12:15.373+0000][gc,heap       ] GC(1179) Humongous regions: 147->147
[2025-11-08T15:12:15.373+0000][gc,metaspace  ] GC(1179) Metaspace: 52293K(55472K)->52293K(55472K) NonClass: 46506K(48304K)->46506K(48304K) Class: 5787K(7168K)->5787K(7168K)
[2025-11-08T15:12:15.374+0000][gc            ] GC(1179) Pause Young (Normal) (G1 Evacuation Pause) 276M->245M(667M) 30.982ms
[2025-11-08T15:12:15.375+0000][gc,cpu        ] GC(1179) User=0.04s Sys=0.00s Real=0.03s
[2025-11-08T15:12:17.919+0000][gc,start      ] GC(1180) Pause Young (Normal) (G1 Evacuation Pause)
[2025-11-08T15:12:17.920+0000][gc,task       ] GC(1180) Using 2 workers of 2 for evacuation
[2025-11-08T15:12:17.939+0000][gc,phases     ] GC(1180)   Pre Evacuate Collection Set: 0.0ms
[2025-11-08T15:12:17.940+0000][gc,phases     ] GC(1180)   Evacuate Collection Set: 16.2ms
[2025-11-08T15:12:17.941+0000][gc,phases     ] GC(1180)   Post Evacuate Collection Set: 1.9ms
[2025-11-08T15:12:17.942+0000][gc,phases     ] GC(1180)   Other: 1.8ms
[2025-11-08T15:12:17.942+0000][gc,heap       ] GC(1180) Eden regions: 31->0(31)
[2025-11-08T15:12:17.942+0000][gc,heap       ] GC(1180) Survivor regions: 2->2(5)
[2025-11-08T15:12:17.943+0000][gc,heap       ] GC(1180) Old regions: 97->97
[2025-11-08T15:12:17.943+0000][gc,heap       ] GC(1180) Humongous regions: 147->147
[2025-11-08T15:12:17.944+0000][gc,metaspace  ] GC(1180) Metaspace: 52293K(55472K)->52293K(55472K) NonClass: 46506K(48304K)->46506K(48304K) Class: 5787K(7168K)->5787K(7168K)
[2025-11-08T15:12:17.944+0000][gc            ] GC(1180) Pause Young (Normal) (G1 Evacuation Pause) 276M->244M(667M) 25.174ms
[2025-11-08T15:12:17.945+0000][gc,cpu        ] GC(1180) User=0.04s Sys=0.00s Real=0.02s
[2025-11-08T15:12:20.348+0000][gc,start      ] GC(1181) Pause Young (Normal) (G1 Evacuation Pause)
[2025-11-08T15:12:20.348+0000][gc,task       ] GC(1181) Using 2 workers of 2 for evacuation
[2025-11-08T15:12:20.380+0000][gc,mmu        ] GC(1181) MMU target violated: 21.0ms (20.0ms/21.0ms)
[2025-11-08T15:12:20.381+0000][gc,phases     ] GC(1181)   Pre Evacuate Collection Set: 0.0ms
[2025-11-08T15:12:20.385+0000][gc,phases     ] GC(1181)   Evacuate Collection Set: 25.5ms
[2025-11-08T15:12:20.386+0000][gc,phases     ] GC(1181)   Post Evacuate Collection Set: 4.3ms
[2025-11-08T15:12:20.389+0000][gc,phases     ] GC(1181)   Other: 3.4ms
[2025-11-08T15:12:20.390+0000][gc,heap       ] GC(1181) Eden regions: 31->0(30)
[2025-11-08T15:12:20.392+0000][gc,heap       ] GC(1181) Survivor regions: 2->3(5)
[2025-11-08T15:12:20.393+0000][gc,heap       ] GC(1181) Old regions: 97->97
[2025-11-08T15:12:20.394+0000][gc,heap       ] GC(1181) Humongous regions: 147->147
[2025-11-08T15:12:20.395+0000][gc,metaspace  ] GC(1181) Metaspace: 52293K(55472K)->52293K(55472K) NonClass: 46506K(48304K)->46506K(48304K) Class: 5787K(7168K)->5787K(7168K)
[2025-11-08T15:12:20.396+0000][gc            ] GC(1181) Pause Young (Normal) (G1 Evacuation Pause) 275M->246M(667M) 48.625ms
[2025-11-08T15:12:20.398+0000][gc,cpu        ] GC(1181) User=0.06s Sys=0.00s Real=0.05s
[2025-11-08T15:12:22.799+0000][gc,start      ] GC(1182) Pause Young (Normal) (G1 Evacuation Pause)
[2025-11-08T15:12:22.799+0000][gc,task       ] GC(1182) Using 2 workers of 2 for evacuation
[2025-11-08T15:12:22.820+0000][gc,phases     ] GC(1182)   Pre Evacuate Collection Set: 0.0ms
[2025-11-08T15:12:22.821+0000][gc,phases     ] GC(1182)   Evacuate Collection Set: 17.4ms
[2025-11-08T15:12:22.821+0000][gc,phases     ] GC(1182)   Post Evacuate Collection Set: 2.0ms
[2025-11-08T15:12:22.822+0000][gc,phases     ] GC(1182)   Other: 1.5ms
[2025-11-08T15:12:22.822+0000][gc,heap       ] GC(1182) Eden regions: 30->0(30)
[2025-11-08T15:12:22.823+0000][gc,heap       ] GC(1182) Survivor regions: 3->3(5)
[2025-11-08T15:12:22.823+0000][gc,heap       ] GC(1182) Old regions: 97->98
[2025-11-08T15:12:22.824+0000][gc,heap       ] GC(1182) Humongous regions: 147->147
[2025-11-08T15:12:22.825+0000][gc,metaspace  ] GC(1182) Metaspace: 52293K(55472K)->52293K(55472K) NonClass: 46506K(48304K)->46506K(48304K) Class: 5787K(7168K)->5787K(7168K)
[2025-11-08T15:12:22.827+0000][gc            ] GC(1182) Pause Young (Normal) (G1 Evacuation Pause) 276M->246M(667M) 27.691ms
[2025-11-08T15:12:22.829+0000][gc,cpu        ] GC(1182) User=0.04s Sys=0.00s Real=0.03s
[2025-11-08T15:12:25.454+0000][gc,start      ] GC(1183) Pause Young (Normal) (G1 Evacuation Pause)
[2025-11-08T15:12:25.455+0000][gc,task       ] GC(1183) Using 2 workers of 2 for evacuation
[2025-11-08T15:12:25.510+0000][gc,mmu        ] GC(1183) MMU target violated: 21.0ms (20.0ms/21.0ms)
[2025-11-08T15:12:25.512+0000][gc,phases     ] GC(1183)   Pre Evacuate Collection Set: 0.0ms
[2025-11-08T15:12:25.512+0000][gc,phases     ] GC(1183)   Evacuate Collection Set: 47.2ms
[2025-11-08T15:12:25.514+0000][gc,phases     ] GC(1183)   Post Evacuate Collection Set: 6.9ms
[2025-11-08T15:12:25.515+0000][gc,phases     ] GC(1183)   Other: 3.5ms
[2025-11-08T15:12:25.516+0000][gc,heap       ] GC(1183) Eden regions: 30->0(31)
[2025-11-08T15:12:25.520+0000][gc,heap       ] GC(1183) Survivor regions: 3->2(5)
[2025-11-08T15:12:25.520+0000][gc,heap       ] GC(1183) Old regions: 98->98
[2025-11-08T15:12:25.521+0000][gc,heap       ] GC(1183) Humongous regions: 147->147
[2025-11-08T15:12:25.522+0000][gc,metaspace  ] GC(1183) Metaspace: 52293K(55472K)->52293K(55472K) NonClass: 46506K(48304K)->46506K(48304K) Class: 5787K(7168K)->5787K(7168K)
[2025-11-08T15:12:25.522+0000][gc            ] GC(1183) Pause Young (Normal) (G1 Evacuation Pause) 276M->245M(667M) 68.291ms
[2025-11-08T15:12:25.523+0000][gc,cpu        ] GC(1183) User=0.06s Sys=0.00s Real=0.07s
[2025-11-08T15:12:28.007+0000][gc,start      ] GC(1184) Pause Young (Normal) (G1 Evacuation Pause)
[2025-11-08T15:12:28.007+0000][gc,task       ] GC(1184) Using 2 workers of 2 for evacuation
[2025-11-08T15:12:28.026+0000][gc,phases     ] GC(1184)   Pre Evacuate Collection Set: 0.0ms
[2025-11-08T15:12:28.026+0000][gc,phases     ] GC(1184)   Evacuate Collection Set: 15.1ms
[2025-11-08T15:12:28.027+0000][gc,phases     ] GC(1184)   Post Evacuate Collection Set: 3.3ms
[2025-11-08T15:12:28.029+0000][gc,phases     ] GC(1184)   Other: 1.0ms
[2025-11-08T15:12:28.030+0000][gc,heap       ] GC(1184) Eden regions: 31->0(31)
[2025-11-08T15:12:28.030+0000][gc,heap       ] GC(1184) Survivor regions: 2->2(5)
[2025-11-08T15:12:28.030+0000][gc,heap       ] GC(1184) Old regions: 98->98
[2025-11-08T15:12:28.033+0000][gc,heap       ] GC(1184) Humongous regions: 147->147
[2025-11-08T15:12:28.033+0000][gc,metaspace  ] GC(1184) Metaspace: 52293K(55472K)->52293K(55472K) NonClass: 46506K(48304K)->46506K(48304K) Class: 5787K(7168K)->5787K(7168K)
[2025-11-08T15:12:28.035+0000][gc            ] GC(1184) Pause Young (Normal) (G1 Evacuation Pause) 276M->245M(667M) 28.065ms
[2025-11-08T15:12:28.035+0000][gc,cpu        ] GC(1184) User=0.03s Sys=0.00s Real=0.02s
[2025-11-08T15:12:30.271+0000][gc,start      ] GC(1185) Pause Young (Normal) (G1 Evacuation Pause)
[2025-11-08T15:12:30.272+0000][gc,task       ] GC(1185) Using 2 workers of 2 for evacuation
[2025-11-08T15:12:30.288+0000][gc,phases     ] GC(1185)   Pre Evacuate Collection Set: 0.0ms
[2025-11-08T15:12:30.288+0000][gc,phases     ] GC(1185)   Evacuate Collection Set: 13.0ms
[2025-11-08T15:12:30.289+0000][gc,phases     ] GC(1185)   Post Evacuate Collection Set: 1.7ms
[2025-11-08T15:12:30.289+0000][gc,phases     ] GC(1185)   Other: 1.9ms
[2025-11-08T15:12:30.289+0000][gc,heap       ] GC(1185) Eden regions: 31->0(31)
[2025-11-08T15:12:30.290+0000][gc,heap       ] GC(1185) Survivor regions: 2->2(5)
[2025-11-08T15:12:30.290+0000][gc,heap       ] GC(1185) Old regions: 98->98
[2025-11-08T15:12:30.290+0000][gc,heap       ] GC(1185) Humongous regions: 147->147
[2025-11-08T15:12:30.291+0000][gc,metaspace  ] GC(1185) Metaspace: 52293K(55472K)->52293K(55472K) NonClass: 46506K(48304K)->46506K(48304K) Class: 5787K(7168K)->5787K(7168K)
[2025-11-08T15:12:30.291+0000][gc            ] GC(1185) Pause Young (Normal) (G1 Evacuation Pause) 276M->245M(667M) 19.979ms
[2025-11-08T15:12:30.291+0000][gc,cpu        ] GC(1185) User=0.02s Sys=0.00s Real=0.02s
[2025-11-08T15:12:32.862+0000][gc,start      ] GC(1186) Pause Young (Normal) (G1 Evacuation Pause)
[2025-11-08T15:12:32.863+0000][gc,task       ] GC(1186) Using 2 workers of 2 for evacuation
[2025-11-08T15:12:32.910+0000][gc,mmu        ] GC(1186) MMU target violated: 21.0ms (20.0ms/21.0ms)
[2025-11-08T15:12:32.911+0000][gc,phases     ] GC(1186)   Pre Evacuate Collection Set: 0.0ms
[2025-11-08T15:12:32.911+0000][gc,phases     ] GC(1186)   Evacuate Collection Set: 44.7ms
[2025-11-08T15:12:32.912+0000][gc,phases     ] GC(1186)   Post Evacuate Collection Set: 1.8ms
[2025-11-08T15:12:32.912+0000][gc,phases     ] GC(1186)   Other: 2.0ms
[2025-11-08T15:12:32.913+0000][gc,heap       ] GC(1186) Eden regions: 31->0(30)
[2025-11-08T15:12:32.914+0000][gc,heap       ] GC(1186) Survivor regions: 2->3(5)
[2025-11-08T15:12:32.915+0000][gc,heap       ] GC(1186) Old regions: 98->98
[2025-11-08T15:12:32.916+0000][gc,heap       ] GC(1186) Humongous regions: 147->147
[2025-11-08T15:12:32.917+0000][gc,metaspace  ] GC(1186) Metaspace: 52293K(55472K)->52293K(55472K) NonClass: 46506K(48304K)->46506K(48304K) Class: 5787K(7168K)->5787K(7168K)
[2025-11-08T15:12:32.918+0000][gc            ] GC(1186) Pause Young (Normal) (G1 Evacuation Pause) 276M->247M(667M) 55.510ms
[2025-11-08T15:12:32.918+0000][gc,cpu        ] GC(1186) User=0.05s Sys=0.00s Real=0.06s
[2025-11-08T15:12:35.561+0000][gc,start      ] GC(1187) Pause Young (Normal) (G1 Evacuation Pause)
[2025-11-08T15:12:35.561+0000][gc,task       ] GC(1187) Using 2 workers of 2 for evacuation
[2025-11-08T15:12:35.580+0000][gc,phases     ] GC(1187)   Pre Evacuate Collection Set: 0.0ms
[2025-11-08T15:12:35.580+0000][gc,phases     ] GC(1187)   Evacuate Collection Set: 16.6ms
[2025-11-08T15:12:35.581+0000][gc,phases     ] GC(1187)   Post Evacuate Collection Set: 1.4ms
[2025-11-08T15:12:35.581+0000][gc,phases     ] GC(1187)   Other: 1.1ms
[2025-11-08T15:12:35.581+0000][gc,heap       ] GC(1187) Eden regions: 30->0(30)
[2025-11-08T15:12:35.582+0000][gc,heap       ] GC(1187) Survivor regions: 3->3(5)
[2025-11-08T15:12:35.583+0000][gc,heap       ] GC(1187) Old regions: 98->98
[2025-11-08T15:12:35.583+0000][gc,heap       ] GC(1187) Humongous regions: 147->147
[2025-11-08T15:12:35.583+0000][gc,metaspace  ] GC(1187) Metaspace: 52293K(55472K)->52293K(55472K) NonClass: 46506K(48304K)->46506K(48304K) Class: 5787K(7168K)->5787K(7168K)
[2025-11-08T15:12:35.584+0000][gc            ] GC(1187) Pause Young (Normal) (G1 Evacuation Pause) 277M->246M(667M) 23.390ms
[2025-11-08T15:12:35.585+0000][gc,cpu        ] GC(1187) User=0.04s Sys=0.00s Real=0.02s
[2025-11-08T15:12:37.862+0000][gc,start      ] GC(1188) Pause Young (Normal) (G1 Evacuation Pause)
[2025-11-08T15:12:37.862+0000][gc,task       ] GC(1188) Using 2 workers of 2 for evacuation
[2025-11-08T15:12:37.877+0000][gc,phases     ] GC(1188)   Pre Evacuate Collection Set: 0.0ms
[2025-11-08T15:12:37.878+0000][gc,phases     ] GC(1188)   Evacuate Collection Set: 13.3ms
[2025-11-08T15:12:37.878+0000][gc,phases     ] GC(1188)   Post Evacuate Collection Set: 1.1ms
[2025-11-08T15:12:37.878+0000][gc,phases     ] GC(1188)   Other: 1.2ms
[2025-11-08T15:12:37.879+0000][gc,heap       ] GC(1188) Eden regions: 30->0(31)
[2025-11-08T15:12:37.879+0000][gc,heap       ] GC(1188) Survivor regions: 3->2(5)
[2025-11-08T15:12:37.879+0000][gc,heap       ] GC(1188) Old regions: 98->98
[2025-11-08T15:12:37.880+0000][gc,heap       ] GC(1188) Humongous regions: 147->147
[2025-11-08T15:12:37.880+0000][gc,metaspace  ] GC(1188) Metaspace: 52293K(55472K)->52293K(55472K) NonClass: 46506K(48304K)->46506K(48304K) Class: 5787K(7168K)->5787K(7168K)
[2025-11-08T15:12:37.880+0000][gc            ] GC(1188) Pause Young (Normal) (G1 Evacuation Pause) 276M->246M(667M) 18.474ms
[2025-11-08T15:12:37.881+0000][gc,cpu        ] GC(1188) User=0.03s Sys=0.00s Real=0.02s
[2025-11-08T15:12:40.167+0000][gc,start      ] GC(1189) Pause Young (Normal) (G1 Evacuation Pause)
[2025-11-08T15:12:40.168+0000][gc,task       ] GC(1189) Using 2 workers of 2 for evacuation
[2025-11-08T15:12:40.187+0000][gc,phases     ] GC(1189)   Pre Evacuate Collection Set: 0.0ms
[2025-11-08T15:12:40.189+0000][gc,phases     ] GC(1189)   Evacuate Collection Set: 16.8ms
[2025-11-08T15:12:40.189+0000][gc,phases     ] GC(1189)   Post Evacuate Collection Set: 1.3ms
[2025-11-08T15:12:40.190+0000][gc,phases     ] GC(1189)   Other: 1.7ms
[2025-11-08T15:12:40.190+0000][gc,heap       ] GC(1189) Eden regions: 31->0(31)
[2025-11-08T15:12:40.191+0000][gc,heap       ] GC(1189) Survivor regions: 2->2(5)
[2025-11-08T15:12:40.191+0000][gc,heap       ] GC(1189) Old regions: 98->98
[2025-11-08T15:12:40.192+0000][gc,heap       ] GC(1189) Humongous regions: 147->147
[2025-11-08T15:12:40.193+0000][gc,metaspace  ] GC(1189) Metaspace: 52293K(55472K)->52293K(55472K) NonClass: 46506K(48304K)->46506K(48304K) Class: 5787K(7168K)->5787K(7168K)
[2025-11-08T15:12:40.193+0000][gc            ] GC(1189) Pause Young (Normal) (G1 Evacuation Pause) 277M->245M(667M) 25.927ms
[2025-11-08T15:12:40.194+0000][gc,cpu        ] GC(1189) User=0.04s Sys=0.00s Real=0.02s
[2025-11-08T15:12:42.546+0000][gc,start      ] GC(1190) Pause Young (Normal) (G1 Evacuation Pause)
[2025-11-08T15:12:42.547+0000][gc,task       ] GC(1190) Using 2 workers of 2 for evacuation
[2025-11-08T15:12:42.564+0000][gc,phases     ] GC(1190)   Pre Evacuate Collection Set: 0.0ms
[2025-11-08T15:12:42.564+0000][gc,phases     ] GC(1190)   Evacuate Collection Set: 14.3ms
[2025-11-08T15:12:42.565+0000][gc,phases     ] GC(1190)   Post Evacuate Collection Set: 1.4ms
[2025-11-08T15:12:42.565+0000][gc,phases     ] GC(1190)   Other: 2.3ms
[2025-11-08T15:12:42.565+0000][gc,heap       ] GC(1190) Eden regions: 31->0(31)
[2025-11-08T15:12:42.566+0000][gc,heap       ] GC(1190) Survivor regions: 2->2(5)
[2025-11-08T15:12:42.566+0000][gc,heap       ] GC(1190) Old regions: 98->98
[2025-11-08T15:12:42.567+0000][gc,heap       ] GC(1190) Humongous regions: 147->147
[2025-11-08T15:12:42.567+0000][gc,metaspace  ] GC(1190) Metaspace: 52293K(55472K)->52293K(55472K) NonClass: 46506K(48304K)->46506K(48304K) Class: 5787K(7168K)->5787K(7168K)
[2025-11-08T15:12:42.567+0000][gc            ] GC(1190) Pause Young (Normal) (G1 Evacuation Pause) 276M->245M(667M) 21.393ms
[2025-11-08T15:12:42.568+0000][gc,cpu        ] GC(1190) User=0.03s Sys=0.00s Real=0.02s
[2025-11-08T15:12:44.888+0000][gc,start      ] GC(1191) Pause Young (Normal) (G1 Evacuation Pause)
[2025-11-08T15:12:44.889+0000][gc,task       ] GC(1191) Using 2 workers of 2 for evacuation
[2025-11-08T15:12:44.906+0000][gc,phases     ] GC(1191)   Pre Evacuate Collection Set: 0.0ms
[2025-11-08T15:12:44.906+0000][gc,phases     ] GC(1191)   Evacuate Collection Set: 14.3ms
[2025-11-08T15:12:44.906+0000][gc,phases     ] GC(1191)   Post Evacuate Collection Set: 1.6ms
[2025-11-08T15:12:44.907+0000][gc,phases     ] GC(1191)   Other: 1.4ms
[2025-11-08T15:12:44.907+0000][gc,heap       ] GC(1191) Eden regions: 31->0(30)
[2025-11-08T15:12:44.908+0000][gc,heap       ] GC(1191) Survivor regions: 2->3(5)
[2025-11-08T15:12:44.908+0000][gc,heap       ] GC(1191) Old regions: 98->98
[2025-11-08T15:12:44.908+0000][gc,heap       ] GC(1191) Humongous regions: 147->147
[2025-11-08T15:12:44.909+0000][gc,metaspace  ] GC(1191) Metaspace: 52293K(55472K)->52293K(55472K) NonClass: 46506K(48304K)->46506K(48304K) Class: 5787K(7168K)->5787K(7168K)
[2025-11-08T15:12:44.909+0000][gc            ] GC(1191) Pause Young (Normal) (G1 Evacuation Pause) 276M->247M(667M) 21.003ms
[2025-11-08T15:12:44.910+0000][gc,cpu        ] GC(1191) User=0.03s Sys=0.00s Real=0.02s
[2025-11-08T15:12:47.066+0000][gc,start      ] GC(1192) Pause Young (Normal) (G1 Evacuation Pause)
[2025-11-08T15:12:47.066+0000][gc,task       ] GC(1192) Using 2 workers of 2 for evacuation
[2025-11-08T15:12:47.085+0000][gc,phases     ] GC(1192)   Pre Evacuate Collection Set: 0.0ms
[2025-11-08T15:12:47.085+0000][gc,phases     ] GC(1192)   Evacuate Collection Set: 16.0ms
[2025-11-08T15:12:47.086+0000][gc,phases     ] GC(1192)   Post Evacuate Collection Set: 1.5ms
[2025-11-08T15:12:47.086+0000][gc,phases     ] GC(1192)   Other: 1.8ms
[2025-11-08T15:12:47.086+0000][gc,heap       ] GC(1192) Eden regions: 30->0(30)
[2025-11-08T15:12:47.086+0000][gc,heap       ] GC(1192) Survivor regions: 3->3(5)
[2025-11-08T15:12:47.087+0000][gc,heap       ] GC(1192) Old regions: 98->98
[2025-11-08T15:12:47.087+0000][gc,heap       ] GC(1192) Humongous regions: 147->147
[2025-11-08T15:12:47.087+0000][gc,metaspace  ] GC(1192) Metaspace: 52293K(55472K)->52293K(55472K) NonClass: 46506K(48304K)->46506K(48304K) Class: 5787K(7168K)->5787K(7168K)
[2025-11-08T15:12:47.088+0000][gc            ] GC(1192) Pause Young (Normal) (G1 Evacuation Pause) 277M->247M(667M) 22.186ms
[2025-11-08T15:12:47.088+0000][gc,cpu        ] GC(1192) User=0.04s Sys=0.00s Real=0.02s
[2025-11-08T15:12:49.458+0000][gc,start      ] GC(1193) Pause Young (Normal) (G1 Evacuation Pause)
[2025-11-08T15:12:49.458+0000][gc,task       ] GC(1193) Using 2 workers of 2 for evacuation
[2025-11-08T15:12:49.495+0000][gc,mmu        ] GC(1193) MMU target violated: 21.0ms (20.0ms/21.0ms)
[2025-11-08T15:12:49.496+0000][gc,phases     ] GC(1193)   Pre Evacuate Collection Set: 0.0ms
[2025-11-08T15:12:49.507+0000][gc,phases     ] GC(1193)   Evacuate Collection Set: 22.3ms
[2025-11-08T15:12:49.511+0000][gc,phases     ] GC(1193)   Post Evacuate Collection Set: 12.0ms
[2025-11-08T15:12:49.512+0000][gc,phases     ] GC(1193)   Other: 3.4ms
[2025-11-08T15:12:49.513+0000][gc,heap       ] GC(1193) Eden regions: 30->0(31)
[2025-11-08T15:12:49.514+0000][gc,heap       ] GC(1193) Survivor regions: 3->2(5)
[2025-11-08T15:12:49.514+0000][gc,heap       ] GC(1193) Old regions: 98->98
[2025-11-08T15:12:49.516+0000][gc,heap       ] GC(1193) Humongous regions: 147->147
[2025-11-08T15:12:49.517+0000][gc,metaspace  ] GC(1193) Metaspace: 52293K(55472K)->52293K(55472K) NonClass: 46506K(48304K)->46506K(48304K) Class: 5787K(7168K)->5787K(7168K)
[2025-11-08T15:12:49.519+0000][gc            ] GC(1193) Pause Young (Normal) (G1 Evacuation Pause) 277M->246M(667M) 60.613ms
[2025-11-08T15:12:49.519+0000][gc,cpu        ] GC(1193) User=0.05s Sys=0.00s Real=0.06s
[2025-11-08T15:12:51.842+0000][gc,start      ] GC(1194) Pause Young (Normal) (G1 Evacuation Pause)
[2025-11-08T15:12:51.843+0000][gc,task       ] GC(1194) Using 2 workers of 2 for evacuation
[2025-11-08T15:12:51.864+0000][gc,phases     ] GC(1194)   Pre Evacuate Collection Set: 0.0ms
[2025-11-08T15:12:51.864+0000][gc,phases     ] GC(1194)   Evacuate Collection Set: 17.8ms
[2025-11-08T15:12:51.865+0000][gc,phases     ] GC(1194)   Post Evacuate Collection Set: 1.7ms
[2025-11-08T15:12:51.866+0000][gc,phases     ] GC(1194)   Other: 2.9ms
[2025-11-08T15:12:51.866+0000][gc,heap       ] GC(1194) Eden regions: 31->0(31)
[2025-11-08T15:12:51.870+0000][gc,heap       ] GC(1194) Survivor regions: 2->2(5)
[2025-11-08T15:12:51.871+0000][gc,heap       ] GC(1194) Old regions: 98->98
[2025-11-08T15:12:51.872+0000][gc,heap       ] GC(1194) Humongous regions: 147->147
[2025-11-08T15:12:51.873+0000][gc,metaspace  ] GC(1194) Metaspace: 52293K(55472K)->52293K(55472K) NonClass: 46506K(48304K)->46506K(48304K) Class: 5787K(7168K)->5787K(7168K)
[2025-11-08T15:12:51.874+0000][gc            ] GC(1194) Pause Young (Normal) (G1 Evacuation Pause) 277M->246M(667M) 31.807ms
[2025-11-08T15:12:51.874+0000][gc,cpu        ] GC(1194) User=0.04s Sys=0.00s Real=0.03s
[2025-11-08T15:12:54.264+0000][gc,start      ] GC(1195) Pause Young (Normal) (G1 Evacuation Pause)
[2025-11-08T15:12:54.264+0000][gc,task       ] GC(1195) Using 2 workers of 2 for evacuation
[2025-11-08T15:12:54.283+0000][gc,phases     ] GC(1195)   Pre Evacuate Collection Set: 0.0ms
[2025-11-08T15:12:54.283+0000][gc,phases     ] GC(1195)   Evacuate Collection Set: 16.2ms
[2025-11-08T15:12:54.284+0000][gc,phases     ] GC(1195)   Post Evacuate Collection Set: 1.5ms
[2025-11-08T15:12:54.285+0000][gc,phases     ] GC(1195)   Other: 1.4ms
[2025-11-08T15:12:54.285+0000][gc,heap       ] GC(1195) Eden regions: 31->0(31)
[2025-11-08T15:12:54.288+0000][gc,heap       ] GC(1195) Survivor regions: 2->2(5)
[2025-11-08T15:12:54.288+0000][gc,heap       ] GC(1195) Old regions: 98->98
[2025-11-08T15:12:54.290+0000][gc,heap       ] GC(1195) Humongous regions: 147->147
[2025-11-08T15:12:54.291+0000][gc,metaspace  ] GC(1195) Metaspace: 52293K(55472K)->52293K(55472K) NonClass: 46506K(48304K)->46506K(48304K) Class: 5787K(7168K)->5787K(7168K)
[2025-11-08T15:12:54.292+0000][gc            ] GC(1195) Pause Young (Normal) (G1 Evacuation Pause) 277M->246M(667M) 28.287ms
[2025-11-08T15:12:54.292+0000][gc,cpu        ] GC(1195) User=0.03s Sys=0.00s Real=0.03s
[2025-11-08T15:12:56.614+0000][gc,start      ] GC(1196) Pause Young (Normal) (G1 Evacuation Pause)
[2025-11-08T15:12:56.614+0000][gc,task       ] GC(1196) Using 2 workers of 2 for evacuation
[2025-11-08T15:12:56.636+0000][gc,mmu        ] GC(1196) MMU target violated: 21.0ms (20.0ms/21.0ms)
[2025-11-08T15:12:56.636+0000][gc,phases     ] GC(1196)   Pre Evacuate Collection Set: 0.0ms
[2025-11-08T15:12:56.639+0000][gc,phases     ] GC(1196)   Evacuate Collection Set: 19.4ms
[2025-11-08T15:12:56.639+0000][gc,phases     ] GC(1196)   Post Evacuate Collection Set: 1.6ms
[2025-11-08T15:12:56.640+0000][gc,phases     ] GC(1196)   Other: 1.9ms
[2025-11-08T15:12:56.641+0000][gc,heap       ] GC(1196) Eden regions: 31->0(30)
[2025-11-08T15:12:56.641+0000][gc,heap       ] GC(1196) Survivor regions: 2->3(5)
[2025-11-08T15:12:56.642+0000][gc,heap       ] GC(1196) Old regions: 98->98
[2025-11-08T15:12:56.642+0000][gc,heap       ] GC(1196) Humongous regions: 147->147
[2025-11-08T15:12:56.642+0000][gc,metaspace  ] GC(1196) Metaspace: 52293K(55472K)->52293K(55472K) NonClass: 46506K(48304K)->46506K(48304K) Class: 5787K(7168K)->5787K(7168K)
[2025-11-08T15:12:56.643+0000][gc            ] GC(1196) Pause Young (Normal) (G1 Evacuation Pause) 277M->247M(667M) 29.016ms
[2025-11-08T15:12:56.643+0000][gc,cpu        ] GC(1196) User=0.05s Sys=0.00s Real=0.03s
[2025-11-08T15:12:59.023+0000][gc,start      ] GC(1197) Pause Young (Normal) (G1 Evacuation Pause)
[2025-11-08T15:12:59.023+0000][gc,task       ] GC(1197) Using 2 workers of 2 for evacuation
[2025-11-08T15:12:59.044+0000][gc,mmu        ] GC(1197) MMU target violated: 20.8ms (20.0ms/21.0ms)
[2025-11-08T15:12:59.045+0000][gc,phases     ] GC(1197)   Pre Evacuate Collection Set: 0.0ms
[2025-11-08T15:12:59.045+0000][gc,phases     ] GC(1197)   Evacuate Collection Set: 19.1ms
[2025-11-08T15:12:59.046+0000][gc,phases     ] GC(1197)   Post Evacuate Collection Set: 1.4ms
[2025-11-08T15:12:59.046+0000][gc,phases     ] GC(1197)   Other: 1.7ms
[2025-11-08T15:12:59.047+0000][gc,heap       ] GC(1197) Eden regions: 30->0(30)
[2025-11-08T15:12:59.047+0000][gc,heap       ] GC(1197) Survivor regions: 3->3(5)
[2025-11-08T15:12:59.048+0000][gc,heap       ] GC(1197) Old regions: 98->99
[2025-11-08T15:12:59.048+0000][gc,heap       ] GC(1197) Humongous regions: 147->147
[2025-11-08T15:12:59.049+0000][gc,metaspace  ] GC(1197) Metaspace: 52293K(55472K)->52293K(55472K) NonClass: 46506K(48304K)->46506K(48304K) Class: 5787K(7168K)->5787K(7168K)
[2025-11-08T15:12:59.049+0000][gc            ] GC(1197) Pause Young (Normal) (G1 Evacuation Pause) 277M->247M(667M) 26.596ms
[2025-11-08T15:12:59.050+0000][gc,cpu        ] GC(1197) User=0.04s Sys=0.00s Real=0.03s
[2025-11-08T15:13:01.339+0000][gc,start      ] GC(1198) Pause Young (Normal) (G1 Evacuation Pause)
[2025-11-08T15:13:01.340+0000][gc,task       ] GC(1198) Using 2 workers of 2 for evacuation
[2025-11-08T15:13:01.359+0000][gc,phases     ] GC(1198)   Pre Evacuate Collection Set: 0.0ms
[2025-11-08T15:13:01.360+0000][gc,phases     ] GC(1198)   Evacuate Collection Set: 16.5ms
[2025-11-08T15:13:01.360+0000][gc,phases     ] GC(1198)   Post Evacuate Collection Set: 1.9ms
[2025-11-08T15:13:01.360+0000][gc,phases     ] GC(1198)   Other: 1.9ms
[2025-11-08T15:13:01.361+0000][gc,heap       ] GC(1198) Eden regions: 30->0(31)
[2025-11-08T15:13:01.361+0000][gc,heap       ] GC(1198) Survivor regions: 3->2(5)
[2025-11-08T15:13:01.362+0000][gc,heap       ] GC(1198) Old regions: 99->99
[2025-11-08T15:13:01.362+0000][gc,heap       ] GC(1198) Humongous regions: 147->147
[2025-11-08T15:13:01.363+0000][gc,metaspace  ] GC(1198) Metaspace: 52293K(55472K)->52293K(55472K) NonClass: 46506K(48304K)->46506K(48304K) Class: 5787K(7168K)->5787K(7168K)
[2025-11-08T15:13:01.364+0000][gc            ] GC(1198) Pause Young (Normal) (G1 Evacuation Pause) 277M->247M(667M) 25.275ms
[2025-11-08T15:13:01.365+0000][gc,cpu        ] GC(1198) User=0.04s Sys=0.00s Real=0.02s
[2025-11-08T15:13:04.018+0000][gc,start      ] GC(1199) Pause Young (Normal) (G1 Evacuation Pause)
[2025-11-08T15:13:04.018+0000][gc,task       ] GC(1199) Using 2 workers of 2 for evacuation
[2025-11-08T15:13:04.037+0000][gc,phases     ] GC(1199)   Pre Evacuate Collection Set: 0.0ms
[2025-11-08T15:13:04.037+0000][gc,phases     ] GC(1199)   Evacuate Collection Set: 16.1ms
[2025-11-08T15:13:04.038+0000][gc,phases     ] GC(1199)   Post Evacuate Collection Set: 1.7ms
[2025-11-08T15:13:04.039+0000][gc,phases     ] GC(1199)   Other: 1.4ms
[2025-11-08T15:13:04.039+0000][gc,heap       ] GC(1199) Eden regions: 31->0(31)
[2025-11-08T15:13:04.039+0000][gc,heap       ] GC(1199) Survivor regions: 2->2(5)
[2025-11-08T15:13:04.040+0000][gc,heap       ] GC(1199) Old regions: 99->99
[2025-11-08T15:13:04.041+0000][gc,heap       ] GC(1199) Humongous regions: 147->147
[2025-11-08T15:13:04.041+0000][gc,metaspace  ] GC(1199) Metaspace: 52293K(55472K)->52293K(55472K) NonClass: 46506K(48304K)->46506K(48304K) Class: 5787K(7168K)->5787K(7168K)
[2025-11-08T15:13:04.042+0000][gc            ] GC(1199) Pause Young (Normal) (G1 Evacuation Pause) 278M->246M(667M) 23.690ms
[2025-11-08T15:13:04.042+0000][gc,cpu        ] GC(1199) User=0.04s Sys=0.00s Real=0.02s
[2025-11-08T15:13:06.577+0000][gc,start      ] GC(1200) Pause Young (Normal) (G1 Evacuation Pause)
[2025-11-08T15:13:06.577+0000][gc,task       ] GC(1200) Using 2 workers of 2 for evacuation
[2025-11-08T15:13:06.597+0000][gc,phases     ] GC(1200)   Pre Evacuate Collection Set: 0.0ms
[2025-11-08T15:13:06.597+0000][gc,phases     ] GC(1200)   Evacuate Collection Set: 16.2ms
[2025-11-08T15:13:06.598+0000][gc,phases     ] GC(1200)   Post Evacuate Collection Set: 2.1ms
[2025-11-08T15:13:06.598+0000][gc,phases     ] GC(1200)   Other: 1.4ms
[2025-11-08T15:13:06.599+0000][gc,heap       ] GC(1200) Eden regions: 31->0(31)
[2025-11-08T15:13:06.600+0000][gc,heap       ] GC(1200) Survivor regions: 2->2(5)
[2025-11-08T15:13:06.601+0000][gc,heap       ] GC(1200) Old regions: 99->99
[2025-11-08T15:13:06.601+0000][gc,heap       ] GC(1200) Humongous regions: 147->147
[2025-11-08T15:13:06.601+0000][gc,metaspace  ] GC(1200) Metaspace: 52293K(55472K)->52293K(55472K) NonClass: 46506K(48304K)->46506K(48304K) Class: 5787K(7168K)->5787K(7168K)
[2025-11-08T15:13:06.602+0000][gc            ] GC(1200) Pause Young (Normal) (G1 Evacuation Pause) 277M->246M(667M) 25.079ms
[2025-11-08T15:13:06.602+0000][gc,cpu        ] GC(1200) User=0.04s Sys=0.00s Real=0.02s
[2025-11-08T15:13:09.098+0000][gc,start      ] GC(1201) Pause Young (Normal) (G1 Evacuation Pause)
[2025-11-08T15:13:09.098+0000][gc,task       ] GC(1201) Using 2 workers of 2 for evacuation
[2025-11-08T15:13:09.125+0000][gc,mmu        ] GC(1201) MMU target violated: 21.0ms (20.0ms/21.0ms)
[2025-11-08T15:13:09.126+0000][gc,phases     ] GC(1201)   Pre Evacuate Collection Set: 0.1ms
[2025-11-08T15:13:09.127+0000][gc,phases     ] GC(1201)   Evacuate Collection Set: 23.8ms
[2025-11-08T15:13:09.127+0000][gc,phases     ] GC(1201)   Post Evacuate Collection Set: 2.0ms
[2025-11-08T15:13:09.128+0000][gc,phases     ] GC(1201)   Other: 2.4ms
[2025-11-08T15:13:09.128+0000][gc,heap       ] GC(1201) Eden regions: 31->0(30)
[2025-11-08T15:13:09.129+0000][gc,heap       ] GC(1201) Survivor regions: 2->3(5)
[2025-11-08T15:13:09.129+0000][gc,heap       ] GC(1201) Old regions: 99->99
[2025-11-08T15:13:09.130+0000][gc,heap       ] GC(1201) Humongous regions: 147->147
[2025-11-08T15:13:09.130+0000][gc,metaspace  ] GC(1201) Metaspace: 52293K(55472K)->52293K(55472K) NonClass: 46506K(48304K)->46506K(48304K) Class: 5787K(7168K)->5787K(7168K)
[2025-11-08T15:13:09.131+0000][gc            ] GC(1201) Pause Young (Normal) (G1 Evacuation Pause) 277M->248M(667M) 33.072ms
[2025-11-08T15:13:09.131+0000][gc,cpu        ] GC(1201) User=0.05s Sys=0.00s Real=0.03s
[2025-11-08T15:13:11.383+0000][gc,start      ] GC(1202) Pause Young (Normal) (G1 Evacuation Pause)
[2025-11-08T15:13:11.385+0000][gc,task       ] GC(1202) Using 2 workers of 2 for evacuation
[2025-11-08T15:13:11.403+0000][gc,phases     ] GC(1202)   Pre Evacuate Collection Set: 0.0ms
[2025-11-08T15:13:11.403+0000][gc,phases     ] GC(1202)   Evacuate Collection Set: 16.2ms
[2025-11-08T15:13:11.407+0000][gc,phases     ] GC(1202)   Post Evacuate Collection Set: 1.4ms
[2025-11-08T15:13:11.411+0000][gc,phases     ] GC(1202)   Other: 2.8ms
[2025-11-08T15:13:11.411+0000][gc,heap       ] GC(1202) Eden regions: 30->0(30)
[2025-11-08T15:13:11.412+0000][gc,heap       ] GC(1202) Survivor regions: 3->3(5)
[2025-11-08T15:13:11.412+0000][gc,heap       ] GC(1202) Old regions: 99->99
[2025-11-08T15:13:11.412+0000][gc,heap       ] GC(1202) Humongous regions: 147->147
[2025-11-08T15:13:11.413+0000][gc,metaspace  ] GC(1202) Metaspace: 52293K(55472K)->52293K(55472K) NonClass: 46506K(48304K)->46506K(48304K) Class: 5787K(7168K)->5787K(7168K)
[2025-11-08T15:13:11.414+0000][gc            ] GC(1202) Pause Young (Normal) (G1 Evacuation Pause) 278M->247M(667M) 31.221ms
[2025-11-08T15:13:11.414+0000][gc,cpu        ] GC(1202) User=0.03s Sys=0.00s Real=0.03s
[2025-11-08T15:13:13.812+0000][gc,start      ] GC(1203) Pause Young (Normal) (G1 Evacuation Pause)
[2025-11-08T15:13:13.813+0000][gc,task       ] GC(1203) Using 2 workers of 2 for evacuation
[2025-11-08T15:13:13.833+0000][gc,phases     ] GC(1203)   Pre Evacuate Collection Set: 0.0ms
[2025-11-08T15:13:13.834+0000][gc,phases     ] GC(1203)   Evacuate Collection Set: 17.1ms
[2025-11-08T15:13:13.835+0000][gc,phases     ] GC(1203)   Post Evacuate Collection Set: 2.0ms
[2025-11-08T15:13:13.835+0000][gc,phases     ] GC(1203)   Other: 1.3ms
[2025-11-08T15:13:13.836+0000][gc,heap       ] GC(1203) Eden regions: 30->0(31)
[2025-11-08T15:13:13.836+0000][gc,heap       ] GC(1203) Survivor regions: 3->2(5)
[2025-11-08T15:13:13.836+0000][gc,heap       ] GC(1203) Old regions: 99->99
[2025-11-08T15:13:13.837+0000][gc,heap       ] GC(1203) Humongous regions: 147->147
[2025-11-08T15:13:13.837+0000][gc,metaspace  ] GC(1203) Metaspace: 52293K(55472K)->52293K(55472K) NonClass: 46506K(48304K)->46506K(48304K) Class: 5787K(7168K)->5787K(7168K)
[2025-11-08T15:13:13.838+0000][gc            ] GC(1203) Pause Young (Normal) (G1 Evacuation Pause) 277M->247M(667M) 25.313ms
[2025-11-08T15:13:13.838+0000][gc,cpu        ] GC(1203) User=0.04s Sys=0.00s Real=0.03s
[2025-11-08T15:13:16.286+0000][gc,start      ] GC(1204) Pause Young (Normal) (G1 Evacuation Pause)
[2025-11-08T15:13:16.286+0000][gc,task       ] GC(1204) Using 2 workers of 2 for evacuation
[2025-11-08T15:13:16.303+0000][gc,phases     ] GC(1204)   Pre Evacuate Collection Set: 0.0ms
[2025-11-08T15:13:16.304+0000][gc,phases     ] GC(1204)   Evacuate Collection Set: 14.1ms
[2025-11-08T15:13:16.304+0000][gc,phases     ] GC(1204)   Post Evacuate Collection Set: 1.3ms
[2025-11-08T15:13:16.305+0000][gc,phases     ] GC(1204)   Other: 2.2ms
[2025-11-08T15:13:16.305+0000][gc,heap       ] GC(1204) Eden regions: 31->0(31)
[2025-11-08T15:13:16.306+0000][gc,heap       ] GC(1204) Survivor regions: 2->2(5)
[2025-11-08T15:13:16.307+0000][gc,heap       ] GC(1204) Old regions: 99->99
[2025-11-08T15:13:16.307+0000][gc,heap       ] GC(1204) Humongous regions: 147->147
[2025-11-08T15:13:16.308+0000][gc,metaspace  ] GC(1204) Metaspace: 52293K(55472K)->52293K(55472K) NonClass: 46506K(48304K)->46506K(48304K) Class: 5787K(7168K)->5787K(7168K)
[2025-11-08T15:13:16.308+0000][gc            ] GC(1204) Pause Young (Normal) (G1 Evacuation Pause) 278M->247M(667M) 22.586ms
[2025-11-08T15:13:16.309+0000][gc,cpu        ] GC(1204) User=0.04s Sys=0.00s Real=0.03s
[2025-11-08T15:13:18.699+0000][gc,start      ] GC(1205) Pause Young (Normal) (G1 Evacuation Pause)
[2025-11-08T15:13:18.700+0000][gc,task       ] GC(1205) Using 2 workers of 2 for evacuation
[2025-11-08T15:13:18.719+0000][gc,phases     ] GC(1205)   Pre Evacuate Collection Set: 0.0ms
[2025-11-08T15:13:18.721+0000][gc,phases     ] GC(1205)   Evacuate Collection Set: 15.4ms
[2025-11-08T15:13:18.722+0000][gc,phases     ] GC(1205)   Post Evacuate Collection Set: 2.1ms
[2025-11-08T15:13:18.723+0000][gc,phases     ] GC(1205)   Other: 2.5ms
[2025-11-08T15:13:18.723+0000][gc,heap       ] GC(1205) Eden regions: 31->0(32)
[2025-11-08T15:13:18.724+0000][gc,heap       ] GC(1205) Survivor regions: 2->2(5)
[2025-11-08T15:13:18.724+0000][gc,heap       ] GC(1205) Old regions: 99->99
[2025-11-08T15:13:18.725+0000][gc,heap       ] GC(1205) Humongous regions: 147->147
[2025-11-08T15:13:18.725+0000][gc,metaspace  ] GC(1205) Metaspace: 52293K(55472K)->52293K(55472K) NonClass: 46506K(48304K)->46506K(48304K) Class: 5787K(7168K)->5787K(7168K)
[2025-11-08T15:13:18.725+0000][gc            ] GC(1205) Pause Young (Normal) (G1 Evacuation Pause) 278M->246M(667M) 26.114ms
[2025-11-08T15:13:18.726+0000][gc,cpu        ] GC(1205) User=0.03s Sys=0.00s Real=0.02s
[2025-11-08T15:13:21.024+0000][gc,start      ] GC(1206) Pause Young (Normal) (G1 Evacuation Pause)
[2025-11-08T15:13:21.025+0000][gc,task       ] GC(1206) Using 2 workers of 2 for evacuation
[2025-11-08T15:13:21.048+0000][gc,mmu        ] GC(1206) MMU target violated: 21.0ms (20.0ms/21.0ms)
[2025-11-08T15:13:21.048+0000][gc,phases     ] GC(1206)   Pre Evacuate Collection Set: 0.0ms
[2025-11-08T15:13:21.049+0000][gc,phases     ] GC(1206)   Evacuate Collection Set: 19.7ms
[2025-11-08T15:13:21.049+0000][gc,phases     ] GC(1206)   Post Evacuate Collection Set: 1.9ms
[2025-11-08T15:13:21.050+0000][gc,phases     ] GC(1206)   Other: 2.6ms
[2025-11-08T15:13:21.050+0000][gc,heap       ] GC(1206) Eden regions: 31->0(30)
[2025-11-08T15:13:21.050+0000][gc,heap       ] GC(1206) Survivor regions: 2->3(5)
[2025-11-08T15:13:21.051+0000][gc,heap       ] GC(1206) Old regions: 99->99
[2025-11-08T15:13:21.051+0000][gc,heap       ] GC(1206) Humongous regions: 147->147
[2025-11-08T15:13:21.052+0000][gc,metaspace  ] GC(1206) Metaspace: 52293K(55472K)->52293K(55472K) NonClass: 46506K(48304K)->46506K(48304K) Class: 5787K(7168K)->5787K(7168K)
[2025-11-08T15:13:21.052+0000][gc            ] GC(1206) Pause Young (Normal) (G1 Evacuation Pause) 277M->248M(667M) 27.752ms
[2025-11-08T15:13:21.053+0000][gc,cpu        ] GC(1206) User=0.04s Sys=0.00s Real=0.03s
[2025-11-08T15:13:23.497+0000][gc,start      ] GC(1207) Pause Young (Normal) (G1 Evacuation Pause)
[2025-11-08T15:13:23.497+0000][gc,task       ] GC(1207) Using 2 workers of 2 for evacuation
[2025-11-08T15:13:23.513+0000][gc,phases     ] GC(1207)   Pre Evacuate Collection Set: 0.0ms
[2025-11-08T15:13:23.513+0000][gc,phases     ] GC(1207)   Evacuate Collection Set: 13.5ms
[2025-11-08T15:13:23.514+0000][gc,phases     ] GC(1207)   Post Evacuate Collection Set: 1.0ms
[2025-11-08T15:13:23.514+0000][gc,phases     ] GC(1207)   Other: 1.1ms
[2025-11-08T15:13:23.515+0000][gc,heap       ] GC(1207) Eden regions: 30->0(32)
[2025-11-08T15:13:23.515+0000][gc,heap       ] GC(1207) Survivor regions: 3->3(5)
[2025-11-08T15:13:23.515+0000][gc,heap       ] GC(1207) Old regions: 99->99
[2025-11-08T15:13:23.515+0000][gc,heap       ] GC(1207) Humongous regions: 147->147
[2025-11-08T15:13:23.516+0000][gc,metaspace  ] GC(1207) Metaspace: 52293K(55472K)->52293K(55472K) NonClass: 46506K(48304K)->46506K(48304K) Class: 5787K(7168K)->5787K(7168K)
[2025-11-08T15:13:23.516+0000][gc            ] GC(1207) Pause Young (Normal) (G1 Evacuation Pause) 278M->248M(667M) 18.814ms
[2025-11-08T15:13:23.517+0000][gc,cpu        ] GC(1207) User=0.03s Sys=0.00s Real=0.02s
[2025-11-08T15:13:25.956+0000][gc,start      ] GC(1208) Pause Young (Normal) (G1 Evacuation Pause)
[2025-11-08T15:13:25.956+0000][gc,task       ] GC(1208) Using 2 workers of 2 for evacuation
[2025-11-08T15:13:25.973+0000][gc,phases     ] GC(1208)   Pre Evacuate Collection Set: 0.1ms
[2025-11-08T15:13:25.974+0000][gc,phases     ] GC(1208)   Evacuate Collection Set: 14.4ms
[2025-11-08T15:13:25.974+0000][gc,phases     ] GC(1208)   Post Evacuate Collection Set: 1.5ms
[2025-11-08T15:13:25.975+0000][gc,phases     ] GC(1208)   Other: 1.6ms
[2025-11-08T15:13:25.975+0000][gc,heap       ] GC(1208) Eden regions: 32->0(32)
[2025-11-08T15:13:25.976+0000][gc,heap       ] GC(1208) Survivor regions: 3->2(5)
[2025-11-08T15:13:25.976+0000][gc,heap       ] GC(1208) Old regions: 99->99
[2025-11-08T15:13:25.976+0000][gc,heap       ] GC(1208) Humongous regions: 147->147
[2025-11-08T15:13:25.977+0000][gc,metaspace  ] GC(1208) Metaspace: 52293K(55472K)->52293K(55472K) NonClass: 46506K(48304K)->46506K(48304K) Class: 5787K(7168K)->5787K(7168K)
[2025-11-08T15:13:25.977+0000][gc            ] GC(1208) Pause Young (Normal) (G1 Evacuation Pause) 280M->247M(667M) 21.168ms
[2025-11-08T15:13:25.977+0000][gc,cpu        ] GC(1208) User=0.03s Sys=0.00s Real=0.03s
[2025-11-08T15:13:28.316+0000][gc,start      ] GC(1209) Pause Young (Normal) (G1 Evacuation Pause)
[2025-11-08T15:13:28.318+0000][gc,task       ] GC(1209) Using 2 workers of 2 for evacuation
[2025-11-08T15:13:28.344+0000][gc,mmu        ] GC(1209) MMU target violated: 21.0ms (20.0ms/21.0ms)
[2025-11-08T15:13:28.344+0000][gc,phases     ] GC(1209)   Pre Evacuate Collection Set: 0.0ms
[2025-11-08T15:13:28.346+0000][gc,phases     ] GC(1209)   Evacuate Collection Set: 22.0ms
[2025-11-08T15:13:28.347+0000][gc,phases     ] GC(1209)   Post Evacuate Collection Set: 2.1ms
[2025-11-08T15:13:28.347+0000][gc,phases     ] GC(1209)   Other: 4.7ms
[2025-11-08T15:13:28.348+0000][gc,heap       ] GC(1209) Eden regions: 32->0(31)
[2025-11-08T15:13:28.349+0000][gc,heap       ] GC(1209) Survivor regions: 2->2(5)
[2025-11-08T15:13:28.350+0000][gc,heap       ] GC(1209) Old regions: 99->99
[2025-11-08T15:13:28.350+0000][gc,heap       ] GC(1209) Humongous regions: 147->147
[2025-11-08T15:13:28.351+0000][gc,metaspace  ] GC(1209) Metaspace: 52293K(55472K)->52293K(55472K) NonClass: 46506K(48304K)->46506K(48304K) Class: 5787K(7168K)->5787K(7168K)
[2025-11-08T15:13:28.352+0000][gc            ] GC(1209) Pause Young (Normal) (G1 Evacuation Pause) 279M->247M(667M) 36.167ms
[2025-11-08T15:13:28.353+0000][gc,cpu        ] GC(1209) User=0.03s Sys=0.00s Real=0.04s
[2025-11-08T15:13:30.919+0000][gc,start      ] GC(1210) Pause Young (Normal) (G1 Evacuation Pause)
[2025-11-08T15:13:30.920+0000][gc,task       ] GC(1210) Using 2 workers of 2 for evacuation
[2025-11-08T15:13:30.942+0000][gc,mmu        ] GC(1210) MMU target violated: 20.5ms (20.0ms/21.0ms)
[2025-11-08T15:13:30.942+0000][gc,phases     ] GC(1210)   Pre Evacuate Collection Set: 0.0ms
[2025-11-08T15:13:30.943+0000][gc,phases     ] GC(1210)   Evacuate Collection Set: 18.5ms
[2025-11-08T15:13:30.943+0000][gc,phases     ] GC(1210)   Post Evacuate Collection Set: 1.8ms
[2025-11-08T15:13:30.944+0000][gc,phases     ] GC(1210)   Other: 2.8ms
[2025-11-08T15:13:30.944+0000][gc,heap       ] GC(1210) Eden regions: 31->0(31)
[2025-11-08T15:13:30.945+0000][gc,heap       ] GC(1210) Survivor regions: 2->2(5)
[2025-11-08T15:13:30.946+0000][gc,heap       ] GC(1210) Old regions: 99->99
[2025-11-08T15:13:30.946+0000][gc,heap       ] GC(1210) Humongous regions: 147->147
[2025-11-08T15:13:30.947+0000][gc,metaspace  ] GC(1210) Metaspace: 52293K(55472K)->52293K(55472K) NonClass: 46506K(48304K)->46506K(48304K) Class: 5787K(7168K)->5787K(7168K)
[2025-11-08T15:13:30.947+0000][gc            ] GC(1210) Pause Young (Normal) (G1 Evacuation Pause) 278M->247M(667M) 27.777ms
[2025-11-08T15:13:30.948+0000][gc,cpu        ] GC(1210) User=0.04s Sys=0.00s Real=0.03s
[2025-11-08T15:13:33.665+0000][gc,start      ] GC(1211) Pause Young (Normal) (G1 Evacuation Pause)
[2025-11-08T15:13:33.667+0000][gc,task       ] GC(1211) Using 2 workers of 2 for evacuation
[2025-11-08T15:13:33.703+0000][gc,mmu        ] GC(1211) MMU target violated: 21.0ms (20.0ms/21.0ms)
[2025-11-08T15:13:33.704+0000][gc,phases     ] GC(1211)   Pre Evacuate Collection Set: 0.8ms
[2025-11-08T15:13:33.705+0000][gc,phases     ] GC(1211)   Evacuate Collection Set: 24.9ms
[2025-11-08T15:13:33.705+0000][gc,phases     ] GC(1211)   Post Evacuate Collection Set: 7.5ms
[2025-11-08T15:13:33.706+0000][gc,phases     ] GC(1211)   Other: 5.9ms
[2025-11-08T15:13:33.707+0000][gc,heap       ] GC(1211) Eden regions: 31->0(31)
[2025-11-08T15:13:33.708+0000][gc,heap       ] GC(1211) Survivor regions: 2->2(5)
[2025-11-08T15:13:33.708+0000][gc,heap       ] GC(1211) Old regions: 99->99
[2025-11-08T15:13:33.709+0000][gc,heap       ] GC(1211) Humongous regions: 147->147
[2025-11-08T15:13:33.710+0000][gc,metaspace  ] GC(1211) Metaspace: 52293K(55472K)->52293K(55472K) NonClass: 46506K(48304K)->46506K(48304K) Class: 5787K(7168K)->5787K(7168K)
[2025-11-08T15:13:33.710+0000][gc            ] GC(1211) Pause Young (Normal) (G1 Evacuation Pause) 278M->247M(667M) 44.854ms
[2025-11-08T15:13:33.711+0000][gc,cpu        ] GC(1211) User=0.06s Sys=0.00s Real=0.05s
[2025-11-08T15:13:37.332+0000][gc,start      ] GC(1212) Pause Young (Normal) (G1 Evacuation Pause)
[2025-11-08T15:13:37.336+0000][gc,task       ] GC(1212) Using 2 workers of 2 for evacuation
[2025-11-08T15:13:37.438+0000][gc,mmu        ] GC(1212) MMU target violated: 21.0ms (20.0ms/21.0ms)
[2025-11-08T15:13:37.440+0000][gc,phases     ] GC(1212)   Pre Evacuate Collection Set: 0.1ms
[2025-11-08T15:13:37.440+0000][gc,phases     ] GC(1212)   Evacuate Collection Set: 92.9ms
[2025-11-08T15:13:37.441+0000][gc,phases     ] GC(1212)   Post Evacuate Collection Set: 3.9ms
[2025-11-08T15:13:37.442+0000][gc,phases     ] GC(1212)   Other: 11.5ms
[2025-11-08T15:13:37.442+0000][gc,heap       ] GC(1212) Eden regions: 31->0(30)
[2025-11-08T15:13:37.443+0000][gc,heap       ] GC(1212) Survivor regions: 2->3(5)
[2025-11-08T15:13:37.444+0000][gc,heap       ] GC(1212) Old regions: 99->99
[2025-11-08T15:13:37.445+0000][gc,heap       ] GC(1212) Humongous regions: 147->147
[2025-11-08T15:13:37.445+0000][gc,metaspace  ] GC(1212) Metaspace: 52293K(55472K)->52293K(55472K) NonClass: 46506K(48304K)->46506K(48304K) Class: 5787K(7168K)->5787K(7168K)
[2025-11-08T15:13:37.446+0000][gc            ] GC(1212) Pause Young (Normal) (G1 Evacuation Pause) 278M->248M(667M) 114.041ms
[2025-11-08T15:13:37.447+0000][gc,cpu        ] GC(1212) User=0.13s Sys=0.03s Real=0.12s
[2025-11-08T15:13:39.844+0000][gc,start      ] GC(1213) Pause Young (Normal) (G1 Evacuation Pause)
[2025-11-08T15:13:39.844+0000][gc,task       ] GC(1213) Using 2 workers of 2 for evacuation
[2025-11-08T15:13:39.866+0000][gc,mmu        ] GC(1213) MMU target violated: 20.9ms (20.0ms/21.0ms)
[2025-11-08T15:13:39.866+0000][gc,phases     ] GC(1213)   Pre Evacuate Collection Set: 0.0ms
[2025-11-08T15:13:39.868+0000][gc,phases     ] GC(1213)   Evacuate Collection Set: 18.6ms
[2025-11-08T15:13:39.869+0000][gc,phases     ] GC(1213)   Post Evacuate Collection Set: 2.1ms
[2025-11-08T15:13:39.871+0000][gc,phases     ] GC(1213)   Other: 2.1ms
[2025-11-08T15:13:39.871+0000][gc,heap       ] GC(1213) Eden regions: 30->0(30)
[2025-11-08T15:13:39.872+0000][gc,heap       ] GC(1213) Survivor regions: 3->3(5)
[2025-11-08T15:13:39.872+0000][gc,heap       ] GC(1213) Old regions: 99->100
[2025-11-08T15:13:39.873+0000][gc,heap       ] GC(1213) Humongous regions: 147->147
[2025-11-08T15:13:39.873+0000][gc,metaspace  ] GC(1213) Metaspace: 52293K(55472K)->52293K(55472K) NonClass: 46506K(48304K)->46506K(48304K) Class: 5787K(7168K)->5787K(7168K)
[2025-11-08T15:13:39.874+0000][gc            ] GC(1213) Pause Young (Normal) (G1 Evacuation Pause) 278M->248M(667M) 30.503ms
[2025-11-08T15:13:39.875+0000][gc,cpu        ] GC(1213) User=0.05s Sys=0.00s Real=0.03s
[2025-11-08T15:13:42.101+0000][gc,start      ] GC(1214) Pause Young (Normal) (G1 Evacuation Pause)
[2025-11-08T15:13:42.101+0000][gc,task       ] GC(1214) Using 2 workers of 2 for evacuation
[2025-11-08T15:13:42.123+0000][gc,mmu        ] GC(1214) MMU target violated: 20.0ms (20.0ms/21.0ms)
[2025-11-08T15:13:42.123+0000][gc,phases     ] GC(1214)   Pre Evacuate Collection Set: 0.0ms
[2025-11-08T15:13:42.123+0000][gc,phases     ] GC(1214)   Evacuate Collection Set: 18.0ms
[2025-11-08T15:13:42.124+0000][gc,phases     ] GC(1214)   Post Evacuate Collection Set: 1.5ms
[2025-11-08T15:13:42.124+0000][gc,phases     ] GC(1214)   Other: 2.6ms
[2025-11-08T15:13:42.125+0000][gc,heap       ] GC(1214) Eden regions: 30->0(31)
[2025-11-08T15:13:42.125+0000][gc,heap       ] GC(1214) Survivor regions: 3->2(5)
[2025-11-08T15:13:42.125+0000][gc,heap       ] GC(1214) Old regions: 100->100
[2025-11-08T15:13:42.126+0000][gc,heap       ] GC(1214) Humongous regions: 147->147
[2025-11-08T15:13:42.126+0000][gc,metaspace  ] GC(1214) Metaspace: 52293K(55472K)->52293K(55472K) NonClass: 46506K(48304K)->46506K(48304K) Class: 5787K(7168K)->5787K(7168K)
[2025-11-08T15:13:42.127+0000][gc            ] GC(1214) Pause Young (Normal) (G1 Evacuation Pause) 278M->248M(667M) 25.618ms
[2025-11-08T15:13:42.127+0000][gc,cpu        ] GC(1214) User=0.04s Sys=0.00s Real=0.03s
[2025-11-08T15:13:44.598+0000][gc,start      ] GC(1215) Pause Young (Normal) (G1 Evacuation Pause)
[2025-11-08T15:13:44.598+0000][gc,task       ] GC(1215) Using 2 workers of 2 for evacuation
[2025-11-08T15:13:44.614+0000][gc,phases     ] GC(1215)   Pre Evacuate Collection Set: 0.0ms
[2025-11-08T15:13:44.614+0000][gc,phases     ] GC(1215)   Evacuate Collection Set: 14.2ms
[2025-11-08T15:13:44.615+0000][gc,phases     ] GC(1215)   Post Evacuate Collection Set: 1.3ms
[2025-11-08T15:13:44.615+0000][gc,phases     ] GC(1215)   Other: 0.9ms
[2025-11-08T15:13:44.616+0000][gc,heap       ] GC(1215) Eden regions: 31->0(31)
[2025-11-08T15:13:44.616+0000][gc,heap       ] GC(1215) Survivor regions: 2->2(5)
[2025-11-08T15:13:44.616+0000][gc,heap       ] GC(1215) Old regions: 100->100
[2025-11-08T15:13:44.617+0000][gc,heap       ] GC(1215) Humongous regions: 147->147
[2025-11-08T15:13:44.617+0000][gc,metaspace  ] GC(1215) Metaspace: 52293K(55472K)->52293K(55472K) NonClass: 46506K(48304K)->46506K(48304K) Class: 5787K(7168K)->5787K(7168K)
[2025-11-08T15:13:44.617+0000][gc            ] GC(1215) Pause Young (Normal) (G1 Evacuation Pause) 279M->247M(667M) 19.520ms
[2025-11-08T15:13:44.617+0000][gc,cpu        ] GC(1215) User=0.03s Sys=0.00s Real=0.02s
[2025-11-08T15:13:46.911+0000][gc,start      ] GC(1216) Pause Young (Normal) (G1 Evacuation Pause)
[2025-11-08T15:13:46.912+0000][gc,task       ] GC(1216) Using 2 workers of 2 for evacuation
[2025-11-08T15:13:46.929+0000][gc,phases     ] GC(1216)   Pre Evacuate Collection Set: 0.0ms
[2025-11-08T15:13:46.930+0000][gc,phases     ] GC(1216)   Evacuate Collection Set: 13.9ms
[2025-11-08T15:13:46.930+0000][gc,phases     ] GC(1216)   Post Evacuate Collection Set: 2.9ms
[2025-11-08T15:13:46.930+0000][gc,phases     ] GC(1216)   Other: 1.2ms
[2025-11-08T15:13:46.931+0000][gc,heap       ] GC(1216) Eden regions: 31->0(31)
[2025-11-08T15:13:46.932+0000][gc,heap       ] GC(1216) Survivor regions: 2->2(5)
[2025-11-08T15:13:46.932+0000][gc,heap       ] GC(1216) Old regions: 100->100
[2025-11-08T15:13:46.933+0000][gc,heap       ] GC(1216) Humongous regions: 147->147
[2025-11-08T15:13:46.933+0000][gc,metaspace  ] GC(1216) Metaspace: 52293K(55472K)->52293K(55472K) NonClass: 46506K(48304K)->46506K(48304K) Class: 5787K(7168K)->5787K(7168K)
[2025-11-08T15:13:46.933+0000][gc            ] GC(1216) Pause Young (Normal) (G1 Evacuation Pause) 278M->247M(667M) 22.073ms
[2025-11-08T15:13:46.934+0000][gc,cpu        ] GC(1216) User=0.03s Sys=0.00s Real=0.02s
[2025-11-08T15:13:49.402+0000][gc,start      ] GC(1217) Pause Young (Normal) (G1 Evacuation Pause)
[2025-11-08T15:13:49.402+0000][gc,task       ] GC(1217) Using 2 workers of 2 for evacuation
[2025-11-08T15:13:49.419+0000][gc,phases     ] GC(1217)   Pre Evacuate Collection Set: 0.0ms
[2025-11-08T15:13:49.420+0000][gc,phases     ] GC(1217)   Evacuate Collection Set: 15.1ms
[2025-11-08T15:13:49.420+0000][gc,phases     ] GC(1217)   Post Evacuate Collection Set: 1.1ms
[2025-11-08T15:13:49.421+0000][gc,phases     ] GC(1217)   Other: 1.4ms
[2025-11-08T15:13:49.421+0000][gc,heap       ] GC(1217) Eden regions: 31->0(30)
[2025-11-08T15:13:49.422+0000][gc,heap       ] GC(1217) Survivor regions: 2->3(5)
[2025-11-08T15:13:49.422+0000][gc,heap       ] GC(1217) Old regions: 100->100
[2025-11-08T15:13:49.422+0000][gc,heap       ] GC(1217) Humongous regions: 147->147
[2025-11-08T15:13:49.423+0000][gc,metaspace  ] GC(1217) Metaspace: 52293K(55472K)->52293K(55472K) NonClass: 46506K(48304K)->46506K(48304K) Class: 5787K(7168K)->5787K(7168K)
[2025-11-08T15:13:49.423+0000][gc            ] GC(1217) Pause Young (Normal) (G1 Evacuation Pause) 278M->249M(667M) 21.217ms
[2025-11-08T15:13:49.423+0000][gc,cpu        ] GC(1217) User=0.03s Sys=0.00s Real=0.02s
[2025-11-08T15:13:51.563+0000][gc,start      ] GC(1218) Pause Young (Normal) (G1 Evacuation Pause)
[2025-11-08T15:13:51.563+0000][gc,task       ] GC(1218) Using 2 workers of 2 for evacuation
[2025-11-08T15:13:51.588+0000][gc,mmu        ] GC(1218) MMU target violated: 21.0ms (20.0ms/21.0ms)
[2025-11-08T15:13:51.589+0000][gc,phases     ] GC(1218)   Pre Evacuate Collection Set: 0.0ms
[2025-11-08T15:13:51.592+0000][gc,phases     ] GC(1218)   Evacuate Collection Set: 22.0ms
[2025-11-08T15:13:51.593+0000][gc,phases     ] GC(1218)   Post Evacuate Collection Set: 2.1ms
[2025-11-08T15:13:51.593+0000][gc,phases     ] GC(1218)   Other: 2.2ms
[2025-11-08T15:13:51.594+0000][gc,heap       ] GC(1218) Eden regions: 30->0(30)
[2025-11-08T15:13:51.596+0000][gc,heap       ] GC(1218) Survivor regions: 3->3(5)
[2025-11-08T15:13:51.597+0000][gc,heap       ] GC(1218) Old regions: 100->100
[2025-11-08T15:13:51.598+0000][gc,heap       ] GC(1218) Humongous regions: 147->147
[2025-11-08T15:13:51.598+0000][gc,metaspace  ] GC(1218) Metaspace: 52293K(55472K)->52293K(55472K) NonClass: 46506K(48304K)->46506K(48304K) Class: 5787K(7168K)->5787K(7168K)
[2025-11-08T15:13:51.599+0000][gc            ] GC(1218) Pause Young (Normal) (G1 Evacuation Pause) 279M->248M(667M) 36.228ms
[2025-11-08T15:13:51.601+0000][gc,cpu        ] GC(1218) User=0.05s Sys=0.00s Real=0.04s
[2025-11-08T15:13:53.793+0000][gc,start      ] GC(1219) Pause Young (Normal) (G1 Evacuation Pause)
[2025-11-08T15:13:53.796+0000][gc,task       ] GC(1219) Using 2 workers of 2 for evacuation
[2025-11-08T15:13:53.808+0000][gc,phases     ] GC(1219)   Pre Evacuate Collection Set: 0.0ms
[2025-11-08T15:13:53.808+0000][gc,phases     ] GC(1219)   Evacuate Collection Set: 10.3ms
[2025-11-08T15:13:53.809+0000][gc,phases     ] GC(1219)   Post Evacuate Collection Set: 1.3ms
[2025-11-08T15:13:53.809+0000][gc,phases     ] GC(1219)   Other: 3.4ms
[2025-11-08T15:13:53.810+0000][gc,heap       ] GC(1219) Eden regions: 30->0(31)
[2025-11-08T15:13:53.810+0000][gc,heap       ] GC(1219) Survivor regions: 3->2(5)
[2025-11-08T15:13:53.811+0000][gc,heap       ] GC(1219) Old regions: 100->100
[2025-11-08T15:13:53.811+0000][gc,heap       ] GC(1219) Humongous regions: 147->147
[2025-11-08T15:13:53.811+0000][gc,metaspace  ] GC(1219) Metaspace: 52293K(55472K)->52293K(55472K) NonClass: 46506K(48304K)->46506K(48304K) Class: 5787K(7168K)->5787K(7168K)
[2025-11-08T15:13:53.812+0000][gc            ] GC(1219) Pause Young (Normal) (G1 Evacuation Pause) 278M->248M(667M) 18.838ms
[2025-11-08T15:13:53.812+0000][gc,cpu        ] GC(1219) User=0.03s Sys=0.00s Real=0.02s
[2025-11-08T15:13:56.030+0000][gc,start      ] GC(1220) Pause Young (Normal) (G1 Evacuation Pause)
[2025-11-08T15:13:56.030+0000][gc,task       ] GC(1220) Using 2 workers of 2 for evacuation
[2025-11-08T15:13:56.050+0000][gc,phases     ] GC(1220)   Pre Evacuate Collection Set: 0.0ms
[2025-11-08T15:13:56.050+0000][gc,phases     ] GC(1220)   Evacuate Collection Set: 13.5ms
[2025-11-08T15:13:56.050+0000][gc,phases     ] GC(1220)   Post Evacuate Collection Set: 2.0ms
[2025-11-08T15:13:56.051+0000][gc,phases     ] GC(1220)   Other: 4.3ms
[2025-11-08T15:13:56.051+0000][gc,heap       ] GC(1220) Eden regions: 31->0(31)
[2025-11-08T15:13:56.052+0000][gc,heap       ] GC(1220) Survivor regions: 2->2(5)
[2025-11-08T15:13:56.052+0000][gc,heap       ] GC(1220) Old regions: 100->100
[2025-11-08T15:13:56.052+0000][gc,heap       ] GC(1220) Humongous regions: 147->147
[2025-11-08T15:13:56.053+0000][gc,metaspace  ] GC(1220) Metaspace: 52293K(55472K)->52293K(55472K) NonClass: 46506K(48304K)->46506K(48304K) Class: 5787K(7168K)->5787K(7168K)
[2025-11-08T15:13:56.053+0000][gc            ] GC(1220) Pause Young (Normal) (G1 Evacuation Pause) 279M->248M(667M) 23.850ms
[2025-11-08T15:13:56.054+0000][gc,cpu        ] GC(1220) User=0.03s Sys=0.00s Real=0.02s
[2025-11-08T15:13:58.461+0000][gc,start      ] GC(1221) Pause Young (Normal) (G1 Evacuation Pause)
[2025-11-08T15:13:58.461+0000][gc,task       ] GC(1221) Using 2 workers of 2 for evacuation
[2025-11-08T15:13:58.479+0000][gc,phases     ] GC(1221)   Pre Evacuate Collection Set: 0.0ms
[2025-11-08T15:13:58.480+0000][gc,phases     ] GC(1221)   Evacuate Collection Set: 15.2ms
[2025-11-08T15:13:58.480+0000][gc,phases     ] GC(1221)   Post Evacuate Collection Set: 1.6ms
[2025-11-08T15:13:58.481+0000][gc,phases     ] GC(1221)   Other: 1.1ms
[2025-11-08T15:13:58.481+0000][gc,heap       ] GC(1221) Eden regions: 31->0(32)
[2025-11-08T15:13:58.482+0000][gc,heap       ] GC(1221) Survivor regions: 2->2(5)
[2025-11-08T15:13:58.482+0000][gc,heap       ] GC(1221) Old regions: 100->100
[2025-11-08T15:13:58.482+0000][gc,heap       ] GC(1221) Humongous regions: 147->147
[2025-11-08T15:13:58.483+0000][gc,metaspace  ] GC(1221) Metaspace: 52293K(55472K)->52293K(55472K) NonClass: 46506K(48304K)->46506K(48304K) Class: 5787K(7168K)->5787K(7168K)
[2025-11-08T15:13:58.484+0000][gc            ] GC(1221) Pause Young (Normal) (G1 Evacuation Pause) 279M->247M(667M) 23.050ms
[2025-11-08T15:13:58.484+0000][gc,cpu        ] GC(1221) User=0.03s Sys=0.00s Real=0.02s
[2025-11-08T15:14:01.027+0000][gc,start      ] GC(1222) Pause Young (Normal) (G1 Evacuation Pause)
[2025-11-08T15:14:01.028+0000][gc,task       ] GC(1222) Using 2 workers of 2 for evacuation
[2025-11-08T15:14:01.055+0000][gc,mmu        ] GC(1222) MMU target violated: 21.0ms (20.0ms/21.0ms)
[2025-11-08T15:14:01.056+0000][gc,phases     ] GC(1222)   Pre Evacuate Collection Set: 0.0ms
[2025-11-08T15:14:01.057+0000][gc,phases     ] GC(1222)   Evacuate Collection Set: 20.9ms
[2025-11-08T15:14:01.057+0000][gc,phases     ] GC(1222)   Post Evacuate Collection Set: 3.4ms
[2025-11-08T15:14:01.060+0000][gc,phases     ] GC(1222)   Other: 4.4ms
[2025-11-08T15:14:01.060+0000][gc,heap       ] GC(1222) Eden regions: 32->0(30)
[2025-11-08T15:14:01.060+0000][gc,heap       ] GC(1222) Survivor regions: 2->3(5)
[2025-11-08T15:14:01.061+0000][gc,heap       ] GC(1222) Old regions: 100->100
[2025-11-08T15:14:01.061+0000][gc,heap       ] GC(1222) Humongous regions: 147->147
[2025-11-08T15:14:01.065+0000][gc,metaspace  ] GC(1222) Metaspace: 52293K(55472K)->52293K(55472K) NonClass: 46506K(48304K)->46506K(48304K) Class: 5787K(7168K)->5787K(7168K)
[2025-11-08T15:14:01.066+0000][gc            ] GC(1222) Pause Young (Normal) (G1 Evacuation Pause) 279M->249M(667M) 39.094ms
[2025-11-08T15:14:01.067+0000][gc,cpu        ] GC(1222) User=0.05s Sys=0.00s Real=0.04s
[2025-11-08T15:14:03.579+0000][gc,start      ] GC(1223) Pause Young (Normal) (G1 Evacuation Pause)
[2025-11-08T15:14:03.588+0000][gc,task       ] GC(1223) Using 2 workers of 2 for evacuation
[2025-11-08T15:14:03.609+0000][gc,mmu        ] GC(1223) MMU target violated: 20.4ms (20.0ms/21.0ms)
[2025-11-08T15:14:03.610+0000][gc,phases     ] GC(1223)   Pre Evacuate Collection Set: 0.0ms
[2025-11-08T15:14:03.610+0000][gc,phases     ] GC(1223)   Evacuate Collection Set: 18.1ms
[2025-11-08T15:14:03.611+0000][gc,phases     ] GC(1223)   Post Evacuate Collection Set: 2.1ms
[2025-11-08T15:14:03.611+0000][gc,phases     ] GC(1223)   Other: 11.0ms
[2025-11-08T15:14:03.612+0000][gc,heap       ] GC(1223) Eden regions: 30->0(30)
[2025-11-08T15:14:03.612+0000][gc,heap       ] GC(1223) Survivor regions: 3->3(5)
[2025-11-08T15:14:03.613+0000][gc,heap       ] GC(1223) Old regions: 100->101
[2025-11-08T15:14:03.613+0000][gc,heap       ] GC(1223) Humongous regions: 147->147
[2025-11-08T15:14:03.614+0000][gc,metaspace  ] GC(1223) Metaspace: 52293K(55472K)->52293K(55472K) NonClass: 46506K(48304K)->46506K(48304K) Class: 5787K(7168K)->5787K(7168K)
[2025-11-08T15:14:03.614+0000][gc            ] GC(1223) Pause Young (Normal) (G1 Evacuation Pause) 279M->249M(667M) 35.886ms
[2025-11-08T15:14:03.615+0000][gc,cpu        ] GC(1223) User=0.04s Sys=0.00s Real=0.03s
[2025-11-08T15:14:05.796+0000][gc,start      ] GC(1224) Pause Young (Normal) (G1 Evacuation Pause)
[2025-11-08T15:14:05.797+0000][gc,task       ] GC(1224) Using 2 workers of 2 for evacuation
[2025-11-08T15:14:05.814+0000][gc,phases     ] GC(1224)   Pre Evacuate Collection Set: 0.0ms
[2025-11-08T15:14:05.815+0000][gc,phases     ] GC(1224)   Evacuate Collection Set: 14.4ms
[2025-11-08T15:14:05.815+0000][gc,phases     ] GC(1224)   Post Evacuate Collection Set: 1.4ms
[2025-11-08T15:14:05.816+0000][gc,phases     ] GC(1224)   Other: 2.5ms
[2025-11-08T15:14:05.816+0000][gc,heap       ] GC(1224) Eden regions: 30->0(31)
[2025-11-08T15:14:05.816+0000][gc,heap       ] GC(1224) Survivor regions: 3->2(5)
[2025-11-08T15:14:05.817+0000][gc,heap       ] GC(1224) Old regions: 101->101
[2025-11-08T15:14:05.817+0000][gc,heap       ] GC(1224) Humongous regions: 147->147
[2025-11-08T15:14:05.817+0000][gc,metaspace  ] GC(1224) Metaspace: 52293K(55472K)->52293K(55472K) NonClass: 46506K(48304K)->46506K(48304K) Class: 5787K(7168K)->5787K(7168K)
[2025-11-08T15:14:05.818+0000][gc            ] GC(1224) Pause Young (Normal) (G1 Evacuation Pause) 279M->249M(667M) 21.997ms
[2025-11-08T15:14:05.818+0000][gc,cpu        ] GC(1224) User=0.03s Sys=0.00s Real=0.02s
[2025-11-08T15:14:08.283+0000][gc,start      ] GC(1225) Pause Young (Normal) (G1 Evacuation Pause)
[2025-11-08T15:14:08.283+0000][gc,task       ] GC(1225) Using 2 workers of 2 for evacuation
[2025-11-08T15:14:08.307+0000][gc,mmu        ] GC(1225) MMU target violated: 21.0ms (20.0ms/21.0ms)
[2025-11-08T15:14:08.308+0000][gc,phases     ] GC(1225)   Pre Evacuate Collection Set: 0.0ms
[2025-11-08T15:14:08.309+0000][gc,phases     ] GC(1225)   Evacuate Collection Set: 19.1ms
[2025-11-08T15:14:08.309+0000][gc,phases     ] GC(1225)   Post Evacuate Collection Set: 1.9ms
[2025-11-08T15:14:08.310+0000][gc,phases     ] GC(1225)   Other: 4.6ms
[2025-11-08T15:14:08.310+0000][gc,heap       ] GC(1225) Eden regions: 31->0(31)
[2025-11-08T15:14:08.311+0000][gc,heap       ] GC(1225) Survivor regions: 2->2(5)
[2025-11-08T15:14:08.311+0000][gc,heap       ] GC(1225) Old regions: 101->101
[2025-11-08T15:14:08.312+0000][gc,heap       ] GC(1225) Humongous regions: 147->147
[2025-11-08T15:14:08.313+0000][gc,metaspace  ] GC(1225) Metaspace: 52293K(55472K)->52293K(55472K) NonClass: 46506K(48304K)->46506K(48304K) Class: 5787K(7168K)->5787K(7168K)
[2025-11-08T15:14:08.314+0000][gc            ] GC(1225) Pause Young (Normal) (G1 Evacuation Pause) 280M->248M(667M) 31.506ms
[2025-11-08T15:14:08.321+0000][gc,cpu        ] GC(1225) User=0.04s Sys=0.00s Real=0.04s
[2025-11-08T15:14:10.859+0000][gc,start      ] GC(1226) Pause Young (Normal) (G1 Evacuation Pause)
[2025-11-08T15:14:10.860+0000][gc,task       ] GC(1226) Using 2 workers of 2 for evacuation
[2025-11-08T15:14:10.874+0000][gc,phases     ] GC(1226)   Pre Evacuate Collection Set: 0.1ms
[2025-11-08T15:14:10.875+0000][gc,phases     ] GC(1226)   Evacuate Collection Set: 11.8ms
[2025-11-08T15:14:10.875+0000][gc,phases     ] GC(1226)   Post Evacuate Collection Set: 1.4ms
[2025-11-08T15:14:10.876+0000][gc,phases     ] GC(1226)   Other: 1.7ms
[2025-11-08T15:14:10.877+0000][gc,heap       ] GC(1226) Eden regions: 31->0(32)
[2025-11-08T15:14:10.877+0000][gc,heap       ] GC(1226) Survivor regions: 2->2(5)
[2025-11-08T15:14:10.878+0000][gc,heap       ] GC(1226) Old regions: 101->101
[2025-11-08T15:14:10.878+0000][gc,heap       ] GC(1226) Humongous regions: 147->147
[2025-11-08T15:14:10.879+0000][gc,metaspace  ] GC(1226) Metaspace: 52293K(55472K)->52293K(55472K) NonClass: 46506K(48304K)->46506K(48304K) Class: 5787K(7168K)->5787K(7168K)
[2025-11-08T15:14:10.879+0000][gc            ] GC(1226) Pause Young (Normal) (G1 Evacuation Pause) 279M->248M(667M) 19.487ms
[2025-11-08T15:14:10.879+0000][gc,cpu        ] GC(1226) User=0.02s Sys=0.00s Real=0.02s
[2025-11-08T15:14:13.502+0000][gc,start      ] GC(1227) Pause Young (Normal) (G1 Evacuation Pause)
[2025-11-08T15:14:13.503+0000][gc,task       ] GC(1227) Using 2 workers of 2 for evacuation
[2025-11-08T15:14:13.526+0000][gc,mmu        ] GC(1227) MMU target violated: 21.0ms (20.0ms/21.0ms)
[2025-11-08T15:14:13.529+0000][gc,phases     ] GC(1227)   Pre Evacuate Collection Set: 0.0ms
[2025-11-08T15:14:13.530+0000][gc,phases     ] GC(1227)   Evacuate Collection Set: 17.7ms
[2025-11-08T15:14:13.531+0000][gc,phases     ] GC(1227)   Post Evacuate Collection Set: 4.9ms
[2025-11-08T15:14:13.532+0000][gc,phases     ] GC(1227)   Other: 4.5ms
[2025-11-08T15:14:13.534+0000][gc,heap       ] GC(1227) Eden regions: 32->0(32)
[2025-11-08T15:14:13.534+0000][gc,heap       ] GC(1227) Survivor regions: 2->1(5)
[2025-11-08T15:14:13.536+0000][gc,heap       ] GC(1227) Old regions: 101->101
[2025-11-08T15:14:13.536+0000][gc,heap       ] GC(1227) Humongous regions: 147->147
[2025-11-08T15:14:13.538+0000][gc,metaspace  ] GC(1227) Metaspace: 52293K(55472K)->52293K(55472K) NonClass: 46506K(48304K)->46506K(48304K) Class: 5787K(7168K)->5787K(7168K)
[2025-11-08T15:14:13.540+0000][gc            ] GC(1227) Pause Young (Normal) (G1 Evacuation Pause) 280M->248M(667M) 38.737ms
[2025-11-08T15:14:13.545+0000][gc,cpu        ] GC(1227) User=0.04s Sys=0.00s Real=0.04s
[2025-11-08T15:14:16.301+0000][gc,start      ] GC(1228) Pause Young (Normal) (G1 Evacuation Pause)
[2025-11-08T15:14:16.302+0000][gc,task       ] GC(1228) Using 2 workers of 2 for evacuation
[2025-11-08T15:14:16.336+0000][gc,mmu        ] GC(1228) MMU target violated: 21.0ms (20.0ms/21.0ms)
[2025-11-08T15:14:16.336+0000][gc,phases     ] GC(1228)   Pre Evacuate Collection Set: 0.0ms
[2025-11-08T15:14:16.337+0000][gc,phases     ] GC(1228)   Evacuate Collection Set: 30.9ms
[2025-11-08T15:14:16.337+0000][gc,phases     ] GC(1228)   Post Evacuate Collection Set: 2.1ms
[2025-11-08T15:14:16.338+0000][gc,phases     ] GC(1228)   Other: 2.5ms
[2025-11-08T15:14:16.338+0000][gc,heap       ] GC(1228) Eden regions: 32->0(30)
[2025-11-08T15:14:16.340+0000][gc,heap       ] GC(1228) Survivor regions: 1->3(5)
[2025-11-08T15:14:16.340+0000][gc,heap       ] GC(1228) Old regions: 101->101
[2025-11-08T15:14:16.341+0000][gc,heap       ] GC(1228) Humongous regions: 147->147
[2025-11-08T15:14:16.341+0000][gc,metaspace  ] GC(1228) Metaspace: 52293K(55472K)->52293K(55472K) NonClass: 46506K(48304K)->46506K(48304K) Class: 5787K(7168K)->5787K(7168K)
[2025-11-08T15:14:16.342+0000][gc            ] GC(1228) Pause Young (Normal) (G1 Evacuation Pause) 280M->250M(667M) 40.921ms
[2025-11-08T15:14:16.343+0000][gc,cpu        ] GC(1228) User=0.06s Sys=0.00s Real=0.04s
[2025-11-08T15:14:18.865+0000][gc,start      ] GC(1229) Pause Young (Normal) (G1 Evacuation Pause)
[2025-11-08T15:14:18.866+0000][gc,task       ] GC(1229) Using 2 workers of 2 for evacuation
[2025-11-08T15:14:18.891+0000][gc,mmu        ] GC(1229) MMU target violated: 21.0ms (20.0ms/21.0ms)
[2025-11-08T15:14:18.893+0000][gc,phases     ] GC(1229)   Pre Evacuate Collection Set: 0.1ms
[2025-11-08T15:14:18.894+0000][gc,phases     ] GC(1229)   Evacuate Collection Set: 22.7ms
[2025-11-08T15:14:18.895+0000][gc,phases     ] GC(1229)   Post Evacuate Collection Set: 1.6ms
[2025-11-08T15:14:18.896+0000][gc,phases     ] GC(1229)   Other: 3.4ms
[2025-11-08T15:14:18.897+0000][gc,heap       ] GC(1229) Eden regions: 30->0(30)
[2025-11-08T15:14:18.898+0000][gc,heap       ] GC(1229) Survivor regions: 3->3(5)
[2025-11-08T15:14:18.899+0000][gc,heap       ] GC(1229) Old regions: 101->101
[2025-11-08T15:14:18.902+0000][gc,heap       ] GC(1229) Humongous regions: 147->147
[2025-11-08T15:14:18.903+0000][gc,metaspace  ] GC(1229) Metaspace: 52293K(55472K)->52293K(55472K) NonClass: 46506K(48304K)->46506K(48304K) Class: 5787K(7168K)->5787K(7168K)
[2025-11-08T15:14:18.904+0000][gc            ] GC(1229) Pause Young (Normal) (G1 Evacuation Pause) 280M->249M(667M) 38.717ms
[2025-11-08T15:14:18.904+0000][gc,cpu        ] GC(1229) User=0.05s Sys=0.00s Real=0.04s
[2025-11-08T15:14:22.042+0000][gc,start      ] GC(1230) Pause Young (Normal) (G1 Evacuation Pause)
[2025-11-08T15:14:22.043+0000][gc,task       ] GC(1230) Using 2 workers of 2 for evacuation
[2025-11-08T15:14:22.132+0000][gc,mmu        ] GC(1230) MMU target violated: 21.0ms (20.0ms/21.0ms)
[2025-11-08T15:14:22.133+0000][gc,phases     ] GC(1230)   Pre Evacuate Collection Set: 0.0ms
[2025-11-08T15:14:22.134+0000][gc,phases     ] GC(1230)   Evacuate Collection Set: 86.7ms
[2025-11-08T15:14:22.136+0000][gc,phases     ] GC(1230)   Post Evacuate Collection Set: 1.3ms
[2025-11-08T15:14:22.136+0000][gc,phases     ] GC(1230)   Other: 3.3ms
[2025-11-08T15:14:22.138+0000][gc,heap       ] GC(1230) Eden regions: 30->0(31)
[2025-11-08T15:14:22.141+0000][gc,heap       ] GC(1230) Survivor regions: 3->2(5)
[2025-11-08T15:14:22.144+0000][gc,heap       ] GC(1230) Old regions: 101->101
[2025-11-08T15:14:22.145+0000][gc,heap       ] GC(1230) Humongous regions: 147->147
[2025-11-08T15:14:22.146+0000][gc,metaspace  ] GC(1230) Metaspace: 52293K(55472K)->52293K(55472K) NonClass: 46506K(48304K)->46506K(48304K) Class: 5787K(7168K)->5787K(7168K)
[2025-11-08T15:14:22.147+0000][gc            ] GC(1230) Pause Young (Normal) (G1 Evacuation Pause) 279M->249M(667M) 105.138ms
[2025-11-08T15:14:22.147+0000][gc,cpu        ] GC(1230) User=0.10s Sys=0.02s Real=0.11s
[2025-11-08T15:14:24.944+0000][gc,start      ] GC(1231) Pause Young (Normal) (G1 Evacuation Pause)
[2025-11-08T15:14:24.945+0000][gc,task       ] GC(1231) Using 2 workers of 2 for evacuation
[2025-11-08T15:14:24.966+0000][gc,phases     ] GC(1231)   Pre Evacuate Collection Set: 0.0ms
[2025-11-08T15:14:24.967+0000][gc,phases     ] GC(1231)   Evacuate Collection Set: 16.6ms
[2025-11-08T15:14:24.967+0000][gc,phases     ] GC(1231)   Post Evacuate Collection Set: 2.2ms
[2025-11-08T15:14:24.968+0000][gc,phases     ] GC(1231)   Other: 2.6ms
[2025-11-08T15:14:24.968+0000][gc,heap       ] GC(1231) Eden regions: 31->0(31)
[2025-11-08T15:14:24.969+0000][gc,heap       ] GC(1231) Survivor regions: 2->2(5)
[2025-11-08T15:14:24.970+0000][gc,heap       ] GC(1231) Old regions: 101->101
[2025-11-08T15:14:24.971+0000][gc,heap       ] GC(1231) Humongous regions: 147->147
[2025-11-08T15:14:24.971+0000][gc,metaspace  ] GC(1231) Metaspace: 52293K(55472K)->52293K(55472K) NonClass: 46506K(48304K)->46506K(48304K) Class: 5787K(7168K)->5787K(7168K)
[2025-11-08T15:14:24.972+0000][gc            ] GC(1231) Pause Young (Normal) (G1 Evacuation Pause) 280M->249M(667M) 27.331ms
[2025-11-08T15:14:24.972+0000][gc,cpu        ] GC(1231) User=0.04s Sys=0.00s Real=0.03s
[2025-11-08T15:14:27.641+0000][gc,start      ] GC(1232) Pause Young (Normal) (G1 Evacuation Pause)
[2025-11-08T15:14:27.643+0000][gc,task       ] GC(1232) Using 2 workers of 2 for evacuation
[2025-11-08T15:14:27.663+0000][gc,phases     ] GC(1232)   Pre Evacuate Collection Set: 0.0ms
[2025-11-08T15:14:27.663+0000][gc,phases     ] GC(1232)   Evacuate Collection Set: 17.0ms
[2025-11-08T15:14:27.663+0000][gc,phases     ] GC(1232)   Post Evacuate Collection Set: 1.5ms
[2025-11-08T15:14:27.664+0000][gc,phases     ] GC(1232)   Other: 3.2ms
[2025-11-08T15:14:27.664+0000][gc,heap       ] GC(1232) Eden regions: 31->0(31)
[2025-11-08T15:14:27.665+0000][gc,heap       ] GC(1232) Survivor regions: 2->2(5)
[2025-11-08T15:14:27.666+0000][gc,heap       ] GC(1232) Old regions: 101->101
[2025-11-08T15:14:27.666+0000][gc,heap       ] GC(1232) Humongous regions: 147->147
[2025-11-08T15:14:27.666+0000][gc,metaspace  ] GC(1232) Metaspace: 52293K(55472K)->52293K(55472K) NonClass: 46506K(48304K)->46506K(48304K) Class: 5787K(7168K)->5787K(7168K)
[2025-11-08T15:14:27.667+0000][gc            ] GC(1232) Pause Young (Normal) (G1 Evacuation Pause) 280M->248M(667M) 25.862ms
[2025-11-08T15:14:27.667+0000][gc,cpu        ] GC(1232) User=0.04s Sys=0.00s Real=0.03s
[2025-11-08T15:14:31.225+0000][gc,start      ] GC(1233) Pause Young (Normal) (G1 Evacuation Pause)
[2025-11-08T15:14:31.226+0000][gc,task       ] GC(1233) Using 2 workers of 2 for evacuation
[2025-11-08T15:14:31.250+0000][gc,mmu        ] GC(1233) MMU target violated: 21.0ms (20.0ms/21.0ms)
[2025-11-08T15:14:31.251+0000][gc,phases     ] GC(1233)   Pre Evacuate Collection Set: 0.0ms
[2025-11-08T15:14:31.251+0000][gc,phases     ] GC(1233)   Evacuate Collection Set: 21.1ms
[2025-11-08T15:14:31.252+0000][gc,phases     ] GC(1233)   Post Evacuate Collection Set: 2.0ms
[2025-11-08T15:14:31.252+0000][gc,phases     ] GC(1233)   Other: 2.1ms
[2025-11-08T15:14:31.253+0000][gc,heap       ] GC(1233) Eden regions: 31->0(30)
[2025-11-08T15:14:31.255+0000][gc,heap       ] GC(1233) Survivor regions: 2->3(5)
[2025-11-08T15:14:31.256+0000][gc,heap       ] GC(1233) Old regions: 101->101
[2025-11-08T15:14:31.258+0000][gc,heap       ] GC(1233) Humongous regions: 147->147
[2025-11-08T15:14:31.259+0000][gc,metaspace  ] GC(1233) Metaspace: 52293K(55472K)->52293K(55472K) NonClass: 46506K(48304K)->46506K(48304K) Class: 5787K(7168K)->5787K(7168K)
[2025-11-08T15:14:31.260+0000][gc            ] GC(1233) Pause Young (Normal) (G1 Evacuation Pause) 279M->250M(667M) 34.479ms
[2025-11-08T15:14:31.261+0000][gc,cpu        ] GC(1233) User=0.05s Sys=0.00s Real=0.04s
[2025-11-08T15:14:33.808+0000][gc,start      ] GC(1234) Pause Young (Normal) (G1 Evacuation Pause)
[2025-11-08T15:14:33.808+0000][gc,task       ] GC(1234) Using 2 workers of 2 for evacuation
[2025-11-08T15:14:33.837+0000][gc,mmu        ] GC(1234) MMU target violated: 21.0ms (20.0ms/21.0ms)
[2025-11-08T15:14:33.837+0000][gc,phases     ] GC(1234)   Pre Evacuate Collection Set: 0.0ms
[2025-11-08T15:14:33.839+0000][gc,phases     ] GC(1234)   Evacuate Collection Set: 24.2ms
[2025-11-08T15:14:33.840+0000][gc,phases     ] GC(1234)   Post Evacuate Collection Set: 2.8ms
[2025-11-08T15:14:33.842+0000][gc,phases     ] GC(1234)   Other: 2.9ms
[2025-11-08T15:14:33.844+0000][gc,heap       ] GC(1234) Eden regions: 30->0(30)
[2025-11-08T15:14:33.845+0000][gc,heap       ] GC(1234) Survivor regions: 3->3(5)
[2025-11-08T15:14:33.846+0000][gc,heap       ] GC(1234) Old regions: 101->101
[2025-11-08T15:14:33.848+0000][gc,heap       ] GC(1234) Humongous regions: 147->147
[2025-11-08T15:14:33.848+0000][gc,metaspace  ] GC(1234) Metaspace: 52293K(55472K)->52293K(55472K) NonClass: 46506K(48304K)->46506K(48304K) Class: 5787K(7168K)->5787K(7168K)
[2025-11-08T15:14:33.849+0000][gc            ] GC(1234) Pause Young (Normal) (G1 Evacuation Pause) 280M->250M(667M) 41.664ms
[2025-11-08T15:14:33.850+0000][gc,cpu        ] GC(1234) User=0.05s Sys=0.00s Real=0.04s
[2025-11-08T15:14:36.543+0000][gc,start      ] GC(1235) Pause Young (Normal) (G1 Evacuation Pause)
[2025-11-08T15:14:36.544+0000][gc,task       ] GC(1235) Using 2 workers of 2 for evacuation
[2025-11-08T15:14:36.589+0000][gc,mmu        ] GC(1235) MMU target violated: 21.0ms (20.0ms/21.0ms)
[2025-11-08T15:14:36.591+0000][gc,phases     ] GC(1235)   Pre Evacuate Collection Set: 0.0ms
[2025-11-08T15:14:36.592+0000][gc,phases     ] GC(1235)   Evacuate Collection Set: 39.5ms
[2025-11-08T15:14:36.593+0000][gc,phases     ] GC(1235)   Post Evacuate Collection Set: 4.2ms
[2025-11-08T15:14:36.598+0000][gc,phases     ] GC(1235)   Other: 3.8ms
[2025-11-08T15:14:36.601+0000][gc,heap       ] GC(1235) Eden regions: 30->0(31)
[2025-11-08T15:14:36.602+0000][gc,heap       ] GC(1235) Survivor regions: 3->2(5)
[2025-11-08T15:14:36.603+0000][gc,heap       ] GC(1235) Old regions: 101->101
[2025-11-08T15:14:36.605+0000][gc,heap       ] GC(1235) Humongous regions: 147->147
[2025-11-08T15:14:36.606+0000][gc,metaspace  ] GC(1235) Metaspace: 52293K(55472K)->52293K(55472K) NonClass: 46506K(48304K)->46506K(48304K) Class: 5787K(7168K)->5787K(7168K)
[2025-11-08T15:14:36.613+0000][gc            ] GC(1235) Pause Young (Normal) (G1 Evacuation Pause) 280M->249M(667M) 69.879ms
[2025-11-08T15:14:36.614+0000][gc,cpu        ] GC(1235) User=0.05s Sys=0.00s Real=0.07s
[2025-11-08T15:14:39.220+0000][gc,start      ] GC(1236) Pause Young (Normal) (G1 Evacuation Pause)
[2025-11-08T15:14:39.225+0000][gc,task       ] GC(1236) Using 2 workers of 2 for evacuation
[2025-11-08T15:14:39.274+0000][gc,mmu        ] GC(1236) MMU target violated: 21.0ms (20.0ms/21.0ms)
[2025-11-08T15:14:39.275+0000][gc,phases     ] GC(1236)   Pre Evacuate Collection Set: 0.0ms
[2025-11-08T15:14:39.276+0000][gc,phases     ] GC(1236)   Evacuate Collection Set: 43.7ms
[2025-11-08T15:14:39.277+0000][gc,phases     ] GC(1236)   Post Evacuate Collection Set: 3.9ms
[2025-11-08T15:14:39.278+0000][gc,phases     ] GC(1236)   Other: 7.4ms
[2025-11-08T15:14:39.279+0000][gc,heap       ] GC(1236) Eden regions: 31->0(31)
[2025-11-08T15:14:39.280+0000][gc,heap       ] GC(1236) Survivor regions: 2->2(5)
[2025-11-08T15:14:39.280+0000][gc,heap       ] GC(1236) Old regions: 101->101
[2025-11-08T15:14:39.281+0000][gc,heap       ] GC(1236) Humongous regions: 147->147
[2025-11-08T15:14:39.281+0000][gc,metaspace  ] GC(1236) Metaspace: 52293K(55472K)->52293K(55472K) NonClass: 46506K(48304K)->46506K(48304K) Class: 5787K(7168K)->5787K(7168K)
[2025-11-08T15:14:39.282+0000][gc            ] GC(1236) Pause Young (Normal) (G1 Evacuation Pause) 280M->249M(667M) 61.521ms
[2025-11-08T15:14:39.283+0000][gc,cpu        ] GC(1236) User=0.05s Sys=0.00s Real=0.06s
[2025-11-08T15:14:41.843+0000][gc,start      ] GC(1237) Pause Young (Normal) (G1 Evacuation Pause)
[2025-11-08T15:14:41.844+0000][gc,task       ] GC(1237) Using 2 workers of 2 for evacuation
[2025-11-08T15:14:41.864+0000][gc,phases     ] GC(1237)   Pre Evacuate Collection Set: 0.0ms
[2025-11-08T15:14:41.864+0000][gc,phases     ] GC(1237)   Evacuate Collection Set: 17.3ms
[2025-11-08T15:14:41.865+0000][gc,phases     ] GC(1237)   Post Evacuate Collection Set: 1.6ms
[2025-11-08T15:14:41.866+0000][gc,phases     ] GC(1237)   Other: 2.3ms
[2025-11-08T15:14:41.866+0000][gc,heap       ] GC(1237) Eden regions: 31->0(31)
[2025-11-08T15:14:41.867+0000][gc,heap       ] GC(1237) Survivor regions: 2->2(5)
[2025-11-08T15:14:41.867+0000][gc,heap       ] GC(1237) Old regions: 101->101
[2025-11-08T15:14:41.868+0000][gc,heap       ] GC(1237) Humongous regions: 147->147
[2025-11-08T15:14:41.868+0000][gc,metaspace  ] GC(1237) Metaspace: 52293K(55472K)->52293K(55472K) NonClass: 46506K(48304K)->46506K(48304K) Class: 5787K(7168K)->5787K(7168K)
[2025-11-08T15:14:41.869+0000][gc            ] GC(1237) Pause Young (Normal) (G1 Evacuation Pause) 280M->249M(667M) 26.319ms
[2025-11-08T15:14:41.870+0000][gc,cpu        ] GC(1237) User=0.04s Sys=0.00s Real=0.03s
[2025-11-08T15:14:44.579+0000][gc,start      ] GC(1238) Pause Young (Normal) (G1 Evacuation Pause)
[2025-11-08T15:14:44.580+0000][gc,task       ] GC(1238) Using 2 workers of 2 for evacuation
[2025-11-08T15:14:44.636+0000][gc,mmu        ] GC(1238) MMU target violated: 21.0ms (20.0ms/21.0ms)
[2025-11-08T15:14:44.637+0000][gc,phases     ] GC(1238)   Pre Evacuate Collection Set: 0.2ms
[2025-11-08T15:14:44.638+0000][gc,phases     ] GC(1238)   Evacuate Collection Set: 48.0ms
[2025-11-08T15:14:44.638+0000][gc,phases     ] GC(1238)   Post Evacuate Collection Set: 3.6ms
[2025-11-08T15:14:44.649+0000][gc,phases     ] GC(1238)   Other: 6.3ms
[2025-11-08T15:14:44.650+0000][gc,heap       ] GC(1238) Eden regions: 31->0(30)
[2025-11-08T15:14:44.651+0000][gc,heap       ] GC(1238) Survivor regions: 2->3(5)
[2025-11-08T15:14:44.652+0000][gc,heap       ] GC(1238) Old regions: 101->101
[2025-11-08T15:14:44.652+0000][gc,heap       ] GC(1238) Humongous regions: 147->147
[2025-11-08T15:14:44.652+0000][gc,metaspace  ] GC(1238) Metaspace: 52293K(55472K)->52293K(55472K) NonClass: 46506K(48304K)->46506K(48304K) Class: 5787K(7168K)->5787K(7168K)
[2025-11-08T15:14:44.653+0000][gc            ] GC(1238) Pause Young (Normal) (G1 Evacuation Pause) 280M->250M(667M) 74.167ms
[2025-11-08T15:14:44.653+0000][gc,cpu        ] GC(1238) User=0.07s Sys=0.03s Real=0.07s
[2025-11-08T15:14:47.126+0000][gc,start      ] GC(1239) Pause Young (Normal) (G1 Evacuation Pause)
[2025-11-08T15:14:47.127+0000][gc,task       ] GC(1239) Using 2 workers of 2 for evacuation
[2025-11-08T15:14:47.155+0000][gc,mmu        ] GC(1239) MMU target violated: 21.0ms (20.0ms/21.0ms)
[2025-11-08T15:14:47.156+0000][gc,phases     ] GC(1239)   Pre Evacuate Collection Set: 0.0ms
[2025-11-08T15:14:47.157+0000][gc,phases     ] GC(1239)   Evacuate Collection Set: 24.7ms
[2025-11-08T15:14:47.158+0000][gc,phases     ] GC(1239)   Post Evacuate Collection Set: 1.9ms
[2025-11-08T15:14:47.158+0000][gc,phases     ] GC(1239)   Other: 3.0ms
[2025-11-08T15:14:47.159+0000][gc,heap       ] GC(1239) Eden regions: 30->0(30)
[2025-11-08T15:14:47.159+0000][gc,heap       ] GC(1239) Survivor regions: 3->3(5)
[2025-11-08T15:14:47.160+0000][gc,heap       ] GC(1239) Old regions: 101->102
[2025-11-08T15:14:47.160+0000][gc,heap       ] GC(1239) Humongous regions: 147->147
[2025-11-08T15:14:47.161+0000][gc,metaspace  ] GC(1239) Metaspace: 52293K(55472K)->52293K(55472K) NonClass: 46506K(48304K)->46506K(48304K) Class: 5787K(7168K)->5787K(7168K)
[2025-11-08T15:14:47.161+0000][gc            ] GC(1239) Pause Young (Normal) (G1 Evacuation Pause) 280M->250M(667M) 34.983ms
[2025-11-08T15:14:47.162+0000][gc,cpu        ] GC(1239) User=0.06s Sys=0.00s Real=0.03s
[2025-11-08T15:14:49.621+0000][gc,start      ] GC(1240) Pause Young (Normal) (G1 Evacuation Pause)
[2025-11-08T15:14:49.622+0000][gc,task       ] GC(1240) Using 2 workers of 2 for evacuation
[2025-11-08T15:14:49.653+0000][gc,mmu        ] GC(1240) MMU target violated: 21.0ms (20.0ms/21.0ms)
[2025-11-08T15:14:49.655+0000][gc,phases     ] GC(1240)   Pre Evacuate Collection Set: 0.1ms
[2025-11-08T15:14:49.657+0000][gc,phases     ] GC(1240)   Evacuate Collection Set: 25.9ms
[2025-11-08T15:14:49.659+0000][gc,phases     ] GC(1240)   Post Evacuate Collection Set: 3.4ms
[2025-11-08T15:14:49.660+0000][gc,phases     ] GC(1240)   Other: 4.6ms
[2025-11-08T15:14:49.665+0000][gc,heap       ] GC(1240) Eden regions: 30->0(31)
[2025-11-08T15:14:49.668+0000][gc,heap       ] GC(1240) Survivor regions: 3->2(5)
[2025-11-08T15:14:49.669+0000][gc,heap       ] GC(1240) Old regions: 102->102
[2025-11-08T15:14:49.671+0000][gc,heap       ] GC(1240) Humongous regions: 147->147
[2025-11-08T15:14:49.672+0000][gc,metaspace  ] GC(1240) Metaspace: 52293K(55472K)->52293K(55472K) NonClass: 46506K(48304K)->46506K(48304K) Class: 5787K(7168K)->5787K(7168K)
[2025-11-08T15:14:49.677+0000][gc            ] GC(1240) Pause Young (Normal) (G1 Evacuation Pause) 280M->250M(667M) 55.075ms
[2025-11-08T15:14:49.679+0000][gc,cpu        ] GC(1240) User=0.05s Sys=0.00s Real=0.06s
[2025-11-08T15:14:52.267+0000][gc,start      ] GC(1241) Pause Young (Normal) (G1 Evacuation Pause)
[2025-11-08T15:14:52.267+0000][gc,task       ] GC(1241) Using 2 workers of 2 for evacuation
[2025-11-08T15:14:52.289+0000][gc,mmu        ] GC(1241) MMU target violated: 21.0ms (20.0ms/21.0ms)
[2025-11-08T15:14:52.290+0000][gc,phases     ] GC(1241)   Pre Evacuate Collection Set: 0.0ms
[2025-11-08T15:14:52.291+0000][gc,phases     ] GC(1241)   Evacuate Collection Set: 20.2ms
[2025-11-08T15:14:52.291+0000][gc,phases     ] GC(1241)   Post Evacuate Collection Set: 1.2ms
[2025-11-08T15:14:52.292+0000][gc,phases     ] GC(1241)   Other: 2.0ms
[2025-11-08T15:14:52.292+0000][gc,heap       ] GC(1241) Eden regions: 31->0(31)
[2025-11-08T15:14:52.292+0000][gc,heap       ] GC(1241) Survivor regions: 2->2(5)
[2025-11-08T15:14:52.293+0000][gc,heap       ] GC(1241) Old regions: 102->102
[2025-11-08T15:14:52.293+0000][gc,heap       ] GC(1241) Humongous regions: 147->147
[2025-11-08T15:14:52.294+0000][gc,metaspace  ] GC(1241) Metaspace: 52293K(55472K)->52293K(55472K) NonClass: 46506K(48304K)->46506K(48304K) Class: 5787K(7168K)->5787K(7168K)
[2025-11-08T15:14:52.294+0000][gc            ] GC(1241) Pause Young (Normal) (G1 Evacuation Pause) 281M->249M(667M) 27.146ms
[2025-11-08T15:14:52.294+0000][gc,cpu        ] GC(1241) User=0.04s Sys=0.00s Real=0.02s
[2025-11-08T15:14:54.755+0000][gc,start      ] GC(1242) Pause Young (Normal) (G1 Evacuation Pause)
[2025-11-08T15:14:54.757+0000][gc,task       ] GC(1242) Using 2 workers of 2 for evacuation
[2025-11-08T15:14:54.770+0000][gc,phases     ] GC(1242)   Pre Evacuate Collection Set: 0.0ms
[2025-11-08T15:14:54.770+0000][gc,phases     ] GC(1242)   Evacuate Collection Set: 11.4ms
[2025-11-08T15:14:54.771+0000][gc,phases     ] GC(1242)   Post Evacuate Collection Set: 1.5ms
[2025-11-08T15:14:54.771+0000][gc,phases     ] GC(1242)   Other: 2.1ms
[2025-11-08T15:14:54.772+0000][gc,heap       ] GC(1242) Eden regions: 31->0(31)
[2025-11-08T15:14:54.773+0000][gc,heap       ] GC(1242) Survivor regions: 2->2(5)
[2025-11-08T15:14:54.775+0000][gc,heap       ] GC(1242) Old regions: 102->102
[2025-11-08T15:14:54.775+0000][gc,heap       ] GC(1242) Humongous regions: 147->147
[2025-11-08T15:14:54.776+0000][gc,metaspace  ] GC(1242) Metaspace: 52293K(55472K)->52293K(55472K) NonClass: 46506K(48304K)->46506K(48304K) Class: 5787K(7168K)->5787K(7168K)
[2025-11-08T15:14:54.776+0000][gc            ] GC(1242) Pause Young (Normal) (G1 Evacuation Pause) 280M->249M(667M) 20.839ms
[2025-11-08T15:14:54.776+0000][gc,cpu        ] GC(1242) User=0.03s Sys=0.00s Real=0.03s
[2025-11-08T15:14:57.270+0000][gc,start      ] GC(1243) Pause Young (Normal) (G1 Evacuation Pause)
[2025-11-08T15:14:57.271+0000][gc,task       ] GC(1243) Using 2 workers of 2 for evacuation
[2025-11-08T15:14:57.292+0000][gc,mmu        ] GC(1243) MMU target violated: 20.6ms (20.0ms/21.0ms)
[2025-11-08T15:14:57.292+0000][gc,phases     ] GC(1243)   Pre Evacuate Collection Set: 0.0ms
[2025-11-08T15:14:57.293+0000][gc,phases     ] GC(1243)   Evacuate Collection Set: 17.1ms
[2025-11-08T15:14:57.293+0000][gc,phases     ] GC(1243)   Post Evacuate Collection Set: 3.1ms
[2025-11-08T15:14:57.294+0000][gc,phases     ] GC(1243)   Other: 1.8ms
[2025-11-08T15:14:57.294+0000][gc,heap       ] GC(1243) Eden regions: 31->0(30)
[2025-11-08T15:14:57.295+0000][gc,heap       ] GC(1243) Survivor regions: 2->3(5)
[2025-11-08T15:14:57.296+0000][gc,heap       ] GC(1243) Old regions: 102->102
[2025-11-08T15:14:57.296+0000][gc,heap       ] GC(1243) Humongous regions: 147->147
[2025-11-08T15:14:57.297+0000][gc,metaspace  ] GC(1243) Metaspace: 52293K(55472K)->52293K(55472K) NonClass: 46506K(48304K)->46506K(48304K) Class: 5787K(7168K)->5787K(7168K)
[2025-11-08T15:14:57.298+0000][gc            ] GC(1243) Pause Young (Normal) (G1 Evacuation Pause) 280M->251M(667M) 27.355ms
[2025-11-08T15:14:57.298+0000][gc,cpu        ] GC(1243) User=0.04s Sys=0.00s Real=0.03s
[2025-11-08T15:14:59.684+0000][gc,start      ] GC(1244) Pause Young (Normal) (G1 Evacuation Pause)
[2025-11-08T15:14:59.684+0000][gc,task       ] GC(1244) Using 2 workers of 2 for evacuation
[2025-11-08T15:14:59.712+0000][gc,mmu        ] GC(1244) MMU target violated: 21.0ms (20.0ms/21.0ms)
[2025-11-08T15:14:59.712+0000][gc,phases     ] GC(1244)   Pre Evacuate Collection Set: 0.0ms
[2025-11-08T15:14:59.713+0000][gc,phases     ] GC(1244)   Evacuate Collection Set: 22.8ms
[2025-11-08T15:14:59.713+0000][gc,phases     ] GC(1244)   Post Evacuate Collection Set: 3.2ms
[2025-11-08T15:14:59.714+0000][gc,phases     ] GC(1244)   Other: 2.5ms
[2025-11-08T15:14:59.714+0000][gc,heap       ] GC(1244) Eden regions: 30->0(30)
[2025-11-08T15:14:59.714+0000][gc,heap       ] GC(1244) Survivor regions: 3->3(5)
[2025-11-08T15:14:59.715+0000][gc,heap       ] GC(1244) Old regions: 102->102
[2025-11-08T15:14:59.715+0000][gc,heap       ] GC(1244) Humongous regions: 147->147
[2025-11-08T15:14:59.716+0000][gc,metaspace  ] GC(1244) Metaspace: 52293K(55472K)->52293K(55472K) NonClass: 46506K(48304K)->46506K(48304K) Class: 5787K(7168K)->5787K(7168K)
[2025-11-08T15:14:59.716+0000][gc            ] GC(1244) Pause Young (Normal) (G1 Evacuation Pause) 281M->250M(667M) 32.661ms
[2025-11-08T15:14:59.717+0000][gc,cpu        ] GC(1244) User=0.04s Sys=0.00s Real=0.04s
[2025-11-08T15:15:03.254+0000][gc,start      ] GC(1245) Pause Young (Normal) (G1 Evacuation Pause)
[2025-11-08T15:15:03.254+0000][gc,task       ] GC(1245) Using 2 workers of 2 for evacuation
[2025-11-08T15:15:03.278+0000][gc,mmu        ] GC(1245) MMU target violated: 21.0ms (20.0ms/21.0ms)
[2025-11-08T15:15:03.279+0000][gc,phases     ] GC(1245)   Pre Evacuate Collection Set: 0.0ms
[2025-11-08T15:15:03.280+0000][gc,phases     ] GC(1245)   Evacuate Collection Set: 22.2ms
[2025-11-08T15:15:03.280+0000][gc,phases     ] GC(1245)   Post Evacuate Collection Set: 1.5ms
[2025-11-08T15:15:03.281+0000][gc,phases     ] GC(1245)   Other: 2.1ms
[2025-11-08T15:15:03.281+0000][gc,heap       ] GC(1245) Eden regions: 30->0(31)
[2025-11-08T15:15:03.282+0000][gc,heap       ] GC(1245) Survivor regions: 3->2(5)
[2025-11-08T15:15:03.282+0000][gc,heap       ] GC(1245) Old regions: 102->102
[2025-11-08T15:15:03.283+0000][gc,heap       ] GC(1245) Humongous regions: 147->147
[2025-11-08T15:15:03.283+0000][gc,metaspace  ] GC(1245) Metaspace: 52293K(55472K)->52293K(55472K) NonClass: 46506K(48304K)->46506K(48304K) Class: 5787K(7168K)->5787K(7168K)
[2025-11-08T15:15:03.284+0000][gc            ] GC(1245) Pause Young (Normal) (G1 Evacuation Pause) 280M->250M(667M) 30.127ms
[2025-11-08T15:15:03.284+0000][gc,cpu        ] GC(1245) User=0.04s Sys=0.00s Real=0.03s
[2025-11-08T15:15:06.631+0000][gc,start      ] GC(1246) Pause Young (Normal) (G1 Evacuation Pause)
[2025-11-08T15:15:06.631+0000][gc,task       ] GC(1246) Using 2 workers of 2 for evacuation
[2025-11-08T15:15:06.650+0000][gc,phases     ] GC(1246)   Pre Evacuate Collection Set: 0.3ms
[2025-11-08T15:15:06.651+0000][gc,phases     ] GC(1246)   Evacuate Collection Set: 16.0ms
[2025-11-08T15:15:06.652+0000][gc,phases     ] GC(1246)   Post Evacuate Collection Set: 2.1ms
[2025-11-08T15:15:06.652+0000][gc,phases     ] GC(1246)   Other: 1.6ms
[2025-11-08T15:15:06.653+0000][gc,heap       ] GC(1246) Eden regions: 31->0(31)
[2025-11-08T15:15:06.653+0000][gc,heap       ] GC(1246) Survivor regions: 2->2(5)
[2025-11-08T15:15:06.654+0000][gc,heap       ] GC(1246) Old regions: 102->102
[2025-11-08T15:15:06.655+0000][gc,heap       ] GC(1246) Humongous regions: 147->147
[2025-11-08T15:15:06.656+0000][gc,metaspace  ] GC(1246) Metaspace: 52293K(55472K)->52293K(55472K) NonClass: 46506K(48304K)->46506K(48304K) Class: 5787K(7168K)->5787K(7168K)
[2025-11-08T15:15:06.657+0000][gc            ] GC(1246) Pause Young (Normal) (G1 Evacuation Pause) 281M->250M(667M) 26.801ms
[2025-11-08T15:15:06.659+0000][gc,cpu        ] GC(1246) User=0.04s Sys=0.01s Real=0.03s
[2025-11-08T15:15:10.274+0000][gc,start      ] GC(1247) Pause Young (Normal) (G1 Evacuation Pause)
[2025-11-08T15:15:10.275+0000][gc,task       ] GC(1247) Using 2 workers of 2 for evacuation
[2025-11-08T15:15:10.401+0000][gc,mmu        ] GC(1247) MMU target violated: 21.0ms (20.0ms/21.0ms)
[2025-11-08T15:15:10.403+0000][gc,phases     ] GC(1247)   Pre Evacuate Collection Set: 0.0ms
[2025-11-08T15:15:10.403+0000][gc,phases     ] GC(1247)   Evacuate Collection Set: 46.9ms
[2025-11-08T15:15:10.404+0000][gc,phases     ] GC(1247)   Post Evacuate Collection Set: 3.2ms
[2025-11-08T15:15:10.406+0000][gc,phases     ] GC(1247)   Other: 78.6ms
[2025-11-08T15:15:10.406+0000][gc,heap       ] GC(1247) Eden regions: 31->0(31)
[2025-11-08T15:15:10.407+0000][gc,heap       ] GC(1247) Survivor regions: 2->2(5)
[2025-11-08T15:15:10.410+0000][gc,heap       ] GC(1247) Old regions: 102->102
[2025-11-08T15:15:10.411+0000][gc,heap       ] GC(1247) Humongous regions: 147->147
[2025-11-08T15:15:10.411+0000][gc,metaspace  ] GC(1247) Metaspace: 52295K(55472K)->52295K(55472K) NonClass: 46507K(48304K)->46507K(48304K) Class: 5787K(7168K)->5787K(7168K)
[2025-11-08T15:15:10.412+0000][gc            ] GC(1247) Pause Young (Normal) (G1 Evacuation Pause) 281M->249M(667M) 138.060ms
[2025-11-08T15:15:10.412+0000][gc,cpu        ] GC(1247) User=0.11s Sys=0.03s Real=0.14s
[2025-11-08T15:15:13.660+0000][gc,start      ] GC(1248) Pause Young (Normal) (G1 Evacuation Pause)
[2025-11-08T15:15:13.664+0000][gc,task       ] GC(1248) Using 2 workers of 2 for evacuation
[2025-11-08T15:15:13.695+0000][gc,mmu        ] GC(1248) MMU target violated: 21.0ms (20.0ms/21.0ms)
[2025-11-08T15:15:13.696+0000][gc,phases     ] GC(1248)   Pre Evacuate Collection Set: 0.0ms
[2025-11-08T15:15:13.698+0000][gc,phases     ] GC(1248)   Evacuate Collection Set: 28.6ms
[2025-11-08T15:15:13.699+0000][gc,phases     ] GC(1248)   Post Evacuate Collection Set: 1.2ms
[2025-11-08T15:15:13.699+0000][gc,phases     ] GC(1248)   Other: 6.1ms
[2025-11-08T15:15:13.703+0000][gc,heap       ] GC(1248) Eden regions: 31->0(30)
[2025-11-08T15:15:13.704+0000][gc,heap       ] GC(1248) Survivor regions: 2->3(5)
[2025-11-08T15:15:13.720+0000][gc,heap       ] GC(1248) Old regions: 102->102
[2025-11-08T15:15:13.791+0000][gc,heap       ] GC(1248) Humongous regions: 147->147
[2025-11-08T15:15:13.795+0000][gc,metaspace  ] GC(1248) Metaspace: 52295K(55472K)->52295K(55472K) NonClass: 46507K(48304K)->46507K(48304K) Class: 5787K(7168K)->5787K(7168K)
[2025-11-08T15:15:13.811+0000][gc            ] GC(1248) Pause Young (Normal) (G1 Evacuation Pause) 280M->251M(667M) 150.901ms
[2025-11-08T15:15:13.817+0000][gc,cpu        ] GC(1248) User=0.05s Sys=0.00s Real=0.16s
[2025-11-08T15:15:16.621+0000][gc,start      ] GC(1249) Pause Young (Normal) (G1 Evacuation Pause)
[2025-11-08T15:15:16.622+0000][gc,task       ] GC(1249) Using 2 workers of 2 for evacuation
[2025-11-08T15:15:16.644+0000][gc,mmu        ] GC(1249) MMU target violated: 20.2ms (20.0ms/21.0ms)
[2025-11-08T15:15:16.644+0000][gc,phases     ] GC(1249)   Pre Evacuate Collection Set: 0.0ms
[2025-11-08T15:15:16.644+0000][gc,phases     ] GC(1249)   Evacuate Collection Set: 18.3ms
[2025-11-08T15:15:16.645+0000][gc,phases     ] GC(1249)   Post Evacuate Collection Set: 1.4ms
[2025-11-08T15:15:16.645+0000][gc,phases     ] GC(1249)   Other: 3.4ms
[2025-11-08T15:15:16.646+0000][gc,heap       ] GC(1249) Eden regions: 30->0(30)
[2025-11-08T15:15:16.646+0000][gc,heap       ] GC(1249) Survivor regions: 3->3(5)
[2025-11-08T15:15:16.647+0000][gc,heap       ] GC(1249) Old regions: 102->103
[2025-11-08T15:15:16.647+0000][gc,heap       ] GC(1249) Humongous regions: 147->147
[2025-11-08T15:15:16.648+0000][gc,metaspace  ] GC(1249) Metaspace: 52295K(55472K)->52295K(55472K) NonClass: 46507K(48304K)->46507K(48304K) Class: 5787K(7168K)->5787K(7168K)
[2025-11-08T15:15:16.648+0000][gc            ] GC(1249) Pause Young (Normal) (G1 Evacuation Pause) 281M->251M(667M) 26.552ms
[2025-11-08T15:15:16.648+0000][gc,cpu        ] GC(1249) User=0.04s Sys=0.00s Real=0.03s
[2025-11-08T15:15:18.937+0000][gc,start      ] GC(1250) Pause Young (Normal) (G1 Evacuation Pause)
[2025-11-08T15:15:18.941+0000][gc,task       ] GC(1250) Using 2 workers of 2 for evacuation
[2025-11-08T15:15:18.966+0000][gc,mmu        ] GC(1250) MMU target violated: 21.0ms (20.0ms/21.0ms)
[2025-11-08T15:15:18.966+0000][gc,phases     ] GC(1250)   Pre Evacuate Collection Set: 0.0ms
[2025-11-08T15:15:18.967+0000][gc,phases     ] GC(1250)   Evacuate Collection Set: 22.1ms
[2025-11-08T15:15:18.968+0000][gc,phases     ] GC(1250)   Post Evacuate Collection Set: 1.7ms
[2025-11-08T15:15:18.968+0000][gc,phases     ] GC(1250)   Other: 5.7ms
[2025-11-08T15:15:18.968+0000][gc,heap       ] GC(1250) Eden regions: 30->0(31)
[2025-11-08T15:15:18.970+0000][gc,heap       ] GC(1250) Survivor regions: 3->2(5)
[2025-11-08T15:15:18.971+0000][gc,heap       ] GC(1250) Old regions: 103->103
[2025-11-08T15:15:18.972+0000][gc,heap       ] GC(1250) Humongous regions: 147->147
[2025-11-08T15:15:18.975+0000][gc,metaspace  ] GC(1250) Metaspace: 52295K(55472K)->52295K(55472K) NonClass: 46507K(48304K)->46507K(48304K) Class: 5787K(7168K)->5787K(7168K)
[2025-11-08T15:15:18.976+0000][gc            ] GC(1250) Pause Young (Normal) (G1 Evacuation Pause) 281M->250M(667M) 39.357ms
[2025-11-08T15:15:18.977+0000][gc,cpu        ] GC(1250) User=0.05s Sys=0.00s Real=0.04s
[2025-11-08T15:15:21.578+0000][gc,start      ] GC(1251) Pause Young (Normal) (G1 Evacuation Pause)
[2025-11-08T15:15:21.579+0000][gc,task       ] GC(1251) Using 2 workers of 2 for evacuation
[2025-11-08T15:15:21.596+0000][gc,phases     ] GC(1251)   Pre Evacuate Collection Set: 0.0ms
[2025-11-08T15:15:21.596+0000][gc,phases     ] GC(1251)   Evacuate Collection Set: 14.6ms
[2025-11-08T15:15:21.597+0000][gc,phases     ] GC(1251)   Post Evacuate Collection Set: 1.4ms
[2025-11-08T15:15:21.597+0000][gc,phases     ] GC(1251)   Other: 1.3ms
[2025-11-08T15:15:21.597+0000][gc,heap       ] GC(1251) Eden regions: 31->0(31)
[2025-11-08T15:15:21.598+0000][gc,heap       ] GC(1251) Survivor regions: 2->2(5)
[2025-11-08T15:15:21.598+0000][gc,heap       ] GC(1251) Old regions: 103->103
[2025-11-08T15:15:21.599+0000][gc,heap       ] GC(1251) Humongous regions: 147->147
[2025-11-08T15:15:21.599+0000][gc,metaspace  ] GC(1251) Metaspace: 52295K(55472K)->52295K(55472K) NonClass: 46507K(48304K)->46507K(48304K) Class: 5787K(7168K)->5787K(7168K)
[2025-11-08T15:15:21.599+0000][gc            ] GC(1251) Pause Young (Normal) (G1 Evacuation Pause) 281M->250M(667M) 20.904ms
[2025-11-08T15:15:21.600+0000][gc,cpu        ] GC(1251) User=0.03s Sys=0.00s Real=0.02s
[2025-11-08T15:15:24.322+0000][gc,start      ] GC(1252) Pause Young (Normal) (G1 Evacuation Pause)
[2025-11-08T15:15:24.322+0000][gc,task       ] GC(1252) Using 2 workers of 2 for evacuation
[2025-11-08T15:15:24.343+0000][gc,phases     ] GC(1252)   Pre Evacuate Collection Set: 0.0ms
[2025-11-08T15:15:24.344+0000][gc,phases     ] GC(1252)   Evacuate Collection Set: 17.6ms
[2025-11-08T15:15:24.345+0000][gc,phases     ] GC(1252)   Post Evacuate Collection Set: 1.8ms
[2025-11-08T15:15:24.345+0000][gc,phases     ] GC(1252)   Other: 1.6ms
[2025-11-08T15:15:24.346+0000][gc,heap       ] GC(1252) Eden regions: 31->0(31)
[2025-11-08T15:15:24.356+0000][gc,heap       ] GC(1252) Survivor regions: 2->2(5)
[2025-11-08T15:15:24.358+0000][gc,heap       ] GC(1252) Old regions: 103->103
[2025-11-08T15:15:24.359+0000][gc,heap       ] GC(1252) Humongous regions: 147->147
[2025-11-08T15:15:24.359+0000][gc,metaspace  ] GC(1252) Metaspace: 52295K(55472K)->52295K(55472K) NonClass: 46507K(48304K)->46507K(48304K) Class: 5787K(7168K)->5787K(7168K)
[2025-11-08T15:15:24.360+0000][gc            ] GC(1252) Pause Young (Normal) (G1 Evacuation Pause) 281M->250M(667M) 38.157ms
[2025-11-08T15:15:24.361+0000][gc,cpu        ] GC(1252) User=0.04s Sys=0.00s Real=0.04s
[2025-11-08T15:15:27.313+0000][gc,start      ] GC(1253) Pause Young (Normal) (G1 Evacuation Pause)
[2025-11-08T15:15:27.314+0000][gc,task       ] GC(1253) Using 2 workers of 2 for evacuation
[2025-11-08T15:15:27.340+0000][gc,mmu        ] GC(1253) MMU target violated: 21.0ms (20.0ms/21.0ms)
[2025-11-08T15:15:27.341+0000][gc,phases     ] GC(1253)   Pre Evacuate Collection Set: 0.0ms
[2025-11-08T15:15:27.341+0000][gc,phases     ] GC(1253)   Evacuate Collection Set: 21.7ms
[2025-11-08T15:15:27.342+0000][gc,phases     ] GC(1253)   Post Evacuate Collection Set: 3.9ms
[2025-11-08T15:15:27.343+0000][gc,phases     ] GC(1253)   Other: 1.9ms
[2025-11-08T15:15:27.344+0000][gc,heap       ] GC(1253) Eden regions: 31->0(30)
[2025-11-08T15:15:27.344+0000][gc,heap       ] GC(1253) Survivor regions: 2->3(5)
[2025-11-08T15:15:27.344+0000][gc,heap       ] GC(1253) Old regions: 103->103
[2025-11-08T15:15:27.345+0000][gc,heap       ] GC(1253) Humongous regions: 147->147
[2025-11-08T15:15:27.345+0000][gc,metaspace  ] GC(1253) Metaspace: 52295K(55472K)->52295K(55472K) NonClass: 46507K(48304K)->46507K(48304K) Class: 5787K(7168K)->5787K(7168K)
[2025-11-08T15:15:27.345+0000][gc            ] GC(1253) Pause Young (Normal) (G1 Evacuation Pause) 281M->251M(667M) 32.203ms
[2025-11-08T15:15:27.346+0000][gc,cpu        ] GC(1253) User=0.05s Sys=0.00s Real=0.04s
[2025-11-08T15:15:30.404+0000][gc,start      ] GC(1254) Pause Young (Normal) (G1 Evacuation Pause)
[2025-11-08T15:15:30.404+0000][gc,task       ] GC(1254) Using 2 workers of 2 for evacuation
[2025-11-08T15:15:30.435+0000][gc,mmu        ] GC(1254) MMU target violated: 21.0ms (20.0ms/21.0ms)
[2025-11-08T15:15:30.435+0000][gc,phases     ] GC(1254)   Pre Evacuate Collection Set: 0.0ms
[2025-11-08T15:15:30.436+0000][gc,phases     ] GC(1254)   Evacuate Collection Set: 25.5ms
[2025-11-08T15:15:30.436+0000][gc,phases     ] GC(1254)   Post Evacuate Collection Set: 1.8ms
[2025-11-08T15:15:30.436+0000][gc,phases     ] GC(1254)   Other: 4.2ms
[2025-11-08T15:15:30.437+0000][gc,heap       ] GC(1254) Eden regions: 30->0(30)
[2025-11-08T15:15:30.437+0000][gc,heap       ] GC(1254) Survivor regions: 3->3(5)
[2025-11-08T15:15:30.438+0000][gc,heap       ] GC(1254) Old regions: 103->103
[2025-11-08T15:15:30.439+0000][gc,heap       ] GC(1254) Humongous regions: 147->147
[2025-11-08T15:15:30.440+0000][gc,metaspace  ] GC(1254) Metaspace: 52299K(55472K)->52299K(55472K) NonClass: 46511K(48304K)->46511K(48304K) Class: 5787K(7168K)->5787K(7168K)
[2025-11-08T15:15:30.440+0000][gc            ] GC(1254) Pause Young (Normal) (G1 Evacuation Pause) 281M->251M(667M) 36.629ms
[2025-11-08T15:15:30.441+0000][gc,cpu        ] GC(1254) User=0.05s Sys=0.00s Real=0.04s
[2025-11-08T15:15:33.083+0000][gc,start      ] GC(1255) Pause Young (Normal) (G1 Evacuation Pause)
[2025-11-08T15:15:33.084+0000][gc,task       ] GC(1255) Using 2 workers of 2 for evacuation
[2025-11-08T15:15:33.111+0000][gc,mmu        ] GC(1255) MMU target violated: 21.0ms (20.0ms/21.0ms)
[2025-11-08T15:15:33.111+0000][gc,phases     ] GC(1255)   Pre Evacuate Collection Set: 0.0ms
[2025-11-08T15:15:33.112+0000][gc,phases     ] GC(1255)   Evacuate Collection Set: 22.6ms
[2025-11-08T15:15:33.112+0000][gc,phases     ] GC(1255)   Post Evacuate Collection Set: 2.6ms
[2025-11-08T15:15:33.113+0000][gc,phases     ] GC(1255)   Other: 3.4ms
[2025-11-08T15:15:33.113+0000][gc,heap       ] GC(1255) Eden regions: 30->0(31)
[2025-11-08T15:15:33.114+0000][gc,heap       ] GC(1255) Survivor regions: 3->2(5)
[2025-11-08T15:15:33.114+0000][gc,heap       ] GC(1255) Old regions: 103->103
[2025-11-08T15:15:33.115+0000][gc,heap       ] GC(1255) Humongous regions: 147->147
[2025-11-08T15:15:33.115+0000][gc,metaspace  ] GC(1255) Metaspace: 52299K(55472K)->52299K(55472K) NonClass: 46511K(48304K)->46511K(48304K) Class: 5787K(7168K)->5787K(7168K)
[2025-11-08T15:15:33.115+0000][gc            ] GC(1255) Pause Young (Normal) (G1 Evacuation Pause) 281M->251M(667M) 32.639ms
[2025-11-08T15:15:33.117+0000][gc,cpu        ] GC(1255) User=0.05s Sys=0.00s Real=0.04s
[2025-11-08T15:15:36.332+0000][gc,start      ] GC(1256) Pause Young (Normal) (G1 Evacuation Pause)
[2025-11-08T15:15:36.332+0000][gc,task       ] GC(1256) Using 2 workers of 2 for evacuation
[2025-11-08T15:15:36.375+0000][gc,mmu        ] GC(1256) MMU target violated: 21.0ms (20.0ms/21.0ms)
[2025-11-08T15:15:36.377+0000][gc,phases     ] GC(1256)   Pre Evacuate Collection Set: 0.0ms
[2025-11-08T15:15:36.378+0000][gc,phases     ] GC(1256)   Evacuate Collection Set: 35.9ms
[2025-11-08T15:15:36.378+0000][gc,phases     ] GC(1256)   Post Evacuate Collection Set: 4.1ms
[2025-11-08T15:15:36.379+0000][gc,phases     ] GC(1256)   Other: 5.3ms
[2025-11-08T15:15:36.442+0000][gc,heap       ] GC(1256) Eden regions: 31->0(31)
[2025-11-08T15:15:36.450+0000][gc,heap       ] GC(1256) Survivor regions: 2->2(5)
[2025-11-08T15:15:36.453+0000][gc,heap       ] GC(1256) Old regions: 103->103
[2025-11-08T15:15:36.467+0000][gc,heap       ] GC(1256) Humongous regions: 147->147
[2025-11-08T15:15:36.469+0000][gc,metaspace  ] GC(1256) Metaspace: 52299K(55472K)->52299K(55472K) NonClass: 46511K(48304K)->46511K(48304K) Class: 5787K(7168K)->5787K(7168K)
[2025-11-08T15:15:36.470+0000][gc            ] GC(1256) Pause Young (Normal) (G1 Evacuation Pause) 282M->251M(667M) 138.115ms
[2025-11-08T15:15:36.471+0000][gc,cpu        ] GC(1256) User=0.06s Sys=0.01s Real=0.14s
[2025-11-08T15:15:40.413+0000][gc,start      ] GC(1257) Pause Young (Normal) (G1 Evacuation Pause)
[2025-11-08T15:15:40.413+0000][gc,task       ] GC(1257) Using 2 workers of 2 for evacuation
[2025-11-08T15:15:40.435+0000][gc,mmu        ] GC(1257) MMU target violated: 21.0ms (20.0ms/21.0ms)
[2025-11-08T15:15:40.436+0000][gc,phases     ] GC(1257)   Pre Evacuate Collection Set: 0.0ms
[2025-11-08T15:15:40.436+0000][gc,phases     ] GC(1257)   Evacuate Collection Set: 17.9ms
[2025-11-08T15:15:40.437+0000][gc,phases     ] GC(1257)   Post Evacuate Collection Set: 2.8ms
[2025-11-08T15:15:40.437+0000][gc,phases     ] GC(1257)   Other: 2.6ms
[2025-11-08T15:15:40.438+0000][gc,heap       ] GC(1257) Eden regions: 31->0(31)
[2025-11-08T15:15:40.438+0000][gc,heap       ] GC(1257) Survivor regions: 2->2(5)
[2025-11-08T15:15:40.438+0000][gc,heap       ] GC(1257) Old regions: 103->103
[2025-11-08T15:15:40.439+0000][gc,heap       ] GC(1257) Humongous regions: 147->147
[2025-11-08T15:15:40.439+0000][gc,metaspace  ] GC(1257) Metaspace: 52299K(55472K)->52299K(55472K) NonClass: 46511K(48304K)->46511K(48304K) Class: 5787K(7168K)->5787K(7168K)
[2025-11-08T15:15:40.440+0000][gc            ] GC(1257) Pause Young (Normal) (G1 Evacuation Pause) 282M->250M(667M) 27.080ms
[2025-11-08T15:15:40.440+0000][gc,cpu        ] GC(1257) User=0.04s Sys=0.00s Real=0.03s
[2025-11-08T15:15:43.429+0000][gc,start      ] GC(1258) Pause Young (Normal) (G1 Evacuation Pause)
[2025-11-08T15:15:43.430+0000][gc,task       ] GC(1258) Using 2 workers of 2 for evacuation
[2025-11-08T15:15:43.451+0000][gc,mmu        ] GC(1258) MMU target violated: 21.0ms (20.0ms/21.0ms)
[2025-11-08T15:15:43.452+0000][gc,phases     ] GC(1258)   Pre Evacuate Collection Set: 0.0ms
[2025-11-08T15:15:43.452+0000][gc,phases     ] GC(1258)   Evacuate Collection Set: 19.4ms
[2025-11-08T15:15:43.453+0000][gc,phases     ] GC(1258)   Post Evacuate Collection Set: 1.7ms
[2025-11-08T15:15:43.453+0000][gc,phases     ] GC(1258)   Other: 1.7ms
[2025-11-08T15:15:43.453+0000][gc,heap       ] GC(1258) Eden regions: 31->0(30)
[2025-11-08T15:15:43.454+0000][gc,heap       ] GC(1258) Survivor regions: 2->3(5)
[2025-11-08T15:15:43.454+0000][gc,heap       ] GC(1258) Old regions: 103->103
[2025-11-08T15:15:43.455+0000][gc,heap       ] GC(1258) Humongous regions: 147->147
[2025-11-08T15:15:43.455+0000][gc,metaspace  ] GC(1258) Metaspace: 52299K(55472K)->52299K(55472K) NonClass: 46511K(48304K)->46511K(48304K) Class: 5787K(7168K)->5787K(7168K)
[2025-11-08T15:15:43.456+0000][gc            ] GC(1258) Pause Young (Normal) (G1 Evacuation Pause) 281M->252M(667M) 26.684ms
[2025-11-08T15:15:43.456+0000][gc,cpu        ] GC(1258) User=0.04s Sys=0.00s Real=0.03s
[2025-11-08T15:15:46.151+0000][gc,start      ] GC(1259) Pause Young (Normal) (G1 Evacuation Pause)
[2025-11-08T15:15:46.152+0000][gc,task       ] GC(1259) Using 2 workers of 2 for evacuation
[2025-11-08T15:15:46.177+0000][gc,mmu        ] GC(1259) MMU target violated: 21.0ms (20.0ms/21.0ms)
[2025-11-08T15:15:46.178+0000][gc,phases     ] GC(1259)   Pre Evacuate Collection Set: 0.0ms
[2025-11-08T15:15:46.179+0000][gc,phases     ] GC(1259)   Evacuate Collection Set: 23.0ms
[2025-11-08T15:15:46.179+0000][gc,phases     ] GC(1259)   Post Evacuate Collection Set: 1.5ms
[2025-11-08T15:15:46.200+0000][gc,phases     ] GC(1259)   Other: 2.9ms
[2025-11-08T15:15:46.200+0000][gc,heap       ] GC(1259) Eden regions: 30->0(30)
[2025-11-08T15:15:46.201+0000][gc,heap       ] GC(1259) Survivor regions: 3->3(5)
[2025-11-08T15:15:46.201+0000][gc,heap       ] GC(1259) Old regions: 103->103
[2025-11-08T15:15:46.202+0000][gc,heap       ] GC(1259) Humongous regions: 147->147
[2025-11-08T15:15:46.202+0000][gc,metaspace  ] GC(1259) Metaspace: 52299K(55472K)->52299K(55472K) NonClass: 46511K(48304K)->46511K(48304K) Class: 5787K(7168K)->5787K(7168K)
[2025-11-08T15:15:46.203+0000][gc            ] GC(1259) Pause Young (Normal) (G1 Evacuation Pause) 282M->251M(667M) 52.061ms
[2025-11-08T15:15:46.204+0000][gc,cpu        ] GC(1259) User=0.05s Sys=0.00s Real=0.05s
[2025-11-08T15:15:49.020+0000][gc,start      ] GC(1260) Pause Young (Normal) (G1 Evacuation Pause)
[2025-11-08T15:15:49.021+0000][gc,task       ] GC(1260) Using 2 workers of 2 for evacuation
[2025-11-08T15:15:49.068+0000][gc,mmu        ] GC(1260) MMU target violated: 21.0ms (20.0ms/21.0ms)
[2025-11-08T15:15:49.069+0000][gc,phases     ] GC(1260)   Pre Evacuate Collection Set: 0.0ms
[2025-11-08T15:15:49.073+0000][gc,phases     ] GC(1260)   Evacuate Collection Set: 34.7ms
[2025-11-08T15:15:49.074+0000][gc,phases     ] GC(1260)   Post Evacuate Collection Set: 6.4ms
[2025-11-08T15:15:49.076+0000][gc,phases     ] GC(1260)   Other: 8.1ms
[2025-11-08T15:15:49.078+0000][gc,heap       ] GC(1260) Eden regions: 30->0(31)
[2025-11-08T15:15:49.078+0000][gc,heap       ] GC(1260) Survivor regions: 3->2(5)
[2025-11-08T15:15:49.079+0000][gc,heap       ] GC(1260) Old regions: 103->103
[2025-11-08T15:15:49.080+0000][gc,heap       ] GC(1260) Humongous regions: 147->147
[2025-11-08T15:15:49.081+0000][gc,metaspace  ] GC(1260) Metaspace: 52299K(55472K)->52299K(55472K) NonClass: 46511K(48304K)->46511K(48304K) Class: 5787K(7168K)->5787K(7168K)
[2025-11-08T15:15:49.082+0000][gc            ] GC(1260) Pause Young (Normal) (G1 Evacuation Pause) 281M->251M(667M) 61.459ms
[2025-11-08T15:15:49.082+0000][gc,cpu        ] GC(1260) User=0.06s Sys=0.00s Real=0.06s
[2025-11-08T15:15:51.763+0000][gc,start      ] GC(1261) Pause Young (Normal) (G1 Evacuation Pause)
[2025-11-08T15:15:51.764+0000][gc,task       ] GC(1261) Using 2 workers of 2 for evacuation
[2025-11-08T15:15:51.781+0000][gc,phases     ] GC(1261)   Pre Evacuate Collection Set: 0.0ms
[2025-11-08T15:15:51.782+0000][gc,phases     ] GC(1261)   Evacuate Collection Set: 15.4ms
[2025-11-08T15:15:51.782+0000][gc,phases     ] GC(1261)   Post Evacuate Collection Set: 1.7ms
[2025-11-08T15:15:51.783+0000][gc,phases     ] GC(1261)   Other: 1.1ms
[2025-11-08T15:15:51.783+0000][gc,heap       ] GC(1261) Eden regions: 31->0(31)
[2025-11-08T15:15:51.786+0000][gc,heap       ] GC(1261) Survivor regions: 2->2(5)
[2025-11-08T15:15:51.792+0000][gc,heap       ] GC(1261) Old regions: 103->103
[2025-11-08T15:15:51.793+0000][gc,heap       ] GC(1261) Humongous regions: 147->147
[2025-11-08T15:15:51.794+0000][gc,metaspace  ] GC(1261) Metaspace: 52299K(55472K)->52299K(55472K) NonClass: 46511K(48304K)->46511K(48304K) Class: 5787K(7168K)->5787K(7168K)
[2025-11-08T15:15:51.794+0000][gc            ] GC(1261) Pause Young (Normal) (G1 Evacuation Pause) 282M->251M(667M) 31.121ms
[2025-11-08T15:15:51.797+0000][gc,cpu        ] GC(1261) User=0.04s Sys=0.00s Real=0.04s
[2025-11-08T15:15:54.377+0000][gc,start      ] GC(1262) Pause Young (Normal) (G1 Evacuation Pause)
[2025-11-08T15:15:54.378+0000][gc,task       ] GC(1262) Using 2 workers of 2 for evacuation
[2025-11-08T15:15:54.399+0000][gc,mmu        ] GC(1262) MMU target violated: 20.6ms (20.0ms/21.0ms)
[2025-11-08T15:15:54.400+0000][gc,phases     ] GC(1262)   Pre Evacuate Collection Set: 0.0ms
[2025-11-08T15:15:54.400+0000][gc,phases     ] GC(1262)   Evacuate Collection Set: 18.9ms
[2025-11-08T15:15:54.401+0000][gc,phases     ] GC(1262)   Post Evacuate Collection Set: 1.5ms
[2025-11-08T15:15:54.401+0000][gc,phases     ] GC(1262)   Other: 2.3ms
[2025-11-08T15:15:54.402+0000][gc,heap       ] GC(1262) Eden regions: 31->0(31)
[2025-11-08T15:15:54.402+0000][gc,heap       ] GC(1262) Survivor regions: 2->2(5)
[2025-11-08T15:15:54.403+0000][gc,heap       ] GC(1262) Old regions: 103->103
[2025-11-08T15:15:54.404+0000][gc,heap       ] GC(1262) Humongous regions: 147->147
[2025-11-08T15:15:54.404+0000][gc,metaspace  ] GC(1262) Metaspace: 52299K(55472K)->52299K(55472K) NonClass: 46511K(48304K)->46511K(48304K) Class: 5787K(7168K)->5787K(7168K)
[2025-11-08T15:15:54.405+0000][gc            ] GC(1262) Pause Young (Normal) (G1 Evacuation Pause) 282M->251M(667M) 27.794ms
[2025-11-08T15:15:54.406+0000][gc,cpu        ] GC(1262) User=0.04s Sys=0.00s Real=0.02s
[2025-11-08T15:15:56.708+0000][gc,start      ] GC(1263) Pause Young (Normal) (G1 Evacuation Pause)
[2025-11-08T15:15:56.708+0000][gc,task       ] GC(1263) Using 2 workers of 2 for evacuation
[2025-11-08T15:15:56.728+0000][gc,phases     ] GC(1263)   Pre Evacuate Collection Set: 0.0ms
[2025-11-08T15:15:56.729+0000][gc,phases     ] GC(1263)   Evacuate Collection Set: 17.1ms
[2025-11-08T15:15:56.729+0000][gc,phases     ] GC(1263)   Post Evacuate Collection Set: 1.7ms
[2025-11-08T15:15:56.730+0000][gc,phases     ] GC(1263)   Other: 1.8ms
[2025-11-08T15:15:56.730+0000][gc,heap       ] GC(1263) Eden regions: 31->0(30)
[2025-11-08T15:15:56.730+0000][gc,heap       ] GC(1263) Survivor regions: 2->3(5)
[2025-11-08T15:15:56.731+0000][gc,heap       ] GC(1263) Old regions: 103->103
[2025-11-08T15:15:56.731+0000][gc,heap       ] GC(1263) Humongous regions: 147->147
[2025-11-08T15:15:56.731+0000][gc,metaspace  ] GC(1263) Metaspace: 52299K(55472K)->52299K(55472K) NonClass: 46511K(48304K)->46511K(48304K) Class: 5787K(7168K)->5787K(7168K)
[2025-11-08T15:15:56.732+0000][gc            ] GC(1263) Pause Young (Normal) (G1 Evacuation Pause) 282M->252M(667M) 23.838ms
[2025-11-08T15:15:56.732+0000][gc,cpu        ] GC(1263) User=0.04s Sys=0.00s Real=0.02s
[2025-11-08T15:15:59.168+0000][gc,start      ] GC(1264) Pause Young (Normal) (G1 Evacuation Pause)
[2025-11-08T15:15:59.176+0000][gc,task       ] GC(1264) Using 2 workers of 2 for evacuation
[2025-11-08T15:15:59.206+0000][gc,mmu        ] GC(1264) MMU target violated: 21.0ms (20.0ms/21.0ms)
[2025-11-08T15:15:59.210+0000][gc,phases     ] GC(1264)   Pre Evacuate Collection Set: 0.1ms
[2025-11-08T15:15:59.211+0000][gc,phases     ] GC(1264)   Evacuate Collection Set: 25.5ms
[2025-11-08T15:15:59.213+0000][gc,phases     ] GC(1264)   Post Evacuate Collection Set: 2.6ms
[2025-11-08T15:15:59.215+0000][gc,phases     ] GC(1264)   Other: 13.8ms
[2025-11-08T15:15:59.216+0000][gc,heap       ] GC(1264) Eden regions: 30->0(30)
[2025-11-08T15:15:59.216+0000][gc,heap       ] GC(1264) Survivor regions: 3->3(5)
[2025-11-08T15:15:59.217+0000][gc,heap       ] GC(1264) Old regions: 103->104
[2025-11-08T15:15:59.218+0000][gc,heap       ] GC(1264) Humongous regions: 147->147
[2025-11-08T15:15:59.218+0000][gc,metaspace  ] GC(1264) Metaspace: 52299K(55472K)->52299K(55472K) NonClass: 46511K(48304K)->46511K(48304K) Class: 5787K(7168K)->5787K(7168K)
[2025-11-08T15:15:59.220+0000][gc            ] GC(1264) Pause Young (Normal) (G1 Evacuation Pause) 282M->252M(667M) 52.196ms
[2025-11-08T15:15:59.222+0000][gc,cpu        ] GC(1264) User=0.05s Sys=0.00s Real=0.05s
[2025-11-08T15:16:01.964+0000][gc,start      ] GC(1265) Pause Young (Normal) (G1 Evacuation Pause)
[2025-11-08T15:16:01.966+0000][gc,task       ] GC(1265) Using 2 workers of 2 for evacuation
[2025-11-08T15:16:02.030+0000][gc,mmu        ] GC(1265) MMU target violated: 21.0ms (20.0ms/21.0ms)
[2025-11-08T15:16:02.032+0000][gc,phases     ] GC(1265)   Pre Evacuate Collection Set: 0.2ms
[2025-11-08T15:16:02.034+0000][gc,phases     ] GC(1265)   Evacuate Collection Set: 60.6ms
[2025-11-08T15:16:02.034+0000][gc,phases     ] GC(1265)   Post Evacuate Collection Set: 0.8ms
[2025-11-08T15:16:02.035+0000][gc,phases     ] GC(1265)   Other: 6.2ms
[2025-11-08T15:16:02.035+0000][gc,heap       ] GC(1265) Eden regions: 30->0(31)
[2025-11-08T15:16:02.036+0000][gc,heap       ] GC(1265) Survivor regions: 3->2(5)
[2025-11-08T15:16:02.037+0000][gc,heap       ] GC(1265) Old regions: 104->104
[2025-11-08T15:16:02.037+0000][gc,heap       ] GC(1265) Humongous regions: 147->147
[2025-11-08T15:16:02.038+0000][gc,metaspace  ] GC(1265) Metaspace: 52299K(55472K)->52299K(55472K) NonClass: 46511K(48304K)->46511K(48304K) Class: 5787K(7168K)->5787K(7168K)
[2025-11-08T15:16:02.038+0000][gc            ] GC(1265) Pause Young (Normal) (G1 Evacuation Pause) 282M->251M(667M) 74.436ms
[2025-11-08T15:16:02.040+0000][gc,cpu        ] GC(1265) User=0.05s Sys=0.00s Real=0.08s
[2025-11-08T15:16:04.748+0000][gc,start      ] GC(1266) Pause Young (Normal) (G1 Evacuation Pause)
[2025-11-08T15:16:04.748+0000][gc,task       ] GC(1266) Using 2 workers of 2 for evacuation
[2025-11-08T15:16:04.777+0000][gc,mmu        ] GC(1266) MMU target violated: 21.0ms (20.0ms/21.0ms)
[2025-11-08T15:16:04.779+0000][gc,phases     ] GC(1266)   Pre Evacuate Collection Set: 0.0ms
[2025-11-08T15:16:04.782+0000][gc,phases     ] GC(1266)   Evacuate Collection Set: 16.0ms
[2025-11-08T15:16:04.783+0000][gc,phases     ] GC(1266)   Post Evacuate Collection Set: 12.1ms
[2025-11-08T15:16:04.784+0000][gc,phases     ] GC(1266)   Other: 3.6ms
[2025-11-08T15:16:04.785+0000][gc,heap       ] GC(1266) Eden regions: 31->0(31)
[2025-11-08T15:16:04.785+0000][gc,heap       ] GC(1266) Survivor regions: 2->2(5)
[2025-11-08T15:16:04.786+0000][gc,heap       ] GC(1266) Old regions: 104->104
[2025-11-08T15:16:04.786+0000][gc,heap       ] GC(1266) Humongous regions: 147->147
[2025-11-08T15:16:04.787+0000][gc,metaspace  ] GC(1266) Metaspace: 52299K(55472K)->52299K(55472K) NonClass: 46511K(48304K)->46511K(48304K) Class: 5787K(7168K)->5787K(7168K)
[2025-11-08T15:16:04.788+0000][gc            ] GC(1266) Pause Young (Normal) (G1 Evacuation Pause) 282M->251M(667M) 39.984ms
[2025-11-08T15:16:04.788+0000][gc,cpu        ] GC(1266) User=0.03s Sys=0.00s Real=0.04s
[2025-11-08T15:16:07.168+0000][gc,start      ] GC(1267) Pause Young (Normal) (G1 Evacuation Pause)
[2025-11-08T15:16:07.169+0000][gc,task       ] GC(1267) Using 2 workers of 2 for evacuation
[2025-11-08T15:16:07.184+0000][gc,phases     ] GC(1267)   Pre Evacuate Collection Set: 0.0ms
[2025-11-08T15:16:07.185+0000][gc,phases     ] GC(1267)   Evacuate Collection Set: 12.8ms
[2025-11-08T15:16:07.185+0000][gc,phases     ] GC(1267)   Post Evacuate Collection Set: 1.4ms
[2025-11-08T15:16:07.186+0000][gc,phases     ] GC(1267)   Other: 1.8ms
[2025-11-08T15:16:07.186+0000][gc,heap       ] GC(1267) Eden regions: 31->0(31)
[2025-11-08T15:16:07.187+0000][gc,heap       ] GC(1267) Survivor regions: 2->2(5)
[2025-11-08T15:16:07.187+0000][gc,heap       ] GC(1267) Old regions: 104->104
[2025-11-08T15:16:07.187+0000][gc,heap       ] GC(1267) Humongous regions: 147->147
[2025-11-08T15:16:07.188+0000][gc,metaspace  ] GC(1267) Metaspace: 52299K(55472K)->52299K(55472K) NonClass: 46511K(48304K)->46511K(48304K) Class: 5787K(7168K)->5787K(7168K)
[2025-11-08T15:16:07.188+0000][gc            ] GC(1267) Pause Young (Normal) (G1 Evacuation Pause) 282M->251M(667M) 19.850ms
[2025-11-08T15:16:07.189+0000][gc,cpu        ] GC(1267) User=0.03s Sys=0.00s Real=0.02s
[2025-11-08T15:16:09.596+0000][gc,start      ] GC(1268) Pause Young (Normal) (G1 Evacuation Pause)
[2025-11-08T15:16:09.596+0000][gc,task       ] GC(1268) Using 2 workers of 2 for evacuation
[2025-11-08T15:16:09.620+0000][gc,mmu        ] GC(1268) MMU target violated: 21.0ms (20.0ms/21.0ms)
[2025-11-08T15:16:09.622+0000][gc,phases     ] GC(1268)   Pre Evacuate Collection Set: 0.0ms
[2025-11-08T15:16:09.624+0000][gc,phases     ] GC(1268)   Evacuate Collection Set: 21.3ms
[2025-11-08T15:16:09.626+0000][gc,phases     ] GC(1268)   Post Evacuate Collection Set: 2.3ms
[2025-11-08T15:16:09.626+0000][gc,phases     ] GC(1268)   Other: 2.7ms
[2025-11-08T15:16:09.627+0000][gc,heap       ] GC(1268) Eden regions: 31->0(30)
[2025-11-08T15:16:09.627+0000][gc,heap       ] GC(1268) Survivor regions: 2->3(5)
[2025-11-08T15:16:09.628+0000][gc,heap       ] GC(1268) Old regions: 104->104
[2025-11-08T15:16:09.628+0000][gc,heap       ] GC(1268) Humongous regions: 147->147
[2025-11-08T15:16:09.629+0000][gc,metaspace  ] GC(1268) Metaspace: 52299K(55472K)->52299K(55472K) NonClass: 46511K(48304K)->46511K(48304K) Class: 5787K(7168K)->5787K(7168K)
[2025-11-08T15:16:09.629+0000][gc            ] GC(1268) Pause Young (Normal) (G1 Evacuation Pause) 282M->253M(667M) 33.708ms
[2025-11-08T15:16:09.630+0000][gc,cpu        ] GC(1268) User=0.05s Sys=0.00s Real=0.04s
[2025-11-08T15:16:12.174+0000][gc,start      ] GC(1269) Pause Young (Normal) (G1 Evacuation Pause)
[2025-11-08T15:16:12.176+0000][gc,task       ] GC(1269) Using 2 workers of 2 for evacuation
[2025-11-08T15:16:12.295+0000][gc,mmu        ] GC(1269) MMU target violated: 21.0ms (20.0ms/21.0ms)
[2025-11-08T15:16:12.302+0000][gc,phases     ] GC(1269)   Pre Evacuate Collection Set: 0.0ms
[2025-11-08T15:16:12.305+0000][gc,phases     ] GC(1269)   Evacuate Collection Set: 102.3ms
[2025-11-08T15:16:12.306+0000][gc,phases     ] GC(1269)   Post Evacuate Collection Set: 16.0ms
[2025-11-08T15:16:12.307+0000][gc,phases     ] GC(1269)   Other: 8.9ms
[2025-11-08T15:16:12.308+0000][gc,heap       ] GC(1269) Eden regions: 30->0(30)
[2025-11-08T15:16:12.309+0000][gc,heap       ] GC(1269) Survivor regions: 3->3(5)
[2025-11-08T15:16:12.309+0000][gc,heap       ] GC(1269) Old regions: 104->104
[2025-11-08T15:16:12.309+0000][gc,heap       ] GC(1269) Humongous regions: 147->147
[2025-11-08T15:16:12.310+0000][gc,metaspace  ] GC(1269) Metaspace: 52299K(55472K)->52299K(55472K) NonClass: 46511K(48304K)->46511K(48304K) Class: 5787K(7168K)->5787K(7168K)
[2025-11-08T15:16:12.311+0000][gc            ] GC(1269) Pause Young (Normal) (G1 Evacuation Pause) 283M->252M(667M) 136.411ms
[2025-11-08T15:16:12.311+0000][gc,cpu        ] GC(1269) User=0.14s Sys=0.07s Real=0.14s
[2025-11-08T15:16:14.650+0000][gc,start      ] GC(1270) Pause Young (Normal) (G1 Evacuation Pause)
[2025-11-08T15:16:14.650+0000][gc,task       ] GC(1270) Using 2 workers of 2 for evacuation
[2025-11-08T15:16:14.665+0000][gc,phases     ] GC(1270)   Pre Evacuate Collection Set: 0.0ms
[2025-11-08T15:16:14.666+0000][gc,phases     ] GC(1270)   Evacuate Collection Set: 13.0ms
[2025-11-08T15:16:14.666+0000][gc,phases     ] GC(1270)   Post Evacuate Collection Set: 1.4ms
[2025-11-08T15:16:14.667+0000][gc,phases     ] GC(1270)   Other: 1.0ms
[2025-11-08T15:16:14.667+0000][gc,heap       ] GC(1270) Eden regions: 30->0(31)
[2025-11-08T15:16:14.668+0000][gc,heap       ] GC(1270) Survivor regions: 3->2(5)
[2025-11-08T15:16:14.670+0000][gc,heap       ] GC(1270) Old regions: 104->104
[2025-11-08T15:16:14.670+0000][gc,heap       ] GC(1270) Humongous regions: 147->147
[2025-11-08T15:16:14.671+0000][gc,metaspace  ] GC(1270) Metaspace: 52299K(55472K)->52299K(55472K) NonClass: 46511K(48304K)->46511K(48304K) Class: 5787K(7168K)->5787K(7168K)
[2025-11-08T15:16:14.671+0000][gc            ] GC(1270) Pause Young (Normal) (G1 Evacuation Pause) 282M->252M(667M) 21.281ms
[2025-11-08T15:16:14.672+0000][gc,cpu        ] GC(1270) User=0.03s Sys=0.00s Real=0.02s
[2025-11-08T15:16:17.017+0000][gc,start      ] GC(1271) Pause Young (Normal) (G1 Evacuation Pause)
[2025-11-08T15:16:17.017+0000][gc,task       ] GC(1271) Using 2 workers of 2 for evacuation
[2025-11-08T15:16:17.037+0000][gc,phases     ] GC(1271)   Pre Evacuate Collection Set: 0.0ms
[2025-11-08T15:16:17.037+0000][gc,phases     ] GC(1271)   Evacuate Collection Set: 16.5ms
[2025-11-08T15:16:17.038+0000][gc,phases     ] GC(1271)   Post Evacuate Collection Set: 2.4ms
[2025-11-08T15:16:17.038+0000][gc,phases     ] GC(1271)   Other: 1.0ms
[2025-11-08T15:16:17.040+0000][gc,heap       ] GC(1271) Eden regions: 31->0(31)
[2025-11-08T15:16:17.040+0000][gc,heap       ] GC(1271) Survivor regions: 2->2(5)
[2025-11-08T15:16:17.041+0000][gc,heap       ] GC(1271) Old regions: 104->104
[2025-11-08T15:16:17.041+0000][gc,heap       ] GC(1271) Humongous regions: 147->147
[2025-11-08T15:16:17.042+0000][gc,metaspace  ] GC(1271) Metaspace: 52299K(55472K)->52299K(55472K) NonClass: 46511K(48304K)->46511K(48304K) Class: 5787K(7168K)->5787K(7168K)
[2025-11-08T15:16:17.043+0000][gc            ] GC(1271) Pause Young (Normal) (G1 Evacuation Pause) 283M->252M(667M) 26.011ms
[2025-11-08T15:16:17.043+0000][gc,cpu        ] GC(1271) User=0.03s Sys=0.00s Real=0.02s
[2025-11-08T15:16:19.460+0000][gc,start      ] GC(1272) Pause Young (Normal) (G1 Evacuation Pause)
[2025-11-08T15:16:19.462+0000][gc,task       ] GC(1272) Using 2 workers of 2 for evacuation
[2025-11-08T15:16:19.490+0000][gc,mmu        ] GC(1272) MMU target violated: 21.0ms (20.0ms/21.0ms)
[2025-11-08T15:16:19.491+0000][gc,phases     ] GC(1272)   Pre Evacuate Collection Set: 0.0ms
[2025-11-08T15:16:19.491+0000][gc,phases     ] GC(1272)   Evacuate Collection Set: 21.2ms
[2025-11-08T15:16:19.492+0000][gc,phases     ] GC(1272)   Post Evacuate Collection Set: 2.1ms
[2025-11-08T15:16:19.492+0000][gc,phases     ] GC(1272)   Other: 7.1ms
[2025-11-08T15:16:19.493+0000][gc,heap       ] GC(1272) Eden regions: 31->0(31)
[2025-11-08T15:16:19.493+0000][gc,heap       ] GC(1272) Survivor regions: 2->2(5)
[2025-11-08T15:16:19.494+0000][gc,heap       ] GC(1272) Old regions: 104->104
[2025-11-08T15:16:19.494+0000][gc,heap       ] GC(1272) Humongous regions: 147->147
[2025-11-08T15:16:19.495+0000][gc,metaspace  ] GC(1272) Metaspace: 52299K(55472K)->52299K(55472K) NonClass: 46511K(48304K)->46511K(48304K) Class: 5787K(7168K)->5787K(7168K)
[2025-11-08T15:16:19.495+0000][gc            ] GC(1272) Pause Young (Normal) (G1 Evacuation Pause) 283M->251M(667M) 34.848ms
[2025-11-08T15:16:19.497+0000][gc,cpu        ] GC(1272) User=0.04s Sys=0.00s Real=0.04s
[2025-11-08T15:16:21.817+0000][gc,start      ] GC(1273) Pause Young (Normal) (G1 Evacuation Pause)
[2025-11-08T15:16:21.819+0000][gc,task       ] GC(1273) Using 2 workers of 2 for evacuation
[2025-11-08T15:16:21.852+0000][gc,mmu        ] GC(1273) MMU target violated: 21.0ms (20.0ms/21.0ms)
[2025-11-08T15:16:21.852+0000][gc,phases     ] GC(1273)   Pre Evacuate Collection Set: 0.0ms
[2025-11-08T15:16:21.853+0000][gc,phases     ] GC(1273)   Evacuate Collection Set: 28.1ms
[2025-11-08T15:16:21.853+0000][gc,phases     ] GC(1273)   Post Evacuate Collection Set: 2.3ms
[2025-11-08T15:16:21.855+0000][gc,phases     ] GC(1273)   Other: 4.5ms
[2025-11-08T15:16:21.857+0000][gc,heap       ] GC(1273) Eden regions: 31->0(30)
[2025-11-08T15:16:21.857+0000][gc,heap       ] GC(1273) Survivor regions: 2->3(5)
[2025-11-08T15:16:21.858+0000][gc,heap       ] GC(1273) Old regions: 104->104
[2025-11-08T15:16:21.859+0000][gc,heap       ] GC(1273) Humongous regions: 147->147
[2025-11-08T15:16:21.860+0000][gc,metaspace  ] GC(1273) Metaspace: 52299K(55472K)->52299K(55472K) NonClass: 46511K(48304K)->46511K(48304K) Class: 5787K(7168K)->5787K(7168K)
[2025-11-08T15:16:21.860+0000][gc            ] GC(1273) Pause Young (Normal) (G1 Evacuation Pause) 282M->253M(667M) 42.915ms
[2025-11-08T15:16:21.862+0000][gc,cpu        ] GC(1273) User=0.07s Sys=0.00s Real=0.04s
[2025-11-08T15:16:24.550+0000][gc,start      ] GC(1274) Pause Young (Normal) (G1 Evacuation Pause)
[2025-11-08T15:16:24.550+0000][gc,task       ] GC(1274) Using 2 workers of 2 for evacuation
[2025-11-08T15:16:24.573+0000][gc,mmu        ] GC(1274) MMU target violated: 21.0ms (20.0ms/21.0ms)
[2025-11-08T15:16:24.573+0000][gc,phases     ] GC(1274)   Pre Evacuate Collection Set: 0.0ms
[2025-11-08T15:16:24.574+0000][gc,phases     ] GC(1274)   Evacuate Collection Set: 20.0ms
[2025-11-08T15:16:24.574+0000][gc,phases     ] GC(1274)   Post Evacuate Collection Set: 1.2ms
[2025-11-08T15:16:24.575+0000][gc,phases     ] GC(1274)   Other: 2.0ms
[2025-11-08T15:16:24.575+0000][gc,heap       ] GC(1274) Eden regions: 30->0(30)
[2025-11-08T15:16:24.576+0000][gc,heap       ] GC(1274) Survivor regions: 3->3(5)
[2025-11-08T15:16:24.576+0000][gc,heap       ] GC(1274) Old regions: 104->104
[2025-11-08T15:16:24.576+0000][gc,heap       ] GC(1274) Humongous regions: 147->147
[2025-11-08T15:16:24.577+0000][gc,metaspace  ] GC(1274) Metaspace: 52299K(55472K)->52299K(55472K) NonClass: 46511K(48304K)->46511K(48304K) Class: 5787K(7168K)->5787K(7168K)
[2025-11-08T15:16:24.577+0000][gc            ] GC(1274) Pause Young (Normal) (G1 Evacuation Pause) 283M->253M(667M) 27.188ms
[2025-11-08T15:16:24.577+0000][gc,cpu        ] GC(1274) User=0.04s Sys=0.00s Real=0.03s
[2025-11-08T15:16:27.002+0000][gc,start      ] GC(1275) Pause Young (Normal) (G1 Evacuation Pause)
[2025-11-08T15:16:27.003+0000][gc,task       ] GC(1275) Using 2 workers of 2 for evacuation
[2025-11-08T15:16:27.026+0000][gc,mmu        ] GC(1275) MMU target violated: 21.0ms (20.0ms/21.0ms)
[2025-11-08T15:16:27.026+0000][gc,phases     ] GC(1275)   Pre Evacuate Collection Set: 0.1ms
[2025-11-08T15:16:27.027+0000][gc,phases     ] GC(1275)   Evacuate Collection Set: 19.5ms
[2025-11-08T15:16:27.027+0000][gc,phases     ] GC(1275)   Post Evacuate Collection Set: 1.8ms
[2025-11-08T15:16:27.028+0000][gc,phases     ] GC(1275)   Other: 3.1ms
[2025-11-08T15:16:27.028+0000][gc,heap       ] GC(1275) Eden regions: 30->0(31)
[2025-11-08T15:16:27.029+0000][gc,heap       ] GC(1275) Survivor regions: 3->2(5)
[2025-11-08T15:16:27.029+0000][gc,heap       ] GC(1275) Old regions: 104->104
[2025-11-08T15:16:27.030+0000][gc,heap       ] GC(1275) Humongous regions: 147->147
[2025-11-08T15:16:27.030+0000][gc,metaspace  ] GC(1275) Metaspace: 52299K(55472K)->52299K(55472K) NonClass: 46511K(48304K)->46511K(48304K) Class: 5787K(7168K)->5787K(7168K)
[2025-11-08T15:16:27.031+0000][gc            ] GC(1275) Pause Young (Normal) (G1 Evacuation Pause) 283M->252M(667M) 28.472ms
[2025-11-08T15:16:27.031+0000][gc,cpu        ] GC(1275) User=0.04s Sys=0.00s Real=0.03s
[2025-11-08T15:16:29.930+0000][gc,start      ] GC(1276) Pause Young (Normal) (G1 Evacuation Pause)
[2025-11-08T15:16:29.931+0000][gc,task       ] GC(1276) Using 2 workers of 2 for evacuation
[2025-11-08T15:16:29.946+0000][gc,phases     ] GC(1276)   Pre Evacuate Collection Set: 0.0ms
[2025-11-08T15:16:29.947+0000][gc,phases     ] GC(1276)   Evacuate Collection Set: 13.6ms
[2025-11-08T15:16:29.947+0000][gc,phases     ] GC(1276)   Post Evacuate Collection Set: 1.3ms
[2025-11-08T15:16:29.947+0000][gc,phases     ] GC(1276)   Other: 1.4ms
[2025-11-08T15:16:29.948+0000][gc,heap       ] GC(1276) Eden regions: 31->0(31)
[2025-11-08T15:16:29.948+0000][gc,heap       ] GC(1276) Survivor regions: 2->2(5)
[2025-11-08T15:16:29.948+0000][gc,heap       ] GC(1276) Old regions: 104->104
[2025-11-08T15:16:29.949+0000][gc,heap       ] GC(1276) Humongous regions: 147->147
[2025-11-08T15:16:29.950+0000][gc,metaspace  ] GC(1276) Metaspace: 52299K(55472K)->52299K(55472K) NonClass: 46511K(48304K)->46511K(48304K) Class: 5787K(7168K)->5787K(7168K)
[2025-11-08T15:16:29.950+0000][gc            ] GC(1276) Pause Young (Normal) (G1 Evacuation Pause) 283M->252M(667M) 19.998ms
[2025-11-08T15:16:29.951+0000][gc,cpu        ] GC(1276) User=0.03s Sys=0.00s Real=0.02s
[2025-11-08T15:16:32.374+0000][gc,start      ] GC(1277) Pause Young (Normal) (G1 Evacuation Pause)
[2025-11-08T15:16:32.375+0000][gc,task       ] GC(1277) Using 2 workers of 2 for evacuation
[2025-11-08T15:16:32.399+0000][gc,mmu        ] GC(1277) MMU target violated: 21.0ms (20.0ms/21.0ms)
[2025-11-08T15:16:32.399+0000][gc,phases     ] GC(1277)   Pre Evacuate Collection Set: 0.1ms
[2025-11-08T15:16:32.400+0000][gc,phases     ] GC(1277)   Evacuate Collection Set: 20.2ms
[2025-11-08T15:16:32.401+0000][gc,phases     ] GC(1277)   Post Evacuate Collection Set: 2.4ms
[2025-11-08T15:16:32.401+0000][gc,phases     ] GC(1277)   Other: 2.6ms
[2025-11-08T15:16:32.402+0000][gc,heap       ] GC(1277) Eden regions: 31->0(31)
[2025-11-08T15:16:32.404+0000][gc,heap       ] GC(1277) Survivor regions: 2->2(5)
[2025-11-08T15:16:32.405+0000][gc,heap       ] GC(1277) Old regions: 104->104
[2025-11-08T15:16:32.406+0000][gc,heap       ] GC(1277) Humongous regions: 147->147
[2025-11-08T15:16:32.407+0000][gc,metaspace  ] GC(1277) Metaspace: 52299K(55472K)->52299K(55472K) NonClass: 46511K(48304K)->46511K(48304K) Class: 5787K(7168K)->5787K(7168K)
[2025-11-08T15:16:32.408+0000][gc            ] GC(1277) Pause Young (Normal) (G1 Evacuation Pause) 283M->252M(667M) 33.667ms
[2025-11-08T15:16:32.408+0000][gc,cpu        ] GC(1277) User=0.04s Sys=0.00s Real=0.04s
[2025-11-08T15:16:35.114+0000][gc,start      ] GC(1278) Pause Young (Normal) (G1 Evacuation Pause)
[2025-11-08T15:16:35.118+0000][gc,task       ] GC(1278) Using 2 workers of 2 for evacuation
[2025-11-08T15:16:35.200+0000][gc,mmu        ] GC(1278) MMU target violated: 21.0ms (20.0ms/21.0ms)
[2025-11-08T15:16:35.200+0000][gc,phases     ] GC(1278)   Pre Evacuate Collection Set: 0.0ms
[2025-11-08T15:16:35.201+0000][gc,phases     ] GC(1278)   Evacuate Collection Set: 78.8ms
[2025-11-08T15:16:35.201+0000][gc,phases     ] GC(1278)   Post Evacuate Collection Set: 1.5ms
[2025-11-08T15:16:35.202+0000][gc,phases     ] GC(1278)   Other: 5.8ms
[2025-11-08T15:16:35.203+0000][gc,heap       ] GC(1278) Eden regions: 31->0(30)
[2025-11-08T15:16:35.203+0000][gc,heap       ] GC(1278) Survivor regions: 2->3(5)
[2025-11-08T15:16:35.204+0000][gc,heap       ] GC(1278) Old regions: 104->104
[2025-11-08T15:16:35.205+0000][gc,heap       ] GC(1278) Humongous regions: 147->147
[2025-11-08T15:16:35.206+0000][gc,metaspace  ] GC(1278) Metaspace: 52299K(55472K)->52299K(55472K) NonClass: 46511K(48304K)->46511K(48304K) Class: 5787K(7168K)->5787K(7168K)
[2025-11-08T15:16:35.207+0000][gc            ] GC(1278) Pause Young (Normal) (G1 Evacuation Pause) 283M->253M(667M) 92.487ms
[2025-11-08T15:16:35.207+0000][gc,cpu        ] GC(1278) User=0.13s Sys=0.03s Real=0.10s
[2025-11-08T15:16:37.937+0000][gc,start      ] GC(1279) Pause Young (Normal) (G1 Evacuation Pause)
[2025-11-08T15:16:37.938+0000][gc,task       ] GC(1279) Using 2 workers of 2 for evacuation
[2025-11-08T15:16:37.965+0000][gc,mmu        ] GC(1279) MMU target violated: 21.0ms (20.0ms/21.0ms)
[2025-11-08T15:16:37.966+0000][gc,phases     ] GC(1279)   Pre Evacuate Collection Set: 0.0ms
[2025-11-08T15:16:37.967+0000][gc,phases     ] GC(1279)   Evacuate Collection Set: 23.8ms
[2025-11-08T15:16:37.967+0000][gc,phases     ] GC(1279)   Post Evacuate Collection Set: 2.7ms
[2025-11-08T15:16:37.968+0000][gc,phases     ] GC(1279)   Other: 3.0ms
[2025-11-08T15:16:37.969+0000][gc,heap       ] GC(1279) Eden regions: 30->0(30)
[2025-11-08T15:16:37.971+0000][gc,heap       ] GC(1279) Survivor regions: 3->3(5)
[2025-11-08T15:16:37.973+0000][gc,heap       ] GC(1279) Old regions: 104->105
[2025-11-08T15:16:37.973+0000][gc,heap       ] GC(1279) Humongous regions: 147->147
[2025-11-08T15:16:37.974+0000][gc,metaspace  ] GC(1279) Metaspace: 52299K(55472K)->52299K(55472K) NonClass: 46511K(48304K)->46511K(48304K) Class: 5787K(7168K)->5787K(7168K)
[2025-11-08T15:16:37.975+0000][gc            ] GC(1279) Pause Young (Normal) (G1 Evacuation Pause) 283M->253M(667M) 37.919ms
[2025-11-08T15:16:37.975+0000][gc,cpu        ] GC(1279) User=0.06s Sys=0.00s Real=0.03s
[2025-11-08T15:16:40.293+0000][gc,start      ] GC(1280) Pause Young (Normal) (G1 Evacuation Pause)
[2025-11-08T15:16:40.294+0000][gc,task       ] GC(1280) Using 2 workers of 2 for evacuation
[2025-11-08T15:16:40.310+0000][gc,phases     ] GC(1280)   Pre Evacuate Collection Set: 0.0ms
[2025-11-08T15:16:40.311+0000][gc,phases     ] GC(1280)   Evacuate Collection Set: 14.2ms
[2025-11-08T15:16:40.311+0000][gc,phases     ] GC(1280)   Post Evacuate Collection Set: 1.3ms
[2025-11-08T15:16:40.311+0000][gc,phases     ] GC(1280)   Other: 1.5ms
[2025-11-08T15:16:40.311+0000][gc,heap       ] GC(1280) Eden regions: 30->0(31)
[2025-11-08T15:16:40.312+0000][gc,heap       ] GC(1280) Survivor regions: 3->2(5)
[2025-11-08T15:16:40.312+0000][gc,heap       ] GC(1280) Old regions: 105->105
[2025-11-08T15:16:40.312+0000][gc,heap       ] GC(1280) Humongous regions: 147->147
[2025-11-08T15:16:40.313+0000][gc,metaspace  ] GC(1280) Metaspace: 52299K(55472K)->52299K(55472K) NonClass: 46511K(48304K)->46511K(48304K) Class: 5787K(7168K)->5787K(7168K)
[2025-11-08T15:16:40.313+0000][gc            ] GC(1280) Pause Young (Normal) (G1 Evacuation Pause) 283M->253M(667M) 20.201ms
[2025-11-08T15:16:40.314+0000][gc,cpu        ] GC(1280) User=0.03s Sys=0.00s Real=0.02s
[2025-11-08T15:16:42.550+0000][gc,start      ] GC(1281) Pause Young (Normal) (G1 Evacuation Pause)
[2025-11-08T15:16:42.551+0000][gc,task       ] GC(1281) Using 2 workers of 2 for evacuation
[2025-11-08T15:16:42.563+0000][gc,phases     ] GC(1281)   Pre Evacuate Collection Set: 0.0ms
[2025-11-08T15:16:42.564+0000][gc,phases     ] GC(1281)   Evacuate Collection Set: 10.5ms
[2025-11-08T15:16:42.564+0000][gc,phases     ] GC(1281)   Post Evacuate Collection Set: 1.6ms
[2025-11-08T15:16:42.565+0000][gc,phases     ] GC(1281)   Other: 1.3ms
[2025-11-08T15:16:42.565+0000][gc,heap       ] GC(1281) Eden regions: 31->0(31)
[2025-11-08T15:16:42.565+0000][gc,heap       ] GC(1281) Survivor regions: 2->2(5)
[2025-11-08T15:16:42.565+0000][gc,heap       ] GC(1281) Old regions: 105->105
[2025-11-08T15:16:42.566+0000][gc,heap       ] GC(1281) Humongous regions: 147->147
[2025-11-08T15:16:42.566+0000][gc,metaspace  ] GC(1281) Metaspace: 52299K(55472K)->52299K(55472K) NonClass: 46511K(48304K)->46511K(48304K) Class: 5787K(7168K)->5787K(7168K)
[2025-11-08T15:16:42.567+0000][gc            ] GC(1281) Pause Young (Normal) (G1 Evacuation Pause) 284M->252M(667M) 16.665ms
[2025-11-08T15:16:42.567+0000][gc,cpu        ] GC(1281) User=0.03s Sys=0.00s Real=0.02s
[2025-11-08T15:16:44.806+0000][gc,start      ] GC(1282) Pause Young (Normal) (G1 Evacuation Pause)
[2025-11-08T15:16:44.806+0000][gc,task       ] GC(1282) Using 2 workers of 2 for evacuation
[2025-11-08T15:16:44.820+0000][gc,phases     ] GC(1282)   Pre Evacuate Collection Set: 0.0ms
[2025-11-08T15:16:44.821+0000][gc,phases     ] GC(1282)   Evacuate Collection Set: 11.7ms
[2025-11-08T15:16:44.821+0000][gc,phases     ] GC(1282)   Post Evacuate Collection Set: 1.5ms
[2025-11-08T15:16:44.821+0000][gc,phases     ] GC(1282)   Other: 1.0ms
[2025-11-08T15:16:44.821+0000][gc,heap       ] GC(1282) Eden regions: 31->0(31)
[2025-11-08T15:16:44.822+0000][gc,heap       ] GC(1282) Survivor regions: 2->2(5)
[2025-11-08T15:16:44.822+0000][gc,heap       ] GC(1282) Old regions: 105->105
[2025-11-08T15:16:44.822+0000][gc,heap       ] GC(1282) Humongous regions: 147->147
[2025-11-08T15:16:44.823+0000][gc,metaspace  ] GC(1282) Metaspace: 52299K(55472K)->52299K(55472K) NonClass: 46511K(48304K)->46511K(48304K) Class: 5787K(7168K)->5787K(7168K)
[2025-11-08T15:16:44.823+0000][gc            ] GC(1282) Pause Young (Normal) (G1 Evacuation Pause) 283M->252M(667M) 17.329ms
[2025-11-08T15:16:44.824+0000][gc,cpu        ] GC(1282) User=0.02s Sys=0.00s Real=0.02s
[2025-11-08T15:16:47.314+0000][gc,start      ] GC(1283) Pause Young (Normal) (G1 Evacuation Pause)
[2025-11-08T15:16:47.314+0000][gc,task       ] GC(1283) Using 2 workers of 2 for evacuation
[2025-11-08T15:16:47.337+0000][gc,mmu        ] GC(1283) MMU target violated: 21.0ms (20.0ms/21.0ms)
[2025-11-08T15:16:47.338+0000][gc,phases     ] GC(1283)   Pre Evacuate Collection Set: 0.0ms
[2025-11-08T15:16:47.339+0000][gc,phases     ] GC(1283)   Evacuate Collection Set: 20.6ms
[2025-11-08T15:16:47.339+0000][gc,phases     ] GC(1283)   Post Evacuate Collection Set: 1.4ms
[2025-11-08T15:16:47.340+0000][gc,phases     ] GC(1283)   Other: 2.4ms
[2025-11-08T15:16:47.341+0000][gc,heap       ] GC(1283) Eden regions: 31->0(30)
[2025-11-08T15:16:47.341+0000][gc,heap       ] GC(1283) Survivor regions: 2->3(5)
[2025-11-08T15:16:47.342+0000][gc,heap       ] GC(1283) Old regions: 105->105
[2025-11-08T15:16:47.343+0000][gc,heap       ] GC(1283) Humongous regions: 147->147
[2025-11-08T15:16:47.343+0000][gc,metaspace  ] GC(1283) Metaspace: 52299K(55472K)->52299K(55472K) NonClass: 46511K(48304K)->46511K(48304K) Class: 5787K(7168K)->5787K(7168K)
[2025-11-08T15:16:47.344+0000][gc            ] GC(1283) Pause Young (Normal) (G1 Evacuation Pause) 283M->254M(667M) 29.811ms
[2025-11-08T15:16:47.345+0000][gc,cpu        ] GC(1283) User=0.05s Sys=0.00s Real=0.03s
[2025-11-08T15:16:49.670+0000][gc,start      ] GC(1284) Pause Young (Normal) (G1 Evacuation Pause)
[2025-11-08T15:16:49.671+0000][gc,task       ] GC(1284) Using 2 workers of 2 for evacuation
[2025-11-08T15:16:49.691+0000][gc,phases     ] GC(1284)   Pre Evacuate Collection Set: 0.0ms
[2025-11-08T15:16:49.692+0000][gc,phases     ] GC(1284)   Evacuate Collection Set: 17.2ms
[2025-11-08T15:16:49.693+0000][gc,phases     ] GC(1284)   Post Evacuate Collection Set: 2.1ms
[2025-11-08T15:16:49.693+0000][gc,phases     ] GC(1284)   Other: 1.9ms
[2025-11-08T15:16:49.695+0000][gc,heap       ] GC(1284) Eden regions: 30->0(30)
[2025-11-08T15:16:49.695+0000][gc,heap       ] GC(1284) Survivor regions: 3->3(5)
[2025-11-08T15:16:49.696+0000][gc,heap       ] GC(1284) Old regions: 105->105
[2025-11-08T15:16:49.696+0000][gc,heap       ] GC(1284) Humongous regions: 147->147
[2025-11-08T15:16:49.697+0000][gc,metaspace  ] GC(1284) Metaspace: 52299K(55472K)->52299K(55472K) NonClass: 46511K(48304K)->46511K(48304K) Class: 5787K(7168K)->5787K(7168K)
[2025-11-08T15:16:49.697+0000][gc            ] GC(1284) Pause Young (Normal) (G1 Evacuation Pause) 284M->254M(667M) 27.335ms
[2025-11-08T15:16:49.698+0000][gc,cpu        ] GC(1284) User=0.04s Sys=0.00s Real=0.03s
[2025-11-08T15:16:51.927+0000][gc,start      ] GC(1285) Pause Young (Normal) (G1 Evacuation Pause)
[2025-11-08T15:16:51.928+0000][gc,task       ] GC(1285) Using 2 workers of 2 for evacuation
[2025-11-08T15:16:51.953+0000][gc,mmu        ] GC(1285) MMU target violated: 21.0ms (20.0ms/21.0ms)
[2025-11-08T15:16:51.954+0000][gc,phases     ] GC(1285)   Pre Evacuate Collection Set: 0.0ms
[2025-11-08T15:16:51.955+0000][gc,phases     ] GC(1285)   Evacuate Collection Set: 20.6ms
[2025-11-08T15:16:51.955+0000][gc,phases     ] GC(1285)   Post Evacuate Collection Set: 2.0ms
[2025-11-08T15:16:51.958+0000][gc,phases     ] GC(1285)   Other: 3.4ms
[2025-11-08T15:16:51.960+0000][gc,heap       ] GC(1285) Eden regions: 30->0(31)
[2025-11-08T15:16:51.960+0000][gc,heap       ] GC(1285) Survivor regions: 3->2(5)
[2025-11-08T15:16:51.961+0000][gc,heap       ] GC(1285) Old regions: 105->105
[2025-11-08T15:16:51.961+0000][gc,heap       ] GC(1285) Humongous regions: 147->147
[2025-11-08T15:16:51.962+0000][gc,metaspace  ] GC(1285) Metaspace: 52299K(55472K)->52299K(55472K) NonClass: 46511K(48304K)->46511K(48304K) Class: 5787K(7168K)->5787K(7168K)
[2025-11-08T15:16:51.962+0000][gc            ] GC(1285) Pause Young (Normal) (G1 Evacuation Pause) 284M->253M(667M) 34.997ms
[2025-11-08T15:16:51.963+0000][gc,cpu        ] GC(1285) User=0.04s Sys=0.00s Real=0.03s
[2025-11-08T15:16:54.274+0000][gc,start      ] GC(1286) Pause Young (Normal) (G1 Evacuation Pause)
[2025-11-08T15:16:54.275+0000][gc,task       ] GC(1286) Using 2 workers of 2 for evacuation
[2025-11-08T15:16:54.290+0000][gc,phases     ] GC(1286)   Pre Evacuate Collection Set: 0.0ms
[2025-11-08T15:16:54.291+0000][gc,phases     ] GC(1286)   Evacuate Collection Set: 13.4ms
[2025-11-08T15:16:54.291+0000][gc,phases     ] GC(1286)   Post Evacuate Collection Set: 1.3ms
[2025-11-08T15:16:54.292+0000][gc,phases     ] GC(1286)   Other: 1.6ms
[2025-11-08T15:16:54.293+0000][gc,heap       ] GC(1286) Eden regions: 31->0(31)
[2025-11-08T15:16:54.294+0000][gc,heap       ] GC(1286) Survivor regions: 2->2(5)
[2025-11-08T15:16:54.295+0000][gc,heap       ] GC(1286) Old regions: 105->105
[2025-11-08T15:16:54.295+0000][gc,heap       ] GC(1286) Humongous regions: 147->147
[2025-11-08T15:16:54.296+0000][gc,metaspace  ] GC(1286) Metaspace: 52299K(55472K)->52299K(55472K) NonClass: 46511K(48304K)->46511K(48304K) Class: 5787K(7168K)->5787K(7168K)
[2025-11-08T15:16:54.296+0000][gc            ] GC(1286) Pause Young (Normal) (G1 Evacuation Pause) 284M->253M(667M) 22.324ms
[2025-11-08T15:16:54.297+0000][gc,cpu        ] GC(1286) User=0.03s Sys=0.00s Real=0.02s
[2025-11-08T15:16:56.665+0000][gc,start      ] GC(1287) Pause Young (Normal) (G1 Evacuation Pause)
[2025-11-08T15:16:56.665+0000][gc,task       ] GC(1287) Using 2 workers of 2 for evacuation
[2025-11-08T15:16:56.699+0000][gc,mmu        ] GC(1287) MMU target violated: 21.0ms (20.0ms/21.0ms)
[2025-11-08T15:16:56.700+0000][gc,phases     ] GC(1287)   Pre Evacuate Collection Set: 0.0ms
[2025-11-08T15:16:56.700+0000][gc,phases     ] GC(1287)   Evacuate Collection Set: 23.7ms
[2025-11-08T15:16:56.700+0000][gc,phases     ] GC(1287)   Post Evacuate Collection Set: 5.7ms
[2025-11-08T15:16:56.701+0000][gc,phases     ] GC(1287)   Other: 5.4ms
[2025-11-08T15:16:56.701+0000][gc,heap       ] GC(1287) Eden regions: 31->0(29)
[2025-11-08T15:16:56.704+0000][gc,heap       ] GC(1287) Survivor regions: 2->4(5)
[2025-11-08T15:16:56.705+0000][gc,heap       ] GC(1287) Old regions: 105->105
[2025-11-08T15:16:56.705+0000][gc,heap       ] GC(1287) Humongous regions: 147->147
[2025-11-08T15:16:56.706+0000][gc,metaspace  ] GC(1287) Metaspace: 52299K(55472K)->52299K(55472K) NonClass: 46511K(48304K)->46511K(48304K) Class: 5787K(7168K)->5787K(7168K)
[2025-11-08T15:16:56.706+0000][gc            ] GC(1287) Pause Young (Normal) (G1 Evacuation Pause) 284M->254M(667M) 41.075ms
[2025-11-08T15:16:56.708+0000][gc,cpu        ] GC(1287) User=0.05s Sys=0.00s Real=0.05s
[2025-11-08T15:16:59.092+0000][gc,start      ] GC(1288) Pause Young (Normal) (G1 Evacuation Pause)
[2025-11-08T15:16:59.093+0000][gc,task       ] GC(1288) Using 2 workers of 2 for evacuation
[2025-11-08T15:16:59.126+0000][gc,mmu        ] GC(1288) MMU target violated: 21.0ms (20.0ms/21.0ms)
[2025-11-08T15:16:59.127+0000][gc,phases     ] GC(1288)   Pre Evacuate Collection Set: 0.0ms
[2025-11-08T15:16:59.128+0000][gc,phases     ] GC(1288)   Evacuate Collection Set: 30.8ms
[2025-11-08T15:16:59.128+0000][gc,phases     ] GC(1288)   Post Evacuate Collection Set: 1.9ms
[2025-11-08T15:16:59.129+0000][gc,phases     ] GC(1288)   Other: 2.3ms
[2025-11-08T15:16:59.129+0000][gc,heap       ] GC(1288) Eden regions: 29->0(30)
[2025-11-08T15:16:59.130+0000][gc,heap       ] GC(1288) Survivor regions: 4->3(5)
[2025-11-08T15:16:59.130+0000][gc,heap       ] GC(1288) Old regions: 105->106
[2025-11-08T15:16:59.131+0000][gc,heap       ] GC(1288) Humongous regions: 147->147
[2025-11-08T15:16:59.131+0000][gc,metaspace  ] GC(1288) Metaspace: 52299K(55472K)->52299K(55472K) NonClass: 46511K(48304K)->46511K(48304K) Class: 5787K(7168K)->5787K(7168K)
[2025-11-08T15:16:59.132+0000][gc            ] GC(1288) Pause Young (Normal) (G1 Evacuation Pause) 283M->254M(667M) 40.100ms
[2025-11-08T15:16:59.134+0000][gc,cpu        ] GC(1288) User=0.06s Sys=0.00s Real=0.04s
[2025-11-08T15:17:01.718+0000][gc,start      ] GC(1289) Pause Young (Normal) (G1 Evacuation Pause)
[2025-11-08T15:17:01.721+0000][gc,task       ] GC(1289) Using 2 workers of 2 for evacuation
[2025-11-08T15:17:01.744+0000][gc,mmu        ] GC(1289) MMU target violated: 21.0ms (20.0ms/21.0ms)
[2025-11-08T15:17:01.745+0000][gc,phases     ] GC(1289)   Pre Evacuate Collection Set: 0.0ms
[2025-11-08T15:17:01.746+0000][gc,phases     ] GC(1289)   Evacuate Collection Set: 19.2ms
[2025-11-08T15:17:01.746+0000][gc,phases     ] GC(1289)   Post Evacuate Collection Set: 2.4ms
[2025-11-08T15:17:01.747+0000][gc,phases     ] GC(1289)   Other: 5.5ms
[2025-11-08T15:17:01.748+0000][gc,heap       ] GC(1289) Eden regions: 30->0(31)
[2025-11-08T15:17:01.748+0000][gc,heap       ] GC(1289) Survivor regions: 3->2(5)
[2025-11-08T15:17:01.749+0000][gc,heap       ] GC(1289) Old regions: 106->106
[2025-11-08T15:17:01.749+0000][gc,heap       ] GC(1289) Humongous regions: 147->147
[2025-11-08T15:17:01.750+0000][gc,metaspace  ] GC(1289) Metaspace: 52299K(55472K)->52299K(55472K) NonClass: 46511K(48304K)->46511K(48304K) Class: 5787K(7168K)->5787K(7168K)
[2025-11-08T15:17:01.751+0000][gc            ] GC(1289) Pause Young (Normal) (G1 Evacuation Pause) 284M->254M(667M) 33.074ms
[2025-11-08T15:17:01.751+0000][gc,cpu        ] GC(1289) User=0.04s Sys=0.00s Real=0.03s
[2025-11-08T15:17:04.600+0000][gc,start      ] GC(1290) Pause Young (Normal) (G1 Evacuation Pause)
[2025-11-08T15:17:04.602+0000][gc,task       ] GC(1290) Using 2 workers of 2 for evacuation
[2025-11-08T15:17:04.640+0000][gc,mmu        ] GC(1290) MMU target violated: 21.0ms (20.0ms/21.0ms)
[2025-11-08T15:17:04.643+0000][gc,phases     ] GC(1290)   Pre Evacuate Collection Set: 0.1ms
[2025-11-08T15:17:04.644+0000][gc,phases     ] GC(1290)   Evacuate Collection Set: 30.3ms
[2025-11-08T15:17:04.649+0000][gc,phases     ] GC(1290)   Post Evacuate Collection Set: 1.5ms
[2025-11-08T15:17:04.651+0000][gc,phases     ] GC(1290)   Other: 11.5ms
[2025-11-08T15:17:04.652+0000][gc,heap       ] GC(1290) Eden regions: 31->0(30)
[2025-11-08T15:17:04.654+0000][gc,heap       ] GC(1290) Survivor regions: 2->3(5)
[2025-11-08T15:17:04.654+0000][gc,heap       ] GC(1290) Old regions: 106->106
[2025-11-08T15:17:04.656+0000][gc,heap       ] GC(1290) Humongous regions: 147->147
[2025-11-08T15:17:04.659+0000][gc,metaspace  ] GC(1290) Metaspace: 52300K(55472K)->52300K(55472K) NonClass: 46512K(48304K)->46512K(48304K) Class: 5787K(7168K)->5787K(7168K)
[2025-11-08T15:17:04.659+0000][gc            ] GC(1290) Pause Young (Normal) (G1 Evacuation Pause) 285M->255M(667M) 59.701ms
[2025-11-08T15:17:04.660+0000][gc,cpu        ] GC(1290) User=0.07s Sys=0.00s Real=0.06s
[2025-11-08T15:17:07.215+0000][gc,start      ] GC(1291) Pause Young (Normal) (G1 Evacuation Pause)
[2025-11-08T15:17:07.215+0000][gc,task       ] GC(1291) Using 2 workers of 2 for evacuation
[2025-11-08T15:17:07.267+0000][gc,mmu        ] GC(1291) MMU target violated: 21.0ms (20.0ms/21.0ms)
[2025-11-08T15:17:07.268+0000][gc,phases     ] GC(1291)   Pre Evacuate Collection Set: 0.1ms
[2025-11-08T15:17:07.271+0000][gc,phases     ] GC(1291)   Evacuate Collection Set: 45.1ms
[2025-11-08T15:17:07.272+0000][gc,phases     ] GC(1291)   Post Evacuate Collection Set: 5.7ms
[2025-11-08T15:17:07.273+0000][gc,phases     ] GC(1291)   Other: 2.2ms
[2025-11-08T15:17:07.273+0000][gc,heap       ] GC(1291) Eden regions: 30->0(28)
[2025-11-08T15:17:07.274+0000][gc,heap       ] GC(1291) Survivor regions: 3->5(5)
[2025-11-08T15:17:07.275+0000][gc,heap       ] GC(1291) Old regions: 106->106
[2025-11-08T15:17:07.275+0000][gc,heap       ] GC(1291) Humongous regions: 147->147
[2025-11-08T15:17:07.276+0000][gc,metaspace  ] GC(1291) Metaspace: 52300K(55472K)->52300K(55472K) NonClass: 46512K(48304K)->46512K(48304K) Class: 5787K(7168K)->5787K(7168K)
[2025-11-08T15:17:07.277+0000][gc            ] GC(1291) Pause Young (Normal) (G1 Evacuation Pause) 285M->257M(667M) 61.963ms
[2025-11-08T15:17:07.279+0000][gc,cpu        ] GC(1291) User=0.09s Sys=0.00s Real=0.07s
[2025-11-08T15:17:09.850+0000][gc,start      ] GC(1292) Pause Young (Normal) (G1 Evacuation Pause)
[2025-11-08T15:17:09.851+0000][gc,task       ] GC(1292) Using 2 workers of 2 for evacuation
[2025-11-08T15:17:09.899+0000][gc,mmu        ] GC(1292) MMU target violated: 21.0ms (20.0ms/21.0ms)
[2025-11-08T15:17:09.900+0000][gc,phases     ] GC(1292)   Pre Evacuate Collection Set: 0.0ms
[2025-11-08T15:17:09.901+0000][gc,phases     ] GC(1292)   Evacuate Collection Set: 42.4ms
[2025-11-08T15:17:09.902+0000][gc,phases     ] GC(1292)   Post Evacuate Collection Set: 3.5ms
[2025-11-08T15:17:09.903+0000][gc,phases     ] GC(1292)   Other: 3.9ms
[2025-11-08T15:17:09.903+0000][gc,heap       ] GC(1292) Eden regions: 28->0(31)
[2025-11-08T15:17:09.907+0000][gc,heap       ] GC(1292) Survivor regions: 5->2(5)
[2025-11-08T15:17:09.907+0000][gc,heap       ] GC(1292) Old regions: 106->108
[2025-11-08T15:17:09.908+0000][gc,heap       ] GC(1292) Humongous regions: 147->147
[2025-11-08T15:17:09.909+0000][gc,metaspace  ] GC(1292) Metaspace: 52300K(55472K)->52300K(55472K) NonClass: 46512K(48304K)->46512K(48304K) Class: 5787K(7168K)->5787K(7168K)
[2025-11-08T15:17:09.909+0000][gc            ] GC(1292) Pause Young (Normal) (G1 Evacuation Pause) 285M->256M(667M) 59.546ms
[2025-11-08T15:17:09.910+0000][gc,cpu        ] GC(1292) User=0.08s Sys=0.00s Real=0.06s
[2025-11-08T15:17:12.846+0000][gc,start      ] GC(1293) Pause Young (Normal) (G1 Evacuation Pause)
[2025-11-08T15:17:12.847+0000][gc,task       ] GC(1293) Using 2 workers of 2 for evacuation
[2025-11-08T15:17:12.890+0000][gc,mmu        ] GC(1293) MMU target violated: 21.0ms (20.0ms/21.0ms)
[2025-11-08T15:17:12.891+0000][gc,phases     ] GC(1293)   Pre Evacuate Collection Set: 7.3ms
[2025-11-08T15:17:12.892+0000][gc,phases     ] GC(1293)   Evacuate Collection Set: 31.2ms
[2025-11-08T15:17:12.893+0000][gc,phases     ] GC(1293)   Post Evacuate Collection Set: 2.5ms
[2025-11-08T15:17:12.894+0000][gc,phases     ] GC(1293)   Other: 4.4ms
[2025-11-08T15:17:12.894+0000][gc,heap       ] GC(1293) Eden regions: 31->0(30)
[2025-11-08T15:17:12.895+0000][gc,heap       ] GC(1293) Survivor regions: 2->3(5)
[2025-11-08T15:17:12.895+0000][gc,heap       ] GC(1293) Old regions: 108->108
[2025-11-08T15:17:12.898+0000][gc,heap       ] GC(1293) Humongous regions: 147->147
[2025-11-08T15:17:12.898+0000][gc,metaspace  ] GC(1293) Metaspace: 52300K(55472K)->52300K(55472K) NonClass: 46512K(48304K)->46512K(48304K) Class: 5787K(7168K)->5787K(7168K)
[2025-11-08T15:17:12.899+0000][gc            ] GC(1293) Pause Young (Normal) (G1 Evacuation Pause) 287M->257M(667M) 52.822ms
[2025-11-08T15:17:12.903+0000][gc,cpu        ] GC(1293) User=0.07s Sys=0.00s Real=0.06s
[2025-11-08T15:17:15.632+0000][gc,start      ] GC(1294) Pause Young (Normal) (G1 Evacuation Pause)
[2025-11-08T15:17:15.633+0000][gc,task       ] GC(1294) Using 2 workers of 2 for evacuation
[2025-11-08T15:17:15.660+0000][gc,mmu        ] GC(1294) MMU target violated: 21.0ms (20.0ms/21.0ms)
[2025-11-08T15:17:15.660+0000][gc,phases     ] GC(1294)   Pre Evacuate Collection Set: 0.0ms
[2025-11-08T15:17:15.661+0000][gc,phases     ] GC(1294)   Evacuate Collection Set: 22.7ms
[2025-11-08T15:17:15.661+0000][gc,phases     ] GC(1294)   Post Evacuate Collection Set: 3.0ms
[2025-11-08T15:17:15.662+0000][gc,phases     ] GC(1294)   Other: 3.1ms
[2025-11-08T15:17:15.662+0000][gc,heap       ] GC(1294) Eden regions: 30->0(31)
[2025-11-08T15:17:15.663+0000][gc,heap       ] GC(1294) Survivor regions: 3->2(5)
[2025-11-08T15:17:15.663+0000][gc,heap       ] GC(1294) Old regions: 108->108
[2025-11-08T15:17:15.664+0000][gc,heap       ] GC(1294) Humongous regions: 147->147
[2025-11-08T15:17:15.664+0000][gc,metaspace  ] GC(1294) Metaspace: 52300K(55472K)->52300K(55472K) NonClass: 46512K(48304K)->46512K(48304K) Class: 5787K(7168K)->5787K(7168K)
[2025-11-08T15:17:15.667+0000][gc            ] GC(1294) Pause Young (Normal) (G1 Evacuation Pause) 287M->256M(667M) 35.830ms
[2025-11-08T15:17:15.670+0000][gc,cpu        ] GC(1294) User=0.05s Sys=0.00s Real=0.04s
[2025-11-08T15:17:18.048+0000][gc,start      ] GC(1295) Pause Young (Normal) (G1 Evacuation Pause)
[2025-11-08T15:17:18.049+0000][gc,task       ] GC(1295) Using 2 workers of 2 for evacuation
[2025-11-08T15:17:18.084+0000][gc,mmu        ] GC(1295) MMU target violated: 21.0ms (20.0ms/21.0ms)
[2025-11-08T15:17:18.084+0000][gc,phases     ] GC(1295)   Pre Evacuate Collection Set: 0.0ms
[2025-11-08T15:17:18.085+0000][gc,phases     ] GC(1295)   Evacuate Collection Set: 30.0ms
[2025-11-08T15:17:18.086+0000][gc,phases     ] GC(1295)   Post Evacuate Collection Set: 2.6ms
[2025-11-08T15:17:18.087+0000][gc,phases     ] GC(1295)   Other: 4.0ms
[2025-11-08T15:17:18.088+0000][gc,heap       ] GC(1295) Eden regions: 31->0(29)
[2025-11-08T15:17:18.089+0000][gc,heap       ] GC(1295) Survivor regions: 2->4(5)
[2025-11-08T15:17:18.089+0000][gc,heap       ] GC(1295) Old regions: 108->108
[2025-11-08T15:17:18.089+0000][gc,heap       ] GC(1295) Humongous regions: 147->147
[2025-11-08T15:17:18.090+0000][gc,metaspace  ] GC(1295) Metaspace: 52300K(55472K)->52300K(55472K) NonClass: 46512K(48304K)->46512K(48304K) Class: 5787K(7168K)->5787K(7168K)
[2025-11-08T15:17:18.090+0000][gc            ] GC(1295) Pause Young (Normal) (G1 Evacuation Pause) 287M->258M(667M) 42.227ms
[2025-11-08T15:17:18.091+0000][gc,cpu        ] GC(1295) User=0.06s Sys=0.00s Real=0.05s
[2025-11-08T15:17:20.335+0000][gc,start      ] GC(1296) Pause Young (Normal) (G1 Evacuation Pause)
[2025-11-08T15:17:20.360+0000][gc,task       ] GC(1296) Using 2 workers of 2 for evacuation
[2025-11-08T15:17:20.388+0000][gc,mmu        ] GC(1296) MMU target violated: 21.0ms (20.0ms/21.0ms)
[2025-11-08T15:17:20.390+0000][gc,phases     ] GC(1296)   Pre Evacuate Collection Set: 0.0ms
[2025-11-08T15:17:20.390+0000][gc,phases     ] GC(1296)   Evacuate Collection Set: 24.9ms
[2025-11-08T15:17:20.391+0000][gc,phases     ] GC(1296)   Post Evacuate Collection Set: 1.6ms
[2025-11-08T15:17:20.391+0000][gc,phases     ] GC(1296)   Other: 28.8ms
[2025-11-08T15:17:20.392+0000][gc,heap       ] GC(1296) Eden regions: 29->0(31)
[2025-11-08T15:17:20.392+0000][gc,heap       ] GC(1296) Survivor regions: 4->2(5)
[2025-11-08T15:17:20.392+0000][gc,heap       ] GC(1296) Old regions: 108->110
[2025-11-08T15:17:20.393+0000][gc,heap       ] GC(1296) Humongous regions: 147->147
[2025-11-08T15:17:20.393+0000][gc,metaspace  ] GC(1296) Metaspace: 52300K(55472K)->52300K(55472K) NonClass: 46512K(48304K)->46512K(48304K) Class: 5787K(7168K)->5787K(7168K)
[2025-11-08T15:17:20.393+0000][gc            ] GC(1296) Pause Young (Normal) (G1 Evacuation Pause) 287M->257M(667M) 58.687ms
[2025-11-08T15:17:20.394+0000][gc,cpu        ] GC(1296) User=0.05s Sys=0.00s Real=0.06s
[2025-11-08T15:17:22.912+0000][gc,start      ] GC(1297) Pause Young (Normal) (G1 Evacuation Pause)
[2025-11-08T15:17:22.913+0000][gc,task       ] GC(1297) Using 2 workers of 2 for evacuation
[2025-11-08T15:17:22.922+0000][gc,phases     ] GC(1297)   Pre Evacuate Collection Set: 0.0ms
[2025-11-08T15:17:22.922+0000][gc,phases     ] GC(1297)   Evacuate Collection Set: 6.5ms
[2025-11-08T15:17:22.923+0000][gc,phases     ] GC(1297)   Post Evacuate Collection Set: 1.2ms
[2025-11-08T15:17:22.923+0000][gc,phases     ] GC(1297)   Other: 1.6ms
[2025-11-08T15:17:22.924+0000][gc,heap       ] GC(1297) Eden regions: 31->0(31)
[2025-11-08T15:17:22.924+0000][gc,heap       ] GC(1297) Survivor regions: 2->2(5)
[2025-11-08T15:17:22.924+0000][gc,heap       ] GC(1297) Old regions: 110->110
[2025-11-08T15:17:22.925+0000][gc,heap       ] GC(1297) Humongous regions: 147->147
[2025-11-08T15:17:22.925+0000][gc,metaspace  ] GC(1297) Metaspace: 52300K(55472K)->52300K(55472K) NonClass: 46512K(48304K)->46512K(48304K) Class: 5787K(7168K)->5787K(7168K)
[2025-11-08T15:17:22.925+0000][gc            ] GC(1297) Pause Young (Normal) (G1 Evacuation Pause) 288M->257M(667M) 12.850ms
[2025-11-08T15:17:22.926+0000][gc,cpu        ] GC(1297) User=0.01s Sys=0.00s Real=0.01s
[2025-11-08T15:17:25.193+0000][gc,start      ] GC(1298) Pause Young (Normal) (G1 Evacuation Pause)
[2025-11-08T15:17:25.194+0000][gc,task       ] GC(1298) Using 2 workers of 2 for evacuation
[2025-11-08T15:17:25.204+0000][gc,phases     ] GC(1298)   Pre Evacuate Collection Set: 0.0ms
[2025-11-08T15:17:25.205+0000][gc,phases     ] GC(1298)   Evacuate Collection Set: 8.3ms
[2025-11-08T15:17:25.206+0000][gc,phases     ] GC(1298)   Post Evacuate Collection Set: 1.8ms
[2025-11-08T15:17:25.207+0000][gc,phases     ] GC(1298)   Other: 1.7ms
[2025-11-08T15:17:25.207+0000][gc,heap       ] GC(1298) Eden regions: 31->0(32)
[2025-11-08T15:17:25.208+0000][gc,heap       ] GC(1298) Survivor regions: 2->1(5)
[2025-11-08T15:17:25.208+0000][gc,heap       ] GC(1298) Old regions: 110->110
[2025-11-08T15:17:25.210+0000][gc,heap       ] GC(1298) Humongous regions: 147->147
[2025-11-08T15:17:25.210+0000][gc,metaspace  ] GC(1298) Metaspace: 52300K(55472K)->52300K(55472K) NonClass: 46512K(48304K)->46512K(48304K) Class: 5787K(7168K)->5787K(7168K)
[2025-11-08T15:17:25.213+0000][gc            ] GC(1298) Pause Young (Normal) (G1 Evacuation Pause) 288M->257M(667M) 19.897ms
[2025-11-08T15:17:25.213+0000][gc,cpu        ] GC(1298) User=0.02s Sys=0.00s Real=0.02s
[2025-11-08T15:17:27.692+0000][gc,start      ] GC(1299) Pause Young (Normal) (G1 Evacuation Pause)
[2025-11-08T15:17:27.693+0000][gc,task       ] GC(1299) Using 2 workers of 2 for evacuation
[2025-11-08T15:17:27.705+0000][gc,phases     ] GC(1299)   Pre Evacuate Collection Set: 0.0ms
[2025-11-08T15:17:27.707+0000][gc,phases     ] GC(1299)   Evacuate Collection Set: 8.8ms
[2025-11-08T15:17:27.708+0000][gc,phases     ] GC(1299)   Post Evacuate Collection Set: 2.5ms
[2025-11-08T15:17:27.709+0000][gc,phases     ] GC(1299)   Other: 4.2ms
[2025-11-08T15:17:27.710+0000][gc,heap       ] GC(1299) Eden regions: 32->0(32)
[2025-11-08T15:17:27.710+0000][gc,heap       ] GC(1299) Survivor regions: 1->1(5)
[2025-11-08T15:17:27.711+0000][gc,heap       ] GC(1299) Old regions: 110->110
[2025-11-08T15:17:27.711+0000][gc,heap       ] GC(1299) Humongous regions: 147->147
[2025-11-08T15:17:27.711+0000][gc,metaspace  ] GC(1299) Metaspace: 52304K(55472K)->52304K(55472K) NonClass: 46516K(48304K)->46516K(48304K) Class: 5787K(7168K)->5787K(7168K)
[2025-11-08T15:17:27.712+0000][gc            ] GC(1299) Pause Young (Normal) (G1 Evacuation Pause) 289M->256M(667M) 20.214ms
[2025-11-08T15:17:27.712+0000][gc,cpu        ] GC(1299) User=0.02s Sys=0.00s Real=0.02s
[2025-11-08T15:17:30.283+0000][gc,start      ] GC(1300) Pause Young (Normal) (G1 Evacuation Pause)
[2025-11-08T15:17:30.283+0000][gc,task       ] GC(1300) Using 2 workers of 2 for evacuation
[2025-11-08T15:17:30.297+0000][gc,phases     ] GC(1300)   Pre Evacuate Collection Set: 0.0ms
[2025-11-08T15:17:30.297+0000][gc,phases     ] GC(1300)   Evacuate Collection Set: 11.3ms
[2025-11-08T15:17:30.298+0000][gc,phases     ] GC(1300)   Post Evacuate Collection Set: 1.5ms
[2025-11-08T15:17:30.298+0000][gc,phases     ] GC(1300)   Other: 1.4ms
[2025-11-08T15:17:30.298+0000][gc,heap       ] GC(1300) Eden regions: 32->0(31)
[2025-11-08T15:17:30.299+0000][gc,heap       ] GC(1300) Survivor regions: 1->3(5)
[2025-11-08T15:17:30.299+0000][gc,heap       ] GC(1300) Old regions: 110->110
[2025-11-08T15:17:30.300+0000][gc,heap       ] GC(1300) Humongous regions: 147->147
[2025-11-08T15:17:30.301+0000][gc,metaspace  ] GC(1300) Metaspace: 52304K(55472K)->52304K(55472K) NonClass: 46516K(48304K)->46516K(48304K) Class: 5787K(7168K)->5787K(7168K)
[2025-11-08T15:17:30.301+0000][gc            ] GC(1300) Pause Young (Normal) (G1 Evacuation Pause) 288M->258M(667M) 18.586ms
[2025-11-08T15:17:30.302+0000][gc,cpu        ] GC(1300) User=0.02s Sys=0.00s Real=0.02s
[2025-11-08T15:17:32.693+0000][gc,start      ] GC(1301) Pause Young (Normal) (G1 Evacuation Pause)
[2025-11-08T15:17:32.693+0000][gc,task       ] GC(1301) Using 2 workers of 2 for evacuation
[2025-11-08T15:17:32.705+0000][gc,phases     ] GC(1301)   Pre Evacuate Collection Set: 0.0ms
[2025-11-08T15:17:32.706+0000][gc,phases     ] GC(1301)   Evacuate Collection Set: 9.0ms
[2025-11-08T15:17:32.706+0000][gc,phases     ] GC(1301)   Post Evacuate Collection Set: 1.4ms
[2025-11-08T15:17:32.706+0000][gc,phases     ] GC(1301)   Other: 1.9ms
[2025-11-08T15:17:32.706+0000][gc,heap       ] GC(1301) Eden regions: 31->0(34)
[2025-11-08T15:17:32.707+0000][gc,heap       ] GC(1301) Survivor regions: 3->3(5)
[2025-11-08T15:17:32.707+0000][gc,heap       ] GC(1301) Old regions: 110->110
[2025-11-08T15:17:32.708+0000][gc,heap       ] GC(1301) Humongous regions: 147->147
[2025-11-08T15:17:32.709+0000][gc,metaspace  ] GC(1301) Metaspace: 52304K(55472K)->52304K(55472K) NonClass: 46516K(48304K)->46516K(48304K) Class: 5787K(7168K)->5787K(7168K)
[2025-11-08T15:17:32.710+0000][gc            ] GC(1301) Pause Young (Normal) (G1 Evacuation Pause) 289M->258M(667M) 16.802ms
[2025-11-08T15:17:32.710+0000][gc,cpu        ] GC(1301) User=0.02s Sys=0.00s Real=0.02s
[2025-11-08T15:17:35.319+0000][gc,start      ] GC(1302) Pause Young (Normal) (G1 Evacuation Pause)
[2025-11-08T15:17:35.320+0000][gc,task       ] GC(1302) Using 2 workers of 2 for evacuation
[2025-11-08T15:17:35.336+0000][gc,phases     ] GC(1302)   Pre Evacuate Collection Set: 0.0ms
[2025-11-08T15:17:35.337+0000][gc,phases     ] GC(1302)   Evacuate Collection Set: 13.8ms
[2025-11-08T15:17:35.337+0000][gc,phases     ] GC(1302)   Post Evacuate Collection Set: 0.8ms
[2025-11-08T15:17:35.338+0000][gc,phases     ] GC(1302)   Other: 2.4ms
[2025-11-08T15:17:35.339+0000][gc,heap       ] GC(1302) Eden regions: 34->0(35)
[2025-11-08T15:17:35.339+0000][gc,heap       ] GC(1302) Survivor regions: 3->3(5)
[2025-11-08T15:17:35.339+0000][gc,heap       ] GC(1302) Old regions: 110->110
[2025-11-08T15:17:35.340+0000][gc,heap       ] GC(1302) Humongous regions: 147->147
[2025-11-08T15:17:35.340+0000][gc,metaspace  ] GC(1302) Metaspace: 52304K(55472K)->52304K(55472K) NonClass: 46516K(48304K)->46516K(48304K) Class: 5787K(7168K)->5787K(7168K)
[2025-11-08T15:17:35.341+0000][gc            ] GC(1302) Pause Young (Normal) (G1 Evacuation Pause) 292M->258M(667M) 22.036ms
[2025-11-08T15:17:35.341+0000][gc,cpu        ] GC(1302) User=0.03s Sys=0.00s Real=0.03s
[2025-11-08T15:17:38.188+0000][gc,start      ] GC(1303) Pause Young (Normal) (G1 Evacuation Pause)
[2025-11-08T15:17:38.189+0000][gc,task       ] GC(1303) Using 2 workers of 2 for evacuation
[2025-11-08T15:17:38.206+0000][gc,phases     ] GC(1303)   Pre Evacuate Collection Set: 0.0ms
[2025-11-08T15:17:38.207+0000][gc,phases     ] GC(1303)   Evacuate Collection Set: 15.1ms
[2025-11-08T15:17:38.207+0000][gc,phases     ] GC(1303)   Post Evacuate Collection Set: 1.6ms
[2025-11-08T15:17:38.208+0000][gc,phases     ] GC(1303)   Other: 2.1ms
[2025-11-08T15:17:38.208+0000][gc,heap       ] GC(1303) Eden regions: 35->0(35)
[2025-11-08T15:17:38.209+0000][gc,heap       ] GC(1303) Survivor regions: 3->3(5)
[2025-11-08T15:17:38.209+0000][gc,heap       ] GC(1303) Old regions: 110->110
[2025-11-08T15:17:38.210+0000][gc,heap       ] GC(1303) Humongous regions: 147->147
[2025-11-08T15:17:38.210+0000][gc,metaspace  ] GC(1303) Metaspace: 52304K(55472K)->52304K(55472K) NonClass: 46516K(48304K)->46516K(48304K) Class: 5787K(7168K)->5787K(7168K)
[2025-11-08T15:17:38.211+0000][gc            ] GC(1303) Pause Young (Normal) (G1 Evacuation Pause) 293M->258M(667M) 22.936ms
[2025-11-08T15:17:38.211+0000][gc,cpu        ] GC(1303) User=0.03s Sys=0.00s Real=0.03s
[2025-11-08T15:17:41.021+0000][gc,start      ] GC(1304) Pause Young (Normal) (G1 Evacuation Pause)
[2025-11-08T15:17:41.021+0000][gc,task       ] GC(1304) Using 2 workers of 2 for evacuation
[2025-11-08T15:17:41.043+0000][gc,mmu        ] GC(1304) MMU target violated: 21.0ms (20.0ms/21.0ms)
[2025-11-08T15:17:41.044+0000][gc,phases     ] GC(1304)   Pre Evacuate Collection Set: 0.0ms
[2025-11-08T15:17:41.044+0000][gc,phases     ] GC(1304)   Evacuate Collection Set: 19.3ms
[2025-11-08T15:17:41.045+0000][gc,phases     ] GC(1304)   Post Evacuate Collection Set: 1.9ms
[2025-11-08T15:17:41.045+0000][gc,phases     ] GC(1304)   Other: 2.1ms
[2025-11-08T15:17:41.046+0000][gc,heap       ] GC(1304) Eden regions: 33->0(32)
[2025-11-08T15:17:41.046+0000][gc,heap       ] GC(1304) Survivor regions: 3->3(5)
[2025-11-08T15:17:41.047+0000][gc,heap       ] GC(1304) Old regions: 110->110
[2025-11-08T15:17:41.047+0000][gc,heap       ] GC(1304) Humongous regions: 147->147
[2025-11-08T15:17:41.048+0000][gc,metaspace  ] GC(1304) Metaspace: 52304K(55472K)->52304K(55472K) NonClass: 46516K(48304K)->46516K(48304K) Class: 5787K(7168K)->5787K(7168K)
[2025-11-08T15:17:41.048+0000][gc            ] GC(1304) Pause Young (Normal) (G1 Evacuation Pause) 291M->259M(667M) 27.418ms
[2025-11-08T15:17:41.049+0000][gc,cpu        ] GC(1304) User=0.04s Sys=0.00s Real=0.03s
[2025-11-08T15:17:43.305+0000][gc,start      ] GC(1305) Pause Young (Normal) (G1 Evacuation Pause)
[2025-11-08T15:17:43.305+0000][gc,task       ] GC(1305) Using 2 workers of 2 for evacuation
[2025-11-08T15:17:43.325+0000][gc,phases     ] GC(1305)   Pre Evacuate Collection Set: 0.1ms
[2025-11-08T15:17:43.327+0000][gc,phases     ] GC(1305)   Evacuate Collection Set: 16.6ms
[2025-11-08T15:17:43.327+0000][gc,phases     ] GC(1305)   Post Evacuate Collection Set: 2.5ms
[2025-11-08T15:17:43.329+0000][gc,phases     ] GC(1305)   Other: 1.6ms
[2025-11-08T15:17:43.329+0000][gc,heap       ] GC(1305) Eden regions: 30->0(30)
[2025-11-08T15:17:43.329+0000][gc,heap       ] GC(1305) Survivor regions: 3->3(5)
[2025-11-08T15:17:43.330+0000][gc,heap       ] GC(1305) Old regions: 110->110
[2025-11-08T15:17:43.331+0000][gc,heap       ] GC(1305) Humongous regions: 147->147
[2025-11-08T15:17:43.332+0000][gc,metaspace  ] GC(1305) Metaspace: 52304K(55472K)->52304K(55472K) NonClass: 46516K(48304K)->46516K(48304K) Class: 5787K(7168K)->5787K(7168K)
[2025-11-08T15:17:43.332+0000][gc            ] GC(1305) Pause Young (Normal) (G1 Evacuation Pause) 289M->258M(667M) 27.360ms
[2025-11-08T15:17:43.333+0000][gc,cpu        ] GC(1305) User=0.04s Sys=0.00s Real=0.02s
[2025-11-08T15:17:45.808+0000][gc,start      ] GC(1306) Pause Young (Normal) (G1 Evacuation Pause)
[2025-11-08T15:17:45.810+0000][gc,task       ] GC(1306) Using 2 workers of 2 for evacuation
[2025-11-08T15:17:45.831+0000][gc,phases     ] GC(1306)   Pre Evacuate Collection Set: 0.0ms
[2025-11-08T15:17:45.831+0000][gc,phases     ] GC(1306)   Evacuate Collection Set: 16.1ms
[2025-11-08T15:17:45.832+0000][gc,phases     ] GC(1306)   Post Evacuate Collection Set: 2.8ms
[2025-11-08T15:17:45.833+0000][gc,phases     ] GC(1306)   Other: 3.3ms
[2025-11-08T15:17:45.835+0000][gc,heap       ] GC(1306) Eden regions: 30->0(31)
[2025-11-08T15:17:45.836+0000][gc,heap       ] GC(1306) Survivor regions: 3->2(5)
[2025-11-08T15:17:45.837+0000][gc,heap       ] GC(1306) Old regions: 110->110
[2025-11-08T15:17:45.838+0000][gc,heap       ] GC(1306) Humongous regions: 147->147
[2025-11-08T15:17:45.839+0000][gc,metaspace  ] GC(1306) Metaspace: 52304K(55472K)->52304K(55472K) NonClass: 46516K(48304K)->46516K(48304K) Class: 5787K(7168K)->5787K(7168K)
[2025-11-08T15:17:45.839+0000][gc            ] GC(1306) Pause Young (Normal) (G1 Evacuation Pause) 288M->258M(667M) 30.756ms
[2025-11-08T15:17:45.842+0000][gc,cpu        ] GC(1306) User=0.04s Sys=0.00s Real=0.03s
[2025-11-08T15:17:48.171+0000][gc,start      ] GC(1307) Pause Young (Normal) (G1 Evacuation Pause)
[2025-11-08T15:17:48.172+0000][gc,task       ] GC(1307) Using 2 workers of 2 for evacuation
[2025-11-08T15:17:48.185+0000][gc,phases     ] GC(1307)   Pre Evacuate Collection Set: 0.0ms
[2025-11-08T15:17:48.186+0000][gc,phases     ] GC(1307)   Evacuate Collection Set: 11.5ms
[2025-11-08T15:17:48.186+0000][gc,phases     ] GC(1307)   Post Evacuate Collection Set: 1.4ms
[2025-11-08T15:17:48.187+0000][gc,phases     ] GC(1307)   Other: 1.2ms
[2025-11-08T15:17:48.187+0000][gc,heap       ] GC(1307) Eden regions: 31->0(32)
[2025-11-08T15:17:48.188+0000][gc,heap       ] GC(1307) Survivor regions: 2->2(5)
[2025-11-08T15:17:48.188+0000][gc,heap       ] GC(1307) Old regions: 110->110
[2025-11-08T15:17:48.188+0000][gc,heap       ] GC(1307) Humongous regions: 147->147
[2025-11-08T15:17:48.189+0000][gc,metaspace  ] GC(1307) Metaspace: 52304K(55472K)->52304K(55472K) NonClass: 46516K(48304K)->46516K(48304K) Class: 5787K(7168K)->5787K(7168K)
[2025-11-08T15:17:48.189+0000][gc            ] GC(1307) Pause Young (Normal) (G1 Evacuation Pause) 289M->258M(667M) 17.708ms
[2025-11-08T15:17:48.190+0000][gc,cpu        ] GC(1307) User=0.03s Sys=0.00s Real=0.02s
[2025-11-08T15:17:50.759+0000][gc,start      ] GC(1308) Pause Young (Normal) (G1 Evacuation Pause)
[2025-11-08T15:17:50.760+0000][gc,task       ] GC(1308) Using 2 workers of 2 for evacuation
[2025-11-08T15:17:50.782+0000][gc,mmu        ] GC(1308) MMU target violated: 21.0ms (20.0ms/21.0ms)
[2025-11-08T15:17:50.782+0000][gc,phases     ] GC(1308)   Pre Evacuate Collection Set: 0.0ms
[2025-11-08T15:17:50.783+0000][gc,phases     ] GC(1308)   Evacuate Collection Set: 19.9ms
[2025-11-08T15:17:50.783+0000][gc,phases     ] GC(1308)   Post Evacuate Collection Set: 1.4ms
[2025-11-08T15:17:50.784+0000][gc,phases     ] GC(1308)   Other: 2.2ms
[2025-11-08T15:17:50.784+0000][gc,heap       ] GC(1308) Eden regions: 32->0(31)
[2025-11-08T15:17:50.786+0000][gc,heap       ] GC(1308) Survivor regions: 2->4(5)
[2025-11-08T15:17:50.788+0000][gc,heap       ] GC(1308) Old regions: 110->110
[2025-11-08T15:17:50.791+0000][gc,heap       ] GC(1308) Humongous regions: 147->147
[2025-11-08T15:17:50.795+0000][gc,metaspace  ] GC(1308) Metaspace: 52304K(55472K)->52304K(55472K) NonClass: 46516K(48304K)->46516K(48304K) Class: 5787K(7168K)->5787K(7168K)
[2025-11-08T15:17:50.796+0000][gc            ] GC(1308) Pause Young (Normal) (G1 Evacuation Pause) 290M->260M(667M) 36.765ms
[2025-11-08T15:17:50.796+0000][gc,cpu        ] GC(1308) User=0.04s Sys=0.00s Real=0.04s
[2025-11-08T15:17:53.130+0000][gc,start      ] GC(1309) Pause Young (Normal) (G1 Evacuation Pause)
[2025-11-08T15:17:53.131+0000][gc,task       ] GC(1309) Using 2 workers of 2 for evacuation
[2025-11-08T15:17:53.151+0000][gc,phases     ] GC(1309)   Pre Evacuate Collection Set: 0.0ms
[2025-11-08T15:17:53.152+0000][gc,phases     ] GC(1309)   Evacuate Collection Set: 17.4ms
[2025-11-08T15:17:53.152+0000][gc,phases     ] GC(1309)   Post Evacuate Collection Set: 1.9ms
[2025-11-08T15:17:53.152+0000][gc,phases     ] GC(1309)   Other: 2.1ms
[2025-11-08T15:17:53.153+0000][gc,heap       ] GC(1309) Eden regions: 30->0(31)
[2025-11-08T15:17:53.153+0000][gc,heap       ] GC(1309) Survivor regions: 4->2(5)
[2025-11-08T15:17:53.153+0000][gc,heap       ] GC(1309) Old regions: 110->111
[2025-11-08T15:17:53.154+0000][gc,heap       ] GC(1309) Humongous regions: 147->147
[2025-11-08T15:17:53.154+0000][gc,metaspace  ] GC(1309) Metaspace: 52304K(55472K)->52304K(55472K) NonClass: 46516K(48304K)->46516K(48304K) Class: 5787K(7168K)->5787K(7168K)
[2025-11-08T15:17:53.154+0000][gc            ] GC(1309) Pause Young (Normal) (G1 Evacuation Pause) 290M->259M(667M) 24.667ms
[2025-11-08T15:17:53.155+0000][gc,cpu        ] GC(1309) User=0.04s Sys=0.00s Real=0.03s
[2025-11-08T15:17:55.595+0000][gc,start      ] GC(1310) Pause Young (Normal) (G1 Evacuation Pause)
[2025-11-08T15:17:55.597+0000][gc,task       ] GC(1310) Using 2 workers of 2 for evacuation
[2025-11-08T15:17:55.616+0000][gc,phases     ] GC(1310)   Pre Evacuate Collection Set: 0.0ms
[2025-11-08T15:17:55.616+0000][gc,phases     ] GC(1310)   Evacuate Collection Set: 15.0ms
[2025-11-08T15:17:55.617+0000][gc,phases     ] GC(1310)   Post Evacuate Collection Set: 1.3ms
[2025-11-08T15:17:55.618+0000][gc,phases     ] GC(1310)   Other: 3.9ms
[2025-11-08T15:17:55.620+0000][gc,heap       ] GC(1310) Eden regions: 31->0(31)
[2025-11-08T15:17:55.621+0000][gc,heap       ] GC(1310) Survivor regions: 2->2(5)
[2025-11-08T15:17:55.621+0000][gc,heap       ] GC(1310) Old regions: 111->111
[2025-11-08T15:17:55.623+0000][gc,heap       ] GC(1310) Humongous regions: 147->147
[2025-11-08T15:17:55.625+0000][gc,metaspace  ] GC(1310) Metaspace: 52304K(55472K)->52304K(55472K) NonClass: 46516K(48304K)->46516K(48304K) Class: 5787K(7168K)->5787K(7168K)
[2025-11-08T15:17:55.626+0000][gc            ] GC(1310) Pause Young (Normal) (G1 Evacuation Pause) 290M->259M(667M) 30.221ms
[2025-11-08T15:17:55.626+0000][gc,cpu        ] GC(1310) User=0.03s Sys=0.00s Real=0.03s
[2025-11-08T15:17:58.074+0000][gc,start      ] GC(1311) Pause Young (Normal) (G1 Evacuation Pause)
[2025-11-08T15:17:58.075+0000][gc,task       ] GC(1311) Using 2 workers of 2 for evacuation
[2025-11-08T15:17:58.093+0000][gc,phases     ] GC(1311)   Pre Evacuate Collection Set: 0.0ms
[2025-11-08T15:17:58.094+0000][gc,phases     ] GC(1311)   Evacuate Collection Set: 12.2ms
[2025-11-08T15:17:58.094+0000][gc,phases     ] GC(1311)   Post Evacuate Collection Set: 2.4ms
[2025-11-08T15:17:58.094+0000][gc,phases     ] GC(1311)   Other: 4.3ms
[2025-11-08T15:17:58.097+0000][gc,heap       ] GC(1311) Eden regions: 31->0(33)
[2025-11-08T15:17:58.097+0000][gc,heap       ] GC(1311) Survivor regions: 2->2(5)
[2025-11-08T15:17:58.098+0000][gc,heap       ] GC(1311) Old regions: 111->111
[2025-11-08T15:17:58.099+0000][gc,heap       ] GC(1311) Humongous regions: 147->147
[2025-11-08T15:17:58.099+0000][gc,metaspace  ] GC(1311) Metaspace: 52304K(55472K)->52304K(55472K) NonClass: 46516K(48304K)->46516K(48304K) Class: 5787K(7168K)->5787K(7168K)
[2025-11-08T15:17:58.100+0000][gc            ] GC(1311) Pause Young (Normal) (G1 Evacuation Pause) 290M->259M(667M) 25.316ms
[2025-11-08T15:17:58.100+0000][gc,cpu        ] GC(1311) User=0.03s Sys=0.00s Real=0.02s
[2025-11-08T15:18:00.868+0000][gc,start      ] GC(1312) Pause Young (Normal) (G1 Evacuation Pause)
[2025-11-08T15:18:00.869+0000][gc,task       ] GC(1312) Using 2 workers of 2 for evacuation
[2025-11-08T15:18:00.883+0000][gc,phases     ] GC(1312)   Pre Evacuate Collection Set: 0.0ms
[2025-11-08T15:18:00.883+0000][gc,phases     ] GC(1312)   Evacuate Collection Set: 10.5ms
[2025-11-08T15:18:00.884+0000][gc,phases     ] GC(1312)   Post Evacuate Collection Set: 2.1ms
[2025-11-08T15:18:00.885+0000][gc,phases     ] GC(1312)   Other: 2.0ms
[2025-11-08T15:18:00.885+0000][gc,heap       ] GC(1312) Eden regions: 33->0(36)
[2025-11-08T15:18:00.886+0000][gc,heap       ] GC(1312) Survivor regions: 2->2(5)
[2025-11-08T15:18:00.887+0000][gc,heap       ] GC(1312) Old regions: 111->111
[2025-11-08T15:18:00.887+0000][gc,heap       ] GC(1312) Humongous regions: 147->147
[2025-11-08T15:18:00.888+0000][gc,metaspace  ] GC(1312) Metaspace: 52304K(55472K)->52304K(55472K) NonClass: 46516K(48304K)->46516K(48304K) Class: 5787K(7168K)->5787K(7168K)
[2025-11-08T15:18:00.889+0000][gc            ] GC(1312) Pause Young (Normal) (G1 Evacuation Pause) 292M->259M(667M) 20.728ms
[2025-11-08T15:18:00.889+0000][gc,cpu        ] GC(1312) User=0.02s Sys=0.00s Real=0.02s
[2025-11-08T15:18:04.052+0000][gc,start      ] GC(1313) Pause Young (Normal) (G1 Evacuation Pause)
[2025-11-08T15:18:04.053+0000][gc,task       ] GC(1313) Using 2 workers of 2 for evacuation
[2025-11-08T15:18:04.068+0000][gc,phases     ] GC(1313)   Pre Evacuate Collection Set: 0.0ms
[2025-11-08T15:18:04.069+0000][gc,phases     ] GC(1313)   Evacuate Collection Set: 12.1ms
[2025-11-08T15:18:04.069+0000][gc,phases     ] GC(1313)   Post Evacuate Collection Set: 1.3ms
[2025-11-08T15:18:04.069+0000][gc,phases     ] GC(1313)   Other: 3.1ms
[2025-11-08T15:18:04.070+0000][gc,heap       ] GC(1313) Eden regions: 36->0(37)
[2025-11-08T15:18:04.070+0000][gc,heap       ] GC(1313) Survivor regions: 2->2(5)
[2025-11-08T15:18:04.071+0000][gc,heap       ] GC(1313) Old regions: 111->111
[2025-11-08T15:18:04.071+0000][gc,heap       ] GC(1313) Humongous regions: 147->147
[2025-11-08T15:18:04.071+0000][gc,metaspace  ] GC(1313) Metaspace: 52304K(55472K)->52304K(55472K) NonClass: 46516K(48304K)->46516K(48304K) Class: 5787K(7168K)->5787K(7168K)
[2025-11-08T15:18:04.071+0000][gc            ] GC(1313) Pause Young (Normal) (G1 Evacuation Pause) 295M->259M(667M) 19.768ms
[2025-11-08T15:18:04.072+0000][gc,cpu        ] GC(1313) User=0.03s Sys=0.00s Real=0.02s
[2025-11-08T15:18:06.967+0000][gc,start      ] GC(1314) Pause Young (Normal) (G1 Evacuation Pause)
[2025-11-08T15:18:06.971+0000][gc,task       ] GC(1314) Using 2 workers of 2 for evacuation
[2025-11-08T15:18:06.986+0000][gc,phases     ] GC(1314)   Pre Evacuate Collection Set: 0.0ms
[2025-11-08T15:18:06.987+0000][gc,phases     ] GC(1314)   Evacuate Collection Set: 13.0ms
[2025-11-08T15:18:06.988+0000][gc,phases     ] GC(1314)   Post Evacuate Collection Set: 1.8ms
[2025-11-08T15:18:06.988+0000][gc,phases     ] GC(1314)   Other: 4.6ms
[2025-11-08T15:18:06.989+0000][gc,heap       ] GC(1314) Eden regions: 37->0(39)
[2025-11-08T15:18:06.989+0000][gc,heap       ] GC(1314) Survivor regions: 2->3(5)
[2025-11-08T15:18:06.990+0000][gc,heap       ] GC(1314) Old regions: 111->111
[2025-11-08T15:18:06.992+0000][gc,heap       ] GC(1314) Humongous regions: 147->147
[2025-11-08T15:18:06.992+0000][gc,metaspace  ] GC(1314) Metaspace: 52304K(55472K)->52304K(55472K) NonClass: 46516K(48304K)->46516K(48304K) Class: 5787K(7168K)->5787K(7168K)
[2025-11-08T15:18:06.992+0000][gc            ] GC(1314) Pause Young (Normal) (G1 Evacuation Pause) 296M->259M(667M) 25.394ms
[2025-11-08T15:18:06.993+0000][gc,cpu        ] GC(1314) User=0.03s Sys=0.00s Real=0.03s
[2025-11-08T15:18:09.849+0000][gc,start      ] GC(1315) Pause Young (Normal) (G1 Evacuation Pause)
[2025-11-08T15:18:09.849+0000][gc,task       ] GC(1315) Using 2 workers of 2 for evacuation
[2025-11-08T15:18:09.865+0000][gc,phases     ] GC(1315)   Pre Evacuate Collection Set: 0.0ms
[2025-11-08T15:18:09.865+0000][gc,phases     ] GC(1315)   Evacuate Collection Set: 13.3ms
[2025-11-08T15:18:09.866+0000][gc,phases     ] GC(1315)   Post Evacuate Collection Set: 2.0ms
[2025-11-08T15:18:09.866+0000][gc,phases     ] GC(1315)   Other: 0.9ms
[2025-11-08T15:18:09.866+0000][gc,heap       ] GC(1315) Eden regions: 39->0(39)
[2025-11-08T15:18:09.867+0000][gc,heap       ] GC(1315) Survivor regions: 3->3(6)
[2025-11-08T15:18:09.867+0000][gc,heap       ] GC(1315) Old regions: 111->111
[2025-11-08T15:18:09.868+0000][gc,heap       ] GC(1315) Humongous regions: 147->147
[2025-11-08T15:18:09.868+0000][gc,metaspace  ] GC(1315) Metaspace: 52304K(55472K)->52304K(55472K) NonClass: 46516K(48304K)->46516K(48304K) Class: 5787K(7168K)->5787K(7168K)
[2025-11-08T15:18:09.869+0000][gc            ] GC(1315) Pause Young (Normal) (G1 Evacuation Pause) 298M->260M(667M) 19.602ms
[2025-11-08T15:18:09.869+0000][gc,cpu        ] GC(1315) User=0.03s Sys=0.00s Real=0.02s
[2025-11-08T15:18:13.061+0000][gc,start      ] GC(1316) Pause Young (Normal) (G1 Evacuation Pause)
[2025-11-08T15:18:13.062+0000][gc,task       ] GC(1316) Using 2 workers of 2 for evacuation
[2025-11-08T15:18:13.077+0000][gc,phases     ] GC(1316)   Pre Evacuate Collection Set: 0.0ms
[2025-11-08T15:18:13.077+0000][gc,phases     ] GC(1316)   Evacuate Collection Set: 8.6ms
[2025-11-08T15:18:13.077+0000][gc,phases     ] GC(1316)   Post Evacuate Collection Set: 1.2ms
[2025-11-08T15:18:13.078+0000][gc,phases     ] GC(1316)   Other: 5.5ms
[2025-11-08T15:18:13.078+0000][gc,heap       ] GC(1316) Eden regions: 39->0(42)
[2025-11-08T15:18:13.078+0000][gc,heap       ] GC(1316) Survivor regions: 3->2(6)
[2025-11-08T15:18:13.079+0000][gc,heap       ] GC(1316) Old regions: 111->111
[2025-11-08T15:18:13.079+0000][gc,heap       ] GC(1316) Humongous regions: 147->147
[2025-11-08T15:18:13.079+0000][gc,metaspace  ] GC(1316) Metaspace: 52304K(55472K)->52304K(55472K) NonClass: 46516K(48304K)->46516K(48304K) Class: 5787K(7168K)->5787K(7168K)
[2025-11-08T15:18:13.079+0000][gc            ] GC(1316) Pause Young (Normal) (G1 Evacuation Pause) 299M->259M(667M) 18.176ms
[2025-11-08T15:18:13.080+0000][gc,cpu        ] GC(1316) User=0.02s Sys=0.00s Real=0.02s
[2025-11-08T15:18:16.210+0000][gc,start      ] GC(1317) Pause Young (Normal) (G1 Evacuation Pause)
[2025-11-08T15:18:16.211+0000][gc,task       ] GC(1317) Using 2 workers of 2 for evacuation
[2025-11-08T15:18:16.224+0000][gc,phases     ] GC(1317)   Pre Evacuate Collection Set: 0.0ms
[2025-11-08T15:18:16.224+0000][gc,phases     ] GC(1317)   Evacuate Collection Set: 11.1ms
[2025-11-08T15:18:16.225+0000][gc,phases     ] GC(1317)   Post Evacuate Collection Set: 1.2ms
[2025-11-08T15:18:16.225+0000][gc,phases     ] GC(1317)   Other: 1.6ms
[2025-11-08T15:18:16.225+0000][gc,heap       ] GC(1317) Eden regions: 42->0(44)
[2025-11-08T15:18:16.226+0000][gc,heap       ] GC(1317) Survivor regions: 2->3(6)
[2025-11-08T15:18:16.226+0000][gc,heap       ] GC(1317) Old regions: 111->111
[2025-11-08T15:18:16.227+0000][gc,heap       ] GC(1317) Humongous regions: 147->147
[2025-11-08T15:18:16.227+0000][gc,metaspace  ] GC(1317) Metaspace: 52304K(55472K)->52304K(55472K) NonClass: 46516K(48304K)->46516K(48304K) Class: 5787K(7168K)->5787K(7168K)
[2025-11-08T15:18:16.228+0000][gc            ] GC(1317) Pause Young (Normal) (G1 Evacuation Pause) 301M->260M(667M) 18.002ms
[2025-11-08T15:18:16.228+0000][gc,cpu        ] GC(1317) User=0.02s Sys=0.00s Real=0.02s
[2025-11-08T15:18:19.646+0000][gc,start      ] GC(1318) Pause Young (Normal) (G1 Evacuation Pause)
[2025-11-08T15:18:19.646+0000][gc,task       ] GC(1318) Using 2 workers of 2 for evacuation
[2025-11-08T15:18:19.670+0000][gc,mmu        ] GC(1318) MMU target violated: 21.0ms (20.0ms/21.0ms)
[2025-11-08T15:18:19.671+0000][gc,phases     ] GC(1318)   Pre Evacuate Collection Set: 0.0ms
[2025-11-08T15:18:19.671+0000][gc,phases     ] GC(1318)   Evacuate Collection Set: 21.2ms
[2025-11-08T15:18:19.672+0000][gc,phases     ] GC(1318)   Post Evacuate Collection Set: 1.5ms
[2025-11-08T15:18:19.672+0000][gc,phases     ] GC(1318)   Other: 2.6ms
[2025-11-08T15:18:19.672+0000][gc,heap       ] GC(1318) Eden regions: 44->0(40)
[2025-11-08T15:18:19.673+0000][gc,heap       ] GC(1318) Survivor regions: 3->2(6)
[2025-11-08T15:18:19.673+0000][gc,heap       ] GC(1318) Old regions: 111->111
[2025-11-08T15:18:19.674+0000][gc,heap       ] GC(1318) Humongous regions: 147->147
[2025-11-08T15:18:19.674+0000][gc,metaspace  ] GC(1318) Metaspace: 52304K(55472K)->52304K(55472K) NonClass: 46516K(48304K)->46516K(48304K) Class: 5787K(7168K)->5787K(7168K)
[2025-11-08T15:18:19.674+0000][gc            ] GC(1318) Pause Young (Normal) (G1 Evacuation Pause) 304M->259M(667M) 28.869ms
[2025-11-08T15:18:19.675+0000][gc,cpu        ] GC(1318) User=0.03s Sys=0.00s Real=0.03s
[2025-11-08T15:18:22.430+0000][gc,start      ] GC(1319) Pause Young (Normal) (G1 Evacuation Pause)
[2025-11-08T15:18:22.433+0000][gc,task       ] GC(1319) Using 2 workers of 2 for evacuation
[2025-11-08T15:18:22.448+0000][gc,phases     ] GC(1319)   Pre Evacuate Collection Set: 0.0ms
[2025-11-08T15:18:22.448+0000][gc,phases     ] GC(1319)   Evacuate Collection Set: 11.8ms
[2025-11-08T15:18:22.449+0000][gc,phases     ] GC(1319)   Post Evacuate Collection Set: 1.7ms
[2025-11-08T15:18:22.449+0000][gc,phases     ] GC(1319)   Other: 4.4ms
[2025-11-08T15:18:22.449+0000][gc,heap       ] GC(1319) Eden regions: 36->0(39)
[2025-11-08T15:18:22.450+0000][gc,heap       ] GC(1319) Survivor regions: 2->3(5)
[2025-11-08T15:18:22.450+0000][gc,heap       ] GC(1319) Old regions: 111->111
[2025-11-08T15:18:22.450+0000][gc,heap       ] GC(1319) Humongous regions: 147->147
[2025-11-08T15:18:22.451+0000][gc,metaspace  ] GC(1319) Metaspace: 52304K(55472K)->52304K(55472K) NonClass: 46516K(48304K)->46516K(48304K) Class: 5787K(7168K)->5787K(7168K)
[2025-11-08T15:18:22.451+0000][gc            ] GC(1319) Pause Young (Normal) (G1 Evacuation Pause) 295M->260M(667M) 21.541ms
[2025-11-08T15:18:22.452+0000][gc,cpu        ] GC(1319) User=0.02s Sys=0.00s Real=0.02s
[2025-11-08T15:18:25.668+0000][gc,start      ] GC(1320) Pause Young (Normal) (G1 Evacuation Pause)
[2025-11-08T15:18:25.669+0000][gc,task       ] GC(1320) Using 2 workers of 2 for evacuation
[2025-11-08T15:18:25.681+0000][gc,phases     ] GC(1320)   Pre Evacuate Collection Set: 0.0ms
[2025-11-08T15:18:25.682+0000][gc,phases     ] GC(1320)   Evacuate Collection Set: 10.8ms
[2025-11-08T15:18:25.682+0000][gc,phases     ] GC(1320)   Post Evacuate Collection Set: 1.4ms
[2025-11-08T15:18:25.682+0000][gc,phases     ] GC(1320)   Other: 1.3ms
[2025-11-08T15:18:25.683+0000][gc,heap       ] GC(1320) Eden regions: 39->0(40)
[2025-11-08T15:18:25.683+0000][gc,heap       ] GC(1320) Survivor regions: 3->3(6)
[2025-11-08T15:18:25.683+0000][gc,heap       ] GC(1320) Old regions: 111->111
[2025-11-08T15:18:25.684+0000][gc,heap       ] GC(1320) Humongous regions: 147->147
[2025-11-08T15:18:25.684+0000][gc,metaspace  ] GC(1320) Metaspace: 52304K(55472K)->52304K(55472K) NonClass: 46516K(48304K)->46516K(48304K) Class: 5787K(7168K)->5787K(7168K)
[2025-11-08T15:18:25.684+0000][gc            ] GC(1320) Pause Young (Normal) (G1 Evacuation Pause) 299M->260M(667M) 16.414ms
[2025-11-08T15:18:25.685+0000][gc,cpu        ] GC(1320) User=0.02s Sys=0.00s Real=0.02s
[2025-11-08T15:18:29.112+0000][gc,start      ] GC(1321) Pause Young (Normal) (G1 Evacuation Pause)
[2025-11-08T15:18:29.113+0000][gc,task       ] GC(1321) Using 2 workers of 2 for evacuation
[2025-11-08T15:18:29.126+0000][gc,phases     ] GC(1321)   Pre Evacuate Collection Set: 0.0ms
[2025-11-08T15:18:29.127+0000][gc,phases     ] GC(1321)   Evacuate Collection Set: 10.9ms
[2025-11-08T15:18:29.128+0000][gc,phases     ] GC(1321)   Post Evacuate Collection Set: 1.7ms
[2025-11-08T15:18:29.130+0000][gc,phases     ] GC(1321)   Other: 1.4ms
[2025-11-08T15:18:29.131+0000][gc,heap       ] GC(1321) Eden regions: 40->0(42)
[2025-11-08T15:18:29.133+0000][gc,heap       ] GC(1321) Survivor regions: 3->2(6)
[2025-11-08T15:18:29.135+0000][gc,heap       ] GC(1321) Old regions: 111->111
[2025-11-08T15:18:29.135+0000][gc,heap       ] GC(1321) Humongous regions: 147->147
[2025-11-08T15:18:29.137+0000][gc,metaspace  ] GC(1321) Metaspace: 52304K(55472K)->52304K(55472K) NonClass: 46516K(48304K)->46516K(48304K) Class: 5787K(7168K)->5787K(7168K)
[2025-11-08T15:18:29.138+0000][gc            ] GC(1321) Pause Young (Normal) (G1 Evacuation Pause) 300M->259M(667M) 25.590ms
[2025-11-08T15:18:29.139+0000][gc,cpu        ] GC(1321) User=0.03s Sys=0.00s Real=0.03s
[2025-11-08T15:18:32.574+0000][gc,start      ] GC(1322) Pause Young (Normal) (G1 Evacuation Pause)
[2025-11-08T15:18:32.575+0000][gc,task       ] GC(1322) Using 2 workers of 2 for evacuation
[2025-11-08T15:18:32.596+0000][gc,phases     ] GC(1322)   Pre Evacuate Collection Set: 0.1ms
[2025-11-08T15:18:32.597+0000][gc,phases     ] GC(1322)   Evacuate Collection Set: 17.5ms
[2025-11-08T15:18:32.597+0000][gc,phases     ] GC(1322)   Post Evacuate Collection Set: 2.1ms
[2025-11-08T15:18:32.597+0000][gc,phases     ] GC(1322)   Other: 2.6ms
[2025-11-08T15:18:32.598+0000][gc,heap       ] GC(1322) Eden regions: 39->0(41)
[2025-11-08T15:18:32.599+0000][gc,heap       ] GC(1322) Survivor regions: 2->3(6)
[2025-11-08T15:18:32.599+0000][gc,heap       ] GC(1322) Old regions: 111->111
[2025-11-08T15:18:32.599+0000][gc,heap       ] GC(1322) Humongous regions: 147->147
[2025-11-08T15:18:32.600+0000][gc,metaspace  ] GC(1322) Metaspace: 52304K(55472K)->52304K(55472K) NonClass: 46516K(48304K)->46516K(48304K) Class: 5787K(7168K)->5787K(7168K)
[2025-11-08T15:18:32.600+0000][gc            ] GC(1322) Pause Young (Normal) (G1 Evacuation Pause) 298M->260M(667M) 26.314ms
[2025-11-08T15:18:32.601+0000][gc,cpu        ] GC(1322) User=0.04s Sys=0.00s Real=0.02s
[2025-11-08T15:18:35.626+0000][gc,start      ] GC(1323) Pause Young (Normal) (G1 Evacuation Pause)
[2025-11-08T15:18:35.627+0000][gc,task       ] GC(1323) Using 2 workers of 2 for evacuation
[2025-11-08T15:18:35.649+0000][gc,mmu        ] GC(1323) MMU target violated: 20.6ms (20.0ms/21.0ms)
[2025-11-08T15:18:35.650+0000][gc,phases     ] GC(1323)   Pre Evacuate Collection Set: 0.0ms
[2025-11-08T15:18:35.650+0000][gc,phases     ] GC(1323)   Evacuate Collection Set: 17.5ms
[2025-11-08T15:18:35.651+0000][gc,phases     ] GC(1323)   Post Evacuate Collection Set: 2.4ms
[2025-11-08T15:18:35.651+0000][gc,phases     ] GC(1323)   Other: 3.6ms
[2025-11-08T15:18:35.652+0000][gc,heap       ] GC(1323) Eden regions: 37->0(39)
[2025-11-08T15:18:35.652+0000][gc,heap       ] GC(1323) Survivor regions: 3->3(5)
[2025-11-08T15:18:35.652+0000][gc,heap       ] GC(1323) Old regions: 111->111
[2025-11-08T15:18:35.653+0000][gc,heap       ] GC(1323) Humongous regions: 147->147
[2025-11-08T15:18:35.653+0000][gc,metaspace  ] GC(1323) Metaspace: 52304K(55472K)->52304K(55472K) NonClass: 46516K(48304K)->46516K(48304K) Class: 5787K(7168K)->5787K(7168K)
[2025-11-08T15:18:35.654+0000][gc            ] GC(1323) Pause Young (Normal) (G1 Evacuation Pause) 297M->260M(667M) 27.107ms
[2025-11-08T15:18:35.654+0000][gc,cpu        ] GC(1323) User=0.04s Sys=0.00s Real=0.03s
[2025-11-08T15:18:37.921+0000][gc,start      ] GC(1324) Pause Young (Normal) (G1 Evacuation Pause)
[2025-11-08T15:18:37.921+0000][gc,task       ] GC(1324) Using 2 workers of 2 for evacuation
[2025-11-08T15:18:37.938+0000][gc,phases     ] GC(1324)   Pre Evacuate Collection Set: 0.0ms
[2025-11-08T15:18:37.938+0000][gc,phases     ] GC(1324)   Evacuate Collection Set: 12.9ms
[2025-11-08T15:18:37.938+0000][gc,phases     ] GC(1324)   Post Evacuate Collection Set: 2.3ms
[2025-11-08T15:18:37.939+0000][gc,phases     ] GC(1324)   Other: 1.5ms
[2025-11-08T15:18:37.940+0000][gc,heap       ] GC(1324) Eden regions: 31->0(35)
[2025-11-08T15:18:37.941+0000][gc,heap       ] GC(1324) Survivor regions: 3->3(5)
[2025-11-08T15:18:37.941+0000][gc,heap       ] GC(1324) Old regions: 111->112
[2025-11-08T15:18:37.941+0000][gc,heap       ] GC(1324) Humongous regions: 147->147
[2025-11-08T15:18:37.942+0000][gc,metaspace  ] GC(1324) Metaspace: 52304K(55472K)->52304K(55472K) NonClass: 46516K(48304K)->46516K(48304K) Class: 5787K(7168K)->5787K(7168K)
[2025-11-08T15:18:37.942+0000][gc            ] GC(1324) Pause Young (Normal) (G1 Evacuation Pause) 291M->260M(667M) 21.270ms
[2025-11-08T15:18:37.942+0000][gc,cpu        ] GC(1324) User=0.01s Sys=0.02s Real=0.02s
[2025-11-08T15:18:40.791+0000][gc,start      ] GC(1325) Pause Young (Normal) (G1 Evacuation Pause)
[2025-11-08T15:18:40.793+0000][gc,task       ] GC(1325) Using 2 workers of 2 for evacuation
[2025-11-08T15:18:40.813+0000][gc,phases     ] GC(1325)   Pre Evacuate Collection Set: 0.1ms
[2025-11-08T15:18:40.814+0000][gc,phases     ] GC(1325)   Evacuate Collection Set: 17.2ms
[2025-11-08T15:18:40.814+0000][gc,phases     ] GC(1325)   Post Evacuate Collection Set: 2.1ms
[2025-11-08T15:18:40.815+0000][gc,phases     ] GC(1325)   Other: 2.1ms
[2025-11-08T15:18:40.816+0000][gc,heap       ] GC(1325) Eden regions: 35->0(35)
[2025-11-08T15:18:40.817+0000][gc,heap       ] GC(1325) Survivor regions: 3->3(5)
[2025-11-08T15:18:40.818+0000][gc,heap       ] GC(1325) Old regions: 112->112
[2025-11-08T15:18:40.818+0000][gc,heap       ] GC(1325) Humongous regions: 147->147
[2025-11-08T15:18:40.818+0000][gc,metaspace  ] GC(1325) Metaspace: 52304K(55472K)->52304K(55472K) NonClass: 46516K(48304K)->46516K(48304K) Class: 5787K(7168K)->5787K(7168K)
[2025-11-08T15:18:40.819+0000][gc            ] GC(1325) Pause Young (Normal) (G1 Evacuation Pause) 295M->260M(667M) 27.333ms
[2025-11-08T15:18:40.820+0000][gc,cpu        ] GC(1325) User=0.04s Sys=0.00s Real=0.03s
[2025-11-08T15:18:43.374+0000][gc,start      ] GC(1326) Pause Young (Normal) (G1 Evacuation Pause)
[2025-11-08T15:18:43.376+0000][gc,task       ] GC(1326) Using 2 workers of 2 for evacuation
[2025-11-08T15:18:43.417+0000][gc,mmu        ] GC(1326) MMU target violated: 21.0ms (20.0ms/21.0ms)
[2025-11-08T15:18:43.418+0000][gc,phases     ] GC(1326)   Pre Evacuate Collection Set: 0.0ms
[2025-11-08T15:18:43.419+0000][gc,phases     ] GC(1326)   Evacuate Collection Set: 28.6ms
[2025-11-08T15:18:43.419+0000][gc,phases     ] GC(1326)   Post Evacuate Collection Set: 1.9ms
[2025-11-08T15:18:43.419+0000][gc,phases     ] GC(1326)   Other: 12.9ms
[2025-11-08T15:18:43.420+0000][gc,heap       ] GC(1326) Eden regions: 30->0(30)
[2025-11-08T15:18:43.420+0000][gc,heap       ] GC(1326) Survivor regions: 3->3(5)
[2025-11-08T15:18:43.420+0000][gc,heap       ] GC(1326) Old regions: 112->112
[2025-11-08T15:18:43.421+0000][gc,heap       ] GC(1326) Humongous regions: 147->147
[2025-11-08T15:18:43.421+0000][gc,metaspace  ] GC(1326) Metaspace: 52304K(55472K)->52304K(55472K) NonClass: 46516K(48304K)->46516K(48304K) Class: 5787K(7168K)->5787K(7168K)
[2025-11-08T15:18:43.422+0000][gc            ] GC(1326) Pause Young (Normal) (G1 Evacuation Pause) 290M->260M(667M) 47.350ms
[2025-11-08T15:18:43.422+0000][gc,cpu        ] GC(1326) User=0.03s Sys=0.00s Real=0.05s
[2025-11-08T15:18:45.854+0000][gc,start      ] GC(1327) Pause Young (Normal) (G1 Evacuation Pause)
[2025-11-08T15:18:45.855+0000][gc,task       ] GC(1327) Using 2 workers of 2 for evacuation
[2025-11-08T15:18:45.868+0000][gc,phases     ] GC(1327)   Pre Evacuate Collection Set: 0.0ms
[2025-11-08T15:18:45.868+0000][gc,phases     ] GC(1327)   Evacuate Collection Set: 11.4ms
[2025-11-08T15:18:45.869+0000][gc,phases     ] GC(1327)   Post Evacuate Collection Set: 0.8ms
[2025-11-08T15:18:45.869+0000][gc,phases     ] GC(1327)   Other: 2.1ms
[2025-11-08T15:18:45.869+0000][gc,heap       ] GC(1327) Eden regions: 30->0(31)
[2025-11-08T15:18:45.870+0000][gc,heap       ] GC(1327) Survivor regions: 3->2(5)
[2025-11-08T15:18:45.870+0000][gc,heap       ] GC(1327) Old regions: 112->112
[2025-11-08T15:18:45.870+0000][gc,heap       ] GC(1327) Humongous regions: 147->147
[2025-11-08T15:18:45.871+0000][gc,metaspace  ] GC(1327) Metaspace: 52304K(55472K)->52304K(55472K) NonClass: 46516K(48304K)->46516K(48304K) Class: 5787K(7168K)->5787K(7168K)
[2025-11-08T15:18:45.871+0000][gc            ] GC(1327) Pause Young (Normal) (G1 Evacuation Pause) 290M->259M(667M) 17.215ms
[2025-11-08T15:18:45.871+0000][gc,cpu        ] GC(1327) User=0.02s Sys=0.00s Real=0.02s
[2025-11-08T15:18:48.082+0000][gc,start      ] GC(1328) Pause Young (Normal) (G1 Evacuation Pause)
[2025-11-08T15:18:48.083+0000][gc,task       ] GC(1328) Using 2 workers of 2 for evacuation
[2025-11-08T15:18:48.100+0000][gc,phases     ] GC(1328)   Pre Evacuate Collection Set: 0.0ms
[2025-11-08T15:18:48.100+0000][gc,phases     ] GC(1328)   Evacuate Collection Set: 13.2ms
[2025-11-08T15:18:48.100+0000][gc,phases     ] GC(1328)   Post Evacuate Collection Set: 1.7ms
[2025-11-08T15:18:48.101+0000][gc,phases     ] GC(1328)   Other: 2.4ms
[2025-11-08T15:18:48.102+0000][gc,heap       ] GC(1328) Eden regions: 31->0(31)
[2025-11-08T15:18:48.102+0000][gc,heap       ] GC(1328) Survivor regions: 2->4(5)
[2025-11-08T15:18:48.102+0000][gc,heap       ] GC(1328) Old regions: 112->112
[2025-11-08T15:18:48.103+0000][gc,heap       ] GC(1328) Humongous regions: 147->147
[2025-11-08T15:18:48.103+0000][gc,metaspace  ] GC(1328) Metaspace: 52304K(55472K)->52304K(55472K) NonClass: 46516K(48304K)->46516K(48304K) Class: 5787K(7168K)->5787K(7168K)
[2025-11-08T15:18:48.103+0000][gc            ] GC(1328) Pause Young (Normal) (G1 Evacuation Pause) 290M->261M(667M) 21.110ms
[2025-11-08T15:18:48.104+0000][gc,cpu        ] GC(1328) User=0.03s Sys=0.00s Real=0.02s
[2025-11-08T15:18:51.020+0000][gc,start      ] GC(1329) Pause Young (Normal) (G1 Evacuation Pause)
[2025-11-08T15:18:51.022+0000][gc,task       ] GC(1329) Using 2 workers of 2 for evacuation
[2025-11-08T15:18:51.040+0000][gc,phases     ] GC(1329)   Pre Evacuate Collection Set: 0.0ms
[2025-11-08T15:18:51.040+0000][gc,phases     ] GC(1329)   Evacuate Collection Set: 15.7ms
[2025-11-08T15:18:51.040+0000][gc,phases     ] GC(1329)   Post Evacuate Collection Set: 1.5ms
[2025-11-08T15:18:51.041+0000][gc,phases     ] GC(1329)   Other: 2.6ms
[2025-11-08T15:18:51.041+0000][gc,heap       ] GC(1329) Eden regions: 31->0(32)
[2025-11-08T15:18:51.042+0000][gc,heap       ] GC(1329) Survivor regions: 4->3(5)
[2025-11-08T15:18:51.042+0000][gc,heap       ] GC(1329) Old regions: 112->113
[2025-11-08T15:18:51.043+0000][gc,heap       ] GC(1329) Humongous regions: 147->147
[2025-11-08T15:18:51.044+0000][gc,metaspace  ] GC(1329) Metaspace: 52304K(55472K)->52304K(55472K) NonClass: 46516K(48304K)->46516K(48304K) Class: 5787K(7168K)->5787K(7168K)
[2025-11-08T15:18:51.045+0000][gc            ] GC(1329) Pause Young (Normal) (G1 Evacuation Pause) 292M->261M(667M) 24.568ms
[2025-11-08T15:18:51.045+0000][gc,cpu        ] GC(1329) User=0.04s Sys=0.00s Real=0.03s
[2025-11-08T15:18:53.385+0000][gc,start      ] GC(1330) Pause Young (Normal) (G1 Evacuation Pause)
[2025-11-08T15:18:53.385+0000][gc,task       ] GC(1330) Using 2 workers of 2 for evacuation
[2025-11-08T15:18:53.398+0000][gc,phases     ] GC(1330)   Pre Evacuate Collection Set: 0.0ms
[2025-11-08T15:18:53.399+0000][gc,phases     ] GC(1330)   Evacuate Collection Set: 10.9ms
[2025-11-08T15:18:53.399+0000][gc,phases     ] GC(1330)   Post Evacuate Collection Set: 1.2ms
[2025-11-08T15:18:53.400+0000][gc,phases     ] GC(1330)   Other: 1.4ms
[2025-11-08T15:18:53.401+0000][gc,heap       ] GC(1330) Eden regions: 30->0(34)
[2025-11-08T15:18:53.401+0000][gc,heap       ] GC(1330) Survivor regions: 3->2(5)
[2025-11-08T15:18:53.401+0000][gc,heap       ] GC(1330) Old regions: 113->113
[2025-11-08T15:18:53.402+0000][gc,heap       ] GC(1330) Humongous regions: 147->147
[2025-11-08T15:18:53.402+0000][gc,metaspace  ] GC(1330) Metaspace: 52304K(55472K)->52304K(55472K) NonClass: 46516K(48304K)->46516K(48304K) Class: 5787K(7168K)->5787K(7168K)
[2025-11-08T15:18:53.402+0000][gc            ] GC(1330) Pause Young (Normal) (G1 Evacuation Pause) 291M->261M(667M) 17.561ms
[2025-11-08T15:18:53.403+0000][gc,cpu        ] GC(1330) User=0.02s Sys=0.00s Real=0.02s
[2025-11-08T15:18:56.123+0000][gc,start      ] GC(1331) Pause Young (Normal) (G1 Evacuation Pause)
[2025-11-08T15:18:56.124+0000][gc,task       ] GC(1331) Using 2 workers of 2 for evacuation
[2025-11-08T15:18:56.142+0000][gc,phases     ] GC(1331)   Pre Evacuate Collection Set: 0.1ms
[2025-11-08T15:18:56.143+0000][gc,phases     ] GC(1331)   Evacuate Collection Set: 13.1ms
[2025-11-08T15:18:56.143+0000][gc,phases     ] GC(1331)   Post Evacuate Collection Set: 1.5ms
[2025-11-08T15:18:56.144+0000][gc,phases     ] GC(1331)   Other: 4.8ms
[2025-11-08T15:18:56.144+0000][gc,heap       ] GC(1331) Eden regions: 34->0(35)
[2025-11-08T15:18:56.144+0000][gc,heap       ] GC(1331) Survivor regions: 2->3(5)
[2025-11-08T15:18:56.145+0000][gc,heap       ] GC(1331) Old regions: 113->113
[2025-11-08T15:18:56.145+0000][gc,heap       ] GC(1331) Humongous regions: 147->147
[2025-11-08T15:18:56.146+0000][gc,metaspace  ] GC(1331) Metaspace: 52304K(55472K)->52304K(55472K) NonClass: 46516K(48304K)->46516K(48304K) Class: 5787K(7168K)->5787K(7168K)
[2025-11-08T15:18:56.147+0000][gc            ] GC(1331) Pause Young (Normal) (G1 Evacuation Pause) 295M->261M(667M) 23.957ms
[2025-11-08T15:18:56.148+0000][gc,cpu        ] GC(1331) User=0.04s Sys=0.00s Real=0.03s
[2025-11-08T15:18:58.428+0000][gc,start      ] GC(1332) Pause Young (Normal) (G1 Evacuation Pause)
[2025-11-08T15:18:58.428+0000][gc,task       ] GC(1332) Using 2 workers of 2 for evacuation
[2025-11-08T15:18:58.445+0000][gc,phases     ] GC(1332)   Pre Evacuate Collection Set: 0.0ms
[2025-11-08T15:18:58.445+0000][gc,phases     ] GC(1332)   Evacuate Collection Set: 13.4ms
[2025-11-08T15:18:58.446+0000][gc,phases     ] GC(1332)   Post Evacuate Collection Set: 1.7ms
[2025-11-08T15:18:58.446+0000][gc,phases     ] GC(1332)   Other: 1.7ms
[2025-11-08T15:18:58.447+0000][gc,heap       ] GC(1332) Eden regions: 31->0(36)
[2025-11-08T15:18:58.447+0000][gc,heap       ] GC(1332) Survivor regions: 3->2(5)
[2025-11-08T15:18:58.448+0000][gc,heap       ] GC(1332) Old regions: 113->113
[2025-11-08T15:18:58.448+0000][gc,heap       ] GC(1332) Humongous regions: 147->147
[2025-11-08T15:18:58.449+0000][gc,metaspace  ] GC(1332) Metaspace: 52304K(55472K)->52304K(55472K) NonClass: 46516K(48304K)->46516K(48304K) Class: 5787K(7168K)->5787K(7168K)
[2025-11-08T15:18:58.449+0000][gc            ] GC(1332) Pause Young (Normal) (G1 Evacuation Pause) 292M->260M(667M) 21.455ms
[2025-11-08T15:18:58.450+0000][gc,cpu        ] GC(1332) User=0.03s Sys=0.00s Real=0.02s
[2025-11-08T15:19:00.871+0000][gc,start      ] GC(1333) Pause Young (Normal) (G1 Evacuation Pause)
[2025-11-08T15:19:00.872+0000][gc,task       ] GC(1333) Using 2 workers of 2 for evacuation
[2025-11-08T15:19:00.883+0000][gc,phases     ] GC(1333)   Pre Evacuate Collection Set: 0.0ms
[2025-11-08T15:19:00.884+0000][gc,phases     ] GC(1333)   Evacuate Collection Set: 9.4ms
[2025-11-08T15:19:00.884+0000][gc,phases     ] GC(1333)   Post Evacuate Collection Set: 1.5ms
[2025-11-08T15:19:00.885+0000][gc,phases     ] GC(1333)   Other: 1.5ms
[2025-11-08T15:19:00.885+0000][gc,heap       ] GC(1333) Eden regions: 31->0(36)
[2025-11-08T15:19:00.885+0000][gc,heap       ] GC(1333) Survivor regions: 2->2(5)
[2025-11-08T15:19:00.885+0000][gc,heap       ] GC(1333) Old regions: 113->113
[2025-11-08T15:19:00.886+0000][gc,heap       ] GC(1333) Humongous regions: 147->147
[2025-11-08T15:19:00.886+0000][gc,metaspace  ] GC(1333) Metaspace: 52304K(55472K)->52304K(55472K) NonClass: 46516K(48304K)->46516K(48304K) Class: 5787K(7168K)->5787K(7168K)
[2025-11-08T15:19:00.886+0000][gc            ] GC(1333) Pause Young (Normal) (G1 Evacuation Pause) 291M->260M(667M) 15.307ms
[2025-11-08T15:19:00.887+0000][gc,cpu        ] GC(1333) User=0.02s Sys=0.00s Real=0.02s
[2025-11-08T15:19:03.786+0000][gc,start      ] GC(1334) Pause Young (Normal) (G1 Evacuation Pause)
[2025-11-08T15:19:03.786+0000][gc,task       ] GC(1334) Using 2 workers of 2 for evacuation
[2025-11-08T15:19:03.804+0000][gc,phases     ] GC(1334)   Pre Evacuate Collection Set: 0.0ms
[2025-11-08T15:19:03.805+0000][gc,phases     ] GC(1334)   Evacuate Collection Set: 14.6ms
[2025-11-08T15:19:03.806+0000][gc,phases     ] GC(1334)   Post Evacuate Collection Set: 1.5ms
[2025-11-08T15:19:03.806+0000][gc,phases     ] GC(1334)   Other: 2.0ms
[2025-11-08T15:19:03.807+0000][gc,heap       ] GC(1334) Eden regions: 36->0(36)
[2025-11-08T15:19:03.807+0000][gc,heap       ] GC(1334) Survivor regions: 2->2(5)
[2025-11-08T15:19:03.808+0000][gc,heap       ] GC(1334) Old regions: 113->113
[2025-11-08T15:19:03.808+0000][gc,heap       ] GC(1334) Humongous regions: 147->147
[2025-11-08T15:19:03.808+0000][gc,metaspace  ] GC(1334) Metaspace: 52304K(55472K)->52304K(55472K) NonClass: 46516K(48304K)->46516K(48304K) Class: 5787K(7168K)->5787K(7168K)
[2025-11-08T15:19:03.809+0000][gc            ] GC(1334) Pause Young (Normal) (G1 Evacuation Pause) 296M->260M(667M) 23.031ms
[2025-11-08T15:19:03.809+0000][gc,cpu        ] GC(1334) User=0.03s Sys=0.00s Real=0.02s
[2025-11-08T15:19:06.335+0000][gc,start      ] GC(1335) Pause Young (Normal) (G1 Evacuation Pause)
[2025-11-08T15:19:06.335+0000][gc,task       ] GC(1335) Using 2 workers of 2 for evacuation
[2025-11-08T15:19:06.355+0000][gc,phases     ] GC(1335)   Pre Evacuate Collection Set: 0.0ms
[2025-11-08T15:19:06.356+0000][gc,phases     ] GC(1335)   Evacuate Collection Set: 16.5ms
[2025-11-08T15:19:06.357+0000][gc,phases     ] GC(1335)   Post Evacuate Collection Set: 1.9ms
[2025-11-08T15:19:06.357+0000][gc,phases     ] GC(1335)   Other: 2.2ms
[2025-11-08T15:19:06.358+0000][gc,heap       ] GC(1335) Eden regions: 32->0(34)
[2025-11-08T15:19:06.358+0000][gc,heap       ] GC(1335) Survivor regions: 2->2(5)
[2025-11-08T15:19:06.358+0000][gc,heap       ] GC(1335) Old regions: 113->113
[2025-11-08T15:19:06.359+0000][gc,heap       ] GC(1335) Humongous regions: 147->147
[2025-11-08T15:19:06.359+0000][gc,metaspace  ] GC(1335) Metaspace: 52304K(55472K)->52304K(55472K) NonClass: 46516K(48304K)->46516K(48304K) Class: 5787K(7168K)->5787K(7168K)
[2025-11-08T15:19:06.359+0000][gc            ] GC(1335) Pause Young (Normal) (G1 Evacuation Pause) 292M->260M(667M) 24.890ms
[2025-11-08T15:19:06.360+0000][gc,cpu        ] GC(1335) User=0.03s Sys=0.00s Real=0.03s
[2025-11-08T15:19:08.731+0000][gc,start      ] GC(1336) Pause Young (Normal) (G1 Evacuation Pause)
[2025-11-08T15:19:08.732+0000][gc,task       ] GC(1336) Using 2 workers of 2 for evacuation
[2025-11-08T15:19:08.747+0000][gc,phases     ] GC(1336)   Pre Evacuate Collection Set: 0.0ms
[2025-11-08T15:19:08.747+0000][gc,phases     ] GC(1336)   Evacuate Collection Set: 12.9ms
[2025-11-08T15:19:08.748+0000][gc,phases     ] GC(1336)   Post Evacuate Collection Set: 1.0ms
[2025-11-08T15:19:08.748+0000][gc,phases     ] GC(1336)   Other: 1.3ms
[2025-11-08T15:19:08.748+0000][gc,heap       ] GC(1336) Eden regions: 31->0(34)
[2025-11-08T15:19:08.748+0000][gc,heap       ] GC(1336) Survivor regions: 2->4(5)
[2025-11-08T15:19:08.749+0000][gc,heap       ] GC(1336) Old regions: 113->113
[2025-11-08T15:19:08.749+0000][gc,heap       ] GC(1336) Humongous regions: 147->147
[2025-11-08T15:19:08.749+0000][gc,metaspace  ] GC(1336) Metaspace: 52304K(55472K)->52304K(55472K) NonClass: 46516K(48304K)->46516K(48304K) Class: 5787K(7168K)->5787K(7168K)
[2025-11-08T15:19:08.750+0000][gc            ] GC(1336) Pause Young (Normal) (G1 Evacuation Pause) 291M->262M(667M) 18.234ms
[2025-11-08T15:19:08.750+0000][gc,cpu        ] GC(1336) User=0.03s Sys=0.00s Real=0.02s
[2025-11-08T15:19:11.509+0000][gc,start      ] GC(1337) Pause Young (Normal) (G1 Evacuation Pause)
[2025-11-08T15:19:11.509+0000][gc,task       ] GC(1337) Using 2 workers of 2 for evacuation
[2025-11-08T15:19:11.524+0000][gc,phases     ] GC(1337)   Pre Evacuate Collection Set: 0.0ms
[2025-11-08T15:19:11.525+0000][gc,phases     ] GC(1337)   Evacuate Collection Set: 12.3ms
[2025-11-08T15:19:11.525+0000][gc,phases     ] GC(1337)   Post Evacuate Collection Set: 1.4ms
[2025-11-08T15:19:11.526+0000][gc,phases     ] GC(1337)   Other: 2.0ms
[2025-11-08T15:19:11.526+0000][gc,heap       ] GC(1337) Eden regions: 34->0(34)
[2025-11-08T15:19:11.537+0000][gc,heap       ] GC(1337) Survivor regions: 4->3(5)
[2025-11-08T15:19:11.542+0000][gc,heap       ] GC(1337) Old regions: 113->113
[2025-11-08T15:19:11.545+0000][gc,heap       ] GC(1337) Humongous regions: 147->147
[2025-11-08T15:19:11.545+0000][gc,metaspace  ] GC(1337) Metaspace: 52304K(55472K)->52304K(55472K) NonClass: 46516K(48304K)->46516K(48304K) Class: 5787K(7168K)->5787K(7168K)
[2025-11-08T15:19:11.546+0000][gc            ] GC(1337) Pause Young (Normal) (G1 Evacuation Pause) 296M->262M(667M) 36.929ms
[2025-11-08T15:19:11.546+0000][gc,cpu        ] GC(1337) User=0.03s Sys=0.00s Real=0.04s
[2025-11-08T15:19:14.172+0000][gc,start      ] GC(1338) Pause Young (Normal) (G1 Evacuation Pause)
[2025-11-08T15:19:14.175+0000][gc,task       ] GC(1338) Using 2 workers of 2 for evacuation
[2025-11-08T15:19:14.195+0000][gc,phases     ] GC(1338)   Pre Evacuate Collection Set: 0.0ms
[2025-11-08T15:19:14.195+0000][gc,phases     ] GC(1338)   Evacuate Collection Set: 16.6ms
[2025-11-08T15:19:14.196+0000][gc,phases     ] GC(1338)   Post Evacuate Collection Set: 1.7ms
[2025-11-08T15:19:14.197+0000][gc,phases     ] GC(1338)   Other: 4.6ms
[2025-11-08T15:19:14.197+0000][gc,heap       ] GC(1338) Eden regions: 34->0(34)
[2025-11-08T15:19:14.198+0000][gc,heap       ] GC(1338) Survivor regions: 3->3(5)
[2025-11-08T15:19:14.198+0000][gc,heap       ] GC(1338) Old regions: 113->113
[2025-11-08T15:19:14.199+0000][gc,heap       ] GC(1338) Humongous regions: 147->147
[2025-11-08T15:19:14.199+0000][gc,metaspace  ] GC(1338) Metaspace: 52304K(55472K)->52304K(55472K) NonClass: 46516K(48304K)->46516K(48304K) Class: 5787K(7168K)->5787K(7168K)
[2025-11-08T15:19:14.200+0000][gc            ] GC(1338) Pause Young (Normal) (G1 Evacuation Pause) 296M->262M(667M) 27.710ms
[2025-11-08T15:19:14.200+0000][gc,cpu        ] GC(1338) User=0.04s Sys=0.00s Real=0.02s
[2025-11-08T15:19:16.636+0000][gc,start      ] GC(1339) Pause Young (Normal) (G1 Evacuation Pause)
[2025-11-08T15:19:16.636+0000][gc,task       ] GC(1339) Using 2 workers of 2 for evacuation
[2025-11-08T15:19:16.650+0000][gc,phases     ] GC(1339)   Pre Evacuate Collection Set: 0.0ms
[2025-11-08T15:19:16.651+0000][gc,phases     ] GC(1339)   Evacuate Collection Set: 9.9ms
[2025-11-08T15:19:16.652+0000][gc,phases     ] GC(1339)   Post Evacuate Collection Set: 3.5ms
[2025-11-08T15:19:16.652+0000][gc,phases     ] GC(1339)   Other: 1.0ms
[2025-11-08T15:19:16.653+0000][gc,heap       ] GC(1339) Eden regions: 34->0(36)
[2025-11-08T15:19:16.653+0000][gc,heap       ] GC(1339) Survivor regions: 3->1(5)
[2025-11-08T15:19:16.654+0000][gc,heap       ] GC(1339) Old regions: 113->114
[2025-11-08T15:19:16.655+0000][gc,heap       ] GC(1339) Humongous regions: 147->147
[2025-11-08T15:19:16.655+0000][gc,metaspace  ] GC(1339) Metaspace: 52304K(55472K)->52304K(55472K) NonClass: 46516K(48304K)->46516K(48304K) Class: 5787K(7168K)->5787K(7168K)
[2025-11-08T15:19:16.656+0000][gc            ] GC(1339) Pause Young (Normal) (G1 Evacuation Pause) 296M->261M(667M) 19.722ms
[2025-11-08T15:19:16.656+0000][gc,cpu        ] GC(1339) User=0.02s Sys=0.00s Real=0.02s
[2025-11-08T15:19:19.457+0000][gc,start      ] GC(1340) Pause Young (Normal) (G1 Evacuation Pause)
[2025-11-08T15:19:19.458+0000][gc,task       ] GC(1340) Using 2 workers of 2 for evacuation
[2025-11-08T15:19:19.475+0000][gc,phases     ] GC(1340)   Pre Evacuate Collection Set: 0.0ms
[2025-11-08T15:19:19.476+0000][gc,phases     ] GC(1340)   Evacuate Collection Set: 14.4ms
[2025-11-08T15:19:19.477+0000][gc,phases     ] GC(1340)   Post Evacuate Collection Set: 1.1ms
[2025-11-08T15:19:19.477+0000][gc,phases     ] GC(1340)   Other: 1.9ms
[2025-11-08T15:19:19.478+0000][gc,heap       ] GC(1340) Eden regions: 36->0(37)
[2025-11-08T15:19:19.478+0000][gc,heap       ] GC(1340) Survivor regions: 1->1(5)
[2025-11-08T15:19:19.479+0000][gc,heap       ] GC(1340) Old regions: 114->114
[2025-11-08T15:19:19.479+0000][gc,heap       ] GC(1340) Humongous regions: 147->147
[2025-11-08T15:19:19.480+0000][gc,metaspace  ] GC(1340) Metaspace: 52304K(55472K)->52304K(55472K) NonClass: 46516K(48304K)->46516K(48304K) Class: 5787K(7168K)->5787K(7168K)
[2025-11-08T15:19:19.480+0000][gc            ] GC(1340) Pause Young (Normal) (G1 Evacuation Pause) 297M->261M(667M) 22.856ms
[2025-11-08T15:19:19.481+0000][gc,cpu        ] GC(1340) User=0.02s Sys=0.00s Real=0.02s
[2025-11-08T15:19:22.634+0000][gc,start      ] GC(1341) Pause Young (Normal) (G1 Evacuation Pause)
[2025-11-08T15:19:22.634+0000][gc,task       ] GC(1341) Using 2 workers of 2 for evacuation
[2025-11-08T15:19:22.647+0000][gc,phases     ] GC(1341)   Pre Evacuate Collection Set: 0.0ms
[2025-11-08T15:19:22.647+0000][gc,phases     ] GC(1341)   Evacuate Collection Set: 10.4ms
[2025-11-08T15:19:22.647+0000][gc,phases     ] GC(1341)   Post Evacuate Collection Set: 1.4ms
[2025-11-08T15:19:22.648+0000][gc,phases     ] GC(1341)   Other: 1.3ms
[2025-11-08T15:19:22.648+0000][gc,heap       ] GC(1341) Eden regions: 37->0(38)
[2025-11-08T15:19:22.649+0000][gc,heap       ] GC(1341) Survivor regions: 1->2(5)
[2025-11-08T15:19:22.649+0000][gc,heap       ] GC(1341) Old regions: 114->114
[2025-11-08T15:19:22.649+0000][gc,heap       ] GC(1341) Humongous regions: 147->147
[2025-11-08T15:19:22.650+0000][gc,metaspace  ] GC(1341) Metaspace: 52304K(55472K)->52304K(55472K) NonClass: 46516K(48304K)->46516K(48304K) Class: 5787K(7168K)->5787K(7168K)
[2025-11-08T15:19:22.651+0000][gc            ] GC(1341) Pause Young (Normal) (G1 Evacuation Pause) 298M->261M(667M) 17.222ms
[2025-11-08T15:19:22.651+0000][gc,cpu        ] GC(1341) User=0.03s Sys=0.00s Real=0.02s
[2025-11-08T15:19:25.383+0000][gc,start      ] GC(1342) Pause Young (Normal) (G1 Evacuation Pause)
[2025-11-08T15:19:25.387+0000][gc,task       ] GC(1342) Using 2 workers of 2 for evacuation
[2025-11-08T15:19:25.405+0000][gc,phases     ] GC(1342)   Pre Evacuate Collection Set: 0.0ms
[2025-11-08T15:19:25.405+0000][gc,phases     ] GC(1342)   Evacuate Collection Set: 15.1ms
[2025-11-08T15:19:25.406+0000][gc,phases     ] GC(1342)   Post Evacuate Collection Set: 1.6ms
[2025-11-08T15:19:25.406+0000][gc,phases     ] GC(1342)   Other: 5.2ms
[2025-11-08T15:19:25.406+0000][gc,heap       ] GC(1342) Eden regions: 34->0(38)
[2025-11-08T15:19:25.407+0000][gc,heap       ] GC(1342) Survivor regions: 2->2(5)
[2025-11-08T15:19:25.408+0000][gc,heap       ] GC(1342) Old regions: 114->114
[2025-11-08T15:19:25.408+0000][gc,heap       ] GC(1342) Humongous regions: 147->147
[2025-11-08T15:19:25.409+0000][gc,metaspace  ] GC(1342) Metaspace: 52304K(55472K)->52304K(55472K) NonClass: 46516K(48304K)->46516K(48304K) Class: 5787K(7168K)->5787K(7168K)
[2025-11-08T15:19:25.410+0000][gc            ] GC(1342) Pause Young (Normal) (G1 Evacuation Pause) 295M->261M(667M) 27.218ms
[2025-11-08T15:19:25.411+0000][gc,cpu        ] GC(1342) User=0.03s Sys=0.00s Real=0.02s
[2025-11-08T15:19:27.624+0000][gc,start      ] GC(1343) Pause Young (Normal) (G1 Evacuation Pause)
[2025-11-08T15:19:27.625+0000][gc,task       ] GC(1343) Using 2 workers of 2 for evacuation
[2025-11-08T15:19:27.639+0000][gc,phases     ] GC(1343)   Pre Evacuate Collection Set: 0.0ms
[2025-11-08T15:19:27.640+0000][gc,phases     ] GC(1343)   Evacuate Collection Set: 12.8ms
[2025-11-08T15:19:27.640+0000][gc,phases     ] GC(1343)   Post Evacuate Collection Set: 1.4ms
[2025-11-08T15:19:27.641+0000][gc,phases     ] GC(1343)   Other: 1.4ms
[2025-11-08T15:19:27.642+0000][gc,heap       ] GC(1343) Eden regions: 31->0(37)
[2025-11-08T15:19:27.642+0000][gc,heap       ] GC(1343) Survivor regions: 2->2(5)
[2025-11-08T15:19:27.643+0000][gc,heap       ] GC(1343) Old regions: 114->114
[2025-11-08T15:19:27.643+0000][gc,heap       ] GC(1343) Humongous regions: 147->147
[2025-11-08T15:19:27.644+0000][gc,metaspace  ] GC(1343) Metaspace: 52304K(55472K)->52304K(55472K) NonClass: 46516K(48304K)->46516K(48304K) Class: 5787K(7168K)->5787K(7168K)
[2025-11-08T15:19:27.644+0000][gc            ] GC(1343) Pause Young (Normal) (G1 Evacuation Pause) 292M->261M(667M) 20.479ms
[2025-11-08T15:19:27.645+0000][gc,cpu        ] GC(1343) User=0.03s Sys=0.00s Real=0.02s
[2025-11-08T15:19:30.184+0000][gc,start      ] GC(1344) Pause Young (Normal) (G1 Evacuation Pause)
[2025-11-08T15:19:30.184+0000][gc,task       ] GC(1344) Using 2 workers of 2 for evacuation
[2025-11-08T15:19:30.202+0000][gc,phases     ] GC(1344)   Pre Evacuate Collection Set: 0.0ms
[2025-11-08T15:19:30.203+0000][gc,phases     ] GC(1344)   Evacuate Collection Set: 15.3ms
[2025-11-08T15:19:30.203+0000][gc,phases     ] GC(1344)   Post Evacuate Collection Set: 1.6ms
[2025-11-08T15:19:30.203+0000][gc,phases     ] GC(1344)   Other: 1.8ms
[2025-11-08T15:19:30.204+0000][gc,heap       ] GC(1344) Eden regions: 32->0(37)
[2025-11-08T15:19:30.204+0000][gc,heap       ] GC(1344) Survivor regions: 2->2(5)
[2025-11-08T15:19:30.204+0000][gc,heap       ] GC(1344) Old regions: 114->114
[2025-11-08T15:19:30.204+0000][gc,heap       ] GC(1344) Humongous regions: 147->147
[2025-11-08T15:19:30.205+0000][gc,metaspace  ] GC(1344) Metaspace: 52304K(55472K)->52304K(55472K) NonClass: 46516K(48304K)->46516K(48304K) Class: 5787K(7168K)->5787K(7168K)
[2025-11-08T15:19:30.205+0000][gc            ] GC(1344) Pause Young (Normal) (G1 Evacuation Pause) 293M->261M(667M) 21.655ms
[2025-11-08T15:19:30.206+0000][gc,cpu        ] GC(1344) User=0.03s Sys=0.00s Real=0.02s
[2025-11-08T15:19:33.108+0000][gc,start      ] GC(1345) Pause Young (Normal) (G1 Evacuation Pause)
[2025-11-08T15:19:33.109+0000][gc,task       ] GC(1345) Using 2 workers of 2 for evacuation
[2025-11-08T15:19:33.118+0000][gc,phases     ] GC(1345)   Pre Evacuate Collection Set: 0.0ms
[2025-11-08T15:19:33.119+0000][gc,phases     ] GC(1345)   Evacuate Collection Set: 8.0ms
[2025-11-08T15:19:33.119+0000][gc,phases     ] GC(1345)   Post Evacuate Collection Set: 1.0ms
[2025-11-08T15:19:33.119+0000][gc,phases     ] GC(1345)   Other: 1.0ms
[2025-11-08T15:19:33.120+0000][gc,heap       ] GC(1345) Eden regions: 37->0(40)
[2025-11-08T15:19:33.120+0000][gc,heap       ] GC(1345) Survivor regions: 2->2(5)
[2025-11-08T15:19:33.120+0000][gc,heap       ] GC(1345) Old regions: 114->114
[2025-11-08T15:19:33.121+0000][gc,heap       ] GC(1345) Humongous regions: 147->147
[2025-11-08T15:19:33.121+0000][gc,metaspace  ] GC(1345) Metaspace: 52304K(55472K)->52304K(55472K) NonClass: 46516K(48304K)->46516K(48304K) Class: 5787K(7168K)->5787K(7168K)
[2025-11-08T15:19:33.121+0000][gc            ] GC(1345) Pause Young (Normal) (G1 Evacuation Pause) 298M->261M(667M) 12.876ms
[2025-11-08T15:19:33.122+0000][gc,cpu        ] GC(1345) User=0.02s Sys=0.00s Real=0.02s
[2025-11-08T15:19:35.866+0000][gc,start      ] GC(1346) Pause Young (Normal) (G1 Evacuation Pause)
[2025-11-08T15:19:35.867+0000][gc,task       ] GC(1346) Using 2 workers of 2 for evacuation
[2025-11-08T15:19:35.878+0000][gc,phases     ] GC(1346)   Pre Evacuate Collection Set: 0.0ms
[2025-11-08T15:19:35.878+0000][gc,phases     ] GC(1346)   Evacuate Collection Set: 9.9ms
[2025-11-08T15:19:35.879+0000][gc,phases     ] GC(1346)   Post Evacuate Collection Set: 1.0ms
[2025-11-08T15:19:35.879+0000][gc,phases     ] GC(1346)   Other: 1.1ms
[2025-11-08T15:19:35.880+0000][gc,heap       ] GC(1346) Eden regions: 37->0(41)
[2025-11-08T15:19:35.880+0000][gc,heap       ] GC(1346) Survivor regions: 2->3(5)
[2025-11-08T15:19:35.880+0000][gc,heap       ] GC(1346) Old regions: 114->114
[2025-11-08T15:19:35.881+0000][gc,heap       ] GC(1346) Humongous regions: 147->147
[2025-11-08T15:19:35.881+0000][gc,metaspace  ] GC(1346) Metaspace: 52304K(55472K)->52304K(55472K) NonClass: 46516K(48304K)->46516K(48304K) Class: 5787K(7168K)->5787K(7168K)
[2025-11-08T15:19:35.881+0000][gc            ] GC(1346) Pause Young (Normal) (G1 Evacuation Pause) 298M->262M(667M) 15.149ms
[2025-11-08T15:19:35.882+0000][gc,cpu        ] GC(1346) User=0.03s Sys=0.00s Real=0.02s
[2025-11-08T15:19:39.009+0000][gc,start      ] GC(1347) Pause Young (Normal) (G1 Evacuation Pause)
[2025-11-08T15:19:39.010+0000][gc,task       ] GC(1347) Using 2 workers of 2 for evacuation
[2025-11-08T15:19:39.035+0000][gc,mmu        ] GC(1347) MMU target violated: 21.0ms (20.0ms/21.0ms)
[2025-11-08T15:19:39.037+0000][gc,phases     ] GC(1347)   Pre Evacuate Collection Set: 0.0ms
[2025-11-08T15:19:39.038+0000][gc,phases     ] GC(1347)   Evacuate Collection Set: 22.7ms
[2025-11-08T15:19:39.038+0000][gc,phases     ] GC(1347)   Post Evacuate Collection Set: 2.0ms
[2025-11-08T15:19:39.039+0000][gc,phases     ] GC(1347)   Other: 2.5ms
[2025-11-08T15:19:39.040+0000][gc,heap       ] GC(1347) Eden regions: 41->0(37)
[2025-11-08T15:19:39.041+0000][gc,heap       ] GC(1347) Survivor regions: 3->3(6)
[2025-11-08T15:19:39.041+0000][gc,heap       ] GC(1347) Old regions: 114->114
[2025-11-08T15:19:39.042+0000][gc,heap       ] GC(1347) Humongous regions: 147->147
[2025-11-08T15:19:39.042+0000][gc,metaspace  ] GC(1347) Metaspace: 52304K(55472K)->52304K(55472K) NonClass: 46516K(48304K)->46516K(48304K) Class: 5787K(7168K)->5787K(7168K)
[2025-11-08T15:19:39.043+0000][gc            ] GC(1347) Pause Young (Normal) (G1 Evacuation Pause) 303M->263M(667M) 33.402ms
[2025-11-08T15:19:39.043+0000][gc,cpu        ] GC(1347) User=0.05s Sys=0.00s Real=0.04s
[2025-11-08T15:19:41.771+0000][gc,start      ] GC(1348) Pause Young (Normal) (G1 Evacuation Pause)
[2025-11-08T15:19:41.771+0000][gc,task       ] GC(1348) Using 2 workers of 2 for evacuation
[2025-11-08T15:19:41.790+0000][gc,phases     ] GC(1348)   Pre Evacuate Collection Set: 0.0ms
[2025-11-08T15:19:41.791+0000][gc,phases     ] GC(1348)   Evacuate Collection Set: 16.4ms
[2025-11-08T15:19:41.791+0000][gc,phases     ] GC(1348)   Post Evacuate Collection Set: 1.2ms
[2025-11-08T15:19:41.791+0000][gc,phases     ] GC(1348)   Other: 1.4ms
[2025-11-08T15:19:41.792+0000][gc,heap       ] GC(1348) Eden regions: 30->0(33)
[2025-11-08T15:19:41.792+0000][gc,heap       ] GC(1348) Survivor regions: 3->3(5)
[2025-11-08T15:19:41.793+0000][gc,heap       ] GC(1348) Old regions: 114->114
[2025-11-08T15:19:41.793+0000][gc,heap       ] GC(1348) Humongous regions: 147->147
[2025-11-08T15:19:41.793+0000][gc,metaspace  ] GC(1348) Metaspace: 52304K(55472K)->52304K(55472K) NonClass: 46516K(48304K)->46516K(48304K) Class: 5787K(7168K)->5787K(7168K)
[2025-11-08T15:19:41.794+0000][gc            ] GC(1348) Pause Young (Normal) (G1 Evacuation Pause) 293M->262M(667M) 22.994ms
[2025-11-08T15:19:41.795+0000][gc,cpu        ] GC(1348) User=0.03s Sys=0.00s Real=0.02s
[2025-11-08T15:19:44.320+0000][gc,start      ] GC(1349) Pause Young (Normal) (G1 Evacuation Pause)
[2025-11-08T15:19:44.323+0000][gc,task       ] GC(1349) Using 2 workers of 2 for evacuation
[2025-11-08T15:19:44.337+0000][gc,phases     ] GC(1349)   Pre Evacuate Collection Set: 0.1ms
[2025-11-08T15:19:44.338+0000][gc,phases     ] GC(1349)   Evacuate Collection Set: 12.1ms
[2025-11-08T15:19:44.339+0000][gc,phases     ] GC(1349)   Post Evacuate Collection Set: 1.7ms
[2025-11-08T15:19:44.340+0000][gc,phases     ] GC(1349)   Other: 3.9ms
[2025-11-08T15:19:44.340+0000][gc,heap       ] GC(1349) Eden regions: 33->0(35)
[2025-11-08T15:19:44.343+0000][gc,heap       ] GC(1349) Survivor regions: 3->3(5)
[2025-11-08T15:19:44.343+0000][gc,heap       ] GC(1349) Old regions: 114->114
[2025-11-08T15:19:44.343+0000][gc,heap       ] GC(1349) Humongous regions: 147->147
[2025-11-08T15:19:44.344+0000][gc,metaspace  ] GC(1349) Metaspace: 52304K(55472K)->52304K(55472K) NonClass: 46516K(48304K)->46516K(48304K) Class: 5787K(7168K)->5787K(7168K)
[2025-11-08T15:19:44.345+0000][gc            ] GC(1349) Pause Young (Normal) (G1 Evacuation Pause) 295M->262M(667M) 24.992ms
[2025-11-08T15:19:44.346+0000][gc,cpu        ] GC(1349) User=0.02s Sys=0.00s Real=0.02s
[2025-11-08T15:19:47.065+0000][gc,start      ] GC(1350) Pause Young (Normal) (G1 Evacuation Pause)
[2025-11-08T15:19:47.065+0000][gc,task       ] GC(1350) Using 2 workers of 2 for evacuation
[2025-11-08T15:19:47.081+0000][gc,phases     ] GC(1350)   Pre Evacuate Collection Set: 0.0ms
[2025-11-08T15:19:47.081+0000][gc,phases     ] GC(1350)   Evacuate Collection Set: 13.3ms
[2025-11-08T15:19:47.082+0000][gc,phases     ] GC(1350)   Post Evacuate Collection Set: 1.7ms
[2025-11-08T15:19:47.082+0000][gc,phases     ] GC(1350)   Other: 1.5ms
[2025-11-08T15:19:47.082+0000][gc,heap       ] GC(1350) Eden regions: 35->0(37)
[2025-11-08T15:19:47.083+0000][gc,heap       ] GC(1350) Survivor regions: 3->3(5)
[2025-11-08T15:19:47.083+0000][gc,heap       ] GC(1350) Old regions: 114->114
[2025-11-08T15:19:47.083+0000][gc,heap       ] GC(1350) Humongous regions: 147->147
[2025-11-08T15:19:47.084+0000][gc,metaspace  ] GC(1350) Metaspace: 52304K(55472K)->52304K(55472K) NonClass: 46516K(48304K)->46516K(48304K) Class: 5787K(7168K)->5787K(7168K)
[2025-11-08T15:19:47.084+0000][gc            ] GC(1350) Pause Young (Normal) (G1 Evacuation Pause) 297M->262M(667M) 19.703ms
[2025-11-08T15:19:47.085+0000][gc,cpu        ] GC(1350) User=0.03s Sys=0.00s Real=0.02s
[2025-11-08T15:19:49.464+0000][gc,start      ] GC(1351) Pause Young (Normal) (G1 Evacuation Pause)
[2025-11-08T15:19:49.465+0000][gc,task       ] GC(1351) Using 2 workers of 2 for evacuation
[2025-11-08T15:19:49.493+0000][gc,mmu        ] GC(1351) MMU target violated: 21.0ms (20.0ms/21.0ms)
[2025-11-08T15:19:49.494+0000][gc,phases     ] GC(1351)   Pre Evacuate Collection Set: 0.0ms
[2025-11-08T15:19:49.496+0000][gc,phases     ] GC(1351)   Evacuate Collection Set: 20.7ms
[2025-11-08T15:19:49.496+0000][gc,phases     ] GC(1351)   Post Evacuate Collection Set: 3.5ms
[2025-11-08T15:19:49.497+0000][gc,phases     ] GC(1351)   Other: 5.9ms
[2025-11-08T15:19:49.498+0000][gc,heap       ] GC(1351) Eden regions: 32->0(33)
[2025-11-08T15:19:49.498+0000][gc,heap       ] GC(1351) Survivor regions: 3->3(5)
[2025-11-08T15:19:49.499+0000][gc,heap       ] GC(1351) Old regions: 114->114
[2025-11-08T15:19:49.499+0000][gc,heap       ] GC(1351) Humongous regions: 147->147
[2025-11-08T15:19:49.499+0000][gc,metaspace  ] GC(1351) Metaspace: 52304K(55472K)->52304K(55472K) NonClass: 46516K(48304K)->46516K(48304K) Class: 5787K(7168K)->5787K(7168K)
[2025-11-08T15:19:49.500+0000][gc            ] GC(1351) Pause Young (Normal) (G1 Evacuation Pause) 294M->262M(667M) 36.308ms
[2025-11-08T15:19:49.500+0000][gc,cpu        ] GC(1351) User=0.05s Sys=0.00s Real=0.04s
[2025-11-08T15:19:51.741+0000][gc,start      ] GC(1352) Pause Young (Normal) (G1 Evacuation Pause)
[2025-11-08T15:19:51.741+0000][gc,task       ] GC(1352) Using 2 workers of 2 for evacuation
[2025-11-08T15:19:51.762+0000][gc,mmu        ] GC(1352) MMU target violated: 20.0ms (20.0ms/21.0ms)
[2025-11-08T15:19:51.762+0000][gc,phases     ] GC(1352)   Pre Evacuate Collection Set: 0.0ms
[2025-11-08T15:19:51.764+0000][gc,phases     ] GC(1352)   Evacuate Collection Set: 17.8ms
[2025-11-08T15:19:51.766+0000][gc,phases     ] GC(1352)   Post Evacuate Collection Set: 1.9ms
[2025-11-08T15:19:51.770+0000][gc,phases     ] GC(1352)   Other: 1.9ms
[2025-11-08T15:19:51.771+0000][gc,heap       ] GC(1352) Eden regions: 30->0(31)
[2025-11-08T15:19:51.771+0000][gc,heap       ] GC(1352) Survivor regions: 3->2(5)
[2025-11-08T15:19:51.772+0000][gc,heap       ] GC(1352) Old regions: 114->114
[2025-11-08T15:19:51.773+0000][gc,heap       ] GC(1352) Humongous regions: 147->147
[2025-11-08T15:19:51.773+0000][gc,metaspace  ] GC(1352) Metaspace: 52304K(55472K)->52304K(55472K) NonClass: 46516K(48304K)->46516K(48304K) Class: 5787K(7168K)->5787K(7168K)
[2025-11-08T15:19:51.774+0000][gc            ] GC(1352) Pause Young (Normal) (G1 Evacuation Pause) 292M->262M(667M) 33.393ms
[2025-11-08T15:19:51.775+0000][gc,cpu        ] GC(1352) User=0.04s Sys=0.00s Real=0.03s
[2025-11-08T15:19:54.057+0000][gc,start      ] GC(1353) Pause Young (Normal) (G1 Evacuation Pause)
[2025-11-08T15:19:54.057+0000][gc,task       ] GC(1353) Using 2 workers of 2 for evacuation
[2025-11-08T15:19:54.068+0000][gc,phases     ] GC(1353)   Pre Evacuate Collection Set: 0.0ms
[2025-11-08T15:19:54.068+0000][gc,phases     ] GC(1353)   Evacuate Collection Set: 8.2ms
[2025-11-08T15:19:54.068+0000][gc,phases     ] GC(1353)   Post Evacuate Collection Set: 1.3ms
[2025-11-08T15:19:54.069+0000][gc,phases     ] GC(1353)   Other: 1.5ms
[2025-11-08T15:19:54.070+0000][gc,heap       ] GC(1353) Eden regions: 31->0(33)
[2025-11-08T15:19:54.070+0000][gc,heap       ] GC(1353) Survivor regions: 2->2(5)
[2025-11-08T15:19:54.070+0000][gc,heap       ] GC(1353) Old regions: 114->114
[2025-11-08T15:19:54.071+0000][gc,heap       ] GC(1353) Humongous regions: 147->147
[2025-11-08T15:19:54.071+0000][gc,metaspace  ] GC(1353) Metaspace: 52304K(55472K)->52304K(55472K) NonClass: 46516K(48304K)->46516K(48304K) Class: 5787K(7168K)->5787K(7168K)
[2025-11-08T15:19:54.071+0000][gc            ] GC(1353) Pause Young (Normal) (G1 Evacuation Pause) 293M->262M(667M) 14.520ms
[2025-11-08T15:19:54.072+0000][gc,cpu        ] GC(1353) User=0.02s Sys=0.00s Real=0.02s
[2025-11-08T15:19:56.382+0000][gc,start      ] GC(1354) Pause Young (Normal) (G1 Evacuation Pause)
[2025-11-08T15:19:56.385+0000][gc,task       ] GC(1354) Using 2 workers of 2 for evacuation
[2025-11-08T15:19:56.404+0000][gc,phases     ] GC(1354)   Pre Evacuate Collection Set: 0.0ms
[2025-11-08T15:19:56.404+0000][gc,phases     ] GC(1354)   Evacuate Collection Set: 16.4ms
[2025-11-08T15:19:56.405+0000][gc,phases     ] GC(1354)   Post Evacuate Collection Set: 1.1ms
[2025-11-08T15:19:56.405+0000][gc,phases     ] GC(1354)   Other: 4.7ms
[2025-11-08T15:19:56.405+0000][gc,heap       ] GC(1354) Eden regions: 31->0(33)
[2025-11-08T15:19:56.406+0000][gc,heap       ] GC(1354) Survivor regions: 2->4(5)
[2025-11-08T15:19:56.406+0000][gc,heap       ] GC(1354) Old regions: 114->114
[2025-11-08T15:19:56.407+0000][gc,heap       ] GC(1354) Humongous regions: 147->147
[2025-11-08T15:19:56.407+0000][gc,metaspace  ] GC(1354) Metaspace: 52304K(55472K)->52304K(55472K) NonClass: 46516K(48304K)->46516K(48304K) Class: 5787K(7168K)->5787K(7168K)
[2025-11-08T15:19:56.408+0000][gc            ] GC(1354) Pause Young (Normal) (G1 Evacuation Pause) 293M->263M(667M) 25.894ms
[2025-11-08T15:19:56.408+0000][gc,cpu        ] GC(1354) User=0.04s Sys=0.00s Real=0.02s
[2025-11-08T15:19:59.075+0000][gc,start      ] GC(1355) Pause Young (Normal) (G1 Evacuation Pause)
[2025-11-08T15:19:59.075+0000][gc,task       ] GC(1355) Using 2 workers of 2 for evacuation
[2025-11-08T15:19:59.098+0000][gc,mmu        ] GC(1355) MMU target violated: 21.0ms (20.0ms/21.0ms)
[2025-11-08T15:19:59.102+0000][gc,phases     ] GC(1355)   Pre Evacuate Collection Set: 0.0ms
[2025-11-08T15:19:59.103+0000][gc,phases     ] GC(1355)   Evacuate Collection Set: 20.5ms
[2025-11-08T15:19:59.104+0000][gc,phases     ] GC(1355)   Post Evacuate Collection Set: 1.5ms
[2025-11-08T15:19:59.104+0000][gc,phases     ] GC(1355)   Other: 5.6ms
[2025-11-08T15:19:59.105+0000][gc,heap       ] GC(1355) Eden regions: 33->0(32)
[2025-11-08T15:19:59.105+0000][gc,heap       ] GC(1355) Survivor regions: 4->3(5)
[2025-11-08T15:19:59.105+0000][gc,heap       ] GC(1355) Old regions: 114->115
[2025-11-08T15:19:59.106+0000][gc,heap       ] GC(1355) Humongous regions: 147->147
[2025-11-08T15:19:59.106+0000][gc,metaspace  ] GC(1355) Metaspace: 52304K(55472K)->52304K(55472K) NonClass: 46516K(48304K)->46516K(48304K) Class: 5787K(7168K)->5787K(7168K)
[2025-11-08T15:19:59.107+0000][gc            ] GC(1355) Pause Young (Normal) (G1 Evacuation Pause) 296M->263M(667M) 32.073ms
[2025-11-08T15:19:59.107+0000][gc,cpu        ] GC(1355) User=0.04s Sys=0.00s Real=0.03s
[2025-11-08T15:20:02.207+0000][gc,start      ] GC(1356) Pause Young (Normal) (G1 Evacuation Pause)
[2025-11-08T15:20:02.208+0000][gc,task       ] GC(1356) Using 2 workers of 2 for evacuation
[2025-11-08T15:20:02.255+0000][gc,mmu        ] GC(1356) MMU target violated: 21.0ms (20.0ms/21.0ms)
[2025-11-08T15:20:02.277+0000][gc,phases     ] GC(1356)   Pre Evacuate Collection Set: 0.0ms
[2025-11-08T15:20:02.279+0000][gc,phases     ] GC(1356)   Evacuate Collection Set: 43.6ms
[2025-11-08T15:20:02.283+0000][gc,phases     ] GC(1356)   Post Evacuate Collection Set: 2.5ms
[2025-11-08T15:20:02.283+0000][gc,phases     ] GC(1356)   Other: 23.3ms
[2025-11-08T15:20:02.288+0000][gc,heap       ] GC(1356) Eden regions: 32->0(30)
[2025-11-08T15:20:02.292+0000][gc,heap       ] GC(1356) Survivor regions: 3->3(5)
[2025-11-08T15:20:02.292+0000][gc,heap       ] GC(1356) Old regions: 115->115
[2025-11-08T15:20:02.293+0000][gc,heap       ] GC(1356) Humongous regions: 147->147
[2025-11-08T15:20:02.293+0000][gc,metaspace  ] GC(1356) Metaspace: 52304K(55472K)->52304K(55472K) NonClass: 46516K(48304K)->46516K(48304K) Class: 5787K(7168K)->5787K(7168K)
[2025-11-08T15:20:02.294+0000][gc            ] GC(1356) Pause Young (Normal) (G1 Evacuation Pause) 295M->263M(667M) 86.377ms
[2025-11-08T15:20:02.294+0000][gc,cpu        ] GC(1356) User=0.04s Sys=0.00s Real=0.09s
[2025-11-08T15:20:05.282+0000][gc,start      ] GC(1357) Pause Young (Normal) (G1 Evacuation Pause)
[2025-11-08T15:20:05.283+0000][gc,task       ] GC(1357) Using 2 workers of 2 for evacuation
[2025-11-08T15:20:05.302+0000][gc,phases     ] GC(1357)   Pre Evacuate Collection Set: 0.1ms
[2025-11-08T15:20:05.302+0000][gc,phases     ] GC(1357)   Evacuate Collection Set: 16.0ms
[2025-11-08T15:20:05.303+0000][gc,phases     ] GC(1357)   Post Evacuate Collection Set: 2.3ms
[2025-11-08T15:20:05.303+0000][gc,phases     ] GC(1357)   Other: 1.4ms
[2025-11-08T15:20:05.303+0000][gc,heap       ] GC(1357) Eden regions: 30->0(31)
[2025-11-08T15:20:05.304+0000][gc,heap       ] GC(1357) Survivor regions: 3->2(5)
[2025-11-08T15:20:05.304+0000][gc,heap       ] GC(1357) Old regions: 115->115
[2025-11-08T15:20:05.305+0000][gc,heap       ] GC(1357) Humongous regions: 147->147
[2025-11-08T15:20:05.309+0000][gc,metaspace  ] GC(1357) Metaspace: 52304K(55472K)->52304K(55472K) NonClass: 46516K(48304K)->46516K(48304K) Class: 5787K(7168K)->5787K(7168K)
[2025-11-08T15:20:05.309+0000][gc            ] GC(1357) Pause Young (Normal) (G1 Evacuation Pause) 293M->263M(667M) 26.876ms
[2025-11-08T15:20:05.309+0000][gc,cpu        ] GC(1357) User=0.03s Sys=0.00s Real=0.02s
[2025-11-08T15:20:08.127+0000][gc,start      ] GC(1358) Pause Young (Normal) (G1 Evacuation Pause)
[2025-11-08T15:20:08.130+0000][gc,task       ] GC(1358) Using 2 workers of 2 for evacuation
[2025-11-08T15:20:08.146+0000][gc,phases     ] GC(1358)   Pre Evacuate Collection Set: 0.0ms
[2025-11-08T15:20:08.147+0000][gc,phases     ] GC(1358)   Evacuate Collection Set: 13.9ms
[2025-11-08T15:20:08.147+0000][gc,phases     ] GC(1358)   Post Evacuate Collection Set: 1.4ms
[2025-11-08T15:20:08.148+0000][gc,phases     ] GC(1358)   Other: 3.9ms
[2025-11-08T15:20:08.148+0000][gc,heap       ] GC(1358) Eden regions: 31->0(31)
[2025-11-08T15:20:08.149+0000][gc,heap       ] GC(1358) Survivor regions: 2->2(5)
[2025-11-08T15:20:08.149+0000][gc,heap       ] GC(1358) Old regions: 115->115
[2025-11-08T15:20:08.150+0000][gc,heap       ] GC(1358) Humongous regions: 147->147
[2025-11-08T15:20:08.150+0000][gc,metaspace  ] GC(1358) Metaspace: 52304K(55472K)->52304K(55472K) NonClass: 46516K(48304K)->46516K(48304K) Class: 5787K(7168K)->5787K(7168K)
[2025-11-08T15:20:08.152+0000][gc            ] GC(1358) Pause Young (Normal) (G1 Evacuation Pause) 294M->263M(667M) 24.773ms
[2025-11-08T15:20:08.152+0000][gc,cpu        ] GC(1358) User=0.04s Sys=0.00s Real=0.03s
[2025-11-08T15:20:10.817+0000][gc,start      ] GC(1359) Pause Young (Normal) (G1 Evacuation Pause)
[2025-11-08T15:20:10.817+0000][gc,task       ] GC(1359) Using 2 workers of 2 for evacuation
[2025-11-08T15:20:10.837+0000][gc,phases     ] GC(1359)   Pre Evacuate Collection Set: 0.0ms
[2025-11-08T15:20:10.838+0000][gc,phases     ] GC(1359)   Evacuate Collection Set: 15.1ms
[2025-11-08T15:20:10.838+0000][gc,phases     ] GC(1359)   Post Evacuate Collection Set: 3.0ms
[2025-11-08T15:20:10.839+0000][gc,phases     ] GC(1359)   Other: 1.7ms
[2025-11-08T15:20:10.840+0000][gc,heap       ] GC(1359) Eden regions: 31->0(31)
[2025-11-08T15:20:10.840+0000][gc,heap       ] GC(1359) Survivor regions: 2->2(5)
[2025-11-08T15:20:10.841+0000][gc,heap       ] GC(1359) Old regions: 115->115
[2025-11-08T15:20:10.842+0000][gc,heap       ] GC(1359) Humongous regions: 147->147
[2025-11-08T15:20:10.842+0000][gc,metaspace  ] GC(1359) Metaspace: 52304K(55472K)->52304K(55472K) NonClass: 46516K(48304K)->46516K(48304K) Class: 5787K(7168K)->5787K(7168K)
[2025-11-08T15:20:10.843+0000][gc            ] GC(1359) Pause Young (Normal) (G1 Evacuation Pause) 294M->262M(667M) 26.310ms
[2025-11-08T15:20:10.844+0000][gc,cpu        ] GC(1359) User=0.04s Sys=0.00s Real=0.02s
[2025-11-08T15:20:13.718+0000][gc,start      ] GC(1360) Pause Young (Normal) (G1 Evacuation Pause)
[2025-11-08T15:20:13.719+0000][gc,task       ] GC(1360) Using 2 workers of 2 for evacuation
[2025-11-08T15:20:13.738+0000][gc,phases     ] GC(1360)   Pre Evacuate Collection Set: 0.0ms
[2025-11-08T15:20:13.739+0000][gc,phases     ] GC(1360)   Evacuate Collection Set: 17.0ms
[2025-11-08T15:20:13.739+0000][gc,phases     ] GC(1360)   Post Evacuate Collection Set: 1.4ms
[2025-11-08T15:20:13.739+0000][gc,phases     ] GC(1360)   Other: 2.1ms
[2025-11-08T15:20:13.740+0000][gc,heap       ] GC(1360) Eden regions: 31->0(30)
[2025-11-08T15:20:13.740+0000][gc,heap       ] GC(1360) Survivor regions: 2->4(5)
[2025-11-08T15:20:13.740+0000][gc,heap       ] GC(1360) Old regions: 115->115
[2025-11-08T15:20:13.741+0000][gc,heap       ] GC(1360) Humongous regions: 147->147
[2025-11-08T15:20:13.741+0000][gc,metaspace  ] GC(1360) Metaspace: 52304K(55472K)->52304K(55472K) NonClass: 46516K(48304K)->46516K(48304K) Class: 5787K(7168K)->5787K(7168K)
[2025-11-08T15:20:13.742+0000][gc            ] GC(1360) Pause Young (Normal) (G1 Evacuation Pause) 293M->264M(667M) 23.606ms
[2025-11-08T15:20:13.742+0000][gc,cpu        ] GC(1360) User=0.04s Sys=0.00s Real=0.02s
[2025-11-08T15:20:16.129+0000][gc,start      ] GC(1361) Pause Young (Normal) (G1 Evacuation Pause)
[2025-11-08T15:20:16.130+0000][gc,task       ] GC(1361) Using 2 workers of 2 for evacuation
[2025-11-08T15:20:16.148+0000][gc,phases     ] GC(1361)   Pre Evacuate Collection Set: 0.0ms
[2025-11-08T15:20:16.150+0000][gc,phases     ] GC(1361)   Evacuate Collection Set: 16.1ms
[2025-11-08T15:20:16.151+0000][gc,phases     ] GC(1361)   Post Evacuate Collection Set: 1.8ms
[2025-11-08T15:20:16.151+0000][gc,phases     ] GC(1361)   Other: 1.9ms
[2025-11-08T15:20:16.153+0000][gc,heap       ] GC(1361) Eden regions: 29->0(31)
[2025-11-08T15:20:16.154+0000][gc,heap       ] GC(1361) Survivor regions: 4->3(5)
[2025-11-08T15:20:16.154+0000][gc,heap       ] GC(1361) Old regions: 115->115
[2025-11-08T15:20:16.155+0000][gc,heap       ] GC(1361) Humongous regions: 147->147
[2025-11-08T15:20:16.155+0000][gc,metaspace  ] GC(1361) Metaspace: 52304K(55472K)->52304K(55472K) NonClass: 46516K(48304K)->46516K(48304K) Class: 5787K(7168K)->5787K(7168K)
[2025-11-08T15:20:16.156+0000][gc            ] GC(1361) Pause Young (Normal) (G1 Evacuation Pause) 293M->264M(667M) 27.311ms
[2025-11-08T15:20:16.156+0000][gc,cpu        ] GC(1361) User=0.04s Sys=0.00s Real=0.02s
[2025-11-08T15:20:18.464+0000][gc,start      ] GC(1362) Pause Young (Normal) (G1 Evacuation Pause)
[2025-11-08T15:20:18.464+0000][gc,task       ] GC(1362) Using 2 workers of 2 for evacuation
[2025-11-08T15:20:18.480+0000][gc,phases     ] GC(1362)   Pre Evacuate Collection Set: 0.0ms
[2025-11-08T15:20:18.481+0000][gc,phases     ] GC(1362)   Evacuate Collection Set: 12.7ms
[2025-11-08T15:20:18.482+0000][gc,phases     ] GC(1362)   Post Evacuate Collection Set: 2.7ms
[2025-11-08T15:20:18.482+0000][gc,phases     ] GC(1362)   Other: 1.3ms
[2025-11-08T15:20:18.483+0000][gc,heap       ] GC(1362) Eden regions: 31->0(32)
[2025-11-08T15:20:18.484+0000][gc,heap       ] GC(1362) Survivor regions: 3->2(5)
[2025-11-08T15:20:18.484+0000][gc,heap       ] GC(1362) Old regions: 115->115
[2025-11-08T15:20:18.485+0000][gc,heap       ] GC(1362) Humongous regions: 147->147
[2025-11-08T15:20:18.486+0000][gc,metaspace  ] GC(1362) Metaspace: 52304K(55472K)->52304K(55472K) NonClass: 46516K(48304K)->46516K(48304K) Class: 5787K(7168K)->5787K(7168K)
[2025-11-08T15:20:18.487+0000][gc            ] GC(1362) Pause Young (Normal) (G1 Evacuation Pause) 295M->263M(667M) 23.166ms
[2025-11-08T15:20:18.487+0000][gc,cpu        ] GC(1362) User=0.03s Sys=0.00s Real=0.03s
[2025-11-08T15:20:20.978+0000][gc,start      ] GC(1363) Pause Young (Normal) (G1 Evacuation Pause)
[2025-11-08T15:20:20.978+0000][gc,task       ] GC(1363) Using 2 workers of 2 for evacuation
[2025-11-08T15:20:20.995+0000][gc,phases     ] GC(1363)   Pre Evacuate Collection Set: 0.0ms
[2025-11-08T15:20:20.995+0000][gc,phases     ] GC(1363)   Evacuate Collection Set: 13.8ms
[2025-11-08T15:20:20.996+0000][gc,phases     ] GC(1363)   Post Evacuate Collection Set: 2.0ms
[2025-11-08T15:20:20.996+0000][gc,phases     ] GC(1363)   Other: 1.1ms
[2025-11-08T15:20:20.997+0000][gc,heap       ] GC(1363) Eden regions: 32->0(33)
[2025-11-08T15:20:20.997+0000][gc,heap       ] GC(1363) Survivor regions: 2->2(5)
[2025-11-08T15:20:20.998+0000][gc,heap       ] GC(1363) Old regions: 115->115
[2025-11-08T15:20:20.998+0000][gc,heap       ] GC(1363) Humongous regions: 147->147
[2025-11-08T15:20:20.998+0000][gc,metaspace  ] GC(1363) Metaspace: 52304K(55472K)->52304K(55472K) NonClass: 46516K(48304K)->46516K(48304K) Class: 5787K(7168K)->5787K(7168K)
[2025-11-08T15:20:20.998+0000][gc            ] GC(1363) Pause Young (Normal) (G1 Evacuation Pause) 295M->263M(667M) 20.625ms
[2025-11-08T15:20:20.999+0000][gc,cpu        ] GC(1363) User=0.03s Sys=0.00s Real=0.02s
[2025-11-08T15:20:23.814+0000][gc,start      ] GC(1364) Pause Young (Normal) (G1 Evacuation Pause)
[2025-11-08T15:20:23.816+0000][gc,task       ] GC(1364) Using 2 workers of 2 for evacuation
[2025-11-08T15:20:23.843+0000][gc,mmu        ] GC(1364) MMU target violated: 21.0ms (20.0ms/21.0ms)
[2025-11-08T15:20:23.844+0000][gc,phases     ] GC(1364)   Pre Evacuate Collection Set: 0.0ms
[2025-11-08T15:20:23.845+0000][gc,phases     ] GC(1364)   Evacuate Collection Set: 22.3ms
[2025-11-08T15:20:23.845+0000][gc,phases     ] GC(1364)   Post Evacuate Collection Set: 1.3ms
[2025-11-08T15:20:23.845+0000][gc,phases     ] GC(1364)   Other: 6.6ms
[2025-11-08T15:20:23.846+0000][gc,heap       ] GC(1364) Eden regions: 31->0(31)
[2025-11-08T15:20:23.846+0000][gc,heap       ] GC(1364) Survivor regions: 2->2(5)
[2025-11-08T15:20:23.847+0000][gc,heap       ] GC(1364) Old regions: 115->115
[2025-11-08T15:20:23.847+0000][gc,heap       ] GC(1364) Humongous regions: 147->147
[2025-11-08T15:20:23.848+0000][gc,metaspace  ] GC(1364) Metaspace: 52304K(55472K)->52304K(55472K) NonClass: 46516K(48304K)->46516K(48304K) Class: 5787K(7168K)->5787K(7168K)
[2025-11-08T15:20:23.850+0000][gc            ] GC(1364) Pause Young (Normal) (G1 Evacuation Pause) 294M->263M(667M) 36.113ms
[2025-11-08T15:20:23.851+0000][gc,cpu        ] GC(1364) User=0.03s Sys=0.00s Real=0.04s
[2025-11-08T15:20:26.432+0000][gc,start      ] GC(1365) Pause Young (Normal) (G1 Evacuation Pause)
[2025-11-08T15:20:26.433+0000][gc,task       ] GC(1365) Using 2 workers of 2 for evacuation
[2025-11-08T15:20:26.459+0000][gc,mmu        ] GC(1365) MMU target violated: 21.0ms (20.0ms/21.0ms)
[2025-11-08T15:20:26.460+0000][gc,phases     ] GC(1365)   Pre Evacuate Collection Set: 0.0ms
[2025-11-08T15:20:26.460+0000][gc,phases     ] GC(1365)   Evacuate Collection Set: 16.9ms
[2025-11-08T15:20:26.461+0000][gc,phases     ] GC(1365)   Post Evacuate Collection Set: 8.5ms
[2025-11-08T15:20:26.461+0000][gc,phases     ] GC(1365)   Other: 1.9ms
[2025-11-08T15:20:26.464+0000][gc,heap       ] GC(1365) Eden regions: 31->0(32)
[2025-11-08T15:20:26.464+0000][gc,heap       ] GC(1365) Survivor regions: 2->1(5)
[2025-11-08T15:20:26.465+0000][gc,heap       ] GC(1365) Old regions: 115->115
[2025-11-08T15:20:26.465+0000][gc,heap       ] GC(1365) Humongous regions: 147->147
[2025-11-08T15:20:26.466+0000][gc,metaspace  ] GC(1365) Metaspace: 52304K(55472K)->52304K(55472K) NonClass: 46516K(48304K)->46516K(48304K) Class: 5787K(7168K)->5787K(7168K)
[2025-11-08T15:20:26.466+0000][gc            ] GC(1365) Pause Young (Normal) (G1 Evacuation Pause) 294M->262M(667M) 33.818ms
[2025-11-08T15:20:26.467+0000][gc,cpu        ] GC(1365) User=0.04s Sys=0.00s Real=0.04s
[2025-11-08T15:20:29.074+0000][gc,start      ] GC(1366) Pause Young (Normal) (G1 Evacuation Pause)
[2025-11-08T15:20:29.074+0000][gc,task       ] GC(1366) Using 2 workers of 2 for evacuation
[2025-11-08T15:20:29.096+0000][gc,mmu        ] GC(1366) MMU target violated: 20.7ms (20.0ms/21.0ms)
[2025-11-08T15:20:29.097+0000][gc,phases     ] GC(1366)   Pre Evacuate Collection Set: 0.0ms
[2025-11-08T15:20:29.098+0000][gc,phases     ] GC(1366)   Evacuate Collection Set: 18.0ms
[2025-11-08T15:20:29.100+0000][gc,phases     ] GC(1366)   Post Evacuate Collection Set: 2.5ms
[2025-11-08T15:20:29.101+0000][gc,phases     ] GC(1366)   Other: 2.3ms
[2025-11-08T15:20:29.101+0000][gc,heap       ] GC(1366) Eden regions: 32->0(30)
[2025-11-08T15:20:29.102+0000][gc,heap       ] GC(1366) Survivor regions: 1->3(5)
[2025-11-08T15:20:29.103+0000][gc,heap       ] GC(1366) Old regions: 115->115
[2025-11-08T15:20:29.104+0000][gc,heap       ] GC(1366) Humongous regions: 147->147
[2025-11-08T15:20:29.105+0000][gc,metaspace  ] GC(1366) Metaspace: 52304K(55472K)->52304K(55472K) NonClass: 46516K(48304K)->46516K(48304K) Class: 5787K(7168K)->5787K(7168K)
[2025-11-08T15:20:29.106+0000][gc            ] GC(1366) Pause Young (Normal) (G1 Evacuation Pause) 294M->264M(667M) 31.598ms
[2025-11-08T15:20:29.107+0000][gc,cpu        ] GC(1366) User=0.04s Sys=0.00s Real=0.04s
[2025-11-08T15:20:31.690+0000][gc,start      ] GC(1367) Pause Young (Normal) (G1 Evacuation Pause)
[2025-11-08T15:20:31.691+0000][gc,task       ] GC(1367) Using 2 workers of 2 for evacuation
[2025-11-08T15:20:31.714+0000][gc,mmu        ] GC(1367) MMU target violated: 21.0ms (20.0ms/21.0ms)
[2025-11-08T15:20:31.715+0000][gc,phases     ] GC(1367)   Pre Evacuate Collection Set: 0.0ms
[2025-11-08T15:20:31.717+0000][gc,phases     ] GC(1367)   Evacuate Collection Set: 20.1ms
[2025-11-08T15:20:31.718+0000][gc,phases     ] GC(1367)   Post Evacuate Collection Set: 1.6ms
[2025-11-08T15:20:31.718+0000][gc,phases     ] GC(1367)   Other: 2.6ms
[2025-11-08T15:20:31.718+0000][gc,heap       ] GC(1367) Eden regions: 30->0(30)
[2025-11-08T15:20:31.719+0000][gc,heap       ] GC(1367) Survivor regions: 3->3(5)
[2025-11-08T15:20:31.719+0000][gc,heap       ] GC(1367) Old regions: 115->116
[2025-11-08T15:20:31.720+0000][gc,heap       ] GC(1367) Humongous regions: 147->147
[2025-11-08T15:20:31.720+0000][gc,metaspace  ] GC(1367) Metaspace: 52304K(55472K)->52304K(55472K) NonClass: 46516K(48304K)->46516K(48304K) Class: 5787K(7168K)->5787K(7168K)
[2025-11-08T15:20:31.720+0000][gc            ] GC(1367) Pause Young (Normal) (G1 Evacuation Pause) 294M->264M(667M) 30.093ms
[2025-11-08T15:20:31.721+0000][gc,cpu        ] GC(1367) User=0.05s Sys=0.00s Real=0.03s
[2025-11-08T15:20:34.210+0000][gc,start      ] GC(1368) Pause Young (Normal) (G1 Evacuation Pause)
[2025-11-08T15:20:34.211+0000][gc,task       ] GC(1368) Using 2 workers of 2 for evacuation
[2025-11-08T15:20:34.226+0000][gc,phases     ] GC(1368)   Pre Evacuate Collection Set: 0.0ms
[2025-11-08T15:20:34.226+0000][gc,phases     ] GC(1368)   Evacuate Collection Set: 12.8ms
[2025-11-08T15:20:34.227+0000][gc,phases     ] GC(1368)   Post Evacuate Collection Set: 1.5ms
[2025-11-08T15:20:34.227+0000][gc,phases     ] GC(1368)   Other: 1.6ms
[2025-11-08T15:20:34.228+0000][gc,heap       ] GC(1368) Eden regions: 30->0(31)
[2025-11-08T15:20:34.228+0000][gc,heap       ] GC(1368) Survivor regions: 3->2(5)
[2025-11-08T15:20:34.229+0000][gc,heap       ] GC(1368) Old regions: 116->116
[2025-11-08T15:20:34.229+0000][gc,heap       ] GC(1368) Humongous regions: 147->147
[2025-11-08T15:20:34.230+0000][gc,metaspace  ] GC(1368) Metaspace: 52304K(55472K)->52304K(55472K) NonClass: 46516K(48304K)->46516K(48304K) Class: 5787K(7168K)->5787K(7168K)
[2025-11-08T15:20:34.230+0000][gc            ] GC(1368) Pause Young (Normal) (G1 Evacuation Pause) 294M->263M(667M) 19.953ms
[2025-11-08T15:20:34.230+0000][gc,cpu        ] GC(1368) User=0.03s Sys=0.00s Real=0.02s
[2025-11-08T15:20:36.543+0000][gc,start      ] GC(1369) Pause Young (Normal) (G1 Evacuation Pause)
[2025-11-08T15:20:36.545+0000][gc,task       ] GC(1369) Using 2 workers of 2 for evacuation
[2025-11-08T15:20:36.563+0000][gc,phases     ] GC(1369)   Pre Evacuate Collection Set: 0.0ms
[2025-11-08T15:20:36.564+0000][gc,phases     ] GC(1369)   Evacuate Collection Set: 16.2ms
[2025-11-08T15:20:36.565+0000][gc,phases     ] GC(1369)   Post Evacuate Collection Set: 1.9ms
[2025-11-08T15:20:36.565+0000][gc,phases     ] GC(1369)   Other: 2.0ms
[2025-11-08T15:20:36.566+0000][gc,heap       ] GC(1369) Eden regions: 31->0(31)
[2025-11-08T15:20:36.566+0000][gc,heap       ] GC(1369) Survivor regions: 2->2(5)
[2025-11-08T15:20:36.567+0000][gc,heap       ] GC(1369) Old regions: 116->116
[2025-11-08T15:20:36.567+0000][gc,heap       ] GC(1369) Humongous regions: 147->147
[2025-11-08T15:20:36.567+0000][gc,metaspace  ] GC(1369) Metaspace: 52304K(55472K)->52304K(55472K) NonClass: 46516K(48304K)->46516K(48304K) Class: 5787K(7168K)->5787K(7168K)
[2025-11-08T15:20:36.568+0000][gc            ] GC(1369) Pause Young (Normal) (G1 Evacuation Pause) 294M->263M(667M) 24.743ms
[2025-11-08T15:20:36.569+0000][gc,cpu        ] GC(1369) User=0.04s Sys=0.00s Real=0.03s
[2025-11-08T15:20:39.152+0000][gc,start      ] GC(1370) Pause Young (Normal) (G1 Evacuation Pause)
[2025-11-08T15:20:39.153+0000][gc,task       ] GC(1370) Using 2 workers of 2 for evacuation
[2025-11-08T15:20:39.169+0000][gc,phases     ] GC(1370)   Pre Evacuate Collection Set: 0.0ms
[2025-11-08T15:20:39.170+0000][gc,phases     ] GC(1370)   Evacuate Collection Set: 13.9ms
[2025-11-08T15:20:39.171+0000][gc,phases     ] GC(1370)   Post Evacuate Collection Set: 1.8ms
[2025-11-08T15:20:39.171+0000][gc,phases     ] GC(1370)   Other: 1.9ms
[2025-11-08T15:20:39.172+0000][gc,heap       ] GC(1370) Eden regions: 31->0(32)
[2025-11-08T15:20:39.174+0000][gc,heap       ] GC(1370) Survivor regions: 2->2(5)
[2025-11-08T15:20:39.175+0000][gc,heap       ] GC(1370) Old regions: 116->116
[2025-11-08T15:20:39.176+0000][gc,heap       ] GC(1370) Humongous regions: 147->147
[2025-11-08T15:20:39.176+0000][gc,metaspace  ] GC(1370) Metaspace: 52304K(55472K)->52304K(55472K) NonClass: 46516K(48304K)->46516K(48304K) Class: 5787K(7168K)->5787K(7168K)
[2025-11-08T15:20:39.177+0000][gc            ] GC(1370) Pause Young (Normal) (G1 Evacuation Pause) 294M->263M(667M) 25.304ms
[2025-11-08T15:20:39.178+0000][gc,cpu        ] GC(1370) User=0.03s Sys=0.00s Real=0.03s
[2025-11-08T15:20:41.727+0000][gc,start      ] GC(1371) Pause Young (Normal) (G1 Evacuation Pause)
[2025-11-08T15:20:41.728+0000][gc,task       ] GC(1371) Using 2 workers of 2 for evacuation
[2025-11-08T15:20:41.750+0000][gc,mmu        ] GC(1371) MMU target violated: 21.0ms (20.0ms/21.0ms)
[2025-11-08T15:20:41.750+0000][gc,phases     ] GC(1371)   Pre Evacuate Collection Set: 0.0ms
[2025-11-08T15:20:41.752+0000][gc,phases     ] GC(1371)   Evacuate Collection Set: 19.3ms
[2025-11-08T15:20:41.753+0000][gc,phases     ] GC(1371)   Post Evacuate Collection Set: 2.2ms
[2025-11-08T15:20:41.754+0000][gc,phases     ] GC(1371)   Other: 1.8ms
[2025-11-08T15:20:41.754+0000][gc,heap       ] GC(1371) Eden regions: 31->0(30)
[2025-11-08T15:20:41.755+0000][gc,heap       ] GC(1371) Survivor regions: 2->3(5)
[2025-11-08T15:20:41.755+0000][gc,heap       ] GC(1371) Old regions: 116->116
[2025-11-08T15:20:41.756+0000][gc,heap       ] GC(1371) Humongous regions: 147->147
[2025-11-08T15:20:41.756+0000][gc,metaspace  ] GC(1371) Metaspace: 52304K(55472K)->52304K(55472K) NonClass: 46516K(48304K)->46516K(48304K) Class: 5787K(7168K)->5787K(7168K)
[2025-11-08T15:20:41.757+0000][gc            ] GC(1371) Pause Young (Normal) (G1 Evacuation Pause) 294M->265M(667M) 29.864ms
[2025-11-08T15:20:41.757+0000][gc,cpu        ] GC(1371) User=0.04s Sys=0.00s Real=0.03s
[2025-11-08T15:20:44.090+0000][gc,start      ] GC(1372) Pause Young (Normal) (G1 Evacuation Pause)
[2025-11-08T15:20:44.094+0000][gc,task       ] GC(1372) Using 2 workers of 2 for evacuation
[2025-11-08T15:20:44.116+0000][gc,mmu        ] GC(1372) MMU target violated: 20.9ms (20.0ms/21.0ms)
[2025-11-08T15:20:44.117+0000][gc,phases     ] GC(1372)   Pre Evacuate Collection Set: 0.0ms
[2025-11-08T15:20:44.118+0000][gc,phases     ] GC(1372)   Evacuate Collection Set: 19.1ms
[2025-11-08T15:20:44.118+0000][gc,phases     ] GC(1372)   Post Evacuate Collection Set: 1.4ms
[2025-11-08T15:20:44.119+0000][gc,phases     ] GC(1372)   Other: 6.4ms
[2025-11-08T15:20:44.120+0000][gc,heap       ] GC(1372) Eden regions: 30->0(30)
[2025-11-08T15:20:44.120+0000][gc,heap       ] GC(1372) Survivor regions: 3->3(5)
[2025-11-08T15:20:44.120+0000][gc,heap       ] GC(1372) Old regions: 116->116
[2025-11-08T15:20:44.121+0000][gc,heap       ] GC(1372) Humongous regions: 147->147
[2025-11-08T15:20:44.121+0000][gc,metaspace  ] GC(1372) Metaspace: 52304K(55472K)->52304K(55472K) NonClass: 46516K(48304K)->46516K(48304K) Class: 5787K(7168K)->5787K(7168K)
[2025-11-08T15:20:44.122+0000][gc            ] GC(1372) Pause Young (Normal) (G1 Evacuation Pause) 295M->264M(667M) 31.386ms
[2025-11-08T15:20:44.122+0000][gc,cpu        ] GC(1372) User=0.04s Sys=0.00s Real=0.03s
[2025-11-08T15:20:46.476+0000][gc,start      ] GC(1373) Pause Young (Normal) (G1 Evacuation Pause)
[2025-11-08T15:20:46.477+0000][gc,task       ] GC(1373) Using 2 workers of 2 for evacuation
[2025-11-08T15:20:46.496+0000][gc,phases     ] GC(1373)   Pre Evacuate Collection Set: 0.0ms
[2025-11-08T15:20:46.496+0000][gc,phases     ] GC(1373)   Evacuate Collection Set: 15.9ms
[2025-11-08T15:20:46.496+0000][gc,phases     ] GC(1373)   Post Evacuate Collection Set: 1.8ms
[2025-11-08T15:20:46.497+0000][gc,phases     ] GC(1373)   Other: 1.4ms
[2025-11-08T15:20:46.497+0000][gc,heap       ] GC(1373) Eden regions: 30->0(31)
[2025-11-08T15:20:46.498+0000][gc,heap       ] GC(1373) Survivor regions: 3->2(5)
[2025-11-08T15:20:46.499+0000][gc,heap       ] GC(1373) Old regions: 116->116
[2025-11-08T15:20:46.500+0000][gc,heap       ] GC(1373) Humongous regions: 147->147
[2025-11-08T15:20:46.500+0000][gc,metaspace  ] GC(1373) Metaspace: 52304K(55472K)->52304K(55472K) NonClass: 46516K(48304K)->46516K(48304K) Class: 5787K(7168K)->5787K(7168K)
[2025-11-08T15:20:46.501+0000][gc            ] GC(1373) Pause Young (Normal) (G1 Evacuation Pause) 294M->264M(667M) 24.882ms
[2025-11-08T15:20:46.502+0000][gc,cpu        ] GC(1373) User=0.04s Sys=0.00s Real=0.03s
[2025-11-08T15:20:49.162+0000][gc,start      ] GC(1374) Pause Young (Normal) (G1 Evacuation Pause)
[2025-11-08T15:20:49.162+0000][gc,task       ] GC(1374) Using 2 workers of 2 for evacuation
[2025-11-08T15:20:49.186+0000][gc,mmu        ] GC(1374) MMU target violated: 21.0ms (20.0ms/21.0ms)
[2025-11-08T15:20:49.187+0000][gc,phases     ] GC(1374)   Pre Evacuate Collection Set: 0.0ms
[2025-11-08T15:20:49.188+0000][gc,phases     ] GC(1374)   Evacuate Collection Set: 16.6ms
[2025-11-08T15:20:49.188+0000][gc,phases     ] GC(1374)   Post Evacuate Collection Set: 6.2ms
[2025-11-08T15:20:49.191+0000][gc,phases     ] GC(1374)   Other: 2.6ms
[2025-11-08T15:20:49.191+0000][gc,heap       ] GC(1374) Eden regions: 31->0(31)
[2025-11-08T15:20:49.192+0000][gc,heap       ] GC(1374) Survivor regions: 2->2(5)
[2025-11-08T15:20:49.192+0000][gc,heap       ] GC(1374) Old regions: 116->116
[2025-11-08T15:20:49.193+0000][gc,heap       ] GC(1374) Humongous regions: 147->147
[2025-11-08T15:20:49.194+0000][gc,metaspace  ] GC(1374) Metaspace: 52304K(55472K)->52304K(55472K) NonClass: 46516K(48304K)->46516K(48304K) Class: 5787K(7168K)->5787K(7168K)
[2025-11-08T15:20:49.195+0000][gc            ] GC(1374) Pause Young (Normal) (G1 Evacuation Pause) 295M->263M(667M) 33.297ms
[2025-11-08T15:20:49.195+0000][gc,cpu        ] GC(1374) User=0.04s Sys=0.00s Real=0.03s
[2025-11-08T15:20:51.619+0000][gc,start      ] GC(1375) Pause Young (Normal) (G1 Evacuation Pause)
[2025-11-08T15:20:51.620+0000][gc,task       ] GC(1375) Using 2 workers of 2 for evacuation
[2025-11-08T15:20:51.639+0000][gc,phases     ] GC(1375)   Pre Evacuate Collection Set: 0.0ms
[2025-11-08T15:20:51.641+0000][gc,phases     ] GC(1375)   Evacuate Collection Set: 15.9ms
[2025-11-08T15:20:51.642+0000][gc,phases     ] GC(1375)   Post Evacuate Collection Set: 2.8ms
[2025-11-08T15:20:51.645+0000][gc,phases     ] GC(1375)   Other: 1.5ms
[2025-11-08T15:20:51.648+0000][gc,heap       ] GC(1375) Eden regions: 31->0(31)
[2025-11-08T15:20:51.649+0000][gc,heap       ] GC(1375) Survivor regions: 2->2(5)
[2025-11-08T15:20:51.654+0000][gc,heap       ] GC(1375) Old regions: 116->116
[2025-11-08T15:20:51.655+0000][gc,heap       ] GC(1375) Humongous regions: 147->147
[2025-11-08T15:20:51.657+0000][gc,metaspace  ] GC(1375) Metaspace: 52304K(55472K)->52304K(55472K) NonClass: 46516K(48304K)->46516K(48304K) Class: 5787K(7168K)->5787K(7168K)
[2025-11-08T15:20:51.659+0000][gc            ] GC(1375) Pause Young (Normal) (G1 Evacuation Pause) 294M->263M(667M) 40.030ms
[2025-11-08T15:20:51.660+0000][gc,cpu        ] GC(1375) User=0.04s Sys=0.00s Real=0.04s
[2025-11-08T15:20:54.159+0000][gc,start      ] GC(1376) Pause Young (Normal) (G1 Evacuation Pause)
[2025-11-08T15:20:54.160+0000][gc,task       ] GC(1376) Using 2 workers of 2 for evacuation
[2025-11-08T15:20:54.182+0000][gc,mmu        ] GC(1376) MMU target violated: 21.0ms (20.0ms/21.0ms)
[2025-11-08T15:20:54.183+0000][gc,phases     ] GC(1376)   Pre Evacuate Collection Set: 0.0ms
[2025-11-08T15:20:54.183+0000][gc,phases     ] GC(1376)   Evacuate Collection Set: 19.4ms
[2025-11-08T15:20:54.184+0000][gc,phases     ] GC(1376)   Post Evacuate Collection Set: 2.1ms
[2025-11-08T15:20:54.185+0000][gc,phases     ] GC(1376)   Other: 2.3ms
[2025-11-08T15:20:54.185+0000][gc,heap       ] GC(1376) Eden regions: 31->0(30)
[2025-11-08T15:20:54.186+0000][gc,heap       ] GC(1376) Survivor regions: 2->3(5)
[2025-11-08T15:20:54.186+0000][gc,heap       ] GC(1376) Old regions: 116->116
[2025-11-08T15:20:54.187+0000][gc,heap       ] GC(1376) Humongous regions: 147->147
[2025-11-08T15:20:54.187+0000][gc,metaspace  ] GC(1376) Metaspace: 52304K(55472K)->52304K(55472K) NonClass: 46516K(48304K)->46516K(48304K) Class: 5787K(7168K)->5787K(7168K)
[2025-11-08T15:20:54.188+0000][gc            ] GC(1376) Pause Young (Normal) (G1 Evacuation Pause) 294M->265M(667M) 28.524ms
[2025-11-08T15:20:54.188+0000][gc,cpu        ] GC(1376) User=0.04s Sys=0.00s Real=0.03s
[2025-11-08T15:20:56.942+0000][gc,start      ] GC(1377) Pause Young (Normal) (G1 Evacuation Pause)
[2025-11-08T15:20:56.945+0000][gc,task       ] GC(1377) Using 2 workers of 2 for evacuation
[2025-11-08T15:20:57.021+0000][gc,mmu        ] GC(1377) MMU target violated: 21.0ms (20.0ms/21.0ms)
[2025-11-08T15:20:57.022+0000][gc,phases     ] GC(1377)   Pre Evacuate Collection Set: 0.0ms
[2025-11-08T15:20:57.026+0000][gc,phases     ] GC(1377)   Evacuate Collection Set: 68.4ms
[2025-11-08T15:20:57.030+0000][gc,phases     ] GC(1377)   Post Evacuate Collection Set: 6.0ms
[2025-11-08T15:20:57.031+0000][gc,phases     ] GC(1377)   Other: 6.1ms
[2025-11-08T15:20:57.031+0000][gc,heap       ] GC(1377) Eden regions: 30->0(30)
[2025-11-08T15:20:57.032+0000][gc,heap       ] GC(1377) Survivor regions: 3->3(5)
[2025-11-08T15:20:57.032+0000][gc,heap       ] GC(1377) Old regions: 116->116
[2025-11-08T15:20:57.032+0000][gc,heap       ] GC(1377) Humongous regions: 147->147
[2025-11-08T15:20:57.033+0000][gc,metaspace  ] GC(1377) Metaspace: 52304K(55472K)->52304K(55472K) NonClass: 46516K(48304K)->46516K(48304K) Class: 5787K(7168K)->5787K(7168K)
[2025-11-08T15:20:57.037+0000][gc            ] GC(1377) Pause Young (Normal) (G1 Evacuation Pause) 295M->265M(667M) 95.302ms
[2025-11-08T15:20:57.039+0000][gc,cpu        ] GC(1377) User=0.14s Sys=0.00s Real=0.10s
[2025-11-08T15:20:59.782+0000][gc,start      ] GC(1378) Pause Young (Normal) (G1 Evacuation Pause)
[2025-11-08T15:20:59.782+0000][gc,task       ] GC(1378) Using 2 workers of 2 for evacuation
[2025-11-08T15:20:59.809+0000][gc,mmu        ] GC(1378) MMU target violated: 21.0ms (20.0ms/21.0ms)
[2025-11-08T15:20:59.810+0000][gc,phases     ] GC(1378)   Pre Evacuate Collection Set: 0.0ms
[2025-11-08T15:20:59.810+0000][gc,phases     ] GC(1378)   Evacuate Collection Set: 23.6ms
[2025-11-08T15:20:59.811+0000][gc,phases     ] GC(1378)   Post Evacuate Collection Set: 2.4ms
[2025-11-08T15:20:59.811+0000][gc,phases     ] GC(1378)   Other: 2.5ms
[2025-11-08T15:20:59.812+0000][gc,heap       ] GC(1378) Eden regions: 30->0(31)
[2025-11-08T15:20:59.812+0000][gc,heap       ] GC(1378) Survivor regions: 3->2(5)
[2025-11-08T15:20:59.813+0000][gc,heap       ] GC(1378) Old regions: 116->116
[2025-11-08T15:20:59.814+0000][gc,heap       ] GC(1378) Humongous regions: 147->147
[2025-11-08T15:20:59.814+0000][gc,metaspace  ] GC(1378) Metaspace: 52304K(55472K)->52304K(55472K) NonClass: 46516K(48304K)->46516K(48304K) Class: 5787K(7168K)->5787K(7168K)
[2025-11-08T15:20:59.816+0000][gc            ] GC(1378) Pause Young (Normal) (G1 Evacuation Pause) 295M->264M(667M) 34.750ms
[2025-11-08T15:20:59.817+0000][gc,cpu        ] GC(1378) User=0.04s Sys=0.00s Real=0.03s
[2025-11-08T15:21:03.915+0000][gc,start      ] GC(1379) Pause Young (Normal) (G1 Evacuation Pause)
[2025-11-08T15:21:03.915+0000][gc,task       ] GC(1379) Using 2 workers of 2 for evacuation
[2025-11-08T15:21:03.947+0000][gc,mmu        ] GC(1379) MMU target violated: 21.0ms (20.0ms/21.0ms)
[2025-11-08T15:21:03.948+0000][gc,phases     ] GC(1379)   Pre Evacuate Collection Set: 0.0ms
[2025-11-08T15:21:03.950+0000][gc,phases     ] GC(1379)   Evacuate Collection Set: 27.5ms
[2025-11-08T15:21:03.950+0000][gc,phases     ] GC(1379)   Post Evacuate Collection Set: 3.5ms
[2025-11-08T15:21:03.951+0000][gc,phases     ] GC(1379)   Other: 2.2ms
[2025-11-08T15:21:03.951+0000][gc,heap       ] GC(1379) Eden regions: 31->0(31)
[2025-11-08T15:21:03.952+0000][gc,heap       ] GC(1379) Survivor regions: 2->2(5)
[2025-11-08T15:21:03.952+0000][gc,heap       ] GC(1379) Old regions: 116->116
[2025-11-08T15:21:03.953+0000][gc,heap       ] GC(1379) Humongous regions: 147->147
[2025-11-08T15:21:03.953+0000][gc,metaspace  ] GC(1379) Metaspace: 52304K(55472K)->52304K(55472K) NonClass: 46516K(48304K)->46516K(48304K) Class: 5787K(7168K)->5787K(7168K)
[2025-11-08T15:21:03.954+0000][gc            ] GC(1379) Pause Young (Normal) (G1 Evacuation Pause) 295M->264M(667M) 39.500ms
[2025-11-08T15:21:03.955+0000][gc,cpu        ] GC(1379) User=0.05s Sys=0.00s Real=0.04s
[2025-11-08T15:21:06.513+0000][gc,start      ] GC(1380) Pause Young (Normal) (G1 Evacuation Pause)
[2025-11-08T15:21:06.515+0000][gc,task       ] GC(1380) Using 2 workers of 2 for evacuation
[2025-11-08T15:21:06.533+0000][gc,phases     ] GC(1380)   Pre Evacuate Collection Set: 0.0ms
[2025-11-08T15:21:06.533+0000][gc,phases     ] GC(1380)   Evacuate Collection Set: 14.5ms
[2025-11-08T15:21:06.534+0000][gc,phases     ] GC(1380)   Post Evacuate Collection Set: 2.6ms
[2025-11-08T15:21:06.535+0000][gc,phases     ] GC(1380)   Other: 2.5ms
[2025-11-08T15:21:06.535+0000][gc,heap       ] GC(1380) Eden regions: 31->0(31)
[2025-11-08T15:21:06.536+0000][gc,heap       ] GC(1380) Survivor regions: 2->2(5)
[2025-11-08T15:21:06.536+0000][gc,heap       ] GC(1380) Old regions: 116->116
[2025-11-08T15:21:06.537+0000][gc,heap       ] GC(1380) Humongous regions: 147->147
[2025-11-08T15:21:06.537+0000][gc,metaspace  ] GC(1380) Metaspace: 52304K(55472K)->52304K(55472K) NonClass: 46516K(48304K)->46516K(48304K) Class: 5787K(7168K)->5787K(7168K)
[2025-11-08T15:21:06.538+0000][gc            ] GC(1380) Pause Young (Normal) (G1 Evacuation Pause) 295M->264M(667M) 24.698ms
[2025-11-08T15:21:06.538+0000][gc,cpu        ] GC(1380) User=0.03s Sys=0.00s Real=0.03s
[2025-11-08T15:21:10.744+0000][gc,start      ] GC(1381) Pause Young (Normal) (G1 Evacuation Pause)
[2025-11-08T15:21:10.745+0000][gc,task       ] GC(1381) Using 2 workers of 2 for evacuation
[2025-11-08T15:21:10.794+0000][gc,mmu        ] GC(1381) MMU target violated: 21.0ms (20.0ms/21.0ms)
[2025-11-08T15:21:10.794+0000][gc,phases     ] GC(1381)   Pre Evacuate Collection Set: 0.0ms
[2025-11-08T15:21:10.795+0000][gc,phases     ] GC(1381)   Evacuate Collection Set: 44.5ms
[2025-11-08T15:21:10.796+0000][gc,phases     ] GC(1381)   Post Evacuate Collection Set: 1.9ms
[2025-11-08T15:21:10.797+0000][gc,phases     ] GC(1381)   Other: 3.8ms
[2025-11-08T15:21:10.797+0000][gc,heap       ] GC(1381) Eden regions: 31->0(30)
[2025-11-08T15:21:10.798+0000][gc,heap       ] GC(1381) Survivor regions: 2->3(5)
[2025-11-08T15:21:10.798+0000][gc,heap       ] GC(1381) Old regions: 116->116
[2025-11-08T15:21:10.799+0000][gc,heap       ] GC(1381) Humongous regions: 147->147
[2025-11-08T15:21:10.799+0000][gc,metaspace  ] GC(1381) Metaspace: 52304K(55472K)->52304K(55472K) NonClass: 46516K(48304K)->46516K(48304K) Class: 5787K(7168K)->5787K(7168K)
[2025-11-08T15:21:10.800+0000][gc            ] GC(1381) Pause Young (Normal) (G1 Evacuation Pause) 295M->265M(667M) 55.493ms
[2025-11-08T15:21:10.800+0000][gc,cpu        ] GC(1381) User=0.08s Sys=0.01s Real=0.06s
[2025-11-08T15:21:14.484+0000][gc,start      ] GC(1382) Pause Young (Normal) (G1 Evacuation Pause)
[2025-11-08T15:21:14.485+0000][gc,task       ] GC(1382) Using 2 workers of 2 for evacuation
[2025-11-08T15:21:14.535+0000][gc,mmu        ] GC(1382) MMU target violated: 21.0ms (20.0ms/21.0ms)
[2025-11-08T15:21:14.535+0000][gc,phases     ] GC(1382)   Pre Evacuate Collection Set: 0.1ms
[2025-11-08T15:21:14.536+0000][gc,phases     ] GC(1382)   Evacuate Collection Set: 43.9ms
[2025-11-08T15:21:14.536+0000][gc,phases     ] GC(1382)   Post Evacuate Collection Set: 3.4ms
[2025-11-08T15:21:14.537+0000][gc,phases     ] GC(1382)   Other: 3.9ms
[2025-11-08T15:21:14.537+0000][gc,heap       ] GC(1382) Eden regions: 30->0(30)
[2025-11-08T15:21:14.538+0000][gc,heap       ] GC(1382) Survivor regions: 3->3(5)
[2025-11-08T15:21:14.538+0000][gc,heap       ] GC(1382) Old regions: 116->117
[2025-11-08T15:21:14.539+0000][gc,heap       ] GC(1382) Humongous regions: 147->147
[2025-11-08T15:21:14.540+0000][gc,metaspace  ] GC(1382) Metaspace: 52304K(55472K)->52304K(55472K) NonClass: 46516K(48304K)->46516K(48304K) Class: 5787K(7168K)->5787K(7168K)
[2025-11-08T15:21:14.540+0000][gc            ] GC(1382) Pause Young (Normal) (G1 Evacuation Pause) 295M->265M(667M) 56.376ms
[2025-11-08T15:21:14.541+0000][gc,cpu        ] GC(1382) User=0.08s Sys=0.02s Real=0.06s
[2025-11-08T15:21:18.259+0000][gc,start      ] GC(1383) Pause Young (Normal) (G1 Evacuation Pause)
[2025-11-08T15:21:18.259+0000][gc,task       ] GC(1383) Using 2 workers of 2 for evacuation
[2025-11-08T15:21:18.287+0000][gc,mmu        ] GC(1383) MMU target violated: 21.0ms (20.0ms/21.0ms)
[2025-11-08T15:21:18.288+0000][gc,phases     ] GC(1383)   Pre Evacuate Collection Set: 0.0ms
[2025-11-08T15:21:18.289+0000][gc,phases     ] GC(1383)   Evacuate Collection Set: 19.5ms
[2025-11-08T15:21:18.289+0000][gc,phases     ] GC(1383)   Post Evacuate Collection Set: 6.3ms
[2025-11-08T15:21:18.289+0000][gc,phases     ] GC(1383)   Other: 4.0ms
[2025-11-08T15:21:18.290+0000][gc,heap       ] GC(1383) Eden regions: 30->0(31)
[2025-11-08T15:21:18.290+0000][gc,heap       ] GC(1383) Survivor regions: 3->2(5)
[2025-11-08T15:21:18.293+0000][gc,heap       ] GC(1383) Old regions: 117->117
[2025-11-08T15:21:18.294+0000][gc,heap       ] GC(1383) Humongous regions: 147->147
[2025-11-08T15:21:18.294+0000][gc,metaspace  ] GC(1383) Metaspace: 52304K(55472K)->52304K(55472K) NonClass: 46516K(48304K)->46516K(48304K) Class: 5787K(7168K)->5787K(7168K)
[2025-11-08T15:21:18.295+0000][gc            ] GC(1383) Pause Young (Normal) (G1 Evacuation Pause) 295M->264M(667M) 36.624ms
[2025-11-08T15:21:18.296+0000][gc,cpu        ] GC(1383) User=0.04s Sys=0.00s Real=0.03s
[2025-11-08T15:21:21.068+0000][gc,start      ] GC(1384) Pause Young (Normal) (G1 Evacuation Pause)
[2025-11-08T15:21:21.070+0000][gc,task       ] GC(1384) Using 2 workers of 2 for evacuation
[2025-11-08T15:21:21.092+0000][gc,phases     ] GC(1384)   Pre Evacuate Collection Set: 0.0ms
[2025-11-08T15:21:21.093+0000][gc,phases     ] GC(1384)   Evacuate Collection Set: 18.0ms
[2025-11-08T15:21:21.094+0000][gc,phases     ] GC(1384)   Post Evacuate Collection Set: 1.4ms
[2025-11-08T15:21:21.095+0000][gc,phases     ] GC(1384)   Other: 4.3ms
[2025-11-08T15:21:21.095+0000][gc,heap       ] GC(1384) Eden regions: 31->0(31)
[2025-11-08T15:21:21.098+0000][gc,heap       ] GC(1384) Survivor regions: 2->2(5)
[2025-11-08T15:21:21.099+0000][gc,heap       ] GC(1384) Old regions: 117->117
[2025-11-08T15:21:21.102+0000][gc,heap       ] GC(1384) Humongous regions: 147->147
[2025-11-08T15:21:21.104+0000][gc,metaspace  ] GC(1384) Metaspace: 52304K(55472K)->52304K(55472K) NonClass: 46516K(48304K)->46516K(48304K) Class: 5787K(7168K)->5787K(7168K)
[2025-11-08T15:21:21.105+0000][gc            ] GC(1384) Pause Young (Normal) (G1 Evacuation Pause) 295M->264M(667M) 37.246ms
[2025-11-08T15:21:21.106+0000][gc,cpu        ] GC(1384) User=0.04s Sys=0.00s Real=0.03s
[2025-11-08T15:21:24.052+0000][gc,start      ] GC(1385) Pause Young (Normal) (G1 Evacuation Pause)
[2025-11-08T15:21:24.053+0000][gc,task       ] GC(1385) Using 2 workers of 2 for evacuation
[2025-11-08T15:21:24.076+0000][gc,mmu        ] GC(1385) MMU target violated: 21.0ms (20.0ms/21.0ms)
[2025-11-08T15:21:24.077+0000][gc,phases     ] GC(1385)   Pre Evacuate Collection Set: 0.0ms
[2025-11-08T15:21:24.077+0000][gc,phases     ] GC(1385)   Evacuate Collection Set: 20.3ms
[2025-11-08T15:21:24.077+0000][gc,phases     ] GC(1385)   Post Evacuate Collection Set: 2.4ms
[2025-11-08T15:21:24.078+0000][gc,phases     ] GC(1385)   Other: 1.9ms
[2025-11-08T15:21:24.078+0000][gc,heap       ] GC(1385) Eden regions: 31->0(31)
[2025-11-08T15:21:24.079+0000][gc,heap       ] GC(1385) Survivor regions: 2->2(5)
[2025-11-08T15:21:24.080+0000][gc,heap       ] GC(1385) Old regions: 117->117
[2025-11-08T15:21:24.080+0000][gc,heap       ] GC(1385) Humongous regions: 147->147
[2025-11-08T15:21:24.080+0000][gc,metaspace  ] GC(1385) Metaspace: 52304K(55472K)->52304K(55472K) NonClass: 46516K(48304K)->46516K(48304K) Class: 5787K(7168K)->5787K(7168K)
[2025-11-08T15:21:24.081+0000][gc            ] GC(1385) Pause Young (Normal) (G1 Evacuation Pause) 295M->264M(667M) 28.620ms
[2025-11-08T15:21:24.081+0000][gc,cpu        ] GC(1385) User=0.04s Sys=0.00s Real=0.03s
[2025-11-08T15:21:27.017+0000][gc,start      ] GC(1386) Pause Young (Normal) (G1 Evacuation Pause)
[2025-11-08T15:21:27.022+0000][gc,task       ] GC(1386) Using 2 workers of 2 for evacuation
[2025-11-08T15:21:27.050+0000][gc,mmu        ] GC(1386) MMU target violated: 21.0ms (20.0ms/21.0ms)
[2025-11-08T15:21:27.051+0000][gc,phases     ] GC(1386)   Pre Evacuate Collection Set: 0.1ms
[2025-11-08T15:21:27.052+0000][gc,phases     ] GC(1386)   Evacuate Collection Set: 24.5ms
[2025-11-08T15:21:27.053+0000][gc,phases     ] GC(1386)   Post Evacuate Collection Set: 2.7ms
[2025-11-08T15:21:27.054+0000][gc,phases     ] GC(1386)   Other: 6.8ms
[2025-11-08T15:21:27.055+0000][gc,heap       ] GC(1386) Eden regions: 31->0(30)
[2025-11-08T15:21:27.056+0000][gc,heap       ] GC(1386) Survivor regions: 2->3(5)
[2025-11-08T15:21:27.056+0000][gc,heap       ] GC(1386) Old regions: 117->117
[2025-11-08T15:21:27.057+0000][gc,heap       ] GC(1386) Humongous regions: 147->147
[2025-11-08T15:21:27.058+0000][gc,metaspace  ] GC(1386) Metaspace: 52304K(55472K)->52304K(55472K) NonClass: 46516K(48304K)->46516K(48304K) Class: 5787K(7168K)->5787K(7168K)
[2025-11-08T15:21:27.059+0000][gc            ] GC(1386) Pause Young (Normal) (G1 Evacuation Pause) 295M->266M(667M) 41.742ms
[2025-11-08T15:21:27.060+0000][gc,cpu        ] GC(1386) User=0.05s Sys=0.00s Real=0.05s
[2025-11-08T15:21:29.643+0000][gc,start      ] GC(1387) Pause Young (Normal) (G1 Evacuation Pause)
[2025-11-08T15:21:29.650+0000][gc,task       ] GC(1387) Using 2 workers of 2 for evacuation
[2025-11-08T15:21:29.706+0000][gc,mmu        ] GC(1387) MMU target violated: 21.0ms (20.0ms/21.0ms)
[2025-11-08T15:21:29.706+0000][gc,phases     ] GC(1387)   Pre Evacuate Collection Set: 0.0ms
[2025-11-08T15:21:29.707+0000][gc,phases     ] GC(1387)   Evacuate Collection Set: 48.1ms
[2025-11-08T15:21:29.708+0000][gc,phases     ] GC(1387)   Post Evacuate Collection Set: 3.6ms
[2025-11-08T15:21:29.708+0000][gc,phases     ] GC(1387)   Other: 11.8ms
[2025-11-08T15:21:29.709+0000][gc,heap       ] GC(1387) Eden regions: 30->0(30)
[2025-11-08T15:21:29.710+0000][gc,heap       ] GC(1387) Survivor regions: 3->3(5)
[2025-11-08T15:21:29.712+0000][gc,heap       ] GC(1387) Old regions: 117->117
[2025-11-08T15:21:29.712+0000][gc,heap       ] GC(1387) Humongous regions: 147->147
[2025-11-08T15:21:29.713+0000][gc,metaspace  ] GC(1387) Metaspace: 52304K(55472K)->52304K(55472K) NonClass: 46516K(48304K)->46516K(48304K) Class: 5787K(7168K)->5787K(7168K)
[2025-11-08T15:21:29.714+0000][gc            ] GC(1387) Pause Young (Normal) (G1 Evacuation Pause) 296M->265M(667M) 71.276ms
[2025-11-08T15:21:29.715+0000][gc,cpu        ] GC(1387) User=0.10s Sys=0.00s Real=0.07s
[2025-11-08T15:21:32.499+0000][gc,start      ] GC(1388) Pause Young (Normal) (G1 Evacuation Pause)
[2025-11-08T15:21:32.500+0000][gc,task       ] GC(1388) Using 2 workers of 2 for evacuation
[2025-11-08T15:21:32.523+0000][gc,mmu        ] GC(1388) MMU target violated: 21.0ms (20.0ms/21.0ms)
[2025-11-08T15:21:32.524+0000][gc,phases     ] GC(1388)   Pre Evacuate Collection Set: 0.0ms
[2025-11-08T15:21:32.529+0000][gc,phases     ] GC(1388)   Evacuate Collection Set: 20.7ms
[2025-11-08T15:21:32.530+0000][gc,phases     ] GC(1388)   Post Evacuate Collection Set: 1.7ms
[2025-11-08T15:21:32.530+0000][gc,phases     ] GC(1388)   Other: 2.4ms
[2025-11-08T15:21:32.531+0000][gc,heap       ] GC(1388) Eden regions: 30->0(31)
[2025-11-08T15:21:32.532+0000][gc,heap       ] GC(1388) Survivor regions: 3->2(5)
[2025-11-08T15:21:32.532+0000][gc,heap       ] GC(1388) Old regions: 117->117
[2025-11-08T15:21:32.533+0000][gc,heap       ] GC(1388) Humongous regions: 147->147
[2025-11-08T15:21:32.534+0000][gc,metaspace  ] GC(1388) Metaspace: 52304K(55472K)->52304K(55472K) NonClass: 46516K(48304K)->46516K(48304K) Class: 5787K(7168K)->5787K(7168K)
[2025-11-08T15:21:32.535+0000][gc            ] GC(1388) Pause Young (Normal) (G1 Evacuation Pause) 295M->265M(667M) 35.161ms
[2025-11-08T15:21:32.535+0000][gc,cpu        ] GC(1388) User=0.05s Sys=0.00s Real=0.03s
[2025-11-08T15:21:35.579+0000][gc,start      ] GC(1389) Pause Young (Normal) (G1 Evacuation Pause)
[2025-11-08T15:21:35.580+0000][gc,task       ] GC(1389) Using 2 workers of 2 for evacuation
[2025-11-08T15:21:35.604+0000][gc,mmu        ] GC(1389) MMU target violated: 21.0ms (20.0ms/21.0ms)
[2025-11-08T15:21:35.605+0000][gc,phases     ] GC(1389)   Pre Evacuate Collection Set: 0.0ms
[2025-11-08T15:21:35.607+0000][gc,phases     ] GC(1389)   Evacuate Collection Set: 18.1ms
[2025-11-08T15:21:35.608+0000][gc,phases     ] GC(1389)   Post Evacuate Collection Set: 5.6ms
[2025-11-08T15:21:35.608+0000][gc,phases     ] GC(1389)   Other: 2.7ms
[2025-11-08T15:21:35.609+0000][gc,heap       ] GC(1389) Eden regions: 31->0(31)
[2025-11-08T15:21:35.609+0000][gc,heap       ] GC(1389) Survivor regions: 2->2(5)
[2025-11-08T15:21:35.610+0000][gc,heap       ] GC(1389) Old regions: 117->117
[2025-11-08T15:21:35.610+0000][gc,heap       ] GC(1389) Humongous regions: 147->147
[2025-11-08T15:21:35.611+0000][gc,metaspace  ] GC(1389) Metaspace: 52304K(55472K)->52304K(55472K) NonClass: 46516K(48304K)->46516K(48304K) Class: 5787K(7168K)->5787K(7168K)
[2025-11-08T15:21:35.611+0000][gc            ] GC(1389) Pause Young (Normal) (G1 Evacuation Pause) 296M->265M(667M) 32.383ms
[2025-11-08T15:21:35.612+0000][gc,cpu        ] GC(1389) User=0.05s Sys=0.01s Real=0.03s
[2025-11-08T15:21:38.420+0000][gc,start      ] GC(1390) Pause Young (Normal) (G1 Evacuation Pause)
[2025-11-08T15:21:38.421+0000][gc,task       ] GC(1390) Using 2 workers of 2 for evacuation
[2025-11-08T15:21:38.441+0000][gc,phases     ] GC(1390)   Pre Evacuate Collection Set: 0.0ms
[2025-11-08T15:21:38.441+0000][gc,phases     ] GC(1390)   Evacuate Collection Set: 16.7ms
[2025-11-08T15:21:38.442+0000][gc,phases     ] GC(1390)   Post Evacuate Collection Set: 1.8ms
[2025-11-08T15:21:38.442+0000][gc,phases     ] GC(1390)   Other: 2.1ms
[2025-11-08T15:21:38.443+0000][gc,heap       ] GC(1390) Eden regions: 31->0(31)
[2025-11-08T15:21:38.443+0000][gc,heap       ] GC(1390) Survivor regions: 2->2(5)
[2025-11-08T15:21:38.444+0000][gc,heap       ] GC(1390) Old regions: 117->117
[2025-11-08T15:21:38.444+0000][gc,heap       ] GC(1390) Humongous regions: 147->147
[2025-11-08T15:21:38.444+0000][gc,metaspace  ] GC(1390) Metaspace: 52304K(55472K)->52304K(55472K) NonClass: 46516K(48304K)->46516K(48304K) Class: 5787K(7168K)->5787K(7168K)
[2025-11-08T15:21:38.445+0000][gc            ] GC(1390) Pause Young (Normal) (G1 Evacuation Pause) 296M->264M(667M) 24.612ms
[2025-11-08T15:21:38.445+0000][gc,cpu        ] GC(1390) User=0.04s Sys=0.00s Real=0.02s
[2025-11-08T15:21:41.085+0000][gc,start      ] GC(1391) Pause Young (Normal) (G1 Evacuation Pause)
[2025-11-08T15:21:41.086+0000][gc,task       ] GC(1391) Using 2 workers of 2 for evacuation
[2025-11-08T15:21:41.112+0000][gc,mmu        ] GC(1391) MMU target violated: 21.0ms (20.0ms/21.0ms)
[2025-11-08T15:21:41.113+0000][gc,phases     ] GC(1391)   Pre Evacuate Collection Set: 0.0ms
[2025-11-08T15:21:41.113+0000][gc,phases     ] GC(1391)   Evacuate Collection Set: 22.5ms
[2025-11-08T15:21:41.115+0000][gc,phases     ] GC(1391)   Post Evacuate Collection Set: 2.6ms
[2025-11-08T15:21:41.117+0000][gc,phases     ] GC(1391)   Other: 2.6ms
[2025-11-08T15:21:41.118+0000][gc,heap       ] GC(1391) Eden regions: 31->0(30)
[2025-11-08T15:21:41.119+0000][gc,heap       ] GC(1391) Survivor regions: 2->3(5)
[2025-11-08T15:21:41.120+0000][gc,heap       ] GC(1391) Old regions: 117->117
[2025-11-08T15:21:41.121+0000][gc,heap       ] GC(1391) Humongous regions: 147->147
[2025-11-08T15:21:41.121+0000][gc,metaspace  ] GC(1391) Metaspace: 52304K(55472K)->52304K(55472K) NonClass: 46516K(48304K)->46516K(48304K) Class: 5787K(7168K)->5787K(7168K)
[2025-11-08T15:21:41.126+0000][gc            ] GC(1391) Pause Young (Normal) (G1 Evacuation Pause) 295M->266M(667M) 40.403ms
[2025-11-08T15:21:41.127+0000][gc,cpu        ] GC(1391) User=0.05s Sys=0.00s Real=0.04s
[2025-11-08T15:21:43.792+0000][gc,start      ] GC(1392) Pause Young (Normal) (G1 Evacuation Pause)
[2025-11-08T15:21:43.793+0000][gc,task       ] GC(1392) Using 2 workers of 2 for evacuation
[2025-11-08T15:21:43.825+0000][gc,mmu        ] GC(1392) MMU target violated: 21.0ms (20.0ms/21.0ms)
[2025-11-08T15:21:43.826+0000][gc,phases     ] GC(1392)   Pre Evacuate Collection Set: 0.0ms
[2025-11-08T15:21:43.827+0000][gc,phases     ] GC(1392)   Evacuate Collection Set: 23.0ms
[2025-11-08T15:21:43.827+0000][gc,phases     ] GC(1392)   Post Evacuate Collection Set: 4.3ms
[2025-11-08T15:21:43.827+0000][gc,phases     ] GC(1392)   Other: 6.6ms
[2025-11-08T15:21:43.828+0000][gc,heap       ] GC(1392) Eden regions: 30->0(30)
[2025-11-08T15:21:43.828+0000][gc,heap       ] GC(1392) Survivor regions: 3->3(5)
[2025-11-08T15:21:43.829+0000][gc,heap       ] GC(1392) Old regions: 117->117
[2025-11-08T15:21:43.829+0000][gc,heap       ] GC(1392) Humongous regions: 147->147
[2025-11-08T15:21:43.829+0000][gc,metaspace  ] GC(1392) Metaspace: 52304K(55472K)->52304K(55472K) NonClass: 46516K(48304K)->46516K(48304K) Class: 5787K(7168K)->5787K(7168K)
[2025-11-08T15:21:43.830+0000][gc            ] GC(1392) Pause Young (Normal) (G1 Evacuation Pause) 296M->266M(667M) 37.593ms
[2025-11-08T15:21:43.830+0000][gc,cpu        ] GC(1392) User=0.05s Sys=0.00s Real=0.04s
[2025-11-08T15:21:46.387+0000][gc,start      ] GC(1393) Pause Young (Normal) (G1 Evacuation Pause)
[2025-11-08T15:21:46.388+0000][gc,task       ] GC(1393) Using 2 workers of 2 for evacuation
[2025-11-08T15:21:46.454+0000][gc,mmu        ] GC(1393) MMU target violated: 21.0ms (20.0ms/21.0ms)
[2025-11-08T15:21:46.455+0000][gc,phases     ] GC(1393)   Pre Evacuate Collection Set: 0.0ms
[2025-11-08T15:21:46.456+0000][gc,phases     ] GC(1393)   Evacuate Collection Set: 61.5ms
[2025-11-08T15:21:46.457+0000][gc,phases     ] GC(1393)   Post Evacuate Collection Set: 3.3ms
[2025-11-08T15:21:46.457+0000][gc,phases     ] GC(1393)   Other: 2.8ms
[2025-11-08T15:21:46.458+0000][gc,heap       ] GC(1393) Eden regions: 30->0(31)
[2025-11-08T15:21:46.460+0000][gc,heap       ] GC(1393) Survivor regions: 3->2(5)
[2025-11-08T15:21:46.460+0000][gc,heap       ] GC(1393) Old regions: 117->117
[2025-11-08T15:21:46.461+0000][gc,heap       ] GC(1393) Humongous regions: 147->147
[2025-11-08T15:21:46.461+0000][gc,metaspace  ] GC(1393) Metaspace: 52304K(55472K)->52304K(55472K) NonClass: 46516K(48304K)->46516K(48304K) Class: 5787K(7168K)->5787K(7168K)
[2025-11-08T15:21:46.462+0000][gc            ] GC(1393) Pause Young (Normal) (G1 Evacuation Pause) 296M->265M(667M) 75.134ms
[2025-11-08T15:21:46.463+0000][gc,cpu        ] GC(1393) User=0.10s Sys=0.02s Real=0.08s
[2025-11-08T15:21:49.048+0000][gc,start      ] GC(1394) Pause Young (Normal) (G1 Evacuation Pause)
[2025-11-08T15:21:49.048+0000][gc,task       ] GC(1394) Using 2 workers of 2 for evacuation
[2025-11-08T15:21:49.077+0000][gc,mmu        ] GC(1394) MMU target violated: 21.0ms (20.0ms/21.0ms)
[2025-11-08T15:21:49.077+0000][gc,phases     ] GC(1394)   Pre Evacuate Collection Set: 0.0ms
[2025-11-08T15:21:49.078+0000][gc,phases     ] GC(1394)   Evacuate Collection Set: 23.5ms
[2025-11-08T15:21:49.078+0000][gc,phases     ] GC(1394)   Post Evacuate Collection Set: 2.7ms
[2025-11-08T15:21:49.079+0000][gc,phases     ] GC(1394)   Other: 3.3ms
[2025-11-08T15:21:49.079+0000][gc,heap       ] GC(1394) Eden regions: 31->0(31)
[2025-11-08T15:21:49.079+0000][gc,heap       ] GC(1394) Survivor regions: 2->2(5)
[2025-11-08T15:21:49.080+0000][gc,heap       ] GC(1394) Old regions: 117->117
[2025-11-08T15:21:49.081+0000][gc,heap       ] GC(1394) Humongous regions: 147->147
[2025-11-08T15:21:49.081+0000][gc,metaspace  ] GC(1394) Metaspace: 52304K(55472K)->52304K(55472K) NonClass: 46516K(48304K)->46516K(48304K) Class: 5787K(7168K)->5787K(7168K)
[2025-11-08T15:21:49.082+0000][gc            ] GC(1394) Pause Young (Normal) (G1 Evacuation Pause) 296M->265M(667M) 33.937ms
[2025-11-08T15:21:49.082+0000][gc,cpu        ] GC(1394) User=0.05s Sys=0.00s Real=0.04s
[2025-11-08T15:21:51.865+0000][gc,start      ] GC(1395) Pause Young (Normal) (G1 Evacuation Pause)
[2025-11-08T15:21:51.866+0000][gc,task       ] GC(1395) Using 2 workers of 2 for evacuation
[2025-11-08T15:21:51.890+0000][gc,mmu        ] GC(1395) MMU target violated: 21.0ms (20.0ms/21.0ms)
[2025-11-08T15:21:51.891+0000][gc,phases     ] GC(1395)   Pre Evacuate Collection Set: 0.0ms
[2025-11-08T15:21:51.891+0000][gc,phases     ] GC(1395)   Evacuate Collection Set: 19.0ms
[2025-11-08T15:21:51.891+0000][gc,phases     ] GC(1395)   Post Evacuate Collection Set: 3.0ms
[2025-11-08T15:21:51.892+0000][gc,phases     ] GC(1395)   Other: 3.6ms
[2025-11-08T15:21:51.893+0000][gc,heap       ] GC(1395) Eden regions: 31->0(31)
[2025-11-08T15:21:51.893+0000][gc,heap       ] GC(1395) Survivor regions: 2->2(5)
[2025-11-08T15:21:51.895+0000][gc,heap       ] GC(1395) Old regions: 117->117
[2025-11-08T15:21:51.896+0000][gc,heap       ] GC(1395) Humongous regions: 147->147
[2025-11-08T15:21:51.897+0000][gc,metaspace  ] GC(1395) Metaspace: 52304K(55472K)->52304K(55472K) NonClass: 46516K(48304K)->46516K(48304K) Class: 5787K(7168K)->5787K(7168K)
[2025-11-08T15:21:51.897+0000][gc            ] GC(1395) Pause Young (Normal) (G1 Evacuation Pause) 296M->265M(667M) 31.788ms
[2025-11-08T15:21:51.898+0000][gc,cpu        ] GC(1395) User=0.05s Sys=0.00s Real=0.03s
[2025-11-08T15:21:54.434+0000][gc,start      ] GC(1396) Pause Young (Normal) (G1 Evacuation Pause)
[2025-11-08T15:21:54.434+0000][gc,task       ] GC(1396) Using 2 workers of 2 for evacuation
[2025-11-08T15:21:54.463+0000][gc,mmu        ] GC(1396) MMU target violated: 21.0ms (20.0ms/21.0ms)
[2025-11-08T15:21:54.464+0000][gc,phases     ] GC(1396)   Pre Evacuate Collection Set: 0.0ms
[2025-11-08T15:21:54.464+0000][gc,phases     ] GC(1396)   Evacuate Collection Set: 26.1ms
[2025-11-08T15:21:54.464+0000][gc,phases     ] GC(1396)   Post Evacuate Collection Set: 1.6ms
[2025-11-08T15:21:54.466+0000][gc,phases     ] GC(1396)   Other: 2.2ms
[2025-11-08T15:21:54.467+0000][gc,heap       ] GC(1396) Eden regions: 31->0(30)
[2025-11-08T15:21:54.471+0000][gc,heap       ] GC(1396) Survivor regions: 2->3(5)
[2025-11-08T15:21:54.471+0000][gc,heap       ] GC(1396) Old regions: 117->117
[2025-11-08T15:21:54.472+0000][gc,heap       ] GC(1396) Humongous regions: 147->147
[2025-11-08T15:21:54.472+0000][gc,metaspace  ] GC(1396) Metaspace: 52304K(55472K)->52304K(55472K) NonClass: 46516K(48304K)->46516K(48304K) Class: 5787K(7168K)->5787K(7168K)
[2025-11-08T15:21:54.473+0000][gc            ] GC(1396) Pause Young (Normal) (G1 Evacuation Pause) 296M->266M(667M) 39.374ms
[2025-11-08T15:21:54.473+0000][gc,cpu        ] GC(1396) User=0.05s Sys=0.00s Real=0.04s
[2025-11-08T15:21:56.960+0000][gc,start      ] GC(1397) Pause Young (Normal) (G1 Evacuation Pause)
[2025-11-08T15:21:56.963+0000][gc,task       ] GC(1397) Using 2 workers of 2 for evacuation
[2025-11-08T15:21:56.994+0000][gc,mmu        ] GC(1397) MMU target violated: 21.0ms (20.0ms/21.0ms)
[2025-11-08T15:21:56.995+0000][gc,phases     ] GC(1397)   Pre Evacuate Collection Set: 0.0ms
[2025-11-08T15:21:56.996+0000][gc,phases     ] GC(1397)   Evacuate Collection Set: 27.5ms
[2025-11-08T15:21:56.998+0000][gc,phases     ] GC(1397)   Post Evacuate Collection Set: 2.7ms
[2025-11-08T15:21:56.999+0000][gc,phases     ] GC(1397)   Other: 4.1ms
[2025-11-08T15:21:57.001+0000][gc,heap       ] GC(1397) Eden regions: 30->0(30)
[2025-11-08T15:21:57.002+0000][gc,heap       ] GC(1397) Survivor regions: 3->3(5)
[2025-11-08T15:21:57.003+0000][gc,heap       ] GC(1397) Old regions: 117->118
[2025-11-08T15:21:57.004+0000][gc,heap       ] GC(1397) Humongous regions: 147->147
[2025-11-08T15:21:57.005+0000][gc,metaspace  ] GC(1397) Metaspace: 52304K(55472K)->52304K(55472K) NonClass: 46516K(48304K)->46516K(48304K) Class: 5787K(7168K)->5787K(7168K)
[2025-11-08T15:21:57.006+0000][gc            ] GC(1397) Pause Young (Normal) (G1 Evacuation Pause) 296M->266M(667M) 45.278ms
[2025-11-08T15:21:57.008+0000][gc,cpu        ] GC(1397) User=0.06s Sys=0.00s Real=0.04s
[2025-11-08T15:21:59.846+0000][gc,start      ] GC(1398) Pause Young (Normal) (G1 Evacuation Pause)
[2025-11-08T15:21:59.846+0000][gc,task       ] GC(1398) Using 2 workers of 2 for evacuation
[2025-11-08T15:21:59.869+0000][gc,mmu        ] GC(1398) MMU target violated: 21.0ms (20.0ms/21.0ms)
[2025-11-08T15:21:59.870+0000][gc,phases     ] GC(1398)   Pre Evacuate Collection Set: 0.1ms
[2025-11-08T15:21:59.871+0000][gc,phases     ] GC(1398)   Evacuate Collection Set: 19.6ms
[2025-11-08T15:21:59.871+0000][gc,phases     ] GC(1398)   Post Evacuate Collection Set: 2.1ms
[2025-11-08T15:21:59.872+0000][gc,phases     ] GC(1398)   Other: 2.9ms
[2025-11-08T15:21:59.874+0000][gc,heap       ] GC(1398) Eden regions: 30->0(31)
[2025-11-08T15:21:59.874+0000][gc,heap       ] GC(1398) Survivor regions: 3->2(5)
[2025-11-08T15:21:59.876+0000][gc,heap       ] GC(1398) Old regions: 118->118
[2025-11-08T15:21:59.894+0000][gc,heap       ] GC(1398) Humongous regions: 147->147
[2025-11-08T15:21:59.902+0000][gc,metaspace  ] GC(1398) Metaspace: 52304K(55472K)->52304K(55472K) NonClass: 46516K(48304K)->46516K(48304K) Class: 5787K(7168K)->5787K(7168K)
[2025-11-08T15:21:59.904+0000][gc            ] GC(1398) Pause Young (Normal) (G1 Evacuation Pause) 296M->266M(667M) 58.028ms
[2025-11-08T15:21:59.905+0000][gc,cpu        ] GC(1398) User=0.05s Sys=0.00s Real=0.06s
[2025-11-08T15:22:02.718+0000][gc,start      ] GC(1399) Pause Young (Normal) (G1 Evacuation Pause)
[2025-11-08T15:22:02.719+0000][gc,task       ] GC(1399) Using 2 workers of 2 for evacuation
[2025-11-08T15:22:02.739+0000][gc,phases     ] GC(1399)   Pre Evacuate Collection Set: 0.0ms
[2025-11-08T15:22:02.740+0000][gc,phases     ] GC(1399)   Evacuate Collection Set: 14.9ms
[2025-11-08T15:22:02.740+0000][gc,phases     ] GC(1399)   Post Evacuate Collection Set: 3.6ms
[2025-11-08T15:22:02.741+0000][gc,phases     ] GC(1399)   Other: 1.7ms
[2025-11-08T15:22:02.742+0000][gc,heap       ] GC(1399) Eden regions: 31->0(31)
[2025-11-08T15:22:02.742+0000][gc,heap       ] GC(1399) Survivor regions: 2->2(5)
[2025-11-08T15:22:02.743+0000][gc,heap       ] GC(1399) Old regions: 118->118
[2025-11-08T15:22:02.743+0000][gc,heap       ] GC(1399) Humongous regions: 147->147
[2025-11-08T15:22:02.743+0000][gc,metaspace  ] GC(1399) Metaspace: 52304K(55472K)->52304K(55472K) NonClass: 46516K(48304K)->46516K(48304K) Class: 5787K(7168K)->5787K(7168K)
[2025-11-08T15:22:02.744+0000][gc            ] GC(1399) Pause Young (Normal) (G1 Evacuation Pause) 297M->266M(667M) 25.444ms
[2025-11-08T15:22:02.744+0000][gc,cpu        ] GC(1399) User=0.03s Sys=0.00s Real=0.03s
[2025-11-08T15:22:05.210+0000][gc,start      ] GC(1400) Pause Young (Normal) (G1 Evacuation Pause)
[2025-11-08T15:22:05.211+0000][gc,task       ] GC(1400) Using 2 workers of 2 for evacuation
[2025-11-08T15:22:05.225+0000][gc,phases     ] GC(1400)   Pre Evacuate Collection Set: 0.0ms
[2025-11-08T15:22:05.226+0000][gc,phases     ] GC(1400)   Evacuate Collection Set: 11.9ms
[2025-11-08T15:22:05.227+0000][gc,phases     ] GC(1400)   Post Evacuate Collection Set: 1.6ms
[2025-11-08T15:22:05.227+0000][gc,phases     ] GC(1400)   Other: 2.3ms
[2025-11-08T15:22:05.227+0000][gc,heap       ] GC(1400) Eden regions: 31->0(31)
[2025-11-08T15:22:05.228+0000][gc,heap       ] GC(1400) Survivor regions: 2->2(5)
[2025-11-08T15:22:05.228+0000][gc,heap       ] GC(1400) Old regions: 118->118
[2025-11-08T15:22:05.228+0000][gc,heap       ] GC(1400) Humongous regions: 147->147
[2025-11-08T15:22:05.229+0000][gc,metaspace  ] GC(1400) Metaspace: 52304K(55472K)->52304K(55472K) NonClass: 46516K(48304K)->46516K(48304K) Class: 5787K(7168K)->5787K(7168K)
[2025-11-08T15:22:05.229+0000][gc            ] GC(1400) Pause Young (Normal) (G1 Evacuation Pause) 297M->265M(667M) 19.487ms
[2025-11-08T15:22:05.230+0000][gc,cpu        ] GC(1400) User=0.03s Sys=0.00s Real=0.02s
[2025-11-08T15:22:07.912+0000][gc,start      ] GC(1401) Pause Young (Normal) (G1 Evacuation Pause)
[2025-11-08T15:22:07.912+0000][gc,task       ] GC(1401) Using 2 workers of 2 for evacuation
[2025-11-08T15:22:07.933+0000][gc,mmu        ] GC(1401) MMU target violated: 20.5ms (20.0ms/21.0ms)
[2025-11-08T15:22:07.934+0000][gc,phases     ] GC(1401)   Pre Evacuate Collection Set: 0.0ms
[2025-11-08T15:22:07.934+0000][gc,phases     ] GC(1401)   Evacuate Collection Set: 18.7ms
[2025-11-08T15:22:07.935+0000][gc,phases     ] GC(1401)   Post Evacuate Collection Set: 1.5ms
[2025-11-08T15:22:07.935+0000][gc,phases     ] GC(1401)   Other: 1.7ms
[2025-11-08T15:22:07.936+0000][gc,heap       ] GC(1401) Eden regions: 31->0(30)
[2025-11-08T15:22:07.936+0000][gc,heap       ] GC(1401) Survivor regions: 2->3(5)
[2025-11-08T15:22:07.937+0000][gc,heap       ] GC(1401) Old regions: 118->118
[2025-11-08T15:22:07.937+0000][gc,heap       ] GC(1401) Humongous regions: 147->147
[2025-11-08T15:22:07.937+0000][gc,metaspace  ] GC(1401) Metaspace: 52304K(55472K)->52304K(55472K) NonClass: 46516K(48304K)->46516K(48304K) Class: 5787K(7168K)->5787K(7168K)
[2025-11-08T15:22:07.938+0000][gc            ] GC(1401) Pause Young (Normal) (G1 Evacuation Pause) 296M->267M(667M) 26.005ms
[2025-11-08T15:22:07.938+0000][gc,cpu        ] GC(1401) User=0.04s Sys=0.00s Real=0.02s
[2025-11-08T15:22:10.258+0000][gc,start      ] GC(1402) Pause Young (Normal) (G1 Evacuation Pause)
[2025-11-08T15:22:10.259+0000][gc,task       ] GC(1402) Using 2 workers of 2 for evacuation
[2025-11-08T15:22:10.279+0000][gc,phases     ] GC(1402)   Pre Evacuate Collection Set: 0.0ms
[2025-11-08T15:22:10.280+0000][gc,phases     ] GC(1402)   Evacuate Collection Set: 17.2ms
[2025-11-08T15:22:10.280+0000][gc,phases     ] GC(1402)   Post Evacuate Collection Set: 2.5ms
[2025-11-08T15:22:10.281+0000][gc,phases     ] GC(1402)   Other: 1.2ms
[2025-11-08T15:22:10.282+0000][gc,heap       ] GC(1402) Eden regions: 30->0(30)
[2025-11-08T15:22:10.282+0000][gc,heap       ] GC(1402) Survivor regions: 3->3(5)
[2025-11-08T15:22:10.283+0000][gc,heap       ] GC(1402) Old regions: 118->118
[2025-11-08T15:22:10.283+0000][gc,heap       ] GC(1402) Humongous regions: 147->147
[2025-11-08T15:22:10.283+0000][gc,metaspace  ] GC(1402) Metaspace: 52304K(55472K)->52304K(55472K) NonClass: 46517K(48304K)->46517K(48304K) Class: 5787K(7168K)->5787K(7168K)
[2025-11-08T15:22:10.284+0000][gc            ] GC(1402) Pause Young (Normal) (G1 Evacuation Pause) 297M->267M(667M) 25.440ms
[2025-11-08T15:22:10.284+0000][gc,cpu        ] GC(1402) User=0.04s Sys=0.00s Real=0.03s
[2025-11-08T15:22:12.720+0000][gc,start      ] GC(1403) Pause Young (Normal) (G1 Evacuation Pause)
[2025-11-08T15:22:12.721+0000][gc,task       ] GC(1403) Using 2 workers of 2 for evacuation
[2025-11-08T15:22:12.738+0000][gc,phases     ] GC(1403)   Pre Evacuate Collection Set: 0.0ms
[2025-11-08T15:22:12.739+0000][gc,phases     ] GC(1403)   Evacuate Collection Set: 15.5ms
[2025-11-08T15:22:12.740+0000][gc,phases     ] GC(1403)   Post Evacuate Collection Set: 1.5ms
[2025-11-08T15:22:12.741+0000][gc,phases     ] GC(1403)   Other: 1.5ms
[2025-11-08T15:22:12.741+0000][gc,heap       ] GC(1403) Eden regions: 30->0(31)
[2025-11-08T15:22:12.741+0000][gc,heap       ] GC(1403) Survivor regions: 3->2(5)
[2025-11-08T15:22:12.742+0000][gc,heap       ] GC(1403) Old regions: 118->118
[2025-11-08T15:22:12.743+0000][gc,heap       ] GC(1403) Humongous regions: 147->147
[2025-11-08T15:22:12.743+0000][gc,metaspace  ] GC(1403) Metaspace: 52304K(55472K)->52304K(55472K) NonClass: 46517K(48304K)->46517K(48304K) Class: 5787K(7168K)->5787K(7168K)
[2025-11-08T15:22:12.744+0000][gc            ] GC(1403) Pause Young (Normal) (G1 Evacuation Pause) 297M->266M(667M) 23.905ms
[2025-11-08T15:22:12.744+0000][gc,cpu        ] GC(1403) User=0.03s Sys=0.00s Real=0.03s
[2025-11-08T15:22:15.052+0000][gc,start      ] GC(1404) Pause Young (Normal) (G1 Evacuation Pause)
[2025-11-08T15:22:15.052+0000][gc,task       ] GC(1404) Using 2 workers of 2 for evacuation
[2025-11-08T15:22:15.071+0000][gc,phases     ] GC(1404)   Pre Evacuate Collection Set: 0.0ms
[2025-11-08T15:22:15.071+0000][gc,phases     ] GC(1404)   Evacuate Collection Set: 14.7ms
[2025-11-08T15:22:15.073+0000][gc,phases     ] GC(1404)   Post Evacuate Collection Set: 2.9ms
[2025-11-08T15:22:15.074+0000][gc,phases     ] GC(1404)   Other: 1.3ms
[2025-11-08T15:22:15.074+0000][gc,heap       ] GC(1404) Eden regions: 31->0(31)
[2025-11-08T15:22:15.075+0000][gc,heap       ] GC(1404) Survivor regions: 2->2(5)
[2025-11-08T15:22:15.076+0000][gc,heap       ] GC(1404) Old regions: 118->118
[2025-11-08T15:22:15.076+0000][gc,heap       ] GC(1404) Humongous regions: 147->147
[2025-11-08T15:22:15.077+0000][gc,metaspace  ] GC(1404) Metaspace: 52304K(55472K)->52304K(55472K) NonClass: 46517K(48304K)->46517K(48304K) Class: 5787K(7168K)->5787K(7168K)
[2025-11-08T15:22:15.077+0000][gc            ] GC(1404) Pause Young (Normal) (G1 Evacuation Pause) 297M->266M(667M) 25.405ms
[2025-11-08T15:22:15.078+0000][gc,cpu        ] GC(1404) User=0.03s Sys=0.00s Real=0.02s
[2025-11-08T15:22:17.442+0000][gc,start      ] GC(1405) Pause Young (Normal) (G1 Evacuation Pause)
[2025-11-08T15:22:17.443+0000][gc,task       ] GC(1405) Using 2 workers of 2 for evacuation
[2025-11-08T15:22:17.462+0000][gc,phases     ] GC(1405)   Pre Evacuate Collection Set: 0.0ms
[2025-11-08T15:22:17.464+0000][gc,phases     ] GC(1405)   Evacuate Collection Set: 15.3ms
[2025-11-08T15:22:17.464+0000][gc,phases     ] GC(1405)   Post Evacuate Collection Set: 2.8ms
[2025-11-08T15:22:17.465+0000][gc,phases     ] GC(1405)   Other: 2.0ms
[2025-11-08T15:22:17.465+0000][gc,heap       ] GC(1405) Eden regions: 31->0(31)
[2025-11-08T15:22:17.467+0000][gc,heap       ] GC(1405) Survivor regions: 2->2(5)
[2025-11-08T15:22:17.468+0000][gc,heap       ] GC(1405) Old regions: 118->118
[2025-11-08T15:22:17.468+0000][gc,heap       ] GC(1405) Humongous regions: 147->147
[2025-11-08T15:22:17.469+0000][gc,metaspace  ] GC(1405) Metaspace: 52304K(55472K)->52304K(55472K) NonClass: 46517K(48304K)->46517K(48304K) Class: 5787K(7168K)->5787K(7168K)
[2025-11-08T15:22:17.469+0000][gc            ] GC(1405) Pause Young (Normal) (G1 Evacuation Pause) 297M->265M(667M) 27.181ms
[2025-11-08T15:22:17.471+0000][gc,cpu        ] GC(1405) User=0.04s Sys=0.00s Real=0.03s
[2025-11-08T15:22:20.053+0000][gc,start      ] GC(1406) Pause Young (Normal) (G1 Evacuation Pause)
[2025-11-08T15:22:20.057+0000][gc,task       ] GC(1406) Using 2 workers of 2 for evacuation
[2025-11-08T15:22:20.082+0000][gc,mmu        ] GC(1406) MMU target violated: 21.0ms (20.0ms/21.0ms)
[2025-11-08T15:22:20.082+0000][gc,phases     ] GC(1406)   Pre Evacuate Collection Set: 0.0ms
[2025-11-08T15:22:20.084+0000][gc,phases     ] GC(1406)   Evacuate Collection Set: 22.3ms
[2025-11-08T15:22:20.084+0000][gc,phases     ] GC(1406)   Post Evacuate Collection Set: 1.2ms
[2025-11-08T15:22:20.084+0000][gc,phases     ] GC(1406)   Other: 6.3ms
[2025-11-08T15:22:20.085+0000][gc,heap       ] GC(1406) Eden regions: 31->0(30)
[2025-11-08T15:22:20.089+0000][gc,heap       ] GC(1406) Survivor regions: 2->3(5)
[2025-11-08T15:22:20.090+0000][gc,heap       ] GC(1406) Old regions: 118->118
[2025-11-08T15:22:20.090+0000][gc,heap       ] GC(1406) Humongous regions: 147->147
[2025-11-08T15:22:20.091+0000][gc,metaspace  ] GC(1406) Metaspace: 52304K(55472K)->52304K(55472K) NonClass: 46517K(48304K)->46517K(48304K) Class: 5787K(7168K)->5787K(7168K)
[2025-11-08T15:22:20.092+0000][gc            ] GC(1406) Pause Young (Normal) (G1 Evacuation Pause) 296M->267M(667M) 38.874ms
[2025-11-08T15:22:20.092+0000][gc,cpu        ] GC(1406) User=0.04s Sys=0.00s Real=0.04s
[2025-11-08T15:22:22.533+0000][gc,start      ] GC(1407) Pause Young (Normal) (G1 Evacuation Pause)
[2025-11-08T15:22:22.533+0000][gc,task       ] GC(1407) Using 2 workers of 2 for evacuation
[2025-11-08T15:22:22.560+0000][gc,mmu        ] GC(1407) MMU target violated: 21.0ms (20.0ms/21.0ms)
[2025-11-08T15:22:22.560+0000][gc,phases     ] GC(1407)   Pre Evacuate Collection Set: 0.0ms
[2025-11-08T15:22:22.561+0000][gc,phases     ] GC(1407)   Evacuate Collection Set: 23.0ms
[2025-11-08T15:22:22.562+0000][gc,phases     ] GC(1407)   Post Evacuate Collection Set: 2.0ms
[2025-11-08T15:22:22.562+0000][gc,phases     ] GC(1407)   Other: 2.8ms
[2025-11-08T15:22:22.563+0000][gc,heap       ] GC(1407) Eden regions: 30->0(30)
[2025-11-08T15:22:22.563+0000][gc,heap       ] GC(1407) Survivor regions: 3->3(5)
[2025-11-08T15:22:22.563+0000][gc,heap       ] GC(1407) Old regions: 118->119
[2025-11-08T15:22:22.564+0000][gc,heap       ] GC(1407) Humongous regions: 147->147
[2025-11-08T15:22:22.564+0000][gc,metaspace  ] GC(1407) Metaspace: 52304K(55472K)->52304K(55472K) NonClass: 46517K(48304K)->46517K(48304K) Class: 5787K(7168K)->5787K(7168K)
[2025-11-08T15:22:22.565+0000][gc            ] GC(1407) Pause Young (Normal) (G1 Evacuation Pause) 297M->267M(667M) 32.384ms
[2025-11-08T15:22:22.566+0000][gc,cpu        ] GC(1407) User=0.05s Sys=0.00s Real=0.03s
[2025-11-08T15:22:24.867+0000][gc,start      ] GC(1408) Pause Young (Normal) (G1 Evacuation Pause)
[2025-11-08T15:22:24.867+0000][gc,task       ] GC(1408) Using 2 workers of 2 for evacuation
[2025-11-08T15:22:24.890+0000][gc,mmu        ] GC(1408) MMU target violated: 21.0ms (20.0ms/21.0ms)
[2025-11-08T15:22:24.891+0000][gc,phases     ] GC(1408)   Pre Evacuate Collection Set: 0.0ms
[2025-11-08T15:22:24.892+0000][gc,phases     ] GC(1408)   Evacuate Collection Set: 17.4ms
[2025-11-08T15:22:24.892+0000][gc,phases     ] GC(1408)   Post Evacuate Collection Set: 4.9ms
[2025-11-08T15:22:24.892+0000][gc,phases     ] GC(1408)   Other: 2.1ms
[2025-11-08T15:22:24.893+0000][gc,heap       ] GC(1408) Eden regions: 30->0(31)
[2025-11-08T15:22:24.893+0000][gc,heap       ] GC(1408) Survivor regions: 3->2(5)
[2025-11-08T15:22:24.894+0000][gc,heap       ] GC(1408) Old regions: 119->119
[2025-11-08T15:22:24.894+0000][gc,heap       ] GC(1408) Humongous regions: 147->147
[2025-11-08T15:22:24.895+0000][gc,metaspace  ] GC(1408) Metaspace: 52304K(55472K)->52304K(55472K) NonClass: 46517K(48304K)->46517K(48304K) Class: 5787K(7168K)->5787K(7168K)
[2025-11-08T15:22:24.896+0000][gc            ] GC(1408) Pause Young (Normal) (G1 Evacuation Pause) 297M->266M(667M) 29.664ms
[2025-11-08T15:22:24.897+0000][gc,cpu        ] GC(1408) User=0.03s Sys=0.00s Real=0.03s
[2025-11-08T15:22:27.283+0000][gc,start      ] GC(1409) Pause Young (Normal) (G1 Evacuation Pause)
[2025-11-08T15:22:27.287+0000][gc,task       ] GC(1409) Using 2 workers of 2 for evacuation
[2025-11-08T15:22:27.310+0000][gc,mmu        ] GC(1409) MMU target violated: 21.0ms (20.0ms/21.0ms)
[2025-11-08T15:22:27.311+0000][gc,phases     ] GC(1409)   Pre Evacuate Collection Set: 0.0ms
[2025-11-08T15:22:27.312+0000][gc,phases     ] GC(1409)   Evacuate Collection Set: 19.4ms
[2025-11-08T15:22:27.312+0000][gc,phases     ] GC(1409)   Post Evacuate Collection Set: 1.8ms
[2025-11-08T15:22:27.313+0000][gc,phases     ] GC(1409)   Other: 6.9ms
[2025-11-08T15:22:27.313+0000][gc,heap       ] GC(1409) Eden regions: 31->0(31)
[2025-11-08T15:22:27.314+0000][gc,heap       ] GC(1409) Survivor regions: 2->2(5)
[2025-11-08T15:22:27.314+0000][gc,heap       ] GC(1409) Old regions: 119->119
[2025-11-08T15:22:27.315+0000][gc,heap       ] GC(1409) Humongous regions: 147->147
[2025-11-08T15:22:27.316+0000][gc,metaspace  ] GC(1409) Metaspace: 52304K(55472K)->52304K(55472K) NonClass: 46517K(48304K)->46517K(48304K) Class: 5787K(7168K)->5787K(7168K)
[2025-11-08T15:22:27.316+0000][gc            ] GC(1409) Pause Young (Normal) (G1 Evacuation Pause) 297M->266M(667M) 33.206ms
[2025-11-08T15:22:27.317+0000][gc,cpu        ] GC(1409) User=0.05s Sys=0.00s Real=0.03s
[2025-11-08T15:22:29.668+0000][gc,start      ] GC(1410) Pause Young (Normal) (G1 Evacuation Pause)
[2025-11-08T15:22:29.670+0000][gc,task       ] GC(1410) Using 2 workers of 2 for evacuation
[2025-11-08T15:22:29.695+0000][gc,mmu        ] GC(1410) MMU target violated: 21.0ms (20.0ms/21.0ms)
[2025-11-08T15:22:29.696+0000][gc,phases     ] GC(1410)   Pre Evacuate Collection Set: 0.6ms
[2025-11-08T15:22:29.697+0000][gc,phases     ] GC(1410)   Evacuate Collection Set: 15.7ms
[2025-11-08T15:22:29.698+0000][gc,phases     ] GC(1410)   Post Evacuate Collection Set: 4.9ms
[2025-11-08T15:22:29.699+0000][gc,phases     ] GC(1410)   Other: 6.9ms
[2025-11-08T15:22:29.701+0000][gc,heap       ] GC(1410) Eden regions: 31->0(31)
[2025-11-08T15:22:29.702+0000][gc,heap       ] GC(1410) Survivor regions: 2->2(5)
[2025-11-08T15:22:29.703+0000][gc,heap       ] GC(1410) Old regions: 119->119
[2025-11-08T15:22:29.703+0000][gc,heap       ] GC(1410) Humongous regions: 147->147
[2025-11-08T15:22:29.704+0000][gc,metaspace  ] GC(1410) Metaspace: 52304K(55472K)->52304K(55472K) NonClass: 46517K(48304K)->46517K(48304K) Class: 5787K(7168K)->5787K(7168K)
[2025-11-08T15:22:29.706+0000][gc            ] GC(1410) Pause Young (Normal) (G1 Evacuation Pause) 297M->266M(667M) 38.028ms
[2025-11-08T15:22:29.707+0000][gc,cpu        ] GC(1410) User=0.03s Sys=0.00s Real=0.04s
[2025-11-08T15:22:32.294+0000][gc,start      ] GC(1411) Pause Young (Normal) (G1 Evacuation Pause)
[2025-11-08T15:22:32.294+0000][gc,task       ] GC(1411) Using 2 workers of 2 for evacuation
[2025-11-08T15:22:32.317+0000][gc,mmu        ] GC(1411) MMU target violated: 21.0ms (20.0ms/21.0ms)
[2025-11-08T15:22:32.322+0000][gc,phases     ] GC(1411)   Pre Evacuate Collection Set: 0.0ms
[2025-11-08T15:22:32.323+0000][gc,phases     ] GC(1411)   Evacuate Collection Set: 19.8ms
[2025-11-08T15:22:32.323+0000][gc,phases     ] GC(1411)   Post Evacuate Collection Set: 2.0ms
[2025-11-08T15:22:32.324+0000][gc,phases     ] GC(1411)   Other: 6.6ms
[2025-11-08T15:22:32.324+0000][gc,heap       ] GC(1411) Eden regions: 31->0(30)
[2025-11-08T15:22:32.324+0000][gc,heap       ] GC(1411) Survivor regions: 2->3(5)
[2025-11-08T15:22:32.325+0000][gc,heap       ] GC(1411) Old regions: 119->119
[2025-11-08T15:22:32.325+0000][gc,heap       ] GC(1411) Humongous regions: 147->147
[2025-11-08T15:22:32.325+0000][gc,metaspace  ] GC(1411) Metaspace: 52304K(55472K)->52304K(55472K) NonClass: 46517K(48304K)->46517K(48304K) Class: 5787K(7168K)->5787K(7168K)
[2025-11-08T15:22:32.326+0000][gc            ] GC(1411) Pause Young (Normal) (G1 Evacuation Pause) 297M->268M(667M) 31.778ms
[2025-11-08T15:22:32.326+0000][gc,cpu        ] GC(1411) User=0.04s Sys=0.00s Real=0.03s
[2025-11-08T15:22:34.519+0000][gc,start      ] GC(1412) Pause Young (Normal) (G1 Evacuation Pause)
[2025-11-08T15:22:34.519+0000][gc,task       ] GC(1412) Using 2 workers of 2 for evacuation
[2025-11-08T15:22:34.567+0000][gc,mmu        ] GC(1412) MMU target violated: 21.0ms (20.0ms/21.0ms)
[2025-11-08T15:22:34.567+0000][gc,phases     ] GC(1412)   Pre Evacuate Collection Set: 0.0ms
[2025-11-08T15:22:34.568+0000][gc,phases     ] GC(1412)   Evacuate Collection Set: 45.8ms
[2025-11-08T15:22:34.569+0000][gc,phases     ] GC(1412)   Post Evacuate Collection Set: 1.0ms
[2025-11-08T15:22:34.570+0000][gc,phases     ] GC(1412)   Other: 2.1ms
[2025-11-08T15:22:34.570+0000][gc,heap       ] GC(1412) Eden regions: 30->0(30)
[2025-11-08T15:22:34.570+0000][gc,heap       ] GC(1412) Survivor regions: 3->3(5)
[2025-11-08T15:22:34.571+0000][gc,heap       ] GC(1412) Old regions: 119->119
[2025-11-08T15:22:34.573+0000][gc,heap       ] GC(1412) Humongous regions: 147->147
[2025-11-08T15:22:34.573+0000][gc,metaspace  ] GC(1412) Metaspace: 52304K(55472K)->52304K(55472K) NonClass: 46517K(48304K)->46517K(48304K) Class: 5787K(7168K)->5787K(7168K)
[2025-11-08T15:22:34.573+0000][gc            ] GC(1412) Pause Young (Normal) (G1 Evacuation Pause) 298M->267M(667M) 54.630ms
[2025-11-08T15:22:34.575+0000][gc,cpu        ] GC(1412) User=0.05s Sys=0.00s Real=0.06s
[2025-11-08T15:22:36.753+0000][gc,start      ] GC(1413) Pause Young (Normal) (G1 Evacuation Pause)
[2025-11-08T15:22:36.753+0000][gc,task       ] GC(1413) Using 2 workers of 2 for evacuation
[2025-11-08T15:22:36.768+0000][gc,phases     ] GC(1413)   Pre Evacuate Collection Set: 0.0ms
[2025-11-08T15:22:36.768+0000][gc,phases     ] GC(1413)   Evacuate Collection Set: 12.8ms
[2025-11-08T15:22:36.768+0000][gc,phases     ] GC(1413)   Post Evacuate Collection Set: 1.2ms
[2025-11-08T15:22:36.769+0000][gc,phases     ] GC(1413)   Other: 1.2ms
[2025-11-08T15:22:36.769+0000][gc,heap       ] GC(1413) Eden regions: 30->0(31)
[2025-11-08T15:22:36.769+0000][gc,heap       ] GC(1413) Survivor regions: 3->2(5)
[2025-11-08T15:22:36.770+0000][gc,heap       ] GC(1413) Old regions: 119->119
[2025-11-08T15:22:36.770+0000][gc,heap       ] GC(1413) Humongous regions: 147->147
[2025-11-08T15:22:36.770+0000][gc,metaspace  ] GC(1413) Metaspace: 52304K(55472K)->52304K(55472K) NonClass: 46517K(48304K)->46517K(48304K) Class: 5787K(7168K)->5787K(7168K)
[2025-11-08T15:22:36.771+0000][gc            ] GC(1413) Pause Young (Normal) (G1 Evacuation Pause) 297M->267M(667M) 18.202ms
[2025-11-08T15:22:36.771+0000][gc,cpu        ] GC(1413) User=0.03s Sys=0.00s Real=0.02s
[2025-11-08T15:22:39.003+0000][gc,start      ] GC(1414) Pause Young (Normal) (G1 Evacuation Pause)
[2025-11-08T15:22:39.004+0000][gc,task       ] GC(1414) Using 2 workers of 2 for evacuation
[2025-11-08T15:22:39.024+0000][gc,phases     ] GC(1414)   Pre Evacuate Collection Set: 0.4ms
[2025-11-08T15:22:39.024+0000][gc,phases     ] GC(1414)   Evacuate Collection Set: 17.1ms
[2025-11-08T15:22:39.025+0000][gc,phases     ] GC(1414)   Post Evacuate Collection Set: 2.0ms
[2025-11-08T15:22:39.026+0000][gc,phases     ] GC(1414)   Other: 1.8ms
[2025-11-08T15:22:39.026+0000][gc,heap       ] GC(1414) Eden regions: 31->0(31)
[2025-11-08T15:22:39.027+0000][gc,heap       ] GC(1414) Survivor regions: 2->2(5)
[2025-11-08T15:22:39.028+0000][gc,heap       ] GC(1414) Old regions: 119->119
[2025-11-08T15:22:39.028+0000][gc,heap       ] GC(1414) Humongous regions: 147->147
[2025-11-08T15:22:39.029+0000][gc,metaspace  ] GC(1414) Metaspace: 52304K(55472K)->52304K(55472K) NonClass: 46517K(48304K)->46517K(48304K) Class: 5787K(7168K)->5787K(7168K)
[2025-11-08T15:22:39.030+0000][gc            ] GC(1414) Pause Young (Normal) (G1 Evacuation Pause) 298M->266M(667M) 27.131ms
[2025-11-08T15:22:39.031+0000][gc,cpu        ] GC(1414) User=0.04s Sys=0.00s Real=0.03s
[2025-11-08T15:22:41.553+0000][gc,start      ] GC(1415) Pause Young (Normal) (G1 Evacuation Pause)
[2025-11-08T15:22:41.553+0000][gc,task       ] GC(1415) Using 2 workers of 2 for evacuation
[2025-11-08T15:22:41.571+0000][gc,phases     ] GC(1415)   Pre Evacuate Collection Set: 0.0ms
[2025-11-08T15:22:41.572+0000][gc,phases     ] GC(1415)   Evacuate Collection Set: 13.2ms
[2025-11-08T15:22:41.572+0000][gc,phases     ] GC(1415)   Post Evacuate Collection Set: 1.5ms
[2025-11-08T15:22:41.573+0000][gc,phases     ] GC(1415)   Other: 3.7ms
[2025-11-08T15:22:41.574+0000][gc,heap       ] GC(1415) Eden regions: 31->0(31)
[2025-11-08T15:22:41.574+0000][gc,heap       ] GC(1415) Survivor regions: 2->2(5)
[2025-11-08T15:22:41.575+0000][gc,heap       ] GC(1415) Old regions: 119->119
[2025-11-08T15:22:41.575+0000][gc,heap       ] GC(1415) Humongous regions: 147->147
[2025-11-08T15:22:41.576+0000][gc,metaspace  ] GC(1415) Metaspace: 52304K(55472K)->52304K(55472K) NonClass: 46517K(48304K)->46517K(48304K) Class: 5787K(7168K)->5787K(7168K)
[2025-11-08T15:22:41.576+0000][gc            ] GC(1415) Pause Young (Normal) (G1 Evacuation Pause) 297M->266M(667M) 23.157ms
[2025-11-08T15:22:41.577+0000][gc,cpu        ] GC(1415) User=0.03s Sys=0.00s Real=0.02s
[2025-11-08T15:22:43.983+0000][gc,start      ] GC(1416) Pause Young (Normal) (G1 Evacuation Pause)
[2025-11-08T15:22:43.983+0000][gc,task       ] GC(1416) Using 2 workers of 2 for evacuation
[2025-11-08T15:22:44.002+0000][gc,phases     ] GC(1416)   Pre Evacuate Collection Set: 0.0ms
[2025-11-08T15:22:44.002+0000][gc,phases     ] GC(1416)   Evacuate Collection Set: 16.2ms
[2025-11-08T15:22:44.003+0000][gc,phases     ] GC(1416)   Post Evacuate Collection Set: 1.6ms
[2025-11-08T15:22:44.003+0000][gc,phases     ] GC(1416)   Other: 1.3ms
[2025-11-08T15:22:44.004+0000][gc,heap       ] GC(1416) Eden regions: 31->0(30)
[2025-11-08T15:22:44.004+0000][gc,heap       ] GC(1416) Survivor regions: 2->3(5)
[2025-11-08T15:22:44.004+0000][gc,heap       ] GC(1416) Old regions: 119->119
[2025-11-08T15:22:44.005+0000][gc,heap       ] GC(1416) Humongous regions: 147->147
[2025-11-08T15:22:44.005+0000][gc,metaspace  ] GC(1416) Metaspace: 52304K(55472K)->52304K(55472K) NonClass: 46517K(48304K)->46517K(48304K) Class: 5787K(7168K)->5787K(7168K)
[2025-11-08T15:22:44.006+0000][gc            ] GC(1416) Pause Young (Normal) (G1 Evacuation Pause) 297M->268M(667M) 22.875ms
[2025-11-08T15:22:44.006+0000][gc,cpu        ] GC(1416) User=0.04s Sys=0.00s Real=0.02s
[2025-11-08T15:22:46.352+0000][gc,start      ] GC(1417) Pause Young (Normal) (G1 Evacuation Pause)
[2025-11-08T15:22:46.353+0000][gc,task       ] GC(1417) Using 2 workers of 2 for evacuation
[2025-11-08T15:22:46.375+0000][gc,mmu        ] GC(1417) MMU target violated: 21.0ms (20.0ms/21.0ms)
[2025-11-08T15:22:46.375+0000][gc,phases     ] GC(1417)   Pre Evacuate Collection Set: 0.0ms
[2025-11-08T15:22:46.375+0000][gc,phases     ] GC(1417)   Evacuate Collection Set: 18.9ms
[2025-11-08T15:22:46.376+0000][gc,phases     ] GC(1417)   Post Evacuate Collection Set: 1.9ms
[2025-11-08T15:22:46.377+0000][gc,phases     ] GC(1417)   Other: 2.4ms
[2025-11-08T15:22:46.377+0000][gc,heap       ] GC(1417) Eden regions: 30->0(30)
[2025-11-08T15:22:46.378+0000][gc,heap       ] GC(1417) Survivor regions: 3->3(5)
[2025-11-08T15:22:46.378+0000][gc,heap       ] GC(1417) Old regions: 119->119
[2025-11-08T15:22:46.378+0000][gc,heap       ] GC(1417) Humongous regions: 147->147
[2025-11-08T15:22:46.379+0000][gc,metaspace  ] GC(1417) Metaspace: 52304K(55472K)->52304K(55472K) NonClass: 46517K(48304K)->46517K(48304K) Class: 5787K(7168K)->5787K(7168K)
[2025-11-08T15:22:46.379+0000][gc            ] GC(1417) Pause Young (Normal) (G1 Evacuation Pause) 298M->268M(667M) 27.416ms
[2025-11-08T15:22:46.380+0000][gc,cpu        ] GC(1417) User=0.04s Sys=0.00s Real=0.02s
[2025-11-08T15:22:48.876+0000][gc,start      ] GC(1418) Pause Young (Normal) (G1 Evacuation Pause)
[2025-11-08T15:22:48.882+0000][gc,task       ] GC(1418) Using 2 workers of 2 for evacuation
[2025-11-08T15:22:48.904+0000][gc,mmu        ] GC(1418) MMU target violated: 21.0ms (20.0ms/21.0ms)
[2025-11-08T15:22:48.905+0000][gc,phases     ] GC(1418)   Pre Evacuate Collection Set: 0.0ms
[2025-11-08T15:22:48.907+0000][gc,phases     ] GC(1418)   Evacuate Collection Set: 16.8ms
[2025-11-08T15:22:48.908+0000][gc,phases     ] GC(1418)   Post Evacuate Collection Set: 4.9ms
[2025-11-08T15:22:48.909+0000][gc,phases     ] GC(1418)   Other: 7.1ms
[2025-11-08T15:22:48.910+0000][gc,heap       ] GC(1418) Eden regions: 30->0(31)
[2025-11-08T15:22:48.911+0000][gc,heap       ] GC(1418) Survivor regions: 3->2(5)
[2025-11-08T15:22:48.912+0000][gc,heap       ] GC(1418) Old regions: 119->119
[2025-11-08T15:22:48.913+0000][gc,heap       ] GC(1418) Humongous regions: 147->147
[2025-11-08T15:22:48.913+0000][gc,metaspace  ] GC(1418) Metaspace: 52304K(55472K)->52304K(55472K) NonClass: 46517K(48304K)->46517K(48304K) Class: 5787K(7168K)->5787K(7168K)
[2025-11-08T15:22:48.914+0000][gc            ] GC(1418) Pause Young (Normal) (G1 Evacuation Pause) 298M->267M(667M) 37.999ms
[2025-11-08T15:22:48.915+0000][gc,cpu        ] GC(1418) User=0.04s Sys=0.00s Real=0.04s
[2025-11-08T15:22:51.276+0000][gc,start      ] GC(1419) Pause Young (Normal) (G1 Evacuation Pause)
[2025-11-08T15:22:51.276+0000][gc,task       ] GC(1419) Using 2 workers of 2 for evacuation
[2025-11-08T15:22:51.296+0000][gc,phases     ] GC(1419)   Pre Evacuate Collection Set: 0.0ms
[2025-11-08T15:22:51.296+0000][gc,phases     ] GC(1419)   Evacuate Collection Set: 16.7ms
[2025-11-08T15:22:51.296+0000][gc,phases     ] GC(1419)   Post Evacuate Collection Set: 1.4ms
[2025-11-08T15:22:51.297+0000][gc,phases     ] GC(1419)   Other: 1.7ms
[2025-11-08T15:22:51.297+0000][gc,heap       ] GC(1419) Eden regions: 31->0(31)
[2025-11-08T15:22:51.297+0000][gc,heap       ] GC(1419) Survivor regions: 2->2(5)
[2025-11-08T15:22:51.298+0000][gc,heap       ] GC(1419) Old regions: 119->119
[2025-11-08T15:22:51.298+0000][gc,heap       ] GC(1419) Humongous regions: 147->147
[2025-11-08T15:22:51.299+0000][gc,metaspace  ] GC(1419) Metaspace: 52304K(55472K)->52304K(55472K) NonClass: 46517K(48304K)->46517K(48304K) Class: 5787K(7168K)->5787K(7168K)
[2025-11-08T15:22:51.299+0000][gc            ] GC(1419) Pause Young (Normal) (G1 Evacuation Pause) 298M->267M(667M) 23.121ms
[2025-11-08T15:22:51.299+0000][gc,cpu        ] GC(1419) User=0.04s Sys=0.00s Real=0.02s
[2025-11-08T15:22:53.632+0000][gc,start      ] GC(1420) Pause Young (Normal) (G1 Evacuation Pause)
[2025-11-08T15:22:53.632+0000][gc,task       ] GC(1420) Using 2 workers of 2 for evacuation
[2025-11-08T15:22:53.648+0000][gc,phases     ] GC(1420)   Pre Evacuate Collection Set: 0.0ms
[2025-11-08T15:22:53.649+0000][gc,phases     ] GC(1420)   Evacuate Collection Set: 13.6ms
[2025-11-08T15:22:53.650+0000][gc,phases     ] GC(1420)   Post Evacuate Collection Set: 1.7ms
[2025-11-08T15:22:53.650+0000][gc,phases     ] GC(1420)   Other: 1.3ms
[2025-11-08T15:22:53.651+0000][gc,heap       ] GC(1420) Eden regions: 31->0(31)
[2025-11-08T15:22:53.651+0000][gc,heap       ] GC(1420) Survivor regions: 2->2(5)
[2025-11-08T15:22:53.652+0000][gc,heap       ] GC(1420) Old regions: 119->119
[2025-11-08T15:22:53.653+0000][gc,heap       ] GC(1420) Humongous regions: 147->147
[2025-11-08T15:22:53.653+0000][gc,metaspace  ] GC(1420) Metaspace: 52304K(55472K)->52304K(55472K) NonClass: 46517K(48304K)->46517K(48304K) Class: 5787K(7168K)->5787K(7168K)
[2025-11-08T15:22:53.654+0000][gc            ] GC(1420) Pause Young (Normal) (G1 Evacuation Pause) 298M->267M(667M) 21.809ms
[2025-11-08T15:22:53.654+0000][gc,cpu        ] GC(1420) User=0.04s Sys=0.00s Real=0.02s
[2025-11-08T15:22:55.972+0000][gc,start      ] GC(1421) Pause Young (Normal) (G1 Evacuation Pause)
[2025-11-08T15:22:55.974+0000][gc,task       ] GC(1421) Using 2 workers of 2 for evacuation
[2025-11-08T15:22:55.991+0000][gc,phases     ] GC(1421)   Pre Evacuate Collection Set: 0.0ms
[2025-11-08T15:22:55.992+0000][gc,phases     ] GC(1421)   Evacuate Collection Set: 15.5ms
[2025-11-08T15:22:55.992+0000][gc,phases     ] GC(1421)   Post Evacuate Collection Set: 1.5ms
[2025-11-08T15:22:55.993+0000][gc,phases     ] GC(1421)   Other: 2.5ms
[2025-11-08T15:22:55.993+0000][gc,heap       ] GC(1421) Eden regions: 31->0(30)
[2025-11-08T15:22:55.993+0000][gc,heap       ] GC(1421) Survivor regions: 2->3(5)
[2025-11-08T15:22:55.993+0000][gc,heap       ] GC(1421) Old regions: 119->119
[2025-11-08T15:22:55.994+0000][gc,heap       ] GC(1421) Humongous regions: 147->147
[2025-11-08T15:22:55.994+0000][gc,metaspace  ] GC(1421) Metaspace: 52304K(55472K)->52304K(55472K) NonClass: 46517K(48304K)->46517K(48304K) Class: 5787K(7168K)->5787K(7168K)
[2025-11-08T15:22:55.994+0000][gc            ] GC(1421) Pause Young (Normal) (G1 Evacuation Pause) 298M->268M(667M) 22.480ms
[2025-11-08T15:22:55.995+0000][gc,cpu        ] GC(1421) User=0.03s Sys=0.00s Real=0.02s
[2025-11-08T15:22:58.362+0000][gc,start      ] GC(1422) Pause Young (Normal) (G1 Evacuation Pause)
[2025-11-08T15:22:58.362+0000][gc,task       ] GC(1422) Using 2 workers of 2 for evacuation
[2025-11-08T15:22:58.383+0000][gc,phases     ] GC(1422)   Pre Evacuate Collection Set: 0.0ms
[2025-11-08T15:22:58.383+0000][gc,phases     ] GC(1422)   Evacuate Collection Set: 17.8ms
[2025-11-08T15:22:58.384+0000][gc,phases     ] GC(1422)   Post Evacuate Collection Set: 1.8ms
[2025-11-08T15:22:58.386+0000][gc,phases     ] GC(1422)   Other: 1.4ms
[2025-11-08T15:22:58.386+0000][gc,heap       ] GC(1422) Eden regions: 30->0(31)
[2025-11-08T15:22:58.386+0000][gc,heap       ] GC(1422) Survivor regions: 3->3(5)
[2025-11-08T15:22:58.387+0000][gc,heap       ] GC(1422) Old regions: 119->120
[2025-11-08T15:22:58.388+0000][gc,heap       ] GC(1422) Humongous regions: 147->147
[2025-11-08T15:22:58.389+0000][gc,metaspace  ] GC(1422) Metaspace: 52304K(55472K)->52304K(55472K) NonClass: 46517K(48304K)->46517K(48304K) Class: 5787K(7168K)->5787K(7168K)
[2025-11-08T15:22:58.390+0000][gc            ] GC(1422) Pause Young (Normal) (G1 Evacuation Pause) 298M->268M(667M) 27.866ms
[2025-11-08T15:22:58.390+0000][gc,cpu        ] GC(1422) User=0.04s Sys=0.00s Real=0.02s
[2025-11-08T15:23:00.682+0000][gc,start      ] GC(1423) Pause Young (Normal) (G1 Evacuation Pause)
[2025-11-08T15:23:00.683+0000][gc,task       ] GC(1423) Using 2 workers of 2 for evacuation
[2025-11-08T15:23:00.701+0000][gc,phases     ] GC(1423)   Pre Evacuate Collection Set: 0.2ms
[2025-11-08T15:23:00.701+0000][gc,phases     ] GC(1423)   Evacuate Collection Set: 15.7ms
[2025-11-08T15:23:00.702+0000][gc,phases     ] GC(1423)   Post Evacuate Collection Set: 1.6ms
[2025-11-08T15:23:00.702+0000][gc,phases     ] GC(1423)   Other: 1.2ms
[2025-11-08T15:23:00.703+0000][gc,heap       ] GC(1423) Eden regions: 31->0(31)
[2025-11-08T15:23:00.703+0000][gc,heap       ] GC(1423) Survivor regions: 3->2(5)
[2025-11-08T15:23:00.704+0000][gc,heap       ] GC(1423) Old regions: 120->120
[2025-11-08T15:23:00.705+0000][gc,heap       ] GC(1423) Humongous regions: 147->147
[2025-11-08T15:23:00.705+0000][gc,metaspace  ] GC(1423) Metaspace: 52304K(55472K)->52304K(55472K) NonClass: 46517K(48304K)->46517K(48304K) Class: 5787K(7168K)->5787K(7168K)
[2025-11-08T15:23:00.706+0000][gc            ] GC(1423) Pause Young (Normal) (G1 Evacuation Pause) 299M->268M(667M) 23.593ms
[2025-11-08T15:23:00.707+0000][gc,cpu        ] GC(1423) User=0.04s Sys=0.00s Real=0.02s
[2025-11-08T15:23:03.336+0000][gc,start      ] GC(1424) Pause Young (Normal) (G1 Evacuation Pause)
[2025-11-08T15:23:03.336+0000][gc,task       ] GC(1424) Using 2 workers of 2 for evacuation
[2025-11-08T15:23:03.357+0000][gc,phases     ] GC(1424)   Pre Evacuate Collection Set: 0.1ms
[2025-11-08T15:23:03.357+0000][gc,phases     ] GC(1424)   Evacuate Collection Set: 16.9ms
[2025-11-08T15:23:03.359+0000][gc,phases     ] GC(1424)   Post Evacuate Collection Set: 2.4ms
[2025-11-08T15:23:03.360+0000][gc,phases     ] GC(1424)   Other: 1.7ms
[2025-11-08T15:23:03.361+0000][gc,heap       ] GC(1424) Eden regions: 31->0(31)
[2025-11-08T15:23:03.361+0000][gc,heap       ] GC(1424) Survivor regions: 2->2(5)
[2025-11-08T15:23:03.362+0000][gc,heap       ] GC(1424) Old regions: 120->120
[2025-11-08T15:23:03.363+0000][gc,heap       ] GC(1424) Humongous regions: 147->147
[2025-11-08T15:23:03.364+0000][gc,metaspace  ] GC(1424) Metaspace: 52304K(55472K)->52304K(55472K) NonClass: 46517K(48304K)->46517K(48304K) Class: 5787K(7168K)->5787K(7168K)
[2025-11-08T15:23:03.365+0000][gc            ] GC(1424) Pause Young (Normal) (G1 Evacuation Pause) 299M->267M(667M) 28.922ms
[2025-11-08T15:23:03.367+0000][gc,cpu        ] GC(1424) User=0.04s Sys=0.00s Real=0.03s
[2025-11-08T15:23:05.829+0000][gc,start      ] GC(1425) Pause Young (Normal) (G1 Evacuation Pause)
[2025-11-08T15:23:05.830+0000][gc,task       ] GC(1425) Using 2 workers of 2 for evacuation
[2025-11-08T15:23:05.847+0000][gc,phases     ] GC(1425)   Pre Evacuate Collection Set: 0.0ms
[2025-11-08T15:23:05.847+0000][gc,phases     ] GC(1425)   Evacuate Collection Set: 14.1ms
[2025-11-08T15:23:05.847+0000][gc,phases     ] GC(1425)   Post Evacuate Collection Set: 1.7ms
[2025-11-08T15:23:05.849+0000][gc,phases     ] GC(1425)   Other: 1.5ms
[2025-11-08T15:23:05.849+0000][gc,heap       ] GC(1425) Eden regions: 31->0(32)
[2025-11-08T15:23:05.850+0000][gc,heap       ] GC(1425) Survivor regions: 2->2(5)
[2025-11-08T15:23:05.850+0000][gc,heap       ] GC(1425) Old regions: 120->120
[2025-11-08T15:23:05.851+0000][gc,heap       ] GC(1425) Humongous regions: 147->147
[2025-11-08T15:23:05.851+0000][gc,metaspace  ] GC(1425) Metaspace: 52304K(55472K)->52304K(55472K) NonClass: 46517K(48304K)->46517K(48304K) Class: 5787K(7168K)->5787K(7168K)
[2025-11-08T15:23:05.851+0000][gc            ] GC(1425) Pause Young (Normal) (G1 Evacuation Pause) 298M->267M(667M) 22.002ms
[2025-11-08T15:23:05.852+0000][gc,cpu        ] GC(1425) User=0.03s Sys=0.00s Real=0.03s
[2025-11-08T15:23:08.462+0000][gc,start      ] GC(1426) Pause Young (Normal) (G1 Evacuation Pause)
[2025-11-08T15:23:08.462+0000][gc,task       ] GC(1426) Using 2 workers of 2 for evacuation
[2025-11-08T15:23:08.489+0000][gc,mmu        ] GC(1426) MMU target violated: 21.0ms (20.0ms/21.0ms)
[2025-11-08T15:23:08.492+0000][gc,phases     ] GC(1426)   Pre Evacuate Collection Set: 0.0ms
[2025-11-08T15:23:08.492+0000][gc,phases     ] GC(1426)   Evacuate Collection Set: 23.5ms
[2025-11-08T15:23:08.493+0000][gc,phases     ] GC(1426)   Post Evacuate Collection Set: 2.6ms
[2025-11-08T15:23:08.494+0000][gc,phases     ] GC(1426)   Other: 3.9ms
[2025-11-08T15:23:08.494+0000][gc,heap       ] GC(1426) Eden regions: 31->0(31)
[2025-11-08T15:23:08.495+0000][gc,heap       ] GC(1426) Survivor regions: 2->4(5)
[2025-11-08T15:23:08.496+0000][gc,heap       ] GC(1426) Old regions: 120->120
[2025-11-08T15:23:08.496+0000][gc,heap       ] GC(1426) Humongous regions: 147->147
[2025-11-08T15:23:08.497+0000][gc,metaspace  ] GC(1426) Metaspace: 52304K(55472K)->52304K(55472K) NonClass: 46517K(48304K)->46517K(48304K) Class: 5787K(7168K)->5787K(7168K)
[2025-11-08T15:23:08.497+0000][gc            ] GC(1426) Pause Young (Normal) (G1 Evacuation Pause) 298M->269M(667M) 35.542ms
[2025-11-08T15:23:08.498+0000][gc,cpu        ] GC(1426) User=0.05s Sys=0.00s Real=0.03s
[2025-11-08T15:23:10.665+0000][gc,start      ] GC(1427) Pause Young (Normal) (G1 Evacuation Pause)
[2025-11-08T15:23:10.668+0000][gc,task       ] GC(1427) Using 2 workers of 2 for evacuation
[2025-11-08T15:23:10.700+0000][gc,mmu        ] GC(1427) MMU target violated: 21.0ms (20.0ms/21.0ms)
[2025-11-08T15:23:10.702+0000][gc,phases     ] GC(1427)   Pre Evacuate Collection Set: 0.1ms
[2025-11-08T15:23:10.703+0000][gc,phases     ] GC(1427)   Evacuate Collection Set: 25.8ms
[2025-11-08T15:23:10.704+0000][gc,phases     ] GC(1427)   Post Evacuate Collection Set: 4.4ms
[2025-11-08T15:23:10.705+0000][gc,phases     ] GC(1427)   Other: 7.3ms
[2025-11-08T15:23:10.705+0000][gc,heap       ] GC(1427) Eden regions: 29->0(30)
[2025-11-08T15:23:10.706+0000][gc,heap       ] GC(1427) Survivor regions: 4->3(5)
[2025-11-08T15:23:10.708+0000][gc,heap       ] GC(1427) Old regions: 120->120
[2025-11-08T15:23:10.711+0000][gc,heap       ] GC(1427) Humongous regions: 147->147
[2025-11-08T15:23:10.712+0000][gc,metaspace  ] GC(1427) Metaspace: 52304K(55472K)->52304K(55472K) NonClass: 46517K(48304K)->46517K(48304K) Class: 5787K(7168K)->5787K(7168K)
[2025-11-08T15:23:10.713+0000][gc            ] GC(1427) Pause Young (Normal) (G1 Evacuation Pause) 298M->268M(667M) 47.758ms
[2025-11-08T15:23:10.714+0000][gc,cpu        ] GC(1427) User=0.06s Sys=0.00s Real=0.05s
[2025-11-08T15:23:13.192+0000][gc,start      ] GC(1428) Pause Young (Normal) (G1 Evacuation Pause)
[2025-11-08T15:23:13.193+0000][gc,task       ] GC(1428) Using 2 workers of 2 for evacuation
[2025-11-08T15:23:13.209+0000][gc,phases     ] GC(1428)   Pre Evacuate Collection Set: 0.0ms
[2025-11-08T15:23:13.210+0000][gc,phases     ] GC(1428)   Evacuate Collection Set: 14.2ms
[2025-11-08T15:23:13.210+0000][gc,phases     ] GC(1428)   Post Evacuate Collection Set: 1.5ms
[2025-11-08T15:23:13.211+0000][gc,phases     ] GC(1428)   Other: 1.5ms
[2025-11-08T15:23:13.211+0000][gc,heap       ] GC(1428) Eden regions: 30->0(31)
[2025-11-08T15:23:13.211+0000][gc,heap       ] GC(1428) Survivor regions: 3->2(5)
[2025-11-08T15:23:13.212+0000][gc,heap       ] GC(1428) Old regions: 120->120
[2025-11-08T15:23:13.212+0000][gc,heap       ] GC(1428) Humongous regions: 147->147
[2025-11-08T15:23:13.213+0000][gc,metaspace  ] GC(1428) Metaspace: 52304K(55472K)->52304K(55472K) NonClass: 46517K(48304K)->46517K(48304K) Class: 5787K(7168K)->5787K(7168K)
[2025-11-08T15:23:13.213+0000][gc            ] GC(1428) Pause Young (Normal) (G1 Evacuation Pause) 298M->268M(667M) 21.531ms
[2025-11-08T15:23:13.214+0000][gc,cpu        ] GC(1428) User=0.03s Sys=0.00s Real=0.02s
[2025-11-08T15:23:15.472+0000][gc,start      ] GC(1429) Pause Young (Normal) (G1 Evacuation Pause)
[2025-11-08T15:23:15.476+0000][gc,task       ] GC(1429) Using 2 workers of 2 for evacuation
[2025-11-08T15:23:15.498+0000][gc,mmu        ] GC(1429) MMU target violated: 20.9ms (20.0ms/21.0ms)
[2025-11-08T15:23:15.498+0000][gc,phases     ] GC(1429)   Pre Evacuate Collection Set: 0.1ms
[2025-11-08T15:23:15.500+0000][gc,phases     ] GC(1429)   Evacuate Collection Set: 16.8ms
[2025-11-08T15:23:15.501+0000][gc,phases     ] GC(1429)   Post Evacuate Collection Set: 3.8ms
[2025-11-08T15:23:15.502+0000][gc,phases     ] GC(1429)   Other: 5.9ms
[2025-11-08T15:23:15.502+0000][gc,heap       ] GC(1429) Eden regions: 31->0(31)
[2025-11-08T15:23:15.502+0000][gc,heap       ] GC(1429) Survivor regions: 2->2(5)
[2025-11-08T15:23:15.503+0000][gc,heap       ] GC(1429) Old regions: 120->120
[2025-11-08T15:23:15.503+0000][gc,heap       ] GC(1429) Humongous regions: 147->147
[2025-11-08T15:23:15.504+0000][gc,metaspace  ] GC(1429) Metaspace: 52304K(55472K)->52304K(55472K) NonClass: 46517K(48304K)->46517K(48304K) Class: 5787K(7168K)->5787K(7168K)
[2025-11-08T15:23:15.504+0000][gc            ] GC(1429) Pause Young (Normal) (G1 Evacuation Pause) 299M->268M(667M) 32.221ms
[2025-11-08T15:23:15.505+0000][gc,cpu        ] GC(1429) User=0.04s Sys=0.00s Real=0.03s
[2025-11-08T15:23:17.819+0000][gc,start      ] GC(1430) Pause Young (Normal) (G1 Evacuation Pause)
[2025-11-08T15:23:17.820+0000][gc,task       ] GC(1430) Using 2 workers of 2 for evacuation
[2025-11-08T15:23:17.835+0000][gc,phases     ] GC(1430)   Pre Evacuate Collection Set: 0.0ms
[2025-11-08T15:23:17.836+0000][gc,phases     ] GC(1430)   Evacuate Collection Set: 13.5ms
[2025-11-08T15:23:17.836+0000][gc,phases     ] GC(1430)   Post Evacuate Collection Set: 1.6ms
[2025-11-08T15:23:17.837+0000][gc,phases     ] GC(1430)   Other: 1.3ms
[2025-11-08T15:23:17.837+0000][gc,heap       ] GC(1430) Eden regions: 31->0(32)
[2025-11-08T15:23:17.837+0000][gc,heap       ] GC(1430) Survivor regions: 2->1(5)
[2025-11-08T15:23:17.838+0000][gc,heap       ] GC(1430) Old regions: 120->120
[2025-11-08T15:23:17.838+0000][gc,heap       ] GC(1430) Humongous regions: 147->147
[2025-11-08T15:23:17.839+0000][gc,metaspace  ] GC(1430) Metaspace: 52304K(55472K)->52304K(55472K) NonClass: 46517K(48304K)->46517K(48304K) Class: 5787K(7168K)->5787K(7168K)
[2025-11-08T15:23:17.839+0000][gc            ] GC(1430) Pause Young (Normal) (G1 Evacuation Pause) 299M->267M(667M) 19.950ms
[2025-11-08T15:23:17.840+0000][gc,cpu        ] GC(1430) User=0.03s Sys=0.00s Real=0.02s
[2025-11-08T15:23:20.548+0000][gc,start      ] GC(1431) Pause Young (Normal) (G1 Evacuation Pause)
[2025-11-08T15:23:20.549+0000][gc,task       ] GC(1431) Using 2 workers of 2 for evacuation
[2025-11-08T15:23:20.566+0000][gc,phases     ] GC(1431)   Pre Evacuate Collection Set: 0.0ms
[2025-11-08T15:23:20.566+0000][gc,phases     ] GC(1431)   Evacuate Collection Set: 14.7ms
[2025-11-08T15:23:20.567+0000][gc,phases     ] GC(1431)   Post Evacuate Collection Set: 1.3ms
[2025-11-08T15:23:20.567+0000][gc,phases     ] GC(1431)   Other: 1.7ms
[2025-11-08T15:23:20.567+0000][gc,heap       ] GC(1431) Eden regions: 32->0(31)
[2025-11-08T15:23:20.568+0000][gc,heap       ] GC(1431) Survivor regions: 1->3(5)
[2025-11-08T15:23:20.568+0000][gc,heap       ] GC(1431) Old regions: 120->120
[2025-11-08T15:23:20.569+0000][gc,heap       ] GC(1431) Humongous regions: 147->147
[2025-11-08T15:23:20.569+0000][gc,metaspace  ] GC(1431) Metaspace: 52304K(55472K)->52304K(55472K) NonClass: 46517K(48304K)->46517K(48304K) Class: 5787K(7168K)->5787K(7168K)
[2025-11-08T15:23:20.570+0000][gc            ] GC(1431) Pause Young (Normal) (G1 Evacuation Pause) 299M->269M(667M) 21.377ms
[2025-11-08T15:23:20.570+0000][gc,cpu        ] GC(1431) User=0.03s Sys=0.00s Real=0.02s
[2025-11-08T15:23:22.855+0000][gc,start      ] GC(1432) Pause Young (Normal) (G1 Evacuation Pause)
[2025-11-08T15:23:22.859+0000][gc,task       ] GC(1432) Using 2 workers of 2 for evacuation
[2025-11-08T15:23:22.882+0000][gc,phases     ] GC(1432)   Pre Evacuate Collection Set: 0.3ms
[2025-11-08T15:23:22.882+0000][gc,phases     ] GC(1432)   Evacuate Collection Set: 17.4ms
[2025-11-08T15:23:22.882+0000][gc,phases     ] GC(1432)   Post Evacuate Collection Set: 1.6ms
[2025-11-08T15:23:22.882+0000][gc,phases     ] GC(1432)   Other: 7.6ms
[2025-11-08T15:23:22.883+0000][gc,heap       ] GC(1432) Eden regions: 30->0(31)
[2025-11-08T15:23:22.883+0000][gc,heap       ] GC(1432) Survivor regions: 3->3(5)
[2025-11-08T15:23:22.883+0000][gc,heap       ] GC(1432) Old regions: 120->121
[2025-11-08T15:23:22.883+0000][gc,heap       ] GC(1432) Humongous regions: 147->147
[2025-11-08T15:23:22.884+0000][gc,metaspace  ] GC(1432) Metaspace: 52304K(55472K)->52304K(55472K) NonClass: 46517K(48304K)->46517K(48304K) Class: 5787K(7168K)->5787K(7168K)
[2025-11-08T15:23:22.884+0000][gc            ] GC(1432) Pause Young (Normal) (G1 Evacuation Pause) 299M->269M(667M) 29.075ms
[2025-11-08T15:23:22.884+0000][gc,cpu        ] GC(1432) User=0.04s Sys=0.00s Real=0.03s
[2025-11-08T15:23:25.178+0000][gc,start      ] GC(1433) Pause Young (Normal) (G1 Evacuation Pause)
[2025-11-08T15:23:25.178+0000][gc,task       ] GC(1433) Using 2 workers of 2 for evacuation
[2025-11-08T15:23:25.198+0000][gc,phases     ] GC(1433)   Pre Evacuate Collection Set: 0.0ms
[2025-11-08T15:23:25.198+0000][gc,phases     ] GC(1433)   Evacuate Collection Set: 16.3ms
[2025-11-08T15:23:25.199+0000][gc,phases     ] GC(1433)   Post Evacuate Collection Set: 1.8ms
[2025-11-08T15:23:25.199+0000][gc,phases     ] GC(1433)   Other: 2.2ms
[2025-11-08T15:23:25.200+0000][gc,heap       ] GC(1433) Eden regions: 31->0(31)
[2025-11-08T15:23:25.200+0000][gc,heap       ] GC(1433) Survivor regions: 3->2(5)
[2025-11-08T15:23:25.203+0000][gc,heap       ] GC(1433) Old regions: 121->121
[2025-11-08T15:23:25.203+0000][gc,heap       ] GC(1433) Humongous regions: 147->147
[2025-11-08T15:23:25.204+0000][gc,metaspace  ] GC(1433) Metaspace: 52304K(55472K)->52304K(55472K) NonClass: 46517K(48304K)->46517K(48304K) Class: 5787K(7168K)->5787K(7168K)
[2025-11-08T15:23:25.205+0000][gc            ] GC(1433) Pause Young (Normal) (G1 Evacuation Pause) 300M->268M(667M) 27.033ms
[2025-11-08T15:23:25.205+0000][gc,cpu        ] GC(1433) User=0.04s Sys=0.00s Real=0.03s
[2025-11-08T15:23:27.508+0000][gc,start      ] GC(1434) Pause Young (Normal) (G1 Evacuation Pause)
[2025-11-08T15:23:27.509+0000][gc,task       ] GC(1434) Using 2 workers of 2 for evacuation
[2025-11-08T15:23:27.527+0000][gc,phases     ] GC(1434)   Pre Evacuate Collection Set: 0.3ms
[2025-11-08T15:23:27.528+0000][gc,phases     ] GC(1434)   Evacuate Collection Set: 15.3ms
[2025-11-08T15:23:27.528+0000][gc,phases     ] GC(1434)   Post Evacuate Collection Set: 1.8ms
[2025-11-08T15:23:27.529+0000][gc,phases     ] GC(1434)   Other: 1.3ms
[2025-11-08T15:23:27.529+0000][gc,heap       ] GC(1434) Eden regions: 31->0(31)
[2025-11-08T15:23:27.530+0000][gc,heap       ] GC(1434) Survivor regions: 2->2(5)
[2025-11-08T15:23:27.530+0000][gc,heap       ] GC(1434) Old regions: 121->121
[2025-11-08T15:23:27.531+0000][gc,heap       ] GC(1434) Humongous regions: 147->147
[2025-11-08T15:23:27.532+0000][gc,metaspace  ] GC(1434) Metaspace: 52304K(55472K)->52304K(55472K) NonClass: 46517K(48304K)->46517K(48304K) Class: 5787K(7168K)->5787K(7168K)
[2025-11-08T15:23:27.532+0000][gc            ] GC(1434) Pause Young (Normal) (G1 Evacuation Pause) 299M->268M(667M) 23.463ms
[2025-11-08T15:23:27.532+0000][gc,cpu        ] GC(1434) User=0.04s Sys=0.00s Real=0.03s
[2025-11-08T15:23:30.031+0000][gc,start      ] GC(1435) Pause Young (Normal) (G1 Evacuation Pause)
[2025-11-08T15:23:30.032+0000][gc,task       ] GC(1435) Using 2 workers of 2 for evacuation
[2025-11-08T15:23:30.058+0000][gc,mmu        ] GC(1435) MMU target violated: 21.0ms (20.0ms/21.0ms)
[2025-11-08T15:23:30.059+0000][gc,phases     ] GC(1435)   Pre Evacuate Collection Set: 0.0ms
[2025-11-08T15:23:30.060+0000][gc,phases     ] GC(1435)   Evacuate Collection Set: 21.6ms
[2025-11-08T15:23:30.060+0000][gc,phases     ] GC(1435)   Post Evacuate Collection Set: 4.0ms
[2025-11-08T15:23:30.061+0000][gc,phases     ] GC(1435)   Other: 2.7ms
[2025-11-08T15:23:30.061+0000][gc,heap       ] GC(1435) Eden regions: 31->0(31)
[2025-11-08T15:23:30.061+0000][gc,heap       ] GC(1435) Survivor regions: 2->2(5)
[2025-11-08T15:23:30.062+0000][gc,heap       ] GC(1435) Old regions: 121->121
[2025-11-08T15:23:30.062+0000][gc,heap       ] GC(1435) Humongous regions: 147->147
[2025-11-08T15:23:30.062+0000][gc,metaspace  ] GC(1435) Metaspace: 52304K(55472K)->52304K(55472K) NonClass: 46517K(48304K)->46517K(48304K) Class: 5787K(7168K)->5787K(7168K)
[2025-11-08T15:23:30.063+0000][gc            ] GC(1435) Pause Young (Normal) (G1 Evacuation Pause) 299M->268M(667M) 31.718ms
[2025-11-08T15:23:30.063+0000][gc,cpu        ] GC(1435) User=0.03s Sys=0.01s Real=0.04s
[2025-11-08T15:23:32.419+0000][gc,start      ] GC(1436) Pause Young (Normal) (G1 Evacuation Pause)
[2025-11-08T15:23:32.419+0000][gc,task       ] GC(1436) Using 2 workers of 2 for evacuation
[2025-11-08T15:23:32.432+0000][gc,phases     ] GC(1436)   Pre Evacuate Collection Set: 0.0ms
[2025-11-08T15:23:32.432+0000][gc,phases     ] GC(1436)   Evacuate Collection Set: 10.1ms
[2025-11-08T15:23:32.433+0000][gc,phases     ] GC(1436)   Post Evacuate Collection Set: 1.0ms
[2025-11-08T15:23:32.434+0000][gc,phases     ] GC(1436)   Other: 1.6ms
[2025-11-08T15:23:32.434+0000][gc,heap       ] GC(1436) Eden regions: 31->0(32)
[2025-11-08T15:23:32.434+0000][gc,heap       ] GC(1436) Survivor regions: 2->1(5)
[2025-11-08T15:23:32.434+0000][gc,heap       ] GC(1436) Old regions: 121->121
[2025-11-08T15:23:32.435+0000][gc,heap       ] GC(1436) Humongous regions: 147->147
[2025-11-08T15:23:32.435+0000][gc,metaspace  ] GC(1436) Metaspace: 52304K(55472K)->52304K(55472K) NonClass: 46517K(48304K)->46517K(48304K) Class: 5787K(7168K)->5787K(7168K)
[2025-11-08T15:23:32.435+0000][gc            ] GC(1436) Pause Young (Normal) (G1 Evacuation Pause) 299M->268M(667M) 16.220ms
[2025-11-08T15:23:32.436+0000][gc,cpu        ] GC(1436) User=0.02s Sys=0.00s Real=0.02s
[2025-11-08T15:23:34.733+0000][gc,start      ] GC(1437) Pause Young (Normal) (G1 Evacuation Pause)
[2025-11-08T15:23:34.734+0000][gc,task       ] GC(1437) Using 2 workers of 2 for evacuation
[2025-11-08T15:23:34.754+0000][gc,phases     ] GC(1437)   Pre Evacuate Collection Set: 0.0ms
[2025-11-08T15:23:34.755+0000][gc,phases     ] GC(1437)   Evacuate Collection Set: 16.7ms
[2025-11-08T15:23:34.755+0000][gc,phases     ] GC(1437)   Post Evacuate Collection Set: 2.2ms
[2025-11-08T15:23:34.757+0000][gc,phases     ] GC(1437)   Other: 2.4ms
[2025-11-08T15:23:34.758+0000][gc,heap       ] GC(1437) Eden regions: 32->0(31)
[2025-11-08T15:23:34.758+0000][gc,heap       ] GC(1437) Survivor regions: 1->3(5)
[2025-11-08T15:23:34.758+0000][gc,heap       ] GC(1437) Old regions: 121->121
[2025-11-08T15:23:34.759+0000][gc,heap       ] GC(1437) Humongous regions: 147->147
[2025-11-08T15:23:34.759+0000][gc,metaspace  ] GC(1437) Metaspace: 52304K(55472K)->52304K(55472K) NonClass: 46517K(48304K)->46517K(48304K) Class: 5787K(7168K)->5787K(7168K)
[2025-11-08T15:23:34.760+0000][gc            ] GC(1437) Pause Young (Normal) (G1 Evacuation Pause) 300M->269M(667M) 26.785ms
[2025-11-08T15:23:34.760+0000][gc,cpu        ] GC(1437) User=0.04s Sys=0.00s Real=0.02s
[2025-11-08T15:23:36.888+0000][gc,start      ] GC(1438) Pause Young (Normal) (G1 Evacuation Pause)
[2025-11-08T15:23:36.889+0000][gc,task       ] GC(1438) Using 2 workers of 2 for evacuation
[2025-11-08T15:23:36.908+0000][gc,phases     ] GC(1438)   Pre Evacuate Collection Set: 0.0ms
[2025-11-08T15:23:36.908+0000][gc,phases     ] GC(1438)   Evacuate Collection Set: 16.0ms
[2025-11-08T15:23:36.909+0000][gc,phases     ] GC(1438)   Post Evacuate Collection Set: 1.5ms
[2025-11-08T15:23:36.909+0000][gc,phases     ] GC(1438)   Other: 2.2ms
[2025-11-08T15:23:36.910+0000][gc,heap       ] GC(1438) Eden regions: 30->0(31)
[2025-11-08T15:23:36.910+0000][gc,heap       ] GC(1438) Survivor regions: 3->3(5)
[2025-11-08T15:23:36.910+0000][gc,heap       ] GC(1438) Old regions: 121->121
[2025-11-08T15:23:36.911+0000][gc,heap       ] GC(1438) Humongous regions: 147->147
[2025-11-08T15:23:36.911+0000][gc,metaspace  ] GC(1438) Metaspace: 52304K(55472K)->52304K(55472K) NonClass: 46517K(48304K)->46517K(48304K) Class: 5787K(7168K)->5787K(7168K)
[2025-11-08T15:23:36.911+0000][gc            ] GC(1438) Pause Young (Normal) (G1 Evacuation Pause) 299M->269M(667M) 23.482ms
[2025-11-08T15:23:36.912+0000][gc,cpu        ] GC(1438) User=0.03s Sys=0.00s Real=0.03s
[2025-11-08T15:23:39.470+0000][gc,start      ] GC(1439) Pause Young (Normal) (G1 Evacuation Pause)
[2025-11-08T15:23:39.470+0000][gc,task       ] GC(1439) Using 2 workers of 2 for evacuation
[2025-11-08T15:23:39.496+0000][gc,mmu        ] GC(1439) MMU target violated: 21.0ms (20.0ms/21.0ms)
[2025-11-08T15:23:39.497+0000][gc,phases     ] GC(1439)   Pre Evacuate Collection Set: 0.1ms
[2025-11-08T15:23:39.498+0000][gc,phases     ] GC(1439)   Evacuate Collection Set: 21.7ms
[2025-11-08T15:23:39.498+0000][gc,phases     ] GC(1439)   Post Evacuate Collection Set: 2.8ms
[2025-11-08T15:23:39.499+0000][gc,phases     ] GC(1439)   Other: 2.7ms
[2025-11-08T15:23:39.499+0000][gc,heap       ] GC(1439) Eden regions: 31->0(31)
[2025-11-08T15:23:39.500+0000][gc,heap       ] GC(1439) Survivor regions: 3->2(5)
[2025-11-08T15:23:39.501+0000][gc,heap       ] GC(1439) Old regions: 121->121
[2025-11-08T15:23:39.502+0000][gc,heap       ] GC(1439) Humongous regions: 147->147
[2025-11-08T15:23:39.502+0000][gc,metaspace  ] GC(1439) Metaspace: 52304K(55472K)->52304K(55472K) NonClass: 46517K(48304K)->46517K(48304K) Class: 5787K(7168K)->5787K(7168K)
[2025-11-08T15:23:39.503+0000][gc            ] GC(1439) Pause Young (Normal) (G1 Evacuation Pause) 300M->269M(667M) 32.844ms
[2025-11-08T15:23:39.503+0000][gc,cpu        ] GC(1439) User=0.05s Sys=0.00s Real=0.04s
[2025-11-08T15:23:41.951+0000][gc,start      ] GC(1440) Pause Young (Normal) (G1 Evacuation Pause)
[2025-11-08T15:23:41.951+0000][gc,task       ] GC(1440) Using 2 workers of 2 for evacuation
[2025-11-08T15:23:41.968+0000][gc,phases     ] GC(1440)   Pre Evacuate Collection Set: 0.0ms
[2025-11-08T15:23:41.969+0000][gc,phases     ] GC(1440)   Evacuate Collection Set: 14.1ms
[2025-11-08T15:23:41.969+0000][gc,phases     ] GC(1440)   Post Evacuate Collection Set: 1.9ms
[2025-11-08T15:23:41.969+0000][gc,phases     ] GC(1440)   Other: 1.2ms
[2025-11-08T15:23:41.970+0000][gc,heap       ] GC(1440) Eden regions: 31->0(31)
[2025-11-08T15:23:41.970+0000][gc,heap       ] GC(1440) Survivor regions: 2->2(5)
[2025-11-08T15:23:41.971+0000][gc,heap       ] GC(1440) Old regions: 121->121
[2025-11-08T15:23:41.971+0000][gc,heap       ] GC(1440) Humongous regions: 147->147
[2025-11-08T15:23:41.971+0000][gc,metaspace  ] GC(1440) Metaspace: 52304K(55472K)->52304K(55472K) NonClass: 46517K(48304K)->46517K(48304K) Class: 5787K(7168K)->5787K(7168K)
[2025-11-08T15:23:41.972+0000][gc            ] GC(1440) Pause Young (Normal) (G1 Evacuation Pause) 300M->269M(667M) 21.067ms
[2025-11-08T15:23:41.972+0000][gc,cpu        ] GC(1440) User=0.03s Sys=0.00s Real=0.03s
[2025-11-08T15:23:44.319+0000][gc,start      ] GC(1441) Pause Young (Normal) (G1 Evacuation Pause)
[2025-11-08T15:23:44.319+0000][gc,task       ] GC(1441) Using 2 workers of 2 for evacuation
[2025-11-08T15:23:44.332+0000][gc,phases     ] GC(1441)   Pre Evacuate Collection Set: 0.0ms
[2025-11-08T15:23:44.332+0000][gc,phases     ] GC(1441)   Evacuate Collection Set: 10.6ms
[2025-11-08T15:23:44.333+0000][gc,phases     ] GC(1441)   Post Evacuate Collection Set: 1.3ms
[2025-11-08T15:23:44.333+0000][gc,phases     ] GC(1441)   Other: 1.0ms
[2025-11-08T15:23:44.333+0000][gc,heap       ] GC(1441) Eden regions: 31->0(33)
[2025-11-08T15:23:44.334+0000][gc,heap       ] GC(1441) Survivor regions: 2->2(5)
[2025-11-08T15:23:44.334+0000][gc,heap       ] GC(1441) Old regions: 121->121
[2025-11-08T15:23:44.334+0000][gc,heap       ] GC(1441) Humongous regions: 147->147
[2025-11-08T15:23:44.335+0000][gc,metaspace  ] GC(1441) Metaspace: 52304K(55472K)->52304K(55472K) NonClass: 46517K(48304K)->46517K(48304K) Class: 5787K(7168K)->5787K(7168K)
[2025-11-08T15:23:44.335+0000][gc            ] GC(1441) Pause Young (Normal) (G1 Evacuation Pause) 300M->268M(667M) 15.895ms
[2025-11-08T15:23:44.335+0000][gc,cpu        ] GC(1441) User=0.02s Sys=0.00s Real=0.02s
[2025-11-08T15:23:46.716+0000][gc,start      ] GC(1442) Pause Young (Normal) (G1 Evacuation Pause)
[2025-11-08T15:23:46.717+0000][gc,task       ] GC(1442) Using 2 workers of 2 for evacuation
[2025-11-08T15:23:46.732+0000][gc,phases     ] GC(1442)   Pre Evacuate Collection Set: 0.1ms
[2025-11-08T15:23:46.732+0000][gc,phases     ] GC(1442)   Evacuate Collection Set: 12.9ms
[2025-11-08T15:23:46.733+0000][gc,phases     ] GC(1442)   Post Evacuate Collection Set: 1.4ms
[2025-11-08T15:23:46.733+0000][gc,phases     ] GC(1442)   Other: 1.2ms
[2025-11-08T15:23:46.733+0000][gc,heap       ] GC(1442) Eden regions: 33->0(34)
[2025-11-08T15:23:46.734+0000][gc,heap       ] GC(1442) Survivor regions: 2->2(5)
[2025-11-08T15:23:46.734+0000][gc,heap       ] GC(1442) Old regions: 121->121
[2025-11-08T15:23:46.734+0000][gc,heap       ] GC(1442) Humongous regions: 147->147
[2025-11-08T15:23:46.735+0000][gc,metaspace  ] GC(1442) Metaspace: 52304K(55472K)->52304K(55472K) NonClass: 46517K(48304K)->46517K(48304K) Class: 5787K(7168K)->5787K(7168K)
[2025-11-08T15:23:46.735+0000][gc            ] GC(1442) Pause Young (Normal) (G1 Evacuation Pause) 301M->268M(667M) 18.986ms
[2025-11-08T15:23:46.736+0000][gc,cpu        ] GC(1442) User=0.03s Sys=0.00s Real=0.02s
[2025-11-08T15:23:49.290+0000][gc,start      ] GC(1443) Pause Young (Normal) (G1 Evacuation Pause)
[2025-11-08T15:23:49.292+0000][gc,task       ] GC(1443) Using 2 workers of 2 for evacuation
[2025-11-08T15:23:49.313+0000][gc,phases     ] GC(1443)   Pre Evacuate Collection Set: 0.1ms
[2025-11-08T15:23:49.313+0000][gc,phases     ] GC(1443)   Evacuate Collection Set: 17.3ms
[2025-11-08T15:23:49.313+0000][gc,phases     ] GC(1443)   Post Evacuate Collection Set: 1.4ms
[2025-11-08T15:23:49.314+0000][gc,phases     ] GC(1443)   Other: 4.2ms
[2025-11-08T15:23:49.314+0000][gc,heap       ] GC(1443) Eden regions: 34->0(33)
[2025-11-08T15:23:49.314+0000][gc,heap       ] GC(1443) Survivor regions: 2->2(5)
[2025-11-08T15:23:49.315+0000][gc,heap       ] GC(1443) Old regions: 121->121
[2025-11-08T15:23:49.315+0000][gc,heap       ] GC(1443) Humongous regions: 147->147
[2025-11-08T15:23:49.315+0000][gc,metaspace  ] GC(1443) Metaspace: 52304K(55472K)->52304K(55472K) NonClass: 46517K(48304K)->46517K(48304K) Class: 5787K(7168K)->5787K(7168K)
[2025-11-08T15:23:49.316+0000][gc            ] GC(1443) Pause Young (Normal) (G1 Evacuation Pause) 302M->268M(667M) 26.047ms
[2025-11-08T15:23:49.316+0000][gc,cpu        ] GC(1443) User=0.03s Sys=0.00s Real=0.03s
[2025-11-08T15:23:51.628+0000][gc,start      ] GC(1444) Pause Young (Normal) (G1 Evacuation Pause)
[2025-11-08T15:23:51.629+0000][gc,task       ] GC(1444) Using 2 workers of 2 for evacuation
[2025-11-08T15:23:51.644+0000][gc,phases     ] GC(1444)   Pre Evacuate Collection Set: 0.0ms
[2025-11-08T15:23:51.644+0000][gc,phases     ] GC(1444)   Evacuate Collection Set: 12.9ms
[2025-11-08T15:23:51.645+0000][gc,phases     ] GC(1444)   Post Evacuate Collection Set: 1.4ms
[2025-11-08T15:23:51.645+0000][gc,phases     ] GC(1444)   Other: 1.2ms
[2025-11-08T15:23:51.645+0000][gc,heap       ] GC(1444) Eden regions: 31->0(31)
[2025-11-08T15:23:51.646+0000][gc,heap       ] GC(1444) Survivor regions: 2->3(5)
[2025-11-08T15:23:51.646+0000][gc,heap       ] GC(1444) Old regions: 121->121
[2025-11-08T15:23:51.646+0000][gc,heap       ] GC(1444) Humongous regions: 147->147
[2025-11-08T15:23:51.647+0000][gc,metaspace  ] GC(1444) Metaspace: 52304K(55472K)->52304K(55472K) NonClass: 46517K(48304K)->46517K(48304K) Class: 5787K(7168K)->5787K(7168K)
[2025-11-08T15:23:51.647+0000][gc            ] GC(1444) Pause Young (Normal) (G1 Evacuation Pause) 299M->270M(667M) 18.690ms
[2025-11-08T15:23:51.647+0000][gc,cpu        ] GC(1444) User=0.03s Sys=0.00s Real=0.02s
[2025-11-08T15:23:53.865+0000][gc,start      ] GC(1445) Pause Young (Normal) (G1 Evacuation Pause)
[2025-11-08T15:23:53.866+0000][gc,task       ] GC(1445) Using 2 workers of 2 for evacuation
[2025-11-08T15:23:53.880+0000][gc,phases     ] GC(1445)   Pre Evacuate Collection Set: 0.0ms
[2025-11-08T15:23:53.881+0000][gc,phases     ] GC(1445)   Evacuate Collection Set: 12.9ms
[2025-11-08T15:23:53.881+0000][gc,phases     ] GC(1445)   Post Evacuate Collection Set: 1.4ms
[2025-11-08T15:23:53.882+0000][gc,phases     ] GC(1445)   Other: 1.1ms
[2025-11-08T15:23:53.882+0000][gc,heap       ] GC(1445) Eden regions: 30->0(32)
[2025-11-08T15:23:53.882+0000][gc,heap       ] GC(1445) Survivor regions: 3->3(5)
[2025-11-08T15:23:53.883+0000][gc,heap       ] GC(1445) Old regions: 121->121
[2025-11-08T15:23:53.884+0000][gc,heap       ] GC(1445) Humongous regions: 147->147
[2025-11-08T15:23:53.885+0000][gc,metaspace  ] GC(1445) Metaspace: 52304K(55472K)->52304K(55472K) NonClass: 46517K(48304K)->46517K(48304K) Class: 5787K(7168K)->5787K(7168K)
[2025-11-08T15:23:53.886+0000][gc            ] GC(1445) Pause Young (Normal) (G1 Evacuation Pause) 300M->270M(667M) 20.670ms
[2025-11-08T15:23:53.886+0000][gc,cpu        ] GC(1445) User=0.03s Sys=0.00s Real=0.02s
[2025-11-08T15:23:56.132+0000][gc,start      ] GC(1446) Pause Young (Normal) (G1 Evacuation Pause)
[2025-11-08T15:23:56.133+0000][gc,task       ] GC(1446) Using 2 workers of 2 for evacuation
[2025-11-08T15:23:56.148+0000][gc,phases     ] GC(1446)   Pre Evacuate Collection Set: 0.0ms
[2025-11-08T15:23:56.150+0000][gc,phases     ] GC(1446)   Evacuate Collection Set: 12.3ms
[2025-11-08T15:23:56.151+0000][gc,phases     ] GC(1446)   Post Evacuate Collection Set: 1.3ms
[2025-11-08T15:23:56.151+0000][gc,phases     ] GC(1446)   Other: 1.9ms
[2025-11-08T15:23:56.152+0000][gc,heap       ] GC(1446) Eden regions: 32->0(34)
[2025-11-08T15:23:56.152+0000][gc,heap       ] GC(1446) Survivor regions: 3->3(5)
[2025-11-08T15:23:56.153+0000][gc,heap       ] GC(1446) Old regions: 121->121
[2025-11-08T15:23:56.153+0000][gc,heap       ] GC(1446) Humongous regions: 147->147
[2025-11-08T15:23:56.154+0000][gc,metaspace  ] GC(1446) Metaspace: 52304K(55472K)->52304K(55472K) NonClass: 46517K(48304K)->46517K(48304K) Class: 5787K(7168K)->5787K(7168K)
[2025-11-08T15:23:56.156+0000][gc            ] GC(1446) Pause Young (Normal) (G1 Evacuation Pause) 302M->270M(667M) 23.759ms
[2025-11-08T15:23:56.156+0000][gc,cpu        ] GC(1446) User=0.03s Sys=0.00s Real=0.02s
[2025-11-08T15:23:58.672+0000][gc,start      ] GC(1447) Pause Young (Normal) (G1 Evacuation Pause)
[2025-11-08T15:23:58.672+0000][gc,task       ] GC(1447) Using 2 workers of 2 for evacuation
[2025-11-08T15:23:58.684+0000][gc,phases     ] GC(1447)   Pre Evacuate Collection Set: 0.0ms
[2025-11-08T15:23:58.685+0000][gc,phases     ] GC(1447)   Evacuate Collection Set: 10.2ms
[2025-11-08T15:23:58.685+0000][gc,phases     ] GC(1447)   Post Evacuate Collection Set: 1.2ms
[2025-11-08T15:23:58.685+0000][gc,phases     ] GC(1447)   Other: 0.9ms
[2025-11-08T15:23:58.686+0000][gc,heap       ] GC(1447) Eden regions: 34->0(36)
[2025-11-08T15:23:58.686+0000][gc,heap       ] GC(1447) Survivor regions: 3->2(5)
[2025-11-08T15:23:58.686+0000][gc,heap       ] GC(1447) Old regions: 121->121
[2025-11-08T15:23:58.686+0000][gc,heap       ] GC(1447) Humongous regions: 147->147
[2025-11-08T15:23:58.687+0000][gc,metaspace  ] GC(1447) Metaspace: 52304K(55472K)->52304K(55472K) NonClass: 46517K(48304K)->46517K(48304K) Class: 5787K(7168K)->5787K(7168K)
[2025-11-08T15:23:58.687+0000][gc            ] GC(1447) Pause Young (Normal) (G1 Evacuation Pause) 304M->269M(667M) 15.143ms
[2025-11-08T15:23:58.688+0000][gc,cpu        ] GC(1447) User=0.02s Sys=0.00s Real=0.01s
[2025-11-08T15:24:01.548+0000][gc,start      ] GC(1448) Pause Young (Normal) (G1 Evacuation Pause)
[2025-11-08T15:24:01.549+0000][gc,task       ] GC(1448) Using 2 workers of 2 for evacuation
[2025-11-08T15:24:01.577+0000][gc,mmu        ] GC(1448) MMU target violated: 21.0ms (20.0ms/21.0ms)
[2025-11-08T15:24:01.586+0000][gc,phases     ] GC(1448)   Pre Evacuate Collection Set: 0.0ms
[2025-11-08T15:24:01.586+0000][gc,phases     ] GC(1448)   Evacuate Collection Set: 23.4ms
[2025-11-08T15:24:01.591+0000][gc,phases     ] GC(1448)   Post Evacuate Collection Set: 3.5ms
[2025-11-08T15:24:01.592+0000][gc,phases     ] GC(1448)   Other: 10.9ms
[2025-11-08T15:24:01.593+0000][gc,heap       ] GC(1448) Eden regions: 36->0(33)
[2025-11-08T15:24:01.594+0000][gc,heap       ] GC(1448) Survivor regions: 2->3(5)
[2025-11-08T15:24:01.594+0000][gc,heap       ] GC(1448) Old regions: 121->121
[2025-11-08T15:24:01.595+0000][gc,heap       ] GC(1448) Humongous regions: 147->147
[2025-11-08T15:24:01.595+0000][gc,metaspace  ] GC(1448) Metaspace: 52304K(55472K)->52304K(55472K) NonClass: 46517K(48304K)->46517K(48304K) Class: 5787K(7168K)->5787K(7168K)
[2025-11-08T15:24:01.596+0000][gc            ] GC(1448) Pause Young (Normal) (G1 Evacuation Pause) 305M->270M(667M) 47.652ms
[2025-11-08T15:24:01.598+0000][gc,cpu        ] GC(1448) User=0.05s Sys=0.00s Real=0.05s
[2025-11-08T15:24:04.128+0000][gc,start      ] GC(1449) Pause Young (Normal) (G1 Evacuation Pause)
[2025-11-08T15:24:04.129+0000][gc,task       ] GC(1449) Using 2 workers of 2 for evacuation
[2025-11-08T15:24:04.146+0000][gc,phases     ] GC(1449)   Pre Evacuate Collection Set: 0.0ms
[2025-11-08T15:24:04.146+0000][gc,phases     ] GC(1449)   Evacuate Collection Set: 15.4ms
[2025-11-08T15:24:04.147+0000][gc,phases     ] GC(1449)   Post Evacuate Collection Set: 1.2ms
[2025-11-08T15:24:04.147+0000][gc,phases     ] GC(1449)   Other: 1.4ms
[2025-11-08T15:24:04.148+0000][gc,heap       ] GC(1449) Eden regions: 30->0(33)
[2025-11-08T15:24:04.148+0000][gc,heap       ] GC(1449) Survivor regions: 3->2(5)
[2025-11-08T15:24:04.148+0000][gc,heap       ] GC(1449) Old regions: 121->121
[2025-11-08T15:24:04.148+0000][gc,heap       ] GC(1449) Humongous regions: 147->147
[2025-11-08T15:24:04.152+0000][gc,metaspace  ] GC(1449) Metaspace: 52304K(55472K)->52304K(55472K) NonClass: 46517K(48304K)->46517K(48304K) Class: 5787K(7168K)->5787K(7168K)
[2025-11-08T15:24:04.152+0000][gc            ] GC(1449) Pause Young (Normal) (G1 Evacuation Pause) 300M->269M(667M) 23.856ms
[2025-11-08T15:24:04.152+0000][gc,cpu        ] GC(1449) User=0.04s Sys=0.00s Real=0.03s
[2025-11-08T15:24:06.670+0000][gc,start      ] GC(1450) Pause Young (Normal) (G1 Evacuation Pause)
[2025-11-08T15:24:06.671+0000][gc,task       ] GC(1450) Using 2 workers of 2 for evacuation
[2025-11-08T15:24:06.702+0000][gc,mmu        ] GC(1450) MMU target violated: 21.0ms (20.0ms/21.0ms)
[2025-11-08T15:24:06.703+0000][gc,phases     ] GC(1450)   Pre Evacuate Collection Set: 0.0ms
[2025-11-08T15:24:06.704+0000][gc,phases     ] GC(1450)   Evacuate Collection Set: 24.3ms
[2025-11-08T15:24:06.705+0000][gc,phases     ] GC(1450)   Post Evacuate Collection Set: 3.8ms
[2025-11-08T15:24:06.706+0000][gc,phases     ] GC(1450)   Other: 5.1ms
[2025-11-08T15:24:06.707+0000][gc,heap       ] GC(1450) Eden regions: 31->0(31)
[2025-11-08T15:24:06.708+0000][gc,heap       ] GC(1450) Survivor regions: 2->2(5)
[2025-11-08T15:24:06.726+0000][gc,heap       ] GC(1450) Old regions: 121->121
[2025-11-08T15:24:06.728+0000][gc,heap       ] GC(1450) Humongous regions: 147->147
[2025-11-08T15:24:06.729+0000][gc,metaspace  ] GC(1450) Metaspace: 52304K(55472K)->52304K(55472K) NonClass: 46517K(48304K)->46517K(48304K) Class: 5787K(7168K)->5787K(7168K)
[2025-11-08T15:24:06.729+0000][gc            ] GC(1450) Pause Young (Normal) (G1 Evacuation Pause) 300M->269M(667M) 59.233ms
[2025-11-08T15:24:06.730+0000][gc,cpu        ] GC(1450) User=0.05s Sys=0.00s Real=0.06s
[2025-11-08T15:24:08.949+0000][gc,start      ] GC(1451) Pause Young (Normal) (G1 Evacuation Pause)
[2025-11-08T15:24:08.949+0000][gc,task       ] GC(1451) Using 2 workers of 2 for evacuation
[2025-11-08T15:24:08.966+0000][gc,phases     ] GC(1451)   Pre Evacuate Collection Set: 0.0ms
[2025-11-08T15:24:08.966+0000][gc,phases     ] GC(1451)   Evacuate Collection Set: 14.1ms
[2025-11-08T15:24:08.967+0000][gc,phases     ] GC(1451)   Post Evacuate Collection Set: 1.5ms
[2025-11-08T15:24:08.968+0000][gc,phases     ] GC(1451)   Other: 1.2ms
[2025-11-08T15:24:08.970+0000][gc,heap       ] GC(1451) Eden regions: 31->0(31)
[2025-11-08T15:24:08.971+0000][gc,heap       ] GC(1451) Survivor regions: 2->2(5)
[2025-11-08T15:24:08.972+0000][gc,heap       ] GC(1451) Old regions: 121->121
[2025-11-08T15:24:08.972+0000][gc,heap       ] GC(1451) Humongous regions: 147->147
[2025-11-08T15:24:08.973+0000][gc,metaspace  ] GC(1451) Metaspace: 52304K(55472K)->52304K(55472K) NonClass: 46517K(48304K)->46517K(48304K) Class: 5787K(7168K)->5787K(7168K)
[2025-11-08T15:24:08.974+0000][gc            ] GC(1451) Pause Young (Normal) (G1 Evacuation Pause) 300M->269M(667M) 24.846ms
[2025-11-08T15:24:08.974+0000][gc,cpu        ] GC(1451) User=0.03s Sys=0.00s Real=0.03s
[2025-11-08T15:24:11.639+0000][gc,start      ] GC(1452) Pause Young (Normal) (G1 Evacuation Pause)
[2025-11-08T15:24:11.640+0000][gc,task       ] GC(1452) Using 2 workers of 2 for evacuation
[2025-11-08T15:24:11.666+0000][gc,mmu        ] GC(1452) MMU target violated: 21.0ms (20.0ms/21.0ms)
[2025-11-08T15:24:11.667+0000][gc,phases     ] GC(1452)   Pre Evacuate Collection Set: 0.0ms
[2025-11-08T15:24:11.668+0000][gc,phases     ] GC(1452)   Evacuate Collection Set: 22.3ms
[2025-11-08T15:24:11.669+0000][gc,phases     ] GC(1452)   Post Evacuate Collection Set: 3.1ms
[2025-11-08T15:24:11.670+0000][gc,phases     ] GC(1452)   Other: 2.4ms
[2025-11-08T15:24:11.672+0000][gc,heap       ] GC(1452) Eden regions: 31->0(30)
[2025-11-08T15:24:11.673+0000][gc,heap       ] GC(1452) Survivor regions: 2->4(5)
[2025-11-08T15:24:11.674+0000][gc,heap       ] GC(1452) Old regions: 121->121
[2025-11-08T15:24:11.675+0000][gc,heap       ] GC(1452) Humongous regions: 147->147
[2025-11-08T15:24:11.678+0000][gc,metaspace  ] GC(1452) Metaspace: 52304K(55472K)->52304K(55472K) NonClass: 46517K(48304K)->46517K(48304K) Class: 5787K(7168K)->5787K(7168K)
[2025-11-08T15:24:11.678+0000][gc            ] GC(1452) Pause Young (Normal) (G1 Evacuation Pause) 300M->271M(667M) 38.877ms
[2025-11-08T15:24:11.679+0000][gc,cpu        ] GC(1452) User=0.05s Sys=0.00s Real=0.04s
[2025-11-08T15:24:13.949+0000][gc,start      ] GC(1453) Pause Young (Normal) (G1 Evacuation Pause)
[2025-11-08T15:24:13.950+0000][gc,task       ] GC(1453) Using 2 workers of 2 for evacuation
[2025-11-08T15:24:13.969+0000][gc,phases     ] GC(1453)   Pre Evacuate Collection Set: 0.0ms
[2025-11-08T15:24:13.969+0000][gc,phases     ] GC(1453)   Evacuate Collection Set: 17.4ms
[2025-11-08T15:24:13.970+0000][gc,phases     ] GC(1453)   Post Evacuate Collection Set: 1.0ms
[2025-11-08T15:24:13.970+0000][gc,phases     ] GC(1453)   Other: 1.9ms
[2025-11-08T15:24:13.971+0000][gc,heap       ] GC(1453) Eden regions: 30->0(30)
[2025-11-08T15:24:13.971+0000][gc,heap       ] GC(1453) Survivor regions: 4->3(5)
[2025-11-08T15:24:13.972+0000][gc,heap       ] GC(1453) Old regions: 121->122
[2025-11-08T15:24:13.972+0000][gc,heap       ] GC(1453) Humongous regions: 147->147
[2025-11-08T15:24:13.972+0000][gc,metaspace  ] GC(1453) Metaspace: 52304K(55472K)->52304K(55472K) NonClass: 46517K(48304K)->46517K(48304K) Class: 5787K(7168K)->5787K(7168K)
[2025-11-08T15:24:13.973+0000][gc            ] GC(1453) Pause Young (Normal) (G1 Evacuation Pause) 301M->270M(667M) 24.614ms
[2025-11-08T15:24:13.974+0000][gc,cpu        ] GC(1453) User=0.04s Sys=0.00s Real=0.03s
[2025-11-08T15:24:16.304+0000][gc,start      ] GC(1454) Pause Young (Normal) (G1 Evacuation Pause)
[2025-11-08T15:24:16.305+0000][gc,task       ] GC(1454) Using 2 workers of 2 for evacuation
[2025-11-08T15:24:16.320+0000][gc,phases     ] GC(1454)   Pre Evacuate Collection Set: 0.0ms
[2025-11-08T15:24:16.320+0000][gc,phases     ] GC(1454)   Evacuate Collection Set: 12.9ms
[2025-11-08T15:24:16.320+0000][gc,phases     ] GC(1454)   Post Evacuate Collection Set: 1.5ms
[2025-11-08T15:24:16.321+0000][gc,phases     ] GC(1454)   Other: 1.1ms
[2025-11-08T15:24:16.321+0000][gc,heap       ] GC(1454) Eden regions: 30->0(32)
[2025-11-08T15:24:16.321+0000][gc,heap       ] GC(1454) Survivor regions: 3->2(5)
[2025-11-08T15:24:16.322+0000][gc,heap       ] GC(1454) Old regions: 122->122
[2025-11-08T15:24:16.322+0000][gc,heap       ] GC(1454) Humongous regions: 147->147
[2025-11-08T15:24:16.323+0000][gc,metaspace  ] GC(1454) Metaspace: 52304K(55472K)->52304K(55472K) NonClass: 46517K(48304K)->46517K(48304K) Class: 5787K(7168K)->5787K(7168K)
[2025-11-08T15:24:16.323+0000][gc            ] GC(1454) Pause Young (Normal) (G1 Evacuation Pause) 300M->270M(667M) 18.898ms
[2025-11-08T15:24:16.324+0000][gc,cpu        ] GC(1454) User=0.03s Sys=0.00s Real=0.02s
[2025-11-08T15:24:18.650+0000][gc,start      ] GC(1455) Pause Young (Normal) (G1 Evacuation Pause)
[2025-11-08T15:24:18.650+0000][gc,task       ] GC(1455) Using 2 workers of 2 for evacuation
[2025-11-08T15:24:18.667+0000][gc,phases     ] GC(1455)   Pre Evacuate Collection Set: 0.0ms
[2025-11-08T15:24:18.667+0000][gc,phases     ] GC(1455)   Evacuate Collection Set: 13.8ms
[2025-11-08T15:24:18.668+0000][gc,phases     ] GC(1455)   Post Evacuate Collection Set: 1.4ms
[2025-11-08T15:24:18.668+0000][gc,phases     ] GC(1455)   Other: 2.1ms
[2025-11-08T15:24:18.669+0000][gc,heap       ] GC(1455) Eden regions: 32->0(33)
[2025-11-08T15:24:18.670+0000][gc,heap       ] GC(1455) Survivor regions: 2->2(5)
[2025-11-08T15:24:18.670+0000][gc,heap       ] GC(1455) Old regions: 122->122
[2025-11-08T15:24:18.671+0000][gc,heap       ] GC(1455) Humongous regions: 147->147
[2025-11-08T15:24:18.671+0000][gc,metaspace  ] GC(1455) Metaspace: 52304K(55472K)->52304K(55472K) NonClass: 46517K(48304K)->46517K(48304K) Class: 5787K(7168K)->5787K(7168K)
[2025-11-08T15:24:18.673+0000][gc            ] GC(1455) Pause Young (Normal) (G1 Evacuation Pause) 302M->270M(667M) 23.136ms
[2025-11-08T15:24:18.673+0000][gc,cpu        ] GC(1455) User=0.03s Sys=0.00s Real=0.02s
[2025-11-08T15:24:21.263+0000][gc,start      ] GC(1456) Pause Young (Normal) (G1 Evacuation Pause)
[2025-11-08T15:24:21.264+0000][gc,task       ] GC(1456) Using 2 workers of 2 for evacuation
[2025-11-08T15:24:21.284+0000][gc,phases     ] GC(1456)   Pre Evacuate Collection Set: 0.0ms
[2025-11-08T15:24:21.284+0000][gc,phases     ] GC(1456)   Evacuate Collection Set: 16.8ms
[2025-11-08T15:24:21.285+0000][gc,phases     ] GC(1456)   Post Evacuate Collection Set: 2.0ms
[2025-11-08T15:24:21.286+0000][gc,phases     ] GC(1456)   Other: 1.9ms
[2025-11-08T15:24:21.286+0000][gc,heap       ] GC(1456) Eden regions: 33->0(34)
[2025-11-08T15:24:21.287+0000][gc,heap       ] GC(1456) Survivor regions: 2->2(5)
[2025-11-08T15:24:21.287+0000][gc,heap       ] GC(1456) Old regions: 122->122
[2025-11-08T15:24:21.288+0000][gc,heap       ] GC(1456) Humongous regions: 147->147
[2025-11-08T15:24:21.289+0000][gc,metaspace  ] GC(1456) Metaspace: 52304K(55472K)->52304K(55472K) NonClass: 46517K(48304K)->46517K(48304K) Class: 5787K(7168K)->5787K(7168K)
[2025-11-08T15:24:21.289+0000][gc            ] GC(1456) Pause Young (Normal) (G1 Evacuation Pause) 303M->270M(667M) 26.211ms
[2025-11-08T15:24:21.290+0000][gc,cpu        ] GC(1456) User=0.04s Sys=0.00s Real=0.03s
[2025-11-08T15:24:23.547+0000][gc,start      ] GC(1457) Pause Young (Normal) (G1 Evacuation Pause)
[2025-11-08T15:24:23.550+0000][gc,task       ] GC(1457) Using 2 workers of 2 for evacuation
[2025-11-08T15:24:23.564+0000][gc,phases     ] GC(1457)   Pre Evacuate Collection Set: 0.0ms
[2025-11-08T15:24:23.564+0000][gc,phases     ] GC(1457)   Evacuate Collection Set: 12.7ms
[2025-11-08T15:24:23.565+0000][gc,phases     ] GC(1457)   Post Evacuate Collection Set: 1.3ms
[2025-11-08T15:24:23.565+0000][gc,phases     ] GC(1457)   Other: 3.4ms
[2025-11-08T15:24:23.566+0000][gc,heap       ] GC(1457) Eden regions: 31->0(35)
[2025-11-08T15:24:23.566+0000][gc,heap       ] GC(1457) Survivor regions: 2->2(5)
[2025-11-08T15:24:23.566+0000][gc,heap       ] GC(1457) Old regions: 122->122
[2025-11-08T15:24:23.567+0000][gc,heap       ] GC(1457) Humongous regions: 147->147
[2025-11-08T15:24:23.567+0000][gc,metaspace  ] GC(1457) Metaspace: 52304K(55472K)->52304K(55472K) NonClass: 46517K(48304K)->46517K(48304K) Class: 5787K(7168K)->5787K(7168K)
[2025-11-08T15:24:23.567+0000][gc            ] GC(1457) Pause Young (Normal) (G1 Evacuation Pause) 301M->269M(667M) 20.488ms
[2025-11-08T15:24:23.568+0000][gc,cpu        ] GC(1457) User=0.02s Sys=0.00s Real=0.02s
[2025-11-08T15:24:26.082+0000][gc,start      ] GC(1458) Pause Young (Normal) (G1 Evacuation Pause)
[2025-11-08T15:24:26.082+0000][gc,task       ] GC(1458) Using 2 workers of 2 for evacuation
[2025-11-08T15:24:26.096+0000][gc,phases     ] GC(1458)   Pre Evacuate Collection Set: 0.0ms
[2025-11-08T15:24:26.097+0000][gc,phases     ] GC(1458)   Evacuate Collection Set: 12.0ms
[2025-11-08T15:24:26.097+0000][gc,phases     ] GC(1458)   Post Evacuate Collection Set: 1.0ms
[2025-11-08T15:24:26.097+0000][gc,phases     ] GC(1458)   Other: 1.1ms
[2025-11-08T15:24:26.097+0000][gc,heap       ] GC(1458) Eden regions: 35->0(36)
[2025-11-08T15:24:26.098+0000][gc,heap       ] GC(1458) Survivor regions: 2->2(5)
[2025-11-08T15:24:26.098+0000][gc,heap       ] GC(1458) Old regions: 122->122
[2025-11-08T15:24:26.098+0000][gc,heap       ] GC(1458) Humongous regions: 147->147
[2025-11-08T15:24:26.099+0000][gc,metaspace  ] GC(1458) Metaspace: 52304K(55472K)->52304K(55472K) NonClass: 46517K(48304K)->46517K(48304K) Class: 5787K(7168K)->5787K(7168K)
[2025-11-08T15:24:26.099+0000][gc            ] GC(1458) Pause Young (Normal) (G1 Evacuation Pause) 304M->269M(667M) 17.450ms
[2025-11-08T15:24:26.099+0000][gc,cpu        ] GC(1458) User=0.03s Sys=0.00s Real=0.02s
[2025-11-08T15:24:28.328+0000][gc,start      ] GC(1459) Pause Young (Normal) (G1 Evacuation Pause)
[2025-11-08T15:24:28.330+0000][gc,task       ] GC(1459) Using 2 workers of 2 for evacuation
[2025-11-08T15:24:28.353+0000][gc,mmu        ] GC(1459) MMU target violated: 21.0ms (20.0ms/21.0ms)
[2025-11-08T15:24:28.353+0000][gc,phases     ] GC(1459)   Pre Evacuate Collection Set: 0.1ms
[2025-11-08T15:24:28.354+0000][gc,phases     ] GC(1459)   Evacuate Collection Set: 19.8ms
[2025-11-08T15:24:28.355+0000][gc,phases     ] GC(1459)   Post Evacuate Collection Set: 1.7ms
[2025-11-08T15:24:28.356+0000][gc,phases     ] GC(1459)   Other: 3.8ms
[2025-11-08T15:24:28.356+0000][gc,heap       ] GC(1459) Eden regions: 31->0(34)
[2025-11-08T15:24:28.356+0000][gc,heap       ] GC(1459) Survivor regions: 2->4(5)
[2025-11-08T15:24:28.357+0000][gc,heap       ] GC(1459) Old regions: 122->122
[2025-11-08T15:24:28.357+0000][gc,heap       ] GC(1459) Humongous regions: 147->147
[2025-11-08T15:24:28.358+0000][gc,metaspace  ] GC(1459) Metaspace: 52304K(55472K)->52304K(55472K) NonClass: 46517K(48304K)->46517K(48304K) Class: 5787K(7168K)->5787K(7168K)
[2025-11-08T15:24:28.359+0000][gc            ] GC(1459) Pause Young (Normal) (G1 Evacuation Pause) 300M->271M(667M) 30.393ms
[2025-11-08T15:24:28.359+0000][gc,cpu        ] GC(1459) User=0.05s Sys=0.00s Real=0.03s
[2025-11-08T15:24:30.582+0000][gc,start      ] GC(1460) Pause Young (Normal) (G1 Evacuation Pause)
[2025-11-08T15:24:30.583+0000][gc,task       ] GC(1460) Using 2 workers of 2 for evacuation
[2025-11-08T15:24:30.602+0000][gc,phases     ] GC(1460)   Pre Evacuate Collection Set: 0.0ms
[2025-11-08T15:24:30.602+0000][gc,phases     ] GC(1460)   Evacuate Collection Set: 17.3ms
[2025-11-08T15:24:30.603+0000][gc,phases     ] GC(1460)   Post Evacuate Collection Set: 1.2ms
[2025-11-08T15:24:30.603+0000][gc,phases     ] GC(1460)   Other: 1.4ms
[2025-11-08T15:24:30.604+0000][gc,heap       ] GC(1460) Eden regions: 29->0(34)
[2025-11-08T15:24:30.605+0000][gc,heap       ] GC(1460) Survivor regions: 4->3(5)
[2025-11-08T15:24:30.605+0000][gc,heap       ] GC(1460) Old regions: 122->123
[2025-11-08T15:24:30.605+0000][gc,heap       ] GC(1460) Humongous regions: 147->147
[2025-11-08T15:24:30.608+0000][gc,metaspace  ] GC(1460) Metaspace: 52304K(55472K)->52304K(55472K) NonClass: 46517K(48304K)->46517K(48304K) Class: 5787K(7168K)->5787K(7168K)
[2025-11-08T15:24:30.609+0000][gc            ] GC(1460) Pause Young (Normal) (G1 Evacuation Pause) 300M->271M(667M) 26.823ms
[2025-11-08T15:24:30.610+0000][gc,cpu        ] GC(1460) User=0.04s Sys=0.00s Real=0.03s
[2025-11-08T15:24:33.078+0000][gc,start      ] GC(1461) Pause Young (Normal) (G1 Evacuation Pause)
[2025-11-08T15:24:33.078+0000][gc,task       ] GC(1461) Using 2 workers of 2 for evacuation
[2025-11-08T15:24:33.090+0000][gc,phases     ] GC(1461)   Pre Evacuate Collection Set: 0.0ms
[2025-11-08T15:24:33.090+0000][gc,phases     ] GC(1461)   Evacuate Collection Set: 10.2ms
[2025-11-08T15:24:33.091+0000][gc,phases     ] GC(1461)   Post Evacuate Collection Set: 1.1ms
[2025-11-08T15:24:33.091+0000][gc,phases     ] GC(1461)   Other: 0.9ms
[2025-11-08T15:24:33.091+0000][gc,heap       ] GC(1461) Eden regions: 34->0(37)
[2025-11-08T15:24:33.092+0000][gc,heap       ] GC(1461) Survivor regions: 3->3(5)
[2025-11-08T15:24:33.092+0000][gc,heap       ] GC(1461) Old regions: 123->123
[2025-11-08T15:24:33.092+0000][gc,heap       ] GC(1461) Humongous regions: 147->147
[2025-11-08T15:24:33.092+0000][gc,metaspace  ] GC(1461) Metaspace: 52304K(55472K)->52304K(55472K) NonClass: 46517K(48304K)->46517K(48304K) Class: 5787K(7168K)->5787K(7168K)
[2025-11-08T15:24:33.092+0000][gc            ] GC(1461) Pause Young (Normal) (G1 Evacuation Pause) 305M->271M(667M) 14.330ms
[2025-11-08T15:24:33.093+0000][gc,cpu        ] GC(1461) User=0.02s Sys=0.00s Real=0.01s
[2025-11-08T15:24:35.758+0000][gc,start      ] GC(1462) Pause Young (Normal) (G1 Evacuation Pause)
[2025-11-08T15:24:35.763+0000][gc,task       ] GC(1462) Using 2 workers of 2 for evacuation
[2025-11-08T15:24:35.780+0000][gc,phases     ] GC(1462)   Pre Evacuate Collection Set: 0.0ms
[2025-11-08T15:24:35.780+0000][gc,phases     ] GC(1462)   Evacuate Collection Set: 14.7ms
[2025-11-08T15:24:35.781+0000][gc,phases     ] GC(1462)   Post Evacuate Collection Set: 1.3ms
[2025-11-08T15:24:35.781+0000][gc,phases     ] GC(1462)   Other: 5.6ms
[2025-11-08T15:24:35.781+0000][gc,heap       ] GC(1462) Eden regions: 37->0(38)
[2025-11-08T15:24:35.782+0000][gc,heap       ] GC(1462) Survivor regions: 3->3(5)
[2025-11-08T15:24:35.782+0000][gc,heap       ] GC(1462) Old regions: 123->123
[2025-11-08T15:24:35.782+0000][gc,heap       ] GC(1462) Humongous regions: 147->147
[2025-11-08T15:24:35.782+0000][gc,metaspace  ] GC(1462) Metaspace: 52304K(55472K)->52304K(55472K) NonClass: 46517K(48304K)->46517K(48304K) Class: 5787K(7168K)->5787K(7168K)
[2025-11-08T15:24:35.783+0000][gc            ] GC(1462) Pause Young (Normal) (G1 Evacuation Pause) 308M->271M(667M) 24.617ms
[2025-11-08T15:24:35.783+0000][gc,cpu        ] GC(1462) User=0.04s Sys=0.00s Real=0.02s
[2025-11-08T15:24:38.642+0000][gc,start      ] GC(1463) Pause Young (Normal) (G1 Evacuation Pause)
[2025-11-08T15:24:38.643+0000][gc,task       ] GC(1463) Using 2 workers of 2 for evacuation
[2025-11-08T15:24:38.659+0000][gc,phases     ] GC(1463)   Pre Evacuate Collection Set: 0.0ms
[2025-11-08T15:24:38.659+0000][gc,phases     ] GC(1463)   Evacuate Collection Set: 13.8ms
[2025-11-08T15:24:38.659+0000][gc,phases     ] GC(1463)   Post Evacuate Collection Set: 1.5ms
[2025-11-08T15:24:38.660+0000][gc,phases     ] GC(1463)   Other: 1.2ms
[2025-11-08T15:24:38.661+0000][gc,heap       ] GC(1463) Eden regions: 38->0(39)
[2025-11-08T15:24:38.661+0000][gc,heap       ] GC(1463) Survivor regions: 3->2(6)
[2025-11-08T15:24:38.661+0000][gc,heap       ] GC(1463) Old regions: 123->123
[2025-11-08T15:24:38.662+0000][gc,heap       ] GC(1463) Humongous regions: 147->147
[2025-11-08T15:24:38.662+0000][gc,metaspace  ] GC(1463) Metaspace: 52304K(55472K)->52304K(55472K) NonClass: 46517K(48304K)->46517K(48304K) Class: 5787K(7168K)->5787K(7168K)
[2025-11-08T15:24:38.663+0000][gc            ] GC(1463) Pause Young (Normal) (G1 Evacuation Pause) 309M->270M(667M) 20.539ms
[2025-11-08T15:24:38.663+0000][gc,cpu        ] GC(1463) User=0.03s Sys=0.00s Real=0.02s
[2025-11-08T15:24:41.743+0000][gc,start      ] GC(1464) Pause Young (Normal) (G1 Evacuation Pause)
[2025-11-08T15:24:41.744+0000][gc,task       ] GC(1464) Using 2 workers of 2 for evacuation
[2025-11-08T15:24:41.772+0000][gc,mmu        ] GC(1464) MMU target violated: 21.0ms (20.0ms/21.0ms)
[2025-11-08T15:24:41.772+0000][gc,phases     ] GC(1464)   Pre Evacuate Collection Set: 0.0ms
[2025-11-08T15:24:41.773+0000][gc,phases     ] GC(1464)   Evacuate Collection Set: 25.8ms
[2025-11-08T15:24:41.773+0000][gc,phases     ] GC(1464)   Post Evacuate Collection Set: 1.4ms
[2025-11-08T15:24:41.774+0000][gc,phases     ] GC(1464)   Other: 1.9ms
[2025-11-08T15:24:41.774+0000][gc,heap       ] GC(1464) Eden regions: 38->0(31)
[2025-11-08T15:24:41.775+0000][gc,heap       ] GC(1464) Survivor regions: 2->2(5)
[2025-11-08T15:24:41.775+0000][gc,heap       ] GC(1464) Old regions: 123->123
[2025-11-08T15:24:41.775+0000][gc,heap       ] GC(1464) Humongous regions: 147->147
[2025-11-08T15:24:41.776+0000][gc,metaspace  ] GC(1464) Metaspace: 52304K(55472K)->52304K(55472K) NonClass: 46517K(48304K)->46517K(48304K) Class: 5787K(7168K)->5787K(7168K)
[2025-11-08T15:24:41.776+0000][gc            ] GC(1464) Pause Young (Normal) (G1 Evacuation Pause) 308M->270M(667M) 33.000ms
[2025-11-08T15:24:41.777+0000][gc,cpu        ] GC(1464) User=0.05s Sys=0.00s Real=0.04s
[2025-11-08T15:24:44.427+0000][gc,start      ] GC(1465) Pause Young (Normal) (G1 Evacuation Pause)
[2025-11-08T15:24:44.427+0000][gc,task       ] GC(1465) Using 2 workers of 2 for evacuation
[2025-11-08T15:24:44.441+0000][gc,phases     ] GC(1465)   Pre Evacuate Collection Set: 0.0ms
[2025-11-08T15:24:44.441+0000][gc,phases     ] GC(1465)   Evacuate Collection Set: 10.7ms
[2025-11-08T15:24:44.442+0000][gc,phases     ] GC(1465)   Post Evacuate Collection Set: 1.7ms
[2025-11-08T15:24:44.443+0000][gc,phases     ] GC(1465)   Other: 1.5ms
[2025-11-08T15:24:44.443+0000][gc,heap       ] GC(1465) Eden regions: 31->0(33)
[2025-11-08T15:24:44.444+0000][gc,heap       ] GC(1465) Survivor regions: 2->2(5)
[2025-11-08T15:24:44.444+0000][gc,heap       ] GC(1465) Old regions: 123->123
[2025-11-08T15:24:44.445+0000][gc,heap       ] GC(1465) Humongous regions: 147->147
[2025-11-08T15:24:44.445+0000][gc,metaspace  ] GC(1465) Metaspace: 52307K(55472K)->52307K(55472K) NonClass: 46520K(48304K)->46520K(48304K) Class: 5787K(7168K)->5787K(7168K)
[2025-11-08T15:24:44.446+0000][gc            ] GC(1465) Pause Young (Normal) (G1 Evacuation Pause) 301M->270M(667M) 18.587ms
[2025-11-08T15:24:44.446+0000][gc,cpu        ] GC(1465) User=0.02s Sys=0.00s Real=0.02s
[2025-11-08T15:24:46.781+0000][gc,start      ] GC(1466) Pause Young (Normal) (G1 Evacuation Pause)
[2025-11-08T15:24:46.781+0000][gc,task       ] GC(1466) Using 2 workers of 2 for evacuation
[2025-11-08T15:24:46.796+0000][gc,phases     ] GC(1466)   Pre Evacuate Collection Set: 0.5ms
[2025-11-08T15:24:46.796+0000][gc,phases     ] GC(1466)   Evacuate Collection Set: 11.7ms
[2025-11-08T15:24:46.797+0000][gc,phases     ] GC(1466)   Post Evacuate Collection Set: 1.9ms
[2025-11-08T15:24:46.797+0000][gc,phases     ] GC(1466)   Other: 1.0ms
[2025-11-08T15:24:46.798+0000][gc,heap       ] GC(1466) Eden regions: 31->0(34)
[2025-11-08T15:24:46.798+0000][gc,heap       ] GC(1466) Survivor regions: 2->2(5)
[2025-11-08T15:24:46.799+0000][gc,heap       ] GC(1466) Old regions: 123->123
[2025-11-08T15:24:46.799+0000][gc,heap       ] GC(1466) Humongous regions: 147->147
[2025-11-08T15:24:46.800+0000][gc,metaspace  ] GC(1466) Metaspace: 52307K(55472K)->52307K(55472K) NonClass: 46520K(48304K)->46520K(48304K) Class: 5787K(7168K)->5787K(7168K)
[2025-11-08T15:24:46.800+0000][gc            ] GC(1466) Pause Young (Normal) (G1 Evacuation Pause) 301M->270M(667M) 19.525ms
[2025-11-08T15:24:46.801+0000][gc,cpu        ] GC(1466) User=0.03s Sys=0.00s Real=0.02s
[2025-11-08T15:24:49.304+0000][gc,start      ] GC(1467) Pause Young (Normal) (G1 Evacuation Pause)
[2025-11-08T15:24:49.305+0000][gc,task       ] GC(1467) Using 2 workers of 2 for evacuation
[2025-11-08T15:24:49.323+0000][gc,phases     ] GC(1467)   Pre Evacuate Collection Set: 0.0ms
[2025-11-08T15:24:49.325+0000][gc,phases     ] GC(1467)   Evacuate Collection Set: 15.6ms
[2025-11-08T15:24:49.326+0000][gc,phases     ] GC(1467)   Post Evacuate Collection Set: 1.8ms
[2025-11-08T15:24:49.326+0000][gc,phases     ] GC(1467)   Other: 1.7ms
[2025-11-08T15:24:49.327+0000][gc,heap       ] GC(1467) Eden regions: 34->0(35)
[2025-11-08T15:24:49.330+0000][gc,heap       ] GC(1467) Survivor regions: 2->2(5)
[2025-11-08T15:24:49.331+0000][gc,heap       ] GC(1467) Old regions: 123->123
[2025-11-08T15:24:49.332+0000][gc,heap       ] GC(1467) Humongous regions: 147->147
[2025-11-08T15:24:49.333+0000][gc,metaspace  ] GC(1467) Metaspace: 52307K(55472K)->52307K(55472K) NonClass: 46520K(48304K)->46520K(48304K) Class: 5787K(7168K)->5787K(7168K)
[2025-11-08T15:24:49.334+0000][gc            ] GC(1467) Pause Young (Normal) (G1 Evacuation Pause) 304M->270M(667M) 29.526ms
[2025-11-08T15:24:49.335+0000][gc,cpu        ] GC(1467) User=0.04s Sys=0.00s Real=0.03s
[2025-11-08T15:24:51.716+0000][gc,start      ] GC(1468) Pause Young (Normal) (G1 Evacuation Pause)
[2025-11-08T15:24:51.717+0000][gc,task       ] GC(1468) Using 2 workers of 2 for evacuation
[2025-11-08T15:24:51.732+0000][gc,phases     ] GC(1468)   Pre Evacuate Collection Set: 0.0ms
[2025-11-08T15:24:51.732+0000][gc,phases     ] GC(1468)   Evacuate Collection Set: 13.3ms
[2025-11-08T15:24:51.733+0000][gc,phases     ] GC(1468)   Post Evacuate Collection Set: 1.2ms
[2025-11-08T15:24:51.733+0000][gc,phases     ] GC(1468)   Other: 0.9ms
[2025-11-08T15:24:51.733+0000][gc,heap       ] GC(1468) Eden regions: 31->0(33)
[2025-11-08T15:24:51.734+0000][gc,heap       ] GC(1468) Survivor regions: 2->3(5)
[2025-11-08T15:24:51.734+0000][gc,heap       ] GC(1468) Old regions: 123->123
[2025-11-08T15:24:51.734+0000][gc,heap       ] GC(1468) Humongous regions: 147->147
[2025-11-08T15:24:51.735+0000][gc,metaspace  ] GC(1468) Metaspace: 52307K(55472K)->52307K(55472K) NonClass: 46520K(48304K)->46520K(48304K) Class: 5787K(7168K)->5787K(7168K)
[2025-11-08T15:24:51.735+0000][gc            ] GC(1468) Pause Young (Normal) (G1 Evacuation Pause) 301M->272M(667M) 18.706ms
[2025-11-08T15:24:51.736+0000][gc,cpu        ] GC(1468) User=0.03s Sys=0.00s Real=0.02s
[2025-11-08T15:24:53.877+0000][gc,start      ] GC(1469) Pause Young (Normal) (G1 Evacuation Pause)
[2025-11-08T15:24:53.877+0000][gc,task       ] GC(1469) Using 2 workers of 2 for evacuation
[2025-11-08T15:24:53.893+0000][gc,phases     ] GC(1469)   Pre Evacuate Collection Set: 0.1ms
[2025-11-08T15:24:53.894+0000][gc,phases     ] GC(1469)   Evacuate Collection Set: 13.8ms
[2025-11-08T15:24:53.894+0000][gc,phases     ] GC(1469)   Post Evacuate Collection Set: 1.2ms
[2025-11-08T15:24:53.894+0000][gc,phases     ] GC(1469)   Other: 1.4ms
[2025-11-08T15:24:53.895+0000][gc,heap       ] GC(1469) Eden regions: 30->0(33)
[2025-11-08T15:24:53.895+0000][gc,heap       ] GC(1469) Survivor regions: 3->3(5)
[2025-11-08T15:24:53.895+0000][gc,heap       ] GC(1469) Old regions: 123->123
[2025-11-08T15:24:53.895+0000][gc,heap       ] GC(1469) Humongous regions: 147->147
[2025-11-08T15:24:53.896+0000][gc,metaspace  ] GC(1469) Metaspace: 52307K(55472K)->52307K(55472K) NonClass: 46520K(48304K)->46520K(48304K) Class: 5787K(7168K)->5787K(7168K)
[2025-11-08T15:24:53.896+0000][gc            ] GC(1469) Pause Young (Normal) (G1 Evacuation Pause) 302M->271M(667M) 19.463ms
[2025-11-08T15:24:53.896+0000][gc,cpu        ] GC(1469) User=0.03s Sys=0.00s Real=0.02s
[2025-11-08T15:24:56.329+0000][gc,start      ] GC(1470) Pause Young (Normal) (G1 Evacuation Pause)
[2025-11-08T15:24:56.329+0000][gc,task       ] GC(1470) Using 2 workers of 2 for evacuation
[2025-11-08T15:24:56.342+0000][gc,phases     ] GC(1470)   Pre Evacuate Collection Set: 0.0ms
[2025-11-08T15:24:56.343+0000][gc,phases     ] GC(1470)   Evacuate Collection Set: 10.8ms
[2025-11-08T15:24:56.343+0000][gc,phases     ] GC(1470)   Post Evacuate Collection Set: 1.5ms
[2025-11-08T15:24:56.343+0000][gc,phases     ] GC(1470)   Other: 1.0ms
[2025-11-08T15:24:56.344+0000][gc,heap       ] GC(1470) Eden regions: 33->0(35)
[2025-11-08T15:24:56.344+0000][gc,heap       ] GC(1470) Survivor regions: 3->3(5)
[2025-11-08T15:24:56.344+0000][gc,heap       ] GC(1470) Old regions: 123->123
[2025-11-08T15:24:56.345+0000][gc,heap       ] GC(1470) Humongous regions: 147->147
[2025-11-08T15:24:56.345+0000][gc,metaspace  ] GC(1470) Metaspace: 52307K(55472K)->52307K(55472K) NonClass: 46520K(48304K)->46520K(48304K) Class: 5787K(7168K)->5787K(7168K)
[2025-11-08T15:24:56.345+0000][gc            ] GC(1470) Pause Young (Normal) (G1 Evacuation Pause) 304M->271M(667M) 16.301ms
[2025-11-08T15:24:56.346+0000][gc,cpu        ] GC(1470) User=0.02s Sys=0.00s Real=0.02s
[2025-11-08T15:24:59.333+0000][gc,start      ] GC(1471) Pause Young (Normal) (G1 Evacuation Pause)
[2025-11-08T15:24:59.334+0000][gc,task       ] GC(1471) Using 2 workers of 2 for evacuation
[2025-11-08T15:24:59.359+0000][gc,mmu        ] GC(1471) MMU target violated: 21.0ms (20.0ms/21.0ms)
[2025-11-08T15:24:59.359+0000][gc,phases     ] GC(1471)   Pre Evacuate Collection Set: 0.0ms
[2025-11-08T15:24:59.360+0000][gc,phases     ] GC(1471)   Evacuate Collection Set: 21.9ms
[2025-11-08T15:24:59.361+0000][gc,phases     ] GC(1471)   Post Evacuate Collection Set: 2.4ms
[2025-11-08T15:24:59.362+0000][gc,phases     ] GC(1471)   Other: 1.9ms
[2025-11-08T15:24:59.363+0000][gc,heap       ] GC(1471) Eden regions: 35->0(32)
[2025-11-08T15:24:59.363+0000][gc,heap       ] GC(1471) Survivor regions: 3->3(5)
[2025-11-08T15:24:59.365+0000][gc,heap       ] GC(1471) Old regions: 123->123
[2025-11-08T15:24:59.367+0000][gc,heap       ] GC(1471) Humongous regions: 147->147
[2025-11-08T15:24:59.368+0000][gc,metaspace  ] GC(1471) Metaspace: 52307K(55472K)->52307K(55472K) NonClass: 46520K(48304K)->46520K(48304K) Class: 5787K(7168K)->5787K(7168K)
[2025-11-08T15:24:59.369+0000][gc            ] GC(1471) Pause Young (Normal) (G1 Evacuation Pause) 306M->271M(667M) 35.733ms
[2025-11-08T15:24:59.370+0000][gc,cpu        ] GC(1471) User=0.05s Sys=0.00s Real=0.04s
[2025-11-08T15:25:02.122+0000][gc,start      ] GC(1472) Pause Young (Normal) (G1 Evacuation Pause)
[2025-11-08T15:25:02.123+0000][gc,task       ] GC(1472) Using 2 workers of 2 for evacuation
[2025-11-08T15:25:02.149+0000][gc,mmu        ] GC(1472) MMU target violated: 21.0ms (20.0ms/21.0ms)
[2025-11-08T15:25:02.150+0000][gc,phases     ] GC(1472)   Pre Evacuate Collection Set: 0.0ms
[2025-11-08T15:25:02.151+0000][gc,phases     ] GC(1472)   Evacuate Collection Set: 22.8ms
[2025-11-08T15:25:02.152+0000][gc,phases     ] GC(1472)   Post Evacuate Collection Set: 0.7ms
[2025-11-08T15:25:02.153+0000][gc,phases     ] GC(1472)   Other: 4.2ms
[2025-11-08T15:25:02.154+0000][gc,heap       ] GC(1472) Eden regions: 32->0(30)
[2025-11-08T15:25:02.154+0000][gc,heap       ] GC(1472) Survivor regions: 3->3(5)
[2025-11-08T15:25:02.156+0000][gc,heap       ] GC(1472) Old regions: 123->123
[2025-11-08T15:25:02.158+0000][gc,heap       ] GC(1472) Humongous regions: 147->147
[2025-11-08T15:25:02.159+0000][gc,metaspace  ] GC(1472) Metaspace: 52307K(55472K)->52307K(55472K) NonClass: 46520K(48304K)->46520K(48304K) Class: 5787K(7168K)->5787K(7168K)
[2025-11-08T15:25:02.160+0000][gc            ] GC(1472) Pause Young (Normal) (G1 Evacuation Pause) 303M->271M(667M) 37.332ms
[2025-11-08T15:25:02.161+0000][gc,cpu        ] GC(1472) User=0.04s Sys=0.00s Real=0.04s
[2025-11-08T15:25:04.691+0000][gc,start      ] GC(1473) Pause Young (Normal) (G1 Evacuation Pause)
[2025-11-08T15:25:04.691+0000][gc,task       ] GC(1473) Using 2 workers of 2 for evacuation
[2025-11-08T15:25:04.711+0000][gc,phases     ] GC(1473)   Pre Evacuate Collection Set: 0.0ms
[2025-11-08T15:25:04.711+0000][gc,phases     ] GC(1473)   Evacuate Collection Set: 16.0ms
[2025-11-08T15:25:04.715+0000][gc,phases     ] GC(1473)   Post Evacuate Collection Set: 2.2ms
[2025-11-08T15:25:04.715+0000][gc,phases     ] GC(1473)   Other: 1.4ms
[2025-11-08T15:25:04.715+0000][gc,heap       ] GC(1473) Eden regions: 30->0(31)
[2025-11-08T15:25:04.716+0000][gc,heap       ] GC(1473) Survivor regions: 3->2(5)
[2025-11-08T15:25:04.716+0000][gc,heap       ] GC(1473) Old regions: 123->123
[2025-11-08T15:25:04.716+0000][gc,heap       ] GC(1473) Humongous regions: 147->147
[2025-11-08T15:25:04.717+0000][gc,metaspace  ] GC(1473) Metaspace: 52307K(55472K)->52307K(55472K) NonClass: 46520K(48304K)->46520K(48304K) Class: 5787K(7168K)->5787K(7168K)
[2025-11-08T15:25:04.717+0000][gc            ] GC(1473) Pause Young (Normal) (G1 Evacuation Pause) 301M->271M(667M) 26.187ms
[2025-11-08T15:25:04.718+0000][gc,cpu        ] GC(1473) User=0.03s Sys=0.00s Real=0.03s
[2025-11-08T15:25:07.080+0000][gc,start      ] GC(1474) Pause Young (Normal) (G1 Evacuation Pause)
[2025-11-08T15:25:07.080+0000][gc,task       ] GC(1474) Using 2 workers of 2 for evacuation
[2025-11-08T15:25:07.094+0000][gc,phases     ] GC(1474)   Pre Evacuate Collection Set: 0.0ms
[2025-11-08T15:25:07.095+0000][gc,phases     ] GC(1474)   Evacuate Collection Set: 11.7ms
[2025-11-08T15:25:07.095+0000][gc,phases     ] GC(1474)   Post Evacuate Collection Set: 1.4ms
[2025-11-08T15:25:07.096+0000][gc,phases     ] GC(1474)   Other: 1.0ms
[2025-11-08T15:25:07.096+0000][gc,heap       ] GC(1474) Eden regions: 31->0(32)
[2025-11-08T15:25:07.096+0000][gc,heap       ] GC(1474) Survivor regions: 2->2(5)
[2025-11-08T15:25:07.097+0000][gc,heap       ] GC(1474) Old regions: 123->123
[2025-11-08T15:25:07.097+0000][gc,heap       ] GC(1474) Humongous regions: 147->147
[2025-11-08T15:25:07.097+0000][gc,metaspace  ] GC(1474) Metaspace: 52307K(55472K)->52307K(55472K) NonClass: 46520K(48304K)->46520K(48304K) Class: 5787K(7168K)->5787K(7168K)
[2025-11-08T15:25:07.098+0000][gc            ] GC(1474) Pause Young (Normal) (G1 Evacuation Pause) 302M->271M(667M) 17.549ms
[2025-11-08T15:25:07.098+0000][gc,cpu        ] GC(1474) User=0.03s Sys=0.00s Real=0.02s
[2025-11-08T15:25:09.396+0000][gc,start      ] GC(1475) Pause Young (Normal) (G1 Evacuation Pause)
[2025-11-08T15:25:09.397+0000][gc,task       ] GC(1475) Using 2 workers of 2 for evacuation
[2025-11-08T15:25:09.416+0000][gc,phases     ] GC(1475)   Pre Evacuate Collection Set: 0.0ms
[2025-11-08T15:25:09.416+0000][gc,phases     ] GC(1475)   Evacuate Collection Set: 15.7ms
[2025-11-08T15:25:09.417+0000][gc,phases     ] GC(1475)   Post Evacuate Collection Set: 1.4ms
[2025-11-08T15:25:09.417+0000][gc,phases     ] GC(1475)   Other: 2.2ms
[2025-11-08T15:25:09.418+0000][gc,heap       ] GC(1475) Eden regions: 32->0(33)
[2025-11-08T15:25:09.420+0000][gc,heap       ] GC(1475) Survivor regions: 2->2(5)
[2025-11-08T15:25:09.421+0000][gc,heap       ] GC(1475) Old regions: 123->123
[2025-11-08T15:25:09.422+0000][gc,heap       ] GC(1475) Humongous regions: 147->147
[2025-11-08T15:25:09.423+0000][gc,metaspace  ] GC(1475) Metaspace: 52310K(55472K)->52310K(55472K) NonClass: 46522K(48304K)->46522K(48304K) Class: 5787K(7168K)->5787K(7168K)
[2025-11-08T15:25:09.424+0000][gc            ] GC(1475) Pause Young (Normal) (G1 Evacuation Pause) 303M->270M(667M) 27.955ms
[2025-11-08T15:25:09.425+0000][gc,cpu        ] GC(1475) User=0.04s Sys=0.00s Real=0.03s
[2025-11-08T15:25:12.159+0000][gc,start      ] GC(1476) Pause Young (Normal) (G1 Evacuation Pause)
[2025-11-08T15:25:12.159+0000][gc,task       ] GC(1476) Using 2 workers of 2 for evacuation
[2025-11-08T15:25:12.306+0000][gc,mmu        ] GC(1476) MMU target violated: 21.0ms (20.0ms/21.0ms)
[2025-11-08T15:25:12.307+0000][gc,phases     ] GC(1476)   Pre Evacuate Collection Set: 0.0ms
[2025-11-08T15:25:12.310+0000][gc,phases     ] GC(1476)   Evacuate Collection Set: 113.9ms
[2025-11-08T15:25:12.310+0000][gc,phases     ] GC(1476)   Post Evacuate Collection Set: 32.3ms
[2025-11-08T15:25:12.312+0000][gc,phases     ] GC(1476)   Other: 2.5ms
[2025-11-08T15:25:12.312+0000][gc,heap       ] GC(1476) Eden regions: 33->0(29)
[2025-11-08T15:25:12.313+0000][gc,heap       ] GC(1476) Survivor regions: 2->4(5)
[2025-11-08T15:25:12.314+0000][gc,heap       ] GC(1476) Old regions: 123->123
[2025-11-08T15:25:12.316+0000][gc,heap       ] GC(1476) Humongous regions: 147->147
[2025-11-08T15:25:12.316+0000][gc,metaspace  ] GC(1476) Metaspace: 52313K(55472K)->52313K(55472K) NonClass: 46525K(48304K)->46525K(48304K) Class: 5787K(7168K)->5787K(7168K)
[2025-11-08T15:25:12.317+0000][gc            ] GC(1476) Pause Young (Normal) (G1 Evacuation Pause) 303M->272M(667M) 158.335ms
[2025-11-08T15:25:12.318+0000][gc,cpu        ] GC(1476) User=0.17s Sys=0.09s Real=0.16s
[2025-11-08T15:25:14.605+0000][gc,start      ] GC(1477) Pause Young (Normal) (G1 Evacuation Pause)
[2025-11-08T15:25:14.605+0000][gc,task       ] GC(1477) Using 2 workers of 2 for evacuation
[2025-11-08T15:25:14.624+0000][gc,phases     ] GC(1477)   Pre Evacuate Collection Set: 0.0ms
[2025-11-08T15:25:14.624+0000][gc,phases     ] GC(1477)   Evacuate Collection Set: 16.1ms
[2025-11-08T15:25:14.625+0000][gc,phases     ] GC(1477)   Post Evacuate Collection Set: 1.3ms
[2025-11-08T15:25:14.625+0000][gc,phases     ] GC(1477)   Other: 1.8ms
[2025-11-08T15:25:14.626+0000][gc,heap       ] GC(1477) Eden regions: 29->0(30)
[2025-11-08T15:25:14.626+0000][gc,heap       ] GC(1477) Survivor regions: 4->3(5)
[2025-11-08T15:25:14.627+0000][gc,heap       ] GC(1477) Old regions: 123->124
[2025-11-08T15:25:14.627+0000][gc,heap       ] GC(1477) Humongous regions: 147->147
[2025-11-08T15:25:14.628+0000][gc,metaspace  ] GC(1477) Metaspace: 52321K(55472K)->52321K(55472K) NonClass: 46533K(48304K)->46533K(48304K) Class: 5787K(7168K)->5787K(7168K)
[2025-11-08T15:25:14.628+0000][gc            ] GC(1477) Pause Young (Normal) (G1 Evacuation Pause) 301M->272M(667M) 23.217ms
[2025-11-08T15:25:14.628+0000][gc,cpu        ] GC(1477) User=0.03s Sys=0.00s Real=0.02s
[2025-11-08T15:25:16.805+0000][gc,start      ] GC(1478) Pause Young (Normal) (G1 Evacuation Pause)
[2025-11-08T15:25:16.805+0000][gc,task       ] GC(1478) Using 2 workers of 2 for evacuation
[2025-11-08T15:25:16.820+0000][gc,phases     ] GC(1478)   Pre Evacuate Collection Set: 0.0ms
[2025-11-08T15:25:16.820+0000][gc,phases     ] GC(1478)   Evacuate Collection Set: 13.2ms
[2025-11-08T15:25:16.823+0000][gc,phases     ] GC(1478)   Post Evacuate Collection Set: 1.0ms
[2025-11-08T15:25:16.824+0000][gc,phases     ] GC(1478)   Other: 0.9ms
[2025-11-08T15:25:16.824+0000][gc,heap       ] GC(1478) Eden regions: 30->0(31)
[2025-11-08T15:25:16.825+0000][gc,heap       ] GC(1478) Survivor regions: 3->2(5)
[2025-11-08T15:25:16.826+0000][gc,heap       ] GC(1478) Old regions: 124->124
[2025-11-08T15:25:16.827+0000][gc,heap       ] GC(1478) Humongous regions: 147->147
[2025-11-08T15:25:16.827+0000][gc,metaspace  ] GC(1478) Metaspace: 52321K(55472K)->52321K(55472K) NonClass: 46533K(48304K)->46533K(48304K) Class: 5787K(7168K)->5787K(7168K)
[2025-11-08T15:25:16.828+0000][gc            ] GC(1478) Pause Young (Normal) (G1 Evacuation Pause) 302M->272M(667M) 22.897ms
[2025-11-08T15:25:16.828+0000][gc,cpu        ] GC(1478) User=0.03s Sys=0.00s Real=0.02s
[2025-11-08T15:25:19.166+0000][gc,start      ] GC(1479) Pause Young (Normal) (G1 Evacuation Pause)
[2025-11-08T15:25:19.166+0000][gc,task       ] GC(1479) Using 2 workers of 2 for evacuation
[2025-11-08T15:25:19.204+0000][gc,mmu        ] GC(1479) MMU target violated: 21.0ms (20.0ms/21.0ms)
[2025-11-08T15:25:19.205+0000][gc,phases     ] GC(1479)   Pre Evacuate Collection Set: 0.0ms
[2025-11-08T15:25:19.206+0000][gc,phases     ] GC(1479)   Evacuate Collection Set: 27.3ms
[2025-11-08T15:25:19.207+0000][gc,phases     ] GC(1479)   Post Evacuate Collection Set: 9.5ms
[2025-11-08T15:25:19.207+0000][gc,phases     ] GC(1479)   Other: 3.0ms
[2025-11-08T15:25:19.208+0000][gc,heap       ] GC(1479) Eden regions: 31->0(31)
[2025-11-08T15:25:19.208+0000][gc,heap       ] GC(1479) Survivor regions: 2->2(5)
[2025-11-08T15:25:19.209+0000][gc,heap       ] GC(1479) Old regions: 124->124
[2025-11-08T15:25:19.209+0000][gc,heap       ] GC(1479) Humongous regions: 147->147
[2025-11-08T15:25:19.209+0000][gc,metaspace  ] GC(1479) Metaspace: 52321K(55472K)->52321K(55472K) NonClass: 46533K(48304K)->46533K(48304K) Class: 5787K(7168K)->5787K(7168K)
[2025-11-08T15:25:19.210+0000][gc            ] GC(1479) Pause Young (Normal) (G1 Evacuation Pause) 303M->271M(667M) 44.667ms
[2025-11-08T15:25:19.211+0000][gc,cpu        ] GC(1479) User=0.06s Sys=0.00s Real=0.04s
[2025-11-08T15:25:21.688+0000][gc,start      ] GC(1480) Pause Young (Normal) (G1 Evacuation Pause)
[2025-11-08T15:25:21.689+0000][gc,task       ] GC(1480) Using 2 workers of 2 for evacuation
[2025-11-08T15:25:21.704+0000][gc,phases     ] GC(1480)   Pre Evacuate Collection Set: 0.0ms
[2025-11-08T15:25:21.704+0000][gc,phases     ] GC(1480)   Evacuate Collection Set: 12.8ms
[2025-11-08T15:25:21.705+0000][gc,phases     ] GC(1480)   Post Evacuate Collection Set: 1.2ms
[2025-11-08T15:25:21.705+0000][gc,phases     ] GC(1480)   Other: 2.0ms
[2025-11-08T15:25:21.706+0000][gc,heap       ] GC(1480) Eden regions: 31->0(31)
[2025-11-08T15:25:21.706+0000][gc,heap       ] GC(1480) Survivor regions: 2->2(5)
[2025-11-08T15:25:21.706+0000][gc,heap       ] GC(1480) Old regions: 124->124
[2025-11-08T15:25:21.707+0000][gc,heap       ] GC(1480) Humongous regions: 147->147
[2025-11-08T15:25:21.707+0000][gc,metaspace  ] GC(1480) Metaspace: 52321K(55472K)->52321K(55472K) NonClass: 46533K(48304K)->46533K(48304K) Class: 5787K(7168K)->5787K(7168K)
[2025-11-08T15:25:21.708+0000][gc            ] GC(1480) Pause Young (Normal) (G1 Evacuation Pause) 302M->271M(667M) 19.618ms
[2025-11-08T15:25:21.708+0000][gc,cpu        ] GC(1480) User=0.03s Sys=0.00s Real=0.02s
[2025-11-08T15:25:24.095+0000][gc,start      ] GC(1481) Pause Young (Normal) (G1 Evacuation Pause)
[2025-11-08T15:25:24.096+0000][gc,task       ] GC(1481) Using 2 workers of 2 for evacuation
[2025-11-08T15:25:24.117+0000][gc,mmu        ] GC(1481) MMU target violated: 20.7ms (20.0ms/21.0ms)
[2025-11-08T15:25:24.117+0000][gc,phases     ] GC(1481)   Pre Evacuate Collection Set: 0.1ms
[2025-11-08T15:25:24.121+0000][gc,phases     ] GC(1481)   Evacuate Collection Set: 17.2ms
[2025-11-08T15:25:24.122+0000][gc,phases     ] GC(1481)   Post Evacuate Collection Set: 3.2ms
[2025-11-08T15:25:24.122+0000][gc,phases     ] GC(1481)   Other: 1.7ms
[2025-11-08T15:25:24.123+0000][gc,heap       ] GC(1481) Eden regions: 31->0(30)
[2025-11-08T15:25:24.123+0000][gc,heap       ] GC(1481) Survivor regions: 2->3(5)
[2025-11-08T15:25:24.123+0000][gc,heap       ] GC(1481) Old regions: 124->124
[2025-11-08T15:25:24.124+0000][gc,heap       ] GC(1481) Humongous regions: 147->147
[2025-11-08T15:25:24.124+0000][gc,metaspace  ] GC(1481) Metaspace: 52321K(55472K)->52321K(55472K) NonClass: 46533K(48304K)->46533K(48304K) Class: 5787K(7168K)->5787K(7168K)
[2025-11-08T15:25:24.125+0000][gc            ] GC(1481) Pause Young (Normal) (G1 Evacuation Pause) 302M->273M(667M) 29.348ms
[2025-11-08T15:25:24.125+0000][gc,cpu        ] GC(1481) User=0.03s Sys=0.00s Real=0.03s
[2025-11-08T15:25:26.891+0000][gc,start      ] GC(1482) Pause Young (Normal) (G1 Evacuation Pause)
[2025-11-08T15:25:26.891+0000][gc,task       ] GC(1482) Using 2 workers of 2 for evacuation
[2025-11-08T15:25:26.913+0000][gc,mmu        ] GC(1482) MMU target violated: 21.0ms (20.0ms/21.0ms)
[2025-11-08T15:25:26.914+0000][gc,phases     ] GC(1482)   Pre Evacuate Collection Set: 0.1ms
[2025-11-08T15:25:26.915+0000][gc,phases     ] GC(1482)   Evacuate Collection Set: 19.3ms
[2025-11-08T15:25:26.915+0000][gc,phases     ] GC(1482)   Post Evacuate Collection Set: 1.5ms
[2025-11-08T15:25:26.915+0000][gc,phases     ] GC(1482)   Other: 2.4ms
[2025-11-08T15:25:26.916+0000][gc,heap       ] GC(1482) Eden regions: 30->0(30)
[2025-11-08T15:25:26.916+0000][gc,heap       ] GC(1482) Survivor regions: 3->3(5)
[2025-11-08T15:25:26.917+0000][gc,heap       ] GC(1482) Old regions: 124->124
[2025-11-08T15:25:26.918+0000][gc,heap       ] GC(1482) Humongous regions: 147->147
[2025-11-08T15:25:26.919+0000][gc,metaspace  ] GC(1482) Metaspace: 52329K(55472K)->52329K(55472K) NonClass: 46541K(48304K)->46541K(48304K) Class: 5787K(7168K)->5787K(7168K)
[2025-11-08T15:25:26.919+0000][gc            ] GC(1482) Pause Young (Normal) (G1 Evacuation Pause) 303M->272M(667M) 28.397ms
[2025-11-08T15:25:26.920+0000][gc,cpu        ] GC(1482) User=0.04s Sys=0.00s Real=0.03s
[2025-11-08T15:25:29.505+0000][gc,start      ] GC(1483) Pause Young (Normal) (G1 Evacuation Pause)
[2025-11-08T15:25:29.506+0000][gc,task       ] GC(1483) Using 2 workers of 2 for evacuation
[2025-11-08T15:25:29.530+0000][gc,mmu        ] GC(1483) MMU target violated: 21.0ms (20.0ms/21.0ms)
[2025-11-08T15:25:29.531+0000][gc,phases     ] GC(1483)   Pre Evacuate Collection Set: 0.0ms
[2025-11-08T15:25:29.532+0000][gc,phases     ] GC(1483)   Evacuate Collection Set: 19.8ms
[2025-11-08T15:25:29.533+0000][gc,phases     ] GC(1483)   Post Evacuate Collection Set: 2.7ms
[2025-11-08T15:25:29.533+0000][gc,phases     ] GC(1483)   Other: 3.3ms
[2025-11-08T15:25:29.534+0000][gc,heap       ] GC(1483) Eden regions: 30->0(31)
[2025-11-08T15:25:29.534+0000][gc,heap       ] GC(1483) Survivor regions: 3->2(5)
[2025-11-08T15:25:29.535+0000][gc,heap       ] GC(1483) Old regions: 124->124
[2025-11-08T15:25:29.539+0000][gc,heap       ] GC(1483) Humongous regions: 147->147
[2025-11-08T15:25:29.541+0000][gc,metaspace  ] GC(1483) Metaspace: 52329K(55472K)->52329K(55472K) NonClass: 46541K(48304K)->46541K(48304K) Class: 5787K(7168K)->5787K(7168K)
[2025-11-08T15:25:29.543+0000][gc            ] GC(1483) Pause Young (Normal) (G1 Evacuation Pause) 302M->272M(667M) 37.809ms
[2025-11-08T15:25:29.543+0000][gc,cpu        ] GC(1483) User=0.03s Sys=0.00s Real=0.03s
[2025-11-08T15:25:32.102+0000][gc,start      ] GC(1484) Pause Young (Normal) (G1 Evacuation Pause)
[2025-11-08T15:25:32.104+0000][gc,task       ] GC(1484) Using 2 workers of 2 for evacuation
[2025-11-08T15:25:32.124+0000][gc,phases     ] GC(1484)   Pre Evacuate Collection Set: 0.0ms
[2025-11-08T15:25:32.125+0000][gc,phases     ] GC(1484)   Evacuate Collection Set: 17.1ms
[2025-11-08T15:25:32.126+0000][gc,phases     ] GC(1484)   Post Evacuate Collection Set: 2.5ms
[2025-11-08T15:25:32.126+0000][gc,phases     ] GC(1484)   Other: 3.2ms
[2025-11-08T15:25:32.127+0000][gc,heap       ] GC(1484) Eden regions: 31->0(31)
[2025-11-08T15:25:32.128+0000][gc,heap       ] GC(1484) Survivor regions: 2->2(5)
[2025-11-08T15:25:32.129+0000][gc,heap       ] GC(1484) Old regions: 124->124
[2025-11-08T15:25:32.129+0000][gc,heap       ] GC(1484) Humongous regions: 147->147
[2025-11-08T15:25:32.130+0000][gc,metaspace  ] GC(1484) Metaspace: 52329K(55472K)->52329K(55472K) NonClass: 46541K(48304K)->46541K(48304K) Class: 5787K(7168K)->5787K(7168K)
[2025-11-08T15:25:32.132+0000][gc            ] GC(1484) Pause Young (Normal) (G1 Evacuation Pause) 303M->272M(667M) 29.771ms
[2025-11-08T15:25:32.133+0000][gc,cpu        ] GC(1484) User=0.04s Sys=0.00s Real=0.03s
[2025-11-08T15:25:34.659+0000][gc,start      ] GC(1485) Pause Young (Normal) (G1 Evacuation Pause)
[2025-11-08T15:25:34.660+0000][gc,task       ] GC(1485) Using 2 workers of 2 for evacuation
[2025-11-08T15:25:34.675+0000][gc,phases     ] GC(1485)   Pre Evacuate Collection Set: 0.0ms
[2025-11-08T15:25:34.675+0000][gc,phases     ] GC(1485)   Evacuate Collection Set: 12.7ms
[2025-11-08T15:25:34.676+0000][gc,phases     ] GC(1485)   Post Evacuate Collection Set: 1.3ms
[2025-11-08T15:25:34.676+0000][gc,phases     ] GC(1485)   Other: 1.6ms
[2025-11-08T15:25:34.676+0000][gc,heap       ] GC(1485) Eden regions: 31->0(31)
[2025-11-08T15:25:34.677+0000][gc,heap       ] GC(1485) Survivor regions: 2->2(5)
[2025-11-08T15:25:34.677+0000][gc,heap       ] GC(1485) Old regions: 124->124
[2025-11-08T15:25:34.678+0000][gc,heap       ] GC(1485) Humongous regions: 147->147
[2025-11-08T15:25:34.678+0000][gc,metaspace  ] GC(1485) Metaspace: 52329K(55472K)->52329K(55472K) NonClass: 46541K(48304K)->46541K(48304K) Class: 5787K(7168K)->5787K(7168K)
[2025-11-08T15:25:34.679+0000][gc            ] GC(1485) Pause Young (Normal) (G1 Evacuation Pause) 303M->271M(667M) 19.315ms
[2025-11-08T15:25:34.679+0000][gc,cpu        ] GC(1485) User=0.03s Sys=0.00s Real=0.02s
[2025-11-08T15:25:37.207+0000][gc,start      ] GC(1486) Pause Young (Normal) (G1 Evacuation Pause)
[2025-11-08T15:25:37.208+0000][gc,task       ] GC(1486) Using 2 workers of 2 for evacuation
[2025-11-08T15:25:37.231+0000][gc,mmu        ] GC(1486) MMU target violated: 21.0ms (20.0ms/21.0ms)
[2025-11-08T15:25:37.231+0000][gc,phases     ] GC(1486)   Pre Evacuate Collection Set: 0.0ms
[2025-11-08T15:25:37.231+0000][gc,phases     ] GC(1486)   Evacuate Collection Set: 19.4ms
[2025-11-08T15:25:37.232+0000][gc,phases     ] GC(1486)   Post Evacuate Collection Set: 2.8ms
[2025-11-08T15:25:37.232+0000][gc,phases     ] GC(1486)   Other: 1.8ms
[2025-11-08T15:25:37.233+0000][gc,heap       ] GC(1486) Eden regions: 31->0(30)
[2025-11-08T15:25:37.233+0000][gc,heap       ] GC(1486) Survivor regions: 2->3(5)
[2025-11-08T15:25:37.234+0000][gc,heap       ] GC(1486) Old regions: 124->124
[2025-11-08T15:25:37.235+0000][gc,heap       ] GC(1486) Humongous regions: 147->147
[2025-11-08T15:25:37.235+0000][gc,metaspace  ] GC(1486) Metaspace: 52329K(55472K)->52329K(55472K) NonClass: 46541K(48304K)->46541K(48304K) Class: 5787K(7168K)->5787K(7168K)
[2025-11-08T15:25:37.236+0000][gc            ] GC(1486) Pause Young (Normal) (G1 Evacuation Pause) 302M->273M(667M) 28.534ms
[2025-11-08T15:25:37.236+0000][gc,cpu        ] GC(1486) User=0.04s Sys=0.00s Real=0.03s
[2025-11-08T15:25:39.965+0000][gc,start      ] GC(1487) Pause Young (Normal) (G1 Evacuation Pause)
[2025-11-08T15:25:39.965+0000][gc,task       ] GC(1487) Using 2 workers of 2 for evacuation
[2025-11-08T15:25:39.989+0000][gc,mmu        ] GC(1487) MMU target violated: 21.0ms (20.0ms/21.0ms)
[2025-11-08T15:25:39.991+0000][gc,phases     ] GC(1487)   Pre Evacuate Collection Set: 0.0ms
[2025-11-08T15:25:39.992+0000][gc,phases     ] GC(1487)   Evacuate Collection Set: 21.0ms
[2025-11-08T15:25:39.992+0000][gc,phases     ] GC(1487)   Post Evacuate Collection Set: 1.7ms
[2025-11-08T15:25:39.993+0000][gc,phases     ] GC(1487)   Other: 3.2ms
[2025-11-08T15:25:39.993+0000][gc,heap       ] GC(1487) Eden regions: 30->0(30)
[2025-11-08T15:25:39.994+0000][gc,heap       ] GC(1487) Survivor regions: 3->3(5)
[2025-11-08T15:25:39.995+0000][gc,heap       ] GC(1487) Old regions: 124->124
[2025-11-08T15:25:39.996+0000][gc,heap       ] GC(1487) Humongous regions: 147->147
[2025-11-08T15:25:39.996+0000][gc,metaspace  ] GC(1487) Metaspace: 52329K(55472K)->52329K(55472K) NonClass: 46541K(48304K)->46541K(48304K) Class: 5787K(7168K)->5787K(7168K)
[2025-11-08T15:25:39.997+0000][gc            ] GC(1487) Pause Young (Normal) (G1 Evacuation Pause) 303M->273M(667M) 31.975ms
[2025-11-08T15:25:39.997+0000][gc,cpu        ] GC(1487) User=0.04s Sys=0.00s Real=0.03s
[2025-11-08T15:25:42.284+0000][gc,start      ] GC(1488) Pause Young (Normal) (G1 Evacuation Pause)
[2025-11-08T15:25:42.285+0000][gc,task       ] GC(1488) Using 2 workers of 2 for evacuation
[2025-11-08T15:25:42.298+0000][gc,phases     ] GC(1488)   Pre Evacuate Collection Set: 0.0ms
[2025-11-08T15:25:42.300+0000][gc,phases     ] GC(1488)   Evacuate Collection Set: 11.2ms
[2025-11-08T15:25:42.300+0000][gc,phases     ] GC(1488)   Post Evacuate Collection Set: 1.1ms
[2025-11-08T15:25:42.301+0000][gc,phases     ] GC(1488)   Other: 1.6ms
[2025-11-08T15:25:42.302+0000][gc,heap       ] GC(1488) Eden regions: 30->0(31)
[2025-11-08T15:25:42.303+0000][gc,heap       ] GC(1488) Survivor regions: 3->2(5)
[2025-11-08T15:25:42.303+0000][gc,heap       ] GC(1488) Old regions: 124->124
[2025-11-08T15:25:42.303+0000][gc,heap       ] GC(1488) Humongous regions: 147->147
[2025-11-08T15:25:42.304+0000][gc,metaspace  ] GC(1488) Metaspace: 52329K(55472K)->52329K(55472K) NonClass: 46541K(48304K)->46541K(48304K) Class: 5787K(7168K)->5787K(7168K)
[2025-11-08T15:25:42.304+0000][gc            ] GC(1488) Pause Young (Normal) (G1 Evacuation Pause) 303M->272M(667M) 20.015ms
[2025-11-08T15:25:42.305+0000][gc,cpu        ] GC(1488) User=0.03s Sys=0.00s Real=0.02s
[2025-11-08T15:25:44.736+0000][gc,start      ] GC(1489) Pause Young (Normal) (G1 Evacuation Pause)
[2025-11-08T15:25:44.740+0000][gc,task       ] GC(1489) Using 2 workers of 2 for evacuation
[2025-11-08T15:25:44.756+0000][gc,phases     ] GC(1489)   Pre Evacuate Collection Set: 0.0ms
[2025-11-08T15:25:44.757+0000][gc,phases     ] GC(1489)   Evacuate Collection Set: 15.0ms
[2025-11-08T15:25:44.757+0000][gc,phases     ] GC(1489)   Post Evacuate Collection Set: 1.2ms
[2025-11-08T15:25:44.758+0000][gc,phases     ] GC(1489)   Other: 3.9ms
[2025-11-08T15:25:44.760+0000][gc,heap       ] GC(1489) Eden regions: 31->0(31)
[2025-11-08T15:25:44.760+0000][gc,heap       ] GC(1489) Survivor regions: 2->2(5)
[2025-11-08T15:25:44.760+0000][gc,heap       ] GC(1489) Old regions: 124->124
[2025-11-08T15:25:44.761+0000][gc,heap       ] GC(1489) Humongous regions: 147->147
[2025-11-08T15:25:44.764+0000][gc,metaspace  ] GC(1489) Metaspace: 52329K(55472K)->52329K(55472K) NonClass: 46541K(48304K)->46541K(48304K) Class: 5787K(7168K)->5787K(7168K)
[2025-11-08T15:25:44.764+0000][gc            ] GC(1489) Pause Young (Normal) (G1 Evacuation Pause) 303M->272M(667M) 27.865ms
[2025-11-08T15:25:44.765+0000][gc,cpu        ] GC(1489) User=0.03s Sys=0.00s Real=0.02s
[2025-11-08T15:25:47.057+0000][gc,start      ] GC(1490) Pause Young (Normal) (G1 Evacuation Pause)
[2025-11-08T15:25:47.058+0000][gc,task       ] GC(1490) Using 2 workers of 2 for evacuation
[2025-11-08T15:25:47.078+0000][gc,phases     ] GC(1490)   Pre Evacuate Collection Set: 0.0ms
[2025-11-08T15:25:47.078+0000][gc,phases     ] GC(1490)   Evacuate Collection Set: 16.9ms
[2025-11-08T15:25:47.079+0000][gc,phases     ] GC(1490)   Post Evacuate Collection Set: 2.2ms
[2025-11-08T15:25:47.079+0000][gc,phases     ] GC(1490)   Other: 1.6ms
[2025-11-08T15:25:47.081+0000][gc,heap       ] GC(1490) Eden regions: 31->0(31)
[2025-11-08T15:25:47.082+0000][gc,heap       ] GC(1490) Survivor regions: 2->2(5)
[2025-11-08T15:25:47.083+0000][gc,heap       ] GC(1490) Old regions: 124->124
[2025-11-08T15:25:47.084+0000][gc,heap       ] GC(1490) Humongous regions: 147->147
[2025-11-08T15:25:47.085+0000][gc,metaspace  ] GC(1490) Metaspace: 52329K(55472K)->52329K(55472K) NonClass: 46541K(48304K)->46541K(48304K) Class: 5787K(7168K)->5787K(7168K)
[2025-11-08T15:25:47.086+0000][gc            ] GC(1490) Pause Young (Normal) (G1 Evacuation Pause) 303M->272M(667M) 28.845ms
[2025-11-08T15:25:47.088+0000][gc,cpu        ] GC(1490) User=0.04s Sys=0.00s Real=0.03s
[2025-11-08T15:25:49.439+0000][gc,start      ] GC(1491) Pause Young (Normal) (G1 Evacuation Pause)
[2025-11-08T15:25:49.441+0000][gc,task       ] GC(1491) Using 2 workers of 2 for evacuation
[2025-11-08T15:25:49.471+0000][gc,mmu        ] GC(1491) MMU target violated: 21.0ms (20.0ms/21.0ms)
[2025-11-08T15:25:49.472+0000][gc,phases     ] GC(1491)   Pre Evacuate Collection Set: 0.0ms
[2025-11-08T15:25:49.472+0000][gc,phases     ] GC(1491)   Evacuate Collection Set: 26.2ms
[2025-11-08T15:25:49.472+0000][gc,phases     ] GC(1491)   Post Evacuate Collection Set: 3.3ms
[2025-11-08T15:25:49.475+0000][gc,phases     ] GC(1491)   Other: 2.6ms
[2025-11-08T15:25:49.475+0000][gc,heap       ] GC(1491) Eden regions: 31->0(30)
[2025-11-08T15:25:49.476+0000][gc,heap       ] GC(1491) Survivor regions: 2->3(5)
[2025-11-08T15:25:49.476+0000][gc,heap       ] GC(1491) Old regions: 124->124
[2025-11-08T15:25:49.481+0000][gc,heap       ] GC(1491) Humongous regions: 147->147
[2025-11-08T15:25:49.481+0000][gc,metaspace  ] GC(1491) Metaspace: 52329K(55472K)->52329K(55472K) NonClass: 46541K(48304K)->46541K(48304K) Class: 5787K(7168K)->5787K(7168K)
[2025-11-08T15:25:49.483+0000][gc            ] GC(1491) Pause Young (Normal) (G1 Evacuation Pause) 303M->273M(667M) 43.729ms
[2025-11-08T15:25:49.484+0000][gc,cpu        ] GC(1491) User=0.05s Sys=0.00s Real=0.04s
[2025-11-08T15:25:51.847+0000][gc,start      ] GC(1492) Pause Young (Normal) (G1 Evacuation Pause)
[2025-11-08T15:25:51.848+0000][gc,task       ] GC(1492) Using 2 workers of 2 for evacuation
[2025-11-08T15:25:51.867+0000][gc,phases     ] GC(1492)   Pre Evacuate Collection Set: 0.1ms
[2025-11-08T15:25:51.868+0000][gc,phases     ] GC(1492)   Evacuate Collection Set: 16.5ms
[2025-11-08T15:25:51.868+0000][gc,phases     ] GC(1492)   Post Evacuate Collection Set: 2.1ms
[2025-11-08T15:25:51.869+0000][gc,phases     ] GC(1492)   Other: 1.5ms
[2025-11-08T15:25:51.870+0000][gc,heap       ] GC(1492) Eden regions: 30->0(30)
[2025-11-08T15:25:51.870+0000][gc,heap       ] GC(1492) Survivor regions: 3->3(5)
[2025-11-08T15:25:51.872+0000][gc,heap       ] GC(1492) Old regions: 124->125
[2025-11-08T15:25:51.873+0000][gc,heap       ] GC(1492) Humongous regions: 147->147
[2025-11-08T15:25:51.873+0000][gc,metaspace  ] GC(1492) Metaspace: 52329K(55472K)->52329K(55472K) NonClass: 46541K(48304K)->46541K(48304K) Class: 5787K(7168K)->5787K(7168K)
[2025-11-08T15:25:51.874+0000][gc            ] GC(1492) Pause Young (Normal) (G1 Evacuation Pause) 303M->273M(667M) 26.627ms
[2025-11-08T15:25:51.874+0000][gc,cpu        ] GC(1492) User=0.03s Sys=0.00s Real=0.02s
[2025-11-08T15:25:54.038+0000][gc,start      ] GC(1493) Pause Young (Normal) (G1 Evacuation Pause)
[2025-11-08T15:25:54.038+0000][gc,task       ] GC(1493) Using 2 workers of 2 for evacuation
[2025-11-08T15:25:54.053+0000][gc,phases     ] GC(1493)   Pre Evacuate Collection Set: 0.0ms
[2025-11-08T15:25:54.053+0000][gc,phases     ] GC(1493)   Evacuate Collection Set: 12.7ms
[2025-11-08T15:25:54.054+0000][gc,phases     ] GC(1493)   Post Evacuate Collection Set: 1.2ms
[2025-11-08T15:25:54.054+0000][gc,phases     ] GC(1493)   Other: 1.0ms
[2025-11-08T15:25:54.054+0000][gc,heap       ] GC(1493) Eden regions: 30->0(31)
[2025-11-08T15:25:54.055+0000][gc,heap       ] GC(1493) Survivor regions: 3->2(5)
[2025-11-08T15:25:54.055+0000][gc,heap       ] GC(1493) Old regions: 125->125
[2025-11-08T15:25:54.055+0000][gc,heap       ] GC(1493) Humongous regions: 147->147
[2025-11-08T15:25:54.056+0000][gc,metaspace  ] GC(1493) Metaspace: 52329K(55472K)->52329K(55472K) NonClass: 46541K(48304K)->46541K(48304K) Class: 5787K(7168K)->5787K(7168K)
[2025-11-08T15:25:54.056+0000][gc            ] GC(1493) Pause Young (Normal) (G1 Evacuation Pause) 303M->273M(667M) 18.200ms
[2025-11-08T15:25:54.057+0000][gc,cpu        ] GC(1493) User=0.03s Sys=0.00s Real=0.02s
[2025-11-08T15:25:56.382+0000][gc,start      ] GC(1494) Pause Young (Normal) (G1 Evacuation Pause)
[2025-11-08T15:25:56.383+0000][gc,task       ] GC(1494) Using 2 workers of 2 for evacuation
[2025-11-08T15:25:56.398+0000][gc,phases     ] GC(1494)   Pre Evacuate Collection Set: 0.0ms
[2025-11-08T15:25:56.399+0000][gc,phases     ] GC(1494)   Evacuate Collection Set: 13.3ms
[2025-11-08T15:25:56.399+0000][gc,phases     ] GC(1494)   Post Evacuate Collection Set: 1.2ms
[2025-11-08T15:25:56.400+0000][gc,phases     ] GC(1494)   Other: 1.4ms
[2025-11-08T15:25:56.400+0000][gc,heap       ] GC(1494) Eden regions: 31->0(32)
[2025-11-08T15:25:56.401+0000][gc,heap       ] GC(1494) Survivor regions: 2->2(5)
[2025-11-08T15:25:56.401+0000][gc,heap       ] GC(1494) Old regions: 125->125
[2025-11-08T15:25:56.401+0000][gc,heap       ] GC(1494) Humongous regions: 147->147
[2025-11-08T15:25:56.402+0000][gc,metaspace  ] GC(1494) Metaspace: 52329K(55472K)->52329K(55472K) NonClass: 46541K(48304K)->46541K(48304K) Class: 5787K(7168K)->5787K(7168K)
[2025-11-08T15:25:56.402+0000][gc            ] GC(1494) Pause Young (Normal) (G1 Evacuation Pause) 304M->272M(667M) 19.782ms
[2025-11-08T15:25:56.403+0000][gc,cpu        ] GC(1494) User=0.03s Sys=0.00s Real=0.02s
[2025-11-08T15:25:58.777+0000][gc,start      ] GC(1495) Pause Young (Normal) (G1 Evacuation Pause)
[2025-11-08T15:25:58.778+0000][gc,task       ] GC(1495) Using 2 workers of 2 for evacuation
[2025-11-08T15:25:58.798+0000][gc,phases     ] GC(1495)   Pre Evacuate Collection Set: 1.0ms
[2025-11-08T15:25:58.799+0000][gc,phases     ] GC(1495)   Evacuate Collection Set: 16.0ms
[2025-11-08T15:25:58.799+0000][gc,phases     ] GC(1495)   Post Evacuate Collection Set: 1.9ms
[2025-11-08T15:25:58.800+0000][gc,phases     ] GC(1495)   Other: 2.2ms
[2025-11-08T15:25:58.801+0000][gc,heap       ] GC(1495) Eden regions: 32->0(32)
[2025-11-08T15:25:58.801+0000][gc,heap       ] GC(1495) Survivor regions: 2->2(5)
[2025-11-08T15:25:58.802+0000][gc,heap       ] GC(1495) Old regions: 125->125
[2025-11-08T15:25:58.803+0000][gc,heap       ] GC(1495) Humongous regions: 147->147
[2025-11-08T15:25:58.803+0000][gc,metaspace  ] GC(1495) Metaspace: 52329K(55472K)->52329K(55472K) NonClass: 46541K(48304K)->46541K(48304K) Class: 5787K(7168K)->5787K(7168K)
[2025-11-08T15:25:58.804+0000][gc            ] GC(1495) Pause Young (Normal) (G1 Evacuation Pause) 304M->272M(667M) 26.556ms
[2025-11-08T15:25:58.804+0000][gc,cpu        ] GC(1495) User=0.04s Sys=0.00s Real=0.02s
[2025-11-08T15:26:01.314+0000][gc,start      ] GC(1496) Pause Young (Normal) (G1 Evacuation Pause)
[2025-11-08T15:26:01.317+0000][gc,task       ] GC(1496) Using 2 workers of 2 for evacuation
[2025-11-08T15:26:01.365+0000][gc,mmu        ] GC(1496) MMU target violated: 21.0ms (20.0ms/21.0ms)
[2025-11-08T15:26:01.367+0000][gc,phases     ] GC(1496)   Pre Evacuate Collection Set: 0.1ms
[2025-11-08T15:26:01.368+0000][gc,phases     ] GC(1496)   Evacuate Collection Set: 27.4ms
[2025-11-08T15:26:01.369+0000][gc,phases     ] GC(1496)   Post Evacuate Collection Set: 3.2ms
[2025-11-08T15:26:01.369+0000][gc,phases     ] GC(1496)   Other: 21.8ms
[2025-11-08T15:26:01.370+0000][gc,heap       ] GC(1496) Eden regions: 31->0(30)
[2025-11-08T15:26:01.370+0000][gc,heap       ] GC(1496) Survivor regions: 2->3(5)
[2025-11-08T15:26:01.371+0000][gc,heap       ] GC(1496) Old regions: 125->125
[2025-11-08T15:26:01.371+0000][gc,heap       ] GC(1496) Humongous regions: 147->147
[2025-11-08T15:26:01.372+0000][gc,metaspace  ] GC(1496) Metaspace: 52329K(55472K)->52329K(55472K) NonClass: 46541K(48304K)->46541K(48304K) Class: 5787K(7168K)->5787K(7168K)
[2025-11-08T15:26:01.374+0000][gc            ] GC(1496) Pause Young (Normal) (G1 Evacuation Pause) 303M->274M(667M) 59.421ms
[2025-11-08T15:26:01.375+0000][gc,cpu        ] GC(1496) User=0.06s Sys=0.00s Real=0.06s
[2025-11-08T15:26:03.579+0000][gc,start      ] GC(1497) Pause Young (Normal) (G1 Evacuation Pause)
[2025-11-08T15:26:03.579+0000][gc,task       ] GC(1497) Using 2 workers of 2 for evacuation
[2025-11-08T15:26:03.598+0000][gc,phases     ] GC(1497)   Pre Evacuate Collection Set: 0.0ms
[2025-11-08T15:26:03.598+0000][gc,phases     ] GC(1497)   Evacuate Collection Set: 15.3ms
[2025-11-08T15:26:03.599+0000][gc,phases     ] GC(1497)   Post Evacuate Collection Set: 1.2ms
[2025-11-08T15:26:03.599+0000][gc,phases     ] GC(1497)   Other: 2.5ms
[2025-11-08T15:26:03.599+0000][gc,heap       ] GC(1497) Eden regions: 30->0(30)
[2025-11-08T15:26:03.601+0000][gc,heap       ] GC(1497) Survivor regions: 3->3(5)
[2025-11-08T15:26:03.602+0000][gc,heap       ] GC(1497) Old regions: 125->125
[2025-11-08T15:26:03.602+0000][gc,heap       ] GC(1497) Humongous regions: 147->147
[2025-11-08T15:26:03.603+0000][gc,metaspace  ] GC(1497) Metaspace: 52329K(55472K)->52329K(55472K) NonClass: 46541K(48304K)->46541K(48304K) Class: 5787K(7168K)->5787K(7168K)
[2025-11-08T15:26:03.603+0000][gc            ] GC(1497) Pause Young (Normal) (G1 Evacuation Pause) 304M->273M(667M) 24.580ms
[2025-11-08T15:26:03.604+0000][gc,cpu        ] GC(1497) User=0.03s Sys=0.00s Real=0.02s
[2025-11-08T15:26:05.864+0000][gc,start      ] GC(1498) Pause Young (Normal) (G1 Evacuation Pause)
[2025-11-08T15:26:05.867+0000][gc,task       ] GC(1498) Using 2 workers of 2 for evacuation
[2025-11-08T15:26:05.889+0000][gc,mmu        ] GC(1498) MMU target violated: 21.0ms (20.0ms/21.0ms)
[2025-11-08T15:26:05.890+0000][gc,phases     ] GC(1498)   Pre Evacuate Collection Set: 0.1ms
[2025-11-08T15:26:05.891+0000][gc,phases     ] GC(1498)   Evacuate Collection Set: 16.1ms
[2025-11-08T15:26:05.891+0000][gc,phases     ] GC(1498)   Post Evacuate Collection Set: 5.1ms
[2025-11-08T15:26:05.892+0000][gc,phases     ] GC(1498)   Other: 4.9ms
[2025-11-08T15:26:05.892+0000][gc,heap       ] GC(1498) Eden regions: 30->0(31)
[2025-11-08T15:26:05.893+0000][gc,heap       ] GC(1498) Survivor regions: 3->2(5)
[2025-11-08T15:26:05.894+0000][gc,heap       ] GC(1498) Old regions: 125->125
[2025-11-08T15:26:05.894+0000][gc,heap       ] GC(1498) Humongous regions: 147->147
[2025-11-08T15:26:05.894+0000][gc,metaspace  ] GC(1498) Metaspace: 52329K(55472K)->52329K(55472K) NonClass: 46541K(48304K)->46541K(48304K) Class: 5787K(7168K)->5787K(7168K)
[2025-11-08T15:26:05.895+0000][gc            ] GC(1498) Pause Young (Normal) (G1 Evacuation Pause) 303M->273M(667M) 31.673ms
[2025-11-08T15:26:05.896+0000][gc,cpu        ] GC(1498) User=0.04s Sys=0.00s Real=0.04s
[2025-11-08T15:26:08.130+0000][gc,start      ] GC(1499) Pause Young (Normal) (G1 Evacuation Pause)
[2025-11-08T15:26:08.130+0000][gc,task       ] GC(1499) Using 2 workers of 2 for evacuation
[2025-11-08T15:26:08.141+0000][gc,phases     ] GC(1499)   Pre Evacuate Collection Set: 0.0ms
[2025-11-08T15:26:08.141+0000][gc,phases     ] GC(1499)   Evacuate Collection Set: 9.4ms
[2025-11-08T15:26:08.142+0000][gc,phases     ] GC(1499)   Post Evacuate Collection Set: 1.1ms
[2025-11-08T15:26:08.142+0000][gc,phases     ] GC(1499)   Other: 0.8ms
[2025-11-08T15:26:08.142+0000][gc,heap       ] GC(1499) Eden regions: 31->0(33)
[2025-11-08T15:26:08.142+0000][gc,heap       ] GC(1499) Survivor regions: 2->2(5)
[2025-11-08T15:26:08.143+0000][gc,heap       ] GC(1499) Old regions: 125->125
[2025-11-08T15:26:08.143+0000][gc,heap       ] GC(1499) Humongous regions: 147->147
[2025-11-08T15:26:08.143+0000][gc,metaspace  ] GC(1499) Metaspace: 52329K(55472K)->52329K(55472K) NonClass: 46541K(48304K)->46541K(48304K) Class: 5787K(7168K)->5787K(7168K)
[2025-11-08T15:26:08.144+0000][gc            ] GC(1499) Pause Young (Normal) (G1 Evacuation Pause) 304M->273M(667M) 14.115ms
[2025-11-08T15:26:08.144+0000][gc,cpu        ] GC(1499) User=0.02s Sys=0.00s Real=0.01s
[2025-11-08T15:26:10.530+0000][gc,start      ] GC(1500) Pause Young (Normal) (G1 Evacuation Pause)
[2025-11-08T15:26:10.530+0000][gc,task       ] GC(1500) Using 2 workers of 2 for evacuation
[2025-11-08T15:26:10.542+0000][gc,phases     ] GC(1500)   Pre Evacuate Collection Set: 0.0ms
[2025-11-08T15:26:10.542+0000][gc,phases     ] GC(1500)   Evacuate Collection Set: 9.9ms
[2025-11-08T15:26:10.543+0000][gc,phases     ] GC(1500)   Post Evacuate Collection Set: 1.2ms
[2025-11-08T15:26:10.543+0000][gc,phases     ] GC(1500)   Other: 1.2ms
[2025-11-08T15:26:10.543+0000][gc,heap       ] GC(1500) Eden regions: 33->0(35)
[2025-11-08T15:26:10.544+0000][gc,heap       ] GC(1500) Survivor regions: 2->2(5)
[2025-11-08T15:26:10.544+0000][gc,heap       ] GC(1500) Old regions: 125->125
[2025-11-08T15:26:10.545+0000][gc,heap       ] GC(1500) Humongous regions: 147->147
[2025-11-08T15:26:10.545+0000][gc,metaspace  ] GC(1500) Metaspace: 52330K(55472K)->52330K(55472K) NonClass: 46543K(48304K)->46543K(48304K) Class: 5787K(7168K)->5787K(7168K)
[2025-11-08T15:26:10.546+0000][gc            ] GC(1500) Pause Young (Normal) (G1 Evacuation Pause) 306M->273M(667M) 15.966ms
[2025-11-08T15:26:10.546+0000][gc,cpu        ] GC(1500) User=0.02s Sys=0.00s Real=0.02s
[2025-11-08T15:26:13.134+0000][gc,start      ] GC(1501) Pause Young (Normal) (G1 Evacuation Pause)
[2025-11-08T15:26:13.135+0000][gc,task       ] GC(1501) Using 2 workers of 2 for evacuation
[2025-11-08T15:26:13.145+0000][gc,phases     ] GC(1501)   Pre Evacuate Collection Set: 0.0ms
[2025-11-08T15:26:13.146+0000][gc,phases     ] GC(1501)   Evacuate Collection Set: 9.2ms
[2025-11-08T15:26:13.146+0000][gc,phases     ] GC(1501)   Post Evacuate Collection Set: 1.1ms
[2025-11-08T15:26:13.147+0000][gc,phases     ] GC(1501)   Other: 0.7ms
[2025-11-08T15:26:13.147+0000][gc,heap       ] GC(1501) Eden regions: 35->0(38)
[2025-11-08T15:26:13.147+0000][gc,heap       ] GC(1501) Survivor regions: 2->2(5)
[2025-11-08T15:26:13.147+0000][gc,heap       ] GC(1501) Old regions: 125->125
[2025-11-08T15:26:13.148+0000][gc,heap       ] GC(1501) Humongous regions: 147->147
[2025-11-08T15:26:13.148+0000][gc,metaspace  ] GC(1501) Metaspace: 52330K(55472K)->52330K(55472K) NonClass: 46543K(48304K)->46543K(48304K) Class: 5787K(7168K)->5787K(7168K)
[2025-11-08T15:26:13.149+0000][gc            ] GC(1501) Pause Young (Normal) (G1 Evacuation Pause) 308M->273M(667M) 14.829ms
[2025-11-08T15:26:13.149+0000][gc,cpu        ] GC(1501) User=0.02s Sys=0.00s Real=0.01s
[2025-11-08T15:26:15.997+0000][gc,start      ] GC(1502) Pause Young (Normal) (G1 Evacuation Pause)
[2025-11-08T15:26:15.998+0000][gc,task       ] GC(1502) Using 2 workers of 2 for evacuation
[2025-11-08T15:26:16.013+0000][gc,phases     ] GC(1502)   Pre Evacuate Collection Set: 0.0ms
[2025-11-08T15:26:16.014+0000][gc,phases     ] GC(1502)   Evacuate Collection Set: 14.4ms
[2025-11-08T15:26:16.014+0000][gc,phases     ] GC(1502)   Post Evacuate Collection Set: 1.0ms
[2025-11-08T15:26:16.014+0000][gc,phases     ] GC(1502)   Other: 1.0ms
[2025-11-08T15:26:16.014+0000][gc,heap       ] GC(1502) Eden regions: 38->0(39)
[2025-11-08T15:26:16.015+0000][gc,heap       ] GC(1502) Survivor regions: 2->3(5)
[2025-11-08T15:26:16.015+0000][gc,heap       ] GC(1502) Old regions: 125->125
[2025-11-08T15:26:16.015+0000][gc,heap       ] GC(1502) Humongous regions: 147->147
[2025-11-08T15:26:16.015+0000][gc,metaspace  ] GC(1502) Metaspace: 52330K(55472K)->52330K(55472K) NonClass: 46543K(48304K)->46543K(48304K) Class: 5787K(7168K)->5787K(7168K)
[2025-11-08T15:26:16.015+0000][gc            ] GC(1502) Pause Young (Normal) (G1 Evacuation Pause) 311M->273M(667M) 18.360ms
[2025-11-08T15:26:16.016+0000][gc,cpu        ] GC(1502) User=0.03s Sys=0.00s Real=0.02s
[2025-11-08T15:26:18.141+0000][gc,start      ] GC(1503) Pause Young (Normal) (G1 Evacuation Pause)
[2025-11-08T15:26:18.141+0000][gc,task       ] GC(1503) Using 2 workers of 2 for evacuation
[2025-11-08T15:26:18.152+0000][gc,phases     ] GC(1503)   Pre Evacuate Collection Set: 0.0ms
[2025-11-08T15:26:18.153+0000][gc,phases     ] GC(1503)   Evacuate Collection Set: 9.6ms
[2025-11-08T15:26:18.153+0000][gc,phases     ] GC(1503)   Post Evacuate Collection Set: 0.9ms
[2025-11-08T15:26:18.153+0000][gc,phases     ] GC(1503)   Other: 0.8ms
[2025-11-08T15:26:18.153+0000][gc,heap       ] GC(1503) Eden regions: 31->0(40)
[2025-11-08T15:26:18.154+0000][gc,heap       ] GC(1503) Survivor regions: 3->2(5)
[2025-11-08T15:26:18.154+0000][gc,heap       ] GC(1503) Old regions: 125->125
[2025-11-08T15:26:18.154+0000][gc,heap       ] GC(1503) Humongous regions: 147->147
[2025-11-08T15:26:18.154+0000][gc,metaspace  ] GC(1503) Metaspace: 52330K(55472K)->52330K(55472K) NonClass: 46543K(48304K)->46543K(48304K) Class: 5787K(7168K)->5787K(7168K)
[2025-11-08T15:26:18.155+0000][gc            ] GC(1503) Pause Young (Normal) (G1 Evacuation Pause) 304M->273M(667M) 13.656ms
[2025-11-08T15:26:18.155+0000][gc,cpu        ] GC(1503) User=0.02s Sys=0.00s Real=0.02s
[2025-11-08T15:26:20.998+0000][gc,start      ] GC(1504) Pause Young (Normal) (G1 Evacuation Pause)
[2025-11-08T15:26:20.998+0000][gc,task       ] GC(1504) Using 2 workers of 2 for evacuation
[2025-11-08T15:26:21.013+0000][gc,phases     ] GC(1504)   Pre Evacuate Collection Set: 0.0ms
[2025-11-08T15:26:21.013+0000][gc,phases     ] GC(1504)   Evacuate Collection Set: 12.6ms
[2025-11-08T15:26:21.013+0000][gc,phases     ] GC(1504)   Post Evacuate Collection Set: 1.2ms
[2025-11-08T15:26:21.014+0000][gc,phases     ] GC(1504)   Other: 1.1ms
[2025-11-08T15:26:21.014+0000][gc,heap       ] GC(1504) Eden regions: 40->0(41)
[2025-11-08T15:26:21.014+0000][gc,heap       ] GC(1504) Survivor regions: 2->3(6)
[2025-11-08T15:26:21.014+0000][gc,heap       ] GC(1504) Old regions: 125->125
[2025-11-08T15:26:21.015+0000][gc,heap       ] GC(1504) Humongous regions: 147->147
[2025-11-08T15:26:21.015+0000][gc,metaspace  ] GC(1504) Metaspace: 52330K(55472K)->52330K(55472K) NonClass: 46543K(48304K)->46543K(48304K) Class: 5787K(7168K)->5787K(7168K)
[2025-11-08T15:26:21.015+0000][gc            ] GC(1504) Pause Young (Normal) (G1 Evacuation Pause) 313M->274M(667M) 17.190ms
[2025-11-08T15:26:21.015+0000][gc,cpu        ] GC(1504) User=0.03s Sys=0.00s Real=0.02s
[2025-11-08T15:26:23.916+0000][gc,start      ] GC(1505) Pause Young (Normal) (G1 Evacuation Pause)
[2025-11-08T15:26:23.916+0000][gc,task       ] GC(1505) Using 2 workers of 2 for evacuation
[2025-11-08T15:26:23.932+0000][gc,phases     ] GC(1505)   Pre Evacuate Collection Set: 0.0ms
[2025-11-08T15:26:23.933+0000][gc,phases     ] GC(1505)   Evacuate Collection Set: 13.0ms
[2025-11-08T15:26:23.933+0000][gc,phases     ] GC(1505)   Post Evacuate Collection Set: 2.2ms
[2025-11-08T15:26:23.934+0000][gc,phases     ] GC(1505)   Other: 1.1ms
[2025-11-08T15:26:23.935+0000][gc,heap       ] GC(1505) Eden regions: 41->0(42)
[2025-11-08T15:26:23.935+0000][gc,heap       ] GC(1505) Survivor regions: 3->2(6)
[2025-11-08T15:26:23.936+0000][gc,heap       ] GC(1505) Old regions: 125->125
[2025-11-08T15:26:23.936+0000][gc,heap       ] GC(1505) Humongous regions: 147->147
[2025-11-08T15:26:23.937+0000][gc,metaspace  ] GC(1505) Metaspace: 52330K(55472K)->52330K(55472K) NonClass: 46543K(48304K)->46543K(48304K) Class: 5787K(7168K)->5787K(7168K)
[2025-11-08T15:26:23.937+0000][gc            ] GC(1505) Pause Young (Normal) (G1 Evacuation Pause) 315M->273M(667M) 21.583ms
[2025-11-08T15:26:23.938+0000][gc,cpu        ] GC(1505) User=0.03s Sys=0.00s Real=0.02s
[2025-11-08T15:26:26.880+0000][gc,start      ] GC(1506) Pause Young (Normal) (G1 Evacuation Pause)
[2025-11-08T15:26:26.880+0000][gc,task       ] GC(1506) Using 2 workers of 2 for evacuation
[2025-11-08T15:26:26.891+0000][gc,phases     ] GC(1506)   Pre Evacuate Collection Set: 0.0ms
[2025-11-08T15:26:26.905+0000][gc,phases     ] GC(1506)   Evacuate Collection Set: 10.3ms
[2025-11-08T15:26:26.905+0000][gc,phases     ] GC(1506)   Post Evacuate Collection Set: 0.7ms
[2025-11-08T15:26:26.905+0000][gc,phases     ] GC(1506)   Other: 0.8ms
[2025-11-08T15:26:26.906+0000][gc,heap       ] GC(1506) Eden regions: 42->0(44)
[2025-11-08T15:26:26.906+0000][gc,heap       ] GC(1506) Survivor regions: 2->3(6)
[2025-11-08T15:26:26.906+0000][gc,heap       ] GC(1506) Old regions: 125->125
[2025-11-08T15:26:26.907+0000][gc,heap       ] GC(1506) Humongous regions: 147->147
[2025-11-08T15:26:26.907+0000][gc,metaspace  ] GC(1506) Metaspace: 52330K(55472K)->52330K(55472K) NonClass: 46543K(48304K)->46543K(48304K) Class: 5787K(7168K)->5787K(7168K)
[2025-11-08T15:26:26.907+0000][gc            ] GC(1506) Pause Young (Normal) (G1 Evacuation Pause) 315M->274M(667M) 27.576ms
[2025-11-08T15:26:26.907+0000][gc,cpu        ] GC(1506) User=0.03s Sys=0.00s Real=0.03s
[2025-11-08T15:26:29.611+0000][gc,start      ] GC(1507) Pause Young (Normal) (G1 Evacuation Pause)
[2025-11-08T15:26:29.612+0000][gc,task       ] GC(1507) Using 2 workers of 2 for evacuation
[2025-11-08T15:26:29.629+0000][gc,phases     ] GC(1507)   Pre Evacuate Collection Set: 0.0ms
[2025-11-08T15:26:29.629+0000][gc,phases     ] GC(1507)   Evacuate Collection Set: 14.1ms
[2025-11-08T15:26:29.629+0000][gc,phases     ] GC(1507)   Post Evacuate Collection Set: 1.5ms
[2025-11-08T15:26:29.630+0000][gc,phases     ] GC(1507)   Other: 1.8ms
[2025-11-08T15:26:29.630+0000][gc,heap       ] GC(1507) Eden regions: 38->0(43)
[2025-11-08T15:26:29.630+0000][gc,heap       ] GC(1507) Survivor regions: 3->3(6)
[2025-11-08T15:26:29.631+0000][gc,heap       ] GC(1507) Old regions: 125->125
[2025-11-08T15:26:29.631+0000][gc,heap       ] GC(1507) Humongous regions: 147->147
[2025-11-08T15:26:29.631+0000][gc,metaspace  ] GC(1507) Metaspace: 52330K(55472K)->52330K(55472K) NonClass: 46543K(48304K)->46543K(48304K) Class: 5787K(7168K)->5787K(7168K)
[2025-11-08T15:26:29.632+0000][gc            ] GC(1507) Pause Young (Normal) (G1 Evacuation Pause) 312M->274M(667M) 20.369ms
[2025-11-08T15:26:29.632+0000][gc,cpu        ] GC(1507) User=0.03s Sys=0.00s Real=0.02s
[2025-11-08T15:26:32.169+0000][gc,start      ] GC(1508) Pause Young (Normal) (G1 Evacuation Pause)
[2025-11-08T15:26:32.169+0000][gc,task       ] GC(1508) Using 2 workers of 2 for evacuation
[2025-11-08T15:26:32.185+0000][gc,phases     ] GC(1508)   Pre Evacuate Collection Set: 0.0ms
[2025-11-08T15:26:32.185+0000][gc,phases     ] GC(1508)   Evacuate Collection Set: 13.3ms
[2025-11-08T15:26:32.186+0000][gc,phases     ] GC(1508)   Post Evacuate Collection Set: 1.4ms
[2025-11-08T15:26:32.186+0000][gc,phases     ] GC(1508)   Other: 0.9ms
[2025-11-08T15:26:32.186+0000][gc,heap       ] GC(1508) Eden regions: 34->0(42)
[2025-11-08T15:26:32.187+0000][gc,heap       ] GC(1508) Survivor regions: 3->3(5)
[2025-11-08T15:26:32.187+0000][gc,heap       ] GC(1508) Old regions: 125->126
[2025-11-08T15:26:32.187+0000][gc,heap       ] GC(1508) Humongous regions: 147->147
[2025-11-08T15:26:32.187+0000][gc,metaspace  ] GC(1508) Metaspace: 52330K(55472K)->52330K(55472K) NonClass: 46543K(48304K)->46543K(48304K) Class: 5787K(7168K)->5787K(7168K)
[2025-11-08T15:26:32.188+0000][gc            ] GC(1508) Pause Young (Normal) (G1 Evacuation Pause) 308M->275M(667M) 18.482ms
[2025-11-08T15:26:32.188+0000][gc,cpu        ] GC(1508) User=0.03s Sys=0.00s Real=0.02s
[2025-11-08T15:26:35.046+0000][gc,start      ] GC(1509) Pause Young (Normal) (G1 Evacuation Pause)
[2025-11-08T15:26:35.047+0000][gc,task       ] GC(1509) Using 2 workers of 2 for evacuation
[2025-11-08T15:26:35.056+0000][gc,phases     ] GC(1509)   Pre Evacuate Collection Set: 0.0ms
[2025-11-08T15:26:35.056+0000][gc,phases     ] GC(1509)   Evacuate Collection Set: 8.3ms
[2025-11-08T15:26:35.057+0000][gc,phases     ] GC(1509)   Post Evacuate Collection Set: 0.8ms
[2025-11-08T15:26:35.057+0000][gc,phases     ] GC(1509)   Other: 0.6ms
[2025-11-08T15:26:35.057+0000][gc,heap       ] GC(1509) Eden regions: 42->0(45)
[2025-11-08T15:26:35.057+0000][gc,heap       ] GC(1509) Survivor regions: 3->2(6)
[2025-11-08T15:26:35.057+0000][gc,heap       ] GC(1509) Old regions: 126->126
[2025-11-08T15:26:35.058+0000][gc,heap       ] GC(1509) Humongous regions: 147->147
[2025-11-08T15:26:35.058+0000][gc,metaspace  ] GC(1509) Metaspace: 52330K(55472K)->52330K(55472K) NonClass: 46543K(48304K)->46543K(48304K) Class: 5787K(7168K)->5787K(7168K)
[2025-11-08T15:26:35.058+0000][gc            ] GC(1509) Pause Young (Normal) (G1 Evacuation Pause) 317M->274M(667M) 11.708ms
[2025-11-08T15:26:35.058+0000][gc,cpu        ] GC(1509) User=0.02s Sys=0.00s Real=0.01s
[2025-11-08T15:26:38.201+0000][gc,start      ] GC(1510) Pause Young (Normal) (G1 Evacuation Pause)
[2025-11-08T15:26:38.201+0000][gc,task       ] GC(1510) Using 2 workers of 2 for evacuation
[2025-11-08T15:26:38.213+0000][gc,phases     ] GC(1510)   Pre Evacuate Collection Set: 0.0ms
[2025-11-08T15:26:38.214+0000][gc,phases     ] GC(1510)   Evacuate Collection Set: 10.3ms
[2025-11-08T15:26:38.214+0000][gc,phases     ] GC(1510)   Post Evacuate Collection Set: 1.1ms
[2025-11-08T15:26:38.214+0000][gc,phases     ] GC(1510)   Other: 0.9ms
[2025-11-08T15:26:38.215+0000][gc,heap       ] GC(1510) Eden regions: 45->0(47)
[2025-11-08T15:26:38.215+0000][gc,heap       ] GC(1510) Survivor regions: 2->2(6)
[2025-11-08T15:26:38.215+0000][gc,heap       ] GC(1510) Old regions: 126->126
[2025-11-08T15:26:38.215+0000][gc,heap       ] GC(1510) Humongous regions: 147->147
[2025-11-08T15:26:38.216+0000][gc,metaspace  ] GC(1510) Metaspace: 52330K(55472K)->52330K(55472K) NonClass: 46543K(48304K)->46543K(48304K) Class: 5787K(7168K)->5787K(7168K)
[2025-11-08T15:26:38.216+0000][gc            ] GC(1510) Pause Young (Normal) (G1 Evacuation Pause) 319M->273M(667M) 14.801ms
[2025-11-08T15:26:38.216+0000][gc,cpu        ] GC(1510) User=0.02s Sys=0.00s Real=0.02s
[2025-11-08T15:26:41.705+0000][gc,start      ] GC(1511) Pause Young (Normal) (G1 Evacuation Pause)
[2025-11-08T15:26:41.705+0000][gc,task       ] GC(1511) Using 2 workers of 2 for evacuation
[2025-11-08T15:26:41.720+0000][gc,phases     ] GC(1511)   Pre Evacuate Collection Set: 0.0ms
[2025-11-08T15:26:41.720+0000][gc,phases     ] GC(1511)   Evacuate Collection Set: 12.1ms
[2025-11-08T15:26:41.720+0000][gc,phases     ] GC(1511)   Post Evacuate Collection Set: 1.3ms
[2025-11-08T15:26:41.721+0000][gc,phases     ] GC(1511)   Other: 1.2ms
[2025-11-08T15:26:41.721+0000][gc,heap       ] GC(1511) Eden regions: 47->0(48)
[2025-11-08T15:26:41.722+0000][gc,heap       ] GC(1511) Survivor regions: 2->3(7)
[2025-11-08T15:26:41.722+0000][gc,heap       ] GC(1511) Old regions: 126->126
[2025-11-08T15:26:41.722+0000][gc,heap       ] GC(1511) Humongous regions: 147->147
[2025-11-08T15:26:41.723+0000][gc,metaspace  ] GC(1511) Metaspace: 52330K(55472K)->52330K(55472K) NonClass: 46543K(48304K)->46543K(48304K) Class: 5787K(7168K)->5787K(7168K)
[2025-11-08T15:26:41.724+0000][gc            ] GC(1511) Pause Young (Normal) (G1 Evacuation Pause) 320M->275M(667M) 18.496ms
[2025-11-08T15:26:41.724+0000][gc,cpu        ] GC(1511) User=0.02s Sys=0.00s Real=0.02s
[2025-11-08T15:26:44.510+0000][gc,start      ] GC(1512) Pause Young (Normal) (G1 Evacuation Pause)
[2025-11-08T15:26:44.511+0000][gc,task       ] GC(1512) Using 2 workers of 2 for evacuation
[2025-11-08T15:26:44.521+0000][gc,phases     ] GC(1512)   Pre Evacuate Collection Set: 0.0ms
[2025-11-08T15:26:44.521+0000][gc,phases     ] GC(1512)   Evacuate Collection Set: 8.4ms
[2025-11-08T15:26:44.521+0000][gc,phases     ] GC(1512)   Post Evacuate Collection Set: 1.0ms
[2025-11-08T15:26:44.521+0000][gc,phases     ] GC(1512)   Other: 0.8ms
[2025-11-08T15:26:44.521+0000][gc,heap       ] GC(1512) Eden regions: 40->0(48)
[2025-11-08T15:26:44.522+0000][gc,heap       ] GC(1512) Survivor regions: 3->2(6)
[2025-11-08T15:26:44.522+0000][gc,heap       ] GC(1512) Old regions: 126->126
[2025-11-08T15:26:44.522+0000][gc,heap       ] GC(1512) Humongous regions: 147->147
[2025-11-08T15:26:44.522+0000][gc,metaspace  ] GC(1512) Metaspace: 52330K(55472K)->52330K(55472K) NonClass: 46543K(48304K)->46543K(48304K) Class: 5787K(7168K)->5787K(7168K)
[2025-11-08T15:26:44.523+0000][gc            ] GC(1512) Pause Young (Normal) (G1 Evacuation Pause) 315M->274M(667M) 12.846ms
[2025-11-08T15:26:44.524+0000][gc,cpu        ] GC(1512) User=0.01s Sys=0.00s Real=0.01s
[2025-11-08T15:26:47.565+0000][gc,start      ] GC(1513) Pause Young (Normal) (G1 Evacuation Pause)
[2025-11-08T15:26:47.565+0000][gc,task       ] GC(1513) Using 2 workers of 2 for evacuation
[2025-11-08T15:26:47.576+0000][gc,phases     ] GC(1513)   Pre Evacuate Collection Set: 0.0ms
[2025-11-08T15:26:47.576+0000][gc,phases     ] GC(1513)   Evacuate Collection Set: 9.7ms
[2025-11-08T15:26:47.577+0000][gc,phases     ] GC(1513)   Post Evacuate Collection Set: 0.9ms
[2025-11-08T15:26:47.577+0000][gc,phases     ] GC(1513)   Other: 0.6ms
[2025-11-08T15:26:47.577+0000][gc,heap       ] GC(1513) Eden regions: 42->0(48)
[2025-11-08T15:26:47.577+0000][gc,heap       ] GC(1513) Survivor regions: 2->3(6)
[2025-11-08T15:26:47.578+0000][gc,heap       ] GC(1513) Old regions: 126->126
[2025-11-08T15:26:47.578+0000][gc,heap       ] GC(1513) Humongous regions: 147->147
[2025-11-08T15:26:47.578+0000][gc,metaspace  ] GC(1513) Metaspace: 52330K(55472K)->52330K(55472K) NonClass: 46543K(48304K)->46543K(48304K) Class: 5787K(7168K)->5787K(7168K)
[2025-11-08T15:26:47.579+0000][gc            ] GC(1513) Pause Young (Normal) (G1 Evacuation Pause) 316M->275M(667M) 13.528ms
[2025-11-08T15:26:47.579+0000][gc,cpu        ] GC(1513) User=0.02s Sys=0.00s Real=0.02s
[2025-11-08T15:26:51.012+0000][gc,start      ] GC(1514) Pause Young (Normal) (G1 Evacuation Pause)
[2025-11-08T15:26:51.012+0000][gc,task       ] GC(1514) Using 2 workers of 2 for evacuation
[2025-11-08T15:26:51.024+0000][gc,phases     ] GC(1514)   Pre Evacuate Collection Set: 0.0ms
[2025-11-08T15:26:51.024+0000][gc,phases     ] GC(1514)   Evacuate Collection Set: 10.3ms
[2025-11-08T15:26:51.024+0000][gc,phases     ] GC(1514)   Post Evacuate Collection Set: 1.2ms
[2025-11-08T15:26:51.024+0000][gc,phases     ] GC(1514)   Other: 0.8ms
[2025-11-08T15:26:51.025+0000][gc,heap       ] GC(1514) Eden regions: 48->0(51)
[2025-11-08T15:26:51.025+0000][gc,heap       ] GC(1514) Survivor regions: 3->3(7)
[2025-11-08T15:26:51.025+0000][gc,heap       ] GC(1514) Old regions: 126->126
[2025-11-08T15:26:51.025+0000][gc,heap       ] GC(1514) Humongous regions: 147->147
[2025-11-08T15:26:51.025+0000][gc,metaspace  ] GC(1514) Metaspace: 52330K(55472K)->52330K(55472K) NonClass: 46543K(48304K)->46543K(48304K) Class: 5787K(7168K)->5787K(7168K)
[2025-11-08T15:26:51.026+0000][gc            ] GC(1514) Pause Young (Normal) (G1 Evacuation Pause) 323M->275M(667M) 13.954ms
[2025-11-08T15:26:51.026+0000][gc,cpu        ] GC(1514) User=0.02s Sys=0.00s Real=0.01s
[2025-11-08T15:26:54.089+0000][gc,start      ] GC(1515) Pause Young (Normal) (G1 Evacuation Pause)
[2025-11-08T15:26:54.089+0000][gc,task       ] GC(1515) Using 2 workers of 2 for evacuation
[2025-11-08T15:26:54.104+0000][gc,phases     ] GC(1515)   Pre Evacuate Collection Set: 0.0ms
[2025-11-08T15:26:54.104+0000][gc,phases     ] GC(1515)   Evacuate Collection Set: 10.5ms
[2025-11-08T15:26:54.104+0000][gc,phases     ] GC(1515)   Post Evacuate Collection Set: 2.1ms
[2025-11-08T15:26:54.105+0000][gc,phases     ] GC(1515)   Other: 2.7ms
[2025-11-08T15:26:54.105+0000][gc,heap       ] GC(1515) Eden regions: 45->0(52)
[2025-11-08T15:26:54.106+0000][gc,heap       ] GC(1515) Survivor regions: 3->3(6)
[2025-11-08T15:26:54.106+0000][gc,heap       ] GC(1515) Old regions: 126->126
[2025-11-08T15:26:54.106+0000][gc,heap       ] GC(1515) Humongous regions: 147->147
[2025-11-08T15:26:54.106+0000][gc,metaspace  ] GC(1515) Metaspace: 52330K(55472K)->52330K(55472K) NonClass: 46543K(48304K)->46543K(48304K) Class: 5787K(7168K)->5787K(7168K)
[2025-11-08T15:26:54.108+0000][gc            ] GC(1515) Pause Young (Normal) (G1 Evacuation Pause) 320M->274M(667M) 19.493ms
[2025-11-08T15:26:54.108+0000][gc,cpu        ] GC(1515) User=0.02s Sys=0.00s Real=0.02s
[2025-11-08T15:26:57.304+0000][gc,start      ] GC(1516) Pause Young (Normal) (G1 Evacuation Pause)
[2025-11-08T15:26:57.304+0000][gc,task       ] GC(1516) Using 2 workers of 2 for evacuation
[2025-11-08T15:26:57.316+0000][gc,phases     ] GC(1516)   Pre Evacuate Collection Set: 0.0ms
[2025-11-08T15:26:57.317+0000][gc,phases     ] GC(1516)   Evacuate Collection Set: 10.6ms
[2025-11-08T15:26:57.317+0000][gc,phases     ] GC(1516)   Post Evacuate Collection Set: 1.1ms
[2025-11-08T15:26:57.317+0000][gc,phases     ] GC(1516)   Other: 0.7ms
[2025-11-08T15:26:57.317+0000][gc,heap       ] GC(1516) Eden regions: 47->0(55)
[2025-11-08T15:26:57.318+0000][gc,heap       ] GC(1516) Survivor regions: 3->4(7)
[2025-11-08T15:26:57.318+0000][gc,heap       ] GC(1516) Old regions: 126->126
[2025-11-08T15:26:57.318+0000][gc,heap       ] GC(1516) Humongous regions: 147->147
[2025-11-08T15:26:57.318+0000][gc,metaspace  ] GC(1516) Metaspace: 52330K(55472K)->52330K(55472K) NonClass: 46543K(48304K)->46543K(48304K) Class: 5787K(7168K)->5787K(7168K)
[2025-11-08T15:26:57.319+0000][gc            ] GC(1516) Pause Young (Normal) (G1 Evacuation Pause) 321M->276M(667M) 14.510ms
[2025-11-08T15:26:57.319+0000][gc,cpu        ] GC(1516) User=0.02s Sys=0.00s Real=0.02s
[2025-11-08T15:27:00.616+0000][gc,start      ] GC(1517) Pause Young (Normal) (G1 Evacuation Pause)
[2025-11-08T15:27:00.617+0000][gc,task       ] GC(1517) Using 2 workers of 2 for evacuation
[2025-11-08T15:27:00.648+0000][gc,mmu        ] GC(1517) MMU target violated: 21.0ms (20.0ms/21.0ms)
[2025-11-08T15:27:00.648+0000][gc,phases     ] GC(1517)   Pre Evacuate Collection Set: 0.0ms
[2025-11-08T15:27:00.648+0000][gc,phases     ] GC(1517)   Evacuate Collection Set: 28.8ms
[2025-11-08T15:27:00.649+0000][gc,phases     ] GC(1517)   Post Evacuate Collection Set: 1.5ms
[2025-11-08T15:27:00.649+0000][gc,phases     ] GC(1517)   Other: 1.4ms
[2025-11-08T15:27:00.649+0000][gc,heap       ] GC(1517) Eden regions: 48->0(44)
[2025-11-08T15:27:00.649+0000][gc,heap       ] GC(1517) Survivor regions: 4->4(7)
[2025-11-08T15:27:00.650+0000][gc,heap       ] GC(1517) Old regions: 126->126
[2025-11-08T15:27:00.650+0000][gc,heap       ] GC(1517) Humongous regions: 147->147
[2025-11-08T15:27:00.650+0000][gc,metaspace  ] GC(1517) Metaspace: 52330K(55472K)->52330K(55472K) NonClass: 46543K(48304K)->46543K(48304K) Class: 5787K(7168K)->5787K(7168K)
[2025-11-08T15:27:00.651+0000][gc            ] GC(1517) Pause Young (Normal) (G1 Evacuation Pause) 324M->276M(667M) 34.411ms
[2025-11-08T15:27:00.651+0000][gc,cpu        ] GC(1517) User=0.03s Sys=0.00s Real=0.04s
[2025-11-08T15:27:03.280+0000][gc,start      ] GC(1518) Pause Young (Normal) (G1 Evacuation Pause)
[2025-11-08T15:27:03.283+0000][gc,task       ] GC(1518) Using 2 workers of 2 for evacuation
[2025-11-08T15:27:03.295+0000][gc,phases     ] GC(1518)   Pre Evacuate Collection Set: 0.0ms
[2025-11-08T15:27:03.295+0000][gc,phases     ] GC(1518)   Evacuate Collection Set: 10.6ms
[2025-11-08T15:27:03.295+0000][gc,phases     ] GC(1518)   Post Evacuate Collection Set: 0.9ms
[2025-11-08T15:27:03.296+0000][gc,phases     ] GC(1518)   Other: 2.9ms
[2025-11-08T15:27:03.296+0000][gc,heap       ] GC(1518) Eden regions: 36->0(47)
[2025-11-08T15:27:03.296+0000][gc,heap       ] GC(1518) Survivor regions: 4->3(5)
[2025-11-08T15:27:03.296+0000][gc,heap       ] GC(1518) Old regions: 126->127
[2025-11-08T15:27:03.296+0000][gc,heap       ] GC(1518) Humongous regions: 147->147
[2025-11-08T15:27:03.297+0000][gc,metaspace  ] GC(1518) Metaspace: 52330K(55472K)->52330K(55472K) NonClass: 46543K(48304K)->46543K(48304K) Class: 5787K(7168K)->5787K(7168K)
[2025-11-08T15:27:03.297+0000][gc            ] GC(1518) Pause Young (Normal) (G1 Evacuation Pause) 312M->276M(667M) 16.676ms
[2025-11-08T15:27:03.297+0000][gc,cpu        ] GC(1518) User=0.02s Sys=0.00s Real=0.02s
[2025-11-08T15:27:06.629+0000][gc,start      ] GC(1519) Pause Young (Normal) (G1 Evacuation Pause)
[2025-11-08T15:27:06.629+0000][gc,task       ] GC(1519) Using 2 workers of 2 for evacuation
[2025-11-08T15:27:06.640+0000][gc,phases     ] GC(1519)   Pre Evacuate Collection Set: 0.0ms
[2025-11-08T15:27:06.641+0000][gc,phases     ] GC(1519)   Evacuate Collection Set: 9.9ms
[2025-11-08T15:27:06.641+0000][gc,phases     ] GC(1519)   Post Evacuate Collection Set: 0.6ms
[2025-11-08T15:27:06.641+0000][gc,phases     ] GC(1519)   Other: 1.0ms
[2025-11-08T15:27:06.641+0000][gc,heap       ] GC(1519) Eden regions: 47->0(50)
[2025-11-08T15:27:06.641+0000][gc,heap       ] GC(1519) Survivor regions: 3->3(7)
[2025-11-08T15:27:06.642+0000][gc,heap       ] GC(1519) Old regions: 127->127
[2025-11-08T15:27:06.642+0000][gc,heap       ] GC(1519) Humongous regions: 147->147
[2025-11-08T15:27:06.643+0000][gc,metaspace  ] GC(1519) Metaspace: 52330K(55472K)->52330K(55472K) NonClass: 46543K(48304K)->46543K(48304K) Class: 5787K(7168K)->5787K(7168K)
[2025-11-08T15:27:06.643+0000][gc            ] GC(1519) Pause Young (Normal) (G1 Evacuation Pause) 323M->275M(667M) 13.875ms
[2025-11-08T15:27:06.643+0000][gc,cpu        ] GC(1519) User=0.02s Sys=0.00s Real=0.01s
[2025-11-08T15:27:10.093+0000][gc,start      ] GC(1520) Pause Young (Normal) (G1 Evacuation Pause)
[2025-11-08T15:27:10.093+0000][gc,task       ] GC(1520) Using 2 workers of 2 for evacuation
[2025-11-08T15:27:10.108+0000][gc,phases     ] GC(1520)   Pre Evacuate Collection Set: 0.2ms
[2025-11-08T15:27:10.109+0000][gc,phases     ] GC(1520)   Evacuate Collection Set: 13.2ms
[2025-11-08T15:27:10.109+0000][gc,phases     ] GC(1520)   Post Evacuate Collection Set: 1.1ms
[2025-11-08T15:27:10.109+0000][gc,phases     ] GC(1520)   Other: 1.3ms
[2025-11-08T15:27:10.110+0000][gc,heap       ] GC(1520) Eden regions: 50->0(51)
[2025-11-08T15:27:10.110+0000][gc,heap       ] GC(1520) Survivor regions: 3->3(7)
[2025-11-08T15:27:10.110+0000][gc,heap       ] GC(1520) Old regions: 127->127
[2025-11-08T15:27:10.111+0000][gc,heap       ] GC(1520) Humongous regions: 147->147
[2025-11-08T15:27:10.111+0000][gc,metaspace  ] GC(1520) Metaspace: 52330K(55472K)->52330K(55472K) NonClass: 46543K(48304K)->46543K(48304K) Class: 5787K(7168K)->5787K(7168K)
[2025-11-08T15:27:10.111+0000][gc            ] GC(1520) Pause Young (Normal) (G1 Evacuation Pause) 325M->276M(667M) 18.017ms
[2025-11-08T15:27:10.111+0000][gc,cpu        ] GC(1520) User=0.03s Sys=0.00s Real=0.02s
[2025-11-08T15:27:13.664+0000][gc,start      ] GC(1521) Pause Young (Normal) (G1 Evacuation Pause)
[2025-11-08T15:27:13.665+0000][gc,task       ] GC(1521) Using 2 workers of 2 for evacuation
[2025-11-08T15:27:13.676+0000][gc,phases     ] GC(1521)   Pre Evacuate Collection Set: 0.0ms
[2025-11-08T15:27:13.676+0000][gc,phases     ] GC(1521)   Evacuate Collection Set: 9.5ms
[2025-11-08T15:27:13.676+0000][gc,phases     ] GC(1521)   Post Evacuate Collection Set: 0.8ms
[2025-11-08T15:27:13.676+0000][gc,phases     ] GC(1521)   Other: 0.9ms
[2025-11-08T15:27:13.676+0000][gc,heap       ] GC(1521) Eden regions: 51->0(54)
[2025-11-08T15:27:13.677+0000][gc,heap       ] GC(1521) Survivor regions: 3->3(7)
[2025-11-08T15:27:13.677+0000][gc,heap       ] GC(1521) Old regions: 127->127
[2025-11-08T15:27:13.677+0000][gc,heap       ] GC(1521) Humongous regions: 147->147
[2025-11-08T15:27:13.677+0000][gc,metaspace  ] GC(1521) Metaspace: 52330K(55472K)->52330K(55472K) NonClass: 46543K(48304K)->46543K(48304K) Class: 5787K(7168K)->5787K(7168K)
[2025-11-08T15:27:13.677+0000][gc            ] GC(1521) Pause Young (Normal) (G1 Evacuation Pause) 327M->276M(667M) 12.895ms
[2025-11-08T15:27:13.678+0000][gc,cpu        ] GC(1521) User=0.02s Sys=0.00s Real=0.02s
[2025-11-08T15:27:17.457+0000][gc,start      ] GC(1522) Pause Young (Normal) (G1 Evacuation Pause)
[2025-11-08T15:27:17.457+0000][gc,task       ] GC(1522) Using 2 workers of 2 for evacuation
[2025-11-08T15:27:17.470+0000][gc,phases     ] GC(1522)   Pre Evacuate Collection Set: 0.0ms
[2025-11-08T15:27:17.471+0000][gc,phases     ] GC(1522)   Evacuate Collection Set: 11.4ms
[2025-11-08T15:27:17.471+0000][gc,phases     ] GC(1522)   Post Evacuate Collection Set: 0.9ms
[2025-11-08T15:27:17.471+0000][gc,phases     ] GC(1522)   Other: 1.5ms
[2025-11-08T15:27:17.471+0000][gc,heap       ] GC(1522) Eden regions: 54->0(56)
[2025-11-08T15:27:17.472+0000][gc,heap       ] GC(1522) Survivor regions: 3->4(8)
[2025-11-08T15:27:17.472+0000][gc,heap       ] GC(1522) Old regions: 127->127
[2025-11-08T15:27:17.472+0000][gc,heap       ] GC(1522) Humongous regions: 147->147
[2025-11-08T15:27:17.472+0000][gc,metaspace  ] GC(1522) Metaspace: 52330K(55472K)->52330K(55472K) NonClass: 46543K(48304K)->46543K(48304K) Class: 5787K(7168K)->5787K(7168K)
[2025-11-08T15:27:17.473+0000][gc            ] GC(1522) Pause Young (Normal) (G1 Evacuation Pause) 330M->276M(667M) 15.970ms
[2025-11-08T15:27:17.473+0000][gc,cpu        ] GC(1522) User=0.03s Sys=0.00s Real=0.02s
[2025-11-08T15:27:21.419+0000][gc,start      ] GC(1523) Pause Young (Normal) (G1 Evacuation Pause)
[2025-11-08T15:27:21.419+0000][gc,task       ] GC(1523) Using 2 workers of 2 for evacuation
[2025-11-08T15:27:21.430+0000][gc,phases     ] GC(1523)   Pre Evacuate Collection Set: 0.0ms
[2025-11-08T15:27:21.430+0000][gc,phases     ] GC(1523)   Evacuate Collection Set: 9.7ms
[2025-11-08T15:27:21.431+0000][gc,phases     ] GC(1523)   Post Evacuate Collection Set: 0.9ms
[2025-11-08T15:27:21.431+0000][gc,phases     ] GC(1523)   Other: 0.7ms
[2025-11-08T15:27:21.432+0000][gc,heap       ] GC(1523) Eden regions: 56->0(59)
[2025-11-08T15:27:21.432+0000][gc,heap       ] GC(1523) Survivor regions: 4->2(8)
[2025-11-08T15:27:21.432+0000][gc,heap       ] GC(1523) Old regions: 127->127
[2025-11-08T15:27:21.432+0000][gc,heap       ] GC(1523) Humongous regions: 147->147
[2025-11-08T15:27:21.433+0000][gc,metaspace  ] GC(1523) Metaspace: 52330K(55472K)->52330K(55472K) NonClass: 46543K(48304K)->46543K(48304K) Class: 5787K(7168K)->5787K(7168K)
[2025-11-08T15:27:21.433+0000][gc            ] GC(1523) Pause Young (Normal) (G1 Evacuation Pause) 332M->275M(667M) 14.388ms
[2025-11-08T15:27:21.433+0000][gc,cpu        ] GC(1523) User=0.02s Sys=0.00s Real=0.01s
[2025-11-08T15:27:25.020+0000][gc,start      ] GC(1524) Pause Young (Normal) (G1 Evacuation Pause)
[2025-11-08T15:27:25.020+0000][gc,task       ] GC(1524) Using 2 workers of 2 for evacuation
[2025-11-08T15:27:25.035+0000][gc,phases     ] GC(1524)   Pre Evacuate Collection Set: 0.0ms
[2025-11-08T15:27:25.036+0000][gc,phases     ] GC(1524)   Evacuate Collection Set: 13.0ms
[2025-11-08T15:27:25.037+0000][gc,phases     ] GC(1524)   Post Evacuate Collection Set: 1.3ms
[2025-11-08T15:27:25.037+0000][gc,phases     ] GC(1524)   Other: 1.1ms
[2025-11-08T15:27:25.037+0000][gc,heap       ] GC(1524) Eden regions: 52->0(57)
[2025-11-08T15:27:25.038+0000][gc,heap       ] GC(1524) Survivor regions: 2->3(7)
[2025-11-08T15:27:25.038+0000][gc,heap       ] GC(1524) Old regions: 127->127
[2025-11-08T15:27:25.039+0000][gc,heap       ] GC(1524) Humongous regions: 147->147
[2025-11-08T15:27:25.039+0000][gc,metaspace  ] GC(1524) Metaspace: 52330K(55472K)->52330K(55472K) NonClass: 46543K(48304K)->46543K(48304K) Class: 5787K(7168K)->5787K(7168K)
[2025-11-08T15:27:25.040+0000][gc            ] GC(1524) Pause Young (Normal) (G1 Evacuation Pause) 327M->275M(667M) 19.995ms
[2025-11-08T15:27:25.045+0000][gc,cpu        ] GC(1524) User=0.03s Sys=0.00s Real=0.02s
[2025-11-08T15:27:28.528+0000][gc,start      ] GC(1525) Pause Young (Normal) (G1 Evacuation Pause)
[2025-11-08T15:27:28.528+0000][gc,task       ] GC(1525) Using 2 workers of 2 for evacuation
[2025-11-08T15:27:28.543+0000][gc,phases     ] GC(1525)   Pre Evacuate Collection Set: 0.0ms
[2025-11-08T15:27:28.544+0000][gc,phases     ] GC(1525)   Evacuate Collection Set: 13.8ms
[2025-11-08T15:27:28.544+0000][gc,phases     ] GC(1525)   Post Evacuate Collection Set: 0.9ms
[2025-11-08T15:27:28.545+0000][gc,phases     ] GC(1525)   Other: 0.9ms
[2025-11-08T15:27:28.547+0000][gc,heap       ] GC(1525) Eden regions: 51->0(58)
[2025-11-08T15:27:28.547+0000][gc,heap       ] GC(1525) Survivor regions: 3->3(7)
[2025-11-08T15:27:28.548+0000][gc,heap       ] GC(1525) Old regions: 127->127
[2025-11-08T15:27:28.548+0000][gc,heap       ] GC(1525) Humongous regions: 147->147
[2025-11-08T15:27:28.549+0000][gc,metaspace  ] GC(1525) Metaspace: 52330K(55472K)->52330K(55472K) NonClass: 46543K(48304K)->46543K(48304K) Class: 5787K(7168K)->5787K(7168K)
[2025-11-08T15:27:28.549+0000][gc            ] GC(1525) Pause Young (Normal) (G1 Evacuation Pause) 326M->275M(667M) 21.506ms
[2025-11-08T15:27:28.549+0000][gc,cpu        ] GC(1525) User=0.03s Sys=0.00s Real=0.02s
[2025-11-08T15:27:32.151+0000][gc,start      ] GC(1526) Pause Young (Normal) (G1 Evacuation Pause)
[2025-11-08T15:27:32.151+0000][gc,task       ] GC(1526) Using 2 workers of 2 for evacuation
[2025-11-08T15:27:32.163+0000][gc,phases     ] GC(1526)   Pre Evacuate Collection Set: 0.0ms
[2025-11-08T15:27:32.164+0000][gc,phases     ] GC(1526)   Evacuate Collection Set: 11.0ms
[2025-11-08T15:27:32.164+0000][gc,phases     ] GC(1526)   Post Evacuate Collection Set: 0.9ms
[2025-11-08T15:27:32.164+0000][gc,phases     ] GC(1526)   Other: 0.6ms
[2025-11-08T15:27:32.164+0000][gc,heap       ] GC(1526) Eden regions: 50->0(60)
[2025-11-08T15:27:32.164+0000][gc,heap       ] GC(1526) Survivor regions: 3->3(7)
[2025-11-08T15:27:32.165+0000][gc,heap       ] GC(1526) Old regions: 127->127
[2025-11-08T15:27:32.165+0000][gc,heap       ] GC(1526) Humongous regions: 147->147
[2025-11-08T15:27:32.165+0000][gc,metaspace  ] GC(1526) Metaspace: 52330K(55472K)->52330K(55472K) NonClass: 46543K(48304K)->46543K(48304K) Class: 5787K(7168K)->5787K(7168K)
[2025-11-08T15:27:32.166+0000][gc            ] GC(1526) Pause Young (Normal) (G1 Evacuation Pause) 325M->275M(667M) 14.995ms
[2025-11-08T15:27:32.166+0000][gc,cpu        ] GC(1526) User=0.02s Sys=0.00s Real=0.01s
[2025-11-08T15:27:35.690+0000][gc,start      ] GC(1527) Pause Young (Normal) (G1 Evacuation Pause)
[2025-11-08T15:27:35.691+0000][gc,task       ] GC(1527) Using 2 workers of 2 for evacuation
[2025-11-08T15:27:35.709+0000][gc,phases     ] GC(1527)   Pre Evacuate Collection Set: 0.0ms
[2025-11-08T15:27:35.709+0000][gc,phases     ] GC(1527)   Evacuate Collection Set: 16.2ms
[2025-11-08T15:27:35.709+0000][gc,phases     ] GC(1527)   Post Evacuate Collection Set: 1.0ms
[2025-11-08T15:27:35.710+0000][gc,phases     ] GC(1527)   Other: 0.9ms
[2025-11-08T15:27:35.710+0000][gc,heap       ] GC(1527) Eden regions: 52->0(60)
[2025-11-08T15:27:35.711+0000][gc,heap       ] GC(1527) Survivor regions: 3->3(7)
[2025-11-08T15:27:35.711+0000][gc,heap       ] GC(1527) Old regions: 127->127
[2025-11-08T15:27:35.711+0000][gc,heap       ] GC(1527) Humongous regions: 147->147
[2025-11-08T15:27:35.712+0000][gc,metaspace  ] GC(1527) Metaspace: 52330K(55472K)->52330K(55472K) NonClass: 46543K(48304K)->46543K(48304K) Class: 5787K(7168K)->5787K(7168K)
[2025-11-08T15:27:35.712+0000][gc            ] GC(1527) Pause Young (Normal) (G1 Evacuation Pause) 327M->276M(667M) 21.571ms
[2025-11-08T15:27:35.712+0000][gc,cpu        ] GC(1527) User=0.04s Sys=0.00s Real=0.02s
[2025-11-08T15:27:38.644+0000][gc,start      ] GC(1528) Pause Young (Normal) (G1 Evacuation Pause)
[2025-11-08T15:27:38.644+0000][gc,task       ] GC(1528) Using 2 workers of 2 for evacuation
[2025-11-08T15:27:38.660+0000][gc,phases     ] GC(1528)   Pre Evacuate Collection Set: 0.0ms
[2025-11-08T15:27:38.661+0000][gc,phases     ] GC(1528)   Evacuate Collection Set: 14.4ms
[2025-11-08T15:27:38.661+0000][gc,phases     ] GC(1528)   Post Evacuate Collection Set: 1.2ms
[2025-11-08T15:27:38.661+0000][gc,phases     ] GC(1528)   Other: 0.8ms
[2025-11-08T15:27:38.662+0000][gc,heap       ] GC(1528) Eden regions: 41->0(58)
[2025-11-08T15:27:38.662+0000][gc,heap       ] GC(1528) Survivor regions: 3->4(6)
[2025-11-08T15:27:38.662+0000][gc,heap       ] GC(1528) Old regions: 127->127
[2025-11-08T15:27:38.662+0000][gc,heap       ] GC(1528) Humongous regions: 147->147
[2025-11-08T15:27:38.663+0000][gc,metaspace  ] GC(1528) Metaspace: 52330K(55472K)->52330K(55472K) NonClass: 46543K(48304K)->46543K(48304K) Class: 5787K(7168K)->5787K(7168K)
[2025-11-08T15:27:38.663+0000][gc            ] GC(1528) Pause Young (Normal) (G1 Evacuation Pause) 317M->276M(667M) 19.368ms
[2025-11-08T15:27:38.664+0000][gc,cpu        ] GC(1528) User=0.03s Sys=0.00s Real=0.02s
[2025-11-08T15:27:41.860+0000][gc,start      ] GC(1529) Pause Young (Normal) (G1 Evacuation Pause)
[2025-11-08T15:27:41.861+0000][gc,task       ] GC(1529) Using 2 workers of 2 for evacuation
[2025-11-08T15:27:41.882+0000][gc,mmu        ] GC(1529) MMU target violated: 20.6ms (20.0ms/21.0ms)
[2025-11-08T15:27:41.884+0000][gc,phases     ] GC(1529)   Pre Evacuate Collection Set: 0.0ms
[2025-11-08T15:27:41.886+0000][gc,phases     ] GC(1529)   Evacuate Collection Set: 17.6ms
[2025-11-08T15:27:41.887+0000][gc,phases     ] GC(1529)   Post Evacuate Collection Set: 2.7ms
[2025-11-08T15:27:41.888+0000][gc,phases     ] GC(1529)   Other: 3.4ms
[2025-11-08T15:27:41.888+0000][gc,heap       ] GC(1529) Eden regions: 40->0(51)
[2025-11-08T15:27:41.889+0000][gc,heap       ] GC(1529) Survivor regions: 4->2(6)
[2025-11-08T15:27:41.889+0000][gc,heap       ] GC(1529) Old regions: 127->127
[2025-11-08T15:27:41.890+0000][gc,heap       ] GC(1529) Humongous regions: 147->147
[2025-11-08T15:27:41.890+0000][gc,metaspace  ] GC(1529) Metaspace: 52330K(55472K)->52330K(55472K) NonClass: 46543K(48304K)->46543K(48304K) Class: 5787K(7168K)->5787K(7168K)
[2025-11-08T15:27:41.890+0000][gc            ] GC(1529) Pause Young (Normal) (G1 Evacuation Pause) 316M->275M(667M) 30.390ms
[2025-11-08T15:27:41.891+0000][gc,cpu        ] GC(1529) User=0.04s Sys=0.00s Real=0.03s
[2025-11-08T15:27:44.159+0000][gc,start      ] GC(1530) Pause Young (Normal) (G1 Evacuation Pause)
[2025-11-08T15:27:44.160+0000][gc,task       ] GC(1530) Using 2 workers of 2 for evacuation
[2025-11-08T15:27:44.175+0000][gc,phases     ] GC(1530)   Pre Evacuate Collection Set: 0.0ms
[2025-11-08T15:27:44.176+0000][gc,phases     ] GC(1530)   Evacuate Collection Set: 14.3ms
[2025-11-08T15:27:44.176+0000][gc,phases     ] GC(1530)   Post Evacuate Collection Set: 1.0ms
[2025-11-08T15:27:44.176+0000][gc,phases     ] GC(1530)   Other: 0.8ms
[2025-11-08T15:27:44.177+0000][gc,heap       ] GC(1530) Eden regions: 31->0(35)
[2025-11-08T15:27:44.177+0000][gc,heap       ] GC(1530) Survivor regions: 2->4(5)
[2025-11-08T15:27:44.177+0000][gc,heap       ] GC(1530) Old regions: 127->127
[2025-11-08T15:27:44.177+0000][gc,heap       ] GC(1530) Humongous regions: 147->147
[2025-11-08T15:27:44.178+0000][gc,metaspace  ] GC(1530) Metaspace: 52330K(55472K)->52330K(55472K) NonClass: 46543K(48304K)->46543K(48304K) Class: 5787K(7168K)->5787K(7168K)
[2025-11-08T15:27:44.178+0000][gc            ] GC(1530) Pause Young (Normal) (G1 Evacuation Pause) 306M->277M(667M) 18.641ms
[2025-11-08T15:27:44.178+0000][gc,cpu        ] GC(1530) User=0.03s Sys=0.00s Real=0.02s
[2025-11-08T15:27:46.737+0000][gc,start      ] GC(1531) Pause Young (Normal) (G1 Evacuation Pause)
[2025-11-08T15:27:46.738+0000][gc,task       ] GC(1531) Using 2 workers of 2 for evacuation
[2025-11-08T15:27:46.767+0000][gc,mmu        ] GC(1531) MMU target violated: 21.0ms (20.0ms/21.0ms)
[2025-11-08T15:27:46.769+0000][gc,phases     ] GC(1531)   Pre Evacuate Collection Set: 0.0ms
[2025-11-08T15:27:46.770+0000][gc,phases     ] GC(1531)   Evacuate Collection Set: 22.5ms
[2025-11-08T15:27:46.770+0000][gc,phases     ] GC(1531)   Post Evacuate Collection Set: 5.1ms
[2025-11-08T15:27:46.772+0000][gc,phases     ] GC(1531)   Other: 4.7ms
[2025-11-08T15:27:46.773+0000][gc,heap       ] GC(1531) Eden regions: 35->0(30)
[2025-11-08T15:27:46.774+0000][gc,heap       ] GC(1531) Survivor regions: 4->3(5)
[2025-11-08T15:27:46.774+0000][gc,heap       ] GC(1531) Old regions: 127->128
[2025-11-08T15:27:46.775+0000][gc,heap       ] GC(1531) Humongous regions: 147->147
[2025-11-08T15:27:46.775+0000][gc,metaspace  ] GC(1531) Metaspace: 52330K(55472K)->52330K(55472K) NonClass: 46543K(48304K)->46543K(48304K) Class: 5787K(7168K)->5787K(7168K)
[2025-11-08T15:27:46.776+0000][gc            ] GC(1531) Pause Young (Normal) (G1 Evacuation Pause) 312M->277M(667M) 39.010ms
[2025-11-08T15:27:46.776+0000][gc,cpu        ] GC(1531) User=0.05s Sys=0.00s Real=0.04s
[2025-11-08T15:27:48.938+0000][gc,start      ] GC(1532) Pause Young (Normal) (G1 Evacuation Pause)
[2025-11-08T15:27:48.938+0000][gc,task       ] GC(1532) Using 2 workers of 2 for evacuation
[2025-11-08T15:27:48.951+0000][gc,phases     ] GC(1532)   Pre Evacuate Collection Set: 0.0ms
[2025-11-08T15:27:48.952+0000][gc,phases     ] GC(1532)   Evacuate Collection Set: 11.6ms
[2025-11-08T15:27:48.952+0000][gc,phases     ] GC(1532)   Post Evacuate Collection Set: 0.9ms
[2025-11-08T15:27:48.953+0000][gc,phases     ] GC(1532)   Other: 1.0ms
[2025-11-08T15:27:48.954+0000][gc,heap       ] GC(1532) Eden regions: 30->0(33)
[2025-11-08T15:27:48.954+0000][gc,heap       ] GC(1532) Survivor regions: 3->3(5)
[2025-11-08T15:27:48.955+0000][gc,heap       ] GC(1532) Old regions: 128->128
[2025-11-08T15:27:48.955+0000][gc,heap       ] GC(1532) Humongous regions: 147->147
[2025-11-08T15:27:48.956+0000][gc,metaspace  ] GC(1532) Metaspace: 52330K(55472K)->52330K(55472K) NonClass: 46543K(48304K)->46543K(48304K) Class: 5787K(7168K)->5787K(7168K)
[2025-11-08T15:27:48.956+0000][gc            ] GC(1532) Pause Young (Normal) (G1 Evacuation Pause) 307M->277M(667M) 18.003ms
[2025-11-08T15:27:48.956+0000][gc,cpu        ] GC(1532) User=0.02s Sys=0.00s Real=0.02s
[2025-11-08T15:27:51.513+0000][gc,start      ] GC(1533) Pause Young (Normal) (G1 Evacuation Pause)
[2025-11-08T15:27:51.514+0000][gc,task       ] GC(1533) Using 2 workers of 2 for evacuation
[2025-11-08T15:27:51.530+0000][gc,phases     ] GC(1533)   Pre Evacuate Collection Set: 0.0ms
[2025-11-08T15:27:51.530+0000][gc,phases     ] GC(1533)   Evacuate Collection Set: 13.5ms
[2025-11-08T15:27:51.530+0000][gc,phases     ] GC(1533)   Post Evacuate Collection Set: 1.2ms
[2025-11-08T15:27:51.531+0000][gc,phases     ] GC(1533)   Other: 1.7ms
[2025-11-08T15:27:51.531+0000][gc,heap       ] GC(1533) Eden regions: 33->0(36)
[2025-11-08T15:27:51.531+0000][gc,heap       ] GC(1533) Survivor regions: 3->3(5)
[2025-11-08T15:27:51.532+0000][gc,heap       ] GC(1533) Old regions: 128->128
[2025-11-08T15:27:51.532+0000][gc,heap       ] GC(1533) Humongous regions: 147->147
[2025-11-08T15:27:51.532+0000][gc,metaspace  ] GC(1533) Metaspace: 52330K(55472K)->52330K(55472K) NonClass: 46543K(48304K)->46543K(48304K) Class: 5787K(7168K)->5787K(7168K)
[2025-11-08T15:27:51.533+0000][gc            ] GC(1533) Pause Young (Normal) (G1 Evacuation Pause) 310M->277M(667M) 19.676ms
[2025-11-08T15:27:51.533+0000][gc,cpu        ] GC(1533) User=0.03s Sys=0.00s Real=0.02s
[2025-11-08T15:27:54.348+0000][gc,start      ] GC(1534) Pause Young (Normal) (G1 Evacuation Pause)
[2025-11-08T15:27:54.349+0000][gc,task       ] GC(1534) Using 2 workers of 2 for evacuation
[2025-11-08T15:27:54.365+0000][gc,phases     ] GC(1534)   Pre Evacuate Collection Set: 0.0ms
[2025-11-08T15:27:54.366+0000][gc,phases     ] GC(1534)   Evacuate Collection Set: 13.5ms
[2025-11-08T15:27:54.366+0000][gc,phases     ] GC(1534)   Post Evacuate Collection Set: 1.4ms
[2025-11-08T15:27:54.366+0000][gc,phases     ] GC(1534)   Other: 2.7ms
[2025-11-08T15:27:54.367+0000][gc,heap       ] GC(1534) Eden regions: 36->0(38)
[2025-11-08T15:27:54.367+0000][gc,heap       ] GC(1534) Survivor regions: 3->3(5)
[2025-11-08T15:27:54.367+0000][gc,heap       ] GC(1534) Old regions: 128->128
[2025-11-08T15:27:54.367+0000][gc,heap       ] GC(1534) Humongous regions: 147->147
[2025-11-08T15:27:54.368+0000][gc,metaspace  ] GC(1534) Metaspace: 52331K(55472K)->52331K(55472K) NonClass: 46543K(48304K)->46543K(48304K) Class: 5787K(7168K)->5787K(7168K)
[2025-11-08T15:27:54.368+0000][gc            ] GC(1534) Pause Young (Normal) (G1 Evacuation Pause) 313M->277M(667M) 20.113ms
[2025-11-08T15:27:54.369+0000][gc,cpu        ] GC(1534) User=0.03s Sys=0.00s Real=0.03s
[2025-11-08T15:27:57.147+0000][gc,start      ] GC(1535) Pause Young (Normal) (G1 Evacuation Pause)
[2025-11-08T15:27:57.148+0000][gc,task       ] GC(1535) Using 2 workers of 2 for evacuation
[2025-11-08T15:27:57.164+0000][gc,phases     ] GC(1535)   Pre Evacuate Collection Set: 0.0ms
[2025-11-08T15:27:57.165+0000][gc,phases     ] GC(1535)   Evacuate Collection Set: 14.4ms
[2025-11-08T15:27:57.165+0000][gc,phases     ] GC(1535)   Post Evacuate Collection Set: 1.1ms
[2025-11-08T15:27:57.165+0000][gc,phases     ] GC(1535)   Other: 1.7ms
[2025-11-08T15:27:57.166+0000][gc,heap       ] GC(1535) Eden regions: 38->0(39)
[2025-11-08T15:27:57.166+0000][gc,heap       ] GC(1535) Survivor regions: 3->1(6)
[2025-11-08T15:27:57.167+0000][gc,heap       ] GC(1535) Old regions: 128->128
[2025-11-08T15:27:57.167+0000][gc,heap       ] GC(1535) Humongous regions: 147->147
[2025-11-08T15:27:57.168+0000][gc,metaspace  ] GC(1535) Metaspace: 52331K(55472K)->52331K(55472K) NonClass: 46543K(48304K)->46543K(48304K) Class: 5787K(7168K)->5787K(7168K)
[2025-11-08T15:27:57.168+0000][gc            ] GC(1535) Pause Young (Normal) (G1 Evacuation Pause) 315M->275M(667M) 21.275ms
[2025-11-08T15:27:57.169+0000][gc,cpu        ] GC(1535) User=0.04s Sys=0.00s Real=0.03s
[2025-11-08T15:28:00.350+0000][gc,start      ] GC(1536) Pause Young (Normal) (G1 Evacuation Pause)
[2025-11-08T15:28:00.350+0000][gc,task       ] GC(1536) Using 2 workers of 2 for evacuation
[2025-11-08T15:28:00.370+0000][gc,phases     ] GC(1536)   Pre Evacuate Collection Set: 0.0ms
[2025-11-08T15:28:00.371+0000][gc,phases     ] GC(1536)   Evacuate Collection Set: 16.6ms
[2025-11-08T15:28:00.371+0000][gc,phases     ] GC(1536)   Post Evacuate Collection Set: 1.7ms
[2025-11-08T15:28:00.372+0000][gc,phases     ] GC(1536)   Other: 1.7ms
[2025-11-08T15:28:00.372+0000][gc,heap       ] GC(1536) Eden regions: 39->0(38)
[2025-11-08T15:28:00.373+0000][gc,heap       ] GC(1536) Survivor regions: 1->2(5)
[2025-11-08T15:28:00.373+0000][gc,heap       ] GC(1536) Old regions: 128->128
[2025-11-08T15:28:00.373+0000][gc,heap       ] GC(1536) Humongous regions: 147->147
[2025-11-08T15:28:00.374+0000][gc,metaspace  ] GC(1536) Metaspace: 52331K(55472K)->52331K(55472K) NonClass: 46543K(48304K)->46543K(48304K) Class: 5787K(7168K)->5787K(7168K)
[2025-11-08T15:28:00.374+0000][gc            ] GC(1536) Pause Young (Normal) (G1 Evacuation Pause) 314M->276M(667M) 24.476ms
[2025-11-08T15:28:00.375+0000][gc,cpu        ] GC(1536) User=0.04s Sys=0.00s Real=0.02s
[2025-11-08T15:28:03.530+0000][gc,start      ] GC(1537) Pause Young (Normal) (G1 Evacuation Pause)
[2025-11-08T15:28:03.531+0000][gc,task       ] GC(1537) Using 2 workers of 2 for evacuation
[2025-11-08T15:28:03.560+0000][gc,mmu        ] GC(1537) MMU target violated: 21.0ms (20.0ms/21.0ms)
[2025-11-08T15:28:03.561+0000][gc,phases     ] GC(1537)   Pre Evacuate Collection Set: 0.0ms
[2025-11-08T15:28:03.562+0000][gc,phases     ] GC(1537)   Evacuate Collection Set: 25.4ms
[2025-11-08T15:28:03.562+0000][gc,phases     ] GC(1537)   Post Evacuate Collection Set: 2.5ms
[2025-11-08T15:28:03.563+0000][gc,phases     ] GC(1537)   Other: 3.6ms
[2025-11-08T15:28:03.563+0000][gc,heap       ] GC(1537) Eden regions: 31->0(31)
[2025-11-08T15:28:03.564+0000][gc,heap       ] GC(1537) Survivor regions: 2->2(5)
[2025-11-08T15:28:03.565+0000][gc,heap       ] GC(1537) Old regions: 128->128
[2025-11-08T15:28:03.565+0000][gc,heap       ] GC(1537) Humongous regions: 147->147
[2025-11-08T15:28:03.566+0000][gc,metaspace  ] GC(1537) Metaspace: 52331K(55472K)->52331K(55472K) NonClass: 46543K(48304K)->46543K(48304K) Class: 5787K(7168K)->5787K(7168K)
[2025-11-08T15:28:03.567+0000][gc            ] GC(1537) Pause Young (Normal) (G1 Evacuation Pause) 307M->276M(667M) 37.207ms
[2025-11-08T15:28:03.568+0000][gc,cpu        ] GC(1537) User=0.05s Sys=0.00s Real=0.03s
[2025-11-08T15:28:06.414+0000][gc,start      ] GC(1538) Pause Young (Normal) (G1 Evacuation Pause)
[2025-11-08T15:28:06.415+0000][gc,task       ] GC(1538) Using 2 workers of 2 for evacuation
[2025-11-08T15:28:06.444+0000][gc,mmu        ] GC(1538) MMU target violated: 21.0ms (20.0ms/21.0ms)
[2025-11-08T15:28:06.445+0000][gc,phases     ] GC(1538)   Pre Evacuate Collection Set: 0.0ms
[2025-11-08T15:28:06.445+0000][gc,phases     ] GC(1538)   Evacuate Collection Set: 25.5ms
[2025-11-08T15:28:06.446+0000][gc,phases     ] GC(1538)   Post Evacuate Collection Set: 1.5ms
[2025-11-08T15:28:06.446+0000][gc,phases     ] GC(1538)   Other: 3.6ms
[2025-11-08T15:28:06.447+0000][gc,heap       ] GC(1538) Eden regions: 31->0(29)
[2025-11-08T15:28:06.447+0000][gc,heap       ] GC(1538) Survivor regions: 2->4(5)
[2025-11-08T15:28:06.448+0000][gc,heap       ] GC(1538) Old regions: 128->128
[2025-11-08T15:28:06.448+0000][gc,heap       ] GC(1538) Humongous regions: 147->147
[2025-11-08T15:28:06.449+0000][gc,metaspace  ] GC(1538) Metaspace: 52331K(55472K)->52331K(55472K) NonClass: 46543K(48304K)->46543K(48304K) Class: 5787K(7168K)->5787K(7168K)
[2025-11-08T15:28:06.449+0000][gc            ] GC(1538) Pause Young (Normal) (G1 Evacuation Pause) 307M->278M(667M) 35.306ms
[2025-11-08T15:28:06.450+0000][gc,cpu        ] GC(1538) User=0.05s Sys=0.00s Real=0.04s
[2025-11-08T15:28:09.028+0000][gc,start      ] GC(1539) Pause Young (Normal) (G1 Evacuation Pause)
[2025-11-08T15:28:09.028+0000][gc,task       ] GC(1539) Using 2 workers of 2 for evacuation
[2025-11-08T15:28:09.057+0000][gc,mmu        ] GC(1539) MMU target violated: 21.0ms (20.0ms/21.0ms)
[2025-11-08T15:28:09.058+0000][gc,phases     ] GC(1539)   Pre Evacuate Collection Set: 0.0ms
[2025-11-08T15:28:09.059+0000][gc,phases     ] GC(1539)   Evacuate Collection Set: 25.8ms
[2025-11-08T15:28:09.059+0000][gc,phases     ] GC(1539)   Post Evacuate Collection Set: 2.0ms
[2025-11-08T15:28:09.060+0000][gc,phases     ] GC(1539)   Other: 2.3ms
[2025-11-08T15:28:09.061+0000][gc,heap       ] GC(1539) Eden regions: 29->0(30)
[2025-11-08T15:28:09.062+0000][gc,heap       ] GC(1539) Survivor regions: 4->3(5)
[2025-11-08T15:28:09.063+0000][gc,heap       ] GC(1539) Old regions: 128->129
[2025-11-08T15:28:09.064+0000][gc,heap       ] GC(1539) Humongous regions: 147->147
[2025-11-08T15:28:09.065+0000][gc,metaspace  ] GC(1539) Metaspace: 52331K(55472K)->52331K(55472K) NonClass: 46543K(48304K)->46543K(48304K) Class: 5787K(7168K)->5787K(7168K)
[2025-11-08T15:28:09.067+0000][gc            ] GC(1539) Pause Young (Normal) (G1 Evacuation Pause) 307M->277M(667M) 39.121ms
[2025-11-08T15:28:09.068+0000][gc,cpu        ] GC(1539) User=0.06s Sys=0.00s Real=0.04s
[2025-11-08T15:28:11.686+0000][gc,start      ] GC(1540) Pause Young (Normal) (G1 Evacuation Pause)
[2025-11-08T15:28:11.687+0000][gc,task       ] GC(1540) Using 2 workers of 2 for evacuation
[2025-11-08T15:28:11.708+0000][gc,mmu        ] GC(1540) MMU target violated: 20.1ms (20.0ms/21.0ms)
[2025-11-08T15:28:11.708+0000][gc,phases     ] GC(1540)   Pre Evacuate Collection Set: 0.0ms
[2025-11-08T15:28:11.709+0000][gc,phases     ] GC(1540)   Evacuate Collection Set: 17.2ms
[2025-11-08T15:28:11.710+0000][gc,phases     ] GC(1540)   Post Evacuate Collection Set: 2.5ms
[2025-11-08T15:28:11.711+0000][gc,phases     ] GC(1540)   Other: 3.0ms
[2025-11-08T15:28:11.711+0000][gc,heap       ] GC(1540) Eden regions: 30->0(31)
[2025-11-08T15:28:11.712+0000][gc,heap       ] GC(1540) Survivor regions: 3->2(5)
[2025-11-08T15:28:11.712+0000][gc,heap       ] GC(1540) Old regions: 129->129
[2025-11-08T15:28:11.713+0000][gc,heap       ] GC(1540) Humongous regions: 147->147
[2025-11-08T15:28:11.714+0000][gc,metaspace  ] GC(1540) Metaspace: 52331K(55472K)->52331K(55472K) NonClass: 46543K(48304K)->46543K(48304K) Class: 5787K(7168K)->5787K(7168K)
[2025-11-08T15:28:11.714+0000][gc            ] GC(1540) Pause Young (Normal) (G1 Evacuation Pause) 307M->277M(667M) 28.648ms
[2025-11-08T15:28:11.715+0000][gc,cpu        ] GC(1540) User=0.03s Sys=0.00s Real=0.03s
[2025-11-08T15:28:14.413+0000][gc,start      ] GC(1541) Pause Young (Normal) (G1 Evacuation Pause)
[2025-11-08T15:28:14.414+0000][gc,task       ] GC(1541) Using 2 workers of 2 for evacuation
[2025-11-08T15:28:14.434+0000][gc,phases     ] GC(1541)   Pre Evacuate Collection Set: 0.0ms
[2025-11-08T15:28:14.435+0000][gc,phases     ] GC(1541)   Evacuate Collection Set: 15.4ms
[2025-11-08T15:28:14.435+0000][gc,phases     ] GC(1541)   Post Evacuate Collection Set: 3.2ms
[2025-11-08T15:28:14.436+0000][gc,phases     ] GC(1541)   Other: 2.6ms
[2025-11-08T15:28:14.437+0000][gc,heap       ] GC(1541) Eden regions: 31->0(31)
[2025-11-08T15:28:14.438+0000][gc,heap       ] GC(1541) Survivor regions: 2->2(5)
[2025-11-08T15:28:14.439+0000][gc,heap       ] GC(1541) Old regions: 129->129
[2025-11-08T15:28:14.441+0000][gc,heap       ] GC(1541) Humongous regions: 147->147
[2025-11-08T15:28:14.441+0000][gc,metaspace  ] GC(1541) Metaspace: 52331K(55472K)->52331K(55472K) NonClass: 46543K(48304K)->46543K(48304K) Class: 5787K(7168K)->5787K(7168K)
[2025-11-08T15:28:14.442+0000][gc            ] GC(1541) Pause Young (Normal) (G1 Evacuation Pause) 308M->276M(667M) 28.725ms
[2025-11-08T15:28:14.444+0000][gc,cpu        ] GC(1541) User=0.03s Sys=0.00s Real=0.03s
[2025-11-08T15:28:17.474+0000][gc,start      ] GC(1542) Pause Young (Normal) (G1 Evacuation Pause)
[2025-11-08T15:28:17.475+0000][gc,task       ] GC(1542) Using 2 workers of 2 for evacuation
[2025-11-08T15:28:17.498+0000][gc,mmu        ] GC(1542) MMU target violated: 20.7ms (20.0ms/21.0ms)
[2025-11-08T15:28:17.499+0000][gc,phases     ] GC(1542)   Pre Evacuate Collection Set: 0.0ms
[2025-11-08T15:28:17.500+0000][gc,phases     ] GC(1542)   Evacuate Collection Set: 17.8ms
[2025-11-08T15:28:17.500+0000][gc,phases     ] GC(1542)   Post Evacuate Collection Set: 2.6ms
[2025-11-08T15:28:17.500+0000][gc,phases     ] GC(1542)   Other: 4.6ms
[2025-11-08T15:28:17.501+0000][gc,heap       ] GC(1542) Eden regions: 31->0(32)
[2025-11-08T15:28:17.502+0000][gc,heap       ] GC(1542) Survivor regions: 2->1(5)
[2025-11-08T15:28:17.502+0000][gc,heap       ] GC(1542) Old regions: 129->129
[2025-11-08T15:28:17.503+0000][gc,heap       ] GC(1542) Humongous regions: 147->147
[2025-11-08T15:28:17.503+0000][gc,metaspace  ] GC(1542) Metaspace: 52331K(55472K)->52331K(55472K) NonClass: 46543K(48304K)->46543K(48304K) Class: 5787K(7168K)->5787K(7168K)
[2025-11-08T15:28:17.504+0000][gc            ] GC(1542) Pause Young (Normal) (G1 Evacuation Pause) 307M->276M(667M) 29.395ms
[2025-11-08T15:28:17.504+0000][gc,cpu        ] GC(1542) User=0.04s Sys=0.00s Real=0.03s
[2025-11-08T15:28:20.260+0000][gc,start      ] GC(1543) Pause Young (Normal) (G1 Evacuation Pause)
[2025-11-08T15:28:20.264+0000][gc,task       ] GC(1543) Using 2 workers of 2 for evacuation
[2025-11-08T15:28:20.295+0000][gc,mmu        ] GC(1543) MMU target violated: 21.0ms (20.0ms/21.0ms)
[2025-11-08T15:28:20.296+0000][gc,phases     ] GC(1543)   Pre Evacuate Collection Set: 0.0ms
[2025-11-08T15:28:20.296+0000][gc,phases     ] GC(1543)   Evacuate Collection Set: 25.6ms
[2025-11-08T15:28:20.297+0000][gc,phases     ] GC(1543)   Post Evacuate Collection Set: 2.7ms
[2025-11-08T15:28:20.298+0000][gc,phases     ] GC(1543)   Other: 7.7ms
[2025-11-08T15:28:20.298+0000][gc,heap       ] GC(1543) Eden regions: 32->0(30)
[2025-11-08T15:28:20.298+0000][gc,heap       ] GC(1543) Survivor regions: 1->3(5)
[2025-11-08T15:28:20.299+0000][gc,heap       ] GC(1543) Old regions: 129->129
[2025-11-08T15:28:20.299+0000][gc,heap       ] GC(1543) Humongous regions: 147->147
[2025-11-08T15:28:20.300+0000][gc,metaspace  ] GC(1543) Metaspace: 52331K(55472K)->52331K(55472K) NonClass: 46543K(48304K)->46543K(48304K) Class: 5787K(7168K)->5787K(7168K)
[2025-11-08T15:28:20.301+0000][gc            ] GC(1543) Pause Young (Normal) (G1 Evacuation Pause) 308M->278M(667M) 40.816ms
[2025-11-08T15:28:20.301+0000][gc,cpu        ] GC(1543) User=0.06s Sys=0.00s Real=0.04s
[2025-11-08T15:28:22.947+0000][gc,start      ] GC(1544) Pause Young (Normal) (G1 Evacuation Pause)
[2025-11-08T15:28:22.948+0000][gc,task       ] GC(1544) Using 2 workers of 2 for evacuation
[2025-11-08T15:28:22.974+0000][gc,mmu        ] GC(1544) MMU target violated: 21.0ms (20.0ms/21.0ms)
[2025-11-08T15:28:22.974+0000][gc,phases     ] GC(1544)   Pre Evacuate Collection Set: 0.0ms
[2025-11-08T15:28:22.975+0000][gc,phases     ] GC(1544)   Evacuate Collection Set: 23.2ms
[2025-11-08T15:28:22.975+0000][gc,phases     ] GC(1544)   Post Evacuate Collection Set: 1.4ms
[2025-11-08T15:28:22.976+0000][gc,phases     ] GC(1544)   Other: 2.7ms
[2025-11-08T15:28:22.976+0000][gc,heap       ] GC(1544) Eden regions: 30->0(30)
[2025-11-08T15:28:22.976+0000][gc,heap       ] GC(1544) Survivor regions: 3->3(5)
[2025-11-08T15:28:22.977+0000][gc,heap       ] GC(1544) Old regions: 129->129
[2025-11-08T15:28:22.977+0000][gc,heap       ] GC(1544) Humongous regions: 147->147
[2025-11-08T15:28:22.977+0000][gc,metaspace  ] GC(1544) Metaspace: 52331K(55472K)->52331K(55472K) NonClass: 46543K(48304K)->46543K(48304K) Class: 5787K(7168K)->5787K(7168K)
[2025-11-08T15:28:22.978+0000][gc            ] GC(1544) Pause Young (Normal) (G1 Evacuation Pause) 308M->278M(667M) 30.581ms
[2025-11-08T15:28:22.978+0000][gc,cpu        ] GC(1544) User=0.05s Sys=0.00s Real=0.03s
[2025-11-08T15:28:26.297+0000][gc,start      ] GC(1545) Pause Young (Normal) (G1 Evacuation Pause)
[2025-11-08T15:28:26.321+0000][gc,task       ] GC(1545) Using 2 workers of 2 for evacuation
[2025-11-08T15:28:26.350+0000][gc,mmu        ] GC(1545) MMU target violated: 21.0ms (20.0ms/21.0ms)
[2025-11-08T15:28:26.351+0000][gc,phases     ] GC(1545)   Pre Evacuate Collection Set: 0.0ms
[2025-11-08T15:28:26.352+0000][gc,phases     ] GC(1545)   Evacuate Collection Set: 17.9ms
[2025-11-08T15:28:26.359+0000][gc,phases     ] GC(1545)   Post Evacuate Collection Set: 6.2ms
[2025-11-08T15:28:26.361+0000][gc,phases     ] GC(1545)   Other: 29.6ms
[2025-11-08T15:28:26.374+0000][gc,heap       ] GC(1545) Eden regions: 30->0(31)
[2025-11-08T15:28:26.378+0000][gc,heap       ] GC(1545) Survivor regions: 3->2(5)
[2025-11-08T15:28:26.382+0000][gc,heap       ] GC(1545) Old regions: 129->129
[2025-11-08T15:28:26.385+0000][gc,heap       ] GC(1545) Humongous regions: 147->147
[2025-11-08T15:28:26.388+0000][gc,metaspace  ] GC(1545) Metaspace: 52331K(55472K)->52331K(55472K) NonClass: 46543K(48304K)->46543K(48304K) Class: 5787K(7168K)->5787K(7168K)
[2025-11-08T15:28:26.391+0000][gc            ] GC(1545) Pause Young (Normal) (G1 Evacuation Pause) 308M->277M(667M) 94.157ms
[2025-11-08T15:28:26.393+0000][gc,cpu        ] GC(1545) User=0.04s Sys=0.02s Real=0.09s
[2025-11-08T15:28:29.724+0000][gc,start      ] GC(1546) Pause Young (Normal) (G1 Evacuation Pause)
[2025-11-08T15:28:29.724+0000][gc,task       ] GC(1546) Using 2 workers of 2 for evacuation
[2025-11-08T15:28:29.775+0000][gc,mmu        ] GC(1546) MMU target violated: 21.0ms (20.0ms/21.0ms)
[2025-11-08T15:28:29.779+0000][gc,phases     ] GC(1546)   Pre Evacuate Collection Set: 0.0ms
[2025-11-08T15:28:29.781+0000][gc,phases     ] GC(1546)   Evacuate Collection Set: 46.9ms
[2025-11-08T15:28:29.782+0000][gc,phases     ] GC(1546)   Post Evacuate Collection Set: 3.1ms
[2025-11-08T15:28:29.783+0000][gc,phases     ] GC(1546)   Other: 5.6ms
[2025-11-08T15:28:29.785+0000][gc,heap       ] GC(1546) Eden regions: 31->0(31)
[2025-11-08T15:28:29.787+0000][gc,heap       ] GC(1546) Survivor regions: 2->2(5)
[2025-11-08T15:28:29.790+0000][gc,heap       ] GC(1546) Old regions: 129->129
[2025-11-08T15:28:29.791+0000][gc,heap       ] GC(1546) Humongous regions: 147->147
[2025-11-08T15:28:29.792+0000][gc,metaspace  ] GC(1546) Metaspace: 52331K(55472K)->52331K(55472K) NonClass: 46543K(48304K)->46543K(48304K) Class: 5787K(7168K)->5787K(7168K)
[2025-11-08T15:28:29.794+0000][gc            ] GC(1546) Pause Young (Normal) (G1 Evacuation Pause) 308M->277M(667M) 70.802ms
[2025-11-08T15:28:29.797+0000][gc,cpu        ] GC(1546) User=0.07s Sys=0.00s Real=0.08s
[2025-11-08T15:28:33.466+0000][gc,start      ] GC(1547) Pause Young (Normal) (G1 Evacuation Pause)
[2025-11-08T15:28:33.467+0000][gc,task       ] GC(1547) Using 2 workers of 2 for evacuation
[2025-11-08T15:28:33.494+0000][gc,mmu        ] GC(1547) MMU target violated: 21.0ms (20.0ms/21.0ms)
[2025-11-08T15:28:33.502+0000][gc,phases     ] GC(1547)   Pre Evacuate Collection Set: 0.1ms
[2025-11-08T15:28:33.502+0000][gc,phases     ] GC(1547)   Evacuate Collection Set: 18.0ms
[2025-11-08T15:28:33.503+0000][gc,phases     ] GC(1547)   Post Evacuate Collection Set: 5.5ms
[2025-11-08T15:28:33.503+0000][gc,phases     ] GC(1547)   Other: 12.1ms
[2025-11-08T15:28:33.503+0000][gc,heap       ] GC(1547) Eden regions: 31->0(31)
[2025-11-08T15:28:33.504+0000][gc,heap       ] GC(1547) Survivor regions: 2->2(5)
[2025-11-08T15:28:33.504+0000][gc,heap       ] GC(1547) Old regions: 129->129
[2025-11-08T15:28:33.505+0000][gc,heap       ] GC(1547) Humongous regions: 147->147
[2025-11-08T15:28:33.505+0000][gc,metaspace  ] GC(1547) Metaspace: 52331K(55472K)->52331K(55472K) NonClass: 46543K(48304K)->46543K(48304K) Class: 5787K(7168K)->5787K(7168K)
[2025-11-08T15:28:33.506+0000][gc            ] GC(1547) Pause Young (Normal) (G1 Evacuation Pause) 308M->277M(667M) 40.162ms
[2025-11-08T15:28:33.507+0000][gc,cpu        ] GC(1547) User=0.03s Sys=0.01s Real=0.05s
[2025-11-08T15:28:36.058+0000][gc,start      ] GC(1548) Pause Young (Normal) (G1 Evacuation Pause)
[2025-11-08T15:28:36.058+0000][gc,task       ] GC(1548) Using 2 workers of 2 for evacuation
[2025-11-08T15:28:36.088+0000][gc,mmu        ] GC(1548) MMU target violated: 21.0ms (20.0ms/21.0ms)
[2025-11-08T15:28:36.089+0000][gc,phases     ] GC(1548)   Pre Evacuate Collection Set: 0.0ms
[2025-11-08T15:28:36.090+0000][gc,phases     ] GC(1548)   Evacuate Collection Set: 27.2ms
[2025-11-08T15:28:36.090+0000][gc,phases     ] GC(1548)   Post Evacuate Collection Set: 2.2ms
[2025-11-08T15:28:36.093+0000][gc,phases     ] GC(1548)   Other: 1.9ms
[2025-11-08T15:28:36.093+0000][gc,heap       ] GC(1548) Eden regions: 31->0(30)
[2025-11-08T15:28:36.094+0000][gc,heap       ] GC(1548) Survivor regions: 2->3(5)
[2025-11-08T15:28:36.096+0000][gc,heap       ] GC(1548) Old regions: 129->129
[2025-11-08T15:28:36.097+0000][gc,heap       ] GC(1548) Humongous regions: 147->147
[2025-11-08T15:28:36.098+0000][gc,metaspace  ] GC(1548) Metaspace: 52331K(55472K)->52331K(55472K) NonClass: 46543K(48304K)->46543K(48304K) Class: 5787K(7168K)->5787K(7168K)
[2025-11-08T15:28:36.100+0000][gc            ] GC(1548) Pause Young (Normal) (G1 Evacuation Pause) 308M->278M(667M) 42.766ms
[2025-11-08T15:28:36.101+0000][gc,cpu        ] GC(1548) User=0.06s Sys=0.00s Real=0.04s
[2025-11-08T15:28:39.048+0000][gc,start      ] GC(1549) Pause Young (Normal) (G1 Evacuation Pause)
[2025-11-08T15:28:39.053+0000][gc,task       ] GC(1549) Using 2 workers of 2 for evacuation
[2025-11-08T15:28:39.082+0000][gc,mmu        ] GC(1549) MMU target violated: 21.0ms (20.0ms/21.0ms)
[2025-11-08T15:28:39.085+0000][gc,phases     ] GC(1549)   Pre Evacuate Collection Set: 0.0ms
[2025-11-08T15:28:39.086+0000][gc,phases     ] GC(1549)   Evacuate Collection Set: 26.5ms
[2025-11-08T15:28:39.087+0000][gc,phases     ] GC(1549)   Post Evacuate Collection Set: 1.9ms
[2025-11-08T15:28:39.088+0000][gc,phases     ] GC(1549)   Other: 9.2ms
[2025-11-08T15:28:39.095+0000][gc,heap       ] GC(1549) Eden regions: 30->0(30)
[2025-11-08T15:28:39.096+0000][gc,heap       ] GC(1549) Survivor regions: 3->3(5)
[2025-11-08T15:28:39.099+0000][gc,heap       ] GC(1549) Old regions: 129->130
[2025-11-08T15:28:39.099+0000][gc,heap       ] GC(1549) Humongous regions: 147->147
[2025-11-08T15:28:39.103+0000][gc,metaspace  ] GC(1549) Metaspace: 52331K(55472K)->52331K(55472K) NonClass: 46543K(48304K)->46543K(48304K) Class: 5787K(7168K)->5787K(7168K)
[2025-11-08T15:28:39.104+0000][gc            ] GC(1549) Pause Young (Normal) (G1 Evacuation Pause) 308M->278M(667M) 56.306ms
[2025-11-08T15:28:39.105+0000][gc,cpu        ] GC(1549) User=0.04s Sys=0.01s Real=0.05s
[2025-11-08T15:28:42.490+0000][gc,start      ] GC(1550) Pause Young (Normal) (G1 Evacuation Pause)
[2025-11-08T15:28:42.491+0000][gc,task       ] GC(1550) Using 2 workers of 2 for evacuation
[2025-11-08T15:28:42.542+0000][gc,mmu        ] GC(1550) MMU target violated: 21.0ms (20.0ms/21.0ms)
[2025-11-08T15:28:42.544+0000][gc,phases     ] GC(1550)   Pre Evacuate Collection Set: 0.1ms
[2025-11-08T15:28:42.545+0000][gc,phases     ] GC(1550)   Evacuate Collection Set: 39.1ms
[2025-11-08T15:28:42.545+0000][gc,phases     ] GC(1550)   Post Evacuate Collection Set: 8.1ms
[2025-11-08T15:28:42.547+0000][gc,phases     ] GC(1550)   Other: 7.2ms
[2025-11-08T15:28:42.547+0000][gc,heap       ] GC(1550) Eden regions: 30->0(31)
[2025-11-08T15:28:42.548+0000][gc,heap       ] GC(1550) Survivor regions: 3->2(5)
[2025-11-08T15:28:42.548+0000][gc,heap       ] GC(1550) Old regions: 130->130
[2025-11-08T15:28:42.549+0000][gc,heap       ] GC(1550) Humongous regions: 147->147
[2025-11-08T15:28:42.549+0000][gc,metaspace  ] GC(1550) Metaspace: 52331K(55472K)->52331K(55472K) NonClass: 46543K(48304K)->46543K(48304K) Class: 5787K(7168K)->5787K(7168K)
[2025-11-08T15:28:42.550+0000][gc            ] GC(1550) Pause Young (Normal) (G1 Evacuation Pause) 308M->278M(667M) 60.264ms
[2025-11-08T15:28:42.554+0000][gc,cpu        ] GC(1550) User=0.06s Sys=0.00s Real=0.07s
[2025-11-08T15:28:45.991+0000][gc,start      ] GC(1551) Pause Young (Normal) (G1 Evacuation Pause)
[2025-11-08T15:28:45.992+0000][gc,task       ] GC(1551) Using 2 workers of 2 for evacuation
[2025-11-08T15:28:46.017+0000][gc,mmu        ] GC(1551) MMU target violated: 21.0ms (20.0ms/21.0ms)
[2025-11-08T15:28:46.017+0000][gc,phases     ] GC(1551)   Pre Evacuate Collection Set: 0.0ms
[2025-11-08T15:28:46.018+0000][gc,phases     ] GC(1551)   Evacuate Collection Set: 21.8ms
[2025-11-08T15:28:46.018+0000][gc,phases     ] GC(1551)   Post Evacuate Collection Set: 2.2ms
[2025-11-08T15:28:46.019+0000][gc,phases     ] GC(1551)   Other: 2.0ms
[2025-11-08T15:28:46.019+0000][gc,heap       ] GC(1551) Eden regions: 31->0(31)
[2025-11-08T15:28:46.020+0000][gc,heap       ] GC(1551) Survivor regions: 2->2(5)
[2025-11-08T15:28:46.020+0000][gc,heap       ] GC(1551) Old regions: 130->130
[2025-11-08T15:28:46.021+0000][gc,heap       ] GC(1551) Humongous regions: 147->147
[2025-11-08T15:28:46.021+0000][gc,metaspace  ] GC(1551) Metaspace: 52331K(55472K)->52331K(55472K) NonClass: 46543K(48304K)->46543K(48304K) Class: 5787K(7168K)->5787K(7168K)
[2025-11-08T15:28:46.022+0000][gc            ] GC(1551) Pause Young (Normal) (G1 Evacuation Pause) 309M->277M(667M) 30.553ms
[2025-11-08T15:28:46.023+0000][gc,cpu        ] GC(1551) User=0.05s Sys=0.00s Real=0.03s
[2025-11-08T15:28:48.942+0000][gc,start      ] GC(1552) Pause Young (Normal) (G1 Evacuation Pause)
[2025-11-08T15:28:48.943+0000][gc,task       ] GC(1552) Using 2 workers of 2 for evacuation
[2025-11-08T15:28:48.965+0000][gc,mmu        ] GC(1552) MMU target violated: 21.0ms (20.0ms/21.0ms)
[2025-11-08T15:28:48.965+0000][gc,phases     ] GC(1552)   Pre Evacuate Collection Set: 0.1ms
[2025-11-08T15:28:48.966+0000][gc,phases     ] GC(1552)   Evacuate Collection Set: 18.9ms
[2025-11-08T15:28:48.967+0000][gc,phases     ] GC(1552)   Post Evacuate Collection Set: 2.0ms
[2025-11-08T15:28:48.970+0000][gc,phases     ] GC(1552)   Other: 1.9ms
[2025-11-08T15:28:48.971+0000][gc,heap       ] GC(1552) Eden regions: 31->0(31)
[2025-11-08T15:28:48.971+0000][gc,heap       ] GC(1552) Survivor regions: 2->2(5)
[2025-11-08T15:28:48.971+0000][gc,heap       ] GC(1552) Old regions: 130->130
[2025-11-08T15:28:48.973+0000][gc,heap       ] GC(1552) Humongous regions: 147->147
[2025-11-08T15:28:48.974+0000][gc,metaspace  ] GC(1552) Metaspace: 52331K(55472K)->52331K(55472K) NonClass: 46543K(48304K)->46543K(48304K) Class: 5787K(7168K)->5787K(7168K)
[2025-11-08T15:28:48.975+0000][gc            ] GC(1552) Pause Young (Normal) (G1 Evacuation Pause) 308M->277M(667M) 32.787ms
[2025-11-08T15:28:48.977+0000][gc,cpu        ] GC(1552) User=0.04s Sys=0.00s Real=0.03s
[2025-11-08T15:28:51.913+0000][gc,start      ] GC(1553) Pause Young (Normal) (G1 Evacuation Pause)
[2025-11-08T15:28:51.914+0000][gc,task       ] GC(1553) Using 2 workers of 2 for evacuation
[2025-11-08T15:28:51.958+0000][gc,mmu        ] GC(1553) MMU target violated: 21.0ms (20.0ms/21.0ms)
[2025-11-08T15:28:51.960+0000][gc,phases     ] GC(1553)   Pre Evacuate Collection Set: 0.0ms
[2025-11-08T15:28:51.960+0000][gc,phases     ] GC(1553)   Evacuate Collection Set: 38.4ms
[2025-11-08T15:28:51.961+0000][gc,phases     ] GC(1553)   Post Evacuate Collection Set: 4.4ms
[2025-11-08T15:28:51.961+0000][gc,phases     ] GC(1553)   Other: 3.4ms
[2025-11-08T15:28:51.962+0000][gc,heap       ] GC(1553) Eden regions: 31->0(30)
[2025-11-08T15:28:51.963+0000][gc,heap       ] GC(1553) Survivor regions: 2->3(5)
[2025-11-08T15:28:51.964+0000][gc,heap       ] GC(1553) Old regions: 130->130
[2025-11-08T15:28:51.965+0000][gc,heap       ] GC(1553) Humongous regions: 147->147
[2025-11-08T15:28:51.966+0000][gc,metaspace  ] GC(1553) Metaspace: 52331K(55472K)->52331K(55472K) NonClass: 46543K(48304K)->46543K(48304K) Class: 5787K(7168K)->5787K(7168K)
[2025-11-08T15:28:51.966+0000][gc            ] GC(1553) Pause Young (Normal) (G1 Evacuation Pause) 308M->279M(667M) 52.878ms
[2025-11-08T15:28:51.967+0000][gc,cpu        ] GC(1553) User=0.07s Sys=0.00s Real=0.05s
[2025-11-08T15:28:54.765+0000][gc,start      ] GC(1554) Pause Young (Normal) (G1 Evacuation Pause)
[2025-11-08T15:28:54.765+0000][gc,task       ] GC(1554) Using 2 workers of 2 for evacuation
[2025-11-08T15:28:54.790+0000][gc,mmu        ] GC(1554) MMU target violated: 21.0ms (20.0ms/21.0ms)
[2025-11-08T15:28:54.790+0000][gc,phases     ] GC(1554)   Pre Evacuate Collection Set: 0.0ms
[2025-11-08T15:28:54.791+0000][gc,phases     ] GC(1554)   Evacuate Collection Set: 22.3ms
[2025-11-08T15:28:54.792+0000][gc,phases     ] GC(1554)   Post Evacuate Collection Set: 1.4ms
[2025-11-08T15:28:54.792+0000][gc,phases     ] GC(1554)   Other: 2.0ms
[2025-11-08T15:28:54.793+0000][gc,heap       ] GC(1554) Eden regions: 30->0(30)
[2025-11-08T15:28:54.793+0000][gc,heap       ] GC(1554) Survivor regions: 3->3(5)
[2025-11-08T15:28:54.794+0000][gc,heap       ] GC(1554) Old regions: 130->130
[2025-11-08T15:28:54.794+0000][gc,heap       ] GC(1554) Humongous regions: 147->147
[2025-11-08T15:28:54.795+0000][gc,metaspace  ] GC(1554) Metaspace: 52331K(55472K)->52331K(55472K) NonClass: 46543K(48304K)->46543K(48304K) Class: 5787K(7168K)->5787K(7168K)
[2025-11-08T15:28:54.795+0000][gc            ] GC(1554) Pause Young (Normal) (G1 Evacuation Pause) 309M->278M(667M) 30.537ms
[2025-11-08T15:28:54.796+0000][gc,cpu        ] GC(1554) User=0.04s Sys=0.00s Real=0.03s
[2025-11-08T15:28:57.185+0000][gc,start      ] GC(1555) Pause Young (Normal) (G1 Evacuation Pause)
[2025-11-08T15:28:57.186+0000][gc,task       ] GC(1555) Using 2 workers of 2 for evacuation
[2025-11-08T15:28:57.217+0000][gc,mmu        ] GC(1555) MMU target violated: 21.0ms (20.0ms/21.0ms)
[2025-11-08T15:28:57.219+0000][gc,phases     ] GC(1555)   Pre Evacuate Collection Set: 0.0ms
[2025-11-08T15:28:57.222+0000][gc,phases     ] GC(1555)   Evacuate Collection Set: 24.8ms
[2025-11-08T15:28:57.224+0000][gc,phases     ] GC(1555)   Post Evacuate Collection Set: 3.5ms
[2025-11-08T15:28:57.224+0000][gc,phases     ] GC(1555)   Other: 5.5ms
[2025-11-08T15:28:57.225+0000][gc,heap       ] GC(1555) Eden regions: 30->0(31)
[2025-11-08T15:28:57.226+0000][gc,heap       ] GC(1555) Survivor regions: 3->2(5)
[2025-11-08T15:28:57.227+0000][gc,heap       ] GC(1555) Old regions: 130->130
[2025-11-08T15:28:57.228+0000][gc,heap       ] GC(1555) Humongous regions: 147->147
[2025-11-08T15:28:57.228+0000][gc,metaspace  ] GC(1555) Metaspace: 52331K(55472K)->52331K(55472K) NonClass: 46543K(48304K)->46543K(48304K) Class: 5787K(7168K)->5787K(7168K)
[2025-11-08T15:28:57.229+0000][gc            ] GC(1555) Pause Young (Normal) (G1 Evacuation Pause) 308M->278M(667M) 43.270ms
[2025-11-08T15:28:57.229+0000][gc,cpu        ] GC(1555) User=0.06s Sys=0.00s Real=0.04s
[2025-11-08T15:28:59.985+0000][gc,start      ] GC(1556) Pause Young (Normal) (G1 Evacuation Pause)
[2025-11-08T15:28:59.988+0000][gc,task       ] GC(1556) Using 2 workers of 2 for evacuation
[2025-11-08T15:29:00.015+0000][gc,mmu        ] GC(1556) MMU target violated: 21.0ms (20.0ms/21.0ms)
[2025-11-08T15:29:00.016+0000][gc,phases     ] GC(1556)   Pre Evacuate Collection Set: 0.0ms
[2025-11-08T15:29:00.017+0000][gc,phases     ] GC(1556)   Evacuate Collection Set: 23.1ms
[2025-11-08T15:29:00.018+0000][gc,phases     ] GC(1556)   Post Evacuate Collection Set: 3.1ms
[2025-11-08T15:29:00.018+0000][gc,phases     ] GC(1556)   Other: 4.9ms
[2025-11-08T15:29:00.019+0000][gc,heap       ] GC(1556) Eden regions: 31->0(31)
[2025-11-08T15:29:00.021+0000][gc,heap       ] GC(1556) Survivor regions: 2->2(5)
[2025-11-08T15:29:00.024+0000][gc,heap       ] GC(1556) Old regions: 130->130
[2025-11-08T15:29:00.025+0000][gc,heap       ] GC(1556) Humongous regions: 147->147
[2025-11-08T15:29:00.025+0000][gc,metaspace  ] GC(1556) Metaspace: 52331K(55472K)->52331K(55472K) NonClass: 46543K(48304K)->46543K(48304K) Class: 5787K(7168K)->5787K(7168K)
[2025-11-08T15:29:00.026+0000][gc            ] GC(1556) Pause Young (Normal) (G1 Evacuation Pause) 309M->278M(667M) 40.704ms
[2025-11-08T15:29:00.027+0000][gc,cpu        ] GC(1556) User=0.05s Sys=0.00s Real=0.04s
[2025-11-08T15:29:03.307+0000][gc,start      ] GC(1557) Pause Young (Normal) (G1 Evacuation Pause)
[2025-11-08T15:29:03.308+0000][gc,task       ] GC(1557) Using 2 workers of 2 for evacuation
[2025-11-08T15:29:03.354+0000][gc,mmu        ] GC(1557) MMU target violated: 21.0ms (20.0ms/21.0ms)
[2025-11-08T15:29:03.356+0000][gc,phases     ] GC(1557)   Pre Evacuate Collection Set: 0.0ms
[2025-11-08T15:29:03.359+0000][gc,phases     ] GC(1557)   Evacuate Collection Set: 39.8ms
[2025-11-08T15:29:03.360+0000][gc,phases     ] GC(1557)   Post Evacuate Collection Set: 3.3ms
[2025-11-08T15:29:03.361+0000][gc,phases     ] GC(1557)   Other: 5.3ms
[2025-11-08T15:29:03.361+0000][gc,heap       ] GC(1557) Eden regions: 31->0(31)
[2025-11-08T15:29:03.362+0000][gc,heap       ] GC(1557) Survivor regions: 2->2(5)
[2025-11-08T15:29:03.363+0000][gc,heap       ] GC(1557) Old regions: 130->130
[2025-11-08T15:29:03.363+0000][gc,heap       ] GC(1557) Humongous regions: 147->147
[2025-11-08T15:29:03.365+0000][gc,metaspace  ] GC(1557) Metaspace: 52331K(55472K)->52331K(55472K) NonClass: 46543K(48304K)->46543K(48304K) Class: 5787K(7168K)->5787K(7168K)
[2025-11-08T15:29:03.365+0000][gc            ] GC(1557) Pause Young (Normal) (G1 Evacuation Pause) 309M->277M(667M) 57.875ms
[2025-11-08T15:29:03.366+0000][gc,cpu        ] GC(1557) User=0.05s Sys=0.00s Real=0.06s
[2025-11-08T15:29:06.330+0000][gc,start      ] GC(1558) Pause Young (Normal) (G1 Evacuation Pause)
[2025-11-08T15:29:06.334+0000][gc,task       ] GC(1558) Using 2 workers of 2 for evacuation
[2025-11-08T15:29:06.423+0000][gc,mmu        ] GC(1558) MMU target violated: 21.0ms (20.0ms/21.0ms)
[2025-11-08T15:29:06.424+0000][gc,phases     ] GC(1558)   Pre Evacuate Collection Set: 0.0ms
[2025-11-08T15:29:06.425+0000][gc,phases     ] GC(1558)   Evacuate Collection Set: 83.4ms
[2025-11-08T15:29:06.426+0000][gc,phases     ] GC(1558)   Post Evacuate Collection Set: 2.4ms
[2025-11-08T15:29:06.438+0000][gc,phases     ] GC(1558)   Other: 7.7ms
[2025-11-08T15:29:06.445+0000][gc,heap       ] GC(1558) Eden regions: 31->0(30)
[2025-11-08T15:29:06.455+0000][gc,heap       ] GC(1558) Survivor regions: 2->3(5)
[2025-11-08T15:29:06.457+0000][gc,heap       ] GC(1558) Old regions: 130->130
[2025-11-08T15:29:06.476+0000][gc,heap       ] GC(1558) Humongous regions: 147->147
[2025-11-08T15:29:06.480+0000][gc,metaspace  ] GC(1558) Metaspace: 52331K(55472K)->52331K(55472K) NonClass: 46543K(48304K)->46543K(48304K) Class: 5787K(7168K)->5787K(7168K)
[2025-11-08T15:29:06.480+0000][gc            ] GC(1558) Pause Young (Normal) (G1 Evacuation Pause) 308M->279M(667M) 150.122ms
[2025-11-08T15:29:06.485+0000][gc,cpu        ] GC(1558) User=0.14s Sys=0.01s Real=0.15s
[2025-11-08T15:29:10.224+0000][gc,start      ] GC(1559) Pause Young (Normal) (G1 Evacuation Pause)
[2025-11-08T15:29:10.225+0000][gc,task       ] GC(1559) Using 2 workers of 2 for evacuation
[2025-11-08T15:29:10.359+0000][gc,mmu        ] GC(1559) MMU target violated: 21.0ms (20.0ms/21.0ms)
[2025-11-08T15:29:10.360+0000][gc,phases     ] GC(1559)   Pre Evacuate Collection Set: 0.0ms
[2025-11-08T15:29:10.361+0000][gc,phases     ] GC(1559)   Evacuate Collection Set: 94.0ms
[2025-11-08T15:29:10.361+0000][gc,phases     ] GC(1559)   Post Evacuate Collection Set: 38.2ms
[2025-11-08T15:29:10.362+0000][gc,phases     ] GC(1559)   Other: 3.6ms
[2025-11-08T15:29:10.362+0000][gc,heap       ] GC(1559) Eden regions: 30->0(30)
[2025-11-08T15:29:10.363+0000][gc,heap       ] GC(1559) Survivor regions: 3->3(5)
[2025-11-08T15:29:10.364+0000][gc,heap       ] GC(1559) Old regions: 130->130
[2025-11-08T15:29:10.364+0000][gc,heap       ] GC(1559) Humongous regions: 147->147
[2025-11-08T15:29:10.365+0000][gc,metaspace  ] GC(1559) Metaspace: 52331K(55472K)->52331K(55472K) NonClass: 46543K(48304K)->46543K(48304K) Class: 5787K(7168K)->5787K(7168K)
[2025-11-08T15:29:10.365+0000][gc            ] GC(1559) Pause Young (Normal) (G1 Evacuation Pause) 309M->279M(667M) 141.171ms
[2025-11-08T15:29:10.366+0000][gc,cpu        ] GC(1559) User=0.14s Sys=0.00s Real=0.14s
[2025-11-08T15:29:14.681+0000][gc,start      ] GC(1560) Pause Young (Normal) (G1 Evacuation Pause)
[2025-11-08T15:29:14.687+0000][gc,task       ] GC(1560) Using 2 workers of 2 for evacuation
[2025-11-08T15:29:14.824+0000][gc,mmu        ] GC(1560) MMU target violated: 21.0ms (20.0ms/21.0ms)
[2025-11-08T15:29:14.827+0000][gc,phases     ] GC(1560)   Pre Evacuate Collection Set: 0.0ms
[2025-11-08T15:29:14.832+0000][gc,phases     ] GC(1560)   Evacuate Collection Set: 120.6ms
[2025-11-08T15:29:14.896+0000][gc,phases     ] GC(1560)   Post Evacuate Collection Set: 15.3ms
[2025-11-08T15:29:14.906+0000][gc,phases     ] GC(1560)   Other: 9.6ms
[2025-11-08T15:29:14.910+0000][gc,heap       ] GC(1560) Eden regions: 30->0(31)
[2025-11-08T15:29:14.911+0000][gc,heap       ] GC(1560) Survivor regions: 3->2(5)
[2025-11-08T15:29:14.912+0000][gc,heap       ] GC(1560) Old regions: 130->130
[2025-11-08T15:29:14.912+0000][gc,heap       ] GC(1560) Humongous regions: 147->147
[2025-11-08T15:29:14.915+0000][gc,metaspace  ] GC(1560) Metaspace: 52331K(55472K)->52331K(55472K) NonClass: 46543K(48304K)->46543K(48304K) Class: 5787K(7168K)->5787K(7168K)
[2025-11-08T15:29:14.924+0000][gc            ] GC(1560) Pause Young (Normal) (G1 Evacuation Pause) 309M->278M(667M) 243.166ms
[2025-11-08T15:29:14.925+0000][gc,cpu        ] GC(1560) User=0.19s Sys=0.11s Real=0.24s
[2025-11-08T15:29:19.090+0000][gc,start      ] GC(1561) Pause Young (Normal) (G1 Evacuation Pause)
[2025-11-08T15:29:19.092+0000][gc,task       ] GC(1561) Using 2 workers of 2 for evacuation
[2025-11-08T15:29:19.180+0000][gc,mmu        ] GC(1561) MMU target violated: 21.0ms (20.0ms/21.0ms)
[2025-11-08T15:29:19.181+0000][gc,phases     ] GC(1561)   Pre Evacuate Collection Set: 0.0ms
[2025-11-08T15:29:19.181+0000][gc,phases     ] GC(1561)   Evacuate Collection Set: 84.5ms
[2025-11-08T15:29:19.182+0000][gc,phases     ] GC(1561)   Post Evacuate Collection Set: 2.6ms
[2025-11-08T15:29:19.182+0000][gc,phases     ] GC(1561)   Other: 4.0ms
[2025-11-08T15:29:19.183+0000][gc,heap       ] GC(1561) Eden regions: 31->0(31)
[2025-11-08T15:29:19.184+0000][gc,heap       ] GC(1561) Survivor regions: 2->2(5)
[2025-11-08T15:29:19.184+0000][gc,heap       ] GC(1561) Old regions: 130->130
[2025-11-08T15:29:19.186+0000][gc,heap       ] GC(1561) Humongous regions: 147->147
[2025-11-08T15:29:19.187+0000][gc,metaspace  ] GC(1561) Metaspace: 52331K(55472K)->52331K(55472K) NonClass: 46543K(48304K)->46543K(48304K) Class: 5787K(7168K)->5787K(7168K)
[2025-11-08T15:29:19.188+0000][gc            ] GC(1561) Pause Young (Normal) (G1 Evacuation Pause) 309M->278M(667M) 98.542ms
[2025-11-08T15:29:19.190+0000][gc,cpu        ] GC(1561) User=0.05s Sys=0.00s Real=0.10s
[2025-11-08T15:29:23.982+0000][gc,start      ] GC(1562) Pause Young (Normal) (G1 Evacuation Pause)
[2025-11-08T15:29:23.983+0000][gc,task       ] GC(1562) Using 2 workers of 2 for evacuation
[2025-11-08T15:29:24.055+0000][gc,mmu        ] GC(1562) MMU target violated: 21.0ms (20.0ms/21.0ms)
[2025-11-08T15:29:24.056+0000][gc,phases     ] GC(1562)   Pre Evacuate Collection Set: 0.0ms
[2025-11-08T15:29:24.057+0000][gc,phases     ] GC(1562)   Evacuate Collection Set: 68.8ms
[2025-11-08T15:29:24.057+0000][gc,phases     ] GC(1562)   Post Evacuate Collection Set: 0.6ms
[2025-11-08T15:29:24.058+0000][gc,phases     ] GC(1562)   Other: 4.0ms
[2025-11-08T15:29:24.059+0000][gc,heap       ] GC(1562) Eden regions: 31->0(31)
[2025-11-08T15:29:24.059+0000][gc,heap       ] GC(1562) Survivor regions: 2->2(5)
[2025-11-08T15:29:24.060+0000][gc,heap       ] GC(1562) Old regions: 130->130
[2025-11-08T15:29:24.061+0000][gc,heap       ] GC(1562) Humongous regions: 147->147
[2025-11-08T15:29:24.062+0000][gc,metaspace  ] GC(1562) Metaspace: 52331K(55472K)->52331K(55472K) NonClass: 46543K(48304K)->46543K(48304K) Class: 5787K(7168K)->5787K(7168K)
[2025-11-08T15:29:24.063+0000][gc            ] GC(1562) Pause Young (Normal) (G1 Evacuation Pause) 309M->278M(667M) 80.383ms
[2025-11-08T15:29:24.063+0000][gc,cpu        ] GC(1562) User=0.06s Sys=0.00s Real=0.08s
[2025-11-08T15:29:30.036+0000][gc,start      ] GC(1563) Pause Young (Normal) (G1 Evacuation Pause)
[2025-11-08T15:29:30.038+0000][gc,task       ] GC(1563) Using 2 workers of 2 for evacuation
[2025-11-08T15:29:30.149+0000][gc,mmu        ] GC(1563) MMU target violated: 21.0ms (20.0ms/21.0ms)
[2025-11-08T15:29:30.150+0000][gc,phases     ] GC(1563)   Pre Evacuate Collection Set: 0.0ms
[2025-11-08T15:29:30.152+0000][gc,phases     ] GC(1563)   Evacuate Collection Set: 108.3ms
[2025-11-08T15:29:30.153+0000][gc,phases     ] GC(1563)   Post Evacuate Collection Set: 0.9ms
[2025-11-08T15:29:30.153+0000][gc,phases     ] GC(1563)   Other: 5.0ms
[2025-11-08T15:29:30.153+0000][gc,heap       ] GC(1563) Eden regions: 31->0(30)
[2025-11-08T15:29:30.154+0000][gc,heap       ] GC(1563) Survivor regions: 2->3(5)
[2025-11-08T15:29:30.154+0000][gc,heap       ] GC(1563) Old regions: 130->130
[2025-11-08T15:29:30.155+0000][gc,heap       ] GC(1563) Humongous regions: 147->147
[2025-11-08T15:29:30.155+0000][gc,metaspace  ] GC(1563) Metaspace: 52331K(55472K)->52331K(55472K) NonClass: 46543K(48304K)->46543K(48304K) Class: 5787K(7168K)->5787K(7168K)
[2025-11-08T15:29:30.157+0000][gc            ] GC(1563) Pause Young (Normal) (G1 Evacuation Pause) 309M->279M(667M) 120.223ms
[2025-11-08T15:29:30.157+0000][gc,cpu        ] GC(1563) User=0.05s Sys=0.00s Real=0.12s
[2025-11-08T15:29:33.864+0000][gc,start      ] GC(1564) Pause Young (Normal) (G1 Evacuation Pause)
[2025-11-08T15:29:33.864+0000][gc,task       ] GC(1564) Using 2 workers of 2 for evacuation
[2025-11-08T15:29:33.898+0000][gc,mmu        ] GC(1564) MMU target violated: 21.0ms (20.0ms/21.0ms)
[2025-11-08T15:29:33.899+0000][gc,phases     ] GC(1564)   Pre Evacuate Collection Set: 0.0ms
[2025-11-08T15:29:33.901+0000][gc,phases     ] GC(1564)   Evacuate Collection Set: 31.3ms
[2025-11-08T15:29:33.902+0000][gc,phases     ] GC(1564)   Post Evacuate Collection Set: 2.2ms
[2025-11-08T15:29:33.902+0000][gc,phases     ] GC(1564)   Other: 2.4ms
[2025-11-08T15:29:33.904+0000][gc,heap       ] GC(1564) Eden regions: 30->0(30)
[2025-11-08T15:29:33.905+0000][gc,heap       ] GC(1564) Survivor regions: 3->3(5)
[2025-11-08T15:29:33.906+0000][gc,heap       ] GC(1564) Old regions: 130->131
[2025-11-08T15:29:33.906+0000][gc,heap       ] GC(1564) Humongous regions: 147->147
[2025-11-08T15:29:33.906+0000][gc,metaspace  ] GC(1564) Metaspace: 52331K(55472K)->52331K(55472K) NonClass: 46543K(48304K)->46543K(48304K) Class: 5787K(7168K)->5787K(7168K)
[2025-11-08T15:29:33.907+0000][gc            ] GC(1564) Pause Young (Normal) (G1 Evacuation Pause) 309M->279M(667M) 43.721ms
[2025-11-08T15:29:33.908+0000][gc,cpu        ] GC(1564) User=0.06s Sys=0.00s Real=0.04s
[2025-11-08T15:29:36.545+0000][gc,start      ] GC(1565) Pause Young (Normal) (G1 Evacuation Pause)
[2025-11-08T15:29:36.545+0000][gc,task       ] GC(1565) Using 2 workers of 2 for evacuation
[2025-11-08T15:29:36.565+0000][gc,phases     ] GC(1565)   Pre Evacuate Collection Set: 0.0ms
[2025-11-08T15:29:36.567+0000][gc,phases     ] GC(1565)   Evacuate Collection Set: 17.4ms
[2025-11-08T15:29:36.568+0000][gc,phases     ] GC(1565)   Post Evacuate Collection Set: 1.6ms
[2025-11-08T15:29:36.569+0000][gc,phases     ] GC(1565)   Other: 1.4ms
[2025-11-08T15:29:36.569+0000][gc,heap       ] GC(1565) Eden regions: 30->0(31)
[2025-11-08T15:29:36.570+0000][gc,heap       ] GC(1565) Survivor regions: 3->2(5)
[2025-11-08T15:29:36.570+0000][gc,heap       ] GC(1565) Old regions: 131->131
[2025-11-08T15:29:36.571+0000][gc,heap       ] GC(1565) Humongous regions: 147->147
[2025-11-08T15:29:36.571+0000][gc,metaspace  ] GC(1565) Metaspace: 52331K(55472K)->52331K(55472K) NonClass: 46543K(48304K)->46543K(48304K) Class: 5787K(7168K)->5787K(7168K)
[2025-11-08T15:29:36.572+0000][gc            ] GC(1565) Pause Young (Normal) (G1 Evacuation Pause) 309M->279M(667M) 27.039ms
[2025-11-08T15:29:36.572+0000][gc,cpu        ] GC(1565) User=0.04s Sys=0.00s Real=0.03s
[2025-11-08T15:29:39.228+0000][gc,start      ] GC(1566) Pause Young (Normal) (G1 Evacuation Pause)
[2025-11-08T15:29:39.228+0000][gc,task       ] GC(1566) Using 2 workers of 2 for evacuation
[2025-11-08T15:29:39.248+0000][gc,phases     ] GC(1566)   Pre Evacuate Collection Set: 0.0ms
[2025-11-08T15:29:39.248+0000][gc,phases     ] GC(1566)   Evacuate Collection Set: 17.3ms
[2025-11-08T15:29:39.249+0000][gc,phases     ] GC(1566)   Post Evacuate Collection Set: 1.5ms
[2025-11-08T15:29:39.250+0000][gc,phases     ] GC(1566)   Other: 1.3ms
[2025-11-08T15:29:39.251+0000][gc,heap       ] GC(1566) Eden regions: 31->0(31)
[2025-11-08T15:29:39.251+0000][gc,heap       ] GC(1566) Survivor regions: 2->2(5)
[2025-11-08T15:29:39.252+0000][gc,heap       ] GC(1566) Old regions: 131->131
[2025-11-08T15:29:39.253+0000][gc,heap       ] GC(1566) Humongous regions: 147->147
[2025-11-08T15:29:39.253+0000][gc,metaspace  ] GC(1566) Metaspace: 52331K(55472K)->52331K(55472K) NonClass: 46543K(48304K)->46543K(48304K) Class: 5787K(7168K)->5787K(7168K)
[2025-11-08T15:29:39.254+0000][gc            ] GC(1566) Pause Young (Normal) (G1 Evacuation Pause) 310M->278M(667M) 25.884ms
[2025-11-08T15:29:39.254+0000][gc,cpu        ] GC(1566) User=0.04s Sys=0.00s Real=0.03s
[2025-11-08T15:29:41.639+0000][gc,start      ] GC(1567) Pause Young (Normal) (G1 Evacuation Pause)
[2025-11-08T15:29:41.640+0000][gc,task       ] GC(1567) Using 2 workers of 2 for evacuation
[2025-11-08T15:29:41.661+0000][gc,mmu        ] GC(1567) MMU target violated: 20.2ms (20.0ms/21.0ms)
[2025-11-08T15:29:41.661+0000][gc,phases     ] GC(1567)   Pre Evacuate Collection Set: 0.0ms
[2025-11-08T15:29:41.661+0000][gc,phases     ] GC(1567)   Evacuate Collection Set: 18.5ms
[2025-11-08T15:29:41.662+0000][gc,phases     ] GC(1567)   Post Evacuate Collection Set: 1.6ms
[2025-11-08T15:29:41.662+0000][gc,phases     ] GC(1567)   Other: 1.5ms
[2025-11-08T15:29:41.663+0000][gc,heap       ] GC(1567) Eden regions: 31->0(29)
[2025-11-08T15:29:41.663+0000][gc,heap       ] GC(1567) Survivor regions: 2->4(5)
[2025-11-08T15:29:41.664+0000][gc,heap       ] GC(1567) Old regions: 131->131
[2025-11-08T15:29:41.664+0000][gc,heap       ] GC(1567) Humongous regions: 147->147
[2025-11-08T15:29:41.664+0000][gc,metaspace  ] GC(1567) Metaspace: 52331K(55472K)->52331K(55472K) NonClass: 46543K(48304K)->46543K(48304K) Class: 5787K(7168K)->5787K(7168K)
[2025-11-08T15:29:41.665+0000][gc            ] GC(1567) Pause Young (Normal) (G1 Evacuation Pause) 309M->280M(667M) 25.166ms
[2025-11-08T15:29:41.665+0000][gc,cpu        ] GC(1567) User=0.04s Sys=0.00s Real=0.03s
[2025-11-08T15:29:43.824+0000][gc,start      ] GC(1568) Pause Young (Normal) (G1 Evacuation Pause)
[2025-11-08T15:29:43.824+0000][gc,task       ] GC(1568) Using 2 workers of 2 for evacuation
[2025-11-08T15:29:43.843+0000][gc,phases     ] GC(1568)   Pre Evacuate Collection Set: 0.0ms
[2025-11-08T15:29:43.844+0000][gc,phases     ] GC(1568)   Evacuate Collection Set: 17.6ms
[2025-11-08T15:29:43.844+0000][gc,phases     ] GC(1568)   Post Evacuate Collection Set: 1.1ms
[2025-11-08T15:29:43.845+0000][gc,phases     ] GC(1568)   Other: 1.1ms
[2025-11-08T15:29:43.845+0000][gc,heap       ] GC(1568) Eden regions: 29->0(31)
[2025-11-08T15:29:43.846+0000][gc,heap       ] GC(1568) Survivor regions: 4->2(5)
[2025-11-08T15:29:43.846+0000][gc,heap       ] GC(1568) Old regions: 131->131
[2025-11-08T15:29:43.847+0000][gc,heap       ] GC(1568) Humongous regions: 147->147
[2025-11-08T15:29:43.847+0000][gc,metaspace  ] GC(1568) Metaspace: 52331K(55472K)->52331K(55472K) NonClass: 46543K(48304K)->46543K(48304K) Class: 5787K(7168K)->5787K(7168K)
[2025-11-08T15:29:43.848+0000][gc            ] GC(1568) Pause Young (Normal) (G1 Evacuation Pause) 309M->279M(667M) 23.958ms
[2025-11-08T15:29:43.848+0000][gc,cpu        ] GC(1568) User=0.04s Sys=0.00s Real=0.02s
[2025-11-08T15:29:46.300+0000][gc,start      ] GC(1569) Pause Young (Normal) (G1 Evacuation Pause)
[2025-11-08T15:29:46.300+0000][gc,task       ] GC(1569) Using 2 workers of 2 for evacuation
[2025-11-08T15:29:46.317+0000][gc,phases     ] GC(1569)   Pre Evacuate Collection Set: 0.0ms
[2025-11-08T15:29:46.317+0000][gc,phases     ] GC(1569)   Evacuate Collection Set: 12.7ms
[2025-11-08T15:29:46.317+0000][gc,phases     ] GC(1569)   Post Evacuate Collection Set: 2.8ms
[2025-11-08T15:29:46.318+0000][gc,phases     ] GC(1569)   Other: 1.2ms
[2025-11-08T15:29:46.321+0000][gc,heap       ] GC(1569) Eden regions: 31->0(31)
[2025-11-08T15:29:46.321+0000][gc,heap       ] GC(1569) Survivor regions: 2->2(5)
[2025-11-08T15:29:46.322+0000][gc,heap       ] GC(1569) Old regions: 131->131
[2025-11-08T15:29:46.322+0000][gc,heap       ] GC(1569) Humongous regions: 147->147
[2025-11-08T15:29:46.323+0000][gc,metaspace  ] GC(1569) Metaspace: 52331K(55472K)->52331K(55472K) NonClass: 46543K(48304K)->46543K(48304K) Class: 5787K(7168K)->5787K(7168K)
[2025-11-08T15:29:46.323+0000][gc            ] GC(1569) Pause Young (Normal) (G1 Evacuation Pause) 310M->279M(667M) 23.129ms
[2025-11-08T15:29:46.323+0000][gc,cpu        ] GC(1569) User=0.03s Sys=0.00s Real=0.03s
[2025-11-08T15:29:48.628+0000][gc,start      ] GC(1570) Pause Young (Normal) (G1 Evacuation Pause)
[2025-11-08T15:29:48.629+0000][gc,task       ] GC(1570) Using 2 workers of 2 for evacuation
[2025-11-08T15:29:48.643+0000][gc,phases     ] GC(1570)   Pre Evacuate Collection Set: 0.0ms
[2025-11-08T15:29:48.644+0000][gc,phases     ] GC(1570)   Evacuate Collection Set: 12.1ms
[2025-11-08T15:29:48.644+0000][gc,phases     ] GC(1570)   Post Evacuate Collection Set: 1.0ms
[2025-11-08T15:29:48.644+0000][gc,phases     ] GC(1570)   Other: 1.7ms
[2025-11-08T15:29:48.645+0000][gc,heap       ] GC(1570) Eden regions: 31->0(31)
[2025-11-08T15:29:48.645+0000][gc,heap       ] GC(1570) Survivor regions: 2->2(5)
[2025-11-08T15:29:48.646+0000][gc,heap       ] GC(1570) Old regions: 131->131
[2025-11-08T15:29:48.646+0000][gc,heap       ] GC(1570) Humongous regions: 147->147
[2025-11-08T15:29:48.646+0000][gc,metaspace  ] GC(1570) Metaspace: 52331K(55472K)->52331K(55472K) NonClass: 46543K(48304K)->46543K(48304K) Class: 5787K(7168K)->5787K(7168K)
[2025-11-08T15:29:48.646+0000][gc            ] GC(1570) Pause Young (Normal) (G1 Evacuation Pause) 310M->279M(667M) 18.128ms
[2025-11-08T15:29:48.647+0000][gc,cpu        ] GC(1570) User=0.03s Sys=0.00s Real=0.02s
[2025-11-08T15:29:50.895+0000][gc,start      ] GC(1571) Pause Young (Normal) (G1 Evacuation Pause)
[2025-11-08T15:29:50.895+0000][gc,task       ] GC(1571) Using 2 workers of 2 for evacuation
[2025-11-08T15:29:50.911+0000][gc,phases     ] GC(1571)   Pre Evacuate Collection Set: 0.0ms
[2025-11-08T15:29:50.911+0000][gc,phases     ] GC(1571)   Evacuate Collection Set: 13.3ms
[2025-11-08T15:29:50.914+0000][gc,phases     ] GC(1571)   Post Evacuate Collection Set: 1.3ms
[2025-11-08T15:29:50.915+0000][gc,phases     ] GC(1571)   Other: 1.5ms
[2025-11-08T15:29:50.918+0000][gc,heap       ] GC(1571) Eden regions: 31->0(31)
[2025-11-08T15:29:50.919+0000][gc,heap       ] GC(1571) Survivor regions: 2->2(5)
[2025-11-08T15:29:50.919+0000][gc,heap       ] GC(1571) Old regions: 131->131
[2025-11-08T15:29:50.920+0000][gc,heap       ] GC(1571) Humongous regions: 147->147
[2025-11-08T15:29:50.920+0000][gc,metaspace  ] GC(1571) Metaspace: 52331K(55472K)->52331K(55472K) NonClass: 46543K(48304K)->46543K(48304K) Class: 5787K(7168K)->5787K(7168K)
[2025-11-08T15:29:50.921+0000][gc            ] GC(1571) Pause Young (Normal) (G1 Evacuation Pause) 310M->279M(667M) 25.951ms
[2025-11-08T15:29:50.922+0000][gc,cpu        ] GC(1571) User=0.03s Sys=0.00s Real=0.03s
[2025-11-08T15:29:53.164+0000][gc,start      ] GC(1572) Pause Young (Normal) (G1 Evacuation Pause)
[2025-11-08T15:29:53.164+0000][gc,task       ] GC(1572) Using 2 workers of 2 for evacuation
[2025-11-08T15:29:53.183+0000][gc,phases     ] GC(1572)   Pre Evacuate Collection Set: 0.0ms
[2025-11-08T15:29:53.183+0000][gc,phases     ] GC(1572)   Evacuate Collection Set: 16.4ms
[2025-11-08T15:29:53.184+0000][gc,phases     ] GC(1572)   Post Evacuate Collection Set: 1.4ms
[2025-11-08T15:29:53.184+0000][gc,phases     ] GC(1572)   Other: 1.6ms
[2025-11-08T15:29:53.184+0000][gc,heap       ] GC(1572) Eden regions: 31->0(30)
[2025-11-08T15:29:53.185+0000][gc,heap       ] GC(1572) Survivor regions: 2->3(5)
[2025-11-08T15:29:53.185+0000][gc,heap       ] GC(1572) Old regions: 131->131
[2025-11-08T15:29:53.186+0000][gc,heap       ] GC(1572) Humongous regions: 147->147
[2025-11-08T15:29:53.187+0000][gc,metaspace  ] GC(1572) Metaspace: 52331K(55472K)->52331K(55472K) NonClass: 46543K(48304K)->46543K(48304K) Class: 5787K(7168K)->5787K(7168K)
[2025-11-08T15:29:53.188+0000][gc            ] GC(1572) Pause Young (Normal) (G1 Evacuation Pause) 310M->280M(667M) 23.865ms
[2025-11-08T15:29:53.188+0000][gc,cpu        ] GC(1572) User=0.04s Sys=0.00s Real=0.02s
[2025-11-08T15:29:55.328+0000][gc,start      ] GC(1573) Pause Young (Normal) (G1 Evacuation Pause)
[2025-11-08T15:29:55.329+0000][gc,task       ] GC(1573) Using 2 workers of 2 for evacuation
[2025-11-08T15:29:55.353+0000][gc,mmu        ] GC(1573) MMU target violated: 21.0ms (20.0ms/21.0ms)
[2025-11-08T15:29:55.353+0000][gc,phases     ] GC(1573)   Pre Evacuate Collection Set: 0.0ms
[2025-11-08T15:29:55.354+0000][gc,phases     ] GC(1573)   Evacuate Collection Set: 21.0ms
[2025-11-08T15:29:55.354+0000][gc,phases     ] GC(1573)   Post Evacuate Collection Set: 1.9ms
[2025-11-08T15:29:55.355+0000][gc,phases     ] GC(1573)   Other: 2.1ms
[2025-11-08T15:29:55.355+0000][gc,heap       ] GC(1573) Eden regions: 30->0(30)
[2025-11-08T15:29:55.356+0000][gc,heap       ] GC(1573) Survivor regions: 3->3(5)
[2025-11-08T15:29:55.356+0000][gc,heap       ] GC(1573) Old regions: 131->132
[2025-11-08T15:29:55.357+0000][gc,heap       ] GC(1573) Humongous regions: 147->147
[2025-11-08T15:29:55.357+0000][gc,metaspace  ] GC(1573) Metaspace: 52331K(55472K)->52331K(55472K) NonClass: 46543K(48304K)->46543K(48304K) Class: 5787K(7168K)->5787K(7168K)
[2025-11-08T15:29:55.358+0000][gc            ] GC(1573) Pause Young (Normal) (G1 Evacuation Pause) 310M->280M(667M) 29.123ms
[2025-11-08T15:29:55.358+0000][gc,cpu        ] GC(1573) User=0.04s Sys=0.00s Real=0.03s
[2025-11-08T15:29:57.536+0000][gc,start      ] GC(1574) Pause Young (Normal) (G1 Evacuation Pause)
[2025-11-08T15:29:57.536+0000][gc,task       ] GC(1574) Using 2 workers of 2 for evacuation
[2025-11-08T15:29:57.550+0000][gc,phases     ] GC(1574)   Pre Evacuate Collection Set: 0.0ms
