[2025-11-02T20:53:55.191+0000][gc,heap] Heap region size: 1M
[2025-11-02T20:53:55.206+0000][gc     ] Using G1
[2025-11-02T20:53:55.207+0000][gc,heap,coops] Heap address: 0x00000000c0000000, size: 1024 MB, Compressed Oops mode: 32-bit
[2025-11-02T20:53:57.567+0000][gc,start     ] GC(0) Pause Young (Normal) (G1 Evacuation Pause)
[2025-11-02T20:53:57.568+0000][gc,task      ] GC(0) Using 2 workers of 2 for evacuation
[2025-11-02T20:53:57.580+0000][gc,phases    ] GC(0)   Pre Evacuate Collection Set: 0.0ms
[2025-11-02T20:53:57.581+0000][gc,phases    ] GC(0)   Evacuate Collection Set: 9.4ms
[2025-11-02T20:53:57.582+0000][gc,phases    ] GC(0)   Post Evacuate Collection Set: 1.7ms
[2025-11-02T20:53:57.582+0000][gc,phases    ] GC(0)   Other: 1.8ms
[2025-11-02T20:53:57.583+0000][gc,heap      ] GC(0) Eden regions: 25->0(21)
[2025-11-02T20:53:57.583+0000][gc,heap      ] GC(0) Survivor regions: 0->4(4)
[2025-11-02T20:53:57.583+0000][gc,heap      ] GC(0) Old regions: 0->3
[2025-11-02T20:53:57.584+0000][gc,heap      ] GC(0) Humongous regions: 0->0
[2025-11-02T20:53:57.584+0000][gc,metaspace ] GC(0) Metaspace: 17808K(18432K)->17808K(18432K) NonClass: 15929K(16384K)->15929K(16384K) Class: 1879K(2048K)->1879K(2048K)
[2025-11-02T20:53:57.585+0000][gc           ] GC(0) Pause Young (Normal) (G1 Evacuation Pause) 25M->6M(512M) 17.110ms
[2025-11-02T20:53:57.585+0000][gc,cpu       ] GC(0) User=0.02s Sys=0.00s Real=0.02s
[2025-11-02T20:53:57.883+0000][gc,start     ] GC(1) Pause Young (Concurrent Start) (Metadata GC Threshold)
[2025-11-02T20:53:57.884+0000][gc,task      ] GC(1) Using 2 workers of 2 for evacuation
[2025-11-02T20:53:57.895+0000][gc,phases    ] GC(1)   Pre Evacuate Collection Set: 0.0ms
[2025-11-02T20:53:57.895+0000][gc,phases    ] GC(1)   Evacuate Collection Set: 9.0ms
[2025-11-02T20:53:57.895+0000][gc,phases    ] GC(1)   Post Evacuate Collection Set: 1.2ms
[2025-11-02T20:53:57.896+0000][gc,phases    ] GC(1)   Other: 1.0ms
[2025-11-02T20:53:57.896+0000][gc,heap      ] GC(1) Eden regions: 9->0(24)
[2025-11-02T20:53:57.896+0000][gc,heap      ] GC(1) Survivor regions: 4->1(4)
[2025-11-02T20:53:57.897+0000][gc,heap      ] GC(1) Old regions: 3->7
[2025-11-02T20:53:57.897+0000][gc,heap      ] GC(1) Humongous regions: 0->0
[2025-11-02T20:53:57.897+0000][gc,metaspace ] GC(1) Metaspace: 20769K(21296K)->20769K(21296K) NonClass: 18560K(18864K)->18560K(18864K) Class: 2209K(2432K)->2209K(2432K)
[2025-11-02T20:53:57.898+0000][gc           ] GC(1) Pause Young (Concurrent Start) (Metadata GC Threshold) 14M->7M(512M) 14.386ms
[2025-11-02T20:53:57.898+0000][gc,cpu       ] GC(1) User=0.01s Sys=0.01s Real=0.01s
[2025-11-02T20:53:57.899+0000][gc           ] GC(2) Concurrent Cycle
[2025-11-02T20:53:57.899+0000][gc,marking   ] GC(2) Concurrent Clear Claimed Marks
[2025-11-02T20:53:57.900+0000][gc,marking   ] GC(2) Concurrent Clear Claimed Marks 0.709ms
[2025-11-02T20:53:57.900+0000][gc,marking   ] GC(2) Concurrent Scan Root Regions
[2025-11-02T20:53:57.902+0000][gc,marking   ] GC(2) Concurrent Scan Root Regions 1.718ms
[2025-11-02T20:53:57.902+0000][gc,marking   ] GC(2) Concurrent Mark (2.720s)
[2025-11-02T20:53:57.903+0000][gc,marking   ] GC(2) Concurrent Mark From Roots
[2025-11-02T20:53:57.903+0000][gc,task      ] GC(2) Using 1 workers of 1 for marking
[2025-11-02T20:53:57.917+0000][gc,marking   ] GC(2) Concurrent Mark From Roots 14.167ms
[2025-11-02T20:53:57.917+0000][gc,marking   ] GC(2) Concurrent Preclean
[2025-11-02T20:53:57.918+0000][gc,marking   ] GC(2) Concurrent Preclean 0.738ms
[2025-11-02T20:53:57.919+0000][gc,marking   ] GC(2) Concurrent Mark (2.720s, 2.736s) 16.298ms
[2025-11-02T20:53:57.920+0000][gc,start     ] GC(2) Pause Remark
[2025-11-02T20:53:57.924+0000][gc,stringtable] GC(2) Cleaned string and symbol table, strings: 7266 processed, 9 removed, symbols: 64792 processed, 23 removed
[2025-11-02T20:53:57.925+0000][gc            ] GC(2) Pause Remark 7M->7M(512M) 4.696ms
[2025-11-02T20:53:57.925+0000][gc,cpu        ] GC(2) User=0.00s Sys=0.00s Real=0.00s
[2025-11-02T20:53:57.926+0000][gc,marking    ] GC(2) Concurrent Rebuild Remembered Sets
[2025-11-02T20:53:57.935+0000][gc,marking    ] GC(2) Concurrent Rebuild Remembered Sets 8.792ms
[2025-11-02T20:53:57.937+0000][gc,start      ] GC(2) Pause Cleanup
[2025-11-02T20:53:57.938+0000][gc            ] GC(2) Pause Cleanup 8M->8M(512M) 1.078ms
[2025-11-02T20:53:57.938+0000][gc,cpu        ] GC(2) User=0.00s Sys=0.00s Real=0.00s
[2025-11-02T20:53:57.939+0000][gc,marking    ] GC(2) Concurrent Cleanup for Next Mark
[2025-11-02T20:53:57.941+0000][gc,marking    ] GC(2) Concurrent Cleanup for Next Mark 2.321ms
[2025-11-02T20:53:57.941+0000][gc            ] GC(2) Concurrent Cycle 42.786ms
[2025-11-02T20:53:58.705+0000][gc,start      ] GC(3) Pause Young (Normal) (G1 Evacuation Pause)
[2025-11-02T20:53:58.705+0000][gc,task       ] GC(3) Using 2 workers of 2 for evacuation
[2025-11-02T20:53:58.713+0000][gc,phases     ] GC(3)   Pre Evacuate Collection Set: 0.0ms
[2025-11-02T20:53:58.714+0000][gc,phases     ] GC(3)   Evacuate Collection Set: 5.8ms
[2025-11-02T20:53:58.714+0000][gc,phases     ] GC(3)   Post Evacuate Collection Set: 1.4ms
[2025-11-02T20:53:58.715+0000][gc,phases     ] GC(3)   Other: 0.9ms
[2025-11-02T20:53:58.715+0000][gc,heap       ] GC(3) Eden regions: 24->0(23)
[2025-11-02T20:53:58.716+0000][gc,heap       ] GC(3) Survivor regions: 1->2(4)
[2025-11-02T20:53:58.716+0000][gc,heap       ] GC(3) Old regions: 7->7
[2025-11-02T20:53:58.716+0000][gc,heap       ] GC(3) Humongous regions: 0->0
[2025-11-02T20:53:58.717+0000][gc,metaspace  ] GC(3) Metaspace: 25637K(26544K)->25637K(26544K) NonClass: 22914K(23472K)->22914K(23472K) Class: 2723K(3072K)->2723K(3072K)
[2025-11-02T20:53:58.717+0000][gc            ] GC(3) Pause Young (Normal) (G1 Evacuation Pause) 31M->7M(512M) 12.208ms
[2025-11-02T20:53:58.718+0000][gc,cpu        ] GC(3) User=0.02s Sys=0.00s Real=0.01s
[2025-11-02T20:53:59.370+0000][gc,start      ] GC(4) Pause Young (Normal) (G1 Evacuation Pause)
[2025-11-02T20:53:59.370+0000][gc,task       ] GC(4) Using 2 workers of 2 for evacuation
[2025-11-02T20:53:59.403+0000][gc,mmu        ] GC(4) MMU target violated: 21.0ms (20.0ms/21.0ms)
[2025-11-02T20:53:59.403+0000][gc,phases     ] GC(4)   Pre Evacuate Collection Set: 0.0ms
[2025-11-02T20:53:59.404+0000][gc,phases     ] GC(4)   Evacuate Collection Set: 30.7ms
[2025-11-02T20:53:59.404+0000][gc,phases     ] GC(4)   Post Evacuate Collection Set: 1.6ms
[2025-11-02T20:53:59.405+0000][gc,phases     ] GC(4)   Other: 1.5ms
[2025-11-02T20:53:59.405+0000][gc,heap       ] GC(4) Eden regions: 23->0(22)
[2025-11-02T20:53:59.405+0000][gc,heap       ] GC(4) Survivor regions: 2->3(4)
[2025-11-02T20:53:59.406+0000][gc,heap       ] GC(4) Old regions: 7->7
[2025-11-02T20:53:59.406+0000][gc,heap       ] GC(4) Humongous regions: 0->0
[2025-11-02T20:53:59.406+0000][gc,metaspace  ] GC(4) Metaspace: 29126K(30000K)->29126K(30000K) NonClass: 26019K(26544K)->26019K(26544K) Class: 3106K(3456K)->3106K(3456K)
[2025-11-02T20:53:59.407+0000][gc            ] GC(4) Pause Young (Normal) (G1 Evacuation Pause) 30M->8M(512M) 37.115ms
[2025-11-02T20:53:59.407+0000][gc,cpu        ] GC(4) User=0.04s Sys=0.00s Real=0.03s
[2025-11-02T20:54:00.721+0000][gc,start      ] GC(5) Pause Young (Normal) (G1 Evacuation Pause)
[2025-11-02T20:54:00.722+0000][gc,task       ] GC(5) Using 2 workers of 2 for evacuation
[2025-11-02T20:54:00.733+0000][gc,phases     ] GC(5)   Pre Evacuate Collection Set: 0.0ms
[2025-11-02T20:54:00.734+0000][gc,phases     ] GC(5)   Evacuate Collection Set: 9.9ms
[2025-11-02T20:54:00.734+0000][gc,phases     ] GC(5)   Post Evacuate Collection Set: 1.2ms
[2025-11-02T20:54:00.735+0000][gc,phases     ] GC(5)   Other: 1.0ms
[2025-11-02T20:54:00.735+0000][gc,heap       ] GC(5) Eden regions: 22->0(23)
[2025-11-02T20:54:00.735+0000][gc,heap       ] GC(5) Survivor regions: 3->2(4)
[2025-11-02T20:54:00.736+0000][gc,heap       ] GC(5) Old regions: 7->8
[2025-11-02T20:54:00.736+0000][gc,heap       ] GC(5) Humongous regions: 0->0
[2025-11-02T20:54:00.736+0000][gc,metaspace  ] GC(5) Metaspace: 31801K(32688K)->31801K(32688K) NonClass: 28344K(28848K)->28344K(28848K) Class: 3457K(3840K)->3457K(3840K)
[2025-11-02T20:54:00.737+0000][gc            ] GC(5) Pause Young (Normal) (G1 Evacuation Pause) 30M->9M(512M) 15.287ms
[2025-11-02T20:54:00.737+0000][gc,cpu        ] GC(5) User=0.03s Sys=0.01s Real=0.01s
[2025-11-02T20:54:01.302+0000][gc,start      ] GC(6) Pause Young (Normal) (G1 Evacuation Pause)
[2025-11-02T20:54:01.303+0000][gc,task       ] GC(6) Using 2 workers of 2 for evacuation
[2025-11-02T20:54:01.314+0000][gc,phases     ] GC(6)   Pre Evacuate Collection Set: 0.1ms
[2025-11-02T20:54:01.315+0000][gc,phases     ] GC(6)   Evacuate Collection Set: 8.8ms
[2025-11-02T20:54:01.315+0000][gc,phases     ] GC(6)   Post Evacuate Collection Set: 1.8ms
[2025-11-02T20:54:01.316+0000][gc,phases     ] GC(6)   Other: 1.6ms
[2025-11-02T20:54:01.317+0000][gc,heap       ] GC(6) Eden regions: 23->0(23)
[2025-11-02T20:54:01.317+0000][gc,heap       ] GC(6) Survivor regions: 2->2(4)
[2025-11-02T20:54:01.318+0000][gc,heap       ] GC(6) Old regions: 8->8
[2025-11-02T20:54:01.319+0000][gc,heap       ] GC(6) Humongous regions: 0->0
[2025-11-02T20:54:01.320+0000][gc,metaspace  ] GC(6) Metaspace: 31802K(32688K)->31802K(32688K) NonClass: 28345K(28848K)->28345K(28848K) Class: 3457K(3840K)->3457K(3840K)
[2025-11-02T20:54:01.320+0000][gc            ] GC(6) Pause Young (Normal) (G1 Evacuation Pause) 32M->9M(512M) 18.798ms
[2025-11-02T20:54:01.321+0000][gc,cpu        ] GC(6) User=0.04s Sys=0.01s Real=0.02s
[2025-11-02T20:54:01.774+0000][gc,start      ] GC(7) Pause Young (Normal) (G1 Evacuation Pause)
[2025-11-02T20:54:01.774+0000][gc,task       ] GC(7) Using 2 workers of 2 for evacuation
[2025-11-02T20:54:01.782+0000][gc,phases     ] GC(7)   Pre Evacuate Collection Set: 0.0ms
[2025-11-02T20:54:01.783+0000][gc,phases     ] GC(7)   Evacuate Collection Set: 5.3ms
[2025-11-02T20:54:01.783+0000][gc,phases     ] GC(7)   Post Evacuate Collection Set: 2.0ms
[2025-11-02T20:54:01.784+0000][gc,phases     ] GC(7)   Other: 1.2ms
[2025-11-02T20:54:01.785+0000][gc,heap       ] GC(7) Eden regions: 23->0(23)
[2025-11-02T20:54:01.785+0000][gc,heap       ] GC(7) Survivor regions: 2->2(4)
[2025-11-02T20:54:01.786+0000][gc,heap       ] GC(7) Old regions: 8->8
[2025-11-02T20:54:01.786+0000][gc,heap       ] GC(7) Humongous regions: 0->0
[2025-11-02T20:54:01.787+0000][gc,metaspace  ] GC(7) Metaspace: 31802K(32688K)->31802K(32688K) NonClass: 28345K(28848K)->28345K(28848K) Class: 3457K(3840K)->3457K(3840K)
[2025-11-02T20:54:01.787+0000][gc            ] GC(7) Pause Young (Normal) (G1 Evacuation Pause) 32M->9M(512M) 13.670ms
[2025-11-02T20:54:01.788+0000][gc,cpu        ] GC(7) User=0.02s Sys=0.00s Real=0.01s
[2025-11-02T20:54:02.161+0000][gc,start      ] GC(8) Pause Young (Normal) (G1 Evacuation Pause)
[2025-11-02T20:54:02.161+0000][gc,task       ] GC(8) Using 2 workers of 2 for evacuation
[2025-11-02T20:54:02.170+0000][gc,phases     ] GC(8)   Pre Evacuate Collection Set: 0.1ms
[2025-11-02T20:54:02.171+0000][gc,phases     ] GC(8)   Evacuate Collection Set: 7.3ms
[2025-11-02T20:54:02.171+0000][gc,phases     ] GC(8)   Post Evacuate Collection Set: 1.3ms
[2025-11-02T20:54:02.172+0000][gc,phases     ] GC(8)   Other: 1.0ms
[2025-11-02T20:54:02.172+0000][gc,heap       ] GC(8) Eden regions: 23->0(23)
[2025-11-02T20:54:02.172+0000][gc,heap       ] GC(8) Survivor regions: 2->2(4)
[2025-11-02T20:54:02.173+0000][gc,heap       ] GC(8) Old regions: 8->8
[2025-11-02T20:54:02.173+0000][gc,heap       ] GC(8) Humongous regions: 0->0
[2025-11-02T20:54:02.174+0000][gc,metaspace  ] GC(8) Metaspace: 31802K(32688K)->31802K(32688K) NonClass: 28345K(28848K)->28345K(28848K) Class: 3457K(3840K)->3457K(3840K)
[2025-11-02T20:54:02.174+0000][gc            ] GC(8) Pause Young (Normal) (G1 Evacuation Pause) 32M->9M(512M) 13.604ms
[2025-11-02T20:54:02.175+0000][gc,cpu        ] GC(8) User=0.01s Sys=0.00s Real=0.01s
[2025-11-02T20:54:02.589+0000][gc,start      ] GC(9) Pause Young (Normal) (G1 Evacuation Pause)
[2025-11-02T20:54:02.589+0000][gc,task       ] GC(9) Using 2 workers of 2 for evacuation
[2025-11-02T20:54:02.601+0000][gc,phases     ] GC(9)   Pre Evacuate Collection Set: 0.0ms
[2025-11-02T20:54:02.601+0000][gc,phases     ] GC(9)   Evacuate Collection Set: 8.4ms
[2025-11-02T20:54:02.602+0000][gc,phases     ] GC(9)   Post Evacuate Collection Set: 2.2ms
[2025-11-02T20:54:02.602+0000][gc,phases     ] GC(9)   Other: 1.3ms
[2025-11-02T20:54:02.603+0000][gc,heap       ] GC(9) Eden regions: 23->0(23)
[2025-11-02T20:54:02.603+0000][gc,heap       ] GC(9) Survivor regions: 2->2(4)
[2025-11-02T20:54:02.604+0000][gc,heap       ] GC(9) Old regions: 8->8
[2025-11-02T20:54:02.604+0000][gc,heap       ] GC(9) Humongous regions: 0->0
[2025-11-02T20:54:02.605+0000][gc,metaspace  ] GC(9) Metaspace: 31802K(32688K)->31802K(32688K) NonClass: 28345K(28848K)->28345K(28848K) Class: 3457K(3840K)->3457K(3840K)
[2025-11-02T20:54:02.605+0000][gc            ] GC(9) Pause Young (Normal) (G1 Evacuation Pause) 32M->9M(512M) 16.438ms
[2025-11-02T20:54:02.606+0000][gc,cpu        ] GC(9) User=0.02s Sys=0.00s Real=0.02s
[2025-11-02T20:54:03.544+0000][gc,start      ] GC(10) Pause Young (Concurrent Start) (Metadata GC Threshold)
[2025-11-02T20:54:03.544+0000][gc,task       ] GC(10) Using 2 workers of 2 for evacuation
[2025-11-02T20:54:03.556+0000][gc,phases     ] GC(10)   Pre Evacuate Collection Set: 0.2ms
[2025-11-02T20:54:03.559+0000][gc,phases     ] GC(10)   Evacuate Collection Set: 8.7ms
[2025-11-02T20:54:03.559+0000][gc,phases     ] GC(10)   Post Evacuate Collection Set: 2.3ms
[2025-11-02T20:54:03.560+0000][gc,phases     ] GC(10)   Other: 1.4ms
[2025-11-02T20:54:03.560+0000][gc,heap       ] GC(10) Eden regions: 16->0(22)
[2025-11-02T20:54:03.562+0000][gc,heap       ] GC(10) Survivor regions: 2->3(4)
[2025-11-02T20:54:03.563+0000][gc,heap       ] GC(10) Old regions: 8->8
[2025-11-02T20:54:03.564+0000][gc,heap       ] GC(10) Humongous regions: 0->0
[2025-11-02T20:54:03.565+0000][gc,metaspace  ] GC(10) Metaspace: 34875K(35888K)->34875K(35888K) NonClass: 31102K(31664K)->31102K(31664K) Class: 3772K(4224K)->3772K(4224K)
[2025-11-02T20:54:03.566+0000][gc            ] GC(10) Pause Young (Concurrent Start) (Metadata GC Threshold) 25M->9M(512M) 22.353ms
[2025-11-02T20:54:03.567+0000][gc,cpu        ] GC(10) User=0.03s Sys=0.01s Real=0.02s
[2025-11-02T20:54:03.567+0000][gc            ] GC(11) Concurrent Cycle
[2025-11-02T20:54:03.568+0000][gc,marking    ] GC(11) Concurrent Clear Claimed Marks
[2025-11-02T20:54:03.569+0000][gc,marking    ] GC(11) Concurrent Clear Claimed Marks 0.891ms
[2025-11-02T20:54:03.570+0000][gc,marking    ] GC(11) Concurrent Scan Root Regions
[2025-11-02T20:54:03.577+0000][gc,marking    ] GC(11) Concurrent Scan Root Regions 6.653ms
[2025-11-02T20:54:03.578+0000][gc,marking    ] GC(11) Concurrent Mark (8.396s)
[2025-11-02T20:54:03.580+0000][gc,marking    ] GC(11) Concurrent Mark From Roots
[2025-11-02T20:54:03.580+0000][gc,task       ] GC(11) Using 1 workers of 1 for marking
[2025-11-02T20:54:03.621+0000][gc,marking    ] GC(11) Concurrent Mark From Roots 41.850ms
[2025-11-02T20:54:03.622+0000][gc,marking    ] GC(11) Concurrent Preclean
[2025-11-02T20:54:03.623+0000][gc,marking    ] GC(11) Concurrent Preclean 0.667ms
[2025-11-02T20:54:03.623+0000][gc,marking    ] GC(11) Concurrent Mark (8.396s, 8.441s) 45.362ms
[2025-11-02T20:54:03.626+0000][gc,start      ] GC(11) Pause Remark
[2025-11-02T20:54:03.639+0000][gc,stringtable] GC(11) Cleaned string and symbol table, strings: 11322 processed, 8 removed, symbols: 96435 processed, 22 removed
[2025-11-02T20:54:03.646+0000][gc            ] GC(11) Pause Remark 11M->11M(512M) 19.218ms
[2025-11-02T20:54:03.646+0000][gc,cpu        ] GC(11) User=0.04s Sys=0.01s Real=0.02s
[2025-11-02T20:54:03.653+0000][gc,marking    ] GC(11) Concurrent Rebuild Remembered Sets
[2025-11-02T20:54:03.670+0000][gc,marking    ] GC(11) Concurrent Rebuild Remembered Sets 16.534ms
[2025-11-02T20:54:03.674+0000][gc,start      ] GC(11) Pause Cleanup
[2025-11-02T20:54:03.675+0000][gc            ] GC(11) Pause Cleanup 11M->11M(512M) 1.498ms
[2025-11-02T20:54:03.676+0000][gc,cpu        ] GC(11) User=0.01s Sys=0.00s Real=0.00s
[2025-11-02T20:54:03.676+0000][gc,marking    ] GC(11) Concurrent Cleanup for Next Mark
[2025-11-02T20:54:04.225+0000][gc,marking    ] GC(11) Concurrent Cleanup for Next Mark 548.756ms
[2025-11-02T20:54:04.226+0000][gc            ] GC(11) Concurrent Cycle 659.177ms
[2025-11-02T20:54:05.007+0000][gc,start      ] GC(12) Pause Young (Normal) (G1 Evacuation Pause)
[2025-11-02T20:54:05.015+0000][gc,task       ] GC(12) Using 2 workers of 2 for evacuation
[2025-11-02T20:54:05.033+0000][gc,phases     ] GC(12)   Pre Evacuate Collection Set: 0.0ms
[2025-11-02T20:54:05.033+0000][gc,phases     ] GC(12)   Evacuate Collection Set: 13.9ms
[2025-11-02T20:54:05.034+0000][gc,phases     ] GC(12)   Post Evacuate Collection Set: 1.6ms
[2025-11-02T20:54:05.034+0000][gc,phases     ] GC(12)   Other: 10.2ms
[2025-11-02T20:54:05.035+0000][gc,heap       ] GC(12) Eden regions: 22->0(23)
[2025-11-02T20:54:05.035+0000][gc,heap       ] GC(12) Survivor regions: 3->2(4)
[2025-11-02T20:54:05.035+0000][gc,heap       ] GC(12) Old regions: 8->9
[2025-11-02T20:54:05.036+0000][gc,heap       ] GC(12) Humongous regions: 27->27
[2025-11-02T20:54:05.036+0000][gc,metaspace  ] GC(12) Metaspace: 39202K(40624K)->39202K(40624K) NonClass: 34931K(35760K)->34931K(35760K) Class: 4271K(4864K)->4271K(4864K)
[2025-11-02T20:54:05.037+0000][gc            ] GC(12) Pause Young (Normal) (G1 Evacuation Pause) 58M->37M(512M) 29.397ms
[2025-11-02T20:54:05.037+0000][gc,cpu        ] GC(12) User=0.03s Sys=0.00s Real=0.03s
[2025-11-02T20:54:05.737+0000][gc,start      ] GC(13) Pause Young (Normal) (G1 Evacuation Pause)
[2025-11-02T20:54:05.737+0000][gc,task       ] GC(13) Using 2 workers of 2 for evacuation
[2025-11-02T20:54:05.802+0000][gc,mmu        ] GC(13) MMU target violated: 21.0ms (20.0ms/21.0ms)
[2025-11-02T20:54:05.803+0000][gc,phases     ] GC(13)   Pre Evacuate Collection Set: 0.1ms
[2025-11-02T20:54:05.803+0000][gc,phases     ] GC(13)   Evacuate Collection Set: 10.8ms
[2025-11-02T20:54:05.804+0000][gc,phases     ] GC(13)   Post Evacuate Collection Set: 51.2ms
[2025-11-02T20:54:05.806+0000][gc,phases     ] GC(13)   Other: 4.3ms
[2025-11-02T20:54:05.806+0000][gc,heap       ] GC(13) Eden regions: 23->0(22)
[2025-11-02T20:54:05.806+0000][gc,heap       ] GC(13) Survivor regions: 2->3(4)
[2025-11-02T20:54:05.810+0000][gc,heap       ] GC(13) Old regions: 9->9
[2025-11-02T20:54:05.811+0000][gc,heap       ] GC(13) Humongous regions: 27->27
[2025-11-02T20:54:05.812+0000][gc,metaspace  ] GC(13) Metaspace: 40133K(41520K)->40133K(41520K) NonClass: 35770K(36528K)->35770K(36528K) Class: 4363K(4992K)->4363K(4992K)
[2025-11-02T20:54:05.813+0000][gc            ] GC(13) Pause Young (Normal) (G1 Evacuation Pause) 60M->38M(512M) 76.283ms
[2025-11-02T20:54:05.813+0000][gc,cpu        ] GC(13) User=0.03s Sys=0.00s Real=0.08s
[2025-11-02T20:54:06.239+0000][gc,start      ] GC(14) Pause Young (Normal) (G1 Evacuation Pause)
[2025-11-02T20:54:06.240+0000][gc,task       ] GC(14) Using 2 workers of 2 for evacuation
[2025-11-02T20:54:06.316+0000][gc,mmu        ] GC(14) MMU target violated: 21.0ms (20.0ms/21.0ms)
[2025-11-02T20:54:06.321+0000][gc,phases     ] GC(14)   Pre Evacuate Collection Set: 0.2ms
[2025-11-02T20:54:06.322+0000][gc,phases     ] GC(14)   Evacuate Collection Set: 71.6ms
[2025-11-02T20:54:06.322+0000][gc,phases     ] GC(14)   Post Evacuate Collection Set: 3.8ms
[2025-11-02T20:54:06.323+0000][gc,phases     ] GC(14)   Other: 6.4ms
[2025-11-02T20:54:06.326+0000][gc,heap       ] GC(14) Eden regions: 22->0(22)
[2025-11-02T20:54:06.327+0000][gc,heap       ] GC(14) Survivor regions: 3->3(4)
[2025-11-02T20:54:06.329+0000][gc,heap       ] GC(14) Old regions: 9->10
[2025-11-02T20:54:06.329+0000][gc,heap       ] GC(14) Humongous regions: 27->27
[2025-11-02T20:54:06.330+0000][gc,metaspace  ] GC(14) Metaspace: 40236K(41520K)->40236K(41520K) NonClass: 35865K(36528K)->35865K(36528K) Class: 4370K(4992K)->4370K(4992K)
[2025-11-02T20:54:06.330+0000][gc            ] GC(14) Pause Young (Normal) (G1 Evacuation Pause) 60M->39M(512M) 90.880ms
[2025-11-02T20:54:06.333+0000][gc,cpu        ] GC(14) User=0.06s Sys=0.00s Real=0.10s
[2025-11-02T20:54:06.642+0000][gc,start      ] GC(15) Pause Young (Normal) (GCLocker Initiated GC)
[2025-11-02T20:54:06.642+0000][gc,task       ] GC(15) Using 2 workers of 2 for evacuation
[2025-11-02T20:54:06.701+0000][gc,mmu        ] GC(15) MMU target violated: 21.0ms (20.0ms/21.0ms)
[2025-11-02T20:54:06.702+0000][gc,phases     ] GC(15)   Pre Evacuate Collection Set: 0.0ms
[2025-11-02T20:54:06.703+0000][gc,phases     ] GC(15)   Evacuate Collection Set: 12.5ms
[2025-11-02T20:54:06.704+0000][gc,phases     ] GC(15)   Post Evacuate Collection Set: 44.6ms
[2025-11-02T20:54:06.704+0000][gc,phases     ] GC(15)   Other: 3.7ms
[2025-11-02T20:54:06.704+0000][gc,heap       ] GC(15) Eden regions: 23->0(22)
[2025-11-02T20:54:06.705+0000][gc,heap       ] GC(15) Survivor regions: 3->3(4)
[2025-11-02T20:54:06.706+0000][gc,heap       ] GC(15) Old regions: 10->10
[2025-11-02T20:54:06.706+0000][gc,heap       ] GC(15) Humongous regions: 27->27
[2025-11-02T20:54:06.707+0000][gc,metaspace  ] GC(15) Metaspace: 40748K(42032K)->40748K(42032K) NonClass: 36341K(37040K)->36341K(37040K) Class: 4407K(4992K)->4407K(4992K)
[2025-11-02T20:54:06.709+0000][gc            ] GC(15) Pause Young (Normal) (GCLocker Initiated GC) 61M->39M(512M) 67.351ms
[2025-11-02T20:54:06.709+0000][gc,cpu        ] GC(15) User=0.05s Sys=0.00s Real=0.06s
[2025-11-02T20:54:07.102+0000][gc,start      ] GC(16) Pause Young (Normal) (G1 Evacuation Pause)
[2025-11-02T20:54:07.102+0000][gc,task       ] GC(16) Using 2 workers of 2 for evacuation
[2025-11-02T20:54:07.112+0000][gc,phases     ] GC(16)   Pre Evacuate Collection Set: 0.4ms
[2025-11-02T20:54:07.113+0000][gc,phases     ] GC(16)   Evacuate Collection Set: 7.8ms
[2025-11-02T20:54:07.113+0000][gc,phases     ] GC(16)   Post Evacuate Collection Set: 1.1ms
[2025-11-02T20:54:07.114+0000][gc,phases     ] GC(16)   Other: 1.2ms
[2025-11-02T20:54:07.114+0000][gc,heap       ] GC(16) Eden regions: 22->0(22)
[2025-11-02T20:54:07.115+0000][gc,heap       ] GC(16) Survivor regions: 3->3(4)
[2025-11-02T20:54:07.115+0000][gc,heap       ] GC(16) Old regions: 10->11
[2025-11-02T20:54:07.116+0000][gc,heap       ] GC(16) Humongous regions: 27->27
[2025-11-02T20:54:07.116+0000][gc,metaspace  ] GC(16) Metaspace: 41371K(42544K)->41371K(42544K) NonClass: 36927K(37552K)->36927K(37552K) Class: 4444K(4992K)->4444K(4992K)
[2025-11-02T20:54:07.117+0000][gc            ] GC(16) Pause Young (Normal) (G1 Evacuation Pause) 61M->39M(512M) 15.189ms
[2025-11-02T20:54:07.117+0000][gc,cpu        ] GC(16) User=0.02s Sys=0.01s Real=0.01s
[2025-11-02T20:54:07.334+0000][gc,start      ] GC(17) Pause Young (Normal) (G1 Evacuation Pause)
[2025-11-02T20:54:07.335+0000][gc,task       ] GC(17) Using 2 workers of 2 for evacuation
[2025-11-02T20:54:07.346+0000][gc,phases     ] GC(17)   Pre Evacuate Collection Set: 0.0ms
[2025-11-02T20:54:07.346+0000][gc,phases     ] GC(17)   Evacuate Collection Set: 8.2ms
[2025-11-02T20:54:07.347+0000][gc,phases     ] GC(17)   Post Evacuate Collection Set: 2.0ms
[2025-11-02T20:54:07.348+0000][gc,phases     ] GC(17)   Other: 1.3ms
[2025-11-02T20:54:07.348+0000][gc,heap       ] GC(17) Eden regions: 22->0(23)
[2025-11-02T20:54:07.348+0000][gc,heap       ] GC(17) Survivor regions: 3->2(4)
[2025-11-02T20:54:07.349+0000][gc,heap       ] GC(17) Old regions: 11->12
[2025-11-02T20:54:07.350+0000][gc,heap       ] GC(17) Humongous regions: 27->27
[2025-11-02T20:54:07.350+0000][gc,metaspace  ] GC(17) Metaspace: 41905K(43440K)->41905K(43440K) NonClass: 37419K(38320K)->37419K(38320K) Class: 4486K(5120K)->4486K(5120K)
[2025-11-02T20:54:07.351+0000][gc            ] GC(17) Pause Young (Normal) (G1 Evacuation Pause) 61M->39M(512M) 16.493ms
[2025-11-02T20:54:07.351+0000][gc,cpu        ] GC(17) User=0.03s Sys=0.00s Real=0.02s
[2025-11-02T20:54:07.740+0000][gc,start      ] GC(18) Pause Young (Normal) (G1 Evacuation Pause)
[2025-11-02T20:54:07.740+0000][gc,task       ] GC(18) Using 2 workers of 2 for evacuation
[2025-11-02T20:54:07.808+0000][gc,mmu        ] GC(18) MMU target violated: 21.0ms (20.0ms/21.0ms)
[2025-11-02T20:54:07.808+0000][gc,phases     ] GC(18)   Pre Evacuate Collection Set: 0.0ms
[2025-11-02T20:54:07.809+0000][gc,phases     ] GC(18)   Evacuate Collection Set: 65.3ms
[2025-11-02T20:54:07.810+0000][gc,phases     ] GC(18)   Post Evacuate Collection Set: 1.4ms
[2025-11-02T20:54:07.810+0000][gc,phases     ] GC(18)   Other: 1.6ms
[2025-11-02T20:54:07.810+0000][gc,heap       ] GC(18) Eden regions: 23->0(23)
[2025-11-02T20:54:07.811+0000][gc,heap       ] GC(18) Survivor regions: 2->2(4)
[2025-11-02T20:54:07.811+0000][gc,heap       ] GC(18) Old regions: 12->12
[2025-11-02T20:54:07.812+0000][gc,heap       ] GC(18) Humongous regions: 36->36
[2025-11-02T20:54:07.812+0000][gc,metaspace  ] GC(18) Metaspace: 43087K(44464K)->43087K(44464K) NonClass: 38505K(39344K)->38505K(39344K) Class: 4582K(5120K)->4582K(5120K)
[2025-11-02T20:54:07.812+0000][gc            ] GC(18) Pause Young (Normal) (G1 Evacuation Pause) 71M->49M(512M) 72.469ms
[2025-11-02T20:54:07.813+0000][gc,cpu        ] GC(18) User=0.04s Sys=0.00s Real=0.07s
[2025-11-02T20:54:08.025+0000][gc,start      ] GC(19) Pause Young (Normal) (G1 Evacuation Pause)
[2025-11-02T20:54:08.025+0000][gc,task       ] GC(19) Using 2 workers of 2 for evacuation
[2025-11-02T20:54:08.039+0000][gc,phases     ] GC(19)   Pre Evacuate Collection Set: 0.1ms
[2025-11-02T20:54:08.039+0000][gc,phases     ] GC(19)   Evacuate Collection Set: 9.5ms
[2025-11-02T20:54:08.039+0000][gc,phases     ] GC(19)   Post Evacuate Collection Set: 2.1ms
[2025-11-02T20:54:08.040+0000][gc,phases     ] GC(19)   Other: 2.3ms
[2025-11-02T20:54:08.041+0000][gc,heap       ] GC(19) Eden regions: 23->0(23)
[2025-11-02T20:54:08.042+0000][gc,heap       ] GC(19) Survivor regions: 2->3(4)
[2025-11-02T20:54:08.043+0000][gc,heap       ] GC(19) Old regions: 12->12
[2025-11-02T20:54:08.043+0000][gc,heap       ] GC(19) Humongous regions: 36->36
[2025-11-02T20:54:08.044+0000][gc,metaspace  ] GC(19) Metaspace: 43495K(44848K)->43495K(44848K) NonClass: 38857K(39600K)->38857K(39600K) Class: 4638K(5248K)->4638K(5248K)
[2025-11-02T20:54:08.045+0000][gc            ] GC(19) Pause Young (Normal) (G1 Evacuation Pause) 72M->49M(533M) 19.949ms
[2025-11-02T20:54:08.045+0000][gc,cpu        ] GC(19) User=0.02s Sys=0.01s Real=0.02s
[2025-11-02T20:54:08.238+0000][gc,start      ] GC(20) Pause Young (Normal) (G1 Evacuation Pause)
[2025-11-02T20:54:08.239+0000][gc,task       ] GC(20) Using 2 workers of 2 for evacuation
[2025-11-02T20:54:08.249+0000][gc,phases     ] GC(20)   Pre Evacuate Collection Set: 0.1ms
[2025-11-02T20:54:08.250+0000][gc,phases     ] GC(20)   Evacuate Collection Set: 7.7ms
[2025-11-02T20:54:08.250+0000][gc,phases     ] GC(20)   Post Evacuate Collection Set: 1.2ms
[2025-11-02T20:54:08.251+0000][gc,phases     ] GC(20)   Other: 2.7ms
[2025-11-02T20:54:08.251+0000][gc,heap       ] GC(20) Eden regions: 23->0(23)
[2025-11-02T20:54:08.252+0000][gc,heap       ] GC(20) Survivor regions: 3->3(4)
[2025-11-02T20:54:08.252+0000][gc,heap       ] GC(20) Old regions: 12->12
[2025-11-02T20:54:08.252+0000][gc,heap       ] GC(20) Humongous regions: 36->36
[2025-11-02T20:54:08.253+0000][gc,metaspace  ] GC(20) Metaspace: 43652K(45104K)->43652K(45104K) NonClass: 38977K(39856K)->38977K(39856K) Class: 4675K(5248K)->4675K(5248K)
[2025-11-02T20:54:08.253+0000][gc            ] GC(20) Pause Young (Normal) (G1 Evacuation Pause) 72M->49M(533M) 15.609ms
[2025-11-02T20:54:08.301+0000][gc,cpu        ] GC(20) User=0.03s Sys=0.00s Real=0.07s
[2025-11-02T20:54:08.428+0000][gc,start      ] GC(21) Pause Young (Normal) (G1 Evacuation Pause)
[2025-11-02T20:54:08.429+0000][gc,task       ] GC(21) Using 2 workers of 2 for evacuation
[2025-11-02T20:54:08.439+0000][gc,phases     ] GC(21)   Pre Evacuate Collection Set: 0.0ms
[2025-11-02T20:54:08.439+0000][gc,phases     ] GC(21)   Evacuate Collection Set: 8.2ms
[2025-11-02T20:54:08.440+0000][gc,phases     ] GC(21)   Post Evacuate Collection Set: 1.8ms
[2025-11-02T20:54:08.440+0000][gc,phases     ] GC(21)   Other: 1.0ms
[2025-11-02T20:54:08.441+0000][gc,heap       ] GC(21) Eden regions: 23->0(24)
[2025-11-02T20:54:08.441+0000][gc,heap       ] GC(21) Survivor regions: 3->2(4)
[2025-11-02T20:54:08.441+0000][gc,heap       ] GC(21) Old regions: 12->12
[2025-11-02T20:54:08.442+0000][gc,heap       ] GC(21) Humongous regions: 36->36
[2025-11-02T20:54:08.443+0000][gc,metaspace  ] GC(21) Metaspace: 43701K(45104K)->43701K(45104K) NonClass: 39024K(39856K)->39024K(39856K) Class: 4676K(5248K)->4676K(5248K)
[2025-11-02T20:54:08.443+0000][gc            ] GC(21) Pause Young (Normal) (G1 Evacuation Pause) 72M->49M(533M) 14.993ms
[2025-11-02T20:54:08.444+0000][gc,cpu        ] GC(21) User=0.02s Sys=0.00s Real=0.02s
[2025-11-02T20:54:08.633+0000][gc,start      ] GC(22) Pause Young (Normal) (G1 Evacuation Pause)
[2025-11-02T20:54:08.634+0000][gc,task       ] GC(22) Using 2 workers of 2 for evacuation
[2025-11-02T20:54:08.644+0000][gc,phases     ] GC(22)   Pre Evacuate Collection Set: 0.0ms
[2025-11-02T20:54:08.644+0000][gc,phases     ] GC(22)   Evacuate Collection Set: 7.9ms
[2025-11-02T20:54:08.645+0000][gc,phases     ] GC(22)   Post Evacuate Collection Set: 1.4ms
[2025-11-02T20:54:08.646+0000][gc,phases     ] GC(22)   Other: 1.1ms
[2025-11-02T20:54:08.647+0000][gc,heap       ] GC(22) Eden regions: 24->0(24)
[2025-11-02T20:54:08.648+0000][gc,heap       ] GC(22) Survivor regions: 2->2(4)
[2025-11-02T20:54:08.648+0000][gc,heap       ] GC(22) Old regions: 12->12
[2025-11-02T20:54:08.649+0000][gc,heap       ] GC(22) Humongous regions: 36->36
[2025-11-02T20:54:08.649+0000][gc,metaspace  ] GC(22) Metaspace: 43732K(45104K)->43732K(45104K) NonClass: 39055K(39856K)->39055K(39856K) Class: 4676K(5248K)->4676K(5248K)
[2025-11-02T20:54:08.650+0000][gc            ] GC(22) Pause Young (Normal) (G1 Evacuation Pause) 73M->49M(533M) 16.125ms
[2025-11-02T20:54:08.650+0000][gc,cpu        ] GC(22) User=0.03s Sys=0.01s Real=0.02s
[2025-11-02T20:54:08.827+0000][gc,start      ] GC(23) Pause Young (Normal) (G1 Evacuation Pause)
[2025-11-02T20:54:08.827+0000][gc,task       ] GC(23) Using 2 workers of 2 for evacuation
[2025-11-02T20:54:08.835+0000][gc,phases     ] GC(23)   Pre Evacuate Collection Set: 0.0ms
[2025-11-02T20:54:08.836+0000][gc,phases     ] GC(23)   Evacuate Collection Set: 6.3ms
[2025-11-02T20:54:08.836+0000][gc,phases     ] GC(23)   Post Evacuate Collection Set: 1.3ms
[2025-11-02T20:54:08.836+0000][gc,phases     ] GC(23)   Other: 1.1ms
[2025-11-02T20:54:08.837+0000][gc,heap       ] GC(23) Eden regions: 24->0(24)
[2025-11-02T20:54:08.837+0000][gc,heap       ] GC(23) Survivor regions: 2->2(4)
[2025-11-02T20:54:08.838+0000][gc,heap       ] GC(23) Old regions: 12->12
[2025-11-02T20:54:08.838+0000][gc,heap       ] GC(23) Humongous regions: 36->36
[2025-11-02T20:54:08.839+0000][gc,metaspace  ] GC(23) Metaspace: 43751K(45104K)->43751K(45104K) NonClass: 39074K(39856K)->39074K(39856K) Class: 4676K(5248K)->4676K(5248K)
[2025-11-02T20:54:08.839+0000][gc            ] GC(23) Pause Young (Normal) (G1 Evacuation Pause) 73M->49M(533M) 12.312ms
[2025-11-02T20:54:08.839+0000][gc,cpu        ] GC(23) User=0.03s Sys=0.00s Real=0.01s
[2025-11-02T20:54:09.002+0000][gc,start      ] GC(24) Pause Young (Normal) (G1 Evacuation Pause)
[2025-11-02T20:54:09.003+0000][gc,task       ] GC(24) Using 2 workers of 2 for evacuation
[2025-11-02T20:54:09.009+0000][gc,phases     ] GC(24)   Pre Evacuate Collection Set: 0.0ms
[2025-11-02T20:54:09.010+0000][gc,phases     ] GC(24)   Evacuate Collection Set: 5.2ms
[2025-11-02T20:54:09.010+0000][gc,phases     ] GC(24)   Post Evacuate Collection Set: 1.2ms
[2025-11-02T20:54:09.010+0000][gc,phases     ] GC(24)   Other: 1.0ms
[2025-11-02T20:54:09.011+0000][gc,heap       ] GC(24) Eden regions: 24->0(24)
[2025-11-02T20:54:09.011+0000][gc,heap       ] GC(24) Survivor regions: 2->2(4)
[2025-11-02T20:54:09.011+0000][gc,heap       ] GC(24) Old regions: 12->12
[2025-11-02T20:54:09.012+0000][gc,heap       ] GC(24) Humongous regions: 36->36
[2025-11-02T20:54:09.012+0000][gc,metaspace  ] GC(24) Metaspace: 43759K(45104K)->43759K(45104K) NonClass: 39082K(39856K)->39082K(39856K) Class: 4676K(5248K)->4676K(5248K)
[2025-11-02T20:54:09.013+0000][gc            ] GC(24) Pause Young (Normal) (G1 Evacuation Pause) 73M->49M(533M) 10.483ms
[2025-11-02T20:54:09.013+0000][gc,cpu        ] GC(24) User=0.02s Sys=0.00s Real=0.01s
[2025-11-02T20:54:09.131+0000][gc,start      ] GC(25) Pause Young (Normal) (G1 Evacuation Pause)
[2025-11-02T20:54:09.132+0000][gc,task       ] GC(25) Using 2 workers of 2 for evacuation
[2025-11-02T20:54:09.141+0000][gc,phases     ] GC(25)   Pre Evacuate Collection Set: 0.0ms
[2025-11-02T20:54:09.141+0000][gc,phases     ] GC(25)   Evacuate Collection Set: 6.5ms
[2025-11-02T20:54:09.142+0000][gc,phases     ] GC(25)   Post Evacuate Collection Set: 1.2ms
[2025-11-02T20:54:09.142+0000][gc,phases     ] GC(25)   Other: 2.6ms
[2025-11-02T20:54:09.143+0000][gc,heap       ] GC(25) Eden regions: 24->0(25)
[2025-11-02T20:54:09.143+0000][gc,heap       ] GC(25) Survivor regions: 2->2(4)
[2025-11-02T20:54:09.144+0000][gc,heap       ] GC(25) Old regions: 12->12
[2025-11-02T20:54:09.144+0000][gc,heap       ] GC(25) Humongous regions: 36->36
[2025-11-02T20:54:09.144+0000][gc,metaspace  ] GC(25) Metaspace: 43759K(45104K)->43759K(45104K) NonClass: 39082K(39856K)->39082K(39856K) Class: 4676K(5248K)->4676K(5248K)
[2025-11-02T20:54:09.145+0000][gc            ] GC(25) Pause Young (Normal) (G1 Evacuation Pause) 73M->49M(533M) 14.351ms
[2025-11-02T20:54:09.145+0000][gc,cpu        ] GC(25) User=0.02s Sys=0.00s Real=0.01s
[2025-11-02T20:54:09.310+0000][gc,start      ] GC(26) Pause Young (Normal) (G1 Evacuation Pause)
[2025-11-02T20:54:09.310+0000][gc,task       ] GC(26) Using 2 workers of 2 for evacuation
[2025-11-02T20:54:09.319+0000][gc,phases     ] GC(26)   Pre Evacuate Collection Set: 0.0ms
[2025-11-02T20:54:09.320+0000][gc,phases     ] GC(26)   Evacuate Collection Set: 5.5ms
[2025-11-02T20:54:09.320+0000][gc,phases     ] GC(26)   Post Evacuate Collection Set: 2.8ms
[2025-11-02T20:54:09.322+0000][gc,phases     ] GC(26)   Other: 1.2ms
[2025-11-02T20:54:09.323+0000][gc,heap       ] GC(26) Eden regions: 25->0(27)
[2025-11-02T20:54:09.323+0000][gc,heap       ] GC(26) Survivor regions: 2->2(4)
[2025-11-02T20:54:09.324+0000][gc,heap       ] GC(26) Old regions: 12->12
[2025-11-02T20:54:09.324+0000][gc,heap       ] GC(26) Humongous regions: 36->36
[2025-11-02T20:54:09.325+0000][gc,metaspace  ] GC(26) Metaspace: 43759K(45104K)->43759K(45104K) NonClass: 39082K(39856K)->39082K(39856K) Class: 4676K(5248K)->4676K(5248K)
[2025-11-02T20:54:09.326+0000][gc            ] GC(26) Pause Young (Normal) (G1 Evacuation Pause) 74M->49M(533M) 16.620ms
[2025-11-02T20:54:09.327+0000][gc,cpu        ] GC(26) User=0.03s Sys=0.00s Real=0.01s
[2025-11-02T20:54:09.638+0000][gc,start      ] GC(27) Pause Young (Normal) (G1 Evacuation Pause)
[2025-11-02T20:54:09.639+0000][gc,task       ] GC(27) Using 2 workers of 2 for evacuation
[2025-11-02T20:54:09.660+0000][gc,phases     ] GC(27)   Pre Evacuate Collection Set: 0.1ms
[2025-11-02T20:54:09.660+0000][gc,phases     ] GC(27)   Evacuate Collection Set: 14.9ms
[2025-11-02T20:54:09.664+0000][gc,phases     ] GC(27)   Post Evacuate Collection Set: 2.0ms
[2025-11-02T20:54:09.664+0000][gc,phases     ] GC(27)   Other: 5.0ms
[2025-11-02T20:54:09.665+0000][gc,heap       ] GC(27) Eden regions: 27->0(26)
[2025-11-02T20:54:09.665+0000][gc,heap       ] GC(27) Survivor regions: 2->2(4)
[2025-11-02T20:54:09.665+0000][gc,heap       ] GC(27) Old regions: 12->12
[2025-11-02T20:54:09.666+0000][gc,heap       ] GC(27) Humongous regions: 54->54
[2025-11-02T20:54:09.666+0000][gc,metaspace  ] GC(27) Metaspace: 43858K(45488K)->43858K(45488K) NonClass: 39158K(40112K)->39158K(40112K) Class: 4700K(5376K)->4700K(5376K)
[2025-11-02T20:54:09.667+0000][gc            ] GC(27) Pause Young (Normal) (G1 Evacuation Pause) 94M->67M(533M) 29.436ms
[2025-11-02T20:54:09.667+0000][gc,cpu        ] GC(27) User=0.03s Sys=0.00s Real=0.03s
[2025-11-02T20:54:09.846+0000][gc,start      ] GC(28) Pause Young (Normal) (G1 Evacuation Pause)
[2025-11-02T20:54:09.846+0000][gc,task       ] GC(28) Using 2 workers of 2 for evacuation
[2025-11-02T20:54:09.911+0000][gc,mmu        ] GC(28) MMU target violated: 21.0ms (20.0ms/21.0ms)
[2025-11-02T20:54:09.912+0000][gc,phases     ] GC(28)   Pre Evacuate Collection Set: 0.0ms
[2025-11-02T20:54:09.918+0000][gc,phases     ] GC(28)   Evacuate Collection Set: 61.0ms
[2025-11-02T20:54:09.921+0000][gc,phases     ] GC(28)   Post Evacuate Collection Set: 2.2ms
[2025-11-02T20:54:09.923+0000][gc,phases     ] GC(28)   Other: 2.6ms
[2025-11-02T20:54:09.924+0000][gc,heap       ] GC(28) Eden regions: 26->0(24)
[2025-11-02T20:54:09.924+0000][gc,heap       ] GC(28) Survivor regions: 2->2(4)
[2025-11-02T20:54:09.924+0000][gc,heap       ] GC(28) Old regions: 12->12
[2025-11-02T20:54:09.926+0000][gc,heap       ] GC(28) Humongous regions: 54->54
[2025-11-02T20:54:09.927+0000][gc,metaspace  ] GC(28) Metaspace: 43863K(45488K)->43863K(45488K) NonClass: 39163K(40112K)->39163K(40112K) Class: 4700K(5376K)->4700K(5376K)
[2025-11-02T20:54:09.927+0000][gc            ] GC(28) Pause Young (Normal) (G1 Evacuation Pause) 93M->67M(533M) 81.233ms
[2025-11-02T20:54:09.928+0000][gc,cpu        ] GC(28) User=0.04s Sys=0.00s Real=0.08s
[2025-11-02T20:54:10.115+0000][gc,start      ] GC(29) Pause Young (Normal) (G1 Evacuation Pause)
[2025-11-02T20:54:10.121+0000][gc,task       ] GC(29) Using 2 workers of 2 for evacuation
[2025-11-02T20:54:10.134+0000][gc,phases     ] GC(29)   Pre Evacuate Collection Set: 0.0ms
[2025-11-02T20:54:10.135+0000][gc,phases     ] GC(29)   Evacuate Collection Set: 7.8ms
[2025-11-02T20:54:10.137+0000][gc,phases     ] GC(29)   Post Evacuate Collection Set: 3.6ms
[2025-11-02T20:54:10.138+0000][gc,phases     ] GC(29)   Other: 7.5ms
[2025-11-02T20:54:10.139+0000][gc,heap       ] GC(29) Eden regions: 24->0(24)
[2025-11-02T20:54:10.139+0000][gc,heap       ] GC(29) Survivor regions: 2->2(4)
[2025-11-02T20:54:10.140+0000][gc,heap       ] GC(29) Old regions: 12->12
[2025-11-02T20:54:10.140+0000][gc,heap       ] GC(29) Humongous regions: 54->54
[2025-11-02T20:54:10.141+0000][gc,metaspace  ] GC(29) Metaspace: 43866K(45488K)->43866K(45488K) NonClass: 39165K(40112K)->39165K(40112K) Class: 4700K(5376K)->4700K(5376K)
[2025-11-02T20:54:10.142+0000][gc            ] GC(29) Pause Young (Normal) (G1 Evacuation Pause) 91M->67M(533M) 26.776ms
[2025-11-02T20:54:10.142+0000][gc,cpu        ] GC(29) User=0.03s Sys=0.01s Real=0.03s
[2025-11-02T20:54:10.317+0000][gc,start      ] GC(30) Pause Young (Normal) (G1 Evacuation Pause)
[2025-11-02T20:54:10.318+0000][gc,task       ] GC(30) Using 2 workers of 2 for evacuation
[2025-11-02T20:54:10.338+0000][gc,phases     ] GC(30)   Pre Evacuate Collection Set: 0.1ms
[2025-11-02T20:54:10.339+0000][gc,phases     ] GC(30)   Evacuate Collection Set: 15.6ms
[2025-11-02T20:54:10.339+0000][gc,phases     ] GC(30)   Post Evacuate Collection Set: 3.4ms
[2025-11-02T20:54:10.340+0000][gc,phases     ] GC(30)   Other: 1.6ms
[2025-11-02T20:54:10.340+0000][gc,heap       ] GC(30) Eden regions: 24->0(24)
[2025-11-02T20:54:10.342+0000][gc,heap       ] GC(30) Survivor regions: 2->2(4)
[2025-11-02T20:54:10.343+0000][gc,heap       ] GC(30) Old regions: 12->13
[2025-11-02T20:54:10.343+0000][gc,heap       ] GC(30) Humongous regions: 54->54
[2025-11-02T20:54:10.344+0000][gc,metaspace  ] GC(30) Metaspace: 43867K(45488K)->43867K(45488K) NonClass: 39166K(40112K)->39166K(40112K) Class: 4700K(5376K)->4700K(5376K)
[2025-11-02T20:54:10.344+0000][gc            ] GC(30) Pause Young (Normal) (G1 Evacuation Pause) 91M->67M(533M) 26.823ms
[2025-11-02T20:54:10.345+0000][gc,cpu        ] GC(30) User=0.03s Sys=0.01s Real=0.03s
[2025-11-02T20:54:10.530+0000][gc,start      ] GC(31) Pause Young (Normal) (G1 Evacuation Pause)
[2025-11-02T20:54:10.533+0000][gc,task       ] GC(31) Using 2 workers of 2 for evacuation
[2025-11-02T20:54:10.548+0000][gc,phases     ] GC(31)   Pre Evacuate Collection Set: 0.1ms
[2025-11-02T20:54:10.550+0000][gc,phases     ] GC(31)   Evacuate Collection Set: 10.1ms
[2025-11-02T20:54:10.550+0000][gc,phases     ] GC(31)   Post Evacuate Collection Set: 2.6ms
[2025-11-02T20:54:10.554+0000][gc,phases     ] GC(31)   Other: 5.5ms
[2025-11-02T20:54:10.555+0000][gc,heap       ] GC(31) Eden regions: 24->0(25)
[2025-11-02T20:54:10.556+0000][gc,heap       ] GC(31) Survivor regions: 2->1(4)
[2025-11-02T20:54:10.557+0000][gc,heap       ] GC(31) Old regions: 13->13
[2025-11-02T20:54:10.557+0000][gc,heap       ] GC(31) Humongous regions: 54->54
[2025-11-02T20:54:10.558+0000][gc,metaspace  ] GC(31) Metaspace: 43869K(45488K)->43869K(45488K) NonClass: 39168K(40112K)->39168K(40112K) Class: 4700K(5376K)->4700K(5376K)
[2025-11-02T20:54:10.559+0000][gc            ] GC(31) Pause Young (Normal) (G1 Evacuation Pause) 91M->67M(533M) 29.328ms
[2025-11-02T20:54:10.560+0000][gc,cpu        ] GC(31) User=0.05s Sys=0.00s Real=0.03s
[2025-11-02T20:54:10.750+0000][gc,start      ] GC(32) Pause Young (Normal) (G1 Evacuation Pause)
[2025-11-02T20:54:10.751+0000][gc,task       ] GC(32) Using 2 workers of 2 for evacuation
[2025-11-02T20:54:10.811+0000][gc,phases     ] GC(32)   Pre Evacuate Collection Set: 0.1ms
[2025-11-02T20:54:10.812+0000][gc,phases     ] GC(32)   Evacuate Collection Set: 6.0ms
[2025-11-02T20:54:10.812+0000][gc,phases     ] GC(32)   Post Evacuate Collection Set: 2.6ms
[2025-11-02T20:54:10.813+0000][gc,phases     ] GC(32)   Other: 51.5ms
[2025-11-02T20:54:10.814+0000][gc,heap       ] GC(32) Eden regions: 25->0(25)
[2025-11-02T20:54:10.815+0000][gc,heap       ] GC(32) Survivor regions: 1->1(4)
[2025-11-02T20:54:10.816+0000][gc,heap       ] GC(32) Old regions: 13->13
[2025-11-02T20:54:10.816+0000][gc,heap       ] GC(32) Humongous regions: 54->54
[2025-11-02T20:54:10.817+0000][gc,metaspace  ] GC(32) Metaspace: 43869K(45488K)->43869K(45488K) NonClass: 39168K(40112K)->39168K(40112K) Class: 4700K(5376K)->4700K(5376K)
[2025-11-02T20:54:10.818+0000][gc            ] GC(32) Pause Young (Normal) (G1 Evacuation Pause) 92M->67M(533M) 67.683ms
[2025-11-02T20:54:10.819+0000][gc,cpu        ] GC(32) User=0.03s Sys=0.00s Real=0.06s
[2025-11-02T20:54:10.950+0000][gc,start      ] GC(33) Pause Young (Normal) (G1 Evacuation Pause)
[2025-11-02T20:54:10.951+0000][gc,task       ] GC(33) Using 2 workers of 2 for evacuation
[2025-11-02T20:54:11.006+0000][gc,mmu        ] GC(33) MMU target violated: 21.0ms (20.0ms/21.0ms)
[2025-11-02T20:54:11.006+0000][gc,phases     ] GC(33)   Pre Evacuate Collection Set: 0.1ms
[2025-11-02T20:54:11.007+0000][gc,phases     ] GC(33)   Evacuate Collection Set: 52.3ms
[2025-11-02T20:54:11.007+0000][gc,phases     ] GC(33)   Post Evacuate Collection Set: 1.6ms
[2025-11-02T20:54:11.008+0000][gc,phases     ] GC(33)   Other: 2.7ms
[2025-11-02T20:54:11.008+0000][gc,heap       ] GC(33) Eden regions: 25->0(25)
[2025-11-02T20:54:11.009+0000][gc,heap       ] GC(33) Survivor regions: 1->1(4)
[2025-11-02T20:54:11.009+0000][gc,heap       ] GC(33) Old regions: 13->14
[2025-11-02T20:54:11.010+0000][gc,heap       ] GC(33) Humongous regions: 54->54
[2025-11-02T20:54:11.010+0000][gc,metaspace  ] GC(33) Metaspace: 43873K(45488K)->43873K(45488K) NonClass: 39172K(40112K)->39172K(40112K) Class: 4700K(5376K)->4700K(5376K)
[2025-11-02T20:54:11.010+0000][gc            ] GC(33) Pause Young (Normal) (G1 Evacuation Pause) 92M->67M(533M) 60.261ms
[2025-11-02T20:54:11.011+0000][gc,cpu        ] GC(33) User=0.03s Sys=0.00s Real=0.06s
[2025-11-02T20:54:11.208+0000][gc,start      ] GC(34) Pause Young (Normal) (G1 Evacuation Pause)
[2025-11-02T20:54:11.209+0000][gc,task       ] GC(34) Using 2 workers of 2 for evacuation
[2025-11-02T20:54:11.222+0000][gc,phases     ] GC(34)   Pre Evacuate Collection Set: 0.0ms
[2025-11-02T20:54:11.223+0000][gc,phases     ] GC(34)   Evacuate Collection Set: 10.3ms
[2025-11-02T20:54:11.224+0000][gc,phases     ] GC(34)   Post Evacuate Collection Set: 1.7ms
[2025-11-02T20:54:11.225+0000][gc,phases     ] GC(34)   Other: 2.6ms
[2025-11-02T20:54:11.227+0000][gc,heap       ] GC(34) Eden regions: 25->0(25)
[2025-11-02T20:54:11.227+0000][gc,heap       ] GC(34) Survivor regions: 1->1(4)
[2025-11-02T20:54:11.228+0000][gc,heap       ] GC(34) Old regions: 14->14
[2025-11-02T20:54:11.230+0000][gc,heap       ] GC(34) Humongous regions: 54->54
[2025-11-02T20:54:11.231+0000][gc,metaspace  ] GC(34) Metaspace: 43873K(45488K)->43873K(45488K) NonClass: 39173K(40112K)->39173K(40112K) Class: 4700K(5376K)->4700K(5376K)
[2025-11-02T20:54:11.232+0000][gc            ] GC(34) Pause Young (Normal) (G1 Evacuation Pause) 92M->67M(533M) 24.261ms
[2025-11-02T20:54:11.233+0000][gc,cpu        ] GC(34) User=0.02s Sys=0.00s Real=0.03s
[2025-11-02T20:54:11.463+0000][gc,start      ] GC(35) Pause Young (Normal) (G1 Evacuation Pause)
[2025-11-02T20:54:11.464+0000][gc,task       ] GC(35) Using 2 workers of 2 for evacuation
[2025-11-02T20:54:11.470+0000][gc,phases     ] GC(35)   Pre Evacuate Collection Set: 0.1ms
[2025-11-02T20:54:11.470+0000][gc,phases     ] GC(35)   Evacuate Collection Set: 4.9ms
[2025-11-02T20:54:11.471+0000][gc,phases     ] GC(35)   Post Evacuate Collection Set: 0.6ms
[2025-11-02T20:54:11.472+0000][gc,phases     ] GC(35)   Other: 1.5ms
[2025-11-02T20:54:11.472+0000][gc,heap       ] GC(35) Eden regions: 25->0(25)
[2025-11-02T20:54:11.473+0000][gc,heap       ] GC(35) Survivor regions: 1->1(4)
[2025-11-02T20:54:11.474+0000][gc,heap       ] GC(35) Old regions: 14->14
[2025-11-02T20:54:11.475+0000][gc,heap       ] GC(35) Humongous regions: 54->54
[2025-11-02T20:54:11.476+0000][gc,metaspace  ] GC(35) Metaspace: 43876K(45488K)->43876K(45488K) NonClass: 39176K(40112K)->39176K(40112K) Class: 4700K(5376K)->4700K(5376K)
[2025-11-02T20:54:11.476+0000][gc            ] GC(35) Pause Young (Normal) (G1 Evacuation Pause) 92M->67M(533M) 13.358ms
[2025-11-02T20:54:11.477+0000][gc,cpu        ] GC(35) User=0.01s Sys=0.00s Real=0.01s
[2025-11-02T20:54:11.624+0000][gc,start      ] GC(36) Pause Young (Normal) (G1 Evacuation Pause)
[2025-11-02T20:54:11.624+0000][gc,task       ] GC(36) Using 2 workers of 2 for evacuation
[2025-11-02T20:54:11.634+0000][gc,phases     ] GC(36)   Pre Evacuate Collection Set: 0.0ms
[2025-11-02T20:54:11.638+0000][gc,phases     ] GC(36)   Evacuate Collection Set: 8.8ms
[2025-11-02T20:54:11.639+0000][gc,phases     ] GC(36)   Post Evacuate Collection Set: 0.6ms
[2025-11-02T20:54:11.641+0000][gc,phases     ] GC(36)   Other: 1.5ms
[2025-11-02T20:54:11.644+0000][gc,heap       ] GC(36) Eden regions: 25->0(25)
[2025-11-02T20:54:11.645+0000][gc,heap       ] GC(36) Survivor regions: 1->1(4)
[2025-11-02T20:54:11.645+0000][gc,heap       ] GC(36) Old regions: 14->14
[2025-11-02T20:54:11.651+0000][gc,heap       ] GC(36) Humongous regions: 54->54
[2025-11-02T20:54:11.652+0000][gc,metaspace  ] GC(36) Metaspace: 43876K(45488K)->43876K(45488K) NonClass: 39176K(40112K)->39176K(40112K) Class: 4700K(5376K)->4700K(5376K)
[2025-11-02T20:54:11.653+0000][gc            ] GC(36) Pause Young (Normal) (G1 Evacuation Pause) 92M->67M(533M) 29.568ms
[2025-11-02T20:54:11.654+0000][gc,cpu        ] GC(36) User=0.03s Sys=0.00s Real=0.03s
[2025-11-02T20:54:11.843+0000][gc,start      ] GC(37) Pause Young (Normal) (G1 Evacuation Pause)
[2025-11-02T20:54:11.844+0000][gc,task       ] GC(37) Using 2 workers of 2 for evacuation
[2025-11-02T20:54:11.870+0000][gc,mmu        ] GC(37) MMU target violated: 21.0ms (20.0ms/21.0ms)
[2025-11-02T20:54:11.872+0000][gc,phases     ] GC(37)   Pre Evacuate Collection Set: 0.1ms
[2025-11-02T20:54:11.873+0000][gc,phases     ] GC(37)   Evacuate Collection Set: 14.3ms
[2025-11-02T20:54:11.873+0000][gc,phases     ] GC(37)   Post Evacuate Collection Set: 10.9ms
[2025-11-02T20:54:11.874+0000][gc,phases     ] GC(37)   Other: 3.6ms
[2025-11-02T20:54:11.875+0000][gc,heap       ] GC(37) Eden regions: 25->0(25)
[2025-11-02T20:54:11.876+0000][gc,heap       ] GC(37) Survivor regions: 1->1(4)
[2025-11-02T20:54:11.877+0000][gc,heap       ] GC(37) Old regions: 14->14
[2025-11-02T20:54:11.878+0000][gc,heap       ] GC(37) Humongous regions: 63->63
[2025-11-02T20:54:11.879+0000][gc,metaspace  ] GC(37) Metaspace: 43896K(45488K)->43896K(45488K) NonClass: 39191K(40112K)->39191K(40112K) Class: 4704K(5376K)->4704K(5376K)
[2025-11-02T20:54:11.881+0000][gc            ] GC(37) Pause Young (Normal) (G1 Evacuation Pause) 101M->76M(533M) 37.663ms
[2025-11-02T20:54:11.894+0000][gc,cpu        ] GC(37) User=0.02s Sys=0.00s Real=0.05s
[2025-11-02T20:54:12.029+0000][gc,start      ] GC(38) Pause Young (Normal) (G1 Evacuation Pause)
[2025-11-02T20:54:12.030+0000][gc,task       ] GC(38) Using 2 workers of 2 for evacuation
[2025-11-02T20:54:12.053+0000][gc,mmu        ] GC(38) MMU target violated: 21.0ms (20.0ms/21.0ms)
[2025-11-02T20:54:12.054+0000][gc,phases     ] GC(38)   Pre Evacuate Collection Set: 0.1ms
[2025-11-02T20:54:12.056+0000][gc,phases     ] GC(38)   Evacuate Collection Set: 6.9ms
[2025-11-02T20:54:12.057+0000][gc,phases     ] GC(38)   Post Evacuate Collection Set: 13.7ms
[2025-11-02T20:54:12.058+0000][gc,phases     ] GC(38)   Other: 4.1ms
[2025-11-02T20:54:12.058+0000][gc,heap       ] GC(38) Eden regions: 25->0(30)
[2025-11-02T20:54:12.058+0000][gc,heap       ] GC(38) Survivor regions: 1->1(4)
[2025-11-02T20:54:12.059+0000][gc,heap       ] GC(38) Old regions: 14->14
[2025-11-02T20:54:12.060+0000][gc,heap       ] GC(38) Humongous regions: 63->63
[2025-11-02T20:54:12.060+0000][gc,metaspace  ] GC(38) Metaspace: 43896K(45488K)->43896K(45488K) NonClass: 39191K(40112K)->39191K(40112K) Class: 4704K(5376K)->4704K(5376K)
[2025-11-02T20:54:12.061+0000][gc            ] GC(38) Pause Young (Normal) (G1 Evacuation Pause) 101M->76M(632M) 31.625ms
[2025-11-02T20:54:12.062+0000][gc,cpu        ] GC(38) User=0.04s Sys=0.02s Real=0.04s
[2025-11-02T20:54:12.335+0000][gc,start      ] GC(39) Pause Young (Normal) (G1 Evacuation Pause)
[2025-11-02T20:54:12.335+0000][gc,task       ] GC(39) Using 2 workers of 2 for evacuation
[2025-11-02T20:54:12.346+0000][gc,phases     ] GC(39)   Pre Evacuate Collection Set: 0.1ms
[2025-11-02T20:54:12.347+0000][gc,phases     ] GC(39)   Evacuate Collection Set: 6.0ms
[2025-11-02T20:54:12.350+0000][gc,phases     ] GC(39)   Post Evacuate Collection Set: 2.0ms
[2025-11-02T20:54:12.351+0000][gc,phases     ] GC(39)   Other: 3.7ms
[2025-11-02T20:54:12.353+0000][gc,heap       ] GC(39) Eden regions: 30->0(30)
[2025-11-02T20:54:12.353+0000][gc,heap       ] GC(39) Survivor regions: 1->1(4)
[2025-11-02T20:54:12.355+0000][gc,heap       ] GC(39) Old regions: 14->14
[2025-11-02T20:54:12.355+0000][gc,heap       ] GC(39) Humongous regions: 63->63
[2025-11-02T20:54:12.356+0000][gc,metaspace  ] GC(39) Metaspace: 43900K(45488K)->43900K(45488K) NonClass: 39195K(40112K)->39195K(40112K) Class: 4704K(5376K)->4704K(5376K)
[2025-11-02T20:54:12.357+0000][gc            ] GC(39) Pause Young (Normal) (G1 Evacuation Pause) 106M->76M(632M) 22.034ms
[2025-11-02T20:54:12.357+0000][gc,cpu        ] GC(39) User=0.02s Sys=0.02s Real=0.02s
[2025-11-02T20:54:12.607+0000][gc,start      ] GC(40) Pause Young (Normal) (G1 Evacuation Pause)
[2025-11-02T20:54:12.608+0000][gc,task       ] GC(40) Using 2 workers of 2 for evacuation
[2025-11-02T20:54:12.620+0000][gc,phases     ] GC(40)   Pre Evacuate Collection Set: 0.1ms
[2025-11-02T20:54:12.621+0000][gc,phases     ] GC(40)   Evacuate Collection Set: 8.7ms
[2025-11-02T20:54:12.623+0000][gc,phases     ] GC(40)   Post Evacuate Collection Set: 2.9ms
[2025-11-02T20:54:12.623+0000][gc,phases     ] GC(40)   Other: 1.8ms
[2025-11-02T20:54:12.626+0000][gc,heap       ] GC(40) Eden regions: 30->0(30)
[2025-11-02T20:54:12.626+0000][gc,heap       ] GC(40) Survivor regions: 1->1(4)
[2025-11-02T20:54:12.627+0000][gc,heap       ] GC(40) Old regions: 14->14
[2025-11-02T20:54:12.630+0000][gc,heap       ] GC(40) Humongous regions: 72->63
[2025-11-02T20:54:12.633+0000][gc,metaspace  ] GC(40) Metaspace: 43903K(45488K)->43903K(45488K) NonClass: 39199K(40112K)->39199K(40112K) Class: 4704K(5376K)->4704K(5376K)
[2025-11-02T20:54:12.640+0000][gc            ] GC(40) Pause Young (Normal) (G1 Evacuation Pause) 115M->76M(632M) 33.149ms
[2025-11-02T20:54:12.642+0000][gc,cpu        ] GC(40) User=0.04s Sys=0.00s Real=0.04s
[2025-11-02T20:54:12.928+0000][gc,start      ] GC(41) Pause Young (Normal) (G1 Evacuation Pause)
[2025-11-02T20:54:12.928+0000][gc,task       ] GC(41) Using 2 workers of 2 for evacuation
[2025-11-02T20:54:12.947+0000][gc,phases     ] GC(41)   Pre Evacuate Collection Set: 0.7ms
[2025-11-02T20:54:12.949+0000][gc,phases     ] GC(41)   Evacuate Collection Set: 10.3ms
[2025-11-02T20:54:12.951+0000][gc,phases     ] GC(41)   Post Evacuate Collection Set: 0.9ms
[2025-11-02T20:54:12.951+0000][gc,phases     ] GC(41)   Other: 6.8ms
[2025-11-02T20:54:12.952+0000][gc,heap       ] GC(41) Eden regions: 30->0(30)
[2025-11-02T20:54:12.955+0000][gc,heap       ] GC(41) Survivor regions: 1->1(4)
[2025-11-02T20:54:12.958+0000][gc,heap       ] GC(41) Old regions: 14->14
[2025-11-02T20:54:12.960+0000][gc,heap       ] GC(41) Humongous regions: 63->54
[2025-11-02T20:54:12.961+0000][gc,metaspace  ] GC(41) Metaspace: 43909K(45488K)->43909K(45488K) NonClass: 39205K(40112K)->39205K(40112K) Class: 4704K(5376K)->4704K(5376K)
[2025-11-02T20:54:12.963+0000][gc            ] GC(41) Pause Young (Normal) (G1 Evacuation Pause) 106M->67M(632M) 34.849ms
[2025-11-02T20:54:12.964+0000][gc,cpu        ] GC(41) User=0.05s Sys=0.00s Real=0.04s
[2025-11-02T20:54:13.137+0000][gc,start      ] GC(42) Pause Young (Normal) (G1 Evacuation Pause)
[2025-11-02T20:54:13.138+0000][gc,task       ] GC(42) Using 2 workers of 2 for evacuation
[2025-11-02T20:54:13.167+0000][gc,mmu        ] GC(42) MMU target violated: 21.0ms (20.0ms/21.0ms)
[2025-11-02T20:54:13.168+0000][gc,phases     ] GC(42)   Pre Evacuate Collection Set: 0.1ms
[2025-11-02T20:54:13.168+0000][gc,phases     ] GC(42)   Evacuate Collection Set: 19.0ms
[2025-11-02T20:54:13.171+0000][gc,phases     ] GC(42)   Post Evacuate Collection Set: 7.0ms
[2025-11-02T20:54:13.174+0000][gc,phases     ] GC(42)   Other: 4.1ms
[2025-11-02T20:54:13.178+0000][gc,heap       ] GC(42) Eden regions: 30->0(31)
[2025-11-02T20:54:13.212+0000][gc,heap       ] GC(42) Survivor regions: 1->1(4)
[2025-11-02T20:54:13.212+0000][gc,heap       ] GC(42) Old regions: 14->14
[2025-11-02T20:54:13.213+0000][gc,heap       ] GC(42) Humongous regions: 63->63
[2025-11-02T20:54:13.213+0000][gc,metaspace  ] GC(42) Metaspace: 43918K(45488K)->43918K(45488K) NonClass: 39212K(40112K)->39212K(40112K) Class: 4706K(5376K)->4706K(5376K)
[2025-11-02T20:54:13.218+0000][gc            ] GC(42) Pause Young (Normal) (G1 Evacuation Pause) 106M->76M(632M) 80.921ms
[2025-11-02T20:54:13.219+0000][gc,cpu        ] GC(42) User=0.07s Sys=0.01s Real=0.08s
[2025-11-02T20:54:13.437+0000][gc,start      ] GC(43) Pause Young (Normal) (G1 Evacuation Pause)
[2025-11-02T20:54:13.438+0000][gc,task       ] GC(43) Using 2 workers of 2 for evacuation
[2025-11-02T20:54:13.483+0000][gc,mmu        ] GC(43) MMU target violated: 21.0ms (20.0ms/21.0ms)
[2025-11-02T20:54:13.486+0000][gc,phases     ] GC(43)   Pre Evacuate Collection Set: 0.3ms
[2025-11-02T20:54:13.489+0000][gc,phases     ] GC(43)   Evacuate Collection Set: 34.4ms
[2025-11-02T20:54:13.490+0000][gc,phases     ] GC(43)   Post Evacuate Collection Set: 4.2ms
[2025-11-02T20:54:13.492+0000][gc,phases     ] GC(43)   Other: 10.4ms
[2025-11-02T20:54:13.494+0000][gc,heap       ] GC(43) Eden regions: 31->0(32)
[2025-11-02T20:54:13.496+0000][gc,heap       ] GC(43) Survivor regions: 1->1(4)
[2025-11-02T20:54:13.496+0000][gc,heap       ] GC(43) Old regions: 14->14
[2025-11-02T20:54:13.497+0000][gc,heap       ] GC(43) Humongous regions: 63->63
[2025-11-02T20:54:13.498+0000][gc,metaspace  ] GC(43) Metaspace: 43933K(45488K)->43933K(45488K) NonClass: 39226K(40112K)->39226K(40112K) Class: 4706K(5376K)->4706K(5376K)
[2025-11-02T20:54:13.500+0000][gc            ] GC(43) Pause Young (Normal) (G1 Evacuation Pause) 107M->76M(632M) 63.179ms
[2025-11-02T20:54:13.501+0000][gc,cpu        ] GC(43) User=0.02s Sys=0.01s Real=0.07s
[2025-11-02T20:54:13.727+0000][gc,start      ] GC(44) Pause Young (Normal) (G1 Evacuation Pause)
[2025-11-02T20:54:13.727+0000][gc,task       ] GC(44) Using 2 workers of 2 for evacuation
[2025-11-02T20:54:13.741+0000][gc,phases     ] GC(44)   Pre Evacuate Collection Set: 0.1ms
[2025-11-02T20:54:13.743+0000][gc,phases     ] GC(44)   Evacuate Collection Set: 9.1ms
[2025-11-02T20:54:13.743+0000][gc,phases     ] GC(44)   Post Evacuate Collection Set: 3.7ms
[2025-11-02T20:54:13.745+0000][gc,phases     ] GC(44)   Other: 1.6ms
[2025-11-02T20:54:13.746+0000][gc,heap       ] GC(44) Eden regions: 32->0(34)
[2025-11-02T20:54:13.746+0000][gc,heap       ] GC(44) Survivor regions: 1->1(5)
[2025-11-02T20:54:13.747+0000][gc,heap       ] GC(44) Old regions: 14->14
[2025-11-02T20:54:13.749+0000][gc,heap       ] GC(44) Humongous regions: 63->63
[2025-11-02T20:54:13.749+0000][gc,metaspace  ] GC(44) Metaspace: 43933K(45488K)->43933K(45488K) NonClass: 39227K(40112K)->39227K(40112K) Class: 4706K(5376K)->4706K(5376K)
[2025-11-02T20:54:13.750+0000][gc            ] GC(44) Pause Young (Normal) (G1 Evacuation Pause) 108M->76M(632M) 23.289ms
[2025-11-02T20:54:13.751+0000][gc,cpu        ] GC(44) User=0.02s Sys=0.00s Real=0.03s
[2025-11-02T20:54:13.946+0000][gc,start      ] GC(45) Pause Young (Normal) (G1 Evacuation Pause)
[2025-11-02T20:54:13.947+0000][gc,task       ] GC(45) Using 2 workers of 2 for evacuation
[2025-11-02T20:54:13.988+0000][gc,phases     ] GC(45)   Pre Evacuate Collection Set: 0.1ms
[2025-11-02T20:54:13.994+0000][gc,phases     ] GC(45)   Evacuate Collection Set: 8.6ms
[2025-11-02T20:54:13.996+0000][gc,phases     ] GC(45)   Post Evacuate Collection Set: 4.3ms
[2025-11-02T20:54:13.996+0000][gc,phases     ] GC(45)   Other: 29.1ms
[2025-11-02T20:54:13.997+0000][gc,heap       ] GC(45) Eden regions: 34->0(36)
[2025-11-02T20:54:14.007+0000][gc,heap       ] GC(45) Survivor regions: 1->1(5)
[2025-11-02T20:54:14.007+0000][gc,heap       ] GC(45) Old regions: 14->14
[2025-11-02T20:54:14.008+0000][gc,heap       ] GC(45) Humongous regions: 63->63
[2025-11-02T20:54:14.074+0000][gc,metaspace  ] GC(45) Metaspace: 43933K(45488K)->43933K(45488K) NonClass: 39227K(40112K)->39227K(40112K) Class: 4706K(5376K)->4706K(5376K)
[2025-11-02T20:54:14.074+0000][gc            ] GC(45) Pause Young (Normal) (G1 Evacuation Pause) 110M->76M(632M) 128.412ms
[2025-11-02T20:54:14.076+0000][gc,cpu        ] GC(45) User=0.07s Sys=0.01s Real=0.13s
[2025-11-02T20:54:14.324+0000][gc,start      ] GC(46) Pause Young (Normal) (G1 Evacuation Pause)
[2025-11-02T20:54:14.325+0000][gc,task       ] GC(46) Using 2 workers of 2 for evacuation
[2025-11-02T20:54:14.341+0000][gc,phases     ] GC(46)   Pre Evacuate Collection Set: 0.1ms
[2025-11-02T20:54:14.345+0000][gc,phases     ] GC(46)   Evacuate Collection Set: 8.3ms
[2025-11-02T20:54:14.345+0000][gc,phases     ] GC(46)   Post Evacuate Collection Set: 6.4ms
[2025-11-02T20:54:14.346+0000][gc,phases     ] GC(46)   Other: 2.3ms
[2025-11-02T20:54:14.350+0000][gc,heap       ] GC(46) Eden regions: 36->0(38)
[2025-11-02T20:54:14.354+0000][gc,heap       ] GC(46) Survivor regions: 1->1(5)
[2025-11-02T20:54:14.355+0000][gc,heap       ] GC(46) Old regions: 14->14
[2025-11-02T20:54:14.356+0000][gc,heap       ] GC(46) Humongous regions: 63->63
[2025-11-02T20:54:14.356+0000][gc,metaspace  ] GC(46) Metaspace: 43934K(45488K)->43934K(45488K) NonClass: 39228K(40112K)->39228K(40112K) Class: 4706K(5376K)->4706K(5376K)
[2025-11-02T20:54:14.359+0000][gc            ] GC(46) Pause Young (Normal) (G1 Evacuation Pause) 112M->76M(632M) 34.595ms
[2025-11-02T20:54:14.359+0000][gc,cpu        ] GC(46) User=0.04s Sys=0.00s Real=0.03s
[2025-11-02T20:54:14.610+0000][gc,start      ] GC(47) Pause Young (Normal) (G1 Evacuation Pause)
[2025-11-02T20:54:14.620+0000][gc,task       ] GC(47) Using 2 workers of 2 for evacuation
[2025-11-02T20:54:14.637+0000][gc,phases     ] GC(47)   Pre Evacuate Collection Set: 0.1ms
[2025-11-02T20:54:14.638+0000][gc,phases     ] GC(47)   Evacuate Collection Set: 5.2ms
[2025-11-02T20:54:14.639+0000][gc,phases     ] GC(47)   Post Evacuate Collection Set: 10.1ms
[2025-11-02T20:54:14.641+0000][gc,phases     ] GC(47)   Other: 11.2ms
[2025-11-02T20:54:14.642+0000][gc,heap       ] GC(47) Eden regions: 38->0(38)
[2025-11-02T20:54:14.644+0000][gc,heap       ] GC(47) Survivor regions: 1->1(5)
[2025-11-02T20:54:14.646+0000][gc,heap       ] GC(47) Old regions: 14->14
[2025-11-02T20:54:14.650+0000][gc,heap       ] GC(47) Humongous regions: 63->63
[2025-11-02T20:54:14.652+0000][gc,metaspace  ] GC(47) Metaspace: 43937K(45488K)->43937K(45488K) NonClass: 39230K(40112K)->39230K(40112K) Class: 4706K(5376K)->4706K(5376K)
[2025-11-02T20:54:14.652+0000][gc            ] GC(47) Pause Young (Normal) (G1 Evacuation Pause) 114M->76M(632M) 41.891ms
[2025-11-02T20:54:14.653+0000][gc,cpu        ] GC(47) User=0.02s Sys=0.01s Real=0.04s
[2025-11-02T20:54:14.903+0000][gc,start      ] GC(48) Pause Young (Normal) (G1 Evacuation Pause)
[2025-11-02T20:54:14.904+0000][gc,task       ] GC(48) Using 2 workers of 2 for evacuation
[2025-11-02T20:54:14.920+0000][gc,phases     ] GC(48)   Pre Evacuate Collection Set: 0.3ms
[2025-11-02T20:54:14.921+0000][gc,phases     ] GC(48)   Evacuate Collection Set: 11.4ms
[2025-11-02T20:54:14.924+0000][gc,phases     ] GC(48)   Post Evacuate Collection Set: 2.4ms
[2025-11-02T20:54:14.924+0000][gc,phases     ] GC(48)   Other: 3.5ms
[2025-11-02T20:54:14.925+0000][gc,heap       ] GC(48) Eden regions: 38->0(38)
[2025-11-02T20:54:14.926+0000][gc,heap       ] GC(48) Survivor regions: 1->1(5)
[2025-11-02T20:54:14.927+0000][gc,heap       ] GC(48) Old regions: 14->14
[2025-11-02T20:54:14.928+0000][gc,heap       ] GC(48) Humongous regions: 63->63
[2025-11-02T20:54:14.929+0000][gc,metaspace  ] GC(48) Metaspace: 43939K(45488K)->43939K(45488K) NonClass: 39233K(40112K)->39233K(40112K) Class: 4706K(5376K)->4706K(5376K)
[2025-11-02T20:54:14.930+0000][gc            ] GC(48) Pause Young (Normal) (G1 Evacuation Pause) 114M->76M(632M) 27.537ms
[2025-11-02T20:54:14.932+0000][gc,cpu        ] GC(48) User=0.02s Sys=0.00s Real=0.03s
[2025-11-02T20:54:15.139+0000][gc,start      ] GC(49) Pause Young (Normal) (G1 Evacuation Pause)
[2025-11-02T20:54:15.142+0000][gc,task       ] GC(49) Using 2 workers of 2 for evacuation
[2025-11-02T20:54:15.164+0000][gc,mmu        ] GC(49) MMU target violated: 21.0ms (20.0ms/21.0ms)
[2025-11-02T20:54:15.171+0000][gc,phases     ] GC(49)   Pre Evacuate Collection Set: 0.1ms
[2025-11-02T20:54:15.188+0000][gc,phases     ] GC(49)   Evacuate Collection Set: 19.3ms
[2025-11-02T20:54:15.189+0000][gc,phases     ] GC(49)   Post Evacuate Collection Set: 1.2ms
[2025-11-02T20:54:15.190+0000][gc,phases     ] GC(49)   Other: 10.9ms
[2025-11-02T20:54:15.191+0000][gc,heap       ] GC(49) Eden regions: 38->0(40)
[2025-11-02T20:54:15.191+0000][gc,heap       ] GC(49) Survivor regions: 1->1(5)
[2025-11-02T20:54:15.192+0000][gc,heap       ] GC(49) Old regions: 14->14
[2025-11-02T20:54:15.192+0000][gc,heap       ] GC(49) Humongous regions: 63->63
[2025-11-02T20:54:15.193+0000][gc,metaspace  ] GC(49) Metaspace: 43941K(45488K)->43941K(45488K) NonClass: 39234K(40112K)->39234K(40112K) Class: 4706K(5376K)->4706K(5376K)
[2025-11-02T20:54:15.193+0000][gc            ] GC(49) Pause Young (Normal) (G1 Evacuation Pause) 114M->76M(632M) 54.302ms
[2025-11-02T20:54:15.194+0000][gc,cpu        ] GC(49) User=0.06s Sys=0.01s Real=0.06s
[2025-11-02T20:54:15.427+0000][gc,start      ] GC(50) Pause Young (Normal) (G1 Evacuation Pause)
[2025-11-02T20:54:15.427+0000][gc,task       ] GC(50) Using 2 workers of 2 for evacuation
[2025-11-02T20:54:15.436+0000][gc,phases     ] GC(50)   Pre Evacuate Collection Set: 0.1ms
[2025-11-02T20:54:15.438+0000][gc,phases     ] GC(50)   Evacuate Collection Set: 4.0ms
[2025-11-02T20:54:15.440+0000][gc,phases     ] GC(50)   Post Evacuate Collection Set: 3.8ms
[2025-11-02T20:54:15.441+0000][gc,phases     ] GC(50)   Other: 1.9ms
[2025-11-02T20:54:15.443+0000][gc,heap       ] GC(50) Eden regions: 40->0(42)
[2025-11-02T20:54:15.444+0000][gc,heap       ] GC(50) Survivor regions: 1->1(6)
[2025-11-02T20:54:15.444+0000][gc,heap       ] GC(50) Old regions: 14->14
[2025-11-02T20:54:15.445+0000][gc,heap       ] GC(50) Humongous regions: 73->55
[2025-11-02T20:54:15.446+0000][gc,metaspace  ] GC(50) Metaspace: 43945K(45488K)->43945K(45488K) NonClass: 39239K(40112K)->39239K(40112K) Class: 4706K(5376K)->4706K(5376K)
[2025-11-02T20:54:15.446+0000][gc            ] GC(50) Pause Young (Normal) (G1 Evacuation Pause) 126M->68M(632M) 19.744ms
[2025-11-02T20:54:15.447+0000][gc,cpu        ] GC(50) User=0.02s Sys=0.01s Real=0.02s
[2025-11-02T20:54:15.717+0000][gc,start      ] GC(51) Pause Young (Normal) (G1 Evacuation Pause)
[2025-11-02T20:54:15.718+0000][gc,task       ] GC(51) Using 2 workers of 2 for evacuation
[2025-11-02T20:54:15.724+0000][gc,phases     ] GC(51)   Pre Evacuate Collection Set: 0.0ms
[2025-11-02T20:54:15.725+0000][gc,phases     ] GC(51)   Evacuate Collection Set: 3.3ms
[2025-11-02T20:54:15.726+0000][gc,phases     ] GC(51)   Post Evacuate Collection Set: 2.1ms
[2025-11-02T20:54:15.727+0000][gc,phases     ] GC(51)   Other: 2.1ms
[2025-11-02T20:54:15.729+0000][gc,heap       ] GC(51) Eden regions: 42->0(43)
[2025-11-02T20:54:15.729+0000][gc,heap       ] GC(51) Survivor regions: 1->1(6)
[2025-11-02T20:54:15.730+0000][gc,heap       ] GC(51) Old regions: 14->14
[2025-11-02T20:54:15.730+0000][gc,heap       ] GC(51) Humongous regions: 55->54
[2025-11-02T20:54:15.731+0000][gc,metaspace  ] GC(51) Metaspace: 43953K(45488K)->43953K(45488K) NonClass: 39246K(40112K)->39246K(40112K) Class: 4707K(5376K)->4707K(5376K)
[2025-11-02T20:54:15.732+0000][gc            ] GC(51) Pause Young (Normal) (G1 Evacuation Pause) 110M->67M(632M) 15.057ms
[2025-11-02T20:54:15.733+0000][gc,cpu        ] GC(51) User=0.02s Sys=0.00s Real=0.02s
[2025-11-02T20:54:16.046+0000][gc,start      ] GC(52) Pause Young (Normal) (G1 Evacuation Pause)
[2025-11-02T20:54:16.046+0000][gc,task       ] GC(52) Using 2 workers of 2 for evacuation
[2025-11-02T20:54:16.058+0000][gc,phases     ] GC(52)   Pre Evacuate Collection Set: 0.1ms
[2025-11-02T20:54:16.063+0000][gc,phases     ] GC(52)   Evacuate Collection Set: 8.4ms
[2025-11-02T20:54:16.069+0000][gc,phases     ] GC(52)   Post Evacuate Collection Set: 3.3ms
[2025-11-02T20:54:16.070+0000][gc,phases     ] GC(52)   Other: 1.2ms
[2025-11-02T20:54:16.070+0000][gc,heap       ] GC(52) Eden regions: 43->0(45)
[2025-11-02T20:54:16.073+0000][gc,heap       ] GC(52) Survivor regions: 1->1(6)
[2025-11-02T20:54:16.073+0000][gc,heap       ] GC(52) Old regions: 14->14
[2025-11-02T20:54:16.074+0000][gc,heap       ] GC(52) Humongous regions: 55->46
[2025-11-02T20:54:16.074+0000][gc,metaspace  ] GC(52) Metaspace: 43959K(45488K)->43959K(45488K) NonClass: 39252K(40112K)->39252K(40112K) Class: 4707K(5376K)->4707K(5376K)
[2025-11-02T20:54:16.075+0000][gc            ] GC(52) Pause Young (Normal) (G1 Evacuation Pause) 111M->59M(632M) 29.330ms
[2025-11-02T20:54:16.075+0000][gc,cpu        ] GC(52) User=0.01s Sys=0.01s Real=0.03s
[2025-11-02T20:54:16.293+0000][gc,start      ] GC(53) Pause Young (Normal) (G1 Evacuation Pause)
[2025-11-02T20:54:16.294+0000][gc,task       ] GC(53) Using 2 workers of 2 for evacuation
[2025-11-02T20:54:16.303+0000][gc,phases     ] GC(53)   Pre Evacuate Collection Set: 0.1ms
[2025-11-02T20:54:16.304+0000][gc,phases     ] GC(53)   Evacuate Collection Set: 6.2ms
[2025-11-02T20:54:16.304+0000][gc,phases     ] GC(53)   Post Evacuate Collection Set: 2.0ms
[2025-11-02T20:54:16.305+0000][gc,phases     ] GC(53)   Other: 1.8ms
[2025-11-02T20:54:16.305+0000][gc,heap       ] GC(53) Eden regions: 45->0(47)
[2025-11-02T20:54:16.307+0000][gc,heap       ] GC(53) Survivor regions: 1->1(6)
[2025-11-02T20:54:16.309+0000][gc,heap       ] GC(53) Old regions: 14->14
[2025-11-02T20:54:16.309+0000][gc,heap       ] GC(53) Humongous regions: 46->45
[2025-11-02T20:54:16.310+0000][gc,metaspace  ] GC(53) Metaspace: 44022K(45488K)->44022K(45488K) NonClass: 39306K(40112K)->39306K(40112K) Class: 4716K(5376K)->4716K(5376K)
[2025-11-02T20:54:16.310+0000][gc            ] GC(53) Pause Young (Normal) (G1 Evacuation Pause) 104M->58M(632M) 17.332ms
[2025-11-02T20:54:16.311+0000][gc,cpu        ] GC(53) User=0.02s Sys=0.00s Real=0.02s
[2025-11-02T20:54:16.670+0000][gc,start      ] GC(54) Pause Young (Normal) (G1 Evacuation Pause)
[2025-11-02T20:54:16.672+0000][gc,task       ] GC(54) Using 2 workers of 2 for evacuation
[2025-11-02T20:54:16.689+0000][gc,phases     ] GC(54)   Pre Evacuate Collection Set: 0.1ms
[2025-11-02T20:54:16.690+0000][gc,phases     ] GC(54)   Evacuate Collection Set: 6.3ms
[2025-11-02T20:54:16.691+0000][gc,phases     ] GC(54)   Post Evacuate Collection Set: 9.0ms
[2025-11-02T20:54:16.693+0000][gc,phases     ] GC(54)   Other: 3.7ms
[2025-11-02T20:54:16.695+0000][gc,heap       ] GC(54) Eden regions: 47->0(48)
[2025-11-02T20:54:16.712+0000][gc,heap       ] GC(54) Survivor regions: 1->1(6)
[2025-11-02T20:54:16.713+0000][gc,heap       ] GC(54) Old regions: 14->14
[2025-11-02T20:54:16.713+0000][gc,heap       ] GC(54) Humongous regions: 45->45
[2025-11-02T20:54:16.714+0000][gc,metaspace  ] GC(54) Metaspace: 44027K(45488K)->44027K(45488K) NonClass: 39311K(40112K)->39311K(40112K) Class: 4716K(5376K)->4716K(5376K)
[2025-11-02T20:54:16.741+0000][gc            ] GC(54) Pause Young (Normal) (G1 Evacuation Pause) 105M->58M(632M) 70.280ms
[2025-11-02T20:54:16.741+0000][gc,cpu        ] GC(54) User=0.06s Sys=0.01s Real=0.07s
[2025-11-02T20:54:31.088+0000][gc,start      ] GC(55) Pause Young (Normal) (G1 Evacuation Pause)
[2025-11-02T20:54:31.143+0000][gc,task       ] GC(55) Using 2 workers of 2 for evacuation
[2025-11-02T20:54:31.160+0000][gc,phases     ] GC(55)   Pre Evacuate Collection Set: 0.1ms
[2025-11-02T20:54:31.161+0000][gc,phases     ] GC(55)   Evacuate Collection Set: 8.3ms
[2025-11-02T20:54:31.162+0000][gc,phases     ] GC(55)   Post Evacuate Collection Set: 6.9ms
[2025-11-02T20:54:31.163+0000][gc,phases     ] GC(55)   Other: 56.1ms
[2025-11-02T20:54:31.167+0000][gc,heap       ] GC(55) Eden regions: 48->0(49)
[2025-11-02T20:54:31.168+0000][gc,heap       ] GC(55) Survivor regions: 1->1(7)
[2025-11-02T20:54:31.174+0000][gc,heap       ] GC(55) Old regions: 14->14
[2025-11-02T20:54:31.175+0000][gc,heap       ] GC(55) Humongous regions: 46->36
[2025-11-02T20:54:31.178+0000][gc,metaspace  ] GC(55) Metaspace: 44540K(46128K)->44540K(46128K) NonClass: 39749K(40624K)->39749K(40624K) Class: 4790K(5504K)->4790K(5504K)
[2025-11-02T20:54:31.179+0000][gc            ] GC(55) Pause Young (Normal) (G1 Evacuation Pause) 107M->49M(632M) 90.470ms
[2025-11-02T20:54:31.180+0000][gc,cpu        ] GC(55) User=0.10s Sys=0.01s Real=0.10s
[2025-11-02T20:54:32.868+0000][gc,start      ] GC(56) Pause Young (Normal) (G1 Evacuation Pause)
[2025-11-02T20:54:32.869+0000][gc,task       ] GC(56) Using 2 workers of 2 for evacuation
[2025-11-02T20:54:32.877+0000][gc,phases     ] GC(56)   Pre Evacuate Collection Set: 0.0ms
[2025-11-02T20:54:32.877+0000][gc,phases     ] GC(56)   Evacuate Collection Set: 5.3ms
[2025-11-02T20:54:32.878+0000][gc,phases     ] GC(56)   Post Evacuate Collection Set: 1.2ms
[2025-11-02T20:54:32.878+0000][gc,phases     ] GC(56)   Other: 1.7ms
[2025-11-02T20:54:32.879+0000][gc,heap       ] GC(56) Eden regions: 49->0(49)
[2025-11-02T20:54:32.879+0000][gc,heap       ] GC(56) Survivor regions: 1->1(7)
[2025-11-02T20:54:32.880+0000][gc,heap       ] GC(56) Old regions: 14->14
[2025-11-02T20:54:32.880+0000][gc,heap       ] GC(56) Humongous regions: 36->36
[2025-11-02T20:54:32.881+0000][gc,metaspace  ] GC(56) Metaspace: 44657K(46128K)->44657K(46128K) NonClass: 39866K(40624K)->39866K(40624K) Class: 4791K(5504K)->4791K(5504K)
[2025-11-02T20:54:32.882+0000][gc            ] GC(56) Pause Young (Normal) (G1 Evacuation Pause) 98M->50M(632M) 13.115ms
[2025-11-02T20:54:32.882+0000][gc,cpu        ] GC(56) User=0.02s Sys=0.00s Real=0.02s
[2025-11-02T20:54:33.872+0000][gc,start      ] GC(57) Pause Young (Normal) (G1 Evacuation Pause)
[2025-11-02T20:54:33.873+0000][gc,task       ] GC(57) Using 2 workers of 2 for evacuation
[2025-11-02T20:54:33.880+0000][gc,phases     ] GC(57)   Pre Evacuate Collection Set: 0.1ms
[2025-11-02T20:54:33.881+0000][gc,phases     ] GC(57)   Evacuate Collection Set: 4.8ms
[2025-11-02T20:54:33.882+0000][gc,phases     ] GC(57)   Post Evacuate Collection Set: 1.5ms
[2025-11-02T20:54:33.883+0000][gc,phases     ] GC(57)   Other: 2.0ms
[2025-11-02T20:54:33.884+0000][gc,heap       ] GC(57) Eden regions: 49->0(50)
[2025-11-02T20:54:33.885+0000][gc,heap       ] GC(57) Survivor regions: 1->1(7)
[2025-11-02T20:54:33.886+0000][gc,heap       ] GC(57) Old regions: 14->14
[2025-11-02T20:54:33.886+0000][gc,heap       ] GC(57) Humongous regions: 36->36
[2025-11-02T20:54:33.887+0000][gc,metaspace  ] GC(57) Metaspace: 44741K(46384K)->44741K(46384K) NonClass: 39950K(40880K)->39950K(40880K) Class: 4791K(5504K)->4791K(5504K)
[2025-11-02T20:54:33.888+0000][gc            ] GC(57) Pause Young (Normal) (G1 Evacuation Pause) 99M->50M(632M) 15.644ms
[2025-11-02T20:54:33.888+0000][gc,cpu        ] GC(57) User=0.01s Sys=0.00s Real=0.01s
[2025-11-02T20:54:34.963+0000][gc,start      ] GC(58) Pause Young (Normal) (G1 Evacuation Pause)
[2025-11-02T20:54:34.964+0000][gc,task       ] GC(58) Using 2 workers of 2 for evacuation
[2025-11-02T20:54:34.975+0000][gc,phases     ] GC(58)   Pre Evacuate Collection Set: 0.1ms
[2025-11-02T20:54:34.976+0000][gc,phases     ] GC(58)   Evacuate Collection Set: 7.0ms
[2025-11-02T20:54:34.976+0000][gc,phases     ] GC(58)   Post Evacuate Collection Set: 1.8ms
[2025-11-02T20:54:34.977+0000][gc,phases     ] GC(58)   Other: 3.0ms
[2025-11-02T20:54:34.977+0000][gc,heap       ] GC(58) Eden regions: 50->0(50)
[2025-11-02T20:54:34.978+0000][gc,heap       ] GC(58) Survivor regions: 1->1(7)
[2025-11-02T20:54:34.979+0000][gc,heap       ] GC(58) Old regions: 14->14
[2025-11-02T20:54:34.980+0000][gc,heap       ] GC(58) Humongous regions: 36->36
[2025-11-02T20:54:34.980+0000][gc,metaspace  ] GC(58) Metaspace: 44873K(46384K)->44873K(46384K) NonClass: 40082K(40880K)->40082K(40880K) Class: 4791K(5504K)->4791K(5504K)
[2025-11-02T20:54:34.981+0000][gc            ] GC(58) Pause Young (Normal) (G1 Evacuation Pause) 100M->50M(632M) 17.738ms
[2025-11-02T20:54:34.983+0000][gc,cpu        ] GC(58) User=0.03s Sys=0.00s Real=0.02s
[2025-11-02T20:54:35.966+0000][gc,start      ] GC(59) Pause Young (Normal) (G1 Evacuation Pause)
[2025-11-02T20:54:35.967+0000][gc,task       ] GC(59) Using 2 workers of 2 for evacuation
[2025-11-02T20:54:35.981+0000][gc,phases     ] GC(59)   Pre Evacuate Collection Set: 0.1ms
[2025-11-02T20:54:35.982+0000][gc,phases     ] GC(59)   Evacuate Collection Set: 9.4ms
[2025-11-02T20:54:35.984+0000][gc,phases     ] GC(59)   Post Evacuate Collection Set: 2.9ms
[2025-11-02T20:54:35.985+0000][gc,phases     ] GC(59)   Other: 2.5ms
[2025-11-02T20:54:35.985+0000][gc,heap       ] GC(59) Eden regions: 50->0(50)
[2025-11-02T20:54:35.986+0000][gc,heap       ] GC(59) Survivor regions: 1->1(7)
[2025-11-02T20:54:35.986+0000][gc,heap       ] GC(59) Old regions: 14->14
[2025-11-02T20:54:35.987+0000][gc,heap       ] GC(59) Humongous regions: 36->36
[2025-11-02T20:54:35.988+0000][gc,metaspace  ] GC(59) Metaspace: 44896K(46384K)->44896K(46384K) NonClass: 40104K(40880K)->40104K(40880K) Class: 4791K(5504K)->4791K(5504K)
[2025-11-02T20:54:35.988+0000][gc            ] GC(59) Pause Young (Normal) (G1 Evacuation Pause) 100M->50M(632M) 22.430ms
[2025-11-02T20:54:35.989+0000][gc,cpu        ] GC(59) User=0.02s Sys=0.01s Real=0.02s
[2025-11-02T20:54:36.797+0000][gc,start      ] GC(60) Pause Young (Normal) (G1 Evacuation Pause)
[2025-11-02T20:54:36.799+0000][gc,task       ] GC(60) Using 2 workers of 2 for evacuation
[2025-11-02T20:54:36.807+0000][gc,phases     ] GC(60)   Pre Evacuate Collection Set: 0.1ms
[2025-11-02T20:54:36.808+0000][gc,phases     ] GC(60)   Evacuate Collection Set: 5.6ms
[2025-11-02T20:54:36.809+0000][gc,phases     ] GC(60)   Post Evacuate Collection Set: 2.4ms
[2025-11-02T20:54:36.809+0000][gc,phases     ] GC(60)   Other: 2.4ms
[2025-11-02T20:54:36.810+0000][gc,heap       ] GC(60) Eden regions: 50->0(51)
[2025-11-02T20:54:36.810+0000][gc,heap       ] GC(60) Survivor regions: 1->1(7)
[2025-11-02T20:54:36.811+0000][gc,heap       ] GC(60) Old regions: 14->14
[2025-11-02T20:54:36.812+0000][gc,heap       ] GC(60) Humongous regions: 36->36
[2025-11-02T20:54:36.813+0000][gc,metaspace  ] GC(60) Metaspace: 44906K(46384K)->44906K(46384K) NonClass: 40115K(40880K)->40115K(40880K) Class: 4791K(5504K)->4791K(5504K)
[2025-11-02T20:54:36.814+0000][gc            ] GC(60) Pause Young (Normal) (G1 Evacuation Pause) 100M->50M(632M) 16.473ms
[2025-11-02T20:54:36.814+0000][gc,cpu        ] GC(60) User=0.01s Sys=0.00s Real=0.02s
[2025-11-02T20:54:37.129+0000][gc,start      ] GC(61) Pause Young (Normal) (G1 Evacuation Pause)
[2025-11-02T20:54:37.129+0000][gc,task       ] GC(61) Using 2 workers of 2 for evacuation
[2025-11-02T20:54:37.137+0000][gc,phases     ] GC(61)   Pre Evacuate Collection Set: 0.0ms
[2025-11-02T20:54:37.137+0000][gc,phases     ] GC(61)   Evacuate Collection Set: 5.0ms
[2025-11-02T20:54:37.138+0000][gc,phases     ] GC(61)   Post Evacuate Collection Set: 1.8ms
[2025-11-02T20:54:37.138+0000][gc,phases     ] GC(61)   Other: 1.1ms
[2025-11-02T20:54:37.139+0000][gc,heap       ] GC(61) Eden regions: 51->0(52)
[2025-11-02T20:54:37.139+0000][gc,heap       ] GC(61) Survivor regions: 1->1(7)
[2025-11-02T20:54:37.140+0000][gc,heap       ] GC(61) Old regions: 14->14
[2025-11-02T20:54:37.140+0000][gc,heap       ] GC(61) Humongous regions: 36->36
[2025-11-02T20:54:37.141+0000][gc,metaspace  ] GC(61) Metaspace: 44922K(46384K)->44922K(46384K) NonClass: 40130K(40880K)->40130K(40880K) Class: 4791K(5504K)->4791K(5504K)
[2025-11-02T20:54:37.141+0000][gc            ] GC(61) Pause Young (Normal) (G1 Evacuation Pause) 101M->50M(632M) 12.540ms
[2025-11-02T20:54:37.142+0000][gc,cpu        ] GC(61) User=0.01s Sys=0.00s Real=0.02s
[2025-11-02T20:54:37.259+0000][gc,start      ] GC(62) Pause Young (Normal) (G1 Evacuation Pause)
[2025-11-02T20:54:37.260+0000][gc,task       ] GC(62) Using 2 workers of 2 for evacuation
[2025-11-02T20:54:37.270+0000][gc,phases     ] GC(62)   Pre Evacuate Collection Set: 0.1ms
[2025-11-02T20:54:37.271+0000][gc,phases     ] GC(62)   Evacuate Collection Set: 6.8ms
[2025-11-02T20:54:37.272+0000][gc,phases     ] GC(62)   Post Evacuate Collection Set: 2.1ms
[2025-11-02T20:54:37.272+0000][gc,phases     ] GC(62)   Other: 2.6ms
[2025-11-02T20:54:37.273+0000][gc,heap       ] GC(62) Eden regions: 52->0(52)
[2025-11-02T20:54:37.273+0000][gc,heap       ] GC(62) Survivor regions: 1->1(7)
[2025-11-02T20:54:37.274+0000][gc,heap       ] GC(62) Old regions: 14->14
[2025-11-02T20:54:37.275+0000][gc,heap       ] GC(62) Humongous regions: 36->36
[2025-11-02T20:54:37.276+0000][gc,metaspace  ] GC(62) Metaspace: 44922K(46384K)->44922K(46384K) NonClass: 40130K(40880K)->40130K(40880K) Class: 4791K(5504K)->4791K(5504K)
[2025-11-02T20:54:37.277+0000][gc            ] GC(62) Pause Young (Normal) (G1 Evacuation Pause) 102M->50M(632M) 18.094ms
[2025-11-02T20:54:37.277+0000][gc,cpu        ] GC(62) User=0.02s Sys=0.01s Real=0.02s
[2025-11-02T20:54:37.376+0000][gc,start      ] GC(63) Pause Young (Normal) (G1 Evacuation Pause)
[2025-11-02T20:54:37.377+0000][gc,task       ] GC(63) Using 2 workers of 2 for evacuation
[2025-11-02T20:54:37.385+0000][gc,phases     ] GC(63)   Pre Evacuate Collection Set: 0.0ms
[2025-11-02T20:54:37.385+0000][gc,phases     ] GC(63)   Evacuate Collection Set: 5.4ms
[2025-11-02T20:54:37.386+0000][gc,phases     ] GC(63)   Post Evacuate Collection Set: 1.4ms
[2025-11-02T20:54:37.386+0000][gc,phases     ] GC(63)   Other: 1.6ms
[2025-11-02T20:54:37.387+0000][gc,heap       ] GC(63) Eden regions: 52->0(53)
[2025-11-02T20:54:37.387+0000][gc,heap       ] GC(63) Survivor regions: 1->1(7)
[2025-11-02T20:54:37.388+0000][gc,heap       ] GC(63) Old regions: 14->14
[2025-11-02T20:54:37.389+0000][gc,heap       ] GC(63) Humongous regions: 36->36
[2025-11-02T20:54:37.389+0000][gc,metaspace  ] GC(63) Metaspace: 44922K(46384K)->44922K(46384K) NonClass: 40130K(40880K)->40130K(40880K) Class: 4791K(5504K)->4791K(5504K)
[2025-11-02T20:54:37.390+0000][gc            ] GC(63) Pause Young (Normal) (G1 Evacuation Pause) 102M->50M(632M) 13.561ms
[2025-11-02T20:54:37.391+0000][gc,cpu        ] GC(63) User=0.01s Sys=0.00s Real=0.02s
[2025-11-02T20:54:37.484+0000][gc,start      ] GC(64) Pause Young (Normal) (G1 Evacuation Pause)
[2025-11-02T20:54:37.485+0000][gc,task       ] GC(64) Using 2 workers of 2 for evacuation
[2025-11-02T20:54:37.496+0000][gc,phases     ] GC(64)   Pre Evacuate Collection Set: 0.1ms
[2025-11-02T20:54:37.497+0000][gc,phases     ] GC(64)   Evacuate Collection Set: 7.6ms
[2025-11-02T20:54:37.498+0000][gc,phases     ] GC(64)   Post Evacuate Collection Set: 2.5ms
[2025-11-02T20:54:37.499+0000][gc,phases     ] GC(64)   Other: 1.9ms
[2025-11-02T20:54:37.500+0000][gc,heap       ] GC(64) Eden regions: 53->0(54)
[2025-11-02T20:54:37.500+0000][gc,heap       ] GC(64) Survivor regions: 1->1(7)
[2025-11-02T20:54:37.501+0000][gc,heap       ] GC(64) Old regions: 14->14
[2025-11-02T20:54:37.502+0000][gc,heap       ] GC(64) Humongous regions: 36->36
[2025-11-02T20:54:37.503+0000][gc,metaspace  ] GC(64) Metaspace: 44924K(46384K)->44924K(46384K) NonClass: 40132K(40880K)->40132K(40880K) Class: 4791K(5504K)->4791K(5504K)
[2025-11-02T20:54:37.503+0000][gc            ] GC(64) Pause Young (Normal) (G1 Evacuation Pause) 103M->50M(632M) 19.027ms
[2025-11-02T20:54:37.504+0000][gc,cpu        ] GC(64) User=0.01s Sys=0.01s Real=0.02s
[2025-11-02T20:54:37.601+0000][gc,start      ] GC(65) Pause Young (Normal) (G1 Evacuation Pause)
[2025-11-02T20:54:37.602+0000][gc,task       ] GC(65) Using 2 workers of 2 for evacuation
[2025-11-02T20:54:37.609+0000][gc,phases     ] GC(65)   Pre Evacuate Collection Set: 0.0ms
[2025-11-02T20:54:37.610+0000][gc,phases     ] GC(65)   Evacuate Collection Set: 5.2ms
[2025-11-02T20:54:37.610+0000][gc,phases     ] GC(65)   Post Evacuate Collection Set: 1.6ms
[2025-11-02T20:54:37.611+0000][gc,phases     ] GC(65)   Other: 1.3ms
[2025-11-02T20:54:37.611+0000][gc,heap       ] GC(65) Eden regions: 54->0(55)
[2025-11-02T20:54:37.612+0000][gc,heap       ] GC(65) Survivor regions: 1->1(7)
[2025-11-02T20:54:37.613+0000][gc,heap       ] GC(65) Old regions: 14->14
[2025-11-02T20:54:37.613+0000][gc,heap       ] GC(65) Humongous regions: 36->36
[2025-11-02T20:54:37.614+0000][gc,metaspace  ] GC(65) Metaspace: 44924K(46384K)->44924K(46384K) NonClass: 40132K(40880K)->40132K(40880K) Class: 4791K(5504K)->4791K(5504K)
[2025-11-02T20:54:37.615+0000][gc            ] GC(65) Pause Young (Normal) (G1 Evacuation Pause) 104M->50M(632M) 13.321ms
[2025-11-02T20:54:37.615+0000][gc,cpu        ] GC(65) User=0.02s Sys=0.01s Real=0.01s
[2025-11-02T20:54:37.701+0000][gc,start      ] GC(66) Pause Young (Normal) (G1 Evacuation Pause)
[2025-11-02T20:54:37.702+0000][gc,task       ] GC(66) Using 2 workers of 2 for evacuation
[2025-11-02T20:54:37.711+0000][gc,phases     ] GC(66)   Pre Evacuate Collection Set: 0.1ms
[2025-11-02T20:54:37.712+0000][gc,phases     ] GC(66)   Evacuate Collection Set: 5.9ms
[2025-11-02T20:54:37.713+0000][gc,phases     ] GC(66)   Post Evacuate Collection Set: 2.4ms
[2025-11-02T20:54:37.714+0000][gc,phases     ] GC(66)   Other: 1.8ms
[2025-11-02T20:54:37.714+0000][gc,heap       ] GC(66) Eden regions: 55->0(56)
[2025-11-02T20:54:37.715+0000][gc,heap       ] GC(66) Survivor regions: 1->1(7)
[2025-11-02T20:54:37.716+0000][gc,heap       ] GC(66) Old regions: 14->14
[2025-11-02T20:54:37.716+0000][gc,heap       ] GC(66) Humongous regions: 36->36
[2025-11-02T20:54:37.717+0000][gc,metaspace  ] GC(66) Metaspace: 44924K(46384K)->44924K(46384K) NonClass: 40133K(40880K)->40133K(40880K) Class: 4791K(5504K)->4791K(5504K)
[2025-11-02T20:54:37.718+0000][gc            ] GC(66) Pause Young (Normal) (G1 Evacuation Pause) 105M->50M(632M) 16.563ms
[2025-11-02T20:54:37.718+0000][gc,cpu        ] GC(66) User=0.01s Sys=0.00s Real=0.01s
[2025-11-02T20:54:37.805+0000][gc,start      ] GC(67) Pause Young (Normal) (G1 Evacuation Pause)
[2025-11-02T20:54:37.806+0000][gc,task       ] GC(67) Using 2 workers of 2 for evacuation
[2025-11-02T20:54:37.817+0000][gc,phases     ] GC(67)   Pre Evacuate Collection Set: 0.0ms
[2025-11-02T20:54:37.818+0000][gc,phases     ] GC(67)   Evacuate Collection Set: 7.8ms
[2025-11-02T20:54:37.818+0000][gc,phases     ] GC(67)   Post Evacuate Collection Set: 2.3ms
[2025-11-02T20:54:37.819+0000][gc,phases     ] GC(67)   Other: 1.7ms
[2025-11-02T20:54:37.820+0000][gc,heap       ] GC(67) Eden regions: 56->0(57)
[2025-11-02T20:54:37.821+0000][gc,heap       ] GC(67) Survivor regions: 1->1(8)
[2025-11-02T20:54:37.823+0000][gc,heap       ] GC(67) Old regions: 14->14
[2025-11-02T20:54:37.824+0000][gc,heap       ] GC(67) Humongous regions: 36->36
[2025-11-02T20:54:37.824+0000][gc,metaspace  ] GC(67) Metaspace: 44924K(46384K)->44924K(46384K) NonClass: 40133K(40880K)->40133K(40880K) Class: 4791K(5504K)->4791K(5504K)
[2025-11-02T20:54:37.825+0000][gc            ] GC(67) Pause Young (Normal) (G1 Evacuation Pause) 106M->50M(632M) 19.454ms
[2025-11-02T20:54:37.825+0000][gc,cpu        ] GC(67) User=0.01s Sys=0.00s Real=0.02s
[2025-11-02T20:54:37.935+0000][gc,start      ] GC(68) Pause Young (Normal) (G1 Evacuation Pause)
[2025-11-02T20:54:37.937+0000][gc,task       ] GC(68) Using 2 workers of 2 for evacuation
[2025-11-02T20:54:37.947+0000][gc,phases     ] GC(68)   Pre Evacuate Collection Set: 0.0ms
[2025-11-02T20:54:37.949+0000][gc,phases     ] GC(68)   Evacuate Collection Set: 7.0ms
[2025-11-02T20:54:37.950+0000][gc,phases     ] GC(68)   Post Evacuate Collection Set: 2.0ms
[2025-11-02T20:54:37.950+0000][gc,phases     ] GC(68)   Other: 3.8ms
[2025-11-02T20:54:37.951+0000][gc,heap       ] GC(68) Eden regions: 57->0(57)
[2025-11-02T20:54:37.952+0000][gc,heap       ] GC(68) Survivor regions: 1->1(8)
[2025-11-02T20:54:37.952+0000][gc,heap       ] GC(68) Old regions: 14->14
[2025-11-02T20:54:37.952+0000][gc,heap       ] GC(68) Humongous regions: 36->36
[2025-11-02T20:54:37.953+0000][gc,metaspace  ] GC(68) Metaspace: 44924K(46384K)->44924K(46384K) NonClass: 40133K(40880K)->40133K(40880K) Class: 4791K(5504K)->4791K(5504K)
[2025-11-02T20:54:37.954+0000][gc            ] GC(68) Pause Young (Normal) (G1 Evacuation Pause) 107M->50M(632M) 19.109ms
[2025-11-02T20:54:37.954+0000][gc,cpu        ] GC(68) User=0.01s Sys=0.00s Real=0.02s
[2025-11-02T20:54:38.679+0000][gc,start      ] GC(69) Pause Young (Normal) (G1 Evacuation Pause)
[2025-11-02T20:54:38.680+0000][gc,task       ] GC(69) Using 2 workers of 2 for evacuation
[2025-11-02T20:54:38.692+0000][gc,phases     ] GC(69)   Pre Evacuate Collection Set: 0.1ms
[2025-11-02T20:54:38.693+0000][gc,phases     ] GC(69)   Evacuate Collection Set: 7.9ms
[2025-11-02T20:54:38.694+0000][gc,phases     ] GC(69)   Post Evacuate Collection Set: 2.8ms
[2025-11-02T20:54:38.696+0000][gc,phases     ] GC(69)   Other: 2.6ms
[2025-11-02T20:54:38.697+0000][gc,heap       ] GC(69) Eden regions: 57->0(58)
[2025-11-02T20:54:38.697+0000][gc,heap       ] GC(69) Survivor regions: 1->1(8)
[2025-11-02T20:54:38.698+0000][gc,heap       ] GC(69) Old regions: 14->14
[2025-11-02T20:54:38.699+0000][gc,heap       ] GC(69) Humongous regions: 36->36
[2025-11-02T20:54:38.699+0000][gc,metaspace  ] GC(69) Metaspace: 44932K(46384K)->44932K(46384K) NonClass: 40140K(40880K)->40140K(40880K) Class: 4791K(5504K)->4791K(5504K)
[2025-11-02T20:54:38.700+0000][gc            ] GC(69) Pause Young (Normal) (G1 Evacuation Pause) 107M->50M(632M) 20.891ms
[2025-11-02T20:54:38.700+0000][gc,cpu        ] GC(69) User=0.03s Sys=0.01s Real=0.03s
[2025-11-02T20:54:39.642+0000][gc,start      ] GC(70) Pause Young (Normal) (G1 Evacuation Pause)
[2025-11-02T20:54:39.643+0000][gc,task       ] GC(70) Using 2 workers of 2 for evacuation
[2025-11-02T20:54:39.653+0000][gc,phases     ] GC(70)   Pre Evacuate Collection Set: 0.1ms
[2025-11-02T20:54:39.654+0000][gc,phases     ] GC(70)   Evacuate Collection Set: 7.2ms
[2025-11-02T20:54:39.655+0000][gc,phases     ] GC(70)   Post Evacuate Collection Set: 2.0ms
[2025-11-02T20:54:39.656+0000][gc,phases     ] GC(70)   Other: 1.6ms
[2025-11-02T20:54:39.657+0000][gc,heap       ] GC(70) Eden regions: 58->0(59)
[2025-11-02T20:54:39.658+0000][gc,heap       ] GC(70) Survivor regions: 1->1(8)
[2025-11-02T20:54:39.659+0000][gc,heap       ] GC(70) Old regions: 14->14
[2025-11-02T20:54:39.659+0000][gc,heap       ] GC(70) Humongous regions: 36->36
[2025-11-02T20:54:39.660+0000][gc,metaspace  ] GC(70) Metaspace: 44972K(46640K)->44972K(46640K) NonClass: 40181K(41136K)->40181K(41136K) Class: 4791K(5504K)->4791K(5504K)
[2025-11-02T20:54:39.663+0000][gc            ] GC(70) Pause Young (Normal) (G1 Evacuation Pause) 108M->50M(632M) 20.256ms
[2025-11-02T20:54:39.663+0000][gc,cpu        ] GC(70) User=0.01s Sys=0.01s Real=0.02s
[2025-11-02T20:54:39.822+0000][gc,start      ] GC(71) Pause Young (Normal) (G1 Evacuation Pause)
[2025-11-02T20:54:39.824+0000][gc,task       ] GC(71) Using 2 workers of 2 for evacuation
[2025-11-02T20:54:39.836+0000][gc,phases     ] GC(71)   Pre Evacuate Collection Set: 0.1ms
[2025-11-02T20:54:39.836+0000][gc,phases     ] GC(71)   Evacuate Collection Set: 4.9ms
[2025-11-02T20:54:39.837+0000][gc,phases     ] GC(71)   Post Evacuate Collection Set: 6.3ms
[2025-11-02T20:54:39.838+0000][gc,phases     ] GC(71)   Other: 2.6ms
[2025-11-02T20:54:39.838+0000][gc,heap       ] GC(71) Eden regions: 59->0(59)
[2025-11-02T20:54:39.839+0000][gc,heap       ] GC(71) Survivor regions: 1->1(8)
[2025-11-02T20:54:39.839+0000][gc,heap       ] GC(71) Old regions: 14->15
[2025-11-02T20:54:39.840+0000][gc,heap       ] GC(71) Humongous regions: 36->36
[2025-11-02T20:54:39.841+0000][gc,metaspace  ] GC(71) Metaspace: 44973K(46640K)->44973K(46640K) NonClass: 40182K(41136K)->40182K(41136K) Class: 4791K(5504K)->4791K(5504K)
[2025-11-02T20:54:39.842+0000][gc            ] GC(71) Pause Young (Normal) (G1 Evacuation Pause) 109M->50M(632M) 20.153ms
[2025-11-02T20:54:39.843+0000][gc,cpu        ] GC(71) User=0.01s Sys=0.00s Real=0.02s
[2025-11-02T20:54:40.007+0000][gc,start      ] GC(72) Pause Young (Normal) (G1 Evacuation Pause)
[2025-11-02T20:54:40.008+0000][gc,task       ] GC(72) Using 2 workers of 2 for evacuation
[2025-11-02T20:54:40.021+0000][gc,phases     ] GC(72)   Pre Evacuate Collection Set: 0.1ms
[2025-11-02T20:54:40.022+0000][gc,phases     ] GC(72)   Evacuate Collection Set: 8.7ms
[2025-11-02T20:54:40.022+0000][gc,phases     ] GC(72)   Post Evacuate Collection Set: 3.2ms
[2025-11-02T20:54:40.023+0000][gc,phases     ] GC(72)   Other: 2.2ms
[2025-11-02T20:54:40.023+0000][gc,heap       ] GC(72) Eden regions: 59->0(59)
[2025-11-02T20:54:40.024+0000][gc,heap       ] GC(72) Survivor regions: 1->1(8)
[2025-11-02T20:54:40.025+0000][gc,heap       ] GC(72) Old regions: 15->15
[2025-11-02T20:54:40.025+0000][gc,heap       ] GC(72) Humongous regions: 36->36
[2025-11-02T20:54:40.026+0000][gc,metaspace  ] GC(72) Metaspace: 44973K(46640K)->44973K(46640K) NonClass: 40182K(41136K)->40182K(41136K) Class: 4791K(5504K)->4791K(5504K)
[2025-11-02T20:54:40.026+0000][gc            ] GC(72) Pause Young (Normal) (G1 Evacuation Pause) 109M->50M(632M) 18.880ms
[2025-11-02T20:54:40.027+0000][gc,cpu        ] GC(72) User=0.02s Sys=0.00s Real=0.02s
[2025-11-02T20:54:40.135+0000][gc,start      ] GC(73) Pause Young (Normal) (G1 Evacuation Pause)
[2025-11-02T20:54:40.135+0000][gc,task       ] GC(73) Using 2 workers of 2 for evacuation
[2025-11-02T20:54:40.140+0000][gc,phases     ] GC(73)   Pre Evacuate Collection Set: 0.0ms
[2025-11-02T20:54:40.141+0000][gc,phases     ] GC(73)   Evacuate Collection Set: 3.0ms
[2025-11-02T20:54:40.141+0000][gc,phases     ] GC(73)   Post Evacuate Collection Set: 1.3ms
[2025-11-02T20:54:40.142+0000][gc,phases     ] GC(73)   Other: 1.4ms
[2025-11-02T20:54:40.142+0000][gc,heap       ] GC(73) Eden regions: 59->0(61)
[2025-11-02T20:54:40.143+0000][gc,heap       ] GC(73) Survivor regions: 1->1(8)
[2025-11-02T20:54:40.144+0000][gc,heap       ] GC(73) Old regions: 15->15
[2025-11-02T20:54:40.144+0000][gc,heap       ] GC(73) Humongous regions: 36->36
[2025-11-02T20:54:40.145+0000][gc,metaspace  ] GC(73) Metaspace: 44973K(46640K)->44973K(46640K) NonClass: 40182K(41136K)->40182K(41136K) Class: 4791K(5504K)->4791K(5504K)
[2025-11-02T20:54:40.146+0000][gc            ] GC(73) Pause Young (Normal) (G1 Evacuation Pause) 109M->50M(632M) 11.120ms
[2025-11-02T20:54:40.147+0000][gc,cpu        ] GC(73) User=0.00s Sys=0.01s Real=0.01s
[2025-11-02T20:54:40.437+0000][gc,start      ] GC(74) Pause Young (Normal) (G1 Evacuation Pause)
[2025-11-02T20:54:40.437+0000][gc,task       ] GC(74) Using 2 workers of 2 for evacuation
[2025-11-02T20:54:40.449+0000][gc,phases     ] GC(74)   Pre Evacuate Collection Set: 0.1ms
[2025-11-02T20:54:40.449+0000][gc,phases     ] GC(74)   Evacuate Collection Set: 8.8ms
[2025-11-02T20:54:40.450+0000][gc,phases     ] GC(74)   Post Evacuate Collection Set: 1.7ms
[2025-11-02T20:54:40.450+0000][gc,phases     ] GC(74)   Other: 1.3ms
[2025-11-02T20:54:40.451+0000][gc,heap       ] GC(74) Eden regions: 61->0(65)
[2025-11-02T20:54:40.452+0000][gc,heap       ] GC(74) Survivor regions: 1->1(8)
[2025-11-02T20:54:40.452+0000][gc,heap       ] GC(74) Old regions: 15->15
[2025-11-02T20:54:40.453+0000][gc,heap       ] GC(74) Humongous regions: 36->36
[2025-11-02T20:54:40.453+0000][gc,metaspace  ] GC(74) Metaspace: 44973K(46640K)->44973K(46640K) NonClass: 40182K(41136K)->40182K(41136K) Class: 4791K(5504K)->4791K(5504K)
[2025-11-02T20:54:40.454+0000][gc            ] GC(74) Pause Young (Normal) (G1 Evacuation Pause) 111M->50M(632M) 16.925ms
[2025-11-02T20:54:40.454+0000][gc,cpu        ] GC(74) User=0.00s Sys=0.01s Real=0.02s
[2025-11-02T20:54:40.624+0000][gc,start      ] GC(75) Pause Young (Normal) (G1 Evacuation Pause)
[2025-11-02T20:54:40.624+0000][gc,task       ] GC(75) Using 2 workers of 2 for evacuation
[2025-11-02T20:54:40.630+0000][gc,phases     ] GC(75)   Pre Evacuate Collection Set: 0.2ms
[2025-11-02T20:54:40.631+0000][gc,phases     ] GC(75)   Evacuate Collection Set: 3.0ms
[2025-11-02T20:54:40.634+0000][gc,phases     ] GC(75)   Post Evacuate Collection Set: 1.2ms
[2025-11-02T20:54:40.637+0000][gc,phases     ] GC(75)   Other: 1.6ms
[2025-11-02T20:54:40.637+0000][gc,heap       ] GC(75) Eden regions: 65->0(72)
[2025-11-02T20:54:40.638+0000][gc,heap       ] GC(75) Survivor regions: 1->1(9)
[2025-11-02T20:54:40.639+0000][gc,heap       ] GC(75) Old regions: 15->15
[2025-11-02T20:54:40.640+0000][gc,heap       ] GC(75) Humongous regions: 36->36
[2025-11-02T20:54:40.640+0000][gc,metaspace  ] GC(75) Metaspace: 44974K(46640K)->44974K(46640K) NonClass: 40182K(41136K)->40182K(41136K) Class: 4791K(5504K)->4791K(5504K)
[2025-11-02T20:54:40.641+0000][gc            ] GC(75) Pause Young (Normal) (G1 Evacuation Pause) 115M->50M(632M) 16.860ms
[2025-11-02T20:54:40.641+0000][gc,cpu        ] GC(75) User=0.01s Sys=0.00s Real=0.02s
[2025-11-02T20:54:40.793+0000][gc,start      ] GC(76) Pause Young (Normal) (G1 Evacuation Pause)
[2025-11-02T20:54:40.794+0000][gc,task       ] GC(76) Using 2 workers of 2 for evacuation
[2025-11-02T20:54:40.800+0000][gc,phases     ] GC(76)   Pre Evacuate Collection Set: 0.1ms
[2025-11-02T20:54:40.800+0000][gc,phases     ] GC(76)   Evacuate Collection Set: 2.7ms
[2025-11-02T20:54:40.801+0000][gc,phases     ] GC(76)   Post Evacuate Collection Set: 2.5ms
[2025-11-02T20:54:40.801+0000][gc,phases     ] GC(76)   Other: 1.7ms
[2025-11-02T20:54:40.802+0000][gc,heap       ] GC(76) Eden regions: 72->0(82)
[2025-11-02T20:54:40.803+0000][gc,heap       ] GC(76) Survivor regions: 1->1(10)
[2025-11-02T20:54:40.803+0000][gc,heap       ] GC(76) Old regions: 15->15
[2025-11-02T20:54:40.804+0000][gc,heap       ] GC(76) Humongous regions: 36->36
[2025-11-02T20:54:40.805+0000][gc,metaspace  ] GC(76) Metaspace: 44974K(46640K)->44974K(46640K) NonClass: 40182K(41136K)->40182K(41136K) Class: 4791K(5504K)->4791K(5504K)
[2025-11-02T20:54:40.806+0000][gc            ] GC(76) Pause Young (Normal) (G1 Evacuation Pause) 122M->50M(632M) 12.525ms
[2025-11-02T20:54:40.806+0000][gc,cpu        ] GC(76) User=0.01s Sys=0.00s Real=0.01s
[2025-11-02T20:54:41.055+0000][gc,start      ] GC(77) Pause Young (Normal) (G1 Evacuation Pause)
[2025-11-02T20:54:41.055+0000][gc,task       ] GC(77) Using 2 workers of 2 for evacuation
[2025-11-02T20:54:41.060+0000][gc,phases     ] GC(77)   Pre Evacuate Collection Set: 0.0ms
[2025-11-02T20:54:41.060+0000][gc,phases     ] GC(77)   Evacuate Collection Set: 2.1ms
[2025-11-02T20:54:41.061+0000][gc,phases     ] GC(77)   Post Evacuate Collection Set: 1.6ms
[2025-11-02T20:54:41.061+0000][gc,phases     ] GC(77)   Other: 1.4ms
[2025-11-02T20:54:41.062+0000][gc,heap       ] GC(77) Eden regions: 82->0(96)
[2025-11-02T20:54:41.062+0000][gc,heap       ] GC(77) Survivor regions: 1->1(11)
[2025-11-02T20:54:41.063+0000][gc,heap       ] GC(77) Old regions: 15->15
[2025-11-02T20:54:41.064+0000][gc,heap       ] GC(77) Humongous regions: 36->36
[2025-11-02T20:54:41.065+0000][gc,metaspace  ] GC(77) Metaspace: 44979K(46640K)->44979K(46640K) NonClass: 40187K(41136K)->40187K(41136K) Class: 4791K(5504K)->4791K(5504K)
[2025-11-02T20:54:41.067+0000][gc            ] GC(77) Pause Young (Normal) (G1 Evacuation Pause) 132M->50M(632M) 11.986ms
[2025-11-02T20:54:41.067+0000][gc,cpu        ] GC(77) User=0.01s Sys=0.00s Real=0.01s
[2025-11-02T20:54:41.523+0000][gc,start      ] GC(78) Pause Young (Normal) (G1 Evacuation Pause)
[2025-11-02T20:54:41.524+0000][gc,task       ] GC(78) Using 2 workers of 2 for evacuation
[2025-11-02T20:54:41.530+0000][gc,phases     ] GC(78)   Pre Evacuate Collection Set: 0.1ms
[2025-11-02T20:54:41.531+0000][gc,phases     ] GC(78)   Evacuate Collection Set: 3.3ms
[2025-11-02T20:54:41.532+0000][gc,phases     ] GC(78)   Post Evacuate Collection Set: 1.8ms
[2025-11-02T20:54:41.534+0000][gc,phases     ] GC(78)   Other: 2.0ms
[2025-11-02T20:54:41.536+0000][gc,heap       ] GC(78) Eden regions: 96->0(106)
[2025-11-02T20:54:41.537+0000][gc,heap       ] GC(78) Survivor regions: 1->1(13)
[2025-11-02T20:54:41.538+0000][gc,heap       ] GC(78) Old regions: 15->15
[2025-11-02T20:54:41.539+0000][gc,heap       ] GC(78) Humongous regions: 36->36
[2025-11-02T20:54:41.540+0000][gc,metaspace  ] GC(78) Metaspace: 44981K(46640K)->44981K(46640K) NonClass: 40190K(41136K)->40190K(41136K) Class: 4791K(5504K)->4791K(5504K)
[2025-11-02T20:54:41.542+0000][gc            ] GC(78) Pause Young (Normal) (G1 Evacuation Pause) 146M->50M(632M) 18.981ms
[2025-11-02T20:54:41.543+0000][gc,cpu        ] GC(78) User=0.01s Sys=0.00s Real=0.02s
[2025-11-02T20:54:41.770+0000][gc,start      ] GC(79) Pause Young (Normal) (G1 Evacuation Pause)
[2025-11-02T20:54:41.771+0000][gc,task       ] GC(79) Using 2 workers of 2 for evacuation
[2025-11-02T20:54:41.776+0000][gc,phases     ] GC(79)   Pre Evacuate Collection Set: 0.1ms
[2025-11-02T20:54:41.777+0000][gc,phases     ] GC(79)   Evacuate Collection Set: 3.1ms
[2025-11-02T20:54:41.778+0000][gc,phases     ] GC(79)   Post Evacuate Collection Set: 1.7ms
[2025-11-02T20:54:41.778+0000][gc,phases     ] GC(79)   Other: 1.9ms
[2025-11-02T20:54:41.779+0000][gc,heap       ] GC(79) Eden regions: 106->0(116)
[2025-11-02T20:54:41.779+0000][gc,heap       ] GC(79) Survivor regions: 1->1(14)
[2025-11-02T20:54:41.780+0000][gc,heap       ] GC(79) Old regions: 15->15
[2025-11-02T20:54:41.780+0000][gc,heap       ] GC(79) Humongous regions: 36->36
[2025-11-02T20:54:41.780+0000][gc,metaspace  ] GC(79) Metaspace: 44981K(46640K)->44981K(46640K) NonClass: 40190K(41136K)->40190K(41136K) Class: 4791K(5504K)->4791K(5504K)
[2025-11-02T20:54:41.781+0000][gc            ] GC(79) Pause Young (Normal) (G1 Evacuation Pause) 156M->50M(632M) 11.104ms
[2025-11-02T20:54:41.781+0000][gc,cpu        ] GC(79) User=0.01s Sys=0.00s Real=0.02s
[2025-11-02T20:54:42.064+0000][gc,start      ] GC(80) Pause Young (Normal) (G1 Evacuation Pause)
[2025-11-02T20:54:42.066+0000][gc,task       ] GC(80) Using 2 workers of 2 for evacuation
[2025-11-02T20:54:42.071+0000][gc,phases     ] GC(80)   Pre Evacuate Collection Set: 0.1ms
[2025-11-02T20:54:42.072+0000][gc,phases     ] GC(80)   Evacuate Collection Set: 2.9ms
[2025-11-02T20:54:42.072+0000][gc,phases     ] GC(80)   Post Evacuate Collection Set: 1.6ms
[2025-11-02T20:54:42.073+0000][gc,phases     ] GC(80)   Other: 2.5ms
[2025-11-02T20:54:42.074+0000][gc,heap       ] GC(80) Eden regions: 116->0(127)
[2025-11-02T20:54:42.074+0000][gc,heap       ] GC(80) Survivor regions: 1->1(15)
[2025-11-02T20:54:42.075+0000][gc,heap       ] GC(80) Old regions: 15->15
[2025-11-02T20:54:42.076+0000][gc,heap       ] GC(80) Humongous regions: 36->36
[2025-11-02T20:54:42.076+0000][gc,metaspace  ] GC(80) Metaspace: 44985K(46640K)->44985K(46640K) NonClass: 40193K(41136K)->40193K(41136K) Class: 4791K(5504K)->4791K(5504K)
[2025-11-02T20:54:42.077+0000][gc            ] GC(80) Pause Young (Normal) (G1 Evacuation Pause) 166M->50M(632M) 12.404ms
[2025-11-02T20:54:42.077+0000][gc,cpu        ] GC(80) User=0.00s Sys=0.01s Real=0.01s
[2025-11-02T20:54:43.461+0000][gc,start      ] GC(81) Pause Young (Normal) (G1 Evacuation Pause)
[2025-11-02T20:54:43.462+0000][gc,task       ] GC(81) Using 2 workers of 2 for evacuation
[2025-11-02T20:54:43.473+0000][gc,phases     ] GC(81)   Pre Evacuate Collection Set: 0.1ms
[2025-11-02T20:54:43.474+0000][gc,phases     ] GC(81)   Evacuate Collection Set: 7.2ms
[2025-11-02T20:54:43.474+0000][gc,phases     ] GC(81)   Post Evacuate Collection Set: 1.8ms
[2025-11-02T20:54:43.475+0000][gc,phases     ] GC(81)   Other: 3.1ms
[2025-11-02T20:54:43.476+0000][gc,heap       ] GC(81) Eden regions: 127->0(138)
[2025-11-02T20:54:43.480+0000][gc,heap       ] GC(81) Survivor regions: 1->1(16)
[2025-11-02T20:54:43.502+0000][gc,heap       ] GC(81) Old regions: 15->15
[2025-11-02T20:54:43.504+0000][gc,heap       ] GC(81) Humongous regions: 165->165
[2025-11-02T20:54:43.505+0000][gc,metaspace  ] GC(81) Metaspace: 46049K(47664K)->46049K(47664K) NonClass: 41080K(41904K)->41080K(41904K) Class: 4969K(5760K)->4969K(5760K)
[2025-11-02T20:54:43.506+0000][gc            ] GC(81) Pause Young (Normal) (G1 Evacuation Pause) 306M->180M(632M) 45.190ms
[2025-11-02T20:54:43.507+0000][gc,cpu        ] GC(81) User=0.04s Sys=0.01s Real=0.04s
[2025-11-02T20:54:46.664+0000][gc,start      ] GC(82) Pause Young (Normal) (G1 Evacuation Pause)
[2025-11-02T20:54:46.665+0000][gc,task       ] GC(82) Using 2 workers of 2 for evacuation
[2025-11-02T20:54:46.710+0000][gc,mmu        ] GC(82) MMU target violated: 21.0ms (20.0ms/21.0ms)
[2025-11-02T20:54:46.712+0000][gc,phases     ] GC(82)   Pre Evacuate Collection Set: 0.2ms
[2025-11-02T20:54:46.713+0000][gc,phases     ] GC(82)   Evacuate Collection Set: 37.2ms
[2025-11-02T20:54:46.713+0000][gc,phases     ] GC(82)   Post Evacuate Collection Set: 5.8ms
[2025-11-02T20:54:46.718+0000][gc,phases     ] GC(82)   Other: 5.0ms
[2025-11-02T20:54:46.720+0000][gc,heap       ] GC(82) Eden regions: 138->0(137)
[2025-11-02T20:54:46.720+0000][gc,heap       ] GC(82) Survivor regions: 1->3(18)
[2025-11-02T20:54:46.721+0000][gc,heap       ] GC(82) Old regions: 15->15
[2025-11-02T20:54:46.722+0000][gc,heap       ] GC(82) Humongous regions: 189->171
[2025-11-02T20:54:46.722+0000][gc,metaspace  ] GC(82) Metaspace: 48271K(50480K)->48271K(50480K) NonClass: 42752K(43952K)->42752K(43952K) Class: 5519K(6528K)->5519K(6528K)
[2025-11-02T20:54:46.723+0000][gc            ] GC(82) Pause Young (Normal) (G1 Evacuation Pause) 342M->187M(632M) 58.726ms
[2025-11-02T20:54:46.726+0000][gc,cpu        ] GC(82) User=0.08s Sys=0.00s Real=0.06s
[2025-11-02T20:54:47.912+0000][gc,start      ] GC(83) Pause Young (Normal) (G1 Evacuation Pause)
[2025-11-02T20:54:47.912+0000][gc,task       ] GC(83) Using 2 workers of 2 for evacuation
[2025-11-02T20:54:47.929+0000][gc,phases     ] GC(83)   Pre Evacuate Collection Set: 0.4ms
[2025-11-02T20:54:47.930+0000][gc,phases     ] GC(83)   Evacuate Collection Set: 12.0ms
[2025-11-02T20:54:47.930+0000][gc,phases     ] GC(83)   Post Evacuate Collection Set: 2.1ms
[2025-11-02T20:54:47.931+0000][gc,phases     ] GC(83)   Other: 3.0ms
[2025-11-02T20:54:47.932+0000][gc,heap       ] GC(83) Eden regions: 137->0(137)
[2025-11-02T20:54:47.932+0000][gc,heap       ] GC(83) Survivor regions: 3->3(18)
[2025-11-02T20:54:47.933+0000][gc,heap       ] GC(83) Old regions: 15->15
[2025-11-02T20:54:47.936+0000][gc,heap       ] GC(83) Humongous regions: 201->171
[2025-11-02T20:54:47.937+0000][gc,metaspace  ] GC(83) Metaspace: 48335K(50480K)->48335K(50480K) NonClass: 42815K(43952K)->42815K(43952K) Class: 5519K(6528K)->5519K(6528K)
[2025-11-02T20:54:47.940+0000][gc            ] GC(83) Pause Young (Normal) (G1 Evacuation Pause) 354M->187M(632M) 28.161ms
[2025-11-02T20:54:47.941+0000][gc,cpu        ] GC(83) User=0.05s Sys=0.00s Real=0.03s
[2025-11-02T20:54:48.984+0000][gc,start      ] GC(84) Pause Young (Normal) (G1 Evacuation Pause)
[2025-11-02T20:54:48.986+0000][gc,task       ] GC(84) Using 2 workers of 2 for evacuation
[2025-11-02T20:54:49.000+0000][gc,phases     ] GC(84)   Pre Evacuate Collection Set: 0.0ms
[2025-11-02T20:54:49.001+0000][gc,phases     ] GC(84)   Evacuate Collection Set: 10.4ms
[2025-11-02T20:54:49.002+0000][gc,phases     ] GC(84)   Post Evacuate Collection Set: 3.1ms
[2025-11-02T20:54:49.003+0000][gc,phases     ] GC(84)   Other: 2.9ms
[2025-11-02T20:54:49.003+0000][gc,heap       ] GC(84) Eden regions: 137->0(137)
[2025-11-02T20:54:49.004+0000][gc,heap       ] GC(84) Survivor regions: 3->3(18)
[2025-11-02T20:54:49.004+0000][gc,heap       ] GC(84) Old regions: 15->15
[2025-11-02T20:54:49.005+0000][gc,heap       ] GC(84) Humongous regions: 189->171
[2025-11-02T20:54:49.005+0000][gc,metaspace  ] GC(84) Metaspace: 48396K(50480K)->48396K(50480K) NonClass: 42876K(43952K)->42876K(43952K) Class: 5519K(6528K)->5519K(6528K)
[2025-11-02T20:54:49.006+0000][gc            ] GC(84) Pause Young (Normal) (G1 Evacuation Pause) 342M->188M(632M) 22.091ms
[2025-11-02T20:54:49.007+0000][gc,cpu        ] GC(84) User=0.02s Sys=0.00s Real=0.02s
[2025-11-02T20:54:49.833+0000][gc,start      ] GC(85) Pause Young (Concurrent Start) (G1 Humongous Allocation)
[2025-11-02T20:54:49.834+0000][gc,task       ] GC(85) Using 2 workers of 2 for evacuation
[2025-11-02T20:54:49.852+0000][gc,phases     ] GC(85)   Pre Evacuate Collection Set: 0.4ms
[2025-11-02T20:54:49.853+0000][gc,phases     ] GC(85)   Evacuate Collection Set: 12.3ms
[2025-11-02T20:54:49.854+0000][gc,phases     ] GC(85)   Post Evacuate Collection Set: 4.0ms
[2025-11-02T20:54:49.854+0000][gc,phases     ] GC(85)   Other: 1.8ms
[2025-11-02T20:54:49.855+0000][gc,heap       ] GC(85) Eden regions: 108->0(111)
[2025-11-02T20:54:49.855+0000][gc,heap       ] GC(85) Survivor regions: 3->3(18)
[2025-11-02T20:54:49.856+0000][gc,heap       ] GC(85) Old regions: 15->15
[2025-11-02T20:54:49.856+0000][gc,heap       ] GC(85) Humongous regions: 207->165
[2025-11-02T20:54:49.857+0000][gc,metaspace  ] GC(85) Metaspace: 48435K(50480K)->48435K(50480K) NonClass: 42915K(43952K)->42915K(43952K) Class: 5519K(6528K)->5519K(6528K)
[2025-11-02T20:54:49.857+0000][gc            ] GC(85) Pause Young (Concurrent Start) (G1 Humongous Allocation) 331M->182M(632M) 23.973ms
[2025-11-02T20:54:49.858+0000][gc,cpu        ] GC(85) User=0.05s Sys=0.00s Real=0.02s
[2025-11-02T20:54:49.859+0000][gc            ] GC(86) Concurrent Cycle
[2025-11-02T20:54:49.859+0000][gc,marking    ] GC(86) Concurrent Clear Claimed Marks
[2025-11-02T20:54:49.860+0000][gc,marking    ] GC(86) Concurrent Clear Claimed Marks 0.608ms
[2025-11-02T20:54:49.860+0000][gc,marking    ] GC(86) Concurrent Scan Root Regions
[2025-11-02T20:54:49.867+0000][gc,marking    ] GC(86) Concurrent Scan Root Regions 6.940ms
[2025-11-02T20:54:49.868+0000][gc,marking    ] GC(86) Concurrent Mark (54.685s)
[2025-11-02T20:54:49.868+0000][gc,marking    ] GC(86) Concurrent Mark From Roots
[2025-11-02T20:54:49.868+0000][gc,task       ] GC(86) Using 1 workers of 1 for marking
[2025-11-02T20:54:50.014+0000][gc,marking    ] GC(86) Concurrent Mark From Roots 146.079ms
[2025-11-02T20:54:50.019+0000][gc,marking    ] GC(86) Concurrent Preclean
[2025-11-02T20:54:50.020+0000][gc,marking    ] GC(86) Concurrent Preclean 0.888ms
[2025-11-02T20:54:50.021+0000][gc,marking    ] GC(86) Concurrent Mark (54.685s, 54.838s) 153.125ms
[2025-11-02T20:54:50.044+0000][gc,start      ] GC(86) Pause Remark
[2025-11-02T20:54:50.069+0000][gc,stringtable] GC(86) Cleaned string and symbol table, strings: 14909 processed, 13 removed, symbols: 122233 processed, 13 removed
[2025-11-02T20:54:50.072+0000][gc,mmu        ] GC(86) MMU target violated: 21.0ms (20.0ms/21.0ms)
[2025-11-02T20:54:50.072+0000][gc            ] GC(86) Pause Remark 209M->182M(632M) 28.731ms
[2025-11-02T20:54:50.073+0000][gc,cpu        ] GC(86) User=0.07s Sys=0.00s Real=0.03s
[2025-11-02T20:54:50.074+0000][gc,marking    ] GC(86) Concurrent Rebuild Remembered Sets
[2025-11-02T20:54:50.152+0000][gc,marking    ] GC(86) Concurrent Rebuild Remembered Sets 78.359ms
[2025-11-02T20:54:50.155+0000][gc,start      ] GC(86) Pause Cleanup
[2025-11-02T20:54:50.157+0000][gc            ] GC(86) Pause Cleanup 198M->198M(632M) 2.567ms
[2025-11-02T20:54:50.158+0000][gc,cpu        ] GC(86) User=0.00s Sys=0.00s Real=0.00s
[2025-11-02T20:54:50.159+0000][gc,marking    ] GC(86) Concurrent Cleanup for Next Mark
[2025-11-02T20:54:50.206+0000][gc,start      ] GC(87) Pause Young (Normal) (G1 Evacuation Pause)
[2025-11-02T20:54:50.207+0000][gc,task       ] GC(87) Using 2 workers of 2 for evacuation
[2025-11-02T20:54:50.226+0000][gc,phases     ] GC(87)   Pre Evacuate Collection Set: 0.0ms
[2025-11-02T20:54:50.226+0000][gc,phases     ] GC(87)   Evacuate Collection Set: 15.5ms
[2025-11-02T20:54:50.229+0000][gc,phases     ] GC(87)   Post Evacuate Collection Set: 2.5ms
[2025-11-02T20:54:50.229+0000][gc,phases     ] GC(87)   Other: 1.6ms
[2025-11-02T20:54:50.230+0000][gc,heap       ] GC(87) Eden regions: 38->0(40)
[2025-11-02T20:54:50.231+0000][gc,heap       ] GC(87) Survivor regions: 3->3(6)
[2025-11-02T20:54:50.232+0000][gc,heap       ] GC(87) Old regions: 15->15
[2025-11-02T20:54:50.233+0000][gc,heap       ] GC(87) Humongous regions: 144->144
[2025-11-02T20:54:50.233+0000][gc,metaspace  ] GC(87) Metaspace: 48436K(50480K)->48436K(50480K) NonClass: 42917K(43952K)->42917K(43952K) Class: 5519K(6528K)->5519K(6528K)
[2025-11-02T20:54:50.235+0000][gc            ] GC(87) Pause Young (Normal) (G1 Evacuation Pause) 199M->161M(632M) 28.465ms
[2025-11-02T20:54:50.236+0000][gc,cpu        ] GC(87) User=0.06s Sys=0.00s Real=0.03s
[2025-11-02T20:54:50.241+0000][gc,marking    ] GC(86) Concurrent Cleanup for Next Mark 82.355ms
[2025-11-02T20:54:50.242+0000][gc            ] GC(86) Concurrent Cycle 383.236ms
[2025-11-02T20:54:50.524+0000][gc,start      ] GC(88) Pause Young (Normal) (G1 Evacuation Pause)
[2025-11-02T20:54:50.527+0000][gc,task       ] GC(88) Using 2 workers of 2 for evacuation
[2025-11-02T20:54:50.605+0000][gc,mmu        ] GC(88) MMU target violated: 21.0ms (20.0ms/21.0ms)
[2025-11-02T20:54:50.608+0000][gc,phases     ] GC(88)   Pre Evacuate Collection Set: 0.1ms
[2025-11-02T20:54:50.609+0000][gc,phases     ] GC(88)   Evacuate Collection Set: 30.6ms
[2025-11-02T20:54:50.610+0000][gc,phases     ] GC(88)   Post Evacuate Collection Set: 45.5ms
[2025-11-02T20:54:50.612+0000][gc,phases     ] GC(88)   Other: 7.1ms
[2025-11-02T20:54:50.614+0000][gc,heap       ] GC(88) Eden regions: 40->0(28)
[2025-11-02T20:54:50.615+0000][gc,heap       ] GC(88) Survivor regions: 3->3(6)
[2025-11-02T20:54:50.616+0000][gc,heap       ] GC(88) Old regions: 15->15
[2025-11-02T20:54:50.617+0000][gc,heap       ] GC(88) Humongous regions: 150->144
[2025-11-02T20:54:50.617+0000][gc,metaspace  ] GC(88) Metaspace: 48464K(50480K)->48464K(50480K) NonClass: 42945K(43952K)->42945K(43952K) Class: 5519K(6528K)->5519K(6528K)
[2025-11-02T20:54:50.618+0000][gc            ] GC(88) Pause Young (Normal) (G1 Evacuation Pause) 207M->161M(632M) 94.092ms
[2025-11-02T20:54:50.619+0000][gc,cpu        ] GC(88) User=0.21s Sys=0.04s Real=0.09s
[2025-11-02T20:54:50.783+0000][gc,start      ] GC(89) Pause Young (Normal) (G1 Evacuation Pause)
[2025-11-02T20:54:50.783+0000][gc,task       ] GC(89) Using 2 workers of 2 for evacuation
[2025-11-02T20:54:50.805+0000][gc,mmu        ] GC(89) MMU target violated: 20.6ms (20.0ms/21.0ms)
[2025-11-02T20:54:50.805+0000][gc,phases     ] GC(89)   Pre Evacuate Collection Set: 0.2ms
[2025-11-02T20:54:50.806+0000][gc,phases     ] GC(89)   Evacuate Collection Set: 18.3ms
[2025-11-02T20:54:50.806+0000][gc,phases     ] GC(89)   Post Evacuate Collection Set: 1.7ms
[2025-11-02T20:54:50.807+0000][gc,phases     ] GC(89)   Other: 2.2ms
[2025-11-02T20:54:50.807+0000][gc,heap       ] GC(89) Eden regions: 28->0(29)
[2025-11-02T20:54:50.808+0000][gc,heap       ] GC(89) Survivor regions: 3->2(4)
[2025-11-02T20:54:50.808+0000][gc,heap       ] GC(89) Old regions: 15->16
[2025-11-02T20:54:50.809+0000][gc,heap       ] GC(89) Humongous regions: 150->144
[2025-11-02T20:54:50.809+0000][gc,metaspace  ] GC(89) Metaspace: 48466K(50480K)->48466K(50480K) NonClass: 42947K(43952K)->42947K(43952K) Class: 5519K(6528K)->5519K(6528K)
[2025-11-02T20:54:50.810+0000][gc            ] GC(89) Pause Young (Normal) (G1 Evacuation Pause) 195M->161M(632M) 27.315ms
[2025-11-02T20:54:50.811+0000][gc,cpu        ] GC(89) User=0.03s Sys=0.00s Real=0.03s
[2025-11-02T20:54:50.892+0000][gc,start      ] GC(90) Pause Young (Normal) (G1 Evacuation Pause)
[2025-11-02T20:54:50.893+0000][gc,task       ] GC(90) Using 2 workers of 2 for evacuation
[2025-11-02T20:54:50.922+0000][gc,mmu        ] GC(90) MMU target violated: 21.0ms (20.0ms/21.0ms)
[2025-11-02T20:54:50.923+0000][gc,phases     ] GC(90)   Pre Evacuate Collection Set: 0.1ms
[2025-11-02T20:54:50.923+0000][gc,phases     ] GC(90)   Evacuate Collection Set: 23.3ms
[2025-11-02T20:54:50.925+0000][gc,phases     ] GC(90)   Post Evacuate Collection Set: 3.7ms
[2025-11-02T20:54:50.926+0000][gc,phases     ] GC(90)   Other: 3.5ms
[2025-11-02T20:54:50.927+0000][gc,heap       ] GC(90) Eden regions: 29->0(29)
[2025-11-02T20:54:50.928+0000][gc,heap       ] GC(90) Survivor regions: 2->2(4)
[2025-11-02T20:54:50.930+0000][gc,heap       ] GC(90) Old regions: 16->16
[2025-11-02T20:54:50.931+0000][gc,heap       ] GC(90) Humongous regions: 144->144
[2025-11-02T20:54:50.934+0000][gc,metaspace  ] GC(90) Metaspace: 48474K(50480K)->48474K(50480K) NonClass: 42955K(43952K)->42955K(43952K) Class: 5519K(6528K)->5519K(6528K)
[2025-11-02T20:54:50.935+0000][gc            ] GC(90) Pause Young (Normal) (G1 Evacuation Pause) 190M->161M(632M) 42.837ms
[2025-11-02T20:54:50.936+0000][gc,cpu        ] GC(90) User=0.04s Sys=0.00s Real=0.04s
[2025-11-02T20:54:51.063+0000][gc,start      ] GC(91) Pause Young (Normal) (G1 Evacuation Pause)
[2025-11-02T20:54:51.064+0000][gc,task       ] GC(91) Using 2 workers of 2 for evacuation
[2025-11-02T20:54:51.086+0000][gc,mmu        ] GC(91) MMU target violated: 21.0ms (20.0ms/21.0ms)
[2025-11-02T20:54:51.087+0000][gc,phases     ] GC(91)   Pre Evacuate Collection Set: 0.1ms
[2025-11-02T20:54:51.088+0000][gc,phases     ] GC(91)   Evacuate Collection Set: 15.4ms
[2025-11-02T20:54:51.089+0000][gc,phases     ] GC(91)   Post Evacuate Collection Set: 5.8ms
[2025-11-02T20:54:51.090+0000][gc,phases     ] GC(91)   Other: 2.9ms
[2025-11-02T20:54:51.091+0000][gc,heap       ] GC(91) Eden regions: 29->0(29)
[2025-11-02T20:54:51.091+0000][gc,heap       ] GC(91) Survivor regions: 2->2(4)
[2025-11-02T20:54:51.092+0000][gc,heap       ] GC(91) Old regions: 16->16
[2025-11-02T20:54:51.093+0000][gc,heap       ] GC(91) Humongous regions: 150->144
[2025-11-02T20:54:51.093+0000][gc,metaspace  ] GC(91) Metaspace: 48476K(50480K)->48476K(50480K) NonClass: 42956K(43952K)->42956K(43952K) Class: 5519K(6528K)->5519K(6528K)
[2025-11-02T20:54:51.095+0000][gc            ] GC(91) Pause Young (Normal) (G1 Evacuation Pause) 196M->161M(632M) 31.373ms
[2025-11-02T20:54:51.095+0000][gc,cpu        ] GC(91) User=0.04s Sys=0.01s Real=0.03s
[2025-11-02T20:54:51.238+0000][gc,start      ] GC(92) Pause Young (Normal) (G1 Evacuation Pause)
[2025-11-02T20:54:51.239+0000][gc,task       ] GC(92) Using 2 workers of 2 for evacuation
[2025-11-02T20:54:51.313+0000][gc,mmu        ] GC(92) MMU target violated: 21.0ms (20.0ms/21.0ms)
[2025-11-02T20:54:51.314+0000][gc,phases     ] GC(92)   Pre Evacuate Collection Set: 0.1ms
[2025-11-02T20:54:51.317+0000][gc,phases     ] GC(92)   Evacuate Collection Set: 69.2ms
[2025-11-02T20:54:51.318+0000][gc,phases     ] GC(92)   Post Evacuate Collection Set: 3.5ms
[2025-11-02T20:54:51.321+0000][gc,phases     ] GC(92)   Other: 3.3ms
[2025-11-02T20:54:51.322+0000][gc,heap       ] GC(92) Eden regions: 29->0(29)
[2025-11-02T20:54:51.324+0000][gc,heap       ] GC(92) Survivor regions: 2->2(4)
[2025-11-02T20:54:51.325+0000][gc,heap       ] GC(92) Old regions: 16->16
[2025-11-02T20:54:51.326+0000][gc,heap       ] GC(92) Humongous regions: 150->144
[2025-11-02T20:54:51.327+0000][gc,metaspace  ] GC(92) Metaspace: 48613K(50736K)->48613K(50736K) NonClass: 43093K(44208K)->43093K(44208K) Class: 5519K(6528K)->5519K(6528K)
[2025-11-02T20:54:51.328+0000][gc            ] GC(92) Pause Young (Normal) (G1 Evacuation Pause) 196M->161M(632M) 89.976ms
[2025-11-02T20:54:51.330+0000][gc,cpu        ] GC(92) User=0.08s Sys=0.01s Real=0.09s
[2025-11-02T20:54:51.447+0000][gc,start      ] GC(93) Pause Young (Normal) (G1 Evacuation Pause)
[2025-11-02T20:54:51.448+0000][gc,task       ] GC(93) Using 2 workers of 2 for evacuation
[2025-11-02T20:54:51.463+0000][gc,phases     ] GC(93)   Pre Evacuate Collection Set: 0.1ms
[2025-11-02T20:54:51.463+0000][gc,phases     ] GC(93)   Evacuate Collection Set: 11.0ms
[2025-11-02T20:54:51.464+0000][gc,phases     ] GC(93)   Post Evacuate Collection Set: 1.9ms
[2025-11-02T20:54:51.465+0000][gc,phases     ] GC(93)   Other: 2.7ms
[2025-11-02T20:54:51.465+0000][gc,heap       ] GC(93) Eden regions: 29->0(29)
[2025-11-02T20:54:51.466+0000][gc,heap       ] GC(93) Survivor regions: 2->2(4)
[2025-11-02T20:54:51.466+0000][gc,heap       ] GC(93) Old regions: 16->16
[2025-11-02T20:54:51.467+0000][gc,heap       ] GC(93) Humongous regions: 156->144
[2025-11-02T20:54:51.467+0000][gc,metaspace  ] GC(93) Metaspace: 48614K(50736K)->48614K(50736K) NonClass: 43095K(44208K)->43095K(44208K) Class: 5519K(6528K)->5519K(6528K)
[2025-11-02T20:54:51.468+0000][gc            ] GC(93) Pause Young (Normal) (G1 Evacuation Pause) 202M->161M(632M) 20.987ms
[2025-11-02T20:54:51.469+0000][gc,cpu        ] GC(93) User=0.05s Sys=0.00s Real=0.02s
[2025-11-02T20:54:51.579+0000][gc,start      ] GC(94) Pause Young (Normal) (G1 Evacuation Pause)
[2025-11-02T20:54:51.580+0000][gc,task       ] GC(94) Using 2 workers of 2 for evacuation
[2025-11-02T20:54:51.604+0000][gc,mmu        ] GC(94) MMU target violated: 21.0ms (20.0ms/21.0ms)
[2025-11-02T20:54:51.605+0000][gc,phases     ] GC(94)   Pre Evacuate Collection Set: 0.1ms
[2025-11-02T20:54:51.605+0000][gc,phases     ] GC(94)   Evacuate Collection Set: 20.2ms
[2025-11-02T20:54:51.606+0000][gc,phases     ] GC(94)   Post Evacuate Collection Set: 2.1ms
[2025-11-02T20:54:51.606+0000][gc,phases     ] GC(94)   Other: 2.9ms
[2025-11-02T20:54:51.607+0000][gc,heap       ] GC(94) Eden regions: 29->0(29)
[2025-11-02T20:54:51.608+0000][gc,heap       ] GC(94) Survivor regions: 2->2(4)
[2025-11-02T20:54:51.608+0000][gc,heap       ] GC(94) Old regions: 16->16
[2025-11-02T20:54:51.609+0000][gc,heap       ] GC(94) Humongous regions: 150->144
[2025-11-02T20:54:51.609+0000][gc,metaspace  ] GC(94) Metaspace: 48628K(50736K)->48628K(50736K) NonClass: 43108K(44208K)->43108K(44208K) Class: 5519K(6528K)->5519K(6528K)
[2025-11-02T20:54:51.610+0000][gc            ] GC(94) Pause Young (Normal) (G1 Evacuation Pause) 196M->161M(632M) 30.447ms
[2025-11-02T20:54:51.610+0000][gc,cpu        ] GC(94) User=0.03s Sys=0.00s Real=0.04s
[2025-11-02T20:54:51.733+0000][gc,start      ] GC(95) Pause Young (Normal) (G1 Evacuation Pause)
[2025-11-02T20:54:51.734+0000][gc,task       ] GC(95) Using 2 workers of 2 for evacuation
[2025-11-02T20:54:51.747+0000][gc,phases     ] GC(95)   Pre Evacuate Collection Set: 0.1ms
[2025-11-02T20:54:51.749+0000][gc,phases     ] GC(95)   Evacuate Collection Set: 9.6ms
[2025-11-02T20:54:51.749+0000][gc,phases     ] GC(95)   Post Evacuate Collection Set: 2.3ms
[2025-11-02T20:54:51.751+0000][gc,phases     ] GC(95)   Other: 2.1ms
[2025-11-02T20:54:51.751+0000][gc,heap       ] GC(95) Eden regions: 29->0(29)
[2025-11-02T20:54:51.752+0000][gc,heap       ] GC(95) Survivor regions: 2->2(4)
[2025-11-02T20:54:51.753+0000][gc,heap       ] GC(95) Old regions: 16->16
[2025-11-02T20:54:51.753+0000][gc,heap       ] GC(95) Humongous regions: 156->144
[2025-11-02T20:54:51.754+0000][gc,metaspace  ] GC(95) Metaspace: 48633K(50736K)->48633K(50736K) NonClass: 43114K(44208K)->43114K(44208K) Class: 5519K(6528K)->5519K(6528K)
[2025-11-02T20:54:51.754+0000][gc            ] GC(95) Pause Young (Normal) (G1 Evacuation Pause) 202M->161M(632M) 21.741ms
[2025-11-02T20:54:51.755+0000][gc,cpu        ] GC(95) User=0.03s Sys=0.00s Real=0.02s
[2025-11-02T20:54:52.005+0000][gc,start      ] GC(96) Pause Young (Normal) (G1 Evacuation Pause)
[2025-11-02T20:54:52.006+0000][gc,task       ] GC(96) Using 2 workers of 2 for evacuation
[2025-11-02T20:54:52.021+0000][gc,phases     ] GC(96)   Pre Evacuate Collection Set: 0.3ms
[2025-11-02T20:54:52.022+0000][gc,phases     ] GC(96)   Evacuate Collection Set: 11.6ms
[2025-11-02T20:54:52.023+0000][gc,phases     ] GC(96)   Post Evacuate Collection Set: 3.0ms
[2025-11-02T20:54:52.024+0000][gc,phases     ] GC(96)   Other: 1.6ms
[2025-11-02T20:54:52.025+0000][gc,heap       ] GC(96) Eden regions: 29->0(29)
[2025-11-02T20:54:52.026+0000][gc,heap       ] GC(96) Survivor regions: 2->2(4)
[2025-11-02T20:54:52.027+0000][gc,heap       ] GC(96) Old regions: 16->16
[2025-11-02T20:54:52.028+0000][gc,heap       ] GC(96) Humongous regions: 150->144
[2025-11-02T20:54:52.029+0000][gc,metaspace  ] GC(96) Metaspace: 48643K(50736K)->48643K(50736K) NonClass: 43119K(44208K)->43119K(44208K) Class: 5523K(6528K)->5523K(6528K)
[2025-11-02T20:54:52.029+0000][gc            ] GC(96) Pause Young (Normal) (G1 Evacuation Pause) 196M->161M(632M) 24.506ms
[2025-11-02T20:54:52.030+0000][gc,cpu        ] GC(96) User=0.05s Sys=0.00s Real=0.02s
[2025-11-02T20:54:52.152+0000][gc,start      ] GC(97) Pause Young (Normal) (G1 Evacuation Pause)
[2025-11-02T20:54:52.154+0000][gc,task       ] GC(97) Using 2 workers of 2 for evacuation
[2025-11-02T20:54:52.173+0000][gc,phases     ] GC(97)   Pre Evacuate Collection Set: 0.1ms
[2025-11-02T20:54:52.175+0000][gc,phases     ] GC(97)   Evacuate Collection Set: 14.6ms
[2025-11-02T20:54:52.176+0000][gc,phases     ] GC(97)   Post Evacuate Collection Set: 2.6ms
[2025-11-02T20:54:52.176+0000][gc,phases     ] GC(97)   Other: 4.0ms
[2025-11-02T20:54:52.177+0000][gc,heap       ] GC(97) Eden regions: 29->0(29)
[2025-11-02T20:54:52.178+0000][gc,heap       ] GC(97) Survivor regions: 2->2(4)
[2025-11-02T20:54:52.178+0000][gc,heap       ] GC(97) Old regions: 16->16
[2025-11-02T20:54:52.179+0000][gc,heap       ] GC(97) Humongous regions: 150->144
[2025-11-02T20:54:52.180+0000][gc,metaspace  ] GC(97) Metaspace: 48643K(50736K)->48643K(50736K) NonClass: 43120K(44208K)->43120K(44208K) Class: 5523K(6528K)->5523K(6528K)
[2025-11-02T20:54:52.180+0000][gc            ] GC(97) Pause Young (Normal) (G1 Evacuation Pause) 196M->161M(632M) 28.515ms
[2025-11-02T20:54:52.181+0000][gc,cpu        ] GC(97) User=0.06s Sys=0.00s Real=0.03s
[2025-11-02T20:54:52.334+0000][gc,start      ] GC(98) Pause Young (Normal) (G1 Evacuation Pause)
[2025-11-02T20:54:52.334+0000][gc,task       ] GC(98) Using 2 workers of 2 for evacuation
[2025-11-02T20:54:52.349+0000][gc,phases     ] GC(98)   Pre Evacuate Collection Set: 0.1ms
[2025-11-02T20:54:52.350+0000][gc,phases     ] GC(98)   Evacuate Collection Set: 11.7ms
[2025-11-02T20:54:52.352+0000][gc,phases     ] GC(98)   Post Evacuate Collection Set: 1.8ms
[2025-11-02T20:54:52.353+0000][gc,phases     ] GC(98)   Other: 2.1ms
[2025-11-02T20:54:52.353+0000][gc,heap       ] GC(98) Eden regions: 29->0(30)
[2025-11-02T20:54:52.354+0000][gc,heap       ] GC(98) Survivor regions: 2->1(4)
[2025-11-02T20:54:52.355+0000][gc,heap       ] GC(98) Old regions: 16->17
[2025-11-02T20:54:52.356+0000][gc,heap       ] GC(98) Humongous regions: 156->144
[2025-11-02T20:54:52.356+0000][gc,metaspace  ] GC(98) Metaspace: 48663K(50736K)->48663K(50736K) NonClass: 43140K(44208K)->43140K(44208K) Class: 5523K(6528K)->5523K(6528K)
[2025-11-02T20:54:52.357+0000][gc            ] GC(98) Pause Young (Normal) (G1 Evacuation Pause) 202M->161M(632M) 23.217ms
[2025-11-02T20:54:52.358+0000][gc,cpu        ] GC(98) User=0.04s Sys=0.01s Real=0.02s
[2025-11-02T20:54:52.457+0000][gc,start      ] GC(99) Pause Young (Normal) (G1 Evacuation Pause)
[2025-11-02T20:54:52.457+0000][gc,task       ] GC(99) Using 2 workers of 2 for evacuation
[2025-11-02T20:54:52.469+0000][gc,phases     ] GC(99)   Pre Evacuate Collection Set: 0.1ms
[2025-11-02T20:54:52.469+0000][gc,phases     ] GC(99)   Evacuate Collection Set: 4.2ms
[2025-11-02T20:54:52.470+0000][gc,phases     ] GC(99)   Post Evacuate Collection Set: 6.9ms
[2025-11-02T20:54:52.471+0000][gc,phases     ] GC(99)   Other: 1.3ms
[2025-11-02T20:54:52.471+0000][gc,heap       ] GC(99) Eden regions: 30->0(33)
[2025-11-02T20:54:52.472+0000][gc,heap       ] GC(99) Survivor regions: 1->1(4)
[2025-11-02T20:54:52.472+0000][gc,heap       ] GC(99) Old regions: 17->17
[2025-11-02T20:54:52.472+0000][gc,heap       ] GC(99) Humongous regions: 144->144
[2025-11-02T20:54:52.473+0000][gc,metaspace  ] GC(99) Metaspace: 48669K(50736K)->48669K(50736K) NonClass: 43146K(44208K)->43146K(44208K) Class: 5523K(6528K)->5523K(6528K)
[2025-11-02T20:54:52.473+0000][gc            ] GC(99) Pause Young (Normal) (G1 Evacuation Pause) 191M->161M(693M) 16.755ms
[2025-11-02T20:54:52.474+0000][gc,cpu        ] GC(99) User=0.01s Sys=0.00s Real=0.02s
[2025-11-02T20:54:52.654+0000][gc,start      ] GC(100) Pause Young (Normal) (G1 Evacuation Pause)
[2025-11-02T20:54:52.655+0000][gc,task       ] GC(100) Using 2 workers of 2 for evacuation
[2025-11-02T20:54:52.760+0000][gc,mmu        ] GC(100) MMU target violated: 21.0ms (20.0ms/21.0ms)
[2025-11-02T20:54:52.771+0000][gc,phases     ] GC(100)   Pre Evacuate Collection Set: 0.1ms
[2025-11-02T20:54:52.772+0000][gc,phases     ] GC(100)   Evacuate Collection Set: 6.8ms
[2025-11-02T20:54:52.774+0000][gc,phases     ] GC(100)   Post Evacuate Collection Set: 97.4ms
[2025-11-02T20:54:52.775+0000][gc,phases     ] GC(100)   Other: 13.2ms
[2025-11-02T20:54:52.775+0000][gc,heap       ] GC(100) Eden regions: 33->0(33)
[2025-11-02T20:54:52.776+0000][gc,heap       ] GC(100) Survivor regions: 1->1(5)
[2025-11-02T20:54:52.776+0000][gc,heap       ] GC(100) Old regions: 17->18
[2025-11-02T20:54:52.776+0000][gc,heap       ] GC(100) Humongous regions: 150->144
[2025-11-02T20:54:52.777+0000][gc,metaspace  ] GC(100) Metaspace: 48679K(50736K)->48679K(50736K) NonClass: 43155K(44208K)->43155K(44208K) Class: 5523K(6528K)->5523K(6528K)
[2025-11-02T20:54:52.778+0000][gc            ] GC(100) Pause Young (Normal) (G1 Evacuation Pause) 200M->161M(693M) 124.127ms
[2025-11-02T20:54:52.778+0000][gc,cpu        ] GC(100) User=0.13s Sys=0.02s Real=0.12s
[2025-11-02T20:54:52.886+0000][gc,start      ] GC(101) Pause Young (Normal) (G1 Evacuation Pause)
[2025-11-02T20:54:52.886+0000][gc,task       ] GC(101) Using 2 workers of 2 for evacuation
[2025-11-02T20:54:52.894+0000][gc,phases     ] GC(101)   Pre Evacuate Collection Set: 0.1ms
[2025-11-02T20:54:52.894+0000][gc,phases     ] GC(101)   Evacuate Collection Set: 3.8ms
[2025-11-02T20:54:52.895+0000][gc,phases     ] GC(101)   Post Evacuate Collection Set: 2.9ms
[2025-11-02T20:54:52.896+0000][gc,phases     ] GC(101)   Other: 1.0ms
[2025-11-02T20:54:52.897+0000][gc,heap       ] GC(101) Eden regions: 33->0(33)
[2025-11-02T20:54:52.898+0000][gc,heap       ] GC(101) Survivor regions: 1->1(5)
[2025-11-02T20:54:52.900+0000][gc,heap       ] GC(101) Old regions: 18->18
[2025-11-02T20:54:52.900+0000][gc,heap       ] GC(101) Humongous regions: 150->144
[2025-11-02T20:54:52.901+0000][gc,metaspace  ] GC(101) Metaspace: 48684K(50736K)->48684K(50736K) NonClass: 43161K(44208K)->43161K(44208K) Class: 5523K(6528K)->5523K(6528K)
[2025-11-02T20:54:52.902+0000][gc            ] GC(101) Pause Young (Normal) (G1 Evacuation Pause) 200M->161M(693M) 15.780ms
[2025-11-02T20:54:52.903+0000][gc,cpu        ] GC(101) User=0.02s Sys=0.00s Real=0.02s
[2025-11-02T20:54:52.970+0000][gc,start      ] GC(102) Pause Young (Normal) (G1 Evacuation Pause)
[2025-11-02T20:54:52.971+0000][gc,task       ] GC(102) Using 2 workers of 2 for evacuation
[2025-11-02T20:54:52.977+0000][gc,phases     ] GC(102)   Pre Evacuate Collection Set: 0.0ms
[2025-11-02T20:54:52.977+0000][gc,phases     ] GC(102)   Evacuate Collection Set: 4.0ms
[2025-11-02T20:54:52.978+0000][gc,phases     ] GC(102)   Post Evacuate Collection Set: 1.2ms
[2025-11-02T20:54:52.978+0000][gc,phases     ] GC(102)   Other: 1.2ms
[2025-11-02T20:54:52.979+0000][gc,heap       ] GC(102) Eden regions: 33->0(33)
[2025-11-02T20:54:52.979+0000][gc,heap       ] GC(102) Survivor regions: 1->1(5)
[2025-11-02T20:54:52.979+0000][gc,heap       ] GC(102) Old regions: 18->18
[2025-11-02T20:54:52.980+0000][gc,heap       ] GC(102) Humongous regions: 150->144
[2025-11-02T20:54:52.980+0000][gc,metaspace  ] GC(102) Metaspace: 48686K(50736K)->48686K(50736K) NonClass: 43163K(44208K)->43163K(44208K) Class: 5523K(6528K)->5523K(6528K)
[2025-11-02T20:54:52.981+0000][gc            ] GC(102) Pause Young (Normal) (G1 Evacuation Pause) 200M->161M(693M) 10.229ms
[2025-11-02T20:54:52.981+0000][gc,cpu        ] GC(102) User=0.00s Sys=0.00s Real=0.01s
[2025-11-02T20:54:53.133+0000][gc,start      ] GC(103) Pause Young (Normal) (G1 Evacuation Pause)
[2025-11-02T20:54:53.133+0000][gc,task       ] GC(103) Using 2 workers of 2 for evacuation
[2025-11-02T20:54:53.141+0000][gc,phases     ] GC(103)   Pre Evacuate Collection Set: 0.0ms
[2025-11-02T20:54:53.141+0000][gc,phases     ] GC(103)   Evacuate Collection Set: 4.4ms
[2025-11-02T20:54:53.142+0000][gc,phases     ] GC(103)   Post Evacuate Collection Set: 2.3ms
[2025-11-02T20:54:53.142+0000][gc,phases     ] GC(103)   Other: 1.2ms
[2025-11-02T20:54:53.143+0000][gc,heap       ] GC(103) Eden regions: 33->0(33)
[2025-11-02T20:54:53.144+0000][gc,heap       ] GC(103) Survivor regions: 1->1(5)
[2025-11-02T20:54:53.145+0000][gc,heap       ] GC(103) Old regions: 18->18
[2025-11-02T20:54:53.146+0000][gc,heap       ] GC(103) Humongous regions: 156->144
[2025-11-02T20:54:53.146+0000][gc,metaspace  ] GC(103) Metaspace: 48688K(50736K)->48688K(50736K) NonClass: 43164K(44208K)->43164K(44208K) Class: 5523K(6528K)->5523K(6528K)
[2025-11-02T20:54:53.148+0000][gc            ] GC(103) Pause Young (Normal) (G1 Evacuation Pause) 206M->161M(693M) 15.586ms
[2025-11-02T20:54:53.152+0000][gc,cpu        ] GC(103) User=0.01s Sys=0.00s Real=0.02s
[2025-11-02T20:54:53.250+0000][gc,start      ] GC(104) Pause Young (Normal) (G1 Evacuation Pause)
[2025-11-02T20:54:53.251+0000][gc,task       ] GC(104) Using 2 workers of 2 for evacuation
[2025-11-02T20:54:53.258+0000][gc,phases     ] GC(104)   Pre Evacuate Collection Set: 0.1ms
[2025-11-02T20:54:53.258+0000][gc,phases     ] GC(104)   Evacuate Collection Set: 3.9ms
[2025-11-02T20:54:53.259+0000][gc,phases     ] GC(104)   Post Evacuate Collection Set: 1.9ms
[2025-11-02T20:54:53.260+0000][gc,phases     ] GC(104)   Other: 2.0ms
[2025-11-02T20:54:53.261+0000][gc,heap       ] GC(104) Eden regions: 33->0(34)
[2025-11-02T20:54:53.261+0000][gc,heap       ] GC(104) Survivor regions: 1->1(5)
[2025-11-02T20:54:53.262+0000][gc,heap       ] GC(104) Old regions: 18->18
[2025-11-02T20:54:53.263+0000][gc,heap       ] GC(104) Humongous regions: 150->144
[2025-11-02T20:54:53.263+0000][gc,metaspace  ] GC(104) Metaspace: 48696K(50736K)->48696K(50736K) NonClass: 43173K(44208K)->43173K(44208K) Class: 5523K(6528K)->5523K(6528K)
[2025-11-02T20:54:53.264+0000][gc            ] GC(104) Pause Young (Normal) (G1 Evacuation Pause) 200M->161M(693M) 13.969ms
[2025-11-02T20:54:53.265+0000][gc,cpu        ] GC(104) User=0.01s Sys=0.01s Real=0.02s
[2025-11-02T20:54:53.341+0000][gc,start      ] GC(105) Pause Young (Normal) (G1 Evacuation Pause)
[2025-11-02T20:54:53.341+0000][gc,task       ] GC(105) Using 2 workers of 2 for evacuation
[2025-11-02T20:54:53.354+0000][gc,phases     ] GC(105)   Pre Evacuate Collection Set: 0.1ms
[2025-11-02T20:54:53.356+0000][gc,phases     ] GC(105)   Evacuate Collection Set: 8.6ms
[2025-11-02T20:54:53.356+0000][gc,phases     ] GC(105)   Post Evacuate Collection Set: 3.8ms
[2025-11-02T20:54:53.361+0000][gc,phases     ] GC(105)   Other: 1.3ms
[2025-11-02T20:54:53.362+0000][gc,heap       ] GC(105) Eden regions: 34->0(35)
[2025-11-02T20:54:53.363+0000][gc,heap       ] GC(105) Survivor regions: 1->1(5)
[2025-11-02T20:54:53.364+0000][gc,heap       ] GC(105) Old regions: 18->18
[2025-11-02T20:54:53.365+0000][gc,heap       ] GC(105) Humongous regions: 150->144
[2025-11-02T20:54:53.366+0000][gc,metaspace  ] GC(105) Metaspace: 48720K(50736K)->48720K(50736K) NonClass: 43190K(44208K)->43190K(44208K) Class: 5529K(6528K)->5529K(6528K)
[2025-11-02T20:54:53.367+0000][gc            ] GC(105) Pause Young (Normal) (G1 Evacuation Pause) 201M->161M(693M) 26.137ms
[2025-11-02T20:54:53.369+0000][gc,cpu        ] GC(105) User=0.01s Sys=0.02s Real=0.02s
[2025-11-02T20:54:53.621+0000][gc,start      ] GC(106) Pause Young (Normal) (G1 Evacuation Pause)
[2025-11-02T20:54:53.622+0000][gc,task       ] GC(106) Using 2 workers of 2 for evacuation
[2025-11-02T20:54:53.630+0000][gc,phases     ] GC(106)   Pre Evacuate Collection Set: 0.1ms
[2025-11-02T20:54:53.631+0000][gc,phases     ] GC(106)   Evacuate Collection Set: 5.1ms
[2025-11-02T20:54:53.632+0000][gc,phases     ] GC(106)   Post Evacuate Collection Set: 1.9ms
[2025-11-02T20:54:53.633+0000][gc,phases     ] GC(106)   Other: 2.1ms
[2025-11-02T20:54:53.633+0000][gc,heap       ] GC(106) Eden regions: 35->0(36)
[2025-11-02T20:54:53.634+0000][gc,heap       ] GC(106) Survivor regions: 1->1(5)
[2025-11-02T20:54:53.634+0000][gc,heap       ] GC(106) Old regions: 18->18
[2025-11-02T20:54:53.634+0000][gc,heap       ] GC(106) Humongous regions: 156->144
[2025-11-02T20:54:53.635+0000][gc,metaspace  ] GC(106) Metaspace: 48737K(50992K)->48737K(50992K) NonClass: 43206K(44464K)->43206K(44464K) Class: 5531K(6528K)->5531K(6528K)
[2025-11-02T20:54:53.635+0000][gc            ] GC(106) Pause Young (Normal) (G1 Evacuation Pause) 208M->162M(693M) 13.964ms
[2025-11-02T20:54:53.635+0000][gc,cpu        ] GC(106) User=0.01s Sys=0.00s Real=0.01s
[2025-11-02T20:54:53.805+0000][gc,start      ] GC(107) Pause Young (Normal) (G1 Evacuation Pause)
[2025-11-02T20:54:53.806+0000][gc,task       ] GC(107) Using 2 workers of 2 for evacuation
[2025-11-02T20:54:53.821+0000][gc,phases     ] GC(107)   Pre Evacuate Collection Set: 0.1ms
[2025-11-02T20:54:53.822+0000][gc,phases     ] GC(107)   Evacuate Collection Set: 5.9ms
[2025-11-02T20:54:53.825+0000][gc,phases     ] GC(107)   Post Evacuate Collection Set: 7.2ms
[2025-11-02T20:54:53.826+0000][gc,phases     ] GC(107)   Other: 3.0ms
[2025-11-02T20:54:53.827+0000][gc,heap       ] GC(107) Eden regions: 36->0(36)
[2025-11-02T20:54:53.828+0000][gc,heap       ] GC(107) Survivor regions: 1->1(5)
[2025-11-02T20:54:53.829+0000][gc,heap       ] GC(107) Old regions: 18->18
[2025-11-02T20:54:53.829+0000][gc,heap       ] GC(107) Humongous regions: 150->144
[2025-11-02T20:54:53.830+0000][gc,metaspace  ] GC(107) Metaspace: 48742K(50992K)->48742K(50992K) NonClass: 43211K(44464K)->43211K(44464K) Class: 5531K(6528K)->5531K(6528K)
[2025-11-02T20:54:53.831+0000][gc            ] GC(107) Pause Young (Normal) (G1 Evacuation Pause) 204M->162M(693M) 26.223ms
[2025-11-02T20:54:53.833+0000][gc,cpu        ] GC(107) User=0.02s Sys=0.00s Real=0.03s
[2025-11-02T20:54:53.954+0000][gc,start      ] GC(108) Pause Young (Normal) (G1 Evacuation Pause)
[2025-11-02T20:54:53.955+0000][gc,task       ] GC(108) Using 2 workers of 2 for evacuation
[2025-11-02T20:54:53.963+0000][gc,phases     ] GC(108)   Pre Evacuate Collection Set: 0.1ms
[2025-11-02T20:54:53.964+0000][gc,phases     ] GC(108)   Evacuate Collection Set: 5.8ms
[2025-11-02T20:54:53.964+0000][gc,phases     ] GC(108)   Post Evacuate Collection Set: 1.0ms
[2025-11-02T20:54:53.965+0000][gc,phases     ] GC(108)   Other: 2.0ms
[2025-11-02T20:54:53.967+0000][gc,heap       ] GC(108) Eden regions: 36->0(37)
[2025-11-02T20:54:53.967+0000][gc,heap       ] GC(108) Survivor regions: 1->1(5)
[2025-11-02T20:54:53.968+0000][gc,heap       ] GC(108) Old regions: 18->18
[2025-11-02T20:54:53.968+0000][gc,heap       ] GC(108) Humongous regions: 144->144
[2025-11-02T20:54:53.969+0000][gc,metaspace  ] GC(108) Metaspace: 48742K(50992K)->48742K(50992K) NonClass: 43211K(44464K)->43211K(44464K) Class: 5531K(6528K)->5531K(6528K)
[2025-11-02T20:54:53.970+0000][gc            ] GC(108) Pause Young (Normal) (G1 Evacuation Pause) 198M->162M(693M) 15.814ms
[2025-11-02T20:54:53.971+0000][gc,cpu        ] GC(108) User=0.01s Sys=0.00s Real=0.02s
[2025-11-02T20:54:54.104+0000][gc,start      ] GC(109) Pause Young (Normal) (G1 Evacuation Pause)
[2025-11-02T20:54:54.105+0000][gc,task       ] GC(109) Using 2 workers of 2 for evacuation
[2025-11-02T20:54:54.115+0000][gc,phases     ] GC(109)   Pre Evacuate Collection Set: 0.1ms
[2025-11-02T20:54:54.117+0000][gc,phases     ] GC(109)   Evacuate Collection Set: 5.4ms
[2025-11-02T20:54:54.118+0000][gc,phases     ] GC(109)   Post Evacuate Collection Set: 2.2ms
[2025-11-02T20:54:54.120+0000][gc,phases     ] GC(109)   Other: 3.0ms
[2025-11-02T20:54:54.120+0000][gc,heap       ] GC(109) Eden regions: 37->0(38)
[2025-11-02T20:54:54.121+0000][gc,heap       ] GC(109) Survivor regions: 1->1(5)
[2025-11-02T20:54:54.122+0000][gc,heap       ] GC(109) Old regions: 18->18
[2025-11-02T20:54:54.122+0000][gc,heap       ] GC(109) Humongous regions: 156->144
[2025-11-02T20:54:54.123+0000][gc,metaspace  ] GC(109) Metaspace: 48752K(50992K)->48752K(50992K) NonClass: 43221K(44464K)->43221K(44464K) Class: 5531K(6528K)->5531K(6528K)
[2025-11-02T20:54:54.124+0000][gc            ] GC(109) Pause Young (Normal) (G1 Evacuation Pause) 211M->162M(693M) 19.347ms
[2025-11-02T20:54:54.124+0000][gc,cpu        ] GC(109) User=0.02s Sys=0.01s Real=0.02s
[2025-11-02T20:54:54.281+0000][gc,start      ] GC(110) Pause Young (Normal) (G1 Evacuation Pause)
[2025-11-02T20:54:54.281+0000][gc,task       ] GC(110) Using 2 workers of 2 for evacuation
[2025-11-02T20:54:54.291+0000][gc,phases     ] GC(110)   Pre Evacuate Collection Set: 0.1ms
[2025-11-02T20:54:54.292+0000][gc,phases     ] GC(110)   Evacuate Collection Set: 7.1ms
[2025-11-02T20:54:54.293+0000][gc,phases     ] GC(110)   Post Evacuate Collection Set: 2.0ms
[2025-11-02T20:54:54.293+0000][gc,phases     ] GC(110)   Other: 1.5ms
[2025-11-02T20:54:54.294+0000][gc,heap       ] GC(110) Eden regions: 38->0(39)
[2025-11-02T20:54:54.294+0000][gc,heap       ] GC(110) Survivor regions: 1->1(5)
[2025-11-02T20:54:54.295+0000][gc,heap       ] GC(110) Old regions: 18->18
[2025-11-02T20:54:54.295+0000][gc,heap       ] GC(110) Humongous regions: 156->144
[2025-11-02T20:54:54.296+0000][gc,metaspace  ] GC(110) Metaspace: 48759K(50992K)->48759K(50992K) NonClass: 43228K(44464K)->43228K(44464K) Class: 5531K(6528K)->5531K(6528K)
[2025-11-02T20:54:54.296+0000][gc            ] GC(110) Pause Young (Normal) (G1 Evacuation Pause) 212M->162M(693M) 15.559ms
[2025-11-02T20:54:54.298+0000][gc,cpu        ] GC(110) User=0.01s Sys=0.00s Real=0.01s
[2025-11-02T20:54:54.386+0000][gc,start      ] GC(111) Pause Young (Normal) (G1 Evacuation Pause)
[2025-11-02T20:54:54.387+0000][gc,task       ] GC(111) Using 2 workers of 2 for evacuation
[2025-11-02T20:54:54.393+0000][gc,phases     ] GC(111)   Pre Evacuate Collection Set: 0.2ms
[2025-11-02T20:54:54.393+0000][gc,phases     ] GC(111)   Evacuate Collection Set: 3.1ms
[2025-11-02T20:54:54.394+0000][gc,phases     ] GC(111)   Post Evacuate Collection Set: 2.0ms
[2025-11-02T20:54:54.394+0000][gc,phases     ] GC(111)   Other: 1.6ms
[2025-11-02T20:54:54.395+0000][gc,heap       ] GC(111) Eden regions: 39->0(41)
[2025-11-02T20:54:54.395+0000][gc,heap       ] GC(111) Survivor regions: 1->1(5)
[2025-11-02T20:54:54.396+0000][gc,heap       ] GC(111) Old regions: 18->18
[2025-11-02T20:54:54.396+0000][gc,heap       ] GC(111) Humongous regions: 144->144
[2025-11-02T20:54:54.397+0000][gc,metaspace  ] GC(111) Metaspace: 48759K(50992K)->48759K(50992K) NonClass: 43228K(44464K)->43228K(44464K) Class: 5531K(6528K)->5531K(6528K)
[2025-11-02T20:54:54.397+0000][gc            ] GC(111) Pause Young (Normal) (G1 Evacuation Pause) 201M->162M(693M) 11.482ms
[2025-11-02T20:54:54.398+0000][gc,cpu        ] GC(111) User=0.01s Sys=0.00s Real=0.01s
[2025-11-02T20:54:54.529+0000][gc,start      ] GC(112) Pause Young (Normal) (G1 Evacuation Pause)
[2025-11-02T20:54:54.536+0000][gc,task       ] GC(112) Using 2 workers of 2 for evacuation
[2025-11-02T20:54:54.546+0000][gc,phases     ] GC(112)   Pre Evacuate Collection Set: 0.1ms
[2025-11-02T20:54:54.547+0000][gc,phases     ] GC(112)   Evacuate Collection Set: 4.3ms
[2025-11-02T20:54:54.548+0000][gc,phases     ] GC(112)   Post Evacuate Collection Set: 1.5ms
[2025-11-02T20:54:54.551+0000][gc,phases     ] GC(112)   Other: 11.2ms
[2025-11-02T20:54:54.552+0000][gc,heap       ] GC(112) Eden regions: 41->0(43)
[2025-11-02T20:54:54.552+0000][gc,heap       ] GC(112) Survivor regions: 1->1(6)
[2025-11-02T20:54:54.553+0000][gc,heap       ] GC(112) Old regions: 18->18
[2025-11-02T20:54:54.553+0000][gc,heap       ] GC(112) Humongous regions: 144->144
[2025-11-02T20:54:54.554+0000][gc,metaspace  ] GC(112) Metaspace: 48759K(50992K)->48759K(50992K) NonClass: 43228K(44464K)->43228K(44464K) Class: 5531K(6528K)->5531K(6528K)
[2025-11-02T20:54:54.555+0000][gc            ] GC(112) Pause Young (Normal) (G1 Evacuation Pause) 203M->162M(693M) 25.322ms
[2025-11-02T20:54:54.555+0000][gc,cpu        ] GC(112) User=0.01s Sys=0.00s Real=0.03s
[2025-11-02T20:54:54.688+0000][gc,start      ] GC(113) Pause Young (Normal) (G1 Evacuation Pause)
[2025-11-02T20:54:54.689+0000][gc,task       ] GC(113) Using 2 workers of 2 for evacuation
[2025-11-02T20:54:54.697+0000][gc,phases     ] GC(113)   Pre Evacuate Collection Set: 0.1ms
[2025-11-02T20:54:54.697+0000][gc,phases     ] GC(113)   Evacuate Collection Set: 4.7ms
[2025-11-02T20:54:54.698+0000][gc,phases     ] GC(113)   Post Evacuate Collection Set: 2.0ms
[2025-11-02T20:54:54.698+0000][gc,phases     ] GC(113)   Other: 1.5ms
[2025-11-02T20:54:54.699+0000][gc,heap       ] GC(113) Eden regions: 43->0(45)
[2025-11-02T20:54:54.700+0000][gc,heap       ] GC(113) Survivor regions: 1->1(6)
[2025-11-02T20:54:54.700+0000][gc,heap       ] GC(113) Old regions: 18->18
[2025-11-02T20:54:54.701+0000][gc,heap       ] GC(113) Humongous regions: 156->144
[2025-11-02T20:54:54.702+0000][gc,metaspace  ] GC(113) Metaspace: 48762K(50992K)->48762K(50992K) NonClass: 43231K(44464K)->43231K(44464K) Class: 5531K(6528K)->5531K(6528K)
[2025-11-02T20:54:54.702+0000][gc            ] GC(113) Pause Young (Normal) (G1 Evacuation Pause) 217M->162M(693M) 13.769ms
[2025-11-02T20:54:54.703+0000][gc,cpu        ] GC(113) User=0.01s Sys=0.00s Real=0.02s
[2025-11-02T20:54:54.820+0000][gc,start      ] GC(114) Pause Young (Normal) (G1 Evacuation Pause)
[2025-11-02T20:54:54.821+0000][gc,task       ] GC(114) Using 2 workers of 2 for evacuation
[2025-11-02T20:54:54.826+0000][gc,phases     ] GC(114)   Pre Evacuate Collection Set: 0.1ms
[2025-11-02T20:54:54.828+0000][gc,phases     ] GC(114)   Evacuate Collection Set: 3.1ms
[2025-11-02T20:54:54.828+0000][gc,phases     ] GC(114)   Post Evacuate Collection Set: 1.7ms
[2025-11-02T20:54:54.829+0000][gc,phases     ] GC(114)   Other: 1.3ms
[2025-11-02T20:54:54.829+0000][gc,heap       ] GC(114) Eden regions: 45->0(47)
[2025-11-02T20:54:54.830+0000][gc,heap       ] GC(114) Survivor regions: 1->1(6)
[2025-11-02T20:54:54.830+0000][gc,heap       ] GC(114) Old regions: 18->18
[2025-11-02T20:54:54.831+0000][gc,heap       ] GC(114) Humongous regions: 156->144
[2025-11-02T20:54:54.831+0000][gc,metaspace  ] GC(114) Metaspace: 48771K(50992K)->48771K(50992K) NonClass: 43240K(44464K)->43240K(44464K) Class: 5531K(6528K)->5531K(6528K)
[2025-11-02T20:54:54.832+0000][gc            ] GC(114) Pause Young (Normal) (G1 Evacuation Pause) 219M->162M(693M) 11.390ms
[2025-11-02T20:54:54.832+0000][gc,cpu        ] GC(114) User=0.01s Sys=0.01s Real=0.01s
[2025-11-02T20:55:49.176+0000][gc,start      ] GC(115) Pause Young (Normal) (G1 Evacuation Pause)
[2025-11-02T20:55:49.177+0000][gc,task       ] GC(115) Using 2 workers of 2 for evacuation
[2025-11-02T20:55:49.190+0000][gc,phases     ] GC(115)   Pre Evacuate Collection Set: 0.0ms
[2025-11-02T20:55:49.190+0000][gc,phases     ] GC(115)   Evacuate Collection Set: 11.1ms
[2025-11-02T20:55:49.191+0000][gc,phases     ] GC(115)   Post Evacuate Collection Set: 1.6ms
[2025-11-02T20:55:49.191+0000][gc,phases     ] GC(115)   Other: 1.6ms
[2025-11-02T20:55:49.192+0000][gc,heap       ] GC(115) Eden regions: 47->0(46)
[2025-11-02T20:55:49.192+0000][gc,heap       ] GC(115) Survivor regions: 1->3(6)
[2025-11-02T20:55:49.192+0000][gc,heap       ] GC(115) Old regions: 18->18
[2025-11-02T20:55:49.193+0000][gc,heap       ] GC(115) Humongous regions: 144->138
[2025-11-02T20:55:49.193+0000][gc,metaspace  ] GC(115) Metaspace: 50915K(53296K)->50915K(53296K) NonClass: 45029K(46256K)->45029K(46256K) Class: 5886K(7040K)->5886K(7040K)
[2025-11-02T20:55:49.194+0000][gc            ] GC(115) Pause Young (Normal) (G1 Evacuation Pause) 209M->158M(693M) 17.955ms
[2025-11-02T20:55:49.194+0000][gc,cpu        ] GC(115) User=0.03s Sys=0.01s Real=0.02s
[2025-11-02T20:57:34.870+0000][gc,start      ] GC(116) Pause Young (Normal) (G1 Evacuation Pause)
[2025-11-02T20:57:34.871+0000][gc,task       ] GC(116) Using 2 workers of 2 for evacuation
[2025-11-02T20:57:34.885+0000][gc,phases     ] GC(116)   Pre Evacuate Collection Set: 0.2ms
[2025-11-02T20:57:34.885+0000][gc,phases     ] GC(116)   Evacuate Collection Set: 12.1ms
[2025-11-02T20:57:34.889+0000][gc,phases     ] GC(116)   Post Evacuate Collection Set: 1.5ms
[2025-11-02T20:57:34.889+0000][gc,phases     ] GC(116)   Other: 0.9ms
[2025-11-02T20:57:34.890+0000][gc,heap       ] GC(116) Eden regions: 46->0(46)
[2025-11-02T20:57:34.890+0000][gc,heap       ] GC(116) Survivor regions: 3->4(7)
[2025-11-02T20:57:34.891+0000][gc,heap       ] GC(116) Old regions: 18->18
[2025-11-02T20:57:34.891+0000][gc,heap       ] GC(116) Humongous regions: 138->138
[2025-11-02T20:57:34.891+0000][gc,metaspace  ] GC(116) Metaspace: 52022K(54832K)->52022K(54832K) NonClass: 45976K(47536K)->45976K(47536K) Class: 6045K(7296K)->6045K(7296K)
[2025-11-02T20:57:34.892+0000][gc            ] GC(116) Pause Young (Normal) (G1 Evacuation Pause) 204M->159M(693M) 21.339ms
[2025-11-02T20:57:34.892+0000][gc,cpu        ] GC(116) User=0.02s Sys=0.01s Real=0.02s
[2025-11-02T20:58:54.891+0000][gc,start      ] GC(117) Pause Young (Normal) (G1 Evacuation Pause)
[2025-11-02T20:58:54.891+0000][gc,task       ] GC(117) Using 2 workers of 2 for evacuation
[2025-11-02T20:58:54.899+0000][gc,phases     ] GC(117)   Pre Evacuate Collection Set: 0.1ms
[2025-11-02T20:58:54.899+0000][gc,phases     ] GC(117)   Evacuate Collection Set: 6.3ms
[2025-11-02T20:58:54.899+0000][gc,phases     ] GC(117)   Post Evacuate Collection Set: 0.7ms
[2025-11-02T20:58:54.899+0000][gc,phases     ] GC(117)   Other: 0.6ms
[2025-11-02T20:58:54.899+0000][gc,heap       ] GC(117) Eden regions: 46->0(49)
[2025-11-02T20:58:54.899+0000][gc,heap       ] GC(117) Survivor regions: 4->4(7)
[2025-11-02T20:58:54.899+0000][gc,heap       ] GC(117) Old regions: 18->19
[2025-11-02T20:58:54.900+0000][gc,heap       ] GC(117) Humongous regions: 138->138
[2025-11-02T20:58:54.900+0000][gc,metaspace  ] GC(117) Metaspace: 52176K(54832K)->52176K(54832K) NonClass: 46130K(47536K)->46130K(47536K) Class: 6045K(7296K)->6045K(7296K)
[2025-11-02T20:58:54.900+0000][gc            ] GC(117) Pause Young (Normal) (G1 Evacuation Pause) 205M->159M(693M) 8.838ms
[2025-11-02T20:58:54.900+0000][gc,cpu        ] GC(117) User=0.01s Sys=0.00s Real=0.01s
[2025-11-02T21:00:22.824+0000][gc,start      ] GC(118) Pause Young (Normal) (G1 Evacuation Pause)
[2025-11-02T21:00:22.824+0000][gc,task       ] GC(118) Using 2 workers of 2 for evacuation
[2025-11-02T21:00:22.833+0000][gc,phases     ] GC(118)   Pre Evacuate Collection Set: 0.0ms
[2025-11-02T21:00:22.834+0000][gc,phases     ] GC(118)   Evacuate Collection Set: 7.9ms
[2025-11-02T21:00:22.834+0000][gc,phases     ] GC(118)   Post Evacuate Collection Set: 0.8ms
[2025-11-02T21:00:22.834+0000][gc,phases     ] GC(118)   Other: 0.6ms
[2025-11-02T21:00:22.834+0000][gc,heap       ] GC(118) Eden regions: 49->0(53)
[2025-11-02T21:00:22.834+0000][gc,heap       ] GC(118) Survivor regions: 4->4(7)
[2025-11-02T21:00:22.835+0000][gc,heap       ] GC(118) Old regions: 19->19
[2025-11-02T21:00:22.835+0000][gc,heap       ] GC(118) Humongous regions: 138->138
[2025-11-02T21:00:22.835+0000][gc,metaspace  ] GC(118) Metaspace: 52213K(55088K)->52213K(55088K) NonClass: 46168K(47792K)->46168K(47792K) Class: 6045K(7296K)->6045K(7296K)
[2025-11-02T21:00:22.835+0000][gc            ] GC(118) Pause Young (Normal) (G1 Evacuation Pause) 208M->159M(693M) 11.132ms
[2025-11-02T21:00:22.835+0000][gc,cpu        ] GC(118) User=0.02s Sys=0.00s Real=0.01s
[2025-11-02T21:02:45.049+0000][gc,start      ] GC(119) Pause Young (Normal) (G1 Evacuation Pause)
[2025-11-02T21:02:45.050+0000][gc,task       ] GC(119) Using 2 workers of 2 for evacuation
[2025-11-02T21:02:45.072+0000][gc,mmu        ] GC(119) MMU target violated: 21.0ms (20.0ms/21.0ms)
[2025-11-02T21:02:45.077+0000][gc,phases     ] GC(119)   Pre Evacuate Collection Set: 0.1ms
[2025-11-02T21:02:45.078+0000][gc,phases     ] GC(119)   Evacuate Collection Set: 18.5ms
[2025-11-02T21:02:45.078+0000][gc,phases     ] GC(119)   Post Evacuate Collection Set: 2.6ms
[2025-11-02T21:02:45.079+0000][gc,phases     ] GC(119)   Other: 7.1ms
[2025-11-02T21:02:45.080+0000][gc,heap       ] GC(119) Eden regions: 53->0(52)
[2025-11-02T21:02:45.082+0000][gc,heap       ] GC(119) Survivor regions: 4->6(8)
[2025-11-02T21:02:45.082+0000][gc,heap       ] GC(119) Old regions: 19->19
[2025-11-02T21:02:45.082+0000][gc,heap       ] GC(119) Humongous regions: 138->138
[2025-11-02T21:02:45.083+0000][gc,metaspace  ] GC(119) Metaspace: 52424K(55088K)->52424K(55088K) NonClass: 46355K(47792K)->46355K(47792K) Class: 6069K(7296K)->6069K(7296K)
[2025-11-02T21:02:45.083+0000][gc            ] GC(119) Pause Young (Normal) (G1 Evacuation Pause) 212M->161M(693M) 34.286ms
[2025-11-02T21:02:45.084+0000][gc,cpu        ] GC(119) User=0.04s Sys=0.00s Real=0.04s
[2025-11-02T21:04:40.644+0000][gc,start      ] GC(120) Pause Young (Normal) (G1 Evacuation Pause)
[2025-11-02T21:04:40.645+0000][gc,task       ] GC(120) Using 2 workers of 2 for evacuation
[2025-11-02T21:04:40.664+0000][gc,phases     ] GC(120)   Pre Evacuate Collection Set: 0.0ms
[2025-11-02T21:04:40.665+0000][gc,phases     ] GC(120)   Evacuate Collection Set: 17.1ms
[2025-11-02T21:04:40.666+0000][gc,phases     ] GC(120)   Post Evacuate Collection Set: 1.4ms
[2025-11-02T21:04:40.666+0000][gc,phases     ] GC(120)   Other: 1.6ms
[2025-11-02T21:04:40.666+0000][gc,heap       ] GC(120) Eden regions: 52->0(49)
[2025-11-02T21:04:40.667+0000][gc,heap       ] GC(120) Survivor regions: 6->5(8)
[2025-11-02T21:04:40.667+0000][gc,heap       ] GC(120) Old regions: 19->20
[2025-11-02T21:04:40.667+0000][gc,heap       ] GC(120) Humongous regions: 138->138
[2025-11-02T21:04:40.668+0000][gc,metaspace  ] GC(120) Metaspace: 52511K(55344K)->52511K(55344K) NonClass: 46440K(48048K)->46440K(48048K) Class: 6071K(7296K)->6071K(7296K)
[2025-11-02T21:04:40.668+0000][gc            ] GC(120) Pause Young (Normal) (G1 Evacuation Pause) 213M->161M(693M) 23.741ms
[2025-11-02T21:04:40.668+0000][gc,cpu        ] GC(120) User=0.04s Sys=0.00s Real=0.02s
[2025-11-02T21:06:00.073+0000][gc,start      ] GC(121) Pause Young (Normal) (G1 Evacuation Pause)
[2025-11-02T21:06:00.089+0000][gc,task       ] GC(121) Using 2 workers of 2 for evacuation
[2025-11-02T21:06:00.242+0000][gc,mmu        ] GC(121) MMU target violated: 21.0ms (20.0ms/21.0ms)
[2025-11-02T21:06:00.243+0000][gc,phases     ] GC(121)   Pre Evacuate Collection Set: 0.1ms
[2025-11-02T21:06:00.243+0000][gc,phases     ] GC(121)   Evacuate Collection Set: 117.3ms
[2025-11-02T21:06:00.243+0000][gc,phases     ] GC(121)   Post Evacuate Collection Set: 1.7ms
[2025-11-02T21:06:00.244+0000][gc,phases     ] GC(121)   Other: 51.0ms
[2025-11-02T21:06:00.244+0000][gc,heap       ] GC(121) Eden regions: 49->0(28)
[2025-11-02T21:06:00.245+0000][gc,heap       ] GC(121) Survivor regions: 5->6(7)
[2025-11-02T21:06:00.245+0000][gc,heap       ] GC(121) Old regions: 20->21
[2025-11-02T21:06:00.246+0000][gc,heap       ] GC(121) Humongous regions: 138->138
[2025-11-02T21:06:00.246+0000][gc,metaspace  ] GC(121) Metaspace: 52662K(55472K)->52662K(55472K) NonClass: 46562K(48048K)->46562K(48048K) Class: 6100K(7424K)->6100K(7424K)
[2025-11-02T21:06:00.247+0000][gc            ] GC(121) Pause Young (Normal) (G1 Evacuation Pause) 210M->164M(693M) 174.481ms
[2025-11-02T21:06:00.248+0000][gc,cpu        ] GC(121) User=0.10s Sys=0.00s Real=0.17s
[2025-11-02T21:06:48.201+0000][gc,start      ] GC(122) Pause Young (Normal) (G1 Evacuation Pause)
[2025-11-02T21:06:48.201+0000][gc,task       ] GC(122) Using 2 workers of 2 for evacuation
[2025-11-02T21:06:48.237+0000][gc,mmu        ] GC(122) MMU target violated: 21.0ms (20.0ms/21.0ms)
[2025-11-02T21:06:48.237+0000][gc,phases     ] GC(122)   Pre Evacuate Collection Set: 0.2ms
[2025-11-02T21:06:48.238+0000][gc,phases     ] GC(122)   Evacuate Collection Set: 31.5ms
[2025-11-02T21:06:48.238+0000][gc,phases     ] GC(122)   Post Evacuate Collection Set: 1.7ms
[2025-11-02T21:06:48.239+0000][gc,phases     ] GC(122)   Other: 3.6ms
[2025-11-02T21:06:48.239+0000][gc,heap       ] GC(122) Eden regions: 28->0(31)
[2025-11-02T21:06:48.240+0000][gc,heap       ] GC(122) Survivor regions: 6->3(5)
[2025-11-02T21:06:48.240+0000][gc,heap       ] GC(122) Old regions: 21->25
[2025-11-02T21:06:48.241+0000][gc,heap       ] GC(122) Humongous regions: 138->138
[2025-11-02T21:06:48.241+0000][gc,metaspace  ] GC(122) Metaspace: 52680K(55472K)->52680K(55472K) NonClass: 46580K(48048K)->46580K(48048K) Class: 6100K(7424K)->6100K(7424K)
[2025-11-02T21:06:48.242+0000][gc            ] GC(122) Pause Young (Normal) (G1 Evacuation Pause) 192M->164M(693M) 41.316ms
[2025-11-02T21:06:48.242+0000][gc,cpu        ] GC(122) User=0.07s Sys=0.00s Real=0.04s
[2025-11-02T21:07:40.146+0000][gc,start      ] GC(123) Pause Young (Normal) (G1 Evacuation Pause)
[2025-11-02T21:07:40.146+0000][gc,task       ] GC(123) Using 2 workers of 2 for evacuation
[2025-11-02T21:07:40.157+0000][gc,phases     ] GC(123)   Pre Evacuate Collection Set: 0.0ms
[2025-11-02T21:07:40.157+0000][gc,phases     ] GC(123)   Evacuate Collection Set: 9.8ms
[2025-11-02T21:07:40.158+0000][gc,phases     ] GC(123)   Post Evacuate Collection Set: 0.8ms
[2025-11-02T21:07:40.158+0000][gc,phases     ] GC(123)   Other: 0.6ms
[2025-11-02T21:07:40.158+0000][gc,heap       ] GC(123) Eden regions: 31->0(29)
[2025-11-02T21:07:40.158+0000][gc,heap       ] GC(123) Survivor regions: 3->5(5)
[2025-11-02T21:07:40.159+0000][gc,heap       ] GC(123) Old regions: 25->25
[2025-11-02T21:07:40.159+0000][gc,heap       ] GC(123) Humongous regions: 138->138
[2025-11-02T21:07:40.159+0000][gc,metaspace  ] GC(123) Metaspace: 52754K(55728K)->52754K(55728K) NonClass: 46654K(48304K)->46654K(48304K) Class: 6100K(7424K)->6100K(7424K)
[2025-11-02T21:07:40.159+0000][gc            ] GC(123) Pause Young (Normal) (G1 Evacuation Pause) 195M->167M(693M) 13.061ms
[2025-11-02T21:07:40.159+0000][gc,cpu        ] GC(123) User=0.02s Sys=0.00s Real=0.01s
[2025-11-02T21:08:28.472+0000][gc,start      ] GC(124) Pause Young (Normal) (G1 Evacuation Pause)
[2025-11-02T21:08:28.473+0000][gc,task       ] GC(124) Using 2 workers of 2 for evacuation
[2025-11-02T21:08:28.483+0000][gc,phases     ] GC(124)   Pre Evacuate Collection Set: 0.0ms
[2025-11-02T21:08:28.483+0000][gc,phases     ] GC(124)   Evacuate Collection Set: 9.0ms
[2025-11-02T21:08:28.484+0000][gc,phases     ] GC(124)   Post Evacuate Collection Set: 0.6ms
[2025-11-02T21:08:28.484+0000][gc,phases     ] GC(124)   Other: 1.6ms
[2025-11-02T21:08:28.484+0000][gc,heap       ] GC(124) Eden regions: 29->0(32)
[2025-11-02T21:08:28.484+0000][gc,heap       ] GC(124) Survivor regions: 5->2(5)
[2025-11-02T21:08:28.484+0000][gc,heap       ] GC(124) Old regions: 25->28
[2025-11-02T21:08:28.484+0000][gc,heap       ] GC(124) Humongous regions: 138->138
[2025-11-02T21:08:28.485+0000][gc,metaspace  ] GC(124) Metaspace: 52762K(55728K)->52762K(55728K) NonClass: 46662K(48304K)->46662K(48304K) Class: 6100K(7424K)->6100K(7424K)
[2025-11-02T21:08:28.485+0000][gc            ] GC(124) Pause Young (Normal) (G1 Evacuation Pause) 196M->167M(693M) 12.960ms
[2025-11-02T21:08:28.485+0000][gc,cpu        ] GC(124) User=0.02s Sys=0.00s Real=0.02s
[2025-11-02T21:09:22.022+0000][gc,start      ] GC(125) Pause Young (Normal) (G1 Evacuation Pause)
[2025-11-02T21:09:22.022+0000][gc,task       ] GC(125) Using 2 workers of 2 for evacuation
[2025-11-02T21:09:22.036+0000][gc,phases     ] GC(125)   Pre Evacuate Collection Set: 0.0ms
[2025-11-02T21:09:22.036+0000][gc,phases     ] GC(125)   Evacuate Collection Set: 11.9ms
[2025-11-02T21:09:22.037+0000][gc,phases     ] GC(125)   Post Evacuate Collection Set: 1.3ms
[2025-11-02T21:09:22.037+0000][gc,phases     ] GC(125)   Other: 0.6ms
[2025-11-02T21:09:22.038+0000][gc,heap       ] GC(125) Eden regions: 32->0(29)
[2025-11-02T21:09:22.038+0000][gc,heap       ] GC(125) Survivor regions: 2->5(5)
[2025-11-02T21:09:22.038+0000][gc,heap       ] GC(125) Old regions: 28->28
[2025-11-02T21:09:22.038+0000][gc,heap       ] GC(125) Humongous regions: 138->138
[2025-11-02T21:09:22.038+0000][gc,metaspace  ] GC(125) Metaspace: 52771K(55728K)->52771K(55728K) NonClass: 46670K(48304K)->46670K(48304K) Class: 6100K(7424K)->6100K(7424K)
[2025-11-02T21:09:22.039+0000][gc            ] GC(125) Pause Young (Normal) (G1 Evacuation Pause) 199M->169M(693M) 16.933ms
[2025-11-02T21:09:22.039+0000][gc,cpu        ] GC(125) User=0.02s Sys=0.00s Real=0.02s
[2025-11-02T21:10:10.486+0000][gc,start      ] GC(126) Pause Young (Normal) (G1 Evacuation Pause)
[2025-11-02T21:10:10.486+0000][gc,task       ] GC(126) Using 2 workers of 2 for evacuation
[2025-11-02T21:10:10.497+0000][gc,phases     ] GC(126)   Pre Evacuate Collection Set: 0.0ms
[2025-11-02T21:10:10.497+0000][gc,phases     ] GC(126)   Evacuate Collection Set: 9.5ms
[2025-11-02T21:10:10.497+0000][gc,phases     ] GC(126)   Post Evacuate Collection Set: 0.7ms
[2025-11-02T21:10:10.497+0000][gc,phases     ] GC(126)   Other: 0.7ms
[2025-11-02T21:10:10.498+0000][gc,heap       ] GC(126) Eden regions: 29->0(30)
[2025-11-02T21:10:10.498+0000][gc,heap       ] GC(126) Survivor regions: 5->4(5)
[2025-11-02T21:10:10.498+0000][gc,heap       ] GC(126) Old regions: 28->31
[2025-11-02T21:10:10.498+0000][gc,heap       ] GC(126) Humongous regions: 138->138
[2025-11-02T21:10:10.498+0000][gc,metaspace  ] GC(126) Metaspace: 52783K(55728K)->52783K(55728K) NonClass: 46682K(48304K)->46682K(48304K) Class: 6100K(7424K)->6100K(7424K)
[2025-11-02T21:10:10.499+0000][gc            ] GC(126) Pause Young (Normal) (G1 Evacuation Pause) 198M->171M(693M) 12.579ms
[2025-11-02T21:10:10.499+0000][gc,cpu        ] GC(126) User=0.02s Sys=0.00s Real=0.02s
[2025-11-02T21:10:51.272+0000][gc,start      ] GC(127) Pause Young (Normal) (G1 Evacuation Pause)
[2025-11-02T21:10:51.272+0000][gc,task       ] GC(127) Using 2 workers of 2 for evacuation
[2025-11-02T21:10:51.287+0000][gc,phases     ] GC(127)   Pre Evacuate Collection Set: 0.0ms
[2025-11-02T21:10:51.287+0000][gc,phases     ] GC(127)   Evacuate Collection Set: 13.3ms
[2025-11-02T21:10:51.288+0000][gc,phases     ] GC(127)   Post Evacuate Collection Set: 1.2ms
[2025-11-02T21:10:51.288+0000][gc,phases     ] GC(127)   Other: 0.7ms
[2025-11-02T21:10:51.288+0000][gc,heap       ] GC(127) Eden regions: 30->0(31)
[2025-11-02T21:10:51.288+0000][gc,heap       ] GC(127) Survivor regions: 4->3(5)
[2025-11-02T21:10:51.288+0000][gc,heap       ] GC(127) Old regions: 31->33
[2025-11-02T21:10:51.289+0000][gc,heap       ] GC(127) Humongous regions: 138->138
[2025-11-02T21:10:51.289+0000][gc,metaspace  ] GC(127) Metaspace: 52810K(55728K)->52810K(55728K) NonClass: 46709K(48304K)->46709K(48304K) Class: 6100K(7424K)->6100K(7424K)
[2025-11-02T21:10:51.289+0000][gc            ] GC(127) Pause Young (Normal) (G1 Evacuation Pause) 201M->172M(693M) 17.470ms
[2025-11-02T21:10:51.290+0000][gc,cpu        ] GC(127) User=0.03s Sys=0.00s Real=0.02s
[2025-11-02T21:11:27.308+0000][gc,start      ] GC(128) Pause Young (Normal) (G1 Evacuation Pause)
[2025-11-02T21:11:27.309+0000][gc,task       ] GC(128) Using 2 workers of 2 for evacuation
[2025-11-02T21:11:27.324+0000][gc,phases     ] GC(128)   Pre Evacuate Collection Set: 0.0ms
[2025-11-02T21:11:27.324+0000][gc,phases     ] GC(128)   Evacuate Collection Set: 13.0ms
[2025-11-02T21:11:27.325+0000][gc,phases     ] GC(128)   Post Evacuate Collection Set: 0.9ms
[2025-11-02T21:11:27.325+0000][gc,phases     ] GC(128)   Other: 1.8ms
[2025-11-02T21:11:27.326+0000][gc,heap       ] GC(128) Eden regions: 31->0(29)
[2025-11-02T21:11:27.326+0000][gc,heap       ] GC(128) Survivor regions: 3->5(5)
[2025-11-02T21:11:27.326+0000][gc,heap       ] GC(128) Old regions: 33->33
[2025-11-02T21:11:27.326+0000][gc,heap       ] GC(128) Humongous regions: 138->138
[2025-11-02T21:11:27.327+0000][gc,metaspace  ] GC(128) Metaspace: 52878K(55728K)->52878K(55728K) NonClass: 46777K(48304K)->46777K(48304K) Class: 6100K(7424K)->6100K(7424K)
[2025-11-02T21:11:27.327+0000][gc            ] GC(128) Pause Young (Normal) (G1 Evacuation Pause) 203M->174M(693M) 18.630ms
[2025-11-02T21:11:27.327+0000][gc,cpu        ] GC(128) User=0.03s Sys=0.00s Real=0.01s
[2025-11-02T21:12:01.127+0000][gc,start      ] GC(129) Pause Young (Normal) (G1 Evacuation Pause)
[2025-11-02T21:12:01.127+0000][gc,task       ] GC(129) Using 2 workers of 2 for evacuation
[2025-11-02T21:12:01.144+0000][gc,phases     ] GC(129)   Pre Evacuate Collection Set: 0.0ms
[2025-11-02T21:12:01.144+0000][gc,phases     ] GC(129)   Evacuate Collection Set: 14.6ms
[2025-11-02T21:12:01.144+0000][gc,phases     ] GC(129)   Post Evacuate Collection Set: 0.8ms
[2025-11-02T21:12:01.144+0000][gc,phases     ] GC(129)   Other: 1.5ms
[2025-11-02T21:12:01.145+0000][gc,heap       ] GC(129) Eden regions: 29->0(32)
[2025-11-02T21:12:01.145+0000][gc,heap       ] GC(129) Survivor regions: 5->2(5)
[2025-11-02T21:12:01.145+0000][gc,heap       ] GC(129) Old regions: 33->36
[2025-11-02T21:12:01.146+0000][gc,heap       ] GC(129) Humongous regions: 138->138
[2025-11-02T21:12:01.146+0000][gc,metaspace  ] GC(129) Metaspace: 52902K(55728K)->52902K(55728K) NonClass: 46801K(48304K)->46801K(48304K) Class: 6100K(7424K)->6100K(7424K)
[2025-11-02T21:12:01.146+0000][gc            ] GC(129) Pause Young (Normal) (G1 Evacuation Pause) 203M->175M(693M) 19.775ms
[2025-11-02T21:12:01.147+0000][gc,cpu        ] GC(129) User=0.03s Sys=0.01s Real=0.02s
[2025-11-02T21:12:38.963+0000][gc,start      ] GC(130) Pause Young (Normal) (G1 Evacuation Pause)
[2025-11-02T21:12:38.964+0000][gc,task       ] GC(130) Using 2 workers of 2 for evacuation
[2025-11-02T21:12:38.975+0000][gc,phases     ] GC(130)   Pre Evacuate Collection Set: 0.0ms
[2025-11-02T21:12:38.975+0000][gc,phases     ] GC(130)   Evacuate Collection Set: 10.1ms
[2025-11-02T21:12:38.975+0000][gc,phases     ] GC(130)   Post Evacuate Collection Set: 0.8ms
[2025-11-02T21:12:38.976+0000][gc,phases     ] GC(130)   Other: 0.6ms
[2025-11-02T21:12:38.976+0000][gc,heap       ] GC(130) Eden regions: 32->0(31)
[2025-11-02T21:12:38.976+0000][gc,heap       ] GC(130) Survivor regions: 2->4(5)
[2025-11-02T21:12:38.976+0000][gc,heap       ] GC(130) Old regions: 36->36
[2025-11-02T21:12:38.976+0000][gc,heap       ] GC(130) Humongous regions: 138->138
[2025-11-02T21:12:38.976+0000][gc,metaspace  ] GC(130) Metaspace: 52910K(55728K)->52910K(55728K) NonClass: 46809K(48304K)->46809K(48304K) Class: 6100K(7424K)->6100K(7424K)
[2025-11-02T21:12:38.977+0000][gc            ] GC(130) Pause Young (Normal) (G1 Evacuation Pause) 207M->177M(693M) 13.065ms
[2025-11-02T21:12:38.977+0000][gc,cpu        ] GC(130) User=0.02s Sys=0.00s Real=0.01s
[2025-11-02T21:13:15.513+0000][gc,start      ] GC(131) Pause Young (Normal) (G1 Evacuation Pause)
[2025-11-02T21:13:15.514+0000][gc,task       ] GC(131) Using 2 workers of 2 for evacuation
[2025-11-02T21:13:15.536+0000][gc,mmu        ] GC(131) MMU target violated: 21.0ms (20.0ms/21.0ms)
[2025-11-02T21:13:15.536+0000][gc,phases     ] GC(131)   Pre Evacuate Collection Set: 0.0ms
[2025-11-02T21:13:15.537+0000][gc,phases     ] GC(131)   Evacuate Collection Set: 19.1ms
[2025-11-02T21:13:15.537+0000][gc,phases     ] GC(131)   Post Evacuate Collection Set: 1.9ms
[2025-11-02T21:13:15.537+0000][gc,phases     ] GC(131)   Other: 2.7ms
[2025-11-02T21:13:15.538+0000][gc,heap       ] GC(131) Eden regions: 31->0(32)
[2025-11-02T21:13:15.538+0000][gc,heap       ] GC(131) Survivor regions: 4->2(5)
[2025-11-02T21:13:15.538+0000][gc,heap       ] GC(131) Old regions: 36->38
[2025-11-02T21:13:15.539+0000][gc,heap       ] GC(131) Humongous regions: 138->138
[2025-11-02T21:13:15.539+0000][gc,metaspace  ] GC(131) Metaspace: 53005K(55984K)->53005K(55984K) NonClass: 46905K(48560K)->46905K(48560K) Class: 6100K(7424K)->6100K(7424K)
[2025-11-02T21:13:15.540+0000][gc            ] GC(131) Pause Young (Normal) (G1 Evacuation Pause) 208M->177M(693M) 27.942ms
[2025-11-02T21:13:15.541+0000][gc,cpu        ] GC(131) User=0.04s Sys=0.00s Real=0.03s
[2025-11-02T21:14:00.937+0000][gc,start      ] GC(132) Pause Young (Normal) (G1 Evacuation Pause)
[2025-11-02T21:14:00.938+0000][gc,task       ] GC(132) Using 2 workers of 2 for evacuation
[2025-11-02T21:14:00.969+0000][gc,mmu        ] GC(132) MMU target violated: 21.0ms (20.0ms/21.0ms)
[2025-11-02T21:14:00.970+0000][gc,phases     ] GC(132)   Pre Evacuate Collection Set: 0.3ms
[2025-11-02T21:14:00.970+0000][gc,phases     ] GC(132)   Evacuate Collection Set: 27.2ms
[2025-11-02T21:14:00.970+0000][gc,phases     ] GC(132)   Post Evacuate Collection Set: 1.8ms
[2025-11-02T21:14:00.974+0000][gc,phases     ] GC(132)   Other: 3.0ms
[2025-11-02T21:14:00.974+0000][gc,heap       ] GC(132) Eden regions: 32->0(30)
[2025-11-02T21:14:00.974+0000][gc,heap       ] GC(132) Survivor regions: 2->4(5)
[2025-11-02T21:14:00.975+0000][gc,heap       ] GC(132) Old regions: 38->38
[2025-11-02T21:14:00.975+0000][gc,heap       ] GC(132) Humongous regions: 138->138
[2025-11-02T21:14:00.975+0000][gc,metaspace  ] GC(132) Metaspace: 53016K(55984K)->53016K(55984K) NonClass: 46915K(48560K)->46915K(48560K) Class: 6100K(7424K)->6100K(7424K)
[2025-11-02T21:14:00.976+0000][gc            ] GC(132) Pause Young (Normal) (G1 Evacuation Pause) 209M->179M(693M) 38.489ms
[2025-11-02T21:14:00.976+0000][gc,cpu        ] GC(132) User=0.05s Sys=0.01s Real=0.04s
[2025-11-02T21:14:50.720+0000][gc,start      ] GC(133) Pause Young (Normal) (G1 Evacuation Pause)
[2025-11-02T21:14:50.721+0000][gc,task       ] GC(133) Using 2 workers of 2 for evacuation
[2025-11-02T21:14:50.739+0000][gc,phases     ] GC(133)   Pre Evacuate Collection Set: 0.0ms
[2025-11-02T21:14:50.739+0000][gc,phases     ] GC(133)   Evacuate Collection Set: 16.3ms
[2025-11-02T21:14:50.740+0000][gc,phases     ] GC(133)   Post Evacuate Collection Set: 1.0ms
[2025-11-02T21:14:50.740+0000][gc,phases     ] GC(133)   Other: 1.9ms
[2025-11-02T21:14:50.740+0000][gc,heap       ] GC(133) Eden regions: 30->0(30)
[2025-11-02T21:14:50.740+0000][gc,heap       ] GC(133) Survivor regions: 4->4(5)
[2025-11-02T21:14:50.741+0000][gc,heap       ] GC(133) Old regions: 38->41
[2025-11-02T21:14:50.741+0000][gc,heap       ] GC(133) Humongous regions: 138->138
[2025-11-02T21:14:50.741+0000][gc,metaspace  ] GC(133) Metaspace: 53017K(55984K)->53017K(55984K) NonClass: 46916K(48560K)->46916K(48560K) Class: 6100K(7424K)->6100K(7424K)
[2025-11-02T21:14:50.742+0000][gc            ] GC(133) Pause Young (Normal) (G1 Evacuation Pause) 209M->182M(693M) 21.867ms
[2025-11-02T21:14:50.742+0000][gc,cpu        ] GC(133) User=0.04s Sys=0.00s Real=0.02s
[2025-11-02T21:15:40.692+0000][gc,start      ] GC(134) Pause Young (Normal) (G1 Evacuation Pause)
[2025-11-02T21:15:40.693+0000][gc,task       ] GC(134) Using 2 workers of 2 for evacuation
[2025-11-02T21:15:40.705+0000][gc,phases     ] GC(134)   Pre Evacuate Collection Set: 0.0ms
[2025-11-02T21:15:40.710+0000][gc,phases     ] GC(134)   Evacuate Collection Set: 10.8ms
[2025-11-02T21:15:40.710+0000][gc,phases     ] GC(134)   Post Evacuate Collection Set: 0.9ms
[2025-11-02T21:15:40.710+0000][gc,phases     ] GC(134)   Other: 1.3ms
[2025-11-02T21:15:40.710+0000][gc,heap       ] GC(134) Eden regions: 30->0(31)
[2025-11-02T21:15:40.711+0000][gc,heap       ] GC(134) Survivor regions: 4->3(5)
[2025-11-02T21:15:40.711+0000][gc,heap       ] GC(134) Old regions: 41->42
[2025-11-02T21:15:40.711+0000][gc,heap       ] GC(134) Humongous regions: 138->138
[2025-11-02T21:15:40.711+0000][gc,metaspace  ] GC(134) Metaspace: 53021K(55984K)->53021K(55984K) NonClass: 46920K(48560K)->46920K(48560K) Class: 6100K(7424K)->6100K(7424K)
[2025-11-02T21:15:40.711+0000][gc            ] GC(134) Pause Young (Normal) (G1 Evacuation Pause) 212M->182M(693M) 18.832ms
[2025-11-02T21:15:40.711+0000][gc,cpu        ] GC(134) User=0.02s Sys=0.00s Real=0.02s
[2025-11-02T21:16:32.810+0000][gc,start      ] GC(135) Pause Young (Normal) (G1 Evacuation Pause)
[2025-11-02T21:16:32.820+0000][gc,task       ] GC(135) Using 2 workers of 2 for evacuation
[2025-11-02T21:16:32.832+0000][gc,phases     ] GC(135)   Pre Evacuate Collection Set: 0.0ms
[2025-11-02T21:16:32.833+0000][gc,phases     ] GC(135)   Evacuate Collection Set: 11.0ms
[2025-11-02T21:16:32.833+0000][gc,phases     ] GC(135)   Post Evacuate Collection Set: 0.7ms
[2025-11-02T21:16:32.833+0000][gc,phases     ] GC(135)   Other: 11.1ms
[2025-11-02T21:16:32.833+0000][gc,heap       ] GC(135) Eden regions: 31->0(31)
[2025-11-02T21:16:32.833+0000][gc,heap       ] GC(135) Survivor regions: 3->5(5)
[2025-11-02T21:16:32.833+0000][gc,heap       ] GC(135) Old regions: 42->42
[2025-11-02T21:16:32.834+0000][gc,heap       ] GC(135) Humongous regions: 138->138
[2025-11-02T21:16:32.834+0000][gc,metaspace  ] GC(135) Metaspace: 53026K(55984K)->53026K(55984K) NonClass: 46925K(48560K)->46925K(48560K) Class: 6100K(7424K)->6100K(7424K)
[2025-11-02T21:16:32.834+0000][gc            ] GC(135) Pause Young (Normal) (G1 Evacuation Pause) 213M->185M(693M) 24.436ms
[2025-11-02T21:16:32.834+0000][gc,cpu        ] GC(135) User=0.02s Sys=0.00s Real=0.03s
[2025-11-02T21:17:25.298+0000][gc,start      ] GC(136) Pause Young (Normal) (G1 Evacuation Pause)
[2025-11-02T21:17:25.299+0000][gc,task       ] GC(136) Using 2 workers of 2 for evacuation
[2025-11-02T21:17:25.316+0000][gc,phases     ] GC(136)   Pre Evacuate Collection Set: 0.0ms
[2025-11-02T21:17:25.316+0000][gc,phases     ] GC(136)   Evacuate Collection Set: 14.9ms
[2025-11-02T21:17:25.316+0000][gc,phases     ] GC(136)   Post Evacuate Collection Set: 1.4ms
[2025-11-02T21:17:25.316+0000][gc,phases     ] GC(136)   Other: 1.3ms
[2025-11-02T21:17:25.317+0000][gc,heap       ] GC(136) Eden regions: 31->0(33)
[2025-11-02T21:17:25.317+0000][gc,heap       ] GC(136) Survivor regions: 5->3(5)
[2025-11-02T21:17:25.317+0000][gc,heap       ] GC(136) Old regions: 42->46
[2025-11-02T21:17:25.317+0000][gc,heap       ] GC(136) Humongous regions: 138->138
[2025-11-02T21:17:25.318+0000][gc,metaspace  ] GC(136) Metaspace: 53038K(55984K)->53038K(55984K) NonClass: 46937K(48560K)->46937K(48560K) Class: 6100K(7424K)->6100K(7424K)
[2025-11-02T21:17:25.318+0000][gc            ] GC(136) Pause Young (Normal) (G1 Evacuation Pause) 216M->185M(693M) 20.024ms
[2025-11-02T21:17:25.318+0000][gc,cpu        ] GC(136) User=0.04s Sys=0.00s Real=0.02s
[2025-11-02T21:18:18.556+0000][gc,start      ] GC(137) Pause Young (Normal) (G1 Evacuation Pause)
[2025-11-02T21:18:18.557+0000][gc,task       ] GC(137) Using 2 workers of 2 for evacuation
[2025-11-02T21:18:18.577+0000][gc,phases     ] GC(137)   Pre Evacuate Collection Set: 0.0ms
[2025-11-02T21:18:18.577+0000][gc,phases     ] GC(137)   Evacuate Collection Set: 17.6ms
[2025-11-02T21:18:18.577+0000][gc,phases     ] GC(137)   Post Evacuate Collection Set: 1.2ms
[2025-11-02T21:18:18.578+0000][gc,phases     ] GC(137)   Other: 1.6ms
[2025-11-02T21:18:18.578+0000][gc,heap       ] GC(137) Eden regions: 31->0(30)
[2025-11-02T21:18:18.578+0000][gc,heap       ] GC(137) Survivor regions: 3->5(5)
[2025-11-02T21:18:18.579+0000][gc,heap       ] GC(137) Old regions: 46->46
[2025-11-02T21:18:18.579+0000][gc,heap       ] GC(137) Humongous regions: 138->138
[2025-11-02T21:18:18.579+0000][gc,metaspace  ] GC(137) Metaspace: 53050K(55984K)->53050K(55984K) NonClass: 46949K(48560K)->46949K(48560K) Class: 6100K(7424K)->6100K(7424K)
[2025-11-02T21:18:18.580+0000][gc            ] GC(137) Pause Young (Normal) (G1 Evacuation Pause) 216M->188M(693M) 23.668ms
[2025-11-02T21:18:18.580+0000][gc,cpu        ] GC(137) User=0.04s Sys=0.00s Real=0.02s
[2025-11-02T21:19:10.379+0000][gc,start      ] GC(138) Pause Young (Normal) (G1 Evacuation Pause)
[2025-11-02T21:19:10.380+0000][gc,task       ] GC(138) Using 2 workers of 2 for evacuation
[2025-11-02T21:19:10.404+0000][gc,mmu        ] GC(138) MMU target violated: 21.0ms (20.0ms/21.0ms)
[2025-11-02T21:19:10.404+0000][gc,phases     ] GC(138)   Pre Evacuate Collection Set: 0.0ms
[2025-11-02T21:19:10.405+0000][gc,phases     ] GC(138)   Evacuate Collection Set: 21.5ms
[2025-11-02T21:19:10.405+0000][gc,phases     ] GC(138)   Post Evacuate Collection Set: 1.7ms
[2025-11-02T21:19:10.406+0000][gc,phases     ] GC(138)   Other: 1.9ms
[2025-11-02T21:19:10.407+0000][gc,heap       ] GC(138) Eden regions: 30->0(31)
[2025-11-02T21:19:10.407+0000][gc,heap       ] GC(138) Survivor regions: 5->3(5)
[2025-11-02T21:19:10.408+0000][gc,heap       ] GC(138) Old regions: 46->49
[2025-11-02T21:19:10.408+0000][gc,heap       ] GC(138) Humongous regions: 138->138
[2025-11-02T21:19:10.408+0000][gc,metaspace  ] GC(138) Metaspace: 53064K(55984K)->53064K(55984K) NonClass: 46963K(48560K)->46963K(48560K) Class: 6100K(7424K)->6100K(7424K)
[2025-11-02T21:19:10.409+0000][gc            ] GC(138) Pause Young (Normal) (G1 Evacuation Pause) 218M->189M(693M) 29.492ms
[2025-11-02T21:19:10.409+0000][gc,cpu        ] GC(138) User=0.05s Sys=0.00s Real=0.03s
[2025-11-02T21:20:03.687+0000][gc,start      ] GC(139) Pause Young (Normal) (G1 Evacuation Pause)
[2025-11-02T21:20:03.688+0000][gc,task       ] GC(139) Using 2 workers of 2 for evacuation
[2025-11-02T21:20:03.703+0000][gc,phases     ] GC(139)   Pre Evacuate Collection Set: 0.0ms
[2025-11-02T21:20:03.705+0000][gc,phases     ] GC(139)   Evacuate Collection Set: 12.8ms
[2025-11-02T21:20:03.706+0000][gc,phases     ] GC(139)   Post Evacuate Collection Set: 1.0ms
[2025-11-02T21:20:03.706+0000][gc,phases     ] GC(139)   Other: 1.5ms
[2025-11-02T21:20:03.706+0000][gc,heap       ] GC(139) Eden regions: 31->0(30)
[2025-11-02T21:20:03.706+0000][gc,heap       ] GC(139) Survivor regions: 3->5(5)
[2025-11-02T21:20:03.706+0000][gc,heap       ] GC(139) Old regions: 49->49
[2025-11-02T21:20:03.707+0000][gc,heap       ] GC(139) Humongous regions: 138->138
[2025-11-02T21:20:03.707+0000][gc,metaspace  ] GC(139) Metaspace: 53071K(55984K)->53071K(55984K) NonClass: 46970K(48560K)->46970K(48560K) Class: 6100K(7424K)->6100K(7424K)
[2025-11-02T21:20:03.707+0000][gc            ] GC(139) Pause Young (Normal) (G1 Evacuation Pause) 220M->191M(693M) 19.781ms
[2025-11-02T21:20:03.707+0000][gc,cpu        ] GC(139) User=0.03s Sys=0.00s Real=0.02s
[2025-11-02T21:20:55.171+0000][gc,start      ] GC(140) Pause Young (Normal) (G1 Evacuation Pause)
[2025-11-02T21:20:55.172+0000][gc,task       ] GC(140) Using 2 workers of 2 for evacuation
[2025-11-02T21:20:55.201+0000][gc,mmu        ] GC(140) MMU target violated: 21.0ms (20.0ms/21.0ms)
[2025-11-02T21:20:55.201+0000][gc,phases     ] GC(140)   Pre Evacuate Collection Set: 0.0ms
[2025-11-02T21:20:55.202+0000][gc,phases     ] GC(140)   Evacuate Collection Set: 26.7ms
[2025-11-02T21:20:55.202+0000][gc,phases     ] GC(140)   Post Evacuate Collection Set: 1.4ms
[2025-11-02T21:20:55.203+0000][gc,phases     ] GC(140)   Other: 1.8ms
[2025-11-02T21:20:55.203+0000][gc,heap       ] GC(140) Eden regions: 30->0(32)
[2025-11-02T21:20:55.204+0000][gc,heap       ] GC(140) Survivor regions: 5->2(5)
[2025-11-02T21:20:55.205+0000][gc,heap       ] GC(140) Old regions: 49->53
[2025-11-02T21:20:55.207+0000][gc,heap       ] GC(140) Humongous regions: 138->138
[2025-11-02T21:20:55.207+0000][gc,metaspace  ] GC(140) Metaspace: 53075K(55984K)->53075K(55984K) NonClass: 46974K(48560K)->46974K(48560K) Class: 6100K(7424K)->6100K(7424K)
[2025-11-02T21:20:55.208+0000][gc            ] GC(140) Pause Young (Normal) (G1 Evacuation Pause) 221M->192M(693M) 36.449ms
[2025-11-02T21:20:55.209+0000][gc,cpu        ] GC(140) User=0.05s Sys=0.00s Real=0.04s
[2025-11-02T21:21:50.338+0000][gc,start      ] GC(141) Pause Young (Normal) (G1 Evacuation Pause)
[2025-11-02T21:21:50.339+0000][gc,task       ] GC(141) Using 2 workers of 2 for evacuation
[2025-11-02T21:21:50.356+0000][gc,phases     ] GC(141)   Pre Evacuate Collection Set: 0.0ms
[2025-11-02T21:21:50.357+0000][gc,phases     ] GC(141)   Evacuate Collection Set: 15.2ms
[2025-11-02T21:21:50.357+0000][gc,phases     ] GC(141)   Post Evacuate Collection Set: 1.3ms
[2025-11-02T21:21:50.357+0000][gc,phases     ] GC(141)   Other: 1.6ms
[2025-11-02T21:21:50.358+0000][gc,heap       ] GC(141) Eden regions: 32->0(29)
[2025-11-02T21:21:50.358+0000][gc,heap       ] GC(141) Survivor regions: 2->5(5)
[2025-11-02T21:21:50.358+0000][gc,heap       ] GC(141) Old regions: 53->53
[2025-11-02T21:21:50.358+0000][gc,heap       ] GC(141) Humongous regions: 138->138
[2025-11-02T21:21:50.359+0000][gc,metaspace  ] GC(141) Metaspace: 53078K(55984K)->53078K(55984K) NonClass: 46977K(48560K)->46977K(48560K) Class: 6100K(7424K)->6100K(7424K)
[2025-11-02T21:21:50.359+0000][gc            ] GC(141) Pause Young (Normal) (G1 Evacuation Pause) 224M->195M(693M) 20.837ms
[2025-11-02T21:21:50.359+0000][gc,cpu        ] GC(141) User=0.03s Sys=0.00s Real=0.02s
[2025-11-02T21:22:40.132+0000][gc,start      ] GC(142) Pause Young (Normal) (G1 Evacuation Pause)
[2025-11-02T21:22:40.133+0000][gc,task       ] GC(142) Using 2 workers of 2 for evacuation
[2025-11-02T21:22:40.150+0000][gc,phases     ] GC(142)   Pre Evacuate Collection Set: 0.0ms
[2025-11-02T21:22:40.151+0000][gc,phases     ] GC(142)   Evacuate Collection Set: 16.0ms
[2025-11-02T21:22:40.151+0000][gc,phases     ] GC(142)   Post Evacuate Collection Set: 1.1ms
[2025-11-02T21:22:40.151+0000][gc,phases     ] GC(142)   Other: 1.3ms
[2025-11-02T21:22:40.152+0000][gc,heap       ] GC(142) Eden regions: 29->0(30)
[2025-11-02T21:22:40.152+0000][gc,heap       ] GC(142) Survivor regions: 5->4(5)
[2025-11-02T21:22:40.153+0000][gc,heap       ] GC(142) Old regions: 53->56
[2025-11-02T21:22:40.153+0000][gc,heap       ] GC(142) Humongous regions: 138->138
[2025-11-02T21:22:40.153+0000][gc,metaspace  ] GC(142) Metaspace: 53079K(55984K)->53079K(55984K) NonClass: 46978K(48560K)->46978K(48560K) Class: 6100K(7424K)->6100K(7424K)
[2025-11-02T21:22:40.153+0000][gc            ] GC(142) Pause Young (Normal) (G1 Evacuation Pause) 224M->197M(693M) 21.246ms
[2025-11-02T21:22:40.154+0000][gc,cpu        ] GC(142) User=0.04s Sys=0.00s Real=0.02s
[2025-11-02T21:23:31.788+0000][gc,start      ] GC(143) Pause Young (Normal) (G1 Evacuation Pause)
[2025-11-02T21:23:31.789+0000][gc,task       ] GC(143) Using 2 workers of 2 for evacuation
[2025-11-02T21:23:31.830+0000][gc,mmu        ] GC(143) MMU target violated: 21.0ms (20.0ms/21.0ms)
[2025-11-02T21:23:31.833+0000][gc,phases     ] GC(143)   Pre Evacuate Collection Set: 0.4ms
[2025-11-02T21:23:31.835+0000][gc,phases     ] GC(143)   Evacuate Collection Set: 35.9ms
[2025-11-02T21:23:31.836+0000][gc,phases     ] GC(143)   Post Evacuate Collection Set: 2.5ms
[2025-11-02T21:23:31.837+0000][gc,phases     ] GC(143)   Other: 7.0ms
[2025-11-02T21:23:31.837+0000][gc,heap       ] GC(143) Eden regions: 30->0(31)
[2025-11-02T21:23:31.838+0000][gc,heap       ] GC(143) Survivor regions: 4->3(5)
[2025-11-02T21:23:31.839+0000][gc,heap       ] GC(143) Old regions: 56->58
[2025-11-02T21:23:31.841+0000][gc,heap       ] GC(143) Humongous regions: 138->138
[2025-11-02T21:23:31.841+0000][gc,metaspace  ] GC(143) Metaspace: 53079K(55984K)->53079K(55984K) NonClass: 46978K(48560K)->46978K(48560K) Class: 6100K(7424K)->6100K(7424K)
[2025-11-02T21:23:31.842+0000][gc            ] GC(143) Pause Young (Normal) (G1 Evacuation Pause) 227M->198M(693M) 54.596ms
[2025-11-02T21:23:31.844+0000][gc,cpu        ] GC(143) User=0.08s Sys=0.00s Real=0.05s
[2025-11-02T21:24:25.064+0000][gc,start      ] GC(144) Pause Young (Normal) (G1 Evacuation Pause)
[2025-11-02T21:24:25.064+0000][gc,task       ] GC(144) Using 2 workers of 2 for evacuation
[2025-11-02T21:24:25.107+0000][gc,mmu        ] GC(144) MMU target violated: 21.0ms (20.0ms/21.0ms)
[2025-11-02T21:24:25.107+0000][gc,phases     ] GC(144)   Pre Evacuate Collection Set: 0.0ms
[2025-11-02T21:24:25.108+0000][gc,phases     ] GC(144)   Evacuate Collection Set: 38.3ms
[2025-11-02T21:24:25.109+0000][gc,phases     ] GC(144)   Post Evacuate Collection Set: 2.6ms
[2025-11-02T21:24:25.110+0000][gc,phases     ] GC(144)   Other: 2.5ms
[2025-11-02T21:24:25.111+0000][gc,heap       ] GC(144) Eden regions: 31->0(29)
[2025-11-02T21:24:25.111+0000][gc,heap       ] GC(144) Survivor regions: 3->5(5)
[2025-11-02T21:24:25.113+0000][gc,heap       ] GC(144) Old regions: 58->58
[2025-11-02T21:24:25.114+0000][gc,heap       ] GC(144) Humongous regions: 138->138
[2025-11-02T21:24:25.115+0000][gc,metaspace  ] GC(144) Metaspace: 53079K(55984K)->53079K(55984K) NonClass: 46978K(48560K)->46978K(48560K) Class: 6100K(7424K)->6100K(7424K)
[2025-11-02T21:24:25.115+0000][gc            ] GC(144) Pause Young (Normal) (G1 Evacuation Pause) 229M->200M(693M) 51.292ms
[2025-11-02T21:24:25.116+0000][gc,cpu        ] GC(144) User=0.08s Sys=0.00s Real=0.05s
[2025-11-02T21:25:13.017+0000][gc,start      ] GC(145) Pause Young (Normal) (G1 Evacuation Pause)
[2025-11-02T21:25:13.018+0000][gc,task       ] GC(145) Using 2 workers of 2 for evacuation
[2025-11-02T21:25:13.032+0000][gc,phases     ] GC(145)   Pre Evacuate Collection Set: 0.0ms
[2025-11-02T21:25:13.032+0000][gc,phases     ] GC(145)   Evacuate Collection Set: 12.6ms
[2025-11-02T21:25:13.033+0000][gc,phases     ] GC(145)   Post Evacuate Collection Set: 0.8ms
[2025-11-02T21:25:13.033+0000][gc,phases     ] GC(145)   Other: 1.2ms
[2025-11-02T21:25:13.033+0000][gc,heap       ] GC(145) Eden regions: 29->0(31)
[2025-11-02T21:25:13.033+0000][gc,heap       ] GC(145) Survivor regions: 5->3(5)
[2025-11-02T21:25:13.034+0000][gc,heap       ] GC(145) Old regions: 58->62
[2025-11-02T21:25:13.034+0000][gc,heap       ] GC(145) Humongous regions: 138->138
[2025-11-02T21:25:13.034+0000][gc,metaspace  ] GC(145) Metaspace: 53089K(55984K)->53089K(55984K) NonClass: 46988K(48560K)->46988K(48560K) Class: 6100K(7424K)->6100K(7424K)
[2025-11-02T21:25:13.034+0000][gc            ] GC(145) Pause Young (Normal) (G1 Evacuation Pause) 229M->201M(693M) 16.809ms
[2025-11-02T21:25:13.034+0000][gc,cpu        ] GC(145) User=0.03s Sys=0.00s Real=0.02s
[2025-11-02T21:26:06.373+0000][gc,start      ] GC(146) Pause Young (Normal) (G1 Evacuation Pause)
[2025-11-02T21:26:06.373+0000][gc,task       ] GC(146) Using 2 workers of 2 for evacuation
[2025-11-02T21:26:06.383+0000][gc,phases     ] GC(146)   Pre Evacuate Collection Set: 0.0ms
[2025-11-02T21:26:06.383+0000][gc,phases     ] GC(146)   Evacuate Collection Set: 9.0ms
[2025-11-02T21:26:06.383+0000][gc,phases     ] GC(146)   Post Evacuate Collection Set: 0.7ms
[2025-11-02T21:26:06.384+0000][gc,phases     ] GC(146)   Other: 0.7ms
[2025-11-02T21:26:06.384+0000][gc,heap       ] GC(146) Eden regions: 31->0(29)
[2025-11-02T21:26:06.384+0000][gc,heap       ] GC(146) Survivor regions: 3->5(5)
[2025-11-02T21:26:06.384+0000][gc,heap       ] GC(146) Old regions: 62->62
[2025-11-02T21:26:06.384+0000][gc,heap       ] GC(146) Humongous regions: 138->138
[2025-11-02T21:26:06.384+0000][gc,metaspace  ] GC(146) Metaspace: 53104K(55984K)->53104K(55984K) NonClass: 47003K(48560K)->47003K(48560K) Class: 6100K(7424K)->6100K(7424K)
[2025-11-02T21:26:06.384+0000][gc            ] GC(146) Pause Young (Normal) (G1 Evacuation Pause) 232M->204M(693M) 11.717ms
[2025-11-02T21:26:06.385+0000][gc,cpu        ] GC(146) User=0.01s Sys=0.00s Real=0.02s
[2025-11-02T21:26:56.274+0000][gc,start      ] GC(147) Pause Young (Normal) (G1 Evacuation Pause)
[2025-11-02T21:26:56.275+0000][gc,task       ] GC(147) Using 2 workers of 2 for evacuation
[2025-11-02T21:26:56.285+0000][gc,phases     ] GC(147)   Pre Evacuate Collection Set: 0.0ms
[2025-11-02T21:26:56.285+0000][gc,phases     ] GC(147)   Evacuate Collection Set: 9.0ms
[2025-11-02T21:26:56.285+0000][gc,phases     ] GC(147)   Post Evacuate Collection Set: 0.6ms
[2025-11-02T21:26:56.285+0000][gc,phases     ] GC(147)   Other: 1.1ms
[2025-11-02T21:26:56.286+0000][gc,heap       ] GC(147) Eden regions: 29->0(32)
[2025-11-02T21:26:56.286+0000][gc,heap       ] GC(147) Survivor regions: 5->2(5)
[2025-11-02T21:26:56.286+0000][gc,heap       ] GC(147) Old regions: 62->65
[2025-11-02T21:26:56.286+0000][gc,heap       ] GC(147) Humongous regions: 138->138
[2025-11-02T21:26:56.286+0000][gc,metaspace  ] GC(147) Metaspace: 53107K(55984K)->53107K(55984K) NonClass: 47006K(48560K)->47006K(48560K) Class: 6100K(7424K)->6100K(7424K)
[2025-11-02T21:26:56.286+0000][gc            ] GC(147) Pause Young (Normal) (G1 Evacuation Pause) 233M->204M(693M) 12.114ms
[2025-11-02T21:26:56.286+0000][gc,cpu        ] GC(147) User=0.02s Sys=0.00s Real=0.01s
[2025-11-02T21:27:51.189+0000][gc,start      ] GC(148) Pause Young (Normal) (G1 Evacuation Pause)
[2025-11-02T21:27:51.190+0000][gc,task       ] GC(148) Using 2 workers of 2 for evacuation
[2025-11-02T21:27:51.204+0000][gc,phases     ] GC(148)   Pre Evacuate Collection Set: 0.0ms
[2025-11-02T21:27:51.204+0000][gc,phases     ] GC(148)   Evacuate Collection Set: 12.2ms
[2025-11-02T21:27:51.205+0000][gc,phases     ] GC(148)   Post Evacuate Collection Set: 1.0ms
[2025-11-02T21:27:51.205+0000][gc,phases     ] GC(148)   Other: 1.4ms
[2025-11-02T21:27:51.205+0000][gc,heap       ] GC(148) Eden regions: 32->0(29)
[2025-11-02T21:27:51.205+0000][gc,heap       ] GC(148) Survivor regions: 2->5(5)
[2025-11-02T21:27:51.206+0000][gc,heap       ] GC(148) Old regions: 65->65
[2025-11-02T21:27:51.206+0000][gc,heap       ] GC(148) Humongous regions: 138->138
[2025-11-02T21:27:51.206+0000][gc,metaspace  ] GC(148) Metaspace: 53107K(55984K)->53107K(55984K) NonClass: 47006K(48560K)->47006K(48560K) Class: 6100K(7424K)->6100K(7424K)
[2025-11-02T21:27:51.206+0000][gc            ] GC(148) Pause Young (Normal) (G1 Evacuation Pause) 236M->207M(693M) 16.796ms
[2025-11-02T21:27:51.206+0000][gc,cpu        ] GC(148) User=0.02s Sys=0.00s Real=0.02s
[2025-11-02T21:28:41.199+0000][gc,start      ] GC(149) Pause Young (Normal) (G1 Evacuation Pause)
[2025-11-02T21:28:41.199+0000][gc,task       ] GC(149) Using 2 workers of 2 for evacuation
[2025-11-02T21:28:41.218+0000][gc,phases     ] GC(149)   Pre Evacuate Collection Set: 0.1ms
[2025-11-02T21:28:41.219+0000][gc,phases     ] GC(149)   Evacuate Collection Set: 17.1ms
[2025-11-02T21:28:41.219+0000][gc,phases     ] GC(149)   Post Evacuate Collection Set: 1.1ms
[2025-11-02T21:28:41.220+0000][gc,phases     ] GC(149)   Other: 1.0ms
[2025-11-02T21:28:41.220+0000][gc,heap       ] GC(149) Eden regions: 29->0(30)
[2025-11-02T21:28:41.220+0000][gc,heap       ] GC(149) Survivor regions: 5->4(5)
[2025-11-02T21:28:41.221+0000][gc,heap       ] GC(149) Old regions: 65->68
[2025-11-02T21:28:41.221+0000][gc,heap       ] GC(149) Humongous regions: 138->138
[2025-11-02T21:28:41.221+0000][gc,metaspace  ] GC(149) Metaspace: 53108K(55984K)->53108K(55984K) NonClass: 47007K(48560K)->47007K(48560K) Class: 6100K(7424K)->6100K(7424K)
[2025-11-02T21:28:41.222+0000][gc            ] GC(149) Pause Young (Normal) (G1 Evacuation Pause) 236M->209M(693M) 22.609ms
[2025-11-02T21:28:41.222+0000][gc,cpu        ] GC(149) User=0.04s Sys=0.00s Real=0.02s
[2025-11-02T21:29:32.359+0000][gc,start      ] GC(150) Pause Young (Normal) (G1 Evacuation Pause)
[2025-11-02T21:29:32.359+0000][gc,task       ] GC(150) Using 2 workers of 2 for evacuation
[2025-11-02T21:29:32.385+0000][gc,mmu        ] GC(150) MMU target violated: 21.0ms (20.0ms/21.0ms)
[2025-11-02T21:29:32.386+0000][gc,phases     ] GC(150)   Pre Evacuate Collection Set: 0.0ms
[2025-11-02T21:29:32.386+0000][gc,phases     ] GC(150)   Evacuate Collection Set: 22.8ms
[2025-11-02T21:29:32.387+0000][gc,phases     ] GC(150)   Post Evacuate Collection Set: 1.8ms
[2025-11-02T21:29:32.387+0000][gc,phases     ] GC(150)   Other: 2.3ms
[2025-11-02T21:29:32.387+0000][gc,heap       ] GC(150) Eden regions: 30->0(31)
[2025-11-02T21:29:32.388+0000][gc,heap       ] GC(150) Survivor regions: 4->3(5)
[2025-11-02T21:29:32.390+0000][gc,heap       ] GC(150) Old regions: 68->70
[2025-11-02T21:29:32.390+0000][gc,heap       ] GC(150) Humongous regions: 138->138
[2025-11-02T21:29:32.392+0000][gc,metaspace  ] GC(150) Metaspace: 53109K(55984K)->53109K(55984K) NonClass: 47008K(48560K)->47008K(48560K) Class: 6100K(7424K)->6100K(7424K)
[2025-11-02T21:29:32.393+0000][gc            ] GC(150) Pause Young (Normal) (G1 Evacuation Pause) 239M->210M(693M) 34.626ms
[2025-11-02T21:29:32.394+0000][gc,cpu        ] GC(150) User=0.04s Sys=0.00s Real=0.03s
[2025-11-02T21:30:25.557+0000][gc,start      ] GC(151) Pause Young (Normal) (G1 Evacuation Pause)
[2025-11-02T21:30:25.558+0000][gc,task       ] GC(151) Using 2 workers of 2 for evacuation
[2025-11-02T21:30:25.572+0000][gc,phases     ] GC(151)   Pre Evacuate Collection Set: 0.0ms
[2025-11-02T21:30:25.572+0000][gc,phases     ] GC(151)   Evacuate Collection Set: 12.6ms
[2025-11-02T21:30:25.573+0000][gc,phases     ] GC(151)   Post Evacuate Collection Set: 0.9ms
[2025-11-02T21:30:25.573+0000][gc,phases     ] GC(151)   Other: 0.7ms
[2025-11-02T21:30:25.573+0000][gc,heap       ] GC(151) Eden regions: 31->0(29)
[2025-11-02T21:30:25.574+0000][gc,heap       ] GC(151) Survivor regions: 3->5(5)
[2025-11-02T21:30:25.574+0000][gc,heap       ] GC(151) Old regions: 70->71
[2025-11-02T21:30:25.574+0000][gc,heap       ] GC(151) Humongous regions: 138->138
[2025-11-02T21:30:25.574+0000][gc,metaspace  ] GC(151) Metaspace: 53110K(55984K)->53110K(55984K) NonClass: 47009K(48560K)->47009K(48560K) Class: 6100K(7424K)->6100K(7424K)
[2025-11-02T21:30:25.574+0000][gc            ] GC(151) Pause Young (Normal) (G1 Evacuation Pause) 241M->213M(693M) 17.048ms
[2025-11-02T21:30:25.575+0000][gc,cpu        ] GC(151) User=0.03s Sys=0.00s Real=0.02s
[2025-11-02T21:31:15.179+0000][gc,start      ] GC(152) Pause Young (Normal) (G1 Evacuation Pause)
[2025-11-02T21:31:15.180+0000][gc,task       ] GC(152) Using 2 workers of 2 for evacuation
[2025-11-02T21:31:15.200+0000][gc,mmu        ] GC(152) MMU target violated: 20.4ms (20.0ms/21.0ms)
[2025-11-02T21:31:15.201+0000][gc,phases     ] GC(152)   Pre Evacuate Collection Set: 0.0ms
[2025-11-02T21:31:15.201+0000][gc,phases     ] GC(152)   Evacuate Collection Set: 19.1ms
[2025-11-02T21:31:15.202+0000][gc,phases     ] GC(152)   Post Evacuate Collection Set: 1.1ms
[2025-11-02T21:31:15.202+0000][gc,phases     ] GC(152)   Other: 1.3ms
[2025-11-02T21:31:15.202+0000][gc,heap       ] GC(152) Eden regions: 29->0(31)
[2025-11-02T21:31:15.202+0000][gc,heap       ] GC(152) Survivor regions: 5->3(5)
[2025-11-02T21:31:15.203+0000][gc,heap       ] GC(152) Old regions: 71->74
[2025-11-02T21:31:15.204+0000][gc,heap       ] GC(152) Humongous regions: 138->138
[2025-11-02T21:31:15.204+0000][gc,metaspace  ] GC(152) Metaspace: 53121K(55984K)->53121K(55984K) NonClass: 47020K(48560K)->47020K(48560K) Class: 6100K(7424K)->6100K(7424K)
[2025-11-02T21:31:15.204+0000][gc            ] GC(152) Pause Young (Normal) (G1 Evacuation Pause) 242M->214M(693M) 24.790ms
[2025-11-02T21:31:15.205+0000][gc,cpu        ] GC(152) User=0.04s Sys=0.00s Real=0.03s
[2025-11-02T21:32:08.870+0000][gc,start      ] GC(153) Pause Young (Normal) (G1 Evacuation Pause)
[2025-11-02T21:32:08.871+0000][gc,task       ] GC(153) Using 2 workers of 2 for evacuation
[2025-11-02T21:32:08.885+0000][gc,phases     ] GC(153)   Pre Evacuate Collection Set: 0.1ms
[2025-11-02T21:32:08.885+0000][gc,phases     ] GC(153)   Evacuate Collection Set: 12.0ms
[2025-11-02T21:32:08.885+0000][gc,phases     ] GC(153)   Post Evacuate Collection Set: 0.9ms
[2025-11-02T21:32:08.886+0000][gc,phases     ] GC(153)   Other: 1.8ms
[2025-11-02T21:32:08.886+0000][gc,heap       ] GC(153) Eden regions: 31->0(29)
[2025-11-02T21:32:08.886+0000][gc,heap       ] GC(153) Survivor regions: 3->5(5)
[2025-11-02T21:32:08.886+0000][gc,heap       ] GC(153) Old regions: 74->74
[2025-11-02T21:32:08.886+0000][gc,heap       ] GC(153) Humongous regions: 138->138
[2025-11-02T21:32:08.887+0000][gc,metaspace  ] GC(153) Metaspace: 53126K(55984K)->53126K(55984K) NonClass: 47025K(48560K)->47025K(48560K) Class: 6100K(7424K)->6100K(7424K)
[2025-11-02T21:32:08.887+0000][gc            ] GC(153) Pause Young (Normal) (G1 Evacuation Pause) 245M->216M(693M) 17.192ms
[2025-11-02T21:32:08.888+0000][gc,cpu        ] GC(153) User=0.02s Sys=0.00s Real=0.02s
[2025-11-02T21:32:58.449+0000][gc,start      ] GC(154) Pause Young (Normal) (G1 Evacuation Pause)
[2025-11-02T21:32:58.449+0000][gc,task       ] GC(154) Using 2 workers of 2 for evacuation
[2025-11-02T21:32:58.459+0000][gc,phases     ] GC(154)   Pre Evacuate Collection Set: 0.0ms
[2025-11-02T21:32:58.459+0000][gc,phases     ] GC(154)   Evacuate Collection Set: 9.2ms
[2025-11-02T21:32:58.459+0000][gc,phases     ] GC(154)   Post Evacuate Collection Set: 0.7ms
[2025-11-02T21:32:58.460+0000][gc,phases     ] GC(154)   Other: 0.6ms
[2025-11-02T21:32:58.460+0000][gc,heap       ] GC(154) Eden regions: 29->0(32)
[2025-11-02T21:32:58.460+0000][gc,heap       ] GC(154) Survivor regions: 5->2(5)
[2025-11-02T21:32:58.460+0000][gc,heap       ] GC(154) Old regions: 74->78
[2025-11-02T21:32:58.460+0000][gc,heap       ] GC(154) Humongous regions: 138->138
[2025-11-02T21:32:58.461+0000][gc,metaspace  ] GC(154) Metaspace: 53126K(55984K)->53126K(55984K) NonClass: 47025K(48560K)->47025K(48560K) Class: 6100K(7424K)->6100K(7424K)
[2025-11-02T21:32:58.461+0000][gc            ] GC(154) Pause Young (Normal) (G1 Evacuation Pause) 245M->217M(693M) 12.154ms
[2025-11-02T21:32:58.461+0000][gc,cpu        ] GC(154) User=0.02s Sys=0.00s Real=0.01s
[2025-11-02T21:33:53.933+0000][gc,start      ] GC(155) Pause Young (Normal) (G1 Evacuation Pause)
[2025-11-02T21:33:53.934+0000][gc,task       ] GC(155) Using 2 workers of 2 for evacuation
[2025-11-02T21:33:53.977+0000][gc,mmu        ] GC(155) MMU target violated: 21.0ms (20.0ms/21.0ms)
[2025-11-02T21:33:53.978+0000][gc,phases     ] GC(155)   Pre Evacuate Collection Set: 0.1ms
[2025-11-02T21:33:53.979+0000][gc,phases     ] GC(155)   Evacuate Collection Set: 36.4ms
[2025-11-02T21:33:53.979+0000][gc,phases     ] GC(155)   Post Evacuate Collection Set: 4.8ms
[2025-11-02T21:33:53.981+0000][gc,phases     ] GC(155)   Other: 3.8ms
[2025-11-02T21:33:53.983+0000][gc,heap       ] GC(155) Eden regions: 32->0(29)
[2025-11-02T21:33:53.988+0000][gc,heap       ] GC(155) Survivor regions: 2->5(5)
[2025-11-02T21:33:53.989+0000][gc,heap       ] GC(155) Old regions: 78->78
[2025-11-02T21:33:53.989+0000][gc,heap       ] GC(155) Humongous regions: 138->138
[2025-11-02T21:33:53.990+0000][gc,metaspace  ] GC(155) Metaspace: 53128K(55984K)->53128K(55984K) NonClass: 47027K(48560K)->47027K(48560K) Class: 6100K(7424K)->6100K(7424K)
[2025-11-02T21:33:53.991+0000][gc            ] GC(155) Pause Young (Normal) (G1 Evacuation Pause) 249M->220M(693M) 58.548ms
[2025-11-02T21:33:53.992+0000][gc,cpu        ] GC(155) User=0.08s Sys=0.00s Real=0.06s
[2025-11-02T21:34:43.286+0000][gc,start      ] GC(156) Pause Young (Normal) (G1 Evacuation Pause)
[2025-11-02T21:34:43.286+0000][gc,task       ] GC(156) Using 2 workers of 2 for evacuation
[2025-11-02T21:34:43.323+0000][gc,mmu        ] GC(156) MMU target violated: 21.0ms (20.0ms/21.0ms)
[2025-11-02T21:34:43.324+0000][gc,phases     ] GC(156)   Pre Evacuate Collection Set: 0.1ms
[2025-11-02T21:34:43.324+0000][gc,phases     ] GC(156)   Evacuate Collection Set: 34.3ms
[2025-11-02T21:34:43.325+0000][gc,phases     ] GC(156)   Post Evacuate Collection Set: 1.7ms
[2025-11-02T21:34:43.325+0000][gc,phases     ] GC(156)   Other: 2.0ms
[2025-11-02T21:34:43.326+0000][gc,heap       ] GC(156) Eden regions: 29->0(32)
[2025-11-02T21:34:43.326+0000][gc,heap       ] GC(156) Survivor regions: 5->2(5)
[2025-11-02T21:34:43.326+0000][gc,heap       ] GC(156) Old regions: 78->81
[2025-11-02T21:34:43.327+0000][gc,heap       ] GC(156) Humongous regions: 138->138
[2025-11-02T21:34:43.327+0000][gc,metaspace  ] GC(156) Metaspace: 53132K(55984K)->53132K(55984K) NonClass: 47031K(48560K)->47031K(48560K) Class: 6100K(7424K)->6100K(7424K)
[2025-11-02T21:34:43.327+0000][gc            ] GC(156) Pause Young (Normal) (G1 Evacuation Pause) 249M->220M(693M) 41.367ms
[2025-11-02T21:34:43.328+0000][gc,cpu        ] GC(156) User=0.07s Sys=0.00s Real=0.05s
[2025-11-02T21:35:37.702+0000][gc,start      ] GC(157) Pause Young (Normal) (G1 Evacuation Pause)
[2025-11-02T21:35:37.703+0000][gc,task       ] GC(157) Using 2 workers of 2 for evacuation
[2025-11-02T21:35:37.713+0000][gc,phases     ] GC(157)   Pre Evacuate Collection Set: 0.0ms
[2025-11-02T21:35:37.714+0000][gc,phases     ] GC(157)   Evacuate Collection Set: 8.9ms
[2025-11-02T21:35:37.714+0000][gc,phases     ] GC(157)   Post Evacuate Collection Set: 0.7ms
[2025-11-02T21:35:37.714+0000][gc,phases     ] GC(157)   Other: 1.5ms
[2025-11-02T21:35:37.714+0000][gc,heap       ] GC(157) Eden regions: 32->0(29)
[2025-11-02T21:35:37.714+0000][gc,heap       ] GC(157) Survivor regions: 2->5(5)
[2025-11-02T21:35:37.714+0000][gc,heap       ] GC(157) Old regions: 81->81
[2025-11-02T21:35:37.715+0000][gc,heap       ] GC(157) Humongous regions: 138->138
[2025-11-02T21:35:37.715+0000][gc,metaspace  ] GC(157) Metaspace: 53136K(55984K)->53136K(55984K) NonClass: 47035K(48560K)->47035K(48560K) Class: 6100K(7424K)->6100K(7424K)
[2025-11-02T21:35:37.715+0000][gc            ] GC(157) Pause Young (Normal) (G1 Evacuation Pause) 252M->223M(693M) 12.520ms
[2025-11-02T21:35:37.715+0000][gc,cpu        ] GC(157) User=0.02s Sys=0.00s Real=0.01s
[2025-11-02T21:36:27.528+0000][gc,start      ] GC(158) Pause Young (Normal) (G1 Evacuation Pause)
[2025-11-02T21:36:27.528+0000][gc,task       ] GC(158) Using 2 workers of 2 for evacuation
[2025-11-02T21:36:27.544+0000][gc,phases     ] GC(158)   Pre Evacuate Collection Set: 0.1ms
[2025-11-02T21:36:27.545+0000][gc,phases     ] GC(158)   Evacuate Collection Set: 14.5ms
[2025-11-02T21:36:27.545+0000][gc,phases     ] GC(158)   Post Evacuate Collection Set: 0.9ms
[2025-11-02T21:36:27.545+0000][gc,phases     ] GC(158)   Other: 1.2ms
[2025-11-02T21:36:27.545+0000][gc,heap       ] GC(158) Eden regions: 29->0(30)
[2025-11-02T21:36:27.545+0000][gc,heap       ] GC(158) Survivor regions: 5->4(5)
[2025-11-02T21:36:27.546+0000][gc,heap       ] GC(158) Old regions: 81->85
[2025-11-02T21:36:27.546+0000][gc,heap       ] GC(158) Humongous regions: 138->138
[2025-11-02T21:36:27.546+0000][gc,metaspace  ] GC(158) Metaspace: 53136K(55984K)->53136K(55984K) NonClass: 47035K(48560K)->47035K(48560K) Class: 6100K(7424K)->6100K(7424K)
[2025-11-02T21:36:27.546+0000][gc            ] GC(158) Pause Young (Normal) (G1 Evacuation Pause) 252M->226M(693M) 18.417ms
[2025-11-02T21:36:27.546+0000][gc,cpu        ] GC(158) User=0.03s Sys=0.00s Real=0.02s
[2025-11-02T21:37:18.923+0000][gc,start      ] GC(159) Pause Young (Normal) (G1 Evacuation Pause)
[2025-11-02T21:37:18.924+0000][gc,task       ] GC(159) Using 2 workers of 2 for evacuation
[2025-11-02T21:37:18.952+0000][gc,mmu        ] GC(159) MMU target violated: 21.0ms (20.0ms/21.0ms)
[2025-11-02T21:37:18.953+0000][gc,phases     ] GC(159)   Pre Evacuate Collection Set: 0.0ms
[2025-11-02T21:37:18.953+0000][gc,phases     ] GC(159)   Evacuate Collection Set: 26.2ms
[2025-11-02T21:37:18.954+0000][gc,phases     ] GC(159)   Post Evacuate Collection Set: 1.5ms
[2025-11-02T21:37:18.954+0000][gc,phases     ] GC(159)   Other: 1.9ms
[2025-11-02T21:37:18.954+0000][gc,heap       ] GC(159) Eden regions: 30->0(31)
[2025-11-02T21:37:18.955+0000][gc,heap       ] GC(159) Survivor regions: 4->3(5)
[2025-11-02T21:37:18.955+0000][gc,heap       ] GC(159) Old regions: 85->86
[2025-11-02T21:37:18.955+0000][gc,heap       ] GC(159) Humongous regions: 138->138
[2025-11-02T21:37:18.955+0000][gc,metaspace  ] GC(159) Metaspace: 53139K(55984K)->53139K(55984K) NonClass: 47038K(48560K)->47038K(48560K) Class: 6100K(7424K)->6100K(7424K)
[2025-11-02T21:37:18.956+0000][gc            ] GC(159) Pause Young (Normal) (G1 Evacuation Pause) 256M->226M(693M) 32.611ms
[2025-11-02T21:37:18.956+0000][gc,cpu        ] GC(159) User=0.06s Sys=0.00s Real=0.03s
[2025-11-02T21:38:12.781+0000][gc,start      ] GC(160) Pause Young (Normal) (G1 Evacuation Pause)
[2025-11-02T21:38:12.781+0000][gc,task       ] GC(160) Using 2 workers of 2 for evacuation
[2025-11-02T21:38:12.791+0000][gc,phases     ] GC(160)   Pre Evacuate Collection Set: 0.0ms
[2025-11-02T21:38:12.792+0000][gc,phases     ] GC(160)   Evacuate Collection Set: 9.1ms
[2025-11-02T21:38:12.792+0000][gc,phases     ] GC(160)   Post Evacuate Collection Set: 0.7ms
[2025-11-02T21:38:12.792+0000][gc,phases     ] GC(160)   Other: 0.8ms
[2025-11-02T21:38:12.792+0000][gc,heap       ] GC(160) Eden regions: 31->0(29)
[2025-11-02T21:38:12.793+0000][gc,heap       ] GC(160) Survivor regions: 3->5(5)
[2025-11-02T21:38:12.793+0000][gc,heap       ] GC(160) Old regions: 86->87
[2025-11-02T21:38:12.793+0000][gc,heap       ] GC(160) Humongous regions: 138->138
[2025-11-02T21:38:12.793+0000][gc,metaspace  ] GC(160) Metaspace: 53152K(55984K)->53152K(55984K) NonClass: 47050K(48560K)->47050K(48560K) Class: 6101K(7424K)->6101K(7424K)
[2025-11-02T21:38:12.793+0000][gc            ] GC(160) Pause Young (Normal) (G1 Evacuation Pause) 257M->229M(693M) 12.281ms
[2025-11-02T21:38:12.793+0000][gc,cpu        ] GC(160) User=0.02s Sys=0.00s Real=0.02s
[2025-11-02T21:39:02.428+0000][gc,start      ] GC(161) Pause Young (Normal) (G1 Evacuation Pause)
[2025-11-02T21:39:02.428+0000][gc,task       ] GC(161) Using 2 workers of 2 for evacuation
[2025-11-02T21:39:02.438+0000][gc,phases     ] GC(161)   Pre Evacuate Collection Set: 0.0ms
[2025-11-02T21:39:02.438+0000][gc,phases     ] GC(161)   Evacuate Collection Set: 9.3ms
[2025-11-02T21:39:02.439+0000][gc,phases     ] GC(161)   Post Evacuate Collection Set: 0.6ms
[2025-11-02T21:39:02.439+0000][gc,phases     ] GC(161)   Other: 0.6ms
[2025-11-02T21:39:02.439+0000][gc,heap       ] GC(161) Eden regions: 29->0(31)
[2025-11-02T21:39:02.439+0000][gc,heap       ] GC(161) Survivor regions: 5->3(5)
[2025-11-02T21:39:02.439+0000][gc,heap       ] GC(161) Old regions: 87->90
[2025-11-02T21:39:02.440+0000][gc,heap       ] GC(161) Humongous regions: 138->138
[2025-11-02T21:39:02.440+0000][gc,metaspace  ] GC(161) Metaspace: 53157K(55984K)->53157K(55984K) NonClass: 47055K(48560K)->47055K(48560K) Class: 6101K(7424K)->6101K(7424K)
[2025-11-02T21:39:02.440+0000][gc            ] GC(161) Pause Young (Normal) (G1 Evacuation Pause) 258M->230M(693M) 12.139ms
[2025-11-02T21:39:02.440+0000][gc,cpu        ] GC(161) User=0.02s Sys=0.00s Real=0.01s
[2025-11-02T21:39:56.425+0000][gc,start      ] GC(162) Pause Young (Normal) (G1 Evacuation Pause)
[2025-11-02T21:39:56.426+0000][gc,task       ] GC(162) Using 2 workers of 2 for evacuation
[2025-11-02T21:39:56.439+0000][gc,phases     ] GC(162)   Pre Evacuate Collection Set: 0.0ms
[2025-11-02T21:39:56.439+0000][gc,phases     ] GC(162)   Evacuate Collection Set: 11.5ms
[2025-11-02T21:39:56.440+0000][gc,phases     ] GC(162)   Post Evacuate Collection Set: 0.8ms
[2025-11-02T21:39:56.440+0000][gc,phases     ] GC(162)   Other: 1.4ms
[2025-11-02T21:39:56.440+0000][gc,heap       ] GC(162) Eden regions: 31->0(29)
[2025-11-02T21:39:56.440+0000][gc,heap       ] GC(162) Survivor regions: 3->5(5)
[2025-11-02T21:39:56.440+0000][gc,heap       ] GC(162) Old regions: 90->90
[2025-11-02T21:39:56.441+0000][gc,heap       ] GC(162) Humongous regions: 138->138
[2025-11-02T21:39:56.441+0000][gc,metaspace  ] GC(162) Metaspace: 53160K(55984K)->53160K(55984K) NonClass: 47059K(48560K)->47059K(48560K) Class: 6101K(7424K)->6101K(7424K)
[2025-11-02T21:39:56.441+0000][gc            ] GC(162) Pause Young (Normal) (G1 Evacuation Pause) 261M->232M(693M) 15.536ms
[2025-11-02T21:39:56.441+0000][gc,cpu        ] GC(162) User=0.03s Sys=0.00s Real=0.02s
[2025-11-02T21:40:45.977+0000][gc,start      ] GC(163) Pause Young (Normal) (G1 Evacuation Pause)
[2025-11-02T21:40:45.977+0000][gc,task       ] GC(163) Using 2 workers of 2 for evacuation
[2025-11-02T21:40:45.988+0000][gc,phases     ] GC(163)   Pre Evacuate Collection Set: 0.0ms
[2025-11-02T21:40:45.989+0000][gc,phases     ] GC(163)   Evacuate Collection Set: 10.2ms
[2025-11-02T21:40:45.989+0000][gc,phases     ] GC(163)   Post Evacuate Collection Set: 0.6ms
[2025-11-02T21:40:45.989+0000][gc,phases     ] GC(163)   Other: 0.9ms
[2025-11-02T21:40:45.989+0000][gc,heap       ] GC(163) Eden regions: 29->0(32)
[2025-11-02T21:40:45.989+0000][gc,heap       ] GC(163) Survivor regions: 5->2(5)
[2025-11-02T21:40:45.989+0000][gc,heap       ] GC(163) Old regions: 90->94
[2025-11-02T21:40:45.990+0000][gc,heap       ] GC(163) Humongous regions: 138->138
[2025-11-02T21:40:45.990+0000][gc,metaspace  ] GC(163) Metaspace: 53168K(55984K)->53168K(55984K) NonClass: 47066K(48560K)->47066K(48560K) Class: 6101K(7424K)->6101K(7424K)
[2025-11-02T21:40:45.990+0000][gc            ] GC(163) Pause Young (Normal) (G1 Evacuation Pause) 261M->233M(693M) 13.349ms
[2025-11-02T21:40:45.990+0000][gc,cpu        ] GC(163) User=0.02s Sys=0.00s Real=0.02s
[2025-11-02T21:41:41.319+0000][gc,start      ] GC(164) Pause Young (Normal) (G1 Evacuation Pause)
[2025-11-02T21:41:41.320+0000][gc,task       ] GC(164) Using 2 workers of 2 for evacuation
[2025-11-02T21:41:41.329+0000][gc,phases     ] GC(164)   Pre Evacuate Collection Set: 0.0ms
[2025-11-02T21:41:41.329+0000][gc,phases     ] GC(164)   Evacuate Collection Set: 8.3ms
[2025-11-02T21:41:41.330+0000][gc,phases     ] GC(164)   Post Evacuate Collection Set: 0.7ms
[2025-11-02T21:41:41.330+0000][gc,phases     ] GC(164)   Other: 1.1ms
[2025-11-02T21:41:41.330+0000][gc,heap       ] GC(164) Eden regions: 32->0(33)
[2025-11-02T21:41:41.330+0000][gc,heap       ] GC(164) Survivor regions: 2->5(5)
[2025-11-02T21:41:41.330+0000][gc,heap       ] GC(164) Old regions: 94->94
[2025-11-02T21:41:41.330+0000][gc,heap       ] GC(164) Humongous regions: 138->138
[2025-11-02T21:41:41.330+0000][gc,metaspace  ] GC(164) Metaspace: 53168K(55984K)->53168K(55984K) NonClass: 47066K(48560K)->47066K(48560K) Class: 6101K(7424K)->6101K(7424K)
[2025-11-02T21:41:41.330+0000][gc            ] GC(164) Pause Young (Normal) (G1 Evacuation Pause) 265M->235M(693M) 11.231ms
[2025-11-02T21:41:41.331+0000][gc,cpu        ] GC(164) User=0.02s Sys=0.00s Real=0.01s
[2025-11-02T21:42:38.354+0000][gc,start      ] GC(165) Pause Young (Normal) (G1 Evacuation Pause)
[2025-11-02T21:42:38.354+0000][gc,task       ] GC(165) Using 2 workers of 2 for evacuation
[2025-11-02T21:42:38.367+0000][gc,phases     ] GC(165)   Pre Evacuate Collection Set: 0.1ms
[2025-11-02T21:42:38.368+0000][gc,phases     ] GC(165)   Evacuate Collection Set: 11.9ms
[2025-11-02T21:42:38.368+0000][gc,phases     ] GC(165)   Post Evacuate Collection Set: 0.9ms
[2025-11-02T21:42:38.368+0000][gc,phases     ] GC(165)   Other: 0.7ms
[2025-11-02T21:42:38.368+0000][gc,heap       ] GC(165) Eden regions: 33->0(35)
[2025-11-02T21:42:38.368+0000][gc,heap       ] GC(165) Survivor regions: 5->3(5)
[2025-11-02T21:42:38.368+0000][gc,heap       ] GC(165) Old regions: 94->97
[2025-11-02T21:42:38.369+0000][gc,heap       ] GC(165) Humongous regions: 138->138
[2025-11-02T21:42:38.369+0000][gc,metaspace  ] GC(165) Metaspace: 53168K(55984K)->53168K(55984K) NonClass: 47066K(48560K)->47066K(48560K) Class: 6101K(7424K)->6101K(7424K)
[2025-11-02T21:42:38.369+0000][gc            ] GC(165) Pause Young (Normal) (G1 Evacuation Pause) 268M->237M(693M) 15.222ms
[2025-11-02T21:42:38.369+0000][gc,cpu        ] GC(165) User=0.03s Sys=0.00s Real=0.01s
[2025-11-02T21:43:38.909+0000][gc,start      ] GC(166) Pause Young (Normal) (G1 Evacuation Pause)
[2025-11-02T21:43:38.909+0000][gc,task       ] GC(166) Using 2 workers of 2 for evacuation
[2025-11-02T21:43:38.925+0000][gc,phases     ] GC(166)   Pre Evacuate Collection Set: 0.1ms
[2025-11-02T21:43:38.925+0000][gc,phases     ] GC(166)   Evacuate Collection Set: 13.5ms
[2025-11-02T21:43:38.926+0000][gc,phases     ] GC(166)   Post Evacuate Collection Set: 1.4ms
[2025-11-02T21:43:38.926+0000][gc,phases     ] GC(166)   Other: 1.2ms
[2025-11-02T21:43:38.926+0000][gc,heap       ] GC(166) Eden regions: 35->0(35)
[2025-11-02T21:43:38.926+0000][gc,heap       ] GC(166) Survivor regions: 3->5(5)
[2025-11-02T21:43:38.926+0000][gc,heap       ] GC(166) Old regions: 97->98
[2025-11-02T21:43:38.926+0000][gc,heap       ] GC(166) Humongous regions: 138->138
[2025-11-02T21:43:38.926+0000][gc,metaspace  ] GC(166) Metaspace: 53171K(56240K)->53171K(56240K) NonClass: 47070K(48816K)->47070K(48816K) Class: 6101K(7424K)->6101K(7424K)
[2025-11-02T21:43:38.926+0000][gc            ] GC(166) Pause Young (Normal) (G1 Evacuation Pause) 272M->240M(693M) 17.514ms
[2025-11-02T21:43:38.927+0000][gc,cpu        ] GC(166) User=0.02s Sys=0.00s Real=0.02s
[2025-11-02T21:44:39.246+0000][gc,start      ] GC(167) Pause Young (Normal) (G1 Evacuation Pause)
[2025-11-02T21:44:39.246+0000][gc,task       ] GC(167) Using 2 workers of 2 for evacuation
[2025-11-02T21:44:39.257+0000][gc,phases     ] GC(167)   Pre Evacuate Collection Set: 0.0ms
[2025-11-02T21:44:39.257+0000][gc,phases     ] GC(167)   Evacuate Collection Set: 10.2ms
[2025-11-02T21:44:39.257+0000][gc,phases     ] GC(167)   Post Evacuate Collection Set: 0.6ms
[2025-11-02T21:44:39.258+0000][gc,phases     ] GC(167)   Other: 0.6ms
[2025-11-02T21:44:39.258+0000][gc,heap       ] GC(167) Eden regions: 35->0(38)
[2025-11-02T21:44:39.258+0000][gc,heap       ] GC(167) Survivor regions: 5->4(5)
[2025-11-02T21:44:39.258+0000][gc,heap       ] GC(167) Old regions: 98->101
[2025-11-02T21:44:39.258+0000][gc,heap       ] GC(167) Humongous regions: 138->138
[2025-11-02T21:44:39.258+0000][gc,metaspace  ] GC(167) Metaspace: 53172K(56240K)->53172K(56240K) NonClass: 47070K(48816K)->47070K(48816K) Class: 6101K(7424K)->6101K(7424K)
[2025-11-02T21:44:39.258+0000][gc            ] GC(167) Pause Young (Normal) (G1 Evacuation Pause) 275M->242M(693M) 12.739ms
[2025-11-02T21:44:39.259+0000][gc,cpu        ] GC(167) User=0.02s Sys=0.00s Real=0.01s
[2025-11-02T21:45:43.557+0000][gc,start      ] GC(168) Pause Young (Normal) (G1 Evacuation Pause)
[2025-11-02T21:45:43.557+0000][gc,task       ] GC(168) Using 2 workers of 2 for evacuation
[2025-11-02T21:45:43.569+0000][gc,phases     ] GC(168)   Pre Evacuate Collection Set: 0.0ms
[2025-11-02T21:45:43.569+0000][gc,phases     ] GC(168)   Evacuate Collection Set: 11.0ms
[2025-11-02T21:45:43.570+0000][gc,phases     ] GC(168)   Post Evacuate Collection Set: 0.7ms
[2025-11-02T21:45:43.570+0000][gc,phases     ] GC(168)   Other: 0.7ms
[2025-11-02T21:45:43.570+0000][gc,heap       ] GC(168) Eden regions: 38->0(39)
[2025-11-02T21:45:43.570+0000][gc,heap       ] GC(168) Survivor regions: 4->3(6)
[2025-11-02T21:45:43.570+0000][gc,heap       ] GC(168) Old regions: 101->103
[2025-11-02T21:45:43.570+0000][gc,heap       ] GC(168) Humongous regions: 138->138
[2025-11-02T21:45:43.571+0000][gc,metaspace  ] GC(168) Metaspace: 53179K(56240K)->53179K(56240K) NonClass: 47077K(48816K)->47077K(48816K) Class: 6101K(7424K)->6101K(7424K)
[2025-11-02T21:45:43.571+0000][gc            ] GC(168) Pause Young (Normal) (G1 Evacuation Pause) 280M->244M(693M) 14.029ms
[2025-11-02T21:45:43.571+0000][gc,cpu        ] GC(168) User=0.03s Sys=0.00s Real=0.01s
[2025-11-02T21:46:50.877+0000][gc,start      ] GC(169) Pause Young (Normal) (G1 Evacuation Pause)
[2025-11-02T21:46:50.877+0000][gc,task       ] GC(169) Using 2 workers of 2 for evacuation
[2025-11-02T21:46:50.887+0000][gc,phases     ] GC(169)   Pre Evacuate Collection Set: 0.0ms
[2025-11-02T21:46:50.887+0000][gc,phases     ] GC(169)   Evacuate Collection Set: 8.8ms
[2025-11-02T21:46:50.887+0000][gc,phases     ] GC(169)   Post Evacuate Collection Set: 0.6ms
[2025-11-02T21:46:50.888+0000][gc,phases     ] GC(169)   Other: 0.5ms
[2025-11-02T21:46:50.888+0000][gc,heap       ] GC(169) Eden regions: 39->0(43)
[2025-11-02T21:46:50.888+0000][gc,heap       ] GC(169) Survivor regions: 3->6(6)
[2025-11-02T21:46:50.888+0000][gc,heap       ] GC(169) Old regions: 103->103
[2025-11-02T21:46:50.888+0000][gc,heap       ] GC(169) Humongous regions: 138->138
[2025-11-02T21:46:50.888+0000][gc,metaspace  ] GC(169) Metaspace: 53186K(56240K)->53186K(56240K) NonClass: 47085K(48816K)->47085K(48816K) Class: 6101K(7424K)->6101K(7424K)
[2025-11-02T21:46:50.888+0000][gc            ] GC(169) Pause Young (Normal) (G1 Evacuation Pause) 283M->246M(693M) 11.014ms
[2025-11-02T21:46:50.888+0000][gc,cpu        ] GC(169) User=0.02s Sys=0.00s Real=0.01s
[2025-11-02T21:48:05.800+0000][gc,start      ] GC(170) Pause Young (Normal) (G1 Evacuation Pause)
[2025-11-02T21:48:05.800+0000][gc,task       ] GC(170) Using 2 workers of 2 for evacuation
[2025-11-02T21:48:05.813+0000][gc,phases     ] GC(170)   Pre Evacuate Collection Set: 0.0ms
[2025-11-02T21:48:05.813+0000][gc,phases     ] GC(170)   Evacuate Collection Set: 12.0ms
[2025-11-02T21:48:05.813+0000][gc,phases     ] GC(170)   Post Evacuate Collection Set: 0.6ms
[2025-11-02T21:48:05.814+0000][gc,phases     ] GC(170)   Other: 0.5ms
[2025-11-02T21:48:05.814+0000][gc,heap       ] GC(170) Eden regions: 43->0(44)
[2025-11-02T21:48:05.814+0000][gc,heap       ] GC(170) Survivor regions: 6->6(7)
[2025-11-02T21:48:05.814+0000][gc,heap       ] GC(170) Old regions: 103->106
[2025-11-02T21:48:05.814+0000][gc,heap       ] GC(170) Humongous regions: 138->138
[2025-11-02T21:48:05.814+0000][gc,metaspace  ] GC(170) Metaspace: 53192K(56240K)->53192K(56240K) NonClass: 47090K(48816K)->47090K(48816K) Class: 6102K(7424K)->6102K(7424K)
[2025-11-02T21:48:05.814+0000][gc            ] GC(170) Pause Young (Normal) (G1 Evacuation Pause) 289M->249M(693M) 14.340ms
[2025-11-02T21:48:05.814+0000][gc,cpu        ] GC(170) User=0.02s Sys=0.00s Real=0.01s
[2025-11-02T21:49:22.425+0000][gc,start      ] GC(171) Pause Young (Concurrent Start) (G1 Evacuation Pause)
[2025-11-02T21:49:22.425+0000][gc,task       ] GC(171) Using 2 workers of 2 for evacuation
[2025-11-02T21:49:22.439+0000][gc,phases     ] GC(171)   Pre Evacuate Collection Set: 0.3ms
[2025-11-02T21:49:22.439+0000][gc,phases     ] GC(171)   Evacuate Collection Set: 13.0ms
[2025-11-02T21:49:22.440+0000][gc,phases     ] GC(171)   Post Evacuate Collection Set: 0.8ms
[2025-11-02T21:49:22.440+0000][gc,phases     ] GC(171)   Other: 0.6ms
[2025-11-02T21:49:22.440+0000][gc,heap       ] GC(171) Eden regions: 44->0(45)
[2025-11-02T21:49:22.440+0000][gc,heap       ] GC(171) Survivor regions: 6->7(7)
[2025-11-02T21:49:22.440+0000][gc,heap       ] GC(171) Old regions: 106->108
[2025-11-02T21:49:22.441+0000][gc,heap       ] GC(171) Humongous regions: 138->138
[2025-11-02T21:49:22.441+0000][gc,metaspace  ] GC(171) Metaspace: 53194K(56240K)->53194K(56240K) NonClass: 47092K(48816K)->47092K(48816K) Class: 6102K(7424K)->6102K(7424K)
[2025-11-02T21:49:22.441+0000][gc            ] GC(171) Pause Young (Concurrent Start) (G1 Evacuation Pause) 293M->252M(693M) 16.245ms
[2025-11-02T21:49:22.441+0000][gc,cpu        ] GC(171) User=0.03s Sys=0.00s Real=0.02s
[2025-11-02T21:49:22.441+0000][gc            ] GC(172) Concurrent Cycle
[2025-11-02T21:49:22.443+0000][gc,marking    ] GC(172) Concurrent Clear Claimed Marks
[2025-11-02T21:49:22.444+0000][gc,marking    ] GC(172) Concurrent Clear Claimed Marks 0.358ms
[2025-11-02T21:49:22.444+0000][gc,marking    ] GC(172) Concurrent Scan Root Regions
[2025-11-02T21:49:22.448+0000][gc,marking    ] GC(172) Concurrent Scan Root Regions 4.610ms
[2025-11-02T21:49:22.449+0000][gc,marking    ] GC(172) Concurrent Mark (3327.279s)
[2025-11-02T21:49:22.449+0000][gc,marking    ] GC(172) Concurrent Mark From Roots
[2025-11-02T21:49:22.449+0000][gc,task       ] GC(172) Using 1 workers of 1 for marking
[2025-11-02T21:49:22.479+0000][gc,marking    ] GC(172) Concurrent Mark From Roots 29.960ms
[2025-11-02T21:49:22.479+0000][gc,marking    ] GC(172) Concurrent Preclean
[2025-11-02T21:49:22.479+0000][gc,marking    ] GC(172) Concurrent Preclean 0.368ms
[2025-11-02T21:49:22.480+0000][gc,marking    ] GC(172) Concurrent Mark (3327.279s, 3327.310s) 30.907ms
[2025-11-02T21:49:22.480+0000][gc,start      ] GC(172) Pause Remark
[2025-11-02T21:49:22.494+0000][gc,stringtable] GC(172) Cleaned string and symbol table, strings: 16790 processed, 288 removed, symbols: 123712 processed, 2 removed
[2025-11-02T21:49:22.495+0000][gc            ] GC(172) Pause Remark 252M->252M(693M) 14.893ms
[2025-11-02T21:49:22.495+0000][gc,cpu        ] GC(172) User=0.03s Sys=0.00s Real=0.01s
[2025-11-02T21:49:22.495+0000][gc,marking    ] GC(172) Concurrent Rebuild Remembered Sets
[2025-11-02T21:49:22.516+0000][gc,marking    ] GC(172) Concurrent Rebuild Remembered Sets 20.437ms
[2025-11-02T21:49:22.516+0000][gc,start      ] GC(172) Pause Cleanup
[2025-11-02T21:49:22.517+0000][gc            ] GC(172) Pause Cleanup 252M->252M(693M) 0.459ms
[2025-11-02T21:49:22.517+0000][gc,cpu        ] GC(172) User=0.00s Sys=0.00s Real=0.00s
[2025-11-02T21:49:22.517+0000][gc,marking    ] GC(172) Concurrent Cleanup for Next Mark
[2025-11-02T21:49:22.518+0000][gc,marking    ] GC(172) Concurrent Cleanup for Next Mark 1.373ms
[2025-11-02T21:49:22.519+0000][gc            ] GC(172) Concurrent Cycle 77.350ms
[2025-11-02T21:50:37.290+0000][gc,start      ] GC(173) Pause Young (Prepare Mixed) (G1 Evacuation Pause)
[2025-11-02T21:50:37.291+0000][gc,task       ] GC(173) Using 2 workers of 2 for evacuation
[2025-11-02T21:50:37.307+0000][gc,phases     ] GC(173)   Pre Evacuate Collection Set: 0.0ms
[2025-11-02T21:50:37.307+0000][gc,phases     ] GC(173)   Evacuate Collection Set: 15.2ms
[2025-11-02T21:50:37.307+0000][gc,phases     ] GC(173)   Post Evacuate Collection Set: 0.7ms
[2025-11-02T21:50:37.307+0000][gc,phases     ] GC(173)   Other: 1.0ms
[2025-11-02T21:50:37.308+0000][gc,heap       ] GC(173) Eden regions: 43->0(27)
[2025-11-02T21:50:37.308+0000][gc,heap       ] GC(173) Survivor regions: 7->7(7)
[2025-11-02T21:50:37.308+0000][gc,heap       ] GC(173) Old regions: 108->111
[2025-11-02T21:50:37.308+0000][gc,heap       ] GC(173) Humongous regions: 138->138
[2025-11-02T21:50:37.308+0000][gc,metaspace  ] GC(173) Metaspace: 52475K(56240K)->52475K(56240K) NonClass: 46655K(48816K)->46655K(48816K) Class: 5820K(7424K)->5820K(7424K)
[2025-11-02T21:50:37.308+0000][gc            ] GC(173) Pause Young (Prepare Mixed) (G1 Evacuation Pause) 295M->254M(693M) 18.338ms
[2025-11-02T21:50:37.309+0000][gc,cpu        ] GC(173) User=0.03s Sys=0.00s Real=0.01s
[2025-11-02T21:51:23.989+0000][gc,start      ] GC(174) Pause Young (Mixed) (G1 Evacuation Pause)
[2025-11-02T21:51:23.989+0000][gc,task       ] GC(174) Using 2 workers of 2 for evacuation
[2025-11-02T21:51:24.004+0000][gc,phases     ] GC(174)   Pre Evacuate Collection Set: 0.0ms
[2025-11-02T21:51:24.004+0000][gc,phases     ] GC(174)   Evacuate Collection Set: 14.2ms
[2025-11-02T21:51:24.004+0000][gc,phases     ] GC(174)   Post Evacuate Collection Set: 0.6ms
[2025-11-02T21:51:24.005+0000][gc,phases     ] GC(174)   Other: 0.6ms
[2025-11-02T21:51:24.005+0000][gc,heap       ] GC(174) Eden regions: 27->0(30)
[2025-11-02T21:51:24.005+0000][gc,heap       ] GC(174) Survivor regions: 7->4(5)
[2025-11-02T21:51:24.005+0000][gc,heap       ] GC(174) Old regions: 111->104
[2025-11-02T21:51:24.005+0000][gc,heap       ] GC(174) Humongous regions: 138->138
[2025-11-02T21:51:24.005+0000][gc,metaspace  ] GC(174) Metaspace: 52475K(56240K)->52475K(56240K) NonClass: 46655K(48816K)->46655K(48816K) Class: 5820K(7424K)->5820K(7424K)
[2025-11-02T21:51:24.006+0000][gc            ] GC(174) Pause Young (Mixed) (G1 Evacuation Pause) 281M->244M(693M) 17.080ms
[2025-11-02T21:51:24.006+0000][gc,cpu        ] GC(174) User=0.03s Sys=0.00s Real=0.02s
[2025-11-02T21:52:15.434+0000][gc,start      ] GC(175) Pause Young (Mixed) (G1 Evacuation Pause)
[2025-11-02T21:52:15.434+0000][gc,task       ] GC(175) Using 2 workers of 2 for evacuation
[2025-11-02T21:52:15.444+0000][gc,phases     ] GC(175)   Pre Evacuate Collection Set: 0.0ms
[2025-11-02T21:52:15.444+0000][gc,phases     ] GC(175)   Evacuate Collection Set: 8.8ms
[2025-11-02T21:52:15.444+0000][gc,phases     ] GC(175)   Post Evacuate Collection Set: 0.7ms
[2025-11-02T21:52:15.444+0000][gc,phases     ] GC(175)   Other: 0.6ms
[2025-11-02T21:52:15.444+0000][gc,heap       ] GC(175) Eden regions: 30->0(31)
[2025-11-02T21:52:15.445+0000][gc,heap       ] GC(175) Survivor regions: 4->3(5)
[2025-11-02T21:52:15.445+0000][gc,heap       ] GC(175) Old regions: 104->94
[2025-11-02T21:52:15.445+0000][gc,heap       ] GC(175) Humongous regions: 138->138
[2025-11-02T21:52:15.445+0000][gc,metaspace  ] GC(175) Metaspace: 52475K(56240K)->52475K(56240K) NonClass: 46655K(48816K)->46655K(48816K) Class: 5820K(7424K)->5820K(7424K)
[2025-11-02T21:52:15.445+0000][gc            ] GC(175) Pause Young (Mixed) (G1 Evacuation Pause) 274M->234M(693M) 11.539ms
[2025-11-02T21:52:15.445+0000][gc,cpu        ] GC(175) User=0.02s Sys=0.00s Real=0.01s
[2025-11-02T21:53:09.490+0000][gc,start      ] GC(176) Pause Young (Mixed) (G1 Evacuation Pause)
[2025-11-02T21:53:09.490+0000][gc,task       ] GC(176) Using 2 workers of 2 for evacuation
[2025-11-02T21:53:09.500+0000][gc,phases     ] GC(176)   Pre Evacuate Collection Set: 0.0ms
[2025-11-02T21:53:09.501+0000][gc,phases     ] GC(176)   Evacuate Collection Set: 9.6ms
[2025-11-02T21:53:09.501+0000][gc,phases     ] GC(176)   Post Evacuate Collection Set: 0.7ms
[2025-11-02T21:53:09.501+0000][gc,phases     ] GC(176)   Other: 0.5ms
[2025-11-02T21:53:09.501+0000][gc,heap       ] GC(176) Eden regions: 31->0(29)
[2025-11-02T21:53:09.501+0000][gc,heap       ] GC(176) Survivor regions: 3->5(5)
[2025-11-02T21:53:09.501+0000][gc,heap       ] GC(176) Old regions: 94->82
[2025-11-02T21:53:09.502+0000][gc,heap       ] GC(176) Humongous regions: 138->138
[2025-11-02T21:53:09.502+0000][gc,metaspace  ] GC(176) Metaspace: 52475K(56240K)->52475K(56240K) NonClass: 46655K(48816K)->46655K(48816K) Class: 5820K(7424K)->5820K(7424K)
[2025-11-02T21:53:09.502+0000][gc            ] GC(176) Pause Young (Mixed) (G1 Evacuation Pause) 265M->224M(693M) 12.401ms
[2025-11-02T21:53:09.502+0000][gc,cpu        ] GC(176) User=0.03s Sys=0.00s Real=0.01s
[2025-11-02T21:53:59.265+0000][gc,start      ] GC(177) Pause Young (Mixed) (G1 Evacuation Pause)
[2025-11-02T21:53:59.265+0000][gc,task       ] GC(177) Using 2 workers of 2 for evacuation
[2025-11-02T21:53:59.276+0000][gc,phases     ] GC(177)   Pre Evacuate Collection Set: 0.1ms
[2025-11-02T21:53:59.276+0000][gc,phases     ] GC(177)   Evacuate Collection Set: 10.3ms
[2025-11-02T21:53:59.277+0000][gc,phases     ] GC(177)   Post Evacuate Collection Set: 0.7ms
[2025-11-02T21:53:59.277+0000][gc,phases     ] GC(177)   Other: 0.6ms
[2025-11-02T21:53:59.277+0000][gc,heap       ] GC(177) Eden regions: 29->0(32)
[2025-11-02T21:53:59.277+0000][gc,heap       ] GC(177) Survivor regions: 5->2(5)
[2025-11-02T21:53:59.277+0000][gc,heap       ] GC(177) Old regions: 82->74
[2025-11-02T21:53:59.278+0000][gc,heap       ] GC(177) Humongous regions: 138->138
[2025-11-02T21:53:59.278+0000][gc,metaspace  ] GC(177) Metaspace: 52475K(56240K)->52475K(56240K) NonClass: 46655K(48816K)->46655K(48816K) Class: 5820K(7424K)->5820K(7424K)
[2025-11-02T21:53:59.279+0000][gc            ] GC(177) Pause Young (Mixed) (G1 Evacuation Pause) 253M->213M(693M) 14.114ms
[2025-11-02T21:53:59.279+0000][gc,cpu        ] GC(177) User=0.02s Sys=0.00s Real=0.01s
[2025-11-02T21:54:43.290+0000][gc,start      ] GC(178) Pause Young (Mixed) (G1 Evacuation Pause)
[2025-11-02T21:54:43.290+0000][gc,task       ] GC(178) Using 2 workers of 2 for evacuation
[2025-11-02T21:54:43.308+0000][gc,phases     ] GC(178)   Pre Evacuate Collection Set: 0.1ms
[2025-11-02T21:54:43.308+0000][gc,phases     ] GC(178)   Evacuate Collection Set: 15.8ms
[2025-11-02T21:54:43.308+0000][gc,phases     ] GC(178)   Post Evacuate Collection Set: 1.1ms
[2025-11-02T21:54:43.309+0000][gc,phases     ] GC(178)   Other: 1.1ms
[2025-11-02T21:54:43.309+0000][gc,heap       ] GC(178) Eden regions: 32->0(45)
[2025-11-02T21:54:43.309+0000][gc,heap       ] GC(178) Survivor regions: 2->5(5)
[2025-11-02T21:54:43.309+0000][gc,heap       ] GC(178) Old regions: 74->71
[2025-11-02T21:54:43.310+0000][gc,heap       ] GC(178) Humongous regions: 147->147
[2025-11-02T21:54:43.310+0000][gc,metaspace  ] GC(178) Metaspace: 52585K(56240K)->52585K(56240K) NonClass: 46741K(48816K)->46741K(48816K) Class: 5844K(7424K)->5844K(7424K)
[2025-11-02T21:54:43.310+0000][gc            ] GC(178) Pause Young (Mixed) (G1 Evacuation Pause) 254M->222M(693M) 20.168ms
[2025-11-02T21:54:43.310+0000][gc,cpu        ] GC(178) User=0.03s Sys=0.00s Real=0.02s
[2025-11-02T21:56:00.030+0000][gc,start      ] GC(179) Pause Young (Normal) (G1 Evacuation Pause)
[2025-11-02T21:56:00.031+0000][gc,task       ] GC(179) Using 2 workers of 2 for evacuation
[2025-11-02T21:56:00.041+0000][gc,phases     ] GC(179)   Pre Evacuate Collection Set: 0.0ms
[2025-11-02T21:56:00.042+0000][gc,phases     ] GC(179)   Evacuate Collection Set: 9.7ms
[2025-11-02T21:56:00.042+0000][gc,phases     ] GC(179)   Post Evacuate Collection Set: 0.7ms
[2025-11-02T21:56:00.042+0000][gc,phases     ] GC(179)   Other: 0.7ms
[2025-11-02T21:56:00.042+0000][gc,heap       ] GC(179) Eden regions: 45->0(50)
[2025-11-02T21:56:00.042+0000][gc,heap       ] GC(179) Survivor regions: 5->3(7)
[2025-11-02T21:56:00.042+0000][gc,heap       ] GC(179) Old regions: 71->74
[2025-11-02T21:56:00.042+0000][gc,heap       ] GC(179) Humongous regions: 147->147
[2025-11-02T21:56:00.043+0000][gc,metaspace  ] GC(179) Metaspace: 52603K(56240K)->52603K(56240K) NonClass: 46753K(48816K)->46753K(48816K) Class: 5849K(7424K)->5849K(7424K)
[2025-11-02T21:56:00.043+0000][gc            ] GC(179) Pause Young (Normal) (G1 Evacuation Pause) 267M->223M(693M) 12.374ms
[2025-11-02T21:56:00.043+0000][gc,cpu        ] GC(179) User=0.02s Sys=0.00s Real=0.01s
[2025-11-02T21:57:14.137+0000][gc,start      ] GC(180) Pause Young (Normal) (G1 Evacuation Pause)
[2025-11-02T21:57:14.137+0000][gc,task       ] GC(180) Using 2 workers of 2 for evacuation
[2025-11-02T21:57:14.156+0000][gc,phases     ] GC(180)   Pre Evacuate Collection Set: 0.1ms
[2025-11-02T21:57:14.156+0000][gc,phases     ] GC(180)   Evacuate Collection Set: 16.6ms
[2025-11-02T21:57:14.157+0000][gc,phases     ] GC(180)   Post Evacuate Collection Set: 1.2ms
[2025-11-02T21:57:14.157+0000][gc,phases     ] GC(180)   Other: 1.6ms
[2025-11-02T21:57:14.157+0000][gc,heap       ] GC(180) Eden regions: 50->0(40)
[2025-11-02T21:57:14.157+0000][gc,heap       ] GC(180) Survivor regions: 3->6(7)
[2025-11-02T21:57:14.158+0000][gc,heap       ] GC(180) Old regions: 74->74
[2025-11-02T21:57:14.158+0000][gc,heap       ] GC(180) Humongous regions: 147->147
[2025-11-02T21:57:14.158+0000][gc,metaspace  ] GC(180) Metaspace: 52619K(56240K)->52619K(56240K) NonClass: 46770K(48816K)->46770K(48816K) Class: 5849K(7424K)->5849K(7424K)
[2025-11-02T21:57:14.158+0000][gc            ] GC(180) Pause Young (Normal) (G1 Evacuation Pause) 273M->226M(693M) 21.666ms
[2025-11-02T21:57:14.159+0000][gc,cpu        ] GC(180) User=0.03s Sys=0.00s Real=0.03s
[2025-11-02T21:59:09.252+0000][gc,start      ] GC(181) Pause Young (Normal) (G1 Evacuation Pause)
[2025-11-02T21:59:09.253+0000][gc,task       ] GC(181) Using 2 workers of 2 for evacuation
[2025-11-02T21:59:09.266+0000][gc,phases     ] GC(181)   Pre Evacuate Collection Set: 0.0ms
[2025-11-02T21:59:09.266+0000][gc,phases     ] GC(181)   Evacuate Collection Set: 11.8ms
[2025-11-02T21:59:09.267+0000][gc,phases     ] GC(181)   Post Evacuate Collection Set: 0.7ms
[2025-11-02T21:59:09.267+0000][gc,phases     ] GC(181)   Other: 1.4ms
[2025-11-02T21:59:09.267+0000][gc,heap       ] GC(181) Eden regions: 40->0(45)
[2025-11-02T21:59:09.267+0000][gc,heap       ] GC(181) Survivor regions: 6->5(6)
[2025-11-02T21:59:09.268+0000][gc,heap       ] GC(181) Old regions: 74->79
[2025-11-02T21:59:09.268+0000][gc,heap       ] GC(181) Humongous regions: 147->147
[2025-11-02T21:59:09.268+0000][gc,metaspace  ] GC(181) Metaspace: 52708K(56240K)->52708K(56240K) NonClass: 46858K(48816K)->46858K(48816K) Class: 5850K(7424K)->5850K(7424K)
[2025-11-02T21:59:09.268+0000][gc            ] GC(181) Pause Young (Normal) (G1 Evacuation Pause) 266M->229M(693M) 15.633ms
[2025-11-02T21:59:09.268+0000][gc,cpu        ] GC(181) User=0.02s Sys=0.00s Real=0.02s
[2025-11-02T22:01:08.796+0000][gc,start      ] GC(182) Pause Young (Normal) (G1 Evacuation Pause)
[2025-11-02T22:01:08.797+0000][gc,task       ] GC(182) Using 2 workers of 2 for evacuation
[2025-11-02T22:01:08.815+0000][gc,phases     ] GC(182)   Pre Evacuate Collection Set: 0.0ms
[2025-11-02T22:01:08.815+0000][gc,phases     ] GC(182)   Evacuate Collection Set: 15.9ms
[2025-11-02T22:01:08.816+0000][gc,phases     ] GC(182)   Post Evacuate Collection Set: 1.3ms
[2025-11-02T22:01:08.816+0000][gc,phases     ] GC(182)   Other: 1.8ms
[2025-11-02T22:01:08.816+0000][gc,heap       ] GC(182) Eden regions: 38->0(46)
[2025-11-02T22:01:08.816+0000][gc,heap       ] GC(182) Survivor regions: 5->4(6)
[2025-11-02T22:01:08.816+0000][gc,heap       ] GC(182) Old regions: 79->81
[2025-11-02T22:01:08.816+0000][gc,heap       ] GC(182) Humongous regions: 147->147
[2025-11-02T22:01:08.817+0000][gc,metaspace  ] GC(182) Metaspace: 52708K(56240K)->52708K(56240K) NonClass: 46858K(48816K)->46858K(48816K) Class: 5850K(7424K)->5850K(7424K)
[2025-11-02T22:01:08.817+0000][gc            ] GC(182) Pause Young (Normal) (G1 Evacuation Pause) 267M->231M(693M) 20.621ms
[2025-11-02T22:01:08.817+0000][gc,cpu        ] GC(182) User=0.04s Sys=0.00s Real=0.03s
[2025-11-02T22:03:34.698+0000][gc,start      ] GC(183) Pause Young (Normal) (G1 Evacuation Pause)
[2025-11-02T22:03:34.699+0000][gc,task       ] GC(183) Using 2 workers of 2 for evacuation
[2025-11-02T22:03:34.712+0000][gc,phases     ] GC(183)   Pre Evacuate Collection Set: 0.0ms
[2025-11-02T22:03:34.712+0000][gc,phases     ] GC(183)   Evacuate Collection Set: 11.4ms
[2025-11-02T22:03:34.712+0000][gc,phases     ] GC(183)   Post Evacuate Collection Set: 0.8ms
[2025-11-02T22:03:34.712+0000][gc,phases     ] GC(183)   Other: 1.2ms
[2025-11-02T22:03:34.712+0000][gc,heap       ] GC(183) Eden regions: 46->0(47)
[2025-11-02T22:03:34.713+0000][gc,heap       ] GC(183) Survivor regions: 4->7(7)
[2025-11-02T22:03:34.713+0000][gc,heap       ] GC(183) Old regions: 81->82
[2025-11-02T22:03:34.713+0000][gc,heap       ] GC(183) Humongous regions: 147->147
[2025-11-02T22:03:34.713+0000][gc,metaspace  ] GC(183) Metaspace: 52708K(56240K)->52708K(56240K) NonClass: 46858K(48816K)->46858K(48816K) Class: 5850K(7424K)->5850K(7424K)
[2025-11-02T22:03:34.713+0000][gc            ] GC(183) Pause Young (Normal) (G1 Evacuation Pause) 277M->235M(693M) 14.648ms
[2025-11-02T22:03:34.713+0000][gc,cpu        ] GC(183) User=0.03s Sys=0.00s Real=0.01s
[2025-11-02T22:06:06.006+0000][gc,start      ] GC(184) Pause Young (Normal) (G1 Evacuation Pause)
[2025-11-02T22:06:06.009+0000][gc,task       ] GC(184) Using 2 workers of 2 for evacuation
[2025-11-02T22:06:06.029+0000][gc,mmu        ] GC(184) MMU target violated: 20.3ms (20.0ms/21.0ms)
[2025-11-02T22:06:06.029+0000][gc,phases     ] GC(184)   Pre Evacuate Collection Set: 0.0ms
[2025-11-02T22:06:06.030+0000][gc,phases     ] GC(184)   Evacuate Collection Set: 19.0ms
[2025-11-02T22:06:06.030+0000][gc,phases     ] GC(184)   Post Evacuate Collection Set: 1.1ms
[2025-11-02T22:06:06.030+0000][gc,phases     ] GC(184)   Other: 3.4ms
[2025-11-02T22:06:06.030+0000][gc,heap       ] GC(184) Eden regions: 47->0(47)
[2025-11-02T22:06:06.030+0000][gc,heap       ] GC(184) Survivor regions: 7->6(7)
[2025-11-02T22:06:06.031+0000][gc,heap       ] GC(184) Old regions: 82->87
[2025-11-02T22:06:06.031+0000][gc,heap       ] GC(184) Humongous regions: 147->147
[2025-11-02T22:06:06.031+0000][gc,metaspace  ] GC(184) Metaspace: 52716K(56240K)->52716K(56240K) NonClass: 46866K(48816K)->46866K(48816K) Class: 5850K(7424K)->5850K(7424K)
[2025-11-02T22:06:06.032+0000][gc            ] GC(184) Pause Young (Normal) (G1 Evacuation Pause) 282M->239M(693M) 25.674ms
[2025-11-02T22:06:06.032+0000][gc,cpu        ] GC(184) User=0.04s Sys=0.00s Real=0.03s
[2025-11-02T22:08:39.396+0000][gc,start      ] GC(185) Pause Young (Normal) (G1 Evacuation Pause)
[2025-11-02T22:08:39.396+0000][gc,task       ] GC(185) Using 2 workers of 2 for evacuation
[2025-11-02T22:08:39.425+0000][gc,mmu        ] GC(185) MMU target violated: 21.0ms (20.0ms/21.0ms)
[2025-11-02T22:08:39.425+0000][gc,phases     ] GC(185)   Pre Evacuate Collection Set: 0.0ms
[2025-11-02T22:08:39.426+0000][gc,phases     ] GC(185)   Evacuate Collection Set: 26.9ms
[2025-11-02T22:08:39.427+0000][gc,phases     ] GC(185)   Post Evacuate Collection Set: 1.4ms
[2025-11-02T22:08:39.427+0000][gc,phases     ] GC(185)   Other: 1.3ms
[2025-11-02T22:08:39.427+0000][gc,heap       ] GC(185) Eden regions: 47->0(29)
[2025-11-02T22:08:39.428+0000][gc,heap       ] GC(185) Survivor regions: 6->5(7)
[2025-11-02T22:08:39.428+0000][gc,heap       ] GC(185) Old regions: 87->91
[2025-11-02T22:08:39.428+0000][gc,heap       ] GC(185) Humongous regions: 147->147
[2025-11-02T22:08:39.428+0000][gc,metaspace  ] GC(185) Metaspace: 52717K(56240K)->52717K(56240K) NonClass: 46867K(48816K)->46867K(48816K) Class: 5850K(7424K)->5850K(7424K)
[2025-11-02T22:08:39.429+0000][gc            ] GC(185) Pause Young (Normal) (G1 Evacuation Pause) 286M->242M(693M) 32.899ms
[2025-11-02T22:08:39.429+0000][gc,cpu        ] GC(185) User=0.05s Sys=0.00s Real=0.03s
[2025-11-02T22:10:14.069+0000][gc,start      ] GC(186) Pause Young (Normal) (G1 Evacuation Pause)
[2025-11-02T22:10:14.069+0000][gc,task       ] GC(186) Using 2 workers of 2 for evacuation
[2025-11-02T22:10:14.082+0000][gc,phases     ] GC(186)   Pre Evacuate Collection Set: 0.0ms
[2025-11-02T22:10:14.082+0000][gc,phases     ] GC(186)   Evacuate Collection Set: 11.6ms
[2025-11-02T22:10:14.082+0000][gc,phases     ] GC(186)   Post Evacuate Collection Set: 0.6ms
[2025-11-02T22:10:14.082+0000][gc,phases     ] GC(186)   Other: 0.6ms
[2025-11-02T22:10:14.083+0000][gc,heap       ] GC(186) Eden regions: 29->0(37)
[2025-11-02T22:10:14.083+0000][gc,heap       ] GC(186) Survivor regions: 5->4(5)
[2025-11-02T22:10:14.083+0000][gc,heap       ] GC(186) Old regions: 91->94
[2025-11-02T22:10:14.083+0000][gc,heap       ] GC(186) Humongous regions: 147->147
[2025-11-02T22:10:14.083+0000][gc,metaspace  ] GC(186) Metaspace: 52718K(56240K)->52718K(56240K) NonClass: 46868K(48816K)->46868K(48816K) Class: 5850K(7424K)->5850K(7424K)
[2025-11-02T22:10:14.083+0000][gc            ] GC(186) Pause Young (Normal) (G1 Evacuation Pause) 271M->244M(693M) 14.317ms
[2025-11-02T22:10:14.084+0000][gc,cpu        ] GC(186) User=0.03s Sys=0.00s Real=0.02s
[2025-11-02T22:12:14.316+0000][gc,start      ] GC(187) Pause Young (Normal) (G1 Evacuation Pause)
[2025-11-02T22:12:14.316+0000][gc,task       ] GC(187) Using 2 workers of 2 for evacuation
[2025-11-02T22:12:14.326+0000][gc,phases     ] GC(187)   Pre Evacuate Collection Set: 0.0ms
[2025-11-02T22:12:14.326+0000][gc,phases     ] GC(187)   Evacuate Collection Set: 9.0ms
[2025-11-02T22:12:14.326+0000][gc,phases     ] GC(187)   Post Evacuate Collection Set: 0.6ms
[2025-11-02T22:12:14.327+0000][gc,phases     ] GC(187)   Other: 0.5ms
[2025-11-02T22:12:14.327+0000][gc,heap       ] GC(187) Eden regions: 37->0(45)
[2025-11-02T22:12:14.327+0000][gc,heap       ] GC(187) Survivor regions: 4->4(6)
[2025-11-02T22:12:14.327+0000][gc,heap       ] GC(187) Old regions: 94->96
[2025-11-02T22:12:14.327+0000][gc,heap       ] GC(187) Humongous regions: 147->147
[2025-11-02T22:12:14.327+0000][gc,metaspace  ] GC(187) Metaspace: 52718K(56240K)->52718K(56240K) NonClass: 46868K(48816K)->46868K(48816K) Class: 5850K(7424K)->5850K(7424K)
[2025-11-02T22:12:14.327+0000][gc            ] GC(187) Pause Young (Normal) (G1 Evacuation Pause) 281M->246M(693M) 11.374ms
[2025-11-02T22:12:14.328+0000][gc,cpu        ] GC(187) User=0.02s Sys=0.00s Real=0.01s
[2025-11-02T22:14:41.664+0000][gc,start      ] GC(188) Pause Young (Concurrent Start) (G1 Evacuation Pause)
[2025-11-02T22:14:41.665+0000][gc,task       ] GC(188) Using 2 workers of 2 for evacuation
[2025-11-02T22:14:41.679+0000][gc,phases     ] GC(188)   Pre Evacuate Collection Set: 0.2ms
[2025-11-02T22:14:41.679+0000][gc,phases     ] GC(188)   Evacuate Collection Set: 12.4ms
[2025-11-02T22:14:41.679+0000][gc,phases     ] GC(188)   Post Evacuate Collection Set: 0.7ms
[2025-11-02T22:14:41.679+0000][gc,phases     ] GC(188)   Other: 1.2ms
[2025-11-02T22:14:41.680+0000][gc,heap       ] GC(188) Eden regions: 45->0(42)
[2025-11-02T22:14:41.680+0000][gc,heap       ] GC(188) Survivor regions: 4->7(7)
[2025-11-02T22:14:41.680+0000][gc,heap       ] GC(188) Old regions: 96->97
[2025-11-02T22:14:41.680+0000][gc,heap       ] GC(188) Humongous regions: 147->147
[2025-11-02T22:14:41.680+0000][gc,metaspace  ] GC(188) Metaspace: 52718K(56240K)->52718K(56240K) NonClass: 46868K(48816K)->46868K(48816K) Class: 5850K(7424K)->5850K(7424K)
[2025-11-02T22:14:41.680+0000][gc            ] GC(188) Pause Young (Concurrent Start) (G1 Evacuation Pause) 291M->250M(693M) 15.753ms
[2025-11-02T22:14:41.680+0000][gc,cpu        ] GC(188) User=0.02s Sys=0.00s Real=0.01s
[2025-11-02T22:14:41.681+0000][gc            ] GC(189) Concurrent Cycle
[2025-11-02T22:14:41.681+0000][gc,marking    ] GC(189) Concurrent Clear Claimed Marks
[2025-11-02T22:14:41.681+0000][gc,marking    ] GC(189) Concurrent Clear Claimed Marks 0.308ms
[2025-11-02T22:14:41.681+0000][gc,marking    ] GC(189) Concurrent Scan Root Regions
[2025-11-02T22:14:41.686+0000][gc,marking    ] GC(189) Concurrent Scan Root Regions 4.799ms
[2025-11-02T22:14:41.686+0000][gc,marking    ] GC(189) Concurrent Mark (4846.593s)
[2025-11-02T22:14:41.686+0000][gc,marking    ] GC(189) Concurrent Mark From Roots
[2025-11-02T22:14:41.687+0000][gc,task       ] GC(189) Using 1 workers of 1 for marking
[2025-11-02T22:14:41.719+0000][gc,marking    ] GC(189) Concurrent Mark From Roots 32.270ms
[2025-11-02T22:14:41.719+0000][gc,marking    ] GC(189) Concurrent Preclean
[2025-11-02T22:14:41.719+0000][gc,marking    ] GC(189) Concurrent Preclean 0.261ms
[2025-11-02T22:14:41.719+0000][gc,marking    ] GC(189) Concurrent Mark (4846.593s, 4846.626s) 32.988ms
[2025-11-02T22:14:41.720+0000][gc,start      ] GC(189) Pause Remark
[2025-11-02T22:14:41.728+0000][gc,stringtable] GC(189) Cleaned string and symbol table, strings: 16680 processed, 7 removed, symbols: 123870 processed, 167 removed
[2025-11-02T22:14:41.729+0000][gc            ] GC(189) Pause Remark 250M->234M(693M) 9.096ms
[2025-11-02T22:14:41.729+0000][gc,cpu        ] GC(189) User=0.02s Sys=0.00s Real=0.01s
[2025-11-02T22:14:41.729+0000][gc,marking    ] GC(189) Concurrent Rebuild Remembered Sets
[2025-11-02T22:14:41.749+0000][gc,marking    ] GC(189) Concurrent Rebuild Remembered Sets 19.942ms
[2025-11-02T22:14:41.750+0000][gc,start      ] GC(189) Pause Cleanup
[2025-11-02T22:14:41.750+0000][gc            ] GC(189) Pause Cleanup 234M->234M(693M) 0.431ms
[2025-11-02T22:14:41.750+0000][gc,cpu        ] GC(189) User=0.00s Sys=0.00s Real=0.00s
[2025-11-02T22:14:41.750+0000][gc,marking    ] GC(189) Concurrent Cleanup for Next Mark
[2025-11-02T22:14:41.752+0000][gc,marking    ] GC(189) Concurrent Cleanup for Next Mark 1.211ms
[2025-11-02T22:14:41.752+0000][gc            ] GC(189) Concurrent Cycle 71.239ms
[2025-11-02T22:16:42.459+0000][gc,start      ] GC(190) Pause Young (Prepare Mixed) (G1 Evacuation Pause)
[2025-11-02T22:16:42.460+0000][gc,task       ] GC(190) Using 2 workers of 2 for evacuation
[2025-11-02T22:16:42.476+0000][gc,phases     ] GC(190)   Pre Evacuate Collection Set: 0.0ms
[2025-11-02T22:16:42.476+0000][gc,phases     ] GC(190)   Evacuate Collection Set: 15.3ms
[2025-11-02T22:16:42.476+0000][gc,phases     ] GC(190)   Post Evacuate Collection Set: 0.7ms
[2025-11-02T22:16:42.476+0000][gc,phases     ] GC(190)   Other: 0.8ms
[2025-11-02T22:16:42.477+0000][gc,heap       ] GC(190) Eden regions: 38->0(30)
[2025-11-02T22:16:42.477+0000][gc,heap       ] GC(190) Survivor regions: 7->4(6)
[2025-11-02T22:16:42.477+0000][gc,heap       ] GC(190) Old regions: 81->86
[2025-11-02T22:16:42.477+0000][gc,heap       ] GC(190) Humongous regions: 147->147
[2025-11-02T22:16:42.477+0000][gc,metaspace  ] GC(190) Metaspace: 52718K(56240K)->52718K(56240K) NonClass: 46868K(48816K)->46868K(48816K) Class: 5850K(7424K)->5850K(7424K)
[2025-11-02T22:16:42.477+0000][gc            ] GC(190) Pause Young (Prepare Mixed) (G1 Evacuation Pause) 272M->236M(693M) 18.214ms
[2025-11-02T22:16:42.478+0000][gc,cpu        ] GC(190) User=0.04s Sys=0.00s Real=0.01s
[2025-11-02T22:18:19.351+0000][gc,start      ] GC(191) Pause Young (Mixed) (G1 Evacuation Pause)
[2025-11-02T22:18:19.351+0000][gc,task       ] GC(191) Using 2 workers of 2 for evacuation
[2025-11-02T22:18:19.367+0000][gc,phases     ] GC(191)   Pre Evacuate Collection Set: 0.0ms
[2025-11-02T22:18:19.367+0000][gc,phases     ] GC(191)   Evacuate Collection Set: 14.4ms
[2025-11-02T22:18:19.368+0000][gc,phases     ] GC(191)   Post Evacuate Collection Set: 0.8ms
[2025-11-02T22:18:19.368+0000][gc,phases     ] GC(191)   Other: 1.1ms
[2025-11-02T22:18:19.368+0000][gc,heap       ] GC(191) Eden regions: 30->0(30)
[2025-11-02T22:18:19.368+0000][gc,heap       ] GC(191) Survivor regions: 4->4(5)
[2025-11-02T22:18:19.368+0000][gc,heap       ] GC(191) Old regions: 86->64
[2025-11-02T22:18:19.369+0000][gc,heap       ] GC(191) Humongous regions: 147->147
[2025-11-02T22:18:19.369+0000][gc,metaspace  ] GC(191) Metaspace: 52718K(56240K)->52718K(56240K) NonClass: 46868K(48816K)->46868K(48816K) Class: 5850K(7424K)->5850K(7424K)
[2025-11-02T22:18:19.369+0000][gc            ] GC(191) Pause Young (Mixed) (G1 Evacuation Pause) 266M->214M(693M) 18.108ms
[2025-11-02T22:18:19.369+0000][gc,cpu        ] GC(191) User=0.03s Sys=0.00s Real=0.01s
[2025-11-02T22:19:56.721+0000][gc,start      ] GC(192) Pause Young (Mixed) (G1 Evacuation Pause)
[2025-11-02T22:19:56.721+0000][gc,task       ] GC(192) Using 2 workers of 2 for evacuation
[2025-11-02T22:19:56.731+0000][gc,phases     ] GC(192)   Pre Evacuate Collection Set: 0.0ms
[2025-11-02T22:19:56.731+0000][gc,phases     ] GC(192)   Evacuate Collection Set: 8.9ms
[2025-11-02T22:19:56.731+0000][gc,phases     ] GC(192)   Post Evacuate Collection Set: 0.6ms
[2025-11-02T22:19:56.731+0000][gc,phases     ] GC(192)   Other: 0.5ms
[2025-11-02T22:19:56.732+0000][gc,heap       ] GC(192) Eden regions: 30->0(45)
[2025-11-02T22:19:56.732+0000][gc,heap       ] GC(192) Survivor regions: 4->4(5)
[2025-11-02T22:19:56.732+0000][gc,heap       ] GC(192) Old regions: 64->65
[2025-11-02T22:19:56.732+0000][gc,heap       ] GC(192) Humongous regions: 147->147
[2025-11-02T22:19:56.732+0000][gc,metaspace  ] GC(192) Metaspace: 52723K(56240K)->52723K(56240K) NonClass: 46873K(48816K)->46873K(48816K) Class: 5850K(7424K)->5850K(7424K)
[2025-11-02T22:19:56.732+0000][gc            ] GC(192) Pause Young (Mixed) (G1 Evacuation Pause) 244M->215M(693M) 11.531ms
[2025-11-02T22:19:56.732+0000][gc,cpu        ] GC(192) User=0.02s Sys=0.00s Real=0.02s
[2025-11-02T22:22:01.843+0000][gc,start      ] GC(193) Pause Young (Normal) (G1 Evacuation Pause)
[2025-11-02T22:22:01.844+0000][gc,task       ] GC(193) Using 2 workers of 2 for evacuation
[2025-11-02T22:22:01.856+0000][gc,phases     ] GC(193)   Pre Evacuate Collection Set: 0.0ms
[2025-11-02T22:22:01.856+0000][gc,phases     ] GC(193)   Evacuate Collection Set: 10.6ms
[2025-11-02T22:22:01.856+0000][gc,phases     ] GC(193)   Post Evacuate Collection Set: 0.6ms
[2025-11-02T22:22:01.856+0000][gc,phases     ] GC(193)   Other: 0.9ms
[2025-11-02T22:22:01.856+0000][gc,heap       ] GC(193) Eden regions: 43->0(49)
[2025-11-02T22:22:01.856+0000][gc,heap       ] GC(193) Survivor regions: 4->3(6)
[2025-11-02T22:22:01.857+0000][gc,heap       ] GC(193) Old regions: 65->68
[2025-11-02T22:22:01.857+0000][gc,heap       ] GC(193) Humongous regions: 147->147
[2025-11-02T22:22:01.857+0000][gc,metaspace  ] GC(193) Metaspace: 52740K(56240K)->52740K(56240K) NonClass: 46890K(48816K)->46890K(48816K) Class: 5850K(7424K)->5850K(7424K)
[2025-11-02T22:22:01.857+0000][gc            ] GC(193) Pause Young (Normal) (G1 Evacuation Pause) 258M->217M(693M) 13.759ms
[2025-11-02T22:22:01.857+0000][gc,cpu        ] GC(193) User=0.03s Sys=0.00s Real=0.01s
[2025-11-02T22:24:43.230+0000][gc,start      ] GC(194) Pause Young (Normal) (G1 Evacuation Pause)
[2025-11-02T22:24:43.230+0000][gc,task       ] GC(194) Using 2 workers of 2 for evacuation
[2025-11-02T22:24:43.244+0000][gc,phases     ] GC(194)   Pre Evacuate Collection Set: 0.0ms
[2025-11-02T22:24:43.244+0000][gc,phases     ] GC(194)   Evacuate Collection Set: 13.1ms
[2025-11-02T22:24:43.245+0000][gc,phases     ] GC(194)   Post Evacuate Collection Set: 0.8ms
[2025-11-02T22:24:43.245+0000][gc,phases     ] GC(194)   Other: 0.7ms
[2025-11-02T22:24:43.245+0000][gc,heap       ] GC(194) Eden regions: 49->0(50)
[2025-11-02T22:24:43.246+0000][gc,heap       ] GC(194) Survivor regions: 3->7(7)
[2025-11-02T22:24:43.246+0000][gc,heap       ] GC(194) Old regions: 68->68
[2025-11-02T22:24:43.246+0000][gc,heap       ] GC(194) Humongous regions: 147->147
[2025-11-02T22:24:43.246+0000][gc,metaspace  ] GC(194) Metaspace: 52740K(56240K)->52740K(56240K) NonClass: 46890K(48816K)->46890K(48816K) Class: 5850K(7424K)->5850K(7424K)
[2025-11-02T22:24:43.247+0000][gc            ] GC(194) Pause Young (Normal) (G1 Evacuation Pause) 266M->220M(693M) 17.193ms
[2025-11-02T22:24:43.247+0000][gc,cpu        ] GC(194) User=0.02s Sys=0.00s Real=0.02s
[2025-11-02T22:27:25.756+0000][gc,start      ] GC(195) Pause Young (Normal) (G1 Evacuation Pause)
[2025-11-02T22:27:25.756+0000][gc,task       ] GC(195) Using 2 workers of 2 for evacuation
[2025-11-02T22:27:25.774+0000][gc,phases     ] GC(195)   Pre Evacuate Collection Set: 0.0ms
[2025-11-02T22:27:25.774+0000][gc,phases     ] GC(195)   Evacuate Collection Set: 17.0ms
[2025-11-02T22:27:25.774+0000][gc,phases     ] GC(195)   Post Evacuate Collection Set: 0.7ms
[2025-11-02T22:27:25.775+0000][gc,phases     ] GC(195)   Other: 0.5ms
[2025-11-02T22:27:25.775+0000][gc,heap       ] GC(195) Eden regions: 50->0(48)
[2025-11-02T22:27:25.775+0000][gc,heap       ] GC(195) Survivor regions: 7->8(8)
[2025-11-02T22:27:25.775+0000][gc,heap       ] GC(195) Old regions: 68->71
[2025-11-02T22:27:25.775+0000][gc,heap       ] GC(195) Humongous regions: 147->147
[2025-11-02T22:27:25.775+0000][gc,metaspace  ] GC(195) Metaspace: 52745K(56240K)->52745K(56240K) NonClass: 46895K(48816K)->46895K(48816K) Class: 5850K(7424K)->5850K(7424K)
[2025-11-02T22:27:25.775+0000][gc            ] GC(195) Pause Young (Normal) (G1 Evacuation Pause) 270M->225M(693M) 19.579ms
[2025-11-02T22:27:25.776+0000][gc,cpu        ] GC(195) User=0.04s Sys=0.00s Real=0.02s
[2025-11-02T22:30:38.277+0000][gc,start      ] GC(196) Pause Young (Normal) (G1 Evacuation Pause)
[2025-11-02T22:30:38.277+0000][gc,task       ] GC(196) Using 2 workers of 2 for evacuation
[2025-11-02T22:30:38.293+0000][gc,phases     ] GC(196)   Pre Evacuate Collection Set: 0.0ms
[2025-11-02T22:30:38.293+0000][gc,phases     ] GC(196)   Evacuate Collection Set: 15.0ms
[2025-11-02T22:30:38.293+0000][gc,phases     ] GC(196)   Post Evacuate Collection Set: 0.7ms
[2025-11-02T22:30:38.294+0000][gc,phases     ] GC(196)   Other: 0.6ms
[2025-11-02T22:30:38.294+0000][gc,heap       ] GC(196) Eden regions: 48->0(50)
[2025-11-02T22:30:38.294+0000][gc,heap       ] GC(196) Survivor regions: 8->5(7)
[2025-11-02T22:30:38.294+0000][gc,heap       ] GC(196) Old regions: 71->77
[2025-11-02T22:30:38.294+0000][gc,heap       ] GC(196) Humongous regions: 147->147
[2025-11-02T22:30:38.294+0000][gc,metaspace  ] GC(196) Metaspace: 52762K(56240K)->52762K(56240K) NonClass: 46912K(48816K)->46912K(48816K) Class: 5850K(7424K)->5850K(7424K)
[2025-11-02T22:30:38.294+0000][gc            ] GC(196) Pause Young (Normal) (G1 Evacuation Pause) 273M->227M(693M) 17.737ms
[2025-11-02T22:30:38.295+0000][gc,cpu        ] GC(196) User=0.03s Sys=0.00s Real=0.02s
[2025-11-02T22:34:12.698+0000][gc,start      ] GC(197) Pause Young (Normal) (G1 Evacuation Pause)
[2025-11-02T22:34:12.698+0000][gc,task       ] GC(197) Using 2 workers of 2 for evacuation
[2025-11-02T22:34:12.710+0000][gc,phases     ] GC(197)   Pre Evacuate Collection Set: 0.0ms
[2025-11-02T22:34:12.710+0000][gc,phases     ] GC(197)   Evacuate Collection Set: 10.8ms
[2025-11-02T22:34:12.710+0000][gc,phases     ] GC(197)   Post Evacuate Collection Set: 0.6ms
[2025-11-02T22:34:12.710+0000][gc,phases     ] GC(197)   Other: 0.7ms
[2025-11-02T22:34:12.710+0000][gc,heap       ] GC(197) Eden regions: 50->0(53)
[2025-11-02T22:34:12.710+0000][gc,heap       ] GC(197) Survivor regions: 5->4(7)
[2025-11-02T22:34:12.711+0000][gc,heap       ] GC(197) Old regions: 77->80
[2025-11-02T22:34:12.711+0000][gc,heap       ] GC(197) Humongous regions: 147->147
[2025-11-02T22:34:12.711+0000][gc,metaspace  ] GC(197) Metaspace: 52764K(56240K)->52764K(56240K) NonClass: 46914K(48816K)->46914K(48816K) Class: 5850K(7424K)->5850K(7424K)
[2025-11-02T22:34:12.711+0000][gc            ] GC(197) Pause Young (Normal) (G1 Evacuation Pause) 277M->230M(693M) 13.242ms
[2025-11-02T22:34:12.711+0000][gc,cpu        ] GC(197) User=0.02s Sys=0.00s Real=0.02s
[2025-11-02T22:36:39.607+0000][gc,start      ] GC(198) Pause Young (Normal) (G1 Evacuation Pause)
[2025-11-02T22:36:39.608+0000][gc,task       ] GC(198) Using 2 workers of 2 for evacuation
[2025-11-02T22:36:39.653+0000][gc,mmu        ] GC(198) MMU target violated: 21.0ms (20.0ms/21.0ms)
[2025-11-02T22:36:39.655+0000][gc,phases     ] GC(198)   Pre Evacuate Collection Set: 0.0ms
[2025-11-02T22:36:39.656+0000][gc,phases     ] GC(198)   Evacuate Collection Set: 43.6ms
[2025-11-02T22:36:39.656+0000][gc,phases     ] GC(198)   Post Evacuate Collection Set: 1.5ms
[2025-11-02T22:36:39.657+0000][gc,phases     ] GC(198)   Other: 3.1ms
[2025-11-02T22:36:39.657+0000][gc,heap       ] GC(198) Eden regions: 53->0(27)
[2025-11-02T22:36:39.659+0000][gc,heap       ] GC(198) Survivor regions: 4->7(8)
[2025-11-02T22:36:39.660+0000][gc,heap       ] GC(198) Old regions: 80->80
[2025-11-02T22:36:39.660+0000][gc,heap       ] GC(198) Humongous regions: 147->147
[2025-11-02T22:36:39.661+0000][gc,metaspace  ] GC(198) Metaspace: 52860K(56496K)->52860K(56496K) NonClass: 47010K(49072K)->47010K(49072K) Class: 5850K(7424K)->5850K(7424K)
[2025-11-02T22:36:39.661+0000][gc            ] GC(198) Pause Young (Normal) (G1 Evacuation Pause) 283M->233M(693M) 53.798ms
[2025-11-02T22:36:39.662+0000][gc,cpu        ] GC(198) User=0.08s Sys=0.00s Real=0.05s
[2025-11-02T22:37:02.139+0000][gc,start      ] GC(199) Pause Young (Normal) (G1 Evacuation Pause)
[2025-11-02T22:37:02.140+0000][gc,task       ] GC(199) Using 2 workers of 2 for evacuation
[2025-11-02T22:37:02.169+0000][gc,mmu        ] GC(199) MMU target violated: 21.0ms (20.0ms/21.0ms)
[2025-11-02T22:37:02.169+0000][gc,phases     ] GC(199)   Pre Evacuate Collection Set: 0.0ms
[2025-11-02T22:37:02.170+0000][gc,phases     ] GC(199)   Evacuate Collection Set: 27.8ms
[2025-11-02T22:37:02.170+0000][gc,phases     ] GC(199)   Post Evacuate Collection Set: 1.1ms
[2025-11-02T22:37:02.170+0000][gc,phases     ] GC(199)   Other: 1.3ms
[2025-11-02T22:37:02.170+0000][gc,heap       ] GC(199) Eden regions: 27->0(30)
[2025-11-02T22:37:02.171+0000][gc,heap       ] GC(199) Survivor regions: 7->4(5)
[2025-11-02T22:37:02.171+0000][gc,heap       ] GC(199) Old regions: 80->86
[2025-11-02T22:37:02.171+0000][gc,heap       ] GC(199) Humongous regions: 147->147
[2025-11-02T22:37:02.172+0000][gc,metaspace  ] GC(199) Metaspace: 52907K(56496K)->52907K(56496K) NonClass: 47056K(49072K)->47056K(49072K) Class: 5850K(7424K)->5850K(7424K)
[2025-11-02T22:37:02.172+0000][gc            ] GC(199) Pause Young (Normal) (G1 Evacuation Pause) 260M->236M(693M) 32.634ms
[2025-11-02T22:37:02.172+0000][gc,cpu        ] GC(199) User=0.06s Sys=0.00s Real=0.03s
[2025-11-02T22:37:30.791+0000][gc,start      ] GC(200) Pause Young (Normal) (G1 Evacuation Pause)
[2025-11-02T22:37:30.791+0000][gc,task       ] GC(200) Using 2 workers of 2 for evacuation
[2025-11-02T22:37:30.800+0000][gc,phases     ] GC(200)   Pre Evacuate Collection Set: 0.0ms
[2025-11-02T22:37:30.801+0000][gc,phases     ] GC(200)   Evacuate Collection Set: 8.4ms
[2025-11-02T22:37:30.801+0000][gc,phases     ] GC(200)   Post Evacuate Collection Set: 0.7ms
[2025-11-02T22:37:30.801+0000][gc,phases     ] GC(200)   Other: 0.6ms
[2025-11-02T22:37:30.801+0000][gc,heap       ] GC(200) Eden regions: 30->0(30)
[2025-11-02T22:37:30.802+0000][gc,heap       ] GC(200) Survivor regions: 4->4(5)
[2025-11-02T22:37:30.802+0000][gc,heap       ] GC(200) Old regions: 86->88
[2025-11-02T22:37:30.802+0000][gc,heap       ] GC(200) Humongous regions: 147->147
[2025-11-02T22:37:30.803+0000][gc,metaspace  ] GC(200) Metaspace: 52907K(56496K)->52907K(56496K) NonClass: 47056K(49072K)->47056K(49072K) Class: 5850K(7424K)->5850K(7424K)
[2025-11-02T22:37:30.803+0000][gc            ] GC(200) Pause Young (Normal) (G1 Evacuation Pause) 266M->238M(693M) 12.051ms
[2025-11-02T22:37:30.803+0000][gc,cpu        ] GC(200) User=0.02s Sys=0.00s Real=0.01s
[2025-11-02T22:38:00.048+0000][gc,start      ] GC(201) Pause Young (Normal) (G1 Evacuation Pause)
[2025-11-02T22:38:00.048+0000][gc,task       ] GC(201) Using 2 workers of 2 for evacuation
[2025-11-02T22:38:00.074+0000][gc,mmu        ] GC(201) MMU target violated: 21.0ms (20.0ms/21.0ms)
[2025-11-02T22:38:00.075+0000][gc,phases     ] GC(201)   Pre Evacuate Collection Set: 0.1ms
[2025-11-02T22:38:00.075+0000][gc,phases     ] GC(201)   Evacuate Collection Set: 22.9ms
[2025-11-02T22:38:00.076+0000][gc,phases     ] GC(201)   Post Evacuate Collection Set: 1.9ms
[2025-11-02T22:38:00.076+0000][gc,phases     ] GC(201)   Other: 2.4ms
[2025-11-02T22:38:00.077+0000][gc,heap       ] GC(201) Eden regions: 30->0(31)
[2025-11-02T22:38:00.078+0000][gc,heap       ] GC(201) Survivor regions: 4->3(5)
[2025-11-02T22:38:00.079+0000][gc,heap       ] GC(201) Old regions: 88->90
[2025-11-02T22:38:00.080+0000][gc,heap       ] GC(201) Humongous regions: 147->147
[2025-11-02T22:38:00.080+0000][gc,metaspace  ] GC(201) Metaspace: 52907K(56496K)->52907K(56496K) NonClass: 47056K(49072K)->47056K(49072K) Class: 5850K(7424K)->5850K(7424K)
[2025-11-02T22:38:00.081+0000][gc            ] GC(201) Pause Young (Normal) (G1 Evacuation Pause) 268M->239M(693M) 33.287ms
[2025-11-02T22:38:00.082+0000][gc,cpu        ] GC(201) User=0.05s Sys=0.00s Real=0.04s
[2025-11-02T22:38:30.026+0000][gc,start      ] GC(202) Pause Young (Normal) (G1 Evacuation Pause)
[2025-11-02T22:38:30.027+0000][gc,task       ] GC(202) Using 2 workers of 2 for evacuation
[2025-11-02T22:38:30.045+0000][gc,phases     ] GC(202)   Pre Evacuate Collection Set: 0.0ms
[2025-11-02T22:38:30.045+0000][gc,phases     ] GC(202)   Evacuate Collection Set: 15.9ms
[2025-11-02T22:38:30.046+0000][gc,phases     ] GC(202)   Post Evacuate Collection Set: 1.3ms
[2025-11-02T22:38:30.046+0000][gc,phases     ] GC(202)   Other: 1.1ms
[2025-11-02T22:38:30.047+0000][gc,heap       ] GC(202) Eden regions: 31->0(30)
[2025-11-02T22:38:30.047+0000][gc,heap       ] GC(202) Survivor regions: 3->4(5)
[2025-11-02T22:38:30.047+0000][gc,heap       ] GC(202) Old regions: 90->90
[2025-11-02T22:38:30.048+0000][gc,heap       ] GC(202) Humongous regions: 147->147
[2025-11-02T22:38:30.048+0000][gc,metaspace  ] GC(202) Metaspace: 52907K(56496K)->52907K(56496K) NonClass: 47056K(49072K)->47056K(49072K) Class: 5850K(7424K)->5850K(7424K)
[2025-11-02T22:38:30.049+0000][gc            ] GC(202) Pause Young (Normal) (G1 Evacuation Pause) 270M->240M(693M) 22.108ms
[2025-11-02T22:38:30.049+0000][gc,cpu        ] GC(202) User=0.03s Sys=0.00s Real=0.03s
[2025-11-02T22:38:59.602+0000][gc,start      ] GC(203) Pause Young (Normal) (G1 Evacuation Pause)
[2025-11-02T22:38:59.603+0000][gc,task       ] GC(203) Using 2 workers of 2 for evacuation
[2025-11-02T22:38:59.615+0000][gc,phases     ] GC(203)   Pre Evacuate Collection Set: 0.0ms
[2025-11-02T22:38:59.616+0000][gc,phases     ] GC(203)   Evacuate Collection Set: 10.6ms
[2025-11-02T22:38:59.616+0000][gc,phases     ] GC(203)   Post Evacuate Collection Set: 1.5ms
[2025-11-02T22:38:59.616+0000][gc,phases     ] GC(203)   Other: 1.0ms
[2025-11-02T22:38:59.616+0000][gc,heap       ] GC(203) Eden regions: 30->0(30)
[2025-11-02T22:38:59.616+0000][gc,heap       ] GC(203) Survivor regions: 4->4(5)
[2025-11-02T22:38:59.617+0000][gc,heap       ] GC(203) Old regions: 90->92
[2025-11-02T22:38:59.617+0000][gc,heap       ] GC(203) Humongous regions: 147->147
[2025-11-02T22:38:59.617+0000][gc,metaspace  ] GC(203) Metaspace: 52907K(56496K)->52907K(56496K) NonClass: 47056K(49072K)->47056K(49072K) Class: 5850K(7424K)->5850K(7424K)
[2025-11-02T22:38:59.617+0000][gc            ] GC(203) Pause Young (Normal) (G1 Evacuation Pause) 270M->241M(693M) 15.028ms
[2025-11-02T22:38:59.617+0000][gc,cpu        ] GC(203) User=0.02s Sys=0.00s Real=0.01s
[2025-11-02T22:39:28.799+0000][gc,start      ] GC(204) Pause Young (Normal) (G1 Evacuation Pause)
[2025-11-02T22:39:28.800+0000][gc,task       ] GC(204) Using 2 workers of 2 for evacuation
[2025-11-02T22:39:28.809+0000][gc,phases     ] GC(204)   Pre Evacuate Collection Set: 0.0ms
[2025-11-02T22:39:28.809+0000][gc,phases     ] GC(204)   Evacuate Collection Set: 7.8ms
[2025-11-02T22:39:28.809+0000][gc,phases     ] GC(204)   Post Evacuate Collection Set: 0.6ms
[2025-11-02T22:39:28.809+0000][gc,phases     ] GC(204)   Other: 1.0ms
[2025-11-02T22:39:28.809+0000][gc,heap       ] GC(204) Eden regions: 30->0(32)
[2025-11-02T22:39:28.809+0000][gc,heap       ] GC(204) Survivor regions: 4->3(5)
[2025-11-02T22:39:28.810+0000][gc,heap       ] GC(204) Old regions: 92->93
[2025-11-02T22:39:28.810+0000][gc,heap       ] GC(204) Humongous regions: 147->147
[2025-11-02T22:39:28.810+0000][gc,metaspace  ] GC(204) Metaspace: 52907K(56496K)->52907K(56496K) NonClass: 47056K(49072K)->47056K(49072K) Class: 5850K(7424K)->5850K(7424K)
[2025-11-02T22:39:28.810+0000][gc            ] GC(204) Pause Young (Normal) (G1 Evacuation Pause) 271M->242M(693M) 10.693ms
[2025-11-02T22:39:28.810+0000][gc,cpu        ] GC(204) User=0.02s Sys=0.00s Real=0.01s
[2025-11-02T22:40:00.178+0000][gc,start      ] GC(205) Pause Young (Normal) (G1 Evacuation Pause)
[2025-11-02T22:40:00.178+0000][gc,task       ] GC(205) Using 2 workers of 2 for evacuation
[2025-11-02T22:40:00.189+0000][gc,phases     ] GC(205)   Pre Evacuate Collection Set: 0.0ms
[2025-11-02T22:40:00.189+0000][gc,phases     ] GC(205)   Evacuate Collection Set: 10.0ms
[2025-11-02T22:40:00.190+0000][gc,phases     ] GC(205)   Post Evacuate Collection Set: 0.8ms
[2025-11-02T22:40:00.190+0000][gc,phases     ] GC(205)   Other: 0.7ms
[2025-11-02T22:40:00.190+0000][gc,heap       ] GC(205) Eden regions: 32->0(35)
[2025-11-02T22:40:00.190+0000][gc,heap       ] GC(205) Survivor regions: 3->3(5)
[2025-11-02T22:40:00.190+0000][gc,heap       ] GC(205) Old regions: 93->94
[2025-11-02T22:40:00.190+0000][gc,heap       ] GC(205) Humongous regions: 147->147
[2025-11-02T22:40:00.190+0000][gc,metaspace  ] GC(205) Metaspace: 52907K(56496K)->52907K(56496K) NonClass: 47056K(49072K)->47056K(49072K) Class: 5850K(7424K)->5850K(7424K)
[2025-11-02T22:40:00.191+0000][gc            ] GC(205) Pause Young (Normal) (G1 Evacuation Pause) 274M->243M(693M) 12.971ms
[2025-11-02T22:40:00.191+0000][gc,cpu        ] GC(205) User=0.02s Sys=0.00s Real=0.02s
[2025-11-02T22:40:30.301+0000][gc,start      ] GC(206) Pause Young (Normal) (G1 Evacuation Pause)
[2025-11-02T22:40:30.302+0000][gc,task       ] GC(206) Using 2 workers of 2 for evacuation
[2025-11-02T22:40:30.312+0000][gc,phases     ] GC(206)   Pre Evacuate Collection Set: 0.0ms
[2025-11-02T22:40:30.312+0000][gc,phases     ] GC(206)   Evacuate Collection Set: 9.2ms
[2025-11-02T22:40:30.312+0000][gc,phases     ] GC(206)   Post Evacuate Collection Set: 0.7ms
[2025-11-02T22:40:30.313+0000][gc,phases     ] GC(206)   Other: 1.3ms
[2025-11-02T22:40:30.313+0000][gc,heap       ] GC(206) Eden regions: 31->0(36)
[2025-11-02T22:40:30.313+0000][gc,heap       ] GC(206) Survivor regions: 3->3(5)
[2025-11-02T22:40:30.313+0000][gc,heap       ] GC(206) Old regions: 94->95
[2025-11-02T22:40:30.313+0000][gc,heap       ] GC(206) Humongous regions: 147->147
[2025-11-02T22:40:30.313+0000][gc,metaspace  ] GC(206) Metaspace: 52908K(56496K)->52908K(56496K) NonClass: 47057K(49072K)->47057K(49072K) Class: 5850K(7424K)->5850K(7424K)
[2025-11-02T22:40:30.314+0000][gc            ] GC(206) Pause Young (Normal) (G1 Evacuation Pause) 274M->244M(693M) 12.769ms
[2025-11-02T22:40:30.314+0000][gc,cpu        ] GC(206) User=0.02s Sys=0.00s Real=0.01s
[2025-11-02T22:41:01.968+0000][gc,start      ] GC(207) Pause Young (Normal) (G1 Evacuation Pause)
[2025-11-02T22:41:01.971+0000][gc,task       ] GC(207) Using 2 workers of 2 for evacuation
[2025-11-02T22:41:01.984+0000][gc,phases     ] GC(207)   Pre Evacuate Collection Set: 0.0ms
[2025-11-02T22:41:01.985+0000][gc,phases     ] GC(207)   Evacuate Collection Set: 11.6ms
[2025-11-02T22:41:01.985+0000][gc,phases     ] GC(207)   Post Evacuate Collection Set: 0.9ms
[2025-11-02T22:41:01.985+0000][gc,phases     ] GC(207)   Other: 3.3ms
[2025-11-02T22:41:01.985+0000][gc,heap       ] GC(207) Eden regions: 32->0(37)
[2025-11-02T22:41:01.985+0000][gc,heap       ] GC(207) Survivor regions: 3->3(5)
[2025-11-02T22:41:01.986+0000][gc,heap       ] GC(207) Old regions: 95->97
[2025-11-02T22:41:01.986+0000][gc,heap       ] GC(207) Humongous regions: 147->147
[2025-11-02T22:41:01.986+0000][gc,metaspace  ] GC(207) Metaspace: 52908K(56496K)->52908K(56496K) NonClass: 47057K(49072K)->47057K(49072K) Class: 5850K(7424K)->5850K(7424K)
[2025-11-02T22:41:01.987+0000][gc            ] GC(207) Pause Young (Normal) (G1 Evacuation Pause) 276M->245M(693M) 18.087ms
[2025-11-02T22:41:01.987+0000][gc,cpu        ] GC(207) User=0.02s Sys=0.00s Real=0.02s
[2025-11-02T22:42:46.310+0000][gc,start      ] GC(208) Pause Young (Concurrent Start) (G1 Evacuation Pause)
[2025-11-02T22:42:46.311+0000][gc,task       ] GC(208) Using 2 workers of 2 for evacuation
[2025-11-02T22:42:46.323+0000][gc,phases     ] GC(208)   Pre Evacuate Collection Set: 0.2ms
[2025-11-02T22:42:46.324+0000][gc,phases     ] GC(208)   Evacuate Collection Set: 11.0ms
[2025-11-02T22:42:46.324+0000][gc,phases     ] GC(208)   Post Evacuate Collection Set: 0.7ms
[2025-11-02T22:42:46.324+0000][gc,phases     ] GC(208)   Other: 1.2ms
[2025-11-02T22:42:46.324+0000][gc,heap       ] GC(208) Eden regions: 33->0(36)
[2025-11-02T22:42:46.325+0000][gc,heap       ] GC(208) Survivor regions: 3->5(5)
[2025-11-02T22:42:46.325+0000][gc,heap       ] GC(208) Old regions: 97->97
[2025-11-02T22:42:46.325+0000][gc,heap       ] GC(208) Humongous regions: 147->147
[2025-11-02T22:42:46.325+0000][gc,metaspace  ] GC(208) Metaspace: 52911K(56496K)->52911K(56496K) NonClass: 47061K(49072K)->47061K(49072K) Class: 5850K(7424K)->5850K(7424K)
[2025-11-02T22:42:46.325+0000][gc            ] GC(208) Pause Young (Concurrent Start) (G1 Evacuation Pause) 278M->247M(693M) 15.049ms
[2025-11-02T22:42:46.326+0000][gc,cpu        ] GC(208) User=0.03s Sys=0.00s Real=0.02s
[2025-11-02T22:42:46.326+0000][gc            ] GC(209) Concurrent Cycle
[2025-11-02T22:42:46.326+0000][gc,marking    ] GC(209) Concurrent Clear Claimed Marks
[2025-11-02T22:42:46.327+0000][gc,marking    ] GC(209) Concurrent Clear Claimed Marks 0.394ms
[2025-11-02T22:42:46.327+0000][gc,marking    ] GC(209) Concurrent Scan Root Regions
[2025-11-02T22:42:46.332+0000][gc,marking    ] GC(209) Concurrent Scan Root Regions 5.021ms
[2025-11-02T22:42:46.332+0000][gc,marking    ] GC(209) Concurrent Mark (6531.248s)
[2025-11-02T22:42:46.332+0000][gc,marking    ] GC(209) Concurrent Mark From Roots
[2025-11-02T22:42:46.332+0000][gc,task       ] GC(209) Using 1 workers of 1 for marking
[2025-11-02T22:42:46.367+0000][gc,marking    ] GC(209) Concurrent Mark From Roots 35.024ms
[2025-11-02T22:42:46.368+0000][gc,marking    ] GC(209) Concurrent Preclean
[2025-11-02T22:42:46.368+0000][gc,marking    ] GC(209) Concurrent Preclean 0.305ms
[2025-11-02T22:42:46.368+0000][gc,marking    ] GC(209) Concurrent Mark (6531.248s, 6531.284s) 35.830ms
[2025-11-02T22:42:46.368+0000][gc,start      ] GC(209) Pause Remark
[2025-11-02T22:42:46.378+0000][gc,stringtable] GC(209) Cleaned string and symbol table, strings: 16741 processed, 0 removed, symbols: 123704 processed, 0 removed
[2025-11-02T22:42:46.379+0000][gc            ] GC(209) Pause Remark 247M->247M(693M) 10.467ms
[2025-11-02T22:42:46.380+0000][gc,cpu        ] GC(209) User=0.02s Sys=0.00s Real=0.01s
[2025-11-02T22:42:46.380+0000][gc,marking    ] GC(209) Concurrent Rebuild Remembered Sets
[2025-11-02T22:42:46.410+0000][gc,marking    ] GC(209) Concurrent Rebuild Remembered Sets 29.976ms
[2025-11-02T22:42:46.411+0000][gc,start      ] GC(209) Pause Cleanup
[2025-11-02T22:42:46.412+0000][gc            ] GC(209) Pause Cleanup 247M->247M(693M) 0.795ms
[2025-11-02T22:42:46.413+0000][gc,cpu        ] GC(209) User=0.00s Sys=0.00s Real=0.00s
[2025-11-02T22:42:46.413+0000][gc,marking    ] GC(209) Concurrent Cleanup for Next Mark
[2025-11-02T22:42:46.414+0000][gc,marking    ] GC(209) Concurrent Cleanup for Next Mark 1.219ms
[2025-11-02T22:42:46.415+0000][gc            ] GC(209) Concurrent Cycle 88.382ms
[2025-11-02T22:44:53.524+0000][gc,start      ] GC(210) Pause Young (Prepare Mixed) (G1 Evacuation Pause)
[2025-11-02T22:44:53.525+0000][gc,task       ] GC(210) Using 2 workers of 2 for evacuation
[2025-11-02T22:44:53.556+0000][gc,mmu        ] GC(210) MMU target violated: 21.0ms (20.0ms/21.0ms)
[2025-11-02T22:44:53.556+0000][gc,phases     ] GC(210)   Pre Evacuate Collection Set: 0.1ms
[2025-11-02T22:44:53.557+0000][gc,phases     ] GC(210)   Evacuate Collection Set: 28.3ms
[2025-11-02T22:44:53.558+0000][gc,phases     ] GC(210)   Post Evacuate Collection Set: 1.8ms
[2025-11-02T22:44:53.558+0000][gc,phases     ] GC(210)   Other: 2.4ms
[2025-11-02T22:44:53.559+0000][gc,heap       ] GC(210) Eden regions: 32->0(29)
[2025-11-02T22:44:53.559+0000][gc,heap       ] GC(210) Survivor regions: 5->5(5)
[2025-11-02T22:44:53.559+0000][gc,heap       ] GC(210) Old regions: 97->99
[2025-11-02T22:44:53.561+0000][gc,heap       ] GC(210) Humongous regions: 147->147
[2025-11-02T22:44:53.561+0000][gc,metaspace  ] GC(210) Metaspace: 52918K(56496K)->52918K(56496K) NonClass: 47067K(49072K)->47067K(49072K) Class: 5850K(7424K)->5850K(7424K)
[2025-11-02T22:44:53.562+0000][gc            ] GC(210) Pause Young (Prepare Mixed) (G1 Evacuation Pause) 279M->249M(693M) 38.139ms
[2025-11-02T22:44:53.562+0000][gc,cpu        ] GC(210) User=0.06s Sys=0.00s Real=0.04s
[2025-11-02T22:46:34.832+0000][gc,start      ] GC(211) Pause Young (Mixed) (G1 Evacuation Pause)
[2025-11-02T22:46:34.833+0000][gc,task       ] GC(211) Using 2 workers of 2 for evacuation
[2025-11-02T22:46:34.848+0000][gc,phases     ] GC(211)   Pre Evacuate Collection Set: 0.0ms
[2025-11-02T22:46:34.848+0000][gc,phases     ] GC(211)   Evacuate Collection Set: 13.7ms
[2025-11-02T22:46:34.848+0000][gc,phases     ] GC(211)   Post Evacuate Collection Set: 0.9ms
[2025-11-02T22:46:34.849+0000][gc,phases     ] GC(211)   Other: 0.9ms
[2025-11-02T22:46:34.849+0000][gc,heap       ] GC(211) Eden regions: 29->0(30)
[2025-11-02T22:46:34.849+0000][gc,heap       ] GC(211) Survivor regions: 5->4(5)
[2025-11-02T22:46:34.849+0000][gc,heap       ] GC(211) Old regions: 99->91
[2025-11-02T22:46:34.849+0000][gc,heap       ] GC(211) Humongous regions: 147->147
[2025-11-02T22:46:34.849+0000][gc,metaspace  ] GC(211) Metaspace: 52926K(56496K)->52926K(56496K) NonClass: 47075K(49072K)->47075K(49072K) Class: 5850K(7424K)->5850K(7424K)
[2025-11-02T22:46:34.850+0000][gc            ] GC(211) Pause Young (Mixed) (G1 Evacuation Pause) 278M->240M(693M) 17.447ms
[2025-11-02T22:46:34.850+0000][gc,cpu        ] GC(211) User=0.03s Sys=0.00s Real=0.01s
[2025-11-02T22:48:17.776+0000][gc,start      ] GC(212) Pause Young (Mixed) (G1 Evacuation Pause)
[2025-11-02T22:48:17.776+0000][gc,task       ] GC(212) Using 2 workers of 2 for evacuation
[2025-11-02T22:48:17.787+0000][gc,phases     ] GC(212)   Pre Evacuate Collection Set: 0.0ms
[2025-11-02T22:48:17.788+0000][gc,phases     ] GC(212)   Evacuate Collection Set: 10.0ms
[2025-11-02T22:48:17.788+0000][gc,phases     ] GC(212)   Post Evacuate Collection Set: 0.6ms
[2025-11-02T22:48:17.788+0000][gc,phases     ] GC(212)   Other: 0.5ms
[2025-11-02T22:48:17.788+0000][gc,heap       ] GC(212) Eden regions: 30->0(30)
[2025-11-02T22:48:17.788+0000][gc,heap       ] GC(212) Survivor regions: 4->4(5)
[2025-11-02T22:48:17.788+0000][gc,heap       ] GC(212) Old regions: 91->81
[2025-11-02T22:48:17.789+0000][gc,heap       ] GC(212) Humongous regions: 147->147
[2025-11-02T22:48:17.789+0000][gc,metaspace  ] GC(212) Metaspace: 52926K(56496K)->52926K(56496K) NonClass: 47076K(49072K)->47076K(49072K) Class: 5850K(7424K)->5850K(7424K)
[2025-11-02T22:48:17.789+0000][gc            ] GC(212) Pause Young (Mixed) (G1 Evacuation Pause) 270M->231M(693M) 12.750ms
[2025-11-02T22:48:17.789+0000][gc,cpu        ] GC(212) User=0.02s Sys=0.00s Real=0.01s
[2025-11-02T22:49:59.331+0000][gc,start      ] GC(213) Pause Young (Mixed) (G1 Evacuation Pause)
[2025-11-02T22:49:59.332+0000][gc,task       ] GC(213) Using 2 workers of 2 for evacuation
[2025-11-02T22:49:59.382+0000][gc,mmu        ] GC(213) MMU target violated: 21.0ms (20.0ms/21.0ms)
[2025-11-02T22:49:59.382+0000][gc,phases     ] GC(213)   Pre Evacuate Collection Set: 0.1ms
[2025-11-02T22:49:59.383+0000][gc,phases     ] GC(213)   Evacuate Collection Set: 41.1ms
[2025-11-02T22:49:59.384+0000][gc,phases     ] GC(213)   Post Evacuate Collection Set: 7.3ms
[2025-11-02T22:49:59.385+0000][gc,phases     ] GC(213)   Other: 2.8ms
[2025-11-02T22:49:59.386+0000][gc,heap       ] GC(213) Eden regions: 30->0(31)
[2025-11-02T22:49:59.388+0000][gc,heap       ] GC(213) Survivor regions: 4->3(5)
[2025-11-02T22:49:59.389+0000][gc,heap       ] GC(213) Old regions: 81->70
[2025-11-02T22:49:59.390+0000][gc,heap       ] GC(213) Humongous regions: 147->147
[2025-11-02T22:49:59.390+0000][gc,metaspace  ] GC(213) Metaspace: 52926K(56496K)->52926K(56496K) NonClass: 47076K(49072K)->47076K(49072K) Class: 5850K(7424K)->5850K(7424K)
[2025-11-02T22:49:59.392+0000][gc            ] GC(213) Pause Young (Mixed) (G1 Evacuation Pause) 261M->219M(693M) 60.899ms
[2025-11-02T22:49:59.398+0000][gc,cpu        ] GC(213) User=0.09s Sys=0.00s Real=0.07s
[2025-11-02T22:51:40.231+0000][gc,start      ] GC(214) Pause Young (Mixed) (G1 Evacuation Pause)
[2025-11-02T22:51:40.233+0000][gc,task       ] GC(214) Using 2 workers of 2 for evacuation
[2025-11-02T22:51:40.300+0000][gc,mmu        ] GC(214) MMU target violated: 21.0ms (20.0ms/21.0ms)
[2025-11-02T22:51:40.301+0000][gc,phases     ] GC(214)   Pre Evacuate Collection Set: 0.1ms
[2025-11-02T22:51:40.301+0000][gc,phases     ] GC(214)   Evacuate Collection Set: 60.9ms
[2025-11-02T22:51:40.302+0000][gc,phases     ] GC(214)   Post Evacuate Collection Set: 2.2ms
[2025-11-02T22:51:40.302+0000][gc,phases     ] GC(214)   Other: 6.7ms
[2025-11-02T22:51:40.302+0000][gc,heap       ] GC(214) Eden regions: 31->0(29)
[2025-11-02T22:51:40.305+0000][gc,heap       ] GC(214) Survivor regions: 3->5(5)
[2025-11-02T22:51:40.307+0000][gc,heap       ] GC(214) Old regions: 70->66
[2025-11-02T22:51:40.307+0000][gc,heap       ] GC(214) Humongous regions: 147->147
[2025-11-02T22:51:40.308+0000][gc,metaspace  ] GC(214) Metaspace: 52933K(56496K)->52933K(56496K) NonClass: 47083K(49072K)->47083K(49072K) Class: 5850K(7424K)->5850K(7424K)
[2025-11-02T22:51:40.310+0000][gc            ] GC(214) Pause Young (Mixed) (G1 Evacuation Pause) 250M->216M(693M) 79.010ms
[2025-11-02T22:51:40.310+0000][gc,cpu        ] GC(214) User=0.12s Sys=0.00s Real=0.08s
[2025-11-02T22:52:10.837+0000][gc,start      ] GC(215) Pause Young (Normal) (G1 Evacuation Pause)
[2025-11-02T22:52:10.838+0000][gc,task       ] GC(215) Using 2 workers of 2 for evacuation
[2025-11-02T22:52:10.890+0000][gc,mmu        ] GC(215) MMU target violated: 21.0ms (20.0ms/21.0ms)
[2025-11-02T22:52:10.891+0000][gc,phases     ] GC(215)   Pre Evacuate Collection Set: 0.1ms
[2025-11-02T22:52:10.891+0000][gc,phases     ] GC(215)   Evacuate Collection Set: 47.4ms
[2025-11-02T22:52:10.894+0000][gc,phases     ] GC(215)   Post Evacuate Collection Set: 3.2ms
[2025-11-02T22:52:10.895+0000][gc,phases     ] GC(215)   Other: 2.8ms
[2025-11-02T22:52:10.895+0000][gc,heap       ] GC(215) Eden regions: 29->0(29)
[2025-11-02T22:52:10.896+0000][gc,heap       ] GC(215) Survivor regions: 5->5(5)
[2025-11-02T22:52:10.896+0000][gc,heap       ] GC(215) Old regions: 66->68
[2025-11-02T22:52:10.898+0000][gc,heap       ] GC(215) Humongous regions: 147->147
[2025-11-02T22:52:10.899+0000][gc,metaspace  ] GC(215) Metaspace: 53018K(56496K)->53018K(56496K) NonClass: 47168K(49072K)->47168K(49072K) Class: 5850K(7424K)->5850K(7424K)
[2025-11-02T22:52:10.900+0000][gc            ] GC(215) Pause Young (Normal) (G1 Evacuation Pause) 245M->219M(693M) 62.720ms
[2025-11-02T22:52:10.900+0000][gc,cpu        ] GC(215) User=0.11s Sys=0.00s Real=0.07s
[2025-11-02T22:52:53.501+0000][gc,start      ] GC(216) Pause Young (Normal) (G1 Evacuation Pause)
[2025-11-02T22:52:53.502+0000][gc,task       ] GC(216) Using 2 workers of 2 for evacuation
[2025-11-02T22:52:53.525+0000][gc,mmu        ] GC(216) MMU target violated: 21.0ms (20.0ms/21.0ms)
[2025-11-02T22:52:53.526+0000][gc,phases     ] GC(216)   Pre Evacuate Collection Set: 0.0ms
[2025-11-02T22:52:53.526+0000][gc,phases     ] GC(216)   Evacuate Collection Set: 21.5ms
[2025-11-02T22:52:53.527+0000][gc,phases     ] GC(216)   Post Evacuate Collection Set: 1.3ms
[2025-11-02T22:52:53.527+0000][gc,phases     ] GC(216)   Other: 1.6ms
[2025-11-02T22:52:53.527+0000][gc,heap       ] GC(216) Eden regions: 29->0(29)
[2025-11-02T22:52:53.528+0000][gc,heap       ] GC(216) Survivor regions: 5->5(5)
[2025-11-02T22:52:53.528+0000][gc,heap       ] GC(216) Old regions: 68->70
[2025-11-02T22:52:53.528+0000][gc,heap       ] GC(216) Humongous regions: 147->147
[2025-11-02T22:52:53.529+0000][gc,metaspace  ] GC(216) Metaspace: 53037K(56496K)->53037K(56496K) NonClass: 47187K(49072K)->47187K(49072K) Class: 5850K(7424K)->5850K(7424K)
[2025-11-02T22:52:53.529+0000][gc            ] GC(216) Pause Young (Normal) (G1 Evacuation Pause) 248M->221M(693M) 27.697ms
[2025-11-02T22:52:53.530+0000][gc,cpu        ] GC(216) User=0.04s Sys=0.00s Real=0.03s
[2025-11-02T22:53:45.669+0000][gc,start      ] GC(217) Pause Young (Normal) (G1 Evacuation Pause)
[2025-11-02T22:53:45.670+0000][gc,task       ] GC(217) Using 2 workers of 2 for evacuation
[2025-11-02T22:53:45.702+0000][gc,mmu        ] GC(217) MMU target violated: 21.0ms (20.0ms/21.0ms)
[2025-11-02T22:53:45.707+0000][gc,phases     ] GC(217)   Pre Evacuate Collection Set: 0.3ms
[2025-11-02T22:53:45.707+0000][gc,phases     ] GC(217)   Evacuate Collection Set: 28.6ms
[2025-11-02T22:53:45.708+0000][gc,phases     ] GC(217)   Post Evacuate Collection Set: 1.8ms
[2025-11-02T22:53:45.709+0000][gc,phases     ] GC(217)   Other: 6.4ms
[2025-11-02T22:53:45.710+0000][gc,heap       ] GC(217) Eden regions: 29->0(29)
[2025-11-02T22:53:45.711+0000][gc,heap       ] GC(217) Survivor regions: 5->5(5)
[2025-11-02T22:53:45.712+0000][gc,heap       ] GC(217) Old regions: 70->72
[2025-11-02T22:53:45.712+0000][gc,heap       ] GC(217) Humongous regions: 147->147
[2025-11-02T22:53:45.712+0000][gc,metaspace  ] GC(217) Metaspace: 53037K(56496K)->53037K(56496K) NonClass: 47187K(49072K)->47187K(49072K) Class: 5850K(7424K)->5850K(7424K)
[2025-11-02T22:53:45.713+0000][gc            ] GC(217) Pause Young (Normal) (G1 Evacuation Pause) 250M->223M(693M) 43.176ms
[2025-11-02T22:53:45.713+0000][gc,cpu        ] GC(217) User=0.07s Sys=0.00s Real=0.05s
[2025-11-02T22:54:28.074+0000][gc,start      ] GC(218) Pause Young (Normal) (G1 Evacuation Pause)
[2025-11-02T22:54:28.074+0000][gc,task       ] GC(218) Using 2 workers of 2 for evacuation
[2025-11-02T22:54:28.110+0000][gc,mmu        ] GC(218) MMU target violated: 21.0ms (20.0ms/21.0ms)
[2025-11-02T22:54:28.110+0000][gc,phases     ] GC(218)   Pre Evacuate Collection Set: 0.0ms
[2025-11-02T22:54:28.111+0000][gc,phases     ] GC(218)   Evacuate Collection Set: 33.1ms
[2025-11-02T22:54:28.111+0000][gc,phases     ] GC(218)   Post Evacuate Collection Set: 1.5ms
[2025-11-02T22:54:28.112+0000][gc,phases     ] GC(218)   Other: 2.0ms
[2025-11-02T22:54:28.112+0000][gc,heap       ] GC(218) Eden regions: 29->0(29)
[2025-11-02T22:54:28.113+0000][gc,heap       ] GC(218) Survivor regions: 5->5(5)
[2025-11-02T22:54:28.113+0000][gc,heap       ] GC(218) Old regions: 72->76
[2025-11-02T22:54:28.113+0000][gc,heap       ] GC(218) Humongous regions: 147->147
[2025-11-02T22:54:28.113+0000][gc,metaspace  ] GC(218) Metaspace: 53038K(56496K)->53038K(56496K) NonClass: 47187K(49072K)->47187K(49072K) Class: 5850K(7424K)->5850K(7424K)
[2025-11-02T22:54:28.114+0000][gc            ] GC(218) Pause Young (Normal) (G1 Evacuation Pause) 252M->227M(693M) 40.277ms
[2025-11-02T22:54:28.115+0000][gc,cpu        ] GC(218) User=0.07s Sys=0.00s Real=0.04s
[2025-11-02T22:55:19.283+0000][gc,start      ] GC(219) Pause Young (Normal) (G1 Evacuation Pause)
[2025-11-02T22:55:19.284+0000][gc,task       ] GC(219) Using 2 workers of 2 for evacuation
[2025-11-02T22:55:19.303+0000][gc,phases     ] GC(219)   Pre Evacuate Collection Set: 0.0ms
[2025-11-02T22:55:19.303+0000][gc,phases     ] GC(219)   Evacuate Collection Set: 16.8ms
[2025-11-02T22:55:19.303+0000][gc,phases     ] GC(219)   Post Evacuate Collection Set: 1.5ms
[2025-11-02T22:55:19.304+0000][gc,phases     ] GC(219)   Other: 1.0ms
[2025-11-02T22:55:19.304+0000][gc,heap       ] GC(219) Eden regions: 29->0(31)
[2025-11-02T22:55:19.304+0000][gc,heap       ] GC(219) Survivor regions: 5->3(5)
[2025-11-02T22:55:19.305+0000][gc,heap       ] GC(219) Old regions: 76->79
[2025-11-02T22:55:19.305+0000][gc,heap       ] GC(219) Humongous regions: 147->147
[2025-11-02T22:55:19.305+0000][gc,metaspace  ] GC(219) Metaspace: 53038K(56496K)->53038K(56496K) NonClass: 47187K(49072K)->47187K(49072K) Class: 5850K(7424K)->5850K(7424K)
[2025-11-02T22:55:19.305+0000][gc            ] GC(219) Pause Young (Normal) (G1 Evacuation Pause) 256M->228M(693M) 22.052ms
[2025-11-02T22:55:19.306+0000][gc,cpu        ] GC(219) User=0.04s Sys=0.00s Real=0.02s
[2025-11-02T22:56:14.722+0000][gc,start      ] GC(220) Pause Young (Normal) (G1 Evacuation Pause)
[2025-11-02T22:56:14.722+0000][gc,task       ] GC(220) Using 2 workers of 2 for evacuation
[2025-11-02T22:56:14.734+0000][gc,phases     ] GC(220)   Pre Evacuate Collection Set: 0.0ms
[2025-11-02T22:56:14.735+0000][gc,phases     ] GC(220)   Evacuate Collection Set: 10.3ms
[2025-11-02T22:56:14.735+0000][gc,phases     ] GC(220)   Post Evacuate Collection Set: 1.2ms
[2025-11-02T22:56:14.735+0000][gc,phases     ] GC(220)   Other: 0.8ms
[2025-11-02T22:56:14.735+0000][gc,heap       ] GC(220) Eden regions: 31->0(31)
[2025-11-02T22:56:14.736+0000][gc,heap       ] GC(220) Survivor regions: 3->3(5)
[2025-11-02T22:56:14.736+0000][gc,heap       ] GC(220) Old regions: 79->81
[2025-11-02T22:56:14.736+0000][gc,heap       ] GC(220) Humongous regions: 147->147
[2025-11-02T22:56:14.736+0000][gc,metaspace  ] GC(220) Metaspace: 53038K(56496K)->53038K(56496K) NonClass: 47187K(49072K)->47187K(49072K) Class: 5850K(7424K)->5850K(7424K)
[2025-11-02T22:56:14.737+0000][gc            ] GC(220) Pause Young (Normal) (G1 Evacuation Pause) 259M->229M(693M) 14.901ms
[2025-11-02T22:56:14.737+0000][gc,cpu        ] GC(220) User=0.02s Sys=0.00s Real=0.02s
[2025-11-02T22:57:56.998+0000][gc,start      ] GC(221) Pause Young (Normal) (G1 Evacuation Pause)
[2025-11-02T22:57:56.999+0000][gc,task       ] GC(221) Using 2 workers of 2 for evacuation
[2025-11-02T22:57:57.023+0000][gc,mmu        ] GC(221) MMU target violated: 21.0ms (20.0ms/21.0ms)
[2025-11-02T22:57:57.023+0000][gc,phases     ] GC(221)   Pre Evacuate Collection Set: 0.0ms
[2025-11-02T22:57:57.024+0000][gc,phases     ] GC(221)   Evacuate Collection Set: 21.7ms
[2025-11-02T22:57:57.024+0000][gc,phases     ] GC(221)   Post Evacuate Collection Set: 2.1ms
[2025-11-02T22:57:57.024+0000][gc,phases     ] GC(221)   Other: 1.1ms
[2025-11-02T22:57:57.024+0000][gc,heap       ] GC(221) Eden regions: 31->0(29)
[2025-11-02T22:57:57.025+0000][gc,heap       ] GC(221) Survivor regions: 3->5(5)
[2025-11-02T22:57:57.025+0000][gc,heap       ] GC(221) Old regions: 81->81
[2025-11-02T22:57:57.025+0000][gc,heap       ] GC(221) Humongous regions: 147->147
[2025-11-02T22:57:57.025+0000][gc,metaspace  ] GC(221) Metaspace: 53054K(56496K)->53054K(56496K) NonClass: 47203K(49072K)->47203K(49072K) Class: 5850K(7424K)->5850K(7424K)
[2025-11-02T22:57:57.026+0000][gc            ] GC(221) Pause Young (Normal) (G1 Evacuation Pause) 260M->232M(693M) 27.241ms
[2025-11-02T22:57:57.026+0000][gc,cpu        ] GC(221) User=0.05s Sys=0.00s Real=0.03s
[2025-11-02T22:59:35.674+0000][gc,start      ] GC(222) Pause Young (Normal) (G1 Evacuation Pause)
[2025-11-02T22:59:35.674+0000][gc,task       ] GC(222) Using 2 workers of 2 for evacuation
[2025-11-02T22:59:35.687+0000][gc,phases     ] GC(222)   Pre Evacuate Collection Set: 0.0ms
[2025-11-02T22:59:35.687+0000][gc,phases     ] GC(222)   Evacuate Collection Set: 11.8ms
[2025-11-02T22:59:35.687+0000][gc,phases     ] GC(222)   Post Evacuate Collection Set: 0.7ms
[2025-11-02T22:59:35.687+0000][gc,phases     ] GC(222)   Other: 0.6ms
[2025-11-02T22:59:35.688+0000][gc,heap       ] GC(222) Eden regions: 29->0(31)
[2025-11-02T22:59:35.688+0000][gc,heap       ] GC(222) Survivor regions: 5->3(5)
[2025-11-02T22:59:35.688+0000][gc,heap       ] GC(222) Old regions: 81->85
[2025-11-02T22:59:35.688+0000][gc,heap       ] GC(222) Humongous regions: 147->147
[2025-11-02T22:59:35.688+0000][gc,metaspace  ] GC(222) Metaspace: 53059K(56496K)->53059K(56496K) NonClass: 47208K(49072K)->47208K(49072K) Class: 5850K(7424K)->5850K(7424K)
[2025-11-02T22:59:35.689+0000][gc            ] GC(222) Pause Young (Normal) (G1 Evacuation Pause) 261M->234M(693M) 14.832ms
[2025-11-02T22:59:35.689+0000][gc,cpu        ] GC(222) User=0.02s Sys=0.00s Real=0.01s
[2025-11-02T23:01:48.153+0000][gc,start      ] GC(223) Pause Young (Normal) (G1 Evacuation Pause)
[2025-11-02T23:01:48.154+0000][gc,task       ] GC(223) Using 2 workers of 2 for evacuation
[2025-11-02T23:01:48.169+0000][gc,phases     ] GC(223)   Pre Evacuate Collection Set: 0.0ms
[2025-11-02T23:01:48.169+0000][gc,phases     ] GC(223)   Evacuate Collection Set: 13.7ms
[2025-11-02T23:01:48.170+0000][gc,phases     ] GC(223)   Post Evacuate Collection Set: 1.1ms
[2025-11-02T23:01:48.170+0000][gc,phases     ] GC(223)   Other: 1.3ms
[2025-11-02T23:01:48.170+0000][gc,heap       ] GC(223) Eden regions: 31->0(31)
[2025-11-02T23:01:48.170+0000][gc,heap       ] GC(223) Survivor regions: 3->3(5)
[2025-11-02T23:01:48.171+0000][gc,heap       ] GC(223) Old regions: 85->88
[2025-11-02T23:01:48.171+0000][gc,heap       ] GC(223) Humongous regions: 147->147
[2025-11-02T23:01:48.171+0000][gc,metaspace  ] GC(223) Metaspace: 53062K(56496K)->53062K(56496K) NonClass: 47211K(49072K)->47211K(49072K) Class: 5850K(7424K)->5850K(7424K)
[2025-11-02T23:01:48.171+0000][gc            ] GC(223) Pause Young (Normal) (G1 Evacuation Pause) 265M->237M(693M) 18.274ms
[2025-11-02T23:01:48.172+0000][gc,cpu        ] GC(223) User=0.03s Sys=0.00s Real=0.02s
[2025-11-02T23:03:58.682+0000][gc,start      ] GC(224) Pause Young (Normal) (G1 Evacuation Pause)
[2025-11-02T23:03:58.683+0000][gc,task       ] GC(224) Using 2 workers of 2 for evacuation
[2025-11-02T23:03:58.703+0000][gc,phases     ] GC(224)   Pre Evacuate Collection Set: 0.0ms
[2025-11-02T23:03:58.704+0000][gc,phases     ] GC(224)   Evacuate Collection Set: 17.8ms
[2025-11-02T23:03:58.704+0000][gc,phases     ] GC(224)   Post Evacuate Collection Set: 1.2ms
[2025-11-02T23:03:58.705+0000][gc,phases     ] GC(224)   Other: 2.5ms
[2025-11-02T23:03:58.706+0000][gc,heap       ] GC(224) Eden regions: 31->0(29)
[2025-11-02T23:03:58.706+0000][gc,heap       ] GC(224) Survivor regions: 3->5(5)
[2025-11-02T23:03:58.706+0000][gc,heap       ] GC(224) Old regions: 88->88
[2025-11-02T23:03:58.707+0000][gc,heap       ] GC(224) Humongous regions: 147->147
[2025-11-02T23:03:58.707+0000][gc,metaspace  ] GC(224) Metaspace: 53083K(56496K)->53083K(56496K) NonClass: 47232K(49072K)->47232K(49072K) Class: 5850K(7424K)->5850K(7424K)
[2025-11-02T23:03:58.708+0000][gc            ] GC(224) Pause Young (Normal) (G1 Evacuation Pause) 268M->239M(693M) 25.718ms
[2025-11-02T23:03:58.709+0000][gc,cpu        ] GC(224) User=0.03s Sys=0.00s Real=0.03s
[2025-11-02T23:04:15.338+0000][gc,start      ] GC(225) Pause Young (Normal) (G1 Evacuation Pause)
[2025-11-02T23:04:15.338+0000][gc,task       ] GC(225) Using 2 workers of 2 for evacuation
[2025-11-02T23:04:15.357+0000][gc,phases     ] GC(225)   Pre Evacuate Collection Set: 0.0ms
[2025-11-02T23:04:15.358+0000][gc,phases     ] GC(225)   Evacuate Collection Set: 17.6ms
[2025-11-02T23:04:15.358+0000][gc,phases     ] GC(225)   Post Evacuate Collection Set: 1.0ms
[2025-11-02T23:04:15.359+0000][gc,phases     ] GC(225)   Other: 0.9ms
[2025-11-02T23:04:15.359+0000][gc,heap       ] GC(225) Eden regions: 29->0(30)
[2025-11-02T23:04:15.359+0000][gc,heap       ] GC(225) Survivor regions: 5->4(5)
[2025-11-02T23:04:15.359+0000][gc,heap       ] GC(225) Old regions: 88->92
[2025-11-02T23:04:15.359+0000][gc,heap       ] GC(225) Humongous regions: 147->147
[2025-11-02T23:04:15.360+0000][gc,metaspace  ] GC(225) Metaspace: 53159K(56496K)->53159K(56496K) NonClass: 47308K(49072K)->47308K(49072K) Class: 5850K(7424K)->5850K(7424K)
[2025-11-02T23:04:15.360+0000][gc            ] GC(225) Pause Young (Normal) (G1 Evacuation Pause) 268M->242M(693M) 21.931ms
[2025-11-02T23:04:15.360+0000][gc,cpu        ] GC(225) User=0.04s Sys=0.00s Real=0.03s
[2025-11-02T23:05:19.372+0000][gc,start      ] GC(226) Pause Young (Normal) (G1 Evacuation Pause)
[2025-11-02T23:05:19.373+0000][gc,task       ] GC(226) Using 2 workers of 2 for evacuation
[2025-11-02T23:05:19.384+0000][gc,phases     ] GC(226)   Pre Evacuate Collection Set: 0.0ms
[2025-11-02T23:05:19.385+0000][gc,phases     ] GC(226)   Evacuate Collection Set: 10.3ms
[2025-11-02T23:05:19.385+0000][gc,phases     ] GC(226)   Post Evacuate Collection Set: 1.0ms
[2025-11-02T23:05:19.386+0000][gc,phases     ] GC(226)   Other: 1.1ms
[2025-11-02T23:05:19.386+0000][gc,heap       ] GC(226) Eden regions: 30->0(31)
[2025-11-02T23:05:19.386+0000][gc,heap       ] GC(226) Survivor regions: 4->3(5)
[2025-11-02T23:05:19.386+0000][gc,heap       ] GC(226) Old regions: 92->94
[2025-11-02T23:05:19.387+0000][gc,heap       ] GC(226) Humongous regions: 147->147
[2025-11-02T23:05:19.387+0000][gc,metaspace  ] GC(226) Metaspace: 53159K(56496K)->53159K(56496K) NonClass: 47308K(49072K)->47308K(49072K) Class: 5850K(7424K)->5850K(7424K)
[2025-11-02T23:05:19.387+0000][gc            ] GC(226) Pause Young (Normal) (G1 Evacuation Pause) 272M->243M(693M) 15.012ms
[2025-11-02T23:05:19.387+0000][gc,cpu        ] GC(226) User=0.02s Sys=0.00s Real=0.01s
[2025-11-02T23:06:22.182+0000][gc,start      ] GC(227) Pause Young (Normal) (G1 Evacuation Pause)
[2025-11-02T23:06:22.184+0000][gc,task       ] GC(227) Using 2 workers of 2 for evacuation
[2025-11-02T23:06:22.213+0000][gc,mmu        ] GC(227) MMU target violated: 21.0ms (20.0ms/21.0ms)
[2025-11-02T23:06:22.213+0000][gc,phases     ] GC(227)   Pre Evacuate Collection Set: 0.1ms
[2025-11-02T23:06:22.214+0000][gc,phases     ] GC(227)   Evacuate Collection Set: 26.3ms
[2025-11-02T23:06:22.214+0000][gc,phases     ] GC(227)   Post Evacuate Collection Set: 1.6ms
[2025-11-02T23:06:22.215+0000][gc,phases     ] GC(227)   Other: 3.5ms
[2025-11-02T23:06:22.215+0000][gc,heap       ] GC(227) Eden regions: 31->0(29)
[2025-11-02T23:06:22.215+0000][gc,heap       ] GC(227) Survivor regions: 3->5(5)
[2025-11-02T23:06:22.215+0000][gc,heap       ] GC(227) Old regions: 94->94
[2025-11-02T23:06:22.216+0000][gc,heap       ] GC(227) Humongous regions: 147->147
[2025-11-02T23:06:22.216+0000][gc,metaspace  ] GC(227) Metaspace: 53200K(56752K)->53200K(56752K) NonClass: 47349K(49328K)->47349K(49328K) Class: 5850K(7424K)->5850K(7424K)
[2025-11-02T23:06:22.216+0000][gc            ] GC(227) Pause Young (Normal) (G1 Evacuation Pause) 274M->246M(693M) 34.595ms
[2025-11-02T23:06:22.217+0000][gc,cpu        ] GC(227) User=0.06s Sys=0.00s Real=0.03s
[2025-11-02T23:07:03.874+0000][gc,start      ] GC(228) Pause Young (Normal) (G1 Evacuation Pause)
[2025-11-02T23:07:03.875+0000][gc,task       ] GC(228) Using 2 workers of 2 for evacuation
[2025-11-02T23:07:03.899+0000][gc,mmu        ] GC(228) MMU target violated: 21.0ms (20.0ms/21.0ms)
[2025-11-02T23:07:03.900+0000][gc,phases     ] GC(228)   Pre Evacuate Collection Set: 0.1ms
[2025-11-02T23:07:03.900+0000][gc,phases     ] GC(228)   Evacuate Collection Set: 21.3ms
[2025-11-02T23:07:03.900+0000][gc,phases     ] GC(228)   Post Evacuate Collection Set: 1.7ms
[2025-11-02T23:07:03.901+0000][gc,phases     ] GC(228)   Other: 2.6ms
[2025-11-02T23:07:03.901+0000][gc,heap       ] GC(228) Eden regions: 29->0(31)
[2025-11-02T23:07:03.901+0000][gc,heap       ] GC(228) Survivor regions: 5->3(5)
[2025-11-02T23:07:03.902+0000][gc,heap       ] GC(228) Old regions: 94->99
[2025-11-02T23:07:03.902+0000][gc,heap       ] GC(228) Humongous regions: 147->147
[2025-11-02T23:07:03.902+0000][gc,metaspace  ] GC(228) Metaspace: 53215K(56752K)->53215K(56752K) NonClass: 47365K(49328K)->47365K(49328K) Class: 5850K(7424K)->5850K(7424K)
[2025-11-02T23:07:03.903+0000][gc            ] GC(228) Pause Young (Normal) (G1 Evacuation Pause) 275M->247M(693M) 28.647ms
[2025-11-02T23:07:03.903+0000][gc,cpu        ] GC(228) User=0.04s Sys=0.00s Real=0.03s
[2025-11-02T23:08:35.614+0000][gc,start      ] GC(229) Pause Young (Normal) (G1 Evacuation Pause)
[2025-11-02T23:08:35.614+0000][gc,task       ] GC(229) Using 2 workers of 2 for evacuation
[2025-11-02T23:08:35.634+0000][gc,phases     ] GC(229)   Pre Evacuate Collection Set: 0.0ms
[2025-11-02T23:08:35.634+0000][gc,phases     ] GC(229)   Evacuate Collection Set: 18.1ms
[2025-11-02T23:08:35.635+0000][gc,phases     ] GC(229)   Post Evacuate Collection Set: 1.0ms
[2025-11-02T23:08:35.635+0000][gc,phases     ] GC(229)   Other: 1.0ms
[2025-11-02T23:08:35.635+0000][gc,heap       ] GC(229) Eden regions: 31->0(29)
[2025-11-02T23:08:35.636+0000][gc,heap       ] GC(229) Survivor regions: 3->5(5)
[2025-11-02T23:08:35.636+0000][gc,heap       ] GC(229) Old regions: 99->100
[2025-11-02T23:08:35.636+0000][gc,heap       ] GC(229) Humongous regions: 147->147
[2025-11-02T23:08:35.636+0000][gc,metaspace  ] GC(229) Metaspace: 53215K(56752K)->53215K(56752K) NonClass: 47365K(49328K)->47365K(49328K) Class: 5850K(7424K)->5850K(7424K)
[2025-11-02T23:08:35.636+0000][gc            ] GC(229) Pause Young (Normal) (G1 Evacuation Pause) 278M->251M(693M) 22.205ms
[2025-11-02T23:08:35.637+0000][gc,cpu        ] GC(229) User=0.04s Sys=0.00s Real=0.02s
[2025-11-02T23:10:01.222+0000][gc,start      ] GC(230) Pause Young (Normal) (G1 Evacuation Pause)
[2025-11-02T23:10:01.223+0000][gc,task       ] GC(230) Using 2 workers of 2 for evacuation
[2025-11-02T23:10:01.254+0000][gc,mmu        ] GC(230) MMU target violated: 21.0ms (20.0ms/21.0ms)
[2025-11-02T23:10:01.254+0000][gc,phases     ] GC(230)   Pre Evacuate Collection Set: 0.0ms
[2025-11-02T23:10:01.255+0000][gc,phases     ] GC(230)   Evacuate Collection Set: 26.4ms
[2025-11-02T23:10:01.255+0000][gc,phases     ] GC(230)   Post Evacuate Collection Set: 1.4ms
[2025-11-02T23:10:01.256+0000][gc,phases     ] GC(230)   Other: 4.7ms
[2025-11-02T23:10:01.256+0000][gc,heap       ] GC(230) Eden regions: 29->0(30)
[2025-11-02T23:10:01.256+0000][gc,heap       ] GC(230) Survivor regions: 5->4(5)
[2025-11-02T23:10:01.257+0000][gc,heap       ] GC(230) Old regions: 100->104
[2025-11-02T23:10:01.257+0000][gc,heap       ] GC(230) Humongous regions: 147->147
[2025-11-02T23:10:01.257+0000][gc,metaspace  ] GC(230) Metaspace: 53215K(56752K)->53215K(56752K) NonClass: 47365K(49328K)->47365K(49328K) Class: 5850K(7424K)->5850K(7424K)
[2025-11-02T23:10:01.258+0000][gc            ] GC(230) Pause Young (Normal) (G1 Evacuation Pause) 280M->253M(693M) 35.597ms
[2025-11-02T23:10:01.258+0000][gc,cpu        ] GC(230) User=0.06s Sys=0.00s Real=0.04s
[2025-11-02T23:11:20.636+0000][gc,start      ] GC(231) Pause Young (Normal) (G1 Evacuation Pause)
[2025-11-02T23:11:20.636+0000][gc,task       ] GC(231) Using 2 workers of 2 for evacuation
[2025-11-02T23:11:20.678+0000][gc,mmu        ] GC(231) MMU target violated: 21.0ms (20.0ms/21.0ms)
[2025-11-02T23:11:20.678+0000][gc,phases     ] GC(231)   Pre Evacuate Collection Set: 0.1ms
[2025-11-02T23:11:20.679+0000][gc,phases     ] GC(231)   Evacuate Collection Set: 36.8ms
[2025-11-02T23:11:20.679+0000][gc,phases     ] GC(231)   Post Evacuate Collection Set: 3.2ms
[2025-11-02T23:11:20.680+0000][gc,phases     ] GC(231)   Other: 2.5ms
[2025-11-02T23:11:20.680+0000][gc,heap       ] GC(231) Eden regions: 30->0(31)
[2025-11-02T23:11:20.680+0000][gc,heap       ] GC(231) Survivor regions: 4->3(5)
[2025-11-02T23:11:20.681+0000][gc,heap       ] GC(231) Old regions: 104->106
[2025-11-02T23:11:20.682+0000][gc,heap       ] GC(231) Humongous regions: 147->147
[2025-11-02T23:11:20.683+0000][gc,metaspace  ] GC(231) Metaspace: 53227K(56752K)->53227K(56752K) NonClass: 47376K(49328K)->47376K(49328K) Class: 5850K(7424K)->5850K(7424K)
[2025-11-02T23:11:20.684+0000][gc            ] GC(231) Pause Young (Normal) (G1 Evacuation Pause) 283M->255M(693M) 48.059ms
[2025-11-02T23:11:20.684+0000][gc,cpu        ] GC(231) User=0.08s Sys=0.00s Real=0.05s
[2025-11-02T23:12:30.976+0000][gc,start      ] GC(232) Pause Young (Normal) (G1 Evacuation Pause)
[2025-11-02T23:12:30.977+0000][gc,task       ] GC(232) Using 2 workers of 2 for evacuation
[2025-11-02T23:12:30.998+0000][gc,mmu        ] GC(232) MMU target violated: 21.0ms (20.0ms/21.0ms)
[2025-11-02T23:12:30.999+0000][gc,phases     ] GC(232)   Pre Evacuate Collection Set: 0.0ms
[2025-11-02T23:12:31.000+0000][gc,phases     ] GC(232)   Evacuate Collection Set: 20.0ms
[2025-11-02T23:12:31.000+0000][gc,phases     ] GC(232)   Post Evacuate Collection Set: 1.3ms
[2025-11-02T23:12:31.000+0000][gc,phases     ] GC(232)   Other: 1.8ms
[2025-11-02T23:12:31.000+0000][gc,heap       ] GC(232) Eden regions: 31->0(31)
[2025-11-02T23:12:31.001+0000][gc,heap       ] GC(232) Survivor regions: 3->3(5)
[2025-11-02T23:12:31.001+0000][gc,heap       ] GC(232) Old regions: 106->109
[2025-11-02T23:12:31.001+0000][gc,heap       ] GC(232) Humongous regions: 147->147
[2025-11-02T23:12:31.001+0000][gc,metaspace  ] GC(232) Metaspace: 53227K(56752K)->53227K(56752K) NonClass: 47376K(49328K)->47376K(49328K) Class: 5850K(7424K)->5850K(7424K)
[2025-11-02T23:12:31.002+0000][gc            ] GC(232) Pause Young (Normal) (G1 Evacuation Pause) 286M->258M(693M) 25.509ms
[2025-11-02T23:12:31.002+0000][gc,cpu        ] GC(232) User=0.05s Sys=0.00s Real=0.03s
[2025-11-02T23:13:10.465+0000][gc,start      ] GC(233) Pause Young (Normal) (G1 Evacuation Pause)
[2025-11-02T23:13:10.472+0000][gc,task       ] GC(233) Using 2 workers of 2 for evacuation
[2025-11-02T23:13:10.486+0000][gc,phases     ] GC(233)   Pre Evacuate Collection Set: 0.0ms
[2025-11-02T23:13:10.486+0000][gc,phases     ] GC(233)   Evacuate Collection Set: 11.3ms
[2025-11-02T23:13:10.486+0000][gc,phases     ] GC(233)   Post Evacuate Collection Set: 0.6ms
[2025-11-02T23:13:10.487+0000][gc,phases     ] GC(233)   Other: 9.4ms
[2025-11-02T23:13:10.487+0000][gc,heap       ] GC(233) Eden regions: 31->0(30)
[2025-11-02T23:13:10.487+0000][gc,heap       ] GC(233) Survivor regions: 3->4(5)
[2025-11-02T23:13:10.487+0000][gc,heap       ] GC(233) Old regions: 109->111
[2025-11-02T23:13:10.487+0000][gc,heap       ] GC(233) Humongous regions: 147->147
[2025-11-02T23:13:10.487+0000][gc,metaspace  ] GC(233) Metaspace: 53227K(56752K)->53227K(56752K) NonClass: 47376K(49328K)->47376K(49328K) Class: 5850K(7424K)->5850K(7424K)
[2025-11-02T23:13:10.488+0000][gc            ] GC(233) Pause Young (Normal) (G1 Evacuation Pause) 289M->261M(693M) 23.006ms
[2025-11-02T23:13:10.488+0000][gc,cpu        ] GC(233) User=0.03s Sys=0.00s Real=0.02s
[2025-11-02T23:13:52.940+0000][gc,start      ] GC(234) Pause Young (Normal) (G1 Evacuation Pause)
[2025-11-02T23:13:52.941+0000][gc,task       ] GC(234) Using 2 workers of 2 for evacuation
[2025-11-02T23:13:52.957+0000][gc,phases     ] GC(234)   Pre Evacuate Collection Set: 0.0ms
[2025-11-02T23:13:52.957+0000][gc,phases     ] GC(234)   Evacuate Collection Set: 14.8ms
[2025-11-02T23:13:52.957+0000][gc,phases     ] GC(234)   Post Evacuate Collection Set: 0.7ms
[2025-11-02T23:13:52.957+0000][gc,phases     ] GC(234)   Other: 0.8ms
[2025-11-02T23:13:52.957+0000][gc,heap       ] GC(234) Eden regions: 30->0(30)
[2025-11-02T23:13:52.958+0000][gc,heap       ] GC(234) Survivor regions: 4->4(5)
[2025-11-02T23:13:52.958+0000][gc,heap       ] GC(234) Old regions: 111->114
[2025-11-02T23:13:52.958+0000][gc,heap       ] GC(234) Humongous regions: 147->147
[2025-11-02T23:13:52.958+0000][gc,metaspace  ] GC(234) Metaspace: 53227K(56752K)->53227K(56752K) NonClass: 47376K(49328K)->47376K(49328K) Class: 5850K(7424K)->5850K(7424K)
[2025-11-02T23:13:52.958+0000][gc            ] GC(234) Pause Young (Normal) (G1 Evacuation Pause) 291M->264M(693M) 18.149ms
[2025-11-02T23:13:52.959+0000][gc,cpu        ] GC(234) User=0.03s Sys=0.00s Real=0.02s
[2025-11-02T23:14:34.672+0000][gc,start      ] GC(235) Pause Young (Normal) (G1 Evacuation Pause)
[2025-11-02T23:14:34.672+0000][gc,task       ] GC(235) Using 2 workers of 2 for evacuation
[2025-11-02T23:14:34.685+0000][gc,phases     ] GC(235)   Pre Evacuate Collection Set: 0.0ms
[2025-11-02T23:14:34.685+0000][gc,phases     ] GC(235)   Evacuate Collection Set: 11.8ms
[2025-11-02T23:14:34.686+0000][gc,phases     ] GC(235)   Post Evacuate Collection Set: 0.7ms
[2025-11-02T23:14:34.686+0000][gc,phases     ] GC(235)   Other: 0.7ms
[2025-11-02T23:14:34.686+0000][gc,heap       ] GC(235) Eden regions: 30->0(31)
[2025-11-02T23:14:34.686+0000][gc,heap       ] GC(235) Survivor regions: 4->3(5)
[2025-11-02T23:14:34.686+0000][gc,heap       ] GC(235) Old regions: 114->116
[2025-11-02T23:14:34.686+0000][gc,heap       ] GC(235) Humongous regions: 147->147
[2025-11-02T23:14:34.687+0000][gc,metaspace  ] GC(235) Metaspace: 53227K(56752K)->53227K(56752K) NonClass: 47376K(49328K)->47376K(49328K) Class: 5850K(7424K)->5850K(7424K)
[2025-11-02T23:14:34.687+0000][gc            ] GC(235) Pause Young (Normal) (G1 Evacuation Pause) 294M->265M(693M) 14.953ms
[2025-11-02T23:14:34.687+0000][gc,cpu        ] GC(235) User=0.03s Sys=0.00s Real=0.02s
[2025-11-02T23:15:17.683+0000][gc,start      ] GC(236) Pause Young (Normal) (G1 Evacuation Pause)
[2025-11-02T23:15:17.683+0000][gc,task       ] GC(236) Using 2 workers of 2 for evacuation
[2025-11-02T23:15:17.694+0000][gc,phases     ] GC(236)   Pre Evacuate Collection Set: 0.0ms
[2025-11-02T23:15:17.694+0000][gc,phases     ] GC(236)   Evacuate Collection Set: 9.7ms
[2025-11-02T23:15:17.694+0000][gc,phases     ] GC(236)   Post Evacuate Collection Set: 0.6ms
[2025-11-02T23:15:17.694+0000][gc,phases     ] GC(236)   Other: 0.5ms
[2025-11-02T23:15:17.694+0000][gc,heap       ] GC(236) Eden regions: 31->0(31)
[2025-11-02T23:15:17.694+0000][gc,heap       ] GC(236) Survivor regions: 3->5(5)
[2025-11-02T23:15:17.695+0000][gc,heap       ] GC(236) Old regions: 116->116
[2025-11-02T23:15:17.695+0000][gc,heap       ] GC(236) Humongous regions: 147->147
[2025-11-02T23:15:17.695+0000][gc,metaspace  ] GC(236) Metaspace: 53227K(56752K)->53227K(56752K) NonClass: 47376K(49328K)->47376K(49328K) Class: 5850K(7424K)->5850K(7424K)
[2025-11-02T23:15:17.695+0000][gc            ] GC(236) Pause Young (Normal) (G1 Evacuation Pause) 296M->267M(693M) 12.281ms
[2025-11-02T23:15:17.695+0000][gc,cpu        ] GC(236) User=0.02s Sys=0.00s Real=0.01s
[2025-11-02T23:16:01.780+0000][gc,start      ] GC(237) Pause Young (Normal) (G1 Evacuation Pause)
[2025-11-02T23:16:01.780+0000][gc,task       ] GC(237) Using 2 workers of 2 for evacuation
[2025-11-02T23:16:01.804+0000][gc,mmu        ] GC(237) MMU target violated: 21.0ms (20.0ms/21.0ms)
[2025-11-02T23:16:01.805+0000][gc,phases     ] GC(237)   Pre Evacuate Collection Set: 0.1ms
[2025-11-02T23:16:01.805+0000][gc,phases     ] GC(237)   Evacuate Collection Set: 21.2ms
[2025-11-02T23:16:01.805+0000][gc,phases     ] GC(237)   Post Evacuate Collection Set: 1.8ms
[2025-11-02T23:16:01.806+0000][gc,phases     ] GC(237)   Other: 1.9ms
[2025-11-02T23:16:01.806+0000][gc,heap       ] GC(237) Eden regions: 31->0(31)
[2025-11-02T23:16:01.806+0000][gc,heap       ] GC(237) Survivor regions: 5->3(5)
[2025-11-02T23:16:01.807+0000][gc,heap       ] GC(237) Old regions: 116->119
[2025-11-02T23:16:01.807+0000][gc,heap       ] GC(237) Humongous regions: 147->147
[2025-11-02T23:16:01.807+0000][gc,metaspace  ] GC(237) Metaspace: 53227K(56752K)->53227K(56752K) NonClass: 47376K(49328K)->47376K(49328K) Class: 5850K(7424K)->5850K(7424K)
[2025-11-02T23:16:01.808+0000][gc            ] GC(237) Pause Young (Normal) (G1 Evacuation Pause) 298M->268M(693M) 27.905ms
[2025-11-02T23:16:01.808+0000][gc,cpu        ] GC(237) User=0.04s Sys=0.00s Real=0.03s
[2025-11-02T23:16:45.628+0000][gc,start      ] GC(238) Pause Young (Normal) (G1 Evacuation Pause)
[2025-11-02T23:16:45.629+0000][gc,task       ] GC(238) Using 2 workers of 2 for evacuation
[2025-11-02T23:16:45.664+0000][gc,mmu        ] GC(238) MMU target violated: 21.0ms (20.0ms/21.0ms)
[2025-11-02T23:16:45.665+0000][gc,phases     ] GC(238)   Pre Evacuate Collection Set: 0.0ms
[2025-11-02T23:16:45.666+0000][gc,phases     ] GC(238)   Evacuate Collection Set: 32.0ms
[2025-11-02T23:16:45.666+0000][gc,phases     ] GC(238)   Post Evacuate Collection Set: 2.0ms
[2025-11-02T23:16:45.667+0000][gc,phases     ] GC(238)   Other: 3.1ms
[2025-11-02T23:16:45.667+0000][gc,heap       ] GC(238) Eden regions: 31->0(29)
[2025-11-02T23:16:45.667+0000][gc,heap       ] GC(238) Survivor regions: 3->5(5)
[2025-11-02T23:16:45.668+0000][gc,heap       ] GC(238) Old regions: 119->119
[2025-11-02T23:16:45.668+0000][gc,heap       ] GC(238) Humongous regions: 147->147
[2025-11-02T23:16:45.668+0000][gc,metaspace  ] GC(238) Metaspace: 53227K(56752K)->53227K(56752K) NonClass: 47376K(49328K)->47376K(49328K) Class: 5850K(7424K)->5850K(7424K)
[2025-11-02T23:16:45.669+0000][gc            ] GC(238) Pause Young (Normal) (G1 Evacuation Pause) 299M->270M(693M) 40.600ms
[2025-11-02T23:16:45.669+0000][gc,cpu        ] GC(238) User=0.07s Sys=0.00s Real=0.04s
[2025-11-02T23:17:27.135+0000][gc,start      ] GC(239) Pause Young (Normal) (G1 Evacuation Pause)
[2025-11-02T23:17:27.139+0000][gc,task       ] GC(239) Using 2 workers of 2 for evacuation
[2025-11-02T23:17:27.170+0000][gc,mmu        ] GC(239) MMU target violated: 21.0ms (20.0ms/21.0ms)
[2025-11-02T23:17:27.170+0000][gc,phases     ] GC(239)   Pre Evacuate Collection Set: 0.1ms
[2025-11-02T23:17:27.170+0000][gc,phases     ] GC(239)   Evacuate Collection Set: 27.9ms
[2025-11-02T23:17:27.171+0000][gc,phases     ] GC(239)   Post Evacuate Collection Set: 1.8ms
[2025-11-02T23:17:27.171+0000][gc,phases     ] GC(239)   Other: 5.6ms
[2025-11-02T23:17:27.171+0000][gc,heap       ] GC(239) Eden regions: 29->0(32)
[2025-11-02T23:17:27.172+0000][gc,heap       ] GC(239) Survivor regions: 5->2(5)
[2025-11-02T23:17:27.172+0000][gc,heap       ] GC(239) Old regions: 119->122
[2025-11-02T23:17:27.172+0000][gc,heap       ] GC(239) Humongous regions: 147->147
[2025-11-02T23:17:27.173+0000][gc,metaspace  ] GC(239) Metaspace: 53227K(56752K)->53227K(56752K) NonClass: 47376K(49328K)->47376K(49328K) Class: 5850K(7424K)->5850K(7424K)
[2025-11-02T23:17:27.173+0000][gc            ] GC(239) Pause Young (Normal) (G1 Evacuation Pause) 299M->270M(693M) 38.162ms
[2025-11-02T23:17:27.173+0000][gc,cpu        ] GC(239) User=0.06s Sys=0.00s Real=0.04s
[2025-11-02T23:18:34.714+0000][gc,start      ] GC(240) Pause Young (Normal) (G1 Evacuation Pause)
[2025-11-02T23:18:34.715+0000][gc,task       ] GC(240) Using 2 workers of 2 for evacuation
[2025-11-02T23:18:34.723+0000][gc,phases     ] GC(240)   Pre Evacuate Collection Set: 0.0ms
[2025-11-02T23:18:34.723+0000][gc,phases     ] GC(240)   Evacuate Collection Set: 7.5ms
[2025-11-02T23:18:34.723+0000][gc,phases     ] GC(240)   Post Evacuate Collection Set: 0.5ms
[2025-11-02T23:18:34.724+0000][gc,phases     ] GC(240)   Other: 0.7ms
[2025-11-02T23:18:34.724+0000][gc,heap       ] GC(240) Eden regions: 32->0(30)
[2025-11-02T23:18:34.724+0000][gc,heap       ] GC(240) Survivor regions: 2->4(5)
[2025-11-02T23:18:34.724+0000][gc,heap       ] GC(240) Old regions: 122->122
[2025-11-02T23:18:34.724+0000][gc,heap       ] GC(240) Humongous regions: 147->147
[2025-11-02T23:18:34.724+0000][gc,metaspace  ] GC(240) Metaspace: 53229K(56752K)->53229K(56752K) NonClass: 47379K(49328K)->47379K(49328K) Class: 5850K(7424K)->5850K(7424K)
[2025-11-02T23:18:34.724+0000][gc            ] GC(240) Pause Young (Normal) (G1 Evacuation Pause) 302M->272M(693M) 10.007ms
[2025-11-02T23:18:34.724+0000][gc,cpu        ] GC(240) User=0.01s Sys=0.00s Real=0.01s
[2025-11-02T23:19:40.624+0000][gc,start      ] GC(241) Pause Young (Normal) (G1 Evacuation Pause)
[2025-11-02T23:19:40.624+0000][gc,task       ] GC(241) Using 2 workers of 2 for evacuation
[2025-11-02T23:19:40.651+0000][gc,mmu        ] GC(241) MMU target violated: 21.0ms (20.0ms/21.0ms)
[2025-11-02T23:19:40.651+0000][gc,phases     ] GC(241)   Pre Evacuate Collection Set: 0.0ms
[2025-11-02T23:19:40.652+0000][gc,phases     ] GC(241)   Evacuate Collection Set: 24.0ms
[2025-11-02T23:19:40.652+0000][gc,phases     ] GC(241)   Post Evacuate Collection Set: 1.2ms
[2025-11-02T23:19:40.652+0000][gc,phases     ] GC(241)   Other: 1.8ms
[2025-11-02T23:19:40.653+0000][gc,heap       ] GC(241) Eden regions: 30->0(29)
[2025-11-02T23:19:40.653+0000][gc,heap       ] GC(241) Survivor regions: 4->5(5)
[2025-11-02T23:19:40.654+0000][gc,heap       ] GC(241) Old regions: 122->124
[2025-11-02T23:19:40.654+0000][gc,heap       ] GC(241) Humongous regions: 147->147
[2025-11-02T23:19:40.654+0000][gc,metaspace  ] GC(241) Metaspace: 53229K(56752K)->53229K(56752K) NonClass: 47379K(49328K)->47379K(49328K) Class: 5850K(7424K)->5850K(7424K)
[2025-11-02T23:19:40.655+0000][gc            ] GC(241) Pause Young (Normal) (G1 Evacuation Pause) 302M->274M(693M) 30.545ms
[2025-11-02T23:19:40.655+0000][gc,cpu        ] GC(241) User=0.05s Sys=0.00s Real=0.03s
[2025-11-02T23:20:45.320+0000][gc,start      ] GC(242) Pause Young (Normal) (G1 Evacuation Pause)
[2025-11-02T23:20:45.320+0000][gc,task       ] GC(242) Using 2 workers of 2 for evacuation
[2025-11-02T23:20:45.339+0000][gc,phases     ] GC(242)   Pre Evacuate Collection Set: 0.0ms
[2025-11-02T23:20:45.340+0000][gc,phases     ] GC(242)   Evacuate Collection Set: 18.2ms
[2025-11-02T23:20:45.340+0000][gc,phases     ] GC(242)   Post Evacuate Collection Set: 0.8ms
[2025-11-02T23:20:45.340+0000][gc,phases     ] GC(242)   Other: 0.6ms
[2025-11-02T23:20:45.340+0000][gc,heap       ] GC(242) Eden regions: 29->0(29)
[2025-11-02T23:20:45.340+0000][gc,heap       ] GC(242) Survivor regions: 5->5(5)
[2025-11-02T23:20:45.340+0000][gc,heap       ] GC(242) Old regions: 124->127
[2025-11-02T23:20:45.341+0000][gc,heap       ] GC(242) Humongous regions: 147->147
[2025-11-02T23:20:45.341+0000][gc,metaspace  ] GC(242) Metaspace: 53229K(56752K)->53229K(56752K) NonClass: 47379K(49328K)->47379K(49328K) Class: 5850K(7424K)->5850K(7424K)
[2025-11-02T23:20:45.341+0000][gc            ] GC(242) Pause Young (Normal) (G1 Evacuation Pause) 303M->278M(693M) 21.589ms
[2025-11-02T23:20:45.341+0000][gc,cpu        ] GC(242) User=0.04s Sys=0.00s Real=0.03s
[2025-11-02T23:21:49.756+0000][gc,start      ] GC(243) Pause Young (Normal) (G1 Evacuation Pause)
[2025-11-02T23:21:49.756+0000][gc,task       ] GC(243) Using 2 workers of 2 for evacuation
[2025-11-02T23:21:49.775+0000][gc,phases     ] GC(243)   Pre Evacuate Collection Set: 0.0ms
[2025-11-02T23:21:49.775+0000][gc,phases     ] GC(243)   Evacuate Collection Set: 17.7ms
[2025-11-02T23:21:49.776+0000][gc,phases     ] GC(243)   Post Evacuate Collection Set: 0.9ms
[2025-11-02T23:21:49.776+0000][gc,phases     ] GC(243)   Other: 0.8ms
[2025-11-02T23:21:49.776+0000][gc,heap       ] GC(243) Eden regions: 29->0(30)
[2025-11-02T23:21:49.776+0000][gc,heap       ] GC(243) Survivor regions: 5->4(5)
[2025-11-02T23:21:49.777+0000][gc,heap       ] GC(243) Old regions: 127->130
[2025-11-02T23:21:49.777+0000][gc,heap       ] GC(243) Humongous regions: 147->147
[2025-11-02T23:21:49.777+0000][gc,metaspace  ] GC(243) Metaspace: 53229K(56752K)->53229K(56752K) NonClass: 47379K(49328K)->47379K(49328K) Class: 5850K(7424K)->5850K(7424K)
[2025-11-02T23:21:49.777+0000][gc            ] GC(243) Pause Young (Normal) (G1 Evacuation Pause) 307M->280M(693M) 21.518ms
[2025-11-02T23:21:49.777+0000][gc,cpu        ] GC(243) User=0.03s Sys=0.00s Real=0.02s
[2025-11-02T23:22:54.706+0000][gc,start      ] GC(244) Pause Young (Normal) (G1 Evacuation Pause)
[2025-11-02T23:22:54.707+0000][gc,task       ] GC(244) Using 2 workers of 2 for evacuation
[2025-11-02T23:22:54.723+0000][gc,phases     ] GC(244)   Pre Evacuate Collection Set: 0.0ms
[2025-11-02T23:22:54.723+0000][gc,phases     ] GC(244)   Evacuate Collection Set: 14.6ms
[2025-11-02T23:22:54.723+0000][gc,phases     ] GC(244)   Post Evacuate Collection Set: 0.9ms
[2025-11-02T23:22:54.723+0000][gc,phases     ] GC(244)   Other: 0.8ms
[2025-11-02T23:22:54.724+0000][gc,heap       ] GC(244) Eden regions: 30->0(30)
[2025-11-02T23:22:54.724+0000][gc,heap       ] GC(244) Survivor regions: 4->4(5)
[2025-11-02T23:22:54.724+0000][gc,heap       ] GC(244) Old regions: 130->132
[2025-11-02T23:22:54.724+0000][gc,heap       ] GC(244) Humongous regions: 147->147
[2025-11-02T23:22:54.725+0000][gc,metaspace  ] GC(244) Metaspace: 53229K(56752K)->53229K(56752K) NonClass: 47379K(49328K)->47379K(49328K) Class: 5850K(7424K)->5850K(7424K)
[2025-11-02T23:22:54.725+0000][gc            ] GC(244) Pause Young (Normal) (G1 Evacuation Pause) 310M->282M(693M) 18.285ms
[2025-11-02T23:22:54.725+0000][gc,cpu        ] GC(244) User=0.04s Sys=0.00s Real=0.02s
[2025-11-02T23:23:57.292+0000][gc,start      ] GC(245) Pause Young (Normal) (G1 Evacuation Pause)
[2025-11-02T23:23:57.293+0000][gc,task       ] GC(245) Using 2 workers of 2 for evacuation
[2025-11-02T23:23:57.305+0000][gc,phases     ] GC(245)   Pre Evacuate Collection Set: 0.0ms
[2025-11-02T23:23:57.305+0000][gc,phases     ] GC(245)   Evacuate Collection Set: 11.6ms
[2025-11-02T23:23:57.306+0000][gc,phases     ] GC(245)   Post Evacuate Collection Set: 0.7ms
[2025-11-02T23:23:57.306+0000][gc,phases     ] GC(245)   Other: 0.6ms
[2025-11-02T23:23:57.306+0000][gc,heap       ] GC(245) Eden regions: 30->0(30)
[2025-11-02T23:23:57.306+0000][gc,heap       ] GC(245) Survivor regions: 4->4(5)
[2025-11-02T23:23:57.306+0000][gc,heap       ] GC(245) Old regions: 132->134
[2025-11-02T23:23:57.306+0000][gc,heap       ] GC(245) Humongous regions: 147->147
[2025-11-02T23:23:57.307+0000][gc,metaspace  ] GC(245) Metaspace: 53229K(56752K)->53229K(56752K) NonClass: 47379K(49328K)->47379K(49328K) Class: 5850K(7424K)->5850K(7424K)
[2025-11-02T23:23:57.307+0000][gc            ] GC(245) Pause Young (Normal) (G1 Evacuation Pause) 312M->284M(693M) 14.384ms
[2025-11-02T23:23:57.307+0000][gc,cpu        ] GC(245) User=0.03s Sys=0.00s Real=0.02s
[2025-11-02T23:24:57.264+0000][gc,start      ] GC(246) Pause Young (Normal) (G1 Evacuation Pause)
[2025-11-02T23:24:57.264+0000][gc,task       ] GC(246) Using 2 workers of 2 for evacuation
[2025-11-02T23:24:57.283+0000][gc,phases     ] GC(246)   Pre Evacuate Collection Set: 0.0ms
[2025-11-02T23:24:57.284+0000][gc,phases     ] GC(246)   Evacuate Collection Set: 17.5ms
[2025-11-02T23:24:57.284+0000][gc,phases     ] GC(246)   Post Evacuate Collection Set: 0.9ms
[2025-11-02T23:24:57.284+0000][gc,phases     ] GC(246)   Other: 0.8ms
[2025-11-02T23:24:57.284+0000][gc,heap       ] GC(246) Eden regions: 30->0(30)
[2025-11-02T23:24:57.285+0000][gc,heap       ] GC(246) Survivor regions: 4->4(5)
[2025-11-02T23:24:57.285+0000][gc,heap       ] GC(246) Old regions: 134->137
[2025-11-02T23:24:57.285+0000][gc,heap       ] GC(246) Humongous regions: 147->147
[2025-11-02T23:24:57.285+0000][gc,metaspace  ] GC(246) Metaspace: 53229K(56752K)->53229K(56752K) NonClass: 47379K(49328K)->47379K(49328K) Class: 5850K(7424K)->5850K(7424K)
[2025-11-02T23:24:57.286+0000][gc            ] GC(246) Pause Young (Normal) (G1 Evacuation Pause) 314M->287M(693M) 21.519ms
[2025-11-02T23:24:57.286+0000][gc,cpu        ] GC(246) User=0.04s Sys=0.00s Real=0.02s
[2025-11-02T23:25:59.888+0000][gc,start      ] GC(247) Pause Young (Normal) (G1 Evacuation Pause)
[2025-11-02T23:25:59.888+0000][gc,task       ] GC(247) Using 2 workers of 2 for evacuation
[2025-11-02T23:25:59.900+0000][gc,phases     ] GC(247)   Pre Evacuate Collection Set: 0.0ms
[2025-11-02T23:25:59.900+0000][gc,phases     ] GC(247)   Evacuate Collection Set: 11.1ms
[2025-11-02T23:25:59.901+0000][gc,phases     ] GC(247)   Post Evacuate Collection Set: 0.6ms
[2025-11-02T23:25:59.901+0000][gc,phases     ] GC(247)   Other: 0.6ms
[2025-11-02T23:25:59.901+0000][gc,heap       ] GC(247) Eden regions: 30->0(32)
[2025-11-02T23:25:59.901+0000][gc,heap       ] GC(247) Survivor regions: 4->4(5)
[2025-11-02T23:25:59.901+0000][gc,heap       ] GC(247) Old regions: 137->139
[2025-11-02T23:25:59.901+0000][gc,heap       ] GC(247) Humongous regions: 147->147
[2025-11-02T23:25:59.901+0000][gc,metaspace  ] GC(247) Metaspace: 53229K(56752K)->53229K(56752K) NonClass: 47379K(49328K)->47379K(49328K) Class: 5850K(7424K)->5850K(7424K)
[2025-11-02T23:25:59.902+0000][gc            ] GC(247) Pause Young (Normal) (G1 Evacuation Pause) 317M->289M(693M) 13.644ms
[2025-11-02T23:25:59.902+0000][gc,cpu        ] GC(247) User=0.03s Sys=0.00s Real=0.02s
[2025-11-02T23:26:59.426+0000][gc,start      ] GC(248) Pause Young (Normal) (G1 Evacuation Pause)
[2025-11-02T23:26:59.427+0000][gc,task       ] GC(248) Using 2 workers of 2 for evacuation
[2025-11-02T23:26:59.439+0000][gc,phases     ] GC(248)   Pre Evacuate Collection Set: 0.0ms
[2025-11-02T23:26:59.439+0000][gc,phases     ] GC(248)   Evacuate Collection Set: 11.2ms
[2025-11-02T23:26:59.439+0000][gc,phases     ] GC(248)   Post Evacuate Collection Set: 0.8ms
[2025-11-02T23:26:59.439+0000][gc,phases     ] GC(248)   Other: 0.5ms
[2025-11-02T23:26:59.440+0000][gc,heap       ] GC(248) Eden regions: 31->0(35)
[2025-11-02T23:26:59.440+0000][gc,heap       ] GC(248) Survivor regions: 4->4(5)
[2025-11-02T23:26:59.440+0000][gc,heap       ] GC(248) Old regions: 139->142
[2025-11-02T23:26:59.440+0000][gc,heap       ] GC(248) Humongous regions: 147->147
[2025-11-02T23:26:59.440+0000][gc,metaspace  ] GC(248) Metaspace: 53250K(56752K)->53250K(56752K) NonClass: 47399K(49328K)->47399K(49328K) Class: 5850K(7424K)->5850K(7424K)
[2025-11-02T23:26:59.441+0000][gc            ] GC(248) Pause Young (Normal) (G1 Evacuation Pause) 320M->291M(693M) 14.200ms
[2025-11-02T23:26:59.441+0000][gc,cpu        ] GC(248) User=0.02s Sys=0.00s Real=0.02s
[2025-11-02T23:28:04.712+0000][gc,start      ] GC(249) Pause Young (Normal) (G1 Evacuation Pause)
[2025-11-02T23:28:04.712+0000][gc,task       ] GC(249) Using 2 workers of 2 for evacuation
[2025-11-02T23:28:04.724+0000][gc,phases     ] GC(249)   Pre Evacuate Collection Set: 0.0ms
[2025-11-02T23:28:04.725+0000][gc,phases     ] GC(249)   Evacuate Collection Set: 11.6ms
[2025-11-02T23:28:04.725+0000][gc,phases     ] GC(249)   Post Evacuate Collection Set: 0.6ms
[2025-11-02T23:28:04.725+0000][gc,phases     ] GC(249)   Other: 0.6ms
[2025-11-02T23:28:04.725+0000][gc,heap       ] GC(249) Eden regions: 35->0(39)
[2025-11-02T23:28:04.725+0000][gc,heap       ] GC(249) Survivor regions: 4->5(5)
[2025-11-02T23:28:04.725+0000][gc,heap       ] GC(249) Old regions: 142->144
[2025-11-02T23:28:04.725+0000][gc,heap       ] GC(249) Humongous regions: 147->147
[2025-11-02T23:28:04.725+0000][gc,metaspace  ] GC(249) Metaspace: 53250K(56752K)->53250K(56752K) NonClass: 47399K(49328K)->47399K(49328K) Class: 5850K(7424K)->5850K(7424K)
[2025-11-02T23:28:04.726+0000][gc            ] GC(249) Pause Young (Normal) (G1 Evacuation Pause) 326M->295M(693M) 13.832ms
[2025-11-02T23:28:04.726+0000][gc,cpu        ] GC(249) User=0.02s Sys=0.00s Real=0.01s
[2025-11-02T23:29:16.728+0000][gc,start      ] GC(250) Pause Young (Normal) (G1 Evacuation Pause)
[2025-11-02T23:29:16.728+0000][gc,task       ] GC(250) Using 2 workers of 2 for evacuation
[2025-11-02T23:29:16.739+0000][gc,phases     ] GC(250)   Pre Evacuate Collection Set: 0.0ms
[2025-11-02T23:29:16.740+0000][gc,phases     ] GC(250)   Evacuate Collection Set: 10.8ms
[2025-11-02T23:29:16.740+0000][gc,phases     ] GC(250)   Post Evacuate Collection Set: 0.6ms
[2025-11-02T23:29:16.740+0000][gc,phases     ] GC(250)   Other: 0.6ms
[2025-11-02T23:29:16.740+0000][gc,heap       ] GC(250) Eden regions: 39->0(44)
[2025-11-02T23:29:16.740+0000][gc,heap       ] GC(250) Survivor regions: 5->4(6)
[2025-11-02T23:29:16.740+0000][gc,heap       ] GC(250) Old regions: 144->146
[2025-11-02T23:29:16.741+0000][gc,heap       ] GC(250) Humongous regions: 147->147
[2025-11-02T23:29:16.741+0000][gc,metaspace  ] GC(250) Metaspace: 53250K(56752K)->53250K(56752K) NonClass: 47399K(49328K)->47399K(49328K) Class: 5850K(7424K)->5850K(7424K)
[2025-11-02T23:29:16.741+0000][gc            ] GC(250) Pause Young (Normal) (G1 Evacuation Pause) 334M->296M(693M) 13.227ms
[2025-11-02T23:29:16.741+0000][gc,cpu        ] GC(250) User=0.02s Sys=0.00s Real=0.02s
[2025-11-02T23:30:39.769+0000][gc,start      ] GC(251) Pause Young (Normal) (G1 Evacuation Pause)
[2025-11-02T23:30:39.769+0000][gc,task       ] GC(251) Using 2 workers of 2 for evacuation
[2025-11-02T23:30:39.782+0000][gc,phases     ] GC(251)   Pre Evacuate Collection Set: 0.0ms
[2025-11-02T23:30:39.782+0000][gc,phases     ] GC(251)   Evacuate Collection Set: 11.7ms
[2025-11-02T23:30:39.783+0000][gc,phases     ] GC(251)   Post Evacuate Collection Set: 0.6ms
[2025-11-02T23:30:39.783+0000][gc,phases     ] GC(251)   Other: 0.6ms
[2025-11-02T23:30:39.783+0000][gc,heap       ] GC(251) Eden regions: 44->0(47)
[2025-11-02T23:30:39.783+0000][gc,heap       ] GC(251) Survivor regions: 4->6(6)
[2025-11-02T23:30:39.783+0000][gc,heap       ] GC(251) Old regions: 146->147
[2025-11-02T23:30:39.783+0000][gc,heap       ] GC(251) Humongous regions: 147->147
[2025-11-02T23:30:39.783+0000][gc,metaspace  ] GC(251) Metaspace: 53250K(56752K)->53250K(56752K) NonClass: 47399K(49328K)->47399K(49328K) Class: 5850K(7424K)->5850K(7424K)
[2025-11-02T23:30:39.783+0000][gc            ] GC(251) Pause Young (Normal) (G1 Evacuation Pause) 340M->299M(693M) 14.223ms
[2025-11-02T23:30:39.784+0000][gc,cpu        ] GC(251) User=0.02s Sys=0.00s Real=0.02s
[2025-11-02T23:32:09.145+0000][gc,start      ] GC(252) Pause Young (Normal) (G1 Evacuation Pause)
[2025-11-02T23:32:09.145+0000][gc,task       ] GC(252) Using 2 workers of 2 for evacuation
[2025-11-02T23:32:09.161+0000][gc,phases     ] GC(252)   Pre Evacuate Collection Set: 0.0ms
[2025-11-02T23:32:09.161+0000][gc,phases     ] GC(252)   Evacuate Collection Set: 14.8ms
[2025-11-02T23:32:09.161+0000][gc,phases     ] GC(252)   Post Evacuate Collection Set: 0.6ms
[2025-11-02T23:32:09.161+0000][gc,phases     ] GC(252)   Other: 0.6ms
[2025-11-02T23:32:09.161+0000][gc,heap       ] GC(252) Eden regions: 47->0(49)
[2025-11-02T23:32:09.161+0000][gc,heap       ] GC(252) Survivor regions: 6->4(7)
[2025-11-02T23:32:09.161+0000][gc,heap       ] GC(252) Old regions: 147->152
[2025-11-02T23:32:09.162+0000][gc,heap       ] GC(252) Humongous regions: 147->147
[2025-11-02T23:32:09.162+0000][gc,metaspace  ] GC(252) Metaspace: 53251K(56752K)->53251K(56752K) NonClass: 47401K(49328K)->47401K(49328K) Class: 5850K(7424K)->5850K(7424K)
[2025-11-02T23:32:09.162+0000][gc            ] GC(252) Pause Young (Normal) (G1 Evacuation Pause) 346M->302M(693M) 17.337ms
[2025-11-02T23:32:09.162+0000][gc,cpu        ] GC(252) User=0.03s Sys=0.00s Real=0.02s
[2025-11-02T23:33:41.110+0000][gc,start      ] GC(253) Pause Young (Normal) (G1 Evacuation Pause)
[2025-11-02T23:33:41.110+0000][gc,task       ] GC(253) Using 2 workers of 2 for evacuation
[2025-11-02T23:33:41.124+0000][gc,phases     ] GC(253)   Pre Evacuate Collection Set: 0.0ms
[2025-11-02T23:33:41.124+0000][gc,phases     ] GC(253)   Evacuate Collection Set: 12.7ms
[2025-11-02T23:33:41.124+0000][gc,phases     ] GC(253)   Post Evacuate Collection Set: 0.6ms
[2025-11-02T23:33:41.124+0000][gc,phases     ] GC(253)   Other: 0.5ms
[2025-11-02T23:33:41.124+0000][gc,heap       ] GC(253) Eden regions: 49->0(52)
[2025-11-02T23:33:41.124+0000][gc,heap       ] GC(253) Survivor regions: 4->6(7)
[2025-11-02T23:33:41.125+0000][gc,heap       ] GC(253) Old regions: 152->155
[2025-11-02T23:33:41.125+0000][gc,heap       ] GC(253) Humongous regions: 147->147
[2025-11-02T23:33:41.125+0000][gc,metaspace  ] GC(253) Metaspace: 53251K(56752K)->53251K(56752K) NonClass: 47401K(49328K)->47401K(49328K) Class: 5850K(7424K)->5850K(7424K)
[2025-11-02T23:33:41.125+0000][gc            ] GC(253) Pause Young (Normal) (G1 Evacuation Pause) 351M->307M(693M) 15.293ms
[2025-11-02T23:33:41.125+0000][gc,cpu        ] GC(253) User=0.03s Sys=0.00s Real=0.02s
[2025-11-02T23:35:17.507+0000][gc,start      ] GC(254) Pause Young (Normal) (G1 Evacuation Pause)
[2025-11-02T23:35:17.507+0000][gc,task       ] GC(254) Using 2 workers of 2 for evacuation
[2025-11-02T23:35:17.521+0000][gc,phases     ] GC(254)   Pre Evacuate Collection Set: 0.0ms
[2025-11-02T23:35:17.521+0000][gc,phases     ] GC(254)   Evacuate Collection Set: 12.8ms
[2025-11-02T23:35:17.521+0000][gc,phases     ] GC(254)   Post Evacuate Collection Set: 0.6ms
[2025-11-02T23:35:17.522+0000][gc,phases     ] GC(254)   Other: 0.5ms
[2025-11-02T23:35:17.522+0000][gc,heap       ] GC(254) Eden regions: 52->0(55)
[2025-11-02T23:35:17.522+0000][gc,heap       ] GC(254) Survivor regions: 6->5(8)
[2025-11-02T23:35:17.522+0000][gc,heap       ] GC(254) Old regions: 155->159
[2025-11-02T23:35:17.522+0000][gc,heap       ] GC(254) Humongous regions: 147->147
[2025-11-02T23:35:17.522+0000][gc,metaspace  ] GC(254) Metaspace: 53251K(56752K)->53251K(56752K) NonClass: 47401K(49328K)->47401K(49328K) Class: 5850K(7424K)->5850K(7424K)
[2025-11-02T23:35:17.522+0000][gc            ] GC(254) Pause Young (Normal) (G1 Evacuation Pause) 359M->310M(693M) 15.256ms
[2025-11-02T23:35:17.523+0000][gc,cpu        ] GC(254) User=0.03s Sys=0.00s Real=0.01s
[2025-11-02T23:37:01.910+0000][gc,start      ] GC(255) Pause Young (Normal) (G1 Evacuation Pause)
[2025-11-02T23:37:01.910+0000][gc,task       ] GC(255) Using 2 workers of 2 for evacuation
[2025-11-02T23:37:01.926+0000][gc,phases     ] GC(255)   Pre Evacuate Collection Set: 0.1ms
[2025-11-02T23:37:01.926+0000][gc,phases     ] GC(255)   Evacuate Collection Set: 14.6ms
[2025-11-02T23:37:01.926+0000][gc,phases     ] GC(255)   Post Evacuate Collection Set: 0.6ms
[2025-11-02T23:37:01.926+0000][gc,phases     ] GC(255)   Other: 0.8ms
[2025-11-02T23:37:01.926+0000][gc,heap       ] GC(255) Eden regions: 55->0(61)
[2025-11-02T23:37:01.926+0000][gc,heap       ] GC(255) Survivor regions: 5->6(8)
[2025-11-02T23:37:01.926+0000][gc,heap       ] GC(255) Old regions: 159->163
[2025-11-02T23:37:01.927+0000][gc,heap       ] GC(255) Humongous regions: 147->147
[2025-11-02T23:37:01.927+0000][gc,metaspace  ] GC(255) Metaspace: 53255K(56752K)->53255K(56752K) NonClass: 47405K(49328K)->47405K(49328K) Class: 5850K(7424K)->5850K(7424K)
[2025-11-02T23:37:01.927+0000][gc            ] GC(255) Pause Young (Normal) (G1 Evacuation Pause) 365M->314M(693M) 17.394ms
[2025-11-02T23:37:01.927+0000][gc,cpu        ] GC(255) User=0.03s Sys=0.00s Real=0.02s
[2025-11-02T23:38:57.629+0000][gc,start      ] GC(256) Pause Young (Normal) (G1 Evacuation Pause)
[2025-11-02T23:38:57.629+0000][gc,task       ] GC(256) Using 2 workers of 2 for evacuation
[2025-11-02T23:38:57.646+0000][gc,phases     ] GC(256)   Pre Evacuate Collection Set: 0.0ms
[2025-11-02T23:38:57.646+0000][gc,phases     ] GC(256)   Evacuate Collection Set: 15.5ms
[2025-11-02T23:38:57.646+0000][gc,phases     ] GC(256)   Post Evacuate Collection Set: 0.7ms
[2025-11-02T23:38:57.646+0000][gc,phases     ] GC(256)   Other: 0.6ms
[2025-11-02T23:38:57.646+0000][gc,heap       ] GC(256) Eden regions: 61->0(63)
[2025-11-02T23:38:57.647+0000][gc,heap       ] GC(256) Survivor regions: 6->6(9)
[2025-11-02T23:38:57.647+0000][gc,heap       ] GC(256) Old regions: 163->167
[2025-11-02T23:38:57.647+0000][gc,heap       ] GC(256) Humongous regions: 147->147
[2025-11-02T23:38:57.647+0000][gc,metaspace  ] GC(256) Metaspace: 53255K(56752K)->53255K(56752K) NonClass: 47405K(49328K)->47405K(49328K) Class: 5850K(7424K)->5850K(7424K)
[2025-11-02T23:38:57.647+0000][gc            ] GC(256) Pause Young (Normal) (G1 Evacuation Pause) 375M->319M(693M) 18.352ms
[2025-11-02T23:38:57.647+0000][gc,cpu        ] GC(256) User=0.03s Sys=0.00s Real=0.02s
[2025-11-02T23:40:56.104+0000][gc,start      ] GC(257) Pause Young (Normal) (G1 Evacuation Pause)
[2025-11-02T23:40:56.104+0000][gc,task       ] GC(257) Using 2 workers of 2 for evacuation
[2025-11-02T23:40:56.124+0000][gc,phases     ] GC(257)   Pre Evacuate Collection Set: 0.0ms
[2025-11-02T23:40:56.125+0000][gc,phases     ] GC(257)   Evacuate Collection Set: 19.1ms
[2025-11-02T23:40:56.125+0000][gc,phases     ] GC(257)   Post Evacuate Collection Set: 0.6ms
[2025-11-02T23:40:56.125+0000][gc,phases     ] GC(257)   Other: 0.7ms
[2025-11-02T23:40:56.125+0000][gc,heap       ] GC(257) Eden regions: 63->0(61)
[2025-11-02T23:40:56.125+0000][gc,heap       ] GC(257) Survivor regions: 6->6(9)
[2025-11-02T23:40:56.126+0000][gc,heap       ] GC(257) Old regions: 167->171
[2025-11-02T23:40:56.126+0000][gc,heap       ] GC(257) Humongous regions: 147->147
[2025-11-02T23:40:56.126+0000][gc,metaspace  ] GC(257) Metaspace: 53255K(56752K)->53255K(56752K) NonClass: 47405K(49328K)->47405K(49328K) Class: 5850K(7424K)->5850K(7424K)
[2025-11-02T23:40:56.126+0000][gc            ] GC(257) Pause Young (Normal) (G1 Evacuation Pause) 382M->323M(693M) 22.104ms
[2025-11-02T23:40:56.126+0000][gc,cpu        ] GC(257) User=0.04s Sys=0.00s Real=0.02s
[2025-11-02T23:42:51.411+0000][gc,start      ] GC(258) Pause Young (Normal) (G1 Evacuation Pause)
[2025-11-02T23:42:51.411+0000][gc,task       ] GC(258) Using 2 workers of 2 for evacuation
[2025-11-02T23:42:51.428+0000][gc,phases     ] GC(258)   Pre Evacuate Collection Set: 0.0ms
[2025-11-02T23:42:51.428+0000][gc,phases     ] GC(258)   Evacuate Collection Set: 15.6ms
[2025-11-02T23:42:51.429+0000][gc,phases     ] GC(258)   Post Evacuate Collection Set: 0.7ms
[2025-11-02T23:42:51.429+0000][gc,phases     ] GC(258)   Other: 0.6ms
[2025-11-02T23:42:51.429+0000][gc,heap       ] GC(258) Eden regions: 61->0(63)
[2025-11-02T23:42:51.429+0000][gc,heap       ] GC(258) Survivor regions: 6->6(9)
[2025-11-02T23:42:51.429+0000][gc,heap       ] GC(258) Old regions: 171->175
[2025-11-02T23:42:51.429+0000][gc,heap       ] GC(258) Humongous regions: 147->147
[2025-11-02T23:42:51.429+0000][gc,metaspace  ] GC(258) Metaspace: 53255K(56752K)->53255K(56752K) NonClass: 47405K(49328K)->47405K(49328K) Class: 5850K(7424K)->5850K(7424K)
[2025-11-02T23:42:51.429+0000][gc            ] GC(258) Pause Young (Normal) (G1 Evacuation Pause) 384M->328M(693M) 18.155ms
[2025-11-02T23:42:51.430+0000][gc,cpu        ] GC(258) User=0.03s Sys=0.00s Real=0.02s
[2025-11-02T23:44:49.353+0000][gc,start      ] GC(259) Pause Young (Normal) (G1 Evacuation Pause)
[2025-11-02T23:44:49.354+0000][gc,task       ] GC(259) Using 2 workers of 2 for evacuation
[2025-11-02T23:44:49.374+0000][gc,phases     ] GC(259)   Pre Evacuate Collection Set: 0.0ms
[2025-11-02T23:44:49.374+0000][gc,phases     ] GC(259)   Evacuate Collection Set: 18.6ms
[2025-11-02T23:44:49.374+0000][gc,phases     ] GC(259)   Post Evacuate Collection Set: 1.0ms
[2025-11-02T23:44:49.374+0000][gc,phases     ] GC(259)   Other: 0.7ms
[2025-11-02T23:44:49.375+0000][gc,heap       ] GC(259) Eden regions: 63->0(63)
[2025-11-02T23:44:49.375+0000][gc,heap       ] GC(259) Survivor regions: 6->7(9)
[2025-11-02T23:44:49.375+0000][gc,heap       ] GC(259) Old regions: 175->179
[2025-11-02T23:44:49.375+0000][gc,heap       ] GC(259) Humongous regions: 147->147
[2025-11-02T23:44:49.376+0000][gc,metaspace  ] GC(259) Metaspace: 53255K(56752K)->53255K(56752K) NonClass: 47405K(49328K)->47405K(49328K) Class: 5850K(7424K)->5850K(7424K)
[2025-11-02T23:44:49.376+0000][gc            ] GC(259) Pause Young (Normal) (G1 Evacuation Pause) 390M->332M(693M) 22.418ms
[2025-11-02T23:44:49.376+0000][gc,cpu        ] GC(259) User=0.04s Sys=0.00s Real=0.02s
[2025-11-02T23:46:59.918+0000][gc,start      ] GC(260) Pause Young (Normal) (G1 Evacuation Pause)
[2025-11-02T23:46:59.918+0000][gc,task       ] GC(260) Using 2 workers of 2 for evacuation
[2025-11-02T23:46:59.937+0000][gc,phases     ] GC(260)   Pre Evacuate Collection Set: 0.0ms
[2025-11-02T23:46:59.937+0000][gc,phases     ] GC(260)   Evacuate Collection Set: 17.1ms
[2025-11-02T23:46:59.937+0000][gc,phases     ] GC(260)   Post Evacuate Collection Set: 0.7ms
[2025-11-02T23:46:59.937+0000][gc,phases     ] GC(260)   Other: 0.8ms
[2025-11-02T23:46:59.937+0000][gc,heap       ] GC(260) Eden regions: 63->0(65)
[2025-11-02T23:46:59.937+0000][gc,heap       ] GC(260) Survivor regions: 7->7(9)
[2025-11-02T23:46:59.938+0000][gc,heap       ] GC(260) Old regions: 179->184
[2025-11-02T23:46:59.938+0000][gc,heap       ] GC(260) Humongous regions: 147->147
[2025-11-02T23:46:59.938+0000][gc,metaspace  ] GC(260) Metaspace: 53256K(56752K)->53256K(56752K) NonClass: 47405K(49328K)->47405K(49328K) Class: 5850K(7424K)->5850K(7424K)
[2025-11-02T23:46:59.938+0000][gc            ] GC(260) Pause Young (Normal) (G1 Evacuation Pause) 395M->336M(693M) 20.249ms
[2025-11-02T23:46:59.938+0000][gc,cpu        ] GC(260) User=0.03s Sys=0.00s Real=0.02s
[2025-11-02T23:49:21.241+0000][gc,start      ] GC(261) Pause Young (Normal) (G1 Evacuation Pause)
[2025-11-02T23:49:21.242+0000][gc,task       ] GC(261) Using 2 workers of 2 for evacuation
[2025-11-02T23:49:21.260+0000][gc,phases     ] GC(261)   Pre Evacuate Collection Set: 0.0ms
[2025-11-02T23:49:21.261+0000][gc,phases     ] GC(261)   Evacuate Collection Set: 17.9ms
[2025-11-02T23:49:21.261+0000][gc,phases     ] GC(261)   Post Evacuate Collection Set: 0.7ms
[2025-11-02T23:49:21.261+0000][gc,phases     ] GC(261)   Other: 0.6ms
[2025-11-02T23:49:21.261+0000][gc,heap       ] GC(261) Eden regions: 65->0(65)
[2025-11-02T23:49:21.261+0000][gc,heap       ] GC(261) Survivor regions: 7->7(9)
[2025-11-02T23:49:21.261+0000][gc,heap       ] GC(261) Old regions: 184->188
[2025-11-02T23:49:21.262+0000][gc,heap       ] GC(261) Humongous regions: 147->147
[2025-11-02T23:49:21.262+0000][gc,metaspace  ] GC(261) Metaspace: 53256K(56752K)->53256K(56752K) NonClass: 47405K(49328K)->47405K(49328K) Class: 5850K(7424K)->5850K(7424K)
[2025-11-02T23:49:21.262+0000][gc            ] GC(261) Pause Young (Normal) (G1 Evacuation Pause) 401M->341M(693M) 20.418ms
[2025-11-02T23:49:21.262+0000][gc,cpu        ] GC(261) User=0.04s Sys=0.00s Real=0.02s
[2025-11-02T23:51:59.980+0000][gc,start      ] GC(262) Pause Young (Normal) (G1 Evacuation Pause)
[2025-11-02T23:51:59.980+0000][gc,task       ] GC(262) Using 2 workers of 2 for evacuation
[2025-11-02T23:52:00.002+0000][gc,mmu        ] GC(262) MMU target violated: 21.0ms (20.0ms/21.0ms)
[2025-11-02T23:52:00.002+0000][gc,phases     ] GC(262)   Pre Evacuate Collection Set: 0.0ms
[2025-11-02T23:52:00.003+0000][gc,phases     ] GC(262)   Evacuate Collection Set: 20.1ms
[2025-11-02T23:52:00.003+0000][gc,phases     ] GC(262)   Post Evacuate Collection Set: 1.1ms
[2025-11-02T23:52:00.003+0000][gc,phases     ] GC(262)   Other: 1.1ms
[2025-11-02T23:52:00.003+0000][gc,heap       ] GC(262) Eden regions: 65->0(62)
[2025-11-02T23:52:00.003+0000][gc,heap       ] GC(262) Survivor regions: 7->6(9)
[2025-11-02T23:52:00.003+0000][gc,heap       ] GC(262) Old regions: 188->193
[2025-11-02T23:52:00.003+0000][gc,heap       ] GC(262) Humongous regions: 147->147
[2025-11-02T23:52:00.003+0000][gc,metaspace  ] GC(262) Metaspace: 53280K(56752K)->53280K(56752K) NonClass: 47430K(49328K)->47430K(49328K) Class: 5850K(7424K)->5850K(7424K)
[2025-11-02T23:52:00.004+0000][gc            ] GC(262) Pause Young (Normal) (G1 Evacuation Pause) 406M->345M(693M) 23.462ms
[2025-11-02T23:52:00.004+0000][gc,cpu        ] GC(262) User=0.04s Sys=0.00s Real=0.03s
[2025-11-02T23:54:02.388+0000][gc,start      ] GC(263) Pause Young (Normal) (G1 Evacuation Pause)
[2025-11-02T23:54:02.388+0000][gc,task       ] GC(263) Using 2 workers of 2 for evacuation
[2025-11-02T23:54:02.408+0000][gc,phases     ] GC(263)   Pre Evacuate Collection Set: 0.0ms
[2025-11-02T23:54:02.409+0000][gc,phases     ] GC(263)   Evacuate Collection Set: 18.9ms
[2025-11-02T23:54:02.409+0000][gc,phases     ] GC(263)   Post Evacuate Collection Set: 0.7ms
[2025-11-02T23:54:02.409+0000][gc,phases     ] GC(263)   Other: 1.2ms
[2025-11-02T23:54:02.409+0000][gc,heap       ] GC(263) Eden regions: 62->0(59)
[2025-11-02T23:54:02.409+0000][gc,heap       ] GC(263) Survivor regions: 6->7(9)
[2025-11-02T23:54:02.409+0000][gc,heap       ] GC(263) Old regions: 193->198
[2025-11-02T23:54:02.410+0000][gc,heap       ] GC(263) Humongous regions: 147->147
[2025-11-02T23:54:02.410+0000][gc,metaspace  ] GC(263) Metaspace: 53286K(56752K)->53286K(56752K) NonClass: 47436K(49328K)->47436K(49328K) Class: 5850K(7424K)->5850K(7424K)
[2025-11-02T23:54:02.410+0000][gc            ] GC(263) Pause Young (Normal) (G1 Evacuation Pause) 407M->351M(693M) 22.301ms
[2025-11-02T23:54:02.410+0000][gc,cpu        ] GC(263) User=0.04s Sys=0.00s Real=0.02s
[2025-11-02T23:55:19.170+0000][gc,start      ] GC(264) Pause Young (Normal) (G1 Evacuation Pause)
[2025-11-02T23:55:19.171+0000][gc,task       ] GC(264) Using 2 workers of 2 for evacuation
[2025-11-02T23:55:19.186+0000][gc,phases     ] GC(264)   Pre Evacuate Collection Set: 0.0ms
[2025-11-02T23:55:19.186+0000][gc,phases     ] GC(264)   Evacuate Collection Set: 13.6ms
[2025-11-02T23:55:19.186+0000][gc,phases     ] GC(264)   Post Evacuate Collection Set: 0.6ms
[2025-11-02T23:55:19.187+0000][gc,phases     ] GC(264)   Other: 1.4ms
[2025-11-02T23:55:19.187+0000][gc,heap       ] GC(264) Eden regions: 39->0(47)
[2025-11-02T23:55:19.187+0000][gc,heap       ] GC(264) Survivor regions: 7->3(6)
[2025-11-02T23:55:19.187+0000][gc,heap       ] GC(264) Old regions: 198->204
[2025-11-02T23:55:19.187+0000][gc,heap       ] GC(264) Humongous regions: 147->147
[2025-11-02T23:55:19.187+0000][gc,metaspace  ] GC(264) Metaspace: 53294K(56752K)->53294K(56752K) NonClass: 47444K(49328K)->47444K(49328K) Class: 5850K(7424K)->5850K(7424K)
[2025-11-02T23:55:19.187+0000][gc            ] GC(264) Pause Young (Normal) (G1 Evacuation Pause) 390M->353M(693M) 17.023ms
[2025-11-02T23:55:19.188+0000][gc,cpu        ] GC(264) User=0.03s Sys=0.00s Real=0.02s
[2025-11-02T23:56:59.445+0000][gc,start      ] GC(265) Pause Young (Normal) (G1 Evacuation Pause)
[2025-11-02T23:56:59.445+0000][gc,task       ] GC(265) Using 2 workers of 2 for evacuation
[2025-11-02T23:56:59.458+0000][gc,phases     ] GC(265)   Pre Evacuate Collection Set: 0.0ms
[2025-11-02T23:56:59.458+0000][gc,phases     ] GC(265)   Evacuate Collection Set: 11.8ms
[2025-11-02T23:56:59.458+0000][gc,phases     ] GC(265)   Post Evacuate Collection Set: 0.6ms
[2025-11-02T23:56:59.459+0000][gc,phases     ] GC(265)   Other: 1.0ms
[2025-11-02T23:56:59.459+0000][gc,heap       ] GC(265) Eden regions: 47->0(46)
[2025-11-02T23:56:59.459+0000][gc,heap       ] GC(265) Survivor regions: 3->6(7)
[2025-11-02T23:56:59.459+0000][gc,heap       ] GC(265) Old regions: 204->204
[2025-11-02T23:56:59.459+0000][gc,heap       ] GC(265) Humongous regions: 147->147
[2025-11-02T23:56:59.459+0000][gc,metaspace  ] GC(265) Metaspace: 53294K(56752K)->53294K(56752K) NonClass: 47444K(49328K)->47444K(49328K) Class: 5850K(7424K)->5850K(7424K)
[2025-11-02T23:56:59.459+0000][gc            ] GC(265) Pause Young (Normal) (G1 Evacuation Pause) 400M->356M(693M) 14.733ms
[2025-11-02T23:56:59.459+0000][gc,cpu        ] GC(265) User=0.03s Sys=0.00s Real=0.02s
[2025-11-02T23:58:35.677+0000][gc,start      ] GC(266) Pause Young (Normal) (G1 Evacuation Pause)
[2025-11-02T23:58:35.677+0000][gc,task       ] GC(266) Using 2 workers of 2 for evacuation
[2025-11-02T23:58:35.692+0000][gc,phases     ] GC(266)   Pre Evacuate Collection Set: 0.0ms
[2025-11-02T23:58:35.692+0000][gc,phases     ] GC(266)   Evacuate Collection Set: 14.2ms
[2025-11-02T23:58:35.692+0000][gc,phases     ] GC(266)   Post Evacuate Collection Set: 0.6ms
[2025-11-02T23:58:35.693+0000][gc,phases     ] GC(266)   Other: 0.6ms
[2025-11-02T23:58:35.693+0000][gc,heap       ] GC(266) Eden regions: 46->0(48)
[2025-11-02T23:58:35.693+0000][gc,heap       ] GC(266) Survivor regions: 6->6(7)
[2025-11-02T23:58:35.693+0000][gc,heap       ] GC(266) Old regions: 204->208
[2025-11-02T23:58:35.693+0000][gc,heap       ] GC(266) Humongous regions: 147->147
[2025-11-02T23:58:35.693+0000][gc,metaspace  ] GC(266) Metaspace: 53294K(56752K)->53294K(56752K) NonClass: 47444K(49328K)->47444K(49328K) Class: 5850K(7424K)->5850K(7424K)
[2025-11-02T23:58:35.693+0000][gc            ] GC(266) Pause Young (Normal) (G1 Evacuation Pause) 402M->360M(693M) 16.820ms
[2025-11-02T23:58:35.693+0000][gc,cpu        ] GC(266) User=0.03s Sys=0.00s Real=0.01s
[2025-11-03T00:00:06.729+0000][gc,start      ] GC(267) Pause Young (Normal) (G1 Evacuation Pause)
[2025-11-03T00:00:06.729+0000][gc,task       ] GC(267) Using 2 workers of 2 for evacuation
[2025-11-03T00:00:06.745+0000][gc,phases     ] GC(267)   Pre Evacuate Collection Set: 0.0ms
[2025-11-03T00:00:06.746+0000][gc,phases     ] GC(267)   Evacuate Collection Set: 14.6ms
[2025-11-03T00:00:06.746+0000][gc,phases     ] GC(267)   Post Evacuate Collection Set: 1.1ms
[2025-11-03T00:00:06.746+0000][gc,phases     ] GC(267)   Other: 0.6ms
[2025-11-03T00:00:06.746+0000][gc,heap       ] GC(267) Eden regions: 48->0(50)
[2025-11-03T00:00:06.746+0000][gc,heap       ] GC(267) Survivor regions: 6->5(7)
[2025-11-03T00:00:06.746+0000][gc,heap       ] GC(267) Old regions: 208->211
[2025-11-03T00:00:06.746+0000][gc,heap       ] GC(267) Humongous regions: 147->147
[2025-11-03T00:00:06.747+0000][gc,metaspace  ] GC(267) Metaspace: 53294K(56752K)->53294K(56752K) NonClass: 47444K(49328K)->47444K(49328K) Class: 5850K(7424K)->5850K(7424K)
[2025-11-03T00:00:06.747+0000][gc            ] GC(267) Pause Young (Normal) (G1 Evacuation Pause) 408M->363M(693M) 17.700ms
[2025-11-03T00:00:06.747+0000][gc,cpu        ] GC(267) User=0.03s Sys=0.00s Real=0.02s
[2025-11-03T00:01:44.806+0000][gc,start      ] GC(268) Pause Young (Normal) (G1 Evacuation Pause)
[2025-11-03T00:01:44.807+0000][gc,task       ] GC(268) Using 2 workers of 2 for evacuation
[2025-11-03T00:01:44.828+0000][gc,mmu        ] GC(268) MMU target violated: 20.7ms (20.0ms/21.0ms)
[2025-11-03T00:01:44.828+0000][gc,phases     ] GC(268)   Pre Evacuate Collection Set: 0.0ms
[2025-11-03T00:01:44.828+0000][gc,phases     ] GC(268)   Evacuate Collection Set: 19.9ms
[2025-11-03T00:01:44.829+0000][gc,phases     ] GC(268)   Post Evacuate Collection Set: 0.6ms
[2025-11-03T00:01:44.829+0000][gc,phases     ] GC(268)   Other: 1.5ms
[2025-11-03T00:01:44.829+0000][gc,heap       ] GC(268) Eden regions: 50->0(47)
[2025-11-03T00:01:44.829+0000][gc,heap       ] GC(268) Survivor regions: 5->6(7)
[2025-11-03T00:01:44.829+0000][gc,heap       ] GC(268) Old regions: 211->215
[2025-11-03T00:01:44.829+0000][gc,heap       ] GC(268) Humongous regions: 147->147
[2025-11-03T00:01:44.830+0000][gc,metaspace  ] GC(268) Metaspace: 53294K(56752K)->53294K(56752K) NonClass: 47444K(49328K)->47444K(49328K) Class: 5850K(7424K)->5850K(7424K)
[2025-11-03T00:01:44.830+0000][gc            ] GC(268) Pause Young (Normal) (G1 Evacuation Pause) 413M->367M(693M) 23.438ms
[2025-11-03T00:01:44.830+0000][gc,cpu        ] GC(268) User=0.05s Sys=0.00s Real=0.02s
[2025-11-03T00:03:18.108+0000][gc,start      ] GC(269) Pause Young (Normal) (G1 Evacuation Pause)
[2025-11-03T00:03:18.108+0000][gc,task       ] GC(269) Using 2 workers of 2 for evacuation
[2025-11-03T00:03:18.122+0000][gc,phases     ] GC(269)   Pre Evacuate Collection Set: 0.0ms
[2025-11-03T00:03:18.122+0000][gc,phases     ] GC(269)   Evacuate Collection Set: 12.9ms
[2025-11-03T00:03:18.122+0000][gc,phases     ] GC(269)   Post Evacuate Collection Set: 0.5ms
[2025-11-03T00:03:18.122+0000][gc,phases     ] GC(269)   Other: 0.4ms
[2025-11-03T00:03:18.122+0000][gc,heap       ] GC(269) Eden regions: 47->0(51)
[2025-11-03T00:03:18.123+0000][gc,heap       ] GC(269) Survivor regions: 6->5(7)
[2025-11-03T00:03:18.123+0000][gc,heap       ] GC(269) Old regions: 215->219
[2025-11-03T00:03:18.123+0000][gc,heap       ] GC(269) Humongous regions: 147->147
[2025-11-03T00:03:18.123+0000][gc,metaspace  ] GC(269) Metaspace: 53294K(56752K)->53294K(56752K) NonClass: 47444K(49328K)->47444K(49328K) Class: 5850K(7424K)->5850K(7424K)
[2025-11-03T00:03:18.123+0000][gc            ] GC(269) Pause Young (Normal) (G1 Evacuation Pause) 414M->370M(693M) 15.264ms
[2025-11-03T00:03:18.123+0000][gc,cpu        ] GC(269) User=0.03s Sys=0.00s Real=0.01s
[2025-11-03T00:04:57.958+0000][gc,start      ] GC(270) Pause Young (Normal) (G1 Evacuation Pause)
[2025-11-03T00:04:57.958+0000][gc,task       ] GC(270) Using 2 workers of 2 for evacuation
[2025-11-03T00:04:57.973+0000][gc,phases     ] GC(270)   Pre Evacuate Collection Set: 0.0ms
[2025-11-03T00:04:57.974+0000][gc,phases     ] GC(270)   Evacuate Collection Set: 14.3ms
[2025-11-03T00:04:57.974+0000][gc,phases     ] GC(270)   Post Evacuate Collection Set: 0.7ms
[2025-11-03T00:04:57.974+0000][gc,phases     ] GC(270)   Other: 0.9ms
[2025-11-03T00:04:57.974+0000][gc,heap       ] GC(270) Eden regions: 51->0(55)
[2025-11-03T00:04:57.974+0000][gc,heap       ] GC(270) Survivor regions: 5->5(7)
[2025-11-03T00:04:57.974+0000][gc,heap       ] GC(270) Old regions: 219->223
[2025-11-03T00:04:57.974+0000][gc,heap       ] GC(270) Humongous regions: 147->147
[2025-11-03T00:04:57.975+0000][gc,metaspace  ] GC(270) Metaspace: 53294K(56752K)->53294K(56752K) NonClass: 47444K(49328K)->47444K(49328K) Class: 5850K(7424K)->5850K(7424K)
[2025-11-03T00:04:57.975+0000][gc            ] GC(270) Pause Young (Normal) (G1 Evacuation Pause) 421M->374M(693M) 17.305ms
[2025-11-03T00:04:57.975+0000][gc,cpu        ] GC(270) User=0.03s Sys=0.00s Real=0.02s
[2025-11-03T00:06:46.977+0000][gc,start      ] GC(271) Pause Young (Normal) (G1 Evacuation Pause)
[2025-11-03T00:06:46.977+0000][gc,task       ] GC(271) Using 2 workers of 2 for evacuation
[2025-11-03T00:06:47.001+0000][gc,mmu        ] GC(271) MMU target violated: 21.0ms (20.0ms/21.0ms)
[2025-11-03T00:06:47.002+0000][gc,phases     ] GC(271)   Pre Evacuate Collection Set: 0.0ms
[2025-11-03T00:06:47.002+0000][gc,phases     ] GC(271)   Evacuate Collection Set: 22.4ms
[2025-11-03T00:06:47.003+0000][gc,phases     ] GC(271)   Post Evacuate Collection Set: 1.2ms
[2025-11-03T00:06:47.003+0000][gc,phases     ] GC(271)   Other: 1.7ms
[2025-11-03T00:06:47.003+0000][gc,heap       ] GC(271) Eden regions: 55->0(49)
[2025-11-03T00:06:47.003+0000][gc,heap       ] GC(271) Survivor regions: 5->6(8)
[2025-11-03T00:06:47.004+0000][gc,heap       ] GC(271) Old regions: 223->227
[2025-11-03T00:06:47.004+0000][gc,heap       ] GC(271) Humongous regions: 147->147
[2025-11-03T00:06:47.004+0000][gc,metaspace  ] GC(271) Metaspace: 53298K(56752K)->53298K(56752K) NonClass: 47447K(49328K)->47447K(49328K) Class: 5850K(7424K)->5850K(7424K)
[2025-11-03T00:06:47.004+0000][gc            ] GC(271) Pause Young (Normal) (G1 Evacuation Pause) 429M->379M(693M) 27.392ms
[2025-11-03T00:06:47.004+0000][gc,cpu        ] GC(271) User=0.05s Sys=0.00s Real=0.02s
[2025-11-03T00:08:24.466+0000][gc,start      ] GC(272) Pause Young (Normal) (G1 Evacuation Pause)
[2025-11-03T00:08:24.466+0000][gc,task       ] GC(272) Using 2 workers of 2 for evacuation
[2025-11-03T00:08:24.488+0000][gc,mmu        ] GC(272) MMU target violated: 21.0ms (20.0ms/21.0ms)
[2025-11-03T00:08:24.488+0000][gc,phases     ] GC(272)   Pre Evacuate Collection Set: 0.0ms
[2025-11-03T00:08:24.488+0000][gc,phases     ] GC(272)   Evacuate Collection Set: 20.1ms
[2025-11-03T00:08:24.489+0000][gc,phases     ] GC(272)   Post Evacuate Collection Set: 1.2ms
[2025-11-03T00:08:24.489+0000][gc,phases     ] GC(272)   Other: 0.9ms
[2025-11-03T00:08:24.489+0000][gc,heap       ] GC(272) Eden regions: 49->0(47)
[2025-11-03T00:08:24.490+0000][gc,heap       ] GC(272) Survivor regions: 6->5(7)
[2025-11-03T00:08:24.490+0000][gc,heap       ] GC(272) Old regions: 227->231
[2025-11-03T00:08:24.490+0000][gc,heap       ] GC(272) Humongous regions: 147->147
[2025-11-03T00:08:24.491+0000][gc,metaspace  ] GC(272) Metaspace: 53298K(56752K)->53298K(56752K) NonClass: 47447K(49328K)->47447K(49328K) Class: 5850K(7424K)->5850K(7424K)
[2025-11-03T00:08:24.491+0000][gc            ] GC(272) Pause Young (Normal) (G1 Evacuation Pause) 428M->381M(693M) 24.746ms
[2025-11-03T00:08:24.491+0000][gc,cpu        ] GC(272) User=0.04s Sys=0.00s Real=0.03s
[2025-11-03T00:09:58.110+0000][gc,start      ] GC(273) Pause Young (Normal) (G1 Evacuation Pause)
[2025-11-03T00:09:58.111+0000][gc,task       ] GC(273) Using 2 workers of 2 for evacuation
[2025-11-03T00:09:58.128+0000][gc,phases     ] GC(273)   Pre Evacuate Collection Set: 0.0ms
[2025-11-03T00:09:58.128+0000][gc,phases     ] GC(273)   Evacuate Collection Set: 16.4ms
[2025-11-03T00:09:58.129+0000][gc,phases     ] GC(273)   Post Evacuate Collection Set: 0.6ms
[2025-11-03T00:09:58.129+0000][gc,phases     ] GC(273)   Other: 0.9ms
[2025-11-03T00:09:58.129+0000][gc,heap       ] GC(273) Eden regions: 47->0(47)
[2025-11-03T00:09:58.129+0000][gc,heap       ] GC(273) Survivor regions: 5->5(7)
[2025-11-03T00:09:58.129+0000][gc,heap       ] GC(273) Old regions: 231->234
[2025-11-03T00:09:58.129+0000][gc,heap       ] GC(273) Humongous regions: 147->147
[2025-11-03T00:09:58.130+0000][gc,metaspace  ] GC(273) Metaspace: 53298K(56752K)->53298K(56752K) NonClass: 47447K(49328K)->47447K(49328K) Class: 5850K(7424K)->5850K(7424K)
[2025-11-03T00:09:58.130+0000][gc            ] GC(273) Pause Young (Normal) (G1 Evacuation Pause) 428M->385M(693M) 19.401ms
[2025-11-03T00:09:58.130+0000][gc,cpu        ] GC(273) User=0.04s Sys=0.00s Real=0.02s
[2025-11-03T00:11:11.177+0000][gc,start      ] GC(274) Pause Young (Normal) (G1 Evacuation Pause)
[2025-11-03T00:11:11.178+0000][gc,task       ] GC(274) Using 2 workers of 2 for evacuation
[2025-11-03T00:11:11.192+0000][gc,phases     ] GC(274)   Pre Evacuate Collection Set: 0.0ms
[2025-11-03T00:11:11.193+0000][gc,phases     ] GC(274)   Evacuate Collection Set: 13.7ms
[2025-11-03T00:11:11.193+0000][gc,phases     ] GC(274)   Post Evacuate Collection Set: 0.6ms
[2025-11-03T00:11:11.193+0000][gc,phases     ] GC(274)   Other: 0.5ms
[2025-11-03T00:11:11.193+0000][gc,heap       ] GC(274) Eden regions: 37->0(49)
[2025-11-03T00:11:11.193+0000][gc,heap       ] GC(274) Survivor regions: 5->5(6)
[2025-11-03T00:11:11.193+0000][gc,heap       ] GC(274) Old regions: 234->238
[2025-11-03T00:11:11.193+0000][gc,heap       ] GC(274) Humongous regions: 147->147
[2025-11-03T00:11:11.194+0000][gc,metaspace  ] GC(274) Metaspace: 53298K(56752K)->53298K(56752K) NonClass: 47447K(49328K)->47447K(49328K) Class: 5850K(7424K)->5850K(7424K)
[2025-11-03T00:11:11.194+0000][gc            ] GC(274) Pause Young (Normal) (G1 Evacuation Pause) 422M->389M(693M) 16.144ms
[2025-11-03T00:11:11.194+0000][gc,cpu        ] GC(274) User=0.03s Sys=0.00s Real=0.01s
[2025-11-03T00:12:26.116+0000][gc,start      ] GC(275) Pause Young (Normal) (G1 Evacuation Pause)
[2025-11-03T00:12:26.120+0000][gc,task       ] GC(275) Using 2 workers of 2 for evacuation
[2025-11-03T00:12:26.139+0000][gc,phases     ] GC(275)   Pre Evacuate Collection Set: 0.0ms
[2025-11-03T00:12:26.139+0000][gc,phases     ] GC(275)   Evacuate Collection Set: 16.1ms
[2025-11-03T00:12:26.140+0000][gc,phases     ] GC(275)   Post Evacuate Collection Set: 0.7ms
[2025-11-03T00:12:26.140+0000][gc,phases     ] GC(275)   Other: 6.8ms
[2025-11-03T00:12:26.140+0000][gc,heap       ] GC(275) Eden regions: 38->0(46)
[2025-11-03T00:12:26.140+0000][gc,heap       ] GC(275) Survivor regions: 5->4(6)
[2025-11-03T00:12:26.140+0000][gc,heap       ] GC(275) Old regions: 238->240
[2025-11-03T00:12:26.140+0000][gc,heap       ] GC(275) Humongous regions: 147->147
[2025-11-03T00:12:26.140+0000][gc,metaspace  ] GC(275) Metaspace: 53298K(56752K)->53298K(56752K) NonClass: 47447K(49328K)->47447K(49328K) Class: 5850K(7424K)->5850K(7424K)
[2025-11-03T00:12:26.141+0000][gc            ] GC(275) Pause Young (Normal) (G1 Evacuation Pause) 427M->390M(693M) 25.094ms
[2025-11-03T00:12:26.141+0000][gc,cpu        ] GC(275) User=0.04s Sys=0.00s Real=0.02s
[2025-11-03T00:13:45.319+0000][gc,start      ] GC(276) Pause Young (Normal) (G1 Evacuation Pause)
[2025-11-03T00:13:45.320+0000][gc,task       ] GC(276) Using 2 workers of 2 for evacuation
[2025-11-03T00:13:45.339+0000][gc,phases     ] GC(276)   Pre Evacuate Collection Set: 0.1ms
[2025-11-03T00:13:45.339+0000][gc,phases     ] GC(276)   Evacuate Collection Set: 17.1ms
[2025-11-03T00:13:45.339+0000][gc,phases     ] GC(276)   Post Evacuate Collection Set: 0.6ms
[2025-11-03T00:13:45.339+0000][gc,phases     ] GC(276)   Other: 1.7ms
[2025-11-03T00:13:45.340+0000][gc,heap       ] GC(276) Eden regions: 40->0(42)
[2025-11-03T00:13:45.340+0000][gc,heap       ] GC(276) Survivor regions: 4->6(6)
[2025-11-03T00:13:45.340+0000][gc,heap       ] GC(276) Old regions: 240->241
[2025-11-03T00:13:45.340+0000][gc,heap       ] GC(276) Humongous regions: 147->147
[2025-11-03T00:13:45.341+0000][gc,metaspace  ] GC(276) Metaspace: 53298K(56752K)->53298K(56752K) NonClass: 47447K(49328K)->47447K(49328K) Class: 5850K(7424K)->5850K(7424K)
[2025-11-03T00:13:45.341+0000][gc            ] GC(276) Pause Young (Normal) (G1 Evacuation Pause) 430M->393M(693M) 21.877ms
[2025-11-03T00:13:45.342+0000][gc,cpu        ] GC(276) User=0.03s Sys=0.00s Real=0.02s
[2025-11-03T00:15:06.918+0000][gc,start      ] GC(277) Pause Young (Normal) (G1 Evacuation Pause)
[2025-11-03T00:15:06.918+0000][gc,task       ] GC(277) Using 2 workers of 2 for evacuation
[2025-11-03T00:15:06.944+0000][gc,mmu        ] GC(277) MMU target violated: 21.0ms (20.0ms/21.0ms)
[2025-11-03T00:15:06.944+0000][gc,phases     ] GC(277)   Pre Evacuate Collection Set: 0.0ms
[2025-11-03T00:15:06.945+0000][gc,phases     ] GC(277)   Evacuate Collection Set: 24.2ms
[2025-11-03T00:15:06.945+0000][gc,phases     ] GC(277)   Post Evacuate Collection Set: 0.9ms
[2025-11-03T00:15:06.945+0000][gc,phases     ] GC(277)   Other: 1.2ms
[2025-11-03T00:15:06.945+0000][gc,heap       ] GC(277) Eden regions: 42->0(38)
[2025-11-03T00:15:06.945+0000][gc,heap       ] GC(277) Survivor regions: 6->5(6)
[2025-11-03T00:15:06.946+0000][gc,heap       ] GC(277) Old regions: 241->246
[2025-11-03T00:15:06.946+0000][gc,heap       ] GC(277) Humongous regions: 147->147
[2025-11-03T00:15:06.946+0000][gc,metaspace  ] GC(277) Metaspace: 53298K(56752K)->53298K(56752K) NonClass: 47447K(49328K)->47447K(49328K) Class: 5850K(7424K)->5850K(7424K)
[2025-11-03T00:15:06.946+0000][gc            ] GC(277) Pause Young (Normal) (G1 Evacuation Pause) 435M->397M(693M) 28.194ms
[2025-11-03T00:15:06.946+0000][gc,cpu        ] GC(277) User=0.05s Sys=0.00s Real=0.03s
[2025-11-03T00:16:04.336+0000][gc,start      ] GC(278) Pause Young (Normal) (G1 Evacuation Pause)
[2025-11-03T00:16:04.336+0000][gc,task       ] GC(278) Using 2 workers of 2 for evacuation
[2025-11-03T00:16:04.356+0000][gc,phases     ] GC(278)   Pre Evacuate Collection Set: 0.0ms
[2025-11-03T00:16:04.357+0000][gc,phases     ] GC(278)   Evacuate Collection Set: 18.7ms
[2025-11-03T00:16:04.357+0000][gc,phases     ] GC(278)   Post Evacuate Collection Set: 0.9ms
[2025-11-03T00:16:04.357+0000][gc,phases     ] GC(278)   Other: 0.7ms
[2025-11-03T00:16:04.358+0000][gc,heap       ] GC(278) Eden regions: 29->0(34)
[2025-11-03T00:16:04.358+0000][gc,heap       ] GC(278) Survivor regions: 5->4(5)
[2025-11-03T00:16:04.359+0000][gc,heap       ] GC(278) Old regions: 246->249
[2025-11-03T00:16:04.359+0000][gc,heap       ] GC(278) Humongous regions: 147->147
[2025-11-03T00:16:04.360+0000][gc,metaspace  ] GC(278) Metaspace: 53298K(56752K)->53298K(56752K) NonClass: 47447K(49328K)->47447K(49328K) Class: 5850K(7424K)->5850K(7424K)
[2025-11-03T00:16:04.360+0000][gc            ] GC(278) Pause Young (Normal) (G1 Evacuation Pause) 426M->399M(693M) 24.340ms
[2025-11-03T00:16:04.361+0000][gc,cpu        ] GC(278) User=0.04s Sys=0.00s Real=0.02s
[2025-11-03T00:17:03.613+0000][gc,start      ] GC(279) Pause Young (Normal) (G1 Evacuation Pause)
[2025-11-03T00:17:03.613+0000][gc,task       ] GC(279) Using 2 workers of 2 for evacuation
[2025-11-03T00:17:03.624+0000][gc,phases     ] GC(279)   Pre Evacuate Collection Set: 0.0ms
[2025-11-03T00:17:03.624+0000][gc,phases     ] GC(279)   Evacuate Collection Set: 9.6ms
[2025-11-03T00:17:03.624+0000][gc,phases     ] GC(279)   Post Evacuate Collection Set: 0.7ms
[2025-11-03T00:17:03.624+0000][gc,phases     ] GC(279)   Other: 0.5ms
[2025-11-03T00:17:03.624+0000][gc,heap       ] GC(279) Eden regions: 30->0(41)
[2025-11-03T00:17:03.625+0000][gc,heap       ] GC(279) Survivor regions: 4->4(5)
[2025-11-03T00:17:03.625+0000][gc,heap       ] GC(279) Old regions: 249->251
[2025-11-03T00:17:03.625+0000][gc,heap       ] GC(279) Humongous regions: 147->147
[2025-11-03T00:17:03.625+0000][gc,metaspace  ] GC(279) Metaspace: 53298K(56752K)->53298K(56752K) NonClass: 47447K(49328K)->47447K(49328K) Class: 5850K(7424K)->5850K(7424K)
[2025-11-03T00:17:03.625+0000][gc            ] GC(279) Pause Young (Normal) (G1 Evacuation Pause) 429M->401M(693M) 12.170ms
[2025-11-03T00:17:03.625+0000][gc,cpu        ] GC(279) User=0.02s Sys=0.00s Real=0.02s
[2025-11-03T00:18:08.754+0000][gc,start      ] GC(280) Pause Young (Normal) (G1 Evacuation Pause)
[2025-11-03T00:18:08.754+0000][gc,task       ] GC(280) Using 2 workers of 2 for evacuation
[2025-11-03T00:18:08.770+0000][gc,phases     ] GC(280)   Pre Evacuate Collection Set: 0.0ms
[2025-11-03T00:18:08.770+0000][gc,phases     ] GC(280)   Evacuate Collection Set: 13.9ms
[2025-11-03T00:18:08.770+0000][gc,phases     ] GC(280)   Post Evacuate Collection Set: 0.9ms
[2025-11-03T00:18:08.771+0000][gc,phases     ] GC(280)   Other: 0.9ms
[2025-11-03T00:18:08.771+0000][gc,heap       ] GC(280) Eden regions: 33->0(41)
[2025-11-03T00:18:08.771+0000][gc,heap       ] GC(280) Survivor regions: 4->4(5)
[2025-11-03T00:18:08.772+0000][gc,heap       ] GC(280) Old regions: 251->254
[2025-11-03T00:18:08.772+0000][gc,heap       ] GC(280) Humongous regions: 147->147
[2025-11-03T00:18:08.772+0000][gc,metaspace  ] GC(280) Metaspace: 53298K(56752K)->53298K(56752K) NonClass: 47447K(49328K)->47447K(49328K) Class: 5850K(7424K)->5850K(7424K)
[2025-11-03T00:18:08.772+0000][gc            ] GC(280) Pause Young (Normal) (G1 Evacuation Pause) 434M->403M(693M) 18.310ms
[2025-11-03T00:18:08.773+0000][gc,cpu        ] GC(280) User=0.03s Sys=0.00s Real=0.02s
[2025-11-03T00:19:17.540+0000][gc,start      ] GC(281) Pause Young (Normal) (G1 Evacuation Pause)
[2025-11-03T00:19:17.540+0000][gc,task       ] GC(281) Using 2 workers of 2 for evacuation
[2025-11-03T00:19:17.552+0000][gc,phases     ] GC(281)   Pre Evacuate Collection Set: 0.0ms
[2025-11-03T00:19:17.553+0000][gc,phases     ] GC(281)   Evacuate Collection Set: 11.6ms
[2025-11-03T00:19:17.553+0000][gc,phases     ] GC(281)   Post Evacuate Collection Set: 0.7ms
[2025-11-03T00:19:17.553+0000][gc,phases     ] GC(281)   Other: 0.5ms
[2025-11-03T00:19:17.553+0000][gc,heap       ] GC(281) Eden regions: 35->0(42)
[2025-11-03T00:19:17.553+0000][gc,heap       ] GC(281) Survivor regions: 4->4(5)
[2025-11-03T00:19:17.554+0000][gc,heap       ] GC(281) Old regions: 254->256
[2025-11-03T00:19:17.554+0000][gc,heap       ] GC(281) Humongous regions: 147->147
[2025-11-03T00:19:17.554+0000][gc,metaspace  ] GC(281) Metaspace: 53299K(56752K)->53299K(56752K) NonClass: 47448K(49328K)->47448K(49328K) Class: 5850K(7424K)->5850K(7424K)
[2025-11-03T00:19:17.554+0000][gc            ] GC(281) Pause Young (Normal) (G1 Evacuation Pause) 438M->406M(693M) 14.255ms
[2025-11-03T00:19:17.554+0000][gc,cpu        ] GC(281) User=0.02s Sys=0.00s Real=0.01s
[2025-11-03T00:20:41.641+0000][gc,start      ] GC(282) Pause Young (Normal) (G1 Evacuation Pause)
[2025-11-03T00:20:41.641+0000][gc,task       ] GC(282) Using 2 workers of 2 for evacuation
[2025-11-03T00:20:41.656+0000][gc,phases     ] GC(282)   Pre Evacuate Collection Set: 0.0ms
[2025-11-03T00:20:41.656+0000][gc,phases     ] GC(282)   Evacuate Collection Set: 14.1ms
[2025-11-03T00:20:41.657+0000][gc,phases     ] GC(282)   Post Evacuate Collection Set: 0.6ms
[2025-11-03T00:20:41.657+0000][gc,phases     ] GC(282)   Other: 0.6ms
[2025-11-03T00:20:41.657+0000][gc,heap       ] GC(282) Eden regions: 42->0(43)
[2025-11-03T00:20:41.657+0000][gc,heap       ] GC(282) Survivor regions: 4->5(6)
[2025-11-03T00:20:41.657+0000][gc,heap       ] GC(282) Old regions: 256->259
[2025-11-03T00:20:41.657+0000][gc,heap       ] GC(282) Humongous regions: 147->147
[2025-11-03T00:20:41.657+0000][gc,metaspace  ] GC(282) Metaspace: 53299K(56752K)->53299K(56752K) NonClass: 47448K(49328K)->47448K(49328K) Class: 5850K(7424K)->5850K(7424K)
[2025-11-03T00:20:41.658+0000][gc            ] GC(282) Pause Young (Normal) (G1 Evacuation Pause) 448M->410M(693M) 16.562ms
[2025-11-03T00:20:41.658+0000][gc,cpu        ] GC(282) User=0.02s Sys=0.00s Real=0.02s
[2025-11-03T00:22:07.061+0000][gc,start      ] GC(283) Pause Young (Normal) (G1 Evacuation Pause)
[2025-11-03T00:22:07.062+0000][gc,task       ] GC(283) Using 2 workers of 2 for evacuation
[2025-11-03T00:22:07.077+0000][gc,phases     ] GC(283)   Pre Evacuate Collection Set: 0.0ms
[2025-11-03T00:22:07.077+0000][gc,phases     ] GC(283)   Evacuate Collection Set: 14.0ms
[2025-11-03T00:22:07.077+0000][gc,phases     ] GC(283)   Post Evacuate Collection Set: 0.7ms
[2025-11-03T00:22:07.078+0000][gc,phases     ] GC(283)   Other: 1.2ms
[2025-11-03T00:22:07.078+0000][gc,heap       ] GC(283) Eden regions: 43->0(45)
[2025-11-03T00:22:07.078+0000][gc,heap       ] GC(283) Survivor regions: 5->4(6)
[2025-11-03T00:22:07.078+0000][gc,heap       ] GC(283) Old regions: 259->262
[2025-11-03T00:22:07.078+0000][gc,heap       ] GC(283) Humongous regions: 147->147
[2025-11-03T00:22:07.078+0000][gc,metaspace  ] GC(283) Metaspace: 53299K(56752K)->53299K(56752K) NonClass: 47448K(49328K)->47448K(49328K) Class: 5850K(7424K)->5850K(7424K)
[2025-11-03T00:22:07.078+0000][gc            ] GC(283) Pause Young (Normal) (G1 Evacuation Pause) 453M->412M(693M) 17.108ms
[2025-11-03T00:22:07.079+0000][gc,cpu        ] GC(283) User=0.03s Sys=0.00s Real=0.02s
[2025-11-03T00:23:36.780+0000][gc,start      ] GC(284) Pause Young (Normal) (G1 Evacuation Pause)
[2025-11-03T00:23:36.781+0000][gc,task       ] GC(284) Using 2 workers of 2 for evacuation
[2025-11-03T00:23:36.810+0000][gc,mmu        ] GC(284) MMU target violated: 21.0ms (20.0ms/21.0ms)
[2025-11-03T00:23:36.810+0000][gc,phases     ] GC(284)   Pre Evacuate Collection Set: 0.1ms
[2025-11-03T00:23:36.810+0000][gc,phases     ] GC(284)   Evacuate Collection Set: 27.1ms
[2025-11-03T00:23:36.810+0000][gc,phases     ] GC(284)   Post Evacuate Collection Set: 0.9ms
[2025-11-03T00:23:36.811+0000][gc,phases     ] GC(284)   Other: 1.8ms
[2025-11-03T00:23:36.811+0000][gc,heap       ] GC(284) Eden regions: 45->0(33)
[2025-11-03T00:23:36.811+0000][gc,heap       ] GC(284) Survivor regions: 4->5(7)
[2025-11-03T00:23:36.811+0000][gc,heap       ] GC(284) Old regions: 262->265
[2025-11-03T00:23:36.812+0000][gc,heap       ] GC(284) Humongous regions: 147->147
[2025-11-03T00:23:36.812+0000][gc,metaspace  ] GC(284) Metaspace: 53299K(56752K)->53299K(56752K) NonClass: 47448K(49328K)->47448K(49328K) Class: 5850K(7424K)->5850K(7424K)
[2025-11-03T00:23:36.812+0000][gc            ] GC(284) Pause Young (Normal) (G1 Evacuation Pause) 457M->416M(693M) 31.942ms
[2025-11-03T00:23:36.812+0000][gc,cpu        ] GC(284) User=0.06s Sys=0.00s Real=0.03s
[2025-11-03T00:24:41.493+0000][gc,start      ] GC(285) Pause Young (Normal) (G1 Evacuation Pause)
[2025-11-03T00:24:41.493+0000][gc,task       ] GC(285) Using 2 workers of 2 for evacuation
[2025-11-03T00:24:41.506+0000][gc,phases     ] GC(285)   Pre Evacuate Collection Set: 0.0ms
[2025-11-03T00:24:41.506+0000][gc,phases     ] GC(285)   Evacuate Collection Set: 12.3ms
[2025-11-03T00:24:41.507+0000][gc,phases     ] GC(285)   Post Evacuate Collection Set: 0.6ms
[2025-11-03T00:24:41.507+0000][gc,phases     ] GC(285)   Other: 0.6ms
[2025-11-03T00:24:41.507+0000][gc,heap       ] GC(285) Eden regions: 33->0(37)
[2025-11-03T00:24:41.507+0000][gc,heap       ] GC(285) Survivor regions: 5->5(5)
[2025-11-03T00:24:41.507+0000][gc,heap       ] GC(285) Old regions: 265->268
[2025-11-03T00:24:41.507+0000][gc,heap       ] GC(285) Humongous regions: 147->147
[2025-11-03T00:24:41.508+0000][gc,metaspace  ] GC(285) Metaspace: 53299K(56752K)->53299K(56752K) NonClass: 47448K(49328K)->47448K(49328K) Class: 5850K(7424K)->5850K(7424K)
[2025-11-03T00:24:41.508+0000][gc            ] GC(285) Pause Young (Normal) (G1 Evacuation Pause) 449M->419M(693M) 14.938ms
[2025-11-03T00:24:41.508+0000][gc,cpu        ] GC(285) User=0.03s Sys=0.00s Real=0.02s
[2025-11-03T00:25:53.907+0000][gc,start      ] GC(286) Pause Young (Normal) (G1 Evacuation Pause)
[2025-11-03T00:25:53.907+0000][gc,task       ] GC(286) Using 2 workers of 2 for evacuation
[2025-11-03T00:25:53.920+0000][gc,phases     ] GC(286)   Pre Evacuate Collection Set: 0.0ms
[2025-11-03T00:25:53.920+0000][gc,phases     ] GC(286)   Evacuate Collection Set: 11.7ms
[2025-11-03T00:25:53.920+0000][gc,phases     ] GC(286)   Post Evacuate Collection Set: 0.6ms
[2025-11-03T00:25:53.920+0000][gc,phases     ] GC(286)   Other: 0.5ms
[2025-11-03T00:25:53.920+0000][gc,heap       ] GC(286) Eden regions: 37->0(41)
[2025-11-03T00:25:53.920+0000][gc,heap       ] GC(286) Survivor regions: 5->5(6)
[2025-11-03T00:25:53.920+0000][gc,heap       ] GC(286) Old regions: 268->271
[2025-11-03T00:25:53.921+0000][gc,heap       ] GC(286) Humongous regions: 147->147
[2025-11-03T00:25:53.921+0000][gc,metaspace  ] GC(286) Metaspace: 53299K(56752K)->53299K(56752K) NonClass: 47448K(49328K)->47448K(49328K) Class: 5850K(7424K)->5850K(7424K)
[2025-11-03T00:25:53.921+0000][gc            ] GC(286) Pause Young (Normal) (G1 Evacuation Pause) 456M->422M(693M) 14.041ms
[2025-11-03T00:25:53.921+0000][gc,cpu        ] GC(286) User=0.02s Sys=0.00s Real=0.02s
[2025-11-03T00:27:14.971+0000][gc,start      ] GC(287) Pause Young (Normal) (G1 Evacuation Pause)
[2025-11-03T00:27:14.971+0000][gc,task       ] GC(287) Using 2 workers of 2 for evacuation
[2025-11-03T00:27:14.983+0000][gc,phases     ] GC(287)   Pre Evacuate Collection Set: 0.0ms
[2025-11-03T00:27:14.983+0000][gc,phases     ] GC(287)   Evacuate Collection Set: 11.2ms
[2025-11-03T00:27:14.984+0000][gc,phases     ] GC(287)   Post Evacuate Collection Set: 0.6ms
[2025-11-03T00:27:14.984+0000][gc,phases     ] GC(287)   Other: 0.6ms
[2025-11-03T00:27:14.984+0000][gc,heap       ] GC(287) Eden regions: 41->0(46)
[2025-11-03T00:27:14.984+0000][gc,heap       ] GC(287) Survivor regions: 5->4(6)
[2025-11-03T00:27:14.984+0000][gc,heap       ] GC(287) Old regions: 271->274
[2025-11-03T00:27:14.984+0000][gc,heap       ] GC(287) Humongous regions: 147->147
[2025-11-03T00:27:14.985+0000][gc,metaspace  ] GC(287) Metaspace: 53299K(56752K)->53299K(56752K) NonClass: 47448K(49328K)->47448K(49328K) Class: 5850K(7424K)->5850K(7424K)
[2025-11-03T00:27:14.985+0000][gc            ] GC(287) Pause Young (Normal) (G1 Evacuation Pause) 463M->424M(693M) 13.983ms
[2025-11-03T00:27:14.985+0000][gc,cpu        ] GC(287) User=0.02s Sys=0.00s Real=0.01s
[2025-11-03T00:28:46.760+0000][gc,start      ] GC(288) Pause Young (Normal) (G1 Evacuation Pause)
[2025-11-03T00:28:46.760+0000][gc,task       ] GC(288) Using 2 workers of 2 for evacuation
[2025-11-03T00:28:46.774+0000][gc,phases     ] GC(288)   Pre Evacuate Collection Set: 0.0ms
[2025-11-03T00:28:46.775+0000][gc,phases     ] GC(288)   Evacuate Collection Set: 13.1ms
[2025-11-03T00:28:46.775+0000][gc,phases     ] GC(288)   Post Evacuate Collection Set: 0.6ms
[2025-11-03T00:28:46.775+0000][gc,phases     ] GC(288)   Other: 0.5ms
[2025-11-03T00:28:46.775+0000][gc,heap       ] GC(288) Eden regions: 46->0(48)
[2025-11-03T00:28:46.775+0000][gc,heap       ] GC(288) Survivor regions: 4->7(7)
[2025-11-03T00:28:46.776+0000][gc,heap       ] GC(288) Old regions: 274->274
[2025-11-03T00:28:46.776+0000][gc,heap       ] GC(288) Humongous regions: 147->147
[2025-11-03T00:28:46.776+0000][gc,metaspace  ] GC(288) Metaspace: 53299K(56752K)->53299K(56752K) NonClass: 47448K(49328K)->47448K(49328K) Class: 5850K(7424K)->5850K(7424K)
[2025-11-03T00:28:46.776+0000][gc            ] GC(288) Pause Young (Normal) (G1 Evacuation Pause) 470M->427M(693M) 15.977ms
[2025-11-03T00:28:46.776+0000][gc,cpu        ] GC(288) User=0.02s Sys=0.00s Real=0.01s
[2025-11-03T00:30:21.868+0000][gc,start      ] GC(289) Pause Young (Normal) (G1 Evacuation Pause)
[2025-11-03T00:30:21.868+0000][gc,task       ] GC(289) Using 2 workers of 2 for evacuation
[2025-11-03T00:30:21.914+0000][gc,mmu        ] GC(289) MMU target violated: 21.0ms (20.0ms/21.0ms)
[2025-11-03T00:30:21.915+0000][gc,phases     ] GC(289)   Pre Evacuate Collection Set: 0.0ms
[2025-11-03T00:30:21.915+0000][gc,phases     ] GC(289)   Evacuate Collection Set: 45.0ms
[2025-11-03T00:30:21.915+0000][gc,phases     ] GC(289)   Post Evacuate Collection Set: 0.7ms
[2025-11-03T00:30:21.915+0000][gc,phases     ] GC(289)   Other: 0.8ms
[2025-11-03T00:30:21.915+0000][gc,heap       ] GC(289) Eden regions: 48->0(30)
[2025-11-03T00:30:21.915+0000][gc,heap       ] GC(289) Survivor regions: 7->4(7)
[2025-11-03T00:30:21.915+0000][gc,heap       ] GC(289) Old regions: 274->280
[2025-11-03T00:30:21.916+0000][gc,heap       ] GC(289) Humongous regions: 147->147
[2025-11-03T00:30:21.916+0000][gc,metaspace  ] GC(289) Metaspace: 53299K(56752K)->53299K(56752K) NonClass: 47448K(49328K)->47448K(49328K) Class: 5850K(7424K)->5850K(7424K)
[2025-11-03T00:30:21.916+0000][gc            ] GC(289) Pause Young (Normal) (G1 Evacuation Pause) 475M->430M(693M) 47.819ms
[2025-11-03T00:30:21.916+0000][gc,cpu        ] GC(289) User=0.09s Sys=0.00s Real=0.05s
[2025-11-03T00:31:21.436+0000][gc,start      ] GC(290) Pause Young (Normal) (G1 Evacuation Pause)
[2025-11-03T00:31:21.436+0000][gc,task       ] GC(290) Using 2 workers of 2 for evacuation
[2025-11-03T00:31:21.448+0000][gc,phases     ] GC(290)   Pre Evacuate Collection Set: 0.0ms
[2025-11-03T00:31:21.448+0000][gc,phases     ] GC(290)   Evacuate Collection Set: 11.0ms
[2025-11-03T00:31:21.448+0000][gc,phases     ] GC(290)   Post Evacuate Collection Set: 0.6ms
[2025-11-03T00:31:21.449+0000][gc,phases     ] GC(290)   Other: 0.5ms
[2025-11-03T00:31:21.449+0000][gc,heap       ] GC(290) Eden regions: 30->0(31)
[2025-11-03T00:31:21.449+0000][gc,heap       ] GC(290) Survivor regions: 4->3(5)
[2025-11-03T00:31:21.449+0000][gc,heap       ] GC(290) Old regions: 280->284
[2025-11-03T00:31:21.449+0000][gc,heap       ] GC(290) Humongous regions: 147->147
[2025-11-03T00:31:21.450+0000][gc,metaspace  ] GC(290) Metaspace: 53299K(56752K)->53299K(56752K) NonClass: 47448K(49328K)->47448K(49328K) Class: 5850K(7424K)->5850K(7424K)
[2025-11-03T00:31:21.450+0000][gc            ] GC(290) Pause Young (Normal) (G1 Evacuation Pause) 460M->433M(693M) 13.843ms
[2025-11-03T00:31:21.450+0000][gc,cpu        ] GC(290) User=0.02s Sys=0.00s Real=0.02s
[2025-11-03T00:32:07.544+0000][gc,start      ] GC(291) Pause Young (Normal) (G1 Evacuation Pause)
[2025-11-03T00:32:07.544+0000][gc,task       ] GC(291) Using 2 workers of 2 for evacuation
[2025-11-03T00:32:07.597+0000][gc,mmu        ] GC(291) MMU target violated: 21.0ms (20.0ms/21.0ms)
[2025-11-03T00:32:07.599+0000][gc,phases     ] GC(291)   Pre Evacuate Collection Set: 0.0ms
[2025-11-03T00:32:07.599+0000][gc,phases     ] GC(291)   Evacuate Collection Set: 50.4ms
[2025-11-03T00:32:07.599+0000][gc,phases     ] GC(291)   Post Evacuate Collection Set: 1.9ms
[2025-11-03T00:32:07.599+0000][gc,phases     ] GC(291)   Other: 2.2ms
[2025-11-03T00:32:07.600+0000][gc,heap       ] GC(291) Eden regions: 31->0(29)
[2025-11-03T00:32:07.600+0000][gc,heap       ] GC(291) Survivor regions: 3->5(5)
[2025-11-03T00:32:07.600+0000][gc,heap       ] GC(291) Old regions: 284->286
[2025-11-03T00:32:07.600+0000][gc,heap       ] GC(291) Humongous regions: 147->147
[2025-11-03T00:32:07.601+0000][gc,metaspace  ] GC(291) Metaspace: 53307K(56752K)->53307K(56752K) NonClass: 47457K(49328K)->47457K(49328K) Class: 5850K(7424K)->5850K(7424K)
[2025-11-03T00:32:07.601+0000][gc            ] GC(291) Pause Young (Normal) (G1 Evacuation Pause) 464M->437M(693M) 56.590ms
[2025-11-03T00:32:07.601+0000][gc,cpu        ] GC(291) User=0.08s Sys=0.02s Real=0.06s
[2025-11-03T00:33:28.272+0000][gc,start      ] GC(292) Pause Young (Normal) (G1 Evacuation Pause)
[2025-11-03T00:33:28.272+0000][gc,task       ] GC(292) Using 2 workers of 2 for evacuation
[2025-11-03T00:33:28.284+0000][gc,phases     ] GC(292)   Pre Evacuate Collection Set: 0.0ms
[2025-11-03T00:33:28.284+0000][gc,phases     ] GC(292)   Evacuate Collection Set: 11.0ms
[2025-11-03T00:33:28.284+0000][gc,phases     ] GC(292)   Post Evacuate Collection Set: 0.7ms
[2025-11-03T00:33:28.285+0000][gc,phases     ] GC(292)   Other: 0.6ms
[2025-11-03T00:33:28.285+0000][gc,heap       ] GC(292) Eden regions: 29->0(30)
[2025-11-03T00:33:28.285+0000][gc,heap       ] GC(292) Survivor regions: 5->4(5)
[2025-11-03T00:33:28.285+0000][gc,heap       ] GC(292) Old regions: 286->289
[2025-11-03T00:33:28.285+0000][gc,heap       ] GC(292) Humongous regions: 147->147
[2025-11-03T00:33:28.285+0000][gc,metaspace  ] GC(292) Metaspace: 53307K(56752K)->53307K(56752K) NonClass: 47457K(49328K)->47457K(49328K) Class: 5850K(7424K)->5850K(7424K)
[2025-11-03T00:33:28.285+0000][gc            ] GC(292) Pause Young (Normal) (G1 Evacuation Pause) 466M->439M(693M) 13.710ms
[2025-11-03T00:33:28.285+0000][gc,cpu        ] GC(292) User=0.02s Sys=0.00s Real=0.02s
[2025-11-03T00:34:49.408+0000][gc,start      ] GC(293) Pause Young (Normal) (G1 Evacuation Pause)
[2025-11-03T00:34:49.439+0000][gc,task       ] GC(293) Using 2 workers of 2 for evacuation
[2025-11-03T00:34:49.469+0000][gc,mmu        ] GC(293) MMU target violated: 21.0ms (20.0ms/21.0ms)
[2025-11-03T00:34:49.470+0000][gc,phases     ] GC(293)   Pre Evacuate Collection Set: 0.0ms
[2025-11-03T00:34:49.470+0000][gc,phases     ] GC(293)   Evacuate Collection Set: 26.6ms
[2025-11-03T00:34:49.470+0000][gc,phases     ] GC(293)   Post Evacuate Collection Set: 2.8ms
[2025-11-03T00:34:49.471+0000][gc,phases     ] GC(293)   Other: 31.9ms
[2025-11-03T00:34:49.471+0000][gc,heap       ] GC(293) Eden regions: 30->0(30)
[2025-11-03T00:34:49.472+0000][gc,heap       ] GC(293) Survivor regions: 4->4(5)
[2025-11-03T00:34:49.472+0000][gc,heap       ] GC(293) Old regions: 289->291
[2025-11-03T00:34:49.473+0000][gc,heap       ] GC(293) Humongous regions: 147->147
[2025-11-03T00:34:49.475+0000][gc,metaspace  ] GC(293) Metaspace: 53307K(56752K)->53307K(56752K) NonClass: 47457K(49328K)->47457K(49328K) Class: 5850K(7424K)->5850K(7424K)
[2025-11-03T00:34:49.475+0000][gc            ] GC(293) Pause Young (Normal) (G1 Evacuation Pause) 469M->441M(693M) 66.538ms
[2025-11-03T00:34:49.476+0000][gc,cpu        ] GC(293) User=0.05s Sys=0.01s Real=0.07s
[2025-11-03T00:35:30.084+0000][gc,start      ] GC(294) Pause Young (Normal) (G1 Evacuation Pause)
[2025-11-03T00:35:30.084+0000][gc,task       ] GC(294) Using 2 workers of 2 for evacuation
[2025-11-03T00:35:30.094+0000][gc,phases     ] GC(294)   Pre Evacuate Collection Set: 0.0ms
[2025-11-03T00:35:30.095+0000][gc,phases     ] GC(294)   Evacuate Collection Set: 9.5ms
[2025-11-03T00:35:30.095+0000][gc,phases     ] GC(294)   Post Evacuate Collection Set: 0.7ms
[2025-11-03T00:35:30.095+0000][gc,phases     ] GC(294)   Other: 0.6ms
[2025-11-03T00:35:30.095+0000][gc,heap       ] GC(294) Eden regions: 30->0(31)
[2025-11-03T00:35:30.095+0000][gc,heap       ] GC(294) Survivor regions: 4->3(5)
[2025-11-03T00:35:30.095+0000][gc,heap       ] GC(294) Old regions: 291->293
[2025-11-03T00:35:30.096+0000][gc,heap       ] GC(294) Humongous regions: 147->147
[2025-11-03T00:35:30.096+0000][gc,metaspace  ] GC(294) Metaspace: 53367K(56752K)->53367K(56752K) NonClass: 47516K(49328K)->47516K(49328K) Class: 5850K(7424K)->5850K(7424K)
[2025-11-03T00:35:30.096+0000][gc            ] GC(294) Pause Young (Normal) (G1 Evacuation Pause) 471M->442M(693M) 12.206ms
[2025-11-03T00:35:30.096+0000][gc,cpu        ] GC(294) User=0.02s Sys=0.00s Real=0.02s
[2025-11-03T00:36:08.028+0000][gc,start      ] GC(295) Pause Young (Normal) (G1 Evacuation Pause)
[2025-11-03T00:36:08.028+0000][gc,task       ] GC(295) Using 2 workers of 2 for evacuation
[2025-11-03T00:36:08.038+0000][gc,phases     ] GC(295)   Pre Evacuate Collection Set: 0.0ms
[2025-11-03T00:36:08.038+0000][gc,phases     ] GC(295)   Evacuate Collection Set: 8.7ms
[2025-11-03T00:36:08.038+0000][gc,phases     ] GC(295)   Post Evacuate Collection Set: 0.7ms
[2025-11-03T00:36:08.038+0000][gc,phases     ] GC(295)   Other: 0.6ms
[2025-11-03T00:36:08.039+0000][gc,heap       ] GC(295) Eden regions: 31->0(30)
[2025-11-03T00:36:08.039+0000][gc,heap       ] GC(295) Survivor regions: 3->4(5)
[2025-11-03T00:36:08.039+0000][gc,heap       ] GC(295) Old regions: 293->293
[2025-11-03T00:36:08.039+0000][gc,heap       ] GC(295) Humongous regions: 147->147
[2025-11-03T00:36:08.039+0000][gc,metaspace  ] GC(295) Metaspace: 53374K(56752K)->53374K(56752K) NonClass: 47524K(49328K)->47524K(49328K) Class: 5850K(7424K)->5850K(7424K)
[2025-11-03T00:36:08.039+0000][gc            ] GC(295) Pause Young (Normal) (G1 Evacuation Pause) 473M->443M(693M) 11.714ms
[2025-11-03T00:36:08.040+0000][gc,cpu        ] GC(295) User=0.02s Sys=0.00s Real=0.01s
[2025-11-03T00:37:10.448+0000][gc,start      ] GC(296) Pause Young (Normal) (G1 Evacuation Pause)
[2025-11-03T00:37:10.448+0000][gc,task       ] GC(296) Using 2 workers of 2 for evacuation
[2025-11-03T00:37:10.460+0000][gc,phases     ] GC(296)   Pre Evacuate Collection Set: 0.0ms
[2025-11-03T00:37:10.461+0000][gc,phases     ] GC(296)   Evacuate Collection Set: 11.1ms
[2025-11-03T00:37:10.461+0000][gc,phases     ] GC(296)   Post Evacuate Collection Set: 0.5ms
[2025-11-03T00:37:10.461+0000][gc,phases     ] GC(296)   Other: 0.7ms
[2025-11-03T00:37:10.461+0000][gc,heap       ] GC(296) Eden regions: 30->0(29)
[2025-11-03T00:37:10.461+0000][gc,heap       ] GC(296) Survivor regions: 4->5(5)
[2025-11-03T00:37:10.461+0000][gc,heap       ] GC(296) Old regions: 293->295
[2025-11-03T00:37:10.461+0000][gc,heap       ] GC(296) Humongous regions: 147->147
[2025-11-03T00:37:10.461+0000][gc,metaspace  ] GC(296) Metaspace: 53381K(56752K)->53381K(56752K) NonClass: 47531K(49328K)->47531K(49328K) Class: 5850K(7424K)->5850K(7424K)
[2025-11-03T00:37:10.462+0000][gc            ] GC(296) Pause Young (Normal) (G1 Evacuation Pause) 473M->446M(693M) 13.769ms
[2025-11-03T00:37:10.462+0000][gc,cpu        ] GC(296) User=0.02s Sys=0.00s Real=0.02s
[2025-11-03T00:38:27.793+0000][gc,start      ] GC(297) Pause Young (Normal) (G1 Evacuation Pause)
[2025-11-03T00:38:27.793+0000][gc,task       ] GC(297) Using 2 workers of 2 for evacuation
[2025-11-03T00:38:27.806+0000][gc,phases     ] GC(297)   Pre Evacuate Collection Set: 0.0ms
[2025-11-03T00:38:27.806+0000][gc,phases     ] GC(297)   Evacuate Collection Set: 11.8ms
[2025-11-03T00:38:27.806+0000][gc,phases     ] GC(297)   Post Evacuate Collection Set: 0.6ms
[2025-11-03T00:38:27.806+0000][gc,phases     ] GC(297)   Other: 0.7ms
[2025-11-03T00:38:27.806+0000][gc,heap       ] GC(297) Eden regions: 29->0(31)
[2025-11-03T00:38:27.806+0000][gc,heap       ] GC(297) Survivor regions: 5->4(5)
[2025-11-03T00:38:27.807+0000][gc,heap       ] GC(297) Old regions: 295->298
[2025-11-03T00:38:27.807+0000][gc,heap       ] GC(297) Humongous regions: 147->147
[2025-11-03T00:38:27.807+0000][gc,metaspace  ] GC(297) Metaspace: 53387K(56752K)->53387K(56752K) NonClass: 47536K(49328K)->47536K(49328K) Class: 5850K(7424K)->5850K(7424K)
[2025-11-03T00:38:27.807+0000][gc            ] GC(297) Pause Young (Normal) (G1 Evacuation Pause) 475M->448M(693M) 14.569ms
[2025-11-03T00:38:27.807+0000][gc,cpu        ] GC(297) User=0.03s Sys=0.00s Real=0.01s
[2025-11-03T00:39:45.325+0000][gc,start      ] GC(298) Pause Young (Normal) (G1 Evacuation Pause)
[2025-11-03T00:39:45.326+0000][gc,task       ] GC(298) Using 2 workers of 2 for evacuation
[2025-11-03T00:39:45.339+0000][gc,phases     ] GC(298)   Pre Evacuate Collection Set: 0.0ms
[2025-11-03T00:39:45.339+0000][gc,phases     ] GC(298)   Evacuate Collection Set: 11.9ms
[2025-11-03T00:39:45.339+0000][gc,phases     ] GC(298)   Post Evacuate Collection Set: 0.7ms
[2025-11-03T00:39:45.339+0000][gc,phases     ] GC(298)   Other: 0.7ms
[2025-11-03T00:39:45.339+0000][gc,heap       ] GC(298) Eden regions: 31->0(33)
[2025-11-03T00:39:45.340+0000][gc,heap       ] GC(298) Survivor regions: 4->5(5)
[2025-11-03T00:39:45.340+0000][gc,heap       ] GC(298) Old regions: 298->300
[2025-11-03T00:39:45.340+0000][gc,heap       ] GC(298) Humongous regions: 147->147
[2025-11-03T00:39:45.340+0000][gc,metaspace  ] GC(298) Metaspace: 53387K(56752K)->53387K(56752K) NonClass: 47536K(49328K)->47536K(49328K) Class: 5850K(7424K)->5850K(7424K)
[2025-11-03T00:39:45.340+0000][gc            ] GC(298) Pause Young (Normal) (G1 Evacuation Pause) 479M->451M(693M) 14.887ms
[2025-11-03T00:39:45.340+0000][gc,cpu        ] GC(298) User=0.03s Sys=0.00s Real=0.01s
[2025-11-03T00:41:08.864+0000][gc,start      ] GC(299) Pause Young (Normal) (G1 Evacuation Pause)
[2025-11-03T00:41:08.865+0000][gc,task       ] GC(299) Using 2 workers of 2 for evacuation
[2025-11-03T00:41:08.874+0000][gc,phases     ] GC(299)   Pre Evacuate Collection Set: 0.0ms
[2025-11-03T00:41:08.875+0000][gc,phases     ] GC(299)   Evacuate Collection Set: 9.0ms
[2025-11-03T00:41:08.875+0000][gc,phases     ] GC(299)   Post Evacuate Collection Set: 0.5ms
[2025-11-03T00:41:08.875+0000][gc,phases     ] GC(299)   Other: 0.5ms
[2025-11-03T00:41:08.875+0000][gc,heap       ] GC(299) Eden regions: 33->0(38)
[2025-11-03T00:41:08.875+0000][gc,heap       ] GC(299) Survivor regions: 5->3(5)
[2025-11-03T00:41:08.876+0000][gc,heap       ] GC(299) Old regions: 300->302
[2025-11-03T00:41:08.876+0000][gc,heap       ] GC(299) Humongous regions: 147->147
[2025-11-03T00:41:08.876+0000][gc,metaspace  ] GC(299) Metaspace: 53387K(56752K)->53387K(56752K) NonClass: 47536K(49328K)->47536K(49328K) Class: 5850K(7424K)->5850K(7424K)
[2025-11-03T00:41:08.876+0000][gc            ] GC(299) Pause Young (Normal) (G1 Evacuation Pause) 484M->451M(693M) 11.489ms
[2025-11-03T00:41:08.876+0000][gc,cpu        ] GC(299) User=0.02s Sys=0.00s Real=0.02s
[2025-11-03T00:42:53.537+0000][gc,start      ] GC(300) Pause Young (Normal) (G1 Evacuation Pause)
[2025-11-03T00:42:53.537+0000][gc,task       ] GC(300) Using 2 workers of 2 for evacuation
[2025-11-03T00:42:53.548+0000][gc,phases     ] GC(300)   Pre Evacuate Collection Set: 0.0ms
[2025-11-03T00:42:53.548+0000][gc,phases     ] GC(300)   Evacuate Collection Set: 10.0ms
[2025-11-03T00:42:53.549+0000][gc,phases     ] GC(300)   Post Evacuate Collection Set: 0.6ms
[2025-11-03T00:42:53.549+0000][gc,phases     ] GC(300)   Other: 0.6ms
[2025-11-03T00:42:53.549+0000][gc,heap       ] GC(300) Eden regions: 38->0(42)
[2025-11-03T00:42:53.549+0000][gc,heap       ] GC(300) Survivor regions: 3->6(6)
[2025-11-03T00:42:53.549+0000][gc,heap       ] GC(300) Old regions: 302->302
[2025-11-03T00:42:53.549+0000][gc,heap       ] GC(300) Humongous regions: 147->147
[2025-11-03T00:42:53.549+0000][gc,metaspace  ] GC(300) Metaspace: 53387K(56752K)->53387K(56752K) NonClass: 47536K(49328K)->47536K(49328K) Class: 5850K(7424K)->5850K(7424K)
[2025-11-03T00:42:53.549+0000][gc            ] GC(300) Pause Young (Normal) (G1 Evacuation Pause) 489M->454M(693M) 12.402ms
[2025-11-03T00:42:53.550+0000][gc,cpu        ] GC(300) User=0.02s Sys=0.00s Real=0.02s
[2025-11-03T00:44:49.823+0000][gc,start      ] GC(301) Pause Young (Normal) (G1 Evacuation Pause)
[2025-11-03T00:44:49.823+0000][gc,task       ] GC(301) Using 2 workers of 2 for evacuation
[2025-11-03T00:44:49.839+0000][gc,phases     ] GC(301)   Pre Evacuate Collection Set: 0.0ms
[2025-11-03T00:44:49.840+0000][gc,phases     ] GC(301)   Evacuate Collection Set: 14.9ms
[2025-11-03T00:44:49.840+0000][gc,phases     ] GC(301)   Post Evacuate Collection Set: 0.7ms
[2025-11-03T00:44:49.840+0000][gc,phases     ] GC(301)   Other: 0.5ms
[2025-11-03T00:44:49.840+0000][gc,heap       ] GC(301) Eden regions: 42->0(42)
[2025-11-03T00:44:49.840+0000][gc,heap       ] GC(301) Survivor regions: 6->5(6)
[2025-11-03T00:44:49.840+0000][gc,heap       ] GC(301) Old regions: 302->307
[2025-11-03T00:44:49.841+0000][gc,heap       ] GC(301) Humongous regions: 147->147
[2025-11-03T00:44:49.841+0000][gc,metaspace  ] GC(301) Metaspace: 53387K(56752K)->53387K(56752K) NonClass: 47536K(49328K)->47536K(49328K) Class: 5850K(7424K)->5850K(7424K)
[2025-11-03T00:44:49.841+0000][gc            ] GC(301) Pause Young (Normal) (G1 Evacuation Pause) 496M->458M(693M) 17.699ms
[2025-11-03T00:44:49.841+0000][gc,cpu        ] GC(301) User=0.03s Sys=0.00s Real=0.02s
[2025-11-03T00:46:46.655+0000][gc,start      ] GC(302) Pause Young (Normal) (G1 Evacuation Pause)
[2025-11-03T00:46:46.655+0000][gc,task       ] GC(302) Using 2 workers of 2 for evacuation
[2025-11-03T00:46:46.668+0000][gc,phases     ] GC(302)   Pre Evacuate Collection Set: 0.0ms
[2025-11-03T00:46:46.669+0000][gc,phases     ] GC(302)   Evacuate Collection Set: 12.1ms
[2025-11-03T00:46:46.669+0000][gc,phases     ] GC(302)   Post Evacuate Collection Set: 0.6ms
[2025-11-03T00:46:46.669+0000][gc,phases     ] GC(302)   Other: 0.6ms
[2025-11-03T00:46:46.669+0000][gc,heap       ] GC(302) Eden regions: 42->0(46)
[2025-11-03T00:46:46.669+0000][gc,heap       ] GC(302) Survivor regions: 5->4(6)
[2025-11-03T00:46:46.669+0000][gc,heap       ] GC(302) Old regions: 307->310
[2025-11-03T00:46:46.669+0000][gc,heap       ] GC(302) Humongous regions: 147->147
[2025-11-03T00:46:46.670+0000][gc,metaspace  ] GC(302) Metaspace: 53387K(56752K)->53387K(56752K) NonClass: 47536K(49328K)->47536K(49328K) Class: 5850K(7424K)->5850K(7424K)
[2025-11-03T00:46:46.670+0000][gc            ] GC(302) Pause Young (Normal) (G1 Evacuation Pause) 500M->460M(693M) 14.783ms
[2025-11-03T00:46:46.670+0000][gc,cpu        ] GC(302) User=0.03s Sys=0.00s Real=0.02s
[2025-11-03T00:48:53.865+0000][gc,start      ] GC(303) Pause Young (Normal) (G1 Evacuation Pause)
[2025-11-03T00:48:53.866+0000][gc,task       ] GC(303) Using 2 workers of 2 for evacuation
[2025-11-03T00:48:53.878+0000][gc,phases     ] GC(303)   Pre Evacuate Collection Set: 0.0ms
[2025-11-03T00:48:53.878+0000][gc,phases     ] GC(303)   Evacuate Collection Set: 11.0ms
[2025-11-03T00:48:53.878+0000][gc,phases     ] GC(303)   Post Evacuate Collection Set: 0.6ms
[2025-11-03T00:48:53.878+0000][gc,phases     ] GC(303)   Other: 1.2ms
[2025-11-03T00:48:53.879+0000][gc,heap       ] GC(303) Eden regions: 46->0(49)
[2025-11-03T00:48:53.879+0000][gc,heap       ] GC(303) Survivor regions: 4->4(7)
[2025-11-03T00:48:53.879+0000][gc,heap       ] GC(303) Old regions: 310->313
[2025-11-03T00:48:53.879+0000][gc,heap       ] GC(303) Humongous regions: 147->147
[2025-11-03T00:48:53.879+0000][gc,metaspace  ] GC(303) Metaspace: 53387K(56752K)->53387K(56752K) NonClass: 47536K(49328K)->47536K(49328K) Class: 5850K(7424K)->5850K(7424K)
[2025-11-03T00:48:53.879+0000][gc            ] GC(303) Pause Young (Normal) (G1 Evacuation Pause) 506M->463M(693M) 14.195ms
[2025-11-03T00:48:53.879+0000][gc,cpu        ] GC(303) User=0.03s Sys=0.00s Real=0.02s
[2025-11-03T00:50:49.313+0000][gc,start      ] GC(304) Pause Young (Normal) (G1 Evacuation Pause)
[2025-11-03T00:50:49.313+0000][gc,task       ] GC(304) Using 2 workers of 2 for evacuation
[2025-11-03T00:50:49.327+0000][gc,phases     ] GC(304)   Pre Evacuate Collection Set: 0.0ms
[2025-11-03T00:50:49.327+0000][gc,phases     ] GC(304)   Evacuate Collection Set: 12.3ms
[2025-11-03T00:50:49.327+0000][gc,phases     ] GC(304)   Post Evacuate Collection Set: 0.7ms
[2025-11-03T00:50:49.327+0000][gc,phases     ] GC(304)   Other: 0.5ms
[2025-11-03T00:50:49.327+0000][gc,heap       ] GC(304) Eden regions: 49->0(51)
[2025-11-03T00:50:49.328+0000][gc,heap       ] GC(304) Survivor regions: 4->4(7)
[2025-11-03T00:50:49.328+0000][gc,heap       ] GC(304) Old regions: 313->317
[2025-11-03T00:50:49.328+0000][gc,heap       ] GC(304) Humongous regions: 147->147
[2025-11-03T00:50:49.328+0000][gc,metaspace  ] GC(304) Metaspace: 53387K(56752K)->53387K(56752K) NonClass: 47536K(49328K)->47536K(49328K) Class: 5850K(7424K)->5850K(7424K)
[2025-11-03T00:50:49.328+0000][gc            ] GC(304) Pause Young (Normal) (G1 Evacuation Pause) 512M->467M(693M) 15.184ms
[2025-11-03T00:50:49.328+0000][gc,cpu        ] GC(304) User=0.03s Sys=0.00s Real=0.01s
[2025-11-03T00:52:56.872+0000][gc,start      ] GC(305) Pause Young (Normal) (G1 Evacuation Pause)
[2025-11-03T00:52:56.873+0000][gc,task       ] GC(305) Using 2 workers of 2 for evacuation
[2025-11-03T00:52:56.888+0000][gc,phases     ] GC(305)   Pre Evacuate Collection Set: 0.0ms
[2025-11-03T00:52:56.888+0000][gc,phases     ] GC(305)   Evacuate Collection Set: 13.9ms
[2025-11-03T00:52:56.888+0000][gc,phases     ] GC(305)   Post Evacuate Collection Set: 0.6ms
[2025-11-03T00:52:56.889+0000][gc,phases     ] GC(305)   Other: 1.2ms
[2025-11-03T00:52:56.889+0000][gc,heap       ] GC(305) Eden regions: 51->0(53)
[2025-11-03T00:52:56.889+0000][gc,heap       ] GC(305) Survivor regions: 4->5(7)
[2025-11-03T00:52:56.889+0000][gc,heap       ] GC(305) Old regions: 317->321
[2025-11-03T00:52:56.889+0000][gc,heap       ] GC(305) Humongous regions: 147->147
[2025-11-03T00:52:56.889+0000][gc,metaspace  ] GC(305) Metaspace: 53387K(56752K)->53387K(56752K) NonClass: 47536K(49328K)->47536K(49328K) Class: 5850K(7424K)->5850K(7424K)
[2025-11-03T00:52:56.890+0000][gc            ] GC(305) Pause Young (Normal) (G1 Evacuation Pause) 518M->472M(693M) 17.348ms
[2025-11-03T00:52:56.890+0000][gc,cpu        ] GC(305) User=0.03s Sys=0.00s Real=0.01s
[2025-11-03T00:54:38.493+0000][gc,start      ] GC(306) Pause Young (Normal) (G1 Evacuation Pause)
[2025-11-03T00:54:38.493+0000][gc,task       ] GC(306) Using 2 workers of 2 for evacuation
[2025-11-03T00:54:38.509+0000][gc,phases     ] GC(306)   Pre Evacuate Collection Set: 0.0ms
[2025-11-03T00:54:38.510+0000][gc,phases     ] GC(306)   Evacuate Collection Set: 15.2ms
[2025-11-03T00:54:38.510+0000][gc,phases     ] GC(306)   Post Evacuate Collection Set: 0.7ms
[2025-11-03T00:54:38.510+0000][gc,phases     ] GC(306)   Other: 0.5ms
[2025-11-03T00:54:38.510+0000][gc,heap       ] GC(306) Eden regions: 51->0(53)
[2025-11-03T00:54:38.510+0000][gc,heap       ] GC(306) Survivor regions: 5->6(7)
[2025-11-03T00:54:38.510+0000][gc,heap       ] GC(306) Old regions: 321->325
[2025-11-03T00:54:38.510+0000][gc,heap       ] GC(306) Humongous regions: 147->147
[2025-11-03T00:54:38.511+0000][gc,metaspace  ] GC(306) Metaspace: 53392K(56752K)->53392K(56752K) NonClass: 47541K(49328K)->47541K(49328K) Class: 5850K(7424K)->5850K(7424K)
[2025-11-03T00:54:38.511+0000][gc            ] GC(306) Pause Young (Normal) (G1 Evacuation Pause) 523M->477M(693M) 17.930ms
[2025-11-03T00:54:38.511+0000][gc,cpu        ] GC(306) User=0.03s Sys=0.00s Real=0.01s
[2025-11-03T00:56:23.485+0000][gc,start      ] GC(307) Pause Young (Normal) (G1 Evacuation Pause)
[2025-11-03T00:56:23.485+0000][gc,task       ] GC(307) Using 2 workers of 2 for evacuation
[2025-11-03T00:56:23.506+0000][gc,mmu        ] GC(307) MMU target violated: 20.1ms (20.0ms/21.0ms)
[2025-11-03T00:56:23.506+0000][gc,phases     ] GC(307)   Pre Evacuate Collection Set: 0.0ms
[2025-11-03T00:56:23.506+0000][gc,phases     ] GC(307)   Evacuate Collection Set: 19.0ms
[2025-11-03T00:56:23.506+0000][gc,phases     ] GC(307)   Post Evacuate Collection Set: 0.9ms
[2025-11-03T00:56:23.507+0000][gc,phases     ] GC(307)   Other: 1.4ms
[2025-11-03T00:56:23.507+0000][gc,heap       ] GC(307) Eden regions: 50->0(51)
[2025-11-03T00:56:23.507+0000][gc,heap       ] GC(307) Survivor regions: 6->3(7)
[2025-11-03T00:56:23.507+0000][gc,heap       ] GC(307) Old regions: 325->329
[2025-11-03T00:56:23.507+0000][gc,heap       ] GC(307) Humongous regions: 147->147
[2025-11-03T00:56:23.508+0000][gc,metaspace  ] GC(307) Metaspace: 53392K(56752K)->53392K(56752K) NonClass: 47541K(49328K)->47541K(49328K) Class: 5850K(7424K)->5850K(7424K)
[2025-11-03T00:56:23.508+0000][gc            ] GC(307) Pause Young (Normal) (G1 Evacuation Pause) 527M->479M(693M) 22.866ms
[2025-11-03T00:56:23.508+0000][gc,cpu        ] GC(307) User=0.04s Sys=0.00s Real=0.02s
[2025-11-03T00:58:14.790+0000][gc,start      ] GC(308) Pause Young (Normal) (G1 Evacuation Pause)
[2025-11-03T00:58:14.790+0000][gc,task       ] GC(308) Using 2 workers of 2 for evacuation
[2025-11-03T00:58:14.802+0000][gc,phases     ] GC(308)   Pre Evacuate Collection Set: 0.0ms
[2025-11-03T00:58:14.802+0000][gc,phases     ] GC(308)   Evacuate Collection Set: 10.6ms
[2025-11-03T00:58:14.803+0000][gc,phases     ] GC(308)   Post Evacuate Collection Set: 0.6ms
[2025-11-03T00:58:14.803+0000][gc,phases     ] GC(308)   Other: 0.7ms
[2025-11-03T00:58:14.803+0000][gc,heap       ] GC(308) Eden regions: 51->0(53)
[2025-11-03T00:58:14.803+0000][gc,heap       ] GC(308) Survivor regions: 3->7(7)
[2025-11-03T00:58:14.803+0000][gc,heap       ] GC(308) Old regions: 329->329
[2025-11-03T00:58:14.803+0000][gc,heap       ] GC(308) Humongous regions: 147->147
[2025-11-03T00:58:14.803+0000][gc,metaspace  ] GC(308) Metaspace: 53392K(56752K)->53392K(56752K) NonClass: 47541K(49328K)->47541K(49328K) Class: 5850K(7424K)->5850K(7424K)
[2025-11-03T00:58:14.804+0000][gc            ] GC(308) Pause Young (Normal) (G1 Evacuation Pause) 530M->482M(693M) 13.313ms
[2025-11-03T00:58:14.804+0000][gc,cpu        ] GC(308) User=0.03s Sys=0.00s Real=0.01s
[2025-11-03T01:00:15.266+0000][gc,start      ] GC(309) Pause Young (Normal) (G1 Evacuation Pause)
[2025-11-03T01:00:15.267+0000][gc,task       ] GC(309) Using 2 workers of 2 for evacuation
[2025-11-03T01:00:15.288+0000][gc,mmu        ] GC(309) MMU target violated: 21.0ms (20.0ms/21.0ms)
[2025-11-03T01:00:15.289+0000][gc,phases     ] GC(309)   Pre Evacuate Collection Set: 0.0ms
[2025-11-03T01:00:15.289+0000][gc,phases     ] GC(309)   Evacuate Collection Set: 20.3ms
[2025-11-03T01:00:15.289+0000][gc,phases     ] GC(309)   Post Evacuate Collection Set: 0.8ms
[2025-11-03T01:00:15.289+0000][gc,phases     ] GC(309)   Other: 1.5ms
[2025-11-03T01:00:15.290+0000][gc,heap       ] GC(309) Eden regions: 53->0(51)
[2025-11-03T01:00:15.290+0000][gc,heap       ] GC(309) Survivor regions: 7->6(8)
[2025-11-03T01:00:15.290+0000][gc,heap       ] GC(309) Old regions: 329->335
[2025-11-03T01:00:15.290+0000][gc,heap       ] GC(309) Humongous regions: 147->147
[2025-11-03T01:00:15.291+0000][gc,metaspace  ] GC(309) Metaspace: 53393K(56752K)->53393K(56752K) NonClass: 47542K(49328K)->47542K(49328K) Class: 5850K(7424K)->5850K(7424K)
[2025-11-03T01:00:15.291+0000][gc            ] GC(309) Pause Young (Normal) (G1 Evacuation Pause) 535M->487M(693M) 24.729ms
[2025-11-03T01:00:15.291+0000][gc,cpu        ] GC(309) User=0.05s Sys=0.00s Real=0.03s
[2025-11-03T01:02:12.705+0000][gc,start      ] GC(310) Pause Young (Normal) (G1 Evacuation Pause)
[2025-11-03T01:02:12.706+0000][gc,task       ] GC(310) Using 2 workers of 2 for evacuation
[2025-11-03T01:02:12.718+0000][gc,phases     ] GC(310)   Pre Evacuate Collection Set: 0.0ms
[2025-11-03T01:02:12.718+0000][gc,phases     ] GC(310)   Evacuate Collection Set: 10.7ms
[2025-11-03T01:02:12.718+0000][gc,phases     ] GC(310)   Post Evacuate Collection Set: 0.6ms
[2025-11-03T01:02:12.718+0000][gc,phases     ] GC(310)   Other: 1.2ms
[2025-11-03T01:02:12.719+0000][gc,heap       ] GC(310) Eden regions: 51->0(58)
[2025-11-03T01:02:12.719+0000][gc,heap       ] GC(310) Survivor regions: 6->4(8)
[2025-11-03T01:02:12.719+0000][gc,heap       ] GC(310) Old regions: 335->339
[2025-11-03T01:02:12.719+0000][gc,heap       ] GC(310) Humongous regions: 147->147
[2025-11-03T01:02:12.719+0000][gc,metaspace  ] GC(310) Metaspace: 53393K(56752K)->53393K(56752K) NonClass: 47542K(49328K)->47542K(49328K) Class: 5850K(7424K)->5850K(7424K)
[2025-11-03T01:02:12.719+0000][gc            ] GC(310) Pause Young (Normal) (G1 Evacuation Pause) 538M->489M(693M) 13.760ms
[2025-11-03T01:02:12.719+0000][gc,cpu        ] GC(310) User=0.02s Sys=0.00s Real=0.02s
[2025-11-03T01:04:25.187+0000][gc,start      ] GC(311) Pause Young (Normal) (G1 Evacuation Pause)
[2025-11-03T01:04:25.187+0000][gc,task       ] GC(311) Using 2 workers of 2 for evacuation
[2025-11-03T01:04:25.201+0000][gc,phases     ] GC(311)   Pre Evacuate Collection Set: 0.0ms
[2025-11-03T01:04:25.202+0000][gc,phases     ] GC(311)   Evacuate Collection Set: 13.3ms
[2025-11-03T01:04:25.202+0000][gc,phases     ] GC(311)   Post Evacuate Collection Set: 0.6ms
[2025-11-03T01:04:25.202+0000][gc,phases     ] GC(311)   Other: 0.9ms
[2025-11-03T01:04:25.202+0000][gc,heap       ] GC(311) Eden regions: 58->0(59)
[2025-11-03T01:04:25.202+0000][gc,heap       ] GC(311) Survivor regions: 4->8(8)
[2025-11-03T01:04:25.202+0000][gc,heap       ] GC(311) Old regions: 339->340
[2025-11-03T01:04:25.202+0000][gc,heap       ] GC(311) Humongous regions: 147->147
[2025-11-03T01:04:25.203+0000][gc,metaspace  ] GC(311) Metaspace: 53393K(56752K)->53393K(56752K) NonClass: 47542K(49328K)->47542K(49328K) Class: 5850K(7424K)->5850K(7424K)
[2025-11-03T01:04:25.203+0000][gc            ] GC(311) Pause Young (Normal) (G1 Evacuation Pause) 547M->494M(693M) 16.066ms
[2025-11-03T01:04:25.203+0000][gc,cpu        ] GC(311) User=0.03s Sys=0.00s Real=0.02s
[2025-11-03T01:06:39.890+0000][gc,start      ] GC(312) Pause Young (Normal) (G1 Evacuation Pause)
[2025-11-03T01:06:39.891+0000][gc,task       ] GC(312) Using 2 workers of 2 for evacuation
[2025-11-03T01:06:39.915+0000][gc,mmu        ] GC(312) MMU target violated: 21.0ms (20.0ms/21.0ms)
[2025-11-03T01:06:39.915+0000][gc,phases     ] GC(312)   Pre Evacuate Collection Set: 0.1ms
[2025-11-03T01:06:39.915+0000][gc,phases     ] GC(312)   Evacuate Collection Set: 22.2ms
[2025-11-03T01:06:39.916+0000][gc,phases     ] GC(312)   Post Evacuate Collection Set: 1.0ms
[2025-11-03T01:06:39.916+0000][gc,phases     ] GC(312)   Other: 1.7ms
[2025-11-03T01:06:39.916+0000][gc,heap       ] GC(312) Eden regions: 59->0(57)
[2025-11-03T01:06:39.916+0000][gc,heap       ] GC(312) Survivor regions: 8->5(9)
[2025-11-03T01:06:39.917+0000][gc,heap       ] GC(312) Old regions: 340->347
[2025-11-03T01:06:39.917+0000][gc,heap       ] GC(312) Humongous regions: 147->147
[2025-11-03T01:06:39.917+0000][gc,metaspace  ] GC(312) Metaspace: 53393K(56752K)->53393K(56752K) NonClass: 47542K(49328K)->47542K(49328K) Class: 5850K(7424K)->5850K(7424K)
[2025-11-03T01:06:39.918+0000][gc            ] GC(312) Pause Young (Normal) (G1 Evacuation Pause) 553M->498M(693M) 27.481ms
[2025-11-03T01:06:39.918+0000][gc,cpu        ] GC(312) User=0.05s Sys=0.00s Real=0.03s
[2025-11-03T01:08:51.030+0000][gc,start      ] GC(313) Pause Young (Normal) (G1 Evacuation Pause)
[2025-11-03T01:08:51.030+0000][gc,task       ] GC(313) Using 2 workers of 2 for evacuation
[2025-11-03T01:08:51.046+0000][gc,phases     ] GC(313)   Pre Evacuate Collection Set: 0.0ms
[2025-11-03T01:08:51.047+0000][gc,phases     ] GC(313)   Evacuate Collection Set: 14.8ms
[2025-11-03T01:08:51.047+0000][gc,phases     ] GC(313)   Post Evacuate Collection Set: 0.7ms
[2025-11-03T01:08:51.047+0000][gc,phases     ] GC(313)   Other: 1.0ms
[2025-11-03T01:08:51.047+0000][gc,heap       ] GC(313) Eden regions: 57->0(58)
[2025-11-03T01:08:51.047+0000][gc,heap       ] GC(313) Survivor regions: 5->6(8)
[2025-11-03T01:08:51.047+0000][gc,heap       ] GC(313) Old regions: 347->351
[2025-11-03T01:08:51.047+0000][gc,heap       ] GC(313) Humongous regions: 147->147
[2025-11-03T01:08:51.048+0000][gc,metaspace  ] GC(313) Metaspace: 53394K(56752K)->53394K(56752K) NonClass: 47543K(49328K)->47543K(49328K) Class: 5850K(7424K)->5850K(7424K)
[2025-11-03T01:08:51.048+0000][gc            ] GC(313) Pause Young (Normal) (G1 Evacuation Pause) 555M->504M(693M) 17.854ms
[2025-11-03T01:08:51.048+0000][gc,cpu        ] GC(313) User=0.03s Sys=0.00s Real=0.02s
[2025-11-03T01:11:54.860+0000][gc,start      ] GC(314) Pause Young (Normal) (G1 Evacuation Pause)
[2025-11-03T01:11:54.860+0000][gc,task       ] GC(314) Using 2 workers of 2 for evacuation
[2025-11-03T01:11:54.875+0000][gc,phases     ] GC(314)   Pre Evacuate Collection Set: 0.0ms
[2025-11-03T01:11:54.876+0000][gc,phases     ] GC(314)   Evacuate Collection Set: 14.0ms
[2025-11-03T01:11:54.876+0000][gc,phases     ] GC(314)   Post Evacuate Collection Set: 0.6ms
[2025-11-03T01:11:54.876+0000][gc,phases     ] GC(314)   Other: 0.5ms
[2025-11-03T01:11:54.876+0000][gc,heap       ] GC(314) Eden regions: 53->0(57)
[2025-11-03T01:11:54.876+0000][gc,heap       ] GC(314) Survivor regions: 6->6(8)
[2025-11-03T01:11:54.876+0000][gc,heap       ] GC(314) Old regions: 351->355
[2025-11-03T01:11:54.876+0000][gc,heap       ] GC(314) Humongous regions: 147->147
[2025-11-03T01:11:54.876+0000][gc,metaspace  ] GC(314) Metaspace: 53430K(56752K)->53430K(56752K) NonClass: 47579K(49328K)->47579K(49328K) Class: 5850K(7424K)->5850K(7424K)
[2025-11-03T01:11:54.877+0000][gc            ] GC(314) Pause Young (Normal) (G1 Evacuation Pause) 557M->507M(693M) 16.440ms
[2025-11-03T01:11:54.877+0000][gc,cpu        ] GC(314) User=0.03s Sys=0.00s Real=0.01s
[2025-11-03T01:15:32.242+0000][gc,start      ] GC(315) Pause Young (Normal) (G1 Evacuation Pause)
[2025-11-03T01:15:32.242+0000][gc,task       ] GC(315) Using 2 workers of 2 for evacuation
[2025-11-03T01:15:32.256+0000][gc,phases     ] GC(315)   Pre Evacuate Collection Set: 0.0ms
[2025-11-03T01:15:32.256+0000][gc,phases     ] GC(315)   Evacuate Collection Set: 13.3ms
[2025-11-03T01:15:32.257+0000][gc,phases     ] GC(315)   Post Evacuate Collection Set: 0.6ms
[2025-11-03T01:15:32.257+0000][gc,phases     ] GC(315)   Other: 0.6ms
[2025-11-03T01:15:32.257+0000][gc,heap       ] GC(315) Eden regions: 52->0(60)
[2025-11-03T01:15:32.257+0000][gc,heap       ] GC(315) Survivor regions: 6->5(8)
[2025-11-03T01:15:32.257+0000][gc,heap       ] GC(315) Old regions: 355->359
[2025-11-03T01:15:32.257+0000][gc,heap       ] GC(315) Humongous regions: 147->147
[2025-11-03T01:15:32.258+0000][gc,metaspace  ] GC(315) Metaspace: 53430K(56752K)->53430K(56752K) NonClass: 47579K(49328K)->47579K(49328K) Class: 5850K(7424K)->5850K(7424K)
[2025-11-03T01:15:32.258+0000][gc            ] GC(315) Pause Young (Normal) (G1 Evacuation Pause) 559M->510M(693M) 16.169ms
[2025-11-03T01:15:32.258+0000][gc,cpu        ] GC(315) User=0.03s Sys=0.00s Real=0.02s
[2025-11-03T01:19:49.410+0000][gc,start      ] GC(316) Pause Young (Normal) (G1 Evacuation Pause)
[2025-11-03T01:19:49.410+0000][gc,task       ] GC(316) Using 2 workers of 2 for evacuation
[2025-11-03T01:19:49.422+0000][gc,phases     ] GC(316)   Pre Evacuate Collection Set: 0.0ms
[2025-11-03T01:19:49.422+0000][gc,phases     ] GC(316)   Evacuate Collection Set: 11.1ms
[2025-11-03T01:19:49.422+0000][gc,phases     ] GC(316)   Post Evacuate Collection Set: 0.5ms
[2025-11-03T01:19:49.422+0000][gc,phases     ] GC(316)   Other: 0.5ms
[2025-11-03T01:19:49.423+0000][gc,heap       ] GC(316) Eden regions: 60->0(63)
[2025-11-03T01:19:49.423+0000][gc,heap       ] GC(316) Survivor regions: 5->9(9)
[2025-11-03T01:19:49.423+0000][gc,heap       ] GC(316) Old regions: 359->359
[2025-11-03T01:19:49.423+0000][gc,heap       ] GC(316) Humongous regions: 147->147
[2025-11-03T01:19:49.423+0000][gc,metaspace  ] GC(316) Metaspace: 53430K(56752K)->53430K(56752K) NonClass: 47580K(49328K)->47580K(49328K) Class: 5850K(7424K)->5850K(7424K)
[2025-11-03T01:19:49.423+0000][gc            ] GC(316) Pause Young (Normal) (G1 Evacuation Pause) 570M->514M(693M) 13.538ms
[2025-11-03T01:19:49.423+0000][gc,cpu        ] GC(316) User=0.02s Sys=0.00s Real=0.01s
[2025-11-03T01:24:20.151+0000][gc,start      ] GC(317) Pause Young (Normal) (G1 Evacuation Pause)
[2025-11-03T01:24:20.151+0000][gc,task       ] GC(317) Using 2 workers of 2 for evacuation
[2025-11-03T01:24:20.169+0000][gc,phases     ] GC(317)   Pre Evacuate Collection Set: 0.0ms
[2025-11-03T01:24:20.169+0000][gc,phases     ] GC(317)   Evacuate Collection Set: 16.4ms
[2025-11-03T01:24:20.169+0000][gc,phases     ] GC(317)   Post Evacuate Collection Set: 0.7ms
[2025-11-03T01:24:20.170+0000][gc,phases     ] GC(317)   Other: 0.8ms
[2025-11-03T01:24:20.170+0000][gc,heap       ] GC(317) Eden regions: 63->0(64)
[2025-11-03T01:24:20.170+0000][gc,heap       ] GC(317) Survivor regions: 9->6(9)
[2025-11-03T01:24:20.170+0000][gc,heap       ] GC(317) Old regions: 359->366
[2025-11-03T01:24:20.170+0000][gc,heap       ] GC(317) Humongous regions: 147->147
[2025-11-03T01:24:20.170+0000][gc,metaspace  ] GC(317) Metaspace: 53430K(56752K)->53430K(56752K) NonClass: 47580K(49328K)->47580K(49328K) Class: 5850K(7424K)->5850K(7424K)
[2025-11-03T01:24:20.171+0000][gc            ] GC(317) Pause Young (Normal) (G1 Evacuation Pause) 577M->518M(693M) 19.425ms
[2025-11-03T01:24:20.171+0000][gc,cpu        ] GC(317) User=0.03s Sys=0.00s Real=0.02s
[2025-11-03T01:28:52.803+0000][gc,start      ] GC(318) Pause Young (Normal) (G1 Evacuation Pause)
[2025-11-03T01:28:52.803+0000][gc,task       ] GC(318) Using 2 workers of 2 for evacuation
[2025-11-03T01:28:52.819+0000][gc,phases     ] GC(318)   Pre Evacuate Collection Set: 0.0ms
[2025-11-03T01:28:52.819+0000][gc,phases     ] GC(318)   Evacuate Collection Set: 14.7ms
[2025-11-03T01:28:52.819+0000][gc,phases     ] GC(318)   Post Evacuate Collection Set: 0.7ms
[2025-11-03T01:28:52.820+0000][gc,phases     ] GC(318)   Other: 0.7ms
[2025-11-03T01:28:52.820+0000][gc,heap       ] GC(318) Eden regions: 64->0(66)
[2025-11-03T01:28:52.820+0000][gc,heap       ] GC(318) Survivor regions: 6->6(9)
[2025-11-03T01:28:52.820+0000][gc,heap       ] GC(318) Old regions: 366->370
[2025-11-03T01:28:52.820+0000][gc,heap       ] GC(318) Humongous regions: 147->147
[2025-11-03T01:28:52.820+0000][gc,metaspace  ] GC(318) Metaspace: 53430K(56752K)->53430K(56752K) NonClass: 47580K(49328K)->47580K(49328K) Class: 5850K(7424K)->5850K(7424K)
[2025-11-03T01:28:52.821+0000][gc            ] GC(318) Pause Young (Normal) (G1 Evacuation Pause) 582M->523M(693M) 17.675ms
[2025-11-03T01:28:52.821+0000][gc,cpu        ] GC(318) User=0.03s Sys=0.00s Real=0.02s
[2025-11-03T01:33:36.133+0000][gc,start      ] GC(319) Pause Young (Normal) (G1 Evacuation Pause)
[2025-11-03T01:33:36.133+0000][gc,task       ] GC(319) Using 2 workers of 2 for evacuation
[2025-11-03T01:33:36.147+0000][gc,phases     ] GC(319)   Pre Evacuate Collection Set: 0.0ms
[2025-11-03T01:33:36.147+0000][gc,phases     ] GC(319)   Evacuate Collection Set: 12.5ms
[2025-11-03T01:33:36.147+0000][gc,phases     ] GC(319)   Post Evacuate Collection Set: 0.6ms
[2025-11-03T01:33:36.147+0000][gc,phases     ] GC(319)   Other: 0.7ms
[2025-11-03T01:33:36.148+0000][gc,heap       ] GC(319) Eden regions: 66->0(69)
[2025-11-03T01:33:36.148+0000][gc,heap       ] GC(319) Survivor regions: 6->5(9)
[2025-11-03T01:33:36.148+0000][gc,heap       ] GC(319) Old regions: 370->374
[2025-11-03T01:33:36.148+0000][gc,heap       ] GC(319) Humongous regions: 147->147
[2025-11-03T01:33:36.148+0000][gc,metaspace  ] GC(319) Metaspace: 53430K(56752K)->53430K(56752K) NonClass: 47580K(49328K)->47580K(49328K) Class: 5850K(7424K)->5850K(7424K)
[2025-11-03T01:33:36.148+0000][gc            ] GC(319) Pause Young (Normal) (G1 Evacuation Pause) 588M->525M(693M) 15.458ms
[2025-11-03T01:33:36.149+0000][gc,cpu        ] GC(319) User=0.03s Sys=0.00s Real=0.01s
[2025-11-03T01:38:31.334+0000][gc,start      ] GC(320) Pause Young (Normal) (G1 Evacuation Pause)
[2025-11-03T01:38:31.335+0000][gc,task       ] GC(320) Using 2 workers of 2 for evacuation
[2025-11-03T01:38:31.351+0000][gc,phases     ] GC(320)   Pre Evacuate Collection Set: 0.0ms
[2025-11-03T01:38:31.352+0000][gc,phases     ] GC(320)   Evacuate Collection Set: 15.5ms
[2025-11-03T01:38:31.352+0000][gc,phases     ] GC(320)   Post Evacuate Collection Set: 0.7ms
[2025-11-03T01:38:31.352+0000][gc,phases     ] GC(320)   Other: 0.9ms
[2025-11-03T01:38:31.352+0000][gc,heap       ] GC(320) Eden regions: 69->0(68)
[2025-11-03T01:38:31.352+0000][gc,heap       ] GC(320) Survivor regions: 5->10(10)
[2025-11-03T01:38:31.352+0000][gc,heap       ] GC(320) Old regions: 374->374
[2025-11-03T01:38:31.353+0000][gc,heap       ] GC(320) Humongous regions: 147->147
[2025-11-03T01:38:31.353+0000][gc,metaspace  ] GC(320) Metaspace: 53430K(56752K)->53430K(56752K) NonClass: 47580K(49328K)->47580K(49328K) Class: 5850K(7424K)->5850K(7424K)
[2025-11-03T01:38:31.353+0000][gc            ] GC(320) Pause Young (Normal) (G1 Evacuation Pause) 594M->530M(693M) 18.708ms
[2025-11-03T01:38:31.353+0000][gc,cpu        ] GC(320) User=0.03s Sys=0.00s Real=0.02s
[2025-11-03T01:43:24.124+0000][gc,start      ] GC(321) Pause Young (Normal) (G1 Evacuation Pause)
[2025-11-03T01:43:24.125+0000][gc,task       ] GC(321) Using 2 workers of 2 for evacuation
[2025-11-03T01:43:24.143+0000][gc,phases     ] GC(321)   Pre Evacuate Collection Set: 0.0ms
[2025-11-03T01:43:24.144+0000][gc,phases     ] GC(321)   Evacuate Collection Set: 17.8ms
[2025-11-03T01:43:24.144+0000][gc,phases     ] GC(321)   Post Evacuate Collection Set: 0.6ms
[2025-11-03T01:43:24.144+0000][gc,phases     ] GC(321)   Other: 1.1ms
[2025-11-03T01:43:24.144+0000][gc,heap       ] GC(321) Eden regions: 68->0(68)
[2025-11-03T01:43:24.144+0000][gc,heap       ] GC(321) Survivor regions: 10->6(10)
[2025-11-03T01:43:24.144+0000][gc,heap       ] GC(321) Old regions: 374->383
[2025-11-03T01:43:24.145+0000][gc,heap       ] GC(321) Humongous regions: 147->147
[2025-11-03T01:43:24.145+0000][gc,metaspace  ] GC(321) Metaspace: 53430K(56752K)->53430K(56752K) NonClass: 47580K(49328K)->47580K(49328K) Class: 5850K(7424K)->5850K(7424K)
[2025-11-03T01:43:24.145+0000][gc            ] GC(321) Pause Young (Normal) (G1 Evacuation Pause) 598M->535M(693M) 20.837ms
[2025-11-03T01:43:24.145+0000][gc,cpu        ] GC(321) User=0.04s Sys=0.00s Real=0.02s
[2025-11-03T01:48:12.979+0000][gc,start      ] GC(322) Pause Young (Normal) (G1 Evacuation Pause)
[2025-11-03T01:48:12.979+0000][gc,task       ] GC(322) Using 2 workers of 2 for evacuation
[2025-11-03T01:48:12.994+0000][gc,phases     ] GC(322)   Pre Evacuate Collection Set: 0.0ms
[2025-11-03T01:48:12.994+0000][gc,phases     ] GC(322)   Evacuate Collection Set: 13.2ms
[2025-11-03T01:48:12.994+0000][gc,phases     ] GC(322)   Post Evacuate Collection Set: 0.6ms
[2025-11-03T01:48:12.994+0000][gc,phases     ] GC(322)   Other: 0.7ms
[2025-11-03T01:48:12.994+0000][gc,heap       ] GC(322) Eden regions: 68->0(67)
[2025-11-03T01:48:12.995+0000][gc,heap       ] GC(322) Survivor regions: 6->5(10)
[2025-11-03T01:48:12.995+0000][gc,heap       ] GC(322) Old regions: 383->387
[2025-11-03T01:48:12.995+0000][gc,heap       ] GC(322) Humongous regions: 147->147
[2025-11-03T01:48:12.995+0000][gc,metaspace  ] GC(322) Metaspace: 53430K(56752K)->53430K(56752K) NonClass: 47580K(49328K)->47580K(49328K) Class: 5850K(7424K)->5850K(7424K)
[2025-11-03T01:48:12.995+0000][gc            ] GC(322) Pause Young (Normal) (G1 Evacuation Pause) 603M->539M(693M) 16.056ms
[2025-11-03T01:48:12.995+0000][gc,cpu        ] GC(322) User=0.02s Sys=0.00s Real=0.02s
[2025-11-03T01:53:01.226+0000][gc,start      ] GC(323) Pause Young (Normal) (G1 Evacuation Pause)
[2025-11-03T01:53:01.227+0000][gc,task       ] GC(323) Using 2 workers of 2 for evacuation
[2025-11-03T01:53:01.243+0000][gc,phases     ] GC(323)   Pre Evacuate Collection Set: 0.0ms
[2025-11-03T01:53:01.243+0000][gc,phases     ] GC(323)   Evacuate Collection Set: 15.0ms
[2025-11-03T01:53:01.243+0000][gc,phases     ] GC(323)   Post Evacuate Collection Set: 0.7ms
[2025-11-03T01:53:01.244+0000][gc,phases     ] GC(323)   Other: 0.8ms
[2025-11-03T01:53:01.244+0000][gc,heap       ] GC(323) Eden regions: 67->0(64)
[2025-11-03T01:53:01.244+0000][gc,heap       ] GC(323) Survivor regions: 5->9(9)
[2025-11-03T01:53:01.244+0000][gc,heap       ] GC(323) Old regions: 387->388
[2025-11-03T01:53:01.244+0000][gc,heap       ] GC(323) Humongous regions: 147->147
[2025-11-03T01:53:01.244+0000][gc,metaspace  ] GC(323) Metaspace: 53430K(56752K)->53430K(56752K) NonClass: 47580K(49328K)->47580K(49328K) Class: 5850K(7424K)->5850K(7424K)
[2025-11-03T01:53:01.245+0000][gc            ] GC(323) Pause Young (Normal) (G1 Evacuation Pause) 605M->543M(693M) 18.135ms
[2025-11-03T01:53:01.245+0000][gc,cpu        ] GC(323) User=0.03s Sys=0.00s Real=0.01s
[2025-11-03T01:57:09.492+0000][gc,start      ] GC(324) Pause Young (Normal) (G1 Evacuation Pause)
[2025-11-03T01:57:09.493+0000][gc,task       ] GC(324) Using 2 workers of 2 for evacuation
[2025-11-03T01:57:09.512+0000][gc,phases     ] GC(324)   Pre Evacuate Collection Set: 0.0ms
[2025-11-03T01:57:09.512+0000][gc,phases     ] GC(324)   Evacuate Collection Set: 18.2ms
[2025-11-03T01:57:09.513+0000][gc,phases     ] GC(324)   Post Evacuate Collection Set: 0.7ms
[2025-11-03T01:57:09.513+0000][gc,phases     ] GC(324)   Other: 1.0ms
[2025-11-03T01:57:09.513+0000][gc,heap       ] GC(324) Eden regions: 64->0(60)
[2025-11-03T01:57:09.513+0000][gc,heap       ] GC(324) Survivor regions: 9->10(10)
[2025-11-03T01:57:09.513+0000][gc,heap       ] GC(324) Old regions: 388->392
[2025-11-03T01:57:09.513+0000][gc,heap       ] GC(324) Humongous regions: 147->147
[2025-11-03T01:57:09.514+0000][gc,metaspace  ] GC(324) Metaspace: 53432K(56752K)->53432K(56752K) NonClass: 47581K(49328K)->47581K(49328K) Class: 5850K(7424K)->5850K(7424K)
[2025-11-03T01:57:09.514+0000][gc            ] GC(324) Pause Young (Normal) (G1 Evacuation Pause) 607M->548M(693M) 21.426ms
[2025-11-03T01:57:09.514+0000][gc,cpu        ] GC(324) User=0.03s Sys=0.00s Real=0.02s
[2025-11-03T02:01:23.840+0000][gc,start      ] GC(325) Pause Young (Normal) (G1 Evacuation Pause)
[2025-11-03T02:01:23.840+0000][gc,task       ] GC(325) Using 2 workers of 2 for evacuation
[2025-11-03T02:01:23.856+0000][gc,phases     ] GC(325)   Pre Evacuate Collection Set: 0.0ms
[2025-11-03T02:01:23.856+0000][gc,phases     ] GC(325)   Evacuate Collection Set: 14.6ms
[2025-11-03T02:01:23.856+0000][gc,phases     ] GC(325)   Post Evacuate Collection Set: 0.6ms
[2025-11-03T02:01:23.856+0000][gc,phases     ] GC(325)   Other: 0.6ms
[2025-11-03T02:01:23.856+0000][gc,heap       ] GC(325) Eden regions: 60->0(59)
[2025-11-03T02:01:23.857+0000][gc,heap       ] GC(325) Survivor regions: 10->4(9)
[2025-11-03T02:01:23.857+0000][gc,heap       ] GC(325) Old regions: 392->400
[2025-11-03T02:01:23.857+0000][gc,heap       ] GC(325) Humongous regions: 147->147
[2025-11-03T02:01:23.857+0000][gc,metaspace  ] GC(325) Metaspace: 53432K(56752K)->53432K(56752K) NonClass: 47581K(49328K)->47581K(49328K) Class: 5850K(7424K)->5850K(7424K)
[2025-11-03T02:01:23.857+0000][gc            ] GC(325) Pause Young (Normal) (G1 Evacuation Pause) 608M->550M(693M) 17.035ms
[2025-11-03T02:01:23.857+0000][gc,cpu        ] GC(325) User=0.03s Sys=0.00s Real=0.01s
[2025-11-03T02:05:33.966+0000][gc,start      ] GC(326) Pause Young (Normal) (G1 Evacuation Pause)
[2025-11-03T02:05:33.966+0000][gc,task       ] GC(326) Using 2 workers of 2 for evacuation
[2025-11-03T02:05:33.979+0000][gc,phases     ] GC(326)   Pre Evacuate Collection Set: 0.0ms
[2025-11-03T02:05:33.979+0000][gc,phases     ] GC(326)   Evacuate Collection Set: 11.2ms
[2025-11-03T02:05:33.979+0000][gc,phases     ] GC(326)   Post Evacuate Collection Set: 0.6ms
[2025-11-03T02:05:33.979+0000][gc,phases     ] GC(326)   Other: 0.7ms
[2025-11-03T02:05:33.979+0000][gc,heap       ] GC(326) Eden regions: 59->0(57)
[2025-11-03T02:05:33.979+0000][gc,heap       ] GC(326) Survivor regions: 4->7(8)
[2025-11-03T02:05:33.980+0000][gc,heap       ] GC(326) Old regions: 400->400
[2025-11-03T02:05:33.980+0000][gc,heap       ] GC(326) Humongous regions: 147->147
[2025-11-03T02:05:33.980+0000][gc,metaspace  ] GC(326) Metaspace: 53432K(56752K)->53432K(56752K) NonClass: 47581K(49328K)->47581K(49328K) Class: 5850K(7424K)->5850K(7424K)
[2025-11-03T02:05:33.980+0000][gc            ] GC(326) Pause Young (Normal) (G1 Evacuation Pause) 609M->553M(693M) 14.058ms
[2025-11-03T02:05:33.980+0000][gc,cpu        ] GC(326) User=0.02s Sys=0.00s Real=0.01s
[2025-11-03T02:09:37.031+0000][gc,start      ] GC(327) Pause Young (Normal) (G1 Evacuation Pause)
[2025-11-03T02:09:37.031+0000][gc,task       ] GC(327) Using 2 workers of 2 for evacuation
[2025-11-03T02:09:37.048+0000][gc,phases     ] GC(327)   Pre Evacuate Collection Set: 0.0ms
[2025-11-03T02:09:37.048+0000][gc,phases     ] GC(327)   Evacuate Collection Set: 16.1ms
[2025-11-03T02:09:37.049+0000][gc,phases     ] GC(327)   Post Evacuate Collection Set: 0.6ms
[2025-11-03T02:09:37.049+0000][gc,phases     ] GC(327)   Other: 0.5ms
[2025-11-03T02:09:37.049+0000][gc,heap       ] GC(327) Eden regions: 57->0(54)
[2025-11-03T02:09:37.049+0000][gc,heap       ] GC(327) Survivor regions: 7->5(8)
[2025-11-03T02:09:37.049+0000][gc,heap       ] GC(327) Old regions: 400->406
[2025-11-03T02:09:37.049+0000][gc,heap       ] GC(327) Humongous regions: 147->147
[2025-11-03T02:09:37.049+0000][gc,metaspace  ] GC(327) Metaspace: 53432K(56752K)->53432K(56752K) NonClass: 47581K(49328K)->47581K(49328K) Class: 5850K(7424K)->5850K(7424K)
[2025-11-03T02:09:37.050+0000][gc            ] GC(327) Pause Young (Normal) (G1 Evacuation Pause) 610M->557M(693M) 18.556ms
[2025-11-03T02:09:37.050+0000][gc,cpu        ] GC(327) User=0.03s Sys=0.00s Real=0.01s
[2025-11-03T02:13:29.241+0000][gc,start      ] GC(328) Pause Young (Normal) (G1 Evacuation Pause)
[2025-11-03T02:13:29.241+0000][gc,task       ] GC(328) Using 2 workers of 2 for evacuation
[2025-11-03T02:13:29.254+0000][gc,phases     ] GC(328)   Pre Evacuate Collection Set: 0.0ms
[2025-11-03T02:13:29.254+0000][gc,phases     ] GC(328)   Evacuate Collection Set: 11.5ms
[2025-11-03T02:13:29.254+0000][gc,phases     ] GC(328)   Post Evacuate Collection Set: 0.5ms
[2025-11-03T02:13:29.254+0000][gc,phases     ] GC(328)   Other: 0.5ms
[2025-11-03T02:13:29.254+0000][gc,heap       ] GC(328) Eden regions: 54->0(52)
[2025-11-03T02:13:29.255+0000][gc,heap       ] GC(328) Survivor regions: 5->4(8)
[2025-11-03T02:13:29.255+0000][gc,heap       ] GC(328) Old regions: 406->410
[2025-11-03T02:13:29.255+0000][gc,heap       ] GC(328) Humongous regions: 147->147
[2025-11-03T02:13:29.255+0000][gc,metaspace  ] GC(328) Metaspace: 53432K(56752K)->53432K(56752K) NonClass: 47581K(49328K)->47581K(49328K) Class: 5850K(7424K)->5850K(7424K)
[2025-11-03T02:13:29.255+0000][gc            ] GC(328) Pause Young (Normal) (G1 Evacuation Pause) 611M->560M(693M) 13.862ms
[2025-11-03T02:13:29.255+0000][gc,cpu        ] GC(328) User=0.02s Sys=0.00s Real=0.01s
[2025-11-03T02:17:09.415+0000][gc,start      ] GC(329) Pause Young (Normal) (G1 Evacuation Pause)
[2025-11-03T02:17:09.415+0000][gc,task       ] GC(329) Using 2 workers of 2 for evacuation
[2025-11-03T02:17:09.428+0000][gc,phases     ] GC(329)   Pre Evacuate Collection Set: 0.0ms
[2025-11-03T02:17:09.428+0000][gc,phases     ] GC(329)   Evacuate Collection Set: 11.8ms
[2025-11-03T02:17:09.428+0000][gc,phases     ] GC(329)   Post Evacuate Collection Set: 0.6ms
[2025-11-03T02:17:09.429+0000][gc,phases     ] GC(329)   Other: 0.5ms
[2025-11-03T02:17:09.429+0000][gc,heap       ] GC(329) Eden regions: 52->0(47)
[2025-11-03T02:17:09.429+0000][gc,heap       ] GC(329) Survivor regions: 4->6(7)
[2025-11-03T02:17:09.429+0000][gc,heap       ] GC(329) Old regions: 410->413
[2025-11-03T02:17:09.429+0000][gc,heap       ] GC(329) Humongous regions: 147->147
[2025-11-03T02:17:09.429+0000][gc,metaspace  ] GC(329) Metaspace: 53439K(56752K)->53439K(56752K) NonClass: 47588K(49328K)->47588K(49328K) Class: 5850K(7424K)->5850K(7424K)
[2025-11-03T02:17:09.429+0000][gc            ] GC(329) Pause Young (Normal) (G1 Evacuation Pause) 612M->565M(693M) 13.992ms
[2025-11-03T02:17:09.429+0000][gc,cpu        ] GC(329) User=0.02s Sys=0.00s Real=0.01s
[2025-11-03T02:20:29.388+0000][gc,start      ] GC(330) Pause Young (Normal) (G1 Evacuation Pause)
[2025-11-03T02:20:29.388+0000][gc,task       ] GC(330) Using 2 workers of 2 for evacuation
[2025-11-03T02:20:29.403+0000][gc,phases     ] GC(330)   Pre Evacuate Collection Set: 0.0ms
[2025-11-03T02:20:29.403+0000][gc,phases     ] GC(330)   Evacuate Collection Set: 13.6ms
[2025-11-03T02:20:29.404+0000][gc,phases     ] GC(330)   Post Evacuate Collection Set: 0.8ms
[2025-11-03T02:20:29.404+0000][gc,phases     ] GC(330)   Other: 1.0ms
[2025-11-03T02:20:29.404+0000][gc,heap       ] GC(330) Eden regions: 47->0(44)
[2025-11-03T02:20:29.404+0000][gc,heap       ] GC(330) Survivor regions: 6->5(7)
[2025-11-03T02:20:29.405+0000][gc,heap       ] GC(330) Old regions: 413->417
[2025-11-03T02:20:29.405+0000][gc,heap       ] GC(330) Humongous regions: 147->147
[2025-11-03T02:20:29.405+0000][gc,metaspace  ] GC(330) Metaspace: 53439K(56752K)->53439K(56752K) NonClass: 47588K(49328K)->47588K(49328K) Class: 5850K(7424K)->5850K(7424K)
[2025-11-03T02:20:29.405+0000][gc            ] GC(330) Pause Young (Normal) (G1 Evacuation Pause) 612M->567M(693M) 17.448ms
[2025-11-03T02:20:29.405+0000][gc,cpu        ] GC(330) User=0.03s Sys=0.00s Real=0.01s
[2025-11-03T02:23:38.484+0000][gc,start      ] GC(331) Pause Young (Normal) (G1 Evacuation Pause)
[2025-11-03T02:23:38.484+0000][gc,task       ] GC(331) Using 2 workers of 2 for evacuation
[2025-11-03T02:23:38.497+0000][gc,phases     ] GC(331)   Pre Evacuate Collection Set: 0.0ms
[2025-11-03T02:23:38.498+0000][gc,phases     ] GC(331)   Evacuate Collection Set: 12.1ms
[2025-11-03T02:23:38.498+0000][gc,phases     ] GC(331)   Post Evacuate Collection Set: 0.6ms
[2025-11-03T02:23:38.498+0000][gc,phases     ] GC(331)   Other: 0.7ms
[2025-11-03T02:23:38.498+0000][gc,heap       ] GC(331) Eden regions: 44->0(41)
[2025-11-03T02:23:38.498+0000][gc,heap       ] GC(331) Survivor regions: 5->5(7)
[2025-11-03T02:23:38.498+0000][gc,heap       ] GC(331) Old regions: 417->420
[2025-11-03T02:23:38.498+0000][gc,heap       ] GC(331) Humongous regions: 147->147
[2025-11-03T02:23:38.499+0000][gc,metaspace  ] GC(331) Metaspace: 53439K(56752K)->53439K(56752K) NonClass: 47588K(49328K)->47588K(49328K) Class: 5850K(7424K)->5850K(7424K)
[2025-11-03T02:23:38.499+0000][gc            ] GC(331) Pause Young (Normal) (G1 Evacuation Pause) 611M->571M(693M) 14.843ms
[2025-11-03T02:23:38.499+0000][gc,cpu        ] GC(331) User=0.02s Sys=0.00s Real=0.01s
[2025-11-03T02:40:24.348+0000][gc,start      ] GC(332) Pause Young (Normal) (G1 Evacuation Pause)
[2025-11-03T02:40:24.348+0000][gc,task       ] GC(332) Using 2 workers of 2 for evacuation
[2025-11-03T02:40:24.368+0000][gc,phases     ] GC(332)   Pre Evacuate Collection Set: 0.0ms
[2025-11-03T02:40:24.370+0000][gc,phases     ] GC(332)   Evacuate Collection Set: 17.9ms
[2025-11-03T02:40:24.370+0000][gc,phases     ] GC(332)   Post Evacuate Collection Set: 1.1ms
[2025-11-03T02:40:24.371+0000][gc,phases     ] GC(332)   Other: 0.8ms
[2025-11-03T02:40:24.371+0000][gc,heap       ] GC(332) Eden regions: 41->0(38)
[2025-11-03T02:40:24.371+0000][gc,heap       ] GC(332) Survivor regions: 5->4(6)
[2025-11-03T02:40:24.371+0000][gc,heap       ] GC(332) Old regions: 420->423
[2025-11-03T02:40:24.372+0000][gc,heap       ] GC(332) Humongous regions: 147->147
[2025-11-03T02:40:24.372+0000][gc,metaspace  ] GC(332) Metaspace: 53507K(57008K)->53507K(57008K) NonClass: 47648K(49584K)->47648K(49584K) Class: 5858K(7424K)->5858K(7424K)
[2025-11-03T02:40:24.372+0000][gc            ] GC(332) Pause Young (Normal) (G1 Evacuation Pause) 612M->573M(693M) 24.020ms
[2025-11-03T02:40:24.372+0000][gc,cpu        ] GC(332) User=0.04s Sys=0.00s Real=0.02s
[2025-11-03T02:56:36.705+0000][gc,start      ] GC(333) Pause Young (Normal) (G1 Evacuation Pause)
[2025-11-03T02:56:36.705+0000][gc,task       ] GC(333) Using 2 workers of 2 for evacuation
[2025-11-03T02:56:36.721+0000][gc,phases     ] GC(333)   Pre Evacuate Collection Set: 0.0ms
[2025-11-03T02:56:36.721+0000][gc,phases     ] GC(333)   Evacuate Collection Set: 14.7ms
[2025-11-03T02:56:36.721+0000][gc,phases     ] GC(333)   Post Evacuate Collection Set: 1.1ms
[2025-11-03T02:56:36.722+0000][gc,phases     ] GC(333)   Other: 0.4ms
[2025-11-03T02:56:36.722+0000][gc,heap       ] GC(333) Eden regions: 31->0(29)
[2025-11-03T02:56:36.722+0000][gc,heap       ] GC(333) Survivor regions: 4->5(5)
[2025-11-03T02:56:36.722+0000][gc,heap       ] GC(333) Old regions: 423->428
[2025-11-03T02:56:36.722+0000][gc,heap       ] GC(333) Humongous regions: 156->156
[2025-11-03T02:56:36.722+0000][gc,metaspace  ] GC(333) Metaspace: 53544K(57008K)->53544K(57008K) NonClass: 47679K(49584K)->47679K(49584K) Class: 5865K(7424K)->5865K(7424K)
[2025-11-03T02:56:36.723+0000][gc            ] GC(333) Pause Young (Normal) (G1 Evacuation Pause) 613M->588M(693M) 18.050ms
[2025-11-03T02:56:36.723+0000][gc,cpu        ] GC(333) User=0.04s Sys=0.00s Real=0.02s
[2025-11-03T03:12:49.032+0000][gc,start      ] GC(334) Pause Young (Normal) (G1 Evacuation Pause)
[2025-11-03T03:12:49.032+0000][gc,task       ] GC(334) Using 2 workers of 2 for evacuation
[2025-11-03T03:12:49.042+0000][gc,phases     ] GC(334)   Pre Evacuate Collection Set: 0.0ms
[2025-11-03T03:12:49.042+0000][gc,phases     ] GC(334)   Evacuate Collection Set: 8.6ms
[2025-11-03T03:12:49.043+0000][gc,phases     ] GC(334)   Post Evacuate Collection Set: 0.8ms
[2025-11-03T03:12:49.043+0000][gc,phases     ] GC(334)   Other: 0.5ms
[2025-11-03T03:12:49.043+0000][gc,heap       ] GC(334) Eden regions: 29->0(31)
[2025-11-03T03:12:49.043+0000][gc,heap       ] GC(334) Survivor regions: 5->3(5)
[2025-11-03T03:12:49.044+0000][gc,heap       ] GC(334) Old regions: 428->432
[2025-11-03T03:12:49.044+0000][gc,heap       ] GC(334) Humongous regions: 156->156
[2025-11-03T03:12:49.044+0000][gc,metaspace  ] GC(334) Metaspace: 53579K(57008K)->53579K(57008K) NonClass: 47714K(49584K)->47714K(49584K) Class: 5865K(7424K)->5865K(7424K)
[2025-11-03T03:12:49.044+0000][gc            ] GC(334) Pause Young (Normal) (G1 Evacuation Pause) 617M->590M(693M) 11.723ms
[2025-11-03T03:12:49.044+0000][gc,cpu        ] GC(334) User=0.02s Sys=0.00s Real=0.01s
[2025-11-03T03:29:00.081+0000][gc,start      ] GC(335) Pause Young (Normal) (G1 Evacuation Pause)
[2025-11-03T03:29:00.081+0000][gc,task       ] GC(335) Using 2 workers of 2 for evacuation
[2025-11-03T03:29:00.094+0000][gc,phases     ] GC(335)   Pre Evacuate Collection Set: 0.0ms
[2025-11-03T03:29:00.095+0000][gc,phases     ] GC(335)   Evacuate Collection Set: 10.1ms
[2025-11-03T03:29:00.095+0000][gc,phases     ] GC(335)   Post Evacuate Collection Set: 2.8ms
[2025-11-03T03:29:00.099+0000][gc,phases     ] GC(335)   Other: 0.7ms
[2025-11-03T03:29:00.099+0000][gc,heap       ] GC(335) Eden regions: 31->0(31)
[2025-11-03T03:29:00.100+0000][gc,heap       ] GC(335) Survivor regions: 3->3(5)
[2025-11-03T03:29:00.101+0000][gc,heap       ] GC(335) Old regions: 432->432
[2025-11-03T03:29:00.101+0000][gc,heap       ] GC(335) Humongous regions: 156->156
[2025-11-03T03:29:00.101+0000][gc,metaspace  ] GC(335) Metaspace: 53806K(57008K)->53806K(57008K) NonClass: 47880K(49584K)->47880K(49584K) Class: 5925K(7424K)->5925K(7424K)
[2025-11-03T03:29:00.102+0000][gc            ] GC(335) Pause Young (Normal) (G1 Evacuation Pause) 621M->590M(693M) 20.959ms
[2025-11-03T03:29:00.102+0000][gc,cpu        ] GC(335) User=0.02s Sys=0.00s Real=0.03s
[2025-11-03T03:29:00.768+0000][gc,start      ] GC(336) Pause Young (Normal) (G1 Evacuation Pause)
[2025-11-03T03:29:00.769+0000][gc,task       ] GC(336) Using 2 workers of 2 for evacuation
[2025-11-03T03:29:00.777+0000][gc,phases     ] GC(336)   Pre Evacuate Collection Set: 0.0ms
[2025-11-03T03:29:00.777+0000][gc,phases     ] GC(336)   Evacuate Collection Set: 7.2ms
[2025-11-03T03:29:00.778+0000][gc,phases     ] GC(336)   Post Evacuate Collection Set: 0.8ms
[2025-11-03T03:29:00.778+0000][gc,phases     ] GC(336)   Other: 0.6ms
[2025-11-03T03:29:00.778+0000][gc,heap       ] GC(336) Eden regions: 31->0(30)
[2025-11-03T03:29:00.778+0000][gc,heap       ] GC(336) Survivor regions: 3->4(5)
[2025-11-03T03:29:00.778+0000][gc,heap       ] GC(336) Old regions: 432->433
[2025-11-03T03:29:00.779+0000][gc,heap       ] GC(336) Humongous regions: 156->156
[2025-11-03T03:29:00.779+0000][gc,metaspace  ] GC(336) Metaspace: 53823K(57008K)->53823K(57008K) NonClass: 47898K(49584K)->47898K(49584K) Class: 5925K(7424K)->5925K(7424K)
[2025-11-03T03:29:00.779+0000][gc            ] GC(336) Pause Young (Normal) (G1 Evacuation Pause) 621M->592M(693M) 10.598ms
[2025-11-03T03:29:00.779+0000][gc,cpu        ] GC(336) User=0.02s Sys=0.00s Real=0.01s
[2025-11-03T03:29:00.780+0000][gc,start      ] GC(337) Pause Young (Concurrent Start) (G1 Humongous Allocation)
[2025-11-03T03:29:00.780+0000][gc,task       ] GC(337) Using 2 workers of 2 for evacuation
[2025-11-03T03:29:00.787+0000][gc,phases     ] GC(337)   Pre Evacuate Collection Set: 0.2ms
[2025-11-03T03:29:00.787+0000][gc,phases     ] GC(337)   Evacuate Collection Set: 5.3ms
[2025-11-03T03:29:00.787+0000][gc,phases     ] GC(337)   Post Evacuate Collection Set: 0.7ms
[2025-11-03T03:29:00.787+0000][gc,phases     ] GC(337)   Other: 0.4ms
[2025-11-03T03:29:00.787+0000][gc,heap       ] GC(337) Eden regions: 1->0(31)
[2025-11-03T03:29:00.788+0000][gc,heap       ] GC(337) Survivor regions: 4->3(5)
[2025-11-03T03:29:00.788+0000][gc,heap       ] GC(337) Old regions: 433->435
[2025-11-03T03:29:00.788+0000][gc,heap       ] GC(337) Humongous regions: 156->156
[2025-11-03T03:29:00.788+0000][gc,metaspace  ] GC(337) Metaspace: 53823K(57008K)->53823K(57008K) NonClass: 47898K(49584K)->47898K(49584K) Class: 5925K(7424K)->5925K(7424K)
[2025-11-03T03:29:00.788+0000][gc            ] GC(337) Pause Young (Concurrent Start) (G1 Humongous Allocation) 592M->592M(693M) 7.813ms
[2025-11-03T03:29:00.788+0000][gc,cpu        ] GC(337) User=0.01s Sys=0.00s Real=0.01s
[2025-11-03T03:29:00.788+0000][gc            ] GC(338) Concurrent Cycle
[2025-11-03T03:29:00.789+0000][gc,marking    ] GC(338) Concurrent Clear Claimed Marks
[2025-11-03T03:29:00.789+0000][gc,marking    ] GC(338) Concurrent Clear Claimed Marks 0.444ms
[2025-11-03T03:29:00.790+0000][gc,marking    ] GC(338) Concurrent Scan Root Regions
[2025-11-03T03:29:00.792+0000][gc,marking    ] GC(338) Concurrent Scan Root Regions 2.632ms
[2025-11-03T03:29:00.792+0000][gc,marking    ] GC(338) Concurrent Mark (23705.768s)
[2025-11-03T03:29:00.793+0000][gc,marking    ] GC(338) Concurrent Mark From Roots
[2025-11-03T03:29:00.793+0000][gc,task       ] GC(338) Using 1 workers of 1 for marking
[2025-11-03T03:29:00.818+0000][gc,start      ] GC(339) Pause Young (Normal) (G1 Evacuation Pause)
[2025-11-03T03:29:00.818+0000][gc,task       ] GC(339) Using 2 workers of 2 for evacuation
[2025-11-03T03:29:00.824+0000][gc,phases     ] GC(339)   Pre Evacuate Collection Set: 0.0ms
[2025-11-03T03:29:00.824+0000][gc,phases     ] GC(339)   Evacuate Collection Set: 4.0ms
[2025-11-03T03:29:00.824+0000][gc,phases     ] GC(339)   Post Evacuate Collection Set: 0.8ms
[2025-11-03T03:29:00.824+0000][gc,phases     ] GC(339)   Other: 0.7ms
[2025-11-03T03:29:00.824+0000][gc,heap       ] GC(339) Eden regions: 31->0(31)
[2025-11-03T03:29:00.824+0000][gc,heap       ] GC(339) Survivor regions: 3->3(5)
[2025-11-03T03:29:00.825+0000][gc,heap       ] GC(339) Old regions: 435->435
[2025-11-03T03:29:00.825+0000][gc,heap       ] GC(339) Humongous regions: 168->162
[2025-11-03T03:29:00.825+0000][gc,metaspace  ] GC(339) Metaspace: 53825K(57008K)->53825K(57008K) NonClass: 47900K(49584K)->47900K(49584K) Class: 5925K(7424K)->5925K(7424K)
[2025-11-03T03:29:00.825+0000][gc            ] GC(339) Pause Young (Normal) (G1 Evacuation Pause) 635M->598M(693M) 6.666ms
[2025-11-03T03:29:00.825+0000][gc,cpu        ] GC(339) User=0.01s Sys=0.00s Real=0.01s
[2025-11-03T03:29:00.851+0000][gc,marking    ] GC(338) Concurrent Mark From Roots 58.343ms
[2025-11-03T03:29:00.851+0000][gc,marking    ] GC(338) Concurrent Preclean
[2025-11-03T03:29:00.852+0000][gc,marking    ] GC(338) Concurrent Preclean 0.460ms
[2025-11-03T03:29:00.852+0000][gc,marking    ] GC(338) Concurrent Mark (23705.768s, 23705.828s) 59.648ms
[2025-11-03T03:29:00.853+0000][gc,start      ] GC(338) Pause Remark
[2025-11-03T03:29:00.861+0000][gc,stringtable] GC(338) Cleaned string and symbol table, strings: 17115 processed, 39 removed, symbols: 123854 processed, 0 removed
[2025-11-03T03:29:00.862+0000][gc            ] GC(338) Pause Remark 616M->412M(693M) 8.904ms
[2025-11-03T03:29:00.862+0000][gc,cpu        ] GC(338) User=0.02s Sys=0.00s Real=0.01s
[2025-11-03T03:29:00.862+0000][gc,marking    ] GC(338) Concurrent Rebuild Remembered Sets
[2025-11-03T03:29:00.869+0000][gc,start      ] GC(340) Pause Young (Normal) (G1 Evacuation Pause)
[2025-11-03T03:29:00.870+0000][gc,task       ] GC(340) Using 2 workers of 2 for evacuation
[2025-11-03T03:29:00.873+0000][gc,phases     ] GC(340)   Pre Evacuate Collection Set: 0.0ms
[2025-11-03T03:29:00.874+0000][gc,phases     ] GC(340)   Evacuate Collection Set: 3.2ms
[2025-11-03T03:29:00.874+0000][gc,phases     ] GC(340)   Post Evacuate Collection Set: 0.4ms
[2025-11-03T03:29:00.874+0000][gc,phases     ] GC(340)   Other: 0.4ms
[2025-11-03T03:29:00.874+0000][gc,heap       ] GC(340) Eden regions: 31->0(51)
[2025-11-03T03:29:00.874+0000][gc,heap       ] GC(340) Survivor regions: 3->3(5)
[2025-11-03T03:29:00.874+0000][gc,heap       ] GC(340) Old regions: 231->231
[2025-11-03T03:29:00.874+0000][gc,heap       ] GC(340) Humongous regions: 162->162
[2025-11-03T03:29:00.874+0000][gc,metaspace  ] GC(340) Metaspace: 53825K(57008K)->53825K(57008K) NonClass: 47900K(49584K)->47900K(49584K) Class: 5925K(7424K)->5925K(7424K)
[2025-11-03T03:29:00.874+0000][gc            ] GC(340) Pause Young (Normal) (G1 Evacuation Pause) 425M->394M(693M) 4.982ms
[2025-11-03T03:29:00.875+0000][gc,cpu        ] GC(340) User=0.01s Sys=0.00s Real=0.01s
[2025-11-03T03:29:00.891+0000][gc,marking    ] GC(338) Concurrent Rebuild Remembered Sets 28.571ms
[2025-11-03T03:29:00.891+0000][gc,start      ] GC(338) Pause Cleanup
[2025-11-03T03:29:00.892+0000][gc            ] GC(338) Pause Cleanup 416M->416M(693M) 0.652ms
[2025-11-03T03:29:00.892+0000][gc,cpu        ] GC(338) User=0.00s Sys=0.00s Real=0.01s
[2025-11-03T03:29:00.892+0000][gc,marking    ] GC(338) Concurrent Cleanup for Next Mark
[2025-11-03T03:29:00.893+0000][gc,marking    ] GC(338) Concurrent Cleanup for Next Mark 0.744ms
[2025-11-03T03:29:00.893+0000][gc            ] GC(338) Concurrent Cycle 104.835ms
[2025-11-03T03:29:00.916+0000][gc,start      ] GC(341) Pause Young (Prepare Mixed) (G1 Evacuation Pause)
[2025-11-03T03:29:00.916+0000][gc,task       ] GC(341) Using 2 workers of 2 for evacuation
[2025-11-03T03:29:00.954+0000][gc,mmu        ] GC(341) MMU target violated: 21.0ms (20.0ms/21.0ms)
[2025-11-03T03:29:00.955+0000][gc,phases     ] GC(341)   Pre Evacuate Collection Set: 0.0ms
[2025-11-03T03:29:00.955+0000][gc,phases     ] GC(341)   Evacuate Collection Set: 36.2ms
[2025-11-03T03:29:00.956+0000][gc,phases     ] GC(341)   Post Evacuate Collection Set: 1.5ms
[2025-11-03T03:29:00.956+0000][gc,phases     ] GC(341)   Other: 1.1ms
[2025-11-03T03:29:00.957+0000][gc,heap       ] GC(341) Eden regions: 51->0(31)
[2025-11-03T03:29:00.957+0000][gc,heap       ] GC(341) Survivor regions: 3->3(7)
[2025-11-03T03:29:00.958+0000][gc,heap       ] GC(341) Old regions: 231->231
[2025-11-03T03:29:00.958+0000][gc,heap       ] GC(341) Humongous regions: 174->162
[2025-11-03T03:29:00.959+0000][gc,metaspace  ] GC(341) Metaspace: 53825K(57008K)->53825K(57008K) NonClass: 47900K(49584K)->47900K(49584K) Class: 5925K(7424K)->5925K(7424K)
[2025-11-03T03:29:00.959+0000][gc            ] GC(341) Pause Young (Prepare Mixed) (G1 Evacuation Pause) 457M->394M(693M) 43.432ms
[2025-11-03T03:29:00.960+0000][gc,cpu        ] GC(341) User=0.04s Sys=0.00s Real=0.04s
[2025-11-03T03:29:01.007+0000][gc,start      ] GC(342) Pause Young (Mixed) (G1 Evacuation Pause)
[2025-11-03T03:29:01.007+0000][gc,task       ] GC(342) Using 2 workers of 2 for evacuation
[2025-11-03T03:29:01.012+0000][gc,phases     ] GC(342)   Pre Evacuate Collection Set: 0.0ms
[2025-11-03T03:29:01.013+0000][gc,phases     ] GC(342)   Evacuate Collection Set: 4.4ms
[2025-11-03T03:29:01.013+0000][gc,phases     ] GC(342)   Post Evacuate Collection Set: 0.9ms
[2025-11-03T03:29:01.014+0000][gc,phases     ] GC(342)   Other: 0.5ms
[2025-11-03T03:29:01.014+0000][gc,heap       ] GC(342) Eden regions: 31->0(31)
[2025-11-03T03:29:01.014+0000][gc,heap       ] GC(342) Survivor regions: 3->3(5)
[2025-11-03T03:29:01.014+0000][gc,heap       ] GC(342) Old regions: 231->190
[2025-11-03T03:29:01.015+0000][gc,heap       ] GC(342) Humongous regions: 180->162
[2025-11-03T03:29:01.015+0000][gc,metaspace  ] GC(342) Metaspace: 53828K(57008K)->53828K(57008K) NonClass: 47903K(49584K)->47903K(49584K) Class: 5925K(7424K)->5925K(7424K)
[2025-11-03T03:29:01.016+0000][gc            ] GC(342) Pause Young (Mixed) (G1 Evacuation Pause) 443M->353M(693M) 9.001ms
[2025-11-03T03:29:01.016+0000][gc,cpu        ] GC(342) User=0.03s Sys=0.00s Real=0.01s
[2025-11-03T03:29:01.055+0000][gc,start      ] GC(343) Pause Young (Mixed) (G1 Evacuation Pause)
[2025-11-03T03:29:01.055+0000][gc,task       ] GC(343) Using 2 workers of 2 for evacuation
[2025-11-03T03:29:01.065+0000][gc,phases     ] GC(343)   Pre Evacuate Collection Set: 0.1ms
[2025-11-03T03:29:01.066+0000][gc,phases     ] GC(343)   Evacuate Collection Set: 7.8ms
[2025-11-03T03:29:01.066+0000][gc,phases     ] GC(343)   Post Evacuate Collection Set: 1.6ms
[2025-11-03T03:29:01.067+0000][gc,phases     ] GC(343)   Other: 1.1ms
[2025-11-03T03:29:01.067+0000][gc,heap       ] GC(343) Eden regions: 31->0(31)
[2025-11-03T03:29:01.067+0000][gc,heap       ] GC(343) Survivor regions: 3->3(5)
[2025-11-03T03:29:01.068+0000][gc,heap       ] GC(343) Old regions: 190->120
[2025-11-03T03:29:01.068+0000][gc,heap       ] GC(343) Humongous regions: 168->162
[2025-11-03T03:29:01.068+0000][gc,metaspace  ] GC(343) Metaspace: 53828K(57008K)->53828K(57008K) NonClass: 47903K(49584K)->47903K(49584K) Class: 5925K(7424K)->5925K(7424K)
[2025-11-03T03:29:01.069+0000][gc            ] GC(343) Pause Young (Mixed) (G1 Evacuation Pause) 390M->283M(693M) 13.573ms
[2025-11-03T03:29:01.069+0000][gc,cpu        ] GC(343) User=0.03s Sys=0.00s Real=0.01s
[2025-11-03T03:29:01.100+0000][gc,start      ] GC(344) Pause Young (Mixed) (G1 Evacuation Pause)
[2025-11-03T03:29:01.101+0000][gc,task       ] GC(344) Using 2 workers of 2 for evacuation
[2025-11-03T03:29:01.109+0000][gc,phases     ] GC(344)   Pre Evacuate Collection Set: 0.1ms
[2025-11-03T03:29:01.109+0000][gc,phases     ] GC(344)   Evacuate Collection Set: 6.9ms
[2025-11-03T03:29:01.110+0000][gc,phases     ] GC(344)   Post Evacuate Collection Set: 1.1ms
[2025-11-03T03:29:01.110+0000][gc,phases     ] GC(344)   Other: 0.8ms
[2025-11-03T03:29:01.110+0000][gc,heap       ] GC(344) Eden regions: 31->0(54)
[2025-11-03T03:29:01.110+0000][gc,heap       ] GC(344) Survivor regions: 3->3(5)
[2025-11-03T03:29:01.110+0000][gc,heap       ] GC(344) Old regions: 120->56
[2025-11-03T03:29:01.110+0000][gc,heap       ] GC(344) Humongous regions: 168->162
[2025-11-03T03:29:01.111+0000][gc,metaspace  ] GC(344) Metaspace: 53828K(57008K)->53828K(57008K) NonClass: 47903K(49584K)->47903K(49584K) Class: 5925K(7424K)->5925K(7424K)
[2025-11-03T03:29:01.111+0000][gc            ] GC(344) Pause Young (Mixed) (G1 Evacuation Pause) 320M->220M(693M) 10.407ms
[2025-11-03T03:29:01.111+0000][gc,cpu        ] GC(344) User=0.03s Sys=0.00s Real=0.01s
[2025-11-03T03:29:01.153+0000][gc,start      ] GC(345) Pause Young (Concurrent Start) (G1 Evacuation Pause)
[2025-11-03T03:29:01.153+0000][gc,task       ] GC(345) Using 2 workers of 2 for evacuation
[2025-11-03T03:29:01.158+0000][gc,phases     ] GC(345)   Pre Evacuate Collection Set: 0.2ms
[2025-11-03T03:29:01.158+0000][gc,phases     ] GC(345)   Evacuate Collection Set: 3.8ms
[2025-11-03T03:29:01.159+0000][gc,phases     ] GC(345)   Post Evacuate Collection Set: 0.6ms
[2025-11-03T03:29:01.159+0000][gc,phases     ] GC(345)   Other: 0.6ms
[2025-11-03T03:29:01.159+0000][gc,heap       ] GC(345) Eden regions: 54->0(62)
[2025-11-03T03:29:01.159+0000][gc,heap       ] GC(345) Survivor regions: 3->3(8)
[2025-11-03T03:29:01.159+0000][gc,heap       ] GC(345) Old regions: 56->56
[2025-11-03T03:29:01.159+0000][gc,heap       ] GC(345) Humongous regions: 162->162
[2025-11-03T03:29:01.159+0000][gc,metaspace  ] GC(345) Metaspace: 53828K(57008K)->53828K(57008K) NonClass: 47903K(49584K)->47903K(49584K) Class: 5925K(7424K)->5925K(7424K)
[2025-11-03T03:29:01.159+0000][gc            ] GC(345) Pause Young (Concurrent Start) (G1 Evacuation Pause) 274M->220M(693M) 6.431ms
[2025-11-03T03:29:01.160+0000][gc,cpu        ] GC(345) User=0.01s Sys=0.00s Real=0.00s
[2025-11-03T03:29:01.160+0000][gc            ] GC(346) Concurrent Cycle
[2025-11-03T03:29:01.164+0000][gc,marking    ] GC(346) Concurrent Clear Claimed Marks
[2025-11-03T03:29:01.164+0000][gc,marking    ] GC(346) Concurrent Clear Claimed Marks 0.336ms
[2025-11-03T03:29:01.164+0000][gc,marking    ] GC(346) Concurrent Scan Root Regions
[2025-11-03T03:29:01.166+0000][gc,marking    ] GC(346) Concurrent Scan Root Regions 2.161ms
[2025-11-03T03:29:01.166+0000][gc,marking    ] GC(346) Concurrent Mark (23706.142s)
[2025-11-03T03:29:01.167+0000][gc,marking    ] GC(346) Concurrent Mark From Roots
[2025-11-03T03:29:01.167+0000][gc,task       ] GC(346) Using 1 workers of 1 for marking
[2025-11-03T03:29:01.201+0000][gc,marking    ] GC(346) Concurrent Mark From Roots 34.001ms
[2025-11-03T03:29:01.201+0000][gc,marking    ] GC(346) Concurrent Preclean
[2025-11-03T03:29:01.201+0000][gc,marking    ] GC(346) Concurrent Preclean 0.276ms
[2025-11-03T03:29:01.201+0000][gc,marking    ] GC(346) Concurrent Mark (23706.142s, 23706.177s) 34.745ms
[2025-11-03T03:29:01.202+0000][gc,start      ] GC(346) Pause Remark
[2025-11-03T03:29:01.215+0000][gc,stringtable] GC(346) Cleaned string and symbol table, strings: 17076 processed, 0 removed, symbols: 123854 processed, 0 removed
[2025-11-03T03:29:01.215+0000][gc            ] GC(346) Pause Remark 285M->285M(693M) 13.411ms
[2025-11-03T03:29:01.215+0000][gc,cpu        ] GC(346) User=0.04s Sys=0.00s Real=0.01s
[2025-11-03T03:29:01.216+0000][gc,marking    ] GC(346) Concurrent Rebuild Remembered Sets
[2025-11-03T03:29:01.254+0000][gc,start      ] GC(347) Pause Young (Normal) (G1 Evacuation Pause)
[2025-11-03T03:29:01.254+0000][gc,task       ] GC(347) Using 2 workers of 2 for evacuation
[2025-11-03T03:29:01.259+0000][gc,phases     ] GC(347)   Pre Evacuate Collection Set: 0.0ms
[2025-11-03T03:29:01.259+0000][gc,phases     ] GC(347)   Evacuate Collection Set: 4.3ms
[2025-11-03T03:29:01.259+0000][gc,phases     ] GC(347)   Post Evacuate Collection Set: 0.6ms
[2025-11-03T03:29:01.260+0000][gc,phases     ] GC(347)   Other: 0.5ms
[2025-11-03T03:29:01.260+0000][gc,heap       ] GC(347) Eden regions: 62->0(70)
[2025-11-03T03:29:01.260+0000][gc,heap       ] GC(347) Survivor regions: 3->3(9)
[2025-11-03T03:29:01.260+0000][gc,heap       ] GC(347) Old regions: 56->56
[2025-11-03T03:29:01.260+0000][gc,heap       ] GC(347) Humongous regions: 180->162
[2025-11-03T03:29:01.260+0000][gc,metaspace  ] GC(347) Metaspace: 53825K(57008K)->53825K(57008K) NonClass: 47901K(49584K)->47901K(49584K) Class: 5924K(7424K)->5924K(7424K)
[2025-11-03T03:29:01.260+0000][gc            ] GC(347) Pause Young (Normal) (G1 Evacuation Pause) 300M->220M(693M) 6.673ms
[2025-11-03T03:29:01.261+0000][gc,cpu        ] GC(347) User=0.02s Sys=0.00s Real=0.00s
[2025-11-03T03:29:01.270+0000][gc,marking    ] GC(346) Concurrent Rebuild Remembered Sets 54.556ms
[2025-11-03T03:29:01.272+0000][gc,start      ] GC(346) Pause Cleanup
[2025-11-03T03:29:01.273+0000][gc            ] GC(346) Pause Cleanup 242M->242M(693M) 0.539ms
[2025-11-03T03:29:01.273+0000][gc,cpu        ] GC(346) User=0.00s Sys=0.00s Real=0.00s
[2025-11-03T03:29:01.273+0000][gc,marking    ] GC(346) Concurrent Cleanup for Next Mark
[2025-11-03T03:29:01.274+0000][gc,marking    ] GC(346) Concurrent Cleanup for Next Mark 1.112ms
[2025-11-03T03:29:01.277+0000][gc            ] GC(346) Concurrent Cycle 116.693ms
[2025-11-03T03:29:01.280+0000][gc,start      ] GC(348) Pause Young (Concurrent Start) (G1 Humongous Allocation)
[2025-11-03T03:29:01.280+0000][gc,task       ] GC(348) Using 2 workers of 2 for evacuation
[2025-11-03T03:29:01.286+0000][gc,phases     ] GC(348)   Pre Evacuate Collection Set: 0.2ms
[2025-11-03T03:29:01.286+0000][gc,phases     ] GC(348)   Evacuate Collection Set: 4.3ms
[2025-11-03T03:29:01.286+0000][gc,phases     ] GC(348)   Post Evacuate Collection Set: 0.7ms
[2025-11-03T03:29:01.287+0000][gc,phases     ] GC(348)   Other: 0.6ms
[2025-11-03T03:29:01.287+0000][gc,heap       ] GC(348) Eden regions: 31->0(67)
[2025-11-03T03:29:01.287+0000][gc,heap       ] GC(348) Survivor regions: 3->3(10)
[2025-11-03T03:29:01.287+0000][gc,heap       ] GC(348) Old regions: 56->56
[2025-11-03T03:29:01.287+0000][gc,heap       ] GC(348) Humongous regions: 162->156
[2025-11-03T03:29:01.287+0000][gc,metaspace  ] GC(348) Metaspace: 53825K(57008K)->53825K(57008K) NonClass: 47901K(49584K)->47901K(49584K) Class: 5924K(7424K)->5924K(7424K)
[2025-11-03T03:29:01.287+0000][gc            ] GC(348) Pause Young (Concurrent Start) (G1 Humongous Allocation) 250M->214M(693M) 7.065ms
[2025-11-03T03:29:01.287+0000][gc,cpu        ] GC(348) User=0.01s Sys=0.00s Real=0.01s
[2025-11-03T03:29:01.288+0000][gc            ] GC(349) Concurrent Cycle
[2025-11-03T03:29:01.288+0000][gc,marking    ] GC(349) Concurrent Clear Claimed Marks
[2025-11-03T03:29:01.289+0000][gc,marking    ] GC(349) Concurrent Clear Claimed Marks 0.459ms
[2025-11-03T03:29:01.289+0000][gc,marking    ] GC(349) Concurrent Scan Root Regions
[2025-11-03T03:29:01.291+0000][gc,marking    ] GC(349) Concurrent Scan Root Regions 2.237ms
[2025-11-03T03:29:01.291+0000][gc,marking    ] GC(349) Concurrent Mark (23706.267s)
[2025-11-03T03:29:01.291+0000][gc,marking    ] GC(349) Concurrent Mark From Roots
[2025-11-03T03:29:01.292+0000][gc,task       ] GC(349) Using 1 workers of 1 for marking
[2025-11-03T03:29:01.357+0000][gc,marking    ] GC(349) Concurrent Mark From Roots 65.908ms
[2025-11-03T03:29:01.358+0000][gc,marking    ] GC(349) Concurrent Preclean
[2025-11-03T03:29:01.358+0000][gc,marking    ] GC(349) Concurrent Preclean 0.515ms
[2025-11-03T03:29:01.358+0000][gc,marking    ] GC(349) Concurrent Mark (23706.267s, 23706.334s) 67.064ms
[2025-11-03T03:29:01.359+0000][gc,start      ] GC(349) Pause Remark
[2025-11-03T03:29:01.369+0000][gc,stringtable] GC(349) Cleaned string and symbol table, strings: 17079 processed, 0 removed, symbols: 123854 processed, 1 removed
[2025-11-03T03:29:01.369+0000][gc            ] GC(349) Pause Remark 281M->281M(693M) 10.153ms
[2025-11-03T03:29:01.369+0000][gc,cpu        ] GC(349) User=0.03s Sys=0.00s Real=0.01s
[2025-11-03T03:29:01.370+0000][gc,marking    ] GC(349) Concurrent Rebuild Remembered Sets
[2025-11-03T03:29:01.379+0000][gc,start      ] GC(350) Pause Young (Normal) (G1 Evacuation Pause)
[2025-11-03T03:29:01.380+0000][gc,task       ] GC(350) Using 2 workers of 2 for evacuation
[2025-11-03T03:29:01.384+0000][gc,phases     ] GC(350)   Pre Evacuate Collection Set: 0.0ms
[2025-11-03T03:29:01.384+0000][gc,phases     ] GC(350)   Evacuate Collection Set: 3.8ms
[2025-11-03T03:29:01.385+0000][gc,phases     ] GC(350)   Post Evacuate Collection Set: 0.6ms
[2025-11-03T03:29:01.385+0000][gc,phases     ] GC(350)   Other: 0.5ms
[2025-11-03T03:29:01.385+0000][gc,heap       ] GC(350) Eden regions: 67->0(76)
[2025-11-03T03:29:01.385+0000][gc,heap       ] GC(350) Survivor regions: 3->3(9)
[2025-11-03T03:29:01.385+0000][gc,heap       ] GC(350) Old regions: 56->56
[2025-11-03T03:29:01.385+0000][gc,heap       ] GC(350) Humongous regions: 174->162
[2025-11-03T03:29:01.385+0000][gc,metaspace  ] GC(350) Metaspace: 53825K(57008K)->53825K(57008K) NonClass: 47901K(49584K)->47901K(49584K) Class: 5924K(7424K)->5924K(7424K)
[2025-11-03T03:29:01.386+0000][gc            ] GC(350) Pause Young (Normal) (G1 Evacuation Pause) 299M->220M(693M) 6.195ms
[2025-11-03T03:29:01.386+0000][gc,cpu        ] GC(350) User=0.01s Sys=0.00s Real=0.01s
[2025-11-03T03:29:01.395+0000][gc,marking    ] GC(349) Concurrent Rebuild Remembered Sets 24.890ms
[2025-11-03T03:29:01.395+0000][gc,start      ] GC(349) Pause Cleanup
[2025-11-03T03:29:01.396+0000][gc            ] GC(349) Pause Cleanup 242M->242M(693M) 0.477ms
[2025-11-03T03:29:01.396+0000][gc,cpu        ] GC(349) User=0.00s Sys=0.00s Real=0.00s
[2025-11-03T03:29:01.396+0000][gc,marking    ] GC(349) Concurrent Cleanup for Next Mark
[2025-11-03T03:29:01.397+0000][gc,marking    ] GC(349) Concurrent Cleanup for Next Mark 0.892ms
[2025-11-03T03:29:01.397+0000][gc            ] GC(349) Concurrent Cycle 109.645ms
[2025-11-03T03:29:01.399+0000][gc,start      ] GC(351) Pause Young (Concurrent Start) (G1 Humongous Allocation)
[2025-11-03T03:29:01.399+0000][gc,task       ] GC(351) Using 2 workers of 2 for evacuation
[2025-11-03T03:29:01.404+0000][gc,phases     ] GC(351)   Pre Evacuate Collection Set: 0.2ms
[2025-11-03T03:29:01.404+0000][gc,phases     ] GC(351)   Evacuate Collection Set: 4.1ms
[2025-11-03T03:29:01.404+0000][gc,phases     ] GC(351)   Post Evacuate Collection Set: 0.5ms
[2025-11-03T03:29:01.404+0000][gc,phases     ] GC(351)   Other: 0.4ms
[2025-11-03T03:29:01.404+0000][gc,heap       ] GC(351) Eden regions: 17->0(59)
[2025-11-03T03:29:01.404+0000][gc,heap       ] GC(351) Survivor regions: 3->3(10)
[2025-11-03T03:29:01.405+0000][gc,heap       ] GC(351) Old regions: 56->56
[2025-11-03T03:29:01.405+0000][gc,heap       ] GC(351) Humongous regions: 168->156
[2025-11-03T03:29:01.405+0000][gc,metaspace  ] GC(351) Metaspace: 53825K(57008K)->53825K(57008K) NonClass: 47901K(49584K)->47901K(49584K) Class: 5924K(7424K)->5924K(7424K)
[2025-11-03T03:29:01.405+0000][gc            ] GC(351) Pause Young (Concurrent Start) (G1 Humongous Allocation) 242M->214M(693M) 6.055ms
[2025-11-03T03:29:01.405+0000][gc,cpu        ] GC(351) User=0.01s Sys=0.00s Real=0.01s
[2025-11-03T03:29:01.405+0000][gc            ] GC(352) Concurrent Cycle
[2025-11-03T03:29:01.405+0000][gc,marking    ] GC(352) Concurrent Clear Claimed Marks
[2025-11-03T03:29:01.406+0000][gc,marking    ] GC(352) Concurrent Clear Claimed Marks 0.421ms
[2025-11-03T03:29:01.406+0000][gc,marking    ] GC(352) Concurrent Scan Root Regions
[2025-11-03T03:29:01.408+0000][gc,marking    ] GC(352) Concurrent Scan Root Regions 2.263ms
[2025-11-03T03:29:01.408+0000][gc,marking    ] GC(352) Concurrent Mark (23706.384s)
[2025-11-03T03:29:01.409+0000][gc,marking    ] GC(352) Concurrent Mark From Roots
[2025-11-03T03:29:01.409+0000][gc,task       ] GC(352) Using 1 workers of 1 for marking
[2025-11-03T03:29:01.471+0000][gc,marking    ] GC(352) Concurrent Mark From Roots 62.534ms
[2025-11-03T03:29:01.471+0000][gc,marking    ] GC(352) Concurrent Preclean
[2025-11-03T03:29:01.472+0000][gc,marking    ] GC(352) Concurrent Preclean 0.278ms
[2025-11-03T03:29:01.472+0000][gc,marking    ] GC(352) Concurrent Mark (23706.384s, 23706.448s) 63.466ms
[2025-11-03T03:29:01.472+0000][gc,start      ] GC(352) Pause Remark
[2025-11-03T03:29:01.480+0000][gc,stringtable] GC(352) Cleaned string and symbol table, strings: 17079 processed, 0 removed, symbols: 123853 processed, 0 removed
[2025-11-03T03:29:01.481+0000][gc            ] GC(352) Pause Remark 274M->274M(693M) 8.598ms
[2025-11-03T03:29:01.481+0000][gc,cpu        ] GC(352) User=0.02s Sys=0.00s Real=0.00s
[2025-11-03T03:29:01.481+0000][gc,marking    ] GC(352) Concurrent Rebuild Remembered Sets
[2025-11-03T03:29:01.490+0000][gc,start      ] GC(353) Pause Young (Normal) (G1 Evacuation Pause)
[2025-11-03T03:29:01.490+0000][gc,task       ] GC(353) Using 2 workers of 2 for evacuation
[2025-11-03T03:29:01.495+0000][gc,phases     ] GC(353)   Pre Evacuate Collection Set: 0.0ms
[2025-11-03T03:29:01.495+0000][gc,phases     ] GC(353)   Evacuate Collection Set: 4.1ms
[2025-11-03T03:29:01.495+0000][gc,phases     ] GC(353)   Post Evacuate Collection Set: 0.6ms
[2025-11-03T03:29:01.495+0000][gc,phases     ] GC(353)   Other: 0.4ms
[2025-11-03T03:29:01.495+0000][gc,heap       ] GC(353) Eden regions: 59->0(67)
[2025-11-03T03:29:01.495+0000][gc,heap       ] GC(353) Survivor regions: 3->3(8)
[2025-11-03T03:29:01.496+0000][gc,heap       ] GC(353) Old regions: 56->56
[2025-11-03T03:29:01.496+0000][gc,heap       ] GC(353) Humongous regions: 174->162
[2025-11-03T03:29:01.496+0000][gc,metaspace  ] GC(353) Metaspace: 53825K(57008K)->53825K(57008K) NonClass: 47901K(49584K)->47901K(49584K) Class: 5924K(7424K)->5924K(7424K)
[2025-11-03T03:29:01.496+0000][gc            ] GC(353) Pause Young (Normal) (G1 Evacuation Pause) 291M->220M(693M) 6.544ms
[2025-11-03T03:29:01.496+0000][gc,cpu        ] GC(353) User=0.01s Sys=0.00s Real=0.01s
[2025-11-03T03:29:01.506+0000][gc,marking    ] GC(352) Concurrent Rebuild Remembered Sets 25.212ms
[2025-11-03T03:29:01.507+0000][gc,start      ] GC(352) Pause Cleanup
[2025-11-03T03:29:01.507+0000][gc            ] GC(352) Pause Cleanup 241M->241M(693M) 0.738ms
[2025-11-03T03:29:01.508+0000][gc,cpu        ] GC(352) User=0.00s Sys=0.00s Real=0.00s
[2025-11-03T03:29:01.508+0000][gc,marking    ] GC(352) Concurrent Cleanup for Next Mark
[2025-11-03T03:29:01.509+0000][gc,marking    ] GC(352) Concurrent Cleanup for Next Mark 0.731ms
[2025-11-03T03:29:01.509+0000][gc            ] GC(352) Concurrent Cycle 103.528ms
[2025-11-03T03:29:01.521+0000][gc,start      ] GC(354) Pause Young (Concurrent Start) (G1 Humongous Allocation)
[2025-11-03T03:29:01.522+0000][gc,task       ] GC(354) Using 2 workers of 2 for evacuation
[2025-11-03T03:29:01.526+0000][gc,phases     ] GC(354)   Pre Evacuate Collection Set: 0.2ms
[2025-11-03T03:29:01.527+0000][gc,phases     ] GC(354)   Evacuate Collection Set: 3.9ms
[2025-11-03T03:29:01.527+0000][gc,phases     ] GC(354)   Post Evacuate Collection Set: 0.5ms
[2025-11-03T03:29:01.527+0000][gc,phases     ] GC(354)   Other: 0.4ms
[2025-11-03T03:29:01.527+0000][gc,heap       ] GC(354) Eden regions: 40->0(63)
[2025-11-03T03:29:01.527+0000][gc,heap       ] GC(354) Survivor regions: 3->3(9)
[2025-11-03T03:29:01.527+0000][gc,heap       ] GC(354) Old regions: 56->56
[2025-11-03T03:29:01.527+0000][gc,heap       ] GC(354) Humongous regions: 168->156
[2025-11-03T03:29:01.527+0000][gc,metaspace  ] GC(354) Metaspace: 53825K(57008K)->53825K(57008K) NonClass: 47901K(49584K)->47901K(49584K) Class: 5924K(7424K)->5924K(7424K)
[2025-11-03T03:29:01.528+0000][gc            ] GC(354) Pause Young (Concurrent Start) (G1 Humongous Allocation) 265M->214M(693M) 6.125ms
[2025-11-03T03:29:01.528+0000][gc,cpu        ] GC(354) User=0.01s Sys=0.00s Real=0.00s
[2025-11-03T03:29:01.528+0000][gc            ] GC(355) Concurrent Cycle
[2025-11-03T03:29:01.528+0000][gc,marking    ] GC(355) Concurrent Clear Claimed Marks
[2025-11-03T03:29:01.528+0000][gc,marking    ] GC(355) Concurrent Clear Claimed Marks 0.200ms
[2025-11-03T03:29:01.528+0000][gc,marking    ] GC(355) Concurrent Scan Root Regions
[2025-11-03T03:29:01.531+0000][gc,marking    ] GC(355) Concurrent Scan Root Regions 2.440ms
[2025-11-03T03:29:01.531+0000][gc,marking    ] GC(355) Concurrent Mark (23706.507s)
[2025-11-03T03:29:01.531+0000][gc,marking    ] GC(355) Concurrent Mark From Roots
[2025-11-03T03:29:01.531+0000][gc,task       ] GC(355) Using 1 workers of 1 for marking
[2025-11-03T03:29:01.560+0000][gc,marking    ] GC(355) Concurrent Mark From Roots 28.982ms
[2025-11-03T03:29:01.560+0000][gc,marking    ] GC(355) Concurrent Preclean
[2025-11-03T03:29:01.561+0000][gc,marking    ] GC(355) Concurrent Preclean 0.459ms
[2025-11-03T03:29:01.561+0000][gc,marking    ] GC(355) Concurrent Mark (23706.507s, 23706.537s) 30.011ms
[2025-11-03T03:29:01.562+0000][gc,start      ] GC(355) Pause Remark
[2025-11-03T03:29:01.570+0000][gc,stringtable] GC(355) Cleaned string and symbol table, strings: 17079 processed, 0 removed, symbols: 123853 processed, 0 removed
[2025-11-03T03:29:01.570+0000][gc            ] GC(355) Pause Remark 273M->273M(693M) 8.123ms
[2025-11-03T03:29:01.570+0000][gc,cpu        ] GC(355) User=0.02s Sys=0.00s Real=0.00s
[2025-11-03T03:29:01.570+0000][gc,marking    ] GC(355) Concurrent Rebuild Remembered Sets
[2025-11-03T03:29:01.582+0000][gc,start      ] GC(356) Pause Young (Normal) (G1 Evacuation Pause)
[2025-11-03T03:29:01.582+0000][gc,task       ] GC(356) Using 2 workers of 2 for evacuation
[2025-11-03T03:29:01.587+0000][gc,phases     ] GC(356)   Pre Evacuate Collection Set: 0.0ms
[2025-11-03T03:29:01.587+0000][gc,phases     ] GC(356)   Evacuate Collection Set: 4.2ms
[2025-11-03T03:29:01.587+0000][gc,phases     ] GC(356)   Post Evacuate Collection Set: 0.5ms
[2025-11-03T03:29:01.587+0000][gc,phases     ] GC(356)   Other: 0.6ms
[2025-11-03T03:29:01.587+0000][gc,heap       ] GC(356) Eden regions: 63->0(73)
[2025-11-03T03:29:01.588+0000][gc,heap       ] GC(356) Survivor regions: 3->1(9)
[2025-11-03T03:29:01.588+0000][gc,heap       ] GC(356) Old regions: 56->58
[2025-11-03T03:29:01.588+0000][gc,heap       ] GC(356) Humongous regions: 168->162
[2025-11-03T03:29:01.588+0000][gc,metaspace  ] GC(356) Metaspace: 53825K(57008K)->53825K(57008K) NonClass: 47901K(49584K)->47901K(49584K) Class: 5924K(7424K)->5924K(7424K)
[2025-11-03T03:29:01.588+0000][gc            ] GC(356) Pause Young (Normal) (G1 Evacuation Pause) 289M->220M(693M) 6.632ms
[2025-11-03T03:29:01.588+0000][gc,cpu        ] GC(356) User=0.01s Sys=0.00s Real=0.00s
[2025-11-03T03:29:01.596+0000][gc,marking    ] GC(355) Concurrent Rebuild Remembered Sets 25.198ms
[2025-11-03T03:29:01.596+0000][gc,start      ] GC(355) Pause Cleanup
[2025-11-03T03:29:01.596+0000][gc            ] GC(355) Pause Cleanup 235M->235M(693M) 0.338ms
[2025-11-03T03:29:01.597+0000][gc,cpu        ] GC(355) User=0.00s Sys=0.00s Real=0.00s
[2025-11-03T03:29:01.597+0000][gc,marking    ] GC(355) Concurrent Cleanup for Next Mark
[2025-11-03T03:29:01.598+0000][gc,marking    ] GC(355) Concurrent Cleanup for Next Mark 0.902ms
[2025-11-03T03:29:01.598+0000][gc            ] GC(355) Concurrent Cycle 70.162ms
[2025-11-03T03:29:01.600+0000][gc,start      ] GC(357) Pause Young (Concurrent Start) (G1 Humongous Allocation)
[2025-11-03T03:29:01.600+0000][gc,task       ] GC(357) Using 2 workers of 2 for evacuation
[2025-11-03T03:29:01.603+0000][gc,phases     ] GC(357)   Pre Evacuate Collection Set: 0.2ms
[2025-11-03T03:29:01.603+0000][gc,phases     ] GC(357)   Evacuate Collection Set: 2.3ms
[2025-11-03T03:29:01.603+0000][gc,phases     ] GC(357)   Post Evacuate Collection Set: 0.5ms
[2025-11-03T03:29:01.603+0000][gc,phases     ] GC(357)   Other: 0.3ms
[2025-11-03T03:29:01.603+0000][gc,heap       ] GC(357) Eden regions: 16->0(49)
[2025-11-03T03:29:01.603+0000][gc,heap       ] GC(357) Survivor regions: 1->1(10)
[2025-11-03T03:29:01.604+0000][gc,heap       ] GC(357) Old regions: 58->58
[2025-11-03T03:29:01.604+0000][gc,heap       ] GC(357) Humongous regions: 162->156
[2025-11-03T03:29:01.604+0000][gc,metaspace  ] GC(357) Metaspace: 53825K(57008K)->53825K(57008K) NonClass: 47901K(49584K)->47901K(49584K) Class: 5924K(7424K)->5924K(7424K)
[2025-11-03T03:29:01.604+0000][gc            ] GC(357) Pause Young (Concurrent Start) (G1 Humongous Allocation) 236M->214M(707M) 4.289ms
[2025-11-03T03:29:01.604+0000][gc,cpu        ] GC(357) User=0.00s Sys=0.00s Real=0.01s
[2025-11-03T03:29:01.604+0000][gc            ] GC(358) Concurrent Cycle
[2025-11-03T03:29:01.604+0000][gc,marking    ] GC(358) Concurrent Clear Claimed Marks
[2025-11-03T03:29:01.605+0000][gc,marking    ] GC(358) Concurrent Clear Claimed Marks 0.198ms
[2025-11-03T03:29:01.605+0000][gc,marking    ] GC(358) Concurrent Scan Root Regions
[2025-11-03T03:29:01.606+0000][gc,marking    ] GC(358) Concurrent Scan Root Regions 0.731ms
[2025-11-03T03:29:01.606+0000][gc,marking    ] GC(358) Concurrent Mark (23706.582s)
[2025-11-03T03:29:01.606+0000][gc,marking    ] GC(358) Concurrent Mark From Roots
[2025-11-03T03:29:01.606+0000][gc,task       ] GC(358) Using 1 workers of 1 for marking
[2025-11-03T03:29:01.644+0000][gc,marking    ] GC(358) Concurrent Mark From Roots 38.438ms
[2025-11-03T03:29:01.645+0000][gc,marking    ] GC(358) Concurrent Preclean
[2025-11-03T03:29:01.645+0000][gc,marking    ] GC(358) Concurrent Preclean 0.299ms
[2025-11-03T03:29:01.645+0000][gc,marking    ] GC(358) Concurrent Mark (23706.582s, 23706.621s) 39.243ms
[2025-11-03T03:29:01.645+0000][gc,start      ] GC(358) Pause Remark
[2025-11-03T03:29:01.653+0000][gc,stringtable] GC(358) Cleaned string and symbol table, strings: 17079 processed, 0 removed, symbols: 123853 processed, 0 removed
[2025-11-03T03:29:01.654+0000][gc            ] GC(358) Pause Remark 269M->269M(707M) 8.550ms
[2025-11-03T03:29:01.654+0000][gc,cpu        ] GC(358) User=0.02s Sys=0.00s Real=0.01s
[2025-11-03T03:29:01.654+0000][gc,marking    ] GC(358) Concurrent Rebuild Remembered Sets
[2025-11-03T03:29:01.663+0000][gc,start      ] GC(359) Pause Young (Normal) (G1 Evacuation Pause)
[2025-11-03T03:29:01.663+0000][gc,task       ] GC(359) Using 2 workers of 2 for evacuation
[2025-11-03T03:29:01.665+0000][gc,phases     ] GC(359)   Pre Evacuate Collection Set: 0.0ms
[2025-11-03T03:29:01.665+0000][gc,phases     ] GC(359)   Evacuate Collection Set: 1.5ms
[2025-11-03T03:29:01.666+0000][gc,phases     ] GC(359)   Post Evacuate Collection Set: 0.5ms
[2025-11-03T03:29:01.666+0000][gc,phases     ] GC(359)   Other: 0.4ms
[2025-11-03T03:29:01.666+0000][gc,heap       ] GC(359) Eden regions: 49->0(56)
[2025-11-03T03:29:01.666+0000][gc,heap       ] GC(359) Survivor regions: 1->1(7)
[2025-11-03T03:29:01.666+0000][gc,heap       ] GC(359) Old regions: 58->58
[2025-11-03T03:29:01.666+0000][gc,heap       ] GC(359) Humongous regions: 174->162
[2025-11-03T03:29:01.666+0000][gc,metaspace  ] GC(359) Metaspace: 53825K(57008K)->53825K(57008K) NonClass: 47901K(49584K)->47901K(49584K) Class: 5924K(7424K)->5924K(7424K)
[2025-11-03T03:29:01.666+0000][gc            ] GC(359) Pause Young (Normal) (G1 Evacuation Pause) 281M->220M(707M) 3.429ms
[2025-11-03T03:29:01.667+0000][gc,cpu        ] GC(359) User=0.01s Sys=0.00s Real=0.00s
[2025-11-03T03:29:01.677+0000][gc,marking    ] GC(358) Concurrent Rebuild Remembered Sets 22.499ms
[2025-11-03T03:29:01.677+0000][gc,start      ] GC(358) Pause Cleanup
[2025-11-03T03:29:01.678+0000][gc            ] GC(358) Pause Cleanup 239M->239M(707M) 0.377ms
[2025-11-03T03:29:01.678+0000][gc,cpu        ] GC(358) User=0.00s Sys=0.00s Real=0.00s
[2025-11-03T03:29:01.678+0000][gc,marking    ] GC(358) Concurrent Cleanup for Next Mark
[2025-11-03T03:29:01.679+0000][gc,marking    ] GC(358) Concurrent Cleanup for Next Mark 0.818ms
[2025-11-03T03:29:01.679+0000][gc            ] GC(358) Concurrent Cycle 74.741ms
[2025-11-03T03:29:01.709+0000][gc,start      ] GC(360) Pause Young (Prepare Mixed) (G1 Evacuation Pause)
[2025-11-03T03:29:01.709+0000][gc,task       ] GC(360) Using 2 workers of 2 for evacuation
[2025-11-03T03:29:01.711+0000][gc,phases     ] GC(360)   Pre Evacuate Collection Set: 0.0ms
[2025-11-03T03:29:01.711+0000][gc,phases     ] GC(360)   Evacuate Collection Set: 1.2ms
[2025-11-03T03:29:01.711+0000][gc,phases     ] GC(360)   Post Evacuate Collection Set: 0.4ms
[2025-11-03T03:29:01.712+0000][gc,phases     ] GC(360)   Other: 0.5ms
[2025-11-03T03:29:01.712+0000][gc,heap       ] GC(360) Eden regions: 56->0(34)
[2025-11-03T03:29:01.712+0000][gc,heap       ] GC(360) Survivor regions: 1->1(8)
[2025-11-03T03:29:01.712+0000][gc,heap       ] GC(360) Old regions: 58->58
[2025-11-03T03:29:01.712+0000][gc,heap       ] GC(360) Humongous regions: 180->162
[2025-11-03T03:29:01.712+0000][gc,metaspace  ] GC(360) Metaspace: 53825K(57008K)->53825K(57008K) NonClass: 47901K(49584K)->47901K(49584K) Class: 5924K(7424K)->5924K(7424K)
[2025-11-03T03:29:01.712+0000][gc            ] GC(360) Pause Young (Prepare Mixed) (G1 Evacuation Pause) 294M->220M(707M) 3.023ms
[2025-11-03T03:29:01.712+0000][gc,cpu        ] GC(360) User=0.01s Sys=0.00s Real=0.01s
[2025-11-03T03:29:01.737+0000][gc,start      ] GC(361) Pause Young (Mixed) (G1 Evacuation Pause)
[2025-11-03T03:29:01.737+0000][gc,task       ] GC(361) Using 2 workers of 2 for evacuation
[2025-11-03T03:29:01.739+0000][gc,phases     ] GC(361)   Pre Evacuate Collection Set: 0.0ms
[2025-11-03T03:29:01.739+0000][gc,phases     ] GC(361)   Evacuate Collection Set: 1.7ms
[2025-11-03T03:29:01.740+0000][gc,phases     ] GC(361)   Post Evacuate Collection Set: 0.5ms
[2025-11-03T03:29:01.740+0000][gc,phases     ] GC(361)   Other: 0.4ms
[2025-11-03T03:29:01.740+0000][gc,heap       ] GC(361) Eden regions: 34->0(66)
[2025-11-03T03:29:01.740+0000][gc,heap       ] GC(361) Survivor regions: 1->1(5)
[2025-11-03T03:29:01.740+0000][gc,heap       ] GC(361) Old regions: 58->58
[2025-11-03T03:29:01.740+0000][gc,heap       ] GC(361) Humongous regions: 174->162
[2025-11-03T03:29:01.740+0000][gc,metaspace  ] GC(361) Metaspace: 53825K(57008K)->53825K(57008K) NonClass: 47901K(49584K)->47901K(49584K) Class: 5924K(7424K)->5924K(7424K)
[2025-11-03T03:29:01.740+0000][gc            ] GC(361) Pause Young (Mixed) (G1 Evacuation Pause) 266M->219M(707M) 3.751ms
[2025-11-03T03:29:01.741+0000][gc,cpu        ] GC(361) User=0.01s Sys=0.00s Real=0.00s
[2025-11-03T03:29:01.761+0000][gc,start      ] GC(362) Pause Young (Concurrent Start) (G1 Humongous Allocation)
[2025-11-03T03:29:01.762+0000][gc,task       ] GC(362) Using 2 workers of 2 for evacuation
[2025-11-03T03:29:01.764+0000][gc,phases     ] GC(362)   Pre Evacuate Collection Set: 0.2ms
[2025-11-03T03:29:01.764+0000][gc,phases     ] GC(362)   Evacuate Collection Set: 1.4ms
[2025-11-03T03:29:01.764+0000][gc,phases     ] GC(362)   Post Evacuate Collection Set: 0.5ms
[2025-11-03T03:29:01.764+0000][gc,phases     ] GC(362)   Other: 0.4ms
[2025-11-03T03:29:01.764+0000][gc,heap       ] GC(362) Eden regions: 41->0(60)
[2025-11-03T03:29:01.764+0000][gc,heap       ] GC(362) Survivor regions: 1->1(9)
[2025-11-03T03:29:01.765+0000][gc,heap       ] GC(362) Old regions: 58->58
[2025-11-03T03:29:01.765+0000][gc,heap       ] GC(362) Humongous regions: 162->156
[2025-11-03T03:29:01.765+0000][gc,metaspace  ] GC(362) Metaspace: 53825K(57008K)->53825K(57008K) NonClass: 47901K(49584K)->47901K(49584K) Class: 5924K(7424K)->5924K(7424K)
[2025-11-03T03:29:01.765+0000][gc            ] GC(362) Pause Young (Concurrent Start) (G1 Humongous Allocation) 260M->213M(707M) 3.571ms
[2025-11-03T03:29:01.765+0000][gc,cpu        ] GC(362) User=0.00s Sys=0.00s Real=0.01s
[2025-11-03T03:29:01.765+0000][gc            ] GC(363) Concurrent Cycle
[2025-11-03T03:29:01.765+0000][gc,marking    ] GC(363) Concurrent Clear Claimed Marks
[2025-11-03T03:29:01.766+0000][gc,marking    ] GC(363) Concurrent Clear Claimed Marks 0.194ms
[2025-11-03T03:29:01.766+0000][gc,marking    ] GC(363) Concurrent Scan Root Regions
[2025-11-03T03:29:01.767+0000][gc,marking    ] GC(363) Concurrent Scan Root Regions 1.136ms
[2025-11-03T03:29:01.767+0000][gc,marking    ] GC(363) Concurrent Mark (23706.743s)
[2025-11-03T03:29:01.767+0000][gc,marking    ] GC(363) Concurrent Mark From Roots
[2025-11-03T03:29:01.768+0000][gc,task       ] GC(363) Using 1 workers of 1 for marking
[2025-11-03T03:29:01.800+0000][gc,marking    ] GC(363) Concurrent Mark From Roots 32.606ms
[2025-11-03T03:29:01.800+0000][gc,marking    ] GC(363) Concurrent Preclean
[2025-11-03T03:29:01.801+0000][gc,marking    ] GC(363) Concurrent Preclean 0.385ms
[2025-11-03T03:29:01.801+0000][gc,marking    ] GC(363) Concurrent Mark (23706.743s, 23706.777s) 33.780ms
[2025-11-03T03:29:01.801+0000][gc,start      ] GC(363) Pause Remark
[2025-11-03T03:29:01.809+0000][gc,stringtable] GC(363) Cleaned string and symbol table, strings: 17081 processed, 0 removed, symbols: 123853 processed, 0 removed
[2025-11-03T03:29:01.810+0000][gc            ] GC(363) Pause Remark 277M->277M(707M) 8.540ms
[2025-11-03T03:29:01.810+0000][gc,cpu        ] GC(363) User=0.01s Sys=0.00s Real=0.01s
[2025-11-03T03:29:01.810+0000][gc,marking    ] GC(363) Concurrent Rebuild Remembered Sets
[2025-11-03T03:29:01.818+0000][gc,start      ] GC(364) Pause Young (Normal) (G1 Evacuation Pause)
[2025-11-03T03:29:01.818+0000][gc,task       ] GC(364) Using 2 workers of 2 for evacuation
[2025-11-03T03:29:01.821+0000][gc,phases     ] GC(364)   Pre Evacuate Collection Set: 0.0ms
[2025-11-03T03:29:01.821+0000][gc,phases     ] GC(364)   Evacuate Collection Set: 1.8ms
[2025-11-03T03:29:01.821+0000][gc,phases     ] GC(364)   Post Evacuate Collection Set: 0.5ms
[2025-11-03T03:29:01.821+0000][gc,phases     ] GC(364)   Other: 0.4ms
[2025-11-03T03:29:01.822+0000][gc,heap       ] GC(364) Eden regions: 60->0(64)
[2025-11-03T03:29:01.822+0000][gc,heap       ] GC(364) Survivor regions: 1->1(8)
[2025-11-03T03:29:01.822+0000][gc,heap       ] GC(364) Old regions: 58->58
[2025-11-03T03:29:01.822+0000][gc,heap       ] GC(364) Humongous regions: 174->162
[2025-11-03T03:29:01.822+0000][gc,metaspace  ] GC(364) Metaspace: 53825K(57008K)->53825K(57008K) NonClass: 47901K(49584K)->47901K(49584K) Class: 5924K(7424K)->5924K(7424K)
[2025-11-03T03:29:01.822+0000][gc            ] GC(364) Pause Young (Normal) (G1 Evacuation Pause) 291M->220M(707M) 4.124ms
[2025-11-03T03:29:01.822+0000][gc,cpu        ] GC(364) User=0.00s Sys=0.00s Real=0.01s
[2025-11-03T03:29:01.833+0000][gc,marking    ] GC(363) Concurrent Rebuild Remembered Sets 22.736ms
[2025-11-03T03:29:01.833+0000][gc,start      ] GC(363) Pause Cleanup
[2025-11-03T03:29:01.834+0000][gc            ] GC(363) Pause Cleanup 244M->244M(707M) 0.446ms
[2025-11-03T03:29:01.834+0000][gc,cpu        ] GC(363) User=0.00s Sys=0.00s Real=0.00s
[2025-11-03T03:29:01.834+0000][gc,marking    ] GC(363) Concurrent Cleanup for Next Mark
[2025-11-03T03:29:01.835+0000][gc,marking    ] GC(363) Concurrent Cleanup for Next Mark 1.113ms
[2025-11-03T03:29:01.835+0000][gc            ] GC(363) Concurrent Cycle 70.202ms
[2025-11-03T03:29:01.853+0000][gc,start      ] GC(365) Pause Young (Concurrent Start) (G1 Humongous Allocation)
[2025-11-03T03:29:01.853+0000][gc,task       ] GC(365) Using 2 workers of 2 for evacuation
[2025-11-03T03:29:01.856+0000][gc,phases     ] GC(365)   Pre Evacuate Collection Set: 0.2ms
[2025-11-03T03:29:01.856+0000][gc,phases     ] GC(365)   Evacuate Collection Set: 1.5ms
[2025-11-03T03:29:01.856+0000][gc,phases     ] GC(365)   Post Evacuate Collection Set: 0.5ms
[2025-11-03T03:29:01.856+0000][gc,phases     ] GC(365)   Other: 0.6ms
[2025-11-03T03:29:01.857+0000][gc,heap       ] GC(365) Eden regions: 55->0(66)
[2025-11-03T03:29:01.857+0000][gc,heap       ] GC(365) Survivor regions: 1->1(9)
[2025-11-03T03:29:01.857+0000][gc,heap       ] GC(365) Old regions: 58->58
[2025-11-03T03:29:01.857+0000][gc,heap       ] GC(365) Humongous regions: 168->156
[2025-11-03T03:29:01.857+0000][gc,metaspace  ] GC(365) Metaspace: 53825K(57008K)->53825K(57008K) NonClass: 47901K(49584K)->47901K(49584K) Class: 5924K(7424K)->5924K(7424K)
[2025-11-03T03:29:01.857+0000][gc            ] GC(365) Pause Young (Concurrent Start) (G1 Humongous Allocation) 280M->214M(707M) 4.076ms
[2025-11-03T03:29:01.857+0000][gc,cpu        ] GC(365) User=0.00s Sys=0.00s Real=0.00s
[2025-11-03T03:29:01.858+0000][gc            ] GC(366) Concurrent Cycle
[2025-11-03T03:29:01.858+0000][gc,marking    ] GC(366) Concurrent Clear Claimed Marks
[2025-11-03T03:29:01.858+0000][gc,marking    ] GC(366) Concurrent Clear Claimed Marks 0.201ms
[2025-11-03T03:29:01.858+0000][gc,marking    ] GC(366) Concurrent Scan Root Regions
[2025-11-03T03:29:01.859+0000][gc,marking    ] GC(366) Concurrent Scan Root Regions 0.755ms
[2025-11-03T03:29:01.859+0000][gc,marking    ] GC(366) Concurrent Mark (23706.835s)
[2025-11-03T03:29:01.859+0000][gc,marking    ] GC(366) Concurrent Mark From Roots
[2025-11-03T03:29:01.859+0000][gc,task       ] GC(366) Using 1 workers of 1 for marking
[2025-11-03T03:29:01.891+0000][gc,marking    ] GC(366) Concurrent Mark From Roots 31.856ms
[2025-11-03T03:29:01.891+0000][gc,marking    ] GC(366) Concurrent Preclean
[2025-11-03T03:29:01.892+0000][gc,marking    ] GC(366) Concurrent Preclean 0.317ms
[2025-11-03T03:29:01.892+0000][gc,marking    ] GC(366) Concurrent Mark (23706.835s, 23706.867s) 32.581ms
[2025-11-03T03:29:01.892+0000][gc,start      ] GC(366) Pause Remark
[2025-11-03T03:29:01.900+0000][gc,stringtable] GC(366) Cleaned string and symbol table, strings: 17081 processed, 0 removed, symbols: 123853 processed, 0 removed
[2025-11-03T03:29:01.900+0000][gc            ] GC(366) Pause Remark 270M->270M(707M) 8.053ms
[2025-11-03T03:29:01.900+0000][gc,cpu        ] GC(366) User=0.01s Sys=0.00s Real=0.00s
[2025-11-03T03:29:01.900+0000][gc,marking    ] GC(366) Concurrent Rebuild Remembered Sets
[2025-11-03T03:29:01.913+0000][gc,start      ] GC(367) Pause Young (Normal) (G1 Evacuation Pause)
[2025-11-03T03:29:01.913+0000][gc,task       ] GC(367) Using 2 workers of 2 for evacuation
[2025-11-03T03:29:01.916+0000][gc,phases     ] GC(367)   Pre Evacuate Collection Set: 0.0ms
[2025-11-03T03:29:01.916+0000][gc,phases     ] GC(367)   Evacuate Collection Set: 1.7ms
[2025-11-03T03:29:01.916+0000][gc,phases     ] GC(367)   Post Evacuate Collection Set: 0.5ms
[2025-11-03T03:29:01.916+0000][gc,phases     ] GC(367)   Other: 0.5ms
[2025-11-03T03:29:01.916+0000][gc,heap       ] GC(367) Eden regions: 66->0(70)
[2025-11-03T03:29:01.916+0000][gc,heap       ] GC(367) Survivor regions: 1->1(9)
[2025-11-03T03:29:01.917+0000][gc,heap       ] GC(367) Old regions: 58->58
[2025-11-03T03:29:01.917+0000][gc,heap       ] GC(367) Humongous regions: 174->162
[2025-11-03T03:29:01.917+0000][gc,metaspace  ] GC(367) Metaspace: 53827K(57008K)->53827K(57008K) NonClass: 47902K(49584K)->47902K(49584K) Class: 5924K(7424K)->5924K(7424K)
[2025-11-03T03:29:01.917+0000][gc            ] GC(367) Pause Young (Normal) (G1 Evacuation Pause) 298M->220M(707M) 3.893ms
[2025-11-03T03:29:01.917+0000][gc,cpu        ] GC(367) User=0.00s Sys=0.00s Real=0.00s
[2025-11-03T03:29:01.923+0000][gc,marking    ] GC(366) Concurrent Rebuild Remembered Sets 22.196ms
[2025-11-03T03:29:01.923+0000][gc,start      ] GC(366) Pause Cleanup
[2025-11-03T03:29:01.923+0000][gc            ] GC(366) Pause Cleanup 229M->229M(707M) 0.396ms
[2025-11-03T03:29:01.924+0000][gc,cpu        ] GC(366) User=0.00s Sys=0.00s Real=0.00s
[2025-11-03T03:29:01.924+0000][gc,marking    ] GC(366) Concurrent Cleanup for Next Mark
[2025-11-03T03:29:01.924+0000][gc,marking    ] GC(366) Concurrent Cleanup for Next Mark 0.653ms
[2025-11-03T03:29:01.925+0000][gc            ] GC(366) Concurrent Cycle 66.874ms
[2025-11-03T03:29:01.928+0000][gc,start      ] GC(368) Pause Young (Concurrent Start) (G1 Humongous Allocation)
[2025-11-03T03:29:01.928+0000][gc,task       ] GC(368) Using 2 workers of 2 for evacuation
[2025-11-03T03:29:01.931+0000][gc,phases     ] GC(368)   Pre Evacuate Collection Set: 0.2ms
[2025-11-03T03:29:01.931+0000][gc,phases     ] GC(368)   Evacuate Collection Set: 1.8ms
[2025-11-03T03:29:01.931+0000][gc,phases     ] GC(368)   Post Evacuate Collection Set: 0.4ms
[2025-11-03T03:29:01.931+0000][gc,phases     ] GC(368)   Other: 0.4ms
[2025-11-03T03:29:01.931+0000][gc,heap       ] GC(368) Eden regions: 16->0(47)
[2025-11-03T03:29:01.931+0000][gc,heap       ] GC(368) Survivor regions: 1->1(9)
[2025-11-03T03:29:01.931+0000][gc,heap       ] GC(368) Old regions: 58->58
[2025-11-03T03:29:01.931+0000][gc,heap       ] GC(368) Humongous regions: 162->156
[2025-11-03T03:29:01.931+0000][gc,metaspace  ] GC(368) Metaspace: 53827K(57008K)->53827K(57008K) NonClass: 47902K(49584K)->47902K(49584K) Class: 5924K(7424K)->5924K(7424K)
[2025-11-03T03:29:01.931+0000][gc            ] GC(368) Pause Young (Concurrent Start) (G1 Humongous Allocation) 235M->214M(707M) 3.662ms
[2025-11-03T03:29:01.932+0000][gc,cpu        ] GC(368) User=0.00s Sys=0.00s Real=0.01s
[2025-11-03T03:29:01.932+0000][gc            ] GC(369) Concurrent Cycle
[2025-11-03T03:29:01.932+0000][gc,marking    ] GC(369) Concurrent Clear Claimed Marks
[2025-11-03T03:29:01.932+0000][gc,marking    ] GC(369) Concurrent Clear Claimed Marks 0.170ms
[2025-11-03T03:29:01.932+0000][gc,marking    ] GC(369) Concurrent Scan Root Regions
[2025-11-03T03:29:01.933+0000][gc,marking    ] GC(369) Concurrent Scan Root Regions 1.193ms
[2025-11-03T03:29:01.934+0000][gc,marking    ] GC(369) Concurrent Mark (23706.909s)
[2025-11-03T03:29:01.934+0000][gc,marking    ] GC(369) Concurrent Mark From Roots
[2025-11-03T03:29:01.934+0000][gc,task       ] GC(369) Using 1 workers of 1 for marking
[2025-11-03T03:29:01.969+0000][gc,marking    ] GC(369) Concurrent Mark From Roots 35.282ms
[2025-11-03T03:29:01.969+0000][gc,marking    ] GC(369) Concurrent Preclean
[2025-11-03T03:29:01.970+0000][gc,marking    ] GC(369) Concurrent Preclean 0.336ms
[2025-11-03T03:29:01.970+0000][gc,marking    ] GC(369) Concurrent Mark (23706.909s, 23706.946s) 36.128ms
[2025-11-03T03:29:01.970+0000][gc,start      ] GC(370) Pause Young (Normal) (G1 Evacuation Pause)
[2025-11-03T03:29:01.970+0000][gc,task       ] GC(370) Using 2 workers of 2 for evacuation
[2025-11-03T03:29:01.973+0000][gc,phases     ] GC(370)   Pre Evacuate Collection Set: 0.1ms
[2025-11-03T03:29:01.973+0000][gc,phases     ] GC(370)   Evacuate Collection Set: 1.5ms
[2025-11-03T03:29:01.973+0000][gc,phases     ] GC(370)   Post Evacuate Collection Set: 0.6ms
[2025-11-03T03:29:01.973+0000][gc,phases     ] GC(370)   Other: 0.5ms
[2025-11-03T03:29:01.973+0000][gc,heap       ] GC(370) Eden regions: 47->0(54)
[2025-11-03T03:29:01.973+0000][gc,heap       ] GC(370) Survivor regions: 1->1(6)
[2025-11-03T03:29:01.973+0000][gc,heap       ] GC(370) Old regions: 58->58
[2025-11-03T03:29:01.973+0000][gc,heap       ] GC(370) Humongous regions: 168->162
[2025-11-03T03:29:01.973+0000][gc,metaspace  ] GC(370) Metaspace: 53827K(57008K)->53827K(57008K) NonClass: 47902K(49584K)->47902K(49584K) Class: 5924K(7424K)->5924K(7424K)
[2025-11-03T03:29:01.974+0000][gc            ] GC(370) Pause Young (Normal) (G1 Evacuation Pause) 273M->220M(707M) 3.508ms
[2025-11-03T03:29:01.974+0000][gc,cpu        ] GC(370) User=0.01s Sys=0.00s Real=0.01s
[2025-11-03T03:29:01.974+0000][gc,start      ] GC(369) Pause Remark
[2025-11-03T03:29:01.982+0000][gc,stringtable] GC(369) Cleaned string and symbol table, strings: 17081 processed, 0 removed, symbols: 123853 processed, 0 removed
[2025-11-03T03:29:01.983+0000][gc            ] GC(369) Pause Remark 220M->220M(707M) 8.443ms
[2025-11-03T03:29:01.983+0000][gc,cpu        ] GC(369) User=0.02s Sys=0.00s Real=0.01s
[2025-11-03T03:29:01.983+0000][gc,marking    ] GC(369) Concurrent Rebuild Remembered Sets
[2025-11-03T03:29:02.002+0000][gc,marking    ] GC(369) Concurrent Rebuild Remembered Sets 19.157ms
[2025-11-03T03:29:02.003+0000][gc,start      ] GC(369) Pause Cleanup
[2025-11-03T03:29:02.003+0000][gc            ] GC(369) Pause Cleanup 254M->254M(707M) 0.312ms
[2025-11-03T03:29:02.003+0000][gc,cpu        ] GC(369) User=0.00s Sys=0.00s Real=0.00s
[2025-11-03T03:29:02.003+0000][gc,marking    ] GC(369) Concurrent Cleanup for Next Mark
[2025-11-03T03:29:02.004+0000][gc,marking    ] GC(369) Concurrent Cleanup for Next Mark 0.719ms
[2025-11-03T03:29:02.004+0000][gc            ] GC(369) Concurrent Cycle 72.295ms
[2025-11-03T03:29:02.017+0000][gc,start      ] GC(371) Pause Young (Concurrent Start) (G1 Humongous Allocation)
[2025-11-03T03:29:02.017+0000][gc,task       ] GC(371) Using 2 workers of 2 for evacuation
[2025-11-03T03:29:02.020+0000][gc,phases     ] GC(371)   Pre Evacuate Collection Set: 0.2ms
[2025-11-03T03:29:02.020+0000][gc,phases     ] GC(371)   Evacuate Collection Set: 1.5ms
[2025-11-03T03:29:02.020+0000][gc,phases     ] GC(371)   Post Evacuate Collection Set: 0.4ms
[2025-11-03T03:29:02.020+0000][gc,phases     ] GC(371)   Other: 0.4ms
[2025-11-03T03:29:02.020+0000][gc,heap       ] GC(371) Eden regions: 50->0(57)
[2025-11-03T03:29:02.020+0000][gc,heap       ] GC(371) Survivor regions: 1->1(7)
[2025-11-03T03:29:02.020+0000][gc,heap       ] GC(371) Old regions: 58->58
[2025-11-03T03:29:02.020+0000][gc,heap       ] GC(371) Humongous regions: 174->156
[2025-11-03T03:29:02.020+0000][gc,metaspace  ] GC(371) Metaspace: 53827K(57008K)->53827K(57008K) NonClass: 47902K(49584K)->47902K(49584K) Class: 5924K(7424K)->5924K(7424K)
[2025-11-03T03:29:02.021+0000][gc            ] GC(371) Pause Young (Concurrent Start) (G1 Humongous Allocation) 281M->214M(707M) 3.362ms
[2025-11-03T03:29:02.021+0000][gc,cpu        ] GC(371) User=0.00s Sys=0.00s Real=0.00s
[2025-11-03T03:29:02.021+0000][gc            ] GC(372) Concurrent Cycle
[2025-11-03T03:29:02.021+0000][gc,marking    ] GC(372) Concurrent Clear Claimed Marks
[2025-11-03T03:29:02.021+0000][gc,marking    ] GC(372) Concurrent Clear Claimed Marks 0.257ms
[2025-11-03T03:29:02.021+0000][gc,marking    ] GC(372) Concurrent Scan Root Regions
[2025-11-03T03:29:02.022+0000][gc,marking    ] GC(372) Concurrent Scan Root Regions 0.849ms
[2025-11-03T03:29:02.022+0000][gc,marking    ] GC(372) Concurrent Mark (23706.998s)
[2025-11-03T03:29:02.023+0000][gc,marking    ] GC(372) Concurrent Mark From Roots
[2025-11-03T03:29:02.023+0000][gc,task       ] GC(372) Using 1 workers of 1 for marking
[2025-11-03T03:29:02.058+0000][gc,marking    ] GC(372) Concurrent Mark From Roots 35.558ms
[2025-11-03T03:29:02.059+0000][gc,marking    ] GC(372) Concurrent Preclean
[2025-11-03T03:29:02.059+0000][gc,marking    ] GC(372) Concurrent Preclean 0.556ms
[2025-11-03T03:29:02.059+0000][gc,marking    ] GC(372) Concurrent Mark (23706.998s, 23707.035s) 36.877ms
[2025-11-03T03:29:02.060+0000][gc,start      ] GC(372) Pause Remark
[2025-11-03T03:29:02.068+0000][gc,stringtable] GC(372) Cleaned string and symbol table, strings: 17081 processed, 0 removed, symbols: 123853 processed, 0 removed
[2025-11-03T03:29:02.069+0000][gc            ] GC(372) Pause Remark 280M->280M(707M) 8.774ms
[2025-11-03T03:29:02.069+0000][gc,cpu        ] GC(372) User=0.01s Sys=0.00s Real=0.01s
[2025-11-03T03:29:02.069+0000][gc,marking    ] GC(372) Concurrent Rebuild Remembered Sets
[2025-11-03T03:29:02.073+0000][gc,start      ] GC(373) Pause Young (Normal) (G1 Evacuation Pause)
[2025-11-03T03:29:02.074+0000][gc,task       ] GC(373) Using 2 workers of 2 for evacuation
[2025-11-03T03:29:02.076+0000][gc,phases     ] GC(373)   Pre Evacuate Collection Set: 0.0ms
[2025-11-03T03:29:02.076+0000][gc,phases     ] GC(373)   Evacuate Collection Set: 1.6ms
[2025-11-03T03:29:02.076+0000][gc,phases     ] GC(373)   Post Evacuate Collection Set: 0.5ms
[2025-11-03T03:29:02.076+0000][gc,phases     ] GC(373)   Other: 0.4ms
[2025-11-03T03:29:02.076+0000][gc,heap       ] GC(373) Eden regions: 57->0(61)
[2025-11-03T03:29:02.076+0000][gc,heap       ] GC(373) Survivor regions: 1->1(8)
[2025-11-03T03:29:02.077+0000][gc,heap       ] GC(373) Old regions: 58->58
[2025-11-03T03:29:02.077+0000][gc,heap       ] GC(373) Humongous regions: 168->162
[2025-11-03T03:29:02.077+0000][gc,metaspace  ] GC(373) Metaspace: 53827K(57008K)->53827K(57008K) NonClass: 47902K(49584K)->47902K(49584K) Class: 5924K(7424K)->5924K(7424K)
[2025-11-03T03:29:02.077+0000][gc            ] GC(373) Pause Young (Normal) (G1 Evacuation Pause) 283M->220M(707M) 3.621ms
[2025-11-03T03:29:02.077+0000][gc,cpu        ] GC(373) User=0.01s Sys=0.00s Real=0.00s
[2025-11-03T03:29:02.093+0000][gc,marking    ] GC(372) Concurrent Rebuild Remembered Sets 23.546ms
[2025-11-03T03:29:02.093+0000][gc,start      ] GC(372) Pause Cleanup
[2025-11-03T03:29:02.094+0000][gc            ] GC(372) Pause Cleanup 246M->246M(707M) 0.400ms
[2025-11-03T03:29:02.094+0000][gc,cpu        ] GC(372) User=0.00s Sys=0.00s Real=0.00s
[2025-11-03T03:29:02.094+0000][gc,marking    ] GC(372) Concurrent Cleanup for Next Mark
[2025-11-03T03:29:02.095+0000][gc,marking    ] GC(372) Concurrent Cleanup for Next Mark 0.715ms
[2025-11-03T03:29:02.095+0000][gc            ] GC(372) Concurrent Cycle 74.023ms
[2025-11-03T03:29:02.104+0000][gc,start      ] GC(374) Pause Young (Concurrent Start) (G1 Humongous Allocation)
[2025-11-03T03:29:02.104+0000][gc,task       ] GC(374) Using 2 workers of 2 for evacuation
[2025-11-03T03:29:02.106+0000][gc,phases     ] GC(374)   Pre Evacuate Collection Set: 0.2ms
[2025-11-03T03:29:02.107+0000][gc,phases     ] GC(374)   Evacuate Collection Set: 1.5ms
[2025-11-03T03:29:02.107+0000][gc,phases     ] GC(374)   Post Evacuate Collection Set: 0.3ms
[2025-11-03T03:29:02.107+0000][gc,phases     ] GC(374)   Other: 0.4ms
[2025-11-03T03:29:02.107+0000][gc,heap       ] GC(374) Eden regions: 40->0(58)
[2025-11-03T03:29:02.107+0000][gc,heap       ] GC(374) Survivor regions: 1->1(8)
[2025-11-03T03:29:02.107+0000][gc,heap       ] GC(374) Old regions: 58->58
[2025-11-03T03:29:02.107+0000][gc,heap       ] GC(374) Humongous regions: 168->156
[2025-11-03T03:29:02.107+0000][gc,metaspace  ] GC(374) Metaspace: 53827K(57008K)->53827K(57008K) NonClass: 47902K(49584K)->47902K(49584K) Class: 5924K(7424K)->5924K(7424K)
[2025-11-03T03:29:02.108+0000][gc            ] GC(374) Pause Young (Concurrent Start) (G1 Humongous Allocation) 266M->214M(707M) 3.383ms
[2025-11-03T03:29:02.108+0000][gc,cpu        ] GC(374) User=0.01s Sys=0.00s Real=0.00s
[2025-11-03T03:29:02.108+0000][gc            ] GC(375) Concurrent Cycle
[2025-11-03T03:29:02.108+0000][gc,marking    ] GC(375) Concurrent Clear Claimed Marks
[2025-11-03T03:29:02.108+0000][gc,marking    ] GC(375) Concurrent Clear Claimed Marks 0.255ms
[2025-11-03T03:29:02.108+0000][gc,marking    ] GC(375) Concurrent Scan Root Regions
[2025-11-03T03:29:02.109+0000][gc,marking    ] GC(375) Concurrent Scan Root Regions 0.906ms
[2025-11-03T03:29:02.109+0000][gc,marking    ] GC(375) Concurrent Mark (23707.085s)
[2025-11-03T03:29:02.110+0000][gc,marking    ] GC(375) Concurrent Mark From Roots
[2025-11-03T03:29:02.110+0000][gc,task       ] GC(375) Using 1 workers of 1 for marking
[2025-11-03T03:29:02.144+0000][gc,marking    ] GC(375) Concurrent Mark From Roots 34.194ms
[2025-11-03T03:29:02.144+0000][gc,marking    ] GC(375) Concurrent Preclean
[2025-11-03T03:29:02.144+0000][gc,marking    ] GC(375) Concurrent Preclean 0.268ms
[2025-11-03T03:29:02.145+0000][gc,marking    ] GC(375) Concurrent Mark (23707.085s, 23707.120s) 35.127ms
[2025-11-03T03:29:02.145+0000][gc,start      ] GC(375) Pause Remark
[2025-11-03T03:29:02.153+0000][gc,stringtable] GC(375) Cleaned string and symbol table, strings: 17081 processed, 0 removed, symbols: 123853 processed, 0 removed
[2025-11-03T03:29:02.154+0000][gc            ] GC(375) Pause Remark 276M->276M(707M) 8.599ms
[2025-11-03T03:29:02.154+0000][gc,cpu        ] GC(375) User=0.02s Sys=0.00s Real=0.01s
[2025-11-03T03:29:02.154+0000][gc,marking    ] GC(375) Concurrent Rebuild Remembered Sets
[2025-11-03T03:29:02.159+0000][gc,start      ] GC(376) Pause Young (Normal) (G1 Evacuation Pause)
[2025-11-03T03:29:02.159+0000][gc,task       ] GC(376) Using 2 workers of 2 for evacuation
[2025-11-03T03:29:02.161+0000][gc,phases     ] GC(376)   Pre Evacuate Collection Set: 0.0ms
[2025-11-03T03:29:02.161+0000][gc,phases     ] GC(376)   Evacuate Collection Set: 1.7ms
[2025-11-03T03:29:02.161+0000][gc,phases     ] GC(376)   Post Evacuate Collection Set: 0.4ms
[2025-11-03T03:29:02.161+0000][gc,phases     ] GC(376)   Other: 0.4ms
[2025-11-03T03:29:02.162+0000][gc,heap       ] GC(376) Eden regions: 58->0(62)
[2025-11-03T03:29:02.162+0000][gc,heap       ] GC(376) Survivor regions: 1->1(8)
[2025-11-03T03:29:02.162+0000][gc,heap       ] GC(376) Old regions: 58->58
[2025-11-03T03:29:02.162+0000][gc,heap       ] GC(376) Humongous regions: 168->162
[2025-11-03T03:29:02.162+0000][gc,metaspace  ] GC(376) Metaspace: 53827K(57008K)->53827K(57008K) NonClass: 47902K(49584K)->47902K(49584K) Class: 5924K(7424K)->5924K(7424K)
[2025-11-03T03:29:02.162+0000][gc            ] GC(376) Pause Young (Normal) (G1 Evacuation Pause) 284M->220M(707M) 3.669ms
[2025-11-03T03:29:02.162+0000][gc,cpu        ] GC(376) User=0.00s Sys=0.00s Real=0.01s
[2025-11-03T03:29:02.177+0000][gc,marking    ] GC(375) Concurrent Rebuild Remembered Sets 22.877ms
[2025-11-03T03:29:02.177+0000][gc,start      ] GC(375) Pause Cleanup
[2025-11-03T03:29:02.178+0000][gc            ] GC(375) Pause Cleanup 244M->244M(707M) 0.345ms
[2025-11-03T03:29:02.178+0000][gc,cpu        ] GC(375) User=0.00s Sys=0.00s Real=0.00s
[2025-11-03T03:29:02.178+0000][gc,marking    ] GC(375) Concurrent Cleanup for Next Mark
[2025-11-03T03:29:02.179+0000][gc,marking    ] GC(375) Concurrent Cleanup for Next Mark 0.703ms
[2025-11-03T03:29:02.179+0000][gc            ] GC(375) Concurrent Cycle 71.089ms
[2025-11-03T03:29:02.198+0000][gc,start      ] GC(377) Pause Young (Normal) (G1 Evacuation Pause)
[2025-11-03T03:29:02.198+0000][gc,task       ] GC(377) Using 2 workers of 2 for evacuation
[2025-11-03T03:29:02.200+0000][gc,phases     ] GC(377)   Pre Evacuate Collection Set: 0.0ms
[2025-11-03T03:29:02.200+0000][gc,phases     ] GC(377)   Evacuate Collection Set: 1.3ms
[2025-11-03T03:29:02.200+0000][gc,phases     ] GC(377)   Post Evacuate Collection Set: 0.5ms
[2025-11-03T03:29:02.200+0000][gc,phases     ] GC(377)   Other: 0.3ms
[2025-11-03T03:29:02.200+0000][gc,heap       ] GC(377) Eden regions: 62->0(70)
[2025-11-03T03:29:02.201+0000][gc,heap       ] GC(377) Survivor regions: 1->1(8)
[2025-11-03T03:29:02.201+0000][gc,heap       ] GC(377) Old regions: 58->58
[2025-11-03T03:29:02.201+0000][gc,heap       ] GC(377) Humongous regions: 162->162
[2025-11-03T03:29:02.201+0000][gc,metaspace  ] GC(377) Metaspace: 53831K(57008K)->53831K(57008K) NonClass: 47906K(49584K)->47906K(49584K) Class: 5924K(7424K)->5924K(7424K)
[2025-11-03T03:29:02.201+0000][gc            ] GC(377) Pause Young (Normal) (G1 Evacuation Pause) 282M->220M(707M) 3.339ms
[2025-11-03T03:29:02.201+0000][gc,cpu        ] GC(377) User=0.01s Sys=0.00s Real=0.00s
[2025-11-03T03:29:02.210+0000][gc,start      ] GC(378) Pause Young (Concurrent Start) (G1 Humongous Allocation)
[2025-11-03T03:29:02.210+0000][gc,task       ] GC(378) Using 2 workers of 2 for evacuation
[2025-11-03T03:29:02.212+0000][gc,phases     ] GC(378)   Pre Evacuate Collection Set: 0.2ms
[2025-11-03T03:29:02.212+0000][gc,phases     ] GC(378)   Evacuate Collection Set: 1.3ms
[2025-11-03T03:29:02.213+0000][gc,phases     ] GC(378)   Post Evacuate Collection Set: 0.4ms
[2025-11-03T03:29:02.213+0000][gc,phases     ] GC(378)   Other: 0.3ms
[2025-11-03T03:29:02.213+0000][gc,heap       ] GC(378) Eden regions: 16->0(54)
[2025-11-03T03:29:02.213+0000][gc,heap       ] GC(378) Survivor regions: 1->1(9)
[2025-11-03T03:29:02.213+0000][gc,heap       ] GC(378) Old regions: 58->58
[2025-11-03T03:29:02.213+0000][gc,heap       ] GC(378) Humongous regions: 162->156
[2025-11-03T03:29:02.213+0000][gc,metaspace  ] GC(378) Metaspace: 53831K(57008K)->53831K(57008K) NonClass: 47906K(49584K)->47906K(49584K) Class: 5924K(7424K)->5924K(7424K)
[2025-11-03T03:29:02.213+0000][gc            ] GC(378) Pause Young (Concurrent Start) (G1 Humongous Allocation) 235M->214M(707M) 3.107ms
[2025-11-03T03:29:02.213+0000][gc,cpu        ] GC(378) User=0.00s Sys=0.00s Real=0.01s
[2025-11-03T03:29:02.213+0000][gc            ] GC(379) Concurrent Cycle
[2025-11-03T03:29:02.214+0000][gc,marking    ] GC(379) Concurrent Clear Claimed Marks
[2025-11-03T03:29:02.214+0000][gc,marking    ] GC(379) Concurrent Clear Claimed Marks 0.149ms
[2025-11-03T03:29:02.214+0000][gc,marking    ] GC(379) Concurrent Scan Root Regions
[2025-11-03T03:29:02.215+0000][gc,marking    ] GC(379) Concurrent Scan Root Regions 1.073ms
[2025-11-03T03:29:02.215+0000][gc,marking    ] GC(379) Concurrent Mark (23707.191s)
[2025-11-03T03:29:02.215+0000][gc,marking    ] GC(379) Concurrent Mark From Roots
[2025-11-03T03:29:02.215+0000][gc,task       ] GC(379) Using 1 workers of 1 for marking
[2025-11-03T03:29:02.250+0000][gc,marking    ] GC(379) Concurrent Mark From Roots 35.004ms
[2025-11-03T03:29:02.251+0000][gc,marking    ] GC(379) Concurrent Preclean
[2025-11-03T03:29:02.251+0000][gc,marking    ] GC(379) Concurrent Preclean 0.349ms
[2025-11-03T03:29:02.251+0000][gc,marking    ] GC(379) Concurrent Mark (23707.191s, 23707.227s) 35.926ms
[2025-11-03T03:29:02.252+0000][gc,start      ] GC(379) Pause Remark
[2025-11-03T03:29:02.260+0000][gc,stringtable] GC(379) Cleaned string and symbol table, strings: 17082 processed, 0 removed, symbols: 123853 processed, 0 removed
[2025-11-03T03:29:02.260+0000][gc            ] GC(379) Pause Remark 281M->281M(707M) 8.624ms
[2025-11-03T03:29:02.261+0000][gc,cpu        ] GC(379) User=0.02s Sys=0.00s Real=0.00s
[2025-11-03T03:29:02.261+0000][gc,marking    ] GC(379) Concurrent Rebuild Remembered Sets
[2025-11-03T03:29:02.269+0000][gc,start      ] GC(380) Pause Young (Normal) (G1 Evacuation Pause)
[2025-11-03T03:29:02.270+0000][gc,task       ] GC(380) Using 2 workers of 2 for evacuation
[2025-11-03T03:29:02.272+0000][gc,phases     ] GC(380)   Pre Evacuate Collection Set: 0.0ms
[2025-11-03T03:29:02.272+0000][gc,phases     ] GC(380)   Evacuate Collection Set: 1.9ms
[2025-11-03T03:29:02.272+0000][gc,phases     ] GC(380)   Post Evacuate Collection Set: 0.4ms
[2025-11-03T03:29:02.272+0000][gc,phases     ] GC(380)   Other: 0.4ms
[2025-11-03T03:29:02.273+0000][gc,heap       ] GC(380) Eden regions: 54->0(59)
[2025-11-03T03:29:02.273+0000][gc,heap       ] GC(380) Survivor regions: 1->1(7)
[2025-11-03T03:29:02.273+0000][gc,heap       ] GC(380) Old regions: 58->58
[2025-11-03T03:29:02.273+0000][gc,heap       ] GC(380) Humongous regions: 180->162
[2025-11-03T03:29:02.273+0000][gc,metaspace  ] GC(380) Metaspace: 53831K(57008K)->53831K(57008K) NonClass: 47907K(49584K)->47907K(49584K) Class: 5924K(7424K)->5924K(7424K)
[2025-11-03T03:29:02.273+0000][gc            ] GC(380) Pause Young (Normal) (G1 Evacuation Pause) 292M->220M(707M) 3.723ms
[2025-11-03T03:29:02.273+0000][gc,cpu        ] GC(380) User=0.00s Sys=0.00s Real=0.01s
[2025-11-03T03:29:02.283+0000][gc,marking    ] GC(379) Concurrent Rebuild Remembered Sets 22.691ms
[2025-11-03T03:29:02.284+0000][gc,start      ] GC(379) Pause Cleanup
[2025-11-03T03:29:02.284+0000][gc            ] GC(379) Pause Cleanup 244M->244M(707M) 0.327ms
[2025-11-03T03:29:02.284+0000][gc,cpu        ] GC(379) User=0.00s Sys=0.00s Real=0.00s
[2025-11-03T03:29:02.284+0000][gc,marking    ] GC(379) Concurrent Cleanup for Next Mark
[2025-11-03T03:29:02.285+0000][gc,marking    ] GC(379) Concurrent Cleanup for Next Mark 0.646ms
[2025-11-03T03:29:02.285+0000][gc            ] GC(379) Concurrent Cycle 71.830ms
[2025-11-03T03:45:13.027+0000][gc,start      ] GC(381) Pause Young (Normal) (G1 Evacuation Pause)
[2025-11-03T03:45:13.027+0000][gc,task       ] GC(381) Using 2 workers of 2 for evacuation
[2025-11-03T03:45:13.033+0000][gc,phases     ] GC(381)   Pre Evacuate Collection Set: 0.0ms
[2025-11-03T03:45:13.033+0000][gc,phases     ] GC(381)   Evacuate Collection Set: 5.6ms
[2025-11-03T03:45:13.034+0000][gc,phases     ] GC(381)   Post Evacuate Collection Set: 0.6ms
[2025-11-03T03:45:13.034+0000][gc,phases     ] GC(381)   Other: 0.4ms
[2025-11-03T03:45:13.034+0000][gc,heap       ] GC(381) Eden regions: 59->0(63)
[2025-11-03T03:45:13.034+0000][gc,heap       ] GC(381) Survivor regions: 1->4(8)
[2025-11-03T03:45:13.034+0000][gc,heap       ] GC(381) Old regions: 58->58
[2025-11-03T03:45:13.034+0000][gc,heap       ] GC(381) Humongous regions: 162->156
[2025-11-03T03:45:13.035+0000][gc,metaspace  ] GC(381) Metaspace: 53854K(57008K)->53854K(57008K) NonClass: 47929K(49584K)->47929K(49584K) Class: 5924K(7424K)->5924K(7424K)
[2025-11-03T03:45:13.035+0000][gc            ] GC(381) Pause Young (Normal) (G1 Evacuation Pause) 279M->216M(707M) 8.104ms
[2025-11-03T03:45:13.035+0000][gc,cpu        ] GC(381) User=0.02s Sys=0.00s Real=0.01s
[2025-11-03T04:01:24.340+0000][gc,start      ] GC(382) Pause Young (Concurrent Start) (G1 Evacuation Pause)
[2025-11-03T04:01:24.340+0000][gc,task       ] GC(382) Using 2 workers of 2 for evacuation
[2025-11-03T04:01:24.353+0000][gc,phases     ] GC(382)   Pre Evacuate Collection Set: 0.3ms
[2025-11-03T04:01:24.353+0000][gc,phases     ] GC(382)   Evacuate Collection Set: 10.9ms
[2025-11-03T04:01:24.353+0000][gc,phases     ] GC(382)   Post Evacuate Collection Set: 0.8ms
[2025-11-03T04:01:24.353+0000][gc,phases     ] GC(382)   Other: 0.5ms
[2025-11-03T04:01:24.353+0000][gc,heap       ] GC(382) Eden regions: 62->0(60)
[2025-11-03T04:01:24.353+0000][gc,heap       ] GC(382) Survivor regions: 4->7(9)
[2025-11-03T04:01:24.353+0000][gc,heap       ] GC(382) Old regions: 58->58
[2025-11-03T04:01:24.354+0000][gc,heap       ] GC(382) Humongous regions: 156->156
[2025-11-03T04:01:24.354+0000][gc,metaspace  ] GC(382) Metaspace: 53876K(57008K)->53876K(57008K) NonClass: 47952K(49584K)->47952K(49584K) Class: 5924K(7424K)->5924K(7424K)
[2025-11-03T04:01:24.354+0000][gc            ] GC(382) Pause Young (Concurrent Start) (G1 Evacuation Pause) 278M->220M(707M) 13.632ms
[2025-11-03T04:01:24.354+0000][gc,cpu        ] GC(382) User=0.04s Sys=0.00s Real=0.01s
[2025-11-03T04:01:24.354+0000][gc            ] GC(383) Concurrent Cycle
[2025-11-03T04:01:24.355+0000][gc,marking    ] GC(383) Concurrent Clear Claimed Marks
[2025-11-03T04:01:24.355+0000][gc,marking    ] GC(383) Concurrent Clear Claimed Marks 0.532ms
[2025-11-03T04:01:24.357+0000][gc,marking    ] GC(383) Concurrent Scan Root Regions
[2025-11-03T04:01:24.366+0000][gc,marking    ] GC(383) Concurrent Scan Root Regions 8.880ms
[2025-11-03T04:01:24.367+0000][gc,marking    ] GC(383) Concurrent Mark (25649.454s)
[2025-11-03T04:01:24.367+0000][gc,marking    ] GC(383) Concurrent Mark From Roots
[2025-11-03T04:01:24.367+0000][gc,task       ] GC(383) Using 1 workers of 1 for marking
[2025-11-03T04:01:24.434+0000][gc,marking    ] GC(383) Concurrent Mark From Roots 67.107ms
[2025-11-03T04:01:24.434+0000][gc,marking    ] GC(383) Concurrent Preclean
[2025-11-03T04:01:24.435+0000][gc,marking    ] GC(383) Concurrent Preclean 0.393ms
[2025-11-03T04:01:24.435+0000][gc,marking    ] GC(383) Concurrent Mark (25649.454s, 25649.522s) 68.171ms
[2025-11-03T04:01:24.435+0000][gc,start      ] GC(383) Pause Remark
[2025-11-03T04:01:24.445+0000][gc,stringtable] GC(383) Cleaned string and symbol table, strings: 17112 processed, 3 removed, symbols: 123853 processed, 0 removed
[2025-11-03T04:01:24.445+0000][gc            ] GC(383) Pause Remark 243M->243M(707M) 9.642ms
[2025-11-03T04:01:24.445+0000][gc,cpu        ] GC(383) User=0.02s Sys=0.00s Real=0.01s
[2025-11-03T04:01:24.445+0000][gc,marking    ] GC(383) Concurrent Rebuild Remembered Sets
[2025-11-03T04:01:24.474+0000][gc,marking    ] GC(383) Concurrent Rebuild Remembered Sets 28.869ms
[2025-11-03T04:01:24.475+0000][gc,start      ] GC(383) Pause Cleanup
[2025-11-03T04:01:24.476+0000][gc            ] GC(383) Pause Cleanup 281M->281M(707M) 0.724ms
[2025-11-03T04:01:24.476+0000][gc,cpu        ] GC(383) User=0.00s Sys=0.00s Real=0.00s
[2025-11-03T04:01:24.477+0000][gc,marking    ] GC(383) Concurrent Cleanup for Next Mark
[2025-11-03T04:01:24.479+0000][gc,marking    ] GC(383) Concurrent Cleanup for Next Mark 1.958ms
[2025-11-03T04:01:24.479+0000][gc            ] GC(383) Concurrent Cycle 125.067ms
[2025-11-03T04:01:24.488+0000][gc,start      ] GC(384) Pause Young (Prepare Mixed) (G1 Evacuation Pause)
[2025-11-03T04:01:24.488+0000][gc,task       ] GC(384) Using 2 workers of 2 for evacuation
[2025-11-03T04:01:24.508+0000][gc,phases     ] GC(384)   Pre Evacuate Collection Set: 0.0ms
[2025-11-03T04:01:24.509+0000][gc,phases     ] GC(384)   Evacuate Collection Set: 18.5ms
[2025-11-03T04:01:24.509+0000][gc,phases     ] GC(384)   Post Evacuate Collection Set: 1.0ms
[2025-11-03T04:01:24.509+0000][gc,phases     ] GC(384)   Other: 0.9ms
[2025-11-03T04:01:24.509+0000][gc,heap       ] GC(384) Eden regions: 58->0(34)
[2025-11-03T04:01:24.509+0000][gc,heap       ] GC(384) Survivor regions: 7->1(9)
[2025-11-03T04:01:24.510+0000][gc,heap       ] GC(384) Old regions: 58->65
[2025-11-03T04:01:24.510+0000][gc,heap       ] GC(384) Humongous regions: 168->162
[2025-11-03T04:01:24.510+0000][gc,metaspace  ] GC(384) Metaspace: 53876K(57008K)->53876K(57008K) NonClass: 47952K(49584K)->47952K(49584K) Class: 5924K(7424K)->5924K(7424K)
[2025-11-03T04:01:24.510+0000][gc            ] GC(384) Pause Young (Prepare Mixed) (G1 Evacuation Pause) 290M->227M(707M) 22.298ms
[2025-11-03T04:01:24.511+0000][gc,cpu        ] GC(384) User=0.03s Sys=0.00s Real=0.03s
[2025-11-03T04:01:24.547+0000][gc,start      ] GC(385) Pause Young (Mixed) (G1 Evacuation Pause)
[2025-11-03T04:01:24.548+0000][gc,task       ] GC(385) Using 2 workers of 2 for evacuation
[2025-11-03T04:01:24.552+0000][gc,phases     ] GC(385)   Pre Evacuate Collection Set: 0.0ms
[2025-11-03T04:01:24.552+0000][gc,phases     ] GC(385)   Evacuate Collection Set: 3.5ms
[2025-11-03T04:01:24.552+0000][gc,phases     ] GC(385)   Post Evacuate Collection Set: 0.6ms
[2025-11-03T04:01:24.552+0000][gc,phases     ] GC(385)   Other: 0.5ms
[2025-11-03T04:01:24.553+0000][gc,heap       ] GC(385) Eden regions: 34->0(35)
[2025-11-03T04:01:24.553+0000][gc,heap       ] GC(385) Survivor regions: 1->1(5)
[2025-11-03T04:01:24.553+0000][gc,heap       ] GC(385) Old regions: 65->64
[2025-11-03T04:01:24.553+0000][gc,heap       ] GC(385) Humongous regions: 174->162
[2025-11-03T04:01:24.553+0000][gc,metaspace  ] GC(385) Metaspace: 53879K(57008K)->53879K(57008K) NonClass: 47954K(49584K)->47954K(49584K) Class: 5924K(7424K)->5924K(7424K)
[2025-11-03T04:01:24.553+0000][gc            ] GC(385) Pause Young (Mixed) (G1 Evacuation Pause) 273M->226M(707M) 5.789ms
[2025-11-03T04:01:24.553+0000][gc,cpu        ] GC(385) User=0.00s Sys=0.00s Real=0.01s
[2025-11-03T04:01:24.572+0000][gc,start      ] GC(386) Pause Young (Concurrent Start) (G1 Evacuation Pause)
[2025-11-03T04:01:24.573+0000][gc,task       ] GC(386) Using 2 workers of 2 for evacuation
[2025-11-03T04:01:24.575+0000][gc,phases     ] GC(386)   Pre Evacuate Collection Set: 0.3ms
[2025-11-03T04:01:24.575+0000][gc,phases     ] GC(386)   Evacuate Collection Set: 1.3ms
[2025-11-03T04:01:24.575+0000][gc,phases     ] GC(386)   Post Evacuate Collection Set: 0.4ms
[2025-11-03T04:01:24.575+0000][gc,phases     ] GC(386)   Other: 0.7ms
[2025-11-03T04:01:24.576+0000][gc,heap       ] GC(386) Eden regions: 35->0(41)
[2025-11-03T04:01:24.576+0000][gc,heap       ] GC(386) Survivor regions: 1->1(5)
[2025-11-03T04:01:24.576+0000][gc,heap       ] GC(386) Old regions: 64->64
[2025-11-03T04:01:24.576+0000][gc,heap       ] GC(386) Humongous regions: 162->162
[2025-11-03T04:01:24.576+0000][gc,metaspace  ] GC(386) Metaspace: 53879K(57008K)->53879K(57008K) NonClass: 47954K(49584K)->47954K(49584K) Class: 5924K(7424K)->5924K(7424K)
[2025-11-03T04:01:24.576+0000][gc            ] GC(386) Pause Young (Concurrent Start) (G1 Evacuation Pause) 261M->226M(707M) 3.835ms
[2025-11-03T04:01:24.576+0000][gc,cpu        ] GC(386) User=0.00s Sys=0.00s Real=0.00s
[2025-11-03T04:01:24.577+0000][gc            ] GC(387) Concurrent Cycle
[2025-11-03T04:01:24.577+0000][gc,marking    ] GC(387) Concurrent Clear Claimed Marks
[2025-11-03T04:01:24.577+0000][gc,marking    ] GC(387) Concurrent Clear Claimed Marks 0.185ms
[2025-11-03T04:01:24.577+0000][gc,marking    ] GC(387) Concurrent Scan Root Regions
[2025-11-03T04:01:24.578+0000][gc,marking    ] GC(387) Concurrent Scan Root Regions 0.643ms
[2025-11-03T04:01:24.578+0000][gc,marking    ] GC(387) Concurrent Mark (25649.665s)
[2025-11-03T04:01:24.578+0000][gc,marking    ] GC(387) Concurrent Mark From Roots
[2025-11-03T04:01:24.578+0000][gc,task       ] GC(387) Using 1 workers of 1 for marking
[2025-11-03T04:01:24.609+0000][gc,start      ] GC(388) Pause Young (Normal) (G1 Evacuation Pause)
[2025-11-03T04:01:24.609+0000][gc,task       ] GC(388) Using 2 workers of 2 for evacuation
[2025-11-03T04:01:24.611+0000][gc,phases     ] GC(388)   Pre Evacuate Collection Set: 0.0ms
[2025-11-03T04:01:24.611+0000][gc,phases     ] GC(388)   Evacuate Collection Set: 1.5ms
[2025-11-03T04:01:24.611+0000][gc,phases     ] GC(388)   Post Evacuate Collection Set: 0.3ms
[2025-11-03T04:01:24.611+0000][gc,phases     ] GC(388)   Other: 0.4ms
[2025-11-03T04:01:24.611+0000][gc,heap       ] GC(388) Eden regions: 41->0(46)
[2025-11-03T04:01:24.612+0000][gc,heap       ] GC(388) Survivor regions: 1->1(6)
[2025-11-03T04:01:24.612+0000][gc,heap       ] GC(388) Old regions: 64->64
[2025-11-03T04:01:24.612+0000][gc,heap       ] GC(388) Humongous regions: 186->162
[2025-11-03T04:01:24.612+0000][gc,metaspace  ] GC(388) Metaspace: 53879K(57008K)->53879K(57008K) NonClass: 47954K(49584K)->47954K(49584K) Class: 5924K(7424K)->5924K(7424K)
[2025-11-03T04:01:24.612+0000][gc            ] GC(388) Pause Young (Normal) (G1 Evacuation Pause) 291M->226M(707M) 3.295ms
[2025-11-03T04:01:24.612+0000][gc,cpu        ] GC(388) User=0.01s Sys=0.00s Real=0.01s
[2025-11-03T04:01:24.619+0000][gc,marking    ] GC(387) Concurrent Mark From Roots 40.629ms
[2025-11-03T04:01:24.619+0000][gc,marking    ] GC(387) Concurrent Preclean
[2025-11-03T04:01:24.619+0000][gc,marking    ] GC(387) Concurrent Preclean 0.349ms
[2025-11-03T04:01:24.620+0000][gc,marking    ] GC(387) Concurrent Mark (25649.665s, 25649.707s) 41.762ms
[2025-11-03T04:01:24.620+0000][gc,start      ] GC(387) Pause Remark
[2025-11-03T04:01:24.629+0000][gc,stringtable] GC(387) Cleaned string and symbol table, strings: 17109 processed, 0 removed, symbols: 123853 processed, 0 removed
[2025-11-03T04:01:24.629+0000][gc            ] GC(387) Pause Remark 238M->238M(707M) 9.224ms
[2025-11-03T04:01:24.629+0000][gc,cpu        ] GC(387) User=0.02s Sys=0.00s Real=0.00s
[2025-11-03T04:01:24.630+0000][gc,marking    ] GC(387) Concurrent Rebuild Remembered Sets
[2025-11-03T04:01:24.650+0000][gc,marking    ] GC(387) Concurrent Rebuild Remembered Sets 20.543ms
[2025-11-03T04:01:24.651+0000][gc,start      ] GC(387) Pause Cleanup
[2025-11-03T04:01:24.652+0000][gc            ] GC(387) Pause Cleanup 277M->277M(707M) 0.666ms
[2025-11-03T04:01:24.652+0000][gc,cpu        ] GC(387) User=0.00s Sys=0.00s Real=0.00s
[2025-11-03T04:01:24.652+0000][gc,marking    ] GC(387) Concurrent Cleanup for Next Mark
[2025-11-03T04:01:24.653+0000][gc,start      ] GC(389) Pause Young (Prepare Mixed) (G1 Evacuation Pause)
[2025-11-03T04:01:24.653+0000][gc,task       ] GC(389) Using 2 workers of 2 for evacuation
[2025-11-03T04:01:24.656+0000][gc,phases     ] GC(389)   Pre Evacuate Collection Set: 0.0ms
[2025-11-03T04:01:24.656+0000][gc,phases     ] GC(389)   Evacuate Collection Set: 1.8ms
[2025-11-03T04:01:24.656+0000][gc,phases     ] GC(389)   Post Evacuate Collection Set: 0.4ms
[2025-11-03T04:01:24.656+0000][gc,phases     ] GC(389)   Other: 0.4ms
[2025-11-03T04:01:24.656+0000][gc,heap       ] GC(389) Eden regions: 46->0(34)
[2025-11-03T04:01:24.656+0000][gc,heap       ] GC(389) Survivor regions: 1->1(6)
[2025-11-03T04:01:24.657+0000][gc,heap       ] GC(389) Old regions: 64->64
[2025-11-03T04:01:24.657+0000][gc,heap       ] GC(389) Humongous regions: 168->162
[2025-11-03T04:01:24.657+0000][gc,metaspace  ] GC(389) Metaspace: 53879K(57008K)->53879K(57008K) NonClass: 47954K(49584K)->47954K(49584K) Class: 5924K(7424K)->5924K(7424K)
[2025-11-03T04:01:24.657+0000][gc            ] GC(389) Pause Young (Prepare Mixed) (G1 Evacuation Pause) 278M->226M(707M) 3.778ms
[2025-11-03T04:01:24.657+0000][gc,cpu        ] GC(389) User=0.01s Sys=0.00s Real=0.00s
[2025-11-03T04:01:24.658+0000][gc,marking    ] GC(387) Concurrent Cleanup for Next Mark 5.475ms
[2025-11-03T04:01:24.658+0000][gc            ] GC(387) Concurrent Cycle 81.042ms
[2025-11-03T04:01:24.675+0000][gc,start      ] GC(390) Pause Young (Mixed) (G1 Evacuation Pause)
[2025-11-03T04:01:24.675+0000][gc,task       ] GC(390) Using 2 workers of 2 for evacuation
[2025-11-03T04:01:24.677+0000][gc,phases     ] GC(390)   Pre Evacuate Collection Set: 0.0ms
[2025-11-03T04:01:24.678+0000][gc,phases     ] GC(390)   Evacuate Collection Set: 1.4ms
[2025-11-03T04:01:24.678+0000][gc,phases     ] GC(390)   Post Evacuate Collection Set: 0.5ms
[2025-11-03T04:01:24.678+0000][gc,phases     ] GC(390)   Other: 0.5ms
[2025-11-03T04:01:24.678+0000][gc,heap       ] GC(390) Eden regions: 34->0(56)
[2025-11-03T04:01:24.678+0000][gc,heap       ] GC(390) Survivor regions: 1->1(5)
[2025-11-03T04:01:24.678+0000][gc,heap       ] GC(390) Old regions: 64->58
[2025-11-03T04:01:24.678+0000][gc,heap       ] GC(390) Humongous regions: 162->162
[2025-11-03T04:01:24.678+0000][gc,metaspace  ] GC(390) Metaspace: 53879K(57008K)->53879K(57008K) NonClass: 47954K(49584K)->47954K(49584K) Class: 5924K(7424K)->5924K(7424K)
[2025-11-03T04:01:24.679+0000][gc            ] GC(390) Pause Young (Mixed) (G1 Evacuation Pause) 260M->219M(707M) 3.445ms
[2025-11-03T04:01:24.679+0000][gc,cpu        ] GC(390) User=0.00s Sys=0.00s Real=0.00s
[2025-11-03T04:01:24.696+0000][gc,start      ] GC(391) Pause Young (Concurrent Start) (G1 Humongous Allocation)
[2025-11-03T04:01:24.696+0000][gc,task       ] GC(391) Using 2 workers of 2 for evacuation
[2025-11-03T04:01:24.699+0000][gc,phases     ] GC(391)   Pre Evacuate Collection Set: 0.2ms
[2025-11-03T04:01:24.699+0000][gc,phases     ] GC(391)   Evacuate Collection Set: 1.5ms
[2025-11-03T04:01:24.699+0000][gc,phases     ] GC(391)   Post Evacuate Collection Set: 0.6ms
[2025-11-03T04:01:24.699+0000][gc,phases     ] GC(391)   Other: 0.4ms
[2025-11-03T04:01:24.699+0000][gc,heap       ] GC(391) Eden regions: 33->0(51)
[2025-11-03T04:01:24.699+0000][gc,heap       ] GC(391) Survivor regions: 1->1(8)
[2025-11-03T04:01:24.700+0000][gc,heap       ] GC(391) Old regions: 58->58
[2025-11-03T04:01:24.700+0000][gc,heap       ] GC(391) Humongous regions: 162->156
[2025-11-03T04:01:24.700+0000][gc,metaspace  ] GC(391) Metaspace: 53879K(57008K)->53879K(57008K) NonClass: 47954K(49584K)->47954K(49584K) Class: 5924K(7424K)->5924K(7424K)
[2025-11-03T04:01:24.700+0000][gc            ] GC(391) Pause Young (Concurrent Start) (G1 Humongous Allocation) 251M->213M(707M) 4.081ms
[2025-11-03T04:01:24.700+0000][gc,cpu        ] GC(391) User=0.01s Sys=0.00s Real=0.01s
[2025-11-03T04:01:24.700+0000][gc            ] GC(392) Concurrent Cycle
[2025-11-03T04:01:24.701+0000][gc,marking    ] GC(392) Concurrent Clear Claimed Marks
[2025-11-03T04:01:24.701+0000][gc,marking    ] GC(392) Concurrent Clear Claimed Marks 0.275ms
[2025-11-03T04:01:24.701+0000][gc,marking    ] GC(392) Concurrent Scan Root Regions
[2025-11-03T04:01:24.702+0000][gc,marking    ] GC(392) Concurrent Scan Root Regions 0.749ms
[2025-11-03T04:01:24.702+0000][gc,marking    ] GC(392) Concurrent Mark (25649.790s)
[2025-11-03T04:01:24.702+0000][gc,marking    ] GC(392) Concurrent Mark From Roots
[2025-11-03T04:01:24.702+0000][gc,task       ] GC(392) Using 1 workers of 1 for marking
[2025-11-03T04:01:24.747+0000][gc,start      ] GC(393) Pause Young (Normal) (G1 Evacuation Pause)
[2025-11-03T04:01:24.748+0000][gc,task       ] GC(393) Using 2 workers of 2 for evacuation
[2025-11-03T04:01:24.755+0000][gc,phases     ] GC(393)   Pre Evacuate Collection Set: 0.0ms
[2025-11-03T04:01:24.755+0000][gc,phases     ] GC(393)   Evacuate Collection Set: 4.4ms
[2025-11-03T04:01:24.756+0000][gc,phases     ] GC(393)   Post Evacuate Collection Set: 1.6ms
[2025-11-03T04:01:24.756+0000][gc,phases     ] GC(393)   Other: 1.5ms
[2025-11-03T04:01:24.756+0000][gc,heap       ] GC(393) Eden regions: 51->0(53)
[2025-11-03T04:01:24.757+0000][gc,heap       ] GC(393) Survivor regions: 1->1(7)
[2025-11-03T04:01:24.758+0000][gc,heap       ] GC(393) Old regions: 58->58
[2025-11-03T04:01:24.758+0000][gc,heap       ] GC(393) Humongous regions: 174->162
[2025-11-03T04:01:24.758+0000][gc,metaspace  ] GC(393) Metaspace: 53879K(57008K)->53879K(57008K) NonClass: 47954K(49584K)->47954K(49584K) Class: 5924K(7424K)->5924K(7424K)
[2025-11-03T04:01:24.759+0000][gc            ] GC(393) Pause Young (Normal) (G1 Evacuation Pause) 282M->219M(707M) 11.257ms
[2025-11-03T04:01:24.759+0000][gc,cpu        ] GC(393) User=0.01s Sys=0.00s Real=0.01s
[2025-11-03T04:01:24.767+0000][gc,marking    ] GC(392) Concurrent Mark From Roots 64.617ms
[2025-11-03T04:01:24.767+0000][gc,marking    ] GC(392) Concurrent Preclean
[2025-11-03T04:01:24.768+0000][gc,marking    ] GC(392) Concurrent Preclean 0.688ms
[2025-11-03T04:01:24.768+0000][gc,marking    ] GC(392) Concurrent Mark (25649.790s, 25649.856s) 66.360ms
[2025-11-03T04:01:24.770+0000][gc,start      ] GC(392) Pause Remark
[2025-11-03T04:01:24.782+0000][gc,stringtable] GC(392) Cleaned string and symbol table, strings: 17109 processed, 0 removed, symbols: 123853 processed, 0 removed
[2025-11-03T04:01:24.783+0000][gc            ] GC(392) Pause Remark 225M->225M(707M) 13.384ms
[2025-11-03T04:01:24.783+0000][gc,cpu        ] GC(392) User=0.03s Sys=0.00s Real=0.02s
[2025-11-03T04:01:24.783+0000][gc,marking    ] GC(392) Concurrent Rebuild Remembered Sets
[2025-11-03T04:01:24.812+0000][gc,marking    ] GC(392) Concurrent Rebuild Remembered Sets 28.707ms
[2025-11-03T04:01:24.812+0000][gc,start      ] GC(392) Pause Cleanup
[2025-11-03T04:01:24.813+0000][gc            ] GC(392) Pause Cleanup 268M->268M(707M) 0.634ms
[2025-11-03T04:01:24.813+0000][gc,cpu        ] GC(392) User=0.00s Sys=0.00s Real=0.00s
[2025-11-03T04:01:24.814+0000][gc,marking    ] GC(392) Concurrent Cleanup for Next Mark
[2025-11-03T04:01:24.815+0000][gc,marking    ] GC(392) Concurrent Cleanup for Next Mark 1.537ms
[2025-11-03T04:01:24.815+0000][gc            ] GC(392) Concurrent Cycle 114.952ms
[2025-11-03T04:01:24.820+0000][gc,start      ] GC(394) Pause Young (Normal) (G1 Evacuation Pause)
[2025-11-03T04:01:24.820+0000][gc,task       ] GC(394) Using 2 workers of 2 for evacuation
[2025-11-03T04:01:24.832+0000][gc,phases     ] GC(394)   Pre Evacuate Collection Set: 0.1ms
[2025-11-03T04:01:24.832+0000][gc,phases     ] GC(394)   Evacuate Collection Set: 10.5ms
[2025-11-03T04:01:24.832+0000][gc,phases     ] GC(394)   Post Evacuate Collection Set: 0.6ms
[2025-11-03T04:01:24.832+0000][gc,phases     ] GC(394)   Other: 0.8ms
[2025-11-03T04:01:24.832+0000][gc,heap       ] GC(394) Eden regions: 53->0(54)
[2025-11-03T04:01:24.832+0000][gc,heap       ] GC(394) Survivor regions: 1->1(7)
[2025-11-03T04:01:24.832+0000][gc,heap       ] GC(394) Old regions: 58->58
[2025-11-03T04:01:24.833+0000][gc,heap       ] GC(394) Humongous regions: 168->162
[2025-11-03T04:01:24.833+0000][gc,metaspace  ] GC(394) Metaspace: 53879K(57008K)->53879K(57008K) NonClass: 47954K(49584K)->47954K(49584K) Class: 5924K(7424K)->5924K(7424K)
[2025-11-03T04:01:24.833+0000][gc            ] GC(394) Pause Young (Normal) (G1 Evacuation Pause) 278M->219M(707M) 13.051ms
[2025-11-03T04:01:24.833+0000][gc,cpu        ] GC(394) User=0.01s Sys=0.00s Real=0.02s
[2025-11-03T04:01:24.839+0000][gc,start      ] GC(395) Pause Young (Concurrent Start) (G1 Humongous Allocation)
[2025-11-03T04:01:24.840+0000][gc,task       ] GC(395) Using 2 workers of 2 for evacuation
[2025-11-03T04:01:24.842+0000][gc,phases     ] GC(395)   Pre Evacuate Collection Set: 0.2ms
[2025-11-03T04:01:24.842+0000][gc,phases     ] GC(395)   Evacuate Collection Set: 1.5ms
[2025-11-03T04:01:24.843+0000][gc,phases     ] GC(395)   Post Evacuate Collection Set: 0.5ms
[2025-11-03T04:01:24.843+0000][gc,phases     ] GC(395)   Other: 0.8ms
[2025-11-03T04:01:24.843+0000][gc,heap       ] GC(395) Eden regions: 10->0(34)
[2025-11-03T04:01:24.843+0000][gc,heap       ] GC(395) Survivor regions: 1->1(7)
[2025-11-03T04:01:24.843+0000][gc,heap       ] GC(395) Old regions: 58->58
[2025-11-03T04:01:24.844+0000][gc,heap       ] GC(395) Humongous regions: 162->156
[2025-11-03T04:01:24.844+0000][gc,metaspace  ] GC(395) Metaspace: 53879K(57008K)->53879K(57008K) NonClass: 47954K(49584K)->47954K(49584K) Class: 5924K(7424K)->5924K(7424K)
[2025-11-03T04:01:24.844+0000][gc            ] GC(395) Pause Young (Concurrent Start) (G1 Humongous Allocation) 229M->213M(707M) 4.391ms
[2025-11-03T04:01:24.844+0000][gc,cpu        ] GC(395) User=0.01s Sys=0.00s Real=0.01s
[2025-11-03T04:01:24.844+0000][gc            ] GC(396) Concurrent Cycle
[2025-11-03T04:01:24.844+0000][gc,marking    ] GC(396) Concurrent Clear Claimed Marks
[2025-11-03T04:01:24.844+0000][gc,marking    ] GC(396) Concurrent Clear Claimed Marks 0.196ms
[2025-11-03T04:01:24.845+0000][gc,marking    ] GC(396) Concurrent Scan Root Regions
[2025-11-03T04:01:24.845+0000][gc,marking    ] GC(396) Concurrent Scan Root Regions 0.701ms
[2025-11-03T04:01:24.845+0000][gc,marking    ] GC(396) Concurrent Mark (25649.933s)
[2025-11-03T04:01:24.846+0000][gc,marking    ] GC(396) Concurrent Mark From Roots
[2025-11-03T04:01:24.846+0000][gc,task       ] GC(396) Using 1 workers of 1 for marking
[2025-11-03T04:01:24.866+0000][gc,start      ] GC(397) Pause Young (Normal) (G1 Evacuation Pause)
[2025-11-03T04:01:24.866+0000][gc,task       ] GC(397) Using 2 workers of 2 for evacuation
[2025-11-03T04:01:24.868+0000][gc,phases     ] GC(397)   Pre Evacuate Collection Set: 0.0ms
[2025-11-03T04:01:24.869+0000][gc,phases     ] GC(397)   Evacuate Collection Set: 1.5ms
[2025-11-03T04:01:24.869+0000][gc,phases     ] GC(397)   Post Evacuate Collection Set: 0.5ms
[2025-11-03T04:01:24.869+0000][gc,phases     ] GC(397)   Other: 0.4ms
[2025-11-03T04:01:24.869+0000][gc,heap       ] GC(397) Eden regions: 34->0(36)
[2025-11-03T04:01:24.869+0000][gc,heap       ] GC(397) Survivor regions: 1->1(5)
[2025-11-03T04:01:24.869+0000][gc,heap       ] GC(397) Old regions: 58->58
[2025-11-03T04:01:24.870+0000][gc,heap       ] GC(397) Humongous regions: 168->162
[2025-11-03T04:01:24.870+0000][gc,metaspace  ] GC(397) Metaspace: 53879K(57008K)->53879K(57008K) NonClass: 47954K(49584K)->47954K(49584K) Class: 5924K(7424K)->5924K(7424K)
[2025-11-03T04:01:24.870+0000][gc            ] GC(397) Pause Young (Normal) (G1 Evacuation Pause) 259M->219M(707M) 3.681ms
[2025-11-03T04:01:24.870+0000][gc,cpu        ] GC(397) User=0.01s Sys=0.00s Real=0.01s
[2025-11-03T04:01:24.884+0000][gc,marking    ] GC(396) Concurrent Mark From Roots 38.241ms
[2025-11-03T04:01:24.884+0000][gc,marking    ] GC(396) Concurrent Preclean
[2025-11-03T04:01:24.885+0000][gc,marking    ] GC(396) Concurrent Preclean 0.401ms
[2025-11-03T04:01:24.885+0000][gc,marking    ] GC(396) Concurrent Mark (25649.933s, 25649.972s) 39.235ms
[2025-11-03T04:01:24.885+0000][gc,start      ] GC(396) Pause Remark
[2025-11-03T04:01:24.894+0000][gc,stringtable] GC(396) Cleaned string and symbol table, strings: 17109 processed, 0 removed, symbols: 123853 processed, 0 removed
[2025-11-03T04:01:24.895+0000][gc            ] GC(396) Pause Remark 261M->261M(707M) 9.288ms
[2025-11-03T04:01:24.895+0000][gc,cpu        ] GC(396) User=0.02s Sys=0.00s Real=0.01s
[2025-11-03T04:01:24.895+0000][gc,marking    ] GC(396) Concurrent Rebuild Remembered Sets
[2025-11-03T04:01:24.905+0000][gc,start      ] GC(398) Pause Young (Normal) (G1 Evacuation Pause)
[2025-11-03T04:01:24.906+0000][gc,task       ] GC(398) Using 2 workers of 2 for evacuation
[2025-11-03T04:01:24.908+0000][gc,phases     ] GC(398)   Pre Evacuate Collection Set: 0.0ms
[2025-11-03T04:01:24.908+0000][gc,phases     ] GC(398)   Evacuate Collection Set: 1.9ms
[2025-11-03T04:01:24.909+0000][gc,phases     ] GC(398)   Post Evacuate Collection Set: 0.5ms
[2025-11-03T04:01:24.909+0000][gc,phases     ] GC(398)   Other: 0.5ms
[2025-11-03T04:01:24.909+0000][gc,heap       ] GC(398) Eden regions: 36->0(39)
[2025-11-03T04:01:24.909+0000][gc,heap       ] GC(398) Survivor regions: 1->1(5)
[2025-11-03T04:01:24.909+0000][gc,heap       ] GC(398) Old regions: 58->58
[2025-11-03T04:01:24.909+0000][gc,heap       ] GC(398) Humongous regions: 186->162
[2025-11-03T04:01:24.910+0000][gc,metaspace  ] GC(398) Metaspace: 53879K(57008K)->53879K(57008K) NonClass: 47954K(49584K)->47954K(49584K) Class: 5924K(7424K)->5924K(7424K)
[2025-11-03T04:01:24.910+0000][gc            ] GC(398) Pause Young (Normal) (G1 Evacuation Pause) 279M->219M(707M) 4.328ms
[2025-11-03T04:01:24.910+0000][gc,cpu        ] GC(398) User=0.01s Sys=0.00s Real=0.01s
[2025-11-03T04:01:24.918+0000][gc,marking    ] GC(396) Concurrent Rebuild Remembered Sets 23.105ms
[2025-11-03T04:01:24.920+0000][gc,start      ] GC(396) Pause Cleanup
[2025-11-03T04:01:24.921+0000][gc            ] GC(396) Pause Cleanup 239M->239M(707M) 0.430ms
[2025-11-03T04:01:24.921+0000][gc,cpu        ] GC(396) User=0.00s Sys=0.00s Real=0.00s
[2025-11-03T04:01:24.921+0000][gc,marking    ] GC(396) Concurrent Cleanup for Next Mark
[2025-11-03T04:01:24.922+0000][gc,marking    ] GC(396) Concurrent Cleanup for Next Mark 1.033ms
[2025-11-03T04:01:24.922+0000][gc            ] GC(396) Concurrent Cycle 78.347ms
[2025-11-03T04:01:24.937+0000][gc,start      ] GC(399) Pause Young (Normal) (G1 Evacuation Pause)
[2025-11-03T04:01:24.937+0000][gc,task       ] GC(399) Using 2 workers of 2 for evacuation
[2025-11-03T04:01:24.940+0000][gc,phases     ] GC(399)   Pre Evacuate Collection Set: 0.0ms
[2025-11-03T04:01:24.940+0000][gc,phases     ] GC(399)   Evacuate Collection Set: 1.6ms
[2025-11-03T04:01:24.940+0000][gc,phases     ] GC(399)   Post Evacuate Collection Set: 0.8ms
[2025-11-03T04:01:24.941+0000][gc,phases     ] GC(399)   Other: 0.5ms
[2025-11-03T04:01:24.941+0000][gc,heap       ] GC(399) Eden regions: 39->0(45)
[2025-11-03T04:01:24.941+0000][gc,heap       ] GC(399) Survivor regions: 1->1(5)
[2025-11-03T04:01:24.942+0000][gc,heap       ] GC(399) Old regions: 58->58
[2025-11-03T04:01:24.942+0000][gc,heap       ] GC(399) Humongous regions: 162->162
[2025-11-03T04:01:24.942+0000][gc,metaspace  ] GC(399) Metaspace: 53879K(57008K)->53879K(57008K) NonClass: 47954K(49584K)->47954K(49584K) Class: 5924K(7424K)->5924K(7424K)
[2025-11-03T04:01:24.942+0000][gc            ] GC(399) Pause Young (Normal) (G1 Evacuation Pause) 258M->219M(707M) 5.788ms
[2025-11-03T04:01:24.943+0000][gc,cpu        ] GC(399) User=0.00s Sys=0.00s Real=0.01s
[2025-11-03T04:01:24.949+0000][gc,start      ] GC(400) Pause Young (Concurrent Start) (G1 Humongous Allocation)
[2025-11-03T04:01:24.949+0000][gc,task       ] GC(400) Using 2 workers of 2 for evacuation
[2025-11-03T04:01:24.953+0000][gc,phases     ] GC(400)   Pre Evacuate Collection Set: 0.3ms
[2025-11-03T04:01:24.953+0000][gc,phases     ] GC(400)   Evacuate Collection Set: 2.2ms
[2025-11-03T04:01:24.953+0000][gc,phases     ] GC(400)   Post Evacuate Collection Set: 0.6ms
[2025-11-03T04:01:24.953+0000][gc,phases     ] GC(400)   Other: 0.6ms
[2025-11-03T04:01:24.953+0000][gc,heap       ] GC(400) Eden regions: 8->0(34)
[2025-11-03T04:01:24.953+0000][gc,heap       ] GC(400) Survivor regions: 1->1(6)
[2025-11-03T04:01:24.953+0000][gc,heap       ] GC(400) Old regions: 58->58
[2025-11-03T04:01:24.954+0000][gc,heap       ] GC(400) Humongous regions: 162->156
[2025-11-03T04:01:24.954+0000][gc,metaspace  ] GC(400) Metaspace: 53879K(57008K)->53879K(57008K) NonClass: 47954K(49584K)->47954K(49584K) Class: 5924K(7424K)->5924K(7424K)
[2025-11-03T04:01:24.954+0000][gc            ] GC(400) Pause Young (Concurrent Start) (G1 Humongous Allocation) 227M->213M(707M) 4.725ms
[2025-11-03T04:01:24.954+0000][gc,cpu        ] GC(400) User=0.00s Sys=0.00s Real=0.01s
[2025-11-03T04:01:24.954+0000][gc            ] GC(401) Concurrent Cycle
[2025-11-03T04:01:24.954+0000][gc,marking    ] GC(401) Concurrent Clear Claimed Marks
[2025-11-03T04:01:24.955+0000][gc,marking    ] GC(401) Concurrent Clear Claimed Marks 0.233ms
[2025-11-03T04:01:24.955+0000][gc,marking    ] GC(401) Concurrent Scan Root Regions
[2025-11-03T04:01:24.956+0000][gc,marking    ] GC(401) Concurrent Scan Root Regions 1.009ms
[2025-11-03T04:01:24.956+0000][gc,marking    ] GC(401) Concurrent Mark (25650.043s)
[2025-11-03T04:01:24.956+0000][gc,marking    ] GC(401) Concurrent Mark From Roots
[2025-11-03T04:01:24.956+0000][gc,task       ] GC(401) Using 1 workers of 1 for marking
[2025-11-03T04:01:24.980+0000][gc,start      ] GC(402) Pause Young (Normal) (G1 Evacuation Pause)
[2025-11-03T04:01:24.980+0000][gc,task       ] GC(402) Using 2 workers of 2 for evacuation
[2025-11-03T04:01:24.982+0000][gc,phases     ] GC(402)   Pre Evacuate Collection Set: 0.0ms
[2025-11-03T04:01:24.982+0000][gc,phases     ] GC(402)   Evacuate Collection Set: 1.7ms
[2025-11-03T04:01:24.982+0000][gc,phases     ] GC(402)   Post Evacuate Collection Set: 0.4ms
[2025-11-03T04:01:24.982+0000][gc,phases     ] GC(402)   Other: 0.5ms
[2025-11-03T04:01:24.983+0000][gc,heap       ] GC(402) Eden regions: 34->0(34)
[2025-11-03T04:01:24.983+0000][gc,heap       ] GC(402) Survivor regions: 1->1(5)
[2025-11-03T04:01:24.983+0000][gc,heap       ] GC(402) Old regions: 58->58
[2025-11-03T04:01:24.983+0000][gc,heap       ] GC(402) Humongous regions: 168->162
[2025-11-03T04:01:24.983+0000][gc,metaspace  ] GC(402) Metaspace: 53879K(57008K)->53879K(57008K) NonClass: 47954K(49584K)->47954K(49584K) Class: 5924K(7424K)->5924K(7424K)
[2025-11-03T04:01:24.983+0000][gc            ] GC(402) Pause Young (Normal) (G1 Evacuation Pause) 259M->219M(707M) 3.633ms
[2025-11-03T04:01:24.983+0000][gc,cpu        ] GC(402) User=0.01s Sys=0.00s Real=0.01s
[2025-11-03T04:01:24.998+0000][gc,marking    ] GC(401) Concurrent Mark From Roots 41.802ms
[2025-11-03T04:01:24.998+0000][gc,marking    ] GC(401) Concurrent Preclean
[2025-11-03T04:01:24.999+0000][gc,marking    ] GC(401) Concurrent Preclean 0.699ms
[2025-11-03T04:01:24.999+0000][gc,marking    ] GC(401) Concurrent Mark (25650.043s, 25650.087s) 43.328ms
[2025-11-03T04:01:25.001+0000][gc,start      ] GC(401) Pause Remark
[2025-11-03T04:01:25.009+0000][gc,stringtable] GC(401) Cleaned string and symbol table, strings: 17109 processed, 0 removed, symbols: 123853 processed, 0 removed
[2025-11-03T04:01:25.010+0000][gc            ] GC(401) Pause Remark 241M->241M(707M) 8.954ms
[2025-11-03T04:01:25.010+0000][gc,cpu        ] GC(401) User=0.02s Sys=0.00s Real=0.01s
[2025-11-03T04:01:25.010+0000][gc,marking    ] GC(401) Concurrent Rebuild Remembered Sets
[2025-11-03T04:01:25.017+0000][gc,start      ] GC(403) Pause Young (Normal) (G1 Evacuation Pause)
[2025-11-03T04:01:25.017+0000][gc,task       ] GC(403) Using 2 workers of 2 for evacuation
[2025-11-03T04:01:25.020+0000][gc,phases     ] GC(403)   Pre Evacuate Collection Set: 0.0ms
[2025-11-03T04:01:25.020+0000][gc,phases     ] GC(403)   Evacuate Collection Set: 1.9ms
[2025-11-03T04:01:25.020+0000][gc,phases     ] GC(403)   Post Evacuate Collection Set: 0.5ms
[2025-11-03T04:01:25.020+0000][gc,phases     ] GC(403)   Other: 0.4ms
[2025-11-03T04:01:25.020+0000][gc,heap       ] GC(403) Eden regions: 34->0(36)
[2025-11-03T04:01:25.020+0000][gc,heap       ] GC(403) Survivor regions: 1->1(5)
[2025-11-03T04:01:25.021+0000][gc,heap       ] GC(403) Old regions: 58->58
[2025-11-03T04:01:25.021+0000][gc,heap       ] GC(403) Humongous regions: 162->162
[2025-11-03T04:01:25.021+0000][gc,metaspace  ] GC(403) Metaspace: 53879K(57008K)->53879K(57008K) NonClass: 47954K(49584K)->47954K(49584K) Class: 5924K(7424K)->5924K(7424K)
[2025-11-03T04:01:25.021+0000][gc            ] GC(403) Pause Young (Normal) (G1 Evacuation Pause) 253M->219M(707M) 4.202ms
[2025-11-03T04:01:25.021+0000][gc,cpu        ] GC(403) User=0.01s Sys=0.00s Real=0.01s
[2025-11-03T04:01:25.033+0000][gc,marking    ] GC(401) Concurrent Rebuild Remembered Sets 22.786ms
[2025-11-03T04:01:25.034+0000][gc,start      ] GC(401) Pause Cleanup
[2025-11-03T04:01:25.034+0000][gc            ] GC(401) Pause Cleanup 247M->247M(707M) 0.390ms
[2025-11-03T04:01:25.034+0000][gc,cpu        ] GC(401) User=0.00s Sys=0.00s Real=0.00s
[2025-11-03T04:01:25.034+0000][gc,marking    ] GC(401) Concurrent Cleanup for Next Mark
[2025-11-03T04:01:25.035+0000][gc,marking    ] GC(401) Concurrent Cleanup for Next Mark 0.785ms
[2025-11-03T04:01:25.035+0000][gc            ] GC(401) Concurrent Cycle 81.091ms
[2025-11-03T04:01:25.041+0000][gc,start      ] GC(404) Pause Young (Concurrent Start) (G1 Humongous Allocation)
[2025-11-03T04:01:25.041+0000][gc,task       ] GC(404) Using 2 workers of 2 for evacuation
[2025-11-03T04:01:25.044+0000][gc,phases     ] GC(404)   Pre Evacuate Collection Set: 0.2ms
[2025-11-03T04:01:25.044+0000][gc,phases     ] GC(404)   Evacuate Collection Set: 1.6ms
[2025-11-03T04:01:25.044+0000][gc,phases     ] GC(404)   Post Evacuate Collection Set: 0.4ms
[2025-11-03T04:01:25.044+0000][gc,phases     ] GC(404)   Other: 0.4ms
[2025-11-03T04:01:25.045+0000][gc,heap       ] GC(404) Eden regions: 36->0(39)
[2025-11-03T04:01:25.045+0000][gc,heap       ] GC(404) Survivor regions: 1->1(5)
[2025-11-03T04:01:25.045+0000][gc,heap       ] GC(404) Old regions: 58->58
[2025-11-03T04:01:25.045+0000][gc,heap       ] GC(404) Humongous regions: 168->156
[2025-11-03T04:01:25.045+0000][gc,metaspace  ] GC(404) Metaspace: 53880K(57008K)->53880K(57008K) NonClass: 47955K(49584K)->47955K(49584K) Class: 5924K(7424K)->5924K(7424K)
[2025-11-03T04:01:25.045+0000][gc            ] GC(404) Pause Young (Concurrent Start) (G1 Humongous Allocation) 261M->213M(707M) 3.929ms
[2025-11-03T04:01:25.045+0000][gc,cpu        ] GC(404) User=0.00s Sys=0.00s Real=0.00s
[2025-11-03T04:01:25.045+0000][gc            ] GC(405) Concurrent Cycle
[2025-11-03T04:01:25.046+0000][gc,marking    ] GC(405) Concurrent Clear Claimed Marks
[2025-11-03T04:01:25.046+0000][gc,marking    ] GC(405) Concurrent Clear Claimed Marks 0.185ms
[2025-11-03T04:01:25.046+0000][gc,marking    ] GC(405) Concurrent Scan Root Regions
[2025-11-03T04:01:25.047+0000][gc,marking    ] GC(405) Concurrent Scan Root Regions 0.663ms
[2025-11-03T04:01:25.047+0000][gc,marking    ] GC(405) Concurrent Mark (25650.134s)
[2025-11-03T04:01:25.047+0000][gc,marking    ] GC(405) Concurrent Mark From Roots
[2025-11-03T04:01:25.047+0000][gc,task       ] GC(405) Using 1 workers of 1 for marking
[2025-11-03T04:01:25.069+0000][gc,start      ] GC(406) Pause Young (Normal) (G1 Evacuation Pause)
[2025-11-03T04:01:25.069+0000][gc,task       ] GC(406) Using 2 workers of 2 for evacuation
[2025-11-03T04:01:25.071+0000][gc,phases     ] GC(406)   Pre Evacuate Collection Set: 0.0ms
[2025-11-03T04:01:25.071+0000][gc,phases     ] GC(406)   Evacuate Collection Set: 1.2ms
[2025-11-03T04:01:25.071+0000][gc,phases     ] GC(406)   Post Evacuate Collection Set: 0.5ms
[2025-11-03T04:01:25.071+0000][gc,phases     ] GC(406)   Other: 0.4ms
[2025-11-03T04:01:25.072+0000][gc,heap       ] GC(406) Eden regions: 39->0(42)
[2025-11-03T04:01:25.072+0000][gc,heap       ] GC(406) Survivor regions: 1->1(5)
[2025-11-03T04:01:25.072+0000][gc,heap       ] GC(406) Old regions: 58->58
[2025-11-03T04:01:25.072+0000][gc,heap       ] GC(406) Humongous regions: 168->162
[2025-11-03T04:01:25.072+0000][gc,metaspace  ] GC(406) Metaspace: 53880K(57008K)->53880K(57008K) NonClass: 47955K(49584K)->47955K(49584K) Class: 5924K(7424K)->5924K(7424K)
[2025-11-03T04:01:25.072+0000][gc            ] GC(406) Pause Young (Normal) (G1 Evacuation Pause) 264M->219M(707M) 3.224ms
[2025-11-03T04:01:25.072+0000][gc,cpu        ] GC(406) User=0.00s Sys=0.00s Real=0.01s
[2025-11-03T04:01:25.082+0000][gc,marking    ] GC(405) Concurrent Mark From Roots 35.268ms
[2025-11-03T04:01:25.082+0000][gc,marking    ] GC(405) Concurrent Preclean
[2025-11-03T04:01:25.082+0000][gc,marking    ] GC(405) Concurrent Preclean 0.240ms
[2025-11-03T04:01:25.083+0000][gc,marking    ] GC(405) Concurrent Mark (25650.134s, 25650.170s) 35.875ms
[2025-11-03T04:01:25.083+0000][gc,start      ] GC(405) Pause Remark
[2025-11-03T04:01:25.091+0000][gc,stringtable] GC(405) Cleaned string and symbol table, strings: 17109 processed, 0 removed, symbols: 123853 processed, 0 removed
[2025-11-03T04:01:25.091+0000][gc            ] GC(405) Pause Remark 243M->243M(707M) 8.511ms
[2025-11-03T04:01:25.092+0000][gc,cpu        ] GC(405) User=0.02s Sys=0.00s Real=0.01s
[2025-11-03T04:01:25.092+0000][gc,marking    ] GC(405) Concurrent Rebuild Remembered Sets
[2025-11-03T04:01:25.105+0000][gc,start      ] GC(407) Pause Young (Normal) (G1 Evacuation Pause)
[2025-11-03T04:01:25.106+0000][gc,task       ] GC(407) Using 2 workers of 2 for evacuation
[2025-11-03T04:01:25.108+0000][gc,phases     ] GC(407)   Pre Evacuate Collection Set: 0.0ms
[2025-11-03T04:01:25.108+0000][gc,phases     ] GC(407)   Evacuate Collection Set: 1.2ms
[2025-11-03T04:01:25.108+0000][gc,phases     ] GC(407)   Post Evacuate Collection Set: 0.5ms
[2025-11-03T04:01:25.108+0000][gc,phases     ] GC(407)   Other: 0.4ms
[2025-11-03T04:01:25.108+0000][gc,heap       ] GC(407) Eden regions: 42->0(44)
[2025-11-03T04:01:25.108+0000][gc,heap       ] GC(407) Survivor regions: 1->1(6)
[2025-11-03T04:01:25.108+0000][gc,heap       ] GC(407) Old regions: 58->58
[2025-11-03T04:01:25.109+0000][gc,heap       ] GC(407) Humongous regions: 174->162
[2025-11-03T04:01:25.109+0000][gc,metaspace  ] GC(407) Metaspace: 53880K(57008K)->53880K(57008K) NonClass: 47955K(49584K)->47955K(49584K) Class: 5924K(7424K)->5924K(7424K)
[2025-11-03T04:01:25.109+0000][gc            ] GC(407) Pause Young (Normal) (G1 Evacuation Pause) 273M->219M(707M) 3.421ms
[2025-11-03T04:01:25.109+0000][gc,cpu        ] GC(407) User=0.00s Sys=0.00s Real=0.00s
[2025-11-03T04:01:25.115+0000][gc,marking    ] GC(405) Concurrent Rebuild Remembered Sets 23.634ms
[2025-11-03T04:01:25.116+0000][gc,start      ] GC(405) Pause Cleanup
[2025-11-03T04:01:25.116+0000][gc            ] GC(405) Pause Cleanup 238M->238M(707M) 0.553ms
[2025-11-03T04:01:25.117+0000][gc,cpu        ] GC(405) User=0.01s Sys=0.00s Real=0.00s
[2025-11-03T04:01:25.117+0000][gc,marking    ] GC(405) Concurrent Cleanup for Next Mark
[2025-11-03T04:01:25.118+0000][gc,marking    ] GC(405) Concurrent Cleanup for Next Mark 0.885ms
[2025-11-03T04:01:25.118+0000][gc            ] GC(405) Concurrent Cycle 72.428ms
[2025-11-03T04:01:25.132+0000][gc,start      ] GC(408) Pause Young (Concurrent Start) (G1 Humongous Allocation)
[2025-11-03T04:01:25.133+0000][gc,task       ] GC(408) Using 2 workers of 2 for evacuation
[2025-11-03T04:01:25.135+0000][gc,phases     ] GC(408)   Pre Evacuate Collection Set: 0.2ms
[2025-11-03T04:01:25.135+0000][gc,phases     ] GC(408)   Evacuate Collection Set: 1.2ms
[2025-11-03T04:01:25.135+0000][gc,phases     ] GC(408)   Post Evacuate Collection Set: 0.4ms
[2025-11-03T04:01:25.135+0000][gc,phases     ] GC(408)   Other: 0.4ms
[2025-11-03T04:01:25.135+0000][gc,heap       ] GC(408) Eden regions: 37->0(45)
[2025-11-03T04:01:25.135+0000][gc,heap       ] GC(408) Survivor regions: 1->1(6)
[2025-11-03T04:01:25.136+0000][gc,heap       ] GC(408) Old regions: 58->58
[2025-11-03T04:01:25.136+0000][gc,heap       ] GC(408) Humongous regions: 174->156
[2025-11-03T04:01:25.136+0000][gc,metaspace  ] GC(408) Metaspace: 53880K(57008K)->53880K(57008K) NonClass: 47955K(49584K)->47955K(49584K) Class: 5924K(7424K)->5924K(7424K)
[2025-11-03T04:01:25.136+0000][gc            ] GC(408) Pause Young (Concurrent Start) (G1 Humongous Allocation) 268M->214M(707M) 3.654ms
[2025-11-03T04:01:25.136+0000][gc,cpu        ] GC(408) User=0.00s Sys=0.00s Real=0.00s
[2025-11-03T04:01:25.136+0000][gc            ] GC(409) Concurrent Cycle
[2025-11-03T04:01:25.136+0000][gc,marking    ] GC(409) Concurrent Clear Claimed Marks
[2025-11-03T04:01:25.137+0000][gc,marking    ] GC(409) Concurrent Clear Claimed Marks 0.174ms
[2025-11-03T04:01:25.137+0000][gc,marking    ] GC(409) Concurrent Scan Root Regions
[2025-11-03T04:01:25.137+0000][gc,marking    ] GC(409) Concurrent Scan Root Regions 0.596ms
[2025-11-03T04:01:25.138+0000][gc,marking    ] GC(409) Concurrent Mark (25650.225s)
[2025-11-03T04:01:25.138+0000][gc,marking    ] GC(409) Concurrent Mark From Roots
[2025-11-03T04:01:25.138+0000][gc,task       ] GC(409) Using 1 workers of 1 for marking
[2025-11-03T04:01:25.165+0000][gc,start      ] GC(410) Pause Young (Normal) (G1 Evacuation Pause)
[2025-11-03T04:01:25.165+0000][gc,task       ] GC(410) Using 2 workers of 2 for evacuation
[2025-11-03T04:01:25.167+0000][gc,phases     ] GC(410)   Pre Evacuate Collection Set: 0.0ms
[2025-11-03T04:01:25.167+0000][gc,phases     ] GC(410)   Evacuate Collection Set: 1.3ms
[2025-11-03T04:01:25.168+0000][gc,phases     ] GC(410)   Post Evacuate Collection Set: 0.4ms
[2025-11-03T04:01:25.168+0000][gc,phases     ] GC(410)   Other: 0.4ms
[2025-11-03T04:01:25.168+0000][gc,heap       ] GC(410) Eden regions: 45->0(48)
[2025-11-03T04:01:25.168+0000][gc,heap       ] GC(410) Survivor regions: 1->1(6)
[2025-11-03T04:01:25.168+0000][gc,heap       ] GC(410) Old regions: 58->58
[2025-11-03T04:01:25.168+0000][gc,heap       ] GC(410) Humongous regions: 168->162
[2025-11-03T04:01:25.169+0000][gc,metaspace  ] GC(410) Metaspace: 53880K(57008K)->53880K(57008K) NonClass: 47955K(49584K)->47955K(49584K) Class: 5924K(7424K)->5924K(7424K)
[2025-11-03T04:01:25.169+0000][gc            ] GC(410) Pause Young (Normal) (G1 Evacuation Pause) 271M->220M(707M) 3.454ms
[2025-11-03T04:01:25.169+0000][gc,cpu        ] GC(410) User=0.00s Sys=0.00s Real=0.00s
[2025-11-03T04:01:25.176+0000][gc,marking    ] GC(409) Concurrent Mark From Roots 37.873ms
[2025-11-03T04:01:25.176+0000][gc,marking    ] GC(409) Concurrent Preclean
[2025-11-03T04:01:25.176+0000][gc,marking    ] GC(409) Concurrent Preclean 0.272ms
[2025-11-03T04:01:25.177+0000][gc,marking    ] GC(409) Concurrent Mark (25650.225s, 25650.264s) 38.893ms
[2025-11-03T04:01:25.177+0000][gc,start      ] GC(409) Pause Remark
[2025-11-03T04:01:25.185+0000][gc,stringtable] GC(409) Cleaned string and symbol table, strings: 17114 processed, 0 removed, symbols: 123853 processed, 0 removed
[2025-11-03T04:01:25.186+0000][gc            ] GC(409) Pause Remark 233M->233M(707M) 8.687ms
[2025-11-03T04:01:25.186+0000][gc,cpu        ] GC(409) User=0.02s Sys=0.00s Real=0.01s
[2025-11-03T04:01:25.186+0000][gc,marking    ] GC(409) Concurrent Rebuild Remembered Sets
[2025-11-03T04:01:25.204+0000][gc,marking    ] GC(409) Concurrent Rebuild Remembered Sets 18.548ms
[2025-11-03T04:01:25.205+0000][gc,start      ] GC(409) Pause Cleanup
[2025-11-03T04:01:25.205+0000][gc            ] GC(409) Pause Cleanup 278M->278M(707M) 0.382ms
[2025-11-03T04:01:25.205+0000][gc,cpu        ] GC(409) User=0.00s Sys=0.00s Real=0.00s
[2025-11-03T04:01:25.206+0000][gc,marking    ] GC(409) Concurrent Cleanup for Next Mark
[2025-11-03T04:01:25.206+0000][gc,marking    ] GC(409) Concurrent Cleanup for Next Mark 0.719ms
[2025-11-03T04:01:25.207+0000][gc            ] GC(409) Concurrent Cycle 70.178ms
[2025-11-03T04:01:25.207+0000][gc,start      ] GC(411) Pause Young (Normal) (G1 Evacuation Pause)
[2025-11-03T04:01:25.207+0000][gc,task       ] GC(411) Using 2 workers of 2 for evacuation
[2025-11-03T04:01:25.209+0000][gc,phases     ] GC(411)   Pre Evacuate Collection Set: 0.0ms
[2025-11-03T04:01:25.209+0000][gc,phases     ] GC(411)   Evacuate Collection Set: 1.2ms
[2025-11-03T04:01:25.209+0000][gc,phases     ] GC(411)   Post Evacuate Collection Set: 0.6ms
[2025-11-03T04:01:25.209+0000][gc,phases     ] GC(411)   Other: 0.3ms
[2025-11-03T04:01:25.210+0000][gc,heap       ] GC(411) Eden regions: 48->0(51)
[2025-11-03T04:01:25.210+0000][gc,heap       ] GC(411) Survivor regions: 1->1(7)
[2025-11-03T04:01:25.210+0000][gc,heap       ] GC(411) Old regions: 58->58
[2025-11-03T04:01:25.210+0000][gc,heap       ] GC(411) Humongous regions: 174->162
[2025-11-03T04:01:25.210+0000][gc,metaspace  ] GC(411) Metaspace: 53880K(57008K)->53880K(57008K) NonClass: 47955K(49584K)->47955K(49584K) Class: 5924K(7424K)->5924K(7424K)
[2025-11-03T04:01:25.210+0000][gc            ] GC(411) Pause Young (Normal) (G1 Evacuation Pause) 280M->220M(707M) 3.491ms
[2025-11-03T04:01:25.210+0000][gc,cpu        ] GC(411) User=0.00s Sys=0.00s Real=0.01s
[2025-11-03T04:01:25.219+0000][gc,start      ] GC(412) Pause Young (Concurrent Start) (G1 Humongous Allocation)
[2025-11-03T04:01:25.219+0000][gc,task       ] GC(412) Using 2 workers of 2 for evacuation
[2025-11-03T04:01:25.232+0000][gc,phases     ] GC(412)   Pre Evacuate Collection Set: 0.1ms
[2025-11-03T04:01:25.233+0000][gc,phases     ] GC(412)   Evacuate Collection Set: 1.2ms
[2025-11-03T04:01:25.233+0000][gc,phases     ] GC(412)   Post Evacuate Collection Set: 11.7ms
[2025-11-03T04:01:25.233+0000][gc,phases     ] GC(412)   Other: 0.4ms
[2025-11-03T04:01:25.233+0000][gc,heap       ] GC(412) Eden regions: 15->0(34)
[2025-11-03T04:01:25.234+0000][gc,heap       ] GC(412) Survivor regions: 1->1(7)
[2025-11-03T04:01:25.234+0000][gc,heap       ] GC(412) Old regions: 58->58
[2025-11-03T04:01:25.234+0000][gc,heap       ] GC(412) Humongous regions: 162->156
[2025-11-03T04:01:25.234+0000][gc,metaspace  ] GC(412) Metaspace: 53880K(57008K)->53880K(57008K) NonClass: 47955K(49584K)->47955K(49584K) Class: 5924K(7424K)->5924K(7424K)
[2025-11-03T04:01:25.235+0000][gc            ] GC(412) Pause Young (Concurrent Start) (G1 Humongous Allocation) 235M->214M(707M) 15.719ms
[2025-11-03T04:01:25.235+0000][gc,cpu        ] GC(412) User=0.01s Sys=0.00s Real=0.02s
[2025-11-03T04:01:25.235+0000][gc            ] GC(413) Concurrent Cycle
[2025-11-03T04:01:25.235+0000][gc,marking    ] GC(413) Concurrent Clear Claimed Marks
[2025-11-03T04:01:25.236+0000][gc,marking    ] GC(413) Concurrent Clear Claimed Marks 0.373ms
[2025-11-03T04:01:25.236+0000][gc,marking    ] GC(413) Concurrent Scan Root Regions
[2025-11-03T04:01:25.237+0000][gc,marking    ] GC(413) Concurrent Scan Root Regions 0.934ms
[2025-11-03T04:01:25.237+0000][gc,marking    ] GC(413) Concurrent Mark (25650.324s)
[2025-11-03T04:01:25.237+0000][gc,marking    ] GC(413) Concurrent Mark From Roots
[2025-11-03T04:01:25.237+0000][gc,task       ] GC(413) Using 1 workers of 1 for marking
[2025-11-03T04:01:25.258+0000][gc,start      ] GC(414) Pause Young (Normal) (G1 Evacuation Pause)
[2025-11-03T04:01:25.258+0000][gc,task       ] GC(414) Using 2 workers of 2 for evacuation
[2025-11-03T04:01:25.260+0000][gc,phases     ] GC(414)   Pre Evacuate Collection Set: 0.0ms
[2025-11-03T04:01:25.260+0000][gc,phases     ] GC(414)   Evacuate Collection Set: 1.3ms
[2025-11-03T04:01:25.260+0000][gc,phases     ] GC(414)   Post Evacuate Collection Set: 0.4ms
[2025-11-03T04:01:25.261+0000][gc,phases     ] GC(414)   Other: 0.5ms
[2025-11-03T04:01:25.261+0000][gc,heap       ] GC(414) Eden regions: 34->0(34)
[2025-11-03T04:01:25.261+0000][gc,heap       ] GC(414) Survivor regions: 1->1(5)
[2025-11-03T04:01:25.261+0000][gc,heap       ] GC(414) Old regions: 58->58
[2025-11-03T04:01:25.261+0000][gc,heap       ] GC(414) Humongous regions: 168->162
[2025-11-03T04:01:25.261+0000][gc,metaspace  ] GC(414) Metaspace: 53880K(57008K)->53880K(57008K) NonClass: 47955K(49584K)->47955K(49584K) Class: 5924K(7424K)->5924K(7424K)
[2025-11-03T04:01:25.261+0000][gc            ] GC(414) Pause Young (Normal) (G1 Evacuation Pause) 260M->220M(707M) 3.346ms
[2025-11-03T04:01:25.261+0000][gc,cpu        ] GC(414) User=0.01s Sys=0.00s Real=0.01s
[2025-11-03T04:01:25.274+0000][gc,marking    ] GC(413) Concurrent Mark From Roots 36.597ms
[2025-11-03T04:01:25.274+0000][gc,marking    ] GC(413) Concurrent Preclean
[2025-11-03T04:01:25.274+0000][gc,marking    ] GC(413) Concurrent Preclean 0.410ms
[2025-11-03T04:01:25.274+0000][gc,marking    ] GC(413) Concurrent Mark (25650.324s, 25650.362s) 37.447ms
[2025-11-03T04:01:25.275+0000][gc,start      ] GC(413) Pause Remark
[2025-11-03T04:01:25.282+0000][gc,stringtable] GC(413) Cleaned string and symbol table, strings: 17114 processed, 0 removed, symbols: 123853 processed, 0 removed
[2025-11-03T04:01:25.283+0000][gc            ] GC(413) Pause Remark 246M->246M(707M) 8.098ms
[2025-11-03T04:01:25.283+0000][gc,cpu        ] GC(413) User=0.02s Sys=0.00s Real=0.01s
[2025-11-03T04:01:25.283+0000][gc,marking    ] GC(413) Concurrent Rebuild Remembered Sets
[2025-11-03T04:01:25.288+0000][gc,start      ] GC(415) Pause Young (Normal) (G1 Evacuation Pause)
[2025-11-03T04:01:25.288+0000][gc,task       ] GC(415) Using 2 workers of 2 for evacuation
[2025-11-03T04:01:25.290+0000][gc,phases     ] GC(415)   Pre Evacuate Collection Set: 0.0ms
[2025-11-03T04:01:25.290+0000][gc,phases     ] GC(415)   Evacuate Collection Set: 1.3ms
[2025-11-03T04:01:25.290+0000][gc,phases     ] GC(415)   Post Evacuate Collection Set: 0.7ms
[2025-11-03T04:01:25.291+0000][gc,phases     ] GC(415)   Other: 0.4ms
[2025-11-03T04:01:25.291+0000][gc,heap       ] GC(415) Eden regions: 34->0(53)
[2025-11-03T04:01:25.291+0000][gc,heap       ] GC(415) Survivor regions: 1->1(5)
[2025-11-03T04:01:25.291+0000][gc,heap       ] GC(415) Old regions: 58->58
[2025-11-03T04:01:25.291+0000][gc,heap       ] GC(415) Humongous regions: 162->162
[2025-11-03T04:01:25.291+0000][gc,metaspace  ] GC(415) Metaspace: 53880K(57008K)->53880K(57008K) NonClass: 47955K(49584K)->47955K(49584K) Class: 5924K(7424K)->5924K(7424K)
[2025-11-03T04:01:25.291+0000][gc            ] GC(415) Pause Young (Normal) (G1 Evacuation Pause) 254M->220M(727M) 3.596ms
[2025-11-03T04:01:25.291+0000][gc,cpu        ] GC(415) User=0.00s Sys=0.00s Real=0.01s
[2025-11-03T04:01:25.306+0000][gc,marking    ] GC(413) Concurrent Rebuild Remembered Sets 23.213ms
[2025-11-03T04:01:25.307+0000][gc,start      ] GC(413) Pause Cleanup
[2025-11-03T04:01:25.307+0000][gc            ] GC(413) Pause Cleanup 241M->241M(727M) 0.349ms
[2025-11-03T04:01:25.307+0000][gc,cpu        ] GC(413) User=0.00s Sys=0.00s Real=0.00s
[2025-11-03T04:01:25.308+0000][gc,marking    ] GC(413) Concurrent Cleanup for Next Mark
[2025-11-03T04:01:25.309+0000][gc,marking    ] GC(413) Concurrent Cleanup for Next Mark 0.933ms
[2025-11-03T04:01:25.309+0000][gc            ] GC(413) Concurrent Cycle 73.606ms
[2025-11-03T04:01:25.316+0000][gc,start      ] GC(416) Pause Young (Concurrent Start) (G1 Humongous Allocation)
[2025-11-03T04:01:25.316+0000][gc,task       ] GC(416) Using 2 workers of 2 for evacuation
[2025-11-03T04:01:25.318+0000][gc,phases     ] GC(416)   Pre Evacuate Collection Set: 0.2ms
[2025-11-03T04:01:25.318+0000][gc,phases     ] GC(416)   Evacuate Collection Set: 1.4ms
[2025-11-03T04:01:25.318+0000][gc,phases     ] GC(416)   Post Evacuate Collection Set: 0.4ms
[2025-11-03T04:01:25.318+0000][gc,phases     ] GC(416)   Other: 0.4ms
[2025-11-03T04:01:25.318+0000][gc,heap       ] GC(416) Eden regions: 28->0(51)
[2025-11-03T04:01:25.319+0000][gc,heap       ] GC(416) Survivor regions: 1->1(7)
[2025-11-03T04:01:25.319+0000][gc,heap       ] GC(416) Old regions: 58->58
[2025-11-03T04:01:25.319+0000][gc,heap       ] GC(416) Humongous regions: 168->156
[2025-11-03T04:01:25.319+0000][gc,metaspace  ] GC(416) Metaspace: 53880K(57008K)->53880K(57008K) NonClass: 47956K(49584K)->47956K(49584K) Class: 5924K(7424K)->5924K(7424K)
[2025-11-03T04:01:25.319+0000][gc            ] GC(416) Pause Young (Concurrent Start) (G1 Humongous Allocation) 253M->214M(727M) 3.712ms
[2025-11-03T04:01:25.319+0000][gc,cpu        ] GC(416) User=0.01s Sys=0.00s Real=0.00s
[2025-11-03T04:01:25.320+0000][gc            ] GC(417) Concurrent Cycle
[2025-11-03T04:01:25.320+0000][gc,marking    ] GC(417) Concurrent Clear Claimed Marks
[2025-11-03T04:01:25.320+0000][gc,marking    ] GC(417) Concurrent Clear Claimed Marks 0.230ms
[2025-11-03T04:01:25.320+0000][gc,marking    ] GC(417) Concurrent Scan Root Regions
[2025-11-03T04:01:25.321+0000][gc,marking    ] GC(417) Concurrent Scan Root Regions 0.592ms
[2025-11-03T04:01:25.321+0000][gc,marking    ] GC(417) Concurrent Mark (25650.408s)
[2025-11-03T04:01:25.321+0000][gc,marking    ] GC(417) Concurrent Mark From Roots
[2025-11-03T04:01:25.321+0000][gc,task       ] GC(417) Using 1 workers of 1 for marking
[2025-11-03T04:01:25.348+0000][gc,start      ] GC(418) Pause Young (Normal) (G1 Evacuation Pause)
[2025-11-03T04:01:25.349+0000][gc,task       ] GC(418) Using 2 workers of 2 for evacuation
[2025-11-03T04:01:25.351+0000][gc,phases     ] GC(418)   Pre Evacuate Collection Set: 0.0ms
[2025-11-03T04:01:25.351+0000][gc,phases     ] GC(418)   Evacuate Collection Set: 1.3ms
[2025-11-03T04:01:25.351+0000][gc,phases     ] GC(418)   Post Evacuate Collection Set: 0.4ms
[2025-11-03T04:01:25.351+0000][gc,phases     ] GC(418)   Other: 0.5ms
[2025-11-03T04:01:25.351+0000][gc,heap       ] GC(418) Eden regions: 51->0(57)
[2025-11-03T04:01:25.351+0000][gc,heap       ] GC(418) Survivor regions: 1->1(7)
[2025-11-03T04:01:25.351+0000][gc,heap       ] GC(418) Old regions: 58->58
[2025-11-03T04:01:25.351+0000][gc,heap       ] GC(418) Humongous regions: 168->162
[2025-11-03T04:01:25.352+0000][gc,metaspace  ] GC(418) Metaspace: 53880K(57008K)->53880K(57008K) NonClass: 47956K(49584K)->47956K(49584K) Class: 5924K(7424K)->5924K(7424K)
[2025-11-03T04:01:25.352+0000][gc            ] GC(418) Pause Young (Normal) (G1 Evacuation Pause) 277M->220M(727M) 3.284ms
[2025-11-03T04:01:25.352+0000][gc,cpu        ] GC(418) User=0.01s Sys=0.00s Real=0.01s
[2025-11-03T04:01:25.356+0000][gc,marking    ] GC(417) Concurrent Mark From Roots 34.530ms
[2025-11-03T04:01:25.356+0000][gc,marking    ] GC(417) Concurrent Preclean
[2025-11-03T04:01:25.356+0000][gc,marking    ] GC(417) Concurrent Preclean 0.292ms
[2025-11-03T04:01:25.356+0000][gc,marking    ] GC(417) Concurrent Mark (25650.408s, 25650.444s) 35.499ms
[2025-11-03T04:01:25.357+0000][gc,start      ] GC(417) Pause Remark
[2025-11-03T04:01:25.365+0000][gc,stringtable] GC(417) Cleaned string and symbol table, strings: 17114 processed, 0 removed, symbols: 123853 processed, 0 removed
[2025-11-03T04:01:25.365+0000][gc            ] GC(417) Pause Remark 231M->231M(727M) 8.187ms
[2025-11-03T04:01:25.365+0000][gc,cpu        ] GC(417) User=0.01s Sys=0.00s Real=0.01s
[2025-11-03T04:01:25.366+0000][gc,marking    ] GC(417) Concurrent Rebuild Remembered Sets
[2025-11-03T04:01:25.389+0000][gc,marking    ] GC(417) Concurrent Rebuild Remembered Sets 23.457ms
[2025-11-03T04:01:25.390+0000][gc,start      ] GC(417) Pause Cleanup
[2025-11-03T04:01:25.390+0000][gc            ] GC(417) Pause Cleanup 271M->271M(727M) 0.388ms
[2025-11-03T04:01:25.390+0000][gc,cpu        ] GC(417) User=0.00s Sys=0.00s Real=0.01s
[2025-11-03T04:01:25.390+0000][gc,marking    ] GC(417) Concurrent Cleanup for Next Mark
[2025-11-03T04:01:25.391+0000][gc,marking    ] GC(417) Concurrent Cleanup for Next Mark 0.838ms
[2025-11-03T04:01:25.391+0000][gc            ] GC(417) Concurrent Cycle 71.712ms
[2025-11-03T04:01:25.399+0000][gc,start      ] GC(419) Pause Young (Normal) (G1 Evacuation Pause)
[2025-11-03T04:01:25.399+0000][gc,task       ] GC(419) Using 2 workers of 2 for evacuation
[2025-11-03T04:01:25.401+0000][gc,phases     ] GC(419)   Pre Evacuate Collection Set: 0.0ms
[2025-11-03T04:01:25.401+0000][gc,phases     ] GC(419)   Evacuate Collection Set: 1.3ms
[2025-11-03T04:01:25.401+0000][gc,phases     ] GC(419)   Post Evacuate Collection Set: 0.4ms
[2025-11-03T04:01:25.401+0000][gc,phases     ] GC(419)   Other: 0.5ms
[2025-11-03T04:01:25.401+0000][gc,heap       ] GC(419) Eden regions: 57->0(47)
[2025-11-03T04:01:25.401+0000][gc,heap       ] GC(419) Survivor regions: 1->1(8)
[2025-11-03T04:01:25.401+0000][gc,heap       ] GC(419) Old regions: 58->58
[2025-11-03T04:01:25.402+0000][gc,heap       ] GC(419) Humongous regions: 174->162
[2025-11-03T04:01:25.402+0000][gc,metaspace  ] GC(419) Metaspace: 53898K(57264K)->53898K(57264K) NonClass: 47973K(49840K)->47973K(49840K) Class: 5924K(7424K)->5924K(7424K)
[2025-11-03T04:01:25.402+0000][gc            ] GC(419) Pause Young (Normal) (G1 Evacuation Pause) 289M->220M(727M) 3.182ms
[2025-11-03T04:01:25.402+0000][gc,cpu        ] GC(419) User=0.00s Sys=0.00s Real=0.01s
[2025-11-03T04:01:25.403+0000][gc,start      ] GC(420) Pause Young (Concurrent Start) (G1 Humongous Allocation)
[2025-11-03T04:01:25.403+0000][gc,task       ] GC(420) Using 2 workers of 2 for evacuation
[2025-11-03T04:01:25.405+0000][gc,phases     ] GC(420)   Pre Evacuate Collection Set: 0.1ms
[2025-11-03T04:01:25.405+0000][gc,phases     ] GC(420)   Evacuate Collection Set: 1.1ms
[2025-11-03T04:01:25.405+0000][gc,phases     ] GC(420)   Post Evacuate Collection Set: 0.3ms
[2025-11-03T04:01:25.405+0000][gc,phases     ] GC(420)   Other: 0.3ms
[2025-11-03T04:01:25.405+0000][gc,heap       ] GC(420) Eden regions: 1->0(43)
[2025-11-03T04:01:25.405+0000][gc,heap       ] GC(420) Survivor regions: 1->1(6)
[2025-11-03T04:01:25.405+0000][gc,heap       ] GC(420) Old regions: 58->58
[2025-11-03T04:01:25.406+0000][gc,heap       ] GC(420) Humongous regions: 162->156
[2025-11-03T04:01:25.406+0000][gc,metaspace  ] GC(420) Metaspace: 53898K(57264K)->53898K(57264K) NonClass: 47973K(49840K)->47973K(49840K) Class: 5924K(7424K)->5924K(7424K)
[2025-11-03T04:01:25.406+0000][gc            ] GC(420) Pause Young (Concurrent Start) (G1 Humongous Allocation) 220M->214M(727M) 2.912ms
[2025-11-03T04:01:25.406+0000][gc,cpu        ] GC(420) User=0.00s Sys=0.00s Real=0.00s
[2025-11-03T04:01:25.406+0000][gc            ] GC(421) Concurrent Cycle
[2025-11-03T04:01:25.406+0000][gc,marking    ] GC(421) Concurrent Clear Claimed Marks
[2025-11-03T04:01:25.406+0000][gc,marking    ] GC(421) Concurrent Clear Claimed Marks 0.160ms
[2025-11-03T04:01:25.407+0000][gc,marking    ] GC(421) Concurrent Scan Root Regions
[2025-11-03T04:01:25.408+0000][gc,marking    ] GC(421) Concurrent Scan Root Regions 1.437ms
[2025-11-03T04:01:25.408+0000][gc,marking    ] GC(421) Concurrent Mark (25650.496s)
[2025-11-03T04:01:25.409+0000][gc,marking    ] GC(421) Concurrent Mark From Roots
[2025-11-03T04:01:25.409+0000][gc,task       ] GC(421) Using 1 workers of 1 for marking
[2025-11-03T04:01:25.433+0000][gc,start      ] GC(422) Pause Young (Normal) (G1 Evacuation Pause)
[2025-11-03T04:01:25.433+0000][gc,task       ] GC(422) Using 2 workers of 2 for evacuation
[2025-11-03T04:01:25.436+0000][gc,phases     ] GC(422)   Pre Evacuate Collection Set: 0.0ms
[2025-11-03T04:01:25.436+0000][gc,phases     ] GC(422)   Evacuate Collection Set: 1.4ms
[2025-11-03T04:01:25.436+0000][gc,phases     ] GC(422)   Post Evacuate Collection Set: 0.5ms
[2025-11-03T04:01:25.436+0000][gc,phases     ] GC(422)   Other: 0.4ms
[2025-11-03T04:01:25.436+0000][gc,heap       ] GC(422) Eden regions: 43->0(50)
[2025-11-03T04:01:25.436+0000][gc,heap       ] GC(422) Survivor regions: 1->1(6)
[2025-11-03T04:01:25.437+0000][gc,heap       ] GC(422) Old regions: 58->58
[2025-11-03T04:01:25.437+0000][gc,heap       ] GC(422) Humongous regions: 168->162
[2025-11-03T04:01:25.437+0000][gc,metaspace  ] GC(422) Metaspace: 53898K(57264K)->53898K(57264K) NonClass: 47973K(49840K)->47973K(49840K) Class: 5924K(7424K)->5924K(7424K)
[2025-11-03T04:01:25.437+0000][gc            ] GC(422) Pause Young (Normal) (G1 Evacuation Pause) 269M->220M(727M) 3.804ms
[2025-11-03T04:01:25.437+0000][gc,cpu        ] GC(422) User=0.00s Sys=0.00s Real=0.00s
[2025-11-03T04:01:25.445+0000][gc,marking    ] GC(421) Concurrent Mark From Roots 36.712ms
[2025-11-03T04:01:25.446+0000][gc,marking    ] GC(421) Concurrent Preclean
[2025-11-03T04:01:25.446+0000][gc,marking    ] GC(421) Concurrent Preclean 0.377ms
[2025-11-03T04:01:25.446+0000][gc,marking    ] GC(421) Concurrent Mark (25650.496s, 25650.534s) 37.668ms
[2025-11-03T04:01:25.446+0000][gc,start      ] GC(421) Pause Remark
[2025-11-03T04:01:25.454+0000][gc,stringtable] GC(421) Cleaned string and symbol table, strings: 17118 processed, 0 removed, symbols: 123853 processed, 0 removed
[2025-11-03T04:01:25.455+0000][gc            ] GC(421) Pause Remark 239M->239M(727M) 8.230ms
[2025-11-03T04:01:25.455+0000][gc,cpu        ] GC(421) User=0.02s Sys=0.00s Real=0.01s
[2025-11-03T04:01:25.455+0000][gc,marking    ] GC(421) Concurrent Rebuild Remembered Sets
[2025-11-03T04:01:25.473+0000][gc,start      ] GC(423) Pause Young (Normal) (G1 Evacuation Pause)
[2025-11-03T04:01:25.473+0000][gc,task       ] GC(423) Using 2 workers of 2 for evacuation
[2025-11-03T04:01:25.476+0000][gc,phases     ] GC(423)   Pre Evacuate Collection Set: 0.0ms
[2025-11-03T04:01:25.476+0000][gc,phases     ] GC(423)   Evacuate Collection Set: 1.3ms
[2025-11-03T04:01:25.476+0000][gc,phases     ] GC(423)   Post Evacuate Collection Set: 0.5ms
[2025-11-03T04:01:25.476+0000][gc,phases     ] GC(423)   Other: 0.5ms
[2025-11-03T04:01:25.476+0000][gc,heap       ] GC(423) Eden regions: 50->0(56)
[2025-11-03T04:01:25.477+0000][gc,heap       ] GC(423) Survivor regions: 1->1(7)
[2025-11-03T04:01:25.477+0000][gc,heap       ] GC(423) Old regions: 58->58
[2025-11-03T04:01:25.477+0000][gc,heap       ] GC(423) Humongous regions: 168->162
[2025-11-03T04:01:25.477+0000][gc,metaspace  ] GC(423) Metaspace: 53898K(57264K)->53898K(57264K) NonClass: 47973K(49840K)->47973K(49840K) Class: 5924K(7424K)->5924K(7424K)
[2025-11-03T04:01:25.477+0000][gc            ] GC(423) Pause Young (Normal) (G1 Evacuation Pause) 276M->220M(727M) 3.925ms
[2025-11-03T04:01:25.477+0000][gc,cpu        ] GC(423) User=0.01s Sys=0.00s Real=0.00s
[2025-11-03T04:01:25.478+0000][gc,marking    ] GC(421) Concurrent Rebuild Remembered Sets 22.494ms
[2025-11-03T04:01:25.478+0000][gc,start      ] GC(421) Pause Cleanup
[2025-11-03T04:01:25.478+0000][gc            ] GC(421) Pause Cleanup 221M->221M(727M) 0.308ms
[2025-11-03T04:01:25.478+0000][gc,cpu        ] GC(421) User=0.00s Sys=0.00s Real=0.00s
[2025-11-03T04:01:25.479+0000][gc,marking    ] GC(421) Concurrent Cleanup for Next Mark
[2025-11-03T04:01:25.479+0000][gc,marking    ] GC(421) Concurrent Cleanup for Next Mark 0.663ms
[2025-11-03T04:01:25.479+0000][gc            ] GC(421) Concurrent Cycle 73.304ms
[2025-11-03T04:01:25.481+0000][gc,start      ] GC(424) Pause Young (Concurrent Start) (G1 Humongous Allocation)
[2025-11-03T04:01:25.481+0000][gc,task       ] GC(424) Using 2 workers of 2 for evacuation
[2025-11-03T04:01:25.484+0000][gc,phases     ] GC(424)   Pre Evacuate Collection Set: 0.2ms
[2025-11-03T04:01:25.484+0000][gc,phases     ] GC(424)   Evacuate Collection Set: 1.5ms
[2025-11-03T04:01:25.484+0000][gc,phases     ] GC(424)   Post Evacuate Collection Set: 0.3ms
[2025-11-03T04:01:25.484+0000][gc,phases     ] GC(424)   Other: 0.4ms
[2025-11-03T04:01:25.484+0000][gc,heap       ] GC(424) Eden regions: 5->0(42)
[2025-11-03T04:01:25.484+0000][gc,heap       ] GC(424) Survivor regions: 1->1(8)
[2025-11-03T04:01:25.484+0000][gc,heap       ] GC(424) Old regions: 58->58
[2025-11-03T04:01:25.484+0000][gc,heap       ] GC(424) Humongous regions: 162->156
[2025-11-03T04:01:25.484+0000][gc,metaspace  ] GC(424) Metaspace: 53898K(57264K)->53898K(57264K) NonClass: 47973K(49840K)->47973K(49840K) Class: 5924K(7424K)->5924K(7424K)
[2025-11-03T04:01:25.485+0000][gc            ] GC(424) Pause Young (Concurrent Start) (G1 Humongous Allocation) 225M->214M(727M) 3.362ms
[2025-11-03T04:01:25.485+0000][gc,cpu        ] GC(424) User=0.01s Sys=0.00s Real=0.00s
[2025-11-03T04:01:25.485+0000][gc            ] GC(425) Concurrent Cycle
[2025-11-03T04:01:25.485+0000][gc,marking    ] GC(425) Concurrent Clear Claimed Marks
[2025-11-03T04:01:25.485+0000][gc,marking    ] GC(425) Concurrent Clear Claimed Marks 0.210ms
[2025-11-03T04:01:25.485+0000][gc,marking    ] GC(425) Concurrent Scan Root Regions
[2025-11-03T04:01:25.486+0000][gc,marking    ] GC(425) Concurrent Scan Root Regions 0.702ms
[2025-11-03T04:01:25.486+0000][gc,marking    ] GC(425) Concurrent Mark (25650.574s)
[2025-11-03T04:01:25.486+0000][gc,marking    ] GC(425) Concurrent Mark From Roots
[2025-11-03T04:01:25.487+0000][gc,task       ] GC(425) Using 1 workers of 1 for marking
[2025-11-03T04:01:25.511+0000][gc,start      ] GC(426) Pause Young (Normal) (G1 Evacuation Pause)
[2025-11-03T04:01:25.511+0000][gc,task       ] GC(426) Using 2 workers of 2 for evacuation
[2025-11-03T04:01:25.514+0000][gc,phases     ] GC(426)   Pre Evacuate Collection Set: 0.0ms
[2025-11-03T04:01:25.514+0000][gc,phases     ] GC(426)   Evacuate Collection Set: 1.5ms
[2025-11-03T04:01:25.514+0000][gc,phases     ] GC(426)   Post Evacuate Collection Set: 0.5ms
[2025-11-03T04:01:25.514+0000][gc,phases     ] GC(426)   Other: 0.6ms
[2025-11-03T04:01:25.514+0000][gc,heap       ] GC(426) Eden regions: 42->0(49)
[2025-11-03T04:01:25.514+0000][gc,heap       ] GC(426) Survivor regions: 1->1(6)
[2025-11-03T04:01:25.514+0000][gc,heap       ] GC(426) Old regions: 58->58
[2025-11-03T04:01:25.515+0000][gc,heap       ] GC(426) Humongous regions: 168->162
[2025-11-03T04:01:25.515+0000][gc,metaspace  ] GC(426) Metaspace: 53898K(57264K)->53898K(57264K) NonClass: 47973K(49840K)->47973K(49840K) Class: 5924K(7424K)->5924K(7424K)
[2025-11-03T04:01:25.515+0000][gc            ] GC(426) Pause Young (Normal) (G1 Evacuation Pause) 268M->220M(727M) 3.656ms
[2025-11-03T04:01:25.515+0000][gc,cpu        ] GC(426) User=0.00s Sys=0.00s Real=0.00s
[2025-11-03T04:01:25.523+0000][gc,marking    ] GC(425) Concurrent Mark From Roots 36.112ms
[2025-11-03T04:01:25.523+0000][gc,marking    ] GC(425) Concurrent Preclean
[2025-11-03T04:01:25.523+0000][gc,marking    ] GC(425) Concurrent Preclean 0.285ms
[2025-11-03T04:01:25.523+0000][gc,marking    ] GC(425) Concurrent Mark (25650.574s, 25650.611s) 36.893ms
[2025-11-03T04:01:25.523+0000][gc,start      ] GC(425) Pause Remark
[2025-11-03T04:01:25.533+0000][gc,stringtable] GC(425) Cleaned string and symbol table, strings: 17118 processed, 0 removed, symbols: 123853 processed, 0 removed
[2025-11-03T04:01:25.533+0000][gc            ] GC(425) Pause Remark 239M->239M(727M) 9.851ms
[2025-11-03T04:01:25.534+0000][gc,cpu        ] GC(425) User=0.02s Sys=0.00s Real=0.01s
[2025-11-03T04:01:25.534+0000][gc,marking    ] GC(425) Concurrent Rebuild Remembered Sets
[2025-11-03T04:01:25.552+0000][gc,marking    ] GC(425) Concurrent Rebuild Remembered Sets 18.605ms
[2025-11-03T04:01:25.553+0000][gc,start      ] GC(425) Pause Cleanup
[2025-11-03T04:01:25.553+0000][gc            ] GC(425) Pause Cleanup 281M->281M(727M) 0.378ms
[2025-11-03T04:01:25.553+0000][gc,cpu        ] GC(425) User=0.00s Sys=0.00s Real=0.00s
[2025-11-03T04:01:25.554+0000][gc,marking    ] GC(425) Concurrent Cleanup for Next Mark
[2025-11-03T04:01:25.554+0000][gc,start      ] GC(427) Pause Young (Normal) (G1 Evacuation Pause)
[2025-11-03T04:01:25.554+0000][gc,task       ] GC(427) Using 2 workers of 2 for evacuation
[2025-11-03T04:01:25.557+0000][gc,phases     ] GC(427)   Pre Evacuate Collection Set: 0.0ms
[2025-11-03T04:01:25.557+0000][gc,phases     ] GC(427)   Evacuate Collection Set: 1.7ms
[2025-11-03T04:01:25.557+0000][gc,phases     ] GC(427)   Post Evacuate Collection Set: 0.5ms
[2025-11-03T04:01:25.557+0000][gc,phases     ] GC(427)   Other: 0.3ms
[2025-11-03T04:01:25.557+0000][gc,heap       ] GC(427) Eden regions: 49->0(35)
[2025-11-03T04:01:25.557+0000][gc,heap       ] GC(427) Survivor regions: 1->1(7)
[2025-11-03T04:01:25.557+0000][gc,heap       ] GC(427) Old regions: 58->58
[2025-11-03T04:01:25.557+0000][gc,heap       ] GC(427) Humongous regions: 174->162
[2025-11-03T04:01:25.557+0000][gc,metaspace  ] GC(427) Metaspace: 53898K(57264K)->53898K(57264K) NonClass: 47973K(49840K)->47973K(49840K) Class: 5924K(7424K)->5924K(7424K)
[2025-11-03T04:01:25.558+0000][gc            ] GC(427) Pause Young (Normal) (G1 Evacuation Pause) 281M->220M(727M) 3.586ms
[2025-11-03T04:01:25.558+0000][gc,cpu        ] GC(427) User=0.00s Sys=0.00s Real=0.00s
[2025-11-03T04:01:25.558+0000][gc,marking    ] GC(425) Concurrent Cleanup for Next Mark 4.702ms
[2025-11-03T04:01:25.558+0000][gc            ] GC(425) Concurrent Cycle 73.421ms
[2025-11-03T04:01:25.576+0000][gc,start      ] GC(428) Pause Young (Normal) (G1 Evacuation Pause)
[2025-11-03T04:01:25.576+0000][gc,task       ] GC(428) Using 2 workers of 2 for evacuation
[2025-11-03T04:01:25.578+0000][gc,phases     ] GC(428)   Pre Evacuate Collection Set: 0.0ms
[2025-11-03T04:01:25.578+0000][gc,phases     ] GC(428)   Evacuate Collection Set: 1.5ms
[2025-11-03T04:01:25.579+0000][gc,phases     ] GC(428)   Post Evacuate Collection Set: 0.5ms
[2025-11-03T04:01:25.579+0000][gc,phases     ] GC(428)   Other: 0.5ms
[2025-11-03T04:01:25.579+0000][gc,heap       ] GC(428) Eden regions: 35->0(41)
[2025-11-03T04:01:25.579+0000][gc,heap       ] GC(428) Survivor regions: 1->1(5)
[2025-11-03T04:01:25.579+0000][gc,heap       ] GC(428) Old regions: 58->59
[2025-11-03T04:01:25.579+0000][gc,heap       ] GC(428) Humongous regions: 162->162
[2025-11-03T04:01:25.580+0000][gc,metaspace  ] GC(428) Metaspace: 53898K(57264K)->53898K(57264K) NonClass: 47973K(49840K)->47973K(49840K) Class: 5924K(7424K)->5924K(7424K)
[2025-11-03T04:01:25.580+0000][gc            ] GC(428) Pause Young (Normal) (G1 Evacuation Pause) 255M->220M(727M) 4.472ms
[2025-11-03T04:01:25.580+0000][gc,cpu        ] GC(428) User=0.00s Sys=0.00s Real=0.01s
[2025-11-03T04:01:25.599+0000][gc,start      ] GC(429) Pause Young (Concurrent Start) (G1 Evacuation Pause)
[2025-11-03T04:01:25.599+0000][gc,task       ] GC(429) Using 2 workers of 2 for evacuation
[2025-11-03T04:01:25.602+0000][gc,phases     ] GC(429)   Pre Evacuate Collection Set: 0.2ms
[2025-11-03T04:01:25.602+0000][gc,phases     ] GC(429)   Evacuate Collection Set: 1.3ms
[2025-11-03T04:01:25.602+0000][gc,phases     ] GC(429)   Post Evacuate Collection Set: 0.5ms
[2025-11-03T04:01:25.602+0000][gc,phases     ] GC(429)   Other: 0.5ms
[2025-11-03T04:01:25.602+0000][gc,heap       ] GC(429) Eden regions: 41->0(57)
[2025-11-03T04:01:25.602+0000][gc,heap       ] GC(429) Survivor regions: 1->1(6)
[2025-11-03T04:01:25.603+0000][gc,heap       ] GC(429) Old regions: 59->59
[2025-11-03T04:01:25.603+0000][gc,heap       ] GC(429) Humongous regions: 162->162
[2025-11-03T04:01:25.603+0000][gc,metaspace  ] GC(429) Metaspace: 53898K(57264K)->53898K(57264K) NonClass: 47973K(49840K)->47973K(49840K) Class: 5924K(7424K)->5924K(7424K)
[2025-11-03T04:01:25.603+0000][gc            ] GC(429) Pause Young (Concurrent Start) (G1 Evacuation Pause) 261M->220M(727M) 3.761ms
[2025-11-03T04:01:25.603+0000][gc,cpu        ] GC(429) User=0.01s Sys=0.00s Real=0.01s
[2025-11-03T04:01:25.603+0000][gc            ] GC(430) Concurrent Cycle
[2025-11-03T04:01:25.603+0000][gc,marking    ] GC(430) Concurrent Clear Claimed Marks
[2025-11-03T04:01:25.604+0000][gc,marking    ] GC(430) Concurrent Clear Claimed Marks 0.153ms
[2025-11-03T04:01:25.604+0000][gc,marking    ] GC(430) Concurrent Scan Root Regions
[2025-11-03T04:01:25.604+0000][gc,marking    ] GC(430) Concurrent Scan Root Regions 0.661ms
[2025-11-03T04:01:25.604+0000][gc,marking    ] GC(430) Concurrent Mark (25650.692s)
[2025-11-03T04:01:25.605+0000][gc,marking    ] GC(430) Concurrent Mark From Roots
[2025-11-03T04:01:25.605+0000][gc,task       ] GC(430) Using 1 workers of 1 for marking
[2025-11-03T04:01:25.637+0000][gc,start      ] GC(431) Pause Young (Normal) (G1 Evacuation Pause)
[2025-11-03T04:01:25.637+0000][gc,task       ] GC(431) Using 2 workers of 2 for evacuation
[2025-11-03T04:01:25.639+0000][gc,phases     ] GC(431)   Pre Evacuate Collection Set: 0.0ms
[2025-11-03T04:01:25.639+0000][gc,phases     ] GC(431)   Evacuate Collection Set: 1.5ms
[2025-11-03T04:01:25.639+0000][gc,phases     ] GC(431)   Post Evacuate Collection Set: 0.6ms
[2025-11-03T04:01:25.640+0000][gc,phases     ] GC(431)   Other: 0.4ms
[2025-11-03T04:01:25.640+0000][gc,heap       ] GC(431) Eden regions: 57->0(62)
[2025-11-03T04:01:25.640+0000][gc,heap       ] GC(431) Survivor regions: 1->1(8)
[2025-11-03T04:01:25.640+0000][gc,heap       ] GC(431) Old regions: 59->59
[2025-11-03T04:01:25.640+0000][gc,heap       ] GC(431) Humongous regions: 180->162
[2025-11-03T04:01:25.640+0000][gc,metaspace  ] GC(431) Metaspace: 53898K(57264K)->53898K(57264K) NonClass: 47973K(49840K)->47973K(49840K) Class: 5924K(7424K)->5924K(7424K)
[2025-11-03T04:01:25.640+0000][gc            ] GC(431) Pause Young (Normal) (G1 Evacuation Pause) 295M->220M(727M) 3.670ms
[2025-11-03T04:01:25.640+0000][gc,cpu        ] GC(431) User=0.01s Sys=0.00s Real=0.01s
[2025-11-03T04:01:25.642+0000][gc,marking    ] GC(430) Concurrent Mark From Roots 36.989ms
[2025-11-03T04:01:25.642+0000][gc,marking    ] GC(430) Concurrent Preclean
[2025-11-03T04:01:25.642+0000][gc,marking    ] GC(430) Concurrent Preclean 0.213ms
[2025-11-03T04:01:25.642+0000][gc,marking    ] GC(430) Concurrent Mark (25650.692s, 25650.730s) 37.594ms
[2025-11-03T04:01:25.643+0000][gc,start      ] GC(430) Pause Remark
[2025-11-03T04:01:25.650+0000][gc,stringtable] GC(430) Cleaned string and symbol table, strings: 17118 processed, 0 removed, symbols: 123853 processed, 0 removed
[2025-11-03T04:01:25.651+0000][gc            ] GC(430) Pause Remark 223M->223M(727M) 8.203ms
[2025-11-03T04:01:25.651+0000][gc,cpu        ] GC(430) User=0.02s Sys=0.00s Real=0.01s
[2025-11-03T04:01:25.651+0000][gc,marking    ] GC(430) Concurrent Rebuild Remembered Sets
[2025-11-03T04:01:25.670+0000][gc,marking    ] GC(430) Concurrent Rebuild Remembered Sets 18.476ms
[2025-11-03T04:01:25.670+0000][gc,start      ] GC(430) Pause Cleanup
[2025-11-03T04:01:25.670+0000][gc            ] GC(430) Pause Cleanup 263M->263M(727M) 0.373ms
[2025-11-03T04:01:25.671+0000][gc,cpu        ] GC(430) User=0.00s Sys=0.00s Real=0.00s
[2025-11-03T04:01:25.671+0000][gc,marking    ] GC(430) Concurrent Cleanup for Next Mark
[2025-11-03T04:01:25.672+0000][gc,marking    ] GC(430) Concurrent Cleanup for Next Mark 0.789ms
[2025-11-03T04:01:25.672+0000][gc            ] GC(430) Concurrent Cycle 68.374ms
[2025-11-03T04:17:35.390+0000][gc,start      ] GC(432) Pause Young (Normal) (G1 Evacuation Pause)
[2025-11-03T04:17:35.391+0000][gc,task       ] GC(432) Using 2 workers of 2 for evacuation
[2025-11-03T04:17:35.403+0000][gc,phases     ] GC(432)   Pre Evacuate Collection Set: 0.0ms
[2025-11-03T04:17:35.403+0000][gc,phases     ] GC(432)   Evacuate Collection Set: 8.7ms
[2025-11-03T04:17:35.404+0000][gc,phases     ] GC(432)   Post Evacuate Collection Set: 1.5ms
[2025-11-03T04:17:35.405+0000][gc,phases     ] GC(432)   Other: 2.4ms
[2025-11-03T04:17:35.405+0000][gc,heap       ] GC(432) Eden regions: 52->0(54)
[2025-11-03T04:17:35.406+0000][gc,heap       ] GC(432) Survivor regions: 1->3(7)
[2025-11-03T04:17:35.406+0000][gc,heap       ] GC(432) Old regions: 59->59
[2025-11-03T04:17:35.408+0000][gc,heap       ] GC(432) Humongous regions: 168->156
[2025-11-03T04:17:35.409+0000][gc,metaspace  ] GC(432) Metaspace: 53899K(57264K)->53899K(57264K) NonClass: 47974K(49840K)->47974K(49840K) Class: 5924K(7424K)->5924K(7424K)
[2025-11-03T04:17:35.411+0000][gc            ] GC(432) Pause Young (Normal) (G1 Evacuation Pause) 278M->216M(727M) 20.548ms
[2025-11-03T04:17:35.411+0000][gc,cpu        ] GC(432) User=0.01s Sys=0.01s Real=0.02s
[2025-11-03T04:41:27.227+0000][gc,start      ] GC(433) Pause Young (Concurrent Start) (G1 Evacuation Pause)
[2025-11-03T04:41:27.228+0000][gc,task       ] GC(433) Using 2 workers of 2 for evacuation
[2025-11-03T04:41:27.284+0000][gc,mmu        ] GC(433) MMU target violated: 21.0ms (20.0ms/21.0ms)
[2025-11-03T04:41:27.286+0000][gc,phases     ] GC(433)   Pre Evacuate Collection Set: 0.5ms
[2025-11-03T04:41:27.286+0000][gc,phases     ] GC(433)   Evacuate Collection Set: 51.2ms
[2025-11-03T04:41:27.287+0000][gc,phases     ] GC(433)   Post Evacuate Collection Set: 3.2ms
[2025-11-03T04:41:27.287+0000][gc,phases     ] GC(433)   Other: 3.7ms
[2025-11-03T04:41:27.288+0000][gc,heap       ] GC(433) Eden regions: 54->0(56)
[2025-11-03T04:41:27.290+0000][gc,heap       ] GC(433) Survivor regions: 3->5(8)
[2025-11-03T04:41:27.290+0000][gc,heap       ] GC(433) Old regions: 59->59
[2025-11-03T04:41:27.292+0000][gc,heap       ] GC(433) Humongous regions: 156->156
[2025-11-03T04:41:27.293+0000][gc,metaspace  ] GC(433) Metaspace: 53935K(57264K)->53935K(57264K) NonClass: 48010K(49840K)->48010K(49840K) Class: 5924K(7424K)->5924K(7424K)
[2025-11-03T04:41:27.293+0000][gc            ] GC(433) Pause Young (Concurrent Start) (G1 Evacuation Pause) 270M->218M(727M) 66.412ms
[2025-11-03T04:41:27.296+0000][gc,cpu        ] GC(433) User=0.09s Sys=0.00s Real=0.07s
[2025-11-03T04:41:27.297+0000][gc            ] GC(434) Concurrent Cycle
[2025-11-03T04:41:27.316+0000][gc,marking    ] GC(434) Concurrent Clear Claimed Marks
[2025-11-03T04:41:27.318+0000][gc,marking    ] GC(434) Concurrent Clear Claimed Marks 1.677ms
[2025-11-03T04:41:27.320+0000][gc,marking    ] GC(434) Concurrent Scan Root Regions
[2025-11-03T04:41:27.342+0000][gc,marking    ] GC(434) Concurrent Scan Root Regions 21.374ms
[2025-11-03T04:41:27.343+0000][gc,marking    ] GC(434) Concurrent Mark (28052.519s)
[2025-11-03T04:41:27.344+0000][gc,marking    ] GC(434) Concurrent Mark From Roots
[2025-11-03T04:41:27.347+0000][gc,task       ] GC(434) Using 1 workers of 1 for marking
[2025-11-03T04:41:27.960+0000][gc,marking    ] GC(434) Concurrent Mark From Roots 615.514ms
[2025-11-03T04:41:27.965+0000][gc,marking    ] GC(434) Concurrent Preclean
[2025-11-03T04:41:27.968+0000][gc,marking    ] GC(434) Concurrent Preclean 2.387ms
[2025-11-03T04:41:27.973+0000][gc,marking    ] GC(434) Concurrent Mark (28052.519s, 28053.149s) 629.426ms
[2025-11-03T04:41:27.977+0000][gc,start      ] GC(434) Pause Remark
[2025-11-03T04:41:28.018+0000][gc,stringtable] GC(434) Cleaned string and symbol table, strings: 17143 processed, 0 removed, symbols: 123854 processed, 0 removed
[2025-11-03T04:41:28.019+0000][gc,mmu        ] GC(434) MMU target violated: 21.0ms (20.0ms/21.0ms)
[2025-11-03T04:41:28.020+0000][gc            ] GC(434) Pause Remark 226M->226M(727M) 42.838ms
[2025-11-03T04:41:28.021+0000][gc,cpu        ] GC(434) User=0.08s Sys=0.00s Real=0.04s
[2025-11-03T04:41:28.022+0000][gc,marking    ] GC(434) Concurrent Rebuild Remembered Sets
[2025-11-03T04:41:28.155+0000][gc,marking    ] GC(434) Concurrent Rebuild Remembered Sets 133.778ms
[2025-11-03T04:41:28.157+0000][gc,start      ] GC(434) Pause Cleanup
[2025-11-03T04:41:28.158+0000][gc            ] GC(434) Pause Cleanup 229M->229M(727M) 1.162ms
[2025-11-03T04:41:28.160+0000][gc,cpu        ] GC(434) User=0.00s Sys=0.01s Real=0.00s
[2025-11-03T04:41:28.162+0000][gc,marking    ] GC(434) Concurrent Cleanup for Next Mark
[2025-11-03T04:41:28.169+0000][gc,marking    ] GC(434) Concurrent Cleanup for Next Mark 6.712ms
[2025-11-03T04:41:28.172+0000][gc            ] GC(434) Concurrent Cycle 874.990ms
[2025-11-03T04:41:28.949+0000][gc,start      ] GC(435) Pause Young (Normal) (G1 Evacuation Pause)
[2025-11-03T04:41:28.950+0000][gc,task       ] GC(435) Using 2 workers of 2 for evacuation
[2025-11-03T04:41:28.969+0000][gc,phases     ] GC(435)   Pre Evacuate Collection Set: 0.0ms
[2025-11-03T04:41:28.969+0000][gc,phases     ] GC(435)   Evacuate Collection Set: 17.0ms
[2025-11-03T04:41:28.969+0000][gc,phases     ] GC(435)   Post Evacuate Collection Set: 0.9ms
[2025-11-03T04:41:28.969+0000][gc,phases     ] GC(435)   Other: 1.3ms
[2025-11-03T04:41:28.970+0000][gc,heap       ] GC(435) Eden regions: 31->0(34)
[2025-11-03T04:41:28.970+0000][gc,heap       ] GC(435) Survivor regions: 5->2(5)
[2025-11-03T04:41:28.970+0000][gc,heap       ] GC(435) Old regions: 59->62
[2025-11-03T04:41:28.971+0000][gc,heap       ] GC(435) Humongous regions: 156->156
[2025-11-03T04:41:28.971+0000][gc,metaspace  ] GC(435) Metaspace: 53961K(57264K)->53961K(57264K) NonClass: 48034K(49840K)->48034K(49840K) Class: 5927K(7424K)->5927K(7424K)
[2025-11-03T04:41:28.971+0000][gc            ] GC(435) Pause Young (Normal) (G1 Evacuation Pause) 249M->218M(727M) 21.919ms
[2025-11-03T04:41:28.972+0000][gc,cpu        ] GC(435) User=0.04s Sys=0.00s Real=0.02s
[2025-11-03T04:41:29.238+0000][gc,start      ] GC(436) Pause Young (Concurrent Start) (G1 Humongous Allocation)
[2025-11-03T04:41:29.239+0000][gc,task       ] GC(436) Using 2 workers of 2 for evacuation
[2025-11-03T04:41:29.250+0000][gc,phases     ] GC(436)   Pre Evacuate Collection Set: 0.3ms
[2025-11-03T04:41:29.250+0000][gc,phases     ] GC(436)   Evacuate Collection Set: 9.1ms
[2025-11-03T04:41:29.251+0000][gc,phases     ] GC(436)   Post Evacuate Collection Set: 1.1ms
[2025-11-03T04:41:29.251+0000][gc,phases     ] GC(436)   Other: 1.3ms
[2025-11-03T04:41:29.251+0000][gc,heap       ] GC(436) Eden regions: 9->0(37)
[2025-11-03T04:41:29.252+0000][gc,heap       ] GC(436) Survivor regions: 2->3(5)
[2025-11-03T04:41:29.252+0000][gc,heap       ] GC(436) Old regions: 62->62
[2025-11-03T04:41:29.252+0000][gc,heap       ] GC(436) Humongous regions: 156->156
[2025-11-03T04:41:29.253+0000][gc,metaspace  ] GC(436) Metaspace: 53961K(57264K)->53961K(57264K) NonClass: 48034K(49840K)->48034K(49840K) Class: 5927K(7424K)->5927K(7424K)
[2025-11-03T04:41:29.253+0000][gc            ] GC(436) Pause Young (Concurrent Start) (G1 Humongous Allocation) 227M->219M(727M) 14.647ms
[2025-11-03T04:41:29.253+0000][gc,cpu        ] GC(436) User=0.03s Sys=0.00s Real=0.02s
[2025-11-03T04:41:29.254+0000][gc            ] GC(437) Concurrent Cycle
[2025-11-03T04:41:29.254+0000][gc,marking    ] GC(437) Concurrent Clear Claimed Marks
[2025-11-03T04:41:29.255+0000][gc,marking    ] GC(437) Concurrent Clear Claimed Marks 0.822ms
[2025-11-03T04:41:29.255+0000][gc,marking    ] GC(437) Concurrent Scan Root Regions
[2025-11-03T04:41:29.260+0000][gc,marking    ] GC(437) Concurrent Scan Root Regions 4.676ms
[2025-11-03T04:41:29.260+0000][gc,marking    ] GC(437) Concurrent Mark (28054.436s)
[2025-11-03T04:41:29.261+0000][gc,marking    ] GC(437) Concurrent Mark From Roots
[2025-11-03T04:41:29.261+0000][gc,task       ] GC(437) Using 1 workers of 1 for marking
[2025-11-03T04:41:29.307+0000][gc,start      ] GC(438) Pause Young (Normal) (G1 Evacuation Pause)
[2025-11-03T04:41:29.307+0000][gc,task       ] GC(438) Using 2 workers of 2 for evacuation
[2025-11-03T04:41:29.317+0000][gc,phases     ] GC(438)   Pre Evacuate Collection Set: 0.0ms
[2025-11-03T04:41:29.317+0000][gc,phases     ] GC(438)   Evacuate Collection Set: 8.1ms
[2025-11-03T04:41:29.317+0000][gc,phases     ] GC(438)   Post Evacuate Collection Set: 1.0ms
[2025-11-03T04:41:29.318+0000][gc,phases     ] GC(438)   Other: 0.8ms
[2025-11-03T04:41:29.318+0000][gc,heap       ] GC(438) Eden regions: 37->0(45)
[2025-11-03T04:41:29.318+0000][gc,heap       ] GC(438) Survivor regions: 3->3(5)
[2025-11-03T04:41:29.318+0000][gc,heap       ] GC(438) Old regions: 62->62
[2025-11-03T04:41:29.319+0000][gc,heap       ] GC(438) Humongous regions: 168->162
[2025-11-03T04:41:29.319+0000][gc,metaspace  ] GC(438) Metaspace: 53961K(57264K)->53961K(57264K) NonClass: 48034K(49840K)->48034K(49840K) Class: 5927K(7424K)->5927K(7424K)
[2025-11-03T04:41:29.319+0000][gc            ] GC(438) Pause Young (Normal) (G1 Evacuation Pause) 268M->225M(727M) 12.413ms
[2025-11-03T04:41:29.319+0000][gc,cpu        ] GC(438) User=0.02s Sys=0.00s Real=0.01s
[2025-11-03T04:41:29.340+0000][gc,marking    ] GC(437) Concurrent Mark From Roots 79.410ms
[2025-11-03T04:41:29.340+0000][gc,marking    ] GC(437) Concurrent Preclean
[2025-11-03T04:41:29.341+0000][gc,marking    ] GC(437) Concurrent Preclean 0.505ms
[2025-11-03T04:41:29.341+0000][gc,marking    ] GC(437) Concurrent Mark (28054.436s, 28054.517s) 80.972ms
[2025-11-03T04:41:29.342+0000][gc,start      ] GC(437) Pause Remark
[2025-11-03T04:41:29.359+0000][gc,stringtable] GC(437) Cleaned string and symbol table, strings: 17163 processed, 3 removed, symbols: 123854 processed, 0 removed
[2025-11-03T04:41:29.360+0000][gc            ] GC(437) Pause Remark 243M->243M(727M) 17.464ms
[2025-11-03T04:41:29.360+0000][gc,cpu        ] GC(437) User=0.03s Sys=0.00s Real=0.01s
[2025-11-03T04:41:29.360+0000][gc,marking    ] GC(437) Concurrent Rebuild Remembered Sets
[2025-11-03T04:41:29.400+0000][gc,start      ] GC(439) Pause Young (Normal) (G1 Evacuation Pause)
[2025-11-03T04:41:29.403+0000][gc,task       ] GC(439) Using 2 workers of 2 for evacuation
[2025-11-03T04:41:29.413+0000][gc,phases     ] GC(439)   Pre Evacuate Collection Set: 0.0ms
[2025-11-03T04:41:29.414+0000][gc,phases     ] GC(439)   Evacuate Collection Set: 8.9ms
[2025-11-03T04:41:29.414+0000][gc,phases     ] GC(439)   Post Evacuate Collection Set: 1.1ms
[2025-11-03T04:41:29.415+0000][gc,phases     ] GC(439)   Other: 3.6ms
[2025-11-03T04:41:29.415+0000][gc,heap       ] GC(439) Eden regions: 45->0(49)
[2025-11-03T04:41:29.415+0000][gc,heap       ] GC(439) Survivor regions: 3->3(6)
[2025-11-03T04:41:29.416+0000][gc,heap       ] GC(439) Old regions: 62->62
[2025-11-03T04:41:29.416+0000][gc,heap       ] GC(439) Humongous regions: 174->162
[2025-11-03T04:41:29.417+0000][gc,metaspace  ] GC(439) Metaspace: 53961K(57264K)->53961K(57264K) NonClass: 48034K(49840K)->48034K(49840K) Class: 5927K(7424K)->5927K(7424K)
[2025-11-03T04:41:29.417+0000][gc            ] GC(439) Pause Young (Normal) (G1 Evacuation Pause) 282M->225M(727M) 17.319ms
[2025-11-03T04:41:29.417+0000][gc,cpu        ] GC(439) User=0.02s Sys=0.00s Real=0.02s
[2025-11-03T04:41:29.420+0000][gc,marking    ] GC(437) Concurrent Rebuild Remembered Sets 60.149ms
[2025-11-03T04:41:29.421+0000][gc,start      ] GC(437) Pause Cleanup
[2025-11-03T04:41:29.422+0000][gc            ] GC(437) Pause Cleanup 228M->228M(727M) 0.880ms
[2025-11-03T04:41:29.422+0000][gc,cpu        ] GC(437) User=0.00s Sys=0.00s Real=0.01s
[2025-11-03T04:41:29.423+0000][gc,marking    ] GC(437) Concurrent Cleanup for Next Mark
[2025-11-03T04:41:29.425+0000][gc,marking    ] GC(437) Concurrent Cleanup for Next Mark 1.601ms
[2025-11-03T04:41:29.425+0000][gc            ] GC(437) Concurrent Cycle 171.294ms
[2025-11-03T04:41:29.477+0000][gc,start      ] GC(440) Pause Young (Prepare Mixed) (G1 Evacuation Pause)
[2025-11-03T04:41:29.477+0000][gc,task       ] GC(440) Using 2 workers of 2 for evacuation
[2025-11-03T04:41:29.486+0000][gc,phases     ] GC(440)   Pre Evacuate Collection Set: 0.0ms
[2025-11-03T04:41:29.486+0000][gc,phases     ] GC(440)   Evacuate Collection Set: 7.7ms
[2025-11-03T04:41:29.487+0000][gc,phases     ] GC(440)   Post Evacuate Collection Set: 1.0ms
[2025-11-03T04:41:29.487+0000][gc,phases     ] GC(440)   Other: 0.9ms
[2025-11-03T04:41:29.487+0000][gc,heap       ] GC(440) Eden regions: 49->0(33)
[2025-11-03T04:41:29.488+0000][gc,heap       ] GC(440) Survivor regions: 3->3(7)
[2025-11-03T04:41:29.488+0000][gc,heap       ] GC(440) Old regions: 62->62
[2025-11-03T04:41:29.489+0000][gc,heap       ] GC(440) Humongous regions: 168->162
[2025-11-03T04:41:29.489+0000][gc,metaspace  ] GC(440) Metaspace: 53962K(57264K)->53962K(57264K) NonClass: 48035K(49840K)->48035K(49840K) Class: 5927K(7424K)->5927K(7424K)
[2025-11-03T04:41:29.489+0000][gc            ] GC(440) Pause Young (Prepare Mixed) (G1 Evacuation Pause) 280M->225M(727M) 12.592ms
[2025-11-03T04:41:29.489+0000][gc,cpu        ] GC(440) User=0.01s Sys=0.00s Real=0.01s
[2025-11-03T04:41:29.538+0000][gc,start      ] GC(441) Pause Young (Mixed) (G1 Evacuation Pause)
[2025-11-03T04:41:29.538+0000][gc,task       ] GC(441) Using 2 workers of 2 for evacuation
[2025-11-03T04:41:29.548+0000][gc,phases     ] GC(441)   Pre Evacuate Collection Set: 0.0ms
[2025-11-03T04:41:29.548+0000][gc,phases     ] GC(441)   Evacuate Collection Set: 7.8ms
[2025-11-03T04:41:29.548+0000][gc,phases     ] GC(441)   Post Evacuate Collection Set: 1.1ms
[2025-11-03T04:41:29.549+0000][gc,phases     ] GC(441)   Other: 1.0ms
[2025-11-03T04:41:29.549+0000][gc,heap       ] GC(441) Eden regions: 33->0(34)
[2025-11-03T04:41:29.549+0000][gc,heap       ] GC(441) Survivor regions: 3->3(5)
[2025-11-03T04:41:29.550+0000][gc,heap       ] GC(441) Old regions: 62->58
[2025-11-03T04:41:29.550+0000][gc,heap       ] GC(441) Humongous regions: 180->162
[2025-11-03T04:41:29.550+0000][gc,metaspace  ] GC(441) Metaspace: 53962K(57264K)->53962K(57264K) NonClass: 48035K(49840K)->48035K(49840K) Class: 5927K(7424K)->5927K(7424K)
[2025-11-03T04:41:29.550+0000][gc            ] GC(441) Pause Young (Mixed) (G1 Evacuation Pause) 276M->221M(727M) 12.448ms
[2025-11-03T04:41:29.551+0000][gc,cpu        ] GC(441) User=0.02s Sys=0.00s Real=0.01s
[2025-11-03T04:41:29.586+0000][gc,start      ] GC(442) Pause Young (Concurrent Start) (G1 Evacuation Pause)
[2025-11-03T04:41:29.587+0000][gc,task       ] GC(442) Using 2 workers of 2 for evacuation
[2025-11-03T04:41:29.596+0000][gc,phases     ] GC(442)   Pre Evacuate Collection Set: 0.2ms
[2025-11-03T04:41:29.596+0000][gc,phases     ] GC(442)   Evacuate Collection Set: 7.4ms
[2025-11-03T04:41:29.597+0000][gc,phases     ] GC(442)   Post Evacuate Collection Set: 1.1ms
[2025-11-03T04:41:29.597+0000][gc,phases     ] GC(442)   Other: 0.7ms
[2025-11-03T04:41:29.597+0000][gc,heap       ] GC(442) Eden regions: 34->0(63)
[2025-11-03T04:41:29.598+0000][gc,heap       ] GC(442) Survivor regions: 3->3(5)
[2025-11-03T04:41:29.598+0000][gc,heap       ] GC(442) Old regions: 58->58
[2025-11-03T04:41:29.598+0000][gc,heap       ] GC(442) Humongous regions: 162->162
[2025-11-03T04:41:29.599+0000][gc,metaspace  ] GC(442) Metaspace: 53962K(57264K)->53962K(57264K) NonClass: 48035K(49840K)->48035K(49840K) Class: 5927K(7424K)->5927K(7424K)
[2025-11-03T04:41:29.599+0000][gc            ] GC(442) Pause Young (Concurrent Start) (G1 Evacuation Pause) 255M->221M(727M) 12.270ms
[2025-11-03T04:41:29.599+0000][gc,cpu        ] GC(442) User=0.01s Sys=0.00s Real=0.01s
[2025-11-03T04:41:29.600+0000][gc            ] GC(443) Concurrent Cycle
[2025-11-03T04:41:29.600+0000][gc,marking    ] GC(443) Concurrent Clear Claimed Marks
[2025-11-03T04:41:29.600+0000][gc,marking    ] GC(443) Concurrent Clear Claimed Marks 0.357ms
[2025-11-03T04:41:29.601+0000][gc,marking    ] GC(443) Concurrent Scan Root Regions
[2025-11-03T04:41:29.605+0000][gc,marking    ] GC(443) Concurrent Scan Root Regions 4.177ms
[2025-11-03T04:41:29.605+0000][gc,marking    ] GC(443) Concurrent Mark (28054.781s)
[2025-11-03T04:41:29.605+0000][gc,marking    ] GC(443) Concurrent Mark From Roots
[2025-11-03T04:41:29.606+0000][gc,task       ] GC(443) Using 1 workers of 1 for marking
[2025-11-03T04:41:29.669+0000][gc,marking    ] GC(443) Concurrent Mark From Roots 63.578ms
[2025-11-03T04:41:29.669+0000][gc,marking    ] GC(443) Concurrent Preclean
[2025-11-03T04:41:29.670+0000][gc,marking    ] GC(443) Concurrent Preclean 0.543ms
[2025-11-03T04:41:29.670+0000][gc,marking    ] GC(443) Concurrent Mark (28054.781s, 28054.846s) 65.050ms
[2025-11-03T04:41:29.671+0000][gc,start      ] GC(443) Pause Remark
[2025-11-03T04:41:29.687+0000][gc,stringtable] GC(443) Cleaned string and symbol table, strings: 17160 processed, 0 removed, symbols: 123854 processed, 0 removed
[2025-11-03T04:41:29.688+0000][gc            ] GC(443) Pause Remark 283M->283M(727M) 16.722ms
[2025-11-03T04:41:29.688+0000][gc,cpu        ] GC(443) User=0.03s Sys=0.00s Real=0.02s
[2025-11-03T04:41:29.689+0000][gc,marking    ] GC(443) Concurrent Rebuild Remembered Sets
[2025-11-03T04:41:29.697+0000][gc,start      ] GC(444) Pause Young (Normal) (G1 Evacuation Pause)
[2025-11-03T04:41:29.697+0000][gc,task       ] GC(444) Using 2 workers of 2 for evacuation
[2025-11-03T04:41:29.707+0000][gc,phases     ] GC(444)   Pre Evacuate Collection Set: 0.0ms
[2025-11-03T04:41:29.707+0000][gc,phases     ] GC(444)   Evacuate Collection Set: 8.0ms
[2025-11-03T04:41:29.707+0000][gc,phases     ] GC(444)   Post Evacuate Collection Set: 1.0ms
[2025-11-03T04:41:29.708+0000][gc,phases     ] GC(444)   Other: 0.8ms
[2025-11-03T04:41:29.708+0000][gc,heap       ] GC(444) Eden regions: 63->0(70)
[2025-11-03T04:41:29.708+0000][gc,heap       ] GC(444) Survivor regions: 3->3(9)
[2025-11-03T04:41:29.709+0000][gc,heap       ] GC(444) Old regions: 58->58
[2025-11-03T04:41:29.709+0000][gc,heap       ] GC(444) Humongous regions: 168->162
[2025-11-03T04:41:29.709+0000][gc,metaspace  ] GC(444) Metaspace: 53962K(57264K)->53962K(57264K) NonClass: 48035K(49840K)->48035K(49840K) Class: 5927K(7424K)->5927K(7424K)
[2025-11-03T04:41:29.709+0000][gc            ] GC(444) Pause Young (Normal) (G1 Evacuation Pause) 290M->221M(727M) 12.676ms
[2025-11-03T04:41:29.710+0000][gc,cpu        ] GC(444) User=0.02s Sys=0.00s Real=0.01s
[2025-11-03T04:41:29.746+0000][gc,marking    ] GC(443) Concurrent Rebuild Remembered Sets 56.936ms
[2025-11-03T04:41:29.747+0000][gc,start      ] GC(443) Pause Cleanup
[2025-11-03T04:41:29.747+0000][gc            ] GC(443) Pause Cleanup 263M->263M(727M) 0.748ms
[2025-11-03T04:41:29.748+0000][gc,cpu        ] GC(443) User=0.00s Sys=0.00s Real=0.00s
[2025-11-03T04:41:29.748+0000][gc,marking    ] GC(443) Concurrent Cleanup for Next Mark
[2025-11-03T04:41:29.750+0000][gc,marking    ] GC(443) Concurrent Cleanup for Next Mark 1.561ms
[2025-11-03T04:41:29.750+0000][gc            ] GC(443) Concurrent Cycle 150.607ms
[2025-11-03T04:41:29.797+0000][gc,start      ] GC(445) Pause Young (Normal) (G1 Evacuation Pause)
[2025-11-03T04:41:29.798+0000][gc,task       ] GC(445) Using 2 workers of 2 for evacuation
[2025-11-03T04:41:29.809+0000][gc,phases     ] GC(445)   Pre Evacuate Collection Set: 0.0ms
[2025-11-03T04:41:29.810+0000][gc,phases     ] GC(445)   Evacuate Collection Set: 9.3ms
[2025-11-03T04:41:29.810+0000][gc,phases     ] GC(445)   Post Evacuate Collection Set: 1.7ms
[2025-11-03T04:41:29.811+0000][gc,phases     ] GC(445)   Other: 1.0ms
[2025-11-03T04:41:29.811+0000][gc,heap       ] GC(445) Eden regions: 70->0(48)
[2025-11-03T04:41:29.811+0000][gc,heap       ] GC(445) Survivor regions: 3->3(10)
[2025-11-03T04:41:29.812+0000][gc,heap       ] GC(445) Old regions: 58->58
[2025-11-03T04:41:29.812+0000][gc,heap       ] GC(445) Humongous regions: 180->162
[2025-11-03T04:41:29.812+0000][gc,metaspace  ] GC(445) Metaspace: 53962K(57264K)->53962K(57264K) NonClass: 48035K(49840K)->48035K(49840K) Class: 5927K(7424K)->5927K(7424K)
[2025-11-03T04:41:29.812+0000][gc            ] GC(445) Pause Young (Normal) (G1 Evacuation Pause) 309M->221M(727M) 15.049ms
[2025-11-03T04:41:29.813+0000][gc,cpu        ] GC(445) User=0.02s Sys=0.00s Real=0.02s
[2025-11-03T04:41:29.833+0000][gc,start      ] GC(446) Pause Young (Concurrent Start) (G1 Humongous Allocation)
[2025-11-03T04:41:29.834+0000][gc,task       ] GC(446) Using 2 workers of 2 for evacuation
[2025-11-03T04:41:29.843+0000][gc,phases     ] GC(446)   Pre Evacuate Collection Set: 0.2ms
[2025-11-03T04:41:29.844+0000][gc,phases     ] GC(446)   Evacuate Collection Set: 7.6ms
[2025-11-03T04:41:29.844+0000][gc,phases     ] GC(446)   Post Evacuate Collection Set: 1.1ms
[2025-11-03T04:41:29.844+0000][gc,phases     ] GC(446)   Other: 1.0ms
[2025-11-03T04:41:29.845+0000][gc,heap       ] GC(446) Eden regions: 19->0(66)
[2025-11-03T04:41:29.845+0000][gc,heap       ] GC(446) Survivor regions: 3->3(7)
[2025-11-03T04:41:29.845+0000][gc,heap       ] GC(446) Old regions: 58->58
[2025-11-03T04:41:29.846+0000][gc,heap       ] GC(446) Humongous regions: 162->156
[2025-11-03T04:41:29.846+0000][gc,metaspace  ] GC(446) Metaspace: 53962K(57264K)->53962K(57264K) NonClass: 48035K(49840K)->48035K(49840K) Class: 5927K(7424K)->5927K(7424K)
[2025-11-03T04:41:29.846+0000][gc            ] GC(446) Pause Young (Concurrent Start) (G1 Humongous Allocation) 240M->215M(727M) 12.652ms
[2025-11-03T04:41:29.846+0000][gc,cpu        ] GC(446) User=0.01s Sys=0.00s Real=0.01s
[2025-11-03T04:41:29.847+0000][gc            ] GC(447) Concurrent Cycle
[2025-11-03T04:41:29.847+0000][gc,marking    ] GC(447) Concurrent Clear Claimed Marks
[2025-11-03T04:41:29.848+0000][gc,marking    ] GC(447) Concurrent Clear Claimed Marks 0.622ms
[2025-11-03T04:41:29.848+0000][gc,marking    ] GC(447) Concurrent Scan Root Regions
[2025-11-03T04:41:29.852+0000][gc,marking    ] GC(447) Concurrent Scan Root Regions 4.061ms
[2025-11-03T04:41:29.853+0000][gc,marking    ] GC(447) Concurrent Mark (28055.028s)
[2025-11-03T04:41:29.853+0000][gc,marking    ] GC(447) Concurrent Mark From Roots
[2025-11-03T04:41:29.853+0000][gc,task       ] GC(447) Using 1 workers of 1 for marking
[2025-11-03T04:41:29.915+0000][gc,marking    ] GC(447) Concurrent Mark From Roots 62.495ms
[2025-11-03T04:41:29.916+0000][gc,marking    ] GC(447) Concurrent Preclean
[2025-11-03T04:41:29.916+0000][gc,marking    ] GC(447) Concurrent Preclean 0.577ms
[2025-11-03T04:41:29.917+0000][gc,marking    ] GC(447) Concurrent Mark (28055.028s, 28055.092s) 64.175ms
[2025-11-03T04:41:29.918+0000][gc,start      ] GC(447) Pause Remark
[2025-11-03T04:41:29.933+0000][gc,stringtable] GC(447) Cleaned string and symbol table, strings: 17163 processed, 0 removed, symbols: 123854 processed, 0 removed
[2025-11-03T04:41:29.934+0000][gc            ] GC(447) Pause Remark 287M->287M(727M) 16.462ms
[2025-11-03T04:41:29.935+0000][gc,cpu        ] GC(447) User=0.03s Sys=0.00s Real=0.02s
[2025-11-03T04:41:29.935+0000][gc,marking    ] GC(447) Concurrent Rebuild Remembered Sets
[2025-11-03T04:41:29.949+0000][gc,start      ] GC(448) Pause Young (Normal) (G1 Evacuation Pause)
[2025-11-03T04:41:29.949+0000][gc,task       ] GC(448) Using 2 workers of 2 for evacuation
[2025-11-03T04:41:29.960+0000][gc,phases     ] GC(448)   Pre Evacuate Collection Set: 0.0ms
[2025-11-03T04:41:29.960+0000][gc,phases     ] GC(448)   Evacuate Collection Set: 8.9ms
[2025-11-03T04:41:29.960+0000][gc,phases     ] GC(448)   Post Evacuate Collection Set: 1.1ms
[2025-11-03T04:41:29.961+0000][gc,phases     ] GC(448)   Other: 1.0ms
[2025-11-03T04:41:29.961+0000][gc,heap       ] GC(448) Eden regions: 66->0(72)
[2025-11-03T04:41:29.961+0000][gc,heap       ] GC(448) Survivor regions: 3->3(9)
[2025-11-03T04:41:29.961+0000][gc,heap       ] GC(448) Old regions: 58->58
[2025-11-03T04:41:29.962+0000][gc,heap       ] GC(448) Humongous regions: 174->162
[2025-11-03T04:41:29.962+0000][gc,metaspace  ] GC(448) Metaspace: 53962K(57264K)->53962K(57264K) NonClass: 48035K(49840K)->48035K(49840K) Class: 5927K(7424K)->5927K(7424K)
[2025-11-03T04:41:29.962+0000][gc            ] GC(448) Pause Young (Normal) (G1 Evacuation Pause) 299M->221M(727M) 13.264ms
[2025-11-03T04:41:29.962+0000][gc,cpu        ] GC(448) User=0.02s Sys=0.00s Real=0.02s
[2025-11-03T04:41:29.987+0000][gc,marking    ] GC(447) Concurrent Rebuild Remembered Sets 51.815ms
[2025-11-03T04:41:29.988+0000][gc,start      ] GC(447) Pause Cleanup
[2025-11-03T04:41:29.989+0000][gc            ] GC(447) Pause Cleanup 259M->259M(727M) 0.851ms
[2025-11-03T04:41:29.989+0000][gc,cpu        ] GC(447) User=0.00s Sys=0.00s Real=0.00s
[2025-11-03T04:41:29.989+0000][gc,marking    ] GC(447) Concurrent Cleanup for Next Mark
[2025-11-03T04:41:29.991+0000][gc,marking    ] GC(447) Concurrent Cleanup for Next Mark 1.508ms
[2025-11-03T04:41:29.991+0000][gc            ] GC(447) Concurrent Cycle 144.372ms
[2025-11-03T04:41:29.997+0000][gc,start      ] GC(449) Pause Young (Concurrent Start) (G1 Humongous Allocation)
[2025-11-03T04:41:29.998+0000][gc,task       ] GC(449) Using 2 workers of 2 for evacuation
[2025-11-03T04:41:30.008+0000][gc,phases     ] GC(449)   Pre Evacuate Collection Set: 0.3ms
[2025-11-03T04:41:30.009+0000][gc,phases     ] GC(449)   Evacuate Collection Set: 8.5ms
[2025-11-03T04:41:30.009+0000][gc,phases     ] GC(449)   Post Evacuate Collection Set: 1.1ms
[2025-11-03T04:41:30.009+0000][gc,phases     ] GC(449)   Other: 1.0ms
[2025-11-03T04:41:30.010+0000][gc,heap       ] GC(449) Eden regions: 27->0(61)
[2025-11-03T04:41:30.010+0000][gc,heap       ] GC(449) Survivor regions: 3->3(10)
[2025-11-03T04:41:30.010+0000][gc,heap       ] GC(449) Old regions: 58->58
[2025-11-03T04:41:30.011+0000][gc,heap       ] GC(449) Humongous regions: 180->156
[2025-11-03T04:41:30.011+0000][gc,metaspace  ] GC(449) Metaspace: 53962K(57264K)->53962K(57264K) NonClass: 48035K(49840K)->48035K(49840K) Class: 5927K(7424K)->5927K(7424K)
[2025-11-03T04:41:30.011+0000][gc            ] GC(449) Pause Young (Concurrent Start) (G1 Humongous Allocation) 266M->215M(727M) 13.966ms
[2025-11-03T04:41:30.012+0000][gc,cpu        ] GC(449) User=0.02s Sys=0.00s Real=0.02s
[2025-11-03T04:41:30.012+0000][gc            ] GC(450) Concurrent Cycle
[2025-11-03T04:41:30.013+0000][gc,marking    ] GC(450) Concurrent Clear Claimed Marks
[2025-11-03T04:41:30.013+0000][gc,marking    ] GC(450) Concurrent Clear Claimed Marks 0.579ms
[2025-11-03T04:41:30.014+0000][gc,marking    ] GC(450) Concurrent Scan Root Regions
[2025-11-03T04:41:30.018+0000][gc,marking    ] GC(450) Concurrent Scan Root Regions 4.002ms
[2025-11-03T04:41:30.018+0000][gc,marking    ] GC(450) Concurrent Mark (28055.194s)
[2025-11-03T04:41:30.018+0000][gc,marking    ] GC(450) Concurrent Mark From Roots
[2025-11-03T04:41:30.019+0000][gc,task       ] GC(450) Using 1 workers of 1 for marking
[2025-11-03T04:41:30.079+0000][gc,marking    ] GC(450) Concurrent Mark From Roots 60.959ms
[2025-11-03T04:41:30.080+0000][gc,marking    ] GC(450) Concurrent Preclean
[2025-11-03T04:41:30.080+0000][gc,marking    ] GC(450) Concurrent Preclean 0.548ms
[2025-11-03T04:41:30.081+0000][gc,marking    ] GC(450) Concurrent Mark (28055.194s, 28055.256s) 62.661ms
[2025-11-03T04:41:30.082+0000][gc,start      ] GC(450) Pause Remark
[2025-11-03T04:41:30.097+0000][gc,stringtable] GC(450) Cleaned string and symbol table, strings: 17164 processed, 0 removed, symbols: 123854 processed, 0 removed
[2025-11-03T04:41:30.098+0000][gc            ] GC(450) Pause Remark 279M->279M(727M) 16.558ms
[2025-11-03T04:41:30.099+0000][gc,cpu        ] GC(450) User=0.03s Sys=0.00s Real=0.01s
[2025-11-03T04:41:30.099+0000][gc,marking    ] GC(450) Concurrent Rebuild Remembered Sets
[2025-11-03T04:41:30.104+0000][gc,start      ] GC(451) Pause Young (Normal) (G1 Evacuation Pause)
[2025-11-03T04:41:30.104+0000][gc,task       ] GC(451) Using 2 workers of 2 for evacuation
[2025-11-03T04:41:30.114+0000][gc,phases     ] GC(451)   Pre Evacuate Collection Set: 0.0ms
[2025-11-03T04:41:30.114+0000][gc,phases     ] GC(451)   Evacuate Collection Set: 8.4ms
[2025-11-03T04:41:30.115+0000][gc,phases     ] GC(451)   Post Evacuate Collection Set: 1.1ms
[2025-11-03T04:41:30.115+0000][gc,phases     ] GC(451)   Other: 0.9ms
[2025-11-03T04:41:30.115+0000][gc,heap       ] GC(451) Eden regions: 61->0(64)
[2025-11-03T04:41:30.116+0000][gc,heap       ] GC(451) Survivor regions: 3->3(8)
[2025-11-03T04:41:30.116+0000][gc,heap       ] GC(451) Old regions: 58->58
[2025-11-03T04:41:30.116+0000][gc,heap       ] GC(451) Humongous regions: 162->162
[2025-11-03T04:41:30.117+0000][gc,metaspace  ] GC(451) Metaspace: 53962K(57264K)->53962K(57264K) NonClass: 48035K(49840K)->48035K(49840K) Class: 5927K(7424K)->5927K(7424K)
[2025-11-03T04:41:30.117+0000][gc            ] GC(451) Pause Young (Normal) (G1 Evacuation Pause) 282M->221M(727M) 13.473ms
[2025-11-03T04:41:30.117+0000][gc,cpu        ] GC(451) User=0.02s Sys=0.00s Real=0.01s
[2025-11-03T04:41:30.151+0000][gc,marking    ] GC(450) Concurrent Rebuild Remembered Sets 52.247ms
[2025-11-03T04:41:30.153+0000][gc,start      ] GC(450) Pause Cleanup
[2025-11-03T04:41:30.154+0000][gc            ] GC(450) Pause Cleanup 262M->262M(727M) 0.848ms
[2025-11-03T04:41:30.154+0000][gc,cpu        ] GC(450) User=0.00s Sys=0.00s Real=0.00s
[2025-11-03T04:41:30.155+0000][gc,marking    ] GC(450) Concurrent Cleanup for Next Mark
[2025-11-03T04:41:30.156+0000][gc,marking    ] GC(450) Concurrent Cleanup for Next Mark 1.818ms
[2025-11-03T04:41:30.157+0000][gc            ] GC(450) Concurrent Cycle 144.457ms
[2025-11-03T04:41:30.163+0000][gc,start      ] GC(452) Pause Young (Normal) (G1 Evacuation Pause)
[2025-11-03T04:41:30.164+0000][gc,task       ] GC(452) Using 2 workers of 2 for evacuation
[2025-11-03T04:41:30.174+0000][gc,phases     ] GC(452)   Pre Evacuate Collection Set: 0.0ms
[2025-11-03T04:41:30.175+0000][gc,phases     ] GC(452)   Evacuate Collection Set: 9.2ms
[2025-11-03T04:41:30.175+0000][gc,phases     ] GC(452)   Post Evacuate Collection Set: 1.1ms
[2025-11-03T04:41:30.176+0000][gc,phases     ] GC(452)   Other: 0.9ms
[2025-11-03T04:41:30.176+0000][gc,heap       ] GC(452) Eden regions: 34->0(39)
[2025-11-03T04:41:30.176+0000][gc,heap       ] GC(452) Survivor regions: 3->2(5)
[2025-11-03T04:41:30.176+0000][gc,heap       ] GC(452) Old regions: 58->59
[2025-11-03T04:41:30.177+0000][gc,heap       ] GC(452) Humongous regions: 174->162
[2025-11-03T04:41:30.177+0000][gc,metaspace  ] GC(452) Metaspace: 53962K(57264K)->53962K(57264K) NonClass: 48035K(49840K)->48035K(49840K) Class: 5927K(7424K)->5927K(7424K)
[2025-11-03T04:41:30.178+0000][gc            ] GC(452) Pause Young (Normal) (G1 Evacuation Pause) 267M->222M(727M) 14.378ms
[2025-11-03T04:41:30.178+0000][gc,cpu        ] GC(452) User=0.02s Sys=0.00s Real=0.01s
[2025-11-03T04:41:30.219+0000][gc,start      ] GC(453) Pause Young (Concurrent Start) (G1 Evacuation Pause)
[2025-11-03T04:41:30.219+0000][gc,task       ] GC(453) Using 2 workers of 2 for evacuation
[2025-11-03T04:41:30.227+0000][gc,phases     ] GC(453)   Pre Evacuate Collection Set: 0.2ms
[2025-11-03T04:41:30.228+0000][gc,phases     ] GC(453)   Evacuate Collection Set: 5.3ms
[2025-11-03T04:41:30.228+0000][gc,phases     ] GC(453)   Post Evacuate Collection Set: 1.6ms
[2025-11-03T04:41:30.229+0000][gc,phases     ] GC(453)   Other: 1.0ms
[2025-11-03T04:41:30.229+0000][gc,heap       ] GC(453) Eden regions: 39->0(64)
[2025-11-03T04:41:30.229+0000][gc,heap       ] GC(453) Survivor regions: 2->2(6)
[2025-11-03T04:41:30.230+0000][gc,heap       ] GC(453) Old regions: 59->59
[2025-11-03T04:41:30.230+0000][gc,heap       ] GC(453) Humongous regions: 162->162
[2025-11-03T04:41:30.230+0000][gc,metaspace  ] GC(453) Metaspace: 53962K(57264K)->53962K(57264K) NonClass: 48035K(49840K)->48035K(49840K) Class: 5927K(7424K)->5927K(7424K)
[2025-11-03T04:41:30.230+0000][gc            ] GC(453) Pause Young (Concurrent Start) (G1 Evacuation Pause) 261M->221M(763M) 11.353ms
[2025-11-03T04:41:30.231+0000][gc,cpu        ] GC(453) User=0.01s Sys=0.00s Real=0.01s
[2025-11-03T04:41:30.231+0000][gc            ] GC(454) Concurrent Cycle
[2025-11-03T04:41:30.231+0000][gc,marking    ] GC(454) Concurrent Clear Claimed Marks
[2025-11-03T04:41:30.232+0000][gc,marking    ] GC(454) Concurrent Clear Claimed Marks 0.343ms
[2025-11-03T04:41:30.232+0000][gc,marking    ] GC(454) Concurrent Scan Root Regions
[2025-11-03T04:41:30.234+0000][gc,marking    ] GC(454) Concurrent Scan Root Regions 2.366ms
[2025-11-03T04:41:30.235+0000][gc,marking    ] GC(454) Concurrent Mark (28055.410s)
[2025-11-03T04:41:30.235+0000][gc,marking    ] GC(454) Concurrent Mark From Roots
[2025-11-03T04:41:30.235+0000][gc,task       ] GC(454) Using 1 workers of 1 for marking
[2025-11-03T04:41:30.300+0000][gc,marking    ] GC(454) Concurrent Mark From Roots 64.725ms
[2025-11-03T04:41:30.301+0000][gc,marking    ] GC(454) Concurrent Preclean
[2025-11-03T04:41:30.302+0000][gc,marking    ] GC(454) Concurrent Preclean 0.504ms
[2025-11-03T04:41:30.302+0000][gc,marking    ] GC(454) Concurrent Mark (28055.410s, 28055.478s) 67.144ms
[2025-11-03T04:41:30.303+0000][gc,start      ] GC(454) Pause Remark
[2025-11-03T04:41:30.318+0000][gc,stringtable] GC(454) Cleaned string and symbol table, strings: 17164 processed, 0 removed, symbols: 123854 processed, 0 removed
[2025-11-03T04:41:30.319+0000][gc            ] GC(454) Pause Remark 261M->261M(763M) 16.468ms
[2025-11-03T04:41:30.320+0000][gc,cpu        ] GC(454) User=0.03s Sys=0.00s Real=0.01s
[2025-11-03T04:41:30.320+0000][gc,marking    ] GC(454) Concurrent Rebuild Remembered Sets
[2025-11-03T04:41:30.357+0000][gc,start      ] GC(455) Pause Young (Normal) (G1 Evacuation Pause)
[2025-11-03T04:41:30.357+0000][gc,task       ] GC(455) Using 2 workers of 2 for evacuation
[2025-11-03T04:41:30.366+0000][gc,phases     ] GC(455)   Pre Evacuate Collection Set: 0.0ms
[2025-11-03T04:41:30.366+0000][gc,phases     ] GC(455)   Evacuate Collection Set: 6.7ms
[2025-11-03T04:41:30.366+0000][gc,phases     ] GC(455)   Post Evacuate Collection Set: 1.2ms
[2025-11-03T04:41:30.367+0000][gc,phases     ] GC(455)   Other: 0.8ms
[2025-11-03T04:41:30.367+0000][gc,heap       ] GC(455) Eden regions: 64->0(69)
[2025-11-03T04:41:30.367+0000][gc,heap       ] GC(455) Survivor regions: 2->2(9)
[2025-11-03T04:41:30.368+0000][gc,heap       ] GC(455) Old regions: 59->59
[2025-11-03T04:41:30.368+0000][gc,heap       ] GC(455) Humongous regions: 174->162
[2025-11-03T04:41:30.368+0000][gc,metaspace  ] GC(455) Metaspace: 53962K(57264K)->53962K(57264K) NonClass: 48035K(49840K)->48035K(49840K) Class: 5927K(7424K)->5927K(7424K)
[2025-11-03T04:41:30.369+0000][gc            ] GC(455) Pause Young (Normal) (G1 Evacuation Pause) 297M->221M(763M) 11.828ms
[2025-11-03T04:41:30.369+0000][gc,cpu        ] GC(455) User=0.01s Sys=0.00s Real=0.01s
[2025-11-03T04:41:30.371+0000][gc,marking    ] GC(454) Concurrent Rebuild Remembered Sets 51.283ms
[2025-11-03T04:41:30.372+0000][gc,start      ] GC(454) Pause Cleanup
[2025-11-03T04:41:30.373+0000][gc            ] GC(454) Pause Cleanup 223M->223M(763M) 0.681ms
[2025-11-03T04:41:30.373+0000][gc,cpu        ] GC(454) User=0.00s Sys=0.00s Real=0.00s
[2025-11-03T04:41:30.374+0000][gc,marking    ] GC(454) Concurrent Cleanup for Next Mark
[2025-11-03T04:41:30.376+0000][gc,marking    ] GC(454) Concurrent Cleanup for Next Mark 2.153ms
[2025-11-03T04:41:30.376+0000][gc            ] GC(454) Concurrent Cycle 145.279ms
[2025-11-03T04:41:30.382+0000][gc,start      ] GC(456) Pause Young (Concurrent Start) (G1 Humongous Allocation)
[2025-11-03T04:41:30.383+0000][gc,task       ] GC(456) Using 2 workers of 2 for evacuation
[2025-11-03T04:41:30.390+0000][gc,phases     ] GC(456)   Pre Evacuate Collection Set: 0.2ms
[2025-11-03T04:41:30.390+0000][gc,phases     ] GC(456)   Evacuate Collection Set: 5.2ms
[2025-11-03T04:41:30.390+0000][gc,phases     ] GC(456)   Post Evacuate Collection Set: 1.1ms
[2025-11-03T04:41:30.391+0000][gc,phases     ] GC(456)   Other: 0.9ms
[2025-11-03T04:41:30.391+0000][gc,heap       ] GC(456) Eden regions: 9->0(68)
[2025-11-03T04:41:30.391+0000][gc,heap       ] GC(456) Survivor regions: 2->1(9)
[2025-11-03T04:41:30.391+0000][gc,heap       ] GC(456) Old regions: 59->60
[2025-11-03T04:41:30.392+0000][gc,heap       ] GC(456) Humongous regions: 162->156
[2025-11-03T04:41:30.392+0000][gc,metaspace  ] GC(456) Metaspace: 53962K(57264K)->53962K(57264K) NonClass: 48035K(49840K)->48035K(49840K) Class: 5927K(7424K)->5927K(7424K)
[2025-11-03T04:41:30.392+0000][gc            ] GC(456) Pause Young (Concurrent Start) (G1 Humongous Allocation) 230M->215M(763M) 10.228ms
[2025-11-03T04:41:30.393+0000][gc,cpu        ] GC(456) User=0.01s Sys=0.00s Real=0.01s
[2025-11-03T04:41:30.393+0000][gc            ] GC(457) Concurrent Cycle
[2025-11-03T04:41:30.393+0000][gc,marking    ] GC(457) Concurrent Clear Claimed Marks
[2025-11-03T04:41:30.394+0000][gc,marking    ] GC(457) Concurrent Clear Claimed Marks 0.505ms
[2025-11-03T04:41:30.394+0000][gc,marking    ] GC(457) Concurrent Scan Root Regions
[2025-11-03T04:41:30.396+0000][gc,marking    ] GC(457) Concurrent Scan Root Regions 1.462ms
[2025-11-03T04:41:30.396+0000][gc,marking    ] GC(457) Concurrent Mark (28055.572s)
[2025-11-03T04:41:30.396+0000][gc,marking    ] GC(457) Concurrent Mark From Roots
[2025-11-03T04:41:30.397+0000][gc,task       ] GC(457) Using 1 workers of 1 for marking
[2025-11-03T04:41:30.462+0000][gc,marking    ] GC(457) Concurrent Mark From Roots 65.104ms
[2025-11-03T04:41:30.462+0000][gc,marking    ] GC(457) Concurrent Preclean
[2025-11-03T04:41:30.462+0000][gc,marking    ] GC(457) Concurrent Preclean 0.548ms
[2025-11-03T04:41:30.463+0000][gc,marking    ] GC(457) Concurrent Mark (28055.572s, 28055.639s) 66.830ms
[2025-11-03T04:41:30.464+0000][gc,start      ] GC(457) Pause Remark
[2025-11-03T04:41:30.479+0000][gc,stringtable] GC(457) Cleaned string and symbol table, strings: 17164 processed, 0 removed, symbols: 123854 processed, 0 removed
[2025-11-03T04:41:30.481+0000][gc            ] GC(457) Pause Remark 295M->295M(763M) 16.681ms
[2025-11-03T04:41:30.481+0000][gc,cpu        ] GC(457) User=0.03s Sys=0.00s Real=0.01s
[2025-11-03T04:41:30.481+0000][gc,marking    ] GC(457) Concurrent Rebuild Remembered Sets
[2025-11-03T04:41:30.501+0000][gc,start      ] GC(458) Pause Young (Normal) (G1 Evacuation Pause)
[2025-11-03T04:41:30.501+0000][gc,task       ] GC(458) Using 2 workers of 2 for evacuation
[2025-11-03T04:41:30.507+0000][gc,phases     ] GC(458)   Pre Evacuate Collection Set: 0.0ms
[2025-11-03T04:41:30.507+0000][gc,phases     ] GC(458)   Evacuate Collection Set: 3.6ms
[2025-11-03T04:41:30.507+0000][gc,phases     ] GC(458)   Post Evacuate Collection Set: 1.2ms
[2025-11-03T04:41:30.508+0000][gc,phases     ] GC(458)   Other: 0.9ms
[2025-11-03T04:41:30.508+0000][gc,heap       ] GC(458) Eden regions: 68->0(75)
[2025-11-03T04:41:30.508+0000][gc,heap       ] GC(458) Survivor regions: 1->1(9)
[2025-11-03T04:41:30.509+0000][gc,heap       ] GC(458) Old regions: 60->60
[2025-11-03T04:41:30.509+0000][gc,heap       ] GC(458) Humongous regions: 186->162
[2025-11-03T04:41:30.510+0000][gc,metaspace  ] GC(458) Metaspace: 53962K(57264K)->53962K(57264K) NonClass: 48035K(49840K)->48035K(49840K) Class: 5927K(7424K)->5927K(7424K)
[2025-11-03T04:41:30.510+0000][gc            ] GC(458) Pause Young (Normal) (G1 Evacuation Pause) 313M->221M(763M) 8.949ms
[2025-11-03T04:41:30.510+0000][gc,cpu        ] GC(458) User=0.01s Sys=0.00s Real=0.01s
[2025-11-03T04:41:30.531+0000][gc,marking    ] GC(457) Concurrent Rebuild Remembered Sets 49.311ms
[2025-11-03T04:41:30.532+0000][gc,start      ] GC(457) Pause Cleanup
[2025-11-03T04:41:30.533+0000][gc            ] GC(457) Pause Cleanup 245M->245M(763M) 0.930ms
[2025-11-03T04:41:30.533+0000][gc,cpu        ] GC(457) User=0.00s Sys=0.00s Real=0.01s
[2025-11-03T04:41:30.533+0000][gc,marking    ] GC(457) Concurrent Cleanup for Next Mark
[2025-11-03T04:41:30.535+0000][gc,marking    ] GC(457) Concurrent Cleanup for Next Mark 2.138ms
[2025-11-03T04:41:30.536+0000][gc            ] GC(457) Concurrent Cycle 142.671ms
[2025-11-03T04:41:30.546+0000][gc,start      ] GC(459) Pause Young (Concurrent Start) (G1 Humongous Allocation)
[2025-11-03T04:41:30.546+0000][gc,task       ] GC(459) Using 2 workers of 2 for evacuation
[2025-11-03T04:41:30.551+0000][gc,phases     ] GC(459)   Pre Evacuate Collection Set: 0.2ms
[2025-11-03T04:41:30.551+0000][gc,phases     ] GC(459)   Evacuate Collection Set: 3.2ms
[2025-11-03T04:41:30.552+0000][gc,phases     ] GC(459)   Post Evacuate Collection Set: 1.0ms
[2025-11-03T04:41:30.552+0000][gc,phases     ] GC(459)   Other: 0.8ms
[2025-11-03T04:41:30.552+0000][gc,heap       ] GC(459) Eden regions: 28->0(51)
[2025-11-03T04:41:30.553+0000][gc,heap       ] GC(459) Survivor regions: 1->1(10)
[2025-11-03T04:41:30.553+0000][gc,heap       ] GC(459) Old regions: 60->60
[2025-11-03T04:41:30.553+0000][gc,heap       ] GC(459) Humongous regions: 168->156
[2025-11-03T04:41:30.553+0000][gc,metaspace  ] GC(459) Metaspace: 53962K(57264K)->53962K(57264K) NonClass: 48035K(49840K)->48035K(49840K) Class: 5927K(7424K)->5927K(7424K)
[2025-11-03T04:41:30.554+0000][gc            ] GC(459) Pause Young (Concurrent Start) (G1 Humongous Allocation) 255M->216M(763M) 8.207ms
[2025-11-03T04:41:30.554+0000][gc,cpu        ] GC(459) User=0.00s Sys=0.00s Real=0.01s
[2025-11-03T04:41:30.555+0000][gc            ] GC(460) Concurrent Cycle
[2025-11-03T04:41:30.555+0000][gc,marking    ] GC(460) Concurrent Clear Claimed Marks
[2025-11-03T04:41:30.555+0000][gc,marking    ] GC(460) Concurrent Clear Claimed Marks 0.359ms
[2025-11-03T04:41:30.555+0000][gc,marking    ] GC(460) Concurrent Scan Root Regions
[2025-11-03T04:41:30.557+0000][gc,marking    ] GC(460) Concurrent Scan Root Regions 1.395ms
[2025-11-03T04:41:30.557+0000][gc,marking    ] GC(460) Concurrent Mark (28055.733s)
[2025-11-03T04:41:30.557+0000][gc,marking    ] GC(460) Concurrent Mark From Roots
[2025-11-03T04:41:30.558+0000][gc,task       ] GC(460) Using 1 workers of 1 for marking
[2025-11-03T04:41:30.622+0000][gc,marking    ] GC(460) Concurrent Mark From Roots 64.938ms
[2025-11-03T04:41:30.623+0000][gc,marking    ] GC(460) Concurrent Preclean
[2025-11-03T04:41:30.624+0000][gc,start      ] GC(461) Pause Young (Normal) (G1 Evacuation Pause)
[2025-11-03T04:41:30.624+0000][gc,task       ] GC(461) Using 2 workers of 2 for evacuation
[2025-11-03T04:41:30.629+0000][gc,phases     ] GC(461)   Pre Evacuate Collection Set: 0.0ms
[2025-11-03T04:41:30.629+0000][gc,phases     ] GC(461)   Evacuate Collection Set: 3.2ms
[2025-11-03T04:41:30.629+0000][gc,phases     ] GC(461)   Post Evacuate Collection Set: 0.9ms
[2025-11-03T04:41:30.630+0000][gc,phases     ] GC(461)   Other: 0.8ms
[2025-11-03T04:41:30.630+0000][gc,heap       ] GC(461) Eden regions: 51->0(57)
[2025-11-03T04:41:30.630+0000][gc,heap       ] GC(461) Survivor regions: 1->1(7)
[2025-11-03T04:41:30.631+0000][gc,heap       ] GC(461) Old regions: 60->60
[2025-11-03T04:41:30.631+0000][gc,heap       ] GC(461) Humongous regions: 174->162
[2025-11-03T04:41:30.631+0000][gc,metaspace  ] GC(461) Metaspace: 53962K(57264K)->53962K(57264K) NonClass: 48035K(49840K)->48035K(49840K) Class: 5927K(7424K)->5927K(7424K)
[2025-11-03T04:41:30.632+0000][gc            ] GC(461) Pause Young (Normal) (G1 Evacuation Pause) 285M->222M(763M) 8.014ms
[2025-11-03T04:41:30.632+0000][gc,cpu        ] GC(461) User=0.01s Sys=0.00s Real=0.01s
[2025-11-03T04:41:30.633+0000][gc,marking    ] GC(460) Concurrent Preclean 9.704ms
[2025-11-03T04:41:30.633+0000][gc,marking    ] GC(460) Concurrent Mark (28055.733s, 28055.809s) 75.721ms
[2025-11-03T04:41:30.634+0000][gc,start      ] GC(460) Pause Remark
[2025-11-03T04:41:30.649+0000][gc,stringtable] GC(460) Cleaned string and symbol table, strings: 17164 processed, 0 removed, symbols: 123854 processed, 0 removed
[2025-11-03T04:41:30.650+0000][gc            ] GC(460) Pause Remark 223M->223M(763M) 16.138ms
[2025-11-03T04:41:30.651+0000][gc,cpu        ] GC(460) User=0.03s Sys=0.00s Real=0.01s
[2025-11-03T04:41:30.651+0000][gc,marking    ] GC(460) Concurrent Rebuild Remembered Sets
[2025-11-03T04:41:30.689+0000][gc,marking    ] GC(460) Concurrent Rebuild Remembered Sets 38.252ms
[2025-11-03T04:41:30.690+0000][gc,start      ] GC(460) Pause Cleanup
[2025-11-03T04:41:30.691+0000][gc            ] GC(460) Pause Cleanup 261M->261M(763M) 0.779ms
[2025-11-03T04:41:30.691+0000][gc,cpu        ] GC(460) User=0.00s Sys=0.00s Real=0.00s
[2025-11-03T04:41:30.692+0000][gc,marking    ] GC(460) Concurrent Cleanup for Next Mark
[2025-11-03T04:41:30.693+0000][gc,marking    ] GC(460) Concurrent Cleanup for Next Mark 1.765ms
[2025-11-03T04:41:30.694+0000][gc            ] GC(460) Concurrent Cycle 139.314ms
[2025-11-03T04:41:30.695+0000][gc,start      ] GC(462) Pause Young (Concurrent Start) (G1 Humongous Allocation)
[2025-11-03T04:41:30.695+0000][gc,task       ] GC(462) Using 2 workers of 2 for evacuation
[2025-11-03T04:41:30.701+0000][gc,phases     ] GC(462)   Pre Evacuate Collection Set: 0.2ms
[2025-11-03T04:41:30.701+0000][gc,phases     ] GC(462)   Evacuate Collection Set: 3.4ms
[2025-11-03T04:41:30.701+0000][gc,phases     ] GC(462)   Post Evacuate Collection Set: 1.1ms
[2025-11-03T04:41:30.702+0000][gc,phases     ] GC(462)   Other: 0.9ms
[2025-11-03T04:41:30.702+0000][gc,heap       ] GC(462) Eden regions: 41->0(55)
[2025-11-03T04:41:30.702+0000][gc,heap       ] GC(462) Survivor regions: 1->1(8)
[2025-11-03T04:41:30.703+0000][gc,heap       ] GC(462) Old regions: 60->60
[2025-11-03T04:41:30.703+0000][gc,heap       ] GC(462) Humongous regions: 162->156
[2025-11-03T04:41:30.703+0000][gc,metaspace  ] GC(462) Metaspace: 53962K(57264K)->53962K(57264K) NonClass: 48035K(49840K)->48035K(49840K) Class: 5927K(7424K)->5927K(7424K)
[2025-11-03T04:41:30.704+0000][gc            ] GC(462) Pause Young (Concurrent Start) (G1 Humongous Allocation) 263M->216M(763M) 8.788ms
[2025-11-03T04:41:30.704+0000][gc,cpu        ] GC(462) User=0.01s Sys=0.00s Real=0.01s
[2025-11-03T04:41:30.705+0000][gc            ] GC(463) Concurrent Cycle
[2025-11-03T04:41:30.705+0000][gc,marking    ] GC(463) Concurrent Clear Claimed Marks
[2025-11-03T04:41:30.705+0000][gc,marking    ] GC(463) Concurrent Clear Claimed Marks 0.462ms
[2025-11-03T04:41:30.706+0000][gc,marking    ] GC(463) Concurrent Scan Root Regions
[2025-11-03T04:41:30.707+0000][gc,marking    ] GC(463) Concurrent Scan Root Regions 1.606ms
[2025-11-03T04:41:30.708+0000][gc,marking    ] GC(463) Concurrent Mark (28055.883s)
[2025-11-03T04:41:30.708+0000][gc,marking    ] GC(463) Concurrent Mark From Roots
[2025-11-03T04:41:30.708+0000][gc,task       ] GC(463) Using 1 workers of 1 for marking
[2025-11-03T04:41:30.773+0000][gc,marking    ] GC(463) Concurrent Mark From Roots 65.383ms
[2025-11-03T04:41:30.774+0000][gc,marking    ] GC(463) Concurrent Preclean
[2025-11-03T04:41:30.775+0000][gc,marking    ] GC(463) Concurrent Preclean 0.540ms
[2025-11-03T04:41:30.775+0000][gc,marking    ] GC(463) Concurrent Mark (28055.883s, 28055.951s) 67.359ms
[2025-11-03T04:41:30.776+0000][gc,start      ] GC(464) Pause Young (Normal) (G1 Evacuation Pause)
[2025-11-03T04:41:30.776+0000][gc,task       ] GC(464) Using 2 workers of 2 for evacuation
[2025-11-03T04:41:30.781+0000][gc,phases     ] GC(464)   Pre Evacuate Collection Set: 0.0ms
[2025-11-03T04:41:30.781+0000][gc,phases     ] GC(464)   Evacuate Collection Set: 3.3ms
[2025-11-03T04:41:30.781+0000][gc,phases     ] GC(464)   Post Evacuate Collection Set: 1.1ms
[2025-11-03T04:41:30.782+0000][gc,phases     ] GC(464)   Other: 0.9ms
[2025-11-03T04:41:30.782+0000][gc,heap       ] GC(464) Eden regions: 55->0(59)
[2025-11-03T04:41:30.783+0000][gc,heap       ] GC(464) Survivor regions: 1->1(7)
[2025-11-03T04:41:30.783+0000][gc,heap       ] GC(464) Old regions: 60->60
[2025-11-03T04:41:30.783+0000][gc,heap       ] GC(464) Humongous regions: 168->162
[2025-11-03T04:41:30.784+0000][gc,metaspace  ] GC(464) Metaspace: 53963K(57264K)->53963K(57264K) NonClass: 48035K(49840K)->48035K(49840K) Class: 5927K(7424K)->5927K(7424K)
[2025-11-03T04:41:30.784+0000][gc            ] GC(464) Pause Young (Normal) (G1 Evacuation Pause) 283M->222M(763M) 8.396ms
[2025-11-03T04:41:30.784+0000][gc,cpu        ] GC(464) User=0.01s Sys=0.00s Real=0.01s
[2025-11-03T04:41:30.786+0000][gc,start      ] GC(463) Pause Remark
[2025-11-03T04:41:30.801+0000][gc,stringtable] GC(463) Cleaned string and symbol table, strings: 17164 processed, 0 removed, symbols: 123854 processed, 0 removed
[2025-11-03T04:41:30.802+0000][gc            ] GC(463) Pause Remark 222M->222M(763M) 16.667ms
[2025-11-03T04:41:30.803+0000][gc,cpu        ] GC(463) User=0.03s Sys=0.00s Real=0.02s
[2025-11-03T04:41:30.803+0000][gc,marking    ] GC(463) Concurrent Rebuild Remembered Sets
[2025-11-03T04:41:30.843+0000][gc,marking    ] GC(463) Concurrent Rebuild Remembered Sets 39.924ms
[2025-11-03T04:41:30.844+0000][gc,start      ] GC(463) Pause Cleanup
[2025-11-03T04:41:30.845+0000][gc            ] GC(463) Pause Cleanup 264M->264M(763M) 0.847ms
[2025-11-03T04:41:30.845+0000][gc,cpu        ] GC(463) User=0.01s Sys=0.00s Real=0.00s
[2025-11-03T04:41:30.846+0000][gc,marking    ] GC(463) Concurrent Cleanup for Next Mark
[2025-11-03T04:41:30.848+0000][gc,marking    ] GC(463) Concurrent Cleanup for Next Mark 1.821ms
[2025-11-03T04:41:30.848+0000][gc            ] GC(463) Concurrent Cycle 143.567ms
[2025-11-03T04:41:30.851+0000][gc,start      ] GC(465) Pause Young (Concurrent Start) (G1 Humongous Allocation)
[2025-11-03T04:41:30.852+0000][gc,task       ] GC(465) Using 2 workers of 2 for evacuation
[2025-11-03T04:41:30.857+0000][gc,phases     ] GC(465)   Pre Evacuate Collection Set: 0.2ms
[2025-11-03T04:41:30.858+0000][gc,phases     ] GC(465)   Evacuate Collection Set: 3.7ms
[2025-11-03T04:41:30.858+0000][gc,phases     ] GC(465)   Post Evacuate Collection Set: 1.0ms
[2025-11-03T04:41:30.858+0000][gc,phases     ] GC(465)   Other: 0.9ms
[2025-11-03T04:41:30.858+0000][gc,heap       ] GC(465) Eden regions: 41->0(56)
[2025-11-03T04:41:30.859+0000][gc,heap       ] GC(465) Survivor regions: 1->1(8)
[2025-11-03T04:41:30.859+0000][gc,heap       ] GC(465) Old regions: 60->60
[2025-11-03T04:41:30.859+0000][gc,heap       ] GC(465) Humongous regions: 168->156
[2025-11-03T04:41:30.860+0000][gc,metaspace  ] GC(465) Metaspace: 53963K(57264K)->53963K(57264K) NonClass: 48035K(49840K)->48035K(49840K) Class: 5927K(7424K)->5927K(7424K)
[2025-11-03T04:41:30.860+0000][gc            ] GC(465) Pause Young (Concurrent Start) (G1 Humongous Allocation) 268M->216M(763M) 8.400ms
[2025-11-03T04:41:30.860+0000][gc,cpu        ] GC(465) User=0.01s Sys=0.00s Real=0.01s
[2025-11-03T04:41:30.860+0000][gc            ] GC(466) Concurrent Cycle
[2025-11-03T04:41:30.861+0000][gc,marking    ] GC(466) Concurrent Clear Claimed Marks
[2025-11-03T04:41:30.861+0000][gc,marking    ] GC(466) Concurrent Clear Claimed Marks 0.480ms
[2025-11-03T04:41:30.862+0000][gc,marking    ] GC(466) Concurrent Scan Root Regions
[2025-11-03T04:41:30.863+0000][gc,marking    ] GC(466) Concurrent Scan Root Regions 1.446ms
[2025-11-03T04:41:30.863+0000][gc,marking    ] GC(466) Concurrent Mark (28056.039s)
[2025-11-03T04:41:30.864+0000][gc,marking    ] GC(466) Concurrent Mark From Roots
[2025-11-03T04:41:30.864+0000][gc,task       ] GC(466) Using 1 workers of 1 for marking
[2025-11-03T04:41:30.929+0000][gc,marking    ] GC(466) Concurrent Mark From Roots 65.117ms
[2025-11-03T04:41:30.929+0000][gc,marking    ] GC(466) Concurrent Preclean
[2025-11-03T04:41:30.930+0000][gc,marking    ] GC(466) Concurrent Preclean 0.555ms
[2025-11-03T04:41:30.930+0000][gc,marking    ] GC(466) Concurrent Mark (28056.039s, 28056.106s) 66.741ms
[2025-11-03T04:41:30.931+0000][gc,start      ] GC(466) Pause Remark
[2025-11-03T04:41:30.947+0000][gc,stringtable] GC(466) Cleaned string and symbol table, strings: 17164 processed, 0 removed, symbols: 123854 processed, 0 removed
[2025-11-03T04:41:30.949+0000][gc            ] GC(466) Pause Remark 283M->283M(763M) 17.186ms
[2025-11-03T04:41:30.949+0000][gc,cpu        ] GC(466) User=0.03s Sys=0.00s Real=0.02s
[2025-11-03T04:41:30.949+0000][gc,marking    ] GC(466) Concurrent Rebuild Remembered Sets
[2025-11-03T04:41:30.954+0000][gc,start      ] GC(467) Pause Young (Normal) (G1 Evacuation Pause)
[2025-11-03T04:41:30.954+0000][gc,task       ] GC(467) Using 2 workers of 2 for evacuation
[2025-11-03T04:41:30.959+0000][gc,phases     ] GC(467)   Pre Evacuate Collection Set: 0.0ms
[2025-11-03T04:41:30.960+0000][gc,phases     ] GC(467)   Evacuate Collection Set: 3.8ms
[2025-11-03T04:41:30.960+0000][gc,phases     ] GC(467)   Post Evacuate Collection Set: 1.2ms
[2025-11-03T04:41:30.960+0000][gc,phases     ] GC(467)   Other: 0.8ms
[2025-11-03T04:41:30.961+0000][gc,heap       ] GC(467) Eden regions: 56->0(60)
[2025-11-03T04:41:30.961+0000][gc,heap       ] GC(467) Survivor regions: 1->1(8)
[2025-11-03T04:41:30.961+0000][gc,heap       ] GC(467) Old regions: 60->60
[2025-11-03T04:41:30.962+0000][gc,heap       ] GC(467) Humongous regions: 174->162
[2025-11-03T04:41:30.962+0000][gc,metaspace  ] GC(467) Metaspace: 53963K(57264K)->53963K(57264K) NonClass: 48035K(49840K)->48035K(49840K) Class: 5927K(7424K)->5927K(7424K)
[2025-11-03T04:41:30.962+0000][gc            ] GC(467) Pause Young (Normal) (G1 Evacuation Pause) 290M->222M(763M) 8.379ms
[2025-11-03T04:41:30.962+0000][gc,cpu        ] GC(467) User=0.01s Sys=0.00s Real=0.01s
[2025-11-03T04:41:30.998+0000][gc,marking    ] GC(466) Concurrent Rebuild Remembered Sets 48.325ms
[2025-11-03T04:41:30.999+0000][gc,start      ] GC(466) Pause Cleanup
[2025-11-03T04:41:31.000+0000][gc            ] GC(466) Pause Cleanup 257M->257M(763M) 0.808ms
[2025-11-03T04:41:31.000+0000][gc,cpu        ] GC(466) User=0.00s Sys=0.00s Real=0.00s
[2025-11-03T04:41:31.000+0000][gc,marking    ] GC(466) Concurrent Cleanup for Next Mark
[2025-11-03T04:41:31.002+0000][gc,marking    ] GC(466) Concurrent Cleanup for Next Mark 1.700ms
[2025-11-03T04:41:31.002+0000][gc            ] GC(466) Concurrent Cycle 141.981ms
[2025-11-03T04:41:31.025+0000][gc,start      ] GC(468) Pause Young (Concurrent Start) (G1 Humongous Allocation)
[2025-11-03T04:41:31.025+0000][gc,task       ] GC(468) Using 2 workers of 2 for evacuation
[2025-11-03T04:41:31.030+0000][gc,phases     ] GC(468)   Pre Evacuate Collection Set: 0.2ms
[2025-11-03T04:41:31.031+0000][gc,phases     ] GC(468)   Evacuate Collection Set: 3.5ms
[2025-11-03T04:41:31.031+0000][gc,phases     ] GC(468)   Post Evacuate Collection Set: 0.8ms
[2025-11-03T04:41:31.031+0000][gc,phases     ] GC(468)   Other: 0.9ms
[2025-11-03T04:41:31.032+0000][gc,heap       ] GC(468) Eden regions: 52->0(61)
[2025-11-03T04:41:31.032+0000][gc,heap       ] GC(468) Survivor regions: 1->1(8)
[2025-11-03T04:41:31.032+0000][gc,heap       ] GC(468) Old regions: 60->60
[2025-11-03T04:41:31.033+0000][gc,heap       ] GC(468) Humongous regions: 168->156
[2025-11-03T04:41:31.033+0000][gc,metaspace  ] GC(468) Metaspace: 53963K(57264K)->53963K(57264K) NonClass: 48035K(49840K)->48035K(49840K) Class: 5927K(7424K)->5927K(7424K)
[2025-11-03T04:41:31.034+0000][gc            ] GC(468) Pause Young (Concurrent Start) (G1 Humongous Allocation) 280M->216M(763M) 8.577ms
[2025-11-03T04:41:31.034+0000][gc,cpu        ] GC(468) User=0.01s Sys=0.00s Real=0.01s
[2025-11-03T04:41:31.034+0000][gc            ] GC(469) Concurrent Cycle
[2025-11-03T04:41:31.035+0000][gc,marking    ] GC(469) Concurrent Clear Claimed Marks
[2025-11-03T04:41:31.035+0000][gc,marking    ] GC(469) Concurrent Clear Claimed Marks 0.502ms
[2025-11-03T04:41:31.036+0000][gc,marking    ] GC(469) Concurrent Scan Root Regions
[2025-11-03T04:41:31.037+0000][gc,marking    ] GC(469) Concurrent Scan Root Regions 1.813ms
[2025-11-03T04:41:31.038+0000][gc,marking    ] GC(469) Concurrent Mark (28056.213s)
[2025-11-03T04:41:31.038+0000][gc,marking    ] GC(469) Concurrent Mark From Roots
[2025-11-03T04:41:31.039+0000][gc,task       ] GC(469) Using 1 workers of 1 for marking
[2025-11-03T04:41:31.105+0000][gc,marking    ] GC(469) Concurrent Mark From Roots 66.594ms
[2025-11-03T04:41:31.105+0000][gc,marking    ] GC(469) Concurrent Preclean
[2025-11-03T04:41:31.106+0000][gc,marking    ] GC(469) Concurrent Preclean 0.537ms
[2025-11-03T04:41:31.106+0000][gc,marking    ] GC(469) Concurrent Mark (28056.213s, 28056.282s) 68.188ms
[2025-11-03T04:41:31.107+0000][gc,start      ] GC(469) Pause Remark
[2025-11-03T04:41:31.122+0000][gc,stringtable] GC(469) Cleaned string and symbol table, strings: 17165 processed, 0 removed, symbols: 123854 processed, 0 removed
[2025-11-03T04:41:31.124+0000][gc            ] GC(469) Pause Remark 287M->287M(763M) 16.738ms
[2025-11-03T04:41:31.124+0000][gc,cpu        ] GC(469) User=0.03s Sys=0.00s Real=0.02s
[2025-11-03T04:41:31.124+0000][gc,marking    ] GC(469) Concurrent Rebuild Remembered Sets
[2025-11-03T04:41:31.133+0000][gc,start      ] GC(470) Pause Young (Normal) (G1 Evacuation Pause)
[2025-11-03T04:41:31.134+0000][gc,task       ] GC(470) Using 2 workers of 2 for evacuation
[2025-11-03T04:41:31.139+0000][gc,phases     ] GC(470)   Pre Evacuate Collection Set: 0.0ms
[2025-11-03T04:41:31.139+0000][gc,phases     ] GC(470)   Evacuate Collection Set: 3.5ms
[2025-11-03T04:41:31.139+0000][gc,phases     ] GC(470)   Post Evacuate Collection Set: 1.1ms
[2025-11-03T04:41:31.140+0000][gc,phases     ] GC(470)   Other: 0.8ms
[2025-11-03T04:41:31.140+0000][gc,heap       ] GC(470) Eden regions: 61->0(65)
[2025-11-03T04:41:31.140+0000][gc,heap       ] GC(470) Survivor regions: 1->1(8)
[2025-11-03T04:41:31.141+0000][gc,heap       ] GC(470) Old regions: 60->60
[2025-11-03T04:41:31.141+0000][gc,heap       ] GC(470) Humongous regions: 174->162
[2025-11-03T04:41:31.141+0000][gc,metaspace  ] GC(470) Metaspace: 53963K(57264K)->53963K(57264K) NonClass: 48035K(49840K)->48035K(49840K) Class: 5927K(7424K)->5927K(7424K)
[2025-11-03T04:41:31.141+0000][gc            ] GC(470) Pause Young (Normal) (G1 Evacuation Pause) 295M->222M(763M) 7.872ms
[2025-11-03T04:41:31.142+0000][gc,cpu        ] GC(470) User=0.01s Sys=0.00s Real=0.01s
[2025-11-03T04:41:31.172+0000][gc,marking    ] GC(469) Concurrent Rebuild Remembered Sets 47.793ms
[2025-11-03T04:41:31.173+0000][gc,start      ] GC(469) Pause Cleanup
[2025-11-03T04:41:31.174+0000][gc            ] GC(469) Pause Cleanup 252M->252M(763M) 0.844ms
[2025-11-03T04:41:31.175+0000][gc,cpu        ] GC(469) User=0.00s Sys=0.00s Real=0.00s
[2025-11-03T04:41:31.175+0000][gc,marking    ] GC(469) Concurrent Cleanup for Next Mark
[2025-11-03T04:41:31.177+0000][gc,marking    ] GC(469) Concurrent Cleanup for Next Mark 1.789ms
[2025-11-03T04:41:31.177+0000][gc            ] GC(469) Concurrent Cycle 142.896ms
[2025-11-03T04:41:31.184+0000][gc,start      ] GC(471) Pause Young (Concurrent Start) (G1 Humongous Allocation)
[2025-11-03T04:41:31.184+0000][gc,task       ] GC(471) Using 2 workers of 2 for evacuation
[2025-11-03T04:41:31.189+0000][gc,phases     ] GC(471)   Pre Evacuate Collection Set: 0.3ms
[2025-11-03T04:41:31.190+0000][gc,phases     ] GC(471)   Evacuate Collection Set: 3.6ms
[2025-11-03T04:41:31.190+0000][gc,phases     ] GC(471)   Post Evacuate Collection Set: 1.1ms
[2025-11-03T04:41:31.190+0000][gc,phases     ] GC(471)   Other: 0.8ms
[2025-11-03T04:41:31.191+0000][gc,heap       ] GC(471) Eden regions: 37->0(58)
[2025-11-03T04:41:31.191+0000][gc,heap       ] GC(471) Survivor regions: 1->1(9)
[2025-11-03T04:41:31.191+0000][gc,heap       ] GC(471) Old regions: 60->60
[2025-11-03T04:41:31.192+0000][gc,heap       ] GC(471) Humongous regions: 162->156
[2025-11-03T04:41:31.192+0000][gc,metaspace  ] GC(471) Metaspace: 53963K(57264K)->53963K(57264K) NonClass: 48035K(49840K)->48035K(49840K) Class: 5927K(7424K)->5927K(7424K)
[2025-11-03T04:41:31.192+0000][gc            ] GC(471) Pause Young (Concurrent Start) (G1 Humongous Allocation) 259M->216M(763M) 8.556ms
[2025-11-03T04:41:31.192+0000][gc,cpu        ] GC(471) User=0.01s Sys=0.00s Real=0.01s
[2025-11-03T04:41:31.193+0000][gc            ] GC(472) Concurrent Cycle
[2025-11-03T04:41:31.193+0000][gc,marking    ] GC(472) Concurrent Clear Claimed Marks
[2025-11-03T04:41:31.194+0000][gc,marking    ] GC(472) Concurrent Clear Claimed Marks 0.404ms
[2025-11-03T04:41:31.194+0000][gc,marking    ] GC(472) Concurrent Scan Root Regions
[2025-11-03T04:41:31.196+0000][gc,marking    ] GC(472) Concurrent Scan Root Regions 1.459ms
[2025-11-03T04:41:31.196+0000][gc,marking    ] GC(472) Concurrent Mark (28056.372s)
[2025-11-03T04:41:31.196+0000][gc,marking    ] GC(472) Concurrent Mark From Roots
[2025-11-03T04:41:31.197+0000][gc,task       ] GC(472) Using 1 workers of 1 for marking
[2025-11-03T04:41:31.263+0000][gc,marking    ] GC(472) Concurrent Mark From Roots 66.577ms
[2025-11-03T04:41:31.263+0000][gc,marking    ] GC(472) Concurrent Preclean
[2025-11-03T04:41:31.264+0000][gc,marking    ] GC(472) Concurrent Preclean 0.560ms
[2025-11-03T04:41:31.264+0000][gc,marking    ] GC(472) Concurrent Mark (28056.372s, 28056.440s) 68.184ms
[2025-11-03T04:41:31.265+0000][gc,start      ] GC(472) Pause Remark
[2025-11-03T04:41:31.280+0000][gc,stringtable] GC(472) Cleaned string and symbol table, strings: 17166 processed, 0 removed, symbols: 123854 processed, 0 removed
[2025-11-03T04:41:31.282+0000][gc            ] GC(472) Pause Remark 287M->287M(763M) 16.723ms
[2025-11-03T04:41:31.282+0000][gc,cpu        ] GC(472) User=0.03s Sys=0.00s Real=0.02s
[2025-11-03T04:41:31.283+0000][gc,marking    ] GC(472) Concurrent Rebuild Remembered Sets
[2025-11-03T04:41:31.288+0000][gc,start      ] GC(473) Pause Young (Normal) (G1 Evacuation Pause)
[2025-11-03T04:41:31.289+0000][gc,task       ] GC(473) Using 2 workers of 2 for evacuation
[2025-11-03T04:41:31.294+0000][gc,phases     ] GC(473)   Pre Evacuate Collection Set: 0.0ms
[2025-11-03T04:41:31.294+0000][gc,phases     ] GC(473)   Evacuate Collection Set: 3.6ms
[2025-11-03T04:41:31.295+0000][gc,phases     ] GC(473)   Post Evacuate Collection Set: 1.1ms
[2025-11-03T04:41:31.295+0000][gc,phases     ] GC(473)   Other: 0.9ms
[2025-11-03T04:41:31.295+0000][gc,heap       ] GC(473) Eden regions: 58->0(62)
[2025-11-03T04:41:31.295+0000][gc,heap       ] GC(473) Survivor regions: 1->1(8)
[2025-11-03T04:41:31.296+0000][gc,heap       ] GC(473) Old regions: 60->60
[2025-11-03T04:41:31.296+0000][gc,heap       ] GC(473) Humongous regions: 174->162
[2025-11-03T04:41:31.296+0000][gc,metaspace  ] GC(473) Metaspace: 53963K(57264K)->53963K(57264K) NonClass: 48035K(49840K)->48035K(49840K) Class: 5927K(7424K)->5927K(7424K)
[2025-11-03T04:41:31.296+0000][gc            ] GC(473) Pause Young (Normal) (G1 Evacuation Pause) 292M->222M(763M) 8.099ms
[2025-11-03T04:41:31.297+0000][gc,cpu        ] GC(473) User=0.01s Sys=0.00s Real=0.01s
[2025-11-03T04:41:31.331+0000][gc,marking    ] GC(472) Concurrent Rebuild Remembered Sets 48.782ms
[2025-11-03T04:41:31.332+0000][gc,start      ] GC(472) Pause Cleanup
[2025-11-03T04:41:31.333+0000][gc            ] GC(472) Pause Cleanup 260M->260M(763M) 0.736ms
[2025-11-03T04:41:31.333+0000][gc,cpu        ] GC(472) User=0.00s Sys=0.00s Real=0.00s
[2025-11-03T04:41:31.334+0000][gc,marking    ] GC(472) Concurrent Cleanup for Next Mark
[2025-11-03T04:41:31.336+0000][gc,marking    ] GC(472) Concurrent Cleanup for Next Mark 1.699ms
[2025-11-03T04:41:31.336+0000][gc            ] GC(472) Concurrent Cycle 142.883ms
[2025-11-03T04:41:31.362+0000][gc,start      ] GC(474) Pause Young (Normal) (G1 Evacuation Pause)
[2025-11-03T04:41:31.363+0000][gc,task       ] GC(474) Using 2 workers of 2 for evacuation
[2025-11-03T04:41:31.367+0000][gc,phases     ] GC(474)   Pre Evacuate Collection Set: 0.0ms
[2025-11-03T04:41:31.368+0000][gc,phases     ] GC(474)   Evacuate Collection Set: 3.2ms
[2025-11-03T04:41:31.368+0000][gc,phases     ] GC(474)   Post Evacuate Collection Set: 1.2ms
[2025-11-03T04:41:31.369+0000][gc,phases     ] GC(474)   Other: 0.8ms
[2025-11-03T04:41:31.369+0000][gc,heap       ] GC(474) Eden regions: 57->0(56)
[2025-11-03T04:41:31.369+0000][gc,heap       ] GC(474) Survivor regions: 1->1(8)
[2025-11-03T04:41:31.370+0000][gc,heap       ] GC(474) Old regions: 60->60
[2025-11-03T04:41:31.370+0000][gc,heap       ] GC(474) Humongous regions: 168->162
[2025-11-03T04:41:31.370+0000][gc,metaspace  ] GC(474) Metaspace: 53963K(57264K)->53963K(57264K) NonClass: 48035K(49840K)->48035K(49840K) Class: 5927K(7424K)->5927K(7424K)
[2025-11-03T04:41:31.371+0000][gc            ] GC(474) Pause Young (Normal) (G1 Evacuation Pause) 285M->222M(763M) 8.484ms
[2025-11-03T04:41:31.371+0000][gc,cpu        ] GC(474) User=0.01s Sys=0.00s Real=0.00s
[2025-11-03T04:41:31.431+0000][gc,start      ] GC(475) Pause Young (Concurrent Start) (G1 Evacuation Pause)
[2025-11-03T04:41:31.432+0000][gc,task       ] GC(475) Using 2 workers of 2 for evacuation
[2025-11-03T04:41:31.437+0000][gc,phases     ] GC(475)   Pre Evacuate Collection Set: 0.2ms
[2025-11-03T04:41:31.437+0000][gc,phases     ] GC(475)   Evacuate Collection Set: 3.1ms
[2025-11-03T04:41:31.437+0000][gc,phases     ] GC(475)   Post Evacuate Collection Set: 1.1ms
[2025-11-03T04:41:31.438+0000][gc,phases     ] GC(475)   Other: 1.0ms
[2025-11-03T04:41:31.438+0000][gc,heap       ] GC(475) Eden regions: 56->0(65)
[2025-11-03T04:41:31.438+0000][gc,heap       ] GC(475) Survivor regions: 1->1(8)
[2025-11-03T04:41:31.439+0000][gc,heap       ] GC(475) Old regions: 60->60
[2025-11-03T04:41:31.439+0000][gc,heap       ] GC(475) Humongous regions: 162->162
[2025-11-03T04:41:31.439+0000][gc,metaspace  ] GC(475) Metaspace: 53963K(57264K)->53963K(57264K) NonClass: 48035K(49840K)->48035K(49840K) Class: 5927K(7424K)->5927K(7424K)
[2025-11-03T04:41:31.440+0000][gc            ] GC(475) Pause Young (Concurrent Start) (G1 Evacuation Pause) 278M->222M(763M) 8.388ms
[2025-11-03T04:41:31.440+0000][gc,cpu        ] GC(475) User=0.01s Sys=0.00s Real=0.01s
[2025-11-03T04:41:31.441+0000][gc            ] GC(476) Concurrent Cycle
[2025-11-03T04:41:31.441+0000][gc,marking    ] GC(476) Concurrent Clear Claimed Marks
[2025-11-03T04:41:31.441+0000][gc,marking    ] GC(476) Concurrent Clear Claimed Marks 0.326ms
[2025-11-03T04:41:31.441+0000][gc,marking    ] GC(476) Concurrent Scan Root Regions
[2025-11-03T04:41:31.443+0000][gc,marking    ] GC(476) Concurrent Scan Root Regions 1.536ms
[2025-11-03T04:41:31.443+0000][gc,marking    ] GC(476) Concurrent Mark (28056.619s)
[2025-11-03T04:41:31.444+0000][gc,marking    ] GC(476) Concurrent Mark From Roots
[2025-11-03T04:41:31.444+0000][gc,task       ] GC(476) Using 1 workers of 1 for marking
[2025-11-03T04:41:31.510+0000][gc,marking    ] GC(476) Concurrent Mark From Roots 66.009ms
[2025-11-03T04:41:31.510+0000][gc,marking    ] GC(476) Concurrent Preclean
[2025-11-03T04:41:31.511+0000][gc,marking    ] GC(476) Concurrent Preclean 0.558ms
[2025-11-03T04:41:31.511+0000][gc,marking    ] GC(476) Concurrent Mark (28056.619s, 28056.687s) 67.716ms
[2025-11-03T04:41:31.512+0000][gc,start      ] GC(476) Pause Remark
[2025-11-03T04:41:31.528+0000][gc,stringtable] GC(476) Cleaned string and symbol table, strings: 17166 processed, 0 removed, symbols: 123854 processed, 0 removed
[2025-11-03T04:41:31.529+0000][gc            ] GC(476) Pause Remark 296M->296M(763M) 16.538ms
[2025-11-03T04:41:31.529+0000][gc,cpu        ] GC(476) User=0.03s Sys=0.00s Real=0.01s
[2025-11-03T04:41:31.529+0000][gc,marking    ] GC(476) Concurrent Rebuild Remembered Sets
[2025-11-03T04:41:31.545+0000][gc,start      ] GC(477) Pause Young (Normal) (G1 Evacuation Pause)
[2025-11-03T04:41:31.545+0000][gc,task       ] GC(477) Using 2 workers of 2 for evacuation
[2025-11-03T04:41:31.551+0000][gc,phases     ] GC(477)   Pre Evacuate Collection Set: 0.0ms
[2025-11-03T04:41:31.552+0000][gc,phases     ] GC(477)   Evacuate Collection Set: 4.1ms
[2025-11-03T04:41:31.552+0000][gc,phases     ] GC(477)   Post Evacuate Collection Set: 1.0ms
[2025-11-03T04:41:31.552+0000][gc,phases     ] GC(477)   Other: 1.0ms
[2025-11-03T04:41:31.553+0000][gc,heap       ] GC(477) Eden regions: 65->0(68)
[2025-11-03T04:41:31.553+0000][gc,heap       ] GC(477) Survivor regions: 1->1(9)
[2025-11-03T04:41:31.553+0000][gc,heap       ] GC(477) Old regions: 60->60
[2025-11-03T04:41:31.554+0000][gc,heap       ] GC(477) Humongous regions: 186->162
[2025-11-03T04:41:31.554+0000][gc,metaspace  ] GC(477) Metaspace: 53963K(57264K)->53963K(57264K) NonClass: 48035K(49840K)->48035K(49840K) Class: 5927K(7424K)->5927K(7424K)
[2025-11-03T04:41:31.555+0000][gc            ] GC(477) Pause Young (Normal) (G1 Evacuation Pause) 311M->222M(763M) 9.422ms
[2025-11-03T04:41:31.555+0000][gc,cpu        ] GC(477) User=0.02s Sys=0.00s Real=0.01s
[2025-11-03T04:41:31.580+0000][gc,marking    ] GC(476) Concurrent Rebuild Remembered Sets 50.897ms
[2025-11-03T04:41:31.581+0000][gc,start      ] GC(476) Pause Cleanup
[2025-11-03T04:41:31.582+0000][gc            ] GC(476) Pause Cleanup 247M->247M(763M) 0.834ms
[2025-11-03T04:41:31.582+0000][gc,cpu        ] GC(476) User=0.00s Sys=0.00s Real=0.01s
[2025-11-03T04:41:31.583+0000][gc,marking    ] GC(476) Concurrent Cleanup for Next Mark
[2025-11-03T04:41:31.585+0000][gc,marking    ] GC(476) Concurrent Cleanup for Next Mark 1.892ms
[2025-11-03T04:41:31.585+0000][gc            ] GC(476) Concurrent Cycle 144.679ms
[2025-11-03T04:57:41.693+0000][gc,start      ] GC(478) Pause Young (Normal) (G1 Evacuation Pause)
[2025-11-03T04:57:41.693+0000][gc,task       ] GC(478) Using 2 workers of 2 for evacuation
[2025-11-03T04:57:41.710+0000][gc,phases     ] GC(478)   Pre Evacuate Collection Set: 0.0ms
[2025-11-03T04:57:41.711+0000][gc,phases     ] GC(478)   Evacuate Collection Set: 15.0ms
[2025-11-03T04:57:41.711+0000][gc,phases     ] GC(478)   Post Evacuate Collection Set: 1.4ms
[2025-11-03T04:57:41.712+0000][gc,phases     ] GC(478)   Other: 1.0ms
[2025-11-03T04:57:41.712+0000][gc,heap       ] GC(478) Eden regions: 60->0(59)
[2025-11-03T04:57:41.712+0000][gc,heap       ] GC(478) Survivor regions: 1->4(8)
[2025-11-03T04:57:41.713+0000][gc,heap       ] GC(478) Old regions: 60->60
[2025-11-03T04:57:41.713+0000][gc,heap       ] GC(478) Humongous regions: 162->156
[2025-11-03T04:57:41.713+0000][gc,metaspace  ] GC(478) Metaspace: 53970K(57264K)->53970K(57264K) NonClass: 48043K(49840K)->48043K(49840K) Class: 5927K(7424K)->5927K(7424K)
[2025-11-03T04:57:41.714+0000][gc            ] GC(478) Pause Young (Normal) (G1 Evacuation Pause) 282M->219M(763M) 21.043ms
[2025-11-03T04:57:41.714+0000][gc,cpu        ] GC(478) User=0.04s Sys=0.00s Real=0.02s
[2025-11-03T05:13:52.556+0000][gc,start      ] GC(479) Pause Young (Concurrent Start) (G1 Evacuation Pause)
[2025-11-03T05:13:52.557+0000][gc,task       ] GC(479) Using 2 workers of 2 for evacuation
[2025-11-03T05:13:52.599+0000][gc,mmu        ] GC(479) MMU target violated: 21.0ms (20.0ms/21.0ms)
[2025-11-03T05:13:52.601+0000][gc,phases     ] GC(479)   Pre Evacuate Collection Set: 0.8ms
[2025-11-03T05:13:52.601+0000][gc,phases     ] GC(479)   Evacuate Collection Set: 37.8ms
[2025-11-03T05:13:52.602+0000][gc,phases     ] GC(479)   Post Evacuate Collection Set: 1.9ms
[2025-11-03T05:13:52.602+0000][gc,phases     ] GC(479)   Other: 3.7ms
[2025-11-03T05:13:52.603+0000][gc,heap       ] GC(479) Eden regions: 36->0(55)
[2025-11-03T05:13:52.604+0000][gc,heap       ] GC(479) Survivor regions: 4->5(5)
[2025-11-03T05:13:52.605+0000][gc,heap       ] GC(479) Old regions: 60->63
[2025-11-03T05:13:52.606+0000][gc,heap       ] GC(479) Humongous regions: 156->156
[2025-11-03T05:13:52.607+0000][gc,metaspace  ] GC(479) Metaspace: 53981K(57264K)->53981K(57264K) NonClass: 48054K(49840K)->48054K(49840K) Class: 5927K(7424K)->5927K(7424K)
[2025-11-03T05:13:52.607+0000][gc            ] GC(479) Pause Young (Concurrent Start) (G1 Evacuation Pause) 255M->223M(763M) 51.026ms
[2025-11-03T05:13:52.608+0000][gc,cpu        ] GC(479) User=0.08s Sys=0.00s Real=0.05s
[2025-11-03T05:13:52.609+0000][gc            ] GC(480) Concurrent Cycle
[2025-11-03T05:13:52.609+0000][gc,marking    ] GC(480) Concurrent Clear Claimed Marks
[2025-11-03T05:13:52.611+0000][gc,marking    ] GC(480) Concurrent Clear Claimed Marks 2.069ms
[2025-11-03T05:13:52.612+0000][gc,marking    ] GC(480) Concurrent Scan Root Regions
[2025-11-03T05:13:52.625+0000][gc,marking    ] GC(480) Concurrent Scan Root Regions 13.511ms
[2025-11-03T05:13:52.626+0000][gc,marking    ] GC(480) Concurrent Mark (29997.941s)
[2025-11-03T05:13:52.627+0000][gc,marking    ] GC(480) Concurrent Mark From Roots
[2025-11-03T05:13:52.627+0000][gc,task       ] GC(480) Using 1 workers of 1 for marking
[2025-11-03T05:13:52.758+0000][gc,marking    ] GC(480) Concurrent Mark From Roots 130.618ms
[2025-11-03T05:13:52.758+0000][gc,marking    ] GC(480) Concurrent Preclean
[2025-11-03T05:13:52.759+0000][gc,marking    ] GC(480) Concurrent Preclean 1.339ms
[2025-11-03T05:13:52.760+0000][gc,marking    ] GC(480) Concurrent Mark (29997.941s, 29998.075s) 134.101ms
[2025-11-03T05:13:52.762+0000][gc,start      ] GC(480) Pause Remark
[2025-11-03T05:13:52.819+0000][gc,stringtable] GC(480) Cleaned string and symbol table, strings: 17195 processed, 4 removed, symbols: 123854 processed, 0 removed
[2025-11-03T05:13:52.821+0000][gc,mmu        ] GC(480) MMU target violated: 21.0ms (20.0ms/21.0ms)
[2025-11-03T05:13:52.823+0000][gc            ] GC(480) Pause Remark 227M->227M(763M) 61.043ms
[2025-11-03T05:13:52.823+0000][gc,cpu        ] GC(480) User=0.06s Sys=0.00s Real=0.07s
[2025-11-03T05:13:52.825+0000][gc,marking    ] GC(480) Concurrent Rebuild Remembered Sets
[2025-11-03T05:13:52.918+0000][gc,marking    ] GC(480) Concurrent Rebuild Remembered Sets 92.769ms
[2025-11-03T05:13:52.919+0000][gc,start      ] GC(480) Pause Cleanup
[2025-11-03T05:13:52.920+0000][gc            ] GC(480) Pause Cleanup 230M->230M(763M) 1.528ms
[2025-11-03T05:13:52.921+0000][gc,cpu        ] GC(480) User=0.01s Sys=0.00s Real=0.00s
[2025-11-03T05:13:52.922+0000][gc,marking    ] GC(480) Concurrent Cleanup for Next Mark
[2025-11-03T05:13:52.925+0000][gc,marking    ] GC(480) Concurrent Cleanup for Next Mark 3.299ms
[2025-11-03T05:13:52.926+0000][gc            ] GC(480) Concurrent Cycle 316.950ms
[2025-11-03T05:13:53.376+0000][gc,start      ] GC(481) Pause Young (Prepare Mixed) (G1 Evacuation Pause)
[2025-11-03T05:13:53.377+0000][gc,task       ] GC(481) Using 2 workers of 2 for evacuation
[2025-11-03T05:13:53.395+0000][gc,phases     ] GC(481)   Pre Evacuate Collection Set: 0.0ms
[2025-11-03T05:13:53.395+0000][gc,phases     ] GC(481)   Evacuate Collection Set: 16.8ms
[2025-11-03T05:13:53.396+0000][gc,phases     ] GC(481)   Post Evacuate Collection Set: 1.0ms
[2025-11-03T05:13:53.396+0000][gc,phases     ] GC(481)   Other: 0.9ms
[2025-11-03T05:13:53.396+0000][gc,heap       ] GC(481) Eden regions: 33->0(36)
[2025-11-03T05:13:53.397+0000][gc,heap       ] GC(481) Survivor regions: 5->2(5)
[2025-11-03T05:13:53.397+0000][gc,heap       ] GC(481) Old regions: 63->66
[2025-11-03T05:13:53.397+0000][gc,heap       ] GC(481) Humongous regions: 162->162
[2025-11-03T05:13:53.398+0000][gc,metaspace  ] GC(481) Metaspace: 53981K(57264K)->53981K(57264K) NonClass: 48054K(49840K)->48054K(49840K) Class: 5927K(7424K)->5927K(7424K)
[2025-11-03T05:13:53.398+0000][gc            ] GC(481) Pause Young (Prepare Mixed) (G1 Evacuation Pause) 262M->229M(763M) 22.096ms
[2025-11-03T05:13:53.399+0000][gc,cpu        ] GC(481) User=0.04s Sys=0.00s Real=0.02s
[2025-11-03T05:13:53.445+0000][gc,start      ] GC(482) Pause Young (Mixed) (G1 Evacuation Pause)
[2025-11-03T05:13:53.445+0000][gc,task       ] GC(482) Using 2 workers of 2 for evacuation
[2025-11-03T05:13:53.455+0000][gc,phases     ] GC(482)   Pre Evacuate Collection Set: 0.0ms
[2025-11-03T05:13:53.455+0000][gc,phases     ] GC(482)   Evacuate Collection Set: 7.6ms
[2025-11-03T05:13:53.455+0000][gc,phases     ] GC(482)   Post Evacuate Collection Set: 1.1ms
[2025-11-03T05:13:53.456+0000][gc,phases     ] GC(482)   Other: 1.0ms
[2025-11-03T05:13:53.456+0000][gc,heap       ] GC(482) Eden regions: 36->0(36)
[2025-11-03T05:13:53.457+0000][gc,heap       ] GC(482) Survivor regions: 2->2(5)
[2025-11-03T05:13:53.457+0000][gc,heap       ] GC(482) Old regions: 66->64
[2025-11-03T05:13:53.457+0000][gc,heap       ] GC(482) Humongous regions: 168->162
[2025-11-03T05:13:53.458+0000][gc,metaspace  ] GC(482) Metaspace: 53981K(57264K)->53981K(57264K) NonClass: 48054K(49840K)->48054K(49840K) Class: 5927K(7424K)->5927K(7424K)
[2025-11-03T05:13:53.458+0000][gc            ] GC(482) Pause Young (Mixed) (G1 Evacuation Pause) 271M->226M(763M) 12.737ms
[2025-11-03T05:13:53.458+0000][gc,cpu        ] GC(482) User=0.01s Sys=0.00s Real=0.01s
[2025-11-03T05:13:53.479+0000][gc,start      ] GC(483) Pause Young (Concurrent Start) (G1 Humongous Allocation)
[2025-11-03T05:13:53.480+0000][gc,task       ] GC(483) Using 2 workers of 2 for evacuation
[2025-11-03T05:13:53.487+0000][gc,phases     ] GC(483)   Pre Evacuate Collection Set: 0.2ms
[2025-11-03T05:13:53.487+0000][gc,phases     ] GC(483)   Evacuate Collection Set: 5.1ms
[2025-11-03T05:13:53.487+0000][gc,phases     ] GC(483)   Post Evacuate Collection Set: 1.2ms
[2025-11-03T05:13:53.488+0000][gc,phases     ] GC(483)   Other: 1.0ms
[2025-11-03T05:13:53.488+0000][gc,heap       ] GC(483) Eden regions: 19->0(55)
[2025-11-03T05:13:53.489+0000][gc,heap       ] GC(483) Survivor regions: 2->2(5)
[2025-11-03T05:13:53.489+0000][gc,heap       ] GC(483) Old regions: 64->64
[2025-11-03T05:13:53.489+0000][gc,heap       ] GC(483) Humongous regions: 162->156
[2025-11-03T05:13:53.489+0000][gc,metaspace  ] GC(483) Metaspace: 53981K(57264K)->53981K(57264K) NonClass: 48054K(49840K)->48054K(49840K) Class: 5927K(7424K)->5927K(7424K)
[2025-11-03T05:13:53.490+0000][gc            ] GC(483) Pause Young (Concurrent Start) (G1 Humongous Allocation) 245M->220M(763M) 10.497ms
[2025-11-03T05:13:53.490+0000][gc,cpu        ] GC(483) User=0.01s Sys=0.00s Real=0.01s
[2025-11-03T05:13:53.490+0000][gc            ] GC(484) Concurrent Cycle
[2025-11-03T05:13:53.491+0000][gc,marking    ] GC(484) Concurrent Clear Claimed Marks
[2025-11-03T05:13:53.491+0000][gc,marking    ] GC(484) Concurrent Clear Claimed Marks 0.597ms
[2025-11-03T05:13:53.492+0000][gc,marking    ] GC(484) Concurrent Scan Root Regions
[2025-11-03T05:13:53.495+0000][gc,marking    ] GC(484) Concurrent Scan Root Regions 3.252ms
[2025-11-03T05:13:53.496+0000][gc,marking    ] GC(484) Concurrent Mark (29998.811s)
[2025-11-03T05:13:53.496+0000][gc,marking    ] GC(484) Concurrent Mark From Roots
[2025-11-03T05:13:53.496+0000][gc,task       ] GC(484) Using 1 workers of 1 for marking
[2025-11-03T05:13:53.561+0000][gc,marking    ] GC(484) Concurrent Mark From Roots 65.078ms
[2025-11-03T05:13:53.561+0000][gc,marking    ] GC(484) Concurrent Preclean
[2025-11-03T05:13:53.562+0000][gc,marking    ] GC(484) Concurrent Preclean 0.530ms
[2025-11-03T05:13:53.562+0000][gc,marking    ] GC(484) Concurrent Mark (29998.811s, 29998.878s) 66.713ms
[2025-11-03T05:13:53.564+0000][gc,start      ] GC(484) Pause Remark
[2025-11-03T05:13:53.581+0000][gc,stringtable] GC(484) Cleaned string and symbol table, strings: 17191 processed, 0 removed, symbols: 123854 processed, 0 removed
[2025-11-03T05:13:53.583+0000][gc            ] GC(484) Pause Remark 283M->283M(763M) 18.876ms
[2025-11-03T05:13:53.583+0000][gc,cpu        ] GC(484) User=0.03s Sys=0.00s Real=0.02s
[2025-11-03T05:13:53.583+0000][gc,marking    ] GC(484) Concurrent Rebuild Remembered Sets
[2025-11-03T05:13:53.591+0000][gc,start      ] GC(485) Pause Young (Normal) (G1 Evacuation Pause)
[2025-11-03T05:13:53.592+0000][gc,task       ] GC(485) Using 2 workers of 2 for evacuation
[2025-11-03T05:13:53.603+0000][gc,phases     ] GC(485)   Pre Evacuate Collection Set: 0.0ms
[2025-11-03T05:13:53.604+0000][gc,phases     ] GC(485)   Evacuate Collection Set: 5.9ms
[2025-11-03T05:13:53.604+0000][gc,phases     ] GC(485)   Post Evacuate Collection Set: 4.2ms
[2025-11-03T05:13:53.604+0000][gc,phases     ] GC(485)   Other: 1.9ms
[2025-11-03T05:13:53.605+0000][gc,heap       ] GC(485) Eden regions: 55->0(56)
[2025-11-03T05:13:53.605+0000][gc,heap       ] GC(485) Survivor regions: 2->2(8)
[2025-11-03T05:13:53.606+0000][gc,heap       ] GC(485) Old regions: 64->64
[2025-11-03T05:13:53.606+0000][gc,heap       ] GC(485) Humongous regions: 168->162
[2025-11-03T05:13:53.607+0000][gc,metaspace  ] GC(485) Metaspace: 53981K(57264K)->53981K(57264K) NonClass: 48054K(49840K)->48054K(49840K) Class: 5927K(7424K)->5927K(7424K)
[2025-11-03T05:13:53.608+0000][gc            ] GC(485) Pause Young (Normal) (G1 Evacuation Pause) 287M->226M(763M) 16.680ms
[2025-11-03T05:13:53.609+0000][gc,cpu        ] GC(485) User=0.01s Sys=0.00s Real=0.02s
[2025-11-03T05:13:53.649+0000][gc,marking    ] GC(484) Concurrent Rebuild Remembered Sets 65.537ms
[2025-11-03T05:13:53.650+0000][gc,start      ] GC(484) Pause Cleanup
[2025-11-03T05:13:53.651+0000][gc            ] GC(484) Pause Cleanup 269M->269M(763M) 1.041ms
[2025-11-03T05:13:53.652+0000][gc,cpu        ] GC(484) User=0.00s Sys=0.00s Real=0.01s
[2025-11-03T05:13:53.652+0000][gc,marking    ] GC(484) Concurrent Cleanup for Next Mark
[2025-11-03T05:13:53.654+0000][gc,marking    ] GC(484) Concurrent Cleanup for Next Mark 2.152ms
[2025-11-03T05:13:53.655+0000][gc            ] GC(484) Concurrent Cycle 164.640ms
[2025-11-03T05:13:53.697+0000][gc,start      ] GC(486) Pause Young (Prepare Mixed) (G1 Evacuation Pause)
[2025-11-03T05:13:53.697+0000][gc,task       ] GC(486) Using 2 workers of 2 for evacuation
[2025-11-03T05:13:53.707+0000][gc,phases     ] GC(486)   Pre Evacuate Collection Set: 0.0ms
[2025-11-03T05:13:53.707+0000][gc,phases     ] GC(486)   Evacuate Collection Set: 7.5ms
[2025-11-03T05:13:53.708+0000][gc,phases     ] GC(486)   Post Evacuate Collection Set: 1.3ms
[2025-11-03T05:13:53.708+0000][gc,phases     ] GC(486)   Other: 1.3ms
[2025-11-03T05:13:53.709+0000][gc,heap       ] GC(486) Eden regions: 56->0(36)
[2025-11-03T05:13:53.709+0000][gc,heap       ] GC(486) Survivor regions: 2->2(8)
[2025-11-03T05:13:53.709+0000][gc,heap       ] GC(486) Old regions: 64->64
[2025-11-03T05:13:53.710+0000][gc,heap       ] GC(486) Humongous regions: 186->162
[2025-11-03T05:13:53.710+0000][gc,metaspace  ] GC(486) Metaspace: 53981K(57264K)->53981K(57264K) NonClass: 48054K(49840K)->48054K(49840K) Class: 5927K(7424K)->5927K(7424K)
[2025-11-03T05:13:53.710+0000][gc            ] GC(486) Pause Young (Prepare Mixed) (G1 Evacuation Pause) 306M->226M(763M) 13.450ms
[2025-11-03T05:13:53.711+0000][gc,cpu        ] GC(486) User=0.02s Sys=0.00s Real=0.01s
[2025-11-03T05:13:53.760+0000][gc,start      ] GC(487) Pause Young (Mixed) (G1 Evacuation Pause)
[2025-11-03T05:13:53.761+0000][gc,task       ] GC(487) Using 2 workers of 2 for evacuation
[2025-11-03T05:13:53.767+0000][gc,phases     ] GC(487)   Pre Evacuate Collection Set: 0.0ms
[2025-11-03T05:13:53.768+0000][gc,phases     ] GC(487)   Evacuate Collection Set: 5.1ms
[2025-11-03T05:13:53.768+0000][gc,phases     ] GC(487)   Post Evacuate Collection Set: 1.2ms
[2025-11-03T05:13:53.768+0000][gc,phases     ] GC(487)   Other: 1.0ms
[2025-11-03T05:13:53.769+0000][gc,heap       ] GC(487) Eden regions: 36->0(46)
[2025-11-03T05:13:53.769+0000][gc,heap       ] GC(487) Survivor regions: 2->2(5)
[2025-11-03T05:13:53.769+0000][gc,heap       ] GC(487) Old regions: 64->60
[2025-11-03T05:13:53.770+0000][gc,heap       ] GC(487) Humongous regions: 168->162
[2025-11-03T05:13:53.770+0000][gc,metaspace  ] GC(487) Metaspace: 53981K(57264K)->53981K(57264K) NonClass: 48054K(49840K)->48054K(49840K) Class: 5927K(7424K)->5927K(7424K)
[2025-11-03T05:13:53.770+0000][gc            ] GC(487) Pause Young (Mixed) (G1 Evacuation Pause) 268M->223M(763M) 10.056ms
[2025-11-03T05:13:53.770+0000][gc,cpu        ] GC(487) User=0.02s Sys=0.00s Real=0.01s
[2025-11-03T05:13:53.819+0000][gc,start      ] GC(488) Pause Young (Concurrent Start) (G1 Evacuation Pause)
[2025-11-03T05:13:53.819+0000][gc,task       ] GC(488) Using 2 workers of 2 for evacuation
[2025-11-03T05:13:53.827+0000][gc,phases     ] GC(488)   Pre Evacuate Collection Set: 0.3ms
[2025-11-03T05:13:53.827+0000][gc,phases     ] GC(488)   Evacuate Collection Set: 5.5ms
[2025-11-03T05:13:53.827+0000][gc,phases     ] GC(488)   Post Evacuate Collection Set: 0.9ms
[2025-11-03T05:13:53.828+0000][gc,phases     ] GC(488)   Other: 1.0ms
[2025-11-03T05:13:53.828+0000][gc,heap       ] GC(488) Eden regions: 46->0(66)
[2025-11-03T05:13:53.828+0000][gc,heap       ] GC(488) Survivor regions: 2->2(6)
[2025-11-03T05:13:53.828+0000][gc,heap       ] GC(488) Old regions: 60->60
[2025-11-03T05:13:53.829+0000][gc,heap       ] GC(488) Humongous regions: 162->162
[2025-11-03T05:13:53.829+0000][gc,metaspace  ] GC(488) Metaspace: 53981K(57264K)->53981K(57264K) NonClass: 48054K(49840K)->48054K(49840K) Class: 5927K(7424K)->5927K(7424K)
[2025-11-03T05:13:53.829+0000][gc            ] GC(488) Pause Young (Concurrent Start) (G1 Evacuation Pause) 269M->223M(763M) 10.348ms
[2025-11-03T05:13:53.830+0000][gc,cpu        ] GC(488) User=0.01s Sys=0.00s Real=0.01s
[2025-11-03T05:13:53.830+0000][gc            ] GC(489) Concurrent Cycle
[2025-11-03T05:13:53.831+0000][gc,marking    ] GC(489) Concurrent Clear Claimed Marks
[2025-11-03T05:13:53.831+0000][gc,marking    ] GC(489) Concurrent Clear Claimed Marks 0.622ms
[2025-11-03T05:13:53.832+0000][gc,marking    ] GC(489) Concurrent Scan Root Regions
[2025-11-03T05:13:53.835+0000][gc,marking    ] GC(489) Concurrent Scan Root Regions 2.926ms
[2025-11-03T05:13:53.835+0000][gc,marking    ] GC(489) Concurrent Mark (29999.151s)
[2025-11-03T05:13:53.836+0000][gc,marking    ] GC(489) Concurrent Mark From Roots
[2025-11-03T05:13:53.836+0000][gc,task       ] GC(489) Using 1 workers of 1 for marking
[2025-11-03T05:13:53.904+0000][gc,marking    ] GC(489) Concurrent Mark From Roots 68.226ms
[2025-11-03T05:13:53.904+0000][gc,marking    ] GC(489) Concurrent Preclean
[2025-11-03T05:13:53.905+0000][gc,marking    ] GC(489) Concurrent Preclean 0.630ms
[2025-11-03T05:13:53.905+0000][gc,marking    ] GC(489) Concurrent Mark (29999.151s, 29999.221s) 69.925ms
[2025-11-03T05:13:53.906+0000][gc,start      ] GC(489) Pause Remark
[2025-11-03T05:13:53.922+0000][gc,stringtable] GC(489) Cleaned string and symbol table, strings: 17208 processed, 0 removed, symbols: 123854 processed, 0 removed
[2025-11-03T05:13:53.923+0000][gc            ] GC(489) Pause Remark 291M->291M(763M) 17.115ms
[2025-11-03T05:13:53.924+0000][gc,cpu        ] GC(489) User=0.04s Sys=0.00s Real=0.02s
[2025-11-03T05:13:53.924+0000][gc,marking    ] GC(489) Concurrent Rebuild Remembered Sets
[2025-11-03T05:13:53.943+0000][gc,start      ] GC(490) Pause Young (Normal) (G1 Evacuation Pause)
[2025-11-03T05:13:53.944+0000][gc,task       ] GC(490) Using 2 workers of 2 for evacuation
[2025-11-03T05:13:53.952+0000][gc,phases     ] GC(490)   Pre Evacuate Collection Set: 0.0ms
[2025-11-03T05:13:53.952+0000][gc,phases     ] GC(490)   Evacuate Collection Set: 6.3ms
[2025-11-03T05:13:53.952+0000][gc,phases     ] GC(490)   Post Evacuate Collection Set: 1.3ms
[2025-11-03T05:13:53.953+0000][gc,phases     ] GC(490)   Other: 0.9ms
[2025-11-03T05:13:53.953+0000][gc,heap       ] GC(490) Eden regions: 66->0(72)
[2025-11-03T05:13:53.954+0000][gc,heap       ] GC(490) Survivor regions: 2->2(9)
[2025-11-03T05:13:53.954+0000][gc,heap       ] GC(490) Old regions: 60->60
[2025-11-03T05:13:53.954+0000][gc,heap       ] GC(490) Humongous regions: 180->162
[2025-11-03T05:13:53.955+0000][gc,metaspace  ] GC(490) Metaspace: 53981K(57264K)->53981K(57264K) NonClass: 48054K(49840K)->48054K(49840K) Class: 5927K(7424K)->5927K(7424K)
[2025-11-03T05:13:53.955+0000][gc            ] GC(490) Pause Young (Normal) (G1 Evacuation Pause) 307M->223M(763M) 11.608ms
[2025-11-03T05:13:53.955+0000][gc,cpu        ] GC(490) User=0.01s Sys=0.00s Real=0.01s
[2025-11-03T05:13:53.975+0000][gc,marking    ] GC(489) Concurrent Rebuild Remembered Sets 50.423ms
[2025-11-03T05:13:53.976+0000][gc,start      ] GC(489) Pause Cleanup
[2025-11-03T05:13:53.976+0000][gc            ] GC(489) Pause Cleanup 242M->242M(763M) 0.832ms
[2025-11-03T05:13:53.977+0000][gc,cpu        ] GC(489) User=0.00s Sys=0.00s Real=0.00s
[2025-11-03T05:13:53.977+0000][gc,marking    ] GC(489) Concurrent Cleanup for Next Mark
[2025-11-03T05:13:53.979+0000][gc,marking    ] GC(489) Concurrent Cleanup for Next Mark 1.703ms
[2025-11-03T05:13:53.979+0000][gc            ] GC(489) Concurrent Cycle 148.849ms
[2025-11-03T05:13:53.984+0000][gc,start      ] GC(491) Pause Young (Concurrent Start) (G1 Humongous Allocation)
[2025-11-03T05:13:53.985+0000][gc,task       ] GC(491) Using 2 workers of 2 for evacuation
[2025-11-03T05:13:53.993+0000][gc,phases     ] GC(491)   Pre Evacuate Collection Set: 0.3ms
[2025-11-03T05:13:53.993+0000][gc,phases     ] GC(491)   Evacuate Collection Set: 6.3ms
[2025-11-03T05:13:53.994+0000][gc,phases     ] GC(491)   Post Evacuate Collection Set: 1.1ms
[2025-11-03T05:13:53.994+0000][gc,phases     ] GC(491)   Other: 0.8ms
[2025-11-03T05:13:53.994+0000][gc,heap       ] GC(491) Eden regions: 25->0(64)
[2025-11-03T05:13:53.995+0000][gc,heap       ] GC(491) Survivor regions: 2->2(10)
[2025-11-03T05:13:53.995+0000][gc,heap       ] GC(491) Old regions: 60->60
[2025-11-03T05:13:53.995+0000][gc,heap       ] GC(491) Humongous regions: 162->156
[2025-11-03T05:13:53.995+0000][gc,metaspace  ] GC(491) Metaspace: 53981K(57264K)->53981K(57264K) NonClass: 48054K(49840K)->48054K(49840K) Class: 5927K(7424K)->5927K(7424K)
[2025-11-03T05:13:53.996+0000][gc            ] GC(491) Pause Young (Concurrent Start) (G1 Humongous Allocation) 247M->217M(763M) 11.360ms
[2025-11-03T05:13:53.996+0000][gc,cpu        ] GC(491) User=0.01s Sys=0.00s Real=0.01s
[2025-11-03T05:13:53.996+0000][gc            ] GC(492) Concurrent Cycle
[2025-11-03T05:13:53.997+0000][gc,marking    ] GC(492) Concurrent Clear Claimed Marks
[2025-11-03T05:13:53.997+0000][gc,marking    ] GC(492) Concurrent Clear Claimed Marks 0.542ms
[2025-11-03T05:13:53.998+0000][gc,marking    ] GC(492) Concurrent Scan Root Regions
[2025-11-03T05:13:54.001+0000][gc,marking    ] GC(492) Concurrent Scan Root Regions 2.839ms
[2025-11-03T05:13:54.001+0000][gc,marking    ] GC(492) Concurrent Mark (29999.317s)
[2025-11-03T05:13:54.001+0000][gc,marking    ] GC(492) Concurrent Mark From Roots
[2025-11-03T05:13:54.002+0000][gc,task       ] GC(492) Using 1 workers of 1 for marking
[2025-11-03T05:13:54.065+0000][gc,marking    ] GC(492) Concurrent Mark From Roots 63.357ms
[2025-11-03T05:13:54.065+0000][gc,marking    ] GC(492) Concurrent Preclean
[2025-11-03T05:13:54.065+0000][gc,marking    ] GC(492) Concurrent Preclean 0.559ms
[2025-11-03T05:13:54.066+0000][gc,marking    ] GC(492) Concurrent Mark (29999.317s, 29999.381s) 64.831ms
[2025-11-03T05:13:54.067+0000][gc,start      ] GC(492) Pause Remark
[2025-11-03T05:13:54.082+0000][gc,stringtable] GC(492) Cleaned string and symbol table, strings: 17208 processed, 0 removed, symbols: 123854 processed, 0 removed
[2025-11-03T05:13:54.083+0000][gc            ] GC(492) Pause Remark 286M->286M(763M) 16.478ms
[2025-11-03T05:13:54.084+0000][gc,cpu        ] GC(492) User=0.03s Sys=0.00s Real=0.02s
[2025-11-03T05:13:54.084+0000][gc,marking    ] GC(492) Concurrent Rebuild Remembered Sets
[2025-11-03T05:13:54.104+0000][gc,start      ] GC(493) Pause Young (Normal) (G1 Evacuation Pause)
[2025-11-03T05:13:54.105+0000][gc,task       ] GC(493) Using 2 workers of 2 for evacuation
[2025-11-03T05:13:54.112+0000][gc,phases     ] GC(493)   Pre Evacuate Collection Set: 0.0ms
[2025-11-03T05:13:54.113+0000][gc,phases     ] GC(493)   Evacuate Collection Set: 6.1ms
[2025-11-03T05:13:54.113+0000][gc,phases     ] GC(493)   Post Evacuate Collection Set: 1.1ms
[2025-11-03T05:13:54.113+0000][gc,phases     ] GC(493)   Other: 0.9ms
[2025-11-03T05:13:54.114+0000][gc,heap       ] GC(493) Eden regions: 64->0(70)
[2025-11-03T05:13:54.114+0000][gc,heap       ] GC(493) Survivor regions: 2->2(9)
[2025-11-03T05:13:54.114+0000][gc,heap       ] GC(493) Old regions: 60->60
[2025-11-03T05:13:54.115+0000][gc,heap       ] GC(493) Humongous regions: 174->162
[2025-11-03T05:13:54.115+0000][gc,metaspace  ] GC(493) Metaspace: 53981K(57264K)->53981K(57264K) NonClass: 48054K(49840K)->48054K(49840K) Class: 5927K(7424K)->5927K(7424K)
[2025-11-03T05:13:54.115+0000][gc            ] GC(493) Pause Young (Normal) (G1 Evacuation Pause) 299M->223M(763M) 10.903ms
[2025-11-03T05:13:54.115+0000][gc,cpu        ] GC(493) User=0.02s Sys=0.00s Real=0.01s
[2025-11-03T05:13:54.141+0000][gc,marking    ] GC(492) Concurrent Rebuild Remembered Sets 56.741ms
[2025-11-03T05:13:54.142+0000][gc,start      ] GC(492) Pause Cleanup
[2025-11-03T05:13:54.143+0000][gc            ] GC(492) Pause Cleanup 256M->256M(763M) 0.971ms
[2025-11-03T05:13:54.143+0000][gc,cpu        ] GC(492) User=0.00s Sys=0.00s Real=0.00s
[2025-11-03T05:13:54.143+0000][gc,marking    ] GC(492) Concurrent Cleanup for Next Mark
[2025-11-03T05:13:54.146+0000][gc,marking    ] GC(492) Concurrent Cleanup for Next Mark 2.182ms
[2025-11-03T05:13:54.146+0000][gc            ] GC(492) Concurrent Cycle 149.650ms
[2025-11-03T05:13:54.156+0000][gc,start      ] GC(494) Pause Young (Concurrent Start) (G1 Humongous Allocation)
[2025-11-03T05:13:54.157+0000][gc,task       ] GC(494) Using 2 workers of 2 for evacuation
[2025-11-03T05:13:54.165+0000][gc,phases     ] GC(494)   Pre Evacuate Collection Set: 0.2ms
[2025-11-03T05:13:54.165+0000][gc,phases     ] GC(494)   Evacuate Collection Set: 6.5ms
[2025-11-03T05:13:54.165+0000][gc,phases     ] GC(494)   Post Evacuate Collection Set: 0.9ms
[2025-11-03T05:13:54.166+0000][gc,phases     ] GC(494)   Other: 0.8ms
[2025-11-03T05:13:54.166+0000][gc,heap       ] GC(494) Eden regions: 31->0(62)
[2025-11-03T05:13:54.166+0000][gc,heap       ] GC(494) Survivor regions: 2->2(9)
[2025-11-03T05:13:54.167+0000][gc,heap       ] GC(494) Old regions: 60->60
[2025-11-03T05:13:54.167+0000][gc,heap       ] GC(494) Humongous regions: 180->156
[2025-11-03T05:13:54.167+0000][gc,metaspace  ] GC(494) Metaspace: 53981K(57264K)->53981K(57264K) NonClass: 48054K(49840K)->48054K(49840K) Class: 5927K(7424K)->5927K(7424K)
[2025-11-03T05:13:54.168+0000][gc            ] GC(494) Pause Young (Concurrent Start) (G1 Humongous Allocation) 271M->217M(763M) 11.253ms
[2025-11-03T05:13:54.168+0000][gc,cpu        ] GC(494) User=0.01s Sys=0.00s Real=0.01s
[2025-11-03T05:13:54.168+0000][gc            ] GC(495) Concurrent Cycle
[2025-11-03T05:13:54.169+0000][gc,marking    ] GC(495) Concurrent Clear Claimed Marks
[2025-11-03T05:13:54.169+0000][gc,marking    ] GC(495) Concurrent Clear Claimed Marks 0.435ms
[2025-11-03T05:13:54.169+0000][gc,marking    ] GC(495) Concurrent Scan Root Regions
[2025-11-03T05:13:54.172+0000][gc,marking    ] GC(495) Concurrent Scan Root Regions 2.952ms
[2025-11-03T05:13:54.173+0000][gc,marking    ] GC(495) Concurrent Mark (29999.488s)
[2025-11-03T05:13:54.173+0000][gc,marking    ] GC(495) Concurrent Mark From Roots
[2025-11-03T05:13:54.173+0000][gc,task       ] GC(495) Using 1 workers of 1 for marking
[2025-11-03T05:13:54.232+0000][gc,marking    ] GC(495) Concurrent Mark From Roots 58.853ms
[2025-11-03T05:13:54.232+0000][gc,marking    ] GC(495) Concurrent Preclean
[2025-11-03T05:13:54.233+0000][gc,marking    ] GC(495) Concurrent Preclean 0.541ms
[2025-11-03T05:13:54.233+0000][gc,marking    ] GC(495) Concurrent Mark (29999.488s, 29999.549s) 60.499ms
[2025-11-03T05:13:54.234+0000][gc,start      ] GC(495) Pause Remark
[2025-11-03T05:13:54.250+0000][gc,stringtable] GC(495) Cleaned string and symbol table, strings: 17208 processed, 0 removed, symbols: 123854 processed, 0 removed
[2025-11-03T05:13:54.251+0000][gc            ] GC(495) Pause Remark 279M->279M(763M) 16.636ms
[2025-11-03T05:13:54.251+0000][gc,cpu        ] GC(495) User=0.03s Sys=0.00s Real=0.01s
[2025-11-03T05:13:54.252+0000][gc,marking    ] GC(495) Concurrent Rebuild Remembered Sets
[2025-11-03T05:13:54.260+0000][gc,start      ] GC(496) Pause Young (Normal) (G1 Evacuation Pause)
[2025-11-03T05:13:54.260+0000][gc,task       ] GC(496) Using 2 workers of 2 for evacuation
[2025-11-03T05:13:54.268+0000][gc,phases     ] GC(496)   Pre Evacuate Collection Set: 0.0ms
[2025-11-03T05:13:54.268+0000][gc,phases     ] GC(496)   Evacuate Collection Set: 6.0ms
[2025-11-03T05:13:54.269+0000][gc,phases     ] GC(496)   Post Evacuate Collection Set: 1.2ms
[2025-11-03T05:13:54.269+0000][gc,phases     ] GC(496)   Other: 0.9ms
[2025-11-03T05:13:54.269+0000][gc,heap       ] GC(496) Eden regions: 62->0(65)
[2025-11-03T05:13:54.270+0000][gc,heap       ] GC(496) Survivor regions: 2->2(8)
[2025-11-03T05:13:54.270+0000][gc,heap       ] GC(496) Old regions: 60->60
[2025-11-03T05:13:54.270+0000][gc,heap       ] GC(496) Humongous regions: 162->162
[2025-11-03T05:13:54.271+0000][gc,metaspace  ] GC(496) Metaspace: 53981K(57264K)->53981K(57264K) NonClass: 48054K(49840K)->48054K(49840K) Class: 5927K(7424K)->5927K(7424K)
[2025-11-03T05:13:54.271+0000][gc            ] GC(496) Pause Young (Normal) (G1 Evacuation Pause) 285M->223M(763M) 11.226ms
[2025-11-03T05:13:54.272+0000][gc,cpu        ] GC(496) User=0.01s Sys=0.00s Real=0.01s
[2025-11-03T05:13:54.301+0000][gc,marking    ] GC(495) Concurrent Rebuild Remembered Sets 49.546ms
[2025-11-03T05:13:54.302+0000][gc,start      ] GC(495) Pause Cleanup
[2025-11-03T05:13:54.303+0000][gc            ] GC(495) Pause Cleanup 254M->254M(763M) 0.845ms
[2025-11-03T05:13:54.304+0000][gc,cpu        ] GC(495) User=0.00s Sys=0.00s Real=0.00s
[2025-11-03T05:13:54.304+0000][gc,marking    ] GC(495) Concurrent Cleanup for Next Mark
[2025-11-03T05:13:54.306+0000][gc,marking    ] GC(495) Concurrent Cleanup for Next Mark 1.810ms
[2025-11-03T05:13:54.306+0000][gc            ] GC(495) Concurrent Cycle 137.734ms
[2025-11-03T05:13:54.309+0000][gc,start      ] GC(497) Pause Young (Concurrent Start) (G1 Humongous Allocation)
[2025-11-03T05:13:54.309+0000][gc,task       ] GC(497) Using 2 workers of 2 for evacuation
[2025-11-03T05:13:54.317+0000][gc,phases     ] GC(497)   Pre Evacuate Collection Set: 0.3ms
[2025-11-03T05:13:54.318+0000][gc,phases     ] GC(497)   Evacuate Collection Set: 6.5ms
[2025-11-03T05:13:54.318+0000][gc,phases     ] GC(497)   Post Evacuate Collection Set: 1.0ms
[2025-11-03T05:13:54.318+0000][gc,phases     ] GC(497)   Other: 1.0ms
[2025-11-03T05:13:54.319+0000][gc,heap       ] GC(497) Eden regions: 28->0(53)
[2025-11-03T05:13:54.319+0000][gc,heap       ] GC(497) Survivor regions: 2->2(9)
[2025-11-03T05:13:54.319+0000][gc,heap       ] GC(497) Old regions: 60->60
[2025-11-03T05:13:54.320+0000][gc,heap       ] GC(497) Humongous regions: 168->156
[2025-11-03T05:13:54.320+0000][gc,metaspace  ] GC(497) Metaspace: 53981K(57264K)->53981K(57264K) NonClass: 48054K(49840K)->48054K(49840K) Class: 5927K(7424K)->5927K(7424K)
[2025-11-03T05:13:54.320+0000][gc            ] GC(497) Pause Young (Concurrent Start) (G1 Humongous Allocation) 257M->217M(763M) 11.903ms
[2025-11-03T05:13:54.321+0000][gc,cpu        ] GC(497) User=0.02s Sys=0.00s Real=0.01s
[2025-11-03T05:13:54.321+0000][gc            ] GC(498) Concurrent Cycle
[2025-11-03T05:13:54.322+0000][gc,marking    ] GC(498) Concurrent Clear Claimed Marks
[2025-11-03T05:13:54.322+0000][gc,marking    ] GC(498) Concurrent Clear Claimed Marks 0.418ms
[2025-11-03T05:13:54.322+0000][gc,marking    ] GC(498) Concurrent Scan Root Regions
[2025-11-03T05:13:54.325+0000][gc,marking    ] GC(498) Concurrent Scan Root Regions 3.041ms
[2025-11-03T05:13:54.326+0000][gc,marking    ] GC(498) Concurrent Mark (29999.641s)
[2025-11-03T05:13:54.326+0000][gc,marking    ] GC(498) Concurrent Mark From Roots
[2025-11-03T05:13:54.326+0000][gc,task       ] GC(498) Using 1 workers of 1 for marking
[2025-11-03T05:13:54.386+0000][gc,start      ] GC(499) Pause Young (Normal) (G1 Evacuation Pause)
[2025-11-03T05:13:54.386+0000][gc,task       ] GC(499) Using 2 workers of 2 for evacuation
[2025-11-03T05:13:54.394+0000][gc,phases     ] GC(499)   Pre Evacuate Collection Set: 0.0ms
[2025-11-03T05:13:54.394+0000][gc,phases     ] GC(499)   Evacuate Collection Set: 5.9ms
[2025-11-03T05:13:54.394+0000][gc,phases     ] GC(499)   Post Evacuate Collection Set: 1.2ms
[2025-11-03T05:13:54.395+0000][gc,phases     ] GC(499)   Other: 1.1ms
[2025-11-03T05:13:54.395+0000][gc,heap       ] GC(499) Eden regions: 53->0(59)
[2025-11-03T05:13:54.396+0000][gc,heap       ] GC(499) Survivor regions: 2->2(7)
[2025-11-03T05:13:54.396+0000][gc,heap       ] GC(499) Old regions: 60->60
[2025-11-03T05:13:54.396+0000][gc,heap       ] GC(499) Humongous regions: 162->156
[2025-11-03T05:13:54.397+0000][gc,metaspace  ] GC(499) Metaspace: 53981K(57264K)->53981K(57264K) NonClass: 48054K(49840K)->48054K(49840K) Class: 5927K(7424K)->5927K(7424K)
[2025-11-03T05:13:54.397+0000][gc            ] GC(499) Pause Young (Normal) (G1 Evacuation Pause) 276M->217M(763M) 10.944ms
[2025-11-03T05:13:54.397+0000][gc,cpu        ] GC(499) User=0.01s Sys=0.00s Real=0.01s
[2025-11-03T05:13:54.398+0000][gc,marking    ] GC(498) Concurrent Mark From Roots 71.993ms
[2025-11-03T05:13:54.398+0000][gc,marking    ] GC(498) Concurrent Preclean
[2025-11-03T05:13:54.399+0000][gc,marking    ] GC(498) Concurrent Preclean 0.679ms
[2025-11-03T05:13:54.399+0000][gc,marking    ] GC(498) Concurrent Mark (29999.641s, 29999.715s) 73.626ms
[2025-11-03T05:13:54.400+0000][gc,start      ] GC(498) Pause Remark
[2025-11-03T05:13:54.416+0000][gc,stringtable] GC(498) Cleaned string and symbol table, strings: 17208 processed, 0 removed, symbols: 123854 processed, 0 removed
[2025-11-03T05:13:54.417+0000][gc            ] GC(498) Pause Remark 223M->223M(763M) 16.358ms
[2025-11-03T05:13:54.417+0000][gc,cpu        ] GC(498) User=0.03s Sys=0.00s Real=0.02s
[2025-11-03T05:13:54.418+0000][gc,marking    ] GC(498) Concurrent Rebuild Remembered Sets
[2025-11-03T05:13:54.454+0000][gc,marking    ] GC(498) Concurrent Rebuild Remembered Sets 36.527ms
[2025-11-03T05:13:54.455+0000][gc,start      ] GC(498) Pause Cleanup
[2025-11-03T05:13:54.456+0000][gc            ] GC(498) Pause Cleanup 262M->262M(763M) 0.869ms
[2025-11-03T05:13:54.457+0000][gc,cpu        ] GC(498) User=0.00s Sys=0.00s Real=0.00s
[2025-11-03T05:13:54.457+0000][gc,marking    ] GC(498) Concurrent Cleanup for Next Mark
[2025-11-03T05:13:54.459+0000][gc,marking    ] GC(498) Concurrent Cleanup for Next Mark 1.796ms
[2025-11-03T05:13:54.459+0000][gc            ] GC(498) Concurrent Cycle 137.860ms
[2025-11-03T05:13:54.484+0000][gc,start      ] GC(500) Pause Young (Normal) (G1 Evacuation Pause)
[2025-11-03T05:13:54.484+0000][gc,task       ] GC(500) Using 2 workers of 2 for evacuation
[2025-11-03T05:13:54.492+0000][gc,phases     ] GC(500)   Pre Evacuate Collection Set: 0.0ms
[2025-11-03T05:13:54.493+0000][gc,phases     ] GC(500)   Evacuate Collection Set: 6.2ms
[2025-11-03T05:13:54.493+0000][gc,phases     ] GC(500)   Post Evacuate Collection Set: 1.4ms
[2025-11-03T05:13:54.493+0000][gc,phases     ] GC(500)   Other: 1.0ms
[2025-11-03T05:13:54.494+0000][gc,heap       ] GC(500) Eden regions: 59->0(50)
[2025-11-03T05:13:54.494+0000][gc,heap       ] GC(500) Survivor regions: 2->2(8)
[2025-11-03T05:13:54.494+0000][gc,heap       ] GC(500) Old regions: 60->60
[2025-11-03T05:13:54.495+0000][gc,heap       ] GC(500) Humongous regions: 168->162
[2025-11-03T05:13:54.495+0000][gc,metaspace  ] GC(500) Metaspace: 53981K(57264K)->53981K(57264K) NonClass: 48054K(49840K)->48054K(49840K) Class: 5927K(7424K)->5927K(7424K)
[2025-11-03T05:13:54.495+0000][gc            ] GC(500) Pause Young (Normal) (G1 Evacuation Pause) 288M->223M(775M) 11.496ms
[2025-11-03T05:13:54.496+0000][gc,cpu        ] GC(500) User=0.02s Sys=0.00s Real=0.01s
[2025-11-03T05:13:54.505+0000][gc,start      ] GC(501) Pause Young (Concurrent Start) (G1 Humongous Allocation)
[2025-11-03T05:13:54.505+0000][gc,task       ] GC(501) Using 2 workers of 2 for evacuation
[2025-11-03T05:13:54.513+0000][gc,phases     ] GC(501)   Pre Evacuate Collection Set: 0.2ms
[2025-11-03T05:13:54.514+0000][gc,phases     ] GC(501)   Evacuate Collection Set: 6.0ms
[2025-11-03T05:13:54.514+0000][gc,phases     ] GC(501)   Post Evacuate Collection Set: 0.9ms
[2025-11-03T05:13:54.514+0000][gc,phases     ] GC(501)   Other: 0.9ms
[2025-11-03T05:13:54.514+0000][gc,heap       ] GC(501) Eden regions: 6->0(37)
[2025-11-03T05:13:54.515+0000][gc,heap       ] GC(501) Survivor regions: 2->1(7)
[2025-11-03T05:13:54.515+0000][gc,heap       ] GC(501) Old regions: 60->61
[2025-11-03T05:13:54.515+0000][gc,heap       ] GC(501) Humongous regions: 162->156
[2025-11-03T05:13:54.516+0000][gc,metaspace  ] GC(501) Metaspace: 53981K(57264K)->53981K(57264K) NonClass: 48054K(49840K)->48054K(49840K) Class: 5927K(7424K)->5927K(7424K)
[2025-11-03T05:13:54.516+0000][gc            ] GC(501) Pause Young (Concurrent Start) (G1 Humongous Allocation) 228M->217M(775M) 10.627ms
[2025-11-03T05:13:54.516+0000][gc,cpu        ] GC(501) User=0.01s Sys=0.00s Real=0.01s
[2025-11-03T05:13:54.516+0000][gc            ] GC(502) Concurrent Cycle
[2025-11-03T05:13:54.517+0000][gc,marking    ] GC(502) Concurrent Clear Claimed Marks
[2025-11-03T05:13:54.517+0000][gc,marking    ] GC(502) Concurrent Clear Claimed Marks 0.405ms
[2025-11-03T05:13:54.517+0000][gc,marking    ] GC(502) Concurrent Scan Root Regions
[2025-11-03T05:13:54.519+0000][gc,marking    ] GC(502) Concurrent Scan Root Regions 1.660ms
[2025-11-03T05:13:54.519+0000][gc,marking    ] GC(502) Concurrent Mark (29999.835s)
[2025-11-03T05:13:54.519+0000][gc,marking    ] GC(502) Concurrent Mark From Roots
[2025-11-03T05:13:54.520+0000][gc,task       ] GC(502) Using 1 workers of 1 for marking
[2025-11-03T05:13:54.573+0000][gc,start      ] GC(503) Pause Young (Normal) (G1 Evacuation Pause)
[2025-11-03T05:13:54.574+0000][gc,task       ] GC(503) Using 2 workers of 2 for evacuation
[2025-11-03T05:13:54.578+0000][gc,phases     ] GC(503)   Pre Evacuate Collection Set: 0.0ms
[2025-11-03T05:13:54.579+0000][gc,phases     ] GC(503)   Evacuate Collection Set: 3.2ms
[2025-11-03T05:13:54.579+0000][gc,phases     ] GC(503)   Post Evacuate Collection Set: 1.1ms
[2025-11-03T05:13:54.580+0000][gc,phases     ] GC(503)   Other: 0.9ms
[2025-11-03T05:13:54.580+0000][gc,heap       ] GC(503) Eden regions: 37->0(41)
[2025-11-03T05:13:54.580+0000][gc,heap       ] GC(503) Survivor regions: 1->1(5)
[2025-11-03T05:13:54.581+0000][gc,heap       ] GC(503) Old regions: 61->61
[2025-11-03T05:13:54.581+0000][gc,heap       ] GC(503) Humongous regions: 174->162
[2025-11-03T05:13:54.581+0000][gc,metaspace  ] GC(503) Metaspace: 53981K(57264K)->53981K(57264K) NonClass: 48054K(49840K)->48054K(49840K) Class: 5927K(7424K)->5927K(7424K)
[2025-11-03T05:13:54.582+0000][gc            ] GC(503) Pause Young (Normal) (G1 Evacuation Pause) 272M->223M(775M) 8.391ms
[2025-11-03T05:13:54.582+0000][gc,cpu        ] GC(503) User=0.01s Sys=0.00s Real=0.01s
[2025-11-03T05:13:54.594+0000][gc,marking    ] GC(502) Concurrent Mark From Roots 74.673ms
[2025-11-03T05:13:54.595+0000][gc,marking    ] GC(502) Concurrent Preclean
[2025-11-03T05:13:54.595+0000][gc,marking    ] GC(502) Concurrent Preclean 0.572ms
[2025-11-03T05:13:54.596+0000][gc,marking    ] GC(502) Concurrent Mark (29999.835s, 29999.911s) 76.280ms
[2025-11-03T05:13:54.604+0000][gc,start      ] GC(502) Pause Remark
[2025-11-03T05:13:54.619+0000][gc,stringtable] GC(502) Cleaned string and symbol table, strings: 17208 processed, 0 removed, symbols: 123854 processed, 0 removed
[2025-11-03T05:13:54.621+0000][gc            ] GC(502) Pause Remark 235M->235M(775M) 17.075ms
[2025-11-03T05:13:54.621+0000][gc,cpu        ] GC(502) User=0.04s Sys=0.00s Real=0.01s
[2025-11-03T05:13:54.621+0000][gc,marking    ] GC(502) Concurrent Rebuild Remembered Sets
[2025-11-03T05:13:54.660+0000][gc,start      ] GC(504) Pause Young (Normal) (G1 Evacuation Pause)
[2025-11-03T05:13:54.661+0000][gc,task       ] GC(504) Using 2 workers of 2 for evacuation
[2025-11-03T05:13:54.667+0000][gc,phases     ] GC(504)   Pre Evacuate Collection Set: 0.0ms
[2025-11-03T05:13:54.667+0000][gc,phases     ] GC(504)   Evacuate Collection Set: 3.3ms
[2025-11-03T05:13:54.667+0000][gc,phases     ] GC(504)   Post Evacuate Collection Set: 1.1ms
[2025-11-03T05:13:54.668+0000][gc,phases     ] GC(504)   Other: 2.0ms
[2025-11-03T05:13:54.668+0000][gc,heap       ] GC(504) Eden regions: 41->0(47)
[2025-11-03T05:13:54.669+0000][gc,heap       ] GC(504) Survivor regions: 1->1(6)
[2025-11-03T05:13:54.669+0000][gc,heap       ] GC(504) Old regions: 61->61
[2025-11-03T05:13:54.669+0000][gc,heap       ] GC(504) Humongous regions: 174->162
[2025-11-03T05:13:54.669+0000][gc,metaspace  ] GC(504) Metaspace: 53981K(57264K)->53981K(57264K) NonClass: 48054K(49840K)->48054K(49840K) Class: 5927K(7424K)->5927K(7424K)
[2025-11-03T05:13:54.670+0000][gc            ] GC(504) Pause Young (Normal) (G1 Evacuation Pause) 276M->223M(775M) 9.391ms
[2025-11-03T05:13:54.670+0000][gc,cpu        ] GC(504) User=0.01s Sys=0.00s Real=0.01s
[2025-11-03T05:13:54.673+0000][gc,marking    ] GC(502) Concurrent Rebuild Remembered Sets 51.921ms
[2025-11-03T05:13:54.674+0000][gc,start      ] GC(502) Pause Cleanup
[2025-11-03T05:13:54.675+0000][gc            ] GC(502) Pause Cleanup 231M->231M(775M) 0.735ms
[2025-11-03T05:13:54.675+0000][gc,cpu        ] GC(502) User=0.01s Sys=0.00s Real=0.00s
[2025-11-03T05:13:54.676+0000][gc,marking    ] GC(502) Concurrent Cleanup for Next Mark
[2025-11-03T05:13:54.678+0000][gc,marking    ] GC(502) Concurrent Cleanup for Next Mark 2.345ms
[2025-11-03T05:13:54.678+0000][gc            ] GC(502) Concurrent Cycle 161.913ms
[2025-11-03T05:13:54.709+0000][gc,start      ] GC(505) Pause Young (Concurrent Start) (G1 Humongous Allocation)
[2025-11-03T05:13:54.709+0000][gc,task       ] GC(505) Using 2 workers of 2 for evacuation
[2025-11-03T05:13:54.714+0000][gc,phases     ] GC(505)   Pre Evacuate Collection Set: 0.3ms
[2025-11-03T05:13:54.714+0000][gc,phases     ] GC(505)   Evacuate Collection Set: 3.2ms
[2025-11-03T05:13:54.715+0000][gc,phases     ] GC(505)   Post Evacuate Collection Set: 1.0ms
[2025-11-03T05:13:54.715+0000][gc,phases     ] GC(505)   Other: 0.9ms
[2025-11-03T05:13:54.715+0000][gc,heap       ] GC(505) Eden regions: 18->0(37)
[2025-11-03T05:13:54.716+0000][gc,heap       ] GC(505) Survivor regions: 1->1(6)
[2025-11-03T05:13:54.716+0000][gc,heap       ] GC(505) Old regions: 61->61
[2025-11-03T05:13:54.716+0000][gc,heap       ] GC(505) Humongous regions: 168->156
[2025-11-03T05:13:54.717+0000][gc,metaspace  ] GC(505) Metaspace: 53981K(57264K)->53981K(57264K) NonClass: 48054K(49840K)->48054K(49840K) Class: 5927K(7424K)->5927K(7424K)
[2025-11-03T05:13:54.717+0000][gc            ] GC(505) Pause Young (Concurrent Start) (G1 Humongous Allocation) 247M->217M(775M) 8.484ms
[2025-11-03T05:13:54.717+0000][gc,cpu        ] GC(505) User=0.01s Sys=0.00s Real=0.01s
[2025-11-03T05:13:54.718+0000][gc            ] GC(506) Concurrent Cycle
[2025-11-03T05:13:54.718+0000][gc,marking    ] GC(506) Concurrent Clear Claimed Marks
[2025-11-03T05:13:54.719+0000][gc,marking    ] GC(506) Concurrent Clear Claimed Marks 0.423ms
[2025-11-03T05:13:54.719+0000][gc,marking    ] GC(506) Concurrent Scan Root Regions
[2025-11-03T05:13:54.721+0000][gc,marking    ] GC(506) Concurrent Scan Root Regions 1.714ms
[2025-11-03T05:13:54.721+0000][gc,marking    ] GC(506) Concurrent Mark (30000.037s)
[2025-11-03T05:13:54.721+0000][gc,marking    ] GC(506) Concurrent Mark From Roots
[2025-11-03T05:13:54.722+0000][gc,task       ] GC(506) Using 1 workers of 1 for marking
[2025-11-03T05:13:54.765+0000][gc,start      ] GC(507) Pause Young (Normal) (G1 Evacuation Pause)
[2025-11-03T05:13:54.766+0000][gc,task       ] GC(507) Using 2 workers of 2 for evacuation
[2025-11-03T05:13:54.771+0000][gc,phases     ] GC(507)   Pre Evacuate Collection Set: 0.0ms
[2025-11-03T05:13:54.771+0000][gc,phases     ] GC(507)   Evacuate Collection Set: 3.2ms
[2025-11-03T05:13:54.771+0000][gc,phases     ] GC(507)   Post Evacuate Collection Set: 1.1ms
[2025-11-03T05:13:54.772+0000][gc,phases     ] GC(507)   Other: 0.9ms
[2025-11-03T05:13:54.772+0000][gc,heap       ] GC(507) Eden regions: 37->0(42)
[2025-11-03T05:13:54.772+0000][gc,heap       ] GC(507) Survivor regions: 1->1(5)
[2025-11-03T05:13:54.773+0000][gc,heap       ] GC(507) Old regions: 61->62
[2025-11-03T05:13:54.773+0000][gc,heap       ] GC(507) Humongous regions: 162->162
[2025-11-03T05:13:54.773+0000][gc,metaspace  ] GC(507) Metaspace: 53981K(57264K)->53981K(57264K) NonClass: 48054K(49840K)->48054K(49840K) Class: 5927K(7424K)->5927K(7424K)
[2025-11-03T05:13:54.774+0000][gc            ] GC(507) Pause Young (Normal) (G1 Evacuation Pause) 260M->223M(775M) 8.377ms
[2025-11-03T05:13:54.774+0000][gc,cpu        ] GC(507) User=0.01s Sys=0.00s Real=0.01s
[2025-11-03T05:13:54.796+0000][gc,marking    ] GC(506) Concurrent Mark From Roots 74.382ms
[2025-11-03T05:13:54.796+0000][gc,marking    ] GC(506) Concurrent Preclean
[2025-11-03T05:13:54.797+0000][gc,marking    ] GC(506) Concurrent Preclean 0.578ms
[2025-11-03T05:13:54.797+0000][gc,marking    ] GC(506) Concurrent Mark (30000.037s, 30000.113s) 75.994ms
[2025-11-03T05:13:54.798+0000][gc,start      ] GC(506) Pause Remark
[2025-11-03T05:13:54.814+0000][gc,stringtable] GC(506) Cleaned string and symbol table, strings: 17210 processed, 0 removed, symbols: 123854 processed, 0 removed
[2025-11-03T05:13:54.815+0000][gc            ] GC(506) Pause Remark 250M->250M(775M) 17.308ms
[2025-11-03T05:13:54.815+0000][gc,cpu        ] GC(506) User=0.03s Sys=0.00s Real=0.02s
[2025-11-03T05:13:54.816+0000][gc,marking    ] GC(506) Concurrent Rebuild Remembered Sets
[2025-11-03T05:13:54.844+0000][gc,start      ] GC(508) Pause Young (Normal) (G1 Evacuation Pause)
[2025-11-03T05:13:54.844+0000][gc,task       ] GC(508) Using 2 workers of 2 for evacuation
[2025-11-03T05:13:54.849+0000][gc,phases     ] GC(508)   Pre Evacuate Collection Set: 0.0ms
[2025-11-03T05:13:54.850+0000][gc,phases     ] GC(508)   Evacuate Collection Set: 3.2ms
[2025-11-03T05:13:54.850+0000][gc,phases     ] GC(508)   Post Evacuate Collection Set: 1.1ms
[2025-11-03T05:13:54.850+0000][gc,phases     ] GC(508)   Other: 0.9ms
[2025-11-03T05:13:54.850+0000][gc,heap       ] GC(508) Eden regions: 42->0(46)
[2025-11-03T05:13:54.851+0000][gc,heap       ] GC(508) Survivor regions: 1->1(6)
[2025-11-03T05:13:54.851+0000][gc,heap       ] GC(508) Old regions: 62->62
[2025-11-03T05:13:54.851+0000][gc,heap       ] GC(508) Humongous regions: 174->162
[2025-11-03T05:13:54.851+0000][gc,metaspace  ] GC(508) Metaspace: 53981K(57264K)->53981K(57264K) NonClass: 48054K(49840K)->48054K(49840K) Class: 5927K(7424K)->5927K(7424K)
[2025-11-03T05:13:54.852+0000][gc            ] GC(508) Pause Young (Normal) (G1 Evacuation Pause) 277M->223M(775M) 7.626ms
[2025-11-03T05:13:54.852+0000][gc,cpu        ] GC(508) User=0.01s Sys=0.00s Real=0.01s
[2025-11-03T05:13:54.865+0000][gc,marking    ] GC(506) Concurrent Rebuild Remembered Sets 48.435ms
[2025-11-03T05:13:54.866+0000][gc,start      ] GC(506) Pause Cleanup
[2025-11-03T05:13:54.867+0000][gc            ] GC(506) Pause Cleanup 234M->234M(775M) 0.896ms
[2025-11-03T05:13:54.867+0000][gc,cpu        ] GC(506) User=0.00s Sys=0.00s Real=0.00s
[2025-11-03T05:13:54.867+0000][gc,marking    ] GC(506) Concurrent Cleanup for Next Mark
[2025-11-03T05:13:54.869+0000][gc,marking    ] GC(506) Concurrent Cleanup for Next Mark 1.842ms
[2025-11-03T05:13:54.869+0000][gc            ] GC(506) Concurrent Cycle 151.440ms
[2025-11-03T05:13:54.871+0000][gc,start      ] GC(509) Pause Young (Concurrent Start) (G1 Humongous Allocation)
[2025-11-03T05:13:54.871+0000][gc,task       ] GC(509) Using 2 workers of 2 for evacuation
[2025-11-03T05:13:54.876+0000][gc,phases     ] GC(509)   Pre Evacuate Collection Set: 0.2ms
[2025-11-03T05:13:54.876+0000][gc,phases     ] GC(509)   Evacuate Collection Set: 3.3ms
[2025-11-03T05:13:54.877+0000][gc,phases     ] GC(509)   Post Evacuate Collection Set: 1.0ms
[2025-11-03T05:13:54.877+0000][gc,phases     ] GC(509)   Other: 0.7ms
[2025-11-03T05:13:54.877+0000][gc,heap       ] GC(509) Eden regions: 13->0(37)
[2025-11-03T05:13:54.877+0000][gc,heap       ] GC(509) Survivor regions: 1->1(6)
[2025-11-03T05:13:54.878+0000][gc,heap       ] GC(509) Old regions: 62->62
[2025-11-03T05:13:54.878+0000][gc,heap       ] GC(509) Humongous regions: 162->156
[2025-11-03T05:13:54.878+0000][gc,metaspace  ] GC(509) Metaspace: 53981K(57264K)->53981K(57264K) NonClass: 48054K(49840K)->48054K(49840K) Class: 5927K(7424K)->5927K(7424K)
[2025-11-03T05:13:54.878+0000][gc            ] GC(509) Pause Young (Concurrent Start) (G1 Humongous Allocation) 236M->217M(775M) 7.767ms
[2025-11-03T05:13:54.879+0000][gc,cpu        ] GC(509) User=0.00s Sys=0.00s Real=0.01s
[2025-11-03T05:13:54.879+0000][gc            ] GC(510) Concurrent Cycle
[2025-11-03T05:13:54.879+0000][gc,marking    ] GC(510) Concurrent Clear Claimed Marks
[2025-11-03T05:13:54.880+0000][gc,marking    ] GC(510) Concurrent Clear Claimed Marks 0.400ms
[2025-11-03T05:13:54.880+0000][gc,marking    ] GC(510) Concurrent Scan Root Regions
[2025-11-03T05:13:54.882+0000][gc,marking    ] GC(510) Concurrent Scan Root Regions 1.477ms
[2025-11-03T05:13:54.882+0000][gc,marking    ] GC(510) Concurrent Mark (30000.197s)
[2025-11-03T05:13:54.882+0000][gc,marking    ] GC(510) Concurrent Mark From Roots
[2025-11-03T05:13:54.883+0000][gc,task       ] GC(510) Using 1 workers of 1 for marking
[2025-11-03T05:13:54.929+0000][gc,start      ] GC(511) Pause Young (Normal) (G1 Evacuation Pause)
[2025-11-03T05:13:54.930+0000][gc,task       ] GC(511) Using 2 workers of 2 for evacuation
[2025-11-03T05:13:54.935+0000][gc,phases     ] GC(511)   Pre Evacuate Collection Set: 0.0ms
[2025-11-03T05:13:54.935+0000][gc,phases     ] GC(511)   Evacuate Collection Set: 3.1ms
[2025-11-03T05:13:54.936+0000][gc,phases     ] GC(511)   Post Evacuate Collection Set: 1.1ms
[2025-11-03T05:13:54.936+0000][gc,phases     ] GC(511)   Other: 1.2ms
[2025-11-03T05:13:54.936+0000][gc,heap       ] GC(511) Eden regions: 37->0(42)
[2025-11-03T05:13:54.936+0000][gc,heap       ] GC(511) Survivor regions: 1->1(5)
[2025-11-03T05:13:54.937+0000][gc,heap       ] GC(511) Old regions: 62->62
[2025-11-03T05:13:54.937+0000][gc,heap       ] GC(511) Humongous regions: 168->162
[2025-11-03T05:13:54.937+0000][gc,metaspace  ] GC(511) Metaspace: 53981K(57264K)->53981K(57264K) NonClass: 48054K(49840K)->48054K(49840K) Class: 5927K(7424K)->5927K(7424K)
[2025-11-03T05:13:54.938+0000][gc            ] GC(511) Pause Young (Normal) (G1 Evacuation Pause) 266M->224M(775M) 8.157ms
[2025-11-03T05:13:54.938+0000][gc,cpu        ] GC(511) User=0.01s Sys=0.00s Real=0.01s
[2025-11-03T05:13:54.956+0000][gc,marking    ] GC(510) Concurrent Mark From Roots 74.234ms
[2025-11-03T05:13:54.957+0000][gc,marking    ] GC(510) Concurrent Preclean
[2025-11-03T05:13:54.957+0000][gc,marking    ] GC(510) Concurrent Preclean 0.670ms
[2025-11-03T05:13:54.958+0000][gc,marking    ] GC(510) Concurrent Mark (30000.197s, 30000.273s) 75.947ms
[2025-11-03T05:13:54.959+0000][gc,start      ] GC(510) Pause Remark
[2025-11-03T05:13:54.974+0000][gc,stringtable] GC(510) Cleaned string and symbol table, strings: 17210 processed, 0 removed, symbols: 123854 processed, 0 removed
[2025-11-03T05:13:54.976+0000][gc            ] GC(510) Pause Remark 241M->241M(775M) 16.846ms
[2025-11-03T05:13:54.976+0000][gc,cpu        ] GC(510) User=0.03s Sys=0.00s Real=0.02s
[2025-11-03T05:13:54.977+0000][gc,marking    ] GC(510) Concurrent Rebuild Remembered Sets
[2025-11-03T05:13:55.007+0000][gc,start      ] GC(512) Pause Young (Normal) (G1 Evacuation Pause)
[2025-11-03T05:13:55.007+0000][gc,task       ] GC(512) Using 2 workers of 2 for evacuation
[2025-11-03T05:13:55.012+0000][gc,phases     ] GC(512)   Pre Evacuate Collection Set: 0.0ms
[2025-11-03T05:13:55.013+0000][gc,phases     ] GC(512)   Evacuate Collection Set: 3.1ms
[2025-11-03T05:13:55.013+0000][gc,phases     ] GC(512)   Post Evacuate Collection Set: 1.1ms
[2025-11-03T05:13:55.013+0000][gc,phases     ] GC(512)   Other: 1.1ms
[2025-11-03T05:13:55.014+0000][gc,heap       ] GC(512) Eden regions: 42->0(46)
[2025-11-03T05:13:55.014+0000][gc,heap       ] GC(512) Survivor regions: 1->1(6)
[2025-11-03T05:13:55.014+0000][gc,heap       ] GC(512) Old regions: 62->62
[2025-11-03T05:13:55.015+0000][gc,heap       ] GC(512) Humongous regions: 168->162
[2025-11-03T05:13:55.015+0000][gc,metaspace  ] GC(512) Metaspace: 53981K(57264K)->53981K(57264K) NonClass: 48054K(49840K)->48054K(49840K) Class: 5927K(7424K)->5927K(7424K)
[2025-11-03T05:13:55.015+0000][gc            ] GC(512) Pause Young (Normal) (G1 Evacuation Pause) 272M->224M(775M) 8.189ms
[2025-11-03T05:13:55.015+0000][gc,cpu        ] GC(512) User=0.02s Sys=0.00s Real=0.01s
[2025-11-03T05:13:55.027+0000][gc,marking    ] GC(510) Concurrent Rebuild Remembered Sets 50.179ms
[2025-11-03T05:13:55.028+0000][gc,start      ] GC(510) Pause Cleanup
[2025-11-03T05:13:55.029+0000][gc            ] GC(510) Pause Cleanup 235M->235M(775M) 0.867ms
[2025-11-03T05:13:55.029+0000][gc,cpu        ] GC(510) User=0.00s Sys=0.00s Real=0.00s
[2025-11-03T05:13:55.030+0000][gc,marking    ] GC(510) Concurrent Cleanup for Next Mark
[2025-11-03T05:13:55.032+0000][gc,marking    ] GC(510) Concurrent Cleanup for Next Mark 2.007ms
[2025-11-03T05:13:55.032+0000][gc            ] GC(510) Concurrent Cycle 153.079ms
[2025-11-03T05:13:55.038+0000][gc,start      ] GC(513) Pause Young (Concurrent Start) (G1 Humongous Allocation)
[2025-11-03T05:13:55.038+0000][gc,task       ] GC(513) Using 2 workers of 2 for evacuation
[2025-11-03T05:13:55.043+0000][gc,phases     ] GC(513)   Pre Evacuate Collection Set: 0.3ms
[2025-11-03T05:13:55.043+0000][gc,phases     ] GC(513)   Evacuate Collection Set: 3.0ms
[2025-11-03T05:13:55.044+0000][gc,phases     ] GC(513)   Post Evacuate Collection Set: 0.8ms
[2025-11-03T05:13:55.044+0000][gc,phases     ] GC(513)   Other: 1.0ms
[2025-11-03T05:13:55.044+0000][gc,heap       ] GC(513) Eden regions: 17->0(40)
[2025-11-03T05:13:55.044+0000][gc,heap       ] GC(513) Survivor regions: 1->1(6)
[2025-11-03T05:13:55.045+0000][gc,heap       ] GC(513) Old regions: 62->62
[2025-11-03T05:13:55.045+0000][gc,heap       ] GC(513) Humongous regions: 162->156
[2025-11-03T05:13:55.045+0000][gc,metaspace  ] GC(513) Metaspace: 53981K(57264K)->53981K(57264K) NonClass: 48054K(49840K)->48054K(49840K) Class: 5927K(7424K)->5927K(7424K)
[2025-11-03T05:13:55.045+0000][gc            ] GC(513) Pause Young (Concurrent Start) (G1 Humongous Allocation) 240M->218M(775M) 7.676ms
[2025-11-03T05:13:55.046+0000][gc,cpu        ] GC(513) User=0.01s Sys=0.00s Real=0.01s
[2025-11-03T05:13:55.046+0000][gc            ] GC(514) Concurrent Cycle
[2025-11-03T05:13:55.046+0000][gc,marking    ] GC(514) Concurrent Clear Claimed Marks
[2025-11-03T05:13:55.047+0000][gc,marking    ] GC(514) Concurrent Clear Claimed Marks 0.526ms
[2025-11-03T05:13:55.047+0000][gc,marking    ] GC(514) Concurrent Scan Root Regions
[2025-11-03T05:13:55.049+0000][gc,marking    ] GC(514) Concurrent Scan Root Regions 1.589ms
[2025-11-03T05:13:55.049+0000][gc,marking    ] GC(514) Concurrent Mark (30000.365s)
[2025-11-03T05:13:55.049+0000][gc,marking    ] GC(514) Concurrent Mark From Roots
[2025-11-03T05:13:55.050+0000][gc,task       ] GC(514) Using 1 workers of 1 for marking
[2025-11-03T05:13:55.114+0000][gc,start      ] GC(515) Pause Young (Normal) (G1 Evacuation Pause)
[2025-11-03T05:13:55.115+0000][gc,task       ] GC(515) Using 2 workers of 2 for evacuation
[2025-11-03T05:13:55.119+0000][gc,phases     ] GC(515)   Pre Evacuate Collection Set: 0.0ms
[2025-11-03T05:13:55.120+0000][gc,phases     ] GC(515)   Evacuate Collection Set: 2.9ms
[2025-11-03T05:13:55.120+0000][gc,phases     ] GC(515)   Post Evacuate Collection Set: 1.4ms
[2025-11-03T05:13:55.120+0000][gc,phases     ] GC(515)   Other: 0.9ms
[2025-11-03T05:13:55.121+0000][gc,heap       ] GC(515) Eden regions: 40->0(44)
[2025-11-03T05:13:55.121+0000][gc,heap       ] GC(515) Survivor regions: 1->1(6)
[2025-11-03T05:13:55.121+0000][gc,heap       ] GC(515) Old regions: 62->62
[2025-11-03T05:13:55.121+0000][gc,heap       ] GC(515) Humongous regions: 168->162
[2025-11-03T05:13:55.122+0000][gc,metaspace  ] GC(515) Metaspace: 53981K(57264K)->53981K(57264K) NonClass: 48054K(49840K)->48054K(49840K) Class: 5927K(7424K)->5927K(7424K)
[2025-11-03T05:13:55.122+0000][gc            ] GC(515) Pause Young (Normal) (G1 Evacuation Pause) 270M->224M(785M) 8.034ms
[2025-11-03T05:13:55.123+0000][gc,cpu        ] GC(515) User=0.01s Sys=0.00s Real=0.01s
[2025-11-03T05:13:55.145+0000][gc,marking    ] GC(514) Concurrent Mark From Roots 95.672ms
[2025-11-03T05:13:55.145+0000][gc,marking    ] GC(514) Concurrent Preclean
[2025-11-03T05:13:55.146+0000][gc,marking    ] GC(514) Concurrent Preclean 0.671ms
[2025-11-03T05:13:55.146+0000][gc,marking    ] GC(514) Concurrent Mark (30000.365s, 30000.462s) 97.338ms
[2025-11-03T05:13:55.147+0000][gc,start      ] GC(514) Pause Remark
[2025-11-03T05:13:55.164+0000][gc,stringtable] GC(514) Cleaned string and symbol table, strings: 17221 processed, 0 removed, symbols: 123854 processed, 0 removed
[2025-11-03T05:13:55.165+0000][gc            ] GC(514) Pause Remark 236M->236M(785M) 17.574ms
[2025-11-03T05:13:55.165+0000][gc,cpu        ] GC(514) User=0.05s Sys=0.00s Real=0.02s
[2025-11-03T05:13:55.166+0000][gc,marking    ] GC(514) Concurrent Rebuild Remembered Sets
[2025-11-03T05:13:55.233+0000][gc,marking    ] GC(514) Concurrent Rebuild Remembered Sets 66.832ms
[2025-11-03T05:13:55.234+0000][gc,start      ] GC(514) Pause Cleanup
[2025-11-03T05:13:55.234+0000][gc            ] GC(514) Pause Cleanup 277M->277M(785M) 0.886ms
[2025-11-03T05:13:55.235+0000][gc,cpu        ] GC(514) User=0.00s Sys=0.00s Real=0.00s
[2025-11-03T05:13:55.235+0000][gc,marking    ] GC(514) Concurrent Cleanup for Next Mark
[2025-11-03T05:13:55.238+0000][gc,marking    ] GC(514) Concurrent Cleanup for Next Mark 2.286ms
[2025-11-03T05:13:55.238+0000][gc            ] GC(514) Concurrent Cycle 192.008ms
[2025-11-03T05:13:55.239+0000][gc,start      ] GC(516) Pause Young (Normal) (G1 Evacuation Pause)
[2025-11-03T05:13:55.240+0000][gc,task       ] GC(516) Using 2 workers of 2 for evacuation
[2025-11-03T05:13:55.244+0000][gc,phases     ] GC(516)   Pre Evacuate Collection Set: 0.0ms
[2025-11-03T05:13:55.245+0000][gc,phases     ] GC(516)   Evacuate Collection Set: 2.9ms
[2025-11-03T05:13:55.245+0000][gc,phases     ] GC(516)   Post Evacuate Collection Set: 1.1ms
[2025-11-03T05:13:55.245+0000][gc,phases     ] GC(516)   Other: 0.9ms
[2025-11-03T05:13:55.246+0000][gc,heap       ] GC(516) Eden regions: 44->0(38)
[2025-11-03T05:13:55.246+0000][gc,heap       ] GC(516) Survivor regions: 1->1(6)
[2025-11-03T05:13:55.246+0000][gc,heap       ] GC(516) Old regions: 62->62
[2025-11-03T05:13:55.247+0000][gc,heap       ] GC(516) Humongous regions: 174->162
[2025-11-03T05:13:55.247+0000][gc,metaspace  ] GC(516) Metaspace: 53981K(57264K)->53981K(57264K) NonClass: 48054K(49840K)->48054K(49840K) Class: 5927K(7424K)->5927K(7424K)
[2025-11-03T05:13:55.247+0000][gc            ] GC(516) Pause Young (Normal) (G1 Evacuation Pause) 280M->224M(785M) 7.934ms
[2025-11-03T05:13:55.248+0000][gc,cpu        ] GC(516) User=0.02s Sys=0.00s Real=0.01s
[2025-11-03T05:13:55.274+0000][gc,start      ] GC(517) Pause Young (Concurrent Start) (G1 Humongous Allocation)
[2025-11-03T05:13:55.275+0000][gc,task       ] GC(517) Using 2 workers of 2 for evacuation
[2025-11-03T05:13:55.280+0000][gc,phases     ] GC(517)   Pre Evacuate Collection Set: 0.3ms
[2025-11-03T05:13:55.280+0000][gc,phases     ] GC(517)   Evacuate Collection Set: 2.9ms
[2025-11-03T05:13:55.280+0000][gc,phases     ] GC(517)   Post Evacuate Collection Set: 1.1ms
[2025-11-03T05:13:55.281+0000][gc,phases     ] GC(517)   Other: 0.9ms
[2025-11-03T05:13:55.303+0000][gc,heap       ] GC(517) Eden regions: 25->0(45)
[2025-11-03T05:13:55.304+0000][gc,heap       ] GC(517) Survivor regions: 1->1(5)
[2025-11-03T05:13:55.304+0000][gc,heap       ] GC(517) Old regions: 62->62
[2025-11-03T05:13:55.304+0000][gc,heap       ] GC(517) Humongous regions: 162->156
[2025-11-03T05:13:55.305+0000][gc,metaspace  ] GC(517) Metaspace: 53982K(57264K)->53982K(57264K) NonClass: 48055K(49840K)->48055K(49840K) Class: 5927K(7424K)->5927K(7424K)
[2025-11-03T05:13:55.305+0000][gc            ] GC(517) Pause Young (Concurrent Start) (G1 Humongous Allocation) 248M->218M(785M) 30.571ms
[2025-11-03T05:13:55.305+0000][gc,cpu        ] GC(517) User=0.03s Sys=0.00s Real=0.03s
[2025-11-03T05:13:55.306+0000][gc            ] GC(518) Concurrent Cycle
[2025-11-03T05:13:55.306+0000][gc,marking    ] GC(518) Concurrent Clear Claimed Marks
[2025-11-03T05:13:55.307+0000][gc,marking    ] GC(518) Concurrent Clear Claimed Marks 0.561ms
[2025-11-03T05:13:55.307+0000][gc,marking    ] GC(518) Concurrent Scan Root Regions
[2025-11-03T05:13:55.309+0000][gc,marking    ] GC(518) Concurrent Scan Root Regions 1.660ms
[2025-11-03T05:13:55.309+0000][gc,marking    ] GC(518) Concurrent Mark (30000.625s)
[2025-11-03T05:13:55.309+0000][gc,marking    ] GC(518) Concurrent Mark From Roots
[2025-11-03T05:13:55.310+0000][gc,task       ] GC(518) Using 1 workers of 1 for marking
[2025-11-03T05:13:55.404+0000][gc,start      ] GC(519) Pause Young (Normal) (G1 Evacuation Pause)
[2025-11-03T05:13:55.404+0000][gc,task       ] GC(519) Using 2 workers of 2 for evacuation
[2025-11-03T05:13:55.409+0000][gc,phases     ] GC(519)   Pre Evacuate Collection Set: 0.0ms
[2025-11-03T05:13:55.409+0000][gc,phases     ] GC(519)   Evacuate Collection Set: 3.3ms
[2025-11-03T05:13:55.410+0000][gc,phases     ] GC(519)   Post Evacuate Collection Set: 1.1ms
[2025-11-03T05:13:55.410+0000][gc,phases     ] GC(519)   Other: 0.9ms
[2025-11-03T05:13:55.410+0000][gc,heap       ] GC(519) Eden regions: 45->0(48)
[2025-11-03T05:13:55.411+0000][gc,heap       ] GC(519) Survivor regions: 1->1(6)
[2025-11-03T05:13:55.411+0000][gc,heap       ] GC(519) Old regions: 62->62
[2025-11-03T05:13:55.412+0000][gc,heap       ] GC(519) Humongous regions: 174->162
[2025-11-03T05:13:55.412+0000][gc,metaspace  ] GC(519) Metaspace: 53982K(57264K)->53982K(57264K) NonClass: 48055K(49840K)->48055K(49840K) Class: 5927K(7424K)->5927K(7424K)
[2025-11-03T05:13:55.412+0000][gc            ] GC(519) Pause Young (Normal) (G1 Evacuation Pause) 281M->224M(785M) 8.570ms
[2025-11-03T05:13:55.413+0000][gc,cpu        ] GC(519) User=0.01s Sys=0.00s Real=0.01s
[2025-11-03T05:13:55.422+0000][gc,marking    ] GC(518) Concurrent Mark From Roots 112.521ms
[2025-11-03T05:13:55.422+0000][gc,marking    ] GC(518) Concurrent Preclean
[2025-11-03T05:13:55.423+0000][gc,marking    ] GC(518) Concurrent Preclean 0.564ms
[2025-11-03T05:13:55.423+0000][gc,marking    ] GC(518) Concurrent Mark (30000.625s, 30000.739s) 113.985ms
[2025-11-03T05:13:55.424+0000][gc,start      ] GC(518) Pause Remark
[2025-11-03T05:13:55.440+0000][gc,stringtable] GC(518) Cleaned string and symbol table, strings: 17221 processed, 0 removed, symbols: 123854 processed, 0 removed
[2025-11-03T05:13:55.441+0000][gc            ] GC(518) Pause Remark 232M->232M(785M) 16.760ms
[2025-11-03T05:13:55.441+0000][gc,cpu        ] GC(518) User=0.04s Sys=0.00s Real=0.01s
[2025-11-03T05:13:55.441+0000][gc,marking    ] GC(518) Concurrent Rebuild Remembered Sets
[2025-11-03T05:13:55.481+0000][gc,marking    ] GC(518) Concurrent Rebuild Remembered Sets 39.777ms
[2025-11-03T05:13:55.482+0000][gc,start      ] GC(518) Pause Cleanup
[2025-11-03T05:13:55.483+0000][gc            ] GC(518) Pause Cleanup 271M->271M(785M) 0.830ms
[2025-11-03T05:13:55.483+0000][gc,cpu        ] GC(518) User=0.00s Sys=0.00s Real=0.00s
[2025-11-03T05:13:55.484+0000][gc,marking    ] GC(518) Concurrent Cleanup for Next Mark
[2025-11-03T05:13:55.486+0000][gc,start      ] GC(520) Pause Young (Normal) (G1 Evacuation Pause)
[2025-11-03T05:13:55.486+0000][gc,task       ] GC(520) Using 2 workers of 2 for evacuation
[2025-11-03T05:13:55.505+0000][gc,phases     ] GC(520)   Pre Evacuate Collection Set: 0.0ms
[2025-11-03T05:13:55.506+0000][gc,phases     ] GC(520)   Evacuate Collection Set: 17.4ms
[2025-11-03T05:13:55.506+0000][gc,phases     ] GC(520)   Post Evacuate Collection Set: 1.1ms
[2025-11-03T05:13:55.506+0000][gc,phases     ] GC(520)   Other: 0.8ms
[2025-11-03T05:13:55.507+0000][gc,heap       ] GC(520) Eden regions: 48->0(38)
[2025-11-03T05:13:55.507+0000][gc,heap       ] GC(520) Survivor regions: 1->1(7)
[2025-11-03T05:13:55.507+0000][gc,heap       ] GC(520) Old regions: 62->62
[2025-11-03T05:13:55.508+0000][gc,heap       ] GC(520) Humongous regions: 162->162
[2025-11-03T05:13:55.508+0000][gc,metaspace  ] GC(520) Metaspace: 53982K(57264K)->53982K(57264K) NonClass: 48055K(49840K)->48055K(49840K) Class: 5927K(7424K)->5927K(7424K)
[2025-11-03T05:13:55.508+0000][gc            ] GC(520) Pause Young (Normal) (G1 Evacuation Pause) 272M->224M(785M) 22.550ms
[2025-11-03T05:13:55.509+0000][gc,cpu        ] GC(520) User=0.01s Sys=0.00s Real=0.02s
[2025-11-03T05:13:55.509+0000][gc,marking    ] GC(518) Concurrent Cleanup for Next Mark 25.566ms
[2025-11-03T05:13:55.510+0000][gc            ] GC(518) Concurrent Cycle 203.848ms
[2025-11-03T05:13:55.515+0000][gc,start      ] GC(521) Pause Young (Concurrent Start) (G1 Humongous Allocation)
[2025-11-03T05:13:55.515+0000][gc,task       ] GC(521) Using 2 workers of 2 for evacuation
[2025-11-03T05:13:55.520+0000][gc,phases     ] GC(521)   Pre Evacuate Collection Set: 0.3ms
[2025-11-03T05:13:55.520+0000][gc,phases     ] GC(521)   Evacuate Collection Set: 2.7ms
[2025-11-03T05:13:55.520+0000][gc,phases     ] GC(521)   Post Evacuate Collection Set: 1.0ms
[2025-11-03T05:13:55.521+0000][gc,phases     ] GC(521)   Other: 0.8ms
[2025-11-03T05:13:55.521+0000][gc,heap       ] GC(521) Eden regions: 5->0(38)
[2025-11-03T05:13:55.521+0000][gc,heap       ] GC(521) Survivor regions: 1->1(5)
[2025-11-03T05:13:55.521+0000][gc,heap       ] GC(521) Old regions: 62->62
[2025-11-03T05:13:55.522+0000][gc,heap       ] GC(521) Humongous regions: 162->156
[2025-11-03T05:13:55.522+0000][gc,metaspace  ] GC(521) Metaspace: 53982K(57264K)->53982K(57264K) NonClass: 48055K(49840K)->48055K(49840K) Class: 5927K(7424K)->5927K(7424K)
[2025-11-03T05:13:55.523+0000][gc            ] GC(521) Pause Young (Concurrent Start) (G1 Humongous Allocation) 228M->218M(785M) 7.570ms
[2025-11-03T05:13:55.523+0000][gc,cpu        ] GC(521) User=0.01s Sys=0.00s Real=0.01s
[2025-11-03T05:13:55.523+0000][gc            ] GC(522) Concurrent Cycle
[2025-11-03T05:13:55.523+0000][gc,marking    ] GC(522) Concurrent Clear Claimed Marks
[2025-11-03T05:13:55.524+0000][gc,marking    ] GC(522) Concurrent Clear Claimed Marks 0.366ms
[2025-11-03T05:13:55.524+0000][gc,marking    ] GC(522) Concurrent Scan Root Regions
[2025-11-03T05:13:55.526+0000][gc,marking    ] GC(522) Concurrent Scan Root Regions 1.563ms
[2025-11-03T05:13:55.526+0000][gc,marking    ] GC(522) Concurrent Mark (30000.842s)
[2025-11-03T05:13:55.527+0000][gc,marking    ] GC(522) Concurrent Mark From Roots
[2025-11-03T05:13:55.527+0000][gc,task       ] GC(522) Using 1 workers of 1 for marking
[2025-11-03T05:13:55.575+0000][gc,start      ] GC(523) Pause Young (Normal) (G1 Evacuation Pause)
[2025-11-03T05:13:55.575+0000][gc,task       ] GC(523) Using 2 workers of 2 for evacuation
[2025-11-03T05:13:55.580+0000][gc,phases     ] GC(523)   Pre Evacuate Collection Set: 0.0ms
[2025-11-03T05:13:55.580+0000][gc,phases     ] GC(523)   Evacuate Collection Set: 3.0ms
[2025-11-03T05:13:55.581+0000][gc,phases     ] GC(523)   Post Evacuate Collection Set: 1.2ms
[2025-11-03T05:13:55.581+0000][gc,phases     ] GC(523)   Other: 0.8ms
[2025-11-03T05:13:55.581+0000][gc,heap       ] GC(523) Eden regions: 38->0(44)
[2025-11-03T05:13:55.582+0000][gc,heap       ] GC(523) Survivor regions: 1->1(5)
[2025-11-03T05:13:55.582+0000][gc,heap       ] GC(523) Old regions: 62->62
[2025-11-03T05:13:55.582+0000][gc,heap       ] GC(523) Humongous regions: 168->162
[2025-11-03T05:13:55.583+0000][gc,metaspace  ] GC(523) Metaspace: 53983K(57264K)->53983K(57264K) NonClass: 48056K(49840K)->48056K(49840K) Class: 5927K(7424K)->5927K(7424K)
[2025-11-03T05:13:55.583+0000][gc            ] GC(523) Pause Young (Normal) (G1 Evacuation Pause) 268M->224M(785M) 8.302ms
[2025-11-03T05:13:55.583+0000][gc,cpu        ] GC(523) User=0.01s Sys=0.00s Real=0.01s
[2025-11-03T05:13:55.604+0000][gc,marking    ] GC(522) Concurrent Mark From Roots 77.265ms
[2025-11-03T05:13:55.604+0000][gc,marking    ] GC(522) Concurrent Preclean
[2025-11-03T05:13:55.605+0000][gc,marking    ] GC(522) Concurrent Preclean 0.561ms
[2025-11-03T05:13:55.605+0000][gc,marking    ] GC(522) Concurrent Mark (30000.842s, 30000.921s) 79.065ms
[2025-11-03T05:13:55.606+0000][gc,start      ] GC(522) Pause Remark
[2025-11-03T05:13:55.622+0000][gc,stringtable] GC(522) Cleaned string and symbol table, strings: 17221 processed, 0 removed, symbols: 123854 processed, 0 removed
[2025-11-03T05:13:55.623+0000][gc            ] GC(522) Pause Remark 247M->247M(785M) 17.049ms
[2025-11-03T05:13:55.624+0000][gc,cpu        ] GC(522) User=0.03s Sys=0.00s Real=0.02s
[2025-11-03T05:13:55.624+0000][gc,marking    ] GC(522) Concurrent Rebuild Remembered Sets
[2025-11-03T05:13:55.657+0000][gc,start      ] GC(524) Pause Young (Normal) (G1 Evacuation Pause)
[2025-11-03T05:13:55.657+0000][gc,task       ] GC(524) Using 2 workers of 2 for evacuation
[2025-11-03T05:13:55.662+0000][gc,phases     ] GC(524)   Pre Evacuate Collection Set: 0.0ms
[2025-11-03T05:13:55.662+0000][gc,phases     ] GC(524)   Evacuate Collection Set: 3.1ms
[2025-11-03T05:13:55.662+0000][gc,phases     ] GC(524)   Post Evacuate Collection Set: 1.0ms
[2025-11-03T05:13:55.663+0000][gc,phases     ] GC(524)   Other: 0.9ms
[2025-11-03T05:13:55.663+0000][gc,heap       ] GC(524) Eden regions: 44->0(48)
[2025-11-03T05:13:55.663+0000][gc,heap       ] GC(524) Survivor regions: 1->1(6)
[2025-11-03T05:13:55.663+0000][gc,heap       ] GC(524) Old regions: 62->62
[2025-11-03T05:13:55.664+0000][gc,heap       ] GC(524) Humongous regions: 174->162
[2025-11-03T05:13:55.664+0000][gc,metaspace  ] GC(524) Metaspace: 53986K(57264K)->53986K(57264K) NonClass: 48059K(49840K)->48059K(49840K) Class: 5927K(7424K)->5927K(7424K)
[2025-11-03T05:13:55.664+0000][gc            ] GC(524) Pause Young (Normal) (G1 Evacuation Pause) 280M->224M(785M) 7.451ms
[2025-11-03T05:13:55.664+0000][gc,cpu        ] GC(524) User=0.01s Sys=0.00s Real=0.01s
[2025-11-03T05:13:55.673+0000][gc,marking    ] GC(522) Concurrent Rebuild Remembered Sets 49.221ms
[2025-11-03T05:13:55.674+0000][gc,start      ] GC(522) Pause Cleanup
[2025-11-03T05:13:55.675+0000][gc            ] GC(522) Pause Cleanup 233M->233M(785M) 0.736ms
[2025-11-03T05:13:55.675+0000][gc,cpu        ] GC(522) User=0.00s Sys=0.00s Real=0.00s
[2025-11-03T05:13:55.676+0000][gc,marking    ] GC(522) Concurrent Cleanup for Next Mark
[2025-11-03T05:13:55.678+0000][gc,marking    ] GC(522) Concurrent Cleanup for Next Mark 1.802ms
[2025-11-03T05:13:55.678+0000][gc            ] GC(522) Concurrent Cycle 154.760ms
[2025-11-03T05:13:55.719+0000][gc,start      ] GC(525) Pause Young (Normal) (G1 Evacuation Pause)
[2025-11-03T05:13:55.720+0000][gc,task       ] GC(525) Using 2 workers of 2 for evacuation
[2025-11-03T05:13:55.724+0000][gc,phases     ] GC(525)   Pre Evacuate Collection Set: 0.0ms
[2025-11-03T05:13:55.724+0000][gc,phases     ] GC(525)   Evacuate Collection Set: 2.5ms
[2025-11-03T05:13:55.724+0000][gc,phases     ] GC(525)   Post Evacuate Collection Set: 1.1ms
[2025-11-03T05:13:55.725+0000][gc,phases     ] GC(525)   Other: 0.9ms
[2025-11-03T05:13:55.725+0000][gc,heap       ] GC(525) Eden regions: 48->0(38)
[2025-11-03T05:13:55.725+0000][gc,heap       ] GC(525) Survivor regions: 1->1(7)
[2025-11-03T05:13:55.726+0000][gc,heap       ] GC(525) Old regions: 62->62
[2025-11-03T05:13:55.726+0000][gc,heap       ] GC(525) Humongous regions: 162->162
[2025-11-03T05:13:55.726+0000][gc,metaspace  ] GC(525) Metaspace: 53986K(57264K)->53986K(57264K) NonClass: 48059K(49840K)->48059K(49840K) Class: 5927K(7424K)->5927K(7424K)
[2025-11-03T05:13:55.727+0000][gc            ] GC(525) Pause Young (Normal) (G1 Evacuation Pause) 272M->224M(785M) 7.586ms
[2025-11-03T05:13:55.727+0000][gc,cpu        ] GC(525) User=0.01s Sys=0.00s Real=0.01s
[2025-11-03T05:13:55.768+0000][gc,start      ] GC(526) Pause Young (Concurrent Start) (G1 Evacuation Pause)
[2025-11-03T05:13:55.768+0000][gc,task       ] GC(526) Using 2 workers of 2 for evacuation
[2025-11-03T05:13:55.773+0000][gc,phases     ] GC(526)   Pre Evacuate Collection Set: 0.2ms
[2025-11-03T05:13:55.773+0000][gc,phases     ] GC(526)   Evacuate Collection Set: 2.8ms
[2025-11-03T05:13:55.773+0000][gc,phases     ] GC(526)   Post Evacuate Collection Set: 1.0ms
[2025-11-03T05:13:55.774+0000][gc,phases     ] GC(526)   Other: 1.0ms
[2025-11-03T05:13:55.774+0000][gc,heap       ] GC(526) Eden regions: 38->0(53)
[2025-11-03T05:13:55.774+0000][gc,heap       ] GC(526) Survivor regions: 1->1(5)
[2025-11-03T05:13:55.775+0000][gc,heap       ] GC(526) Old regions: 62->62
[2025-11-03T05:13:55.775+0000][gc,heap       ] GC(526) Humongous regions: 162->162
[2025-11-03T05:13:55.775+0000][gc,metaspace  ] GC(526) Metaspace: 53986K(57264K)->53986K(57264K) NonClass: 48059K(49840K)->48059K(49840K) Class: 5927K(7424K)->5927K(7424K)
[2025-11-03T05:13:55.776+0000][gc            ] GC(526) Pause Young (Concurrent Start) (G1 Evacuation Pause) 262M->224M(785M) 8.118ms
[2025-11-03T05:13:55.776+0000][gc,cpu        ] GC(526) User=0.01s Sys=0.00s Real=0.01s
[2025-11-03T05:13:55.776+0000][gc            ] GC(527) Concurrent Cycle
[2025-11-03T05:13:55.777+0000][gc,marking    ] GC(527) Concurrent Clear Claimed Marks
[2025-11-03T05:13:55.777+0000][gc,marking    ] GC(527) Concurrent Clear Claimed Marks 0.436ms
[2025-11-03T05:13:55.778+0000][gc,marking    ] GC(527) Concurrent Scan Root Regions
[2025-11-03T05:13:55.779+0000][gc,marking    ] GC(527) Concurrent Scan Root Regions 1.528ms
[2025-11-03T05:13:55.779+0000][gc,marking    ] GC(527) Concurrent Mark (30001.095s)
[2025-11-03T05:13:55.780+0000][gc,marking    ] GC(527) Concurrent Mark From Roots
[2025-11-03T05:13:55.780+0000][gc,task       ] GC(527) Using 1 workers of 1 for marking
[2025-11-03T05:13:55.849+0000][gc,start      ] GC(528) Pause Young (Normal) (G1 Evacuation Pause)
[2025-11-03T05:13:55.849+0000][gc,task       ] GC(528) Using 2 workers of 2 for evacuation
[2025-11-03T05:13:55.854+0000][gc,phases     ] GC(528)   Pre Evacuate Collection Set: 0.0ms
[2025-11-03T05:13:55.854+0000][gc,phases     ] GC(528)   Evacuate Collection Set: 3.4ms
[2025-11-03T05:13:55.855+0000][gc,phases     ] GC(528)   Post Evacuate Collection Set: 1.0ms
[2025-11-03T05:13:55.855+0000][gc,phases     ] GC(528)   Other: 0.9ms
[2025-11-03T05:13:55.855+0000][gc,heap       ] GC(528) Eden regions: 53->0(56)
[2025-11-03T05:13:55.856+0000][gc,heap       ] GC(528) Survivor regions: 1->1(7)
[2025-11-03T05:13:55.856+0000][gc,heap       ] GC(528) Old regions: 62->62
[2025-11-03T05:13:55.856+0000][gc,heap       ] GC(528) Humongous regions: 180->162
[2025-11-03T05:13:55.857+0000][gc,metaspace  ] GC(528) Metaspace: 53986K(57264K)->53986K(57264K) NonClass: 48059K(49840K)->48059K(49840K) Class: 5927K(7424K)->5927K(7424K)
[2025-11-03T05:13:55.857+0000][gc            ] GC(528) Pause Young (Normal) (G1 Evacuation Pause) 295M->224M(785M) 8.637ms
[2025-11-03T05:13:55.857+0000][gc,cpu        ] GC(528) User=0.01s Sys=0.00s Real=0.01s
[2025-11-03T05:13:55.860+0000][gc,marking    ] GC(527) Concurrent Mark From Roots 80.417ms
[2025-11-03T05:13:55.861+0000][gc,marking    ] GC(527) Concurrent Preclean
[2025-11-03T05:13:55.861+0000][gc,marking    ] GC(527) Concurrent Preclean 0.541ms
[2025-11-03T05:13:55.861+0000][gc,marking    ] GC(527) Concurrent Mark (30001.095s, 30001.177s) 81.979ms
[2025-11-03T05:13:55.862+0000][gc,start      ] GC(527) Pause Remark
[2025-11-03T05:13:55.878+0000][gc,stringtable] GC(527) Cleaned string and symbol table, strings: 17221 processed, 0 removed, symbols: 123854 processed, 0 removed
[2025-11-03T05:13:55.879+0000][gc            ] GC(527) Pause Remark 228M->228M(785M) 17.210ms
[2025-11-03T05:13:55.880+0000][gc,cpu        ] GC(527) User=0.03s Sys=0.00s Real=0.01s
[2025-11-03T05:13:55.880+0000][gc,marking    ] GC(527) Concurrent Rebuild Remembered Sets
[2025-11-03T05:13:55.923+0000][gc,marking    ] GC(527) Concurrent Rebuild Remembered Sets 42.871ms
[2025-11-03T05:13:55.924+0000][gc,start      ] GC(527) Pause Cleanup
[2025-11-03T05:13:55.925+0000][gc            ] GC(527) Pause Cleanup 270M->270M(785M) 0.809ms
[2025-11-03T05:13:55.925+0000][gc,cpu        ] GC(527) User=0.00s Sys=0.00s Real=0.00s
[2025-11-03T05:13:55.926+0000][gc,marking    ] GC(527) Concurrent Cleanup for Next Mark
[2025-11-03T05:13:55.928+0000][gc,marking    ] GC(527) Concurrent Cleanup for Next Mark 1.892ms
[2025-11-03T05:13:55.928+0000][gc            ] GC(527) Concurrent Cycle 151.475ms
[2025-11-03T05:13:59.361+0000][gc,start      ] GC(529) Pause Young (Normal) (G1 Evacuation Pause)
[2025-11-03T05:13:59.361+0000][gc,task       ] GC(529) Using 2 workers of 2 for evacuation
[2025-11-03T05:13:59.367+0000][gc,phases     ] GC(529)   Pre Evacuate Collection Set: 0.0ms
[2025-11-03T05:13:59.367+0000][gc,phases     ] GC(529)   Evacuate Collection Set: 4.3ms
[2025-11-03T05:13:59.368+0000][gc,phases     ] GC(529)   Post Evacuate Collection Set: 1.1ms
[2025-11-03T05:13:59.368+0000][gc,phases     ] GC(529)   Other: 1.0ms
[2025-11-03T05:13:59.368+0000][gc,heap       ] GC(529) Eden regions: 41->0(40)
[2025-11-03T05:13:59.369+0000][gc,heap       ] GC(529) Survivor regions: 1->1(6)
[2025-11-03T05:13:59.369+0000][gc,heap       ] GC(529) Old regions: 62->62
[2025-11-03T05:13:59.370+0000][gc,heap       ] GC(529) Humongous regions: 168->156
[2025-11-03T05:13:59.370+0000][gc,metaspace  ] GC(529) Metaspace: 53986K(57264K)->53986K(57264K) NonClass: 48059K(49840K)->48059K(49840K) Class: 5927K(7424K)->5927K(7424K)
[2025-11-03T05:13:59.370+0000][gc            ] GC(529) Pause Young (Normal) (G1 Evacuation Pause) 271M->218M(785M) 9.642ms
[2025-11-03T05:13:59.371+0000][gc,cpu        ] GC(529) User=0.02s Sys=0.00s Real=0.01s
[2025-11-03T05:25:22.827+0000][gc,start      ] GC(530) Pause Young (Concurrent Start) (G1 Evacuation Pause)
[2025-11-03T05:25:22.831+0000][gc,task       ] GC(530) Using 2 workers of 2 for evacuation
[2025-11-03T05:25:22.855+0000][gc,mmu        ] GC(530) MMU target violated: 21.0ms (20.0ms/21.0ms)
[2025-11-03T05:25:22.855+0000][gc,phases     ] GC(530)   Pre Evacuate Collection Set: 0.3ms
[2025-11-03T05:25:22.856+0000][gc,phases     ] GC(530)   Evacuate Collection Set: 18.9ms
[2025-11-03T05:25:22.857+0000][gc,phases     ] GC(530)   Post Evacuate Collection Set: 1.9ms
[2025-11-03T05:25:22.857+0000][gc,phases     ] GC(530)   Other: 6.6ms
[2025-11-03T05:25:22.859+0000][gc,heap       ] GC(530) Eden regions: 40->0(53)
[2025-11-03T05:25:22.859+0000][gc,heap       ] GC(530) Survivor regions: 1->3(6)
[2025-11-03T05:25:22.860+0000][gc,heap       ] GC(530) Old regions: 62->62
[2025-11-03T05:25:22.860+0000][gc,heap       ] GC(530) Humongous regions: 156->156
[2025-11-03T05:25:22.861+0000][gc,metaspace  ] GC(530) Metaspace: 53988K(57264K)->53988K(57264K) NonClass: 48061K(49840K)->48061K(49840K) Class: 5927K(7424K)->5927K(7424K)
[2025-11-03T05:25:22.863+0000][gc            ] GC(530) Pause Young (Concurrent Start) (G1 Evacuation Pause) 258M->220M(785M) 35.333ms
[2025-11-03T05:25:22.863+0000][gc,cpu        ] GC(530) User=0.04s Sys=0.00s Real=0.04s
[2025-11-03T05:25:22.865+0000][gc            ] GC(531) Concurrent Cycle
[2025-11-03T05:25:22.866+0000][gc,marking    ] GC(531) Concurrent Clear Claimed Marks
[2025-11-03T05:25:22.867+0000][gc,marking    ] GC(531) Concurrent Clear Claimed Marks 0.746ms
[2025-11-03T05:25:22.868+0000][gc,marking    ] GC(531) Concurrent Scan Root Regions
[2025-11-03T05:25:22.876+0000][gc,marking    ] GC(531) Concurrent Scan Root Regions 8.199ms
[2025-11-03T05:25:22.876+0000][gc,marking    ] GC(531) Concurrent Mark (30688.266s)
[2025-11-03T05:25:22.877+0000][gc,marking    ] GC(531) Concurrent Mark From Roots
[2025-11-03T05:25:22.878+0000][gc,task       ] GC(531) Using 1 workers of 1 for marking
[2025-11-03T05:25:23.045+0000][gc,marking    ] GC(531) Concurrent Mark From Roots 167.859ms
[2025-11-03T05:25:23.045+0000][gc,marking    ] GC(531) Concurrent Preclean
[2025-11-03T05:25:23.047+0000][gc,marking    ] GC(531) Concurrent Preclean 1.097ms
[2025-11-03T05:25:23.048+0000][gc,marking    ] GC(531) Concurrent Mark (30688.266s, 30688.437s) 171.372ms
[2025-11-03T05:25:23.049+0000][gc,start      ] GC(531) Pause Remark
[2025-11-03T05:25:23.073+0000][gc,stringtable] GC(531) Cleaned string and symbol table, strings: 17221 processed, 3 removed, symbols: 123854 processed, 0 removed
[2025-11-03T05:25:23.075+0000][gc,mmu        ] GC(531) MMU target violated: 21.0ms (20.0ms/21.0ms)
[2025-11-03T05:25:23.075+0000][gc            ] GC(531) Pause Remark 225M->225M(785M) 25.858ms
[2025-11-03T05:25:23.076+0000][gc,cpu        ] GC(531) User=0.05s Sys=0.00s Real=0.02s
[2025-11-03T05:25:23.076+0000][gc,marking    ] GC(531) Concurrent Rebuild Remembered Sets
[2025-11-03T05:25:23.163+0000][gc,marking    ] GC(531) Concurrent Rebuild Remembered Sets 86.639ms
[2025-11-03T05:25:23.165+0000][gc,start      ] GC(531) Pause Cleanup
[2025-11-03T05:25:23.165+0000][gc            ] GC(531) Pause Cleanup 227M->227M(785M) 0.831ms
[2025-11-03T05:25:23.166+0000][gc,cpu        ] GC(531) User=0.00s Sys=0.00s Real=0.00s
[2025-11-03T05:25:23.166+0000][gc,marking    ] GC(531) Concurrent Cleanup for Next Mark
[2025-11-03T05:25:23.168+0000][gc,marking    ] GC(531) Concurrent Cleanup for Next Mark 2.038ms
[2025-11-03T05:25:23.169+0000][gc            ] GC(531) Concurrent Cycle 303.947ms
[2025-11-03T05:25:23.283+0000][gc,start      ] GC(532) Pause Young (Concurrent Start) (G1 Humongous Allocation)
[2025-11-03T05:25:23.283+0000][gc,task       ] GC(532) Using 2 workers of 2 for evacuation
[2025-11-03T05:25:23.299+0000][gc,phases     ] GC(532)   Pre Evacuate Collection Set: 0.2ms
[2025-11-03T05:25:23.300+0000][gc,phases     ] GC(532)   Evacuate Collection Set: 14.3ms
[2025-11-03T05:25:23.300+0000][gc,phases     ] GC(532)   Post Evacuate Collection Set: 0.9ms
[2025-11-03T05:25:23.300+0000][gc,phases     ] GC(532)   Other: 1.1ms
[2025-11-03T05:25:23.301+0000][gc,heap       ] GC(532) Eden regions: 10->0(35)
[2025-11-03T05:25:23.301+0000][gc,heap       ] GC(532) Survivor regions: 3->4(5)
[2025-11-03T05:25:23.301+0000][gc,heap       ] GC(532) Old regions: 62->62
[2025-11-03T05:25:23.302+0000][gc,heap       ] GC(532) Humongous regions: 156->156
[2025-11-03T05:25:23.302+0000][gc,metaspace  ] GC(532) Metaspace: 53988K(57264K)->53988K(57264K) NonClass: 48061K(49840K)->48061K(49840K) Class: 5927K(7424K)->5927K(7424K)
[2025-11-03T05:25:23.302+0000][gc            ] GC(532) Pause Young (Concurrent Start) (G1 Humongous Allocation) 230M->221M(785M) 19.390ms
[2025-11-03T05:25:23.303+0000][gc,cpu        ] GC(532) User=0.03s Sys=0.00s Real=0.02s
[2025-11-03T05:25:23.303+0000][gc            ] GC(533) Concurrent Cycle
[2025-11-03T05:25:23.304+0000][gc,marking    ] GC(533) Concurrent Clear Claimed Marks
[2025-11-03T05:25:23.304+0000][gc,marking    ] GC(533) Concurrent Clear Claimed Marks 0.773ms
[2025-11-03T05:25:23.305+0000][gc,marking    ] GC(533) Concurrent Scan Root Regions
[2025-11-03T05:25:23.312+0000][gc,marking    ] GC(533) Concurrent Scan Root Regions 6.930ms
[2025-11-03T05:25:23.314+0000][gc,marking    ] GC(533) Concurrent Mark (30688.704s)
[2025-11-03T05:25:23.315+0000][gc,marking    ] GC(533) Concurrent Mark From Roots
[2025-11-03T05:25:23.315+0000][gc,task       ] GC(533) Using 1 workers of 1 for marking
[2025-11-03T05:25:23.356+0000][gc,start      ] GC(534) Pause Young (Normal) (G1 Evacuation Pause)
[2025-11-03T05:25:23.356+0000][gc,task       ] GC(534) Using 2 workers of 2 for evacuation
[2025-11-03T05:25:23.369+0000][gc,phases     ] GC(534)   Pre Evacuate Collection Set: 0.0ms
[2025-11-03T05:25:23.370+0000][gc,phases     ] GC(534)   Evacuate Collection Set: 11.6ms
[2025-11-03T05:25:23.370+0000][gc,phases     ] GC(534)   Post Evacuate Collection Set: 1.2ms
[2025-11-03T05:25:23.370+0000][gc,phases     ] GC(534)   Other: 0.9ms
[2025-11-03T05:25:23.371+0000][gc,heap       ] GC(534) Eden regions: 35->0(40)
[2025-11-03T05:25:23.371+0000][gc,heap       ] GC(534) Survivor regions: 4->1(5)
[2025-11-03T05:25:23.371+0000][gc,heap       ] GC(534) Old regions: 62->65
[2025-11-03T05:25:23.371+0000][gc,heap       ] GC(534) Humongous regions: 168->162
[2025-11-03T05:25:23.372+0000][gc,metaspace  ] GC(534) Metaspace: 53988K(57264K)->53988K(57264K) NonClass: 48061K(49840K)->48061K(49840K) Class: 5927K(7424K)->5927K(7424K)
[2025-11-03T05:25:23.372+0000][gc            ] GC(534) Pause Young (Normal) (G1 Evacuation Pause) 268M->227M(785M) 16.155ms
[2025-11-03T05:25:23.372+0000][gc,cpu        ] GC(534) User=0.03s Sys=0.00s Real=0.02s
[2025-11-03T05:25:23.400+0000][gc,marking    ] GC(533) Concurrent Mark From Roots 84.964ms
[2025-11-03T05:25:23.400+0000][gc,marking    ] GC(533) Concurrent Preclean
[2025-11-03T05:25:23.401+0000][gc,marking    ] GC(533) Concurrent Preclean 0.563ms
[2025-11-03T05:25:23.401+0000][gc,marking    ] GC(533) Concurrent Mark (30688.704s, 30688.790s) 86.728ms
[2025-11-03T05:25:23.402+0000][gc,start      ] GC(533) Pause Remark
[2025-11-03T05:25:23.421+0000][gc,stringtable] GC(533) Cleaned string and symbol table, strings: 17218 processed, 0 removed, symbols: 123854 processed, 0 removed
[2025-11-03T05:25:23.422+0000][gc            ] GC(533) Pause Remark 249M->249M(785M) 19.782ms
[2025-11-03T05:25:23.422+0000][gc,cpu        ] GC(533) User=0.04s Sys=0.00s Real=0.02s
[2025-11-03T05:25:23.422+0000][gc,marking    ] GC(533) Concurrent Rebuild Remembered Sets
[2025-11-03T05:25:23.451+0000][gc,start      ] GC(535) Pause Young (Normal) (G1 Evacuation Pause)
[2025-11-03T05:25:23.451+0000][gc,task       ] GC(535) Using 2 workers of 2 for evacuation
[2025-11-03T05:25:23.459+0000][gc,phases     ] GC(535)   Pre Evacuate Collection Set: 0.0ms
[2025-11-03T05:25:23.460+0000][gc,phases     ] GC(535)   Evacuate Collection Set: 6.5ms
[2025-11-03T05:25:23.460+0000][gc,phases     ] GC(535)   Post Evacuate Collection Set: 1.1ms
[2025-11-03T05:25:23.460+0000][gc,phases     ] GC(535)   Other: 1.0ms
[2025-11-03T05:25:23.461+0000][gc,heap       ] GC(535) Eden regions: 40->0(43)
[2025-11-03T05:25:23.461+0000][gc,heap       ] GC(535) Survivor regions: 1->1(6)
[2025-11-03T05:25:23.462+0000][gc,heap       ] GC(535) Old regions: 65->65
[2025-11-03T05:25:23.462+0000][gc,heap       ] GC(535) Humongous regions: 174->162
[2025-11-03T05:25:23.463+0000][gc,metaspace  ] GC(535) Metaspace: 53988K(57264K)->53988K(57264K) NonClass: 48061K(49840K)->48061K(49840K) Class: 5927K(7424K)->5927K(7424K)
[2025-11-03T05:25:23.463+0000][gc            ] GC(535) Pause Young (Normal) (G1 Evacuation Pause) 279M->227M(785M) 12.540ms
[2025-11-03T05:25:23.464+0000][gc,cpu        ] GC(535) User=0.02s Sys=0.00s Real=0.01s
[2025-11-03T05:25:23.482+0000][gc,marking    ] GC(533) Concurrent Rebuild Remembered Sets 59.083ms
[2025-11-03T05:25:23.482+0000][gc,start      ] GC(533) Pause Cleanup
[2025-11-03T05:25:23.483+0000][gc            ] GC(533) Pause Cleanup 244M->244M(785M) 0.755ms
[2025-11-03T05:25:23.483+0000][gc,cpu        ] GC(533) User=0.00s Sys=0.00s Real=0.00s
[2025-11-03T05:25:23.484+0000][gc,marking    ] GC(533) Concurrent Cleanup for Next Mark
[2025-11-03T05:25:23.485+0000][gc,marking    ] GC(533) Concurrent Cleanup for Next Mark 1.648ms
[2025-11-03T05:25:23.486+0000][gc            ] GC(533) Concurrent Cycle 182.697ms
[2025-11-03T05:25:23.514+0000][gc,start      ] GC(536) Pause Young (Prepare Mixed) (G1 Evacuation Pause)
[2025-11-03T05:25:23.514+0000][gc,task       ] GC(536) Using 2 workers of 2 for evacuation
[2025-11-03T05:25:23.521+0000][gc,phases     ] GC(536)   Pre Evacuate Collection Set: 0.0ms
[2025-11-03T05:25:23.521+0000][gc,phases     ] GC(536)   Evacuate Collection Set: 4.9ms
[2025-11-03T05:25:23.521+0000][gc,phases     ] GC(536)   Post Evacuate Collection Set: 0.8ms
[2025-11-03T05:25:23.521+0000][gc,phases     ] GC(536)   Other: 0.9ms
[2025-11-03T05:25:23.522+0000][gc,heap       ] GC(536) Eden regions: 43->0(38)
[2025-11-03T05:25:23.522+0000][gc,heap       ] GC(536) Survivor regions: 1->1(6)
[2025-11-03T05:25:23.522+0000][gc,heap       ] GC(536) Old regions: 65->65
[2025-11-03T05:25:23.522+0000][gc,heap       ] GC(536) Humongous regions: 162->162
[2025-11-03T05:25:23.523+0000][gc,metaspace  ] GC(536) Metaspace: 53988K(57264K)->53988K(57264K) NonClass: 48061K(49840K)->48061K(49840K) Class: 5927K(7424K)->5927K(7424K)
[2025-11-03T05:25:23.523+0000][gc            ] GC(536) Pause Young (Prepare Mixed) (G1 Evacuation Pause) 270M->227M(785M) 8.678ms
[2025-11-03T05:25:23.523+0000][gc,cpu        ] GC(536) User=0.01s Sys=0.00s Real=0.01s
[2025-11-03T05:25:23.573+0000][gc,start      ] GC(537) Pause Young (Mixed) (G1 Evacuation Pause)
[2025-11-03T05:25:23.573+0000][gc,task       ] GC(537) Using 2 workers of 2 for evacuation
[2025-11-03T05:25:23.579+0000][gc,phases     ] GC(537)   Pre Evacuate Collection Set: 0.0ms
[2025-11-03T05:25:23.580+0000][gc,phases     ] GC(537)   Evacuate Collection Set: 4.9ms
[2025-11-03T05:25:23.580+0000][gc,phases     ] GC(537)   Post Evacuate Collection Set: 1.0ms
[2025-11-03T05:25:23.580+0000][gc,phases     ] GC(537)   Other: 0.8ms
[2025-11-03T05:25:23.581+0000][gc,heap       ] GC(537) Eden regions: 38->0(38)
[2025-11-03T05:25:23.581+0000][gc,heap       ] GC(537) Survivor regions: 1->1(5)
[2025-11-03T05:25:23.581+0000][gc,heap       ] GC(537) Old regions: 65->64
[2025-11-03T05:25:23.581+0000][gc,heap       ] GC(537) Humongous regions: 180->162
[2025-11-03T05:25:23.582+0000][gc,metaspace  ] GC(537) Metaspace: 53991K(57264K)->53991K(57264K) NonClass: 48064K(49840K)->48064K(49840K) Class: 5927K(7424K)->5927K(7424K)
[2025-11-03T05:25:23.582+0000][gc            ] GC(537) Pause Young (Mixed) (G1 Evacuation Pause) 283M->226M(785M) 9.226ms
[2025-11-03T05:25:23.582+0000][gc,cpu        ] GC(537) User=0.02s Sys=0.00s Real=0.01s
[2025-11-03T05:25:23.592+0000][gc,start      ] GC(538) Pause Young (Concurrent Start) (G1 Humongous Allocation)
[2025-11-03T05:25:23.592+0000][gc,task       ] GC(538) Using 2 workers of 2 for evacuation
[2025-11-03T05:25:23.599+0000][gc,phases     ] GC(538)   Pre Evacuate Collection Set: 0.2ms
[2025-11-03T05:25:23.599+0000][gc,phases     ] GC(538)   Evacuate Collection Set: 5.0ms
[2025-11-03T05:25:23.599+0000][gc,phases     ] GC(538)   Post Evacuate Collection Set: 0.8ms
[2025-11-03T05:25:23.600+0000][gc,phases     ] GC(538)   Other: 0.9ms
[2025-11-03T05:25:23.600+0000][gc,heap       ] GC(538) Eden regions: 8->0(38)
[2025-11-03T05:25:23.600+0000][gc,heap       ] GC(538) Survivor regions: 1->1(5)
[2025-11-03T05:25:23.601+0000][gc,heap       ] GC(538) Old regions: 64->64
[2025-11-03T05:25:23.601+0000][gc,heap       ] GC(538) Humongous regions: 162->156
[2025-11-03T05:25:23.601+0000][gc,metaspace  ] GC(538) Metaspace: 53991K(57264K)->53991K(57264K) NonClass: 48064K(49840K)->48064K(49840K) Class: 5927K(7424K)->5927K(7424K)
[2025-11-03T05:25:23.601+0000][gc            ] GC(538) Pause Young (Concurrent Start) (G1 Humongous Allocation) 234M->220M(785M) 9.684ms
[2025-11-03T05:25:23.602+0000][gc,cpu        ] GC(538) User=0.01s Sys=0.00s Real=0.01s
[2025-11-03T05:25:23.602+0000][gc            ] GC(539) Concurrent Cycle
[2025-11-03T05:25:23.603+0000][gc,marking    ] GC(539) Concurrent Clear Claimed Marks
[2025-11-03T05:25:23.603+0000][gc,marking    ] GC(539) Concurrent Clear Claimed Marks 0.493ms
[2025-11-03T05:25:23.603+0000][gc,marking    ] GC(539) Concurrent Scan Root Regions
[2025-11-03T05:25:23.606+0000][gc,marking    ] GC(539) Concurrent Scan Root Regions 2.690ms
[2025-11-03T05:25:23.607+0000][gc,marking    ] GC(539) Concurrent Mark (30688.996s)
[2025-11-03T05:25:23.607+0000][gc,marking    ] GC(539) Concurrent Mark From Roots
[2025-11-03T05:25:23.607+0000][gc,task       ] GC(539) Using 1 workers of 1 for marking
[2025-11-03T05:25:23.654+0000][gc,start      ] GC(540) Pause Young (Normal) (G1 Evacuation Pause)
[2025-11-03T05:25:23.655+0000][gc,task       ] GC(540) Using 2 workers of 2 for evacuation
[2025-11-03T05:25:23.662+0000][gc,phases     ] GC(540)   Pre Evacuate Collection Set: 0.0ms
[2025-11-03T05:25:23.662+0000][gc,phases     ] GC(540)   Evacuate Collection Set: 5.3ms
[2025-11-03T05:25:23.662+0000][gc,phases     ] GC(540)   Post Evacuate Collection Set: 1.2ms
[2025-11-03T05:25:23.663+0000][gc,phases     ] GC(540)   Other: 0.9ms
[2025-11-03T05:25:23.663+0000][gc,heap       ] GC(540) Eden regions: 38->0(38)
[2025-11-03T05:25:23.663+0000][gc,heap       ] GC(540) Survivor regions: 1->1(5)
[2025-11-03T05:25:23.663+0000][gc,heap       ] GC(540) Old regions: 64->64
[2025-11-03T05:25:23.664+0000][gc,heap       ] GC(540) Humongous regions: 168->162
[2025-11-03T05:25:23.664+0000][gc,metaspace  ] GC(540) Metaspace: 53991K(57264K)->53991K(57264K) NonClass: 48064K(49840K)->48064K(49840K) Class: 5927K(7424K)->5927K(7424K)
[2025-11-03T05:25:23.664+0000][gc            ] GC(540) Pause Young (Normal) (G1 Evacuation Pause) 270M->226M(785M) 9.973ms
[2025-11-03T05:25:23.664+0000][gc,cpu        ] GC(540) User=0.01s Sys=0.00s Real=0.01s
[2025-11-03T05:25:23.684+0000][gc,marking    ] GC(539) Concurrent Mark From Roots 76.768ms
[2025-11-03T05:25:23.684+0000][gc,marking    ] GC(539) Concurrent Preclean
[2025-11-03T05:25:23.685+0000][gc,marking    ] GC(539) Concurrent Preclean 0.493ms
[2025-11-03T05:25:23.685+0000][gc,marking    ] GC(539) Concurrent Mark (30688.996s, 30689.074s) 78.326ms
[2025-11-03T05:25:23.686+0000][gc,start      ] GC(539) Pause Remark
[2025-11-03T05:25:23.702+0000][gc,stringtable] GC(539) Cleaned string and symbol table, strings: 17218 processed, 0 removed, symbols: 123854 processed, 0 removed
[2025-11-03T05:25:23.703+0000][gc            ] GC(539) Pause Remark 242M->242M(785M) 17.034ms
[2025-11-03T05:25:23.703+0000][gc,cpu        ] GC(539) User=0.03s Sys=0.00s Real=0.02s
[2025-11-03T05:25:23.704+0000][gc,marking    ] GC(539) Concurrent Rebuild Remembered Sets
[2025-11-03T05:25:23.729+0000][gc,start      ] GC(541) Pause Young (Normal) (G1 Evacuation Pause)
[2025-11-03T05:25:23.730+0000][gc,task       ] GC(541) Using 2 workers of 2 for evacuation
[2025-11-03T05:25:23.738+0000][gc,phases     ] GC(541)   Pre Evacuate Collection Set: 0.0ms
[2025-11-03T05:25:23.738+0000][gc,phases     ] GC(541)   Evacuate Collection Set: 6.2ms
[2025-11-03T05:25:23.739+0000][gc,phases     ] GC(541)   Post Evacuate Collection Set: 1.2ms
[2025-11-03T05:25:23.739+0000][gc,phases     ] GC(541)   Other: 1.1ms
[2025-11-03T05:25:23.739+0000][gc,heap       ] GC(541) Eden regions: 38->0(38)
[2025-11-03T05:25:23.740+0000][gc,heap       ] GC(541) Survivor regions: 1->1(5)
[2025-11-03T05:25:23.740+0000][gc,heap       ] GC(541) Old regions: 64->64
[2025-11-03T05:25:23.741+0000][gc,heap       ] GC(541) Humongous regions: 162->162
[2025-11-03T05:25:23.741+0000][gc,metaspace  ] GC(541) Metaspace: 53991K(57264K)->53991K(57264K) NonClass: 48064K(49840K)->48064K(49840K) Class: 5927K(7424K)->5927K(7424K)
[2025-11-03T05:25:23.741+0000][gc            ] GC(541) Pause Young (Normal) (G1 Evacuation Pause) 264M->226M(785M) 11.835ms
[2025-11-03T05:25:23.741+0000][gc,cpu        ] GC(541) User=0.01s Sys=0.00s Real=0.01s
[2025-11-03T05:25:23.759+0000][gc,marking    ] GC(539) Concurrent Rebuild Remembered Sets 55.224ms
[2025-11-03T05:25:23.760+0000][gc,start      ] GC(539) Pause Cleanup
[2025-11-03T05:25:23.761+0000][gc            ] GC(539) Pause Cleanup 243M->243M(785M) 0.792ms
[2025-11-03T05:25:23.761+0000][gc,cpu        ] GC(539) User=0.00s Sys=0.00s Real=0.00s
[2025-11-03T05:25:23.762+0000][gc,marking    ] GC(539) Concurrent Cleanup for Next Mark
[2025-11-03T05:25:23.763+0000][gc,marking    ] GC(539) Concurrent Cleanup for Next Mark 1.756ms
[2025-11-03T05:25:23.764+0000][gc            ] GC(539) Concurrent Cycle 161.658ms
[2025-11-03T05:25:23.789+0000][gc,start      ] GC(542) Pause Young (Prepare Mixed) (G1 Evacuation Pause)
[2025-11-03T05:25:23.789+0000][gc,task       ] GC(542) Using 2 workers of 2 for evacuation
[2025-11-03T05:25:23.796+0000][gc,phases     ] GC(542)   Pre Evacuate Collection Set: 0.0ms
[2025-11-03T05:25:23.796+0000][gc,phases     ] GC(542)   Evacuate Collection Set: 4.8ms
[2025-11-03T05:25:23.796+0000][gc,phases     ] GC(542)   Post Evacuate Collection Set: 1.1ms
[2025-11-03T05:25:23.797+0000][gc,phases     ] GC(542)   Other: 1.0ms
[2025-11-03T05:25:23.797+0000][gc,heap       ] GC(542) Eden regions: 38->0(38)
[2025-11-03T05:25:23.797+0000][gc,heap       ] GC(542) Survivor regions: 1->1(5)
[2025-11-03T05:25:23.798+0000][gc,heap       ] GC(542) Old regions: 64->64
[2025-11-03T05:25:23.798+0000][gc,heap       ] GC(542) Humongous regions: 174->162
[2025-11-03T05:25:23.799+0000][gc,metaspace  ] GC(542) Metaspace: 53991K(57264K)->53991K(57264K) NonClass: 48064K(49840K)->48064K(49840K) Class: 5927K(7424K)->5927K(7424K)
[2025-11-03T05:25:23.799+0000][gc            ] GC(542) Pause Young (Prepare Mixed) (G1 Evacuation Pause) 276M->226M(785M) 9.998ms
[2025-11-03T05:25:23.799+0000][gc,cpu        ] GC(542) User=0.01s Sys=0.00s Real=0.01s
[2025-11-03T05:25:23.846+0000][gc,start      ] GC(543) Pause Young (Mixed) (G1 Evacuation Pause)
[2025-11-03T05:25:23.846+0000][gc,task       ] GC(543) Using 2 workers of 2 for evacuation
[2025-11-03T05:25:23.853+0000][gc,phases     ] GC(543)   Pre Evacuate Collection Set: 0.0ms
[2025-11-03T05:25:23.853+0000][gc,phases     ] GC(543)   Evacuate Collection Set: 5.0ms
[2025-11-03T05:25:23.853+0000][gc,phases     ] GC(543)   Post Evacuate Collection Set: 1.1ms
[2025-11-03T05:25:23.854+0000][gc,phases     ] GC(543)   Other: 0.9ms
[2025-11-03T05:25:23.854+0000][gc,heap       ] GC(543) Eden regions: 38->0(38)
[2025-11-03T05:25:23.854+0000][gc,heap       ] GC(543) Survivor regions: 1->1(5)
[2025-11-03T05:25:23.855+0000][gc,heap       ] GC(543) Old regions: 64->62
[2025-11-03T05:25:23.855+0000][gc,heap       ] GC(543) Humongous regions: 168->162
[2025-11-03T05:25:23.855+0000][gc,metaspace  ] GC(543) Metaspace: 53991K(57264K)->53991K(57264K) NonClass: 48064K(49840K)->48064K(49840K) Class: 5927K(7424K)->5927K(7424K)
[2025-11-03T05:25:23.855+0000][gc            ] GC(543) Pause Young (Mixed) (G1 Evacuation Pause) 270M->224M(785M) 9.891ms
[2025-11-03T05:25:23.856+0000][gc,cpu        ] GC(543) User=0.01s Sys=0.00s Real=0.01s
[2025-11-03T05:25:23.888+0000][gc,start      ] GC(544) Pause Young (Concurrent Start) (G1 Humongous Allocation)
[2025-11-03T05:25:23.889+0000][gc,task       ] GC(544) Using 2 workers of 2 for evacuation
[2025-11-03T05:25:23.895+0000][gc,phases     ] GC(544)   Pre Evacuate Collection Set: 0.2ms
[2025-11-03T05:25:23.896+0000][gc,phases     ] GC(544)   Evacuate Collection Set: 4.9ms
[2025-11-03T05:25:23.896+0000][gc,phases     ] GC(544)   Post Evacuate Collection Set: 1.1ms
[2025-11-03T05:25:23.896+0000][gc,phases     ] GC(544)   Other: 0.9ms
[2025-11-03T05:25:23.897+0000][gc,heap       ] GC(544) Eden regions: 31->0(40)
[2025-11-03T05:25:23.897+0000][gc,heap       ] GC(544) Survivor regions: 1->1(5)
[2025-11-03T05:25:23.897+0000][gc,heap       ] GC(544) Old regions: 62->62
[2025-11-03T05:25:23.898+0000][gc,heap       ] GC(544) Humongous regions: 162->156
[2025-11-03T05:25:23.898+0000][gc,metaspace  ] GC(544) Metaspace: 53991K(57264K)->53991K(57264K) NonClass: 48064K(49840K)->48064K(49840K) Class: 5927K(7424K)->5927K(7424K)
[2025-11-03T05:25:23.898+0000][gc            ] GC(544) Pause Young (Concurrent Start) (G1 Humongous Allocation) 255M->218M(785M) 9.983ms
[2025-11-03T05:25:23.899+0000][gc,cpu        ] GC(544) User=0.01s Sys=0.00s Real=0.01s
[2025-11-03T05:25:23.899+0000][gc            ] GC(545) Concurrent Cycle
[2025-11-03T05:25:23.899+0000][gc,marking    ] GC(545) Concurrent Clear Claimed Marks
[2025-11-03T05:25:23.900+0000][gc,marking    ] GC(545) Concurrent Clear Claimed Marks 0.464ms
[2025-11-03T05:25:23.900+0000][gc,marking    ] GC(545) Concurrent Scan Root Regions
[2025-11-03T05:25:23.903+0000][gc,marking    ] GC(545) Concurrent Scan Root Regions 2.771ms
[2025-11-03T05:25:23.903+0000][gc,marking    ] GC(545) Concurrent Mark (30689.293s)
[2025-11-03T05:25:23.904+0000][gc,marking    ] GC(545) Concurrent Mark From Roots
[2025-11-03T05:25:23.904+0000][gc,task       ] GC(545) Using 1 workers of 1 for marking
[2025-11-03T05:25:23.949+0000][gc,start      ] GC(546) Pause Young (Normal) (G1 Evacuation Pause)
[2025-11-03T05:25:23.949+0000][gc,task       ] GC(546) Using 2 workers of 2 for evacuation
[2025-11-03T05:25:23.956+0000][gc,phases     ] GC(546)   Pre Evacuate Collection Set: 0.1ms
[2025-11-03T05:25:23.957+0000][gc,phases     ] GC(546)   Evacuate Collection Set: 5.2ms
[2025-11-03T05:25:23.957+0000][gc,phases     ] GC(546)   Post Evacuate Collection Set: 1.0ms
[2025-11-03T05:25:23.957+0000][gc,phases     ] GC(546)   Other: 1.0ms
[2025-11-03T05:25:23.958+0000][gc,heap       ] GC(546) Eden regions: 40->0(42)
[2025-11-03T05:25:23.958+0000][gc,heap       ] GC(546) Survivor regions: 1->1(6)
[2025-11-03T05:25:23.958+0000][gc,heap       ] GC(546) Old regions: 62->62
[2025-11-03T05:25:23.959+0000][gc,heap       ] GC(546) Humongous regions: 162->162
[2025-11-03T05:25:23.959+0000][gc,metaspace  ] GC(546) Metaspace: 53991K(57264K)->53991K(57264K) NonClass: 48064K(49840K)->48064K(49840K) Class: 5927K(7424K)->5927K(7424K)
[2025-11-03T05:25:23.959+0000][gc            ] GC(546) Pause Young (Normal) (G1 Evacuation Pause) 264M->224M(785M) 10.383ms
[2025-11-03T05:25:23.960+0000][gc,cpu        ] GC(546) User=0.01s Sys=0.00s Real=0.01s
[2025-11-03T05:25:23.981+0000][gc,marking    ] GC(545) Concurrent Mark From Roots 77.126ms
[2025-11-03T05:25:23.981+0000][gc,marking    ] GC(545) Concurrent Preclean
[2025-11-03T05:25:23.982+0000][gc,marking    ] GC(545) Concurrent Preclean 0.530ms
[2025-11-03T05:25:23.982+0000][gc,marking    ] GC(545) Concurrent Mark (30689.293s, 30689.372s) 78.793ms
[2025-11-03T05:25:23.983+0000][gc,start      ] GC(545) Pause Remark
[2025-11-03T05:25:23.998+0000][gc,stringtable] GC(545) Cleaned string and symbol table, strings: 17225 processed, 0 removed, symbols: 123854 processed, 0 removed
[2025-11-03T05:25:23.999+0000][gc            ] GC(545) Pause Remark 249M->249M(785M) 16.284ms
[2025-11-03T05:25:24.000+0000][gc,cpu        ] GC(545) User=0.03s Sys=0.00s Real=0.02s
[2025-11-03T05:25:24.000+0000][gc,marking    ] GC(545) Concurrent Rebuild Remembered Sets
[2025-11-03T05:25:24.030+0000][gc,start      ] GC(547) Pause Young (Normal) (G1 Evacuation Pause)
[2025-11-03T05:25:24.031+0000][gc,task       ] GC(547) Using 2 workers of 2 for evacuation
[2025-11-03T05:25:24.039+0000][gc,phases     ] GC(547)   Pre Evacuate Collection Set: 0.0ms
[2025-11-03T05:25:24.039+0000][gc,phases     ] GC(547)   Evacuate Collection Set: 6.5ms
[2025-11-03T05:25:24.040+0000][gc,phases     ] GC(547)   Post Evacuate Collection Set: 1.1ms
[2025-11-03T05:25:24.040+0000][gc,phases     ] GC(547)   Other: 1.0ms
[2025-11-03T05:25:24.041+0000][gc,heap       ] GC(547) Eden regions: 42->0(43)
[2025-11-03T05:25:24.041+0000][gc,heap       ] GC(547) Survivor regions: 1->2(6)
[2025-11-03T05:25:24.041+0000][gc,heap       ] GC(547) Old regions: 62->62
[2025-11-03T05:25:24.042+0000][gc,heap       ] GC(547) Humongous regions: 174->162
[2025-11-03T05:25:24.042+0000][gc,metaspace  ] GC(547) Metaspace: 53991K(57264K)->53991K(57264K) NonClass: 48064K(49840K)->48064K(49840K) Class: 5927K(7424K)->5927K(7424K)
[2025-11-03T05:25:24.042+0000][gc            ] GC(547) Pause Young (Normal) (G1 Evacuation Pause) 278M->224M(785M) 11.927ms
[2025-11-03T05:25:24.043+0000][gc,cpu        ] GC(547) User=0.02s Sys=0.00s Real=0.01s
[2025-11-03T05:25:24.053+0000][gc,marking    ] GC(545) Concurrent Rebuild Remembered Sets 52.741ms
[2025-11-03T05:25:24.054+0000][gc,start      ] GC(545) Pause Cleanup
[2025-11-03T05:25:24.054+0000][gc            ] GC(545) Pause Cleanup 248M->248M(785M) 0.765ms
[2025-11-03T05:25:24.055+0000][gc,cpu        ] GC(545) User=0.00s Sys=0.00s Real=0.00s
[2025-11-03T05:25:24.055+0000][gc,marking    ] GC(545) Concurrent Cleanup for Next Mark
[2025-11-03T05:25:24.057+0000][gc,marking    ] GC(545) Concurrent Cleanup for Next Mark 1.683ms
[2025-11-03T05:25:24.057+0000][gc            ] GC(545) Concurrent Cycle 158.292ms
[2025-11-03T05:25:24.062+0000][gc,start      ] GC(548) Pause Young (Concurrent Start) (G1 Humongous Allocation)
[2025-11-03T05:25:24.062+0000][gc,task       ] GC(548) Using 2 workers of 2 for evacuation
[2025-11-03T05:25:24.069+0000][gc,phases     ] GC(548)   Pre Evacuate Collection Set: 0.2ms
[2025-11-03T05:25:24.069+0000][gc,phases     ] GC(548)   Evacuate Collection Set: 5.3ms
[2025-11-03T05:25:24.069+0000][gc,phases     ] GC(548)   Post Evacuate Collection Set: 1.0ms
[2025-11-03T05:25:24.070+0000][gc,phases     ] GC(548)   Other: 0.8ms
[2025-11-03T05:25:24.070+0000][gc,heap       ] GC(548) Eden regions: 11->0(44)
[2025-11-03T05:25:24.070+0000][gc,heap       ] GC(548) Survivor regions: 2->2(6)
[2025-11-03T05:25:24.070+0000][gc,heap       ] GC(548) Old regions: 62->62
[2025-11-03T05:25:24.070+0000][gc,heap       ] GC(548) Humongous regions: 180->156
[2025-11-03T05:25:24.071+0000][gc,metaspace  ] GC(548) Metaspace: 53991K(57264K)->53991K(57264K) NonClass: 48064K(49840K)->48064K(49840K) Class: 5927K(7424K)->5927K(7424K)
[2025-11-03T05:25:24.071+0000][gc            ] GC(548) Pause Young (Concurrent Start) (G1 Humongous Allocation) 253M->218M(785M) 9.472ms
[2025-11-03T05:25:24.071+0000][gc,cpu        ] GC(548) User=0.01s Sys=0.00s Real=0.01s
[2025-11-03T05:25:24.072+0000][gc            ] GC(549) Concurrent Cycle
[2025-11-03T05:25:24.072+0000][gc,marking    ] GC(549) Concurrent Clear Claimed Marks
[2025-11-03T05:25:24.072+0000][gc,marking    ] GC(549) Concurrent Clear Claimed Marks 0.442ms
[2025-11-03T05:25:24.073+0000][gc,marking    ] GC(549) Concurrent Scan Root Regions
[2025-11-03T05:25:24.075+0000][gc,marking    ] GC(549) Concurrent Scan Root Regions 2.612ms
[2025-11-03T05:25:24.075+0000][gc,marking    ] GC(549) Concurrent Mark (30689.465s)
[2025-11-03T05:25:24.076+0000][gc,marking    ] GC(549) Concurrent Mark From Roots
[2025-11-03T05:25:24.076+0000][gc,task       ] GC(549) Using 1 workers of 1 for marking
[2025-11-03T05:25:24.127+0000][gc,start      ] GC(550) Pause Young (Normal) (G1 Evacuation Pause)
[2025-11-03T05:25:24.127+0000][gc,task       ] GC(550) Using 2 workers of 2 for evacuation
[2025-11-03T05:25:24.134+0000][gc,phases     ] GC(550)   Pre Evacuate Collection Set: 0.0ms
[2025-11-03T05:25:24.135+0000][gc,phases     ] GC(550)   Evacuate Collection Set: 5.3ms
[2025-11-03T05:25:24.135+0000][gc,phases     ] GC(550)   Post Evacuate Collection Set: 1.4ms
[2025-11-03T05:25:24.136+0000][gc,phases     ] GC(550)   Other: 0.9ms
[2025-11-03T05:25:24.136+0000][gc,heap       ] GC(550) Eden regions: 44->0(47)
[2025-11-03T05:25:24.136+0000][gc,heap       ] GC(550) Survivor regions: 2->2(6)
[2025-11-03T05:25:24.137+0000][gc,heap       ] GC(550) Old regions: 62->62
[2025-11-03T05:25:24.137+0000][gc,heap       ] GC(550) Humongous regions: 162->162
[2025-11-03T05:25:24.137+0000][gc,metaspace  ] GC(550) Metaspace: 53991K(57264K)->53991K(57264K) NonClass: 48064K(49840K)->48064K(49840K) Class: 5927K(7424K)->5927K(7424K)
[2025-11-03T05:25:24.138+0000][gc            ] GC(550) Pause Young (Normal) (G1 Evacuation Pause) 268M->224M(811M) 10.913ms
[2025-11-03T05:25:24.138+0000][gc,cpu        ] GC(550) User=0.01s Sys=0.00s Real=0.02s
[2025-11-03T05:25:24.152+0000][gc,marking    ] GC(549) Concurrent Mark From Roots 76.454ms
[2025-11-03T05:25:24.153+0000][gc,marking    ] GC(549) Concurrent Preclean
[2025-11-03T05:25:24.153+0000][gc,marking    ] GC(549) Concurrent Preclean 0.544ms
[2025-11-03T05:25:24.154+0000][gc,marking    ] GC(549) Concurrent Mark (30689.465s, 30689.543s) 78.054ms
[2025-11-03T05:25:24.155+0000][gc,start      ] GC(549) Pause Remark
[2025-11-03T05:25:24.170+0000][gc,stringtable] GC(549) Cleaned string and symbol table, strings: 17225 processed, 0 removed, symbols: 123854 processed, 0 removed
[2025-11-03T05:25:24.171+0000][gc            ] GC(549) Pause Remark 233M->233M(811M) 16.679ms
[2025-11-03T05:25:24.172+0000][gc,cpu        ] GC(549) User=0.03s Sys=0.00s Real=0.02s
[2025-11-03T05:25:24.172+0000][gc,marking    ] GC(549) Concurrent Rebuild Remembered Sets
[2025-11-03T05:25:24.212+0000][gc,marking    ] GC(549) Concurrent Rebuild Remembered Sets 39.647ms
[2025-11-03T05:25:24.213+0000][gc,start      ] GC(549) Pause Cleanup
[2025-11-03T05:25:24.214+0000][gc            ] GC(549) Pause Cleanup 258M->258M(811M) 0.864ms
[2025-11-03T05:25:24.214+0000][gc,cpu        ] GC(549) User=0.00s Sys=0.00s Real=0.00s
[2025-11-03T05:25:24.214+0000][gc,marking    ] GC(549) Concurrent Cleanup for Next Mark
[2025-11-03T05:25:24.216+0000][gc,marking    ] GC(549) Concurrent Cleanup for Next Mark 2.045ms
[2025-11-03T05:25:24.217+0000][gc            ] GC(549) Concurrent Cycle 145.098ms
[2025-11-03T05:25:24.233+0000][gc,start      ] GC(551) Pause Young (Concurrent Start) (G1 Humongous Allocation)
[2025-11-03T05:25:24.234+0000][gc,task       ] GC(551) Using 2 workers of 2 for evacuation
[2025-11-03T05:25:24.243+0000][gc,phases     ] GC(551)   Pre Evacuate Collection Set: 0.3ms
[2025-11-03T05:25:24.243+0000][gc,phases     ] GC(551)   Evacuate Collection Set: 6.8ms
[2025-11-03T05:25:24.243+0000][gc,phases     ] GC(551)   Post Evacuate Collection Set: 1.2ms
[2025-11-03T05:25:24.244+0000][gc,phases     ] GC(551)   Other: 1.0ms
[2025-11-03T05:25:24.244+0000][gc,heap       ] GC(551) Eden regions: 46->0(49)
[2025-11-03T05:25:24.244+0000][gc,heap       ] GC(551) Survivor regions: 2->1(7)
[2025-11-03T05:25:24.245+0000][gc,heap       ] GC(551) Old regions: 62->62
[2025-11-03T05:25:24.245+0000][gc,heap       ] GC(551) Humongous regions: 168->156
[2025-11-03T05:25:24.245+0000][gc,metaspace  ] GC(551) Metaspace: 53991K(57264K)->53991K(57264K) NonClass: 48064K(49840K)->48064K(49840K) Class: 5927K(7424K)->5927K(7424K)
[2025-11-03T05:25:24.245+0000][gc            ] GC(551) Pause Young (Concurrent Start) (G1 Humongous Allocation) 276M->218M(811M) 12.131ms
[2025-11-03T05:25:24.246+0000][gc,cpu        ] GC(551) User=0.02s Sys=0.00s Real=0.01s
[2025-11-03T05:25:24.246+0000][gc            ] GC(552) Concurrent Cycle
[2025-11-03T05:25:24.247+0000][gc,marking    ] GC(552) Concurrent Clear Claimed Marks
[2025-11-03T05:25:24.247+0000][gc,marking    ] GC(552) Concurrent Clear Claimed Marks 0.477ms
[2025-11-03T05:25:24.247+0000][gc,marking    ] GC(552) Concurrent Scan Root Regions
[2025-11-03T05:25:24.249+0000][gc,marking    ] GC(552) Concurrent Scan Root Regions 1.286ms
[2025-11-03T05:25:24.249+0000][gc,marking    ] GC(552) Concurrent Mark (30689.639s)
[2025-11-03T05:25:24.249+0000][gc,marking    ] GC(552) Concurrent Mark From Roots
[2025-11-03T05:25:24.250+0000][gc,task       ] GC(552) Using 1 workers of 1 for marking
[2025-11-03T05:25:24.308+0000][gc,start      ] GC(553) Pause Young (Normal) (G1 Evacuation Pause)
[2025-11-03T05:25:24.308+0000][gc,task       ] GC(553) Using 2 workers of 2 for evacuation
[2025-11-03T05:25:24.313+0000][gc,phases     ] GC(553)   Pre Evacuate Collection Set: 0.0ms
[2025-11-03T05:25:24.313+0000][gc,phases     ] GC(553)   Evacuate Collection Set: 2.9ms
[2025-11-03T05:25:24.314+0000][gc,phases     ] GC(553)   Post Evacuate Collection Set: 1.1ms
[2025-11-03T05:25:24.314+0000][gc,phases     ] GC(553)   Other: 1.2ms
[2025-11-03T05:25:24.314+0000][gc,heap       ] GC(553) Eden regions: 49->0(54)
[2025-11-03T05:25:24.315+0000][gc,heap       ] GC(553) Survivor regions: 1->1(7)
[2025-11-03T05:25:24.315+0000][gc,heap       ] GC(553) Old regions: 62->62
[2025-11-03T05:25:24.315+0000][gc,heap       ] GC(553) Humongous regions: 162->162
[2025-11-03T05:25:24.316+0000][gc,metaspace  ] GC(553) Metaspace: 53991K(57264K)->53991K(57264K) NonClass: 48064K(49840K)->48064K(49840K) Class: 5927K(7424K)->5927K(7424K)
[2025-11-03T05:25:24.316+0000][gc            ] GC(553) Pause Young (Normal) (G1 Evacuation Pause) 273M->224M(811M) 8.304ms
[2025-11-03T05:25:24.316+0000][gc,cpu        ] GC(553) User=0.01s Sys=0.00s Real=0.00s
[2025-11-03T05:25:24.324+0000][gc,marking    ] GC(552) Concurrent Mark From Roots 74.136ms
[2025-11-03T05:25:24.324+0000][gc,marking    ] GC(552) Concurrent Preclean
[2025-11-03T05:25:24.324+0000][gc,marking    ] GC(552) Concurrent Preclean 0.490ms
[2025-11-03T05:25:24.325+0000][gc,marking    ] GC(552) Concurrent Mark (30689.639s, 30689.714s) 75.684ms
[2025-11-03T05:25:24.326+0000][gc,start      ] GC(552) Pause Remark
[2025-11-03T05:25:24.341+0000][gc,stringtable] GC(552) Cleaned string and symbol table, strings: 17225 processed, 0 removed, symbols: 123854 processed, 0 removed
[2025-11-03T05:25:24.342+0000][gc            ] GC(552) Pause Remark 234M->234M(811M) 16.160ms
[2025-11-03T05:25:24.342+0000][gc,cpu        ] GC(552) User=0.03s Sys=0.00s Real=0.02s
[2025-11-03T05:25:24.343+0000][gc,marking    ] GC(552) Concurrent Rebuild Remembered Sets
[2025-11-03T05:25:24.381+0000][gc,marking    ] GC(552) Concurrent Rebuild Remembered Sets 38.788ms
[2025-11-03T05:25:24.382+0000][gc,start      ] GC(552) Pause Cleanup
[2025-11-03T05:25:24.383+0000][gc            ] GC(552) Pause Cleanup 276M->276M(811M) 0.879ms
[2025-11-03T05:25:24.384+0000][gc,cpu        ] GC(552) User=0.00s Sys=0.00s Real=0.00s
[2025-11-03T05:25:24.384+0000][gc,marking    ] GC(552) Concurrent Cleanup for Next Mark
[2025-11-03T05:25:24.386+0000][gc,marking    ] GC(552) Concurrent Cleanup for Next Mark 2.217ms
[2025-11-03T05:25:24.387+0000][gc            ] GC(552) Concurrent Cycle 140.552ms
[2025-11-03T05:25:24.400+0000][gc,start      ] GC(554) Pause Young (Normal) (G1 Evacuation Pause)
[2025-11-03T05:25:24.400+0000][gc,task       ] GC(554) Using 2 workers of 2 for evacuation
[2025-11-03T05:25:24.404+0000][gc,phases     ] GC(554)   Pre Evacuate Collection Set: 0.0ms
[2025-11-03T05:25:24.405+0000][gc,phases     ] GC(554)   Evacuate Collection Set: 2.6ms
[2025-11-03T05:25:24.405+0000][gc,phases     ] GC(554)   Post Evacuate Collection Set: 1.1ms
[2025-11-03T05:25:24.405+0000][gc,phases     ] GC(554)   Other: 0.8ms
[2025-11-03T05:25:24.406+0000][gc,heap       ] GC(554) Eden regions: 54->0(47)
[2025-11-03T05:25:24.406+0000][gc,heap       ] GC(554) Survivor regions: 1->1(7)
[2025-11-03T05:25:24.406+0000][gc,heap       ] GC(554) Old regions: 62->63
[2025-11-03T05:25:24.407+0000][gc,heap       ] GC(554) Humongous regions: 174->162
[2025-11-03T05:25:24.407+0000][gc,metaspace  ] GC(554) Metaspace: 53991K(57264K)->53991K(57264K) NonClass: 48064K(49840K)->48064K(49840K) Class: 5927K(7424K)->5927K(7424K)
[2025-11-03T05:25:24.408+0000][gc            ] GC(554) Pause Young (Normal) (G1 Evacuation Pause) 290M->224M(811M) 7.752ms
[2025-11-03T05:25:24.408+0000][gc,cpu        ] GC(554) User=0.00s Sys=0.00s Real=0.01s
[2025-11-03T05:25:24.425+0000][gc,start      ] GC(555) Pause Young (Concurrent Start) (G1 Humongous Allocation)
[2025-11-03T05:25:24.425+0000][gc,task       ] GC(555) Using 2 workers of 2 for evacuation
[2025-11-03T05:25:24.431+0000][gc,phases     ] GC(555)   Pre Evacuate Collection Set: 0.3ms
[2025-11-03T05:25:24.431+0000][gc,phases     ] GC(555)   Evacuate Collection Set: 3.0ms
[2025-11-03T05:25:24.431+0000][gc,phases     ] GC(555)   Post Evacuate Collection Set: 1.2ms
[2025-11-03T05:25:24.432+0000][gc,phases     ] GC(555)   Other: 1.1ms
[2025-11-03T05:25:24.432+0000][gc,heap       ] GC(555) Eden regions: 14->0(43)
[2025-11-03T05:25:24.432+0000][gc,heap       ] GC(555) Survivor regions: 1->1(6)
[2025-11-03T05:25:24.433+0000][gc,heap       ] GC(555) Old regions: 63->63
[2025-11-03T05:25:24.433+0000][gc,heap       ] GC(555) Humongous regions: 162->156
[2025-11-03T05:25:24.433+0000][gc,metaspace  ] GC(555) Metaspace: 53991K(57264K)->53991K(57264K) NonClass: 48064K(49840K)->48064K(49840K) Class: 5927K(7424K)->5927K(7424K)
[2025-11-03T05:25:24.434+0000][gc            ] GC(555) Pause Young (Concurrent Start) (G1 Humongous Allocation) 238M->218M(811M) 8.489ms
[2025-11-03T05:25:24.434+0000][gc,cpu        ] GC(555) User=0.01s Sys=0.00s Real=0.01s
[2025-11-03T05:25:24.434+0000][gc            ] GC(556) Concurrent Cycle
[2025-11-03T05:25:24.435+0000][gc,marking    ] GC(556) Concurrent Clear Claimed Marks
[2025-11-03T05:25:24.435+0000][gc,marking    ] GC(556) Concurrent Clear Claimed Marks 0.453ms
[2025-11-03T05:25:24.436+0000][gc,marking    ] GC(556) Concurrent Scan Root Regions
[2025-11-03T05:25:24.437+0000][gc,marking    ] GC(556) Concurrent Scan Root Regions 1.439ms
[2025-11-03T05:25:24.437+0000][gc,marking    ] GC(556) Concurrent Mark (30689.827s)
[2025-11-03T05:25:24.438+0000][gc,marking    ] GC(556) Concurrent Mark From Roots
[2025-11-03T05:25:24.438+0000][gc,task       ] GC(556) Using 1 workers of 1 for marking
[2025-11-03T05:25:24.492+0000][gc,start      ] GC(557) Pause Young (Normal) (G1 Evacuation Pause)
[2025-11-03T05:25:24.492+0000][gc,task       ] GC(557) Using 2 workers of 2 for evacuation
[2025-11-03T05:25:24.497+0000][gc,phases     ] GC(557)   Pre Evacuate Collection Set: 0.0ms
[2025-11-03T05:25:24.497+0000][gc,phases     ] GC(557)   Evacuate Collection Set: 2.9ms
[2025-11-03T05:25:24.497+0000][gc,phases     ] GC(557)   Post Evacuate Collection Set: 1.1ms
[2025-11-03T05:25:24.498+0000][gc,phases     ] GC(557)   Other: 1.1ms
[2025-11-03T05:25:24.498+0000][gc,heap       ] GC(557) Eden regions: 43->0(48)
[2025-11-03T05:25:24.499+0000][gc,heap       ] GC(557) Survivor regions: 1->1(6)
[2025-11-03T05:25:24.499+0000][gc,heap       ] GC(557) Old regions: 63->63
[2025-11-03T05:25:24.499+0000][gc,heap       ] GC(557) Humongous regions: 174->162
[2025-11-03T05:25:24.500+0000][gc,metaspace  ] GC(557) Metaspace: 53991K(57264K)->53991K(57264K) NonClass: 48064K(49840K)->48064K(49840K) Class: 5927K(7424K)->5927K(7424K)
[2025-11-03T05:25:24.500+0000][gc            ] GC(557) Pause Young (Normal) (G1 Evacuation Pause) 279M->224M(811M) 8.015ms
[2025-11-03T05:25:24.500+0000][gc,cpu        ] GC(557) User=0.01s Sys=0.00s Real=0.01s
[2025-11-03T05:25:24.514+0000][gc,marking    ] GC(556) Concurrent Mark From Roots 76.212ms
[2025-11-03T05:25:24.514+0000][gc,marking    ] GC(556) Concurrent Preclean
[2025-11-03T05:25:24.515+0000][gc,marking    ] GC(556) Concurrent Preclean 0.788ms
[2025-11-03T05:25:24.515+0000][gc,marking    ] GC(556) Concurrent Mark (30689.827s, 30689.905s) 78.095ms
[2025-11-03T05:25:24.516+0000][gc,start      ] GC(556) Pause Remark
[2025-11-03T05:25:24.532+0000][gc,stringtable] GC(556) Cleaned string and symbol table, strings: 17225 processed, 0 removed, symbols: 123854 processed, 0 removed
[2025-11-03T05:25:24.533+0000][gc            ] GC(556) Pause Remark 244M->244M(811M) 16.716ms
[2025-11-03T05:25:24.533+0000][gc,cpu        ] GC(556) User=0.03s Sys=0.00s Real=0.02s
[2025-11-03T05:25:24.534+0000][gc,marking    ] GC(556) Concurrent Rebuild Remembered Sets
[2025-11-03T05:25:24.574+0000][gc,marking    ] GC(556) Concurrent Rebuild Remembered Sets 39.878ms
[2025-11-03T05:25:24.575+0000][gc,start      ] GC(556) Pause Cleanup
[2025-11-03T05:25:24.576+0000][gc            ] GC(556) Pause Cleanup 287M->287M(811M) 0.835ms
[2025-11-03T05:25:24.576+0000][gc,cpu        ] GC(556) User=0.00s Sys=0.00s Real=0.00s
[2025-11-03T05:25:24.576+0000][gc,marking    ] GC(556) Concurrent Cleanup for Next Mark
[2025-11-03T05:25:24.579+0000][gc,marking    ] GC(556) Concurrent Cleanup for Next Mark 2.146ms
[2025-11-03T05:25:24.579+0000][gc            ] GC(556) Concurrent Cycle 144.458ms
[2025-11-03T05:25:24.581+0000][gc,start      ] GC(558) Pause Young (Normal) (G1 Evacuation Pause)
[2025-11-03T05:25:24.581+0000][gc,task       ] GC(558) Using 2 workers of 2 for evacuation
[2025-11-03T05:25:24.585+0000][gc,phases     ] GC(558)   Pre Evacuate Collection Set: 0.0ms
[2025-11-03T05:25:24.586+0000][gc,phases     ] GC(558)   Evacuate Collection Set: 2.9ms
[2025-11-03T05:25:24.586+0000][gc,phases     ] GC(558)   Post Evacuate Collection Set: 1.1ms
[2025-11-03T05:25:24.586+0000][gc,phases     ] GC(558)   Other: 0.7ms
[2025-11-03T05:25:24.587+0000][gc,heap       ] GC(558) Eden regions: 48->0(39)
[2025-11-03T05:25:24.587+0000][gc,heap       ] GC(558) Survivor regions: 1->1(7)
[2025-11-03T05:25:24.587+0000][gc,heap       ] GC(558) Old regions: 63->63
[2025-11-03T05:25:24.587+0000][gc,heap       ] GC(558) Humongous regions: 180->162
[2025-11-03T05:25:24.588+0000][gc,metaspace  ] GC(558) Metaspace: 53991K(57264K)->53991K(57264K) NonClass: 48064K(49840K)->48064K(49840K) Class: 5927K(7424K)->5927K(7424K)
[2025-11-03T05:25:24.588+0000][gc            ] GC(558) Pause Young (Normal) (G1 Evacuation Pause) 290M->224M(811M) 7.395ms
[2025-11-03T05:25:24.588+0000][gc,cpu        ] GC(558) User=0.01s Sys=0.00s Real=0.01s
[2025-11-03T05:25:24.594+0000][gc,start      ] GC(559) Pause Young (Concurrent Start) (G1 Humongous Allocation)
[2025-11-03T05:25:24.594+0000][gc,task       ] GC(559) Using 2 workers of 2 for evacuation
[2025-11-03T05:25:24.599+0000][gc,phases     ] GC(559)   Pre Evacuate Collection Set: 0.2ms
[2025-11-03T05:25:24.599+0000][gc,phases     ] GC(559)   Evacuate Collection Set: 2.7ms
[2025-11-03T05:25:24.599+0000][gc,phases     ] GC(559)   Post Evacuate Collection Set: 0.8ms
[2025-11-03T05:25:24.599+0000][gc,phases     ] GC(559)   Other: 0.7ms
[2025-11-03T05:25:24.600+0000][gc,heap       ] GC(559) Eden regions: 5->0(39)
[2025-11-03T05:25:24.600+0000][gc,heap       ] GC(559) Survivor regions: 1->1(5)
[2025-11-03T05:25:24.600+0000][gc,heap       ] GC(559) Old regions: 63->63
[2025-11-03T05:25:24.600+0000][gc,heap       ] GC(559) Humongous regions: 162->156
[2025-11-03T05:25:24.601+0000][gc,metaspace  ] GC(559) Metaspace: 53991K(57264K)->53991K(57264K) NonClass: 48064K(49840K)->48064K(49840K) Class: 5927K(7424K)->5927K(7424K)
[2025-11-03T05:25:24.601+0000][gc            ] GC(559) Pause Young (Concurrent Start) (G1 Humongous Allocation) 229M->218M(811M) 6.575ms
[2025-11-03T05:25:24.601+0000][gc,cpu        ] GC(559) User=0.00s Sys=0.00s Real=0.01s
[2025-11-03T05:25:24.601+0000][gc            ] GC(560) Concurrent Cycle
[2025-11-03T05:25:24.602+0000][gc,marking    ] GC(560) Concurrent Clear Claimed Marks
[2025-11-03T05:25:24.602+0000][gc,marking    ] GC(560) Concurrent Clear Claimed Marks 0.308ms
[2025-11-03T05:25:24.602+0000][gc,marking    ] GC(560) Concurrent Scan Root Regions
[2025-11-03T05:25:24.604+0000][gc,marking    ] GC(560) Concurrent Scan Root Regions 1.356ms
[2025-11-03T05:25:24.604+0000][gc,marking    ] GC(560) Concurrent Mark (30689.993s)
[2025-11-03T05:25:24.604+0000][gc,marking    ] GC(560) Concurrent Mark From Roots
[2025-11-03T05:25:24.604+0000][gc,task       ] GC(560) Using 1 workers of 1 for marking
[2025-11-03T05:25:24.651+0000][gc,start      ] GC(561) Pause Young (Normal) (G1 Evacuation Pause)
[2025-11-03T05:25:24.652+0000][gc,task       ] GC(561) Using 2 workers of 2 for evacuation
[2025-11-03T05:25:24.656+0000][gc,phases     ] GC(561)   Pre Evacuate Collection Set: 0.0ms
[2025-11-03T05:25:24.656+0000][gc,phases     ] GC(561)   Evacuate Collection Set: 2.9ms
[2025-11-03T05:25:24.657+0000][gc,phases     ] GC(561)   Post Evacuate Collection Set: 1.0ms
[2025-11-03T05:25:24.657+0000][gc,phases     ] GC(561)   Other: 0.8ms
[2025-11-03T05:25:24.657+0000][gc,heap       ] GC(561) Eden regions: 39->0(42)
[2025-11-03T05:25:24.658+0000][gc,heap       ] GC(561) Survivor regions: 1->1(5)
[2025-11-03T05:25:24.658+0000][gc,heap       ] GC(561) Old regions: 63->63
[2025-11-03T05:25:24.659+0000][gc,heap       ] GC(561) Humongous regions: 162->162
[2025-11-03T05:25:24.659+0000][gc,metaspace  ] GC(561) Metaspace: 53991K(57264K)->53991K(57264K) NonClass: 48064K(49840K)->48064K(49840K) Class: 5927K(7424K)->5927K(7424K)
[2025-11-03T05:25:24.659+0000][gc            ] GC(561) Pause Young (Normal) (G1 Evacuation Pause) 263M->225M(811M) 7.759ms
[2025-11-03T05:25:24.659+0000][gc,cpu        ] GC(561) User=0.01s Sys=0.00s Real=0.01s
[2025-11-03T05:25:24.679+0000][gc,marking    ] GC(560) Concurrent Mark From Roots 75.402ms
[2025-11-03T05:25:24.680+0000][gc,marking    ] GC(560) Concurrent Preclean
[2025-11-03T05:25:24.680+0000][gc,marking    ] GC(560) Concurrent Preclean 0.484ms
[2025-11-03T05:25:24.681+0000][gc,marking    ] GC(560) Concurrent Mark (30689.993s, 30690.070s) 76.859ms
[2025-11-03T05:25:24.682+0000][gc,start      ] GC(560) Pause Remark
[2025-11-03T05:25:24.697+0000][gc,stringtable] GC(560) Cleaned string and symbol table, strings: 17225 processed, 0 removed, symbols: 123854 processed, 0 removed
[2025-11-03T05:25:24.698+0000][gc            ] GC(560) Pause Remark 251M->251M(811M) 16.651ms
[2025-11-03T05:25:24.699+0000][gc,cpu        ] GC(560) User=0.03s Sys=0.00s Real=0.02s
[2025-11-03T05:25:24.699+0000][gc,marking    ] GC(560) Concurrent Rebuild Remembered Sets
[2025-11-03T05:25:24.729+0000][gc,start      ] GC(562) Pause Young (Normal) (G1 Evacuation Pause)
[2025-11-03T05:25:24.730+0000][gc,task       ] GC(562) Using 2 workers of 2 for evacuation
[2025-11-03T05:25:24.734+0000][gc,phases     ] GC(562)   Pre Evacuate Collection Set: 0.0ms
[2025-11-03T05:25:24.735+0000][gc,phases     ] GC(562)   Evacuate Collection Set: 3.1ms
[2025-11-03T05:25:24.735+0000][gc,phases     ] GC(562)   Post Evacuate Collection Set: 1.0ms
[2025-11-03T05:25:24.735+0000][gc,phases     ] GC(562)   Other: 0.9ms
[2025-11-03T05:25:24.736+0000][gc,heap       ] GC(562) Eden regions: 42->0(47)
[2025-11-03T05:25:24.736+0000][gc,heap       ] GC(562) Survivor regions: 1->1(6)
[2025-11-03T05:25:24.736+0000][gc,heap       ] GC(562) Old regions: 63->63
[2025-11-03T05:25:24.736+0000][gc,heap       ] GC(562) Humongous regions: 174->162
[2025-11-03T05:25:24.737+0000][gc,metaspace  ] GC(562) Metaspace: 53991K(57264K)->53991K(57264K) NonClass: 48064K(49840K)->48064K(49840K) Class: 5927K(7424K)->5927K(7424K)
[2025-11-03T05:25:24.737+0000][gc            ] GC(562) Pause Young (Normal) (G1 Evacuation Pause) 279M->225M(811M) 7.794ms
[2025-11-03T05:25:24.737+0000][gc,cpu        ] GC(562) User=0.01s Sys=0.00s Real=0.00s
[2025-11-03T05:25:24.748+0000][gc,marking    ] GC(560) Concurrent Rebuild Remembered Sets 48.702ms
[2025-11-03T05:25:24.749+0000][gc,start      ] GC(560) Pause Cleanup
[2025-11-03T05:25:24.750+0000][gc            ] GC(560) Pause Cleanup 234M->234M(811M) 0.879ms
[2025-11-03T05:25:24.750+0000][gc,cpu        ] GC(560) User=0.00s Sys=0.00s Real=0.00s
[2025-11-03T05:25:24.750+0000][gc,marking    ] GC(560) Concurrent Cleanup for Next Mark
[2025-11-03T05:25:24.752+0000][gc,marking    ] GC(560) Concurrent Cleanup for Next Mark 1.858ms
[2025-11-03T05:25:24.753+0000][gc            ] GC(560) Concurrent Cycle 151.158ms
[2025-11-03T05:25:24.754+0000][gc,start      ] GC(563) Pause Young (Concurrent Start) (G1 Humongous Allocation)
[2025-11-03T05:25:24.754+0000][gc,task       ] GC(563) Using 2 workers of 2 for evacuation
[2025-11-03T05:25:24.759+0000][gc,phases     ] GC(563)   Pre Evacuate Collection Set: 0.2ms
[2025-11-03T05:25:24.760+0000][gc,phases     ] GC(563)   Evacuate Collection Set: 3.1ms
[2025-11-03T05:25:24.760+0000][gc,phases     ] GC(563)   Post Evacuate Collection Set: 1.1ms
[2025-11-03T05:25:24.760+0000][gc,phases     ] GC(563)   Other: 0.9ms
[2025-11-03T05:25:24.761+0000][gc,heap       ] GC(563) Eden regions: 12->0(39)
[2025-11-03T05:25:24.761+0000][gc,heap       ] GC(563) Survivor regions: 1->1(6)
[2025-11-03T05:25:24.761+0000][gc,heap       ] GC(563) Old regions: 63->63
[2025-11-03T05:25:24.762+0000][gc,heap       ] GC(563) Humongous regions: 162->156
[2025-11-03T05:25:24.762+0000][gc,metaspace  ] GC(563) Metaspace: 53991K(57264K)->53991K(57264K) NonClass: 48064K(49840K)->48064K(49840K) Class: 5927K(7424K)->5927K(7424K)
[2025-11-03T05:25:24.762+0000][gc            ] GC(563) Pause Young (Concurrent Start) (G1 Humongous Allocation) 236M->218M(811M) 8.313ms
[2025-11-03T05:25:24.763+0000][gc,cpu        ] GC(563) User=0.01s Sys=0.00s Real=0.01s
[2025-11-03T05:25:24.763+0000][gc            ] GC(564) Concurrent Cycle
[2025-11-03T05:25:24.763+0000][gc,marking    ] GC(564) Concurrent Clear Claimed Marks
[2025-11-03T05:25:24.764+0000][gc,marking    ] GC(564) Concurrent Clear Claimed Marks 0.411ms
[2025-11-03T05:25:24.764+0000][gc,marking    ] GC(564) Concurrent Scan Root Regions
[2025-11-03T05:25:24.766+0000][gc,marking    ] GC(564) Concurrent Scan Root Regions 1.518ms
[2025-11-03T05:25:24.766+0000][gc,marking    ] GC(564) Concurrent Mark (30690.156s)
[2025-11-03T05:25:24.766+0000][gc,marking    ] GC(564) Concurrent Mark From Roots
[2025-11-03T05:25:24.767+0000][gc,task       ] GC(564) Using 1 workers of 1 for marking
[2025-11-03T05:25:24.815+0000][gc,start      ] GC(565) Pause Young (Normal) (G1 Evacuation Pause)
[2025-11-03T05:25:24.816+0000][gc,task       ] GC(565) Using 2 workers of 2 for evacuation
[2025-11-03T05:25:24.820+0000][gc,phases     ] GC(565)   Pre Evacuate Collection Set: 0.0ms
[2025-11-03T05:25:24.821+0000][gc,phases     ] GC(565)   Evacuate Collection Set: 3.2ms
[2025-11-03T05:25:24.821+0000][gc,phases     ] GC(565)   Post Evacuate Collection Set: 0.8ms
[2025-11-03T05:25:24.821+0000][gc,phases     ] GC(565)   Other: 1.0ms
[2025-11-03T05:25:24.822+0000][gc,heap       ] GC(565) Eden regions: 39->0(42)
[2025-11-03T05:25:24.822+0000][gc,heap       ] GC(565) Survivor regions: 1->1(5)
[2025-11-03T05:25:24.822+0000][gc,heap       ] GC(565) Old regions: 63->63
[2025-11-03T05:25:24.823+0000][gc,heap       ] GC(565) Humongous regions: 168->162
[2025-11-03T05:25:24.823+0000][gc,metaspace  ] GC(565) Metaspace: 53991K(57264K)->53991K(57264K) NonClass: 48064K(49840K)->48064K(49840K) Class: 5927K(7424K)->5927K(7424K)
[2025-11-03T05:25:24.823+0000][gc            ] GC(565) Pause Young (Normal) (G1 Evacuation Pause) 269M->225M(811M) 8.035ms
[2025-11-03T05:25:24.824+0000][gc,cpu        ] GC(565) User=0.01s Sys=0.00s Real=0.01s
[2025-11-03T05:25:24.841+0000][gc,marking    ] GC(564) Concurrent Mark From Roots 74.852ms
[2025-11-03T05:25:24.842+0000][gc,marking    ] GC(564) Concurrent Preclean
[2025-11-03T05:25:24.842+0000][gc,marking    ] GC(564) Concurrent Preclean 0.617ms
[2025-11-03T05:25:24.843+0000][gc,marking    ] GC(564) Concurrent Mark (30690.156s, 30690.232s) 76.546ms
[2025-11-03T05:25:24.844+0000][gc,start      ] GC(564) Pause Remark
[2025-11-03T05:25:24.859+0000][gc,stringtable] GC(564) Cleaned string and symbol table, strings: 17225 processed, 0 removed, symbols: 123854 processed, 0 removed
[2025-11-03T05:25:24.860+0000][gc            ] GC(564) Pause Remark 241M->241M(811M) 16.641ms
[2025-11-03T05:25:24.861+0000][gc,cpu        ] GC(564) User=0.03s Sys=0.00s Real=0.02s
[2025-11-03T05:25:24.861+0000][gc,marking    ] GC(564) Concurrent Rebuild Remembered Sets
[2025-11-03T05:25:24.891+0000][gc,start      ] GC(566) Pause Young (Normal) (G1 Evacuation Pause)
[2025-11-03T05:25:24.892+0000][gc,task       ] GC(566) Using 2 workers of 2 for evacuation
[2025-11-03T05:25:24.896+0000][gc,phases     ] GC(566)   Pre Evacuate Collection Set: 0.0ms
[2025-11-03T05:25:24.897+0000][gc,phases     ] GC(566)   Evacuate Collection Set: 2.9ms
[2025-11-03T05:25:24.897+0000][gc,phases     ] GC(566)   Post Evacuate Collection Set: 1.2ms
[2025-11-03T05:25:24.897+0000][gc,phases     ] GC(566)   Other: 0.9ms
[2025-11-03T05:25:24.898+0000][gc,heap       ] GC(566) Eden regions: 42->0(46)
[2025-11-03T05:25:24.898+0000][gc,heap       ] GC(566) Survivor regions: 1->1(6)
[2025-11-03T05:25:24.898+0000][gc,heap       ] GC(566) Old regions: 63->63
[2025-11-03T05:25:24.899+0000][gc,heap       ] GC(566) Humongous regions: 168->162
[2025-11-03T05:25:24.899+0000][gc,metaspace  ] GC(566) Metaspace: 53991K(57264K)->53991K(57264K) NonClass: 48064K(49840K)->48064K(49840K) Class: 5927K(7424K)->5927K(7424K)
[2025-11-03T05:25:24.900+0000][gc            ] GC(566) Pause Young (Normal) (G1 Evacuation Pause) 273M->225M(811M) 8.398ms
[2025-11-03T05:25:24.900+0000][gc,cpu        ] GC(566) User=0.00s Sys=0.00s Real=0.01s
[2025-11-03T05:25:24.910+0000][gc,marking    ] GC(564) Concurrent Rebuild Remembered Sets 49.457ms
[2025-11-03T05:25:24.911+0000][gc,start      ] GC(564) Pause Cleanup
[2025-11-03T05:25:24.912+0000][gc            ] GC(564) Pause Cleanup 235M->235M(811M) 0.811ms
[2025-11-03T05:25:24.913+0000][gc,cpu        ] GC(564) User=0.00s Sys=0.00s Real=0.00s
[2025-11-03T05:25:24.913+0000][gc,marking    ] GC(564) Concurrent Cleanup for Next Mark
[2025-11-03T05:25:24.915+0000][gc,marking    ] GC(564) Concurrent Cleanup for Next Mark 1.834ms
[2025-11-03T05:25:24.915+0000][gc            ] GC(564) Concurrent Cycle 152.040ms
[2025-11-03T05:25:24.918+0000][gc,start      ] GC(567) Pause Young (Concurrent Start) (G1 Humongous Allocation)
[2025-11-03T05:25:24.918+0000][gc,task       ] GC(567) Using 2 workers of 2 for evacuation
[2025-11-03T05:25:24.923+0000][gc,phases     ] GC(567)   Pre Evacuate Collection Set: 0.4ms
[2025-11-03T05:25:24.923+0000][gc,phases     ] GC(567)   Evacuate Collection Set: 2.8ms
[2025-11-03T05:25:24.924+0000][gc,phases     ] GC(567)   Post Evacuate Collection Set: 1.0ms
[2025-11-03T05:25:24.924+0000][gc,phases     ] GC(567)   Other: 0.7ms
[2025-11-03T05:25:24.924+0000][gc,heap       ] GC(567) Eden regions: 15->0(39)
[2025-11-03T05:25:24.925+0000][gc,heap       ] GC(567) Survivor regions: 1->1(6)
[2025-11-03T05:25:24.925+0000][gc,heap       ] GC(567) Old regions: 63->63
[2025-11-03T05:25:24.925+0000][gc,heap       ] GC(567) Humongous regions: 162->156
[2025-11-03T05:25:24.925+0000][gc,metaspace  ] GC(567) Metaspace: 53991K(57264K)->53991K(57264K) NonClass: 48064K(49840K)->48064K(49840K) Class: 5927K(7424K)->5927K(7424K)
[2025-11-03T05:25:24.926+0000][gc            ] GC(567) Pause Young (Concurrent Start) (G1 Humongous Allocation) 239M->219M(811M) 7.768ms
[2025-11-03T05:25:24.926+0000][gc,cpu        ] GC(567) User=0.01s Sys=0.00s Real=0.00s
[2025-11-03T05:25:24.926+0000][gc            ] GC(568) Concurrent Cycle
[2025-11-03T05:25:24.927+0000][gc,marking    ] GC(568) Concurrent Clear Claimed Marks
[2025-11-03T05:25:24.927+0000][gc,marking    ] GC(568) Concurrent Clear Claimed Marks 0.352ms
[2025-11-03T05:25:24.928+0000][gc,marking    ] GC(568) Concurrent Scan Root Regions
[2025-11-03T05:25:24.929+0000][gc,marking    ] GC(568) Concurrent Scan Root Regions 1.592ms
[2025-11-03T05:25:24.929+0000][gc,marking    ] GC(568) Concurrent Mark (30690.319s)
[2025-11-03T05:25:24.930+0000][gc,marking    ] GC(568) Concurrent Mark From Roots
[2025-11-03T05:25:24.930+0000][gc,task       ] GC(568) Using 1 workers of 1 for marking
[2025-11-03T05:25:24.976+0000][gc,start      ] GC(569) Pause Young (Normal) (G1 Evacuation Pause)
[2025-11-03T05:25:24.976+0000][gc,task       ] GC(569) Using 2 workers of 2 for evacuation
[2025-11-03T05:25:24.981+0000][gc,phases     ] GC(569)   Pre Evacuate Collection Set: 0.0ms
[2025-11-03T05:25:24.981+0000][gc,phases     ] GC(569)   Evacuate Collection Set: 3.0ms
[2025-11-03T05:25:24.981+0000][gc,phases     ] GC(569)   Post Evacuate Collection Set: 1.2ms
[2025-11-03T05:25:24.982+0000][gc,phases     ] GC(569)   Other: 0.9ms
[2025-11-03T05:25:24.982+0000][gc,heap       ] GC(569) Eden regions: 39->0(42)
[2025-11-03T05:25:24.983+0000][gc,heap       ] GC(569) Survivor regions: 1->1(5)
[2025-11-03T05:25:24.983+0000][gc,heap       ] GC(569) Old regions: 63->63
[2025-11-03T05:25:24.983+0000][gc,heap       ] GC(569) Humongous regions: 168->162
[2025-11-03T05:25:24.984+0000][gc,metaspace  ] GC(569) Metaspace: 53991K(57264K)->53991K(57264K) NonClass: 48064K(49840K)->48064K(49840K) Class: 5927K(7424K)->5927K(7424K)
[2025-11-03T05:25:24.984+0000][gc            ] GC(569) Pause Young (Normal) (G1 Evacuation Pause) 270M->225M(811M) 8.338ms
[2025-11-03T05:25:24.984+0000][gc,cpu        ] GC(569) User=0.01s Sys=0.00s Real=0.01s
[2025-11-03T05:25:25.005+0000][gc,marking    ] GC(568) Concurrent Mark From Roots 75.389ms
[2025-11-03T05:25:25.005+0000][gc,marking    ] GC(568) Concurrent Preclean
[2025-11-03T05:25:25.006+0000][gc,marking    ] GC(568) Concurrent Preclean 0.529ms
[2025-11-03T05:25:25.006+0000][gc,marking    ] GC(568) Concurrent Mark (30690.319s, 30690.396s) 76.907ms
[2025-11-03T05:25:25.007+0000][gc,start      ] GC(568) Pause Remark
[2025-11-03T05:25:25.023+0000][gc,stringtable] GC(568) Cleaned string and symbol table, strings: 17225 processed, 0 removed, symbols: 123854 processed, 0 removed
[2025-11-03T05:25:25.024+0000][gc            ] GC(568) Pause Remark 247M->247M(811M) 16.367ms
[2025-11-03T05:25:25.024+0000][gc,cpu        ] GC(568) User=0.03s Sys=0.00s Real=0.02s
[2025-11-03T05:25:25.025+0000][gc,marking    ] GC(568) Concurrent Rebuild Remembered Sets
[2025-11-03T05:25:25.057+0000][gc,start      ] GC(570) Pause Young (Normal) (G1 Evacuation Pause)
[2025-11-03T05:25:25.058+0000][gc,task       ] GC(570) Using 2 workers of 2 for evacuation
[2025-11-03T05:25:25.062+0000][gc,phases     ] GC(570)   Pre Evacuate Collection Set: 0.0ms
[2025-11-03T05:25:25.063+0000][gc,phases     ] GC(570)   Evacuate Collection Set: 2.8ms
[2025-11-03T05:25:25.063+0000][gc,phases     ] GC(570)   Post Evacuate Collection Set: 1.1ms
[2025-11-03T05:25:25.063+0000][gc,phases     ] GC(570)   Other: 1.0ms
[2025-11-03T05:25:25.064+0000][gc,heap       ] GC(570) Eden regions: 42->0(46)
[2025-11-03T05:25:25.064+0000][gc,heap       ] GC(570) Survivor regions: 1->1(6)
[2025-11-03T05:25:25.064+0000][gc,heap       ] GC(570) Old regions: 63->63
[2025-11-03T05:25:25.064+0000][gc,heap       ] GC(570) Humongous regions: 174->162
[2025-11-03T05:25:25.065+0000][gc,metaspace  ] GC(570) Metaspace: 53991K(57264K)->53991K(57264K) NonClass: 48064K(49840K)->48064K(49840K) Class: 5927K(7424K)->5927K(7424K)
[2025-11-03T05:25:25.065+0000][gc            ] GC(570) Pause Young (Normal) (G1 Evacuation Pause) 279M->225M(811M) 7.766ms
[2025-11-03T05:25:25.065+0000][gc,cpu        ] GC(570) User=0.00s Sys=0.00s Real=0.01s
[2025-11-03T05:25:25.074+0000][gc,marking    ] GC(568) Concurrent Rebuild Remembered Sets 49.530ms
[2025-11-03T05:25:25.075+0000][gc,start      ] GC(568) Pause Cleanup
[2025-11-03T05:25:25.076+0000][gc            ] GC(568) Pause Cleanup 234M->234M(811M) 0.839ms
[2025-11-03T05:25:25.076+0000][gc,cpu        ] GC(568) User=0.00s Sys=0.00s Real=0.00s
[2025-11-03T05:25:25.077+0000][gc,marking    ] GC(568) Concurrent Cleanup for Next Mark
[2025-11-03T05:25:25.078+0000][gc,marking    ] GC(568) Concurrent Cleanup for Next Mark 1.753ms
[2025-11-03T05:25:25.079+0000][gc            ] GC(568) Concurrent Cycle 152.484ms
[2025-11-03T05:25:25.097+0000][gc,start      ] GC(571) Pause Young (Concurrent Start) (G1 Humongous Allocation)
[2025-11-03T05:25:25.098+0000][gc,task       ] GC(571) Using 2 workers of 2 for evacuation
[2025-11-03T05:25:25.102+0000][gc,phases     ] GC(571)   Pre Evacuate Collection Set: 0.2ms
[2025-11-03T05:25:25.102+0000][gc,phases     ] GC(571)   Evacuate Collection Set: 2.8ms
[2025-11-03T05:25:25.103+0000][gc,phases     ] GC(571)   Post Evacuate Collection Set: 1.1ms
[2025-11-03T05:25:25.103+0000][gc,phases     ] GC(571)   Other: 0.9ms
[2025-11-03T05:25:25.104+0000][gc,heap       ] GC(571) Eden regions: 27->0(44)
[2025-11-03T05:25:25.104+0000][gc,heap       ] GC(571) Survivor regions: 1->1(6)
[2025-11-03T05:25:25.104+0000][gc,heap       ] GC(571) Old regions: 63->63
[2025-11-03T05:25:25.105+0000][gc,heap       ] GC(571) Humongous regions: 162->156
[2025-11-03T05:25:25.105+0000][gc,metaspace  ] GC(571) Metaspace: 53991K(57264K)->53991K(57264K) NonClass: 48064K(49840K)->48064K(49840K) Class: 5927K(7424K)->5927K(7424K)
[2025-11-03T05:25:25.105+0000][gc            ] GC(571) Pause Young (Concurrent Start) (G1 Humongous Allocation) 252M->219M(811M) 7.958ms
[2025-11-03T05:25:25.105+0000][gc,cpu        ] GC(571) User=0.00s Sys=0.00s Real=0.01s
[2025-11-03T05:25:25.106+0000][gc            ] GC(572) Concurrent Cycle
[2025-11-03T05:25:25.106+0000][gc,marking    ] GC(572) Concurrent Clear Claimed Marks
[2025-11-03T05:25:25.107+0000][gc,marking    ] GC(572) Concurrent Clear Claimed Marks 0.748ms
[2025-11-03T05:25:25.107+0000][gc,marking    ] GC(572) Concurrent Scan Root Regions
[2025-11-03T05:25:25.109+0000][gc,marking    ] GC(572) Concurrent Scan Root Regions 1.712ms
[2025-11-03T05:25:25.109+0000][gc,marking    ] GC(572) Concurrent Mark (30690.499s)
[2025-11-03T05:25:25.110+0000][gc,marking    ] GC(572) Concurrent Mark From Roots
[2025-11-03T05:25:25.110+0000][gc,task       ] GC(572) Using 1 workers of 1 for marking
[2025-11-03T05:25:25.169+0000][gc,start      ] GC(573) Pause Young (Normal) (G1 Evacuation Pause)
[2025-11-03T05:25:25.169+0000][gc,task       ] GC(573) Using 2 workers of 2 for evacuation
[2025-11-03T05:25:25.174+0000][gc,phases     ] GC(573)   Pre Evacuate Collection Set: 0.0ms
[2025-11-03T05:25:25.174+0000][gc,phases     ] GC(573)   Evacuate Collection Set: 3.1ms
[2025-11-03T05:25:25.174+0000][gc,phases     ] GC(573)   Post Evacuate Collection Set: 1.1ms
[2025-11-03T05:25:25.175+0000][gc,phases     ] GC(573)   Other: 0.9ms
[2025-11-03T05:25:25.175+0000][gc,heap       ] GC(573) Eden regions: 44->0(47)
[2025-11-03T05:25:25.175+0000][gc,heap       ] GC(573) Survivor regions: 1->1(6)
[2025-11-03T05:25:25.176+0000][gc,heap       ] GC(573) Old regions: 63->63
[2025-11-03T05:25:25.176+0000][gc,heap       ] GC(573) Humongous regions: 174->162
[2025-11-03T05:25:25.176+0000][gc,metaspace  ] GC(573) Metaspace: 53991K(57264K)->53991K(57264K) NonClass: 48064K(49840K)->48064K(49840K) Class: 5927K(7424K)->5927K(7424K)
[2025-11-03T05:25:25.177+0000][gc            ] GC(573) Pause Young (Normal) (G1 Evacuation Pause) 281M->225M(811M) 8.022ms
[2025-11-03T05:25:25.177+0000][gc,cpu        ] GC(573) User=0.02s Sys=0.00s Real=0.00s
[2025-11-03T05:25:25.187+0000][gc,marking    ] GC(572) Concurrent Mark From Roots 76.932ms
[2025-11-03T05:25:25.187+0000][gc,marking    ] GC(572) Concurrent Preclean
[2025-11-03T05:25:25.188+0000][gc,marking    ] GC(572) Concurrent Preclean 0.576ms
[2025-11-03T05:25:25.188+0000][gc,marking    ] GC(572) Concurrent Mark (30690.499s, 30690.578s) 78.482ms
[2025-11-03T05:25:25.189+0000][gc,start      ] GC(572) Pause Remark
[2025-11-03T05:25:25.233+0000][gc,stringtable] GC(572) Cleaned string and symbol table, strings: 17229 processed, 0 removed, symbols: 123854 processed, 0 removed
[2025-11-03T05:25:25.234+0000][gc,mmu        ] GC(572) MMU target violated: 21.0ms (20.0ms/21.0ms)
[2025-11-03T05:25:25.234+0000][gc            ] GC(572) Pause Remark 234M->234M(811M) 45.077ms
[2025-11-03T05:25:25.234+0000][gc,cpu        ] GC(572) User=0.06s Sys=0.00s Real=0.04s
[2025-11-03T05:25:25.235+0000][gc,marking    ] GC(572) Concurrent Rebuild Remembered Sets
[2025-11-03T05:25:25.277+0000][gc,marking    ] GC(572) Concurrent Rebuild Remembered Sets 41.979ms
[2025-11-03T05:25:25.278+0000][gc,start      ] GC(574) Pause Young (Normal) (G1 Evacuation Pause)
[2025-11-03T05:25:25.278+0000][gc,task       ] GC(574) Using 2 workers of 2 for evacuation
[2025-11-03T05:25:25.283+0000][gc,phases     ] GC(574)   Pre Evacuate Collection Set: 0.0ms
[2025-11-03T05:25:25.283+0000][gc,phases     ] GC(574)   Evacuate Collection Set: 3.2ms
[2025-11-03T05:25:25.283+0000][gc,phases     ] GC(574)   Post Evacuate Collection Set: 1.0ms
[2025-11-03T05:25:25.284+0000][gc,phases     ] GC(574)   Other: 0.9ms
[2025-11-03T05:25:25.284+0000][gc,heap       ] GC(574) Eden regions: 47->0(51)
[2025-11-03T05:25:25.284+0000][gc,heap       ] GC(574) Survivor regions: 1->1(6)
[2025-11-03T05:25:25.285+0000][gc,heap       ] GC(574) Old regions: 63->63
[2025-11-03T05:25:25.285+0000][gc,heap       ] GC(574) Humongous regions: 162->162
[2025-11-03T05:25:25.285+0000][gc,metaspace  ] GC(574) Metaspace: 53991K(57264K)->53991K(57264K) NonClass: 48064K(49840K)->48064K(49840K) Class: 5927K(7424K)->5927K(7424K)
[2025-11-03T05:25:25.286+0000][gc            ] GC(574) Pause Young (Normal) (G1 Evacuation Pause) 272M->225M(811M) 8.100ms
[2025-11-03T05:25:25.286+0000][gc,cpu        ] GC(574) User=0.01s Sys=0.00s Real=0.01s
[2025-11-03T05:25:25.287+0000][gc,start      ] GC(572) Pause Cleanup
[2025-11-03T05:25:25.288+0000][gc            ] GC(572) Pause Cleanup 225M->225M(811M) 0.866ms
[2025-11-03T05:25:25.288+0000][gc,cpu        ] GC(572) User=0.00s Sys=0.00s Real=0.01s
[2025-11-03T05:25:25.289+0000][gc,marking    ] GC(572) Concurrent Cleanup for Next Mark
[2025-11-03T05:25:25.291+0000][gc,marking    ] GC(572) Concurrent Cleanup for Next Mark 1.668ms
[2025-11-03T05:25:25.291+0000][gc            ] GC(572) Concurrent Cycle 184.930ms
[2025-11-03T05:25:25.297+0000][gc,start      ] GC(575) Pause Young (Concurrent Start) (G1 Humongous Allocation)
[2025-11-03T05:25:25.297+0000][gc,task       ] GC(575) Using 2 workers of 2 for evacuation
[2025-11-03T05:25:25.302+0000][gc,phases     ] GC(575)   Pre Evacuate Collection Set: 0.3ms
[2025-11-03T05:25:25.302+0000][gc,phases     ] GC(575)   Evacuate Collection Set: 2.8ms
[2025-11-03T05:25:25.302+0000][gc,phases     ] GC(575)   Post Evacuate Collection Set: 1.0ms
[2025-11-03T05:25:25.303+0000][gc,phases     ] GC(575)   Other: 0.9ms
[2025-11-03T05:25:25.303+0000][gc,heap       ] GC(575) Eden regions: 7->0(39)
[2025-11-03T05:25:25.303+0000][gc,heap       ] GC(575) Survivor regions: 1->1(7)
[2025-11-03T05:25:25.304+0000][gc,heap       ] GC(575) Old regions: 63->63
[2025-11-03T05:25:25.304+0000][gc,heap       ] GC(575) Humongous regions: 162->156
[2025-11-03T05:25:25.304+0000][gc,metaspace  ] GC(575) Metaspace: 53991K(57264K)->53991K(57264K) NonClass: 48064K(49840K)->48064K(49840K) Class: 5927K(7424K)->5927K(7424K)
[2025-11-03T05:25:25.304+0000][gc            ] GC(575) Pause Young (Concurrent Start) (G1 Humongous Allocation) 231M->219M(811M) 7.565ms
[2025-11-03T05:25:25.305+0000][gc,cpu        ] GC(575) User=0.01s Sys=0.00s Real=0.01s
[2025-11-03T05:25:25.305+0000][gc            ] GC(576) Concurrent Cycle
[2025-11-03T05:25:25.305+0000][gc,marking    ] GC(576) Concurrent Clear Claimed Marks
[2025-11-03T05:25:25.306+0000][gc,marking    ] GC(576) Concurrent Clear Claimed Marks 0.395ms
[2025-11-03T05:25:25.306+0000][gc,marking    ] GC(576) Concurrent Scan Root Regions
[2025-11-03T05:25:25.308+0000][gc,marking    ] GC(576) Concurrent Scan Root Regions 1.527ms
[2025-11-03T05:25:25.308+0000][gc,marking    ] GC(576) Concurrent Mark (30690.697s)
[2025-11-03T05:25:25.308+0000][gc,marking    ] GC(576) Concurrent Mark From Roots
[2025-11-03T05:25:25.329+0000][gc,task       ] GC(576) Using 1 workers of 1 for marking
[2025-11-03T05:25:25.374+0000][gc,start      ] GC(577) Pause Young (Normal) (G1 Evacuation Pause)
[2025-11-03T05:25:25.375+0000][gc,task       ] GC(577) Using 2 workers of 2 for evacuation
[2025-11-03T05:25:25.379+0000][gc,phases     ] GC(577)   Pre Evacuate Collection Set: 0.0ms
[2025-11-03T05:25:25.379+0000][gc,phases     ] GC(577)   Evacuate Collection Set: 2.9ms
[2025-11-03T05:25:25.380+0000][gc,phases     ] GC(577)   Post Evacuate Collection Set: 1.0ms
[2025-11-03T05:25:25.380+0000][gc,phases     ] GC(577)   Other: 0.9ms
[2025-11-03T05:25:25.380+0000][gc,heap       ] GC(577) Eden regions: 39->0(43)
[2025-11-03T05:25:25.380+0000][gc,heap       ] GC(577) Survivor regions: 1->1(5)
[2025-11-03T05:25:25.381+0000][gc,heap       ] GC(577) Old regions: 63->63
[2025-11-03T05:25:25.381+0000][gc,heap       ] GC(577) Humongous regions: 168->162
[2025-11-03T05:25:25.381+0000][gc,metaspace  ] GC(577) Metaspace: 53991K(57264K)->53991K(57264K) NonClass: 48064K(49840K)->48064K(49840K) Class: 5927K(7424K)->5927K(7424K)
[2025-11-03T05:25:25.382+0000][gc            ] GC(577) Pause Young (Normal) (G1 Evacuation Pause) 270M->225M(811M) 7.373ms
[2025-11-03T05:25:25.382+0000][gc,cpu        ] GC(577) User=0.01s Sys=0.00s Real=0.01s
[2025-11-03T05:25:25.433+0000][gc,marking    ] GC(576) Concurrent Mark From Roots 124.760ms
[2025-11-03T05:25:25.433+0000][gc,marking    ] GC(576) Concurrent Preclean
[2025-11-03T05:25:25.434+0000][gc,marking    ] GC(576) Concurrent Preclean 0.591ms
[2025-11-03T05:25:25.434+0000][gc,marking    ] GC(576) Concurrent Mark (30690.697s, 30690.824s) 126.431ms
[2025-11-03T05:25:25.435+0000][gc,start      ] GC(576) Pause Remark
[2025-11-03T05:25:25.452+0000][gc,stringtable] GC(576) Cleaned string and symbol table, strings: 17233 processed, 0 removed, symbols: 123854 processed, 0 removed
[2025-11-03T05:25:25.453+0000][gc            ] GC(576) Pause Remark 254M->254M(811M) 17.500ms
[2025-11-03T05:25:25.453+0000][gc,cpu        ] GC(576) User=0.05s Sys=0.00s Real=0.02s
[2025-11-03T05:25:25.454+0000][gc,marking    ] GC(576) Concurrent Rebuild Remembered Sets
[2025-11-03T05:25:25.480+0000][gc,start      ] GC(578) Pause Young (Normal) (G1 Evacuation Pause)
[2025-11-03T05:25:25.480+0000][gc,task       ] GC(578) Using 2 workers of 2 for evacuation
[2025-11-03T05:25:25.485+0000][gc,phases     ] GC(578)   Pre Evacuate Collection Set: 0.0ms
[2025-11-03T05:25:25.485+0000][gc,phases     ] GC(578)   Evacuate Collection Set: 3.1ms
[2025-11-03T05:25:25.486+0000][gc,phases     ] GC(578)   Post Evacuate Collection Set: 1.1ms
[2025-11-03T05:25:25.486+0000][gc,phases     ] GC(578)   Other: 0.9ms
[2025-11-03T05:25:25.486+0000][gc,heap       ] GC(578) Eden regions: 43->0(47)
[2025-11-03T05:25:25.487+0000][gc,heap       ] GC(578) Survivor regions: 1->1(6)
[2025-11-03T05:25:25.487+0000][gc,heap       ] GC(578) Old regions: 63->63
[2025-11-03T05:25:25.487+0000][gc,heap       ] GC(578) Humongous regions: 174->162
[2025-11-03T05:25:25.487+0000][gc,metaspace  ] GC(578) Metaspace: 53991K(57264K)->53991K(57264K) NonClass: 48064K(49840K)->48064K(49840K) Class: 5927K(7424K)->5927K(7424K)
[2025-11-03T05:25:25.488+0000][gc            ] GC(578) Pause Young (Normal) (G1 Evacuation Pause) 280M->225M(811M) 7.862ms
[2025-11-03T05:25:25.488+0000][gc,cpu        ] GC(578) User=0.01s Sys=0.00s Real=0.01s
[2025-11-03T05:25:25.505+0000][gc,marking    ] GC(576) Concurrent Rebuild Remembered Sets 50.880ms
[2025-11-03T05:25:25.505+0000][gc,start      ] GC(576) Pause Cleanup
[2025-11-03T05:25:25.506+0000][gc            ] GC(576) Pause Cleanup 240M->240M(811M) 0.892ms
[2025-11-03T05:25:25.507+0000][gc,cpu        ] GC(576) User=0.00s Sys=0.00s Real=0.00s
[2025-11-03T05:25:25.507+0000][gc,marking    ] GC(576) Concurrent Cleanup for Next Mark
[2025-11-03T05:25:25.530+0000][gc,marking    ] GC(576) Concurrent Cleanup for Next Mark 22.353ms
[2025-11-03T05:25:25.530+0000][gc            ] GC(576) Concurrent Cycle 225.023ms
[2025-11-03T05:25:25.559+0000][gc,start      ] GC(579) Pause Young (Normal) (G1 Evacuation Pause)
[2025-11-03T05:25:25.560+0000][gc,task       ] GC(579) Using 2 workers of 2 for evacuation
[2025-11-03T05:25:25.564+0000][gc,phases     ] GC(579)   Pre Evacuate Collection Set: 0.0ms
[2025-11-03T05:25:25.564+0000][gc,phases     ] GC(579)   Evacuate Collection Set: 2.5ms
[2025-11-03T05:25:25.564+0000][gc,phases     ] GC(579)   Post Evacuate Collection Set: 1.1ms
[2025-11-03T05:25:25.565+0000][gc,phases     ] GC(579)   Other: 0.9ms
[2025-11-03T05:25:25.565+0000][gc,heap       ] GC(579) Eden regions: 47->0(39)
[2025-11-03T05:25:25.566+0000][gc,heap       ] GC(579) Survivor regions: 1->1(6)
[2025-11-03T05:25:25.566+0000][gc,heap       ] GC(579) Old regions: 63->63
[2025-11-03T05:25:25.566+0000][gc,heap       ] GC(579) Humongous regions: 162->162
[2025-11-03T05:25:25.567+0000][gc,metaspace  ] GC(579) Metaspace: 53991K(57264K)->53991K(57264K) NonClass: 48064K(49840K)->48064K(49840K) Class: 5927K(7424K)->5927K(7424K)
[2025-11-03T05:25:25.567+0000][gc            ] GC(579) Pause Young (Normal) (G1 Evacuation Pause) 272M->225M(811M) 7.796ms
[2025-11-03T05:25:25.567+0000][gc,cpu        ] GC(579) User=0.01s Sys=0.00s Real=0.00s
[2025-11-03T05:25:25.608+0000][gc,start      ] GC(580) Pause Young (Concurrent Start) (G1 Evacuation Pause)
[2025-11-03T05:25:25.609+0000][gc,task       ] GC(580) Using 2 workers of 2 for evacuation
[2025-11-03T05:25:25.613+0000][gc,phases     ] GC(580)   Pre Evacuate Collection Set: 0.2ms
[2025-11-03T05:25:25.613+0000][gc,phases     ] GC(580)   Evacuate Collection Set: 2.8ms
[2025-11-03T05:25:25.614+0000][gc,phases     ] GC(580)   Post Evacuate Collection Set: 1.0ms
[2025-11-03T05:25:25.614+0000][gc,phases     ] GC(580)   Other: 0.9ms
[2025-11-03T05:25:25.614+0000][gc,heap       ] GC(580) Eden regions: 39->0(52)
[2025-11-03T05:25:25.615+0000][gc,heap       ] GC(580) Survivor regions: 1->1(5)
[2025-11-03T05:25:25.615+0000][gc,heap       ] GC(580) Old regions: 63->63
[2025-11-03T05:25:25.616+0000][gc,heap       ] GC(580) Humongous regions: 162->162
[2025-11-03T05:25:25.616+0000][gc,metaspace  ] GC(580) Metaspace: 53991K(57264K)->53991K(57264K) NonClass: 48064K(49840K)->48064K(49840K) Class: 5927K(7424K)->5927K(7424K)
[2025-11-03T05:25:25.616+0000][gc            ] GC(580) Pause Young (Concurrent Start) (G1 Evacuation Pause) 264M->225M(811M) 8.090ms
[2025-11-03T05:25:25.617+0000][gc,cpu        ] GC(580) User=0.01s Sys=0.00s Real=0.00s
[2025-11-03T05:25:25.617+0000][gc            ] GC(581) Concurrent Cycle
[2025-11-03T05:25:25.617+0000][gc,marking    ] GC(581) Concurrent Clear Claimed Marks
[2025-11-03T05:25:25.618+0000][gc,marking    ] GC(581) Concurrent Clear Claimed Marks 0.647ms
[2025-11-03T05:25:25.618+0000][gc,marking    ] GC(581) Concurrent Scan Root Regions
[2025-11-03T05:25:25.620+0000][gc,marking    ] GC(581) Concurrent Scan Root Regions 1.380ms
[2025-11-03T05:25:25.620+0000][gc,marking    ] GC(581) Concurrent Mark (30691.009s)
[2025-11-03T05:25:25.620+0000][gc,marking    ] GC(581) Concurrent Mark From Roots
[2025-11-03T05:25:25.621+0000][gc,task       ] GC(581) Using 1 workers of 1 for marking
[2025-11-03T05:25:25.683+0000][gc,start      ] GC(582) Pause Young (Normal) (G1 Evacuation Pause)
[2025-11-03T05:25:25.684+0000][gc,task       ] GC(582) Using 2 workers of 2 for evacuation
[2025-11-03T05:25:25.689+0000][gc,phases     ] GC(582)   Pre Evacuate Collection Set: 0.0ms
[2025-11-03T05:25:25.689+0000][gc,phases     ] GC(582)   Evacuate Collection Set: 3.3ms
[2025-11-03T05:25:25.690+0000][gc,phases     ] GC(582)   Post Evacuate Collection Set: 1.3ms
[2025-11-03T05:25:25.690+0000][gc,phases     ] GC(582)   Other: 1.0ms
[2025-11-03T05:25:25.690+0000][gc,heap       ] GC(582) Eden regions: 52->0(56)
[2025-11-03T05:25:25.691+0000][gc,heap       ] GC(582) Survivor regions: 1->1(7)
[2025-11-03T05:25:25.691+0000][gc,heap       ] GC(582) Old regions: 63->64
[2025-11-03T05:25:25.691+0000][gc,heap       ] GC(582) Humongous regions: 180->162
[2025-11-03T05:25:25.692+0000][gc,metaspace  ] GC(582) Metaspace: 53991K(57264K)->53991K(57264K) NonClass: 48064K(49840K)->48064K(49840K) Class: 5927K(7424K)->5927K(7424K)
[2025-11-03T05:25:25.692+0000][gc            ] GC(582) Pause Young (Normal) (G1 Evacuation Pause) 295M->225M(811M) 8.771ms
[2025-11-03T05:25:25.692+0000][gc,cpu        ] GC(582) User=0.01s Sys=0.00s Real=0.01s
[2025-11-03T05:25:25.698+0000][gc,marking    ] GC(581) Concurrent Mark From Roots 77.493ms
[2025-11-03T05:25:25.698+0000][gc,marking    ] GC(581) Concurrent Preclean
[2025-11-03T05:25:25.698+0000][gc,marking    ] GC(581) Concurrent Preclean 0.491ms
[2025-11-03T05:25:25.699+0000][gc,marking    ] GC(581) Concurrent Mark (30691.009s, 30691.088s) 78.867ms
[2025-11-03T05:25:25.700+0000][gc,start      ] GC(581) Pause Remark
[2025-11-03T05:25:25.715+0000][gc,stringtable] GC(581) Cleaned string and symbol table, strings: 17233 processed, 0 removed, symbols: 123854 processed, 0 removed
[2025-11-03T05:25:25.716+0000][gc            ] GC(581) Pause Remark 231M->231M(811M) 16.798ms
[2025-11-03T05:25:25.717+0000][gc,cpu        ] GC(581) User=0.03s Sys=0.00s Real=0.01s
[2025-11-03T05:25:25.717+0000][gc,marking    ] GC(581) Concurrent Rebuild Remembered Sets
[2025-11-03T05:25:25.759+0000][gc,marking    ] GC(581) Concurrent Rebuild Remembered Sets 41.381ms
[2025-11-03T05:25:25.760+0000][gc,start      ] GC(581) Pause Cleanup
[2025-11-03T05:25:25.761+0000][gc            ] GC(581) Pause Cleanup 272M->272M(811M) 0.920ms
[2025-11-03T05:25:25.761+0000][gc,cpu        ] GC(581) User=0.00s Sys=0.00s Real=0.00s
[2025-11-03T05:25:25.761+0000][gc,marking    ] GC(581) Concurrent Cleanup for Next Mark
[2025-11-03T05:25:25.763+0000][gc,marking    ] GC(581) Concurrent Cleanup for Next Mark 1.947ms
[2025-11-03T05:25:25.764+0000][gc            ] GC(581) Concurrent Cycle 146.645ms
[2025-11-03T05:25:43.435+0000][gc,start      ] GC(583) Pause Young (Normal) (G1 Evacuation Pause)
[2025-11-03T05:25:43.439+0000][gc,task       ] GC(583) Using 2 workers of 2 for evacuation
[2025-11-03T05:25:43.477+0000][gc,mmu        ] GC(583) MMU target violated: 21.0ms (20.0ms/21.0ms)
[2025-11-03T05:25:43.478+0000][gc,phases     ] GC(583)   Pre Evacuate Collection Set: 0.1ms
[2025-11-03T05:25:43.479+0000][gc,phases     ] GC(583)   Evacuate Collection Set: 32.5ms
[2025-11-03T05:25:43.480+0000][gc,phases     ] GC(583)   Post Evacuate Collection Set: 2.6ms
[2025-11-03T05:25:43.481+0000][gc,phases     ] GC(583)   Other: 7.4ms
[2025-11-03T05:25:43.482+0000][gc,heap       ] GC(583) Eden regions: 46->0(44)
[2025-11-03T05:25:43.483+0000][gc,heap       ] GC(583) Survivor regions: 1->2(6)
[2025-11-03T05:25:43.483+0000][gc,heap       ] GC(583) Old regions: 64->64
[2025-11-03T05:25:43.484+0000][gc,heap       ] GC(583) Humongous regions: 168->156
[2025-11-03T05:25:43.485+0000][gc,metaspace  ] GC(583) Metaspace: 53992K(57264K)->53992K(57264K) NonClass: 48065K(49840K)->48065K(49840K) Class: 5927K(7424K)->5927K(7424K)
[2025-11-03T05:25:43.486+0000][gc            ] GC(583) Pause Young (Normal) (G1 Evacuation Pause) 277M->220M(811M) 50.673ms
[2025-11-03T05:25:43.487+0000][gc,cpu        ] GC(583) User=0.08s Sys=0.00s Real=0.05s
[2025-11-03T06:24:40.338+0000][gc,start      ] GC(584) Pause Young (Concurrent Start) (G1 Evacuation Pause)
[2025-11-03T06:24:40.354+0000][gc,task       ] GC(584) Using 2 workers of 2 for evacuation
[2025-11-03T06:24:40.655+0000][gc,mmu        ] GC(584) MMU target violated: 21.0ms (20.0ms/21.0ms)
[2025-11-03T06:24:40.656+0000][gc,phases     ] GC(584)   Pre Evacuate Collection Set: 56.8ms
[2025-11-03T06:24:40.657+0000][gc,phases     ] GC(584)   Evacuate Collection Set: 188.5ms
[2025-11-03T06:24:40.658+0000][gc,phases     ] GC(584)   Post Evacuate Collection Set: 6.7ms
[2025-11-03T06:24:40.659+0000][gc,phases     ] GC(584)   Other: 81.6ms
[2025-11-03T06:24:40.660+0000][gc,heap       ] GC(584) Eden regions: 39->0(37)
[2025-11-03T06:24:40.661+0000][gc,heap       ] GC(584) Survivor regions: 2->3(6)
[2025-11-03T06:24:40.662+0000][gc,heap       ] GC(584) Old regions: 64->64
[2025-11-03T06:24:40.663+0000][gc,heap       ] GC(584) Humongous regions: 156->156
[2025-11-03T06:24:40.665+0000][gc,metaspace  ] GC(584) Metaspace: 54027K(57264K)->54027K(57264K) NonClass: 48095K(49840K)->48095K(49840K) Class: 5932K(7424K)->5932K(7424K)
[2025-11-03T06:24:40.666+0000][gc            ] GC(584) Pause Young (Concurrent Start) (G1 Evacuation Pause) 259M->221M(811M) 327.900ms
[2025-11-03T06:24:40.667+0000][gc,cpu        ] GC(584) User=0.50s Sys=0.00s Real=0.33s
[2025-11-03T06:24:40.670+0000][gc            ] GC(585) Concurrent Cycle
[2025-11-03T06:24:40.672+0000][gc,marking    ] GC(585) Concurrent Clear Claimed Marks
[2025-11-03T06:24:40.673+0000][gc,marking    ] GC(585) Concurrent Clear Claimed Marks 2.135ms
[2025-11-03T06:24:40.675+0000][gc,marking    ] GC(585) Concurrent Scan Root Regions
[2025-11-03T06:24:40.721+0000][gc,marking    ] GC(585) Concurrent Scan Root Regions 46.204ms
[2025-11-03T06:24:40.723+0000][gc,marking    ] GC(585) Concurrent Mark (30930.407s)
[2025-11-03T06:24:40.725+0000][gc,marking    ] GC(585) Concurrent Mark From Roots
[2025-11-03T06:24:40.739+0000][gc,task       ] GC(585) Using 1 workers of 1 for marking
[2025-11-03T06:24:41.462+0000][gc,marking    ] GC(585) Concurrent Mark From Roots 736.851ms
[2025-11-03T06:24:41.463+0000][gc,marking    ] GC(585) Concurrent Preclean
[2025-11-03T06:24:41.466+0000][gc,marking    ] GC(585) Concurrent Preclean 2.702ms
[2025-11-03T06:24:41.467+0000][gc,marking    ] GC(585) Concurrent Mark (30930.407s, 30931.152s) 744.559ms
[2025-11-03T06:24:41.471+0000][gc,start      ] GC(585) Pause Remark
[2025-11-03T06:24:42.011+0000][gc,stringtable] GC(585) Cleaned string and symbol table, strings: 17234 processed, 2 removed, symbols: 123860 processed, 0 removed
[2025-11-03T06:24:42.014+0000][gc,mmu        ] GC(585) MMU target violated: 21.0ms (20.0ms/21.0ms)
[2025-11-03T06:24:42.015+0000][gc            ] GC(585) Pause Remark 249M->249M(811M) 544.675ms
[2025-11-03T06:24:42.019+0000][gc,cpu        ] GC(585) User=1.07s Sys=0.00s Real=0.55s
[2025-11-03T06:24:42.021+0000][gc,marking    ] GC(585) Concurrent Rebuild Remembered Sets
[2025-11-03T06:24:42.160+0000][gc,start      ] GC(586) Pause Young (Normal) (G1 Evacuation Pause)
[2025-11-03T06:24:42.160+0000][gc,task       ] GC(586) Using 2 workers of 2 for evacuation
[2025-11-03T06:24:42.205+0000][gc,mmu        ] GC(586) MMU target violated: 21.0ms (20.0ms/21.0ms)
[2025-11-03T06:24:42.206+0000][gc,phases     ] GC(586)   Pre Evacuate Collection Set: 0.1ms
[2025-11-03T06:24:42.207+0000][gc,phases     ] GC(586)   Evacuate Collection Set: 41.5ms
[2025-11-03T06:24:42.208+0000][gc,phases     ] GC(586)   Post Evacuate Collection Set: 2.3ms
[2025-11-03T06:24:42.209+0000][gc,phases     ] GC(586)   Other: 3.0ms
[2025-11-03T06:24:42.209+0000][gc,heap       ] GC(586) Eden regions: 37->0(37)
[2025-11-03T06:24:42.210+0000][gc,heap       ] GC(586) Survivor regions: 3->3(5)
[2025-11-03T06:24:42.211+0000][gc,heap       ] GC(586) Old regions: 64->64
[2025-11-03T06:24:42.212+0000][gc,heap       ] GC(586) Humongous regions: 168->162
[2025-11-03T06:24:42.213+0000][gc,metaspace  ] GC(586) Metaspace: 54027K(57264K)->54027K(57264K) NonClass: 48095K(49840K)->48095K(49840K) Class: 5932K(7424K)->5932K(7424K)
[2025-11-03T06:24:42.214+0000][gc            ] GC(586) Pause Young (Normal) (G1 Evacuation Pause) 270M->227M(811M) 54.376ms
[2025-11-03T06:24:42.215+0000][gc,cpu        ] GC(586) User=0.09s Sys=0.00s Real=0.06s
[2025-11-03T06:24:42.284+0000][gc,marking    ] GC(585) Concurrent Rebuild Remembered Sets 263.236ms
[2025-11-03T06:24:42.286+0000][gc,start      ] GC(585) Pause Cleanup
[2025-11-03T06:24:42.290+0000][gc            ] GC(585) Pause Cleanup 238M->238M(811M) 3.632ms
[2025-11-03T06:24:42.291+0000][gc,cpu        ] GC(585) User=0.00s Sys=0.00s Real=0.00s
[2025-11-03T06:24:42.292+0000][gc,marking    ] GC(585) Concurrent Cleanup for Next Mark
[2025-11-03T06:24:42.403+0000][gc,marking    ] GC(585) Concurrent Cleanup for Next Mark 111.573ms
[2025-11-03T06:24:42.405+0000][gc            ] GC(585) Concurrent Cycle 1735.237ms
[2025-11-03T06:24:42.621+0000][gc,start      ] GC(587) Pause Young (Prepare Mixed) (G1 Evacuation Pause)
[2025-11-03T06:24:42.622+0000][gc,task       ] GC(587) Using 2 workers of 2 for evacuation
[2025-11-03T06:24:42.656+0000][gc,mmu        ] GC(587) MMU target violated: 21.0ms (20.0ms/21.0ms)
[2025-11-03T06:24:42.657+0000][gc,phases     ] GC(587)   Pre Evacuate Collection Set: 0.1ms
[2025-11-03T06:24:42.658+0000][gc,phases     ] GC(587)   Evacuate Collection Set: 29.7ms
[2025-11-03T06:24:42.659+0000][gc,phases     ] GC(587)   Post Evacuate Collection Set: 2.7ms
[2025-11-03T06:24:42.660+0000][gc,phases     ] GC(587)   Other: 4.0ms
[2025-11-03T06:24:42.661+0000][gc,heap       ] GC(587) Eden regions: 37->0(37)
[2025-11-03T06:24:42.662+0000][gc,heap       ] GC(587) Survivor regions: 3->3(5)
[2025-11-03T06:24:42.663+0000][gc,heap       ] GC(587) Old regions: 64->64
[2025-11-03T06:24:42.664+0000][gc,heap       ] GC(587) Humongous regions: 174->162
[2025-11-03T06:24:42.664+0000][gc,metaspace  ] GC(587) Metaspace: 54027K(57264K)->54027K(57264K) NonClass: 48095K(49840K)->48095K(49840K) Class: 5932K(7424K)->5932K(7424K)
[2025-11-03T06:24:42.665+0000][gc            ] GC(587) Pause Young (Prepare Mixed) (G1 Evacuation Pause) 276M->227M(811M) 43.974ms
[2025-11-03T06:24:42.666+0000][gc,cpu        ] GC(587) User=0.07s Sys=0.00s Real=0.05s
[2025-11-03T06:24:42.851+0000][gc,start      ] GC(588) Pause Young (Mixed) (G1 Evacuation Pause)
[2025-11-03T06:24:42.852+0000][gc,task       ] GC(588) Using 2 workers of 2 for evacuation
[2025-11-03T06:24:42.892+0000][gc,mmu        ] GC(588) MMU target violated: 21.0ms (20.0ms/21.0ms)
[2025-11-03T06:24:42.894+0000][gc,phases     ] GC(588)   Pre Evacuate Collection Set: 0.1ms
[2025-11-03T06:24:42.895+0000][gc,phases     ] GC(588)   Evacuate Collection Set: 35.6ms
[2025-11-03T06:24:42.897+0000][gc,phases     ] GC(588)   Post Evacuate Collection Set: 3.4ms
[2025-11-03T06:24:42.898+0000][gc,phases     ] GC(588)   Other: 3.2ms
[2025-11-03T06:24:42.899+0000][gc,heap       ] GC(588) Eden regions: 37->0(37)
[2025-11-03T06:24:42.900+0000][gc,heap       ] GC(588) Survivor regions: 3->3(5)
[2025-11-03T06:24:42.901+0000][gc,heap       ] GC(588) Old regions: 64->63
[2025-11-03T06:24:42.902+0000][gc,heap       ] GC(588) Humongous regions: 162->162
[2025-11-03T06:24:42.902+0000][gc,metaspace  ] GC(588) Metaspace: 54027K(57264K)->54027K(57264K) NonClass: 48095K(49840K)->48095K(49840K) Class: 5932K(7424K)->5932K(7424K)
[2025-11-03T06:24:42.903+0000][gc            ] GC(588) Pause Young (Mixed) (G1 Evacuation Pause) 264M->226M(811M) 51.816ms
[2025-11-03T06:24:42.904+0000][gc,cpu        ] GC(588) User=0.08s Sys=0.00s Real=0.06s
[2025-11-03T06:24:42.992+0000][gc,start      ] GC(589) Pause Young (Concurrent Start) (G1 Humongous Allocation)
[2025-11-03T06:24:42.996+0000][gc,task       ] GC(589) Using 2 workers of 2 for evacuation
[2025-11-03T06:24:43.035+0000][gc,mmu        ] GC(589) MMU target violated: 21.0ms (20.0ms/21.0ms)
[2025-11-03T06:24:43.036+0000][gc,phases     ] GC(589)   Pre Evacuate Collection Set: 0.5ms
[2025-11-03T06:24:43.037+0000][gc,phases     ] GC(589)   Evacuate Collection Set: 33.1ms
[2025-11-03T06:24:43.038+0000][gc,phases     ] GC(589)   Post Evacuate Collection Set: 3.4ms
[2025-11-03T06:24:43.038+0000][gc,phases     ] GC(589)   Other: 6.9ms
[2025-11-03T06:24:43.039+0000][gc,heap       ] GC(589) Eden regions: 21->0(37)
[2025-11-03T06:24:43.040+0000][gc,heap       ] GC(589) Survivor regions: 3->3(5)
[2025-11-03T06:24:43.041+0000][gc,heap       ] GC(589) Old regions: 63->63
[2025-11-03T06:24:43.042+0000][gc,heap       ] GC(589) Humongous regions: 162->156
[2025-11-03T06:24:43.043+0000][gc,metaspace  ] GC(589) Metaspace: 54027K(57264K)->54027K(57264K) NonClass: 48095K(49840K)->48095K(49840K) Class: 5932K(7424K)->5932K(7424K)
[2025-11-03T06:24:43.044+0000][gc            ] GC(589) Pause Young (Concurrent Start) (G1 Humongous Allocation) 247M->220M(811M) 51.613ms
[2025-11-03T06:24:43.045+0000][gc,cpu        ] GC(589) User=0.07s Sys=0.00s Real=0.06s
[2025-11-03T06:24:43.046+0000][gc            ] GC(590) Concurrent Cycle
[2025-11-03T06:24:43.048+0000][gc,marking    ] GC(590) Concurrent Clear Claimed Marks
[2025-11-03T06:24:43.050+0000][gc,marking    ] GC(590) Concurrent Clear Claimed Marks 2.443ms
[2025-11-03T06:24:43.052+0000][gc,marking    ] GC(590) Concurrent Scan Root Regions
[2025-11-03T06:24:43.077+0000][gc,marking    ] GC(590) Concurrent Scan Root Regions 24.798ms
[2025-11-03T06:24:43.078+0000][gc,marking    ] GC(590) Concurrent Mark (30932.762s)
[2025-11-03T06:24:43.079+0000][gc,marking    ] GC(590) Concurrent Mark From Roots
[2025-11-03T06:24:43.080+0000][gc,task       ] GC(590) Using 1 workers of 1 for marking
[2025-11-03T06:24:43.391+0000][gc,marking    ] GC(590) Concurrent Mark From Roots 311.923ms
[2025-11-03T06:24:43.392+0000][gc,marking    ] GC(590) Concurrent Preclean
[2025-11-03T06:24:43.393+0000][gc,marking    ] GC(590) Concurrent Preclean 1.161ms
[2025-11-03T06:24:43.394+0000][gc,marking    ] GC(590) Concurrent Mark (30932.762s, 30933.078s) 315.963ms
[2025-11-03T06:24:43.458+0000][gc,start      ] GC(590) Pause Remark
[2025-11-03T06:24:43.506+0000][gc,stringtable] GC(590) Cleaned string and symbol table, strings: 17234 processed, 0 removed, symbols: 123860 processed, 0 removed
[2025-11-03T06:24:43.508+0000][gc,mmu        ] GC(590) MMU target violated: 21.0ms (20.0ms/21.0ms)
[2025-11-03T06:24:43.509+0000][gc            ] GC(590) Pause Remark 277M->277M(811M) 51.237ms
[2025-11-03T06:24:43.510+0000][gc,cpu        ] GC(590) User=0.09s Sys=0.00s Real=0.05s
[2025-11-03T06:24:43.511+0000][gc,marking    ] GC(590) Concurrent Rebuild Remembered Sets
[2025-11-03T06:24:43.644+0000][gc,start      ] GC(591) Pause Young (Normal) (G1 Evacuation Pause)
[2025-11-03T06:24:43.645+0000][gc,task       ] GC(591) Using 2 workers of 2 for evacuation
[2025-11-03T06:24:43.694+0000][gc,mmu        ] GC(591) MMU target violated: 21.0ms (20.0ms/21.0ms)
[2025-11-03T06:24:43.695+0000][gc,phases     ] GC(591)   Pre Evacuate Collection Set: 0.1ms
[2025-11-03T06:24:43.697+0000][gc,phases     ] GC(591)   Evacuate Collection Set: 44.9ms
[2025-11-03T06:24:43.697+0000][gc,phases     ] GC(591)   Post Evacuate Collection Set: 2.8ms
[2025-11-03T06:24:43.698+0000][gc,phases     ] GC(591)   Other: 3.1ms
[2025-11-03T06:24:43.699+0000][gc,heap       ] GC(591) Eden regions: 37->0(37)
[2025-11-03T06:24:43.700+0000][gc,heap       ] GC(591) Survivor regions: 3->3(5)
[2025-11-03T06:24:43.701+0000][gc,heap       ] GC(591) Old regions: 63->63
[2025-11-03T06:24:43.701+0000][gc,heap       ] GC(591) Humongous regions: 180->162
[2025-11-03T06:24:43.702+0000][gc,metaspace  ] GC(591) Metaspace: 54027K(57264K)->54027K(57264K) NonClass: 48095K(49840K)->48095K(49840K) Class: 5932K(7424K)->5932K(7424K)
[2025-11-03T06:24:43.703+0000][gc            ] GC(591) Pause Young (Normal) (G1 Evacuation Pause) 281M->226M(811M) 59.006ms
[2025-11-03T06:24:43.704+0000][gc,cpu        ] GC(591) User=0.10s Sys=0.00s Real=0.06s
[2025-11-03T06:24:43.712+0000][gc,marking    ] GC(590) Concurrent Rebuild Remembered Sets 201.249ms
[2025-11-03T06:24:43.715+0000][gc,start      ] GC(590) Pause Cleanup
[2025-11-03T06:24:43.717+0000][gc            ] GC(590) Pause Cleanup 229M->229M(811M) 2.333ms
[2025-11-03T06:24:43.718+0000][gc,cpu        ] GC(590) User=0.00s Sys=0.00s Real=0.00s
[2025-11-03T06:24:43.720+0000][gc,marking    ] GC(590) Concurrent Cleanup for Next Mark
[2025-11-03T06:24:43.803+0000][gc,marking    ] GC(590) Concurrent Cleanup for Next Mark 83.278ms
[2025-11-03T06:24:43.804+0000][gc            ] GC(590) Concurrent Cycle 758.090ms
[2025-11-03T06:24:43.833+0000][gc,start      ] GC(592) Pause Young (Concurrent Start) (G1 Humongous Allocation)
[2025-11-03T06:24:43.834+0000][gc,task       ] GC(592) Using 2 workers of 2 for evacuation
[2025-11-03T06:24:43.861+0000][gc,mmu        ] GC(592) MMU target violated: 21.0ms (20.0ms/21.0ms)
[2025-11-03T06:24:43.862+0000][gc,phases     ] GC(592)   Pre Evacuate Collection Set: 0.7ms
[2025-11-03T06:24:43.863+0000][gc,phases     ] GC(592)   Evacuate Collection Set: 22.5ms
[2025-11-03T06:24:43.863+0000][gc,phases     ] GC(592)   Post Evacuate Collection Set: 2.6ms
[2025-11-03T06:24:43.865+0000][gc,phases     ] GC(592)   Other: 3.4ms
[2025-11-03T06:24:43.866+0000][gc,heap       ] GC(592) Eden regions: 33->0(37)
[2025-11-03T06:24:43.867+0000][gc,heap       ] GC(592) Survivor regions: 3->3(5)
[2025-11-03T06:24:43.868+0000][gc,heap       ] GC(592) Old regions: 63->63
[2025-11-03T06:24:43.869+0000][gc,heap       ] GC(592) Humongous regions: 162->156
[2025-11-03T06:24:43.870+0000][gc,metaspace  ] GC(592) Metaspace: 54027K(57264K)->54027K(57264K) NonClass: 48095K(49840K)->48095K(49840K) Class: 5932K(7424K)->5932K(7424K)
[2025-11-03T06:24:43.871+0000][gc            ] GC(592) Pause Young (Concurrent Start) (G1 Humongous Allocation) 259M->220M(811M) 38.089ms
[2025-11-03T06:24:43.872+0000][gc,cpu        ] GC(592) User=0.05s Sys=0.00s Real=0.04s
[2025-11-03T06:24:43.873+0000][gc            ] GC(593) Concurrent Cycle
[2025-11-03T06:24:43.874+0000][gc,marking    ] GC(593) Concurrent Clear Claimed Marks
[2025-11-03T06:24:43.877+0000][gc,marking    ] GC(593) Concurrent Clear Claimed Marks 2.329ms
[2025-11-03T06:24:43.877+0000][gc,marking    ] GC(593) Concurrent Scan Root Regions
[2025-11-03T06:24:43.894+0000][gc,marking    ] GC(593) Concurrent Scan Root Regions 16.914ms
[2025-11-03T06:24:43.895+0000][gc,marking    ] GC(593) Concurrent Mark (30933.579s)
[2025-11-03T06:24:43.896+0000][gc,marking    ] GC(593) Concurrent Mark From Roots
[2025-11-03T06:24:43.896+0000][gc,task       ] GC(593) Using 1 workers of 1 for marking
[2025-11-03T06:24:44.113+0000][gc,marking    ] GC(593) Concurrent Mark From Roots 217.596ms
[2025-11-03T06:24:44.115+0000][gc,marking    ] GC(593) Concurrent Preclean
[2025-11-03T06:24:44.135+0000][gc,marking    ] GC(593) Concurrent Preclean 21.036ms
[2025-11-03T06:24:44.137+0000][gc,marking    ] GC(593) Concurrent Mark (30933.579s, 30933.821s) 241.705ms
[2025-11-03T06:24:44.139+0000][gc,start      ] GC(593) Pause Remark
[2025-11-03T06:24:44.193+0000][gc,stringtable] GC(593) Cleaned string and symbol table, strings: 17234 processed, 0 removed, symbols: 123860 processed, 0 removed
[2025-11-03T06:24:44.196+0000][gc,mmu        ] GC(593) MMU target violated: 21.0ms (20.0ms/21.0ms)
[2025-11-03T06:24:44.197+0000][gc            ] GC(593) Pause Remark 259M->259M(811M) 58.357ms
[2025-11-03T06:24:44.198+0000][gc,cpu        ] GC(593) User=0.17s Sys=0.00s Real=0.06s
[2025-11-03T06:24:44.199+0000][gc,marking    ] GC(593) Concurrent Rebuild Remembered Sets
[2025-11-03T06:24:44.239+0000][gc,start      ] GC(594) Pause Young (Normal) (G1 Evacuation Pause)
[2025-11-03T06:24:44.240+0000][gc,task       ] GC(594) Using 2 workers of 2 for evacuation
[2025-11-03T06:24:44.271+0000][gc,mmu        ] GC(594) MMU target violated: 21.0ms (20.0ms/21.0ms)
[2025-11-03T06:24:44.272+0000][gc,phases     ] GC(594)   Pre Evacuate Collection Set: 0.0ms
[2025-11-03T06:24:44.272+0000][gc,phases     ] GC(594)   Evacuate Collection Set: 26.5ms
[2025-11-03T06:24:44.273+0000][gc,phases     ] GC(594)   Post Evacuate Collection Set: 2.6ms
[2025-11-03T06:24:44.274+0000][gc,phases     ] GC(594)   Other: 3.1ms
[2025-11-03T06:24:44.275+0000][gc,heap       ] GC(594) Eden regions: 37->0(37)
[2025-11-03T06:24:44.276+0000][gc,heap       ] GC(594) Survivor regions: 3->3(5)
[2025-11-03T06:24:44.277+0000][gc,heap       ] GC(594) Old regions: 63->63
[2025-11-03T06:24:44.277+0000][gc,heap       ] GC(594) Humongous regions: 162->162
[2025-11-03T06:24:44.278+0000][gc,metaspace  ] GC(594) Metaspace: 54027K(57264K)->54027K(57264K) NonClass: 48095K(49840K)->48095K(49840K) Class: 5932K(7424K)->5932K(7424K)
[2025-11-03T06:24:44.279+0000][gc            ] GC(594) Pause Young (Normal) (G1 Evacuation Pause) 263M->226M(811M) 39.672ms
[2025-11-03T06:24:44.280+0000][gc,cpu        ] GC(594) User=0.06s Sys=0.00s Real=0.04s
[2025-11-03T06:24:44.373+0000][gc,marking    ] GC(593) Concurrent Rebuild Remembered Sets 173.136ms
[2025-11-03T06:24:44.375+0000][gc,start      ] GC(593) Pause Cleanup
[2025-11-03T06:24:44.377+0000][gc            ] GC(593) Pause Cleanup 254M->254M(811M) 1.789ms
[2025-11-03T06:24:44.378+0000][gc,cpu        ] GC(593) User=0.01s Sys=0.00s Real=0.00s
[2025-11-03T06:24:44.379+0000][gc,marking    ] GC(593) Concurrent Cleanup for Next Mark
[2025-11-03T06:24:44.383+0000][gc,marking    ] GC(593) Concurrent Cleanup for Next Mark 4.821ms
[2025-11-03T06:24:44.384+0000][gc            ] GC(593) Concurrent Cycle 511.402ms
[2025-11-03T06:24:44.408+0000][gc,start      ] GC(595) Pause Young (Normal) (G1 Evacuation Pause)
[2025-11-03T06:24:44.408+0000][gc,task       ] GC(595) Using 2 workers of 2 for evacuation
[2025-11-03T06:24:44.437+0000][gc,mmu        ] GC(595) MMU target violated: 21.0ms (20.0ms/21.0ms)
[2025-11-03T06:24:44.437+0000][gc,phases     ] GC(595)   Pre Evacuate Collection Set: 0.0ms
[2025-11-03T06:24:44.438+0000][gc,phases     ] GC(595)   Evacuate Collection Set: 24.7ms
[2025-11-03T06:24:44.439+0000][gc,phases     ] GC(595)   Post Evacuate Collection Set: 2.3ms
[2025-11-03T06:24:44.440+0000][gc,phases     ] GC(595)   Other: 2.8ms
[2025-11-03T06:24:44.441+0000][gc,heap       ] GC(595) Eden regions: 37->0(37)
[2025-11-03T06:24:44.441+0000][gc,heap       ] GC(595) Survivor regions: 3->3(5)
[2025-11-03T06:24:44.442+0000][gc,heap       ] GC(595) Old regions: 63->63
[2025-11-03T06:24:44.443+0000][gc,heap       ] GC(595) Humongous regions: 162->162
[2025-11-03T06:24:44.444+0000][gc,metaspace  ] GC(595) Metaspace: 54027K(57264K)->54027K(57264K) NonClass: 48095K(49840K)->48095K(49840K) Class: 5932K(7424K)->5932K(7424K)
[2025-11-03T06:24:44.444+0000][gc            ] GC(595) Pause Young (Normal) (G1 Evacuation Pause) 263M->226M(811M) 36.890ms
[2025-11-03T06:24:44.445+0000][gc,cpu        ] GC(595) User=0.06s Sys=0.00s Real=0.04s
[2025-11-03T06:24:44.460+0000][gc,start      ] GC(596) Pause Young (Concurrent Start) (G1 Humongous Allocation)
[2025-11-03T06:24:44.461+0000][gc,task       ] GC(596) Using 2 workers of 2 for evacuation
[2025-11-03T06:24:44.491+0000][gc,mmu        ] GC(596) MMU target violated: 21.0ms (20.0ms/21.0ms)
[2025-11-03T06:24:44.492+0000][gc,phases     ] GC(596)   Pre Evacuate Collection Set: 0.4ms
[2025-11-03T06:24:44.493+0000][gc,phases     ] GC(596)   Evacuate Collection Set: 25.3ms
[2025-11-03T06:24:44.494+0000][gc,phases     ] GC(596)   Post Evacuate Collection Set: 2.7ms
[2025-11-03T06:24:44.495+0000][gc,phases     ] GC(596)   Other: 3.1ms
[2025-11-03T06:24:44.496+0000][gc,heap       ] GC(596) Eden regions: 2->0(37)
[2025-11-03T06:24:44.496+0000][gc,heap       ] GC(596) Survivor regions: 3->3(5)
[2025-11-03T06:24:44.497+0000][gc,heap       ] GC(596) Old regions: 63->63
[2025-11-03T06:24:44.498+0000][gc,heap       ] GC(596) Humongous regions: 162->156
[2025-11-03T06:24:44.499+0000][gc,metaspace  ] GC(596) Metaspace: 54027K(57264K)->54027K(57264K) NonClass: 48095K(49840K)->48095K(49840K) Class: 5932K(7424K)->5932K(7424K)
[2025-11-03T06:24:44.499+0000][gc            ] GC(596) Pause Young (Concurrent Start) (G1 Humongous Allocation) 228M->220M(811M) 39.220ms
[2025-11-03T06:24:44.500+0000][gc,cpu        ] GC(596) User=0.06s Sys=0.00s Real=0.04s
[2025-11-03T06:24:44.502+0000][gc            ] GC(597) Concurrent Cycle
[2025-11-03T06:24:44.503+0000][gc,marking    ] GC(597) Concurrent Clear Claimed Marks
[2025-11-03T06:24:44.506+0000][gc,marking    ] GC(597) Concurrent Clear Claimed Marks 2.965ms
[2025-11-03T06:24:44.507+0000][gc,marking    ] GC(597) Concurrent Scan Root Regions
[2025-11-03T06:24:44.533+0000][gc,marking    ] GC(597) Concurrent Scan Root Regions 25.512ms
[2025-11-03T06:24:44.534+0000][gc,marking    ] GC(597) Concurrent Mark (30934.218s)
[2025-11-03T06:24:44.535+0000][gc,marking    ] GC(597) Concurrent Mark From Roots
[2025-11-03T06:24:44.536+0000][gc,task       ] GC(597) Using 1 workers of 1 for marking
[2025-11-03T06:24:44.786+0000][gc,marking    ] GC(597) Concurrent Mark From Roots 250.987ms
[2025-11-03T06:24:44.786+0000][gc,marking    ] GC(597) Concurrent Preclean
[2025-11-03T06:24:44.788+0000][gc,marking    ] GC(597) Concurrent Preclean 1.229ms
[2025-11-03T06:24:44.789+0000][gc,marking    ] GC(597) Concurrent Mark (30934.218s, 30934.473s) 255.115ms
[2025-11-03T06:24:44.791+0000][gc,start      ] GC(597) Pause Remark
[2025-11-03T06:24:44.858+0000][gc,stringtable] GC(597) Cleaned string and symbol table, strings: 17234 processed, 0 removed, symbols: 123860 processed, 0 removed
[2025-11-03T06:24:44.860+0000][gc,mmu        ] GC(597) MMU target violated: 21.0ms (20.0ms/21.0ms)
[2025-11-03T06:24:44.861+0000][gc            ] GC(597) Pause Remark 275M->275M(811M) 70.517ms
[2025-11-03T06:24:44.863+0000][gc,cpu        ] GC(597) User=0.17s Sys=0.00s Real=0.07s
[2025-11-03T06:24:44.864+0000][gc,marking    ] GC(597) Concurrent Rebuild Remembered Sets
[2025-11-03T06:24:44.885+0000][gc,start      ] GC(598) Pause Young (Normal) (G1 Evacuation Pause)
[2025-11-03T06:24:44.886+0000][gc,task       ] GC(598) Using 2 workers of 2 for evacuation
[2025-11-03T06:24:44.921+0000][gc,mmu        ] GC(598) MMU target violated: 21.0ms (20.0ms/21.0ms)
[2025-11-03T06:24:44.922+0000][gc,phases     ] GC(598)   Pre Evacuate Collection Set: 0.0ms
[2025-11-03T06:24:44.934+0000][gc,phases     ] GC(598)   Evacuate Collection Set: 29.5ms
[2025-11-03T06:24:44.935+0000][gc,phases     ] GC(598)   Post Evacuate Collection Set: 3.7ms
[2025-11-03T06:24:44.937+0000][gc,phases     ] GC(598)   Other: 3.4ms
[2025-11-03T06:24:44.937+0000][gc,heap       ] GC(598) Eden regions: 37->0(37)
[2025-11-03T06:24:44.938+0000][gc,heap       ] GC(598) Survivor regions: 3->3(5)
[2025-11-03T06:24:44.939+0000][gc,heap       ] GC(598) Old regions: 63->63
[2025-11-03T06:24:44.940+0000][gc,heap       ] GC(598) Humongous regions: 174->162
[2025-11-03T06:24:44.941+0000][gc,metaspace  ] GC(598) Metaspace: 54027K(57264K)->54027K(57264K) NonClass: 48095K(49840K)->48095K(49840K) Class: 5932K(7424K)->5932K(7424K)
[2025-11-03T06:24:44.942+0000][gc            ] GC(598) Pause Young (Normal) (G1 Evacuation Pause) 275M->227M(811M) 56.658ms
[2025-11-03T06:24:44.943+0000][gc,cpu        ] GC(598) User=0.07s Sys=0.00s Real=0.06s
[2025-11-03T06:24:45.063+0000][gc,marking    ] GC(597) Concurrent Rebuild Remembered Sets 199.036ms
[2025-11-03T06:24:45.067+0000][gc,start      ] GC(597) Pause Cleanup
[2025-11-03T06:24:45.069+0000][gc            ] GC(597) Pause Cleanup 257M->257M(811M) 2.130ms
[2025-11-03T06:24:45.070+0000][gc,cpu        ] GC(597) User=0.01s Sys=0.00s Real=0.00s
[2025-11-03T06:24:45.071+0000][gc,marking    ] GC(597) Concurrent Cleanup for Next Mark
[2025-11-03T06:24:45.077+0000][gc,marking    ] GC(597) Concurrent Cleanup for Next Mark 6.325ms
[2025-11-03T06:24:45.078+0000][gc            ] GC(597) Concurrent Cycle 576.575ms
[2025-11-03T06:24:45.092+0000][gc,start      ] GC(599) Pause Young (Concurrent Start) (G1 Humongous Allocation)
[2025-11-03T06:24:45.095+0000][gc,task       ] GC(599) Using 2 workers of 2 for evacuation
[2025-11-03T06:24:45.134+0000][gc,mmu        ] GC(599) MMU target violated: 21.0ms (20.0ms/21.0ms)
[2025-11-03T06:24:45.135+0000][gc,phases     ] GC(599)   Pre Evacuate Collection Set: 0.4ms
[2025-11-03T06:24:45.135+0000][gc,phases     ] GC(599)   Evacuate Collection Set: 34.0ms
[2025-11-03T06:24:45.136+0000][gc,phases     ] GC(599)   Post Evacuate Collection Set: 2.8ms
[2025-11-03T06:24:45.137+0000][gc,phases     ] GC(599)   Other: 5.6ms
[2025-11-03T06:24:45.138+0000][gc,heap       ] GC(599) Eden regions: 35->0(37)
[2025-11-03T06:24:45.139+0000][gc,heap       ] GC(599) Survivor regions: 3->3(5)
[2025-11-03T06:24:45.139+0000][gc,heap       ] GC(599) Old regions: 63->63
[2025-11-03T06:24:45.140+0000][gc,heap       ] GC(599) Humongous regions: 162->156
[2025-11-03T06:24:45.141+0000][gc,metaspace  ] GC(599) Metaspace: 54027K(57264K)->54027K(57264K) NonClass: 48095K(49840K)->48095K(49840K) Class: 5932K(7424K)->5932K(7424K)
[2025-11-03T06:24:45.142+0000][gc            ] GC(599) Pause Young (Concurrent Start) (G1 Humongous Allocation) 261M->221M(811M) 49.751ms
[2025-11-03T06:24:45.142+0000][gc,cpu        ] GC(599) User=0.07s Sys=0.00s Real=0.05s
[2025-11-03T06:24:45.144+0000][gc            ] GC(600) Concurrent Cycle
[2025-11-03T06:24:45.145+0000][gc,marking    ] GC(600) Concurrent Clear Claimed Marks
[2025-11-03T06:24:45.146+0000][gc,marking    ] GC(600) Concurrent Clear Claimed Marks 1.545ms
[2025-11-03T06:24:45.147+0000][gc,marking    ] GC(600) Concurrent Scan Root Regions
[2025-11-03T06:24:45.161+0000][gc,marking    ] GC(600) Concurrent Scan Root Regions 14.072ms
[2025-11-03T06:24:45.162+0000][gc,marking    ] GC(600) Concurrent Mark (30934.846s)
[2025-11-03T06:24:45.163+0000][gc,marking    ] GC(600) Concurrent Mark From Roots
[2025-11-03T06:24:45.164+0000][gc,task       ] GC(600) Using 1 workers of 1 for marking
[2025-11-03T06:24:45.420+0000][gc,marking    ] GC(600) Concurrent Mark From Roots 256.829ms
[2025-11-03T06:24:45.421+0000][gc,marking    ] GC(600) Concurrent Preclean
[2025-11-03T06:24:45.423+0000][gc,marking    ] GC(600) Concurrent Preclean 1.965ms
[2025-11-03T06:24:45.424+0000][gc,marking    ] GC(600) Concurrent Mark (30934.846s, 30935.108s) 261.541ms
[2025-11-03T06:24:45.426+0000][gc,start      ] GC(600) Pause Remark
[2025-11-03T06:24:45.473+0000][gc,stringtable] GC(600) Cleaned string and symbol table, strings: 17234 processed, 0 removed, symbols: 123860 processed, 0 removed
[2025-11-03T06:24:45.475+0000][gc,mmu        ] GC(600) MMU target violated: 21.0ms (20.0ms/21.0ms)
[2025-11-03T06:24:45.476+0000][gc            ] GC(600) Pause Remark 259M->259M(811M) 50.793ms
[2025-11-03T06:24:45.477+0000][gc,cpu        ] GC(600) User=0.09s Sys=0.00s Real=0.05s
[2025-11-03T06:24:45.479+0000][gc,marking    ] GC(600) Concurrent Rebuild Remembered Sets
[2025-11-03T06:24:45.504+0000][gc,start      ] GC(601) Pause Young (Normal) (G1 Evacuation Pause)
[2025-11-03T06:24:45.505+0000][gc,task       ] GC(601) Using 2 workers of 2 for evacuation
[2025-11-03T06:24:45.542+0000][gc,mmu        ] GC(601) MMU target violated: 21.0ms (20.0ms/21.0ms)
[2025-11-03T06:24:45.543+0000][gc,phases     ] GC(601)   Pre Evacuate Collection Set: 0.0ms
[2025-11-03T06:24:45.543+0000][gc,phases     ] GC(601)   Evacuate Collection Set: 33.0ms
[2025-11-03T06:24:45.544+0000][gc,phases     ] GC(601)   Post Evacuate Collection Set: 2.4ms
[2025-11-03T06:24:45.545+0000][gc,phases     ] GC(601)   Other: 3.4ms
[2025-11-03T06:24:45.546+0000][gc,heap       ] GC(601) Eden regions: 37->0(37)
[2025-11-03T06:24:45.547+0000][gc,heap       ] GC(601) Survivor regions: 3->3(5)
[2025-11-03T06:24:45.548+0000][gc,heap       ] GC(601) Old regions: 63->63
[2025-11-03T06:24:45.549+0000][gc,heap       ] GC(601) Humongous regions: 162->162
[2025-11-03T06:24:45.551+0000][gc,metaspace  ] GC(601) Metaspace: 54027K(57264K)->54027K(57264K) NonClass: 48095K(49840K)->48095K(49840K) Class: 5932K(7424K)->5932K(7424K)
[2025-11-03T06:24:45.552+0000][gc            ] GC(601) Pause Young (Normal) (G1 Evacuation Pause) 264M->226M(811M) 48.581ms
[2025-11-03T06:24:45.553+0000][gc,cpu        ] GC(601) User=0.07s Sys=0.00s Real=0.05s
[2025-11-03T06:24:45.703+0000][gc,marking    ] GC(600) Concurrent Rebuild Remembered Sets 224.613ms
[2025-11-03T06:24:45.706+0000][gc,start      ] GC(600) Pause Cleanup
[2025-11-03T06:24:45.717+0000][gc            ] GC(600) Pause Cleanup 250M->250M(811M) 10.292ms
[2025-11-03T06:24:45.718+0000][gc,cpu        ] GC(600) User=0.02s Sys=0.00s Real=0.01s
[2025-11-03T06:24:45.720+0000][gc,marking    ] GC(600) Concurrent Cleanup for Next Mark
[2025-11-03T06:24:45.727+0000][gc,marking    ] GC(600) Concurrent Cleanup for Next Mark 6.581ms
[2025-11-03T06:24:45.735+0000][gc            ] GC(600) Concurrent Cycle 591.396ms
[2025-11-03T06:24:45.918+0000][gc,start      ] GC(602) Pause Young (Normal) (G1 Evacuation Pause)
[2025-11-03T06:24:45.919+0000][gc,task       ] GC(602) Using 2 workers of 2 for evacuation
[2025-11-03T06:24:45.964+0000][gc,mmu        ] GC(602) MMU target violated: 21.0ms (20.0ms/21.0ms)
[2025-11-03T06:24:45.965+0000][gc,phases     ] GC(602)   Pre Evacuate Collection Set: 0.1ms
[2025-11-03T06:24:45.966+0000][gc,phases     ] GC(602)   Evacuate Collection Set: 40.3ms
[2025-11-03T06:24:45.967+0000][gc,phases     ] GC(602)   Post Evacuate Collection Set: 2.9ms
[2025-11-03T06:24:45.968+0000][gc,phases     ] GC(602)   Other: 4.1ms
[2025-11-03T06:24:45.969+0000][gc,heap       ] GC(602) Eden regions: 37->0(37)
[2025-11-03T06:24:45.970+0000][gc,heap       ] GC(602) Survivor regions: 3->3(5)
[2025-11-03T06:24:45.970+0000][gc,heap       ] GC(602) Old regions: 63->63
[2025-11-03T06:24:45.971+0000][gc,heap       ] GC(602) Humongous regions: 174->162
[2025-11-03T06:24:45.972+0000][gc,metaspace  ] GC(602) Metaspace: 54027K(57264K)->54027K(57264K) NonClass: 48095K(49840K)->48095K(49840K) Class: 5932K(7424K)->5932K(7424K)
[2025-11-03T06:24:45.973+0000][gc            ] GC(602) Pause Young (Normal) (G1 Evacuation Pause) 275M->227M(811M) 54.864ms
[2025-11-03T06:24:45.974+0000][gc,cpu        ] GC(602) User=0.09s Sys=0.00s Real=0.06s
[2025-11-03T06:24:46.028+0000][gc,start      ] GC(603) Pause Young (Concurrent Start) (G1 Humongous Allocation)
[2025-11-03T06:24:46.029+0000][gc,task       ] GC(603) Using 2 workers of 2 for evacuation
[2025-11-03T06:24:46.065+0000][gc,mmu        ] GC(603) MMU target violated: 21.0ms (20.0ms/21.0ms)
[2025-11-03T06:24:46.066+0000][gc,phases     ] GC(603)   Pre Evacuate Collection Set: 0.6ms
[2025-11-03T06:24:46.067+0000][gc,phases     ] GC(603)   Evacuate Collection Set: 28.4ms
[2025-11-03T06:24:46.068+0000][gc,phases     ] GC(603)   Post Evacuate Collection Set: 5.0ms
[2025-11-03T06:24:46.068+0000][gc,phases     ] GC(603)   Other: 4.1ms
[2025-11-03T06:24:46.069+0000][gc,heap       ] GC(603) Eden regions: 9->0(38)
[2025-11-03T06:24:46.070+0000][gc,heap       ] GC(603) Survivor regions: 3->3(5)
[2025-11-03T06:24:46.071+0000][gc,heap       ] GC(603) Old regions: 63->63
[2025-11-03T06:24:46.071+0000][gc,heap       ] GC(603) Humongous regions: 162->156
[2025-11-03T06:24:46.072+0000][gc,metaspace  ] GC(603) Metaspace: 54027K(57264K)->54027K(57264K) NonClass: 48095K(49840K)->48095K(49840K) Class: 5932K(7424K)->5932K(7424K)
[2025-11-03T06:24:46.073+0000][gc            ] GC(603) Pause Young (Concurrent Start) (G1 Humongous Allocation) 236M->221M(835M) 45.224ms
[2025-11-03T06:24:46.074+0000][gc,cpu        ] GC(603) User=0.07s Sys=0.00s Real=0.05s
[2025-11-03T06:24:46.076+0000][gc            ] GC(604) Concurrent Cycle
[2025-11-03T06:24:46.078+0000][gc,marking    ] GC(604) Concurrent Clear Claimed Marks
[2025-11-03T06:24:46.080+0000][gc,marking    ] GC(604) Concurrent Clear Claimed Marks 1.954ms
[2025-11-03T06:24:46.083+0000][gc,marking    ] GC(604) Concurrent Scan Root Regions
[2025-11-03T06:24:46.109+0000][gc,marking    ] GC(604) Concurrent Scan Root Regions 25.909ms
[2025-11-03T06:24:46.110+0000][gc,marking    ] GC(604) Concurrent Mark (30935.794s)
[2025-11-03T06:24:46.111+0000][gc,marking    ] GC(604) Concurrent Mark From Roots
[2025-11-03T06:24:46.112+0000][gc,task       ] GC(604) Using 1 workers of 1 for marking
[2025-11-03T06:24:46.415+0000][gc,marking    ] GC(604) Concurrent Mark From Roots 303.972ms
[2025-11-03T06:24:46.418+0000][gc,marking    ] GC(604) Concurrent Preclean
[2025-11-03T06:24:46.422+0000][gc,marking    ] GC(604) Concurrent Preclean 3.733ms
[2025-11-03T06:24:46.423+0000][gc,marking    ] GC(604) Concurrent Mark (30935.794s, 30936.107s) 313.300ms
[2025-11-03T06:24:46.428+0000][gc,start      ] GC(604) Pause Remark
[2025-11-03T06:24:46.492+0000][gc,stringtable] GC(604) Cleaned string and symbol table, strings: 17234 processed, 0 removed, symbols: 123860 processed, 0 removed
[2025-11-03T06:24:46.497+0000][gc,mmu        ] GC(604) MMU target violated: 21.0ms (20.0ms/21.0ms)
[2025-11-03T06:24:46.498+0000][gc            ] GC(604) Pause Remark 255M->255M(835M) 70.302ms
[2025-11-03T06:24:46.500+0000][gc,cpu        ] GC(604) User=0.13s Sys=0.00s Real=0.07s
[2025-11-03T06:24:46.502+0000][gc,marking    ] GC(604) Concurrent Rebuild Remembered Sets
[2025-11-03T06:24:46.746+0000][gc,marking    ] GC(604) Concurrent Rebuild Remembered Sets 243.864ms
[2025-11-03T06:24:46.749+0000][gc,start      ] GC(604) Pause Cleanup
[2025-11-03T06:24:46.752+0000][gc            ] GC(604) Pause Cleanup 269M->269M(835M) 3.210ms
[2025-11-03T06:24:46.753+0000][gc,cpu        ] GC(604) User=0.00s Sys=0.00s Real=0.00s
[2025-11-03T06:24:46.754+0000][gc,marking    ] GC(604) Concurrent Cleanup for Next Mark
[2025-11-03T06:24:46.763+0000][gc,marking    ] GC(604) Concurrent Cleanup for Next Mark 9.221ms
[2025-11-03T06:24:46.765+0000][gc            ] GC(604) Concurrent Cycle 689.156ms
[2025-11-03T06:24:46.839+0000][gc,start      ] GC(605) Pause Young (Normal) (G1 Evacuation Pause)
[2025-11-03T06:24:46.840+0000][gc,task       ] GC(605) Using 2 workers of 2 for evacuation
[2025-11-03T06:24:46.963+0000][gc,mmu        ] GC(605) MMU target violated: 21.0ms (20.0ms/21.0ms)
[2025-11-03T06:24:46.965+0000][gc,phases     ] GC(605)   Pre Evacuate Collection Set: 0.1ms
[2025-11-03T06:24:46.966+0000][gc,phases     ] GC(605)   Evacuate Collection Set: 117.0ms
[2025-11-03T06:24:46.967+0000][gc,phases     ] GC(605)   Post Evacuate Collection Set: 3.6ms
[2025-11-03T06:24:46.968+0000][gc,phases     ] GC(605)   Other: 5.6ms
[2025-11-03T06:24:46.970+0000][gc,heap       ] GC(605) Eden regions: 38->0(40)
[2025-11-03T06:24:46.971+0000][gc,heap       ] GC(605) Survivor regions: 3->1(6)
[2025-11-03T06:24:46.972+0000][gc,heap       ] GC(605) Old regions: 63->65
[2025-11-03T06:24:46.973+0000][gc,heap       ] GC(605) Humongous regions: 180->162
[2025-11-03T06:24:46.975+0000][gc,metaspace  ] GC(605) Metaspace: 54027K(57264K)->54027K(57264K) NonClass: 48095K(49840K)->48095K(49840K) Class: 5932K(7424K)->5932K(7424K)
[2025-11-03T06:24:46.976+0000][gc            ] GC(605) Pause Young (Normal) (G1 Evacuation Pause) 283M->227M(835M) 137.673ms
[2025-11-03T06:24:46.977+0000][gc,cpu        ] GC(605) User=0.19s Sys=0.00s Real=0.14s
[2025-11-03T06:24:47.313+0000][gc,start      ] GC(606) Pause Young (Concurrent Start) (G1 Humongous Allocation)
[2025-11-03T06:24:47.315+0000][gc,task       ] GC(606) Using 2 workers of 2 for evacuation
[2025-11-03T06:24:47.350+0000][gc,mmu        ] GC(606) MMU target violated: 21.0ms (20.0ms/21.0ms)
[2025-11-03T06:24:47.351+0000][gc,phases     ] GC(606)   Pre Evacuate Collection Set: 1.2ms
[2025-11-03T06:24:47.353+0000][gc,phases     ] GC(606)   Evacuate Collection Set: 26.0ms
[2025-11-03T06:24:47.354+0000][gc,phases     ] GC(606)   Post Evacuate Collection Set: 5.7ms
[2025-11-03T06:24:47.356+0000][gc,phases     ] GC(606)   Other: 5.2ms
[2025-11-03T06:24:47.358+0000][gc,heap       ] GC(606) Eden regions: 38->0(40)
[2025-11-03T06:24:47.359+0000][gc,heap       ] GC(606) Survivor regions: 1->1(6)
[2025-11-03T06:24:47.360+0000][gc,heap       ] GC(606) Old regions: 65->65
[2025-11-03T06:24:47.360+0000][gc,heap       ] GC(606) Humongous regions: 162->156
[2025-11-03T06:24:47.362+0000][gc,metaspace  ] GC(606) Metaspace: 54027K(57264K)->54027K(57264K) NonClass: 48095K(49840K)->48095K(49840K) Class: 5932K(7424K)->5932K(7424K)
[2025-11-03T06:24:47.363+0000][gc            ] GC(606) Pause Young (Concurrent Start) (G1 Humongous Allocation) 264M->221M(835M) 49.880ms
[2025-11-03T06:24:47.369+0000][gc,cpu        ] GC(606) User=0.06s Sys=0.00s Real=0.06s
[2025-11-03T06:24:47.372+0000][gc            ] GC(607) Concurrent Cycle
[2025-11-03T06:24:47.376+0000][gc,marking    ] GC(607) Concurrent Clear Claimed Marks
[2025-11-03T06:24:47.378+0000][gc,marking    ] GC(607) Concurrent Clear Claimed Marks 2.260ms
[2025-11-03T06:24:47.380+0000][gc,marking    ] GC(607) Concurrent Scan Root Regions
[2025-11-03T06:24:47.387+0000][gc,marking    ] GC(607) Concurrent Scan Root Regions 7.329ms
[2025-11-03T06:24:47.389+0000][gc,marking    ] GC(607) Concurrent Mark (30937.073s)
[2025-11-03T06:24:47.392+0000][gc,marking    ] GC(607) Concurrent Mark From Roots
[2025-11-03T06:24:47.394+0000][gc,task       ] GC(607) Using 1 workers of 1 for marking
[2025-11-03T06:24:47.762+0000][gc,marking    ] GC(607) Concurrent Mark From Roots 370.246ms
[2025-11-03T06:24:47.763+0000][gc,marking    ] GC(607) Concurrent Preclean
[2025-11-03T06:24:47.765+0000][gc,marking    ] GC(607) Concurrent Preclean 1.499ms
[2025-11-03T06:24:47.766+0000][gc,marking    ] GC(607) Concurrent Mark (30937.073s, 30937.451s) 377.429ms
[2025-11-03T06:24:47.770+0000][gc,start      ] GC(607) Pause Remark
[2025-11-03T06:24:47.817+0000][gc,stringtable] GC(607) Cleaned string and symbol table, strings: 17234 processed, 0 removed, symbols: 123864 processed, 0 removed
[2025-11-03T06:24:47.821+0000][gc,mmu        ] GC(607) MMU target violated: 21.0ms (20.0ms/21.0ms)
[2025-11-03T06:24:47.822+0000][gc            ] GC(607) Pause Remark 262M->262M(835M) 52.103ms
[2025-11-03T06:24:47.823+0000][gc,cpu        ] GC(607) User=0.09s Sys=0.00s Real=0.05s
[2025-11-03T06:24:47.824+0000][gc,marking    ] GC(607) Concurrent Rebuild Remembered Sets
[2025-11-03T06:24:47.866+0000][gc,start      ] GC(608) Pause Young (Normal) (G1 Evacuation Pause)
[2025-11-03T06:24:47.867+0000][gc,task       ] GC(608) Using 2 workers of 2 for evacuation
[2025-11-03T06:24:47.885+0000][gc,phases     ] GC(608)   Pre Evacuate Collection Set: 0.1ms
[2025-11-03T06:24:47.886+0000][gc,phases     ] GC(608)   Evacuate Collection Set: 13.5ms
[2025-11-03T06:24:47.887+0000][gc,phases     ] GC(608)   Post Evacuate Collection Set: 2.9ms
[2025-11-03T06:24:47.888+0000][gc,phases     ] GC(608)   Other: 2.2ms
[2025-11-03T06:24:47.889+0000][gc,heap       ] GC(608) Eden regions: 40->0(40)
[2025-11-03T06:24:47.890+0000][gc,heap       ] GC(608) Survivor regions: 1->1(6)
[2025-11-03T06:24:47.890+0000][gc,heap       ] GC(608) Old regions: 65->65
[2025-11-03T06:24:47.891+0000][gc,heap       ] GC(608) Humongous regions: 168->162
[2025-11-03T06:24:47.892+0000][gc,metaspace  ] GC(608) Metaspace: 54042K(57264K)->54042K(57264K) NonClass: 48105K(49840K)->48105K(49840K) Class: 5936K(7424K)->5936K(7424K)
[2025-11-03T06:24:47.893+0000][gc            ] GC(608) Pause Young (Normal) (G1 Evacuation Pause) 273M->227M(835M) 27.027ms
[2025-11-03T06:24:47.894+0000][gc,cpu        ] GC(608) User=0.04s Sys=0.00s Real=0.03s
[2025-11-03T06:24:47.979+0000][gc,marking    ] GC(607) Concurrent Rebuild Remembered Sets 155.315ms
[2025-11-03T06:24:47.983+0000][gc,start      ] GC(607) Pause Cleanup
[2025-11-03T06:24:47.985+0000][gc            ] GC(607) Pause Cleanup 243M->243M(835M) 2.614ms
[2025-11-03T06:24:47.986+0000][gc,cpu        ] GC(607) User=0.01s Sys=0.00s Real=0.01s
[2025-11-03T06:24:47.988+0000][gc,marking    ] GC(607) Concurrent Cleanup for Next Mark
[2025-11-03T06:24:47.994+0000][gc,marking    ] GC(607) Concurrent Cleanup for Next Mark 6.066ms
[2025-11-03T06:24:47.995+0000][gc            ] GC(607) Concurrent Cycle 623.927ms
[2025-11-03T06:24:48.169+0000][gc,start      ] GC(609) Pause Young (Prepare Mixed) (G1 Evacuation Pause)
[2025-11-03T06:24:48.170+0000][gc,task       ] GC(609) Using 2 workers of 2 for evacuation
[2025-11-03T06:24:48.185+0000][gc,phases     ] GC(609)   Pre Evacuate Collection Set: 0.0ms
[2025-11-03T06:24:48.186+0000][gc,phases     ] GC(609)   Evacuate Collection Set: 10.2ms
[2025-11-03T06:24:48.187+0000][gc,phases     ] GC(609)   Post Evacuate Collection Set: 2.8ms
[2025-11-03T06:24:48.188+0000][gc,phases     ] GC(609)   Other: 2.9ms
[2025-11-03T06:24:48.189+0000][gc,heap       ] GC(609) Eden regions: 40->0(40)
[2025-11-03T06:24:48.189+0000][gc,heap       ] GC(609) Survivor regions: 1->1(6)
[2025-11-03T06:24:48.192+0000][gc,heap       ] GC(609) Old regions: 65->65
[2025-11-03T06:24:48.193+0000][gc,heap       ] GC(609) Humongous regions: 168->162
[2025-11-03T06:24:48.194+0000][gc,metaspace  ] GC(609) Metaspace: 54042K(57264K)->54042K(57264K) NonClass: 48105K(49840K)->48105K(49840K) Class: 5936K(7424K)->5936K(7424K)
[2025-11-03T06:24:48.195+0000][gc            ] GC(609) Pause Young (Prepare Mixed) (G1 Evacuation Pause) 273M->227M(835M) 25.656ms
[2025-11-03T06:24:48.196+0000][gc,cpu        ] GC(609) User=0.03s Sys=0.00s Real=0.03s
[2025-11-03T06:24:48.408+0000][gc,start      ] GC(610) Pause Young (Mixed) (G1 Evacuation Pause)
[2025-11-03T06:24:48.409+0000][gc,task       ] GC(610) Using 2 workers of 2 for evacuation
[2025-11-03T06:24:48.426+0000][gc,phases     ] GC(610)   Pre Evacuate Collection Set: 0.1ms
[2025-11-03T06:24:48.427+0000][gc,phases     ] GC(610)   Evacuate Collection Set: 12.7ms
[2025-11-03T06:24:48.428+0000][gc,phases     ] GC(610)   Post Evacuate Collection Set: 3.1ms
[2025-11-03T06:24:48.429+0000][gc,phases     ] GC(610)   Other: 2.6ms
[2025-11-03T06:24:48.430+0000][gc,heap       ] GC(610) Eden regions: 40->0(40)
[2025-11-03T06:24:48.431+0000][gc,heap       ] GC(610) Survivor regions: 1->1(6)
[2025-11-03T06:24:48.433+0000][gc,heap       ] GC(610) Old regions: 65->64
[2025-11-03T06:24:48.433+0000][gc,heap       ] GC(610) Humongous regions: 168->162
[2025-11-03T06:24:48.434+0000][gc,metaspace  ] GC(610) Metaspace: 54042K(57264K)->54042K(57264K) NonClass: 48105K(49840K)->48105K(49840K) Class: 5936K(7424K)->5936K(7424K)
[2025-11-03T06:24:48.435+0000][gc            ] GC(610) Pause Young (Mixed) (G1 Evacuation Pause) 273M->226M(835M) 27.549ms
[2025-11-03T06:24:48.436+0000][gc,cpu        ] GC(610) User=0.04s Sys=0.00s Real=0.03s
[2025-11-03T06:24:48.518+0000][gc,start      ] GC(611) Pause Young (Concurrent Start) (G1 Humongous Allocation)
[2025-11-03T06:24:48.519+0000][gc,task       ] GC(611) Using 2 workers of 2 for evacuation
[2025-11-03T06:24:48.537+0000][gc,phases     ] GC(611)   Pre Evacuate Collection Set: 0.4ms
[2025-11-03T06:24:48.538+0000][gc,phases     ] GC(611)   Evacuate Collection Set: 13.8ms
[2025-11-03T06:24:48.539+0000][gc,phases     ] GC(611)   Post Evacuate Collection Set: 2.3ms
[2025-11-03T06:24:48.540+0000][gc,phases     ] GC(611)   Other: 2.4ms
[2025-11-03T06:24:48.540+0000][gc,heap       ] GC(611) Eden regions: 22->0(40)
[2025-11-03T06:24:48.541+0000][gc,heap       ] GC(611) Survivor regions: 1->1(6)
[2025-11-03T06:24:48.542+0000][gc,heap       ] GC(611) Old regions: 64->64
[2025-11-03T06:24:48.542+0000][gc,heap       ] GC(611) Humongous regions: 162->156
[2025-11-03T06:24:48.543+0000][gc,metaspace  ] GC(611) Metaspace: 54042K(57264K)->54042K(57264K) NonClass: 48105K(49840K)->48105K(49840K) Class: 5936K(7424K)->5936K(7424K)
[2025-11-03T06:24:48.544+0000][gc            ] GC(611) Pause Young (Concurrent Start) (G1 Humongous Allocation) 248M->220M(835M) 25.576ms
[2025-11-03T06:24:48.545+0000][gc,cpu        ] GC(611) User=0.03s Sys=0.00s Real=0.03s
[2025-11-03T06:24:48.546+0000][gc            ] GC(612) Concurrent Cycle
[2025-11-03T06:24:48.547+0000][gc,marking    ] GC(612) Concurrent Clear Claimed Marks
[2025-11-03T06:24:48.550+0000][gc,marking    ] GC(612) Concurrent Clear Claimed Marks 2.689ms
[2025-11-03T06:24:48.551+0000][gc,marking    ] GC(612) Concurrent Scan Root Regions
[2025-11-03T06:24:48.556+0000][gc,marking    ] GC(612) Concurrent Scan Root Regions 5.665ms
[2025-11-03T06:24:48.557+0000][gc,marking    ] GC(612) Concurrent Mark (30938.241s)
[2025-11-03T06:24:48.558+0000][gc,marking    ] GC(612) Concurrent Mark From Roots
[2025-11-03T06:24:48.559+0000][gc,task       ] GC(612) Using 1 workers of 1 for marking
[2025-11-03T06:24:48.783+0000][gc,marking    ] GC(612) Concurrent Mark From Roots 224.888ms
[2025-11-03T06:24:48.784+0000][gc,marking    ] GC(612) Concurrent Preclean
[2025-11-03T06:24:48.786+0000][gc,marking    ] GC(612) Concurrent Preclean 1.797ms
[2025-11-03T06:24:48.787+0000][gc,marking    ] GC(612) Concurrent Mark (30938.241s, 30938.471s) 229.981ms
[2025-11-03T06:24:48.789+0000][gc,start      ] GC(612) Pause Remark
[2025-11-03T06:24:48.837+0000][gc,stringtable] GC(612) Cleaned string and symbol table, strings: 17234 processed, 0 removed, symbols: 123864 processed, 0 removed
[2025-11-03T06:24:48.840+0000][gc,mmu        ] GC(612) MMU target violated: 21.0ms (20.0ms/21.0ms)
[2025-11-03T06:24:48.857+0000][gc            ] GC(612) Pause Remark 268M->268M(835M) 67.988ms
[2025-11-03T06:24:48.908+0000][gc,cpu        ] GC(612) User=0.10s Sys=0.00s Real=0.12s
[2025-11-03T06:24:48.909+0000][gc,marking    ] GC(612) Concurrent Rebuild Remembered Sets
[2025-11-03T06:24:48.953+0000][gc,start      ] GC(613) Pause Young (Normal) (G1 Evacuation Pause)
[2025-11-03T06:24:48.953+0000][gc,task       ] GC(613) Using 2 workers of 2 for evacuation
[2025-11-03T06:24:48.972+0000][gc,phases     ] GC(613)   Pre Evacuate Collection Set: 0.0ms
[2025-11-03T06:24:48.973+0000][gc,phases     ] GC(613)   Evacuate Collection Set: 15.2ms
[2025-11-03T06:24:48.974+0000][gc,phases     ] GC(613)   Post Evacuate Collection Set: 2.7ms
[2025-11-03T06:24:48.975+0000][gc,phases     ] GC(613)   Other: 2.0ms
[2025-11-03T06:24:48.976+0000][gc,heap       ] GC(613) Eden regions: 40->0(40)
[2025-11-03T06:24:48.976+0000][gc,heap       ] GC(613) Survivor regions: 1->1(6)
[2025-11-03T06:24:48.977+0000][gc,heap       ] GC(613) Old regions: 64->64
[2025-11-03T06:24:48.978+0000][gc,heap       ] GC(613) Humongous regions: 174->162
[2025-11-03T06:24:48.979+0000][gc,metaspace  ] GC(613) Metaspace: 54042K(57264K)->54042K(57264K) NonClass: 48105K(49840K)->48105K(49840K) Class: 5936K(7424K)->5936K(7424K)
[2025-11-03T06:24:48.980+0000][gc            ] GC(613) Pause Young (Normal) (G1 Evacuation Pause) 278M->226M(835M) 27.170ms
[2025-11-03T06:24:48.980+0000][gc,cpu        ] GC(613) User=0.04s Sys=0.00s Real=0.03s
[2025-11-03T06:24:49.106+0000][gc,marking    ] GC(612) Concurrent Rebuild Remembered Sets 196.998ms
[2025-11-03T06:24:49.109+0000][gc,start      ] GC(612) Pause Cleanup
[2025-11-03T06:24:49.113+0000][gc            ] GC(612) Pause Cleanup 248M->248M(835M) 2.949ms
[2025-11-03T06:24:49.114+0000][gc,cpu        ] GC(612) User=0.00s Sys=0.01s Real=0.01s
[2025-11-03T06:24:49.115+0000][gc,marking    ] GC(612) Concurrent Cleanup for Next Mark
[2025-11-03T06:24:49.123+0000][gc,marking    ] GC(612) Concurrent Cleanup for Next Mark 8.105ms
[2025-11-03T06:24:49.125+0000][gc            ] GC(612) Concurrent Cycle 578.767ms
[2025-11-03T06:24:49.279+0000][gc,start      ] GC(614) Pause Young (Normal) (G1 Evacuation Pause)
[2025-11-03T06:24:49.280+0000][gc,task       ] GC(614) Using 2 workers of 2 for evacuation
[2025-11-03T06:24:49.310+0000][gc,phases     ] GC(614)   Pre Evacuate Collection Set: 0.2ms
[2025-11-03T06:24:49.311+0000][gc,phases     ] GC(614)   Evacuate Collection Set: 12.9ms
[2025-11-03T06:24:49.312+0000][gc,phases     ] GC(614)   Post Evacuate Collection Set: 2.2ms
[2025-11-03T06:24:49.313+0000][gc,phases     ] GC(614)   Other: 16.0ms
[2025-11-03T06:24:49.314+0000][gc,heap       ] GC(614) Eden regions: 40->0(40)
[2025-11-03T06:24:49.315+0000][gc,heap       ] GC(614) Survivor regions: 1->1(6)
[2025-11-03T06:24:49.316+0000][gc,heap       ] GC(614) Old regions: 64->64
[2025-11-03T06:24:49.318+0000][gc,heap       ] GC(614) Humongous regions: 174->156
[2025-11-03T06:24:49.318+0000][gc,metaspace  ] GC(614) Metaspace: 54042K(57264K)->54042K(57264K) NonClass: 48105K(49840K)->48105K(49840K) Class: 5936K(7424K)->5936K(7424K)
[2025-11-03T06:24:49.319+0000][gc            ] GC(614) Pause Young (Normal) (G1 Evacuation Pause) 278M->220M(835M) 40.289ms
[2025-11-03T06:24:49.321+0000][gc,cpu        ] GC(614) User=0.04s Sys=0.00s Real=0.04s
[2025-11-03T06:24:49.327+0000][gc,start      ] GC(615) Pause Young (Concurrent Start) (G1 Humongous Allocation)
[2025-11-03T06:24:49.329+0000][gc,task       ] GC(615) Using 2 workers of 2 for evacuation
[2025-11-03T06:24:49.350+0000][gc,phases     ] GC(615)   Pre Evacuate Collection Set: 0.4ms
[2025-11-03T06:24:49.352+0000][gc,phases     ] GC(615)   Evacuate Collection Set: 14.6ms
[2025-11-03T06:24:49.352+0000][gc,phases     ] GC(615)   Post Evacuate Collection Set: 4.5ms
[2025-11-03T06:24:49.353+0000][gc,phases     ] GC(615)   Other: 3.7ms
[2025-11-03T06:24:49.354+0000][gc,heap       ] GC(615) Eden regions: 1->0(40)
[2025-11-03T06:24:49.355+0000][gc,heap       ] GC(615) Survivor regions: 1->1(6)
[2025-11-03T06:24:49.356+0000][gc,heap       ] GC(615) Old regions: 64->64
[2025-11-03T06:24:49.357+0000][gc,heap       ] GC(615) Humongous regions: 156->156
[2025-11-03T06:24:49.359+0000][gc,metaspace  ] GC(615) Metaspace: 54042K(57264K)->54042K(57264K) NonClass: 48105K(49840K)->48105K(49840K) Class: 5936K(7424K)->5936K(7424K)
[2025-11-03T06:24:49.360+0000][gc            ] GC(615) Pause Young (Concurrent Start) (G1 Humongous Allocation) 221M->220M(835M) 32.432ms
[2025-11-03T06:24:49.361+0000][gc,cpu        ] GC(615) User=0.03s Sys=0.00s Real=0.03s
[2025-11-03T06:24:49.363+0000][gc            ] GC(616) Concurrent Cycle
[2025-11-03T06:24:49.367+0000][gc,marking    ] GC(616) Concurrent Clear Claimed Marks
[2025-11-03T06:24:49.369+0000][gc,marking    ] GC(616) Concurrent Clear Claimed Marks 1.589ms
[2025-11-03T06:24:49.370+0000][gc,marking    ] GC(616) Concurrent Scan Root Regions
[2025-11-03T06:24:49.378+0000][gc,marking    ] GC(616) Concurrent Scan Root Regions 7.125ms
[2025-11-03T06:24:49.380+0000][gc,marking    ] GC(616) Concurrent Mark (30939.064s)
[2025-11-03T06:24:49.381+0000][gc,marking    ] GC(616) Concurrent Mark From Roots
[2025-11-03T06:24:49.382+0000][gc,task       ] GC(616) Using 1 workers of 1 for marking
[2025-11-03T06:24:49.684+0000][gc,marking    ] GC(616) Concurrent Mark From Roots 302.759ms
[2025-11-03T06:24:49.685+0000][gc,marking    ] GC(616) Concurrent Preclean
[2025-11-03T06:24:49.686+0000][gc,marking    ] GC(616) Concurrent Preclean 1.244ms
[2025-11-03T06:24:49.687+0000][gc,marking    ] GC(616) Concurrent Mark (30939.064s, 30939.371s) 306.768ms
[2025-11-03T06:24:49.689+0000][gc,start      ] GC(616) Pause Remark
[2025-11-03T06:24:49.746+0000][gc,stringtable] GC(616) Cleaned string and symbol table, strings: 17234 processed, 0 removed, symbols: 123864 processed, 0 removed
[2025-11-03T06:24:49.749+0000][gc,mmu        ] GC(616) MMU target violated: 21.0ms (20.0ms/21.0ms)
[2025-11-03T06:24:49.750+0000][gc            ] GC(616) Pause Remark 266M->266M(835M) 61.609ms
[2025-11-03T06:24:49.751+0000][gc,cpu        ] GC(616) User=0.10s Sys=0.00s Real=0.06s
[2025-11-03T06:24:49.752+0000][gc,marking    ] GC(616) Concurrent Rebuild Remembered Sets
[2025-11-03T06:24:49.794+0000][gc,start      ] GC(617) Pause Young (Normal) (G1 Evacuation Pause)
[2025-11-03T06:24:49.795+0000][gc,task       ] GC(617) Using 2 workers of 2 for evacuation
[2025-11-03T06:24:49.815+0000][gc,phases     ] GC(617)   Pre Evacuate Collection Set: 0.0ms
[2025-11-03T06:24:49.816+0000][gc,phases     ] GC(617)   Evacuate Collection Set: 14.4ms
[2025-11-03T06:24:49.817+0000][gc,phases     ] GC(617)   Post Evacuate Collection Set: 3.6ms
[2025-11-03T06:24:49.818+0000][gc,phases     ] GC(617)   Other: 3.1ms
[2025-11-03T06:24:49.818+0000][gc,heap       ] GC(617) Eden regions: 40->0(40)
[2025-11-03T06:24:49.819+0000][gc,heap       ] GC(617) Survivor regions: 1->1(6)
[2025-11-03T06:24:49.820+0000][gc,heap       ] GC(617) Old regions: 64->64
[2025-11-03T06:24:49.821+0000][gc,heap       ] GC(617) Humongous regions: 168->162
[2025-11-03T06:24:49.822+0000][gc,metaspace  ] GC(617) Metaspace: 54042K(57264K)->54042K(57264K) NonClass: 48105K(49840K)->48105K(49840K) Class: 5936K(7424K)->5936K(7424K)
[2025-11-03T06:24:49.824+0000][gc            ] GC(617) Pause Young (Normal) (G1 Evacuation Pause) 272M->226M(835M) 29.696ms
[2025-11-03T06:24:49.825+0000][gc,cpu        ] GC(617) User=0.04s Sys=0.00s Real=0.03s
[2025-11-03T06:24:49.947+0000][gc,marking    ] GC(616) Concurrent Rebuild Remembered Sets 194.136ms
[2025-11-03T06:24:49.949+0000][gc,start      ] GC(616) Pause Cleanup
[2025-11-03T06:24:49.951+0000][gc            ] GC(616) Pause Cleanup 255M->255M(835M) 1.880ms
[2025-11-03T06:24:49.952+0000][gc,cpu        ] GC(616) User=0.00s Sys=0.00s Real=0.00s
[2025-11-03T06:24:49.953+0000][gc,marking    ] GC(616) Concurrent Cleanup for Next Mark
[2025-11-03T06:24:49.959+0000][gc,marking    ] GC(616) Concurrent Cleanup for Next Mark 6.128ms
[2025-11-03T06:24:49.960+0000][gc            ] GC(616) Concurrent Cycle 596.757ms
[2025-11-03T06:24:49.965+0000][gc,start      ] GC(618) Pause Young (Concurrent Start) (G1 Humongous Allocation)
[2025-11-03T06:24:49.966+0000][gc,task       ] GC(618) Using 2 workers of 2 for evacuation
[2025-11-03T06:24:49.992+0000][gc,mmu        ] GC(618) MMU target violated: 21.0ms (20.0ms/21.0ms)
[2025-11-03T06:24:49.993+0000][gc,phases     ] GC(618)   Pre Evacuate Collection Set: 0.9ms
[2025-11-03T06:24:49.994+0000][gc,phases     ] GC(618)   Evacuate Collection Set: 19.5ms
[2025-11-03T06:24:49.995+0000][gc,phases     ] GC(618)   Post Evacuate Collection Set: 3.2ms
[2025-11-03T06:24:49.997+0000][gc,phases     ] GC(618)   Other: 4.1ms
[2025-11-03T06:24:49.998+0000][gc,heap       ] GC(618) Eden regions: 25->0(41)
[2025-11-03T06:24:50.000+0000][gc,heap       ] GC(618) Survivor regions: 1->1(6)
[2025-11-03T06:24:50.001+0000][gc,heap       ] GC(618) Old regions: 64->64
[2025-11-03T06:24:50.003+0000][gc,heap       ] GC(618) Humongous regions: 168->156
[2025-11-03T06:24:50.004+0000][gc,metaspace  ] GC(618) Metaspace: 54042K(57264K)->54042K(57264K) NonClass: 48105K(49840K)->48105K(49840K) Class: 5936K(7424K)->5936K(7424K)
[2025-11-03T06:24:50.004+0000][gc            ] GC(618) Pause Young (Concurrent Start) (G1 Humongous Allocation) 256M->220M(843M) 39.255ms
[2025-11-03T06:24:50.005+0000][gc,cpu        ] GC(618) User=0.05s Sys=0.00s Real=0.04s
[2025-11-03T06:24:50.007+0000][gc            ] GC(619) Concurrent Cycle
[2025-11-03T06:24:50.008+0000][gc,marking    ] GC(619) Concurrent Clear Claimed Marks
[2025-11-03T06:24:50.010+0000][gc,marking    ] GC(619) Concurrent Clear Claimed Marks 1.690ms
[2025-11-03T06:24:50.011+0000][gc,marking    ] GC(619) Concurrent Scan Root Regions
[2025-11-03T06:24:50.018+0000][gc,marking    ] GC(619) Concurrent Scan Root Regions 7.361ms
[2025-11-03T06:24:50.019+0000][gc,marking    ] GC(619) Concurrent Mark (30939.703s)
[2025-11-03T06:24:50.020+0000][gc,marking    ] GC(619) Concurrent Mark From Roots
[2025-11-03T06:24:50.021+0000][gc,task       ] GC(619) Using 1 workers of 1 for marking
[2025-11-03T06:24:50.324+0000][gc,marking    ] GC(619) Concurrent Mark From Roots 303.942ms
[2025-11-03T06:24:50.329+0000][gc,marking    ] GC(619) Concurrent Preclean
[2025-11-03T06:24:50.336+0000][gc,marking    ] GC(619) Concurrent Preclean 6.867ms
[2025-11-03T06:24:50.337+0000][gc,marking    ] GC(619) Concurrent Mark (30939.703s, 30940.021s) 317.820ms
[2025-11-03T06:24:50.340+0000][gc,start      ] GC(619) Pause Remark
[2025-11-03T06:24:50.404+0000][gc,stringtable] GC(619) Cleaned string and symbol table, strings: 17234 processed, 0 removed, symbols: 123864 processed, 0 removed
[2025-11-03T06:24:50.408+0000][gc,mmu        ] GC(619) MMU target violated: 21.0ms (20.0ms/21.0ms)
[2025-11-03T06:24:50.410+0000][gc            ] GC(619) Pause Remark 258M->258M(843M) 69.839ms
[2025-11-03T06:24:50.411+0000][gc,cpu        ] GC(619) User=0.14s Sys=0.00s Real=0.07s
[2025-11-03T06:24:50.413+0000][gc,marking    ] GC(619) Concurrent Rebuild Remembered Sets
[2025-11-03T06:24:50.470+0000][gc,start      ] GC(620) Pause Young (Normal) (G1 Evacuation Pause)
[2025-11-03T06:24:50.471+0000][gc,task       ] GC(620) Using 2 workers of 2 for evacuation
[2025-11-03T06:24:50.497+0000][gc,mmu        ] GC(620) MMU target violated: 21.0ms (20.0ms/21.0ms)
[2025-11-03T06:24:50.498+0000][gc,phases     ] GC(620)   Pre Evacuate Collection Set: 0.0ms
[2025-11-03T06:24:50.501+0000][gc,phases     ] GC(620)   Evacuate Collection Set: 20.5ms
[2025-11-03T06:24:50.502+0000][gc,phases     ] GC(620)   Post Evacuate Collection Set: 3.1ms
[2025-11-03T06:24:50.503+0000][gc,phases     ] GC(620)   Other: 4.5ms
[2025-11-03T06:24:50.504+0000][gc,heap       ] GC(620) Eden regions: 41->0(41)
[2025-11-03T06:24:50.506+0000][gc,heap       ] GC(620) Survivor regions: 1->1(6)
[2025-11-03T06:24:50.508+0000][gc,heap       ] GC(620) Old regions: 64->64
[2025-11-03T06:24:50.509+0000][gc,heap       ] GC(620) Humongous regions: 162->162
[2025-11-03T06:24:50.510+0000][gc,metaspace  ] GC(620) Metaspace: 54042K(57264K)->54042K(57264K) NonClass: 48105K(49840K)->48105K(49840K) Class: 5936K(7424K)->5936K(7424K)
[2025-11-03T06:24:50.511+0000][gc            ] GC(620) Pause Young (Normal) (G1 Evacuation Pause) 267M->226M(843M) 40.785ms
[2025-11-03T06:24:50.512+0000][gc,cpu        ] GC(620) User=0.05s Sys=0.00s Real=0.04s
[2025-11-03T06:24:50.686+0000][gc,marking    ] GC(619) Concurrent Rebuild Remembered Sets 272.904ms
[2025-11-03T06:24:50.690+0000][gc,start      ] GC(619) Pause Cleanup
[2025-11-03T06:24:50.715+0000][gc            ] GC(619) Pause Cleanup 240M->240M(843M) 25.123ms
[2025-11-03T06:24:50.718+0000][gc,cpu        ] GC(619) User=0.00s Sys=0.00s Real=0.03s
[2025-11-03T06:24:50.719+0000][gc,marking    ] GC(619) Concurrent Cleanup for Next Mark
[2025-11-03T06:24:50.727+0000][gc,marking    ] GC(619) Concurrent Cleanup for Next Mark 7.747ms
[2025-11-03T06:24:50.728+0000][gc            ] GC(619) Concurrent Cycle 720.954ms
[2025-11-03T06:24:50.885+0000][gc,start      ] GC(621) Pause Young (Concurrent Start) (G1 Humongous Allocation)
[2025-11-03T06:24:50.886+0000][gc,task       ] GC(621) Using 2 workers of 2 for evacuation
[2025-11-03T06:24:50.922+0000][gc,mmu        ] GC(621) MMU target violated: 21.0ms (20.0ms/21.0ms)
[2025-11-03T06:24:50.925+0000][gc,phases     ] GC(621)   Pre Evacuate Collection Set: 0.9ms
[2025-11-03T06:24:50.926+0000][gc,phases     ] GC(621)   Evacuate Collection Set: 26.6ms
[2025-11-03T06:24:50.928+0000][gc,phases     ] GC(621)   Post Evacuate Collection Set: 5.0ms
[2025-11-03T06:24:50.929+0000][gc,phases     ] GC(621)   Other: 7.4ms
[2025-11-03T06:24:50.931+0000][gc,heap       ] GC(621) Eden regions: 37->0(41)
[2025-11-03T06:24:50.933+0000][gc,heap       ] GC(621) Survivor regions: 1->1(6)
[2025-11-03T06:24:50.935+0000][gc,heap       ] GC(621) Old regions: 64->64
[2025-11-03T06:24:50.936+0000][gc,heap       ] GC(621) Humongous regions: 168->156
[2025-11-03T06:24:50.937+0000][gc,metaspace  ] GC(621) Metaspace: 54042K(57264K)->54042K(57264K) NonClass: 48105K(49840K)->48105K(49840K) Class: 5936K(7424K)->5936K(7424K)
[2025-11-03T06:24:50.938+0000][gc            ] GC(621) Pause Young (Concurrent Start) (G1 Humongous Allocation) 269M->220M(843M) 52.963ms
[2025-11-03T06:24:50.939+0000][gc,cpu        ] GC(621) User=0.06s Sys=0.00s Real=0.05s
[2025-11-03T06:24:50.941+0000][gc            ] GC(622) Concurrent Cycle
[2025-11-03T06:24:50.942+0000][gc,marking    ] GC(622) Concurrent Clear Claimed Marks
[2025-11-03T06:24:50.944+0000][gc,marking    ] GC(622) Concurrent Clear Claimed Marks 1.848ms
[2025-11-03T06:24:50.945+0000][gc,marking    ] GC(622) Concurrent Scan Root Regions
[2025-11-03T06:24:50.952+0000][gc,marking    ] GC(622) Concurrent Scan Root Regions 6.465ms
[2025-11-03T06:24:50.953+0000][gc,marking    ] GC(622) Concurrent Mark (30940.637s)
[2025-11-03T06:24:50.955+0000][gc,marking    ] GC(622) Concurrent Mark From Roots
[2025-11-03T06:24:50.956+0000][gc,task       ] GC(622) Using 1 workers of 1 for marking
[2025-11-03T06:24:51.419+0000][gc,marking    ] GC(622) Concurrent Mark From Roots 464.220ms
[2025-11-03T06:24:51.423+0000][gc,marking    ] GC(622) Concurrent Preclean
[2025-11-03T06:24:51.427+0000][gc,marking    ] GC(622) Concurrent Preclean 4.365ms
[2025-11-03T06:24:51.430+0000][gc,marking    ] GC(622) Concurrent Mark (30940.637s, 30941.115s) 477.723ms
[2025-11-03T06:24:51.432+0000][gc,start      ] GC(622) Pause Remark
[2025-11-03T06:24:51.569+0000][gc,stringtable] GC(622) Cleaned string and symbol table, strings: 17234 processed, 0 removed, symbols: 123864 processed, 0 removed
[2025-11-03T06:24:51.576+0000][gc,mmu        ] GC(622) MMU target violated: 21.0ms (20.0ms/21.0ms)
[2025-11-03T06:24:51.577+0000][gc            ] GC(622) Pause Remark 269M->269M(843M) 145.258ms
[2025-11-03T06:24:51.581+0000][gc,cpu        ] GC(622) User=0.17s Sys=0.15s Real=0.15s
[2025-11-03T06:24:51.584+0000][gc,marking    ] GC(622) Concurrent Rebuild Remembered Sets
[2025-11-03T06:24:51.623+0000][gc,start      ] GC(623) Pause Young (Normal) (G1 Evacuation Pause)
[2025-11-03T06:24:51.624+0000][gc,task       ] GC(623) Using 2 workers of 2 for evacuation
[2025-11-03T06:24:51.673+0000][gc,mmu        ] GC(623) MMU target violated: 21.0ms (20.0ms/21.0ms)
[2025-11-03T06:24:51.676+0000][gc,phases     ] GC(623)   Pre Evacuate Collection Set: 0.7ms
[2025-11-03T06:24:51.678+0000][gc,phases     ] GC(623)   Evacuate Collection Set: 30.3ms
[2025-11-03T06:24:51.679+0000][gc,phases     ] GC(623)   Post Evacuate Collection Set: 7.0ms
[2025-11-03T06:24:51.683+0000][gc,phases     ] GC(623)   Other: 15.3ms
[2025-11-03T06:24:51.686+0000][gc,heap       ] GC(623) Eden regions: 41->0(41)
[2025-11-03T06:24:51.687+0000][gc,heap       ] GC(623) Survivor regions: 1->1(6)
[2025-11-03T06:24:51.689+0000][gc,heap       ] GC(623) Old regions: 64->65
[2025-11-03T06:24:51.691+0000][gc,heap       ] GC(623) Humongous regions: 168->162
[2025-11-03T06:24:51.695+0000][gc,metaspace  ] GC(623) Metaspace: 54042K(57264K)->54042K(57264K) NonClass: 48105K(49840K)->48105K(49840K) Class: 5936K(7424K)->5936K(7424K)
[2025-11-03T06:24:51.703+0000][gc            ] GC(623) Pause Young (Normal) (G1 Evacuation Pause) 273M->226M(843M) 80.361ms
[2025-11-03T06:24:51.705+0000][gc,cpu        ] GC(623) User=0.08s Sys=0.00s Real=0.09s
[2025-11-03T06:24:51.960+0000][gc,marking    ] GC(622) Concurrent Rebuild Remembered Sets 375.825ms
[2025-11-03T06:24:51.970+0000][gc,start      ] GC(622) Pause Cleanup
[2025-11-03T06:24:51.974+0000][gc            ] GC(622) Pause Cleanup 258M->258M(843M) 4.027ms
[2025-11-03T06:24:51.976+0000][gc,cpu        ] GC(622) User=0.00s Sys=0.00s Real=0.01s
[2025-11-03T06:24:51.979+0000][gc,marking    ] GC(622) Concurrent Cleanup for Next Mark
[2025-11-03T06:24:51.990+0000][gc,marking    ] GC(622) Concurrent Cleanup for Next Mark 11.146ms
[2025-11-03T06:24:51.994+0000][gc            ] GC(622) Concurrent Cycle 1052.725ms
[2025-11-03T06:24:52.042+0000][gc,start      ] GC(624) Pause Young (Concurrent Start) (G1 Humongous Allocation)
[2025-11-03T06:24:52.043+0000][gc,task       ] GC(624) Using 2 workers of 2 for evacuation
[2025-11-03T06:24:52.093+0000][gc,mmu        ] GC(624) MMU target violated: 21.0ms (20.0ms/21.0ms)
[2025-11-03T06:24:52.095+0000][gc,phases     ] GC(624)   Pre Evacuate Collection Set: 0.9ms
[2025-11-03T06:24:52.098+0000][gc,phases     ] GC(624)   Evacuate Collection Set: 36.6ms
[2025-11-03T06:24:52.099+0000][gc,phases     ] GC(624)   Post Evacuate Collection Set: 10.1ms
[2025-11-03T06:24:52.100+0000][gc,phases     ] GC(624)   Other: 5.6ms
[2025-11-03T06:24:52.102+0000][gc,heap       ] GC(624) Eden regions: 32->0(41)
[2025-11-03T06:24:52.103+0000][gc,heap       ] GC(624) Survivor regions: 1->1(6)
[2025-11-03T06:24:52.105+0000][gc,heap       ] GC(624) Old regions: 65->65
[2025-11-03T06:24:52.108+0000][gc,heap       ] GC(624) Humongous regions: 168->156
[2025-11-03T06:24:52.110+0000][gc,metaspace  ] GC(624) Metaspace: 54042K(57264K)->54042K(57264K) NonClass: 48105K(49840K)->48105K(49840K) Class: 5936K(7424K)->5936K(7424K)
[2025-11-03T06:24:52.111+0000][gc            ] GC(624) Pause Young (Concurrent Start) (G1 Humongous Allocation) 264M->220M(855M) 69.211ms
[2025-11-03T06:24:52.113+0000][gc,cpu        ] GC(624) User=0.08s Sys=0.00s Real=0.08s
[2025-11-03T06:24:52.116+0000][gc            ] GC(625) Concurrent Cycle
[2025-11-03T06:24:52.119+0000][gc,marking    ] GC(625) Concurrent Clear Claimed Marks
[2025-11-03T06:24:52.122+0000][gc,marking    ] GC(625) Concurrent Clear Claimed Marks 2.723ms
[2025-11-03T06:24:52.123+0000][gc,marking    ] GC(625) Concurrent Scan Root Regions
[2025-11-03T06:24:52.136+0000][gc,marking    ] GC(625) Concurrent Scan Root Regions 12.796ms
[2025-11-03T06:24:52.139+0000][gc,marking    ] GC(625) Concurrent Mark (30941.823s)
[2025-11-03T06:24:52.141+0000][gc,marking    ] GC(625) Concurrent Mark From Roots
[2025-11-03T06:24:52.143+0000][gc,task       ] GC(625) Using 1 workers of 1 for marking
[2025-11-03T06:24:52.515+0000][gc,marking    ] GC(625) Concurrent Mark From Roots 373.868ms
[2025-11-03T06:24:52.517+0000][gc,marking    ] GC(625) Concurrent Preclean
[2025-11-03T06:24:52.519+0000][gc,marking    ] GC(625) Concurrent Preclean 2.345ms
[2025-11-03T06:24:52.520+0000][gc,marking    ] GC(625) Concurrent Mark (30941.823s, 30942.204s) 381.104ms
[2025-11-03T06:24:52.522+0000][gc,start      ] GC(625) Pause Remark
[2025-11-03T06:24:52.588+0000][gc,stringtable] GC(625) Cleaned string and symbol table, strings: 17234 processed, 0 removed, symbols: 123864 processed, 0 removed
[2025-11-03T06:24:52.592+0000][gc,mmu        ] GC(625) MMU target violated: 21.0ms (20.0ms/21.0ms)
[2025-11-03T06:24:52.599+0000][gc            ] GC(625) Pause Remark 253M->253M(855M) 76.608ms
[2025-11-03T06:24:52.600+0000][gc,cpu        ] GC(625) User=0.13s Sys=0.00s Real=0.08s
[2025-11-03T06:24:52.601+0000][gc,marking    ] GC(625) Concurrent Rebuild Remembered Sets
[2025-11-03T06:24:52.732+0000][gc,start      ] GC(626) Pause Young (Normal) (G1 Evacuation Pause)
[2025-11-03T06:24:52.737+0000][gc,task       ] GC(626) Using 2 workers of 2 for evacuation
[2025-11-03T06:24:52.762+0000][gc,mmu        ] GC(626) MMU target violated: 20.0ms (20.0ms/21.0ms)
[2025-11-03T06:24:52.763+0000][gc,phases     ] GC(626)   Pre Evacuate Collection Set: 0.1ms
[2025-11-03T06:24:52.764+0000][gc,phases     ] GC(626)   Evacuate Collection Set: 16.0ms
[2025-11-03T06:24:52.765+0000][gc,phases     ] GC(626)   Post Evacuate Collection Set: 2.7ms
[2025-11-03T06:24:52.766+0000][gc,phases     ] GC(626)   Other: 12.2ms
[2025-11-03T06:24:52.767+0000][gc,heap       ] GC(626) Eden regions: 41->0(41)
[2025-11-03T06:24:52.767+0000][gc,heap       ] GC(626) Survivor regions: 1->1(6)
[2025-11-03T06:24:52.768+0000][gc,heap       ] GC(626) Old regions: 65->65
[2025-11-03T06:24:52.769+0000][gc,heap       ] GC(626) Humongous regions: 162->162
[2025-11-03T06:24:52.770+0000][gc,metaspace  ] GC(626) Metaspace: 54042K(57264K)->54042K(57264K) NonClass: 48105K(49840K)->48105K(49840K) Class: 5936K(7424K)->5936K(7424K)
[2025-11-03T06:24:52.771+0000][gc            ] GC(626) Pause Young (Normal) (G1 Evacuation Pause) 267M->226M(855M) 38.354ms
[2025-11-03T06:24:52.772+0000][gc,cpu        ] GC(626) User=0.04s Sys=0.00s Real=0.04s
[2025-11-03T06:24:52.871+0000][gc,marking    ] GC(625) Concurrent Rebuild Remembered Sets 269.467ms
[2025-11-03T06:24:52.874+0000][gc,start      ] GC(625) Pause Cleanup
[2025-11-03T06:24:52.876+0000][gc            ] GC(625) Pause Cleanup 240M->240M(855M) 2.267ms
[2025-11-03T06:24:52.877+0000][gc,cpu        ] GC(625) User=0.00s Sys=0.00s Real=0.00s
[2025-11-03T06:24:52.879+0000][gc,marking    ] GC(625) Concurrent Cleanup for Next Mark
[2025-11-03T06:24:52.885+0000][gc,marking    ] GC(625) Concurrent Cleanup for Next Mark 5.722ms
[2025-11-03T06:24:52.886+0000][gc            ] GC(625) Concurrent Cycle 769.995ms
[2025-11-03T06:24:52.937+0000][gc,start      ] GC(627) Pause Young (Concurrent Start) (G1 Humongous Allocation)
[2025-11-03T06:24:52.938+0000][gc,task       ] GC(627) Using 2 workers of 2 for evacuation
[2025-11-03T06:24:52.961+0000][gc,mmu        ] GC(627) MMU target violated: 21.0ms (20.0ms/21.0ms)
[2025-11-03T06:24:52.964+0000][gc,phases     ] GC(627)   Pre Evacuate Collection Set: 0.4ms
[2025-11-03T06:24:52.967+0000][gc,phases     ] GC(627)   Evacuate Collection Set: 17.7ms
[2025-11-03T06:24:52.968+0000][gc,phases     ] GC(627)   Post Evacuate Collection Set: 3.2ms
[2025-11-03T06:24:52.969+0000][gc,phases     ] GC(627)   Other: 6.4ms
[2025-11-03T06:24:52.970+0000][gc,heap       ] GC(627) Eden regions: 18->0(41)
[2025-11-03T06:24:52.971+0000][gc,heap       ] GC(627) Survivor regions: 1->1(6)
[2025-11-03T06:24:52.972+0000][gc,heap       ] GC(627) Old regions: 65->65
[2025-11-03T06:24:52.973+0000][gc,heap       ] GC(627) Humongous regions: 168->156
[2025-11-03T06:24:52.974+0000][gc,metaspace  ] GC(627) Metaspace: 54042K(57264K)->54042K(57264K) NonClass: 48105K(49840K)->48105K(49840K) Class: 5936K(7424K)->5936K(7424K)
[2025-11-03T06:24:52.975+0000][gc            ] GC(627) Pause Young (Concurrent Start) (G1 Humongous Allocation) 250M->221M(855M) 38.605ms
[2025-11-03T06:24:52.976+0000][gc,cpu        ] GC(627) User=0.04s Sys=0.00s Real=0.04s
[2025-11-03T06:24:52.978+0000][gc            ] GC(628) Concurrent Cycle
[2025-11-03T06:24:52.979+0000][gc,marking    ] GC(628) Concurrent Clear Claimed Marks
[2025-11-03T06:24:52.981+0000][gc,marking    ] GC(628) Concurrent Clear Claimed Marks 1.774ms
[2025-11-03T06:24:52.982+0000][gc,marking    ] GC(628) Concurrent Scan Root Regions
[2025-11-03T06:24:52.989+0000][gc,marking    ] GC(628) Concurrent Scan Root Regions 6.811ms
[2025-11-03T06:24:52.990+0000][gc,marking    ] GC(628) Concurrent Mark (30942.674s)
[2025-11-03T06:24:52.991+0000][gc,marking    ] GC(628) Concurrent Mark From Roots
[2025-11-03T06:24:52.991+0000][gc,task       ] GC(628) Using 1 workers of 1 for marking
[2025-11-03T06:24:53.319+0000][gc,marking    ] GC(628) Concurrent Mark From Roots 328.605ms
[2025-11-03T06:24:53.320+0000][gc,marking    ] GC(628) Concurrent Preclean
[2025-11-03T06:24:53.323+0000][gc,marking    ] GC(628) Concurrent Preclean 3.007ms
[2025-11-03T06:24:53.324+0000][gc,marking    ] GC(628) Concurrent Mark (30942.674s, 30943.009s) 334.583ms
[2025-11-03T06:24:53.328+0000][gc,start      ] GC(628) Pause Remark
[2025-11-03T06:24:53.382+0000][gc,stringtable] GC(628) Cleaned string and symbol table, strings: 17234 processed, 0 removed, symbols: 123864 processed, 0 removed
[2025-11-03T06:24:53.384+0000][gc,mmu        ] GC(628) MMU target violated: 21.0ms (20.0ms/21.0ms)
[2025-11-03T06:24:53.385+0000][gc            ] GC(628) Pause Remark 264M->264M(855M) 57.119ms
[2025-11-03T06:24:53.386+0000][gc,cpu        ] GC(628) User=0.09s Sys=0.00s Real=0.06s
[2025-11-03T06:24:53.387+0000][gc,marking    ] GC(628) Concurrent Rebuild Remembered Sets
[2025-11-03T06:24:53.418+0000][gc,start      ] GC(629) Pause Young (Normal) (G1 Evacuation Pause)
[2025-11-03T06:24:53.419+0000][gc,task       ] GC(629) Using 2 workers of 2 for evacuation
[2025-11-03T06:24:53.439+0000][gc,phases     ] GC(629)   Pre Evacuate Collection Set: 0.4ms
[2025-11-03T06:24:53.439+0000][gc,phases     ] GC(629)   Evacuate Collection Set: 14.4ms
[2025-11-03T06:24:53.440+0000][gc,phases     ] GC(629)   Post Evacuate Collection Set: 3.2ms
[2025-11-03T06:24:53.441+0000][gc,phases     ] GC(629)   Other: 2.5ms
[2025-11-03T06:24:53.442+0000][gc,heap       ] GC(629) Eden regions: 41->0(41)
[2025-11-03T06:24:53.443+0000][gc,heap       ] GC(629) Survivor regions: 1->1(6)
[2025-11-03T06:24:53.444+0000][gc,heap       ] GC(629) Old regions: 65->65
[2025-11-03T06:24:53.445+0000][gc,heap       ] GC(629) Humongous regions: 168->162
[2025-11-03T06:24:53.445+0000][gc,metaspace  ] GC(629) Metaspace: 54042K(57264K)->54042K(57264K) NonClass: 48105K(49840K)->48105K(49840K) Class: 5936K(7424K)->5936K(7424K)
[2025-11-03T06:24:53.446+0000][gc            ] GC(629) Pause Young (Normal) (G1 Evacuation Pause) 274M->227M(855M) 28.003ms
[2025-11-03T06:24:53.447+0000][gc,cpu        ] GC(629) User=0.03s Sys=0.00s Real=0.03s
[2025-11-03T06:24:53.570+0000][gc,marking    ] GC(628) Concurrent Rebuild Remembered Sets 183.681ms
[2025-11-03T06:24:53.574+0000][gc,start      ] GC(628) Pause Cleanup
[2025-11-03T06:24:53.576+0000][gc            ] GC(628) Pause Cleanup 243M->243M(855M) 2.589ms
[2025-11-03T06:24:53.578+0000][gc,cpu        ] GC(628) User=0.00s Sys=0.00s Real=0.00s
[2025-11-03T06:24:53.579+0000][gc,marking    ] GC(628) Concurrent Cleanup for Next Mark
[2025-11-03T06:24:53.585+0000][gc,marking    ] GC(628) Concurrent Cleanup for Next Mark 5.139ms
[2025-11-03T06:24:53.586+0000][gc            ] GC(628) Concurrent Cycle 608.434ms
[2025-11-03T06:24:53.703+0000][gc,start      ] GC(630) Pause Young (Normal) (G1 Evacuation Pause)
[2025-11-03T06:24:53.704+0000][gc,task       ] GC(630) Using 2 workers of 2 for evacuation
[2025-11-03T06:24:53.723+0000][gc,phases     ] GC(630)   Pre Evacuate Collection Set: 0.0ms
[2025-11-03T06:24:53.724+0000][gc,phases     ] GC(630)   Evacuate Collection Set: 15.0ms
[2025-11-03T06:24:53.724+0000][gc,phases     ] GC(630)   Post Evacuate Collection Set: 2.5ms
[2025-11-03T06:24:53.725+0000][gc,phases     ] GC(630)   Other: 2.4ms
[2025-11-03T06:24:53.726+0000][gc,heap       ] GC(630) Eden regions: 41->0(41)
[2025-11-03T06:24:53.727+0000][gc,heap       ] GC(630) Survivor regions: 1->1(6)
[2025-11-03T06:24:53.728+0000][gc,heap       ] GC(630) Old regions: 65->65
[2025-11-03T06:24:53.729+0000][gc,heap       ] GC(630) Humongous regions: 168->162
[2025-11-03T06:24:53.730+0000][gc,metaspace  ] GC(630) Metaspace: 54042K(57264K)->54042K(57264K) NonClass: 48105K(49840K)->48105K(49840K) Class: 5936K(7424K)->5936K(7424K)
[2025-11-03T06:24:53.730+0000][gc            ] GC(630) Pause Young (Normal) (G1 Evacuation Pause) 274M->227M(855M) 27.563ms
[2025-11-03T06:24:53.731+0000][gc,cpu        ] GC(630) User=0.03s Sys=0.00s Real=0.03s
[2025-11-03T06:24:53.742+0000][gc,start      ] GC(631) Pause Young (Concurrent Start) (G1 Humongous Allocation)
[2025-11-03T06:24:53.742+0000][gc,task       ] GC(631) Using 2 workers of 2 for evacuation
[2025-11-03T06:24:53.758+0000][gc,phases     ] GC(631)   Pre Evacuate Collection Set: 0.4ms
[2025-11-03T06:24:53.759+0000][gc,phases     ] GC(631)   Evacuate Collection Set: 10.9ms
[2025-11-03T06:24:53.760+0000][gc,phases     ] GC(631)   Post Evacuate Collection Set: 3.5ms
[2025-11-03T06:24:53.761+0000][gc,phases     ] GC(631)   Other: 2.3ms
[2025-11-03T06:24:53.762+0000][gc,heap       ] GC(631) Eden regions: 2->0(41)
[2025-11-03T06:24:53.762+0000][gc,heap       ] GC(631) Survivor regions: 1->1(6)
[2025-11-03T06:24:53.763+0000][gc,heap       ] GC(631) Old regions: 65->65
[2025-11-03T06:24:53.764+0000][gc,heap       ] GC(631) Humongous regions: 162->156
[2025-11-03T06:24:53.765+0000][gc,metaspace  ] GC(631) Metaspace: 54042K(57264K)->54042K(57264K) NonClass: 48105K(49840K)->48105K(49840K) Class: 5936K(7424K)->5936K(7424K)
[2025-11-03T06:24:53.766+0000][gc            ] GC(631) Pause Young (Concurrent Start) (G1 Humongous Allocation) 228M->221M(855M) 24.192ms
[2025-11-03T06:24:53.767+0000][gc,cpu        ] GC(631) User=0.03s Sys=0.00s Real=0.03s
[2025-11-03T06:24:53.768+0000][gc            ] GC(632) Concurrent Cycle
[2025-11-03T06:24:53.769+0000][gc,marking    ] GC(632) Concurrent Clear Claimed Marks
[2025-11-03T06:24:53.771+0000][gc,marking    ] GC(632) Concurrent Clear Claimed Marks 1.692ms
[2025-11-03T06:24:53.772+0000][gc,marking    ] GC(632) Concurrent Scan Root Regions
[2025-11-03T06:24:53.776+0000][gc,marking    ] GC(632) Concurrent Scan Root Regions 4.502ms
[2025-11-03T06:24:53.777+0000][gc,marking    ] GC(632) Concurrent Mark (30943.461s)
[2025-11-03T06:24:53.778+0000][gc,marking    ] GC(632) Concurrent Mark From Roots
[2025-11-03T06:24:53.779+0000][gc,task       ] GC(632) Using 1 workers of 1 for marking
[2025-11-03T06:24:54.026+0000][gc,marking    ] GC(632) Concurrent Mark From Roots 247.995ms
[2025-11-03T06:24:54.027+0000][gc,marking    ] GC(632) Concurrent Preclean
[2025-11-03T06:24:54.029+0000][gc,marking    ] GC(632) Concurrent Preclean 1.663ms
[2025-11-03T06:24:54.030+0000][gc,marking    ] GC(632) Concurrent Mark (30943.461s, 30943.714s) 252.599ms
[2025-11-03T06:24:54.032+0000][gc,start      ] GC(632) Pause Remark
[2025-11-03T06:24:54.088+0000][gc,stringtable] GC(632) Cleaned string and symbol table, strings: 17234 processed, 0 removed, symbols: 123864 processed, 0 removed
[2025-11-03T06:24:54.122+0000][gc,mmu        ] GC(632) MMU target violated: 21.0ms (20.0ms/21.0ms)
[2025-11-03T06:24:54.123+0000][gc            ] GC(632) Pause Remark 259M->259M(855M) 91.484ms
[2025-11-03T06:24:54.124+0000][gc,cpu        ] GC(632) User=0.13s Sys=0.00s Real=0.10s
[2025-11-03T06:24:54.126+0000][gc,marking    ] GC(632) Concurrent Rebuild Remembered Sets
[2025-11-03T06:24:54.189+0000][gc,start      ] GC(633) Pause Young (Normal) (G1 Evacuation Pause)
[2025-11-03T06:24:54.190+0000][gc,task       ] GC(633) Using 2 workers of 2 for evacuation
[2025-11-03T06:24:54.220+0000][gc,mmu        ] GC(633) MMU target violated: 21.0ms (20.0ms/21.0ms)
[2025-11-03T06:24:54.221+0000][gc,phases     ] GC(633)   Pre Evacuate Collection Set: 0.1ms
[2025-11-03T06:24:54.222+0000][gc,phases     ] GC(633)   Evacuate Collection Set: 23.5ms
[2025-11-03T06:24:54.223+0000][gc,phases     ] GC(633)   Post Evacuate Collection Set: 4.3ms
[2025-11-03T06:24:54.224+0000][gc,phases     ] GC(633)   Other: 3.9ms
[2025-11-03T06:24:54.226+0000][gc,heap       ] GC(633) Eden regions: 41->0(41)
[2025-11-03T06:24:54.227+0000][gc,heap       ] GC(633) Survivor regions: 1->1(6)
[2025-11-03T06:24:54.228+0000][gc,heap       ] GC(633) Old regions: 65->65
[2025-11-03T06:24:54.229+0000][gc,heap       ] GC(633) Humongous regions: 162->162
[2025-11-03T06:24:54.230+0000][gc,metaspace  ] GC(633) Metaspace: 54042K(57264K)->54042K(57264K) NonClass: 48105K(49840K)->48105K(49840K) Class: 5936K(7424K)->5936K(7424K)
[2025-11-03T06:24:54.231+0000][gc            ] GC(633) Pause Young (Normal) (G1 Evacuation Pause) 268M->227M(855M) 41.089ms
[2025-11-03T06:24:54.232+0000][gc,cpu        ] GC(633) User=0.06s Sys=0.00s Real=0.04s
[2025-11-03T06:24:54.352+0000][gc,marking    ] GC(632) Concurrent Rebuild Remembered Sets 225.526ms
[2025-11-03T06:24:54.356+0000][gc,start      ] GC(632) Pause Cleanup
[2025-11-03T06:24:54.359+0000][gc            ] GC(632) Pause Cleanup 247M->247M(855M) 2.839ms
[2025-11-03T06:24:54.360+0000][gc,cpu        ] GC(632) User=0.00s Sys=0.00s Real=0.00s
[2025-11-03T06:24:54.361+0000][gc,marking    ] GC(632) Concurrent Cleanup for Next Mark
[2025-11-03T06:24:54.371+0000][gc,marking    ] GC(632) Concurrent Cleanup for Next Mark 10.743ms
[2025-11-03T06:24:54.373+0000][gc            ] GC(632) Concurrent Cycle 604.834ms
[2025-11-03T06:24:54.435+0000][gc,start      ] GC(634) Pause Young (Concurrent Start) (G1 Humongous Allocation)
[2025-11-03T06:24:54.437+0000][gc,task       ] GC(634) Using 2 workers of 2 for evacuation
[2025-11-03T06:24:54.454+0000][gc,phases     ] GC(634)   Pre Evacuate Collection Set: 0.6ms
[2025-11-03T06:24:54.454+0000][gc,phases     ] GC(634)   Evacuate Collection Set: 13.0ms
[2025-11-03T06:24:54.455+0000][gc,phases     ] GC(634)   Post Evacuate Collection Set: 1.9ms
[2025-11-03T06:24:54.457+0000][gc,phases     ] GC(634)   Other: 3.0ms
[2025-11-03T06:24:54.457+0000][gc,heap       ] GC(634) Eden regions: 30->0(41)
[2025-11-03T06:24:54.458+0000][gc,heap       ] GC(634) Survivor regions: 1->1(6)
[2025-11-03T06:24:54.459+0000][gc,heap       ] GC(634) Old regions: 65->65
[2025-11-03T06:24:54.460+0000][gc,heap       ] GC(634) Humongous regions: 168->156
[2025-11-03T06:24:54.461+0000][gc,metaspace  ] GC(634) Metaspace: 54042K(57264K)->54042K(57264K) NonClass: 48105K(49840K)->48105K(49840K) Class: 5936K(7424K)->5936K(7424K)
[2025-11-03T06:24:54.462+0000][gc            ] GC(634) Pause Young (Concurrent Start) (G1 Humongous Allocation) 262M->221M(855M) 26.623ms
[2025-11-03T06:24:54.463+0000][gc,cpu        ] GC(634) User=0.03s Sys=0.00s Real=0.02s
[2025-11-03T06:24:54.465+0000][gc            ] GC(635) Concurrent Cycle
[2025-11-03T06:24:54.466+0000][gc,marking    ] GC(635) Concurrent Clear Claimed Marks
[2025-11-03T06:24:54.469+0000][gc,marking    ] GC(635) Concurrent Clear Claimed Marks 3.002ms
[2025-11-03T06:24:54.470+0000][gc,marking    ] GC(635) Concurrent Scan Root Regions
[2025-11-03T06:24:54.477+0000][gc,marking    ] GC(635) Concurrent Scan Root Regions 7.649ms
[2025-11-03T06:24:54.480+0000][gc,marking    ] GC(635) Concurrent Mark (30944.164s)
[2025-11-03T06:24:54.483+0000][gc,marking    ] GC(635) Concurrent Mark From Roots
[2025-11-03T06:24:54.484+0000][gc,task       ] GC(635) Using 1 workers of 1 for marking
[2025-11-03T06:24:54.836+0000][gc,marking    ] GC(635) Concurrent Mark From Roots 353.039ms
[2025-11-03T06:24:54.837+0000][gc,marking    ] GC(635) Concurrent Preclean
[2025-11-03T06:24:54.839+0000][gc,marking    ] GC(635) Concurrent Preclean 1.875ms
[2025-11-03T06:24:54.840+0000][gc,marking    ] GC(635) Concurrent Mark (30944.164s, 30944.524s) 359.703ms
[2025-11-03T06:24:54.844+0000][gc,start      ] GC(635) Pause Remark
[2025-11-03T06:24:54.905+0000][gc,stringtable] GC(635) Cleaned string and symbol table, strings: 17234 processed, 0 removed, symbols: 123864 processed, 0 removed
[2025-11-03T06:24:54.909+0000][gc,mmu        ] GC(635) MMU target violated: 21.0ms (20.0ms/21.0ms)
[2025-11-03T06:24:54.910+0000][gc            ] GC(635) Pause Remark 268M->268M(855M) 65.831ms
[2025-11-03T06:24:54.911+0000][gc,cpu        ] GC(635) User=0.13s Sys=0.00s Real=0.06s
[2025-11-03T06:24:54.913+0000][gc,marking    ] GC(635) Concurrent Rebuild Remembered Sets
[2025-11-03T06:24:54.958+0000][gc,start      ] GC(636) Pause Young (Normal) (G1 Evacuation Pause)
[2025-11-03T06:24:54.959+0000][gc,task       ] GC(636) Using 2 workers of 2 for evacuation
[2025-11-03T06:24:54.983+0000][gc,mmu        ] GC(636) MMU target violated: 21.0ms (20.0ms/21.0ms)
[2025-11-03T06:24:54.985+0000][gc,phases     ] GC(636)   Pre Evacuate Collection Set: 0.1ms
[2025-11-03T06:24:54.986+0000][gc,phases     ] GC(636)   Evacuate Collection Set: 18.5ms
[2025-11-03T06:24:54.987+0000][gc,phases     ] GC(636)   Post Evacuate Collection Set: 3.2ms
[2025-11-03T06:24:54.988+0000][gc,phases     ] GC(636)   Other: 4.8ms
[2025-11-03T06:24:54.988+0000][gc,heap       ] GC(636) Eden regions: 41->0(41)
[2025-11-03T06:24:54.990+0000][gc,heap       ] GC(636) Survivor regions: 1->1(6)
[2025-11-03T06:24:54.990+0000][gc,heap       ] GC(636) Old regions: 65->65
[2025-11-03T06:24:54.991+0000][gc,heap       ] GC(636) Humongous regions: 168->162
[2025-11-03T06:24:54.992+0000][gc,metaspace  ] GC(636) Metaspace: 54042K(57264K)->54042K(57264K) NonClass: 48105K(49840K)->48105K(49840K) Class: 5936K(7424K)->5936K(7424K)
[2025-11-03T06:24:54.994+0000][gc            ] GC(636) Pause Young (Normal) (G1 Evacuation Pause) 274M->227M(855M) 34.699ms
[2025-11-03T06:24:54.995+0000][gc,cpu        ] GC(636) User=0.05s Sys=0.00s Real=0.04s
[2025-11-03T06:24:55.121+0000][gc,marking    ] GC(635) Concurrent Rebuild Remembered Sets 208.811ms
[2025-11-03T06:24:55.124+0000][gc,start      ] GC(635) Pause Cleanup
[2025-11-03T06:24:55.126+0000][gc            ] GC(635) Pause Cleanup 246M->246M(855M) 2.527ms
[2025-11-03T06:24:55.128+0000][gc,cpu        ] GC(635) User=0.00s Sys=0.00s Real=0.00s
[2025-11-03T06:24:55.129+0000][gc,marking    ] GC(635) Concurrent Cleanup for Next Mark
[2025-11-03T06:24:55.135+0000][gc,marking    ] GC(635) Concurrent Cleanup for Next Mark 6.518ms
[2025-11-03T06:24:55.136+0000][gc            ] GC(635) Concurrent Cycle 671.896ms
[2025-11-03T06:24:55.285+0000][gc,start      ] GC(637) Pause Young (Normal) (G1 Evacuation Pause)
[2025-11-03T06:24:55.286+0000][gc,task       ] GC(637) Using 2 workers of 2 for evacuation
[2025-11-03T06:24:55.300+0000][gc,phases     ] GC(637)   Pre Evacuate Collection Set: 0.1ms
[2025-11-03T06:24:55.301+0000][gc,phases     ] GC(637)   Evacuate Collection Set: 10.1ms
[2025-11-03T06:24:55.302+0000][gc,phases     ] GC(637)   Post Evacuate Collection Set: 2.4ms
[2025-11-03T06:24:55.303+0000][gc,phases     ] GC(637)   Other: 2.2ms
[2025-11-03T06:24:55.304+0000][gc,heap       ] GC(637) Eden regions: 41->0(41)
[2025-11-03T06:24:55.305+0000][gc,heap       ] GC(637) Survivor regions: 1->1(6)
[2025-11-03T06:24:55.306+0000][gc,heap       ] GC(637) Old regions: 65->65
[2025-11-03T06:24:55.306+0000][gc,heap       ] GC(637) Humongous regions: 168->162
[2025-11-03T06:24:55.307+0000][gc,metaspace  ] GC(637) Metaspace: 54042K(57264K)->54042K(57264K) NonClass: 48105K(49840K)->48105K(49840K) Class: 5936K(7424K)->5936K(7424K)
[2025-11-03T06:24:55.309+0000][gc            ] GC(637) Pause Young (Normal) (G1 Evacuation Pause) 274M->227M(855M) 23.913ms
[2025-11-03T06:24:55.310+0000][gc,cpu        ] GC(637) User=0.03s Sys=0.00s Real=0.02s
[2025-11-03T06:24:55.555+0000][gc,start      ] GC(638) Pause Young (Concurrent Start) (G1 Evacuation Pause)
[2025-11-03T06:24:55.556+0000][gc,task       ] GC(638) Using 2 workers of 2 for evacuation
[2025-11-03T06:24:55.576+0000][gc,phases     ] GC(638)   Pre Evacuate Collection Set: 0.5ms
[2025-11-03T06:24:55.577+0000][gc,phases     ] GC(638)   Evacuate Collection Set: 14.5ms
[2025-11-03T06:24:55.578+0000][gc,phases     ] GC(638)   Post Evacuate Collection Set: 2.1ms
[2025-11-03T06:24:55.579+0000][gc,phases     ] GC(638)   Other: 4.2ms
[2025-11-03T06:24:55.580+0000][gc,heap       ] GC(638) Eden regions: 41->0(41)
[2025-11-03T06:24:55.580+0000][gc,heap       ] GC(638) Survivor regions: 1->1(6)
[2025-11-03T06:24:55.581+0000][gc,heap       ] GC(638) Old regions: 65->65
[2025-11-03T06:24:55.582+0000][gc,heap       ] GC(638) Humongous regions: 162->162
[2025-11-03T06:24:55.583+0000][gc,metaspace  ] GC(638) Metaspace: 54042K(57264K)->54042K(57264K) NonClass: 48105K(49840K)->48105K(49840K) Class: 5936K(7424K)->5936K(7424K)
[2025-11-03T06:24:55.584+0000][gc            ] GC(638) Pause Young (Concurrent Start) (G1 Evacuation Pause) 268M->227M(855M) 29.132ms
[2025-11-03T06:24:55.585+0000][gc,cpu        ] GC(638) User=0.03s Sys=0.00s Real=0.03s
[2025-11-03T06:24:55.586+0000][gc            ] GC(639) Concurrent Cycle
[2025-11-03T06:24:55.587+0000][gc,marking    ] GC(639) Concurrent Clear Claimed Marks
[2025-11-03T06:24:55.588+0000][gc,marking    ] GC(639) Concurrent Clear Claimed Marks 1.393ms
[2025-11-03T06:24:55.590+0000][gc,marking    ] GC(639) Concurrent Scan Root Regions
[2025-11-03T06:24:55.595+0000][gc,marking    ] GC(639) Concurrent Scan Root Regions 5.084ms
[2025-11-03T06:24:55.595+0000][gc,marking    ] GC(639) Concurrent Mark (30945.280s)
[2025-11-03T06:24:55.596+0000][gc,marking    ] GC(639) Concurrent Mark From Roots
[2025-11-03T06:24:55.597+0000][gc,task       ] GC(639) Using 1 workers of 1 for marking
[2025-11-03T06:24:55.886+0000][gc,start      ] GC(640) Pause Young (Normal) (G1 Evacuation Pause)
[2025-11-03T06:24:55.887+0000][gc,task       ] GC(640) Using 2 workers of 2 for evacuation
[2025-11-03T06:24:55.905+0000][gc,phases     ] GC(640)   Pre Evacuate Collection Set: 0.1ms
[2025-11-03T06:24:55.905+0000][gc,phases     ] GC(640)   Evacuate Collection Set: 12.4ms
[2025-11-03T06:24:55.906+0000][gc,phases     ] GC(640)   Post Evacuate Collection Set: 3.2ms
[2025-11-03T06:24:55.908+0000][gc,phases     ] GC(640)   Other: 2.8ms
[2025-11-03T06:24:55.909+0000][gc,heap       ] GC(640) Eden regions: 41->0(41)
[2025-11-03T06:24:55.909+0000][gc,heap       ] GC(640) Survivor regions: 1->1(6)
[2025-11-03T06:24:55.910+0000][gc,heap       ] GC(640) Old regions: 65->65
[2025-11-03T06:24:55.911+0000][gc,heap       ] GC(640) Humongous regions: 168->162
[2025-11-03T06:24:55.912+0000][gc,metaspace  ] GC(640) Metaspace: 54042K(57264K)->54042K(57264K) NonClass: 48105K(49840K)->48105K(49840K) Class: 5936K(7424K)->5936K(7424K)
[2025-11-03T06:24:55.914+0000][gc            ] GC(640) Pause Young (Normal) (G1 Evacuation Pause) 274M->227M(855M) 27.675ms
[2025-11-03T06:24:55.915+0000][gc,cpu        ] GC(640) User=0.03s Sys=0.00s Real=0.03s
[2025-11-03T06:24:55.936+0000][gc,marking    ] GC(639) Concurrent Mark From Roots 339.466ms
[2025-11-03T06:24:55.937+0000][gc,marking    ] GC(639) Concurrent Preclean
[2025-11-03T06:24:55.939+0000][gc,marking    ] GC(639) Concurrent Preclean 2.231ms
[2025-11-03T06:24:55.940+0000][gc,marking    ] GC(639) Concurrent Mark (30945.280s, 30945.624s) 344.565ms
[2025-11-03T06:24:55.942+0000][gc,start      ] GC(639) Pause Remark
[2025-11-03T06:24:56.003+0000][gc,stringtable] GC(639) Cleaned string and symbol table, strings: 17234 processed, 0 removed, symbols: 123864 processed, 0 removed
[2025-11-03T06:24:56.012+0000][gc,mmu        ] GC(639) MMU target violated: 21.0ms (20.0ms/21.0ms)
[2025-11-03T06:24:56.017+0000][gc            ] GC(639) Pause Remark 234M->234M(855M) 75.225ms
[2025-11-03T06:24:56.019+0000][gc,cpu        ] GC(639) User=0.14s Sys=0.01s Real=0.08s
[2025-11-03T06:24:56.020+0000][gc,marking    ] GC(639) Concurrent Rebuild Remembered Sets
[2025-11-03T06:24:56.211+0000][gc,marking    ] GC(639) Concurrent Rebuild Remembered Sets 190.620ms
[2025-11-03T06:24:56.215+0000][gc,start      ] GC(639) Pause Cleanup
[2025-11-03T06:24:56.217+0000][gc            ] GC(639) Pause Cleanup 259M->259M(855M) 2.535ms
[2025-11-03T06:24:56.219+0000][gc,cpu        ] GC(639) User=0.00s Sys=0.00s Real=0.00s
[2025-11-03T06:24:56.221+0000][gc,marking    ] GC(639) Concurrent Cleanup for Next Mark
[2025-11-03T06:24:56.227+0000][gc,marking    ] GC(639) Concurrent Cleanup for Next Mark 6.515ms
[2025-11-03T06:24:56.228+0000][gc            ] GC(639) Concurrent Cycle 642.175ms
[2025-11-03T06:24:56.318+0000][gc,start      ] GC(641) Pause Young (Normal) (G1 Evacuation Pause)
[2025-11-03T06:24:56.320+0000][gc,task       ] GC(641) Using 2 workers of 2 for evacuation
[2025-11-03T06:24:56.346+0000][gc,mmu        ] GC(641) MMU target violated: 21.0ms (20.0ms/21.0ms)
[2025-11-03T06:24:56.347+0000][gc,phases     ] GC(641)   Pre Evacuate Collection Set: 0.1ms
[2025-11-03T06:24:56.348+0000][gc,phases     ] GC(641)   Evacuate Collection Set: 18.1ms
[2025-11-03T06:24:56.349+0000][gc,phases     ] GC(641)   Post Evacuate Collection Set: 5.6ms
[2025-11-03T06:24:56.350+0000][gc,phases     ] GC(641)   Other: 5.4ms
[2025-11-03T06:24:56.351+0000][gc,heap       ] GC(641) Eden regions: 41->0(41)
[2025-11-03T06:24:56.352+0000][gc,heap       ] GC(641) Survivor regions: 1->1(6)
[2025-11-03T06:24:56.357+0000][gc,heap       ] GC(641) Old regions: 65->65
[2025-11-03T06:24:56.358+0000][gc,heap       ] GC(641) Humongous regions: 174->162
[2025-11-03T06:24:56.359+0000][gc,metaspace  ] GC(641) Metaspace: 54042K(57264K)->54042K(57264K) NonClass: 48105K(49840K)->48105K(49840K) Class: 5936K(7424K)->5936K(7424K)
[2025-11-03T06:24:56.360+0000][gc            ] GC(641) Pause Young (Normal) (G1 Evacuation Pause) 280M->227M(855M) 42.016ms
[2025-11-03T06:24:56.364+0000][gc,cpu        ] GC(641) User=0.05s Sys=0.00s Real=0.05s
[2025-11-03T06:24:56.408+0000][gc,start      ] GC(642) Pause Young (Concurrent Start) (G1 Humongous Allocation)
[2025-11-03T06:24:56.409+0000][gc,task       ] GC(642) Using 2 workers of 2 for evacuation
[2025-11-03T06:24:56.435+0000][gc,mmu        ] GC(642) MMU target violated: 21.0ms (20.0ms/21.0ms)
[2025-11-03T06:24:56.436+0000][gc,phases     ] GC(642)   Pre Evacuate Collection Set: 0.9ms
[2025-11-03T06:24:56.438+0000][gc,phases     ] GC(642)   Evacuate Collection Set: 17.7ms
[2025-11-03T06:24:56.439+0000][gc,phases     ] GC(642)   Post Evacuate Collection Set: 5.2ms
[2025-11-03T06:24:56.440+0000][gc,phases     ] GC(642)   Other: 4.5ms
[2025-11-03T06:24:56.441+0000][gc,heap       ] GC(642) Eden regions: 7->0(41)
[2025-11-03T06:24:56.442+0000][gc,heap       ] GC(642) Survivor regions: 1->1(6)
[2025-11-03T06:24:56.444+0000][gc,heap       ] GC(642) Old regions: 65->65
[2025-11-03T06:24:56.445+0000][gc,heap       ] GC(642) Humongous regions: 162->156
[2025-11-03T06:24:56.447+0000][gc,metaspace  ] GC(642) Metaspace: 54042K(57264K)->54042K(57264K) NonClass: 48105K(49840K)->48105K(49840K) Class: 5936K(7424K)->5936K(7424K)
[2025-11-03T06:24:56.449+0000][gc            ] GC(642) Pause Young (Concurrent Start) (G1 Humongous Allocation) 234M->221M(855M) 41.188ms
[2025-11-03T06:24:56.451+0000][gc,cpu        ] GC(642) User=0.05s Sys=0.00s Real=0.04s
[2025-11-03T06:24:56.455+0000][gc            ] GC(643) Concurrent Cycle
[2025-11-03T06:24:56.456+0000][gc,marking    ] GC(643) Concurrent Clear Claimed Marks
[2025-11-03T06:24:56.458+0000][gc,marking    ] GC(643) Concurrent Clear Claimed Marks 1.847ms
[2025-11-03T06:24:56.459+0000][gc,marking    ] GC(643) Concurrent Scan Root Regions
[2025-11-03T06:24:56.467+0000][gc,marking    ] GC(643) Concurrent Scan Root Regions 8.190ms
[2025-11-03T06:24:56.469+0000][gc,marking    ] GC(643) Concurrent Mark (30946.153s)
[2025-11-03T06:24:56.472+0000][gc,marking    ] GC(643) Concurrent Mark From Roots
[2025-11-03T06:24:56.474+0000][gc,task       ] GC(643) Using 1 workers of 1 for marking
[2025-11-03T06:24:56.832+0000][gc,marking    ] GC(643) Concurrent Mark From Roots 360.827ms
[2025-11-03T06:24:56.834+0000][gc,marking    ] GC(643) Concurrent Preclean
[2025-11-03T06:24:56.838+0000][gc,marking    ] GC(643) Concurrent Preclean 3.673ms
[2025-11-03T06:24:56.842+0000][gc,marking    ] GC(643) Concurrent Mark (30946.153s, 30946.526s) 372.712ms
[2025-11-03T06:24:56.849+0000][gc,start      ] GC(643) Pause Remark
[2025-11-03T06:24:56.907+0000][gc,stringtable] GC(643) Cleaned string and symbol table, strings: 17234 processed, 0 removed, symbols: 123864 processed, 0 removed
[2025-11-03T06:24:56.910+0000][gc,mmu        ] GC(643) MMU target violated: 21.0ms (20.0ms/21.0ms)
[2025-11-03T06:24:56.911+0000][gc            ] GC(643) Pause Remark 262M->262M(855M) 61.940ms
[2025-11-03T06:24:56.912+0000][gc,cpu        ] GC(643) User=0.12s Sys=0.00s Real=0.06s
[2025-11-03T06:24:56.913+0000][gc,marking    ] GC(643) Concurrent Rebuild Remembered Sets
[2025-11-03T06:24:57.083+0000][gc,marking    ] GC(643) Concurrent Rebuild Remembered Sets 170.319ms
[2025-11-03T06:24:57.085+0000][gc,start      ] GC(643) Pause Cleanup
[2025-11-03T06:24:57.088+0000][gc            ] GC(643) Pause Cleanup 262M->262M(855M) 2.438ms
[2025-11-03T06:24:57.089+0000][gc,cpu        ] GC(643) User=0.00s Sys=0.00s Real=0.00s
[2025-11-03T06:24:57.090+0000][gc,marking    ] GC(643) Concurrent Cleanup for Next Mark
[2025-11-03T06:24:57.095+0000][gc,marking    ] GC(643) Concurrent Cleanup for Next Mark 4.782ms
[2025-11-03T06:24:57.096+0000][gc            ] GC(643) Concurrent Cycle 640.847ms
[2025-11-03T06:26:39.811+0000][gc,start      ] GC(644) Pause Young (Normal) (G1 Evacuation Pause)
[2025-11-03T06:26:39.848+0000][gc,task       ] GC(644) Using 2 workers of 2 for evacuation
[2025-11-03T06:26:40.276+0000][gc,mmu        ] GC(644) MMU target violated: 21.0ms (20.0ms/21.0ms)
[2025-11-03T06:26:40.284+0000][gc,phases     ] GC(644)   Pre Evacuate Collection Set: 70.3ms
[2025-11-03T06:26:40.287+0000][gc,phases     ] GC(644)   Evacuate Collection Set: 314.2ms
[2025-11-03T06:26:40.292+0000][gc,phases     ] GC(644)   Post Evacuate Collection Set: 30.8ms
[2025-11-03T06:26:40.294+0000][gc,phases     ] GC(644)   Other: 54.8ms
[2025-11-03T06:26:40.301+0000][gc,heap       ] GC(644) Eden regions: 41->0(41)
[2025-11-03T06:26:40.302+0000][gc,heap       ] GC(644) Survivor regions: 1->1(6)
[2025-11-03T06:26:40.303+0000][gc,heap       ] GC(644) Old regions: 65->65
[2025-11-03T06:26:40.341+0000][gc,heap       ] GC(644) Humongous regions: 162->156
[2025-11-03T06:26:40.385+0000][gc,metaspace  ] GC(644) Metaspace: 54060K(57264K)->54060K(57264K) NonClass: 48123K(49840K)->48123K(49840K) Class: 5937K(7424K)->5937K(7424K)
[2025-11-03T06:26:40.393+0000][gc            ] GC(644) Pause Young (Normal) (G1 Evacuation Pause) 268M->221M(855M) 581.946ms
[2025-11-03T06:26:40.396+0000][gc,cpu        ] GC(644) User=0.55s Sys=0.00s Real=0.59s
[2025-11-03T06:26:43.612+0000][gc,start      ] GC(645) Pause Young (Concurrent Start) (G1 Humongous Allocation)
[2025-11-03T06:26:43.613+0000][gc,task       ] GC(645) Using 2 workers of 2 for evacuation
[2025-11-03T06:26:43.737+0000][gc,mmu        ] GC(645) MMU target violated: 21.0ms (20.0ms/21.0ms)
[2025-11-03T06:26:43.738+0000][gc,phases     ] GC(645)   Pre Evacuate Collection Set: 19.4ms
[2025-11-03T06:26:43.739+0000][gc,phases     ] GC(645)   Evacuate Collection Set: 83.1ms
[2025-11-03T06:26:43.740+0000][gc,phases     ] GC(645)   Post Evacuate Collection Set: 3.5ms
[2025-11-03T06:26:43.741+0000][gc,phases     ] GC(645)   Other: 20.2ms
[2025-11-03T06:26:43.742+0000][gc,heap       ] GC(645) Eden regions: 23->0(40)
[2025-11-03T06:26:43.743+0000][gc,heap       ] GC(645) Survivor regions: 1->2(6)
[2025-11-03T06:26:43.744+0000][gc,heap       ] GC(645) Old regions: 65->65
[2025-11-03T06:26:43.744+0000][gc,heap       ] GC(645) Humongous regions: 156->156
[2025-11-03T06:26:43.745+0000][gc,metaspace  ] GC(645) Metaspace: 54060K(57264K)->54060K(57264K) NonClass: 48123K(49840K)->48123K(49840K) Class: 5937K(7424K)->5937K(7424K)
[2025-11-03T06:26:43.747+0000][gc            ] GC(645) Pause Young (Concurrent Start) (G1 Humongous Allocation) 243M->222M(855M) 135.921ms
[2025-11-03T06:26:43.749+0000][gc,cpu        ] GC(645) User=0.21s Sys=0.00s Real=0.14s
[2025-11-03T06:26:43.752+0000][gc            ] GC(646) Concurrent Cycle
[2025-11-03T06:26:43.753+0000][gc,marking    ] GC(646) Concurrent Clear Claimed Marks
[2025-11-03T06:26:43.755+0000][gc,marking    ] GC(646) Concurrent Clear Claimed Marks 2.577ms
[2025-11-03T06:26:43.757+0000][gc,marking    ] GC(646) Concurrent Scan Root Regions
[2025-11-03T06:26:43.791+0000][gc,marking    ] GC(646) Concurrent Scan Root Regions 33.552ms
[2025-11-03T06:26:43.792+0000][gc,marking    ] GC(646) Concurrent Mark (31001.377s)
[2025-11-03T06:26:43.793+0000][gc,marking    ] GC(646) Concurrent Mark From Roots
[2025-11-03T06:26:43.793+0000][gc,task       ] GC(646) Using 1 workers of 1 for marking
[2025-11-03T06:26:44.644+0000][gc,marking    ] GC(646) Concurrent Mark From Roots 851.926ms
[2025-11-03T06:26:44.645+0000][gc,marking    ] GC(646) Concurrent Preclean
[2025-11-03T06:26:44.649+0000][gc,marking    ] GC(646) Concurrent Preclean 3.317ms
[2025-11-03T06:26:44.650+0000][gc,marking    ] GC(646) Concurrent Mark (31001.377s, 31002.235s) 857.829ms
[2025-11-03T06:26:44.652+0000][gc,start      ] GC(646) Pause Remark
[2025-11-03T06:26:45.356+0000][gc,stringtable] GC(646) Cleaned string and symbol table, strings: 17234 processed, 2 removed, symbols: 123865 processed, 0 removed
[2025-11-03T06:26:45.362+0000][gc,mmu        ] GC(646) MMU target violated: 21.0ms (20.0ms/21.0ms)
[2025-11-03T06:26:45.367+0000][gc            ] GC(646) Pause Remark 263M->263M(855M) 714.493ms
[2025-11-03T06:26:45.368+0000][gc,cpu        ] GC(646) User=1.40s Sys=0.00s Real=0.71s
[2025-11-03T06:26:45.370+0000][gc,marking    ] GC(646) Concurrent Rebuild Remembered Sets
[2025-11-03T06:26:45.612+0000][gc,marking    ] GC(646) Concurrent Rebuild Remembered Sets 241.761ms
[2025-11-03T06:26:45.616+0000][gc,start      ] GC(646) Pause Cleanup
[2025-11-03T06:26:45.620+0000][gc            ] GC(646) Pause Cleanup 274M->274M(855M) 3.546ms
[2025-11-03T06:26:45.621+0000][gc,cpu        ] GC(646) User=0.01s Sys=0.00s Real=0.00s
[2025-11-03T06:26:45.622+0000][gc,marking    ] GC(646) Concurrent Cleanup for Next Mark
[2025-11-03T06:26:45.630+0000][gc,start      ] GC(647) Pause Young (Normal) (G1 Evacuation Pause)
[2025-11-03T06:26:45.631+0000][gc,task       ] GC(647) Using 2 workers of 2 for evacuation
[2025-11-03T06:26:45.687+0000][gc,mmu        ] GC(647) MMU target violated: 21.0ms (20.0ms/21.0ms)
[2025-11-03T06:26:45.689+0000][gc,phases     ] GC(647)   Pre Evacuate Collection Set: 0.1ms
[2025-11-03T06:26:45.690+0000][gc,phases     ] GC(647)   Evacuate Collection Set: 50.8ms
[2025-11-03T06:26:45.691+0000][gc,phases     ] GC(647)   Post Evacuate Collection Set: 3.7ms
[2025-11-03T06:26:45.692+0000][gc,phases     ] GC(647)   Other: 5.3ms
[2025-11-03T06:26:45.694+0000][gc,heap       ] GC(647) Eden regions: 40->0(40)
[2025-11-03T06:26:45.694+0000][gc,heap       ] GC(647) Survivor regions: 2->2(6)
[2025-11-03T06:26:45.695+0000][gc,heap       ] GC(647) Old regions: 65->65
[2025-11-03T06:26:45.696+0000][gc,heap       ] GC(647) Humongous regions: 168->162
[2025-11-03T06:26:45.697+0000][gc,metaspace  ] GC(647) Metaspace: 54060K(57264K)->54060K(57264K) NonClass: 48123K(49840K)->48123K(49840K) Class: 5937K(7424K)->5937K(7424K)
[2025-11-03T06:26:45.698+0000][gc            ] GC(647) Pause Young (Normal) (G1 Evacuation Pause) 274M->228M(855M) 67.957ms
[2025-11-03T06:26:45.699+0000][gc,cpu        ] GC(647) User=0.11s Sys=0.00s Real=0.07s
[2025-11-03T06:26:45.825+0000][gc,marking    ] GC(646) Concurrent Cleanup for Next Mark 202.902ms
[2025-11-03T06:26:45.826+0000][gc            ] GC(646) Concurrent Cycle 2074.296ms
[2025-11-03T06:26:45.944+0000][gc,start      ] GC(648) Pause Young (Concurrent Start) (G1 Humongous Allocation)
[2025-11-03T06:26:45.945+0000][gc,task       ] GC(648) Using 2 workers of 2 for evacuation
[2025-11-03T06:26:45.986+0000][gc,mmu        ] GC(648) MMU target violated: 21.0ms (20.0ms/21.0ms)
[2025-11-03T06:26:45.988+0000][gc,phases     ] GC(648)   Pre Evacuate Collection Set: 0.7ms
[2025-11-03T06:26:45.989+0000][gc,phases     ] GC(648)   Evacuate Collection Set: 34.6ms
[2025-11-03T06:26:45.990+0000][gc,phases     ] GC(648)   Post Evacuate Collection Set: 3.7ms
[2025-11-03T06:26:45.991+0000][gc,phases     ] GC(648)   Other: 4.8ms
[2025-11-03T06:26:45.992+0000][gc,heap       ] GC(648) Eden regions: 26->0(40)
[2025-11-03T06:26:45.993+0000][gc,heap       ] GC(648) Survivor regions: 2->2(6)
[2025-11-03T06:26:45.994+0000][gc,heap       ] GC(648) Old regions: 65->65
[2025-11-03T06:26:45.995+0000][gc,heap       ] GC(648) Humongous regions: 162->156
[2025-11-03T06:26:45.996+0000][gc,metaspace  ] GC(648) Metaspace: 54060K(57264K)->54060K(57264K) NonClass: 48123K(49840K)->48123K(49840K) Class: 5937K(7424K)->5937K(7424K)
[2025-11-03T06:26:45.997+0000][gc            ] GC(648) Pause Young (Concurrent Start) (G1 Humongous Allocation) 253M->222M(855M) 53.009ms
[2025-11-03T06:26:45.998+0000][gc,cpu        ] GC(648) User=0.08s Sys=0.00s Real=0.05s
[2025-11-03T06:26:46.000+0000][gc            ] GC(649) Concurrent Cycle
[2025-11-03T06:26:46.001+0000][gc,marking    ] GC(649) Concurrent Clear Claimed Marks
[2025-11-03T06:26:46.002+0000][gc,marking    ] GC(649) Concurrent Clear Claimed Marks 1.377ms
[2025-11-03T06:26:46.004+0000][gc,marking    ] GC(649) Concurrent Scan Root Regions
[2025-11-03T06:26:46.024+0000][gc,marking    ] GC(649) Concurrent Scan Root Regions 19.866ms
[2025-11-03T06:26:46.025+0000][gc,marking    ] GC(649) Concurrent Mark (31003.611s)
[2025-11-03T06:26:46.026+0000][gc,marking    ] GC(649) Concurrent Mark From Roots
[2025-11-03T06:26:46.027+0000][gc,task       ] GC(649) Using 1 workers of 1 for marking
[2025-11-03T06:26:46.493+0000][gc,marking    ] GC(649) Concurrent Mark From Roots 466.085ms
[2025-11-03T06:26:46.494+0000][gc,marking    ] GC(649) Concurrent Preclean
[2025-11-03T06:26:46.496+0000][gc,marking    ] GC(649) Concurrent Preclean 1.864ms
[2025-11-03T06:26:46.498+0000][gc,marking    ] GC(649) Concurrent Mark (31003.611s, 31004.084s) 472.957ms
[2025-11-03T06:26:46.501+0000][gc,start      ] GC(649) Pause Remark
[2025-11-03T06:26:46.597+0000][gc,stringtable] GC(649) Cleaned string and symbol table, strings: 17234 processed, 0 removed, symbols: 123865 processed, 0 removed
[2025-11-03T06:26:46.601+0000][gc,mmu        ] GC(649) MMU target violated: 21.0ms (20.0ms/21.0ms)
[2025-11-03T06:26:46.602+0000][gc            ] GC(649) Pause Remark 271M->271M(855M) 100.324ms
[2025-11-03T06:26:46.603+0000][gc,cpu        ] GC(649) User=0.25s Sys=0.00s Real=0.11s
[2025-11-03T06:26:46.604+0000][gc,marking    ] GC(649) Concurrent Rebuild Remembered Sets
[2025-11-03T06:26:46.656+0000][gc,start      ] GC(650) Pause Young (Normal) (G1 Evacuation Pause)
[2025-11-03T06:26:46.658+0000][gc,task       ] GC(650) Using 2 workers of 2 for evacuation
[2025-11-03T06:26:46.713+0000][gc,mmu        ] GC(650) MMU target violated: 21.0ms (20.0ms/21.0ms)
[2025-11-03T06:26:46.715+0000][gc,phases     ] GC(650)   Pre Evacuate Collection Set: 0.1ms
[2025-11-03T06:26:46.716+0000][gc,phases     ] GC(650)   Evacuate Collection Set: 49.3ms
[2025-11-03T06:26:46.719+0000][gc,phases     ] GC(650)   Post Evacuate Collection Set: 3.0ms
[2025-11-03T06:26:46.721+0000][gc,phases     ] GC(650)   Other: 6.0ms
[2025-11-03T06:26:46.723+0000][gc,heap       ] GC(650) Eden regions: 40->0(40)
[2025-11-03T06:26:46.725+0000][gc,heap       ] GC(650) Survivor regions: 2->2(6)
[2025-11-03T06:26:46.727+0000][gc,heap       ] GC(650) Old regions: 65->65
[2025-11-03T06:26:46.729+0000][gc,heap       ] GC(650) Humongous regions: 168->162
[2025-11-03T06:26:46.730+0000][gc,metaspace  ] GC(650) Metaspace: 54060K(57264K)->54060K(57264K) NonClass: 48123K(49840K)->48123K(49840K) Class: 5937K(7424K)->5937K(7424K)
[2025-11-03T06:26:46.731+0000][gc            ] GC(650) Pause Young (Normal) (G1 Evacuation Pause) 274M->228M(855M) 74.728ms
[2025-11-03T06:26:46.734+0000][gc,cpu        ] GC(650) User=0.11s Sys=0.00s Real=0.08s
[2025-11-03T06:26:46.944+0000][gc,marking    ] GC(649) Concurrent Rebuild Remembered Sets 339.126ms
[2025-11-03T06:26:47.011+0000][gc,start      ] GC(649) Pause Cleanup
[2025-11-03T06:26:47.014+0000][gc            ] GC(649) Pause Cleanup 266M->266M(855M) 3.628ms
[2025-11-03T06:26:47.015+0000][gc,cpu        ] GC(649) User=0.00s Sys=0.00s Real=0.01s
[2025-11-03T06:26:47.017+0000][gc,marking    ] GC(649) Concurrent Cleanup for Next Mark
[2025-11-03T06:26:47.146+0000][gc,marking    ] GC(649) Concurrent Cleanup for Next Mark 129.342ms
[2025-11-03T06:26:47.148+0000][gc            ] GC(649) Concurrent Cycle 1148.125ms
[2025-11-03T06:26:47.296+0000][gc,start      ] GC(651) Pause Young (Normal) (G1 Evacuation Pause)
[2025-11-03T06:26:47.298+0000][gc,task       ] GC(651) Using 2 workers of 2 for evacuation
[2025-11-03T06:26:47.337+0000][gc,mmu        ] GC(651) MMU target violated: 21.0ms (20.0ms/21.0ms)
[2025-11-03T06:26:47.338+0000][gc,phases     ] GC(651)   Pre Evacuate Collection Set: 0.1ms
[2025-11-03T06:26:47.340+0000][gc,phases     ] GC(651)   Evacuate Collection Set: 34.2ms
[2025-11-03T06:26:47.341+0000][gc,phases     ] GC(651)   Post Evacuate Collection Set: 3.3ms
[2025-11-03T06:26:47.343+0000][gc,phases     ] GC(651)   Other: 4.5ms
[2025-11-03T06:26:47.344+0000][gc,heap       ] GC(651) Eden regions: 40->0(40)
[2025-11-03T06:26:47.345+0000][gc,heap       ] GC(651) Survivor regions: 2->2(6)
[2025-11-03T06:26:47.346+0000][gc,heap       ] GC(651) Old regions: 65->65
[2025-11-03T06:26:47.347+0000][gc,heap       ] GC(651) Humongous regions: 180->162
[2025-11-03T06:26:47.348+0000][gc,metaspace  ] GC(651) Metaspace: 54060K(57264K)->54060K(57264K) NonClass: 48123K(49840K)->48123K(49840K) Class: 5937K(7424K)->5937K(7424K)
[2025-11-03T06:26:47.349+0000][gc            ] GC(651) Pause Young (Normal) (G1 Evacuation Pause) 286M->228M(855M) 52.664ms
[2025-11-03T06:26:47.350+0000][gc,cpu        ] GC(651) User=0.08s Sys=0.00s Real=0.05s
[2025-11-03T06:26:47.440+0000][gc,start      ] GC(652) Pause Young (Concurrent Start) (G1 Humongous Allocation)
[2025-11-03T06:26:47.441+0000][gc,task       ] GC(652) Using 2 workers of 2 for evacuation
[2025-11-03T06:26:47.480+0000][gc,mmu        ] GC(652) MMU target violated: 21.0ms (20.0ms/21.0ms)
[2025-11-03T06:26:47.481+0000][gc,phases     ] GC(652)   Pre Evacuate Collection Set: 0.4ms
[2025-11-03T06:26:47.482+0000][gc,phases     ] GC(652)   Evacuate Collection Set: 32.8ms
[2025-11-03T06:26:47.483+0000][gc,phases     ] GC(652)   Post Evacuate Collection Set: 3.5ms
[2025-11-03T06:26:47.484+0000][gc,phases     ] GC(652)   Other: 4.2ms
[2025-11-03T06:26:47.486+0000][gc,heap       ] GC(652) Eden regions: 18->0(40)
[2025-11-03T06:26:47.487+0000][gc,heap       ] GC(652) Survivor regions: 2->2(6)
[2025-11-03T06:26:47.488+0000][gc,heap       ] GC(652) Old regions: 65->65
[2025-11-03T06:26:47.488+0000][gc,heap       ] GC(652) Humongous regions: 162->156
[2025-11-03T06:26:47.489+0000][gc,metaspace  ] GC(652) Metaspace: 54060K(57264K)->54060K(57264K) NonClass: 48123K(49840K)->48123K(49840K) Class: 5937K(7424K)->5937K(7424K)
[2025-11-03T06:26:47.490+0000][gc            ] GC(652) Pause Young (Concurrent Start) (G1 Humongous Allocation) 246M->222M(855M) 49.659ms
[2025-11-03T06:26:47.491+0000][gc,cpu        ] GC(652) User=0.08s Sys=0.00s Real=0.05s
[2025-11-03T06:26:47.492+0000][gc            ] GC(653) Concurrent Cycle
[2025-11-03T06:26:47.494+0000][gc,marking    ] GC(653) Concurrent Clear Claimed Marks
[2025-11-03T06:26:47.495+0000][gc,marking    ] GC(653) Concurrent Clear Claimed Marks 1.484ms
[2025-11-03T06:26:47.496+0000][gc,marking    ] GC(653) Concurrent Scan Root Regions
[2025-11-03T06:26:47.513+0000][gc,marking    ] GC(653) Concurrent Scan Root Regions 16.754ms
[2025-11-03T06:26:47.515+0000][gc,marking    ] GC(653) Concurrent Mark (31005.100s)
[2025-11-03T06:26:47.515+0000][gc,marking    ] GC(653) Concurrent Mark From Roots
[2025-11-03T06:26:47.516+0000][gc,task       ] GC(653) Using 1 workers of 1 for marking
[2025-11-03T06:26:47.863+0000][gc,marking    ] GC(653) Concurrent Mark From Roots 347.450ms
[2025-11-03T06:26:47.865+0000][gc,marking    ] GC(653) Concurrent Preclean
[2025-11-03T06:26:47.866+0000][gc,marking    ] GC(653) Concurrent Preclean 1.707ms
[2025-11-03T06:26:47.867+0000][gc,marking    ] GC(653) Concurrent Mark (31005.100s, 31005.453s) 352.715ms
[2025-11-03T06:26:47.870+0000][gc,start      ] GC(653) Pause Remark
[2025-11-03T06:26:47.980+0000][gc,stringtable] GC(653) Cleaned string and symbol table, strings: 17234 processed, 0 removed, symbols: 123865 processed, 0 removed
[2025-11-03T06:26:47.983+0000][gc,mmu        ] GC(653) MMU target violated: 21.0ms (20.0ms/21.0ms)
[2025-11-03T06:26:47.984+0000][gc            ] GC(653) Pause Remark 272M->272M(855M) 113.955ms
[2025-11-03T06:26:47.985+0000][gc,cpu        ] GC(653) User=0.28s Sys=0.00s Real=0.12s
[2025-11-03T06:26:47.986+0000][gc,marking    ] GC(653) Concurrent Rebuild Remembered Sets
[2025-11-03T06:26:48.059+0000][gc,start      ] GC(654) Pause Young (Normal) (G1 Evacuation Pause)
[2025-11-03T06:26:48.060+0000][gc,task       ] GC(654) Using 2 workers of 2 for evacuation
[2025-11-03T06:26:48.118+0000][gc,mmu        ] GC(654) MMU target violated: 21.0ms (20.0ms/21.0ms)
[2025-11-03T06:26:48.133+0000][gc,phases     ] GC(654)   Pre Evacuate Collection Set: 0.1ms
[2025-11-03T06:26:48.136+0000][gc,phases     ] GC(654)   Evacuate Collection Set: 48.5ms
[2025-11-03T06:26:48.140+0000][gc,phases     ] GC(654)   Post Evacuate Collection Set: 7.6ms
[2025-11-03T06:26:48.142+0000][gc,phases     ] GC(654)   Other: 18.7ms
[2025-11-03T06:26:48.145+0000][gc,heap       ] GC(654) Eden regions: 40->0(40)
[2025-11-03T06:26:48.146+0000][gc,heap       ] GC(654) Survivor regions: 2->2(6)
[2025-11-03T06:26:48.147+0000][gc,heap       ] GC(654) Old regions: 65->65
[2025-11-03T06:26:48.148+0000][gc,heap       ] GC(654) Humongous regions: 168->162
[2025-11-03T06:26:48.149+0000][gc,metaspace  ] GC(654) Metaspace: 54060K(57264K)->54060K(57264K) NonClass: 48123K(49840K)->48123K(49840K) Class: 5937K(7424K)->5937K(7424K)
[2025-11-03T06:26:48.150+0000][gc            ] GC(654) Pause Young (Normal) (G1 Evacuation Pause) 274M->228M(855M) 91.817ms
[2025-11-03T06:26:48.151+0000][gc,cpu        ] GC(654) User=0.12s Sys=0.00s Real=0.09s
[2025-11-03T06:26:48.352+0000][gc,marking    ] GC(653) Concurrent Rebuild Remembered Sets 366.308ms
[2025-11-03T06:26:48.357+0000][gc,start      ] GC(653) Pause Cleanup
[2025-11-03T06:26:48.361+0000][gc            ] GC(653) Pause Cleanup 254M->254M(855M) 4.160ms
[2025-11-03T06:26:48.362+0000][gc,cpu        ] GC(653) User=0.00s Sys=0.00s Real=0.00s
[2025-11-03T06:26:48.364+0000][gc,marking    ] GC(653) Concurrent Cleanup for Next Mark
[2025-11-03T06:26:48.372+0000][gc,marking    ] GC(653) Concurrent Cleanup for Next Mark 8.215ms
[2025-11-03T06:26:48.374+0000][gc            ] GC(653) Concurrent Cycle 881.444ms
[2025-11-03T06:26:48.621+0000][gc,start      ] GC(655) Pause Young (Normal) (G1 Evacuation Pause)
[2025-11-03T06:26:48.625+0000][gc,task       ] GC(655) Using 2 workers of 2 for evacuation
[2025-11-03T06:26:48.698+0000][gc,mmu        ] GC(655) MMU target violated: 21.0ms (20.0ms/21.0ms)
[2025-11-03T06:26:48.700+0000][gc,phases     ] GC(655)   Pre Evacuate Collection Set: 0.1ms
[2025-11-03T06:26:48.701+0000][gc,phases     ] GC(655)   Evacuate Collection Set: 57.2ms
[2025-11-03T06:26:48.702+0000][gc,phases     ] GC(655)   Post Evacuate Collection Set: 4.2ms
[2025-11-03T06:26:48.705+0000][gc,phases     ] GC(655)   Other: 18.1ms
[2025-11-03T06:26:48.706+0000][gc,heap       ] GC(655) Eden regions: 40->0(40)
[2025-11-03T06:26:48.707+0000][gc,heap       ] GC(655) Survivor regions: 2->2(6)
[2025-11-03T06:26:48.708+0000][gc,heap       ] GC(655) Old regions: 65->65
[2025-11-03T06:26:48.709+0000][gc,heap       ] GC(655) Humongous regions: 162->162
[2025-11-03T06:26:48.710+0000][gc,metaspace  ] GC(655) Metaspace: 54060K(57264K)->54060K(57264K) NonClass: 48123K(49840K)->48123K(49840K) Class: 5937K(7424K)->5937K(7424K)
[2025-11-03T06:26:48.711+0000][gc            ] GC(655) Pause Young (Normal) (G1 Evacuation Pause) 268M->228M(855M) 90.619ms
[2025-11-03T06:26:48.714+0000][gc,cpu        ] GC(655) User=0.09s Sys=0.00s Real=0.10s
[2025-11-03T06:26:48.966+0000][gc,start      ] GC(656) Pause Young (Concurrent Start) (G1 Humongous Allocation)
[2025-11-03T06:26:48.968+0000][gc,task       ] GC(656) Using 2 workers of 2 for evacuation
[2025-11-03T06:26:49.004+0000][gc,mmu        ] GC(656) MMU target violated: 21.0ms (20.0ms/21.0ms)
[2025-11-03T06:26:49.005+0000][gc,phases     ] GC(656)   Pre Evacuate Collection Set: 0.7ms
[2025-11-03T06:26:49.007+0000][gc,phases     ] GC(656)   Evacuate Collection Set: 28.1ms
[2025-11-03T06:26:49.008+0000][gc,phases     ] GC(656)   Post Evacuate Collection Set: 5.6ms
[2025-11-03T06:26:49.009+0000][gc,phases     ] GC(656)   Other: 4.6ms
[2025-11-03T06:26:49.010+0000][gc,heap       ] GC(656) Eden regions: 33->0(40)
[2025-11-03T06:26:49.012+0000][gc,heap       ] GC(656) Survivor regions: 2->2(6)
[2025-11-03T06:26:49.013+0000][gc,heap       ] GC(656) Old regions: 65->65
[2025-11-03T06:26:49.014+0000][gc,heap       ] GC(656) Humongous regions: 162->156
[2025-11-03T06:26:49.015+0000][gc,metaspace  ] GC(656) Metaspace: 54060K(57264K)->54060K(57264K) NonClass: 48123K(49840K)->48123K(49840K) Class: 5937K(7424K)->5937K(7424K)
[2025-11-03T06:26:49.016+0000][gc            ] GC(656) Pause Young (Concurrent Start) (G1 Humongous Allocation) 261M->222M(855M) 49.714ms
[2025-11-03T06:26:49.017+0000][gc,cpu        ] GC(656) User=0.07s Sys=0.00s Real=0.05s
[2025-11-03T06:26:49.020+0000][gc            ] GC(657) Concurrent Cycle
[2025-11-03T06:26:49.027+0000][gc,marking    ] GC(657) Concurrent Clear Claimed Marks
[2025-11-03T06:26:49.032+0000][gc,marking    ] GC(657) Concurrent Clear Claimed Marks 4.830ms
[2025-11-03T06:26:49.036+0000][gc,marking    ] GC(657) Concurrent Scan Root Regions
[2025-11-03T06:26:49.062+0000][gc,marking    ] GC(657) Concurrent Scan Root Regions 25.992ms
[2025-11-03T06:26:49.067+0000][gc,marking    ] GC(657) Concurrent Mark (31006.652s)
[2025-11-03T06:26:49.073+0000][gc,marking    ] GC(657) Concurrent Mark From Roots
[2025-11-03T06:26:49.077+0000][gc,task       ] GC(657) Using 1 workers of 1 for marking
[2025-11-03T06:26:49.451+0000][gc,marking    ] GC(657) Concurrent Mark From Roots 377.709ms
[2025-11-03T06:26:49.453+0000][gc,marking    ] GC(657) Concurrent Preclean
[2025-11-03T06:26:49.457+0000][gc,marking    ] GC(657) Concurrent Preclean 4.684ms
[2025-11-03T06:26:49.461+0000][gc,marking    ] GC(657) Concurrent Mark (31006.652s, 31007.046s) 393.661ms
[2025-11-03T06:26:49.464+0000][gc,start      ] GC(657) Pause Remark
[2025-11-03T06:26:49.551+0000][gc,stringtable] GC(657) Cleaned string and symbol table, strings: 17234 processed, 0 removed, symbols: 123865 processed, 0 removed
[2025-11-03T06:26:49.556+0000][gc,mmu        ] GC(657) MMU target violated: 21.0ms (20.0ms/21.0ms)
[2025-11-03T06:26:49.559+0000][gc            ] GC(657) Pause Remark 277M->277M(855M) 94.730ms
[2025-11-03T06:26:49.563+0000][gc,cpu        ] GC(657) User=0.11s Sys=0.12s Real=0.10s
[2025-11-03T06:26:49.565+0000][gc,marking    ] GC(657) Concurrent Rebuild Remembered Sets
[2025-11-03T06:26:49.594+0000][gc,start      ] GC(658) Pause Young (Normal) (G1 Evacuation Pause)
[2025-11-03T06:26:49.596+0000][gc,task       ] GC(658) Using 2 workers of 2 for evacuation
[2025-11-03T06:26:49.646+0000][gc,mmu        ] GC(658) MMU target violated: 21.0ms (20.0ms/21.0ms)
[2025-11-03T06:26:49.647+0000][gc,phases     ] GC(658)   Pre Evacuate Collection Set: 0.1ms
[2025-11-03T06:26:49.648+0000][gc,phases     ] GC(658)   Evacuate Collection Set: 45.9ms
[2025-11-03T06:26:49.649+0000][gc,phases     ] GC(658)   Post Evacuate Collection Set: 2.6ms
[2025-11-03T06:26:49.650+0000][gc,phases     ] GC(658)   Other: 4.2ms
[2025-11-03T06:26:49.651+0000][gc,heap       ] GC(658) Eden regions: 40->0(40)
[2025-11-03T06:26:49.652+0000][gc,heap       ] GC(658) Survivor regions: 2->2(6)
[2025-11-03T06:26:49.653+0000][gc,heap       ] GC(658) Old regions: 65->65
[2025-11-03T06:26:49.654+0000][gc,heap       ] GC(658) Humongous regions: 174->162
[2025-11-03T06:26:49.655+0000][gc,metaspace  ] GC(658) Metaspace: 54060K(57264K)->54060K(57264K) NonClass: 48123K(49840K)->48123K(49840K) Class: 5937K(7424K)->5937K(7424K)
[2025-11-03T06:26:49.657+0000][gc            ] GC(658) Pause Young (Normal) (G1 Evacuation Pause) 280M->228M(855M) 62.580ms
[2025-11-03T06:26:49.659+0000][gc,cpu        ] GC(658) User=0.07s Sys=0.00s Real=0.06s
[2025-11-03T06:26:49.834+0000][gc,marking    ] GC(657) Concurrent Rebuild Remembered Sets 269.083ms
[2025-11-03T06:26:49.837+0000][gc,start      ] GC(657) Pause Cleanup
[2025-11-03T06:26:49.841+0000][gc            ] GC(657) Pause Cleanup 258M->258M(855M) 3.849ms
[2025-11-03T06:26:49.842+0000][gc,cpu        ] GC(657) User=0.00s Sys=0.00s Real=0.00s
[2025-11-03T06:26:49.843+0000][gc,marking    ] GC(657) Concurrent Cleanup for Next Mark
[2025-11-03T06:26:49.852+0000][gc,marking    ] GC(657) Concurrent Cleanup for Next Mark 8.358ms
[2025-11-03T06:26:49.853+0000][gc            ] GC(657) Concurrent Cycle 833.575ms
[2025-11-03T06:26:49.856+0000][gc,start      ] GC(659) Pause Young (Concurrent Start) (G1 Humongous Allocation)
[2025-11-03T06:26:49.857+0000][gc,task       ] GC(659) Using 2 workers of 2 for evacuation
[2025-11-03T06:26:49.905+0000][gc,mmu        ] GC(659) MMU target violated: 21.0ms (20.0ms/21.0ms)
[2025-11-03T06:26:49.907+0000][gc,phases     ] GC(659)   Pre Evacuate Collection Set: 0.5ms
[2025-11-03T06:26:49.908+0000][gc,phases     ] GC(659)   Evacuate Collection Set: 41.5ms
[2025-11-03T06:26:49.909+0000][gc,phases     ] GC(659)   Post Evacuate Collection Set: 3.9ms
[2025-11-03T06:26:49.910+0000][gc,phases     ] GC(659)   Other: 4.9ms
[2025-11-03T06:26:49.911+0000][gc,heap       ] GC(659) Eden regions: 32->0(40)
[2025-11-03T06:26:49.912+0000][gc,heap       ] GC(659) Survivor regions: 2->2(6)
[2025-11-03T06:26:49.913+0000][gc,heap       ] GC(659) Old regions: 65->65
[2025-11-03T06:26:49.914+0000][gc,heap       ] GC(659) Humongous regions: 162->156
[2025-11-03T06:26:49.915+0000][gc,metaspace  ] GC(659) Metaspace: 54060K(57264K)->54060K(57264K) NonClass: 48123K(49840K)->48123K(49840K) Class: 5937K(7424K)->5937K(7424K)
[2025-11-03T06:26:49.917+0000][gc            ] GC(659) Pause Young (Concurrent Start) (G1 Humongous Allocation) 260M->222M(855M) 60.445ms
[2025-11-03T06:26:49.918+0000][gc,cpu        ] GC(659) User=0.09s Sys=0.00s Real=0.06s
[2025-11-03T06:26:49.922+0000][gc            ] GC(660) Concurrent Cycle
[2025-11-03T06:26:49.924+0000][gc,marking    ] GC(660) Concurrent Clear Claimed Marks
[2025-11-03T06:26:49.932+0000][gc,marking    ] GC(660) Concurrent Clear Claimed Marks 8.062ms
[2025-11-03T06:26:49.935+0000][gc,marking    ] GC(660) Concurrent Scan Root Regions
[2025-11-03T06:26:49.952+0000][gc,marking    ] GC(660) Concurrent Scan Root Regions 17.240ms
[2025-11-03T06:26:49.955+0000][gc,marking    ] GC(660) Concurrent Mark (31007.540s)
[2025-11-03T06:26:49.957+0000][gc,marking    ] GC(660) Concurrent Mark From Roots
[2025-11-03T06:26:49.960+0000][gc,task       ] GC(660) Using 1 workers of 1 for marking
[2025-11-03T06:26:50.371+0000][gc,marking    ] GC(660) Concurrent Mark From Roots 413.763ms
[2025-11-03T06:26:50.372+0000][gc,marking    ] GC(660) Concurrent Preclean
[2025-11-03T06:26:50.374+0000][gc,marking    ] GC(660) Concurrent Preclean 1.651ms
[2025-11-03T06:26:50.375+0000][gc,marking    ] GC(660) Concurrent Mark (31007.540s, 31007.960s) 420.297ms
[2025-11-03T06:26:50.378+0000][gc,start      ] GC(660) Pause Remark
[2025-11-03T06:26:50.444+0000][gc,stringtable] GC(660) Cleaned string and symbol table, strings: 17234 processed, 0 removed, symbols: 123865 processed, 0 removed
[2025-11-03T06:26:50.456+0000][gc,mmu        ] GC(660) MMU target violated: 21.0ms (20.0ms/21.0ms)
[2025-11-03T06:26:50.456+0000][gc            ] GC(660) Pause Remark 265M->265M(855M) 78.425ms
[2025-11-03T06:26:50.458+0000][gc,cpu        ] GC(660) User=0.13s Sys=0.00s Real=0.08s
[2025-11-03T06:26:50.459+0000][gc,marking    ] GC(660) Concurrent Rebuild Remembered Sets
[2025-11-03T06:26:50.491+0000][gc,start      ] GC(661) Pause Young (Normal) (G1 Evacuation Pause)
[2025-11-03T06:26:50.491+0000][gc,task       ] GC(661) Using 2 workers of 2 for evacuation
[2025-11-03T06:26:50.535+0000][gc,mmu        ] GC(661) MMU target violated: 21.0ms (20.0ms/21.0ms)
[2025-11-03T06:26:50.536+0000][gc,phases     ] GC(661)   Pre Evacuate Collection Set: 0.1ms
[2025-11-03T06:26:50.536+0000][gc,phases     ] GC(661)   Evacuate Collection Set: 37.5ms
[2025-11-03T06:26:50.537+0000][gc,phases     ] GC(661)   Post Evacuate Collection Set: 2.6ms
[2025-11-03T06:26:50.538+0000][gc,phases     ] GC(661)   Other: 5.0ms
[2025-11-03T06:26:50.539+0000][gc,heap       ] GC(661) Eden regions: 40->0(40)
[2025-11-03T06:26:50.540+0000][gc,heap       ] GC(661) Survivor regions: 2->2(6)
[2025-11-03T06:26:50.540+0000][gc,heap       ] GC(661) Old regions: 65->65
[2025-11-03T06:26:50.541+0000][gc,heap       ] GC(661) Humongous regions: 162->162
[2025-11-03T06:26:50.542+0000][gc,metaspace  ] GC(661) Metaspace: 54060K(57264K)->54060K(57264K) NonClass: 48123K(49840K)->48123K(49840K) Class: 5937K(7424K)->5937K(7424K)
[2025-11-03T06:26:50.542+0000][gc            ] GC(661) Pause Young (Normal) (G1 Evacuation Pause) 268M->228M(855M) 51.808ms
[2025-11-03T06:26:50.543+0000][gc,cpu        ] GC(661) User=0.08s Sys=0.00s Real=0.06s
[2025-11-03T06:26:50.738+0000][gc,marking    ] GC(660) Concurrent Rebuild Remembered Sets 278.337ms
[2025-11-03T06:26:50.741+0000][gc,start      ] GC(660) Pause Cleanup
[2025-11-03T06:26:50.744+0000][gc            ] GC(660) Pause Cleanup 250M->250M(855M) 2.358ms
[2025-11-03T06:26:50.745+0000][gc,cpu        ] GC(660) User=0.00s Sys=0.00s Real=0.01s
[2025-11-03T06:26:50.747+0000][gc,marking    ] GC(660) Concurrent Cleanup for Next Mark
[2025-11-03T06:26:50.758+0000][gc,marking    ] GC(660) Concurrent Cleanup for Next Mark 11.671ms
[2025-11-03T06:26:50.768+0000][gc            ] GC(660) Concurrent Cycle 845.869ms
[2025-11-03T06:26:50.899+0000][gc,start      ] GC(662) Pause Young (Normal) (G1 Evacuation Pause)
[2025-11-03T06:26:50.900+0000][gc,task       ] GC(662) Using 2 workers of 2 for evacuation
[2025-11-03T06:26:50.941+0000][gc,mmu        ] GC(662) MMU target violated: 21.0ms (20.0ms/21.0ms)
[2025-11-03T06:26:50.942+0000][gc,phases     ] GC(662)   Pre Evacuate Collection Set: 0.1ms
[2025-11-03T06:26:50.944+0000][gc,phases     ] GC(662)   Evacuate Collection Set: 36.3ms
[2025-11-03T06:26:50.945+0000][gc,phases     ] GC(662)   Post Evacuate Collection Set: 3.2ms
[2025-11-03T06:26:50.947+0000][gc,phases     ] GC(662)   Other: 4.0ms
[2025-11-03T06:26:50.948+0000][gc,heap       ] GC(662) Eden regions: 40->0(39)
[2025-11-03T06:26:50.948+0000][gc,heap       ] GC(662) Survivor regions: 2->3(6)
[2025-11-03T06:26:50.949+0000][gc,heap       ] GC(662) Old regions: 65->65
[2025-11-03T06:26:50.950+0000][gc,heap       ] GC(662) Humongous regions: 174->162
[2025-11-03T06:26:50.952+0000][gc,metaspace  ] GC(662) Metaspace: 54060K(57264K)->54060K(57264K) NonClass: 48123K(49840K)->48123K(49840K) Class: 5937K(7424K)->5937K(7424K)
[2025-11-03T06:26:50.953+0000][gc            ] GC(662) Pause Young (Normal) (G1 Evacuation Pause) 280M->229M(855M) 53.770ms
[2025-11-03T06:26:50.953+0000][gc,cpu        ] GC(662) User=0.08s Sys=0.00s Real=0.06s
[2025-11-03T06:26:50.988+0000][gc,start      ] GC(663) Pause Young (Concurrent Start) (G1 Humongous Allocation)
[2025-11-03T06:26:50.989+0000][gc,task       ] GC(663) Using 2 workers of 2 for evacuation
[2025-11-03T06:26:51.035+0000][gc,mmu        ] GC(663) MMU target violated: 21.0ms (20.0ms/21.0ms)
[2025-11-03T06:26:51.037+0000][gc,phases     ] GC(663)   Pre Evacuate Collection Set: 0.5ms
[2025-11-03T06:26:51.038+0000][gc,phases     ] GC(663)   Evacuate Collection Set: 40.2ms
[2025-11-03T06:26:51.038+0000][gc,phases     ] GC(663)   Post Evacuate Collection Set: 2.8ms
[2025-11-03T06:26:51.040+0000][gc,phases     ] GC(663)   Other: 5.6ms
[2025-11-03T06:26:51.040+0000][gc,heap       ] GC(663) Eden regions: 4->0(39)
[2025-11-03T06:26:51.041+0000][gc,heap       ] GC(663) Survivor regions: 3->3(6)
[2025-11-03T06:26:51.042+0000][gc,heap       ] GC(663) Old regions: 65->65
[2025-11-03T06:26:51.043+0000][gc,heap       ] GC(663) Humongous regions: 162->156
[2025-11-03T06:26:51.045+0000][gc,metaspace  ] GC(663) Metaspace: 54060K(57264K)->54060K(57264K) NonClass: 48123K(49840K)->48123K(49840K) Class: 5937K(7424K)->5937K(7424K)
[2025-11-03T06:26:51.045+0000][gc            ] GC(663) Pause Young (Concurrent Start) (G1 Humongous Allocation) 232M->223M(855M) 57.870ms
[2025-11-03T06:26:51.047+0000][gc,cpu        ] GC(663) User=0.09s Sys=0.00s Real=0.06s
[2025-11-03T06:26:51.049+0000][gc            ] GC(664) Concurrent Cycle
[2025-11-03T06:26:51.051+0000][gc,marking    ] GC(664) Concurrent Clear Claimed Marks
[2025-11-03T06:26:51.053+0000][gc,marking    ] GC(664) Concurrent Clear Claimed Marks 2.023ms
[2025-11-03T06:26:51.054+0000][gc,marking    ] GC(664) Concurrent Scan Root Regions
[2025-11-03T06:26:51.073+0000][gc,marking    ] GC(664) Concurrent Scan Root Regions 19.524ms
[2025-11-03T06:26:51.074+0000][gc,marking    ] GC(664) Concurrent Mark (31008.660s)
[2025-11-03T06:26:51.076+0000][gc,marking    ] GC(664) Concurrent Mark From Roots
[2025-11-03T06:26:51.077+0000][gc,task       ] GC(664) Using 1 workers of 1 for marking
[2025-11-03T06:26:51.370+0000][gc,marking    ] GC(664) Concurrent Mark From Roots 294.658ms
[2025-11-03T06:26:51.371+0000][gc,marking    ] GC(664) Concurrent Preclean
[2025-11-03T06:26:51.373+0000][gc,marking    ] GC(664) Concurrent Preclean 1.733ms
[2025-11-03T06:26:51.374+0000][gc,marking    ] GC(664) Concurrent Mark (31008.660s, 31008.960s) 299.589ms
[2025-11-03T06:26:51.378+0000][gc,start      ] GC(664) Pause Remark
[2025-11-03T06:26:51.428+0000][gc,stringtable] GC(664) Cleaned string and symbol table, strings: 17234 processed, 0 removed, symbols: 123865 processed, 0 removed
[2025-11-03T06:26:51.431+0000][gc,mmu        ] GC(664) MMU target violated: 21.0ms (20.0ms/21.0ms)
[2025-11-03T06:26:51.432+0000][gc            ] GC(664) Pause Remark 281M->281M(855M) 54.363ms
[2025-11-03T06:26:51.433+0000][gc,cpu        ] GC(664) User=0.11s Sys=0.00s Real=0.06s
[2025-11-03T06:26:51.434+0000][gc,marking    ] GC(664) Concurrent Rebuild Remembered Sets
[2025-11-03T06:26:51.455+0000][gc,start      ] GC(665) Pause Young (Normal) (G1 Evacuation Pause)
[2025-11-03T06:26:51.456+0000][gc,task       ] GC(665) Using 2 workers of 2 for evacuation
[2025-11-03T06:26:51.492+0000][gc,mmu        ] GC(665) MMU target violated: 21.0ms (20.0ms/21.0ms)
[2025-11-03T06:26:51.493+0000][gc,phases     ] GC(665)   Pre Evacuate Collection Set: 0.1ms
[2025-11-03T06:26:51.494+0000][gc,phases     ] GC(665)   Evacuate Collection Set: 31.6ms
[2025-11-03T06:26:51.495+0000][gc,phases     ] GC(665)   Post Evacuate Collection Set: 3.4ms
[2025-11-03T06:26:51.496+0000][gc,phases     ] GC(665)   Other: 3.0ms
[2025-11-03T06:26:51.497+0000][gc,heap       ] GC(665) Eden regions: 39->0(39)
[2025-11-03T06:26:51.498+0000][gc,heap       ] GC(665) Survivor regions: 3->3(6)
[2025-11-03T06:26:51.499+0000][gc,heap       ] GC(665) Old regions: 65->66
[2025-11-03T06:26:51.500+0000][gc,heap       ] GC(665) Humongous regions: 180->162
[2025-11-03T06:26:51.501+0000][gc,metaspace  ] GC(665) Metaspace: 54060K(57264K)->54060K(57264K) NonClass: 48123K(49840K)->48123K(49840K) Class: 5937K(7424K)->5937K(7424K)
[2025-11-03T06:26:51.502+0000][gc            ] GC(665) Pause Young (Normal) (G1 Evacuation Pause) 286M->229M(855M) 46.259ms
[2025-11-03T06:26:51.502+0000][gc,cpu        ] GC(665) User=0.07s Sys=0.00s Real=0.05s
[2025-11-03T06:26:51.667+0000][gc,marking    ] GC(664) Concurrent Rebuild Remembered Sets 233.135ms
[2025-11-03T06:26:51.670+0000][gc,start      ] GC(664) Pause Cleanup
[2025-11-03T06:26:51.672+0000][gc            ] GC(664) Pause Cleanup 242M->242M(855M) 2.258ms
[2025-11-03T06:26:51.673+0000][gc,cpu        ] GC(664) User=0.00s Sys=0.01s Real=0.01s
[2025-11-03T06:26:51.674+0000][gc,marking    ] GC(664) Concurrent Cleanup for Next Mark
[2025-11-03T06:26:51.680+0000][gc,marking    ] GC(664) Concurrent Cleanup for Next Mark 5.753ms
[2025-11-03T06:26:51.681+0000][gc            ] GC(664) Concurrent Cycle 631.450ms
[2025-11-03T06:26:51.915+0000][gc,start      ] GC(666) Pause Young (Prepare Mixed) (G1 Evacuation Pause)
[2025-11-03T06:26:51.918+0000][gc,task       ] GC(666) Using 2 workers of 2 for evacuation
[2025-11-03T06:26:51.994+0000][gc,mmu        ] GC(666) MMU target violated: 21.0ms (20.0ms/21.0ms)
[2025-11-03T06:26:51.996+0000][gc,phases     ] GC(666)   Pre Evacuate Collection Set: 0.1ms
[2025-11-03T06:26:51.996+0000][gc,phases     ] GC(666)   Evacuate Collection Set: 67.0ms
[2025-11-03T06:26:52.000+0000][gc,phases     ] GC(666)   Post Evacuate Collection Set: 7.4ms
[2025-11-03T06:26:52.002+0000][gc,phases     ] GC(666)   Other: 6.2ms
[2025-11-03T06:26:52.003+0000][gc,heap       ] GC(666) Eden regions: 39->0(42)
[2025-11-03T06:26:52.004+0000][gc,heap       ] GC(666) Survivor regions: 3->1(6)
[2025-11-03T06:26:52.005+0000][gc,heap       ] GC(666) Old regions: 66->67
[2025-11-03T06:26:52.006+0000][gc,heap       ] GC(666) Humongous regions: 168->162
[2025-11-03T06:26:52.007+0000][gc,metaspace  ] GC(666) Metaspace: 54060K(57264K)->54060K(57264K) NonClass: 48123K(49840K)->48123K(49840K) Class: 5937K(7424K)->5937K(7424K)
[2025-11-03T06:26:52.008+0000][gc            ] GC(666) Pause Young (Prepare Mixed) (G1 Evacuation Pause) 274M->229M(862M) 93.384ms
[2025-11-03T06:26:52.010+0000][gc,cpu        ] GC(666) User=0.18s Sys=0.00s Real=0.09s
[2025-11-03T06:26:52.531+0000][gc,start      ] GC(667) Pause Young (Mixed) (G1 Evacuation Pause)
[2025-11-03T06:26:52.532+0000][gc,task       ] GC(667) Using 2 workers of 2 for evacuation
[2025-11-03T06:26:52.563+0000][gc,mmu        ] GC(667) MMU target violated: 21.0ms (20.0ms/21.0ms)
[2025-11-03T06:26:52.564+0000][gc,phases     ] GC(667)   Pre Evacuate Collection Set: 0.1ms
[2025-11-03T06:26:52.566+0000][gc,phases     ] GC(667)   Evacuate Collection Set: 24.8ms
[2025-11-03T06:26:52.567+0000][gc,phases     ] GC(667)   Post Evacuate Collection Set: 3.6ms
[2025-11-03T06:26:52.567+0000][gc,phases     ] GC(667)   Other: 4.8ms
[2025-11-03T06:26:52.568+0000][gc,heap       ] GC(667) Eden regions: 42->0(42)
[2025-11-03T06:26:52.569+0000][gc,heap       ] GC(667) Survivor regions: 1->1(6)
[2025-11-03T06:26:52.570+0000][gc,heap       ] GC(667) Old regions: 67->67
[2025-11-03T06:26:52.571+0000][gc,heap       ] GC(667) Humongous regions: 168->162
[2025-11-03T06:26:52.572+0000][gc,metaspace  ] GC(667) Metaspace: 54060K(57264K)->54060K(57264K) NonClass: 48123K(49840K)->48123K(49840K) Class: 5937K(7424K)->5937K(7424K)
[2025-11-03T06:26:52.573+0000][gc            ] GC(667) Pause Young (Mixed) (G1 Evacuation Pause) 277M->229M(862M) 41.432ms
[2025-11-03T06:26:52.574+0000][gc,cpu        ] GC(667) User=0.06s Sys=0.00s Real=0.05s
[2025-11-03T06:26:52.825+0000][gc,start      ] GC(668) Pause Young (Concurrent Start) (G1 Humongous Allocation)
[2025-11-03T06:26:52.826+0000][gc,task       ] GC(668) Using 2 workers of 2 for evacuation
[2025-11-03T06:26:52.846+0000][gc,phases     ] GC(668)   Pre Evacuate Collection Set: 0.7ms
[2025-11-03T06:26:52.847+0000][gc,phases     ] GC(668)   Evacuate Collection Set: 14.1ms
[2025-11-03T06:26:52.848+0000][gc,phases     ] GC(668)   Post Evacuate Collection Set: 3.1ms
[2025-11-03T06:26:52.851+0000][gc,phases     ] GC(668)   Other: 3.2ms
[2025-11-03T06:26:52.853+0000][gc,heap       ] GC(668) Eden regions: 33->0(42)
[2025-11-03T06:26:52.854+0000][gc,heap       ] GC(668) Survivor regions: 1->1(6)
[2025-11-03T06:26:52.856+0000][gc,heap       ] GC(668) Old regions: 67->67
[2025-11-03T06:26:52.859+0000][gc,heap       ] GC(668) Humongous regions: 162->156
[2025-11-03T06:26:52.860+0000][gc,metaspace  ] GC(668) Metaspace: 54060K(57264K)->54060K(57264K) NonClass: 48123K(49840K)->48123K(49840K) Class: 5937K(7424K)->5937K(7424K)
[2025-11-03T06:26:52.862+0000][gc            ] GC(668) Pause Young (Concurrent Start) (G1 Humongous Allocation) 261M->223M(862M) 36.614ms
[2025-11-03T06:26:52.863+0000][gc,cpu        ] GC(668) User=0.05s Sys=0.00s Real=0.04s
[2025-11-03T06:26:52.866+0000][gc            ] GC(669) Concurrent Cycle
[2025-11-03T06:26:52.870+0000][gc,marking    ] GC(669) Concurrent Clear Claimed Marks
[2025-11-03T06:26:52.872+0000][gc,marking    ] GC(669) Concurrent Clear Claimed Marks 1.820ms
[2025-11-03T06:26:52.874+0000][gc,marking    ] GC(669) Concurrent Scan Root Regions
[2025-11-03T06:26:52.881+0000][gc,marking    ] GC(669) Concurrent Scan Root Regions 7.015ms
[2025-11-03T06:26:52.882+0000][gc,marking    ] GC(669) Concurrent Mark (31010.468s)
[2025-11-03T06:26:52.884+0000][gc,marking    ] GC(669) Concurrent Mark From Roots
[2025-11-03T06:26:52.885+0000][gc,task       ] GC(669) Using 1 workers of 1 for marking
[2025-11-03T06:26:53.272+0000][gc,marking    ] GC(669) Concurrent Mark From Roots 387.859ms
[2025-11-03T06:26:53.273+0000][gc,marking    ] GC(669) Concurrent Preclean
[2025-11-03T06:26:53.274+0000][gc,marking    ] GC(669) Concurrent Preclean 1.730ms
[2025-11-03T06:26:53.275+0000][gc,marking    ] GC(669) Concurrent Mark (31010.468s, 31010.860s) 392.688ms
[2025-11-03T06:26:53.278+0000][gc,start      ] GC(669) Pause Remark
[2025-11-03T06:26:53.358+0000][gc,stringtable] GC(669) Cleaned string and symbol table, strings: 17234 processed, 0 removed, symbols: 123865 processed, 0 removed
[2025-11-03T06:26:53.362+0000][gc,mmu        ] GC(669) MMU target violated: 21.0ms (20.0ms/21.0ms)
[2025-11-03T06:26:53.362+0000][gc            ] GC(669) Pause Remark 264M->264M(862M) 84.136ms
[2025-11-03T06:26:53.363+0000][gc,cpu        ] GC(669) User=0.16s Sys=0.00s Real=0.09s
[2025-11-03T06:26:53.366+0000][gc,marking    ] GC(669) Concurrent Rebuild Remembered Sets
[2025-11-03T06:26:53.446+0000][gc,start      ] GC(670) Pause Young (Normal) (G1 Evacuation Pause)
[2025-11-03T06:26:53.448+0000][gc,task       ] GC(670) Using 2 workers of 2 for evacuation
[2025-11-03T06:26:53.475+0000][gc,mmu        ] GC(670) MMU target violated: 21.0ms (20.0ms/21.0ms)
[2025-11-03T06:26:53.477+0000][gc,phases     ] GC(670)   Pre Evacuate Collection Set: 0.1ms
[2025-11-03T06:26:53.478+0000][gc,phases     ] GC(670)   Evacuate Collection Set: 21.7ms
[2025-11-03T06:26:53.479+0000][gc,phases     ] GC(670)   Post Evacuate Collection Set: 4.2ms
[2025-11-03T06:26:53.480+0000][gc,phases     ] GC(670)   Other: 4.9ms
[2025-11-03T06:26:53.481+0000][gc,heap       ] GC(670) Eden regions: 42->0(42)
[2025-11-03T06:26:53.483+0000][gc,heap       ] GC(670) Survivor regions: 1->1(6)
[2025-11-03T06:26:53.483+0000][gc,heap       ] GC(670) Old regions: 67->67
[2025-11-03T06:26:53.484+0000][gc,heap       ] GC(670) Humongous regions: 168->162
[2025-11-03T06:26:53.485+0000][gc,metaspace  ] GC(670) Metaspace: 54060K(57264K)->54060K(57264K) NonClass: 48123K(49840K)->48123K(49840K) Class: 5937K(7424K)->5937K(7424K)
[2025-11-03T06:26:53.486+0000][gc            ] GC(670) Pause Young (Normal) (G1 Evacuation Pause) 277M->229M(862M) 40.482ms
[2025-11-03T06:26:53.488+0000][gc,cpu        ] GC(670) User=0.05s Sys=0.00s Real=0.04s
[2025-11-03T06:26:53.604+0000][gc,marking    ] GC(669) Concurrent Rebuild Remembered Sets 238.391ms
[2025-11-03T06:26:53.607+0000][gc,start      ] GC(669) Pause Cleanup
[2025-11-03T06:26:53.610+0000][gc            ] GC(669) Pause Cleanup 248M->248M(862M) 2.929ms
[2025-11-03T06:26:53.611+0000][gc,cpu        ] GC(669) User=0.00s Sys=0.00s Real=0.00s
[2025-11-03T06:26:53.612+0000][gc,marking    ] GC(669) Concurrent Cleanup for Next Mark
[2025-11-03T06:26:53.618+0000][gc,marking    ] GC(669) Concurrent Cleanup for Next Mark 6.259ms
[2025-11-03T06:26:53.620+0000][gc            ] GC(669) Concurrent Cycle 754.003ms
[2025-11-03T06:26:53.796+0000][gc,start      ] GC(671) Pause Young (Prepare Mixed) (G1 Evacuation Pause)
[2025-11-03T06:26:53.797+0000][gc,task       ] GC(671) Using 2 workers of 2 for evacuation
[2025-11-03T06:26:53.826+0000][gc,mmu        ] GC(671) MMU target violated: 21.0ms (20.0ms/21.0ms)
[2025-11-03T06:26:53.827+0000][gc,phases     ] GC(671)   Pre Evacuate Collection Set: 0.0ms
[2025-11-03T06:26:53.830+0000][gc,phases     ] GC(671)   Evacuate Collection Set: 23.7ms
[2025-11-03T06:26:53.831+0000][gc,phases     ] GC(671)   Post Evacuate Collection Set: 3.5ms
[2025-11-03T06:26:53.833+0000][gc,phases     ] GC(671)   Other: 4.6ms
[2025-11-03T06:26:53.833+0000][gc,heap       ] GC(671) Eden regions: 42->0(42)
[2025-11-03T06:26:53.835+0000][gc,heap       ] GC(671) Survivor regions: 1->1(6)
[2025-11-03T06:26:53.836+0000][gc,heap       ] GC(671) Old regions: 67->67
[2025-11-03T06:26:53.838+0000][gc,heap       ] GC(671) Humongous regions: 174->162
[2025-11-03T06:26:53.839+0000][gc,metaspace  ] GC(671) Metaspace: 54060K(57264K)->54060K(57264K) NonClass: 48123K(49840K)->48123K(49840K) Class: 5937K(7424K)->5937K(7424K)
[2025-11-03T06:26:53.841+0000][gc            ] GC(671) Pause Young (Prepare Mixed) (G1 Evacuation Pause) 283M->229M(862M) 45.026ms
[2025-11-03T06:26:53.843+0000][gc,cpu        ] GC(671) User=0.06s Sys=0.00s Real=0.05s
[2025-11-03T06:26:54.499+0000][gc,start      ] GC(672) Pause Young (Mixed) (G1 Evacuation Pause)
[2025-11-03T06:26:54.500+0000][gc,task       ] GC(672) Using 2 workers of 2 for evacuation
[2025-11-03T06:26:54.553+0000][gc,mmu        ] GC(672) MMU target violated: 21.0ms (20.0ms/21.0ms)
[2025-11-03T06:26:54.554+0000][gc,phases     ] GC(672)   Pre Evacuate Collection Set: 0.1ms
[2025-11-03T06:26:54.557+0000][gc,phases     ] GC(672)   Evacuate Collection Set: 42.0ms
[2025-11-03T06:26:54.558+0000][gc,phases     ] GC(672)   Post Evacuate Collection Set: 7.6ms
[2025-11-03T06:26:54.559+0000][gc,phases     ] GC(672)   Other: 6.1ms
[2025-11-03T06:26:54.561+0000][gc,heap       ] GC(672) Eden regions: 42->0(42)
[2025-11-03T06:26:54.563+0000][gc,heap       ] GC(672) Survivor regions: 1->1(6)
[2025-11-03T06:26:54.565+0000][gc,heap       ] GC(672) Old regions: 67->66
[2025-11-03T06:26:54.568+0000][gc,heap       ] GC(672) Humongous regions: 180->162
[2025-11-03T06:26:54.570+0000][gc,metaspace  ] GC(672) Metaspace: 54061K(57264K)->54061K(57264K) NonClass: 48124K(49840K)->48124K(49840K) Class: 5937K(7424K)->5937K(7424K)
[2025-11-03T06:26:54.572+0000][gc            ] GC(672) Pause Young (Mixed) (G1 Evacuation Pause) 289M->228M(862M) 73.465ms
[2025-11-03T06:26:54.574+0000][gc,cpu        ] GC(672) User=0.13s Sys=0.00s Real=0.08s
[2025-11-03T06:26:54.755+0000][gc,start      ] GC(673) Pause Young (Concurrent Start) (G1 Humongous Allocation)
[2025-11-03T06:26:54.757+0000][gc,task       ] GC(673) Using 2 workers of 2 for evacuation
[2025-11-03T06:26:54.793+0000][gc,mmu        ] GC(673) MMU target violated: 21.0ms (20.0ms/21.0ms)
[2025-11-03T06:26:54.794+0000][gc,phases     ] GC(673)   Pre Evacuate Collection Set: 0.7ms
[2025-11-03T06:26:54.796+0000][gc,phases     ] GC(673)   Evacuate Collection Set: 24.3ms
[2025-11-03T06:26:54.797+0000][gc,phases     ] GC(673)   Post Evacuate Collection Set: 8.5ms
[2025-11-03T06:26:54.799+0000][gc,phases     ] GC(673)   Other: 5.9ms
[2025-11-03T06:26:54.802+0000][gc,heap       ] GC(673) Eden regions: 19->0(42)
[2025-11-03T06:26:54.804+0000][gc,heap       ] GC(673) Survivor regions: 1->1(6)
[2025-11-03T06:26:54.806+0000][gc,heap       ] GC(673) Old regions: 66->66
[2025-11-03T06:26:54.808+0000][gc,heap       ] GC(673) Humongous regions: 162->156
[2025-11-03T06:26:54.810+0000][gc,metaspace  ] GC(673) Metaspace: 54061K(57264K)->54061K(57264K) NonClass: 48124K(49840K)->48124K(49840K) Class: 5937K(7424K)->5937K(7424K)
[2025-11-03T06:26:54.811+0000][gc            ] GC(673) Pause Young (Concurrent Start) (G1 Humongous Allocation) 247M->222M(862M) 56.545ms
[2025-11-03T06:26:54.813+0000][gc,cpu        ] GC(673) User=0.06s Sys=0.00s Real=0.06s
[2025-11-03T06:26:54.814+0000][gc            ] GC(674) Concurrent Cycle
[2025-11-03T06:26:54.819+0000][gc,marking    ] GC(674) Concurrent Clear Claimed Marks
[2025-11-03T06:26:54.822+0000][gc,marking    ] GC(674) Concurrent Clear Claimed Marks 3.543ms
[2025-11-03T06:26:54.824+0000][gc,marking    ] GC(674) Concurrent Scan Root Regions
[2025-11-03T06:26:54.832+0000][gc,marking    ] GC(674) Concurrent Scan Root Regions 7.494ms
[2025-11-03T06:26:54.833+0000][gc,marking    ] GC(674) Concurrent Mark (31012.419s)
[2025-11-03T06:26:54.838+0000][gc,marking    ] GC(674) Concurrent Mark From Roots
[2025-11-03T06:26:54.843+0000][gc,task       ] GC(674) Using 1 workers of 1 for marking
[2025-11-03T06:26:55.377+0000][gc,marking    ] GC(674) Concurrent Mark From Roots 539.937ms
[2025-11-03T06:26:55.383+0000][gc,marking    ] GC(674) Concurrent Preclean
[2025-11-03T06:26:55.390+0000][gc,marking    ] GC(674) Concurrent Preclean 6.971ms
[2025-11-03T06:26:55.393+0000][gc,marking    ] GC(674) Concurrent Mark (31012.419s, 31012.978s) 559.326ms
[2025-11-03T06:26:55.399+0000][gc,start      ] GC(674) Pause Remark
[2025-11-03T06:26:55.487+0000][gc,stringtable] GC(674) Cleaned string and symbol table, strings: 17236 processed, 0 removed, symbols: 123865 processed, 0 removed
[2025-11-03T06:26:55.491+0000][gc,mmu        ] GC(674) MMU target violated: 21.0ms (20.0ms/21.0ms)
[2025-11-03T06:26:55.492+0000][gc            ] GC(674) Pause Remark 276M->276M(862M) 92.726ms
[2025-11-03T06:26:55.493+0000][gc,cpu        ] GC(674) User=0.18s Sys=0.00s Real=0.10s
[2025-11-03T06:26:55.495+0000][gc,marking    ] GC(674) Concurrent Rebuild Remembered Sets
[2025-11-03T06:26:55.510+0000][gc,start      ] GC(675) Pause Young (Normal) (G1 Evacuation Pause)
[2025-11-03T06:26:55.511+0000][gc,task       ] GC(675) Using 2 workers of 2 for evacuation
[2025-11-03T06:26:55.541+0000][gc,mmu        ] GC(675) MMU target violated: 21.0ms (20.0ms/21.0ms)
[2025-11-03T06:26:55.543+0000][gc,phases     ] GC(675)   Pre Evacuate Collection Set: 0.1ms
[2025-11-03T06:26:55.544+0000][gc,phases     ] GC(675)   Evacuate Collection Set: 24.5ms
[2025-11-03T06:26:55.546+0000][gc,phases     ] GC(675)   Post Evacuate Collection Set: 4.2ms
[2025-11-03T06:26:55.548+0000][gc,phases     ] GC(675)   Other: 3.6ms
[2025-11-03T06:26:55.549+0000][gc,heap       ] GC(675) Eden regions: 42->0(42)
[2025-11-03T06:26:55.551+0000][gc,heap       ] GC(675) Survivor regions: 1->1(6)
[2025-11-03T06:26:55.552+0000][gc,heap       ] GC(675) Old regions: 66->66
[2025-11-03T06:26:55.555+0000][gc,heap       ] GC(675) Humongous regions: 168->162
[2025-11-03T06:26:55.556+0000][gc,metaspace  ] GC(675) Metaspace: 54061K(57264K)->54061K(57264K) NonClass: 48124K(49840K)->48124K(49840K) Class: 5937K(7424K)->5937K(7424K)
[2025-11-03T06:26:55.559+0000][gc            ] GC(675) Pause Young (Normal) (G1 Evacuation Pause) 276M->228M(862M) 48.402ms
[2025-11-03T06:26:55.560+0000][gc,cpu        ] GC(675) User=0.06s Sys=0.00s Real=0.05s
[2025-11-03T06:26:55.790+0000][gc,marking    ] GC(674) Concurrent Rebuild Remembered Sets 295.016ms
[2025-11-03T06:26:55.798+0000][gc,start      ] GC(674) Pause Cleanup
[2025-11-03T06:26:55.803+0000][gc            ] GC(674) Pause Cleanup 262M->262M(862M) 4.065ms
[2025-11-03T06:26:55.804+0000][gc,cpu        ] GC(674) User=0.01s Sys=0.00s Real=0.01s
[2025-11-03T06:26:55.806+0000][gc,marking    ] GC(674) Concurrent Cleanup for Next Mark
[2025-11-03T06:26:55.813+0000][gc,marking    ] GC(674) Concurrent Cleanup for Next Mark 6.992ms
[2025-11-03T06:26:55.814+0000][gc            ] GC(674) Concurrent Cycle 1000.173ms
[2025-11-03T06:26:55.959+0000][gc,start      ] GC(676) Pause Young (Normal) (G1 Evacuation Pause)
[2025-11-03T06:26:55.960+0000][gc,task       ] GC(676) Using 2 workers of 2 for evacuation
[2025-11-03T06:26:55.979+0000][gc,phases     ] GC(676)   Pre Evacuate Collection Set: 0.1ms
[2025-11-03T06:26:55.981+0000][gc,phases     ] GC(676)   Evacuate Collection Set: 13.9ms
[2025-11-03T06:26:55.982+0000][gc,phases     ] GC(676)   Post Evacuate Collection Set: 3.4ms
[2025-11-03T06:26:55.983+0000][gc,phases     ] GC(676)   Other: 2.5ms
[2025-11-03T06:26:55.983+0000][gc,heap       ] GC(676) Eden regions: 42->0(42)
[2025-11-03T06:26:55.984+0000][gc,heap       ] GC(676) Survivor regions: 1->1(6)
[2025-11-03T06:26:55.985+0000][gc,heap       ] GC(676) Old regions: 66->66
[2025-11-03T06:26:55.986+0000][gc,heap       ] GC(676) Humongous regions: 174->162
[2025-11-03T06:26:55.986+0000][gc,metaspace  ] GC(676) Metaspace: 54061K(57264K)->54061K(57264K) NonClass: 48124K(49840K)->48124K(49840K) Class: 5937K(7424K)->5937K(7424K)
[2025-11-03T06:26:55.987+0000][gc            ] GC(676) Pause Young (Normal) (G1 Evacuation Pause) 282M->228M(862M) 27.993ms
[2025-11-03T06:26:55.988+0000][gc,cpu        ] GC(676) User=0.04s Sys=0.00s Real=0.03s
[2025-11-03T06:26:56.136+0000][gc,start      ] GC(677) Pause Young (Concurrent Start) (G1 Humongous Allocation)
[2025-11-03T06:26:56.154+0000][gc,task       ] GC(677) Using 2 workers of 2 for evacuation
[2025-11-03T06:26:56.181+0000][gc,mmu        ] GC(677) MMU target violated: 21.0ms (20.0ms/21.0ms)
[2025-11-03T06:26:56.182+0000][gc,phases     ] GC(677)   Pre Evacuate Collection Set: 0.5ms
[2025-11-03T06:26:56.183+0000][gc,phases     ] GC(677)   Evacuate Collection Set: 20.6ms
[2025-11-03T06:26:56.184+0000][gc,phases     ] GC(677)   Post Evacuate Collection Set: 3.8ms
[2025-11-03T06:26:56.185+0000][gc,phases     ] GC(677)   Other: 21.0ms
[2025-11-03T06:26:56.186+0000][gc,heap       ] GC(677) Eden regions: 25->0(42)
[2025-11-03T06:26:56.187+0000][gc,heap       ] GC(677) Survivor regions: 1->1(6)
[2025-11-03T06:26:56.188+0000][gc,heap       ] GC(677) Old regions: 66->66
[2025-11-03T06:26:56.189+0000][gc,heap       ] GC(677) Humongous regions: 162->156
[2025-11-03T06:26:56.190+0000][gc,metaspace  ] GC(677) Metaspace: 54061K(57264K)->54061K(57264K) NonClass: 48124K(49840K)->48124K(49840K) Class: 5937K(7424K)->5937K(7424K)
[2025-11-03T06:26:56.191+0000][gc            ] GC(677) Pause Young (Concurrent Start) (G1 Humongous Allocation) 253M->222M(862M) 54.879ms
[2025-11-03T06:26:56.192+0000][gc,cpu        ] GC(677) User=0.06s Sys=0.00s Real=0.06s
[2025-11-03T06:26:56.194+0000][gc            ] GC(678) Concurrent Cycle
[2025-11-03T06:26:56.196+0000][gc,marking    ] GC(678) Concurrent Clear Claimed Marks
[2025-11-03T06:26:56.197+0000][gc,marking    ] GC(678) Concurrent Clear Claimed Marks 1.758ms
[2025-11-03T06:26:56.199+0000][gc,marking    ] GC(678) Concurrent Scan Root Regions
[2025-11-03T06:26:56.206+0000][gc,marking    ] GC(678) Concurrent Scan Root Regions 7.686ms
[2025-11-03T06:26:56.208+0000][gc,marking    ] GC(678) Concurrent Mark (31013.793s)
[2025-11-03T06:26:56.209+0000][gc,marking    ] GC(678) Concurrent Mark From Roots
[2025-11-03T06:26:56.211+0000][gc,task       ] GC(678) Using 1 workers of 1 for marking
[2025-11-03T06:26:56.515+0000][gc,marking    ] GC(678) Concurrent Mark From Roots 305.743ms
[2025-11-03T06:26:56.516+0000][gc,marking    ] GC(678) Concurrent Preclean
[2025-11-03T06:26:56.517+0000][gc,marking    ] GC(678) Concurrent Preclean 1.649ms
[2025-11-03T06:26:56.518+0000][gc,marking    ] GC(678) Concurrent Mark (31013.793s, 31014.104s) 310.777ms
[2025-11-03T06:26:56.521+0000][gc,start      ] GC(678) Pause Remark
[2025-11-03T06:26:56.582+0000][gc,stringtable] GC(678) Cleaned string and symbol table, strings: 17236 processed, 0 removed, symbols: 123865 processed, 0 removed
[2025-11-03T06:26:56.584+0000][gc,mmu        ] GC(678) MMU target violated: 21.0ms (20.0ms/21.0ms)
[2025-11-03T06:26:56.585+0000][gc            ] GC(678) Pause Remark 268M->268M(862M) 64.789ms
[2025-11-03T06:26:56.586+0000][gc,cpu        ] GC(678) User=0.13s Sys=0.00s Real=0.07s
[2025-11-03T06:26:56.588+0000][gc,marking    ] GC(678) Concurrent Rebuild Remembered Sets
[2025-11-03T06:26:56.650+0000][gc,start      ] GC(679) Pause Young (Normal) (G1 Evacuation Pause)
[2025-11-03T06:26:56.651+0000][gc,task       ] GC(679) Using 2 workers of 2 for evacuation
[2025-11-03T06:26:56.677+0000][gc,mmu        ] GC(679) MMU target violated: 21.0ms (20.0ms/21.0ms)
[2025-11-03T06:26:56.678+0000][gc,phases     ] GC(679)   Pre Evacuate Collection Set: 0.3ms
[2025-11-03T06:26:56.679+0000][gc,phases     ] GC(679)   Evacuate Collection Set: 21.2ms
[2025-11-03T06:26:56.680+0000][gc,phases     ] GC(679)   Post Evacuate Collection Set: 3.2ms
[2025-11-03T06:26:56.681+0000][gc,phases     ] GC(679)   Other: 3.4ms
[2025-11-03T06:26:56.682+0000][gc,heap       ] GC(679) Eden regions: 42->0(42)
[2025-11-03T06:26:56.685+0000][gc,heap       ] GC(679) Survivor regions: 1->1(6)
[2025-11-03T06:26:56.685+0000][gc,heap       ] GC(679) Old regions: 66->67
[2025-11-03T06:26:56.686+0000][gc,heap       ] GC(679) Humongous regions: 168->162
[2025-11-03T06:26:56.687+0000][gc,metaspace  ] GC(679) Metaspace: 54061K(57264K)->54061K(57264K) NonClass: 48124K(49840K)->48124K(49840K) Class: 5937K(7424K)->5937K(7424K)
[2025-11-03T06:26:56.688+0000][gc            ] GC(679) Pause Young (Normal) (G1 Evacuation Pause) 276M->228M(862M) 37.218ms
[2025-11-03T06:26:56.690+0000][gc,cpu        ] GC(679) User=0.05s Sys=0.00s Real=0.04s
[2025-11-03T06:26:56.852+0000][gc,marking    ] GC(678) Concurrent Rebuild Remembered Sets 264.560ms
[2025-11-03T06:26:56.857+0000][gc,start      ] GC(678) Pause Cleanup
[2025-11-03T06:26:56.860+0000][gc            ] GC(678) Pause Cleanup 252M->252M(862M) 3.016ms
[2025-11-03T06:26:56.861+0000][gc,cpu        ] GC(678) User=0.00s Sys=0.00s Real=0.00s
[2025-11-03T06:26:56.862+0000][gc,marking    ] GC(678) Concurrent Cleanup for Next Mark
[2025-11-03T06:26:56.870+0000][gc,marking    ] GC(678) Concurrent Cleanup for Next Mark 7.457ms
[2025-11-03T06:26:56.871+0000][gc            ] GC(678) Concurrent Cycle 676.964ms
[2025-11-03T06:26:57.013+0000][gc,start      ] GC(680) Pause Young (Prepare Mixed) (G1 Evacuation Pause)
[2025-11-03T06:26:57.014+0000][gc,task       ] GC(680) Using 2 workers of 2 for evacuation
[2025-11-03T06:26:57.036+0000][gc,mmu        ] GC(680) MMU target violated: 20.4ms (20.0ms/21.0ms)
[2025-11-03T06:26:57.037+0000][gc,phases     ] GC(680)   Pre Evacuate Collection Set: 0.1ms
[2025-11-03T06:26:57.038+0000][gc,phases     ] GC(680)   Evacuate Collection Set: 16.8ms
[2025-11-03T06:26:57.039+0000][gc,phases     ] GC(680)   Post Evacuate Collection Set: 2.3ms
[2025-11-03T06:26:57.039+0000][gc,phases     ] GC(680)   Other: 5.1ms
[2025-11-03T06:26:57.040+0000][gc,heap       ] GC(680) Eden regions: 42->0(42)
[2025-11-03T06:26:57.041+0000][gc,heap       ] GC(680) Survivor regions: 1->1(6)
[2025-11-03T06:26:57.041+0000][gc,heap       ] GC(680) Old regions: 67->67
[2025-11-03T06:26:57.042+0000][gc,heap       ] GC(680) Humongous regions: 168->162
[2025-11-03T06:26:57.043+0000][gc,metaspace  ] GC(680) Metaspace: 54062K(57264K)->54062K(57264K) NonClass: 48125K(49840K)->48125K(49840K) Class: 5937K(7424K)->5937K(7424K)
[2025-11-03T06:26:57.044+0000][gc            ] GC(680) Pause Young (Prepare Mixed) (G1 Evacuation Pause) 276M->229M(862M) 30.583ms
[2025-11-03T06:26:57.044+0000][gc,cpu        ] GC(680) User=0.05s Sys=0.00s Real=0.03s
[2025-11-03T06:26:57.303+0000][gc,start      ] GC(681) Pause Young (Mixed) (G1 Evacuation Pause)
[2025-11-03T06:26:57.304+0000][gc,task       ] GC(681) Using 2 workers of 2 for evacuation
[2025-11-03T06:26:57.322+0000][gc,phases     ] GC(681)   Pre Evacuate Collection Set: 0.1ms
[2025-11-03T06:26:57.323+0000][gc,phases     ] GC(681)   Evacuate Collection Set: 13.4ms
[2025-11-03T06:26:57.324+0000][gc,phases     ] GC(681)   Post Evacuate Collection Set: 2.5ms
[2025-11-03T06:26:57.325+0000][gc,phases     ] GC(681)   Other: 3.0ms
[2025-11-03T06:26:57.325+0000][gc,heap       ] GC(681) Eden regions: 42->0(42)
[2025-11-03T06:26:57.327+0000][gc,heap       ] GC(681) Survivor regions: 1->1(6)
[2025-11-03T06:26:57.327+0000][gc,heap       ] GC(681) Old regions: 67->66
[2025-11-03T06:26:57.328+0000][gc,heap       ] GC(681) Humongous regions: 174->162
[2025-11-03T06:26:57.329+0000][gc,metaspace  ] GC(681) Metaspace: 54062K(57264K)->54062K(57264K) NonClass: 48125K(49840K)->48125K(49840K) Class: 5937K(7424K)->5937K(7424K)
[2025-11-03T06:26:57.330+0000][gc            ] GC(681) Pause Young (Mixed) (G1 Evacuation Pause) 283M->228M(862M) 26.365ms
[2025-11-03T06:26:57.330+0000][gc,cpu        ] GC(681) User=0.04s Sys=0.00s Real=0.02s
[2025-11-03T06:26:57.445+0000][gc,start      ] GC(682) Pause Young (Concurrent Start) (G1 Humongous Allocation)
[2025-11-03T06:26:57.445+0000][gc,task       ] GC(682) Using 2 workers of 2 for evacuation
[2025-11-03T06:26:57.467+0000][gc,mmu        ] GC(682) MMU target violated: 20.2ms (20.0ms/21.0ms)
[2025-11-03T06:26:57.468+0000][gc,phases     ] GC(682)   Pre Evacuate Collection Set: 0.6ms
[2025-11-03T06:26:57.469+0000][gc,phases     ] GC(682)   Evacuate Collection Set: 15.5ms
[2025-11-03T06:26:57.470+0000][gc,phases     ] GC(682)   Post Evacuate Collection Set: 3.7ms
[2025-11-03T06:26:57.471+0000][gc,phases     ] GC(682)   Other: 3.4ms
[2025-11-03T06:26:57.471+0000][gc,heap       ] GC(682) Eden regions: 26->0(42)
[2025-11-03T06:26:57.472+0000][gc,heap       ] GC(682) Survivor regions: 1->1(6)
[2025-11-03T06:26:57.474+0000][gc,heap       ] GC(682) Old regions: 66->66
[2025-11-03T06:26:57.475+0000][gc,heap       ] GC(682) Humongous regions: 162->156
[2025-11-03T06:26:57.475+0000][gc,metaspace  ] GC(682) Metaspace: 54062K(57264K)->54062K(57264K) NonClass: 48125K(49840K)->48125K(49840K) Class: 5937K(7424K)->5937K(7424K)
[2025-11-03T06:26:57.476+0000][gc            ] GC(682) Pause Young (Concurrent Start) (G1 Humongous Allocation) 253M->222M(862M) 31.696ms
[2025-11-03T06:26:57.477+0000][gc,cpu        ] GC(682) User=0.04s Sys=0.00s Real=0.03s
[2025-11-03T06:26:57.479+0000][gc            ] GC(683) Concurrent Cycle
[2025-11-03T06:26:57.481+0000][gc,marking    ] GC(683) Concurrent Clear Claimed Marks
[2025-11-03T06:26:57.483+0000][gc,marking    ] GC(683) Concurrent Clear Claimed Marks 2.415ms
[2025-11-03T06:26:57.484+0000][gc,marking    ] GC(683) Concurrent Scan Root Regions
[2025-11-03T06:26:57.490+0000][gc,marking    ] GC(683) Concurrent Scan Root Regions 6.051ms
[2025-11-03T06:26:57.491+0000][gc,marking    ] GC(683) Concurrent Mark (31015.077s)
[2025-11-03T06:26:57.492+0000][gc,marking    ] GC(683) Concurrent Mark From Roots
[2025-11-03T06:26:57.493+0000][gc,task       ] GC(683) Using 1 workers of 1 for marking
[2025-11-03T06:26:57.791+0000][gc,marking    ] GC(683) Concurrent Mark From Roots 298.452ms
[2025-11-03T06:26:57.792+0000][gc,marking    ] GC(683) Concurrent Preclean
[2025-11-03T06:26:57.793+0000][gc,marking    ] GC(683) Concurrent Preclean 1.150ms
[2025-11-03T06:26:57.794+0000][gc,marking    ] GC(683) Concurrent Mark (31015.077s, 31015.379s) 302.577ms
[2025-11-03T06:26:57.797+0000][gc,start      ] GC(683) Pause Remark
[2025-11-03T06:26:57.861+0000][gc,stringtable] GC(683) Cleaned string and symbol table, strings: 17236 processed, 0 removed, symbols: 123865 processed, 0 removed
[2025-11-03T06:26:57.863+0000][gc,mmu        ] GC(683) MMU target violated: 21.0ms (20.0ms/21.0ms)
[2025-11-03T06:26:57.864+0000][gc            ] GC(683) Pause Remark 267M->267M(862M) 67.536ms
[2025-11-03T06:26:57.865+0000][gc,cpu        ] GC(683) User=0.12s Sys=0.00s Real=0.07s
[2025-11-03T06:26:57.867+0000][gc,marking    ] GC(683) Concurrent Rebuild Remembered Sets
[2025-11-03T06:26:57.904+0000][gc,start      ] GC(684) Pause Young (Normal) (G1 Evacuation Pause)
[2025-11-03T06:26:57.904+0000][gc,task       ] GC(684) Using 2 workers of 2 for evacuation
[2025-11-03T06:26:57.934+0000][gc,mmu        ] GC(684) MMU target violated: 21.0ms (20.0ms/21.0ms)
[2025-11-03T06:26:57.935+0000][gc,phases     ] GC(684)   Pre Evacuate Collection Set: 0.1ms
[2025-11-03T06:26:57.935+0000][gc,phases     ] GC(684)   Evacuate Collection Set: 24.3ms
[2025-11-03T06:26:57.936+0000][gc,phases     ] GC(684)   Post Evacuate Collection Set: 4.0ms
[2025-11-03T06:26:57.937+0000][gc,phases     ] GC(684)   Other: 2.8ms
[2025-11-03T06:26:57.938+0000][gc,heap       ] GC(684) Eden regions: 42->0(42)
[2025-11-03T06:26:57.939+0000][gc,heap       ] GC(684) Survivor regions: 1->1(6)
[2025-11-03T06:26:57.939+0000][gc,heap       ] GC(684) Old regions: 66->66
[2025-11-03T06:26:57.940+0000][gc,heap       ] GC(684) Humongous regions: 168->162
[2025-11-03T06:26:57.941+0000][gc,metaspace  ] GC(684) Metaspace: 54062K(57264K)->54062K(57264K) NonClass: 48125K(49840K)->48125K(49840K) Class: 5937K(7424K)->5937K(7424K)
[2025-11-03T06:26:57.942+0000][gc            ] GC(684) Pause Young (Normal) (G1 Evacuation Pause) 276M->228M(862M) 38.482ms
[2025-11-03T06:26:57.943+0000][gc,cpu        ] GC(684) User=0.06s Sys=0.00s Real=0.04s
[2025-11-03T06:26:58.083+0000][gc,marking    ] GC(683) Concurrent Rebuild Remembered Sets 216.821ms
[2025-11-03T06:26:58.090+0000][gc,start      ] GC(683) Pause Cleanup
[2025-11-03T06:26:58.093+0000][gc            ] GC(683) Pause Cleanup 254M->254M(862M) 2.567ms
[2025-11-03T06:26:58.094+0000][gc,cpu        ] GC(683) User=0.00s Sys=0.00s Real=0.01s
[2025-11-03T06:26:58.096+0000][gc,marking    ] GC(683) Concurrent Cleanup for Next Mark
[2025-11-03T06:26:58.102+0000][gc,marking    ] GC(683) Concurrent Cleanup for Next Mark 6.120ms
[2025-11-03T06:26:58.103+0000][gc            ] GC(683) Concurrent Cycle 624.036ms
[2025-11-03T06:26:58.207+0000][gc,start      ] GC(685) Pause Young (Normal) (G1 Evacuation Pause)
[2025-11-03T06:26:58.208+0000][gc,task       ] GC(685) Using 2 workers of 2 for evacuation
[2025-11-03T06:26:58.226+0000][gc,phases     ] GC(685)   Pre Evacuate Collection Set: 0.1ms
[2025-11-03T06:26:58.227+0000][gc,phases     ] GC(685)   Evacuate Collection Set: 13.6ms
[2025-11-03T06:26:58.228+0000][gc,phases     ] GC(685)   Post Evacuate Collection Set: 3.0ms
[2025-11-03T06:26:58.228+0000][gc,phases     ] GC(685)   Other: 2.5ms
[2025-11-03T06:26:58.229+0000][gc,heap       ] GC(685) Eden regions: 42->0(42)
[2025-11-03T06:26:58.230+0000][gc,heap       ] GC(685) Survivor regions: 1->1(6)
[2025-11-03T06:26:58.230+0000][gc,heap       ] GC(685) Old regions: 66->66
[2025-11-03T06:26:58.231+0000][gc,heap       ] GC(685) Humongous regions: 174->162
[2025-11-03T06:26:58.232+0000][gc,metaspace  ] GC(685) Metaspace: 54062K(57264K)->54062K(57264K) NonClass: 48125K(49840K)->48125K(49840K) Class: 5937K(7424K)->5937K(7424K)
[2025-11-03T06:26:58.233+0000][gc            ] GC(685) Pause Young (Normal) (G1 Evacuation Pause) 282M->228M(862M) 25.594ms
[2025-11-03T06:26:58.234+0000][gc,cpu        ] GC(685) User=0.03s Sys=0.00s Real=0.03s
[2025-11-03T06:26:58.292+0000][gc,start      ] GC(686) Pause Young (Concurrent Start) (G1 Humongous Allocation)
[2025-11-03T06:26:58.292+0000][gc,task       ] GC(686) Using 2 workers of 2 for evacuation
[2025-11-03T06:26:58.313+0000][gc,phases     ] GC(686)   Pre Evacuate Collection Set: 0.4ms
[2025-11-03T06:26:58.314+0000][gc,phases     ] GC(686)   Evacuate Collection Set: 15.9ms
[2025-11-03T06:26:58.315+0000][gc,phases     ] GC(686)   Post Evacuate Collection Set: 2.6ms
[2025-11-03T06:26:58.316+0000][gc,phases     ] GC(686)   Other: 2.4ms
[2025-11-03T06:26:58.317+0000][gc,heap       ] GC(686) Eden regions: 13->0(42)
[2025-11-03T06:26:58.318+0000][gc,heap       ] GC(686) Survivor regions: 1->1(6)
[2025-11-03T06:26:58.319+0000][gc,heap       ] GC(686) Old regions: 66->66
[2025-11-03T06:26:58.320+0000][gc,heap       ] GC(686) Humongous regions: 162->156
[2025-11-03T06:26:58.321+0000][gc,metaspace  ] GC(686) Metaspace: 54062K(57264K)->54062K(57264K) NonClass: 48125K(49840K)->48125K(49840K) Class: 5937K(7424K)->5937K(7424K)
[2025-11-03T06:26:58.322+0000][gc            ] GC(686) Pause Young (Concurrent Start) (G1 Humongous Allocation) 241M->222M(862M) 29.965ms
[2025-11-03T06:26:58.322+0000][gc,cpu        ] GC(686) User=0.03s Sys=0.00s Real=0.04s
[2025-11-03T06:26:58.324+0000][gc            ] GC(687) Concurrent Cycle
[2025-11-03T06:26:58.325+0000][gc,marking    ] GC(687) Concurrent Clear Claimed Marks
[2025-11-03T06:26:58.326+0000][gc,marking    ] GC(687) Concurrent Clear Claimed Marks 1.419ms
[2025-11-03T06:26:58.327+0000][gc,marking    ] GC(687) Concurrent Scan Root Regions
[2025-11-03T06:26:58.333+0000][gc,marking    ] GC(687) Concurrent Scan Root Regions 5.582ms
[2025-11-03T06:26:58.334+0000][gc,marking    ] GC(687) Concurrent Mark (31015.919s)
[2025-11-03T06:26:58.335+0000][gc,marking    ] GC(687) Concurrent Mark From Roots
[2025-11-03T06:26:58.335+0000][gc,task       ] GC(687) Using 1 workers of 1 for marking
[2025-11-03T06:26:58.542+0000][gc,marking    ] GC(687) Concurrent Mark From Roots 207.354ms
[2025-11-03T06:26:58.543+0000][gc,marking    ] GC(687) Concurrent Preclean
[2025-11-03T06:26:58.545+0000][gc,marking    ] GC(687) Concurrent Preclean 2.047ms
[2025-11-03T06:26:58.546+0000][gc,marking    ] GC(687) Concurrent Mark (31015.919s, 31016.132s) 212.409ms
[2025-11-03T06:26:58.551+0000][gc,start      ] GC(687) Pause Remark
[2025-11-03T06:26:58.599+0000][gc,stringtable] GC(687) Cleaned string and symbol table, strings: 17236 processed, 0 removed, symbols: 123865 processed, 0 removed
[2025-11-03T06:26:58.602+0000][gc,mmu        ] GC(687) MMU target violated: 21.0ms (20.0ms/21.0ms)
[2025-11-03T06:26:58.602+0000][gc            ] GC(687) Pause Remark 260M->260M(862M) 51.453ms
[2025-11-03T06:26:58.603+0000][gc,cpu        ] GC(687) User=0.10s Sys=0.00s Real=0.06s
[2025-11-03T06:26:58.605+0000][gc,marking    ] GC(687) Concurrent Rebuild Remembered Sets
[2025-11-03T06:26:58.655+0000][gc,start      ] GC(688) Pause Young (Normal) (G1 Evacuation Pause)
[2025-11-03T06:26:58.656+0000][gc,task       ] GC(688) Using 2 workers of 2 for evacuation
[2025-11-03T06:26:58.673+0000][gc,phases     ] GC(688)   Pre Evacuate Collection Set: 0.1ms
[2025-11-03T06:26:58.674+0000][gc,phases     ] GC(688)   Evacuate Collection Set: 14.0ms
[2025-11-03T06:26:58.675+0000][gc,phases     ] GC(688)   Post Evacuate Collection Set: 2.3ms
[2025-11-03T06:26:58.676+0000][gc,phases     ] GC(688)   Other: 2.0ms
[2025-11-03T06:26:58.676+0000][gc,heap       ] GC(688) Eden regions: 42->0(42)
[2025-11-03T06:26:58.677+0000][gc,heap       ] GC(688) Survivor regions: 1->1(6)
[2025-11-03T06:26:58.678+0000][gc,heap       ] GC(688) Old regions: 66->66
[2025-11-03T06:26:58.679+0000][gc,heap       ] GC(688) Humongous regions: 162->162
[2025-11-03T06:26:58.680+0000][gc,metaspace  ] GC(688) Metaspace: 54062K(57264K)->54062K(57264K) NonClass: 48125K(49840K)->48125K(49840K) Class: 5937K(7424K)->5937K(7424K)
[2025-11-03T06:26:58.681+0000][gc            ] GC(688) Pause Young (Normal) (G1 Evacuation Pause) 270M->228M(862M) 25.898ms
[2025-11-03T06:26:58.682+0000][gc,cpu        ] GC(688) User=0.04s Sys=0.00s Real=0.02s
[2025-11-03T06:26:58.782+0000][gc,marking    ] GC(687) Concurrent Rebuild Remembered Sets 176.969ms
[2025-11-03T06:26:58.785+0000][gc,start      ] GC(687) Pause Cleanup
[2025-11-03T06:26:58.787+0000][gc            ] GC(687) Pause Cleanup 252M->252M(862M) 2.129ms
[2025-11-03T06:26:58.788+0000][gc,cpu        ] GC(687) User=0.00s Sys=0.00s Real=0.00s
[2025-11-03T06:26:58.789+0000][gc,marking    ] GC(687) Concurrent Cleanup for Next Mark
[2025-11-03T06:26:58.795+0000][gc,marking    ] GC(687) Concurrent Cleanup for Next Mark 5.862ms
[2025-11-03T06:26:58.796+0000][gc            ] GC(687) Concurrent Cycle 471.845ms
[2025-11-03T06:26:58.837+0000][gc,start      ] GC(689) Pause Young (Concurrent Start) (G1 Humongous Allocation)
[2025-11-03T06:26:58.838+0000][gc,task       ] GC(689) Using 2 workers of 2 for evacuation
[2025-11-03T06:26:58.857+0000][gc,phases     ] GC(689)   Pre Evacuate Collection Set: 0.4ms
[2025-11-03T06:26:58.858+0000][gc,phases     ] GC(689)   Evacuate Collection Set: 13.9ms
[2025-11-03T06:26:58.858+0000][gc,phases     ] GC(689)   Post Evacuate Collection Set: 3.0ms
[2025-11-03T06:26:58.859+0000][gc,phases     ] GC(689)   Other: 2.5ms
[2025-11-03T06:26:58.860+0000][gc,heap       ] GC(689) Eden regions: 28->0(42)
[2025-11-03T06:26:58.861+0000][gc,heap       ] GC(689) Survivor regions: 1->1(6)
[2025-11-03T06:26:58.862+0000][gc,heap       ] GC(689) Old regions: 66->66
[2025-11-03T06:26:58.863+0000][gc,heap       ] GC(689) Humongous regions: 168->156
[2025-11-03T06:26:58.864+0000][gc,metaspace  ] GC(689) Metaspace: 54062K(57264K)->54062K(57264K) NonClass: 48125K(49840K)->48125K(49840K) Class: 5937K(7424K)->5937K(7424K)
[2025-11-03T06:26:58.865+0000][gc            ] GC(689) Pause Young (Concurrent Start) (G1 Humongous Allocation) 261M->222M(862M) 27.755ms
[2025-11-03T06:26:58.866+0000][gc,cpu        ] GC(689) User=0.03s Sys=0.00s Real=0.03s
[2025-11-03T06:26:58.867+0000][gc            ] GC(690) Concurrent Cycle
[2025-11-03T06:26:58.869+0000][gc,marking    ] GC(690) Concurrent Clear Claimed Marks
[2025-11-03T06:26:58.870+0000][gc,marking    ] GC(690) Concurrent Clear Claimed Marks 1.354ms
[2025-11-03T06:26:58.871+0000][gc,marking    ] GC(690) Concurrent Scan Root Regions
[2025-11-03T06:26:58.882+0000][gc,marking    ] GC(690) Concurrent Scan Root Regions 11.799ms
[2025-11-03T06:26:58.885+0000][gc,marking    ] GC(690) Concurrent Mark (31016.471s)
[2025-11-03T06:26:58.888+0000][gc,marking    ] GC(690) Concurrent Mark From Roots
[2025-11-03T06:26:58.891+0000][gc,task       ] GC(690) Using 1 workers of 1 for marking
[2025-11-03T06:26:59.339+0000][gc,marking    ] GC(690) Concurrent Mark From Roots 450.602ms
[2025-11-03T06:26:59.340+0000][gc,marking    ] GC(690) Concurrent Preclean
[2025-11-03T06:26:59.343+0000][gc,marking    ] GC(690) Concurrent Preclean 2.854ms
[2025-11-03T06:26:59.344+0000][gc,marking    ] GC(690) Concurrent Mark (31016.471s, 31016.929s) 458.470ms
[2025-11-03T06:26:59.346+0000][gc,start      ] GC(690) Pause Remark
[2025-11-03T06:26:59.436+0000][gc,stringtable] GC(690) Cleaned string and symbol table, strings: 17236 processed, 0 removed, symbols: 123865 processed, 0 removed
[2025-11-03T06:26:59.439+0000][gc,mmu        ] GC(690) MMU target violated: 21.0ms (20.0ms/21.0ms)
[2025-11-03T06:26:59.440+0000][gc            ] GC(690) Pause Remark 274M->274M(862M) 93.883ms
[2025-11-03T06:26:59.441+0000][gc,cpu        ] GC(690) User=0.12s Sys=0.00s Real=0.09s
[2025-11-03T06:26:59.443+0000][gc,marking    ] GC(690) Concurrent Rebuild Remembered Sets
[2025-11-03T06:26:59.464+0000][gc,start      ] GC(691) Pause Young (Normal) (G1 Evacuation Pause)
[2025-11-03T06:26:59.466+0000][gc,task       ] GC(691) Using 2 workers of 2 for evacuation
[2025-11-03T06:26:59.547+0000][gc,mmu        ] GC(691) MMU target violated: 21.0ms (20.0ms/21.0ms)
[2025-11-03T06:26:59.549+0000][gc,phases     ] GC(691)   Pre Evacuate Collection Set: 0.1ms
[2025-11-03T06:26:59.551+0000][gc,phases     ] GC(691)   Evacuate Collection Set: 68.4ms
[2025-11-03T06:26:59.553+0000][gc,phases     ] GC(691)   Post Evacuate Collection Set: 8.1ms
[2025-11-03T06:26:59.554+0000][gc,phases     ] GC(691)   Other: 8.7ms
[2025-11-03T06:26:59.555+0000][gc,heap       ] GC(691) Eden regions: 42->0(42)
[2025-11-03T06:26:59.558+0000][gc,heap       ] GC(691) Survivor regions: 1->1(6)
[2025-11-03T06:26:59.562+0000][gc,heap       ] GC(691) Old regions: 66->66
[2025-11-03T06:26:59.563+0000][gc,heap       ] GC(691) Humongous regions: 168->162
[2025-11-03T06:26:59.564+0000][gc,metaspace  ] GC(691) Metaspace: 54062K(57264K)->54062K(57264K) NonClass: 48125K(49840K)->48125K(49840K) Class: 5937K(7424K)->5937K(7424K)
[2025-11-03T06:26:59.566+0000][gc            ] GC(691) Pause Young (Normal) (G1 Evacuation Pause) 276M->228M(862M) 102.154ms
[2025-11-03T06:26:59.572+0000][gc,cpu        ] GC(691) User=0.10s Sys=0.00s Real=0.11s
[2025-11-03T06:26:59.858+0000][gc,marking    ] GC(690) Concurrent Rebuild Remembered Sets 415.077ms
[2025-11-03T06:26:59.861+0000][gc,start      ] GC(690) Pause Cleanup
[2025-11-03T06:26:59.864+0000][gc            ] GC(690) Pause Cleanup 255M->255M(862M) 3.504ms
[2025-11-03T06:26:59.869+0000][gc,cpu        ] GC(690) User=0.00s Sys=0.00s Real=0.01s
[2025-11-03T06:26:59.871+0000][gc,marking    ] GC(690) Concurrent Cleanup for Next Mark
[2025-11-03T06:26:59.878+0000][gc,marking    ] GC(690) Concurrent Cleanup for Next Mark 7.346ms
[2025-11-03T06:26:59.880+0000][gc            ] GC(690) Concurrent Cycle 1013.024ms
[2025-11-03T06:27:00.096+0000][gc,start      ] GC(692) Pause Young (Normal) (G1 Evacuation Pause)
[2025-11-03T06:27:00.097+0000][gc,task       ] GC(692) Using 2 workers of 2 for evacuation
[2025-11-03T06:27:00.125+0000][gc,mmu        ] GC(692) MMU target violated: 21.0ms (20.0ms/21.0ms)
[2025-11-03T06:27:00.126+0000][gc,phases     ] GC(692)   Pre Evacuate Collection Set: 0.1ms
[2025-11-03T06:27:00.127+0000][gc,phases     ] GC(692)   Evacuate Collection Set: 22.2ms
[2025-11-03T06:27:00.128+0000][gc,phases     ] GC(692)   Post Evacuate Collection Set: 3.5ms
[2025-11-03T06:27:00.129+0000][gc,phases     ] GC(692)   Other: 3.8ms
[2025-11-03T06:27:00.130+0000][gc,heap       ] GC(692) Eden regions: 42->0(42)
[2025-11-03T06:27:00.132+0000][gc,heap       ] GC(692) Survivor regions: 1->1(6)
[2025-11-03T06:27:00.132+0000][gc,heap       ] GC(692) Old regions: 66->66
[2025-11-03T06:27:00.133+0000][gc,heap       ] GC(692) Humongous regions: 168->162
[2025-11-03T06:27:00.134+0000][gc,metaspace  ] GC(692) Metaspace: 54062K(57264K)->54062K(57264K) NonClass: 48125K(49840K)->48125K(49840K) Class: 5937K(7424K)->5937K(7424K)
[2025-11-03T06:27:00.136+0000][gc            ] GC(692) Pause Young (Normal) (G1 Evacuation Pause) 276M->228M(862M) 39.092ms
[2025-11-03T06:27:00.136+0000][gc,cpu        ] GC(692) User=0.06s Sys=0.00s Real=0.04s
[2025-11-03T06:27:00.386+0000][gc,start      ] GC(693) Pause Young (Concurrent Start) (G1 Evacuation Pause)
[2025-11-03T06:27:00.387+0000][gc,task       ] GC(693) Using 2 workers of 2 for evacuation
[2025-11-03T06:27:00.403+0000][gc,phases     ] GC(693)   Pre Evacuate Collection Set: 0.4ms
[2025-11-03T06:27:00.404+0000][gc,phases     ] GC(693)   Evacuate Collection Set: 11.2ms
[2025-11-03T06:27:00.405+0000][gc,phases     ] GC(693)   Post Evacuate Collection Set: 2.7ms
[2025-11-03T06:27:00.406+0000][gc,phases     ] GC(693)   Other: 2.7ms
[2025-11-03T06:27:00.408+0000][gc,heap       ] GC(693) Eden regions: 42->0(42)
[2025-11-03T06:27:00.408+0000][gc,heap       ] GC(693) Survivor regions: 1->1(6)
[2025-11-03T06:27:00.410+0000][gc,heap       ] GC(693) Old regions: 66->66
[2025-11-03T06:27:00.410+0000][gc,heap       ] GC(693) Humongous regions: 162->162
[2025-11-03T06:27:00.412+0000][gc,metaspace  ] GC(693) Metaspace: 54062K(57264K)->54062K(57264K) NonClass: 48125K(49840K)->48125K(49840K) Class: 5937K(7424K)->5937K(7424K)
[2025-11-03T06:27:00.412+0000][gc            ] GC(693) Pause Young (Concurrent Start) (G1 Evacuation Pause) 270M->228M(862M) 26.608ms
[2025-11-03T06:27:00.414+0000][gc,cpu        ] GC(693) User=0.03s Sys=0.00s Real=0.03s
[2025-11-03T06:27:00.418+0000][gc            ] GC(694) Concurrent Cycle
[2025-11-03T06:27:00.419+0000][gc,marking    ] GC(694) Concurrent Clear Claimed Marks
[2025-11-03T06:27:00.421+0000][gc,marking    ] GC(694) Concurrent Clear Claimed Marks 2.090ms
[2025-11-03T06:27:00.423+0000][gc,marking    ] GC(694) Concurrent Scan Root Regions
[2025-11-03T06:27:00.437+0000][gc,marking    ] GC(694) Concurrent Scan Root Regions 14.231ms
[2025-11-03T06:27:00.438+0000][gc,marking    ] GC(694) Concurrent Mark (31018.023s)
[2025-11-03T06:27:00.442+0000][gc,marking    ] GC(694) Concurrent Mark From Roots
[2025-11-03T06:27:00.443+0000][gc,task       ] GC(694) Using 1 workers of 1 for marking
[2025-11-03T06:27:00.646+0000][gc,marking    ] GC(694) Concurrent Mark From Roots 204.106ms
[2025-11-03T06:27:00.647+0000][gc,marking    ] GC(694) Concurrent Preclean
[2025-11-03T06:27:00.648+0000][gc,marking    ] GC(694) Concurrent Preclean 1.175ms
[2025-11-03T06:27:00.649+0000][gc,marking    ] GC(694) Concurrent Mark (31018.023s, 31018.234s) 210.546ms
[2025-11-03T06:27:00.651+0000][gc,start      ] GC(694) Pause Remark
[2025-11-03T06:27:00.697+0000][gc,stringtable] GC(694) Cleaned string and symbol table, strings: 17236 processed, 0 removed, symbols: 123865 processed, 0 removed
[2025-11-03T06:27:00.699+0000][gc,mmu        ] GC(694) MMU target violated: 21.0ms (20.0ms/21.0ms)
[2025-11-03T06:27:00.700+0000][gc            ] GC(694) Pause Remark 279M->279M(862M) 48.503ms
[2025-11-03T06:27:00.701+0000][gc,cpu        ] GC(694) User=0.09s Sys=0.00s Real=0.05s
[2025-11-03T06:27:00.703+0000][gc,marking    ] GC(694) Concurrent Rebuild Remembered Sets
[2025-11-03T06:27:00.738+0000][gc,start      ] GC(695) Pause Young (Normal) (G1 Evacuation Pause)
[2025-11-03T06:27:00.739+0000][gc,task       ] GC(695) Using 2 workers of 2 for evacuation
[2025-11-03T06:27:00.762+0000][gc,mmu        ] GC(695) MMU target violated: 21.0ms (20.0ms/21.0ms)
[2025-11-03T06:27:00.763+0000][gc,phases     ] GC(695)   Pre Evacuate Collection Set: 0.1ms
[2025-11-03T06:27:00.764+0000][gc,phases     ] GC(695)   Evacuate Collection Set: 16.0ms
[2025-11-03T06:27:00.765+0000][gc,phases     ] GC(695)   Post Evacuate Collection Set: 4.5ms
[2025-11-03T06:27:00.766+0000][gc,phases     ] GC(695)   Other: 4.6ms
[2025-11-03T06:27:00.766+0000][gc,heap       ] GC(695) Eden regions: 42->0(42)
[2025-11-03T06:27:00.767+0000][gc,heap       ] GC(695) Survivor regions: 1->1(6)
[2025-11-03T06:27:00.768+0000][gc,heap       ] GC(695) Old regions: 66->66
[2025-11-03T06:27:00.769+0000][gc,heap       ] GC(695) Humongous regions: 174->162
[2025-11-03T06:27:00.770+0000][gc,metaspace  ] GC(695) Metaspace: 54062K(57264K)->54062K(57264K) NonClass: 48125K(49840K)->48125K(49840K) Class: 5937K(7424K)->5937K(7424K)
[2025-11-03T06:27:00.771+0000][gc            ] GC(695) Pause Young (Normal) (G1 Evacuation Pause) 282M->228M(862M) 32.469ms
[2025-11-03T06:27:00.772+0000][gc,cpu        ] GC(695) User=0.04s Sys=0.00s Real=0.04s
[2025-11-03T06:27:00.907+0000][gc,marking    ] GC(694) Concurrent Rebuild Remembered Sets 204.802ms
[2025-11-03T06:27:00.917+0000][gc,start      ] GC(694) Pause Cleanup
[2025-11-03T06:27:00.919+0000][gc            ] GC(694) Pause Cleanup 248M->248M(862M) 2.448ms
[2025-11-03T06:27:00.920+0000][gc,cpu        ] GC(694) User=0.00s Sys=0.01s Real=0.00s
[2025-11-03T06:27:00.921+0000][gc,marking    ] GC(694) Concurrent Cleanup for Next Mark
[2025-11-03T06:27:00.929+0000][gc,marking    ] GC(694) Concurrent Cleanup for Next Mark 7.831ms
[2025-11-03T06:27:00.931+0000][gc            ] GC(694) Concurrent Cycle 512.452ms
[2025-11-03T06:27:01.023+0000][gc,start      ] GC(696) Pause Young (Normal) (G1 Evacuation Pause)
[2025-11-03T06:27:01.023+0000][gc,task       ] GC(696) Using 2 workers of 2 for evacuation
[2025-11-03T06:27:01.042+0000][gc,phases     ] GC(696)   Pre Evacuate Collection Set: 0.1ms
[2025-11-03T06:27:01.043+0000][gc,phases     ] GC(696)   Evacuate Collection Set: 14.1ms
[2025-11-03T06:27:01.044+0000][gc,phases     ] GC(696)   Post Evacuate Collection Set: 2.9ms
[2025-11-03T06:27:01.045+0000][gc,phases     ] GC(696)   Other: 2.6ms
[2025-11-03T06:27:01.046+0000][gc,heap       ] GC(696) Eden regions: 42->0(42)
[2025-11-03T06:27:01.047+0000][gc,heap       ] GC(696) Survivor regions: 1->1(6)
[2025-11-03T06:27:01.047+0000][gc,heap       ] GC(696) Old regions: 66->66
[2025-11-03T06:27:01.048+0000][gc,heap       ] GC(696) Humongous regions: 168->162
[2025-11-03T06:27:01.049+0000][gc,metaspace  ] GC(696) Metaspace: 54062K(57264K)->54062K(57264K) NonClass: 48125K(49840K)->48125K(49840K) Class: 5937K(7424K)->5937K(7424K)
[2025-11-03T06:27:01.050+0000][gc            ] GC(696) Pause Young (Normal) (G1 Evacuation Pause) 276M->228M(862M) 27.536ms
[2025-11-03T06:27:01.051+0000][gc,cpu        ] GC(696) User=0.04s Sys=0.00s Real=0.02s
[2025-11-03T06:27:01.067+0000][gc,start      ] GC(697) Pause Young (Concurrent Start) (G1 Humongous Allocation)
[2025-11-03T06:27:01.068+0000][gc,task       ] GC(697) Using 2 workers of 2 for evacuation
[2025-11-03T06:27:01.088+0000][gc,phases     ] GC(697)   Pre Evacuate Collection Set: 0.8ms
[2025-11-03T06:27:01.092+0000][gc,phases     ] GC(697)   Evacuate Collection Set: 14.1ms
[2025-11-03T06:27:01.092+0000][gc,phases     ] GC(697)   Post Evacuate Collection Set: 3.7ms
[2025-11-03T06:27:01.093+0000][gc,phases     ] GC(697)   Other: 2.5ms
[2025-11-03T06:27:01.094+0000][gc,heap       ] GC(697) Eden regions: 2->0(42)
[2025-11-03T06:27:01.095+0000][gc,heap       ] GC(697) Survivor regions: 1->1(6)
[2025-11-03T06:27:01.096+0000][gc,heap       ] GC(697) Old regions: 66->66
[2025-11-03T06:27:01.097+0000][gc,heap       ] GC(697) Humongous regions: 162->156
[2025-11-03T06:27:01.097+0000][gc,metaspace  ] GC(697) Metaspace: 54062K(57264K)->54062K(57264K) NonClass: 48125K(49840K)->48125K(49840K) Class: 5937K(7424K)->5937K(7424K)
[2025-11-03T06:27:01.098+0000][gc            ] GC(697) Pause Young (Concurrent Start) (G1 Humongous Allocation) 230M->222M(862M) 30.886ms
[2025-11-03T06:27:01.099+0000][gc,cpu        ] GC(697) User=0.04s Sys=0.00s Real=0.03s
[2025-11-03T06:27:01.101+0000][gc            ] GC(698) Concurrent Cycle
[2025-11-03T06:27:01.102+0000][gc,marking    ] GC(698) Concurrent Clear Claimed Marks
[2025-11-03T06:27:01.104+0000][gc,marking    ] GC(698) Concurrent Clear Claimed Marks 2.230ms
[2025-11-03T06:27:01.105+0000][gc,marking    ] GC(698) Concurrent Scan Root Regions
[2025-11-03T06:27:01.113+0000][gc,marking    ] GC(698) Concurrent Scan Root Regions 7.631ms
[2025-11-03T06:27:01.114+0000][gc,marking    ] GC(698) Concurrent Mark (31018.699s)
[2025-11-03T06:27:01.115+0000][gc,marking    ] GC(698) Concurrent Mark From Roots
[2025-11-03T06:27:01.115+0000][gc,task       ] GC(698) Using 1 workers of 1 for marking
[2025-11-03T06:27:01.393+0000][gc,marking    ] GC(698) Concurrent Mark From Roots 278.621ms
[2025-11-03T06:27:01.394+0000][gc,marking    ] GC(698) Concurrent Preclean
[2025-11-03T06:27:01.397+0000][gc,marking    ] GC(698) Concurrent Preclean 2.529ms
[2025-11-03T06:27:01.398+0000][gc,marking    ] GC(698) Concurrent Mark (31018.699s, 31018.983s) 284.022ms
[2025-11-03T06:27:01.400+0000][gc,start      ] GC(698) Pause Remark
[2025-11-03T06:27:01.453+0000][gc,stringtable] GC(698) Cleaned string and symbol table, strings: 17236 processed, 0 removed, symbols: 123865 processed, 0 removed
[2025-11-03T06:27:01.455+0000][gc,mmu        ] GC(698) MMU target violated: 21.0ms (20.0ms/21.0ms)
[2025-11-03T06:27:01.456+0000][gc            ] GC(698) Pause Remark 263M->263M(862M) 55.879ms
[2025-11-03T06:27:01.457+0000][gc,cpu        ] GC(698) User=0.11s Sys=0.00s Real=0.06s
[2025-11-03T06:27:01.458+0000][gc,marking    ] GC(698) Concurrent Rebuild Remembered Sets
[2025-11-03T06:27:01.595+0000][gc,marking    ] GC(698) Concurrent Rebuild Remembered Sets 136.787ms
[2025-11-03T06:27:01.597+0000][gc,start      ] GC(698) Pause Cleanup
[2025-11-03T06:27:01.599+0000][gc            ] GC(698) Pause Cleanup 263M->263M(862M) 1.749ms
[2025-11-03T06:27:01.600+0000][gc,cpu        ] GC(698) User=0.00s Sys=0.00s Real=0.00s
[2025-11-03T06:27:01.601+0000][gc,marking    ] GC(698) Concurrent Cleanup for Next Mark
[2025-11-03T06:27:01.606+0000][gc,marking    ] GC(698) Concurrent Cleanup for Next Mark 4.988ms
[2025-11-03T06:27:01.607+0000][gc            ] GC(698) Concurrent Cycle 506.137ms
[2025-11-03T08:27:04.745+0000][gc,start      ] GC(699) Pause Young (Normal) (G1 Evacuation Pause)
[2025-11-03T08:27:04.763+0000][gc,task       ] GC(699) Using 2 workers of 2 for evacuation
[2025-11-03T08:27:05.239+0000][gc,mmu        ] GC(699) MMU target violated: 21.0ms (20.0ms/21.0ms)
[2025-11-03T08:27:05.244+0000][gc,phases     ] GC(699)   Pre Evacuate Collection Set: 87.3ms
[2025-11-03T08:27:05.246+0000][gc,phases     ] GC(699)   Evacuate Collection Set: 351.3ms
[2025-11-03T08:27:05.248+0000][gc,phases     ] GC(699)   Post Evacuate Collection Set: 15.6ms
[2025-11-03T08:27:05.250+0000][gc,phases     ] GC(699)   Other: 46.7ms
[2025-11-03T08:27:05.252+0000][gc,heap       ] GC(699) Eden regions: 42->0(42)
[2025-11-03T08:27:05.254+0000][gc,heap       ] GC(699) Survivor regions: 1->1(6)
[2025-11-03T08:27:05.255+0000][gc,heap       ] GC(699) Old regions: 66->66
[2025-11-03T08:27:05.257+0000][gc,heap       ] GC(699) Humongous regions: 162->156
[2025-11-03T08:27:05.267+0000][gc,metaspace  ] GC(699) Metaspace: 54069K(57264K)->54069K(57264K) NonClass: 48132K(49840K)->48132K(49840K) Class: 5937K(7424K)->5937K(7424K)
[2025-11-03T08:27:05.269+0000][gc            ] GC(699) Pause Young (Normal) (G1 Evacuation Pause) 270M->222M(862M) 524.863ms
[2025-11-03T08:27:05.274+0000][gc,cpu        ] GC(699) User=0.37s Sys=0.00s Real=0.53s
[2025-11-03T08:27:08.749+0000][gc,start      ] GC(700) Pause Young (Concurrent Start) (G1 Humongous Allocation)
[2025-11-03T08:27:08.750+0000][gc,task       ] GC(700) Using 2 workers of 2 for evacuation
[2025-11-03T08:27:08.886+0000][gc,mmu        ] GC(700) MMU target violated: 21.0ms (20.0ms/21.0ms)
[2025-11-03T08:27:08.888+0000][gc,phases     ] GC(700)   Pre Evacuate Collection Set: 21.1ms
[2025-11-03T08:27:08.889+0000][gc,phases     ] GC(700)   Evacuate Collection Set: 97.0ms
[2025-11-03T08:27:08.891+0000][gc,phases     ] GC(700)   Post Evacuate Collection Set: 4.1ms
[2025-11-03T08:27:08.893+0000][gc,phases     ] GC(700)   Other: 16.7ms
[2025-11-03T08:27:08.895+0000][gc,heap       ] GC(700) Eden regions: 24->0(41)
[2025-11-03T08:27:08.896+0000][gc,heap       ] GC(700) Survivor regions: 1->2(6)
[2025-11-03T08:27:08.897+0000][gc,heap       ] GC(700) Old regions: 66->66
[2025-11-03T08:27:08.899+0000][gc,heap       ] GC(700) Humongous regions: 156->156
[2025-11-03T08:27:08.900+0000][gc,metaspace  ] GC(700) Metaspace: 54072K(57264K)->54072K(57264K) NonClass: 48135K(49840K)->48135K(49840K) Class: 5937K(7424K)->5937K(7424K)
[2025-11-03T08:27:08.901+0000][gc            ] GC(700) Pause Young (Concurrent Start) (G1 Humongous Allocation) 245M->223M(862M) 151.615ms
[2025-11-03T08:27:08.902+0000][gc,cpu        ] GC(700) User=0.24s Sys=0.00s Real=0.15s
[2025-11-03T08:27:08.906+0000][gc            ] GC(701) Concurrent Cycle
[2025-11-03T08:27:08.908+0000][gc,marking    ] GC(701) Concurrent Clear Claimed Marks
[2025-11-03T08:27:08.911+0000][gc,marking    ] GC(701) Concurrent Clear Claimed Marks 2.472ms
[2025-11-03T08:27:08.913+0000][gc,marking    ] GC(701) Concurrent Scan Root Regions
[2025-11-03T08:27:08.955+0000][gc,marking    ] GC(701) Concurrent Scan Root Regions 41.871ms
[2025-11-03T08:27:08.958+0000][gc,marking    ] GC(701) Concurrent Mark (31068.780s)
[2025-11-03T08:27:08.961+0000][gc,marking    ] GC(701) Concurrent Mark From Roots
[2025-11-03T08:27:08.963+0000][gc,task       ] GC(701) Using 1 workers of 1 for marking
[2025-11-03T08:27:09.712+0000][gc,marking    ] GC(701) Concurrent Mark From Roots 750.742ms
[2025-11-03T08:27:09.714+0000][gc,marking    ] GC(701) Concurrent Preclean
[2025-11-03T08:27:09.716+0000][gc,marking    ] GC(701) Concurrent Preclean 1.967ms
[2025-11-03T08:27:09.717+0000][gc,marking    ] GC(701) Concurrent Mark (31068.780s, 31069.538s) 758.375ms
[2025-11-03T08:27:09.720+0000][gc,start      ] GC(701) Pause Remark
[2025-11-03T08:27:10.337+0000][gc,stringtable] GC(701) Cleaned string and symbol table, strings: 17237 processed, 3 removed, symbols: 123865 processed, 0 removed
[2025-11-03T08:27:10.340+0000][gc,mmu        ] GC(701) MMU target violated: 21.0ms (20.0ms/21.0ms)
[2025-11-03T08:27:10.341+0000][gc            ] GC(701) Pause Remark 266M->266M(862M) 620.962ms
[2025-11-03T08:27:10.342+0000][gc,cpu        ] GC(701) User=1.24s Sys=0.00s Real=0.62s
[2025-11-03T08:27:10.343+0000][gc,marking    ] GC(701) Concurrent Rebuild Remembered Sets
[2025-11-03T08:27:10.503+0000][gc,start      ] GC(702) Pause Young (Normal) (G1 Evacuation Pause)
[2025-11-03T08:27:10.504+0000][gc,task       ] GC(702) Using 2 workers of 2 for evacuation
[2025-11-03T08:27:10.553+0000][gc,mmu        ] GC(702) MMU target violated: 21.0ms (20.0ms/21.0ms)
[2025-11-03T08:27:10.555+0000][gc,phases     ] GC(702)   Pre Evacuate Collection Set: 0.0ms
[2025-11-03T08:27:10.556+0000][gc,phases     ] GC(702)   Evacuate Collection Set: 43.1ms
[2025-11-03T08:27:10.557+0000][gc,phases     ] GC(702)   Post Evacuate Collection Set: 4.6ms
[2025-11-03T08:27:10.558+0000][gc,phases     ] GC(702)   Other: 4.1ms
[2025-11-03T08:27:10.559+0000][gc,heap       ] GC(702) Eden regions: 41->0(41)
[2025-11-03T08:27:10.560+0000][gc,heap       ] GC(702) Survivor regions: 2->2(6)
[2025-11-03T08:27:10.561+0000][gc,heap       ] GC(702) Old regions: 66->66
[2025-11-03T08:27:10.562+0000][gc,heap       ] GC(702) Humongous regions: 168->162
[2025-11-03T08:27:10.563+0000][gc,metaspace  ] GC(702) Metaspace: 54072K(57264K)->54072K(57264K) NonClass: 48135K(49840K)->48135K(49840K) Class: 5937K(7424K)->5937K(7424K)
[2025-11-03T08:27:10.565+0000][gc            ] GC(702) Pause Young (Normal) (G1 Evacuation Pause) 276M->229M(862M) 61.826ms
[2025-11-03T08:27:10.566+0000][gc,cpu        ] GC(702) User=0.10s Sys=0.00s Real=0.06s
[2025-11-03T08:27:10.619+0000][gc,marking    ] GC(701) Concurrent Rebuild Remembered Sets 275.557ms
[2025-11-03T08:27:10.622+0000][gc,start      ] GC(701) Pause Cleanup
[2025-11-03T08:27:10.624+0000][gc            ] GC(701) Pause Cleanup 235M->235M(862M) 2.440ms
[2025-11-03T08:27:10.625+0000][gc,cpu        ] GC(701) User=0.01s Sys=0.00s Real=0.00s
[2025-11-03T08:27:10.627+0000][gc,marking    ] GC(701) Concurrent Cleanup for Next Mark
[2025-11-03T08:27:10.744+0000][gc,marking    ] GC(701) Concurrent Cleanup for Next Mark 117.777ms
[2025-11-03T08:27:10.746+0000][gc            ] GC(701) Concurrent Cycle 1839.868ms
[2025-11-03T08:27:10.765+0000][gc,start      ] GC(703) Pause Young (Concurrent Start) (G1 Humongous Allocation)
[2025-11-03T08:27:10.765+0000][gc,task       ] GC(703) Using 2 workers of 2 for evacuation
[2025-11-03T08:27:10.801+0000][gc,mmu        ] GC(703) MMU target violated: 21.0ms (20.0ms/21.0ms)
[2025-11-03T08:27:10.802+0000][gc,phases     ] GC(703)   Pre Evacuate Collection Set: 0.7ms
[2025-11-03T08:27:10.803+0000][gc,phases     ] GC(703)   Evacuate Collection Set: 29.7ms
[2025-11-03T08:27:10.804+0000][gc,phases     ] GC(703)   Post Evacuate Collection Set: 3.4ms
[2025-11-03T08:27:10.806+0000][gc,phases     ] GC(703)   Other: 3.2ms
[2025-11-03T08:27:10.807+0000][gc,heap       ] GC(703) Eden regions: 28->0(41)
[2025-11-03T08:27:10.808+0000][gc,heap       ] GC(703) Survivor regions: 2->2(6)
[2025-11-03T08:27:10.809+0000][gc,heap       ] GC(703) Old regions: 66->66
[2025-11-03T08:27:10.810+0000][gc,heap       ] GC(703) Humongous regions: 168->156
[2025-11-03T08:27:10.811+0000][gc,metaspace  ] GC(703) Metaspace: 54072K(57264K)->54072K(57264K) NonClass: 48135K(49840K)->48135K(49840K) Class: 5937K(7424K)->5937K(7424K)
[2025-11-03T08:27:10.812+0000][gc            ] GC(703) Pause Young (Concurrent Start) (G1 Humongous Allocation) 263M->223M(862M) 47.465ms
[2025-11-03T08:27:10.813+0000][gc,cpu        ] GC(703) User=0.07s Sys=0.00s Real=0.05s
[2025-11-03T08:27:10.815+0000][gc            ] GC(704) Concurrent Cycle
[2025-11-03T08:27:10.816+0000][gc,marking    ] GC(704) Concurrent Clear Claimed Marks
[2025-11-03T08:27:10.818+0000][gc,marking    ] GC(704) Concurrent Clear Claimed Marks 1.682ms
[2025-11-03T08:27:10.821+0000][gc,marking    ] GC(704) Concurrent Scan Root Regions
[2025-11-03T08:27:10.838+0000][gc,marking    ] GC(704) Concurrent Scan Root Regions 16.817ms
[2025-11-03T08:27:10.839+0000][gc,marking    ] GC(704) Concurrent Mark (31070.660s)
[2025-11-03T08:27:10.840+0000][gc,marking    ] GC(704) Concurrent Mark From Roots
[2025-11-03T08:27:10.841+0000][gc,task       ] GC(704) Using 1 workers of 1 for marking
[2025-11-03T08:27:11.122+0000][gc,marking    ] GC(704) Concurrent Mark From Roots 281.955ms
[2025-11-03T08:27:11.123+0000][gc,marking    ] GC(704) Concurrent Preclean
[2025-11-03T08:27:11.124+0000][gc,marking    ] GC(704) Concurrent Preclean 1.290ms
[2025-11-03T08:27:11.125+0000][gc,marking    ] GC(704) Concurrent Mark (31070.660s, 31070.946s) 286.222ms
[2025-11-03T08:27:11.127+0000][gc,start      ] GC(704) Pause Remark
[2025-11-03T08:27:11.202+0000][gc,stringtable] GC(704) Cleaned string and symbol table, strings: 17234 processed, 0 removed, symbols: 123865 processed, 0 removed
[2025-11-03T08:27:11.206+0000][gc,mmu        ] GC(704) MMU target violated: 21.0ms (20.0ms/21.0ms)
[2025-11-03T08:27:11.207+0000][gc            ] GC(704) Pause Remark 263M->263M(862M) 80.299ms
[2025-11-03T08:27:11.208+0000][gc,cpu        ] GC(704) User=0.16s Sys=0.00s Real=0.08s
[2025-11-03T08:27:11.210+0000][gc,marking    ] GC(704) Concurrent Rebuild Remembered Sets
[2025-11-03T08:27:11.261+0000][gc,start      ] GC(705) Pause Young (Normal) (G1 Evacuation Pause)
[2025-11-03T08:27:11.263+0000][gc,task       ] GC(705) Using 2 workers of 2 for evacuation
[2025-11-03T08:27:11.298+0000][gc,mmu        ] GC(705) MMU target violated: 21.0ms (20.0ms/21.0ms)
[2025-11-03T08:27:11.299+0000][gc,phases     ] GC(705)   Pre Evacuate Collection Set: 0.1ms
[2025-11-03T08:27:11.301+0000][gc,phases     ] GC(705)   Evacuate Collection Set: 30.6ms
[2025-11-03T08:27:11.302+0000][gc,phases     ] GC(705)   Post Evacuate Collection Set: 3.4ms
[2025-11-03T08:27:11.303+0000][gc,phases     ] GC(705)   Other: 4.2ms
[2025-11-03T08:27:11.304+0000][gc,heap       ] GC(705) Eden regions: 41->0(41)
[2025-11-03T08:27:11.304+0000][gc,heap       ] GC(705) Survivor regions: 2->2(6)
[2025-11-03T08:27:11.305+0000][gc,heap       ] GC(705) Old regions: 66->66
[2025-11-03T08:27:11.306+0000][gc,heap       ] GC(705) Humongous regions: 162->162
[2025-11-03T08:27:11.307+0000][gc,metaspace  ] GC(705) Metaspace: 54072K(57264K)->54072K(57264K) NonClass: 48135K(49840K)->48135K(49840K) Class: 5937K(7424K)->5937K(7424K)
[2025-11-03T08:27:11.308+0000][gc            ] GC(705) Pause Young (Normal) (G1 Evacuation Pause) 270M->229M(862M) 46.379ms
[2025-11-03T08:27:11.308+0000][gc,cpu        ] GC(705) User=0.07s Sys=0.00s Real=0.05s
[2025-11-03T08:27:11.453+0000][gc,marking    ] GC(704) Concurrent Rebuild Remembered Sets 243.627ms
[2025-11-03T08:27:11.486+0000][gc,start      ] GC(704) Pause Cleanup
[2025-11-03T08:27:11.490+0000][gc            ] GC(704) Pause Cleanup 263M->263M(862M) 3.136ms
[2025-11-03T08:27:11.492+0000][gc,cpu        ] GC(704) User=0.01s Sys=0.00s Real=0.00s
[2025-11-03T08:27:11.493+0000][gc,marking    ] GC(704) Concurrent Cleanup for Next Mark
[2025-11-03T08:27:11.615+0000][gc,marking    ] GC(704) Concurrent Cleanup for Next Mark 122.196ms
[2025-11-03T08:27:11.616+0000][gc            ] GC(704) Concurrent Cycle 801.627ms
[2025-11-03T08:27:11.727+0000][gc,start      ] GC(706) Pause Young (Normal) (G1 Evacuation Pause)
[2025-11-03T08:27:11.729+0000][gc,task       ] GC(706) Using 2 workers of 2 for evacuation
[2025-11-03T08:27:11.771+0000][gc,mmu        ] GC(706) MMU target violated: 21.0ms (20.0ms/21.0ms)
[2025-11-03T08:27:11.773+0000][gc,phases     ] GC(706)   Pre Evacuate Collection Set: 0.1ms
[2025-11-03T08:27:11.774+0000][gc,phases     ] GC(706)   Evacuate Collection Set: 36.9ms
[2025-11-03T08:27:11.775+0000][gc,phases     ] GC(706)   Post Evacuate Collection Set: 3.5ms
[2025-11-03T08:27:11.776+0000][gc,phases     ] GC(706)   Other: 4.9ms
[2025-11-03T08:27:11.777+0000][gc,heap       ] GC(706) Eden regions: 41->0(41)
[2025-11-03T08:27:11.778+0000][gc,heap       ] GC(706) Survivor regions: 2->2(6)
[2025-11-03T08:27:11.779+0000][gc,heap       ] GC(706) Old regions: 66->66
[2025-11-03T08:27:11.780+0000][gc,heap       ] GC(706) Humongous regions: 180->162
[2025-11-03T08:27:11.781+0000][gc,metaspace  ] GC(706) Metaspace: 54072K(57264K)->54072K(57264K) NonClass: 48135K(49840K)->48135K(49840K) Class: 5937K(7424K)->5937K(7424K)
[2025-11-03T08:27:11.782+0000][gc            ] GC(706) Pause Young (Normal) (G1 Evacuation Pause) 288M->229M(862M) 54.495ms
[2025-11-03T08:27:11.783+0000][gc,cpu        ] GC(706) User=0.08s Sys=0.00s Real=0.05s
[2025-11-03T08:27:11.858+0000][gc,start      ] GC(707) Pause Young (Concurrent Start) (G1 Humongous Allocation)
[2025-11-03T08:27:11.859+0000][gc,task       ] GC(707) Using 2 workers of 2 for evacuation
[2025-11-03T08:27:11.899+0000][gc,mmu        ] GC(707) MMU target violated: 21.0ms (20.0ms/21.0ms)
[2025-11-03T08:27:11.900+0000][gc,phases     ] GC(707)   Pre Evacuate Collection Set: 0.8ms
[2025-11-03T08:27:11.901+0000][gc,phases     ] GC(707)   Evacuate Collection Set: 32.1ms
[2025-11-03T08:27:11.902+0000][gc,phases     ] GC(707)   Post Evacuate Collection Set: 4.8ms
[2025-11-03T08:27:11.903+0000][gc,phases     ] GC(707)   Other: 4.7ms
[2025-11-03T08:27:11.904+0000][gc,heap       ] GC(707) Eden regions: 13->0(41)
[2025-11-03T08:27:11.905+0000][gc,heap       ] GC(707) Survivor regions: 2->2(6)
[2025-11-03T08:27:11.906+0000][gc,heap       ] GC(707) Old regions: 66->66
[2025-11-03T08:27:11.907+0000][gc,heap       ] GC(707) Humongous regions: 162->156
[2025-11-03T08:27:11.908+0000][gc,metaspace  ] GC(707) Metaspace: 54072K(57264K)->54072K(57264K) NonClass: 48135K(49840K)->48135K(49840K) Class: 5937K(7424K)->5937K(7424K)
[2025-11-03T08:27:11.910+0000][gc            ] GC(707) Pause Young (Concurrent Start) (G1 Humongous Allocation) 242M->223M(862M) 52.007ms
[2025-11-03T08:27:11.912+0000][gc,cpu        ] GC(707) User=0.07s Sys=0.00s Real=0.05s
[2025-11-03T08:27:11.917+0000][gc            ] GC(708) Concurrent Cycle
[2025-11-03T08:27:11.919+0000][gc,marking    ] GC(708) Concurrent Clear Claimed Marks
[2025-11-03T08:27:11.929+0000][gc,marking    ] GC(708) Concurrent Clear Claimed Marks 10.018ms
[2025-11-03T08:27:11.935+0000][gc,marking    ] GC(708) Concurrent Scan Root Regions
[2025-11-03T08:27:11.960+0000][gc,marking    ] GC(708) Concurrent Scan Root Regions 25.433ms
[2025-11-03T08:27:11.962+0000][gc,marking    ] GC(708) Concurrent Mark (31071.783s)
[2025-11-03T08:27:11.965+0000][gc,marking    ] GC(708) Concurrent Mark From Roots
[2025-11-03T08:27:11.966+0000][gc,task       ] GC(708) Using 1 workers of 1 for marking
[2025-11-03T08:27:12.363+0000][gc,marking    ] GC(708) Concurrent Mark From Roots 398.173ms
[2025-11-03T08:27:12.364+0000][gc,marking    ] GC(708) Concurrent Preclean
[2025-11-03T08:27:12.368+0000][gc,marking    ] GC(708) Concurrent Preclean 4.283ms
[2025-11-03T08:27:12.370+0000][gc,marking    ] GC(708) Concurrent Mark (31071.783s, 31072.192s) 408.700ms
[2025-11-03T08:27:12.375+0000][gc,start      ] GC(708) Pause Remark
[2025-11-03T08:27:12.463+0000][gc,stringtable] GC(708) Cleaned string and symbol table, strings: 17234 processed, 0 removed, symbols: 123865 processed, 0 removed
[2025-11-03T08:27:12.468+0000][gc,mmu        ] GC(708) MMU target violated: 21.0ms (20.0ms/21.0ms)
[2025-11-03T08:27:12.470+0000][gc            ] GC(708) Pause Remark 265M->265M(862M) 94.393ms
[2025-11-03T08:27:12.471+0000][gc,cpu        ] GC(708) User=0.18s Sys=0.00s Real=0.10s
[2025-11-03T08:27:12.473+0000][gc,marking    ] GC(708) Concurrent Rebuild Remembered Sets
[2025-11-03T08:27:12.658+0000][gc,start      ] GC(709) Pause Young (Normal) (G1 Evacuation Pause)
[2025-11-03T08:27:12.660+0000][gc,task       ] GC(709) Using 2 workers of 2 for evacuation
[2025-11-03T08:27:12.722+0000][gc,mmu        ] GC(709) MMU target violated: 21.0ms (20.0ms/21.0ms)
[2025-11-03T08:27:12.723+0000][gc,phases     ] GC(709)   Pre Evacuate Collection Set: 0.1ms
[2025-11-03T08:27:12.724+0000][gc,phases     ] GC(709)   Evacuate Collection Set: 50.2ms
[2025-11-03T08:27:12.725+0000][gc,phases     ] GC(709)   Post Evacuate Collection Set: 5.9ms
[2025-11-03T08:27:12.726+0000][gc,phases     ] GC(709)   Other: 9.0ms
[2025-11-03T08:27:12.728+0000][gc,heap       ] GC(709) Eden regions: 41->0(41)
[2025-11-03T08:27:12.729+0000][gc,heap       ] GC(709) Survivor regions: 2->2(6)
[2025-11-03T08:27:12.736+0000][gc,heap       ] GC(709) Old regions: 66->66
[2025-11-03T08:27:12.737+0000][gc,heap       ] GC(709) Humongous regions: 168->162
[2025-11-03T08:27:12.738+0000][gc,metaspace  ] GC(709) Metaspace: 54072K(57264K)->54072K(57264K) NonClass: 48135K(49840K)->48135K(49840K) Class: 5937K(7424K)->5937K(7424K)
[2025-11-03T08:27:12.741+0000][gc            ] GC(709) Pause Young (Normal) (G1 Evacuation Pause) 276M->229M(862M) 82.424ms
[2025-11-03T08:27:12.742+0000][gc,cpu        ] GC(709) User=0.11s Sys=0.00s Real=0.08s
[2025-11-03T08:27:12.815+0000][gc,marking    ] GC(708) Concurrent Rebuild Remembered Sets 342.546ms
[2025-11-03T08:27:12.819+0000][gc,start      ] GC(708) Pause Cleanup
[2025-11-03T08:27:12.824+0000][gc            ] GC(708) Pause Cleanup 241M->241M(862M) 5.237ms
[2025-11-03T08:27:12.826+0000][gc,cpu        ] GC(708) User=0.01s Sys=0.00s Real=0.01s
[2025-11-03T08:27:12.827+0000][gc,marking    ] GC(708) Concurrent Cleanup for Next Mark
[2025-11-03T08:27:12.839+0000][gc,marking    ] GC(708) Concurrent Cleanup for Next Mark 11.101ms
[2025-11-03T08:27:12.841+0000][gc            ] GC(708) Concurrent Cycle 924.071ms
[2025-11-03T08:27:13.088+0000][gc,start      ] GC(710) Pause Young (Normal) (G1 Evacuation Pause)
[2025-11-03T08:27:13.089+0000][gc,task       ] GC(710) Using 2 workers of 2 for evacuation
[2025-11-03T08:27:13.130+0000][gc,mmu        ] GC(710) MMU target violated: 21.0ms (20.0ms/21.0ms)
[2025-11-03T08:27:13.131+0000][gc,phases     ] GC(710)   Pre Evacuate Collection Set: 0.1ms
[2025-11-03T08:27:13.134+0000][gc,phases     ] GC(710)   Evacuate Collection Set: 35.2ms
[2025-11-03T08:27:13.135+0000][gc,phases     ] GC(710)   Post Evacuate Collection Set: 3.8ms
[2025-11-03T08:27:13.139+0000][gc,phases     ] GC(710)   Other: 4.3ms
[2025-11-03T08:27:13.142+0000][gc,heap       ] GC(710) Eden regions: 41->0(41)
[2025-11-03T08:27:13.143+0000][gc,heap       ] GC(710) Survivor regions: 2->2(6)
[2025-11-03T08:27:13.144+0000][gc,heap       ] GC(710) Old regions: 66->67
[2025-11-03T08:27:13.145+0000][gc,heap       ] GC(710) Humongous regions: 162->162
[2025-11-03T08:27:13.147+0000][gc,metaspace  ] GC(710) Metaspace: 54072K(57264K)->54072K(57264K) NonClass: 48135K(49840K)->48135K(49840K) Class: 5937K(7424K)->5937K(7424K)
[2025-11-03T08:27:13.148+0000][gc            ] GC(710) Pause Young (Normal) (G1 Evacuation Pause) 270M->229M(862M) 59.716ms
[2025-11-03T08:27:13.149+0000][gc,cpu        ] GC(710) User=0.09s Sys=0.00s Real=0.06s
[2025-11-03T08:27:13.372+0000][gc,start      ] GC(711) Pause Young (Concurrent Start) (G1 Humongous Allocation)
[2025-11-03T08:27:13.373+0000][gc,task       ] GC(711) Using 2 workers of 2 for evacuation
[2025-11-03T08:27:13.419+0000][gc,mmu        ] GC(711) MMU target violated: 21.0ms (20.0ms/21.0ms)
[2025-11-03T08:27:13.421+0000][gc,phases     ] GC(711)   Pre Evacuate Collection Set: 0.4ms
[2025-11-03T08:27:13.422+0000][gc,phases     ] GC(711)   Evacuate Collection Set: 36.3ms
[2025-11-03T08:27:13.425+0000][gc,phases     ] GC(711)   Post Evacuate Collection Set: 6.8ms
[2025-11-03T08:27:13.425+0000][gc,phases     ] GC(711)   Other: 5.5ms
[2025-11-03T08:27:13.427+0000][gc,heap       ] GC(711) Eden regions: 31->0(41)
[2025-11-03T08:27:13.428+0000][gc,heap       ] GC(711) Survivor regions: 2->2(6)
[2025-11-03T08:27:13.429+0000][gc,heap       ] GC(711) Old regions: 67->67
[2025-11-03T08:27:13.430+0000][gc,heap       ] GC(711) Humongous regions: 162->156
[2025-11-03T08:27:13.431+0000][gc,metaspace  ] GC(711) Metaspace: 54072K(57264K)->54072K(57264K) NonClass: 48135K(49840K)->48135K(49840K) Class: 5937K(7424K)->5937K(7424K)
[2025-11-03T08:27:13.433+0000][gc            ] GC(711) Pause Young (Concurrent Start) (G1 Humongous Allocation) 260M->224M(862M) 60.572ms
[2025-11-03T08:27:13.434+0000][gc,cpu        ] GC(711) User=0.08s Sys=0.00s Real=0.06s
[2025-11-03T08:27:13.435+0000][gc            ] GC(712) Concurrent Cycle
[2025-11-03T08:27:13.442+0000][gc,marking    ] GC(712) Concurrent Clear Claimed Marks
[2025-11-03T08:27:13.446+0000][gc,marking    ] GC(712) Concurrent Clear Claimed Marks 3.673ms
[2025-11-03T08:27:13.449+0000][gc,marking    ] GC(712) Concurrent Scan Root Regions
[2025-11-03T08:27:13.470+0000][gc,marking    ] GC(712) Concurrent Scan Root Regions 20.764ms
[2025-11-03T08:27:13.471+0000][gc,marking    ] GC(712) Concurrent Mark (31073.293s)
[2025-11-03T08:27:13.475+0000][gc,marking    ] GC(712) Concurrent Mark From Roots
[2025-11-03T08:27:13.479+0000][gc,task       ] GC(712) Using 1 workers of 1 for marking
[2025-11-03T08:27:13.851+0000][gc,marking    ] GC(712) Concurrent Mark From Roots 376.043ms
[2025-11-03T08:27:13.852+0000][gc,marking    ] GC(712) Concurrent Preclean
[2025-11-03T08:27:13.853+0000][gc,marking    ] GC(712) Concurrent Preclean 1.768ms
[2025-11-03T08:27:13.854+0000][gc,marking    ] GC(712) Concurrent Mark (31073.293s, 31073.676s) 383.245ms
[2025-11-03T08:27:13.859+0000][gc,start      ] GC(712) Pause Remark
[2025-11-03T08:27:13.962+0000][gc,stringtable] GC(712) Cleaned string and symbol table, strings: 17234 processed, 0 removed, symbols: 123865 processed, 0 removed
[2025-11-03T08:27:13.966+0000][gc,mmu        ] GC(712) MMU target violated: 21.0ms (20.0ms/21.0ms)
[2025-11-03T08:27:13.969+0000][gc            ] GC(712) Pause Remark 278M->278M(862M) 109.780ms
[2025-11-03T08:27:13.972+0000][gc,cpu        ] GC(712) User=0.15s Sys=0.09s Real=0.11s
[2025-11-03T08:27:13.973+0000][gc,marking    ] GC(712) Concurrent Rebuild Remembered Sets
[2025-11-03T08:27:14.044+0000][gc,start      ] GC(713) Pause Young (Normal) (G1 Evacuation Pause)
[2025-11-03T08:27:14.046+0000][gc,task       ] GC(713) Using 2 workers of 2 for evacuation
[2025-11-03T08:27:14.126+0000][gc,mmu        ] GC(713) MMU target violated: 21.0ms (20.0ms/21.0ms)
[2025-11-03T08:27:14.130+0000][gc,phases     ] GC(713)   Pre Evacuate Collection Set: 0.1ms
[2025-11-03T08:27:14.131+0000][gc,phases     ] GC(713)   Evacuate Collection Set: 52.9ms
[2025-11-03T08:27:14.134+0000][gc,phases     ] GC(713)   Post Evacuate Collection Set: 21.7ms
[2025-11-03T08:27:14.136+0000][gc,phases     ] GC(713)   Other: 11.2ms
[2025-11-03T08:27:14.139+0000][gc,heap       ] GC(713) Eden regions: 41->0(40)
[2025-11-03T08:27:14.141+0000][gc,heap       ] GC(713) Survivor regions: 2->3(6)
[2025-11-03T08:27:14.142+0000][gc,heap       ] GC(713) Old regions: 67->67
[2025-11-03T08:27:14.143+0000][gc,heap       ] GC(713) Humongous regions: 174->162
[2025-11-03T08:27:14.144+0000][gc,metaspace  ] GC(713) Metaspace: 54072K(57264K)->54072K(57264K) NonClass: 48135K(49840K)->48135K(49840K) Class: 5937K(7424K)->5937K(7424K)
[2025-11-03T08:27:14.146+0000][gc            ] GC(713) Pause Young (Normal) (G1 Evacuation Pause) 283M->230M(862M) 101.763ms
[2025-11-03T08:27:14.147+0000][gc,cpu        ] GC(713) User=0.11s Sys=0.00s Real=0.11s
[2025-11-03T08:27:14.439+0000][gc,marking    ] GC(712) Concurrent Rebuild Remembered Sets 465.992ms
[2025-11-03T08:27:14.451+0000][gc,start      ] GC(712) Pause Cleanup
[2025-11-03T08:27:14.458+0000][gc            ] GC(712) Pause Cleanup 266M->266M(862M) 6.891ms
[2025-11-03T08:27:14.460+0000][gc,cpu        ] GC(712) User=0.02s Sys=0.00s Real=0.01s
[2025-11-03T08:27:14.463+0000][gc,marking    ] GC(712) Concurrent Cleanup for Next Mark
[2025-11-03T08:27:14.502+0000][gc,marking    ] GC(712) Concurrent Cleanup for Next Mark 38.890ms
[2025-11-03T08:27:14.505+0000][gc            ] GC(712) Concurrent Cycle 1069.733ms
[2025-11-03T08:27:14.683+0000][gc,start      ] GC(714) Pause Young (Prepare Mixed) (G1 Evacuation Pause)
[2025-11-03T08:27:14.685+0000][gc,task       ] GC(714) Using 2 workers of 2 for evacuation
[2025-11-03T08:27:14.756+0000][gc,mmu        ] GC(714) MMU target violated: 21.0ms (20.0ms/21.0ms)
[2025-11-03T08:27:14.757+0000][gc,phases     ] GC(714)   Pre Evacuate Collection Set: 0.1ms
[2025-11-03T08:27:14.758+0000][gc,phases     ] GC(714)   Evacuate Collection Set: 67.2ms
[2025-11-03T08:27:14.759+0000][gc,phases     ] GC(714)   Post Evacuate Collection Set: 2.5ms
[2025-11-03T08:27:14.760+0000][gc,phases     ] GC(714)   Other: 4.5ms
[2025-11-03T08:27:14.761+0000][gc,heap       ] GC(714) Eden regions: 40->0(40)
[2025-11-03T08:27:14.763+0000][gc,heap       ] GC(714) Survivor regions: 3->3(6)
[2025-11-03T08:27:14.766+0000][gc,heap       ] GC(714) Old regions: 67->67
[2025-11-03T08:27:14.768+0000][gc,heap       ] GC(714) Humongous regions: 168->162
[2025-11-03T08:27:14.769+0000][gc,metaspace  ] GC(714) Metaspace: 54072K(57264K)->54072K(57264K) NonClass: 48135K(49840K)->48135K(49840K) Class: 5937K(7424K)->5937K(7424K)
[2025-11-03T08:27:14.770+0000][gc            ] GC(714) Pause Young (Prepare Mixed) (G1 Evacuation Pause) 276M->230M(862M) 87.203ms
[2025-11-03T08:27:14.773+0000][gc,cpu        ] GC(714) User=0.11s Sys=0.00s Real=0.09s
[2025-11-03T08:27:15.127+0000][gc,start      ] GC(715) Pause Young (Mixed) (G1 Evacuation Pause)
[2025-11-03T08:27:15.129+0000][gc,task       ] GC(715) Using 2 workers of 2 for evacuation
[2025-11-03T08:27:15.174+0000][gc,mmu        ] GC(715) MMU target violated: 21.0ms (20.0ms/21.0ms)
[2025-11-03T08:27:15.175+0000][gc,phases     ] GC(715)   Pre Evacuate Collection Set: 0.1ms
[2025-11-03T08:27:15.176+0000][gc,phases     ] GC(715)   Evacuate Collection Set: 38.3ms
[2025-11-03T08:27:15.177+0000][gc,phases     ] GC(715)   Post Evacuate Collection Set: 5.2ms
[2025-11-03T08:27:15.178+0000][gc,phases     ] GC(715)   Other: 4.8ms
[2025-11-03T08:27:15.179+0000][gc,heap       ] GC(715) Eden regions: 40->0(40)
[2025-11-03T08:27:15.181+0000][gc,heap       ] GC(715) Survivor regions: 3->3(6)
[2025-11-03T08:27:15.182+0000][gc,heap       ] GC(715) Old regions: 67->66
[2025-11-03T08:27:15.183+0000][gc,heap       ] GC(715) Humongous regions: 174->162
[2025-11-03T08:27:15.184+0000][gc,metaspace  ] GC(715) Metaspace: 54072K(57264K)->54072K(57264K) NonClass: 48135K(49840K)->48135K(49840K) Class: 5937K(7424K)->5937K(7424K)
[2025-11-03T08:27:15.185+0000][gc            ] GC(715) Pause Young (Mixed) (G1 Evacuation Pause) 282M->229M(862M) 57.719ms
[2025-11-03T08:27:15.186+0000][gc,cpu        ] GC(715) User=0.09s Sys=0.00s Real=0.06s
[2025-11-03T08:27:15.340+0000][gc,start      ] GC(716) Pause Young (Concurrent Start) (G1 Humongous Allocation)
[2025-11-03T08:27:15.341+0000][gc,task       ] GC(716) Using 2 workers of 2 for evacuation
[2025-11-03T08:27:15.377+0000][gc,mmu        ] GC(716) MMU target violated: 21.0ms (20.0ms/21.0ms)
[2025-11-03T08:27:15.378+0000][gc,phases     ] GC(716)   Pre Evacuate Collection Set: 0.5ms
[2025-11-03T08:27:15.379+0000][gc,phases     ] GC(716)   Evacuate Collection Set: 28.2ms
[2025-11-03T08:27:15.380+0000][gc,phases     ] GC(716)   Post Evacuate Collection Set: 4.2ms
[2025-11-03T08:27:15.381+0000][gc,phases     ] GC(716)   Other: 5.0ms
[2025-11-03T08:27:15.382+0000][gc,heap       ] GC(716) Eden regions: 34->0(40)
[2025-11-03T08:27:15.383+0000][gc,heap       ] GC(716) Survivor regions: 3->3(6)
[2025-11-03T08:27:15.386+0000][gc,heap       ] GC(716) Old regions: 66->66
[2025-11-03T08:27:15.387+0000][gc,heap       ] GC(716) Humongous regions: 162->156
[2025-11-03T08:27:15.388+0000][gc,metaspace  ] GC(716) Metaspace: 54072K(57264K)->54072K(57264K) NonClass: 48135K(49840K)->48135K(49840K) Class: 5937K(7424K)->5937K(7424K)
[2025-11-03T08:27:15.389+0000][gc            ] GC(716) Pause Young (Concurrent Start) (G1 Humongous Allocation) 262M->223M(862M) 48.916ms
[2025-11-03T08:27:15.390+0000][gc,cpu        ] GC(716) User=0.07s Sys=0.00s Real=0.05s
[2025-11-03T08:27:15.394+0000][gc            ] GC(717) Concurrent Cycle
[2025-11-03T08:27:15.398+0000][gc,marking    ] GC(717) Concurrent Clear Claimed Marks
[2025-11-03T08:27:15.401+0000][gc,marking    ] GC(717) Concurrent Clear Claimed Marks 3.308ms
[2025-11-03T08:27:15.404+0000][gc,marking    ] GC(717) Concurrent Scan Root Regions
[2025-11-03T08:27:15.423+0000][gc,marking    ] GC(717) Concurrent Scan Root Regions 19.303ms
[2025-11-03T08:27:15.425+0000][gc,marking    ] GC(717) Concurrent Mark (31075.246s)
[2025-11-03T08:27:15.427+0000][gc,marking    ] GC(717) Concurrent Mark From Roots
[2025-11-03T08:27:15.429+0000][gc,task       ] GC(717) Using 1 workers of 1 for marking
[2025-11-03T08:27:15.737+0000][gc,marking    ] GC(717) Concurrent Mark From Roots 310.050ms
[2025-11-03T08:27:15.739+0000][gc,marking    ] GC(717) Concurrent Preclean
[2025-11-03T08:27:15.741+0000][gc,marking    ] GC(717) Concurrent Preclean 1.408ms
[2025-11-03T08:27:15.742+0000][gc,marking    ] GC(717) Concurrent Mark (31075.246s, 31075.563s) 316.628ms
[2025-11-03T08:27:15.744+0000][gc,start      ] GC(717) Pause Remark
[2025-11-03T08:27:15.807+0000][gc,stringtable] GC(717) Cleaned string and symbol table, strings: 17234 processed, 0 removed, symbols: 123865 processed, 0 removed
[2025-11-03T08:27:15.814+0000][gc,mmu        ] GC(717) MMU target violated: 21.0ms (20.0ms/21.0ms)
[2025-11-03T08:27:15.815+0000][gc            ] GC(717) Pause Remark 282M->282M(862M) 71.065ms
[2025-11-03T08:27:15.818+0000][gc,cpu        ] GC(717) User=0.12s Sys=0.00s Real=0.08s
[2025-11-03T08:27:15.821+0000][gc,marking    ] GC(717) Concurrent Rebuild Remembered Sets
[2025-11-03T08:27:15.864+0000][gc,start      ] GC(718) Pause Young (Normal) (G1 Evacuation Pause)
[2025-11-03T08:27:15.865+0000][gc,task       ] GC(718) Using 2 workers of 2 for evacuation
[2025-11-03T08:27:15.909+0000][gc,mmu        ] GC(718) MMU target violated: 21.0ms (20.0ms/21.0ms)
[2025-11-03T08:27:15.911+0000][gc,phases     ] GC(718)   Pre Evacuate Collection Set: 0.1ms
[2025-11-03T08:27:15.912+0000][gc,phases     ] GC(718)   Evacuate Collection Set: 40.3ms
[2025-11-03T08:27:15.913+0000][gc,phases     ] GC(718)   Post Evacuate Collection Set: 3.1ms
[2025-11-03T08:27:15.915+0000][gc,phases     ] GC(718)   Other: 3.9ms
[2025-11-03T08:27:15.916+0000][gc,heap       ] GC(718) Eden regions: 40->0(40)
[2025-11-03T08:27:15.918+0000][gc,heap       ] GC(718) Survivor regions: 3->3(6)
[2025-11-03T08:27:15.919+0000][gc,heap       ] GC(718) Old regions: 66->66
[2025-11-03T08:27:15.919+0000][gc,heap       ] GC(718) Humongous regions: 180->162
[2025-11-03T08:27:15.921+0000][gc,metaspace  ] GC(718) Metaspace: 54072K(57264K)->54072K(57264K) NonClass: 48135K(49840K)->48135K(49840K) Class: 5937K(7424K)->5937K(7424K)
[2025-11-03T08:27:15.922+0000][gc            ] GC(718) Pause Young (Normal) (G1 Evacuation Pause) 287M->229M(862M) 58.228ms
[2025-11-03T08:27:15.923+0000][gc,cpu        ] GC(718) User=0.08s Sys=0.00s Real=0.06s
[2025-11-03T08:27:16.085+0000][gc,marking    ] GC(717) Concurrent Rebuild Remembered Sets 263.173ms
[2025-11-03T08:27:16.099+0000][gc,start      ] GC(717) Pause Cleanup
[2025-11-03T08:27:16.104+0000][gc            ] GC(717) Pause Cleanup 245M->245M(862M) 5.082ms
[2025-11-03T08:27:16.105+0000][gc,cpu        ] GC(717) User=0.00s Sys=0.00s Real=0.00s
[2025-11-03T08:27:16.107+0000][gc,marking    ] GC(717) Concurrent Cleanup for Next Mark
[2025-11-03T08:27:16.112+0000][gc,marking    ] GC(717) Concurrent Cleanup for Next Mark 5.376ms
[2025-11-03T08:27:16.114+0000][gc            ] GC(717) Concurrent Cycle 719.712ms
[2025-11-03T08:27:16.213+0000][gc,start      ] GC(719) Pause Young (Concurrent Start) (G1 Humongous Allocation)
[2025-11-03T08:27:16.214+0000][gc,task       ] GC(719) Using 2 workers of 2 for evacuation
[2025-11-03T08:27:16.271+0000][gc,mmu        ] GC(719) MMU target violated: 21.0ms (20.0ms/21.0ms)
[2025-11-03T08:27:16.276+0000][gc,phases     ] GC(719)   Pre Evacuate Collection Set: 0.4ms
[2025-11-03T08:27:16.280+0000][gc,phases     ] GC(719)   Evacuate Collection Set: 47.8ms
[2025-11-03T08:27:16.281+0000][gc,phases     ] GC(719)   Post Evacuate Collection Set: 7.2ms
[2025-11-03T08:27:16.283+0000][gc,phases     ] GC(719)   Other: 7.9ms
[2025-11-03T08:27:16.286+0000][gc,heap       ] GC(719) Eden regions: 35->0(40)
[2025-11-03T08:27:16.288+0000][gc,heap       ] GC(719) Survivor regions: 3->3(6)
[2025-11-03T08:27:16.289+0000][gc,heap       ] GC(719) Old regions: 66->66
[2025-11-03T08:27:16.292+0000][gc,heap       ] GC(719) Humongous regions: 162->156
[2025-11-03T08:27:16.295+0000][gc,metaspace  ] GC(719) Metaspace: 54072K(57264K)->54072K(57264K) NonClass: 48135K(49840K)->48135K(49840K) Class: 5937K(7424K)->5937K(7424K)
[2025-11-03T08:27:16.298+0000][gc            ] GC(719) Pause Young (Concurrent Start) (G1 Humongous Allocation) 264M->223M(872M) 85.674ms
[2025-11-03T08:27:16.301+0000][gc,cpu        ] GC(719) User=0.11s Sys=0.00s Real=0.09s
[2025-11-03T08:27:16.303+0000][gc            ] GC(720) Concurrent Cycle
[2025-11-03T08:27:16.305+0000][gc,marking    ] GC(720) Concurrent Clear Claimed Marks
[2025-11-03T08:27:16.307+0000][gc,marking    ] GC(720) Concurrent Clear Claimed Marks 1.882ms
[2025-11-03T08:27:16.309+0000][gc,marking    ] GC(720) Concurrent Scan Root Regions
[2025-11-03T08:27:16.331+0000][gc,marking    ] GC(720) Concurrent Scan Root Regions 22.097ms
[2025-11-03T08:27:16.332+0000][gc,marking    ] GC(720) Concurrent Mark (31076.153s)
[2025-11-03T08:27:16.332+0000][gc,marking    ] GC(720) Concurrent Mark From Roots
[2025-11-03T08:27:16.333+0000][gc,task       ] GC(720) Using 1 workers of 1 for marking
[2025-11-03T08:27:16.694+0000][gc,marking    ] GC(720) Concurrent Mark From Roots 361.521ms
[2025-11-03T08:27:16.695+0000][gc,marking    ] GC(720) Concurrent Preclean
[2025-11-03T08:27:16.698+0000][gc,marking    ] GC(720) Concurrent Preclean 2.107ms
[2025-11-03T08:27:16.698+0000][gc,marking    ] GC(720) Concurrent Mark (31076.153s, 31076.520s) 366.766ms
[2025-11-03T08:27:16.701+0000][gc,start      ] GC(720) Pause Remark
[2025-11-03T08:27:16.770+0000][gc,stringtable] GC(720) Cleaned string and symbol table, strings: 17234 processed, 0 removed, symbols: 123865 processed, 0 removed
[2025-11-03T08:27:16.774+0000][gc,mmu        ] GC(720) MMU target violated: 21.0ms (20.0ms/21.0ms)
[2025-11-03T08:27:16.775+0000][gc            ] GC(720) Pause Remark 260M->260M(872M) 73.750ms
[2025-11-03T08:27:16.776+0000][gc,cpu        ] GC(720) User=0.13s Sys=0.06s Real=0.07s
[2025-11-03T08:27:16.777+0000][gc,marking    ] GC(720) Concurrent Rebuild Remembered Sets
[2025-11-03T08:27:16.873+0000][gc,start      ] GC(721) Pause Young (Normal) (G1 Evacuation Pause)
[2025-11-03T08:27:16.875+0000][gc,task       ] GC(721) Using 2 workers of 2 for evacuation
[2025-11-03T08:27:16.934+0000][gc,mmu        ] GC(721) MMU target violated: 21.0ms (20.0ms/21.0ms)
[2025-11-03T08:27:16.935+0000][gc,phases     ] GC(721)   Pre Evacuate Collection Set: 0.1ms
[2025-11-03T08:27:16.937+0000][gc,phases     ] GC(721)   Evacuate Collection Set: 52.0ms
[2025-11-03T08:27:16.938+0000][gc,phases     ] GC(721)   Post Evacuate Collection Set: 4.8ms
[2025-11-03T08:27:16.939+0000][gc,phases     ] GC(721)   Other: 4.7ms
[2025-11-03T08:27:16.940+0000][gc,heap       ] GC(721) Eden regions: 40->0(42)
[2025-11-03T08:27:16.941+0000][gc,heap       ] GC(721) Survivor regions: 3->1(6)
[2025-11-03T08:27:16.942+0000][gc,heap       ] GC(721) Old regions: 66->67
[2025-11-03T08:27:16.943+0000][gc,heap       ] GC(721) Humongous regions: 168->162
[2025-11-03T08:27:16.944+0000][gc,metaspace  ] GC(721) Metaspace: 54072K(57264K)->54072K(57264K) NonClass: 48135K(49840K)->48135K(49840K) Class: 5937K(7424K)->5937K(7424K)
[2025-11-03T08:27:16.948+0000][gc            ] GC(721) Pause Young (Normal) (G1 Evacuation Pause) 275M->229M(872M) 74.240ms
[2025-11-03T08:27:16.949+0000][gc,cpu        ] GC(721) User=0.11s Sys=0.00s Real=0.08s
[2025-11-03T08:27:17.102+0000][gc,marking    ] GC(720) Concurrent Rebuild Remembered Sets 324.876ms
[2025-11-03T08:27:17.104+0000][gc,start      ] GC(720) Pause Cleanup
[2025-11-03T08:27:17.108+0000][gc            ] GC(720) Pause Cleanup 246M->246M(872M) 3.628ms
[2025-11-03T08:27:17.109+0000][gc,cpu        ] GC(720) User=0.01s Sys=0.00s Real=0.01s
[2025-11-03T08:27:17.110+0000][gc,marking    ] GC(720) Concurrent Cleanup for Next Mark
[2025-11-03T08:27:17.118+0000][gc,marking    ] GC(720) Concurrent Cleanup for Next Mark 7.871ms
[2025-11-03T08:27:17.119+0000][gc            ] GC(720) Concurrent Cycle 816.048ms
[2025-11-03T08:27:17.243+0000][gc,start      ] GC(722) Pause Young (Concurrent Start) (G1 Humongous Allocation)
[2025-11-03T08:27:17.244+0000][gc,task       ] GC(722) Using 2 workers of 2 for evacuation
[2025-11-03T08:27:17.317+0000][gc,mmu        ] GC(722) MMU target violated: 21.0ms (20.0ms/21.0ms)
[2025-11-03T08:27:17.318+0000][gc,phases     ] GC(722)   Pre Evacuate Collection Set: 0.5ms
[2025-11-03T08:27:17.320+0000][gc,phases     ] GC(722)   Evacuate Collection Set: 24.0ms
[2025-11-03T08:27:17.321+0000][gc,phases     ] GC(722)   Post Evacuate Collection Set: 4.0ms
[2025-11-03T08:27:17.322+0000][gc,phases     ] GC(722)   Other: 47.2ms
[2025-11-03T08:27:17.323+0000][gc,heap       ] GC(722) Eden regions: 38->0(42)
[2025-11-03T08:27:17.324+0000][gc,heap       ] GC(722) Survivor regions: 1->1(6)
[2025-11-03T08:27:17.325+0000][gc,heap       ] GC(722) Old regions: 67->67
[2025-11-03T08:27:17.326+0000][gc,heap       ] GC(722) Humongous regions: 162->156
[2025-11-03T08:27:17.327+0000][gc,metaspace  ] GC(722) Metaspace: 54072K(57264K)->54072K(57264K) NonClass: 48135K(49840K)->48135K(49840K) Class: 5937K(7424K)->5937K(7424K)
[2025-11-03T08:27:17.328+0000][gc            ] GC(722) Pause Young (Concurrent Start) (G1 Humongous Allocation) 267M->223M(872M) 84.998ms
[2025-11-03T08:27:17.328+0000][gc,cpu        ] GC(722) User=0.06s Sys=0.00s Real=0.09s
[2025-11-03T08:27:17.330+0000][gc            ] GC(723) Concurrent Cycle
[2025-11-03T08:27:17.332+0000][gc,marking    ] GC(723) Concurrent Clear Claimed Marks
[2025-11-03T08:27:17.333+0000][gc,marking    ] GC(723) Concurrent Clear Claimed Marks 1.386ms
[2025-11-03T08:27:17.335+0000][gc,marking    ] GC(723) Concurrent Scan Root Regions
[2025-11-03T08:27:17.343+0000][gc,marking    ] GC(723) Concurrent Scan Root Regions 8.595ms
[2025-11-03T08:27:17.345+0000][gc,marking    ] GC(723) Concurrent Mark (31077.166s)
[2025-11-03T08:27:17.346+0000][gc,marking    ] GC(723) Concurrent Mark From Roots
[2025-11-03T08:27:17.347+0000][gc,task       ] GC(723) Using 1 workers of 1 for marking
[2025-11-03T08:27:17.661+0000][gc,marking    ] GC(723) Concurrent Mark From Roots 314.866ms
[2025-11-03T08:27:17.662+0000][gc,marking    ] GC(723) Concurrent Preclean
[2025-11-03T08:27:17.664+0000][gc,marking    ] GC(723) Concurrent Preclean 1.907ms
[2025-11-03T08:27:17.669+0000][gc,marking    ] GC(723) Concurrent Mark (31077.166s, 31077.491s) 324.512ms
[2025-11-03T08:27:17.679+0000][gc,start      ] GC(723) Pause Remark
[2025-11-03T08:27:17.747+0000][gc,stringtable] GC(723) Cleaned string and symbol table, strings: 17234 processed, 0 removed, symbols: 123865 processed, 0 removed
[2025-11-03T08:27:17.750+0000][gc,mmu        ] GC(723) MMU target violated: 21.0ms (20.0ms/21.0ms)
[2025-11-03T08:27:17.752+0000][gc            ] GC(723) Pause Remark 262M->262M(872M) 73.081ms
[2025-11-03T08:27:17.753+0000][gc,cpu        ] GC(723) User=0.13s Sys=0.00s Real=0.07s
[2025-11-03T08:27:17.754+0000][gc,marking    ] GC(723) Concurrent Rebuild Remembered Sets
[2025-11-03T08:27:17.832+0000][gc,start      ] GC(724) Pause Young (Normal) (G1 Evacuation Pause)
[2025-11-03T08:27:17.833+0000][gc,task       ] GC(724) Using 2 workers of 2 for evacuation
[2025-11-03T08:27:17.864+0000][gc,mmu        ] GC(724) MMU target violated: 21.0ms (20.0ms/21.0ms)
[2025-11-03T08:27:17.865+0000][gc,phases     ] GC(724)   Pre Evacuate Collection Set: 0.1ms
[2025-11-03T08:27:17.866+0000][gc,phases     ] GC(724)   Evacuate Collection Set: 24.2ms
[2025-11-03T08:27:17.867+0000][gc,phases     ] GC(724)   Post Evacuate Collection Set: 4.3ms
[2025-11-03T08:27:17.868+0000][gc,phases     ] GC(724)   Other: 4.8ms
[2025-11-03T08:27:17.869+0000][gc,heap       ] GC(724) Eden regions: 42->0(42)
[2025-11-03T08:27:17.870+0000][gc,heap       ] GC(724) Survivor regions: 1->1(6)
[2025-11-03T08:27:17.871+0000][gc,heap       ] GC(724) Old regions: 67->67
[2025-11-03T08:27:17.872+0000][gc,heap       ] GC(724) Humongous regions: 168->162
[2025-11-03T08:27:17.874+0000][gc,metaspace  ] GC(724) Metaspace: 54072K(57264K)->54072K(57264K) NonClass: 48135K(49840K)->48135K(49840K) Class: 5937K(7424K)->5937K(7424K)
[2025-11-03T08:27:17.876+0000][gc            ] GC(724) Pause Young (Normal) (G1 Evacuation Pause) 277M->229M(872M) 43.942ms
[2025-11-03T08:27:17.877+0000][gc,cpu        ] GC(724) User=0.06s Sys=0.00s Real=0.05s
[2025-11-03T08:27:18.021+0000][gc,marking    ] GC(723) Concurrent Rebuild Remembered Sets 266.970ms
[2025-11-03T08:27:18.026+0000][gc,start      ] GC(723) Pause Cleanup
[2025-11-03T08:27:18.028+0000][gc            ] GC(723) Pause Cleanup 248M->248M(872M) 2.565ms
[2025-11-03T08:27:18.030+0000][gc,cpu        ] GC(723) User=0.00s Sys=0.00s Real=0.01s
[2025-11-03T08:27:18.032+0000][gc,marking    ] GC(723) Concurrent Cleanup for Next Mark
[2025-11-03T08:27:18.073+0000][gc,marking    ] GC(723) Concurrent Cleanup for Next Mark 41.501ms
[2025-11-03T08:27:18.076+0000][gc            ] GC(723) Concurrent Cycle 745.901ms
[2025-11-03T08:27:18.302+0000][gc,start      ] GC(725) Pause Young (Prepare Mixed) (G1 Evacuation Pause)
[2025-11-03T08:27:18.303+0000][gc,task       ] GC(725) Using 2 workers of 2 for evacuation
[2025-11-03T08:27:18.336+0000][gc,mmu        ] GC(725) MMU target violated: 21.0ms (20.0ms/21.0ms)
[2025-11-03T08:27:18.337+0000][gc,phases     ] GC(725)   Pre Evacuate Collection Set: 0.1ms
[2025-11-03T08:27:18.338+0000][gc,phases     ] GC(725)   Evacuate Collection Set: 25.0ms
[2025-11-03T08:27:18.339+0000][gc,phases     ] GC(725)   Post Evacuate Collection Set: 4.8ms
[2025-11-03T08:27:18.341+0000][gc,phases     ] GC(725)   Other: 5.7ms
[2025-11-03T08:27:18.343+0000][gc,heap       ] GC(725) Eden regions: 42->0(42)
[2025-11-03T08:27:18.344+0000][gc,heap       ] GC(725) Survivor regions: 1->1(6)
[2025-11-03T08:27:18.345+0000][gc,heap       ] GC(725) Old regions: 67->67
[2025-11-03T08:27:18.346+0000][gc,heap       ] GC(725) Humongous regions: 174->162
[2025-11-03T08:27:18.347+0000][gc,metaspace  ] GC(725) Metaspace: 54072K(57264K)->54072K(57264K) NonClass: 48135K(49840K)->48135K(49840K) Class: 5937K(7424K)->5937K(7424K)
[2025-11-03T08:27:18.349+0000][gc            ] GC(725) Pause Young (Prepare Mixed) (G1 Evacuation Pause) 283M->229M(872M) 47.138ms
[2025-11-03T08:27:18.350+0000][gc,cpu        ] GC(725) User=0.06s Sys=0.00s Real=0.05s
[2025-11-03T08:27:18.948+0000][gc,start      ] GC(726) Pause Young (Mixed) (G1 Evacuation Pause)
[2025-11-03T08:27:18.950+0000][gc,task       ] GC(726) Using 2 workers of 2 for evacuation
[2025-11-03T08:27:18.998+0000][gc,mmu        ] GC(726) MMU target violated: 21.0ms (20.0ms/21.0ms)
[2025-11-03T08:27:19.001+0000][gc,phases     ] GC(726)   Pre Evacuate Collection Set: 0.1ms
[2025-11-03T08:27:19.003+0000][gc,phases     ] GC(726)   Evacuate Collection Set: 34.0ms
[2025-11-03T08:27:19.004+0000][gc,phases     ] GC(726)   Post Evacuate Collection Set: 10.7ms
[2025-11-03T08:27:19.006+0000][gc,phases     ] GC(726)   Other: 8.3ms
[2025-11-03T08:27:19.007+0000][gc,heap       ] GC(726) Eden regions: 42->0(42)
[2025-11-03T08:27:19.008+0000][gc,heap       ] GC(726) Survivor regions: 1->1(6)
[2025-11-03T08:27:19.013+0000][gc,heap       ] GC(726) Old regions: 67->66
[2025-11-03T08:27:19.015+0000][gc,heap       ] GC(726) Humongous regions: 180->162
[2025-11-03T08:27:19.021+0000][gc,metaspace  ] GC(726) Metaspace: 54072K(57264K)->54072K(57264K) NonClass: 48135K(49840K)->48135K(49840K) Class: 5937K(7424K)->5937K(7424K)
[2025-11-03T08:27:19.028+0000][gc            ] GC(726) Pause Young (Mixed) (G1 Evacuation Pause) 289M->228M(872M) 80.321ms
[2025-11-03T08:27:19.032+0000][gc,cpu        ] GC(726) User=0.08s Sys=0.00s Real=0.08s
[2025-11-03T08:27:19.182+0000][gc,start      ] GC(727) Pause Young (Concurrent Start) (G1 Humongous Allocation)
[2025-11-03T08:27:19.188+0000][gc,task       ] GC(727) Using 2 workers of 2 for evacuation
[2025-11-03T08:27:19.224+0000][gc,mmu        ] GC(727) MMU target violated: 21.0ms (20.0ms/21.0ms)
[2025-11-03T08:27:19.227+0000][gc,phases     ] GC(727)   Pre Evacuate Collection Set: 0.8ms
[2025-11-03T08:27:19.230+0000][gc,phases     ] GC(727)   Evacuate Collection Set: 27.1ms
[2025-11-03T08:27:19.232+0000][gc,phases     ] GC(727)   Post Evacuate Collection Set: 5.3ms
[2025-11-03T08:27:19.234+0000][gc,phases     ] GC(727)   Other: 11.2ms
[2025-11-03T08:27:19.235+0000][gc,heap       ] GC(727) Eden regions: 19->0(42)
[2025-11-03T08:27:19.237+0000][gc,heap       ] GC(727) Survivor regions: 1->1(6)
[2025-11-03T08:27:19.239+0000][gc,heap       ] GC(727) Old regions: 66->67
[2025-11-03T08:27:19.241+0000][gc,heap       ] GC(727) Humongous regions: 162->156
[2025-11-03T08:27:19.243+0000][gc,metaspace  ] GC(727) Metaspace: 54072K(57264K)->54072K(57264K) NonClass: 48135K(49840K)->48135K(49840K) Class: 5937K(7424K)->5937K(7424K)
[2025-11-03T08:27:19.244+0000][gc            ] GC(727) Pause Young (Concurrent Start) (G1 Humongous Allocation) 247M->222M(872M) 61.323ms
[2025-11-03T08:27:19.245+0000][gc,cpu        ] GC(727) User=0.07s Sys=0.00s Real=0.06s
[2025-11-03T08:27:19.246+0000][gc            ] GC(728) Concurrent Cycle
[2025-11-03T08:27:19.250+0000][gc,marking    ] GC(728) Concurrent Clear Claimed Marks
[2025-11-03T08:27:19.254+0000][gc,marking    ] GC(728) Concurrent Clear Claimed Marks 3.431ms
[2025-11-03T08:27:19.256+0000][gc,marking    ] GC(728) Concurrent Scan Root Regions
[2025-11-03T08:27:19.267+0000][gc,marking    ] GC(728) Concurrent Scan Root Regions 11.313ms
[2025-11-03T08:27:19.270+0000][gc,marking    ] GC(728) Concurrent Mark (31079.091s)
[2025-11-03T08:27:19.271+0000][gc,marking    ] GC(728) Concurrent Mark From Roots
[2025-11-03T08:27:19.273+0000][gc,task       ] GC(728) Using 1 workers of 1 for marking
[2025-11-03T08:27:19.798+0000][gc,marking    ] GC(728) Concurrent Mark From Roots 527.033ms
[2025-11-03T08:27:19.799+0000][gc,marking    ] GC(728) Concurrent Preclean
[2025-11-03T08:27:19.802+0000][gc,marking    ] GC(728) Concurrent Preclean 2.749ms
[2025-11-03T08:27:19.805+0000][gc,marking    ] GC(728) Concurrent Mark (31079.091s, 31079.626s) 534.808ms
[2025-11-03T08:27:19.808+0000][gc,start      ] GC(728) Pause Remark
[2025-11-03T08:27:20.026+0000][gc,stringtable] GC(728) Cleaned string and symbol table, strings: 17234 processed, 0 removed, symbols: 123865 processed, 0 removed
[2025-11-03T08:27:20.029+0000][gc,mmu        ] GC(728) MMU target violated: 21.0ms (20.0ms/21.0ms)
[2025-11-03T08:27:20.068+0000][gc            ] GC(728) Pause Remark 270M->270M(872M) 259.379ms
[2025-11-03T08:27:20.069+0000][gc,cpu        ] GC(728) User=0.20s Sys=0.00s Real=0.26s
[2025-11-03T08:27:20.071+0000][gc,marking    ] GC(728) Concurrent Rebuild Remembered Sets
[2025-11-03T08:27:20.146+0000][gc,start      ] GC(729) Pause Young (Normal) (G1 Evacuation Pause)
[2025-11-03T08:27:20.148+0000][gc,task       ] GC(729) Using 2 workers of 2 for evacuation
[2025-11-03T08:27:20.195+0000][gc,mmu        ] GC(729) MMU target violated: 21.0ms (20.0ms/21.0ms)
[2025-11-03T08:27:20.196+0000][gc,phases     ] GC(729)   Pre Evacuate Collection Set: 0.1ms
[2025-11-03T08:27:20.197+0000][gc,phases     ] GC(729)   Evacuate Collection Set: 39.4ms
[2025-11-03T08:27:20.198+0000][gc,phases     ] GC(729)   Post Evacuate Collection Set: 4.5ms
[2025-11-03T08:27:20.200+0000][gc,phases     ] GC(729)   Other: 6.0ms
[2025-11-03T08:27:20.201+0000][gc,heap       ] GC(729) Eden regions: 42->0(42)
[2025-11-03T08:27:20.203+0000][gc,heap       ] GC(729) Survivor regions: 1->1(6)
[2025-11-03T08:27:20.205+0000][gc,heap       ] GC(729) Old regions: 67->67
[2025-11-03T08:27:20.206+0000][gc,heap       ] GC(729) Humongous regions: 168->162
[2025-11-03T08:27:20.207+0000][gc,metaspace  ] GC(729) Metaspace: 54072K(57264K)->54072K(57264K) NonClass: 48135K(49840K)->48135K(49840K) Class: 5937K(7424K)->5937K(7424K)
[2025-11-03T08:27:20.208+0000][gc            ] GC(729) Pause Young (Normal) (G1 Evacuation Pause) 276M->229M(872M) 62.029ms
[2025-11-03T08:27:20.210+0000][gc,cpu        ] GC(729) User=0.08s Sys=0.00s Real=0.06s
[2025-11-03T08:27:20.418+0000][gc,marking    ] GC(728) Concurrent Rebuild Remembered Sets 346.533ms
[2025-11-03T08:27:20.425+0000][gc,start      ] GC(728) Pause Cleanup
[2025-11-03T08:27:20.430+0000][gc            ] GC(728) Pause Cleanup 257M->257M(872M) 5.099ms
[2025-11-03T08:27:20.432+0000][gc,cpu        ] GC(728) User=0.01s Sys=0.00s Real=0.01s
[2025-11-03T08:27:20.434+0000][gc,marking    ] GC(728) Concurrent Cleanup for Next Mark
[2025-11-03T08:27:20.441+0000][gc,marking    ] GC(728) Concurrent Cleanup for Next Mark 7.020ms
[2025-11-03T08:27:20.442+0000][gc            ] GC(728) Concurrent Cycle 1195.838ms
[2025-11-03T08:27:20.664+0000][gc,start      ] GC(730) Pause Young (Normal) (G1 Evacuation Pause)
[2025-11-03T08:27:20.720+0000][gc,task       ] GC(730) Using 2 workers of 2 for evacuation
[2025-11-03T08:27:20.749+0000][gc,mmu        ] GC(730) MMU target violated: 21.0ms (20.0ms/21.0ms)
[2025-11-03T08:27:20.750+0000][gc,phases     ] GC(730)   Pre Evacuate Collection Set: 0.6ms
[2025-11-03T08:27:20.751+0000][gc,phases     ] GC(730)   Evacuate Collection Set: 20.2ms
[2025-11-03T08:27:20.752+0000][gc,phases     ] GC(730)   Post Evacuate Collection Set: 5.8ms
[2025-11-03T08:27:20.753+0000][gc,phases     ] GC(730)   Other: 59.6ms
[2025-11-03T08:27:20.753+0000][gc,heap       ] GC(730) Eden regions: 42->0(43)
[2025-11-03T08:27:20.754+0000][gc,heap       ] GC(730) Survivor regions: 1->1(6)
[2025-11-03T08:27:20.755+0000][gc,heap       ] GC(730) Old regions: 67->67
[2025-11-03T08:27:20.756+0000][gc,heap       ] GC(730) Humongous regions: 174->162
[2025-11-03T08:27:20.757+0000][gc,metaspace  ] GC(730) Metaspace: 54072K(57264K)->54072K(57264K) NonClass: 48135K(49840K)->48135K(49840K) Class: 5937K(7424K)->5937K(7424K)
[2025-11-03T08:27:20.758+0000][gc            ] GC(730) Pause Young (Normal) (G1 Evacuation Pause) 283M->229M(884M) 93.995ms
[2025-11-03T08:27:20.759+0000][gc,cpu        ] GC(730) User=0.05s Sys=0.00s Real=0.10s
[2025-11-03T08:27:21.034+0000][gc,start      ] GC(731) Pause Young (Concurrent Start) (G1 Humongous Allocation)
[2025-11-03T08:27:21.038+0000][gc,task       ] GC(731) Using 2 workers of 2 for evacuation
[2025-11-03T08:27:21.061+0000][gc,mmu        ] GC(731) MMU target violated: 21.0ms (20.0ms/21.0ms)
[2025-11-03T08:27:21.063+0000][gc,phases     ] GC(731)   Pre Evacuate Collection Set: 0.5ms
[2025-11-03T08:27:21.064+0000][gc,phases     ] GC(731)   Evacuate Collection Set: 17.7ms
[2025-11-03T08:27:21.069+0000][gc,phases     ] GC(731)   Post Evacuate Collection Set: 3.2ms
[2025-11-03T08:27:21.070+0000][gc,phases     ] GC(731)   Other: 7.5ms
[2025-11-03T08:27:21.072+0000][gc,heap       ] GC(731) Eden regions: 25->0(43)
[2025-11-03T08:27:21.073+0000][gc,heap       ] GC(731) Survivor regions: 1->1(6)
[2025-11-03T08:27:21.074+0000][gc,heap       ] GC(731) Old regions: 67->67
[2025-11-03T08:27:21.076+0000][gc,heap       ] GC(731) Humongous regions: 162->156
[2025-11-03T08:27:21.077+0000][gc,metaspace  ] GC(731) Metaspace: 54072K(57264K)->54072K(57264K) NonClass: 48135K(49840K)->48135K(49840K) Class: 5937K(7424K)->5937K(7424K)
[2025-11-03T08:27:21.078+0000][gc            ] GC(731) Pause Young (Concurrent Start) (G1 Humongous Allocation) 253M->223M(884M) 43.801ms
[2025-11-03T08:27:21.079+0000][gc,cpu        ] GC(731) User=0.04s Sys=0.00s Real=0.05s
[2025-11-03T08:27:21.081+0000][gc            ] GC(732) Concurrent Cycle
[2025-11-03T08:27:21.082+0000][gc,marking    ] GC(732) Concurrent Clear Claimed Marks
[2025-11-03T08:27:21.084+0000][gc,marking    ] GC(732) Concurrent Clear Claimed Marks 1.512ms
[2025-11-03T08:27:21.085+0000][gc,marking    ] GC(732) Concurrent Scan Root Regions
[2025-11-03T08:27:21.094+0000][gc,marking    ] GC(732) Concurrent Scan Root Regions 8.790ms
[2025-11-03T08:27:21.096+0000][gc,marking    ] GC(732) Concurrent Mark (31080.917s)
[2025-11-03T08:27:21.098+0000][gc,marking    ] GC(732) Concurrent Mark From Roots
[2025-11-03T08:27:21.101+0000][gc,task       ] GC(732) Using 1 workers of 1 for marking
[2025-11-03T08:27:21.466+0000][gc,marking    ] GC(732) Concurrent Mark From Roots 368.313ms
[2025-11-03T08:27:21.468+0000][gc,marking    ] GC(732) Concurrent Preclean
[2025-11-03T08:27:21.470+0000][gc,marking    ] GC(732) Concurrent Preclean 2.072ms
[2025-11-03T08:27:21.472+0000][gc,marking    ] GC(732) Concurrent Mark (31080.917s, 31081.293s) 375.168ms
[2025-11-03T08:27:21.475+0000][gc,start      ] GC(732) Pause Remark
[2025-11-03T08:27:21.567+0000][gc,stringtable] GC(732) Cleaned string and symbol table, strings: 17234 processed, 0 removed, symbols: 123865 processed, 0 removed
[2025-11-03T08:27:21.570+0000][gc,mmu        ] GC(732) MMU target violated: 21.0ms (20.0ms/21.0ms)
[2025-11-03T08:27:21.571+0000][gc            ] GC(732) Pause Remark 268M->268M(884M) 96.289ms
[2025-11-03T08:27:21.572+0000][gc,cpu        ] GC(732) User=0.20s Sys=0.00s Real=0.10s
[2025-11-03T08:27:21.573+0000][gc,marking    ] GC(732) Concurrent Rebuild Remembered Sets
[2025-11-03T08:27:21.656+0000][gc,start      ] GC(733) Pause Young (Normal) (G1 Evacuation Pause)
[2025-11-03T08:27:21.657+0000][gc,task       ] GC(733) Using 2 workers of 2 for evacuation
[2025-11-03T08:27:21.687+0000][gc,mmu        ] GC(733) MMU target violated: 21.0ms (20.0ms/21.0ms)
[2025-11-03T08:27:21.691+0000][gc,phases     ] GC(733)   Pre Evacuate Collection Set: 0.1ms
[2025-11-03T08:27:21.693+0000][gc,phases     ] GC(733)   Evacuate Collection Set: 24.6ms
[2025-11-03T08:27:21.694+0000][gc,phases     ] GC(733)   Post Evacuate Collection Set: 3.8ms
[2025-11-03T08:27:21.695+0000][gc,phases     ] GC(733)   Other: 7.0ms
[2025-11-03T08:27:21.696+0000][gc,heap       ] GC(733) Eden regions: 43->0(43)
[2025-11-03T08:27:21.697+0000][gc,heap       ] GC(733) Survivor regions: 1->1(6)
[2025-11-03T08:27:21.698+0000][gc,heap       ] GC(733) Old regions: 67->67
[2025-11-03T08:27:21.700+0000][gc,heap       ] GC(733) Humongous regions: 168->162
[2025-11-03T08:27:21.701+0000][gc,metaspace  ] GC(733) Metaspace: 54072K(57264K)->54072K(57264K) NonClass: 48135K(49840K)->48135K(49840K) Class: 5937K(7424K)->5937K(7424K)
[2025-11-03T08:27:21.702+0000][gc            ] GC(733) Pause Young (Normal) (G1 Evacuation Pause) 278M->229M(884M) 46.326ms
[2025-11-03T08:27:21.704+0000][gc,cpu        ] GC(733) User=0.07s Sys=0.00s Real=0.05s
[2025-11-03T08:27:21.869+0000][gc,marking    ] GC(732) Concurrent Rebuild Remembered Sets 295.045ms
[2025-11-03T08:27:21.874+0000][gc,start      ] GC(732) Pause Cleanup
[2025-11-03T08:27:21.878+0000][gc            ] GC(732) Pause Cleanup 251M->251M(884M) 3.876ms
[2025-11-03T08:27:21.881+0000][gc,cpu        ] GC(732) User=0.01s Sys=0.00s Real=0.01s
[2025-11-03T08:27:21.883+0000][gc,marking    ] GC(732) Concurrent Cleanup for Next Mark
[2025-11-03T08:27:21.893+0000][gc,marking    ] GC(732) Concurrent Cleanup for Next Mark 9.361ms
[2025-11-03T08:27:21.895+0000][gc            ] GC(732) Concurrent Cycle 814.203ms
[2025-11-03T08:27:21.911+0000][gc,start      ] GC(734) Pause Young (Concurrent Start) (G1 Humongous Allocation)
[2025-11-03T08:27:21.915+0000][gc,task       ] GC(734) Using 2 workers of 2 for evacuation
[2025-11-03T08:27:21.951+0000][gc,mmu        ] GC(734) MMU target violated: 21.0ms (20.0ms/21.0ms)
[2025-11-03T08:27:21.953+0000][gc,phases     ] GC(734)   Pre Evacuate Collection Set: 0.4ms
[2025-11-03T08:27:21.956+0000][gc,phases     ] GC(734)   Evacuate Collection Set: 29.1ms
[2025-11-03T08:27:21.957+0000][gc,phases     ] GC(734)   Post Evacuate Collection Set: 4.6ms
[2025-11-03T08:27:21.959+0000][gc,phases     ] GC(734)   Other: 8.1ms
[2025-11-03T08:27:21.960+0000][gc,heap       ] GC(734) Eden regions: 27->0(43)
[2025-11-03T08:27:21.962+0000][gc,heap       ] GC(734) Survivor regions: 1->1(6)
[2025-11-03T08:27:21.965+0000][gc,heap       ] GC(734) Old regions: 67->67
[2025-11-03T08:27:21.967+0000][gc,heap       ] GC(734) Humongous regions: 162->156
[2025-11-03T08:27:21.968+0000][gc,metaspace  ] GC(734) Metaspace: 54072K(57264K)->54072K(57264K) NonClass: 48135K(49840K)->48135K(49840K) Class: 5937K(7424K)->5937K(7424K)
[2025-11-03T08:27:21.969+0000][gc            ] GC(734) Pause Young (Concurrent Start) (G1 Humongous Allocation) 255M->223M(884M) 58.445ms
[2025-11-03T08:27:21.970+0000][gc,cpu        ] GC(734) User=0.07s Sys=0.00s Real=0.06s
[2025-11-03T08:27:21.972+0000][gc            ] GC(735) Concurrent Cycle
[2025-11-03T08:27:21.976+0000][gc,marking    ] GC(735) Concurrent Clear Claimed Marks
[2025-11-03T08:27:21.979+0000][gc,marking    ] GC(735) Concurrent Clear Claimed Marks 2.250ms
[2025-11-03T08:27:21.980+0000][gc,marking    ] GC(735) Concurrent Scan Root Regions
[2025-11-03T08:27:21.990+0000][gc,marking    ] GC(735) Concurrent Scan Root Regions 10.412ms
[2025-11-03T08:27:21.992+0000][gc,marking    ] GC(735) Concurrent Mark (31081.813s)
[2025-11-03T08:27:21.993+0000][gc,marking    ] GC(735) Concurrent Mark From Roots
[2025-11-03T08:27:21.995+0000][gc,task       ] GC(735) Using 1 workers of 1 for marking
[2025-11-03T08:27:22.406+0000][gc,marking    ] GC(735) Concurrent Mark From Roots 413.723ms
[2025-11-03T08:27:22.409+0000][gc,marking    ] GC(735) Concurrent Preclean
[2025-11-03T08:27:22.411+0000][gc,marking    ] GC(735) Concurrent Preclean 1.989ms
[2025-11-03T08:27:22.413+0000][gc,marking    ] GC(735) Concurrent Mark (31081.813s, 31082.234s) 420.952ms
[2025-11-03T08:27:22.418+0000][gc,start      ] GC(735) Pause Remark
[2025-11-03T08:27:22.506+0000][gc,stringtable] GC(735) Cleaned string and symbol table, strings: 17234 processed, 0 removed, symbols: 123865 processed, 0 removed
[2025-11-03T08:27:22.510+0000][gc,mmu        ] GC(735) MMU target violated: 21.0ms (20.0ms/21.0ms)
[2025-11-03T08:27:22.511+0000][gc            ] GC(735) Pause Remark 278M->278M(884M) 93.418ms
[2025-11-03T08:27:22.512+0000][gc,cpu        ] GC(735) User=0.11s Sys=0.09s Real=0.09s
[2025-11-03T08:27:22.513+0000][gc,marking    ] GC(735) Concurrent Rebuild Remembered Sets
[2025-11-03T08:27:22.557+0000][gc,start      ] GC(736) Pause Young (Normal) (G1 Evacuation Pause)
[2025-11-03T08:27:22.558+0000][gc,task       ] GC(736) Using 2 workers of 2 for evacuation
[2025-11-03T08:27:22.581+0000][gc,mmu        ] GC(736) MMU target violated: 21.0ms (20.0ms/21.0ms)
[2025-11-03T08:27:22.582+0000][gc,phases     ] GC(736)   Pre Evacuate Collection Set: 0.1ms
[2025-11-03T08:27:22.583+0000][gc,phases     ] GC(736)   Evacuate Collection Set: 17.8ms
[2025-11-03T08:27:22.584+0000][gc,phases     ] GC(736)   Post Evacuate Collection Set: 3.4ms
[2025-11-03T08:27:22.585+0000][gc,phases     ] GC(736)   Other: 3.7ms
[2025-11-03T08:27:22.587+0000][gc,heap       ] GC(736) Eden regions: 43->0(43)
[2025-11-03T08:27:22.588+0000][gc,heap       ] GC(736) Survivor regions: 1->1(6)
[2025-11-03T08:27:22.590+0000][gc,heap       ] GC(736) Old regions: 67->67
[2025-11-03T08:27:22.591+0000][gc,heap       ] GC(736) Humongous regions: 174->162
[2025-11-03T08:27:22.591+0000][gc,metaspace  ] GC(736) Metaspace: 54072K(57264K)->54072K(57264K) NonClass: 48135K(49840K)->48135K(49840K) Class: 5937K(7424K)->5937K(7424K)
[2025-11-03T08:27:22.592+0000][gc            ] GC(736) Pause Young (Normal) (G1 Evacuation Pause) 284M->229M(884M) 35.004ms
[2025-11-03T08:27:22.594+0000][gc,cpu        ] GC(736) User=0.05s Sys=0.00s Real=0.03s
[2025-11-03T08:27:22.769+0000][gc,marking    ] GC(735) Concurrent Rebuild Remembered Sets 256.180ms
[2025-11-03T08:27:22.773+0000][gc,start      ] GC(735) Pause Cleanup
[2025-11-03T08:27:22.774+0000][gc            ] GC(735) Pause Cleanup 256M->256M(884M) 1.653ms
[2025-11-03T08:27:22.775+0000][gc,cpu        ] GC(735) User=0.01s Sys=0.00s Real=0.00s
[2025-11-03T08:27:22.776+0000][gc,marking    ] GC(735) Concurrent Cleanup for Next Mark
[2025-11-03T08:27:22.789+0000][gc,marking    ] GC(735) Concurrent Cleanup for Next Mark 12.599ms
[2025-11-03T08:27:22.791+0000][gc            ] GC(735) Concurrent Cycle 818.820ms
[2025-11-03T08:27:22.851+0000][gc,start      ] GC(737) Pause Young (Concurrent Start) (G1 Humongous Allocation)
[2025-11-03T08:27:22.853+0000][gc,task       ] GC(737) Using 2 workers of 2 for evacuation
[2025-11-03T08:27:22.876+0000][gc,mmu        ] GC(737) MMU target violated: 21.0ms (20.0ms/21.0ms)
[2025-11-03T08:27:22.878+0000][gc,phases     ] GC(737)   Pre Evacuate Collection Set: 0.7ms
[2025-11-03T08:27:22.879+0000][gc,phases     ] GC(737)   Evacuate Collection Set: 18.5ms
[2025-11-03T08:27:22.881+0000][gc,phases     ] GC(737)   Post Evacuate Collection Set: 3.2ms
[2025-11-03T08:27:22.882+0000][gc,phases     ] GC(737)   Other: 4.3ms
[2025-11-03T08:27:22.883+0000][gc,heap       ] GC(737) Eden regions: 40->0(43)
[2025-11-03T08:27:22.884+0000][gc,heap       ] GC(737) Survivor regions: 1->1(6)
[2025-11-03T08:27:22.885+0000][gc,heap       ] GC(737) Old regions: 67->67
[2025-11-03T08:27:22.886+0000][gc,heap       ] GC(737) Humongous regions: 162->156
[2025-11-03T08:27:22.887+0000][gc,metaspace  ] GC(737) Metaspace: 54072K(57264K)->54072K(57264K) NonClass: 48135K(49840K)->48135K(49840K) Class: 5937K(7424K)->5937K(7424K)
[2025-11-03T08:27:22.888+0000][gc            ] GC(737) Pause Young (Concurrent Start) (G1 Humongous Allocation) 268M->223M(884M) 36.373ms
[2025-11-03T08:27:22.889+0000][gc,cpu        ] GC(737) User=0.04s Sys=0.00s Real=0.04s
[2025-11-03T08:27:22.891+0000][gc            ] GC(738) Concurrent Cycle
[2025-11-03T08:27:22.898+0000][gc,marking    ] GC(738) Concurrent Clear Claimed Marks
[2025-11-03T08:27:22.901+0000][gc,marking    ] GC(738) Concurrent Clear Claimed Marks 3.000ms
[2025-11-03T08:27:22.902+0000][gc,marking    ] GC(738) Concurrent Scan Root Regions
[2025-11-03T08:27:22.911+0000][gc,marking    ] GC(738) Concurrent Scan Root Regions 8.578ms
[2025-11-03T08:27:22.913+0000][gc,marking    ] GC(738) Concurrent Mark (31082.734s)
[2025-11-03T08:27:22.916+0000][gc,marking    ] GC(738) Concurrent Mark From Roots
[2025-11-03T08:27:22.918+0000][gc,task       ] GC(738) Using 1 workers of 1 for marking
[2025-11-03T08:27:23.269+0000][gc,marking    ] GC(738) Concurrent Mark From Roots 352.981ms
[2025-11-03T08:27:23.270+0000][gc,marking    ] GC(738) Concurrent Preclean
[2025-11-03T08:27:23.272+0000][gc,marking    ] GC(738) Concurrent Preclean 1.789ms
[2025-11-03T08:27:23.274+0000][gc,marking    ] GC(738) Concurrent Mark (31082.734s, 31083.095s) 360.738ms
[2025-11-03T08:27:23.276+0000][gc,start      ] GC(738) Pause Remark
[2025-11-03T08:27:23.356+0000][gc,stringtable] GC(738) Cleaned string and symbol table, strings: 17234 processed, 0 removed, symbols: 123865 processed, 0 removed
[2025-11-03T08:27:23.361+0000][gc,mmu        ] GC(738) MMU target violated: 21.0ms (20.0ms/21.0ms)
[2025-11-03T08:27:23.364+0000][gc            ] GC(738) Pause Remark 271M->271M(884M) 86.373ms
[2025-11-03T08:27:23.365+0000][gc,cpu        ] GC(738) User=0.15s Sys=0.00s Real=0.09s
[2025-11-03T08:27:23.367+0000][gc,marking    ] GC(738) Concurrent Rebuild Remembered Sets
[2025-11-03T08:27:23.417+0000][gc,start      ] GC(739) Pause Young (Normal) (G1 Evacuation Pause)
[2025-11-03T08:27:23.418+0000][gc,task       ] GC(739) Using 2 workers of 2 for evacuation
[2025-11-03T08:27:23.444+0000][gc,mmu        ] GC(739) MMU target violated: 21.0ms (20.0ms/21.0ms)
[2025-11-03T08:27:23.445+0000][gc,phases     ] GC(739)   Pre Evacuate Collection Set: 0.1ms
[2025-11-03T08:27:23.446+0000][gc,phases     ] GC(739)   Evacuate Collection Set: 22.2ms
[2025-11-03T08:27:23.447+0000][gc,phases     ] GC(739)   Post Evacuate Collection Set: 2.4ms
[2025-11-03T08:27:23.448+0000][gc,phases     ] GC(739)   Other: 3.5ms
[2025-11-03T08:27:23.449+0000][gc,heap       ] GC(739) Eden regions: 43->0(43)
[2025-11-03T08:27:23.450+0000][gc,heap       ] GC(739) Survivor regions: 1->1(6)
[2025-11-03T08:27:23.451+0000][gc,heap       ] GC(739) Old regions: 67->67
[2025-11-03T08:27:23.452+0000][gc,heap       ] GC(739) Humongous regions: 168->162
[2025-11-03T08:27:23.453+0000][gc,metaspace  ] GC(739) Metaspace: 54072K(57264K)->54072K(57264K) NonClass: 48135K(49840K)->48135K(49840K) Class: 5937K(7424K)->5937K(7424K)
[2025-11-03T08:27:23.454+0000][gc            ] GC(739) Pause Young (Normal) (G1 Evacuation Pause) 278M->229M(884M) 37.000ms
[2025-11-03T08:27:23.455+0000][gc,cpu        ] GC(739) User=0.05s Sys=0.00s Real=0.03s
[2025-11-03T08:27:23.642+0000][gc,marking    ] GC(738) Concurrent Rebuild Remembered Sets 275.832ms
[2025-11-03T08:27:23.646+0000][gc,start      ] GC(738) Pause Cleanup
[2025-11-03T08:27:23.649+0000][gc            ] GC(738) Pause Cleanup 254M->254M(884M) 2.816ms
[2025-11-03T08:27:23.650+0000][gc,cpu        ] GC(738) User=0.00s Sys=0.01s Real=0.01s
[2025-11-03T08:27:23.654+0000][gc,marking    ] GC(738) Concurrent Cleanup for Next Mark
[2025-11-03T08:27:23.660+0000][gc,marking    ] GC(738) Concurrent Cleanup for Next Mark 5.817ms
[2025-11-03T08:27:23.664+0000][gc            ] GC(738) Concurrent Cycle 772.524ms
[2025-11-03T08:27:23.776+0000][gc,start      ] GC(740) Pause Young (Normal) (G1 Evacuation Pause)
[2025-11-03T08:27:23.777+0000][gc,task       ] GC(740) Using 2 workers of 2 for evacuation
[2025-11-03T08:27:23.800+0000][gc,mmu        ] GC(740) MMU target violated: 21.0ms (20.0ms/21.0ms)
[2025-11-03T08:27:23.801+0000][gc,phases     ] GC(740)   Pre Evacuate Collection Set: 0.1ms
[2025-11-03T08:27:23.802+0000][gc,phases     ] GC(740)   Evacuate Collection Set: 18.9ms
[2025-11-03T08:27:23.803+0000][gc,phases     ] GC(740)   Post Evacuate Collection Set: 2.7ms
[2025-11-03T08:27:23.804+0000][gc,phases     ] GC(740)   Other: 3.4ms
[2025-11-03T08:27:23.804+0000][gc,heap       ] GC(740) Eden regions: 43->0(42)
[2025-11-03T08:27:23.805+0000][gc,heap       ] GC(740) Survivor regions: 1->2(6)
[2025-11-03T08:27:23.806+0000][gc,heap       ] GC(740) Old regions: 67->67
[2025-11-03T08:27:23.806+0000][gc,heap       ] GC(740) Humongous regions: 174->162
[2025-11-03T08:27:23.807+0000][gc,metaspace  ] GC(740) Metaspace: 54072K(57264K)->54072K(57264K) NonClass: 48135K(49840K)->48135K(49840K) Class: 5937K(7424K)->5937K(7424K)
[2025-11-03T08:27:23.808+0000][gc            ] GC(740) Pause Young (Normal) (G1 Evacuation Pause) 284M->229M(884M) 31.943ms
[2025-11-03T08:27:23.809+0000][gc,cpu        ] GC(740) User=0.04s Sys=0.00s Real=0.03s
[2025-11-03T08:27:23.895+0000][gc,start      ] GC(741) Pause Young (Concurrent Start) (G1 Humongous Allocation)
[2025-11-03T08:27:23.896+0000][gc,task       ] GC(741) Using 2 workers of 2 for evacuation
[2025-11-03T08:27:23.920+0000][gc,mmu        ] GC(741) MMU target violated: 21.0ms (20.0ms/21.0ms)
[2025-11-03T08:27:23.921+0000][gc,phases     ] GC(741)   Pre Evacuate Collection Set: 0.4ms
[2025-11-03T08:27:23.922+0000][gc,phases     ] GC(741)   Evacuate Collection Set: 19.0ms
[2025-11-03T08:27:23.923+0000][gc,phases     ] GC(741)   Post Evacuate Collection Set: 3.0ms
[2025-11-03T08:27:23.924+0000][gc,phases     ] GC(741)   Other: 3.9ms
[2025-11-03T08:27:23.925+0000][gc,heap       ] GC(741) Eden regions: 12->0(43)
[2025-11-03T08:27:23.926+0000][gc,heap       ] GC(741) Survivor regions: 2->1(6)
[2025-11-03T08:27:23.927+0000][gc,heap       ] GC(741) Old regions: 67->67
[2025-11-03T08:27:23.928+0000][gc,heap       ] GC(741) Humongous regions: 162->156
[2025-11-03T08:27:23.929+0000][gc,metaspace  ] GC(741) Metaspace: 54072K(57264K)->54072K(57264K) NonClass: 48135K(49840K)->48135K(49840K) Class: 5937K(7424K)->5937K(7424K)
[2025-11-03T08:27:23.930+0000][gc            ] GC(741) Pause Young (Concurrent Start) (G1 Humongous Allocation) 240M->223M(884M) 34.855ms
[2025-11-03T08:27:23.931+0000][gc,cpu        ] GC(741) User=0.05s Sys=0.00s Real=0.04s
[2025-11-03T08:27:23.933+0000][gc            ] GC(742) Concurrent Cycle
[2025-11-03T08:27:23.934+0000][gc,marking    ] GC(742) Concurrent Clear Claimed Marks
[2025-11-03T08:27:23.936+0000][gc,marking    ] GC(742) Concurrent Clear Claimed Marks 1.671ms
[2025-11-03T08:27:23.937+0000][gc,marking    ] GC(742) Concurrent Scan Root Regions
[2025-11-03T08:27:23.949+0000][gc,marking    ] GC(742) Concurrent Scan Root Regions 11.915ms
[2025-11-03T08:27:23.953+0000][gc,marking    ] GC(742) Concurrent Mark (31083.774s)
[2025-11-03T08:27:23.954+0000][gc,marking    ] GC(742) Concurrent Mark From Roots
[2025-11-03T08:27:23.956+0000][gc,task       ] GC(742) Using 1 workers of 1 for marking
[2025-11-03T08:27:24.427+0000][gc,marking    ] GC(742) Concurrent Mark From Roots 472.482ms
[2025-11-03T08:27:24.428+0000][gc,marking    ] GC(742) Concurrent Preclean
[2025-11-03T08:27:24.431+0000][gc,marking    ] GC(742) Concurrent Preclean 2.939ms
[2025-11-03T08:27:24.432+0000][gc,marking    ] GC(742) Concurrent Mark (31083.774s, 31084.253s) 479.290ms
[2025-11-03T08:27:24.436+0000][gc,start      ] GC(742) Pause Remark
[2025-11-03T08:27:24.505+0000][gc,stringtable] GC(742) Cleaned string and symbol table, strings: 17237 processed, 0 removed, symbols: 123865 processed, 0 removed
[2025-11-03T08:27:24.507+0000][gc,mmu        ] GC(742) MMU target violated: 21.0ms (20.0ms/21.0ms)
[2025-11-03T08:27:24.508+0000][gc            ] GC(742) Pause Remark 270M->270M(884M) 72.064ms
[2025-11-03T08:27:24.509+0000][gc,cpu        ] GC(742) User=0.13s Sys=0.00s Real=0.08s
[2025-11-03T08:27:24.510+0000][gc,marking    ] GC(742) Concurrent Rebuild Remembered Sets
[2025-11-03T08:27:24.523+0000][gc,start      ] GC(743) Pause Young (Normal) (G1 Evacuation Pause)
[2025-11-03T08:27:24.524+0000][gc,task       ] GC(743) Using 2 workers of 2 for evacuation
[2025-11-03T08:27:24.542+0000][gc,phases     ] GC(743)   Pre Evacuate Collection Set: 0.0ms
[2025-11-03T08:27:24.543+0000][gc,phases     ] GC(743)   Evacuate Collection Set: 14.1ms
[2025-11-03T08:27:24.544+0000][gc,phases     ] GC(743)   Post Evacuate Collection Set: 2.8ms
[2025-11-03T08:27:24.545+0000][gc,phases     ] GC(743)   Other: 2.4ms
[2025-11-03T08:27:24.546+0000][gc,heap       ] GC(743) Eden regions: 43->0(43)
[2025-11-03T08:27:24.546+0000][gc,heap       ] GC(743) Survivor regions: 1->1(6)
[2025-11-03T08:27:24.547+0000][gc,heap       ] GC(743) Old regions: 67->67
[2025-11-03T08:27:24.548+0000][gc,heap       ] GC(743) Humongous regions: 162->162
[2025-11-03T08:27:24.549+0000][gc,metaspace  ] GC(743) Metaspace: 54072K(57264K)->54072K(57264K) NonClass: 48135K(49840K)->48135K(49840K) Class: 5937K(7424K)->5937K(7424K)
[2025-11-03T08:27:24.550+0000][gc            ] GC(743) Pause Young (Normal) (G1 Evacuation Pause) 272M->229M(884M) 26.682ms
[2025-11-03T08:27:24.551+0000][gc,cpu        ] GC(743) User=0.03s Sys=0.00s Real=0.03s
[2025-11-03T08:27:24.754+0000][gc,marking    ] GC(742) Concurrent Rebuild Remembered Sets 244.304ms
[2025-11-03T08:27:24.758+0000][gc,start      ] GC(742) Pause Cleanup
[2025-11-03T08:27:24.763+0000][gc            ] GC(742) Pause Cleanup 268M->268M(884M) 4.778ms
[2025-11-03T08:27:24.764+0000][gc,cpu        ] GC(742) User=0.00s Sys=0.01s Real=0.00s
[2025-11-03T08:27:24.766+0000][gc,marking    ] GC(742) Concurrent Cleanup for Next Mark
[2025-11-03T08:27:24.775+0000][gc,marking    ] GC(742) Concurrent Cleanup for Next Mark 9.276ms
[2025-11-03T08:27:24.776+0000][gc            ] GC(742) Concurrent Cycle 843.154ms
[2025-11-03T08:27:24.980+0000][gc,start      ] GC(744) Pause Young (Normal) (G1 Evacuation Pause)
[2025-11-03T08:27:24.981+0000][gc,task       ] GC(744) Using 2 workers of 2 for evacuation
[2025-11-03T08:27:25.012+0000][gc,mmu        ] GC(744) MMU target violated: 21.0ms (20.0ms/21.0ms)
[2025-11-03T08:27:25.015+0000][gc,phases     ] GC(744)   Pre Evacuate Collection Set: 0.1ms
[2025-11-03T08:27:25.016+0000][gc,phases     ] GC(744)   Evacuate Collection Set: 22.1ms
[2025-11-03T08:27:25.017+0000][gc,phases     ] GC(744)   Post Evacuate Collection Set: 4.3ms
[2025-11-03T08:27:25.018+0000][gc,phases     ] GC(744)   Other: 8.4ms
[2025-11-03T08:27:25.019+0000][gc,heap       ] GC(744) Eden regions: 43->0(43)
[2025-11-03T08:27:25.019+0000][gc,heap       ] GC(744) Survivor regions: 1->1(6)
[2025-11-03T08:27:25.021+0000][gc,heap       ] GC(744) Old regions: 67->67
[2025-11-03T08:27:25.022+0000][gc,heap       ] GC(744) Humongous regions: 174->162
[2025-11-03T08:27:25.024+0000][gc,metaspace  ] GC(744) Metaspace: 54072K(57264K)->54072K(57264K) NonClass: 48135K(49840K)->48135K(49840K) Class: 5937K(7424K)->5937K(7424K)
[2025-11-03T08:27:25.032+0000][gc            ] GC(744) Pause Young (Normal) (G1 Evacuation Pause) 284M->229M(884M) 51.303ms
[2025-11-03T08:27:25.036+0000][gc,cpu        ] GC(744) User=0.06s Sys=0.00s Real=0.05s
[2025-11-03T08:27:25.117+0000][gc,start      ] GC(745) Pause Young (Concurrent Start) (G1 Humongous Allocation)
[2025-11-03T08:27:25.118+0000][gc,task       ] GC(745) Using 2 workers of 2 for evacuation
[2025-11-03T08:27:25.151+0000][gc,mmu        ] GC(745) MMU target violated: 21.0ms (20.0ms/21.0ms)
[2025-11-03T08:27:25.153+0000][gc,phases     ] GC(745)   Pre Evacuate Collection Set: 0.6ms
[2025-11-03T08:27:25.154+0000][gc,phases     ] GC(745)   Evacuate Collection Set: 22.8ms
[2025-11-03T08:27:25.155+0000][gc,phases     ] GC(745)   Post Evacuate Collection Set: 7.0ms
[2025-11-03T08:27:25.156+0000][gc,phases     ] GC(745)   Other: 5.6ms
[2025-11-03T08:27:25.161+0000][gc,heap       ] GC(745) Eden regions: 12->0(43)
[2025-11-03T08:27:25.162+0000][gc,heap       ] GC(745) Survivor regions: 1->1(6)
[2025-11-03T08:27:25.163+0000][gc,heap       ] GC(745) Old regions: 67->67
[2025-11-03T08:27:25.164+0000][gc,heap       ] GC(745) Humongous regions: 162->156
[2025-11-03T08:27:25.165+0000][gc,metaspace  ] GC(745) Metaspace: 54072K(57264K)->54072K(57264K) NonClass: 48135K(49840K)->48135K(49840K) Class: 5937K(7424K)->5937K(7424K)
[2025-11-03T08:27:25.166+0000][gc            ] GC(745) Pause Young (Concurrent Start) (G1 Humongous Allocation) 241M->223M(884M) 49.322ms
[2025-11-03T08:27:25.167+0000][gc,cpu        ] GC(745) User=0.05s Sys=0.00s Real=0.05s
[2025-11-03T08:27:25.173+0000][gc            ] GC(746) Concurrent Cycle
[2025-11-03T08:27:25.174+0000][gc,marking    ] GC(746) Concurrent Clear Claimed Marks
[2025-11-03T08:27:25.201+0000][gc,marking    ] GC(746) Concurrent Clear Claimed Marks 26.477ms
[2025-11-03T08:27:25.202+0000][gc,marking    ] GC(746) Concurrent Scan Root Regions
[2025-11-03T08:27:25.214+0000][gc,marking    ] GC(746) Concurrent Scan Root Regions 12.495ms
[2025-11-03T08:27:25.219+0000][gc,marking    ] GC(746) Concurrent Mark (31085.041s)
[2025-11-03T08:27:25.221+0000][gc,marking    ] GC(746) Concurrent Mark From Roots
[2025-11-03T08:27:25.227+0000][gc,task       ] GC(746) Using 1 workers of 1 for marking
[2025-11-03T10:38:17.449+0000][gc,marking    ] GC(746) Concurrent Mark From Roots 112010.339ms
[2025-11-03T10:38:17.453+0000][gc,marking    ] GC(746) Concurrent Preclean
[2025-11-03T10:38:17.457+0000][gc,marking    ] GC(746) Concurrent Preclean 4.656ms
[2025-11-03T10:38:17.458+0000][gc,marking    ] GC(746) Concurrent Mark (31085.041s, 31197.062s) 112020.968ms
[2025-11-03T10:38:17.460+0000][gc,start      ] GC(746) Pause Remark
[2025-11-03T10:38:17.685+0000][gc,stringtable] GC(746) Cleaned string and symbol table, strings: 17237 processed, 0 removed, symbols: 123865 processed, 0 removed
[2025-11-03T10:38:17.689+0000][gc,mmu        ] GC(746) MMU target violated: 21.0ms (20.0ms/21.0ms)
[2025-11-03T10:38:17.692+0000][gc            ] GC(746) Pause Remark 262M->262M(884M) 232.311ms
[2025-11-03T10:38:17.692+0000][gc,cpu        ] GC(746) User=0.38s Sys=0.00s Real=0.23s
[2025-11-03T10:38:17.693+0000][gc,marking    ] GC(746) Concurrent Rebuild Remembered Sets
[2025-11-03T10:38:17.855+0000][gc,marking    ] GC(746) Concurrent Rebuild Remembered Sets 162.502ms
[2025-11-03T10:38:17.857+0000][gc,start      ] GC(746) Pause Cleanup
[2025-11-03T10:38:17.858+0000][gc            ] GC(746) Pause Cleanup 266M->266M(884M) 1.407ms
[2025-11-03T10:38:17.859+0000][gc,cpu        ] GC(746) User=0.00s Sys=0.00s Real=0.00s
[2025-11-03T10:38:17.859+0000][gc,marking    ] GC(746) Concurrent Cleanup for Next Mark
[2025-11-03T10:38:17.955+0000][gc,marking    ] GC(746) Concurrent Cleanup for Next Mark 95.480ms
[2025-11-03T10:38:17.956+0000][gc            ] GC(746) Concurrent Cycle 112566.209ms
[2025-11-03T10:38:18.122+0000][gc,start      ] GC(747) Pause Young (Normal) (G1 Evacuation Pause)
[2025-11-03T10:38:18.122+0000][gc,task       ] GC(747) Using 2 workers of 2 for evacuation
[2025-11-03T10:38:18.151+0000][gc,mmu        ] GC(747) MMU target violated: 21.0ms (20.0ms/21.0ms)
[2025-11-03T10:38:18.151+0000][gc,phases     ] GC(747)   Pre Evacuate Collection Set: 0.6ms
[2025-11-03T10:38:18.151+0000][gc,phases     ] GC(747)   Evacuate Collection Set: 22.8ms
[2025-11-03T10:38:18.152+0000][gc,phases     ] GC(747)   Post Evacuate Collection Set: 2.0ms
[2025-11-03T10:38:18.152+0000][gc,phases     ] GC(747)   Other: 4.1ms
[2025-11-03T10:38:18.153+0000][gc,heap       ] GC(747) Eden regions: 43->0(42)
[2025-11-03T10:38:18.153+0000][gc,heap       ] GC(747) Survivor regions: 1->2(6)
[2025-11-03T10:38:18.153+0000][gc,heap       ] GC(747) Old regions: 67->67
[2025-11-03T10:38:18.154+0000][gc,heap       ] GC(747) Humongous regions: 162->156
[2025-11-03T10:38:18.154+0000][gc,metaspace  ] GC(747) Metaspace: 54076K(57264K)->54076K(57264K) NonClass: 48139K(49840K)->48139K(49840K) Class: 5937K(7424K)->5937K(7424K)
[2025-11-03T10:38:18.155+0000][gc            ] GC(747) Pause Young (Normal) (G1 Evacuation Pause) 272M->224M(884M) 33.417ms
[2025-11-03T10:38:18.155+0000][gc,cpu        ] GC(747) User=0.05s Sys=0.00s Real=0.04s
[2025-11-03T10:38:18.746+0000][gc,start      ] GC(748) Pause Young (Concurrent Start) (G1 Humongous Allocation)
[2025-11-03T10:38:18.746+0000][gc,task       ] GC(748) Using 2 workers of 2 for evacuation
[2025-11-03T10:38:18.761+0000][gc,phases     ] GC(748)   Pre Evacuate Collection Set: 2.3ms
[2025-11-03T10:38:18.761+0000][gc,phases     ] GC(748)   Evacuate Collection Set: 10.7ms
[2025-11-03T10:38:18.761+0000][gc,phases     ] GC(748)   Post Evacuate Collection Set: 1.4ms
[2025-11-03T10:38:18.762+0000][gc,phases     ] GC(748)   Other: 0.8ms
[2025-11-03T10:38:18.762+0000][gc,heap       ] GC(748) Eden regions: 14->0(41)
[2025-11-03T10:38:18.763+0000][gc,heap       ] GC(748) Survivor regions: 2->3(6)
[2025-11-03T10:38:18.763+0000][gc,heap       ] GC(748) Old regions: 67->67
[2025-11-03T10:38:18.763+0000][gc,heap       ] GC(748) Humongous regions: 156->156
[2025-11-03T10:38:18.763+0000][gc,metaspace  ] GC(748) Metaspace: 54076K(57264K)->54076K(57264K) NonClass: 48139K(49840K)->48139K(49840K) Class: 5937K(7424K)->5937K(7424K)
[2025-11-03T10:38:18.764+0000][gc            ] GC(748) Pause Young (Concurrent Start) (G1 Humongous Allocation) 237M->225M(884M) 18.210ms
[2025-11-03T10:38:18.764+0000][gc,cpu        ] GC(748) User=0.03s Sys=0.00s Real=0.02s
[2025-11-03T10:38:18.765+0000][gc            ] GC(749) Concurrent Cycle
[2025-11-03T10:38:18.765+0000][gc,marking    ] GC(749) Concurrent Clear Claimed Marks
[2025-11-03T10:38:18.766+0000][gc,marking    ] GC(749) Concurrent Clear Claimed Marks 0.687ms
[2025-11-03T10:38:18.767+0000][gc,marking    ] GC(749) Concurrent Scan Root Regions
[2025-11-03T10:38:18.771+0000][gc,marking    ] GC(749) Concurrent Scan Root Regions 4.659ms
[2025-11-03T10:38:18.772+0000][gc,marking    ] GC(749) Concurrent Mark (31198.375s)
[2025-11-03T10:38:18.772+0000][gc,marking    ] GC(749) Concurrent Mark From Roots
[2025-11-03T10:38:18.772+0000][gc,task       ] GC(749) Using 1 workers of 1 for marking
[2025-11-03T10:38:18.870+0000][gc,marking    ] GC(749) Concurrent Mark From Roots 98.429ms
[2025-11-03T10:38:18.871+0000][gc,marking    ] GC(749) Concurrent Preclean
[2025-11-03T10:38:18.871+0000][gc,marking    ] GC(749) Concurrent Preclean 0.612ms
[2025-11-03T10:38:18.872+0000][gc,marking    ] GC(749) Concurrent Mark (31198.375s, 31198.475s) 100.114ms
[2025-11-03T10:38:18.872+0000][gc,start      ] GC(749) Pause Remark
[2025-11-03T10:38:18.926+0000][gc,stringtable] GC(749) Cleaned string and symbol table, strings: 17237 processed, 0 removed, symbols: 123865 processed, 0 removed
[2025-11-03T10:38:18.928+0000][gc,mmu        ] GC(749) MMU target violated: 21.0ms (20.0ms/21.0ms)
[2025-11-03T10:38:18.928+0000][gc            ] GC(749) Pause Remark 251M->251M(884M) 55.639ms
[2025-11-03T10:38:18.928+0000][gc,cpu        ] GC(749) User=0.07s Sys=0.00s Real=0.06s
[2025-11-03T10:38:18.929+0000][gc,marking    ] GC(749) Concurrent Rebuild Remembered Sets
[2025-11-03T10:38:18.962+0000][gc,start      ] GC(750) Pause Young (Normal) (G1 Evacuation Pause)
[2025-11-03T10:38:18.962+0000][gc,task       ] GC(750) Using 2 workers of 2 for evacuation
[2025-11-03T10:38:18.976+0000][gc,phases     ] GC(750)   Pre Evacuate Collection Set: 0.0ms
[2025-11-03T10:38:18.976+0000][gc,phases     ] GC(750)   Evacuate Collection Set: 11.5ms
[2025-11-03T10:38:18.977+0000][gc,phases     ] GC(750)   Post Evacuate Collection Set: 1.5ms
[2025-11-03T10:38:18.977+0000][gc,phases     ] GC(750)   Other: 1.0ms
[2025-11-03T10:38:18.977+0000][gc,heap       ] GC(750) Eden regions: 41->0(41)
[2025-11-03T10:38:18.978+0000][gc,heap       ] GC(750) Survivor regions: 3->3(6)
[2025-11-03T10:38:18.978+0000][gc,heap       ] GC(750) Old regions: 67->67
[2025-11-03T10:38:18.978+0000][gc,heap       ] GC(750) Humongous regions: 168->162
[2025-11-03T10:38:18.979+0000][gc,metaspace  ] GC(750) Metaspace: 54076K(57264K)->54076K(57264K) NonClass: 48139K(49840K)->48139K(49840K) Class: 5937K(7424K)->5937K(7424K)
[2025-11-03T10:38:18.979+0000][gc            ] GC(750) Pause Young (Normal) (G1 Evacuation Pause) 278M->231M(884M) 17.115ms
[2025-11-03T10:38:18.979+0000][gc,cpu        ] GC(750) User=0.03s Sys=0.00s Real=0.02s
[2025-11-03T10:38:19.018+0000][gc,marking    ] GC(749) Concurrent Rebuild Remembered Sets 89.113ms
[2025-11-03T10:38:19.019+0000][gc,start      ] GC(749) Pause Cleanup
[2025-11-03T10:38:19.020+0000][gc            ] GC(749) Pause Cleanup 236M->236M(884M) 0.979ms
[2025-11-03T10:38:19.020+0000][gc,cpu        ] GC(749) User=0.00s Sys=0.00s Real=0.00s
[2025-11-03T10:38:19.021+0000][gc,marking    ] GC(749) Concurrent Cleanup for Next Mark
[2025-11-03T10:38:19.053+0000][gc,marking    ] GC(749) Concurrent Cleanup for Next Mark 32.180ms
[2025-11-03T10:38:19.053+0000][gc            ] GC(749) Concurrent Cycle 288.805ms
[2025-11-03T10:38:19.057+0000][gc,start      ] GC(751) Pause Young (Concurrent Start) (G1 Humongous Allocation)
[2025-11-03T10:38:19.058+0000][gc,task       ] GC(751) Using 2 workers of 2 for evacuation
[2025-11-03T10:38:19.070+0000][gc,phases     ] GC(751)   Pre Evacuate Collection Set: 0.2ms
[2025-11-03T10:38:19.070+0000][gc,phases     ] GC(751)   Evacuate Collection Set: 10.0ms
[2025-11-03T10:38:19.071+0000][gc,phases     ] GC(751)   Post Evacuate Collection Set: 1.2ms
[2025-11-03T10:38:19.071+0000][gc,phases     ] GC(751)   Other: 1.2ms
[2025-11-03T10:38:19.071+0000][gc,heap       ] GC(751) Eden regions: 27->0(41)
[2025-11-03T10:38:19.072+0000][gc,heap       ] GC(751) Survivor regions: 3->3(6)
[2025-11-03T10:38:19.072+0000][gc,heap       ] GC(751) Old regions: 67->67
[2025-11-03T10:38:19.072+0000][gc,heap       ] GC(751) Humongous regions: 168->156
[2025-11-03T10:38:19.073+0000][gc,metaspace  ] GC(751) Metaspace: 54076K(57264K)->54076K(57264K) NonClass: 48139K(49840K)->48139K(49840K) Class: 5937K(7424K)->5937K(7424K)
[2025-11-03T10:38:19.073+0000][gc            ] GC(751) Pause Young (Concurrent Start) (G1 Humongous Allocation) 263M->225M(884M) 15.546ms
[2025-11-03T10:38:19.073+0000][gc,cpu        ] GC(751) User=0.04s Sys=0.00s Real=0.01s
[2025-11-03T10:38:19.074+0000][gc            ] GC(752) Concurrent Cycle
[2025-11-03T10:38:19.074+0000][gc,marking    ] GC(752) Concurrent Clear Claimed Marks
[2025-11-03T10:38:19.075+0000][gc,marking    ] GC(752) Concurrent Clear Claimed Marks 0.663ms
[2025-11-03T10:38:19.075+0000][gc,marking    ] GC(752) Concurrent Scan Root Regions
[2025-11-03T10:38:19.080+0000][gc,marking    ] GC(752) Concurrent Scan Root Regions 4.416ms
[2025-11-03T10:38:19.080+0000][gc,marking    ] GC(752) Concurrent Mark (31198.684s)
[2025-11-03T10:38:19.080+0000][gc,marking    ] GC(752) Concurrent Mark From Roots
[2025-11-03T10:38:19.081+0000][gc,task       ] GC(752) Using 1 workers of 1 for marking
[2025-11-03T10:38:19.177+0000][gc,marking    ] GC(752) Concurrent Mark From Roots 96.220ms
[2025-11-03T10:38:19.177+0000][gc,marking    ] GC(752) Concurrent Preclean
[2025-11-03T10:38:19.177+0000][gc,marking    ] GC(752) Concurrent Preclean 0.589ms
[2025-11-03T10:38:19.178+0000][gc,marking    ] GC(752) Concurrent Mark (31198.684s, 31198.781s) 97.808ms
[2025-11-03T10:38:19.216+0000][gc,start      ] GC(752) Pause Remark
[2025-11-03T10:38:19.233+0000][gc,stringtable] GC(752) Cleaned string and symbol table, strings: 17237 processed, 0 removed, symbols: 123865 processed, 0 removed
[2025-11-03T10:38:19.234+0000][gc            ] GC(752) Pause Remark 264M->264M(884M) 18.351ms
[2025-11-03T10:38:19.234+0000][gc,cpu        ] GC(752) User=0.06s Sys=0.00s Real=0.02s
[2025-11-03T10:38:19.235+0000][gc,marking    ] GC(752) Concurrent Rebuild Remembered Sets
[2025-11-03T10:38:19.247+0000][gc,start      ] GC(753) Pause Young (Normal) (G1 Evacuation Pause)
[2025-11-03T10:38:19.247+0000][gc,task       ] GC(753) Using 2 workers of 2 for evacuation
[2025-11-03T10:38:19.260+0000][gc,phases     ] GC(753)   Pre Evacuate Collection Set: 0.0ms
[2025-11-03T10:38:19.260+0000][gc,phases     ] GC(753)   Evacuate Collection Set: 11.4ms
[2025-11-03T10:38:19.261+0000][gc,phases     ] GC(753)   Post Evacuate Collection Set: 1.2ms
[2025-11-03T10:38:19.261+0000][gc,phases     ] GC(753)   Other: 0.9ms
[2025-11-03T10:38:19.261+0000][gc,heap       ] GC(753) Eden regions: 41->0(41)
[2025-11-03T10:38:19.262+0000][gc,heap       ] GC(753) Survivor regions: 3->3(6)
[2025-11-03T10:38:19.262+0000][gc,heap       ] GC(753) Old regions: 67->67
[2025-11-03T10:38:19.263+0000][gc,heap       ] GC(753) Humongous regions: 162->162
[2025-11-03T10:38:19.263+0000][gc,metaspace  ] GC(753) Metaspace: 54076K(57264K)->54076K(57264K) NonClass: 48139K(49840K)->48139K(49840K) Class: 5937K(7424K)->5937K(7424K)
[2025-11-03T10:38:19.263+0000][gc            ] GC(753) Pause Young (Normal) (G1 Evacuation Pause) 272M->231M(884M) 16.698ms
[2025-11-03T10:38:19.264+0000][gc,cpu        ] GC(753) User=0.04s Sys=0.00s Real=0.01s
[2025-11-03T10:38:19.335+0000][gc,marking    ] GC(752) Concurrent Rebuild Remembered Sets 100.134ms
[2025-11-03T10:38:19.354+0000][gc,start      ] GC(752) Pause Cleanup
[2025-11-03T10:38:19.355+0000][gc            ] GC(752) Pause Cleanup 265M->265M(884M) 1.009ms
[2025-11-03T10:38:19.356+0000][gc,cpu        ] GC(752) User=0.00s Sys=0.00s Real=0.00s
[2025-11-03T10:38:19.356+0000][gc,marking    ] GC(752) Concurrent Cleanup for Next Mark
[2025-11-03T10:38:19.358+0000][gc,marking    ] GC(752) Concurrent Cleanup for Next Mark 2.145ms
[2025-11-03T10:38:19.359+0000][gc            ] GC(752) Concurrent Cycle 285.090ms
[2025-11-03T10:38:19.363+0000][gc,start      ] GC(754) Pause Young (Concurrent Start) (G1 Humongous Allocation)
[2025-11-03T10:38:19.363+0000][gc,task       ] GC(754) Using 2 workers of 2 for evacuation
[2025-11-03T10:38:19.374+0000][gc,phases     ] GC(754)   Pre Evacuate Collection Set: 0.3ms
[2025-11-03T10:38:19.375+0000][gc,phases     ] GC(754)   Evacuate Collection Set: 9.4ms
[2025-11-03T10:38:19.375+0000][gc,phases     ] GC(754)   Post Evacuate Collection Set: 1.1ms
[2025-11-03T10:38:19.375+0000][gc,phases     ] GC(754)   Other: 1.0ms
[2025-11-03T10:38:19.376+0000][gc,heap       ] GC(754) Eden regions: 25->0(41)
[2025-11-03T10:38:19.376+0000][gc,heap       ] GC(754) Survivor regions: 3->3(6)
[2025-11-03T10:38:19.376+0000][gc,heap       ] GC(754) Old regions: 67->67
[2025-11-03T10:38:19.377+0000][gc,heap       ] GC(754) Humongous regions: 174->156
[2025-11-03T10:38:19.377+0000][gc,metaspace  ] GC(754) Metaspace: 54076K(57264K)->54076K(57264K) NonClass: 48139K(49840K)->48139K(49840K) Class: 5937K(7424K)->5937K(7424K)
[2025-11-03T10:38:19.377+0000][gc            ] GC(754) Pause Young (Concurrent Start) (G1 Humongous Allocation) 267M->225M(884M) 14.799ms
[2025-11-03T10:38:19.378+0000][gc,cpu        ] GC(754) User=0.04s Sys=0.00s Real=0.02s
[2025-11-03T10:38:19.378+0000][gc            ] GC(755) Concurrent Cycle
[2025-11-03T10:38:19.379+0000][gc,marking    ] GC(755) Concurrent Clear Claimed Marks
[2025-11-03T10:38:19.379+0000][gc,marking    ] GC(755) Concurrent Clear Claimed Marks 0.537ms
[2025-11-03T10:38:19.379+0000][gc,marking    ] GC(755) Concurrent Scan Root Regions
[2025-11-03T10:38:19.384+0000][gc,marking    ] GC(755) Concurrent Scan Root Regions 4.447ms
[2025-11-03T10:38:19.385+0000][gc,marking    ] GC(755) Concurrent Mark (31198.988s)
[2025-11-03T10:38:19.385+0000][gc,marking    ] GC(755) Concurrent Mark From Roots
[2025-11-03T10:38:19.385+0000][gc,task       ] GC(755) Using 1 workers of 1 for marking
[2025-11-03T10:38:19.475+0000][gc,marking    ] GC(755) Concurrent Mark From Roots 89.809ms
[2025-11-03T10:38:19.475+0000][gc,marking    ] GC(755) Concurrent Preclean
[2025-11-03T10:38:19.476+0000][gc,marking    ] GC(755) Concurrent Preclean 0.563ms
[2025-11-03T10:38:19.476+0000][gc,marking    ] GC(755) Concurrent Mark (31198.988s, 31199.080s) 91.428ms
[2025-11-03T10:38:19.477+0000][gc,start      ] GC(755) Pause Remark
[2025-11-03T10:38:19.528+0000][gc,stringtable] GC(755) Cleaned string and symbol table, strings: 17237 processed, 0 removed, symbols: 123865 processed, 0 removed
[2025-11-03T10:38:19.529+0000][gc,mmu        ] GC(755) MMU target violated: 21.0ms (20.0ms/21.0ms)
[2025-11-03T10:38:19.530+0000][gc            ] GC(755) Pause Remark 266M->266M(884M) 52.689ms
[2025-11-03T10:38:19.530+0000][gc,cpu        ] GC(755) User=0.06s Sys=0.00s Real=0.05s
[2025-11-03T10:38:19.530+0000][gc,marking    ] GC(755) Concurrent Rebuild Remembered Sets
[2025-11-03T10:38:19.546+0000][gc,start      ] GC(756) Pause Young (Normal) (G1 Evacuation Pause)
[2025-11-03T10:38:19.546+0000][gc,task       ] GC(756) Using 2 workers of 2 for evacuation
[2025-11-03T10:38:19.558+0000][gc,phases     ] GC(756)   Pre Evacuate Collection Set: 0.0ms
[2025-11-03T10:38:19.558+0000][gc,phases     ] GC(756)   Evacuate Collection Set: 9.4ms
[2025-11-03T10:38:19.558+0000][gc,phases     ] GC(756)   Post Evacuate Collection Set: 1.2ms
[2025-11-03T10:38:19.559+0000][gc,phases     ] GC(756)   Other: 0.9ms
[2025-11-03T10:38:19.559+0000][gc,heap       ] GC(756) Eden regions: 41->0(41)
[2025-11-03T10:38:19.559+0000][gc,heap       ] GC(756) Survivor regions: 3->3(6)
[2025-11-03T10:38:19.560+0000][gc,heap       ] GC(756) Old regions: 67->67
[2025-11-03T10:38:19.560+0000][gc,heap       ] GC(756) Humongous regions: 168->162
[2025-11-03T10:38:19.560+0000][gc,metaspace  ] GC(756) Metaspace: 54076K(57264K)->54076K(57264K) NonClass: 48139K(49840K)->48139K(49840K) Class: 5937K(7424K)->5937K(7424K)
[2025-11-03T10:38:19.561+0000][gc            ] GC(756) Pause Young (Normal) (G1 Evacuation Pause) 278M->231M(884M) 14.672ms
[2025-11-03T10:38:19.561+0000][gc,cpu        ] GC(756) User=0.04s Sys=0.00s Real=0.01s
[2025-11-03T10:38:19.622+0000][gc,marking    ] GC(755) Concurrent Rebuild Remembered Sets 91.770ms
[2025-11-03T10:38:19.623+0000][gc,start      ] GC(755) Pause Cleanup
[2025-11-03T10:38:19.624+0000][gc            ] GC(755) Pause Cleanup 254M->254M(884M) 0.973ms
[2025-11-03T10:38:19.625+0000][gc,cpu        ] GC(755) User=0.00s Sys=0.00s Real=0.01s
[2025-11-03T10:38:19.625+0000][gc,marking    ] GC(755) Concurrent Cleanup for Next Mark
[2025-11-03T10:38:19.627+0000][gc,marking    ] GC(755) Concurrent Cleanup for Next Mark 1.911ms
[2025-11-03T10:38:19.627+0000][gc            ] GC(755) Concurrent Cycle 249.091ms
[2025-11-03T10:38:19.628+0000][gc,start      ] GC(757) Pause Young (Concurrent Start) (G1 Humongous Allocation)
[2025-11-03T10:38:19.629+0000][gc,task       ] GC(757) Using 2 workers of 2 for evacuation
[2025-11-03T10:38:19.640+0000][gc,phases     ] GC(757)   Pre Evacuate Collection Set: 0.3ms
[2025-11-03T10:38:19.640+0000][gc,phases     ] GC(757)   Evacuate Collection Set: 9.2ms
[2025-11-03T10:38:19.640+0000][gc,phases     ] GC(757)   Post Evacuate Collection Set: 1.2ms
[2025-11-03T10:38:19.641+0000][gc,phases     ] GC(757)   Other: 1.0ms
[2025-11-03T10:38:19.641+0000][gc,heap       ] GC(757) Eden regions: 25->0(41)
[2025-11-03T10:38:19.641+0000][gc,heap       ] GC(757) Survivor regions: 3->3(6)
[2025-11-03T10:38:19.642+0000][gc,heap       ] GC(757) Old regions: 67->67
[2025-11-03T10:38:19.642+0000][gc,heap       ] GC(757) Humongous regions: 162->156
[2025-11-03T10:38:19.643+0000][gc,metaspace  ] GC(757) Metaspace: 54076K(57264K)->54076K(57264K) NonClass: 48139K(49840K)->48139K(49840K) Class: 5937K(7424K)->5937K(7424K)
[2025-11-03T10:38:19.643+0000][gc            ] GC(757) Pause Young (Concurrent Start) (G1 Humongous Allocation) 256M->225M(884M) 14.991ms
[2025-11-03T10:38:19.644+0000][gc,cpu        ] GC(757) User=0.04s Sys=0.00s Real=0.01s
[2025-11-03T10:38:19.644+0000][gc            ] GC(758) Concurrent Cycle
[2025-11-03T10:38:19.644+0000][gc,marking    ] GC(758) Concurrent Clear Claimed Marks
[2025-11-03T10:38:19.645+0000][gc,marking    ] GC(758) Concurrent Clear Claimed Marks 0.813ms
[2025-11-03T10:38:19.646+0000][gc,marking    ] GC(758) Concurrent Scan Root Regions
[2025-11-03T10:38:19.650+0000][gc,marking    ] GC(758) Concurrent Scan Root Regions 4.478ms
[2025-11-03T10:38:19.651+0000][gc,marking    ] GC(758) Concurrent Mark (31199.254s)
[2025-11-03T10:38:19.651+0000][gc,marking    ] GC(758) Concurrent Mark From Roots
[2025-11-03T10:38:19.651+0000][gc,task       ] GC(758) Using 1 workers of 1 for marking
[2025-11-03T10:38:19.761+0000][gc,marking    ] GC(758) Concurrent Mark From Roots 110.018ms
[2025-11-03T10:38:19.761+0000][gc,marking    ] GC(758) Concurrent Preclean
[2025-11-03T10:38:19.762+0000][gc,marking    ] GC(758) Concurrent Preclean 0.779ms
[2025-11-03T10:38:19.763+0000][gc,marking    ] GC(758) Concurrent Mark (31199.254s, 31199.366s) 111.998ms
[2025-11-03T10:38:19.764+0000][gc,start      ] GC(758) Pause Remark
[2025-11-03T10:38:19.823+0000][gc,stringtable] GC(758) Cleaned string and symbol table, strings: 17237 processed, 0 removed, symbols: 123865 processed, 0 removed
[2025-11-03T10:38:19.824+0000][gc,mmu        ] GC(758) MMU target violated: 21.0ms (20.0ms/21.0ms)
[2025-11-03T10:38:19.824+0000][gc            ] GC(758) Pause Remark 264M->264M(884M) 60.456ms
[2025-11-03T10:38:19.824+0000][gc,cpu        ] GC(758) User=0.08s Sys=0.00s Real=0.06s
[2025-11-03T10:38:19.825+0000][gc,marking    ] GC(758) Concurrent Rebuild Remembered Sets
[2025-11-03T10:38:19.835+0000][gc,start      ] GC(759) Pause Young (Normal) (G1 Evacuation Pause)
[2025-11-03T10:38:19.836+0000][gc,task       ] GC(759) Using 2 workers of 2 for evacuation
[2025-11-03T10:38:19.847+0000][gc,phases     ] GC(759)   Pre Evacuate Collection Set: 0.0ms
[2025-11-03T10:38:19.847+0000][gc,phases     ] GC(759)   Evacuate Collection Set: 9.7ms
[2025-11-03T10:38:19.848+0000][gc,phases     ] GC(759)   Post Evacuate Collection Set: 1.1ms
[2025-11-03T10:38:19.848+0000][gc,phases     ] GC(759)   Other: 0.8ms
[2025-11-03T10:38:19.848+0000][gc,heap       ] GC(759) Eden regions: 41->0(41)
[2025-11-03T10:38:19.849+0000][gc,heap       ] GC(759) Survivor regions: 3->3(6)
[2025-11-03T10:38:19.849+0000][gc,heap       ] GC(759) Old regions: 67->67
[2025-11-03T10:38:19.849+0000][gc,heap       ] GC(759) Humongous regions: 162->162
[2025-11-03T10:38:19.849+0000][gc,metaspace  ] GC(759) Metaspace: 54076K(57264K)->54076K(57264K) NonClass: 48139K(49840K)->48139K(49840K) Class: 5937K(7424K)->5937K(7424K)
[2025-11-03T10:38:19.850+0000][gc            ] GC(759) Pause Young (Normal) (G1 Evacuation Pause) 272M->231M(884M) 14.252ms
[2025-11-03T10:38:19.850+0000][gc,cpu        ] GC(759) User=0.03s Sys=0.00s Real=0.01s
[2025-11-03T10:38:19.881+0000][gc,marking    ] GC(758) Concurrent Rebuild Remembered Sets 56.335ms
[2025-11-03T10:38:19.882+0000][gc,start      ] GC(758) Pause Cleanup
[2025-11-03T10:38:19.883+0000][gc            ] GC(758) Pause Cleanup 254M->254M(884M) 0.829ms
[2025-11-03T10:38:19.883+0000][gc,cpu        ] GC(758) User=0.00s Sys=0.00s Real=0.00s
[2025-11-03T10:38:19.884+0000][gc,marking    ] GC(758) Concurrent Cleanup for Next Mark
[2025-11-03T10:38:19.886+0000][gc,marking    ] GC(758) Concurrent Cleanup for Next Mark 1.982ms
[2025-11-03T10:38:19.886+0000][gc            ] GC(758) Concurrent Cycle 242.274ms
[2025-11-03T10:38:19.898+0000][gc,start      ] GC(760) Pause Young (Concurrent Start) (G1 Humongous Allocation)
[2025-11-03T10:38:19.898+0000][gc,task       ] GC(760) Using 2 workers of 2 for evacuation
[2025-11-03T10:38:19.910+0000][gc,phases     ] GC(760)   Pre Evacuate Collection Set: 0.3ms
[2025-11-03T10:38:19.910+0000][gc,phases     ] GC(760)   Evacuate Collection Set: 9.4ms
[2025-11-03T10:38:19.910+0000][gc,phases     ] GC(760)   Post Evacuate Collection Set: 1.2ms
[2025-11-03T10:38:19.911+0000][gc,phases     ] GC(760)   Other: 1.0ms
[2025-11-03T10:38:19.911+0000][gc,heap       ] GC(760) Eden regions: 35->0(41)
[2025-11-03T10:38:19.911+0000][gc,heap       ] GC(760) Survivor regions: 3->3(6)
[2025-11-03T10:38:19.912+0000][gc,heap       ] GC(760) Old regions: 67->67
[2025-11-03T10:38:19.912+0000][gc,heap       ] GC(760) Humongous regions: 162->156
[2025-11-03T10:38:19.912+0000][gc,metaspace  ] GC(760) Metaspace: 54076K(57264K)->54076K(57264K) NonClass: 48139K(49840K)->48139K(49840K) Class: 5937K(7424K)->5937K(7424K)
[2025-11-03T10:38:19.913+0000][gc            ] GC(760) Pause Young (Concurrent Start) (G1 Humongous Allocation) 265M->225M(884M) 15.115ms
[2025-11-03T10:38:19.913+0000][gc,cpu        ] GC(760) User=0.02s Sys=0.00s Real=0.01s
[2025-11-03T10:38:19.913+0000][gc            ] GC(761) Concurrent Cycle
[2025-11-03T10:38:19.914+0000][gc,marking    ] GC(761) Concurrent Clear Claimed Marks
[2025-11-03T10:38:19.914+0000][gc,marking    ] GC(761) Concurrent Clear Claimed Marks 0.405ms
[2025-11-03T10:38:19.914+0000][gc,marking    ] GC(761) Concurrent Scan Root Regions
[2025-11-03T10:38:19.919+0000][gc,marking    ] GC(761) Concurrent Scan Root Regions 4.298ms
[2025-11-03T10:38:19.919+0000][gc,marking    ] GC(761) Concurrent Mark (31199.523s)
[2025-11-03T10:38:19.919+0000][gc,marking    ] GC(761) Concurrent Mark From Roots
[2025-11-03T10:38:19.920+0000][gc,task       ] GC(761) Using 1 workers of 1 for marking
[2025-11-03T10:38:19.984+0000][gc,marking    ] GC(761) Concurrent Mark From Roots 64.989ms
[2025-11-03T10:38:19.985+0000][gc,marking    ] GC(761) Concurrent Preclean
[2025-11-03T10:38:19.985+0000][gc,marking    ] GC(761) Concurrent Preclean 0.535ms
[2025-11-03T10:38:19.986+0000][gc,marking    ] GC(761) Concurrent Mark (31199.523s, 31199.589s) 66.671ms
[2025-11-03T10:38:19.987+0000][gc,start      ] GC(761) Pause Remark
[2025-11-03T10:38:20.003+0000][gc,stringtable] GC(761) Cleaned string and symbol table, strings: 17237 processed, 0 removed, symbols: 123865 processed, 0 removed
[2025-11-03T10:38:20.005+0000][gc            ] GC(761) Pause Remark 279M->279M(884M) 17.989ms
[2025-11-03T10:38:20.005+0000][gc,cpu        ] GC(761) User=0.05s Sys=0.00s Real=0.02s
[2025-11-03T10:38:20.005+0000][gc,marking    ] GC(761) Concurrent Rebuild Remembered Sets
[2025-11-03T10:38:20.025+0000][gc,start      ] GC(762) Pause Young (Normal) (G1 Evacuation Pause)
[2025-11-03T10:38:20.025+0000][gc,task       ] GC(762) Using 2 workers of 2 for evacuation
[2025-11-03T10:38:20.037+0000][gc,phases     ] GC(762)   Pre Evacuate Collection Set: 0.0ms
[2025-11-03T10:38:20.037+0000][gc,phases     ] GC(762)   Evacuate Collection Set: 9.3ms
[2025-11-03T10:38:20.037+0000][gc,phases     ] GC(762)   Post Evacuate Collection Set: 1.3ms
[2025-11-03T10:38:20.038+0000][gc,phases     ] GC(762)   Other: 1.0ms
[2025-11-03T10:38:20.038+0000][gc,heap       ] GC(762) Eden regions: 41->0(41)
[2025-11-03T10:38:20.038+0000][gc,heap       ] GC(762) Survivor regions: 3->3(6)
[2025-11-03T10:38:20.039+0000][gc,heap       ] GC(762) Old regions: 67->67
[2025-11-03T10:38:20.039+0000][gc,heap       ] GC(762) Humongous regions: 174->162
[2025-11-03T10:38:20.039+0000][gc,metaspace  ] GC(762) Metaspace: 54076K(57264K)->54076K(57264K) NonClass: 48139K(49840K)->48139K(49840K) Class: 5937K(7424K)->5937K(7424K)
[2025-11-03T10:38:20.040+0000][gc            ] GC(762) Pause Young (Normal) (G1 Evacuation Pause) 284M->231M(884M) 14.615ms
[2025-11-03T10:38:20.040+0000][gc,cpu        ] GC(762) User=0.03s Sys=0.00s Real=0.01s
[2025-11-03T10:38:20.068+0000][gc,marking    ] GC(761) Concurrent Rebuild Remembered Sets 62.929ms
[2025-11-03T10:38:20.069+0000][gc,start      ] GC(761) Pause Cleanup
[2025-11-03T10:38:20.070+0000][gc            ] GC(761) Pause Cleanup 258M->258M(884M) 0.852ms
[2025-11-03T10:38:20.070+0000][gc,cpu        ] GC(761) User=0.00s Sys=0.00s Real=0.00s
[2025-11-03T10:38:20.071+0000][gc,marking    ] GC(761) Concurrent Cleanup for Next Mark
[2025-11-03T10:38:20.073+0000][gc,marking    ] GC(761) Concurrent Cleanup for Next Mark 1.924ms
[2025-11-03T10:38:20.073+0000][gc            ] GC(761) Concurrent Cycle 159.995ms
[2025-11-03T10:38:20.075+0000][gc,start      ] GC(763) Pause Young (Concurrent Start) (G1 Humongous Allocation)
[2025-11-03T10:38:20.076+0000][gc,task       ] GC(763) Using 2 workers of 2 for evacuation
[2025-11-03T10:38:20.087+0000][gc,phases     ] GC(763)   Pre Evacuate Collection Set: 0.2ms
[2025-11-03T10:38:20.087+0000][gc,phases     ] GC(763)   Evacuate Collection Set: 9.4ms
[2025-11-03T10:38:20.088+0000][gc,phases     ] GC(763)   Post Evacuate Collection Set: 1.0ms
[2025-11-03T10:38:20.088+0000][gc,phases     ] GC(763)   Other: 0.9ms
[2025-11-03T10:38:20.088+0000][gc,heap       ] GC(763) Eden regions: 30->0(41)
[2025-11-03T10:38:20.089+0000][gc,heap       ] GC(763) Survivor regions: 3->3(6)
[2025-11-03T10:38:20.089+0000][gc,heap       ] GC(763) Old regions: 67->67
[2025-11-03T10:38:20.089+0000][gc,heap       ] GC(763) Humongous regions: 162->156
[2025-11-03T10:38:20.089+0000][gc,metaspace  ] GC(763) Metaspace: 54076K(57264K)->54076K(57264K) NonClass: 48139K(49840K)->48139K(49840K) Class: 5937K(7424K)->5937K(7424K)
[2025-11-03T10:38:20.090+0000][gc            ] GC(763) Pause Young (Concurrent Start) (G1 Humongous Allocation) 261M->225M(884M) 14.268ms
[2025-11-03T10:38:20.090+0000][gc,cpu        ] GC(763) User=0.02s Sys=0.00s Real=0.01s
[2025-11-03T10:38:20.090+0000][gc            ] GC(764) Concurrent Cycle
[2025-11-03T10:38:20.091+0000][gc,marking    ] GC(764) Concurrent Clear Claimed Marks
[2025-11-03T10:38:20.091+0000][gc,marking    ] GC(764) Concurrent Clear Claimed Marks 0.554ms
[2025-11-03T10:38:20.092+0000][gc,marking    ] GC(764) Concurrent Scan Root Regions
[2025-11-03T10:38:20.096+0000][gc,marking    ] GC(764) Concurrent Scan Root Regions 4.678ms
[2025-11-03T10:38:20.097+0000][gc,marking    ] GC(764) Concurrent Mark (31199.700s)
[2025-11-03T10:38:20.097+0000][gc,marking    ] GC(764) Concurrent Mark From Roots
[2025-11-03T10:38:20.098+0000][gc,task       ] GC(764) Using 1 workers of 1 for marking
[2025-11-03T10:38:20.163+0000][gc,marking    ] GC(764) Concurrent Mark From Roots 66.092ms
[2025-11-03T10:38:20.164+0000][gc,marking    ] GC(764) Concurrent Preclean
[2025-11-03T10:38:20.164+0000][gc,marking    ] GC(764) Concurrent Preclean 0.569ms
[2025-11-03T10:38:20.165+0000][gc,marking    ] GC(764) Concurrent Mark (31199.700s, 31199.768s) 67.793ms
[2025-11-03T10:38:20.166+0000][gc,start      ] GC(764) Pause Remark
[2025-11-03T10:38:20.181+0000][gc,stringtable] GC(764) Cleaned string and symbol table, strings: 17237 processed, 3 removed, symbols: 123865 processed, 0 removed
[2025-11-03T10:38:20.183+0000][gc            ] GC(764) Pause Remark 266M->266M(884M) 16.940ms
[2025-11-03T10:38:20.183+0000][gc,cpu        ] GC(764) User=0.03s Sys=0.00s Real=0.01s
[2025-11-03T10:38:20.183+0000][gc,marking    ] GC(764) Concurrent Rebuild Remembered Sets
[2025-11-03T10:38:20.197+0000][gc,start      ] GC(765) Pause Young (Normal) (G1 Evacuation Pause)
[2025-11-03T10:38:20.197+0000][gc,task       ] GC(765) Using 2 workers of 2 for evacuation
[2025-11-03T10:38:20.209+0000][gc,phases     ] GC(765)   Pre Evacuate Collection Set: 0.0ms
[2025-11-03T10:38:20.209+0000][gc,phases     ] GC(765)   Evacuate Collection Set: 9.7ms
[2025-11-03T10:38:20.209+0000][gc,phases     ] GC(765)   Post Evacuate Collection Set: 1.2ms
[2025-11-03T10:38:20.210+0000][gc,phases     ] GC(765)   Other: 1.0ms
[2025-11-03T10:38:20.210+0000][gc,heap       ] GC(765) Eden regions: 41->0(41)
[2025-11-03T10:38:20.210+0000][gc,heap       ] GC(765) Survivor regions: 3->3(6)
[2025-11-03T10:38:20.211+0000][gc,heap       ] GC(765) Old regions: 67->67
[2025-11-03T10:38:20.211+0000][gc,heap       ] GC(765) Humongous regions: 168->162
[2025-11-03T10:38:20.211+0000][gc,metaspace  ] GC(765) Metaspace: 54076K(57264K)->54076K(57264K) NonClass: 48139K(49840K)->48139K(49840K) Class: 5937K(7424K)->5937K(7424K)
[2025-11-03T10:38:20.212+0000][gc            ] GC(765) Pause Young (Normal) (G1 Evacuation Pause) 278M->231M(884M) 15.141ms
[2025-11-03T10:38:20.212+0000][gc,cpu        ] GC(765) User=0.02s Sys=0.00s Real=0.01s
[2025-11-03T10:38:20.242+0000][gc,marking    ] GC(764) Concurrent Rebuild Remembered Sets 59.037ms
[2025-11-03T10:38:20.243+0000][gc,start      ] GC(764) Pause Cleanup
[2025-11-03T10:38:20.244+0000][gc            ] GC(764) Pause Cleanup 245M->245M(884M) 0.913ms
[2025-11-03T10:38:20.244+0000][gc,cpu        ] GC(764) User=0.00s Sys=0.00s Real=0.01s
[2025-11-03T10:38:20.245+0000][gc,marking    ] GC(764) Concurrent Cleanup for Next Mark
[2025-11-03T10:38:20.247+0000][gc,marking    ] GC(764) Concurrent Cleanup for Next Mark 2.238ms
[2025-11-03T10:38:20.248+0000][gc            ] GC(764) Concurrent Cycle 157.217ms
[2025-11-03T10:38:20.285+0000][gc,start      ] GC(766) Pause Young (Normal) (G1 Evacuation Pause)
[2025-11-03T10:38:20.286+0000][gc,task       ] GC(766) Using 2 workers of 2 for evacuation
[2025-11-03T10:38:20.297+0000][gc,phases     ] GC(766)   Pre Evacuate Collection Set: 0.0ms
[2025-11-03T10:38:20.297+0000][gc,phases     ] GC(766)   Evacuate Collection Set: 9.1ms
[2025-11-03T10:38:20.298+0000][gc,phases     ] GC(766)   Post Evacuate Collection Set: 1.2ms
[2025-11-03T10:38:20.298+0000][gc,phases     ] GC(766)   Other: 1.0ms
[2025-11-03T10:38:20.298+0000][gc,heap       ] GC(766) Eden regions: 41->0(41)
[2025-11-03T10:38:20.299+0000][gc,heap       ] GC(766) Survivor regions: 3->3(6)
[2025-11-03T10:38:20.299+0000][gc,heap       ] GC(766) Old regions: 67->67
[2025-11-03T10:38:20.299+0000][gc,heap       ] GC(766) Humongous regions: 168->162
[2025-11-03T10:38:20.300+0000][gc,metaspace  ] GC(766) Metaspace: 54076K(57264K)->54076K(57264K) NonClass: 48139K(49840K)->48139K(49840K) Class: 5937K(7424K)->5937K(7424K)
[2025-11-03T10:38:20.300+0000][gc            ] GC(766) Pause Young (Normal) (G1 Evacuation Pause) 278M->231M(884M) 14.747ms
[2025-11-03T10:38:20.300+0000][gc,cpu        ] GC(766) User=0.02s Sys=0.00s Real=0.01s
[2025-11-03T10:38:20.303+0000][gc,start      ] GC(767) Pause Young (Concurrent Start) (G1 Humongous Allocation)
[2025-11-03T10:38:20.304+0000][gc,task       ] GC(767) Using 2 workers of 2 for evacuation
[2025-11-03T10:38:20.314+0000][gc,phases     ] GC(767)   Pre Evacuate Collection Set: 0.2ms
[2025-11-03T10:38:20.314+0000][gc,phases     ] GC(767)   Evacuate Collection Set: 8.4ms
[2025-11-03T10:38:20.315+0000][gc,phases     ] GC(767)   Post Evacuate Collection Set: 1.1ms
[2025-11-03T10:38:20.315+0000][gc,phases     ] GC(767)   Other: 0.9ms
[2025-11-03T10:38:20.315+0000][gc,heap       ] GC(767) Eden regions: 1->0(41)
[2025-11-03T10:38:20.316+0000][gc,heap       ] GC(767) Survivor regions: 3->3(6)
[2025-11-03T10:38:20.316+0000][gc,heap       ] GC(767) Old regions: 67->67
[2025-11-03T10:38:20.316+0000][gc,heap       ] GC(767) Humongous regions: 162->156
[2025-11-03T10:38:20.317+0000][gc,metaspace  ] GC(767) Metaspace: 54076K(57264K)->54076K(57264K) NonClass: 48139K(49840K)->48139K(49840K) Class: 5937K(7424K)->5937K(7424K)
[2025-11-03T10:38:20.317+0000][gc            ] GC(767) Pause Young (Concurrent Start) (G1 Humongous Allocation) 232M->225M(884M) 13.627ms
[2025-11-03T10:38:20.317+0000][gc,cpu        ] GC(767) User=0.01s Sys=0.00s Real=0.02s
[2025-11-03T10:38:20.318+0000][gc            ] GC(768) Concurrent Cycle
[2025-11-03T10:38:20.318+0000][gc,marking    ] GC(768) Concurrent Clear Claimed Marks
[2025-11-03T10:38:20.319+0000][gc,marking    ] GC(768) Concurrent Clear Claimed Marks 0.478ms
[2025-11-03T10:38:20.319+0000][gc,marking    ] GC(768) Concurrent Scan Root Regions
[2025-11-03T10:38:20.324+0000][gc,marking    ] GC(768) Concurrent Scan Root Regions 4.656ms
[2025-11-03T10:38:20.324+0000][gc,marking    ] GC(768) Concurrent Mark (31199.928s)
[2025-11-03T10:38:20.324+0000][gc,marking    ] GC(768) Concurrent Mark From Roots
[2025-11-03T10:38:20.325+0000][gc,task       ] GC(768) Using 1 workers of 1 for marking
[2025-11-03T10:38:20.392+0000][gc,marking    ] GC(768) Concurrent Mark From Roots 67.185ms
[2025-11-03T10:38:20.392+0000][gc,marking    ] GC(768) Concurrent Preclean
[2025-11-03T10:38:20.393+0000][gc,marking    ] GC(768) Concurrent Preclean 0.566ms
[2025-11-03T10:38:20.393+0000][gc,marking    ] GC(768) Concurrent Mark (31199.928s, 31199.997s) 69.169ms
[2025-11-03T10:38:20.394+0000][gc,start      ] GC(768) Pause Remark
[2025-11-03T10:38:20.410+0000][gc,stringtable] GC(768) Cleaned string and symbol table, strings: 17234 processed, 0 removed, symbols: 123865 processed, 0 removed
[2025-11-03T10:38:20.412+0000][gc            ] GC(768) Pause Remark 267M->267M(884M) 17.369ms
[2025-11-03T10:38:20.412+0000][gc,cpu        ] GC(768) User=0.03s Sys=0.00s Real=0.01s
[2025-11-03T10:38:20.412+0000][gc,marking    ] GC(768) Concurrent Rebuild Remembered Sets
[2025-11-03T10:38:20.447+0000][gc,start      ] GC(769) Pause Young (Normal) (G1 Evacuation Pause)
[2025-11-03T10:38:20.447+0000][gc,task       ] GC(769) Using 2 workers of 2 for evacuation
[2025-11-03T10:38:20.464+0000][gc,phases     ] GC(769)   Pre Evacuate Collection Set: 0.0ms
[2025-11-03T10:38:20.464+0000][gc,phases     ] GC(769)   Evacuate Collection Set: 14.0ms
[2025-11-03T10:38:20.464+0000][gc,phases     ] GC(769)   Post Evacuate Collection Set: 1.6ms
[2025-11-03T10:38:20.465+0000][gc,phases     ] GC(769)   Other: 1.2ms
[2025-11-03T10:38:20.465+0000][gc,heap       ] GC(769) Eden regions: 41->0(42)
[2025-11-03T10:38:20.466+0000][gc,heap       ] GC(769) Survivor regions: 3->2(6)
[2025-11-03T10:38:20.466+0000][gc,heap       ] GC(769) Old regions: 67->69
[2025-11-03T10:38:20.466+0000][gc,heap       ] GC(769) Humongous regions: 180->162
[2025-11-03T10:38:20.466+0000][gc,metaspace  ] GC(769) Metaspace: 54076K(57264K)->54076K(57264K) NonClass: 48139K(49840K)->48139K(49840K) Class: 5937K(7424K)->5937K(7424K)
[2025-11-03T10:38:20.467+0000][gc            ] GC(769) Pause Young (Normal) (G1 Evacuation Pause) 290M->231M(890M) 19.782ms
[2025-11-03T10:38:20.467+0000][gc,cpu        ] GC(769) User=0.04s Sys=0.00s Real=0.02s
[2025-11-03T10:38:20.474+0000][gc,marking    ] GC(768) Concurrent Rebuild Remembered Sets 61.427ms
[2025-11-03T10:38:20.475+0000][gc,start      ] GC(768) Pause Cleanup
[2025-11-03T10:38:20.476+0000][gc            ] GC(768) Pause Cleanup 235M->235M(890M) 0.833ms
[2025-11-03T10:38:20.476+0000][gc,cpu        ] GC(768) User=0.00s Sys=0.00s Real=0.00s
[2025-11-03T10:38:20.477+0000][gc,marking    ] GC(768) Concurrent Cleanup for Next Mark
[2025-11-03T10:38:20.479+0000][gc,marking    ] GC(768) Concurrent Cleanup for Next Mark 1.979ms
[2025-11-03T10:38:20.479+0000][gc            ] GC(768) Concurrent Cycle 161.081ms
[2025-11-03T10:38:20.543+0000][gc,start      ] GC(770) Pause Young (Prepare Mixed) (G1 Evacuation Pause)
[2025-11-03T10:38:20.544+0000][gc,task       ] GC(770) Using 2 workers of 2 for evacuation
[2025-11-03T10:38:20.553+0000][gc,phases     ] GC(770)   Pre Evacuate Collection Set: 0.0ms
[2025-11-03T10:38:20.554+0000][gc,phases     ] GC(770)   Evacuate Collection Set: 7.8ms
[2025-11-03T10:38:20.554+0000][gc,phases     ] GC(770)   Post Evacuate Collection Set: 1.2ms
[2025-11-03T10:38:20.554+0000][gc,phases     ] GC(770)   Other: 1.0ms
[2025-11-03T10:38:20.555+0000][gc,heap       ] GC(770) Eden regions: 42->0(43)
[2025-11-03T10:38:20.555+0000][gc,heap       ] GC(770) Survivor regions: 2->1(6)
[2025-11-03T10:38:20.555+0000][gc,heap       ] GC(770) Old regions: 69->70
[2025-11-03T10:38:20.555+0000][gc,heap       ] GC(770) Humongous regions: 168->162
[2025-11-03T10:38:20.556+0000][gc,metaspace  ] GC(770) Metaspace: 54076K(57264K)->54076K(57264K) NonClass: 48139K(49840K)->48139K(49840K) Class: 5937K(7424K)->5937K(7424K)
[2025-11-03T10:38:20.556+0000][gc            ] GC(770) Pause Young (Prepare Mixed) (G1 Evacuation Pause) 279M->232M(890M) 12.938ms
[2025-11-03T10:38:20.556+0000][gc,cpu        ] GC(770) User=0.02s Sys=0.00s Real=0.02s
[2025-11-03T10:38:20.630+0000][gc,start      ] GC(771) Pause Young (Mixed) (G1 Evacuation Pause)
[2025-11-03T10:38:20.631+0000][gc,task       ] GC(771) Using 2 workers of 2 for evacuation
[2025-11-03T10:38:20.638+0000][gc,phases     ] GC(771)   Pre Evacuate Collection Set: 0.0ms
[2025-11-03T10:38:20.638+0000][gc,phases     ] GC(771)   Evacuate Collection Set: 4.8ms
[2025-11-03T10:38:20.639+0000][gc,phases     ] GC(771)   Post Evacuate Collection Set: 1.6ms
[2025-11-03T10:38:20.639+0000][gc,phases     ] GC(771)   Other: 1.0ms
[2025-11-03T10:38:20.640+0000][gc,heap       ] GC(771) Eden regions: 43->0(43)
[2025-11-03T10:38:20.640+0000][gc,heap       ] GC(771) Survivor regions: 1->1(6)
[2025-11-03T10:38:20.640+0000][gc,heap       ] GC(771) Old regions: 70->69
[2025-11-03T10:38:20.640+0000][gc,heap       ] GC(771) Humongous regions: 168->162
[2025-11-03T10:38:20.641+0000][gc,metaspace  ] GC(771) Metaspace: 54076K(57264K)->54076K(57264K) NonClass: 48139K(49840K)->48139K(49840K) Class: 5937K(7424K)->5937K(7424K)
[2025-11-03T10:38:20.641+0000][gc            ] GC(771) Pause Young (Mixed) (G1 Evacuation Pause) 281M->230M(890M) 10.626ms
[2025-11-03T10:38:20.641+0000][gc,cpu        ] GC(771) User=0.01s Sys=0.00s Real=0.01s
[2025-11-03T10:38:20.689+0000][gc,start      ] GC(772) Pause Young (Concurrent Start) (G1 Humongous Allocation)
[2025-11-03T10:38:20.689+0000][gc,task       ] GC(772) Using 2 workers of 2 for evacuation
[2025-11-03T10:38:20.694+0000][gc,phases     ] GC(772)   Pre Evacuate Collection Set: 0.3ms
[2025-11-03T10:38:20.695+0000][gc,phases     ] GC(772)   Evacuate Collection Set: 3.2ms
[2025-11-03T10:38:20.695+0000][gc,phases     ] GC(772)   Post Evacuate Collection Set: 1.1ms
[2025-11-03T10:38:20.695+0000][gc,phases     ] GC(772)   Other: 0.9ms
[2025-11-03T10:38:20.696+0000][gc,heap       ] GC(772) Eden regions: 27->0(43)
[2025-11-03T10:38:20.696+0000][gc,heap       ] GC(772) Survivor regions: 1->1(6)
[2025-11-03T10:38:20.696+0000][gc,heap       ] GC(772) Old regions: 69->69
[2025-11-03T10:38:20.697+0000][gc,heap       ] GC(772) Humongous regions: 162->156
[2025-11-03T10:38:20.697+0000][gc,metaspace  ] GC(772) Metaspace: 54076K(57264K)->54076K(57264K) NonClass: 48139K(49840K)->48139K(49840K) Class: 5937K(7424K)->5937K(7424K)
[2025-11-03T10:38:20.697+0000][gc            ] GC(772) Pause Young (Concurrent Start) (G1 Humongous Allocation) 257M->225M(890M) 8.425ms
[2025-11-03T10:38:20.697+0000][gc,cpu        ] GC(772) User=0.01s Sys=0.00s Real=0.01s
[2025-11-03T10:38:20.698+0000][gc            ] GC(773) Concurrent Cycle
[2025-11-03T10:38:20.698+0000][gc,marking    ] GC(773) Concurrent Clear Claimed Marks
[2025-11-03T10:38:20.699+0000][gc,marking    ] GC(773) Concurrent Clear Claimed Marks 0.495ms
[2025-11-03T10:38:20.699+0000][gc,marking    ] GC(773) Concurrent Scan Root Regions
[2025-11-03T10:38:20.701+0000][gc,marking    ] GC(773) Concurrent Scan Root Regions 1.335ms
[2025-11-03T10:38:20.701+0000][gc,marking    ] GC(773) Concurrent Mark (31200.305s)
[2025-11-03T10:38:20.701+0000][gc,marking    ] GC(773) Concurrent Mark From Roots
[2025-11-03T10:38:20.702+0000][gc,task       ] GC(773) Using 1 workers of 1 for marking
[2025-11-03T10:38:20.769+0000][gc,marking    ] GC(773) Concurrent Mark From Roots 68.251ms
[2025-11-03T10:38:20.770+0000][gc,marking    ] GC(773) Concurrent Preclean
[2025-11-03T10:38:20.770+0000][gc,marking    ] GC(773) Concurrent Preclean 0.528ms
[2025-11-03T10:38:20.771+0000][gc,marking    ] GC(773) Concurrent Mark (31200.305s, 31200.374s) 69.837ms
[2025-11-03T10:38:20.772+0000][gc,start      ] GC(773) Pause Remark
[2025-11-03T10:38:20.788+0000][gc,stringtable] GC(773) Cleaned string and symbol table, strings: 17234 processed, 0 removed, symbols: 123865 processed, 0 removed
[2025-11-03T10:38:20.789+0000][gc            ] GC(773) Pause Remark 263M->263M(890M) 17.224ms
[2025-11-03T10:38:20.789+0000][gc,cpu        ] GC(773) User=0.04s Sys=0.00s Real=0.02s
[2025-11-03T10:38:20.790+0000][gc,marking    ] GC(773) Concurrent Rebuild Remembered Sets
[2025-11-03T10:38:20.809+0000][gc,start      ] GC(774) Pause Young (Normal) (G1 Evacuation Pause)
[2025-11-03T10:38:20.809+0000][gc,task       ] GC(774) Using 2 workers of 2 for evacuation
[2025-11-03T10:38:20.814+0000][gc,phases     ] GC(774)   Pre Evacuate Collection Set: 0.0ms
[2025-11-03T10:38:20.815+0000][gc,phases     ] GC(774)   Evacuate Collection Set: 3.6ms
[2025-11-03T10:38:20.815+0000][gc,phases     ] GC(774)   Post Evacuate Collection Set: 1.0ms
[2025-11-03T10:38:20.816+0000][gc,phases     ] GC(774)   Other: 1.0ms
[2025-11-03T10:38:20.816+0000][gc,heap       ] GC(774) Eden regions: 43->0(43)
[2025-11-03T10:38:20.817+0000][gc,heap       ] GC(774) Survivor regions: 1->1(6)
[2025-11-03T10:38:20.817+0000][gc,heap       ] GC(774) Old regions: 69->69
[2025-11-03T10:38:20.817+0000][gc,heap       ] GC(774) Humongous regions: 168->162
[2025-11-03T10:38:20.818+0000][gc,metaspace  ] GC(774) Metaspace: 54076K(57264K)->54076K(57264K) NonClass: 48139K(49840K)->48139K(49840K) Class: 5937K(7424K)->5937K(7424K)
[2025-11-03T10:38:20.818+0000][gc            ] GC(774) Pause Young (Normal) (G1 Evacuation Pause) 280M->231M(890M) 9.050ms
[2025-11-03T10:38:20.818+0000][gc,cpu        ] GC(774) User=0.00s Sys=0.00s Real=0.01s
[2025-11-03T10:38:20.843+0000][gc,marking    ] GC(773) Concurrent Rebuild Remembered Sets 52.964ms
[2025-11-03T10:38:20.844+0000][gc,start      ] GC(773) Pause Cleanup
[2025-11-03T10:38:20.845+0000][gc            ] GC(773) Pause Cleanup 247M->247M(890M) 0.864ms
[2025-11-03T10:38:20.845+0000][gc,cpu        ] GC(773) User=0.01s Sys=0.00s Real=0.00s
[2025-11-03T10:38:20.845+0000][gc,marking    ] GC(773) Concurrent Cleanup for Next Mark
[2025-11-03T10:38:20.847+0000][gc,marking    ] GC(773) Concurrent Cleanup for Next Mark 2.089ms
[2025-11-03T10:38:20.848+0000][gc            ] GC(773) Concurrent Cycle 149.804ms
[2025-11-03T10:38:20.917+0000][gc,start      ] GC(775) Pause Young (Prepare Mixed) (G1 Evacuation Pause)
[2025-11-03T10:38:20.917+0000][gc,task       ] GC(775) Using 2 workers of 2 for evacuation
[2025-11-03T10:38:20.922+0000][gc,phases     ] GC(775)   Pre Evacuate Collection Set: 0.0ms
[2025-11-03T10:38:20.922+0000][gc,phases     ] GC(775)   Evacuate Collection Set: 3.2ms
[2025-11-03T10:38:20.923+0000][gc,phases     ] GC(775)   Post Evacuate Collection Set: 1.2ms
[2025-11-03T10:38:20.923+0000][gc,phases     ] GC(775)   Other: 0.9ms
[2025-11-03T10:38:20.924+0000][gc,heap       ] GC(775) Eden regions: 43->0(43)
[2025-11-03T10:38:20.924+0000][gc,heap       ] GC(775) Survivor regions: 1->1(6)
[2025-11-03T10:38:20.924+0000][gc,heap       ] GC(775) Old regions: 69->69
[2025-11-03T10:38:20.925+0000][gc,heap       ] GC(775) Humongous regions: 180->162
[2025-11-03T10:38:20.925+0000][gc,metaspace  ] GC(775) Metaspace: 54076K(57264K)->54076K(57264K) NonClass: 48139K(49840K)->48139K(49840K) Class: 5937K(7424K)->5937K(7424K)
[2025-11-03T10:38:20.925+0000][gc            ] GC(775) Pause Young (Prepare Mixed) (G1 Evacuation Pause) 292M->231M(890M) 8.445ms
[2025-11-03T10:38:20.926+0000][gc,cpu        ] GC(775) User=0.01s Sys=0.00s Real=0.01s
[2025-11-03T10:38:20.999+0000][gc,start      ] GC(776) Pause Young (Mixed) (G1 Evacuation Pause)
[2025-11-03T10:38:21.000+0000][gc,task       ] GC(776) Using 2 workers of 2 for evacuation
[2025-11-03T10:38:21.006+0000][gc,phases     ] GC(776)   Pre Evacuate Collection Set: 0.0ms
[2025-11-03T10:38:21.006+0000][gc,phases     ] GC(776)   Evacuate Collection Set: 4.3ms
[2025-11-03T10:38:21.007+0000][gc,phases     ] GC(776)   Post Evacuate Collection Set: 1.2ms
[2025-11-03T10:38:21.007+0000][gc,phases     ] GC(776)   Other: 1.3ms
[2025-11-03T10:38:21.008+0000][gc,heap       ] GC(776) Eden regions: 43->0(43)
[2025-11-03T10:38:21.008+0000][gc,heap       ] GC(776) Survivor regions: 1->1(6)
[2025-11-03T10:38:21.008+0000][gc,heap       ] GC(776) Old regions: 69->67
[2025-11-03T10:38:21.009+0000][gc,heap       ] GC(776) Humongous regions: 174->162
[2025-11-03T10:38:21.009+0000][gc,metaspace  ] GC(776) Metaspace: 54076K(57264K)->54076K(57264K) NonClass: 48139K(49840K)->48139K(49840K) Class: 5937K(7424K)->5937K(7424K)
[2025-11-03T10:38:21.009+0000][gc            ] GC(776) Pause Young (Mixed) (G1 Evacuation Pause) 286M->229M(890M) 10.121ms
[2025-11-03T10:38:21.010+0000][gc,cpu        ] GC(776) User=0.01s Sys=0.00s Real=0.01s
[2025-11-03T10:38:21.027+0000][gc,start      ] GC(777) Pause Young (Concurrent Start) (G1 Humongous Allocation)
[2025-11-03T10:38:21.027+0000][gc,task       ] GC(777) Using 2 workers of 2 for evacuation
[2025-11-03T10:38:21.033+0000][gc,phases     ] GC(777)   Pre Evacuate Collection Set: 0.3ms
[2025-11-03T10:38:21.033+0000][gc,phases     ] GC(777)   Evacuate Collection Set: 3.1ms
[2025-11-03T10:38:21.034+0000][gc,phases     ] GC(777)   Post Evacuate Collection Set: 1.2ms
[2025-11-03T10:38:21.034+0000][gc,phases     ] GC(777)   Other: 1.5ms
[2025-11-03T10:38:21.034+0000][gc,heap       ] GC(777) Eden regions: 15->0(43)
[2025-11-03T10:38:21.035+0000][gc,heap       ] GC(777) Survivor regions: 1->1(6)
[2025-11-03T10:38:21.035+0000][gc,heap       ] GC(777) Old regions: 67->67
[2025-11-03T10:38:21.035+0000][gc,heap       ] GC(777) Humongous regions: 162->156
[2025-11-03T10:38:21.036+0000][gc,metaspace  ] GC(777) Metaspace: 54076K(57264K)->54076K(57264K) NonClass: 48139K(49840K)->48139K(49840K) Class: 5937K(7424K)->5937K(7424K)
[2025-11-03T10:38:21.036+0000][gc            ] GC(777) Pause Young (Concurrent Start) (G1 Humongous Allocation) 244M->223M(890M) 9.230ms
[2025-11-03T10:38:21.037+0000][gc,cpu        ] GC(777) User=0.01s Sys=0.00s Real=0.01s
[2025-11-03T10:38:21.037+0000][gc            ] GC(778) Concurrent Cycle
[2025-11-03T10:38:21.037+0000][gc,marking    ] GC(778) Concurrent Clear Claimed Marks
[2025-11-03T10:38:21.038+0000][gc,marking    ] GC(778) Concurrent Clear Claimed Marks 0.579ms
[2025-11-03T10:38:21.038+0000][gc,marking    ] GC(778) Concurrent Scan Root Regions
[2025-11-03T10:38:21.040+0000][gc,marking    ] GC(778) Concurrent Scan Root Regions 1.504ms
[2025-11-03T10:38:21.040+0000][gc,marking    ] GC(778) Concurrent Mark (31200.644s)
[2025-11-03T10:38:21.041+0000][gc,marking    ] GC(778) Concurrent Mark From Roots
[2025-11-03T10:38:21.041+0000][gc,task       ] GC(778) Using 1 workers of 1 for marking
[2025-11-03T10:38:21.115+0000][gc,marking    ] GC(778) Concurrent Mark From Roots 74.758ms
[2025-11-03T10:38:21.116+0000][gc,marking    ] GC(778) Concurrent Preclean
[2025-11-03T10:38:21.116+0000][gc,marking    ] GC(778) Concurrent Preclean 0.648ms
[2025-11-03T10:38:21.117+0000][gc,marking    ] GC(778) Concurrent Mark (31200.644s, 31200.720s) 76.565ms
[2025-11-03T10:38:21.118+0000][gc,start      ] GC(778) Pause Remark
[2025-11-03T10:38:21.135+0000][gc,stringtable] GC(778) Cleaned string and symbol table, strings: 17234 processed, 0 removed, symbols: 123865 processed, 0 removed
[2025-11-03T10:38:21.136+0000][gc            ] GC(778) Pause Remark 252M->252M(890M) 18.329ms
[2025-11-03T10:38:21.137+0000][gc,cpu        ] GC(778) User=0.03s Sys=0.00s Real=0.02s
[2025-11-03T10:38:21.137+0000][gc,marking    ] GC(778) Concurrent Rebuild Remembered Sets
[2025-11-03T10:38:21.165+0000][gc,start      ] GC(779) Pause Young (Normal) (G1 Evacuation Pause)
[2025-11-03T10:38:21.166+0000][gc,task       ] GC(779) Using 2 workers of 2 for evacuation
[2025-11-03T10:38:21.171+0000][gc,phases     ] GC(779)   Pre Evacuate Collection Set: 0.0ms
[2025-11-03T10:38:21.171+0000][gc,phases     ] GC(779)   Evacuate Collection Set: 3.6ms
[2025-11-03T10:38:21.172+0000][gc,phases     ] GC(779)   Post Evacuate Collection Set: 1.0ms
[2025-11-03T10:38:21.172+0000][gc,phases     ] GC(779)   Other: 1.1ms
[2025-11-03T10:38:21.172+0000][gc,heap       ] GC(779) Eden regions: 43->0(43)
[2025-11-03T10:38:21.173+0000][gc,heap       ] GC(779) Survivor regions: 1->1(6)
[2025-11-03T10:38:21.173+0000][gc,heap       ] GC(779) Old regions: 67->67
[2025-11-03T10:38:21.173+0000][gc,heap       ] GC(779) Humongous regions: 168->162
[2025-11-03T10:38:21.174+0000][gc,metaspace  ] GC(779) Metaspace: 54076K(57264K)->54076K(57264K) NonClass: 48139K(49840K)->48139K(49840K) Class: 5937K(7424K)->5937K(7424K)
[2025-11-03T10:38:21.174+0000][gc            ] GC(779) Pause Young (Normal) (G1 Evacuation Pause) 278M->229M(890M) 8.931ms
[2025-11-03T10:38:21.175+0000][gc,cpu        ] GC(779) User=0.01s Sys=0.00s Real=0.01s
[2025-11-03T10:38:21.191+0000][gc,marking    ] GC(778) Concurrent Rebuild Remembered Sets 54.053ms
[2025-11-03T10:38:21.193+0000][gc,start      ] GC(778) Pause Cleanup
[2025-11-03T10:38:21.194+0000][gc            ] GC(778) Pause Cleanup 235M->235M(890M) 1.065ms
[2025-11-03T10:38:21.194+0000][gc,cpu        ] GC(778) User=0.01s Sys=0.00s Real=0.01s
[2025-11-03T10:38:21.195+0000][gc,marking    ] GC(778) Concurrent Cleanup for Next Mark
[2025-11-03T10:38:21.197+0000][gc,marking    ] GC(778) Concurrent Cleanup for Next Mark 1.957ms
[2025-11-03T10:38:21.197+0000][gc            ] GC(778) Concurrent Cycle 159.936ms
[2025-11-03T10:38:21.210+0000][gc,start      ] GC(780) Pause Young (Concurrent Start) (G1 Humongous Allocation)
[2025-11-03T10:38:21.211+0000][gc,task       ] GC(780) Using 2 workers of 2 for evacuation
[2025-11-03T10:38:21.217+0000][gc,phases     ] GC(780)   Pre Evacuate Collection Set: 0.2ms
[2025-11-03T10:38:21.217+0000][gc,phases     ] GC(780)   Evacuate Collection Set: 3.4ms
[2025-11-03T10:38:21.217+0000][gc,phases     ] GC(780)   Post Evacuate Collection Set: 1.8ms
[2025-11-03T10:38:21.218+0000][gc,phases     ] GC(780)   Other: 1.0ms
[2025-11-03T10:38:21.218+0000][gc,heap       ] GC(780) Eden regions: 20->0(43)
[2025-11-03T10:38:21.218+0000][gc,heap       ] GC(780) Survivor regions: 1->1(6)
[2025-11-03T10:38:21.218+0000][gc,heap       ] GC(780) Old regions: 67->67
[2025-11-03T10:38:21.219+0000][gc,heap       ] GC(780) Humongous regions: 162->156
[2025-11-03T10:38:21.219+0000][gc,metaspace  ] GC(780) Metaspace: 54076K(57264K)->54076K(57264K) NonClass: 48139K(49840K)->48139K(49840K) Class: 5937K(7424K)->5937K(7424K)
[2025-11-03T10:38:21.220+0000][gc            ] GC(780) Pause Young (Concurrent Start) (G1 Humongous Allocation) 248M->223M(890M) 9.237ms
[2025-11-03T10:38:21.220+0000][gc,cpu        ] GC(780) User=0.01s Sys=0.00s Real=0.01s
[2025-11-03T10:38:21.220+0000][gc            ] GC(781) Concurrent Cycle
[2025-11-03T10:38:21.221+0000][gc,marking    ] GC(781) Concurrent Clear Claimed Marks
[2025-11-03T10:38:21.221+0000][gc,marking    ] GC(781) Concurrent Clear Claimed Marks 0.324ms
[2025-11-03T10:38:21.221+0000][gc,marking    ] GC(781) Concurrent Scan Root Regions
[2025-11-03T10:38:21.223+0000][gc,marking    ] GC(781) Concurrent Scan Root Regions 1.581ms
[2025-11-03T10:38:21.223+0000][gc,marking    ] GC(781) Concurrent Mark (31200.827s)
[2025-11-03T10:38:21.223+0000][gc,marking    ] GC(781) Concurrent Mark From Roots
[2025-11-03T10:38:21.224+0000][gc,task       ] GC(781) Using 1 workers of 1 for marking
[2025-11-03T10:38:21.293+0000][gc,marking    ] GC(781) Concurrent Mark From Roots 69.851ms
[2025-11-03T10:38:21.294+0000][gc,marking    ] GC(781) Concurrent Preclean
[2025-11-03T10:38:21.294+0000][gc,marking    ] GC(781) Concurrent Preclean 0.629ms
[2025-11-03T10:38:21.295+0000][gc,marking    ] GC(781) Concurrent Mark (31200.827s, 31200.898s) 71.567ms
[2025-11-03T10:38:21.296+0000][gc,start      ] GC(781) Pause Remark
[2025-11-03T10:38:21.311+0000][gc,stringtable] GC(781) Cleaned string and symbol table, strings: 17234 processed, 0 removed, symbols: 123865 processed, 0 removed
[2025-11-03T10:38:21.313+0000][gc            ] GC(781) Pause Remark 268M->268M(890M) 16.977ms
[2025-11-03T10:38:21.313+0000][gc,cpu        ] GC(781) User=0.04s Sys=0.00s Real=0.01s
[2025-11-03T10:38:21.313+0000][gc,marking    ] GC(781) Concurrent Rebuild Remembered Sets
[2025-11-03T10:38:21.326+0000][gc,start      ] GC(782) Pause Young (Normal) (G1 Evacuation Pause)
[2025-11-03T10:38:21.326+0000][gc,task       ] GC(782) Using 2 workers of 2 for evacuation
[2025-11-03T10:38:21.332+0000][gc,phases     ] GC(782)   Pre Evacuate Collection Set: 0.0ms
[2025-11-03T10:38:21.332+0000][gc,phases     ] GC(782)   Evacuate Collection Set: 3.5ms
[2025-11-03T10:38:21.332+0000][gc,phases     ] GC(782)   Post Evacuate Collection Set: 1.2ms
[2025-11-03T10:38:21.333+0000][gc,phases     ] GC(782)   Other: 0.9ms
[2025-11-03T10:38:21.333+0000][gc,heap       ] GC(782) Eden regions: 43->0(43)
[2025-11-03T10:38:21.334+0000][gc,heap       ] GC(782) Survivor regions: 1->1(6)
[2025-11-03T10:38:21.334+0000][gc,heap       ] GC(782) Old regions: 67->67
[2025-11-03T10:38:21.334+0000][gc,heap       ] GC(782) Humongous regions: 168->162
[2025-11-03T10:38:21.334+0000][gc,metaspace  ] GC(782) Metaspace: 54076K(57264K)->54076K(57264K) NonClass: 48139K(49840K)->48139K(49840K) Class: 5937K(7424K)->5937K(7424K)
[2025-11-03T10:38:21.335+0000][gc            ] GC(782) Pause Young (Normal) (G1 Evacuation Pause) 278M->229M(890M) 8.729ms
[2025-11-03T10:38:21.335+0000][gc,cpu        ] GC(782) User=0.01s Sys=0.00s Real=0.01s
[2025-11-03T10:38:21.366+0000][gc,marking    ] GC(781) Concurrent Rebuild Remembered Sets 52.887ms
[2025-11-03T10:38:21.367+0000][gc,start      ] GC(781) Pause Cleanup
[2025-11-03T10:38:21.368+0000][gc            ] GC(781) Pause Cleanup 238M->238M(890M) 0.972ms
[2025-11-03T10:38:21.369+0000][gc,cpu        ] GC(781) User=0.00s Sys=0.00s Real=0.00s
[2025-11-03T10:38:21.369+0000][gc,marking    ] GC(781) Concurrent Cleanup for Next Mark
[2025-11-03T10:38:21.371+0000][gc,marking    ] GC(781) Concurrent Cleanup for Next Mark 2.185ms
[2025-11-03T10:38:21.372+0000][gc            ] GC(781) Concurrent Cycle 151.554ms
[2025-11-03T10:38:21.406+0000][gc,start      ] GC(783) Pause Young (Concurrent Start) (G1 Humongous Allocation)
[2025-11-03T10:38:21.407+0000][gc,task       ] GC(783) Using 2 workers of 2 for evacuation
[2025-11-03T10:38:21.412+0000][gc,phases     ] GC(783)   Pre Evacuate Collection Set: 0.3ms
[2025-11-03T10:38:21.412+0000][gc,phases     ] GC(783)   Evacuate Collection Set: 3.5ms
[2025-11-03T10:38:21.413+0000][gc,phases     ] GC(783)   Post Evacuate Collection Set: 1.0ms
[2025-11-03T10:38:21.413+0000][gc,phases     ] GC(783)   Other: 0.9ms
[2025-11-03T10:38:21.413+0000][gc,heap       ] GC(783) Eden regions: 36->0(43)
[2025-11-03T10:38:21.414+0000][gc,heap       ] GC(783) Survivor regions: 1->1(6)
[2025-11-03T10:38:21.414+0000][gc,heap       ] GC(783) Old regions: 67->67
[2025-11-03T10:38:21.414+0000][gc,heap       ] GC(783) Humongous regions: 168->156
[2025-11-03T10:38:21.414+0000][gc,metaspace  ] GC(783) Metaspace: 54076K(57264K)->54076K(57264K) NonClass: 48139K(49840K)->48139K(49840K) Class: 5937K(7424K)->5937K(7424K)
[2025-11-03T10:38:21.415+0000][gc            ] GC(783) Pause Young (Concurrent Start) (G1 Humongous Allocation) 270M->223M(890M) 8.380ms
[2025-11-03T10:38:21.415+0000][gc,cpu        ] GC(783) User=0.01s Sys=0.00s Real=0.01s
[2025-11-03T10:38:21.416+0000][gc            ] GC(784) Concurrent Cycle
[2025-11-03T10:38:21.416+0000][gc,marking    ] GC(784) Concurrent Clear Claimed Marks
[2025-11-03T10:38:21.416+0000][gc,marking    ] GC(784) Concurrent Clear Claimed Marks 0.402ms
[2025-11-03T10:38:21.417+0000][gc,marking    ] GC(784) Concurrent Scan Root Regions
[2025-11-03T10:38:21.418+0000][gc,marking    ] GC(784) Concurrent Scan Root Regions 1.496ms
[2025-11-03T10:38:21.418+0000][gc,marking    ] GC(784) Concurrent Mark (31201.022s)
[2025-11-03T10:38:21.419+0000][gc,marking    ] GC(784) Concurrent Mark From Roots
[2025-11-03T10:38:21.419+0000][gc,task       ] GC(784) Using 1 workers of 1 for marking
[2025-11-03T10:38:21.517+0000][gc,marking    ] GC(784) Concurrent Mark From Roots 98.753ms
[2025-11-03T10:38:21.518+0000][gc,marking    ] GC(784) Concurrent Preclean
[2025-11-03T10:38:21.518+0000][gc,marking    ] GC(784) Concurrent Preclean 0.560ms
[2025-11-03T10:38:21.519+0000][gc,marking    ] GC(784) Concurrent Mark (31201.022s, 31201.122s) 100.385ms
[2025-11-03T10:38:21.520+0000][gc,start      ] GC(784) Pause Remark
[2025-11-03T10:38:21.537+0000][gc,stringtable] GC(784) Cleaned string and symbol table, strings: 17237 processed, 0 removed, symbols: 123865 processed, 0 removed
[2025-11-03T10:38:21.538+0000][gc            ] GC(784) Pause Remark 271M->271M(890M) 18.252ms
[2025-11-03T10:38:21.538+0000][gc,cpu        ] GC(784) User=0.07s Sys=0.01s Real=0.02s
[2025-11-03T10:38:21.539+0000][gc,marking    ] GC(784) Concurrent Rebuild Remembered Sets
[2025-11-03T10:38:21.551+0000][gc,start      ] GC(785) Pause Young (Normal) (G1 Evacuation Pause)
[2025-11-03T10:38:21.552+0000][gc,task       ] GC(785) Using 2 workers of 2 for evacuation
[2025-11-03T10:38:21.557+0000][gc,phases     ] GC(785)   Pre Evacuate Collection Set: 0.0ms
[2025-11-03T10:38:21.557+0000][gc,phases     ] GC(785)   Evacuate Collection Set: 3.9ms
[2025-11-03T10:38:21.558+0000][gc,phases     ] GC(785)   Post Evacuate Collection Set: 0.8ms
[2025-11-03T10:38:21.558+0000][gc,phases     ] GC(785)   Other: 0.9ms
[2025-11-03T10:38:21.559+0000][gc,heap       ] GC(785) Eden regions: 43->0(43)
[2025-11-03T10:38:21.559+0000][gc,heap       ] GC(785) Survivor regions: 1->1(6)
[2025-11-03T10:38:21.559+0000][gc,heap       ] GC(785) Old regions: 67->67
[2025-11-03T10:38:21.560+0000][gc,heap       ] GC(785) Humongous regions: 168->162
[2025-11-03T10:38:21.560+0000][gc,metaspace  ] GC(785) Metaspace: 54076K(57264K)->54076K(57264K) NonClass: 48139K(49840K)->48139K(49840K) Class: 5937K(7424K)->5937K(7424K)
[2025-11-03T10:38:21.560+0000][gc            ] GC(785) Pause Young (Normal) (G1 Evacuation Pause) 278M->229M(890M) 8.799ms
[2025-11-03T10:38:21.561+0000][gc,cpu        ] GC(785) User=0.02s Sys=0.00s Real=0.01s
[2025-11-03T10:38:21.626+0000][gc,marking    ] GC(784) Concurrent Rebuild Remembered Sets 87.797ms
[2025-11-03T10:38:21.627+0000][gc,start      ] GC(784) Pause Cleanup
[2025-11-03T10:38:21.628+0000][gc            ] GC(784) Pause Cleanup 260M->260M(890M) 0.867ms
[2025-11-03T10:38:21.629+0000][gc,cpu        ] GC(784) User=0.00s Sys=0.00s Real=0.00s
[2025-11-03T10:38:21.629+0000][gc,marking    ] GC(784) Concurrent Cleanup for Next Mark
[2025-11-03T10:38:21.631+0000][gc,marking    ] GC(784) Concurrent Cleanup for Next Mark 1.932ms
[2025-11-03T10:38:21.631+0000][gc            ] GC(784) Concurrent Cycle 215.915ms
[2025-11-03T10:38:21.635+0000][gc,start      ] GC(786) Pause Young (Concurrent Start) (G1 Humongous Allocation)
[2025-11-03T10:38:21.635+0000][gc,task       ] GC(786) Using 2 workers of 2 for evacuation
[2025-11-03T10:38:21.641+0000][gc,phases     ] GC(786)   Pre Evacuate Collection Set: 0.4ms
[2025-11-03T10:38:21.641+0000][gc,phases     ] GC(786)   Evacuate Collection Set: 3.5ms
[2025-11-03T10:38:21.641+0000][gc,phases     ] GC(786)   Post Evacuate Collection Set: 1.0ms
[2025-11-03T10:38:21.642+0000][gc,phases     ] GC(786)   Other: 0.9ms
[2025-11-03T10:38:21.642+0000][gc,heap       ] GC(786) Eden regions: 30->0(43)
[2025-11-03T10:38:21.642+0000][gc,heap       ] GC(786) Survivor regions: 1->1(6)
[2025-11-03T10:38:21.642+0000][gc,heap       ] GC(786) Old regions: 67->67
[2025-11-03T10:38:21.643+0000][gc,heap       ] GC(786) Humongous regions: 168->156
[2025-11-03T10:38:21.643+0000][gc,metaspace  ] GC(786) Metaspace: 54076K(57264K)->54076K(57264K) NonClass: 48139K(49840K)->48139K(49840K) Class: 5937K(7424K)->5937K(7424K)
[2025-11-03T10:38:21.643+0000][gc            ] GC(786) Pause Young (Concurrent Start) (G1 Humongous Allocation) 265M->223M(890M) 8.474ms
[2025-11-03T10:38:21.643+0000][gc,cpu        ] GC(786) User=0.01s Sys=0.00s Real=0.00s
[2025-11-03T10:38:21.644+0000][gc            ] GC(787) Concurrent Cycle
[2025-11-03T10:38:21.644+0000][gc,marking    ] GC(787) Concurrent Clear Claimed Marks
[2025-11-03T10:38:21.645+0000][gc,marking    ] GC(787) Concurrent Clear Claimed Marks 0.415ms
[2025-11-03T10:38:21.645+0000][gc,marking    ] GC(787) Concurrent Scan Root Regions
[2025-11-03T10:38:21.646+0000][gc,marking    ] GC(787) Concurrent Scan Root Regions 1.518ms
[2025-11-03T10:38:21.647+0000][gc,marking    ] GC(787) Concurrent Mark (31201.250s)
[2025-11-03T10:38:21.647+0000][gc,marking    ] GC(787) Concurrent Mark From Roots
[2025-11-03T10:38:21.647+0000][gc,task       ] GC(787) Using 1 workers of 1 for marking
[2025-11-03T10:38:21.717+0000][gc,marking    ] GC(787) Concurrent Mark From Roots 69.872ms
[2025-11-03T10:38:21.717+0000][gc,marking    ] GC(787) Concurrent Preclean
[2025-11-03T10:38:21.718+0000][gc,marking    ] GC(787) Concurrent Preclean 0.566ms
[2025-11-03T10:38:21.718+0000][gc,marking    ] GC(787) Concurrent Mark (31201.250s, 31201.322s) 71.554ms
[2025-11-03T10:38:21.719+0000][gc,start      ] GC(787) Pause Remark
[2025-11-03T10:38:21.735+0000][gc,stringtable] GC(787) Cleaned string and symbol table, strings: 17237 processed, 0 removed, symbols: 123865 processed, 0 removed
[2025-11-03T10:38:21.736+0000][gc            ] GC(787) Pause Remark 261M->261M(890M) 17.191ms
[2025-11-03T10:38:21.737+0000][gc,cpu        ] GC(787) User=0.03s Sys=0.00s Real=0.02s
[2025-11-03T10:38:21.737+0000][gc,marking    ] GC(787) Concurrent Rebuild Remembered Sets
[2025-11-03T10:38:21.751+0000][gc,start      ] GC(788) Pause Young (Normal) (G1 Evacuation Pause)
[2025-11-03T10:38:21.751+0000][gc,task       ] GC(788) Using 2 workers of 2 for evacuation
[2025-11-03T10:38:21.756+0000][gc,phases     ] GC(788)   Pre Evacuate Collection Set: 0.0ms
[2025-11-03T10:38:21.756+0000][gc,phases     ] GC(788)   Evacuate Collection Set: 3.7ms
[2025-11-03T10:38:21.757+0000][gc,phases     ] GC(788)   Post Evacuate Collection Set: 0.9ms
[2025-11-03T10:38:21.757+0000][gc,phases     ] GC(788)   Other: 0.9ms
[2025-11-03T10:38:21.757+0000][gc,heap       ] GC(788) Eden regions: 43->0(43)
[2025-11-03T10:38:21.758+0000][gc,heap       ] GC(788) Survivor regions: 1->1(6)
[2025-11-03T10:38:21.758+0000][gc,heap       ] GC(788) Old regions: 67->67
[2025-11-03T10:38:21.759+0000][gc,heap       ] GC(788) Humongous regions: 162->162
[2025-11-03T10:38:21.759+0000][gc,metaspace  ] GC(788) Metaspace: 54076K(57264K)->54076K(57264K) NonClass: 48139K(49840K)->48139K(49840K) Class: 5937K(7424K)->5937K(7424K)
[2025-11-03T10:38:21.759+0000][gc            ] GC(788) Pause Young (Normal) (G1 Evacuation Pause) 272M->229M(890M) 8.644ms
[2025-11-03T10:38:21.759+0000][gc,cpu        ] GC(788) User=0.01s Sys=0.00s Real=0.01s
[2025-11-03T10:38:21.792+0000][gc,marking    ] GC(787) Concurrent Rebuild Remembered Sets 54.123ms
[2025-11-03T10:38:21.818+0000][gc,start      ] GC(787) Pause Cleanup
[2025-11-03T10:38:21.869+0000][gc            ] GC(787) Pause Cleanup 257M->257M(890M) 51.438ms
[2025-11-03T10:38:21.870+0000][gc,cpu        ] GC(787) User=0.00s Sys=0.00s Real=0.05s
[2025-11-03T10:38:21.870+0000][gc,marking    ] GC(787) Concurrent Cleanup for Next Mark
[2025-11-03T10:38:21.872+0000][gc,marking    ] GC(787) Concurrent Cleanup for Next Mark 2.060ms
[2025-11-03T10:38:21.872+0000][gc            ] GC(787) Concurrent Cycle 228.534ms
[2025-11-03T10:38:21.920+0000][gc,start      ] GC(789) Pause Young (Normal) (G1 Evacuation Pause)
[2025-11-03T10:38:21.920+0000][gc,task       ] GC(789) Using 2 workers of 2 for evacuation
[2025-11-03T10:38:21.926+0000][gc,phases     ] GC(789)   Pre Evacuate Collection Set: 0.0ms
[2025-11-03T10:38:21.926+0000][gc,phases     ] GC(789)   Evacuate Collection Set: 3.7ms
[2025-11-03T10:38:21.927+0000][gc,phases     ] GC(789)   Post Evacuate Collection Set: 1.2ms
[2025-11-03T10:38:21.927+0000][gc,phases     ] GC(789)   Other: 1.0ms
[2025-11-03T10:38:21.927+0000][gc,heap       ] GC(789) Eden regions: 43->0(43)
[2025-11-03T10:38:21.928+0000][gc,heap       ] GC(789) Survivor regions: 1->1(6)
[2025-11-03T10:38:21.928+0000][gc,heap       ] GC(789) Old regions: 67->67
[2025-11-03T10:38:21.929+0000][gc,heap       ] GC(789) Humongous regions: 174->162
[2025-11-03T10:38:21.929+0000][gc,metaspace  ] GC(789) Metaspace: 54076K(57264K)->54076K(57264K) NonClass: 48139K(49840K)->48139K(49840K) Class: 5937K(7424K)->5937K(7424K)
[2025-11-03T10:38:21.929+0000][gc            ] GC(789) Pause Young (Normal) (G1 Evacuation Pause) 284M->229M(890M) 9.354ms
[2025-11-03T10:38:21.930+0000][gc,cpu        ] GC(789) User=0.01s Sys=0.00s Real=0.01s
[2025-11-03T10:38:21.955+0000][gc,start      ] GC(790) Pause Young (Concurrent Start) (G1 Humongous Allocation)
[2025-11-03T10:38:21.956+0000][gc,task       ] GC(790) Using 2 workers of 2 for evacuation
[2025-11-03T10:38:21.966+0000][gc,phases     ] GC(790)   Pre Evacuate Collection Set: 1.7ms
[2025-11-03T10:38:21.967+0000][gc,phases     ] GC(790)   Evacuate Collection Set: 6.1ms
[2025-11-03T10:38:21.967+0000][gc,phases     ] GC(790)   Post Evacuate Collection Set: 1.4ms
[2025-11-03T10:38:21.968+0000][gc,phases     ] GC(790)   Other: 1.3ms
[2025-11-03T10:38:21.968+0000][gc,heap       ] GC(790) Eden regions: 13->0(43)
[2025-11-03T10:38:21.968+0000][gc,heap       ] GC(790) Survivor regions: 1->1(6)
[2025-11-03T10:38:21.969+0000][gc,heap       ] GC(790) Old regions: 67->68
[2025-11-03T10:38:21.970+0000][gc,heap       ] GC(790) Humongous regions: 162->156
[2025-11-03T10:38:21.971+0000][gc,metaspace  ] GC(790) Metaspace: 54076K(57264K)->54076K(57264K) NonClass: 48139K(49840K)->48139K(49840K) Class: 5937K(7424K)->5937K(7424K)
[2025-11-03T10:38:21.971+0000][gc            ] GC(790) Pause Young (Concurrent Start) (G1 Humongous Allocation) 242M->223M(890M) 15.942ms
[2025-11-03T10:38:21.972+0000][gc,cpu        ] GC(790) User=0.02s Sys=0.00s Real=0.01s
[2025-11-03T10:38:21.973+0000][gc            ] GC(791) Concurrent Cycle
[2025-11-03T10:38:21.974+0000][gc,marking    ] GC(791) Concurrent Clear Claimed Marks
[2025-11-03T10:38:21.974+0000][gc,marking    ] GC(791) Concurrent Clear Claimed Marks 0.946ms
[2025-11-03T10:38:21.975+0000][gc,marking    ] GC(791) Concurrent Scan Root Regions
[2025-11-03T10:38:21.977+0000][gc,marking    ] GC(791) Concurrent Scan Root Regions 2.539ms
[2025-11-03T10:38:21.978+0000][gc,marking    ] GC(791) Concurrent Mark (31201.582s)
[2025-11-03T10:38:21.978+0000][gc,marking    ] GC(791) Concurrent Mark From Roots
[2025-11-03T10:38:21.979+0000][gc,task       ] GC(791) Using 1 workers of 1 for marking
[2025-11-03T10:38:22.088+0000][gc,marking    ] GC(791) Concurrent Mark From Roots 109.763ms
[2025-11-03T10:38:22.089+0000][gc,marking    ] GC(791) Concurrent Preclean
[2025-11-03T10:38:22.089+0000][gc,marking    ] GC(791) Concurrent Preclean 0.639ms
[2025-11-03T10:38:22.090+0000][gc,marking    ] GC(791) Concurrent Mark (31201.582s, 31201.693s) 111.748ms
[2025-11-03T10:38:22.091+0000][gc,start      ] GC(791) Pause Remark
[2025-11-03T10:38:22.111+0000][gc,stringtable] GC(791) Cleaned string and symbol table, strings: 17237 processed, 0 removed, symbols: 123865 processed, 0 removed
[2025-11-03T10:38:22.113+0000][gc,mmu        ] GC(791) MMU target violated: 21.0ms (20.0ms/21.0ms)
[2025-11-03T10:38:22.114+0000][gc            ] GC(791) Pause Remark 273M->273M(890M) 22.998ms
[2025-11-03T10:38:22.115+0000][gc,cpu        ] GC(791) User=0.04s Sys=0.00s Real=0.03s
[2025-11-03T10:38:22.115+0000][gc,marking    ] GC(791) Concurrent Rebuild Remembered Sets
[2025-11-03T10:38:22.122+0000][gc,start      ] GC(792) Pause Young (Normal) (G1 Evacuation Pause)
[2025-11-03T10:38:22.123+0000][gc,task       ] GC(792) Using 2 workers of 2 for evacuation
[2025-11-03T10:38:22.128+0000][gc,phases     ] GC(792)   Pre Evacuate Collection Set: 0.0ms
[2025-11-03T10:38:22.128+0000][gc,phases     ] GC(792)   Evacuate Collection Set: 3.7ms
[2025-11-03T10:38:22.129+0000][gc,phases     ] GC(792)   Post Evacuate Collection Set: 1.0ms
[2025-11-03T10:38:22.129+0000][gc,phases     ] GC(792)   Other: 1.0ms
[2025-11-03T10:38:22.130+0000][gc,heap       ] GC(792) Eden regions: 43->0(43)
[2025-11-03T10:38:22.130+0000][gc,heap       ] GC(792) Survivor regions: 1->1(6)
[2025-11-03T10:38:22.130+0000][gc,heap       ] GC(792) Old regions: 68->68
[2025-11-03T10:38:22.131+0000][gc,heap       ] GC(792) Humongous regions: 168->162
[2025-11-03T10:38:22.131+0000][gc,metaspace  ] GC(792) Metaspace: 54076K(57264K)->54076K(57264K) NonClass: 48139K(49840K)->48139K(49840K) Class: 5937K(7424K)->5937K(7424K)
[2025-11-03T10:38:22.131+0000][gc            ] GC(792) Pause Young (Normal) (G1 Evacuation Pause) 278M->229M(890M) 8.953ms
[2025-11-03T10:38:22.132+0000][gc,cpu        ] GC(792) User=0.01s Sys=0.00s Real=0.01s
[2025-11-03T10:38:22.172+0000][gc,marking    ] GC(791) Concurrent Rebuild Remembered Sets 56.665ms
[2025-11-03T10:38:22.173+0000][gc,start      ] GC(791) Pause Cleanup
[2025-11-03T10:38:22.174+0000][gc            ] GC(791) Pause Cleanup 250M->250M(890M) 0.903ms
[2025-11-03T10:38:22.174+0000][gc,cpu        ] GC(791) User=0.00s Sys=0.00s Real=0.01s
[2025-11-03T10:38:22.175+0000][gc,marking    ] GC(791) Concurrent Cleanup for Next Mark
[2025-11-03T10:38:22.177+0000][gc,marking    ] GC(791) Concurrent Cleanup for Next Mark 2.119ms
[2025-11-03T10:38:22.177+0000][gc            ] GC(791) Concurrent Cycle 204.673ms
[2025-11-03T10:38:22.312+0000][gc,start      ] GC(793) Pause Young (Normal) (G1 Evacuation Pause)
[2025-11-03T10:38:22.335+0000][gc,task       ] GC(793) Using 2 workers of 2 for evacuation
[2025-11-03T10:38:22.341+0000][gc,phases     ] GC(793)   Pre Evacuate Collection Set: 0.0ms
[2025-11-03T10:38:22.342+0000][gc,phases     ] GC(793)   Evacuate Collection Set: 4.0ms
[2025-11-03T10:38:22.342+0000][gc,phases     ] GC(793)   Post Evacuate Collection Set: 1.3ms
[2025-11-03T10:38:22.342+0000][gc,phases     ] GC(793)   Other: 23.2ms
[2025-11-03T10:38:22.343+0000][gc,heap       ] GC(793) Eden regions: 43->0(43)
[2025-11-03T10:38:22.343+0000][gc,heap       ] GC(793) Survivor regions: 1->1(6)
[2025-11-03T10:38:22.343+0000][gc,heap       ] GC(793) Old regions: 68->68
[2025-11-03T10:38:22.344+0000][gc,heap       ] GC(793) Humongous regions: 168->162
[2025-11-03T10:38:22.344+0000][gc,metaspace  ] GC(793) Metaspace: 54076K(57264K)->54076K(57264K) NonClass: 48139K(49840K)->48139K(49840K) Class: 5937K(7424K)->5937K(7424K)
[2025-11-03T10:38:22.344+0000][gc            ] GC(793) Pause Young (Normal) (G1 Evacuation Pause) 278M->229M(890M) 31.785ms
[2025-11-03T10:38:22.345+0000][gc,cpu        ] GC(793) User=0.01s Sys=0.00s Real=0.04s
[2025-11-03T10:38:22.362+0000][gc,start      ] GC(794) Pause Young (Concurrent Start) (G1 Humongous Allocation)
[2025-11-03T10:38:22.362+0000][gc,task       ] GC(794) Using 2 workers of 2 for evacuation
[2025-11-03T10:38:22.368+0000][gc,phases     ] GC(794)   Pre Evacuate Collection Set: 0.3ms
[2025-11-03T10:38:22.368+0000][gc,phases     ] GC(794)   Evacuate Collection Set: 3.6ms
[2025-11-03T10:38:22.368+0000][gc,phases     ] GC(794)   Post Evacuate Collection Set: 1.3ms
[2025-11-03T10:38:22.369+0000][gc,phases     ] GC(794)   Other: 0.9ms
[2025-11-03T10:38:22.369+0000][gc,heap       ] GC(794) Eden regions: 13->0(43)
[2025-11-03T10:38:22.370+0000][gc,heap       ] GC(794) Survivor regions: 1->1(6)
[2025-11-03T10:38:22.370+0000][gc,heap       ] GC(794) Old regions: 68->68
[2025-11-03T10:38:22.370+0000][gc,heap       ] GC(794) Humongous regions: 162->156
[2025-11-03T10:38:22.370+0000][gc,metaspace  ] GC(794) Metaspace: 54076K(57264K)->54076K(57264K) NonClass: 48139K(49840K)->48139K(49840K) Class: 5937K(7424K)->5937K(7424K)
[2025-11-03T10:38:22.371+0000][gc            ] GC(794) Pause Young (Concurrent Start) (G1 Humongous Allocation) 241M->223M(890M) 9.159ms
[2025-11-03T10:38:22.371+0000][gc,cpu        ] GC(794) User=0.01s Sys=0.00s Real=0.01s
[2025-11-03T10:38:22.372+0000][gc            ] GC(795) Concurrent Cycle
[2025-11-03T10:38:22.372+0000][gc,marking    ] GC(795) Concurrent Clear Claimed Marks
[2025-11-03T10:38:22.373+0000][gc,marking    ] GC(795) Concurrent Clear Claimed Marks 0.666ms
[2025-11-03T10:38:22.373+0000][gc,marking    ] GC(795) Concurrent Scan Root Regions
[2025-11-03T10:38:22.375+0000][gc,marking    ] GC(795) Concurrent Scan Root Regions 1.731ms
[2025-11-03T10:38:22.376+0000][gc,marking    ] GC(795) Concurrent Mark (31201.979s)
[2025-11-03T10:38:22.376+0000][gc,marking    ] GC(795) Concurrent Mark From Roots
[2025-11-03T10:38:22.376+0000][gc,task       ] GC(795) Using 1 workers of 1 for marking
[2025-11-03T10:38:22.449+0000][gc,marking    ] GC(795) Concurrent Mark From Roots 73.159ms
[2025-11-03T10:38:22.449+0000][gc,marking    ] GC(795) Concurrent Preclean
[2025-11-03T10:38:22.450+0000][gc,marking    ] GC(795) Concurrent Preclean 0.561ms
[2025-11-03T10:38:22.450+0000][gc,marking    ] GC(795) Concurrent Mark (31201.979s, 31202.054s) 74.743ms
[2025-11-03T10:38:22.451+0000][gc,start      ] GC(795) Pause Remark
[2025-11-03T10:38:22.468+0000][gc,stringtable] GC(795) Cleaned string and symbol table, strings: 17240 processed, 0 removed, symbols: 123865 processed, 0 removed
[2025-11-03T10:38:22.469+0000][gc            ] GC(795) Pause Remark 269M->269M(890M) 17.342ms
[2025-11-03T10:38:22.469+0000][gc,cpu        ] GC(795) User=0.03s Sys=0.00s Real=0.02s
[2025-11-03T10:38:22.470+0000][gc,marking    ] GC(795) Concurrent Rebuild Remembered Sets
[2025-11-03T10:38:22.480+0000][gc,start      ] GC(796) Pause Young (Normal) (G1 Evacuation Pause)
[2025-11-03T10:38:22.480+0000][gc,task       ] GC(796) Using 2 workers of 2 for evacuation
[2025-11-03T10:38:22.486+0000][gc,phases     ] GC(796)   Pre Evacuate Collection Set: 0.0ms
[2025-11-03T10:38:22.487+0000][gc,phases     ] GC(796)   Evacuate Collection Set: 4.1ms
[2025-11-03T10:38:22.487+0000][gc,phases     ] GC(796)   Post Evacuate Collection Set: 0.9ms
[2025-11-03T10:38:22.487+0000][gc,phases     ] GC(796)   Other: 0.9ms
[2025-11-03T10:38:22.488+0000][gc,heap       ] GC(796) Eden regions: 43->0(43)
[2025-11-03T10:38:22.488+0000][gc,heap       ] GC(796) Survivor regions: 1->1(6)
[2025-11-03T10:38:22.488+0000][gc,heap       ] GC(796) Old regions: 68->68
[2025-11-03T10:38:22.488+0000][gc,heap       ] GC(796) Humongous regions: 168->162
[2025-11-03T10:38:22.489+0000][gc,metaspace  ] GC(796) Metaspace: 54076K(57264K)->54076K(57264K) NonClass: 48139K(49840K)->48139K(49840K) Class: 5937K(7424K)->5937K(7424K)
[2025-11-03T10:38:22.489+0000][gc            ] GC(796) Pause Young (Normal) (G1 Evacuation Pause) 278M->229M(890M) 8.779ms
[2025-11-03T10:38:22.489+0000][gc,cpu        ] GC(796) User=0.01s Sys=0.00s Real=0.01s
[2025-11-03T10:38:22.525+0000][gc,marking    ] GC(795) Concurrent Rebuild Remembered Sets 55.152ms
[2025-11-03T10:38:22.526+0000][gc,start      ] GC(795) Pause Cleanup
[2025-11-03T10:38:22.527+0000][gc            ] GC(795) Pause Cleanup 251M->251M(890M) 0.942ms
[2025-11-03T10:38:22.527+0000][gc,cpu        ] GC(795) User=0.00s Sys=0.00s Real=0.00s
[2025-11-03T10:38:22.527+0000][gc,marking    ] GC(795) Concurrent Cleanup for Next Mark
[2025-11-03T10:38:22.529+0000][gc,marking    ] GC(795) Concurrent Cleanup for Next Mark 1.990ms
[2025-11-03T10:38:22.530+0000][gc            ] GC(795) Concurrent Cycle 157.500ms
[2025-11-03T10:38:22.533+0000][gc,start      ] GC(797) Pause Young (Concurrent Start) (G1 Humongous Allocation)
[2025-11-03T10:38:22.533+0000][gc,task       ] GC(797) Using 2 workers of 2 for evacuation
[2025-11-03T10:38:22.539+0000][gc,phases     ] GC(797)   Pre Evacuate Collection Set: 0.3ms
[2025-11-03T10:38:22.539+0000][gc,phases     ] GC(797)   Evacuate Collection Set: 3.9ms
[2025-11-03T10:38:22.539+0000][gc,phases     ] GC(797)   Post Evacuate Collection Set: 1.0ms
[2025-11-03T10:38:22.540+0000][gc,phases     ] GC(797)   Other: 1.0ms
[2025-11-03T10:38:22.540+0000][gc,heap       ] GC(797) Eden regions: 20->0(43)
[2025-11-03T10:38:22.540+0000][gc,heap       ] GC(797) Survivor regions: 1->1(6)
[2025-11-03T10:38:22.541+0000][gc,heap       ] GC(797) Old regions: 68->68
[2025-11-03T10:38:22.541+0000][gc,heap       ] GC(797) Humongous regions: 168->156
[2025-11-03T10:38:22.541+0000][gc,metaspace  ] GC(797) Metaspace: 54076K(57264K)->54076K(57264K) NonClass: 48139K(49840K)->48139K(49840K) Class: 5937K(7424K)->5937K(7424K)
[2025-11-03T10:38:22.542+0000][gc            ] GC(797) Pause Young (Concurrent Start) (G1 Humongous Allocation) 255M->223M(890M) 9.077ms
[2025-11-03T10:38:22.542+0000][gc,cpu        ] GC(797) User=0.01s Sys=0.00s Real=0.01s
[2025-11-03T10:38:22.543+0000][gc            ] GC(798) Concurrent Cycle
[2025-11-03T10:38:22.543+0000][gc,marking    ] GC(798) Concurrent Clear Claimed Marks
[2025-11-03T10:38:22.544+0000][gc,marking    ] GC(798) Concurrent Clear Claimed Marks 0.685ms
[2025-11-03T10:38:22.544+0000][gc,marking    ] GC(798) Concurrent Scan Root Regions
[2025-11-03T10:38:22.546+0000][gc,marking    ] GC(798) Concurrent Scan Root Regions 1.676ms
[2025-11-03T10:38:22.546+0000][gc,marking    ] GC(798) Concurrent Mark (31202.150s)
[2025-11-03T10:38:22.546+0000][gc,marking    ] GC(798) Concurrent Mark From Roots
[2025-11-03T10:38:22.546+0000][gc,task       ] GC(798) Using 1 workers of 1 for marking
[2025-11-03T10:38:22.622+0000][gc,marking    ] GC(798) Concurrent Mark From Roots 75.936ms
[2025-11-03T10:38:22.623+0000][gc,marking    ] GC(798) Concurrent Preclean
[2025-11-03T10:38:22.623+0000][gc,marking    ] GC(798) Concurrent Preclean 0.740ms
[2025-11-03T10:38:22.624+0000][gc,marking    ] GC(798) Concurrent Mark (31202.150s, 31202.227s) 77.897ms
[2025-11-03T10:38:22.625+0000][gc,start      ] GC(798) Pause Remark
[2025-11-03T10:38:22.647+0000][gc,stringtable] GC(798) Cleaned string and symbol table, strings: 17240 processed, 0 removed, symbols: 123865 processed, 0 removed
[2025-11-03T10:38:22.649+0000][gc,mmu        ] GC(798) MMU target violated: 21.0ms (20.0ms/21.0ms)
[2025-11-03T10:38:22.649+0000][gc            ] GC(798) Pause Remark 261M->261M(890M) 24.673ms
[2025-11-03T10:38:22.650+0000][gc,cpu        ] GC(798) User=0.04s Sys=0.03s Real=0.02s
[2025-11-03T10:38:22.650+0000][gc,marking    ] GC(798) Concurrent Rebuild Remembered Sets
[2025-11-03T10:38:22.668+0000][gc,start      ] GC(799) Pause Young (Normal) (G1 Evacuation Pause)
[2025-11-03T10:38:22.668+0000][gc,task       ] GC(799) Using 2 workers of 2 for evacuation
[2025-11-03T10:38:22.674+0000][gc,phases     ] GC(799)   Pre Evacuate Collection Set: 0.0ms
[2025-11-03T10:38:22.675+0000][gc,phases     ] GC(799)   Evacuate Collection Set: 4.1ms
[2025-11-03T10:38:22.675+0000][gc,phases     ] GC(799)   Post Evacuate Collection Set: 1.2ms
[2025-11-03T10:38:22.676+0000][gc,phases     ] GC(799)   Other: 1.2ms
[2025-11-03T10:38:22.676+0000][gc,heap       ] GC(799) Eden regions: 43->0(43)
[2025-11-03T10:38:22.676+0000][gc,heap       ] GC(799) Survivor regions: 1->1(6)
[2025-11-03T10:38:22.677+0000][gc,heap       ] GC(799) Old regions: 68->68
[2025-11-03T10:38:22.677+0000][gc,heap       ] GC(799) Humongous regions: 162->162
[2025-11-03T10:38:22.677+0000][gc,metaspace  ] GC(799) Metaspace: 54076K(57264K)->54076K(57264K) NonClass: 48139K(49840K)->48139K(49840K) Class: 5937K(7424K)->5937K(7424K)
[2025-11-03T10:38:22.678+0000][gc            ] GC(799) Pause Young (Normal) (G1 Evacuation Pause) 272M->230M(890M) 10.419ms
[2025-11-03T10:38:22.679+0000][gc,cpu        ] GC(799) User=0.02s Sys=0.00s Real=0.01s
[2025-11-03T10:38:22.714+0000][gc,marking    ] GC(798) Concurrent Rebuild Remembered Sets 63.689ms
[2025-11-03T10:38:22.715+0000][gc,start      ] GC(798) Pause Cleanup
[2025-11-03T10:38:22.716+0000][gc            ] GC(798) Pause Cleanup 250M->250M(890M) 1.204ms
[2025-11-03T10:38:22.717+0000][gc,cpu        ] GC(798) User=0.00s Sys=0.00s Real=0.00s
[2025-11-03T10:38:22.717+0000][gc,marking    ] GC(798) Concurrent Cleanup for Next Mark
[2025-11-03T10:38:22.719+0000][gc,marking    ] GC(798) Concurrent Cleanup for Next Mark 2.264ms
[2025-11-03T10:38:22.720+0000][gc            ] GC(798) Concurrent Cycle 177.005ms
[2025-11-03T10:38:22.761+0000][gc,start      ] GC(800) Pause Young (Normal) (G1 Evacuation Pause)
[2025-11-03T10:38:22.762+0000][gc,task       ] GC(800) Using 2 workers of 2 for evacuation
[2025-11-03T10:38:22.770+0000][gc,phases     ] GC(800)   Pre Evacuate Collection Set: 0.1ms
[2025-11-03T10:38:22.770+0000][gc,phases     ] GC(800)   Evacuate Collection Set: 5.7ms
[2025-11-03T10:38:22.770+0000][gc,phases     ] GC(800)   Post Evacuate Collection Set: 1.5ms
[2025-11-03T10:38:22.771+0000][gc,phases     ] GC(800)   Other: 1.3ms
[2025-11-03T10:38:22.771+0000][gc,heap       ] GC(800) Eden regions: 43->0(43)
[2025-11-03T10:38:22.771+0000][gc,heap       ] GC(800) Survivor regions: 1->1(6)
[2025-11-03T10:38:22.772+0000][gc,heap       ] GC(800) Old regions: 68->68
[2025-11-03T10:38:22.772+0000][gc,heap       ] GC(800) Humongous regions: 162->162
[2025-11-03T10:38:22.772+0000][gc,metaspace  ] GC(800) Metaspace: 54076K(57264K)->54076K(57264K) NonClass: 48139K(49840K)->48139K(49840K) Class: 5937K(7424K)->5937K(7424K)
[2025-11-03T10:38:22.773+0000][gc            ] GC(800) Pause Young (Normal) (G1 Evacuation Pause) 273M->230M(890M) 11.697ms
[2025-11-03T10:38:22.773+0000][gc,cpu        ] GC(800) User=0.01s Sys=0.00s Real=0.01s
[2025-11-03T10:38:22.829+0000][gc,start      ] GC(801) Pause Young (Concurrent Start) (G1 Humongous Allocation)
[2025-11-03T10:38:22.830+0000][gc,task       ] GC(801) Using 2 workers of 2 for evacuation
[2025-11-03T10:38:22.835+0000][gc,phases     ] GC(801)   Pre Evacuate Collection Set: 0.3ms
[2025-11-03T10:38:22.835+0000][gc,phases     ] GC(801)   Evacuate Collection Set: 3.7ms
[2025-11-03T10:38:22.836+0000][gc,phases     ] GC(801)   Post Evacuate Collection Set: 1.0ms
[2025-11-03T10:38:22.836+0000][gc,phases     ] GC(801)   Other: 0.8ms
[2025-11-03T10:38:22.836+0000][gc,heap       ] GC(801) Eden regions: 31->0(43)
[2025-11-03T10:38:22.837+0000][gc,heap       ] GC(801) Survivor regions: 1->1(6)
[2025-11-03T10:38:22.837+0000][gc,heap       ] GC(801) Old regions: 68->68
[2025-11-03T10:38:22.838+0000][gc,heap       ] GC(801) Humongous regions: 162->156
[2025-11-03T10:38:22.838+0000][gc,metaspace  ] GC(801) Metaspace: 54076K(57264K)->54076K(57264K) NonClass: 48139K(49840K)->48139K(49840K) Class: 5937K(7424K)->5937K(7424K)
[2025-11-03T10:38:22.838+0000][gc            ] GC(801) Pause Young (Concurrent Start) (G1 Humongous Allocation) 260M->224M(890M) 8.849ms
[2025-11-03T10:38:22.838+0000][gc,cpu        ] GC(801) User=0.01s Sys=0.00s Real=0.01s
[2025-11-03T10:38:22.839+0000][gc            ] GC(802) Concurrent Cycle
[2025-11-03T10:38:22.839+0000][gc,marking    ] GC(802) Concurrent Clear Claimed Marks
[2025-11-03T10:38:22.840+0000][gc,marking    ] GC(802) Concurrent Clear Claimed Marks 0.518ms
[2025-11-03T10:38:22.840+0000][gc,marking    ] GC(802) Concurrent Scan Root Regions
[2025-11-03T10:38:22.842+0000][gc,marking    ] GC(802) Concurrent Scan Root Regions 1.703ms
[2025-11-03T10:38:22.842+0000][gc,marking    ] GC(802) Concurrent Mark (31202.446s)
[2025-11-03T10:38:22.842+0000][gc,marking    ] GC(802) Concurrent Mark From Roots
[2025-11-03T10:38:22.843+0000][gc,task       ] GC(802) Using 1 workers of 1 for marking
[2025-11-03T10:38:22.920+0000][gc,marking    ] GC(802) Concurrent Mark From Roots 78.010ms
[2025-11-03T10:38:22.921+0000][gc,marking    ] GC(802) Concurrent Preclean
[2025-11-03T10:38:22.921+0000][gc,marking    ] GC(802) Concurrent Preclean 0.557ms
[2025-11-03T10:38:22.922+0000][gc,marking    ] GC(802) Concurrent Mark (31202.446s, 31202.525s) 79.634ms
[2025-11-03T10:38:22.923+0000][gc,start      ] GC(802) Pause Remark
[2025-11-03T10:38:22.940+0000][gc,stringtable] GC(802) Cleaned string and symbol table, strings: 17240 processed, 0 removed, symbols: 123865 processed, 0 removed
[2025-11-03T10:38:22.941+0000][gc            ] GC(802) Pause Remark 264M->264M(890M) 18.112ms
[2025-11-03T10:38:22.941+0000][gc,cpu        ] GC(802) User=0.04s Sys=0.00s Real=0.02s
[2025-11-03T10:38:22.942+0000][gc,marking    ] GC(802) Concurrent Rebuild Remembered Sets
[2025-11-03T10:38:22.968+0000][gc,start      ] GC(803) Pause Young (Normal) (G1 Evacuation Pause)
[2025-11-03T10:38:22.968+0000][gc,task       ] GC(803) Using 2 workers of 2 for evacuation
[2025-11-03T10:38:22.974+0000][gc,phases     ] GC(803)   Pre Evacuate Collection Set: 0.0ms
[2025-11-03T10:38:22.974+0000][gc,phases     ] GC(803)   Evacuate Collection Set: 4.0ms
[2025-11-03T10:38:22.974+0000][gc,phases     ] GC(803)   Post Evacuate Collection Set: 1.0ms
[2025-11-03T10:38:22.974+0000][gc,phases     ] GC(803)   Other: 1.0ms
[2025-11-03T10:38:22.975+0000][gc,heap       ] GC(803) Eden regions: 43->0(43)
[2025-11-03T10:38:22.975+0000][gc,heap       ] GC(803) Survivor regions: 1->1(6)
[2025-11-03T10:38:22.975+0000][gc,heap       ] GC(803) Old regions: 68->68
[2025-11-03T10:38:22.976+0000][gc,heap       ] GC(803) Humongous regions: 174->162
[2025-11-03T10:38:22.976+0000][gc,metaspace  ] GC(803) Metaspace: 54076K(57264K)->54076K(57264K) NonClass: 48139K(49840K)->48139K(49840K) Class: 5937K(7424K)->5937K(7424K)
[2025-11-03T10:38:22.976+0000][gc            ] GC(803) Pause Young (Normal) (G1 Evacuation Pause) 285M->230M(890M) 8.377ms
[2025-11-03T10:38:22.976+0000][gc,cpu        ] GC(803) User=0.01s Sys=0.00s Real=0.01s
[2025-11-03T10:38:23.002+0000][gc,marking    ] GC(802) Concurrent Rebuild Remembered Sets 60.000ms
[2025-11-03T10:38:23.002+0000][gc,start      ] GC(802) Pause Cleanup
[2025-11-03T10:38:23.003+0000][gc            ] GC(802) Pause Cleanup 241M->241M(890M) 0.941ms
[2025-11-03T10:38:23.004+0000][gc,cpu        ] GC(802) User=0.00s Sys=0.00s Real=0.01s
[2025-11-03T10:38:23.004+0000][gc,marking    ] GC(802) Concurrent Cleanup for Next Mark
[2025-11-03T10:38:23.006+0000][gc,marking    ] GC(802) Concurrent Cleanup for Next Mark 2.028ms
[2025-11-03T10:38:23.007+0000][gc            ] GC(802) Concurrent Cycle 167.722ms
[2025-11-03T10:38:34.398+0000][gc,start      ] GC(804) Pause Young (Normal) (G1 Evacuation Pause)
[2025-11-03T10:38:34.399+0000][gc,task       ] GC(804) Using 2 workers of 2 for evacuation
[2025-11-03T10:38:34.406+0000][gc,phases     ] GC(804)   Pre Evacuate Collection Set: 0.0ms
[2025-11-03T10:38:34.406+0000][gc,phases     ] GC(804)   Evacuate Collection Set: 5.4ms
[2025-11-03T10:38:34.407+0000][gc,phases     ] GC(804)   Post Evacuate Collection Set: 1.1ms
[2025-11-03T10:38:34.407+0000][gc,phases     ] GC(804)   Other: 1.4ms
[2025-11-03T10:38:34.407+0000][gc,heap       ] GC(804) Eden regions: 43->0(43)
[2025-11-03T10:38:34.408+0000][gc,heap       ] GC(804) Survivor regions: 1->1(6)
[2025-11-03T10:38:34.408+0000][gc,heap       ] GC(804) Old regions: 68->68
[2025-11-03T10:38:34.408+0000][gc,heap       ] GC(804) Humongous regions: 168->156
[2025-11-03T10:38:34.409+0000][gc,metaspace  ] GC(804) Metaspace: 54076K(57264K)->54076K(57264K) NonClass: 48139K(49840K)->48139K(49840K) Class: 5937K(7424K)->5937K(7424K)
[2025-11-03T10:38:34.409+0000][gc            ] GC(804) Pause Young (Normal) (G1 Evacuation Pause) 279M->224M(890M) 10.902ms
[2025-11-03T10:38:34.409+0000][gc,cpu        ] GC(804) User=0.01s Sys=0.00s Real=0.01s
[2025-11-03T10:38:59.957+0000][gc,start      ] GC(805) Pause Young (Concurrent Start) (G1 Humongous Allocation)
[2025-11-03T10:38:59.959+0000][gc,task       ] GC(805) Using 2 workers of 2 for evacuation
[2025-11-03T10:39:00.013+0000][gc,mmu        ] GC(805) MMU target violated: 21.0ms (20.0ms/21.0ms)
[2025-11-03T10:39:00.013+0000][gc,phases     ] GC(805)   Pre Evacuate Collection Set: 9.8ms
[2025-11-03T10:39:00.016+0000][gc,phases     ] GC(805)   Evacuate Collection Set: 35.5ms
[2025-11-03T10:39:00.016+0000][gc,phases     ] GC(805)   Post Evacuate Collection Set: 1.8ms
[2025-11-03T10:39:00.017+0000][gc,phases     ] GC(805)   Other: 9.6ms
[2025-11-03T10:39:00.017+0000][gc,heap       ] GC(805) Eden regions: 38->0(41)
[2025-11-03T10:39:00.017+0000][gc,heap       ] GC(805) Survivor regions: 1->3(6)
[2025-11-03T10:39:00.018+0000][gc,heap       ] GC(805) Old regions: 68->68
[2025-11-03T10:39:00.018+0000][gc,heap       ] GC(805) Humongous regions: 156->156
[2025-11-03T10:39:00.018+0000][gc,metaspace  ] GC(805) Metaspace: 54076K(57264K)->54076K(57264K) NonClass: 48139K(49840K)->48139K(49840K) Class: 5937K(7424K)->5937K(7424K)
[2025-11-03T10:39:00.018+0000][gc            ] GC(805) Pause Young (Concurrent Start) (G1 Humongous Allocation) 262M->225M(890M) 61.744ms
[2025-11-03T10:39:00.019+0000][gc,cpu        ] GC(805) User=0.07s Sys=0.00s Real=0.07s
[2025-11-03T10:39:00.019+0000][gc            ] GC(806) Concurrent Cycle
[2025-11-03T10:39:00.021+0000][gc,marking    ] GC(806) Concurrent Clear Claimed Marks
[2025-11-03T10:39:00.021+0000][gc,marking    ] GC(806) Concurrent Clear Claimed Marks 0.577ms
[2025-11-03T10:39:00.022+0000][gc,marking    ] GC(806) Concurrent Scan Root Regions
[2025-11-03T10:39:00.030+0000][gc,marking    ] GC(806) Concurrent Scan Root Regions 8.837ms
[2025-11-03T10:39:00.031+0000][gc,marking    ] GC(806) Concurrent Mark (31239.600s)
[2025-11-03T10:39:00.031+0000][gc,marking    ] GC(806) Concurrent Mark From Roots
[2025-11-03T10:39:00.031+0000][gc,task       ] GC(806) Using 1 workers of 1 for marking
[2025-11-03T10:39:00.156+0000][gc,marking    ] GC(806) Concurrent Mark From Roots 125.384ms
[2025-11-03T10:39:00.156+0000][gc,marking    ] GC(806) Concurrent Preclean
[2025-11-03T10:39:00.157+0000][gc,marking    ] GC(806) Concurrent Preclean 0.433ms
[2025-11-03T10:39:00.157+0000][gc,marking    ] GC(806) Concurrent Mark (31239.600s, 31239.726s) 126.437ms
[2025-11-03T10:39:00.158+0000][gc,start      ] GC(806) Pause Remark
[2025-11-03T10:39:00.298+0000][gc,stringtable] GC(806) Cleaned string and symbol table, strings: 17248 processed, 0 removed, symbols: 123865 processed, 0 removed
[2025-11-03T10:39:00.299+0000][gc,mmu        ] GC(806) MMU target violated: 21.0ms (20.0ms/21.0ms)
[2025-11-03T10:39:00.302+0000][gc            ] GC(806) Pause Remark 259M->259M(890M) 144.255ms
[2025-11-03T10:39:00.302+0000][gc,cpu        ] GC(806) User=0.21s Sys=0.00s Real=0.14s
[2025-11-03T10:39:00.303+0000][gc,marking    ] GC(806) Concurrent Rebuild Remembered Sets
[2025-11-03T10:39:00.326+0000][gc,start      ] GC(807) Pause Young (Normal) (G1 Evacuation Pause)
[2025-11-03T10:39:00.326+0000][gc,task       ] GC(807) Using 2 workers of 2 for evacuation
[2025-11-03T10:39:00.339+0000][gc,phases     ] GC(807)   Pre Evacuate Collection Set: 0.0ms
[2025-11-03T10:39:00.339+0000][gc,phases     ] GC(807)   Evacuate Collection Set: 11.4ms
[2025-11-03T10:39:00.340+0000][gc,phases     ] GC(807)   Post Evacuate Collection Set: 1.2ms
[2025-11-03T10:39:00.340+0000][gc,phases     ] GC(807)   Other: 1.0ms
[2025-11-03T10:39:00.340+0000][gc,heap       ] GC(807) Eden regions: 41->0(41)
[2025-11-03T10:39:00.340+0000][gc,heap       ] GC(807) Survivor regions: 3->3(6)
[2025-11-03T10:39:00.341+0000][gc,heap       ] GC(807) Old regions: 68->68
[2025-11-03T10:39:00.341+0000][gc,heap       ] GC(807) Humongous regions: 168->162
[2025-11-03T10:39:00.341+0000][gc,metaspace  ] GC(807) Metaspace: 54076K(57264K)->54076K(57264K) NonClass: 48139K(49840K)->48139K(49840K) Class: 5937K(7424K)->5937K(7424K)
[2025-11-03T10:39:00.341+0000][gc            ] GC(807) Pause Young (Normal) (G1 Evacuation Pause) 278M->231M(890M) 15.668ms
[2025-11-03T10:39:00.342+0000][gc,cpu        ] GC(807) User=0.02s Sys=0.00s Real=0.02s
[2025-11-03T10:39:00.351+0000][gc,marking    ] GC(806) Concurrent Rebuild Remembered Sets 47.713ms
[2025-11-03T10:39:00.351+0000][gc,start      ] GC(806) Pause Cleanup
[2025-11-03T10:39:00.352+0000][gc            ] GC(806) Pause Cleanup 236M->236M(890M) 0.798ms
[2025-11-03T10:39:00.352+0000][gc,cpu        ] GC(806) User=0.00s Sys=0.00s Real=0.00s
[2025-11-03T10:39:00.352+0000][gc,marking    ] GC(806) Concurrent Cleanup for Next Mark
[2025-11-03T10:39:00.374+0000][gc,marking    ] GC(806) Concurrent Cleanup for Next Mark 21.820ms
[2025-11-03T10:39:00.374+0000][gc            ] GC(806) Concurrent Cycle 355.076ms
[2025-11-03T10:39:00.431+0000][gc,start      ] GC(808) Pause Young (Prepare Mixed) (G1 Evacuation Pause)
[2025-11-03T10:39:00.432+0000][gc,task       ] GC(808) Using 2 workers of 2 for evacuation
[2025-11-03T10:39:00.440+0000][gc,phases     ] GC(808)   Pre Evacuate Collection Set: 0.3ms
[2025-11-03T10:39:00.440+0000][gc,phases     ] GC(808)   Evacuate Collection Set: 6.3ms
[2025-11-03T10:39:00.440+0000][gc,phases     ] GC(808)   Post Evacuate Collection Set: 0.9ms
[2025-11-03T10:39:00.440+0000][gc,phases     ] GC(808)   Other: 0.7ms
[2025-11-03T10:39:00.440+0000][gc,heap       ] GC(808) Eden regions: 41->0(41)
[2025-11-03T10:39:00.441+0000][gc,heap       ] GC(808) Survivor regions: 3->3(6)
[2025-11-03T10:39:00.441+0000][gc,heap       ] GC(808) Old regions: 68->68
[2025-11-03T10:39:00.441+0000][gc,heap       ] GC(808) Humongous regions: 174->162
[2025-11-03T10:39:00.441+0000][gc,metaspace  ] GC(808) Metaspace: 54076K(57264K)->54076K(57264K) NonClass: 48139K(49840K)->48139K(49840K) Class: 5937K(7424K)->5937K(7424K)
[2025-11-03T10:39:00.441+0000][gc            ] GC(808) Pause Young (Prepare Mixed) (G1 Evacuation Pause) 284M->231M(890M) 10.075ms
[2025-11-03T10:39:00.442+0000][gc,cpu        ] GC(808) User=0.01s Sys=0.00s Real=0.01s
[2025-11-03T10:39:00.473+0000][gc,start      ] GC(809) Pause Young (Mixed) (G1 Evacuation Pause)
[2025-11-03T10:39:00.473+0000][gc,task       ] GC(809) Using 2 workers of 2 for evacuation
[2025-11-03T10:39:00.482+0000][gc,phases     ] GC(809)   Pre Evacuate Collection Set: 0.0ms
[2025-11-03T10:39:00.483+0000][gc,phases     ] GC(809)   Evacuate Collection Set: 7.5ms
[2025-11-03T10:39:00.483+0000][gc,phases     ] GC(809)   Post Evacuate Collection Set: 1.1ms
[2025-11-03T10:39:00.483+0000][gc,phases     ] GC(809)   Other: 0.8ms
[2025-11-03T10:39:00.486+0000][gc,heap       ] GC(809) Eden regions: 41->0(41)
[2025-11-03T10:39:00.486+0000][gc,heap       ] GC(809) Survivor regions: 3->3(6)
[2025-11-03T10:39:00.487+0000][gc,heap       ] GC(809) Old regions: 68->67
[2025-11-03T10:39:00.487+0000][gc,heap       ] GC(809) Humongous regions: 162->162
[2025-11-03T10:39:00.487+0000][gc,metaspace  ] GC(809) Metaspace: 54076K(57264K)->54076K(57264K) NonClass: 48139K(49840K)->48139K(49840K) Class: 5937K(7424K)->5937K(7424K)
[2025-11-03T10:39:00.488+0000][gc            ] GC(809) Pause Young (Mixed) (G1 Evacuation Pause) 272M->231M(890M) 14.787ms
[2025-11-03T10:39:00.488+0000][gc,cpu        ] GC(809) User=0.01s Sys=0.00s Real=0.02s
[2025-11-03T10:39:00.494+0000][gc,start      ] GC(810) Pause Young (Concurrent Start) (G1 Humongous Allocation)
[2025-11-03T10:39:00.495+0000][gc,task       ] GC(810) Using 2 workers of 2 for evacuation
[2025-11-03T10:39:00.519+0000][gc,mmu        ] GC(810) MMU target violated: 21.0ms (20.0ms/21.0ms)
[2025-11-03T10:39:00.519+0000][gc,phases     ] GC(810)   Pre Evacuate Collection Set: 0.3ms
[2025-11-03T10:39:00.519+0000][gc,phases     ] GC(810)   Evacuate Collection Set: 22.1ms
[2025-11-03T10:39:00.520+0000][gc,phases     ] GC(810)   Post Evacuate Collection Set: 1.0ms
[2025-11-03T10:39:00.520+0000][gc,phases     ] GC(810)   Other: 1.2ms
[2025-11-03T10:39:00.520+0000][gc,heap       ] GC(810) Eden regions: 6->0(41)
[2025-11-03T10:39:00.520+0000][gc,heap       ] GC(810) Survivor regions: 3->3(6)
[2025-11-03T10:39:00.520+0000][gc,heap       ] GC(810) Old regions: 67->67
[2025-11-03T10:39:00.521+0000][gc,heap       ] GC(810) Humongous regions: 162->156
[2025-11-03T10:39:00.521+0000][gc,metaspace  ] GC(810) Metaspace: 54076K(57264K)->54076K(57264K) NonClass: 48139K(49840K)->48139K(49840K) Class: 5937K(7424K)->5937K(7424K)
[2025-11-03T10:39:00.521+0000][gc            ] GC(810) Pause Young (Concurrent Start) (G1 Humongous Allocation) 237M->225M(890M) 26.659ms
[2025-11-03T10:39:00.521+0000][gc,cpu        ] GC(810) User=0.02s Sys=0.00s Real=0.03s
[2025-11-03T10:39:00.522+0000][gc            ] GC(811) Concurrent Cycle
[2025-11-03T10:39:00.522+0000][gc,marking    ] GC(811) Concurrent Clear Claimed Marks
[2025-11-03T10:39:00.523+0000][gc,marking    ] GC(811) Concurrent Clear Claimed Marks 0.557ms
[2025-11-03T10:39:00.523+0000][gc,marking    ] GC(811) Concurrent Scan Root Regions
[2025-11-03T10:39:00.528+0000][gc,marking    ] GC(811) Concurrent Scan Root Regions 4.989ms
[2025-11-03T10:39:00.528+0000][gc,marking    ] GC(811) Concurrent Mark (31240.098s)
[2025-11-03T10:39:00.529+0000][gc,marking    ] GC(811) Concurrent Mark From Roots
[2025-11-03T10:39:00.529+0000][gc,task       ] GC(811) Using 1 workers of 1 for marking
[2025-11-03T10:39:00.581+0000][gc,marking    ] GC(811) Concurrent Mark From Roots 52.154ms
[2025-11-03T10:39:00.581+0000][gc,marking    ] GC(811) Concurrent Preclean
[2025-11-03T10:39:00.581+0000][gc,marking    ] GC(811) Concurrent Preclean 0.403ms
[2025-11-03T10:39:00.582+0000][gc,marking    ] GC(811) Concurrent Mark (31240.098s, 31240.151s) 53.547ms
[2025-11-03T10:39:00.582+0000][gc,start      ] GC(811) Pause Remark
[2025-11-03T10:39:00.617+0000][gc,stringtable] GC(811) Cleaned string and symbol table, strings: 17248 processed, 0 removed, symbols: 123865 processed, 0 removed
[2025-11-03T10:39:00.618+0000][gc,mmu        ] GC(811) MMU target violated: 21.0ms (20.0ms/21.0ms)
[2025-11-03T10:39:00.618+0000][gc            ] GC(811) Pause Remark 260M->260M(890M) 35.469ms
[2025-11-03T10:39:00.618+0000][gc,cpu        ] GC(811) User=0.02s Sys=0.00s Real=0.04s
[2025-11-03T10:39:00.619+0000][gc,marking    ] GC(811) Concurrent Rebuild Remembered Sets
[2025-11-03T10:39:00.641+0000][gc,marking    ] GC(811) Concurrent Rebuild Remembered Sets 21.729ms
[2025-11-03T10:39:00.655+0000][gc,start      ] GC(811) Pause Cleanup
[2025-11-03T10:39:00.655+0000][gc            ] GC(811) Pause Cleanup 268M->268M(890M) 0.764ms
[2025-11-03T10:39:00.656+0000][gc,cpu        ] GC(811) User=0.00s Sys=0.00s Real=0.00s
[2025-11-03T10:39:00.656+0000][gc,marking    ] GC(811) Concurrent Cleanup for Next Mark
[2025-11-03T10:39:00.682+0000][gc,marking    ] GC(811) Concurrent Cleanup for Next Mark 26.016ms
[2025-11-03T10:39:00.682+0000][gc            ] GC(811) Concurrent Cycle 160.193ms
[2025-11-03T10:39:00.699+0000][gc,start      ] GC(812) Pause Young (Normal) (G1 Evacuation Pause)
[2025-11-03T10:39:00.700+0000][gc,task       ] GC(812) Using 2 workers of 2 for evacuation
[2025-11-03T10:39:00.713+0000][gc,phases     ] GC(812)   Pre Evacuate Collection Set: 0.0ms
[2025-11-03T10:39:00.713+0000][gc,phases     ] GC(812)   Evacuate Collection Set: 11.4ms
[2025-11-03T10:39:00.713+0000][gc,phases     ] GC(812)   Post Evacuate Collection Set: 1.1ms
[2025-11-03T10:39:00.714+0000][gc,phases     ] GC(812)   Other: 1.1ms
[2025-11-03T10:39:00.714+0000][gc,heap       ] GC(812) Eden regions: 41->0(41)
[2025-11-03T10:39:00.714+0000][gc,heap       ] GC(812) Survivor regions: 3->3(6)
[2025-11-03T10:39:00.714+0000][gc,heap       ] GC(812) Old regions: 67->67
[2025-11-03T10:39:00.714+0000][gc,heap       ] GC(812) Humongous regions: 180->162
[2025-11-03T10:39:00.714+0000][gc,metaspace  ] GC(812) Metaspace: 54076K(57264K)->54076K(57264K) NonClass: 48139K(49840K)->48139K(49840K) Class: 5937K(7424K)->5937K(7424K)
[2025-11-03T10:39:00.714+0000][gc            ] GC(812) Pause Young (Normal) (G1 Evacuation Pause) 290M->231M(890M) 14.967ms
[2025-11-03T10:39:00.714+0000][gc,cpu        ] GC(812) User=0.02s Sys=0.00s Real=0.01s
[2025-11-03T10:39:00.739+0000][gc,start      ] GC(813) Pause Young (Concurrent Start) (G1 Humongous Allocation)
[2025-11-03T10:39:00.740+0000][gc,task       ] GC(813) Using 2 workers of 2 for evacuation
[2025-11-03T10:39:00.749+0000][gc,phases     ] GC(813)   Pre Evacuate Collection Set: 0.3ms
[2025-11-03T10:39:00.749+0000][gc,phases     ] GC(813)   Evacuate Collection Set: 6.8ms
[2025-11-03T10:39:00.749+0000][gc,phases     ] GC(813)   Post Evacuate Collection Set: 1.1ms
[2025-11-03T10:39:00.749+0000][gc,phases     ] GC(813)   Other: 0.9ms
[2025-11-03T10:39:00.750+0000][gc,heap       ] GC(813) Eden regions: 28->0(41)
[2025-11-03T10:39:00.750+0000][gc,heap       ] GC(813) Survivor regions: 3->3(6)
[2025-11-03T10:39:00.750+0000][gc,heap       ] GC(813) Old regions: 67->67
[2025-11-03T10:39:00.750+0000][gc,heap       ] GC(813) Humongous regions: 162->156
[2025-11-03T10:39:00.751+0000][gc,metaspace  ] GC(813) Metaspace: 54076K(57264K)->54076K(57264K) NonClass: 48139K(49840K)->48139K(49840K) Class: 5937K(7424K)->5937K(7424K)
[2025-11-03T10:39:00.751+0000][gc            ] GC(813) Pause Young (Concurrent Start) (G1 Humongous Allocation) 259M->225M(890M) 11.481ms
[2025-11-03T10:39:00.751+0000][gc,cpu        ] GC(813) User=0.02s Sys=0.00s Real=0.01s
[2025-11-03T10:39:00.752+0000][gc            ] GC(814) Concurrent Cycle
[2025-11-03T10:39:00.752+0000][gc,marking    ] GC(814) Concurrent Clear Claimed Marks
[2025-11-03T10:39:00.754+0000][gc,marking    ] GC(814) Concurrent Clear Claimed Marks 1.805ms
[2025-11-03T10:39:00.754+0000][gc,marking    ] GC(814) Concurrent Scan Root Regions
[2025-11-03T10:39:00.760+0000][gc,marking    ] GC(814) Concurrent Scan Root Regions 5.953ms
[2025-11-03T10:39:00.761+0000][gc,marking    ] GC(814) Concurrent Mark (31240.331s)
[2025-11-03T10:39:00.762+0000][gc,marking    ] GC(814) Concurrent Mark From Roots
[2025-11-03T10:39:00.762+0000][gc,task       ] GC(814) Using 1 workers of 1 for marking
[2025-11-03T10:39:00.837+0000][gc,start      ] GC(815) Pause Young (Normal) (G1 Evacuation Pause)
[2025-11-03T10:39:00.838+0000][gc,task       ] GC(815) Using 2 workers of 2 for evacuation
[2025-11-03T10:39:00.850+0000][gc,phases     ] GC(815)   Pre Evacuate Collection Set: 0.1ms
[2025-11-03T10:39:00.850+0000][gc,phases     ] GC(815)   Evacuate Collection Set: 9.7ms
[2025-11-03T10:39:00.850+0000][gc,phases     ] GC(815)   Post Evacuate Collection Set: 1.7ms
[2025-11-03T10:39:00.851+0000][gc,phases     ] GC(815)   Other: 1.0ms
[2025-11-03T10:39:00.851+0000][gc,heap       ] GC(815) Eden regions: 41->0(41)
[2025-11-03T10:39:00.851+0000][gc,heap       ] GC(815) Survivor regions: 3->3(6)
[2025-11-03T10:39:00.851+0000][gc,heap       ] GC(815) Old regions: 67->67
[2025-11-03T10:39:00.851+0000][gc,heap       ] GC(815) Humongous regions: 162->162
[2025-11-03T10:39:00.852+0000][gc,metaspace  ] GC(815) Metaspace: 54076K(57264K)->54076K(57264K) NonClass: 48139K(49840K)->48139K(49840K) Class: 5937K(7424K)->5937K(7424K)
[2025-11-03T10:39:00.852+0000][gc            ] GC(815) Pause Young (Normal) (G1 Evacuation Pause) 272M->231M(890M) 14.495ms
[2025-11-03T10:39:00.852+0000][gc,cpu        ] GC(815) User=0.02s Sys=0.00s Real=0.02s
[2025-11-03T10:39:00.865+0000][gc,marking    ] GC(814) Concurrent Mark From Roots 103.499ms
[2025-11-03T10:39:00.865+0000][gc,marking    ] GC(814) Concurrent Preclean
[2025-11-03T10:39:00.866+0000][gc,marking    ] GC(814) Concurrent Preclean 0.621ms
[2025-11-03T10:39:00.866+0000][gc,marking    ] GC(814) Concurrent Mark (31240.331s, 31240.436s) 105.238ms
[2025-11-03T10:39:00.874+0000][gc,start      ] GC(814) Pause Remark
[2025-11-03T10:39:00.891+0000][gc,stringtable] GC(814) Cleaned string and symbol table, strings: 17248 processed, 0 removed, symbols: 123865 processed, 0 removed
[2025-11-03T10:39:00.892+0000][gc            ] GC(814) Pause Remark 238M->238M(890M) 17.162ms
[2025-11-03T10:39:00.892+0000][gc,cpu        ] GC(814) User=0.03s Sys=0.00s Real=0.02s
[2025-11-03T10:39:00.892+0000][gc,marking    ] GC(814) Concurrent Rebuild Remembered Sets
[2025-11-03T10:39:00.930+0000][gc,marking    ] GC(814) Concurrent Rebuild Remembered Sets 37.451ms
[2025-11-03T10:39:00.931+0000][gc,start      ] GC(814) Pause Cleanup
[2025-11-03T10:39:00.931+0000][gc            ] GC(814) Pause Cleanup 272M->272M(890M) 0.671ms
[2025-11-03T10:39:00.932+0000][gc,cpu        ] GC(814) User=0.00s Sys=0.00s Real=0.00s
[2025-11-03T10:39:00.932+0000][gc,marking    ] GC(814) Concurrent Cleanup for Next Mark
[2025-11-03T10:39:00.933+0000][gc,marking    ] GC(814) Concurrent Cleanup for Next Mark 1.504ms
[2025-11-03T10:39:00.934+0000][gc            ] GC(814) Concurrent Cycle 181.960ms
[2025-11-03T10:39:00.939+0000][gc,start      ] GC(816) Pause Young (Concurrent Start) (G1 Humongous Allocation)
[2025-11-03T10:39:00.939+0000][gc,task       ] GC(816) Using 2 workers of 2 for evacuation
[2025-11-03T10:39:00.950+0000][gc,phases     ] GC(816)   Pre Evacuate Collection Set: 0.3ms
[2025-11-03T10:39:00.950+0000][gc,phases     ] GC(816)   Evacuate Collection Set: 8.9ms
[2025-11-03T10:39:00.951+0000][gc,phases     ] GC(816)   Post Evacuate Collection Set: 1.1ms
[2025-11-03T10:39:00.952+0000][gc,phases     ] GC(816)   Other: 1.0ms
[2025-11-03T10:39:00.952+0000][gc,heap       ] GC(816) Eden regions: 39->0(41)
[2025-11-03T10:39:00.953+0000][gc,heap       ] GC(816) Survivor regions: 3->3(6)
[2025-11-03T10:39:00.954+0000][gc,heap       ] GC(816) Old regions: 67->67
[2025-11-03T10:39:00.955+0000][gc,heap       ] GC(816) Humongous regions: 174->156
[2025-11-03T10:39:00.956+0000][gc,metaspace  ] GC(816) Metaspace: 54076K(57264K)->54076K(57264K) NonClass: 48139K(49840K)->48139K(49840K) Class: 5937K(7424K)->5937K(7424K)
[2025-11-03T10:39:00.956+0000][gc            ] GC(816) Pause Young (Concurrent Start) (G1 Humongous Allocation) 281M->225M(890M) 17.456ms
[2025-11-03T10:39:00.957+0000][gc,cpu        ] GC(816) User=0.02s Sys=0.00s Real=0.01s
[2025-11-03T10:39:00.958+0000][gc            ] GC(817) Concurrent Cycle
[2025-11-03T10:39:00.958+0000][gc,marking    ] GC(817) Concurrent Clear Claimed Marks
[2025-11-03T10:39:00.959+0000][gc,marking    ] GC(817) Concurrent Clear Claimed Marks 0.753ms
[2025-11-03T10:39:00.961+0000][gc,marking    ] GC(817) Concurrent Scan Root Regions
[2025-11-03T10:39:00.967+0000][gc,marking    ] GC(817) Concurrent Scan Root Regions 6.598ms
[2025-11-03T10:39:00.967+0000][gc,marking    ] GC(817) Concurrent Mark (31240.537s)
[2025-11-03T10:39:00.968+0000][gc,marking    ] GC(817) Concurrent Mark From Roots
[2025-11-03T10:39:00.968+0000][gc,task       ] GC(817) Using 1 workers of 1 for marking
[2025-11-03T10:39:01.021+0000][gc,marking    ] GC(817) Concurrent Mark From Roots 53.512ms
[2025-11-03T10:39:01.021+0000][gc,marking    ] GC(817) Concurrent Preclean
[2025-11-03T10:39:01.022+0000][gc,marking    ] GC(817) Concurrent Preclean 0.373ms
[2025-11-03T10:39:01.022+0000][gc,marking    ] GC(817) Concurrent Mark (31240.537s, 31240.591s) 54.579ms
[2025-11-03T10:39:01.023+0000][gc,start      ] GC(817) Pause Remark
[2025-11-03T10:39:01.036+0000][gc,stringtable] GC(817) Cleaned string and symbol table, strings: 17248 processed, 3 removed, symbols: 123865 processed, 0 removed
[2025-11-03T10:39:01.038+0000][gc            ] GC(817) Pause Remark 266M->266M(890M) 15.050ms
[2025-11-03T10:39:01.038+0000][gc,cpu        ] GC(817) User=0.02s Sys=0.00s Real=0.02s
[2025-11-03T10:39:01.038+0000][gc,marking    ] GC(817) Concurrent Rebuild Remembered Sets
[2025-11-03T10:39:01.044+0000][gc,start      ] GC(818) Pause Young (Normal) (G1 Evacuation Pause)
[2025-11-03T10:39:01.044+0000][gc,task       ] GC(818) Using 2 workers of 2 for evacuation
[2025-11-03T10:39:01.054+0000][gc,phases     ] GC(818)   Pre Evacuate Collection Set: 0.0ms
[2025-11-03T10:39:01.054+0000][gc,phases     ] GC(818)   Evacuate Collection Set: 8.0ms
[2025-11-03T10:39:01.054+0000][gc,phases     ] GC(818)   Post Evacuate Collection Set: 0.9ms
[2025-11-03T10:39:01.055+0000][gc,phases     ] GC(818)   Other: 1.0ms
[2025-11-03T10:39:01.055+0000][gc,heap       ] GC(818) Eden regions: 41->0(41)
[2025-11-03T10:39:01.055+0000][gc,heap       ] GC(818) Survivor regions: 3->3(6)
[2025-11-03T10:39:01.055+0000][gc,heap       ] GC(818) Old regions: 67->67
[2025-11-03T10:39:01.055+0000][gc,heap       ] GC(818) Humongous regions: 162->162
[2025-11-03T10:39:01.056+0000][gc,metaspace  ] GC(818) Metaspace: 54076K(57264K)->54076K(57264K) NonClass: 48139K(49840K)->48139K(49840K) Class: 5937K(7424K)->5937K(7424K)
[2025-11-03T10:39:01.056+0000][gc            ] GC(818) Pause Young (Normal) (G1 Evacuation Pause) 272M->231M(890M) 12.113ms
[2025-11-03T10:39:01.056+0000][gc,cpu        ] GC(818) User=0.02s Sys=0.00s Real=0.01s
[2025-11-03T10:53:46.552+0000][gc,marking    ] GC(817) Concurrent Rebuild Remembered Sets 44.621ms
[2025-11-03T10:53:46.553+0000][gc,start      ] GC(817) Pause Cleanup
[2025-11-03T10:53:46.554+0000][gc            ] GC(817) Pause Cleanup 262M->262M(890M) 0.803ms
[2025-11-03T10:53:46.554+0000][gc,cpu        ] GC(817) User=0.01s Sys=0.00s Real=0.00s
[2025-11-03T10:53:46.554+0000][gc,marking    ] GC(817) Concurrent Cleanup for Next Mark
[2025-11-03T10:53:46.556+0000][gc,marking    ] GC(817) Concurrent Cleanup for Next Mark 1.746ms
[2025-11-03T10:53:46.556+0000][gc            ] GC(817) Concurrent Cycle 129.985ms
[2025-11-03T10:53:46.576+0000][gc,start      ] GC(819) Pause Young (Normal) (G1 Evacuation Pause)
[2025-11-03T10:53:46.576+0000][gc,task       ] GC(819) Using 2 workers of 2 for evacuation
[2025-11-03T10:53:46.587+0000][gc,phases     ] GC(819)   Pre Evacuate Collection Set: 0.1ms
[2025-11-03T10:53:46.587+0000][gc,phases     ] GC(819)   Evacuate Collection Set: 9.3ms
[2025-11-03T10:53:46.587+0000][gc,phases     ] GC(819)   Post Evacuate Collection Set: 1.0ms
[2025-11-03T10:53:46.587+0000][gc,phases     ] GC(819)   Other: 1.0ms
[2025-11-03T10:53:46.588+0000][gc,heap       ] GC(819) Eden regions: 41->0(41)
[2025-11-03T10:53:46.588+0000][gc,heap       ] GC(819) Survivor regions: 3->3(6)
[2025-11-03T10:53:46.588+0000][gc,heap       ] GC(819) Old regions: 67->67
[2025-11-03T10:53:46.588+0000][gc,heap       ] GC(819) Humongous regions: 168->162
[2025-11-03T10:53:46.589+0000][gc,metaspace  ] GC(819) Metaspace: 54076K(57264K)->54076K(57264K) NonClass: 48139K(49840K)->48139K(49840K) Class: 5937K(7424K)->5937K(7424K)
[2025-11-03T10:53:46.589+0000][gc            ] GC(819) Pause Young (Normal) (G1 Evacuation Pause) 278M->231M(890M) 13.351ms
[2025-11-03T10:53:46.589+0000][gc,cpu        ] GC(819) User=0.02s Sys=0.00s Real=0.02s
[2025-11-03T10:53:46.614+0000][gc,start      ] GC(820) Pause Young (Concurrent Start) (G1 Humongous Allocation)
[2025-11-03T10:53:46.614+0000][gc,task       ] GC(820) Using 2 workers of 2 for evacuation
[2025-11-03T10:53:46.622+0000][gc,phases     ] GC(820)   Pre Evacuate Collection Set: 0.2ms
[2025-11-03T10:53:46.622+0000][gc,phases     ] GC(820)   Evacuate Collection Set: 6.9ms
[2025-11-03T10:53:46.623+0000][gc,phases     ] GC(820)   Post Evacuate Collection Set: 0.6ms
[2025-11-03T10:53:46.623+0000][gc,phases     ] GC(820)   Other: 0.9ms
[2025-11-03T10:53:46.623+0000][gc,heap       ] GC(820) Eden regions: 26->0(41)
[2025-11-03T10:53:46.623+0000][gc,heap       ] GC(820) Survivor regions: 3->3(6)
[2025-11-03T10:53:46.624+0000][gc,heap       ] GC(820) Old regions: 67->67
[2025-11-03T10:53:46.624+0000][gc,heap       ] GC(820) Humongous regions: 162->156
[2025-11-03T10:53:46.624+0000][gc,metaspace  ] GC(820) Metaspace: 54076K(57264K)->54076K(57264K) NonClass: 48139K(49840K)->48139K(49840K) Class: 5937K(7424K)->5937K(7424K)
[2025-11-03T10:53:46.624+0000][gc            ] GC(820) Pause Young (Concurrent Start) (G1 Humongous Allocation) 257M->225M(890M) 10.731ms
[2025-11-03T10:53:46.624+0000][gc,cpu        ] GC(820) User=0.01s Sys=0.00s Real=0.01s
[2025-11-03T10:53:46.625+0000][gc            ] GC(821) Concurrent Cycle
[2025-11-03T10:53:46.625+0000][gc,marking    ] GC(821) Concurrent Clear Claimed Marks
[2025-11-03T10:53:46.625+0000][gc,marking    ] GC(821) Concurrent Clear Claimed Marks 0.563ms
[2025-11-03T10:53:46.626+0000][gc,marking    ] GC(821) Concurrent Scan Root Regions
[2025-11-03T10:53:46.629+0000][gc,marking    ] GC(821) Concurrent Scan Root Regions 3.714ms
[2025-11-03T10:53:46.630+0000][gc,marking    ] GC(821) Concurrent Mark (31240.730s)
[2025-11-03T10:53:46.630+0000][gc,marking    ] GC(821) Concurrent Mark From Roots
[2025-11-03T10:53:46.630+0000][gc,task       ] GC(821) Using 1 workers of 1 for marking
[2025-11-03T10:53:46.679+0000][gc,marking    ] GC(821) Concurrent Mark From Roots 49.289ms
[2025-11-03T10:53:46.680+0000][gc,marking    ] GC(821) Concurrent Preclean
[2025-11-03T10:53:46.680+0000][gc,marking    ] GC(821) Concurrent Preclean 0.376ms
[2025-11-03T10:53:46.680+0000][gc,marking    ] GC(821) Concurrent Mark (31240.730s, 31240.781s) 50.524ms
[2025-11-03T10:53:46.681+0000][gc,start      ] GC(821) Pause Remark
[2025-11-03T10:53:46.692+0000][gc,stringtable] GC(821) Cleaned string and symbol table, strings: 17248 processed, 0 removed, symbols: 123865 processed, 0 removed
[2025-11-03T10:53:46.693+0000][gc            ] GC(821) Pause Remark 276M->276M(890M) 12.553ms
[2025-11-03T10:53:46.693+0000][gc,cpu        ] GC(821) User=0.03s Sys=0.00s Real=0.01s
[2025-11-03T10:53:46.694+0000][gc,marking    ] GC(821) Concurrent Rebuild Remembered Sets
[2025-11-03T10:53:46.696+0000][gc,start      ] GC(822) Pause Young (Normal) (G1 Evacuation Pause)
[2025-11-03T10:53:46.696+0000][gc,task       ] GC(822) Using 2 workers of 2 for evacuation
[2025-11-03T10:53:46.705+0000][gc,phases     ] GC(822)   Pre Evacuate Collection Set: 0.0ms
[2025-11-03T10:53:46.705+0000][gc,phases     ] GC(822)   Evacuate Collection Set: 6.8ms
[2025-11-03T10:53:46.705+0000][gc,phases     ] GC(822)   Post Evacuate Collection Set: 0.9ms
[2025-11-03T10:53:46.705+0000][gc,phases     ] GC(822)   Other: 1.0ms
[2025-11-03T10:53:46.706+0000][gc,heap       ] GC(822) Eden regions: 41->0(41)
[2025-11-03T10:53:46.706+0000][gc,heap       ] GC(822) Survivor regions: 3->3(6)
[2025-11-03T10:53:46.706+0000][gc,heap       ] GC(822) Old regions: 67->67
[2025-11-03T10:53:46.706+0000][gc,heap       ] GC(822) Humongous regions: 168->162
[2025-11-03T10:53:46.707+0000][gc,metaspace  ] GC(822) Metaspace: 54076K(57264K)->54076K(57264K) NonClass: 48139K(49840K)->48139K(49840K) Class: 5937K(7424K)->5937K(7424K)
[2025-11-03T10:53:46.707+0000][gc            ] GC(822) Pause Young (Normal) (G1 Evacuation Pause) 278M->231M(890M) 10.912ms
[2025-11-03T10:53:46.707+0000][gc,cpu        ] GC(822) User=0.02s Sys=0.00s Real=0.02s
[2025-11-03T10:53:46.736+0000][gc,marking    ] GC(821) Concurrent Rebuild Remembered Sets 42.280ms
[2025-11-03T10:53:46.747+0000][gc,start      ] GC(821) Pause Cleanup
[2025-11-03T10:53:46.748+0000][gc            ] GC(821) Pause Cleanup 266M->266M(890M) 0.911ms
[2025-11-03T10:53:46.748+0000][gc,cpu        ] GC(821) User=0.00s Sys=0.00s Real=0.00s
[2025-11-03T10:53:46.749+0000][gc,marking    ] GC(821) Concurrent Cleanup for Next Mark
[2025-11-03T10:53:46.750+0000][gc,marking    ] GC(821) Concurrent Cleanup for Next Mark 1.521ms
[2025-11-03T10:53:46.751+0000][gc            ] GC(821) Concurrent Cycle 126.059ms
[2025-11-03T10:53:46.789+0000][gc,start      ] GC(823) Pause Young (Normal) (G1 Evacuation Pause)
[2025-11-03T10:53:46.789+0000][gc,task       ] GC(823) Using 2 workers of 2 for evacuation
[2025-11-03T10:53:46.801+0000][gc,phases     ] GC(823)   Pre Evacuate Collection Set: 0.0ms
[2025-11-03T10:53:46.801+0000][gc,phases     ] GC(823)   Evacuate Collection Set: 9.8ms
[2025-11-03T10:53:46.804+0000][gc,phases     ] GC(823)   Post Evacuate Collection Set: 1.0ms
[2025-11-03T10:53:46.804+0000][gc,phases     ] GC(823)   Other: 1.2ms
[2025-11-03T10:53:46.805+0000][gc,heap       ] GC(823) Eden regions: 41->0(41)
[2025-11-03T10:53:46.805+0000][gc,heap       ] GC(823) Survivor regions: 3->3(6)
[2025-11-03T10:53:46.805+0000][gc,heap       ] GC(823) Old regions: 67->67
[2025-11-03T10:53:46.806+0000][gc,heap       ] GC(823) Humongous regions: 186->162
[2025-11-03T10:53:46.806+0000][gc,metaspace  ] GC(823) Metaspace: 54076K(57264K)->54076K(57264K) NonClass: 48139K(49840K)->48139K(49840K) Class: 5937K(7424K)->5937K(7424K)
[2025-11-03T10:53:46.806+0000][gc            ] GC(823) Pause Young (Normal) (G1 Evacuation Pause) 296M->231M(890M) 17.211ms
[2025-11-03T10:53:46.807+0000][gc,cpu        ] GC(823) User=0.02s Sys=0.00s Real=0.01s
[2025-11-03T10:53:46.854+0000][gc,start      ] GC(824) Pause Young (Concurrent Start) (G1 Humongous Allocation)
[2025-11-03T10:53:46.855+0000][gc,task       ] GC(824) Using 2 workers of 2 for evacuation
[2025-11-03T10:53:46.864+0000][gc,phases     ] GC(824)   Pre Evacuate Collection Set: 0.2ms
[2025-11-03T10:53:46.864+0000][gc,phases     ] GC(824)   Evacuate Collection Set: 6.3ms
[2025-11-03T10:53:46.865+0000][gc,phases     ] GC(824)   Post Evacuate Collection Set: 2.4ms
[2025-11-03T10:53:46.865+0000][gc,phases     ] GC(824)   Other: 1.0ms
[2025-11-03T10:53:46.865+0000][gc,heap       ] GC(824) Eden regions: 35->0(42)
[2025-11-03T10:53:46.866+0000][gc,heap       ] GC(824) Survivor regions: 3->3(6)
[2025-11-03T10:53:46.866+0000][gc,heap       ] GC(824) Old regions: 67->67
[2025-11-03T10:53:46.866+0000][gc,heap       ] GC(824) Humongous regions: 162->156
[2025-11-03T10:53:46.867+0000][gc,metaspace  ] GC(824) Metaspace: 54076K(57264K)->54076K(57264K) NonClass: 48139K(49840K)->48139K(49840K) Class: 5937K(7424K)->5937K(7424K)
[2025-11-03T10:53:46.867+0000][gc            ] GC(824) Pause Young (Concurrent Start) (G1 Humongous Allocation) 266M->225M(901M) 12.991ms
[2025-11-03T10:53:46.868+0000][gc,cpu        ] GC(824) User=0.02s Sys=0.00s Real=0.02s
[2025-11-03T10:53:46.868+0000][gc            ] GC(825) Concurrent Cycle
[2025-11-03T10:53:46.868+0000][gc,marking    ] GC(825) Concurrent Clear Claimed Marks
[2025-11-03T10:53:46.869+0000][gc,marking    ] GC(825) Concurrent Clear Claimed Marks 0.521ms
[2025-11-03T10:53:46.869+0000][gc,marking    ] GC(825) Concurrent Scan Root Regions
[2025-11-03T10:53:46.874+0000][gc,marking    ] GC(825) Concurrent Scan Root Regions 4.488ms
[2025-11-03T10:53:46.874+0000][gc,marking    ] GC(825) Concurrent Mark (31240.974s)
[2025-11-03T10:53:46.874+0000][gc,marking    ] GC(825) Concurrent Mark From Roots
[2025-11-03T10:53:46.875+0000][gc,task       ] GC(825) Using 1 workers of 1 for marking
[2025-11-03T10:53:46.924+0000][gc,marking    ] GC(825) Concurrent Mark From Roots 49.506ms
[2025-11-03T10:53:46.924+0000][gc,marking    ] GC(825) Concurrent Preclean
[2025-11-03T10:53:46.924+0000][gc,marking    ] GC(825) Concurrent Preclean 0.411ms
[2025-11-03T10:53:46.925+0000][gc,marking    ] GC(825) Concurrent Mark (31240.974s, 31241.025s) 50.767ms
[2025-11-03T10:53:46.925+0000][gc,start      ] GC(825) Pause Remark
[2025-11-03T10:53:46.937+0000][gc,stringtable] GC(825) Cleaned string and symbol table, strings: 17248 processed, 0 removed, symbols: 123865 processed, 0 removed
[2025-11-03T10:53:46.938+0000][gc            ] GC(825) Pause Remark 238M->238M(901M) 13.028ms
[2025-11-03T10:53:46.939+0000][gc,cpu        ] GC(825) User=0.02s Sys=0.00s Real=0.02s
[2025-11-03T10:53:46.939+0000][gc,marking    ] GC(825) Concurrent Rebuild Remembered Sets
[2025-11-03T10:53:46.968+0000][gc,marking    ] GC(825) Concurrent Rebuild Remembered Sets 29.479ms
[2025-11-03T10:53:46.969+0000][gc,start      ] GC(825) Pause Cleanup
[2025-11-03T10:53:46.972+0000][gc            ] GC(825) Pause Cleanup 255M->255M(901M) 2.414ms
[2025-11-03T10:53:46.972+0000][gc,cpu        ] GC(825) User=0.00s Sys=0.00s Real=0.00s
[2025-11-03T10:53:46.972+0000][gc,marking    ] GC(825) Concurrent Cleanup for Next Mark
[2025-11-03T10:53:46.974+0000][gc,marking    ] GC(825) Concurrent Cleanup for Next Mark 1.549ms
[2025-11-03T10:53:46.974+0000][gc            ] GC(825) Concurrent Cycle 106.248ms
[2025-11-03T10:53:47.012+0000][gc,start      ] GC(826) Pause Young (Normal) (G1 Evacuation Pause)
[2025-11-03T10:53:47.012+0000][gc,task       ] GC(826) Using 2 workers of 2 for evacuation
[2025-11-03T10:53:47.037+0000][gc,mmu        ] GC(826) MMU target violated: 21.0ms (20.0ms/21.0ms)
[2025-11-03T10:53:47.037+0000][gc,phases     ] GC(826)   Pre Evacuate Collection Set: 0.0ms
[2025-11-03T10:53:47.038+0000][gc,phases     ] GC(826)   Evacuate Collection Set: 23.0ms
[2025-11-03T10:53:47.038+0000][gc,phases     ] GC(826)   Post Evacuate Collection Set: 1.1ms
[2025-11-03T10:53:47.038+0000][gc,phases     ] GC(826)   Other: 1.4ms
[2025-11-03T10:53:47.039+0000][gc,heap       ] GC(826) Eden regions: 42->0(44)
[2025-11-03T10:53:47.039+0000][gc,heap       ] GC(826) Survivor regions: 3->1(6)
[2025-11-03T10:53:47.039+0000][gc,heap       ] GC(826) Old regions: 67->69
[2025-11-03T10:53:47.040+0000][gc,heap       ] GC(826) Humongous regions: 168->162
[2025-11-03T10:53:47.040+0000][gc,metaspace  ] GC(826) Metaspace: 54076K(57264K)->54076K(57264K) NonClass: 48139K(49840K)->48139K(49840K) Class: 5937K(7424K)->5937K(7424K)
[2025-11-03T10:53:47.040+0000][gc            ] GC(826) Pause Young (Normal) (G1 Evacuation Pause) 279M->231M(901M) 28.236ms
[2025-11-03T10:53:47.040+0000][gc,cpu        ] GC(826) User=0.05s Sys=0.00s Real=0.03s
[2025-11-03T10:53:47.081+0000][gc,start      ] GC(827) Pause Young (Concurrent Start) (G1 Humongous Allocation)
[2025-11-03T10:53:47.081+0000][gc,task       ] GC(827) Using 2 workers of 2 for evacuation
[2025-11-03T10:53:47.086+0000][gc,phases     ] GC(827)   Pre Evacuate Collection Set: 0.3ms
[2025-11-03T10:53:47.086+0000][gc,phases     ] GC(827)   Evacuate Collection Set: 2.7ms
[2025-11-03T10:53:47.086+0000][gc,phases     ] GC(827)   Post Evacuate Collection Set: 0.6ms
[2025-11-03T10:53:47.086+0000][gc,phases     ] GC(827)   Other: 1.2ms
[2025-11-03T10:53:47.086+0000][gc,heap       ] GC(827) Eden regions: 36->0(44)
[2025-11-03T10:53:47.087+0000][gc,heap       ] GC(827) Survivor regions: 1->1(6)
[2025-11-03T10:53:47.087+0000][gc,heap       ] GC(827) Old regions: 69->69
[2025-11-03T10:53:47.087+0000][gc,heap       ] GC(827) Humongous regions: 162->156
[2025-11-03T10:53:47.087+0000][gc,metaspace  ] GC(827) Metaspace: 54076K(57264K)->54076K(57264K) NonClass: 48139K(49840K)->48139K(49840K) Class: 5937K(7424K)->5937K(7424K)
[2025-11-03T10:53:47.088+0000][gc            ] GC(827) Pause Young (Concurrent Start) (G1 Humongous Allocation) 266M->225M(901M) 6.855ms
[2025-11-03T10:53:47.088+0000][gc,cpu        ] GC(827) User=0.00s Sys=0.01s Real=0.01s
[2025-11-03T10:53:47.088+0000][gc            ] GC(828) Concurrent Cycle
[2025-11-03T10:53:47.088+0000][gc,marking    ] GC(828) Concurrent Clear Claimed Marks
[2025-11-03T10:53:47.089+0000][gc,marking    ] GC(828) Concurrent Clear Claimed Marks 0.611ms
[2025-11-03T10:53:47.089+0000][gc,marking    ] GC(828) Concurrent Scan Root Regions
[2025-11-03T10:53:47.091+0000][gc,marking    ] GC(828) Concurrent Scan Root Regions 1.362ms
[2025-11-03T10:53:47.091+0000][gc,marking    ] GC(828) Concurrent Mark (31241.192s)
[2025-11-03T10:53:47.091+0000][gc,marking    ] GC(828) Concurrent Mark From Roots
[2025-11-03T10:53:47.092+0000][gc,task       ] GC(828) Using 1 workers of 1 for marking
[2025-11-03T10:53:47.142+0000][gc,marking    ] GC(828) Concurrent Mark From Roots 50.517ms
[2025-11-03T10:53:47.142+0000][gc,marking    ] GC(828) Concurrent Preclean
[2025-11-03T10:53:47.143+0000][gc,marking    ] GC(828) Concurrent Preclean 0.566ms
[2025-11-03T10:53:47.143+0000][gc,marking    ] GC(828) Concurrent Mark (31241.192s, 31241.243s) 51.856ms
[2025-11-03T10:53:47.143+0000][gc,start      ] GC(828) Pause Remark
[2025-11-03T10:53:47.157+0000][gc,stringtable] GC(828) Cleaned string and symbol table, strings: 17248 processed, 0 removed, symbols: 123865 processed, 0 removed
[2025-11-03T10:53:47.158+0000][gc            ] GC(828) Pause Remark 264M->264M(901M) 14.830ms
[2025-11-03T10:53:47.158+0000][gc,cpu        ] GC(828) User=0.03s Sys=0.00s Real=0.02s
[2025-11-03T10:53:47.159+0000][gc,marking    ] GC(828) Concurrent Rebuild Remembered Sets
[2025-11-03T10:53:47.172+0000][gc,start      ] GC(829) Pause Young (Normal) (G1 Evacuation Pause)
[2025-11-03T10:53:47.173+0000][gc,task       ] GC(829) Using 2 workers of 2 for evacuation
[2025-11-03T10:53:47.178+0000][gc,phases     ] GC(829)   Pre Evacuate Collection Set: 0.0ms
[2025-11-03T10:53:47.178+0000][gc,phases     ] GC(829)   Evacuate Collection Set: 3.7ms
[2025-11-03T10:53:47.178+0000][gc,phases     ] GC(829)   Post Evacuate Collection Set: 0.9ms
[2025-11-03T10:53:47.179+0000][gc,phases     ] GC(829)   Other: 1.0ms
[2025-11-03T10:53:47.179+0000][gc,heap       ] GC(829) Eden regions: 44->0(44)
[2025-11-03T10:53:47.179+0000][gc,heap       ] GC(829) Survivor regions: 1->1(6)
[2025-11-03T10:53:47.180+0000][gc,heap       ] GC(829) Old regions: 69->70
[2025-11-03T10:53:47.180+0000][gc,heap       ] GC(829) Humongous regions: 168->162
[2025-11-03T10:53:47.180+0000][gc,metaspace  ] GC(829) Metaspace: 54076K(57264K)->54076K(57264K) NonClass: 48139K(49840K)->48139K(49840K) Class: 5937K(7424K)->5937K(7424K)
[2025-11-03T10:53:47.180+0000][gc            ] GC(829) Pause Young (Normal) (G1 Evacuation Pause) 281M->231M(901M) 7.757ms
[2025-11-03T10:53:47.181+0000][gc,cpu        ] GC(829) User=0.01s Sys=0.00s Real=0.01s
[2025-11-03T10:53:47.199+0000][gc,marking    ] GC(828) Concurrent Rebuild Remembered Sets 40.553ms
[2025-11-03T10:53:47.201+0000][gc,start      ] GC(828) Pause Cleanup
[2025-11-03T10:53:47.201+0000][gc            ] GC(828) Pause Cleanup 245M->245M(901M) 0.808ms
[2025-11-03T10:53:47.202+0000][gc,cpu        ] GC(828) User=0.00s Sys=0.00s Real=0.00s
[2025-11-03T10:53:47.202+0000][gc,marking    ] GC(828) Concurrent Cleanup for Next Mark
[2025-11-03T10:53:47.204+0000][gc,marking    ] GC(828) Concurrent Cleanup for Next Mark 1.537ms
[2025-11-03T10:53:47.204+0000][gc            ] GC(828) Concurrent Cycle 115.691ms
[2025-11-03T10:53:47.257+0000][gc,start      ] GC(830) Pause Young (Prepare Mixed) (G1 Evacuation Pause)
[2025-11-03T10:53:47.258+0000][gc,task       ] GC(830) Using 2 workers of 2 for evacuation
[2025-11-03T10:53:47.262+0000][gc,phases     ] GC(830)   Pre Evacuate Collection Set: 0.0ms
[2025-11-03T10:53:47.262+0000][gc,phases     ] GC(830)   Evacuate Collection Set: 2.2ms
[2025-11-03T10:53:47.262+0000][gc,phases     ] GC(830)   Post Evacuate Collection Set: 1.1ms
[2025-11-03T10:53:47.262+0000][gc,phases     ] GC(830)   Other: 1.0ms
[2025-11-03T10:53:47.263+0000][gc,heap       ] GC(830) Eden regions: 44->0(44)
[2025-11-03T10:53:47.263+0000][gc,heap       ] GC(830) Survivor regions: 1->1(6)
[2025-11-03T10:53:47.263+0000][gc,heap       ] GC(830) Old regions: 70->70
[2025-11-03T10:53:47.263+0000][gc,heap       ] GC(830) Humongous regions: 180->162
[2025-11-03T10:53:47.264+0000][gc,metaspace  ] GC(830) Metaspace: 54076K(57264K)->54076K(57264K) NonClass: 48139K(49840K)->48139K(49840K) Class: 5937K(7424K)->5937K(7424K)
[2025-11-03T10:53:47.264+0000][gc            ] GC(830) Pause Young (Prepare Mixed) (G1 Evacuation Pause) 293M->231M(901M) 6.744ms
[2025-11-03T10:53:47.264+0000][gc,cpu        ] GC(830) User=0.01s Sys=0.01s Real=0.00s
[2025-11-03T10:53:47.312+0000][gc,start      ] GC(831) Pause Young (Mixed) (G1 Evacuation Pause)
[2025-11-03T10:53:47.312+0000][gc,task       ] GC(831) Using 2 workers of 2 for evacuation
[2025-11-03T10:53:47.319+0000][gc,phases     ] GC(831)   Pre Evacuate Collection Set: 0.1ms
[2025-11-03T10:53:47.319+0000][gc,phases     ] GC(831)   Evacuate Collection Set: 5.0ms
[2025-11-03T10:53:47.319+0000][gc,phases     ] GC(831)   Post Evacuate Collection Set: 0.7ms
[2025-11-03T10:53:47.320+0000][gc,phases     ] GC(831)   Other: 1.1ms
[2025-11-03T10:53:47.320+0000][gc,heap       ] GC(831) Eden regions: 44->0(44)
[2025-11-03T10:53:47.320+0000][gc,heap       ] GC(831) Survivor regions: 1->1(6)
[2025-11-03T10:53:47.320+0000][gc,heap       ] GC(831) Old regions: 70->68
[2025-11-03T10:53:47.320+0000][gc,heap       ] GC(831) Humongous regions: 174->162
[2025-11-03T10:53:47.320+0000][gc,metaspace  ] GC(831) Metaspace: 54076K(57264K)->54076K(57264K) NonClass: 48139K(49840K)->48139K(49840K) Class: 5937K(7424K)->5937K(7424K)
[2025-11-03T10:53:47.321+0000][gc            ] GC(831) Pause Young (Mixed) (G1 Evacuation Pause) 287M->229M(901M) 8.749ms
[2025-11-03T10:53:47.321+0000][gc,cpu        ] GC(831) User=0.01s Sys=0.00s Real=0.01s
[2025-11-03T10:53:47.328+0000][gc,start      ] GC(832) Pause Young (Concurrent Start) (G1 Humongous Allocation)
[2025-11-03T10:53:47.328+0000][gc,task       ] GC(832) Using 2 workers of 2 for evacuation
[2025-11-03T10:53:47.331+0000][gc,phases     ] GC(832)   Pre Evacuate Collection Set: 0.2ms
[2025-11-03T10:53:47.331+0000][gc,phases     ] GC(832)   Evacuate Collection Set: 1.8ms
[2025-11-03T10:53:47.332+0000][gc,phases     ] GC(832)   Post Evacuate Collection Set: 0.7ms
[2025-11-03T10:53:47.332+0000][gc,phases     ] GC(832)   Other: 0.6ms
[2025-11-03T10:53:47.332+0000][gc,heap       ] GC(832) Eden regions: 12->0(44)
[2025-11-03T10:53:47.332+0000][gc,heap       ] GC(832) Survivor regions: 1->1(6)
[2025-11-03T10:53:47.332+0000][gc,heap       ] GC(832) Old regions: 68->68
[2025-11-03T10:53:47.333+0000][gc,heap       ] GC(832) Humongous regions: 162->156
[2025-11-03T10:53:47.333+0000][gc,metaspace  ] GC(832) Metaspace: 54076K(57264K)->54076K(57264K) NonClass: 48139K(49840K)->48139K(49840K) Class: 5937K(7424K)->5937K(7424K)
[2025-11-03T10:53:47.333+0000][gc            ] GC(832) Pause Young (Concurrent Start) (G1 Humongous Allocation) 241M->223M(901M) 5.061ms
[2025-11-03T10:53:47.333+0000][gc,cpu        ] GC(832) User=0.00s Sys=0.00s Real=0.00s
[2025-11-03T10:53:47.334+0000][gc            ] GC(833) Concurrent Cycle
[2025-11-03T10:53:47.334+0000][gc,marking    ] GC(833) Concurrent Clear Claimed Marks
[2025-11-03T10:53:47.335+0000][gc,marking    ] GC(833) Concurrent Clear Claimed Marks 0.430ms
[2025-11-03T10:53:47.335+0000][gc,marking    ] GC(833) Concurrent Scan Root Regions
[2025-11-03T10:53:47.336+0000][gc,marking    ] GC(833) Concurrent Scan Root Regions 0.992ms
[2025-11-03T10:53:47.336+0000][gc,marking    ] GC(833) Concurrent Mark (31241.437s)
[2025-11-03T10:53:47.336+0000][gc,marking    ] GC(833) Concurrent Mark From Roots
[2025-11-03T10:53:47.336+0000][gc,task       ] GC(833) Using 1 workers of 1 for marking
[2025-11-03T10:53:47.377+0000][gc,marking    ] GC(833) Concurrent Mark From Roots 40.829ms
[2025-11-03T10:53:47.377+0000][gc,marking    ] GC(833) Concurrent Preclean
[2025-11-03T10:53:47.378+0000][gc,marking    ] GC(833) Concurrent Preclean 0.392ms
[2025-11-03T10:53:47.378+0000][gc,marking    ] GC(833) Concurrent Mark (31241.437s, 31241.479s) 42.012ms
[2025-11-03T10:53:47.379+0000][gc,start      ] GC(833) Pause Remark
[2025-11-03T10:53:47.388+0000][gc,stringtable] GC(833) Cleaned string and symbol table, strings: 17248 processed, 0 removed, symbols: 123865 processed, 0 removed
[2025-11-03T10:53:47.389+0000][gc            ] GC(833) Pause Remark 272M->272M(901M) 10.531ms
[2025-11-03T10:53:47.389+0000][gc,cpu        ] GC(833) User=0.02s Sys=0.00s Real=0.01s
[2025-11-03T10:53:47.390+0000][gc,marking    ] GC(833) Concurrent Rebuild Remembered Sets
[2025-11-03T10:53:47.395+0000][gc,start      ] GC(834) Pause Young (Normal) (G1 Evacuation Pause)
[2025-11-03T10:53:47.395+0000][gc,task       ] GC(834) Using 2 workers of 2 for evacuation
[2025-11-03T10:53:47.398+0000][gc,phases     ] GC(834)   Pre Evacuate Collection Set: 0.0ms
[2025-11-03T10:53:47.398+0000][gc,phases     ] GC(834)   Evacuate Collection Set: 2.0ms
[2025-11-03T10:53:47.398+0000][gc,phases     ] GC(834)   Post Evacuate Collection Set: 0.6ms
[2025-11-03T10:53:47.399+0000][gc,phases     ] GC(834)   Other: 0.5ms
[2025-11-03T10:53:47.399+0000][gc,heap       ] GC(834) Eden regions: 44->0(44)
[2025-11-03T10:53:47.399+0000][gc,heap       ] GC(834) Survivor regions: 1->1(6)
[2025-11-03T10:53:47.399+0000][gc,heap       ] GC(834) Old regions: 68->68
[2025-11-03T10:53:47.399+0000][gc,heap       ] GC(834) Humongous regions: 168->162
[2025-11-03T10:53:47.400+0000][gc,metaspace  ] GC(834) Metaspace: 54076K(57264K)->54076K(57264K) NonClass: 48139K(49840K)->48139K(49840K) Class: 5937K(7424K)->5937K(7424K)
[2025-11-03T10:53:47.400+0000][gc            ] GC(834) Pause Young (Normal) (G1 Evacuation Pause) 279M->229M(901M) 4.931ms
[2025-11-03T10:53:47.400+0000][gc,cpu        ] GC(834) User=0.00s Sys=0.00s Real=0.01s
[2025-11-03T10:53:47.421+0000][gc,marking    ] GC(833) Concurrent Rebuild Remembered Sets 31.958ms
[2025-11-03T10:53:47.422+0000][gc,start      ] GC(833) Pause Cleanup
[2025-11-03T10:53:47.423+0000][gc            ] GC(833) Pause Cleanup 261M->261M(901M) 0.701ms
[2025-11-03T10:53:47.423+0000][gc,cpu        ] GC(833) User=0.00s Sys=0.00s Real=0.00s
[2025-11-03T10:53:47.424+0000][gc,marking    ] GC(833) Concurrent Cleanup for Next Mark
[2025-11-03T10:53:47.425+0000][gc,marking    ] GC(833) Concurrent Cleanup for Next Mark 1.133ms
[2025-11-03T10:53:47.425+0000][gc            ] GC(833) Concurrent Cycle 91.242ms
[2025-11-03T10:53:47.448+0000][gc,start      ] GC(835) Pause Young (Normal) (G1 Evacuation Pause)
[2025-11-03T10:53:47.448+0000][gc,task       ] GC(835) Using 2 workers of 2 for evacuation
[2025-11-03T10:53:47.451+0000][gc,phases     ] GC(835)   Pre Evacuate Collection Set: 0.0ms
[2025-11-03T10:53:47.451+0000][gc,phases     ] GC(835)   Evacuate Collection Set: 2.0ms
[2025-11-03T10:53:47.451+0000][gc,phases     ] GC(835)   Post Evacuate Collection Set: 0.6ms
[2025-11-03T10:53:47.451+0000][gc,phases     ] GC(835)   Other: 0.5ms
[2025-11-03T10:53:47.451+0000][gc,heap       ] GC(835) Eden regions: 44->0(44)
[2025-11-03T10:53:47.452+0000][gc,heap       ] GC(835) Survivor regions: 1->1(6)
[2025-11-03T10:53:47.452+0000][gc,heap       ] GC(835) Old regions: 68->68
[2025-11-03T10:53:47.452+0000][gc,heap       ] GC(835) Humongous regions: 174->162
[2025-11-03T10:53:47.452+0000][gc,metaspace  ] GC(835) Metaspace: 54076K(57264K)->54076K(57264K) NonClass: 48139K(49840K)->48139K(49840K) Class: 5937K(7424K)->5937K(7424K)
[2025-11-03T10:53:47.452+0000][gc            ] GC(835) Pause Young (Normal) (G1 Evacuation Pause) 285M->230M(901M) 4.767ms
[2025-11-03T10:53:47.453+0000][gc,cpu        ] GC(835) User=0.01s Sys=0.00s Real=0.00s
[2025-11-03T10:53:47.471+0000][gc,start      ] GC(836) Pause Young (Concurrent Start) (G1 Humongous Allocation)
[2025-11-03T10:53:47.472+0000][gc,task       ] GC(836) Using 2 workers of 2 for evacuation
[2025-11-03T10:53:47.475+0000][gc,phases     ] GC(836)   Pre Evacuate Collection Set: 0.3ms
[2025-11-03T10:53:47.475+0000][gc,phases     ] GC(836)   Evacuate Collection Set: 1.9ms
[2025-11-03T10:53:47.475+0000][gc,phases     ] GC(836)   Post Evacuate Collection Set: 0.5ms
[2025-11-03T10:53:47.476+0000][gc,phases     ] GC(836)   Other: 0.8ms
[2025-11-03T10:53:47.476+0000][gc,heap       ] GC(836) Eden regions: 21->0(44)
[2025-11-03T10:53:47.476+0000][gc,heap       ] GC(836) Survivor regions: 1->1(6)
[2025-11-03T10:53:47.476+0000][gc,heap       ] GC(836) Old regions: 68->68
[2025-11-03T10:53:47.476+0000][gc,heap       ] GC(836) Humongous regions: 162->156
[2025-11-03T10:53:47.476+0000][gc,metaspace  ] GC(836) Metaspace: 54076K(57264K)->54076K(57264K) NonClass: 48139K(49840K)->48139K(49840K) Class: 5937K(7424K)->5937K(7424K)
[2025-11-03T10:53:47.476+0000][gc            ] GC(836) Pause Young (Concurrent Start) (G1 Humongous Allocation) 250M->224M(901M) 4.924ms
[2025-11-03T10:53:47.477+0000][gc,cpu        ] GC(836) User=0.00s Sys=0.00s Real=0.00s
[2025-11-03T10:53:47.477+0000][gc            ] GC(837) Concurrent Cycle
[2025-11-03T10:53:47.477+0000][gc,marking    ] GC(837) Concurrent Clear Claimed Marks
[2025-11-03T10:53:47.478+0000][gc,marking    ] GC(837) Concurrent Clear Claimed Marks 0.621ms
[2025-11-03T10:53:47.478+0000][gc,marking    ] GC(837) Concurrent Scan Root Regions
[2025-11-03T10:53:47.479+0000][gc,marking    ] GC(837) Concurrent Scan Root Regions 1.157ms
[2025-11-03T10:53:47.480+0000][gc,marking    ] GC(837) Concurrent Mark (31241.580s)
[2025-11-03T10:53:47.480+0000][gc,marking    ] GC(837) Concurrent Mark From Roots
[2025-11-03T10:53:47.480+0000][gc,task       ] GC(837) Using 1 workers of 1 for marking
[2025-11-03T10:53:47.521+0000][gc,marking    ] GC(837) Concurrent Mark From Roots 41.224ms
[2025-11-03T10:53:47.521+0000][gc,marking    ] GC(837) Concurrent Preclean
[2025-11-03T10:53:47.522+0000][gc,marking    ] GC(837) Concurrent Preclean 0.271ms
[2025-11-03T10:53:47.522+0000][gc,marking    ] GC(837) Concurrent Mark (31241.580s, 31241.622s) 41.968ms
[2025-11-03T10:53:47.522+0000][gc,start      ] GC(837) Pause Remark
[2025-11-03T10:53:47.532+0000][gc,stringtable] GC(837) Cleaned string and symbol table, strings: 17248 processed, 0 removed, symbols: 123865 processed, 0 removed
[2025-11-03T10:53:47.533+0000][gc            ] GC(837) Pause Remark 269M->269M(901M) 10.492ms
[2025-11-03T10:53:47.533+0000][gc,cpu        ] GC(837) User=0.02s Sys=0.01s Real=0.01s
[2025-11-03T10:53:47.533+0000][gc,marking    ] GC(837) Concurrent Rebuild Remembered Sets
[2025-11-03T10:53:47.541+0000][gc,start      ] GC(838) Pause Young (Normal) (G1 Evacuation Pause)
[2025-11-03T10:53:47.541+0000][gc,task       ] GC(838) Using 2 workers of 2 for evacuation
[2025-11-03T10:53:47.544+0000][gc,phases     ] GC(838)   Pre Evacuate Collection Set: 0.0ms
[2025-11-03T10:53:47.544+0000][gc,phases     ] GC(838)   Evacuate Collection Set: 1.9ms
[2025-11-03T10:53:47.545+0000][gc,phases     ] GC(838)   Post Evacuate Collection Set: 0.7ms
[2025-11-03T10:53:47.545+0000][gc,phases     ] GC(838)   Other: 0.4ms
[2025-11-03T10:53:47.545+0000][gc,heap       ] GC(838) Eden regions: 44->0(44)
[2025-11-03T10:53:47.545+0000][gc,heap       ] GC(838) Survivor regions: 1->1(6)
[2025-11-03T10:53:47.545+0000][gc,heap       ] GC(838) Old regions: 68->68
[2025-11-03T10:53:47.545+0000][gc,heap       ] GC(838) Humongous regions: 168->162
[2025-11-03T10:53:47.546+0000][gc,metaspace  ] GC(838) Metaspace: 54076K(57264K)->54076K(57264K) NonClass: 48139K(49840K)->48139K(49840K) Class: 5937K(7424K)->5937K(7424K)
[2025-11-03T10:53:47.546+0000][gc            ] GC(838) Pause Young (Normal) (G1 Evacuation Pause) 280M->230M(901M) 4.510ms
[2025-11-03T10:53:47.546+0000][gc,cpu        ] GC(838) User=0.00s Sys=0.00s Real=0.00s
[2025-11-03T10:53:47.562+0000][gc,marking    ] GC(837) Concurrent Rebuild Remembered Sets 28.803ms
[2025-11-03T10:53:47.563+0000][gc,start      ] GC(837) Pause Cleanup
[2025-11-03T10:53:47.563+0000][gc            ] GC(837) Pause Cleanup 261M->261M(901M) 0.551ms
[2025-11-03T10:53:47.563+0000][gc,cpu        ] GC(837) User=0.01s Sys=0.00s Real=0.00s
[2025-11-03T10:53:47.563+0000][gc,marking    ] GC(837) Concurrent Cleanup for Next Mark
[2025-11-03T10:53:47.565+0000][gc,marking    ] GC(837) Concurrent Cleanup for Next Mark 1.071ms
[2025-11-03T10:53:47.565+0000][gc            ] GC(837) Concurrent Cycle 87.917ms
[2025-11-03T10:53:47.588+0000][gc,start      ] GC(839) Pause Young (Normal) (G1 Evacuation Pause)
[2025-11-03T10:53:47.588+0000][gc,task       ] GC(839) Using 2 workers of 2 for evacuation
[2025-11-03T10:53:47.591+0000][gc,phases     ] GC(839)   Pre Evacuate Collection Set: 0.0ms
[2025-11-03T10:53:47.591+0000][gc,phases     ] GC(839)   Evacuate Collection Set: 1.8ms
[2025-11-03T10:53:47.591+0000][gc,phases     ] GC(839)   Post Evacuate Collection Set: 0.6ms
[2025-11-03T10:53:47.592+0000][gc,phases     ] GC(839)   Other: 0.6ms
[2025-11-03T10:53:47.592+0000][gc,heap       ] GC(839) Eden regions: 44->0(44)
[2025-11-03T10:53:47.592+0000][gc,heap       ] GC(839) Survivor regions: 1->1(6)
[2025-11-03T10:53:47.592+0000][gc,heap       ] GC(839) Old regions: 68->68
[2025-11-03T10:53:47.592+0000][gc,heap       ] GC(839) Humongous regions: 168->162
[2025-11-03T10:53:47.592+0000][gc,metaspace  ] GC(839) Metaspace: 54076K(57264K)->54076K(57264K) NonClass: 48139K(49840K)->48139K(49840K) Class: 5937K(7424K)->5937K(7424K)
[2025-11-03T10:53:47.593+0000][gc            ] GC(839) Pause Young (Normal) (G1 Evacuation Pause) 280M->230M(906M) 4.399ms
[2025-11-03T10:53:47.593+0000][gc,cpu        ] GC(839) User=0.00s Sys=0.00s Real=0.00s
[2025-11-03T10:53:47.606+0000][gc,start      ] GC(840) Pause Young (Concurrent Start) (G1 Humongous Allocation)
[2025-11-03T10:53:47.606+0000][gc,task       ] GC(840) Using 2 workers of 2 for evacuation
[2025-11-03T10:53:47.609+0000][gc,phases     ] GC(840)   Pre Evacuate Collection Set: 0.3ms
[2025-11-03T10:53:47.609+0000][gc,phases     ] GC(840)   Evacuate Collection Set: 1.4ms
[2025-11-03T10:53:47.609+0000][gc,phases     ] GC(840)   Post Evacuate Collection Set: 0.5ms
[2025-11-03T10:53:47.609+0000][gc,phases     ] GC(840)   Other: 0.9ms
[2025-11-03T10:53:47.609+0000][gc,heap       ] GC(840) Eden regions: 8->0(44)
[2025-11-03T10:53:47.610+0000][gc,heap       ] GC(840) Survivor regions: 1->1(6)
[2025-11-03T10:53:47.610+0000][gc,heap       ] GC(840) Old regions: 68->68
[2025-11-03T10:53:47.610+0000][gc,heap       ] GC(840) Humongous regions: 162->156
[2025-11-03T10:53:47.610+0000][gc,metaspace  ] GC(840) Metaspace: 54076K(57264K)->54076K(57264K) NonClass: 48139K(49840K)->48139K(49840K) Class: 5937K(7424K)->5937K(7424K)
[2025-11-03T10:53:47.610+0000][gc            ] GC(840) Pause Young (Concurrent Start) (G1 Humongous Allocation) 237M->224M(906M) 4.433ms
[2025-11-03T10:53:47.610+0000][gc,cpu        ] GC(840) User=0.00s Sys=0.00s Real=0.01s
[2025-11-03T10:53:47.611+0000][gc            ] GC(841) Concurrent Cycle
[2025-11-03T10:53:47.611+0000][gc,marking    ] GC(841) Concurrent Clear Claimed Marks
[2025-11-03T10:53:47.611+0000][gc,marking    ] GC(841) Concurrent Clear Claimed Marks 0.261ms
[2025-11-03T10:53:47.611+0000][gc,marking    ] GC(841) Concurrent Scan Root Regions
[2025-11-03T10:53:47.612+0000][gc,marking    ] GC(841) Concurrent Scan Root Regions 0.800ms
[2025-11-03T10:53:47.612+0000][gc,marking    ] GC(841) Concurrent Mark (31241.713s)
[2025-11-03T10:53:47.612+0000][gc,marking    ] GC(841) Concurrent Mark From Roots
[2025-11-03T10:53:47.612+0000][gc,task       ] GC(841) Using 1 workers of 1 for marking
[2025-11-03T10:53:47.656+0000][gc,marking    ] GC(841) Concurrent Mark From Roots 43.617ms
[2025-11-03T10:53:47.656+0000][gc,marking    ] GC(841) Concurrent Preclean
[2025-11-03T10:53:47.657+0000][gc,marking    ] GC(841) Concurrent Preclean 0.346ms
[2025-11-03T10:53:47.657+0000][gc,marking    ] GC(841) Concurrent Mark (31241.713s, 31241.757s) 44.488ms
[2025-11-03T10:53:47.658+0000][gc,start      ] GC(841) Pause Remark
[2025-11-03T10:53:47.669+0000][gc,stringtable] GC(841) Cleaned string and symbol table, strings: 17248 processed, 0 removed, symbols: 123865 processed, 0 removed
[2025-11-03T10:53:47.670+0000][gc            ] GC(841) Pause Remark 271M->271M(906M) 11.902ms
[2025-11-03T10:53:47.670+0000][gc,cpu        ] GC(841) User=0.03s Sys=0.00s Real=0.01s
[2025-11-03T10:53:47.670+0000][gc,marking    ] GC(841) Concurrent Rebuild Remembered Sets
[2025-11-03T10:53:47.682+0000][gc,start      ] GC(842) Pause Young (Normal) (G1 Evacuation Pause)
[2025-11-03T10:53:47.682+0000][gc,task       ] GC(842) Using 2 workers of 2 for evacuation
[2025-11-03T10:53:47.685+0000][gc,phases     ] GC(842)   Pre Evacuate Collection Set: 0.0ms
[2025-11-03T10:53:47.685+0000][gc,phases     ] GC(842)   Evacuate Collection Set: 2.0ms
[2025-11-03T10:53:47.686+0000][gc,phases     ] GC(842)   Post Evacuate Collection Set: 0.6ms
[2025-11-03T10:53:47.686+0000][gc,phases     ] GC(842)   Other: 0.5ms
[2025-11-03T10:53:47.686+0000][gc,heap       ] GC(842) Eden regions: 44->0(44)
[2025-11-03T10:53:47.686+0000][gc,heap       ] GC(842) Survivor regions: 1->1(6)
[2025-11-03T10:53:47.686+0000][gc,heap       ] GC(842) Old regions: 68->68
[2025-11-03T10:53:47.686+0000][gc,heap       ] GC(842) Humongous regions: 168->162
[2025-11-03T10:53:47.686+0000][gc,metaspace  ] GC(842) Metaspace: 54076K(57264K)->54076K(57264K) NonClass: 48139K(49840K)->48139K(49840K) Class: 5937K(7424K)->5937K(7424K)
[2025-11-03T10:53:47.686+0000][gc            ] GC(842) Pause Young (Normal) (G1 Evacuation Pause) 280M->230M(906M) 4.165ms
[2025-11-03T10:53:47.687+0000][gc,cpu        ] GC(842) User=0.00s Sys=0.00s Real=0.00s
[2025-11-03T10:53:47.697+0000][gc,marking    ] GC(841) Concurrent Rebuild Remembered Sets 27.307ms
[2025-11-03T10:53:47.698+0000][gc,start      ] GC(841) Pause Cleanup
[2025-11-03T10:53:47.698+0000][gc            ] GC(841) Pause Cleanup 247M->247M(906M) 0.561ms
[2025-11-03T10:53:47.699+0000][gc,cpu        ] GC(841) User=0.00s Sys=0.00s Real=0.00s
[2025-11-03T10:53:47.699+0000][gc,marking    ] GC(841) Concurrent Cleanup for Next Mark
[2025-11-03T10:53:47.700+0000][gc,marking    ] GC(841) Concurrent Cleanup for Next Mark 1.008ms
[2025-11-03T10:53:47.700+0000][gc            ] GC(841) Concurrent Cycle 89.170ms
[2025-11-03T10:53:47.709+0000][gc,start      ] GC(843) Pause Young (Concurrent Start) (G1 Humongous Allocation)
[2025-11-03T10:53:47.709+0000][gc,task       ] GC(843) Using 2 workers of 2 for evacuation
[2025-11-03T10:53:47.711+0000][gc,phases     ] GC(843)   Pre Evacuate Collection Set: 0.2ms
[2025-11-03T10:53:47.712+0000][gc,phases     ] GC(843)   Evacuate Collection Set: 1.6ms
[2025-11-03T10:53:47.712+0000][gc,phases     ] GC(843)   Post Evacuate Collection Set: 0.3ms
[2025-11-03T10:53:47.712+0000][gc,phases     ] GC(843)   Other: 0.4ms
[2025-11-03T10:53:47.712+0000][gc,heap       ] GC(843) Eden regions: 25->0(44)
[2025-11-03T10:53:47.712+0000][gc,heap       ] GC(843) Survivor regions: 1->1(6)
[2025-11-03T10:53:47.712+0000][gc,heap       ] GC(843) Old regions: 68->68
[2025-11-03T10:53:47.712+0000][gc,heap       ] GC(843) Humongous regions: 168->156
[2025-11-03T10:53:47.712+0000][gc,metaspace  ] GC(843) Metaspace: 54076K(57264K)->54076K(57264K) NonClass: 48139K(49840K)->48139K(49840K) Class: 5937K(7424K)->5937K(7424K)
[2025-11-03T10:53:47.713+0000][gc            ] GC(843) Pause Young (Concurrent Start) (G1 Humongous Allocation) 260M->224M(906M) 3.637ms
[2025-11-03T10:53:47.713+0000][gc,cpu        ] GC(843) User=0.00s Sys=0.00s Real=0.00s
[2025-11-03T10:53:47.713+0000][gc            ] GC(844) Concurrent Cycle
[2025-11-03T10:53:47.713+0000][gc,marking    ] GC(844) Concurrent Clear Claimed Marks
[2025-11-03T10:53:47.713+0000][gc,marking    ] GC(844) Concurrent Clear Claimed Marks 0.284ms
[2025-11-03T10:53:47.714+0000][gc,marking    ] GC(844) Concurrent Scan Root Regions
[2025-11-03T10:53:47.715+0000][gc,marking    ] GC(844) Concurrent Scan Root Regions 0.983ms
[2025-11-03T10:53:47.715+0000][gc,marking    ] GC(844) Concurrent Mark (31241.815s)
[2025-11-03T10:53:47.715+0000][gc,marking    ] GC(844) Concurrent Mark From Roots
[2025-11-03T10:53:47.715+0000][gc,task       ] GC(844) Using 1 workers of 1 for marking
[2025-11-03T10:53:47.751+0000][gc,marking    ] GC(844) Concurrent Mark From Roots 35.883ms
[2025-11-03T10:53:47.751+0000][gc,marking    ] GC(844) Concurrent Preclean
[2025-11-03T10:53:47.751+0000][gc,marking    ] GC(844) Concurrent Preclean 0.423ms
[2025-11-03T10:53:47.752+0000][gc,marking    ] GC(844) Concurrent Mark (31241.815s, 31241.852s) 36.898ms
[2025-11-03T10:53:47.752+0000][gc,start      ] GC(844) Pause Remark
[2025-11-03T10:53:47.761+0000][gc,stringtable] GC(844) Cleaned string and symbol table, strings: 17248 processed, 0 removed, symbols: 123865 processed, 0 removed
[2025-11-03T10:53:47.762+0000][gc            ] GC(844) Pause Remark 266M->266M(906M) 9.771ms
[2025-11-03T10:53:47.762+0000][gc,cpu        ] GC(844) User=0.02s Sys=0.00s Real=0.01s
[2025-11-03T10:53:47.762+0000][gc,marking    ] GC(844) Concurrent Rebuild Remembered Sets
[2025-11-03T10:53:47.783+0000][gc,start      ] GC(845) Pause Young (Normal) (G1 Evacuation Pause)
[2025-11-03T10:53:47.784+0000][gc,task       ] GC(845) Using 2 workers of 2 for evacuation
[2025-11-03T10:53:47.786+0000][gc,phases     ] GC(845)   Pre Evacuate Collection Set: 0.0ms
[2025-11-03T10:53:47.786+0000][gc,phases     ] GC(845)   Evacuate Collection Set: 1.7ms
[2025-11-03T10:53:47.787+0000][gc,phases     ] GC(845)   Post Evacuate Collection Set: 0.6ms
[2025-11-03T10:53:47.787+0000][gc,phases     ] GC(845)   Other: 0.7ms
[2025-11-03T10:53:47.787+0000][gc,heap       ] GC(845) Eden regions: 44->0(44)
[2025-11-03T10:53:47.787+0000][gc,heap       ] GC(845) Survivor regions: 1->1(6)
[2025-11-03T10:53:47.787+0000][gc,heap       ] GC(845) Old regions: 68->68
[2025-11-03T10:53:47.787+0000][gc,heap       ] GC(845) Humongous regions: 174->162
[2025-11-03T10:53:47.787+0000][gc,metaspace  ] GC(845) Metaspace: 54076K(57264K)->54076K(57264K) NonClass: 48139K(49840K)->48139K(49840K) Class: 5937K(7424K)->5937K(7424K)
[2025-11-03T10:53:47.788+0000][gc            ] GC(845) Pause Young (Normal) (G1 Evacuation Pause) 286M->230M(906M) 4.293ms
[2025-11-03T10:53:47.788+0000][gc,cpu        ] GC(845) User=0.01s Sys=0.00s Real=0.01s
[2025-11-03T10:53:47.793+0000][gc,marking    ] GC(844) Concurrent Rebuild Remembered Sets 30.822ms
[2025-11-03T10:53:47.794+0000][gc,start      ] GC(844) Pause Cleanup
[2025-11-03T10:53:47.795+0000][gc            ] GC(844) Pause Cleanup 238M->238M(906M) 0.737ms
[2025-11-03T10:53:47.795+0000][gc,cpu        ] GC(844) User=0.00s Sys=0.01s Real=0.00s
[2025-11-03T10:53:47.795+0000][gc,marking    ] GC(844) Concurrent Cleanup for Next Mark
[2025-11-03T10:53:47.796+0000][gc,marking    ] GC(844) Concurrent Cleanup for Next Mark 1.068ms
[2025-11-03T10:53:47.797+0000][gc            ] GC(844) Concurrent Cycle 83.729ms
[2025-11-03T10:53:47.815+0000][gc,start      ] GC(846) Pause Young (Concurrent Start) (G1 Humongous Allocation)
[2025-11-03T10:53:47.815+0000][gc,task       ] GC(846) Using 2 workers of 2 for evacuation
[2025-11-03T10:53:47.818+0000][gc,phases     ] GC(846)   Pre Evacuate Collection Set: 0.3ms
[2025-11-03T10:53:47.819+0000][gc,phases     ] GC(846)   Evacuate Collection Set: 1.8ms
[2025-11-03T10:53:47.819+0000][gc,phases     ] GC(846)   Post Evacuate Collection Set: 0.7ms
[2025-11-03T10:53:47.819+0000][gc,phases     ] GC(846)   Other: 0.6ms
[2025-11-03T10:53:47.820+0000][gc,heap       ] GC(846) Eden regions: 39->0(44)
[2025-11-03T10:53:47.820+0000][gc,heap       ] GC(846) Survivor regions: 1->1(6)
[2025-11-03T10:53:47.820+0000][gc,heap       ] GC(846) Old regions: 68->68
[2025-11-03T10:53:47.821+0000][gc,heap       ] GC(846) Humongous regions: 162->156
[2025-11-03T10:53:47.821+0000][gc,metaspace  ] GC(846) Metaspace: 54076K(57264K)->54076K(57264K) NonClass: 48139K(49840K)->48139K(49840K) Class: 5937K(7424K)->5937K(7424K)
[2025-11-03T10:53:47.821+0000][gc            ] GC(846) Pause Young (Concurrent Start) (G1 Humongous Allocation) 269M->224M(906M) 5.834ms
[2025-11-03T10:53:47.821+0000][gc,cpu        ] GC(846) User=0.01s Sys=0.00s Real=0.01s
[2025-11-03T10:53:47.821+0000][gc            ] GC(847) Concurrent Cycle
[2025-11-03T10:53:47.822+0000][gc,marking    ] GC(847) Concurrent Clear Claimed Marks
[2025-11-03T10:53:47.822+0000][gc,marking    ] GC(847) Concurrent Clear Claimed Marks 0.298ms
[2025-11-03T10:53:47.822+0000][gc,marking    ] GC(847) Concurrent Scan Root Regions
[2025-11-03T10:53:47.824+0000][gc,marking    ] GC(847) Concurrent Scan Root Regions 1.349ms
[2025-11-03T10:53:47.824+0000][gc,marking    ] GC(847) Concurrent Mark (31241.924s)
[2025-11-03T10:53:47.824+0000][gc,marking    ] GC(847) Concurrent Mark From Roots
[2025-11-03T10:53:47.825+0000][gc,task       ] GC(847) Using 1 workers of 1 for marking
[2025-11-03T10:53:47.861+0000][gc,marking    ] GC(847) Concurrent Mark From Roots 36.704ms
[2025-11-03T10:53:47.861+0000][gc,marking    ] GC(847) Concurrent Preclean
[2025-11-03T10:53:47.861+0000][gc,marking    ] GC(847) Concurrent Preclean 0.257ms
[2025-11-03T10:53:47.862+0000][gc,marking    ] GC(847) Concurrent Mark (31241.924s, 31241.962s) 37.673ms
[2025-11-03T10:53:47.862+0000][gc,start      ] GC(847) Pause Remark
[2025-11-03T10:53:47.872+0000][gc,stringtable] GC(847) Cleaned string and symbol table, strings: 17248 processed, 0 removed, symbols: 123865 processed, 0 removed
[2025-11-03T10:53:47.873+0000][gc            ] GC(847) Pause Remark 262M->262M(906M) 10.455ms
[2025-11-03T10:53:47.873+0000][gc,cpu        ] GC(847) User=0.02s Sys=0.01s Real=0.01s
[2025-11-03T10:53:47.873+0000][gc,marking    ] GC(847) Concurrent Rebuild Remembered Sets
[2025-11-03T10:53:47.880+0000][gc,start      ] GC(848) Pause Young (Normal) (G1 Evacuation Pause)
[2025-11-03T10:53:47.880+0000][gc,task       ] GC(848) Using 2 workers of 2 for evacuation
[2025-11-03T10:53:47.883+0000][gc,phases     ] GC(848)   Pre Evacuate Collection Set: 0.0ms
[2025-11-03T10:53:47.883+0000][gc,phases     ] GC(848)   Evacuate Collection Set: 2.0ms
[2025-11-03T10:53:47.883+0000][gc,phases     ] GC(848)   Post Evacuate Collection Set: 0.6ms
[2025-11-03T10:53:47.883+0000][gc,phases     ] GC(848)   Other: 0.5ms
[2025-11-03T10:53:47.883+0000][gc,heap       ] GC(848) Eden regions: 44->0(44)
[2025-11-03T10:53:47.883+0000][gc,heap       ] GC(848) Survivor regions: 1->1(6)
[2025-11-03T10:53:47.884+0000][gc,heap       ] GC(848) Old regions: 68->68
[2025-11-03T10:53:47.884+0000][gc,heap       ] GC(848) Humongous regions: 162->162
[2025-11-03T10:53:47.884+0000][gc,metaspace  ] GC(848) Metaspace: 54076K(57264K)->54076K(57264K) NonClass: 48139K(49840K)->48139K(49840K) Class: 5937K(7424K)->5937K(7424K)
[2025-11-03T10:53:47.884+0000][gc            ] GC(848) Pause Young (Normal) (G1 Evacuation Pause) 274M->230M(906M) 4.489ms
[2025-11-03T10:53:47.884+0000][gc,cpu        ] GC(848) User=0.01s Sys=0.00s Real=0.00s
[2025-11-03T10:53:47.899+0000][gc,marking    ] GC(847) Concurrent Rebuild Remembered Sets 25.743ms
[2025-11-03T10:53:47.899+0000][gc,start      ] GC(847) Pause Cleanup
[2025-11-03T10:53:47.900+0000][gc            ] GC(847) Pause Cleanup 250M->250M(906M) 0.414ms
[2025-11-03T10:53:47.900+0000][gc,cpu        ] GC(847) User=0.00s Sys=0.00s Real=0.00s
[2025-11-03T10:53:47.900+0000][gc,marking    ] GC(847) Concurrent Cleanup for Next Mark
[2025-11-03T10:53:47.901+0000][gc,marking    ] GC(847) Concurrent Cleanup for Next Mark 1.146ms
[2025-11-03T10:53:47.901+0000][gc            ] GC(847) Concurrent Cycle 79.958ms
[2025-11-03T10:53:47.906+0000][gc,start      ] GC(849) Pause Young (Concurrent Start) (G1 Humongous Allocation)
[2025-11-03T10:53:47.907+0000][gc,task       ] GC(849) Using 2 workers of 2 for evacuation
[2025-11-03T10:53:47.909+0000][gc,phases     ] GC(849)   Pre Evacuate Collection Set: 0.3ms
[2025-11-03T10:53:47.909+0000][gc,phases     ] GC(849)   Evacuate Collection Set: 1.7ms
[2025-11-03T10:53:47.910+0000][gc,phases     ] GC(849)   Post Evacuate Collection Set: 0.5ms
[2025-11-03T10:53:47.910+0000][gc,phases     ] GC(849)   Other: 0.4ms
[2025-11-03T10:53:47.910+0000][gc,heap       ] GC(849) Eden regions: 26->0(44)
[2025-11-03T10:53:47.910+0000][gc,heap       ] GC(849) Survivor regions: 1->1(6)
[2025-11-03T10:53:47.910+0000][gc,heap       ] GC(849) Old regions: 68->68
[2025-11-03T10:53:47.911+0000][gc,heap       ] GC(849) Humongous regions: 168->156
[2025-11-03T10:53:47.911+0000][gc,metaspace  ] GC(849) Metaspace: 54076K(57264K)->54076K(57264K) NonClass: 48139K(49840K)->48139K(49840K) Class: 5937K(7424K)->5937K(7424K)
[2025-11-03T10:53:47.911+0000][gc            ] GC(849) Pause Young (Concurrent Start) (G1 Humongous Allocation) 261M->224M(906M) 4.602ms
[2025-11-03T10:53:47.911+0000][gc,cpu        ] GC(849) User=0.01s Sys=0.00s Real=0.01s
[2025-11-03T10:53:47.911+0000][gc            ] GC(850) Concurrent Cycle
[2025-11-03T10:53:47.911+0000][gc,marking    ] GC(850) Concurrent Clear Claimed Marks
[2025-11-03T10:53:47.912+0000][gc,marking    ] GC(850) Concurrent Clear Claimed Marks 0.168ms
[2025-11-03T10:53:47.912+0000][gc,marking    ] GC(850) Concurrent Scan Root Regions
[2025-11-03T10:53:47.912+0000][gc,marking    ] GC(850) Concurrent Scan Root Regions 0.611ms
[2025-11-03T10:53:47.912+0000][gc,marking    ] GC(850) Concurrent Mark (31242.013s)
[2025-11-03T10:53:47.913+0000][gc,marking    ] GC(850) Concurrent Mark From Roots
[2025-11-03T10:53:47.913+0000][gc,task       ] GC(850) Using 1 workers of 1 for marking
[2025-11-03T10:53:47.948+0000][gc,marking    ] GC(850) Concurrent Mark From Roots 35.136ms
[2025-11-03T10:53:47.948+0000][gc,marking    ] GC(850) Concurrent Preclean
[2025-11-03T10:53:47.948+0000][gc,marking    ] GC(850) Concurrent Preclean 0.443ms
[2025-11-03T10:53:47.949+0000][gc,marking    ] GC(850) Concurrent Mark (31242.013s, 31242.049s) 36.148ms
[2025-11-03T10:53:47.949+0000][gc,start      ] GC(850) Pause Remark
[2025-11-03T10:53:47.958+0000][gc,stringtable] GC(850) Cleaned string and symbol table, strings: 17248 processed, 0 removed, symbols: 123865 processed, 0 removed
[2025-11-03T10:53:47.958+0000][gc            ] GC(850) Pause Remark 267M->267M(906M) 8.977ms
[2025-11-03T10:53:47.959+0000][gc,cpu        ] GC(850) User=0.02s Sys=0.00s Real=0.01s
[2025-11-03T10:53:47.959+0000][gc,marking    ] GC(850) Concurrent Rebuild Remembered Sets
[2025-11-03T10:53:47.965+0000][gc,start      ] GC(851) Pause Young (Normal) (G1 Evacuation Pause)
[2025-11-03T10:53:47.965+0000][gc,task       ] GC(851) Using 2 workers of 2 for evacuation
[2025-11-03T10:53:47.968+0000][gc,phases     ] GC(851)   Pre Evacuate Collection Set: 0.0ms
[2025-11-03T10:53:47.968+0000][gc,phases     ] GC(851)   Evacuate Collection Set: 1.7ms
[2025-11-03T10:53:47.968+0000][gc,phases     ] GC(851)   Post Evacuate Collection Set: 0.5ms
[2025-11-03T10:53:47.968+0000][gc,phases     ] GC(851)   Other: 0.4ms
[2025-11-03T10:53:47.968+0000][gc,heap       ] GC(851) Eden regions: 44->0(44)
[2025-11-03T10:53:47.968+0000][gc,heap       ] GC(851) Survivor regions: 1->1(6)
[2025-11-03T10:53:47.969+0000][gc,heap       ] GC(851) Old regions: 68->68
[2025-11-03T10:53:47.969+0000][gc,heap       ] GC(851) Humongous regions: 168->162
[2025-11-03T10:53:47.969+0000][gc,metaspace  ] GC(851) Metaspace: 54076K(57264K)->54076K(57264K) NonClass: 48139K(49840K)->48139K(49840K) Class: 5937K(7424K)->5937K(7424K)
[2025-11-03T10:53:47.969+0000][gc            ] GC(851) Pause Young (Normal) (G1 Evacuation Pause) 280M->230M(906M) 3.963ms
[2025-11-03T10:53:47.969+0000][gc,cpu        ] GC(851) User=0.01s Sys=0.00s Real=0.01s
[2025-11-03T10:53:47.984+0000][gc,marking    ] GC(850) Concurrent Rebuild Remembered Sets 24.939ms
[2025-11-03T10:53:47.984+0000][gc,start      ] GC(850) Pause Cleanup
[2025-11-03T10:53:47.985+0000][gc            ] GC(850) Pause Cleanup 240M->240M(906M) 0.374ms
[2025-11-03T10:53:47.985+0000][gc,cpu        ] GC(850) User=0.00s Sys=0.00s Real=0.00s
[2025-11-03T10:53:47.985+0000][gc,marking    ] GC(850) Concurrent Cleanup for Next Mark
[2025-11-03T10:53:47.986+0000][gc,marking    ] GC(850) Concurrent Cleanup for Next Mark 0.809ms
[2025-11-03T10:53:47.986+0000][gc            ] GC(850) Concurrent Cycle 74.603ms
[2025-11-03T10:53:48.020+0000][gc,start      ] GC(852) Pause Young (Normal) (G1 Evacuation Pause)
[2025-11-03T10:53:48.020+0000][gc,task       ] GC(852) Using 2 workers of 2 for evacuation
[2025-11-03T10:53:48.023+0000][gc,phases     ] GC(852)   Pre Evacuate Collection Set: 0.0ms
[2025-11-03T10:53:48.023+0000][gc,phases     ] GC(852)   Evacuate Collection Set: 1.9ms
[2025-11-03T10:53:48.023+0000][gc,phases     ] GC(852)   Post Evacuate Collection Set: 0.4ms
[2025-11-03T10:53:48.023+0000][gc,phases     ] GC(852)   Other: 0.5ms
[2025-11-03T10:53:48.023+0000][gc,heap       ] GC(852) Eden regions: 44->0(44)
[2025-11-03T10:53:48.023+0000][gc,heap       ] GC(852) Survivor regions: 1->1(6)
[2025-11-03T10:53:48.024+0000][gc,heap       ] GC(852) Old regions: 68->68
[2025-11-03T10:53:48.024+0000][gc,heap       ] GC(852) Humongous regions: 168->162
[2025-11-03T10:53:48.024+0000][gc,metaspace  ] GC(852) Metaspace: 54076K(57264K)->54076K(57264K) NonClass: 48139K(49840K)->48139K(49840K) Class: 5937K(7424K)->5937K(7424K)
[2025-11-03T10:53:48.024+0000][gc            ] GC(852) Pause Young (Normal) (G1 Evacuation Pause) 280M->230M(906M) 3.778ms
[2025-11-03T10:53:48.024+0000][gc,cpu        ] GC(852) User=0.00s Sys=0.00s Real=0.00s
[2025-11-03T10:53:48.060+0000][gc,start      ] GC(853) Pause Young (Concurrent Start) (G1 Evacuation Pause)
[2025-11-03T10:53:48.060+0000][gc,task       ] GC(853) Using 2 workers of 2 for evacuation
[2025-11-03T10:53:48.063+0000][gc,phases     ] GC(853)   Pre Evacuate Collection Set: 0.2ms
[2025-11-03T10:53:48.063+0000][gc,phases     ] GC(853)   Evacuate Collection Set: 1.3ms
[2025-11-03T10:53:48.063+0000][gc,phases     ] GC(853)   Post Evacuate Collection Set: 0.8ms
[2025-11-03T10:53:48.063+0000][gc,phases     ] GC(853)   Other: 0.5ms
[2025-11-03T10:53:48.063+0000][gc,heap       ] GC(853) Eden regions: 44->0(47)
[2025-11-03T10:53:48.063+0000][gc,heap       ] GC(853) Survivor regions: 1->1(6)
[2025-11-03T10:53:48.064+0000][gc,heap       ] GC(853) Old regions: 68->68
[2025-11-03T10:53:48.064+0000][gc,heap       ] GC(853) Humongous regions: 162->162
[2025-11-03T10:53:48.064+0000][gc,metaspace  ] GC(853) Metaspace: 54076K(57264K)->54076K(57264K) NonClass: 48139K(49840K)->48139K(49840K) Class: 5937K(7424K)->5937K(7424K)
[2025-11-03T10:53:48.064+0000][gc            ] GC(853) Pause Young (Concurrent Start) (G1 Evacuation Pause) 274M->230M(906M) 4.084ms
[2025-11-03T10:53:48.064+0000][gc,cpu        ] GC(853) User=0.00s Sys=0.00s Real=0.00s
[2025-11-03T10:53:48.064+0000][gc            ] GC(854) Concurrent Cycle
[2025-11-03T10:53:48.064+0000][gc,marking    ] GC(854) Concurrent Clear Claimed Marks
[2025-11-03T10:53:48.064+0000][gc,marking    ] GC(854) Concurrent Clear Claimed Marks 0.142ms
[2025-11-03T10:53:48.065+0000][gc,marking    ] GC(854) Concurrent Scan Root Regions
[2025-11-03T10:53:48.065+0000][gc,marking    ] GC(854) Concurrent Scan Root Regions 0.797ms
[2025-11-03T10:53:48.066+0000][gc,marking    ] GC(854) Concurrent Mark (31242.166s)
[2025-11-03T10:53:48.066+0000][gc,marking    ] GC(854) Concurrent Mark From Roots
[2025-11-03T10:53:48.066+0000][gc,task       ] GC(854) Using 1 workers of 1 for marking
[2025-11-03T10:53:48.110+0000][gc,marking    ] GC(854) Concurrent Mark From Roots 44.542ms
[2025-11-03T10:53:48.111+0000][gc,marking    ] GC(854) Concurrent Preclean
[2025-11-03T10:53:48.111+0000][gc,marking    ] GC(854) Concurrent Preclean 0.671ms
[2025-11-03T10:53:48.111+0000][gc,marking    ] GC(854) Concurrent Mark (31242.166s, 31242.212s) 45.896ms
[2025-11-03T10:53:48.112+0000][gc,start      ] GC(854) Pause Remark
[2025-11-03T10:53:48.129+0000][gc,stringtable] GC(854) Cleaned string and symbol table, strings: 17248 processed, 0 removed, symbols: 123865 processed, 0 removed
[2025-11-03T10:53:48.130+0000][gc            ] GC(854) Pause Remark 282M->282M(906M) 18.343ms
[2025-11-03T10:53:48.131+0000][gc,cpu        ] GC(854) User=0.03s Sys=0.00s Real=0.02s
[2025-11-03T10:53:48.131+0000][gc,marking    ] GC(854) Concurrent Rebuild Remembered Sets
[2025-11-03T10:53:48.137+0000][gc,start      ] GC(855) Pause Young (Normal) (G1 Evacuation Pause)
[2025-11-03T10:53:48.138+0000][gc,task       ] GC(855) Using 2 workers of 2 for evacuation
[2025-11-03T10:53:48.143+0000][gc,phases     ] GC(855)   Pre Evacuate Collection Set: 0.0ms
[2025-11-03T10:53:48.144+0000][gc,phases     ] GC(855)   Evacuate Collection Set: 3.6ms
[2025-11-03T10:53:48.144+0000][gc,phases     ] GC(855)   Post Evacuate Collection Set: 1.0ms
[2025-11-03T10:53:48.144+0000][gc,phases     ] GC(855)   Other: 1.2ms
[2025-11-03T10:53:48.145+0000][gc,heap       ] GC(855) Eden regions: 47->0(49)
[2025-11-03T10:53:48.145+0000][gc,heap       ] GC(855) Survivor regions: 1->1(6)
[2025-11-03T10:53:48.149+0000][gc,heap       ] GC(855) Old regions: 68->69
[2025-11-03T10:53:48.150+0000][gc,heap       ] GC(855) Humongous regions: 174->162
[2025-11-03T10:53:48.151+0000][gc,metaspace  ] GC(855) Metaspace: 54076K(57264K)->54076K(57264K) NonClass: 48139K(49840K)->48139K(49840K) Class: 5937K(7424K)->5937K(7424K)
[2025-11-03T10:53:48.151+0000][gc            ] GC(855) Pause Young (Normal) (G1 Evacuation Pause) 289M->230M(906M) 13.358ms
[2025-11-03T10:53:48.152+0000][gc,cpu        ] GC(855) User=0.01s Sys=0.00s Real=0.01s
[2025-11-03T10:53:48.183+0000][gc,marking    ] GC(854) Concurrent Rebuild Remembered Sets 51.692ms
[2025-11-03T10:53:48.185+0000][gc,start      ] GC(854) Pause Cleanup
[2025-11-03T10:53:48.186+0000][gc            ] GC(854) Pause Cleanup 254M->254M(906M) 0.607ms
[2025-11-03T10:53:48.186+0000][gc,cpu        ] GC(854) User=0.00s Sys=0.00s Real=0.00s
[2025-11-03T10:53:48.187+0000][gc,marking    ] GC(854) Concurrent Cleanup for Next Mark
[2025-11-03T10:53:48.188+0000][gc,marking    ] GC(854) Concurrent Cleanup for Next Mark 1.379ms
[2025-11-03T10:53:48.188+0000][gc            ] GC(854) Concurrent Cycle 124.142ms
[2025-11-03T10:53:48.197+0000][gc,start      ] GC(856) Pause Young (Concurrent Start) (G1 Humongous Allocation)
[2025-11-03T10:53:48.198+0000][gc,task       ] GC(856) Using 2 workers of 2 for evacuation
[2025-11-03T10:53:48.203+0000][gc,phases     ] GC(856)   Pre Evacuate Collection Set: 0.2ms
[2025-11-03T10:53:48.203+0000][gc,phases     ] GC(856)   Evacuate Collection Set: 3.3ms
[2025-11-03T10:53:48.203+0000][gc,phases     ] GC(856)   Post Evacuate Collection Set: 0.5ms
[2025-11-03T10:53:48.204+0000][gc,phases     ] GC(856)   Other: 1.3ms
[2025-11-03T10:53:48.204+0000][gc,heap       ] GC(856) Eden regions: 32->0(46)
[2025-11-03T10:53:48.204+0000][gc,heap       ] GC(856) Survivor regions: 1->1(7)
[2025-11-03T10:53:48.205+0000][gc,heap       ] GC(856) Old regions: 69->69
[2025-11-03T10:53:48.205+0000][gc,heap       ] GC(856) Humongous regions: 168->156
[2025-11-03T10:53:48.205+0000][gc,metaspace  ] GC(856) Metaspace: 54076K(57264K)->54076K(57264K) NonClass: 48139K(49840K)->48139K(49840K) Class: 5937K(7424K)->5937K(7424K)
[2025-11-03T10:53:48.206+0000][gc            ] GC(856) Pause Young (Concurrent Start) (G1 Humongous Allocation) 268M->224M(906M) 8.054ms
[2025-11-03T10:53:48.206+0000][gc,cpu        ] GC(856) User=0.01s Sys=0.00s Real=0.00s
[2025-11-03T10:53:48.206+0000][gc            ] GC(857) Concurrent Cycle
[2025-11-03T10:53:48.206+0000][gc,marking    ] GC(857) Concurrent Clear Claimed Marks
[2025-11-03T10:53:48.207+0000][gc,marking    ] GC(857) Concurrent Clear Claimed Marks 0.437ms
[2025-11-03T10:53:48.207+0000][gc,marking    ] GC(857) Concurrent Scan Root Regions
[2025-11-03T10:53:48.209+0000][gc,marking    ] GC(857) Concurrent Scan Root Regions 1.271ms
[2025-11-03T10:53:48.209+0000][gc,marking    ] GC(857) Concurrent Mark (31242.309s)
[2025-11-03T10:53:48.209+0000][gc,marking    ] GC(857) Concurrent Mark From Roots
[2025-11-03T10:53:48.210+0000][gc,task       ] GC(857) Using 1 workers of 1 for marking
[2025-11-03T10:53:48.261+0000][gc,marking    ] GC(857) Concurrent Mark From Roots 51.098ms
[2025-11-03T10:53:48.261+0000][gc,marking    ] GC(857) Concurrent Preclean
[2025-11-03T10:53:48.261+0000][gc,marking    ] GC(857) Concurrent Preclean 0.264ms
[2025-11-03T10:53:48.261+0000][gc,marking    ] GC(857) Concurrent Mark (31242.309s, 31242.362s) 52.352ms
[2025-11-03T10:53:48.262+0000][gc,start      ] GC(857) Pause Remark
[2025-11-03T10:53:48.270+0000][gc,stringtable] GC(857) Cleaned string and symbol table, strings: 17248 processed, 0 removed, symbols: 123865 processed, 0 removed
[2025-11-03T10:53:48.270+0000][gc            ] GC(857) Pause Remark 265M->265M(906M) 8.840ms
[2025-11-03T10:53:48.271+0000][gc,cpu        ] GC(857) User=0.01s Sys=0.00s Real=0.01s
[2025-11-03T10:53:48.271+0000][gc,marking    ] GC(857) Concurrent Rebuild Remembered Sets
[2025-11-03T10:53:48.291+0000][gc,marking    ] GC(857) Concurrent Rebuild Remembered Sets 20.218ms
[2025-11-03T10:53:48.291+0000][gc,start      ] GC(857) Pause Cleanup
[2025-11-03T10:53:48.292+0000][gc            ] GC(857) Pause Cleanup 265M->265M(906M) 0.375ms
[2025-11-03T10:53:48.292+0000][gc,cpu        ] GC(857) User=0.00s Sys=0.00s Real=0.00s
[2025-11-03T10:53:48.292+0000][gc,marking    ] GC(857) Concurrent Cleanup for Next Mark
[2025-11-03T10:53:48.293+0000][gc,marking    ] GC(857) Concurrent Cleanup for Next Mark 0.824ms
[2025-11-03T10:53:48.293+0000][gc            ] GC(857) Concurrent Cycle 86.872ms
[2025-11-03T10:54:19.329+0000][gc,start      ] GC(858) Pause Young (Normal) (G1 Evacuation Pause)
[2025-11-03T10:54:19.329+0000][gc,task       ] GC(858) Using 2 workers of 2 for evacuation
[2025-11-03T10:54:19.333+0000][gc,phases     ] GC(858)   Pre Evacuate Collection Set: 0.1ms
[2025-11-03T10:54:19.333+0000][gc,phases     ] GC(858)   Evacuate Collection Set: 3.4ms
[2025-11-03T10:54:19.334+0000][gc,phases     ] GC(858)   Post Evacuate Collection Set: 0.7ms
[2025-11-03T10:54:19.334+0000][gc,phases     ] GC(858)   Other: 0.5ms
[2025-11-03T10:54:19.334+0000][gc,heap       ] GC(858) Eden regions: 44->0(43)
[2025-11-03T10:54:19.334+0000][gc,heap       ] GC(858) Survivor regions: 1->2(6)
[2025-11-03T10:54:19.334+0000][gc,heap       ] GC(858) Old regions: 69->69
[2025-11-03T10:54:19.334+0000][gc,heap       ] GC(858) Humongous regions: 162->156
[2025-11-03T10:54:19.334+0000][gc,metaspace  ] GC(858) Metaspace: 54076K(57264K)->54076K(57264K) NonClass: 48139K(49840K)->48139K(49840K) Class: 5937K(7424K)->5937K(7424K)
[2025-11-03T10:54:19.334+0000][gc            ] GC(858) Pause Young (Normal) (G1 Evacuation Pause) 274M->225M(906M) 5.740ms
[2025-11-03T10:54:19.335+0000][gc,cpu        ] GC(858) User=0.01s Sys=0.00s Real=0.01s
[2025-11-03T11:09:32.551+0000][gc,start      ] GC(859) Pause Young (Concurrent Start) (G1 Evacuation Pause)
[2025-11-03T11:09:32.552+0000][gc,task       ] GC(859) Using 2 workers of 2 for evacuation
[2025-11-03T11:09:32.564+0000][gc,phases     ] GC(859)   Pre Evacuate Collection Set: 0.2ms
[2025-11-03T11:09:32.567+0000][gc,phases     ] GC(859)   Evacuate Collection Set: 9.9ms
[2025-11-03T11:09:32.568+0000][gc,phases     ] GC(859)   Post Evacuate Collection Set: 1.3ms
[2025-11-03T11:09:32.568+0000][gc,phases     ] GC(859)   Other: 0.8ms
[2025-11-03T11:09:32.569+0000][gc,heap       ] GC(859) Eden regions: 43->0(46)
[2025-11-03T11:09:32.569+0000][gc,heap       ] GC(859) Survivor regions: 2->3(6)
[2025-11-03T11:09:32.569+0000][gc,heap       ] GC(859) Old regions: 69->69
[2025-11-03T11:09:32.570+0000][gc,heap       ] GC(859) Humongous regions: 156->156
[2025-11-03T11:09:32.570+0000][gc,metaspace  ] GC(859) Metaspace: 54084K(57264K)->54084K(57264K) NonClass: 48147K(49840K)->48147K(49840K) Class: 5937K(7424K)->5937K(7424K)
[2025-11-03T11:09:32.570+0000][gc            ] GC(859) Pause Young (Concurrent Start) (G1 Evacuation Pause) 268M->226M(906M) 18.594ms
[2025-11-03T11:09:32.570+0000][gc,cpu        ] GC(859) User=0.02s Sys=0.00s Real=0.02s
[2025-11-03T11:09:32.571+0000][gc            ] GC(860) Concurrent Cycle
[2025-11-03T11:09:32.571+0000][gc,marking    ] GC(860) Concurrent Clear Claimed Marks
[2025-11-03T11:09:32.572+0000][gc,marking    ] GC(860) Concurrent Clear Claimed Marks 0.437ms
[2025-11-03T11:09:32.572+0000][gc,marking    ] GC(860) Concurrent Scan Root Regions
[2025-11-03T11:09:32.582+0000][gc,marking    ] GC(860) Concurrent Scan Root Regions 9.593ms
[2025-11-03T11:09:32.582+0000][gc,marking    ] GC(860) Concurrent Mark (32186.878s)
[2025-11-03T11:09:32.583+0000][gc,marking    ] GC(860) Concurrent Mark From Roots
[2025-11-03T11:09:32.583+0000][gc,task       ] GC(860) Using 1 workers of 1 for marking
[2025-11-03T11:09:32.647+0000][gc,marking    ] GC(860) Concurrent Mark From Roots 63.845ms
[2025-11-03T11:09:32.648+0000][gc,marking    ] GC(860) Concurrent Preclean
[2025-11-03T11:09:32.649+0000][gc,marking    ] GC(860) Concurrent Preclean 1.876ms
[2025-11-03T11:09:32.650+0000][gc,marking    ] GC(860) Concurrent Mark (32186.878s, 32186.946s) 68.173ms
[2025-11-03T11:09:32.651+0000][gc,start      ] GC(860) Pause Remark
[2025-11-03T11:09:32.668+0000][gc,stringtable] GC(860) Cleaned string and symbol table, strings: 17251 processed, 3 removed, symbols: 123865 processed, 0 removed
[2025-11-03T11:09:32.669+0000][gc            ] GC(860) Pause Remark 231M->231M(906M) 17.878ms
[2025-11-03T11:09:32.669+0000][gc,cpu        ] GC(860) User=0.03s Sys=0.00s Real=0.02s
[2025-11-03T11:09:32.670+0000][gc,marking    ] GC(860) Concurrent Rebuild Remembered Sets
[2025-11-03T11:09:32.726+0000][gc,marking    ] GC(860) Concurrent Rebuild Remembered Sets 56.406ms
[2025-11-03T11:09:32.727+0000][gc,start      ] GC(860) Pause Cleanup
[2025-11-03T11:09:32.728+0000][gc            ] GC(860) Pause Cleanup 234M->234M(906M) 0.717ms
[2025-11-03T11:09:32.728+0000][gc,cpu        ] GC(860) User=0.00s Sys=0.00s Real=0.00s
[2025-11-03T11:09:32.729+0000][gc,marking    ] GC(860) Concurrent Cleanup for Next Mark
[2025-11-03T11:09:32.731+0000][gc,marking    ] GC(860) Concurrent Cleanup for Next Mark 1.449ms
[2025-11-03T11:09:32.731+0000][gc            ] GC(860) Concurrent Cycle 160.006ms
[2025-11-03T11:09:32.867+0000][gc,start      ] GC(861) Pause Young (Prepare Mixed) (G1 Evacuation Pause)
[2025-11-03T11:09:32.867+0000][gc,task       ] GC(861) Using 2 workers of 2 for evacuation
[2025-11-03T11:09:32.878+0000][gc,phases     ] GC(861)   Pre Evacuate Collection Set: 0.0ms
[2025-11-03T11:09:32.878+0000][gc,phases     ] GC(861)   Evacuate Collection Set: 8.7ms
[2025-11-03T11:09:32.878+0000][gc,phases     ] GC(861)   Post Evacuate Collection Set: 1.3ms
[2025-11-03T11:09:32.879+0000][gc,phases     ] GC(861)   Other: 0.9ms
[2025-11-03T11:09:32.879+0000][gc,heap       ] GC(861) Eden regions: 45->0(41)
[2025-11-03T11:09:32.879+0000][gc,heap       ] GC(861) Survivor regions: 3->4(6)
[2025-11-03T11:09:32.879+0000][gc,heap       ] GC(861) Old regions: 69->69
[2025-11-03T11:09:32.879+0000][gc,heap       ] GC(861) Humongous regions: 168->162
[2025-11-03T11:09:32.880+0000][gc,metaspace  ] GC(861) Metaspace: 54084K(57264K)->54084K(57264K) NonClass: 48147K(49840K)->48147K(49840K) Class: 5937K(7424K)->5937K(7424K)
[2025-11-03T11:09:32.880+0000][gc            ] GC(861) Pause Young (Prepare Mixed) (G1 Evacuation Pause) 283M->233M(906M) 13.085ms
[2025-11-03T11:09:32.880+0000][gc,cpu        ] GC(861) User=0.02s Sys=0.00s Real=0.01s
[2025-11-03T11:09:32.913+0000][gc,start      ] GC(862) Pause Young (Mixed) (G1 Evacuation Pause)
[2025-11-03T11:09:32.913+0000][gc,task       ] GC(862) Using 2 workers of 2 for evacuation
[2025-11-03T11:09:32.924+0000][gc,phases     ] GC(862)   Pre Evacuate Collection Set: 0.0ms
[2025-11-03T11:09:32.924+0000][gc,phases     ] GC(862)   Evacuate Collection Set: 9.7ms
[2025-11-03T11:09:32.924+0000][gc,phases     ] GC(862)   Post Evacuate Collection Set: 0.9ms
[2025-11-03T11:09:32.924+0000][gc,phases     ] GC(862)   Other: 0.6ms
[2025-11-03T11:09:32.925+0000][gc,heap       ] GC(862) Eden regions: 41->0(41)
[2025-11-03T11:09:32.925+0000][gc,heap       ] GC(862) Survivor regions: 4->4(6)
[2025-11-03T11:09:32.925+0000][gc,heap       ] GC(862) Old regions: 69->68
[2025-11-03T11:09:32.925+0000][gc,heap       ] GC(862) Humongous regions: 174->162
[2025-11-03T11:09:32.925+0000][gc,metaspace  ] GC(862) Metaspace: 54084K(57264K)->54084K(57264K) NonClass: 48147K(49840K)->48147K(49840K) Class: 5937K(7424K)->5937K(7424K)
[2025-11-03T11:09:32.926+0000][gc            ] GC(862) Pause Young (Mixed) (G1 Evacuation Pause) 286M->232M(906M) 13.205ms
[2025-11-03T11:09:32.926+0000][gc,cpu        ] GC(862) User=0.02s Sys=0.00s Real=0.01s
[2025-11-03T11:09:32.951+0000][gc,start      ] GC(863) Pause Young (Concurrent Start) (G1 Evacuation Pause)
[2025-11-03T11:09:32.952+0000][gc,task       ] GC(863) Using 2 workers of 2 for evacuation
[2025-11-03T11:09:32.961+0000][gc,phases     ] GC(863)   Pre Evacuate Collection Set: 0.2ms
[2025-11-03T11:09:32.961+0000][gc,phases     ] GC(863)   Evacuate Collection Set: 7.3ms
[2025-11-03T11:09:32.961+0000][gc,phases     ] GC(863)   Post Evacuate Collection Set: 1.1ms
[2025-11-03T11:09:32.962+0000][gc,phases     ] GC(863)   Other: 0.7ms
[2025-11-03T11:09:32.962+0000][gc,heap       ] GC(863) Eden regions: 41->0(47)
[2025-11-03T11:09:32.962+0000][gc,heap       ] GC(863) Survivor regions: 4->4(6)
[2025-11-03T11:09:32.962+0000][gc,heap       ] GC(863) Old regions: 68->68
[2025-11-03T11:09:32.963+0000][gc,heap       ] GC(863) Humongous regions: 162->162
[2025-11-03T11:09:32.963+0000][gc,metaspace  ] GC(863) Metaspace: 54084K(57264K)->54084K(57264K) NonClass: 48147K(49840K)->48147K(49840K) Class: 5937K(7424K)->5937K(7424K)
[2025-11-03T11:09:32.963+0000][gc            ] GC(863) Pause Young (Concurrent Start) (G1 Evacuation Pause) 273M->232M(906M) 11.746ms
[2025-11-03T11:09:32.963+0000][gc,cpu        ] GC(863) User=0.02s Sys=0.00s Real=0.02s
[2025-11-03T11:09:32.964+0000][gc            ] GC(864) Concurrent Cycle
[2025-11-03T11:09:32.964+0000][gc,marking    ] GC(864) Concurrent Clear Claimed Marks
[2025-11-03T11:09:32.965+0000][gc,marking    ] GC(864) Concurrent Clear Claimed Marks 0.617ms
[2025-11-03T11:09:32.965+0000][gc,marking    ] GC(864) Concurrent Scan Root Regions
[2025-11-03T11:09:32.970+0000][gc,marking    ] GC(864) Concurrent Scan Root Regions 4.839ms
[2025-11-03T11:09:32.970+0000][gc,marking    ] GC(864) Concurrent Mark (32187.266s)
[2025-11-03T11:09:32.971+0000][gc,marking    ] GC(864) Concurrent Mark From Roots
[2025-11-03T11:09:32.971+0000][gc,task       ] GC(864) Using 1 workers of 1 for marking
[2025-11-03T11:09:33.011+0000][gc,start      ] GC(865) Pause Young (Normal) (G1 Evacuation Pause)
[2025-11-03T11:09:33.011+0000][gc,task       ] GC(865) Using 2 workers of 2 for evacuation
[2025-11-03T11:09:33.020+0000][gc,phases     ] GC(865)   Pre Evacuate Collection Set: 0.0ms
[2025-11-03T11:09:33.020+0000][gc,phases     ] GC(865)   Evacuate Collection Set: 7.2ms
[2025-11-03T11:09:33.020+0000][gc,phases     ] GC(865)   Post Evacuate Collection Set: 1.0ms
[2025-11-03T11:09:33.020+0000][gc,phases     ] GC(865)   Other: 0.8ms
[2025-11-03T11:09:33.021+0000][gc,heap       ] GC(865) Eden regions: 47->0(48)
[2025-11-03T11:09:33.021+0000][gc,heap       ] GC(865) Survivor regions: 4->4(7)
[2025-11-03T11:09:33.021+0000][gc,heap       ] GC(865) Old regions: 68->68
[2025-11-03T11:09:33.022+0000][gc,heap       ] GC(865) Humongous regions: 180->162
[2025-11-03T11:09:33.022+0000][gc,metaspace  ] GC(865) Metaspace: 54084K(57264K)->54084K(57264K) NonClass: 48147K(49840K)->48147K(49840K) Class: 5937K(7424K)->5937K(7424K)
[2025-11-03T11:09:33.022+0000][gc            ] GC(865) Pause Young (Normal) (G1 Evacuation Pause) 297M->232M(906M) 11.552ms
[2025-11-03T11:09:33.023+0000][gc,cpu        ] GC(865) User=0.02s Sys=0.00s Real=0.02s
[2025-11-03T11:09:33.034+0000][gc,marking    ] GC(864) Concurrent Mark From Roots 63.346ms
[2025-11-03T11:09:33.034+0000][gc,marking    ] GC(864) Concurrent Preclean
[2025-11-03T11:09:33.034+0000][gc,marking    ] GC(864) Concurrent Preclean 0.380ms
[2025-11-03T11:09:33.035+0000][gc,marking    ] GC(864) Concurrent Mark (32187.266s, 32187.330s) 64.373ms
[2025-11-03T11:09:33.035+0000][gc,start      ] GC(864) Pause Remark
[2025-11-03T11:09:33.048+0000][gc,stringtable] GC(864) Cleaned string and symbol table, strings: 17248 processed, 0 removed, symbols: 123865 processed, 0 removed
[2025-11-03T11:09:33.049+0000][gc            ] GC(864) Pause Remark 252M->252M(906M) 13.780ms
[2025-11-03T11:09:33.049+0000][gc,cpu        ] GC(864) User=0.03s Sys=0.00s Real=0.01s
[2025-11-03T11:09:33.050+0000][gc,marking    ] GC(864) Concurrent Rebuild Remembered Sets
[2025-11-03T11:09:33.076+0000][gc,start      ] GC(866) Pause Young (Normal) (G1 Evacuation Pause)
[2025-11-03T11:09:33.076+0000][gc,task       ] GC(866) Using 2 workers of 2 for evacuation
[2025-11-03T11:09:33.087+0000][gc,phases     ] GC(866)   Pre Evacuate Collection Set: 0.0ms
[2025-11-03T11:09:33.087+0000][gc,phases     ] GC(866)   Evacuate Collection Set: 9.0ms
[2025-11-03T11:09:33.088+0000][gc,phases     ] GC(866)   Post Evacuate Collection Set: 1.3ms
[2025-11-03T11:09:33.088+0000][gc,phases     ] GC(866)   Other: 1.1ms
[2025-11-03T11:09:33.088+0000][gc,heap       ] GC(866) Eden regions: 48->0(49)
[2025-11-03T11:09:33.088+0000][gc,heap       ] GC(866) Survivor regions: 4->4(7)
[2025-11-03T11:09:33.089+0000][gc,heap       ] GC(866) Old regions: 68->68
[2025-11-03T11:09:33.089+0000][gc,heap       ] GC(866) Humongous regions: 174->162
[2025-11-03T11:09:33.089+0000][gc,metaspace  ] GC(866) Metaspace: 54084K(57264K)->54084K(57264K) NonClass: 48147K(49840K)->48147K(49840K) Class: 5937K(7424K)->5937K(7424K)
[2025-11-03T11:09:33.089+0000][gc            ] GC(866) Pause Young (Normal) (G1 Evacuation Pause) 292M->232M(906M) 13.422ms
[2025-11-03T11:09:33.089+0000][gc,cpu        ] GC(866) User=0.02s Sys=0.00s Real=0.01s
[2025-11-03T11:09:33.091+0000][gc,marking    ] GC(864) Concurrent Rebuild Remembered Sets 41.723ms
[2025-11-03T11:09:33.092+0000][gc,start      ] GC(864) Pause Cleanup
[2025-11-03T11:09:33.093+0000][gc            ] GC(864) Pause Cleanup 235M->235M(906M) 0.707ms
[2025-11-03T11:09:33.093+0000][gc,cpu        ] GC(864) User=0.00s Sys=0.00s Real=0.00s
[2025-11-03T11:09:33.093+0000][gc,marking    ] GC(864) Concurrent Cleanup for Next Mark
[2025-11-03T11:09:33.095+0000][gc,marking    ] GC(864) Concurrent Cleanup for Next Mark 1.450ms
[2025-11-03T11:09:33.095+0000][gc            ] GC(864) Concurrent Cycle 131.056ms
[2025-11-03T11:09:33.126+0000][gc,start      ] GC(867) Pause Young (Normal) (G1 Evacuation Pause)
[2025-11-03T11:09:33.126+0000][gc,task       ] GC(867) Using 2 workers of 2 for evacuation
[2025-11-03T11:09:33.133+0000][gc,phases     ] GC(867)   Pre Evacuate Collection Set: 0.0ms
[2025-11-03T11:09:33.134+0000][gc,phases     ] GC(867)   Evacuate Collection Set: 5.8ms
[2025-11-03T11:09:33.134+0000][gc,phases     ] GC(867)   Post Evacuate Collection Set: 0.9ms
[2025-11-03T11:09:33.134+0000][gc,phases     ] GC(867)   Other: 0.6ms
[2025-11-03T11:09:33.134+0000][gc,heap       ] GC(867) Eden regions: 49->0(44)
[2025-11-03T11:09:33.134+0000][gc,heap       ] GC(867) Survivor regions: 4->4(7)
[2025-11-03T11:09:33.134+0000][gc,heap       ] GC(867) Old regions: 68->68
[2025-11-03T11:09:33.135+0000][gc,heap       ] GC(867) Humongous regions: 162->162
[2025-11-03T11:09:33.135+0000][gc,metaspace  ] GC(867) Metaspace: 54084K(57264K)->54084K(57264K) NonClass: 48147K(49840K)->48147K(49840K) Class: 5937K(7424K)->5937K(7424K)
[2025-11-03T11:09:33.135+0000][gc            ] GC(867) Pause Young (Normal) (G1 Evacuation Pause) 281M->232M(906M) 9.002ms
[2025-11-03T11:09:33.135+0000][gc,cpu        ] GC(867) User=0.01s Sys=0.00s Real=0.01s
[2025-11-03T11:09:33.147+0000][gc,start      ] GC(868) Pause Young (Concurrent Start) (G1 Humongous Allocation)
[2025-11-03T11:09:33.147+0000][gc,task       ] GC(868) Using 2 workers of 2 for evacuation
[2025-11-03T11:09:33.163+0000][gc,phases     ] GC(868)   Pre Evacuate Collection Set: 0.3ms
[2025-11-03T11:09:33.164+0000][gc,phases     ] GC(868)   Evacuate Collection Set: 15.0ms
[2025-11-03T11:09:33.164+0000][gc,phases     ] GC(868)   Post Evacuate Collection Set: 0.5ms
[2025-11-03T11:09:33.164+0000][gc,phases     ] GC(868)   Other: 0.8ms
[2025-11-03T11:09:33.164+0000][gc,heap       ] GC(868) Eden regions: 18->0(53)
[2025-11-03T11:09:33.164+0000][gc,heap       ] GC(868) Survivor regions: 4->2(6)
[2025-11-03T11:09:33.165+0000][gc,heap       ] GC(868) Old regions: 68->70
[2025-11-03T11:09:33.165+0000][gc,heap       ] GC(868) Humongous regions: 162->156
[2025-11-03T11:09:33.165+0000][gc,metaspace  ] GC(868) Metaspace: 54084K(57264K)->54084K(57264K) NonClass: 48147K(49840K)->48147K(49840K) Class: 5937K(7424K)->5937K(7424K)
[2025-11-03T11:09:33.165+0000][gc            ] GC(868) Pause Young (Concurrent Start) (G1 Humongous Allocation) 250M->226M(906M) 18.356ms
[2025-11-03T11:09:33.165+0000][gc,cpu        ] GC(868) User=0.04s Sys=0.00s Real=0.02s
[2025-11-03T11:09:33.166+0000][gc            ] GC(869) Concurrent Cycle
[2025-11-03T11:09:33.166+0000][gc,marking    ] GC(869) Concurrent Clear Claimed Marks
[2025-11-03T11:09:33.166+0000][gc,marking    ] GC(869) Concurrent Clear Claimed Marks 0.556ms
[2025-11-03T11:09:33.166+0000][gc,marking    ] GC(869) Concurrent Scan Root Regions
[2025-11-03T11:09:33.168+0000][gc,marking    ] GC(869) Concurrent Scan Root Regions 1.867ms
[2025-11-03T11:09:33.169+0000][gc,marking    ] GC(869) Concurrent Mark (32187.464s)
[2025-11-03T11:09:33.169+0000][gc,marking    ] GC(869) Concurrent Mark From Roots
[2025-11-03T11:09:33.169+0000][gc,task       ] GC(869) Using 1 workers of 1 for marking
[2025-11-03T11:09:33.212+0000][gc,start      ] GC(870) Pause Young (Normal) (G1 Evacuation Pause)
[2025-11-03T11:09:33.212+0000][gc,task       ] GC(870) Using 2 workers of 2 for evacuation
[2025-11-03T11:09:33.220+0000][gc,phases     ] GC(870)   Pre Evacuate Collection Set: 0.0ms
[2025-11-03T11:09:33.220+0000][gc,phases     ] GC(870)   Evacuate Collection Set: 6.4ms
[2025-11-03T11:09:33.220+0000][gc,phases     ] GC(870)   Post Evacuate Collection Set: 1.1ms
[2025-11-03T11:09:33.221+0000][gc,phases     ] GC(870)   Other: 0.9ms
[2025-11-03T11:09:33.221+0000][gc,heap       ] GC(870) Eden regions: 53->0(55)
[2025-11-03T11:09:33.221+0000][gc,heap       ] GC(870) Survivor regions: 2->2(7)
[2025-11-03T11:09:33.221+0000][gc,heap       ] GC(870) Old regions: 70->70
[2025-11-03T11:09:33.222+0000][gc,heap       ] GC(870) Humongous regions: 174->162
[2025-11-03T11:09:33.222+0000][gc,metaspace  ] GC(870) Metaspace: 54084K(57264K)->54084K(57264K) NonClass: 48147K(49840K)->48147K(49840K) Class: 5937K(7424K)->5937K(7424K)
[2025-11-03T11:09:33.223+0000][gc            ] GC(870) Pause Young (Normal) (G1 Evacuation Pause) 297M->232M(906M) 10.992ms
[2025-11-03T11:09:33.223+0000][gc,cpu        ] GC(870) User=0.02s Sys=0.00s Real=0.02s
[2025-11-03T11:09:33.229+0000][gc,marking    ] GC(869) Concurrent Mark From Roots 60.477ms
[2025-11-03T11:09:33.230+0000][gc,marking    ] GC(869) Concurrent Preclean
[2025-11-03T11:09:33.230+0000][gc,marking    ] GC(869) Concurrent Preclean 0.652ms
[2025-11-03T11:09:33.230+0000][gc,marking    ] GC(869) Concurrent Mark (32187.464s, 32187.526s) 61.824ms
[2025-11-03T11:09:33.231+0000][gc,start      ] GC(869) Pause Remark
[2025-11-03T11:09:33.244+0000][gc,stringtable] GC(869) Cleaned string and symbol table, strings: 17248 processed, 0 removed, symbols: 123865 processed, 0 removed
[2025-11-03T11:09:33.245+0000][gc            ] GC(869) Pause Remark 242M->242M(906M) 13.665ms
[2025-11-03T11:09:33.245+0000][gc,cpu        ] GC(869) User=0.03s Sys=0.00s Real=0.02s
[2025-11-03T11:09:33.246+0000][gc,marking    ] GC(869) Concurrent Rebuild Remembered Sets
[2025-11-03T11:09:33.279+0000][gc,marking    ] GC(869) Concurrent Rebuild Remembered Sets 32.984ms
[2025-11-03T11:09:33.280+0000][gc,start      ] GC(871) Pause Young (Normal) (G1 Evacuation Pause)
[2025-11-03T11:09:33.280+0000][gc,task       ] GC(871) Using 2 workers of 2 for evacuation
[2025-11-03T11:09:33.288+0000][gc,phases     ] GC(871)   Pre Evacuate Collection Set: 0.1ms
[2025-11-03T11:09:33.288+0000][gc,phases     ] GC(871)   Evacuate Collection Set: 5.9ms
[2025-11-03T11:09:33.289+0000][gc,phases     ] GC(871)   Post Evacuate Collection Set: 1.0ms
[2025-11-03T11:09:33.289+0000][gc,phases     ] GC(871)   Other: 0.7ms
[2025-11-03T11:09:33.289+0000][gc,heap       ] GC(871) Eden regions: 49->0(57)
[2025-11-03T11:09:33.290+0000][gc,heap       ] GC(871) Survivor regions: 2->2(7)
[2025-11-03T11:09:33.290+0000][gc,heap       ] GC(871) Old regions: 70->70
[2025-11-03T11:09:33.290+0000][gc,heap       ] GC(871) Humongous regions: 168->162
[2025-11-03T11:09:33.291+0000][gc,metaspace  ] GC(871) Metaspace: 54084K(57264K)->54084K(57264K) NonClass: 48147K(49840K)->48147K(49840K) Class: 5937K(7424K)->5937K(7424K)
[2025-11-03T11:09:33.291+0000][gc            ] GC(871) Pause Young (Normal) (G1 Evacuation Pause) 287M->232M(906M) 11.057ms
[2025-11-03T11:09:33.291+0000][gc,cpu        ] GC(871) User=0.02s Sys=0.00s Real=0.01s
[2025-11-03T11:09:33.293+0000][gc,start      ] GC(869) Pause Cleanup
[2025-11-03T11:09:33.294+0000][gc            ] GC(869) Pause Cleanup 233M->233M(906M) 0.618ms
[2025-11-03T11:09:33.294+0000][gc,cpu        ] GC(869) User=0.00s Sys=0.00s Real=0.00s
[2025-11-03T11:09:33.294+0000][gc,marking    ] GC(869) Concurrent Cleanup for Next Mark
[2025-11-03T11:09:33.296+0000][gc,marking    ] GC(869) Concurrent Cleanup for Next Mark 1.695ms
[2025-11-03T11:09:33.296+0000][gc            ] GC(869) Concurrent Cycle 130.879ms
[2025-11-03T11:09:33.408+0000][gc,start      ] GC(872) Pause Young (Prepare Mixed) (G1 Evacuation Pause)
[2025-11-03T11:09:33.408+0000][gc,task       ] GC(872) Using 2 workers of 2 for evacuation
[2025-11-03T11:09:33.413+0000][gc,phases     ] GC(872)   Pre Evacuate Collection Set: 0.0ms
[2025-11-03T11:09:33.413+0000][gc,phases     ] GC(872)   Evacuate Collection Set: 3.4ms
[2025-11-03T11:09:33.413+0000][gc,phases     ] GC(872)   Post Evacuate Collection Set: 0.8ms
[2025-11-03T11:09:33.413+0000][gc,phases     ] GC(872)   Other: 0.9ms
[2025-11-03T11:09:33.414+0000][gc,heap       ] GC(872) Eden regions: 57->0(43)
[2025-11-03T11:09:33.414+0000][gc,heap       ] GC(872) Survivor regions: 2->2(8)
[2025-11-03T11:09:33.414+0000][gc,heap       ] GC(872) Old regions: 70->70
[2025-11-03T11:09:33.414+0000][gc,heap       ] GC(872) Humongous regions: 192->162
[2025-11-03T11:09:33.414+0000][gc,metaspace  ] GC(872) Metaspace: 54084K(57264K)->54084K(57264K) NonClass: 48147K(49840K)->48147K(49840K) Class: 5937K(7424K)->5937K(7424K)
[2025-11-03T11:09:33.414+0000][gc            ] GC(872) Pause Young (Prepare Mixed) (G1 Evacuation Pause) 319M->233M(906M) 6.477ms
[2025-11-03T11:09:33.415+0000][gc,cpu        ] GC(872) User=0.01s Sys=0.00s Real=0.01s
[2025-11-03T11:09:33.444+0000][gc,start      ] GC(873) Pause Young (Mixed) (G1 Evacuation Pause)
[2025-11-03T11:09:33.444+0000][gc,task       ] GC(873) Using 2 workers of 2 for evacuation
[2025-11-03T11:09:33.455+0000][gc,phases     ] GC(873)   Pre Evacuate Collection Set: 0.0ms
[2025-11-03T11:09:33.455+0000][gc,phases     ] GC(873)   Evacuate Collection Set: 9.5ms
[2025-11-03T11:09:33.455+0000][gc,phases     ] GC(873)   Post Evacuate Collection Set: 0.6ms
[2025-11-03T11:09:33.455+0000][gc,phases     ] GC(873)   Other: 0.8ms
[2025-11-03T11:09:33.455+0000][gc,heap       ] GC(873) Eden regions: 43->0(53)
[2025-11-03T11:09:33.455+0000][gc,heap       ] GC(873) Survivor regions: 2->2(6)
[2025-11-03T11:09:33.455+0000][gc,heap       ] GC(873) Old regions: 70->68
[2025-11-03T11:09:33.456+0000][gc,heap       ] GC(873) Humongous regions: 168->162
[2025-11-03T11:09:33.456+0000][gc,metaspace  ] GC(873) Metaspace: 54084K(57264K)->54084K(57264K) NonClass: 48147K(49840K)->48147K(49840K) Class: 5937K(7424K)->5937K(7424K)
[2025-11-03T11:09:33.456+0000][gc            ] GC(873) Pause Young (Mixed) (G1 Evacuation Pause) 282M->231M(906M) 11.833ms
[2025-11-03T11:09:33.456+0000][gc,cpu        ] GC(873) User=0.02s Sys=0.00s Real=0.01s
[2025-11-03T11:09:33.473+0000][gc,start      ] GC(874) Pause Young (Concurrent Start) (G1 Humongous Allocation)
[2025-11-03T11:09:33.474+0000][gc,task       ] GC(874) Using 2 workers of 2 for evacuation
[2025-11-03T11:09:33.479+0000][gc,phases     ] GC(874)   Pre Evacuate Collection Set: 0.2ms
[2025-11-03T11:09:33.479+0000][gc,phases     ] GC(874)   Evacuate Collection Set: 3.9ms
[2025-11-03T11:09:33.479+0000][gc,phases     ] GC(874)   Post Evacuate Collection Set: 0.6ms
[2025-11-03T11:09:33.479+0000][gc,phases     ] GC(874)   Other: 0.7ms
[2025-11-03T11:09:33.480+0000][gc,heap       ] GC(874) Eden regions: 30->0(52)
[2025-11-03T11:09:33.480+0000][gc,heap       ] GC(874) Survivor regions: 2->2(7)
[2025-11-03T11:09:33.480+0000][gc,heap       ] GC(874) Old regions: 68->68
[2025-11-03T11:09:33.480+0000][gc,heap       ] GC(874) Humongous regions: 162->156
[2025-11-03T11:09:33.480+0000][gc,metaspace  ] GC(874) Metaspace: 54084K(57264K)->54084K(57264K) NonClass: 48147K(49840K)->48147K(49840K) Class: 5937K(7424K)->5937K(7424K)
[2025-11-03T11:09:33.480+0000][gc            ] GC(874) Pause Young (Concurrent Start) (G1 Humongous Allocation) 260M->225M(906M) 6.916ms
[2025-11-03T11:09:33.480+0000][gc,cpu        ] GC(874) User=0.01s Sys=0.00s Real=0.00s
[2025-11-03T11:09:33.481+0000][gc            ] GC(875) Concurrent Cycle
[2025-11-03T11:09:33.481+0000][gc,marking    ] GC(875) Concurrent Clear Claimed Marks
[2025-11-03T11:09:33.481+0000][gc,marking    ] GC(875) Concurrent Clear Claimed Marks 0.433ms
[2025-11-03T11:09:33.482+0000][gc,marking    ] GC(875) Concurrent Scan Root Regions
[2025-11-03T11:09:33.484+0000][gc,marking    ] GC(875) Concurrent Scan Root Regions 2.477ms
[2025-11-03T11:09:33.484+0000][gc,marking    ] GC(875) Concurrent Mark (32187.780s)
[2025-11-03T11:09:33.484+0000][gc,marking    ] GC(875) Concurrent Mark From Roots
[2025-11-03T11:09:33.485+0000][gc,task       ] GC(875) Using 1 workers of 1 for marking
[2025-11-03T11:09:33.521+0000][gc,start      ] GC(876) Pause Young (Normal) (G1 Evacuation Pause)
[2025-11-03T11:09:33.521+0000][gc,task       ] GC(876) Using 2 workers of 2 for evacuation
[2025-11-03T11:09:33.528+0000][gc,phases     ] GC(876)   Pre Evacuate Collection Set: 0.0ms
[2025-11-03T11:09:33.529+0000][gc,phases     ] GC(876)   Evacuate Collection Set: 5.7ms
[2025-11-03T11:09:33.529+0000][gc,phases     ] GC(876)   Post Evacuate Collection Set: 1.0ms
[2025-11-03T11:09:33.529+0000][gc,phases     ] GC(876)   Other: 0.8ms
[2025-11-03T11:09:33.530+0000][gc,heap       ] GC(876) Eden regions: 52->0(56)
[2025-11-03T11:09:33.530+0000][gc,heap       ] GC(876) Survivor regions: 2->2(7)
[2025-11-03T11:09:33.530+0000][gc,heap       ] GC(876) Old regions: 68->68
[2025-11-03T11:09:33.531+0000][gc,heap       ] GC(876) Humongous regions: 168->162
[2025-11-03T11:09:33.531+0000][gc,metaspace  ] GC(876) Metaspace: 54084K(57264K)->54084K(57264K) NonClass: 48147K(49840K)->48147K(49840K) Class: 5937K(7424K)->5937K(7424K)
[2025-11-03T11:09:33.532+0000][gc            ] GC(876) Pause Young (Normal) (G1 Evacuation Pause) 289M->231M(906M) 10.789ms
[2025-11-03T11:09:33.532+0000][gc,cpu        ] GC(876) User=0.01s Sys=0.00s Real=0.02s
[2025-11-03T11:09:33.545+0000][gc,marking    ] GC(875) Concurrent Mark From Roots 60.061ms
[2025-11-03T11:09:33.545+0000][gc,marking    ] GC(875) Concurrent Preclean
[2025-11-03T11:09:33.545+0000][gc,marking    ] GC(875) Concurrent Preclean 0.488ms
[2025-11-03T11:09:33.546+0000][gc,marking    ] GC(875) Concurrent Mark (32187.780s, 32187.841s) 61.378ms
[2025-11-03T11:09:33.546+0000][gc,start      ] GC(875) Pause Remark
[2025-11-03T11:09:33.565+0000][gc,stringtable] GC(875) Cleaned string and symbol table, strings: 17253 processed, 0 removed, symbols: 123865 processed, 0 removed
[2025-11-03T11:09:33.566+0000][gc            ] GC(875) Pause Remark 243M->243M(906M) 19.436ms
[2025-11-03T11:09:33.566+0000][gc,cpu        ] GC(875) User=0.04s Sys=0.00s Real=0.02s
[2025-11-03T11:09:33.566+0000][gc,marking    ] GC(875) Concurrent Rebuild Remembered Sets
[2025-11-03T11:09:33.603+0000][gc,marking    ] GC(875) Concurrent Rebuild Remembered Sets 36.272ms
[2025-11-03T11:09:33.603+0000][gc,start      ] GC(875) Pause Cleanup
[2025-11-03T11:09:33.604+0000][gc            ] GC(875) Pause Cleanup 287M->287M(906M) 1.013ms
[2025-11-03T11:09:33.605+0000][gc,cpu        ] GC(875) User=0.00s Sys=0.00s Real=0.00s
[2025-11-03T11:09:33.605+0000][gc,marking    ] GC(875) Concurrent Cleanup for Next Mark
[2025-11-03T11:09:33.607+0000][gc,marking    ] GC(875) Concurrent Cleanup for Next Mark 1.586ms
[2025-11-03T11:09:33.607+0000][gc            ] GC(875) Concurrent Cycle 126.276ms
[2025-11-03T11:09:33.608+0000][gc,start      ] GC(877) Pause Young (Concurrent Start) (G1 Humongous Allocation)
[2025-11-03T11:09:33.608+0000][gc,task       ] GC(877) Using 2 workers of 2 for evacuation
[2025-11-03T11:09:33.616+0000][gc,phases     ] GC(877)   Pre Evacuate Collection Set: 0.3ms
[2025-11-03T11:09:33.616+0000][gc,phases     ] GC(877)   Evacuate Collection Set: 5.5ms
[2025-11-03T11:09:33.616+0000][gc,phases     ] GC(877)   Post Evacuate Collection Set: 0.9ms
[2025-11-03T11:09:33.616+0000][gc,phases     ] GC(877)   Other: 1.0ms
[2025-11-03T11:09:33.616+0000][gc,heap       ] GC(877) Eden regions: 52->0(56)
[2025-11-03T11:09:33.617+0000][gc,heap       ] GC(877) Survivor regions: 2->2(8)
[2025-11-03T11:09:33.617+0000][gc,heap       ] GC(877) Old regions: 68->68
[2025-11-03T11:09:33.617+0000][gc,heap       ] GC(877) Humongous regions: 168->156
[2025-11-03T11:09:33.617+0000][gc,metaspace  ] GC(877) Metaspace: 54084K(57264K)->54084K(57264K) NonClass: 48147K(49840K)->48147K(49840K) Class: 5937K(7424K)->5937K(7424K)
[2025-11-03T11:09:33.618+0000][gc            ] GC(877) Pause Young (Concurrent Start) (G1 Humongous Allocation) 289M->225M(906M) 9.939ms
[2025-11-03T11:09:33.618+0000][gc,cpu        ] GC(877) User=0.01s Sys=0.00s Real=0.01s
[2025-11-03T11:09:33.619+0000][gc            ] GC(878) Concurrent Cycle
[2025-11-03T11:09:33.619+0000][gc,marking    ] GC(878) Concurrent Clear Claimed Marks
[2025-11-03T11:09:33.619+0000][gc,marking    ] GC(878) Concurrent Clear Claimed Marks 0.526ms
[2025-11-03T11:09:33.620+0000][gc,marking    ] GC(878) Concurrent Scan Root Regions
[2025-11-03T11:09:33.623+0000][gc,marking    ] GC(878) Concurrent Scan Root Regions 3.056ms
[2025-11-03T11:09:33.623+0000][gc,marking    ] GC(878) Concurrent Mark (32187.918s)
[2025-11-03T11:09:33.623+0000][gc,marking    ] GC(878) Concurrent Mark From Roots
[2025-11-03T11:09:33.624+0000][gc,task       ] GC(878) Using 1 workers of 1 for marking
[2025-11-03T11:09:33.672+0000][gc,start      ] GC(879) Pause Young (Normal) (G1 Evacuation Pause)
[2025-11-03T11:09:33.672+0000][gc,task       ] GC(879) Using 2 workers of 2 for evacuation
[2025-11-03T11:09:33.678+0000][gc,phases     ] GC(879)   Pre Evacuate Collection Set: 0.0ms
[2025-11-03T11:09:33.679+0000][gc,phases     ] GC(879)   Evacuate Collection Set: 4.2ms
[2025-11-03T11:09:33.679+0000][gc,phases     ] GC(879)   Post Evacuate Collection Set: 1.3ms
[2025-11-03T11:09:33.679+0000][gc,phases     ] GC(879)   Other: 0.9ms
[2025-11-03T11:09:33.679+0000][gc,heap       ] GC(879) Eden regions: 56->0(59)
[2025-11-03T11:09:33.679+0000][gc,heap       ] GC(879) Survivor regions: 2->2(8)
[2025-11-03T11:09:33.680+0000][gc,heap       ] GC(879) Old regions: 68->68
[2025-11-03T11:09:33.680+0000][gc,heap       ] GC(879) Humongous regions: 174->162
[2025-11-03T11:09:33.680+0000][gc,metaspace  ] GC(879) Metaspace: 54084K(57264K)->54084K(57264K) NonClass: 48147K(49840K)->48147K(49840K) Class: 5937K(7424K)->5937K(7424K)
[2025-11-03T11:09:33.680+0000][gc            ] GC(879) Pause Young (Normal) (G1 Evacuation Pause) 299M->231M(922M) 8.123ms
[2025-11-03T11:09:33.680+0000][gc,cpu        ] GC(879) User=0.01s Sys=0.00s Real=0.00s
[2025-11-03T11:09:33.684+0000][gc,marking    ] GC(878) Concurrent Mark From Roots 60.377ms
[2025-11-03T11:09:33.684+0000][gc,marking    ] GC(878) Concurrent Preclean
[2025-11-03T11:09:33.684+0000][gc,marking    ] GC(878) Concurrent Preclean 0.404ms
[2025-11-03T11:09:33.685+0000][gc,marking    ] GC(878) Concurrent Mark (32187.918s, 32187.980s) 61.665ms
[2025-11-03T11:09:33.685+0000][gc,start      ] GC(878) Pause Remark
[2025-11-03T11:09:33.697+0000][gc,stringtable] GC(878) Cleaned string and symbol table, strings: 17253 processed, 0 removed, symbols: 123865 processed, 0 removed
[2025-11-03T11:09:33.698+0000][gc            ] GC(878) Pause Remark 235M->235M(922M) 12.587ms
[2025-11-03T11:09:33.698+0000][gc,cpu        ] GC(878) User=0.03s Sys=0.00s Real=0.01s
[2025-11-03T11:09:33.699+0000][gc,marking    ] GC(878) Concurrent Rebuild Remembered Sets
[2025-11-03T11:09:33.725+0000][gc,marking    ] GC(878) Concurrent Rebuild Remembered Sets 26.269ms
[2025-11-03T11:09:33.726+0000][gc,start      ] GC(878) Pause Cleanup
[2025-11-03T11:09:33.727+0000][gc            ] GC(878) Pause Cleanup 268M->268M(922M) 0.753ms
[2025-11-03T11:09:33.727+0000][gc,cpu        ] GC(878) User=0.00s Sys=0.00s Real=0.00s
[2025-11-03T11:09:33.728+0000][gc,marking    ] GC(878) Concurrent Cleanup for Next Mark
[2025-11-03T11:09:33.730+0000][gc,marking    ] GC(878) Concurrent Cleanup for Next Mark 2.802ms
[2025-11-03T11:09:33.731+0000][gc            ] GC(878) Concurrent Cycle 112.074ms
[2025-11-03T11:09:33.752+0000][gc,start      ] GC(880) Pause Young (Normal) (G1 Evacuation Pause)
[2025-11-03T11:09:33.752+0000][gc,task       ] GC(880) Using 2 workers of 2 for evacuation
[2025-11-03T11:09:33.761+0000][gc,phases     ] GC(880)   Pre Evacuate Collection Set: 0.0ms
[2025-11-03T11:09:33.761+0000][gc,phases     ] GC(880)   Evacuate Collection Set: 7.2ms
[2025-11-03T11:09:33.761+0000][gc,phases     ] GC(880)   Post Evacuate Collection Set: 1.1ms
[2025-11-03T11:09:33.762+0000][gc,phases     ] GC(880)   Other: 0.8ms
[2025-11-03T11:09:33.762+0000][gc,heap       ] GC(880) Eden regions: 59->0(54)
[2025-11-03T11:09:33.762+0000][gc,heap       ] GC(880) Survivor regions: 2->1(8)
[2025-11-03T11:09:33.762+0000][gc,heap       ] GC(880) Old regions: 68->69
[2025-11-03T11:09:33.762+0000][gc,heap       ] GC(880) Humongous regions: 180->162
[2025-11-03T11:09:33.763+0000][gc,metaspace  ] GC(880) Metaspace: 54084K(57264K)->54084K(57264K) NonClass: 48147K(49840K)->48147K(49840K) Class: 5937K(7424K)->5937K(7424K)
[2025-11-03T11:09:33.763+0000][gc            ] GC(880) Pause Young (Normal) (G1 Evacuation Pause) 308M->231M(922M) 11.176ms
[2025-11-03T11:09:33.763+0000][gc,cpu        ] GC(880) User=0.02s Sys=0.00s Real=0.02s
[2025-11-03T11:09:33.767+0000][gc,start      ] GC(881) Pause Young (Concurrent Start) (G1 Humongous Allocation)
[2025-11-03T11:09:33.767+0000][gc,task       ] GC(881) Using 2 workers of 2 for evacuation
[2025-11-03T11:09:33.771+0000][gc,phases     ] GC(881)   Pre Evacuate Collection Set: 0.3ms
[2025-11-03T11:09:33.771+0000][gc,phases     ] GC(881)   Evacuate Collection Set: 2.2ms
[2025-11-03T11:09:33.771+0000][gc,phases     ] GC(881)   Post Evacuate Collection Set: 0.7ms
[2025-11-03T11:09:33.772+0000][gc,phases     ] GC(881)   Other: 0.7ms
[2025-11-03T11:09:33.772+0000][gc,heap       ] GC(881) Eden regions: 3->0(45)
[2025-11-03T11:09:33.772+0000][gc,heap       ] GC(881) Survivor regions: 1->1(7)
[2025-11-03T11:09:33.773+0000][gc,heap       ] GC(881) Old regions: 69->69
[2025-11-03T11:09:33.773+0000][gc,heap       ] GC(881) Humongous regions: 162->156
[2025-11-03T11:09:33.773+0000][gc,metaspace  ] GC(881) Metaspace: 54084K(57264K)->54084K(57264K) NonClass: 48147K(49840K)->48147K(49840K) Class: 5937K(7424K)->5937K(7424K)
[2025-11-03T11:09:33.773+0000][gc            ] GC(881) Pause Young (Concurrent Start) (G1 Humongous Allocation) 234M->225M(922M) 6.434ms
[2025-11-03T11:09:33.773+0000][gc,cpu        ] GC(881) User=0.01s Sys=0.00s Real=0.01s
[2025-11-03T11:09:33.774+0000][gc            ] GC(882) Concurrent Cycle
[2025-11-03T11:09:33.774+0000][gc,marking    ] GC(882) Concurrent Clear Claimed Marks
[2025-11-03T11:09:33.774+0000][gc,marking    ] GC(882) Concurrent Clear Claimed Marks 0.496ms
[2025-11-03T11:09:33.775+0000][gc,marking    ] GC(882) Concurrent Scan Root Regions
[2025-11-03T11:09:33.776+0000][gc,marking    ] GC(882) Concurrent Scan Root Regions 1.090ms
[2025-11-03T11:09:33.776+0000][gc,marking    ] GC(882) Concurrent Mark (32188.071s)
[2025-11-03T11:09:33.776+0000][gc,marking    ] GC(882) Concurrent Mark From Roots
[2025-11-03T11:09:33.776+0000][gc,task       ] GC(882) Using 1 workers of 1 for marking
[2025-11-03T11:09:33.813+0000][gc,start      ] GC(883) Pause Young (Normal) (G1 Evacuation Pause)
[2025-11-03T11:09:33.813+0000][gc,task       ] GC(883) Using 2 workers of 2 for evacuation
[2025-11-03T11:09:33.817+0000][gc,phases     ] GC(883)   Pre Evacuate Collection Set: 0.0ms
[2025-11-03T11:09:33.817+0000][gc,phases     ] GC(883)   Evacuate Collection Set: 2.3ms
[2025-11-03T11:09:33.817+0000][gc,phases     ] GC(883)   Post Evacuate Collection Set: 1.0ms
[2025-11-03T11:09:33.818+0000][gc,phases     ] GC(883)   Other: 0.9ms
[2025-11-03T11:09:33.818+0000][gc,heap       ] GC(883) Eden regions: 45->0(45)
[2025-11-03T11:09:33.818+0000][gc,heap       ] GC(883) Survivor regions: 1->1(6)
[2025-11-03T11:09:33.819+0000][gc,heap       ] GC(883) Old regions: 69->69
[2025-11-03T11:09:33.819+0000][gc,heap       ] GC(883) Humongous regions: 168->162
[2025-11-03T11:09:33.819+0000][gc,metaspace  ] GC(883) Metaspace: 54084K(57264K)->54084K(57264K) NonClass: 48147K(49840K)->48147K(49840K) Class: 5937K(7424K)->5937K(7424K)
[2025-11-03T11:09:33.819+0000][gc            ] GC(883) Pause Young (Normal) (G1 Evacuation Pause) 282M->231M(922M) 6.709ms
[2025-11-03T11:09:33.819+0000][gc,cpu        ] GC(883) User=0.00s Sys=0.00s Real=0.00s
[2025-11-03T11:09:33.832+0000][gc,marking    ] GC(882) Concurrent Mark From Roots 56.425ms
[2025-11-03T11:09:33.833+0000][gc,marking    ] GC(882) Concurrent Preclean
[2025-11-03T11:09:33.833+0000][gc,marking    ] GC(882) Concurrent Preclean 0.417ms
[2025-11-03T11:09:33.833+0000][gc,marking    ] GC(882) Concurrent Mark (32188.071s, 32188.129s) 57.572ms
[2025-11-03T11:09:33.834+0000][gc,start      ] GC(882) Pause Remark
[2025-11-03T11:09:33.845+0000][gc,stringtable] GC(882) Cleaned string and symbol table, strings: 17253 processed, 0 removed, symbols: 123865 processed, 0 removed
[2025-11-03T11:09:33.846+0000][gc            ] GC(882) Pause Remark 255M->255M(922M) 11.512ms
[2025-11-03T11:09:33.846+0000][gc,cpu        ] GC(882) User=0.02s Sys=0.00s Real=0.01s
[2025-11-03T11:09:33.846+0000][gc,marking    ] GC(882) Concurrent Rebuild Remembered Sets
[2025-11-03T11:09:33.867+0000][gc,start      ] GC(884) Pause Young (Normal) (G1 Evacuation Pause)
[2025-11-03T11:09:33.868+0000][gc,task       ] GC(884) Using 2 workers of 2 for evacuation
[2025-11-03T11:09:33.871+0000][gc,phases     ] GC(884)   Pre Evacuate Collection Set: 0.0ms
[2025-11-03T11:09:33.871+0000][gc,phases     ] GC(884)   Evacuate Collection Set: 2.2ms
[2025-11-03T11:09:33.871+0000][gc,phases     ] GC(884)   Post Evacuate Collection Set: 0.5ms
[2025-11-03T11:09:33.871+0000][gc,phases     ] GC(884)   Other: 0.6ms
[2025-11-03T11:09:33.871+0000][gc,heap       ] GC(884) Eden regions: 45->0(45)
[2025-11-03T11:09:33.872+0000][gc,heap       ] GC(884) Survivor regions: 1->1(6)
[2025-11-03T11:09:33.872+0000][gc,heap       ] GC(884) Old regions: 69->69
[2025-11-03T11:09:33.872+0000][gc,heap       ] GC(884) Humongous regions: 174->162
[2025-11-03T11:09:33.872+0000][gc,metaspace  ] GC(884) Metaspace: 54084K(57264K)->54084K(57264K) NonClass: 48147K(49840K)->48147K(49840K) Class: 5937K(7424K)->5937K(7424K)
[2025-11-03T11:09:33.872+0000][gc            ] GC(884) Pause Young (Normal) (G1 Evacuation Pause) 288M->231M(922M) 5.145ms
[2025-11-03T11:09:33.873+0000][gc,cpu        ] GC(884) User=0.00s Sys=0.00s Real=0.01s
[2025-11-03T11:09:33.879+0000][gc,marking    ] GC(882) Concurrent Rebuild Remembered Sets 32.988ms
[2025-11-03T11:09:33.884+0000][gc,start      ] GC(882) Pause Cleanup
[2025-11-03T11:09:33.885+0000][gc            ] GC(882) Pause Cleanup 247M->247M(922M) 0.705ms
[2025-11-03T11:09:33.885+0000][gc,cpu        ] GC(882) User=0.00s Sys=0.00s Real=0.00s
[2025-11-03T11:09:33.885+0000][gc,marking    ] GC(882) Concurrent Cleanup for Next Mark
[2025-11-03T11:09:33.887+0000][gc,marking    ] GC(882) Concurrent Cleanup for Next Mark 1.380ms
[2025-11-03T11:09:33.887+0000][gc            ] GC(882) Concurrent Cycle 113.456ms
[2025-11-03T11:09:33.909+0000][gc,start      ] GC(885) Pause Young (Normal) (G1 Evacuation Pause)
[2025-11-03T11:09:33.909+0000][gc,task       ] GC(885) Using 2 workers of 2 for evacuation
[2025-11-03T11:09:33.911+0000][gc,phases     ] GC(885)   Pre Evacuate Collection Set: 0.0ms
[2025-11-03T11:09:33.912+0000][gc,phases     ] GC(885)   Evacuate Collection Set: 1.6ms
[2025-11-03T11:09:33.912+0000][gc,phases     ] GC(885)   Post Evacuate Collection Set: 0.6ms
[2025-11-03T11:09:33.912+0000][gc,phases     ] GC(885)   Other: 0.6ms
[2025-11-03T11:09:33.912+0000][gc,heap       ] GC(885) Eden regions: 45->0(45)
[2025-11-03T11:09:33.913+0000][gc,heap       ] GC(885) Survivor regions: 1->1(6)
[2025-11-03T11:09:33.913+0000][gc,heap       ] GC(885) Old regions: 69->69
[2025-11-03T11:09:33.913+0000][gc,heap       ] GC(885) Humongous regions: 168->162
[2025-11-03T11:09:33.914+0000][gc,metaspace  ] GC(885) Metaspace: 54084K(57264K)->54084K(57264K) NonClass: 48147K(49840K)->48147K(49840K) Class: 5937K(7424K)->5937K(7424K)
[2025-11-03T11:09:33.914+0000][gc            ] GC(885) Pause Young (Normal) (G1 Evacuation Pause) 282M->231M(922M) 5.266ms
[2025-11-03T11:09:33.914+0000][gc,cpu        ] GC(885) User=0.00s Sys=0.00s Real=0.01s
[2025-11-03T11:09:33.919+0000][gc,start      ] GC(886) Pause Young (Concurrent Start) (G1 Humongous Allocation)
[2025-11-03T11:09:33.920+0000][gc,task       ] GC(886) Using 2 workers of 2 for evacuation
[2025-11-03T11:09:33.923+0000][gc,phases     ] GC(886)   Pre Evacuate Collection Set: 0.3ms
[2025-11-03T11:09:33.924+0000][gc,phases     ] GC(886)   Evacuate Collection Set: 2.3ms
[2025-11-03T11:09:33.924+0000][gc,phases     ] GC(886)   Post Evacuate Collection Set: 0.5ms
[2025-11-03T11:09:33.924+0000][gc,phases     ] GC(886)   Other: 0.7ms
[2025-11-03T11:09:33.924+0000][gc,heap       ] GC(886) Eden regions: 6->0(45)
[2025-11-03T11:09:33.924+0000][gc,heap       ] GC(886) Survivor regions: 1->1(6)
[2025-11-03T11:09:33.925+0000][gc,heap       ] GC(886) Old regions: 69->69
[2025-11-03T11:09:33.925+0000][gc,heap       ] GC(886) Humongous regions: 162->156
[2025-11-03T11:09:33.925+0000][gc,metaspace  ] GC(886) Metaspace: 54084K(57264K)->54084K(57264K) NonClass: 48147K(49840K)->48147K(49840K) Class: 5937K(7424K)->5937K(7424K)
[2025-11-03T11:09:33.925+0000][gc            ] GC(886) Pause Young (Concurrent Start) (G1 Humongous Allocation) 237M->225M(922M) 5.732ms
[2025-11-03T11:09:33.925+0000][gc,cpu        ] GC(886) User=0.00s Sys=0.00s Real=0.01s
[2025-11-03T11:09:33.926+0000][gc            ] GC(887) Concurrent Cycle
[2025-11-03T11:09:33.926+0000][gc,marking    ] GC(887) Concurrent Clear Claimed Marks
[2025-11-03T11:09:33.926+0000][gc,marking    ] GC(887) Concurrent Clear Claimed Marks 0.507ms
[2025-11-03T11:09:33.927+0000][gc,marking    ] GC(887) Concurrent Scan Root Regions
[2025-11-03T11:09:33.928+0000][gc,marking    ] GC(887) Concurrent Scan Root Regions 1.493ms
[2025-11-03T11:09:33.929+0000][gc,marking    ] GC(887) Concurrent Mark (32188.224s)
[2025-11-03T11:09:33.929+0000][gc,marking    ] GC(887) Concurrent Mark From Roots
[2025-11-03T11:09:33.929+0000][gc,task       ] GC(887) Using 1 workers of 1 for marking
[2025-11-03T11:09:33.966+0000][gc,start      ] GC(888) Pause Young (Normal) (G1 Evacuation Pause)
[2025-11-03T11:09:33.967+0000][gc,task       ] GC(888) Using 2 workers of 2 for evacuation
[2025-11-03T11:09:33.970+0000][gc,phases     ] GC(888)   Pre Evacuate Collection Set: 0.0ms
[2025-11-03T11:09:33.970+0000][gc,phases     ] GC(888)   Evacuate Collection Set: 2.2ms
[2025-11-03T11:09:33.970+0000][gc,phases     ] GC(888)   Post Evacuate Collection Set: 0.5ms
[2025-11-03T11:09:33.970+0000][gc,phases     ] GC(888)   Other: 0.7ms
[2025-11-03T11:09:33.971+0000][gc,heap       ] GC(888) Eden regions: 45->0(45)
[2025-11-03T11:09:33.971+0000][gc,heap       ] GC(888) Survivor regions: 1->1(6)
[2025-11-03T11:09:33.971+0000][gc,heap       ] GC(888) Old regions: 69->69
[2025-11-03T11:09:33.971+0000][gc,heap       ] GC(888) Humongous regions: 168->162
[2025-11-03T11:09:33.972+0000][gc,metaspace  ] GC(888) Metaspace: 54084K(57264K)->54084K(57264K) NonClass: 48147K(49840K)->48147K(49840K) Class: 5937K(7424K)->5937K(7424K)
[2025-11-03T11:09:33.972+0000][gc            ] GC(888) Pause Young (Normal) (G1 Evacuation Pause) 282M->231M(922M) 5.709ms
[2025-11-03T11:09:33.972+0000][gc,cpu        ] GC(888) User=0.01s Sys=0.00s Real=0.01s
[2025-11-03T11:09:33.984+0000][gc,marking    ] GC(887) Concurrent Mark From Roots 55.684ms
[2025-11-03T11:09:33.985+0000][gc,marking    ] GC(887) Concurrent Preclean
[2025-11-03T11:09:33.985+0000][gc,marking    ] GC(887) Concurrent Preclean 0.442ms
[2025-11-03T11:09:33.985+0000][gc,marking    ] GC(887) Concurrent Mark (32188.224s, 32188.281s) 56.873ms
[2025-11-03T11:09:33.986+0000][gc,start      ] GC(887) Pause Remark
[2025-11-03T11:09:33.999+0000][gc,stringtable] GC(887) Cleaned string and symbol table, strings: 17253 processed, 0 removed, symbols: 123865 processed, 0 removed
[2025-11-03T11:09:34.000+0000][gc            ] GC(887) Pause Remark 255M->255M(922M) 13.951ms
[2025-11-03T11:09:34.000+0000][gc,cpu        ] GC(887) User=0.02s Sys=0.00s Real=0.01s
[2025-11-03T11:09:34.001+0000][gc,marking    ] GC(887) Concurrent Rebuild Remembered Sets
[2025-11-03T11:09:34.023+0000][gc,start      ] GC(889) Pause Young (Normal) (G1 Evacuation Pause)
[2025-11-03T11:09:34.023+0000][gc,task       ] GC(889) Using 2 workers of 2 for evacuation
[2025-11-03T11:09:34.027+0000][gc,phases     ] GC(889)   Pre Evacuate Collection Set: 0.0ms
[2025-11-03T11:09:34.028+0000][gc,phases     ] GC(889)   Evacuate Collection Set: 2.5ms
[2025-11-03T11:09:34.028+0000][gc,phases     ] GC(889)   Post Evacuate Collection Set: 1.0ms
[2025-11-03T11:09:34.028+0000][gc,phases     ] GC(889)   Other: 0.8ms
[2025-11-03T11:09:34.028+0000][gc,heap       ] GC(889) Eden regions: 45->0(45)
[2025-11-03T11:09:34.029+0000][gc,heap       ] GC(889) Survivor regions: 1->1(6)
[2025-11-03T11:09:34.029+0000][gc,heap       ] GC(889) Old regions: 69->69
[2025-11-03T11:09:34.029+0000][gc,heap       ] GC(889) Humongous regions: 174->162
[2025-11-03T11:09:34.029+0000][gc,metaspace  ] GC(889) Metaspace: 54084K(57264K)->54084K(57264K) NonClass: 48147K(49840K)->48147K(49840K) Class: 5937K(7424K)->5937K(7424K)
[2025-11-03T11:09:34.029+0000][gc            ] GC(889) Pause Young (Normal) (G1 Evacuation Pause) 288M->231M(922M) 6.149ms
[2025-11-03T11:09:34.029+0000][gc,cpu        ] GC(889) User=0.00s Sys=0.00s Real=0.00s
[2025-11-03T11:09:34.037+0000][gc,marking    ] GC(887) Concurrent Rebuild Remembered Sets 36.431ms
[2025-11-03T11:09:34.037+0000][gc,start      ] GC(887) Pause Cleanup
[2025-11-03T11:09:34.038+0000][gc            ] GC(887) Pause Cleanup 243M->243M(922M) 0.597ms
[2025-11-03T11:09:34.038+0000][gc,cpu        ] GC(887) User=0.00s Sys=0.00s Real=0.00s
[2025-11-03T11:09:34.039+0000][gc,marking    ] GC(887) Concurrent Cleanup for Next Mark
[2025-11-03T11:09:34.040+0000][gc,marking    ] GC(887) Concurrent Cleanup for Next Mark 1.152ms
[2025-11-03T11:09:34.040+0000][gc            ] GC(887) Concurrent Cycle 114.368ms
[2025-11-03T11:09:34.049+0000][gc,start      ] GC(890) Pause Young (Concurrent Start) (G1 Humongous Allocation)
[2025-11-03T11:09:34.049+0000][gc,task       ] GC(890) Using 2 workers of 2 for evacuation
[2025-11-03T11:09:34.052+0000][gc,phases     ] GC(890)   Pre Evacuate Collection Set: 0.4ms
[2025-11-03T11:09:34.053+0000][gc,phases     ] GC(890)   Evacuate Collection Set: 1.7ms
[2025-11-03T11:09:34.053+0000][gc,phases     ] GC(890)   Post Evacuate Collection Set: 0.7ms
[2025-11-03T11:09:34.053+0000][gc,phases     ] GC(890)   Other: 0.7ms
[2025-11-03T11:09:34.053+0000][gc,heap       ] GC(890) Eden regions: 28->0(45)
[2025-11-03T11:09:34.054+0000][gc,heap       ] GC(890) Survivor regions: 1->1(6)
[2025-11-03T11:09:34.054+0000][gc,heap       ] GC(890) Old regions: 69->69
[2025-11-03T11:09:34.054+0000][gc,heap       ] GC(890) Humongous regions: 162->156
[2025-11-03T11:09:34.054+0000][gc,metaspace  ] GC(890) Metaspace: 54084K(57264K)->54084K(57264K) NonClass: 48147K(49840K)->48147K(49840K) Class: 5937K(7424K)->5937K(7424K)
[2025-11-03T11:09:34.055+0000][gc            ] GC(890) Pause Young (Concurrent Start) (G1 Humongous Allocation) 259M->225M(922M) 5.744ms
[2025-11-03T11:09:34.055+0000][gc,cpu        ] GC(890) User=0.00s Sys=0.00s Real=0.01s
[2025-11-03T11:09:34.055+0000][gc            ] GC(891) Concurrent Cycle
[2025-11-03T11:09:34.055+0000][gc,marking    ] GC(891) Concurrent Clear Claimed Marks
[2025-11-03T11:09:34.056+0000][gc,marking    ] GC(891) Concurrent Clear Claimed Marks 0.516ms
[2025-11-03T11:09:34.056+0000][gc,marking    ] GC(891) Concurrent Scan Root Regions
[2025-11-03T11:09:34.057+0000][gc,marking    ] GC(891) Concurrent Scan Root Regions 1.200ms
[2025-11-03T11:09:34.058+0000][gc,marking    ] GC(891) Concurrent Mark (32188.353s)
[2025-11-03T11:09:34.058+0000][gc,marking    ] GC(891) Concurrent Mark From Roots
[2025-11-03T11:09:34.058+0000][gc,task       ] GC(891) Using 1 workers of 1 for marking
[2025-11-03T11:09:34.091+0000][gc,start      ] GC(892) Pause Young (Normal) (G1 Evacuation Pause)
[2025-11-03T11:09:34.091+0000][gc,task       ] GC(892) Using 2 workers of 2 for evacuation
[2025-11-03T11:09:34.095+0000][gc,phases     ] GC(892)   Pre Evacuate Collection Set: 0.0ms
[2025-11-03T11:09:34.095+0000][gc,phases     ] GC(892)   Evacuate Collection Set: 2.5ms
[2025-11-03T11:09:34.095+0000][gc,phases     ] GC(892)   Post Evacuate Collection Set: 0.9ms
[2025-11-03T11:09:34.095+0000][gc,phases     ] GC(892)   Other: 0.6ms
[2025-11-03T11:09:34.096+0000][gc,heap       ] GC(892) Eden regions: 45->0(45)
[2025-11-03T11:09:34.096+0000][gc,heap       ] GC(892) Survivor regions: 1->1(6)
[2025-11-03T11:09:34.096+0000][gc,heap       ] GC(892) Old regions: 69->70
[2025-11-03T11:09:34.096+0000][gc,heap       ] GC(892) Humongous regions: 168->162
[2025-11-03T11:09:34.097+0000][gc,metaspace  ] GC(892) Metaspace: 54084K(57264K)->54084K(57264K) NonClass: 48147K(49840K)->48147K(49840K) Class: 5937K(7424K)->5937K(7424K)
[2025-11-03T11:09:34.097+0000][gc            ] GC(892) Pause Young (Normal) (G1 Evacuation Pause) 282M->231M(922M) 6.178ms
[2025-11-03T11:09:34.097+0000][gc,cpu        ] GC(892) User=0.01s Sys=0.00s Real=0.01s
[2025-11-03T11:09:34.111+0000][gc,marking    ] GC(891) Concurrent Mark From Roots 53.742ms
[2025-11-03T11:09:34.112+0000][gc,marking    ] GC(891) Concurrent Preclean
[2025-11-03T11:09:34.112+0000][gc,marking    ] GC(891) Concurrent Preclean 0.306ms
[2025-11-03T11:09:34.112+0000][gc,marking    ] GC(891) Concurrent Mark (32188.353s, 32188.408s) 54.728ms
[2025-11-03T11:09:34.113+0000][gc,start      ] GC(891) Pause Remark
[2025-11-03T11:09:34.128+0000][gc,stringtable] GC(891) Cleaned string and symbol table, strings: 17253 processed, 0 removed, symbols: 123865 processed, 0 removed
[2025-11-03T11:09:34.129+0000][gc            ] GC(891) Pause Remark 258M->258M(922M) 16.208ms
[2025-11-03T11:09:34.130+0000][gc,cpu        ] GC(891) User=0.03s Sys=0.00s Real=0.01s
[2025-11-03T11:09:34.130+0000][gc,marking    ] GC(891) Concurrent Rebuild Remembered Sets
[2025-11-03T11:09:34.153+0000][gc,start      ] GC(893) Pause Young (Normal) (G1 Evacuation Pause)
[2025-11-03T11:09:34.153+0000][gc,task       ] GC(893) Using 2 workers of 2 for evacuation
[2025-11-03T11:09:34.156+0000][gc,phases     ] GC(893)   Pre Evacuate Collection Set: 0.0ms
[2025-11-03T11:09:34.157+0000][gc,phases     ] GC(893)   Evacuate Collection Set: 2.3ms
[2025-11-03T11:09:34.157+0000][gc,phases     ] GC(893)   Post Evacuate Collection Set: 0.7ms
[2025-11-03T11:09:34.157+0000][gc,phases     ] GC(893)   Other: 0.7ms
[2025-11-03T11:09:34.157+0000][gc,heap       ] GC(893) Eden regions: 45->0(45)
[2025-11-03T11:09:34.158+0000][gc,heap       ] GC(893) Survivor regions: 1->1(6)
[2025-11-03T11:09:34.158+0000][gc,heap       ] GC(893) Old regions: 70->70
[2025-11-03T11:09:34.158+0000][gc,heap       ] GC(893) Humongous regions: 174->162
[2025-11-03T11:09:34.158+0000][gc,metaspace  ] GC(893) Metaspace: 54084K(57264K)->54084K(57264K) NonClass: 48147K(49840K)->48147K(49840K) Class: 5937K(7424K)->5937K(7424K)
[2025-11-03T11:09:34.159+0000][gc            ] GC(893) Pause Young (Normal) (G1 Evacuation Pause) 288M->232M(927M) 5.984ms
[2025-11-03T11:09:34.159+0000][gc,cpu        ] GC(893) User=0.02s Sys=0.00s Real=0.00s
[2025-11-03T11:09:34.165+0000][gc,marking    ] GC(891) Concurrent Rebuild Remembered Sets 34.891ms
[2025-11-03T11:09:34.166+0000][gc,start      ] GC(891) Pause Cleanup
[2025-11-03T11:09:34.167+0000][gc            ] GC(891) Pause Cleanup 234M->234M(927M) 0.542ms
[2025-11-03T11:09:34.167+0000][gc,cpu        ] GC(891) User=0.00s Sys=0.00s Real=0.00s
[2025-11-03T11:09:34.167+0000][gc,marking    ] GC(891) Concurrent Cleanup for Next Mark
[2025-11-03T11:09:34.169+0000][gc,marking    ] GC(891) Concurrent Cleanup for Next Mark 1.575ms
[2025-11-03T11:09:34.169+0000][gc            ] GC(891) Concurrent Cycle 113.621ms
[2025-11-03T11:09:34.175+0000][gc,start      ] GC(894) Pause Young (Concurrent Start) (G1 Humongous Allocation)
[2025-11-03T11:09:34.175+0000][gc,task       ] GC(894) Using 2 workers of 2 for evacuation
[2025-11-03T11:09:34.179+0000][gc,phases     ] GC(894)   Pre Evacuate Collection Set: 0.2ms
[2025-11-03T11:09:34.179+0000][gc,phases     ] GC(894)   Evacuate Collection Set: 2.4ms
[2025-11-03T11:09:34.180+0000][gc,phases     ] GC(894)   Post Evacuate Collection Set: 0.5ms
[2025-11-03T11:09:34.180+0000][gc,phases     ] GC(894)   Other: 0.9ms
[2025-11-03T11:09:34.180+0000][gc,heap       ] GC(894) Eden regions: 7->0(45)
[2025-11-03T11:09:34.180+0000][gc,heap       ] GC(894) Survivor regions: 1->1(6)
[2025-11-03T11:09:34.181+0000][gc,heap       ] GC(894) Old regions: 70->70
[2025-11-03T11:09:34.181+0000][gc,heap       ] GC(894) Humongous regions: 162->156
[2025-11-03T11:09:34.181+0000][gc,metaspace  ] GC(894) Metaspace: 54084K(57264K)->54084K(57264K) NonClass: 48147K(49840K)->48147K(49840K) Class: 5937K(7424K)->5937K(7424K)
[2025-11-03T11:09:34.181+0000][gc            ] GC(894) Pause Young (Concurrent Start) (G1 Humongous Allocation) 238M->226M(927M) 6.163ms
[2025-11-03T11:09:34.181+0000][gc,cpu        ] GC(894) User=0.00s Sys=0.00s Real=0.00s
[2025-11-03T11:09:34.182+0000][gc            ] GC(895) Concurrent Cycle
[2025-11-03T11:09:34.182+0000][gc,marking    ] GC(895) Concurrent Clear Claimed Marks
[2025-11-03T11:09:34.182+0000][gc,marking    ] GC(895) Concurrent Clear Claimed Marks 0.326ms
[2025-11-03T11:09:34.182+0000][gc,marking    ] GC(895) Concurrent Scan Root Regions
[2025-11-03T11:09:34.183+0000][gc,marking    ] GC(895) Concurrent Scan Root Regions 0.970ms
[2025-11-03T11:09:34.184+0000][gc,marking    ] GC(895) Concurrent Mark (32188.479s)
[2025-11-03T11:09:34.184+0000][gc,marking    ] GC(895) Concurrent Mark From Roots
[2025-11-03T11:09:34.184+0000][gc,task       ] GC(895) Using 1 workers of 1 for marking
[2025-11-03T11:09:34.227+0000][gc,start      ] GC(896) Pause Young (Normal) (G1 Evacuation Pause)
[2025-11-03T11:09:34.228+0000][gc,task       ] GC(896) Using 2 workers of 2 for evacuation
[2025-11-03T11:09:34.231+0000][gc,phases     ] GC(896)   Pre Evacuate Collection Set: 0.0ms
[2025-11-03T11:09:34.231+0000][gc,phases     ] GC(896)   Evacuate Collection Set: 2.0ms
[2025-11-03T11:09:34.231+0000][gc,phases     ] GC(896)   Post Evacuate Collection Set: 0.6ms
[2025-11-03T11:09:34.231+0000][gc,phases     ] GC(896)   Other: 0.8ms
[2025-11-03T11:09:34.231+0000][gc,heap       ] GC(896) Eden regions: 45->0(45)
[2025-11-03T11:09:34.232+0000][gc,heap       ] GC(896) Survivor regions: 1->1(6)
[2025-11-03T11:09:34.232+0000][gc,heap       ] GC(896) Old regions: 70->70
[2025-11-03T11:09:34.232+0000][gc,heap       ] GC(896) Humongous regions: 162->162
[2025-11-03T11:09:34.232+0000][gc,metaspace  ] GC(896) Metaspace: 54084K(57264K)->54084K(57264K) NonClass: 48147K(49840K)->48147K(49840K) Class: 5937K(7424K)->5937K(7424K)
[2025-11-03T11:09:34.232+0000][gc            ] GC(896) Pause Young (Normal) (G1 Evacuation Pause) 277M->232M(927M) 4.954ms
[2025-11-03T11:09:34.233+0000][gc,cpu        ] GC(896) User=0.00s Sys=0.00s Real=0.01s
[2025-11-03T11:09:34.247+0000][gc,marking    ] GC(895) Concurrent Mark From Roots 63.648ms
[2025-11-03T11:09:34.248+0000][gc,marking    ] GC(895) Concurrent Preclean
[2025-11-03T11:09:34.248+0000][gc,marking    ] GC(895) Concurrent Preclean 0.382ms
[2025-11-03T11:09:34.248+0000][gc,marking    ] GC(895) Concurrent Mark (32188.479s, 32188.544s) 64.737ms
[2025-11-03T11:09:34.249+0000][gc,start      ] GC(895) Pause Remark
[2025-11-03T11:09:34.260+0000][gc,stringtable] GC(895) Cleaned string and symbol table, strings: 17253 processed, 0 removed, symbols: 123865 processed, 0 removed
[2025-11-03T11:09:34.261+0000][gc            ] GC(895) Pause Remark 257M->257M(927M) 11.898ms
[2025-11-03T11:09:34.261+0000][gc,cpu        ] GC(895) User=0.03s Sys=0.00s Real=0.01s
[2025-11-03T11:09:34.261+0000][gc,marking    ] GC(895) Concurrent Rebuild Remembered Sets
[2025-11-03T11:09:34.281+0000][gc,start      ] GC(897) Pause Young (Normal) (G1 Evacuation Pause)
[2025-11-03T11:09:34.282+0000][gc,task       ] GC(897) Using 2 workers of 2 for evacuation
[2025-11-03T11:09:34.285+0000][gc,phases     ] GC(897)   Pre Evacuate Collection Set: 0.0ms
[2025-11-03T11:09:34.285+0000][gc,phases     ] GC(897)   Evacuate Collection Set: 1.9ms
[2025-11-03T11:09:34.285+0000][gc,phases     ] GC(897)   Post Evacuate Collection Set: 0.7ms
[2025-11-03T11:09:34.285+0000][gc,phases     ] GC(897)   Other: 0.7ms
[2025-11-03T11:09:34.286+0000][gc,heap       ] GC(897) Eden regions: 45->0(45)
[2025-11-03T11:09:34.286+0000][gc,heap       ] GC(897) Survivor regions: 1->1(6)
[2025-11-03T11:09:34.286+0000][gc,heap       ] GC(897) Old regions: 70->70
[2025-11-03T11:09:34.286+0000][gc,heap       ] GC(897) Humongous regions: 174->162
[2025-11-03T11:09:34.286+0000][gc,metaspace  ] GC(897) Metaspace: 54084K(57264K)->54084K(57264K) NonClass: 48147K(49840K)->48147K(49840K) Class: 5937K(7424K)->5937K(7424K)
[2025-11-03T11:09:34.287+0000][gc            ] GC(897) Pause Young (Normal) (G1 Evacuation Pause) 289M->232M(927M) 5.211ms
[2025-11-03T11:09:34.287+0000][gc,cpu        ] GC(897) User=0.00s Sys=0.00s Real=0.01s
[2025-11-03T11:09:34.297+0000][gc,marking    ] GC(895) Concurrent Rebuild Remembered Sets 35.407ms
[2025-11-03T11:09:34.298+0000][gc,start      ] GC(895) Pause Cleanup
[2025-11-03T11:09:34.298+0000][gc            ] GC(895) Pause Cleanup 251M->251M(927M) 0.560ms
[2025-11-03T11:09:34.298+0000][gc,cpu        ] GC(895) User=0.00s Sys=0.00s Real=0.00s
[2025-11-03T11:09:34.299+0000][gc,marking    ] GC(895) Concurrent Cleanup for Next Mark
[2025-11-03T11:09:34.300+0000][gc,marking    ] GC(895) Concurrent Cleanup for Next Mark 1.476ms
[2025-11-03T11:09:34.300+0000][gc            ] GC(895) Concurrent Cycle 118.630ms
[2025-11-03T11:09:34.308+0000][gc,start      ] GC(898) Pause Young (Concurrent Start) (G1 Humongous Allocation)
[2025-11-03T11:09:34.308+0000][gc,task       ] GC(898) Using 2 workers of 2 for evacuation
[2025-11-03T11:09:34.311+0000][gc,phases     ] GC(898)   Pre Evacuate Collection Set: 0.2ms
[2025-11-03T11:09:34.312+0000][gc,phases     ] GC(898)   Evacuate Collection Set: 2.1ms
[2025-11-03T11:09:34.312+0000][gc,phases     ] GC(898)   Post Evacuate Collection Set: 0.6ms
[2025-11-03T11:09:34.312+0000][gc,phases     ] GC(898)   Other: 0.6ms
[2025-11-03T11:09:34.313+0000][gc,heap       ] GC(898) Eden regions: 27->0(45)
[2025-11-03T11:09:34.313+0000][gc,heap       ] GC(898) Survivor regions: 1->1(6)
[2025-11-03T11:09:34.313+0000][gc,heap       ] GC(898) Old regions: 70->70
[2025-11-03T11:09:34.313+0000][gc,heap       ] GC(898) Humongous regions: 168->156
[2025-11-03T11:09:34.313+0000][gc,metaspace  ] GC(898) Metaspace: 54084K(57264K)->54084K(57264K) NonClass: 48147K(49840K)->48147K(49840K) Class: 5937K(7424K)->5937K(7424K)
[2025-11-03T11:09:34.314+0000][gc            ] GC(898) Pause Young (Concurrent Start) (G1 Humongous Allocation) 264M->226M(927M) 5.688ms
[2025-11-03T11:09:34.314+0000][gc,cpu        ] GC(898) User=0.00s Sys=0.00s Real=0.01s
[2025-11-03T11:09:34.314+0000][gc            ] GC(899) Concurrent Cycle
[2025-11-03T11:09:34.314+0000][gc,marking    ] GC(899) Concurrent Clear Claimed Marks
[2025-11-03T11:09:34.315+0000][gc,marking    ] GC(899) Concurrent Clear Claimed Marks 0.492ms
[2025-11-03T11:09:34.315+0000][gc,marking    ] GC(899) Concurrent Scan Root Regions
[2025-11-03T11:09:34.316+0000][gc,marking    ] GC(899) Concurrent Scan Root Regions 1.156ms
[2025-11-03T11:09:34.317+0000][gc,marking    ] GC(899) Concurrent Mark (32188.612s)
[2025-11-03T11:09:34.317+0000][gc,marking    ] GC(899) Concurrent Mark From Roots
[2025-11-03T11:09:34.317+0000][gc,task       ] GC(899) Using 1 workers of 1 for marking
[2025-11-03T11:09:34.347+0000][gc,start      ] GC(900) Pause Young (Normal) (G1 Evacuation Pause)
[2025-11-03T11:09:34.347+0000][gc,task       ] GC(900) Using 2 workers of 2 for evacuation
[2025-11-03T11:09:34.350+0000][gc,phases     ] GC(900)   Pre Evacuate Collection Set: 0.0ms
[2025-11-03T11:09:34.351+0000][gc,phases     ] GC(900)   Evacuate Collection Set: 2.1ms
[2025-11-03T11:09:34.351+0000][gc,phases     ] GC(900)   Post Evacuate Collection Set: 0.7ms
[2025-11-03T11:09:34.351+0000][gc,phases     ] GC(900)   Other: 0.5ms
[2025-11-03T11:09:34.351+0000][gc,heap       ] GC(900) Eden regions: 45->0(45)
[2025-11-03T11:09:34.351+0000][gc,heap       ] GC(900) Survivor regions: 1->1(6)
[2025-11-03T11:09:34.351+0000][gc,heap       ] GC(900) Old regions: 70->70
[2025-11-03T11:09:34.352+0000][gc,heap       ] GC(900) Humongous regions: 162->162
[2025-11-03T11:09:34.352+0000][gc,metaspace  ] GC(900) Metaspace: 54084K(57264K)->54084K(57264K) NonClass: 48147K(49840K)->48147K(49840K) Class: 5937K(7424K)->5937K(7424K)
[2025-11-03T11:09:34.352+0000][gc            ] GC(900) Pause Young (Normal) (G1 Evacuation Pause) 277M->232M(927M) 5.126ms
[2025-11-03T11:09:34.352+0000][gc,cpu        ] GC(900) User=0.01s Sys=0.00s Real=0.01s
[2025-11-03T11:09:34.364+0000][gc,marking    ] GC(899) Concurrent Mark From Roots 47.688ms
[2025-11-03T11:09:34.365+0000][gc,marking    ] GC(899) Concurrent Preclean
[2025-11-03T11:09:34.365+0000][gc,marking    ] GC(899) Concurrent Preclean 0.423ms
[2025-11-03T11:09:34.365+0000][gc,marking    ] GC(899) Concurrent Mark (32188.612s, 32188.661s) 48.739ms
[2025-11-03T11:09:34.366+0000][gc,start      ] GC(899) Pause Remark
[2025-11-03T11:09:34.375+0000][gc,stringtable] GC(899) Cleaned string and symbol table, strings: 17253 processed, 0 removed, symbols: 123865 processed, 0 removed
[2025-11-03T11:09:34.376+0000][gc            ] GC(899) Pause Remark 250M->250M(927M) 9.865ms
[2025-11-03T11:09:34.376+0000][gc,cpu        ] GC(899) User=0.02s Sys=0.00s Real=0.01s
[2025-11-03T11:09:34.376+0000][gc,marking    ] GC(899) Concurrent Rebuild Remembered Sets
[2025-11-03T11:09:34.392+0000][gc,start      ] GC(901) Pause Young (Normal) (G1 Evacuation Pause)
[2025-11-03T11:09:34.392+0000][gc,task       ] GC(901) Using 2 workers of 2 for evacuation
[2025-11-03T11:09:34.395+0000][gc,phases     ] GC(901)   Pre Evacuate Collection Set: 0.1ms
[2025-11-03T11:09:34.395+0000][gc,phases     ] GC(901)   Evacuate Collection Set: 1.7ms
[2025-11-03T11:09:34.395+0000][gc,phases     ] GC(901)   Post Evacuate Collection Set: 0.8ms
[2025-11-03T11:09:34.396+0000][gc,phases     ] GC(901)   Other: 0.5ms
[2025-11-03T11:09:34.396+0000][gc,heap       ] GC(901) Eden regions: 45->0(49)
[2025-11-03T11:09:34.396+0000][gc,heap       ] GC(901) Survivor regions: 1->1(6)
[2025-11-03T11:09:34.396+0000][gc,heap       ] GC(901) Old regions: 70->70
[2025-11-03T11:09:34.396+0000][gc,heap       ] GC(901) Humongous regions: 162->162
[2025-11-03T11:09:34.396+0000][gc,metaspace  ] GC(901) Metaspace: 54084K(57264K)->54084K(57264K) NonClass: 48147K(49840K)->48147K(49840K) Class: 5937K(7424K)->5937K(7424K)
[2025-11-03T11:09:34.397+0000][gc            ] GC(901) Pause Young (Normal) (G1 Evacuation Pause) 277M->232M(927M) 4.945ms
[2025-11-03T11:09:34.397+0000][gc,cpu        ] GC(901) User=0.01s Sys=0.00s Real=0.01s
[2025-11-03T11:09:34.405+0000][gc,marking    ] GC(899) Concurrent Rebuild Remembered Sets 29.204ms
[2025-11-03T11:09:34.406+0000][gc,start      ] GC(899) Pause Cleanup
[2025-11-03T11:09:34.407+0000][gc            ] GC(899) Pause Cleanup 247M->247M(927M) 0.459ms
[2025-11-03T11:09:34.407+0000][gc,cpu        ] GC(899) User=0.00s Sys=0.00s Real=0.00s
[2025-11-03T11:09:34.407+0000][gc,marking    ] GC(899) Concurrent Cleanup for Next Mark
[2025-11-03T11:09:34.408+0000][gc,marking    ] GC(899) Concurrent Cleanup for Next Mark 0.908ms
[2025-11-03T11:09:34.408+0000][gc            ] GC(899) Concurrent Cycle 93.979ms
[2025-11-03T11:09:34.414+0000][gc,start      ] GC(902) Pause Young (Concurrent Start) (G1 Humongous Allocation)
[2025-11-03T11:09:34.414+0000][gc,task       ] GC(902) Using 2 workers of 2 for evacuation
[2025-11-03T11:09:34.418+0000][gc,phases     ] GC(902)   Pre Evacuate Collection Set: 0.2ms
[2025-11-03T11:09:34.418+0000][gc,phases     ] GC(902)   Evacuate Collection Set: 2.7ms
[2025-11-03T11:09:34.418+0000][gc,phases     ] GC(902)   Post Evacuate Collection Set: 0.5ms
[2025-11-03T11:09:34.418+0000][gc,phases     ] GC(902)   Other: 0.6ms
[2025-11-03T11:09:34.418+0000][gc,heap       ] GC(902) Eden regions: 27->0(47)
[2025-11-03T11:09:34.418+0000][gc,heap       ] GC(902) Survivor regions: 1->1(7)
[2025-11-03T11:09:34.418+0000][gc,heap       ] GC(902) Old regions: 70->70
[2025-11-03T11:09:34.419+0000][gc,heap       ] GC(902) Humongous regions: 162->156
[2025-11-03T11:09:34.419+0000][gc,metaspace  ] GC(902) Metaspace: 54084K(57264K)->54084K(57264K) NonClass: 48147K(49840K)->48147K(49840K) Class: 5937K(7424K)->5937K(7424K)
[2025-11-03T11:09:34.419+0000][gc            ] GC(902) Pause Young (Concurrent Start) (G1 Humongous Allocation) 258M->226M(927M) 5.060ms
[2025-11-03T11:09:34.419+0000][gc,cpu        ] GC(902) User=0.01s Sys=0.00s Real=0.00s
[2025-11-03T11:09:34.419+0000][gc            ] GC(903) Concurrent Cycle
[2025-11-03T11:09:34.419+0000][gc,marking    ] GC(903) Concurrent Clear Claimed Marks
[2025-11-03T11:09:34.419+0000][gc,marking    ] GC(903) Concurrent Clear Claimed Marks 0.237ms
[2025-11-03T11:09:34.420+0000][gc,marking    ] GC(903) Concurrent Scan Root Regions
[2025-11-03T11:09:34.421+0000][gc,marking    ] GC(903) Concurrent Scan Root Regions 1.019ms
[2025-11-03T11:09:34.421+0000][gc,marking    ] GC(903) Concurrent Mark (32188.716s)
[2025-11-03T11:09:34.421+0000][gc,marking    ] GC(903) Concurrent Mark From Roots
[2025-11-03T11:09:34.421+0000][gc,task       ] GC(903) Using 1 workers of 1 for marking
[2025-11-03T11:09:34.454+0000][gc,start      ] GC(904) Pause Young (Normal) (G1 Evacuation Pause)
[2025-11-03T11:09:34.454+0000][gc,task       ] GC(904) Using 2 workers of 2 for evacuation
[2025-11-03T11:09:34.459+0000][gc,phases     ] GC(904)   Pre Evacuate Collection Set: 0.0ms
[2025-11-03T11:09:34.459+0000][gc,phases     ] GC(904)   Evacuate Collection Set: 3.4ms
[2025-11-03T11:09:34.460+0000][gc,phases     ] GC(904)   Post Evacuate Collection Set: 1.1ms
[2025-11-03T11:09:34.460+0000][gc,phases     ] GC(904)   Other: 0.8ms
[2025-11-03T11:09:34.461+0000][gc,heap       ] GC(904) Eden regions: 47->0(50)
[2025-11-03T11:09:34.461+0000][gc,heap       ] GC(904) Survivor regions: 1->1(6)
[2025-11-03T11:09:34.461+0000][gc,heap       ] GC(904) Old regions: 70->70
[2025-11-03T11:09:34.462+0000][gc,heap       ] GC(904) Humongous regions: 174->162
[2025-11-03T11:09:34.462+0000][gc,metaspace  ] GC(904) Metaspace: 54084K(57264K)->54084K(57264K) NonClass: 48147K(49840K)->48147K(49840K) Class: 5937K(7424K)->5937K(7424K)
[2025-11-03T11:09:34.462+0000][gc            ] GC(904) Pause Young (Normal) (G1 Evacuation Pause) 291M->232M(927M) 8.305ms
[2025-11-03T11:09:34.462+0000][gc,cpu        ] GC(904) User=0.01s Sys=0.00s Real=0.01s
[2025-11-03T11:09:34.473+0000][gc,marking    ] GC(903) Concurrent Mark From Roots 52.146ms
[2025-11-03T11:09:34.473+0000][gc,marking    ] GC(903) Concurrent Preclean
[2025-11-03T11:09:34.474+0000][gc,marking    ] GC(903) Concurrent Preclean 0.577ms
[2025-11-03T11:09:34.474+0000][gc,marking    ] GC(903) Concurrent Mark (32188.716s, 32188.770s) 53.325ms
[2025-11-03T11:09:34.475+0000][gc,start      ] GC(903) Pause Remark
[2025-11-03T11:09:34.485+0000][gc,stringtable] GC(903) Cleaned string and symbol table, strings: 17253 processed, 0 removed, symbols: 123865 processed, 0 removed
[2025-11-03T11:09:34.486+0000][gc            ] GC(903) Pause Remark 251M->251M(927M) 10.825ms
[2025-11-03T11:09:34.486+0000][gc,cpu        ] GC(903) User=0.02s Sys=0.00s Real=0.01s
[2025-11-03T11:09:34.486+0000][gc,marking    ] GC(903) Concurrent Rebuild Remembered Sets
[2025-11-03T11:09:34.513+0000][gc,marking    ] GC(903) Concurrent Rebuild Remembered Sets 27.257ms
[2025-11-03T11:09:34.514+0000][gc,start      ] GC(903) Pause Cleanup
[2025-11-03T11:09:34.515+0000][gc            ] GC(903) Pause Cleanup 273M->273M(927M) 0.708ms
[2025-11-03T11:09:34.515+0000][gc,cpu        ] GC(903) User=0.00s Sys=0.00s Real=0.00s
[2025-11-03T11:09:34.515+0000][gc,marking    ] GC(903) Concurrent Cleanup for Next Mark
[2025-11-03T11:09:34.517+0000][gc,marking    ] GC(903) Concurrent Cleanup for Next Mark 1.676ms
[2025-11-03T11:09:34.517+0000][gc            ] GC(903) Concurrent Cycle 98.095ms
[2025-11-03T11:10:07.622+0000][gc,start      ] GC(905) Pause Young (Normal) (G1 Evacuation Pause)
[2025-11-03T11:10:07.623+0000][gc,task       ] GC(905) Using 2 workers of 2 for evacuation
[2025-11-03T11:10:07.647+0000][gc,mmu        ] GC(905) MMU target violated: 21.0ms (20.0ms/21.0ms)
[2025-11-03T11:10:07.647+0000][gc,phases     ] GC(905)   Pre Evacuate Collection Set: 0.1ms
[2025-11-03T11:10:07.648+0000][gc,phases     ] GC(905)   Evacuate Collection Set: 18.8ms
[2025-11-03T11:10:07.649+0000][gc,phases     ] GC(905)   Post Evacuate Collection Set: 3.0ms
[2025-11-03T11:10:07.650+0000][gc,phases     ] GC(905)   Other: 3.8ms
[2025-11-03T11:10:07.651+0000][gc,heap       ] GC(905) Eden regions: 45->0(44)
[2025-11-03T11:10:07.652+0000][gc,heap       ] GC(905) Survivor regions: 1->2(6)
[2025-11-03T11:10:07.653+0000][gc,heap       ] GC(905) Old regions: 70->70
[2025-11-03T11:10:07.654+0000][gc,heap       ] GC(905) Humongous regions: 168->156
[2025-11-03T11:10:07.655+0000][gc,metaspace  ] GC(905) Metaspace: 54084K(57264K)->54084K(57264K) NonClass: 48147K(49840K)->48147K(49840K) Class: 5937K(7424K)->5937K(7424K)
[2025-11-03T11:10:07.656+0000][gc            ] GC(905) Pause Young (Normal) (G1 Evacuation Pause) 283M->227M(931M) 33.597ms
[2025-11-03T11:10:07.660+0000][gc,cpu        ] GC(905) User=0.05s Sys=0.00s Real=0.04s
[2025-11-03T11:12:57.514+0000][gc,start      ] GC(906) Pause Young (Concurrent Start) (G1 Evacuation Pause)
[2025-11-03T11:12:57.514+0000][gc,task       ] GC(906) Using 2 workers of 2 for evacuation
[2025-11-03T11:12:57.523+0000][gc,phases     ] GC(906)   Pre Evacuate Collection Set: 0.2ms
[2025-11-03T11:12:57.523+0000][gc,phases     ] GC(906)   Evacuate Collection Set: 7.5ms
[2025-11-03T11:12:57.523+0000][gc,phases     ] GC(906)   Post Evacuate Collection Set: 0.8ms
[2025-11-03T11:12:57.523+0000][gc,phases     ] GC(906)   Other: 0.6ms
[2025-11-03T11:12:57.524+0000][gc,heap       ] GC(906) Eden regions: 44->0(48)
[2025-11-03T11:12:57.524+0000][gc,heap       ] GC(906) Survivor regions: 2->5(6)
[2025-11-03T11:12:57.524+0000][gc,heap       ] GC(906) Old regions: 70->70
[2025-11-03T11:12:57.524+0000][gc,heap       ] GC(906) Humongous regions: 156->156
[2025-11-03T11:12:57.524+0000][gc,metaspace  ] GC(906) Metaspace: 54085K(57264K)->54085K(57264K) NonClass: 48148K(49840K)->48148K(49840K) Class: 5937K(7424K)->5937K(7424K)
[2025-11-03T11:12:57.525+0000][gc            ] GC(906) Pause Young (Concurrent Start) (G1 Evacuation Pause) 271M->230M(931M) 10.543ms
[2025-11-03T11:12:57.525+0000][gc,cpu        ] GC(906) User=0.01s Sys=0.00s Real=0.01s
[2025-11-03T11:12:57.525+0000][gc            ] GC(907) Concurrent Cycle
[2025-11-03T11:12:57.525+0000][gc,marking    ] GC(907) Concurrent Clear Claimed Marks
[2025-11-03T11:12:57.526+0000][gc,marking    ] GC(907) Concurrent Clear Claimed Marks 0.406ms
[2025-11-03T11:12:57.526+0000][gc,marking    ] GC(907) Concurrent Scan Root Regions
[2025-11-03T11:12:57.529+0000][gc,marking    ] GC(907) Concurrent Scan Root Regions 3.251ms
[2025-11-03T11:12:57.529+0000][gc,marking    ] GC(907) Concurrent Mark (32391.865s)
[2025-11-03T11:12:57.529+0000][gc,marking    ] GC(907) Concurrent Mark From Roots
[2025-11-03T11:12:57.529+0000][gc,task       ] GC(907) Using 1 workers of 1 for marking
[2025-11-03T11:12:57.564+0000][gc,marking    ] GC(907) Concurrent Mark From Roots 35.051ms
[2025-11-03T11:12:57.564+0000][gc,marking    ] GC(907) Concurrent Preclean
[2025-11-03T11:12:57.565+0000][gc,marking    ] GC(907) Concurrent Preclean 0.264ms
[2025-11-03T11:12:57.565+0000][gc,marking    ] GC(907) Concurrent Mark (32391.865s, 32391.901s) 35.769ms
[2025-11-03T11:12:57.565+0000][gc,start      ] GC(907) Pause Remark
[2025-11-03T11:12:57.574+0000][gc,stringtable] GC(907) Cleaned string and symbol table, strings: 17253 processed, 0 removed, symbols: 123865 processed, 0 removed
[2025-11-03T11:12:57.575+0000][gc            ] GC(907) Pause Remark 230M->230M(931M) 9.696ms
[2025-11-03T11:12:57.575+0000][gc,cpu        ] GC(907) User=0.02s Sys=0.00s Real=0.01s
[2025-11-03T11:12:57.575+0000][gc,marking    ] GC(907) Concurrent Rebuild Remembered Sets
[2025-11-03T11:12:57.597+0000][gc,marking    ] GC(907) Concurrent Rebuild Remembered Sets 21.928ms
[2025-11-03T11:12:57.598+0000][gc,start      ] GC(907) Pause Cleanup
[2025-11-03T11:12:57.599+0000][gc            ] GC(907) Pause Cleanup 230M->230M(931M) 0.492ms
[2025-11-03T11:12:57.599+0000][gc,cpu        ] GC(907) User=0.00s Sys=0.00s Real=0.00s
[2025-11-03T11:12:57.599+0000][gc,marking    ] GC(907) Concurrent Cleanup for Next Mark
[2025-11-03T11:12:57.600+0000][gc,marking    ] GC(907) Concurrent Cleanup for Next Mark 0.927ms
[2025-11-03T11:12:57.600+0000][gc            ] GC(907) Concurrent Cycle 74.922ms
