[2025-10-31T19:52:39.107+0000][gc,heap] Heap region size: 1M
[2025-10-31T19:52:39.123+0000][gc     ] Using G1
[2025-10-31T19:52:39.123+0000][gc,heap,coops] Heap address: 0x00000000c0000000, size: 1024 MB, Compressed Oops mode: 32-bit
[2025-10-31T19:52:40.124+0000][gc,start     ] GC(0) Pause Young (Normal) (G1 Evacuation Pause)
[2025-10-31T19:52:40.125+0000][gc,task      ] GC(0) Using 2 workers of 2 for evacuation
[2025-10-31T19:52:40.131+0000][gc,phases    ] GC(0)   Pre Evacuate Collection Set: 0.0ms
[2025-10-31T19:52:40.131+0000][gc,phases    ] GC(0)   Evacuate Collection Set: 4.8ms
[2025-10-31T19:52:40.131+0000][gc,phases    ] GC(0)   Post Evacuate Collection Set: 0.7ms
[2025-10-31T19:52:40.132+0000][gc,phases    ] GC(0)   Other: 1.2ms
[2025-10-31T19:52:40.132+0000][gc,heap      ] GC(0) Eden regions: 25->0(21)
[2025-10-31T19:52:40.132+0000][gc,heap      ] GC(0) Survivor regions: 0->4(4)
[2025-10-31T19:52:40.132+0000][gc,heap      ] GC(0) Old regions: 0->3
[2025-10-31T19:52:40.132+0000][gc,heap      ] GC(0) Humongous regions: 0->0
[2025-10-31T19:52:40.133+0000][gc,metaspace ] GC(0) Metaspace: 17808K(18432K)->17808K(18432K) NonClass: 15929K(16384K)->15929K(16384K) Class: 1879K(2048K)->1879K(2048K)
[2025-10-31T19:52:40.133+0000][gc           ] GC(0) Pause Young (Normal) (G1 Evacuation Pause) 25M->6M(512M) 8.424ms
[2025-10-31T19:52:40.133+0000][gc,cpu       ] GC(0) User=0.02s Sys=0.01s Real=0.01s
[2025-10-31T19:52:40.300+0000][gc,start     ] GC(1) Pause Young (Concurrent Start) (Metadata GC Threshold)
[2025-10-31T19:52:40.300+0000][gc,task      ] GC(1) Using 2 workers of 2 for evacuation
[2025-10-31T19:52:40.306+0000][gc,phases    ] GC(1)   Pre Evacuate Collection Set: 0.0ms
[2025-10-31T19:52:40.307+0000][gc,phases    ] GC(1)   Evacuate Collection Set: 5.0ms
[2025-10-31T19:52:40.307+0000][gc,phases    ] GC(1)   Post Evacuate Collection Set: 0.7ms
[2025-10-31T19:52:40.307+0000][gc,phases    ] GC(1)   Other: 0.6ms
[2025-10-31T19:52:40.307+0000][gc,heap      ] GC(1) Eden regions: 9->0(24)
[2025-10-31T19:52:40.307+0000][gc,heap      ] GC(1) Survivor regions: 4->1(4)
[2025-10-31T19:52:40.307+0000][gc,heap      ] GC(1) Old regions: 3->7
[2025-10-31T19:52:40.308+0000][gc,heap      ] GC(1) Humongous regions: 0->0
[2025-10-31T19:52:40.308+0000][gc,metaspace ] GC(1) Metaspace: 20772K(21296K)->20772K(21296K) NonClass: 18563K(18864K)->18563K(18864K) Class: 2209K(2432K)->2209K(2432K)
[2025-10-31T19:52:40.308+0000][gc           ] GC(1) Pause Young (Concurrent Start) (Metadata GC Threshold) 14M->7M(512M) 7.586ms
[2025-10-31T19:52:40.308+0000][gc,cpu       ] GC(1) User=0.01s Sys=0.00s Real=0.01s
[2025-10-31T19:52:40.308+0000][gc           ] GC(2) Concurrent Cycle
[2025-10-31T19:52:40.308+0000][gc,marking   ] GC(2) Concurrent Clear Claimed Marks
[2025-10-31T19:52:40.308+0000][gc,marking   ] GC(2) Concurrent Clear Claimed Marks 0.174ms
[2025-10-31T19:52:40.309+0000][gc,marking   ] GC(2) Concurrent Scan Root Regions
[2025-10-31T19:52:40.309+0000][gc,marking   ] GC(2) Concurrent Scan Root Regions 0.547ms
[2025-10-31T19:52:40.309+0000][gc,marking   ] GC(2) Concurrent Mark (1.230s)
[2025-10-31T19:52:40.309+0000][gc,marking   ] GC(2) Concurrent Mark From Roots
[2025-10-31T19:52:40.310+0000][gc,task      ] GC(2) Using 1 workers of 1 for marking
[2025-10-31T19:52:40.317+0000][gc,marking   ] GC(2) Concurrent Mark From Roots 7.566ms
[2025-10-31T19:52:40.317+0000][gc,marking   ] GC(2) Concurrent Preclean
[2025-10-31T19:52:40.318+0000][gc,marking   ] GC(2) Concurrent Preclean 0.268ms
[2025-10-31T19:52:40.318+0000][gc,marking   ] GC(2) Concurrent Mark (1.230s, 1.239s) 8.411ms
[2025-10-31T19:52:40.318+0000][gc,start     ] GC(2) Pause Remark
[2025-10-31T19:52:40.321+0000][gc,stringtable] GC(2) Cleaned string and symbol table, strings: 7261 processed, 9 removed, symbols: 64792 processed, 23 removed
[2025-10-31T19:52:40.322+0000][gc            ] GC(2) Pause Remark 7M->7M(512M) 3.361ms
[2025-10-31T19:52:40.322+0000][gc,cpu        ] GC(2) User=0.01s Sys=0.00s Real=0.00s
[2025-10-31T19:52:40.322+0000][gc,marking    ] GC(2) Concurrent Rebuild Remembered Sets
[2025-10-31T19:52:40.326+0000][gc,marking    ] GC(2) Concurrent Rebuild Remembered Sets 3.569ms
[2025-10-31T19:52:40.326+0000][gc,start      ] GC(2) Pause Cleanup
[2025-10-31T19:52:40.327+0000][gc            ] GC(2) Pause Cleanup 8M->8M(512M) 0.410ms
[2025-10-31T19:52:40.327+0000][gc,cpu        ] GC(2) User=0.00s Sys=0.00s Real=0.00s
[2025-10-31T19:52:40.327+0000][gc,marking    ] GC(2) Concurrent Cleanup for Next Mark
[2025-10-31T19:52:40.328+0000][gc,marking    ] GC(2) Concurrent Cleanup for Next Mark 1.090ms
[2025-10-31T19:52:40.328+0000][gc            ] GC(2) Concurrent Cycle 20.345ms
[2025-10-31T19:52:40.602+0000][gc,start      ] GC(3) Pause Young (Normal) (G1 Evacuation Pause)
[2025-10-31T19:52:40.602+0000][gc,task       ] GC(3) Using 2 workers of 2 for evacuation
[2025-10-31T19:52:40.606+0000][gc,phases     ] GC(3)   Pre Evacuate Collection Set: 0.0ms
[2025-10-31T19:52:40.607+0000][gc,phases     ] GC(3)   Evacuate Collection Set: 2.7ms
[2025-10-31T19:52:40.607+0000][gc,phases     ] GC(3)   Post Evacuate Collection Set: 0.7ms
[2025-10-31T19:52:40.607+0000][gc,phases     ] GC(3)   Other: 0.8ms
[2025-10-31T19:52:40.607+0000][gc,heap       ] GC(3) Eden regions: 24->0(23)
[2025-10-31T19:52:40.607+0000][gc,heap       ] GC(3) Survivor regions: 1->2(4)
[2025-10-31T19:52:40.607+0000][gc,heap       ] GC(3) Old regions: 7->7
[2025-10-31T19:52:40.607+0000][gc,heap       ] GC(3) Humongous regions: 0->0
[2025-10-31T19:52:40.608+0000][gc,metaspace  ] GC(3) Metaspace: 25739K(26544K)->25739K(26544K) NonClass: 23008K(23472K)->23008K(23472K) Class: 2731K(3072K)->2731K(3072K)
[2025-10-31T19:52:40.608+0000][gc            ] GC(3) Pause Young (Normal) (G1 Evacuation Pause) 31M->7M(512M) 5.498ms
[2025-10-31T19:52:40.608+0000][gc,cpu        ] GC(3) User=0.01s Sys=0.00s Real=0.01s
[2025-10-31T19:52:40.952+0000][gc,start      ] GC(4) Pause Young (Normal) (G1 Evacuation Pause)
[2025-10-31T19:52:40.952+0000][gc,task       ] GC(4) Using 2 workers of 2 for evacuation
[2025-10-31T19:52:40.958+0000][gc,phases     ] GC(4)   Pre Evacuate Collection Set: 0.0ms
[2025-10-31T19:52:40.958+0000][gc,phases     ] GC(4)   Evacuate Collection Set: 4.8ms
[2025-10-31T19:52:40.959+0000][gc,phases     ] GC(4)   Post Evacuate Collection Set: 0.9ms
[2025-10-31T19:52:40.959+0000][gc,phases     ] GC(4)   Other: 0.6ms
[2025-10-31T19:52:40.959+0000][gc,heap       ] GC(4) Eden regions: 23->0(22)
[2025-10-31T19:52:40.959+0000][gc,heap       ] GC(4) Survivor regions: 2->3(4)
[2025-10-31T19:52:40.960+0000][gc,heap       ] GC(4) Old regions: 7->7
[2025-10-31T19:52:40.960+0000][gc,heap       ] GC(4) Humongous regions: 0->0
[2025-10-31T19:52:40.960+0000][gc,metaspace  ] GC(4) Metaspace: 29671K(30640K)->29671K(30640K) NonClass: 26488K(27056K)->26488K(27056K) Class: 3182K(3584K)->3182K(3584K)
[2025-10-31T19:52:40.960+0000][gc            ] GC(4) Pause Young (Normal) (G1 Evacuation Pause) 30M->9M(512M) 8.619ms
[2025-10-31T19:52:40.961+0000][gc,cpu        ] GC(4) User=0.01s Sys=0.00s Real=0.01s
[2025-10-31T19:52:41.480+0000][gc,start      ] GC(5) Pause Young (Normal) (G1 Evacuation Pause)
[2025-10-31T19:52:41.480+0000][gc,task       ] GC(5) Using 2 workers of 2 for evacuation
[2025-10-31T19:52:41.488+0000][gc,phases     ] GC(5)   Pre Evacuate Collection Set: 0.0ms
[2025-10-31T19:52:41.488+0000][gc,phases     ] GC(5)   Evacuate Collection Set: 6.2ms
[2025-10-31T19:52:41.488+0000][gc,phases     ] GC(5)   Post Evacuate Collection Set: 0.8ms
[2025-10-31T19:52:41.488+0000][gc,phases     ] GC(5)   Other: 0.4ms
[2025-10-31T19:52:41.489+0000][gc,heap       ] GC(5) Eden regions: 22->0(23)
[2025-10-31T19:52:41.489+0000][gc,heap       ] GC(5) Survivor regions: 3->2(4)
[2025-10-31T19:52:41.489+0000][gc,heap       ] GC(5) Old regions: 7->8
[2025-10-31T19:52:41.489+0000][gc,heap       ] GC(5) Humongous regions: 0->0
[2025-10-31T19:52:41.489+0000][gc,metaspace  ] GC(5) Metaspace: 31761K(32688K)->31761K(32688K) NonClass: 28302K(28848K)->28302K(28848K) Class: 3458K(3840K)->3458K(3840K)
[2025-10-31T19:52:41.489+0000][gc            ] GC(5) Pause Young (Normal) (G1 Evacuation Pause) 31M->9M(512M) 9.314ms
[2025-10-31T19:52:41.490+0000][gc,cpu        ] GC(5) User=0.02s Sys=0.00s Real=0.01s
[2025-10-31T19:52:41.719+0000][gc,start      ] GC(6) Pause Young (Concurrent Start) (Metadata GC Threshold)
[2025-10-31T19:52:41.720+0000][gc,task       ] GC(6) Using 2 workers of 2 for evacuation
[2025-10-31T19:52:41.724+0000][gc,phases     ] GC(6)   Pre Evacuate Collection Set: 0.1ms
[2025-10-31T19:52:41.724+0000][gc,phases     ] GC(6)   Evacuate Collection Set: 3.2ms
[2025-10-31T19:52:41.724+0000][gc,phases     ] GC(6)   Post Evacuate Collection Set: 0.7ms
[2025-10-31T19:52:41.725+0000][gc,phases     ] GC(6)   Other: 0.7ms
[2025-10-31T19:52:41.725+0000][gc,heap       ] GC(6) Eden regions: 16->0(22)
[2025-10-31T19:52:41.725+0000][gc,heap       ] GC(6) Survivor regions: 2->3(4)
[2025-10-31T19:52:41.725+0000][gc,heap       ] GC(6) Old regions: 8->8
[2025-10-31T19:52:41.725+0000][gc,heap       ] GC(6) Humongous regions: 0->0
[2025-10-31T19:52:41.725+0000][gc,metaspace  ] GC(6) Metaspace: 34910K(35888K)->34910K(35888K) NonClass: 31133K(31664K)->31133K(31664K) Class: 3776K(4224K)->3776K(4224K)
[2025-10-31T19:52:41.726+0000][gc            ] GC(6) Pause Young (Concurrent Start) (Metadata GC Threshold) 25M->9M(512M) 6.363ms
[2025-10-31T19:52:41.726+0000][gc,cpu        ] GC(6) User=0.02s Sys=0.00s Real=0.01s
[2025-10-31T19:52:41.726+0000][gc            ] GC(7) Concurrent Cycle
[2025-10-31T19:52:41.726+0000][gc,marking    ] GC(7) Concurrent Clear Claimed Marks
[2025-10-31T19:52:41.726+0000][gc,marking    ] GC(7) Concurrent Clear Claimed Marks 0.217ms
[2025-10-31T19:52:41.727+0000][gc,marking    ] GC(7) Concurrent Scan Root Regions
[2025-10-31T19:52:41.729+0000][gc,marking    ] GC(7) Concurrent Scan Root Regions 2.028ms
[2025-10-31T19:52:41.729+0000][gc,marking    ] GC(7) Concurrent Mark (2.650s)
[2025-10-31T19:52:41.729+0000][gc,marking    ] GC(7) Concurrent Mark From Roots
[2025-10-31T19:52:41.729+0000][gc,task       ] GC(7) Using 1 workers of 1 for marking
[2025-10-31T19:52:41.738+0000][gc,marking    ] GC(7) Concurrent Mark From Roots 8.885ms
[2025-10-31T19:52:41.738+0000][gc,marking    ] GC(7) Concurrent Preclean
[2025-10-31T19:52:41.738+0000][gc,marking    ] GC(7) Concurrent Preclean 0.274ms
[2025-10-31T19:52:41.739+0000][gc,marking    ] GC(7) Concurrent Mark (2.650s, 2.660s) 9.734ms
[2025-10-31T19:52:41.739+0000][gc,start      ] GC(7) Pause Remark
[2025-10-31T19:52:41.742+0000][gc,stringtable] GC(7) Cleaned string and symbol table, strings: 11304 processed, 8 removed, symbols: 96823 processed, 21 removed
[2025-10-31T19:52:41.743+0000][gc            ] GC(7) Pause Remark 11M->11M(512M) 3.974ms
[2025-10-31T19:52:41.743+0000][gc,cpu        ] GC(7) User=0.00s Sys=0.00s Real=0.01s
[2025-10-31T19:52:41.743+0000][gc,marking    ] GC(7) Concurrent Rebuild Remembered Sets
[2025-10-31T19:52:41.748+0000][gc,marking    ] GC(7) Concurrent Rebuild Remembered Sets 4.556ms
[2025-10-31T19:52:41.748+0000][gc,start      ] GC(7) Pause Cleanup
[2025-10-31T19:52:41.749+0000][gc            ] GC(7) Pause Cleanup 12M->12M(512M) 0.396ms
[2025-10-31T19:52:41.749+0000][gc,cpu        ] GC(7) User=0.00s Sys=0.00s Real=0.00s
[2025-10-31T19:52:41.749+0000][gc,marking    ] GC(7) Concurrent Cleanup for Next Mark
[2025-10-31T19:52:41.770+0000][gc,marking    ] GC(7) Concurrent Cleanup for Next Mark 20.673ms
[2025-10-31T19:52:41.770+0000][gc            ] GC(7) Concurrent Cycle 43.937ms
[2025-10-31T19:52:42.032+0000][gc,start      ] GC(8) Pause Young (Normal) (G1 Evacuation Pause)
[2025-10-31T19:52:42.032+0000][gc,task       ] GC(8) Using 2 workers of 2 for evacuation
[2025-10-31T19:52:42.038+0000][gc,phases     ] GC(8)   Pre Evacuate Collection Set: 0.0ms
[2025-10-31T19:52:42.038+0000][gc,phases     ] GC(8)   Evacuate Collection Set: 4.5ms
[2025-10-31T19:52:42.038+0000][gc,phases     ] GC(8)   Post Evacuate Collection Set: 0.6ms
[2025-10-31T19:52:42.038+0000][gc,phases     ] GC(8)   Other: 0.5ms
[2025-10-31T19:52:42.038+0000][gc,heap       ] GC(8) Eden regions: 22->0(23)
[2025-10-31T19:52:42.038+0000][gc,heap       ] GC(8) Survivor regions: 3->2(4)
[2025-10-31T19:52:42.039+0000][gc,heap       ] GC(8) Old regions: 8->9
[2025-10-31T19:52:42.039+0000][gc,heap       ] GC(8) Humongous regions: 17->17
[2025-10-31T19:52:42.039+0000][gc,metaspace  ] GC(8) Metaspace: 39296K(40624K)->39296K(40624K) NonClass: 35019K(35760K)->35019K(35760K) Class: 4277K(4864K)->4277K(4864K)
[2025-10-31T19:52:42.039+0000][gc            ] GC(8) Pause Young (Normal) (G1 Evacuation Pause) 48M->27M(512M) 7.204ms
[2025-10-31T19:52:42.039+0000][gc,cpu        ] GC(8) User=0.01s Sys=0.00s Real=0.01s
[2025-10-31T19:52:42.231+0000][gc,start      ] GC(9) Pause Young (Normal) (G1 Evacuation Pause)
[2025-10-31T19:52:42.232+0000][gc,task       ] GC(9) Using 2 workers of 2 for evacuation
[2025-10-31T19:52:42.236+0000][gc,phases     ] GC(9)   Pre Evacuate Collection Set: 0.0ms
[2025-10-31T19:52:42.236+0000][gc,phases     ] GC(9)   Evacuate Collection Set: 3.3ms
[2025-10-31T19:52:42.236+0000][gc,phases     ] GC(9)   Post Evacuate Collection Set: 0.7ms
[2025-10-31T19:52:42.237+0000][gc,phases     ] GC(9)   Other: 0.5ms
[2025-10-31T19:52:42.237+0000][gc,heap       ] GC(9) Eden regions: 23->0(22)
[2025-10-31T19:52:42.237+0000][gc,heap       ] GC(9) Survivor regions: 2->3(4)
[2025-10-31T19:52:42.237+0000][gc,heap       ] GC(9) Old regions: 9->9
[2025-10-31T19:52:42.237+0000][gc,heap       ] GC(9) Humongous regions: 17->17
[2025-10-31T19:52:42.238+0000][gc,metaspace  ] GC(9) Metaspace: 40126K(41520K)->40126K(41520K) NonClass: 35770K(36528K)->35770K(36528K) Class: 4356K(4992K)->4356K(4992K)
[2025-10-31T19:52:42.238+0000][gc            ] GC(9) Pause Young (Normal) (G1 Evacuation Pause) 50M->28M(512M) 6.209ms
[2025-10-31T19:52:42.238+0000][gc,cpu        ] GC(9) User=0.02s Sys=0.00s Real=0.01s
[2025-10-31T19:52:42.358+0000][gc,start      ] GC(10) Pause Young (Normal) (G1 Evacuation Pause)
[2025-10-31T19:52:42.358+0000][gc,task       ] GC(10) Using 2 workers of 2 for evacuation
[2025-10-31T19:52:42.363+0000][gc,phases     ] GC(10)   Pre Evacuate Collection Set: 0.0ms
[2025-10-31T19:52:42.363+0000][gc,phases     ] GC(10)   Evacuate Collection Set: 4.1ms
[2025-10-31T19:52:42.363+0000][gc,phases     ] GC(10)   Post Evacuate Collection Set: 0.5ms
[2025-10-31T19:52:42.363+0000][gc,phases     ] GC(10)   Other: 0.5ms
[2025-10-31T19:52:42.364+0000][gc,heap       ] GC(10) Eden regions: 22->0(22)
[2025-10-31T19:52:42.364+0000][gc,heap       ] GC(10) Survivor regions: 3->3(4)
[2025-10-31T19:52:42.375+0000][gc,heap       ] GC(10) Old regions: 9->10
[2025-10-31T19:52:42.375+0000][gc,heap       ] GC(10) Humongous regions: 17->17
[2025-10-31T19:52:42.375+0000][gc,metaspace  ] GC(10) Metaspace: 40653K(42032K)->40653K(42032K) NonClass: 36262K(37040K)->36262K(37040K) Class: 4390K(4992K)->4390K(4992K)
[2025-10-31T19:52:42.376+0000][gc            ] GC(10) Pause Young (Normal) (G1 Evacuation Pause) 50M->29M(512M) 17.823ms
[2025-10-31T19:52:42.376+0000][gc,cpu        ] GC(10) User=0.03s Sys=0.00s Real=0.02s
[2025-10-31T19:52:42.526+0000][gc,start      ] GC(11) Pause Young (Normal) (G1 Evacuation Pause)
[2025-10-31T19:52:42.526+0000][gc,task       ] GC(11) Using 2 workers of 2 for evacuation
[2025-10-31T19:52:42.531+0000][gc,phases     ] GC(11)   Pre Evacuate Collection Set: 0.0ms
[2025-10-31T19:52:42.532+0000][gc,phases     ] GC(11)   Evacuate Collection Set: 4.1ms
[2025-10-31T19:52:42.532+0000][gc,phases     ] GC(11)   Post Evacuate Collection Set: 0.6ms
[2025-10-31T19:52:42.532+0000][gc,phases     ] GC(11)   Other: 0.5ms
[2025-10-31T19:52:42.532+0000][gc,heap       ] GC(11) Eden regions: 22->0(22)
[2025-10-31T19:52:42.532+0000][gc,heap       ] GC(11) Survivor regions: 3->3(4)
[2025-10-31T19:52:42.532+0000][gc,heap       ] GC(11) Old regions: 10->11
[2025-10-31T19:52:42.532+0000][gc,heap       ] GC(11) Humongous regions: 17->17
[2025-10-31T19:52:42.532+0000][gc,metaspace  ] GC(11) Metaspace: 41646K(42800K)->41646K(42800K) NonClass: 37185K(37808K)->37185K(37808K) Class: 4460K(4992K)->4460K(4992K)
[2025-10-31T19:52:42.533+0000][gc            ] GC(11) Pause Young (Normal) (G1 Evacuation Pause) 51M->29M(512M) 6.431ms
[2025-10-31T19:52:42.533+0000][gc,cpu        ] GC(11) User=0.01s Sys=0.00s Real=0.01s
[2025-10-31T19:52:42.652+0000][gc,start      ] GC(12) Pause Young (Normal) (G1 Evacuation Pause)
[2025-10-31T19:52:42.652+0000][gc,task       ] GC(12) Using 2 workers of 2 for evacuation
[2025-10-31T19:52:42.657+0000][gc,phases     ] GC(12)   Pre Evacuate Collection Set: 0.0ms
[2025-10-31T19:52:42.657+0000][gc,phases     ] GC(12)   Evacuate Collection Set: 3.9ms
[2025-10-31T19:52:42.657+0000][gc,phases     ] GC(12)   Post Evacuate Collection Set: 0.6ms
[2025-10-31T19:52:42.657+0000][gc,phases     ] GC(12)   Other: 0.6ms
[2025-10-31T19:52:42.658+0000][gc,heap       ] GC(12) Eden regions: 22->0(25)
[2025-10-31T19:52:42.658+0000][gc,heap       ] GC(12) Survivor regions: 3->3(4)
[2025-10-31T19:52:42.658+0000][gc,heap       ] GC(12) Old regions: 11->12
[2025-10-31T19:52:42.658+0000][gc,heap       ] GC(12) Humongous regions: 21->21
[2025-10-31T19:52:42.658+0000][gc,metaspace  ] GC(12) Metaspace: 43053K(44464K)->43053K(44464K) NonClass: 38470K(39344K)->38470K(39344K) Class: 4582K(5120K)->4582K(5120K)
[2025-10-31T19:52:42.658+0000][gc            ] GC(12) Pause Young (Normal) (G1 Evacuation Pause) 55M->34M(512M) 6.617ms
[2025-10-31T19:52:42.658+0000][gc,cpu        ] GC(12) User=0.01s Sys=0.01s Real=0.01s
[2025-10-31T19:52:42.821+0000][gc,start      ] GC(13) Pause Young (Normal) (G1 Evacuation Pause)
[2025-10-31T19:52:42.821+0000][gc,task       ] GC(13) Using 2 workers of 2 for evacuation
[2025-10-31T19:52:42.827+0000][gc,phases     ] GC(13)   Pre Evacuate Collection Set: 0.0ms
[2025-10-31T19:52:42.827+0000][gc,phases     ] GC(13)   Evacuate Collection Set: 4.3ms
[2025-10-31T19:52:42.827+0000][gc,phases     ] GC(13)   Post Evacuate Collection Set: 0.8ms
[2025-10-31T19:52:42.828+0000][gc,phases     ] GC(13)   Other: 0.8ms
[2025-10-31T19:52:42.828+0000][gc,heap       ] GC(13) Eden regions: 25->0(30)
[2025-10-31T19:52:42.828+0000][gc,heap       ] GC(13) Survivor regions: 3->3(4)
[2025-10-31T19:52:42.828+0000][gc,heap       ] GC(13) Old regions: 12->12
[2025-10-31T19:52:42.828+0000][gc,heap       ] GC(13) Humongous regions: 21->21
[2025-10-31T19:52:42.829+0000][gc,metaspace  ] GC(13) Metaspace: 43608K(45104K)->43608K(45104K) NonClass: 38934K(39856K)->38934K(39856K) Class: 4674K(5248K)->4674K(5248K)
[2025-10-31T19:52:42.829+0000][gc            ] GC(13) Pause Young (Normal) (G1 Evacuation Pause) 59M->34M(512M) 7.713ms
[2025-10-31T19:52:42.829+0000][gc,cpu        ] GC(13) User=0.02s Sys=0.00s Real=0.01s
[2025-10-31T19:52:42.931+0000][gc,start      ] GC(14) Pause Young (Normal) (G1 Evacuation Pause)
[2025-10-31T19:52:42.931+0000][gc,task       ] GC(14) Using 2 workers of 2 for evacuation
[2025-10-31T19:52:42.935+0000][gc,phases     ] GC(14)   Pre Evacuate Collection Set: 0.0ms
[2025-10-31T19:52:42.935+0000][gc,phases     ] GC(14)   Evacuate Collection Set: 2.9ms
[2025-10-31T19:52:42.935+0000][gc,phases     ] GC(14)   Post Evacuate Collection Set: 0.8ms
[2025-10-31T19:52:42.936+0000][gc,phases     ] GC(14)   Other: 0.5ms
[2025-10-31T19:52:42.936+0000][gc,heap       ] GC(14) Eden regions: 30->0(46)
[2025-10-31T19:52:42.936+0000][gc,heap       ] GC(14) Survivor regions: 3->3(5)
[2025-10-31T19:52:42.936+0000][gc,heap       ] GC(14) Old regions: 12->12
[2025-10-31T19:52:42.936+0000][gc,heap       ] GC(14) Humongous regions: 21->21
[2025-10-31T19:52:42.937+0000][gc,metaspace  ] GC(14) Metaspace: 43633K(45104K)->43633K(45104K) NonClass: 38954K(39856K)->38954K(39856K) Class: 4678K(5248K)->4678K(5248K)
[2025-10-31T19:52:42.937+0000][gc            ] GC(14) Pause Young (Normal) (G1 Evacuation Pause) 64M->34M(512M) 5.866ms
[2025-10-31T19:52:42.937+0000][gc,cpu        ] GC(14) User=0.01s Sys=0.00s Real=0.01s
[2025-10-31T19:52:43.093+0000][gc,start      ] GC(15) Pause Young (Normal) (G1 Evacuation Pause)
[2025-10-31T19:52:43.093+0000][gc,task       ] GC(15) Using 2 workers of 2 for evacuation
[2025-10-31T19:52:43.097+0000][gc,phases     ] GC(15)   Pre Evacuate Collection Set: 0.0ms
[2025-10-31T19:52:43.097+0000][gc,phases     ] GC(15)   Evacuate Collection Set: 3.2ms
[2025-10-31T19:52:43.098+0000][gc,phases     ] GC(15)   Post Evacuate Collection Set: 0.5ms
[2025-10-31T19:52:43.098+0000][gc,phases     ] GC(15)   Other: 0.5ms
[2025-10-31T19:52:43.098+0000][gc,heap       ] GC(15) Eden regions: 46->0(63)
[2025-10-31T19:52:43.098+0000][gc,heap       ] GC(15) Survivor regions: 3->3(7)
[2025-10-31T19:52:43.098+0000][gc,heap       ] GC(15) Old regions: 12->12
[2025-10-31T19:52:43.098+0000][gc,heap       ] GC(15) Humongous regions: 21->21
[2025-10-31T19:52:43.098+0000][gc,metaspace  ] GC(15) Metaspace: 43807K(45232K)->43807K(45232K) NonClass: 39094K(39856K)->39094K(39856K) Class: 4713K(5376K)->4713K(5376K)
[2025-10-31T19:52:43.099+0000][gc            ] GC(15) Pause Young (Normal) (G1 Evacuation Pause) 80M->34M(512M) 5.455ms
[2025-10-31T19:52:43.099+0000][gc,cpu        ] GC(15) User=0.00s Sys=0.00s Real=0.00s
[2025-10-31T19:52:56.880+0000][gc,start      ] GC(16) Pause Young (Normal) (G1 Evacuation Pause)
[2025-10-31T19:52:56.880+0000][gc,task       ] GC(16) Using 2 workers of 2 for evacuation
[2025-10-31T19:52:56.887+0000][gc,phases     ] GC(16)   Pre Evacuate Collection Set: 0.0ms
[2025-10-31T19:52:56.888+0000][gc,phases     ] GC(16)   Evacuate Collection Set: 6.0ms
[2025-10-31T19:52:56.888+0000][gc,phases     ] GC(16)   Post Evacuate Collection Set: 0.9ms
[2025-10-31T19:52:56.888+0000][gc,phases     ] GC(16)   Other: 0.7ms
[2025-10-31T19:52:56.888+0000][gc,heap       ] GC(16) Eden regions: 63->0(71)
[2025-10-31T19:52:56.888+0000][gc,heap       ] GC(16) Survivor regions: 3->4(9)
[2025-10-31T19:52:56.889+0000][gc,heap       ] GC(16) Old regions: 12->12
[2025-10-31T19:52:56.889+0000][gc,heap       ] GC(16) Humongous regions: 21->17
[2025-10-31T19:52:56.889+0000][gc,metaspace  ] GC(16) Metaspace: 44703K(46128K)->44703K(46128K) NonClass: 39912K(40624K)->39912K(40624K) Class: 4791K(5504K)->4791K(5504K)
[2025-10-31T19:52:56.889+0000][gc            ] GC(16) Pause Young (Normal) (G1 Evacuation Pause) 97M->31M(512M) 9.546ms
[2025-10-31T19:52:56.890+0000][gc,cpu        ] GC(16) User=0.02s Sys=0.00s Real=0.01s
[2025-10-31T19:52:57.432+0000][gc,start      ] GC(17) Pause Young (Concurrent Start) (G1 Humongous Allocation)
[2025-10-31T19:52:57.432+0000][gc,task       ] GC(17) Using 2 workers of 2 for evacuation
[2025-10-31T19:52:57.442+0000][gc,phases     ] GC(17)   Pre Evacuate Collection Set: 0.2ms
[2025-10-31T19:52:57.442+0000][gc,phases     ] GC(17)   Evacuate Collection Set: 7.6ms
[2025-10-31T19:52:57.442+0000][gc,phases     ] GC(17)   Post Evacuate Collection Set: 0.9ms
[2025-10-31T19:52:57.442+0000][gc,phases     ] GC(17)   Other: 0.7ms
[2025-10-31T19:52:57.443+0000][gc,heap       ] GC(17) Eden regions: 45->0(67)
[2025-10-31T19:52:57.443+0000][gc,heap       ] GC(17) Survivor regions: 4->5(10)
[2025-10-31T19:52:57.443+0000][gc,heap       ] GC(17) Old regions: 12->12
[2025-10-31T19:52:57.443+0000][gc,heap       ] GC(17) Humongous regions: 164->146
[2025-10-31T19:52:57.443+0000][gc,metaspace  ] GC(17) Metaspace: 47504K(49584K)->47504K(49584K) NonClass: 42054K(43184K)->42054K(43184K) Class: 5449K(6400K)->5449K(6400K)
[2025-10-31T19:52:57.444+0000][gc            ] GC(17) Pause Young (Concurrent Start) (G1 Humongous Allocation) 222M->162M(512M) 11.440ms
[2025-10-31T19:52:57.444+0000][gc,cpu        ] GC(17) User=0.02s Sys=0.01s Real=0.02s
[2025-10-31T19:52:57.444+0000][gc            ] GC(18) Concurrent Cycle
[2025-10-31T19:52:57.444+0000][gc,marking    ] GC(18) Concurrent Clear Claimed Marks
[2025-10-31T19:52:57.445+0000][gc,marking    ] GC(18) Concurrent Clear Claimed Marks 0.585ms
[2025-10-31T19:52:57.445+0000][gc,marking    ] GC(18) Concurrent Scan Root Regions
[2025-10-31T19:52:57.452+0000][gc,marking    ] GC(18) Concurrent Scan Root Regions 6.399ms
[2025-10-31T19:52:57.453+0000][gc,marking    ] GC(18) Concurrent Mark (18.374s)
[2025-10-31T19:52:57.453+0000][gc,marking    ] GC(18) Concurrent Mark From Roots
[2025-10-31T19:52:57.453+0000][gc,task       ] GC(18) Using 1 workers of 1 for marking
[2025-10-31T19:52:57.541+0000][gc,marking    ] GC(18) Concurrent Mark From Roots 88.470ms
[2025-10-31T19:52:57.543+0000][gc,marking    ] GC(18) Concurrent Preclean
[2025-10-31T19:52:57.543+0000][gc,marking    ] GC(18) Concurrent Preclean 0.426ms
[2025-10-31T19:52:57.544+0000][gc,marking    ] GC(18) Concurrent Mark (18.374s, 18.465s) 90.927ms
[2025-10-31T19:52:57.545+0000][gc,start      ] GC(18) Pause Remark
[2025-10-31T19:52:57.556+0000][gc,stringtable] GC(18) Cleaned string and symbol table, strings: 14549 processed, 8 removed, symbols: 122173 processed, 12 removed
[2025-10-31T19:52:57.556+0000][gc            ] GC(18) Pause Remark 200M->200M(512M) 11.802ms
[2025-10-31T19:52:57.557+0000][gc,cpu        ] GC(18) User=0.02s Sys=0.00s Real=0.01s
[2025-10-31T19:52:57.557+0000][gc,marking    ] GC(18) Concurrent Rebuild Remembered Sets
[2025-10-31T19:52:57.636+0000][gc,marking    ] GC(18) Concurrent Rebuild Remembered Sets 79.284ms
[2025-10-31T19:52:57.638+0000][gc,start      ] GC(18) Pause Cleanup
[2025-10-31T19:52:57.638+0000][gc            ] GC(18) Pause Cleanup 202M->202M(512M) 0.612ms
[2025-10-31T19:52:57.639+0000][gc,cpu        ] GC(18) User=0.00s Sys=0.00s Real=0.00s
[2025-10-31T19:52:57.639+0000][gc,marking    ] GC(18) Concurrent Cleanup for Next Mark
[2025-10-31T19:52:57.642+0000][gc,marking    ] GC(18) Concurrent Cleanup for Next Mark 2.509ms
[2025-10-31T19:52:57.642+0000][gc            ] GC(18) Concurrent Cycle 198.121ms
[2025-10-31T19:52:57.647+0000][gc,start      ] GC(19) Pause Young (Concurrent Start) (G1 Humongous Allocation)
[2025-10-31T19:52:57.647+0000][gc,task       ] GC(19) Using 2 workers of 2 for evacuation
[2025-10-31T19:52:57.663+0000][gc,phases     ] GC(19)   Pre Evacuate Collection Set: 0.2ms
[2025-10-31T19:52:57.664+0000][gc,phases     ] GC(19)   Evacuate Collection Set: 9.9ms
[2025-10-31T19:52:57.664+0000][gc,phases     ] GC(19)   Post Evacuate Collection Set: 2.8ms
[2025-10-31T19:52:57.664+0000][gc,phases     ] GC(19)   Other: 3.6ms
[2025-10-31T19:52:57.665+0000][gc,heap       ] GC(19) Eden regions: 5->0(21)
[2025-10-31T19:52:57.665+0000][gc,heap       ] GC(19) Survivor regions: 5->4(9)
[2025-10-31T19:52:57.665+0000][gc,heap       ] GC(19) Old regions: 12->13
[2025-10-31T19:52:57.665+0000][gc,heap       ] GC(19) Humongous regions: 188->146
[2025-10-31T19:52:57.666+0000][gc,metaspace  ] GC(19) Metaspace: 47819K(49968K)->47819K(49968K) NonClass: 42306K(43440K)->42306K(43440K) Class: 5513K(6528K)->5513K(6528K)
[2025-10-31T19:52:57.666+0000][gc            ] GC(19) Pause Young (Concurrent Start) (G1 Humongous Allocation) 208M->162M(512M) 19.136ms
[2025-10-31T19:52:57.666+0000][gc,cpu        ] GC(19) User=0.04s Sys=0.00s Real=0.02s
[2025-10-31T19:52:57.667+0000][gc            ] GC(20) Concurrent Cycle
[2025-10-31T19:52:57.667+0000][gc,marking    ] GC(20) Concurrent Clear Claimed Marks
[2025-10-31T19:52:57.668+0000][gc,marking    ] GC(20) Concurrent Clear Claimed Marks 0.758ms
[2025-10-31T19:52:57.671+0000][gc,marking    ] GC(20) Concurrent Scan Root Regions
[2025-10-31T19:52:57.721+0000][gc,marking    ] GC(20) Concurrent Scan Root Regions 49.490ms
[2025-10-31T19:52:57.721+0000][gc,marking    ] GC(20) Concurrent Mark (18.642s)
[2025-10-31T19:52:57.727+0000][gc,marking    ] GC(20) Concurrent Mark From Roots
[2025-10-31T19:52:57.728+0000][gc,task       ] GC(20) Using 1 workers of 1 for marking
[2025-10-31T19:52:57.821+0000][gc,marking    ] GC(20) Concurrent Mark From Roots 93.671ms
[2025-10-31T19:52:57.822+0000][gc,marking    ] GC(20) Concurrent Preclean
[2025-10-31T19:52:57.822+0000][gc,marking    ] GC(20) Concurrent Preclean 0.394ms
[2025-10-31T19:52:57.822+0000][gc,marking    ] GC(20) Concurrent Mark (18.642s, 18.743s) 100.985ms
[2025-10-31T19:52:57.824+0000][gc,start      ] GC(20) Pause Remark
[2025-10-31T19:52:57.840+0000][gc,stringtable] GC(20) Cleaned string and symbol table, strings: 14575 processed, 0 removed, symbols: 122204 processed, 1 removed
[2025-10-31T19:52:57.841+0000][gc            ] GC(20) Pause Remark 181M->173M(512M) 17.029ms
[2025-10-31T19:52:57.841+0000][gc,cpu        ] GC(20) User=0.03s Sys=0.00s Real=0.01s
[2025-10-31T19:52:57.842+0000][gc,marking    ] GC(20) Concurrent Rebuild Remembered Sets
[2025-10-31T19:52:57.860+0000][gc,marking    ] GC(20) Concurrent Rebuild Remembered Sets 17.995ms
[2025-10-31T19:52:57.861+0000][gc,start      ] GC(20) Pause Cleanup
[2025-10-31T19:52:57.862+0000][gc            ] GC(20) Pause Cleanup 181M->181M(512M) 0.949ms
[2025-10-31T19:52:57.862+0000][gc,cpu        ] GC(20) User=0.00s Sys=0.00s Real=0.01s
[2025-10-31T19:52:57.863+0000][gc,marking    ] GC(20) Concurrent Cleanup for Next Mark
[2025-10-31T19:52:57.865+0000][gc,start      ] GC(21) Pause Young (Normal) (G1 Evacuation Pause)
[2025-10-31T19:52:57.865+0000][gc,task       ] GC(21) Using 2 workers of 2 for evacuation
[2025-10-31T19:52:57.876+0000][gc,phases     ] GC(21)   Pre Evacuate Collection Set: 0.0ms
[2025-10-31T19:52:57.877+0000][gc,phases     ] GC(21)   Evacuate Collection Set: 9.0ms
[2025-10-31T19:52:57.877+0000][gc,phases     ] GC(21)   Post Evacuate Collection Set: 0.9ms
[2025-10-31T19:52:57.878+0000][gc,phases     ] GC(21)   Other: 1.2ms
[2025-10-31T19:52:57.879+0000][gc,heap       ] GC(21) Eden regions: 21->0(23)
[2025-10-31T19:52:57.879+0000][gc,heap       ] GC(21) Survivor regions: 4->2(4)
[2025-10-31T19:52:57.879+0000][gc,heap       ] GC(21) Old regions: 13->15
[2025-10-31T19:52:57.879+0000][gc,heap       ] GC(21) Humongous regions: 144->144
[2025-10-31T19:52:57.880+0000][gc,metaspace  ] GC(21) Metaspace: 47858K(49968K)->47858K(49968K) NonClass: 42344K(43440K)->42344K(43440K) Class: 5513K(6528K)->5513K(6528K)
[2025-10-31T19:52:57.880+0000][gc            ] GC(21) Pause Young (Normal) (G1 Evacuation Pause) 181M->160M(512M) 15.065ms
[2025-10-31T19:52:57.880+0000][gc,cpu        ] GC(21) User=0.02s Sys=0.00s Real=0.01s
[2025-10-31T19:52:57.881+0000][gc,marking    ] GC(20) Concurrent Cleanup for Next Mark 18.145ms
[2025-10-31T19:52:57.882+0000][gc            ] GC(20) Concurrent Cycle 214.969ms
[2025-10-31T19:52:57.938+0000][gc,start      ] GC(22) Pause Young (Concurrent Start) (G1 Humongous Allocation)
[2025-10-31T19:52:57.938+0000][gc,task       ] GC(22) Using 2 workers of 2 for evacuation
[2025-10-31T19:52:57.954+0000][gc,phases     ] GC(22)   Pre Evacuate Collection Set: 0.2ms
[2025-10-31T19:52:57.955+0000][gc,phases     ] GC(22)   Evacuate Collection Set: 11.3ms
[2025-10-31T19:52:57.955+0000][gc,phases     ] GC(22)   Post Evacuate Collection Set: 1.4ms
[2025-10-31T19:52:57.956+0000][gc,phases     ] GC(22)   Other: 3.1ms
[2025-10-31T19:52:57.956+0000][gc,heap       ] GC(22) Eden regions: 12->0(23)
[2025-10-31T19:52:57.957+0000][gc,heap       ] GC(22) Survivor regions: 2->2(4)
[2025-10-31T19:52:57.957+0000][gc,heap       ] GC(22) Old regions: 15->15
[2025-10-31T19:52:57.959+0000][gc,heap       ] GC(22) Humongous regions: 162->138
[2025-10-31T19:52:57.959+0000][gc,metaspace  ] GC(22) Metaspace: 47866K(49968K)->47866K(49968K) NonClass: 42353K(43440K)->42353K(43440K) Class: 5513K(6528K)->5513K(6528K)
[2025-10-31T19:52:57.960+0000][gc            ] GC(22) Pause Young (Concurrent Start) (G1 Humongous Allocation) 189M->154M(512M) 22.802ms
[2025-10-31T19:52:57.961+0000][gc,cpu        ] GC(22) User=0.04s Sys=0.00s Real=0.02s
[2025-10-31T19:52:57.962+0000][gc            ] GC(23) Concurrent Cycle
[2025-10-31T19:52:57.966+0000][gc,marking    ] GC(23) Concurrent Clear Claimed Marks
[2025-10-31T19:52:57.967+0000][gc,marking    ] GC(23) Concurrent Clear Claimed Marks 0.776ms
[2025-10-31T19:52:57.967+0000][gc,marking    ] GC(23) Concurrent Scan Root Regions
[2025-10-31T19:52:57.972+0000][gc,marking    ] GC(23) Concurrent Scan Root Regions 4.924ms
[2025-10-31T19:52:57.972+0000][gc,marking    ] GC(23) Concurrent Mark (18.893s)
[2025-10-31T19:52:57.975+0000][gc,marking    ] GC(23) Concurrent Mark From Roots
[2025-10-31T19:52:57.975+0000][gc,task       ] GC(23) Using 1 workers of 1 for marking
[2025-10-31T19:52:58.046+0000][gc,marking    ] GC(23) Concurrent Mark From Roots 71.649ms
[2025-10-31T19:52:58.057+0000][gc,marking    ] GC(23) Concurrent Preclean
[2025-10-31T19:52:58.057+0000][gc,marking    ] GC(23) Concurrent Preclean 0.546ms
[2025-10-31T19:52:58.058+0000][gc,marking    ] GC(23) Concurrent Mark (18.893s, 18.979s) 85.501ms
[2025-10-31T19:52:58.059+0000][gc,start      ] GC(23) Pause Remark
[2025-10-31T19:52:58.074+0000][gc,stringtable] GC(23) Cleaned string and symbol table, strings: 14586 processed, 5 removed, symbols: 122203 processed, 0 removed
[2025-10-31T19:52:58.075+0000][gc            ] GC(23) Pause Remark 208M->208M(512M) 16.566ms
[2025-10-31T19:52:58.076+0000][gc,cpu        ] GC(23) User=0.02s Sys=0.00s Real=0.02s
[2025-10-31T19:52:58.076+0000][gc,marking    ] GC(23) Concurrent Rebuild Remembered Sets
[2025-10-31T19:52:58.126+0000][gc,marking    ] GC(23) Concurrent Rebuild Remembered Sets 49.844ms
[2025-10-31T19:52:58.127+0000][gc,start      ] GC(23) Pause Cleanup
[2025-10-31T19:52:58.128+0000][gc            ] GC(23) Pause Cleanup 217M->217M(512M) 0.493ms
[2025-10-31T19:52:58.128+0000][gc,cpu        ] GC(23) User=0.00s Sys=0.01s Real=0.00s
[2025-10-31T19:52:58.128+0000][gc,marking    ] GC(23) Concurrent Cleanup for Next Mark
[2025-10-31T19:52:58.129+0000][gc,marking    ] GC(23) Concurrent Cleanup for Next Mark 1.155ms
[2025-10-31T19:52:58.129+0000][gc            ] GC(23) Concurrent Cycle 167.311ms
[2025-10-31T19:52:58.131+0000][gc,start      ] GC(24) Pause Young (Normal) (G1 Evacuation Pause)
[2025-10-31T19:52:58.131+0000][gc,task       ] GC(24) Using 2 workers of 2 for evacuation
[2025-10-31T19:52:58.138+0000][gc,phases     ] GC(24)   Pre Evacuate Collection Set: 0.0ms
[2025-10-31T19:52:58.138+0000][gc,phases     ] GC(24)   Evacuate Collection Set: 4.8ms
[2025-10-31T19:52:58.138+0000][gc,phases     ] GC(24)   Post Evacuate Collection Set: 0.8ms
[2025-10-31T19:52:58.138+0000][gc,phases     ] GC(24)   Other: 0.7ms
[2025-10-31T19:52:58.139+0000][gc,heap       ] GC(24) Eden regions: 23->0(23)
[2025-10-31T19:52:58.139+0000][gc,heap       ] GC(24) Survivor regions: 2->2(4)
[2025-10-31T19:52:58.139+0000][gc,heap       ] GC(24) Old regions: 15->15
[2025-10-31T19:52:58.139+0000][gc,heap       ] GC(24) Humongous regions: 180->144
[2025-10-31T19:52:58.140+0000][gc,metaspace  ] GC(24) Metaspace: 47879K(49968K)->47879K(49968K) NonClass: 42368K(43440K)->42368K(43440K) Class: 5511K(6528K)->5511K(6528K)
[2025-10-31T19:52:58.140+0000][gc            ] GC(24) Pause Young (Normal) (G1 Evacuation Pause) 219M->160M(512M) 8.560ms
[2025-10-31T19:52:58.140+0000][gc,cpu        ] GC(24) User=0.01s Sys=0.00s Real=0.01s
[2025-10-31T19:52:58.240+0000][gc,start      ] GC(25) Pause Young (Concurrent Start) (G1 Humongous Allocation)
[2025-10-31T19:52:58.241+0000][gc,task       ] GC(25) Using 2 workers of 2 for evacuation
[2025-10-31T19:52:58.294+0000][gc,mmu        ] GC(25) MMU target violated: 21.0ms (20.0ms/21.0ms)
[2025-10-31T19:52:58.294+0000][gc,phases     ] GC(25)   Pre Evacuate Collection Set: 0.7ms
[2025-10-31T19:52:58.295+0000][gc,phases     ] GC(25)   Evacuate Collection Set: 47.0ms
[2025-10-31T19:52:58.295+0000][gc,phases     ] GC(25)   Post Evacuate Collection Set: 3.4ms
[2025-10-31T19:52:58.295+0000][gc,phases     ] GC(25)   Other: 3.2ms
[2025-10-31T19:52:58.295+0000][gc,heap       ] GC(25) Eden regions: 11->0(23)
[2025-10-31T19:52:58.296+0000][gc,heap       ] GC(25) Survivor regions: 2->2(4)
[2025-10-31T19:52:58.296+0000][gc,heap       ] GC(25) Old regions: 15->15
[2025-10-31T19:52:58.296+0000][gc,heap       ] GC(25) Humongous regions: 162->138
[2025-10-31T19:52:58.296+0000][gc,metaspace  ] GC(25) Metaspace: 47884K(49968K)->47884K(49968K) NonClass: 42372K(43440K)->42372K(43440K) Class: 5511K(6528K)->5511K(6528K)
[2025-10-31T19:52:58.296+0000][gc            ] GC(25) Pause Young (Concurrent Start) (G1 Humongous Allocation) 188M->154M(512M) 56.360ms
[2025-10-31T19:52:58.297+0000][gc,cpu        ] GC(25) User=0.06s Sys=0.01s Real=0.06s
[2025-10-31T19:52:58.297+0000][gc            ] GC(26) Concurrent Cycle
[2025-10-31T19:52:58.297+0000][gc,marking    ] GC(26) Concurrent Clear Claimed Marks
[2025-10-31T19:52:58.298+0000][gc,marking    ] GC(26) Concurrent Clear Claimed Marks 0.478ms
[2025-10-31T19:52:58.298+0000][gc,marking    ] GC(26) Concurrent Scan Root Regions
[2025-10-31T19:52:58.320+0000][gc,marking    ] GC(26) Concurrent Scan Root Regions 21.717ms
[2025-10-31T19:52:58.320+0000][gc,marking    ] GC(26) Concurrent Mark (19.241s)
[2025-10-31T19:52:58.321+0000][gc,marking    ] GC(26) Concurrent Mark From Roots
[2025-10-31T19:52:58.322+0000][gc,task       ] GC(26) Using 1 workers of 1 for marking
[2025-10-31T19:52:58.421+0000][gc,marking    ] GC(26) Concurrent Mark From Roots 99.502ms
[2025-10-31T19:52:58.421+0000][gc,marking    ] GC(26) Concurrent Preclean
[2025-10-31T19:52:58.422+0000][gc,marking    ] GC(26) Concurrent Preclean 0.840ms
[2025-10-31T19:52:58.423+0000][gc,marking    ] GC(26) Concurrent Mark (19.241s, 19.344s) 102.310ms
[2025-10-31T19:52:58.434+0000][gc,start      ] GC(26) Pause Remark
[2025-10-31T19:52:58.445+0000][gc,stringtable] GC(26) Cleaned string and symbol table, strings: 14589 processed, 0 removed, symbols: 122203 processed, 4 removed
[2025-10-31T19:52:58.446+0000][gc            ] GC(26) Pause Remark 264M->264M(512M) 12.055ms
[2025-10-31T19:52:58.446+0000][gc,cpu        ] GC(26) User=0.03s Sys=0.00s Real=0.01s
[2025-10-31T19:52:58.446+0000][gc,marking    ] GC(26) Concurrent Rebuild Remembered Sets
[2025-10-31T19:52:58.472+0000][gc,marking    ] GC(26) Concurrent Rebuild Remembered Sets 25.642ms
[2025-10-31T19:52:58.474+0000][gc,start      ] GC(26) Pause Cleanup
[2025-10-31T19:52:58.474+0000][gc            ] GC(26) Pause Cleanup 300M->300M(512M) 0.634ms
[2025-10-31T19:52:58.474+0000][gc,cpu        ] GC(26) User=0.00s Sys=0.00s Real=0.00s
[2025-10-31T19:52:58.475+0000][gc,marking    ] GC(26) Concurrent Cleanup for Next Mark
[2025-10-31T19:52:58.476+0000][gc,marking    ] GC(26) Concurrent Cleanup for Next Mark 1.257ms
[2025-10-31T19:52:58.477+0000][gc            ] GC(26) Concurrent Cycle 179.385ms
[2025-10-31T19:52:58.478+0000][gc,start      ] GC(27) Pause Young (Concurrent Start) (G1 Humongous Allocation)
[2025-10-31T19:52:58.478+0000][gc,task       ] GC(27) Using 2 workers of 2 for evacuation
[2025-10-31T19:52:58.485+0000][gc,phases     ] GC(27)   Pre Evacuate Collection Set: 0.2ms
[2025-10-31T19:52:58.485+0000][gc,phases     ] GC(27)   Evacuate Collection Set: 4.8ms
[2025-10-31T19:52:58.485+0000][gc,phases     ] GC(27)   Post Evacuate Collection Set: 0.9ms
[2025-10-31T19:52:58.486+0000][gc,phases     ] GC(27)   Other: 0.7ms
[2025-10-31T19:52:58.486+0000][gc,heap       ] GC(27) Eden regions: 3->0(22)
[2025-10-31T19:52:58.486+0000][gc,heap       ] GC(27) Survivor regions: 2->3(4)
[2025-10-31T19:52:58.487+0000][gc,heap       ] GC(27) Old regions: 15->15
[2025-10-31T19:52:58.487+0000][gc,heap       ] GC(27) Humongous regions: 282->138
[2025-10-31T19:52:58.487+0000][gc,metaspace  ] GC(27) Metaspace: 47921K(49968K)->47921K(49968K) NonClass: 42409K(43440K)->42409K(43440K) Class: 5511K(6528K)->5511K(6528K)
[2025-10-31T19:52:58.487+0000][gc            ] GC(27) Pause Young (Concurrent Start) (G1 Humongous Allocation) 301M->154M(512M) 9.377ms
[2025-10-31T19:52:58.488+0000][gc,cpu        ] GC(27) User=0.01s Sys=0.00s Real=0.01s
[2025-10-31T19:52:58.488+0000][gc            ] GC(28) Concurrent Cycle
[2025-10-31T19:52:58.488+0000][gc,marking    ] GC(28) Concurrent Clear Claimed Marks
[2025-10-31T19:52:58.489+0000][gc,marking    ] GC(28) Concurrent Clear Claimed Marks 0.562ms
[2025-10-31T19:52:58.490+0000][gc,marking    ] GC(28) Concurrent Scan Root Regions
[2025-10-31T19:52:58.518+0000][gc,marking    ] GC(28) Concurrent Scan Root Regions 27.981ms
[2025-10-31T19:52:58.518+0000][gc,marking    ] GC(28) Concurrent Mark (19.439s)
[2025-10-31T19:52:58.518+0000][gc,marking    ] GC(28) Concurrent Mark From Roots
[2025-10-31T19:52:58.519+0000][gc,task       ] GC(28) Using 1 workers of 1 for marking
[2025-10-31T19:52:58.556+0000][gc,marking    ] GC(28) Concurrent Mark From Roots 37.580ms
[2025-10-31T19:52:58.556+0000][gc,marking    ] GC(28) Concurrent Preclean
[2025-10-31T19:52:58.557+0000][gc,marking    ] GC(28) Concurrent Preclean 0.356ms
[2025-10-31T19:52:58.557+0000][gc,marking    ] GC(28) Concurrent Mark (19.439s, 19.478s) 38.979ms
[2025-10-31T19:52:58.558+0000][gc,start      ] GC(28) Pause Remark
[2025-10-31T19:52:58.565+0000][gc,stringtable] GC(28) Cleaned string and symbol table, strings: 14610 processed, 0 removed, symbols: 122267 processed, 0 removed
[2025-10-31T19:52:58.566+0000][gc            ] GC(28) Pause Remark 161M->161M(512M) 7.980ms
[2025-10-31T19:52:58.566+0000][gc,cpu        ] GC(28) User=0.01s Sys=0.00s Real=0.01s
[2025-10-31T19:52:58.567+0000][gc,marking    ] GC(28) Concurrent Rebuild Remembered Sets
[2025-10-31T19:52:58.584+0000][gc,marking    ] GC(28) Concurrent Rebuild Remembered Sets 17.184ms
[2025-10-31T19:52:58.618+0000][gc,start      ] GC(28) Pause Cleanup
[2025-10-31T19:52:58.619+0000][gc            ] GC(28) Pause Cleanup 162M->162M(512M) 0.607ms
[2025-10-31T19:52:58.619+0000][gc,cpu        ] GC(28) User=0.00s Sys=0.00s Real=0.00s
[2025-10-31T19:52:58.620+0000][gc,marking    ] GC(28) Concurrent Cleanup for Next Mark
[2025-10-31T19:52:58.621+0000][gc,marking    ] GC(28) Concurrent Cleanup for Next Mark 1.326ms
[2025-10-31T19:52:58.622+0000][gc            ] GC(28) Concurrent Cycle 133.552ms
[2025-10-31T19:53:29.415+0000][gc,start      ] GC(29) Pause Young (Normal) (G1 Evacuation Pause)
[2025-10-31T19:53:29.415+0000][gc,task       ] GC(29) Using 2 workers of 2 for evacuation
[2025-10-31T19:53:29.422+0000][gc,phases     ] GC(29)   Pre Evacuate Collection Set: 0.0ms
[2025-10-31T19:53:29.422+0000][gc,phases     ] GC(29)   Evacuate Collection Set: 5.4ms
[2025-10-31T19:53:29.422+0000][gc,phases     ] GC(29)   Post Evacuate Collection Set: 0.7ms
[2025-10-31T19:53:29.422+0000][gc,phases     ] GC(29)   Other: 0.5ms
[2025-10-31T19:53:29.423+0000][gc,heap       ] GC(29) Eden regions: 22->0(21)
[2025-10-31T19:53:29.423+0000][gc,heap       ] GC(29) Survivor regions: 3->4(4)
[2025-10-31T19:53:29.423+0000][gc,heap       ] GC(29) Old regions: 15->15
[2025-10-31T19:53:29.423+0000][gc,heap       ] GC(29) Humongous regions: 144->138
[2025-10-31T19:53:29.423+0000][gc,metaspace  ] GC(29) Metaspace: 50554K(53168K)->50554K(53168K) NonClass: 44610K(46000K)->44610K(46000K) Class: 5944K(7168K)->5944K(7168K)
[2025-10-31T19:53:29.423+0000][gc            ] GC(29) Pause Young (Normal) (G1 Evacuation Pause) 182M->155M(512M) 8.205ms
[2025-10-31T19:53:29.423+0000][gc,cpu        ] GC(29) User=0.01s Sys=0.00s Real=0.00s
[2025-10-31T19:54:27.347+0000][gc,start      ] GC(30) Pause Young (Normal) (G1 Evacuation Pause)
[2025-10-31T19:54:27.348+0000][gc,task       ] GC(30) Using 2 workers of 2 for evacuation
[2025-10-31T19:54:27.358+0000][gc,phases     ] GC(30)   Pre Evacuate Collection Set: 0.0ms
[2025-10-31T19:54:27.358+0000][gc,phases     ] GC(30)   Evacuate Collection Set: 8.7ms
[2025-10-31T19:54:27.358+0000][gc,phases     ] GC(30)   Post Evacuate Collection Set: 0.9ms
[2025-10-31T19:54:27.359+0000][gc,phases     ] GC(30)   Other: 0.8ms
[2025-10-31T19:54:27.359+0000][gc,heap       ] GC(30) Eden regions: 21->0(21)
[2025-10-31T19:54:27.359+0000][gc,heap       ] GC(30) Survivor regions: 4->4(4)
[2025-10-31T19:54:27.359+0000][gc,heap       ] GC(30) Old regions: 15->16
[2025-10-31T19:54:27.359+0000][gc,heap       ] GC(30) Humongous regions: 138->138
[2025-10-31T19:54:27.359+0000][gc,metaspace  ] GC(30) Metaspace: 51141K(53680K)->51141K(53680K) NonClass: 45170K(46512K)->45170K(46512K) Class: 5970K(7168K)->5970K(7168K)
[2025-10-31T19:54:27.360+0000][gc            ] GC(30) Pause Young (Normal) (G1 Evacuation Pause) 176M->157M(512M) 12.181ms
[2025-10-31T19:54:27.360+0000][gc,cpu        ] GC(30) User=0.02s Sys=0.01s Real=0.02s
[2025-10-31T19:55:27.384+0000][gc,start      ] GC(31) Pause Young (Normal) (G1 Evacuation Pause)
[2025-10-31T19:55:27.385+0000][gc,task       ] GC(31) Using 2 workers of 2 for evacuation
[2025-10-31T19:55:27.393+0000][gc,phases     ] GC(31)   Pre Evacuate Collection Set: 0.0ms
[2025-10-31T19:55:27.393+0000][gc,phases     ] GC(31)   Evacuate Collection Set: 6.9ms
[2025-10-31T19:55:27.393+0000][gc,phases     ] GC(31)   Post Evacuate Collection Set: 0.8ms
[2025-10-31T19:55:27.394+0000][gc,phases     ] GC(31)   Other: 0.9ms
[2025-10-31T19:55:27.394+0000][gc,heap       ] GC(31) Eden regions: 21->0(22)
[2025-10-31T19:55:27.394+0000][gc,heap       ] GC(31) Survivor regions: 4->3(4)
[2025-10-31T19:55:27.394+0000][gc,heap       ] GC(31) Old regions: 16->18
[2025-10-31T19:55:27.394+0000][gc,heap       ] GC(31) Humongous regions: 138->138
[2025-10-31T19:55:27.395+0000][gc,metaspace  ] GC(31) Metaspace: 51456K(54192K)->51456K(54192K) NonClass: 45478K(47024K)->45478K(47024K) Class: 5977K(7168K)->5977K(7168K)
[2025-10-31T19:55:27.395+0000][gc            ] GC(31) Pause Young (Normal) (G1 Evacuation Pause) 178M->157M(512M) 10.428ms
[2025-10-31T19:55:27.395+0000][gc,cpu        ] GC(31) User=0.01s Sys=0.00s Real=0.01s
[2025-10-31T19:56:33.625+0000][gc,start      ] GC(32) Pause Young (Normal) (G1 Evacuation Pause)
[2025-10-31T19:56:33.625+0000][gc,task       ] GC(32) Using 2 workers of 2 for evacuation
[2025-10-31T19:56:33.630+0000][gc,phases     ] GC(32)   Pre Evacuate Collection Set: 0.0ms
[2025-10-31T19:56:33.631+0000][gc,phases     ] GC(32)   Evacuate Collection Set: 4.5ms
[2025-10-31T19:56:33.631+0000][gc,phases     ] GC(32)   Post Evacuate Collection Set: 0.6ms
[2025-10-31T19:56:33.631+0000][gc,phases     ] GC(32)   Other: 0.5ms
[2025-10-31T19:56:33.631+0000][gc,heap       ] GC(32) Eden regions: 22->0(27)
[2025-10-31T19:56:33.631+0000][gc,heap       ] GC(32) Survivor regions: 3->3(4)
[2025-10-31T19:56:33.631+0000][gc,heap       ] GC(32) Old regions: 18->18
[2025-10-31T19:56:33.631+0000][gc,heap       ] GC(32) Humongous regions: 138->138
[2025-10-31T19:56:33.632+0000][gc,metaspace  ] GC(32) Metaspace: 51596K(54192K)->51596K(54192K) NonClass: 45618K(47024K)->45618K(47024K) Class: 5978K(7168K)->5978K(7168K)
[2025-10-31T19:56:33.632+0000][gc            ] GC(32) Pause Young (Normal) (G1 Evacuation Pause) 179M->157M(512M) 6.921ms
[2025-10-31T19:56:33.632+0000][gc,cpu        ] GC(32) User=0.01s Sys=0.01s Real=0.01s
[2025-10-31T19:58:00.013+0000][gc,start      ] GC(33) Pause Young (Normal) (G1 Evacuation Pause)
[2025-10-31T19:58:00.014+0000][gc,task       ] GC(33) Using 2 workers of 2 for evacuation
[2025-10-31T19:58:00.024+0000][gc,phases     ] GC(33)   Pre Evacuate Collection Set: 0.0ms
[2025-10-31T19:58:00.024+0000][gc,phases     ] GC(33)   Evacuate Collection Set: 8.3ms
[2025-10-31T19:58:00.024+0000][gc,phases     ] GC(33)   Post Evacuate Collection Set: 0.7ms
[2025-10-31T19:58:00.024+0000][gc,phases     ] GC(33)   Other: 1.5ms
[2025-10-31T19:58:00.024+0000][gc,heap       ] GC(33) Eden regions: 27->0(30)
[2025-10-31T19:58:00.024+0000][gc,heap       ] GC(33) Survivor regions: 3->4(4)
[2025-10-31T19:58:00.024+0000][gc,heap       ] GC(33) Old regions: 18->20
[2025-10-31T19:58:00.025+0000][gc,heap       ] GC(33) Humongous regions: 138->138
[2025-10-31T19:58:00.025+0000][gc,metaspace  ] GC(33) Metaspace: 51757K(54448K)->51757K(54448K) NonClass: 45778K(47280K)->45778K(47280K) Class: 5978K(7168K)->5978K(7168K)
[2025-10-31T19:58:00.025+0000][gc            ] GC(33) Pause Young (Normal) (G1 Evacuation Pause) 184M->161M(512M) 11.619ms
[2025-10-31T19:58:00.025+0000][gc,cpu        ] GC(33) User=0.02s Sys=0.00s Real=0.01s
[2025-10-31T19:59:37.102+0000][gc,start      ] GC(34) Pause Young (Normal) (G1 Evacuation Pause)
[2025-10-31T19:59:37.103+0000][gc,task       ] GC(34) Using 2 workers of 2 for evacuation
[2025-10-31T19:59:37.112+0000][gc,phases     ] GC(34)   Pre Evacuate Collection Set: 0.0ms
[2025-10-31T19:59:37.112+0000][gc,phases     ] GC(34)   Evacuate Collection Set: 7.8ms
[2025-10-31T19:59:37.112+0000][gc,phases     ] GC(34)   Post Evacuate Collection Set: 0.6ms
[2025-10-31T19:59:37.112+0000][gc,phases     ] GC(34)   Other: 1.2ms
[2025-10-31T19:59:37.112+0000][gc,heap       ] GC(34) Eden regions: 30->0(33)
[2025-10-31T19:59:37.112+0000][gc,heap       ] GC(34) Survivor regions: 4->4(5)
[2025-10-31T19:59:37.113+0000][gc,heap       ] GC(34) Old regions: 20->22
[2025-10-31T19:59:37.113+0000][gc,heap       ] GC(34) Humongous regions: 138->138
[2025-10-31T19:59:37.113+0000][gc,metaspace  ] GC(34) Metaspace: 51834K(54448K)->51834K(54448K) NonClass: 45855K(47280K)->45855K(47280K) Class: 5978K(7168K)->5978K(7168K)
[2025-10-31T19:59:37.113+0000][gc            ] GC(34) Pause Young (Normal) (G1 Evacuation Pause) 191M->163M(512M) 10.984ms
[2025-10-31T19:59:37.113+0000][gc,cpu        ] GC(34) User=0.02s Sys=0.00s Real=0.01s
[2025-10-31T20:00:17.052+0000][gc,start      ] GC(35) Pause Young (Normal) (G1 Evacuation Pause)
[2025-10-31T20:00:17.053+0000][gc,task       ] GC(35) Using 2 workers of 2 for evacuation
[2025-10-31T20:00:17.061+0000][gc,phases     ] GC(35)   Pre Evacuate Collection Set: 0.0ms
[2025-10-31T20:00:17.061+0000][gc,phases     ] GC(35)   Evacuate Collection Set: 6.8ms
[2025-10-31T20:00:17.061+0000][gc,phases     ] GC(35)   Post Evacuate Collection Set: 0.6ms
[2025-10-31T20:00:17.061+0000][gc,phases     ] GC(35)   Other: 1.2ms
[2025-10-31T20:00:17.062+0000][gc,heap       ] GC(35) Eden regions: 33->0(37)
[2025-10-31T20:00:17.062+0000][gc,heap       ] GC(35) Survivor regions: 4->2(5)
[2025-10-31T20:00:17.062+0000][gc,heap       ] GC(35) Old regions: 22->24
[2025-10-31T20:00:17.062+0000][gc,heap       ] GC(35) Humongous regions: 138->138
[2025-10-31T20:00:17.062+0000][gc,metaspace  ] GC(35) Metaspace: 52260K(54960K)->52260K(54960K) NonClass: 46266K(47792K)->46266K(47792K) Class: 5994K(7168K)->5994K(7168K)
[2025-10-31T20:00:17.062+0000][gc            ] GC(35) Pause Young (Normal) (G1 Evacuation Pause) 196M->163M(512M) 10.119ms
[2025-10-31T20:00:17.062+0000][gc,cpu        ] GC(35) User=0.02s Sys=0.00s Real=0.01s
[2025-10-31T20:01:10.994+0000][gc,start      ] GC(36) Pause Young (Normal) (G1 Evacuation Pause)
[2025-10-31T20:01:10.995+0000][gc,task       ] GC(36) Using 2 workers of 2 for evacuation
[2025-10-31T20:01:11.005+0000][gc,phases     ] GC(36)   Pre Evacuate Collection Set: 0.0ms
[2025-10-31T20:01:11.005+0000][gc,phases     ] GC(36)   Evacuate Collection Set: 8.7ms
[2025-10-31T20:01:11.005+0000][gc,phases     ] GC(36)   Post Evacuate Collection Set: 0.7ms
[2025-10-31T20:01:11.005+0000][gc,phases     ] GC(36)   Other: 1.5ms
[2025-10-31T20:01:11.005+0000][gc,heap       ] GC(36) Eden regions: 37->0(39)
[2025-10-31T20:01:11.006+0000][gc,heap       ] GC(36) Survivor regions: 2->5(5)
[2025-10-31T20:01:11.006+0000][gc,heap       ] GC(36) Old regions: 24->24
[2025-10-31T20:01:11.006+0000][gc,heap       ] GC(36) Humongous regions: 138->138
[2025-10-31T20:01:11.006+0000][gc,metaspace  ] GC(36) Metaspace: 52450K(55216K)->52450K(55216K) NonClass: 46456K(48048K)->46456K(48048K) Class: 5994K(7168K)->5994K(7168K)
[2025-10-31T20:01:11.006+0000][gc            ] GC(36) Pause Young (Normal) (G1 Evacuation Pause) 200M->165M(512M) 12.186ms
[2025-10-31T20:01:11.006+0000][gc,cpu        ] GC(36) User=0.02s Sys=0.00s Real=0.02s
[2025-10-31T20:02:17.328+0000][gc,start      ] GC(37) Pause Young (Normal) (G1 Evacuation Pause)
[2025-10-31T20:02:17.331+0000][gc,task       ] GC(37) Using 2 workers of 2 for evacuation
[2025-10-31T20:02:17.342+0000][gc,phases     ] GC(37)   Pre Evacuate Collection Set: 0.0ms
[2025-10-31T20:02:17.342+0000][gc,phases     ] GC(37)   Evacuate Collection Set: 9.6ms
[2025-10-31T20:02:17.342+0000][gc,phases     ] GC(37)   Post Evacuate Collection Set: 0.8ms
[2025-10-31T20:02:17.342+0000][gc,phases     ] GC(37)   Other: 2.6ms
[2025-10-31T20:02:17.342+0000][gc,heap       ] GC(37) Eden regions: 39->0(42)
[2025-10-31T20:02:17.343+0000][gc,heap       ] GC(37) Survivor regions: 5->3(6)
[2025-10-31T20:02:17.343+0000][gc,heap       ] GC(37) Old regions: 24->27
[2025-10-31T20:02:17.343+0000][gc,heap       ] GC(37) Humongous regions: 138->138
[2025-10-31T20:02:17.343+0000][gc,metaspace  ] GC(37) Metaspace: 52500K(55216K)->52500K(55216K) NonClass: 46506K(48048K)->46506K(48048K) Class: 5994K(7168K)->5994K(7168K)
[2025-10-31T20:02:17.344+0000][gc            ] GC(37) Pause Young (Normal) (G1 Evacuation Pause) 204M->167M(512M) 15.222ms
[2025-10-31T20:02:17.344+0000][gc,cpu        ] GC(37) User=0.02s Sys=0.01s Real=0.01s
[2025-10-31T20:03:43.825+0000][gc,start      ] GC(38) Pause Young (Normal) (G1 Evacuation Pause)
[2025-10-31T20:03:43.826+0000][gc,task       ] GC(38) Using 2 workers of 2 for evacuation
[2025-10-31T20:03:43.835+0000][gc,phases     ] GC(38)   Pre Evacuate Collection Set: 0.0ms
[2025-10-31T20:03:43.835+0000][gc,phases     ] GC(38)   Evacuate Collection Set: 8.5ms
[2025-10-31T20:03:43.836+0000][gc,phases     ] GC(38)   Post Evacuate Collection Set: 0.7ms
[2025-10-31T20:03:43.836+0000][gc,phases     ] GC(38)   Other: 1.1ms
[2025-10-31T20:03:43.836+0000][gc,heap       ] GC(38) Eden regions: 42->0(45)
[2025-10-31T20:03:43.836+0000][gc,heap       ] GC(38) Survivor regions: 3->5(6)
[2025-10-31T20:03:43.836+0000][gc,heap       ] GC(38) Old regions: 27->27
[2025-10-31T20:03:43.836+0000][gc,heap       ] GC(38) Humongous regions: 138->138
[2025-10-31T20:03:43.836+0000][gc,metaspace  ] GC(38) Metaspace: 52638K(55600K)->52638K(55600K) NonClass: 46612K(48304K)->46612K(48304K) Class: 6026K(7296K)->6026K(7296K)
[2025-10-31T20:03:43.837+0000][gc            ] GC(38) Pause Young (Normal) (G1 Evacuation Pause) 209M->169M(512M) 11.712ms
[2025-10-31T20:03:43.837+0000][gc,cpu        ] GC(38) User=0.02s Sys=0.00s Real=0.01s
[2025-10-31T20:05:51.218+0000][gc,start      ] GC(39) Pause Young (Normal) (G1 Evacuation Pause)
[2025-10-31T20:05:51.219+0000][gc,task       ] GC(39) Using 2 workers of 2 for evacuation
[2025-10-31T20:05:51.233+0000][gc,phases     ] GC(39)   Pre Evacuate Collection Set: 0.0ms
[2025-10-31T20:05:51.233+0000][gc,phases     ] GC(39)   Evacuate Collection Set: 12.7ms
[2025-10-31T20:05:51.233+0000][gc,phases     ] GC(39)   Post Evacuate Collection Set: 0.6ms
[2025-10-31T20:05:51.233+0000][gc,phases     ] GC(39)   Other: 1.3ms
[2025-10-31T20:05:51.233+0000][gc,heap       ] GC(39) Eden regions: 45->0(46)
[2025-10-31T20:05:51.233+0000][gc,heap       ] GC(39) Survivor regions: 5->7(7)
[2025-10-31T20:05:51.233+0000][gc,heap       ] GC(39) Old regions: 27->29
[2025-10-31T20:05:51.234+0000][gc,heap       ] GC(39) Humongous regions: 138->138
[2025-10-31T20:05:51.234+0000][gc,metaspace  ] GC(39) Metaspace: 52730K(55600K)->52730K(55600K) NonClass: 46704K(48304K)->46704K(48304K) Class: 6026K(7296K)->6026K(7296K)
[2025-10-31T20:05:51.234+0000][gc            ] GC(39) Pause Young (Normal) (G1 Evacuation Pause) 214M->174M(512M) 15.717ms
[2025-10-31T20:05:51.234+0000][gc,cpu        ] GC(39) User=0.02s Sys=0.00s Real=0.02s
[2025-10-31T20:08:06.457+0000][gc,start      ] GC(40) Pause Young (Normal) (G1 Evacuation Pause)
[2025-10-31T20:08:06.458+0000][gc,task       ] GC(40) Using 2 workers of 2 for evacuation
[2025-10-31T20:08:06.473+0000][gc,phases     ] GC(40)   Pre Evacuate Collection Set: 0.0ms
[2025-10-31T20:08:06.473+0000][gc,phases     ] GC(40)   Evacuate Collection Set: 13.5ms
[2025-10-31T20:08:06.473+0000][gc,phases     ] GC(40)   Post Evacuate Collection Set: 0.6ms
[2025-10-31T20:08:06.473+0000][gc,phases     ] GC(40)   Other: 1.3ms
[2025-10-31T20:08:06.473+0000][gc,heap       ] GC(40) Eden regions: 46->0(49)
[2025-10-31T20:08:06.474+0000][gc,heap       ] GC(40) Survivor regions: 7->5(7)
[2025-10-31T20:08:06.474+0000][gc,heap       ] GC(40) Old regions: 29->35
[2025-10-31T20:08:06.474+0000][gc,heap       ] GC(40) Humongous regions: 138->138
[2025-10-31T20:08:06.474+0000][gc,metaspace  ] GC(40) Metaspace: 52743K(55600K)->52743K(55600K) NonClass: 46717K(48304K)->46717K(48304K) Class: 6026K(7296K)->6026K(7296K)
[2025-10-31T20:08:06.474+0000][gc            ] GC(40) Pause Young (Normal) (G1 Evacuation Pause) 219M->177M(512M) 17.019ms
[2025-10-31T20:08:06.474+0000][gc,cpu        ] GC(40) User=0.02s Sys=0.00s Real=0.02s
[2025-10-31T20:10:31.164+0000][gc,start      ] GC(41) Pause Young (Normal) (G1 Evacuation Pause)
[2025-10-31T20:10:31.165+0000][gc,task       ] GC(41) Using 2 workers of 2 for evacuation
[2025-10-31T20:10:31.179+0000][gc,phases     ] GC(41)   Pre Evacuate Collection Set: 0.0ms
[2025-10-31T20:10:31.179+0000][gc,phases     ] GC(41)   Evacuate Collection Set: 12.6ms
[2025-10-31T20:10:31.179+0000][gc,phases     ] GC(41)   Post Evacuate Collection Set: 0.9ms
[2025-10-31T20:10:31.179+0000][gc,phases     ] GC(41)   Other: 0.8ms
[2025-10-31T20:10:31.180+0000][gc,heap       ] GC(41) Eden regions: 49->0(50)
[2025-10-31T20:10:31.180+0000][gc,heap       ] GC(41) Survivor regions: 5->4(7)
[2025-10-31T20:10:31.180+0000][gc,heap       ] GC(41) Old regions: 35->38
[2025-10-31T20:10:31.180+0000][gc,heap       ] GC(41) Humongous regions: 138->138
[2025-10-31T20:10:31.180+0000][gc,metaspace  ] GC(41) Metaspace: 52830K(55600K)->52830K(55600K) NonClass: 46803K(48304K)->46803K(48304K) Class: 6026K(7296K)->6026K(7296K)
[2025-10-31T20:10:31.180+0000][gc            ] GC(41) Pause Young (Normal) (G1 Evacuation Pause) 226M->179M(512M) 15.892ms
[2025-10-31T20:10:31.181+0000][gc,cpu        ] GC(41) User=0.03s Sys=0.00s Real=0.02s
[2025-10-31T20:12:59.433+0000][gc,start      ] GC(42) Pause Young (Normal) (G1 Evacuation Pause)
[2025-10-31T20:12:59.433+0000][gc,task       ] GC(42) Using 2 workers of 2 for evacuation
[2025-10-31T20:12:59.449+0000][gc,phases     ] GC(42)   Pre Evacuate Collection Set: 0.0ms
[2025-10-31T20:12:59.450+0000][gc,phases     ] GC(42)   Evacuate Collection Set: 14.5ms
[2025-10-31T20:12:59.450+0000][gc,phases     ] GC(42)   Post Evacuate Collection Set: 0.9ms
[2025-10-31T20:12:59.450+0000][gc,phases     ] GC(42)   Other: 0.9ms
[2025-10-31T20:12:59.450+0000][gc,heap       ] GC(42) Eden regions: 50->0(50)
[2025-10-31T20:12:59.450+0000][gc,heap       ] GC(42) Survivor regions: 4->6(7)
[2025-10-31T20:12:59.451+0000][gc,heap       ] GC(42) Old regions: 38->42
[2025-10-31T20:12:59.451+0000][gc,heap       ] GC(42) Humongous regions: 138->138
[2025-10-31T20:12:59.451+0000][gc,metaspace  ] GC(42) Metaspace: 52893K(55856K)->52893K(55856K) NonClass: 46866K(48560K)->46866K(48560K) Class: 6026K(7296K)->6026K(7296K)
[2025-10-31T20:12:59.451+0000][gc            ] GC(42) Pause Young (Normal) (G1 Evacuation Pause) 229M->185M(512M) 17.918ms
[2025-10-31T20:12:59.451+0000][gc,cpu        ] GC(42) User=0.03s Sys=0.00s Real=0.02s
[2025-10-31T20:15:26.196+0000][gc,start      ] GC(43) Pause Young (Concurrent Start) (G1 Evacuation Pause)
[2025-10-31T20:15:26.196+0000][gc,task       ] GC(43) Using 2 workers of 2 for evacuation
[2025-10-31T20:15:26.215+0000][gc,phases     ] GC(43)   Pre Evacuate Collection Set: 0.4ms
[2025-10-31T20:15:26.215+0000][gc,phases     ] GC(43)   Evacuate Collection Set: 16.4ms
[2025-10-31T20:15:26.215+0000][gc,phases     ] GC(43)   Post Evacuate Collection Set: 0.8ms
[2025-10-31T20:15:26.215+0000][gc,phases     ] GC(43)   Other: 0.9ms
[2025-10-31T20:15:26.216+0000][gc,heap       ] GC(43) Eden regions: 49->0(48)
[2025-10-31T20:15:26.216+0000][gc,heap       ] GC(43) Survivor regions: 6->5(7)
[2025-10-31T20:15:26.216+0000][gc,heap       ] GC(43) Old regions: 42->46
[2025-10-31T20:15:26.216+0000][gc,heap       ] GC(43) Humongous regions: 138->138
[2025-10-31T20:15:26.216+0000][gc,metaspace  ] GC(43) Metaspace: 52904K(55856K)->52904K(55856K) NonClass: 46878K(48560K)->46878K(48560K) Class: 6026K(7296K)->6026K(7296K)
[2025-10-31T20:15:26.216+0000][gc            ] GC(43) Pause Young (Concurrent Start) (G1 Evacuation Pause) 234M->188M(512M) 20.177ms
[2025-10-31T20:15:26.217+0000][gc,cpu        ] GC(43) User=0.03s Sys=0.00s Real=0.02s
[2025-10-31T20:15:26.217+0000][gc            ] GC(44) Concurrent Cycle
[2025-10-31T20:15:26.217+0000][gc,marking    ] GC(44) Concurrent Clear Claimed Marks
[2025-10-31T20:15:26.217+0000][gc,marking    ] GC(44) Concurrent Clear Claimed Marks 0.475ms
[2025-10-31T20:15:26.218+0000][gc,marking    ] GC(44) Concurrent Scan Root Regions
[2025-10-31T20:15:26.221+0000][gc,marking    ] GC(44) Concurrent Scan Root Regions 3.512ms
[2025-10-31T20:15:26.221+0000][gc,marking    ] GC(44) Concurrent Mark (1366.981s)
[2025-10-31T20:15:26.221+0000][gc,marking    ] GC(44) Concurrent Mark From Roots
[2025-10-31T20:15:26.222+0000][gc,task       ] GC(44) Using 1 workers of 1 for marking
[2025-10-31T20:15:26.254+0000][gc,marking    ] GC(44) Concurrent Mark From Roots 32.678ms
[2025-10-31T20:15:26.254+0000][gc,marking    ] GC(44) Concurrent Preclean
[2025-10-31T20:15:26.255+0000][gc,marking    ] GC(44) Concurrent Preclean 0.442ms
[2025-10-31T20:15:26.255+0000][gc,marking    ] GC(44) Concurrent Mark (1366.981s, 1367.015s) 33.725ms
[2025-10-31T20:15:26.255+0000][gc,start      ] GC(44) Pause Remark
[2025-10-31T20:15:26.271+0000][gc,stringtable] GC(44) Cleaned string and symbol table, strings: 16592 processed, 289 removed, symbols: 123644 processed, 3 removed
[2025-10-31T20:15:26.273+0000][gc            ] GC(44) Pause Remark 189M->189M(512M) 17.089ms
[2025-10-31T20:15:26.273+0000][gc,cpu        ] GC(44) User=0.04s Sys=0.00s Real=0.01s
[2025-10-31T20:15:26.273+0000][gc,marking    ] GC(44) Concurrent Rebuild Remembered Sets
[2025-10-31T20:15:26.292+0000][gc,marking    ] GC(44) Concurrent Rebuild Remembered Sets 18.586ms
[2025-10-31T20:15:26.292+0000][gc,start      ] GC(44) Pause Cleanup
[2025-10-31T20:15:26.293+0000][gc            ] GC(44) Pause Cleanup 189M->189M(512M) 0.481ms
[2025-10-31T20:15:26.293+0000][gc,cpu        ] GC(44) User=0.00s Sys=0.00s Real=0.00s
[2025-10-31T20:15:26.293+0000][gc,marking    ] GC(44) Concurrent Cleanup for Next Mark
[2025-10-31T20:15:26.294+0000][gc,marking    ] GC(44) Concurrent Cleanup for Next Mark 0.732ms
[2025-10-31T20:15:26.294+0000][gc            ] GC(44) Concurrent Cycle 77.103ms
[2025-10-31T20:16:56.743+0000][gc,start      ] GC(45) Pause Young (Prepare Mixed) (G1 Evacuation Pause)
[2025-10-31T20:16:56.743+0000][gc,task       ] GC(45) Using 2 workers of 2 for evacuation
[2025-10-31T20:16:56.755+0000][gc,phases     ] GC(45)   Pre Evacuate Collection Set: 0.0ms
[2025-10-31T20:16:56.755+0000][gc,phases     ] GC(45)   Evacuate Collection Set: 10.9ms
[2025-10-31T20:16:56.756+0000][gc,phases     ] GC(45)   Post Evacuate Collection Set: 0.6ms
[2025-10-31T20:16:56.756+0000][gc,phases     ] GC(45)   Other: 0.5ms
[2025-10-31T20:16:56.756+0000][gc,heap       ] GC(45) Eden regions: 37->0(21)
[2025-10-31T20:16:56.756+0000][gc,heap       ] GC(45) Survivor regions: 5->4(6)
[2025-10-31T20:16:56.756+0000][gc,heap       ] GC(45) Old regions: 46->50
[2025-10-31T20:16:56.756+0000][gc,heap       ] GC(45) Humongous regions: 138->138
[2025-10-31T20:16:56.756+0000][gc,metaspace  ] GC(45) Metaspace: 52393K(55856K)->52393K(55856K) NonClass: 46578K(48560K)->46578K(48560K) Class: 5815K(7296K)->5815K(7296K)
[2025-10-31T20:16:56.757+0000][gc            ] GC(45) Pause Young (Prepare Mixed) (G1 Evacuation Pause) 225M->191M(512M) 13.435ms
[2025-10-31T20:16:56.757+0000][gc,cpu        ] GC(45) User=0.02s Sys=0.00s Real=0.02s
[2025-10-31T20:17:57.444+0000][gc,start      ] GC(46) Pause Young (Mixed) (G1 Evacuation Pause)
[2025-10-31T20:17:57.445+0000][gc,task       ] GC(46) Using 2 workers of 2 for evacuation
[2025-10-31T20:17:57.455+0000][gc,phases     ] GC(46)   Pre Evacuate Collection Set: 0.0ms
[2025-10-31T20:17:57.455+0000][gc,phases     ] GC(46)   Evacuate Collection Set: 8.9ms
[2025-10-31T20:17:57.455+0000][gc,phases     ] GC(46)   Post Evacuate Collection Set: 0.8ms
[2025-10-31T20:17:57.456+0000][gc,phases     ] GC(46)   Other: 1.1ms
[2025-10-31T20:17:57.456+0000][gc,heap       ] GC(46) Eden regions: 21->0(59)
[2025-10-31T20:17:57.456+0000][gc,heap       ] GC(46) Survivor regions: 4->3(4)
[2025-10-31T20:17:57.456+0000][gc,heap       ] GC(46) Old regions: 50->52
[2025-10-31T20:17:57.456+0000][gc,heap       ] GC(46) Humongous regions: 138->138
[2025-10-31T20:17:57.456+0000][gc,metaspace  ] GC(46) Metaspace: 52394K(55856K)->52394K(55856K) NonClass: 46578K(48560K)->46578K(48560K) Class: 5815K(7296K)->5815K(7296K)
[2025-10-31T20:17:57.456+0000][gc            ] GC(46) Pause Young (Mixed) (G1 Evacuation Pause) 212M->191M(512M) 12.233ms
[2025-10-31T20:17:57.456+0000][gc,cpu        ] GC(46) User=0.02s Sys=0.00s Real=0.02s
[2025-10-31T20:20:42.474+0000][gc,start      ] GC(47) Pause Young (Concurrent Start) (G1 Evacuation Pause)
[2025-10-31T20:20:42.474+0000][gc,task       ] GC(47) Using 2 workers of 2 for evacuation
[2025-10-31T20:20:42.487+0000][gc,phases     ] GC(47)   Pre Evacuate Collection Set: 0.3ms
[2025-10-31T20:20:42.487+0000][gc,phases     ] GC(47)   Evacuate Collection Set: 10.8ms
[2025-10-31T20:20:42.487+0000][gc,phases     ] GC(47)   Post Evacuate Collection Set: 0.7ms
[2025-10-31T20:20:42.487+0000][gc,phases     ] GC(47)   Other: 0.8ms
[2025-10-31T20:20:42.487+0000][gc,heap       ] GC(47) Eden regions: 56->0(56)
[2025-10-31T20:20:42.488+0000][gc,heap       ] GC(47) Survivor regions: 3->6(8)
[2025-10-31T20:20:42.488+0000][gc,heap       ] GC(47) Old regions: 52->52
[2025-10-31T20:20:42.488+0000][gc,heap       ] GC(47) Humongous regions: 138->138
[2025-10-31T20:20:42.488+0000][gc,metaspace  ] GC(47) Metaspace: 52407K(55856K)->52407K(55856K) NonClass: 46591K(48560K)->46591K(48560K) Class: 5815K(7296K)->5815K(7296K)
[2025-10-31T20:20:42.488+0000][gc            ] GC(47) Pause Young (Concurrent Start) (G1 Evacuation Pause) 247M->194M(512M) 14.095ms
[2025-10-31T20:20:42.488+0000][gc,cpu        ] GC(47) User=0.03s Sys=0.00s Real=0.02s
[2025-10-31T20:20:42.489+0000][gc            ] GC(48) Concurrent Cycle
[2025-10-31T20:20:42.489+0000][gc,marking    ] GC(48) Concurrent Clear Claimed Marks
[2025-10-31T20:20:42.489+0000][gc,marking    ] GC(48) Concurrent Clear Claimed Marks 0.370ms
[2025-10-31T20:20:42.489+0000][gc,marking    ] GC(48) Concurrent Scan Root Regions
[2025-10-31T20:20:42.493+0000][gc,marking    ] GC(48) Concurrent Scan Root Regions 4.035ms
[2025-10-31T20:20:42.493+0000][gc,marking    ] GC(48) Concurrent Mark (1683.251s)
[2025-10-31T20:20:42.493+0000][gc,marking    ] GC(48) Concurrent Mark From Roots
[2025-10-31T20:20:42.494+0000][gc,task       ] GC(48) Using 1 workers of 1 for marking
[2025-10-31T20:20:42.521+0000][gc,marking    ] GC(48) Concurrent Mark From Roots 27.730ms
[2025-10-31T20:20:42.521+0000][gc,marking    ] GC(48) Concurrent Preclean
[2025-10-31T20:20:42.522+0000][gc,marking    ] GC(48) Concurrent Preclean 0.336ms
[2025-10-31T20:20:42.522+0000][gc,marking    ] GC(48) Concurrent Mark (1683.251s, 1683.279s) 28.543ms
[2025-10-31T20:20:42.522+0000][gc,start      ] GC(48) Pause Remark
[2025-10-31T20:20:42.531+0000][gc,stringtable] GC(48) Cleaned string and symbol table, strings: 16362 processed, 0 removed, symbols: 123641 processed, 121 removed
[2025-10-31T20:20:42.532+0000][gc            ] GC(48) Pause Remark 195M->195M(512M) 9.632ms
[2025-10-31T20:20:42.532+0000][gc,cpu        ] GC(48) User=0.02s Sys=0.00s Real=0.01s
[2025-10-31T20:20:42.532+0000][gc,marking    ] GC(48) Concurrent Rebuild Remembered Sets
[2025-10-31T20:20:42.549+0000][gc,marking    ] GC(48) Concurrent Rebuild Remembered Sets 16.249ms
[2025-10-31T20:20:42.549+0000][gc,start      ] GC(48) Pause Cleanup
[2025-10-31T20:20:42.550+0000][gc            ] GC(48) Pause Cleanup 195M->195M(512M) 0.478ms
[2025-10-31T20:20:42.550+0000][gc,cpu        ] GC(48) User=0.00s Sys=0.00s Real=0.00s
[2025-10-31T20:20:42.550+0000][gc,marking    ] GC(48) Concurrent Cleanup for Next Mark
[2025-10-31T20:20:42.551+0000][gc,marking    ] GC(48) Concurrent Cleanup for Next Mark 0.609ms
[2025-10-31T20:20:42.551+0000][gc            ] GC(48) Concurrent Cycle 62.221ms
[2025-10-31T20:23:14.654+0000][gc,start      ] GC(49) Pause Young (Prepare Mixed) (G1 Evacuation Pause)
[2025-10-31T20:23:14.654+0000][gc,task       ] GC(49) Using 2 workers of 2 for evacuation
[2025-10-31T20:23:14.668+0000][gc,phases     ] GC(49)   Pre Evacuate Collection Set: 0.0ms
[2025-10-31T20:23:14.668+0000][gc,phases     ] GC(49)   Evacuate Collection Set: 12.3ms
[2025-10-31T20:23:14.668+0000][gc,phases     ] GC(49)   Post Evacuate Collection Set: 0.7ms
[2025-10-31T20:23:14.668+0000][gc,phases     ] GC(49)   Other: 0.5ms
[2025-10-31T20:23:14.668+0000][gc,heap       ] GC(49) Eden regions: 51->0(21)
[2025-10-31T20:23:14.668+0000][gc,heap       ] GC(49) Survivor regions: 6->4(8)
[2025-10-31T20:23:14.669+0000][gc,heap       ] GC(49) Old regions: 52->57
[2025-10-31T20:23:14.669+0000][gc,heap       ] GC(49) Humongous regions: 138->138
[2025-10-31T20:23:14.669+0000][gc,metaspace  ] GC(49) Metaspace: 52417K(55856K)->52417K(55856K) NonClass: 46601K(48560K)->46601K(48560K) Class: 5815K(7296K)->5815K(7296K)
[2025-10-31T20:23:14.669+0000][gc            ] GC(49) Pause Young (Prepare Mixed) (G1 Evacuation Pause) 245M->197M(512M) 14.935ms
[2025-10-31T20:23:14.669+0000][gc,cpu        ] GC(49) User=0.02s Sys=0.00s Real=0.02s
[2025-10-31T20:24:17.243+0000][gc,start      ] GC(50) Pause Young (Mixed) (G1 Evacuation Pause)
[2025-10-31T20:24:17.243+0000][gc,task       ] GC(50) Using 2 workers of 2 for evacuation
[2025-10-31T20:24:17.254+0000][gc,phases     ] GC(50)   Pre Evacuate Collection Set: 0.1ms
[2025-10-31T20:24:17.254+0000][gc,phases     ] GC(50)   Evacuate Collection Set: 9.9ms
[2025-10-31T20:24:17.254+0000][gc,phases     ] GC(50)   Post Evacuate Collection Set: 0.6ms
[2025-10-31T20:24:17.255+0000][gc,phases     ] GC(50)   Other: 0.6ms
[2025-10-31T20:24:17.255+0000][gc,heap       ] GC(50) Eden regions: 21->0(64)
[2025-10-31T20:24:17.255+0000][gc,heap       ] GC(50) Survivor regions: 4->4(4)
[2025-10-31T20:24:17.255+0000][gc,heap       ] GC(50) Old regions: 57->53
[2025-10-31T20:24:17.255+0000][gc,heap       ] GC(50) Humongous regions: 138->138
[2025-10-31T20:24:17.255+0000][gc,metaspace  ] GC(50) Metaspace: 52423K(55856K)->52423K(55856K) NonClass: 46608K(48560K)->46608K(48560K) Class: 5815K(7296K)->5815K(7296K)
[2025-10-31T20:24:17.256+0000][gc            ] GC(50) Pause Young (Mixed) (G1 Evacuation Pause) 218M->194M(512M) 12.963ms
[2025-10-31T20:24:17.256+0000][gc,cpu        ] GC(50) User=0.02s Sys=0.00s Real=0.01s
[2025-10-31T20:26:13.177+0000][gc,start      ] GC(51) Pause Young (Concurrent Start) (G1 Evacuation Pause)
[2025-10-31T20:26:13.177+0000][gc,task       ] GC(51) Using 2 workers of 2 for evacuation
[2025-10-31T20:26:13.190+0000][gc,phases     ] GC(51)   Pre Evacuate Collection Set: 0.2ms
[2025-10-31T20:26:13.190+0000][gc,phases     ] GC(51)   Evacuate Collection Set: 11.1ms
[2025-10-31T20:26:13.190+0000][gc,phases     ] GC(51)   Post Evacuate Collection Set: 0.8ms
[2025-10-31T20:26:13.190+0000][gc,phases     ] GC(51)   Other: 0.6ms
[2025-10-31T20:26:13.190+0000][gc,heap       ] GC(51) Eden regions: 64->0(60)
[2025-10-31T20:26:13.191+0000][gc,heap       ] GC(51) Survivor regions: 4->6(9)
[2025-10-31T20:26:13.191+0000][gc,heap       ] GC(51) Old regions: 53->53
[2025-10-31T20:26:13.191+0000][gc,heap       ] GC(51) Humongous regions: 138->138
[2025-10-31T20:26:13.191+0000][gc,metaspace  ] GC(51) Metaspace: 52500K(55856K)->52500K(55856K) NonClass: 46685K(48560K)->46685K(48560K) Class: 5815K(7296K)->5815K(7296K)
[2025-10-31T20:26:13.191+0000][gc            ] GC(51) Pause Young (Concurrent Start) (G1 Evacuation Pause) 258M->196M(512M) 14.460ms
[2025-10-31T20:26:13.192+0000][gc,cpu        ] GC(51) User=0.03s Sys=0.00s Real=0.02s
[2025-10-31T20:26:13.192+0000][gc            ] GC(52) Concurrent Cycle
[2025-10-31T20:26:13.192+0000][gc,marking    ] GC(52) Concurrent Clear Claimed Marks
[2025-10-31T20:26:13.193+0000][gc,marking    ] GC(52) Concurrent Clear Claimed Marks 0.490ms
[2025-10-31T20:26:13.193+0000][gc,marking    ] GC(52) Concurrent Scan Root Regions
[2025-10-31T20:26:13.199+0000][gc,marking    ] GC(52) Concurrent Scan Root Regions 6.017ms
[2025-10-31T20:26:13.199+0000][gc,marking    ] GC(52) Concurrent Mark (2013.955s)
[2025-10-31T20:26:13.199+0000][gc,marking    ] GC(52) Concurrent Mark From Roots
[2025-10-31T20:26:13.200+0000][gc,task       ] GC(52) Using 1 workers of 1 for marking
[2025-10-31T20:26:13.237+0000][gc,marking    ] GC(52) Concurrent Mark From Roots 37.956ms
[2025-10-31T20:26:13.238+0000][gc,marking    ] GC(52) Concurrent Preclean
[2025-10-31T20:26:13.238+0000][gc,marking    ] GC(52) Concurrent Preclean 0.374ms
[2025-10-31T20:26:13.238+0000][gc,marking    ] GC(52) Concurrent Mark (2013.955s, 2013.994s) 39.006ms
[2025-10-31T20:26:13.239+0000][gc,start      ] GC(52) Pause Remark
[2025-10-31T20:26:13.249+0000][gc,stringtable] GC(52) Cleaned string and symbol table, strings: 16430 processed, 0 removed, symbols: 123521 processed, 1 removed
[2025-10-31T20:26:13.249+0000][gc            ] GC(52) Pause Remark 197M->197M(512M) 10.416ms
[2025-10-31T20:26:13.249+0000][gc,cpu        ] GC(52) User=0.02s Sys=0.00s Real=0.01s
[2025-10-31T20:26:13.250+0000][gc,marking    ] GC(52) Concurrent Rebuild Remembered Sets
[2025-10-31T20:26:13.270+0000][gc,marking    ] GC(52) Concurrent Rebuild Remembered Sets 20.096ms
[2025-10-31T20:26:13.270+0000][gc,start      ] GC(52) Pause Cleanup
[2025-10-31T20:26:13.271+0000][gc            ] GC(52) Pause Cleanup 198M->198M(512M) 0.430ms
[2025-10-31T20:26:13.271+0000][gc,cpu        ] GC(52) User=0.00s Sys=0.00s Real=0.00s
[2025-10-31T20:26:13.271+0000][gc,marking    ] GC(52) Concurrent Cleanup for Next Mark
[2025-10-31T20:26:13.272+0000][gc,marking    ] GC(52) Concurrent Cleanup for Next Mark 1.232ms
[2025-10-31T20:26:13.273+0000][gc            ] GC(52) Concurrent Cycle 80.796ms
[2025-10-31T20:26:17.212+0000][gc,start      ] GC(53) Pause Young (Prepare Mixed) (G1 Evacuation Pause)
[2025-10-31T20:26:17.213+0000][gc,task       ] GC(53) Using 2 workers of 2 for evacuation
[2025-10-31T20:26:17.225+0000][gc,phases     ] GC(53)   Pre Evacuate Collection Set: 0.0ms
[2025-10-31T20:26:17.225+0000][gc,phases     ] GC(53)   Evacuate Collection Set: 11.1ms
[2025-10-31T20:26:17.225+0000][gc,phases     ] GC(53)   Post Evacuate Collection Set: 0.7ms
[2025-10-31T20:26:17.225+0000][gc,phases     ] GC(53)   Other: 0.7ms
[2025-10-31T20:26:17.226+0000][gc,heap       ] GC(53) Eden regions: 54->0(19)
[2025-10-31T20:26:17.226+0000][gc,heap       ] GC(53) Survivor regions: 6->6(8)
[2025-10-31T20:26:17.226+0000][gc,heap       ] GC(53) Old regions: 53->55
[2025-10-31T20:26:17.226+0000][gc,heap       ] GC(53) Humongous regions: 138->138
[2025-10-31T20:26:17.226+0000][gc,metaspace  ] GC(53) Metaspace: 52506K(55856K)->52506K(55856K) NonClass: 46690K(48560K)->46690K(48560K) Class: 5815K(7296K)->5815K(7296K)
[2025-10-31T20:26:17.226+0000][gc            ] GC(53) Pause Young (Prepare Mixed) (G1 Evacuation Pause) 250M->198M(512M) 14.046ms
[2025-10-31T20:26:17.227+0000][gc,cpu        ] GC(53) User=0.04s Sys=0.00s Real=0.01s
[2025-10-31T20:26:17.862+0000][gc,start      ] GC(54) Pause Young (Mixed) (G1 Evacuation Pause)
[2025-10-31T20:26:17.862+0000][gc,task       ] GC(54) Using 2 workers of 2 for evacuation
[2025-10-31T20:26:17.873+0000][gc,phases     ] GC(54)   Pre Evacuate Collection Set: 0.0ms
[2025-10-31T20:26:17.873+0000][gc,phases     ] GC(54)   Evacuate Collection Set: 9.6ms
[2025-10-31T20:26:17.873+0000][gc,phases     ] GC(54)   Post Evacuate Collection Set: 0.7ms
[2025-10-31T20:26:17.874+0000][gc,phases     ] GC(54)   Other: 0.6ms
[2025-10-31T20:26:17.874+0000][gc,heap       ] GC(54) Eden regions: 19->0(113)
[2025-10-31T20:26:17.874+0000][gc,heap       ] GC(54) Survivor regions: 6->3(4)
[2025-10-31T20:26:17.874+0000][gc,heap       ] GC(54) Old regions: 55->50
[2025-10-31T20:26:17.874+0000][gc,heap       ] GC(54) Humongous regions: 138->138
[2025-10-31T20:26:17.875+0000][gc,metaspace  ] GC(54) Metaspace: 52506K(55856K)->52506K(55856K) NonClass: 46690K(48560K)->46690K(48560K) Class: 5815K(7296K)->5815K(7296K)
[2025-10-31T20:26:17.875+0000][gc            ] GC(54) Pause Young (Mixed) (G1 Evacuation Pause) 217M->189M(512M) 12.559ms
[2025-10-31T20:26:17.875+0000][gc,cpu        ] GC(54) User=0.03s Sys=0.00s Real=0.01s
[2025-10-31T20:26:21.291+0000][gc,start      ] GC(55) Pause Young (Concurrent Start) (G1 Evacuation Pause)
[2025-10-31T20:26:21.292+0000][gc,task       ] GC(55) Using 2 workers of 2 for evacuation
[2025-10-31T20:26:21.305+0000][gc,phases     ] GC(55)   Pre Evacuate Collection Set: 0.3ms
[2025-10-31T20:26:21.305+0000][gc,phases     ] GC(55)   Evacuate Collection Set: 11.1ms
[2025-10-31T20:26:21.305+0000][gc,phases     ] GC(55)   Post Evacuate Collection Set: 0.9ms
[2025-10-31T20:26:21.305+0000][gc,phases     ] GC(55)   Other: 0.8ms
[2025-10-31T20:26:21.305+0000][gc,heap       ] GC(55) Eden regions: 96->0(86)
[2025-10-31T20:26:21.305+0000][gc,heap       ] GC(55) Survivor regions: 3->5(13)
[2025-10-31T20:26:21.306+0000][gc,heap       ] GC(55) Old regions: 50->50
[2025-10-31T20:26:21.306+0000][gc,heap       ] GC(55) Humongous regions: 138->138
[2025-10-31T20:26:21.306+0000][gc,metaspace  ] GC(55) Metaspace: 52506K(55856K)->52506K(55856K) NonClass: 46690K(48560K)->46690K(48560K) Class: 5815K(7296K)->5815K(7296K)
[2025-10-31T20:26:21.306+0000][gc            ] GC(55) Pause Young (Concurrent Start) (G1 Evacuation Pause) 285M->191M(512M) 14.649ms
[2025-10-31T20:26:21.306+0000][gc,cpu        ] GC(55) User=0.03s Sys=0.00s Real=0.01s
[2025-10-31T20:26:21.307+0000][gc            ] GC(56) Concurrent Cycle
[2025-10-31T20:26:21.307+0000][gc,marking    ] GC(56) Concurrent Clear Claimed Marks
[2025-10-31T20:26:21.307+0000][gc,marking    ] GC(56) Concurrent Clear Claimed Marks 0.462ms
[2025-10-31T20:26:21.308+0000][gc,marking    ] GC(56) Concurrent Scan Root Regions
[2025-10-31T20:26:21.313+0000][gc,marking    ] GC(56) Concurrent Scan Root Regions 5.144ms
[2025-10-31T20:26:21.313+0000][gc,marking    ] GC(56) Concurrent Mark (2022.069s)
[2025-10-31T20:26:21.313+0000][gc,marking    ] GC(56) Concurrent Mark From Roots
[2025-10-31T20:26:21.313+0000][gc,task       ] GC(56) Using 1 workers of 1 for marking
[2025-10-31T20:26:21.351+0000][gc,marking    ] GC(56) Concurrent Mark From Roots 37.257ms
[2025-10-31T20:26:21.351+0000][gc,marking    ] GC(56) Concurrent Preclean
[2025-10-31T20:26:21.351+0000][gc,marking    ] GC(56) Concurrent Preclean 0.559ms
[2025-10-31T20:26:21.352+0000][gc,marking    ] GC(56) Concurrent Mark (2022.069s, 2022.107s) 38.439ms
[2025-10-31T20:26:21.352+0000][gc,start      ] GC(56) Pause Remark
[2025-10-31T20:26:21.364+0000][gc,stringtable] GC(56) Cleaned string and symbol table, strings: 16738 processed, 0 removed, symbols: 123520 processed, 0 removed
[2025-10-31T20:26:21.364+0000][gc            ] GC(56) Pause Remark 193M->193M(512M) 11.961ms
[2025-10-31T20:26:21.364+0000][gc,cpu        ] GC(56) User=0.03s Sys=0.00s Real=0.01s
[2025-10-31T20:26:21.365+0000][gc,marking    ] GC(56) Concurrent Rebuild Remembered Sets
[2025-10-31T20:26:21.386+0000][gc,marking    ] GC(56) Concurrent Rebuild Remembered Sets 21.814ms
[2025-10-31T20:26:21.387+0000][gc,start      ] GC(56) Pause Cleanup
[2025-10-31T20:26:21.388+0000][gc            ] GC(56) Pause Cleanup 194M->194M(512M) 0.431ms
[2025-10-31T20:26:21.388+0000][gc,cpu        ] GC(56) User=0.00s Sys=0.00s Real=0.01s
[2025-10-31T20:26:21.388+0000][gc,marking    ] GC(56) Concurrent Cleanup for Next Mark
[2025-10-31T20:26:21.389+0000][gc,marking    ] GC(56) Concurrent Cleanup for Next Mark 0.931ms
[2025-10-31T20:26:21.389+0000][gc            ] GC(56) Concurrent Cycle 82.678ms
[2025-10-31T20:28:01.395+0000][gc,start      ] GC(57) Pause Young (Prepare Mixed) (G1 Evacuation Pause)
[2025-10-31T20:28:01.396+0000][gc,task       ] GC(57) Using 2 workers of 2 for evacuation
[2025-10-31T20:28:01.409+0000][gc,phases     ] GC(57)   Pre Evacuate Collection Set: 0.0ms
[2025-10-31T20:28:01.409+0000][gc,phases     ] GC(57)   Evacuate Collection Set: 12.3ms
[2025-10-31T20:28:01.409+0000][gc,phases     ] GC(57)   Post Evacuate Collection Set: 0.7ms
[2025-10-31T20:28:01.410+0000][gc,phases     ] GC(57)   Other: 1.2ms
[2025-10-31T20:28:01.410+0000][gc,heap       ] GC(57) Eden regions: 73->0(17)
[2025-10-31T20:28:01.410+0000][gc,heap       ] GC(57) Survivor regions: 5->8(10)
[2025-10-31T20:28:01.410+0000][gc,heap       ] GC(57) Old regions: 50->50
[2025-10-31T20:28:01.410+0000][gc,heap       ] GC(57) Humongous regions: 138->138
[2025-10-31T20:28:01.410+0000][gc,metaspace  ] GC(57) Metaspace: 52510K(55856K)->52510K(55856K) NonClass: 46694K(48560K)->46694K(48560K) Class: 5815K(7296K)->5815K(7296K)
[2025-10-31T20:28:01.410+0000][gc            ] GC(57) Pause Young (Prepare Mixed) (G1 Evacuation Pause) 264M->195M(512M) 15.445ms
[2025-10-31T20:28:01.410+0000][gc,cpu        ] GC(57) User=0.03s Sys=0.00s Real=0.02s
[2025-10-31T20:28:41.171+0000][gc,start      ] GC(58) Pause Young (Mixed) (G1 Evacuation Pause)
[2025-10-31T20:28:41.171+0000][gc,task       ] GC(58) Using 2 workers of 2 for evacuation
[2025-10-31T20:28:41.185+0000][gc,phases     ] GC(58)   Pre Evacuate Collection Set: 0.0ms
[2025-10-31T20:28:41.186+0000][gc,phases     ] GC(58)   Evacuate Collection Set: 13.4ms
[2025-10-31T20:28:41.186+0000][gc,phases     ] GC(58)   Post Evacuate Collection Set: 0.7ms
[2025-10-31T20:28:41.186+0000][gc,phases     ] GC(58)   Other: 0.6ms
[2025-10-31T20:28:41.186+0000][gc,heap       ] GC(58) Eden regions: 17->0(99)
[2025-10-31T20:28:41.186+0000][gc,heap       ] GC(58) Survivor regions: 8->3(4)
[2025-10-31T20:28:41.186+0000][gc,heap       ] GC(58) Old regions: 50->52
[2025-10-31T20:28:41.187+0000][gc,heap       ] GC(58) Humongous regions: 138->138
[2025-10-31T20:28:41.187+0000][gc,metaspace  ] GC(58) Metaspace: 52510K(55856K)->52510K(55856K) NonClass: 46694K(48560K)->46694K(48560K) Class: 5815K(7296K)->5815K(7296K)
[2025-10-31T20:28:41.187+0000][gc            ] GC(58) Pause Young (Mixed) (G1 Evacuation Pause) 212M->191M(512M) 16.298ms
[2025-10-31T20:28:41.187+0000][gc,cpu        ] GC(58) User=0.03s Sys=0.00s Real=0.01s
[2025-10-31T20:33:27.579+0000][gc,start      ] GC(59) Pause Young (Concurrent Start) (G1 Evacuation Pause)
[2025-10-31T20:33:27.580+0000][gc,task       ] GC(59) Using 2 workers of 2 for evacuation
[2025-10-31T20:33:27.596+0000][gc,phases     ] GC(59)   Pre Evacuate Collection Set: 0.2ms
[2025-10-31T20:33:27.596+0000][gc,phases     ] GC(59)   Evacuate Collection Set: 14.9ms
[2025-10-31T20:33:27.596+0000][gc,phases     ] GC(59)   Post Evacuate Collection Set: 0.7ms
[2025-10-31T20:33:27.596+0000][gc,phases     ] GC(59)   Other: 1.3ms
[2025-10-31T20:33:27.596+0000][gc,heap       ] GC(59) Eden regions: 99->0(74)
[2025-10-31T20:33:27.597+0000][gc,heap       ] GC(59) Survivor regions: 3->9(13)
[2025-10-31T20:33:27.597+0000][gc,heap       ] GC(59) Old regions: 52->52
[2025-10-31T20:33:27.597+0000][gc,heap       ] GC(59) Humongous regions: 138->138
[2025-10-31T20:33:27.597+0000][gc,metaspace  ] GC(59) Metaspace: 52540K(55856K)->52540K(55856K) NonClass: 46725K(48560K)->46725K(48560K) Class: 5815K(7296K)->5815K(7296K)
[2025-10-31T20:33:27.597+0000][gc            ] GC(59) Pause Young (Concurrent Start) (G1 Evacuation Pause) 290M->198M(512M) 18.586ms
[2025-10-31T20:33:27.597+0000][gc,cpu        ] GC(59) User=0.03s Sys=0.00s Real=0.02s
[2025-10-31T20:33:27.598+0000][gc            ] GC(60) Concurrent Cycle
[2025-10-31T20:33:27.598+0000][gc,marking    ] GC(60) Concurrent Clear Claimed Marks
[2025-10-31T20:33:27.598+0000][gc,marking    ] GC(60) Concurrent Clear Claimed Marks 0.527ms
[2025-10-31T20:33:27.599+0000][gc,marking    ] GC(60) Concurrent Scan Root Regions
[2025-10-31T20:33:27.604+0000][gc,marking    ] GC(60) Concurrent Scan Root Regions 5.712ms
[2025-10-31T20:33:27.605+0000][gc,marking    ] GC(60) Concurrent Mark (2448.358s)
[2025-10-31T20:33:27.605+0000][gc,marking    ] GC(60) Concurrent Mark From Roots
[2025-10-31T20:33:27.605+0000][gc,task       ] GC(60) Using 1 workers of 1 for marking
[2025-10-31T20:33:27.639+0000][gc,marking    ] GC(60) Concurrent Mark From Roots 33.851ms
[2025-10-31T20:33:27.639+0000][gc,marking    ] GC(60) Concurrent Preclean
[2025-10-31T20:33:27.639+0000][gc,marking    ] GC(60) Concurrent Preclean 0.378ms
[2025-10-31T20:33:27.639+0000][gc,marking    ] GC(60) Concurrent Mark (2448.358s, 2448.393s) 34.785ms
[2025-10-31T20:33:27.640+0000][gc,start      ] GC(60) Pause Remark
[2025-10-31T20:33:27.648+0000][gc,stringtable] GC(60) Cleaned string and symbol table, strings: 16789 processed, 0 removed, symbols: 123521 processed, 1 removed
[2025-10-31T20:33:27.649+0000][gc            ] GC(60) Pause Remark 198M->198M(512M) 9.022ms
[2025-10-31T20:33:27.649+0000][gc,cpu        ] GC(60) User=0.01s Sys=0.00s Real=0.01s
[2025-10-31T20:33:27.649+0000][gc,marking    ] GC(60) Concurrent Rebuild Remembered Sets
[2025-10-31T20:33:27.667+0000][gc,marking    ] GC(60) Concurrent Rebuild Remembered Sets 17.616ms
[2025-10-31T20:33:27.667+0000][gc,start      ] GC(60) Pause Cleanup
[2025-10-31T20:33:27.668+0000][gc            ] GC(60) Pause Cleanup 198M->198M(512M) 0.330ms
[2025-10-31T20:33:27.668+0000][gc,cpu        ] GC(60) User=0.00s Sys=0.00s Real=0.00s
[2025-10-31T20:33:27.668+0000][gc,marking    ] GC(60) Concurrent Cleanup for Next Mark
[2025-10-31T20:33:27.669+0000][gc,marking    ] GC(60) Concurrent Cleanup for Next Mark 0.590ms
[2025-10-31T20:33:27.669+0000][gc            ] GC(60) Concurrent Cycle 71.042ms
[2025-10-31T20:36:14.601+0000][gc,start      ] GC(61) Pause Young (Prepare Mixed) (G1 Evacuation Pause)
[2025-10-31T20:36:14.601+0000][gc,task       ] GC(61) Using 2 workers of 2 for evacuation
[2025-10-31T20:36:14.620+0000][gc,phases     ] GC(61)   Pre Evacuate Collection Set: 0.0ms
[2025-10-31T20:36:14.620+0000][gc,phases     ] GC(61)   Evacuate Collection Set: 17.6ms
[2025-10-31T20:36:14.620+0000][gc,phases     ] GC(61)   Post Evacuate Collection Set: 0.7ms
[2025-10-31T20:36:14.621+0000][gc,phases     ] GC(61)   Other: 0.6ms
[2025-10-31T20:36:14.621+0000][gc,heap       ] GC(61) Eden regions: 61->0(19)
[2025-10-31T20:36:14.621+0000][gc,heap       ] GC(61) Survivor regions: 9->6(9)
[2025-10-31T20:36:14.621+0000][gc,heap       ] GC(61) Old regions: 52->59
[2025-10-31T20:36:14.621+0000][gc,heap       ] GC(61) Humongous regions: 138->138
[2025-10-31T20:36:14.621+0000][gc,metaspace  ] GC(61) Metaspace: 52563K(55856K)->52563K(55856K) NonClass: 46747K(48560K)->46747K(48560K) Class: 5816K(7296K)->5816K(7296K)
[2025-10-31T20:36:14.622+0000][gc            ] GC(61) Pause Young (Prepare Mixed) (G1 Evacuation Pause) 259M->201M(512M) 20.326ms
[2025-10-31T20:36:14.622+0000][gc,cpu        ] GC(61) User=0.04s Sys=0.00s Real=0.02s
[2025-10-31T20:37:09.479+0000][gc,start      ] GC(62) Pause Young (Mixed) (G1 Evacuation Pause)
[2025-10-31T20:37:09.479+0000][gc,task       ] GC(62) Using 2 workers of 2 for evacuation
[2025-10-31T20:37:09.491+0000][gc,phases     ] GC(62)   Pre Evacuate Collection Set: 0.0ms
[2025-10-31T20:37:09.491+0000][gc,phases     ] GC(62)   Evacuate Collection Set: 11.1ms
[2025-10-31T20:37:09.491+0000][gc,phases     ] GC(62)   Post Evacuate Collection Set: 0.6ms
[2025-10-31T20:37:09.491+0000][gc,phases     ] GC(62)   Other: 0.6ms
[2025-10-31T20:37:09.492+0000][gc,heap       ] GC(62) Eden regions: 19->0(105)
[2025-10-31T20:37:09.492+0000][gc,heap       ] GC(62) Survivor regions: 6->2(4)
[2025-10-31T20:37:09.492+0000][gc,heap       ] GC(62) Old regions: 59->57
[2025-10-31T20:37:09.492+0000][gc,heap       ] GC(62) Humongous regions: 138->138
[2025-10-31T20:37:09.492+0000][gc,metaspace  ] GC(62) Metaspace: 52568K(55856K)->52568K(55856K) NonClass: 46752K(48560K)->46752K(48560K) Class: 5816K(7296K)->5816K(7296K)
[2025-10-31T20:37:09.492+0000][gc            ] GC(62) Pause Young (Mixed) (G1 Evacuation Pause) 220M->197M(512M) 13.607ms
[2025-10-31T20:37:09.492+0000][gc,cpu        ] GC(62) User=0.02s Sys=0.00s Real=0.01s
[2025-10-31T20:40:49.030+0000][gc,start      ] GC(63) Pause Young (Concurrent Start) (G1 Evacuation Pause)
[2025-10-31T20:40:49.031+0000][gc,task       ] GC(63) Using 2 workers of 2 for evacuation
[2025-10-31T20:40:49.051+0000][gc,phases     ] GC(63)   Pre Evacuate Collection Set: 0.2ms
[2025-10-31T20:40:49.051+0000][gc,phases     ] GC(63)   Evacuate Collection Set: 18.1ms
[2025-10-31T20:40:49.051+0000][gc,phases     ] GC(63)   Post Evacuate Collection Set: 0.9ms
[2025-10-31T20:40:49.052+0000][gc,phases     ] GC(63)   Other: 0.9ms
[2025-10-31T20:40:49.052+0000][gc,heap       ] GC(63) Eden regions: 105->0(59)
[2025-10-31T20:40:49.052+0000][gc,heap       ] GC(63) Survivor regions: 2->9(14)
[2025-10-31T20:40:49.052+0000][gc,heap       ] GC(63) Old regions: 57->57
[2025-10-31T20:40:49.053+0000][gc,heap       ] GC(63) Humongous regions: 138->138
[2025-10-31T20:40:49.053+0000][gc,metaspace  ] GC(63) Metaspace: 52580K(55856K)->52580K(55856K) NonClass: 46764K(48560K)->46764K(48560K) Class: 5816K(7296K)->5816K(7296K)
[2025-10-31T20:40:49.053+0000][gc            ] GC(63) Pause Young (Concurrent Start) (G1 Evacuation Pause) 302M->203M(512M) 22.731ms
[2025-10-31T20:40:49.053+0000][gc,cpu        ] GC(63) User=0.04s Sys=0.00s Real=0.02s
[2025-10-31T20:40:49.054+0000][gc            ] GC(64) Concurrent Cycle
[2025-10-31T20:40:49.054+0000][gc,marking    ] GC(64) Concurrent Clear Claimed Marks
[2025-10-31T20:40:49.055+0000][gc,marking    ] GC(64) Concurrent Clear Claimed Marks 0.682ms
[2025-10-31T20:40:49.055+0000][gc,marking    ] GC(64) Concurrent Scan Root Regions
[2025-10-31T20:40:49.065+0000][gc,marking    ] GC(64) Concurrent Scan Root Regions 9.275ms
[2025-10-31T20:40:49.065+0000][gc,marking    ] GC(64) Concurrent Mark (2889.812s)
[2025-10-31T20:40:49.065+0000][gc,marking    ] GC(64) Concurrent Mark From Roots
[2025-10-31T20:40:49.065+0000][gc,task       ] GC(64) Using 1 workers of 1 for marking
[2025-10-31T20:40:49.120+0000][gc,marking    ] GC(64) Concurrent Mark From Roots 54.531ms
[2025-10-31T20:40:49.120+0000][gc,marking    ] GC(64) Concurrent Preclean
[2025-10-31T20:40:49.123+0000][gc,marking    ] GC(64) Concurrent Preclean 2.523ms
[2025-10-31T20:40:49.126+0000][gc,marking    ] GC(64) Concurrent Mark (2889.812s, 2889.873s) 61.167ms
[2025-10-31T20:40:49.128+0000][gc,start      ] GC(64) Pause Remark
[2025-10-31T20:40:49.150+0000][gc,stringtable] GC(64) Cleaned string and symbol table, strings: 16828 processed, 0 removed, symbols: 123528 processed, 0 removed
[2025-10-31T20:40:49.151+0000][gc,mmu        ] GC(64) MMU target violated: 21.0ms (20.0ms/21.0ms)
[2025-10-31T20:40:49.152+0000][gc            ] GC(64) Pause Remark 205M->205M(512M) 23.994ms
[2025-10-31T20:40:49.152+0000][gc,cpu        ] GC(64) User=0.05s Sys=0.00s Real=0.02s
[2025-10-31T20:40:49.152+0000][gc,marking    ] GC(64) Concurrent Rebuild Remembered Sets
[2025-10-31T20:40:49.180+0000][gc,marking    ] GC(64) Concurrent Rebuild Remembered Sets 28.140ms
[2025-10-31T20:40:49.181+0000][gc,start      ] GC(64) Pause Cleanup
[2025-10-31T20:40:49.182+0000][gc            ] GC(64) Pause Cleanup 206M->206M(512M) 0.846ms
[2025-10-31T20:40:49.182+0000][gc,cpu        ] GC(64) User=0.00s Sys=0.00s Real=0.00s
[2025-10-31T20:40:49.183+0000][gc,marking    ] GC(64) Concurrent Cleanup for Next Mark
[2025-10-31T20:40:49.184+0000][gc,marking    ] GC(64) Concurrent Cleanup for Next Mark 0.949ms
[2025-10-31T20:40:49.184+0000][gc            ] GC(64) Concurrent Cycle 130.337ms
[2025-10-31T20:40:53.779+0000][gc,start      ] GC(65) Pause Young (Prepare Mixed) (G1 Evacuation Pause)
[2025-10-31T20:40:53.780+0000][gc,task       ] GC(65) Using 2 workers of 2 for evacuation
[2025-10-31T20:40:53.802+0000][gc,mmu        ] GC(65) MMU target violated: 21.0ms (20.0ms/21.0ms)
[2025-10-31T20:40:53.802+0000][gc,phases     ] GC(65)   Pre Evacuate Collection Set: 0.0ms
[2025-10-31T20:40:53.802+0000][gc,phases     ] GC(65)   Evacuate Collection Set: 21.0ms
[2025-10-31T20:40:53.803+0000][gc,phases     ] GC(65)   Post Evacuate Collection Set: 0.8ms
[2025-10-31T20:40:53.803+0000][gc,phases     ] GC(65)   Other: 1.2ms
[2025-10-31T20:40:53.803+0000][gc,heap       ] GC(65) Eden regions: 51->0(23)
[2025-10-31T20:40:53.803+0000][gc,heap       ] GC(65) Survivor regions: 9->2(8)
[2025-10-31T20:40:53.803+0000][gc,heap       ] GC(65) Old regions: 57->65
[2025-10-31T20:40:53.803+0000][gc,heap       ] GC(65) Humongous regions: 138->138
[2025-10-31T20:40:53.804+0000][gc,metaspace  ] GC(65) Metaspace: 52580K(55856K)->52580K(55856K) NonClass: 46764K(48560K)->46764K(48560K) Class: 5816K(7296K)->5816K(7296K)
[2025-10-31T20:40:53.804+0000][gc            ] GC(65) Pause Young (Prepare Mixed) (G1 Evacuation Pause) 254M->204M(512M) 24.655ms
[2025-10-31T20:40:53.804+0000][gc,cpu        ] GC(65) User=0.04s Sys=0.00s Real=0.02s
[2025-10-31T20:40:54.540+0000][gc,start      ] GC(66) Pause Young (Mixed) (G1 Evacuation Pause)
[2025-10-31T20:40:54.541+0000][gc,task       ] GC(66) Using 2 workers of 2 for evacuation
[2025-10-31T20:40:54.548+0000][gc,phases     ] GC(66)   Pre Evacuate Collection Set: 0.1ms
[2025-10-31T20:40:54.548+0000][gc,phases     ] GC(66)   Evacuate Collection Set: 6.3ms
[2025-10-31T20:40:54.549+0000][gc,phases     ] GC(66)   Post Evacuate Collection Set: 0.6ms
[2025-10-31T20:40:54.549+0000][gc,phases     ] GC(66)   Other: 0.8ms
[2025-10-31T20:40:54.549+0000][gc,heap       ] GC(66) Eden regions: 23->0(83)
[2025-10-31T20:40:54.549+0000][gc,heap       ] GC(66) Survivor regions: 2->3(4)
[2025-10-31T20:40:54.549+0000][gc,heap       ] GC(66) Old regions: 65->54
[2025-10-31T20:40:54.549+0000][gc,heap       ] GC(66) Humongous regions: 138->138
[2025-10-31T20:40:54.550+0000][gc,metaspace  ] GC(66) Metaspace: 52580K(55856K)->52580K(55856K) NonClass: 46764K(48560K)->46764K(48560K) Class: 5816K(7296K)->5816K(7296K)
[2025-10-31T20:40:54.550+0000][gc            ] GC(66) Pause Young (Mixed) (G1 Evacuation Pause) 227M->194M(512M) 9.257ms
[2025-10-31T20:40:54.550+0000][gc,cpu        ] GC(66) User=0.02s Sys=0.00s Real=0.01s
[2025-10-31T20:44:07.347+0000][gc,start      ] GC(67) Pause Young (Concurrent Start) (G1 Evacuation Pause)
[2025-10-31T20:44:07.348+0000][gc,task       ] GC(67) Using 2 workers of 2 for evacuation
[2025-10-31T20:44:07.367+0000][gc,phases     ] GC(67)   Pre Evacuate Collection Set: 0.3ms
[2025-10-31T20:44:07.367+0000][gc,phases     ] GC(67)   Evacuate Collection Set: 16.2ms
[2025-10-31T20:44:07.367+0000][gc,phases     ] GC(67)   Post Evacuate Collection Set: 0.8ms
[2025-10-31T20:44:07.368+0000][gc,phases     ] GC(67)   Other: 2.8ms
[2025-10-31T20:44:07.368+0000][gc,heap       ] GC(67) Eden regions: 70->0(47)
[2025-10-31T20:44:07.368+0000][gc,heap       ] GC(67) Survivor regions: 3->7(10)
[2025-10-31T20:44:07.368+0000][gc,heap       ] GC(67) Old regions: 54->54
[2025-10-31T20:44:07.368+0000][gc,heap       ] GC(67) Humongous regions: 138->138
[2025-10-31T20:44:07.369+0000][gc,metaspace  ] GC(67) Metaspace: 52598K(55856K)->52598K(55856K) NonClass: 46781K(48560K)->46781K(48560K) Class: 5816K(7296K)->5816K(7296K)
[2025-10-31T20:44:07.369+0000][gc            ] GC(67) Pause Young (Concurrent Start) (G1 Evacuation Pause) 264M->198M(512M) 22.054ms
[2025-10-31T20:44:07.369+0000][gc,cpu        ] GC(67) User=0.04s Sys=0.00s Real=0.02s
[2025-10-31T20:44:07.369+0000][gc            ] GC(68) Concurrent Cycle
[2025-10-31T20:44:07.373+0000][gc,marking    ] GC(68) Concurrent Clear Claimed Marks
[2025-10-31T20:44:07.373+0000][gc,marking    ] GC(68) Concurrent Clear Claimed Marks 0.646ms
[2025-10-31T20:44:07.373+0000][gc,marking    ] GC(68) Concurrent Scan Root Regions
[2025-10-31T20:44:07.380+0000][gc,marking    ] GC(68) Concurrent Scan Root Regions 6.745ms
[2025-10-31T20:44:07.380+0000][gc,marking    ] GC(68) Concurrent Mark (3088.130s)
[2025-10-31T20:44:07.381+0000][gc,marking    ] GC(68) Concurrent Mark From Roots
[2025-10-31T20:44:07.381+0000][gc,task       ] GC(68) Using 1 workers of 1 for marking
[2025-10-31T20:44:07.412+0000][gc,marking    ] GC(68) Concurrent Mark From Roots 31.698ms
[2025-10-31T20:44:07.413+0000][gc,marking    ] GC(68) Concurrent Preclean
[2025-10-31T20:44:07.413+0000][gc,marking    ] GC(68) Concurrent Preclean 0.360ms
[2025-10-31T20:44:07.413+0000][gc,marking    ] GC(68) Concurrent Mark (3088.130s, 3088.162s) 32.656ms
[2025-10-31T20:44:07.414+0000][gc,start      ] GC(68) Pause Remark
[2025-10-31T20:44:07.422+0000][gc,stringtable] GC(68) Cleaned string and symbol table, strings: 16847 processed, 0 removed, symbols: 123528 processed, 0 removed
[2025-10-31T20:44:07.422+0000][gc            ] GC(68) Pause Remark 198M->198M(512M) 8.751ms
[2025-10-31T20:44:07.422+0000][gc,cpu        ] GC(68) User=0.01s Sys=0.00s Real=0.01s
[2025-10-31T20:44:07.423+0000][gc,marking    ] GC(68) Concurrent Rebuild Remembered Sets
[2025-10-31T20:44:07.443+0000][gc,marking    ] GC(68) Concurrent Rebuild Remembered Sets 20.789ms
[2025-10-31T20:44:07.444+0000][gc,start      ] GC(68) Pause Cleanup
[2025-10-31T20:44:07.444+0000][gc            ] GC(68) Pause Cleanup 199M->199M(512M) 0.342ms
[2025-10-31T20:44:07.444+0000][gc,cpu        ] GC(68) User=0.00s Sys=0.00s Real=0.01s
[2025-10-31T20:44:07.444+0000][gc,marking    ] GC(68) Concurrent Cleanup for Next Mark
[2025-10-31T20:44:07.445+0000][gc,marking    ] GC(68) Concurrent Cleanup for Next Mark 0.763ms
[2025-10-31T20:44:07.445+0000][gc            ] GC(68) Concurrent Cycle 75.898ms
[2025-10-31T20:44:46.320+0000][gc,start      ] GC(69) Pause Young (Prepare Mixed) (G1 Evacuation Pause)
[2025-10-31T20:44:46.320+0000][gc,task       ] GC(69) Using 2 workers of 2 for evacuation
[2025-10-31T20:44:46.341+0000][gc,mmu        ] GC(69) MMU target violated: 20.1ms (20.0ms/21.0ms)
[2025-10-31T20:44:46.343+0000][gc,phases     ] GC(69)   Pre Evacuate Collection Set: 0.0ms
[2025-10-31T20:44:46.343+0000][gc,phases     ] GC(69)   Evacuate Collection Set: 18.8ms
[2025-10-31T20:44:46.343+0000][gc,phases     ] GC(69)   Post Evacuate Collection Set: 1.0ms
[2025-10-31T20:44:46.343+0000][gc,phases     ] GC(69)   Other: 3.0ms
[2025-10-31T20:44:46.344+0000][gc,heap       ] GC(69) Eden regions: 47->0(22)
[2025-10-31T20:44:46.344+0000][gc,heap       ] GC(69) Survivor regions: 7->3(7)
[2025-10-31T20:44:46.344+0000][gc,heap       ] GC(69) Old regions: 54->61
[2025-10-31T20:44:46.344+0000][gc,heap       ] GC(69) Humongous regions: 138->138
[2025-10-31T20:44:46.344+0000][gc,metaspace  ] GC(69) Metaspace: 52607K(55856K)->52607K(55856K) NonClass: 46790K(48560K)->46790K(48560K) Class: 5816K(7296K)->5816K(7296K)
[2025-10-31T20:44:46.345+0000][gc            ] GC(69) Pause Young (Prepare Mixed) (G1 Evacuation Pause) 245M->201M(512M) 24.498ms
[2025-10-31T20:44:46.345+0000][gc,cpu        ] GC(69) User=0.04s Sys=0.00s Real=0.03s
[2025-10-31T20:44:47.109+0000][gc,start      ] GC(70) Pause Young (Mixed) (G1 Evacuation Pause)
[2025-10-31T20:44:47.109+0000][gc,task       ] GC(70) Using 2 workers of 2 for evacuation
[2025-10-31T20:44:47.117+0000][gc,phases     ] GC(70)   Pre Evacuate Collection Set: 0.0ms
[2025-10-31T20:44:47.118+0000][gc,phases     ] GC(70)   Evacuate Collection Set: 7.3ms
[2025-10-31T20:44:47.118+0000][gc,phases     ] GC(70)   Post Evacuate Collection Set: 0.6ms
[2025-10-31T20:44:47.118+0000][gc,phases     ] GC(70)   Other: 0.6ms
[2025-10-31T20:44:47.118+0000][gc,heap       ] GC(70) Eden regions: 22->0(56)
[2025-10-31T20:44:47.118+0000][gc,heap       ] GC(70) Survivor regions: 3->2(4)
[2025-10-31T20:44:47.118+0000][gc,heap       ] GC(70) Old regions: 61->56
[2025-10-31T20:44:47.119+0000][gc,heap       ] GC(70) Humongous regions: 138->138
[2025-10-31T20:44:47.119+0000][gc,metaspace  ] GC(70) Metaspace: 52607K(55856K)->52607K(55856K) NonClass: 46790K(48560K)->46790K(48560K) Class: 5816K(7296K)->5816K(7296K)
[2025-10-31T20:44:47.119+0000][gc            ] GC(70) Pause Young (Mixed) (G1 Evacuation Pause) 223M->195M(512M) 10.174ms
[2025-10-31T20:44:47.119+0000][gc,cpu        ] GC(70) User=0.02s Sys=0.00s Real=0.01s
[2025-10-31T20:45:30.851+0000][gc,start      ] GC(71) Pause Young (Concurrent Start) (G1 Evacuation Pause)
[2025-10-31T20:45:30.851+0000][gc,task       ] GC(71) Using 2 workers of 2 for evacuation
[2025-10-31T20:45:30.861+0000][gc,phases     ] GC(71)   Pre Evacuate Collection Set: 0.2ms
[2025-10-31T20:45:30.861+0000][gc,phases     ] GC(71)   Evacuate Collection Set: 8.7ms
[2025-10-31T20:45:30.862+0000][gc,phases     ] GC(71)   Post Evacuate Collection Set: 0.7ms
[2025-10-31T20:45:30.862+0000][gc,phases     ] GC(71)   Other: 0.5ms
[2025-10-31T20:45:30.862+0000][gc,heap       ] GC(71) Eden regions: 52->0(52)
[2025-10-31T20:45:30.862+0000][gc,heap       ] GC(71) Survivor regions: 2->4(7)
[2025-10-31T20:45:30.862+0000][gc,heap       ] GC(71) Old regions: 56->56
[2025-10-31T20:45:30.862+0000][gc,heap       ] GC(71) Humongous regions: 138->138
[2025-10-31T20:45:30.862+0000][gc,metaspace  ] GC(71) Metaspace: 52609K(55856K)->52609K(55856K) NonClass: 46792K(48560K)->46792K(48560K) Class: 5816K(7296K)->5816K(7296K)
[2025-10-31T20:45:30.863+0000][gc            ] GC(71) Pause Young (Concurrent Start) (G1 Evacuation Pause) 247M->197M(512M) 11.224ms
[2025-10-31T20:45:30.863+0000][gc,cpu        ] GC(71) User=0.02s Sys=0.00s Real=0.01s
[2025-10-31T20:45:30.863+0000][gc            ] GC(72) Concurrent Cycle
[2025-10-31T20:45:30.865+0000][gc,marking    ] GC(72) Concurrent Clear Claimed Marks
[2025-10-31T20:45:30.865+0000][gc,marking    ] GC(72) Concurrent Clear Claimed Marks 0.370ms
[2025-10-31T20:45:30.866+0000][gc,marking    ] GC(72) Concurrent Scan Root Regions
[2025-10-31T20:45:30.870+0000][gc,marking    ] GC(72) Concurrent Scan Root Regions 4.382ms
[2025-10-31T20:45:30.870+0000][gc,marking    ] GC(72) Concurrent Mark (3171.621s)
[2025-10-31T20:45:30.870+0000][gc,marking    ] GC(72) Concurrent Mark From Roots
[2025-10-31T20:45:30.871+0000][gc,task       ] GC(72) Using 1 workers of 1 for marking
[2025-10-31T20:45:30.902+0000][gc,marking    ] GC(72) Concurrent Mark From Roots 31.773ms
[2025-10-31T20:45:30.903+0000][gc,marking    ] GC(72) Concurrent Preclean
[2025-10-31T20:45:30.903+0000][gc,marking    ] GC(72) Concurrent Preclean 0.387ms
[2025-10-31T20:45:30.903+0000][gc,marking    ] GC(72) Concurrent Mark (3171.621s, 3171.654s) 32.938ms
[2025-10-31T20:45:30.903+0000][gc,start      ] GC(72) Pause Remark
[2025-10-31T20:45:30.912+0000][gc,stringtable] GC(72) Cleaned string and symbol table, strings: 16864 processed, 0 removed, symbols: 123528 processed, 0 removed
[2025-10-31T20:45:30.913+0000][gc            ] GC(72) Pause Remark 199M->199M(512M) 9.871ms
[2025-10-31T20:45:30.914+0000][gc,cpu        ] GC(72) User=0.03s Sys=0.00s Real=0.01s
[2025-10-31T20:45:30.914+0000][gc,marking    ] GC(72) Concurrent Rebuild Remembered Sets
[2025-10-31T20:45:30.934+0000][gc,marking    ] GC(72) Concurrent Rebuild Remembered Sets 20.620ms
[2025-10-31T20:45:30.935+0000][gc,start      ] GC(72) Pause Cleanup
[2025-10-31T20:45:30.936+0000][gc            ] GC(72) Pause Cleanup 200M->200M(512M) 0.490ms
[2025-10-31T20:45:30.936+0000][gc,cpu        ] GC(72) User=0.00s Sys=0.00s Real=0.00s
[2025-10-31T20:45:30.936+0000][gc,marking    ] GC(72) Concurrent Cleanup for Next Mark
[2025-10-31T20:45:30.937+0000][gc,marking    ] GC(72) Concurrent Cleanup for Next Mark 0.708ms
[2025-10-31T20:45:30.937+0000][gc            ] GC(72) Concurrent Cycle 74.118ms
[2025-10-31T20:45:32.481+0000][gc,start      ] GC(73) Pause Young (Prepare Mixed) (G1 Evacuation Pause)
[2025-10-31T20:45:32.482+0000][gc,task       ] GC(73) Using 2 workers of 2 for evacuation
[2025-10-31T20:45:32.499+0000][gc,phases     ] GC(73)   Pre Evacuate Collection Set: 0.0ms
[2025-10-31T20:45:32.499+0000][gc,phases     ] GC(73)   Evacuate Collection Set: 15.6ms
[2025-10-31T20:45:32.500+0000][gc,phases     ] GC(73)   Post Evacuate Collection Set: 0.8ms
[2025-10-31T20:45:32.500+0000][gc,phases     ] GC(73)   Other: 1.1ms
[2025-10-31T20:45:32.500+0000][gc,heap       ] GC(73) Eden regions: 52->0(20)
[2025-10-31T20:45:32.501+0000][gc,heap       ] GC(73) Survivor regions: 4->5(7)
[2025-10-31T20:45:32.501+0000][gc,heap       ] GC(73) Old regions: 56->57
[2025-10-31T20:45:32.501+0000][gc,heap       ] GC(73) Humongous regions: 138->138
[2025-10-31T20:45:32.501+0000][gc,metaspace  ] GC(73) Metaspace: 52609K(55856K)->52609K(55856K) NonClass: 46792K(48560K)->46792K(48560K) Class: 5816K(7296K)->5816K(7296K)
[2025-10-31T20:45:32.501+0000][gc            ] GC(73) Pause Young (Prepare Mixed) (G1 Evacuation Pause) 249M->199M(512M) 20.196ms
[2025-10-31T20:45:32.502+0000][gc,cpu        ] GC(73) User=0.04s Sys=0.00s Real=0.02s
[2025-10-31T20:45:35.938+0000][gc,start      ] GC(74) Pause Young (Mixed) (G1 Evacuation Pause)
[2025-10-31T20:45:35.939+0000][gc,task       ] GC(74) Using 2 workers of 2 for evacuation
[2025-10-31T20:45:35.950+0000][gc,phases     ] GC(74)   Pre Evacuate Collection Set: 0.0ms
[2025-10-31T20:45:35.950+0000][gc,phases     ] GC(74)   Evacuate Collection Set: 10.2ms
[2025-10-31T20:45:35.950+0000][gc,phases     ] GC(74)   Post Evacuate Collection Set: 0.6ms
[2025-10-31T20:45:35.950+0000][gc,phases     ] GC(74)   Other: 0.5ms
[2025-10-31T20:45:35.950+0000][gc,heap       ] GC(74) Eden regions: 20->0(55)
[2025-10-31T20:45:35.950+0000][gc,heap       ] GC(74) Survivor regions: 5->3(4)
[2025-10-31T20:45:35.951+0000][gc,heap       ] GC(74) Old regions: 57->49
[2025-10-31T20:45:35.951+0000][gc,heap       ] GC(74) Humongous regions: 138->138
[2025-10-31T20:45:35.951+0000][gc,metaspace  ] GC(74) Metaspace: 52609K(55856K)->52609K(55856K) NonClass: 46792K(48560K)->46792K(48560K) Class: 5816K(7296K)->5816K(7296K)
[2025-10-31T20:45:35.951+0000][gc            ] GC(74) Pause Young (Mixed) (G1 Evacuation Pause) 219M->189M(512M) 12.492ms
[2025-10-31T20:45:35.951+0000][gc,cpu        ] GC(74) User=0.02s Sys=0.00s Real=0.01s
[2025-10-31T20:45:56.764+0000][gc,start      ] GC(75) Pause Young (Concurrent Start) (G1 Evacuation Pause)
[2025-10-31T20:45:56.764+0000][gc,task       ] GC(75) Using 2 workers of 2 for evacuation
[2025-10-31T20:45:56.774+0000][gc,phases     ] GC(75)   Pre Evacuate Collection Set: 0.2ms
[2025-10-31T20:45:56.774+0000][gc,phases     ] GC(75)   Evacuate Collection Set: 8.6ms
[2025-10-31T20:45:56.774+0000][gc,phases     ] GC(75)   Post Evacuate Collection Set: 0.7ms
[2025-10-31T20:45:56.775+0000][gc,phases     ] GC(75)   Other: 0.7ms
[2025-10-31T20:45:56.775+0000][gc,heap       ] GC(75) Eden regions: 55->0(56)
[2025-10-31T20:45:56.775+0000][gc,heap       ] GC(75) Survivor regions: 3->4(8)
[2025-10-31T20:45:56.775+0000][gc,heap       ] GC(75) Old regions: 49->49
[2025-10-31T20:45:56.775+0000][gc,heap       ] GC(75) Humongous regions: 138->138
[2025-10-31T20:45:56.775+0000][gc,metaspace  ] GC(75) Metaspace: 52609K(55856K)->52609K(55856K) NonClass: 46792K(48560K)->46792K(48560K) Class: 5816K(7296K)->5816K(7296K)
[2025-10-31T20:45:56.776+0000][gc            ] GC(75) Pause Young (Concurrent Start) (G1 Evacuation Pause) 244M->190M(512M) 11.948ms
[2025-10-31T20:45:56.776+0000][gc,cpu        ] GC(75) User=0.02s Sys=0.00s Real=0.01s
[2025-10-31T20:45:56.776+0000][gc            ] GC(76) Concurrent Cycle
[2025-10-31T20:45:56.776+0000][gc,marking    ] GC(76) Concurrent Clear Claimed Marks
[2025-10-31T20:45:56.777+0000][gc,marking    ] GC(76) Concurrent Clear Claimed Marks 0.416ms
[2025-10-31T20:45:56.777+0000][gc,marking    ] GC(76) Concurrent Scan Root Regions
[2025-10-31T20:45:56.782+0000][gc,marking    ] GC(76) Concurrent Scan Root Regions 5.273ms
[2025-10-31T20:45:56.782+0000][gc,marking    ] GC(76) Concurrent Mark (3197.532s)
[2025-10-31T20:45:56.783+0000][gc,marking    ] GC(76) Concurrent Mark From Roots
[2025-10-31T20:45:56.783+0000][gc,task       ] GC(76) Using 1 workers of 1 for marking
[2025-10-31T20:45:56.819+0000][gc,marking    ] GC(76) Concurrent Mark From Roots 36.555ms
[2025-10-31T20:45:56.819+0000][gc,marking    ] GC(76) Concurrent Preclean
[2025-10-31T20:45:56.820+0000][gc,marking    ] GC(76) Concurrent Preclean 0.417ms
[2025-10-31T20:45:56.820+0000][gc,marking    ] GC(76) Concurrent Mark (3197.532s, 3197.570s) 37.647ms
[2025-10-31T20:45:56.820+0000][gc,start      ] GC(76) Pause Remark
[2025-10-31T20:45:56.829+0000][gc,stringtable] GC(76) Cleaned string and symbol table, strings: 16873 processed, 0 removed, symbols: 123528 processed, 0 removed
[2025-10-31T20:45:56.829+0000][gc            ] GC(76) Pause Remark 192M->192M(512M) 8.833ms
[2025-10-31T20:45:56.829+0000][gc,cpu        ] GC(76) User=0.01s Sys=0.00s Real=0.01s
[2025-10-31T20:45:56.830+0000][gc,marking    ] GC(76) Concurrent Rebuild Remembered Sets
[2025-10-31T20:45:56.851+0000][gc,marking    ] GC(76) Concurrent Rebuild Remembered Sets 21.533ms
[2025-10-31T20:45:56.852+0000][gc,start      ] GC(76) Pause Cleanup
[2025-10-31T20:45:56.852+0000][gc            ] GC(76) Pause Cleanup 193M->193M(512M) 0.402ms
[2025-10-31T20:45:56.852+0000][gc,cpu        ] GC(76) User=0.00s Sys=0.00s Real=0.00s
[2025-10-31T20:45:56.853+0000][gc,marking    ] GC(76) Concurrent Cleanup for Next Mark
[2025-10-31T20:45:56.853+0000][gc,marking    ] GC(76) Concurrent Cleanup for Next Mark 0.866ms
[2025-10-31T20:45:56.854+0000][gc            ] GC(76) Concurrent Cycle 77.447ms
[2025-10-31T20:45:58.948+0000][gc,start      ] GC(77) Pause Young (Prepare Mixed) (G1 Evacuation Pause)
[2025-10-31T20:45:58.948+0000][gc,task       ] GC(77) Using 2 workers of 2 for evacuation
[2025-10-31T20:45:58.959+0000][gc,phases     ] GC(77)   Pre Evacuate Collection Set: 0.0ms
[2025-10-31T20:45:58.959+0000][gc,phases     ] GC(77)   Evacuate Collection Set: 9.3ms
[2025-10-31T20:45:58.959+0000][gc,phases     ] GC(77)   Post Evacuate Collection Set: 0.7ms
[2025-10-31T20:45:58.959+0000][gc,phases     ] GC(77)   Other: 0.5ms
[2025-10-31T20:45:58.959+0000][gc,heap       ] GC(77) Eden regions: 56->0(20)
[2025-10-31T20:45:58.959+0000][gc,heap       ] GC(77) Survivor regions: 4->5(8)
[2025-10-31T20:45:58.959+0000][gc,heap       ] GC(77) Old regions: 49->49
[2025-10-31T20:45:58.960+0000][gc,heap       ] GC(77) Humongous regions: 138->138
[2025-10-31T20:45:58.960+0000][gc,metaspace  ] GC(77) Metaspace: 52609K(55856K)->52609K(55856K) NonClass: 46792K(48560K)->46792K(48560K) Class: 5816K(7296K)->5816K(7296K)
[2025-10-31T20:45:58.960+0000][gc            ] GC(77) Pause Young (Prepare Mixed) (G1 Evacuation Pause) 246M->191M(512M) 11.779ms
[2025-10-31T20:45:58.960+0000][gc,cpu        ] GC(77) User=0.02s Sys=0.00s Real=0.01s
[2025-10-31T20:45:59.685+0000][gc,start      ] GC(78) Pause Young (Mixed) (G1 Evacuation Pause)
[2025-10-31T20:45:59.685+0000][gc,task       ] GC(78) Using 2 workers of 2 for evacuation
[2025-10-31T20:45:59.696+0000][gc,phases     ] GC(78)   Pre Evacuate Collection Set: 0.0ms
[2025-10-31T20:45:59.696+0000][gc,phases     ] GC(78)   Evacuate Collection Set: 10.0ms
[2025-10-31T20:45:59.697+0000][gc,phases     ] GC(78)   Post Evacuate Collection Set: 0.6ms
[2025-10-31T20:45:59.697+0000][gc,phases     ] GC(78)   Other: 0.6ms
[2025-10-31T20:45:59.697+0000][gc,heap       ] GC(78) Eden regions: 20->0(66)
[2025-10-31T20:45:59.697+0000][gc,heap       ] GC(78) Survivor regions: 5->2(4)
[2025-10-31T20:45:59.697+0000][gc,heap       ] GC(78) Old regions: 49->50
[2025-10-31T20:45:59.697+0000][gc,heap       ] GC(78) Humongous regions: 138->138
[2025-10-31T20:45:59.697+0000][gc,metaspace  ] GC(78) Metaspace: 52609K(55856K)->52609K(55856K) NonClass: 46792K(48560K)->46792K(48560K) Class: 5816K(7296K)->5816K(7296K)
[2025-10-31T20:45:59.698+0000][gc            ] GC(78) Pause Young (Mixed) (G1 Evacuation Pause) 211M->188M(512M) 12.639ms
[2025-10-31T20:45:59.698+0000][gc,cpu        ] GC(78) User=0.02s Sys=0.00s Real=0.01s
[2025-10-31T20:46:03.775+0000][gc,start      ] GC(79) Pause Young (Concurrent Start) (G1 Evacuation Pause)
[2025-10-31T20:46:03.775+0000][gc,task       ] GC(79) Using 2 workers of 2 for evacuation
[2025-10-31T20:46:03.784+0000][gc,phases     ] GC(79)   Pre Evacuate Collection Set: 0.2ms
[2025-10-31T20:46:03.784+0000][gc,phases     ] GC(79)   Evacuate Collection Set: 7.7ms
[2025-10-31T20:46:03.784+0000][gc,phases     ] GC(79)   Post Evacuate Collection Set: 0.8ms
[2025-10-31T20:46:03.784+0000][gc,phases     ] GC(79)   Other: 0.5ms
[2025-10-31T20:46:03.785+0000][gc,heap       ] GC(79) Eden regions: 66->0(67)
[2025-10-31T20:46:03.785+0000][gc,heap       ] GC(79) Survivor regions: 2->3(9)
[2025-10-31T20:46:03.785+0000][gc,heap       ] GC(79) Old regions: 50->50
[2025-10-31T20:46:03.785+0000][gc,heap       ] GC(79) Humongous regions: 138->138
[2025-10-31T20:46:03.785+0000][gc,metaspace  ] GC(79) Metaspace: 52609K(55856K)->52609K(55856K) NonClass: 46792K(48560K)->46792K(48560K) Class: 5816K(7296K)->5816K(7296K)
[2025-10-31T20:46:03.785+0000][gc            ] GC(79) Pause Young (Concurrent Start) (G1 Evacuation Pause) 254M->189M(512M) 10.520ms
[2025-10-31T20:46:03.785+0000][gc,cpu        ] GC(79) User=0.02s Sys=0.00s Real=0.01s
[2025-10-31T20:46:03.786+0000][gc            ] GC(80) Concurrent Cycle
[2025-10-31T20:46:03.786+0000][gc,marking    ] GC(80) Concurrent Clear Claimed Marks
[2025-10-31T20:46:03.786+0000][gc,marking    ] GC(80) Concurrent Clear Claimed Marks 0.487ms
[2025-10-31T20:46:03.787+0000][gc,marking    ] GC(80) Concurrent Scan Root Regions
[2025-10-31T20:46:03.791+0000][gc,marking    ] GC(80) Concurrent Scan Root Regions 4.447ms
[2025-10-31T20:46:03.791+0000][gc,marking    ] GC(80) Concurrent Mark (3204.541s)
[2025-10-31T20:46:03.792+0000][gc,marking    ] GC(80) Concurrent Mark From Roots
[2025-10-31T20:46:03.792+0000][gc,task       ] GC(80) Using 1 workers of 1 for marking
[2025-10-31T20:46:03.830+0000][gc,marking    ] GC(80) Concurrent Mark From Roots 38.212ms
[2025-10-31T20:46:03.830+0000][gc,marking    ] GC(80) Concurrent Preclean
[2025-10-31T20:46:03.831+0000][gc,marking    ] GC(80) Concurrent Preclean 0.608ms
[2025-10-31T20:46:03.831+0000][gc,marking    ] GC(80) Concurrent Mark (3204.541s, 3204.581s) 39.649ms
[2025-10-31T20:46:03.832+0000][gc,start      ] GC(80) Pause Remark
[2025-10-31T20:46:03.843+0000][gc,stringtable] GC(80) Cleaned string and symbol table, strings: 16873 processed, 0 removed, symbols: 123528 processed, 0 removed
[2025-10-31T20:46:03.843+0000][gc            ] GC(80) Pause Remark 191M->191M(512M) 11.862ms
[2025-10-31T20:46:03.844+0000][gc,cpu        ] GC(80) User=0.02s Sys=0.00s Real=0.02s
[2025-10-31T20:46:03.844+0000][gc,marking    ] GC(80) Concurrent Rebuild Remembered Sets
[2025-10-31T20:46:03.869+0000][gc,marking    ] GC(80) Concurrent Rebuild Remembered Sets 24.758ms
[2025-10-31T20:46:03.869+0000][gc,start      ] GC(80) Pause Cleanup
[2025-10-31T20:46:03.870+0000][gc            ] GC(80) Pause Cleanup 192M->192M(512M) 0.732ms
[2025-10-31T20:46:03.870+0000][gc,cpu        ] GC(80) User=0.00s Sys=0.00s Real=0.00s
[2025-10-31T20:46:03.871+0000][gc,marking    ] GC(80) Concurrent Cleanup for Next Mark
[2025-10-31T20:46:03.872+0000][gc,marking    ] GC(80) Concurrent Cleanup for Next Mark 1.110ms
[2025-10-31T20:46:03.872+0000][gc            ] GC(80) Concurrent Cycle 86.330ms
[2025-10-31T20:46:05.855+0000][gc,start      ] GC(81) Pause Young (Prepare Mixed) (G1 Evacuation Pause)
[2025-10-31T20:46:05.855+0000][gc,task       ] GC(81) Using 2 workers of 2 for evacuation
[2025-10-31T20:46:05.863+0000][gc,phases     ] GC(81)   Pre Evacuate Collection Set: 0.0ms
[2025-10-31T20:46:05.864+0000][gc,phases     ] GC(81)   Evacuate Collection Set: 7.7ms
[2025-10-31T20:46:05.864+0000][gc,phases     ] GC(81)   Post Evacuate Collection Set: 0.6ms
[2025-10-31T20:46:05.864+0000][gc,phases     ] GC(81)   Other: 0.5ms
[2025-10-31T20:46:05.864+0000][gc,heap       ] GC(81) Eden regions: 67->0(22)
[2025-10-31T20:46:05.864+0000][gc,heap       ] GC(81) Survivor regions: 3->3(9)
[2025-10-31T20:46:05.864+0000][gc,heap       ] GC(81) Old regions: 50->50
[2025-10-31T20:46:05.864+0000][gc,heap       ] GC(81) Humongous regions: 138->138
[2025-10-31T20:46:05.864+0000][gc,metaspace  ] GC(81) Metaspace: 52609K(55856K)->52609K(55856K) NonClass: 46792K(48560K)->46792K(48560K) Class: 5816K(7296K)->5816K(7296K)
[2025-10-31T20:46:05.865+0000][gc            ] GC(81) Pause Young (Prepare Mixed) (G1 Evacuation Pause) 256M->190M(512M) 9.910ms
[2025-10-31T20:46:05.865+0000][gc,cpu        ] GC(81) User=0.02s Sys=0.00s Real=0.01s
[2025-10-31T20:46:06.492+0000][gc,start      ] GC(82) Pause Young (Mixed) (G1 Evacuation Pause)
[2025-10-31T20:46:06.492+0000][gc,task       ] GC(82) Using 2 workers of 2 for evacuation
[2025-10-31T20:46:06.501+0000][gc,phases     ] GC(82)   Pre Evacuate Collection Set: 0.0ms
[2025-10-31T20:46:06.501+0000][gc,phases     ] GC(82)   Evacuate Collection Set: 7.6ms
[2025-10-31T20:46:06.501+0000][gc,phases     ] GC(82)   Post Evacuate Collection Set: 0.6ms
[2025-10-31T20:46:06.501+0000][gc,phases     ] GC(82)   Other: 0.5ms
[2025-10-31T20:46:06.501+0000][gc,heap       ] GC(82) Eden regions: 22->0(78)
[2025-10-31T20:46:06.502+0000][gc,heap       ] GC(82) Survivor regions: 3->3(4)
[2025-10-31T20:46:06.502+0000][gc,heap       ] GC(82) Old regions: 50->47
[2025-10-31T20:46:06.502+0000][gc,heap       ] GC(82) Humongous regions: 138->138
[2025-10-31T20:46:06.502+0000][gc,metaspace  ] GC(82) Metaspace: 52609K(55856K)->52609K(55856K) NonClass: 46792K(48560K)->46792K(48560K) Class: 5816K(7296K)->5816K(7296K)
[2025-10-31T20:46:06.502+0000][gc            ] GC(82) Pause Young (Mixed) (G1 Evacuation Pause) 212M->187M(512M) 10.015ms
[2025-10-31T20:46:06.502+0000][gc,cpu        ] GC(82) User=0.01s Sys=0.00s Real=0.01s
[2025-10-31T20:46:08.872+0000][gc,start      ] GC(83) Pause Young (Concurrent Start) (G1 Evacuation Pause)
[2025-10-31T20:46:08.872+0000][gc,task       ] GC(83) Using 2 workers of 2 for evacuation
[2025-10-31T20:46:08.882+0000][gc,phases     ] GC(83)   Pre Evacuate Collection Set: 0.2ms
[2025-10-31T20:46:08.882+0000][gc,phases     ] GC(83)   Evacuate Collection Set: 7.8ms
[2025-10-31T20:46:08.882+0000][gc,phases     ] GC(83)   Post Evacuate Collection Set: 0.6ms
[2025-10-31T20:46:08.882+0000][gc,phases     ] GC(83)   Other: 0.7ms
[2025-10-31T20:46:08.882+0000][gc,heap       ] GC(83) Eden regions: 78->0(81)
[2025-10-31T20:46:08.882+0000][gc,heap       ] GC(83) Survivor regions: 3->3(11)
[2025-10-31T20:46:08.882+0000][gc,heap       ] GC(83) Old regions: 47->47
[2025-10-31T20:46:08.882+0000][gc,heap       ] GC(83) Humongous regions: 138->138
[2025-10-31T20:46:08.883+0000][gc,metaspace  ] GC(83) Metaspace: 52609K(55856K)->52609K(55856K) NonClass: 46792K(48560K)->46792K(48560K) Class: 5816K(7296K)->5816K(7296K)
[2025-10-31T20:46:08.883+0000][gc            ] GC(83) Pause Young (Concurrent Start) (G1 Evacuation Pause) 265M->187M(512M) 10.472ms
[2025-10-31T20:46:08.883+0000][gc,cpu        ] GC(83) User=0.02s Sys=0.00s Real=0.01s
[2025-10-31T20:46:08.883+0000][gc            ] GC(84) Concurrent Cycle
[2025-10-31T20:46:08.883+0000][gc,marking    ] GC(84) Concurrent Clear Claimed Marks
[2025-10-31T20:46:08.884+0000][gc,marking    ] GC(84) Concurrent Clear Claimed Marks 0.582ms
[2025-10-31T20:46:08.884+0000][gc,marking    ] GC(84) Concurrent Scan Root Regions
[2025-10-31T20:46:08.888+0000][gc,marking    ] GC(84) Concurrent Scan Root Regions 4.391ms
[2025-10-31T20:46:08.889+0000][gc,marking    ] GC(84) Concurrent Mark (3209.638s)
[2025-10-31T20:46:08.889+0000][gc,marking    ] GC(84) Concurrent Mark From Roots
[2025-10-31T20:46:08.889+0000][gc,task       ] GC(84) Using 1 workers of 1 for marking
[2025-10-31T20:46:08.923+0000][gc,marking    ] GC(84) Concurrent Mark From Roots 34.005ms
[2025-10-31T20:46:08.923+0000][gc,marking    ] GC(84) Concurrent Preclean
[2025-10-31T20:46:08.923+0000][gc,marking    ] GC(84) Concurrent Preclean 0.356ms
[2025-10-31T20:46:08.924+0000][gc,marking    ] GC(84) Concurrent Mark (3209.638s, 3209.673s) 34.972ms
[2025-10-31T20:46:08.924+0000][gc,start      ] GC(84) Pause Remark
[2025-10-31T20:46:08.932+0000][gc,stringtable] GC(84) Cleaned string and symbol table, strings: 16875 processed, 0 removed, symbols: 123528 processed, 0 removed
[2025-10-31T20:46:08.933+0000][gc            ] GC(84) Pause Remark 189M->189M(512M) 8.895ms
[2025-10-31T20:46:08.933+0000][gc,cpu        ] GC(84) User=0.01s Sys=0.00s Real=0.00s
[2025-10-31T20:46:08.933+0000][gc,marking    ] GC(84) Concurrent Rebuild Remembered Sets
[2025-10-31T20:46:08.954+0000][gc,marking    ] GC(84) Concurrent Rebuild Remembered Sets 20.571ms
[2025-10-31T20:46:08.954+0000][gc,start      ] GC(84) Pause Cleanup
[2025-10-31T20:46:08.955+0000][gc            ] GC(84) Pause Cleanup 190M->190M(512M) 0.372ms
[2025-10-31T20:46:08.955+0000][gc,cpu        ] GC(84) User=0.00s Sys=0.00s Real=0.00s
[2025-10-31T20:46:08.955+0000][gc,marking    ] GC(84) Concurrent Cleanup for Next Mark
[2025-10-31T20:46:08.956+0000][gc,marking    ] GC(84) Concurrent Cleanup for Next Mark 0.633ms
[2025-10-31T20:46:08.956+0000][gc            ] GC(84) Concurrent Cycle 72.886ms
[2025-10-31T20:46:11.119+0000][gc,start      ] GC(85) Pause Young (Prepare Mixed) (G1 Evacuation Pause)
[2025-10-31T20:46:11.119+0000][gc,task       ] GC(85) Using 2 workers of 2 for evacuation
[2025-10-31T20:46:11.129+0000][gc,phases     ] GC(85)   Pre Evacuate Collection Set: 0.0ms
[2025-10-31T20:46:11.129+0000][gc,phases     ] GC(85)   Evacuate Collection Set: 8.7ms
[2025-10-31T20:46:11.129+0000][gc,phases     ] GC(85)   Post Evacuate Collection Set: 0.6ms
[2025-10-31T20:46:11.129+0000][gc,phases     ] GC(85)   Other: 0.5ms
[2025-10-31T20:46:11.129+0000][gc,heap       ] GC(85) Eden regions: 78->0(21)
[2025-10-31T20:46:11.129+0000][gc,heap       ] GC(85) Survivor regions: 3->4(11)
[2025-10-31T20:46:11.130+0000][gc,heap       ] GC(85) Old regions: 47->47
[2025-10-31T20:46:11.130+0000][gc,heap       ] GC(85) Humongous regions: 138->138
[2025-10-31T20:46:11.130+0000][gc,metaspace  ] GC(85) Metaspace: 52609K(55856K)->52609K(55856K) NonClass: 46792K(48560K)->46792K(48560K) Class: 5816K(7296K)->5816K(7296K)
[2025-10-31T20:46:11.130+0000][gc            ] GC(85) Pause Young (Prepare Mixed) (G1 Evacuation Pause) 265M->188M(512M) 10.921ms
[2025-10-31T20:46:11.130+0000][gc,cpu        ] GC(85) User=0.02s Sys=0.00s Real=0.01s
[2025-10-31T20:46:11.731+0000][gc,start      ] GC(86) Pause Young (Mixed) (G1 Evacuation Pause)
[2025-10-31T20:46:11.731+0000][gc,task       ] GC(86) Using 2 workers of 2 for evacuation
[2025-10-31T20:46:11.741+0000][gc,phases     ] GC(86)   Pre Evacuate Collection Set: 0.0ms
[2025-10-31T20:46:11.741+0000][gc,phases     ] GC(86)   Evacuate Collection Set: 8.3ms
[2025-10-31T20:46:11.741+0000][gc,phases     ] GC(86)   Post Evacuate Collection Set: 0.7ms
[2025-10-31T20:46:11.741+0000][gc,phases     ] GC(86)   Other: 0.5ms
[2025-10-31T20:46:11.741+0000][gc,heap       ] GC(86) Eden regions: 21->0(85)
[2025-10-31T20:46:11.741+0000][gc,heap       ] GC(86) Survivor regions: 4->2(4)
[2025-10-31T20:46:11.741+0000][gc,heap       ] GC(86) Old regions: 47->48
[2025-10-31T20:46:11.742+0000][gc,heap       ] GC(86) Humongous regions: 138->138
[2025-10-31T20:46:11.742+0000][gc,metaspace  ] GC(86) Metaspace: 52609K(55856K)->52609K(55856K) NonClass: 46792K(48560K)->46792K(48560K) Class: 5816K(7296K)->5816K(7296K)
[2025-10-31T20:46:11.742+0000][gc            ] GC(86) Pause Young (Mixed) (G1 Evacuation Pause) 209M->187M(512M) 11.039ms
[2025-10-31T20:46:11.742+0000][gc,cpu        ] GC(86) User=0.02s Sys=0.00s Real=0.01s
[2025-10-31T20:46:14.187+0000][gc,start      ] GC(87) Pause Young (Concurrent Start) (G1 Evacuation Pause)
[2025-10-31T20:46:14.187+0000][gc,task       ] GC(87) Using 2 workers of 2 for evacuation
[2025-10-31T20:46:14.196+0000][gc,phases     ] GC(87)   Pre Evacuate Collection Set: 0.2ms
[2025-10-31T20:46:14.196+0000][gc,phases     ] GC(87)   Evacuate Collection Set: 8.1ms
[2025-10-31T20:46:14.197+0000][gc,phases     ] GC(87)   Post Evacuate Collection Set: 0.7ms
[2025-10-31T20:46:14.197+0000][gc,phases     ] GC(87)   Other: 0.5ms
[2025-10-31T20:46:14.197+0000][gc,heap       ] GC(87) Eden regions: 85->0(86)
[2025-10-31T20:46:14.197+0000][gc,heap       ] GC(87) Survivor regions: 2->3(11)
[2025-10-31T20:46:14.198+0000][gc,heap       ] GC(87) Old regions: 48->48
[2025-10-31T20:46:14.198+0000][gc,heap       ] GC(87) Humongous regions: 138->138
[2025-10-31T20:46:14.198+0000][gc,metaspace  ] GC(87) Metaspace: 52609K(55856K)->52609K(55856K) NonClass: 46792K(48560K)->46792K(48560K) Class: 5816K(7296K)->5816K(7296K)
[2025-10-31T20:46:14.198+0000][gc            ] GC(87) Pause Young (Concurrent Start) (G1 Evacuation Pause) 272M->187M(512M) 11.171ms
[2025-10-31T20:46:14.198+0000][gc,cpu        ] GC(87) User=0.02s Sys=0.00s Real=0.01s
[2025-10-31T20:46:14.199+0000][gc            ] GC(88) Concurrent Cycle
[2025-10-31T20:46:14.199+0000][gc,marking    ] GC(88) Concurrent Clear Claimed Marks
[2025-10-31T20:46:14.199+0000][gc,marking    ] GC(88) Concurrent Clear Claimed Marks 0.387ms
[2025-10-31T20:46:14.200+0000][gc,marking    ] GC(88) Concurrent Scan Root Regions
[2025-10-31T20:46:14.204+0000][gc,marking    ] GC(88) Concurrent Scan Root Regions 4.272ms
[2025-10-31T20:46:14.204+0000][gc,marking    ] GC(88) Concurrent Mark (3214.954s)
[2025-10-31T20:46:14.204+0000][gc,marking    ] GC(88) Concurrent Mark From Roots
[2025-10-31T20:46:14.204+0000][gc,task       ] GC(88) Using 1 workers of 1 for marking
[2025-10-31T20:46:14.243+0000][gc,marking    ] GC(88) Concurrent Mark From Roots 38.793ms
[2025-10-31T20:46:14.243+0000][gc,marking    ] GC(88) Concurrent Preclean
[2025-10-31T20:46:14.244+0000][gc,marking    ] GC(88) Concurrent Preclean 0.551ms
[2025-10-31T20:46:14.244+0000][gc,marking    ] GC(88) Concurrent Mark (3214.954s, 3214.994s) 39.993ms
[2025-10-31T20:46:14.245+0000][gc,start      ] GC(88) Pause Remark
[2025-10-31T20:46:14.254+0000][gc,stringtable] GC(88) Cleaned string and symbol table, strings: 16875 processed, 0 removed, symbols: 123528 processed, 0 removed
[2025-10-31T20:46:14.254+0000][gc            ] GC(88) Pause Remark 190M->190M(512M) 9.555ms
[2025-10-31T20:46:14.254+0000][gc,cpu        ] GC(88) User=0.02s Sys=0.00s Real=0.01s
[2025-10-31T20:46:14.255+0000][gc,marking    ] GC(88) Concurrent Rebuild Remembered Sets
[2025-10-31T20:46:14.277+0000][gc,marking    ] GC(88) Concurrent Rebuild Remembered Sets 22.552ms
[2025-10-31T20:46:14.278+0000][gc,start      ] GC(88) Pause Cleanup
[2025-10-31T20:46:14.278+0000][gc            ] GC(88) Pause Cleanup 191M->191M(512M) 0.579ms
[2025-10-31T20:46:14.279+0000][gc,cpu        ] GC(88) User=0.00s Sys=0.00s Real=0.00s
[2025-10-31T20:46:14.279+0000][gc,marking    ] GC(88) Concurrent Cleanup for Next Mark
[2025-10-31T20:46:14.280+0000][gc,marking    ] GC(88) Concurrent Cleanup for Next Mark 0.623ms
[2025-10-31T20:46:14.280+0000][gc            ] GC(88) Concurrent Cycle 80.903ms
[2025-10-31T20:46:16.880+0000][gc,start      ] GC(89) Pause Young (Prepare Mixed) (G1 Evacuation Pause)
[2025-10-31T20:46:16.880+0000][gc,task       ] GC(89) Using 2 workers of 2 for evacuation
[2025-10-31T20:46:16.888+0000][gc,phases     ] GC(89)   Pre Evacuate Collection Set: 0.0ms
[2025-10-31T20:46:16.888+0000][gc,phases     ] GC(89)   Evacuate Collection Set: 7.3ms
[2025-10-31T20:46:16.888+0000][gc,phases     ] GC(89)   Post Evacuate Collection Set: 0.6ms
[2025-10-31T20:46:16.888+0000][gc,phases     ] GC(89)   Other: 0.5ms
[2025-10-31T20:46:16.888+0000][gc,heap       ] GC(89) Eden regions: 84->0(22)
[2025-10-31T20:46:16.889+0000][gc,heap       ] GC(89) Survivor regions: 3->3(11)
[2025-10-31T20:46:16.889+0000][gc,heap       ] GC(89) Old regions: 48->48
[2025-10-31T20:46:16.889+0000][gc,heap       ] GC(89) Humongous regions: 138->138
[2025-10-31T20:46:16.889+0000][gc,metaspace  ] GC(89) Metaspace: 52609K(55856K)->52609K(55856K) NonClass: 46792K(48560K)->46792K(48560K) Class: 5816K(7296K)->5816K(7296K)
[2025-10-31T20:46:16.889+0000][gc            ] GC(89) Pause Young (Prepare Mixed) (G1 Evacuation Pause) 271M->188M(512M) 9.469ms
[2025-10-31T20:46:16.889+0000][gc,cpu        ] GC(89) User=0.01s Sys=0.00s Real=0.01s
[2025-10-31T20:46:17.536+0000][gc,start      ] GC(90) Pause Young (Mixed) (G1 Evacuation Pause)
[2025-10-31T20:46:17.536+0000][gc,task       ] GC(90) Using 2 workers of 2 for evacuation
[2025-10-31T20:46:17.544+0000][gc,phases     ] GC(90)   Pre Evacuate Collection Set: 0.0ms
[2025-10-31T20:46:17.544+0000][gc,phases     ] GC(90)   Evacuate Collection Set: 6.9ms
[2025-10-31T20:46:17.544+0000][gc,phases     ] GC(90)   Post Evacuate Collection Set: 0.6ms
[2025-10-31T20:46:17.544+0000][gc,phases     ] GC(90)   Other: 0.5ms
[2025-10-31T20:46:17.544+0000][gc,heap       ] GC(90) Eden regions: 22->0(92)
[2025-10-31T20:46:17.545+0000][gc,heap       ] GC(90) Survivor regions: 3->2(4)
[2025-10-31T20:46:17.545+0000][gc,heap       ] GC(90) Old regions: 48->47
[2025-10-31T20:46:17.545+0000][gc,heap       ] GC(90) Humongous regions: 138->138
[2025-10-31T20:46:17.545+0000][gc,metaspace  ] GC(90) Metaspace: 52609K(55856K)->52609K(55856K) NonClass: 46792K(48560K)->46792K(48560K) Class: 5816K(7296K)->5816K(7296K)
[2025-10-31T20:46:17.545+0000][gc            ] GC(90) Pause Young (Mixed) (G1 Evacuation Pause) 210M->186M(512M) 9.278ms
[2025-10-31T20:46:17.545+0000][gc,cpu        ] GC(90) User=0.01s Sys=0.00s Real=0.01s
[2025-10-31T20:46:20.114+0000][gc,start      ] GC(91) Pause Young (Concurrent Start) (G1 Evacuation Pause)
[2025-10-31T20:46:20.114+0000][gc,task       ] GC(91) Using 2 workers of 2 for evacuation
[2025-10-31T20:46:20.122+0000][gc,phases     ] GC(91)   Pre Evacuate Collection Set: 0.2ms
[2025-10-31T20:46:20.122+0000][gc,phases     ] GC(91)   Evacuate Collection Set: 6.9ms
[2025-10-31T20:46:20.122+0000][gc,phases     ] GC(91)   Post Evacuate Collection Set: 0.5ms
[2025-10-31T20:46:20.122+0000][gc,phases     ] GC(91)   Other: 0.5ms
[2025-10-31T20:46:20.122+0000][gc,heap       ] GC(91) Eden regions: 92->0(95)
[2025-10-31T20:46:20.122+0000][gc,heap       ] GC(91) Survivor regions: 2->3(12)
[2025-10-31T20:46:20.122+0000][gc,heap       ] GC(91) Old regions: 47->47
[2025-10-31T20:46:20.123+0000][gc,heap       ] GC(91) Humongous regions: 138->138
[2025-10-31T20:46:20.123+0000][gc,metaspace  ] GC(91) Metaspace: 52609K(55856K)->52609K(55856K) NonClass: 46792K(48560K)->46792K(48560K) Class: 5816K(7296K)->5816K(7296K)
[2025-10-31T20:46:20.123+0000][gc            ] GC(91) Pause Young (Concurrent Start) (G1 Evacuation Pause) 278M->186M(512M) 9.189ms
[2025-10-31T20:46:20.123+0000][gc,cpu        ] GC(91) User=0.02s Sys=0.00s Real=0.01s
[2025-10-31T20:46:20.123+0000][gc            ] GC(92) Concurrent Cycle
[2025-10-31T20:46:20.123+0000][gc,marking    ] GC(92) Concurrent Clear Claimed Marks
[2025-10-31T20:46:20.124+0000][gc,marking    ] GC(92) Concurrent Clear Claimed Marks 0.614ms
[2025-10-31T20:46:20.125+0000][gc,marking    ] GC(92) Concurrent Scan Root Regions
[2025-10-31T20:46:20.129+0000][gc,marking    ] GC(92) Concurrent Scan Root Regions 3.966ms
[2025-10-31T20:46:20.130+0000][gc,marking    ] GC(92) Concurrent Mark (3220.879s)
[2025-10-31T20:46:20.130+0000][gc,marking    ] GC(92) Concurrent Mark From Roots
[2025-10-31T20:46:20.131+0000][gc,task       ] GC(92) Using 1 workers of 1 for marking
[2025-10-31T20:46:20.166+0000][gc,marking    ] GC(92) Concurrent Mark From Roots 36.088ms
[2025-10-31T20:46:20.166+0000][gc,marking    ] GC(92) Concurrent Preclean
[2025-10-31T20:46:20.167+0000][gc,marking    ] GC(92) Concurrent Preclean 0.707ms
[2025-10-31T20:46:20.168+0000][gc,marking    ] GC(92) Concurrent Mark (3220.879s, 3220.917s) 38.265ms
[2025-10-31T20:46:20.168+0000][gc,start      ] GC(92) Pause Remark
[2025-10-31T20:46:20.176+0000][gc,stringtable] GC(92) Cleaned string and symbol table, strings: 16875 processed, 0 removed, symbols: 123528 processed, 0 removed
[2025-10-31T20:46:20.177+0000][gc            ] GC(92) Pause Remark 189M->189M(512M) 8.618ms
[2025-10-31T20:46:20.177+0000][gc,cpu        ] GC(92) User=0.02s Sys=0.00s Real=0.01s
[2025-10-31T20:46:20.177+0000][gc,marking    ] GC(92) Concurrent Rebuild Remembered Sets
[2025-10-31T20:46:20.199+0000][gc,marking    ] GC(92) Concurrent Rebuild Remembered Sets 21.330ms
[2025-10-31T20:46:20.199+0000][gc,start      ] GC(92) Pause Cleanup
[2025-10-31T20:46:20.200+0000][gc            ] GC(92) Pause Cleanup 190M->190M(512M) 0.409ms
[2025-10-31T20:46:20.200+0000][gc,cpu        ] GC(92) User=0.00s Sys=0.00s Real=0.00s
[2025-10-31T20:46:20.201+0000][gc,marking    ] GC(92) Concurrent Cleanup for Next Mark
[2025-10-31T20:46:20.201+0000][gc,marking    ] GC(92) Concurrent Cleanup for Next Mark 0.697ms
[2025-10-31T20:46:20.203+0000][gc            ] GC(92) Concurrent Cycle 79.506ms
[2025-10-31T20:46:23.116+0000][gc,start      ] GC(93) Pause Young (Normal) (G1 Evacuation Pause)
[2025-10-31T20:46:23.116+0000][gc,task       ] GC(93) Using 2 workers of 2 for evacuation
[2025-10-31T20:46:23.126+0000][gc,phases     ] GC(93)   Pre Evacuate Collection Set: 0.0ms
[2025-10-31T20:46:23.126+0000][gc,phases     ] GC(93)   Evacuate Collection Set: 7.6ms
[2025-10-31T20:46:23.127+0000][gc,phases     ] GC(93)   Post Evacuate Collection Set: 2.1ms
[2025-10-31T20:46:23.127+0000][gc,phases     ] GC(93)   Other: 0.5ms
[2025-10-31T20:46:23.127+0000][gc,heap       ] GC(93) Eden regions: 93->0(100)
[2025-10-31T20:46:23.127+0000][gc,heap       ] GC(93) Survivor regions: 3->3(12)
[2025-10-31T20:46:23.127+0000][gc,heap       ] GC(93) Old regions: 47->47
[2025-10-31T20:46:23.127+0000][gc,heap       ] GC(93) Humongous regions: 138->138
[2025-10-31T20:46:23.127+0000][gc,metaspace  ] GC(93) Metaspace: 52609K(55856K)->52609K(55856K) NonClass: 46792K(48560K)->46792K(48560K) Class: 5816K(7296K)->5816K(7296K)
[2025-10-31T20:46:23.128+0000][gc            ] GC(93) Pause Young (Normal) (G1 Evacuation Pause) 279M->187M(512M) 11.512ms
[2025-10-31T20:46:23.129+0000][gc,cpu        ] GC(93) User=0.02s Sys=0.00s Real=0.01s
[2025-10-31T20:46:26.688+0000][gc,start      ] GC(94) Pause Young (Concurrent Start) (G1 Evacuation Pause)
[2025-10-31T20:46:26.688+0000][gc,task       ] GC(94) Using 2 workers of 2 for evacuation
[2025-10-31T20:46:26.699+0000][gc,phases     ] GC(94)   Pre Evacuate Collection Set: 0.2ms
[2025-10-31T20:46:26.699+0000][gc,phases     ] GC(94)   Evacuate Collection Set: 9.4ms
[2025-10-31T20:46:26.700+0000][gc,phases     ] GC(94)   Post Evacuate Collection Set: 0.8ms
[2025-10-31T20:46:26.700+0000][gc,phases     ] GC(94)   Other: 0.8ms
[2025-10-31T20:46:26.700+0000][gc,heap       ] GC(94) Eden regions: 100->0(99)
[2025-10-31T20:46:26.700+0000][gc,heap       ] GC(94) Survivor regions: 3->3(13)
[2025-10-31T20:46:26.700+0000][gc,heap       ] GC(94) Old regions: 47->47
[2025-10-31T20:46:26.701+0000][gc,heap       ] GC(94) Humongous regions: 138->138
[2025-10-31T20:46:26.701+0000][gc,metaspace  ] GC(94) Metaspace: 52609K(55856K)->52609K(55856K) NonClass: 46792K(48560K)->46792K(48560K) Class: 5816K(7296K)->5816K(7296K)
[2025-10-31T20:46:26.701+0000][gc            ] GC(94) Pause Young (Concurrent Start) (G1 Evacuation Pause) 287M->187M(512M) 12.755ms
[2025-10-31T20:46:26.701+0000][gc,cpu        ] GC(94) User=0.02s Sys=0.00s Real=0.01s
[2025-10-31T20:46:26.702+0000][gc            ] GC(95) Concurrent Cycle
[2025-10-31T20:46:26.702+0000][gc,marking    ] GC(95) Concurrent Clear Claimed Marks
[2025-10-31T20:46:26.702+0000][gc,marking    ] GC(95) Concurrent Clear Claimed Marks 0.625ms
[2025-10-31T20:46:26.703+0000][gc,marking    ] GC(95) Concurrent Scan Root Regions
[2025-10-31T20:46:26.708+0000][gc,marking    ] GC(95) Concurrent Scan Root Regions 5.053ms
[2025-10-31T20:46:26.708+0000][gc,marking    ] GC(95) Concurrent Mark (3227.457s)
[2025-10-31T20:46:26.708+0000][gc,marking    ] GC(95) Concurrent Mark From Roots
[2025-10-31T20:46:26.708+0000][gc,task       ] GC(95) Using 1 workers of 1 for marking
[2025-10-31T20:46:26.749+0000][gc,marking    ] GC(95) Concurrent Mark From Roots 41.166ms
[2025-10-31T20:46:26.750+0000][gc,marking    ] GC(95) Concurrent Preclean
[2025-10-31T20:46:26.751+0000][gc,marking    ] GC(95) Concurrent Preclean 0.438ms
[2025-10-31T20:46:26.751+0000][gc,marking    ] GC(95) Concurrent Mark (3227.457s, 3227.501s) 43.186ms
[2025-10-31T20:46:26.752+0000][gc,start      ] GC(95) Pause Remark
[2025-10-31T20:46:26.766+0000][gc,stringtable] GC(95) Cleaned string and symbol table, strings: 16893 processed, 0 removed, symbols: 123528 processed, 0 removed
[2025-10-31T20:46:26.767+0000][gc            ] GC(95) Pause Remark 189M->189M(512M) 15.203ms
[2025-10-31T20:46:26.767+0000][gc,cpu        ] GC(95) User=0.02s Sys=0.00s Real=0.02s
[2025-10-31T20:46:26.767+0000][gc,marking    ] GC(95) Concurrent Rebuild Remembered Sets
[2025-10-31T20:46:26.797+0000][gc,marking    ] GC(95) Concurrent Rebuild Remembered Sets 29.670ms
[2025-10-31T20:46:26.798+0000][gc,start      ] GC(95) Pause Cleanup
[2025-10-31T20:46:26.799+0000][gc            ] GC(95) Pause Cleanup 190M->190M(512M) 0.708ms
[2025-10-31T20:46:26.799+0000][gc,cpu        ] GC(95) User=0.00s Sys=0.00s Real=0.00s
[2025-10-31T20:46:26.800+0000][gc,marking    ] GC(95) Concurrent Cleanup for Next Mark
[2025-10-31T20:46:26.801+0000][gc,marking    ] GC(95) Concurrent Cleanup for Next Mark 1.265ms
[2025-10-31T20:46:26.802+0000][gc            ] GC(95) Concurrent Cycle 99.997ms
[2025-10-31T20:46:30.072+0000][gc,start      ] GC(96) Pause Young (Prepare Mixed) (G1 Evacuation Pause)
[2025-10-31T20:46:30.072+0000][gc,task       ] GC(96) Using 2 workers of 2 for evacuation
[2025-10-31T20:46:30.081+0000][gc,phases     ] GC(96)   Pre Evacuate Collection Set: 0.0ms
[2025-10-31T20:46:30.081+0000][gc,phases     ] GC(96)   Evacuate Collection Set: 8.3ms
[2025-10-31T20:46:30.082+0000][gc,phases     ] GC(96)   Post Evacuate Collection Set: 0.7ms
[2025-10-31T20:46:30.082+0000][gc,phases     ] GC(96)   Other: 0.7ms
[2025-10-31T20:46:30.082+0000][gc,heap       ] GC(96) Eden regions: 95->0(22)
[2025-10-31T20:46:30.082+0000][gc,heap       ] GC(96) Survivor regions: 3->3(13)
[2025-10-31T20:46:30.082+0000][gc,heap       ] GC(96) Old regions: 47->47
[2025-10-31T20:46:30.082+0000][gc,heap       ] GC(96) Humongous regions: 138->138
[2025-10-31T20:46:30.082+0000][gc,metaspace  ] GC(96) Metaspace: 52609K(55856K)->52609K(55856K) NonClass: 46792K(48560K)->46792K(48560K) Class: 5816K(7296K)->5816K(7296K)
[2025-10-31T20:46:30.083+0000][gc            ] GC(96) Pause Young (Prepare Mixed) (G1 Evacuation Pause) 282M->187M(512M) 11.038ms
[2025-10-31T20:46:30.083+0000][gc,cpu        ] GC(96) User=0.02s Sys=0.00s Real=0.01s
[2025-10-31T20:46:34.432+0000][gc,start      ] GC(97) Pause Young (Mixed) (G1 Evacuation Pause)
[2025-10-31T20:46:34.432+0000][gc,task       ] GC(97) Using 2 workers of 2 for evacuation
[2025-10-31T20:46:34.441+0000][gc,phases     ] GC(97)   Pre Evacuate Collection Set: 0.0ms
[2025-10-31T20:46:34.441+0000][gc,phases     ] GC(97)   Evacuate Collection Set: 7.8ms
[2025-10-31T20:46:34.441+0000][gc,phases     ] GC(97)   Post Evacuate Collection Set: 0.6ms
[2025-10-31T20:46:34.442+0000][gc,phases     ] GC(97)   Other: 0.4ms
[2025-10-31T20:46:34.442+0000][gc,heap       ] GC(97) Eden regions: 22->0(103)
[2025-10-31T20:46:34.442+0000][gc,heap       ] GC(97) Survivor regions: 3->2(4)
[2025-10-31T20:46:34.442+0000][gc,heap       ] GC(97) Old regions: 47->47
[2025-10-31T20:46:34.442+0000][gc,heap       ] GC(97) Humongous regions: 138->138
[2025-10-31T20:46:34.442+0000][gc,metaspace  ] GC(97) Metaspace: 52609K(55856K)->52609K(55856K) NonClass: 46792K(48560K)->46792K(48560K) Class: 5816K(7296K)->5816K(7296K)
[2025-10-31T20:46:34.442+0000][gc            ] GC(97) Pause Young (Mixed) (G1 Evacuation Pause) 209M->186M(512M) 10.092ms
[2025-10-31T20:46:34.443+0000][gc,cpu        ] GC(97) User=0.02s Sys=0.00s Real=0.01s
[2025-10-31T20:50:27.707+0000][gc,start      ] GC(98) Pause Young (Concurrent Start) (G1 Evacuation Pause)
[2025-10-31T20:50:27.708+0000][gc,task       ] GC(98) Using 2 workers of 2 for evacuation
[2025-10-31T20:50:27.726+0000][gc,phases     ] GC(98)   Pre Evacuate Collection Set: 0.2ms
[2025-10-31T20:50:27.726+0000][gc,phases     ] GC(98)   Evacuate Collection Set: 17.4ms
[2025-10-31T20:50:27.727+0000][gc,phases     ] GC(98)   Post Evacuate Collection Set: 0.7ms
[2025-10-31T20:50:27.727+0000][gc,phases     ] GC(98)   Other: 1.3ms
[2025-10-31T20:50:27.727+0000][gc,heap       ] GC(98) Eden regions: 91->0(92)
[2025-10-31T20:50:27.727+0000][gc,heap       ] GC(98) Survivor regions: 2->7(12)
[2025-10-31T20:50:27.727+0000][gc,heap       ] GC(98) Old regions: 47->47
[2025-10-31T20:50:27.728+0000][gc,heap       ] GC(98) Humongous regions: 138->138
[2025-10-31T20:50:27.728+0000][gc,metaspace  ] GC(98) Metaspace: 52613K(55856K)->52613K(55856K) NonClass: 46797K(48560K)->46797K(48560K) Class: 5816K(7296K)->5816K(7296K)
[2025-10-31T20:50:27.728+0000][gc            ] GC(98) Pause Young (Concurrent Start) (G1 Evacuation Pause) 277M->191M(512M) 21.187ms
[2025-10-31T20:50:27.728+0000][gc,cpu        ] GC(98) User=0.04s Sys=0.00s Real=0.03s
[2025-10-31T20:50:27.729+0000][gc            ] GC(99) Concurrent Cycle
[2025-10-31T20:50:27.729+0000][gc,marking    ] GC(99) Concurrent Clear Claimed Marks
[2025-10-31T20:50:27.729+0000][gc,marking    ] GC(99) Concurrent Clear Claimed Marks 0.362ms
[2025-10-31T20:50:27.729+0000][gc,marking    ] GC(99) Concurrent Scan Root Regions
[2025-10-31T20:50:27.739+0000][gc,marking    ] GC(99) Concurrent Scan Root Regions 9.589ms
[2025-10-31T20:50:27.739+0000][gc,marking    ] GC(99) Concurrent Mark (3468.485s)
[2025-10-31T20:50:27.739+0000][gc,marking    ] GC(99) Concurrent Mark From Roots
[2025-10-31T20:50:27.739+0000][gc,task       ] GC(99) Using 1 workers of 1 for marking
[2025-10-31T20:50:27.771+0000][gc,marking    ] GC(99) Concurrent Mark From Roots 31.706ms
[2025-10-31T20:50:27.771+0000][gc,marking    ] GC(99) Concurrent Preclean
[2025-10-31T20:50:27.772+0000][gc,marking    ] GC(99) Concurrent Preclean 0.323ms
[2025-10-31T20:50:27.772+0000][gc,marking    ] GC(99) Concurrent Mark (3468.485s, 3468.518s) 32.557ms
[2025-10-31T20:50:27.772+0000][gc,start      ] GC(99) Pause Remark
[2025-10-31T20:50:27.781+0000][gc,stringtable] GC(99) Cleaned string and symbol table, strings: 16911 processed, 3 removed, symbols: 123528 processed, 0 removed
[2025-10-31T20:50:27.781+0000][gc            ] GC(99) Pause Remark 192M->192M(512M) 8.954ms
[2025-10-31T20:50:27.781+0000][gc,cpu        ] GC(99) User=0.02s Sys=0.00s Real=0.01s
[2025-10-31T20:50:27.781+0000][gc,marking    ] GC(99) Concurrent Rebuild Remembered Sets
[2025-10-31T20:50:27.801+0000][gc,marking    ] GC(99) Concurrent Rebuild Remembered Sets 19.928ms
[2025-10-31T20:50:27.802+0000][gc,start      ] GC(99) Pause Cleanup
[2025-10-31T20:50:27.803+0000][gc            ] GC(99) Pause Cleanup 192M->192M(512M) 0.452ms
[2025-10-31T20:50:27.803+0000][gc,cpu        ] GC(99) User=0.00s Sys=0.00s Real=0.00s
[2025-10-31T20:50:27.803+0000][gc,marking    ] GC(99) Concurrent Cleanup for Next Mark
[2025-10-31T20:50:27.804+0000][gc,marking    ] GC(99) Concurrent Cleanup for Next Mark 0.660ms
[2025-10-31T20:50:27.804+0000][gc            ] GC(99) Concurrent Cycle 75.300ms
[2025-10-31T20:53:46.027+0000][gc,start      ] GC(100) Pause Young (Prepare Mixed) (G1 Evacuation Pause)
[2025-10-31T20:53:46.028+0000][gc,task       ] GC(100) Using 2 workers of 2 for evacuation
[2025-10-31T20:53:46.054+0000][gc,mmu        ] GC(100) MMU target violated: 21.0ms (20.0ms/21.0ms)
[2025-10-31T20:53:46.054+0000][gc,phases     ] GC(100)   Pre Evacuate Collection Set: 0.0ms
[2025-10-31T20:53:46.055+0000][gc,phases     ] GC(100)   Evacuate Collection Set: 24.8ms
[2025-10-31T20:53:46.055+0000][gc,phases     ] GC(100)   Post Evacuate Collection Set: 0.7ms
[2025-10-31T20:53:46.055+0000][gc,phases     ] GC(100)   Other: 1.5ms
[2025-10-31T20:53:46.055+0000][gc,heap       ] GC(100) Eden regions: 75->0(14)
[2025-10-31T20:53:46.056+0000][gc,heap       ] GC(100) Survivor regions: 7->11(11)
[2025-10-31T20:53:46.056+0000][gc,heap       ] GC(100) Old regions: 47->51
[2025-10-31T20:53:46.056+0000][gc,heap       ] GC(100) Humongous regions: 147->147
[2025-10-31T20:53:46.056+0000][gc,metaspace  ] GC(100) Metaspace: 52748K(56112K)->52748K(56112K) NonClass: 46902K(48816K)->46902K(48816K) Class: 5845K(7296K)->5845K(7296K)
[2025-10-31T20:53:46.056+0000][gc            ] GC(100) Pause Young (Prepare Mixed) (G1 Evacuation Pause) 275M->208M(512M) 28.632ms
[2025-10-31T20:53:46.056+0000][gc,cpu        ] GC(100) User=0.05s Sys=0.00s Real=0.03s
[2025-10-31T20:53:54.539+0000][gc,start      ] GC(101) Pause Young (Mixed) (G1 Evacuation Pause)
[2025-10-31T20:53:54.539+0000][gc,task       ] GC(101) Using 2 workers of 2 for evacuation
[2025-10-31T20:53:54.562+0000][gc,mmu        ] GC(101) MMU target violated: 21.0ms (20.0ms/21.0ms)
[2025-10-31T20:53:54.562+0000][gc,phases     ] GC(101)   Pre Evacuate Collection Set: 0.0ms
[2025-10-31T20:53:54.563+0000][gc,phases     ] GC(101)   Evacuate Collection Set: 22.3ms
[2025-10-31T20:53:54.563+0000][gc,phases     ] GC(101)   Post Evacuate Collection Set: 0.8ms
[2025-10-31T20:53:54.563+0000][gc,phases     ] GC(101)   Other: 0.7ms
[2025-10-31T20:53:54.563+0000][gc,heap       ] GC(101) Eden regions: 14->0(74)
[2025-10-31T20:53:54.563+0000][gc,heap       ] GC(101) Survivor regions: 11->2(4)
[2025-10-31T20:53:54.563+0000][gc,heap       ] GC(101) Old regions: 51->60
[2025-10-31T20:53:54.564+0000][gc,heap       ] GC(101) Humongous regions: 147->147
[2025-10-31T20:53:54.564+0000][gc,metaspace  ] GC(101) Metaspace: 52749K(56112K)->52749K(56112K) NonClass: 46903K(48816K)->46903K(48816K) Class: 5845K(7296K)->5845K(7296K)
[2025-10-31T20:53:54.564+0000][gc            ] GC(101) Pause Young (Mixed) (G1 Evacuation Pause) 222M->209M(512M) 25.152ms
[2025-10-31T20:53:54.564+0000][gc,cpu        ] GC(101) User=0.05s Sys=0.00s Real=0.02s
[2025-10-31T20:56:15.878+0000][gc,start      ] GC(102) Pause Young (Concurrent Start) (G1 Evacuation Pause)
[2025-10-31T20:56:15.879+0000][gc,task       ] GC(102) Using 2 workers of 2 for evacuation
[2025-10-31T20:56:15.893+0000][gc,phases     ] GC(102)   Pre Evacuate Collection Set: 0.2ms
[2025-10-31T20:56:15.893+0000][gc,phases     ] GC(102)   Evacuate Collection Set: 12.4ms
[2025-10-31T20:56:15.893+0000][gc,phases     ] GC(102)   Post Evacuate Collection Set: 0.7ms
[2025-10-31T20:56:15.893+0000][gc,phases     ] GC(102)   Other: 0.8ms
[2025-10-31T20:56:15.893+0000][gc,heap       ] GC(102) Eden regions: 74->0(38)
[2025-10-31T20:56:15.893+0000][gc,heap       ] GC(102) Survivor regions: 2->8(10)
[2025-10-31T20:56:15.894+0000][gc,heap       ] GC(102) Old regions: 60->60
[2025-10-31T20:56:15.894+0000][gc,heap       ] GC(102) Humongous regions: 147->147
[2025-10-31T20:56:15.894+0000][gc,metaspace  ] GC(102) Metaspace: 52750K(56112K)->52750K(56112K) NonClass: 46904K(48816K)->46904K(48816K) Class: 5845K(7296K)->5845K(7296K)
[2025-10-31T20:56:15.894+0000][gc            ] GC(102) Pause Young (Concurrent Start) (G1 Evacuation Pause) 282M->214M(512M) 15.613ms
[2025-10-31T20:56:15.894+0000][gc,cpu        ] GC(102) User=0.03s Sys=0.00s Real=0.01s
[2025-10-31T20:56:15.895+0000][gc            ] GC(103) Concurrent Cycle
[2025-10-31T20:56:15.895+0000][gc,marking    ] GC(103) Concurrent Clear Claimed Marks
[2025-10-31T20:56:15.895+0000][gc,marking    ] GC(103) Concurrent Clear Claimed Marks 0.311ms
[2025-10-31T20:56:15.895+0000][gc,marking    ] GC(103) Concurrent Scan Root Regions
[2025-10-31T20:56:15.900+0000][gc,marking    ] GC(103) Concurrent Scan Root Regions 4.970ms
[2025-10-31T20:56:15.901+0000][gc,marking    ] GC(103) Concurrent Mark (3816.647s)
[2025-10-31T20:56:15.901+0000][gc,marking    ] GC(103) Concurrent Mark From Roots
[2025-10-31T20:56:15.901+0000][gc,task       ] GC(103) Using 1 workers of 1 for marking
[2025-10-31T20:56:15.930+0000][gc,marking    ] GC(103) Concurrent Mark From Roots 29.585ms
[2025-10-31T20:56:15.931+0000][gc,marking    ] GC(103) Concurrent Preclean
[2025-10-31T20:56:15.931+0000][gc,marking    ] GC(103) Concurrent Preclean 0.296ms
[2025-10-31T20:56:15.931+0000][gc,marking    ] GC(103) Concurrent Mark (3816.647s, 3816.678s) 30.564ms
[2025-10-31T20:56:15.931+0000][gc,start      ] GC(103) Pause Remark
[2025-10-31T20:56:15.939+0000][gc,stringtable] GC(103) Cleaned string and symbol table, strings: 16968 processed, 1 removed, symbols: 123688 processed, 0 removed
[2025-10-31T20:56:15.940+0000][gc            ] GC(103) Pause Remark 214M->214M(512M) 8.517ms
[2025-10-31T20:56:15.940+0000][gc,cpu        ] GC(103) User=0.01s Sys=0.00s Real=0.01s
[2025-10-31T20:56:15.940+0000][gc,marking    ] GC(103) Concurrent Rebuild Remembered Sets
[2025-10-31T20:56:15.958+0000][gc,marking    ] GC(103) Concurrent Rebuild Remembered Sets 17.575ms
[2025-10-31T20:56:15.958+0000][gc,start      ] GC(103) Pause Cleanup
[2025-10-31T20:56:15.959+0000][gc            ] GC(103) Pause Cleanup 214M->214M(512M) 0.475ms
[2025-10-31T20:56:15.959+0000][gc,cpu        ] GC(103) User=0.00s Sys=0.00s Real=0.00s
[2025-10-31T20:56:15.959+0000][gc,marking    ] GC(103) Concurrent Cleanup for Next Mark
[2025-10-31T20:56:15.960+0000][gc,marking    ] GC(103) Concurrent Cleanup for Next Mark 0.690ms
[2025-10-31T20:56:15.960+0000][gc            ] GC(103) Concurrent Cycle 65.574ms
[2025-10-31T20:57:35.870+0000][gc,start      ] GC(104) Pause Young (Prepare Mixed) (G1 Evacuation Pause)
[2025-10-31T20:57:35.870+0000][gc,task       ] GC(104) Using 2 workers of 2 for evacuation
[2025-10-31T20:57:35.884+0000][gc,phases     ] GC(104)   Pre Evacuate Collection Set: 0.0ms
[2025-10-31T20:57:35.884+0000][gc,phases     ] GC(104)   Evacuate Collection Set: 12.8ms
[2025-10-31T20:57:35.884+0000][gc,phases     ] GC(104)   Post Evacuate Collection Set: 0.7ms
[2025-10-31T20:57:35.884+0000][gc,phases     ] GC(104)   Other: 0.5ms
[2025-10-31T20:57:35.884+0000][gc,heap       ] GC(104) Eden regions: 38->0(22)
[2025-10-31T20:57:35.884+0000][gc,heap       ] GC(104) Survivor regions: 8->3(6)
[2025-10-31T20:57:35.885+0000][gc,heap       ] GC(104) Old regions: 60->66
[2025-10-31T20:57:35.885+0000][gc,heap       ] GC(104) Humongous regions: 147->147
[2025-10-31T20:57:35.885+0000][gc,metaspace  ] GC(104) Metaspace: 52766K(56112K)->52766K(56112K) NonClass: 46920K(48816K)->46920K(48816K) Class: 5845K(7296K)->5845K(7296K)
[2025-10-31T20:57:35.885+0000][gc            ] GC(104) Pause Young (Prepare Mixed) (G1 Evacuation Pause) 252M->215M(512M) 15.421ms
[2025-10-31T20:57:35.885+0000][gc,cpu        ] GC(104) User=0.03s Sys=0.00s Real=0.01s
[2025-10-31T20:58:21.329+0000][gc,start      ] GC(105) Pause Young (Mixed) (G1 Evacuation Pause)
[2025-10-31T20:58:21.330+0000][gc,task       ] GC(105) Using 2 workers of 2 for evacuation
[2025-10-31T20:58:21.339+0000][gc,phases     ] GC(105)   Pre Evacuate Collection Set: 0.0ms
[2025-10-31T20:58:21.339+0000][gc,phases     ] GC(105)   Evacuate Collection Set: 8.6ms
[2025-10-31T20:58:21.339+0000][gc,phases     ] GC(105)   Post Evacuate Collection Set: 0.6ms
[2025-10-31T20:58:21.340+0000][gc,phases     ] GC(105)   Other: 0.8ms
[2025-10-31T20:58:21.340+0000][gc,heap       ] GC(105) Eden regions: 22->0(88)
[2025-10-31T20:58:21.340+0000][gc,heap       ] GC(105) Survivor regions: 3->2(4)
[2025-10-31T20:58:21.340+0000][gc,heap       ] GC(105) Old regions: 66->54
[2025-10-31T20:58:21.340+0000][gc,heap       ] GC(105) Humongous regions: 147->147
[2025-10-31T20:58:21.340+0000][gc,metaspace  ] GC(105) Metaspace: 52766K(56112K)->52766K(56112K) NonClass: 46920K(48816K)->46920K(48816K) Class: 5845K(7296K)->5845K(7296K)
[2025-10-31T20:58:21.340+0000][gc            ] GC(105) Pause Young (Mixed) (G1 Evacuation Pause) 237M->202M(512M) 11.175ms
[2025-10-31T20:58:21.340+0000][gc,cpu        ] GC(105) User=0.02s Sys=0.00s Real=0.01s
[2025-10-31T21:00:30.868+0000][gc,start      ] GC(106) Pause Young (Concurrent Start) (G1 Evacuation Pause)
[2025-10-31T21:00:30.870+0000][gc,task       ] GC(106) Using 2 workers of 2 for evacuation
[2025-10-31T21:00:30.915+0000][gc,mmu        ] GC(106) MMU target violated: 21.0ms (20.0ms/21.0ms)
[2025-10-31T21:00:30.915+0000][gc,phases     ] GC(106)   Pre Evacuate Collection Set: 0.4ms
[2025-10-31T21:00:30.915+0000][gc,phases     ] GC(106)   Evacuate Collection Set: 41.3ms
[2025-10-31T21:00:30.915+0000][gc,phases     ] GC(106)   Post Evacuate Collection Set: 1.5ms
[2025-10-31T21:00:30.915+0000][gc,phases     ] GC(106)   Other: 3.9ms
[2025-10-31T21:00:30.916+0000][gc,heap       ] GC(106) Eden regions: 88->0(18)
[2025-10-31T21:00:30.916+0000][gc,heap       ] GC(106) Survivor regions: 2->7(12)
[2025-10-31T21:00:30.916+0000][gc,heap       ] GC(106) Old regions: 54->54
[2025-10-31T21:00:30.916+0000][gc,heap       ] GC(106) Humongous regions: 147->147
[2025-10-31T21:00:30.917+0000][gc,metaspace  ] GC(106) Metaspace: 52778K(56112K)->52778K(56112K) NonClass: 46932K(48816K)->46932K(48816K) Class: 5845K(7296K)->5845K(7296K)
[2025-10-31T21:00:30.917+0000][gc            ] GC(106) Pause Young (Concurrent Start) (G1 Evacuation Pause) 290M->207M(512M) 48.837ms
[2025-10-31T21:00:30.918+0000][gc,cpu        ] GC(106) User=0.08s Sys=0.00s Real=0.05s
[2025-10-31T21:00:30.919+0000][gc            ] GC(107) Concurrent Cycle
[2025-10-31T21:00:30.920+0000][gc,marking    ] GC(107) Concurrent Clear Claimed Marks
[2025-10-31T21:00:30.921+0000][gc,marking    ] GC(107) Concurrent Clear Claimed Marks 1.469ms
[2025-10-31T21:00:30.926+0000][gc,marking    ] GC(107) Concurrent Scan Root Regions
[2025-10-31T21:00:30.943+0000][gc,marking    ] GC(107) Concurrent Scan Root Regions 17.652ms
[2025-10-31T21:00:30.943+0000][gc,marking    ] GC(107) Concurrent Mark (4071.692s)
[2025-10-31T21:00:30.944+0000][gc,marking    ] GC(107) Concurrent Mark From Roots
[2025-10-31T21:00:30.944+0000][gc,task       ] GC(107) Using 1 workers of 1 for marking
[2025-10-31T21:00:30.995+0000][gc,marking    ] GC(107) Concurrent Mark From Roots 51.042ms
[2025-10-31T21:00:30.995+0000][gc,marking    ] GC(107) Concurrent Preclean
[2025-10-31T21:00:30.996+0000][gc,marking    ] GC(107) Concurrent Preclean 0.509ms
[2025-10-31T21:00:30.996+0000][gc,marking    ] GC(107) Concurrent Mark (4071.692s, 4071.744s) 52.210ms
[2025-10-31T21:00:30.996+0000][gc,start      ] GC(107) Pause Remark
[2025-10-31T21:00:31.006+0000][gc,stringtable] GC(107) Cleaned string and symbol table, strings: 16994 processed, 0 removed, symbols: 123688 processed, 0 removed
[2025-10-31T21:00:31.007+0000][gc            ] GC(107) Pause Remark 207M->207M(512M) 10.335ms
[2025-10-31T21:00:31.007+0000][gc,cpu        ] GC(107) User=0.02s Sys=0.00s Real=0.01s
[2025-10-31T21:00:31.007+0000][gc,marking    ] GC(107) Concurrent Rebuild Remembered Sets
[2025-10-31T21:00:31.028+0000][gc,marking    ] GC(107) Concurrent Rebuild Remembered Sets 20.653ms
[2025-10-31T21:00:31.028+0000][gc,start      ] GC(107) Pause Cleanup
[2025-10-31T21:00:31.031+0000][gc            ] GC(107) Pause Cleanup 207M->207M(512M) 2.822ms
[2025-10-31T21:00:31.031+0000][gc,cpu        ] GC(107) User=0.00s Sys=0.00s Real=0.00s
[2025-10-31T21:00:31.032+0000][gc,marking    ] GC(107) Concurrent Cleanup for Next Mark
[2025-10-31T21:00:31.032+0000][gc,marking    ] GC(107) Concurrent Cleanup for Next Mark 0.755ms
[2025-10-31T21:00:31.033+0000][gc            ] GC(107) Concurrent Cycle 113.424ms
[2025-10-31T21:01:01.374+0000][gc,start      ] GC(108) Pause Young (Prepare Mixed) (G1 Evacuation Pause)
[2025-10-31T21:01:01.374+0000][gc,task       ] GC(108) Using 2 workers of 2 for evacuation
[2025-10-31T21:01:01.388+0000][gc,phases     ] GC(108)   Pre Evacuate Collection Set: 0.0ms
[2025-10-31T21:01:01.388+0000][gc,phases     ] GC(108)   Evacuate Collection Set: 12.9ms
[2025-10-31T21:01:01.389+0000][gc,phases     ] GC(108)   Post Evacuate Collection Set: 0.6ms
[2025-10-31T21:01:01.389+0000][gc,phases     ] GC(108)   Other: 0.5ms
[2025-10-31T21:01:01.389+0000][gc,heap       ] GC(108) Eden regions: 18->0(23)
[2025-10-31T21:01:01.389+0000][gc,heap       ] GC(108) Survivor regions: 7->2(4)
[2025-10-31T21:01:01.389+0000][gc,heap       ] GC(108) Old regions: 54->60
[2025-10-31T21:01:01.389+0000][gc,heap       ] GC(108) Humongous regions: 147->147
[2025-10-31T21:01:01.389+0000][gc,metaspace  ] GC(108) Metaspace: 52778K(56112K)->52778K(56112K) NonClass: 46933K(48816K)->46933K(48816K) Class: 5845K(7296K)->5845K(7296K)
[2025-10-31T21:01:01.390+0000][gc            ] GC(108) Pause Young (Prepare Mixed) (G1 Evacuation Pause) 225M->209M(512M) 15.348ms
[2025-10-31T21:01:01.390+0000][gc,cpu        ] GC(108) User=0.03s Sys=0.00s Real=0.01s
[2025-10-31T21:01:06.301+0000][gc,start      ] GC(109) Pause Young (Mixed) (G1 Evacuation Pause)
[2025-10-31T21:01:06.301+0000][gc,task       ] GC(109) Using 2 workers of 2 for evacuation
[2025-10-31T21:01:06.308+0000][gc,phases     ] GC(109)   Pre Evacuate Collection Set: 0.0ms
[2025-10-31T21:01:06.308+0000][gc,phases     ] GC(109)   Evacuate Collection Set: 6.4ms
[2025-10-31T21:01:06.309+0000][gc,phases     ] GC(109)   Post Evacuate Collection Set: 0.6ms
[2025-10-31T21:01:06.309+0000][gc,phases     ] GC(109)   Other: 0.5ms
[2025-10-31T21:01:06.309+0000][gc,heap       ] GC(109) Eden regions: 23->0(22)
[2025-10-31T21:01:06.309+0000][gc,heap       ] GC(109) Survivor regions: 2->3(4)
[2025-10-31T21:01:06.309+0000][gc,heap       ] GC(109) Old regions: 60->55
[2025-10-31T21:01:06.309+0000][gc,heap       ] GC(109) Humongous regions: 147->147
[2025-10-31T21:01:06.310+0000][gc,metaspace  ] GC(109) Metaspace: 52780K(56112K)->52780K(56112K) NonClass: 46934K(48816K)->46934K(48816K) Class: 5845K(7296K)->5845K(7296K)
[2025-10-31T21:01:06.310+0000][gc            ] GC(109) Pause Young (Mixed) (G1 Evacuation Pause) 232M->204M(512M) 8.987ms
[2025-10-31T21:01:06.310+0000][gc,cpu        ] GC(109) User=0.01s Sys=0.00s Real=0.01s
[2025-10-31T21:01:13.684+0000][gc,start      ] GC(110) Pause Young (Mixed) (G1 Evacuation Pause)
[2025-10-31T21:01:13.685+0000][gc,task       ] GC(110) Using 2 workers of 2 for evacuation
[2025-10-31T21:01:13.701+0000][gc,phases     ] GC(110)   Pre Evacuate Collection Set: 0.0ms
[2025-10-31T21:01:13.701+0000][gc,phases     ] GC(110)   Evacuate Collection Set: 14.1ms
[2025-10-31T21:01:13.701+0000][gc,phases     ] GC(110)   Post Evacuate Collection Set: 1.0ms
[2025-10-31T21:01:13.701+0000][gc,phases     ] GC(110)   Other: 1.1ms
[2025-10-31T21:01:13.701+0000][gc,heap       ] GC(110) Eden regions: 22->0(26)
[2025-10-31T21:01:13.702+0000][gc,heap       ] GC(110) Survivor regions: 3->2(4)
[2025-10-31T21:01:13.702+0000][gc,heap       ] GC(110) Old regions: 55->56
[2025-10-31T21:01:13.702+0000][gc,heap       ] GC(110) Humongous regions: 147->147
[2025-10-31T21:01:13.703+0000][gc,metaspace  ] GC(110) Metaspace: 52780K(56112K)->52780K(56112K) NonClass: 46934K(48816K)->46934K(48816K) Class: 5845K(7296K)->5845K(7296K)
[2025-10-31T21:01:13.703+0000][gc            ] GC(110) Pause Young (Mixed) (G1 Evacuation Pause) 226M->204M(512M) 18.431ms
[2025-10-31T21:01:13.703+0000][gc,cpu        ] GC(110) User=0.03s Sys=0.00s Real=0.01s
[2025-10-31T21:01:51.535+0000][gc,start      ] GC(111) Pause Young (Concurrent Start) (G1 Evacuation Pause)
[2025-10-31T21:01:51.535+0000][gc,task       ] GC(111) Using 2 workers of 2 for evacuation
[2025-10-31T21:01:51.545+0000][gc,phases     ] GC(111)   Pre Evacuate Collection Set: 0.2ms
[2025-10-31T21:01:51.545+0000][gc,phases     ] GC(111)   Evacuate Collection Set: 8.6ms
[2025-10-31T21:01:51.545+0000][gc,phases     ] GC(111)   Post Evacuate Collection Set: 0.6ms
[2025-10-31T21:01:51.545+0000][gc,phases     ] GC(111)   Other: 0.7ms
[2025-10-31T21:01:51.546+0000][gc,heap       ] GC(111) Eden regions: 26->0(25)
[2025-10-31T21:01:51.546+0000][gc,heap       ] GC(111) Survivor regions: 2->4(4)
[2025-10-31T21:01:51.546+0000][gc,heap       ] GC(111) Old regions: 56->56
[2025-10-31T21:01:51.546+0000][gc,heap       ] GC(111) Humongous regions: 147->147
[2025-10-31T21:01:51.546+0000][gc,metaspace  ] GC(111) Metaspace: 52781K(56112K)->52781K(56112K) NonClass: 46935K(48816K)->46935K(48816K) Class: 5845K(7296K)->5845K(7296K)
[2025-10-31T21:01:51.547+0000][gc            ] GC(111) Pause Young (Concurrent Start) (G1 Evacuation Pause) 230M->206M(512M) 11.771ms
[2025-10-31T21:01:51.547+0000][gc,cpu        ] GC(111) User=0.02s Sys=0.00s Real=0.01s
[2025-10-31T21:01:51.547+0000][gc            ] GC(112) Concurrent Cycle
[2025-10-31T21:01:51.547+0000][gc,marking    ] GC(112) Concurrent Clear Claimed Marks
[2025-10-31T21:01:51.548+0000][gc,marking    ] GC(112) Concurrent Clear Claimed Marks 0.434ms
[2025-10-31T21:01:51.548+0000][gc,marking    ] GC(112) Concurrent Scan Root Regions
[2025-10-31T21:01:51.553+0000][gc,marking    ] GC(112) Concurrent Scan Root Regions 4.740ms
[2025-10-31T21:01:51.553+0000][gc,marking    ] GC(112) Concurrent Mark (4152.302s)
[2025-10-31T21:01:51.553+0000][gc,marking    ] GC(112) Concurrent Mark From Roots
[2025-10-31T21:01:51.554+0000][gc,task       ] GC(112) Using 1 workers of 1 for marking
[2025-10-31T21:01:51.593+0000][gc,marking    ] GC(112) Concurrent Mark From Roots 39.183ms
[2025-10-31T21:01:51.593+0000][gc,marking    ] GC(112) Concurrent Preclean
[2025-10-31T21:01:51.594+0000][gc,marking    ] GC(112) Concurrent Preclean 0.711ms
[2025-10-31T21:01:51.594+0000][gc,marking    ] GC(112) Concurrent Mark (4152.302s, 4152.343s) 40.731ms
[2025-10-31T21:01:51.594+0000][gc,start      ] GC(112) Pause Remark
[2025-10-31T21:01:51.606+0000][gc,stringtable] GC(112) Cleaned string and symbol table, strings: 16997 processed, 0 removed, symbols: 123688 processed, 0 removed
[2025-10-31T21:01:51.607+0000][gc            ] GC(112) Pause Remark 208M->208M(512M) 12.258ms
[2025-10-31T21:01:51.607+0000][gc,cpu        ] GC(112) User=0.02s Sys=0.00s Real=0.01s
[2025-10-31T21:01:51.607+0000][gc,marking    ] GC(112) Concurrent Rebuild Remembered Sets
[2025-10-31T21:01:51.632+0000][gc,marking    ] GC(112) Concurrent Rebuild Remembered Sets 24.937ms
[2025-10-31T21:01:51.633+0000][gc,start      ] GC(112) Pause Cleanup
[2025-10-31T21:01:51.633+0000][gc            ] GC(112) Pause Cleanup 209M->209M(512M) 0.493ms
[2025-10-31T21:01:51.634+0000][gc,cpu        ] GC(112) User=0.00s Sys=0.00s Real=0.00s
[2025-10-31T21:01:51.634+0000][gc,marking    ] GC(112) Concurrent Cleanup for Next Mark
[2025-10-31T21:01:51.635+0000][gc,marking    ] GC(112) Concurrent Cleanup for Next Mark 0.793ms
[2025-10-31T21:01:51.635+0000][gc            ] GC(112) Concurrent Cycle 87.873ms
[2025-10-31T21:01:57.034+0000][gc,start      ] GC(113) Pause Young (Prepare Mixed) (G1 Evacuation Pause)
[2025-10-31T21:01:57.035+0000][gc,task       ] GC(113) Using 2 workers of 2 for evacuation
[2025-10-31T21:01:57.048+0000][gc,phases     ] GC(113)   Pre Evacuate Collection Set: 0.0ms
[2025-10-31T21:01:57.048+0000][gc,phases     ] GC(113)   Evacuate Collection Set: 11.8ms
[2025-10-31T21:01:57.048+0000][gc,phases     ] GC(113)   Post Evacuate Collection Set: 0.7ms
[2025-10-31T21:01:57.049+0000][gc,phases     ] GC(113)   Other: 1.0ms
[2025-10-31T21:01:57.049+0000][gc,heap       ] GC(113) Eden regions: 25->0(23)
[2025-10-31T21:01:57.049+0000][gc,heap       ] GC(113) Survivor regions: 4->2(4)
[2025-10-31T21:01:57.049+0000][gc,heap       ] GC(113) Old regions: 56->59
[2025-10-31T21:01:57.049+0000][gc,heap       ] GC(113) Humongous regions: 147->147
[2025-10-31T21:01:57.050+0000][gc,metaspace  ] GC(113) Metaspace: 52781K(56112K)->52781K(56112K) NonClass: 46935K(48816K)->46935K(48816K) Class: 5845K(7296K)->5845K(7296K)
[2025-10-31T21:01:57.050+0000][gc            ] GC(113) Pause Young (Prepare Mixed) (G1 Evacuation Pause) 231M->206M(512M) 15.370ms
[2025-10-31T21:01:57.050+0000][gc,cpu        ] GC(113) User=0.03s Sys=0.00s Real=0.01s
[2025-10-31T21:02:00.899+0000][gc,start      ] GC(114) Pause Young (Mixed) (G1 Evacuation Pause)
[2025-10-31T21:02:00.899+0000][gc,task       ] GC(114) Using 2 workers of 2 for evacuation
[2025-10-31T21:02:00.908+0000][gc,phases     ] GC(114)   Pre Evacuate Collection Set: 0.0ms
[2025-10-31T21:02:00.908+0000][gc,phases     ] GC(114)   Evacuate Collection Set: 7.9ms
[2025-10-31T21:02:00.909+0000][gc,phases     ] GC(114)   Post Evacuate Collection Set: 0.8ms
[2025-10-31T21:02:00.909+0000][gc,phases     ] GC(114)   Other: 0.8ms
[2025-10-31T21:02:00.909+0000][gc,heap       ] GC(114) Eden regions: 23->0(31)
[2025-10-31T21:02:00.909+0000][gc,heap       ] GC(114) Survivor regions: 2->2(4)
[2025-10-31T21:02:00.910+0000][gc,heap       ] GC(114) Old regions: 59->50
[2025-10-31T21:02:00.910+0000][gc,heap       ] GC(114) Humongous regions: 147->147
[2025-10-31T21:02:00.910+0000][gc,metaspace  ] GC(114) Metaspace: 52781K(56112K)->52781K(56112K) NonClass: 46935K(48816K)->46935K(48816K) Class: 5845K(7296K)->5845K(7296K)
[2025-10-31T21:02:00.910+0000][gc            ] GC(114) Pause Young (Mixed) (G1 Evacuation Pause) 229M->198M(512M) 11.460ms
[2025-10-31T21:02:00.911+0000][gc,cpu        ] GC(114) User=0.02s Sys=0.00s Real=0.01s
[2025-10-31T21:02:27.210+0000][gc,start      ] GC(115) Pause Young (Concurrent Start) (G1 Evacuation Pause)
[2025-10-31T21:02:27.210+0000][gc,task       ] GC(115) Using 2 workers of 2 for evacuation
[2025-10-31T21:02:27.221+0000][gc,phases     ] GC(115)   Pre Evacuate Collection Set: 0.2ms
[2025-10-31T21:02:27.222+0000][gc,phases     ] GC(115)   Evacuate Collection Set: 9.8ms
[2025-10-31T21:02:27.222+0000][gc,phases     ] GC(115)   Post Evacuate Collection Set: 1.1ms
[2025-10-31T21:02:27.222+0000][gc,phases     ] GC(115)   Other: 0.7ms
[2025-10-31T21:02:27.223+0000][gc,heap       ] GC(115) Eden regions: 28->0(31)
[2025-10-31T21:02:27.223+0000][gc,heap       ] GC(115) Survivor regions: 2->4(4)
[2025-10-31T21:02:27.223+0000][gc,heap       ] GC(115) Old regions: 50->50
[2025-10-31T21:02:27.224+0000][gc,heap       ] GC(115) Humongous regions: 147->147
[2025-10-31T21:02:27.224+0000][gc,metaspace  ] GC(115) Metaspace: 52781K(56112K)->52781K(56112K) NonClass: 46935K(48816K)->46935K(48816K) Class: 5845K(7296K)->5845K(7296K)
[2025-10-31T21:02:27.224+0000][gc            ] GC(115) Pause Young (Concurrent Start) (G1 Evacuation Pause) 226M->200M(512M) 14.729ms
[2025-10-31T21:02:27.225+0000][gc,cpu        ] GC(115) User=0.02s Sys=0.00s Real=0.01s
[2025-10-31T21:02:27.225+0000][gc            ] GC(116) Concurrent Cycle
[2025-10-31T21:02:27.226+0000][gc,marking    ] GC(116) Concurrent Clear Claimed Marks
[2025-10-31T21:02:27.227+0000][gc,marking    ] GC(116) Concurrent Clear Claimed Marks 1.159ms
[2025-10-31T21:02:27.228+0000][gc,marking    ] GC(116) Concurrent Scan Root Regions
[2025-10-31T21:02:27.235+0000][gc,marking    ] GC(116) Concurrent Scan Root Regions 6.913ms
[2025-10-31T21:02:27.235+0000][gc,marking    ] GC(116) Concurrent Mark (4187.984s)
[2025-10-31T21:02:27.235+0000][gc,marking    ] GC(116) Concurrent Mark From Roots
[2025-10-31T21:02:27.236+0000][gc,task       ] GC(116) Using 1 workers of 1 for marking
[2025-10-31T21:02:27.278+0000][gc,marking    ] GC(116) Concurrent Mark From Roots 42.727ms
[2025-10-31T21:02:27.278+0000][gc,marking    ] GC(116) Concurrent Preclean
[2025-10-31T21:02:27.279+0000][gc,marking    ] GC(116) Concurrent Preclean 0.365ms
[2025-10-31T21:02:27.279+0000][gc,marking    ] GC(116) Concurrent Mark (4187.984s, 4188.028s) 43.734ms
[2025-10-31T21:02:27.279+0000][gc,start      ] GC(116) Pause Remark
[2025-10-31T21:02:27.288+0000][gc,stringtable] GC(116) Cleaned string and symbol table, strings: 16997 processed, 0 removed, symbols: 123688 processed, 0 removed
[2025-10-31T21:02:27.288+0000][gc            ] GC(116) Pause Remark 200M->200M(512M) 8.942ms
[2025-10-31T21:02:27.288+0000][gc,cpu        ] GC(116) User=0.02s Sys=0.00s Real=0.01s
[2025-10-31T21:02:27.289+0000][gc,marking    ] GC(116) Concurrent Rebuild Remembered Sets
[2025-10-31T21:02:27.307+0000][gc,marking    ] GC(116) Concurrent Rebuild Remembered Sets 18.923ms
[2025-10-31T21:02:27.308+0000][gc,start      ] GC(116) Pause Cleanup
[2025-10-31T21:02:27.308+0000][gc            ] GC(116) Pause Cleanup 200M->200M(512M) 0.326ms
[2025-10-31T21:02:27.308+0000][gc,cpu        ] GC(116) User=0.00s Sys=0.00s Real=0.00s
[2025-10-31T21:02:27.309+0000][gc,marking    ] GC(116) Concurrent Cleanup for Next Mark
[2025-10-31T21:02:27.309+0000][gc,marking    ] GC(116) Concurrent Cleanup for Next Mark 0.614ms
[2025-10-31T21:02:27.309+0000][gc            ] GC(116) Concurrent Cycle 84.160ms
[2025-10-31T21:02:47.217+0000][gc,start      ] GC(117) Pause Young (Prepare Mixed) (G1 Evacuation Pause)
[2025-10-31T21:02:47.217+0000][gc,task       ] GC(117) Using 2 workers of 2 for evacuation
[2025-10-31T21:02:47.229+0000][gc,phases     ] GC(117)   Pre Evacuate Collection Set: 0.0ms
[2025-10-31T21:02:47.230+0000][gc,phases     ] GC(117)   Evacuate Collection Set: 10.7ms
[2025-10-31T21:02:47.230+0000][gc,phases     ] GC(117)   Post Evacuate Collection Set: 1.2ms
[2025-10-31T21:02:47.230+0000][gc,phases     ] GC(117)   Other: 0.8ms
[2025-10-31T21:02:47.230+0000][gc,heap       ] GC(117) Eden regions: 31->0(21)
[2025-10-31T21:02:47.231+0000][gc,heap       ] GC(117) Survivor regions: 4->4(5)
[2025-10-31T21:02:47.231+0000][gc,heap       ] GC(117) Old regions: 50->51
[2025-10-31T21:02:47.231+0000][gc,heap       ] GC(117) Humongous regions: 147->147
[2025-10-31T21:02:47.231+0000][gc,metaspace  ] GC(117) Metaspace: 52796K(56112K)->52796K(56112K) NonClass: 46950K(48816K)->46950K(48816K) Class: 5845K(7296K)->5845K(7296K)
[2025-10-31T21:02:47.231+0000][gc            ] GC(117) Pause Young (Prepare Mixed) (G1 Evacuation Pause) 231M->201M(512M) 14.686ms
[2025-10-31T21:02:47.232+0000][gc,cpu        ] GC(117) User=0.03s Sys=0.00s Real=0.01s
[2025-10-31T21:02:50.467+0000][gc,start      ] GC(118) Pause Young (Mixed) (G1 Evacuation Pause)
[2025-10-31T21:02:50.467+0000][gc,task       ] GC(118) Using 2 workers of 2 for evacuation
[2025-10-31T21:02:50.478+0000][gc,phases     ] GC(118)   Pre Evacuate Collection Set: 0.0ms
[2025-10-31T21:02:50.478+0000][gc,phases     ] GC(118)   Evacuate Collection Set: 9.8ms
[2025-10-31T21:02:50.478+0000][gc,phases     ] GC(118)   Post Evacuate Collection Set: 0.7ms
[2025-10-31T21:02:50.478+0000][gc,phases     ] GC(118)   Other: 0.5ms
[2025-10-31T21:02:50.478+0000][gc,heap       ] GC(118) Eden regions: 21->0(36)
[2025-10-31T21:02:50.478+0000][gc,heap       ] GC(118) Survivor regions: 4->3(4)
[2025-10-31T21:02:50.479+0000][gc,heap       ] GC(118) Old regions: 51->50
[2025-10-31T21:02:50.479+0000][gc,heap       ] GC(118) Humongous regions: 147->147
[2025-10-31T21:02:50.479+0000][gc,metaspace  ] GC(118) Metaspace: 52796K(56112K)->52796K(56112K) NonClass: 46950K(48816K)->46950K(48816K) Class: 5845K(7296K)->5845K(7296K)
[2025-10-31T21:02:50.479+0000][gc            ] GC(118) Pause Young (Mixed) (G1 Evacuation Pause) 222M->199M(512M) 12.619ms
[2025-10-31T21:02:50.479+0000][gc,cpu        ] GC(118) User=0.02s Sys=0.00s Real=0.01s
[2025-10-31T21:03:12.068+0000][gc,start      ] GC(119) Pause Young (Concurrent Start) (G1 Evacuation Pause)
[2025-10-31T21:03:12.069+0000][gc,task       ] GC(119) Using 2 workers of 2 for evacuation
[2025-10-31T21:03:12.087+0000][gc,phases     ] GC(119)   Pre Evacuate Collection Set: 0.2ms
[2025-10-31T21:03:12.087+0000][gc,phases     ] GC(119)   Evacuate Collection Set: 16.6ms
[2025-10-31T21:03:12.088+0000][gc,phases     ] GC(119)   Post Evacuate Collection Set: 0.9ms
[2025-10-31T21:03:12.088+0000][gc,phases     ] GC(119)   Other: 1.0ms
[2025-10-31T21:03:12.088+0000][gc,heap       ] GC(119) Eden regions: 31->0(31)
[2025-10-31T21:03:12.088+0000][gc,heap       ] GC(119) Survivor regions: 3->4(5)
[2025-10-31T21:03:12.089+0000][gc,heap       ] GC(119) Old regions: 50->50
[2025-10-31T21:03:12.089+0000][gc,heap       ] GC(119) Humongous regions: 147->147
[2025-10-31T21:03:12.089+0000][gc,metaspace  ] GC(119) Metaspace: 52796K(56112K)->52796K(56112K) NonClass: 46950K(48816K)->46950K(48816K) Class: 5845K(7296K)->5845K(7296K)
[2025-10-31T21:03:12.090+0000][gc            ] GC(119) Pause Young (Concurrent Start) (G1 Evacuation Pause) 230M->200M(512M) 21.440ms
[2025-10-31T21:03:12.090+0000][gc,cpu        ] GC(119) User=0.03s Sys=0.00s Real=0.02s
[2025-10-31T21:03:12.091+0000][gc            ] GC(120) Concurrent Cycle
[2025-10-31T21:03:12.091+0000][gc,marking    ] GC(120) Concurrent Clear Claimed Marks
[2025-10-31T21:03:12.092+0000][gc,marking    ] GC(120) Concurrent Clear Claimed Marks 0.798ms
[2025-10-31T21:03:12.093+0000][gc,marking    ] GC(120) Concurrent Scan Root Regions
[2025-10-31T21:03:12.101+0000][gc,marking    ] GC(120) Concurrent Scan Root Regions 8.182ms
[2025-10-31T21:03:12.101+0000][gc,marking    ] GC(120) Concurrent Mark (4232.851s)
[2025-10-31T21:03:12.101+0000][gc,marking    ] GC(120) Concurrent Mark From Roots
[2025-10-31T21:03:12.102+0000][gc,task       ] GC(120) Using 1 workers of 1 for marking
[2025-10-31T21:03:12.150+0000][gc,marking    ] GC(120) Concurrent Mark From Roots 48.868ms
[2025-10-31T21:03:12.151+0000][gc,marking    ] GC(120) Concurrent Preclean
[2025-10-31T21:03:12.151+0000][gc,marking    ] GC(120) Concurrent Preclean 0.511ms
[2025-10-31T21:03:12.151+0000][gc,marking    ] GC(120) Concurrent Mark (4232.851s, 4232.901s) 50.216ms
[2025-10-31T21:03:12.152+0000][gc,start      ] GC(120) Pause Remark
[2025-10-31T21:03:12.164+0000][gc,stringtable] GC(120) Cleaned string and symbol table, strings: 16998 processed, 0 removed, symbols: 123688 processed, 0 removed
[2025-10-31T21:03:12.165+0000][gc            ] GC(120) Pause Remark 200M->200M(512M) 13.174ms
[2025-10-31T21:03:12.165+0000][gc,cpu        ] GC(120) User=0.02s Sys=0.00s Real=0.02s
[2025-10-31T21:03:12.166+0000][gc,marking    ] GC(120) Concurrent Rebuild Remembered Sets
[2025-10-31T21:03:12.191+0000][gc,marking    ] GC(120) Concurrent Rebuild Remembered Sets 24.718ms
[2025-10-31T21:03:12.191+0000][gc,start      ] GC(120) Pause Cleanup
[2025-10-31T21:03:12.192+0000][gc            ] GC(120) Pause Cleanup 200M->200M(512M) 0.622ms
[2025-10-31T21:03:12.192+0000][gc,cpu        ] GC(120) User=0.00s Sys=0.00s Real=0.00s
[2025-10-31T21:03:12.192+0000][gc,marking    ] GC(120) Concurrent Cleanup for Next Mark
[2025-10-31T21:03:12.193+0000][gc,marking    ] GC(120) Concurrent Cleanup for Next Mark 0.727ms
[2025-10-31T21:03:12.193+0000][gc            ] GC(120) Concurrent Cycle 102.863ms
[2025-10-31T21:03:58.881+0000][gc,start      ] GC(121) Pause Young (Prepare Mixed) (G1 Evacuation Pause)
[2025-10-31T21:03:58.882+0000][gc,task       ] GC(121) Using 2 workers of 2 for evacuation
[2025-10-31T21:03:58.894+0000][gc,phases     ] GC(121)   Pre Evacuate Collection Set: 0.0ms
[2025-10-31T21:03:58.895+0000][gc,phases     ] GC(121)   Evacuate Collection Set: 11.6ms
[2025-10-31T21:03:58.895+0000][gc,phases     ] GC(121)   Post Evacuate Collection Set: 0.6ms
[2025-10-31T21:03:58.895+0000][gc,phases     ] GC(121)   Other: 0.8ms
[2025-10-31T21:03:58.895+0000][gc,heap       ] GC(121) Eden regions: 27->0(21)
[2025-10-31T21:03:58.895+0000][gc,heap       ] GC(121) Survivor regions: 4->4(4)
[2025-10-31T21:03:58.895+0000][gc,heap       ] GC(121) Old regions: 50->51
[2025-10-31T21:03:58.895+0000][gc,heap       ] GC(121) Humongous regions: 147->147
[2025-10-31T21:03:58.896+0000][gc,metaspace  ] GC(121) Metaspace: 52803K(56112K)->52803K(56112K) NonClass: 46957K(48816K)->46957K(48816K) Class: 5845K(7296K)->5845K(7296K)
[2025-10-31T21:03:58.896+0000][gc            ] GC(121) Pause Young (Prepare Mixed) (G1 Evacuation Pause) 227M->201M(512M) 14.342ms
[2025-10-31T21:03:58.896+0000][gc,cpu        ] GC(121) User=0.02s Sys=0.00s Real=0.02s
[2025-10-31T21:04:03.772+0000][gc,start      ] GC(122) Pause Young (Mixed) (G1 Evacuation Pause)
[2025-10-31T21:04:03.772+0000][gc,task       ] GC(122) Using 2 workers of 2 for evacuation
[2025-10-31T21:04:03.784+0000][gc,phases     ] GC(122)   Pre Evacuate Collection Set: 0.0ms
[2025-10-31T21:04:03.784+0000][gc,phases     ] GC(122)   Evacuate Collection Set: 10.3ms
[2025-10-31T21:04:03.784+0000][gc,phases     ] GC(122)   Post Evacuate Collection Set: 0.7ms
[2025-10-31T21:04:03.784+0000][gc,phases     ] GC(122)   Other: 0.5ms
[2025-10-31T21:04:03.784+0000][gc,heap       ] GC(122) Eden regions: 21->0(38)
[2025-10-31T21:04:03.784+0000][gc,heap       ] GC(122) Survivor regions: 4->3(4)
[2025-10-31T21:04:03.784+0000][gc,heap       ] GC(122) Old regions: 51->50
[2025-10-31T21:04:03.785+0000][gc,heap       ] GC(122) Humongous regions: 147->147
[2025-10-31T21:04:03.785+0000][gc,metaspace  ] GC(122) Metaspace: 52808K(56112K)->52808K(56112K) NonClass: 46962K(48816K)->46962K(48816K) Class: 5845K(7296K)->5845K(7296K)
[2025-10-31T21:04:03.785+0000][gc            ] GC(122) Pause Young (Mixed) (G1 Evacuation Pause) 222M->199M(512M) 12.861ms
[2025-10-31T21:04:03.785+0000][gc,cpu        ] GC(122) User=0.02s Sys=0.00s Real=0.02s
[2025-10-31T21:04:16.499+0000][gc,start      ] GC(123) Pause Young (Concurrent Start) (G1 Evacuation Pause)
[2025-10-31T21:04:16.499+0000][gc,task       ] GC(123) Using 2 workers of 2 for evacuation
[2025-10-31T21:04:16.510+0000][gc,phases     ] GC(123)   Pre Evacuate Collection Set: 0.3ms
[2025-10-31T21:04:16.510+0000][gc,phases     ] GC(123)   Evacuate Collection Set: 9.6ms
[2025-10-31T21:04:16.510+0000][gc,phases     ] GC(123)   Post Evacuate Collection Set: 0.6ms
[2025-10-31T21:04:16.510+0000][gc,phases     ] GC(123)   Other: 0.6ms
[2025-10-31T21:04:16.511+0000][gc,heap       ] GC(123) Eden regions: 30->0(38)
[2025-10-31T21:04:16.511+0000][gc,heap       ] GC(123) Survivor regions: 3->4(5)
[2025-10-31T21:04:16.511+0000][gc,heap       ] GC(123) Old regions: 50->50
[2025-10-31T21:04:16.511+0000][gc,heap       ] GC(123) Humongous regions: 147->147
[2025-10-31T21:04:16.511+0000][gc,metaspace  ] GC(123) Metaspace: 52808K(56112K)->52808K(56112K) NonClass: 46962K(48816K)->46962K(48816K) Class: 5845K(7296K)->5845K(7296K)
[2025-10-31T21:04:16.511+0000][gc            ] GC(123) Pause Young (Concurrent Start) (G1 Evacuation Pause) 229M->200M(512M) 12.677ms
[2025-10-31T21:04:16.511+0000][gc,cpu        ] GC(123) User=0.03s Sys=0.00s Real=0.01s
[2025-10-31T21:04:16.512+0000][gc            ] GC(124) Concurrent Cycle
[2025-10-31T21:04:16.512+0000][gc,marking    ] GC(124) Concurrent Clear Claimed Marks
[2025-10-31T21:04:16.512+0000][gc,marking    ] GC(124) Concurrent Clear Claimed Marks 0.463ms
[2025-10-31T21:04:16.513+0000][gc,marking    ] GC(124) Concurrent Scan Root Regions
[2025-10-31T21:04:16.518+0000][gc,marking    ] GC(124) Concurrent Scan Root Regions 4.979ms
[2025-10-31T21:04:16.518+0000][gc,marking    ] GC(124) Concurrent Mark (4297.268s)
[2025-10-31T21:04:16.518+0000][gc,marking    ] GC(124) Concurrent Mark From Roots
[2025-10-31T21:04:16.518+0000][gc,task       ] GC(124) Using 1 workers of 1 for marking
[2025-10-31T21:04:16.551+0000][gc,marking    ] GC(124) Concurrent Mark From Roots 33.103ms
[2025-10-31T21:04:16.551+0000][gc,marking    ] GC(124) Concurrent Preclean
[2025-10-31T21:04:16.552+0000][gc,marking    ] GC(124) Concurrent Preclean 0.295ms
[2025-10-31T21:04:16.552+0000][gc,marking    ] GC(124) Concurrent Mark (4297.268s, 4297.302s) 33.862ms
[2025-10-31T21:04:16.552+0000][gc,start      ] GC(124) Pause Remark
[2025-10-31T21:04:16.561+0000][gc,stringtable] GC(124) Cleaned string and symbol table, strings: 17003 processed, 5 removed, symbols: 123688 processed, 0 removed
[2025-10-31T21:04:16.562+0000][gc            ] GC(124) Pause Remark 200M->200M(512M) 9.729ms
[2025-10-31T21:04:16.562+0000][gc,cpu        ] GC(124) User=0.02s Sys=0.00s Real=0.01s
[2025-10-31T21:04:16.563+0000][gc,marking    ] GC(124) Concurrent Rebuild Remembered Sets
[2025-10-31T21:04:16.585+0000][gc,marking    ] GC(124) Concurrent Rebuild Remembered Sets 22.418ms
[2025-10-31T21:04:16.586+0000][gc,start      ] GC(124) Pause Cleanup
[2025-10-31T21:04:16.586+0000][gc            ] GC(124) Pause Cleanup 200M->200M(512M) 0.386ms
[2025-10-31T21:04:16.586+0000][gc,cpu        ] GC(124) User=0.00s Sys=0.00s Real=0.00s
[2025-10-31T21:04:16.586+0000][gc,marking    ] GC(124) Concurrent Cleanup for Next Mark
[2025-10-31T21:04:16.587+0000][gc,marking    ] GC(124) Concurrent Cleanup for Next Mark 0.643ms
[2025-10-31T21:04:16.587+0000][gc            ] GC(124) Concurrent Cycle 75.512ms
[2025-10-31T21:04:46.695+0000][gc,start      ] GC(125) Pause Young (Prepare Mixed) (G1 Evacuation Pause)
[2025-10-31T21:04:46.696+0000][gc,task       ] GC(125) Using 2 workers of 2 for evacuation
[2025-10-31T21:04:46.709+0000][gc,phases     ] GC(125)   Pre Evacuate Collection Set: 0.0ms
[2025-10-31T21:04:46.709+0000][gc,phases     ] GC(125)   Evacuate Collection Set: 12.6ms
[2025-10-31T21:04:46.709+0000][gc,phases     ] GC(125)   Post Evacuate Collection Set: 0.6ms
[2025-10-31T21:04:46.710+0000][gc,phases     ] GC(125)   Other: 0.6ms
[2025-10-31T21:04:46.710+0000][gc,heap       ] GC(125) Eden regions: 33->0(21)
[2025-10-31T21:04:46.710+0000][gc,heap       ] GC(125) Survivor regions: 4->4(5)
[2025-10-31T21:04:46.710+0000][gc,heap       ] GC(125) Old regions: 50->52
[2025-10-31T21:04:46.710+0000][gc,heap       ] GC(125) Humongous regions: 147->147
[2025-10-31T21:04:46.710+0000][gc,metaspace  ] GC(125) Metaspace: 52815K(56112K)->52815K(56112K) NonClass: 46969K(48816K)->46969K(48816K) Class: 5845K(7296K)->5845K(7296K)
[2025-10-31T21:04:46.711+0000][gc            ] GC(125) Pause Young (Prepare Mixed) (G1 Evacuation Pause) 233M->201M(512M) 15.150ms
[2025-10-31T21:04:46.711+0000][gc,cpu        ] GC(125) User=0.03s Sys=0.00s Real=0.01s
[2025-10-31T21:04:53.002+0000][gc,start      ] GC(126) Pause Young (Mixed) (G1 Evacuation Pause)
[2025-10-31T21:04:53.002+0000][gc,task       ] GC(126) Using 2 workers of 2 for evacuation
[2025-10-31T21:04:53.016+0000][gc,phases     ] GC(126)   Pre Evacuate Collection Set: 0.0ms
[2025-10-31T21:04:53.016+0000][gc,phases     ] GC(126)   Evacuate Collection Set: 12.2ms
[2025-10-31T21:04:53.016+0000][gc,phases     ] GC(126)   Post Evacuate Collection Set: 0.9ms
[2025-10-31T21:04:53.017+0000][gc,phases     ] GC(126)   Other: 0.5ms
[2025-10-31T21:04:53.017+0000][gc,heap       ] GC(126) Eden regions: 21->0(45)
[2025-10-31T21:04:53.017+0000][gc,heap       ] GC(126) Survivor regions: 4->3(4)
[2025-10-31T21:04:53.017+0000][gc,heap       ] GC(126) Old regions: 52->50
[2025-10-31T21:04:53.017+0000][gc,heap       ] GC(126) Humongous regions: 147->147
[2025-10-31T21:04:53.017+0000][gc,metaspace  ] GC(126) Metaspace: 52815K(56112K)->52815K(56112K) NonClass: 46969K(48816K)->46969K(48816K) Class: 5845K(7296K)->5845K(7296K)
[2025-10-31T21:04:53.018+0000][gc            ] GC(126) Pause Young (Mixed) (G1 Evacuation Pause) 222M->199M(512M) 15.255ms
[2025-10-31T21:04:53.018+0000][gc,cpu        ] GC(126) User=0.02s Sys=0.00s Real=0.02s
[2025-10-31T21:05:48.348+0000][gc,start      ] GC(127) Pause Young (Concurrent Start) (G1 Evacuation Pause)
[2025-10-31T21:05:48.348+0000][gc,task       ] GC(127) Using 2 workers of 2 for evacuation
[2025-10-31T21:05:48.362+0000][gc,phases     ] GC(127)   Pre Evacuate Collection Set: 0.4ms
[2025-10-31T21:05:48.365+0000][gc,phases     ] GC(127)   Evacuate Collection Set: 11.9ms
[2025-10-31T21:05:48.365+0000][gc,phases     ] GC(127)   Post Evacuate Collection Set: 0.7ms
[2025-10-31T21:05:48.366+0000][gc,phases     ] GC(127)   Other: 1.1ms
[2025-10-31T21:05:48.366+0000][gc,heap       ] GC(127) Eden regions: 34->0(44)
[2025-10-31T21:05:48.366+0000][gc,heap       ] GC(127) Survivor regions: 3->5(5)
[2025-10-31T21:05:48.366+0000][gc,heap       ] GC(127) Old regions: 50->50
[2025-10-31T21:05:48.367+0000][gc,heap       ] GC(127) Humongous regions: 147->147
[2025-10-31T21:05:48.367+0000][gc,metaspace  ] GC(127) Metaspace: 52815K(56112K)->52815K(56112K) NonClass: 46969K(48816K)->46969K(48816K) Class: 5845K(7296K)->5845K(7296K)
[2025-10-31T21:05:48.367+0000][gc            ] GC(127) Pause Young (Concurrent Start) (G1 Evacuation Pause) 233M->201M(512M) 19.203ms
[2025-10-31T21:05:48.367+0000][gc,cpu        ] GC(127) User=0.03s Sys=0.00s Real=0.02s
[2025-10-31T21:05:48.368+0000][gc            ] GC(128) Concurrent Cycle
[2025-10-31T21:05:48.368+0000][gc,marking    ] GC(128) Concurrent Clear Claimed Marks
[2025-10-31T21:05:48.368+0000][gc,marking    ] GC(128) Concurrent Clear Claimed Marks 0.621ms
[2025-10-31T21:05:48.369+0000][gc,marking    ] GC(128) Concurrent Scan Root Regions
[2025-10-31T21:05:48.375+0000][gc,marking    ] GC(128) Concurrent Scan Root Regions 6.074ms
[2025-10-31T21:05:48.375+0000][gc,marking    ] GC(128) Concurrent Mark (4389.123s)
[2025-10-31T21:05:48.375+0000][gc,marking    ] GC(128) Concurrent Mark From Roots
[2025-10-31T21:05:48.375+0000][gc,task       ] GC(128) Using 1 workers of 1 for marking
[2025-10-31T21:05:48.418+0000][gc,marking    ] GC(128) Concurrent Mark From Roots 43.048ms
[2025-10-31T21:05:48.418+0000][gc,marking    ] GC(128) Concurrent Preclean
[2025-10-31T21:05:48.419+0000][gc,marking    ] GC(128) Concurrent Preclean 0.322ms
[2025-10-31T21:05:48.419+0000][gc,marking    ] GC(128) Concurrent Mark (4389.123s, 4389.167s) 43.890ms
[2025-10-31T21:05:48.419+0000][gc,start      ] GC(128) Pause Remark
[2025-10-31T21:05:48.428+0000][gc,stringtable] GC(128) Cleaned string and symbol table, strings: 17000 processed, 0 removed, symbols: 123688 processed, 0 removed
[2025-10-31T21:05:48.429+0000][gc            ] GC(128) Pause Remark 202M->202M(512M) 9.719ms
[2025-10-31T21:05:48.429+0000][gc,cpu        ] GC(128) User=0.02s Sys=0.00s Real=0.01s
[2025-10-31T21:05:48.429+0000][gc,marking    ] GC(128) Concurrent Rebuild Remembered Sets
[2025-10-31T21:05:48.451+0000][gc,marking    ] GC(128) Concurrent Rebuild Remembered Sets 21.981ms
[2025-10-31T21:05:48.452+0000][gc,start      ] GC(128) Pause Cleanup
[2025-10-31T21:05:48.452+0000][gc            ] GC(128) Pause Cleanup 202M->202M(512M) 0.374ms
[2025-10-31T21:05:48.452+0000][gc,cpu        ] GC(128) User=0.00s Sys=0.00s Real=0.00s
[2025-10-31T21:05:48.453+0000][gc,marking    ] GC(128) Concurrent Cleanup for Next Mark
[2025-10-31T21:05:48.453+0000][gc,marking    ] GC(128) Concurrent Cleanup for Next Mark 0.653ms
[2025-10-31T21:05:48.453+0000][gc            ] GC(128) Concurrent Cycle 85.826ms
[2025-10-31T21:07:06.592+0000][gc,start      ] GC(129) Pause Young (Prepare Mixed) (G1 Evacuation Pause)
[2025-10-31T21:07:06.594+0000][gc,task       ] GC(129) Using 2 workers of 2 for evacuation
[2025-10-31T21:07:06.630+0000][gc,mmu        ] GC(129) MMU target violated: 21.0ms (20.0ms/21.0ms)
[2025-10-31T21:07:06.630+0000][gc,phases     ] GC(129)   Pre Evacuate Collection Set: 0.0ms
[2025-10-31T21:07:06.630+0000][gc,phases     ] GC(129)   Evacuate Collection Set: 31.1ms
[2025-10-31T21:07:06.631+0000][gc,phases     ] GC(129)   Post Evacuate Collection Set: 3.4ms
[2025-10-31T21:07:06.633+0000][gc,phases     ] GC(129)   Other: 3.1ms
[2025-10-31T21:07:06.634+0000][gc,heap       ] GC(129) Eden regions: 44->0(18)
[2025-10-31T21:07:06.634+0000][gc,heap       ] GC(129) Survivor regions: 5->7(7)
[2025-10-31T21:07:06.635+0000][gc,heap       ] GC(129) Old regions: 50->52
[2025-10-31T21:07:06.635+0000][gc,heap       ] GC(129) Humongous regions: 147->147
[2025-10-31T21:07:06.635+0000][gc,metaspace  ] GC(129) Metaspace: 52819K(56112K)->52819K(56112K) NonClass: 46973K(48816K)->46973K(48816K) Class: 5845K(7296K)->5845K(7296K)
[2025-10-31T21:07:06.638+0000][gc            ] GC(129) Pause Young (Prepare Mixed) (G1 Evacuation Pause) 245M->205M(512M) 45.149ms
[2025-10-31T21:07:06.638+0000][gc,cpu        ] GC(129) User=0.06s Sys=0.00s Real=0.05s
[2025-10-31T21:07:33.945+0000][gc,start      ] GC(130) Pause Young (Mixed) (G1 Evacuation Pause)
[2025-10-31T21:07:33.946+0000][gc,task       ] GC(130) Using 2 workers of 2 for evacuation
[2025-10-31T21:07:33.984+0000][gc,mmu        ] GC(130) MMU target violated: 21.0ms (20.0ms/21.0ms)
[2025-10-31T21:07:33.985+0000][gc,phases     ] GC(130)   Pre Evacuate Collection Set: 0.1ms
[2025-10-31T21:07:33.987+0000][gc,phases     ] GC(130)   Evacuate Collection Set: 32.7ms
[2025-10-31T21:07:33.988+0000][gc,phases     ] GC(130)   Post Evacuate Collection Set: 1.3ms
[2025-10-31T21:07:33.988+0000][gc,phases     ] GC(130)   Other: 6.4ms
[2025-10-31T21:07:33.988+0000][gc,heap       ] GC(130) Eden regions: 18->0(27)
[2025-10-31T21:07:33.989+0000][gc,heap       ] GC(130) Survivor regions: 7->2(4)
[2025-10-31T21:07:33.989+0000][gc,heap       ] GC(130) Old regions: 52->53
[2025-10-31T21:07:33.990+0000][gc,heap       ] GC(130) Humongous regions: 147->147
[2025-10-31T21:07:33.990+0000][gc,metaspace  ] GC(130) Metaspace: 52819K(56112K)->52819K(56112K) NonClass: 46973K(48816K)->46973K(48816K) Class: 5845K(7296K)->5845K(7296K)
[2025-10-31T21:07:33.990+0000][gc            ] GC(130) Pause Young (Mixed) (G1 Evacuation Pause) 223M->201M(512M) 45.452ms
[2025-10-31T21:07:33.991+0000][gc,cpu        ] GC(130) User=0.07s Sys=0.00s Real=0.05s
[2025-10-31T21:07:52.273+0000][gc,start      ] GC(131) Pause Young (Concurrent Start) (G1 Evacuation Pause)
[2025-10-31T21:07:52.273+0000][gc,task       ] GC(131) Using 2 workers of 2 for evacuation
[2025-10-31T21:07:52.290+0000][gc,phases     ] GC(131)   Pre Evacuate Collection Set: 0.3ms
[2025-10-31T21:07:52.291+0000][gc,phases     ] GC(131)   Evacuate Collection Set: 14.8ms
[2025-10-31T21:07:52.291+0000][gc,phases     ] GC(131)   Post Evacuate Collection Set: 1.1ms
[2025-10-31T21:07:52.292+0000][gc,phases     ] GC(131)   Other: 1.8ms
[2025-10-31T21:07:52.292+0000][gc,heap       ] GC(131) Eden regions: 27->0(22)
[2025-10-31T21:07:52.292+0000][gc,heap       ] GC(131) Survivor regions: 2->3(4)
[2025-10-31T21:07:52.293+0000][gc,heap       ] GC(131) Old regions: 53->53
[2025-10-31T21:07:52.293+0000][gc,heap       ] GC(131) Humongous regions: 147->147
[2025-10-31T21:07:52.293+0000][gc,metaspace  ] GC(131) Metaspace: 52824K(56112K)->52824K(56112K) NonClass: 46978K(48816K)->46978K(48816K) Class: 5845K(7296K)->5845K(7296K)
[2025-10-31T21:07:52.293+0000][gc            ] GC(131) Pause Young (Concurrent Start) (G1 Evacuation Pause) 228M->202M(512M) 20.590ms
[2025-10-31T21:07:52.294+0000][gc,cpu        ] GC(131) User=0.03s Sys=0.00s Real=0.02s
[2025-10-31T21:07:52.294+0000][gc            ] GC(132) Concurrent Cycle
[2025-10-31T21:07:52.298+0000][gc,marking    ] GC(132) Concurrent Clear Claimed Marks
[2025-10-31T21:07:52.298+0000][gc,marking    ] GC(132) Concurrent Clear Claimed Marks 0.589ms
[2025-10-31T21:07:52.302+0000][gc,marking    ] GC(132) Concurrent Scan Root Regions
[2025-10-31T21:07:52.308+0000][gc,marking    ] GC(132) Concurrent Scan Root Regions 6.532ms
[2025-10-31T21:07:52.308+0000][gc,marking    ] GC(132) Concurrent Mark (4513.055s)
[2025-10-31T21:07:52.309+0000][gc,marking    ] GC(132) Concurrent Mark From Roots
[2025-10-31T21:07:52.309+0000][gc,task       ] GC(132) Using 1 workers of 1 for marking
[2025-10-31T21:07:52.375+0000][gc,marking    ] GC(132) Concurrent Mark From Roots 66.307ms
[2025-10-31T21:07:52.375+0000][gc,marking    ] GC(132) Concurrent Preclean
[2025-10-31T21:07:52.376+0000][gc,marking    ] GC(132) Concurrent Preclean 0.627ms
[2025-10-31T21:07:52.383+0000][gc,marking    ] GC(132) Concurrent Mark (4513.055s, 4513.130s) 74.484ms
[2025-10-31T21:07:52.388+0000][gc,start      ] GC(132) Pause Remark
[2025-10-31T21:07:52.412+0000][gc,stringtable] GC(132) Cleaned string and symbol table, strings: 17001 processed, 0 removed, symbols: 123688 processed, 0 removed
[2025-10-31T21:07:52.413+0000][gc,mmu        ] GC(132) MMU target violated: 21.0ms (20.0ms/21.0ms)
[2025-10-31T21:07:52.413+0000][gc            ] GC(132) Pause Remark 203M->203M(512M) 25.354ms
[2025-10-31T21:07:52.413+0000][gc,cpu        ] GC(132) User=0.04s Sys=0.00s Real=0.02s
[2025-10-31T21:07:52.414+0000][gc,marking    ] GC(132) Concurrent Rebuild Remembered Sets
[2025-10-31T21:07:52.476+0000][gc,marking    ] GC(132) Concurrent Rebuild Remembered Sets 62.667ms
[2025-10-31T21:07:52.477+0000][gc,start      ] GC(132) Pause Cleanup
[2025-10-31T21:07:52.490+0000][gc            ] GC(132) Pause Cleanup 203M->203M(512M) 12.676ms
[2025-10-31T21:07:52.490+0000][gc,cpu        ] GC(132) User=0.00s Sys=0.00s Real=0.01s
[2025-10-31T21:07:52.490+0000][gc,marking    ] GC(132) Concurrent Cleanup for Next Mark
[2025-10-31T21:07:52.492+0000][gc,marking    ] GC(132) Concurrent Cleanup for Next Mark 1.448ms
[2025-10-31T21:07:52.492+0000][gc            ] GC(132) Concurrent Cycle 198.293ms
[2025-10-31T21:08:06.329+0000][gc,start      ] GC(133) Pause Young (Prepare Mixed) (G1 Evacuation Pause)
[2025-10-31T21:08:06.329+0000][gc,task       ] GC(133) Using 2 workers of 2 for evacuation
[2025-10-31T21:08:06.343+0000][gc,phases     ] GC(133)   Pre Evacuate Collection Set: 0.1ms
[2025-10-31T21:08:06.344+0000][gc,phases     ] GC(133)   Evacuate Collection Set: 13.0ms
[2025-10-31T21:08:06.344+0000][gc,phases     ] GC(133)   Post Evacuate Collection Set: 0.8ms
[2025-10-31T21:08:06.344+0000][gc,phases     ] GC(133)   Other: 1.0ms
[2025-10-31T21:08:06.344+0000][gc,heap       ] GC(133) Eden regions: 22->0(22)
[2025-10-31T21:08:06.344+0000][gc,heap       ] GC(133) Survivor regions: 3->3(4)
[2025-10-31T21:08:06.344+0000][gc,heap       ] GC(133) Old regions: 53->54
[2025-10-31T21:08:06.345+0000][gc,heap       ] GC(133) Humongous regions: 147->147
[2025-10-31T21:08:06.345+0000][gc,metaspace  ] GC(133) Metaspace: 52824K(56112K)->52824K(56112K) NonClass: 46978K(48816K)->46978K(48816K) Class: 5845K(7296K)->5845K(7296K)
[2025-10-31T21:08:06.345+0000][gc            ] GC(133) Pause Young (Prepare Mixed) (G1 Evacuation Pause) 224M->203M(512M) 16.742ms
[2025-10-31T21:08:06.345+0000][gc,cpu        ] GC(133) User=0.03s Sys=0.00s Real=0.01s
[2025-10-31T21:08:21.010+0000][gc,start      ] GC(134) Pause Young (Mixed) (G1 Evacuation Pause)
[2025-10-31T21:08:21.011+0000][gc,task       ] GC(134) Using 2 workers of 2 for evacuation
[2025-10-31T21:08:21.022+0000][gc,phases     ] GC(134)   Pre Evacuate Collection Set: 0.0ms
[2025-10-31T21:08:21.022+0000][gc,phases     ] GC(134)   Evacuate Collection Set: 10.3ms
[2025-10-31T21:08:21.023+0000][gc,phases     ] GC(134)   Post Evacuate Collection Set: 0.8ms
[2025-10-31T21:08:21.023+0000][gc,phases     ] GC(134)   Other: 0.5ms
[2025-10-31T21:08:21.023+0000][gc,heap       ] GC(134) Eden regions: 22->0(22)
[2025-10-31T21:08:21.023+0000][gc,heap       ] GC(134) Survivor regions: 3->3(4)
[2025-10-31T21:08:21.023+0000][gc,heap       ] GC(134) Old regions: 54->51
[2025-10-31T21:08:21.024+0000][gc,heap       ] GC(134) Humongous regions: 147->147
[2025-10-31T21:08:21.024+0000][gc,metaspace  ] GC(134) Metaspace: 52824K(56112K)->52824K(56112K) NonClass: 46978K(48816K)->46978K(48816K) Class: 5845K(7296K)->5845K(7296K)
[2025-10-31T21:08:21.024+0000][gc            ] GC(134) Pause Young (Mixed) (G1 Evacuation Pause) 225M->200M(512M) 13.375ms
[2025-10-31T21:08:21.024+0000][gc,cpu        ] GC(134) User=0.02s Sys=0.00s Real=0.01s
[2025-10-31T21:09:02.886+0000][gc,start      ] GC(135) Pause Young (Mixed) (G1 Evacuation Pause)
[2025-10-31T21:09:02.887+0000][gc,task       ] GC(135) Using 2 workers of 2 for evacuation
[2025-10-31T21:09:02.926+0000][gc,mmu        ] GC(135) MMU target violated: 21.0ms (20.0ms/21.0ms)
[2025-10-31T21:09:02.927+0000][gc,phases     ] GC(135)   Pre Evacuate Collection Set: 0.0ms
[2025-10-31T21:09:02.927+0000][gc,phases     ] GC(135)   Evacuate Collection Set: 36.6ms
[2025-10-31T21:09:02.927+0000][gc,phases     ] GC(135)   Post Evacuate Collection Set: 1.1ms
[2025-10-31T21:09:02.927+0000][gc,phases     ] GC(135)   Other: 2.9ms
[2025-10-31T21:09:02.928+0000][gc,heap       ] GC(135) Eden regions: 22->0(21)
[2025-10-31T21:09:02.928+0000][gc,heap       ] GC(135) Survivor regions: 3->4(4)
[2025-10-31T21:09:02.928+0000][gc,heap       ] GC(135) Old regions: 51->51
[2025-10-31T21:09:02.930+0000][gc,heap       ] GC(135) Humongous regions: 147->147
[2025-10-31T21:09:02.930+0000][gc,metaspace  ] GC(135) Metaspace: 52825K(56112K)->52825K(56112K) NonClass: 46979K(48816K)->46979K(48816K) Class: 5845K(7296K)->5845K(7296K)
[2025-10-31T21:09:02.931+0000][gc            ] GC(135) Pause Young (Mixed) (G1 Evacuation Pause) 222M->201M(512M) 44.766ms
[2025-10-31T21:09:02.931+0000][gc,cpu        ] GC(135) User=0.06s Sys=0.00s Real=0.05s
[2025-10-31T21:09:45.044+0000][gc,start      ] GC(136) Pause Young (Concurrent Start) (G1 Evacuation Pause)
[2025-10-31T21:09:45.044+0000][gc,task       ] GC(136) Using 2 workers of 2 for evacuation
[2025-10-31T21:09:45.059+0000][gc,phases     ] GC(136)   Pre Evacuate Collection Set: 0.3ms
[2025-10-31T21:09:45.060+0000][gc,phases     ] GC(136)   Evacuate Collection Set: 13.5ms
[2025-10-31T21:09:45.060+0000][gc,phases     ] GC(136)   Post Evacuate Collection Set: 0.8ms
[2025-10-31T21:09:45.060+0000][gc,phases     ] GC(136)   Other: 0.7ms
[2025-10-31T21:09:45.060+0000][gc,heap       ] GC(136) Eden regions: 21->0(22)
[2025-10-31T21:09:45.060+0000][gc,heap       ] GC(136) Survivor regions: 4->3(4)
[2025-10-31T21:09:45.061+0000][gc,heap       ] GC(136) Old regions: 51->53
[2025-10-31T21:09:45.061+0000][gc,heap       ] GC(136) Humongous regions: 147->147
[2025-10-31T21:09:45.061+0000][gc,metaspace  ] GC(136) Metaspace: 52825K(56112K)->52825K(56112K) NonClass: 46979K(48816K)->46979K(48816K) Class: 5845K(7296K)->5845K(7296K)
[2025-10-31T21:09:45.061+0000][gc            ] GC(136) Pause Young (Concurrent Start) (G1 Evacuation Pause) 222M->202M(512M) 17.089ms
[2025-10-31T21:09:45.062+0000][gc,cpu        ] GC(136) User=0.03s Sys=0.00s Real=0.02s
[2025-10-31T21:09:45.062+0000][gc            ] GC(137) Concurrent Cycle
[2025-10-31T21:09:45.062+0000][gc,marking    ] GC(137) Concurrent Clear Claimed Marks
[2025-10-31T21:09:45.062+0000][gc,marking    ] GC(137) Concurrent Clear Claimed Marks 0.383ms
[2025-10-31T21:09:45.063+0000][gc,marking    ] GC(137) Concurrent Scan Root Regions
[2025-10-31T21:09:45.066+0000][gc,marking    ] GC(137) Concurrent Scan Root Regions 3.220ms
[2025-10-31T21:09:45.066+0000][gc,marking    ] GC(137) Concurrent Mark (4625.811s)
[2025-10-31T21:09:45.066+0000][gc,marking    ] GC(137) Concurrent Mark From Roots
[2025-10-31T21:09:45.066+0000][gc,task       ] GC(137) Using 1 workers of 1 for marking
[2025-10-31T21:09:45.109+0000][gc,marking    ] GC(137) Concurrent Mark From Roots 42.699ms
[2025-10-31T21:09:45.109+0000][gc,marking    ] GC(137) Concurrent Preclean
[2025-10-31T21:09:45.110+0000][gc,marking    ] GC(137) Concurrent Preclean 0.498ms
[2025-10-31T21:09:45.110+0000][gc,marking    ] GC(137) Concurrent Mark (4625.811s, 4625.855s) 43.902ms
[2025-10-31T21:09:45.111+0000][gc,start      ] GC(137) Pause Remark
[2025-10-31T21:09:45.121+0000][gc,stringtable] GC(137) Cleaned string and symbol table, strings: 17009 processed, 0 removed, symbols: 123688 processed, 0 removed
[2025-10-31T21:09:45.122+0000][gc            ] GC(137) Pause Remark 202M->202M(512M) 11.476ms
[2025-10-31T21:09:45.122+0000][gc,cpu        ] GC(137) User=0.02s Sys=0.00s Real=0.01s
[2025-10-31T21:09:45.123+0000][gc,marking    ] GC(137) Concurrent Rebuild Remembered Sets
[2025-10-31T21:09:45.149+0000][gc,marking    ] GC(137) Concurrent Rebuild Remembered Sets 26.360ms
[2025-10-31T21:09:45.150+0000][gc,start      ] GC(137) Pause Cleanup
[2025-10-31T21:09:45.153+0000][gc            ] GC(137) Pause Cleanup 202M->202M(512M) 3.529ms
[2025-10-31T21:09:45.154+0000][gc,cpu        ] GC(137) User=0.00s Sys=0.00s Real=0.00s
[2025-10-31T21:09:45.154+0000][gc,marking    ] GC(137) Concurrent Cleanup for Next Mark
[2025-10-31T21:09:45.155+0000][gc,marking    ] GC(137) Concurrent Cleanup for Next Mark 1.000ms
[2025-10-31T21:09:45.155+0000][gc            ] GC(137) Concurrent Cycle 93.347ms
[2025-10-31T21:10:30.381+0000][gc,start      ] GC(138) Pause Young (Prepare Mixed) (G1 Evacuation Pause)
[2025-10-31T21:10:30.381+0000][gc,task       ] GC(138) Using 2 workers of 2 for evacuation
[2025-10-31T21:10:30.391+0000][gc,phases     ] GC(138)   Pre Evacuate Collection Set: 0.0ms
[2025-10-31T21:10:30.391+0000][gc,phases     ] GC(138)   Evacuate Collection Set: 8.5ms
[2025-10-31T21:10:30.391+0000][gc,phases     ] GC(138)   Post Evacuate Collection Set: 0.5ms
[2025-10-31T21:10:30.391+0000][gc,phases     ] GC(138)   Other: 0.5ms
[2025-10-31T21:10:30.391+0000][gc,heap       ] GC(138) Eden regions: 22->0(22)
[2025-10-31T21:10:30.391+0000][gc,heap       ] GC(138) Survivor regions: 3->3(4)
[2025-10-31T21:10:30.392+0000][gc,heap       ] GC(138) Old regions: 53->55
[2025-10-31T21:10:30.392+0000][gc,heap       ] GC(138) Humongous regions: 147->147
[2025-10-31T21:10:30.392+0000][gc,metaspace  ] GC(138) Metaspace: 52827K(56112K)->52827K(56112K) NonClass: 46981K(48816K)->46981K(48816K) Class: 5845K(7296K)->5845K(7296K)
[2025-10-31T21:10:30.392+0000][gc            ] GC(138) Pause Young (Prepare Mixed) (G1 Evacuation Pause) 224M->203M(512M) 10.794ms
[2025-10-31T21:10:30.392+0000][gc,cpu        ] GC(138) User=0.02s Sys=0.00s Real=0.01s
[2025-10-31T21:11:18.318+0000][gc,start      ] GC(139) Pause Young (Mixed) (G1 Evacuation Pause)
[2025-10-31T21:11:18.319+0000][gc,task       ] GC(139) Using 2 workers of 2 for evacuation
[2025-10-31T21:11:18.333+0000][gc,phases     ] GC(139)   Pre Evacuate Collection Set: 0.0ms
[2025-10-31T21:11:18.334+0000][gc,phases     ] GC(139)   Evacuate Collection Set: 12.6ms
[2025-10-31T21:11:18.334+0000][gc,phases     ] GC(139)   Post Evacuate Collection Set: 0.9ms
[2025-10-31T21:11:18.334+0000][gc,phases     ] GC(139)   Other: 1.3ms
[2025-10-31T21:11:18.334+0000][gc,heap       ] GC(139) Eden regions: 22->0(21)
[2025-10-31T21:11:18.334+0000][gc,heap       ] GC(139) Survivor regions: 3->4(4)
[2025-10-31T21:11:18.334+0000][gc,heap       ] GC(139) Old regions: 55->52
[2025-10-31T21:11:18.335+0000][gc,heap       ] GC(139) Humongous regions: 147->147
[2025-10-31T21:11:18.335+0000][gc,metaspace  ] GC(139) Metaspace: 52828K(56112K)->52828K(56112K) NonClass: 46982K(48816K)->46982K(48816K) Class: 5845K(7296K)->5845K(7296K)
[2025-10-31T21:11:18.335+0000][gc            ] GC(139) Pause Young (Mixed) (G1 Evacuation Pause) 225M->202M(512M) 16.392ms
[2025-10-31T21:11:18.335+0000][gc,cpu        ] GC(139) User=0.03s Sys=0.00s Real=0.02s
[2025-10-31T21:12:02.098+0000][gc,start      ] GC(140) Pause Young (Mixed) (G1 Evacuation Pause)
[2025-10-31T21:12:02.099+0000][gc,task       ] GC(140) Using 2 workers of 2 for evacuation
[2025-10-31T21:12:02.128+0000][gc,mmu        ] GC(140) MMU target violated: 21.0ms (20.0ms/21.0ms)
[2025-10-31T21:12:02.130+0000][gc,phases     ] GC(140)   Pre Evacuate Collection Set: 0.1ms
[2025-10-31T21:12:02.131+0000][gc,phases     ] GC(140)   Evacuate Collection Set: 27.5ms
[2025-10-31T21:12:02.136+0000][gc,phases     ] GC(140)   Post Evacuate Collection Set: 1.3ms
[2025-10-31T21:12:02.136+0000][gc,phases     ] GC(140)   Other: 3.6ms
[2025-10-31T21:12:02.138+0000][gc,heap       ] GC(140) Eden regions: 21->0(22)
[2025-10-31T21:12:02.139+0000][gc,heap       ] GC(140) Survivor regions: 4->3(4)
[2025-10-31T21:12:02.140+0000][gc,heap       ] GC(140) Old regions: 52->53
[2025-10-31T21:12:02.140+0000][gc,heap       ] GC(140) Humongous regions: 147->147
[2025-10-31T21:12:02.140+0000][gc,metaspace  ] GC(140) Metaspace: 52850K(56112K)->52850K(56112K) NonClass: 47004K(48816K)->47004K(48816K) Class: 5845K(7296K)->5845K(7296K)
[2025-10-31T21:12:02.141+0000][gc            ] GC(140) Pause Young (Mixed) (G1 Evacuation Pause) 223M->202M(512M) 42.901ms
[2025-10-31T21:12:02.141+0000][gc,cpu        ] GC(140) User=0.06s Sys=0.00s Real=0.05s
[2025-10-31T21:12:14.234+0000][gc,start      ] GC(141) Pause Young (Concurrent Start) (G1 Evacuation Pause)
[2025-10-31T21:12:14.234+0000][gc,task       ] GC(141) Using 2 workers of 2 for evacuation
[2025-10-31T21:12:14.256+0000][gc,mmu        ] GC(141) MMU target violated: 21.0ms (20.0ms/21.0ms)
[2025-10-31T21:12:14.256+0000][gc,phases     ] GC(141)   Pre Evacuate Collection Set: 0.3ms
[2025-10-31T21:12:14.257+0000][gc,phases     ] GC(141)   Evacuate Collection Set: 19.2ms
[2025-10-31T21:12:14.257+0000][gc,phases     ] GC(141)   Post Evacuate Collection Set: 1.6ms
[2025-10-31T21:12:14.258+0000][gc,phases     ] GC(141)   Other: 1.1ms
[2025-10-31T21:12:14.258+0000][gc,heap       ] GC(141) Eden regions: 22->0(23)
[2025-10-31T21:12:14.258+0000][gc,heap       ] GC(141) Survivor regions: 3->2(4)
[2025-10-31T21:12:14.259+0000][gc,heap       ] GC(141) Old regions: 53->55
[2025-10-31T21:12:14.259+0000][gc,heap       ] GC(141) Humongous regions: 147->147
[2025-10-31T21:12:14.259+0000][gc,metaspace  ] GC(141) Metaspace: 52884K(56112K)->52884K(56112K) NonClass: 47038K(48816K)->47038K(48816K) Class: 5845K(7296K)->5845K(7296K)
[2025-10-31T21:12:14.260+0000][gc            ] GC(141) Pause Young (Concurrent Start) (G1 Evacuation Pause) 224M->202M(512M) 25.617ms
[2025-10-31T21:12:14.260+0000][gc,cpu        ] GC(141) User=0.04s Sys=0.00s Real=0.03s
[2025-10-31T21:12:14.261+0000][gc            ] GC(142) Concurrent Cycle
[2025-10-31T21:12:14.261+0000][gc,marking    ] GC(142) Concurrent Clear Claimed Marks
[2025-10-31T21:12:14.262+0000][gc,marking    ] GC(142) Concurrent Clear Claimed Marks 0.672ms
[2025-10-31T21:12:14.262+0000][gc,marking    ] GC(142) Concurrent Scan Root Regions
[2025-10-31T21:12:14.265+0000][gc,marking    ] GC(142) Concurrent Scan Root Regions 3.420ms
[2025-10-31T21:12:14.266+0000][gc,marking    ] GC(142) Concurrent Mark (4775.009s)
[2025-10-31T21:12:14.266+0000][gc,marking    ] GC(142) Concurrent Mark From Roots
[2025-10-31T21:12:14.266+0000][gc,task       ] GC(142) Using 1 workers of 1 for marking
[2025-10-31T21:12:14.344+0000][gc,marking    ] GC(142) Concurrent Mark From Roots 78.176ms
[2025-10-31T21:12:14.345+0000][gc,marking    ] GC(142) Concurrent Preclean
[2025-10-31T21:12:14.345+0000][gc,marking    ] GC(142) Concurrent Preclean 0.505ms
[2025-10-31T21:12:14.345+0000][gc,marking    ] GC(142) Concurrent Mark (4775.009s, 4775.089s) 79.597ms
[2025-10-31T21:12:14.346+0000][gc,start      ] GC(142) Pause Remark
[2025-10-31T21:12:14.361+0000][gc,stringtable] GC(142) Cleaned string and symbol table, strings: 17014 processed, 0 removed, symbols: 123688 processed, 0 removed
[2025-10-31T21:12:14.361+0000][gc            ] GC(142) Pause Remark 203M->203M(512M) 15.315ms
[2025-10-31T21:12:14.362+0000][gc,cpu        ] GC(142) User=0.03s Sys=0.00s Real=0.02s
[2025-10-31T21:12:14.362+0000][gc,marking    ] GC(142) Concurrent Rebuild Remembered Sets
[2025-10-31T21:12:14.400+0000][gc,marking    ] GC(142) Concurrent Rebuild Remembered Sets 37.428ms
[2025-10-31T21:12:14.400+0000][gc,start      ] GC(142) Pause Cleanup
[2025-10-31T21:12:14.401+0000][gc            ] GC(142) Pause Cleanup 203M->203M(512M) 0.500ms
[2025-10-31T21:12:14.401+0000][gc,cpu        ] GC(142) User=0.00s Sys=0.00s Real=0.00s
[2025-10-31T21:12:14.401+0000][gc,marking    ] GC(142) Concurrent Cleanup for Next Mark
[2025-10-31T21:12:14.402+0000][gc,marking    ] GC(142) Concurrent Cleanup for Next Mark 1.004ms
[2025-10-31T21:12:14.403+0000][gc            ] GC(142) Concurrent Cycle 141.885ms
[2025-10-31T21:12:22.419+0000][gc,start      ] GC(143) Pause Young (Prepare Mixed) (G1 Evacuation Pause)
[2025-10-31T21:12:22.419+0000][gc,task       ] GC(143) Using 2 workers of 2 for evacuation
[2025-10-31T21:12:22.430+0000][gc,phases     ] GC(143)   Pre Evacuate Collection Set: 0.0ms
[2025-10-31T21:12:22.430+0000][gc,phases     ] GC(143)   Evacuate Collection Set: 9.5ms
[2025-10-31T21:12:22.430+0000][gc,phases     ] GC(143)   Post Evacuate Collection Set: 0.8ms
[2025-10-31T21:12:22.431+0000][gc,phases     ] GC(143)   Other: 0.6ms
[2025-10-31T21:12:22.431+0000][gc,heap       ] GC(143) Eden regions: 23->0(22)
[2025-10-31T21:12:22.431+0000][gc,heap       ] GC(143) Survivor regions: 2->3(4)
[2025-10-31T21:12:22.431+0000][gc,heap       ] GC(143) Old regions: 55->55
[2025-10-31T21:12:22.431+0000][gc,heap       ] GC(143) Humongous regions: 147->147
[2025-10-31T21:12:22.431+0000][gc,metaspace  ] GC(143) Metaspace: 52886K(56112K)->52886K(56112K) NonClass: 47040K(48816K)->47040K(48816K) Class: 5845K(7296K)->5845K(7296K)
[2025-10-31T21:12:22.432+0000][gc            ] GC(143) Pause Young (Prepare Mixed) (G1 Evacuation Pause) 225M->203M(512M) 13.227ms
[2025-10-31T21:12:22.432+0000][gc,cpu        ] GC(143) User=0.02s Sys=0.00s Real=0.02s
[2025-10-31T21:12:35.807+0000][gc,start      ] GC(144) Pause Young (Mixed) (G1 Evacuation Pause)
[2025-10-31T21:12:35.808+0000][gc,task       ] GC(144) Using 2 workers of 2 for evacuation
[2025-10-31T21:12:35.832+0000][gc,mmu        ] GC(144) MMU target violated: 21.0ms (20.0ms/21.0ms)
[2025-10-31T21:12:35.832+0000][gc,phases     ] GC(144)   Pre Evacuate Collection Set: 0.1ms
[2025-10-31T21:12:35.832+0000][gc,phases     ] GC(144)   Evacuate Collection Set: 21.0ms
[2025-10-31T21:12:35.832+0000][gc,phases     ] GC(144)   Post Evacuate Collection Set: 1.8ms
[2025-10-31T21:12:35.833+0000][gc,phases     ] GC(144)   Other: 2.5ms
[2025-10-31T21:12:35.834+0000][gc,heap       ] GC(144) Eden regions: 22->0(22)
[2025-10-31T21:12:35.834+0000][gc,heap       ] GC(144) Survivor regions: 3->3(4)
[2025-10-31T21:12:35.834+0000][gc,heap       ] GC(144) Old regions: 55->50
[2025-10-31T21:12:35.834+0000][gc,heap       ] GC(144) Humongous regions: 147->147
[2025-10-31T21:12:35.834+0000][gc,metaspace  ] GC(144) Metaspace: 52886K(56112K)->52886K(56112K) NonClass: 47040K(48816K)->47040K(48816K) Class: 5845K(7296K)->5845K(7296K)
[2025-10-31T21:12:35.835+0000][gc            ] GC(144) Pause Young (Mixed) (G1 Evacuation Pause) 225M->199M(512M) 27.923ms
[2025-10-31T21:12:35.835+0000][gc,cpu        ] GC(144) User=0.04s Sys=0.00s Real=0.03s
[2025-10-31T21:13:19.727+0000][gc,start      ] GC(145) Pause Young (Mixed) (G1 Evacuation Pause)
[2025-10-31T21:13:19.730+0000][gc,task       ] GC(145) Using 2 workers of 2 for evacuation
[2025-10-31T21:13:19.750+0000][gc,phases     ] GC(145)   Pre Evacuate Collection Set: 0.0ms
[2025-10-31T21:13:19.751+0000][gc,phases     ] GC(145)   Evacuate Collection Set: 18.1ms
[2025-10-31T21:13:19.751+0000][gc,phases     ] GC(145)   Post Evacuate Collection Set: 0.9ms
[2025-10-31T21:13:19.751+0000][gc,phases     ] GC(145)   Other: 4.1ms
[2025-10-31T21:13:19.751+0000][gc,heap       ] GC(145) Eden regions: 22->0(22)
[2025-10-31T21:13:19.752+0000][gc,heap       ] GC(145) Survivor regions: 3->4(4)
[2025-10-31T21:13:19.752+0000][gc,heap       ] GC(145) Old regions: 50->49
[2025-10-31T21:13:19.752+0000][gc,heap       ] GC(145) Humongous regions: 147->147
[2025-10-31T21:13:19.753+0000][gc,metaspace  ] GC(145) Metaspace: 52886K(56112K)->52886K(56112K) NonClass: 47040K(48816K)->47040K(48816K) Class: 5845K(7296K)->5845K(7296K)
[2025-10-31T21:13:19.753+0000][gc            ] GC(145) Pause Young (Mixed) (G1 Evacuation Pause) 221M->200M(512M) 25.517ms
[2025-10-31T21:13:19.753+0000][gc,cpu        ] GC(145) User=0.04s Sys=0.00s Real=0.03s
[2025-10-31T21:13:52.285+0000][gc,start      ] GC(146) Pause Young (Concurrent Start) (G1 Evacuation Pause)
[2025-10-31T21:13:52.285+0000][gc,task       ] GC(146) Using 2 workers of 2 for evacuation
[2025-10-31T21:13:52.299+0000][gc,phases     ] GC(146)   Pre Evacuate Collection Set: 0.2ms
[2025-10-31T21:13:52.299+0000][gc,phases     ] GC(146)   Evacuate Collection Set: 12.7ms
[2025-10-31T21:13:52.300+0000][gc,phases     ] GC(146)   Post Evacuate Collection Set: 0.9ms
[2025-10-31T21:13:52.300+0000][gc,phases     ] GC(146)   Other: 0.7ms
[2025-10-31T21:13:52.300+0000][gc,heap       ] GC(146) Eden regions: 21->0(23)
[2025-10-31T21:13:52.300+0000][gc,heap       ] GC(146) Survivor regions: 4->2(4)
[2025-10-31T21:13:52.300+0000][gc,heap       ] GC(146) Old regions: 49->52
[2025-10-31T21:13:52.300+0000][gc,heap       ] GC(146) Humongous regions: 147->147
[2025-10-31T21:13:52.301+0000][gc,metaspace  ] GC(146) Metaspace: 52906K(56112K)->52906K(56112K) NonClass: 47060K(48816K)->47060K(48816K) Class: 5845K(7296K)->5845K(7296K)
[2025-10-31T21:13:52.301+0000][gc            ] GC(146) Pause Young (Concurrent Start) (G1 Evacuation Pause) 221M->200M(512M) 16.191ms
[2025-10-31T21:13:52.301+0000][gc,cpu        ] GC(146) User=0.03s Sys=0.00s Real=0.02s
[2025-10-31T21:13:52.301+0000][gc            ] GC(147) Concurrent Cycle
[2025-10-31T21:13:52.301+0000][gc,marking    ] GC(147) Concurrent Clear Claimed Marks
[2025-10-31T21:13:52.302+0000][gc,marking    ] GC(147) Concurrent Clear Claimed Marks 0.411ms
[2025-10-31T21:13:52.302+0000][gc,marking    ] GC(147) Concurrent Scan Root Regions
[2025-10-31T21:13:52.307+0000][gc,marking    ] GC(147) Concurrent Scan Root Regions 4.505ms
[2025-10-31T21:13:52.307+0000][gc,marking    ] GC(147) Concurrent Mark (4873.060s)
[2025-10-31T21:13:52.307+0000][gc,marking    ] GC(147) Concurrent Mark From Roots
[2025-10-31T21:13:52.307+0000][gc,task       ] GC(147) Using 1 workers of 1 for marking
[2025-10-31T21:13:52.356+0000][gc,marking    ] GC(147) Concurrent Mark From Roots 48.989ms
[2025-10-31T21:13:52.356+0000][gc,marking    ] GC(147) Concurrent Preclean
[2025-10-31T21:13:52.357+0000][gc,marking    ] GC(147) Concurrent Preclean 0.396ms
[2025-10-31T21:13:52.357+0000][gc,marking    ] GC(147) Concurrent Mark (4873.060s, 4873.110s) 49.953ms
[2025-10-31T21:13:52.357+0000][gc,start      ] GC(147) Pause Remark
[2025-10-31T21:13:52.369+0000][gc,stringtable] GC(147) Cleaned string and symbol table, strings: 17014 processed, 0 removed, symbols: 123688 processed, 0 removed
[2025-10-31T21:13:52.370+0000][gc            ] GC(147) Pause Remark 200M->200M(512M) 12.705ms
[2025-10-31T21:13:52.371+0000][gc,cpu        ] GC(147) User=0.02s Sys=0.00s Real=0.02s
[2025-10-31T21:13:52.371+0000][gc,marking    ] GC(147) Concurrent Rebuild Remembered Sets
[2025-10-31T21:13:52.396+0000][gc,marking    ] GC(147) Concurrent Rebuild Remembered Sets 24.862ms
[2025-10-31T21:13:52.398+0000][gc,start      ] GC(147) Pause Cleanup
[2025-10-31T21:13:52.400+0000][gc            ] GC(147) Pause Cleanup 200M->200M(512M) 1.889ms
[2025-10-31T21:13:52.400+0000][gc,cpu        ] GC(147) User=0.00s Sys=0.00s Real=0.00s
[2025-10-31T21:13:52.400+0000][gc,marking    ] GC(147) Concurrent Cleanup for Next Mark
[2025-10-31T21:13:52.401+0000][gc,marking    ] GC(147) Concurrent Cleanup for Next Mark 0.704ms
[2025-10-31T21:13:52.401+0000][gc            ] GC(147) Concurrent Cycle 99.642ms
[2025-10-31T21:14:55.556+0000][gc,start      ] GC(148) Pause Young (Prepare Mixed) (G1 Evacuation Pause)
[2025-10-31T21:14:55.557+0000][gc,task       ] GC(148) Using 2 workers of 2 for evacuation
[2025-10-31T21:14:55.572+0000][gc,phases     ] GC(148)   Pre Evacuate Collection Set: 0.0ms
[2025-10-31T21:14:55.572+0000][gc,phases     ] GC(148)   Evacuate Collection Set: 13.9ms
[2025-10-31T21:14:55.573+0000][gc,phases     ] GC(148)   Post Evacuate Collection Set: 1.0ms
[2025-10-31T21:14:55.573+0000][gc,phases     ] GC(148)   Other: 1.0ms
[2025-10-31T21:14:55.573+0000][gc,heap       ] GC(148) Eden regions: 23->0(21)
[2025-10-31T21:14:55.573+0000][gc,heap       ] GC(148) Survivor regions: 2->4(4)
[2025-10-31T21:14:55.574+0000][gc,heap       ] GC(148) Old regions: 52->52
[2025-10-31T21:14:55.574+0000][gc,heap       ] GC(148) Humongous regions: 147->147
[2025-10-31T21:14:55.574+0000][gc,metaspace  ] GC(148) Metaspace: 52906K(56112K)->52906K(56112K) NonClass: 47060K(48816K)->47060K(48816K) Class: 5845K(7296K)->5845K(7296K)
[2025-10-31T21:14:55.574+0000][gc            ] GC(148) Pause Young (Prepare Mixed) (G1 Evacuation Pause) 223M->201M(512M) 17.978ms
[2025-10-31T21:14:55.574+0000][gc,cpu        ] GC(148) User=0.03s Sys=0.00s Real=0.02s
[2025-10-31T21:15:49.850+0000][gc,start      ] GC(149) Pause Young (Mixed) (G1 Evacuation Pause)
[2025-10-31T21:15:49.850+0000][gc,task       ] GC(149) Using 2 workers of 2 for evacuation
[2025-10-31T21:15:49.873+0000][gc,mmu        ] GC(149) MMU target violated: 21.0ms (20.0ms/21.0ms)
[2025-10-31T21:15:49.874+0000][gc,phases     ] GC(149)   Pre Evacuate Collection Set: 0.0ms
[2025-10-31T21:15:49.874+0000][gc,phases     ] GC(149)   Evacuate Collection Set: 21.0ms
[2025-10-31T21:15:49.874+0000][gc,phases     ] GC(149)   Post Evacuate Collection Set: 1.1ms
[2025-10-31T21:15:49.875+0000][gc,phases     ] GC(149)   Other: 2.1ms
[2025-10-31T21:15:49.875+0000][gc,heap       ] GC(149) Eden regions: 21->0(22)
[2025-10-31T21:15:49.875+0000][gc,heap       ] GC(149) Survivor regions: 4->3(4)
[2025-10-31T21:15:49.876+0000][gc,heap       ] GC(149) Old regions: 52->50
[2025-10-31T21:15:49.876+0000][gc,heap       ] GC(149) Humongous regions: 147->147
[2025-10-31T21:15:49.877+0000][gc,metaspace  ] GC(149) Metaspace: 52907K(56112K)->52907K(56112K) NonClass: 47061K(48816K)->47061K(48816K) Class: 5845K(7296K)->5845K(7296K)
[2025-10-31T21:15:49.877+0000][gc            ] GC(149) Pause Young (Mixed) (G1 Evacuation Pause) 222M->199M(512M) 27.322ms
[2025-10-31T21:15:49.877+0000][gc,cpu        ] GC(149) User=0.04s Sys=0.00s Real=0.03s
[2025-10-31T21:16:04.832+0000][gc,start      ] GC(150) Pause Young (Concurrent Start) (G1 Evacuation Pause)
[2025-10-31T21:16:04.839+0000][gc,task       ] GC(150) Using 2 workers of 2 for evacuation
[2025-10-31T21:16:04.858+0000][gc,phases     ] GC(150)   Pre Evacuate Collection Set: 0.2ms
[2025-10-31T21:16:04.858+0000][gc,phases     ] GC(150)   Evacuate Collection Set: 17.1ms
[2025-10-31T21:16:04.859+0000][gc,phases     ] GC(150)   Post Evacuate Collection Set: 1.2ms
[2025-10-31T21:16:04.860+0000][gc,phases     ] GC(150)   Other: 7.7ms
[2025-10-31T21:16:04.861+0000][gc,heap       ] GC(150) Eden regions: 22->0(23)
[2025-10-31T21:16:04.861+0000][gc,heap       ] GC(150) Survivor regions: 3->2(4)
[2025-10-31T21:16:04.862+0000][gc,heap       ] GC(150) Old regions: 50->52
[2025-10-31T21:16:04.862+0000][gc,heap       ] GC(150) Humongous regions: 147->147
[2025-10-31T21:16:04.862+0000][gc,metaspace  ] GC(150) Metaspace: 52912K(56112K)->52912K(56112K) NonClass: 47066K(48816K)->47066K(48816K) Class: 5845K(7296K)->5845K(7296K)
[2025-10-31T21:16:04.863+0000][gc            ] GC(150) Pause Young (Concurrent Start) (G1 Evacuation Pause) 221M->200M(512M) 30.762ms
[2025-10-31T21:16:04.863+0000][gc,cpu        ] GC(150) User=0.04s Sys=0.00s Real=0.03s
[2025-10-31T21:16:04.864+0000][gc            ] GC(151) Concurrent Cycle
[2025-10-31T21:16:04.864+0000][gc,marking    ] GC(151) Concurrent Clear Claimed Marks
[2025-10-31T21:16:04.865+0000][gc,marking    ] GC(151) Concurrent Clear Claimed Marks 0.561ms
[2025-10-31T21:16:04.865+0000][gc,marking    ] GC(151) Concurrent Scan Root Regions
[2025-10-31T21:16:04.869+0000][gc,marking    ] GC(151) Concurrent Scan Root Regions 3.812ms
[2025-10-31T21:16:04.869+0000][gc,marking    ] GC(151) Concurrent Mark (5005.625s)
[2025-10-31T21:16:04.869+0000][gc,marking    ] GC(151) Concurrent Mark From Roots
[2025-10-31T21:16:04.869+0000][gc,task       ] GC(151) Using 1 workers of 1 for marking
[2025-10-31T21:16:04.964+0000][gc,marking    ] GC(151) Concurrent Mark From Roots 95.254ms
[2025-10-31T21:16:04.966+0000][gc,marking    ] GC(151) Concurrent Preclean
[2025-10-31T21:16:04.967+0000][gc,marking    ] GC(151) Concurrent Preclean 1.166ms
[2025-10-31T21:16:04.969+0000][gc,marking    ] GC(151) Concurrent Mark (5005.625s, 5005.725s) 99.669ms
[2025-10-31T21:16:04.970+0000][gc,start      ] GC(151) Pause Remark
[2025-10-31T21:16:04.990+0000][gc,stringtable] GC(151) Cleaned string and symbol table, strings: 17018 processed, 0 removed, symbols: 123688 processed, 0 removed
[2025-10-31T21:16:04.991+0000][gc,mmu        ] GC(151) MMU target violated: 20.8ms (20.0ms/21.0ms)
[2025-10-31T21:16:04.992+0000][gc            ] GC(151) Pause Remark 201M->201M(512M) 21.486ms
[2025-10-31T21:16:04.992+0000][gc,cpu        ] GC(151) User=0.04s Sys=0.00s Real=0.02s
[2025-10-31T21:16:04.993+0000][gc,marking    ] GC(151) Concurrent Rebuild Remembered Sets
[2025-10-31T21:16:05.035+0000][gc,marking    ] GC(151) Concurrent Rebuild Remembered Sets 42.126ms
[2025-10-31T21:16:05.037+0000][gc,start      ] GC(151) Pause Cleanup
[2025-10-31T21:16:05.041+0000][gc            ] GC(151) Pause Cleanup 202M->202M(512M) 4.095ms
[2025-10-31T21:16:05.044+0000][gc,cpu        ] GC(151) User=0.00s Sys=0.00s Real=0.01s
[2025-10-31T21:16:05.045+0000][gc,marking    ] GC(151) Concurrent Cleanup for Next Mark
[2025-10-31T21:16:05.047+0000][gc,marking    ] GC(151) Concurrent Cleanup for Next Mark 1.956ms
[2025-10-31T21:16:05.048+0000][gc            ] GC(151) Concurrent Cycle 184.336ms
[2025-10-31T21:16:57.760+0000][gc,start      ] GC(152) Pause Young (Prepare Mixed) (G1 Evacuation Pause)
[2025-10-31T21:16:57.760+0000][gc,task       ] GC(152) Using 2 workers of 2 for evacuation
[2025-10-31T21:16:57.771+0000][gc,phases     ] GC(152)   Pre Evacuate Collection Set: 0.0ms
[2025-10-31T21:16:57.771+0000][gc,phases     ] GC(152)   Evacuate Collection Set: 9.4ms
[2025-10-31T21:16:57.771+0000][gc,phases     ] GC(152)   Post Evacuate Collection Set: 0.7ms
[2025-10-31T21:16:57.771+0000][gc,phases     ] GC(152)   Other: 0.7ms
[2025-10-31T21:16:57.771+0000][gc,heap       ] GC(152) Eden regions: 23->0(21)
[2025-10-31T21:16:57.771+0000][gc,heap       ] GC(152) Survivor regions: 2->4(4)
[2025-10-31T21:16:57.772+0000][gc,heap       ] GC(152) Old regions: 52->52
[2025-10-31T21:16:57.772+0000][gc,heap       ] GC(152) Humongous regions: 147->147
[2025-10-31T21:16:57.772+0000][gc,metaspace  ] GC(152) Metaspace: 52921K(56112K)->52921K(56112K) NonClass: 47073K(48816K)->47073K(48816K) Class: 5847K(7296K)->5847K(7296K)
[2025-10-31T21:16:57.772+0000][gc            ] GC(152) Pause Young (Prepare Mixed) (G1 Evacuation Pause) 223M->203M(512M) 12.236ms
[2025-10-31T21:16:57.772+0000][gc,cpu        ] GC(152) User=0.02s Sys=0.00s Real=0.01s
[2025-10-31T21:17:51.712+0000][gc,start      ] GC(153) Pause Young (Mixed) (G1 Evacuation Pause)
[2025-10-31T21:17:51.712+0000][gc,task       ] GC(153) Using 2 workers of 2 for evacuation
[2025-10-31T21:17:51.726+0000][gc,phases     ] GC(153)   Pre Evacuate Collection Set: 0.1ms
[2025-10-31T21:17:51.726+0000][gc,phases     ] GC(153)   Evacuate Collection Set: 11.4ms
[2025-10-31T21:17:51.726+0000][gc,phases     ] GC(153)   Post Evacuate Collection Set: 0.7ms
[2025-10-31T21:17:51.726+0000][gc,phases     ] GC(153)   Other: 1.5ms
[2025-10-31T21:17:51.727+0000][gc,heap       ] GC(153) Eden regions: 21->0(25)
[2025-10-31T21:17:51.727+0000][gc,heap       ] GC(153) Survivor regions: 4->3(4)
[2025-10-31T21:17:51.727+0000][gc,heap       ] GC(153) Old regions: 52->50
[2025-10-31T21:17:51.727+0000][gc,heap       ] GC(153) Humongous regions: 147->147
[2025-10-31T21:17:51.733+0000][gc,metaspace  ] GC(153) Metaspace: 52925K(56112K)->52925K(56112K) NonClass: 47077K(48816K)->47077K(48816K) Class: 5847K(7296K)->5847K(7296K)
[2025-10-31T21:17:51.733+0000][gc            ] GC(153) Pause Young (Mixed) (G1 Evacuation Pause) 223M->199M(512M) 21.449ms
[2025-10-31T21:17:51.734+0000][gc,cpu        ] GC(153) User=0.02s Sys=0.00s Real=0.02s
[2025-10-31T21:18:44.069+0000][gc,start      ] GC(154) Pause Young (Concurrent Start) (G1 Evacuation Pause)
[2025-10-31T21:18:44.069+0000][gc,task       ] GC(154) Using 2 workers of 2 for evacuation
[2025-10-31T21:18:44.080+0000][gc,phases     ] GC(154)   Pre Evacuate Collection Set: 0.3ms
[2025-10-31T21:18:44.080+0000][gc,phases     ] GC(154)   Evacuate Collection Set: 9.6ms
[2025-10-31T21:18:44.080+0000][gc,phases     ] GC(154)   Post Evacuate Collection Set: 0.6ms
[2025-10-31T21:18:44.080+0000][gc,phases     ] GC(154)   Other: 0.6ms
[2025-10-31T21:18:44.081+0000][gc,heap       ] GC(154) Eden regions: 25->0(28)
[2025-10-31T21:18:44.081+0000][gc,heap       ] GC(154) Survivor regions: 3->3(4)
[2025-10-31T21:18:44.081+0000][gc,heap       ] GC(154) Old regions: 50->52
[2025-10-31T21:18:44.081+0000][gc,heap       ] GC(154) Humongous regions: 147->147
[2025-10-31T21:18:44.081+0000][gc,metaspace  ] GC(154) Metaspace: 52928K(56112K)->52928K(56112K) NonClass: 47080K(48816K)->47080K(48816K) Class: 5847K(7296K)->5847K(7296K)
[2025-10-31T21:18:44.081+0000][gc            ] GC(154) Pause Young (Concurrent Start) (G1 Evacuation Pause) 224M->200M(512M) 12.776ms
[2025-10-31T21:18:44.082+0000][gc,cpu        ] GC(154) User=0.02s Sys=0.00s Real=0.02s
[2025-10-31T21:18:44.082+0000][gc            ] GC(155) Concurrent Cycle
[2025-10-31T21:18:44.082+0000][gc,marking    ] GC(155) Concurrent Clear Claimed Marks
[2025-10-31T21:18:44.083+0000][gc,marking    ] GC(155) Concurrent Clear Claimed Marks 0.425ms
[2025-10-31T21:18:44.083+0000][gc,marking    ] GC(155) Concurrent Scan Root Regions
[2025-10-31T21:18:44.086+0000][gc,marking    ] GC(155) Concurrent Scan Root Regions 3.134ms
[2025-10-31T21:18:44.086+0000][gc,marking    ] GC(155) Concurrent Mark (5164.839s)
[2025-10-31T21:18:44.086+0000][gc,marking    ] GC(155) Concurrent Mark From Roots
[2025-10-31T21:18:44.087+0000][gc,task       ] GC(155) Using 1 workers of 1 for marking
[2025-10-31T21:18:44.124+0000][gc,marking    ] GC(155) Concurrent Mark From Roots 37.734ms
[2025-10-31T21:18:44.124+0000][gc,marking    ] GC(155) Concurrent Preclean
[2025-10-31T21:18:44.125+0000][gc,marking    ] GC(155) Concurrent Preclean 0.347ms
[2025-10-31T21:18:44.125+0000][gc,marking    ] GC(155) Concurrent Mark (5164.839s, 5164.878s) 38.568ms
[2025-10-31T21:18:44.125+0000][gc,start      ] GC(155) Pause Remark
[2025-10-31T21:18:44.134+0000][gc,stringtable] GC(155) Cleaned string and symbol table, strings: 17018 processed, 0 removed, symbols: 123692 processed, 0 removed
[2025-10-31T21:18:44.135+0000][gc            ] GC(155) Pause Remark 200M->200M(512M) 9.381ms
[2025-10-31T21:18:44.135+0000][gc,cpu        ] GC(155) User=0.02s Sys=0.00s Real=0.01s
[2025-10-31T21:18:44.135+0000][gc,marking    ] GC(155) Concurrent Rebuild Remembered Sets
[2025-10-31T21:18:44.161+0000][gc,marking    ] GC(155) Concurrent Rebuild Remembered Sets 26.003ms
[2025-10-31T21:18:44.161+0000][gc,start      ] GC(155) Pause Cleanup
[2025-10-31T21:18:44.162+0000][gc            ] GC(155) Pause Cleanup 201M->201M(512M) 0.435ms
[2025-10-31T21:18:44.162+0000][gc,cpu        ] GC(155) User=0.00s Sys=0.00s Real=0.00s
[2025-10-31T21:18:44.162+0000][gc,marking    ] GC(155) Concurrent Cleanup for Next Mark
[2025-10-31T21:18:44.163+0000][gc,marking    ] GC(155) Concurrent Cleanup for Next Mark 0.659ms
[2025-10-31T21:18:44.163+0000][gc            ] GC(155) Concurrent Cycle 81.240ms
[2025-10-31T21:19:51.390+0000][gc,start      ] GC(156) Pause Young (Prepare Mixed) (G1 Evacuation Pause)
[2025-10-31T21:19:51.391+0000][gc,task       ] GC(156) Using 2 workers of 2 for evacuation
[2025-10-31T21:19:51.402+0000][gc,phases     ] GC(156)   Pre Evacuate Collection Set: 0.0ms
[2025-10-31T21:19:51.403+0000][gc,phases     ] GC(156)   Evacuate Collection Set: 10.3ms
[2025-10-31T21:19:51.403+0000][gc,phases     ] GC(156)   Post Evacuate Collection Set: 0.9ms
[2025-10-31T21:19:51.403+0000][gc,phases     ] GC(156)   Other: 0.8ms
[2025-10-31T21:19:51.403+0000][gc,heap       ] GC(156) Eden regions: 28->0(22)
[2025-10-31T21:19:51.403+0000][gc,heap       ] GC(156) Survivor regions: 3->3(4)
[2025-10-31T21:19:51.404+0000][gc,heap       ] GC(156) Old regions: 52->53
[2025-10-31T21:19:51.404+0000][gc,heap       ] GC(156) Humongous regions: 147->147
[2025-10-31T21:19:51.404+0000][gc,metaspace  ] GC(156) Metaspace: 52929K(56112K)->52929K(56112K) NonClass: 47081K(48816K)->47081K(48816K) Class: 5847K(7296K)->5847K(7296K)
[2025-10-31T21:19:51.404+0000][gc            ] GC(156) Pause Young (Prepare Mixed) (G1 Evacuation Pause) 228M->202M(512M) 13.811ms
[2025-10-31T21:19:51.404+0000][gc,cpu        ] GC(156) User=0.02s Sys=0.00s Real=0.02s
[2025-10-31T21:20:44.127+0000][gc,start      ] GC(157) Pause Young (Mixed) (G1 Evacuation Pause)
[2025-10-31T21:20:44.127+0000][gc,task       ] GC(157) Using 2 workers of 2 for evacuation
[2025-10-31T21:20:44.138+0000][gc,phases     ] GC(157)   Pre Evacuate Collection Set: 0.0ms
[2025-10-31T21:20:44.138+0000][gc,phases     ] GC(157)   Evacuate Collection Set: 10.2ms
[2025-10-31T21:20:44.138+0000][gc,phases     ] GC(157)   Post Evacuate Collection Set: 0.6ms
[2025-10-31T21:20:44.139+0000][gc,phases     ] GC(157)   Other: 0.6ms
[2025-10-31T21:20:44.139+0000][gc,heap       ] GC(157) Eden regions: 22->0(36)
[2025-10-31T21:20:44.139+0000][gc,heap       ] GC(157) Survivor regions: 3->3(4)
[2025-10-31T21:20:44.139+0000][gc,heap       ] GC(157) Old regions: 53->51
[2025-10-31T21:20:44.139+0000][gc,heap       ] GC(157) Humongous regions: 147->147
[2025-10-31T21:20:44.139+0000][gc,metaspace  ] GC(157) Metaspace: 52929K(56112K)->52929K(56112K) NonClass: 47081K(48816K)->47081K(48816K) Class: 5847K(7296K)->5847K(7296K)
[2025-10-31T21:20:44.139+0000][gc            ] GC(157) Pause Young (Mixed) (G1 Evacuation Pause) 224M->199M(512M) 12.816ms
[2025-10-31T21:20:44.140+0000][gc,cpu        ] GC(157) User=0.02s Sys=0.00s Real=0.01s
[2025-10-31T21:22:10.288+0000][gc,start      ] GC(158) Pause Young (Concurrent Start) (G1 Evacuation Pause)
[2025-10-31T21:22:10.289+0000][gc,task       ] GC(158) Using 2 workers of 2 for evacuation
[2025-10-31T21:22:10.305+0000][gc,phases     ] GC(158)   Pre Evacuate Collection Set: 0.2ms
[2025-10-31T21:22:10.305+0000][gc,phases     ] GC(158)   Evacuate Collection Set: 15.0ms
[2025-10-31T21:22:10.305+0000][gc,phases     ] GC(158)   Post Evacuate Collection Set: 0.7ms
[2025-10-31T21:22:10.305+0000][gc,phases     ] GC(158)   Other: 0.8ms
[2025-10-31T21:22:10.305+0000][gc,heap       ] GC(158) Eden regions: 36->0(31)
[2025-10-31T21:22:10.306+0000][gc,heap       ] GC(158) Survivor regions: 3->5(5)
[2025-10-31T21:22:10.306+0000][gc,heap       ] GC(158) Old regions: 51->51
[2025-10-31T21:22:10.306+0000][gc,heap       ] GC(158) Humongous regions: 147->147
[2025-10-31T21:22:10.306+0000][gc,metaspace  ] GC(158) Metaspace: 52929K(56112K)->52929K(56112K) NonClass: 47081K(48816K)->47081K(48816K) Class: 5847K(7296K)->5847K(7296K)
[2025-10-31T21:22:10.306+0000][gc            ] GC(158) Pause Young (Concurrent Start) (G1 Evacuation Pause) 235M->202M(512M) 18.068ms
[2025-10-31T21:22:10.306+0000][gc,cpu        ] GC(158) User=0.03s Sys=0.00s Real=0.02s
[2025-10-31T21:22:10.307+0000][gc            ] GC(159) Concurrent Cycle
[2025-10-31T21:22:10.307+0000][gc,marking    ] GC(159) Concurrent Clear Claimed Marks
[2025-10-31T21:22:10.307+0000][gc,marking    ] GC(159) Concurrent Clear Claimed Marks 0.445ms
[2025-10-31T21:22:10.308+0000][gc,marking    ] GC(159) Concurrent Scan Root Regions
[2025-10-31T21:22:10.312+0000][gc,marking    ] GC(159) Concurrent Scan Root Regions 4.386ms
[2025-10-31T21:22:10.312+0000][gc,marking    ] GC(159) Concurrent Mark (5371.062s)
[2025-10-31T21:22:10.313+0000][gc,marking    ] GC(159) Concurrent Mark From Roots
[2025-10-31T21:22:10.313+0000][gc,task       ] GC(159) Using 1 workers of 1 for marking
[2025-10-31T21:22:10.347+0000][gc,marking    ] GC(159) Concurrent Mark From Roots 34.520ms
[2025-10-31T21:22:10.347+0000][gc,marking    ] GC(159) Concurrent Preclean
[2025-10-31T21:22:10.348+0000][gc,marking    ] GC(159) Concurrent Preclean 0.335ms
[2025-10-31T21:22:10.348+0000][gc,marking    ] GC(159) Concurrent Mark (5371.062s, 5371.098s) 35.428ms
[2025-10-31T21:22:10.348+0000][gc,start      ] GC(159) Pause Remark
[2025-10-31T21:22:10.357+0000][gc,stringtable] GC(159) Cleaned string and symbol table, strings: 17030 processed, 0 removed, symbols: 123692 processed, 0 removed
[2025-10-31T21:22:10.358+0000][gc            ] GC(159) Pause Remark 202M->202M(512M) 9.704ms
[2025-10-31T21:22:10.358+0000][gc,cpu        ] GC(159) User=0.02s Sys=0.00s Real=0.01s
[2025-10-31T21:22:10.358+0000][gc,marking    ] GC(159) Concurrent Rebuild Remembered Sets
[2025-10-31T21:22:10.380+0000][gc,marking    ] GC(159) Concurrent Rebuild Remembered Sets 21.560ms
[2025-10-31T21:22:10.380+0000][gc,start      ] GC(159) Pause Cleanup
[2025-10-31T21:22:10.381+0000][gc            ] GC(159) Pause Cleanup 202M->202M(512M) 0.375ms
[2025-10-31T21:22:10.381+0000][gc,cpu        ] GC(159) User=0.00s Sys=0.00s Real=0.00s
[2025-10-31T21:22:10.381+0000][gc,marking    ] GC(159) Concurrent Cleanup for Next Mark
[2025-10-31T21:22:10.382+0000][gc,marking    ] GC(159) Concurrent Cleanup for Next Mark 0.601ms
[2025-10-31T21:22:10.382+0000][gc            ] GC(159) Concurrent Cycle 75.130ms
[2025-10-31T21:23:23.453+0000][gc,start      ] GC(160) Pause Young (Prepare Mixed) (G1 Evacuation Pause)
[2025-10-31T21:23:23.453+0000][gc,task       ] GC(160) Using 2 workers of 2 for evacuation
[2025-10-31T21:23:23.467+0000][gc,phases     ] GC(160)   Pre Evacuate Collection Set: 0.0ms
[2025-10-31T21:23:23.468+0000][gc,phases     ] GC(160)   Evacuate Collection Set: 13.5ms
[2025-10-31T21:23:23.468+0000][gc,phases     ] GC(160)   Post Evacuate Collection Set: 0.5ms
[2025-10-31T21:23:23.468+0000][gc,phases     ] GC(160)   Other: 0.6ms
[2025-10-31T21:23:23.468+0000][gc,heap       ] GC(160) Eden regions: 31->0(21)
[2025-10-31T21:23:23.468+0000][gc,heap       ] GC(160) Survivor regions: 5->4(5)
[2025-10-31T21:23:23.468+0000][gc,heap       ] GC(160) Old regions: 51->55
[2025-10-31T21:23:23.469+0000][gc,heap       ] GC(160) Humongous regions: 147->147
[2025-10-31T21:23:23.469+0000][gc,metaspace  ] GC(160) Metaspace: 52929K(56112K)->52929K(56112K) NonClass: 47081K(48816K)->47081K(48816K) Class: 5847K(7296K)->5847K(7296K)
[2025-10-31T21:23:23.469+0000][gc            ] GC(160) Pause Young (Prepare Mixed) (G1 Evacuation Pause) 233M->205M(512M) 16.158ms
[2025-10-31T21:23:23.469+0000][gc,cpu        ] GC(160) User=0.03s Sys=0.00s Real=0.01s
[2025-10-31T21:24:13.186+0000][gc,start      ] GC(161) Pause Young (Mixed) (G1 Evacuation Pause)
[2025-10-31T21:24:13.186+0000][gc,task       ] GC(161) Using 2 workers of 2 for evacuation
[2025-10-31T21:24:13.198+0000][gc,phases     ] GC(161)   Pre Evacuate Collection Set: 0.0ms
[2025-10-31T21:24:13.198+0000][gc,phases     ] GC(161)   Evacuate Collection Set: 10.3ms
[2025-10-31T21:24:13.198+0000][gc,phases     ] GC(161)   Post Evacuate Collection Set: 0.7ms
[2025-10-31T21:24:13.198+0000][gc,phases     ] GC(161)   Other: 0.7ms
[2025-10-31T21:24:13.198+0000][gc,heap       ] GC(161) Eden regions: 21->0(33)
[2025-10-31T21:24:13.198+0000][gc,heap       ] GC(161) Survivor regions: 4->3(4)
[2025-10-31T21:24:13.198+0000][gc,heap       ] GC(161) Old regions: 55->53
[2025-10-31T21:24:13.199+0000][gc,heap       ] GC(161) Humongous regions: 147->147
[2025-10-31T21:24:13.199+0000][gc,metaspace  ] GC(161) Metaspace: 52933K(56112K)->52933K(56112K) NonClass: 47085K(48816K)->47085K(48816K) Class: 5847K(7296K)->5847K(7296K)
[2025-10-31T21:24:13.199+0000][gc            ] GC(161) Pause Young (Mixed) (G1 Evacuation Pause) 226M->202M(512M) 12.990ms
[2025-10-31T21:24:13.199+0000][gc,cpu        ] GC(161) User=0.02s Sys=0.00s Real=0.01s
[2025-10-31T21:25:27.201+0000][gc,start      ] GC(162) Pause Young (Concurrent Start) (G1 Evacuation Pause)
[2025-10-31T21:25:27.201+0000][gc,task       ] GC(162) Using 2 workers of 2 for evacuation
[2025-10-31T21:25:27.213+0000][gc,phases     ] GC(162)   Pre Evacuate Collection Set: 0.2ms
[2025-10-31T21:25:27.213+0000][gc,phases     ] GC(162)   Evacuate Collection Set: 10.8ms
[2025-10-31T21:25:27.213+0000][gc,phases     ] GC(162)   Post Evacuate Collection Set: 0.7ms
[2025-10-31T21:25:27.214+0000][gc,phases     ] GC(162)   Other: 0.7ms
[2025-10-31T21:25:27.214+0000][gc,heap       ] GC(162) Eden regions: 33->0(35)
[2025-10-31T21:25:27.214+0000][gc,heap       ] GC(162) Survivor regions: 3->4(5)
[2025-10-31T21:25:27.214+0000][gc,heap       ] GC(162) Old regions: 53->55
[2025-10-31T21:25:27.214+0000][gc,heap       ] GC(162) Humongous regions: 147->147
[2025-10-31T21:25:27.214+0000][gc,metaspace  ] GC(162) Metaspace: 52937K(56112K)->52937K(56112K) NonClass: 47089K(48816K)->47089K(48816K) Class: 5847K(7296K)->5847K(7296K)
[2025-10-31T21:25:27.215+0000][gc            ] GC(162) Pause Young (Concurrent Start) (G1 Evacuation Pause) 235M->204M(512M) 13.947ms
[2025-10-31T21:25:27.215+0000][gc,cpu        ] GC(162) User=0.02s Sys=0.00s Real=0.01s
[2025-10-31T21:25:27.215+0000][gc            ] GC(163) Concurrent Cycle
[2025-10-31T21:25:27.215+0000][gc,marking    ] GC(163) Concurrent Clear Claimed Marks
[2025-10-31T21:25:27.216+0000][gc,marking    ] GC(163) Concurrent Clear Claimed Marks 0.496ms
[2025-10-31T21:25:27.216+0000][gc,marking    ] GC(163) Concurrent Scan Root Regions
[2025-10-31T21:25:27.220+0000][gc,marking    ] GC(163) Concurrent Scan Root Regions 3.572ms
[2025-10-31T21:25:27.220+0000][gc,marking    ] GC(163) Concurrent Mark (5567.977s)
[2025-10-31T21:25:27.220+0000][gc,marking    ] GC(163) Concurrent Mark From Roots
[2025-10-31T21:25:27.220+0000][gc,task       ] GC(163) Using 1 workers of 1 for marking
[2025-10-31T21:25:27.253+0000][gc,marking    ] GC(163) Concurrent Mark From Roots 33.081ms
[2025-10-31T21:25:27.253+0000][gc,marking    ] GC(163) Concurrent Preclean
[2025-10-31T21:25:27.254+0000][gc,marking    ] GC(163) Concurrent Preclean 0.325ms
[2025-10-31T21:25:27.254+0000][gc,marking    ] GC(163) Concurrent Mark (5567.977s, 5568.011s) 33.968ms
[2025-10-31T21:25:27.254+0000][gc,start      ] GC(163) Pause Remark
[2025-10-31T21:25:27.263+0000][gc,stringtable] GC(163) Cleaned string and symbol table, strings: 17035 processed, 0 removed, symbols: 123692 processed, 0 removed
[2025-10-31T21:25:27.263+0000][gc            ] GC(163) Pause Remark 205M->205M(512M) 8.901ms
[2025-10-31T21:25:27.263+0000][gc,cpu        ] GC(163) User=0.01s Sys=0.00s Real=0.01s
[2025-10-31T21:25:27.264+0000][gc,marking    ] GC(163) Concurrent Rebuild Remembered Sets
[2025-10-31T21:25:27.285+0000][gc,marking    ] GC(163) Concurrent Rebuild Remembered Sets 21.274ms
[2025-10-31T21:25:27.285+0000][gc,start      ] GC(163) Pause Cleanup
[2025-10-31T21:25:27.286+0000][gc            ] GC(163) Pause Cleanup 205M->205M(512M) 0.527ms
[2025-10-31T21:25:27.286+0000][gc,cpu        ] GC(163) User=0.00s Sys=0.00s Real=0.01s
[2025-10-31T21:25:27.286+0000][gc,marking    ] GC(163) Concurrent Cleanup for Next Mark
[2025-10-31T21:25:27.287+0000][gc,marking    ] GC(163) Concurrent Cleanup for Next Mark 0.704ms
[2025-10-31T21:25:27.287+0000][gc            ] GC(163) Concurrent Cycle 72.012ms
[2025-10-31T21:27:17.423+0000][gc,start      ] GC(164) Pause Young (Prepare Mixed) (G1 Evacuation Pause)
[2025-10-31T21:27:17.423+0000][gc,task       ] GC(164) Using 2 workers of 2 for evacuation
[2025-10-31T21:27:17.435+0000][gc,phases     ] GC(164)   Pre Evacuate Collection Set: 0.0ms
[2025-10-31T21:27:17.435+0000][gc,phases     ] GC(164)   Evacuate Collection Set: 10.8ms
[2025-10-31T21:27:17.435+0000][gc,phases     ] GC(164)   Post Evacuate Collection Set: 0.6ms
[2025-10-31T21:27:17.436+0000][gc,phases     ] GC(164)   Other: 0.6ms
[2025-10-31T21:27:17.436+0000][gc,heap       ] GC(164) Eden regions: 35->0(21)
[2025-10-31T21:27:17.436+0000][gc,heap       ] GC(164) Survivor regions: 4->4(5)
[2025-10-31T21:27:17.436+0000][gc,heap       ] GC(164) Old regions: 55->57
[2025-10-31T21:27:17.436+0000][gc,heap       ] GC(164) Humongous regions: 147->147
[2025-10-31T21:27:17.436+0000][gc,metaspace  ] GC(164) Metaspace: 52937K(56112K)->52937K(56112K) NonClass: 47089K(48816K)->47089K(48816K) Class: 5847K(7296K)->5847K(7296K)
[2025-10-31T21:27:17.436+0000][gc            ] GC(164) Pause Young (Prepare Mixed) (G1 Evacuation Pause) 239M->207M(512M) 13.203ms
[2025-10-31T21:27:17.437+0000][gc,cpu        ] GC(164) User=0.03s Sys=0.00s Real=0.01s
[2025-10-31T21:28:22.004+0000][gc,start      ] GC(165) Pause Young (Mixed) (G1 Evacuation Pause)
[2025-10-31T21:28:22.004+0000][gc,task       ] GC(165) Using 2 workers of 2 for evacuation
[2025-10-31T21:28:22.018+0000][gc,phases     ] GC(165)   Pre Evacuate Collection Set: 0.0ms
[2025-10-31T21:28:22.018+0000][gc,phases     ] GC(165)   Evacuate Collection Set: 12.2ms
[2025-10-31T21:28:22.019+0000][gc,phases     ] GC(165)   Post Evacuate Collection Set: 1.0ms
[2025-10-31T21:28:22.019+0000][gc,phases     ] GC(165)   Other: 0.7ms
[2025-10-31T21:28:22.019+0000][gc,heap       ] GC(165) Eden regions: 21->0(43)
[2025-10-31T21:28:22.019+0000][gc,heap       ] GC(165) Survivor regions: 4->3(4)
[2025-10-31T21:28:22.019+0000][gc,heap       ] GC(165) Old regions: 57->52
[2025-10-31T21:28:22.019+0000][gc,heap       ] GC(165) Humongous regions: 147->147
[2025-10-31T21:28:22.019+0000][gc,metaspace  ] GC(165) Metaspace: 52937K(56112K)->52937K(56112K) NonClass: 47089K(48816K)->47089K(48816K) Class: 5847K(7296K)->5847K(7296K)
[2025-10-31T21:28:22.020+0000][gc            ] GC(165) Pause Young (Mixed) (G1 Evacuation Pause) 228M->200M(512M) 15.304ms
[2025-10-31T21:28:22.020+0000][gc,cpu        ] GC(165) User=0.03s Sys=0.00s Real=0.02s
[2025-10-31T21:30:39.145+0000][gc,start      ] GC(166) Pause Young (Concurrent Start) (G1 Evacuation Pause)
[2025-10-31T21:30:39.145+0000][gc,task       ] GC(166) Using 2 workers of 2 for evacuation
[2025-10-31T21:30:39.158+0000][gc,phases     ] GC(166)   Pre Evacuate Collection Set: 0.3ms
[2025-10-31T21:30:39.158+0000][gc,phases     ] GC(166)   Evacuate Collection Set: 11.6ms
[2025-10-31T21:30:39.158+0000][gc,phases     ] GC(166)   Post Evacuate Collection Set: 0.6ms
[2025-10-31T21:30:39.158+0000][gc,phases     ] GC(166)   Other: 0.8ms
[2025-10-31T21:30:39.158+0000][gc,heap       ] GC(166) Eden regions: 43->0(43)
[2025-10-31T21:30:39.159+0000][gc,heap       ] GC(166) Survivor regions: 3->6(6)
[2025-10-31T21:30:39.159+0000][gc,heap       ] GC(166) Old regions: 52->52
[2025-10-31T21:30:39.159+0000][gc,heap       ] GC(166) Humongous regions: 147->147
[2025-10-31T21:30:39.159+0000][gc,metaspace  ] GC(166) Metaspace: 52957K(56112K)->52957K(56112K) NonClass: 47109K(48816K)->47109K(48816K) Class: 5847K(7296K)->5847K(7296K)
[2025-10-31T21:30:39.159+0000][gc            ] GC(166) Pause Young (Concurrent Start) (G1 Evacuation Pause) 243M->204M(512M) 14.623ms
[2025-10-31T21:30:39.159+0000][gc,cpu        ] GC(166) User=0.02s Sys=0.00s Real=0.01s
[2025-10-31T21:30:39.160+0000][gc            ] GC(167) Concurrent Cycle
[2025-10-31T21:30:39.160+0000][gc,marking    ] GC(167) Concurrent Clear Claimed Marks
[2025-10-31T21:30:39.160+0000][gc,marking    ] GC(167) Concurrent Clear Claimed Marks 0.376ms
[2025-10-31T21:30:39.160+0000][gc,marking    ] GC(167) Concurrent Scan Root Regions
[2025-10-31T21:30:39.165+0000][gc,marking    ] GC(167) Concurrent Scan Root Regions 4.698ms
[2025-10-31T21:30:39.165+0000][gc,marking    ] GC(167) Concurrent Mark (5879.874s)
[2025-10-31T21:30:39.165+0000][gc,marking    ] GC(167) Concurrent Mark From Roots
[2025-10-31T21:30:39.165+0000][gc,task       ] GC(167) Using 1 workers of 1 for marking
[2025-10-31T21:30:39.198+0000][gc,marking    ] GC(167) Concurrent Mark From Roots 32.999ms
[2025-10-31T21:30:39.199+0000][gc,marking    ] GC(167) Concurrent Preclean
[2025-10-31T21:30:39.199+0000][gc,marking    ] GC(167) Concurrent Preclean 0.402ms
[2025-10-31T21:30:39.199+0000][gc,marking    ] GC(167) Concurrent Mark (5879.874s, 5879.909s) 34.068ms
[2025-10-31T21:30:39.200+0000][gc,start      ] GC(167) Pause Remark
[2025-10-31T21:30:39.210+0000][gc,stringtable] GC(167) Cleaned string and symbol table, strings: 17037 processed, 0 removed, symbols: 123692 processed, 0 removed
[2025-10-31T21:30:39.212+0000][gc            ] GC(167) Pause Remark 204M->204M(512M) 12.676ms
[2025-10-31T21:30:39.217+0000][gc,cpu        ] GC(167) User=0.02s Sys=0.00s Real=0.02s
[2025-10-31T21:30:39.218+0000][gc,marking    ] GC(167) Concurrent Rebuild Remembered Sets
[2025-10-31T21:30:39.253+0000][gc,marking    ] GC(167) Concurrent Rebuild Remembered Sets 35.101ms
[2025-10-31T21:30:39.253+0000][gc,start      ] GC(167) Pause Cleanup
[2025-10-31T21:30:39.254+0000][gc            ] GC(167) Pause Cleanup 204M->204M(512M) 0.971ms
[2025-10-31T21:30:39.255+0000][gc,cpu        ] GC(167) User=0.00s Sys=0.00s Real=0.01s
[2025-10-31T21:30:39.255+0000][gc,marking    ] GC(167) Concurrent Cleanup for Next Mark
[2025-10-31T21:30:39.256+0000][gc,marking    ] GC(167) Concurrent Cleanup for Next Mark 0.902ms
[2025-10-31T21:30:39.257+0000][gc            ] GC(167) Concurrent Cycle 96.921ms
[2025-10-31T21:32:55.137+0000][gc,start      ] GC(168) Pause Young (Prepare Mixed) (G1 Evacuation Pause)
[2025-10-31T21:32:55.137+0000][gc,task       ] GC(168) Using 2 workers of 2 for evacuation
[2025-10-31T21:32:55.153+0000][gc,phases     ] GC(168)   Pre Evacuate Collection Set: 0.0ms
[2025-10-31T21:32:55.153+0000][gc,phases     ] GC(168)   Evacuate Collection Set: 14.8ms
[2025-10-31T21:32:55.153+0000][gc,phases     ] GC(168)   Post Evacuate Collection Set: 0.6ms
[2025-10-31T21:32:55.153+0000][gc,phases     ] GC(168)   Other: 0.5ms
[2025-10-31T21:32:55.153+0000][gc,heap       ] GC(168) Eden regions: 43->0(19)
[2025-10-31T21:32:55.154+0000][gc,heap       ] GC(168) Survivor regions: 6->6(7)
[2025-10-31T21:32:55.154+0000][gc,heap       ] GC(168) Old regions: 52->56
[2025-10-31T21:32:55.154+0000][gc,heap       ] GC(168) Humongous regions: 147->147
[2025-10-31T21:32:55.154+0000][gc,metaspace  ] GC(168) Metaspace: 52958K(56112K)->52958K(56112K) NonClass: 47110K(48816K)->47110K(48816K) Class: 5847K(7296K)->5847K(7296K)
[2025-10-31T21:32:55.154+0000][gc            ] GC(168) Pause Young (Prepare Mixed) (G1 Evacuation Pause) 247M->208M(512M) 17.188ms
[2025-10-31T21:32:55.154+0000][gc,cpu        ] GC(168) User=0.03s Sys=0.00s Real=0.01s
[2025-10-31T21:33:53.247+0000][gc,start      ] GC(169) Pause Young (Mixed) (G1 Evacuation Pause)
[2025-10-31T21:33:53.247+0000][gc,task       ] GC(169) Using 2 workers of 2 for evacuation
[2025-10-31T21:33:53.278+0000][gc,mmu        ] GC(169) MMU target violated: 21.0ms (20.0ms/21.0ms)
[2025-10-31T21:33:53.279+0000][gc,phases     ] GC(169)   Pre Evacuate Collection Set: 0.2ms
[2025-10-31T21:33:53.279+0000][gc,phases     ] GC(169)   Evacuate Collection Set: 23.2ms
[2025-10-31T21:33:53.279+0000][gc,phases     ] GC(169)   Post Evacuate Collection Set: 1.2ms
[2025-10-31T21:33:53.280+0000][gc,phases     ] GC(169)   Other: 7.1ms
[2025-10-31T21:33:53.280+0000][gc,heap       ] GC(169) Eden regions: 19->0(36)
[2025-10-31T21:33:53.281+0000][gc,heap       ] GC(169) Survivor regions: 6->3(4)
[2025-10-31T21:33:53.281+0000][gc,heap       ] GC(169) Old regions: 56->54
[2025-10-31T21:33:53.281+0000][gc,heap       ] GC(169) Humongous regions: 147->147
[2025-10-31T21:33:53.281+0000][gc,metaspace  ] GC(169) Metaspace: 52958K(56112K)->52958K(56112K) NonClass: 47110K(48816K)->47110K(48816K) Class: 5847K(7296K)->5847K(7296K)
[2025-10-31T21:33:53.282+0000][gc            ] GC(169) Pause Young (Mixed) (G1 Evacuation Pause) 227M->203M(512M) 34.575ms
[2025-10-31T21:33:53.282+0000][gc,cpu        ] GC(169) User=0.05s Sys=0.00s Real=0.04s
[2025-10-31T21:35:48.138+0000][gc,start      ] GC(170) Pause Young (Concurrent Start) (G1 Evacuation Pause)
[2025-10-31T21:35:48.138+0000][gc,task       ] GC(170) Using 2 workers of 2 for evacuation
[2025-10-31T21:35:48.148+0000][gc,phases     ] GC(170)   Pre Evacuate Collection Set: 0.2ms
[2025-10-31T21:35:48.148+0000][gc,phases     ] GC(170)   Evacuate Collection Set: 8.7ms
[2025-10-31T21:35:48.148+0000][gc,phases     ] GC(170)   Post Evacuate Collection Set: 0.6ms
[2025-10-31T21:35:48.149+0000][gc,phases     ] GC(170)   Other: 0.8ms
[2025-10-31T21:35:48.149+0000][gc,heap       ] GC(170) Eden regions: 36->0(36)
[2025-10-31T21:35:48.149+0000][gc,heap       ] GC(170) Survivor regions: 3->5(5)
[2025-10-31T21:35:48.149+0000][gc,heap       ] GC(170) Old regions: 54->54
[2025-10-31T21:35:48.149+0000][gc,heap       ] GC(170) Humongous regions: 147->147
[2025-10-31T21:35:48.149+0000][gc,metaspace  ] GC(170) Metaspace: 52958K(56112K)->52958K(56112K) NonClass: 47110K(48816K)->47110K(48816K) Class: 5847K(7296K)->5847K(7296K)
[2025-10-31T21:35:48.150+0000][gc            ] GC(170) Pause Young (Concurrent Start) (G1 Evacuation Pause) 239M->205M(512M) 11.859ms
[2025-10-31T21:35:48.150+0000][gc,cpu        ] GC(170) User=0.02s Sys=0.00s Real=0.01s
[2025-10-31T21:35:48.150+0000][gc            ] GC(171) Concurrent Cycle
[2025-10-31T21:35:48.150+0000][gc,marking    ] GC(171) Concurrent Clear Claimed Marks
[2025-10-31T21:35:48.152+0000][gc,marking    ] GC(171) Concurrent Clear Claimed Marks 1.793ms
[2025-10-31T21:35:48.152+0000][gc,marking    ] GC(171) Concurrent Scan Root Regions
[2025-10-31T21:35:48.156+0000][gc,marking    ] GC(171) Concurrent Scan Root Regions 4.275ms
[2025-10-31T21:35:48.156+0000][gc,marking    ] GC(171) Concurrent Mark (6188.860s)
[2025-10-31T21:35:48.157+0000][gc,marking    ] GC(171) Concurrent Mark From Roots
[2025-10-31T21:35:48.157+0000][gc,task       ] GC(171) Using 1 workers of 1 for marking
[2025-10-31T21:35:48.190+0000][gc,marking    ] GC(171) Concurrent Mark From Roots 33.228ms
[2025-10-31T21:35:48.190+0000][gc,marking    ] GC(171) Concurrent Preclean
[2025-10-31T21:35:48.190+0000][gc,marking    ] GC(171) Concurrent Preclean 0.325ms
[2025-10-31T21:35:48.191+0000][gc,marking    ] GC(171) Concurrent Mark (6188.860s, 6188.894s) 34.060ms
[2025-10-31T21:35:48.191+0000][gc,start      ] GC(171) Pause Remark
[2025-10-31T21:35:48.200+0000][gc,stringtable] GC(171) Cleaned string and symbol table, strings: 17037 processed, 0 removed, symbols: 123692 processed, 0 removed
[2025-10-31T21:35:48.200+0000][gc            ] GC(171) Pause Remark 206M->206M(512M) 9.322ms
[2025-10-31T21:35:48.201+0000][gc,cpu        ] GC(171) User=0.02s Sys=0.00s Real=0.01s
[2025-10-31T21:35:48.201+0000][gc,marking    ] GC(171) Concurrent Rebuild Remembered Sets
[2025-10-31T21:35:48.222+0000][gc,marking    ] GC(171) Concurrent Rebuild Remembered Sets 21.047ms
[2025-10-31T21:35:48.222+0000][gc,start      ] GC(171) Pause Cleanup
[2025-10-31T21:35:48.223+0000][gc            ] GC(171) Pause Cleanup 206M->206M(512M) 0.409ms
[2025-10-31T21:35:48.223+0000][gc,cpu        ] GC(171) User=0.00s Sys=0.00s Real=0.00s
[2025-10-31T21:35:48.223+0000][gc,marking    ] GC(171) Concurrent Cleanup for Next Mark
[2025-10-31T21:35:48.224+0000][gc,marking    ] GC(171) Concurrent Cleanup for Next Mark 0.577ms
[2025-10-31T21:35:48.224+0000][gc            ] GC(171) Concurrent Cycle 73.750ms
[2025-10-31T21:36:45.242+0000][gc,start      ] GC(172) Pause Young (Prepare Mixed) (G1 Evacuation Pause)
[2025-10-31T21:36:45.243+0000][gc,task       ] GC(172) Using 2 workers of 2 for evacuation
[2025-10-31T21:36:45.260+0000][gc,phases     ] GC(172)   Pre Evacuate Collection Set: 0.0ms
[2025-10-31T21:36:45.260+0000][gc,phases     ] GC(172)   Evacuate Collection Set: 15.8ms
[2025-10-31T21:36:45.261+0000][gc,phases     ] GC(172)   Post Evacuate Collection Set: 0.8ms
[2025-10-31T21:36:45.261+0000][gc,phases     ] GC(172)   Other: 1.3ms
[2025-10-31T21:36:45.261+0000][gc,heap       ] GC(172) Eden regions: 36->0(22)
[2025-10-31T21:36:45.261+0000][gc,heap       ] GC(172) Survivor regions: 5->3(6)
[2025-10-31T21:36:45.261+0000][gc,heap       ] GC(172) Old regions: 54->58
[2025-10-31T21:36:45.262+0000][gc,heap       ] GC(172) Humongous regions: 147->147
[2025-10-31T21:36:45.262+0000][gc,metaspace  ] GC(172) Metaspace: 52958K(56112K)->52958K(56112K) NonClass: 47110K(48816K)->47110K(48816K) Class: 5847K(7296K)->5847K(7296K)
[2025-10-31T21:36:45.263+0000][gc            ] GC(172) Pause Young (Prepare Mixed) (G1 Evacuation Pause) 241M->207M(512M) 20.667ms
[2025-10-31T21:36:45.263+0000][gc,cpu        ] GC(172) User=0.04s Sys=0.00s Real=0.02s
[2025-10-31T21:37:02.840+0000][gc,start      ] GC(173) Pause Young (Mixed) (G1 Evacuation Pause)
[2025-10-31T21:37:02.840+0000][gc,task       ] GC(173) Using 2 workers of 2 for evacuation
[2025-10-31T21:37:02.852+0000][gc,phases     ] GC(173)   Pre Evacuate Collection Set: 0.0ms
[2025-10-31T21:37:02.852+0000][gc,phases     ] GC(173)   Evacuate Collection Set: 10.9ms
[2025-10-31T21:37:02.853+0000][gc,phases     ] GC(173)   Post Evacuate Collection Set: 1.0ms
[2025-10-31T21:37:02.853+0000][gc,phases     ] GC(173)   Other: 0.8ms
[2025-10-31T21:37:02.853+0000][gc,heap       ] GC(173) Eden regions: 22->0(47)
[2025-10-31T21:37:02.853+0000][gc,heap       ] GC(173) Survivor regions: 3->2(4)
[2025-10-31T21:37:02.854+0000][gc,heap       ] GC(173) Old regions: 58->54
[2025-10-31T21:37:02.854+0000][gc,heap       ] GC(173) Humongous regions: 147->147
[2025-10-31T21:37:02.854+0000][gc,metaspace  ] GC(173) Metaspace: 52971K(56112K)->52971K(56112K) NonClass: 47123K(48816K)->47123K(48816K) Class: 5847K(7296K)->5847K(7296K)
[2025-10-31T21:37:02.854+0000][gc            ] GC(173) Pause Young (Mixed) (G1 Evacuation Pause) 229M->202M(512M) 14.445ms
[2025-10-31T21:37:02.854+0000][gc,cpu        ] GC(173) User=0.02s Sys=0.00s Real=0.02s
[2025-10-31T21:38:21.470+0000][gc,start      ] GC(174) Pause Young (Concurrent Start) (G1 Evacuation Pause)
[2025-10-31T21:38:21.470+0000][gc,task       ] GC(174) Using 2 workers of 2 for evacuation
[2025-10-31T21:38:21.482+0000][gc,phases     ] GC(174)   Pre Evacuate Collection Set: 0.2ms
[2025-10-31T21:38:21.482+0000][gc,phases     ] GC(174)   Evacuate Collection Set: 10.4ms
[2025-10-31T21:38:21.482+0000][gc,phases     ] GC(174)   Post Evacuate Collection Set: 0.7ms
[2025-10-31T21:38:21.482+0000][gc,phases     ] GC(174)   Other: 0.6ms
[2025-10-31T21:38:21.482+0000][gc,heap       ] GC(174) Eden regions: 36->0(40)
[2025-10-31T21:38:21.482+0000][gc,heap       ] GC(174) Survivor regions: 2->5(5)
[2025-10-31T21:38:21.483+0000][gc,heap       ] GC(174) Old regions: 54->54
[2025-10-31T21:38:21.483+0000][gc,heap       ] GC(174) Humongous regions: 147->147
[2025-10-31T21:38:21.483+0000][gc,metaspace  ] GC(174) Metaspace: 52971K(56112K)->52971K(56112K) NonClass: 47123K(48816K)->47123K(48816K) Class: 5847K(7296K)->5847K(7296K)
[2025-10-31T21:38:21.483+0000][gc            ] GC(174) Pause Young (Concurrent Start) (G1 Evacuation Pause) 238M->205M(512M) 13.352ms
[2025-10-31T21:38:21.483+0000][gc,cpu        ] GC(174) User=0.03s Sys=0.00s Real=0.02s
[2025-10-31T21:38:21.483+0000][gc            ] GC(175) Concurrent Cycle
[2025-10-31T21:38:21.484+0000][gc,marking    ] GC(175) Concurrent Clear Claimed Marks
[2025-10-31T21:38:21.484+0000][gc,marking    ] GC(175) Concurrent Clear Claimed Marks 0.348ms
[2025-10-31T21:38:21.484+0000][gc,marking    ] GC(175) Concurrent Scan Root Regions
[2025-10-31T21:38:21.489+0000][gc,marking    ] GC(175) Concurrent Scan Root Regions 4.594ms
[2025-10-31T21:38:21.489+0000][gc,marking    ] GC(175) Concurrent Mark (6342.189s)
[2025-10-31T21:38:21.489+0000][gc,marking    ] GC(175) Concurrent Mark From Roots
[2025-10-31T21:38:21.489+0000][gc,task       ] GC(175) Using 1 workers of 1 for marking
[2025-10-31T21:38:21.524+0000][gc,marking    ] GC(175) Concurrent Mark From Roots 34.732ms
[2025-10-31T21:38:21.524+0000][gc,marking    ] GC(175) Concurrent Preclean
[2025-10-31T21:38:21.525+0000][gc,marking    ] GC(175) Concurrent Preclean 0.394ms
[2025-10-31T21:38:21.525+0000][gc,marking    ] GC(175) Concurrent Mark (6342.189s, 6342.225s) 35.917ms
[2025-10-31T21:38:21.525+0000][gc,start      ] GC(175) Pause Remark
[2025-10-31T21:38:21.534+0000][gc,stringtable] GC(175) Cleaned string and symbol table, strings: 17047 processed, 0 removed, symbols: 123692 processed, 0 removed
[2025-10-31T21:38:21.534+0000][gc            ] GC(175) Pause Remark 205M->205M(512M) 8.996ms
[2025-10-31T21:38:21.535+0000][gc,cpu        ] GC(175) User=0.02s Sys=0.00s Real=0.01s
[2025-10-31T21:38:21.535+0000][gc,marking    ] GC(175) Concurrent Rebuild Remembered Sets
[2025-10-31T21:38:21.556+0000][gc,marking    ] GC(175) Concurrent Rebuild Remembered Sets 21.016ms
[2025-10-31T21:38:21.556+0000][gc,start      ] GC(175) Pause Cleanup
[2025-10-31T21:38:21.557+0000][gc            ] GC(175) Pause Cleanup 205M->205M(512M) 0.426ms
[2025-10-31T21:38:21.557+0000][gc,cpu        ] GC(175) User=0.00s Sys=0.00s Real=0.00s
[2025-10-31T21:38:21.557+0000][gc,marking    ] GC(175) Concurrent Cleanup for Next Mark
[2025-10-31T21:38:21.558+0000][gc,marking    ] GC(175) Concurrent Cleanup for Next Mark 0.811ms
[2025-10-31T21:38:21.558+0000][gc            ] GC(175) Concurrent Cycle 74.950ms
[2025-10-31T21:40:16.893+0000][gc,start      ] GC(176) Pause Young (Prepare Mixed) (G1 Evacuation Pause)
[2025-10-31T21:40:16.893+0000][gc,task       ] GC(176) Using 2 workers of 2 for evacuation
[2025-10-31T21:40:16.911+0000][gc,phases     ] GC(176)   Pre Evacuate Collection Set: 0.0ms
[2025-10-31T21:40:16.911+0000][gc,phases     ] GC(176)   Evacuate Collection Set: 16.2ms
[2025-10-31T21:40:16.911+0000][gc,phases     ] GC(176)   Post Evacuate Collection Set: 0.9ms
[2025-10-31T21:40:16.912+0000][gc,phases     ] GC(176)   Other: 1.1ms
[2025-10-31T21:40:16.912+0000][gc,heap       ] GC(176) Eden regions: 40->0(19)
[2025-10-31T21:40:16.912+0000][gc,heap       ] GC(176) Survivor regions: 5->6(6)
[2025-10-31T21:40:16.912+0000][gc,heap       ] GC(176) Old regions: 54->58
[2025-10-31T21:40:16.912+0000][gc,heap       ] GC(176) Humongous regions: 147->147
[2025-10-31T21:40:16.912+0000][gc,metaspace  ] GC(176) Metaspace: 52971K(56112K)->52971K(56112K) NonClass: 47123K(48816K)->47123K(48816K) Class: 5847K(7296K)->5847K(7296K)
[2025-10-31T21:40:16.913+0000][gc            ] GC(176) Pause Young (Prepare Mixed) (G1 Evacuation Pause) 245M->209M(512M) 19.890ms
[2025-10-31T21:40:16.913+0000][gc,cpu        ] GC(176) User=0.03s Sys=0.00s Real=0.02s
[2025-10-31T21:41:10.182+0000][gc,start      ] GC(177) Pause Young (Mixed) (G1 Evacuation Pause)
[2025-10-31T21:41:10.182+0000][gc,task       ] GC(177) Using 2 workers of 2 for evacuation
[2025-10-31T21:41:10.195+0000][gc,phases     ] GC(177)   Pre Evacuate Collection Set: 0.0ms
[2025-10-31T21:41:10.195+0000][gc,phases     ] GC(177)   Evacuate Collection Set: 11.3ms
[2025-10-31T21:41:10.195+0000][gc,phases     ] GC(177)   Post Evacuate Collection Set: 0.7ms
[2025-10-31T21:41:10.196+0000][gc,phases     ] GC(177)   Other: 0.5ms
[2025-10-31T21:41:10.196+0000][gc,heap       ] GC(177) Eden regions: 19->0(43)
[2025-10-31T21:41:10.196+0000][gc,heap       ] GC(177) Survivor regions: 6->4(4)
[2025-10-31T21:41:10.196+0000][gc,heap       ] GC(177) Old regions: 58->54
[2025-10-31T21:41:10.196+0000][gc,heap       ] GC(177) Humongous regions: 147->147
[2025-10-31T21:41:10.196+0000][gc,metaspace  ] GC(177) Metaspace: 52971K(56112K)->52971K(56112K) NonClass: 47123K(48816K)->47123K(48816K) Class: 5847K(7296K)->5847K(7296K)
[2025-10-31T21:41:10.197+0000][gc            ] GC(177) Pause Young (Mixed) (G1 Evacuation Pause) 228M->204M(512M) 14.295ms
[2025-10-31T21:41:10.197+0000][gc,cpu        ] GC(177) User=0.03s Sys=0.00s Real=0.02s
[2025-10-31T21:43:12.870+0000][gc,start      ] GC(178) Pause Young (Concurrent Start) (G1 Evacuation Pause)
[2025-10-31T21:43:12.871+0000][gc,task       ] GC(178) Using 2 workers of 2 for evacuation
[2025-10-31T21:43:12.881+0000][gc,phases     ] GC(178)   Pre Evacuate Collection Set: 0.2ms
[2025-10-31T21:43:12.882+0000][gc,phases     ] GC(178)   Evacuate Collection Set: 9.5ms
[2025-10-31T21:43:12.882+0000][gc,phases     ] GC(178)   Post Evacuate Collection Set: 0.6ms
[2025-10-31T21:43:12.882+0000][gc,phases     ] GC(178)   Other: 0.6ms
[2025-10-31T21:43:12.882+0000][gc,heap       ] GC(178) Eden regions: 43->0(44)
[2025-10-31T21:43:12.882+0000][gc,heap       ] GC(178) Survivor regions: 4->6(6)
[2025-10-31T21:43:12.883+0000][gc,heap       ] GC(178) Old regions: 54->54
[2025-10-31T21:43:12.883+0000][gc,heap       ] GC(178) Humongous regions: 147->147
[2025-10-31T21:43:12.883+0000][gc,metaspace  ] GC(178) Metaspace: 52971K(56112K)->52971K(56112K) NonClass: 47123K(48816K)->47123K(48816K) Class: 5847K(7296K)->5847K(7296K)
[2025-10-31T21:43:12.883+0000][gc            ] GC(178) Pause Young (Concurrent Start) (G1 Evacuation Pause) 247M->206M(512M) 12.633ms
[2025-10-31T21:43:12.883+0000][gc,cpu        ] GC(178) User=0.02s Sys=0.00s Real=0.01s
[2025-10-31T21:43:12.883+0000][gc            ] GC(179) Concurrent Cycle
[2025-10-31T21:43:12.884+0000][gc,marking    ] GC(179) Concurrent Clear Claimed Marks
[2025-10-31T21:43:12.884+0000][gc,marking    ] GC(179) Concurrent Clear Claimed Marks 0.325ms
[2025-10-31T21:43:12.884+0000][gc,marking    ] GC(179) Concurrent Scan Root Regions
[2025-10-31T21:43:12.889+0000][gc,marking    ] GC(179) Concurrent Scan Root Regions 5.086ms
[2025-10-31T21:43:12.890+0000][gc,marking    ] GC(179) Concurrent Mark (6633.596s)
[2025-10-31T21:43:12.890+0000][gc,marking    ] GC(179) Concurrent Mark From Roots
[2025-10-31T21:43:12.890+0000][gc,task       ] GC(179) Using 1 workers of 1 for marking
[2025-10-31T21:43:12.924+0000][gc,marking    ] GC(179) Concurrent Mark From Roots 34.348ms
[2025-10-31T21:43:12.924+0000][gc,marking    ] GC(179) Concurrent Preclean
[2025-10-31T21:43:12.925+0000][gc,marking    ] GC(179) Concurrent Preclean 0.381ms
[2025-10-31T21:43:12.925+0000][gc,marking    ] GC(179) Concurrent Mark (6633.596s, 6633.632s) 35.411ms
[2025-10-31T21:43:12.926+0000][gc,start      ] GC(179) Pause Remark
[2025-10-31T21:43:12.935+0000][gc,stringtable] GC(179) Cleaned string and symbol table, strings: 17047 processed, 0 removed, symbols: 123692 processed, 0 removed
[2025-10-31T21:43:12.936+0000][gc            ] GC(179) Pause Remark 206M->206M(512M) 10.051ms
[2025-10-31T21:43:12.936+0000][gc,cpu        ] GC(179) User=0.02s Sys=0.00s Real=0.01s
[2025-10-31T21:43:12.936+0000][gc,marking    ] GC(179) Concurrent Rebuild Remembered Sets
[2025-10-31T21:43:12.958+0000][gc,marking    ] GC(179) Concurrent Rebuild Remembered Sets 21.920ms
[2025-10-31T21:43:12.959+0000][gc,start      ] GC(179) Pause Cleanup
[2025-10-31T21:43:12.959+0000][gc            ] GC(179) Pause Cleanup 206M->206M(512M) 0.423ms
[2025-10-31T21:43:12.959+0000][gc,cpu        ] GC(179) User=0.00s Sys=0.00s Real=0.00s
[2025-10-31T21:43:12.959+0000][gc,marking    ] GC(179) Concurrent Cleanup for Next Mark
[2025-10-31T21:43:12.960+0000][gc,marking    ] GC(179) Concurrent Cleanup for Next Mark 0.652ms
[2025-10-31T21:43:12.960+0000][gc            ] GC(179) Concurrent Cycle 76.705ms
[2025-10-31T21:45:20.946+0000][gc,start      ] GC(180) Pause Young (Prepare Mixed) (G1 Evacuation Pause)
[2025-10-31T21:45:20.946+0000][gc,task       ] GC(180) Using 2 workers of 2 for evacuation
[2025-10-31T21:45:20.962+0000][gc,phases     ] GC(180)   Pre Evacuate Collection Set: 0.0ms
[2025-10-31T21:45:20.962+0000][gc,phases     ] GC(180)   Evacuate Collection Set: 14.6ms
[2025-10-31T21:45:20.962+0000][gc,phases     ] GC(180)   Post Evacuate Collection Set: 0.7ms
[2025-10-31T21:45:20.962+0000][gc,phases     ] GC(180)   Other: 0.5ms
[2025-10-31T21:45:20.963+0000][gc,heap       ] GC(180) Eden regions: 44->0(20)
[2025-10-31T21:45:20.963+0000][gc,heap       ] GC(180) Survivor regions: 6->5(7)
[2025-10-31T21:45:20.963+0000][gc,heap       ] GC(180) Old regions: 54->59
[2025-10-31T21:45:20.963+0000][gc,heap       ] GC(180) Humongous regions: 147->147
[2025-10-31T21:45:20.963+0000][gc,metaspace  ] GC(180) Metaspace: 52971K(56112K)->52971K(56112K) NonClass: 47123K(48816K)->47123K(48816K) Class: 5847K(7296K)->5847K(7296K)
[2025-10-31T21:45:20.963+0000][gc            ] GC(180) Pause Young (Prepare Mixed) (G1 Evacuation Pause) 250M->210M(512M) 17.021ms
[2025-10-31T21:45:20.963+0000][gc,cpu        ] GC(180) User=0.03s Sys=0.00s Real=0.02s
[2025-10-31T21:46:17.200+0000][gc,start      ] GC(181) Pause Young (Mixed) (G1 Evacuation Pause)
[2025-10-31T21:46:17.200+0000][gc,task       ] GC(181) Using 2 workers of 2 for evacuation
[2025-10-31T21:46:17.212+0000][gc,phases     ] GC(181)   Pre Evacuate Collection Set: 0.0ms
[2025-10-31T21:46:17.213+0000][gc,phases     ] GC(181)   Evacuate Collection Set: 10.7ms
[2025-10-31T21:46:17.213+0000][gc,phases     ] GC(181)   Post Evacuate Collection Set: 0.6ms
[2025-10-31T21:46:17.213+0000][gc,phases     ] GC(181)   Other: 0.8ms
[2025-10-31T21:46:17.213+0000][gc,heap       ] GC(181) Eden regions: 20->0(53)
[2025-10-31T21:46:17.213+0000][gc,heap       ] GC(181) Survivor regions: 5->3(4)
[2025-10-31T21:46:17.213+0000][gc,heap       ] GC(181) Old regions: 59->56
[2025-10-31T21:46:17.213+0000][gc,heap       ] GC(181) Humongous regions: 147->147
[2025-10-31T21:46:17.214+0000][gc,metaspace  ] GC(181) Metaspace: 52972K(56112K)->52972K(56112K) NonClass: 47124K(48816K)->47124K(48816K) Class: 5847K(7296K)->5847K(7296K)
[2025-10-31T21:46:17.214+0000][gc            ] GC(181) Pause Young (Mixed) (G1 Evacuation Pause) 230M->205M(512M) 13.611ms
[2025-10-31T21:46:17.214+0000][gc,cpu        ] GC(181) User=0.02s Sys=0.00s Real=0.02s
[2025-10-31T21:48:51.165+0000][gc,start      ] GC(182) Pause Young (Concurrent Start) (G1 Evacuation Pause)
[2025-10-31T21:48:51.165+0000][gc,task       ] GC(182) Using 2 workers of 2 for evacuation
[2025-10-31T21:48:51.180+0000][gc,phases     ] GC(182)   Pre Evacuate Collection Set: 0.2ms
[2025-10-31T21:48:51.181+0000][gc,phases     ] GC(182)   Evacuate Collection Set: 13.8ms
[2025-10-31T21:48:51.181+0000][gc,phases     ] GC(182)   Post Evacuate Collection Set: 0.8ms
[2025-10-31T21:48:51.181+0000][gc,phases     ] GC(182)   Other: 0.7ms
[2025-10-31T21:48:51.181+0000][gc,heap       ] GC(182) Eden regions: 53->0(45)
[2025-10-31T21:48:51.181+0000][gc,heap       ] GC(182) Survivor regions: 3->6(7)
[2025-10-31T21:48:51.181+0000][gc,heap       ] GC(182) Old regions: 56->56
[2025-10-31T21:48:51.181+0000][gc,heap       ] GC(182) Humongous regions: 147->147
[2025-10-31T21:48:51.182+0000][gc,metaspace  ] GC(182) Metaspace: 52972K(56112K)->52972K(56112K) NonClass: 47124K(48816K)->47124K(48816K) Class: 5847K(7296K)->5847K(7296K)
[2025-10-31T21:48:51.182+0000][gc            ] GC(182) Pause Young (Concurrent Start) (G1 Evacuation Pause) 258M->208M(512M) 16.794ms
[2025-10-31T21:48:51.182+0000][gc,cpu        ] GC(182) User=0.03s Sys=0.00s Real=0.02s
[2025-10-31T21:48:51.182+0000][gc            ] GC(183) Concurrent Cycle
[2025-10-31T21:48:51.183+0000][gc,marking    ] GC(183) Concurrent Clear Claimed Marks
[2025-10-31T21:48:51.183+0000][gc,marking    ] GC(183) Concurrent Clear Claimed Marks 0.386ms
[2025-10-31T21:48:51.183+0000][gc,marking    ] GC(183) Concurrent Scan Root Regions
[2025-10-31T21:48:51.190+0000][gc,marking    ] GC(183) Concurrent Scan Root Regions 6.751ms
[2025-10-31T21:48:51.190+0000][gc,marking    ] GC(183) Concurrent Mark (6971.866s)
[2025-10-31T21:48:51.190+0000][gc,marking    ] GC(183) Concurrent Mark From Roots
[2025-10-31T21:48:51.190+0000][gc,task       ] GC(183) Using 1 workers of 1 for marking
[2025-10-31T21:48:51.225+0000][gc,marking    ] GC(183) Concurrent Mark From Roots 34.738ms
[2025-10-31T21:48:51.225+0000][gc,marking    ] GC(183) Concurrent Preclean
[2025-10-31T21:48:51.226+0000][gc,marking    ] GC(183) Concurrent Preclean 0.301ms
[2025-10-31T21:48:51.226+0000][gc,marking    ] GC(183) Concurrent Mark (6971.866s, 6971.902s) 35.516ms
[2025-10-31T21:48:51.226+0000][gc,start      ] GC(183) Pause Remark
[2025-10-31T21:48:51.237+0000][gc,stringtable] GC(183) Cleaned string and symbol table, strings: 17047 processed, 0 removed, symbols: 123692 processed, 0 removed
[2025-10-31T21:48:51.238+0000][gc            ] GC(183) Pause Remark 208M->208M(512M) 11.674ms
[2025-10-31T21:48:51.238+0000][gc,cpu        ] GC(183) User=0.02s Sys=0.00s Real=0.02s
[2025-10-31T21:48:51.238+0000][gc,marking    ] GC(183) Concurrent Rebuild Remembered Sets
[2025-10-31T21:48:51.259+0000][gc,marking    ] GC(183) Concurrent Rebuild Remembered Sets 20.750ms
[2025-10-31T21:48:51.259+0000][gc,start      ] GC(183) Pause Cleanup
[2025-10-31T21:48:51.260+0000][gc            ] GC(183) Pause Cleanup 209M->209M(512M) 0.438ms
[2025-10-31T21:48:51.260+0000][gc,cpu        ] GC(183) User=0.00s Sys=0.00s Real=0.00s
[2025-10-31T21:48:51.260+0000][gc,marking    ] GC(183) Concurrent Cleanup for Next Mark
[2025-10-31T21:48:51.261+0000][gc,marking    ] GC(183) Concurrent Cleanup for Next Mark 0.668ms
[2025-10-31T21:48:51.261+0000][gc            ] GC(183) Concurrent Cycle 79.010ms
[2025-10-31T21:51:02.060+0000][gc,start      ] GC(184) Pause Young (Prepare Mixed) (G1 Evacuation Pause)
[2025-10-31T21:51:02.061+0000][gc,task       ] GC(184) Using 2 workers of 2 for evacuation
[2025-10-31T21:51:02.076+0000][gc,phases     ] GC(184)   Pre Evacuate Collection Set: 0.0ms
[2025-10-31T21:51:02.076+0000][gc,phases     ] GC(184)   Evacuate Collection Set: 14.1ms
[2025-10-31T21:51:02.076+0000][gc,phases     ] GC(184)   Post Evacuate Collection Set: 0.7ms
[2025-10-31T21:51:02.077+0000][gc,phases     ] GC(184)   Other: 1.0ms
[2025-10-31T21:51:02.077+0000][gc,heap       ] GC(184) Eden regions: 45->0(19)
[2025-10-31T21:51:02.077+0000][gc,heap       ] GC(184) Survivor regions: 6->6(7)
[2025-10-31T21:51:02.077+0000][gc,heap       ] GC(184) Old regions: 56->62
[2025-10-31T21:51:02.077+0000][gc,heap       ] GC(184) Humongous regions: 147->147
[2025-10-31T21:51:02.078+0000][gc,metaspace  ] GC(184) Metaspace: 52978K(56112K)->52978K(56112K) NonClass: 47130K(48816K)->47130K(48816K) Class: 5847K(7296K)->5847K(7296K)
[2025-10-31T21:51:02.078+0000][gc            ] GC(184) Pause Young (Prepare Mixed) (G1 Evacuation Pause) 253M->213M(512M) 17.738ms
[2025-10-31T21:51:02.078+0000][gc,cpu        ] GC(184) User=0.03s Sys=0.00s Real=0.01s
[2025-10-31T21:51:55.644+0000][gc,start      ] GC(185) Pause Young (Mixed) (G1 Evacuation Pause)
[2025-10-31T21:51:55.644+0000][gc,task       ] GC(185) Using 2 workers of 2 for evacuation
[2025-10-31T21:51:55.656+0000][gc,phases     ] GC(185)   Pre Evacuate Collection Set: 0.0ms
[2025-10-31T21:51:55.656+0000][gc,phases     ] GC(185)   Evacuate Collection Set: 10.2ms
[2025-10-31T21:51:55.656+0000][gc,phases     ] GC(185)   Post Evacuate Collection Set: 0.7ms
[2025-10-31T21:51:55.656+0000][gc,phases     ] GC(185)   Other: 0.6ms
[2025-10-31T21:51:55.657+0000][gc,heap       ] GC(185) Eden regions: 19->0(53)
[2025-10-31T21:51:55.657+0000][gc,heap       ] GC(185) Survivor regions: 6->3(4)
[2025-10-31T21:51:55.657+0000][gc,heap       ] GC(185) Old regions: 62->56
[2025-10-31T21:51:55.657+0000][gc,heap       ] GC(185) Humongous regions: 147->147
[2025-10-31T21:51:55.657+0000][gc,metaspace  ] GC(185) Metaspace: 52978K(56112K)->52978K(56112K) NonClass: 47130K(48816K)->47130K(48816K) Class: 5847K(7296K)->5847K(7296K)
[2025-10-31T21:51:55.657+0000][gc            ] GC(185) Pause Young (Mixed) (G1 Evacuation Pause) 232M->205M(512M) 13.239ms
[2025-10-31T21:51:55.658+0000][gc,cpu        ] GC(185) User=0.02s Sys=0.00s Real=0.01s
[2025-10-31T21:54:15.767+0000][gc,start      ] GC(186) Pause Young (Concurrent Start) (G1 Evacuation Pause)
[2025-10-31T21:54:15.767+0000][gc,task       ] GC(186) Using 2 workers of 2 for evacuation
[2025-10-31T21:54:15.781+0000][gc,phases     ] GC(186)   Pre Evacuate Collection Set: 0.2ms
[2025-10-31T21:54:15.782+0000][gc,phases     ] GC(186)   Evacuate Collection Set: 12.8ms
[2025-10-31T21:54:15.782+0000][gc,phases     ] GC(186)   Post Evacuate Collection Set: 0.7ms
[2025-10-31T21:54:15.782+0000][gc,phases     ] GC(186)   Other: 0.8ms
[2025-10-31T21:54:15.782+0000][gc,heap       ] GC(186) Eden regions: 53->0(49)
[2025-10-31T21:54:15.782+0000][gc,heap       ] GC(186) Survivor regions: 3->7(7)
[2025-10-31T21:54:15.783+0000][gc,heap       ] GC(186) Old regions: 56->57
[2025-10-31T21:54:15.783+0000][gc,heap       ] GC(186) Humongous regions: 147->147
[2025-10-31T21:54:15.783+0000][gc,metaspace  ] GC(186) Metaspace: 52981K(56112K)->52981K(56112K) NonClass: 47133K(48816K)->47133K(48816K) Class: 5847K(7296K)->5847K(7296K)
[2025-10-31T21:54:15.783+0000][gc            ] GC(186) Pause Young (Concurrent Start) (G1 Evacuation Pause) 258M->211M(512M) 16.116ms
[2025-10-31T21:54:15.783+0000][gc,cpu        ] GC(186) User=0.02s Sys=0.00s Real=0.02s
[2025-10-31T21:54:15.784+0000][gc            ] GC(187) Concurrent Cycle
[2025-10-31T21:54:15.784+0000][gc,marking    ] GC(187) Concurrent Clear Claimed Marks
[2025-10-31T21:54:15.784+0000][gc,marking    ] GC(187) Concurrent Clear Claimed Marks 0.328ms
[2025-10-31T21:54:15.784+0000][gc,marking    ] GC(187) Concurrent Scan Root Regions
[2025-10-31T21:54:15.789+0000][gc,marking    ] GC(187) Concurrent Scan Root Regions 4.612ms
[2025-10-31T21:54:15.789+0000][gc,marking    ] GC(187) Concurrent Mark (7296.461s)
[2025-10-31T21:54:15.789+0000][gc,marking    ] GC(187) Concurrent Mark From Roots
[2025-10-31T21:54:15.790+0000][gc,task       ] GC(187) Using 1 workers of 1 for marking
[2025-10-31T21:54:15.824+0000][gc,marking    ] GC(187) Concurrent Mark From Roots 34.151ms
[2025-10-31T21:54:15.824+0000][gc,marking    ] GC(187) Concurrent Preclean
[2025-10-31T21:54:15.824+0000][gc,marking    ] GC(187) Concurrent Preclean 0.317ms
[2025-10-31T21:54:15.824+0000][gc,marking    ] GC(187) Concurrent Mark (7296.461s, 7296.496s) 35.110ms
[2025-10-31T21:54:15.825+0000][gc,start      ] GC(187) Pause Remark
[2025-10-31T21:54:15.834+0000][gc,stringtable] GC(187) Cleaned string and symbol table, strings: 17050 processed, 0 removed, symbols: 123692 processed, 0 removed
[2025-10-31T21:54:15.835+0000][gc            ] GC(187) Pause Remark 211M->211M(512M) 9.740ms
[2025-10-31T21:54:15.835+0000][gc,cpu        ] GC(187) User=0.01s Sys=0.00s Real=0.01s
[2025-10-31T21:54:15.835+0000][gc,marking    ] GC(187) Concurrent Rebuild Remembered Sets
[2025-10-31T21:54:15.909+0000][gc,marking    ] GC(187) Concurrent Rebuild Remembered Sets 74.210ms
[2025-10-31T21:54:15.910+0000][gc,start      ] GC(187) Pause Cleanup
[2025-10-31T21:54:15.911+0000][gc            ] GC(187) Pause Cleanup 211M->211M(512M) 0.456ms
[2025-10-31T21:54:15.911+0000][gc,cpu        ] GC(187) User=0.00s Sys=0.00s Real=0.00s
[2025-10-31T21:54:15.911+0000][gc,marking    ] GC(187) Concurrent Cleanup for Next Mark
[2025-10-31T21:54:15.912+0000][gc,marking    ] GC(187) Concurrent Cleanup for Next Mark 0.734ms
[2025-10-31T21:54:15.912+0000][gc            ] GC(187) Concurrent Cycle 128.489ms
[2025-10-31T21:56:35.238+0000][gc,start      ] GC(188) Pause Young (Prepare Mixed) (G1 Evacuation Pause)
[2025-10-31T21:56:35.238+0000][gc,task       ] GC(188) Using 2 workers of 2 for evacuation
[2025-10-31T21:56:35.252+0000][gc,phases     ] GC(188)   Pre Evacuate Collection Set: 0.0ms
[2025-10-31T21:56:35.252+0000][gc,phases     ] GC(188)   Evacuate Collection Set: 12.2ms
[2025-10-31T21:56:35.252+0000][gc,phases     ] GC(188)   Post Evacuate Collection Set: 0.7ms
[2025-10-31T21:56:35.252+0000][gc,phases     ] GC(188)   Other: 0.8ms
[2025-10-31T21:56:35.252+0000][gc,heap       ] GC(188) Eden regions: 49->0(21)
[2025-10-31T21:56:35.252+0000][gc,heap       ] GC(188) Survivor regions: 7->4(7)
[2025-10-31T21:56:35.253+0000][gc,heap       ] GC(188) Old regions: 57->62
[2025-10-31T21:56:35.253+0000][gc,heap       ] GC(188) Humongous regions: 147->147
[2025-10-31T21:56:35.253+0000][gc,metaspace  ] GC(188) Metaspace: 52982K(56112K)->52982K(56112K) NonClass: 47135K(48816K)->47135K(48816K) Class: 5847K(7296K)->5847K(7296K)
[2025-10-31T21:56:35.253+0000][gc            ] GC(188) Pause Young (Prepare Mixed) (G1 Evacuation Pause) 259M->212M(512M) 15.012ms
[2025-10-31T21:56:35.253+0000][gc,cpu        ] GC(188) User=0.03s Sys=0.00s Real=0.01s
[2025-10-31T21:57:34.630+0000][gc,start      ] GC(189) Pause Young (Mixed) (G1 Evacuation Pause)
[2025-10-31T21:57:34.630+0000][gc,task       ] GC(189) Using 2 workers of 2 for evacuation
[2025-10-31T21:57:34.643+0000][gc,phases     ] GC(189)   Pre Evacuate Collection Set: 0.0ms
[2025-10-31T21:57:34.643+0000][gc,phases     ] GC(189)   Evacuate Collection Set: 10.9ms
[2025-10-31T21:57:34.643+0000][gc,phases     ] GC(189)   Post Evacuate Collection Set: 0.7ms
[2025-10-31T21:57:34.643+0000][gc,phases     ] GC(189)   Other: 0.7ms
[2025-10-31T21:57:34.643+0000][gc,heap       ] GC(189) Eden regions: 21->0(59)
[2025-10-31T21:57:34.644+0000][gc,heap       ] GC(189) Survivor regions: 4->3(4)
[2025-10-31T21:57:34.644+0000][gc,heap       ] GC(189) Old regions: 62->55
[2025-10-31T21:57:34.644+0000][gc,heap       ] GC(189) Humongous regions: 147->147
[2025-10-31T21:57:34.644+0000][gc,metaspace  ] GC(189) Metaspace: 52983K(56112K)->52983K(56112K) NonClass: 47135K(48816K)->47135K(48816K) Class: 5847K(7296K)->5847K(7296K)
[2025-10-31T21:57:34.644+0000][gc            ] GC(189) Pause Young (Mixed) (G1 Evacuation Pause) 233M->204M(512M) 14.259ms
[2025-10-31T21:57:34.645+0000][gc,cpu        ] GC(189) User=0.02s Sys=0.00s Real=0.01s
[2025-10-31T22:00:26.409+0000][gc,start      ] GC(190) Pause Young (Concurrent Start) (G1 Evacuation Pause)
[2025-10-31T22:00:26.409+0000][gc,task       ] GC(190) Using 2 workers of 2 for evacuation
[2025-10-31T22:00:26.424+0000][gc,phases     ] GC(190)   Pre Evacuate Collection Set: 0.3ms
[2025-10-31T22:00:26.424+0000][gc,phases     ] GC(190)   Evacuate Collection Set: 12.9ms
[2025-10-31T22:00:26.424+0000][gc,phases     ] GC(190)   Post Evacuate Collection Set: 0.6ms
[2025-10-31T22:00:26.424+0000][gc,phases     ] GC(190)   Other: 1.0ms
[2025-10-31T22:00:26.425+0000][gc,heap       ] GC(190) Eden regions: 59->0(56)
[2025-10-31T22:00:26.425+0000][gc,heap       ] GC(190) Survivor regions: 3->8(8)
[2025-10-31T22:00:26.425+0000][gc,heap       ] GC(190) Old regions: 55->55
[2025-10-31T22:00:26.425+0000][gc,heap       ] GC(190) Humongous regions: 147->147
[2025-10-31T22:00:26.425+0000][gc,metaspace  ] GC(190) Metaspace: 52986K(56112K)->52986K(56112K) NonClass: 47138K(48816K)->47138K(48816K) Class: 5847K(7296K)->5847K(7296K)
[2025-10-31T22:00:26.425+0000][gc            ] GC(190) Pause Young (Concurrent Start) (G1 Evacuation Pause) 263M->208M(512M) 16.378ms
[2025-10-31T22:00:26.426+0000][gc,cpu        ] GC(190) User=0.02s Sys=0.00s Real=0.01s
[2025-10-31T22:00:26.426+0000][gc            ] GC(191) Concurrent Cycle
[2025-10-31T22:00:26.426+0000][gc,marking    ] GC(191) Concurrent Clear Claimed Marks
[2025-10-31T22:00:26.426+0000][gc,marking    ] GC(191) Concurrent Clear Claimed Marks 0.360ms
[2025-10-31T22:00:26.426+0000][gc,marking    ] GC(191) Concurrent Scan Root Regions
[2025-10-31T22:00:26.431+0000][gc,marking    ] GC(191) Concurrent Scan Root Regions 4.745ms
[2025-10-31T22:00:26.431+0000][gc,marking    ] GC(191) Concurrent Mark (7667.148s)
[2025-10-31T22:00:26.432+0000][gc,marking    ] GC(191) Concurrent Mark From Roots
[2025-10-31T22:00:26.432+0000][gc,task       ] GC(191) Using 1 workers of 1 for marking
[2025-10-31T22:00:26.463+0000][gc,marking    ] GC(191) Concurrent Mark From Roots 31.489ms
[2025-10-31T22:00:26.463+0000][gc,marking    ] GC(191) Concurrent Preclean
[2025-10-31T22:00:26.464+0000][gc,marking    ] GC(191) Concurrent Preclean 0.694ms
[2025-10-31T22:00:26.464+0000][gc,marking    ] GC(191) Concurrent Mark (7667.148s, 7667.181s) 32.809ms
[2025-10-31T22:00:26.465+0000][gc,start      ] GC(191) Pause Remark
[2025-10-31T22:00:26.473+0000][gc,stringtable] GC(191) Cleaned string and symbol table, strings: 17054 processed, 0 removed, symbols: 123692 processed, 0 removed
[2025-10-31T22:00:26.474+0000][gc            ] GC(191) Pause Remark 208M->207M(512M) 9.298ms
[2025-10-31T22:00:26.474+0000][gc,cpu        ] GC(191) User=0.02s Sys=0.00s Real=0.01s
[2025-10-31T22:00:26.474+0000][gc,marking    ] GC(191) Concurrent Rebuild Remembered Sets
[2025-10-31T22:00:26.494+0000][gc,marking    ] GC(191) Concurrent Rebuild Remembered Sets 19.142ms
[2025-10-31T22:00:26.494+0000][gc,start      ] GC(191) Pause Cleanup
[2025-10-31T22:00:26.495+0000][gc            ] GC(191) Pause Cleanup 207M->207M(512M) 0.422ms
[2025-10-31T22:00:26.495+0000][gc,cpu        ] GC(191) User=0.00s Sys=0.00s Real=0.00s
[2025-10-31T22:00:26.495+0000][gc,marking    ] GC(191) Concurrent Cleanup for Next Mark
[2025-10-31T22:00:26.496+0000][gc,marking    ] GC(191) Concurrent Cleanup for Next Mark 0.682ms
[2025-10-31T22:00:26.496+0000][gc            ] GC(191) Concurrent Cycle 69.997ms
[2025-10-31T22:03:07.465+0000][gc,start      ] GC(192) Pause Young (Prepare Mixed) (G1 Evacuation Pause)
[2025-10-31T22:03:07.465+0000][gc,task       ] GC(192) Using 2 workers of 2 for evacuation
[2025-10-31T22:03:07.482+0000][gc,phases     ] GC(192)   Pre Evacuate Collection Set: 0.0ms
[2025-10-31T22:03:07.482+0000][gc,phases     ] GC(192)   Evacuate Collection Set: 15.9ms
[2025-10-31T22:03:07.482+0000][gc,phases     ] GC(192)   Post Evacuate Collection Set: 0.7ms
[2025-10-31T22:03:07.482+0000][gc,phases     ] GC(192)   Other: 0.6ms
[2025-10-31T22:03:07.483+0000][gc,heap       ] GC(192) Eden regions: 56->0(19)
[2025-10-31T22:03:07.483+0000][gc,heap       ] GC(192) Survivor regions: 8->6(8)
[2025-10-31T22:03:07.483+0000][gc,heap       ] GC(192) Old regions: 54->60
[2025-10-31T22:03:07.483+0000][gc,heap       ] GC(192) Humongous regions: 147->147
[2025-10-31T22:03:07.483+0000][gc,metaspace  ] GC(192) Metaspace: 53007K(56112K)->53007K(56112K) NonClass: 47159K(48816K)->47159K(48816K) Class: 5847K(7296K)->5847K(7296K)
[2025-10-31T22:03:07.483+0000][gc            ] GC(192) Pause Young (Prepare Mixed) (G1 Evacuation Pause) 263M->211M(512M) 18.515ms
[2025-10-31T22:03:07.483+0000][gc,cpu        ] GC(192) User=0.03s Sys=0.00s Real=0.02s
[2025-10-31T22:04:01.279+0000][gc,start      ] GC(193) Pause Young (Mixed) (G1 Evacuation Pause)
[2025-10-31T22:04:01.279+0000][gc,task       ] GC(193) Using 2 workers of 2 for evacuation
[2025-10-31T22:04:01.294+0000][gc,phases     ] GC(193)   Pre Evacuate Collection Set: 0.0ms
[2025-10-31T22:04:01.294+0000][gc,phases     ] GC(193)   Evacuate Collection Set: 13.0ms
[2025-10-31T22:04:01.294+0000][gc,phases     ] GC(193)   Post Evacuate Collection Set: 1.1ms
[2025-10-31T22:04:01.294+0000][gc,phases     ] GC(193)   Other: 0.8ms
[2025-10-31T22:04:01.295+0000][gc,heap       ] GC(193) Eden regions: 19->0(64)
[2025-10-31T22:04:01.295+0000][gc,heap       ] GC(193) Survivor regions: 6->3(4)
[2025-10-31T22:04:01.295+0000][gc,heap       ] GC(193) Old regions: 60->58
[2025-10-31T22:04:01.295+0000][gc,heap       ] GC(193) Humongous regions: 147->147
[2025-10-31T22:04:01.296+0000][gc,metaspace  ] GC(193) Metaspace: 53007K(56112K)->53007K(56112K) NonClass: 47159K(48816K)->47159K(48816K) Class: 5847K(7296K)->5847K(7296K)
[2025-10-31T22:04:01.296+0000][gc            ] GC(193) Pause Young (Mixed) (G1 Evacuation Pause) 230M->207M(512M) 17.277ms
[2025-10-31T22:04:01.296+0000][gc,cpu        ] GC(193) User=0.03s Sys=0.00s Real=0.02s
[2025-10-31T22:07:05.743+0000][gc,start      ] GC(194) Pause Young (Concurrent Start) (G1 Evacuation Pause)
[2025-10-31T22:07:05.744+0000][gc,task       ] GC(194) Using 2 workers of 2 for evacuation
[2025-10-31T22:07:05.759+0000][gc,phases     ] GC(194)   Pre Evacuate Collection Set: 0.2ms
[2025-10-31T22:07:05.760+0000][gc,phases     ] GC(194)   Evacuate Collection Set: 14.2ms
[2025-10-31T22:07:05.760+0000][gc,phases     ] GC(194)   Post Evacuate Collection Set: 0.7ms
[2025-10-31T22:07:05.760+0000][gc,phases     ] GC(194)   Other: 1.0ms
[2025-10-31T22:07:05.760+0000][gc,heap       ] GC(194) Eden regions: 64->0(54)
[2025-10-31T22:07:05.760+0000][gc,heap       ] GC(194) Survivor regions: 3->7(9)
[2025-10-31T22:07:05.760+0000][gc,heap       ] GC(194) Old regions: 58->58
[2025-10-31T22:07:05.761+0000][gc,heap       ] GC(194) Humongous regions: 147->147
[2025-10-31T22:07:05.761+0000][gc,metaspace  ] GC(194) Metaspace: 53007K(56112K)->53007K(56112K) NonClass: 47159K(48816K)->47159K(48816K) Class: 5847K(7296K)->5847K(7296K)
[2025-10-31T22:07:05.761+0000][gc            ] GC(194) Pause Young (Concurrent Start) (G1 Evacuation Pause) 271M->211M(512M) 17.344ms
[2025-10-31T22:07:05.761+0000][gc,cpu        ] GC(194) User=0.03s Sys=0.00s Real=0.01s
[2025-10-31T22:07:05.761+0000][gc            ] GC(195) Concurrent Cycle
[2025-10-31T22:07:05.761+0000][gc,marking    ] GC(195) Concurrent Clear Claimed Marks
[2025-10-31T22:07:05.762+0000][gc,marking    ] GC(195) Concurrent Clear Claimed Marks 0.348ms
[2025-10-31T22:07:05.762+0000][gc,marking    ] GC(195) Concurrent Scan Root Regions
[2025-10-31T22:07:05.766+0000][gc,marking    ] GC(195) Concurrent Scan Root Regions 4.372ms
[2025-10-31T22:07:05.766+0000][gc,marking    ] GC(195) Concurrent Mark (8066.477s)
[2025-10-31T22:07:05.767+0000][gc,marking    ] GC(195) Concurrent Mark From Roots
[2025-10-31T22:07:05.767+0000][gc,task       ] GC(195) Using 1 workers of 1 for marking
[2025-10-31T22:07:05.799+0000][gc,marking    ] GC(195) Concurrent Mark From Roots 32.776ms
[2025-10-31T22:07:05.800+0000][gc,marking    ] GC(195) Concurrent Preclean
[2025-10-31T22:07:05.800+0000][gc,marking    ] GC(195) Concurrent Preclean 0.332ms
[2025-10-31T22:07:05.800+0000][gc,marking    ] GC(195) Concurrent Mark (8066.477s, 8066.511s) 33.773ms
[2025-10-31T22:07:05.801+0000][gc,start      ] GC(195) Pause Remark
[2025-10-31T22:07:05.810+0000][gc,stringtable] GC(195) Cleaned string and symbol table, strings: 17054 processed, 0 removed, symbols: 123692 processed, 0 removed
[2025-10-31T22:07:05.811+0000][gc            ] GC(195) Pause Remark 212M->212M(512M) 10.405ms
[2025-10-31T22:07:05.811+0000][gc,cpu        ] GC(195) User=0.02s Sys=0.00s Real=0.01s
[2025-10-31T22:07:05.812+0000][gc,marking    ] GC(195) Concurrent Rebuild Remembered Sets
[2025-10-31T22:07:05.832+0000][gc,marking    ] GC(195) Concurrent Rebuild Remembered Sets 20.573ms
[2025-10-31T22:07:05.833+0000][gc,start      ] GC(195) Pause Cleanup
[2025-10-31T22:07:05.833+0000][gc            ] GC(195) Pause Cleanup 212M->212M(512M) 0.408ms
[2025-10-31T22:07:05.833+0000][gc,cpu        ] GC(195) User=0.00s Sys=0.00s Real=0.00s
[2025-10-31T22:07:05.834+0000][gc,marking    ] GC(195) Concurrent Cleanup for Next Mark
[2025-10-31T22:07:05.834+0000][gc,marking    ] GC(195) Concurrent Cleanup for Next Mark 0.672ms
[2025-10-31T22:07:05.834+0000][gc            ] GC(195) Concurrent Cycle 73.154ms
[2025-10-31T22:09:42.294+0000][gc,start      ] GC(196) Pause Young (Prepare Mixed) (G1 Evacuation Pause)
[2025-10-31T22:09:42.295+0000][gc,task       ] GC(196) Using 2 workers of 2 for evacuation
[2025-10-31T22:09:42.311+0000][gc,phases     ] GC(196)   Pre Evacuate Collection Set: 0.0ms
[2025-10-31T22:09:42.311+0000][gc,phases     ] GC(196)   Evacuate Collection Set: 15.1ms
[2025-10-31T22:09:42.311+0000][gc,phases     ] GC(196)   Post Evacuate Collection Set: 0.8ms
[2025-10-31T22:09:42.312+0000][gc,phases     ] GC(196)   Other: 0.6ms
[2025-10-31T22:09:42.312+0000][gc,heap       ] GC(196) Eden regions: 54->0(20)
[2025-10-31T22:09:42.312+0000][gc,heap       ] GC(196) Survivor regions: 7->5(8)
[2025-10-31T22:09:42.312+0000][gc,heap       ] GC(196) Old regions: 58->65
[2025-10-31T22:09:42.312+0000][gc,heap       ] GC(196) Humongous regions: 147->147
[2025-10-31T22:09:42.312+0000][gc,metaspace  ] GC(196) Metaspace: 53008K(56112K)->53008K(56112K) NonClass: 47160K(48816K)->47160K(48816K) Class: 5847K(7296K)->5847K(7296K)
[2025-10-31T22:09:42.313+0000][gc            ] GC(196) Pause Young (Prepare Mixed) (G1 Evacuation Pause) 265M->215M(512M) 18.058ms
[2025-10-31T22:09:42.313+0000][gc,cpu        ] GC(196) User=0.03s Sys=0.00s Real=0.02s
[2025-10-31T22:10:39.091+0000][gc,start      ] GC(197) Pause Young (Mixed) (G1 Evacuation Pause)
[2025-10-31T22:10:39.091+0000][gc,task       ] GC(197) Using 2 workers of 2 for evacuation
[2025-10-31T22:10:39.104+0000][gc,phases     ] GC(197)   Pre Evacuate Collection Set: 0.0ms
[2025-10-31T22:10:39.104+0000][gc,phases     ] GC(197)   Evacuate Collection Set: 11.9ms
[2025-10-31T22:10:39.105+0000][gc,phases     ] GC(197)   Post Evacuate Collection Set: 0.7ms
[2025-10-31T22:10:39.105+0000][gc,phases     ] GC(197)   Other: 0.6ms
[2025-10-31T22:10:39.105+0000][gc,heap       ] GC(197) Eden regions: 20->0(64)
[2025-10-31T22:10:39.105+0000][gc,heap       ] GC(197) Survivor regions: 5->3(4)
[2025-10-31T22:10:39.105+0000][gc,heap       ] GC(197) Old regions: 65->58
[2025-10-31T22:10:39.105+0000][gc,heap       ] GC(197) Humongous regions: 147->147
[2025-10-31T22:10:39.106+0000][gc,metaspace  ] GC(197) Metaspace: 53008K(56112K)->53008K(56112K) NonClass: 47160K(48816K)->47160K(48816K) Class: 5847K(7296K)->5847K(7296K)
[2025-10-31T22:10:39.106+0000][gc            ] GC(197) Pause Young (Mixed) (G1 Evacuation Pause) 235M->207M(512M) 14.843ms
[2025-10-31T22:10:39.106+0000][gc,cpu        ] GC(197) User=0.03s Sys=0.00s Real=0.01s
[2025-10-31T22:13:44.852+0000][gc,start      ] GC(198) Pause Young (Concurrent Start) (G1 Evacuation Pause)
[2025-10-31T22:13:44.852+0000][gc,task       ] GC(198) Using 2 workers of 2 for evacuation
[2025-10-31T22:13:44.867+0000][gc,phases     ] GC(198)   Pre Evacuate Collection Set: 0.2ms
[2025-10-31T22:13:44.867+0000][gc,phases     ] GC(198)   Evacuate Collection Set: 13.9ms
[2025-10-31T22:13:44.867+0000][gc,phases     ] GC(198)   Post Evacuate Collection Set: 0.7ms
[2025-10-31T22:13:44.868+0000][gc,phases     ] GC(198)   Other: 0.7ms
[2025-10-31T22:13:44.868+0000][gc,heap       ] GC(198) Eden regions: 64->0(58)
[2025-10-31T22:13:44.868+0000][gc,heap       ] GC(198) Survivor regions: 3->9(9)
[2025-10-31T22:13:44.868+0000][gc,heap       ] GC(198) Old regions: 58->58
[2025-10-31T22:13:44.868+0000][gc,heap       ] GC(198) Humongous regions: 147->147
[2025-10-31T22:13:44.868+0000][gc,metaspace  ] GC(198) Metaspace: 53008K(56112K)->53008K(56112K) NonClass: 47160K(48816K)->47160K(48816K) Class: 5847K(7296K)->5847K(7296K)
[2025-10-31T22:13:44.869+0000][gc            ] GC(198) Pause Young (Concurrent Start) (G1 Evacuation Pause) 271M->213M(512M) 16.932ms
[2025-10-31T22:13:44.869+0000][gc,cpu        ] GC(198) User=0.03s Sys=0.00s Real=0.01s
[2025-10-31T22:13:44.869+0000][gc            ] GC(199) Concurrent Cycle
[2025-10-31T22:13:44.869+0000][gc,marking    ] GC(199) Concurrent Clear Claimed Marks
[2025-10-31T22:13:44.869+0000][gc,marking    ] GC(199) Concurrent Clear Claimed Marks 0.323ms
[2025-10-31T22:13:44.870+0000][gc,marking    ] GC(199) Concurrent Scan Root Regions
[2025-10-31T22:13:44.875+0000][gc,marking    ] GC(199) Concurrent Scan Root Regions 5.137ms
[2025-10-31T22:13:44.875+0000][gc,marking    ] GC(199) Concurrent Mark (8465.579s)
[2025-10-31T22:13:44.875+0000][gc,marking    ] GC(199) Concurrent Mark From Roots
[2025-10-31T22:13:44.875+0000][gc,task       ] GC(199) Using 1 workers of 1 for marking
[2025-10-31T22:13:44.908+0000][gc,marking    ] GC(199) Concurrent Mark From Roots 33.072ms
[2025-10-31T22:13:44.908+0000][gc,marking    ] GC(199) Concurrent Preclean
[2025-10-31T22:13:44.909+0000][gc,marking    ] GC(199) Concurrent Preclean 0.360ms
[2025-10-31T22:13:44.909+0000][gc,marking    ] GC(199) Concurrent Mark (8465.579s, 8465.613s) 33.969ms
[2025-10-31T22:13:44.909+0000][gc,start      ] GC(199) Pause Remark
[2025-10-31T22:13:44.918+0000][gc,stringtable] GC(199) Cleaned string and symbol table, strings: 17054 processed, 0 removed, symbols: 123692 processed, 0 removed
[2025-10-31T22:13:44.919+0000][gc            ] GC(199) Pause Remark 213M->213M(512M) 9.160ms
[2025-10-31T22:13:44.919+0000][gc,cpu        ] GC(199) User=0.01s Sys=0.00s Real=0.00s
[2025-10-31T22:13:44.919+0000][gc,marking    ] GC(199) Concurrent Rebuild Remembered Sets
[2025-10-31T22:13:44.939+0000][gc,marking    ] GC(199) Concurrent Rebuild Remembered Sets 19.823ms
[2025-10-31T22:13:44.939+0000][gc,start      ] GC(199) Pause Cleanup
[2025-10-31T22:13:44.940+0000][gc            ] GC(199) Pause Cleanup 214M->214M(512M) 0.415ms
[2025-10-31T22:13:44.940+0000][gc,cpu        ] GC(199) User=0.00s Sys=0.00s Real=0.00s
[2025-10-31T22:13:44.940+0000][gc,marking    ] GC(199) Concurrent Cleanup for Next Mark
[2025-10-31T22:13:44.941+0000][gc,marking    ] GC(199) Concurrent Cleanup for Next Mark 0.645ms
[2025-10-31T22:13:44.941+0000][gc            ] GC(199) Concurrent Cycle 71.953ms
[2025-10-31T22:16:35.145+0000][gc,start      ] GC(200) Pause Young (Prepare Mixed) (G1 Evacuation Pause)
[2025-10-31T22:16:35.145+0000][gc,task       ] GC(200) Using 2 workers of 2 for evacuation
[2025-10-31T22:16:35.163+0000][gc,phases     ] GC(200)   Pre Evacuate Collection Set: 0.0ms
[2025-10-31T22:16:35.163+0000][gc,phases     ] GC(200)   Evacuate Collection Set: 17.3ms
[2025-10-31T22:16:35.164+0000][gc,phases     ] GC(200)   Post Evacuate Collection Set: 0.7ms
[2025-10-31T22:16:35.164+0000][gc,phases     ] GC(200)   Other: 0.6ms
[2025-10-31T22:16:35.164+0000][gc,heap       ] GC(200) Eden regions: 58->0(18)
[2025-10-31T22:16:35.164+0000][gc,heap       ] GC(200) Survivor regions: 9->7(9)
[2025-10-31T22:16:35.164+0000][gc,heap       ] GC(200) Old regions: 58->65
[2025-10-31T22:16:35.165+0000][gc,heap       ] GC(200) Humongous regions: 147->147
[2025-10-31T22:16:35.165+0000][gc,metaspace  ] GC(200) Metaspace: 53008K(56112K)->53008K(56112K) NonClass: 47160K(48816K)->47160K(48816K) Class: 5847K(7296K)->5847K(7296K)
[2025-10-31T22:16:35.165+0000][gc            ] GC(200) Pause Young (Prepare Mixed) (G1 Evacuation Pause) 271M->218M(512M) 20.261ms
[2025-10-31T22:16:35.165+0000][gc,cpu        ] GC(200) User=0.04s Sys=0.00s Real=0.02s
[2025-10-31T22:17:25.573+0000][gc,start      ] GC(201) Pause Young (Mixed) (G1 Evacuation Pause)
[2025-10-31T22:17:25.573+0000][gc,task       ] GC(201) Using 2 workers of 2 for evacuation
[2025-10-31T22:17:25.590+0000][gc,phases     ] GC(201)   Pre Evacuate Collection Set: 0.0ms
[2025-10-31T22:17:25.590+0000][gc,phases     ] GC(201)   Evacuate Collection Set: 15.8ms
[2025-10-31T22:17:25.591+0000][gc,phases     ] GC(201)   Post Evacuate Collection Set: 0.8ms
[2025-10-31T22:17:25.591+0000][gc,phases     ] GC(201)   Other: 0.8ms
[2025-10-31T22:17:25.591+0000][gc,heap       ] GC(201) Eden regions: 18->0(66)
[2025-10-31T22:17:25.592+0000][gc,heap       ] GC(201) Survivor regions: 7->3(4)
[2025-10-31T22:17:25.592+0000][gc,heap       ] GC(201) Old regions: 65->59
[2025-10-31T22:17:25.593+0000][gc,heap       ] GC(201) Humongous regions: 147->147
[2025-10-31T22:17:25.593+0000][gc,metaspace  ] GC(201) Metaspace: 53008K(56112K)->53008K(56112K) NonClass: 47160K(48816K)->47160K(48816K) Class: 5847K(7296K)->5847K(7296K)
[2025-10-31T22:17:25.593+0000][gc            ] GC(201) Pause Young (Mixed) (G1 Evacuation Pause) 236M->208M(512M) 20.264ms
[2025-10-31T22:17:25.593+0000][gc,cpu        ] GC(201) User=0.03s Sys=0.00s Real=0.02s
[2025-10-31T22:20:07.371+0000][gc,start      ] GC(202) Pause Young (Concurrent Start) (G1 Evacuation Pause)
[2025-10-31T22:20:07.397+0000][gc,task       ] GC(202) Using 2 workers of 2 for evacuation
[2025-10-31T22:20:07.525+0000][gc,mmu        ] GC(202) MMU target violated: 21.0ms (20.0ms/21.0ms)
[2025-10-31T22:20:07.526+0000][gc,phases     ] GC(202)   Pre Evacuate Collection Set: 0.8ms
[2025-10-31T22:20:07.526+0000][gc,phases     ] GC(202)   Evacuate Collection Set: 108.5ms
[2025-10-31T22:20:07.527+0000][gc,phases     ] GC(202)   Post Evacuate Collection Set: 2.2ms
[2025-10-31T22:20:07.527+0000][gc,phases     ] GC(202)   Other: 43.5ms
[2025-10-31T22:20:07.529+0000][gc,heap       ] GC(202) Eden regions: 59->0(17)
[2025-10-31T22:20:07.530+0000][gc,heap       ] GC(202) Survivor regions: 3->8(8)
[2025-10-31T22:20:07.535+0000][gc,heap       ] GC(202) Old regions: 59->59
[2025-10-31T22:20:07.536+0000][gc,heap       ] GC(202) Humongous regions: 147->147
[2025-10-31T22:20:07.537+0000][gc,metaspace  ] GC(202) Metaspace: 53025K(56112K)->53025K(56112K) NonClass: 47177K(48816K)->47177K(48816K) Class: 5847K(7296K)->5847K(7296K)
[2025-10-31T22:20:07.538+0000][gc            ] GC(202) Pause Young (Concurrent Start) (G1 Evacuation Pause) 267M->213M(512M) 166.641ms
[2025-10-31T22:20:07.539+0000][gc,cpu        ] GC(202) User=0.19s Sys=0.00s Real=0.17s
[2025-10-31T22:20:07.540+0000][gc            ] GC(203) Concurrent Cycle
[2025-10-31T22:20:07.540+0000][gc,marking    ] GC(203) Concurrent Clear Claimed Marks
[2025-10-31T22:20:07.541+0000][gc,marking    ] GC(203) Concurrent Clear Claimed Marks 0.695ms
[2025-10-31T22:20:07.541+0000][gc,marking    ] GC(203) Concurrent Scan Root Regions
[2025-10-31T22:20:07.570+0000][gc,marking    ] GC(203) Concurrent Scan Root Regions 28.180ms
[2025-10-31T22:20:07.571+0000][gc,marking    ] GC(203) Concurrent Mark (8848.272s)
[2025-10-31T22:20:07.573+0000][gc,marking    ] GC(203) Concurrent Mark From Roots
[2025-10-31T22:20:07.574+0000][gc,task       ] GC(203) Using 1 workers of 1 for marking
[2025-10-31T22:20:07.778+0000][gc,marking    ] GC(203) Concurrent Mark From Roots 205.626ms
[2025-10-31T22:20:07.779+0000][gc,marking    ] GC(203) Concurrent Preclean
[2025-10-31T22:20:07.781+0000][gc,marking    ] GC(203) Concurrent Preclean 1.367ms
[2025-10-31T22:20:07.793+0000][gc,marking    ] GC(203) Concurrent Mark (8848.272s, 8848.482s) 210.380ms
[2025-10-31T22:20:07.809+0000][gc,start      ] GC(203) Pause Remark
[2025-10-31T22:20:07.873+0000][gc,stringtable] GC(203) Cleaned string and symbol table, strings: 17060 processed, 0 removed, symbols: 123692 processed, 0 removed
[2025-10-31T22:20:07.874+0000][gc,mmu        ] GC(203) MMU target violated: 21.0ms (20.0ms/21.0ms)
[2025-10-31T22:20:07.874+0000][gc            ] GC(203) Pause Remark 214M->214M(512M) 64.941ms
[2025-10-31T22:20:07.875+0000][gc,cpu        ] GC(203) User=0.12s Sys=0.00s Real=0.07s
[2025-10-31T22:20:07.875+0000][gc,marking    ] GC(203) Concurrent Rebuild Remembered Sets
[2025-10-31T22:20:07.961+0000][gc,marking    ] GC(203) Concurrent Rebuild Remembered Sets 85.760ms
[2025-10-31T22:20:07.977+0000][gc,start      ] GC(203) Pause Cleanup
[2025-10-31T22:20:07.996+0000][gc            ] GC(203) Pause Cleanup 214M->214M(512M) 18.318ms
[2025-10-31T22:20:08.004+0000][gc,cpu        ] GC(203) User=0.00s Sys=0.00s Real=0.03s
[2025-10-31T22:20:08.006+0000][gc,marking    ] GC(203) Concurrent Cleanup for Next Mark
[2025-10-31T22:20:08.014+0000][gc,marking    ] GC(203) Concurrent Cleanup for Next Mark 7.904ms
[2025-10-31T22:20:08.016+0000][gc            ] GC(203) Concurrent Cycle 476.218ms
[2025-10-31T22:20:15.530+0000][gc,start      ] GC(204) Pause Young (Prepare Mixed) (G1 Evacuation Pause)
[2025-10-31T22:20:15.530+0000][gc,task       ] GC(204) Using 2 workers of 2 for evacuation
[2025-10-31T22:20:15.562+0000][gc,mmu        ] GC(204) MMU target violated: 21.0ms (20.0ms/21.0ms)
[2025-10-31T22:20:15.562+0000][gc,phases     ] GC(204)   Pre Evacuate Collection Set: 0.0ms
[2025-10-31T22:20:15.564+0000][gc,phases     ] GC(204)   Evacuate Collection Set: 29.4ms
[2025-10-31T22:20:15.564+0000][gc,phases     ] GC(204)   Post Evacuate Collection Set: 2.0ms
[2025-10-31T22:20:15.568+0000][gc,phases     ] GC(204)   Other: 1.2ms
[2025-10-31T22:20:15.572+0000][gc,heap       ] GC(204) Eden regions: 17->0(23)
[2025-10-31T22:20:15.576+0000][gc,heap       ] GC(204) Survivor regions: 8->2(4)
[2025-10-31T22:20:15.576+0000][gc,heap       ] GC(204) Old regions: 59->67
[2025-10-31T22:20:15.576+0000][gc,heap       ] GC(204) Humongous regions: 147->147
[2025-10-31T22:20:15.588+0000][gc,metaspace  ] GC(204) Metaspace: 53037K(56112K)->53037K(56112K) NonClass: 47189K(48816K)->47189K(48816K) Class: 5847K(7296K)->5847K(7296K)
[2025-10-31T22:20:15.589+0000][gc            ] GC(204) Pause Young (Prepare Mixed) (G1 Evacuation Pause) 230M->215M(512M) 59.422ms
[2025-10-31T22:20:15.590+0000][gc,cpu        ] GC(204) User=0.07s Sys=0.00s Real=0.06s
[2025-10-31T22:20:47.482+0000][gc,start      ] GC(205) Pause Young (Mixed) (G1 Evacuation Pause)
[2025-10-31T22:20:47.482+0000][gc,task       ] GC(205) Using 2 workers of 2 for evacuation
[2025-10-31T22:20:47.498+0000][gc,phases     ] GC(205)   Pre Evacuate Collection Set: 0.1ms
[2025-10-31T22:20:47.498+0000][gc,phases     ] GC(205)   Evacuate Collection Set: 13.7ms
[2025-10-31T22:20:47.498+0000][gc,phases     ] GC(205)   Post Evacuate Collection Set: 1.1ms
[2025-10-31T22:20:47.499+0000][gc,phases     ] GC(205)   Other: 1.2ms
[2025-10-31T22:20:47.499+0000][gc,heap       ] GC(205) Eden regions: 23->0(21)
[2025-10-31T22:20:47.499+0000][gc,heap       ] GC(205) Survivor regions: 2->4(4)
[2025-10-31T22:20:47.499+0000][gc,heap       ] GC(205) Old regions: 67->62
[2025-10-31T22:20:47.500+0000][gc,heap       ] GC(205) Humongous regions: 147->147
[2025-10-31T22:20:47.500+0000][gc,metaspace  ] GC(205) Metaspace: 53042K(56112K)->53042K(56112K) NonClass: 47195K(48816K)->47195K(48816K) Class: 5847K(7296K)->5847K(7296K)
[2025-10-31T22:20:47.500+0000][gc            ] GC(205) Pause Young (Mixed) (G1 Evacuation Pause) 238M->212M(512M) 18.603ms
[2025-10-31T22:20:47.500+0000][gc,cpu        ] GC(205) User=0.03s Sys=0.00s Real=0.02s
[2025-10-31T22:21:44.920+0000][gc,start      ] GC(206) Pause Young (Mixed) (G1 Evacuation Pause)
[2025-10-31T22:21:44.921+0000][gc,task       ] GC(206) Using 2 workers of 2 for evacuation
[2025-10-31T22:21:44.936+0000][gc,phases     ] GC(206)   Pre Evacuate Collection Set: 0.1ms
[2025-10-31T22:21:44.936+0000][gc,phases     ] GC(206)   Evacuate Collection Set: 12.8ms
[2025-10-31T22:21:44.936+0000][gc,phases     ] GC(206)   Post Evacuate Collection Set: 1.2ms
[2025-10-31T22:21:44.937+0000][gc,phases     ] GC(206)   Other: 1.4ms
[2025-10-31T22:21:44.937+0000][gc,heap       ] GC(206) Eden regions: 21->0(21)
[2025-10-31T22:21:44.937+0000][gc,heap       ] GC(206) Survivor regions: 4->4(4)
[2025-10-31T22:21:44.937+0000][gc,heap       ] GC(206) Old regions: 62->57
[2025-10-31T22:21:44.938+0000][gc,heap       ] GC(206) Humongous regions: 147->147
[2025-10-31T22:21:44.938+0000][gc,metaspace  ] GC(206) Metaspace: 53042K(56112K)->53042K(56112K) NonClass: 47195K(48816K)->47195K(48816K) Class: 5847K(7296K)->5847K(7296K)
[2025-10-31T22:21:44.938+0000][gc            ] GC(206) Pause Young (Mixed) (G1 Evacuation Pause) 233M->207M(512M) 17.651ms
[2025-10-31T22:21:44.938+0000][gc,cpu        ] GC(206) User=0.03s Sys=0.00s Real=0.02s
[2025-10-31T22:22:42.483+0000][gc,start      ] GC(207) Pause Young (Concurrent Start) (G1 Evacuation Pause)
[2025-10-31T22:22:42.483+0000][gc,task       ] GC(207) Using 2 workers of 2 for evacuation
[2025-10-31T22:22:42.497+0000][gc,phases     ] GC(207)   Pre Evacuate Collection Set: 0.2ms
[2025-10-31T22:22:42.498+0000][gc,phases     ] GC(207)   Evacuate Collection Set: 12.5ms
[2025-10-31T22:22:42.498+0000][gc,phases     ] GC(207)   Post Evacuate Collection Set: 0.9ms
[2025-10-31T22:22:42.500+0000][gc,phases     ] GC(207)   Other: 0.6ms
[2025-10-31T22:22:42.500+0000][gc,heap       ] GC(207) Eden regions: 21->0(22)
[2025-10-31T22:22:42.500+0000][gc,heap       ] GC(207) Survivor regions: 4->3(4)
[2025-10-31T22:22:42.500+0000][gc,heap       ] GC(207) Old regions: 57->60
[2025-10-31T22:22:42.501+0000][gc,heap       ] GC(207) Humongous regions: 147->147
[2025-10-31T22:22:42.501+0000][gc,metaspace  ] GC(207) Metaspace: 53042K(56112K)->53042K(56112K) NonClass: 47195K(48816K)->47195K(48816K) Class: 5847K(7296K)->5847K(7296K)
[2025-10-31T22:22:42.501+0000][gc            ] GC(207) Pause Young (Concurrent Start) (G1 Evacuation Pause) 228M->209M(512M) 17.995ms
[2025-10-31T22:22:42.501+0000][gc,cpu        ] GC(207) User=0.02s Sys=0.00s Real=0.02s
[2025-10-31T22:22:42.502+0000][gc            ] GC(208) Concurrent Cycle
[2025-10-31T22:22:42.502+0000][gc,marking    ] GC(208) Concurrent Clear Claimed Marks
[2025-10-31T22:22:42.503+0000][gc,marking    ] GC(208) Concurrent Clear Claimed Marks 0.653ms
[2025-10-31T22:22:42.503+0000][gc,marking    ] GC(208) Concurrent Scan Root Regions
[2025-10-31T22:22:42.509+0000][gc,marking    ] GC(208) Concurrent Scan Root Regions 6.058ms
[2025-10-31T22:22:42.509+0000][gc,marking    ] GC(208) Concurrent Mark (9003.205s)
[2025-10-31T22:22:42.512+0000][gc,marking    ] GC(208) Concurrent Mark From Roots
[2025-10-31T22:22:42.513+0000][gc,task       ] GC(208) Using 1 workers of 1 for marking
[2025-10-31T22:22:42.568+0000][gc,marking    ] GC(208) Concurrent Mark From Roots 55.625ms
[2025-10-31T22:22:42.568+0000][gc,marking    ] GC(208) Concurrent Preclean
[2025-10-31T22:22:42.570+0000][gc,marking    ] GC(208) Concurrent Preclean 1.765ms
[2025-10-31T22:22:42.570+0000][gc,marking    ] GC(208) Concurrent Mark (9003.205s, 9003.266s) 60.935ms
[2025-10-31T22:22:42.571+0000][gc,start      ] GC(208) Pause Remark
[2025-10-31T22:22:42.583+0000][gc,stringtable] GC(208) Cleaned string and symbol table, strings: 17065 processed, 0 removed, symbols: 123692 processed, 0 removed
[2025-10-31T22:22:42.584+0000][gc            ] GC(208) Pause Remark 209M->209M(512M) 12.362ms
[2025-10-31T22:22:42.584+0000][gc,cpu        ] GC(208) User=0.02s Sys=0.00s Real=0.01s
[2025-10-31T22:22:42.584+0000][gc,marking    ] GC(208) Concurrent Rebuild Remembered Sets
[2025-10-31T22:22:42.609+0000][gc,marking    ] GC(208) Concurrent Rebuild Remembered Sets 25.435ms
[2025-10-31T22:22:42.610+0000][gc,start      ] GC(208) Pause Cleanup
[2025-10-31T22:22:42.611+0000][gc            ] GC(208) Pause Cleanup 209M->209M(512M) 0.573ms
[2025-10-31T22:22:42.613+0000][gc,cpu        ] GC(208) User=0.00s Sys=0.00s Real=0.00s
[2025-10-31T22:22:42.613+0000][gc,marking    ] GC(208) Concurrent Cleanup for Next Mark
[2025-10-31T22:22:42.614+0000][gc,marking    ] GC(208) Concurrent Cleanup for Next Mark 1.068ms
[2025-10-31T22:22:42.614+0000][gc            ] GC(208) Concurrent Cycle 112.691ms
[2025-10-31T22:23:42.533+0000][gc,start      ] GC(209) Pause Young (Prepare Mixed) (G1 Evacuation Pause)
[2025-10-31T22:23:42.533+0000][gc,task       ] GC(209) Using 2 workers of 2 for evacuation
[2025-10-31T22:23:42.545+0000][gc,phases     ] GC(209)   Pre Evacuate Collection Set: 0.0ms
[2025-10-31T22:23:42.547+0000][gc,phases     ] GC(209)   Evacuate Collection Set: 10.3ms
[2025-10-31T22:23:42.547+0000][gc,phases     ] GC(209)   Post Evacuate Collection Set: 1.0ms
[2025-10-31T22:23:42.548+0000][gc,phases     ] GC(209)   Other: 0.7ms
[2025-10-31T22:23:42.548+0000][gc,heap       ] GC(209) Eden regions: 22->0(23)
[2025-10-31T22:23:42.548+0000][gc,heap       ] GC(209) Survivor regions: 3->2(4)
[2025-10-31T22:23:42.548+0000][gc,heap       ] GC(209) Old regions: 60->62
[2025-10-31T22:23:42.548+0000][gc,heap       ] GC(209) Humongous regions: 147->147
[2025-10-31T22:23:42.548+0000][gc,metaspace  ] GC(209) Metaspace: 53042K(56112K)->53042K(56112K) NonClass: 47195K(48816K)->47195K(48816K) Class: 5847K(7296K)->5847K(7296K)
[2025-10-31T22:23:42.548+0000][gc            ] GC(209) Pause Young (Prepare Mixed) (G1 Evacuation Pause) 231M->210M(512M) 15.567ms
[2025-10-31T22:23:42.549+0000][gc,cpu        ] GC(209) User=0.03s Sys=0.00s Real=0.02s
[2025-10-31T22:24:46.401+0000][gc,start      ] GC(210) Pause Young (Mixed) (G1 Evacuation Pause)
[2025-10-31T22:24:46.403+0000][gc,task       ] GC(210) Using 2 workers of 2 for evacuation
[2025-10-31T22:24:46.423+0000][gc,phases     ] GC(210)   Pre Evacuate Collection Set: 0.1ms
[2025-10-31T22:24:46.423+0000][gc,phases     ] GC(210)   Evacuate Collection Set: 18.3ms
[2025-10-31T22:24:46.423+0000][gc,phases     ] GC(210)   Post Evacuate Collection Set: 1.0ms
[2025-10-31T22:24:46.423+0000][gc,phases     ] GC(210)   Other: 2.1ms
[2025-10-31T22:24:46.424+0000][gc,heap       ] GC(210) Eden regions: 23->0(21)
[2025-10-31T22:24:46.424+0000][gc,heap       ] GC(210) Survivor regions: 2->4(4)
[2025-10-31T22:24:46.424+0000][gc,heap       ] GC(210) Old regions: 62->57
[2025-10-31T22:24:46.425+0000][gc,heap       ] GC(210) Humongous regions: 147->147
[2025-10-31T22:24:46.425+0000][gc,metaspace  ] GC(210) Metaspace: 53042K(56112K)->53042K(56112K) NonClass: 47195K(48816K)->47195K(48816K) Class: 5847K(7296K)->5847K(7296K)
[2025-10-31T22:24:46.425+0000][gc            ] GC(210) Pause Young (Mixed) (G1 Evacuation Pause) 233M->207M(512M) 24.077ms
[2025-10-31T22:24:46.425+0000][gc,cpu        ] GC(210) User=0.04s Sys=0.00s Real=0.02s
[2025-10-31T22:25:43.612+0000][gc,start      ] GC(211) Pause Young (Mixed) (G1 Evacuation Pause)
[2025-10-31T22:25:43.613+0000][gc,task       ] GC(211) Using 2 workers of 2 for evacuation
[2025-10-31T22:25:43.630+0000][gc,phases     ] GC(211)   Pre Evacuate Collection Set: 0.1ms
[2025-10-31T22:25:43.630+0000][gc,phases     ] GC(211)   Evacuate Collection Set: 15.0ms
[2025-10-31T22:25:43.630+0000][gc,phases     ] GC(211)   Post Evacuate Collection Set: 1.2ms
[2025-10-31T22:25:43.631+0000][gc,phases     ] GC(211)   Other: 1.1ms
[2025-10-31T22:25:43.631+0000][gc,heap       ] GC(211) Eden regions: 21->0(22)
[2025-10-31T22:25:43.631+0000][gc,heap       ] GC(211) Survivor regions: 4->3(4)
[2025-10-31T22:25:43.631+0000][gc,heap       ] GC(211) Old regions: 57->53
[2025-10-31T22:25:43.632+0000][gc,heap       ] GC(211) Humongous regions: 147->147
[2025-10-31T22:25:43.632+0000][gc,metaspace  ] GC(211) Metaspace: 53042K(56112K)->53042K(56112K) NonClass: 47195K(48816K)->47195K(48816K) Class: 5847K(7296K)->5847K(7296K)
[2025-10-31T22:25:43.632+0000][gc            ] GC(211) Pause Young (Mixed) (G1 Evacuation Pause) 228M->202M(512M) 19.598ms
[2025-10-31T22:25:43.632+0000][gc,cpu        ] GC(211) User=0.03s Sys=0.00s Real=0.02s
[2025-10-31T22:26:46.207+0000][gc,start      ] GC(212) Pause Young (Mixed) (G1 Evacuation Pause)
[2025-10-31T22:26:46.208+0000][gc,task       ] GC(212) Using 2 workers of 2 for evacuation
[2025-10-31T22:26:46.218+0000][gc,phases     ] GC(212)   Pre Evacuate Collection Set: 0.0ms
[2025-10-31T22:26:46.218+0000][gc,phases     ] GC(212)   Evacuate Collection Set: 9.0ms
[2025-10-31T22:26:46.218+0000][gc,phases     ] GC(212)   Post Evacuate Collection Set: 0.7ms
[2025-10-31T22:26:46.218+0000][gc,phases     ] GC(212)   Other: 1.3ms
[2025-10-31T22:26:46.219+0000][gc,heap       ] GC(212) Eden regions: 22->0(23)
[2025-10-31T22:26:46.219+0000][gc,heap       ] GC(212) Survivor regions: 3->2(4)
[2025-10-31T22:26:46.219+0000][gc,heap       ] GC(212) Old regions: 53->54
[2025-10-31T22:26:46.219+0000][gc,heap       ] GC(212) Humongous regions: 147->147
[2025-10-31T22:26:46.219+0000][gc,metaspace  ] GC(212) Metaspace: 53042K(56112K)->53042K(56112K) NonClass: 47195K(48816K)->47195K(48816K) Class: 5847K(7296K)->5847K(7296K)
[2025-10-31T22:26:46.220+0000][gc            ] GC(212) Pause Young (Mixed) (G1 Evacuation Pause) 224M->202M(512M) 12.577ms
[2025-10-31T22:26:46.220+0000][gc,cpu        ] GC(212) User=0.02s Sys=0.00s Real=0.02s
[2025-10-31T22:27:51.539+0000][gc,start      ] GC(213) Pause Young (Concurrent Start) (G1 Evacuation Pause)
[2025-10-31T22:27:51.539+0000][gc,task       ] GC(213) Using 2 workers of 2 for evacuation
[2025-10-31T22:27:51.551+0000][gc,phases     ] GC(213)   Pre Evacuate Collection Set: 0.3ms
[2025-10-31T22:27:51.552+0000][gc,phases     ] GC(213)   Evacuate Collection Set: 10.8ms
[2025-10-31T22:27:51.552+0000][gc,phases     ] GC(213)   Post Evacuate Collection Set: 0.8ms
[2025-10-31T22:27:51.552+0000][gc,phases     ] GC(213)   Other: 0.7ms
[2025-10-31T22:27:51.552+0000][gc,heap       ] GC(213) Eden regions: 23->0(21)
[2025-10-31T22:27:51.552+0000][gc,heap       ] GC(213) Survivor regions: 2->4(4)
[2025-10-31T22:27:51.553+0000][gc,heap       ] GC(213) Old regions: 54->54
[2025-10-31T22:27:51.553+0000][gc,heap       ] GC(213) Humongous regions: 147->147
[2025-10-31T22:27:51.553+0000][gc,metaspace  ] GC(213) Metaspace: 53046K(56112K)->53046K(56112K) NonClass: 47199K(48816K)->47199K(48816K) Class: 5847K(7296K)->5847K(7296K)
[2025-10-31T22:27:51.553+0000][gc            ] GC(213) Pause Young (Concurrent Start) (G1 Evacuation Pause) 225M->204M(512M) 14.212ms
[2025-10-31T22:27:51.553+0000][gc,cpu        ] GC(213) User=0.02s Sys=0.00s Real=0.02s
[2025-10-31T22:27:51.554+0000][gc            ] GC(214) Concurrent Cycle
[2025-10-31T22:27:51.554+0000][gc,marking    ] GC(214) Concurrent Clear Claimed Marks
[2025-10-31T22:27:51.554+0000][gc,marking    ] GC(214) Concurrent Clear Claimed Marks 0.355ms
[2025-10-31T22:27:51.554+0000][gc,marking    ] GC(214) Concurrent Scan Root Regions
[2025-10-31T22:27:51.559+0000][gc,marking    ] GC(214) Concurrent Scan Root Regions 4.770ms
[2025-10-31T22:27:51.560+0000][gc,marking    ] GC(214) Concurrent Mark (9312.254s)
[2025-10-31T22:27:51.560+0000][gc,marking    ] GC(214) Concurrent Mark From Roots
[2025-10-31T22:27:51.560+0000][gc,task       ] GC(214) Using 1 workers of 1 for marking
[2025-10-31T22:27:51.598+0000][gc,marking    ] GC(214) Concurrent Mark From Roots 38.367ms
[2025-10-31T22:27:51.599+0000][gc,marking    ] GC(214) Concurrent Preclean
[2025-10-31T22:27:51.599+0000][gc,marking    ] GC(214) Concurrent Preclean 0.613ms
[2025-10-31T22:27:51.599+0000][gc,marking    ] GC(214) Concurrent Mark (9312.254s, 9312.293s) 39.717ms
[2025-10-31T22:27:51.600+0000][gc,start      ] GC(214) Pause Remark
[2025-10-31T22:27:51.613+0000][gc,stringtable] GC(214) Cleaned string and symbol table, strings: 17072 processed, 0 removed, symbols: 123692 processed, 0 removed
[2025-10-31T22:27:51.614+0000][gc            ] GC(214) Pause Remark 204M->204M(512M) 14.217ms
[2025-10-31T22:27:51.614+0000][gc,cpu        ] GC(214) User=0.03s Sys=0.00s Real=0.01s
[2025-10-31T22:27:51.615+0000][gc,marking    ] GC(214) Concurrent Rebuild Remembered Sets
[2025-10-31T22:27:51.640+0000][gc,marking    ] GC(214) Concurrent Rebuild Remembered Sets 24.926ms
[2025-10-31T22:27:51.640+0000][gc,start      ] GC(214) Pause Cleanup
[2025-10-31T22:27:51.641+0000][gc            ] GC(214) Pause Cleanup 204M->204M(512M) 0.482ms
[2025-10-31T22:27:51.641+0000][gc,cpu        ] GC(214) User=0.00s Sys=0.00s Real=0.00s
[2025-10-31T22:27:51.641+0000][gc,marking    ] GC(214) Concurrent Cleanup for Next Mark
[2025-10-31T22:27:51.642+0000][gc,marking    ] GC(214) Concurrent Cleanup for Next Mark 1.010ms
[2025-10-31T22:27:51.642+0000][gc            ] GC(214) Concurrent Cycle 88.789ms
[2025-10-31T22:28:50.809+0000][gc,start      ] GC(215) Pause Young (Prepare Mixed) (G1 Evacuation Pause)
[2025-10-31T22:28:50.809+0000][gc,task       ] GC(215) Using 2 workers of 2 for evacuation
[2025-10-31T22:28:50.828+0000][gc,phases     ] GC(215)   Pre Evacuate Collection Set: 0.0ms
[2025-10-31T22:28:50.829+0000][gc,phases     ] GC(215)   Evacuate Collection Set: 17.6ms
[2025-10-31T22:28:50.829+0000][gc,phases     ] GC(215)   Post Evacuate Collection Set: 1.0ms
[2025-10-31T22:28:50.829+0000][gc,phases     ] GC(215)   Other: 0.9ms
[2025-10-31T22:28:50.829+0000][gc,heap       ] GC(215) Eden regions: 21->0(21)
[2025-10-31T22:28:50.830+0000][gc,heap       ] GC(215) Survivor regions: 4->4(4)
[2025-10-31T22:28:50.830+0000][gc,heap       ] GC(215) Old regions: 54->57
[2025-10-31T22:28:50.830+0000][gc,heap       ] GC(215) Humongous regions: 147->147
[2025-10-31T22:28:50.830+0000][gc,metaspace  ] GC(215) Metaspace: 53046K(56112K)->53046K(56112K) NonClass: 47199K(48816K)->47199K(48816K) Class: 5847K(7296K)->5847K(7296K)
[2025-10-31T22:28:50.830+0000][gc            ] GC(215) Pause Young (Prepare Mixed) (G1 Evacuation Pause) 225M->207M(512M) 21.574ms
[2025-10-31T22:28:50.831+0000][gc,cpu        ] GC(215) User=0.04s Sys=0.00s Real=0.03s
[2025-10-31T22:29:49.709+0000][gc,start      ] GC(216) Pause Young (Mixed) (G1 Evacuation Pause)
[2025-10-31T22:29:49.709+0000][gc,task       ] GC(216) Using 2 workers of 2 for evacuation
[2025-10-31T22:29:49.722+0000][gc,phases     ] GC(216)   Pre Evacuate Collection Set: 0.0ms
[2025-10-31T22:29:49.723+0000][gc,phases     ] GC(216)   Evacuate Collection Set: 11.2ms
[2025-10-31T22:29:49.723+0000][gc,phases     ] GC(216)   Post Evacuate Collection Set: 1.3ms
[2025-10-31T22:29:49.723+0000][gc,phases     ] GC(216)   Other: 0.9ms
[2025-10-31T22:29:49.723+0000][gc,heap       ] GC(216) Eden regions: 21->0(22)
[2025-10-31T22:29:49.723+0000][gc,heap       ] GC(216) Survivor regions: 4->3(4)
[2025-10-31T22:29:49.724+0000][gc,heap       ] GC(216) Old regions: 57->52
[2025-10-31T22:29:49.725+0000][gc,heap       ] GC(216) Humongous regions: 147->147
[2025-10-31T22:29:49.725+0000][gc,metaspace  ] GC(216) Metaspace: 53046K(56112K)->53046K(56112K) NonClass: 47199K(48816K)->47199K(48816K) Class: 5847K(7296K)->5847K(7296K)
[2025-10-31T22:29:49.725+0000][gc            ] GC(216) Pause Young (Mixed) (G1 Evacuation Pause) 228M->201M(512M) 16.314ms
[2025-10-31T22:29:49.725+0000][gc,cpu        ] GC(216) User=0.02s Sys=0.00s Real=0.02s
[2025-10-31T22:30:51.093+0000][gc,start      ] GC(217) Pause Young (Concurrent Start) (G1 Evacuation Pause)
[2025-10-31T22:30:51.093+0000][gc,task       ] GC(217) Using 2 workers of 2 for evacuation
[2025-10-31T22:30:51.103+0000][gc,phases     ] GC(217)   Pre Evacuate Collection Set: 0.2ms
[2025-10-31T22:30:51.104+0000][gc,phases     ] GC(217)   Evacuate Collection Set: 9.2ms
[2025-10-31T22:30:51.104+0000][gc,phases     ] GC(217)   Post Evacuate Collection Set: 0.7ms
[2025-10-31T22:30:51.104+0000][gc,phases     ] GC(217)   Other: 0.7ms
[2025-10-31T22:30:51.104+0000][gc,heap       ] GC(217) Eden regions: 22->0(24)
[2025-10-31T22:30:51.104+0000][gc,heap       ] GC(217) Survivor regions: 3->2(4)
[2025-10-31T22:30:51.105+0000][gc,heap       ] GC(217) Old regions: 52->53
[2025-10-31T22:30:51.105+0000][gc,heap       ] GC(217) Humongous regions: 147->147
[2025-10-31T22:30:51.105+0000][gc,metaspace  ] GC(217) Metaspace: 53046K(56112K)->53046K(56112K) NonClass: 47199K(48816K)->47199K(48816K) Class: 5847K(7296K)->5847K(7296K)
[2025-10-31T22:30:51.105+0000][gc            ] GC(217) Pause Young (Concurrent Start) (G1 Evacuation Pause) 223M->201M(512M) 12.497ms
[2025-10-31T22:30:51.105+0000][gc,cpu        ] GC(217) User=0.02s Sys=0.00s Real=0.02s
[2025-10-31T22:30:51.106+0000][gc            ] GC(218) Concurrent Cycle
[2025-10-31T22:30:51.106+0000][gc,marking    ] GC(218) Concurrent Clear Claimed Marks
[2025-10-31T22:30:51.106+0000][gc,marking    ] GC(218) Concurrent Clear Claimed Marks 0.355ms
[2025-10-31T22:30:51.107+0000][gc,marking    ] GC(218) Concurrent Scan Root Regions
[2025-10-31T22:30:51.109+0000][gc,marking    ] GC(218) Concurrent Scan Root Regions 2.111ms
[2025-10-31T22:30:51.109+0000][gc,marking    ] GC(218) Concurrent Mark (9491.817s)
[2025-10-31T22:30:51.109+0000][gc,marking    ] GC(218) Concurrent Mark From Roots
[2025-10-31T22:30:51.109+0000][gc,task       ] GC(218) Using 1 workers of 1 for marking
[2025-10-31T22:30:51.141+0000][gc,marking    ] GC(218) Concurrent Mark From Roots 32.383ms
[2025-10-31T22:30:51.142+0000][gc,marking    ] GC(218) Concurrent Preclean
[2025-10-31T22:30:51.142+0000][gc,marking    ] GC(218) Concurrent Preclean 0.413ms
[2025-10-31T22:30:51.142+0000][gc,marking    ] GC(218) Concurrent Mark (9491.817s, 9491.850s) 33.367ms
[2025-10-31T22:30:51.143+0000][gc,start      ] GC(218) Pause Remark
[2025-10-31T22:30:51.153+0000][gc,stringtable] GC(218) Cleaned string and symbol table, strings: 17078 processed, 0 removed, symbols: 123692 processed, 0 removed
[2025-10-31T22:30:51.154+0000][gc            ] GC(218) Pause Remark 201M->201M(512M) 11.301ms
[2025-10-31T22:30:51.154+0000][gc,cpu        ] GC(218) User=0.02s Sys=0.00s Real=0.01s
[2025-10-31T22:30:51.154+0000][gc,marking    ] GC(218) Concurrent Rebuild Remembered Sets
[2025-10-31T22:30:51.175+0000][gc,marking    ] GC(218) Concurrent Rebuild Remembered Sets 20.322ms
[2025-10-31T22:30:51.175+0000][gc,start      ] GC(218) Pause Cleanup
[2025-10-31T22:30:51.176+0000][gc            ] GC(218) Pause Cleanup 201M->201M(512M) 0.375ms
[2025-10-31T22:30:51.176+0000][gc,cpu        ] GC(218) User=0.00s Sys=0.00s Real=0.00s
[2025-10-31T22:30:51.176+0000][gc,marking    ] GC(218) Concurrent Cleanup for Next Mark
[2025-10-31T22:30:51.177+0000][gc,marking    ] GC(218) Concurrent Cleanup for Next Mark 0.555ms
[2025-10-31T22:30:51.177+0000][gc            ] GC(218) Concurrent Cycle 70.949ms
[2025-10-31T22:31:33.122+0000][gc,start      ] GC(219) Pause Young (Prepare Mixed) (G1 Evacuation Pause)
[2025-10-31T22:31:33.122+0000][gc,task       ] GC(219) Using 2 workers of 2 for evacuation
[2025-10-31T22:31:33.134+0000][gc,phases     ] GC(219)   Pre Evacuate Collection Set: 0.0ms
[2025-10-31T22:31:33.134+0000][gc,phases     ] GC(219)   Evacuate Collection Set: 10.7ms
[2025-10-31T22:31:33.134+0000][gc,phases     ] GC(219)   Post Evacuate Collection Set: 0.7ms
[2025-10-31T22:31:33.134+0000][gc,phases     ] GC(219)   Other: 0.7ms
[2025-10-31T22:31:33.135+0000][gc,heap       ] GC(219) Eden regions: 23->0(21)
[2025-10-31T22:31:33.135+0000][gc,heap       ] GC(219) Survivor regions: 2->4(4)
[2025-10-31T22:31:33.135+0000][gc,heap       ] GC(219) Old regions: 53->53
[2025-10-31T22:31:33.135+0000][gc,heap       ] GC(219) Humongous regions: 147->147
[2025-10-31T22:31:33.135+0000][gc,metaspace  ] GC(219) Metaspace: 53057K(56112K)->53057K(56112K) NonClass: 47209K(48816K)->47209K(48816K) Class: 5847K(7296K)->5847K(7296K)
[2025-10-31T22:31:33.135+0000][gc            ] GC(219) Pause Young (Prepare Mixed) (G1 Evacuation Pause) 224M->203M(512M) 13.607ms
[2025-10-31T22:31:33.136+0000][gc,cpu        ] GC(219) User=0.02s Sys=0.00s Real=0.01s
[2025-10-31T22:32:12.465+0000][gc,start      ] GC(220) Pause Young (Mixed) (G1 Evacuation Pause)
[2025-10-31T22:32:12.465+0000][gc,task       ] GC(220) Using 2 workers of 2 for evacuation
[2025-10-31T22:32:12.479+0000][gc,phases     ] GC(220)   Pre Evacuate Collection Set: 0.0ms
[2025-10-31T22:32:12.479+0000][gc,phases     ] GC(220)   Evacuate Collection Set: 12.0ms
[2025-10-31T22:32:12.479+0000][gc,phases     ] GC(220)   Post Evacuate Collection Set: 0.7ms
[2025-10-31T22:32:12.479+0000][gc,phases     ] GC(220)   Other: 0.6ms
[2025-10-31T22:32:12.479+0000][gc,heap       ] GC(220) Eden regions: 21->0(26)
[2025-10-31T22:32:12.480+0000][gc,heap       ] GC(220) Survivor regions: 4->3(4)
[2025-10-31T22:32:12.480+0000][gc,heap       ] GC(220) Old regions: 53->50
[2025-10-31T22:32:12.480+0000][gc,heap       ] GC(220) Humongous regions: 147->147
[2025-10-31T22:32:12.480+0000][gc,metaspace  ] GC(220) Metaspace: 53067K(56368K)->53067K(56368K) NonClass: 47219K(49072K)->47219K(49072K) Class: 5847K(7296K)->5847K(7296K)
[2025-10-31T22:32:12.481+0000][gc            ] GC(220) Pause Young (Mixed) (G1 Evacuation Pause) 224M->199M(512M) 15.358ms
[2025-10-31T22:32:12.481+0000][gc,cpu        ] GC(220) User=0.02s Sys=0.00s Real=0.02s
[2025-10-31T22:33:12.745+0000][gc,start      ] GC(221) Pause Young (Concurrent Start) (G1 Evacuation Pause)
[2025-10-31T22:33:12.745+0000][gc,task       ] GC(221) Using 2 workers of 2 for evacuation
[2025-10-31T22:33:12.759+0000][gc,phases     ] GC(221)   Pre Evacuate Collection Set: 0.5ms
[2025-10-31T22:33:12.759+0000][gc,phases     ] GC(221)   Evacuate Collection Set: 11.8ms
[2025-10-31T22:33:12.759+0000][gc,phases     ] GC(221)   Post Evacuate Collection Set: 0.7ms
[2025-10-31T22:33:12.759+0000][gc,phases     ] GC(221)   Other: 0.9ms
[2025-10-31T22:33:12.759+0000][gc,heap       ] GC(221) Eden regions: 23->0(26)
[2025-10-31T22:33:12.760+0000][gc,heap       ] GC(221) Survivor regions: 3->2(4)
[2025-10-31T22:33:12.760+0000][gc,heap       ] GC(221) Old regions: 50->52
[2025-10-31T22:33:12.760+0000][gc,heap       ] GC(221) Humongous regions: 147->147
[2025-10-31T22:33:12.760+0000][gc,metaspace  ] GC(221) Metaspace: 53072K(56368K)->53072K(56368K) NonClass: 47224K(49072K)->47224K(49072K) Class: 5847K(7296K)->5847K(7296K)
[2025-10-31T22:33:12.760+0000][gc            ] GC(221) Pause Young (Concurrent Start) (G1 Evacuation Pause) 222M->200M(512M) 15.704ms
[2025-10-31T22:33:12.761+0000][gc,cpu        ] GC(221) User=0.03s Sys=0.00s Real=0.02s
[2025-10-31T22:33:12.761+0000][gc            ] GC(222) Concurrent Cycle
[2025-10-31T22:33:12.761+0000][gc,marking    ] GC(222) Concurrent Clear Claimed Marks
[2025-10-31T22:33:12.762+0000][gc,marking    ] GC(222) Concurrent Clear Claimed Marks 0.614ms
[2025-10-31T22:33:12.762+0000][gc,marking    ] GC(222) Concurrent Scan Root Regions
[2025-10-31T22:33:12.767+0000][gc,marking    ] GC(222) Concurrent Scan Root Regions 4.374ms
[2025-10-31T22:33:12.767+0000][gc,marking    ] GC(222) Concurrent Mark (9633.480s)
[2025-10-31T22:33:12.767+0000][gc,marking    ] GC(222) Concurrent Mark From Roots
[2025-10-31T22:33:12.767+0000][gc,task       ] GC(222) Using 1 workers of 1 for marking
[2025-10-31T22:33:12.814+0000][gc,marking    ] GC(222) Concurrent Mark From Roots 46.389ms
[2025-10-31T22:33:12.814+0000][gc,marking    ] GC(222) Concurrent Preclean
[2025-10-31T22:33:12.814+0000][gc,marking    ] GC(222) Concurrent Preclean 0.427ms
[2025-10-31T22:33:12.814+0000][gc,marking    ] GC(222) Concurrent Mark (9633.480s, 9633.527s) 47.562ms
[2025-10-31T22:33:12.815+0000][gc,start      ] GC(222) Pause Remark
[2025-10-31T22:33:12.828+0000][gc,stringtable] GC(222) Cleaned string and symbol table, strings: 17088 processed, 0 removed, symbols: 123692 processed, 0 removed
[2025-10-31T22:33:12.830+0000][gc            ] GC(222) Pause Remark 200M->200M(512M) 14.857ms
[2025-10-31T22:33:12.830+0000][gc,cpu        ] GC(222) User=0.03s Sys=0.00s Real=0.01s
[2025-10-31T22:33:12.830+0000][gc,marking    ] GC(222) Concurrent Rebuild Remembered Sets
[2025-10-31T22:33:12.856+0000][gc,marking    ] GC(222) Concurrent Rebuild Remembered Sets 25.405ms
[2025-10-31T22:33:12.856+0000][gc,start      ] GC(222) Pause Cleanup
[2025-10-31T22:33:12.857+0000][gc            ] GC(222) Pause Cleanup 200M->200M(512M) 0.598ms
[2025-10-31T22:33:12.857+0000][gc,cpu        ] GC(222) User=0.00s Sys=0.00s Real=0.00s
[2025-10-31T22:33:12.857+0000][gc,marking    ] GC(222) Concurrent Cleanup for Next Mark
[2025-10-31T22:33:12.858+0000][gc,marking    ] GC(222) Concurrent Cleanup for Next Mark 0.850ms
[2025-10-31T22:33:12.859+0000][gc            ] GC(222) Concurrent Cycle 97.513ms
[2025-10-31T22:34:16.429+0000][gc,start      ] GC(223) Pause Young (Prepare Mixed) (G1 Evacuation Pause)
[2025-10-31T22:34:16.429+0000][gc,task       ] GC(223) Using 2 workers of 2 for evacuation
[2025-10-31T22:34:16.440+0000][gc,phases     ] GC(223)   Pre Evacuate Collection Set: 0.0ms
[2025-10-31T22:34:16.440+0000][gc,phases     ] GC(223)   Evacuate Collection Set: 9.8ms
[2025-10-31T22:34:16.440+0000][gc,phases     ] GC(223)   Post Evacuate Collection Set: 0.6ms
[2025-10-31T22:34:16.440+0000][gc,phases     ] GC(223)   Other: 0.7ms
[2025-10-31T22:34:16.440+0000][gc,heap       ] GC(223) Eden regions: 24->0(21)
[2025-10-31T22:34:16.440+0000][gc,heap       ] GC(223) Survivor regions: 2->4(4)
[2025-10-31T22:34:16.441+0000][gc,heap       ] GC(223) Old regions: 52->53
[2025-10-31T22:34:16.441+0000][gc,heap       ] GC(223) Humongous regions: 147->147
[2025-10-31T22:34:16.441+0000][gc,metaspace  ] GC(223) Metaspace: 53072K(56368K)->53072K(56368K) NonClass: 47224K(49072K)->47224K(49072K) Class: 5847K(7296K)->5847K(7296K)
[2025-10-31T22:34:16.441+0000][gc            ] GC(223) Pause Young (Prepare Mixed) (G1 Evacuation Pause) 224M->203M(512M) 12.438ms
[2025-10-31T22:34:16.441+0000][gc,cpu        ] GC(223) User=0.02s Sys=0.00s Real=0.01s
[2025-10-31T22:35:13.256+0000][gc,start      ] GC(224) Pause Young (Mixed) (G1 Evacuation Pause)
[2025-10-31T22:35:13.256+0000][gc,task       ] GC(224) Using 2 workers of 2 for evacuation
[2025-10-31T22:35:13.270+0000][gc,phases     ] GC(224)   Pre Evacuate Collection Set: 0.1ms
[2025-10-31T22:35:13.270+0000][gc,phases     ] GC(224)   Evacuate Collection Set: 12.0ms
[2025-10-31T22:35:13.270+0000][gc,phases     ] GC(224)   Post Evacuate Collection Set: 0.7ms
[2025-10-31T22:35:13.271+0000][gc,phases     ] GC(224)   Other: 1.2ms
[2025-10-31T22:35:13.271+0000][gc,heap       ] GC(224) Eden regions: 21->0(28)
[2025-10-31T22:35:13.271+0000][gc,heap       ] GC(224) Survivor regions: 4->3(4)
[2025-10-31T22:35:13.271+0000][gc,heap       ] GC(224) Old regions: 53->51
[2025-10-31T22:35:13.271+0000][gc,heap       ] GC(224) Humongous regions: 147->147
[2025-10-31T22:35:13.272+0000][gc,metaspace  ] GC(224) Metaspace: 53072K(56368K)->53072K(56368K) NonClass: 47224K(49072K)->47224K(49072K) Class: 5847K(7296K)->5847K(7296K)
[2025-10-31T22:35:13.272+0000][gc            ] GC(224) Pause Young (Mixed) (G1 Evacuation Pause) 224M->200M(512M) 15.656ms
[2025-10-31T22:35:13.272+0000][gc,cpu        ] GC(224) User=0.03s Sys=0.00s Real=0.02s
[2025-10-31T22:36:30.714+0000][gc,start      ] GC(225) Pause Young (Normal) (G1 Evacuation Pause)
[2025-10-31T22:36:30.714+0000][gc,task       ] GC(225) Using 2 workers of 2 for evacuation
[2025-10-31T22:36:30.724+0000][gc,phases     ] GC(225)   Pre Evacuate Collection Set: 0.0ms
[2025-10-31T22:36:30.724+0000][gc,phases     ] GC(225)   Evacuate Collection Set: 8.9ms
[2025-10-31T22:36:30.724+0000][gc,phases     ] GC(225)   Post Evacuate Collection Set: 0.5ms
[2025-10-31T22:36:30.725+0000][gc,phases     ] GC(225)   Other: 0.6ms
[2025-10-31T22:36:30.725+0000][gc,heap       ] GC(225) Eden regions: 28->0(31)
[2025-10-31T22:36:30.725+0000][gc,heap       ] GC(225) Survivor regions: 3->3(4)
[2025-10-31T22:36:30.725+0000][gc,heap       ] GC(225) Old regions: 51->52
[2025-10-31T22:36:30.727+0000][gc,heap       ] GC(225) Humongous regions: 147->147
[2025-10-31T22:36:30.727+0000][gc,metaspace  ] GC(225) Metaspace: 53072K(56368K)->53072K(56368K) NonClass: 47224K(49072K)->47224K(49072K) Class: 5847K(7296K)->5847K(7296K)
[2025-10-31T22:36:30.727+0000][gc            ] GC(225) Pause Young (Normal) (G1 Evacuation Pause) 228M->201M(512M) 13.406ms
[2025-10-31T22:36:30.728+0000][gc,cpu        ] GC(225) User=0.02s Sys=0.00s Real=0.01s
[2025-10-31T22:38:02.867+0000][gc,start      ] GC(226) Pause Young (Normal) (G1 Evacuation Pause)
[2025-10-31T22:38:02.867+0000][gc,task       ] GC(226) Using 2 workers of 2 for evacuation
[2025-10-31T22:38:02.878+0000][gc,phases     ] GC(226)   Pre Evacuate Collection Set: 0.0ms
[2025-10-31T22:38:02.879+0000][gc,phases     ] GC(226)   Evacuate Collection Set: 10.0ms
[2025-10-31T22:38:02.879+0000][gc,phases     ] GC(226)   Post Evacuate Collection Set: 0.7ms
[2025-10-31T22:38:02.879+0000][gc,phases     ] GC(226)   Other: 0.7ms
[2025-10-31T22:38:02.879+0000][gc,heap       ] GC(226) Eden regions: 31->0(35)
[2025-10-31T22:38:02.879+0000][gc,heap       ] GC(226) Survivor regions: 3->4(5)
[2025-10-31T22:38:02.880+0000][gc,heap       ] GC(226) Old regions: 52->54
[2025-10-31T22:38:02.880+0000][gc,heap       ] GC(226) Humongous regions: 147->147
[2025-10-31T22:38:02.880+0000][gc,metaspace  ] GC(226) Metaspace: 53072K(56368K)->53072K(56368K) NonClass: 47224K(49072K)->47224K(49072K) Class: 5847K(7296K)->5847K(7296K)
[2025-10-31T22:38:02.880+0000][gc            ] GC(226) Pause Young (Normal) (G1 Evacuation Pause) 232M->204M(512M) 13.046ms
[2025-10-31T22:38:02.880+0000][gc,cpu        ] GC(226) User=0.02s Sys=0.00s Real=0.01s
[2025-10-31T22:39:47.314+0000][gc,start      ] GC(227) Pause Young (Concurrent Start) (G1 Evacuation Pause)
[2025-10-31T22:39:47.314+0000][gc,task       ] GC(227) Using 2 workers of 2 for evacuation
[2025-10-31T22:39:47.351+0000][gc,mmu        ] GC(227) MMU target violated: 21.0ms (20.0ms/21.0ms)
[2025-10-31T22:39:47.352+0000][gc,phases     ] GC(227)   Pre Evacuate Collection Set: 0.6ms
[2025-10-31T22:39:47.353+0000][gc,phases     ] GC(227)   Evacuate Collection Set: 31.8ms
[2025-10-31T22:39:47.354+0000][gc,phases     ] GC(227)   Post Evacuate Collection Set: 2.5ms
[2025-10-31T22:39:47.355+0000][gc,phases     ] GC(227)   Other: 3.7ms
[2025-10-31T22:39:47.355+0000][gc,heap       ] GC(227) Eden regions: 35->0(20)
[2025-10-31T22:39:47.356+0000][gc,heap       ] GC(227) Survivor regions: 4->5(5)
[2025-10-31T22:39:47.356+0000][gc,heap       ] GC(227) Old regions: 54->57
[2025-10-31T22:39:47.356+0000][gc,heap       ] GC(227) Humongous regions: 147->147
[2025-10-31T22:39:47.357+0000][gc,metaspace  ] GC(227) Metaspace: 53072K(56368K)->53072K(56368K) NonClass: 47224K(49072K)->47224K(49072K) Class: 5847K(7296K)->5847K(7296K)
[2025-10-31T22:39:47.357+0000][gc            ] GC(227) Pause Young (Concurrent Start) (G1 Evacuation Pause) 239M->208M(512M) 43.351ms
[2025-10-31T22:39:47.357+0000][gc,cpu        ] GC(227) User=0.08s Sys=0.00s Real=0.04s
[2025-10-31T22:39:47.358+0000][gc            ] GC(228) Concurrent Cycle
[2025-10-31T22:39:47.358+0000][gc,marking    ] GC(228) Concurrent Clear Claimed Marks
[2025-10-31T22:39:47.362+0000][gc,marking    ] GC(228) Concurrent Clear Claimed Marks 3.363ms
[2025-10-31T22:39:47.362+0000][gc,marking    ] GC(228) Concurrent Scan Root Regions
[2025-10-31T22:39:47.370+0000][gc,marking    ] GC(228) Concurrent Scan Root Regions 7.289ms
[2025-10-31T22:39:47.370+0000][gc,marking    ] GC(228) Concurrent Mark (10028.081s)
[2025-10-31T22:39:47.370+0000][gc,marking    ] GC(228) Concurrent Mark From Roots
[2025-10-31T22:39:47.371+0000][gc,task       ] GC(228) Using 1 workers of 1 for marking
[2025-10-31T22:39:47.426+0000][gc,marking    ] GC(228) Concurrent Mark From Roots 55.989ms
[2025-10-31T22:39:47.427+0000][gc,marking    ] GC(228) Concurrent Preclean
[2025-10-31T22:39:47.427+0000][gc,marking    ] GC(228) Concurrent Preclean 0.686ms
[2025-10-31T22:39:47.428+0000][gc,marking    ] GC(228) Concurrent Mark (10028.081s, 10028.139s) 57.792ms
[2025-10-31T22:39:47.428+0000][gc,start      ] GC(228) Pause Remark
[2025-10-31T22:39:47.451+0000][gc,stringtable] GC(228) Cleaned string and symbol table, strings: 17091 processed, 0 removed, symbols: 123692 processed, 0 removed
[2025-10-31T22:39:47.457+0000][gc,mmu        ] GC(228) MMU target violated: 21.0ms (20.0ms/21.0ms)
[2025-10-31T22:39:47.457+0000][gc            ] GC(228) Pause Remark 208M->208M(512M) 28.976ms
[2025-10-31T22:39:47.458+0000][gc,cpu        ] GC(228) User=0.05s Sys=0.00s Real=0.03s
[2025-10-31T22:39:47.458+0000][gc,marking    ] GC(228) Concurrent Rebuild Remembered Sets
[2025-10-31T22:39:47.489+0000][gc,marking    ] GC(228) Concurrent Rebuild Remembered Sets 30.729ms
[2025-10-31T22:39:47.490+0000][gc,start      ] GC(228) Pause Cleanup
[2025-10-31T22:39:47.490+0000][gc            ] GC(228) Pause Cleanup 208M->208M(512M) 0.808ms
[2025-10-31T22:39:47.491+0000][gc,cpu        ] GC(228) User=0.00s Sys=0.00s Real=0.00s
[2025-10-31T22:39:47.491+0000][gc,marking    ] GC(228) Concurrent Cleanup for Next Mark
[2025-10-31T22:39:47.492+0000][gc,marking    ] GC(228) Concurrent Cleanup for Next Mark 0.979ms
[2025-10-31T22:39:47.493+0000][gc            ] GC(228) Concurrent Cycle 134.917ms
[2025-10-31T22:40:45.064+0000][gc,start      ] GC(229) Pause Young (Prepare Mixed) (G1 Evacuation Pause)
[2025-10-31T22:40:45.064+0000][gc,task       ] GC(229) Using 2 workers of 2 for evacuation
[2025-10-31T22:40:45.077+0000][gc,phases     ] GC(229)   Pre Evacuate Collection Set: 0.0ms
[2025-10-31T22:40:45.078+0000][gc,phases     ] GC(229)   Evacuate Collection Set: 11.2ms
[2025-10-31T22:40:45.078+0000][gc,phases     ] GC(229)   Post Evacuate Collection Set: 1.5ms
[2025-10-31T22:40:45.078+0000][gc,phases     ] GC(229)   Other: 0.7ms
[2025-10-31T22:40:45.079+0000][gc,heap       ] GC(229) Eden regions: 20->0(22)
[2025-10-31T22:40:45.079+0000][gc,heap       ] GC(229) Survivor regions: 5->3(4)
[2025-10-31T22:40:45.080+0000][gc,heap       ] GC(229) Old regions: 57->59
[2025-10-31T22:40:45.080+0000][gc,heap       ] GC(229) Humongous regions: 147->147
[2025-10-31T22:40:45.080+0000][gc,metaspace  ] GC(229) Metaspace: 53072K(56368K)->53072K(56368K) NonClass: 47224K(49072K)->47224K(49072K) Class: 5847K(7296K)->5847K(7296K)
[2025-10-31T22:40:45.080+0000][gc            ] GC(229) Pause Young (Prepare Mixed) (G1 Evacuation Pause) 228M->208M(512M) 16.032ms
[2025-10-31T22:40:45.080+0000][gc,cpu        ] GC(229) User=0.03s Sys=0.00s Real=0.01s
[2025-10-31T22:41:49.118+0000][gc,start      ] GC(230) Pause Young (Mixed) (G1 Evacuation Pause)
[2025-10-31T22:41:49.119+0000][gc,task       ] GC(230) Using 2 workers of 2 for evacuation
[2025-10-31T22:41:49.128+0000][gc,phases     ] GC(230)   Pre Evacuate Collection Set: 0.0ms
[2025-10-31T22:41:49.128+0000][gc,phases     ] GC(230)   Evacuate Collection Set: 8.5ms
[2025-10-31T22:41:49.129+0000][gc,phases     ] GC(230)   Post Evacuate Collection Set: 0.6ms
[2025-10-31T22:41:49.129+0000][gc,phases     ] GC(230)   Other: 0.5ms
[2025-10-31T22:41:49.129+0000][gc,heap       ] GC(230) Eden regions: 22->0(22)
[2025-10-31T22:41:49.129+0000][gc,heap       ] GC(230) Survivor regions: 3->3(4)
[2025-10-31T22:41:49.129+0000][gc,heap       ] GC(230) Old regions: 59->55
[2025-10-31T22:41:49.129+0000][gc,heap       ] GC(230) Humongous regions: 147->147
[2025-10-31T22:41:49.130+0000][gc,metaspace  ] GC(230) Metaspace: 53072K(56368K)->53072K(56368K) NonClass: 47224K(49072K)->47224K(49072K) Class: 5847K(7296K)->5847K(7296K)
[2025-10-31T22:41:49.130+0000][gc            ] GC(230) Pause Young (Mixed) (G1 Evacuation Pause) 230M->204M(512M) 11.237ms
[2025-10-31T22:41:49.130+0000][gc,cpu        ] GC(230) User=0.02s Sys=0.00s Real=0.01s
[2025-10-31T22:42:54.650+0000][gc,start      ] GC(231) Pause Young (Mixed) (G1 Evacuation Pause)
[2025-10-31T22:42:54.650+0000][gc,task       ] GC(231) Using 2 workers of 2 for evacuation
[2025-10-31T22:42:54.666+0000][gc,phases     ] GC(231)   Pre Evacuate Collection Set: 0.0ms
[2025-10-31T22:42:54.666+0000][gc,phases     ] GC(231)   Evacuate Collection Set: 14.0ms
[2025-10-31T22:42:54.666+0000][gc,phases     ] GC(231)   Post Evacuate Collection Set: 1.0ms
[2025-10-31T22:42:54.667+0000][gc,phases     ] GC(231)   Other: 1.3ms
[2025-10-31T22:42:54.667+0000][gc,heap       ] GC(231) Eden regions: 22->0(29)
[2025-10-31T22:42:54.667+0000][gc,heap       ] GC(231) Survivor regions: 3->4(4)
[2025-10-31T22:42:54.667+0000][gc,heap       ] GC(231) Old regions: 55->54
[2025-10-31T22:42:54.667+0000][gc,heap       ] GC(231) Humongous regions: 147->147
[2025-10-31T22:42:54.668+0000][gc,metaspace  ] GC(231) Metaspace: 53073K(56368K)->53073K(56368K) NonClass: 47225K(49072K)->47225K(49072K) Class: 5847K(7296K)->5847K(7296K)
[2025-10-31T22:42:54.668+0000][gc            ] GC(231) Pause Young (Mixed) (G1 Evacuation Pause) 226M->203M(512M) 18.198ms
[2025-10-31T22:42:54.668+0000][gc,cpu        ] GC(231) User=0.03s Sys=0.00s Real=0.02s
[2025-10-31T22:44:19.139+0000][gc,start      ] GC(232) Pause Young (Normal) (G1 Evacuation Pause)
[2025-10-31T22:44:19.139+0000][gc,task       ] GC(232) Using 2 workers of 2 for evacuation
[2025-10-31T22:44:19.159+0000][gc,phases     ] GC(232)   Pre Evacuate Collection Set: 0.0ms
[2025-10-31T22:44:19.160+0000][gc,phases     ] GC(232)   Evacuate Collection Set: 18.4ms
[2025-10-31T22:44:19.160+0000][gc,phases     ] GC(232)   Post Evacuate Collection Set: 1.1ms
[2025-10-31T22:44:19.161+0000][gc,phases     ] GC(232)   Other: 0.9ms
[2025-10-31T22:44:19.161+0000][gc,heap       ] GC(232) Eden regions: 29->0(29)
[2025-10-31T22:44:19.161+0000][gc,heap       ] GC(232) Survivor regions: 4->5(5)
[2025-10-31T22:44:19.161+0000][gc,heap       ] GC(232) Old regions: 54->56
[2025-10-31T22:44:19.162+0000][gc,heap       ] GC(232) Humongous regions: 147->147
[2025-10-31T22:44:19.162+0000][gc,metaspace  ] GC(232) Metaspace: 53074K(56368K)->53074K(56368K) NonClass: 47226K(49072K)->47226K(49072K) Class: 5847K(7296K)->5847K(7296K)
[2025-10-31T22:44:19.162+0000][gc            ] GC(232) Pause Young (Normal) (G1 Evacuation Pause) 232M->207M(512M) 23.030ms
[2025-10-31T22:44:19.162+0000][gc,cpu        ] GC(232) User=0.04s Sys=0.00s Real=0.02s
[2025-10-31T22:45:43.412+0000][gc,start      ] GC(233) Pause Young (Normal) (G1 Evacuation Pause)
[2025-10-31T22:45:43.412+0000][gc,task       ] GC(233) Using 2 workers of 2 for evacuation
[2025-10-31T22:45:43.424+0000][gc,phases     ] GC(233)   Pre Evacuate Collection Set: 0.0ms
[2025-10-31T22:45:43.425+0000][gc,phases     ] GC(233)   Evacuate Collection Set: 11.0ms
[2025-10-31T22:45:43.425+0000][gc,phases     ] GC(233)   Post Evacuate Collection Set: 1.2ms
[2025-10-31T22:45:43.425+0000][gc,phases     ] GC(233)   Other: 0.5ms
[2025-10-31T22:45:43.426+0000][gc,heap       ] GC(233) Eden regions: 29->0(33)
[2025-10-31T22:45:43.426+0000][gc,heap       ] GC(233) Survivor regions: 5->5(5)
[2025-10-31T22:45:43.426+0000][gc,heap       ] GC(233) Old regions: 56->58
[2025-10-31T22:45:43.427+0000][gc,heap       ] GC(233) Humongous regions: 147->147
[2025-10-31T22:45:43.427+0000][gc,metaspace  ] GC(233) Metaspace: 53074K(56368K)->53074K(56368K) NonClass: 47226K(49072K)->47226K(49072K) Class: 5847K(7296K)->5847K(7296K)
[2025-10-31T22:45:43.427+0000][gc            ] GC(233) Pause Young (Normal) (G1 Evacuation Pause) 236M->209M(512M) 15.468ms
[2025-10-31T22:45:43.428+0000][gc,cpu        ] GC(233) User=0.03s Sys=0.00s Real=0.02s
[2025-10-31T22:47:06.447+0000][gc,start      ] GC(234) Pause Young (Normal) (G1 Evacuation Pause)
[2025-10-31T22:47:06.447+0000][gc,task       ] GC(234) Using 2 workers of 2 for evacuation
[2025-10-31T22:47:06.458+0000][gc,phases     ] GC(234)   Pre Evacuate Collection Set: 0.0ms
[2025-10-31T22:47:06.458+0000][gc,phases     ] GC(234)   Evacuate Collection Set: 10.2ms
[2025-10-31T22:47:06.458+0000][gc,phases     ] GC(234)   Post Evacuate Collection Set: 0.7ms
[2025-10-31T22:47:06.459+0000][gc,phases     ] GC(234)   Other: 0.6ms
[2025-10-31T22:47:06.459+0000][gc,heap       ] GC(234) Eden regions: 33->0(39)
[2025-10-31T22:47:06.459+0000][gc,heap       ] GC(234) Survivor regions: 5->4(5)
[2025-10-31T22:47:06.459+0000][gc,heap       ] GC(234) Old regions: 58->60
[2025-10-31T22:47:06.459+0000][gc,heap       ] GC(234) Humongous regions: 147->147
[2025-10-31T22:47:06.459+0000][gc,metaspace  ] GC(234) Metaspace: 53100K(56368K)->53100K(56368K) NonClass: 47253K(49072K)->47253K(49072K) Class: 5847K(7296K)->5847K(7296K)
[2025-10-31T22:47:06.460+0000][gc            ] GC(234) Pause Young (Normal) (G1 Evacuation Pause) 242M->211M(512M) 12.971ms
[2025-10-31T22:47:06.460+0000][gc,cpu        ] GC(234) User=0.02s Sys=0.00s Real=0.02s
[2025-10-31T22:47:39.380+0000][gc,start      ] GC(235) Pause Young (Normal) (G1 Evacuation Pause)
[2025-10-31T22:47:39.380+0000][gc,task       ] GC(235) Using 2 workers of 2 for evacuation
[2025-10-31T22:47:39.392+0000][gc,phases     ] GC(235)   Pre Evacuate Collection Set: 0.0ms
[2025-10-31T22:47:39.393+0000][gc,phases     ] GC(235)   Evacuate Collection Set: 11.4ms
[2025-10-31T22:47:39.393+0000][gc,phases     ] GC(235)   Post Evacuate Collection Set: 0.6ms
[2025-10-31T22:47:39.393+0000][gc,phases     ] GC(235)   Other: 0.5ms
[2025-10-31T22:47:39.393+0000][gc,heap       ] GC(235) Eden regions: 39->0(44)
[2025-10-31T22:47:39.394+0000][gc,heap       ] GC(235) Survivor regions: 4->3(6)
[2025-10-31T22:47:39.394+0000][gc,heap       ] GC(235) Old regions: 60->62
[2025-10-31T22:47:39.394+0000][gc,heap       ] GC(235) Humongous regions: 147->147
[2025-10-31T22:47:39.394+0000][gc,metaspace  ] GC(235) Metaspace: 53106K(56368K)->53106K(56368K) NonClass: 47258K(49072K)->47258K(49072K) Class: 5847K(7296K)->5847K(7296K)
[2025-10-31T22:47:39.394+0000][gc            ] GC(235) Pause Young (Normal) (G1 Evacuation Pause) 250M->211M(512M) 14.286ms
[2025-10-31T22:47:39.394+0000][gc,cpu        ] GC(235) User=0.02s Sys=0.00s Real=0.01s
[2025-10-31T22:47:54.363+0000][gc,start      ] GC(236) Pause Young (Normal) (G1 Evacuation Pause)
[2025-10-31T22:47:54.363+0000][gc,task       ] GC(236) Using 2 workers of 2 for evacuation
[2025-10-31T22:47:54.375+0000][gc,phases     ] GC(236)   Pre Evacuate Collection Set: 0.0ms
[2025-10-31T22:47:54.375+0000][gc,phases     ] GC(236)   Evacuate Collection Set: 10.2ms
[2025-10-31T22:47:54.375+0000][gc,phases     ] GC(236)   Post Evacuate Collection Set: 0.6ms
[2025-10-31T22:47:54.375+0000][gc,phases     ] GC(236)   Other: 1.5ms
[2025-10-31T22:47:54.375+0000][gc,heap       ] GC(236) Eden regions: 39->0(47)
[2025-10-31T22:47:54.375+0000][gc,heap       ] GC(236) Survivor regions: 3->5(6)
[2025-10-31T22:47:54.376+0000][gc,heap       ] GC(236) Old regions: 62->62
[2025-10-31T22:47:54.376+0000][gc,heap       ] GC(236) Humongous regions: 147->147
[2025-10-31T22:47:54.376+0000][gc,metaspace  ] GC(236) Metaspace: 53106K(56368K)->53106K(56368K) NonClass: 47258K(49072K)->47258K(49072K) Class: 5847K(7296K)->5847K(7296K)
[2025-10-31T22:47:54.376+0000][gc            ] GC(236) Pause Young (Normal) (G1 Evacuation Pause) 250M->213M(512M) 13.308ms
[2025-10-31T22:47:54.376+0000][gc,cpu        ] GC(236) User=0.02s Sys=0.00s Real=0.01s
[2025-10-31T22:48:04.005+0000][gc,start      ] GC(237) Pause Young (Normal) (G1 Evacuation Pause)
[2025-10-31T22:48:04.005+0000][gc,task       ] GC(237) Using 2 workers of 2 for evacuation
[2025-10-31T22:48:04.017+0000][gc,phases     ] GC(237)   Pre Evacuate Collection Set: 0.0ms
[2025-10-31T22:48:04.017+0000][gc,phases     ] GC(237)   Evacuate Collection Set: 10.7ms
[2025-10-31T22:48:04.017+0000][gc,phases     ] GC(237)   Post Evacuate Collection Set: 0.6ms
[2025-10-31T22:48:04.018+0000][gc,phases     ] GC(237)   Other: 0.5ms
[2025-10-31T22:48:04.018+0000][gc,heap       ] GC(237) Eden regions: 47->0(51)
[2025-10-31T22:48:04.018+0000][gc,heap       ] GC(237) Survivor regions: 5->4(7)
[2025-10-31T22:48:04.018+0000][gc,heap       ] GC(237) Old regions: 62->65
[2025-10-31T22:48:04.018+0000][gc,heap       ] GC(237) Humongous regions: 147->147
[2025-10-31T22:48:04.018+0000][gc,metaspace  ] GC(237) Metaspace: 53106K(56368K)->53106K(56368K) NonClass: 47258K(49072K)->47258K(49072K) Class: 5847K(7296K)->5847K(7296K)
[2025-10-31T22:48:04.019+0000][gc            ] GC(237) Pause Young (Normal) (G1 Evacuation Pause) 260M->215M(512M) 13.361ms
[2025-10-31T22:48:04.019+0000][gc,cpu        ] GC(237) User=0.02s Sys=0.00s Real=0.01s
[2025-10-31T22:48:07.467+0000][gc,start      ] GC(238) Pause Young (Normal) (G1 Evacuation Pause)
[2025-10-31T22:48:07.468+0000][gc,task       ] GC(238) Using 2 workers of 2 for evacuation
[2025-10-31T22:48:07.479+0000][gc,phases     ] GC(238)   Pre Evacuate Collection Set: 0.0ms
[2025-10-31T22:48:07.479+0000][gc,phases     ] GC(238)   Evacuate Collection Set: 9.0ms
[2025-10-31T22:48:07.479+0000][gc,phases     ] GC(238)   Post Evacuate Collection Set: 0.6ms
[2025-10-31T22:48:07.479+0000][gc,phases     ] GC(238)   Other: 2.0ms
[2025-10-31T22:48:07.479+0000][gc,heap       ] GC(238) Eden regions: 51->0(57)
[2025-10-31T22:48:07.479+0000][gc,heap       ] GC(238) Survivor regions: 4->5(7)
[2025-10-31T22:48:07.479+0000][gc,heap       ] GC(238) Old regions: 65->65
[2025-10-31T22:48:07.479+0000][gc,heap       ] GC(238) Humongous regions: 147->147
[2025-10-31T22:48:07.480+0000][gc,metaspace  ] GC(238) Metaspace: 53106K(56368K)->53106K(56368K) NonClass: 47258K(49072K)->47258K(49072K) Class: 5847K(7296K)->5847K(7296K)
[2025-10-31T22:48:07.480+0000][gc            ] GC(238) Pause Young (Normal) (G1 Evacuation Pause) 266M->216M(512M) 12.808ms
[2025-10-31T22:48:07.480+0000][gc,cpu        ] GC(238) User=0.02s Sys=0.00s Real=0.01s
[2025-10-31T22:49:41.669+0000][gc,start      ] GC(239) Pause Young (Normal) (G1 Evacuation Pause)
[2025-10-31T22:49:41.670+0000][gc,task       ] GC(239) Using 2 workers of 2 for evacuation
[2025-10-31T22:49:41.685+0000][gc,phases     ] GC(239)   Pre Evacuate Collection Set: 0.0ms
[2025-10-31T22:49:41.685+0000][gc,phases     ] GC(239)   Evacuate Collection Set: 13.7ms
[2025-10-31T22:49:41.685+0000][gc,phases     ] GC(239)   Post Evacuate Collection Set: 0.6ms
[2025-10-31T22:49:41.685+0000][gc,phases     ] GC(239)   Other: 1.3ms
[2025-10-31T22:49:41.685+0000][gc,heap       ] GC(239) Eden regions: 49->0(56)
[2025-10-31T22:49:41.686+0000][gc,heap       ] GC(239) Survivor regions: 5->6(7)
[2025-10-31T22:49:41.686+0000][gc,heap       ] GC(239) Old regions: 65->67
[2025-10-31T22:49:41.686+0000][gc,heap       ] GC(239) Humongous regions: 147->147
[2025-10-31T22:49:41.686+0000][gc,metaspace  ] GC(239) Metaspace: 53106K(56368K)->53106K(56368K) NonClass: 47258K(49072K)->47258K(49072K) Class: 5847K(7296K)->5847K(7296K)
[2025-10-31T22:49:41.686+0000][gc            ] GC(239) Pause Young (Normal) (G1 Evacuation Pause) 265M->218M(512M) 16.806ms
[2025-10-31T22:49:41.686+0000][gc,cpu        ] GC(239) User=0.02s Sys=0.00s Real=0.02s
[2025-10-31T22:51:37.437+0000][gc,start      ] GC(240) Pause Young (Concurrent Start) (G1 Evacuation Pause)
[2025-10-31T22:51:37.437+0000][gc,task       ] GC(240) Using 2 workers of 2 for evacuation
[2025-10-31T22:51:37.453+0000][gc,phases     ] GC(240)   Pre Evacuate Collection Set: 0.3ms
[2025-10-31T22:51:37.453+0000][gc,phases     ] GC(240)   Evacuate Collection Set: 14.4ms
[2025-10-31T22:51:37.453+0000][gc,phases     ] GC(240)   Post Evacuate Collection Set: 0.7ms
[2025-10-31T22:51:37.454+0000][gc,phases     ] GC(240)   Other: 0.5ms
[2025-10-31T22:51:37.454+0000][gc,heap       ] GC(240) Eden regions: 48->0(54)
[2025-10-31T22:51:37.454+0000][gc,heap       ] GC(240) Survivor regions: 6->7(7)
[2025-10-31T22:51:37.454+0000][gc,heap       ] GC(240) Old regions: 67->69
[2025-10-31T22:51:37.454+0000][gc,heap       ] GC(240) Humongous regions: 147->147
[2025-10-31T22:51:37.454+0000][gc,metaspace  ] GC(240) Metaspace: 53115K(56368K)->53115K(56368K) NonClass: 47266K(49072K)->47266K(49072K) Class: 5848K(7296K)->5848K(7296K)
[2025-10-31T22:51:37.454+0000][gc            ] GC(240) Pause Young (Concurrent Start) (G1 Evacuation Pause) 266M->222M(512M) 17.266ms
[2025-10-31T22:51:37.455+0000][gc,cpu        ] GC(240) User=0.03s Sys=0.00s Real=0.02s
[2025-10-31T22:51:37.455+0000][gc            ] GC(241) Concurrent Cycle
[2025-10-31T22:51:37.455+0000][gc,marking    ] GC(241) Concurrent Clear Claimed Marks
[2025-10-31T22:51:37.455+0000][gc,marking    ] GC(241) Concurrent Clear Claimed Marks 0.353ms
[2025-10-31T22:51:37.455+0000][gc,marking    ] GC(241) Concurrent Scan Root Regions
[2025-10-31T22:51:37.460+0000][gc,marking    ] GC(241) Concurrent Scan Root Regions 4.928ms
[2025-10-31T22:51:37.460+0000][gc,marking    ] GC(241) Concurrent Mark (10738.202s)
[2025-10-31T22:51:37.461+0000][gc,marking    ] GC(241) Concurrent Mark From Roots
[2025-10-31T22:51:37.461+0000][gc,task       ] GC(241) Using 1 workers of 1 for marking
[2025-10-31T22:51:37.493+0000][gc,marking    ] GC(241) Concurrent Mark From Roots 32.129ms
[2025-10-31T22:51:37.493+0000][gc,marking    ] GC(241) Concurrent Preclean
[2025-10-31T22:51:37.493+0000][gc,marking    ] GC(241) Concurrent Preclean 0.300ms
[2025-10-31T22:51:37.493+0000][gc,marking    ] GC(241) Concurrent Mark (10738.202s, 10738.235s) 32.969ms
[2025-10-31T22:51:37.494+0000][gc,start      ] GC(241) Pause Remark
[2025-10-31T22:51:37.503+0000][gc,stringtable] GC(241) Cleaned string and symbol table, strings: 17112 processed, 0 removed, symbols: 123735 processed, 0 removed
[2025-10-31T22:51:37.504+0000][gc            ] GC(241) Pause Remark 222M->222M(512M) 9.973ms
[2025-10-31T22:51:37.504+0000][gc,cpu        ] GC(241) User=0.02s Sys=0.00s Real=0.01s
[2025-10-31T22:51:37.504+0000][gc,marking    ] GC(241) Concurrent Rebuild Remembered Sets
[2025-10-31T22:51:37.526+0000][gc,marking    ] GC(241) Concurrent Rebuild Remembered Sets 21.355ms
[2025-10-31T22:51:37.526+0000][gc,start      ] GC(241) Pause Cleanup
[2025-10-31T22:51:37.526+0000][gc            ] GC(241) Pause Cleanup 222M->222M(512M) 0.362ms
[2025-10-31T22:51:37.527+0000][gc,cpu        ] GC(241) User=0.00s Sys=0.00s Real=0.00s
[2025-10-31T22:51:37.527+0000][gc,marking    ] GC(241) Concurrent Cleanup for Next Mark
[2025-10-31T22:51:37.527+0000][gc,marking    ] GC(241) Concurrent Cleanup for Next Mark 0.590ms
[2025-10-31T22:51:37.527+0000][gc            ] GC(241) Concurrent Cycle 72.698ms
[2025-10-31T22:53:27.216+0000][gc,start      ] GC(242) Pause Young (Prepare Mixed) (G1 Evacuation Pause)
[2025-10-31T22:53:27.216+0000][gc,task       ] GC(242) Using 2 workers of 2 for evacuation
[2025-10-31T22:53:27.237+0000][gc,mmu        ] GC(242) MMU target violated: 20.8ms (20.0ms/21.0ms)
[2025-10-31T22:53:27.237+0000][gc,phases     ] GC(242)   Pre Evacuate Collection Set: 0.0ms
[2025-10-31T22:53:27.238+0000][gc,phases     ] GC(242)   Evacuate Collection Set: 20.0ms
[2025-10-31T22:53:27.238+0000][gc,phases     ] GC(242)   Post Evacuate Collection Set: 0.6ms
[2025-10-31T22:53:27.238+0000][gc,phases     ] GC(242)   Other: 0.7ms
[2025-10-31T22:53:27.238+0000][gc,heap       ] GC(242) Eden regions: 50->0(17)
[2025-10-31T22:53:27.238+0000][gc,heap       ] GC(242) Survivor regions: 7->8(8)
[2025-10-31T22:53:27.238+0000][gc,heap       ] GC(242) Old regions: 69->73
[2025-10-31T22:53:27.238+0000][gc,heap       ] GC(242) Humongous regions: 147->147
[2025-10-31T22:53:27.238+0000][gc,metaspace  ] GC(242) Metaspace: 53122K(56368K)->53122K(56368K) NonClass: 47273K(49072K)->47273K(49072K) Class: 5848K(7296K)->5848K(7296K)
[2025-10-31T22:53:27.239+0000][gc            ] GC(242) Pause Young (Prepare Mixed) (G1 Evacuation Pause) 272M->227M(512M) 22.507ms
[2025-10-31T22:53:27.239+0000][gc,cpu        ] GC(242) User=0.04s Sys=0.00s Real=0.02s
[2025-10-31T22:54:06.675+0000][gc,start      ] GC(243) Pause Young (Mixed) (G1 Evacuation Pause)
[2025-10-31T22:54:06.675+0000][gc,task       ] GC(243) Using 2 workers of 2 for evacuation
[2025-10-31T22:54:06.692+0000][gc,phases     ] GC(243)   Pre Evacuate Collection Set: 0.1ms
[2025-10-31T22:54:06.692+0000][gc,phases     ] GC(243)   Evacuate Collection Set: 16.0ms
[2025-10-31T22:54:06.692+0000][gc,phases     ] GC(243)   Post Evacuate Collection Set: 0.7ms
[2025-10-31T22:54:06.693+0000][gc,phases     ] GC(243)   Other: 0.6ms
[2025-10-31T22:54:06.693+0000][gc,heap       ] GC(243) Eden regions: 17->0(59)
[2025-10-31T22:54:06.693+0000][gc,heap       ] GC(243) Survivor regions: 8->3(4)
[2025-10-31T22:54:06.693+0000][gc,heap       ] GC(243) Old regions: 73->58
[2025-10-31T22:54:06.693+0000][gc,heap       ] GC(243) Humongous regions: 147->147
[2025-10-31T22:54:06.693+0000][gc,metaspace  ] GC(243) Metaspace: 53122K(56368K)->53122K(56368K) NonClass: 47273K(49072K)->47273K(49072K) Class: 5848K(7296K)->5848K(7296K)
[2025-10-31T22:54:06.694+0000][gc            ] GC(243) Pause Young (Mixed) (G1 Evacuation Pause) 244M->207M(512M) 18.793ms
[2025-10-31T22:54:06.694+0000][gc,cpu        ] GC(243) User=0.03s Sys=0.00s Real=0.02s
[2025-10-31T22:56:28.347+0000][gc,start      ] GC(244) Pause Young (Normal) (G1 Evacuation Pause)
[2025-10-31T22:56:28.349+0000][gc,task       ] GC(244) Using 2 workers of 2 for evacuation
[2025-10-31T22:56:28.363+0000][gc,phases     ] GC(244)   Pre Evacuate Collection Set: 0.0ms
[2025-10-31T22:56:28.363+0000][gc,phases     ] GC(244)   Evacuate Collection Set: 12.9ms
[2025-10-31T22:56:28.364+0000][gc,phases     ] GC(244)   Post Evacuate Collection Set: 0.8ms
[2025-10-31T22:56:28.364+0000][gc,phases     ] GC(244)   Other: 2.3ms
[2025-10-31T22:56:28.364+0000][gc,heap       ] GC(244) Eden regions: 59->0(53)
[2025-10-31T22:56:28.364+0000][gc,heap       ] GC(244) Survivor regions: 3->8(8)
[2025-10-31T22:56:28.365+0000][gc,heap       ] GC(244) Old regions: 58->58
[2025-10-31T22:56:28.365+0000][gc,heap       ] GC(244) Humongous regions: 147->147
[2025-10-31T22:56:28.365+0000][gc,metaspace  ] GC(244) Metaspace: 53122K(56368K)->53122K(56368K) NonClass: 47273K(49072K)->47273K(49072K) Class: 5848K(7296K)->5848K(7296K)
[2025-10-31T22:56:28.365+0000][gc            ] GC(244) Pause Young (Normal) (G1 Evacuation Pause) 266M->212M(512M) 18.070ms
[2025-10-31T22:56:28.366+0000][gc,cpu        ] GC(244) User=0.03s Sys=0.00s Real=0.02s
[2025-10-31T22:58:36.438+0000][gc,start      ] GC(245) Pause Young (Normal) (G1 Evacuation Pause)
[2025-10-31T22:58:36.458+0000][gc,task       ] GC(245) Using 2 workers of 2 for evacuation
[2025-10-31T22:58:36.482+0000][gc,mmu        ] GC(245) MMU target violated: 21.0ms (20.0ms/21.0ms)
[2025-10-31T22:58:36.482+0000][gc,phases     ] GC(245)   Pre Evacuate Collection Set: 0.0ms
[2025-10-31T22:58:36.482+0000][gc,phases     ] GC(245)   Evacuate Collection Set: 22.7ms
[2025-10-31T22:58:36.482+0000][gc,phases     ] GC(245)   Post Evacuate Collection Set: 0.9ms
[2025-10-31T22:58:36.483+0000][gc,phases     ] GC(245)   Other: 20.2ms
[2025-10-31T22:58:36.483+0000][gc,heap       ] GC(245) Eden regions: 53->0(43)
[2025-10-31T22:58:36.483+0000][gc,heap       ] GC(245) Survivor regions: 8->6(8)
[2025-10-31T22:58:36.483+0000][gc,heap       ] GC(245) Old regions: 58->63
[2025-10-31T22:58:36.483+0000][gc,heap       ] GC(245) Humongous regions: 147->147
[2025-10-31T22:58:36.484+0000][gc,metaspace  ] GC(245) Metaspace: 53122K(56368K)->53122K(56368K) NonClass: 47273K(49072K)->47273K(49072K) Class: 5848K(7296K)->5848K(7296K)
[2025-10-31T22:58:36.484+0000][gc            ] GC(245) Pause Young (Normal) (G1 Evacuation Pause) 265M->216M(512M) 45.687ms
[2025-10-31T22:58:36.484+0000][gc,cpu        ] GC(245) User=0.05s Sys=0.00s Real=0.04s
[2025-10-31T23:00:20.116+0000][gc,start      ] GC(246) Pause Young (Normal) (G1 Evacuation Pause)
[2025-10-31T23:00:20.116+0000][gc,task       ] GC(246) Using 2 workers of 2 for evacuation
[2025-10-31T23:00:20.130+0000][gc,phases     ] GC(246)   Pre Evacuate Collection Set: 0.0ms
[2025-10-31T23:00:20.130+0000][gc,phases     ] GC(246)   Evacuate Collection Set: 11.7ms
[2025-10-31T23:00:20.130+0000][gc,phases     ] GC(246)   Post Evacuate Collection Set: 1.2ms
[2025-10-31T23:00:20.130+0000][gc,phases     ] GC(246)   Other: 1.1ms
[2025-10-31T23:00:20.131+0000][gc,heap       ] GC(246) Eden regions: 43->0(58)
[2025-10-31T23:00:20.131+0000][gc,heap       ] GC(246) Survivor regions: 6->3(7)
[2025-10-31T23:00:20.131+0000][gc,heap       ] GC(246) Old regions: 63->67
[2025-10-31T23:00:20.131+0000][gc,heap       ] GC(246) Humongous regions: 147->147
[2025-10-31T23:00:20.131+0000][gc,metaspace  ] GC(246) Metaspace: 53123K(56368K)->53123K(56368K) NonClass: 47274K(49072K)->47274K(49072K) Class: 5848K(7296K)->5848K(7296K)
[2025-10-31T23:00:20.132+0000][gc            ] GC(246) Pause Young (Normal) (G1 Evacuation Pause) 259M->216M(512M) 15.896ms
[2025-10-31T23:00:20.132+0000][gc,cpu        ] GC(246) User=0.03s Sys=0.00s Real=0.02s
[2025-10-31T23:03:04.918+0000][gc,start      ] GC(247) Pause Young (Normal) (G1 Evacuation Pause)
[2025-10-31T23:03:04.918+0000][gc,task       ] GC(247) Using 2 workers of 2 for evacuation
[2025-10-31T23:03:04.933+0000][gc,phases     ] GC(247)   Pre Evacuate Collection Set: 0.0ms
[2025-10-31T23:03:04.934+0000][gc,phases     ] GC(247)   Evacuate Collection Set: 13.8ms
[2025-10-31T23:03:04.934+0000][gc,phases     ] GC(247)   Post Evacuate Collection Set: 0.7ms
[2025-10-31T23:03:04.934+0000][gc,phases     ] GC(247)   Other: 0.7ms
[2025-10-31T23:03:04.934+0000][gc,heap       ] GC(247) Eden regions: 58->0(53)
[2025-10-31T23:03:04.934+0000][gc,heap       ] GC(247) Survivor regions: 3->7(8)
[2025-10-31T23:03:04.934+0000][gc,heap       ] GC(247) Old regions: 67->67
[2025-10-31T23:03:04.934+0000][gc,heap       ] GC(247) Humongous regions: 147->147
[2025-10-31T23:03:04.935+0000][gc,metaspace  ] GC(247) Metaspace: 53123K(56368K)->53123K(56368K) NonClass: 47274K(49072K)->47274K(49072K) Class: 5848K(7296K)->5848K(7296K)
[2025-10-31T23:03:04.935+0000][gc            ] GC(247) Pause Young (Normal) (G1 Evacuation Pause) 274M->220M(512M) 16.867ms
[2025-10-31T23:03:04.935+0000][gc,cpu        ] GC(247) User=0.03s Sys=0.00s Real=0.02s
[2025-10-31T23:05:54.229+0000][gc,start      ] GC(248) Pause Young (Normal) (G1 Evacuation Pause)
[2025-10-31T23:05:54.230+0000][gc,task       ] GC(248) Using 2 workers of 2 for evacuation
[2025-10-31T23:05:54.247+0000][gc,phases     ] GC(248)   Pre Evacuate Collection Set: 0.0ms
[2025-10-31T23:05:54.248+0000][gc,phases     ] GC(248)   Evacuate Collection Set: 16.7ms
[2025-10-31T23:05:54.248+0000][gc,phases     ] GC(248)   Post Evacuate Collection Set: 0.7ms
[2025-10-31T23:05:54.248+0000][gc,phases     ] GC(248)   Other: 0.6ms
[2025-10-31T23:05:54.248+0000][gc,heap       ] GC(248) Eden regions: 53->0(57)
[2025-10-31T23:05:54.248+0000][gc,heap       ] GC(248) Survivor regions: 7->4(8)
[2025-10-31T23:05:54.248+0000][gc,heap       ] GC(248) Old regions: 67->74
[2025-10-31T23:05:54.248+0000][gc,heap       ] GC(248) Humongous regions: 147->147
[2025-10-31T23:05:54.249+0000][gc,metaspace  ] GC(248) Metaspace: 53128K(56368K)->53128K(56368K) NonClass: 47279K(49072K)->47279K(49072K) Class: 5848K(7296K)->5848K(7296K)
[2025-10-31T23:05:54.249+0000][gc            ] GC(248) Pause Young (Normal) (G1 Evacuation Pause) 273M->224M(512M) 19.430ms
[2025-10-31T23:05:54.249+0000][gc,cpu        ] GC(248) User=0.03s Sys=0.00s Real=0.02s
[2025-10-31T23:09:10.836+0000][gc,start      ] GC(249) Pause Young (Normal) (G1 Evacuation Pause)
[2025-10-31T23:09:10.837+0000][gc,task       ] GC(249) Using 2 workers of 2 for evacuation
[2025-10-31T23:09:10.855+0000][gc,phases     ] GC(249)   Pre Evacuate Collection Set: 0.0ms
[2025-10-31T23:09:10.856+0000][gc,phases     ] GC(249)   Evacuate Collection Set: 16.8ms
[2025-10-31T23:09:10.856+0000][gc,phases     ] GC(249)   Post Evacuate Collection Set: 0.9ms
[2025-10-31T23:09:10.857+0000][gc,phases     ] GC(249)   Other: 1.7ms
[2025-10-31T23:09:10.857+0000][gc,heap       ] GC(249) Eden regions: 57->0(53)
[2025-10-31T23:09:10.857+0000][gc,heap       ] GC(249) Survivor regions: 4->8(8)
[2025-10-31T23:09:10.857+0000][gc,heap       ] GC(249) Old regions: 74->74
[2025-10-31T23:09:10.858+0000][gc,heap       ] GC(249) Humongous regions: 147->147
[2025-10-31T23:09:10.858+0000][gc,metaspace  ] GC(249) Metaspace: 53129K(56368K)->53129K(56368K) NonClass: 47280K(49072K)->47280K(49072K) Class: 5849K(7296K)->5849K(7296K)
[2025-10-31T23:09:10.858+0000][gc            ] GC(249) Pause Young (Normal) (G1 Evacuation Pause) 281M->228M(512M) 22.479ms
[2025-10-31T23:09:10.859+0000][gc,cpu        ] GC(249) User=0.03s Sys=0.00s Real=0.02s
[2025-10-31T23:13:02.907+0000][gc,start      ] GC(250) Pause Young (Normal) (G1 Evacuation Pause)
[2025-10-31T23:13:02.908+0000][gc,task       ] GC(250) Using 2 workers of 2 for evacuation
[2025-10-31T23:13:02.935+0000][gc,mmu        ] GC(250) MMU target violated: 21.0ms (20.0ms/21.0ms)
[2025-10-31T23:13:02.935+0000][gc,phases     ] GC(250)   Pre Evacuate Collection Set: 0.0ms
[2025-10-31T23:13:02.935+0000][gc,phases     ] GC(250)   Evacuate Collection Set: 24.7ms
[2025-10-31T23:13:02.936+0000][gc,phases     ] GC(250)   Post Evacuate Collection Set: 1.2ms
[2025-10-31T23:13:02.936+0000][gc,phases     ] GC(250)   Other: 2.1ms
[2025-10-31T23:13:02.936+0000][gc,heap       ] GC(250) Eden regions: 53->0(53)
[2025-10-31T23:13:02.936+0000][gc,heap       ] GC(250) Survivor regions: 8->4(8)
[2025-10-31T23:13:02.936+0000][gc,heap       ] GC(250) Old regions: 74->81
[2025-10-31T23:13:02.937+0000][gc,heap       ] GC(250) Humongous regions: 147->147
[2025-10-31T23:13:02.937+0000][gc,metaspace  ] GC(250) Metaspace: 53129K(56368K)->53129K(56368K) NonClass: 47280K(49072K)->47280K(49072K) Class: 5849K(7296K)->5849K(7296K)
[2025-10-31T23:13:02.937+0000][gc            ] GC(250) Pause Young (Normal) (G1 Evacuation Pause) 281M->231M(512M) 29.918ms
[2025-10-31T23:13:02.938+0000][gc,cpu        ] GC(250) User=0.06s Sys=0.00s Real=0.03s
[2025-10-31T23:16:56.988+0000][gc,start      ] GC(251) Pause Young (Normal) (G1 Evacuation Pause)
[2025-10-31T23:16:56.992+0000][gc,task       ] GC(251) Using 2 workers of 2 for evacuation
[2025-10-31T23:16:57.041+0000][gc,mmu        ] GC(251) MMU target violated: 21.0ms (20.0ms/21.0ms)
[2025-10-31T23:16:57.042+0000][gc,phases     ] GC(251)   Pre Evacuate Collection Set: 0.2ms
[2025-10-31T23:16:57.042+0000][gc,phases     ] GC(251)   Evacuate Collection Set: 44.2ms
[2025-10-31T23:16:57.043+0000][gc,phases     ] GC(251)   Post Evacuate Collection Set: 2.4ms
[2025-10-31T23:16:57.044+0000][gc,phases     ] GC(251)   Other: 6.7ms
[2025-10-31T23:16:57.045+0000][gc,heap       ] GC(251) Eden regions: 53->0(17)
[2025-10-31T23:16:57.045+0000][gc,heap       ] GC(251) Survivor regions: 4->8(8)
[2025-10-31T23:16:57.046+0000][gc,heap       ] GC(251) Old regions: 81->82
[2025-10-31T23:16:57.046+0000][gc,heap       ] GC(251) Humongous regions: 147->147
[2025-10-31T23:16:57.047+0000][gc,metaspace  ] GC(251) Metaspace: 53129K(56368K)->53129K(56368K) NonClass: 47280K(49072K)->47280K(49072K) Class: 5849K(7296K)->5849K(7296K)
[2025-10-31T23:16:57.047+0000][gc            ] GC(251) Pause Young (Normal) (G1 Evacuation Pause) 284M->236M(512M) 59.182ms
[2025-10-31T23:16:57.048+0000][gc,cpu        ] GC(251) User=0.09s Sys=0.00s Real=0.07s
[2025-10-31T23:18:08.815+0000][gc,start      ] GC(252) Pause Young (Normal) (G1 Evacuation Pause)
[2025-10-31T23:18:08.815+0000][gc,task       ] GC(252) Using 2 workers of 2 for evacuation
[2025-10-31T23:18:08.847+0000][gc,mmu        ] GC(252) MMU target violated: 21.0ms (20.0ms/21.0ms)
[2025-10-31T23:18:08.847+0000][gc,phases     ] GC(252)   Pre Evacuate Collection Set: 0.0ms
[2025-10-31T23:18:08.848+0000][gc,phases     ] GC(252)   Evacuate Collection Set: 30.0ms
[2025-10-31T23:18:08.848+0000][gc,phases     ] GC(252)   Post Evacuate Collection Set: 1.3ms
[2025-10-31T23:18:08.848+0000][gc,phases     ] GC(252)   Other: 1.1ms
[2025-10-31T23:18:08.848+0000][gc,heap       ] GC(252) Eden regions: 17->0(22)
[2025-10-31T23:18:08.848+0000][gc,heap       ] GC(252) Survivor regions: 8->3(4)
[2025-10-31T23:18:08.849+0000][gc,heap       ] GC(252) Old regions: 82->88
[2025-10-31T23:18:08.849+0000][gc,heap       ] GC(252) Humongous regions: 147->147
[2025-10-31T23:18:08.849+0000][gc,metaspace  ] GC(252) Metaspace: 53130K(56368K)->53130K(56368K) NonClass: 47281K(49072K)->47281K(49072K) Class: 5849K(7296K)->5849K(7296K)
[2025-10-31T23:18:08.849+0000][gc            ] GC(252) Pause Young (Normal) (G1 Evacuation Pause) 253M->237M(512M) 34.049ms
[2025-10-31T23:18:08.849+0000][gc,cpu        ] GC(252) User=0.05s Sys=0.00s Real=0.04s
[2025-10-31T23:19:39.228+0000][gc,start      ] GC(253) Pause Young (Normal) (G1 Evacuation Pause)
[2025-10-31T23:19:39.228+0000][gc,task       ] GC(253) Using 2 workers of 2 for evacuation
[2025-10-31T23:19:39.236+0000][gc,phases     ] GC(253)   Pre Evacuate Collection Set: 0.0ms
[2025-10-31T23:19:39.236+0000][gc,phases     ] GC(253)   Evacuate Collection Set: 6.3ms
[2025-10-31T23:19:39.236+0000][gc,phases     ] GC(253)   Post Evacuate Collection Set: 0.6ms
[2025-10-31T23:19:39.236+0000][gc,phases     ] GC(253)   Other: 0.8ms
[2025-10-31T23:19:39.236+0000][gc,heap       ] GC(253) Eden regions: 22->0(21)
[2025-10-31T23:19:39.236+0000][gc,heap       ] GC(253) Survivor regions: 3->4(4)
[2025-10-31T23:19:39.237+0000][gc,heap       ] GC(253) Old regions: 88->88
[2025-10-31T23:19:39.237+0000][gc,heap       ] GC(253) Humongous regions: 147->147
[2025-10-31T23:19:39.237+0000][gc,metaspace  ] GC(253) Metaspace: 53130K(56368K)->53130K(56368K) NonClass: 47281K(49072K)->47281K(49072K) Class: 5849K(7296K)->5849K(7296K)
[2025-10-31T23:19:39.237+0000][gc            ] GC(253) Pause Young (Normal) (G1 Evacuation Pause) 259M->238M(512M) 9.048ms
[2025-10-31T23:19:39.237+0000][gc,cpu        ] GC(253) User=0.02s Sys=0.00s Real=0.01s
[2025-10-31T23:21:02.527+0000][gc,start      ] GC(254) Pause Young (Normal) (G1 Evacuation Pause)
[2025-10-31T23:21:02.540+0000][gc,task       ] GC(254) Using 2 workers of 2 for evacuation
[2025-10-31T23:21:02.556+0000][gc,phases     ] GC(254)   Pre Evacuate Collection Set: 0.0ms
[2025-10-31T23:21:02.556+0000][gc,phases     ] GC(254)   Evacuate Collection Set: 14.3ms
[2025-10-31T23:21:02.556+0000][gc,phases     ] GC(254)   Post Evacuate Collection Set: 0.8ms
[2025-10-31T23:21:02.556+0000][gc,phases     ] GC(254)   Other: 13.4ms
[2025-10-31T23:21:02.557+0000][gc,heap       ] GC(254) Eden regions: 21->0(21)
[2025-10-31T23:21:02.557+0000][gc,heap       ] GC(254) Survivor regions: 4->4(4)
[2025-10-31T23:21:02.557+0000][gc,heap       ] GC(254) Old regions: 88->91
[2025-10-31T23:21:02.557+0000][gc,heap       ] GC(254) Humongous regions: 147->147
[2025-10-31T23:21:02.557+0000][gc,metaspace  ] GC(254) Metaspace: 53130K(56368K)->53130K(56368K) NonClass: 47281K(49072K)->47281K(49072K) Class: 5849K(7296K)->5849K(7296K)
[2025-10-31T23:21:02.557+0000][gc            ] GC(254) Pause Young (Normal) (G1 Evacuation Pause) 259M->241M(512M) 30.173ms
[2025-10-31T23:21:02.558+0000][gc,cpu        ] GC(254) User=0.03s Sys=0.00s Real=0.03s
[2025-10-31T23:22:32.971+0000][gc,start      ] GC(255) Pause Young (Normal) (G1 Evacuation Pause)
[2025-10-31T23:22:32.972+0000][gc,task       ] GC(255) Using 2 workers of 2 for evacuation
[2025-10-31T23:22:32.982+0000][gc,phases     ] GC(255)   Pre Evacuate Collection Set: 0.0ms
[2025-10-31T23:22:32.982+0000][gc,phases     ] GC(255)   Evacuate Collection Set: 9.2ms
[2025-10-31T23:22:32.982+0000][gc,phases     ] GC(255)   Post Evacuate Collection Set: 0.7ms
[2025-10-31T23:22:32.983+0000][gc,phases     ] GC(255)   Other: 1.3ms
[2025-10-31T23:22:32.983+0000][gc,heap       ] GC(255) Eden regions: 21->0(23)
[2025-10-31T23:22:32.983+0000][gc,heap       ] GC(255) Survivor regions: 4->3(4)
[2025-10-31T23:22:32.983+0000][gc,heap       ] GC(255) Old regions: 91->94
[2025-10-31T23:22:32.983+0000][gc,heap       ] GC(255) Humongous regions: 147->147
[2025-10-31T23:22:32.983+0000][gc,metaspace  ] GC(255) Metaspace: 53130K(56368K)->53130K(56368K) NonClass: 47281K(49072K)->47281K(49072K) Class: 5849K(7296K)->5849K(7296K)
[2025-10-31T23:22:32.983+0000][gc            ] GC(255) Pause Young (Normal) (G1 Evacuation Pause) 262M->243M(512M) 12.597ms
[2025-10-31T23:22:32.984+0000][gc,cpu        ] GC(255) User=0.01s Sys=0.00s Real=0.01s
[2025-10-31T23:24:10.422+0000][gc,start      ] GC(256) Pause Young (Normal) (G1 Evacuation Pause)
[2025-10-31T23:24:10.422+0000][gc,task       ] GC(256) Using 2 workers of 2 for evacuation
[2025-10-31T23:24:10.453+0000][gc,mmu        ] GC(256) MMU target violated: 21.0ms (20.0ms/21.0ms)
[2025-10-31T23:24:10.454+0000][gc,phases     ] GC(256)   Pre Evacuate Collection Set: 0.0ms
[2025-10-31T23:24:10.454+0000][gc,phases     ] GC(256)   Evacuate Collection Set: 29.6ms
[2025-10-31T23:24:10.454+0000][gc,phases     ] GC(256)   Post Evacuate Collection Set: 1.0ms
[2025-10-31T23:24:10.454+0000][gc,phases     ] GC(256)   Other: 1.2ms
[2025-10-31T23:24:10.454+0000][gc,heap       ] GC(256) Eden regions: 23->0(22)
[2025-10-31T23:24:10.455+0000][gc,heap       ] GC(256) Survivor regions: 3->3(4)
[2025-10-31T23:24:10.455+0000][gc,heap       ] GC(256) Old regions: 94->95
[2025-10-31T23:24:10.455+0000][gc,heap       ] GC(256) Humongous regions: 147->147
[2025-10-31T23:24:10.455+0000][gc,metaspace  ] GC(256) Metaspace: 53130K(56368K)->53130K(56368K) NonClass: 47281K(49072K)->47281K(49072K) Class: 5849K(7296K)->5849K(7296K)
[2025-10-31T23:24:10.456+0000][gc            ] GC(256) Pause Young (Normal) (G1 Evacuation Pause) 266M->244M(512M) 33.805ms
[2025-10-31T23:24:10.456+0000][gc,cpu        ] GC(256) User=0.05s Sys=0.01s Real=0.03s
[2025-10-31T23:25:45.095+0000][gc,start      ] GC(257) Pause Young (Normal) (G1 Evacuation Pause)
[2025-10-31T23:25:45.095+0000][gc,task       ] GC(257) Using 2 workers of 2 for evacuation
[2025-10-31T23:25:45.103+0000][gc,phases     ] GC(257)   Pre Evacuate Collection Set: 0.0ms
[2025-10-31T23:25:45.104+0000][gc,phases     ] GC(257)   Evacuate Collection Set: 7.2ms
[2025-10-31T23:25:45.104+0000][gc,phases     ] GC(257)   Post Evacuate Collection Set: 0.7ms
[2025-10-31T23:25:45.104+0000][gc,phases     ] GC(257)   Other: 0.6ms
[2025-10-31T23:25:45.105+0000][gc,heap       ] GC(257) Eden regions: 22->0(23)
[2025-10-31T23:25:45.105+0000][gc,heap       ] GC(257) Survivor regions: 3->2(4)
[2025-10-31T23:25:45.105+0000][gc,heap       ] GC(257) Old regions: 95->97
[2025-10-31T23:25:45.105+0000][gc,heap       ] GC(257) Humongous regions: 147->147
[2025-10-31T23:25:45.105+0000][gc,metaspace  ] GC(257) Metaspace: 53130K(56368K)->53130K(56368K) NonClass: 47281K(49072K)->47281K(49072K) Class: 5849K(7296K)->5849K(7296K)
[2025-10-31T23:25:45.106+0000][gc            ] GC(257) Pause Young (Normal) (G1 Evacuation Pause) 266M->245M(512M) 10.566ms
[2025-10-31T23:25:45.106+0000][gc,cpu        ] GC(257) User=0.01s Sys=0.00s Real=0.01s
[2025-10-31T23:27:26.398+0000][gc,start      ] GC(258) Pause Young (Normal) (G1 Evacuation Pause)
[2025-10-31T23:27:26.399+0000][gc,task       ] GC(258) Using 2 workers of 2 for evacuation
[2025-10-31T23:27:26.408+0000][gc,phases     ] GC(258)   Pre Evacuate Collection Set: 0.0ms
[2025-10-31T23:27:26.409+0000][gc,phases     ] GC(258)   Evacuate Collection Set: 8.9ms
[2025-10-31T23:27:26.409+0000][gc,phases     ] GC(258)   Post Evacuate Collection Set: 0.5ms
[2025-10-31T23:27:26.409+0000][gc,phases     ] GC(258)   Other: 0.8ms
[2025-10-31T23:27:26.409+0000][gc,heap       ] GC(258) Eden regions: 23->0(21)
[2025-10-31T23:27:26.409+0000][gc,heap       ] GC(258) Survivor regions: 2->4(4)
[2025-10-31T23:27:26.409+0000][gc,heap       ] GC(258) Old regions: 97->98
[2025-10-31T23:27:26.409+0000][gc,heap       ] GC(258) Humongous regions: 147->147
[2025-10-31T23:27:26.410+0000][gc,metaspace  ] GC(258) Metaspace: 53130K(56368K)->53130K(56368K) NonClass: 47281K(49072K)->47281K(49072K) Class: 5849K(7296K)->5849K(7296K)
[2025-10-31T23:27:26.410+0000][gc            ] GC(258) Pause Young (Normal) (G1 Evacuation Pause) 268M->248M(512M) 11.446ms
[2025-10-31T23:27:26.410+0000][gc,cpu        ] GC(258) User=0.02s Sys=0.00s Real=0.01s
[2025-10-31T23:28:56.990+0000][gc,start      ] GC(259) Pause Young (Normal) (G1 Evacuation Pause)
[2025-10-31T23:28:56.990+0000][gc,task       ] GC(259) Using 2 workers of 2 for evacuation
[2025-10-31T23:28:57.000+0000][gc,phases     ] GC(259)   Pre Evacuate Collection Set: 0.0ms
[2025-10-31T23:28:57.000+0000][gc,phases     ] GC(259)   Evacuate Collection Set: 9.2ms
[2025-10-31T23:28:57.001+0000][gc,phases     ] GC(259)   Post Evacuate Collection Set: 0.7ms
[2025-10-31T23:28:57.001+0000][gc,phases     ] GC(259)   Other: 0.6ms
[2025-10-31T23:28:57.001+0000][gc,heap       ] GC(259) Eden regions: 21->0(23)
[2025-10-31T23:28:57.001+0000][gc,heap       ] GC(259) Survivor regions: 4->3(4)
[2025-10-31T23:28:57.001+0000][gc,heap       ] GC(259) Old regions: 98->100
[2025-10-31T23:28:57.002+0000][gc,heap       ] GC(259) Humongous regions: 147->147
[2025-10-31T23:28:57.002+0000][gc,metaspace  ] GC(259) Metaspace: 53131K(56368K)->53131K(56368K) NonClass: 47281K(49072K)->47281K(49072K) Class: 5849K(7296K)->5849K(7296K)
[2025-10-31T23:28:57.002+0000][gc            ] GC(259) Pause Young (Normal) (G1 Evacuation Pause) 269M->249M(512M) 12.245ms
[2025-10-31T23:28:57.002+0000][gc,cpu        ] GC(259) User=0.02s Sys=0.00s Real=0.01s
[2025-10-31T23:30:37.085+0000][gc,start      ] GC(260) Pause Young (Normal) (G1 Evacuation Pause)
[2025-10-31T23:30:37.085+0000][gc,task       ] GC(260) Using 2 workers of 2 for evacuation
[2025-10-31T23:30:37.094+0000][gc,phases     ] GC(260)   Pre Evacuate Collection Set: 0.0ms
[2025-10-31T23:30:37.094+0000][gc,phases     ] GC(260)   Evacuate Collection Set: 7.5ms
[2025-10-31T23:30:37.094+0000][gc,phases     ] GC(260)   Post Evacuate Collection Set: 0.7ms
[2025-10-31T23:30:37.094+0000][gc,phases     ] GC(260)   Other: 0.5ms
[2025-10-31T23:30:37.094+0000][gc,heap       ] GC(260) Eden regions: 23->0(26)
[2025-10-31T23:30:37.094+0000][gc,heap       ] GC(260) Survivor regions: 3->3(4)
[2025-10-31T23:30:37.094+0000][gc,heap       ] GC(260) Old regions: 100->102
[2025-10-31T23:30:37.095+0000][gc,heap       ] GC(260) Humongous regions: 147->147
[2025-10-31T23:30:37.095+0000][gc,metaspace  ] GC(260) Metaspace: 53131K(56368K)->53131K(56368K) NonClass: 47281K(49072K)->47281K(49072K) Class: 5849K(7296K)->5849K(7296K)
[2025-10-31T23:30:37.095+0000][gc            ] GC(260) Pause Young (Normal) (G1 Evacuation Pause) 272M->250M(512M) 10.177ms
[2025-10-31T23:30:37.095+0000][gc,cpu        ] GC(260) User=0.01s Sys=0.00s Real=0.01s
