[2025-10-30T17:49:16.730+0000][gc,heap] Heap region size: 1M
[2025-10-30T17:49:16.740+0000][gc     ] Using G1
[2025-10-30T17:49:16.741+0000][gc,heap,coops] Heap address: 0x00000000c0000000, size: 1024 MB, Compressed Oops mode: 32-bit
[2025-10-30T17:49:18.061+0000][gc,start     ] GC(0) Pause Young (Normal) (G1 Evacuation Pause)
[2025-10-30T17:49:18.062+0000][gc,task      ] GC(0) Using 2 workers of 2 for evacuation
[2025-10-30T17:49:18.071+0000][gc,phases    ] GC(0)   Pre Evacuate Collection Set: 0.0ms
[2025-10-30T17:49:18.072+0000][gc,phases    ] GC(0)   Evacuate Collection Set: 7.5ms
[2025-10-30T17:49:18.072+0000][gc,phases    ] GC(0)   Post Evacuate Collection Set: 1.1ms
[2025-10-30T17:49:18.072+0000][gc,phases    ] GC(0)   Other: 1.5ms
[2025-10-30T17:49:18.072+0000][gc,heap      ] GC(0) Eden regions: 25->0(21)
[2025-10-30T17:49:18.073+0000][gc,heap      ] GC(0) Survivor regions: 0->4(4)
[2025-10-30T17:49:18.073+0000][gc,heap      ] GC(0) Old regions: 0->3
[2025-10-30T17:49:18.073+0000][gc,heap      ] GC(0) Humongous regions: 0->0
[2025-10-30T17:49:18.074+0000][gc,metaspace ] GC(0) Metaspace: 17826K(18432K)->17826K(18432K) NonClass: 15946K(16384K)->15946K(16384K) Class: 1880K(2048K)->1880K(2048K)
[2025-10-30T17:49:18.074+0000][gc           ] GC(0) Pause Young (Normal) (G1 Evacuation Pause) 25M->6M(512M) 12.598ms
[2025-10-30T17:49:18.074+0000][gc,cpu       ] GC(0) User=0.01s Sys=0.01s Real=0.02s
[2025-10-30T17:49:18.349+0000][gc,start     ] GC(1) Pause Young (Concurrent Start) (Metadata GC Threshold)
[2025-10-30T17:49:18.349+0000][gc,task      ] GC(1) Using 2 workers of 2 for evacuation
[2025-10-30T17:49:18.358+0000][gc,phases    ] GC(1)   Pre Evacuate Collection Set: 0.0ms
[2025-10-30T17:49:18.358+0000][gc,phases    ] GC(1)   Evacuate Collection Set: 7.8ms
[2025-10-30T17:49:18.358+0000][gc,phases    ] GC(1)   Post Evacuate Collection Set: 0.6ms
[2025-10-30T17:49:18.359+0000][gc,phases    ] GC(1)   Other: 0.8ms
[2025-10-30T17:49:18.359+0000][gc,heap      ] GC(1) Eden regions: 9->0(24)
[2025-10-30T17:49:18.359+0000][gc,heap      ] GC(1) Survivor regions: 4->1(4)
[2025-10-30T17:49:18.359+0000][gc,heap      ] GC(1) Old regions: 3->7
[2025-10-30T17:49:18.359+0000][gc,heap      ] GC(1) Humongous regions: 0->0
[2025-10-30T17:49:18.360+0000][gc,metaspace ] GC(1) Metaspace: 20805K(21296K)->20805K(21296K) NonClass: 18587K(18864K)->18587K(18864K) Class: 2218K(2432K)->2218K(2432K)
[2025-10-30T17:49:18.360+0000][gc           ] GC(1) Pause Young (Concurrent Start) (Metadata GC Threshold) 14M->6M(512M) 11.362ms
[2025-10-30T17:49:18.360+0000][gc,cpu       ] GC(1) User=0.01s Sys=0.00s Real=0.01s
[2025-10-30T17:49:18.361+0000][gc           ] GC(2) Concurrent Cycle
[2025-10-30T17:49:18.361+0000][gc,marking   ] GC(2) Concurrent Clear Claimed Marks
[2025-10-30T17:49:18.362+0000][gc,marking   ] GC(2) Concurrent Clear Claimed Marks 1.069ms
[2025-10-30T17:49:18.362+0000][gc,marking   ] GC(2) Concurrent Scan Root Regions
[2025-10-30T17:49:18.364+0000][gc,marking   ] GC(2) Concurrent Scan Root Regions 1.566ms
[2025-10-30T17:49:18.364+0000][gc,marking   ] GC(2) Concurrent Mark (1.647s)
[2025-10-30T17:49:18.364+0000][gc,marking   ] GC(2) Concurrent Mark From Roots
[2025-10-30T17:49:18.365+0000][gc,task      ] GC(2) Using 1 workers of 1 for marking
[2025-10-30T17:49:18.377+0000][gc,marking   ] GC(2) Concurrent Mark From Roots 12.540ms
[2025-10-30T17:49:18.377+0000][gc,marking   ] GC(2) Concurrent Preclean
[2025-10-30T17:49:18.378+0000][gc,marking   ] GC(2) Concurrent Preclean 0.372ms
[2025-10-30T17:49:18.378+0000][gc,marking   ] GC(2) Concurrent Mark (1.647s, 1.661s) 13.753ms
[2025-10-30T17:49:18.380+0000][gc,start     ] GC(2) Pause Remark
[2025-10-30T17:49:18.383+0000][gc,stringtable] GC(2) Cleaned string and symbol table, strings: 7270 processed, 9 removed, symbols: 64811 processed, 23 removed
[2025-10-30T17:49:18.384+0000][gc            ] GC(2) Pause Remark 7M->7M(512M) 4.331ms
[2025-10-30T17:49:18.384+0000][gc,cpu        ] GC(2) User=0.01s Sys=0.00s Real=0.01s
[2025-10-30T17:49:18.385+0000][gc,marking    ] GC(2) Concurrent Rebuild Remembered Sets
[2025-10-30T17:49:18.393+0000][gc,marking    ] GC(2) Concurrent Rebuild Remembered Sets 7.619ms
[2025-10-30T17:49:18.393+0000][gc,start      ] GC(2) Pause Cleanup
[2025-10-30T17:49:18.394+0000][gc            ] GC(2) Pause Cleanup 7M->7M(512M) 0.704ms
[2025-10-30T17:49:18.394+0000][gc,cpu        ] GC(2) User=0.00s Sys=0.00s Real=0.00s
[2025-10-30T17:49:18.395+0000][gc,marking    ] GC(2) Concurrent Cleanup for Next Mark
[2025-10-30T17:49:18.398+0000][gc,marking    ] GC(2) Concurrent Cleanup for Next Mark 3.331ms
[2025-10-30T17:49:18.399+0000][gc            ] GC(2) Concurrent Cycle 38.135ms
[2025-10-30T17:49:18.942+0000][gc,start      ] GC(3) Pause Young (Normal) (G1 Evacuation Pause)
[2025-10-30T17:49:18.942+0000][gc,task       ] GC(3) Using 2 workers of 2 for evacuation
[2025-10-30T17:49:18.947+0000][gc,phases     ] GC(3)   Pre Evacuate Collection Set: 0.0ms
[2025-10-30T17:49:18.948+0000][gc,phases     ] GC(3)   Evacuate Collection Set: 3.9ms
[2025-10-30T17:49:18.948+0000][gc,phases     ] GC(3)   Post Evacuate Collection Set: 0.7ms
[2025-10-30T17:49:18.948+0000][gc,phases     ] GC(3)   Other: 0.8ms
[2025-10-30T17:49:18.948+0000][gc,heap       ] GC(3) Eden regions: 24->0(23)
[2025-10-30T17:49:18.949+0000][gc,heap       ] GC(3) Survivor regions: 1->2(4)
[2025-10-30T17:49:18.949+0000][gc,heap       ] GC(3) Old regions: 7->7
[2025-10-30T17:49:18.949+0000][gc,heap       ] GC(3) Humongous regions: 0->0
[2025-10-30T17:49:18.949+0000][gc,metaspace  ] GC(3) Metaspace: 25778K(26544K)->25778K(26544K) NonClass: 23046K(23472K)->23046K(23472K) Class: 2731K(3072K)->2731K(3072K)
[2025-10-30T17:49:18.949+0000][gc            ] GC(3) Pause Young (Normal) (G1 Evacuation Pause) 30M->7M(512M) 7.344ms
[2025-10-30T17:49:18.949+0000][gc,cpu        ] GC(3) User=0.01s Sys=0.00s Real=0.01s
[2025-10-30T17:49:19.446+0000][gc,start      ] GC(4) Pause Young (Normal) (G1 Evacuation Pause)
[2025-10-30T17:49:19.447+0000][gc,task       ] GC(4) Using 2 workers of 2 for evacuation
[2025-10-30T17:49:19.455+0000][gc,phases     ] GC(4)   Pre Evacuate Collection Set: 0.0ms
[2025-10-30T17:49:19.455+0000][gc,phases     ] GC(4)   Evacuate Collection Set: 6.7ms
[2025-10-30T17:49:19.456+0000][gc,phases     ] GC(4)   Post Evacuate Collection Set: 1.2ms
[2025-10-30T17:49:19.456+0000][gc,phases     ] GC(4)   Other: 0.8ms
[2025-10-30T17:49:19.456+0000][gc,heap       ] GC(4) Eden regions: 23->0(22)
[2025-10-30T17:49:19.457+0000][gc,heap       ] GC(4) Survivor regions: 2->3(4)
[2025-10-30T17:49:19.457+0000][gc,heap       ] GC(4) Old regions: 7->7
[2025-10-30T17:49:19.457+0000][gc,heap       ] GC(4) Humongous regions: 0->0
[2025-10-30T17:49:19.458+0000][gc,metaspace  ] GC(4) Metaspace: 29678K(30640K)->29678K(30640K) NonClass: 26495K(27056K)->26495K(27056K) Class: 3182K(3584K)->3182K(3584K)
[2025-10-30T17:49:19.458+0000][gc            ] GC(4) Pause Young (Normal) (G1 Evacuation Pause) 30M->9M(512M) 11.940ms
[2025-10-30T17:49:19.458+0000][gc,cpu        ] GC(4) User=0.02s Sys=0.00s Real=0.01s
[2025-10-30T17:49:20.136+0000][gc,start      ] GC(5) Pause Young (Concurrent Start) (Metadata GC Threshold)
[2025-10-30T17:49:20.136+0000][gc,task       ] GC(5) Using 2 workers of 2 for evacuation
[2025-10-30T17:49:20.144+0000][gc,phases     ] GC(5)   Pre Evacuate Collection Set: 0.2ms
[2025-10-30T17:49:20.144+0000][gc,phases     ] GC(5)   Evacuate Collection Set: 6.8ms
[2025-10-30T17:49:20.145+0000][gc,phases     ] GC(5)   Post Evacuate Collection Set: 0.8ms
[2025-10-30T17:49:20.145+0000][gc,phases     ] GC(5)   Other: 0.7ms
[2025-10-30T17:49:20.145+0000][gc,heap       ] GC(5) Eden regions: 20->0(22)
[2025-10-30T17:49:20.145+0000][gc,heap       ] GC(5) Survivor regions: 3->3(4)
[2025-10-30T17:49:20.146+0000][gc,heap       ] GC(5) Old regions: 7->8
[2025-10-30T17:49:20.146+0000][gc,heap       ] GC(5) Humongous regions: 0->0
[2025-10-30T17:49:20.146+0000][gc,metaspace  ] GC(5) Metaspace: 34904K(35888K)->34904K(35888K) NonClass: 31133K(31664K)->31133K(31664K) Class: 3771K(4224K)->3771K(4224K)
[2025-10-30T17:49:20.146+0000][gc            ] GC(5) Pause Young (Concurrent Start) (Metadata GC Threshold) 28M->10M(512M) 10.692ms
[2025-10-30T17:49:20.147+0000][gc,cpu        ] GC(5) User=0.01s Sys=0.00s Real=0.01s
[2025-10-30T17:49:20.147+0000][gc            ] GC(6) Concurrent Cycle
[2025-10-30T17:49:20.147+0000][gc,marking    ] GC(6) Concurrent Clear Claimed Marks
[2025-10-30T17:49:20.148+0000][gc,marking    ] GC(6) Concurrent Clear Claimed Marks 0.508ms
[2025-10-30T17:49:20.148+0000][gc,marking    ] GC(6) Concurrent Scan Root Regions
[2025-10-30T17:49:20.151+0000][gc,marking    ] GC(6) Concurrent Scan Root Regions 2.945ms
[2025-10-30T17:49:20.151+0000][gc,marking    ] GC(6) Concurrent Mark (3.434s)
[2025-10-30T17:49:20.151+0000][gc,marking    ] GC(6) Concurrent Mark From Roots
[2025-10-30T17:49:20.152+0000][gc,task       ] GC(6) Using 1 workers of 1 for marking
[2025-10-30T17:49:20.165+0000][gc,marking    ] GC(6) Concurrent Mark From Roots 13.187ms
[2025-10-30T17:49:20.165+0000][gc,marking    ] GC(6) Concurrent Preclean
[2025-10-30T17:49:20.165+0000][gc,marking    ] GC(6) Concurrent Preclean 0.313ms
[2025-10-30T17:49:20.166+0000][gc,marking    ] GC(6) Concurrent Mark (3.434s, 3.448s) 14.277ms
[2025-10-30T17:49:20.167+0000][gc,start      ] GC(6) Pause Remark
[2025-10-30T17:49:20.171+0000][gc,stringtable] GC(6) Cleaned string and symbol table, strings: 11266 processed, 1 removed, symbols: 97216 processed, 17 removed
[2025-10-30T17:49:20.172+0000][gc            ] GC(6) Pause Remark 11M->11M(512M) 5.387ms
[2025-10-30T17:49:20.173+0000][gc,cpu        ] GC(6) User=0.01s Sys=0.00s Real=0.00s
[2025-10-30T17:49:20.173+0000][gc,marking    ] GC(6) Concurrent Rebuild Remembered Sets
[2025-10-30T17:49:20.180+0000][gc,marking    ] GC(6) Concurrent Rebuild Remembered Sets 7.057ms
[2025-10-30T17:49:20.181+0000][gc,start      ] GC(6) Pause Cleanup
[2025-10-30T17:49:20.181+0000][gc            ] GC(6) Pause Cleanup 11M->11M(512M) 0.600ms
[2025-10-30T17:49:20.182+0000][gc,cpu        ] GC(6) User=0.00s Sys=0.00s Real=0.00s
[2025-10-30T17:49:20.182+0000][gc,marking    ] GC(6) Concurrent Cleanup for Next Mark
[2025-10-30T17:49:20.193+0000][gc,marking    ] GC(6) Concurrent Cleanup for Next Mark 11.411ms
[2025-10-30T17:49:20.194+0000][gc            ] GC(6) Concurrent Cycle 46.801ms
[2025-10-30T17:49:20.588+0000][gc,start      ] GC(7) Pause Young (Normal) (G1 Evacuation Pause)
[2025-10-30T17:49:20.589+0000][gc,task       ] GC(7) Using 2 workers of 2 for evacuation
[2025-10-30T17:49:20.597+0000][gc,phases     ] GC(7)   Pre Evacuate Collection Set: 0.0ms
[2025-10-30T17:49:20.597+0000][gc,phases     ] GC(7)   Evacuate Collection Set: 6.9ms
[2025-10-30T17:49:20.598+0000][gc,phases     ] GC(7)   Post Evacuate Collection Set: 1.0ms
[2025-10-30T17:49:20.598+0000][gc,phases     ] GC(7)   Other: 0.7ms
[2025-10-30T17:49:20.598+0000][gc,heap       ] GC(7) Eden regions: 22->0(23)
[2025-10-30T17:49:20.598+0000][gc,heap       ] GC(7) Survivor regions: 3->2(4)
[2025-10-30T17:49:20.598+0000][gc,heap       ] GC(7) Old regions: 8->9
[2025-10-30T17:49:20.599+0000][gc,heap       ] GC(7) Humongous regions: 9->9
[2025-10-30T17:49:20.599+0000][gc,metaspace  ] GC(7) Metaspace: 39398K(40624K)->39398K(40624K) NonClass: 35105K(35760K)->35105K(35760K) Class: 4293K(4864K)->4293K(4864K)
[2025-10-30T17:49:20.599+0000][gc            ] GC(7) Pause Young (Normal) (G1 Evacuation Pause) 41M->19M(512M) 10.731ms
[2025-10-30T17:49:20.599+0000][gc,cpu        ] GC(7) User=0.02s Sys=0.00s Real=0.01s
[2025-10-30T17:49:21.227+0000][gc,start      ] GC(8) Pause Young (Normal) (G1 Evacuation Pause)
[2025-10-30T17:49:21.228+0000][gc,task       ] GC(8) Using 2 workers of 2 for evacuation
[2025-10-30T17:49:21.238+0000][gc,phases     ] GC(8)   Pre Evacuate Collection Set: 0.0ms
[2025-10-30T17:49:21.239+0000][gc,phases     ] GC(8)   Evacuate Collection Set: 8.9ms
[2025-10-30T17:49:21.239+0000][gc,phases     ] GC(8)   Post Evacuate Collection Set: 1.1ms
[2025-10-30T17:49:21.239+0000][gc,phases     ] GC(8)   Other: 0.8ms
[2025-10-30T17:49:21.239+0000][gc,heap       ] GC(8) Eden regions: 23->0(21)
[2025-10-30T17:49:21.240+0000][gc,heap       ] GC(8) Survivor regions: 2->4(4)
[2025-10-30T17:49:21.240+0000][gc,heap       ] GC(8) Old regions: 9->10
[2025-10-30T17:49:21.241+0000][gc,heap       ] GC(8) Humongous regions: 9->9
[2025-10-30T17:49:21.241+0000][gc,metaspace  ] GC(8) Metaspace: 43201K(44592K)->43201K(44592K) NonClass: 38540K(39344K)->38540K(39344K) Class: 4661K(5248K)->4661K(5248K)
[2025-10-30T17:49:21.241+0000][gc            ] GC(8) Pause Young (Normal) (G1 Evacuation Pause) 42M->22M(512M) 13.651ms
[2025-10-30T17:49:21.241+0000][gc,cpu        ] GC(8) User=0.04s Sys=0.00s Real=0.01s
[2025-10-30T17:49:28.133+0000][gc,start      ] GC(9) Pause Young (Normal) (G1 Evacuation Pause)
[2025-10-30T17:49:28.134+0000][gc,task       ] GC(9) Using 2 workers of 2 for evacuation
[2025-10-30T17:49:28.167+0000][gc,mmu        ] GC(9) MMU target violated: 21.0ms (20.0ms/21.0ms)
[2025-10-30T17:49:28.167+0000][gc,phases     ] GC(9)   Pre Evacuate Collection Set: 0.0ms
[2025-10-30T17:49:28.168+0000][gc,phases     ] GC(9)   Evacuate Collection Set: 32.0ms
[2025-10-30T17:49:28.168+0000][gc,phases     ] GC(9)   Post Evacuate Collection Set: 1.0ms
[2025-10-30T17:49:28.168+0000][gc,phases     ] GC(9)   Other: 1.1ms
[2025-10-30T17:49:28.168+0000][gc,heap       ] GC(9) Eden regions: 21->0(23)
[2025-10-30T17:49:28.169+0000][gc,heap       ] GC(9) Survivor regions: 4->2(4)
[2025-10-30T17:49:28.169+0000][gc,heap       ] GC(9) Old regions: 10->13
[2025-10-30T17:49:28.169+0000][gc,heap       ] GC(9) Humongous regions: 147->147
[2025-10-30T17:49:28.170+0000][gc,metaspace  ] GC(9) Metaspace: 45982K(47920K)->45982K(47920K) NonClass: 40818K(41904K)->40818K(41904K) Class: 5163K(6016K)->5163K(6016K)
[2025-10-30T17:49:28.170+0000][gc            ] GC(9) Pause Young (Normal) (G1 Evacuation Pause) 181M->161M(512M) 36.502ms
[2025-10-30T17:49:28.170+0000][gc,cpu        ] GC(9) User=0.02s Sys=0.00s Real=0.03s
[2025-10-30T17:49:30.407+0000][gc,start      ] GC(10) Pause Young (Normal) (G1 Evacuation Pause)
[2025-10-30T17:49:30.407+0000][gc,task       ] GC(10) Using 2 workers of 2 for evacuation
[2025-10-30T17:49:30.416+0000][gc,phases     ] GC(10)   Pre Evacuate Collection Set: 0.0ms
[2025-10-30T17:49:30.418+0000][gc,phases     ] GC(10)   Evacuate Collection Set: 6.1ms
[2025-10-30T17:49:30.418+0000][gc,phases     ] GC(10)   Post Evacuate Collection Set: 0.7ms
[2025-10-30T17:49:30.418+0000][gc,phases     ] GC(10)   Other: 2.6ms
[2025-10-30T17:49:30.418+0000][gc,heap       ] GC(10) Eden regions: 23->0(22)
[2025-10-30T17:49:30.419+0000][gc,heap       ] GC(10) Survivor regions: 2->3(4)
[2025-10-30T17:49:30.419+0000][gc,heap       ] GC(10) Old regions: 13->13
[2025-10-30T17:49:30.419+0000][gc,heap       ] GC(10) Humongous regions: 147->147
[2025-10-30T17:49:30.419+0000][gc,metaspace  ] GC(10) Metaspace: 48710K(51248K)->48710K(51248K) NonClass: 42879K(44208K)->42879K(44208K) Class: 5831K(7040K)->5831K(7040K)
[2025-10-30T17:49:30.420+0000][gc            ] GC(10) Pause Young (Normal) (G1 Evacuation Pause) 184M->163M(512M) 12.976ms
[2025-10-30T17:49:30.421+0000][gc,cpu        ] GC(10) User=0.01s Sys=0.00s Real=0.01s
[2025-10-30T17:50:00.401+0000][gc,start      ] GC(11) Pause Young (Normal) (G1 Evacuation Pause)
[2025-10-30T17:50:00.402+0000][gc,task       ] GC(11) Using 2 workers of 2 for evacuation
[2025-10-30T17:50:00.409+0000][gc,phases     ] GC(11)   Pre Evacuate Collection Set: 0.0ms
[2025-10-30T17:50:00.409+0000][gc,phases     ] GC(11)   Evacuate Collection Set: 6.5ms
[2025-10-30T17:50:00.410+0000][gc,phases     ] GC(11)   Post Evacuate Collection Set: 0.8ms
[2025-10-30T17:50:00.410+0000][gc,phases     ] GC(11)   Other: 0.5ms
[2025-10-30T17:50:00.410+0000][gc,heap       ] GC(11) Eden regions: 22->0(22)
[2025-10-30T17:50:00.410+0000][gc,heap       ] GC(11) Survivor regions: 3->3(4)
[2025-10-30T17:50:00.410+0000][gc,heap       ] GC(11) Old regions: 13->15
[2025-10-30T17:50:00.410+0000][gc,heap       ] GC(11) Humongous regions: 147->147
[2025-10-30T17:50:00.411+0000][gc,metaspace  ] GC(11) Metaspace: 50279K(52912K)->50279K(52912K) NonClass: 44312K(45744K)->44312K(45744K) Class: 5966K(7168K)->5966K(7168K)
[2025-10-30T17:50:00.411+0000][gc            ] GC(11) Pause Young (Normal) (G1 Evacuation Pause) 185M->164M(512M) 9.333ms
[2025-10-30T17:50:00.411+0000][gc,cpu        ] GC(11) User=0.02s Sys=0.00s Real=0.01s
[2025-10-30T17:50:09.260+0000][gc,start      ] GC(12) Pause Young (Normal) (G1 Evacuation Pause)
[2025-10-30T17:50:09.260+0000][gc,task       ] GC(12) Using 2 workers of 2 for evacuation
[2025-10-30T17:50:09.272+0000][gc,phases     ] GC(12)   Pre Evacuate Collection Set: 0.0ms
[2025-10-30T17:50:09.272+0000][gc,phases     ] GC(12)   Evacuate Collection Set: 9.7ms
[2025-10-30T17:50:09.273+0000][gc,phases     ] GC(12)   Post Evacuate Collection Set: 1.4ms
[2025-10-30T17:50:09.274+0000][gc,phases     ] GC(12)   Other: 1.1ms
[2025-10-30T17:50:09.274+0000][gc,heap       ] GC(12) Eden regions: 22->0(23)
[2025-10-30T17:50:09.275+0000][gc,heap       ] GC(12) Survivor regions: 3->2(4)
[2025-10-30T17:50:09.275+0000][gc,heap       ] GC(12) Old regions: 15->16
[2025-10-30T17:50:09.275+0000][gc,heap       ] GC(12) Humongous regions: 147->147
[2025-10-30T17:50:09.276+0000][gc,metaspace  ] GC(12) Metaspace: 51015K(53552K)->51015K(53552K) NonClass: 44963K(46256K)->44963K(46256K) Class: 6052K(7296K)->6052K(7296K)
[2025-10-30T17:50:09.276+0000][gc            ] GC(12) Pause Young (Normal) (G1 Evacuation Pause) 186M->164M(512M) 16.474ms
[2025-10-30T17:50:09.276+0000][gc,cpu        ] GC(12) User=0.02s Sys=0.00s Real=0.02s
[2025-10-30T17:50:16.105+0000][gc,start      ] GC(13) Pause Young (Normal) (G1 Evacuation Pause)
[2025-10-30T17:50:16.105+0000][gc,task       ] GC(13) Using 2 workers of 2 for evacuation
[2025-10-30T17:50:16.114+0000][gc,phases     ] GC(13)   Pre Evacuate Collection Set: 0.0ms
[2025-10-30T17:50:16.114+0000][gc,phases     ] GC(13)   Evacuate Collection Set: 6.4ms
[2025-10-30T17:50:16.114+0000][gc,phases     ] GC(13)   Post Evacuate Collection Set: 1.2ms
[2025-10-30T17:50:16.115+0000][gc,phases     ] GC(13)   Other: 1.2ms
[2025-10-30T17:50:16.115+0000][gc,heap       ] GC(13) Eden regions: 23->0(22)
[2025-10-30T17:50:16.115+0000][gc,heap       ] GC(13) Survivor regions: 2->3(4)
[2025-10-30T17:50:16.115+0000][gc,heap       ] GC(13) Old regions: 16->16
[2025-10-30T17:50:16.116+0000][gc,heap       ] GC(13) Humongous regions: 147->147
[2025-10-30T17:50:16.116+0000][gc,metaspace  ] GC(13) Metaspace: 51099K(53808K)->51099K(53808K) NonClass: 45046K(46512K)->45046K(46512K) Class: 6053K(7296K)->6053K(7296K)
[2025-10-30T17:50:16.116+0000][gc            ] GC(13) Pause Young (Normal) (G1 Evacuation Pause) 187M->165M(512M) 11.244ms
[2025-10-30T17:50:16.116+0000][gc,cpu        ] GC(13) User=0.02s Sys=0.00s Real=0.01s
[2025-10-30T17:50:21.115+0000][gc,start      ] GC(14) Pause Young (Normal) (G1 Evacuation Pause)
[2025-10-30T17:50:21.115+0000][gc,task       ] GC(14) Using 2 workers of 2 for evacuation
[2025-10-30T17:50:21.126+0000][gc,phases     ] GC(14)   Pre Evacuate Collection Set: 0.0ms
[2025-10-30T17:50:21.126+0000][gc,phases     ] GC(14)   Evacuate Collection Set: 9.0ms
[2025-10-30T17:50:21.126+0000][gc,phases     ] GC(14)   Post Evacuate Collection Set: 1.1ms
[2025-10-30T17:50:21.127+0000][gc,phases     ] GC(14)   Other: 0.7ms
[2025-10-30T17:50:21.127+0000][gc,heap       ] GC(14) Eden regions: 22->0(23)
[2025-10-30T17:50:21.127+0000][gc,heap       ] GC(14) Survivor regions: 3->2(4)
[2025-10-30T17:50:21.127+0000][gc,heap       ] GC(14) Old regions: 16->17
[2025-10-30T17:50:21.128+0000][gc,heap       ] GC(14) Humongous regions: 147->147
[2025-10-30T17:50:21.128+0000][gc,metaspace  ] GC(14) Metaspace: 51151K(53808K)->51151K(53808K) NonClass: 45092K(46512K)->45092K(46512K) Class: 6058K(7296K)->6058K(7296K)
[2025-10-30T17:50:21.128+0000][gc            ] GC(14) Pause Young (Normal) (G1 Evacuation Pause) 187M->165M(512M) 12.866ms
[2025-10-30T17:50:21.128+0000][gc,cpu        ] GC(14) User=0.02s Sys=0.00s Real=0.01s
[2025-10-30T17:50:26.204+0000][gc,start      ] GC(15) Pause Young (Normal) (G1 Evacuation Pause)
[2025-10-30T17:50:26.205+0000][gc,task       ] GC(15) Using 2 workers of 2 for evacuation
[2025-10-30T17:50:26.218+0000][gc,phases     ] GC(15)   Pre Evacuate Collection Set: 0.0ms
[2025-10-30T17:50:26.219+0000][gc,phases     ] GC(15)   Evacuate Collection Set: 10.5ms
[2025-10-30T17:50:26.220+0000][gc,phases     ] GC(15)   Post Evacuate Collection Set: 2.5ms
[2025-10-30T17:50:26.220+0000][gc,phases     ] GC(15)   Other: 0.9ms
[2025-10-30T17:50:26.221+0000][gc,heap       ] GC(15) Eden regions: 23->0(24)
[2025-10-30T17:50:26.222+0000][gc,heap       ] GC(15) Survivor regions: 2->3(4)
[2025-10-30T17:50:26.223+0000][gc,heap       ] GC(15) Old regions: 17->17
[2025-10-30T17:50:26.223+0000][gc,heap       ] GC(15) Humongous regions: 147->147
[2025-10-30T17:50:26.224+0000][gc,metaspace  ] GC(15) Metaspace: 51207K(53808K)->51207K(53808K) NonClass: 45148K(46512K)->45148K(46512K) Class: 6058K(7296K)->6058K(7296K)
[2025-10-30T17:50:26.224+0000][gc            ] GC(15) Pause Young (Normal) (G1 Evacuation Pause) 188M->166M(512M) 20.185ms
[2025-10-30T17:50:26.225+0000][gc,cpu        ] GC(15) User=0.05s Sys=0.00s Real=0.02s
[2025-10-30T17:50:32.600+0000][gc,start      ] GC(16) Pause Young (Normal) (G1 Evacuation Pause)
[2025-10-30T17:50:32.600+0000][gc,task       ] GC(16) Using 2 workers of 2 for evacuation
[2025-10-30T17:50:32.612+0000][gc,phases     ] GC(16)   Pre Evacuate Collection Set: 0.0ms
[2025-10-30T17:50:32.612+0000][gc,phases     ] GC(16)   Evacuate Collection Set: 9.4ms
[2025-10-30T17:50:32.612+0000][gc,phases     ] GC(16)   Post Evacuate Collection Set: 1.2ms
[2025-10-30T17:50:32.613+0000][gc,phases     ] GC(16)   Other: 1.5ms
[2025-10-30T17:50:32.613+0000][gc,heap       ] GC(16) Eden regions: 24->0(26)
[2025-10-30T17:50:32.613+0000][gc,heap       ] GC(16) Survivor regions: 3->3(4)
[2025-10-30T17:50:32.614+0000][gc,heap       ] GC(16) Old regions: 17->18
[2025-10-30T17:50:32.614+0000][gc,heap       ] GC(16) Humongous regions: 147->147
[2025-10-30T17:50:32.614+0000][gc,metaspace  ] GC(16) Metaspace: 51225K(54064K)->51225K(54064K) NonClass: 45166K(46768K)->45166K(46768K) Class: 6058K(7296K)->6058K(7296K)
[2025-10-30T17:50:32.615+0000][gc            ] GC(16) Pause Young (Normal) (G1 Evacuation Pause) 190M->166M(512M) 15.055ms
[2025-10-30T17:50:32.615+0000][gc,cpu        ] GC(16) User=0.02s Sys=0.00s Real=0.02s
[2025-10-30T17:50:39.324+0000][gc,start      ] GC(17) Pause Young (Normal) (G1 Evacuation Pause)
[2025-10-30T17:50:39.325+0000][gc,task       ] GC(17) Using 2 workers of 2 for evacuation
[2025-10-30T17:50:39.334+0000][gc,phases     ] GC(17)   Pre Evacuate Collection Set: 0.0ms
[2025-10-30T17:50:39.335+0000][gc,phases     ] GC(17)   Evacuate Collection Set: 7.8ms
[2025-10-30T17:50:39.335+0000][gc,phases     ] GC(17)   Post Evacuate Collection Set: 1.2ms
[2025-10-30T17:50:39.335+0000][gc,phases     ] GC(17)   Other: 0.8ms
[2025-10-30T17:50:39.335+0000][gc,heap       ] GC(17) Eden regions: 26->0(37)
[2025-10-30T17:50:39.336+0000][gc,heap       ] GC(17) Survivor regions: 3->3(4)
[2025-10-30T17:50:39.336+0000][gc,heap       ] GC(17) Old regions: 18->19
[2025-10-30T17:50:39.336+0000][gc,heap       ] GC(17) Humongous regions: 147->147
[2025-10-30T17:50:39.337+0000][gc,metaspace  ] GC(17) Metaspace: 51244K(54064K)->51244K(54064K) NonClass: 45186K(46768K)->45186K(46768K) Class: 6058K(7296K)->6058K(7296K)
[2025-10-30T17:50:39.337+0000][gc            ] GC(17) Pause Young (Normal) (G1 Evacuation Pause) 192M->167M(512M) 12.660ms
[2025-10-30T17:50:39.337+0000][gc,cpu        ] GC(17) User=0.02s Sys=0.00s Real=0.01s
[2025-10-30T17:50:53.562+0000][gc,start      ] GC(18) Pause Young (Normal) (G1 Evacuation Pause)
[2025-10-30T17:50:53.562+0000][gc,task       ] GC(18) Using 2 workers of 2 for evacuation
[2025-10-30T17:50:53.571+0000][gc,phases     ] GC(18)   Pre Evacuate Collection Set: 0.0ms
[2025-10-30T17:50:53.571+0000][gc,phases     ] GC(18)   Evacuate Collection Set: 7.6ms
[2025-10-30T17:50:53.571+0000][gc,phases     ] GC(18)   Post Evacuate Collection Set: 0.9ms
[2025-10-30T17:50:53.572+0000][gc,phases     ] GC(18)   Other: 0.7ms
[2025-10-30T17:50:53.572+0000][gc,heap       ] GC(18) Eden regions: 37->0(47)
[2025-10-30T17:50:53.572+0000][gc,heap       ] GC(18) Survivor regions: 3->4(5)
[2025-10-30T17:50:53.572+0000][gc,heap       ] GC(18) Old regions: 19->19
[2025-10-30T17:50:53.573+0000][gc,heap       ] GC(18) Humongous regions: 147->147
[2025-10-30T17:50:53.573+0000][gc,metaspace  ] GC(18) Metaspace: 51389K(54064K)->51389K(54064K) NonClass: 45330K(46768K)->45330K(46768K) Class: 6058K(7296K)->6058K(7296K)
[2025-10-30T17:50:53.573+0000][gc            ] GC(18) Pause Young (Normal) (G1 Evacuation Pause) 204M->168M(512M) 11.954ms
[2025-10-30T17:50:53.574+0000][gc,cpu        ] GC(18) User=0.01s Sys=0.01s Real=0.01s
[2025-10-30T17:51:12.688+0000][gc,start      ] GC(19) Pause Young (Normal) (G1 Evacuation Pause)
[2025-10-30T17:51:12.688+0000][gc,task       ] GC(19) Using 2 workers of 2 for evacuation
[2025-10-30T17:51:12.696+0000][gc,phases     ] GC(19)   Pre Evacuate Collection Set: 0.0ms
[2025-10-30T17:51:12.697+0000][gc,phases     ] GC(19)   Evacuate Collection Set: 7.2ms
[2025-10-30T17:51:12.697+0000][gc,phases     ] GC(19)   Post Evacuate Collection Set: 0.7ms
[2025-10-30T17:51:12.697+0000][gc,phases     ] GC(19)   Other: 0.5ms
[2025-10-30T17:51:12.697+0000][gc,heap       ] GC(19) Eden regions: 46->0(82)
[2025-10-30T17:51:12.697+0000][gc,heap       ] GC(19) Survivor regions: 4->4(7)
[2025-10-30T17:51:12.698+0000][gc,heap       ] GC(19) Old regions: 19->19
[2025-10-30T17:51:12.698+0000][gc,heap       ] GC(19) Humongous regions: 147->147
[2025-10-30T17:51:12.698+0000][gc,metaspace  ] GC(19) Metaspace: 51534K(54320K)->51534K(54320K) NonClass: 45469K(47024K)->45469K(47024K) Class: 6065K(7296K)->6065K(7296K)
[2025-10-30T17:51:12.698+0000][gc            ] GC(19) Pause Young (Normal) (G1 Evacuation Pause) 214M->168M(512M) 10.108ms
[2025-10-30T17:51:12.698+0000][gc,cpu        ] GC(19) User=0.01s Sys=0.00s Real=0.01s
[2025-10-30T17:51:45.755+0000][gc,start      ] GC(20) Pause Young (Normal) (G1 Evacuation Pause)
[2025-10-30T17:51:45.756+0000][gc,task       ] GC(20) Using 2 workers of 2 for evacuation
[2025-10-30T17:51:45.767+0000][gc,phases     ] GC(20)   Pre Evacuate Collection Set: 0.0ms
[2025-10-30T17:51:45.768+0000][gc,phases     ] GC(20)   Evacuate Collection Set: 10.0ms
[2025-10-30T17:51:45.768+0000][gc,phases     ] GC(20)   Post Evacuate Collection Set: 0.9ms
[2025-10-30T17:51:45.768+0000][gc,phases     ] GC(20)   Other: 1.2ms
[2025-10-30T17:51:45.768+0000][gc,heap       ] GC(20) Eden regions: 78->0(79)
[2025-10-30T17:51:45.768+0000][gc,heap       ] GC(20) Survivor regions: 4->6(11)
[2025-10-30T17:51:45.769+0000][gc,heap       ] GC(20) Old regions: 19->19
[2025-10-30T17:51:45.769+0000][gc,heap       ] GC(20) Humongous regions: 147->147
[2025-10-30T17:51:45.769+0000][gc,metaspace  ] GC(20) Metaspace: 51681K(54320K)->51681K(54320K) NonClass: 45616K(47024K)->45616K(47024K) Class: 6065K(7296K)->6065K(7296K)
[2025-10-30T17:51:45.769+0000][gc            ] GC(20) Pause Young (Normal) (G1 Evacuation Pause) 246M->170M(512M) 13.640ms
[2025-10-30T17:51:45.769+0000][gc,cpu        ] GC(20) User=0.02s Sys=0.00s Real=0.01s
[2025-10-30T17:52:15.775+0000][gc,start      ] GC(21) Pause Young (Normal) (G1 Evacuation Pause)
[2025-10-30T17:52:15.775+0000][gc,task       ] GC(21) Using 2 workers of 2 for evacuation
[2025-10-30T17:52:15.790+0000][gc,phases     ] GC(21)   Pre Evacuate Collection Set: 0.0ms
[2025-10-30T17:52:15.790+0000][gc,phases     ] GC(21)   Evacuate Collection Set: 13.7ms
[2025-10-30T17:52:15.791+0000][gc,phases     ] GC(21)   Post Evacuate Collection Set: 0.8ms
[2025-10-30T17:52:15.791+0000][gc,phases     ] GC(21)   Other: 1.0ms
[2025-10-30T17:52:15.791+0000][gc,heap       ] GC(21) Eden regions: 78->0(77)
[2025-10-30T17:52:15.791+0000][gc,heap       ] GC(21) Survivor regions: 6->8(11)
[2025-10-30T17:52:15.791+0000][gc,heap       ] GC(21) Old regions: 19->19
[2025-10-30T17:52:15.792+0000][gc,heap       ] GC(21) Humongous regions: 147->147
[2025-10-30T17:52:15.792+0000][gc,metaspace  ] GC(21) Metaspace: 51795K(54704K)->51795K(54704K) NonClass: 45717K(47280K)->45717K(47280K) Class: 6077K(7424K)->6077K(7424K)
[2025-10-30T17:52:15.792+0000][gc            ] GC(21) Pause Young (Normal) (G1 Evacuation Pause) 248M->173M(512M) 17.500ms
[2025-10-30T17:52:15.792+0000][gc,cpu        ] GC(21) User=0.03s Sys=0.00s Real=0.02s
[2025-10-30T17:52:37.923+0000][gc,start      ] GC(22) Pause Young (Normal) (G1 Evacuation Pause)
[2025-10-30T17:52:37.924+0000][gc,task       ] GC(22) Using 2 workers of 2 for evacuation
[2025-10-30T17:52:37.940+0000][gc,phases     ] GC(22)   Pre Evacuate Collection Set: 0.0ms
[2025-10-30T17:52:37.941+0000][gc,phases     ] GC(22)   Evacuate Collection Set: 14.6ms
[2025-10-30T17:52:37.941+0000][gc,phases     ] GC(22)   Post Evacuate Collection Set: 1.0ms
[2025-10-30T17:52:37.941+0000][gc,phases     ] GC(22)   Other: 1.5ms
[2025-10-30T17:52:37.941+0000][gc,heap       ] GC(22) Eden regions: 74->0(78)
[2025-10-30T17:52:37.942+0000][gc,heap       ] GC(22) Survivor regions: 8->6(11)
[2025-10-30T17:52:37.942+0000][gc,heap       ] GC(22) Old regions: 19->21
[2025-10-30T17:52:37.942+0000][gc,heap       ] GC(22) Humongous regions: 147->147
[2025-10-30T17:52:37.942+0000][gc,metaspace  ] GC(22) Metaspace: 51860K(54704K)->51860K(54704K) NonClass: 45782K(47280K)->45782K(47280K) Class: 6078K(7424K)->6078K(7424K)
[2025-10-30T17:52:37.943+0000][gc            ] GC(22) Pause Young (Normal) (G1 Evacuation Pause) 247M->172M(512M) 19.297ms
[2025-10-30T17:52:37.943+0000][gc,cpu        ] GC(22) User=0.03s Sys=0.00s Real=0.02s
[2025-10-30T17:52:46.495+0000][gc,start      ] GC(23) Pause Young (Normal) (G1 Evacuation Pause)
[2025-10-30T17:52:46.495+0000][gc,task       ] GC(23) Using 2 workers of 2 for evacuation
[2025-10-30T17:52:46.510+0000][gc,phases     ] GC(23)   Pre Evacuate Collection Set: 0.0ms
[2025-10-30T17:52:46.511+0000][gc,phases     ] GC(23)   Evacuate Collection Set: 13.7ms
[2025-10-30T17:52:46.511+0000][gc,phases     ] GC(23)   Post Evacuate Collection Set: 0.9ms
[2025-10-30T17:52:46.511+0000][gc,phases     ] GC(23)   Other: 1.2ms
[2025-10-30T17:52:46.511+0000][gc,heap       ] GC(23) Eden regions: 33->0(91)
[2025-10-30T17:52:46.512+0000][gc,heap       ] GC(23) Survivor regions: 6->3(5)
[2025-10-30T17:52:46.512+0000][gc,heap       ] GC(23) Old regions: 21->24
[2025-10-30T17:52:46.512+0000][gc,heap       ] GC(23) Humongous regions: 147->147
[2025-10-30T17:52:46.512+0000][gc,metaspace  ] GC(23) Metaspace: 51894K(54704K)->51894K(54704K) NonClass: 45811K(47280K)->45811K(47280K) Class: 6082K(7424K)->6082K(7424K)
[2025-10-30T17:52:46.512+0000][gc            ] GC(23) Pause Young (Normal) (G1 Evacuation Pause) 205M->173M(512M) 17.945ms
[2025-10-30T17:52:46.513+0000][gc,cpu        ] GC(23) User=0.03s Sys=0.00s Real=0.02s
[2025-10-30T17:52:53.651+0000][gc,start      ] GC(24) Pause Young (Normal) (G1 Evacuation Pause)
[2025-10-30T17:52:53.651+0000][gc,task       ] GC(24) Using 2 workers of 2 for evacuation
[2025-10-30T17:52:53.661+0000][gc,phases     ] GC(24)   Pre Evacuate Collection Set: 0.0ms
[2025-10-30T17:52:53.661+0000][gc,phases     ] GC(24)   Evacuate Collection Set: 9.0ms
[2025-10-30T17:52:53.662+0000][gc,phases     ] GC(24)   Post Evacuate Collection Set: 0.8ms
[2025-10-30T17:52:53.662+0000][gc,phases     ] GC(24)   Other: 0.7ms
[2025-10-30T17:52:53.662+0000][gc,heap       ] GC(24) Eden regions: 26->0(91)
[2025-10-30T17:52:53.662+0000][gc,heap       ] GC(24) Survivor regions: 3->3(4)
[2025-10-30T17:52:53.662+0000][gc,heap       ] GC(24) Old regions: 24->24
[2025-10-30T17:52:53.663+0000][gc,heap       ] GC(24) Humongous regions: 147->147
[2025-10-30T17:52:53.663+0000][gc,metaspace  ] GC(24) Metaspace: 51899K(54704K)->51899K(54704K) NonClass: 45816K(47280K)->45816K(47280K) Class: 6082K(7424K)->6082K(7424K)
[2025-10-30T17:52:53.663+0000][gc            ] GC(24) Pause Young (Normal) (G1 Evacuation Pause) 199M->173M(512M) 12.429ms
[2025-10-30T17:52:53.663+0000][gc,cpu        ] GC(24) User=0.02s Sys=0.00s Real=0.01s
[2025-10-30T17:53:04.909+0000][gc,start      ] GC(25) Pause Young (Normal) (G1 Evacuation Pause)
[2025-10-30T17:53:04.909+0000][gc,task       ] GC(25) Using 2 workers of 2 for evacuation
[2025-10-30T17:53:04.921+0000][gc,phases     ] GC(25)   Pre Evacuate Collection Set: 0.0ms
[2025-10-30T17:53:04.921+0000][gc,phases     ] GC(25)   Evacuate Collection Set: 10.2ms
[2025-10-30T17:53:04.921+0000][gc,phases     ] GC(25)   Post Evacuate Collection Set: 0.8ms
[2025-10-30T17:53:04.922+0000][gc,phases     ] GC(25)   Other: 0.8ms
[2025-10-30T17:53:04.922+0000][gc,heap       ] GC(25) Eden regions: 28->0(47)
[2025-10-30T17:53:04.922+0000][gc,heap       ] GC(25) Survivor regions: 3->3(4)
[2025-10-30T17:53:04.922+0000][gc,heap       ] GC(25) Old regions: 24->26
[2025-10-30T17:53:04.922+0000][gc,heap       ] GC(25) Humongous regions: 147->147
[2025-10-30T17:53:04.922+0000][gc,metaspace  ] GC(25) Metaspace: 51921K(54960K)->51921K(54960K) NonClass: 45839K(47536K)->45839K(47536K) Class: 6082K(7424K)->6082K(7424K)
[2025-10-30T17:53:04.922+0000][gc            ] GC(25) Pause Young (Normal) (G1 Evacuation Pause) 201M->174M(512M) 13.178ms
[2025-10-30T17:53:04.922+0000][gc,cpu        ] GC(25) User=0.02s Sys=0.00s Real=0.02s
[2025-10-30T17:53:14.324+0000][gc,start      ] GC(26) Pause Young (Normal) (G1 Evacuation Pause)
[2025-10-30T17:53:14.324+0000][gc,task       ] GC(26) Using 2 workers of 2 for evacuation
[2025-10-30T17:53:14.334+0000][gc,phases     ] GC(26)   Pre Evacuate Collection Set: 0.0ms
[2025-10-30T17:53:14.334+0000][gc,phases     ] GC(26)   Evacuate Collection Set: 8.6ms
[2025-10-30T17:53:14.334+0000][gc,phases     ] GC(26)   Post Evacuate Collection Set: 0.8ms
[2025-10-30T17:53:14.335+0000][gc,phases     ] GC(26)   Other: 0.7ms
[2025-10-30T17:53:14.335+0000][gc,heap       ] GC(26) Eden regions: 22->0(52)
[2025-10-30T17:53:14.335+0000][gc,heap       ] GC(26) Survivor regions: 3->3(4)
[2025-10-30T17:53:14.335+0000][gc,heap       ] GC(26) Old regions: 26->26
[2025-10-30T17:53:14.335+0000][gc,heap       ] GC(26) Humongous regions: 147->147
[2025-10-30T17:53:14.336+0000][gc,metaspace  ] GC(26) Metaspace: 51926K(54960K)->51926K(54960K) NonClass: 45843K(47536K)->45843K(47536K) Class: 6082K(7424K)->6082K(7424K)
[2025-10-30T17:53:14.336+0000][gc            ] GC(26) Pause Young (Normal) (G1 Evacuation Pause) 196M->175M(512M) 11.953ms
[2025-10-30T17:53:14.336+0000][gc,cpu        ] GC(26) User=0.01s Sys=0.00s Real=0.01s
[2025-10-30T17:53:25.944+0000][gc,start      ] GC(27) Pause Young (Normal) (G1 Evacuation Pause)
[2025-10-30T17:53:25.945+0000][gc,task       ] GC(27) Using 2 workers of 2 for evacuation
[2025-10-30T17:53:25.961+0000][gc,phases     ] GC(27)   Pre Evacuate Collection Set: 0.0ms
[2025-10-30T17:53:25.962+0000][gc,phases     ] GC(27)   Evacuate Collection Set: 14.0ms
[2025-10-30T17:53:25.962+0000][gc,phases     ] GC(27)   Post Evacuate Collection Set: 1.2ms
[2025-10-30T17:53:25.962+0000][gc,phases     ] GC(27)   Other: 1.8ms
[2025-10-30T17:53:25.963+0000][gc,heap       ] GC(27) Eden regions: 28->0(37)
[2025-10-30T17:53:25.963+0000][gc,heap       ] GC(27) Survivor regions: 3->3(4)
[2025-10-30T17:53:25.963+0000][gc,heap       ] GC(27) Old regions: 26->26
[2025-10-30T17:53:25.963+0000][gc,heap       ] GC(27) Humongous regions: 147->147
[2025-10-30T17:53:25.963+0000][gc,metaspace  ] GC(27) Metaspace: 51944K(54960K)->51944K(54960K) NonClass: 45861K(47536K)->45861K(47536K) Class: 6082K(7424K)->6082K(7424K)
[2025-10-30T17:53:25.964+0000][gc            ] GC(27) Pause Young (Normal) (G1 Evacuation Pause) 203M->175M(512M) 19.142ms
[2025-10-30T17:53:25.964+0000][gc,cpu        ] GC(27) User=0.03s Sys=0.00s Real=0.02s
[2025-10-30T17:53:35.340+0000][gc,start      ] GC(28) Pause Young (Normal) (G1 Evacuation Pause)
[2025-10-30T17:53:35.341+0000][gc,task       ] GC(28) Using 2 workers of 2 for evacuation
[2025-10-30T17:53:35.352+0000][gc,phases     ] GC(28)   Pre Evacuate Collection Set: 0.0ms
[2025-10-30T17:53:35.352+0000][gc,phases     ] GC(28)   Evacuate Collection Set: 10.1ms
[2025-10-30T17:53:35.352+0000][gc,phases     ] GC(28)   Post Evacuate Collection Set: 0.8ms
[2025-10-30T17:53:35.353+0000][gc,phases     ] GC(28)   Other: 0.7ms
[2025-10-30T17:53:35.353+0000][gc,heap       ] GC(28) Eden regions: 28->0(36)
[2025-10-30T17:53:35.353+0000][gc,heap       ] GC(28) Survivor regions: 3->3(4)
[2025-10-30T17:53:35.353+0000][gc,heap       ] GC(28) Old regions: 26->28
[2025-10-30T17:53:35.353+0000][gc,heap       ] GC(28) Humongous regions: 147->147
[2025-10-30T17:53:35.354+0000][gc,metaspace  ] GC(28) Metaspace: 52035K(54960K)->52035K(54960K) NonClass: 45953K(47536K)->45953K(47536K) Class: 6082K(7424K)->6082K(7424K)
[2025-10-30T17:53:35.354+0000][gc            ] GC(28) Pause Young (Normal) (G1 Evacuation Pause) 203M->176M(512M) 13.801ms
[2025-10-30T17:53:35.354+0000][gc,cpu        ] GC(28) User=0.02s Sys=0.00s Real=0.02s
[2025-10-30T17:53:46.222+0000][gc,start      ] GC(29) Pause Young (Normal) (G1 Evacuation Pause)
[2025-10-30T17:53:46.222+0000][gc,task       ] GC(29) Using 2 workers of 2 for evacuation
[2025-10-30T17:53:46.235+0000][gc,phases     ] GC(29)   Pre Evacuate Collection Set: 0.0ms
[2025-10-30T17:53:46.236+0000][gc,phases     ] GC(29)   Evacuate Collection Set: 11.2ms
[2025-10-30T17:53:46.237+0000][gc,phases     ] GC(29)   Post Evacuate Collection Set: 1.0ms
[2025-10-30T17:53:46.237+0000][gc,phases     ] GC(29)   Other: 0.8ms
[2025-10-30T17:53:46.237+0000][gc,heap       ] GC(29) Eden regions: 30->0(36)
[2025-10-30T17:53:46.237+0000][gc,heap       ] GC(29) Survivor regions: 3->2(5)
[2025-10-30T17:53:46.238+0000][gc,heap       ] GC(29) Old regions: 28->28
[2025-10-30T17:53:46.242+0000][gc,heap       ] GC(29) Humongous regions: 147->147
[2025-10-30T17:53:46.242+0000][gc,metaspace  ] GC(29) Metaspace: 52043K(54960K)->52043K(54960K) NonClass: 45960K(47536K)->45960K(47536K) Class: 6083K(7424K)->6083K(7424K)
[2025-10-30T17:53:46.242+0000][gc            ] GC(29) Pause Young (Normal) (G1 Evacuation Pause) 206M->176M(512M) 20.028ms
[2025-10-30T17:53:46.242+0000][gc,cpu        ] GC(29) User=0.03s Sys=0.00s Real=0.02s
[2025-10-30T17:53:57.888+0000][gc,start      ] GC(30) Pause Young (Normal) (G1 Evacuation Pause)
[2025-10-30T17:53:57.888+0000][gc,task       ] GC(30) Using 2 workers of 2 for evacuation
[2025-10-30T17:53:57.898+0000][gc,phases     ] GC(30)   Pre Evacuate Collection Set: 0.0ms
[2025-10-30T17:53:57.898+0000][gc,phases     ] GC(30)   Evacuate Collection Set: 8.8ms
[2025-10-30T17:53:57.899+0000][gc,phases     ] GC(30)   Post Evacuate Collection Set: 0.8ms
[2025-10-30T17:53:57.899+0000][gc,phases     ] GC(30)   Other: 0.6ms
[2025-10-30T17:53:57.899+0000][gc,heap       ] GC(30) Eden regions: 29->0(35)
[2025-10-30T17:53:57.899+0000][gc,heap       ] GC(30) Survivor regions: 2->3(4)
[2025-10-30T17:53:57.899+0000][gc,heap       ] GC(30) Old regions: 28->28
[2025-10-30T17:53:57.899+0000][gc,heap       ] GC(30) Humongous regions: 147->147
[2025-10-30T17:53:57.899+0000][gc,metaspace  ] GC(30) Metaspace: 52044K(54960K)->52044K(54960K) NonClass: 45961K(47536K)->45961K(47536K) Class: 6083K(7424K)->6083K(7424K)
[2025-10-30T17:53:57.900+0000][gc            ] GC(30) Pause Young (Normal) (G1 Evacuation Pause) 205M->177M(512M) 11.744ms
[2025-10-30T17:53:57.900+0000][gc,cpu        ] GC(30) User=0.02s Sys=0.00s Real=0.01s
[2025-10-30T17:54:11.800+0000][gc,start      ] GC(31) Pause Young (Normal) (G1 Evacuation Pause)
[2025-10-30T17:54:11.801+0000][gc,task       ] GC(31) Using 2 workers of 2 for evacuation
[2025-10-30T17:54:11.815+0000][gc,phases     ] GC(31)   Pre Evacuate Collection Set: 0.0ms
[2025-10-30T17:54:11.816+0000][gc,phases     ] GC(31)   Evacuate Collection Set: 13.2ms
[2025-10-30T17:54:11.816+0000][gc,phases     ] GC(31)   Post Evacuate Collection Set: 1.3ms
[2025-10-30T17:54:11.816+0000][gc,phases     ] GC(31)   Other: 0.9ms
[2025-10-30T17:54:11.817+0000][gc,heap       ] GC(31) Eden regions: 35->0(36)
[2025-10-30T17:54:11.817+0000][gc,heap       ] GC(31) Survivor regions: 3->4(5)
[2025-10-30T17:54:11.817+0000][gc,heap       ] GC(31) Old regions: 28->28
[2025-10-30T17:54:11.817+0000][gc,heap       ] GC(31) Humongous regions: 147->147
[2025-10-30T17:54:11.817+0000][gc,metaspace  ] GC(31) Metaspace: 52064K(54960K)->52064K(54960K) NonClass: 45980K(47536K)->45980K(47536K) Class: 6083K(7424K)->6083K(7424K)
[2025-10-30T17:54:11.818+0000][gc            ] GC(31) Pause Young (Normal) (G1 Evacuation Pause) 212M->178M(512M) 17.586ms
[2025-10-30T17:54:11.818+0000][gc,cpu        ] GC(31) User=0.03s Sys=0.00s Real=0.02s
[2025-10-30T17:54:23.889+0000][gc,start      ] GC(32) Pause Young (Normal) (G1 Evacuation Pause)
[2025-10-30T17:54:23.890+0000][gc,task       ] GC(32) Using 2 workers of 2 for evacuation
[2025-10-30T17:54:23.902+0000][gc,phases     ] GC(32)   Pre Evacuate Collection Set: 0.0ms
[2025-10-30T17:54:23.902+0000][gc,phases     ] GC(32)   Evacuate Collection Set: 11.4ms
[2025-10-30T17:54:23.903+0000][gc,phases     ] GC(32)   Post Evacuate Collection Set: 0.6ms
[2025-10-30T17:54:23.903+0000][gc,phases     ] GC(32)   Other: 0.8ms
[2025-10-30T17:54:23.903+0000][gc,heap       ] GC(32) Eden regions: 31->0(38)
[2025-10-30T17:54:23.903+0000][gc,heap       ] GC(32) Survivor regions: 4->4(5)
[2025-10-30T17:54:23.903+0000][gc,heap       ] GC(32) Old regions: 28->29
[2025-10-30T17:54:23.903+0000][gc,heap       ] GC(32) Humongous regions: 147->147
[2025-10-30T17:54:23.904+0000][gc,metaspace  ] GC(32) Metaspace: 52065K(54960K)->52065K(54960K) NonClass: 45981K(47536K)->45981K(47536K) Class: 6083K(7424K)->6083K(7424K)
[2025-10-30T17:54:23.904+0000][gc            ] GC(32) Pause Young (Normal) (G1 Evacuation Pause) 209M->179M(512M) 14.233ms
[2025-10-30T17:54:23.904+0000][gc,cpu        ] GC(32) User=0.03s Sys=0.00s Real=0.02s
[2025-10-30T17:54:36.447+0000][gc,start      ] GC(33) Pause Young (Normal) (G1 Evacuation Pause)
[2025-10-30T17:54:36.447+0000][gc,task       ] GC(33) Using 2 workers of 2 for evacuation
[2025-10-30T17:54:36.459+0000][gc,phases     ] GC(33)   Pre Evacuate Collection Set: 0.0ms
[2025-10-30T17:54:36.459+0000][gc,phases     ] GC(33)   Evacuate Collection Set: 10.4ms
[2025-10-30T17:54:36.459+0000][gc,phases     ] GC(33)   Post Evacuate Collection Set: 0.7ms
[2025-10-30T17:54:36.459+0000][gc,phases     ] GC(33)   Other: 0.6ms
[2025-10-30T17:54:36.459+0000][gc,heap       ] GC(33) Eden regions: 32->0(40)
[2025-10-30T17:54:36.459+0000][gc,heap       ] GC(33) Survivor regions: 4->3(5)
[2025-10-30T17:54:36.460+0000][gc,heap       ] GC(33) Old regions: 29->31
[2025-10-30T17:54:36.460+0000][gc,heap       ] GC(33) Humongous regions: 147->147
[2025-10-30T17:54:36.460+0000][gc,metaspace  ] GC(33) Metaspace: 52074K(54960K)->52074K(54960K) NonClass: 45990K(47536K)->45990K(47536K) Class: 6083K(7424K)->6083K(7424K)
[2025-10-30T17:54:36.460+0000][gc            ] GC(33) Pause Young (Normal) (G1 Evacuation Pause) 211M->180M(512M) 13.229ms
[2025-10-30T17:54:36.460+0000][gc,cpu        ] GC(33) User=0.02s Sys=0.00s Real=0.01s
[2025-10-30T17:54:49.300+0000][gc,start      ] GC(34) Pause Young (Normal) (G1 Evacuation Pause)
[2025-10-30T17:54:49.300+0000][gc,task       ] GC(34) Using 2 workers of 2 for evacuation
[2025-10-30T17:54:49.312+0000][gc,phases     ] GC(34)   Pre Evacuate Collection Set: 0.0ms
[2025-10-30T17:54:49.312+0000][gc,phases     ] GC(34)   Evacuate Collection Set: 10.4ms
[2025-10-30T17:54:49.312+0000][gc,phases     ] GC(34)   Post Evacuate Collection Set: 0.7ms
[2025-10-30T17:54:49.312+0000][gc,phases     ] GC(34)   Other: 0.5ms
[2025-10-30T17:54:49.313+0000][gc,heap       ] GC(34) Eden regions: 33->0(40)
[2025-10-30T17:54:49.313+0000][gc,heap       ] GC(34) Survivor regions: 3->3(5)
[2025-10-30T17:54:49.313+0000][gc,heap       ] GC(34) Old regions: 31->32
[2025-10-30T17:54:49.313+0000][gc,heap       ] GC(34) Humongous regions: 147->147
[2025-10-30T17:54:49.313+0000][gc,metaspace  ] GC(34) Metaspace: 52075K(54960K)->52075K(54960K) NonClass: 45992K(47536K)->45992K(47536K) Class: 6083K(7424K)->6083K(7424K)
[2025-10-30T17:54:49.313+0000][gc            ] GC(34) Pause Young (Normal) (G1 Evacuation Pause) 213M->180M(512M) 13.026ms
[2025-10-30T17:54:49.313+0000][gc,cpu        ] GC(34) User=0.02s Sys=0.00s Real=0.02s
[2025-10-30T17:55:02.960+0000][gc,start      ] GC(35) Pause Young (Normal) (G1 Evacuation Pause)
[2025-10-30T17:55:02.960+0000][gc,task       ] GC(35) Using 2 workers of 2 for evacuation
[2025-10-30T17:55:02.970+0000][gc,phases     ] GC(35)   Pre Evacuate Collection Set: 0.0ms
[2025-10-30T17:55:02.970+0000][gc,phases     ] GC(35)   Evacuate Collection Set: 9.3ms
[2025-10-30T17:55:02.971+0000][gc,phases     ] GC(35)   Post Evacuate Collection Set: 0.7ms
[2025-10-30T17:55:02.971+0000][gc,phases     ] GC(35)   Other: 0.5ms
[2025-10-30T17:55:02.971+0000][gc,heap       ] GC(35) Eden regions: 36->0(45)
[2025-10-30T17:55:02.971+0000][gc,heap       ] GC(35) Survivor regions: 3->3(5)
[2025-10-30T17:55:02.971+0000][gc,heap       ] GC(35) Old regions: 32->32
[2025-10-30T17:55:02.972+0000][gc,heap       ] GC(35) Humongous regions: 147->147
[2025-10-30T17:55:02.972+0000][gc,metaspace  ] GC(35) Metaspace: 52079K(54960K)->52079K(54960K) NonClass: 45995K(47536K)->45995K(47536K) Class: 6083K(7424K)->6083K(7424K)
[2025-10-30T17:55:02.972+0000][gc            ] GC(35) Pause Young (Normal) (G1 Evacuation Pause) 216M->180M(512M) 12.291ms
[2025-10-30T17:55:02.972+0000][gc,cpu        ] GC(35) User=0.02s Sys=0.00s Real=0.01s
[2025-10-30T17:55:17.852+0000][gc,start      ] GC(36) Pause Young (Normal) (G1 Evacuation Pause)
[2025-10-30T17:55:17.852+0000][gc,task       ] GC(36) Using 2 workers of 2 for evacuation
[2025-10-30T17:55:17.863+0000][gc,phases     ] GC(36)   Pre Evacuate Collection Set: 0.0ms
[2025-10-30T17:55:17.863+0000][gc,phases     ] GC(36)   Evacuate Collection Set: 9.7ms
[2025-10-30T17:55:17.863+0000][gc,phases     ] GC(36)   Post Evacuate Collection Set: 0.7ms
[2025-10-30T17:55:17.864+0000][gc,phases     ] GC(36)   Other: 0.5ms
[2025-10-30T17:55:17.864+0000][gc,heap       ] GC(36) Eden regions: 38->0(50)
[2025-10-30T17:55:17.864+0000][gc,heap       ] GC(36) Survivor regions: 3->4(6)
[2025-10-30T17:55:17.864+0000][gc,heap       ] GC(36) Old regions: 32->32
[2025-10-30T17:55:17.864+0000][gc,heap       ] GC(36) Humongous regions: 147->147
[2025-10-30T17:55:17.864+0000][gc,metaspace  ] GC(36) Metaspace: 52079K(54960K)->52079K(54960K) NonClass: 45996K(47536K)->45996K(47536K) Class: 6083K(7424K)->6083K(7424K)
[2025-10-30T17:55:17.865+0000][gc            ] GC(36) Pause Young (Normal) (G1 Evacuation Pause) 218M->181M(512M) 12.535ms
[2025-10-30T17:55:17.865+0000][gc,cpu        ] GC(36) User=0.02s Sys=0.00s Real=0.02s
[2025-10-30T17:55:34.834+0000][gc,start      ] GC(37) Pause Young (Normal) (G1 Evacuation Pause)
[2025-10-30T17:55:34.834+0000][gc,task       ] GC(37) Using 2 workers of 2 for evacuation
[2025-10-30T17:55:34.846+0000][gc,phases     ] GC(37)   Pre Evacuate Collection Set: 0.0ms
[2025-10-30T17:55:34.846+0000][gc,phases     ] GC(37)   Evacuate Collection Set: 11.0ms
[2025-10-30T17:55:34.847+0000][gc,phases     ] GC(37)   Post Evacuate Collection Set: 0.9ms
[2025-10-30T17:55:34.847+0000][gc,phases     ] GC(37)   Other: 0.6ms
[2025-10-30T17:55:34.847+0000][gc,heap       ] GC(37) Eden regions: 42->0(55)
[2025-10-30T17:55:34.847+0000][gc,heap       ] GC(37) Survivor regions: 4->5(6)
[2025-10-30T17:55:34.847+0000][gc,heap       ] GC(37) Old regions: 32->32
[2025-10-30T17:55:34.847+0000][gc,heap       ] GC(37) Humongous regions: 147->147
[2025-10-30T17:55:34.847+0000][gc,metaspace  ] GC(37) Metaspace: 52082K(54960K)->52082K(54960K) NonClass: 45999K(47536K)->45999K(47536K) Class: 6083K(7424K)->6083K(7424K)
[2025-10-30T17:55:34.847+0000][gc            ] GC(37) Pause Young (Normal) (G1 Evacuation Pause) 223M->183M(512M) 13.708ms
[2025-10-30T17:55:34.848+0000][gc,cpu        ] GC(37) User=0.02s Sys=0.00s Real=0.01s
[2025-10-30T17:55:59.102+0000][gc,start      ] GC(38) Pause Young (Normal) (G1 Evacuation Pause)
[2025-10-30T17:55:59.102+0000][gc,task       ] GC(38) Using 2 workers of 2 for evacuation
[2025-10-30T17:55:59.117+0000][gc,phases     ] GC(38)   Pre Evacuate Collection Set: 0.0ms
[2025-10-30T17:55:59.117+0000][gc,phases     ] GC(38)   Evacuate Collection Set: 13.4ms
[2025-10-30T17:55:59.117+0000][gc,phases     ] GC(38)   Post Evacuate Collection Set: 0.7ms
[2025-10-30T17:55:59.118+0000][gc,phases     ] GC(38)   Other: 0.8ms
[2025-10-30T17:55:59.118+0000][gc,heap       ] GC(38) Eden regions: 55->0(59)
[2025-10-30T17:55:59.118+0000][gc,heap       ] GC(38) Survivor regions: 5->6(8)
[2025-10-30T17:55:59.118+0000][gc,heap       ] GC(38) Old regions: 32->33
[2025-10-30T17:55:59.118+0000][gc,heap       ] GC(38) Humongous regions: 147->147
[2025-10-30T17:55:59.118+0000][gc,metaspace  ] GC(38) Metaspace: 52085K(54960K)->52085K(54960K) NonClass: 46002K(47536K)->46002K(47536K) Class: 6083K(7424K)->6083K(7424K)
[2025-10-30T17:55:59.119+0000][gc            ] GC(38) Pause Young (Normal) (G1 Evacuation Pause) 238M->184M(512M) 16.435ms
[2025-10-30T17:55:59.119+0000][gc,cpu        ] GC(38) User=0.03s Sys=0.00s Real=0.02s
[2025-10-30T17:56:16.181+0000][gc,start      ] GC(39) Pause Young (Concurrent Start) (G1 Evacuation Pause)
[2025-10-30T17:56:16.181+0000][gc,task       ] GC(39) Using 2 workers of 2 for evacuation
[2025-10-30T17:56:16.201+0000][gc,phases     ] GC(39)   Pre Evacuate Collection Set: 0.3ms
[2025-10-30T17:56:16.201+0000][gc,phases     ] GC(39)   Evacuate Collection Set: 17.3ms
[2025-10-30T17:56:16.202+0000][gc,phases     ] GC(39)   Post Evacuate Collection Set: 1.4ms
[2025-10-30T17:56:16.202+0000][gc,phases     ] GC(39)   Other: 0.8ms
[2025-10-30T17:56:16.202+0000][gc,heap       ] GC(39) Eden regions: 45->0(50)
[2025-10-30T17:56:16.203+0000][gc,heap       ] GC(39) Survivor regions: 6->3(7)
[2025-10-30T17:56:16.203+0000][gc,heap       ] GC(39) Old regions: 33->35
[2025-10-30T17:56:16.203+0000][gc,heap       ] GC(39) Humongous regions: 147->147
[2025-10-30T17:56:16.203+0000][gc,metaspace  ] GC(39) Metaspace: 52142K(54960K)->52142K(54960K) NonClass: 46058K(47536K)->46058K(47536K) Class: 6083K(7424K)->6083K(7424K)
[2025-10-30T17:56:16.204+0000][gc            ] GC(39) Pause Young (Concurrent Start) (G1 Evacuation Pause) 229M->184M(512M) 22.766ms
[2025-10-30T17:56:16.204+0000][gc,cpu        ] GC(39) User=0.04s Sys=0.00s Real=0.02s
[2025-10-30T17:56:16.204+0000][gc            ] GC(40) Concurrent Cycle
[2025-10-30T17:56:16.205+0000][gc,marking    ] GC(40) Concurrent Clear Claimed Marks
[2025-10-30T17:56:16.206+0000][gc,marking    ] GC(40) Concurrent Clear Claimed Marks 0.968ms
[2025-10-30T17:56:16.206+0000][gc,marking    ] GC(40) Concurrent Scan Root Regions
[2025-10-30T17:56:16.213+0000][gc,marking    ] GC(40) Concurrent Scan Root Regions 6.771ms
[2025-10-30T17:56:16.215+0000][gc,marking    ] GC(40) Concurrent Mark (419.395s)
[2025-10-30T17:56:16.215+0000][gc,marking    ] GC(40) Concurrent Mark From Roots
[2025-10-30T17:56:16.215+0000][gc,task       ] GC(40) Using 1 workers of 1 for marking
[2025-10-30T17:56:16.260+0000][gc,marking    ] GC(40) Concurrent Mark From Roots 45.155ms
[2025-10-30T17:56:16.261+0000][gc,marking    ] GC(40) Concurrent Preclean
[2025-10-30T17:56:16.261+0000][gc,marking    ] GC(40) Concurrent Preclean 0.365ms
[2025-10-30T17:56:16.261+0000][gc,marking    ] GC(40) Concurrent Mark (419.395s, 419.442s) 46.680ms
[2025-10-30T17:56:16.262+0000][gc,start      ] GC(40) Pause Remark
[2025-10-30T17:56:16.282+0000][gc,stringtable] GC(40) Cleaned string and symbol table, strings: 16020 processed, 21 removed, symbols: 123561 processed, 12 removed
[2025-10-30T17:56:16.283+0000][gc,mmu        ] GC(40) MMU target violated: 20.5ms (20.0ms/21.0ms)
[2025-10-30T17:56:16.283+0000][gc            ] GC(40) Pause Remark 184M->184M(512M) 21.350ms
[2025-10-30T17:56:16.284+0000][gc,cpu        ] GC(40) User=0.04s Sys=0.00s Real=0.02s
[2025-10-30T17:56:16.284+0000][gc,marking    ] GC(40) Concurrent Rebuild Remembered Sets
[2025-10-30T17:56:16.309+0000][gc,marking    ] GC(40) Concurrent Rebuild Remembered Sets 25.312ms
[2025-10-30T17:56:16.310+0000][gc,start      ] GC(40) Pause Cleanup
[2025-10-30T17:56:16.311+0000][gc            ] GC(40) Pause Cleanup 185M->185M(512M) 1.070ms
[2025-10-30T17:56:16.312+0000][gc,cpu        ] GC(40) User=0.00s Sys=0.00s Real=0.00s
[2025-10-30T17:56:16.312+0000][gc,marking    ] GC(40) Concurrent Cleanup for Next Mark
[2025-10-30T17:56:16.313+0000][gc,marking    ] GC(40) Concurrent Cleanup for Next Mark 1.318ms
[2025-10-30T17:56:16.314+0000][gc            ] GC(40) Concurrent Cycle 109.422ms
[2025-10-30T17:56:30.767+0000][gc,start      ] GC(41) Pause Young (Normal) (G1 Evacuation Pause)
[2025-10-30T17:56:30.767+0000][gc,task       ] GC(41) Using 2 workers of 2 for evacuation
[2025-10-30T17:56:30.782+0000][gc,phases     ] GC(41)   Pre Evacuate Collection Set: 0.0ms
[2025-10-30T17:56:30.782+0000][gc,phases     ] GC(41)   Evacuate Collection Set: 12.9ms
[2025-10-30T17:56:30.783+0000][gc,phases     ] GC(41)   Post Evacuate Collection Set: 1.0ms
[2025-10-30T17:56:30.783+0000][gc,phases     ] GC(41)   Other: 0.7ms
[2025-10-30T17:56:30.783+0000][gc,heap       ] GC(41) Eden regions: 37->0(44)
[2025-10-30T17:56:30.783+0000][gc,heap       ] GC(41) Survivor regions: 3->3(5)
[2025-10-30T17:56:30.784+0000][gc,heap       ] GC(41) Old regions: 35->35
[2025-10-30T17:56:30.784+0000][gc,heap       ] GC(41) Humongous regions: 147->147
[2025-10-30T17:56:30.784+0000][gc,metaspace  ] GC(41) Metaspace: 51377K(54960K)->51377K(54960K) NonClass: 45593K(47536K)->45593K(47536K) Class: 5783K(7424K)->5783K(7424K)
[2025-10-30T17:56:30.785+0000][gc            ] GC(41) Pause Young (Normal) (G1 Evacuation Pause) 221M->184M(512M) 17.622ms
[2025-10-30T17:56:30.785+0000][gc,cpu        ] GC(41) User=0.02s Sys=0.00s Real=0.01s
[2025-10-30T17:56:45.599+0000][gc,start      ] GC(42) Pause Young (Concurrent Start) (G1 Evacuation Pause)
[2025-10-30T17:56:45.599+0000][gc,task       ] GC(42) Using 2 workers of 2 for evacuation
[2025-10-30T17:56:45.611+0000][gc,phases     ] GC(42)   Pre Evacuate Collection Set: 0.2ms
[2025-10-30T17:56:45.611+0000][gc,phases     ] GC(42)   Evacuate Collection Set: 10.7ms
[2025-10-30T17:56:45.611+0000][gc,phases     ] GC(42)   Post Evacuate Collection Set: 0.7ms
[2025-10-30T17:56:45.612+0000][gc,phases     ] GC(42)   Other: 0.6ms
[2025-10-30T17:56:45.612+0000][gc,heap       ] GC(42) Eden regions: 37->0(41)
[2025-10-30T17:56:45.612+0000][gc,heap       ] GC(42) Survivor regions: 3->4(5)
[2025-10-30T17:56:45.612+0000][gc,heap       ] GC(42) Old regions: 35->36
[2025-10-30T17:56:45.612+0000][gc,heap       ] GC(42) Humongous regions: 147->147
[2025-10-30T17:56:45.612+0000][gc,metaspace  ] GC(42) Metaspace: 51378K(54960K)->51378K(54960K) NonClass: 45594K(47536K)->45594K(47536K) Class: 5783K(7424K)->5783K(7424K)
[2025-10-30T17:56:45.612+0000][gc            ] GC(42) Pause Young (Concurrent Start) (G1 Evacuation Pause) 221M->186M(512M) 13.644ms
[2025-10-30T17:56:45.613+0000][gc,cpu        ] GC(42) User=0.02s Sys=0.00s Real=0.01s
[2025-10-30T17:56:45.613+0000][gc            ] GC(43) Concurrent Cycle
[2025-10-30T17:56:45.613+0000][gc,marking    ] GC(43) Concurrent Clear Claimed Marks
[2025-10-30T17:56:45.613+0000][gc,marking    ] GC(43) Concurrent Clear Claimed Marks 0.396ms
[2025-10-30T17:56:45.614+0000][gc,marking    ] GC(43) Concurrent Scan Root Regions
[2025-10-30T17:56:45.618+0000][gc,marking    ] GC(43) Concurrent Scan Root Regions 4.263ms
[2025-10-30T17:56:45.618+0000][gc,marking    ] GC(43) Concurrent Mark (448.799s)
[2025-10-30T17:56:45.618+0000][gc,marking    ] GC(43) Concurrent Mark From Roots
[2025-10-30T17:56:45.618+0000][gc,task       ] GC(43) Using 1 workers of 1 for marking
[2025-10-30T17:56:45.650+0000][gc,marking    ] GC(43) Concurrent Mark From Roots 31.336ms
[2025-10-30T17:56:45.650+0000][gc,marking    ] GC(43) Concurrent Preclean
[2025-10-30T17:56:45.650+0000][gc,marking    ] GC(43) Concurrent Preclean 0.300ms
[2025-10-30T17:56:45.650+0000][gc,marking    ] GC(43) Concurrent Mark (448.799s, 448.831s) 32.291ms
[2025-10-30T17:56:45.651+0000][gc,start      ] GC(43) Pause Remark
[2025-10-30T17:56:45.659+0000][gc,stringtable] GC(43) Cleaned string and symbol table, strings: 16039 processed, 0 removed, symbols: 123549 processed, 192 removed
[2025-10-30T17:56:45.659+0000][gc            ] GC(43) Pause Remark 187M->187M(512M) 8.407ms
[2025-10-30T17:56:45.659+0000][gc,cpu        ] GC(43) User=0.01s Sys=0.00s Real=0.01s
[2025-10-30T17:56:45.660+0000][gc,marking    ] GC(43) Concurrent Rebuild Remembered Sets
[2025-10-30T17:56:45.680+0000][gc,marking    ] GC(43) Concurrent Rebuild Remembered Sets 20.501ms
[2025-10-30T17:56:45.681+0000][gc,start      ] GC(43) Pause Cleanup
[2025-10-30T17:56:45.682+0000][gc            ] GC(43) Pause Cleanup 187M->187M(512M) 0.513ms
[2025-10-30T17:56:45.682+0000][gc,cpu        ] GC(43) User=0.00s Sys=0.00s Real=0.00s
[2025-10-30T17:56:45.682+0000][gc,marking    ] GC(43) Concurrent Cleanup for Next Mark
[2025-10-30T17:56:45.683+0000][gc,marking    ] GC(43) Concurrent Cleanup for Next Mark 1.071ms
[2025-10-30T17:56:45.684+0000][gc            ] GC(43) Concurrent Cycle 70.782ms
[2025-10-30T17:56:59.925+0000][gc,start      ] GC(44) Pause Young (Normal) (G1 Evacuation Pause)
[2025-10-30T17:56:59.925+0000][gc,task       ] GC(44) Using 2 workers of 2 for evacuation
[2025-10-30T17:56:59.939+0000][gc,phases     ] GC(44)   Pre Evacuate Collection Set: 0.0ms
[2025-10-30T17:56:59.942+0000][gc,phases     ] GC(44)   Evacuate Collection Set: 12.5ms
[2025-10-30T17:56:59.942+0000][gc,phases     ] GC(44)   Post Evacuate Collection Set: 0.8ms
[2025-10-30T17:56:59.943+0000][gc,phases     ] GC(44)   Other: 0.5ms
[2025-10-30T17:56:59.943+0000][gc,heap       ] GC(44) Eden regions: 38->0(44)
[2025-10-30T17:56:59.943+0000][gc,heap       ] GC(44) Survivor regions: 4->4(6)
[2025-10-30T17:56:59.943+0000][gc,heap       ] GC(44) Old regions: 36->37
[2025-10-30T17:56:59.944+0000][gc,heap       ] GC(44) Humongous regions: 147->147
[2025-10-30T17:56:59.944+0000][gc,metaspace  ] GC(44) Metaspace: 51380K(54960K)->51380K(54960K) NonClass: 45596K(47536K)->45596K(47536K) Class: 5783K(7424K)->5783K(7424K)
[2025-10-30T17:56:59.944+0000][gc            ] GC(44) Pause Young (Normal) (G1 Evacuation Pause) 224M->187M(512M) 19.114ms
[2025-10-30T17:56:59.944+0000][gc,cpu        ] GC(44) User=0.03s Sys=0.00s Real=0.02s
[2025-10-30T17:57:15.089+0000][gc,start      ] GC(45) Pause Young (Concurrent Start) (G1 Evacuation Pause)
[2025-10-30T17:57:15.091+0000][gc,task       ] GC(45) Using 2 workers of 2 for evacuation
[2025-10-30T17:57:15.104+0000][gc,phases     ] GC(45)   Pre Evacuate Collection Set: 0.2ms
[2025-10-30T17:57:15.104+0000][gc,phases     ] GC(45)   Evacuate Collection Set: 10.9ms
[2025-10-30T17:57:15.104+0000][gc,phases     ] GC(45)   Post Evacuate Collection Set: 0.7ms
[2025-10-30T17:57:15.104+0000][gc,phases     ] GC(45)   Other: 2.9ms
[2025-10-30T17:57:15.105+0000][gc,heap       ] GC(45) Eden regions: 39->0(47)
[2025-10-30T17:57:15.105+0000][gc,heap       ] GC(45) Survivor regions: 4->4(6)
[2025-10-30T17:57:15.106+0000][gc,heap       ] GC(45) Old regions: 37->39
[2025-10-30T17:57:15.106+0000][gc,heap       ] GC(45) Humongous regions: 147->147
[2025-10-30T17:57:15.107+0000][gc,metaspace  ] GC(45) Metaspace: 51387K(54960K)->51387K(54960K) NonClass: 45603K(47536K)->45603K(47536K) Class: 5783K(7424K)->5783K(7424K)
[2025-10-30T17:57:15.107+0000][gc            ] GC(45) Pause Young (Concurrent Start) (G1 Evacuation Pause) 226M->188M(512M) 17.889ms
[2025-10-30T17:57:15.107+0000][gc,cpu        ] GC(45) User=0.02s Sys=0.00s Real=0.02s
[2025-10-30T17:57:15.107+0000][gc            ] GC(46) Concurrent Cycle
[2025-10-30T17:57:15.107+0000][gc,marking    ] GC(46) Concurrent Clear Claimed Marks
[2025-10-30T17:57:15.108+0000][gc,marking    ] GC(46) Concurrent Clear Claimed Marks 0.459ms
[2025-10-30T17:57:15.108+0000][gc,marking    ] GC(46) Concurrent Scan Root Regions
[2025-10-30T17:57:15.114+0000][gc,marking    ] GC(46) Concurrent Scan Root Regions 5.409ms
[2025-10-30T17:57:15.114+0000][gc,marking    ] GC(46) Concurrent Mark (478.294s)
[2025-10-30T17:57:15.114+0000][gc,marking    ] GC(46) Concurrent Mark From Roots
[2025-10-30T17:57:15.115+0000][gc,task       ] GC(46) Using 1 workers of 1 for marking
[2025-10-30T17:57:15.151+0000][gc,marking    ] GC(46) Concurrent Mark From Roots 36.659ms
[2025-10-30T17:57:15.151+0000][gc,marking    ] GC(46) Concurrent Preclean
[2025-10-30T17:57:15.151+0000][gc,marking    ] GC(46) Concurrent Preclean 0.247ms
[2025-10-30T17:57:15.152+0000][gc,marking    ] GC(46) Concurrent Mark (478.294s, 478.332s) 37.521ms
[2025-10-30T17:57:15.152+0000][gc,start      ] GC(46) Pause Remark
[2025-10-30T17:57:15.161+0000][gc,stringtable] GC(46) Cleaned string and symbol table, strings: 16048 processed, 0 removed, symbols: 123357 processed, 0 removed
[2025-10-30T17:57:15.162+0000][gc            ] GC(46) Pause Remark 189M->189M(512M) 9.386ms
[2025-10-30T17:57:15.162+0000][gc,cpu        ] GC(46) User=0.02s Sys=0.00s Real=0.01s
[2025-10-30T17:57:15.162+0000][gc,marking    ] GC(46) Concurrent Rebuild Remembered Sets
[2025-10-30T17:57:15.187+0000][gc,marking    ] GC(46) Concurrent Rebuild Remembered Sets 24.555ms
[2025-10-30T17:57:15.188+0000][gc,start      ] GC(46) Pause Cleanup
[2025-10-30T17:57:15.188+0000][gc            ] GC(46) Pause Cleanup 189M->189M(512M) 0.463ms
[2025-10-30T17:57:15.188+0000][gc,cpu        ] GC(46) User=0.00s Sys=0.00s Real=0.00s
[2025-10-30T17:57:15.189+0000][gc,marking    ] GC(46) Concurrent Cleanup for Next Mark
[2025-10-30T17:57:15.190+0000][gc,marking    ] GC(46) Concurrent Cleanup for Next Mark 0.952ms
[2025-10-30T17:57:15.190+0000][gc            ] GC(46) Concurrent Cycle 82.596ms
[2025-10-30T17:57:31.598+0000][gc,start      ] GC(47) Pause Young (Normal) (G1 Evacuation Pause)
[2025-10-30T17:57:31.598+0000][gc,task       ] GC(47) Using 2 workers of 2 for evacuation
[2025-10-30T17:57:31.608+0000][gc,phases     ] GC(47)   Pre Evacuate Collection Set: 0.1ms
[2025-10-30T17:57:31.608+0000][gc,phases     ] GC(47)   Evacuate Collection Set: 9.2ms
[2025-10-30T17:57:31.609+0000][gc,phases     ] GC(47)   Post Evacuate Collection Set: 0.8ms
[2025-10-30T17:57:31.609+0000][gc,phases     ] GC(47)   Other: 0.5ms
[2025-10-30T17:57:31.609+0000][gc,heap       ] GC(47) Eden regions: 42->0(54)
[2025-10-30T17:57:31.609+0000][gc,heap       ] GC(47) Survivor regions: 4->3(6)
[2025-10-30T17:57:31.609+0000][gc,heap       ] GC(47) Old regions: 39->39
[2025-10-30T17:57:31.610+0000][gc,heap       ] GC(47) Humongous regions: 147->147
[2025-10-30T17:57:31.610+0000][gc,metaspace  ] GC(47) Metaspace: 51392K(54960K)->51392K(54960K) NonClass: 45609K(47536K)->45609K(47536K) Class: 5783K(7424K)->5783K(7424K)
[2025-10-30T17:57:31.610+0000][gc            ] GC(47) Pause Young (Normal) (G1 Evacuation Pause) 230M->188M(512M) 12.434ms
[2025-10-30T17:57:31.610+0000][gc,cpu        ] GC(47) User=0.02s Sys=0.00s Real=0.01s
[2025-10-30T17:57:51.395+0000][gc,start      ] GC(48) Pause Young (Concurrent Start) (G1 Evacuation Pause)
[2025-10-30T17:57:51.396+0000][gc,task       ] GC(48) Using 2 workers of 2 for evacuation
[2025-10-30T17:57:51.410+0000][gc,phases     ] GC(48)   Pre Evacuate Collection Set: 0.2ms
[2025-10-30T17:57:51.410+0000][gc,phases     ] GC(48)   Evacuate Collection Set: 12.7ms
[2025-10-30T17:57:51.410+0000][gc,phases     ] GC(48)   Post Evacuate Collection Set: 0.9ms
[2025-10-30T17:57:51.411+0000][gc,phases     ] GC(48)   Other: 1.0ms
[2025-10-30T17:57:51.411+0000][gc,heap       ] GC(48) Eden regions: 46->0(50)
[2025-10-30T17:57:51.411+0000][gc,heap       ] GC(48) Survivor regions: 3->4(7)
[2025-10-30T17:57:51.411+0000][gc,heap       ] GC(48) Old regions: 39->39
[2025-10-30T17:57:51.412+0000][gc,heap       ] GC(48) Humongous regions: 147->147
[2025-10-30T17:57:51.412+0000][gc,metaspace  ] GC(48) Metaspace: 51413K(54960K)->51413K(54960K) NonClass: 45629K(47536K)->45629K(47536K) Class: 5783K(7424K)->5783K(7424K)
[2025-10-30T17:57:51.412+0000][gc            ] GC(48) Pause Young (Concurrent Start) (G1 Evacuation Pause) 234M->189M(512M) 16.974ms
[2025-10-30T17:57:51.412+0000][gc,cpu        ] GC(48) User=0.03s Sys=0.00s Real=0.02s
[2025-10-30T17:57:51.412+0000][gc            ] GC(49) Concurrent Cycle
[2025-10-30T17:57:51.413+0000][gc,marking    ] GC(49) Concurrent Clear Claimed Marks
[2025-10-30T17:57:51.413+0000][gc,marking    ] GC(49) Concurrent Clear Claimed Marks 0.786ms
[2025-10-30T17:57:51.414+0000][gc,marking    ] GC(49) Concurrent Scan Root Regions
[2025-10-30T17:57:51.422+0000][gc,marking    ] GC(49) Concurrent Scan Root Regions 8.316ms
[2025-10-30T17:57:51.422+0000][gc,marking    ] GC(49) Concurrent Mark (514.601s)
[2025-10-30T17:57:51.423+0000][gc,marking    ] GC(49) Concurrent Mark From Roots
[2025-10-30T17:57:51.423+0000][gc,task       ] GC(49) Using 1 workers of 1 for marking
[2025-10-30T17:57:51.462+0000][gc,marking    ] GC(49) Concurrent Mark From Roots 39.669ms
[2025-10-30T17:57:51.463+0000][gc,marking    ] GC(49) Concurrent Preclean
[2025-10-30T17:57:51.463+0000][gc,marking    ] GC(49) Concurrent Preclean 0.298ms
[2025-10-30T17:57:51.463+0000][gc,marking    ] GC(49) Concurrent Mark (514.601s, 514.642s) 40.769ms
[2025-10-30T17:57:51.464+0000][gc,start      ] GC(49) Pause Remark
[2025-10-30T17:57:51.474+0000][gc,stringtable] GC(49) Cleaned string and symbol table, strings: 16064 processed, 0 removed, symbols: 123357 processed, 0 removed
[2025-10-30T17:57:51.475+0000][gc            ] GC(49) Pause Remark 190M->190M(512M) 10.853ms
[2025-10-30T17:57:51.475+0000][gc,cpu        ] GC(49) User=0.02s Sys=0.00s Real=0.01s
[2025-10-30T17:57:51.476+0000][gc,marking    ] GC(49) Concurrent Rebuild Remembered Sets
[2025-10-30T17:57:51.500+0000][gc,marking    ] GC(49) Concurrent Rebuild Remembered Sets 24.224ms
[2025-10-30T17:57:51.501+0000][gc,start      ] GC(49) Pause Cleanup
[2025-10-30T17:57:51.501+0000][gc            ] GC(49) Pause Cleanup 190M->190M(512M) 0.541ms
[2025-10-30T17:57:51.502+0000][gc,cpu        ] GC(49) User=0.00s Sys=0.00s Real=0.00s
[2025-10-30T17:57:51.502+0000][gc,marking    ] GC(49) Concurrent Cleanup for Next Mark
[2025-10-30T17:57:51.503+0000][gc,marking    ] GC(49) Concurrent Cleanup for Next Mark 1.007ms
[2025-10-30T17:57:51.503+0000][gc            ] GC(49) Concurrent Cycle 90.810ms
[2025-10-30T17:58:12.188+0000][gc,start      ] GC(50) Pause Young (Normal) (G1 Evacuation Pause)
[2025-10-30T17:58:12.189+0000][gc,task       ] GC(50) Using 2 workers of 2 for evacuation
[2025-10-30T17:58:12.206+0000][gc,phases     ] GC(50)   Pre Evacuate Collection Set: 0.0ms
[2025-10-30T17:58:12.206+0000][gc,phases     ] GC(50)   Evacuate Collection Set: 15.3ms
[2025-10-30T17:58:12.206+0000][gc,phases     ] GC(50)   Post Evacuate Collection Set: 1.4ms
[2025-10-30T17:58:12.207+0000][gc,phases     ] GC(50)   Other: 1.1ms
[2025-10-30T17:58:12.207+0000][gc,heap       ] GC(50) Eden regions: 49->0(51)
[2025-10-30T17:58:12.207+0000][gc,heap       ] GC(50) Survivor regions: 4->5(7)
[2025-10-30T17:58:12.207+0000][gc,heap       ] GC(50) Old regions: 39->40
[2025-10-30T17:58:12.208+0000][gc,heap       ] GC(50) Humongous regions: 147->147
[2025-10-30T17:58:12.208+0000][gc,metaspace  ] GC(50) Metaspace: 51413K(54960K)->51413K(54960K) NonClass: 45629K(47536K)->45629K(47536K) Class: 5783K(7424K)->5783K(7424K)
[2025-10-30T17:58:12.208+0000][gc            ] GC(50) Pause Young (Normal) (G1 Evacuation Pause) 238M->191M(512M) 20.053ms
[2025-10-30T17:58:12.208+0000][gc,cpu        ] GC(50) User=0.03s Sys=0.00s Real=0.02s
[2025-10-30T17:58:32.564+0000][gc,start      ] GC(51) Pause Young (Concurrent Start) (G1 Evacuation Pause)
[2025-10-30T17:58:32.564+0000][gc,task       ] GC(51) Using 2 workers of 2 for evacuation
[2025-10-30T17:58:32.579+0000][gc,phases     ] GC(51)   Pre Evacuate Collection Set: 0.2ms
[2025-10-30T17:58:32.579+0000][gc,phases     ] GC(51)   Evacuate Collection Set: 13.7ms
[2025-10-30T17:58:32.579+0000][gc,phases     ] GC(51)   Post Evacuate Collection Set: 0.8ms
[2025-10-30T17:58:32.579+0000][gc,phases     ] GC(51)   Other: 0.6ms
[2025-10-30T17:58:32.580+0000][gc,heap       ] GC(51) Eden regions: 51->0(51)
[2025-10-30T17:58:32.580+0000][gc,heap       ] GC(51) Survivor regions: 5->5(7)
[2025-10-30T17:58:32.580+0000][gc,heap       ] GC(51) Old regions: 40->42
[2025-10-30T17:58:32.580+0000][gc,heap       ] GC(51) Humongous regions: 147->147
[2025-10-30T17:58:32.580+0000][gc,metaspace  ] GC(51) Metaspace: 51417K(54960K)->51417K(54960K) NonClass: 45633K(47536K)->45633K(47536K) Class: 5783K(7424K)->5783K(7424K)
[2025-10-30T17:58:32.580+0000][gc            ] GC(51) Pause Young (Concurrent Start) (G1 Evacuation Pause) 242M->193M(512M) 16.892ms
[2025-10-30T17:58:32.581+0000][gc,cpu        ] GC(51) User=0.03s Sys=0.00s Real=0.02s
[2025-10-30T17:58:32.581+0000][gc            ] GC(52) Concurrent Cycle
[2025-10-30T17:58:32.581+0000][gc,marking    ] GC(52) Concurrent Clear Claimed Marks
[2025-10-30T17:58:32.582+0000][gc,marking    ] GC(52) Concurrent Clear Claimed Marks 0.519ms
[2025-10-30T17:58:32.585+0000][gc,marking    ] GC(52) Concurrent Scan Root Regions
[2025-10-30T17:58:32.590+0000][gc,marking    ] GC(52) Concurrent Scan Root Regions 5.583ms
[2025-10-30T17:58:32.590+0000][gc,marking    ] GC(52) Concurrent Mark (555.768s)
[2025-10-30T17:58:32.591+0000][gc,marking    ] GC(52) Concurrent Mark From Roots
[2025-10-30T17:58:32.591+0000][gc,task       ] GC(52) Using 1 workers of 1 for marking
[2025-10-30T17:58:32.624+0000][gc,marking    ] GC(52) Concurrent Mark From Roots 33.543ms
[2025-10-30T17:58:32.624+0000][gc,marking    ] GC(52) Concurrent Preclean
[2025-10-30T17:58:32.625+0000][gc,marking    ] GC(52) Concurrent Preclean 0.273ms
[2025-10-30T17:58:32.625+0000][gc,marking    ] GC(52) Concurrent Mark (555.768s, 555.803s) 34.623ms
[2025-10-30T17:58:32.626+0000][gc,start      ] GC(52) Pause Remark
[2025-10-30T17:58:32.634+0000][gc,stringtable] GC(52) Cleaned string and symbol table, strings: 16067 processed, 0 removed, symbols: 123357 processed, 0 removed
[2025-10-30T17:58:32.634+0000][gc            ] GC(52) Pause Remark 193M->193M(512M) 8.929ms
[2025-10-30T17:58:32.635+0000][gc,cpu        ] GC(52) User=0.01s Sys=0.00s Real=0.01s
[2025-10-30T17:58:32.635+0000][gc,marking    ] GC(52) Concurrent Rebuild Remembered Sets
[2025-10-30T17:58:32.657+0000][gc,marking    ] GC(52) Concurrent Rebuild Remembered Sets 21.721ms
[2025-10-30T17:58:32.657+0000][gc,start      ] GC(52) Pause Cleanup
[2025-10-30T17:58:32.658+0000][gc            ] GC(52) Pause Cleanup 193M->193M(512M) 0.479ms
[2025-10-30T17:58:32.658+0000][gc,cpu        ] GC(52) User=0.00s Sys=0.00s Real=0.00s
[2025-10-30T17:58:32.658+0000][gc,marking    ] GC(52) Concurrent Cleanup for Next Mark
[2025-10-30T17:58:32.659+0000][gc,marking    ] GC(52) Concurrent Cleanup for Next Mark 0.738ms
[2025-10-30T17:58:32.659+0000][gc            ] GC(52) Concurrent Cycle 78.500ms
[2025-10-30T17:58:52.001+0000][gc,start      ] GC(53) Pause Young (Normal) (G1 Evacuation Pause)
[2025-10-30T17:58:52.001+0000][gc,task       ] GC(53) Using 2 workers of 2 for evacuation
[2025-10-30T17:58:52.012+0000][gc,phases     ] GC(53)   Pre Evacuate Collection Set: 0.0ms
[2025-10-30T17:58:52.012+0000][gc,phases     ] GC(53)   Evacuate Collection Set: 9.7ms
[2025-10-30T17:58:52.012+0000][gc,phases     ] GC(53)   Post Evacuate Collection Set: 0.7ms
[2025-10-30T17:58:52.012+0000][gc,phases     ] GC(53)   Other: 0.6ms
[2025-10-30T17:58:52.013+0000][gc,heap       ] GC(53) Eden regions: 51->0(57)
[2025-10-30T17:58:52.013+0000][gc,heap       ] GC(53) Survivor regions: 5->4(7)
[2025-10-30T17:58:52.013+0000][gc,heap       ] GC(53) Old regions: 42->43
[2025-10-30T17:58:52.013+0000][gc,heap       ] GC(53) Humongous regions: 147->147
[2025-10-30T17:58:52.013+0000][gc,metaspace  ] GC(53) Metaspace: 51418K(54960K)->51418K(54960K) NonClass: 45634K(47536K)->45634K(47536K) Class: 5783K(7424K)->5783K(7424K)
[2025-10-30T17:58:52.013+0000][gc            ] GC(53) Pause Young (Normal) (G1 Evacuation Pause) 244M->193M(512M) 12.256ms
[2025-10-30T17:58:52.013+0000][gc,cpu        ] GC(53) User=0.02s Sys=0.00s Real=0.01s
[2025-10-30T17:59:15.120+0000][gc,start      ] GC(54) Pause Young (Concurrent Start) (G1 Evacuation Pause)
[2025-10-30T17:59:15.120+0000][gc,task       ] GC(54) Using 2 workers of 2 for evacuation
[2025-10-30T17:59:15.135+0000][gc,phases     ] GC(54)   Pre Evacuate Collection Set: 0.2ms
[2025-10-30T17:59:15.135+0000][gc,phases     ] GC(54)   Evacuate Collection Set: 13.3ms
[2025-10-30T17:59:15.135+0000][gc,phases     ] GC(54)   Post Evacuate Collection Set: 0.8ms
[2025-10-30T17:59:15.136+0000][gc,phases     ] GC(54)   Other: 0.5ms
[2025-10-30T17:59:15.136+0000][gc,heap       ] GC(54) Eden regions: 57->0(59)
[2025-10-30T17:59:15.136+0000][gc,heap       ] GC(54) Survivor regions: 4->6(8)
[2025-10-30T17:59:15.136+0000][gc,heap       ] GC(54) Old regions: 43->43
[2025-10-30T17:59:15.136+0000][gc,heap       ] GC(54) Humongous regions: 147->147
[2025-10-30T17:59:15.136+0000][gc,metaspace  ] GC(54) Metaspace: 51428K(54960K)->51428K(54960K) NonClass: 45645K(47536K)->45645K(47536K) Class: 5783K(7424K)->5783K(7424K)
[2025-10-30T17:59:15.137+0000][gc            ] GC(54) Pause Young (Concurrent Start) (G1 Evacuation Pause) 250M->194M(512M) 16.378ms
[2025-10-30T17:59:15.137+0000][gc,cpu        ] GC(54) User=0.03s Sys=0.00s Real=0.01s
[2025-10-30T17:59:15.137+0000][gc            ] GC(55) Concurrent Cycle
[2025-10-30T17:59:15.137+0000][gc,marking    ] GC(55) Concurrent Clear Claimed Marks
[2025-10-30T17:59:15.138+0000][gc,marking    ] GC(55) Concurrent Clear Claimed Marks 0.500ms
[2025-10-30T17:59:15.138+0000][gc,marking    ] GC(55) Concurrent Scan Root Regions
[2025-10-30T17:59:15.144+0000][gc,marking    ] GC(55) Concurrent Scan Root Regions 6.076ms
[2025-10-30T17:59:15.144+0000][gc,marking    ] GC(55) Concurrent Mark (598.321s)
[2025-10-30T17:59:15.144+0000][gc,marking    ] GC(55) Concurrent Mark From Roots
[2025-10-30T17:59:15.145+0000][gc,task       ] GC(55) Using 1 workers of 1 for marking
[2025-10-30T17:59:15.178+0000][gc,marking    ] GC(55) Concurrent Mark From Roots 33.786ms
[2025-10-30T17:59:15.179+0000][gc,marking    ] GC(55) Concurrent Preclean
[2025-10-30T17:59:15.179+0000][gc,marking    ] GC(55) Concurrent Preclean 0.286ms
[2025-10-30T17:59:15.179+0000][gc,marking    ] GC(55) Concurrent Mark (598.321s, 598.356s) 34.774ms
[2025-10-30T17:59:15.180+0000][gc,start      ] GC(55) Pause Remark
[2025-10-30T17:59:15.188+0000][gc,stringtable] GC(55) Cleaned string and symbol table, strings: 16072 processed, 0 removed, symbols: 123357 processed, 0 removed
[2025-10-30T17:59:15.189+0000][gc            ] GC(55) Pause Remark 195M->195M(512M) 9.230ms
[2025-10-30T17:59:15.189+0000][gc,cpu        ] GC(55) User=0.02s Sys=0.00s Real=0.00s
[2025-10-30T17:59:15.189+0000][gc,marking    ] GC(55) Concurrent Rebuild Remembered Sets
[2025-10-30T17:59:15.211+0000][gc,marking    ] GC(55) Concurrent Rebuild Remembered Sets 21.411ms
[2025-10-30T17:59:15.212+0000][gc,start      ] GC(55) Pause Cleanup
[2025-10-30T17:59:15.212+0000][gc            ] GC(55) Pause Cleanup 195M->195M(512M) 0.529ms
[2025-10-30T17:59:15.213+0000][gc,cpu        ] GC(55) User=0.00s Sys=0.00s Real=0.00s
[2025-10-30T17:59:15.213+0000][gc,marking    ] GC(55) Concurrent Cleanup for Next Mark
[2025-10-30T17:59:15.214+0000][gc,marking    ] GC(55) Concurrent Cleanup for Next Mark 0.898ms
[2025-10-30T17:59:15.214+0000][gc            ] GC(55) Concurrent Cycle 76.894ms
[2025-10-30T17:59:38.414+0000][gc,start      ] GC(56) Pause Young (Normal) (G1 Evacuation Pause)
[2025-10-30T17:59:38.414+0000][gc,task       ] GC(56) Using 2 workers of 2 for evacuation
[2025-10-30T17:59:38.430+0000][gc,phases     ] GC(56)   Pre Evacuate Collection Set: 0.0ms
[2025-10-30T17:59:38.430+0000][gc,phases     ] GC(56)   Evacuate Collection Set: 14.9ms
[2025-10-30T17:59:38.430+0000][gc,phases     ] GC(56)   Post Evacuate Collection Set: 0.7ms
[2025-10-30T17:59:38.431+0000][gc,phases     ] GC(56)   Other: 0.6ms
[2025-10-30T17:59:38.431+0000][gc,heap       ] GC(56) Eden regions: 59->0(61)
[2025-10-30T17:59:38.431+0000][gc,heap       ] GC(56) Survivor regions: 6->6(9)
[2025-10-30T17:59:38.431+0000][gc,heap       ] GC(56) Old regions: 43->44
[2025-10-30T17:59:38.431+0000][gc,heap       ] GC(56) Humongous regions: 147->147
[2025-10-30T17:59:38.431+0000][gc,metaspace  ] GC(56) Metaspace: 51492K(54960K)->51492K(54960K) NonClass: 45686K(47536K)->45686K(47536K) Class: 5806K(7424K)->5806K(7424K)
[2025-10-30T17:59:38.432+0000][gc            ] GC(56) Pause Young (Normal) (G1 Evacuation Pause) 253M->196M(512M) 17.833ms
[2025-10-30T17:59:38.432+0000][gc,cpu        ] GC(56) User=0.04s Sys=0.00s Real=0.02s
[2025-10-30T18:00:02.294+0000][gc,start      ] GC(57) Pause Young (Concurrent Start) (G1 Evacuation Pause)
[2025-10-30T18:00:02.294+0000][gc,task       ] GC(57) Using 2 workers of 2 for evacuation
[2025-10-30T18:00:02.309+0000][gc,phases     ] GC(57)   Pre Evacuate Collection Set: 0.2ms
[2025-10-30T18:00:02.309+0000][gc,phases     ] GC(57)   Evacuate Collection Set: 13.7ms
[2025-10-30T18:00:02.310+0000][gc,phases     ] GC(57)   Post Evacuate Collection Set: 0.8ms
[2025-10-30T18:00:02.310+0000][gc,phases     ] GC(57)   Other: 0.6ms
[2025-10-30T18:00:02.310+0000][gc,heap       ] GC(57) Eden regions: 61->0(62)
[2025-10-30T18:00:02.310+0000][gc,heap       ] GC(57) Survivor regions: 6->4(9)
[2025-10-30T18:00:02.310+0000][gc,heap       ] GC(57) Old regions: 44->45
[2025-10-30T18:00:02.310+0000][gc,heap       ] GC(57) Humongous regions: 147->147
[2025-10-30T18:00:02.311+0000][gc,metaspace  ] GC(57) Metaspace: 51498K(54960K)->51498K(54960K) NonClass: 45692K(47536K)->45692K(47536K) Class: 5806K(7424K)->5806K(7424K)
[2025-10-30T18:00:02.311+0000][gc            ] GC(57) Pause Young (Concurrent Start) (G1 Evacuation Pause) 257M->195M(512M) 16.861ms
[2025-10-30T18:00:02.311+0000][gc,cpu        ] GC(57) User=0.03s Sys=0.00s Real=0.02s
[2025-10-30T18:00:02.311+0000][gc            ] GC(58) Concurrent Cycle
[2025-10-30T18:00:02.311+0000][gc,marking    ] GC(58) Concurrent Clear Claimed Marks
[2025-10-30T18:00:02.312+0000][gc,marking    ] GC(58) Concurrent Clear Claimed Marks 0.439ms
[2025-10-30T18:00:02.312+0000][gc,marking    ] GC(58) Concurrent Scan Root Regions
[2025-10-30T18:00:02.317+0000][gc,marking    ] GC(58) Concurrent Scan Root Regions 5.248ms
[2025-10-30T18:00:02.318+0000][gc,marking    ] GC(58) Concurrent Mark (645.493s)
[2025-10-30T18:00:02.318+0000][gc,marking    ] GC(58) Concurrent Mark From Roots
[2025-10-30T18:00:02.318+0000][gc,task       ] GC(58) Using 1 workers of 1 for marking
[2025-10-30T18:00:02.352+0000][gc,marking    ] GC(58) Concurrent Mark From Roots 34.371ms
[2025-10-30T18:00:02.353+0000][gc,marking    ] GC(58) Concurrent Preclean
[2025-10-30T18:00:02.353+0000][gc,marking    ] GC(58) Concurrent Preclean 0.330ms
[2025-10-30T18:00:02.353+0000][gc,marking    ] GC(58) Concurrent Mark (645.493s, 645.528s) 35.495ms
[2025-10-30T18:00:02.354+0000][gc,start      ] GC(58) Pause Remark
[2025-10-30T18:00:02.363+0000][gc,stringtable] GC(58) Cleaned string and symbol table, strings: 16077 processed, 0 removed, symbols: 123388 processed, 1 removed
[2025-10-30T18:00:02.363+0000][gc            ] GC(58) Pause Remark 196M->196M(512M) 9.575ms
[2025-10-30T18:00:02.363+0000][gc,cpu        ] GC(58) User=0.02s Sys=0.00s Real=0.01s
[2025-10-30T18:00:02.364+0000][gc,marking    ] GC(58) Concurrent Rebuild Remembered Sets
[2025-10-30T18:00:02.385+0000][gc,marking    ] GC(58) Concurrent Rebuild Remembered Sets 21.507ms
[2025-10-30T18:00:02.386+0000][gc,start      ] GC(58) Pause Cleanup
[2025-10-30T18:00:02.386+0000][gc            ] GC(58) Pause Cleanup 196M->196M(512M) 0.431ms
[2025-10-30T18:00:02.386+0000][gc,cpu        ] GC(58) User=0.00s Sys=0.00s Real=0.00s
[2025-10-30T18:00:02.386+0000][gc,marking    ] GC(58) Concurrent Cleanup for Next Mark
[2025-10-30T18:00:02.387+0000][gc,marking    ] GC(58) Concurrent Cleanup for Next Mark 0.745ms
[2025-10-30T18:00:02.387+0000][gc            ] GC(58) Concurrent Cycle 76.297ms
[2025-10-30T18:00:28.880+0000][gc,start      ] GC(59) Pause Young (Normal) (G1 Evacuation Pause)
[2025-10-30T18:00:28.880+0000][gc,task       ] GC(59) Using 2 workers of 2 for evacuation
[2025-10-30T18:00:28.898+0000][gc,phases     ] GC(59)   Pre Evacuate Collection Set: 0.0ms
[2025-10-30T18:00:28.898+0000][gc,phases     ] GC(59)   Evacuate Collection Set: 15.8ms
[2025-10-30T18:00:28.898+0000][gc,phases     ] GC(59)   Post Evacuate Collection Set: 1.3ms
[2025-10-30T18:00:28.898+0000][gc,phases     ] GC(59)   Other: 0.7ms
[2025-10-30T18:00:28.898+0000][gc,heap       ] GC(59) Eden regions: 62->0(62)
[2025-10-30T18:00:28.899+0000][gc,heap       ] GC(59) Survivor regions: 4->6(9)
[2025-10-30T18:00:28.899+0000][gc,heap       ] GC(59) Old regions: 45->45
[2025-10-30T18:00:28.899+0000][gc,heap       ] GC(59) Humongous regions: 147->147
[2025-10-30T18:00:28.899+0000][gc,metaspace  ] GC(59) Metaspace: 51512K(55216K)->51512K(55216K) NonClass: 45704K(47792K)->45704K(47792K) Class: 5807K(7424K)->5807K(7424K)
[2025-10-30T18:00:28.899+0000][gc            ] GC(59) Pause Young (Normal) (G1 Evacuation Pause) 257M->197M(512M) 19.536ms
[2025-10-30T18:00:28.899+0000][gc,cpu        ] GC(59) User=0.04s Sys=0.00s Real=0.02s
[2025-10-30T18:00:57.610+0000][gc,start      ] GC(60) Pause Young (Concurrent Start) (G1 Evacuation Pause)
[2025-10-30T18:00:57.610+0000][gc,task       ] GC(60) Using 2 workers of 2 for evacuation
[2025-10-30T18:00:57.632+0000][gc,mmu        ] GC(60) MMU target violated: 21.0ms (20.0ms/21.0ms)
[2025-10-30T18:00:57.632+0000][gc,phases     ] GC(60)   Pre Evacuate Collection Set: 0.3ms
[2025-10-30T18:00:57.632+0000][gc,phases     ] GC(60)   Evacuate Collection Set: 19.5ms
[2025-10-30T18:00:57.633+0000][gc,phases     ] GC(60)   Post Evacuate Collection Set: 1.1ms
[2025-10-30T18:00:57.633+0000][gc,phases     ] GC(60)   Other: 1.6ms
[2025-10-30T18:00:57.633+0000][gc,heap       ] GC(60) Eden regions: 62->0(57)
[2025-10-30T18:00:57.633+0000][gc,heap       ] GC(60) Survivor regions: 6->5(9)
[2025-10-30T18:00:57.634+0000][gc,heap       ] GC(60) Old regions: 45->46
[2025-10-30T18:00:57.634+0000][gc,heap       ] GC(60) Humongous regions: 147->147
[2025-10-30T18:00:57.634+0000][gc,metaspace  ] GC(60) Metaspace: 51517K(55216K)->51517K(55216K) NonClass: 45709K(47792K)->45709K(47792K) Class: 5807K(7424K)->5807K(7424K)
[2025-10-30T18:00:57.634+0000][gc            ] GC(60) Pause Young (Concurrent Start) (G1 Evacuation Pause) 259M->197M(512M) 24.819ms
[2025-10-30T18:00:57.635+0000][gc,cpu        ] GC(60) User=0.04s Sys=0.00s Real=0.03s
[2025-10-30T18:00:57.635+0000][gc            ] GC(61) Concurrent Cycle
[2025-10-30T18:00:57.636+0000][gc,marking    ] GC(61) Concurrent Clear Claimed Marks
[2025-10-30T18:00:57.636+0000][gc,marking    ] GC(61) Concurrent Clear Claimed Marks 0.734ms
[2025-10-30T18:00:57.637+0000][gc,marking    ] GC(61) Concurrent Scan Root Regions
[2025-10-30T18:00:57.649+0000][gc,marking    ] GC(61) Concurrent Scan Root Regions 11.936ms
[2025-10-30T18:00:57.649+0000][gc,marking    ] GC(61) Concurrent Mark (700.823s)
[2025-10-30T18:00:57.650+0000][gc,marking    ] GC(61) Concurrent Mark From Roots
[2025-10-30T18:00:57.651+0000][gc,task       ] GC(61) Using 1 workers of 1 for marking
[2025-10-30T18:00:57.704+0000][gc,marking    ] GC(61) Concurrent Mark From Roots 54.152ms
[2025-10-30T18:00:57.704+0000][gc,marking    ] GC(61) Concurrent Preclean
[2025-10-30T18:00:57.705+0000][gc,marking    ] GC(61) Concurrent Preclean 0.340ms
[2025-10-30T18:00:57.705+0000][gc,marking    ] GC(61) Concurrent Mark (700.823s, 700.879s) 55.563ms
[2025-10-30T18:00:57.706+0000][gc,start      ] GC(61) Pause Remark
[2025-10-30T18:00:57.717+0000][gc,stringtable] GC(61) Cleaned string and symbol table, strings: 16138 processed, 0 removed, symbols: 123391 processed, 1 removed
[2025-10-30T18:00:57.718+0000][gc            ] GC(61) Pause Remark 199M->199M(512M) 11.872ms
[2025-10-30T18:00:57.718+0000][gc,cpu        ] GC(61) User=0.03s Sys=0.00s Real=0.01s
[2025-10-30T18:00:57.719+0000][gc,marking    ] GC(61) Concurrent Rebuild Remembered Sets
[2025-10-30T18:00:57.748+0000][gc,marking    ] GC(61) Concurrent Rebuild Remembered Sets 29.182ms
[2025-10-30T18:00:57.749+0000][gc,start      ] GC(61) Pause Cleanup
[2025-10-30T18:00:57.750+0000][gc            ] GC(61) Pause Cleanup 199M->199M(512M) 0.706ms
[2025-10-30T18:00:57.750+0000][gc,cpu        ] GC(61) User=0.00s Sys=0.00s Real=0.00s
[2025-10-30T18:00:57.750+0000][gc,marking    ] GC(61) Concurrent Cleanup for Next Mark
[2025-10-30T18:00:57.752+0000][gc,marking    ] GC(61) Concurrent Cleanup for Next Mark 1.377ms
[2025-10-30T18:00:57.752+0000][gc            ] GC(61) Concurrent Cycle 116.805ms
[2025-10-30T18:01:23.490+0000][gc,start      ] GC(62) Pause Young (Prepare Mixed) (G1 Evacuation Pause)
[2025-10-30T18:01:23.491+0000][gc,task       ] GC(62) Using 2 workers of 2 for evacuation
[2025-10-30T18:01:23.507+0000][gc,phases     ] GC(62)   Pre Evacuate Collection Set: 0.0ms
[2025-10-30T18:01:23.507+0000][gc,phases     ] GC(62)   Evacuate Collection Set: 15.1ms
[2025-10-30T18:01:23.507+0000][gc,phases     ] GC(62)   Post Evacuate Collection Set: 0.8ms
[2025-10-30T18:01:23.507+0000][gc,phases     ] GC(62)   Other: 0.6ms
[2025-10-30T18:01:23.508+0000][gc,heap       ] GC(62) Eden regions: 57->0(19)
[2025-10-30T18:01:23.508+0000][gc,heap       ] GC(62) Survivor regions: 5->6(8)
[2025-10-30T18:01:23.508+0000][gc,heap       ] GC(62) Old regions: 46->47
[2025-10-30T18:01:23.508+0000][gc,heap       ] GC(62) Humongous regions: 147->147
[2025-10-30T18:01:23.508+0000][gc,metaspace  ] GC(62) Metaspace: 51588K(55216K)->51588K(55216K) NonClass: 45780K(47792K)->45780K(47792K) Class: 5807K(7424K)->5807K(7424K)
[2025-10-30T18:01:23.509+0000][gc            ] GC(62) Pause Young (Prepare Mixed) (G1 Evacuation Pause) 254M->199M(512M) 18.268ms
[2025-10-30T18:01:23.509+0000][gc,cpu        ] GC(62) User=0.03s Sys=0.00s Real=0.02s
[2025-10-30T18:01:31.024+0000][gc,start      ] GC(63) Pause Young (Mixed) (G1 Evacuation Pause)
[2025-10-30T18:01:31.024+0000][gc,task       ] GC(63) Using 2 workers of 2 for evacuation
[2025-10-30T18:01:31.037+0000][gc,phases     ] GC(63)   Pre Evacuate Collection Set: 0.1ms
[2025-10-30T18:01:31.037+0000][gc,phases     ] GC(63)   Evacuate Collection Set: 12.0ms
[2025-10-30T18:01:31.037+0000][gc,phases     ] GC(63)   Post Evacuate Collection Set: 0.7ms
[2025-10-30T18:01:31.038+0000][gc,phases     ] GC(63)   Other: 0.5ms
[2025-10-30T18:01:31.038+0000][gc,heap       ] GC(63) Eden regions: 19->0(65)
[2025-10-30T18:01:31.038+0000][gc,heap       ] GC(63) Survivor regions: 6->3(4)
[2025-10-30T18:01:31.038+0000][gc,heap       ] GC(63) Old regions: 47->49
[2025-10-30T18:01:31.038+0000][gc,heap       ] GC(63) Humongous regions: 147->147
[2025-10-30T18:01:31.038+0000][gc,metaspace  ] GC(63) Metaspace: 51588K(55216K)->51588K(55216K) NonClass: 45780K(47792K)->45780K(47792K) Class: 5807K(7424K)->5807K(7424K)
[2025-10-30T18:01:31.038+0000][gc            ] GC(63) Pause Young (Mixed) (G1 Evacuation Pause) 218M->198M(512M) 14.837ms
[2025-10-30T18:01:31.039+0000][gc,cpu        ] GC(63) User=0.03s Sys=0.00s Real=0.01s
[2025-10-30T18:01:54.249+0000][gc,start      ] GC(64) Pause Young (Concurrent Start) (G1 Evacuation Pause)
[2025-10-30T18:01:54.249+0000][gc,task       ] GC(64) Using 2 workers of 2 for evacuation
[2025-10-30T18:01:54.259+0000][gc,phases     ] GC(64)   Pre Evacuate Collection Set: 0.2ms
[2025-10-30T18:01:54.259+0000][gc,phases     ] GC(64)   Evacuate Collection Set: 9.4ms
[2025-10-30T18:01:54.260+0000][gc,phases     ] GC(64)   Post Evacuate Collection Set: 0.6ms
[2025-10-30T18:01:54.260+0000][gc,phases     ] GC(64)   Other: 0.5ms
[2025-10-30T18:01:54.260+0000][gc,heap       ] GC(64) Eden regions: 60->0(64)
[2025-10-30T18:01:54.260+0000][gc,heap       ] GC(64) Survivor regions: 3->5(8)
[2025-10-30T18:01:54.260+0000][gc,heap       ] GC(64) Old regions: 49->49
[2025-10-30T18:01:54.260+0000][gc,heap       ] GC(64) Humongous regions: 147->147
[2025-10-30T18:01:54.260+0000][gc,metaspace  ] GC(64) Metaspace: 51589K(55216K)->51589K(55216K) NonClass: 45781K(47792K)->45781K(47792K) Class: 5807K(7424K)->5807K(7424K)
[2025-10-30T18:01:54.261+0000][gc            ] GC(64) Pause Young (Concurrent Start) (G1 Evacuation Pause) 258M->199M(512M) 11.994ms
[2025-10-30T18:01:54.261+0000][gc,cpu        ] GC(64) User=0.02s Sys=0.00s Real=0.01s
[2025-10-30T18:01:54.261+0000][gc            ] GC(65) Concurrent Cycle
[2025-10-30T18:01:54.261+0000][gc,marking    ] GC(65) Concurrent Clear Claimed Marks
[2025-10-30T18:01:54.261+0000][gc,marking    ] GC(65) Concurrent Clear Claimed Marks 0.358ms
[2025-10-30T18:01:54.262+0000][gc,marking    ] GC(65) Concurrent Scan Root Regions
[2025-10-30T18:01:54.266+0000][gc,marking    ] GC(65) Concurrent Scan Root Regions 4.347ms
[2025-10-30T18:01:54.266+0000][gc,marking    ] GC(65) Concurrent Mark (757.439s)
[2025-10-30T18:01:54.266+0000][gc,marking    ] GC(65) Concurrent Mark From Roots
[2025-10-30T18:01:54.266+0000][gc,task       ] GC(65) Using 1 workers of 1 for marking
[2025-10-30T18:01:54.296+0000][gc,marking    ] GC(65) Concurrent Mark From Roots 29.976ms
[2025-10-30T18:01:54.296+0000][gc,marking    ] GC(65) Concurrent Preclean
[2025-10-30T18:01:54.297+0000][gc,marking    ] GC(65) Concurrent Preclean 0.271ms
[2025-10-30T18:01:54.297+0000][gc,marking    ] GC(65) Concurrent Mark (757.439s, 757.469s) 30.785ms
[2025-10-30T18:01:54.297+0000][gc,start      ] GC(65) Pause Remark
[2025-10-30T18:01:54.305+0000][gc,stringtable] GC(65) Cleaned string and symbol table, strings: 16149 processed, 1 removed, symbols: 123390 processed, 0 removed
[2025-10-30T18:01:54.306+0000][gc            ] GC(65) Pause Remark 200M->200M(512M) 8.449ms
[2025-10-30T18:01:54.306+0000][gc,cpu        ] GC(65) User=0.02s Sys=0.00s Real=0.01s
[2025-10-30T18:01:54.306+0000][gc,marking    ] GC(65) Concurrent Rebuild Remembered Sets
[2025-10-30T18:01:54.326+0000][gc,marking    ] GC(65) Concurrent Rebuild Remembered Sets 19.707ms
[2025-10-30T18:01:54.327+0000][gc,start      ] GC(65) Pause Cleanup
[2025-10-30T18:01:54.327+0000][gc            ] GC(65) Pause Cleanup 200M->200M(512M) 0.484ms
[2025-10-30T18:01:54.327+0000][gc,cpu        ] GC(65) User=0.00s Sys=0.00s Real=0.00s
[2025-10-30T18:01:54.328+0000][gc,marking    ] GC(65) Concurrent Cleanup for Next Mark
[2025-10-30T18:01:54.328+0000][gc,marking    ] GC(65) Concurrent Cleanup for Next Mark 0.783ms
[2025-10-30T18:01:54.329+0000][gc            ] GC(65) Concurrent Cycle 67.776ms
[2025-10-30T18:02:19.058+0000][gc,start      ] GC(66) Pause Young (Prepare Mixed) (G1 Evacuation Pause)
[2025-10-30T18:02:19.066+0000][gc,task       ] GC(66) Using 2 workers of 2 for evacuation
[2025-10-30T18:02:19.077+0000][gc,phases     ] GC(66)   Pre Evacuate Collection Set: 0.0ms
[2025-10-30T18:02:19.077+0000][gc,phases     ] GC(66)   Evacuate Collection Set: 9.8ms
[2025-10-30T18:02:19.077+0000][gc,phases     ] GC(66)   Post Evacuate Collection Set: 0.7ms
[2025-10-30T18:02:19.077+0000][gc,phases     ] GC(66)   Other: 7.9ms
[2025-10-30T18:02:19.077+0000][gc,heap       ] GC(66) Eden regions: 64->0(20)
[2025-10-30T18:02:19.077+0000][gc,heap       ] GC(66) Survivor regions: 5->5(9)
[2025-10-30T18:02:19.078+0000][gc,heap       ] GC(66) Old regions: 49->49
[2025-10-30T18:02:19.078+0000][gc,heap       ] GC(66) Humongous regions: 147->147
[2025-10-30T18:02:19.078+0000][gc,metaspace  ] GC(66) Metaspace: 51601K(55216K)->51601K(55216K) NonClass: 45793K(47792K)->45793K(47792K) Class: 5807K(7424K)->5807K(7424K)
[2025-10-30T18:02:19.078+0000][gc            ] GC(66) Pause Young (Prepare Mixed) (G1 Evacuation Pause) 263M->199M(512M) 19.810ms
[2025-10-30T18:02:19.078+0000][gc,cpu        ] GC(66) User=0.02s Sys=0.00s Real=0.02s
[2025-10-30T18:02:27.579+0000][gc,start      ] GC(67) Pause Young (Mixed) (G1 Evacuation Pause)
[2025-10-30T18:02:27.579+0000][gc,task       ] GC(67) Using 2 workers of 2 for evacuation
[2025-10-30T18:02:27.591+0000][gc,phases     ] GC(67)   Pre Evacuate Collection Set: 0.0ms
[2025-10-30T18:02:27.591+0000][gc,phases     ] GC(67)   Evacuate Collection Set: 10.6ms
[2025-10-30T18:02:27.591+0000][gc,phases     ] GC(67)   Post Evacuate Collection Set: 0.6ms
[2025-10-30T18:02:27.591+0000][gc,phases     ] GC(67)   Other: 0.7ms
[2025-10-30T18:02:27.591+0000][gc,heap       ] GC(67) Eden regions: 20->0(75)
[2025-10-30T18:02:27.592+0000][gc,heap       ] GC(67) Survivor regions: 5->3(4)
[2025-10-30T18:02:27.592+0000][gc,heap       ] GC(67) Old regions: 49->48
[2025-10-30T18:02:27.592+0000][gc,heap       ] GC(67) Humongous regions: 147->147
[2025-10-30T18:02:27.592+0000][gc,metaspace  ] GC(67) Metaspace: 51601K(55216K)->51601K(55216K) NonClass: 45793K(47792K)->45793K(47792K) Class: 5807K(7424K)->5807K(7424K)
[2025-10-30T18:02:27.592+0000][gc            ] GC(67) Pause Young (Mixed) (G1 Evacuation Pause) 219M->196M(512M) 13.129ms
[2025-10-30T18:02:27.592+0000][gc,cpu        ] GC(67) User=0.02s Sys=0.00s Real=0.01s
[2025-10-30T18:02:57.747+0000][gc,start      ] GC(68) Pause Young (Concurrent Start) (G1 Evacuation Pause)
[2025-10-30T18:02:57.748+0000][gc,task       ] GC(68) Using 2 workers of 2 for evacuation
[2025-10-30T18:02:57.759+0000][gc,phases     ] GC(68)   Pre Evacuate Collection Set: 0.2ms
[2025-10-30T18:02:57.759+0000][gc,phases     ] GC(68)   Evacuate Collection Set: 9.9ms
[2025-10-30T18:02:57.759+0000][gc,phases     ] GC(68)   Post Evacuate Collection Set: 0.7ms
[2025-10-30T18:02:57.759+0000][gc,phases     ] GC(68)   Other: 0.5ms
[2025-10-30T18:02:57.759+0000][gc,heap       ] GC(68) Eden regions: 75->0(75)
[2025-10-30T18:02:57.759+0000][gc,heap       ] GC(68) Survivor regions: 3->5(10)
[2025-10-30T18:02:57.760+0000][gc,heap       ] GC(68) Old regions: 48->48
[2025-10-30T18:02:57.760+0000][gc,heap       ] GC(68) Humongous regions: 147->147
[2025-10-30T18:02:57.760+0000][gc,metaspace  ] GC(68) Metaspace: 51603K(55216K)->51603K(55216K) NonClass: 45795K(47792K)->45795K(47792K) Class: 5807K(7424K)->5807K(7424K)
[2025-10-30T18:02:57.760+0000][gc            ] GC(68) Pause Young (Concurrent Start) (G1 Evacuation Pause) 271M->198M(512M) 12.815ms
[2025-10-30T18:02:57.760+0000][gc,cpu        ] GC(68) User=0.02s Sys=0.00s Real=0.02s
[2025-10-30T18:02:57.760+0000][gc            ] GC(69) Concurrent Cycle
[2025-10-30T18:02:57.761+0000][gc,marking    ] GC(69) Concurrent Clear Claimed Marks
[2025-10-30T18:02:57.761+0000][gc,marking    ] GC(69) Concurrent Clear Claimed Marks 0.452ms
[2025-10-30T18:02:57.761+0000][gc,marking    ] GC(69) Concurrent Scan Root Regions
[2025-10-30T18:02:57.767+0000][gc,marking    ] GC(69) Concurrent Scan Root Regions 5.292ms
[2025-10-30T18:02:57.767+0000][gc,marking    ] GC(69) Concurrent Mark (820.945s)
[2025-10-30T18:02:57.767+0000][gc,marking    ] GC(69) Concurrent Mark From Roots
[2025-10-30T18:02:57.767+0000][gc,task       ] GC(69) Using 1 workers of 1 for marking
[2025-10-30T18:02:57.797+0000][gc,marking    ] GC(69) Concurrent Mark From Roots 30.243ms
[2025-10-30T18:02:57.797+0000][gc,marking    ] GC(69) Concurrent Preclean
[2025-10-30T18:02:57.798+0000][gc,marking    ] GC(69) Concurrent Preclean 0.242ms
[2025-10-30T18:02:57.798+0000][gc,marking    ] GC(69) Concurrent Mark (820.945s, 820.976s) 30.997ms
[2025-10-30T18:02:57.798+0000][gc,start      ] GC(69) Pause Remark
[2025-10-30T18:02:57.806+0000][gc,stringtable] GC(69) Cleaned string and symbol table, strings: 16154 processed, 0 removed, symbols: 123391 processed, 1 removed
[2025-10-30T18:02:57.807+0000][gc            ] GC(69) Pause Remark 199M->199M(512M) 8.393ms
[2025-10-30T18:02:57.807+0000][gc,cpu        ] GC(69) User=0.02s Sys=0.00s Real=0.00s
[2025-10-30T18:02:57.807+0000][gc,marking    ] GC(69) Concurrent Rebuild Remembered Sets
[2025-10-30T18:02:57.826+0000][gc,marking    ] GC(69) Concurrent Rebuild Remembered Sets 18.328ms
[2025-10-30T18:02:57.826+0000][gc,start      ] GC(69) Pause Cleanup
[2025-10-30T18:02:57.827+0000][gc            ] GC(69) Pause Cleanup 199M->199M(512M) 0.386ms
[2025-10-30T18:02:57.827+0000][gc,cpu        ] GC(69) User=0.00s Sys=0.00s Real=0.00s
[2025-10-30T18:02:57.827+0000][gc,marking    ] GC(69) Concurrent Cleanup for Next Mark
[2025-10-30T18:02:57.828+0000][gc,marking    ] GC(69) Concurrent Cleanup for Next Mark 0.675ms
[2025-10-30T18:02:57.828+0000][gc            ] GC(69) Concurrent Cycle 67.297ms
[2025-10-30T18:03:27.779+0000][gc,start      ] GC(70) Pause Young (Prepare Mixed) (G1 Evacuation Pause)
[2025-10-30T18:03:27.779+0000][gc,task       ] GC(70) Using 2 workers of 2 for evacuation
[2025-10-30T18:03:27.790+0000][gc,phases     ] GC(70)   Pre Evacuate Collection Set: 0.0ms
[2025-10-30T18:03:27.791+0000][gc,phases     ] GC(70)   Evacuate Collection Set: 10.0ms
[2025-10-30T18:03:27.791+0000][gc,phases     ] GC(70)   Post Evacuate Collection Set: 0.7ms
[2025-10-30T18:03:27.791+0000][gc,phases     ] GC(70)   Other: 0.5ms
[2025-10-30T18:03:27.791+0000][gc,heap       ] GC(70) Eden regions: 75->0(20)
[2025-10-30T18:03:27.791+0000][gc,heap       ] GC(70) Survivor regions: 5->5(10)
[2025-10-30T18:03:27.792+0000][gc,heap       ] GC(70) Old regions: 48->48
[2025-10-30T18:03:27.792+0000][gc,heap       ] GC(70) Humongous regions: 147->147
[2025-10-30T18:03:27.792+0000][gc,metaspace  ] GC(70) Metaspace: 51603K(55216K)->51603K(55216K) NonClass: 45795K(47792K)->45795K(47792K) Class: 5807K(7424K)->5807K(7424K)
[2025-10-30T18:03:27.792+0000][gc            ] GC(70) Pause Young (Prepare Mixed) (G1 Evacuation Pause) 273M->198M(512M) 12.971ms
[2025-10-30T18:03:27.792+0000][gc,cpu        ] GC(70) User=0.02s Sys=0.00s Real=0.02s
[2025-10-30T18:03:35.394+0000][gc,start      ] GC(71) Pause Young (Mixed) (G1 Evacuation Pause)
[2025-10-30T18:03:35.394+0000][gc,task       ] GC(71) Using 2 workers of 2 for evacuation
[2025-10-30T18:03:35.405+0000][gc,phases     ] GC(71)   Pre Evacuate Collection Set: 0.0ms
[2025-10-30T18:03:35.405+0000][gc,phases     ] GC(71)   Evacuate Collection Set: 9.7ms
[2025-10-30T18:03:35.405+0000][gc,phases     ] GC(71)   Post Evacuate Collection Set: 0.7ms
[2025-10-30T18:03:35.405+0000][gc,phases     ] GC(71)   Other: 0.5ms
[2025-10-30T18:03:35.405+0000][gc,heap       ] GC(71) Eden regions: 20->0(90)
[2025-10-30T18:03:35.405+0000][gc,heap       ] GC(71) Survivor regions: 5->3(4)
[2025-10-30T18:03:35.406+0000][gc,heap       ] GC(71) Old regions: 48->47
[2025-10-30T18:03:35.406+0000][gc,heap       ] GC(71) Humongous regions: 147->147
[2025-10-30T18:03:35.406+0000][gc,metaspace  ] GC(71) Metaspace: 51603K(55216K)->51603K(55216K) NonClass: 45795K(47792K)->45795K(47792K) Class: 5807K(7424K)->5807K(7424K)
[2025-10-30T18:03:35.406+0000][gc            ] GC(71) Pause Young (Mixed) (G1 Evacuation Pause) 218M->196M(512M) 12.218ms
[2025-10-30T18:03:35.406+0000][gc,cpu        ] GC(71) User=0.02s Sys=0.00s Real=0.01s
[2025-10-30T18:04:11.104+0000][gc,start      ] GC(72) Pause Young (Concurrent Start) (G1 Evacuation Pause)
[2025-10-30T18:04:11.105+0000][gc,task       ] GC(72) Using 2 workers of 2 for evacuation
[2025-10-30T18:04:11.116+0000][gc,phases     ] GC(72)   Pre Evacuate Collection Set: 0.3ms
[2025-10-30T18:04:11.117+0000][gc,phases     ] GC(72)   Evacuate Collection Set: 10.6ms
[2025-10-30T18:04:11.117+0000][gc,phases     ] GC(72)   Post Evacuate Collection Set: 0.6ms
[2025-10-30T18:04:11.117+0000][gc,phases     ] GC(72)   Other: 0.5ms
[2025-10-30T18:04:11.117+0000][gc,heap       ] GC(72) Eden regions: 90->0(98)
[2025-10-30T18:04:11.117+0000][gc,heap       ] GC(72) Survivor regions: 3->5(12)
[2025-10-30T18:04:11.117+0000][gc,heap       ] GC(72) Old regions: 47->47
[2025-10-30T18:04:11.118+0000][gc,heap       ] GC(72) Humongous regions: 147->147
[2025-10-30T18:04:11.118+0000][gc,metaspace  ] GC(72) Metaspace: 51604K(55216K)->51604K(55216K) NonClass: 45796K(47792K)->45796K(47792K) Class: 5807K(7424K)->5807K(7424K)
[2025-10-30T18:04:11.118+0000][gc            ] GC(72) Pause Young (Concurrent Start) (G1 Evacuation Pause) 286M->198M(512M) 13.498ms
[2025-10-30T18:04:11.118+0000][gc,cpu        ] GC(72) User=0.02s Sys=0.00s Real=0.01s
[2025-10-30T18:04:11.118+0000][gc            ] GC(73) Concurrent Cycle
[2025-10-30T18:04:11.118+0000][gc,marking    ] GC(73) Concurrent Clear Claimed Marks
[2025-10-30T18:04:11.119+0000][gc,marking    ] GC(73) Concurrent Clear Claimed Marks 0.360ms
[2025-10-30T18:04:11.119+0000][gc,marking    ] GC(73) Concurrent Scan Root Regions
[2025-10-30T18:04:11.124+0000][gc,marking    ] GC(73) Concurrent Scan Root Regions 5.216ms
[2025-10-30T18:04:11.124+0000][gc,marking    ] GC(73) Concurrent Mark (894.308s)
[2025-10-30T18:04:11.124+0000][gc,marking    ] GC(73) Concurrent Mark From Roots
[2025-10-30T18:04:11.124+0000][gc,task       ] GC(73) Using 1 workers of 1 for marking
[2025-10-30T18:04:11.154+0000][gc,marking    ] GC(73) Concurrent Mark From Roots 29.301ms
[2025-10-30T18:04:11.154+0000][gc,marking    ] GC(73) Concurrent Preclean
[2025-10-30T18:04:11.154+0000][gc,marking    ] GC(73) Concurrent Preclean 0.319ms
[2025-10-30T18:04:11.154+0000][gc,marking    ] GC(73) Concurrent Mark (894.308s, 894.338s) 30.077ms
[2025-10-30T18:04:11.155+0000][gc,start      ] GC(73) Pause Remark
[2025-10-30T18:04:11.167+0000][gc,stringtable] GC(73) Cleaned string and symbol table, strings: 16173 processed, 277 removed, symbols: 123391 processed, 1 removed
[2025-10-30T18:04:11.167+0000][gc            ] GC(73) Pause Remark 199M->199M(512M) 12.521ms
[2025-10-30T18:04:11.167+0000][gc,cpu        ] GC(73) User=0.02s Sys=0.00s Real=0.01s
[2025-10-30T18:04:11.168+0000][gc,marking    ] GC(73) Concurrent Rebuild Remembered Sets
[2025-10-30T18:04:11.186+0000][gc,marking    ] GC(73) Concurrent Rebuild Remembered Sets 18.203ms
[2025-10-30T18:04:11.187+0000][gc,start      ] GC(73) Pause Cleanup
[2025-10-30T18:04:11.187+0000][gc            ] GC(73) Pause Cleanup 199M->199M(512M) 0.412ms
[2025-10-30T18:04:11.187+0000][gc,cpu        ] GC(73) User=0.00s Sys=0.00s Real=0.00s
[2025-10-30T18:04:11.187+0000][gc,marking    ] GC(73) Concurrent Cleanup for Next Mark
[2025-10-30T18:04:11.188+0000][gc,marking    ] GC(73) Concurrent Cleanup for Next Mark 0.734ms
[2025-10-30T18:04:11.188+0000][gc            ] GC(73) Concurrent Cycle 70.091ms
[2025-10-30T18:04:42.058+0000][gc,start      ] GC(74) Pause Young (Prepare Mixed) (G1 Evacuation Pause)
[2025-10-30T18:04:42.059+0000][gc,task       ] GC(74) Using 2 workers of 2 for evacuation
[2025-10-30T18:04:42.071+0000][gc,phases     ] GC(74)   Pre Evacuate Collection Set: 0.0ms
[2025-10-30T18:04:42.071+0000][gc,phases     ] GC(74)   Evacuate Collection Set: 11.5ms
[2025-10-30T18:04:42.072+0000][gc,phases     ] GC(74)   Post Evacuate Collection Set: 0.8ms
[2025-10-30T18:04:42.072+0000][gc,phases     ] GC(74)   Other: 0.6ms
[2025-10-30T18:04:42.072+0000][gc,heap       ] GC(74) Eden regions: 98->0(19)
[2025-10-30T18:04:42.072+0000][gc,heap       ] GC(74) Survivor regions: 5->6(13)
[2025-10-30T18:04:42.072+0000][gc,heap       ] GC(74) Old regions: 47->47
[2025-10-30T18:04:42.072+0000][gc,heap       ] GC(74) Humongous regions: 147->147
[2025-10-30T18:04:42.072+0000][gc,metaspace  ] GC(74) Metaspace: 51472K(55216K)->51472K(55216K) NonClass: 45700K(47792K)->45700K(47792K) Class: 5771K(7424K)->5771K(7424K)
[2025-10-30T18:04:42.073+0000][gc            ] GC(74) Pause Young (Prepare Mixed) (G1 Evacuation Pause) 296M->199M(512M) 14.170ms
[2025-10-30T18:04:42.073+0000][gc,cpu        ] GC(74) User=0.03s Sys=0.00s Real=0.02s
[2025-10-30T18:04:46.498+0000][gc,start      ] GC(75) Pause Young (Mixed) (G1 Evacuation Pause)
[2025-10-30T18:04:46.498+0000][gc,task       ] GC(75) Using 2 workers of 2 for evacuation
[2025-10-30T18:04:46.511+0000][gc,phases     ] GC(75)   Pre Evacuate Collection Set: 0.2ms
[2025-10-30T18:04:46.511+0000][gc,phases     ] GC(75)   Evacuate Collection Set: 11.2ms
[2025-10-30T18:04:46.511+0000][gc,phases     ] GC(75)   Post Evacuate Collection Set: 0.9ms
[2025-10-30T18:04:46.511+0000][gc,phases     ] GC(75)   Other: 0.5ms
[2025-10-30T18:04:46.511+0000][gc,heap       ] GC(75) Eden regions: 19->0(102)
[2025-10-30T18:04:46.511+0000][gc,heap       ] GC(75) Survivor regions: 6->3(4)
[2025-10-30T18:04:46.512+0000][gc,heap       ] GC(75) Old regions: 47->48
[2025-10-30T18:04:46.512+0000][gc,heap       ] GC(75) Humongous regions: 147->147
[2025-10-30T18:04:46.512+0000][gc,metaspace  ] GC(75) Metaspace: 51472K(55216K)->51472K(55216K) NonClass: 45701K(47792K)->45701K(47792K) Class: 5771K(7424K)->5771K(7424K)
[2025-10-30T18:04:46.512+0000][gc            ] GC(75) Pause Young (Mixed) (G1 Evacuation Pause) 218M->197M(512M) 14.345ms
[2025-10-30T18:04:46.512+0000][gc,cpu        ] GC(75) User=0.02s Sys=0.00s Real=0.01s
[2025-10-30T18:05:25.689+0000][gc,start      ] GC(76) Pause Young (Normal) (G1 Evacuation Pause)
[2025-10-30T18:05:25.689+0000][gc,task       ] GC(76) Using 2 workers of 2 for evacuation
[2025-10-30T18:05:25.704+0000][gc,phases     ] GC(76)   Pre Evacuate Collection Set: 0.1ms
[2025-10-30T18:05:25.704+0000][gc,phases     ] GC(76)   Evacuate Collection Set: 13.2ms
[2025-10-30T18:05:25.704+0000][gc,phases     ] GC(76)   Post Evacuate Collection Set: 0.9ms
[2025-10-30T18:05:25.704+0000][gc,phases     ] GC(76)   Other: 0.7ms
[2025-10-30T18:05:25.704+0000][gc,heap       ] GC(76) Eden regions: 102->0(107)
[2025-10-30T18:05:25.705+0000][gc,heap       ] GC(76) Survivor regions: 3->6(14)
[2025-10-30T18:05:25.705+0000][gc,heap       ] GC(76) Old regions: 48->48
[2025-10-30T18:05:25.705+0000][gc,heap       ] GC(76) Humongous regions: 147->147
[2025-10-30T18:05:25.705+0000][gc,metaspace  ] GC(76) Metaspace: 51478K(55216K)->51478K(55216K) NonClass: 45707K(47792K)->45707K(47792K) Class: 5771K(7424K)->5771K(7424K)
[2025-10-30T18:05:25.705+0000][gc            ] GC(76) Pause Young (Normal) (G1 Evacuation Pause) 299M->199M(512M) 16.673ms
[2025-10-30T18:05:25.706+0000][gc,cpu        ] GC(76) User=0.03s Sys=0.00s Real=0.02s
[2025-10-30T18:06:07.291+0000][gc,start      ] GC(77) Pause Young (Normal) (G1 Evacuation Pause)
[2025-10-30T18:06:07.291+0000][gc,task       ] GC(77) Using 2 workers of 2 for evacuation
[2025-10-30T18:06:07.314+0000][gc,mmu        ] GC(77) MMU target violated: 21.0ms (20.0ms/21.0ms)
[2025-10-30T18:06:07.314+0000][gc,phases     ] GC(77)   Pre Evacuate Collection Set: 0.0ms
[2025-10-30T18:06:07.315+0000][gc,phases     ] GC(77)   Evacuate Collection Set: 21.3ms
[2025-10-30T18:06:07.315+0000][gc,phases     ] GC(77)   Post Evacuate Collection Set: 0.9ms
[2025-10-30T18:06:07.315+0000][gc,phases     ] GC(77)   Other: 1.7ms
[2025-10-30T18:06:07.316+0000][gc,heap       ] GC(77) Eden regions: 107->0(84)
[2025-10-30T18:06:07.316+0000][gc,heap       ] GC(77) Survivor regions: 6->7(15)
[2025-10-30T18:06:07.316+0000][gc,heap       ] GC(77) Old regions: 48->48
[2025-10-30T18:06:07.316+0000][gc,heap       ] GC(77) Humongous regions: 147->147
[2025-10-30T18:06:07.317+0000][gc,metaspace  ] GC(77) Metaspace: 51481K(55216K)->51481K(55216K) NonClass: 45710K(47792K)->45710K(47792K) Class: 5771K(7424K)->5771K(7424K)
[2025-10-30T18:06:07.317+0000][gc            ] GC(77) Pause Young (Normal) (G1 Evacuation Pause) 306M->201M(512M) 26.197ms
[2025-10-30T18:06:07.317+0000][gc,cpu        ] GC(77) User=0.04s Sys=0.00s Real=0.03s
[2025-10-30T18:06:43.537+0000][gc,start      ] GC(78) Pause Young (Normal) (G1 Evacuation Pause)
[2025-10-30T18:06:43.540+0000][gc,task       ] GC(78) Using 2 workers of 2 for evacuation
[2025-10-30T18:06:43.556+0000][gc,phases     ] GC(78)   Pre Evacuate Collection Set: 0.0ms
[2025-10-30T18:06:43.557+0000][gc,phases     ] GC(78)   Evacuate Collection Set: 15.2ms
[2025-10-30T18:06:43.557+0000][gc,phases     ] GC(78)   Post Evacuate Collection Set: 0.8ms
[2025-10-30T18:06:43.557+0000][gc,phases     ] GC(78)   Other: 2.8ms
[2025-10-30T18:06:43.557+0000][gc,heap       ] GC(78) Eden regions: 84->0(85)
[2025-10-30T18:06:43.557+0000][gc,heap       ] GC(78) Survivor regions: 7->6(12)
[2025-10-30T18:06:43.558+0000][gc,heap       ] GC(78) Old regions: 48->49
[2025-10-30T18:06:43.558+0000][gc,heap       ] GC(78) Humongous regions: 147->147
[2025-10-30T18:06:43.558+0000][gc,metaspace  ] GC(78) Metaspace: 51524K(55216K)->51524K(55216K) NonClass: 45753K(47792K)->45753K(47792K) Class: 5771K(7424K)->5771K(7424K)
[2025-10-30T18:06:43.558+0000][gc            ] GC(78) Pause Young (Normal) (G1 Evacuation Pause) 285M->201M(512M) 20.848ms
[2025-10-30T18:06:43.558+0000][gc,cpu        ] GC(78) User=0.03s Sys=0.00s Real=0.02s
[2025-10-30T18:07:17.099+0000][gc,start      ] GC(79) Pause Young (Normal) (G1 Evacuation Pause)
[2025-10-30T18:07:17.100+0000][gc,task       ] GC(79) Using 2 workers of 2 for evacuation
[2025-10-30T18:07:17.116+0000][gc,phases     ] GC(79)   Pre Evacuate Collection Set: 0.0ms
[2025-10-30T18:07:17.116+0000][gc,phases     ] GC(79)   Evacuate Collection Set: 15.0ms
[2025-10-30T18:07:17.116+0000][gc,phases     ] GC(79)   Post Evacuate Collection Set: 0.7ms
[2025-10-30T18:07:17.116+0000][gc,phases     ] GC(79)   Other: 0.5ms
[2025-10-30T18:07:17.117+0000][gc,heap       ] GC(79) Eden regions: 85->0(87)
[2025-10-30T18:07:17.117+0000][gc,heap       ] GC(79) Survivor regions: 6->9(12)
[2025-10-30T18:07:17.117+0000][gc,heap       ] GC(79) Old regions: 49->49
[2025-10-30T18:07:17.117+0000][gc,heap       ] GC(79) Humongous regions: 147->147
[2025-10-30T18:07:17.117+0000][gc,metaspace  ] GC(79) Metaspace: 51525K(55216K)->51525K(55216K) NonClass: 45753K(47792K)->45753K(47792K) Class: 5771K(7424K)->5771K(7424K)
[2025-10-30T18:07:17.117+0000][gc            ] GC(79) Pause Young (Normal) (G1 Evacuation Pause) 286M->204M(512M) 17.897ms
[2025-10-30T18:07:17.118+0000][gc,cpu        ] GC(79) User=0.03s Sys=0.00s Real=0.02s
[2025-10-30T18:07:50.883+0000][gc,start      ] GC(80) Pause Young (Normal) (G1 Evacuation Pause)
[2025-10-30T18:07:50.883+0000][gc,task       ] GC(80) Using 2 workers of 2 for evacuation
[2025-10-30T18:07:50.901+0000][gc,phases     ] GC(80)   Pre Evacuate Collection Set: 0.0ms
[2025-10-30T18:07:50.902+0000][gc,phases     ] GC(80)   Evacuate Collection Set: 17.3ms
[2025-10-30T18:07:50.902+0000][gc,phases     ] GC(80)   Post Evacuate Collection Set: 0.8ms
[2025-10-30T18:07:50.902+0000][gc,phases     ] GC(80)   Other: 0.6ms
[2025-10-30T18:07:50.902+0000][gc,heap       ] GC(80) Eden regions: 87->0(89)
[2025-10-30T18:07:50.902+0000][gc,heap       ] GC(80) Survivor regions: 9->6(12)
[2025-10-30T18:07:50.903+0000][gc,heap       ] GC(80) Old regions: 49->53
[2025-10-30T18:07:50.903+0000][gc,heap       ] GC(80) Humongous regions: 147->147
[2025-10-30T18:07:50.903+0000][gc,metaspace  ] GC(80) Metaspace: 51526K(55216K)->51526K(55216K) NonClass: 45755K(47792K)->45755K(47792K) Class: 5771K(7424K)->5771K(7424K)
[2025-10-30T18:07:50.903+0000][gc            ] GC(80) Pause Young (Normal) (G1 Evacuation Pause) 291M->205M(512M) 20.430ms
[2025-10-30T18:07:50.903+0000][gc,cpu        ] GC(80) User=0.04s Sys=0.00s Real=0.02s
[2025-10-30T18:08:25.660+0000][gc,start      ] GC(81) Pause Young (Normal) (G1 Evacuation Pause)
[2025-10-30T18:08:25.660+0000][gc,task       ] GC(81) Using 2 workers of 2 for evacuation
[2025-10-30T18:08:25.676+0000][gc,phases     ] GC(81)   Pre Evacuate Collection Set: 0.0ms
[2025-10-30T18:08:25.676+0000][gc,phases     ] GC(81)   Evacuate Collection Set: 14.5ms
[2025-10-30T18:08:25.676+0000][gc,phases     ] GC(81)   Post Evacuate Collection Set: 0.8ms
[2025-10-30T18:08:25.677+0000][gc,phases     ] GC(81)   Other: 0.7ms
[2025-10-30T18:08:25.677+0000][gc,heap       ] GC(81) Eden regions: 89->0(88)
[2025-10-30T18:08:25.677+0000][gc,heap       ] GC(81) Survivor regions: 6->8(12)
[2025-10-30T18:08:25.677+0000][gc,heap       ] GC(81) Old regions: 53->53
[2025-10-30T18:08:25.677+0000][gc,heap       ] GC(81) Humongous regions: 147->147
[2025-10-30T18:08:25.677+0000][gc,metaspace  ] GC(81) Metaspace: 51526K(55216K)->51526K(55216K) NonClass: 45755K(47792K)->45755K(47792K) Class: 5771K(7424K)->5771K(7424K)
[2025-10-30T18:08:25.678+0000][gc            ] GC(81) Pause Young (Normal) (G1 Evacuation Pause) 294M->207M(512M) 17.553ms
[2025-10-30T18:08:25.678+0000][gc,cpu        ] GC(81) User=0.03s Sys=0.00s Real=0.01s
[2025-10-30T18:09:01.693+0000][gc,start      ] GC(82) Pause Young (Normal) (G1 Evacuation Pause)
[2025-10-30T18:09:01.694+0000][gc,task       ] GC(82) Using 2 workers of 2 for evacuation
[2025-10-30T18:09:01.711+0000][gc,phases     ] GC(82)   Pre Evacuate Collection Set: 0.0ms
[2025-10-30T18:09:01.711+0000][gc,phases     ] GC(82)   Evacuate Collection Set: 16.0ms
[2025-10-30T18:09:01.711+0000][gc,phases     ] GC(82)   Post Evacuate Collection Set: 0.7ms
[2025-10-30T18:09:01.711+0000][gc,phases     ] GC(82)   Other: 0.6ms
[2025-10-30T18:09:01.711+0000][gc,heap       ] GC(82) Eden regions: 88->0(90)
[2025-10-30T18:09:01.712+0000][gc,heap       ] GC(82) Survivor regions: 8->8(12)
[2025-10-30T18:09:01.712+0000][gc,heap       ] GC(82) Old regions: 53->55
[2025-10-30T18:09:01.712+0000][gc,heap       ] GC(82) Humongous regions: 147->147
[2025-10-30T18:09:01.712+0000][gc,metaspace  ] GC(82) Metaspace: 51527K(55216K)->51527K(55216K) NonClass: 45756K(47792K)->45756K(47792K) Class: 5771K(7424K)->5771K(7424K)
[2025-10-30T18:09:01.712+0000][gc            ] GC(82) Pause Young (Normal) (G1 Evacuation Pause) 295M->208M(512M) 18.888ms
[2025-10-30T18:09:01.713+0000][gc,cpu        ] GC(82) User=0.04s Sys=0.00s Real=0.02s
[2025-10-30T18:09:48.035+0000][gc,start      ] GC(83) Pause Young (Normal) (G1 Evacuation Pause)
[2025-10-30T18:09:48.036+0000][gc,task       ] GC(83) Using 2 workers of 2 for evacuation
[2025-10-30T18:09:48.066+0000][gc,mmu        ] GC(83) MMU target violated: 21.0ms (20.0ms/21.0ms)
[2025-10-30T18:09:48.066+0000][gc,phases     ] GC(83)   Pre Evacuate Collection Set: 0.0ms
[2025-10-30T18:09:48.067+0000][gc,phases     ] GC(83)   Evacuate Collection Set: 26.5ms
[2025-10-30T18:09:48.067+0000][gc,phases     ] GC(83)   Post Evacuate Collection Set: 2.5ms
[2025-10-30T18:09:48.067+0000][gc,phases     ] GC(83)   Other: 1.9ms
[2025-10-30T18:09:48.067+0000][gc,heap       ] GC(83) Eden regions: 90->0(41)
[2025-10-30T18:09:48.068+0000][gc,heap       ] GC(83) Survivor regions: 8->9(13)
[2025-10-30T18:09:48.068+0000][gc,heap       ] GC(83) Old regions: 55->56
[2025-10-30T18:09:48.068+0000][gc,heap       ] GC(83) Humongous regions: 147->147
[2025-10-30T18:09:48.070+0000][gc,metaspace  ] GC(83) Metaspace: 51530K(55216K)->51530K(55216K) NonClass: 45759K(47792K)->45759K(47792K) Class: 5771K(7424K)->5771K(7424K)
[2025-10-30T18:09:48.070+0000][gc            ] GC(83) Pause Young (Normal) (G1 Evacuation Pause) 298M->211M(512M) 35.098ms
[2025-10-30T18:09:48.071+0000][gc,cpu        ] GC(83) User=0.05s Sys=0.00s Real=0.03s
[2025-10-30T18:10:09.189+0000][gc,start      ] GC(84) Pause Young (Normal) (G1 Evacuation Pause)
[2025-10-30T18:10:09.191+0000][gc,task       ] GC(84) Using 2 workers of 2 for evacuation
[2025-10-30T18:10:09.221+0000][gc,mmu        ] GC(84) MMU target violated: 21.0ms (20.0ms/21.0ms)
[2025-10-30T18:10:09.221+0000][gc,phases     ] GC(84)   Pre Evacuate Collection Set: 0.1ms
[2025-10-30T18:10:09.222+0000][gc,phases     ] GC(84)   Evacuate Collection Set: 28.1ms
[2025-10-30T18:10:09.222+0000][gc,phases     ] GC(84)   Post Evacuate Collection Set: 1.2ms
[2025-10-30T18:10:09.222+0000][gc,phases     ] GC(84)   Other: 2.9ms
[2025-10-30T18:10:09.223+0000][gc,heap       ] GC(84) Eden regions: 41->0(43)
[2025-10-30T18:10:09.223+0000][gc,heap       ] GC(84) Survivor regions: 9->4(7)
[2025-10-30T18:10:09.223+0000][gc,heap       ] GC(84) Old regions: 56->61
[2025-10-30T18:10:09.223+0000][gc,heap       ] GC(84) Humongous regions: 147->147
[2025-10-30T18:10:09.224+0000][gc,metaspace  ] GC(84) Metaspace: 51532K(55216K)->51532K(55216K) NonClass: 45761K(47792K)->45761K(47792K) Class: 5771K(7424K)->5771K(7424K)
[2025-10-30T18:10:09.224+0000][gc            ] GC(84) Pause Young (Normal) (G1 Evacuation Pause) 252M->211M(512M) 34.919ms
[2025-10-30T18:10:09.224+0000][gc,cpu        ] GC(84) User=0.06s Sys=0.00s Real=0.04s
[2025-10-30T18:10:32.150+0000][gc,start      ] GC(85) Pause Young (Normal) (G1 Evacuation Pause)
[2025-10-30T18:10:32.151+0000][gc,task       ] GC(85) Using 2 workers of 2 for evacuation
[2025-10-30T18:10:32.188+0000][gc,mmu        ] GC(85) MMU target violated: 21.0ms (20.0ms/21.0ms)
[2025-10-30T18:10:32.188+0000][gc,phases     ] GC(85)   Pre Evacuate Collection Set: 0.1ms
[2025-10-30T18:10:32.189+0000][gc,phases     ] GC(85)   Evacuate Collection Set: 31.5ms
[2025-10-30T18:10:32.189+0000][gc,phases     ] GC(85)   Post Evacuate Collection Set: 4.3ms
[2025-10-30T18:10:32.190+0000][gc,phases     ] GC(85)   Other: 2.2ms
[2025-10-30T18:10:32.190+0000][gc,heap       ] GC(85) Eden regions: 43->0(21)
[2025-10-30T18:10:32.190+0000][gc,heap       ] GC(85) Survivor regions: 4->4(6)
[2025-10-30T18:10:32.191+0000][gc,heap       ] GC(85) Old regions: 61->63
[2025-10-30T18:10:32.191+0000][gc,heap       ] GC(85) Humongous regions: 147->147
[2025-10-30T18:10:32.191+0000][gc,metaspace  ] GC(85) Metaspace: 51533K(55216K)->51533K(55216K) NonClass: 45761K(47792K)->45761K(47792K) Class: 5771K(7424K)->5771K(7424K)
[2025-10-30T18:10:32.192+0000][gc            ] GC(85) Pause Young (Normal) (G1 Evacuation Pause) 254M->213M(512M) 41.312ms
[2025-10-30T18:10:32.192+0000][gc,cpu        ] GC(85) User=0.07s Sys=0.00s Real=0.05s
[2025-10-30T18:10:42.064+0000][gc,start      ] GC(86) Pause Young (Normal) (G1 Evacuation Pause)
[2025-10-30T18:10:42.064+0000][gc,task       ] GC(86) Using 2 workers of 2 for evacuation
[2025-10-30T18:10:42.081+0000][gc,phases     ] GC(86)   Pre Evacuate Collection Set: 0.0ms
[2025-10-30T18:10:42.081+0000][gc,phases     ] GC(86)   Evacuate Collection Set: 14.4ms
[2025-10-30T18:10:42.081+0000][gc,phases     ] GC(86)   Post Evacuate Collection Set: 1.2ms
[2025-10-30T18:10:42.082+0000][gc,phases     ] GC(86)   Other: 1.2ms
[2025-10-30T18:10:42.082+0000][gc,heap       ] GC(86) Eden regions: 21->0(22)
[2025-10-30T18:10:42.082+0000][gc,heap       ] GC(86) Survivor regions: 4->3(4)
[2025-10-30T18:10:42.083+0000][gc,heap       ] GC(86) Old regions: 63->65
[2025-10-30T18:10:42.083+0000][gc,heap       ] GC(86) Humongous regions: 147->147
[2025-10-30T18:10:42.084+0000][gc,metaspace  ] GC(86) Metaspace: 51540K(55216K)->51540K(55216K) NonClass: 45768K(47792K)->45768K(47792K) Class: 5771K(7424K)->5771K(7424K)
[2025-10-30T18:10:42.084+0000][gc            ] GC(86) Pause Young (Normal) (G1 Evacuation Pause) 234M->214M(512M) 20.179ms
[2025-10-30T18:10:42.085+0000][gc,cpu        ] GC(86) User=0.03s Sys=0.00s Real=0.02s
[2025-10-30T18:10:51.389+0000][gc,start      ] GC(87) Pause Young (Normal) (G1 Evacuation Pause)
[2025-10-30T18:10:51.390+0000][gc,task       ] GC(87) Using 2 workers of 2 for evacuation
[2025-10-30T18:10:51.404+0000][gc,phases     ] GC(87)   Pre Evacuate Collection Set: 0.0ms
[2025-10-30T18:10:51.404+0000][gc,phases     ] GC(87)   Evacuate Collection Set: 12.7ms
[2025-10-30T18:10:51.404+0000][gc,phases     ] GC(87)   Post Evacuate Collection Set: 0.9ms
[2025-10-30T18:10:51.405+0000][gc,phases     ] GC(87)   Other: 1.0ms
[2025-10-30T18:10:51.405+0000][gc,heap       ] GC(87) Eden regions: 22->0(26)
[2025-10-30T18:10:51.405+0000][gc,heap       ] GC(87) Survivor regions: 3->2(4)
[2025-10-30T18:10:51.405+0000][gc,heap       ] GC(87) Old regions: 65->67
[2025-10-30T18:10:51.405+0000][gc,heap       ] GC(87) Humongous regions: 147->147
[2025-10-30T18:10:51.406+0000][gc,metaspace  ] GC(87) Metaspace: 51541K(55216K)->51541K(55216K) NonClass: 45770K(47792K)->45770K(47792K) Class: 5771K(7424K)->5771K(7424K)
[2025-10-30T18:10:51.406+0000][gc            ] GC(87) Pause Young (Normal) (G1 Evacuation Pause) 236M->215M(512M) 16.809ms
[2025-10-30T18:10:51.406+0000][gc,cpu        ] GC(87) User=0.03s Sys=0.00s Real=0.02s
[2025-10-30T18:11:00.580+0000][gc,start      ] GC(88) Pause Young (Normal) (G1 Evacuation Pause)
[2025-10-30T18:11:00.580+0000][gc,task       ] GC(88) Using 2 workers of 2 for evacuation
[2025-10-30T18:11:00.595+0000][gc,phases     ] GC(88)   Pre Evacuate Collection Set: 0.0ms
[2025-10-30T18:11:00.595+0000][gc,phases     ] GC(88)   Evacuate Collection Set: 12.0ms
[2025-10-30T18:11:00.595+0000][gc,phases     ] GC(88)   Post Evacuate Collection Set: 1.8ms
[2025-10-30T18:11:00.596+0000][gc,phases     ] GC(88)   Other: 1.1ms
[2025-10-30T18:11:00.596+0000][gc,heap       ] GC(88) Eden regions: 23->0(28)
[2025-10-30T18:11:00.596+0000][gc,heap       ] GC(88) Survivor regions: 2->2(4)
[2025-10-30T18:11:00.596+0000][gc,heap       ] GC(88) Old regions: 67->67
[2025-10-30T18:11:00.596+0000][gc,heap       ] GC(88) Humongous regions: 147->147
[2025-10-30T18:11:00.597+0000][gc,metaspace  ] GC(88) Metaspace: 51541K(55216K)->51541K(55216K) NonClass: 45770K(47792K)->45770K(47792K) Class: 5771K(7424K)->5771K(7424K)
[2025-10-30T18:11:00.597+0000][gc            ] GC(88) Pause Young (Normal) (G1 Evacuation Pause) 238M->215M(512M) 17.355ms
[2025-10-30T18:11:00.597+0000][gc,cpu        ] GC(88) User=0.02s Sys=0.00s Real=0.02s
[2025-10-30T18:11:10.253+0000][gc,start      ] GC(89) Pause Young (Normal) (G1 Evacuation Pause)
[2025-10-30T18:11:10.253+0000][gc,task       ] GC(89) Using 2 workers of 2 for evacuation
[2025-10-30T18:11:10.264+0000][gc,phases     ] GC(89)   Pre Evacuate Collection Set: 0.0ms
[2025-10-30T18:11:10.264+0000][gc,phases     ] GC(89)   Evacuate Collection Set: 9.9ms
[2025-10-30T18:11:10.265+0000][gc,phases     ] GC(89)   Post Evacuate Collection Set: 0.8ms
[2025-10-30T18:11:10.265+0000][gc,phases     ] GC(89)   Other: 0.6ms
[2025-10-30T18:11:10.265+0000][gc,heap       ] GC(89) Eden regions: 23->0(27)
[2025-10-30T18:11:10.265+0000][gc,heap       ] GC(89) Survivor regions: 2->3(4)
[2025-10-30T18:11:10.265+0000][gc,heap       ] GC(89) Old regions: 67->67
[2025-10-30T18:11:10.265+0000][gc,heap       ] GC(89) Humongous regions: 147->147
[2025-10-30T18:11:10.266+0000][gc,metaspace  ] GC(89) Metaspace: 51541K(55216K)->51541K(55216K) NonClass: 45770K(47792K)->45770K(47792K) Class: 5771K(7424K)->5771K(7424K)
[2025-10-30T18:11:10.266+0000][gc            ] GC(89) Pause Young (Normal) (G1 Evacuation Pause) 238M->216M(512M) 12.928ms
[2025-10-30T18:11:10.266+0000][gc,cpu        ] GC(89) User=0.02s Sys=0.00s Real=0.01s
[2025-10-30T18:11:19.594+0000][gc,start      ] GC(90) Pause Young (Normal) (G1 Evacuation Pause)
[2025-10-30T18:11:19.595+0000][gc,task       ] GC(90) Using 2 workers of 2 for evacuation
[2025-10-30T18:11:19.610+0000][gc,phases     ] GC(90)   Pre Evacuate Collection Set: 0.1ms
[2025-10-30T18:11:19.611+0000][gc,phases     ] GC(90)   Evacuate Collection Set: 14.1ms
[2025-10-30T18:11:19.611+0000][gc,phases     ] GC(90)   Post Evacuate Collection Set: 0.9ms
[2025-10-30T18:11:19.611+0000][gc,phases     ] GC(90)   Other: 1.1ms
[2025-10-30T18:11:19.612+0000][gc,heap       ] GC(90) Eden regions: 22->0(26)
[2025-10-30T18:11:19.612+0000][gc,heap       ] GC(90) Survivor regions: 3->3(4)
[2025-10-30T18:11:19.612+0000][gc,heap       ] GC(90) Old regions: 67->67
[2025-10-30T18:11:19.612+0000][gc,heap       ] GC(90) Humongous regions: 147->147
[2025-10-30T18:11:19.613+0000][gc,metaspace  ] GC(90) Metaspace: 51541K(55216K)->51541K(55216K) NonClass: 45770K(47792K)->45770K(47792K) Class: 5771K(7424K)->5771K(7424K)
[2025-10-30T18:11:19.614+0000][gc            ] GC(90) Pause Young (Normal) (G1 Evacuation Pause) 238M->216M(512M) 19.300ms
[2025-10-30T18:11:19.614+0000][gc,cpu        ] GC(90) User=0.03s Sys=0.00s Real=0.02s
[2025-10-30T18:11:28.771+0000][gc,start      ] GC(91) Pause Young (Normal) (G1 Evacuation Pause)
[2025-10-30T18:11:28.771+0000][gc,task       ] GC(91) Using 2 workers of 2 for evacuation
[2025-10-30T18:11:28.786+0000][gc,phases     ] GC(91)   Pre Evacuate Collection Set: 0.0ms
[2025-10-30T18:11:28.786+0000][gc,phases     ] GC(91)   Evacuate Collection Set: 13.1ms
[2025-10-30T18:11:28.786+0000][gc,phases     ] GC(91)   Post Evacuate Collection Set: 0.9ms
[2025-10-30T18:11:28.787+0000][gc,phases     ] GC(91)   Other: 0.7ms
[2025-10-30T18:11:28.787+0000][gc,heap       ] GC(91) Eden regions: 22->0(27)
[2025-10-30T18:11:28.787+0000][gc,heap       ] GC(91) Survivor regions: 3->3(4)
[2025-10-30T18:11:28.787+0000][gc,heap       ] GC(91) Old regions: 67->69
[2025-10-30T18:11:28.787+0000][gc,heap       ] GC(91) Humongous regions: 147->147
[2025-10-30T18:11:28.788+0000][gc,metaspace  ] GC(91) Metaspace: 51541K(55216K)->51541K(55216K) NonClass: 45770K(47792K)->45770K(47792K) Class: 5771K(7424K)->5771K(7424K)
[2025-10-30T18:11:28.788+0000][gc            ] GC(91) Pause Young (Normal) (G1 Evacuation Pause) 238M->217M(512M) 16.799ms
[2025-10-30T18:11:28.788+0000][gc,cpu        ] GC(91) User=0.03s Sys=0.00s Real=0.02s
[2025-10-30T18:11:38.686+0000][gc,start      ] GC(92) Pause Young (Normal) (G1 Evacuation Pause)
[2025-10-30T18:11:38.687+0000][gc,task       ] GC(92) Using 2 workers of 2 for evacuation
[2025-10-30T18:11:38.701+0000][gc,phases     ] GC(92)   Pre Evacuate Collection Set: 0.0ms
[2025-10-30T18:11:38.701+0000][gc,phases     ] GC(92)   Evacuate Collection Set: 12.7ms
[2025-10-30T18:11:38.701+0000][gc,phases     ] GC(92)   Post Evacuate Collection Set: 1.0ms
[2025-10-30T18:11:38.701+0000][gc,phases     ] GC(92)   Other: 0.8ms
[2025-10-30T18:11:38.702+0000][gc,heap       ] GC(92) Eden regions: 22->0(28)
[2025-10-30T18:11:38.702+0000][gc,heap       ] GC(92) Survivor regions: 3->3(4)
[2025-10-30T18:11:38.702+0000][gc,heap       ] GC(92) Old regions: 69->69
[2025-10-30T18:11:38.702+0000][gc,heap       ] GC(92) Humongous regions: 147->147
[2025-10-30T18:11:38.702+0000][gc,metaspace  ] GC(92) Metaspace: 51541K(55216K)->51541K(55216K) NonClass: 45770K(47792K)->45770K(47792K) Class: 5771K(7424K)->5771K(7424K)
[2025-10-30T18:11:38.703+0000][gc            ] GC(92) Pause Young (Normal) (G1 Evacuation Pause) 239M->218M(512M) 16.347ms
[2025-10-30T18:11:38.703+0000][gc,cpu        ] GC(92) User=0.03s Sys=0.01s Real=0.01s
[2025-10-30T18:11:48.144+0000][gc,start      ] GC(93) Pause Young (Normal) (G1 Evacuation Pause)
[2025-10-30T18:11:48.145+0000][gc,task       ] GC(93) Using 2 workers of 2 for evacuation
[2025-10-30T18:11:48.159+0000][gc,phases     ] GC(93)   Pre Evacuate Collection Set: 0.0ms
[2025-10-30T18:11:48.159+0000][gc,phases     ] GC(93)   Evacuate Collection Set: 12.9ms
[2025-10-30T18:11:48.159+0000][gc,phases     ] GC(93)   Post Evacuate Collection Set: 0.8ms
[2025-10-30T18:11:48.159+0000][gc,phases     ] GC(93)   Other: 0.7ms
[2025-10-30T18:11:48.160+0000][gc,heap       ] GC(93) Eden regions: 22->0(30)
[2025-10-30T18:11:48.160+0000][gc,heap       ] GC(93) Survivor regions: 3->3(4)
[2025-10-30T18:11:48.160+0000][gc,heap       ] GC(93) Old regions: 69->70
[2025-10-30T18:11:48.160+0000][gc,heap       ] GC(93) Humongous regions: 147->147
[2025-10-30T18:11:48.160+0000][gc,metaspace  ] GC(93) Metaspace: 51541K(55216K)->51541K(55216K) NonClass: 45770K(47792K)->45770K(47792K) Class: 5771K(7424K)->5771K(7424K)
[2025-10-30T18:11:48.160+0000][gc            ] GC(93) Pause Young (Normal) (G1 Evacuation Pause) 240M->219M(512M) 16.089ms
[2025-10-30T18:11:48.161+0000][gc,cpu        ] GC(93) User=0.03s Sys=0.00s Real=0.01s
[2025-10-30T18:11:58.115+0000][gc,start      ] GC(94) Pause Young (Normal) (G1 Evacuation Pause)
[2025-10-30T18:11:58.116+0000][gc,task       ] GC(94) Using 2 workers of 2 for evacuation
[2025-10-30T18:11:58.138+0000][gc,mmu        ] GC(94) MMU target violated: 21.0ms (20.0ms/21.0ms)
[2025-10-30T18:11:58.138+0000][gc,phases     ] GC(94)   Pre Evacuate Collection Set: 0.0ms
[2025-10-30T18:11:58.139+0000][gc,phases     ] GC(94)   Evacuate Collection Set: 17.1ms
[2025-10-30T18:11:58.139+0000][gc,phases     ] GC(94)   Post Evacuate Collection Set: 4.0ms
[2025-10-30T18:11:58.140+0000][gc,phases     ] GC(94)   Other: 1.9ms
[2025-10-30T18:11:58.141+0000][gc,heap       ] GC(94) Eden regions: 23->0(25)
[2025-10-30T18:11:58.141+0000][gc,heap       ] GC(94) Survivor regions: 3->2(4)
[2025-10-30T18:11:58.142+0000][gc,heap       ] GC(94) Old regions: 70->71
[2025-10-30T18:11:58.142+0000][gc,heap       ] GC(94) Humongous regions: 147->147
[2025-10-30T18:11:58.143+0000][gc,metaspace  ] GC(94) Metaspace: 51542K(55216K)->51542K(55216K) NonClass: 45771K(47792K)->45771K(47792K) Class: 5771K(7424K)->5771K(7424K)
[2025-10-30T18:11:58.144+0000][gc            ] GC(94) Pause Young (Normal) (G1 Evacuation Pause) 242M->218M(512M) 28.302ms
[2025-10-30T18:11:58.144+0000][gc,cpu        ] GC(94) User=0.04s Sys=0.00s Real=0.02s
[2025-10-30T18:12:09.023+0000][gc,start      ] GC(95) Pause Young (Normal) (G1 Evacuation Pause)
[2025-10-30T18:12:09.024+0000][gc,task       ] GC(95) Using 2 workers of 2 for evacuation
[2025-10-30T18:12:09.047+0000][gc,mmu        ] GC(95) MMU target violated: 21.0ms (20.0ms/21.0ms)
[2025-10-30T18:12:09.048+0000][gc,phases     ] GC(95)   Pre Evacuate Collection Set: 0.1ms
[2025-10-30T18:12:09.048+0000][gc,phases     ] GC(95)   Evacuate Collection Set: 21.4ms
[2025-10-30T18:12:09.048+0000][gc,phases     ] GC(95)   Post Evacuate Collection Set: 1.7ms
[2025-10-30T18:12:09.049+0000][gc,phases     ] GC(95)   Other: 1.6ms
[2025-10-30T18:12:09.050+0000][gc,heap       ] GC(95) Eden regions: 23->0(22)
[2025-10-30T18:12:09.051+0000][gc,heap       ] GC(95) Survivor regions: 2->3(4)
[2025-10-30T18:12:09.051+0000][gc,heap       ] GC(95) Old regions: 71->71
[2025-10-30T18:12:09.052+0000][gc,heap       ] GC(95) Humongous regions: 147->147
[2025-10-30T18:12:09.052+0000][gc,metaspace  ] GC(95) Metaspace: 51542K(55216K)->51542K(55216K) NonClass: 45771K(47792K)->45771K(47792K) Class: 5771K(7424K)->5771K(7424K)
[2025-10-30T18:12:09.052+0000][gc            ] GC(95) Pause Young (Normal) (G1 Evacuation Pause) 241M->219M(512M) 28.973ms
[2025-10-30T18:12:09.053+0000][gc,cpu        ] GC(95) User=0.05s Sys=0.00s Real=0.03s
[2025-10-30T18:12:20.596+0000][gc,start      ] GC(96) Pause Young (Normal) (G1 Evacuation Pause)
[2025-10-30T18:12:20.596+0000][gc,task       ] GC(96) Using 2 workers of 2 for evacuation
[2025-10-30T18:12:20.613+0000][gc,phases     ] GC(96)   Pre Evacuate Collection Set: 0.0ms
[2025-10-30T18:12:20.614+0000][gc,phases     ] GC(96)   Evacuate Collection Set: 14.7ms
[2025-10-30T18:12:20.614+0000][gc,phases     ] GC(96)   Post Evacuate Collection Set: 1.2ms
[2025-10-30T18:12:20.614+0000][gc,phases     ] GC(96)   Other: 1.0ms
[2025-10-30T18:12:20.615+0000][gc,heap       ] GC(96) Eden regions: 22->0(22)
[2025-10-30T18:12:20.615+0000][gc,heap       ] GC(96) Survivor regions: 3->3(4)
[2025-10-30T18:12:20.615+0000][gc,heap       ] GC(96) Old regions: 71->71
[2025-10-30T18:12:20.615+0000][gc,heap       ] GC(96) Humongous regions: 147->147
[2025-10-30T18:12:20.616+0000][gc,metaspace  ] GC(96) Metaspace: 51542K(55216K)->51542K(55216K) NonClass: 45771K(47792K)->45771K(47792K) Class: 5771K(7424K)->5771K(7424K)
[2025-10-30T18:12:20.616+0000][gc            ] GC(96) Pause Young (Normal) (G1 Evacuation Pause) 241M->220M(512M) 20.022ms
[2025-10-30T18:12:20.616+0000][gc,cpu        ] GC(96) User=0.03s Sys=0.00s Real=0.02s
[2025-10-30T18:12:32.091+0000][gc,start      ] GC(97) Pause Young (Normal) (G1 Evacuation Pause)
[2025-10-30T18:12:32.092+0000][gc,task       ] GC(97) Using 2 workers of 2 for evacuation
[2025-10-30T18:12:32.116+0000][gc,mmu        ] GC(97) MMU target violated: 21.0ms (20.0ms/21.0ms)
[2025-10-30T18:12:32.116+0000][gc,phases     ] GC(97)   Pre Evacuate Collection Set: 0.0ms
[2025-10-30T18:12:32.117+0000][gc,phases     ] GC(97)   Evacuate Collection Set: 22.3ms
[2025-10-30T18:12:32.120+0000][gc,phases     ] GC(97)   Post Evacuate Collection Set: 1.3ms
[2025-10-30T18:12:32.121+0000][gc,phases     ] GC(97)   Other: 1.5ms
[2025-10-30T18:12:32.122+0000][gc,heap       ] GC(97) Eden regions: 22->0(22)
[2025-10-30T18:12:32.122+0000][gc,heap       ] GC(97) Survivor regions: 3->3(4)
[2025-10-30T18:12:32.122+0000][gc,heap       ] GC(97) Old regions: 71->72
[2025-10-30T18:12:32.124+0000][gc,heap       ] GC(97) Humongous regions: 147->147
[2025-10-30T18:12:32.124+0000][gc,metaspace  ] GC(97) Metaspace: 51542K(55216K)->51542K(55216K) NonClass: 45771K(47792K)->45771K(47792K) Class: 5771K(7424K)->5771K(7424K)
[2025-10-30T18:12:32.125+0000][gc            ] GC(97) Pause Young (Normal) (G1 Evacuation Pause) 242M->221M(512M) 33.705ms
[2025-10-30T18:12:32.126+0000][gc,cpu        ] GC(97) User=0.05s Sys=0.00s Real=0.04s
[2025-10-30T18:12:45.815+0000][gc,start      ] GC(98) Pause Young (Normal) (G1 Evacuation Pause)
[2025-10-30T18:12:45.815+0000][gc,task       ] GC(98) Using 2 workers of 2 for evacuation
[2025-10-30T18:12:45.838+0000][gc,mmu        ] GC(98) MMU target violated: 21.0ms (20.0ms/21.0ms)
[2025-10-30T18:12:45.838+0000][gc,phases     ] GC(98)   Pre Evacuate Collection Set: 0.0ms
[2025-10-30T18:12:45.838+0000][gc,phases     ] GC(98)   Evacuate Collection Set: 20.5ms
[2025-10-30T18:12:45.839+0000][gc,phases     ] GC(98)   Post Evacuate Collection Set: 1.2ms
[2025-10-30T18:12:45.839+0000][gc,phases     ] GC(98)   Other: 1.8ms
[2025-10-30T18:12:45.839+0000][gc,heap       ] GC(98) Eden regions: 22->0(22)
[2025-10-30T18:12:45.840+0000][gc,heap       ] GC(98) Survivor regions: 3->3(4)
[2025-10-30T18:12:45.840+0000][gc,heap       ] GC(98) Old regions: 72->73
[2025-10-30T18:12:45.840+0000][gc,heap       ] GC(98) Humongous regions: 147->147
[2025-10-30T18:12:45.840+0000][gc,metaspace  ] GC(98) Metaspace: 51543K(55216K)->51543K(55216K) NonClass: 45771K(47792K)->45771K(47792K) Class: 5771K(7424K)->5771K(7424K)
[2025-10-30T18:12:45.841+0000][gc            ] GC(98) Pause Young (Normal) (G1 Evacuation Pause) 243M->222M(512M) 26.067ms
[2025-10-30T18:12:45.841+0000][gc,cpu        ] GC(98) User=0.05s Sys=0.00s Real=0.03s
[2025-10-30T18:12:57.127+0000][gc,start      ] GC(99) Pause Young (Normal) (G1 Evacuation Pause)
[2025-10-30T18:12:57.127+0000][gc,task       ] GC(99) Using 2 workers of 2 for evacuation
[2025-10-30T18:12:57.149+0000][gc,mmu        ] GC(99) MMU target violated: 21.0ms (20.0ms/21.0ms)
[2025-10-30T18:12:57.149+0000][gc,phases     ] GC(99)   Pre Evacuate Collection Set: 0.0ms
[2025-10-30T18:12:57.149+0000][gc,phases     ] GC(99)   Evacuate Collection Set: 19.9ms
[2025-10-30T18:12:57.150+0000][gc,phases     ] GC(99)   Post Evacuate Collection Set: 1.2ms
[2025-10-30T18:12:57.150+0000][gc,phases     ] GC(99)   Other: 1.5ms
[2025-10-30T18:12:57.151+0000][gc,heap       ] GC(99) Eden regions: 22->0(22)
[2025-10-30T18:12:57.151+0000][gc,heap       ] GC(99) Survivor regions: 3->3(4)
[2025-10-30T18:12:57.152+0000][gc,heap       ] GC(99) Old regions: 73->74
[2025-10-30T18:12:57.152+0000][gc,heap       ] GC(99) Humongous regions: 147->147
[2025-10-30T18:12:57.152+0000][gc,metaspace  ] GC(99) Metaspace: 51543K(55216K)->51543K(55216K) NonClass: 45772K(47792K)->45772K(47792K) Class: 5771K(7424K)->5771K(7424K)
[2025-10-30T18:12:57.153+0000][gc            ] GC(99) Pause Young (Normal) (G1 Evacuation Pause) 244M->223M(512M) 26.044ms
[2025-10-30T18:12:57.153+0000][gc,cpu        ] GC(99) User=0.04s Sys=0.00s Real=0.02s
[2025-10-30T18:13:07.211+0000][gc,start      ] GC(100) Pause Young (Normal) (G1 Evacuation Pause)
[2025-10-30T18:13:07.212+0000][gc,task       ] GC(100) Using 2 workers of 2 for evacuation
[2025-10-30T18:13:07.227+0000][gc,phases     ] GC(100)   Pre Evacuate Collection Set: 0.0ms
[2025-10-30T18:13:07.228+0000][gc,phases     ] GC(100)   Evacuate Collection Set: 14.1ms
[2025-10-30T18:13:07.228+0000][gc,phases     ] GC(100)   Post Evacuate Collection Set: 1.0ms
[2025-10-30T18:13:07.228+0000][gc,phases     ] GC(100)   Other: 1.1ms
[2025-10-30T18:13:07.229+0000][gc,heap       ] GC(100) Eden regions: 22->0(23)
[2025-10-30T18:13:07.229+0000][gc,heap       ] GC(100) Survivor regions: 3->2(4)
[2025-10-30T18:13:07.229+0000][gc,heap       ] GC(100) Old regions: 74->74
[2025-10-30T18:13:07.229+0000][gc,heap       ] GC(100) Humongous regions: 147->147
[2025-10-30T18:13:07.230+0000][gc,metaspace  ] GC(100) Metaspace: 51543K(55216K)->51543K(55216K) NonClass: 45772K(47792K)->45772K(47792K) Class: 5771K(7424K)->5771K(7424K)
[2025-10-30T18:13:07.230+0000][gc            ] GC(100) Pause Young (Normal) (G1 Evacuation Pause) 245M->222M(512M) 18.884ms
[2025-10-30T18:13:07.230+0000][gc,cpu        ] GC(100) User=0.03s Sys=0.00s Real=0.02s
[2025-10-30T18:13:20.000+0000][gc,start      ] GC(101) Pause Young (Normal) (G1 Evacuation Pause)
[2025-10-30T18:13:20.001+0000][gc,task       ] GC(101) Using 2 workers of 2 for evacuation
[2025-10-30T18:13:20.045+0000][gc,mmu        ] GC(101) MMU target violated: 21.0ms (20.0ms/21.0ms)
[2025-10-30T18:13:20.046+0000][gc,phases     ] GC(101)   Pre Evacuate Collection Set: 0.0ms
[2025-10-30T18:13:20.046+0000][gc,phases     ] GC(101)   Evacuate Collection Set: 40.9ms
[2025-10-30T18:13:20.046+0000][gc,phases     ] GC(101)   Post Evacuate Collection Set: 2.3ms
[2025-10-30T18:13:20.047+0000][gc,phases     ] GC(101)   Other: 2.0ms
[2025-10-30T18:13:20.047+0000][gc,heap       ] GC(101) Eden regions: 23->0(22)
[2025-10-30T18:13:20.048+0000][gc,heap       ] GC(101) Survivor regions: 2->3(4)
[2025-10-30T18:13:20.048+0000][gc,heap       ] GC(101) Old regions: 74->74
[2025-10-30T18:13:20.048+0000][gc,heap       ] GC(101) Humongous regions: 147->147
[2025-10-30T18:13:20.049+0000][gc,metaspace  ] GC(101) Metaspace: 51543K(55216K)->51543K(55216K) NonClass: 45772K(47792K)->45772K(47792K) Class: 5771K(7424K)->5771K(7424K)
[2025-10-30T18:13:20.049+0000][gc            ] GC(101) Pause Young (Normal) (G1 Evacuation Pause) 245M->223M(512M) 49.169ms
[2025-10-30T18:13:20.050+0000][gc,cpu        ] GC(101) User=0.05s Sys=0.00s Real=0.04s
[2025-10-30T18:13:30.853+0000][gc,start      ] GC(102) Pause Young (Normal) (G1 Evacuation Pause)
[2025-10-30T18:13:30.854+0000][gc,task       ] GC(102) Using 2 workers of 2 for evacuation
[2025-10-30T18:13:30.874+0000][gc,mmu        ] GC(102) MMU target violated: 20.1ms (20.0ms/21.0ms)
[2025-10-30T18:13:30.875+0000][gc,phases     ] GC(102)   Pre Evacuate Collection Set: 0.0ms
[2025-10-30T18:13:30.875+0000][gc,phases     ] GC(102)   Evacuate Collection Set: 18.8ms
[2025-10-30T18:13:30.875+0000][gc,phases     ] GC(102)   Post Evacuate Collection Set: 1.1ms
[2025-10-30T18:13:30.876+0000][gc,phases     ] GC(102)   Other: 1.4ms
[2025-10-30T18:13:30.876+0000][gc,heap       ] GC(102) Eden regions: 22->0(22)
[2025-10-30T18:13:30.876+0000][gc,heap       ] GC(102) Survivor regions: 3->3(4)
[2025-10-30T18:13:30.877+0000][gc,heap       ] GC(102) Old regions: 74->75
[2025-10-30T18:13:30.877+0000][gc,heap       ] GC(102) Humongous regions: 147->147
[2025-10-30T18:13:30.877+0000][gc,metaspace  ] GC(102) Metaspace: 51543K(55216K)->51543K(55216K) NonClass: 45772K(47792K)->45772K(47792K) Class: 5771K(7424K)->5771K(7424K)
[2025-10-30T18:13:30.877+0000][gc            ] GC(102) Pause Young (Normal) (G1 Evacuation Pause) 245M->224M(512M) 24.043ms
[2025-10-30T18:13:30.878+0000][gc,cpu        ] GC(102) User=0.04s Sys=0.00s Real=0.02s
[2025-10-30T18:13:41.563+0000][gc,start      ] GC(103) Pause Young (Normal) (G1 Evacuation Pause)
[2025-10-30T18:13:41.564+0000][gc,task       ] GC(103) Using 2 workers of 2 for evacuation
[2025-10-30T18:13:41.586+0000][gc,mmu        ] GC(103) MMU target violated: 21.0ms (20.0ms/21.0ms)
[2025-10-30T18:13:41.586+0000][gc,phases     ] GC(103)   Pre Evacuate Collection Set: 0.0ms
[2025-10-30T18:13:41.587+0000][gc,phases     ] GC(103)   Evacuate Collection Set: 20.1ms
[2025-10-30T18:13:41.587+0000][gc,phases     ] GC(103)   Post Evacuate Collection Set: 1.5ms
[2025-10-30T18:13:41.587+0000][gc,phases     ] GC(103)   Other: 1.8ms
[2025-10-30T18:13:41.588+0000][gc,heap       ] GC(103) Eden regions: 22->0(22)
[2025-10-30T18:13:41.588+0000][gc,heap       ] GC(103) Survivor regions: 3->3(4)
[2025-10-30T18:13:41.588+0000][gc,heap       ] GC(103) Old regions: 75->76
[2025-10-30T18:13:41.589+0000][gc,heap       ] GC(103) Humongous regions: 147->147
[2025-10-30T18:13:41.589+0000][gc,metaspace  ] GC(103) Metaspace: 51543K(55216K)->51543K(55216K) NonClass: 45772K(47792K)->45772K(47792K) Class: 5771K(7424K)->5771K(7424K)
[2025-10-30T18:13:41.589+0000][gc            ] GC(103) Pause Young (Normal) (G1 Evacuation Pause) 246M->225M(512M) 26.110ms
[2025-10-30T18:13:41.589+0000][gc,cpu        ] GC(103) User=0.05s Sys=0.00s Real=0.02s
[2025-10-30T18:13:52.367+0000][gc,start      ] GC(104) Pause Young (Normal) (G1 Evacuation Pause)
[2025-10-30T18:13:52.382+0000][gc,task       ] GC(104) Using 2 workers of 2 for evacuation
[2025-10-30T18:13:52.402+0000][gc,phases     ] GC(104)   Pre Evacuate Collection Set: 0.0ms
[2025-10-30T18:13:52.402+0000][gc,phases     ] GC(104)   Evacuate Collection Set: 18.5ms
[2025-10-30T18:13:52.402+0000][gc,phases     ] GC(104)   Post Evacuate Collection Set: 1.0ms
[2025-10-30T18:13:52.403+0000][gc,phases     ] GC(104)   Other: 14.9ms
[2025-10-30T18:13:52.403+0000][gc,heap       ] GC(104) Eden regions: 22->0(22)
[2025-10-30T18:13:52.403+0000][gc,heap       ] GC(104) Survivor regions: 3->3(4)
[2025-10-30T18:13:52.404+0000][gc,heap       ] GC(104) Old regions: 76->77
[2025-10-30T18:13:52.404+0000][gc,heap       ] GC(104) Humongous regions: 147->147
[2025-10-30T18:13:52.404+0000][gc,metaspace  ] GC(104) Metaspace: 51543K(55216K)->51543K(55216K) NonClass: 45772K(47792K)->45772K(47792K) Class: 5771K(7424K)->5771K(7424K)
[2025-10-30T18:13:52.404+0000][gc            ] GC(104) Pause Young (Normal) (G1 Evacuation Pause) 247M->226M(512M) 36.852ms
[2025-10-30T18:13:52.405+0000][gc,cpu        ] GC(104) User=0.04s Sys=0.00s Real=0.03s
[2025-10-30T18:14:03.660+0000][gc,start      ] GC(105) Pause Young (Normal) (G1 Evacuation Pause)
[2025-10-30T18:14:03.661+0000][gc,task       ] GC(105) Using 2 workers of 2 for evacuation
[2025-10-30T18:14:03.678+0000][gc,phases     ] GC(105)   Pre Evacuate Collection Set: 0.0ms
[2025-10-30T18:14:03.678+0000][gc,phases     ] GC(105)   Evacuate Collection Set: 15.5ms
[2025-10-30T18:14:03.679+0000][gc,phases     ] GC(105)   Post Evacuate Collection Set: 1.1ms
[2025-10-30T18:14:03.679+0000][gc,phases     ] GC(105)   Other: 0.9ms
[2025-10-30T18:14:03.679+0000][gc,heap       ] GC(105) Eden regions: 22->0(23)
[2025-10-30T18:14:03.680+0000][gc,heap       ] GC(105) Survivor regions: 3->2(4)
[2025-10-30T18:14:03.680+0000][gc,heap       ] GC(105) Old regions: 77->78
[2025-10-30T18:14:03.680+0000][gc,heap       ] GC(105) Humongous regions: 147->147
[2025-10-30T18:14:03.681+0000][gc,metaspace  ] GC(105) Metaspace: 51543K(55216K)->51543K(55216K) NonClass: 45772K(47792K)->45772K(47792K) Class: 5771K(7424K)->5771K(7424K)
[2025-10-30T18:14:03.681+0000][gc            ] GC(105) Pause Young (Normal) (G1 Evacuation Pause) 248M->226M(512M) 20.717ms
[2025-10-30T18:14:03.681+0000][gc,cpu        ] GC(105) User=0.04s Sys=0.00s Real=0.02s
[2025-10-30T18:14:14.961+0000][gc,start      ] GC(106) Pause Young (Normal) (G1 Evacuation Pause)
[2025-10-30T18:14:14.962+0000][gc,task       ] GC(106) Using 2 workers of 2 for evacuation
[2025-10-30T18:14:14.981+0000][gc,phases     ] GC(106)   Pre Evacuate Collection Set: 0.0ms
[2025-10-30T18:14:14.981+0000][gc,phases     ] GC(106)   Evacuate Collection Set: 16.8ms
[2025-10-30T18:14:14.981+0000][gc,phases     ] GC(106)   Post Evacuate Collection Set: 1.1ms
[2025-10-30T18:14:14.982+0000][gc,phases     ] GC(106)   Other: 1.2ms
[2025-10-30T18:14:14.982+0000][gc,heap       ] GC(106) Eden regions: 23->0(22)
[2025-10-30T18:14:14.982+0000][gc,heap       ] GC(106) Survivor regions: 2->3(4)
[2025-10-30T18:14:14.983+0000][gc,heap       ] GC(106) Old regions: 78->78
[2025-10-30T18:14:14.983+0000][gc,heap       ] GC(106) Humongous regions: 147->147
[2025-10-30T18:14:14.983+0000][gc,metaspace  ] GC(106) Metaspace: 51543K(55216K)->51543K(55216K) NonClass: 45772K(47792K)->45772K(47792K) Class: 5771K(7424K)->5771K(7424K)
[2025-10-30T18:14:14.984+0000][gc            ] GC(106) Pause Young (Normal) (G1 Evacuation Pause) 249M->227M(512M) 22.348ms
[2025-10-30T18:14:14.984+0000][gc,cpu        ] GC(106) User=0.03s Sys=0.00s Real=0.02s
[2025-10-30T18:14:26.528+0000][gc,start      ] GC(107) Pause Young (Normal) (G1 Evacuation Pause)
[2025-10-30T18:14:26.528+0000][gc,task       ] GC(107) Using 2 workers of 2 for evacuation
[2025-10-30T18:14:26.550+0000][gc,mmu        ] GC(107) MMU target violated: 21.0ms (20.0ms/21.0ms)
[2025-10-30T18:14:26.550+0000][gc,phases     ] GC(107)   Pre Evacuate Collection Set: 0.0ms
[2025-10-30T18:14:26.551+0000][gc,phases     ] GC(107)   Evacuate Collection Set: 19.5ms
[2025-10-30T18:14:26.551+0000][gc,phases     ] GC(107)   Post Evacuate Collection Set: 1.2ms
[2025-10-30T18:14:26.551+0000][gc,phases     ] GC(107)   Other: 1.4ms
[2025-10-30T18:14:26.552+0000][gc,heap       ] GC(107) Eden regions: 22->0(22)
[2025-10-30T18:14:26.552+0000][gc,heap       ] GC(107) Survivor regions: 3->3(4)
[2025-10-30T18:14:26.552+0000][gc,heap       ] GC(107) Old regions: 78->78
[2025-10-30T18:14:26.553+0000][gc,heap       ] GC(107) Humongous regions: 147->147
[2025-10-30T18:14:26.553+0000][gc,metaspace  ] GC(107) Metaspace: 51544K(55216K)->51544K(55216K) NonClass: 45772K(47792K)->45772K(47792K) Class: 5771K(7424K)->5771K(7424K)
[2025-10-30T18:14:26.553+0000][gc            ] GC(107) Pause Young (Normal) (G1 Evacuation Pause) 249M->227M(512M) 25.369ms
[2025-10-30T18:14:26.554+0000][gc,cpu        ] GC(107) User=0.05s Sys=0.00s Real=0.02s
[2025-10-30T18:14:37.908+0000][gc,start      ] GC(108) Pause Young (Normal) (G1 Evacuation Pause)
[2025-10-30T18:14:37.908+0000][gc,task       ] GC(108) Using 2 workers of 2 for evacuation
[2025-10-30T18:14:37.929+0000][gc,mmu        ] GC(108) MMU target violated: 20.4ms (20.0ms/21.0ms)
[2025-10-30T18:14:37.930+0000][gc,phases     ] GC(108)   Pre Evacuate Collection Set: 0.0ms
[2025-10-30T18:14:37.930+0000][gc,phases     ] GC(108)   Evacuate Collection Set: 18.9ms
[2025-10-30T18:14:37.930+0000][gc,phases     ] GC(108)   Post Evacuate Collection Set: 1.3ms
[2025-10-30T18:14:37.931+0000][gc,phases     ] GC(108)   Other: 1.4ms
[2025-10-30T18:14:37.931+0000][gc,heap       ] GC(108) Eden regions: 22->0(22)
[2025-10-30T18:14:37.931+0000][gc,heap       ] GC(108) Survivor regions: 3->3(4)
[2025-10-30T18:14:37.931+0000][gc,heap       ] GC(108) Old regions: 78->80
[2025-10-30T18:14:37.932+0000][gc,heap       ] GC(108) Humongous regions: 147->147
[2025-10-30T18:14:37.932+0000][gc,metaspace  ] GC(108) Metaspace: 51544K(55216K)->51544K(55216K) NonClass: 45772K(47792K)->45772K(47792K) Class: 5771K(7424K)->5771K(7424K)
[2025-10-30T18:14:37.932+0000][gc            ] GC(108) Pause Young (Normal) (G1 Evacuation Pause) 249M->228M(512M) 24.156ms
[2025-10-30T18:14:37.933+0000][gc,cpu        ] GC(108) User=0.04s Sys=0.00s Real=0.02s
[2025-10-30T18:14:49.178+0000][gc,start      ] GC(109) Pause Young (Normal) (G1 Evacuation Pause)
[2025-10-30T18:14:49.178+0000][gc,task       ] GC(109) Using 2 workers of 2 for evacuation
[2025-10-30T18:14:49.202+0000][gc,mmu        ] GC(109) MMU target violated: 21.0ms (20.0ms/21.0ms)
[2025-10-30T18:14:49.203+0000][gc,phases     ] GC(109)   Pre Evacuate Collection Set: 0.0ms
[2025-10-30T18:14:49.203+0000][gc,phases     ] GC(109)   Evacuate Collection Set: 22.0ms
[2025-10-30T18:14:49.203+0000][gc,phases     ] GC(109)   Post Evacuate Collection Set: 1.3ms
[2025-10-30T18:14:49.203+0000][gc,phases     ] GC(109)   Other: 1.5ms
[2025-10-30T18:14:49.204+0000][gc,heap       ] GC(109) Eden regions: 22->0(22)
[2025-10-30T18:14:49.204+0000][gc,heap       ] GC(109) Survivor regions: 3->3(4)
[2025-10-30T18:14:49.205+0000][gc,heap       ] GC(109) Old regions: 80->80
[2025-10-30T18:14:49.205+0000][gc,heap       ] GC(109) Humongous regions: 147->147
[2025-10-30T18:14:49.205+0000][gc,metaspace  ] GC(109) Metaspace: 51544K(55216K)->51544K(55216K) NonClass: 45772K(47792K)->45772K(47792K) Class: 5771K(7424K)->5771K(7424K)
[2025-10-30T18:14:49.205+0000][gc            ] GC(109) Pause Young (Normal) (G1 Evacuation Pause) 250M->229M(512M) 27.740ms
[2025-10-30T18:14:49.206+0000][gc,cpu        ] GC(109) User=0.05s Sys=0.00s Real=0.03s
[2025-10-30T18:14:59.338+0000][gc,start      ] GC(110) Pause Young (Normal) (G1 Evacuation Pause)
[2025-10-30T18:14:59.338+0000][gc,task       ] GC(110) Using 2 workers of 2 for evacuation
[2025-10-30T18:14:59.366+0000][gc,mmu        ] GC(110) MMU target violated: 21.0ms (20.0ms/21.0ms)
[2025-10-30T18:14:59.367+0000][gc,phases     ] GC(110)   Pre Evacuate Collection Set: 0.1ms
[2025-10-30T18:14:59.367+0000][gc,phases     ] GC(110)   Evacuate Collection Set: 25.2ms
[2025-10-30T18:14:59.368+0000][gc,phases     ] GC(110)   Post Evacuate Collection Set: 1.5ms
[2025-10-30T18:14:59.368+0000][gc,phases     ] GC(110)   Other: 2.0ms
[2025-10-30T18:14:59.368+0000][gc,heap       ] GC(110) Eden regions: 22->0(22)
[2025-10-30T18:14:59.369+0000][gc,heap       ] GC(110) Survivor regions: 3->3(4)
[2025-10-30T18:14:59.369+0000][gc,heap       ] GC(110) Old regions: 80->81
[2025-10-30T18:14:59.370+0000][gc,heap       ] GC(110) Humongous regions: 147->147
[2025-10-30T18:14:59.370+0000][gc,metaspace  ] GC(110) Metaspace: 51545K(55216K)->51545K(55216K) NonClass: 45773K(47792K)->45773K(47792K) Class: 5771K(7424K)->5771K(7424K)
[2025-10-30T18:14:59.370+0000][gc            ] GC(110) Pause Young (Normal) (G1 Evacuation Pause) 251M->230M(512M) 32.343ms
[2025-10-30T18:14:59.371+0000][gc,cpu        ] GC(110) User=0.05s Sys=0.00s Real=0.04s
[2025-10-30T18:15:11.397+0000][gc,start      ] GC(111) Pause Young (Normal) (G1 Evacuation Pause)
[2025-10-30T18:15:11.398+0000][gc,task       ] GC(111) Using 2 workers of 2 for evacuation
[2025-10-30T18:15:11.416+0000][gc,phases     ] GC(111)   Pre Evacuate Collection Set: 0.0ms
[2025-10-30T18:15:11.417+0000][gc,phases     ] GC(111)   Evacuate Collection Set: 16.8ms
[2025-10-30T18:15:11.417+0000][gc,phases     ] GC(111)   Post Evacuate Collection Set: 1.1ms
[2025-10-30T18:15:11.417+0000][gc,phases     ] GC(111)   Other: 1.1ms
[2025-10-30T18:15:11.418+0000][gc,heap       ] GC(111) Eden regions: 22->0(23)
[2025-10-30T18:15:11.418+0000][gc,heap       ] GC(111) Survivor regions: 3->2(4)
[2025-10-30T18:15:11.418+0000][gc,heap       ] GC(111) Old regions: 81->82
[2025-10-30T18:15:11.419+0000][gc,heap       ] GC(111) Humongous regions: 147->147
[2025-10-30T18:15:11.419+0000][gc,metaspace  ] GC(111) Metaspace: 51547K(55216K)->51547K(55216K) NonClass: 45776K(47792K)->45776K(47792K) Class: 5771K(7424K)->5771K(7424K)
[2025-10-30T18:15:11.419+0000][gc            ] GC(111) Pause Young (Normal) (G1 Evacuation Pause) 252M->230M(512M) 22.012ms
[2025-10-30T18:15:11.420+0000][gc,cpu        ] GC(111) User=0.04s Sys=0.00s Real=0.03s
[2025-10-30T18:15:23.308+0000][gc,start      ] GC(112) Pause Young (Normal) (G1 Evacuation Pause)
[2025-10-30T18:15:23.308+0000][gc,task       ] GC(112) Using 2 workers of 2 for evacuation
[2025-10-30T18:15:23.328+0000][gc,phases     ] GC(112)   Pre Evacuate Collection Set: 0.0ms
[2025-10-30T18:15:23.328+0000][gc,phases     ] GC(112)   Evacuate Collection Set: 17.8ms
[2025-10-30T18:15:23.329+0000][gc,phases     ] GC(112)   Post Evacuate Collection Set: 1.3ms
[2025-10-30T18:15:23.329+0000][gc,phases     ] GC(112)   Other: 1.0ms
[2025-10-30T18:15:23.329+0000][gc,heap       ] GC(112) Eden regions: 23->0(22)
[2025-10-30T18:15:23.330+0000][gc,heap       ] GC(112) Survivor regions: 2->3(4)
[2025-10-30T18:15:23.330+0000][gc,heap       ] GC(112) Old regions: 82->82
[2025-10-30T18:15:23.330+0000][gc,heap       ] GC(112) Humongous regions: 147->147
[2025-10-30T18:15:23.331+0000][gc,metaspace  ] GC(112) Metaspace: 51547K(55216K)->51547K(55216K) NonClass: 45776K(47792K)->45776K(47792K) Class: 5771K(7424K)->5771K(7424K)
[2025-10-30T18:15:23.331+0000][gc            ] GC(112) Pause Young (Normal) (G1 Evacuation Pause) 253M->231M(512M) 23.094ms
[2025-10-30T18:15:23.331+0000][gc,cpu        ] GC(112) User=0.04s Sys=0.00s Real=0.03s
[2025-10-30T18:15:35.294+0000][gc,start      ] GC(113) Pause Young (Normal) (G1 Evacuation Pause)
[2025-10-30T18:15:35.296+0000][gc,task       ] GC(113) Using 2 workers of 2 for evacuation
[2025-10-30T18:15:35.323+0000][gc,mmu        ] GC(113) MMU target violated: 21.0ms (20.0ms/21.0ms)
[2025-10-30T18:15:35.324+0000][gc,phases     ] GC(113)   Pre Evacuate Collection Set: 0.0ms
[2025-10-30T18:15:35.325+0000][gc,phases     ] GC(113)   Evacuate Collection Set: 25.9ms
[2025-10-30T18:15:35.325+0000][gc,phases     ] GC(113)   Post Evacuate Collection Set: 1.4ms
[2025-10-30T18:15:35.325+0000][gc,phases     ] GC(113)   Other: 2.1ms
[2025-10-30T18:15:35.326+0000][gc,heap       ] GC(113) Eden regions: 22->0(22)
[2025-10-30T18:15:35.326+0000][gc,heap       ] GC(113) Survivor regions: 3->3(4)
[2025-10-30T18:15:35.326+0000][gc,heap       ] GC(113) Old regions: 82->83
[2025-10-30T18:15:35.327+0000][gc,heap       ] GC(113) Humongous regions: 147->147
[2025-10-30T18:15:35.327+0000][gc,metaspace  ] GC(113) Metaspace: 51547K(55216K)->51547K(55216K) NonClass: 45776K(47792K)->45776K(47792K) Class: 5771K(7424K)->5771K(7424K)
[2025-10-30T18:15:35.327+0000][gc            ] GC(113) Pause Young (Normal) (G1 Evacuation Pause) 253M->232M(512M) 32.857ms
[2025-10-30T18:15:35.328+0000][gc,cpu        ] GC(113) User=0.05s Sys=0.00s Real=0.03s
[2025-10-30T18:15:46.502+0000][gc,start      ] GC(114) Pause Young (Normal) (G1 Evacuation Pause)
[2025-10-30T18:15:46.502+0000][gc,task       ] GC(114) Using 2 workers of 2 for evacuation
[2025-10-30T18:15:46.525+0000][gc,mmu        ] GC(114) MMU target violated: 21.0ms (20.0ms/21.0ms)
[2025-10-30T18:15:46.525+0000][gc,phases     ] GC(114)   Pre Evacuate Collection Set: 0.0ms
[2025-10-30T18:15:46.526+0000][gc,phases     ] GC(114)   Evacuate Collection Set: 20.8ms
[2025-10-30T18:15:46.526+0000][gc,phases     ] GC(114)   Post Evacuate Collection Set: 1.5ms
[2025-10-30T18:15:46.526+0000][gc,phases     ] GC(114)   Other: 1.4ms
[2025-10-30T18:15:46.527+0000][gc,heap       ] GC(114) Eden regions: 22->0(22)
[2025-10-30T18:15:46.527+0000][gc,heap       ] GC(114) Survivor regions: 3->3(4)
[2025-10-30T18:15:46.527+0000][gc,heap       ] GC(114) Old regions: 83->84
[2025-10-30T18:15:46.528+0000][gc,heap       ] GC(114) Humongous regions: 147->147
[2025-10-30T18:15:46.528+0000][gc,metaspace  ] GC(114) Metaspace: 51547K(55216K)->51547K(55216K) NonClass: 45776K(47792K)->45776K(47792K) Class: 5771K(7424K)->5771K(7424K)
[2025-10-30T18:15:46.528+0000][gc            ] GC(114) Pause Young (Normal) (G1 Evacuation Pause) 254M->233M(512M) 26.614ms
[2025-10-30T18:15:46.529+0000][gc,cpu        ] GC(114) User=0.05s Sys=0.00s Real=0.02s
[2025-10-30T18:15:57.907+0000][gc,start      ] GC(115) Pause Young (Normal) (G1 Evacuation Pause)
[2025-10-30T18:15:57.908+0000][gc,task       ] GC(115) Using 2 workers of 2 for evacuation
[2025-10-30T18:15:57.937+0000][gc,mmu        ] GC(115) MMU target violated: 21.0ms (20.0ms/21.0ms)
[2025-10-30T18:15:57.938+0000][gc,phases     ] GC(115)   Pre Evacuate Collection Set: 0.0ms
[2025-10-30T18:15:57.938+0000][gc,phases     ] GC(115)   Evacuate Collection Set: 24.0ms
[2025-10-30T18:15:57.938+0000][gc,phases     ] GC(115)   Post Evacuate Collection Set: 4.7ms
[2025-10-30T18:15:57.938+0000][gc,phases     ] GC(115)   Other: 1.7ms
[2025-10-30T18:15:57.939+0000][gc,heap       ] GC(115) Eden regions: 22->0(22)
[2025-10-30T18:15:57.939+0000][gc,heap       ] GC(115) Survivor regions: 3->3(4)
[2025-10-30T18:15:57.940+0000][gc,heap       ] GC(115) Old regions: 84->85
[2025-10-30T18:15:57.940+0000][gc,heap       ] GC(115) Humongous regions: 147->147
[2025-10-30T18:15:57.941+0000][gc,metaspace  ] GC(115) Metaspace: 51547K(55216K)->51547K(55216K) NonClass: 45776K(47792K)->45776K(47792K) Class: 5771K(7424K)->5771K(7424K)
[2025-10-30T18:15:57.941+0000][gc            ] GC(115) Pause Young (Normal) (G1 Evacuation Pause) 255M->234M(512M) 34.230ms
[2025-10-30T18:15:57.942+0000][gc,cpu        ] GC(115) User=0.05s Sys=0.00s Real=0.04s
[2025-10-30T18:16:09.311+0000][gc,start      ] GC(116) Pause Young (Normal) (G1 Evacuation Pause)
[2025-10-30T18:16:09.311+0000][gc,task       ] GC(116) Using 2 workers of 2 for evacuation
[2025-10-30T18:16:09.336+0000][gc,mmu        ] GC(116) MMU target violated: 21.0ms (20.0ms/21.0ms)
[2025-10-30T18:16:09.337+0000][gc,phases     ] GC(116)   Pre Evacuate Collection Set: 0.0ms
[2025-10-30T18:16:09.338+0000][gc,phases     ] GC(116)   Evacuate Collection Set: 22.7ms
[2025-10-30T18:16:09.338+0000][gc,phases     ] GC(116)   Post Evacuate Collection Set: 1.7ms
[2025-10-30T18:16:09.339+0000][gc,phases     ] GC(116)   Other: 1.8ms
[2025-10-30T18:16:09.339+0000][gc,heap       ] GC(116) Eden regions: 22->0(23)
[2025-10-30T18:16:09.340+0000][gc,heap       ] GC(116) Survivor regions: 3->2(4)
[2025-10-30T18:16:09.340+0000][gc,heap       ] GC(116) Old regions: 85->86
[2025-10-30T18:16:09.341+0000][gc,heap       ] GC(116) Humongous regions: 147->147
[2025-10-30T18:16:09.341+0000][gc,metaspace  ] GC(116) Metaspace: 51548K(55216K)->51548K(55216K) NonClass: 45777K(47792K)->45777K(47792K) Class: 5771K(7424K)->5771K(7424K)
[2025-10-30T18:16:09.342+0000][gc            ] GC(116) Pause Young (Normal) (G1 Evacuation Pause) 256M->233M(512M) 30.955ms
[2025-10-30T18:16:09.342+0000][gc,cpu        ] GC(116) User=0.05s Sys=0.00s Real=0.03s
[2025-10-30T18:16:20.558+0000][gc,start      ] GC(117) Pause Young (Normal) (G1 Evacuation Pause)
[2025-10-30T18:16:20.559+0000][gc,task       ] GC(117) Using 2 workers of 2 for evacuation
[2025-10-30T18:16:20.575+0000][gc,phases     ] GC(117)   Pre Evacuate Collection Set: 0.0ms
[2025-10-30T18:16:20.576+0000][gc,phases     ] GC(117)   Evacuate Collection Set: 15.0ms
[2025-10-30T18:16:20.576+0000][gc,phases     ] GC(117)   Post Evacuate Collection Set: 1.2ms
[2025-10-30T18:16:20.576+0000][gc,phases     ] GC(117)   Other: 0.9ms
[2025-10-30T18:16:20.577+0000][gc,heap       ] GC(117) Eden regions: 23->0(22)
[2025-10-30T18:16:20.577+0000][gc,heap       ] GC(117) Survivor regions: 2->3(4)
[2025-10-30T18:16:20.577+0000][gc,heap       ] GC(117) Old regions: 86->86
[2025-10-30T18:16:20.578+0000][gc,heap       ] GC(117) Humongous regions: 147->147
[2025-10-30T18:16:20.578+0000][gc,metaspace  ] GC(117) Metaspace: 51548K(55216K)->51548K(55216K) NonClass: 45777K(47792K)->45777K(47792K) Class: 5771K(7424K)->5771K(7424K)
[2025-10-30T18:16:20.578+0000][gc            ] GC(117) Pause Young (Normal) (G1 Evacuation Pause) 256M->234M(512M) 19.815ms
[2025-10-30T18:16:20.579+0000][gc,cpu        ] GC(117) User=0.04s Sys=0.00s Real=0.02s
[2025-10-30T18:16:30.870+0000][gc,start      ] GC(118) Pause Young (Normal) (G1 Evacuation Pause)
[2025-10-30T18:16:30.871+0000][gc,task       ] GC(118) Using 2 workers of 2 for evacuation
[2025-10-30T18:16:30.890+0000][gc,phases     ] GC(118)   Pre Evacuate Collection Set: 0.0ms
[2025-10-30T18:16:30.891+0000][gc,phases     ] GC(118)   Evacuate Collection Set: 17.3ms
[2025-10-30T18:16:30.891+0000][gc,phases     ] GC(118)   Post Evacuate Collection Set: 1.3ms
[2025-10-30T18:16:30.891+0000][gc,phases     ] GC(118)   Other: 1.3ms
[2025-10-30T18:16:30.891+0000][gc,heap       ] GC(118) Eden regions: 22->0(22)
[2025-10-30T18:16:30.892+0000][gc,heap       ] GC(118) Survivor regions: 3->3(4)
[2025-10-30T18:16:30.892+0000][gc,heap       ] GC(118) Old regions: 86->86
[2025-10-30T18:16:30.892+0000][gc,heap       ] GC(118) Humongous regions: 147->147
[2025-10-30T18:16:30.892+0000][gc,metaspace  ] GC(118) Metaspace: 51552K(55216K)->51552K(55216K) NonClass: 45781K(47792K)->45781K(47792K) Class: 5771K(7424K)->5771K(7424K)
[2025-10-30T18:16:30.893+0000][gc            ] GC(118) Pause Young (Normal) (G1 Evacuation Pause) 256M->235M(512M) 22.374ms
[2025-10-30T18:16:30.893+0000][gc,cpu        ] GC(118) User=0.04s Sys=0.00s Real=0.03s
[2025-10-30T18:16:42.929+0000][gc,start      ] GC(119) Pause Young (Normal) (G1 Evacuation Pause)
[2025-10-30T18:16:42.929+0000][gc,task       ] GC(119) Using 2 workers of 2 for evacuation
[2025-10-30T18:16:42.951+0000][gc,mmu        ] GC(119) MMU target violated: 21.0ms (20.0ms/21.0ms)
[2025-10-30T18:16:42.952+0000][gc,phases     ] GC(119)   Pre Evacuate Collection Set: 0.1ms
[2025-10-30T18:16:42.952+0000][gc,phases     ] GC(119)   Evacuate Collection Set: 20.0ms
[2025-10-30T18:16:42.952+0000][gc,phases     ] GC(119)   Post Evacuate Collection Set: 1.1ms
[2025-10-30T18:16:42.952+0000][gc,phases     ] GC(119)   Other: 2.0ms
[2025-10-30T18:16:42.953+0000][gc,heap       ] GC(119) Eden regions: 22->0(22)
[2025-10-30T18:16:42.953+0000][gc,heap       ] GC(119) Survivor regions: 3->3(4)
[2025-10-30T18:16:42.953+0000][gc,heap       ] GC(119) Old regions: 86->87
[2025-10-30T18:16:42.954+0000][gc,heap       ] GC(119) Humongous regions: 147->147
[2025-10-30T18:16:42.954+0000][gc,metaspace  ] GC(119) Metaspace: 51552K(55216K)->51552K(55216K) NonClass: 45781K(47792K)->45781K(47792K) Class: 5771K(7424K)->5771K(7424K)
[2025-10-30T18:16:42.954+0000][gc            ] GC(119) Pause Young (Normal) (G1 Evacuation Pause) 257M->236M(512M) 25.687ms
[2025-10-30T18:16:42.955+0000][gc,cpu        ] GC(119) User=0.05s Sys=0.00s Real=0.03s
[2025-10-30T18:16:53.364+0000][gc,start      ] GC(120) Pause Young (Normal) (G1 Evacuation Pause)
[2025-10-30T18:16:53.364+0000][gc,task       ] GC(120) Using 2 workers of 2 for evacuation
[2025-10-30T18:16:53.388+0000][gc,mmu        ] GC(120) MMU target violated: 21.0ms (20.0ms/21.0ms)
[2025-10-30T18:16:53.388+0000][gc,phases     ] GC(120)   Pre Evacuate Collection Set: 0.1ms
[2025-10-30T18:16:53.388+0000][gc,phases     ] GC(120)   Evacuate Collection Set: 20.1ms
[2025-10-30T18:16:53.389+0000][gc,phases     ] GC(120)   Post Evacuate Collection Set: 2.2ms
[2025-10-30T18:16:53.389+0000][gc,phases     ] GC(120)   Other: 1.8ms
[2025-10-30T18:16:53.389+0000][gc,heap       ] GC(120) Eden regions: 22->0(22)
[2025-10-30T18:16:53.390+0000][gc,heap       ] GC(120) Survivor regions: 3->3(4)
[2025-10-30T18:16:53.390+0000][gc,heap       ] GC(120) Old regions: 87->88
[2025-10-30T18:16:53.391+0000][gc,heap       ] GC(120) Humongous regions: 147->147
[2025-10-30T18:16:53.391+0000][gc,metaspace  ] GC(120) Metaspace: 51553K(55216K)->51553K(55216K) NonClass: 45781K(47792K)->45781K(47792K) Class: 5771K(7424K)->5771K(7424K)
[2025-10-30T18:16:53.391+0000][gc            ] GC(120) Pause Young (Normal) (G1 Evacuation Pause) 258M->237M(512M) 27.596ms
[2025-10-30T18:16:53.392+0000][gc,cpu        ] GC(120) User=0.04s Sys=0.00s Real=0.03s
[2025-10-30T18:17:03.402+0000][gc,start      ] GC(121) Pause Young (Normal) (G1 Evacuation Pause)
[2025-10-30T18:17:03.403+0000][gc,task       ] GC(121) Using 2 workers of 2 for evacuation
[2025-10-30T18:17:03.420+0000][gc,phases     ] GC(121)   Pre Evacuate Collection Set: 0.0ms
[2025-10-30T18:17:03.421+0000][gc,phases     ] GC(121)   Evacuate Collection Set: 16.0ms
[2025-10-30T18:17:03.421+0000][gc,phases     ] GC(121)   Post Evacuate Collection Set: 1.1ms
[2025-10-30T18:17:03.421+0000][gc,phases     ] GC(121)   Other: 0.9ms
[2025-10-30T18:17:03.421+0000][gc,heap       ] GC(121) Eden regions: 22->0(22)
[2025-10-30T18:17:03.422+0000][gc,heap       ] GC(121) Survivor regions: 3->3(4)
[2025-10-30T18:17:03.422+0000][gc,heap       ] GC(121) Old regions: 88->89
[2025-10-30T18:17:03.422+0000][gc,heap       ] GC(121) Humongous regions: 147->147
[2025-10-30T18:17:03.423+0000][gc,metaspace  ] GC(121) Metaspace: 51553K(55216K)->51553K(55216K) NonClass: 45781K(47792K)->45781K(47792K) Class: 5771K(7424K)->5771K(7424K)
[2025-10-30T18:17:03.423+0000][gc            ] GC(121) Pause Young (Normal) (G1 Evacuation Pause) 259M->238M(512M) 20.613ms
[2025-10-30T18:17:03.423+0000][gc,cpu        ] GC(121) User=0.04s Sys=0.00s Real=0.02s
[2025-10-30T18:17:14.680+0000][gc,start      ] GC(122) Pause Young (Normal) (G1 Evacuation Pause)
[2025-10-30T18:17:14.680+0000][gc,task       ] GC(122) Using 2 workers of 2 for evacuation
[2025-10-30T18:17:14.697+0000][gc,phases     ] GC(122)   Pre Evacuate Collection Set: 0.0ms
[2025-10-30T18:17:14.697+0000][gc,phases     ] GC(122)   Evacuate Collection Set: 14.3ms
[2025-10-30T18:17:14.697+0000][gc,phases     ] GC(122)   Post Evacuate Collection Set: 1.1ms
[2025-10-30T18:17:14.698+0000][gc,phases     ] GC(122)   Other: 1.3ms
[2025-10-30T18:17:14.698+0000][gc,heap       ] GC(122) Eden regions: 22->0(23)
[2025-10-30T18:17:14.698+0000][gc,heap       ] GC(122) Survivor regions: 3->2(4)
[2025-10-30T18:17:14.698+0000][gc,heap       ] GC(122) Old regions: 89->90
[2025-10-30T18:17:14.699+0000][gc,heap       ] GC(122) Humongous regions: 147->147
[2025-10-30T18:17:14.699+0000][gc,metaspace  ] GC(122) Metaspace: 51553K(55216K)->51553K(55216K) NonClass: 45781K(47792K)->45781K(47792K) Class: 5771K(7424K)->5771K(7424K)
[2025-10-30T18:17:14.699+0000][gc            ] GC(122) Pause Young (Normal) (G1 Evacuation Pause) 260M->238M(512M) 19.162ms
[2025-10-30T18:17:14.699+0000][gc,cpu        ] GC(122) User=0.03s Sys=0.00s Real=0.02s
[2025-10-30T18:17:24.844+0000][gc,start      ] GC(123) Pause Young (Normal) (G1 Evacuation Pause)
[2025-10-30T18:17:24.844+0000][gc,task       ] GC(123) Using 2 workers of 2 for evacuation
[2025-10-30T18:17:24.859+0000][gc,phases     ] GC(123)   Pre Evacuate Collection Set: 0.0ms
[2025-10-30T18:17:24.860+0000][gc,phases     ] GC(123)   Evacuate Collection Set: 13.8ms
[2025-10-30T18:17:24.860+0000][gc,phases     ] GC(123)   Post Evacuate Collection Set: 1.0ms
[2025-10-30T18:17:24.860+0000][gc,phases     ] GC(123)   Other: 0.9ms
[2025-10-30T18:17:24.861+0000][gc,heap       ] GC(123) Eden regions: 23->0(23)
[2025-10-30T18:17:24.861+0000][gc,heap       ] GC(123) Survivor regions: 2->3(4)
[2025-10-30T18:17:24.861+0000][gc,heap       ] GC(123) Old regions: 90->90
[2025-10-30T18:17:24.861+0000][gc,heap       ] GC(123) Humongous regions: 147->147
[2025-10-30T18:17:24.862+0000][gc,metaspace  ] GC(123) Metaspace: 51553K(55216K)->51553K(55216K) NonClass: 45781K(47792K)->45781K(47792K) Class: 5771K(7424K)->5771K(7424K)
[2025-10-30T18:17:24.862+0000][gc            ] GC(123) Pause Young (Normal) (G1 Evacuation Pause) 261M->238M(512M) 18.129ms
[2025-10-30T18:17:24.862+0000][gc,cpu        ] GC(123) User=0.03s Sys=0.00s Real=0.01s
[2025-10-30T18:17:36.011+0000][gc,start      ] GC(124) Pause Young (Normal) (G1 Evacuation Pause)
[2025-10-30T18:17:36.011+0000][gc,task       ] GC(124) Using 2 workers of 2 for evacuation
[2025-10-30T18:17:36.031+0000][gc,phases     ] GC(124)   Pre Evacuate Collection Set: 0.0ms
[2025-10-30T18:17:36.032+0000][gc,phases     ] GC(124)   Evacuate Collection Set: 18.4ms
[2025-10-30T18:17:36.032+0000][gc,phases     ] GC(124)   Post Evacuate Collection Set: 1.1ms
[2025-10-30T18:17:36.032+0000][gc,phases     ] GC(124)   Other: 1.1ms
[2025-10-30T18:17:36.033+0000][gc,heap       ] GC(124) Eden regions: 23->0(23)
[2025-10-30T18:17:36.033+0000][gc,heap       ] GC(124) Survivor regions: 3->3(4)
[2025-10-30T18:17:36.033+0000][gc,heap       ] GC(124) Old regions: 90->90
[2025-10-30T18:17:36.033+0000][gc,heap       ] GC(124) Humongous regions: 147->147
[2025-10-30T18:17:36.034+0000][gc,metaspace  ] GC(124) Metaspace: 51553K(55216K)->51553K(55216K) NonClass: 45781K(47792K)->45781K(47792K) Class: 5771K(7424K)->5771K(7424K)
[2025-10-30T18:17:36.034+0000][gc            ] GC(124) Pause Young (Normal) (G1 Evacuation Pause) 261M->239M(512M) 23.238ms
[2025-10-30T18:17:36.034+0000][gc,cpu        ] GC(124) User=0.04s Sys=0.00s Real=0.03s
[2025-10-30T18:17:46.508+0000][gc,start      ] GC(125) Pause Young (Normal) (G1 Evacuation Pause)
[2025-10-30T18:17:46.508+0000][gc,task       ] GC(125) Using 2 workers of 2 for evacuation
[2025-10-30T18:17:46.615+0000][gc,mmu        ] GC(125) MMU target violated: 21.0ms (20.0ms/21.0ms)
[2025-10-30T18:17:46.616+0000][gc,phases     ] GC(125)   Pre Evacuate Collection Set: 0.0ms
[2025-10-30T18:17:46.617+0000][gc,phases     ] GC(125)   Evacuate Collection Set: 104.8ms
[2025-10-30T18:17:46.617+0000][gc,phases     ] GC(125)   Post Evacuate Collection Set: 1.6ms
[2025-10-30T18:17:46.618+0000][gc,phases     ] GC(125)   Other: 1.6ms
[2025-10-30T18:17:46.618+0000][gc,heap       ] GC(125) Eden regions: 23->0(22)
[2025-10-30T18:17:46.619+0000][gc,heap       ] GC(125) Survivor regions: 3->3(4)
[2025-10-30T18:17:46.619+0000][gc,heap       ] GC(125) Old regions: 90->91
[2025-10-30T18:17:46.619+0000][gc,heap       ] GC(125) Humongous regions: 147->147
[2025-10-30T18:17:46.620+0000][gc,metaspace  ] GC(125) Metaspace: 51553K(55216K)->51553K(55216K) NonClass: 45781K(47792K)->45781K(47792K) Class: 5771K(7424K)->5771K(7424K)
[2025-10-30T18:17:46.620+0000][gc            ] GC(125) Pause Young (Normal) (G1 Evacuation Pause) 262M->240M(512M) 112.343ms
[2025-10-30T18:17:46.620+0000][gc,cpu        ] GC(125) User=0.17s Sys=0.04s Real=0.11s
[2025-10-30T18:17:56.417+0000][gc,start      ] GC(126) Pause Young (Normal) (G1 Evacuation Pause)
[2025-10-30T18:17:56.418+0000][gc,task       ] GC(126) Using 2 workers of 2 for evacuation
[2025-10-30T18:17:56.436+0000][gc,phases     ] GC(126)   Pre Evacuate Collection Set: 0.0ms
[2025-10-30T18:17:56.437+0000][gc,phases     ] GC(126)   Evacuate Collection Set: 17.3ms
[2025-10-30T18:17:56.437+0000][gc,phases     ] GC(126)   Post Evacuate Collection Set: 1.0ms
[2025-10-30T18:17:56.437+0000][gc,phases     ] GC(126)   Other: 1.2ms
[2025-10-30T18:17:56.438+0000][gc,heap       ] GC(126) Eden regions: 22->0(22)
[2025-10-30T18:17:56.438+0000][gc,heap       ] GC(126) Survivor regions: 3->3(4)
[2025-10-30T18:17:56.438+0000][gc,heap       ] GC(126) Old regions: 91->92
[2025-10-30T18:17:56.438+0000][gc,heap       ] GC(126) Humongous regions: 147->147
[2025-10-30T18:17:56.439+0000][gc,metaspace  ] GC(126) Metaspace: 51554K(55216K)->51554K(55216K) NonClass: 45782K(47792K)->45782K(47792K) Class: 5771K(7424K)->5771K(7424K)
[2025-10-30T18:17:56.439+0000][gc            ] GC(126) Pause Young (Normal) (G1 Evacuation Pause) 262M->241M(512M) 22.108ms
[2025-10-30T18:17:56.439+0000][gc,cpu        ] GC(126) User=0.03s Sys=0.00s Real=0.02s
[2025-10-30T18:18:06.302+0000][gc,start      ] GC(127) Pause Young (Normal) (G1 Evacuation Pause)
[2025-10-30T18:18:06.302+0000][gc,task       ] GC(127) Using 2 workers of 2 for evacuation
[2025-10-30T18:18:06.323+0000][gc,phases     ] GC(127)   Pre Evacuate Collection Set: 0.0ms
[2025-10-30T18:18:06.324+0000][gc,phases     ] GC(127)   Evacuate Collection Set: 17.2ms
[2025-10-30T18:18:06.324+0000][gc,phases     ] GC(127)   Post Evacuate Collection Set: 1.3ms
[2025-10-30T18:18:06.324+0000][gc,phases     ] GC(127)   Other: 2.8ms
[2025-10-30T18:18:06.325+0000][gc,heap       ] GC(127) Eden regions: 22->0(22)
[2025-10-30T18:18:06.325+0000][gc,heap       ] GC(127) Survivor regions: 3->3(4)
[2025-10-30T18:18:06.325+0000][gc,heap       ] GC(127) Old regions: 92->93
[2025-10-30T18:18:06.326+0000][gc,heap       ] GC(127) Humongous regions: 147->147
[2025-10-30T18:18:06.326+0000][gc,metaspace  ] GC(127) Metaspace: 51554K(55216K)->51554K(55216K) NonClass: 45782K(47792K)->45782K(47792K) Class: 5771K(7424K)->5771K(7424K)
[2025-10-30T18:18:06.326+0000][gc            ] GC(127) Pause Young (Normal) (G1 Evacuation Pause) 263M->242M(512M) 24.030ms
[2025-10-30T18:18:06.326+0000][gc,cpu        ] GC(127) User=0.04s Sys=0.00s Real=0.03s
[2025-10-30T18:18:16.111+0000][gc,start      ] GC(128) Pause Young (Normal) (G1 Evacuation Pause)
[2025-10-30T18:18:16.112+0000][gc,task       ] GC(128) Using 2 workers of 2 for evacuation
[2025-10-30T18:18:16.126+0000][gc,phases     ] GC(128)   Pre Evacuate Collection Set: 0.0ms
[2025-10-30T18:18:16.126+0000][gc,phases     ] GC(128)   Evacuate Collection Set: 12.6ms
[2025-10-30T18:18:16.126+0000][gc,phases     ] GC(128)   Post Evacuate Collection Set: 0.9ms
[2025-10-30T18:18:16.126+0000][gc,phases     ] GC(128)   Other: 0.7ms
[2025-10-30T18:18:16.127+0000][gc,heap       ] GC(128) Eden regions: 22->0(23)
[2025-10-30T18:18:16.127+0000][gc,heap       ] GC(128) Survivor regions: 3->2(4)
[2025-10-30T18:18:16.127+0000][gc,heap       ] GC(128) Old regions: 93->94
[2025-10-30T18:18:16.127+0000][gc,heap       ] GC(128) Humongous regions: 147->147
[2025-10-30T18:18:16.127+0000][gc,metaspace  ] GC(128) Metaspace: 51554K(55216K)->51554K(55216K) NonClass: 45782K(47792K)->45782K(47792K) Class: 5771K(7424K)->5771K(7424K)
[2025-10-30T18:18:16.128+0000][gc            ] GC(128) Pause Young (Normal) (G1 Evacuation Pause) 264M->242M(512M) 16.501ms
[2025-10-30T18:18:16.128+0000][gc,cpu        ] GC(128) User=0.03s Sys=0.00s Real=0.02s
[2025-10-30T18:18:26.876+0000][gc,start      ] GC(129) Pause Young (Normal) (G1 Evacuation Pause)
[2025-10-30T18:18:26.876+0000][gc,task       ] GC(129) Using 2 workers of 2 for evacuation
[2025-10-30T18:18:26.890+0000][gc,phases     ] GC(129)   Pre Evacuate Collection Set: 0.0ms
[2025-10-30T18:18:26.891+0000][gc,phases     ] GC(129)   Evacuate Collection Set: 12.8ms
[2025-10-30T18:18:26.891+0000][gc,phases     ] GC(129)   Post Evacuate Collection Set: 1.0ms
[2025-10-30T18:18:26.891+0000][gc,phases     ] GC(129)   Other: 0.8ms
[2025-10-30T18:18:26.892+0000][gc,heap       ] GC(129) Eden regions: 23->0(22)
[2025-10-30T18:18:26.892+0000][gc,heap       ] GC(129) Survivor regions: 2->3(4)
[2025-10-30T18:18:26.892+0000][gc,heap       ] GC(129) Old regions: 94->94
[2025-10-30T18:18:26.893+0000][gc,heap       ] GC(129) Humongous regions: 147->147
[2025-10-30T18:18:26.893+0000][gc,metaspace  ] GC(129) Metaspace: 51554K(55216K)->51554K(55216K) NonClass: 45782K(47792K)->45782K(47792K) Class: 5771K(7424K)->5771K(7424K)
[2025-10-30T18:18:26.893+0000][gc            ] GC(129) Pause Young (Normal) (G1 Evacuation Pause) 265M->242M(512M) 17.792ms
[2025-10-30T18:18:26.894+0000][gc,cpu        ] GC(129) User=0.03s Sys=0.00s Real=0.01s
[2025-10-30T18:18:36.851+0000][gc,start      ] GC(130) Pause Young (Normal) (G1 Evacuation Pause)
[2025-10-30T18:18:36.851+0000][gc,task       ] GC(130) Using 2 workers of 2 for evacuation
[2025-10-30T18:18:36.866+0000][gc,phases     ] GC(130)   Pre Evacuate Collection Set: 0.0ms
[2025-10-30T18:18:36.866+0000][gc,phases     ] GC(130)   Evacuate Collection Set: 13.7ms
[2025-10-30T18:18:36.866+0000][gc,phases     ] GC(130)   Post Evacuate Collection Set: 0.8ms
[2025-10-30T18:18:36.866+0000][gc,phases     ] GC(130)   Other: 0.6ms
[2025-10-30T18:18:36.866+0000][gc,heap       ] GC(130) Eden regions: 22->0(22)
[2025-10-30T18:18:36.867+0000][gc,heap       ] GC(130) Survivor regions: 3->3(4)
[2025-10-30T18:18:36.867+0000][gc,heap       ] GC(130) Old regions: 94->94
[2025-10-30T18:18:36.867+0000][gc,heap       ] GC(130) Humongous regions: 147->147
[2025-10-30T18:18:36.867+0000][gc,metaspace  ] GC(130) Metaspace: 51554K(55216K)->51554K(55216K) NonClass: 45782K(47792K)->45782K(47792K) Class: 5771K(7424K)->5771K(7424K)
[2025-10-30T18:18:36.867+0000][gc            ] GC(130) Pause Young (Normal) (G1 Evacuation Pause) 264M->243M(512M) 16.822ms
[2025-10-30T18:18:36.868+0000][gc,cpu        ] GC(130) User=0.02s Sys=0.00s Real=0.02s
[2025-10-30T18:18:46.521+0000][gc,start      ] GC(131) Pause Young (Normal) (G1 Evacuation Pause)
[2025-10-30T18:18:46.521+0000][gc,task       ] GC(131) Using 2 workers of 2 for evacuation
[2025-10-30T18:18:46.538+0000][gc,phases     ] GC(131)   Pre Evacuate Collection Set: 0.0ms
[2025-10-30T18:18:46.538+0000][gc,phases     ] GC(131)   Evacuate Collection Set: 14.8ms
[2025-10-30T18:18:46.539+0000][gc,phases     ] GC(131)   Post Evacuate Collection Set: 1.0ms
[2025-10-30T18:18:46.539+0000][gc,phases     ] GC(131)   Other: 0.8ms
[2025-10-30T18:18:46.539+0000][gc,heap       ] GC(131) Eden regions: 22->0(22)
[2025-10-30T18:18:46.539+0000][gc,heap       ] GC(131) Survivor regions: 3->3(4)
[2025-10-30T18:18:46.540+0000][gc,heap       ] GC(131) Old regions: 94->95
[2025-10-30T18:18:46.540+0000][gc,heap       ] GC(131) Humongous regions: 147->147
[2025-10-30T18:18:46.540+0000][gc,metaspace  ] GC(131) Metaspace: 51554K(55216K)->51554K(55216K) NonClass: 45782K(47792K)->45782K(47792K) Class: 5771K(7424K)->5771K(7424K)
[2025-10-30T18:18:46.540+0000][gc            ] GC(131) Pause Young (Normal) (G1 Evacuation Pause) 265M->244M(512M) 19.183ms
[2025-10-30T18:18:46.541+0000][gc,cpu        ] GC(131) User=0.03s Sys=0.00s Real=0.02s
[2025-10-30T18:18:55.502+0000][gc,start      ] GC(132) Pause Young (Normal) (G1 Evacuation Pause)
[2025-10-30T18:18:55.503+0000][gc,task       ] GC(132) Using 2 workers of 2 for evacuation
[2025-10-30T18:18:55.519+0000][gc,phases     ] GC(132)   Pre Evacuate Collection Set: 0.1ms
[2025-10-30T18:18:55.519+0000][gc,phases     ] GC(132)   Evacuate Collection Set: 15.1ms
[2025-10-30T18:18:55.520+0000][gc,phases     ] GC(132)   Post Evacuate Collection Set: 0.9ms
[2025-10-30T18:18:55.520+0000][gc,phases     ] GC(132)   Other: 1.0ms
[2025-10-30T18:18:55.520+0000][gc,heap       ] GC(132) Eden regions: 22->0(22)
[2025-10-30T18:18:55.520+0000][gc,heap       ] GC(132) Survivor regions: 3->3(4)
[2025-10-30T18:18:55.521+0000][gc,heap       ] GC(132) Old regions: 95->96
[2025-10-30T18:18:55.521+0000][gc,heap       ] GC(132) Humongous regions: 147->147
[2025-10-30T18:18:55.521+0000][gc,metaspace  ] GC(132) Metaspace: 51557K(55216K)->51557K(55216K) NonClass: 45785K(47792K)->45785K(47792K) Class: 5771K(7424K)->5771K(7424K)
[2025-10-30T18:18:55.521+0000][gc            ] GC(132) Pause Young (Normal) (G1 Evacuation Pause) 266M->245M(512M) 19.086ms
[2025-10-30T18:18:55.522+0000][gc,cpu        ] GC(132) User=0.03s Sys=0.00s Real=0.02s
[2025-10-30T18:19:04.643+0000][gc,start      ] GC(133) Pause Young (Normal) (G1 Evacuation Pause)
[2025-10-30T18:19:04.643+0000][gc,task       ] GC(133) Using 2 workers of 2 for evacuation
[2025-10-30T18:19:04.657+0000][gc,phases     ] GC(133)   Pre Evacuate Collection Set: 0.0ms
[2025-10-30T18:19:04.657+0000][gc,phases     ] GC(133)   Evacuate Collection Set: 12.4ms
[2025-10-30T18:19:04.657+0000][gc,phases     ] GC(133)   Post Evacuate Collection Set: 1.0ms
[2025-10-30T18:19:04.657+0000][gc,phases     ] GC(133)   Other: 0.6ms
[2025-10-30T18:19:04.658+0000][gc,heap       ] GC(133) Eden regions: 22->0(22)
[2025-10-30T18:19:04.658+0000][gc,heap       ] GC(133) Survivor regions: 3->3(4)
[2025-10-30T18:19:04.658+0000][gc,heap       ] GC(133) Old regions: 96->97
[2025-10-30T18:19:04.658+0000][gc,heap       ] GC(133) Humongous regions: 147->147
[2025-10-30T18:19:04.658+0000][gc,metaspace  ] GC(133) Metaspace: 51557K(55216K)->51557K(55216K) NonClass: 45785K(47792K)->45785K(47792K) Class: 5771K(7424K)->5771K(7424K)
[2025-10-30T18:19:04.658+0000][gc            ] GC(133) Pause Young (Normal) (G1 Evacuation Pause) 267M->246M(512M) 15.635ms
[2025-10-30T18:19:04.658+0000][gc,cpu        ] GC(133) User=0.03s Sys=0.00s Real=0.02s
[2025-10-30T18:19:13.207+0000][gc,start      ] GC(134) Pause Young (Normal) (G1 Evacuation Pause)
[2025-10-30T18:19:13.207+0000][gc,task       ] GC(134) Using 2 workers of 2 for evacuation
[2025-10-30T18:19:13.222+0000][gc,phases     ] GC(134)   Pre Evacuate Collection Set: 0.0ms
[2025-10-30T18:19:13.223+0000][gc,phases     ] GC(134)   Evacuate Collection Set: 13.8ms
[2025-10-30T18:19:13.223+0000][gc,phases     ] GC(134)   Post Evacuate Collection Set: 1.0ms
[2025-10-30T18:19:13.223+0000][gc,phases     ] GC(134)   Other: 0.8ms
[2025-10-30T18:19:13.223+0000][gc,heap       ] GC(134) Eden regions: 22->0(24)
[2025-10-30T18:19:13.224+0000][gc,heap       ] GC(134) Survivor regions: 3->3(4)
[2025-10-30T18:19:13.224+0000][gc,heap       ] GC(134) Old regions: 97->98
[2025-10-30T18:19:13.224+0000][gc,heap       ] GC(134) Humongous regions: 147->147
[2025-10-30T18:19:13.224+0000][gc,metaspace  ] GC(134) Metaspace: 51557K(55216K)->51557K(55216K) NonClass: 45785K(47792K)->45785K(47792K) Class: 5771K(7424K)->5771K(7424K)
[2025-10-30T18:19:13.225+0000][gc            ] GC(134) Pause Young (Normal) (G1 Evacuation Pause) 268M->246M(512M) 17.728ms
[2025-10-30T18:19:13.225+0000][gc,cpu        ] GC(134) User=0.03s Sys=0.00s Real=0.01s
[2025-10-30T18:19:22.994+0000][gc,start      ] GC(135) Pause Young (Normal) (G1 Evacuation Pause)
[2025-10-30T18:19:22.994+0000][gc,task       ] GC(135) Using 2 workers of 2 for evacuation
[2025-10-30T18:19:23.009+0000][gc,phases     ] GC(135)   Pre Evacuate Collection Set: 0.0ms
[2025-10-30T18:19:23.010+0000][gc,phases     ] GC(135)   Evacuate Collection Set: 13.7ms
[2025-10-30T18:19:23.010+0000][gc,phases     ] GC(135)   Post Evacuate Collection Set: 1.0ms
[2025-10-30T18:19:23.010+0000][gc,phases     ] GC(135)   Other: 0.8ms
[2025-10-30T18:19:23.011+0000][gc,heap       ] GC(135) Eden regions: 24->0(25)
[2025-10-30T18:19:23.011+0000][gc,heap       ] GC(135) Survivor regions: 3->2(4)
[2025-10-30T18:19:23.012+0000][gc,heap       ] GC(135) Old regions: 98->98
[2025-10-30T18:19:23.012+0000][gc,heap       ] GC(135) Humongous regions: 147->147
[2025-10-30T18:19:23.012+0000][gc,metaspace  ] GC(135) Metaspace: 51557K(55216K)->51557K(55216K) NonClass: 45785K(47792K)->45785K(47792K) Class: 5771K(7424K)->5771K(7424K)
[2025-10-30T18:19:23.013+0000][gc            ] GC(135) Pause Young (Normal) (G1 Evacuation Pause) 270M->246M(512M) 19.000ms
[2025-10-30T18:19:23.013+0000][gc,cpu        ] GC(135) User=0.03s Sys=0.00s Real=0.02s
[2025-10-30T18:19:32.469+0000][gc,start      ] GC(136) Pause Young (Normal) (G1 Evacuation Pause)
[2025-10-30T18:19:32.470+0000][gc,task       ] GC(136) Using 2 workers of 2 for evacuation
[2025-10-30T18:19:32.481+0000][gc,phases     ] GC(136)   Pre Evacuate Collection Set: 0.0ms
[2025-10-30T18:19:32.481+0000][gc,phases     ] GC(136)   Evacuate Collection Set: 10.1ms
[2025-10-30T18:19:32.481+0000][gc,phases     ] GC(136)   Post Evacuate Collection Set: 0.8ms
[2025-10-30T18:19:32.481+0000][gc,phases     ] GC(136)   Other: 0.6ms
[2025-10-30T18:19:32.482+0000][gc,heap       ] GC(136) Eden regions: 24->0(28)
[2025-10-30T18:19:32.482+0000][gc,heap       ] GC(136) Survivor regions: 2->3(4)
[2025-10-30T18:19:32.482+0000][gc,heap       ] GC(136) Old regions: 98->98
[2025-10-30T18:19:32.482+0000][gc,heap       ] GC(136) Humongous regions: 147->147
[2025-10-30T18:19:32.482+0000][gc,metaspace  ] GC(136) Metaspace: 51559K(55216K)->51559K(55216K) NonClass: 45787K(47792K)->45787K(47792K) Class: 5771K(7424K)->5771K(7424K)
[2025-10-30T18:19:32.482+0000][gc            ] GC(136) Pause Young (Normal) (G1 Evacuation Pause) 270M->247M(512M) 13.045ms
[2025-10-30T18:19:32.483+0000][gc,cpu        ] GC(136) User=0.02s Sys=0.00s Real=0.01s
[2025-10-30T18:19:42.551+0000][gc,start      ] GC(137) Pause Young (Normal) (G1 Evacuation Pause)
[2025-10-30T18:19:42.552+0000][gc,task       ] GC(137) Using 2 workers of 2 for evacuation
[2025-10-30T18:19:42.565+0000][gc,phases     ] GC(137)   Pre Evacuate Collection Set: 0.0ms
[2025-10-30T18:19:42.565+0000][gc,phases     ] GC(137)   Evacuate Collection Set: 12.0ms
[2025-10-30T18:19:42.565+0000][gc,phases     ] GC(137)   Post Evacuate Collection Set: 0.7ms
[2025-10-30T18:19:42.565+0000][gc,phases     ] GC(137)   Other: 0.7ms
[2025-10-30T18:19:42.566+0000][gc,heap       ] GC(137) Eden regions: 26->0(29)
[2025-10-30T18:19:42.566+0000][gc,heap       ] GC(137) Survivor regions: 3->3(4)
[2025-10-30T18:19:42.566+0000][gc,heap       ] GC(137) Old regions: 98->99
[2025-10-30T18:19:42.566+0000][gc,heap       ] GC(137) Humongous regions: 147->147
[2025-10-30T18:19:42.566+0000][gc,metaspace  ] GC(137) Metaspace: 51560K(55216K)->51560K(55216K) NonClass: 45788K(47792K)->45788K(47792K) Class: 5771K(7424K)->5771K(7424K)
[2025-10-30T18:19:42.566+0000][gc            ] GC(137) Pause Young (Normal) (G1 Evacuation Pause) 273M->248M(512M) 15.005ms
[2025-10-30T18:19:42.567+0000][gc,cpu        ] GC(137) User=0.03s Sys=0.00s Real=0.02s
[2025-10-30T18:19:53.043+0000][gc,start      ] GC(138) Pause Young (Normal) (G1 Evacuation Pause)
[2025-10-30T18:19:53.043+0000][gc,task       ] GC(138) Using 2 workers of 2 for evacuation
[2025-10-30T18:19:53.062+0000][gc,phases     ] GC(138)   Pre Evacuate Collection Set: 0.0ms
[2025-10-30T18:19:53.062+0000][gc,phases     ] GC(138)   Evacuate Collection Set: 17.0ms
[2025-10-30T18:19:53.062+0000][gc,phases     ] GC(138)   Post Evacuate Collection Set: 1.0ms
[2025-10-30T18:19:53.063+0000][gc,phases     ] GC(138)   Other: 1.1ms
[2025-10-30T18:19:53.063+0000][gc,heap       ] GC(138) Eden regions: 26->0(29)
[2025-10-30T18:19:53.063+0000][gc,heap       ] GC(138) Survivor regions: 3->3(4)
[2025-10-30T18:19:53.063+0000][gc,heap       ] GC(138) Old regions: 99->100
[2025-10-30T18:19:53.064+0000][gc,heap       ] GC(138) Humongous regions: 147->147
[2025-10-30T18:19:53.064+0000][gc,metaspace  ] GC(138) Metaspace: 51562K(55216K)->51562K(55216K) NonClass: 45790K(47792K)->45790K(47792K) Class: 5771K(7424K)->5771K(7424K)
[2025-10-30T18:19:53.064+0000][gc            ] GC(138) Pause Young (Normal) (G1 Evacuation Pause) 274M->249M(512M) 21.470ms
[2025-10-30T18:19:53.064+0000][gc,cpu        ] GC(138) User=0.04s Sys=0.00s Real=0.02s
[2025-10-30T18:20:03.386+0000][gc,start      ] GC(139) Pause Young (Normal) (G1 Evacuation Pause)
[2025-10-30T18:20:03.386+0000][gc,task       ] GC(139) Using 2 workers of 2 for evacuation
[2025-10-30T18:20:03.399+0000][gc,phases     ] GC(139)   Pre Evacuate Collection Set: 0.0ms
[2025-10-30T18:20:03.399+0000][gc,phases     ] GC(139)   Evacuate Collection Set: 12.0ms
[2025-10-30T18:20:03.399+0000][gc,phases     ] GC(139)   Post Evacuate Collection Set: 0.7ms
[2025-10-30T18:20:03.400+0000][gc,phases     ] GC(139)   Other: 0.6ms
[2025-10-30T18:20:03.400+0000][gc,heap       ] GC(139) Eden regions: 27->0(30)
[2025-10-30T18:20:03.400+0000][gc,heap       ] GC(139) Survivor regions: 3->3(4)
[2025-10-30T18:20:03.400+0000][gc,heap       ] GC(139) Old regions: 100->101
[2025-10-30T18:20:03.400+0000][gc,heap       ] GC(139) Humongous regions: 147->147
[2025-10-30T18:20:03.401+0000][gc,metaspace  ] GC(139) Metaspace: 51562K(55216K)->51562K(55216K) NonClass: 45790K(47792K)->45790K(47792K) Class: 5771K(7424K)->5771K(7424K)
[2025-10-30T18:20:03.401+0000][gc            ] GC(139) Pause Young (Normal) (G1 Evacuation Pause) 276M->250M(512M) 15.061ms
[2025-10-30T18:20:03.401+0000][gc,cpu        ] GC(139) User=0.02s Sys=0.00s Real=0.02s
[2025-10-30T18:20:15.385+0000][gc,start      ] GC(140) Pause Young (Normal) (G1 Evacuation Pause)
[2025-10-30T18:20:15.385+0000][gc,task       ] GC(140) Using 2 workers of 2 for evacuation
[2025-10-30T18:20:15.399+0000][gc,phases     ] GC(140)   Pre Evacuate Collection Set: 0.0ms
[2025-10-30T18:20:15.399+0000][gc,phases     ] GC(140)   Evacuate Collection Set: 12.4ms
[2025-10-30T18:20:15.399+0000][gc,phases     ] GC(140)   Post Evacuate Collection Set: 0.9ms
[2025-10-30T18:20:15.400+0000][gc,phases     ] GC(140)   Other: 0.7ms
[2025-10-30T18:20:15.400+0000][gc,heap       ] GC(140) Eden regions: 30->0(33)
[2025-10-30T18:20:15.400+0000][gc,heap       ] GC(140) Survivor regions: 3->4(5)
[2025-10-30T18:20:15.400+0000][gc,heap       ] GC(140) Old regions: 101->101
[2025-10-30T18:20:15.400+0000][gc,heap       ] GC(140) Humongous regions: 147->147
[2025-10-30T18:20:15.400+0000][gc,metaspace  ] GC(140) Metaspace: 51562K(55216K)->51562K(55216K) NonClass: 45791K(47792K)->45791K(47792K) Class: 5771K(7424K)->5771K(7424K)
[2025-10-30T18:20:15.401+0000][gc            ] GC(140) Pause Young (Normal) (G1 Evacuation Pause) 280M->250M(512M) 15.866ms
[2025-10-30T18:20:15.401+0000][gc,cpu        ] GC(140) User=0.03s Sys=0.00s Real=0.02s
[2025-10-30T18:20:27.148+0000][gc,start      ] GC(141) Pause Young (Normal) (G1 Evacuation Pause)
[2025-10-30T18:20:27.148+0000][gc,task       ] GC(141) Using 2 workers of 2 for evacuation
[2025-10-30T18:20:27.166+0000][gc,phases     ] GC(141)   Pre Evacuate Collection Set: 0.0ms
[2025-10-30T18:20:27.166+0000][gc,phases     ] GC(141)   Evacuate Collection Set: 16.0ms
[2025-10-30T18:20:27.166+0000][gc,phases     ] GC(141)   Post Evacuate Collection Set: 0.8ms
[2025-10-30T18:20:27.167+0000][gc,phases     ] GC(141)   Other: 0.8ms
[2025-10-30T18:20:27.167+0000][gc,heap       ] GC(141) Eden regions: 30->0(33)
[2025-10-30T18:20:27.167+0000][gc,heap       ] GC(141) Survivor regions: 4->3(5)
[2025-10-30T18:20:27.167+0000][gc,heap       ] GC(141) Old regions: 101->102
[2025-10-30T18:20:27.168+0000][gc,heap       ] GC(141) Humongous regions: 147->147
[2025-10-30T18:20:27.168+0000][gc,metaspace  ] GC(141) Metaspace: 51564K(55216K)->51564K(55216K) NonClass: 45792K(47792K)->45792K(47792K) Class: 5771K(7424K)->5771K(7424K)
[2025-10-30T18:20:27.168+0000][gc            ] GC(141) Pause Young (Normal) (G1 Evacuation Pause) 280M->250M(512M) 20.531ms
[2025-10-30T18:20:27.169+0000][gc,cpu        ] GC(141) User=0.04s Sys=0.00s Real=0.02s
[2025-10-30T18:20:39.716+0000][gc,start      ] GC(142) Pause Young (Normal) (G1 Evacuation Pause)
[2025-10-30T18:20:39.716+0000][gc,task       ] GC(142) Using 2 workers of 2 for evacuation
[2025-10-30T18:20:39.731+0000][gc,phases     ] GC(142)   Pre Evacuate Collection Set: 0.0ms
[2025-10-30T18:20:39.732+0000][gc,phases     ] GC(142)   Evacuate Collection Set: 13.8ms
[2025-10-30T18:20:39.732+0000][gc,phases     ] GC(142)   Post Evacuate Collection Set: 1.0ms
[2025-10-30T18:20:39.732+0000][gc,phases     ] GC(142)   Other: 0.6ms
[2025-10-30T18:20:39.732+0000][gc,heap       ] GC(142) Eden regions: 31->0(33)
[2025-10-30T18:20:39.733+0000][gc,heap       ] GC(142) Survivor regions: 3->3(5)
[2025-10-30T18:20:39.733+0000][gc,heap       ] GC(142) Old regions: 102->102
[2025-10-30T18:20:39.733+0000][gc,heap       ] GC(142) Humongous regions: 147->147
[2025-10-30T18:20:39.734+0000][gc,metaspace  ] GC(142) Metaspace: 51564K(55216K)->51564K(55216K) NonClass: 45792K(47792K)->45792K(47792K) Class: 5771K(7424K)->5771K(7424K)
[2025-10-30T18:20:39.734+0000][gc            ] GC(142) Pause Young (Normal) (G1 Evacuation Pause) 281M->251M(512M) 17.943ms
[2025-10-30T18:20:39.734+0000][gc,cpu        ] GC(142) User=0.03s Sys=0.00s Real=0.02s
[2025-10-30T18:20:51.499+0000][gc,start      ] GC(143) Pause Young (Normal) (G1 Evacuation Pause)
[2025-10-30T18:20:51.499+0000][gc,task       ] GC(143) Using 2 workers of 2 for evacuation
[2025-10-30T18:20:51.515+0000][gc,phases     ] GC(143)   Pre Evacuate Collection Set: 0.0ms
[2025-10-30T18:20:51.515+0000][gc,phases     ] GC(143)   Evacuate Collection Set: 14.8ms
[2025-10-30T18:20:51.515+0000][gc,phases     ] GC(143)   Post Evacuate Collection Set: 0.7ms
[2025-10-30T18:20:51.516+0000][gc,phases     ] GC(143)   Other: 0.6ms
[2025-10-30T18:20:51.516+0000][gc,heap       ] GC(143) Eden regions: 29->0(32)
[2025-10-30T18:20:51.516+0000][gc,heap       ] GC(143) Survivor regions: 3->3(4)
[2025-10-30T18:20:51.516+0000][gc,heap       ] GC(143) Old regions: 102->103
[2025-10-30T18:20:51.516+0000][gc,heap       ] GC(143) Humongous regions: 147->147
[2025-10-30T18:20:51.516+0000][gc,metaspace  ] GC(143) Metaspace: 51564K(55216K)->51564K(55216K) NonClass: 45792K(47792K)->45792K(47792K) Class: 5771K(7424K)->5771K(7424K)
[2025-10-30T18:20:51.517+0000][gc            ] GC(143) Pause Young (Normal) (G1 Evacuation Pause) 280M->252M(512M) 17.957ms
[2025-10-30T18:20:51.517+0000][gc,cpu        ] GC(143) User=0.03s Sys=0.00s Real=0.01s
[2025-10-30T18:21:03.789+0000][gc,start      ] GC(144) Pause Young (Normal) (G1 Evacuation Pause)
[2025-10-30T18:21:03.790+0000][gc,task       ] GC(144) Using 2 workers of 2 for evacuation
[2025-10-30T18:21:03.811+0000][gc,mmu        ] GC(144) MMU target violated: 20.8ms (20.0ms/21.0ms)
[2025-10-30T18:21:03.811+0000][gc,phases     ] GC(144)   Pre Evacuate Collection Set: 0.0ms
[2025-10-30T18:21:03.811+0000][gc,phases     ] GC(144)   Evacuate Collection Set: 18.7ms
[2025-10-30T18:21:03.811+0000][gc,phases     ] GC(144)   Post Evacuate Collection Set: 1.9ms
[2025-10-30T18:21:03.812+0000][gc,phases     ] GC(144)   Other: 1.8ms
[2025-10-30T18:21:03.812+0000][gc,heap       ] GC(144) Eden regions: 30->0(30)
[2025-10-30T18:21:03.812+0000][gc,heap       ] GC(144) Survivor regions: 3->3(5)
[2025-10-30T18:21:03.813+0000][gc,heap       ] GC(144) Old regions: 103->104
[2025-10-30T18:21:03.813+0000][gc,heap       ] GC(144) Humongous regions: 147->147
[2025-10-30T18:21:03.813+0000][gc,metaspace  ] GC(144) Metaspace: 51564K(55216K)->51564K(55216K) NonClass: 45792K(47792K)->45792K(47792K) Class: 5771K(7424K)->5771K(7424K)
[2025-10-30T18:21:03.813+0000][gc            ] GC(144) Pause Young (Normal) (G1 Evacuation Pause) 282M->253M(512M) 24.556ms
[2025-10-30T18:21:03.813+0000][gc,cpu        ] GC(144) User=0.04s Sys=0.00s Real=0.02s
[2025-10-30T18:21:16.226+0000][gc,start      ] GC(145) Pause Young (Normal) (G1 Evacuation Pause)
[2025-10-30T18:21:16.227+0000][gc,task       ] GC(145) Using 2 workers of 2 for evacuation
[2025-10-30T18:21:16.243+0000][gc,phases     ] GC(145)   Pre Evacuate Collection Set: 0.0ms
[2025-10-30T18:21:16.243+0000][gc,phases     ] GC(145)   Evacuate Collection Set: 14.4ms
[2025-10-30T18:21:16.244+0000][gc,phases     ] GC(145)   Post Evacuate Collection Set: 1.4ms
[2025-10-30T18:21:16.244+0000][gc,phases     ] GC(145)   Other: 0.7ms
[2025-10-30T18:21:16.244+0000][gc,heap       ] GC(145) Eden regions: 30->0(31)
[2025-10-30T18:21:16.244+0000][gc,heap       ] GC(145) Survivor regions: 3->3(5)
[2025-10-30T18:21:16.245+0000][gc,heap       ] GC(145) Old regions: 104->105
[2025-10-30T18:21:16.245+0000][gc,heap       ] GC(145) Humongous regions: 147->147
[2025-10-30T18:21:16.245+0000][gc,metaspace  ] GC(145) Metaspace: 51564K(55216K)->51564K(55216K) NonClass: 45792K(47792K)->45792K(47792K) Class: 5771K(7424K)->5771K(7424K)
[2025-10-30T18:21:16.245+0000][gc            ] GC(145) Pause Young (Normal) (G1 Evacuation Pause) 283M->254M(512M) 19.170ms
[2025-10-30T18:21:16.246+0000][gc,cpu        ] GC(145) User=0.03s Sys=0.00s Real=0.02s
[2025-10-30T18:21:29.153+0000][gc,start      ] GC(146) Pause Young (Normal) (G1 Evacuation Pause)
[2025-10-30T18:21:29.153+0000][gc,task       ] GC(146) Using 2 workers of 2 for evacuation
[2025-10-30T18:21:29.169+0000][gc,phases     ] GC(146)   Pre Evacuate Collection Set: 0.0ms
[2025-10-30T18:21:29.169+0000][gc,phases     ] GC(146)   Evacuate Collection Set: 14.3ms
[2025-10-30T18:21:29.170+0000][gc,phases     ] GC(146)   Post Evacuate Collection Set: 1.0ms
[2025-10-30T18:21:29.170+0000][gc,phases     ] GC(146)   Other: 0.6ms
[2025-10-30T18:21:29.170+0000][gc,heap       ] GC(146) Eden regions: 31->0(33)
[2025-10-30T18:21:29.170+0000][gc,heap       ] GC(146) Survivor regions: 3->3(5)
[2025-10-30T18:21:29.171+0000][gc,heap       ] GC(146) Old regions: 105->106
[2025-10-30T18:21:29.171+0000][gc,heap       ] GC(146) Humongous regions: 147->147
[2025-10-30T18:21:29.171+0000][gc,metaspace  ] GC(146) Metaspace: 51574K(55216K)->51574K(55216K) NonClass: 45803K(47792K)->45803K(47792K) Class: 5771K(7424K)->5771K(7424K)
[2025-10-30T18:21:29.171+0000][gc            ] GC(146) Pause Young (Normal) (G1 Evacuation Pause) 285M->254M(512M) 18.267ms
[2025-10-30T18:21:29.172+0000][gc,cpu        ] GC(146) User=0.03s Sys=0.00s Real=0.02s
[2025-10-30T18:21:41.855+0000][gc,start      ] GC(147) Pause Young (Normal) (G1 Evacuation Pause)
[2025-10-30T18:21:41.855+0000][gc,task       ] GC(147) Using 2 workers of 2 for evacuation
[2025-10-30T18:21:41.869+0000][gc,phases     ] GC(147)   Pre Evacuate Collection Set: 0.0ms
[2025-10-30T18:21:41.869+0000][gc,phases     ] GC(147)   Evacuate Collection Set: 12.3ms
[2025-10-30T18:21:41.869+0000][gc,phases     ] GC(147)   Post Evacuate Collection Set: 0.9ms
[2025-10-30T18:21:41.870+0000][gc,phases     ] GC(147)   Other: 0.8ms
[2025-10-30T18:21:41.870+0000][gc,heap       ] GC(147) Eden regions: 31->0(34)
[2025-10-30T18:21:41.870+0000][gc,heap       ] GC(147) Survivor regions: 3->3(5)
[2025-10-30T18:21:41.870+0000][gc,heap       ] GC(147) Old regions: 106->106
[2025-10-30T18:21:41.870+0000][gc,heap       ] GC(147) Humongous regions: 147->147
[2025-10-30T18:21:41.871+0000][gc,metaspace  ] GC(147) Metaspace: 51574K(55216K)->51574K(55216K) NonClass: 45803K(47792K)->45803K(47792K) Class: 5771K(7424K)->5771K(7424K)
[2025-10-30T18:21:41.871+0000][gc            ] GC(147) Pause Young (Normal) (G1 Evacuation Pause) 285M->255M(512M) 15.983ms
[2025-10-30T18:21:41.871+0000][gc,cpu        ] GC(147) User=0.02s Sys=0.00s Real=0.02s
[2025-10-30T18:21:55.347+0000][gc,start      ] GC(148) Pause Young (Normal) (G1 Evacuation Pause)
[2025-10-30T18:21:55.347+0000][gc,task       ] GC(148) Using 2 workers of 2 for evacuation
[2025-10-30T18:21:55.366+0000][gc,phases     ] GC(148)   Pre Evacuate Collection Set: 0.0ms
[2025-10-30T18:21:55.366+0000][gc,phases     ] GC(148)   Evacuate Collection Set: 16.9ms
[2025-10-30T18:21:55.366+0000][gc,phases     ] GC(148)   Post Evacuate Collection Set: 0.9ms
[2025-10-30T18:21:55.366+0000][gc,phases     ] GC(148)   Other: 0.8ms
[2025-10-30T18:21:55.367+0000][gc,heap       ] GC(148) Eden regions: 31->0(33)
[2025-10-30T18:21:55.367+0000][gc,heap       ] GC(148) Survivor regions: 3->4(5)
[2025-10-30T18:21:55.367+0000][gc,heap       ] GC(148) Old regions: 106->106
[2025-10-30T18:21:55.368+0000][gc,heap       ] GC(148) Humongous regions: 147->147
[2025-10-30T18:21:55.368+0000][gc,metaspace  ] GC(148) Metaspace: 51575K(55216K)->51575K(55216K) NonClass: 45804K(47792K)->45804K(47792K) Class: 5771K(7424K)->5771K(7424K)
[2025-10-30T18:21:55.368+0000][gc            ] GC(148) Pause Young (Normal) (G1 Evacuation Pause) 286M->256M(512M) 21.174ms
[2025-10-30T18:21:55.368+0000][gc,cpu        ] GC(148) User=0.04s Sys=0.00s Real=0.02s
[2025-10-30T18:22:08.316+0000][gc,start      ] GC(149) Pause Young (Normal) (G1 Evacuation Pause)
[2025-10-30T18:22:08.317+0000][gc,task       ] GC(149) Using 2 workers of 2 for evacuation
[2025-10-30T18:22:08.333+0000][gc,phases     ] GC(149)   Pre Evacuate Collection Set: 0.0ms
[2025-10-30T18:22:08.333+0000][gc,phases     ] GC(149)   Evacuate Collection Set: 15.0ms
[2025-10-30T18:22:08.333+0000][gc,phases     ] GC(149)   Post Evacuate Collection Set: 1.0ms
[2025-10-30T18:22:08.334+0000][gc,phases     ] GC(149)   Other: 0.6ms
[2025-10-30T18:22:08.334+0000][gc,heap       ] GC(149) Eden regions: 30->0(34)
[2025-10-30T18:22:08.334+0000][gc,heap       ] GC(149) Survivor regions: 4->4(5)
[2025-10-30T18:22:08.334+0000][gc,heap       ] GC(149) Old regions: 106->108
[2025-10-30T18:22:08.334+0000][gc,heap       ] GC(149) Humongous regions: 147->147
[2025-10-30T18:22:08.335+0000][gc,metaspace  ] GC(149) Metaspace: 51575K(55216K)->51575K(55216K) NonClass: 45804K(47792K)->45804K(47792K) Class: 5771K(7424K)->5771K(7424K)
[2025-10-30T18:22:08.335+0000][gc            ] GC(149) Pause Young (Normal) (G1 Evacuation Pause) 286M->257M(512M) 18.542ms
[2025-10-30T18:22:08.335+0000][gc,cpu        ] GC(149) User=0.03s Sys=0.00s Real=0.02s
[2025-10-30T18:22:21.681+0000][gc,start      ] GC(150) Pause Young (Normal) (G1 Evacuation Pause)
[2025-10-30T18:22:21.682+0000][gc,task       ] GC(150) Using 2 workers of 2 for evacuation
[2025-10-30T18:22:21.696+0000][gc,phases     ] GC(150)   Pre Evacuate Collection Set: 0.0ms
[2025-10-30T18:22:21.696+0000][gc,phases     ] GC(150)   Evacuate Collection Set: 12.9ms
[2025-10-30T18:22:21.696+0000][gc,phases     ] GC(150)   Post Evacuate Collection Set: 0.9ms
[2025-10-30T18:22:21.697+0000][gc,phases     ] GC(150)   Other: 1.1ms
[2025-10-30T18:22:21.697+0000][gc,heap       ] GC(150) Eden regions: 31->0(37)
[2025-10-30T18:22:21.697+0000][gc,heap       ] GC(150) Survivor regions: 4->4(5)
[2025-10-30T18:22:21.697+0000][gc,heap       ] GC(150) Old regions: 108->109
[2025-10-30T18:22:21.697+0000][gc,heap       ] GC(150) Humongous regions: 147->147
[2025-10-30T18:22:21.697+0000][gc,metaspace  ] GC(150) Metaspace: 51576K(55216K)->51576K(55216K) NonClass: 45804K(47792K)->45804K(47792K) Class: 5771K(7424K)->5771K(7424K)
[2025-10-30T18:22:21.698+0000][gc            ] GC(150) Pause Young (Normal) (G1 Evacuation Pause) 288M->258M(512M) 16.505ms
[2025-10-30T18:22:21.698+0000][gc,cpu        ] GC(150) User=0.03s Sys=0.00s Real=0.01s
[2025-10-30T18:22:36.281+0000][gc,start      ] GC(151) Pause Young (Normal) (G1 Evacuation Pause)
[2025-10-30T18:22:36.282+0000][gc,task       ] GC(151) Using 2 workers of 2 for evacuation
[2025-10-30T18:22:36.295+0000][gc,phases     ] GC(151)   Pre Evacuate Collection Set: 0.0ms
[2025-10-30T18:22:36.295+0000][gc,phases     ] GC(151)   Evacuate Collection Set: 12.1ms
[2025-10-30T18:22:36.295+0000][gc,phases     ] GC(151)   Post Evacuate Collection Set: 0.9ms
[2025-10-30T18:22:36.296+0000][gc,phases     ] GC(151)   Other: 0.7ms
[2025-10-30T18:22:36.296+0000][gc,heap       ] GC(151) Eden regions: 37->0(40)
[2025-10-30T18:22:36.296+0000][gc,heap       ] GC(151) Survivor regions: 4->4(6)
[2025-10-30T18:22:36.296+0000][gc,heap       ] GC(151) Old regions: 109->109
[2025-10-30T18:22:36.296+0000][gc,heap       ] GC(151) Humongous regions: 147->147
[2025-10-30T18:22:36.296+0000][gc,metaspace  ] GC(151) Metaspace: 51576K(55216K)->51576K(55216K) NonClass: 45805K(47792K)->45805K(47792K) Class: 5771K(7424K)->5771K(7424K)
[2025-10-30T18:22:36.297+0000][gc            ] GC(151) Pause Young (Normal) (G1 Evacuation Pause) 295M->258M(512M) 15.211ms
[2025-10-30T18:22:36.297+0000][gc,cpu        ] GC(151) User=0.03s Sys=0.00s Real=0.01s
[2025-10-30T18:22:51.564+0000][gc,start      ] GC(152) Pause Young (Normal) (G1 Evacuation Pause)
[2025-10-30T18:22:51.564+0000][gc,task       ] GC(152) Using 2 workers of 2 for evacuation
[2025-10-30T18:22:51.579+0000][gc,phases     ] GC(152)   Pre Evacuate Collection Set: 0.0ms
[2025-10-30T18:22:51.579+0000][gc,phases     ] GC(152)   Evacuate Collection Set: 13.7ms
[2025-10-30T18:22:51.580+0000][gc,phases     ] GC(152)   Post Evacuate Collection Set: 0.8ms
[2025-10-30T18:22:51.580+0000][gc,phases     ] GC(152)   Other: 0.6ms
[2025-10-30T18:22:51.580+0000][gc,heap       ] GC(152) Eden regions: 40->0(43)
[2025-10-30T18:22:51.580+0000][gc,heap       ] GC(152) Survivor regions: 4->5(6)
[2025-10-30T18:22:51.580+0000][gc,heap       ] GC(152) Old regions: 109->109
[2025-10-30T18:22:51.581+0000][gc,heap       ] GC(152) Humongous regions: 147->147
[2025-10-30T18:22:51.581+0000][gc,metaspace  ] GC(152) Metaspace: 51576K(55216K)->51576K(55216K) NonClass: 45805K(47792K)->45805K(47792K) Class: 5771K(7424K)->5771K(7424K)
[2025-10-30T18:22:51.581+0000][gc            ] GC(152) Pause Young (Normal) (G1 Evacuation Pause) 298M->259M(512M) 17.006ms
[2025-10-30T18:22:51.581+0000][gc,cpu        ] GC(152) User=0.03s Sys=0.00s Real=0.01s
[2025-10-30T18:23:09.279+0000][gc,start      ] GC(153) Pause Young (Normal) (G1 Evacuation Pause)
[2025-10-30T18:23:09.280+0000][gc,task       ] GC(153) Using 2 workers of 2 for evacuation
[2025-10-30T18:23:09.297+0000][gc,phases     ] GC(153)   Pre Evacuate Collection Set: 0.0ms
[2025-10-30T18:23:09.298+0000][gc,phases     ] GC(153)   Evacuate Collection Set: 16.5ms
[2025-10-30T18:23:09.298+0000][gc,phases     ] GC(153)   Post Evacuate Collection Set: 0.9ms
[2025-10-30T18:23:09.298+0000][gc,phases     ] GC(153)   Other: 0.6ms
[2025-10-30T18:23:09.298+0000][gc,heap       ] GC(153) Eden regions: 43->0(44)
[2025-10-30T18:23:09.298+0000][gc,heap       ] GC(153) Survivor regions: 5->5(6)
[2025-10-30T18:23:09.299+0000][gc,heap       ] GC(153) Old regions: 109->110
[2025-10-30T18:23:09.299+0000][gc,heap       ] GC(153) Humongous regions: 147->147
[2025-10-30T18:23:09.299+0000][gc,metaspace  ] GC(153) Metaspace: 51576K(55216K)->51576K(55216K) NonClass: 45805K(47792K)->45805K(47792K) Class: 5771K(7424K)->5771K(7424K)
[2025-10-30T18:23:09.299+0000][gc            ] GC(153) Pause Young (Normal) (G1 Evacuation Pause) 302M->261M(512M) 19.832ms
[2025-10-30T18:23:09.299+0000][gc,cpu        ] GC(153) User=0.03s Sys=0.00s Real=0.02s
[2025-10-30T18:23:26.146+0000][gc,start      ] GC(154) Pause Young (Normal) (G1 Evacuation Pause)
[2025-10-30T18:23:26.147+0000][gc,task       ] GC(154) Using 2 workers of 2 for evacuation
[2025-10-30T18:23:26.165+0000][gc,phases     ] GC(154)   Pre Evacuate Collection Set: 0.0ms
[2025-10-30T18:23:26.165+0000][gc,phases     ] GC(154)   Evacuate Collection Set: 16.7ms
[2025-10-30T18:23:26.166+0000][gc,phases     ] GC(154)   Post Evacuate Collection Set: 1.3ms
[2025-10-30T18:23:26.166+0000][gc,phases     ] GC(154)   Other: 1.4ms
[2025-10-30T18:23:26.166+0000][gc,heap       ] GC(154) Eden regions: 42->0(43)
[2025-10-30T18:23:26.166+0000][gc,heap       ] GC(154) Survivor regions: 5->4(6)
[2025-10-30T18:23:26.166+0000][gc,heap       ] GC(154) Old regions: 110->112
[2025-10-30T18:23:26.167+0000][gc,heap       ] GC(154) Humongous regions: 147->147
[2025-10-30T18:23:26.167+0000][gc,metaspace  ] GC(154) Metaspace: 51578K(55216K)->51578K(55216K) NonClass: 45806K(47792K)->45806K(47792K) Class: 5771K(7424K)->5771K(7424K)
[2025-10-30T18:23:26.167+0000][gc            ] GC(154) Pause Young (Normal) (G1 Evacuation Pause) 303M->262M(512M) 21.736ms
[2025-10-30T18:23:26.168+0000][gc,cpu        ] GC(154) User=0.04s Sys=0.00s Real=0.02s
[2025-10-30T18:23:45.783+0000][gc,start      ] GC(155) Pause Young (Normal) (G1 Evacuation Pause)
[2025-10-30T18:23:45.783+0000][gc,task       ] GC(155) Using 2 workers of 2 for evacuation
[2025-10-30T18:23:45.802+0000][gc,phases     ] GC(155)   Pre Evacuate Collection Set: 0.0ms
[2025-10-30T18:23:45.803+0000][gc,phases     ] GC(155)   Evacuate Collection Set: 16.9ms
[2025-10-30T18:23:45.803+0000][gc,phases     ] GC(155)   Post Evacuate Collection Set: 1.1ms
[2025-10-30T18:23:45.803+0000][gc,phases     ] GC(155)   Other: 1.1ms
[2025-10-30T18:23:45.803+0000][gc,heap       ] GC(155) Eden regions: 43->0(43)
[2025-10-30T18:23:45.804+0000][gc,heap       ] GC(155) Survivor regions: 4->4(6)
[2025-10-30T18:23:45.804+0000][gc,heap       ] GC(155) Old regions: 112->113
[2025-10-30T18:23:45.804+0000][gc,heap       ] GC(155) Humongous regions: 147->147
[2025-10-30T18:23:45.805+0000][gc,metaspace  ] GC(155) Metaspace: 51579K(55216K)->51579K(55216K) NonClass: 45807K(47792K)->45807K(47792K) Class: 5771K(7424K)->5771K(7424K)
[2025-10-30T18:23:45.805+0000][gc            ] GC(155) Pause Young (Normal) (G1 Evacuation Pause) 305M->262M(512M) 21.739ms
[2025-10-30T18:23:45.805+0000][gc,cpu        ] GC(155) User=0.04s Sys=0.00s Real=0.02s
[2025-10-30T18:24:04.996+0000][gc,start      ] GC(156) Pause Young (Normal) (G1 Evacuation Pause)
[2025-10-30T18:24:04.996+0000][gc,task       ] GC(156) Using 2 workers of 2 for evacuation
[2025-10-30T18:24:05.018+0000][gc,mmu        ] GC(156) MMU target violated: 21.0ms (20.0ms/21.0ms)
[2025-10-30T18:24:05.018+0000][gc,phases     ] GC(156)   Pre Evacuate Collection Set: 0.0ms
[2025-10-30T18:24:05.018+0000][gc,phases     ] GC(156)   Evacuate Collection Set: 19.6ms
[2025-10-30T18:24:05.018+0000][gc,phases     ] GC(156)   Post Evacuate Collection Set: 1.4ms
[2025-10-30T18:24:05.019+0000][gc,phases     ] GC(156)   Other: 1.1ms
[2025-10-30T18:24:05.019+0000][gc,heap       ] GC(156) Eden regions: 41->0(39)
[2025-10-30T18:24:05.019+0000][gc,heap       ] GC(156) Survivor regions: 4->4(6)
[2025-10-30T18:24:05.020+0000][gc,heap       ] GC(156) Old regions: 113->113
[2025-10-30T18:24:05.020+0000][gc,heap       ] GC(156) Humongous regions: 147->147
[2025-10-30T18:24:05.020+0000][gc,metaspace  ] GC(156) Metaspace: 51579K(55216K)->51579K(55216K) NonClass: 45807K(47792K)->45807K(47792K) Class: 5771K(7424K)->5771K(7424K)
[2025-10-30T18:24:05.020+0000][gc            ] GC(156) Pause Young (Normal) (G1 Evacuation Pause) 303M->263M(512M) 24.577ms
[2025-10-30T18:24:05.021+0000][gc,cpu        ] GC(156) User=0.04s Sys=0.00s Real=0.02s
[2025-10-30T18:24:24.443+0000][gc,start      ] GC(157) Pause Young (Normal) (G1 Evacuation Pause)
[2025-10-30T18:24:24.444+0000][gc,task       ] GC(157) Using 2 workers of 2 for evacuation
[2025-10-30T18:24:24.468+0000][gc,mmu        ] GC(157) MMU target violated: 21.0ms (20.0ms/21.0ms)
[2025-10-30T18:24:24.469+0000][gc,phases     ] GC(157)   Pre Evacuate Collection Set: 0.0ms
[2025-10-30T18:24:24.469+0000][gc,phases     ] GC(157)   Evacuate Collection Set: 22.6ms
[2025-10-30T18:24:24.469+0000][gc,phases     ] GC(157)   Post Evacuate Collection Set: 1.2ms
[2025-10-30T18:24:24.470+0000][gc,phases     ] GC(157)   Other: 1.7ms
[2025-10-30T18:24:24.470+0000][gc,heap       ] GC(157) Eden regions: 36->0(34)
[2025-10-30T18:24:24.470+0000][gc,heap       ] GC(157) Survivor regions: 4->3(5)
[2025-10-30T18:24:24.471+0000][gc,heap       ] GC(157) Old regions: 113->116
[2025-10-30T18:24:24.471+0000][gc,heap       ] GC(157) Humongous regions: 147->147
[2025-10-30T18:24:24.471+0000][gc,metaspace  ] GC(157) Metaspace: 51581K(55216K)->51581K(55216K) NonClass: 45809K(47792K)->45809K(47792K) Class: 5771K(7424K)->5771K(7424K)
[2025-10-30T18:24:24.472+0000][gc            ] GC(157) Pause Young (Normal) (G1 Evacuation Pause) 299M->265M(512M) 28.509ms
[2025-10-30T18:24:24.472+0000][gc,cpu        ] GC(157) User=0.05s Sys=0.00s Real=0.03s
[2025-10-30T18:24:41.765+0000][gc,start      ] GC(158) Pause Young (Normal) (G1 Evacuation Pause)
[2025-10-30T18:24:41.766+0000][gc,task       ] GC(158) Using 2 workers of 2 for evacuation
[2025-10-30T18:24:41.793+0000][gc,mmu        ] GC(158) MMU target violated: 21.0ms (20.0ms/21.0ms)
[2025-10-30T18:24:41.794+0000][gc,phases     ] GC(158)   Pre Evacuate Collection Set: 0.0ms
[2025-10-30T18:24:41.794+0000][gc,phases     ] GC(158)   Evacuate Collection Set: 24.8ms
[2025-10-30T18:24:41.795+0000][gc,phases     ] GC(158)   Post Evacuate Collection Set: 1.7ms
[2025-10-30T18:24:41.795+0000][gc,phases     ] GC(158)   Other: 1.8ms
[2025-10-30T18:24:41.796+0000][gc,heap       ] GC(158) Eden regions: 34->0(23)
[2025-10-30T18:24:41.796+0000][gc,heap       ] GC(158) Survivor regions: 3->2(5)
[2025-10-30T18:24:41.797+0000][gc,heap       ] GC(158) Old regions: 116->117
[2025-10-30T18:24:41.797+0000][gc,heap       ] GC(158) Humongous regions: 147->147
[2025-10-30T18:24:41.798+0000][gc,metaspace  ] GC(158) Metaspace: 51581K(55216K)->51581K(55216K) NonClass: 45809K(47792K)->45809K(47792K) Class: 5771K(7424K)->5771K(7424K)
[2025-10-30T18:24:41.799+0000][gc            ] GC(158) Pause Young (Normal) (G1 Evacuation Pause) 299M->265M(512M) 33.514ms
[2025-10-30T18:24:41.799+0000][gc,cpu        ] GC(158) User=0.05s Sys=0.00s Real=0.04s
[2025-10-30T18:24:53.079+0000][gc,start      ] GC(159) Pause Young (Normal) (G1 Evacuation Pause)
[2025-10-30T18:24:53.079+0000][gc,task       ] GC(159) Using 2 workers of 2 for evacuation
[2025-10-30T18:24:53.096+0000][gc,phases     ] GC(159)   Pre Evacuate Collection Set: 0.0ms
[2025-10-30T18:24:53.096+0000][gc,phases     ] GC(159)   Evacuate Collection Set: 14.3ms
[2025-10-30T18:24:53.096+0000][gc,phases     ] GC(159)   Post Evacuate Collection Set: 1.6ms
[2025-10-30T18:24:53.096+0000][gc,phases     ] GC(159)   Other: 0.9ms
[2025-10-30T18:24:53.097+0000][gc,heap       ] GC(159) Eden regions: 23->0(22)
[2025-10-30T18:24:53.097+0000][gc,heap       ] GC(159) Survivor regions: 2->3(4)
[2025-10-30T18:24:53.097+0000][gc,heap       ] GC(159) Old regions: 117->117
[2025-10-30T18:24:53.097+0000][gc,heap       ] GC(159) Humongous regions: 147->147
[2025-10-30T18:24:53.098+0000][gc,metaspace  ] GC(159) Metaspace: 51581K(55216K)->51581K(55216K) NonClass: 45809K(47792K)->45809K(47792K) Class: 5771K(7424K)->5771K(7424K)
[2025-10-30T18:24:53.098+0000][gc            ] GC(159) Pause Young (Normal) (G1 Evacuation Pause) 288M->266M(512M) 19.133ms
[2025-10-30T18:24:53.099+0000][gc,cpu        ] GC(159) User=0.03s Sys=0.00s Real=0.02s
[2025-10-30T18:25:03.713+0000][gc,start      ] GC(160) Pause Young (Normal) (G1 Evacuation Pause)
[2025-10-30T18:25:03.713+0000][gc,task       ] GC(160) Using 2 workers of 2 for evacuation
[2025-10-30T18:25:03.730+0000][gc,phases     ] GC(160)   Pre Evacuate Collection Set: 0.0ms
[2025-10-30T18:25:03.731+0000][gc,phases     ] GC(160)   Evacuate Collection Set: 15.3ms
[2025-10-30T18:25:03.731+0000][gc,phases     ] GC(160)   Post Evacuate Collection Set: 1.4ms
[2025-10-30T18:25:03.731+0000][gc,phases     ] GC(160)   Other: 0.8ms
[2025-10-30T18:25:03.732+0000][gc,heap       ] GC(160) Eden regions: 22->0(22)
[2025-10-30T18:25:03.732+0000][gc,heap       ] GC(160) Survivor regions: 3->3(4)
[2025-10-30T18:25:03.732+0000][gc,heap       ] GC(160) Old regions: 117->118
[2025-10-30T18:25:03.733+0000][gc,heap       ] GC(160) Humongous regions: 147->147
[2025-10-30T18:25:03.733+0000][gc,metaspace  ] GC(160) Metaspace: 51581K(55216K)->51581K(55216K) NonClass: 45809K(47792K)->45809K(47792K) Class: 5771K(7424K)->5771K(7424K)
[2025-10-30T18:25:03.734+0000][gc            ] GC(160) Pause Young (Normal) (G1 Evacuation Pause) 288M->267M(512M) 21.336ms
[2025-10-30T18:25:03.734+0000][gc,cpu        ] GC(160) User=0.03s Sys=0.00s Real=0.02s
[2025-10-30T18:25:13.453+0000][gc,start      ] GC(161) Pause Young (Normal) (G1 Evacuation Pause)
[2025-10-30T18:25:13.453+0000][gc,task       ] GC(161) Using 2 workers of 2 for evacuation
[2025-10-30T18:25:13.472+0000][gc,phases     ] GC(161)   Pre Evacuate Collection Set: 0.0ms
[2025-10-30T18:25:13.472+0000][gc,phases     ] GC(161)   Evacuate Collection Set: 15.5ms
[2025-10-30T18:25:13.473+0000][gc,phases     ] GC(161)   Post Evacuate Collection Set: 2.3ms
[2025-10-30T18:25:13.474+0000][gc,phases     ] GC(161)   Other: 0.8ms
[2025-10-30T18:25:13.474+0000][gc,heap       ] GC(161) Eden regions: 22->0(22)
[2025-10-30T18:25:13.474+0000][gc,heap       ] GC(161) Survivor regions: 3->3(4)
[2025-10-30T18:25:13.476+0000][gc,heap       ] GC(161) Old regions: 118->119
[2025-10-30T18:25:13.477+0000][gc,heap       ] GC(161) Humongous regions: 147->147
[2025-10-30T18:25:13.477+0000][gc,metaspace  ] GC(161) Metaspace: 51581K(55216K)->51581K(55216K) NonClass: 45809K(47792K)->45809K(47792K) Class: 5771K(7424K)->5771K(7424K)
[2025-10-30T18:25:13.477+0000][gc            ] GC(161) Pause Young (Normal) (G1 Evacuation Pause) 289M->267M(512M) 24.103ms
[2025-10-30T18:25:13.478+0000][gc,cpu        ] GC(161) User=0.04s Sys=0.00s Real=0.02s
[2025-10-30T18:25:23.000+0000][gc,start      ] GC(162) Pause Young (Normal) (G1 Evacuation Pause)
[2025-10-30T18:25:23.001+0000][gc,task       ] GC(162) Using 2 workers of 2 for evacuation
[2025-10-30T18:25:23.018+0000][gc,phases     ] GC(162)   Pre Evacuate Collection Set: 0.0ms
[2025-10-30T18:25:23.019+0000][gc,phases     ] GC(162)   Evacuate Collection Set: 15.6ms
[2025-10-30T18:25:23.019+0000][gc,phases     ] GC(162)   Post Evacuate Collection Set: 1.3ms
[2025-10-30T18:25:23.019+0000][gc,phases     ] GC(162)   Other: 1.0ms
[2025-10-30T18:25:23.020+0000][gc,heap       ] GC(162) Eden regions: 22->0(23)
[2025-10-30T18:25:23.020+0000][gc,heap       ] GC(162) Survivor regions: 3->3(4)
[2025-10-30T18:25:23.020+0000][gc,heap       ] GC(162) Old regions: 119->120
[2025-10-30T18:25:23.020+0000][gc,heap       ] GC(162) Humongous regions: 147->147
[2025-10-30T18:25:23.021+0000][gc,metaspace  ] GC(162) Metaspace: 51587K(55216K)->51587K(55216K) NonClass: 45815K(47792K)->45815K(47792K) Class: 5771K(7424K)->5771K(7424K)
[2025-10-30T18:25:23.021+0000][gc            ] GC(162) Pause Young (Normal) (G1 Evacuation Pause) 289M->268M(512M) 20.480ms
[2025-10-30T18:25:23.021+0000][gc,cpu        ] GC(162) User=0.03s Sys=0.00s Real=0.02s
[2025-10-30T18:25:33.862+0000][gc,start      ] GC(163) Pause Young (Normal) (G1 Evacuation Pause)
[2025-10-30T18:25:33.863+0000][gc,task       ] GC(163) Using 2 workers of 2 for evacuation
[2025-10-30T18:25:33.879+0000][gc,phases     ] GC(163)   Pre Evacuate Collection Set: 0.0ms
[2025-10-30T18:25:33.879+0000][gc,phases     ] GC(163)   Evacuate Collection Set: 14.6ms
[2025-10-30T18:25:33.879+0000][gc,phases     ] GC(163)   Post Evacuate Collection Set: 1.0ms
[2025-10-30T18:25:33.879+0000][gc,phases     ] GC(163)   Other: 0.8ms
[2025-10-30T18:25:33.880+0000][gc,heap       ] GC(163) Eden regions: 23->0(24)
[2025-10-30T18:25:33.880+0000][gc,heap       ] GC(163) Survivor regions: 3->3(4)
[2025-10-30T18:25:33.880+0000][gc,heap       ] GC(163) Old regions: 120->120
[2025-10-30T18:25:33.880+0000][gc,heap       ] GC(163) Humongous regions: 147->147
[2025-10-30T18:25:33.881+0000][gc,metaspace  ] GC(163) Metaspace: 51587K(55216K)->51587K(55216K) NonClass: 45815K(47792K)->45815K(47792K) Class: 5771K(7424K)->5771K(7424K)
[2025-10-30T18:25:33.881+0000][gc            ] GC(163) Pause Young (Normal) (G1 Evacuation Pause) 291M->269M(512M) 18.684ms
[2025-10-30T18:25:33.881+0000][gc,cpu        ] GC(163) User=0.03s Sys=0.00s Real=0.02s
[2025-10-30T18:25:44.451+0000][gc,start      ] GC(164) Pause Young (Normal) (G1 Evacuation Pause)
[2025-10-30T18:25:44.451+0000][gc,task       ] GC(164) Using 2 workers of 2 for evacuation
[2025-10-30T18:25:44.466+0000][gc,phases     ] GC(164)   Pre Evacuate Collection Set: 0.0ms
[2025-10-30T18:25:44.466+0000][gc,phases     ] GC(164)   Evacuate Collection Set: 13.2ms
[2025-10-30T18:25:44.466+0000][gc,phases     ] GC(164)   Post Evacuate Collection Set: 1.0ms
[2025-10-30T18:25:44.467+0000][gc,phases     ] GC(164)   Other: 0.7ms
[2025-10-30T18:25:44.467+0000][gc,heap       ] GC(164) Eden regions: 24->0(26)
[2025-10-30T18:25:44.467+0000][gc,heap       ] GC(164) Survivor regions: 3->2(4)
[2025-10-30T18:25:44.467+0000][gc,heap       ] GC(164) Old regions: 120->121
[2025-10-30T18:25:44.468+0000][gc,heap       ] GC(164) Humongous regions: 147->147
[2025-10-30T18:25:44.468+0000][gc,metaspace  ] GC(164) Metaspace: 51587K(55216K)->51587K(55216K) NonClass: 45815K(47792K)->45815K(47792K) Class: 5771K(7424K)->5771K(7424K)
[2025-10-30T18:25:44.468+0000][gc            ] GC(164) Pause Young (Normal) (G1 Evacuation Pause) 293M->269M(512M) 17.261ms
[2025-10-30T18:25:44.468+0000][gc,cpu        ] GC(164) User=0.03s Sys=0.00s Real=0.01s
[2025-10-30T18:25:55.493+0000][gc,start      ] GC(165) Pause Young (Normal) (G1 Evacuation Pause)
[2025-10-30T18:25:55.493+0000][gc,task       ] GC(165) Using 2 workers of 2 for evacuation
[2025-10-30T18:25:55.509+0000][gc,phases     ] GC(165)   Pre Evacuate Collection Set: 0.0ms
[2025-10-30T18:25:55.509+0000][gc,phases     ] GC(165)   Evacuate Collection Set: 14.2ms
[2025-10-30T18:25:55.509+0000][gc,phases     ] GC(165)   Post Evacuate Collection Set: 0.9ms
[2025-10-30T18:25:55.509+0000][gc,phases     ] GC(165)   Other: 0.8ms
[2025-10-30T18:25:55.510+0000][gc,heap       ] GC(165) Eden regions: 25->0(26)
[2025-10-30T18:25:55.510+0000][gc,heap       ] GC(165) Survivor regions: 2->3(4)
[2025-10-30T18:25:55.510+0000][gc,heap       ] GC(165) Old regions: 121->121
[2025-10-30T18:25:55.510+0000][gc,heap       ] GC(165) Humongous regions: 147->147
[2025-10-30T18:25:55.511+0000][gc,metaspace  ] GC(165) Metaspace: 51587K(55216K)->51587K(55216K) NonClass: 45815K(47792K)->45815K(47792K) Class: 5771K(7424K)->5771K(7424K)
[2025-10-30T18:25:55.511+0000][gc            ] GC(165) Pause Young (Normal) (G1 Evacuation Pause) 294M->270M(512M) 18.141ms
[2025-10-30T18:25:55.511+0000][gc,cpu        ] GC(165) User=0.03s Sys=0.00s Real=0.02s
[2025-10-30T18:26:05.728+0000][gc,start      ] GC(166) Pause Young (Normal) (G1 Evacuation Pause)
[2025-10-30T18:26:05.728+0000][gc,task       ] GC(166) Using 2 workers of 2 for evacuation
[2025-10-30T18:26:05.751+0000][gc,mmu        ] GC(166) MMU target violated: 21.0ms (20.0ms/21.0ms)
[2025-10-30T18:26:05.752+0000][gc,phases     ] GC(166)   Pre Evacuate Collection Set: 0.0ms
[2025-10-30T18:26:05.752+0000][gc,phases     ] GC(166)   Evacuate Collection Set: 20.7ms
[2025-10-30T18:26:05.752+0000][gc,phases     ] GC(166)   Post Evacuate Collection Set: 1.0ms
[2025-10-30T18:26:05.753+0000][gc,phases     ] GC(166)   Other: 2.0ms
[2025-10-30T18:26:05.753+0000][gc,heap       ] GC(166) Eden regions: 22->0(25)
[2025-10-30T18:26:05.753+0000][gc,heap       ] GC(166) Survivor regions: 3->3(4)
[2025-10-30T18:26:05.753+0000][gc,heap       ] GC(166) Old regions: 121->122
[2025-10-30T18:26:05.754+0000][gc,heap       ] GC(166) Humongous regions: 147->147
[2025-10-30T18:26:05.754+0000][gc,metaspace  ] GC(166) Metaspace: 51587K(55216K)->51587K(55216K) NonClass: 45815K(47792K)->45815K(47792K) Class: 5771K(7424K)->5771K(7424K)
[2025-10-30T18:26:05.755+0000][gc            ] GC(166) Pause Young (Normal) (G1 Evacuation Pause) 292M->271M(512M) 26.705ms
[2025-10-30T18:26:05.755+0000][gc,cpu        ] GC(166) User=0.04s Sys=0.00s Real=0.03s
[2025-10-30T18:26:16.415+0000][gc,start      ] GC(167) Pause Young (Normal) (G1 Evacuation Pause)
[2025-10-30T18:26:16.415+0000][gc,task       ] GC(167) Using 2 workers of 2 for evacuation
[2025-10-30T18:26:16.431+0000][gc,phases     ] GC(167)   Pre Evacuate Collection Set: 0.0ms
[2025-10-30T18:26:16.431+0000][gc,phases     ] GC(167)   Evacuate Collection Set: 13.8ms
[2025-10-30T18:26:16.431+0000][gc,phases     ] GC(167)   Post Evacuate Collection Set: 0.9ms
[2025-10-30T18:26:16.431+0000][gc,phases     ] GC(167)   Other: 0.7ms
[2025-10-30T18:26:16.432+0000][gc,heap       ] GC(167) Eden regions: 23->0(26)
[2025-10-30T18:26:16.432+0000][gc,heap       ] GC(167) Survivor regions: 3->3(4)
[2025-10-30T18:26:16.432+0000][gc,heap       ] GC(167) Old regions: 122->123
[2025-10-30T18:26:16.432+0000][gc,heap       ] GC(167) Humongous regions: 147->147
[2025-10-30T18:26:16.432+0000][gc,metaspace  ] GC(167) Metaspace: 51587K(55216K)->51587K(55216K) NonClass: 45815K(47792K)->45815K(47792K) Class: 5771K(7424K)->5771K(7424K)
[2025-10-30T18:26:16.432+0000][gc            ] GC(167) Pause Young (Normal) (G1 Evacuation Pause) 294M->272M(512M) 17.155ms
[2025-10-30T18:26:16.433+0000][gc,cpu        ] GC(167) User=0.03s Sys=0.00s Real=0.02s
[2025-10-30T18:26:28.296+0000][gc,start      ] GC(168) Pause Young (Normal) (G1 Evacuation Pause)
[2025-10-30T18:26:28.297+0000][gc,task       ] GC(168) Using 2 workers of 2 for evacuation
[2025-10-30T18:26:28.312+0000][gc,phases     ] GC(168)   Pre Evacuate Collection Set: 0.0ms
[2025-10-30T18:26:28.313+0000][gc,phases     ] GC(168)   Evacuate Collection Set: 14.1ms
[2025-10-30T18:26:28.313+0000][gc,phases     ] GC(168)   Post Evacuate Collection Set: 0.9ms
[2025-10-30T18:26:28.313+0000][gc,phases     ] GC(168)   Other: 1.1ms
[2025-10-30T18:26:28.313+0000][gc,heap       ] GC(168) Eden regions: 25->0(27)
[2025-10-30T18:26:28.313+0000][gc,heap       ] GC(168) Survivor regions: 3->3(4)
[2025-10-30T18:26:28.314+0000][gc,heap       ] GC(168) Old regions: 123->124
[2025-10-30T18:26:28.314+0000][gc,heap       ] GC(168) Humongous regions: 147->147
[2025-10-30T18:26:28.314+0000][gc,metaspace  ] GC(168) Metaspace: 51587K(55216K)->51587K(55216K) NonClass: 45815K(47792K)->45815K(47792K) Class: 5771K(7424K)->5771K(7424K)
[2025-10-30T18:26:28.314+0000][gc            ] GC(168) Pause Young (Normal) (G1 Evacuation Pause) 297M->273M(512M) 17.887ms
[2025-10-30T18:26:28.315+0000][gc,cpu        ] GC(168) User=0.03s Sys=0.00s Real=0.02s
[2025-10-30T18:26:41.194+0000][gc,start      ] GC(169) Pause Young (Normal) (G1 Evacuation Pause)
[2025-10-30T18:26:41.194+0000][gc,task       ] GC(169) Using 2 workers of 2 for evacuation
[2025-10-30T18:26:41.215+0000][gc,mmu        ] GC(169) MMU target violated: 20.6ms (20.0ms/21.0ms)
[2025-10-30T18:26:41.216+0000][gc,phases     ] GC(169)   Pre Evacuate Collection Set: 0.0ms
[2025-10-30T18:26:41.217+0000][gc,phases     ] GC(169)   Evacuate Collection Set: 18.4ms
[2025-10-30T18:26:41.217+0000][gc,phases     ] GC(169)   Post Evacuate Collection Set: 1.7ms
[2025-10-30T18:26:41.218+0000][gc,phases     ] GC(169)   Other: 1.5ms
[2025-10-30T18:26:41.218+0000][gc,heap       ] GC(169) Eden regions: 27->0(25)
[2025-10-30T18:26:41.218+0000][gc,heap       ] GC(169) Survivor regions: 3->2(4)
[2025-10-30T18:26:41.219+0000][gc,heap       ] GC(169) Old regions: 124->124
[2025-10-30T18:26:41.219+0000][gc,heap       ] GC(169) Humongous regions: 147->147
[2025-10-30T18:26:41.220+0000][gc,metaspace  ] GC(169) Metaspace: 51587K(55216K)->51587K(55216K) NonClass: 45815K(47792K)->45815K(47792K) Class: 5771K(7424K)->5771K(7424K)
[2025-10-30T18:26:41.220+0000][gc            ] GC(169) Pause Young (Normal) (G1 Evacuation Pause) 300M->272M(512M) 25.894ms
[2025-10-30T18:26:41.220+0000][gc,cpu        ] GC(169) User=0.04s Sys=0.00s Real=0.02s
[2025-10-30T18:26:53.122+0000][gc,start      ] GC(170) Pause Young (Normal) (G1 Evacuation Pause)
[2025-10-30T18:26:53.122+0000][gc,task       ] GC(170) Using 2 workers of 2 for evacuation
[2025-10-30T18:26:53.138+0000][gc,phases     ] GC(170)   Pre Evacuate Collection Set: 0.0ms
[2025-10-30T18:26:53.139+0000][gc,phases     ] GC(170)   Evacuate Collection Set: 14.8ms
[2025-10-30T18:26:53.139+0000][gc,phases     ] GC(170)   Post Evacuate Collection Set: 1.0ms
[2025-10-30T18:26:53.139+0000][gc,phases     ] GC(170)   Other: 0.7ms
[2025-10-30T18:26:53.140+0000][gc,heap       ] GC(170) Eden regions: 25->0(26)
[2025-10-30T18:26:53.140+0000][gc,heap       ] GC(170) Survivor regions: 2->3(4)
[2025-10-30T18:26:53.140+0000][gc,heap       ] GC(170) Old regions: 124->124
[2025-10-30T18:26:53.140+0000][gc,heap       ] GC(170) Humongous regions: 147->147
[2025-10-30T18:26:53.141+0000][gc,metaspace  ] GC(170) Metaspace: 51587K(55216K)->51587K(55216K) NonClass: 45815K(47792K)->45815K(47792K) Class: 5771K(7424K)->5771K(7424K)
[2025-10-30T18:26:53.141+0000][gc            ] GC(170) Pause Young (Normal) (G1 Evacuation Pause) 297M->273M(512M) 19.173ms
[2025-10-30T18:26:53.141+0000][gc,cpu        ] GC(170) User=0.03s Sys=0.00s Real=0.02s
[2025-10-30T18:27:03.571+0000][gc,start      ] GC(171) Pause Young (Normal) (G1 Evacuation Pause)
[2025-10-30T18:27:03.572+0000][gc,task       ] GC(171) Using 2 workers of 2 for evacuation
[2025-10-30T18:27:03.589+0000][gc,phases     ] GC(171)   Pre Evacuate Collection Set: 0.0ms
[2025-10-30T18:27:03.589+0000][gc,phases     ] GC(171)   Evacuate Collection Set: 15.7ms
[2025-10-30T18:27:03.589+0000][gc,phases     ] GC(171)   Post Evacuate Collection Set: 1.1ms
[2025-10-30T18:27:03.590+0000][gc,phases     ] GC(171)   Other: 0.7ms
[2025-10-30T18:27:03.590+0000][gc,heap       ] GC(171) Eden regions: 22->0(25)
[2025-10-30T18:27:03.590+0000][gc,heap       ] GC(171) Survivor regions: 3->3(4)
[2025-10-30T18:27:03.590+0000][gc,heap       ] GC(171) Old regions: 124->125
[2025-10-30T18:27:03.591+0000][gc,heap       ] GC(171) Humongous regions: 147->147
[2025-10-30T18:27:03.591+0000][gc,metaspace  ] GC(171) Metaspace: 51587K(55216K)->51587K(55216K) NonClass: 45815K(47792K)->45815K(47792K) Class: 5771K(7424K)->5771K(7424K)
[2025-10-30T18:27:03.591+0000][gc            ] GC(171) Pause Young (Normal) (G1 Evacuation Pause) 295M->274M(512M) 19.556ms
[2025-10-30T18:27:03.591+0000][gc,cpu        ] GC(171) User=0.03s Sys=0.00s Real=0.02s
[2025-10-30T18:27:15.007+0000][gc,start      ] GC(172) Pause Young (Normal) (G1 Evacuation Pause)
[2025-10-30T18:27:15.008+0000][gc,task       ] GC(172) Using 2 workers of 2 for evacuation
[2025-10-30T18:27:15.028+0000][gc,mmu        ] GC(172) MMU target violated: 20.4ms (20.0ms/21.0ms)
[2025-10-30T18:27:15.029+0000][gc,phases     ] GC(172)   Pre Evacuate Collection Set: 0.0ms
[2025-10-30T18:27:15.029+0000][gc,phases     ] GC(172)   Evacuate Collection Set: 18.7ms
[2025-10-30T18:27:15.029+0000][gc,phases     ] GC(172)   Post Evacuate Collection Set: 1.4ms
[2025-10-30T18:27:15.030+0000][gc,phases     ] GC(172)   Other: 2.2ms
[2025-10-30T18:27:15.030+0000][gc,heap       ] GC(172) Eden regions: 25->0(25)
[2025-10-30T18:27:15.030+0000][gc,heap       ] GC(172) Survivor regions: 3->3(4)
[2025-10-30T18:27:15.031+0000][gc,heap       ] GC(172) Old regions: 125->126
[2025-10-30T18:27:15.031+0000][gc,heap       ] GC(172) Humongous regions: 147->147
[2025-10-30T18:27:15.031+0000][gc,metaspace  ] GC(172) Metaspace: 51587K(55216K)->51587K(55216K) NonClass: 45815K(47792K)->45815K(47792K) Class: 5771K(7424K)->5771K(7424K)
[2025-10-30T18:27:15.032+0000][gc            ] GC(172) Pause Young (Normal) (G1 Evacuation Pause) 299M->275M(512M) 25.016ms
[2025-10-30T18:27:15.032+0000][gc,cpu        ] GC(172) User=0.04s Sys=0.00s Real=0.02s
[2025-10-30T18:27:25.679+0000][gc,start      ] GC(173) Pause Young (Normal) (G1 Evacuation Pause)
[2025-10-30T18:27:25.679+0000][gc,task       ] GC(173) Using 2 workers of 2 for evacuation
[2025-10-30T18:27:25.698+0000][gc,phases     ] GC(173)   Pre Evacuate Collection Set: 0.0ms
[2025-10-30T18:27:25.699+0000][gc,phases     ] GC(173)   Evacuate Collection Set: 17.5ms
[2025-10-30T18:27:25.699+0000][gc,phases     ] GC(173)   Post Evacuate Collection Set: 1.3ms
[2025-10-30T18:27:25.699+0000][gc,phases     ] GC(173)   Other: 0.9ms
[2025-10-30T18:27:25.700+0000][gc,heap       ] GC(173) Eden regions: 23->0(25)
[2025-10-30T18:27:25.700+0000][gc,heap       ] GC(173) Survivor regions: 3->3(4)
[2025-10-30T18:27:25.700+0000][gc,heap       ] GC(173) Old regions: 126->127
[2025-10-30T18:27:25.700+0000][gc,heap       ] GC(173) Humongous regions: 147->147
[2025-10-30T18:27:25.701+0000][gc,metaspace  ] GC(173) Metaspace: 51587K(55216K)->51587K(55216K) NonClass: 45815K(47792K)->45815K(47792K) Class: 5771K(7424K)->5771K(7424K)
[2025-10-30T18:27:25.701+0000][gc            ] GC(173) Pause Young (Normal) (G1 Evacuation Pause) 298M->276M(512M) 22.551ms
[2025-10-30T18:27:25.702+0000][gc,cpu        ] GC(173) User=0.04s Sys=0.00s Real=0.02s
[2025-10-30T18:27:36.826+0000][gc,start      ] GC(174) Pause Young (Normal) (G1 Evacuation Pause)
[2025-10-30T18:27:36.827+0000][gc,task       ] GC(174) Using 2 workers of 2 for evacuation
[2025-10-30T18:27:36.847+0000][gc,phases     ] GC(174)   Pre Evacuate Collection Set: 0.0ms
[2025-10-30T18:27:36.847+0000][gc,phases     ] GC(174)   Evacuate Collection Set: 18.0ms
[2025-10-30T18:27:36.847+0000][gc,phases     ] GC(174)   Post Evacuate Collection Set: 1.2ms
[2025-10-30T18:27:36.848+0000][gc,phases     ] GC(174)   Other: 1.5ms
[2025-10-30T18:27:36.848+0000][gc,heap       ] GC(174) Eden regions: 24->0(25)
[2025-10-30T18:27:36.848+0000][gc,heap       ] GC(174) Survivor regions: 3->3(4)
[2025-10-30T18:27:36.849+0000][gc,heap       ] GC(174) Old regions: 127->128
[2025-10-30T18:27:36.849+0000][gc,heap       ] GC(174) Humongous regions: 147->147
[2025-10-30T18:27:36.849+0000][gc,metaspace  ] GC(174) Metaspace: 51587K(55216K)->51587K(55216K) NonClass: 45815K(47792K)->45815K(47792K) Class: 5771K(7424K)->5771K(7424K)
[2025-10-30T18:27:36.850+0000][gc            ] GC(174) Pause Young (Normal) (G1 Evacuation Pause) 300M->277M(512M) 23.833ms
[2025-10-30T18:27:36.850+0000][gc,cpu        ] GC(174) User=0.04s Sys=0.00s Real=0.02s
[2025-10-30T18:27:47.285+0000][gc,start      ] GC(175) Pause Young (Normal) (G1 Evacuation Pause)
[2025-10-30T18:27:47.286+0000][gc,task       ] GC(175) Using 2 workers of 2 for evacuation
[2025-10-30T18:27:47.305+0000][gc,phases     ] GC(175)   Pre Evacuate Collection Set: 0.0ms
[2025-10-30T18:27:47.306+0000][gc,phases     ] GC(175)   Evacuate Collection Set: 17.9ms
[2025-10-30T18:27:47.306+0000][gc,phases     ] GC(175)   Post Evacuate Collection Set: 1.1ms
[2025-10-30T18:27:47.307+0000][gc,phases     ] GC(175)   Other: 1.7ms
[2025-10-30T18:27:47.307+0000][gc,heap       ] GC(175) Eden regions: 23->0(24)
[2025-10-30T18:27:47.311+0000][gc,heap       ] GC(175) Survivor regions: 3->2(4)
[2025-10-30T18:27:47.311+0000][gc,heap       ] GC(175) Old regions: 128->129
[2025-10-30T18:27:47.311+0000][gc,heap       ] GC(175) Humongous regions: 147->147
[2025-10-30T18:27:47.313+0000][gc,metaspace  ] GC(175) Metaspace: 51587K(55216K)->51587K(55216K) NonClass: 45815K(47792K)->45815K(47792K) Class: 5771K(7424K)->5771K(7424K)
[2025-10-30T18:27:47.314+0000][gc            ] GC(175) Pause Young (Normal) (G1 Evacuation Pause) 300M->277M(512M) 29.174ms
[2025-10-30T18:27:47.314+0000][gc,cpu        ] GC(175) User=0.03s Sys=0.00s Real=0.03s
[2025-10-30T18:27:58.465+0000][gc,start      ] GC(176) Pause Young (Normal) (G1 Evacuation Pause)
[2025-10-30T18:27:58.466+0000][gc,task       ] GC(176) Using 2 workers of 2 for evacuation
[2025-10-30T18:27:58.481+0000][gc,phases     ] GC(176)   Pre Evacuate Collection Set: 0.0ms
[2025-10-30T18:27:58.481+0000][gc,phases     ] GC(176)   Evacuate Collection Set: 13.5ms
[2025-10-30T18:27:58.481+0000][gc,phases     ] GC(176)   Post Evacuate Collection Set: 1.0ms
[2025-10-30T18:27:58.482+0000][gc,phases     ] GC(176)   Other: 1.5ms
[2025-10-30T18:27:58.482+0000][gc,heap       ] GC(176) Eden regions: 23->0(25)
[2025-10-30T18:27:58.482+0000][gc,heap       ] GC(176) Survivor regions: 2->3(4)
[2025-10-30T18:27:58.482+0000][gc,heap       ] GC(176) Old regions: 129->129
[2025-10-30T18:27:58.483+0000][gc,heap       ] GC(176) Humongous regions: 147->147
[2025-10-30T18:27:58.483+0000][gc,metaspace  ] GC(176) Metaspace: 51589K(55216K)->51589K(55216K) NonClass: 45817K(47792K)->45817K(47792K) Class: 5771K(7424K)->5771K(7424K)
[2025-10-30T18:27:58.483+0000][gc            ] GC(176) Pause Young (Normal) (G1 Evacuation Pause) 300M->278M(512M) 18.494ms
[2025-10-30T18:27:58.483+0000][gc,cpu        ] GC(176) User=0.02s Sys=0.00s Real=0.01s
[2025-10-30T18:28:09.022+0000][gc,start      ] GC(177) Pause Young (Normal) (G1 Evacuation Pause)
[2025-10-30T18:28:09.022+0000][gc,task       ] GC(177) Using 2 workers of 2 for evacuation
[2025-10-30T18:28:09.037+0000][gc,phases     ] GC(177)   Pre Evacuate Collection Set: 0.0ms
[2025-10-30T18:28:09.038+0000][gc,phases     ] GC(177)   Evacuate Collection Set: 13.9ms
[2025-10-30T18:28:09.038+0000][gc,phases     ] GC(177)   Post Evacuate Collection Set: 1.0ms
[2025-10-30T18:28:09.038+0000][gc,phases     ] GC(177)   Other: 0.8ms
[2025-10-30T18:28:09.038+0000][gc,heap       ] GC(177) Eden regions: 24->0(26)
[2025-10-30T18:28:09.038+0000][gc,heap       ] GC(177) Survivor regions: 3->3(4)
[2025-10-30T18:28:09.039+0000][gc,heap       ] GC(177) Old regions: 129->130
[2025-10-30T18:28:09.039+0000][gc,heap       ] GC(177) Humongous regions: 147->147
[2025-10-30T18:28:09.039+0000][gc,metaspace  ] GC(177) Metaspace: 51589K(55216K)->51589K(55216K) NonClass: 45817K(47792K)->45817K(47792K) Class: 5771K(7424K)->5771K(7424K)
[2025-10-30T18:28:09.039+0000][gc            ] GC(177) Pause Young (Normal) (G1 Evacuation Pause) 302M->278M(512M) 17.791ms
[2025-10-30T18:28:09.040+0000][gc,cpu        ] GC(177) User=0.03s Sys=0.00s Real=0.02s
[2025-10-30T18:28:20.085+0000][gc,start      ] GC(178) Pause Young (Normal) (G1 Evacuation Pause)
[2025-10-30T18:28:20.085+0000][gc,task       ] GC(178) Using 2 workers of 2 for evacuation
[2025-10-30T18:28:20.103+0000][gc,phases     ] GC(178)   Pre Evacuate Collection Set: 0.0ms
[2025-10-30T18:28:20.104+0000][gc,phases     ] GC(178)   Evacuate Collection Set: 16.2ms
[2025-10-30T18:28:20.104+0000][gc,phases     ] GC(178)   Post Evacuate Collection Set: 1.0ms
[2025-10-30T18:28:20.104+0000][gc,phases     ] GC(178)   Other: 1.4ms
[2025-10-30T18:28:20.104+0000][gc,heap       ] GC(178) Eden regions: 26->0(26)
[2025-10-30T18:28:20.105+0000][gc,heap       ] GC(178) Survivor regions: 3->3(4)
[2025-10-30T18:28:20.105+0000][gc,heap       ] GC(178) Old regions: 130->130
[2025-10-30T18:28:20.105+0000][gc,heap       ] GC(178) Humongous regions: 147->147
[2025-10-30T18:28:20.105+0000][gc,metaspace  ] GC(178) Metaspace: 51589K(55216K)->51589K(55216K) NonClass: 45817K(47792K)->45817K(47792K) Class: 5771K(7424K)->5771K(7424K)
[2025-10-30T18:28:20.105+0000][gc            ] GC(178) Pause Young (Normal) (G1 Evacuation Pause) 304M->279M(512M) 20.756ms
[2025-10-30T18:28:20.106+0000][gc,cpu        ] GC(178) User=0.03s Sys=0.00s Real=0.03s
[2025-10-30T18:28:29.652+0000][gc,start      ] GC(179) Pause Young (Normal) (G1 Evacuation Pause)
[2025-10-30T18:28:29.652+0000][gc,task       ] GC(179) Using 2 workers of 2 for evacuation
[2025-10-30T18:28:29.667+0000][gc,phases     ] GC(179)   Pre Evacuate Collection Set: 0.0ms
[2025-10-30T18:28:29.668+0000][gc,phases     ] GC(179)   Evacuate Collection Set: 11.9ms
[2025-10-30T18:28:29.668+0000][gc,phases     ] GC(179)   Post Evacuate Collection Set: 2.7ms
[2025-10-30T18:28:29.668+0000][gc,phases     ] GC(179)   Other: 0.7ms
[2025-10-30T18:28:29.669+0000][gc,heap       ] GC(179) Eden regions: 24->0(27)
[2025-10-30T18:28:29.669+0000][gc,heap       ] GC(179) Survivor regions: 3->3(4)
[2025-10-30T18:28:29.669+0000][gc,heap       ] GC(179) Old regions: 130->131
[2025-10-30T18:28:29.669+0000][gc,heap       ] GC(179) Humongous regions: 147->147
[2025-10-30T18:28:29.670+0000][gc,metaspace  ] GC(179) Metaspace: 51589K(55216K)->51589K(55216K) NonClass: 45817K(47792K)->45817K(47792K) Class: 5771K(7424K)->5771K(7424K)
[2025-10-30T18:28:29.670+0000][gc            ] GC(179) Pause Young (Normal) (G1 Evacuation Pause) 303M->280M(512M) 17.789ms
[2025-10-30T18:28:29.670+0000][gc,cpu        ] GC(179) User=0.03s Sys=0.00s Real=0.02s
[2025-10-30T18:28:40.014+0000][gc,start      ] GC(180) Pause Young (Normal) (G1 Evacuation Pause)
[2025-10-30T18:28:40.014+0000][gc,task       ] GC(180) Using 2 workers of 2 for evacuation
[2025-10-30T18:28:40.028+0000][gc,phases     ] GC(180)   Pre Evacuate Collection Set: 0.0ms
[2025-10-30T18:28:40.028+0000][gc,phases     ] GC(180)   Evacuate Collection Set: 12.2ms
[2025-10-30T18:28:40.028+0000][gc,phases     ] GC(180)   Post Evacuate Collection Set: 0.8ms
[2025-10-30T18:28:40.029+0000][gc,phases     ] GC(180)   Other: 0.8ms
[2025-10-30T18:28:40.029+0000][gc,heap       ] GC(180) Eden regions: 27->0(29)
[2025-10-30T18:28:40.029+0000][gc,heap       ] GC(180) Survivor regions: 3->3(4)
[2025-10-30T18:28:40.029+0000][gc,heap       ] GC(180) Old regions: 131->132
[2025-10-30T18:28:40.029+0000][gc,heap       ] GC(180) Humongous regions: 147->147
[2025-10-30T18:28:40.030+0000][gc,metaspace  ] GC(180) Metaspace: 51589K(55216K)->51589K(55216K) NonClass: 45817K(47792K)->45817K(47792K) Class: 5771K(7424K)->5771K(7424K)
[2025-10-30T18:28:40.030+0000][gc            ] GC(180) Pause Young (Normal) (G1 Evacuation Pause) 307M->281M(512M) 15.714ms
[2025-10-30T18:28:40.030+0000][gc,cpu        ] GC(180) User=0.03s Sys=0.00s Real=0.02s
[2025-10-30T18:28:51.210+0000][gc,start      ] GC(181) Pause Young (Normal) (G1 Evacuation Pause)
[2025-10-30T18:28:51.211+0000][gc,task       ] GC(181) Using 2 workers of 2 for evacuation
[2025-10-30T18:28:51.221+0000][gc,phases     ] GC(181)   Pre Evacuate Collection Set: 0.0ms
[2025-10-30T18:28:51.222+0000][gc,phases     ] GC(181)   Evacuate Collection Set: 9.5ms
[2025-10-30T18:28:51.222+0000][gc,phases     ] GC(181)   Post Evacuate Collection Set: 0.7ms
[2025-10-30T18:28:51.223+0000][gc,phases     ] GC(181)   Other: 0.5ms
[2025-10-30T18:28:51.223+0000][gc,heap       ] GC(181) Eden regions: 29->0(32)
[2025-10-30T18:28:51.223+0000][gc,heap       ] GC(181) Survivor regions: 3->2(4)
[2025-10-30T18:28:51.223+0000][gc,heap       ] GC(181) Old regions: 132->133
[2025-10-30T18:28:51.223+0000][gc,heap       ] GC(181) Humongous regions: 147->147
[2025-10-30T18:28:51.224+0000][gc,metaspace  ] GC(181) Metaspace: 51590K(55216K)->51590K(55216K) NonClass: 45818K(47792K)->45818K(47792K) Class: 5771K(7424K)->5771K(7424K)
[2025-10-30T18:28:51.224+0000][gc            ] GC(181) Pause Young (Normal) (G1 Evacuation Pause) 310M->281M(512M) 13.375ms
[2025-10-30T18:28:51.224+0000][gc,cpu        ] GC(181) User=0.02s Sys=0.00s Real=0.01s
[2025-10-30T18:29:03.265+0000][gc,start      ] GC(182) Pause Young (Normal) (G1 Evacuation Pause)
[2025-10-30T18:29:03.266+0000][gc,task       ] GC(182) Using 2 workers of 2 for evacuation
[2025-10-30T18:29:03.276+0000][gc,phases     ] GC(182)   Pre Evacuate Collection Set: 0.0ms
[2025-10-30T18:29:03.277+0000][gc,phases     ] GC(182)   Evacuate Collection Set: 9.7ms
[2025-10-30T18:29:03.277+0000][gc,phases     ] GC(182)   Post Evacuate Collection Set: 0.7ms
[2025-10-30T18:29:03.277+0000][gc,phases     ] GC(182)   Other: 0.6ms
[2025-10-30T18:29:03.277+0000][gc,heap       ] GC(182) Eden regions: 32->0(34)
[2025-10-30T18:29:03.277+0000][gc,heap       ] GC(182) Survivor regions: 2->3(5)
[2025-10-30T18:29:03.277+0000][gc,heap       ] GC(182) Old regions: 133->133
[2025-10-30T18:29:03.278+0000][gc,heap       ] GC(182) Humongous regions: 147->147
[2025-10-30T18:29:03.278+0000][gc,metaspace  ] GC(182) Metaspace: 51590K(55216K)->51590K(55216K) NonClass: 45818K(47792K)->45818K(47792K) Class: 5771K(7424K)->5771K(7424K)
[2025-10-30T18:29:03.278+0000][gc            ] GC(182) Pause Young (Normal) (G1 Evacuation Pause) 313M->282M(512M) 12.507ms
[2025-10-30T18:29:03.278+0000][gc,cpu        ] GC(182) User=0.02s Sys=0.00s Real=0.02s
[2025-10-30T18:29:16.240+0000][gc,start      ] GC(183) Pause Young (Normal) (G1 Evacuation Pause)
[2025-10-30T18:29:16.240+0000][gc,task       ] GC(183) Using 2 workers of 2 for evacuation
[2025-10-30T18:29:16.252+0000][gc,phases     ] GC(183)   Pre Evacuate Collection Set: 0.0ms
[2025-10-30T18:29:16.252+0000][gc,phases     ] GC(183)   Evacuate Collection Set: 10.8ms
[2025-10-30T18:29:16.252+0000][gc,phases     ] GC(183)   Post Evacuate Collection Set: 0.7ms
[2025-10-30T18:29:16.253+0000][gc,phases     ] GC(183)   Other: 0.6ms
[2025-10-30T18:29:16.253+0000][gc,heap       ] GC(183) Eden regions: 33->0(37)
[2025-10-30T18:29:16.253+0000][gc,heap       ] GC(183) Survivor regions: 3->4(5)
[2025-10-30T18:29:16.253+0000][gc,heap       ] GC(183) Old regions: 133->133
[2025-10-30T18:29:16.253+0000][gc,heap       ] GC(183) Humongous regions: 147->147
[2025-10-30T18:29:16.253+0000][gc,metaspace  ] GC(183) Metaspace: 51592K(55216K)->51592K(55216K) NonClass: 45820K(47792K)->45820K(47792K) Class: 5771K(7424K)->5771K(7424K)
[2025-10-30T18:29:16.253+0000][gc            ] GC(183) Pause Young (Normal) (G1 Evacuation Pause) 315M->283M(512M) 13.451ms
[2025-10-30T18:29:16.254+0000][gc,cpu        ] GC(183) User=0.03s Sys=0.00s Real=0.01s
[2025-10-30T18:29:29.688+0000][gc,start      ] GC(184) Pause Young (Normal) (G1 Evacuation Pause)
[2025-10-30T18:29:29.688+0000][gc,task       ] GC(184) Using 2 workers of 2 for evacuation
[2025-10-30T18:29:29.703+0000][gc,phases     ] GC(184)   Pre Evacuate Collection Set: 0.0ms
[2025-10-30T18:29:29.703+0000][gc,phases     ] GC(184)   Evacuate Collection Set: 13.2ms
[2025-10-30T18:29:29.703+0000][gc,phases     ] GC(184)   Post Evacuate Collection Set: 0.8ms
[2025-10-30T18:29:29.703+0000][gc,phases     ] GC(184)   Other: 0.8ms
[2025-10-30T18:29:29.703+0000][gc,heap       ] GC(184) Eden regions: 36->0(38)
[2025-10-30T18:29:29.704+0000][gc,heap       ] GC(184) Survivor regions: 4->4(5)
[2025-10-30T18:29:29.704+0000][gc,heap       ] GC(184) Old regions: 133->135
[2025-10-30T18:29:29.704+0000][gc,heap       ] GC(184) Humongous regions: 147->147
[2025-10-30T18:29:29.704+0000][gc,metaspace  ] GC(184) Metaspace: 51597K(55216K)->51597K(55216K) NonClass: 45825K(47792K)->45825K(47792K) Class: 5771K(7424K)->5771K(7424K)
[2025-10-30T18:29:29.704+0000][gc            ] GC(184) Pause Young (Normal) (G1 Evacuation Pause) 319M->284M(512M) 16.598ms
[2025-10-30T18:29:29.705+0000][gc,cpu        ] GC(184) User=0.03s Sys=0.00s Real=0.01s
[2025-10-30T18:29:44.696+0000][gc,start      ] GC(185) Pause Young (Normal) (G1 Evacuation Pause)
[2025-10-30T18:29:44.696+0000][gc,task       ] GC(185) Using 2 workers of 2 for evacuation
[2025-10-30T18:29:44.711+0000][gc,phases     ] GC(185)   Pre Evacuate Collection Set: 0.0ms
[2025-10-30T18:29:44.712+0000][gc,phases     ] GC(185)   Evacuate Collection Set: 14.1ms
[2025-10-30T18:29:44.712+0000][gc,phases     ] GC(185)   Post Evacuate Collection Set: 0.8ms
[2025-10-30T18:29:44.712+0000][gc,phases     ] GC(185)   Other: 0.6ms
[2025-10-30T18:29:44.712+0000][gc,heap       ] GC(185) Eden regions: 38->0(40)
[2025-10-30T18:29:44.712+0000][gc,heap       ] GC(185) Survivor regions: 4->4(6)
[2025-10-30T18:29:44.712+0000][gc,heap       ] GC(185) Old regions: 135->136
[2025-10-30T18:29:44.713+0000][gc,heap       ] GC(185) Humongous regions: 147->147
[2025-10-30T18:29:44.713+0000][gc,metaspace  ] GC(185) Metaspace: 51597K(55216K)->51597K(55216K) NonClass: 45825K(47792K)->45825K(47792K) Class: 5771K(7424K)->5771K(7424K)
[2025-10-30T18:29:44.713+0000][gc            ] GC(185) Pause Young (Normal) (G1 Evacuation Pause) 322M->285M(512M) 17.372ms
[2025-10-30T18:29:44.713+0000][gc,cpu        ] GC(185) User=0.03s Sys=0.00s Real=0.02s
[2025-10-30T18:29:58.969+0000][gc,start      ] GC(186) Pause Young (Normal) (G1 Evacuation Pause)
[2025-10-30T18:29:58.969+0000][gc,task       ] GC(186) Using 2 workers of 2 for evacuation
[2025-10-30T18:29:58.984+0000][gc,phases     ] GC(186)   Pre Evacuate Collection Set: 0.0ms
[2025-10-30T18:29:58.984+0000][gc,phases     ] GC(186)   Evacuate Collection Set: 13.6ms
[2025-10-30T18:29:58.984+0000][gc,phases     ] GC(186)   Post Evacuate Collection Set: 0.9ms
[2025-10-30T18:29:58.985+0000][gc,phases     ] GC(186)   Other: 0.7ms
[2025-10-30T18:29:58.985+0000][gc,heap       ] GC(186) Eden regions: 35->0(41)
[2025-10-30T18:29:58.985+0000][gc,heap       ] GC(186) Survivor regions: 4->3(5)
[2025-10-30T18:29:58.985+0000][gc,heap       ] GC(186) Old regions: 136->137
[2025-10-30T18:29:58.985+0000][gc,heap       ] GC(186) Humongous regions: 147->147
[2025-10-30T18:29:58.986+0000][gc,metaspace  ] GC(186) Metaspace: 51597K(55216K)->51597K(55216K) NonClass: 45825K(47792K)->45825K(47792K) Class: 5771K(7424K)->5771K(7424K)
[2025-10-30T18:29:58.986+0000][gc            ] GC(186) Pause Young (Normal) (G1 Evacuation Pause) 320M->286M(512M) 17.156ms
[2025-10-30T18:29:58.986+0000][gc,cpu        ] GC(186) User=0.03s Sys=0.00s Real=0.01s
[2025-10-30T18:30:13.726+0000][gc,start      ] GC(187) Pause Young (Normal) (G1 Evacuation Pause)
[2025-10-30T18:30:13.727+0000][gc,task       ] GC(187) Using 2 workers of 2 for evacuation
[2025-10-30T18:30:13.740+0000][gc,phases     ] GC(187)   Pre Evacuate Collection Set: 0.0ms
[2025-10-30T18:30:13.740+0000][gc,phases     ] GC(187)   Evacuate Collection Set: 11.9ms
[2025-10-30T18:30:13.740+0000][gc,phases     ] GC(187)   Post Evacuate Collection Set: 0.9ms
[2025-10-30T18:30:13.740+0000][gc,phases     ] GC(187)   Other: 0.5ms
[2025-10-30T18:30:13.740+0000][gc,heap       ] GC(187) Eden regions: 37->0(43)
[2025-10-30T18:30:13.741+0000][gc,heap       ] GC(187) Survivor regions: 3->4(5)
[2025-10-30T18:30:13.741+0000][gc,heap       ] GC(187) Old regions: 137->137
[2025-10-30T18:30:13.741+0000][gc,heap       ] GC(187) Humongous regions: 147->147
[2025-10-30T18:30:13.741+0000][gc,metaspace  ] GC(187) Metaspace: 51597K(55216K)->51597K(55216K) NonClass: 45825K(47792K)->45825K(47792K) Class: 5771K(7424K)->5771K(7424K)
[2025-10-30T18:30:13.741+0000][gc            ] GC(187) Pause Young (Normal) (G1 Evacuation Pause) 323M->286M(512M) 14.865ms
[2025-10-30T18:30:13.741+0000][gc,cpu        ] GC(187) User=0.02s Sys=0.00s Real=0.02s
[2025-10-30T18:30:30.763+0000][gc,start      ] GC(188) Pause Young (Normal) (G1 Evacuation Pause)
[2025-10-30T18:30:30.763+0000][gc,task       ] GC(188) Using 2 workers of 2 for evacuation
[2025-10-30T18:30:30.779+0000][gc,phases     ] GC(188)   Pre Evacuate Collection Set: 0.0ms
[2025-10-30T18:30:30.780+0000][gc,phases     ] GC(188)   Evacuate Collection Set: 15.5ms
[2025-10-30T18:30:30.780+0000][gc,phases     ] GC(188)   Post Evacuate Collection Set: 0.8ms
[2025-10-30T18:30:30.780+0000][gc,phases     ] GC(188)   Other: 0.5ms
[2025-10-30T18:30:30.780+0000][gc,heap       ] GC(188) Eden regions: 43->0(45)
[2025-10-30T18:30:30.781+0000][gc,heap       ] GC(188) Survivor regions: 4->5(6)
[2025-10-30T18:30:30.781+0000][gc,heap       ] GC(188) Old regions: 137->137
[2025-10-30T18:30:30.781+0000][gc,heap       ] GC(188) Humongous regions: 147->147
[2025-10-30T18:30:30.781+0000][gc,metaspace  ] GC(188) Metaspace: 51597K(55216K)->51597K(55216K) NonClass: 45825K(47792K)->45825K(47792K) Class: 5771K(7424K)->5771K(7424K)
[2025-10-30T18:30:30.781+0000][gc            ] GC(188) Pause Young (Normal) (G1 Evacuation Pause) 329M->288M(512M) 18.639ms
[2025-10-30T18:30:30.781+0000][gc,cpu        ] GC(188) User=0.03s Sys=0.00s Real=0.02s
[2025-10-30T18:30:48.747+0000][gc,start      ] GC(189) Pause Young (Normal) (G1 Evacuation Pause)
[2025-10-30T18:30:48.747+0000][gc,task       ] GC(189) Using 2 workers of 2 for evacuation
[2025-10-30T18:30:48.764+0000][gc,phases     ] GC(189)   Pre Evacuate Collection Set: 0.0ms
[2025-10-30T18:30:48.764+0000][gc,phases     ] GC(189)   Evacuate Collection Set: 15.5ms
[2025-10-30T18:30:48.764+0000][gc,phases     ] GC(189)   Post Evacuate Collection Set: 0.8ms
[2025-10-30T18:30:48.764+0000][gc,phases     ] GC(189)   Other: 0.6ms
[2025-10-30T18:30:48.764+0000][gc,heap       ] GC(189) Eden regions: 45->0(44)
[2025-10-30T18:30:48.764+0000][gc,heap       ] GC(189) Survivor regions: 5->5(7)
[2025-10-30T18:30:48.765+0000][gc,heap       ] GC(189) Old regions: 137->138
[2025-10-30T18:30:48.765+0000][gc,heap       ] GC(189) Humongous regions: 147->147
[2025-10-30T18:30:48.765+0000][gc,metaspace  ] GC(189) Metaspace: 51598K(55216K)->51598K(55216K) NonClass: 45826K(47792K)->45826K(47792K) Class: 5771K(7424K)->5771K(7424K)
[2025-10-30T18:30:48.765+0000][gc            ] GC(189) Pause Young (Normal) (G1 Evacuation Pause) 333M->289M(512M) 18.288ms
[2025-10-30T18:30:48.765+0000][gc,cpu        ] GC(189) User=0.03s Sys=0.00s Real=0.02s
[2025-10-30T18:31:07.997+0000][gc,start      ] GC(190) Pause Young (Normal) (G1 Evacuation Pause)
[2025-10-30T18:31:07.997+0000][gc,task       ] GC(190) Using 2 workers of 2 for evacuation
[2025-10-30T18:31:08.018+0000][gc,mmu        ] GC(190) MMU target violated: 20.5ms (20.0ms/21.0ms)
[2025-10-30T18:31:08.018+0000][gc,phases     ] GC(190)   Pre Evacuate Collection Set: 0.0ms
[2025-10-30T18:31:08.018+0000][gc,phases     ] GC(190)   Evacuate Collection Set: 19.3ms
[2025-10-30T18:31:08.018+0000][gc,phases     ] GC(190)   Post Evacuate Collection Set: 1.1ms
[2025-10-30T18:31:08.018+0000][gc,phases     ] GC(190)   Other: 1.0ms
[2025-10-30T18:31:08.019+0000][gc,heap       ] GC(190) Eden regions: 44->0(43)
[2025-10-30T18:31:08.019+0000][gc,heap       ] GC(190) Survivor regions: 5->4(7)
[2025-10-30T18:31:08.019+0000][gc,heap       ] GC(190) Old regions: 138->139
[2025-10-30T18:31:08.019+0000][gc,heap       ] GC(190) Humongous regions: 147->147
[2025-10-30T18:31:08.019+0000][gc,metaspace  ] GC(190) Metaspace: 51601K(55216K)->51601K(55216K) NonClass: 45829K(47792K)->45829K(47792K) Class: 5771K(7424K)->5771K(7424K)
[2025-10-30T18:31:08.019+0000][gc            ] GC(190) Pause Young (Normal) (G1 Evacuation Pause) 333M->289M(512M) 22.902ms
[2025-10-30T18:31:08.020+0000][gc,cpu        ] GC(190) User=0.04s Sys=0.00s Real=0.03s
[2025-10-30T18:31:27.599+0000][gc,start      ] GC(191) Pause Young (Normal) (G1 Evacuation Pause)
[2025-10-30T18:31:27.600+0000][gc,task       ] GC(191) Using 2 workers of 2 for evacuation
[2025-10-30T18:31:27.620+0000][gc,mmu        ] GC(191) MMU target violated: 20.3ms (20.0ms/21.0ms)
[2025-10-30T18:31:27.621+0000][gc,phases     ] GC(191)   Pre Evacuate Collection Set: 0.0ms
[2025-10-30T18:31:27.621+0000][gc,phases     ] GC(191)   Evacuate Collection Set: 19.2ms
[2025-10-30T18:31:27.621+0000][gc,phases     ] GC(191)   Post Evacuate Collection Set: 0.9ms
[2025-10-30T18:31:27.621+0000][gc,phases     ] GC(191)   Other: 1.3ms
[2025-10-30T18:31:27.621+0000][gc,heap       ] GC(191) Eden regions: 40->0(39)
[2025-10-30T18:31:27.622+0000][gc,heap       ] GC(191) Survivor regions: 4->4(6)
[2025-10-30T18:31:27.622+0000][gc,heap       ] GC(191) Old regions: 139->140
[2025-10-30T18:31:27.622+0000][gc,heap       ] GC(191) Humongous regions: 147->147
[2025-10-30T18:31:27.622+0000][gc,metaspace  ] GC(191) Metaspace: 51603K(55216K)->51603K(55216K) NonClass: 45831K(47792K)->45831K(47792K) Class: 5771K(7424K)->5771K(7424K)
[2025-10-30T18:31:27.622+0000][gc            ] GC(191) Pause Young (Normal) (G1 Evacuation Pause) 329M->290M(512M) 23.107ms
[2025-10-30T18:31:27.623+0000][gc,cpu        ] GC(191) User=0.04s Sys=0.00s Real=0.03s
[2025-10-30T18:31:45.965+0000][gc,start      ] GC(192) Pause Young (Normal) (G1 Evacuation Pause)
[2025-10-30T18:31:45.971+0000][gc,task       ] GC(192) Using 2 workers of 2 for evacuation
[2025-10-30T18:31:45.993+0000][gc,mmu        ] GC(192) MMU target violated: 21.0ms (20.0ms/21.0ms)
[2025-10-30T18:31:45.994+0000][gc,phases     ] GC(192)   Pre Evacuate Collection Set: 0.0ms
[2025-10-30T18:31:45.994+0000][gc,phases     ] GC(192)   Evacuate Collection Set: 20.7ms
[2025-10-30T18:31:45.995+0000][gc,phases     ] GC(192)   Post Evacuate Collection Set: 1.3ms
[2025-10-30T18:31:45.995+0000][gc,phases     ] GC(192)   Other: 7.5ms
[2025-10-30T18:31:45.995+0000][gc,heap       ] GC(192) Eden regions: 39->0(39)
[2025-10-30T18:31:45.996+0000][gc,heap       ] GC(192) Survivor regions: 4->5(6)
[2025-10-30T18:31:45.996+0000][gc,heap       ] GC(192) Old regions: 140->141
[2025-10-30T18:31:45.997+0000][gc,heap       ] GC(192) Humongous regions: 147->147
[2025-10-30T18:31:45.997+0000][gc,metaspace  ] GC(192) Metaspace: 51603K(55216K)->51603K(55216K) NonClass: 45832K(47792K)->45832K(47792K) Class: 5771K(7424K)->5771K(7424K)
[2025-10-30T18:31:46.016+0000][gc            ] GC(192) Pause Young (Normal) (G1 Evacuation Pause) 329M->292M(512M) 51.256ms
[2025-10-30T18:31:46.016+0000][gc,cpu        ] GC(192) User=0.04s Sys=0.00s Real=0.05s
[2025-10-30T18:32:02.747+0000][gc,start      ] GC(193) Pause Young (Normal) (G1 Evacuation Pause)
[2025-10-30T18:32:02.747+0000][gc,task       ] GC(193) Using 2 workers of 2 for evacuation
[2025-10-30T18:32:02.768+0000][gc,mmu        ] GC(193) MMU target violated: 20.5ms (20.0ms/21.0ms)
[2025-10-30T18:32:02.768+0000][gc,phases     ] GC(193)   Pre Evacuate Collection Set: 0.0ms
[2025-10-30T18:32:02.768+0000][gc,phases     ] GC(193)   Evacuate Collection Set: 19.1ms
[2025-10-30T18:32:02.769+0000][gc,phases     ] GC(193)   Post Evacuate Collection Set: 1.1ms
[2025-10-30T18:32:02.769+0000][gc,phases     ] GC(193)   Other: 1.1ms
[2025-10-30T18:32:02.769+0000][gc,heap       ] GC(193) Eden regions: 36->0(37)
[2025-10-30T18:32:02.770+0000][gc,heap       ] GC(193) Survivor regions: 5->3(6)
[2025-10-30T18:32:02.770+0000][gc,heap       ] GC(193) Old regions: 141->142
[2025-10-30T18:32:02.770+0000][gc,heap       ] GC(193) Humongous regions: 147->147
[2025-10-30T18:32:02.771+0000][gc,metaspace  ] GC(193) Metaspace: 51609K(55216K)->51609K(55216K) NonClass: 45837K(47792K)->45837K(47792K) Class: 5771K(7424K)->5771K(7424K)
[2025-10-30T18:32:02.771+0000][gc            ] GC(193) Pause Young (Normal) (G1 Evacuation Pause) 328M->291M(512M) 24.333ms
[2025-10-30T18:32:02.772+0000][gc,cpu        ] GC(193) User=0.04s Sys=0.00s Real=0.03s
[2025-10-30T18:32:19.352+0000][gc,start      ] GC(194) Pause Young (Normal) (G1 Evacuation Pause)
[2025-10-30T18:32:19.353+0000][gc,task       ] GC(194) Using 2 workers of 2 for evacuation
[2025-10-30T18:32:19.373+0000][gc,phases     ] GC(194)   Pre Evacuate Collection Set: 0.0ms
[2025-10-30T18:32:19.373+0000][gc,phases     ] GC(194)   Evacuate Collection Set: 17.5ms
[2025-10-30T18:32:19.373+0000][gc,phases     ] GC(194)   Post Evacuate Collection Set: 1.4ms
[2025-10-30T18:32:19.373+0000][gc,phases     ] GC(194)   Other: 1.3ms
[2025-10-30T18:32:19.374+0000][gc,heap       ] GC(194) Eden regions: 35->0(35)
[2025-10-30T18:32:19.374+0000][gc,heap       ] GC(194) Survivor regions: 3->4(5)
[2025-10-30T18:32:19.374+0000][gc,heap       ] GC(194) Old regions: 142->143
[2025-10-30T18:32:19.374+0000][gc,heap       ] GC(194) Humongous regions: 147->147
[2025-10-30T18:32:19.375+0000][gc,metaspace  ] GC(194) Metaspace: 51610K(55216K)->51610K(55216K) NonClass: 45838K(47792K)->45838K(47792K) Class: 5771K(7424K)->5771K(7424K)
[2025-10-30T18:32:19.375+0000][gc            ] GC(194) Pause Young (Normal) (G1 Evacuation Pause) 326M->293M(512M) 22.992ms
[2025-10-30T18:32:19.376+0000][gc,cpu        ] GC(194) User=0.04s Sys=0.00s Real=0.02s
[2025-10-30T18:32:34.528+0000][gc,start      ] GC(195) Pause Young (Normal) (G1 Evacuation Pause)
[2025-10-30T18:32:34.529+0000][gc,task       ] GC(195) Using 2 workers of 2 for evacuation
[2025-10-30T18:32:34.549+0000][gc,phases     ] GC(195)   Pre Evacuate Collection Set: 0.0ms
[2025-10-30T18:32:34.549+0000][gc,phases     ] GC(195)   Evacuate Collection Set: 18.1ms
[2025-10-30T18:32:34.549+0000][gc,phases     ] GC(195)   Post Evacuate Collection Set: 1.2ms
[2025-10-30T18:32:34.550+0000][gc,phases     ] GC(195)   Other: 1.3ms
[2025-10-30T18:32:34.550+0000][gc,heap       ] GC(195) Eden regions: 34->0(35)
[2025-10-30T18:32:34.550+0000][gc,heap       ] GC(195) Survivor regions: 4->4(5)
[2025-10-30T18:32:34.550+0000][gc,heap       ] GC(195) Old regions: 143->144
[2025-10-30T18:32:34.551+0000][gc,heap       ] GC(195) Humongous regions: 147->147
[2025-10-30T18:32:34.551+0000][gc,metaspace  ] GC(195) Metaspace: 51612K(55216K)->51612K(55216K) NonClass: 45840K(47792K)->45840K(47792K) Class: 5772K(7424K)->5772K(7424K)
[2025-10-30T18:32:34.551+0000][gc            ] GC(195) Pause Young (Normal) (G1 Evacuation Pause) 327M->294M(512M) 23.130ms
[2025-10-30T18:32:34.551+0000][gc,cpu        ] GC(195) User=0.04s Sys=0.00s Real=0.03s
[2025-10-30T18:32:49.629+0000][gc,start      ] GC(196) Pause Young (Normal) (G1 Evacuation Pause)
[2025-10-30T18:32:49.629+0000][gc,task       ] GC(196) Using 2 workers of 2 for evacuation
[2025-10-30T18:32:49.646+0000][gc,phases     ] GC(196)   Pre Evacuate Collection Set: 0.0ms
[2025-10-30T18:32:49.646+0000][gc,phases     ] GC(196)   Evacuate Collection Set: 15.0ms
[2025-10-30T18:32:49.646+0000][gc,phases     ] GC(196)   Post Evacuate Collection Set: 0.9ms
[2025-10-30T18:32:49.646+0000][gc,phases     ] GC(196)   Other: 0.8ms
[2025-10-30T18:32:49.647+0000][gc,heap       ] GC(196) Eden regions: 35->0(36)
[2025-10-30T18:32:49.647+0000][gc,heap       ] GC(196) Survivor regions: 4->4(5)
[2025-10-30T18:32:49.647+0000][gc,heap       ] GC(196) Old regions: 144->145
[2025-10-30T18:32:49.647+0000][gc,heap       ] GC(196) Humongous regions: 147->147
[2025-10-30T18:32:49.647+0000][gc,metaspace  ] GC(196) Metaspace: 51618K(55216K)->51618K(55216K) NonClass: 45846K(47792K)->45846K(47792K) Class: 5772K(7424K)->5772K(7424K)
[2025-10-30T18:32:49.648+0000][gc            ] GC(196) Pause Young (Normal) (G1 Evacuation Pause) 329M->295M(512M) 18.756ms
[2025-10-30T18:32:49.648+0000][gc,cpu        ] GC(196) User=0.03s Sys=0.00s Real=0.02s
[2025-10-30T18:33:04.154+0000][gc,start      ] GC(197) Pause Young (Normal) (G1 Evacuation Pause)
[2025-10-30T18:33:04.154+0000][gc,task       ] GC(197) Using 2 workers of 2 for evacuation
[2025-10-30T18:33:04.167+0000][gc,phases     ] GC(197)   Pre Evacuate Collection Set: 0.0ms
[2025-10-30T18:33:04.168+0000][gc,phases     ] GC(197)   Evacuate Collection Set: 12.1ms
[2025-10-30T18:33:04.168+0000][gc,phases     ] GC(197)   Post Evacuate Collection Set: 0.8ms
[2025-10-30T18:33:04.168+0000][gc,phases     ] GC(197)   Other: 0.7ms
[2025-10-30T18:33:04.168+0000][gc,heap       ] GC(197) Eden regions: 36->0(39)
[2025-10-30T18:33:04.169+0000][gc,heap       ] GC(197) Survivor regions: 4->3(5)
[2025-10-30T18:33:04.169+0000][gc,heap       ] GC(197) Old regions: 145->146
[2025-10-30T18:33:04.169+0000][gc,heap       ] GC(197) Humongous regions: 147->147
[2025-10-30T18:33:04.169+0000][gc,metaspace  ] GC(197) Metaspace: 51618K(55216K)->51618K(55216K) NonClass: 45846K(47792K)->45846K(47792K) Class: 5772K(7424K)->5772K(7424K)
[2025-10-30T18:33:04.169+0000][gc            ] GC(197) Pause Young (Normal) (G1 Evacuation Pause) 331M->295M(512M) 15.499ms
[2025-10-30T18:33:04.169+0000][gc,cpu        ] GC(197) User=0.03s Sys=0.00s Real=0.01s
[2025-10-30T18:33:20.047+0000][gc,start      ] GC(198) Pause Young (Normal) (G1 Evacuation Pause)
[2025-10-30T18:33:20.047+0000][gc,task       ] GC(198) Using 2 workers of 2 for evacuation
[2025-10-30T18:33:20.064+0000][gc,phases     ] GC(198)   Pre Evacuate Collection Set: 0.0ms
[2025-10-30T18:33:20.070+0000][gc,phases     ] GC(198)   Evacuate Collection Set: 15.5ms
[2025-10-30T18:33:20.071+0000][gc,phases     ] GC(198)   Post Evacuate Collection Set: 1.0ms
[2025-10-30T18:33:20.071+0000][gc,phases     ] GC(198)   Other: 0.9ms
[2025-10-30T18:33:20.072+0000][gc,heap       ] GC(198) Eden regions: 39->0(40)
[2025-10-30T18:33:20.072+0000][gc,heap       ] GC(198) Survivor regions: 3->4(6)
[2025-10-30T18:33:20.072+0000][gc,heap       ] GC(198) Old regions: 146->146
[2025-10-30T18:33:20.072+0000][gc,heap       ] GC(198) Humongous regions: 147->147
[2025-10-30T18:33:20.072+0000][gc,metaspace  ] GC(198) Metaspace: 51618K(55216K)->51618K(55216K) NonClass: 45846K(47792K)->45846K(47792K) Class: 5772K(7424K)->5772K(7424K)
[2025-10-30T18:33:20.073+0000][gc            ] GC(198) Pause Young (Normal) (G1 Evacuation Pause) 334M->296M(512M) 25.704ms
[2025-10-30T18:33:20.073+0000][gc,cpu        ] GC(198) User=0.03s Sys=0.00s Real=0.02s
[2025-10-30T18:33:38.361+0000][gc,start      ] GC(199) Pause Young (Normal) (G1 Evacuation Pause)
[2025-10-30T18:33:38.362+0000][gc,task       ] GC(199) Using 2 workers of 2 for evacuation
[2025-10-30T18:33:38.380+0000][gc,phases     ] GC(199)   Pre Evacuate Collection Set: 0.0ms
[2025-10-30T18:33:38.381+0000][gc,phases     ] GC(199)   Evacuate Collection Set: 17.0ms
[2025-10-30T18:33:38.381+0000][gc,phases     ] GC(199)   Post Evacuate Collection Set: 1.1ms
[2025-10-30T18:33:38.381+0000][gc,phases     ] GC(199)   Other: 0.8ms
[2025-10-30T18:33:38.381+0000][gc,heap       ] GC(199) Eden regions: 40->0(41)
[2025-10-30T18:33:38.381+0000][gc,heap       ] GC(199) Survivor regions: 4->5(6)
[2025-10-30T18:33:38.381+0000][gc,heap       ] GC(199) Old regions: 146->147
[2025-10-30T18:33:38.382+0000][gc,heap       ] GC(199) Humongous regions: 147->147
[2025-10-30T18:33:38.382+0000][gc,metaspace  ] GC(199) Metaspace: 51618K(55216K)->51618K(55216K) NonClass: 45846K(47792K)->45846K(47792K) Class: 5772K(7424K)->5772K(7424K)
[2025-10-30T18:33:38.382+0000][gc            ] GC(199) Pause Young (Normal) (G1 Evacuation Pause) 336M->297M(512M) 20.469ms
[2025-10-30T18:33:38.382+0000][gc,cpu        ] GC(199) User=0.03s Sys=0.00s Real=0.02s
[2025-10-30T18:33:54.022+0000][gc,start      ] GC(200) Pause Young (Normal) (G1 Evacuation Pause)
[2025-10-30T18:33:54.022+0000][gc,task       ] GC(200) Using 2 workers of 2 for evacuation
[2025-10-30T18:33:54.040+0000][gc,phases     ] GC(200)   Pre Evacuate Collection Set: 0.0ms
[2025-10-30T18:33:54.040+0000][gc,phases     ] GC(200)   Evacuate Collection Set: 16.1ms
[2025-10-30T18:33:54.040+0000][gc,phases     ] GC(200)   Post Evacuate Collection Set: 0.9ms
[2025-10-30T18:33:54.040+0000][gc,phases     ] GC(200)   Other: 1.1ms
[2025-10-30T18:33:54.041+0000][gc,heap       ] GC(200) Eden regions: 39->0(40)
[2025-10-30T18:33:54.041+0000][gc,heap       ] GC(200) Survivor regions: 5->4(6)
[2025-10-30T18:33:54.041+0000][gc,heap       ] GC(200) Old regions: 147->148
[2025-10-30T18:33:54.041+0000][gc,heap       ] GC(200) Humongous regions: 147->147
[2025-10-30T18:33:54.041+0000][gc,metaspace  ] GC(200) Metaspace: 51618K(55216K)->51618K(55216K) NonClass: 45846K(47792K)->45846K(47792K) Class: 5772K(7424K)->5772K(7424K)
[2025-10-30T18:33:54.042+0000][gc            ] GC(200) Pause Young (Normal) (G1 Evacuation Pause) 336M->298M(512M) 20.251ms
[2025-10-30T18:33:54.042+0000][gc,cpu        ] GC(200) User=0.03s Sys=0.00s Real=0.02s
[2025-10-30T18:34:10.781+0000][gc,start      ] GC(201) Pause Young (Normal) (G1 Evacuation Pause)
[2025-10-30T18:34:10.781+0000][gc,task       ] GC(201) Using 2 workers of 2 for evacuation
[2025-10-30T18:34:10.795+0000][gc,phases     ] GC(201)   Pre Evacuate Collection Set: 0.0ms
[2025-10-30T18:34:10.795+0000][gc,phases     ] GC(201)   Evacuate Collection Set: 12.5ms
[2025-10-30T18:34:10.795+0000][gc,phases     ] GC(201)   Post Evacuate Collection Set: 0.8ms
[2025-10-30T18:34:10.795+0000][gc,phases     ] GC(201)   Other: 0.5ms
[2025-10-30T18:34:10.795+0000][gc,heap       ] GC(201) Eden regions: 40->0(42)
[2025-10-30T18:34:10.796+0000][gc,heap       ] GC(201) Survivor regions: 4->3(6)
[2025-10-30T18:34:10.796+0000][gc,heap       ] GC(201) Old regions: 148->149
[2025-10-30T18:34:10.796+0000][gc,heap       ] GC(201) Humongous regions: 147->147
[2025-10-30T18:34:10.796+0000][gc,metaspace  ] GC(201) Metaspace: 51619K(55216K)->51619K(55216K) NonClass: 45846K(47792K)->45846K(47792K) Class: 5772K(7424K)->5772K(7424K)
[2025-10-30T18:34:10.796+0000][gc            ] GC(201) Pause Young (Normal) (G1 Evacuation Pause) 338M->298M(512M) 15.310ms
[2025-10-30T18:34:10.796+0000][gc,cpu        ] GC(201) User=0.02s Sys=0.00s Real=0.02s
[2025-10-30T18:34:27.928+0000][gc,start      ] GC(202) Pause Young (Normal) (G1 Evacuation Pause)
[2025-10-30T18:34:27.928+0000][gc,task       ] GC(202) Using 2 workers of 2 for evacuation
[2025-10-30T18:34:27.941+0000][gc,phases     ] GC(202)   Pre Evacuate Collection Set: 0.0ms
[2025-10-30T18:34:27.941+0000][gc,phases     ] GC(202)   Evacuate Collection Set: 12.2ms
[2025-10-30T18:34:27.942+0000][gc,phases     ] GC(202)   Post Evacuate Collection Set: 0.8ms
[2025-10-30T18:34:27.942+0000][gc,phases     ] GC(202)   Other: 0.6ms
[2025-10-30T18:34:27.942+0000][gc,heap       ] GC(202) Eden regions: 42->0(44)
[2025-10-30T18:34:27.942+0000][gc,heap       ] GC(202) Survivor regions: 3->5(6)
[2025-10-30T18:34:27.942+0000][gc,heap       ] GC(202) Old regions: 149->149
[2025-10-30T18:34:27.942+0000][gc,heap       ] GC(202) Humongous regions: 147->147
[2025-10-30T18:34:27.942+0000][gc,metaspace  ] GC(202) Metaspace: 51619K(55216K)->51619K(55216K) NonClass: 45846K(47792K)->45846K(47792K) Class: 5772K(7424K)->5772K(7424K)
[2025-10-30T18:34:27.943+0000][gc            ] GC(202) Pause Young (Normal) (G1 Evacuation Pause) 340M->300M(512M) 14.870ms
[2025-10-30T18:34:27.943+0000][gc,cpu        ] GC(202) User=0.02s Sys=0.00s Real=0.01s
[2025-10-30T18:34:45.691+0000][gc,start      ] GC(203) Pause Young (Normal) (G1 Evacuation Pause)
[2025-10-30T18:34:45.691+0000][gc,task       ] GC(203) Using 2 workers of 2 for evacuation
[2025-10-30T18:34:45.708+0000][gc,phases     ] GC(203)   Pre Evacuate Collection Set: 0.0ms
[2025-10-30T18:34:45.709+0000][gc,phases     ] GC(203)   Evacuate Collection Set: 16.0ms
[2025-10-30T18:34:45.709+0000][gc,phases     ] GC(203)   Post Evacuate Collection Set: 0.8ms
[2025-10-30T18:34:45.709+0000][gc,phases     ] GC(203)   Other: 0.8ms
[2025-10-30T18:34:45.709+0000][gc,heap       ] GC(203) Eden regions: 44->0(44)
[2025-10-30T18:34:45.709+0000][gc,heap       ] GC(203) Survivor regions: 5->5(7)
[2025-10-30T18:34:45.710+0000][gc,heap       ] GC(203) Old regions: 149->150
[2025-10-30T18:34:45.710+0000][gc,heap       ] GC(203) Humongous regions: 147->147
[2025-10-30T18:34:45.710+0000][gc,metaspace  ] GC(203) Metaspace: 51619K(55216K)->51619K(55216K) NonClass: 45846K(47792K)->45846K(47792K) Class: 5772K(7424K)->5772K(7424K)
[2025-10-30T18:34:45.710+0000][gc            ] GC(203) Pause Young (Normal) (G1 Evacuation Pause) 344M->301M(512M) 19.175ms
[2025-10-30T18:34:45.710+0000][gc,cpu        ] GC(203) User=0.03s Sys=0.00s Real=0.02s
[2025-10-30T18:35:02.546+0000][gc,start      ] GC(204) Pause Young (Normal) (G1 Evacuation Pause)
[2025-10-30T18:35:02.547+0000][gc,task       ] GC(204) Using 2 workers of 2 for evacuation
[2025-10-30T18:35:02.568+0000][gc,mmu        ] GC(204) MMU target violated: 20.1ms (20.0ms/21.0ms)
[2025-10-30T18:35:02.568+0000][gc,phases     ] GC(204)   Pre Evacuate Collection Set: 0.0ms
[2025-10-30T18:35:02.568+0000][gc,phases     ] GC(204)   Evacuate Collection Set: 18.6ms
[2025-10-30T18:35:02.569+0000][gc,phases     ] GC(204)   Post Evacuate Collection Set: 1.3ms
[2025-10-30T18:35:02.569+0000][gc,phases     ] GC(204)   Other: 1.6ms
[2025-10-30T18:35:02.570+0000][gc,heap       ] GC(204) Eden regions: 44->0(44)
[2025-10-30T18:35:02.570+0000][gc,heap       ] GC(204) Survivor regions: 5->5(7)
[2025-10-30T18:35:02.570+0000][gc,heap       ] GC(204) Old regions: 150->152
[2025-10-30T18:35:02.571+0000][gc,heap       ] GC(204) Humongous regions: 147->147
[2025-10-30T18:35:02.571+0000][gc,metaspace  ] GC(204) Metaspace: 51619K(55216K)->51619K(55216K) NonClass: 45846K(47792K)->45846K(47792K) Class: 5772K(7424K)->5772K(7424K)
[2025-10-30T18:35:02.571+0000][gc            ] GC(204) Pause Young (Normal) (G1 Evacuation Pause) 345M->302M(512M) 25.017ms
[2025-10-30T18:35:02.572+0000][gc,cpu        ] GC(204) User=0.04s Sys=0.00s Real=0.02s
[2025-10-30T18:35:21.072+0000][gc,start      ] GC(205) Pause Young (Normal) (G1 Evacuation Pause)
[2025-10-30T18:35:21.073+0000][gc,task       ] GC(205) Using 2 workers of 2 for evacuation
[2025-10-30T18:35:21.091+0000][gc,phases     ] GC(205)   Pre Evacuate Collection Set: 0.0ms
[2025-10-30T18:35:21.091+0000][gc,phases     ] GC(205)   Evacuate Collection Set: 16.6ms
[2025-10-30T18:35:21.092+0000][gc,phases     ] GC(205)   Post Evacuate Collection Set: 1.3ms
[2025-10-30T18:35:21.092+0000][gc,phases     ] GC(205)   Other: 0.8ms
[2025-10-30T18:35:21.092+0000][gc,heap       ] GC(205) Eden regions: 44->0(44)
[2025-10-30T18:35:21.092+0000][gc,heap       ] GC(205) Survivor regions: 5->4(7)
[2025-10-30T18:35:21.093+0000][gc,heap       ] GC(205) Old regions: 152->153
[2025-10-30T18:35:21.093+0000][gc,heap       ] GC(205) Humongous regions: 147->147
[2025-10-30T18:35:21.093+0000][gc,metaspace  ] GC(205) Metaspace: 51619K(55216K)->51619K(55216K) NonClass: 45846K(47792K)->45846K(47792K) Class: 5772K(7424K)->5772K(7424K)
[2025-10-30T18:35:21.093+0000][gc            ] GC(205) Pause Young (Normal) (G1 Evacuation Pause) 346M->302M(512M) 21.109ms
[2025-10-30T18:35:21.094+0000][gc,cpu        ] GC(205) User=0.03s Sys=0.00s Real=0.02s
[2025-10-30T18:35:41.036+0000][gc,start      ] GC(206) Pause Young (Normal) (G1 Evacuation Pause)
[2025-10-30T18:35:41.036+0000][gc,task       ] GC(206) Using 2 workers of 2 for evacuation
[2025-10-30T18:35:41.058+0000][gc,mmu        ] GC(206) MMU target violated: 21.0ms (20.0ms/21.0ms)
[2025-10-30T18:35:41.059+0000][gc,phases     ] GC(206)   Pre Evacuate Collection Set: 0.0ms
[2025-10-30T18:35:41.059+0000][gc,phases     ] GC(206)   Evacuate Collection Set: 20.6ms
[2025-10-30T18:35:41.059+0000][gc,phases     ] GC(206)   Post Evacuate Collection Set: 1.0ms
[2025-10-30T18:35:41.059+0000][gc,phases     ] GC(206)   Other: 1.1ms
[2025-10-30T18:35:41.060+0000][gc,heap       ] GC(206) Eden regions: 43->0(39)
[2025-10-30T18:35:41.060+0000][gc,heap       ] GC(206) Survivor regions: 4->4(6)
[2025-10-30T18:35:41.060+0000][gc,heap       ] GC(206) Old regions: 153->154
[2025-10-30T18:35:41.060+0000][gc,heap       ] GC(206) Humongous regions: 147->147
[2025-10-30T18:35:41.061+0000][gc,metaspace  ] GC(206) Metaspace: 51620K(55216K)->51620K(55216K) NonClass: 45847K(47792K)->45847K(47792K) Class: 5772K(7424K)->5772K(7424K)
[2025-10-30T18:35:41.061+0000][gc            ] GC(206) Pause Young (Normal) (G1 Evacuation Pause) 345M->304M(512M) 25.081ms
[2025-10-30T18:35:41.061+0000][gc,cpu        ] GC(206) User=0.04s Sys=0.00s Real=0.02s
[2025-10-30T18:35:58.332+0000][gc,start      ] GC(207) Pause Young (Normal) (G1 Evacuation Pause)
[2025-10-30T18:35:58.332+0000][gc,task       ] GC(207) Using 2 workers of 2 for evacuation
[2025-10-30T18:35:58.351+0000][gc,phases     ] GC(207)   Pre Evacuate Collection Set: 0.0ms
[2025-10-30T18:35:58.351+0000][gc,phases     ] GC(207)   Evacuate Collection Set: 17.4ms
[2025-10-30T18:35:58.352+0000][gc,phases     ] GC(207)   Post Evacuate Collection Set: 0.9ms
[2025-10-30T18:35:58.352+0000][gc,phases     ] GC(207)   Other: 0.7ms
[2025-10-30T18:35:58.352+0000][gc,heap       ] GC(207) Eden regions: 39->0(40)
[2025-10-30T18:35:58.353+0000][gc,heap       ] GC(207) Survivor regions: 4->5(6)
[2025-10-30T18:35:58.353+0000][gc,heap       ] GC(207) Old regions: 154->155
[2025-10-30T18:35:58.353+0000][gc,heap       ] GC(207) Humongous regions: 147->147
[2025-10-30T18:35:58.353+0000][gc,metaspace  ] GC(207) Metaspace: 51621K(55216K)->51621K(55216K) NonClass: 45848K(47792K)->45848K(47792K) Class: 5772K(7424K)->5772K(7424K)
[2025-10-30T18:35:58.354+0000][gc            ] GC(207) Pause Young (Normal) (G1 Evacuation Pause) 343M->305M(512M) 21.731ms
[2025-10-30T18:35:58.354+0000][gc,cpu        ] GC(207) User=0.04s Sys=0.00s Real=0.02s
[2025-10-30T18:36:15.428+0000][gc,start      ] GC(208) Pause Young (Normal) (G1 Evacuation Pause)
[2025-10-30T18:36:15.429+0000][gc,task       ] GC(208) Using 2 workers of 2 for evacuation
[2025-10-30T18:36:15.446+0000][gc,phases     ] GC(208)   Pre Evacuate Collection Set: 0.0ms
[2025-10-30T18:36:15.446+0000][gc,phases     ] GC(208)   Evacuate Collection Set: 15.2ms
[2025-10-30T18:36:15.446+0000][gc,phases     ] GC(208)   Post Evacuate Collection Set: 0.9ms
[2025-10-30T18:36:15.446+0000][gc,phases     ] GC(208)   Other: 1.1ms
[2025-10-30T18:36:15.446+0000][gc,heap       ] GC(208) Eden regions: 40->0(42)
[2025-10-30T18:36:15.447+0000][gc,heap       ] GC(208) Survivor regions: 5->3(6)
[2025-10-30T18:36:15.447+0000][gc,heap       ] GC(208) Old regions: 155->156
[2025-10-30T18:36:15.447+0000][gc,heap       ] GC(208) Humongous regions: 147->147
[2025-10-30T18:36:15.447+0000][gc,metaspace  ] GC(208) Metaspace: 51621K(55216K)->51621K(55216K) NonClass: 45848K(47792K)->45848K(47792K) Class: 5772K(7424K)->5772K(7424K)
[2025-10-30T18:36:15.447+0000][gc            ] GC(208) Pause Young (Normal) (G1 Evacuation Pause) 345M->305M(512M) 19.153ms
[2025-10-30T18:36:15.448+0000][gc,cpu        ] GC(208) User=0.04s Sys=0.00s Real=0.02s
[2025-10-30T18:36:32.422+0000][gc,start      ] GC(209) Pause Young (Normal) (G1 Evacuation Pause)
[2025-10-30T18:36:32.430+0000][gc,task       ] GC(209) Using 2 workers of 2 for evacuation
[2025-10-30T18:36:32.455+0000][gc,mmu        ] GC(209) MMU target violated: 21.0ms (20.0ms/21.0ms)
[2025-10-30T18:36:32.456+0000][gc,phases     ] GC(209)   Pre Evacuate Collection Set: 0.0ms
[2025-10-30T18:36:32.457+0000][gc,phases     ] GC(209)   Evacuate Collection Set: 23.3ms
[2025-10-30T18:36:32.457+0000][gc,phases     ] GC(209)   Post Evacuate Collection Set: 1.2ms
[2025-10-30T18:36:32.458+0000][gc,phases     ] GC(209)   Other: 9.5ms
[2025-10-30T18:36:32.459+0000][gc,heap       ] GC(209) Eden regions: 40->0(39)
[2025-10-30T18:36:32.459+0000][gc,heap       ] GC(209) Survivor regions: 3->5(6)
[2025-10-30T18:36:32.459+0000][gc,heap       ] GC(209) Old regions: 156->156
[2025-10-30T18:36:32.459+0000][gc,heap       ] GC(209) Humongous regions: 147->147
[2025-10-30T18:36:32.460+0000][gc,metaspace  ] GC(209) Metaspace: 51621K(55216K)->51621K(55216K) NonClass: 45848K(47792K)->45848K(47792K) Class: 5772K(7424K)->5772K(7424K)
[2025-10-30T18:36:32.460+0000][gc            ] GC(209) Pause Young (Normal) (G1 Evacuation Pause) 345M->306M(512M) 38.164ms
[2025-10-30T18:36:32.461+0000][gc,cpu        ] GC(209) User=0.04s Sys=0.00s Real=0.04s
[2025-10-30T18:36:47.730+0000][gc,start      ] GC(210) Pause Young (Normal) (G1 Evacuation Pause)
[2025-10-30T18:36:47.730+0000][gc,task       ] GC(210) Using 2 workers of 2 for evacuation
[2025-10-30T18:36:47.747+0000][gc,phases     ] GC(210)   Pre Evacuate Collection Set: 0.0ms
[2025-10-30T18:36:47.747+0000][gc,phases     ] GC(210)   Evacuate Collection Set: 15.8ms
[2025-10-30T18:36:47.748+0000][gc,phases     ] GC(210)   Post Evacuate Collection Set: 0.8ms
[2025-10-30T18:36:47.748+0000][gc,phases     ] GC(210)   Other: 0.7ms
[2025-10-30T18:36:47.748+0000][gc,heap       ] GC(210) Eden regions: 39->0(40)
[2025-10-30T18:36:47.748+0000][gc,heap       ] GC(210) Survivor regions: 5->4(6)
[2025-10-30T18:36:47.748+0000][gc,heap       ] GC(210) Old regions: 156->157
[2025-10-30T18:36:47.749+0000][gc,heap       ] GC(210) Humongous regions: 147->147
[2025-10-30T18:36:47.749+0000][gc,metaspace  ] GC(210) Metaspace: 51621K(55216K)->51621K(55216K) NonClass: 45848K(47792K)->45848K(47792K) Class: 5772K(7424K)->5772K(7424K)
[2025-10-30T18:36:47.749+0000][gc            ] GC(210) Pause Young (Normal) (G1 Evacuation Pause) 345M->307M(512M) 19.261ms
[2025-10-30T18:36:47.749+0000][gc,cpu        ] GC(210) User=0.03s Sys=0.00s Real=0.02s
[2025-10-30T18:37:04.026+0000][gc,start      ] GC(211) Pause Young (Normal) (G1 Evacuation Pause)
[2025-10-30T18:37:04.026+0000][gc,task       ] GC(211) Using 2 workers of 2 for evacuation
[2025-10-30T18:37:04.043+0000][gc,phases     ] GC(211)   Pre Evacuate Collection Set: 0.0ms
[2025-10-30T18:37:04.043+0000][gc,phases     ] GC(211)   Evacuate Collection Set: 15.0ms
[2025-10-30T18:37:04.043+0000][gc,phases     ] GC(211)   Post Evacuate Collection Set: 0.8ms
[2025-10-30T18:37:04.043+0000][gc,phases     ] GC(211)   Other: 0.8ms
[2025-10-30T18:37:04.044+0000][gc,heap       ] GC(211) Eden regions: 40->0(41)
[2025-10-30T18:37:04.044+0000][gc,heap       ] GC(211) Survivor regions: 4->4(6)
[2025-10-30T18:37:04.044+0000][gc,heap       ] GC(211) Old regions: 157->158
[2025-10-30T18:37:04.044+0000][gc,heap       ] GC(211) Humongous regions: 147->147
[2025-10-30T18:37:04.044+0000][gc,metaspace  ] GC(211) Metaspace: 51621K(55216K)->51621K(55216K) NonClass: 45848K(47792K)->45848K(47792K) Class: 5772K(7424K)->5772K(7424K)
[2025-10-30T18:37:04.045+0000][gc            ] GC(211) Pause Young (Normal) (G1 Evacuation Pause) 347M->308M(512M) 18.565ms
[2025-10-30T18:37:04.045+0000][gc,cpu        ] GC(211) User=0.03s Sys=0.00s Real=0.02s
[2025-10-30T18:37:21.378+0000][gc,start      ] GC(212) Pause Young (Normal) (G1 Evacuation Pause)
[2025-10-30T18:37:21.378+0000][gc,task       ] GC(212) Using 2 workers of 2 for evacuation
[2025-10-30T18:37:21.399+0000][gc,mmu        ] GC(212) MMU target violated: 20.3ms (20.0ms/21.0ms)
[2025-10-30T18:37:21.400+0000][gc,phases     ] GC(212)   Pre Evacuate Collection Set: 0.1ms
[2025-10-30T18:37:21.400+0000][gc,phases     ] GC(212)   Evacuate Collection Set: 18.9ms
[2025-10-30T18:37:21.400+0000][gc,phases     ] GC(212)   Post Evacuate Collection Set: 1.0ms
[2025-10-30T18:37:21.401+0000][gc,phases     ] GC(212)   Other: 1.7ms
[2025-10-30T18:37:21.401+0000][gc,heap       ] GC(212) Eden regions: 41->0(40)
[2025-10-30T18:37:21.401+0000][gc,heap       ] GC(212) Survivor regions: 4->3(6)
[2025-10-30T18:37:21.401+0000][gc,heap       ] GC(212) Old regions: 158->159
[2025-10-30T18:37:21.402+0000][gc,heap       ] GC(212) Humongous regions: 147->147
[2025-10-30T18:37:21.402+0000][gc,metaspace  ] GC(212) Metaspace: 51621K(55216K)->51621K(55216K) NonClass: 45848K(47792K)->45848K(47792K) Class: 5772K(7424K)->5772K(7424K)
[2025-10-30T18:37:21.402+0000][gc            ] GC(212) Pause Young (Normal) (G1 Evacuation Pause) 349M->308M(512M) 24.222ms
[2025-10-30T18:37:21.403+0000][gc,cpu        ] GC(212) User=0.04s Sys=0.00s Real=0.03s
[2025-10-30T18:37:37.775+0000][gc,start      ] GC(213) Pause Young (Normal) (G1 Evacuation Pause)
[2025-10-30T18:37:37.775+0000][gc,task       ] GC(213) Using 2 workers of 2 for evacuation
[2025-10-30T18:37:37.791+0000][gc,phases     ] GC(213)   Pre Evacuate Collection Set: 0.0ms
[2025-10-30T18:37:37.792+0000][gc,phases     ] GC(213)   Evacuate Collection Set: 14.4ms
[2025-10-30T18:37:37.792+0000][gc,phases     ] GC(213)   Post Evacuate Collection Set: 1.2ms
[2025-10-30T18:37:37.792+0000][gc,phases     ] GC(213)   Other: 0.7ms
[2025-10-30T18:37:37.793+0000][gc,heap       ] GC(213) Eden regions: 40->0(40)
[2025-10-30T18:37:37.793+0000][gc,heap       ] GC(213) Survivor regions: 3->4(6)
[2025-10-30T18:37:37.793+0000][gc,heap       ] GC(213) Old regions: 159->159
[2025-10-30T18:37:37.793+0000][gc,heap       ] GC(213) Humongous regions: 147->147
[2025-10-30T18:37:37.794+0000][gc,metaspace  ] GC(213) Metaspace: 51621K(55216K)->51621K(55216K) NonClass: 45848K(47792K)->45848K(47792K) Class: 5772K(7424K)->5772K(7424K)
[2025-10-30T18:37:37.794+0000][gc            ] GC(213) Pause Young (Normal) (G1 Evacuation Pause) 348M->309M(512M) 18.773ms
[2025-10-30T18:37:37.794+0000][gc,cpu        ] GC(213) User=0.03s Sys=0.00s Real=0.02s
[2025-10-30T18:37:53.844+0000][gc,start      ] GC(214) Pause Young (Normal) (G1 Evacuation Pause)
[2025-10-30T18:37:53.844+0000][gc,task       ] GC(214) Using 2 workers of 2 for evacuation
[2025-10-30T18:37:53.859+0000][gc,phases     ] GC(214)   Pre Evacuate Collection Set: 0.0ms
[2025-10-30T18:37:53.859+0000][gc,phases     ] GC(214)   Evacuate Collection Set: 13.4ms
[2025-10-30T18:37:53.859+0000][gc,phases     ] GC(214)   Post Evacuate Collection Set: 0.8ms
[2025-10-30T18:37:53.859+0000][gc,phases     ] GC(214)   Other: 0.6ms
[2025-10-30T18:37:53.860+0000][gc,heap       ] GC(214) Eden regions: 40->0(41)
[2025-10-30T18:37:53.860+0000][gc,heap       ] GC(214) Survivor regions: 4->4(6)
[2025-10-30T18:37:53.860+0000][gc,heap       ] GC(214) Old regions: 159->161
[2025-10-30T18:37:53.860+0000][gc,heap       ] GC(214) Humongous regions: 147->147
[2025-10-30T18:37:53.860+0000][gc,metaspace  ] GC(214) Metaspace: 51621K(55216K)->51621K(55216K) NonClass: 45848K(47792K)->45848K(47792K) Class: 5772K(7424K)->5772K(7424K)
[2025-10-30T18:37:53.860+0000][gc            ] GC(214) Pause Young (Normal) (G1 Evacuation Pause) 349M->311M(512M) 16.503ms
[2025-10-30T18:37:53.861+0000][gc,cpu        ] GC(214) User=0.03s Sys=0.00s Real=0.02s
[2025-10-30T18:38:10.284+0000][gc,start      ] GC(215) Pause Young (Normal) (G1 Evacuation Pause)
[2025-10-30T18:38:10.284+0000][gc,task       ] GC(215) Using 2 workers of 2 for evacuation
[2025-10-30T18:38:10.298+0000][gc,phases     ] GC(215)   Pre Evacuate Collection Set: 0.0ms
[2025-10-30T18:38:10.298+0000][gc,phases     ] GC(215)   Evacuate Collection Set: 13.0ms
[2025-10-30T18:38:10.298+0000][gc,phases     ] GC(215)   Post Evacuate Collection Set: 0.8ms
[2025-10-30T18:38:10.299+0000][gc,phases     ] GC(215)   Other: 0.6ms
[2025-10-30T18:38:10.299+0000][gc,heap       ] GC(215) Eden regions: 41->0(42)
[2025-10-30T18:38:10.299+0000][gc,heap       ] GC(215) Survivor regions: 4->4(6)
[2025-10-30T18:38:10.299+0000][gc,heap       ] GC(215) Old regions: 161->162
[2025-10-30T18:38:10.299+0000][gc,heap       ] GC(215) Humongous regions: 147->147
[2025-10-30T18:38:10.299+0000][gc,metaspace  ] GC(215) Metaspace: 51624K(55216K)->51624K(55216K) NonClass: 45851K(47792K)->45851K(47792K) Class: 5772K(7424K)->5772K(7424K)
[2025-10-30T18:38:10.300+0000][gc            ] GC(215) Pause Young (Normal) (G1 Evacuation Pause) 352M->312M(512M) 16.100ms
[2025-10-30T18:38:10.300+0000][gc,cpu        ] GC(215) User=0.03s Sys=0.00s Real=0.02s
[2025-10-30T18:38:27.416+0000][gc,start      ] GC(216) Pause Young (Normal) (G1 Evacuation Pause)
[2025-10-30T18:38:27.416+0000][gc,task       ] GC(216) Using 2 workers of 2 for evacuation
[2025-10-30T18:38:27.429+0000][gc,phases     ] GC(216)   Pre Evacuate Collection Set: 0.0ms
[2025-10-30T18:38:27.429+0000][gc,phases     ] GC(216)   Evacuate Collection Set: 11.8ms
[2025-10-30T18:38:27.429+0000][gc,phases     ] GC(216)   Post Evacuate Collection Set: 0.7ms
[2025-10-30T18:38:27.430+0000][gc,phases     ] GC(216)   Other: 1.0ms
[2025-10-30T18:38:27.430+0000][gc,heap       ] GC(216) Eden regions: 42->0(44)
[2025-10-30T18:38:27.430+0000][gc,heap       ] GC(216) Survivor regions: 4->3(6)
[2025-10-30T18:38:27.430+0000][gc,heap       ] GC(216) Old regions: 162->163
[2025-10-30T18:38:27.430+0000][gc,heap       ] GC(216) Humongous regions: 147->147
[2025-10-30T18:38:27.430+0000][gc,metaspace  ] GC(216) Metaspace: 51624K(55216K)->51624K(55216K) NonClass: 45851K(47792K)->45851K(47792K) Class: 5772K(7424K)->5772K(7424K)
[2025-10-30T18:38:27.430+0000][gc            ] GC(216) Pause Young (Normal) (G1 Evacuation Pause) 354M->312M(512M) 14.857ms
[2025-10-30T18:38:27.431+0000][gc,cpu        ] GC(216) User=0.02s Sys=0.00s Real=0.02s
[2025-10-30T18:38:44.665+0000][gc,start      ] GC(217) Pause Young (Normal) (G1 Evacuation Pause)
[2025-10-30T18:38:44.666+0000][gc,task       ] GC(217) Using 2 workers of 2 for evacuation
[2025-10-30T18:38:44.678+0000][gc,phases     ] GC(217)   Pre Evacuate Collection Set: 0.0ms
[2025-10-30T18:38:44.678+0000][gc,phases     ] GC(217)   Evacuate Collection Set: 11.4ms
[2025-10-30T18:38:44.679+0000][gc,phases     ] GC(217)   Post Evacuate Collection Set: 0.7ms
[2025-10-30T18:38:44.679+0000][gc,phases     ] GC(217)   Other: 0.5ms
[2025-10-30T18:38:44.679+0000][gc,heap       ] GC(217) Eden regions: 44->0(46)
[2025-10-30T18:38:44.679+0000][gc,heap       ] GC(217) Survivor regions: 3->5(6)
[2025-10-30T18:38:44.679+0000][gc,heap       ] GC(217) Old regions: 163->163
[2025-10-30T18:38:44.679+0000][gc,heap       ] GC(217) Humongous regions: 147->147
[2025-10-30T18:38:44.679+0000][gc,metaspace  ] GC(217) Metaspace: 51624K(55216K)->51624K(55216K) NonClass: 45851K(47792K)->45851K(47792K) Class: 5772K(7424K)->5772K(7424K)
[2025-10-30T18:38:44.680+0000][gc            ] GC(217) Pause Young (Normal) (G1 Evacuation Pause) 356M->313M(512M) 14.125ms
[2025-10-30T18:38:44.680+0000][gc,cpu        ] GC(217) User=0.02s Sys=0.00s Real=0.01s
[2025-10-30T18:39:01.835+0000][gc,start      ] GC(218) Pause Young (Normal) (G1 Evacuation Pause)
[2025-10-30T18:39:01.835+0000][gc,task       ] GC(218) Using 2 workers of 2 for evacuation
[2025-10-30T18:39:01.849+0000][gc,phases     ] GC(218)   Pre Evacuate Collection Set: 0.0ms
[2025-10-30T18:39:01.850+0000][gc,phases     ] GC(218)   Evacuate Collection Set: 13.2ms
[2025-10-30T18:39:01.850+0000][gc,phases     ] GC(218)   Post Evacuate Collection Set: 0.8ms
[2025-10-30T18:39:01.850+0000][gc,phases     ] GC(218)   Other: 0.6ms
[2025-10-30T18:39:01.850+0000][gc,heap       ] GC(218) Eden regions: 46->0(46)
[2025-10-30T18:39:01.850+0000][gc,heap       ] GC(218) Survivor regions: 5->5(7)
[2025-10-30T18:39:01.850+0000][gc,heap       ] GC(218) Old regions: 163->164
[2025-10-30T18:39:01.850+0000][gc,heap       ] GC(218) Humongous regions: 147->147
[2025-10-30T18:39:01.851+0000][gc,metaspace  ] GC(218) Metaspace: 51624K(55216K)->51624K(55216K) NonClass: 45851K(47792K)->45851K(47792K) Class: 5772K(7424K)->5772K(7424K)
[2025-10-30T18:39:01.851+0000][gc            ] GC(218) Pause Young (Normal) (G1 Evacuation Pause) 359M->315M(512M) 15.818ms
[2025-10-30T18:39:01.851+0000][gc,cpu        ] GC(218) User=0.03s Sys=0.00s Real=0.01s
[2025-10-30T18:39:20.136+0000][gc,start      ] GC(219) Pause Young (Normal) (G1 Evacuation Pause)
[2025-10-30T18:39:20.137+0000][gc,task       ] GC(219) Using 2 workers of 2 for evacuation
[2025-10-30T18:39:20.152+0000][gc,phases     ] GC(219)   Pre Evacuate Collection Set: 0.0ms
[2025-10-30T18:39:20.153+0000][gc,phases     ] GC(219)   Evacuate Collection Set: 14.3ms
[2025-10-30T18:39:20.153+0000][gc,phases     ] GC(219)   Post Evacuate Collection Set: 0.8ms
[2025-10-30T18:39:20.153+0000][gc,phases     ] GC(219)   Other: 0.7ms
[2025-10-30T18:39:20.153+0000][gc,heap       ] GC(219) Eden regions: 46->0(48)
[2025-10-30T18:39:20.153+0000][gc,heap       ] GC(219) Survivor regions: 5->3(7)
[2025-10-30T18:39:20.153+0000][gc,heap       ] GC(219) Old regions: 164->165
[2025-10-30T18:39:20.154+0000][gc,heap       ] GC(219) Humongous regions: 147->147
[2025-10-30T18:39:20.154+0000][gc,metaspace  ] GC(219) Metaspace: 51624K(55216K)->51624K(55216K) NonClass: 45851K(47792K)->45851K(47792K) Class: 5772K(7424K)->5772K(7424K)
[2025-10-30T18:39:20.154+0000][gc            ] GC(219) Pause Young (Normal) (G1 Evacuation Pause) 361M->314M(512M) 17.531ms
[2025-10-30T18:39:20.155+0000][gc,cpu        ] GC(219) User=0.03s Sys=0.00s Real=0.02s
[2025-10-30T18:39:39.172+0000][gc,start      ] GC(220) Pause Young (Normal) (G1 Evacuation Pause)
[2025-10-30T18:39:39.173+0000][gc,task       ] GC(220) Using 2 workers of 2 for evacuation
[2025-10-30T18:39:39.186+0000][gc,phases     ] GC(220)   Pre Evacuate Collection Set: 0.0ms
[2025-10-30T18:39:39.186+0000][gc,phases     ] GC(220)   Evacuate Collection Set: 12.1ms
[2025-10-30T18:39:39.186+0000][gc,phases     ] GC(220)   Post Evacuate Collection Set: 0.7ms
[2025-10-30T18:39:39.187+0000][gc,phases     ] GC(220)   Other: 0.5ms
[2025-10-30T18:39:39.187+0000][gc,heap       ] GC(220) Eden regions: 48->0(49)
[2025-10-30T18:39:39.187+0000][gc,heap       ] GC(220) Survivor regions: 3->5(7)
[2025-10-30T18:39:39.187+0000][gc,heap       ] GC(220) Old regions: 165->165
[2025-10-30T18:39:39.188+0000][gc,heap       ] GC(220) Humongous regions: 147->147
[2025-10-30T18:39:39.188+0000][gc,metaspace  ] GC(220) Metaspace: 51624K(55216K)->51624K(55216K) NonClass: 45851K(47792K)->45851K(47792K) Class: 5772K(7424K)->5772K(7424K)
[2025-10-30T18:39:39.188+0000][gc            ] GC(220) Pause Young (Normal) (G1 Evacuation Pause) 362M->316M(512M) 15.553ms
[2025-10-30T18:39:39.188+0000][gc,cpu        ] GC(220) User=0.02s Sys=0.00s Real=0.01s
[2025-10-30T18:40:00.416+0000][gc,start      ] GC(221) Pause Young (Normal) (G1 Evacuation Pause)
[2025-10-30T18:40:00.416+0000][gc,task       ] GC(221) Using 2 workers of 2 for evacuation
[2025-10-30T18:40:00.455+0000][gc,mmu        ] GC(221) MMU target violated: 21.0ms (20.0ms/21.0ms)
[2025-10-30T18:40:00.465+0000][gc,phases     ] GC(221)   Pre Evacuate Collection Set: 0.0ms
[2025-10-30T18:40:00.465+0000][gc,phases     ] GC(221)   Evacuate Collection Set: 35.0ms
[2025-10-30T18:40:00.467+0000][gc,phases     ] GC(221)   Post Evacuate Collection Set: 2.1ms
[2025-10-30T18:40:00.467+0000][gc,phases     ] GC(221)   Other: 11.8ms
[2025-10-30T18:40:00.471+0000][gc,heap       ] GC(221) Eden regions: 49->0(20)
[2025-10-30T18:40:00.472+0000][gc,heap       ] GC(221) Survivor regions: 5->5(7)
[2025-10-30T18:40:00.472+0000][gc,heap       ] GC(221) Old regions: 165->166
[2025-10-30T18:40:00.491+0000][gc,heap       ] GC(221) Humongous regions: 147->147
[2025-10-30T18:40:00.491+0000][gc,metaspace  ] GC(221) Metaspace: 51629K(55216K)->51629K(55216K) NonClass: 45857K(47792K)->45857K(47792K) Class: 5772K(7424K)->5772K(7424K)
[2025-10-30T18:40:00.491+0000][gc            ] GC(221) Pause Young (Normal) (G1 Evacuation Pause) 365M->317M(512M) 75.428ms
[2025-10-30T18:40:00.492+0000][gc,cpu        ] GC(221) User=0.08s Sys=0.00s Real=0.07s
[2025-10-30T18:40:09.157+0000][gc,start      ] GC(222) Pause Young (Normal) (G1 Evacuation Pause)
[2025-10-30T18:40:09.157+0000][gc,task       ] GC(222) Using 2 workers of 2 for evacuation
[2025-10-30T18:40:09.175+0000][gc,phases     ] GC(222)   Pre Evacuate Collection Set: 0.0ms
[2025-10-30T18:40:09.176+0000][gc,phases     ] GC(222)   Evacuate Collection Set: 16.8ms
[2025-10-30T18:40:09.176+0000][gc,phases     ] GC(222)   Post Evacuate Collection Set: 1.1ms
[2025-10-30T18:40:09.176+0000][gc,phases     ] GC(222)   Other: 0.6ms
[2025-10-30T18:40:09.176+0000][gc,heap       ] GC(222) Eden regions: 20->0(22)
[2025-10-30T18:40:09.177+0000][gc,heap       ] GC(222) Survivor regions: 5->3(4)
[2025-10-30T18:40:09.177+0000][gc,heap       ] GC(222) Old regions: 166->169
[2025-10-30T18:40:09.177+0000][gc,heap       ] GC(222) Humongous regions: 147->147
[2025-10-30T18:40:09.177+0000][gc,metaspace  ] GC(222) Metaspace: 51629K(55216K)->51629K(55216K) NonClass: 45857K(47792K)->45857K(47792K) Class: 5772K(7424K)->5772K(7424K)
[2025-10-30T18:40:09.177+0000][gc            ] GC(222) Pause Young (Normal) (G1 Evacuation Pause) 337M->318M(512M) 20.616ms
[2025-10-30T18:40:09.178+0000][gc,cpu        ] GC(222) User=0.03s Sys=0.00s Real=0.02s
[2025-10-30T18:40:18.078+0000][gc,start      ] GC(223) Pause Young (Normal) (G1 Evacuation Pause)
[2025-10-30T18:40:18.078+0000][gc,task       ] GC(223) Using 2 workers of 2 for evacuation
[2025-10-30T18:40:18.088+0000][gc,phases     ] GC(223)   Pre Evacuate Collection Set: 0.0ms
[2025-10-30T18:40:18.089+0000][gc,phases     ] GC(223)   Evacuate Collection Set: 9.2ms
[2025-10-30T18:40:18.089+0000][gc,phases     ] GC(223)   Post Evacuate Collection Set: 0.7ms
[2025-10-30T18:40:18.089+0000][gc,phases     ] GC(223)   Other: 0.6ms
[2025-10-30T18:40:18.089+0000][gc,heap       ] GC(223) Eden regions: 22->0(28)
[2025-10-30T18:40:18.089+0000][gc,heap       ] GC(223) Survivor regions: 3->1(4)
[2025-10-30T18:40:18.090+0000][gc,heap       ] GC(223) Old regions: 169->170
[2025-10-30T18:40:18.090+0000][gc,heap       ] GC(223) Humongous regions: 147->147
[2025-10-30T18:40:18.090+0000][gc,metaspace  ] GC(223) Metaspace: 51629K(55216K)->51629K(55216K) NonClass: 45857K(47792K)->45857K(47792K) Class: 5772K(7424K)->5772K(7424K)
[2025-10-30T18:40:18.090+0000][gc            ] GC(223) Pause Young (Normal) (G1 Evacuation Pause) 340M->318M(512M) 12.315ms
[2025-10-30T18:40:18.091+0000][gc,cpu        ] GC(223) User=0.02s Sys=0.00s Real=0.01s
[2025-10-30T18:40:30.953+0000][gc,start      ] GC(224) Pause Young (Normal) (G1 Evacuation Pause)
[2025-10-30T18:40:30.953+0000][gc,task       ] GC(224) Using 2 workers of 2 for evacuation
[2025-10-30T18:40:30.963+0000][gc,phases     ] GC(224)   Pre Evacuate Collection Set: 0.0ms
[2025-10-30T18:40:30.963+0000][gc,phases     ] GC(224)   Evacuate Collection Set: 8.6ms
[2025-10-30T18:40:30.963+0000][gc,phases     ] GC(224)   Post Evacuate Collection Set: 0.9ms
[2025-10-30T18:40:30.963+0000][gc,phases     ] GC(224)   Other: 0.6ms
[2025-10-30T18:40:30.963+0000][gc,heap       ] GC(224) Eden regions: 28->0(29)
[2025-10-30T18:40:30.964+0000][gc,heap       ] GC(224) Survivor regions: 1->2(4)
[2025-10-30T18:40:30.964+0000][gc,heap       ] GC(224) Old regions: 170->170
[2025-10-30T18:40:30.964+0000][gc,heap       ] GC(224) Humongous regions: 147->147
[2025-10-30T18:40:30.964+0000][gc,metaspace  ] GC(224) Metaspace: 51634K(55216K)->51634K(55216K) NonClass: 45861K(47792K)->45861K(47792K) Class: 5772K(7424K)->5772K(7424K)
[2025-10-30T18:40:30.964+0000][gc            ] GC(224) Pause Young (Normal) (G1 Evacuation Pause) 346M->318M(512M) 11.725ms
[2025-10-30T18:40:30.965+0000][gc,cpu        ] GC(224) User=0.01s Sys=0.00s Real=0.02s
[2025-10-30T18:40:43.721+0000][gc,start      ] GC(225) Pause Young (Normal) (G1 Evacuation Pause)
[2025-10-30T18:40:43.722+0000][gc,task       ] GC(225) Using 2 workers of 2 for evacuation
[2025-10-30T18:40:43.733+0000][gc,phases     ] GC(225)   Pre Evacuate Collection Set: 0.0ms
[2025-10-30T18:40:43.733+0000][gc,phases     ] GC(225)   Evacuate Collection Set: 10.2ms
[2025-10-30T18:40:43.733+0000][gc,phases     ] GC(225)   Post Evacuate Collection Set: 0.8ms
[2025-10-30T18:40:43.734+0000][gc,phases     ] GC(225)   Other: 0.6ms
[2025-10-30T18:40:43.734+0000][gc,heap       ] GC(225) Eden regions: 29->0(30)
[2025-10-30T18:40:43.734+0000][gc,heap       ] GC(225) Survivor regions: 2->3(4)
[2025-10-30T18:40:43.734+0000][gc,heap       ] GC(225) Old regions: 170->170
[2025-10-30T18:40:43.734+0000][gc,heap       ] GC(225) Humongous regions: 147->147
[2025-10-30T18:40:43.735+0000][gc,metaspace  ] GC(225) Metaspace: 51639K(55216K)->51639K(55216K) NonClass: 45866K(47792K)->45866K(47792K) Class: 5772K(7424K)->5772K(7424K)
[2025-10-30T18:40:43.735+0000][gc            ] GC(225) Pause Young (Normal) (G1 Evacuation Pause) 347M->320M(512M) 13.342ms
[2025-10-30T18:40:43.735+0000][gc,cpu        ] GC(225) User=0.02s Sys=0.00s Real=0.02s
[2025-10-30T18:40:55.397+0000][gc,start      ] GC(226) Pause Young (Normal) (G1 Evacuation Pause)
[2025-10-30T18:40:55.397+0000][gc,task       ] GC(226) Using 2 workers of 2 for evacuation
[2025-10-30T18:40:55.410+0000][gc,phases     ] GC(226)   Pre Evacuate Collection Set: 0.0ms
[2025-10-30T18:40:55.410+0000][gc,phases     ] GC(226)   Evacuate Collection Set: 11.8ms
[2025-10-30T18:40:55.410+0000][gc,phases     ] GC(226)   Post Evacuate Collection Set: 0.7ms
[2025-10-30T18:40:55.411+0000][gc,phases     ] GC(226)   Other: 0.7ms
[2025-10-30T18:40:55.411+0000][gc,heap       ] GC(226) Eden regions: 30->0(31)
[2025-10-30T18:40:55.411+0000][gc,heap       ] GC(226) Survivor regions: 3->4(5)
[2025-10-30T18:40:55.411+0000][gc,heap       ] GC(226) Old regions: 170->171
[2025-10-30T18:40:55.411+0000][gc,heap       ] GC(226) Humongous regions: 147->147
[2025-10-30T18:40:55.412+0000][gc,metaspace  ] GC(226) Metaspace: 51639K(55216K)->51639K(55216K) NonClass: 45866K(47792K)->45866K(47792K) Class: 5772K(7424K)->5772K(7424K)
[2025-10-30T18:40:55.412+0000][gc            ] GC(226) Pause Young (Normal) (G1 Evacuation Pause) 350M->321M(512M) 15.052ms
[2025-10-30T18:40:55.412+0000][gc,cpu        ] GC(226) User=0.02s Sys=0.00s Real=0.01s
[2025-10-30T18:41:06.445+0000][gc,start      ] GC(227) Pause Young (Normal) (G1 Evacuation Pause)
[2025-10-30T18:41:06.446+0000][gc,task       ] GC(227) Using 2 workers of 2 for evacuation
[2025-10-30T18:41:06.461+0000][gc,phases     ] GC(227)   Pre Evacuate Collection Set: 0.0ms
[2025-10-30T18:41:06.461+0000][gc,phases     ] GC(227)   Evacuate Collection Set: 14.3ms
[2025-10-30T18:41:06.462+0000][gc,phases     ] GC(227)   Post Evacuate Collection Set: 0.7ms
[2025-10-30T18:41:06.462+0000][gc,phases     ] GC(227)   Other: 0.6ms
[2025-10-30T18:41:06.462+0000][gc,heap       ] GC(227) Eden regions: 29->0(32)
[2025-10-30T18:41:06.462+0000][gc,heap       ] GC(227) Survivor regions: 4->3(5)
[2025-10-30T18:41:06.462+0000][gc,heap       ] GC(227) Old regions: 171->172
[2025-10-30T18:41:06.463+0000][gc,heap       ] GC(227) Humongous regions: 147->147
[2025-10-30T18:41:06.463+0000][gc,metaspace  ] GC(227) Metaspace: 51644K(55216K)->51644K(55216K) NonClass: 45871K(47792K)->45871K(47792K) Class: 5772K(7424K)->5772K(7424K)
[2025-10-30T18:41:06.463+0000][gc            ] GC(227) Pause Young (Normal) (G1 Evacuation Pause) 350M->321M(512M) 17.689ms
[2025-10-30T18:41:06.463+0000][gc,cpu        ] GC(227) User=0.03s Sys=0.00s Real=0.01s
[2025-10-30T18:41:19.358+0000][gc,start      ] GC(228) Pause Young (Normal) (G1 Evacuation Pause)
[2025-10-30T18:41:19.358+0000][gc,task       ] GC(228) Using 2 workers of 2 for evacuation
[2025-10-30T18:41:19.373+0000][gc,phases     ] GC(228)   Pre Evacuate Collection Set: 0.0ms
[2025-10-30T18:41:19.373+0000][gc,phases     ] GC(228)   Evacuate Collection Set: 13.2ms
[2025-10-30T18:41:19.374+0000][gc,phases     ] GC(228)   Post Evacuate Collection Set: 0.9ms
[2025-10-30T18:41:19.374+0000][gc,phases     ] GC(228)   Other: 1.0ms
[2025-10-30T18:41:19.374+0000][gc,heap       ] GC(228) Eden regions: 30->0(33)
[2025-10-30T18:41:19.374+0000][gc,heap       ] GC(228) Survivor regions: 3->2(5)
[2025-10-30T18:41:19.374+0000][gc,heap       ] GC(228) Old regions: 172->173
[2025-10-30T18:41:19.374+0000][gc,heap       ] GC(228) Humongous regions: 147->147
[2025-10-30T18:41:19.374+0000][gc,metaspace  ] GC(228) Metaspace: 51644K(55216K)->51644K(55216K) NonClass: 45871K(47792K)->45871K(47792K) Class: 5772K(7424K)->5772K(7424K)
[2025-10-30T18:41:19.375+0000][gc            ] GC(228) Pause Young (Normal) (G1 Evacuation Pause) 351M->321M(512M) 16.652ms
[2025-10-30T18:41:19.375+0000][gc,cpu        ] GC(228) User=0.02s Sys=0.00s Real=0.01s
[2025-10-30T18:41:31.147+0000][gc,start      ] GC(229) Pause Young (Normal) (G1 Evacuation Pause)
[2025-10-30T18:41:31.147+0000][gc,task       ] GC(229) Using 2 workers of 2 for evacuation
[2025-10-30T18:41:31.164+0000][gc,phases     ] GC(229)   Pre Evacuate Collection Set: 0.0ms
[2025-10-30T18:41:31.165+0000][gc,phases     ] GC(229)   Evacuate Collection Set: 15.3ms
[2025-10-30T18:41:31.165+0000][gc,phases     ] GC(229)   Post Evacuate Collection Set: 1.3ms
[2025-10-30T18:41:31.165+0000][gc,phases     ] GC(229)   Other: 0.7ms
[2025-10-30T18:41:31.165+0000][gc,heap       ] GC(229) Eden regions: 28->0(30)
[2025-10-30T18:41:31.166+0000][gc,heap       ] GC(229) Survivor regions: 2->3(4)
[2025-10-30T18:41:31.166+0000][gc,heap       ] GC(229) Old regions: 173->173
[2025-10-30T18:41:31.166+0000][gc,heap       ] GC(229) Humongous regions: 147->147
[2025-10-30T18:41:31.166+0000][gc,metaspace  ] GC(229) Metaspace: 51644K(55216K)->51644K(55216K) NonClass: 45871K(47792K)->45871K(47792K) Class: 5772K(7424K)->5772K(7424K)
[2025-10-30T18:41:31.167+0000][gc            ] GC(229) Pause Young (Normal) (G1 Evacuation Pause) 349M->322M(512M) 19.988ms
[2025-10-30T18:41:31.167+0000][gc,cpu        ] GC(229) User=0.04s Sys=0.00s Real=0.02s
[2025-10-30T18:41:43.198+0000][gc,start      ] GC(230) Pause Young (Normal) (G1 Evacuation Pause)
[2025-10-30T18:41:43.199+0000][gc,task       ] GC(230) Using 2 workers of 2 for evacuation
[2025-10-30T18:41:43.218+0000][gc,phases     ] GC(230)   Pre Evacuate Collection Set: 0.0ms
[2025-10-30T18:41:43.219+0000][gc,phases     ] GC(230)   Evacuate Collection Set: 17.9ms
[2025-10-30T18:41:43.219+0000][gc,phases     ] GC(230)   Post Evacuate Collection Set: 1.1ms
[2025-10-30T18:41:43.219+0000][gc,phases     ] GC(230)   Other: 1.0ms
[2025-10-30T18:41:43.220+0000][gc,heap       ] GC(230) Eden regions: 26->0(29)
[2025-10-30T18:41:43.220+0000][gc,heap       ] GC(230) Survivor regions: 3->3(4)
[2025-10-30T18:41:43.220+0000][gc,heap       ] GC(230) Old regions: 173->174
[2025-10-30T18:41:43.221+0000][gc,heap       ] GC(230) Humongous regions: 147->147
[2025-10-30T18:41:43.221+0000][gc,metaspace  ] GC(230) Metaspace: 51644K(55216K)->51644K(55216K) NonClass: 45871K(47792K)->45871K(47792K) Class: 5772K(7424K)->5772K(7424K)
[2025-10-30T18:41:43.222+0000][gc            ] GC(230) Pause Young (Normal) (G1 Evacuation Pause) 348M->323M(512M) 23.318ms
[2025-10-30T18:41:43.222+0000][gc,cpu        ] GC(230) User=0.04s Sys=0.00s Real=0.02s
[2025-10-30T18:41:54.399+0000][gc,start      ] GC(231) Pause Young (Normal) (G1 Evacuation Pause)
[2025-10-30T18:41:54.399+0000][gc,task       ] GC(231) Using 2 workers of 2 for evacuation
[2025-10-30T18:41:54.417+0000][gc,phases     ] GC(231)   Pre Evacuate Collection Set: 0.0ms
[2025-10-30T18:41:54.418+0000][gc,phases     ] GC(231)   Evacuate Collection Set: 16.8ms
[2025-10-30T18:41:54.418+0000][gc,phases     ] GC(231)   Post Evacuate Collection Set: 1.1ms
[2025-10-30T18:41:54.418+0000][gc,phases     ] GC(231)   Other: 0.8ms
[2025-10-30T18:41:54.418+0000][gc,heap       ] GC(231) Eden regions: 24->0(27)
[2025-10-30T18:41:54.419+0000][gc,heap       ] GC(231) Survivor regions: 3->3(4)
[2025-10-30T18:41:54.419+0000][gc,heap       ] GC(231) Old regions: 174->175
[2025-10-30T18:41:54.419+0000][gc,heap       ] GC(231) Humongous regions: 147->147
[2025-10-30T18:41:54.419+0000][gc,metaspace  ] GC(231) Metaspace: 51644K(55216K)->51644K(55216K) NonClass: 45871K(47792K)->45871K(47792K) Class: 5772K(7424K)->5772K(7424K)
[2025-10-30T18:41:54.420+0000][gc            ] GC(231) Pause Young (Normal) (G1 Evacuation Pause) 347M->324M(512M) 20.956ms
[2025-10-30T18:41:54.420+0000][gc,cpu        ] GC(231) User=0.04s Sys=0.00s Real=0.02s
[2025-10-30T18:42:05.226+0000][gc,start      ] GC(232) Pause Young (Normal) (G1 Evacuation Pause)
[2025-10-30T18:42:05.227+0000][gc,task       ] GC(232) Using 2 workers of 2 for evacuation
[2025-10-30T18:42:05.245+0000][gc,phases     ] GC(232)   Pre Evacuate Collection Set: 0.1ms
[2025-10-30T18:42:05.245+0000][gc,phases     ] GC(232)   Evacuate Collection Set: 16.4ms
[2025-10-30T18:42:05.246+0000][gc,phases     ] GC(232)   Post Evacuate Collection Set: 1.0ms
[2025-10-30T18:42:05.246+0000][gc,phases     ] GC(232)   Other: 1.2ms
[2025-10-30T18:42:05.246+0000][gc,heap       ] GC(232) Eden regions: 23->0(26)
[2025-10-30T18:42:05.246+0000][gc,heap       ] GC(232) Survivor regions: 3->3(4)
[2025-10-30T18:42:05.247+0000][gc,heap       ] GC(232) Old regions: 175->176
[2025-10-30T18:42:05.247+0000][gc,heap       ] GC(232) Humongous regions: 147->147
[2025-10-30T18:42:05.247+0000][gc,metaspace  ] GC(232) Metaspace: 51644K(55216K)->51644K(55216K) NonClass: 45871K(47792K)->45871K(47792K) Class: 5772K(7424K)->5772K(7424K)
[2025-10-30T18:42:05.247+0000][gc            ] GC(232) Pause Young (Normal) (G1 Evacuation Pause) 347M->325M(512M) 21.083ms
[2025-10-30T18:42:05.248+0000][gc,cpu        ] GC(232) User=0.03s Sys=0.00s Real=0.02s
[2025-10-30T18:42:15.975+0000][gc,start      ] GC(233) Pause Young (Normal) (G1 Evacuation Pause)
[2025-10-30T18:42:15.976+0000][gc,task       ] GC(233) Using 2 workers of 2 for evacuation
[2025-10-30T18:42:15.991+0000][gc,phases     ] GC(233)   Pre Evacuate Collection Set: 0.0ms
[2025-10-30T18:42:15.992+0000][gc,phases     ] GC(233)   Evacuate Collection Set: 13.7ms
[2025-10-30T18:42:15.992+0000][gc,phases     ] GC(233)   Post Evacuate Collection Set: 1.0ms
[2025-10-30T18:42:15.992+0000][gc,phases     ] GC(233)   Other: 1.8ms
[2025-10-30T18:42:15.992+0000][gc,heap       ] GC(233) Eden regions: 22->0(27)
[2025-10-30T18:42:15.993+0000][gc,heap       ] GC(233) Survivor regions: 3->2(4)
[2025-10-30T18:42:15.996+0000][gc,heap       ] GC(233) Old regions: 176->176
[2025-10-30T18:42:15.997+0000][gc,heap       ] GC(233) Humongous regions: 147->147
[2025-10-30T18:42:15.997+0000][gc,metaspace  ] GC(233) Metaspace: 51644K(55216K)->51644K(55216K) NonClass: 45871K(47792K)->45871K(47792K) Class: 5772K(7424K)->5772K(7424K)
[2025-10-30T18:42:15.997+0000][gc            ] GC(233) Pause Young (Normal) (G1 Evacuation Pause) 347M->324M(512M) 22.231ms
[2025-10-30T18:42:15.997+0000][gc,cpu        ] GC(233) User=0.03s Sys=0.00s Real=0.03s
[2025-10-30T18:42:27.892+0000][gc,start      ] GC(234) Pause Young (Normal) (G1 Evacuation Pause)
[2025-10-30T18:42:27.893+0000][gc,task       ] GC(234) Using 2 workers of 2 for evacuation
[2025-10-30T18:42:27.907+0000][gc,phases     ] GC(234)   Pre Evacuate Collection Set: 0.0ms
[2025-10-30T18:42:27.907+0000][gc,phases     ] GC(234)   Evacuate Collection Set: 12.4ms
[2025-10-30T18:42:27.908+0000][gc,phases     ] GC(234)   Post Evacuate Collection Set: 1.3ms
[2025-10-30T18:42:27.908+0000][gc,phases     ] GC(234)   Other: 0.8ms
[2025-10-30T18:42:27.908+0000][gc,heap       ] GC(234) Eden regions: 23->0(27)
[2025-10-30T18:42:27.908+0000][gc,heap       ] GC(234) Survivor regions: 2->3(4)
[2025-10-30T18:42:27.909+0000][gc,heap       ] GC(234) Old regions: 176->176
[2025-10-30T18:42:27.909+0000][gc,heap       ] GC(234) Humongous regions: 147->147
[2025-10-30T18:42:27.909+0000][gc,metaspace  ] GC(234) Metaspace: 51644K(55216K)->51644K(55216K) NonClass: 45871K(47792K)->45871K(47792K) Class: 5772K(7424K)->5772K(7424K)
[2025-10-30T18:42:27.910+0000][gc            ] GC(234) Pause Young (Normal) (G1 Evacuation Pause) 347M->325M(512M) 17.046ms
[2025-10-30T18:42:27.910+0000][gc,cpu        ] GC(234) User=0.02s Sys=0.00s Real=0.02s
[2025-10-30T18:42:37.892+0000][gc,start      ] GC(235) Pause Young (Normal) (G1 Evacuation Pause)
[2025-10-30T18:42:37.893+0000][gc,task       ] GC(235) Using 2 workers of 2 for evacuation
[2025-10-30T18:42:37.909+0000][gc,phases     ] GC(235)   Pre Evacuate Collection Set: 0.1ms
[2025-10-30T18:42:37.909+0000][gc,phases     ] GC(235)   Evacuate Collection Set: 14.8ms
[2025-10-30T18:42:37.909+0000][gc,phases     ] GC(235)   Post Evacuate Collection Set: 0.9ms
[2025-10-30T18:42:37.910+0000][gc,phases     ] GC(235)   Other: 0.6ms
[2025-10-30T18:42:37.910+0000][gc,heap       ] GC(235) Eden regions: 22->0(27)
[2025-10-30T18:42:37.910+0000][gc,heap       ] GC(235) Survivor regions: 3->3(4)
[2025-10-30T18:42:37.910+0000][gc,heap       ] GC(235) Old regions: 176->178
[2025-10-30T18:42:37.911+0000][gc,heap       ] GC(235) Humongous regions: 147->147
[2025-10-30T18:42:37.911+0000][gc,metaspace  ] GC(235) Metaspace: 51644K(55216K)->51644K(55216K) NonClass: 45871K(47792K)->45871K(47792K) Class: 5772K(7424K)->5772K(7424K)
[2025-10-30T18:42:37.911+0000][gc            ] GC(235) Pause Young (Normal) (G1 Evacuation Pause) 347M->326M(512M) 18.806ms
[2025-10-30T18:42:37.911+0000][gc,cpu        ] GC(235) User=0.04s Sys=0.00s Real=0.02s
[2025-10-30T18:42:49.602+0000][gc,start      ] GC(236) Pause Young (Normal) (G1 Evacuation Pause)
[2025-10-30T18:42:49.602+0000][gc,task       ] GC(236) Using 2 workers of 2 for evacuation
[2025-10-30T18:42:49.618+0000][gc,phases     ] GC(236)   Pre Evacuate Collection Set: 0.0ms
[2025-10-30T18:42:49.619+0000][gc,phases     ] GC(236)   Evacuate Collection Set: 14.8ms
[2025-10-30T18:42:49.619+0000][gc,phases     ] GC(236)   Post Evacuate Collection Set: 1.0ms
[2025-10-30T18:42:49.619+0000][gc,phases     ] GC(236)   Other: 0.7ms
[2025-10-30T18:42:49.619+0000][gc,heap       ] GC(236) Eden regions: 24->0(27)
[2025-10-30T18:42:49.620+0000][gc,heap       ] GC(236) Survivor regions: 3->3(4)
[2025-10-30T18:42:49.620+0000][gc,heap       ] GC(236) Old regions: 178->178
[2025-10-30T18:42:49.620+0000][gc,heap       ] GC(236) Humongous regions: 147->147
[2025-10-30T18:42:49.620+0000][gc,metaspace  ] GC(236) Metaspace: 51644K(55216K)->51644K(55216K) NonClass: 45871K(47792K)->45871K(47792K) Class: 5772K(7424K)->5772K(7424K)
[2025-10-30T18:42:49.620+0000][gc            ] GC(236) Pause Young (Normal) (G1 Evacuation Pause) 350M->327M(512M) 18.655ms
[2025-10-30T18:42:49.621+0000][gc,cpu        ] GC(236) User=0.03s Sys=0.00s Real=0.02s
[2025-10-30T18:43:00.043+0000][gc,start      ] GC(237) Pause Young (Normal) (G1 Evacuation Pause)
[2025-10-30T18:43:00.044+0000][gc,task       ] GC(237) Using 2 workers of 2 for evacuation
[2025-10-30T18:43:00.061+0000][gc,phases     ] GC(237)   Pre Evacuate Collection Set: 0.0ms
[2025-10-30T18:43:00.061+0000][gc,phases     ] GC(237)   Evacuate Collection Set: 15.9ms
[2025-10-30T18:43:00.062+0000][gc,phases     ] GC(237)   Post Evacuate Collection Set: 1.0ms
[2025-10-30T18:43:00.062+0000][gc,phases     ] GC(237)   Other: 0.9ms
[2025-10-30T18:43:00.062+0000][gc,heap       ] GC(237) Eden regions: 22->0(26)
[2025-10-30T18:43:00.062+0000][gc,heap       ] GC(237) Survivor regions: 3->3(4)
[2025-10-30T18:43:00.063+0000][gc,heap       ] GC(237) Old regions: 178->179
[2025-10-30T18:43:00.063+0000][gc,heap       ] GC(237) Humongous regions: 147->147
[2025-10-30T18:43:00.063+0000][gc,metaspace  ] GC(237) Metaspace: 51644K(55216K)->51644K(55216K) NonClass: 45871K(47792K)->45871K(47792K) Class: 5772K(7424K)->5772K(7424K)
[2025-10-30T18:43:00.063+0000][gc            ] GC(237) Pause Young (Normal) (G1 Evacuation Pause) 349M->328M(512M) 20.082ms
[2025-10-30T18:43:00.064+0000][gc,cpu        ] GC(237) User=0.04s Sys=0.00s Real=0.02s
[2025-10-30T18:43:10.491+0000][gc,start      ] GC(238) Pause Young (Normal) (G1 Evacuation Pause)
[2025-10-30T18:43:10.492+0000][gc,task       ] GC(238) Using 2 workers of 2 for evacuation
[2025-10-30T18:43:10.511+0000][gc,phases     ] GC(238)   Pre Evacuate Collection Set: 0.1ms
[2025-10-30T18:43:10.511+0000][gc,phases     ] GC(238)   Evacuate Collection Set: 16.5ms
[2025-10-30T18:43:10.512+0000][gc,phases     ] GC(238)   Post Evacuate Collection Set: 1.2ms
[2025-10-30T18:43:10.512+0000][gc,phases     ] GC(238)   Other: 1.7ms
[2025-10-30T18:43:10.512+0000][gc,heap       ] GC(238) Eden regions: 22->0(25)
[2025-10-30T18:43:10.513+0000][gc,heap       ] GC(238) Survivor regions: 3->2(4)
[2025-10-30T18:43:10.513+0000][gc,heap       ] GC(238) Old regions: 179->180
[2025-10-30T18:43:10.513+0000][gc,heap       ] GC(238) Humongous regions: 147->147
[2025-10-30T18:43:10.513+0000][gc,metaspace  ] GC(238) Metaspace: 51644K(55216K)->51644K(55216K) NonClass: 45871K(47792K)->45871K(47792K) Class: 5772K(7424K)->5772K(7424K)
[2025-10-30T18:43:10.514+0000][gc            ] GC(238) Pause Young (Normal) (G1 Evacuation Pause) 350M->327M(512M) 22.264ms
[2025-10-30T18:43:10.514+0000][gc,cpu        ] GC(238) User=0.04s Sys=0.00s Real=0.02s
[2025-10-30T18:43:22.351+0000][gc,start      ] GC(239) Pause Young (Normal) (G1 Evacuation Pause)
[2025-10-30T18:43:22.351+0000][gc,task       ] GC(239) Using 2 workers of 2 for evacuation
[2025-10-30T18:43:22.366+0000][gc,phases     ] GC(239)   Pre Evacuate Collection Set: 0.0ms
[2025-10-30T18:43:22.366+0000][gc,phases     ] GC(239)   Evacuate Collection Set: 13.7ms
[2025-10-30T18:43:22.366+0000][gc,phases     ] GC(239)   Post Evacuate Collection Set: 1.0ms
[2025-10-30T18:43:22.367+0000][gc,phases     ] GC(239)   Other: 0.7ms
[2025-10-30T18:43:22.367+0000][gc,heap       ] GC(239) Eden regions: 23->0(26)
[2025-10-30T18:43:22.368+0000][gc,heap       ] GC(239) Survivor regions: 2->3(4)
[2025-10-30T18:43:22.369+0000][gc,heap       ] GC(239) Old regions: 180->180
[2025-10-30T18:43:22.369+0000][gc,heap       ] GC(239) Humongous regions: 147->147
[2025-10-30T18:43:22.369+0000][gc,metaspace  ] GC(239) Metaspace: 51644K(55216K)->51644K(55216K) NonClass: 45871K(47792K)->45871K(47792K) Class: 5772K(7424K)->5772K(7424K)
[2025-10-30T18:43:22.370+0000][gc            ] GC(239) Pause Young (Normal) (G1 Evacuation Pause) 350M->328M(512M) 19.077ms
[2025-10-30T18:43:22.370+0000][gc,cpu        ] GC(239) User=0.02s Sys=0.00s Real=0.02s
[2025-10-30T18:43:32.599+0000][gc,start      ] GC(240) Pause Young (Normal) (G1 Evacuation Pause)
[2025-10-30T18:43:32.599+0000][gc,task       ] GC(240) Using 2 workers of 2 for evacuation
[2025-10-30T18:43:32.615+0000][gc,phases     ] GC(240)   Pre Evacuate Collection Set: 0.0ms
[2025-10-30T18:43:32.615+0000][gc,phases     ] GC(240)   Evacuate Collection Set: 14.3ms
[2025-10-30T18:43:32.615+0000][gc,phases     ] GC(240)   Post Evacuate Collection Set: 0.9ms
[2025-10-30T18:43:32.615+0000][gc,phases     ] GC(240)   Other: 1.0ms
[2025-10-30T18:43:32.616+0000][gc,heap       ] GC(240) Eden regions: 23->0(26)
[2025-10-30T18:43:32.616+0000][gc,heap       ] GC(240) Survivor regions: 3->3(4)
[2025-10-30T18:43:32.616+0000][gc,heap       ] GC(240) Old regions: 180->180
[2025-10-30T18:43:32.616+0000][gc,heap       ] GC(240) Humongous regions: 147->147
[2025-10-30T18:43:32.617+0000][gc,metaspace  ] GC(240) Metaspace: 51644K(55216K)->51644K(55216K) NonClass: 45871K(47792K)->45871K(47792K) Class: 5772K(7424K)->5772K(7424K)
[2025-10-30T18:43:32.617+0000][gc            ] GC(240) Pause Young (Normal) (G1 Evacuation Pause) 351M->329M(512M) 18.268ms
[2025-10-30T18:43:32.617+0000][gc,cpu        ] GC(240) User=0.03s Sys=0.00s Real=0.02s
[2025-10-30T18:43:44.167+0000][gc,start      ] GC(241) Pause Young (Normal) (G1 Evacuation Pause)
[2025-10-30T18:43:44.167+0000][gc,task       ] GC(241) Using 2 workers of 2 for evacuation
[2025-10-30T18:43:44.187+0000][gc,phases     ] GC(241)   Pre Evacuate Collection Set: 0.0ms
[2025-10-30T18:43:44.187+0000][gc,phases     ] GC(241)   Evacuate Collection Set: 18.6ms
[2025-10-30T18:43:44.187+0000][gc,phases     ] GC(241)   Post Evacuate Collection Set: 0.9ms
[2025-10-30T18:43:44.188+0000][gc,phases     ] GC(241)   Other: 0.7ms
[2025-10-30T18:43:44.188+0000][gc,heap       ] GC(241) Eden regions: 26->0(26)
[2025-10-30T18:43:44.189+0000][gc,heap       ] GC(241) Survivor regions: 3->3(4)
[2025-10-30T18:43:44.190+0000][gc,heap       ] GC(241) Old regions: 180->181
[2025-10-30T18:43:44.190+0000][gc,heap       ] GC(241) Humongous regions: 147->147
[2025-10-30T18:43:44.191+0000][gc,metaspace  ] GC(241) Metaspace: 51644K(55216K)->51644K(55216K) NonClass: 45871K(47792K)->45871K(47792K) Class: 5772K(7424K)->5772K(7424K)
[2025-10-30T18:43:44.194+0000][gc            ] GC(241) Pause Young (Normal) (G1 Evacuation Pause) 355M->330M(512M) 27.402ms
[2025-10-30T18:43:44.194+0000][gc,cpu        ] GC(241) User=0.04s Sys=0.00s Real=0.03s
[2025-10-30T18:43:55.545+0000][gc,start      ] GC(242) Pause Young (Normal) (G1 Evacuation Pause)
[2025-10-30T18:43:55.545+0000][gc,task       ] GC(242) Using 2 workers of 2 for evacuation
[2025-10-30T18:43:55.566+0000][gc,mmu        ] GC(242) MMU target violated: 20.4ms (20.0ms/21.0ms)
[2025-10-30T18:43:55.566+0000][gc,phases     ] GC(242)   Pre Evacuate Collection Set: 0.0ms
[2025-10-30T18:43:55.567+0000][gc,phases     ] GC(242)   Evacuate Collection Set: 19.0ms
[2025-10-30T18:43:55.567+0000][gc,phases     ] GC(242)   Post Evacuate Collection Set: 1.2ms
[2025-10-30T18:43:55.567+0000][gc,phases     ] GC(242)   Other: 1.5ms
[2025-10-30T18:43:55.567+0000][gc,heap       ] GC(242) Eden regions: 26->0(26)
[2025-10-30T18:43:55.568+0000][gc,heap       ] GC(242) Survivor regions: 3->3(4)
[2025-10-30T18:43:55.568+0000][gc,heap       ] GC(242) Old regions: 181->182
[2025-10-30T18:43:55.568+0000][gc,heap       ] GC(242) Humongous regions: 147->147
[2025-10-30T18:43:55.569+0000][gc,metaspace  ] GC(242) Metaspace: 51644K(55216K)->51644K(55216K) NonClass: 45872K(47792K)->45872K(47792K) Class: 5772K(7424K)->5772K(7424K)
[2025-10-30T18:43:55.569+0000][gc            ] GC(242) Pause Young (Normal) (G1 Evacuation Pause) 356M->331M(512M) 24.416ms
[2025-10-30T18:43:55.569+0000][gc,cpu        ] GC(242) User=0.04s Sys=0.00s Real=0.02s
[2025-10-30T18:44:06.517+0000][gc,start      ] GC(243) Pause Young (Normal) (G1 Evacuation Pause)
[2025-10-30T18:44:06.517+0000][gc,task       ] GC(243) Using 2 workers of 2 for evacuation
[2025-10-30T18:44:06.530+0000][gc,phases     ] GC(243)   Pre Evacuate Collection Set: 0.0ms
[2025-10-30T18:44:06.531+0000][gc,phases     ] GC(243)   Evacuate Collection Set: 12.2ms
[2025-10-30T18:44:06.531+0000][gc,phases     ] GC(243)   Post Evacuate Collection Set: 1.0ms
[2025-10-30T18:44:06.531+0000][gc,phases     ] GC(243)   Other: 0.7ms
[2025-10-30T18:44:06.531+0000][gc,heap       ] GC(243) Eden regions: 26->0(28)
[2025-10-30T18:44:06.532+0000][gc,heap       ] GC(243) Survivor regions: 3->2(4)
[2025-10-30T18:44:06.532+0000][gc,heap       ] GC(243) Old regions: 182->183
[2025-10-30T18:44:06.532+0000][gc,heap       ] GC(243) Humongous regions: 147->147
[2025-10-30T18:44:06.532+0000][gc,metaspace  ] GC(243) Metaspace: 51644K(55216K)->51644K(55216K) NonClass: 45872K(47792K)->45872K(47792K) Class: 5772K(7424K)->5772K(7424K)
[2025-10-30T18:44:06.533+0000][gc            ] GC(243) Pause Young (Normal) (G1 Evacuation Pause) 357M->331M(512M) 16.027ms
[2025-10-30T18:44:06.533+0000][gc,cpu        ] GC(243) User=0.03s Sys=0.00s Real=0.02s
[2025-10-30T18:44:18.962+0000][gc,start      ] GC(244) Pause Young (Normal) (G1 Evacuation Pause)
[2025-10-30T18:44:18.963+0000][gc,task       ] GC(244) Using 2 workers of 2 for evacuation
[2025-10-30T18:44:18.979+0000][gc,phases     ] GC(244)   Pre Evacuate Collection Set: 0.0ms
[2025-10-30T18:44:18.979+0000][gc,phases     ] GC(244)   Evacuate Collection Set: 14.1ms
[2025-10-30T18:44:18.979+0000][gc,phases     ] GC(244)   Post Evacuate Collection Set: 1.0ms
[2025-10-30T18:44:18.979+0000][gc,phases     ] GC(244)   Other: 1.0ms
[2025-10-30T18:44:18.980+0000][gc,heap       ] GC(244) Eden regions: 28->0(29)
[2025-10-30T18:44:18.980+0000][gc,heap       ] GC(244) Survivor regions: 2->3(4)
[2025-10-30T18:44:18.980+0000][gc,heap       ] GC(244) Old regions: 183->183
[2025-10-30T18:44:18.981+0000][gc,heap       ] GC(244) Humongous regions: 147->147
[2025-10-30T18:44:18.981+0000][gc,metaspace  ] GC(244) Metaspace: 51644K(55216K)->51644K(55216K) NonClass: 45872K(47792K)->45872K(47792K) Class: 5772K(7424K)->5772K(7424K)
[2025-10-30T18:44:18.981+0000][gc            ] GC(244) Pause Young (Normal) (G1 Evacuation Pause) 359M->332M(512M) 18.797ms
[2025-10-30T18:44:18.982+0000][gc,cpu        ] GC(244) User=0.03s Sys=0.00s Real=0.02s
[2025-10-30T18:44:30.475+0000][gc,start      ] GC(245) Pause Young (Normal) (G1 Evacuation Pause)
[2025-10-30T18:44:30.475+0000][gc,task       ] GC(245) Using 2 workers of 2 for evacuation
[2025-10-30T18:44:30.506+0000][gc,mmu        ] GC(245) MMU target violated: 21.0ms (20.0ms/21.0ms)
[2025-10-30T18:44:30.506+0000][gc,phases     ] GC(245)   Pre Evacuate Collection Set: 0.0ms
[2025-10-30T18:44:30.507+0000][gc,phases     ] GC(245)   Evacuate Collection Set: 28.1ms
[2025-10-30T18:44:30.507+0000][gc,phases     ] GC(245)   Post Evacuate Collection Set: 1.8ms
[2025-10-30T18:44:30.507+0000][gc,phases     ] GC(245)   Other: 1.9ms
[2025-10-30T18:44:30.508+0000][gc,heap       ] GC(245) Eden regions: 25->0(24)
[2025-10-30T18:44:30.508+0000][gc,heap       ] GC(245) Survivor regions: 3->3(4)
[2025-10-30T18:44:30.508+0000][gc,heap       ] GC(245) Old regions: 183->184
[2025-10-30T18:44:30.508+0000][gc,heap       ] GC(245) Humongous regions: 147->147
[2025-10-30T18:44:30.509+0000][gc,metaspace  ] GC(245) Metaspace: 51644K(55216K)->51644K(55216K) NonClass: 45872K(47792K)->45872K(47792K) Class: 5772K(7424K)->5772K(7424K)
[2025-10-30T18:44:30.509+0000][gc            ] GC(245) Pause Young (Normal) (G1 Evacuation Pause) 357M->333M(512M) 34.564ms
[2025-10-30T18:44:30.510+0000][gc,cpu        ] GC(245) User=0.06s Sys=0.00s Real=0.04s
[2025-10-30T18:44:40.289+0000][gc,start      ] GC(246) Pause Young (Normal) (G1 Evacuation Pause)
[2025-10-30T18:44:40.289+0000][gc,task       ] GC(246) Using 2 workers of 2 for evacuation
[2025-10-30T18:44:40.311+0000][gc,mmu        ] GC(246) MMU target violated: 21.0ms (20.0ms/21.0ms)
[2025-10-30T18:44:40.312+0000][gc,phases     ] GC(246)   Pre Evacuate Collection Set: 0.0ms
[2025-10-30T18:44:40.312+0000][gc,phases     ] GC(246)   Evacuate Collection Set: 20.3ms
[2025-10-30T18:44:40.312+0000][gc,phases     ] GC(246)   Post Evacuate Collection Set: 1.2ms
[2025-10-30T18:44:40.312+0000][gc,phases     ] GC(246)   Other: 1.5ms
[2025-10-30T18:44:40.313+0000][gc,heap       ] GC(246) Eden regions: 24->0(22)
[2025-10-30T18:44:40.313+0000][gc,heap       ] GC(246) Survivor regions: 3->3(4)
[2025-10-30T18:44:40.314+0000][gc,heap       ] GC(246) Old regions: 184->185
[2025-10-30T18:44:40.314+0000][gc,heap       ] GC(246) Humongous regions: 147->147
[2025-10-30T18:44:40.314+0000][gc,metaspace  ] GC(246) Metaspace: 51644K(55216K)->51644K(55216K) NonClass: 45872K(47792K)->45872K(47792K) Class: 5772K(7424K)->5772K(7424K)
[2025-10-30T18:44:40.314+0000][gc            ] GC(246) Pause Young (Normal) (G1 Evacuation Pause) 357M->334M(512M) 25.802ms
[2025-10-30T18:44:40.315+0000][gc,cpu        ] GC(246) User=0.04s Sys=0.00s Real=0.02s
[2025-10-30T18:44:48.873+0000][gc,start      ] GC(247) Pause Young (Normal) (G1 Evacuation Pause)
[2025-10-30T18:44:48.873+0000][gc,task       ] GC(247) Using 2 workers of 2 for evacuation
[2025-10-30T18:44:48.889+0000][gc,phases     ] GC(247)   Pre Evacuate Collection Set: 0.0ms
[2025-10-30T18:44:48.889+0000][gc,phases     ] GC(247)   Evacuate Collection Set: 14.0ms
[2025-10-30T18:44:48.889+0000][gc,phases     ] GC(247)   Post Evacuate Collection Set: 0.9ms
[2025-10-30T18:44:48.890+0000][gc,phases     ] GC(247)   Other: 1.0ms
[2025-10-30T18:44:48.890+0000][gc,heap       ] GC(247) Eden regions: 22->0(23)
[2025-10-30T18:44:48.890+0000][gc,heap       ] GC(247) Survivor regions: 3->3(4)
[2025-10-30T18:44:48.890+0000][gc,heap       ] GC(247) Old regions: 185->186
[2025-10-30T18:44:48.891+0000][gc,heap       ] GC(247) Humongous regions: 147->147
[2025-10-30T18:44:48.891+0000][gc,metaspace  ] GC(247) Metaspace: 51644K(55216K)->51644K(55216K) NonClass: 45872K(47792K)->45872K(47792K) Class: 5772K(7424K)->5772K(7424K)
[2025-10-30T18:44:48.891+0000][gc            ] GC(247) Pause Young (Normal) (G1 Evacuation Pause) 356M->334M(512M) 17.853ms
[2025-10-30T18:44:48.891+0000][gc,cpu        ] GC(247) User=0.03s Sys=0.00s Real=0.02s
[2025-10-30T18:44:59.134+0000][gc,start      ] GC(248) Pause Young (Normal) (G1 Evacuation Pause)
[2025-10-30T18:44:59.134+0000][gc,task       ] GC(248) Using 2 workers of 2 for evacuation
[2025-10-30T18:44:59.148+0000][gc,phases     ] GC(248)   Pre Evacuate Collection Set: 0.0ms
[2025-10-30T18:44:59.148+0000][gc,phases     ] GC(248)   Evacuate Collection Set: 12.5ms
[2025-10-30T18:44:59.148+0000][gc,phases     ] GC(248)   Post Evacuate Collection Set: 0.8ms
[2025-10-30T18:44:59.149+0000][gc,phases     ] GC(248)   Other: 0.6ms
[2025-10-30T18:44:59.149+0000][gc,heap       ] GC(248) Eden regions: 23->0(25)
[2025-10-30T18:44:59.149+0000][gc,heap       ] GC(248) Survivor regions: 3->3(4)
[2025-10-30T18:44:59.149+0000][gc,heap       ] GC(248) Old regions: 186->187
[2025-10-30T18:44:59.149+0000][gc,heap       ] GC(248) Humongous regions: 147->147
[2025-10-30T18:44:59.150+0000][gc,metaspace  ] GC(248) Metaspace: 51644K(55216K)->51644K(55216K) NonClass: 45872K(47792K)->45872K(47792K) Class: 5772K(7424K)->5772K(7424K)
[2025-10-30T18:44:59.150+0000][gc            ] GC(248) Pause Young (Normal) (G1 Evacuation Pause) 357M->335M(512M) 15.760ms
[2025-10-30T18:44:59.150+0000][gc,cpu        ] GC(248) User=0.02s Sys=0.00s Real=0.02s
[2025-10-30T18:45:10.116+0000][gc,start      ] GC(249) Pause Young (Normal) (G1 Evacuation Pause)
[2025-10-30T18:45:10.116+0000][gc,task       ] GC(249) Using 2 workers of 2 for evacuation
[2025-10-30T18:45:10.131+0000][gc,phases     ] GC(249)   Pre Evacuate Collection Set: 0.0ms
[2025-10-30T18:45:10.131+0000][gc,phases     ] GC(249)   Evacuate Collection Set: 13.1ms
[2025-10-30T18:45:10.131+0000][gc,phases     ] GC(249)   Post Evacuate Collection Set: 0.9ms
[2025-10-30T18:45:10.131+0000][gc,phases     ] GC(249)   Other: 0.6ms
[2025-10-30T18:45:10.131+0000][gc,heap       ] GC(249) Eden regions: 25->0(26)
[2025-10-30T18:45:10.132+0000][gc,heap       ] GC(249) Survivor regions: 3->2(4)
[2025-10-30T18:45:10.132+0000][gc,heap       ] GC(249) Old regions: 187->187
[2025-10-30T18:45:10.132+0000][gc,heap       ] GC(249) Humongous regions: 147->147
[2025-10-30T18:45:10.132+0000][gc,metaspace  ] GC(249) Metaspace: 51644K(55216K)->51644K(55216K) NonClass: 45872K(47792K)->45872K(47792K) Class: 5772K(7424K)->5772K(7424K)
[2025-10-30T18:45:10.133+0000][gc            ] GC(249) Pause Young (Normal) (G1 Evacuation Pause) 360M->335M(512M) 16.849ms
[2025-10-30T18:45:10.133+0000][gc,cpu        ] GC(249) User=0.03s Sys=0.00s Real=0.02s
[2025-10-30T18:45:21.017+0000][gc,start      ] GC(250) Pause Young (Normal) (G1 Evacuation Pause)
[2025-10-30T18:45:21.017+0000][gc,task       ] GC(250) Using 2 workers of 2 for evacuation
[2025-10-30T18:45:21.030+0000][gc,phases     ] GC(250)   Pre Evacuate Collection Set: 0.0ms
[2025-10-30T18:45:21.030+0000][gc,phases     ] GC(250)   Evacuate Collection Set: 11.4ms
[2025-10-30T18:45:21.031+0000][gc,phases     ] GC(250)   Post Evacuate Collection Set: 0.9ms
[2025-10-30T18:45:21.031+0000][gc,phases     ] GC(250)   Other: 0.7ms
[2025-10-30T18:45:21.031+0000][gc,heap       ] GC(250) Eden regions: 26->0(28)
[2025-10-30T18:45:21.031+0000][gc,heap       ] GC(250) Survivor regions: 2->3(4)
[2025-10-30T18:45:21.032+0000][gc,heap       ] GC(250) Old regions: 187->187
[2025-10-30T18:45:21.032+0000][gc,heap       ] GC(250) Humongous regions: 147->147
[2025-10-30T18:45:21.032+0000][gc,metaspace  ] GC(250) Metaspace: 51644K(55216K)->51644K(55216K) NonClass: 45872K(47792K)->45872K(47792K) Class: 5772K(7424K)->5772K(7424K)
[2025-10-30T18:45:21.032+0000][gc            ] GC(250) Pause Young (Normal) (G1 Evacuation Pause) 361M->336M(512M) 15.499ms
[2025-10-30T18:45:21.033+0000][gc,cpu        ] GC(250) User=0.02s Sys=0.00s Real=0.02s
[2025-10-30T18:45:31.930+0000][gc,start      ] GC(251) Pause Young (Normal) (G1 Evacuation Pause)
[2025-10-30T18:45:31.930+0000][gc,task       ] GC(251) Using 2 workers of 2 for evacuation
[2025-10-30T18:45:31.943+0000][gc,phases     ] GC(251)   Pre Evacuate Collection Set: 0.0ms
[2025-10-30T18:45:31.944+0000][gc,phases     ] GC(251)   Evacuate Collection Set: 12.5ms
[2025-10-30T18:45:31.944+0000][gc,phases     ] GC(251)   Post Evacuate Collection Set: 0.8ms
[2025-10-30T18:45:31.944+0000][gc,phases     ] GC(251)   Other: 0.6ms
[2025-10-30T18:45:31.944+0000][gc,heap       ] GC(251) Eden regions: 28->0(29)
[2025-10-30T18:45:31.944+0000][gc,heap       ] GC(251) Survivor regions: 3->3(4)
[2025-10-30T18:45:31.945+0000][gc,heap       ] GC(251) Old regions: 187->188
[2025-10-30T18:45:31.945+0000][gc,heap       ] GC(251) Humongous regions: 147->147
[2025-10-30T18:45:31.945+0000][gc,metaspace  ] GC(251) Metaspace: 51644K(55216K)->51644K(55216K) NonClass: 45872K(47792K)->45872K(47792K) Class: 5772K(7424K)->5772K(7424K)
[2025-10-30T18:45:31.945+0000][gc            ] GC(251) Pause Young (Normal) (G1 Evacuation Pause) 364M->337M(512M) 15.676ms
[2025-10-30T18:45:31.945+0000][gc,cpu        ] GC(251) User=0.02s Sys=0.00s Real=0.01s
[2025-10-30T18:45:42.802+0000][gc,start      ] GC(252) Pause Young (Normal) (G1 Evacuation Pause)
[2025-10-30T18:45:42.803+0000][gc,task       ] GC(252) Using 2 workers of 2 for evacuation
[2025-10-30T18:45:42.817+0000][gc,phases     ] GC(252)   Pre Evacuate Collection Set: 0.0ms
[2025-10-30T18:45:42.817+0000][gc,phases     ] GC(252)   Evacuate Collection Set: 12.8ms
[2025-10-30T18:45:42.817+0000][gc,phases     ] GC(252)   Post Evacuate Collection Set: 0.8ms
[2025-10-30T18:45:42.817+0000][gc,phases     ] GC(252)   Other: 0.7ms
[2025-10-30T18:45:42.817+0000][gc,heap       ] GC(252) Eden regions: 29->0(30)
[2025-10-30T18:45:42.817+0000][gc,heap       ] GC(252) Survivor regions: 3->3(4)
[2025-10-30T18:45:42.818+0000][gc,heap       ] GC(252) Old regions: 188->189
[2025-10-30T18:45:42.818+0000][gc,heap       ] GC(252) Humongous regions: 147->147
[2025-10-30T18:45:42.818+0000][gc,metaspace  ] GC(252) Metaspace: 51644K(55216K)->51644K(55216K) NonClass: 45872K(47792K)->45872K(47792K) Class: 5772K(7424K)->5772K(7424K)
[2025-10-30T18:45:42.818+0000][gc            ] GC(252) Pause Young (Normal) (G1 Evacuation Pause) 366M->338M(512M) 15.778ms
[2025-10-30T18:45:42.818+0000][gc,cpu        ] GC(252) User=0.03s Sys=0.00s Real=0.02s
[2025-10-30T18:45:54.179+0000][gc,start      ] GC(253) Pause Young (Normal) (G1 Evacuation Pause)
[2025-10-30T18:45:54.188+0000][gc,task       ] GC(253) Using 2 workers of 2 for evacuation
[2025-10-30T18:45:54.213+0000][gc,mmu        ] GC(253) MMU target violated: 21.0ms (20.0ms/21.0ms)
[2025-10-30T18:45:54.214+0000][gc,phases     ] GC(253)   Pre Evacuate Collection Set: 0.0ms
[2025-10-30T18:45:54.215+0000][gc,phases     ] GC(253)   Evacuate Collection Set: 23.4ms
[2025-10-30T18:45:54.215+0000][gc,phases     ] GC(253)   Post Evacuate Collection Set: 1.2ms
[2025-10-30T18:45:54.215+0000][gc,phases     ] GC(253)   Other: 10.0ms
[2025-10-30T18:45:54.215+0000][gc,heap       ] GC(253) Eden regions: 30->0(27)
[2025-10-30T18:45:54.216+0000][gc,heap       ] GC(253) Survivor regions: 3->3(5)
[2025-10-30T18:45:54.216+0000][gc,heap       ] GC(253) Old regions: 189->190
[2025-10-30T18:45:54.216+0000][gc,heap       ] GC(253) Humongous regions: 147->147
[2025-10-30T18:45:54.216+0000][gc,metaspace  ] GC(253) Metaspace: 51644K(55216K)->51644K(55216K) NonClass: 45872K(47792K)->45872K(47792K) Class: 5772K(7424K)->5772K(7424K)
[2025-10-30T18:45:54.217+0000][gc            ] GC(253) Pause Young (Normal) (G1 Evacuation Pause) 368M->339M(512M) 37.978ms
[2025-10-30T18:45:54.217+0000][gc,cpu        ] GC(253) User=0.05s Sys=0.00s Real=0.03s
[2025-10-30T18:46:04.461+0000][gc,start      ] GC(254) Pause Young (Normal) (G1 Evacuation Pause)
[2025-10-30T18:46:04.461+0000][gc,task       ] GC(254) Using 2 workers of 2 for evacuation
[2025-10-30T18:46:04.473+0000][gc,phases     ] GC(254)   Pre Evacuate Collection Set: 0.0ms
[2025-10-30T18:46:04.473+0000][gc,phases     ] GC(254)   Evacuate Collection Set: 10.6ms
[2025-10-30T18:46:04.474+0000][gc,phases     ] GC(254)   Post Evacuate Collection Set: 0.7ms
[2025-10-30T18:46:04.474+0000][gc,phases     ] GC(254)   Other: 0.6ms
[2025-10-30T18:46:04.474+0000][gc,heap       ] GC(254) Eden regions: 27->0(29)
[2025-10-30T18:46:04.474+0000][gc,heap       ] GC(254) Survivor regions: 3->2(4)
[2025-10-30T18:46:04.474+0000][gc,heap       ] GC(254) Old regions: 190->191
[2025-10-30T18:46:04.474+0000][gc,heap       ] GC(254) Humongous regions: 147->147
[2025-10-30T18:46:04.475+0000][gc,metaspace  ] GC(254) Metaspace: 51644K(55216K)->51644K(55216K) NonClass: 45872K(47792K)->45872K(47792K) Class: 5772K(7424K)->5772K(7424K)
[2025-10-30T18:46:04.475+0000][gc            ] GC(254) Pause Young (Normal) (G1 Evacuation Pause) 366M->339M(512M) 13.420ms
[2025-10-30T18:46:04.475+0000][gc,cpu        ] GC(254) User=0.02s Sys=0.00s Real=0.01s
[2025-10-30T18:46:18.463+0000][gc,start      ] GC(255) Pause Young (Normal) (G1 Evacuation Pause)
[2025-10-30T18:46:18.464+0000][gc,task       ] GC(255) Using 2 workers of 2 for evacuation
[2025-10-30T18:46:18.483+0000][gc,phases     ] GC(255)   Pre Evacuate Collection Set: 0.0ms
[2025-10-30T18:46:18.484+0000][gc,phases     ] GC(255)   Evacuate Collection Set: 18.0ms
[2025-10-30T18:46:18.484+0000][gc,phases     ] GC(255)   Post Evacuate Collection Set: 1.0ms
[2025-10-30T18:46:18.484+0000][gc,phases     ] GC(255)   Other: 1.2ms
[2025-10-30T18:46:18.484+0000][gc,heap       ] GC(255) Eden regions: 28->0(29)
[2025-10-30T18:46:18.485+0000][gc,heap       ] GC(255) Survivor regions: 2->4(4)
[2025-10-30T18:46:18.485+0000][gc,heap       ] GC(255) Old regions: 191->191
[2025-10-30T18:46:18.485+0000][gc,heap       ] GC(255) Humongous regions: 147->147
[2025-10-30T18:46:18.485+0000][gc,metaspace  ] GC(255) Metaspace: 51644K(55216K)->51644K(55216K) NonClass: 45872K(47792K)->45872K(47792K) Class: 5772K(7424K)->5772K(7424K)
[2025-10-30T18:46:18.485+0000][gc            ] GC(255) Pause Young (Normal) (G1 Evacuation Pause) 367M->340M(512M) 22.024ms
[2025-10-30T18:46:18.486+0000][gc,cpu        ] GC(255) User=0.04s Sys=0.00s Real=0.02s
[2025-10-30T18:46:30.250+0000][gc,start      ] GC(256) Pause Young (Normal) (G1 Evacuation Pause)
[2025-10-30T18:46:30.251+0000][gc,task       ] GC(256) Using 2 workers of 2 for evacuation
[2025-10-30T18:46:30.270+0000][gc,phases     ] GC(256)   Pre Evacuate Collection Set: 0.0ms
[2025-10-30T18:46:30.270+0000][gc,phases     ] GC(256)   Evacuate Collection Set: 17.6ms
[2025-10-30T18:46:30.271+0000][gc,phases     ] GC(256)   Post Evacuate Collection Set: 0.7ms
[2025-10-30T18:46:30.272+0000][gc,phases     ] GC(256)   Other: 1.6ms
[2025-10-30T18:46:30.272+0000][gc,heap       ] GC(256) Eden regions: 29->0(29)
[2025-10-30T18:46:30.272+0000][gc,heap       ] GC(256) Survivor regions: 4->4(5)
[2025-10-30T18:46:30.272+0000][gc,heap       ] GC(256) Old regions: 191->191
[2025-10-30T18:46:30.273+0000][gc,heap       ] GC(256) Humongous regions: 147->147
[2025-10-30T18:46:30.273+0000][gc,metaspace  ] GC(256) Metaspace: 51644K(55216K)->51644K(55216K) NonClass: 45872K(47792K)->45872K(47792K) Class: 5772K(7424K)->5772K(7424K)
[2025-10-30T18:46:30.273+0000][gc            ] GC(256) Pause Young (Normal) (G1 Evacuation Pause) 369M->341M(512M) 23.210ms
[2025-10-30T18:46:30.274+0000][gc,cpu        ] GC(256) User=0.04s Sys=0.00s Real=0.02s
[2025-10-30T18:46:40.744+0000][gc,start      ] GC(257) Pause Young (Normal) (G1 Evacuation Pause)
[2025-10-30T18:46:40.744+0000][gc,task       ] GC(257) Using 2 workers of 2 for evacuation
[2025-10-30T18:46:40.761+0000][gc,phases     ] GC(257)   Pre Evacuate Collection Set: 0.0ms
[2025-10-30T18:46:40.761+0000][gc,phases     ] GC(257)   Evacuate Collection Set: 15.4ms
[2025-10-30T18:46:40.762+0000][gc,phases     ] GC(257)   Post Evacuate Collection Set: 1.4ms
[2025-10-30T18:46:40.762+0000][gc,phases     ] GC(257)   Other: 0.7ms
[2025-10-30T18:46:40.762+0000][gc,heap       ] GC(257) Eden regions: 26->0(30)
[2025-10-30T18:46:40.762+0000][gc,heap       ] GC(257) Survivor regions: 4->3(4)
[2025-10-30T18:46:40.763+0000][gc,heap       ] GC(257) Old regions: 191->194
[2025-10-30T18:46:40.763+0000][gc,heap       ] GC(257) Humongous regions: 147->147
[2025-10-30T18:46:40.763+0000][gc,metaspace  ] GC(257) Metaspace: 51644K(55216K)->51644K(55216K) NonClass: 45872K(47792K)->45872K(47792K) Class: 5772K(7424K)->5772K(7424K)
[2025-10-30T18:46:40.764+0000][gc            ] GC(257) Pause Young (Normal) (G1 Evacuation Pause) 367M->342M(512M) 19.791ms
[2025-10-30T18:46:40.764+0000][gc,cpu        ] GC(257) User=0.04s Sys=0.00s Real=0.02s
[2025-10-30T18:46:52.617+0000][gc,start      ] GC(258) Pause Young (Normal) (G1 Evacuation Pause)
[2025-10-30T18:46:52.617+0000][gc,task       ] GC(258) Using 2 workers of 2 for evacuation
[2025-10-30T18:46:52.631+0000][gc,phases     ] GC(258)   Pre Evacuate Collection Set: 0.0ms
[2025-10-30T18:46:52.631+0000][gc,phases     ] GC(258)   Evacuate Collection Set: 12.3ms
[2025-10-30T18:46:52.632+0000][gc,phases     ] GC(258)   Post Evacuate Collection Set: 1.1ms
[2025-10-30T18:46:52.632+0000][gc,phases     ] GC(258)   Other: 0.8ms
[2025-10-30T18:46:52.632+0000][gc,heap       ] GC(258) Eden regions: 30->0(31)
[2025-10-30T18:46:52.632+0000][gc,heap       ] GC(258) Survivor regions: 3->3(5)
[2025-10-30T18:46:52.633+0000][gc,heap       ] GC(258) Old regions: 194->194
[2025-10-30T18:46:52.633+0000][gc,heap       ] GC(258) Humongous regions: 147->147
[2025-10-30T18:46:52.633+0000][gc,metaspace  ] GC(258) Metaspace: 51644K(55216K)->51644K(55216K) NonClass: 45872K(47792K)->45872K(47792K) Class: 5772K(7424K)->5772K(7424K)
[2025-10-30T18:46:52.633+0000][gc            ] GC(258) Pause Young (Normal) (G1 Evacuation Pause) 372M->343M(512M) 16.378ms
[2025-10-30T18:46:52.634+0000][gc,cpu        ] GC(258) User=0.03s Sys=0.00s Real=0.02s
[2025-10-30T18:47:04.303+0000][gc,start      ] GC(259) Pause Young (Normal) (G1 Evacuation Pause)
[2025-10-30T18:47:04.303+0000][gc,task       ] GC(259) Using 2 workers of 2 for evacuation
[2025-10-30T18:47:04.324+0000][gc,mmu        ] GC(259) MMU target violated: 20.3ms (20.0ms/21.0ms)
[2025-10-30T18:47:04.325+0000][gc,phases     ] GC(259)   Pre Evacuate Collection Set: 0.0ms
[2025-10-30T18:47:04.325+0000][gc,phases     ] GC(259)   Evacuate Collection Set: 18.7ms
[2025-10-30T18:47:04.326+0000][gc,phases     ] GC(259)   Post Evacuate Collection Set: 1.3ms
[2025-10-30T18:47:04.327+0000][gc,phases     ] GC(259)   Other: 1.9ms
[2025-10-30T18:47:04.327+0000][gc,heap       ] GC(259) Eden regions: 28->0(31)
[2025-10-30T18:47:04.327+0000][gc,heap       ] GC(259) Survivor regions: 3->3(4)
[2025-10-30T18:47:04.328+0000][gc,heap       ] GC(259) Old regions: 194->194
[2025-10-30T18:47:04.329+0000][gc,heap       ] GC(259) Humongous regions: 147->147
[2025-10-30T18:47:04.329+0000][gc,metaspace  ] GC(259) Metaspace: 51644K(55216K)->51644K(55216K) NonClass: 45872K(47792K)->45872K(47792K) Class: 5772K(7424K)->5772K(7424K)
[2025-10-30T18:47:04.329+0000][gc            ] GC(259) Pause Young (Normal) (G1 Evacuation Pause) 371M->343M(512M) 26.474ms
[2025-10-30T18:47:04.330+0000][gc,cpu        ] GC(259) User=0.04s Sys=0.00s Real=0.02s
[2025-10-30T18:47:16.517+0000][gc,start      ] GC(260) Pause Young (Normal) (G1 Evacuation Pause)
[2025-10-30T18:47:16.517+0000][gc,task       ] GC(260) Using 2 workers of 2 for evacuation
[2025-10-30T18:47:16.532+0000][gc,phases     ] GC(260)   Pre Evacuate Collection Set: 0.0ms
[2025-10-30T18:47:16.532+0000][gc,phases     ] GC(260)   Evacuate Collection Set: 13.1ms
[2025-10-30T18:47:16.533+0000][gc,phases     ] GC(260)   Post Evacuate Collection Set: 0.9ms
[2025-10-30T18:47:16.533+0000][gc,phases     ] GC(260)   Other: 0.8ms
[2025-10-30T18:47:16.533+0000][gc,heap       ] GC(260) Eden regions: 29->0(34)
[2025-10-30T18:47:16.533+0000][gc,heap       ] GC(260) Survivor regions: 3->3(4)
[2025-10-30T18:47:16.533+0000][gc,heap       ] GC(260) Old regions: 194->195
[2025-10-30T18:47:16.533+0000][gc,heap       ] GC(260) Humongous regions: 147->147
[2025-10-30T18:47:16.534+0000][gc,metaspace  ] GC(260) Metaspace: 51644K(55216K)->51644K(55216K) NonClass: 45872K(47792K)->45872K(47792K) Class: 5772K(7424K)->5772K(7424K)
[2025-10-30T18:47:16.534+0000][gc            ] GC(260) Pause Young (Normal) (G1 Evacuation Pause) 372M->343M(512M) 16.479ms
[2025-10-30T18:47:16.534+0000][gc,cpu        ] GC(260) User=0.02s Sys=0.00s Real=0.02s
[2025-10-30T18:47:28.456+0000][gc,start      ] GC(261) Pause Young (Normal) (G1 Evacuation Pause)
[2025-10-30T18:47:28.457+0000][gc,task       ] GC(261) Using 2 workers of 2 for evacuation
[2025-10-30T18:47:28.469+0000][gc,phases     ] GC(261)   Pre Evacuate Collection Set: 0.0ms
[2025-10-30T18:47:28.469+0000][gc,phases     ] GC(261)   Evacuate Collection Set: 11.5ms
[2025-10-30T18:47:28.470+0000][gc,phases     ] GC(261)   Post Evacuate Collection Set: 0.7ms
[2025-10-30T18:47:28.470+0000][gc,phases     ] GC(261)   Other: 0.6ms
[2025-10-30T18:47:28.470+0000][gc,heap       ] GC(261) Eden regions: 30->0(36)
[2025-10-30T18:47:28.470+0000][gc,heap       ] GC(261) Survivor regions: 3->4(5)
[2025-10-30T18:47:28.470+0000][gc,heap       ] GC(261) Old regions: 195->195
[2025-10-30T18:47:28.470+0000][gc,heap       ] GC(261) Humongous regions: 147->147
[2025-10-30T18:47:28.471+0000][gc,metaspace  ] GC(261) Metaspace: 51644K(55216K)->51644K(55216K) NonClass: 45872K(47792K)->45872K(47792K) Class: 5772K(7424K)->5772K(7424K)
[2025-10-30T18:47:28.471+0000][gc            ] GC(261) Pause Young (Normal) (G1 Evacuation Pause) 373M->344M(512M) 14.406ms
[2025-10-30T18:47:28.471+0000][gc,cpu        ] GC(261) User=0.02s Sys=0.00s Real=0.02s
[2025-10-30T18:47:41.412+0000][gc,start      ] GC(262) Pause Young (Normal) (G1 Evacuation Pause)
[2025-10-30T18:47:41.412+0000][gc,task       ] GC(262) Using 2 workers of 2 for evacuation
[2025-10-30T18:47:41.430+0000][gc,phases     ] GC(262)   Pre Evacuate Collection Set: 0.0ms
[2025-10-30T18:47:41.430+0000][gc,phases     ] GC(262)   Evacuate Collection Set: 16.4ms
[2025-10-30T18:47:41.431+0000][gc,phases     ] GC(262)   Post Evacuate Collection Set: 0.9ms
[2025-10-30T18:47:41.431+0000][gc,phases     ] GC(262)   Other: 0.7ms
[2025-10-30T18:47:41.431+0000][gc,heap       ] GC(262) Eden regions: 33->0(36)
[2025-10-30T18:47:41.431+0000][gc,heap       ] GC(262) Survivor regions: 4->4(5)
[2025-10-30T18:47:41.431+0000][gc,heap       ] GC(262) Old regions: 195->196
[2025-10-30T18:47:41.432+0000][gc,heap       ] GC(262) Humongous regions: 147->147
[2025-10-30T18:47:41.432+0000][gc,metaspace  ] GC(262) Metaspace: 51644K(55216K)->51644K(55216K) NonClass: 45872K(47792K)->45872K(47792K) Class: 5772K(7424K)->5772K(7424K)
[2025-10-30T18:47:41.432+0000][gc            ] GC(262) Pause Young (Normal) (G1 Evacuation Pause) 377M->346M(512M) 19.936ms
[2025-10-30T18:47:41.433+0000][gc,cpu        ] GC(262) User=0.03s Sys=0.00s Real=0.02s
[2025-10-30T18:47:54.268+0000][gc,start      ] GC(263) Pause Young (Normal) (G1 Evacuation Pause)
[2025-10-30T18:47:54.268+0000][gc,task       ] GC(263) Using 2 workers of 2 for evacuation
[2025-10-30T18:47:54.280+0000][gc,phases     ] GC(263)   Pre Evacuate Collection Set: 0.0ms
[2025-10-30T18:47:54.280+0000][gc,phases     ] GC(263)   Evacuate Collection Set: 10.4ms
[2025-10-30T18:47:54.280+0000][gc,phases     ] GC(263)   Post Evacuate Collection Set: 0.8ms
[2025-10-30T18:47:54.280+0000][gc,phases     ] GC(263)   Other: 0.5ms
[2025-10-30T18:47:54.280+0000][gc,heap       ] GC(263) Eden regions: 34->0(41)
[2025-10-30T18:47:54.281+0000][gc,heap       ] GC(263) Survivor regions: 4->3(5)
[2025-10-30T18:47:54.281+0000][gc,heap       ] GC(263) Old regions: 196->197
[2025-10-30T18:47:54.281+0000][gc,heap       ] GC(263) Humongous regions: 147->147
[2025-10-30T18:47:54.281+0000][gc,metaspace  ] GC(263) Metaspace: 51644K(55216K)->51644K(55216K) NonClass: 45872K(47792K)->45872K(47792K) Class: 5772K(7424K)->5772K(7424K)
[2025-10-30T18:47:54.281+0000][gc            ] GC(263) Pause Young (Normal) (G1 Evacuation Pause) 380M->345M(512M) 12.919ms
[2025-10-30T18:47:54.281+0000][gc,cpu        ] GC(263) User=0.02s Sys=0.00s Real=0.01s
[2025-10-30T18:48:08.581+0000][gc,start      ] GC(264) Pause Young (Normal) (G1 Evacuation Pause)
[2025-10-30T18:48:08.581+0000][gc,task       ] GC(264) Using 2 workers of 2 for evacuation
[2025-10-30T18:48:08.596+0000][gc,phases     ] GC(264)   Pre Evacuate Collection Set: 0.0ms
[2025-10-30T18:48:08.596+0000][gc,phases     ] GC(264)   Evacuate Collection Set: 13.4ms
[2025-10-30T18:48:08.596+0000][gc,phases     ] GC(264)   Post Evacuate Collection Set: 1.0ms
[2025-10-30T18:48:08.597+0000][gc,phases     ] GC(264)   Other: 0.6ms
[2025-10-30T18:48:08.597+0000][gc,heap       ] GC(264) Eden regions: 37->0(44)
[2025-10-30T18:48:08.597+0000][gc,heap       ] GC(264) Survivor regions: 3->4(5)
[2025-10-30T18:48:08.597+0000][gc,heap       ] GC(264) Old regions: 197->197
[2025-10-30T18:48:08.597+0000][gc,heap       ] GC(264) Humongous regions: 147->147
[2025-10-30T18:48:08.597+0000][gc,metaspace  ] GC(264) Metaspace: 51644K(55216K)->51644K(55216K) NonClass: 45872K(47792K)->45872K(47792K) Class: 5772K(7424K)->5772K(7424K)
[2025-10-30T18:48:08.598+0000][gc            ] GC(264) Pause Young (Normal) (G1 Evacuation Pause) 382M->347M(512M) 16.516ms
[2025-10-30T18:48:08.598+0000][gc,cpu        ] GC(264) User=0.03s Sys=0.00s Real=0.02s
[2025-10-30T18:48:22.341+0000][gc,start      ] GC(265) Pause Young (Normal) (G1 Evacuation Pause)
[2025-10-30T18:48:22.341+0000][gc,task       ] GC(265) Using 2 workers of 2 for evacuation
[2025-10-30T18:48:22.361+0000][gc,phases     ] GC(265)   Pre Evacuate Collection Set: 0.0ms
[2025-10-30T18:48:22.368+0000][gc,phases     ] GC(265)   Evacuate Collection Set: 18.4ms
[2025-10-30T18:48:22.370+0000][gc,phases     ] GC(265)   Post Evacuate Collection Set: 1.0ms
[2025-10-30T18:48:22.370+0000][gc,phases     ] GC(265)   Other: 0.7ms
[2025-10-30T18:48:22.371+0000][gc,heap       ] GC(265) Eden regions: 32->0(42)
[2025-10-30T18:48:22.371+0000][gc,heap       ] GC(265) Survivor regions: 4->4(5)
[2025-10-30T18:48:22.371+0000][gc,heap       ] GC(265) Old regions: 197->198
[2025-10-30T18:48:22.371+0000][gc,heap       ] GC(265) Humongous regions: 147->147
[2025-10-30T18:48:22.372+0000][gc,metaspace  ] GC(265) Metaspace: 51647K(55216K)->51647K(55216K) NonClass: 45874K(47792K)->45874K(47792K) Class: 5772K(7424K)->5772K(7424K)
[2025-10-30T18:48:22.372+0000][gc            ] GC(265) Pause Young (Normal) (G1 Evacuation Pause) 379M->348M(512M) 30.919ms
[2025-10-30T18:48:22.372+0000][gc,cpu        ] GC(265) User=0.04s Sys=0.00s Real=0.04s
[2025-10-30T18:48:37.253+0000][gc,start      ] GC(266) Pause Young (Normal) (G1 Evacuation Pause)
[2025-10-30T18:48:37.254+0000][gc,task       ] GC(266) Using 2 workers of 2 for evacuation
[2025-10-30T18:48:37.277+0000][gc,mmu        ] GC(266) MMU target violated: 21.0ms (20.0ms/21.0ms)
[2025-10-30T18:48:37.277+0000][gc,phases     ] GC(266)   Pre Evacuate Collection Set: 0.1ms
[2025-10-30T18:48:37.278+0000][gc,phases     ] GC(266)   Evacuate Collection Set: 20.3ms
[2025-10-30T18:48:37.278+0000][gc,phases     ] GC(266)   Post Evacuate Collection Set: 1.0ms
[2025-10-30T18:48:37.278+0000][gc,phases     ] GC(266)   Other: 2.5ms
[2025-10-30T18:48:37.278+0000][gc,heap       ] GC(266) Eden regions: 31->0(37)
[2025-10-30T18:48:37.279+0000][gc,heap       ] GC(266) Survivor regions: 4->4(5)
[2025-10-30T18:48:37.279+0000][gc,heap       ] GC(266) Old regions: 198->199
[2025-10-30T18:48:37.279+0000][gc,heap       ] GC(266) Humongous regions: 147->147
[2025-10-30T18:48:37.279+0000][gc,metaspace  ] GC(266) Metaspace: 51647K(55216K)->51647K(55216K) NonClass: 45874K(47792K)->45874K(47792K) Class: 5772K(7424K)->5772K(7424K)
[2025-10-30T18:48:37.280+0000][gc            ] GC(266) Pause Young (Normal) (G1 Evacuation Pause) 379M->349M(512M) 26.173ms
[2025-10-30T18:48:37.280+0000][gc,cpu        ] GC(266) User=0.05s Sys=0.00s Real=0.02s
[2025-10-30T18:48:51.124+0000][gc,start      ] GC(267) Pause Young (Normal) (G1 Evacuation Pause)
[2025-10-30T18:48:51.125+0000][gc,task       ] GC(267) Using 2 workers of 2 for evacuation
[2025-10-30T18:48:51.145+0000][gc,mmu        ] GC(267) MMU target violated: 20.3ms (20.0ms/21.0ms)
[2025-10-30T18:48:51.146+0000][gc,phases     ] GC(267)   Pre Evacuate Collection Set: 0.0ms
[2025-10-30T18:48:51.146+0000][gc,phases     ] GC(267)   Evacuate Collection Set: 18.9ms
[2025-10-30T18:48:51.146+0000][gc,phases     ] GC(267)   Post Evacuate Collection Set: 1.2ms
[2025-10-30T18:48:51.146+0000][gc,phases     ] GC(267)   Other: 1.3ms
[2025-10-30T18:48:51.147+0000][gc,heap       ] GC(267) Eden regions: 29->0(32)
[2025-10-30T18:48:51.147+0000][gc,heap       ] GC(267) Survivor regions: 4->3(5)
[2025-10-30T18:48:51.147+0000][gc,heap       ] GC(267) Old regions: 199->200
[2025-10-30T18:48:51.147+0000][gc,heap       ] GC(267) Humongous regions: 147->147
[2025-10-30T18:48:51.148+0000][gc,metaspace  ] GC(267) Metaspace: 51647K(55216K)->51647K(55216K) NonClass: 45874K(47792K)->45874K(47792K) Class: 5772K(7424K)->5772K(7424K)
[2025-10-30T18:48:51.148+0000][gc            ] GC(267) Pause Young (Normal) (G1 Evacuation Pause) 378M->348M(512M) 23.637ms
[2025-10-30T18:48:51.148+0000][gc,cpu        ] GC(267) User=0.04s Sys=0.00s Real=0.02s
[2025-10-30T18:49:04.004+0000][gc,start      ] GC(268) Pause Young (Normal) (G1 Evacuation Pause)
[2025-10-30T18:49:04.004+0000][gc,task       ] GC(268) Using 2 workers of 2 for evacuation
[2025-10-30T18:49:04.020+0000][gc,phases     ] GC(268)   Pre Evacuate Collection Set: 0.0ms
[2025-10-30T18:49:04.020+0000][gc,phases     ] GC(268)   Evacuate Collection Set: 14.2ms
[2025-10-30T18:49:04.021+0000][gc,phases     ] GC(268)   Post Evacuate Collection Set: 1.0ms
[2025-10-30T18:49:04.021+0000][gc,phases     ] GC(268)   Other: 0.9ms
[2025-10-30T18:49:04.021+0000][gc,heap       ] GC(268) Eden regions: 29->0(33)
[2025-10-30T18:49:04.022+0000][gc,heap       ] GC(268) Survivor regions: 3->3(4)
[2025-10-30T18:49:04.022+0000][gc,heap       ] GC(268) Old regions: 200->201
[2025-10-30T18:49:04.022+0000][gc,heap       ] GC(268) Humongous regions: 147->147
[2025-10-30T18:49:04.022+0000][gc,metaspace  ] GC(268) Metaspace: 51647K(55216K)->51647K(55216K) NonClass: 45874K(47792K)->45874K(47792K) Class: 5772K(7424K)->5772K(7424K)
[2025-10-30T18:49:04.023+0000][gc            ] GC(268) Pause Young (Normal) (G1 Evacuation Pause) 377M->349M(512M) 18.953ms
[2025-10-30T18:49:04.023+0000][gc,cpu        ] GC(268) User=0.03s Sys=0.00s Real=0.01s
[2025-10-30T18:49:17.561+0000][gc,start      ] GC(269) Pause Young (Normal) (G1 Evacuation Pause)
[2025-10-30T18:49:17.561+0000][gc,task       ] GC(269) Using 2 workers of 2 for evacuation
[2025-10-30T18:49:17.580+0000][gc,phases     ] GC(269)   Pre Evacuate Collection Set: 0.1ms
[2025-10-30T18:49:17.580+0000][gc,phases     ] GC(269)   Evacuate Collection Set: 17.2ms
[2025-10-30T18:49:17.580+0000][gc,phases     ] GC(269)   Post Evacuate Collection Set: 1.0ms
[2025-10-30T18:49:17.583+0000][gc,phases     ] GC(269)   Other: 0.9ms
[2025-10-30T18:49:17.583+0000][gc,heap       ] GC(269) Eden regions: 27->0(32)
[2025-10-30T18:49:17.583+0000][gc,heap       ] GC(269) Survivor regions: 3->4(4)
[2025-10-30T18:49:17.584+0000][gc,heap       ] GC(269) Old regions: 201->201
[2025-10-30T18:49:17.584+0000][gc,heap       ] GC(269) Humongous regions: 147->147
[2025-10-30T18:49:17.584+0000][gc,metaspace  ] GC(269) Metaspace: 51647K(55216K)->51647K(55216K) NonClass: 45874K(47792K)->45874K(47792K) Class: 5772K(7424K)->5772K(7424K)
[2025-10-30T18:49:17.584+0000][gc            ] GC(269) Pause Young (Normal) (G1 Evacuation Pause) 376M->351M(512M) 23.865ms
[2025-10-30T18:49:17.585+0000][gc,cpu        ] GC(269) User=0.04s Sys=0.00s Real=0.03s
[2025-10-30T18:49:23.553+0000][gc,start      ] GC(270) Pause Young (Normal) (G1 Evacuation Pause)
[2025-10-30T18:49:23.553+0000][gc,task       ] GC(270) Using 2 workers of 2 for evacuation
[2025-10-30T18:49:23.585+0000][gc,mmu        ] GC(270) MMU target violated: 21.0ms (20.0ms/21.0ms)
[2025-10-30T18:49:23.586+0000][gc,phases     ] GC(270)   Pre Evacuate Collection Set: 0.0ms
[2025-10-30T18:49:23.586+0000][gc,phases     ] GC(270)   Evacuate Collection Set: 30.4ms
[2025-10-30T18:49:23.586+0000][gc,phases     ] GC(270)   Post Evacuate Collection Set: 1.1ms
[2025-10-30T18:49:23.586+0000][gc,phases     ] GC(270)   Other: 1.0ms
[2025-10-30T18:49:23.586+0000][gc,heap       ] GC(270) Eden regions: 21->0(21)
[2025-10-30T18:49:23.587+0000][gc,heap       ] GC(270) Survivor regions: 4->4(4)
[2025-10-30T18:49:23.587+0000][gc,heap       ] GC(270) Old regions: 201->205
[2025-10-30T18:49:23.587+0000][gc,heap       ] GC(270) Humongous regions: 147->147
[2025-10-30T18:49:23.587+0000][gc,metaspace  ] GC(270) Metaspace: 51783K(55472K)->51783K(55472K) NonClass: 45983K(48048K)->45983K(48048K) Class: 5800K(7424K)->5800K(7424K)
[2025-10-30T18:49:23.588+0000][gc            ] GC(270) Pause Young (Normal) (G1 Evacuation Pause) 372M->355M(512M) 34.598ms
[2025-10-30T18:49:23.588+0000][gc,cpu        ] GC(270) User=0.06s Sys=0.00s Real=0.04s
[2025-10-30T18:49:32.960+0000][gc,start      ] GC(271) Pause Young (Normal) (G1 Evacuation Pause)
[2025-10-30T18:49:32.961+0000][gc,task       ] GC(271) Using 2 workers of 2 for evacuation
[2025-10-30T18:49:32.973+0000][gc,phases     ] GC(271)   Pre Evacuate Collection Set: 0.0ms
[2025-10-30T18:49:32.974+0000][gc,phases     ] GC(271)   Evacuate Collection Set: 11.0ms
[2025-10-30T18:49:32.974+0000][gc,phases     ] GC(271)   Post Evacuate Collection Set: 0.9ms
[2025-10-30T18:49:32.974+0000][gc,phases     ] GC(271)   Other: 1.1ms
[2025-10-30T18:49:32.974+0000][gc,heap       ] GC(271) Eden regions: 21->0(24)
[2025-10-30T18:49:32.975+0000][gc,heap       ] GC(271) Survivor regions: 4->1(4)
[2025-10-30T18:49:32.975+0000][gc,heap       ] GC(271) Old regions: 205->209
[2025-10-30T18:49:32.975+0000][gc,heap       ] GC(271) Humongous regions: 147->147
[2025-10-30T18:49:32.975+0000][gc,metaspace  ] GC(271) Metaspace: 51784K(55472K)->51784K(55472K) NonClass: 45984K(48048K)->45984K(48048K) Class: 5800K(7424K)->5800K(7424K)
[2025-10-30T18:49:32.975+0000][gc            ] GC(271) Pause Young (Normal) (G1 Evacuation Pause) 376M->356M(512M) 14.974ms
[2025-10-30T18:49:32.976+0000][gc,cpu        ] GC(271) User=0.02s Sys=0.00s Real=0.02s
[2025-10-30T18:49:42.778+0000][gc,start      ] GC(272) Pause Young (Normal) (G1 Evacuation Pause)
[2025-10-30T18:49:42.778+0000][gc,task       ] GC(272) Using 2 workers of 2 for evacuation
[2025-10-30T18:49:42.784+0000][gc,phases     ] GC(272)   Pre Evacuate Collection Set: 0.0ms
[2025-10-30T18:49:42.784+0000][gc,phases     ] GC(272)   Evacuate Collection Set: 4.4ms
[2025-10-30T18:49:42.784+0000][gc,phases     ] GC(272)   Post Evacuate Collection Set: 0.5ms
[2025-10-30T18:49:42.784+0000][gc,phases     ] GC(272)   Other: 0.5ms
[2025-10-30T18:49:42.784+0000][gc,heap       ] GC(272) Eden regions: 24->0(26)
[2025-10-30T18:49:42.784+0000][gc,heap       ] GC(272) Survivor regions: 1->1(4)
[2025-10-30T18:49:42.785+0000][gc,heap       ] GC(272) Old regions: 209->209
[2025-10-30T18:49:42.785+0000][gc,heap       ] GC(272) Humongous regions: 147->147
[2025-10-30T18:49:42.785+0000][gc,metaspace  ] GC(272) Metaspace: 51785K(55472K)->51785K(55472K) NonClass: 45984K(48048K)->45984K(48048K) Class: 5800K(7424K)->5800K(7424K)
[2025-10-30T18:49:42.785+0000][gc            ] GC(272) Pause Young (Normal) (G1 Evacuation Pause) 380M->356M(512M) 7.010ms
[2025-10-30T18:49:42.785+0000][gc,cpu        ] GC(272) User=0.01s Sys=0.00s Real=0.01s
[2025-10-30T18:49:53.329+0000][gc,start      ] GC(273) Pause Young (Normal) (G1 Evacuation Pause)
[2025-10-30T18:49:53.329+0000][gc,task       ] GC(273) Using 2 workers of 2 for evacuation
[2025-10-30T18:49:53.336+0000][gc,phases     ] GC(273)   Pre Evacuate Collection Set: 0.0ms
[2025-10-30T18:49:53.336+0000][gc,phases     ] GC(273)   Evacuate Collection Set: 5.8ms
[2025-10-30T18:49:53.337+0000][gc,phases     ] GC(273)   Post Evacuate Collection Set: 0.8ms
[2025-10-30T18:49:53.337+0000][gc,phases     ] GC(273)   Other: 0.5ms
[2025-10-30T18:49:53.337+0000][gc,heap       ] GC(273) Eden regions: 26->0(28)
[2025-10-30T18:49:53.337+0000][gc,heap       ] GC(273) Survivor regions: 1->2(4)
[2025-10-30T18:49:53.337+0000][gc,heap       ] GC(273) Old regions: 209->209
[2025-10-30T18:49:53.337+0000][gc,heap       ] GC(273) Humongous regions: 147->147
[2025-10-30T18:49:53.337+0000][gc,metaspace  ] GC(273) Metaspace: 51789K(55472K)->51789K(55472K) NonClass: 45989K(48048K)->45989K(48048K) Class: 5800K(7424K)->5800K(7424K)
[2025-10-30T18:49:53.338+0000][gc            ] GC(273) Pause Young (Normal) (G1 Evacuation Pause) 382M->357M(512M) 8.620ms
[2025-10-30T18:49:53.338+0000][gc,cpu        ] GC(273) User=0.01s Sys=0.00s Real=0.01s
[2025-10-30T18:50:04.003+0000][gc,start      ] GC(274) Pause Young (Normal) (G1 Evacuation Pause)
[2025-10-30T18:50:04.003+0000][gc,task       ] GC(274) Using 2 workers of 2 for evacuation
[2025-10-30T18:50:04.012+0000][gc,phases     ] GC(274)   Pre Evacuate Collection Set: 0.0ms
[2025-10-30T18:50:04.012+0000][gc,phases     ] GC(274)   Evacuate Collection Set: 7.4ms
[2025-10-30T18:50:04.012+0000][gc,phases     ] GC(274)   Post Evacuate Collection Set: 0.7ms
[2025-10-30T18:50:04.013+0000][gc,phases     ] GC(274)   Other: 0.9ms
[2025-10-30T18:50:04.013+0000][gc,heap       ] GC(274) Eden regions: 28->0(30)
[2025-10-30T18:50:04.013+0000][gc,heap       ] GC(274) Survivor regions: 2->3(4)
[2025-10-30T18:50:04.013+0000][gc,heap       ] GC(274) Old regions: 209->209
[2025-10-30T18:50:04.013+0000][gc,heap       ] GC(274) Humongous regions: 147->147
[2025-10-30T18:50:04.014+0000][gc,metaspace  ] GC(274) Metaspace: 51789K(55472K)->51789K(55472K) NonClass: 45989K(48048K)->45989K(48048K) Class: 5800K(7424K)->5800K(7424K)
[2025-10-30T18:50:04.014+0000][gc            ] GC(274) Pause Young (Normal) (G1 Evacuation Pause) 385M->358M(512M) 10.877ms
[2025-10-30T18:50:04.014+0000][gc,cpu        ] GC(274) User=0.02s Sys=0.00s Real=0.01s
[2025-10-30T18:50:16.848+0000][gc,start      ] GC(275) Pause Young (Normal) (G1 Evacuation Pause)
[2025-10-30T18:50:16.848+0000][gc,task       ] GC(275) Using 2 workers of 2 for evacuation
[2025-10-30T18:50:16.859+0000][gc,phases     ] GC(275)   Pre Evacuate Collection Set: 0.0ms
[2025-10-30T18:50:16.859+0000][gc,phases     ] GC(275)   Evacuate Collection Set: 9.7ms
[2025-10-30T18:50:16.859+0000][gc,phases     ] GC(275)   Post Evacuate Collection Set: 0.7ms
[2025-10-30T18:50:16.859+0000][gc,phases     ] GC(275)   Other: 0.8ms
[2025-10-30T18:50:16.859+0000][gc,heap       ] GC(275) Eden regions: 30->0(32)
[2025-10-30T18:50:16.860+0000][gc,heap       ] GC(275) Survivor regions: 3->4(5)
[2025-10-30T18:50:16.860+0000][gc,heap       ] GC(275) Old regions: 209->210
[2025-10-30T18:50:16.860+0000][gc,heap       ] GC(275) Humongous regions: 147->147
[2025-10-30T18:50:16.860+0000][gc,metaspace  ] GC(275) Metaspace: 51789K(55472K)->51789K(55472K) NonClass: 45989K(48048K)->45989K(48048K) Class: 5800K(7424K)->5800K(7424K)
[2025-10-30T18:50:16.860+0000][gc            ] GC(275) Pause Young (Normal) (G1 Evacuation Pause) 388M->359M(512M) 12.852ms
[2025-10-30T18:50:16.861+0000][gc,cpu        ] GC(275) User=0.02s Sys=0.00s Real=0.01s
[2025-10-30T18:50:31.221+0000][gc,start      ] GC(276) Pause Young (Normal) (G1 Evacuation Pause)
[2025-10-30T18:50:31.222+0000][gc,task       ] GC(276) Using 2 workers of 2 for evacuation
[2025-10-30T18:50:31.236+0000][gc,phases     ] GC(276)   Pre Evacuate Collection Set: 0.0ms
[2025-10-30T18:50:31.236+0000][gc,phases     ] GC(276)   Evacuate Collection Set: 12.5ms
[2025-10-30T18:50:31.236+0000][gc,phases     ] GC(276)   Post Evacuate Collection Set: 1.1ms
[2025-10-30T18:50:31.237+0000][gc,phases     ] GC(276)   Other: 0.9ms
[2025-10-30T18:50:31.237+0000][gc,heap       ] GC(276) Eden regions: 32->0(34)
[2025-10-30T18:50:31.237+0000][gc,heap       ] GC(276) Survivor regions: 4->4(5)
[2025-10-30T18:50:31.238+0000][gc,heap       ] GC(276) Old regions: 210->211
[2025-10-30T18:50:31.238+0000][gc,heap       ] GC(276) Humongous regions: 147->147
[2025-10-30T18:50:31.238+0000][gc,metaspace  ] GC(276) Metaspace: 51812K(55472K)->51812K(55472K) NonClass: 46003K(48048K)->46003K(48048K) Class: 5808K(7424K)->5808K(7424K)
[2025-10-30T18:50:31.238+0000][gc            ] GC(276) Pause Young (Normal) (G1 Evacuation Pause) 391M->361M(512M) 16.856ms
[2025-10-30T18:50:31.238+0000][gc,cpu        ] GC(276) User=0.02s Sys=0.00s Real=0.02s
[2025-10-30T18:50:48.070+0000][gc,start      ] GC(277) Pause Young (Normal) (G1 Evacuation Pause)
[2025-10-30T18:50:48.071+0000][gc,task       ] GC(277) Using 2 workers of 2 for evacuation
[2025-10-30T18:50:48.084+0000][gc,phases     ] GC(277)   Pre Evacuate Collection Set: 0.0ms
[2025-10-30T18:50:48.084+0000][gc,phases     ] GC(277)   Evacuate Collection Set: 11.3ms
[2025-10-30T18:50:48.084+0000][gc,phases     ] GC(277)   Post Evacuate Collection Set: 0.9ms
[2025-10-30T18:50:48.084+0000][gc,phases     ] GC(277)   Other: 1.4ms
[2025-10-30T18:50:48.085+0000][gc,heap       ] GC(277) Eden regions: 34->0(34)
[2025-10-30T18:50:48.085+0000][gc,heap       ] GC(277) Survivor regions: 4->3(5)
[2025-10-30T18:50:48.085+0000][gc,heap       ] GC(277) Old regions: 211->212
[2025-10-30T18:50:48.085+0000][gc,heap       ] GC(277) Humongous regions: 147->147
[2025-10-30T18:50:48.085+0000][gc,metaspace  ] GC(277) Metaspace: 51812K(55472K)->51812K(55472K) NonClass: 46004K(48048K)->46004K(48048K) Class: 5808K(7424K)->5808K(7424K)
[2025-10-30T18:50:48.086+0000][gc            ] GC(277) Pause Young (Normal) (G1 Evacuation Pause) 395M->360M(512M) 15.600ms
[2025-10-30T18:50:48.086+0000][gc,cpu        ] GC(277) User=0.02s Sys=0.00s Real=0.01s
[2025-10-30T18:51:04.610+0000][gc,start      ] GC(278) Pause Young (Normal) (G1 Evacuation Pause)
[2025-10-30T18:51:04.610+0000][gc,task       ] GC(278) Using 2 workers of 2 for evacuation
[2025-10-30T18:51:04.629+0000][gc,phases     ] GC(278)   Pre Evacuate Collection Set: 0.0ms
[2025-10-30T18:51:04.630+0000][gc,phases     ] GC(278)   Evacuate Collection Set: 17.5ms
[2025-10-30T18:51:04.630+0000][gc,phases     ] GC(278)   Post Evacuate Collection Set: 1.1ms
[2025-10-30T18:51:04.630+0000][gc,phases     ] GC(278)   Other: 1.2ms
[2025-10-30T18:51:04.631+0000][gc,heap       ] GC(278) Eden regions: 34->0(31)
[2025-10-30T18:51:04.631+0000][gc,heap       ] GC(278) Survivor regions: 3->4(5)
[2025-10-30T18:51:04.631+0000][gc,heap       ] GC(278) Old regions: 212->212
[2025-10-30T18:51:04.632+0000][gc,heap       ] GC(278) Humongous regions: 147->147
[2025-10-30T18:51:04.632+0000][gc,metaspace  ] GC(278) Metaspace: 51812K(55472K)->51812K(55472K) NonClass: 46004K(48048K)->46004K(48048K) Class: 5808K(7424K)->5808K(7424K)
[2025-10-30T18:51:04.633+0000][gc            ] GC(278) Pause Young (Normal) (G1 Evacuation Pause) 394M->362M(512M) 23.097ms
[2025-10-30T18:51:04.633+0000][gc,cpu        ] GC(278) User=0.04s Sys=0.00s Real=0.02s
[2025-10-30T18:51:19.345+0000][gc,start      ] GC(279) Pause Young (Normal) (G1 Evacuation Pause)
[2025-10-30T18:51:19.346+0000][gc,task       ] GC(279) Using 2 workers of 2 for evacuation
[2025-10-30T18:51:19.366+0000][gc,phases     ] GC(279)   Pre Evacuate Collection Set: 0.1ms
[2025-10-30T18:51:19.367+0000][gc,phases     ] GC(279)   Evacuate Collection Set: 18.6ms
[2025-10-30T18:51:19.368+0000][gc,phases     ] GC(279)   Post Evacuate Collection Set: 1.0ms
[2025-10-30T18:51:19.368+0000][gc,phases     ] GC(279)   Other: 2.1ms
[2025-10-30T18:51:19.369+0000][gc,heap       ] GC(279) Eden regions: 31->0(30)
[2025-10-30T18:51:19.370+0000][gc,heap       ] GC(279) Survivor regions: 4->4(5)
[2025-10-30T18:51:19.370+0000][gc,heap       ] GC(279) Old regions: 212->213
[2025-10-30T18:51:19.370+0000][gc,heap       ] GC(279) Humongous regions: 147->147
[2025-10-30T18:51:19.370+0000][gc,metaspace  ] GC(279) Metaspace: 51812K(55472K)->51812K(55472K) NonClass: 46004K(48048K)->46004K(48048K) Class: 5808K(7424K)->5808K(7424K)
[2025-10-30T18:51:19.371+0000][gc            ] GC(279) Pause Young (Normal) (G1 Evacuation Pause) 393M->363M(512M) 25.824ms
[2025-10-30T18:51:19.371+0000][gc,cpu        ] GC(279) User=0.04s Sys=0.00s Real=0.03s
[2025-10-30T18:51:31.354+0000][gc,start      ] GC(280) Pause Young (Normal) (G1 Evacuation Pause)
[2025-10-30T18:51:31.354+0000][gc,task       ] GC(280) Using 2 workers of 2 for evacuation
[2025-10-30T18:51:31.369+0000][gc,phases     ] GC(280)   Pre Evacuate Collection Set: 0.0ms
[2025-10-30T18:51:31.369+0000][gc,phases     ] GC(280)   Evacuate Collection Set: 13.7ms
[2025-10-30T18:51:31.369+0000][gc,phases     ] GC(280)   Post Evacuate Collection Set: 0.9ms
[2025-10-30T18:51:31.370+0000][gc,phases     ] GC(280)   Other: 0.7ms
[2025-10-30T18:51:31.370+0000][gc,heap       ] GC(280) Eden regions: 30->0(32)
[2025-10-30T18:51:31.370+0000][gc,heap       ] GC(280) Survivor regions: 4->4(5)
[2025-10-30T18:51:31.370+0000][gc,heap       ] GC(280) Old regions: 213->214
[2025-10-30T18:51:31.371+0000][gc,heap       ] GC(280) Humongous regions: 147->147
[2025-10-30T18:51:31.371+0000][gc,metaspace  ] GC(280) Metaspace: 51814K(55472K)->51814K(55472K) NonClass: 46006K(48048K)->46006K(48048K) Class: 5808K(7424K)->5808K(7424K)
[2025-10-30T18:51:31.371+0000][gc            ] GC(280) Pause Young (Normal) (G1 Evacuation Pause) 393M->364M(512M) 17.506ms
[2025-10-30T18:51:31.372+0000][gc,cpu        ] GC(280) User=0.03s Sys=0.00s Real=0.02s
[2025-10-30T18:51:42.448+0000][gc,start      ] GC(281) Pause Young (Normal) (G1 Evacuation Pause)
[2025-10-30T18:51:42.448+0000][gc,task       ] GC(281) Using 2 workers of 2 for evacuation
[2025-10-30T18:51:42.459+0000][gc,phases     ] GC(281)   Pre Evacuate Collection Set: 0.0ms
[2025-10-30T18:51:42.459+0000][gc,phases     ] GC(281)   Evacuate Collection Set: 9.8ms
[2025-10-30T18:51:42.459+0000][gc,phases     ] GC(281)   Post Evacuate Collection Set: 0.9ms
[2025-10-30T18:51:42.460+0000][gc,phases     ] GC(281)   Other: 0.6ms
[2025-10-30T18:51:42.460+0000][gc,heap       ] GC(281) Eden regions: 27->0(34)
[2025-10-30T18:51:42.460+0000][gc,heap       ] GC(281) Survivor regions: 4->2(4)
[2025-10-30T18:51:42.461+0000][gc,heap       ] GC(281) Old regions: 214->216
[2025-10-30T18:51:42.461+0000][gc,heap       ] GC(281) Humongous regions: 147->147
[2025-10-30T18:51:42.461+0000][gc,metaspace  ] GC(281) Metaspace: 51814K(55472K)->51814K(55472K) NonClass: 46006K(48048K)->46006K(48048K) Class: 5808K(7424K)->5808K(7424K)
[2025-10-30T18:51:42.461+0000][gc            ] GC(281) Pause Young (Normal) (G1 Evacuation Pause) 391M->364M(512M) 13.475ms
[2025-10-30T18:51:42.461+0000][gc,cpu        ] GC(281) User=0.02s Sys=0.00s Real=0.02s
[2025-10-30T18:51:55.160+0000][gc,start      ] GC(282) Pause Young (Normal) (G1 Evacuation Pause)
[2025-10-30T18:51:55.161+0000][gc,task       ] GC(282) Using 2 workers of 2 for evacuation
[2025-10-30T18:51:55.172+0000][gc,phases     ] GC(282)   Pre Evacuate Collection Set: 0.0ms
[2025-10-30T18:51:55.172+0000][gc,phases     ] GC(282)   Evacuate Collection Set: 9.3ms
[2025-10-30T18:51:55.172+0000][gc,phases     ] GC(282)   Post Evacuate Collection Set: 0.9ms
[2025-10-30T18:51:55.172+0000][gc,phases     ] GC(282)   Other: 1.6ms
[2025-10-30T18:51:55.172+0000][gc,heap       ] GC(282) Eden regions: 31->0(35)
[2025-10-30T18:51:55.173+0000][gc,heap       ] GC(282) Survivor regions: 2->3(5)
[2025-10-30T18:51:55.173+0000][gc,heap       ] GC(282) Old regions: 216->216
[2025-10-30T18:51:55.173+0000][gc,heap       ] GC(282) Humongous regions: 147->147
[2025-10-30T18:51:55.173+0000][gc,metaspace  ] GC(282) Metaspace: 51814K(55472K)->51814K(55472K) NonClass: 46006K(48048K)->46006K(48048K) Class: 5808K(7424K)->5808K(7424K)
[2025-10-30T18:51:55.174+0000][gc            ] GC(282) Pause Young (Normal) (G1 Evacuation Pause) 395M->365M(512M) 13.761ms
[2025-10-30T18:51:55.174+0000][gc,cpu        ] GC(282) User=0.02s Sys=0.00s Real=0.01s
[2025-10-30T18:52:09.155+0000][gc,start      ] GC(283) Pause Young (Normal) (G1 Evacuation Pause)
[2025-10-30T18:52:09.156+0000][gc,task       ] GC(283) Using 2 workers of 2 for evacuation
[2025-10-30T18:52:09.168+0000][gc,phases     ] GC(283)   Pre Evacuate Collection Set: 0.0ms
[2025-10-30T18:52:09.169+0000][gc,phases     ] GC(283)   Evacuate Collection Set: 11.6ms
[2025-10-30T18:52:09.169+0000][gc,phases     ] GC(283)   Post Evacuate Collection Set: 0.8ms
[2025-10-30T18:52:09.169+0000][gc,phases     ] GC(283)   Other: 0.6ms
[2025-10-30T18:52:09.169+0000][gc,heap       ] GC(283) Eden regions: 31->0(37)
[2025-10-30T18:52:09.170+0000][gc,heap       ] GC(283) Survivor regions: 3->4(5)
[2025-10-30T18:52:09.170+0000][gc,heap       ] GC(283) Old regions: 216->217
[2025-10-30T18:52:09.170+0000][gc,heap       ] GC(283) Humongous regions: 147->147
[2025-10-30T18:52:09.170+0000][gc,metaspace  ] GC(283) Metaspace: 51814K(55472K)->51814K(55472K) NonClass: 46006K(48048K)->46006K(48048K) Class: 5808K(7424K)->5808K(7424K)
[2025-10-30T18:52:09.170+0000][gc            ] GC(283) Pause Young (Normal) (G1 Evacuation Pause) 396M->366M(512M) 14.945ms
[2025-10-30T18:52:09.171+0000][gc,cpu        ] GC(283) User=0.02s Sys=0.00s Real=0.02s
[2025-10-30T18:52:24.272+0000][gc,start      ] GC(284) Pause Young (Normal) (G1 Evacuation Pause)
[2025-10-30T18:52:24.274+0000][gc,task       ] GC(284) Using 2 workers of 2 for evacuation
[2025-10-30T18:52:24.290+0000][gc,phases     ] GC(284)   Pre Evacuate Collection Set: 0.0ms
[2025-10-30T18:52:24.290+0000][gc,phases     ] GC(284)   Evacuate Collection Set: 14.3ms
[2025-10-30T18:52:24.290+0000][gc,phases     ] GC(284)   Post Evacuate Collection Set: 0.9ms
[2025-10-30T18:52:24.290+0000][gc,phases     ] GC(284)   Other: 2.1ms
[2025-10-30T18:52:24.291+0000][gc,heap       ] GC(284) Eden regions: 32->0(37)
[2025-10-30T18:52:24.291+0000][gc,heap       ] GC(284) Survivor regions: 4->4(5)
[2025-10-30T18:52:24.291+0000][gc,heap       ] GC(284) Old regions: 217->217
[2025-10-30T18:52:24.291+0000][gc,heap       ] GC(284) Humongous regions: 147->147
[2025-10-30T18:52:24.292+0000][gc,metaspace  ] GC(284) Metaspace: 51814K(55472K)->51814K(55472K) NonClass: 46006K(48048K)->46006K(48048K) Class: 5808K(7424K)->5808K(7424K)
[2025-10-30T18:52:24.292+0000][gc            ] GC(284) Pause Young (Normal) (G1 Evacuation Pause) 398M->367M(512M) 19.805ms
[2025-10-30T18:52:24.292+0000][gc,cpu        ] GC(284) User=0.03s Sys=0.00s Real=0.02s
[2025-10-30T18:52:38.794+0000][gc,start      ] GC(285) Pause Young (Normal) (G1 Evacuation Pause)
[2025-10-30T18:52:38.794+0000][gc,task       ] GC(285) Using 2 workers of 2 for evacuation
[2025-10-30T18:52:38.809+0000][gc,phases     ] GC(285)   Pre Evacuate Collection Set: 0.0ms
[2025-10-30T18:52:38.809+0000][gc,phases     ] GC(285)   Evacuate Collection Set: 13.5ms
[2025-10-30T18:52:38.810+0000][gc,phases     ] GC(285)   Post Evacuate Collection Set: 1.0ms
[2025-10-30T18:52:38.810+0000][gc,phases     ] GC(285)   Other: 1.0ms
[2025-10-30T18:52:38.810+0000][gc,heap       ] GC(285) Eden regions: 32->0(37)
[2025-10-30T18:52:38.810+0000][gc,heap       ] GC(285) Survivor regions: 4->3(5)
[2025-10-30T18:52:38.811+0000][gc,heap       ] GC(285) Old regions: 217->218
[2025-10-30T18:52:38.811+0000][gc,heap       ] GC(285) Humongous regions: 147->147
[2025-10-30T18:52:38.811+0000][gc,metaspace  ] GC(285) Metaspace: 51815K(55472K)->51815K(55472K) NonClass: 46006K(48048K)->46006K(48048K) Class: 5808K(7424K)->5808K(7424K)
[2025-10-30T18:52:38.811+0000][gc            ] GC(285) Pause Young (Normal) (G1 Evacuation Pause) 399M->367M(512M) 17.948ms
[2025-10-30T18:52:38.812+0000][gc,cpu        ] GC(285) User=0.03s Sys=0.00s Real=0.02s
[2025-10-30T18:52:52.471+0000][gc,start      ] GC(286) Pause Young (Normal) (G1 Evacuation Pause)
[2025-10-30T18:52:52.471+0000][gc,task       ] GC(286) Using 2 workers of 2 for evacuation
[2025-10-30T18:52:52.485+0000][gc,phases     ] GC(286)   Pre Evacuate Collection Set: 0.0ms
[2025-10-30T18:52:52.485+0000][gc,phases     ] GC(286)   Evacuate Collection Set: 12.4ms
[2025-10-30T18:52:52.485+0000][gc,phases     ] GC(286)   Post Evacuate Collection Set: 0.9ms
[2025-10-30T18:52:52.485+0000][gc,phases     ] GC(286)   Other: 0.7ms
[2025-10-30T18:52:52.485+0000][gc,heap       ] GC(286) Eden regions: 32->0(39)
[2025-10-30T18:52:52.486+0000][gc,heap       ] GC(286) Survivor regions: 3->4(5)
[2025-10-30T18:52:52.486+0000][gc,heap       ] GC(286) Old regions: 218->218
[2025-10-30T18:52:52.486+0000][gc,heap       ] GC(286) Humongous regions: 147->147
[2025-10-30T18:52:52.486+0000][gc,metaspace  ] GC(286) Metaspace: 51816K(55472K)->51816K(55472K) NonClass: 46008K(48048K)->46008K(48048K) Class: 5808K(7424K)->5808K(7424K)
[2025-10-30T18:52:52.487+0000][gc            ] GC(286) Pause Young (Normal) (G1 Evacuation Pause) 399M->368M(512M) 16.037ms
[2025-10-30T18:52:52.487+0000][gc,cpu        ] GC(286) User=0.02s Sys=0.00s Real=0.01s
[2025-10-30T18:53:09.892+0000][gc,start      ] GC(287) Pause Young (Normal) (G1 Evacuation Pause)
[2025-10-30T18:53:09.892+0000][gc,task       ] GC(287) Using 2 workers of 2 for evacuation
[2025-10-30T18:53:09.905+0000][gc,phases     ] GC(287)   Pre Evacuate Collection Set: 0.0ms
[2025-10-30T18:53:09.906+0000][gc,phases     ] GC(287)   Evacuate Collection Set: 12.3ms
[2025-10-30T18:53:09.906+0000][gc,phases     ] GC(287)   Post Evacuate Collection Set: 0.8ms
[2025-10-30T18:53:09.906+0000][gc,phases     ] GC(287)   Other: 0.6ms
[2025-10-30T18:53:09.906+0000][gc,heap       ] GC(287) Eden regions: 39->0(41)
[2025-10-30T18:53:09.906+0000][gc,heap       ] GC(287) Survivor regions: 4->5(6)
[2025-10-30T18:53:09.907+0000][gc,heap       ] GC(287) Old regions: 218->219
[2025-10-30T18:53:09.907+0000][gc,heap       ] GC(287) Humongous regions: 147->147
[2025-10-30T18:53:09.907+0000][gc,metaspace  ] GC(287) Metaspace: 51829K(55472K)->51829K(55472K) NonClass: 46020K(48048K)->46020K(48048K) Class: 5808K(7424K)->5808K(7424K)
[2025-10-30T18:53:09.907+0000][gc            ] GC(287) Pause Young (Normal) (G1 Evacuation Pause) 407M->369M(512M) 15.302ms
[2025-10-30T18:53:09.907+0000][gc,cpu        ] GC(287) User=0.02s Sys=0.00s Real=0.01s
[2025-10-30T18:53:26.696+0000][gc,start      ] GC(288) Pause Young (Normal) (G1 Evacuation Pause)
[2025-10-30T18:53:26.696+0000][gc,task       ] GC(288) Using 2 workers of 2 for evacuation
[2025-10-30T18:53:26.710+0000][gc,phases     ] GC(288)   Pre Evacuate Collection Set: 0.0ms
[2025-10-30T18:53:26.710+0000][gc,phases     ] GC(288)   Evacuate Collection Set: 12.2ms
[2025-10-30T18:53:26.710+0000][gc,phases     ] GC(288)   Post Evacuate Collection Set: 0.9ms
[2025-10-30T18:53:26.710+0000][gc,phases     ] GC(288)   Other: 0.6ms
[2025-10-30T18:53:26.710+0000][gc,heap       ] GC(288) Eden regions: 41->0(44)
[2025-10-30T18:53:26.711+0000][gc,heap       ] GC(288) Survivor regions: 5->3(6)
[2025-10-30T18:53:26.711+0000][gc,heap       ] GC(288) Old regions: 219->220
[2025-10-30T18:53:26.711+0000][gc,heap       ] GC(288) Humongous regions: 147->147
[2025-10-30T18:53:26.711+0000][gc,metaspace  ] GC(288) Metaspace: 51831K(55472K)->51831K(55472K) NonClass: 46023K(48048K)->46023K(48048K) Class: 5808K(7424K)->5808K(7424K)
[2025-10-30T18:53:26.711+0000][gc            ] GC(288) Pause Young (Normal) (G1 Evacuation Pause) 410M->369M(512M) 15.391ms
[2025-10-30T18:53:26.712+0000][gc,cpu        ] GC(288) User=0.02s Sys=0.00s Real=0.02s
[2025-10-30T18:53:40.800+0000][gc,start      ] GC(289) Pause Young (Normal) (G1 Evacuation Pause)
[2025-10-30T18:53:40.800+0000][gc,task       ] GC(289) Using 2 workers of 2 for evacuation
[2025-10-30T18:53:40.812+0000][gc,phases     ] GC(289)   Pre Evacuate Collection Set: 0.0ms
[2025-10-30T18:53:40.812+0000][gc,phases     ] GC(289)   Evacuate Collection Set: 10.5ms
[2025-10-30T18:53:40.813+0000][gc,phases     ] GC(289)   Post Evacuate Collection Set: 0.7ms
[2025-10-30T18:53:40.813+0000][gc,phases     ] GC(289)   Other: 0.6ms
[2025-10-30T18:53:40.813+0000][gc,heap       ] GC(289) Eden regions: 37->0(46)
[2025-10-30T18:53:40.813+0000][gc,heap       ] GC(289) Survivor regions: 3->4(5)
[2025-10-30T18:53:40.813+0000][gc,heap       ] GC(289) Old regions: 220->220
[2025-10-30T18:53:40.814+0000][gc,heap       ] GC(289) Humongous regions: 147->147
[2025-10-30T18:53:40.814+0000][gc,metaspace  ] GC(289) Metaspace: 51831K(55472K)->51831K(55472K) NonClass: 46023K(48048K)->46023K(48048K) Class: 5808K(7424K)->5808K(7424K)
[2025-10-30T18:53:40.814+0000][gc            ] GC(289) Pause Young (Normal) (G1 Evacuation Pause) 406M->370M(512M) 13.702ms
[2025-10-30T18:53:40.814+0000][gc,cpu        ] GC(289) User=0.02s Sys=0.00s Real=0.02s
[2025-10-30T18:53:57.633+0000][gc,start      ] GC(290) Pause Young (Normal) (G1 Evacuation Pause)
[2025-10-30T18:53:57.633+0000][gc,task       ] GC(290) Using 2 workers of 2 for evacuation
[2025-10-30T18:53:57.648+0000][gc,phases     ] GC(290)   Pre Evacuate Collection Set: 0.0ms
[2025-10-30T18:53:57.649+0000][gc,phases     ] GC(290)   Evacuate Collection Set: 13.6ms
[2025-10-30T18:53:57.649+0000][gc,phases     ] GC(290)   Post Evacuate Collection Set: 1.0ms
[2025-10-30T18:53:57.649+0000][gc,phases     ] GC(290)   Other: 0.7ms
[2025-10-30T18:53:57.649+0000][gc,heap       ] GC(290) Eden regions: 41->0(46)
[2025-10-30T18:53:57.649+0000][gc,heap       ] GC(290) Survivor regions: 4->5(6)
[2025-10-30T18:53:57.649+0000][gc,heap       ] GC(290) Old regions: 220->221
[2025-10-30T18:53:57.650+0000][gc,heap       ] GC(290) Humongous regions: 147->147
[2025-10-30T18:53:57.650+0000][gc,metaspace  ] GC(290) Metaspace: 51831K(55472K)->51831K(55472K) NonClass: 46023K(48048K)->46023K(48048K) Class: 5808K(7424K)->5808K(7424K)
[2025-10-30T18:53:57.650+0000][gc            ] GC(290) Pause Young (Normal) (G1 Evacuation Pause) 411M->372M(512M) 16.833ms
[2025-10-30T18:53:57.650+0000][gc,cpu        ] GC(290) User=0.03s Sys=0.00s Real=0.01s
[2025-10-30T18:54:18.799+0000][gc,start      ] GC(291) Pause Young (Normal) (G1 Evacuation Pause)
[2025-10-30T18:54:18.799+0000][gc,task       ] GC(291) Using 2 workers of 2 for evacuation
[2025-10-30T18:54:18.820+0000][gc,mmu        ] GC(291) MMU target violated: 20.5ms (20.0ms/21.0ms)
[2025-10-30T18:54:18.821+0000][gc,phases     ] GC(291)   Pre Evacuate Collection Set: 0.1ms
[2025-10-30T18:54:18.821+0000][gc,phases     ] GC(291)   Evacuate Collection Set: 19.3ms
[2025-10-30T18:54:18.821+0000][gc,phases     ] GC(291)   Post Evacuate Collection Set: 0.9ms
[2025-10-30T18:54:18.821+0000][gc,phases     ] GC(291)   Other: 1.3ms
[2025-10-30T18:54:18.822+0000][gc,heap       ] GC(291) Eden regions: 45->0(45)
[2025-10-30T18:54:18.822+0000][gc,heap       ] GC(291) Survivor regions: 5->6(7)
[2025-10-30T18:54:18.822+0000][gc,heap       ] GC(291) Old regions: 221->222
[2025-10-30T18:54:18.822+0000][gc,heap       ] GC(291) Humongous regions: 147->147
[2025-10-30T18:54:18.822+0000][gc,metaspace  ] GC(291) Metaspace: 51831K(55472K)->51831K(55472K) NonClass: 46023K(48048K)->46023K(48048K) Class: 5808K(7424K)->5808K(7424K)
[2025-10-30T18:54:18.823+0000][gc            ] GC(291) Pause Young (Normal) (G1 Evacuation Pause) 417M->373M(512M) 23.585ms
[2025-10-30T18:54:18.823+0000][gc,cpu        ] GC(291) User=0.04s Sys=0.00s Real=0.03s
[2025-10-30T18:54:36.843+0000][gc,start      ] GC(292) Pause Young (Normal) (G1 Evacuation Pause)
[2025-10-30T18:54:36.844+0000][gc,task       ] GC(292) Using 2 workers of 2 for evacuation
[2025-10-30T18:54:36.862+0000][gc,phases     ] GC(292)   Pre Evacuate Collection Set: 0.0ms
[2025-10-30T18:54:36.862+0000][gc,phases     ] GC(292)   Evacuate Collection Set: 16.8ms
[2025-10-30T18:54:36.863+0000][gc,phases     ] GC(292)   Post Evacuate Collection Set: 0.8ms
[2025-10-30T18:54:36.863+0000][gc,phases     ] GC(292)   Other: 0.9ms
[2025-10-30T18:54:36.863+0000][gc,heap       ] GC(292) Eden regions: 41->0(47)
[2025-10-30T18:54:36.863+0000][gc,heap       ] GC(292) Survivor regions: 6->3(6)
[2025-10-30T18:54:36.864+0000][gc,heap       ] GC(292) Old regions: 222->224
[2025-10-30T18:54:36.864+0000][gc,heap       ] GC(292) Humongous regions: 147->147
[2025-10-30T18:54:36.864+0000][gc,metaspace  ] GC(292) Metaspace: 51831K(55472K)->51831K(55472K) NonClass: 46023K(48048K)->46023K(48048K) Class: 5808K(7424K)->5808K(7424K)
[2025-10-30T18:54:36.864+0000][gc            ] GC(292) Pause Young (Normal) (G1 Evacuation Pause) 414M->373M(512M) 20.938ms
[2025-10-30T18:54:36.865+0000][gc,cpu        ] GC(292) User=0.04s Sys=0.00s Real=0.02s
[2025-10-30T18:54:53.561+0000][gc,start      ] GC(293) Pause Young (Normal) (G1 Evacuation Pause)
[2025-10-30T18:54:53.561+0000][gc,task       ] GC(293) Using 2 workers of 2 for evacuation
[2025-10-30T18:54:53.599+0000][gc,mmu        ] GC(293) MMU target violated: 21.0ms (20.0ms/21.0ms)
[2025-10-30T18:54:53.600+0000][gc,phases     ] GC(293)   Pre Evacuate Collection Set: 0.1ms
[2025-10-30T18:54:53.601+0000][gc,phases     ] GC(293)   Evacuate Collection Set: 31.0ms
[2025-10-30T18:54:53.601+0000][gc,phases     ] GC(293)   Post Evacuate Collection Set: 2.5ms
[2025-10-30T18:54:53.601+0000][gc,phases     ] GC(293)   Other: 5.9ms
[2025-10-30T18:54:53.602+0000][gc,heap       ] GC(293) Eden regions: 38->0(21)
[2025-10-30T18:54:53.602+0000][gc,heap       ] GC(293) Survivor regions: 3->4(6)
[2025-10-30T18:54:53.602+0000][gc,heap       ] GC(293) Old regions: 224->224
[2025-10-30T18:54:53.603+0000][gc,heap       ] GC(293) Humongous regions: 147->147
[2025-10-30T18:54:53.603+0000][gc,metaspace  ] GC(293) Metaspace: 51833K(55472K)->51833K(55472K) NonClass: 46024K(48048K)->46024K(48048K) Class: 5808K(7424K)->5808K(7424K)
[2025-10-30T18:54:53.604+0000][gc            ] GC(293) Pause Young (Normal) (G1 Evacuation Pause) 411M->374M(512M) 42.817ms
[2025-10-30T18:54:53.604+0000][gc,cpu        ] GC(293) User=0.07s Sys=0.00s Real=0.05s
[2025-10-30T18:55:05.153+0000][gc,start      ] GC(294) Pause Young (Normal) (G1 Evacuation Pause)
[2025-10-30T18:55:05.153+0000][gc,task       ] GC(294) Using 2 workers of 2 for evacuation
[2025-10-30T18:55:05.170+0000][gc,phases     ] GC(294)   Pre Evacuate Collection Set: 0.0ms
[2025-10-30T18:55:05.171+0000][gc,phases     ] GC(294)   Evacuate Collection Set: 15.8ms
[2025-10-30T18:55:05.171+0000][gc,phases     ] GC(294)   Post Evacuate Collection Set: 0.8ms
[2025-10-30T18:55:05.171+0000][gc,phases     ] GC(294)   Other: 1.0ms
[2025-10-30T18:55:05.171+0000][gc,heap       ] GC(294) Eden regions: 21->0(22)
[2025-10-30T18:55:05.171+0000][gc,heap       ] GC(294) Survivor regions: 4->3(4)
[2025-10-30T18:55:05.172+0000][gc,heap       ] GC(294) Old regions: 224->226
[2025-10-30T18:55:05.172+0000][gc,heap       ] GC(294) Humongous regions: 147->147
[2025-10-30T18:55:05.172+0000][gc,metaspace  ] GC(294) Metaspace: 51833K(55472K)->51833K(55472K) NonClass: 46024K(48048K)->46024K(48048K) Class: 5808K(7424K)->5808K(7424K)
[2025-10-30T18:55:05.172+0000][gc            ] GC(294) Pause Young (Normal) (G1 Evacuation Pause) 395M->375M(512M) 19.481ms
[2025-10-30T18:55:05.172+0000][gc,cpu        ] GC(294) User=0.03s Sys=0.00s Real=0.02s
[2025-10-30T18:55:14.837+0000][gc,start      ] GC(295) Pause Young (Normal) (G1 Evacuation Pause)
[2025-10-30T18:55:14.838+0000][gc,task       ] GC(295) Using 2 workers of 2 for evacuation
[2025-10-30T18:55:14.854+0000][gc,phases     ] GC(295)   Pre Evacuate Collection Set: 0.0ms
[2025-10-30T18:55:14.854+0000][gc,phases     ] GC(295)   Evacuate Collection Set: 14.5ms
[2025-10-30T18:55:14.855+0000][gc,phases     ] GC(295)   Post Evacuate Collection Set: 1.2ms
[2025-10-30T18:55:14.855+0000][gc,phases     ] GC(295)   Other: 1.0ms
[2025-10-30T18:55:14.856+0000][gc,heap       ] GC(295) Eden regions: 22->0(23)
[2025-10-30T18:55:14.856+0000][gc,heap       ] GC(295) Survivor regions: 3->2(4)
[2025-10-30T18:55:14.856+0000][gc,heap       ] GC(295) Old regions: 226->228
[2025-10-30T18:55:14.856+0000][gc,heap       ] GC(295) Humongous regions: 147->147
[2025-10-30T18:55:14.857+0000][gc,metaspace  ] GC(295) Metaspace: 51833K(55472K)->51833K(55472K) NonClass: 46024K(48048K)->46024K(48048K) Class: 5808K(7424K)->5808K(7424K)
[2025-10-30T18:55:14.857+0000][gc            ] GC(295) Pause Young (Normal) (G1 Evacuation Pause) 397M->376M(512M) 19.701ms
[2025-10-30T18:55:14.857+0000][gc,cpu        ] GC(295) User=0.04s Sys=0.00s Real=0.02s
[2025-10-30T18:55:24.135+0000][gc,start      ] GC(296) Pause Young (Normal) (G1 Evacuation Pause)
[2025-10-30T18:55:24.136+0000][gc,task       ] GC(296) Using 2 workers of 2 for evacuation
[2025-10-30T18:55:24.147+0000][gc,phases     ] GC(296)   Pre Evacuate Collection Set: 0.0ms
[2025-10-30T18:55:24.147+0000][gc,phases     ] GC(296)   Evacuate Collection Set: 9.9ms
[2025-10-30T18:55:24.147+0000][gc,phases     ] GC(296)   Post Evacuate Collection Set: 0.8ms
[2025-10-30T18:55:24.148+0000][gc,phases     ] GC(296)   Other: 0.8ms
[2025-10-30T18:55:24.148+0000][gc,heap       ] GC(296) Eden regions: 23->0(27)
[2025-10-30T18:55:24.148+0000][gc,heap       ] GC(296) Survivor regions: 2->2(4)
[2025-10-30T18:55:24.148+0000][gc,heap       ] GC(296) Old regions: 228->228
[2025-10-30T18:55:24.148+0000][gc,heap       ] GC(296) Humongous regions: 147->147
[2025-10-30T18:55:24.148+0000][gc,metaspace  ] GC(296) Metaspace: 51833K(55472K)->51833K(55472K) NonClass: 46024K(48048K)->46024K(48048K) Class: 5808K(7424K)->5808K(7424K)
[2025-10-30T18:55:24.149+0000][gc            ] GC(296) Pause Young (Normal) (G1 Evacuation Pause) 399M->376M(512M) 13.188ms
[2025-10-30T18:55:24.149+0000][gc,cpu        ] GC(296) User=0.02s Sys=0.00s Real=0.02s
[2025-10-30T18:55:35.703+0000][gc,start      ] GC(297) Pause Young (Normal) (G1 Evacuation Pause)
[2025-10-30T18:55:35.703+0000][gc,task       ] GC(297) Using 2 workers of 2 for evacuation
[2025-10-30T18:55:35.717+0000][gc,phases     ] GC(297)   Pre Evacuate Collection Set: 0.0ms
[2025-10-30T18:55:35.717+0000][gc,phases     ] GC(297)   Evacuate Collection Set: 12.1ms
[2025-10-30T18:55:35.718+0000][gc,phases     ] GC(297)   Post Evacuate Collection Set: 1.2ms
[2025-10-30T18:55:35.718+0000][gc,phases     ] GC(297)   Other: 0.8ms
[2025-10-30T18:55:35.718+0000][gc,heap       ] GC(297) Eden regions: 27->0(28)
[2025-10-30T18:55:35.718+0000][gc,heap       ] GC(297) Survivor regions: 2->3(4)
[2025-10-30T18:55:35.718+0000][gc,heap       ] GC(297) Old regions: 228->228
[2025-10-30T18:55:35.719+0000][gc,heap       ] GC(297) Humongous regions: 147->147
[2025-10-30T18:55:35.719+0000][gc,metaspace  ] GC(297) Metaspace: 51833K(55472K)->51833K(55472K) NonClass: 46024K(48048K)->46024K(48048K) Class: 5808K(7424K)->5808K(7424K)
[2025-10-30T18:55:35.719+0000][gc            ] GC(297) Pause Young (Normal) (G1 Evacuation Pause) 403M->377M(512M) 16.445ms
[2025-10-30T18:55:35.720+0000][gc,cpu        ] GC(297) User=0.02s Sys=0.00s Real=0.02s
[2025-10-30T18:55:48.044+0000][gc,start      ] GC(298) Pause Young (Normal) (G1 Evacuation Pause)
[2025-10-30T18:55:48.045+0000][gc,task       ] GC(298) Using 2 workers of 2 for evacuation
[2025-10-30T18:55:48.057+0000][gc,phases     ] GC(298)   Pre Evacuate Collection Set: 0.0ms
[2025-10-30T18:55:48.058+0000][gc,phases     ] GC(298)   Evacuate Collection Set: 11.6ms
[2025-10-30T18:55:48.058+0000][gc,phases     ] GC(298)   Post Evacuate Collection Set: 0.6ms
[2025-10-30T18:55:48.058+0000][gc,phases     ] GC(298)   Other: 0.7ms
[2025-10-30T18:55:48.058+0000][gc,heap       ] GC(298) Eden regions: 28->0(30)
[2025-10-30T18:55:48.058+0000][gc,heap       ] GC(298) Survivor regions: 3->3(4)
[2025-10-30T18:55:48.058+0000][gc,heap       ] GC(298) Old regions: 228->229
[2025-10-30T18:55:48.059+0000][gc,heap       ] GC(298) Humongous regions: 147->147
[2025-10-30T18:55:48.059+0000][gc,metaspace  ] GC(298) Metaspace: 51833K(55472K)->51833K(55472K) NonClass: 46024K(48048K)->46024K(48048K) Class: 5808K(7424K)->5808K(7424K)
[2025-10-30T18:55:48.059+0000][gc            ] GC(298) Pause Young (Normal) (G1 Evacuation Pause) 405M->378M(512M) 14.524ms
[2025-10-30T18:55:48.059+0000][gc,cpu        ] GC(298) User=0.02s Sys=0.00s Real=0.01s
[2025-10-30T18:55:59.201+0000][gc,start      ] GC(299) Pause Young (Normal) (G1 Evacuation Pause)
[2025-10-30T18:55:59.201+0000][gc,task       ] GC(299) Using 2 workers of 2 for evacuation
[2025-10-30T18:55:59.213+0000][gc,phases     ] GC(299)   Pre Evacuate Collection Set: 0.0ms
[2025-10-30T18:55:59.213+0000][gc,phases     ] GC(299)   Evacuate Collection Set: 10.5ms
[2025-10-30T18:55:59.213+0000][gc,phases     ] GC(299)   Post Evacuate Collection Set: 0.7ms
[2025-10-30T18:55:59.213+0000][gc,phases     ] GC(299)   Other: 0.5ms
[2025-10-30T18:55:59.213+0000][gc,heap       ] GC(299) Eden regions: 30->0(33)
[2025-10-30T18:55:59.214+0000][gc,heap       ] GC(299) Survivor regions: 3->4(5)
[2025-10-30T18:55:59.214+0000][gc,heap       ] GC(299) Old regions: 229->230
[2025-10-30T18:55:59.214+0000][gc,heap       ] GC(299) Humongous regions: 147->147
[2025-10-30T18:55:59.214+0000][gc,metaspace  ] GC(299) Metaspace: 51833K(55472K)->51833K(55472K) NonClass: 46024K(48048K)->46024K(48048K) Class: 5808K(7424K)->5808K(7424K)
[2025-10-30T18:55:59.214+0000][gc            ] GC(299) Pause Young (Normal) (G1 Evacuation Pause) 408M->379M(512M) 13.394ms
[2025-10-30T18:55:59.215+0000][gc,cpu        ] GC(299) User=0.02s Sys=0.00s Real=0.01s
[2025-10-30T18:56:11.525+0000][gc,start      ] GC(300) Pause Young (Normal) (G1 Evacuation Pause)
[2025-10-30T18:56:11.525+0000][gc,task       ] GC(300) Using 2 workers of 2 for evacuation
[2025-10-30T18:56:11.538+0000][gc,phases     ] GC(300)   Pre Evacuate Collection Set: 0.0ms
[2025-10-30T18:56:11.538+0000][gc,phases     ] GC(300)   Evacuate Collection Set: 11.0ms
[2025-10-30T18:56:11.538+0000][gc,phases     ] GC(300)   Post Evacuate Collection Set: 0.6ms
[2025-10-30T18:56:11.538+0000][gc,phases     ] GC(300)   Other: 0.6ms
[2025-10-30T18:56:11.538+0000][gc,heap       ] GC(300) Eden regions: 33->0(36)
[2025-10-30T18:56:11.538+0000][gc,heap       ] GC(300) Survivor regions: 4->4(5)
[2025-10-30T18:56:11.539+0000][gc,heap       ] GC(300) Old regions: 230->231
[2025-10-30T18:56:11.539+0000][gc,heap       ] GC(300) Humongous regions: 147->147
[2025-10-30T18:56:11.539+0000][gc,metaspace  ] GC(300) Metaspace: 51833K(55472K)->51833K(55472K) NonClass: 46024K(48048K)->46024K(48048K) Class: 5808K(7424K)->5808K(7424K)
[2025-10-30T18:56:11.539+0000][gc            ] GC(300) Pause Young (Normal) (G1 Evacuation Pause) 412M->380M(512M) 13.604ms
[2025-10-30T18:56:11.539+0000][gc,cpu        ] GC(300) User=0.02s Sys=0.00s Real=0.01s
[2025-10-30T18:56:23.894+0000][gc,start      ] GC(301) Pause Young (Normal) (G1 Evacuation Pause)
[2025-10-30T18:56:23.894+0000][gc,task       ] GC(301) Using 2 workers of 2 for evacuation
[2025-10-30T18:56:23.906+0000][gc,phases     ] GC(301)   Pre Evacuate Collection Set: 0.0ms
[2025-10-30T18:56:23.906+0000][gc,phases     ] GC(301)   Evacuate Collection Set: 10.7ms
[2025-10-30T18:56:23.907+0000][gc,phases     ] GC(301)   Post Evacuate Collection Set: 0.7ms
[2025-10-30T18:56:23.907+0000][gc,phases     ] GC(301)   Other: 0.6ms
[2025-10-30T18:56:23.907+0000][gc,heap       ] GC(301) Eden regions: 32->0(39)
[2025-10-30T18:56:23.908+0000][gc,heap       ] GC(301) Survivor regions: 4->3(5)
[2025-10-30T18:56:23.908+0000][gc,heap       ] GC(301) Old regions: 231->231
[2025-10-30T18:56:23.908+0000][gc,heap       ] GC(301) Humongous regions: 147->147
[2025-10-30T18:56:23.908+0000][gc,metaspace  ] GC(301) Metaspace: 51833K(55472K)->51833K(55472K) NonClass: 46024K(48048K)->46024K(48048K) Class: 5808K(7424K)->5808K(7424K)
[2025-10-30T18:56:23.908+0000][gc            ] GC(301) Pause Young (Normal) (G1 Evacuation Pause) 412M->380M(512M) 14.303ms
[2025-10-30T18:56:23.909+0000][gc,cpu        ] GC(301) User=0.02s Sys=0.00s Real=0.01s
[2025-10-30T18:56:37.585+0000][gc,start      ] GC(302) Pause Young (Normal) (G1 Evacuation Pause)
[2025-10-30T18:56:37.585+0000][gc,task       ] GC(302) Using 2 workers of 2 for evacuation
[2025-10-30T18:56:37.600+0000][gc,phases     ] GC(302)   Pre Evacuate Collection Set: 0.0ms
[2025-10-30T18:56:37.600+0000][gc,phases     ] GC(302)   Evacuate Collection Set: 13.2ms
[2025-10-30T18:56:37.601+0000][gc,phases     ] GC(302)   Post Evacuate Collection Set: 0.9ms
[2025-10-30T18:56:37.601+0000][gc,phases     ] GC(302)   Other: 0.7ms
[2025-10-30T18:56:37.601+0000][gc,heap       ] GC(302) Eden regions: 31->0(41)
[2025-10-30T18:56:37.601+0000][gc,heap       ] GC(302) Survivor regions: 3->4(5)
[2025-10-30T18:56:37.601+0000][gc,heap       ] GC(302) Old regions: 231->231
[2025-10-30T18:56:37.602+0000][gc,heap       ] GC(302) Humongous regions: 147->147
[2025-10-30T18:56:37.602+0000][gc,metaspace  ] GC(302) Metaspace: 51833K(55472K)->51833K(55472K) NonClass: 46024K(48048K)->46024K(48048K) Class: 5808K(7424K)->5808K(7424K)
[2025-10-30T18:56:37.602+0000][gc            ] GC(302) Pause Young (Normal) (G1 Evacuation Pause) 411M->381M(512M) 16.997ms
[2025-10-30T18:56:37.602+0000][gc,cpu        ] GC(302) User=0.03s Sys=0.00s Real=0.02s
[2025-10-30T18:56:51.430+0000][gc,start      ] GC(303) Pause Young (Normal) (G1 Evacuation Pause)
[2025-10-30T18:56:51.430+0000][gc,task       ] GC(303) Using 2 workers of 2 for evacuation
[2025-10-30T18:56:51.446+0000][gc,phases     ] GC(303)   Pre Evacuate Collection Set: 0.0ms
[2025-10-30T18:56:51.447+0000][gc,phases     ] GC(303)   Evacuate Collection Set: 15.0ms
[2025-10-30T18:56:51.447+0000][gc,phases     ] GC(303)   Post Evacuate Collection Set: 0.8ms
[2025-10-30T18:56:51.447+0000][gc,phases     ] GC(303)   Other: 0.6ms
[2025-10-30T18:56:51.447+0000][gc,heap       ] GC(303) Eden regions: 30->0(40)
[2025-10-30T18:56:51.447+0000][gc,heap       ] GC(303) Survivor regions: 4->4(5)
[2025-10-30T18:56:51.448+0000][gc,heap       ] GC(303) Old regions: 231->233
[2025-10-30T18:56:51.448+0000][gc,heap       ] GC(303) Humongous regions: 147->147
[2025-10-30T18:56:51.448+0000][gc,metaspace  ] GC(303) Metaspace: 51833K(55472K)->51833K(55472K) NonClass: 46024K(48048K)->46024K(48048K) Class: 5808K(7424K)->5808K(7424K)
[2025-10-30T18:56:51.448+0000][gc            ] GC(303) Pause Young (Normal) (G1 Evacuation Pause) 411M->382M(512M) 18.085ms
[2025-10-30T18:56:51.448+0000][gc,cpu        ] GC(303) User=0.03s Sys=0.00s Real=0.02s
[2025-10-30T18:57:05.064+0000][gc,start      ] GC(304) Pause Young (Normal) (G1 Evacuation Pause)
[2025-10-30T18:57:05.064+0000][gc,task       ] GC(304) Using 2 workers of 2 for evacuation
[2025-10-30T18:57:05.089+0000][gc,mmu        ] GC(304) MMU target violated: 21.0ms (20.0ms/21.0ms)
[2025-10-30T18:57:05.090+0000][gc,phases     ] GC(304)   Pre Evacuate Collection Set: 0.0ms
[2025-10-30T18:57:05.090+0000][gc,phases     ] GC(304)   Evacuate Collection Set: 19.5ms
[2025-10-30T18:57:05.091+0000][gc,phases     ] GC(304)   Post Evacuate Collection Set: 1.6ms
[2025-10-30T18:57:05.091+0000][gc,phases     ] GC(304)   Other: 5.1ms
[2025-10-30T18:57:05.091+0000][gc,heap       ] GC(304) Eden regions: 30->0(36)
[2025-10-30T18:57:05.091+0000][gc,heap       ] GC(304) Survivor regions: 4->4(5)
[2025-10-30T18:57:05.092+0000][gc,heap       ] GC(304) Old regions: 233->234
[2025-10-30T18:57:05.092+0000][gc,heap       ] GC(304) Humongous regions: 147->147
[2025-10-30T18:57:05.092+0000][gc,metaspace  ] GC(304) Metaspace: 51833K(55472K)->51833K(55472K) NonClass: 46024K(48048K)->46024K(48048K) Class: 5808K(7424K)->5808K(7424K)
[2025-10-30T18:57:05.093+0000][gc            ] GC(304) Pause Young (Normal) (G1 Evacuation Pause) 412M->383M(512M) 29.069ms
[2025-10-30T18:57:05.093+0000][gc,cpu        ] GC(304) User=0.04s Sys=0.00s Real=0.03s
[2025-10-30T18:57:17.591+0000][gc,start      ] GC(305) Pause Young (Normal) (G1 Evacuation Pause)
[2025-10-30T18:57:17.592+0000][gc,task       ] GC(305) Using 2 workers of 2 for evacuation
[2025-10-30T18:57:17.607+0000][gc,phases     ] GC(305)   Pre Evacuate Collection Set: 0.0ms
[2025-10-30T18:57:17.607+0000][gc,phases     ] GC(305)   Evacuate Collection Set: 13.8ms
[2025-10-30T18:57:17.607+0000][gc,phases     ] GC(305)   Post Evacuate Collection Set: 0.9ms
[2025-10-30T18:57:17.608+0000][gc,phases     ] GC(305)   Other: 0.9ms
[2025-10-30T18:57:17.608+0000][gc,heap       ] GC(305) Eden regions: 28->0(38)
[2025-10-30T18:57:17.608+0000][gc,heap       ] GC(305) Survivor regions: 4->2(4)
[2025-10-30T18:57:17.608+0000][gc,heap       ] GC(305) Old regions: 234->235
[2025-10-30T18:57:17.609+0000][gc,heap       ] GC(305) Humongous regions: 147->147
[2025-10-30T18:57:17.609+0000][gc,metaspace  ] GC(305) Metaspace: 51833K(55472K)->51833K(55472K) NonClass: 46024K(48048K)->46024K(48048K) Class: 5808K(7424K)->5808K(7424K)
[2025-10-30T18:57:17.609+0000][gc            ] GC(305) Pause Young (Normal) (G1 Evacuation Pause) 411M->383M(512M) 17.452ms
[2025-10-30T18:57:17.609+0000][gc,cpu        ] GC(305) User=0.03s Sys=0.00s Real=0.02s
[2025-10-30T18:57:30.209+0000][gc,start      ] GC(306) Pause Young (Normal) (G1 Evacuation Pause)
[2025-10-30T18:57:30.209+0000][gc,task       ] GC(306) Using 2 workers of 2 for evacuation
[2025-10-30T18:57:30.221+0000][gc,phases     ] GC(306)   Pre Evacuate Collection Set: 0.0ms
[2025-10-30T18:57:30.221+0000][gc,phases     ] GC(306)   Evacuate Collection Set: 10.3ms
[2025-10-30T18:57:30.221+0000][gc,phases     ] GC(306)   Post Evacuate Collection Set: 0.8ms
[2025-10-30T18:57:30.221+0000][gc,phases     ] GC(306)   Other: 0.7ms
[2025-10-30T18:57:30.221+0000][gc,heap       ] GC(306) Eden regions: 28->0(36)
[2025-10-30T18:57:30.222+0000][gc,heap       ] GC(306) Survivor regions: 2->3(4)
[2025-10-30T18:57:30.222+0000][gc,heap       ] GC(306) Old regions: 235->235
[2025-10-30T18:57:30.222+0000][gc,heap       ] GC(306) Humongous regions: 147->147
[2025-10-30T18:57:30.222+0000][gc,metaspace  ] GC(306) Metaspace: 51837K(55472K)->51837K(55472K) NonClass: 46028K(48048K)->46028K(48048K) Class: 5808K(7424K)->5808K(7424K)
[2025-10-30T18:57:30.222+0000][gc            ] GC(306) Pause Young (Normal) (G1 Evacuation Pause) 411M->384M(512M) 13.504ms
[2025-10-30T18:57:30.222+0000][gc,cpu        ] GC(306) User=0.02s Sys=0.00s Real=0.02s
[2025-10-30T18:57:41.771+0000][gc,start      ] GC(307) Pause Young (Normal) (G1 Evacuation Pause)
[2025-10-30T18:57:41.771+0000][gc,task       ] GC(307) Using 2 workers of 2 for evacuation
[2025-10-30T18:57:41.784+0000][gc,phases     ] GC(307)   Pre Evacuate Collection Set: 0.0ms
[2025-10-30T18:57:41.785+0000][gc,phases     ] GC(307)   Evacuate Collection Set: 12.4ms
[2025-10-30T18:57:41.785+0000][gc,phases     ] GC(307)   Post Evacuate Collection Set: 0.8ms
[2025-10-30T18:57:41.785+0000][gc,phases     ] GC(307)   Other: 0.5ms
[2025-10-30T18:57:41.785+0000][gc,heap       ] GC(307) Eden regions: 29->0(37)
[2025-10-30T18:57:41.785+0000][gc,heap       ] GC(307) Survivor regions: 3->4(4)
[2025-10-30T18:57:41.785+0000][gc,heap       ] GC(307) Old regions: 235->236
[2025-10-30T18:57:41.786+0000][gc,heap       ] GC(307) Humongous regions: 147->147
[2025-10-30T18:57:41.786+0000][gc,metaspace  ] GC(307) Metaspace: 51837K(55472K)->51837K(55472K) NonClass: 46028K(48048K)->46028K(48048K) Class: 5808K(7424K)->5808K(7424K)
[2025-10-30T18:57:41.786+0000][gc            ] GC(307) Pause Young (Normal) (G1 Evacuation Pause) 413M->385M(512M) 15.473ms
[2025-10-30T18:57:41.786+0000][gc,cpu        ] GC(307) User=0.03s Sys=0.00s Real=0.02s
[2025-10-30T18:57:56.066+0000][gc,start      ] GC(308) Pause Young (Normal) (G1 Evacuation Pause)
[2025-10-30T18:57:56.066+0000][gc,task       ] GC(308) Using 2 workers of 2 for evacuation
[2025-10-30T18:57:56.080+0000][gc,phases     ] GC(308)   Pre Evacuate Collection Set: 0.0ms
[2025-10-30T18:57:56.080+0000][gc,phases     ] GC(308)   Evacuate Collection Set: 12.4ms
[2025-10-30T18:57:56.080+0000][gc,phases     ] GC(308)   Post Evacuate Collection Set: 0.7ms
[2025-10-30T18:57:56.080+0000][gc,phases     ] GC(308)   Other: 0.6ms
[2025-10-30T18:57:56.080+0000][gc,heap       ] GC(308) Eden regions: 36->0(40)
[2025-10-30T18:57:56.081+0000][gc,heap       ] GC(308) Survivor regions: 4->4(5)
[2025-10-30T18:57:56.081+0000][gc,heap       ] GC(308) Old regions: 236->237
[2025-10-30T18:57:56.081+0000][gc,heap       ] GC(308) Humongous regions: 147->147
[2025-10-30T18:57:56.081+0000][gc,metaspace  ] GC(308) Metaspace: 51837K(55472K)->51837K(55472K) NonClass: 46028K(48048K)->46028K(48048K) Class: 5808K(7424K)->5808K(7424K)
[2025-10-30T18:57:56.081+0000][gc            ] GC(308) Pause Young (Normal) (G1 Evacuation Pause) 421M->386M(512M) 15.509ms
[2025-10-30T18:57:56.081+0000][gc,cpu        ] GC(308) User=0.02s Sys=0.00s Real=0.01s
[2025-10-30T18:58:10.185+0000][gc,start      ] GC(309) Pause Young (Normal) (G1 Evacuation Pause)
[2025-10-30T18:58:10.186+0000][gc,task       ] GC(309) Using 2 workers of 2 for evacuation
[2025-10-30T18:58:10.198+0000][gc,phases     ] GC(309)   Pre Evacuate Collection Set: 0.0ms
[2025-10-30T18:58:10.198+0000][gc,phases     ] GC(309)   Evacuate Collection Set: 11.1ms
[2025-10-30T18:58:10.199+0000][gc,phases     ] GC(309)   Post Evacuate Collection Set: 0.7ms
[2025-10-30T18:58:10.199+0000][gc,phases     ] GC(309)   Other: 0.7ms
[2025-10-30T18:58:10.199+0000][gc,heap       ] GC(309) Eden regions: 35->0(44)
[2025-10-30T18:58:10.199+0000][gc,heap       ] GC(309) Survivor regions: 4->3(5)
[2025-10-30T18:58:10.199+0000][gc,heap       ] GC(309) Old regions: 237->237
[2025-10-30T18:58:10.199+0000][gc,heap       ] GC(309) Humongous regions: 147->147
[2025-10-30T18:58:10.200+0000][gc,metaspace  ] GC(309) Metaspace: 51837K(55472K)->51837K(55472K) NonClass: 46028K(48048K)->46028K(48048K) Class: 5808K(7424K)->5808K(7424K)
[2025-10-30T18:58:10.200+0000][gc            ] GC(309) Pause Young (Normal) (G1 Evacuation Pause) 421M->386M(512M) 14.328ms
[2025-10-30T18:58:10.200+0000][gc,cpu        ] GC(309) User=0.03s Sys=0.00s Real=0.01s
[2025-10-30T18:58:25.307+0000][gc,start      ] GC(310) Pause Young (Normal) (G1 Evacuation Pause)
[2025-10-30T18:58:25.308+0000][gc,task       ] GC(310) Using 2 workers of 2 for evacuation
[2025-10-30T18:58:25.321+0000][gc,phases     ] GC(310)   Pre Evacuate Collection Set: 0.0ms
[2025-10-30T18:58:25.322+0000][gc,phases     ] GC(310)   Evacuate Collection Set: 12.4ms
[2025-10-30T18:58:25.322+0000][gc,phases     ] GC(310)   Post Evacuate Collection Set: 0.7ms
[2025-10-30T18:58:25.322+0000][gc,phases     ] GC(310)   Other: 1.0ms
[2025-10-30T18:58:25.322+0000][gc,heap       ] GC(310) Eden regions: 38->0(48)
[2025-10-30T18:58:25.322+0000][gc,heap       ] GC(310) Survivor regions: 3->4(6)
[2025-10-30T18:58:25.322+0000][gc,heap       ] GC(310) Old regions: 237->237
[2025-10-30T18:58:25.323+0000][gc,heap       ] GC(310) Humongous regions: 147->147
[2025-10-30T18:58:25.323+0000][gc,metaspace  ] GC(310) Metaspace: 51837K(55472K)->51837K(55472K) NonClass: 46028K(48048K)->46028K(48048K) Class: 5808K(7424K)->5808K(7424K)
[2025-10-30T18:58:25.323+0000][gc            ] GC(310) Pause Young (Normal) (G1 Evacuation Pause) 424M->387M(512M) 15.631ms
[2025-10-30T18:58:25.323+0000][gc,cpu        ] GC(310) User=0.02s Sys=0.00s Real=0.01s
[2025-10-30T18:58:40.435+0000][gc,start      ] GC(311) Pause Young (Normal) (G1 Evacuation Pause)
[2025-10-30T18:58:40.436+0000][gc,task       ] GC(311) Using 2 workers of 2 for evacuation
[2025-10-30T18:58:40.452+0000][gc,phases     ] GC(311)   Pre Evacuate Collection Set: 0.0ms
[2025-10-30T18:58:40.453+0000][gc,phases     ] GC(311)   Evacuate Collection Set: 15.7ms
[2025-10-30T18:58:40.453+0000][gc,phases     ] GC(311)   Post Evacuate Collection Set: 0.6ms
[2025-10-30T18:58:40.453+0000][gc,phases     ] GC(311)   Other: 0.9ms
[2025-10-30T18:58:40.453+0000][gc,heap       ] GC(311) Eden regions: 37->0(46)
[2025-10-30T18:58:40.453+0000][gc,heap       ] GC(311) Survivor regions: 4->5(6)
[2025-10-30T18:58:40.453+0000][gc,heap       ] GC(311) Old regions: 237->238
[2025-10-30T18:58:40.454+0000][gc,heap       ] GC(311) Humongous regions: 147->147
[2025-10-30T18:58:40.454+0000][gc,metaspace  ] GC(311) Metaspace: 51837K(55472K)->51837K(55472K) NonClass: 46028K(48048K)->46028K(48048K) Class: 5808K(7424K)->5808K(7424K)
[2025-10-30T18:58:40.454+0000][gc            ] GC(311) Pause Young (Normal) (G1 Evacuation Pause) 424M->388M(512M) 18.659ms
[2025-10-30T18:58:40.454+0000][gc,cpu        ] GC(311) User=0.04s Sys=0.00s Real=0.01s
[2025-10-30T18:58:54.130+0000][gc,start      ] GC(312) Pause Young (Normal) (G1 Evacuation Pause)
[2025-10-30T18:58:54.130+0000][gc,task       ] GC(312) Using 2 workers of 2 for evacuation
[2025-10-30T18:58:54.147+0000][gc,phases     ] GC(312)   Pre Evacuate Collection Set: 0.0ms
[2025-10-30T18:58:54.147+0000][gc,phases     ] GC(312)   Evacuate Collection Set: 15.7ms
[2025-10-30T18:58:54.147+0000][gc,phases     ] GC(312)   Post Evacuate Collection Set: 0.8ms
[2025-10-30T18:58:54.148+0000][gc,phases     ] GC(312)   Other: 1.0ms
[2025-10-30T18:58:54.148+0000][gc,heap       ] GC(312) Eden regions: 35->0(46)
[2025-10-30T18:58:54.148+0000][gc,heap       ] GC(312) Survivor regions: 5->4(5)
[2025-10-30T18:58:54.148+0000][gc,heap       ] GC(312) Old regions: 238->239
[2025-10-30T18:58:54.148+0000][gc,heap       ] GC(312) Humongous regions: 147->147
[2025-10-30T18:58:54.148+0000][gc,metaspace  ] GC(312) Metaspace: 51837K(55472K)->51837K(55472K) NonClass: 46028K(48048K)->46028K(48048K) Class: 5808K(7424K)->5808K(7424K)
[2025-10-30T18:58:54.149+0000][gc            ] GC(312) Pause Young (Normal) (G1 Evacuation Pause) 423M->389M(512M) 19.037ms
[2025-10-30T18:58:54.149+0000][gc,cpu        ] GC(312) User=0.03s Sys=0.00s Real=0.02s
[2025-10-30T18:59:08.240+0000][gc,start      ] GC(313) Pause Young (Normal) (G1 Evacuation Pause)
[2025-10-30T18:59:08.240+0000][gc,task       ] GC(313) Using 2 workers of 2 for evacuation
[2025-10-30T18:59:08.252+0000][gc,phases     ] GC(313)   Pre Evacuate Collection Set: 0.0ms
[2025-10-30T18:59:08.252+0000][gc,phases     ] GC(313)   Evacuate Collection Set: 10.9ms
[2025-10-30T18:59:08.252+0000][gc,phases     ] GC(313)   Post Evacuate Collection Set: 0.6ms
[2025-10-30T18:59:08.252+0000][gc,phases     ] GC(313)   Other: 0.5ms
[2025-10-30T18:59:08.252+0000][gc,heap       ] GC(313) Eden regions: 37->0(46)
[2025-10-30T18:59:08.253+0000][gc,heap       ] GC(313) Survivor regions: 4->3(6)
[2025-10-30T18:59:08.253+0000][gc,heap       ] GC(313) Old regions: 239->240
[2025-10-30T18:59:08.253+0000][gc,heap       ] GC(313) Humongous regions: 147->147
[2025-10-30T18:59:08.253+0000][gc,metaspace  ] GC(313) Metaspace: 51837K(55472K)->51837K(55472K) NonClass: 46028K(48048K)->46028K(48048K) Class: 5808K(7424K)->5808K(7424K)
[2025-10-30T18:59:08.253+0000][gc            ] GC(313) Pause Young (Normal) (G1 Evacuation Pause) 426M->389M(512M) 13.322ms
[2025-10-30T18:59:08.253+0000][gc,cpu        ] GC(313) User=0.02s Sys=0.00s Real=0.01s
[2025-10-30T18:59:24.480+0000][gc,start      ] GC(314) Pause Young (Normal) (G1 Evacuation Pause)
[2025-10-30T18:59:24.481+0000][gc,task       ] GC(314) Using 2 workers of 2 for evacuation
[2025-10-30T18:59:24.493+0000][gc,phases     ] GC(314)   Pre Evacuate Collection Set: 0.0ms
[2025-10-30T18:59:24.493+0000][gc,phases     ] GC(314)   Evacuate Collection Set: 10.9ms
[2025-10-30T18:59:24.493+0000][gc,phases     ] GC(314)   Post Evacuate Collection Set: 0.7ms
[2025-10-30T18:59:24.493+0000][gc,phases     ] GC(314)   Other: 1.4ms
[2025-10-30T18:59:24.494+0000][gc,heap       ] GC(314) Eden regions: 42->0(48)
[2025-10-30T18:59:24.494+0000][gc,heap       ] GC(314) Survivor regions: 3->4(6)
[2025-10-30T18:59:24.494+0000][gc,heap       ] GC(314) Old regions: 240->240
[2025-10-30T18:59:24.494+0000][gc,heap       ] GC(314) Humongous regions: 147->147
[2025-10-30T18:59:24.494+0000][gc,metaspace  ] GC(314) Metaspace: 51837K(55472K)->51837K(55472K) NonClass: 46028K(48048K)->46028K(48048K) Class: 5808K(7424K)->5808K(7424K)
[2025-10-30T18:59:24.494+0000][gc            ] GC(314) Pause Young (Normal) (G1 Evacuation Pause) 431M->390M(512M) 14.478ms
[2025-10-30T18:59:24.494+0000][gc,cpu        ] GC(314) User=0.02s Sys=0.00s Real=0.01s
[2025-10-30T18:59:43.067+0000][gc,start      ] GC(315) Pause Young (Normal) (G1 Evacuation Pause)
[2025-10-30T18:59:43.067+0000][gc,task       ] GC(315) Using 2 workers of 2 for evacuation
[2025-10-30T18:59:43.085+0000][gc,phases     ] GC(315)   Pre Evacuate Collection Set: 0.0ms
[2025-10-30T18:59:43.085+0000][gc,phases     ] GC(315)   Evacuate Collection Set: 16.1ms
[2025-10-30T18:59:43.085+0000][gc,phases     ] GC(315)   Post Evacuate Collection Set: 0.9ms
[2025-10-30T18:59:43.085+0000][gc,phases     ] GC(315)   Other: 0.7ms
[2025-10-30T18:59:43.085+0000][gc,heap       ] GC(315) Eden regions: 48->0(48)
[2025-10-30T18:59:43.086+0000][gc,heap       ] GC(315) Survivor regions: 4->5(7)
[2025-10-30T18:59:43.086+0000][gc,heap       ] GC(315) Old regions: 240->241
[2025-10-30T18:59:43.086+0000][gc,heap       ] GC(315) Humongous regions: 147->147
[2025-10-30T18:59:43.086+0000][gc,metaspace  ] GC(315) Metaspace: 51837K(55472K)->51837K(55472K) NonClass: 46028K(48048K)->46028K(48048K) Class: 5808K(7424K)->5808K(7424K)
[2025-10-30T18:59:43.086+0000][gc            ] GC(315) Pause Young (Normal) (G1 Evacuation Pause) 438M->392M(512M) 19.645ms
[2025-10-30T18:59:43.087+0000][gc,cpu        ] GC(315) User=0.03s Sys=0.00s Real=0.02s
[2025-10-30T19:00:01.042+0000][gc,start      ] GC(316) Pause Young (Normal) (G1 Evacuation Pause)
[2025-10-30T19:00:01.042+0000][gc,task       ] GC(316) Using 2 workers of 2 for evacuation
[2025-10-30T19:00:01.055+0000][gc,phases     ] GC(316)   Pre Evacuate Collection Set: 0.0ms
[2025-10-30T19:00:01.055+0000][gc,phases     ] GC(316)   Evacuate Collection Set: 11.7ms
[2025-10-30T19:00:01.055+0000][gc,phases     ] GC(316)   Post Evacuate Collection Set: 0.7ms
[2025-10-30T19:00:01.055+0000][gc,phases     ] GC(316)   Other: 0.6ms
[2025-10-30T19:00:01.055+0000][gc,heap       ] GC(316) Eden regions: 47->0(52)
[2025-10-30T19:00:01.056+0000][gc,heap       ] GC(316) Survivor regions: 5->3(7)
[2025-10-30T19:00:01.056+0000][gc,heap       ] GC(316) Old regions: 241->242
[2025-10-30T19:00:01.056+0000][gc,heap       ] GC(316) Humongous regions: 147->147
[2025-10-30T19:00:01.056+0000][gc,metaspace  ] GC(316) Metaspace: 51839K(55472K)->51839K(55472K) NonClass: 46030K(48048K)->46030K(48048K) Class: 5808K(7424K)->5808K(7424K)
[2025-10-30T19:00:01.056+0000][gc            ] GC(316) Pause Young (Normal) (G1 Evacuation Pause) 439M->391M(512M) 14.352ms
[2025-10-30T19:00:01.056+0000][gc,cpu        ] GC(316) User=0.03s Sys=0.00s Real=0.01s
[2025-10-30T19:00:20.540+0000][gc,start      ] GC(317) Pause Young (Normal) (G1 Evacuation Pause)
[2025-10-30T19:00:20.540+0000][gc,task       ] GC(317) Using 2 workers of 2 for evacuation
[2025-10-30T19:00:20.554+0000][gc,phases     ] GC(317)   Pre Evacuate Collection Set: 0.0ms
[2025-10-30T19:00:20.554+0000][gc,phases     ] GC(317)   Evacuate Collection Set: 12.9ms
[2025-10-30T19:00:20.555+0000][gc,phases     ] GC(317)   Post Evacuate Collection Set: 0.7ms
[2025-10-30T19:00:20.555+0000][gc,phases     ] GC(317)   Other: 0.6ms
[2025-10-30T19:00:20.555+0000][gc,heap       ] GC(317) Eden regions: 45->0(51)
[2025-10-30T19:00:20.555+0000][gc,heap       ] GC(317) Survivor regions: 3->5(6)
[2025-10-30T19:00:20.555+0000][gc,heap       ] GC(317) Old regions: 242->242
[2025-10-30T19:00:20.555+0000][gc,heap       ] GC(317) Humongous regions: 147->147
[2025-10-30T19:00:20.555+0000][gc,metaspace  ] GC(317) Metaspace: 51839K(55472K)->51839K(55472K) NonClass: 46030K(48048K)->46030K(48048K) Class: 5808K(7424K)->5808K(7424K)
[2025-10-30T19:00:20.556+0000][gc            ] GC(317) Pause Young (Normal) (G1 Evacuation Pause) 436M->393M(512M) 15.487ms
[2025-10-30T19:00:20.556+0000][gc,cpu        ] GC(317) User=0.02s Sys=0.00s Real=0.01s
[2025-10-30T19:00:40.321+0000][gc,start      ] GC(318) Pause Young (Normal) (G1 Evacuation Pause)
[2025-10-30T19:00:40.321+0000][gc,task       ] GC(318) Using 2 workers of 2 for evacuation
[2025-10-30T19:00:40.337+0000][gc,phases     ] GC(318)   Pre Evacuate Collection Set: 0.0ms
[2025-10-30T19:00:40.337+0000][gc,phases     ] GC(318)   Evacuate Collection Set: 14.4ms
[2025-10-30T19:00:40.337+0000][gc,phases     ] GC(318)   Post Evacuate Collection Set: 0.9ms
[2025-10-30T19:00:40.337+0000][gc,phases     ] GC(318)   Other: 0.6ms
[2025-10-30T19:00:40.337+0000][gc,heap       ] GC(318) Eden regions: 51->0(51)
[2025-10-30T19:00:40.337+0000][gc,heap       ] GC(318) Survivor regions: 5->6(7)
[2025-10-30T19:00:40.338+0000][gc,heap       ] GC(318) Old regions: 242->243
[2025-10-30T19:00:40.338+0000][gc,heap       ] GC(318) Humongous regions: 147->147
[2025-10-30T19:00:40.338+0000][gc,metaspace  ] GC(318) Metaspace: 51839K(55472K)->51839K(55472K) NonClass: 46030K(48048K)->46030K(48048K) Class: 5808K(7424K)->5808K(7424K)
[2025-10-30T19:00:40.339+0000][gc            ] GC(318) Pause Young (Normal) (G1 Evacuation Pause) 444M->395M(512M) 17.964ms
[2025-10-30T19:00:40.339+0000][gc,cpu        ] GC(318) User=0.03s Sys=0.00s Real=0.02s
[2025-10-30T19:01:00.425+0000][gc,start      ] GC(319) Pause Young (Normal) (G1 Evacuation Pause)
[2025-10-30T19:01:00.425+0000][gc,task       ] GC(319) Using 2 workers of 2 for evacuation
[2025-10-30T19:01:00.440+0000][gc,phases     ] GC(319)   Pre Evacuate Collection Set: 0.0ms
[2025-10-30T19:01:00.440+0000][gc,phases     ] GC(319)   Evacuate Collection Set: 13.4ms
[2025-10-30T19:01:00.440+0000][gc,phases     ] GC(319)   Post Evacuate Collection Set: 0.7ms
[2025-10-30T19:01:00.440+0000][gc,phases     ] GC(319)   Other: 0.8ms
[2025-10-30T19:01:00.440+0000][gc,heap       ] GC(319) Eden regions: 51->0(52)
[2025-10-30T19:01:00.441+0000][gc,heap       ] GC(319) Survivor regions: 6->4(8)
[2025-10-30T19:01:00.441+0000][gc,heap       ] GC(319) Old regions: 243->245
[2025-10-30T19:01:00.441+0000][gc,heap       ] GC(319) Humongous regions: 147->147
[2025-10-30T19:01:00.441+0000][gc,metaspace  ] GC(319) Metaspace: 51839K(55472K)->51839K(55472K) NonClass: 46030K(48048K)->46030K(48048K) Class: 5808K(7424K)->5808K(7424K)
[2025-10-30T19:01:00.441+0000][gc            ] GC(319) Pause Young (Normal) (G1 Evacuation Pause) 446M->394M(512M) 16.360ms
[2025-10-30T19:01:00.441+0000][gc,cpu        ] GC(319) User=0.02s Sys=0.00s Real=0.02s
[2025-10-30T19:01:19.656+0000][gc,start      ] GC(320) Pause Young (Normal) (G1 Evacuation Pause)
[2025-10-30T19:01:19.656+0000][gc,task       ] GC(320) Using 2 workers of 2 for evacuation
[2025-10-30T19:01:19.669+0000][gc,phases     ] GC(320)   Pre Evacuate Collection Set: 0.0ms
[2025-10-30T19:01:19.669+0000][gc,phases     ] GC(320)   Evacuate Collection Set: 12.2ms
[2025-10-30T19:01:19.669+0000][gc,phases     ] GC(320)   Post Evacuate Collection Set: 0.6ms
[2025-10-30T19:01:19.670+0000][gc,phases     ] GC(320)   Other: 0.6ms
[2025-10-30T19:01:19.670+0000][gc,heap       ] GC(320) Eden regions: 50->0(53)
[2025-10-30T19:01:19.670+0000][gc,heap       ] GC(320) Survivor regions: 4->5(7)
[2025-10-30T19:01:19.670+0000][gc,heap       ] GC(320) Old regions: 245->245
[2025-10-30T19:01:19.670+0000][gc,heap       ] GC(320) Humongous regions: 147->147
[2025-10-30T19:01:19.670+0000][gc,metaspace  ] GC(320) Metaspace: 51839K(55472K)->51839K(55472K) NonClass: 46030K(48048K)->46030K(48048K) Class: 5808K(7424K)->5808K(7424K)
[2025-10-30T19:01:19.670+0000][gc            ] GC(320) Pause Young (Normal) (G1 Evacuation Pause) 444M->396M(512M) 14.722ms
[2025-10-30T19:01:19.670+0000][gc,cpu        ] GC(320) User=0.03s Sys=0.00s Real=0.02s
[2025-10-30T19:01:39.888+0000][gc,start      ] GC(321) Pause Young (Normal) (G1 Evacuation Pause)
[2025-10-30T19:01:39.888+0000][gc,task       ] GC(321) Using 2 workers of 2 for evacuation
[2025-10-30T19:01:39.902+0000][gc,phases     ] GC(321)   Pre Evacuate Collection Set: 0.0ms
[2025-10-30T19:01:39.902+0000][gc,phases     ] GC(321)   Evacuate Collection Set: 13.0ms
[2025-10-30T19:01:39.902+0000][gc,phases     ] GC(321)   Post Evacuate Collection Set: 0.7ms
[2025-10-30T19:01:39.902+0000][gc,phases     ] GC(321)   Other: 0.5ms
[2025-10-30T19:01:39.902+0000][gc,heap       ] GC(321) Eden regions: 53->0(52)
[2025-10-30T19:01:39.903+0000][gc,heap       ] GC(321) Survivor regions: 5->6(8)
[2025-10-30T19:01:39.903+0000][gc,heap       ] GC(321) Old regions: 245->246
[2025-10-30T19:01:39.903+0000][gc,heap       ] GC(321) Humongous regions: 147->147
[2025-10-30T19:01:39.903+0000][gc,metaspace  ] GC(321) Metaspace: 51840K(55472K)->51840K(55472K) NonClass: 46031K(48048K)->46031K(48048K) Class: 5808K(7424K)->5808K(7424K)
[2025-10-30T19:01:39.903+0000][gc            ] GC(321) Pause Young (Normal) (G1 Evacuation Pause) 449M->398M(512M) 15.573ms
[2025-10-30T19:01:39.903+0000][gc,cpu        ] GC(321) User=0.03s Sys=0.00s Real=0.02s
[2025-10-30T19:02:00.451+0000][gc,start      ] GC(322) Pause Young (Normal) (G1 Evacuation Pause)
[2025-10-30T19:02:00.452+0000][gc,task       ] GC(322) Using 2 workers of 2 for evacuation
[2025-10-30T19:02:00.469+0000][gc,phases     ] GC(322)   Pre Evacuate Collection Set: 0.0ms
[2025-10-30T19:02:00.469+0000][gc,phases     ] GC(322)   Evacuate Collection Set: 15.8ms
[2025-10-30T19:02:00.470+0000][gc,phases     ] GC(322)   Post Evacuate Collection Set: 0.8ms
[2025-10-30T19:02:00.470+0000][gc,phases     ] GC(322)   Other: 1.0ms
[2025-10-30T19:02:00.470+0000][gc,heap       ] GC(322) Eden regions: 52->0(53)
[2025-10-30T19:02:00.470+0000][gc,heap       ] GC(322) Survivor regions: 6->4(8)
[2025-10-30T19:02:00.471+0000][gc,heap       ] GC(322) Old regions: 246->248
[2025-10-30T19:02:00.471+0000][gc,heap       ] GC(322) Humongous regions: 147->147
[2025-10-30T19:02:00.471+0000][gc,metaspace  ] GC(322) Metaspace: 51840K(55472K)->51840K(55472K) NonClass: 46031K(48048K)->46031K(48048K) Class: 5808K(7424K)->5808K(7424K)
[2025-10-30T19:02:00.471+0000][gc            ] GC(322) Pause Young (Normal) (G1 Evacuation Pause) 450M->397M(512M) 20.032ms
[2025-10-30T19:02:00.472+0000][gc,cpu        ] GC(322) User=0.04s Sys=0.00s Real=0.02s
[2025-10-30T19:02:21.991+0000][gc,start      ] GC(323) Pause Young (Normal) (G1 Evacuation Pause)
[2025-10-30T19:02:21.991+0000][gc,task       ] GC(323) Using 2 workers of 2 for evacuation
[2025-10-30T19:02:22.004+0000][gc,phases     ] GC(323)   Pre Evacuate Collection Set: 0.0ms
[2025-10-30T19:02:22.004+0000][gc,phases     ] GC(323)   Evacuate Collection Set: 11.8ms
[2025-10-30T19:02:22.004+0000][gc,phases     ] GC(323)   Post Evacuate Collection Set: 0.6ms
[2025-10-30T19:02:22.004+0000][gc,phases     ] GC(323)   Other: 0.5ms
[2025-10-30T19:02:22.005+0000][gc,heap       ] GC(323) Eden regions: 53->0(52)
[2025-10-30T19:02:22.005+0000][gc,heap       ] GC(323) Survivor regions: 4->6(8)
[2025-10-30T19:02:22.005+0000][gc,heap       ] GC(323) Old regions: 248->248
[2025-10-30T19:02:22.005+0000][gc,heap       ] GC(323) Humongous regions: 147->147
[2025-10-30T19:02:22.005+0000][gc,metaspace  ] GC(323) Metaspace: 51840K(55472K)->51840K(55472K) NonClass: 46031K(48048K)->46031K(48048K) Class: 5808K(7424K)->5808K(7424K)
[2025-10-30T19:02:22.005+0000][gc            ] GC(323) Pause Young (Normal) (G1 Evacuation Pause) 450M->399M(512M) 14.146ms
[2025-10-30T19:02:22.005+0000][gc,cpu        ] GC(323) User=0.02s Sys=0.00s Real=0.02s
[2025-10-30T19:02:41.532+0000][gc,start      ] GC(324) Pause Young (Normal) (G1 Evacuation Pause)
[2025-10-30T19:02:41.532+0000][gc,task       ] GC(324) Using 2 workers of 2 for evacuation
[2025-10-30T19:02:41.546+0000][gc,phases     ] GC(324)   Pre Evacuate Collection Set: 0.0ms
[2025-10-30T19:02:41.546+0000][gc,phases     ] GC(324)   Evacuate Collection Set: 13.3ms
[2025-10-30T19:02:41.547+0000][gc,phases     ] GC(324)   Post Evacuate Collection Set: 0.5ms
[2025-10-30T19:02:41.547+0000][gc,phases     ] GC(324)   Other: 0.5ms
[2025-10-30T19:02:41.547+0000][gc,heap       ] GC(324) Eden regions: 52->0(52)
[2025-10-30T19:02:41.547+0000][gc,heap       ] GC(324) Survivor regions: 6->5(8)
[2025-10-30T19:02:41.547+0000][gc,heap       ] GC(324) Old regions: 248->250
[2025-10-30T19:02:41.547+0000][gc,heap       ] GC(324) Humongous regions: 147->147
[2025-10-30T19:02:41.547+0000][gc,metaspace  ] GC(324) Metaspace: 51840K(55472K)->51840K(55472K) NonClass: 46031K(48048K)->46031K(48048K) Class: 5808K(7424K)->5808K(7424K)
[2025-10-30T19:02:41.548+0000][gc            ] GC(324) Pause Young (Normal) (G1 Evacuation Pause) 451M->400M(512M) 15.869ms
[2025-10-30T19:02:41.548+0000][gc,cpu        ] GC(324) User=0.03s Sys=0.00s Real=0.01s
[2025-10-30T19:03:01.313+0000][gc,start      ] GC(325) Pause Young (Normal) (G1 Evacuation Pause)
[2025-10-30T19:03:01.313+0000][gc,task       ] GC(325) Using 2 workers of 2 for evacuation
[2025-10-30T19:03:01.326+0000][gc,phases     ] GC(325)   Pre Evacuate Collection Set: 0.0ms
[2025-10-30T19:03:01.326+0000][gc,phases     ] GC(325)   Evacuate Collection Set: 11.2ms
[2025-10-30T19:03:01.326+0000][gc,phases     ] GC(325)   Post Evacuate Collection Set: 0.7ms
[2025-10-30T19:03:01.326+0000][gc,phases     ] GC(325)   Other: 0.7ms
[2025-10-30T19:03:01.327+0000][gc,heap       ] GC(325) Eden regions: 52->0(52)
[2025-10-30T19:03:01.327+0000][gc,heap       ] GC(325) Survivor regions: 5->4(8)
[2025-10-30T19:03:01.327+0000][gc,heap       ] GC(325) Old regions: 250->251
[2025-10-30T19:03:01.327+0000][gc,heap       ] GC(325) Humongous regions: 147->147
[2025-10-30T19:03:01.327+0000][gc,metaspace  ] GC(325) Metaspace: 51840K(55472K)->51840K(55472K) NonClass: 46032K(48048K)->46032K(48048K) Class: 5808K(7424K)->5808K(7424K)
[2025-10-30T19:03:01.327+0000][gc            ] GC(325) Pause Young (Normal) (G1 Evacuation Pause) 452M->401M(512M) 14.415ms
[2025-10-30T19:03:01.328+0000][gc,cpu        ] GC(325) User=0.02s Sys=0.00s Real=0.01s
[2025-10-30T19:03:21.693+0000][gc,start      ] GC(326) Pause Young (Normal) (G1 Evacuation Pause)
[2025-10-30T19:03:21.694+0000][gc,task       ] GC(326) Using 2 workers of 2 for evacuation
[2025-10-30T19:03:21.707+0000][gc,phases     ] GC(326)   Pre Evacuate Collection Set: 0.0ms
[2025-10-30T19:03:21.707+0000][gc,phases     ] GC(326)   Evacuate Collection Set: 12.0ms
[2025-10-30T19:03:21.707+0000][gc,phases     ] GC(326)   Post Evacuate Collection Set: 0.6ms
[2025-10-30T19:03:21.707+0000][gc,phases     ] GC(326)   Other: 0.5ms
[2025-10-30T19:03:21.707+0000][gc,heap       ] GC(326) Eden regions: 52->0(50)
[2025-10-30T19:03:21.707+0000][gc,heap       ] GC(326) Survivor regions: 4->6(7)
[2025-10-30T19:03:21.707+0000][gc,heap       ] GC(326) Old regions: 251->251
[2025-10-30T19:03:21.708+0000][gc,heap       ] GC(326) Humongous regions: 147->147
[2025-10-30T19:03:21.708+0000][gc,metaspace  ] GC(326) Metaspace: 51840K(55472K)->51840K(55472K) NonClass: 46032K(48048K)->46032K(48048K) Class: 5808K(7424K)->5808K(7424K)
[2025-10-30T19:03:21.708+0000][gc            ] GC(326) Pause Young (Normal) (G1 Evacuation Pause) 453M->402M(512M) 14.517ms
[2025-10-30T19:03:21.708+0000][gc,cpu        ] GC(326) User=0.02s Sys=0.00s Real=0.01s
[2025-10-30T19:03:41.278+0000][gc,start      ] GC(327) Pause Young (Normal) (G1 Evacuation Pause)
[2025-10-30T19:03:41.278+0000][gc,task       ] GC(327) Using 2 workers of 2 for evacuation
[2025-10-30T19:03:41.291+0000][gc,phases     ] GC(327)   Pre Evacuate Collection Set: 0.0ms
[2025-10-30T19:03:41.291+0000][gc,phases     ] GC(327)   Evacuate Collection Set: 11.6ms
[2025-10-30T19:03:41.291+0000][gc,phases     ] GC(327)   Post Evacuate Collection Set: 0.6ms
[2025-10-30T19:03:41.291+0000][gc,phases     ] GC(327)   Other: 0.4ms
[2025-10-30T19:03:41.291+0000][gc,heap       ] GC(327) Eden regions: 50->0(52)
[2025-10-30T19:03:41.292+0000][gc,heap       ] GC(327) Survivor regions: 6->3(7)
[2025-10-30T19:03:41.292+0000][gc,heap       ] GC(327) Old regions: 251->253
[2025-10-30T19:03:41.292+0000][gc,heap       ] GC(327) Humongous regions: 147->147
[2025-10-30T19:03:41.292+0000][gc,metaspace  ] GC(327) Metaspace: 51842K(55472K)->51842K(55472K) NonClass: 46033K(48048K)->46033K(48048K) Class: 5808K(7424K)->5808K(7424K)
[2025-10-30T19:03:41.292+0000][gc            ] GC(327) Pause Young (Normal) (G1 Evacuation Pause) 452M->402M(512M) 13.867ms
[2025-10-30T19:03:41.292+0000][gc,cpu        ] GC(327) User=0.03s Sys=0.00s Real=0.01s
[2025-10-30T19:04:02.585+0000][gc,start      ] GC(328) Pause Young (Normal) (G1 Evacuation Pause)
[2025-10-30T19:04:02.586+0000][gc,task       ] GC(328) Using 2 workers of 2 for evacuation
[2025-10-30T19:04:02.598+0000][gc,phases     ] GC(328)   Pre Evacuate Collection Set: 0.0ms
[2025-10-30T19:04:02.598+0000][gc,phases     ] GC(328)   Evacuate Collection Set: 11.1ms
[2025-10-30T19:04:02.598+0000][gc,phases     ] GC(328)   Post Evacuate Collection Set: 0.7ms
[2025-10-30T19:04:02.598+0000][gc,phases     ] GC(328)   Other: 1.0ms
[2025-10-30T19:04:02.599+0000][gc,heap       ] GC(328) Eden regions: 52->0(50)
[2025-10-30T19:04:02.599+0000][gc,heap       ] GC(328) Survivor regions: 3->5(7)
[2025-10-30T19:04:02.599+0000][gc,heap       ] GC(328) Old regions: 253->253
[2025-10-30T19:04:02.599+0000][gc,heap       ] GC(328) Humongous regions: 147->147
[2025-10-30T19:04:02.599+0000][gc,metaspace  ] GC(328) Metaspace: 51842K(55472K)->51842K(55472K) NonClass: 46033K(48048K)->46033K(48048K) Class: 5808K(7424K)->5808K(7424K)
[2025-10-30T19:04:02.600+0000][gc            ] GC(328) Pause Young (Normal) (G1 Evacuation Pause) 454M->404M(512M) 14.460ms
[2025-10-30T19:04:02.600+0000][gc,cpu        ] GC(328) User=0.02s Sys=0.00s Real=0.01s
[2025-10-30T19:04:21.852+0000][gc,start      ] GC(329) Pause Young (Normal) (G1 Evacuation Pause)
[2025-10-30T19:04:21.852+0000][gc,task       ] GC(329) Using 2 workers of 2 for evacuation
[2025-10-30T19:04:21.866+0000][gc,phases     ] GC(329)   Pre Evacuate Collection Set: 0.0ms
[2025-10-30T19:04:21.867+0000][gc,phases     ] GC(329)   Evacuate Collection Set: 13.4ms
[2025-10-30T19:04:21.867+0000][gc,phases     ] GC(329)   Post Evacuate Collection Set: 0.7ms
[2025-10-30T19:04:21.867+0000][gc,phases     ] GC(329)   Other: 0.5ms
[2025-10-30T19:04:21.867+0000][gc,heap       ] GC(329) Eden regions: 50->0(48)
[2025-10-30T19:04:21.867+0000][gc,heap       ] GC(329) Survivor regions: 5->5(7)
[2025-10-30T19:04:21.867+0000][gc,heap       ] GC(329) Old regions: 253->255
[2025-10-30T19:04:21.868+0000][gc,heap       ] GC(329) Humongous regions: 147->147
[2025-10-30T19:04:21.868+0000][gc,metaspace  ] GC(329) Metaspace: 51842K(55472K)->51842K(55472K) NonClass: 46033K(48048K)->46033K(48048K) Class: 5808K(7424K)->5808K(7424K)
[2025-10-30T19:04:21.868+0000][gc            ] GC(329) Pause Young (Normal) (G1 Evacuation Pause) 454M->405M(512M) 16.058ms
[2025-10-30T19:04:21.868+0000][gc,cpu        ] GC(329) User=0.03s Sys=0.00s Real=0.02s
[2025-10-30T19:04:40.033+0000][gc,start      ] GC(330) Pause Young (Normal) (G1 Evacuation Pause)
[2025-10-30T19:04:40.033+0000][gc,task       ] GC(330) Using 2 workers of 2 for evacuation
[2025-10-30T19:04:40.045+0000][gc,phases     ] GC(330)   Pre Evacuate Collection Set: 0.0ms
[2025-10-30T19:04:40.046+0000][gc,phases     ] GC(330)   Evacuate Collection Set: 11.4ms
[2025-10-30T19:04:40.046+0000][gc,phases     ] GC(330)   Post Evacuate Collection Set: 0.8ms
[2025-10-30T19:04:40.046+0000][gc,phases     ] GC(330)   Other: 0.5ms
[2025-10-30T19:04:40.046+0000][gc,heap       ] GC(330) Eden regions: 48->0(50)
[2025-10-30T19:04:40.047+0000][gc,heap       ] GC(330) Survivor regions: 5->3(7)
[2025-10-30T19:04:40.047+0000][gc,heap       ] GC(330) Old regions: 255->255
[2025-10-30T19:04:40.047+0000][gc,heap       ] GC(330) Humongous regions: 147->147
[2025-10-30T19:04:40.047+0000][gc,metaspace  ] GC(330) Metaspace: 51843K(55472K)->51843K(55472K) NonClass: 46034K(48048K)->46034K(48048K) Class: 5808K(7424K)->5808K(7424K)
[2025-10-30T19:04:40.047+0000][gc            ] GC(330) Pause Young (Normal) (G1 Evacuation Pause) 453M->405M(512M) 14.624ms
[2025-10-30T19:04:40.047+0000][gc,cpu        ] GC(330) User=0.03s Sys=0.00s Real=0.02s
[2025-10-30T19:04:59.942+0000][gc,start      ] GC(331) Pause Young (Normal) (G1 Evacuation Pause)
[2025-10-30T19:04:59.942+0000][gc,task       ] GC(331) Using 2 workers of 2 for evacuation
[2025-10-30T19:04:59.955+0000][gc,phases     ] GC(331)   Pre Evacuate Collection Set: 0.0ms
[2025-10-30T19:04:59.955+0000][gc,phases     ] GC(331)   Evacuate Collection Set: 11.4ms
[2025-10-30T19:04:59.955+0000][gc,phases     ] GC(331)   Post Evacuate Collection Set: 0.6ms
[2025-10-30T19:04:59.955+0000][gc,phases     ] GC(331)   Other: 0.6ms
[2025-10-30T19:04:59.955+0000][gc,heap       ] GC(331) Eden regions: 50->0(48)
[2025-10-30T19:04:59.955+0000][gc,heap       ] GC(331) Survivor regions: 3->5(7)
[2025-10-30T19:04:59.955+0000][gc,heap       ] GC(331) Old regions: 255->255
[2025-10-30T19:04:59.956+0000][gc,heap       ] GC(331) Humongous regions: 147->147
[2025-10-30T19:04:59.956+0000][gc,metaspace  ] GC(331) Metaspace: 51843K(55472K)->51843K(55472K) NonClass: 46034K(48048K)->46034K(48048K) Class: 5808K(7424K)->5808K(7424K)
[2025-10-30T19:04:59.956+0000][gc            ] GC(331) Pause Young (Normal) (G1 Evacuation Pause) 455M->406M(512M) 13.774ms
[2025-10-30T19:04:59.956+0000][gc,cpu        ] GC(331) User=0.02s Sys=0.00s Real=0.01s
[2025-10-30T19:05:18.175+0000][gc,start      ] GC(332) Pause Young (Normal) (G1 Evacuation Pause)
[2025-10-30T19:05:18.175+0000][gc,task       ] GC(332) Using 2 workers of 2 for evacuation
[2025-10-30T19:05:18.188+0000][gc,phases     ] GC(332)   Pre Evacuate Collection Set: 0.0ms
[2025-10-30T19:05:18.188+0000][gc,phases     ] GC(332)   Evacuate Collection Set: 11.9ms
[2025-10-30T19:05:18.188+0000][gc,phases     ] GC(332)   Post Evacuate Collection Set: 0.7ms
[2025-10-30T19:05:18.188+0000][gc,phases     ] GC(332)   Other: 0.5ms
[2025-10-30T19:05:18.189+0000][gc,heap       ] GC(332) Eden regions: 48->0(45)
[2025-10-30T19:05:18.189+0000][gc,heap       ] GC(332) Survivor regions: 5->6(7)
[2025-10-30T19:05:18.189+0000][gc,heap       ] GC(332) Old regions: 255->256
[2025-10-30T19:05:18.189+0000][gc,heap       ] GC(332) Humongous regions: 147->147
[2025-10-30T19:05:18.189+0000][gc,metaspace  ] GC(332) Metaspace: 51843K(55472K)->51843K(55472K) NonClass: 46034K(48048K)->46034K(48048K) Class: 5808K(7424K)->5808K(7424K)
[2025-10-30T19:05:18.189+0000][gc            ] GC(332) Pause Young (Normal) (G1 Evacuation Pause) 454M->408M(512M) 14.649ms
[2025-10-30T19:05:18.189+0000][gc,cpu        ] GC(332) User=0.02s Sys=0.00s Real=0.01s
[2025-10-30T19:05:35.116+0000][gc,start      ] GC(333) Pause Young (Normal) (G1 Evacuation Pause)
[2025-10-30T19:05:35.116+0000][gc,task       ] GC(333) Using 2 workers of 2 for evacuation
[2025-10-30T19:05:35.131+0000][gc,phases     ] GC(333)   Pre Evacuate Collection Set: 0.0ms
[2025-10-30T19:05:35.131+0000][gc,phases     ] GC(333)   Evacuate Collection Set: 13.4ms
[2025-10-30T19:05:35.131+0000][gc,phases     ] GC(333)   Post Evacuate Collection Set: 0.7ms
[2025-10-30T19:05:35.131+0000][gc,phases     ] GC(333)   Other: 0.8ms
[2025-10-30T19:05:35.131+0000][gc,heap       ] GC(333) Eden regions: 45->0(48)
[2025-10-30T19:05:35.132+0000][gc,heap       ] GC(333) Survivor regions: 6->3(7)
[2025-10-30T19:05:35.132+0000][gc,heap       ] GC(333) Old regions: 256->258
[2025-10-30T19:05:35.132+0000][gc,heap       ] GC(333) Humongous regions: 147->147
[2025-10-30T19:05:35.133+0000][gc,metaspace  ] GC(333) Metaspace: 51843K(55472K)->51843K(55472K) NonClass: 46034K(48048K)->46034K(48048K) Class: 5808K(7424K)->5808K(7424K)
[2025-10-30T19:05:35.133+0000][gc            ] GC(333) Pause Young (Normal) (G1 Evacuation Pause) 453M->407M(512M) 17.133ms
[2025-10-30T19:05:35.133+0000][gc,cpu        ] GC(333) User=0.03s Sys=0.00s Real=0.02s
[2025-10-30T19:05:53.176+0000][gc,start      ] GC(334) Pause Young (Normal) (G1 Evacuation Pause)
[2025-10-30T19:05:53.176+0000][gc,task       ] GC(334) Using 2 workers of 2 for evacuation
[2025-10-30T19:05:53.187+0000][gc,phases     ] GC(334)   Pre Evacuate Collection Set: 0.0ms
[2025-10-30T19:05:53.188+0000][gc,phases     ] GC(334)   Evacuate Collection Set: 10.3ms
[2025-10-30T19:05:53.188+0000][gc,phases     ] GC(334)   Post Evacuate Collection Set: 0.6ms
[2025-10-30T19:05:53.189+0000][gc,phases     ] GC(334)   Other: 0.6ms
[2025-10-30T19:05:53.189+0000][gc,heap       ] GC(334) Eden regions: 48->0(45)
[2025-10-30T19:05:53.189+0000][gc,heap       ] GC(334) Survivor regions: 3->5(7)
[2025-10-30T19:05:53.189+0000][gc,heap       ] GC(334) Old regions: 258->258
[2025-10-30T19:05:53.189+0000][gc,heap       ] GC(334) Humongous regions: 147->147
[2025-10-30T19:05:53.189+0000][gc,metaspace  ] GC(334) Metaspace: 51843K(55472K)->51843K(55472K) NonClass: 46034K(48048K)->46034K(48048K) Class: 5808K(7424K)->5808K(7424K)
[2025-10-30T19:05:53.190+0000][gc            ] GC(334) Pause Young (Normal) (G1 Evacuation Pause) 455M->409M(512M) 13.814ms
[2025-10-30T19:05:53.190+0000][gc,cpu        ] GC(334) User=0.02s Sys=0.00s Real=0.02s
[2025-10-30T19:06:09.882+0000][gc,start      ] GC(335) Pause Young (Normal) (G1 Evacuation Pause)
[2025-10-30T19:06:09.882+0000][gc,task       ] GC(335) Using 2 workers of 2 for evacuation
[2025-10-30T19:06:09.894+0000][gc,phases     ] GC(335)   Pre Evacuate Collection Set: 0.0ms
[2025-10-30T19:06:09.895+0000][gc,phases     ] GC(335)   Evacuate Collection Set: 11.7ms
[2025-10-30T19:06:09.895+0000][gc,phases     ] GC(335)   Post Evacuate Collection Set: 0.6ms
[2025-10-30T19:06:09.895+0000][gc,phases     ] GC(335)   Other: 0.5ms
[2025-10-30T19:06:09.895+0000][gc,heap       ] GC(335) Eden regions: 45->0(44)
[2025-10-30T19:06:09.896+0000][gc,heap       ] GC(335) Survivor regions: 5->5(7)
[2025-10-30T19:06:09.896+0000][gc,heap       ] GC(335) Old regions: 258->259
[2025-10-30T19:06:09.896+0000][gc,heap       ] GC(335) Humongous regions: 147->147
[2025-10-30T19:06:09.896+0000][gc,metaspace  ] GC(335) Metaspace: 51843K(55472K)->51843K(55472K) NonClass: 46034K(48048K)->46034K(48048K) Class: 5808K(7424K)->5808K(7424K)
[2025-10-30T19:06:09.896+0000][gc            ] GC(335) Pause Young (Normal) (G1 Evacuation Pause) 454M->410M(512M) 14.576ms
[2025-10-30T19:06:09.896+0000][gc,cpu        ] GC(335) User=0.02s Sys=0.00s Real=0.01s
[2025-10-30T19:06:26.954+0000][gc,start      ] GC(336) Pause Young (Normal) (G1 Evacuation Pause)
[2025-10-30T19:06:26.955+0000][gc,task       ] GC(336) Using 2 workers of 2 for evacuation
[2025-10-30T19:06:26.967+0000][gc,phases     ] GC(336)   Pre Evacuate Collection Set: 0.0ms
[2025-10-30T19:06:26.967+0000][gc,phases     ] GC(336)   Evacuate Collection Set: 11.5ms
[2025-10-30T19:06:26.968+0000][gc,phases     ] GC(336)   Post Evacuate Collection Set: 0.6ms
[2025-10-30T19:06:26.968+0000][gc,phases     ] GC(336)   Other: 1.0ms
[2025-10-30T19:06:26.968+0000][gc,heap       ] GC(336) Eden regions: 44->0(42)
[2025-10-30T19:06:26.968+0000][gc,heap       ] GC(336) Survivor regions: 5->5(7)
[2025-10-30T19:06:26.968+0000][gc,heap       ] GC(336) Old regions: 259->261
[2025-10-30T19:06:26.968+0000][gc,heap       ] GC(336) Humongous regions: 147->147
[2025-10-30T19:06:26.968+0000][gc,metaspace  ] GC(336) Metaspace: 51843K(55472K)->51843K(55472K) NonClass: 46034K(48048K)->46034K(48048K) Class: 5808K(7424K)->5808K(7424K)
[2025-10-30T19:06:26.969+0000][gc            ] GC(336) Pause Young (Normal) (G1 Evacuation Pause) 454M->411M(512M) 14.565ms
[2025-10-30T19:06:26.969+0000][gc,cpu        ] GC(336) User=0.02s Sys=0.00s Real=0.02s
[2025-10-30T19:06:46.207+0000][gc,start      ] GC(337) Pause Young (Normal) (G1 Evacuation Pause)
[2025-10-30T19:06:46.207+0000][gc,task       ] GC(337) Using 2 workers of 2 for evacuation
[2025-10-30T19:06:46.218+0000][gc,phases     ] GC(337)   Pre Evacuate Collection Set: 0.0ms
[2025-10-30T19:06:46.218+0000][gc,phases     ] GC(337)   Evacuate Collection Set: 9.8ms
[2025-10-30T19:06:46.218+0000][gc,phases     ] GC(337)   Post Evacuate Collection Set: 0.6ms
[2025-10-30T19:06:46.219+0000][gc,phases     ] GC(337)   Other: 1.0ms
[2025-10-30T19:06:46.219+0000][gc,heap       ] GC(337) Eden regions: 42->0(43)
[2025-10-30T19:06:46.219+0000][gc,heap       ] GC(337) Survivor regions: 5->4(6)
[2025-10-30T19:06:46.219+0000][gc,heap       ] GC(337) Old regions: 261->262
[2025-10-30T19:06:46.219+0000][gc,heap       ] GC(337) Humongous regions: 147->147
[2025-10-30T19:06:46.219+0000][gc,metaspace  ] GC(337) Metaspace: 51843K(55472K)->51843K(55472K) NonClass: 46034K(48048K)->46034K(48048K) Class: 5808K(7424K)->5808K(7424K)
[2025-10-30T19:06:46.220+0000][gc            ] GC(337) Pause Young (Normal) (G1 Evacuation Pause) 453M->411M(512M) 12.972ms
[2025-10-30T19:06:46.220+0000][gc,cpu        ] GC(337) User=0.02s Sys=0.00s Real=0.02s
[2025-10-30T19:07:02.437+0000][gc,start      ] GC(338) Pause Young (Normal) (G1 Evacuation Pause)
[2025-10-30T19:07:02.437+0000][gc,task       ] GC(338) Using 2 workers of 2 for evacuation
[2025-10-30T19:07:02.449+0000][gc,phases     ] GC(338)   Pre Evacuate Collection Set: 0.0ms
[2025-10-30T19:07:02.449+0000][gc,phases     ] GC(338)   Evacuate Collection Set: 10.3ms
[2025-10-30T19:07:02.449+0000][gc,phases     ] GC(338)   Post Evacuate Collection Set: 0.6ms
[2025-10-30T19:07:02.449+0000][gc,phases     ] GC(338)   Other: 0.5ms
[2025-10-30T19:07:02.449+0000][gc,heap       ] GC(338) Eden regions: 43->0(42)
[2025-10-30T19:07:02.449+0000][gc,heap       ] GC(338) Survivor regions: 4->4(6)
[2025-10-30T19:07:02.450+0000][gc,heap       ] GC(338) Old regions: 262->263
[2025-10-30T19:07:02.450+0000][gc,heap       ] GC(338) Humongous regions: 147->147
[2025-10-30T19:07:02.450+0000][gc,metaspace  ] GC(338) Metaspace: 51843K(55472K)->51843K(55472K) NonClass: 46034K(48048K)->46034K(48048K) Class: 5808K(7424K)->5808K(7424K)
[2025-10-30T19:07:02.450+0000][gc            ] GC(338) Pause Young (Normal) (G1 Evacuation Pause) 454M->413M(512M) 12.854ms
[2025-10-30T19:07:02.450+0000][gc,cpu        ] GC(338) User=0.03s Sys=0.00s Real=0.02s
[2025-10-30T19:07:18.435+0000][gc,start      ] GC(339) Pause Young (Normal) (G1 Evacuation Pause)
[2025-10-30T19:07:18.435+0000][gc,task       ] GC(339) Using 2 workers of 2 for evacuation
[2025-10-30T19:07:18.446+0000][gc,phases     ] GC(339)   Pre Evacuate Collection Set: 0.0ms
[2025-10-30T19:07:18.446+0000][gc,phases     ] GC(339)   Evacuate Collection Set: 9.8ms
[2025-10-30T19:07:18.447+0000][gc,phases     ] GC(339)   Post Evacuate Collection Set: 1.0ms
[2025-10-30T19:07:18.447+0000][gc,phases     ] GC(339)   Other: 0.4ms
[2025-10-30T19:07:18.447+0000][gc,heap       ] GC(339) Eden regions: 42->0(39)
[2025-10-30T19:07:18.447+0000][gc,heap       ] GC(339) Survivor regions: 4->5(6)
[2025-10-30T19:07:18.447+0000][gc,heap       ] GC(339) Old regions: 263->264
[2025-10-30T19:07:18.447+0000][gc,heap       ] GC(339) Humongous regions: 147->147
[2025-10-30T19:07:18.447+0000][gc,metaspace  ] GC(339) Metaspace: 51843K(55472K)->51843K(55472K) NonClass: 46034K(48048K)->46034K(48048K) Class: 5808K(7424K)->5808K(7424K)
[2025-10-30T19:07:18.447+0000][gc            ] GC(339) Pause Young (Normal) (G1 Evacuation Pause) 455M->414M(512M) 12.447ms
[2025-10-30T19:07:18.448+0000][gc,cpu        ] GC(339) User=0.02s Sys=0.00s Real=0.01s
[2025-10-30T19:07:33.449+0000][gc,start      ] GC(340) Pause Young (Normal) (G1 Evacuation Pause)
[2025-10-30T19:07:33.449+0000][gc,task       ] GC(340) Using 2 workers of 2 for evacuation
[2025-10-30T19:07:33.461+0000][gc,phases     ] GC(340)   Pre Evacuate Collection Set: 0.0ms
[2025-10-30T19:07:33.461+0000][gc,phases     ] GC(340)   Evacuate Collection Set: 11.2ms
[2025-10-30T19:07:33.461+0000][gc,phases     ] GC(340)   Post Evacuate Collection Set: 0.6ms
[2025-10-30T19:07:33.462+0000][gc,phases     ] GC(340)   Other: 0.5ms
[2025-10-30T19:07:33.462+0000][gc,heap       ] GC(340) Eden regions: 39->0(41)
[2025-10-30T19:07:33.462+0000][gc,heap       ] GC(340) Survivor regions: 5->3(6)
[2025-10-30T19:07:33.462+0000][gc,heap       ] GC(340) Old regions: 264->265
[2025-10-30T19:07:33.462+0000][gc,heap       ] GC(340) Humongous regions: 147->147
[2025-10-30T19:07:33.462+0000][gc,metaspace  ] GC(340) Metaspace: 51843K(55472K)->51843K(55472K) NonClass: 46034K(48048K)->46034K(48048K) Class: 5808K(7424K)->5808K(7424K)
[2025-10-30T19:07:33.462+0000][gc            ] GC(340) Pause Young (Normal) (G1 Evacuation Pause) 453M->413M(512M) 13.609ms
[2025-10-30T19:07:33.462+0000][gc,cpu        ] GC(340) User=0.02s Sys=0.00s Real=0.02s
[2025-10-30T19:07:49.284+0000][gc,start      ] GC(341) Pause Young (Normal) (G1 Evacuation Pause)
[2025-10-30T19:07:49.284+0000][gc,task       ] GC(341) Using 2 workers of 2 for evacuation
[2025-10-30T19:07:49.295+0000][gc,phases     ] GC(341)   Pre Evacuate Collection Set: 0.0ms
[2025-10-30T19:07:49.295+0000][gc,phases     ] GC(341)   Evacuate Collection Set: 9.7ms
[2025-10-30T19:07:49.295+0000][gc,phases     ] GC(341)   Post Evacuate Collection Set: 0.5ms
[2025-10-30T19:07:49.295+0000][gc,phases     ] GC(341)   Other: 0.7ms
[2025-10-30T19:07:49.295+0000][gc,heap       ] GC(341) Eden regions: 41->0(40)
[2025-10-30T19:07:49.296+0000][gc,heap       ] GC(341) Survivor regions: 3->4(6)
[2025-10-30T19:07:49.296+0000][gc,heap       ] GC(341) Old regions: 265->265
[2025-10-30T19:07:49.296+0000][gc,heap       ] GC(341) Humongous regions: 147->147
[2025-10-30T19:07:49.296+0000][gc,metaspace  ] GC(341) Metaspace: 51843K(55472K)->51843K(55472K) NonClass: 46034K(48048K)->46034K(48048K) Class: 5808K(7424K)->5808K(7424K)
[2025-10-30T19:07:49.296+0000][gc            ] GC(341) Pause Young (Normal) (G1 Evacuation Pause) 454M->415M(512M) 12.327ms
[2025-10-30T19:07:49.296+0000][gc,cpu        ] GC(341) User=0.02s Sys=0.00s Real=0.01s
[2025-10-30T19:08:04.534+0000][gc,start      ] GC(342) Pause Young (Normal) (G1 Evacuation Pause)
[2025-10-30T19:08:04.535+0000][gc,task       ] GC(342) Using 2 workers of 2 for evacuation
[2025-10-30T19:08:04.551+0000][gc,phases     ] GC(342)   Pre Evacuate Collection Set: 0.0ms
[2025-10-30T19:08:04.551+0000][gc,phases     ] GC(342)   Evacuate Collection Set: 12.8ms
[2025-10-30T19:08:04.552+0000][gc,phases     ] GC(342)   Post Evacuate Collection Set: 0.7ms
[2025-10-30T19:08:04.553+0000][gc,phases     ] GC(342)   Other: 3.3ms
[2025-10-30T19:08:04.554+0000][gc,heap       ] GC(342) Eden regions: 40->0(39)
[2025-10-30T19:08:04.555+0000][gc,heap       ] GC(342) Survivor regions: 4->4(6)
[2025-10-30T19:08:04.555+0000][gc,heap       ] GC(342) Old regions: 265->266
[2025-10-30T19:08:04.555+0000][gc,heap       ] GC(342) Humongous regions: 147->147
[2025-10-30T19:08:04.555+0000][gc,metaspace  ] GC(342) Metaspace: 51843K(55472K)->51843K(55472K) NonClass: 46034K(48048K)->46034K(48048K) Class: 5808K(7424K)->5808K(7424K)
[2025-10-30T19:08:04.557+0000][gc            ] GC(342) Pause Young (Normal) (G1 Evacuation Pause) 455M->416M(512M) 22.843ms
[2025-10-30T19:08:04.557+0000][gc,cpu        ] GC(342) User=0.03s Sys=0.00s Real=0.02s
[2025-10-30T19:08:19.465+0000][gc,start      ] GC(343) Pause Young (Normal) (G1 Evacuation Pause)
[2025-10-30T19:08:19.465+0000][gc,task       ] GC(343) Using 2 workers of 2 for evacuation
[2025-10-30T19:08:19.477+0000][gc,phases     ] GC(343)   Pre Evacuate Collection Set: 0.0ms
[2025-10-30T19:08:19.477+0000][gc,phases     ] GC(343)   Evacuate Collection Set: 10.6ms
[2025-10-30T19:08:19.477+0000][gc,phases     ] GC(343)   Post Evacuate Collection Set: 0.7ms
[2025-10-30T19:08:19.477+0000][gc,phases     ] GC(343)   Other: 0.5ms
[2025-10-30T19:08:19.478+0000][gc,heap       ] GC(343) Eden regions: 39->0(38)
[2025-10-30T19:08:19.478+0000][gc,heap       ] GC(343) Survivor regions: 4->4(6)
[2025-10-30T19:08:19.478+0000][gc,heap       ] GC(343) Old regions: 266->267
[2025-10-30T19:08:19.478+0000][gc,heap       ] GC(343) Humongous regions: 147->147
[2025-10-30T19:08:19.478+0000][gc,metaspace  ] GC(343) Metaspace: 51843K(55472K)->51843K(55472K) NonClass: 46034K(48048K)->46034K(48048K) Class: 5808K(7424K)->5808K(7424K)
[2025-10-30T19:08:19.478+0000][gc            ] GC(343) Pause Young (Normal) (G1 Evacuation Pause) 455M->417M(512M) 13.116ms
[2025-10-30T19:08:19.478+0000][gc,cpu        ] GC(343) User=0.03s Sys=0.00s Real=0.01s
[2025-10-30T19:08:33.947+0000][gc,start      ] GC(344) Pause Young (Normal) (G1 Evacuation Pause)
[2025-10-30T19:08:33.947+0000][gc,task       ] GC(344) Using 2 workers of 2 for evacuation
[2025-10-30T19:08:33.960+0000][gc,phases     ] GC(344)   Pre Evacuate Collection Set: 0.0ms
[2025-10-30T19:08:33.961+0000][gc,phases     ] GC(344)   Evacuate Collection Set: 9.9ms
[2025-10-30T19:08:33.961+0000][gc,phases     ] GC(344)   Post Evacuate Collection Set: 0.7ms
[2025-10-30T19:08:33.961+0000][gc,phases     ] GC(344)   Other: 2.7ms
[2025-10-30T19:08:33.961+0000][gc,heap       ] GC(344) Eden regions: 38->0(38)
[2025-10-30T19:08:33.961+0000][gc,heap       ] GC(344) Survivor regions: 4->3(6)
[2025-10-30T19:08:33.961+0000][gc,heap       ] GC(344) Old regions: 267->268
[2025-10-30T19:08:33.961+0000][gc,heap       ] GC(344) Humongous regions: 147->147
[2025-10-30T19:08:33.961+0000][gc,metaspace  ] GC(344) Metaspace: 51843K(55472K)->51843K(55472K) NonClass: 46034K(48048K)->46034K(48048K) Class: 5808K(7424K)->5808K(7424K)
[2025-10-30T19:08:33.962+0000][gc            ] GC(344) Pause Young (Normal) (G1 Evacuation Pause) 455M->417M(512M) 14.560ms
[2025-10-30T19:08:33.962+0000][gc,cpu        ] GC(344) User=0.02s Sys=0.00s Real=0.01s
[2025-10-30T19:08:49.559+0000][gc,start      ] GC(345) Pause Young (Normal) (G1 Evacuation Pause)
[2025-10-30T19:08:49.560+0000][gc,task       ] GC(345) Using 2 workers of 2 for evacuation
[2025-10-30T19:08:49.571+0000][gc,phases     ] GC(345)   Pre Evacuate Collection Set: 0.0ms
[2025-10-30T19:08:49.571+0000][gc,phases     ] GC(345)   Evacuate Collection Set: 10.7ms
[2025-10-30T19:08:49.572+0000][gc,phases     ] GC(345)   Post Evacuate Collection Set: 0.6ms
[2025-10-30T19:08:49.572+0000][gc,phases     ] GC(345)   Other: 0.5ms
[2025-10-30T19:08:49.572+0000][gc,heap       ] GC(345) Eden regions: 38->0(37)
[2025-10-30T19:08:49.572+0000][gc,heap       ] GC(345) Survivor regions: 3->4(6)
[2025-10-30T19:08:49.572+0000][gc,heap       ] GC(345) Old regions: 268->268
[2025-10-30T19:08:49.572+0000][gc,heap       ] GC(345) Humongous regions: 147->147
[2025-10-30T19:08:49.572+0000][gc,metaspace  ] GC(345) Metaspace: 51843K(55472K)->51843K(55472K) NonClass: 46034K(48048K)->46034K(48048K) Class: 5808K(7424K)->5808K(7424K)
[2025-10-30T19:08:49.573+0000][gc            ] GC(345) Pause Young (Normal) (G1 Evacuation Pause) 455M->418M(512M) 13.227ms
[2025-10-30T19:08:49.573+0000][gc,cpu        ] GC(345) User=0.02s Sys=0.00s Real=0.01s
[2025-10-30T19:09:03.593+0000][gc,start      ] GC(346) Pause Young (Normal) (G1 Evacuation Pause)
[2025-10-30T19:09:03.594+0000][gc,task       ] GC(346) Using 2 workers of 2 for evacuation
[2025-10-30T19:09:03.606+0000][gc,phases     ] GC(346)   Pre Evacuate Collection Set: 0.0ms
[2025-10-30T19:09:03.607+0000][gc,phases     ] GC(346)   Evacuate Collection Set: 11.8ms
[2025-10-30T19:09:03.607+0000][gc,phases     ] GC(346)   Post Evacuate Collection Set: 0.6ms
[2025-10-30T19:09:03.607+0000][gc,phases     ] GC(346)   Other: 0.6ms
[2025-10-30T19:09:03.607+0000][gc,heap       ] GC(346) Eden regions: 37->0(35)
[2025-10-30T19:09:03.607+0000][gc,heap       ] GC(346) Survivor regions: 4->4(6)
[2025-10-30T19:09:03.607+0000][gc,heap       ] GC(346) Old regions: 268->270
[2025-10-30T19:09:03.607+0000][gc,heap       ] GC(346) Humongous regions: 147->147
[2025-10-30T19:09:03.607+0000][gc,metaspace  ] GC(346) Metaspace: 51843K(55472K)->51843K(55472K) NonClass: 46034K(48048K)->46034K(48048K) Class: 5808K(7424K)->5808K(7424K)
[2025-10-30T19:09:03.608+0000][gc            ] GC(346) Pause Young (Normal) (G1 Evacuation Pause) 455M->419M(512M) 14.276ms
[2025-10-30T19:09:03.608+0000][gc,cpu        ] GC(346) User=0.03s Sys=0.00s Real=0.01s
[2025-10-30T19:09:16.651+0000][gc,start      ] GC(347) Pause Young (Normal) (G1 Evacuation Pause)
[2025-10-30T19:09:16.651+0000][gc,task       ] GC(347) Using 2 workers of 2 for evacuation
[2025-10-30T19:09:16.663+0000][gc,phases     ] GC(347)   Pre Evacuate Collection Set: 0.0ms
[2025-10-30T19:09:16.663+0000][gc,phases     ] GC(347)   Evacuate Collection Set: 10.9ms
[2025-10-30T19:09:16.663+0000][gc,phases     ] GC(347)   Post Evacuate Collection Set: 0.6ms
[2025-10-30T19:09:16.664+0000][gc,phases     ] GC(347)   Other: 0.6ms
[2025-10-30T19:09:16.664+0000][gc,heap       ] GC(347) Eden regions: 35->0(34)
[2025-10-30T19:09:16.664+0000][gc,heap       ] GC(347) Survivor regions: 4->4(5)
[2025-10-30T19:09:16.664+0000][gc,heap       ] GC(347) Old regions: 270->271
[2025-10-30T19:09:16.664+0000][gc,heap       ] GC(347) Humongous regions: 147->147
[2025-10-30T19:09:16.664+0000][gc,metaspace  ] GC(347) Metaspace: 51843K(55472K)->51843K(55472K) NonClass: 46034K(48048K)->46034K(48048K) Class: 5808K(7424K)->5808K(7424K)
[2025-10-30T19:09:16.664+0000][gc            ] GC(347) Pause Young (Normal) (G1 Evacuation Pause) 454M->420M(512M) 13.403ms
[2025-10-30T19:09:16.665+0000][gc,cpu        ] GC(347) User=0.02s Sys=0.00s Real=0.02s
[2025-10-30T19:09:29.639+0000][gc,start      ] GC(348) Pause Young (Normal) (G1 Evacuation Pause)
[2025-10-30T19:09:29.639+0000][gc,task       ] GC(348) Using 2 workers of 2 for evacuation
[2025-10-30T19:09:29.651+0000][gc,phases     ] GC(348)   Pre Evacuate Collection Set: 0.0ms
[2025-10-30T19:09:29.651+0000][gc,phases     ] GC(348)   Evacuate Collection Set: 10.6ms
[2025-10-30T19:09:29.651+0000][gc,phases     ] GC(348)   Post Evacuate Collection Set: 0.6ms
[2025-10-30T19:09:29.651+0000][gc,phases     ] GC(348)   Other: 0.7ms
[2025-10-30T19:09:29.652+0000][gc,heap       ] GC(348) Eden regions: 34->0(34)
[2025-10-30T19:09:29.652+0000][gc,heap       ] GC(348) Survivor regions: 4->3(5)
[2025-10-30T19:09:29.652+0000][gc,heap       ] GC(348) Old regions: 271->272
[2025-10-30T19:09:29.652+0000][gc,heap       ] GC(348) Humongous regions: 147->147
[2025-10-30T19:09:29.652+0000][gc,metaspace  ] GC(348) Metaspace: 51843K(55472K)->51843K(55472K) NonClass: 46034K(48048K)->46034K(48048K) Class: 5808K(7424K)->5808K(7424K)
[2025-10-30T19:09:29.652+0000][gc            ] GC(348) Pause Young (Normal) (G1 Evacuation Pause) 454M->420M(512M) 13.451ms
[2025-10-30T19:09:29.653+0000][gc,cpu        ] GC(348) User=0.03s Sys=0.00s Real=0.01s
[2025-10-30T19:09:42.021+0000][gc,start      ] GC(349) Pause Young (Normal) (G1 Evacuation Pause)
[2025-10-30T19:09:42.021+0000][gc,task       ] GC(349) Using 2 workers of 2 for evacuation
[2025-10-30T19:09:42.033+0000][gc,phases     ] GC(349)   Pre Evacuate Collection Set: 0.0ms
[2025-10-30T19:09:42.033+0000][gc,phases     ] GC(349)   Evacuate Collection Set: 10.1ms
[2025-10-30T19:09:42.033+0000][gc,phases     ] GC(349)   Post Evacuate Collection Set: 0.7ms
[2025-10-30T19:09:42.033+0000][gc,phases     ] GC(349)   Other: 0.6ms
[2025-10-30T19:09:42.033+0000][gc,heap       ] GC(349) Eden regions: 34->0(33)
[2025-10-30T19:09:42.033+0000][gc,heap       ] GC(349) Survivor regions: 3->4(5)
[2025-10-30T19:09:42.034+0000][gc,heap       ] GC(349) Old regions: 272->272
[2025-10-30T19:09:42.034+0000][gc,heap       ] GC(349) Humongous regions: 147->147
[2025-10-30T19:09:42.034+0000][gc,metaspace  ] GC(349) Metaspace: 51843K(55472K)->51843K(55472K) NonClass: 46034K(48048K)->46034K(48048K) Class: 5808K(7424K)->5808K(7424K)
[2025-10-30T19:09:42.034+0000][gc            ] GC(349) Pause Young (Normal) (G1 Evacuation Pause) 454M->421M(512M) 12.642ms
[2025-10-30T19:09:42.034+0000][gc,cpu        ] GC(349) User=0.02s Sys=0.00s Real=0.02s
[2025-10-30T19:09:54.812+0000][gc,start      ] GC(350) Pause Young (Normal) (G1 Evacuation Pause)
[2025-10-30T19:09:54.812+0000][gc,task       ] GC(350) Using 2 workers of 2 for evacuation
[2025-10-30T19:09:54.823+0000][gc,phases     ] GC(350)   Pre Evacuate Collection Set: 0.0ms
[2025-10-30T19:09:54.824+0000][gc,phases     ] GC(350)   Evacuate Collection Set: 10.3ms
[2025-10-30T19:09:54.824+0000][gc,phases     ] GC(350)   Post Evacuate Collection Set: 0.6ms
[2025-10-30T19:09:54.824+0000][gc,phases     ] GC(350)   Other: 0.5ms
[2025-10-30T19:09:54.824+0000][gc,heap       ] GC(350) Eden regions: 33->0(32)
[2025-10-30T19:09:54.824+0000][gc,heap       ] GC(350) Survivor regions: 4->4(5)
[2025-10-30T19:09:54.824+0000][gc,heap       ] GC(350) Old regions: 272->273
[2025-10-30T19:09:54.825+0000][gc,heap       ] GC(350) Humongous regions: 147->147
[2025-10-30T19:09:54.825+0000][gc,metaspace  ] GC(350) Metaspace: 51843K(55472K)->51843K(55472K) NonClass: 46034K(48048K)->46034K(48048K) Class: 5808K(7424K)->5808K(7424K)
[2025-10-30T19:09:54.825+0000][gc            ] GC(350) Pause Young (Normal) (G1 Evacuation Pause) 454M->422M(512M) 13.013ms
[2025-10-30T19:09:54.825+0000][gc,cpu        ] GC(350) User=0.02s Sys=0.00s Real=0.01s
[2025-10-30T19:10:08.753+0000][gc,start      ] GC(351) Pause Young (Normal) (G1 Evacuation Pause)
[2025-10-30T19:10:08.753+0000][gc,task       ] GC(351) Using 2 workers of 2 for evacuation
[2025-10-30T19:10:08.764+0000][gc,phases     ] GC(351)   Pre Evacuate Collection Set: 0.0ms
[2025-10-30T19:10:08.764+0000][gc,phases     ] GC(351)   Evacuate Collection Set: 10.2ms
[2025-10-30T19:10:08.765+0000][gc,phases     ] GC(351)   Post Evacuate Collection Set: 0.6ms
[2025-10-30T19:10:08.765+0000][gc,phases     ] GC(351)   Other: 0.5ms
[2025-10-30T19:10:08.765+0000][gc,heap       ] GC(351) Eden regions: 32->0(31)
[2025-10-30T19:10:08.765+0000][gc,heap       ] GC(351) Survivor regions: 4->4(5)
[2025-10-30T19:10:08.765+0000][gc,heap       ] GC(351) Old regions: 273->274
[2025-10-30T19:10:08.766+0000][gc,heap       ] GC(351) Humongous regions: 147->147
[2025-10-30T19:10:08.766+0000][gc,metaspace  ] GC(351) Metaspace: 51843K(55472K)->51843K(55472K) NonClass: 46034K(48048K)->46034K(48048K) Class: 5808K(7424K)->5808K(7424K)
[2025-10-30T19:10:08.766+0000][gc            ] GC(351) Pause Young (Normal) (G1 Evacuation Pause) 454M->424M(512M) 12.895ms
[2025-10-30T19:10:08.766+0000][gc,cpu        ] GC(351) User=0.02s Sys=0.00s Real=0.01s
[2025-10-30T19:10:22.240+0000][gc,start      ] GC(352) Pause Young (Normal) (G1 Evacuation Pause)
[2025-10-30T19:10:22.241+0000][gc,task       ] GC(352) Using 2 workers of 2 for evacuation
[2025-10-30T19:10:22.251+0000][gc,phases     ] GC(352)   Pre Evacuate Collection Set: 0.0ms
[2025-10-30T19:10:22.251+0000][gc,phases     ] GC(352)   Evacuate Collection Set: 9.2ms
[2025-10-30T19:10:22.251+0000][gc,phases     ] GC(352)   Post Evacuate Collection Set: 0.6ms
[2025-10-30T19:10:22.251+0000][gc,phases     ] GC(352)   Other: 0.5ms
[2025-10-30T19:10:22.251+0000][gc,heap       ] GC(352) Eden regions: 31->0(32)
[2025-10-30T19:10:22.251+0000][gc,heap       ] GC(352) Survivor regions: 4->3(5)
[2025-10-30T19:10:22.252+0000][gc,heap       ] GC(352) Old regions: 274->275
[2025-10-30T19:10:22.252+0000][gc,heap       ] GC(352) Humongous regions: 147->147
[2025-10-30T19:10:22.252+0000][gc,metaspace  ] GC(352) Metaspace: 51843K(55472K)->51843K(55472K) NonClass: 46034K(48048K)->46034K(48048K) Class: 5808K(7424K)->5808K(7424K)
[2025-10-30T19:10:22.252+0000][gc            ] GC(352) Pause Young (Normal) (G1 Evacuation Pause) 455M->423M(512M) 11.508ms
[2025-10-30T19:10:22.252+0000][gc,cpu        ] GC(352) User=0.02s Sys=0.00s Real=0.01s
[2025-10-30T19:10:34.384+0000][gc,start      ] GC(353) Pause Young (Normal) (G1 Evacuation Pause)
[2025-10-30T19:10:34.384+0000][gc,task       ] GC(353) Using 2 workers of 2 for evacuation
[2025-10-30T19:10:34.397+0000][gc,phases     ] GC(353)   Pre Evacuate Collection Set: 0.0ms
[2025-10-30T19:10:34.397+0000][gc,phases     ] GC(353)   Evacuate Collection Set: 9.6ms
[2025-10-30T19:10:34.397+0000][gc,phases     ] GC(353)   Post Evacuate Collection Set: 0.6ms
[2025-10-30T19:10:34.397+0000][gc,phases     ] GC(353)   Other: 3.1ms
[2025-10-30T19:10:34.397+0000][gc,heap       ] GC(353) Eden regions: 32->0(30)
[2025-10-30T19:10:34.398+0000][gc,heap       ] GC(353) Survivor regions: 3->4(5)
[2025-10-30T19:10:34.398+0000][gc,heap       ] GC(353) Old regions: 275->275
[2025-10-30T19:10:34.398+0000][gc,heap       ] GC(353) Humongous regions: 147->147
[2025-10-30T19:10:34.398+0000][gc,metaspace  ] GC(353) Metaspace: 51843K(55472K)->51843K(55472K) NonClass: 46034K(48048K)->46034K(48048K) Class: 5808K(7424K)->5808K(7424K)
[2025-10-30T19:10:34.398+0000][gc            ] GC(353) Pause Young (Normal) (G1 Evacuation Pause) 455M->424M(512M) 14.338ms
[2025-10-30T19:10:34.398+0000][gc,cpu        ] GC(353) User=0.02s Sys=0.00s Real=0.02s
[2025-10-30T19:10:45.286+0000][gc,start      ] GC(354) Pause Young (Normal) (G1 Evacuation Pause)
[2025-10-30T19:10:45.286+0000][gc,task       ] GC(354) Using 2 workers of 2 for evacuation
[2025-10-30T19:10:45.297+0000][gc,phases     ] GC(354)   Pre Evacuate Collection Set: 0.0ms
[2025-10-30T19:10:45.297+0000][gc,phases     ] GC(354)   Evacuate Collection Set: 10.5ms
[2025-10-30T19:10:45.298+0000][gc,phases     ] GC(354)   Post Evacuate Collection Set: 0.6ms
[2025-10-30T19:10:45.298+0000][gc,phases     ] GC(354)   Other: 0.5ms
[2025-10-30T19:10:45.298+0000][gc,heap       ] GC(354) Eden regions: 30->0(31)
[2025-10-30T19:10:45.298+0000][gc,heap       ] GC(354) Survivor regions: 4->3(5)
[2025-10-30T19:10:45.298+0000][gc,heap       ] GC(354) Old regions: 275->276
[2025-10-30T19:10:45.298+0000][gc,heap       ] GC(354) Humongous regions: 147->147
[2025-10-30T19:10:45.298+0000][gc,metaspace  ] GC(354) Metaspace: 51843K(55472K)->51843K(55472K) NonClass: 46034K(48048K)->46034K(48048K) Class: 5808K(7424K)->5808K(7424K)
[2025-10-30T19:10:45.298+0000][gc            ] GC(354) Pause Young (Normal) (G1 Evacuation Pause) 454M->425M(512M) 12.960ms
[2025-10-30T19:10:45.299+0000][gc,cpu        ] GC(354) User=0.02s Sys=0.00s Real=0.02s
[2025-10-30T19:10:57.523+0000][gc,start      ] GC(355) Pause Young (Normal) (G1 Evacuation Pause)
[2025-10-30T19:10:57.523+0000][gc,task       ] GC(355) Using 2 workers of 2 for evacuation
[2025-10-30T19:10:57.535+0000][gc,phases     ] GC(355)   Pre Evacuate Collection Set: 0.0ms
[2025-10-30T19:10:57.535+0000][gc,phases     ] GC(355)   Evacuate Collection Set: 10.5ms
[2025-10-30T19:10:57.535+0000][gc,phases     ] GC(355)   Post Evacuate Collection Set: 0.6ms
[2025-10-30T19:10:57.535+0000][gc,phases     ] GC(355)   Other: 0.4ms
[2025-10-30T19:10:57.535+0000][gc,heap       ] GC(355) Eden regions: 31->0(28)
[2025-10-30T19:10:57.535+0000][gc,heap       ] GC(355) Survivor regions: 3->4(5)
[2025-10-30T19:10:57.536+0000][gc,heap       ] GC(355) Old regions: 276->277
[2025-10-30T19:10:57.536+0000][gc,heap       ] GC(355) Humongous regions: 147->147
[2025-10-30T19:10:57.536+0000][gc,metaspace  ] GC(355) Metaspace: 51845K(55472K)->51845K(55472K) NonClass: 46036K(48048K)->46036K(48048K) Class: 5808K(7424K)->5808K(7424K)
[2025-10-30T19:10:57.536+0000][gc            ] GC(355) Pause Young (Normal) (G1 Evacuation Pause) 456M->426M(512M) 12.817ms
[2025-10-30T19:10:57.536+0000][gc,cpu        ] GC(355) User=0.02s Sys=0.00s Real=0.01s
[2025-10-30T19:11:08.664+0000][gc,start      ] GC(356) Pause Young (Normal) (G1 Evacuation Pause)
[2025-10-30T19:11:08.664+0000][gc,task       ] GC(356) Using 2 workers of 2 for evacuation
[2025-10-30T19:11:08.676+0000][gc,phases     ] GC(356)   Pre Evacuate Collection Set: 0.0ms
[2025-10-30T19:11:08.676+0000][gc,phases     ] GC(356)   Evacuate Collection Set: 11.0ms
[2025-10-30T19:11:08.677+0000][gc,phases     ] GC(356)   Post Evacuate Collection Set: 0.7ms
[2025-10-30T19:11:08.677+0000][gc,phases     ] GC(356)   Other: 0.8ms
[2025-10-30T19:11:08.677+0000][gc,heap       ] GC(356) Eden regions: 28->0(29)
[2025-10-30T19:11:08.677+0000][gc,heap       ] GC(356) Survivor regions: 4->3(4)
[2025-10-30T19:11:08.677+0000][gc,heap       ] GC(356) Old regions: 277->278
[2025-10-30T19:11:08.678+0000][gc,heap       ] GC(356) Humongous regions: 147->147
[2025-10-30T19:11:08.678+0000][gc,metaspace  ] GC(356) Metaspace: 51845K(55472K)->51845K(55472K) NonClass: 46036K(48048K)->46036K(48048K) Class: 5808K(7424K)->5808K(7424K)
[2025-10-30T19:11:08.678+0000][gc            ] GC(356) Pause Young (Normal) (G1 Evacuation Pause) 454M->427M(512M) 13.998ms
[2025-10-30T19:11:08.678+0000][gc,cpu        ] GC(356) User=0.02s Sys=0.00s Real=0.01s
[2025-10-30T19:11:19.559+0000][gc,start      ] GC(357) Pause Young (Normal) (G1 Evacuation Pause)
[2025-10-30T19:11:19.559+0000][gc,task       ] GC(357) Using 2 workers of 2 for evacuation
[2025-10-30T19:11:19.570+0000][gc,phases     ] GC(357)   Pre Evacuate Collection Set: 0.0ms
[2025-10-30T19:11:19.570+0000][gc,phases     ] GC(357)   Evacuate Collection Set: 10.0ms
[2025-10-30T19:11:19.570+0000][gc,phases     ] GC(357)   Post Evacuate Collection Set: 0.6ms
[2025-10-30T19:11:19.570+0000][gc,phases     ] GC(357)   Other: 0.5ms
[2025-10-30T19:11:19.571+0000][gc,heap       ] GC(357) Eden regions: 29->0(28)
[2025-10-30T19:11:19.571+0000][gc,heap       ] GC(357) Survivor regions: 3->3(4)
[2025-10-30T19:11:19.571+0000][gc,heap       ] GC(357) Old regions: 278->279
[2025-10-30T19:11:19.571+0000][gc,heap       ] GC(357) Humongous regions: 147->147
[2025-10-30T19:11:19.571+0000][gc,metaspace  ] GC(357) Metaspace: 51845K(55472K)->51845K(55472K) NonClass: 46036K(48048K)->46036K(48048K) Class: 5808K(7424K)->5808K(7424K)
[2025-10-30T19:11:19.571+0000][gc            ] GC(357) Pause Young (Normal) (G1 Evacuation Pause) 456M->427M(512M) 12.376ms
[2025-10-30T19:11:19.571+0000][gc,cpu        ] GC(357) User=0.02s Sys=0.00s Real=0.01s
[2025-10-30T19:11:30.504+0000][gc,start      ] GC(358) Pause Young (Normal) (G1 Evacuation Pause)
[2025-10-30T19:11:30.504+0000][gc,task       ] GC(358) Using 2 workers of 2 for evacuation
[2025-10-30T19:11:30.515+0000][gc,phases     ] GC(358)   Pre Evacuate Collection Set: 0.0ms
[2025-10-30T19:11:30.515+0000][gc,phases     ] GC(358)   Evacuate Collection Set: 10.1ms
[2025-10-30T19:11:30.516+0000][gc,phases     ] GC(358)   Post Evacuate Collection Set: 0.8ms
[2025-10-30T19:11:30.516+0000][gc,phases     ] GC(358)   Other: 0.5ms
[2025-10-30T19:11:30.516+0000][gc,heap       ] GC(358) Eden regions: 28->0(28)
[2025-10-30T19:11:30.516+0000][gc,heap       ] GC(358) Survivor regions: 3->3(4)
[2025-10-30T19:11:30.516+0000][gc,heap       ] GC(358) Old regions: 279->279
[2025-10-30T19:11:30.517+0000][gc,heap       ] GC(358) Humongous regions: 147->147
[2025-10-30T19:11:30.517+0000][gc,metaspace  ] GC(358) Metaspace: 51845K(55472K)->51845K(55472K) NonClass: 46036K(48048K)->46036K(48048K) Class: 5808K(7424K)->5808K(7424K)
[2025-10-30T19:11:30.517+0000][gc            ] GC(358) Pause Young (Normal) (G1 Evacuation Pause) 455M->428M(512M) 12.922ms
[2025-10-30T19:11:30.517+0000][gc,cpu        ] GC(358) User=0.02s Sys=0.00s Real=0.01s
[2025-10-30T19:11:40.680+0000][gc,start      ] GC(359) Pause Young (Normal) (G1 Evacuation Pause)
[2025-10-30T19:11:40.680+0000][gc,task       ] GC(359) Using 2 workers of 2 for evacuation
[2025-10-30T19:11:40.692+0000][gc,phases     ] GC(359)   Pre Evacuate Collection Set: 0.0ms
[2025-10-30T19:11:40.692+0000][gc,phases     ] GC(359)   Evacuate Collection Set: 10.7ms
[2025-10-30T19:11:40.692+0000][gc,phases     ] GC(359)   Post Evacuate Collection Set: 0.7ms
[2025-10-30T19:11:40.692+0000][gc,phases     ] GC(359)   Other: 0.5ms
[2025-10-30T19:11:40.693+0000][gc,heap       ] GC(359) Eden regions: 28->0(27)
[2025-10-30T19:11:40.693+0000][gc,heap       ] GC(359) Survivor regions: 3->3(4)
[2025-10-30T19:11:40.693+0000][gc,heap       ] GC(359) Old regions: 279->280
[2025-10-30T19:11:40.693+0000][gc,heap       ] GC(359) Humongous regions: 147->147
[2025-10-30T19:11:40.693+0000][gc,metaspace  ] GC(359) Metaspace: 51845K(55472K)->51845K(55472K) NonClass: 46036K(48048K)->46036K(48048K) Class: 5808K(7424K)->5808K(7424K)
[2025-10-30T19:11:40.693+0000][gc            ] GC(359) Pause Young (Normal) (G1 Evacuation Pause) 456M->429M(512M) 13.414ms
[2025-10-30T19:11:40.693+0000][gc,cpu        ] GC(359) User=0.02s Sys=0.00s Real=0.02s
[2025-10-30T19:11:51.549+0000][gc,start      ] GC(360) Pause Young (Normal) (G1 Evacuation Pause)
[2025-10-30T19:11:51.550+0000][gc,task       ] GC(360) Using 2 workers of 2 for evacuation
[2025-10-30T19:11:51.563+0000][gc,phases     ] GC(360)   Pre Evacuate Collection Set: 0.0ms
[2025-10-30T19:11:51.563+0000][gc,phases     ] GC(360)   Evacuate Collection Set: 11.6ms
[2025-10-30T19:11:51.563+0000][gc,phases     ] GC(360)   Post Evacuate Collection Set: 1.0ms
[2025-10-30T19:11:51.563+0000][gc,phases     ] GC(360)   Other: 0.7ms
[2025-10-30T19:11:51.563+0000][gc,heap       ] GC(360) Eden regions: 27->0(26)
[2025-10-30T19:11:51.563+0000][gc,heap       ] GC(360) Survivor regions: 3->3(4)
[2025-10-30T19:11:51.564+0000][gc,heap       ] GC(360) Old regions: 280->281
[2025-10-30T19:11:51.564+0000][gc,heap       ] GC(360) Humongous regions: 147->147
[2025-10-30T19:11:51.564+0000][gc,metaspace  ] GC(360) Metaspace: 51845K(55472K)->51845K(55472K) NonClass: 46036K(48048K)->46036K(48048K) Class: 5808K(7424K)->5808K(7424K)
[2025-10-30T19:11:51.564+0000][gc            ] GC(360) Pause Young (Normal) (G1 Evacuation Pause) 456M->429M(512M) 14.896ms
[2025-10-30T19:11:51.564+0000][gc,cpu        ] GC(360) User=0.02s Sys=0.00s Real=0.02s
[2025-10-30T19:12:01.472+0000][gc,start      ] GC(361) Pause Young (Normal) (G1 Evacuation Pause)
[2025-10-30T19:12:01.472+0000][gc,task       ] GC(361) Using 2 workers of 2 for evacuation
[2025-10-30T19:12:01.483+0000][gc,phases     ] GC(361)   Pre Evacuate Collection Set: 0.0ms
[2025-10-30T19:12:01.483+0000][gc,phases     ] GC(361)   Evacuate Collection Set: 9.9ms
[2025-10-30T19:12:01.483+0000][gc,phases     ] GC(361)   Post Evacuate Collection Set: 0.6ms
[2025-10-30T19:12:01.484+0000][gc,phases     ] GC(361)   Other: 0.5ms
[2025-10-30T19:12:01.484+0000][gc,heap       ] GC(361) Eden regions: 26->0(25)
[2025-10-30T19:12:01.484+0000][gc,heap       ] GC(361) Survivor regions: 3->3(4)
[2025-10-30T19:12:01.484+0000][gc,heap       ] GC(361) Old regions: 281->282
[2025-10-30T19:12:01.484+0000][gc,heap       ] GC(361) Humongous regions: 147->147
[2025-10-30T19:12:01.484+0000][gc,metaspace  ] GC(361) Metaspace: 51845K(55472K)->51845K(55472K) NonClass: 46036K(48048K)->46036K(48048K) Class: 5808K(7424K)->5808K(7424K)
[2025-10-30T19:12:01.484+0000][gc            ] GC(361) Pause Young (Normal) (G1 Evacuation Pause) 455M->430M(512M) 12.291ms
[2025-10-30T19:12:01.485+0000][gc,cpu        ] GC(361) User=0.02s Sys=0.00s Real=0.02s
[2025-10-30T19:12:10.674+0000][gc,start      ] GC(362) Pause Young (Normal) (G1 Evacuation Pause)
[2025-10-30T19:12:10.675+0000][gc,task       ] GC(362) Using 2 workers of 2 for evacuation
[2025-10-30T19:12:10.685+0000][gc,phases     ] GC(362)   Pre Evacuate Collection Set: 0.0ms
[2025-10-30T19:12:10.685+0000][gc,phases     ] GC(362)   Evacuate Collection Set: 8.9ms
[2025-10-30T19:12:10.686+0000][gc,phases     ] GC(362)   Post Evacuate Collection Set: 0.6ms
[2025-10-30T19:12:10.686+0000][gc,phases     ] GC(362)   Other: 1.3ms
[2025-10-30T19:12:10.686+0000][gc,heap       ] GC(362) Eden regions: 25->0(26)
[2025-10-30T19:12:10.686+0000][gc,heap       ] GC(362) Survivor regions: 3->2(4)
[2025-10-30T19:12:10.686+0000][gc,heap       ] GC(362) Old regions: 282->282
[2025-10-30T19:12:10.686+0000][gc,heap       ] GC(362) Humongous regions: 147->147
[2025-10-30T19:12:10.687+0000][gc,metaspace  ] GC(362) Metaspace: 51845K(55472K)->51845K(55472K) NonClass: 46036K(48048K)->46036K(48048K) Class: 5808K(7424K)->5808K(7424K)
[2025-10-30T19:12:10.687+0000][gc            ] GC(362) Pause Young (Normal) (G1 Evacuation Pause) 455M->430M(512M) 12.551ms
[2025-10-30T19:12:10.687+0000][gc,cpu        ] GC(362) User=0.02s Sys=0.00s Real=0.01s
[2025-10-30T19:12:20.855+0000][gc,start      ] GC(363) Pause Young (Normal) (G1 Evacuation Pause)
[2025-10-30T19:12:20.855+0000][gc,task       ] GC(363) Using 2 workers of 2 for evacuation
[2025-10-30T19:12:20.864+0000][gc,phases     ] GC(363)   Pre Evacuate Collection Set: 0.0ms
[2025-10-30T19:12:20.864+0000][gc,phases     ] GC(363)   Evacuate Collection Set: 8.6ms
[2025-10-30T19:12:20.865+0000][gc,phases     ] GC(363)   Post Evacuate Collection Set: 0.6ms
[2025-10-30T19:12:20.865+0000][gc,phases     ] GC(363)   Other: 0.5ms
[2025-10-30T19:12:20.865+0000][gc,heap       ] GC(363) Eden regions: 26->0(25)
[2025-10-30T19:12:20.865+0000][gc,heap       ] GC(363) Survivor regions: 2->3(4)
[2025-10-30T19:12:20.865+0000][gc,heap       ] GC(363) Old regions: 282->282
[2025-10-30T19:12:20.865+0000][gc,heap       ] GC(363) Humongous regions: 147->147
[2025-10-30T19:12:20.865+0000][gc,metaspace  ] GC(363) Metaspace: 51845K(55472K)->51845K(55472K) NonClass: 46036K(48048K)->46036K(48048K) Class: 5808K(7424K)->5808K(7424K)
[2025-10-30T19:12:20.866+0000][gc            ] GC(363) Pause Young (Normal) (G1 Evacuation Pause) 456M->431M(512M) 10.960ms
[2025-10-30T19:12:20.866+0000][gc,cpu        ] GC(363) User=0.01s Sys=0.00s Real=0.01s
[2025-10-30T19:12:30.315+0000][gc,start      ] GC(364) Pause Young (Normal) (G1 Evacuation Pause)
[2025-10-30T19:12:30.315+0000][gc,task       ] GC(364) Using 2 workers of 2 for evacuation
[2025-10-30T19:12:30.326+0000][gc,phases     ] GC(364)   Pre Evacuate Collection Set: 0.0ms
[2025-10-30T19:12:30.326+0000][gc,phases     ] GC(364)   Evacuate Collection Set: 9.5ms
[2025-10-30T19:12:30.326+0000][gc,phases     ] GC(364)   Post Evacuate Collection Set: 0.7ms
[2025-10-30T19:12:30.326+0000][gc,phases     ] GC(364)   Other: 0.5ms
[2025-10-30T19:12:30.326+0000][gc,heap       ] GC(364) Eden regions: 25->0(24)
[2025-10-30T19:12:30.327+0000][gc,heap       ] GC(364) Survivor regions: 3->3(4)
[2025-10-30T19:12:30.327+0000][gc,heap       ] GC(364) Old regions: 282->283
[2025-10-30T19:12:30.327+0000][gc,heap       ] GC(364) Humongous regions: 147->147
[2025-10-30T19:12:30.327+0000][gc,metaspace  ] GC(364) Metaspace: 51845K(55472K)->51845K(55472K) NonClass: 46036K(48048K)->46036K(48048K) Class: 5808K(7424K)->5808K(7424K)
[2025-10-30T19:12:30.327+0000][gc            ] GC(364) Pause Young (Normal) (G1 Evacuation Pause) 456M->432M(512M) 11.971ms
[2025-10-30T19:12:30.327+0000][gc,cpu        ] GC(364) User=0.02s Sys=0.00s Real=0.01s
[2025-10-30T19:12:39.604+0000][gc,start      ] GC(365) Pause Young (Normal) (G1 Evacuation Pause)
[2025-10-30T19:12:39.605+0000][gc,task       ] GC(365) Using 2 workers of 2 for evacuation
[2025-10-30T19:12:39.615+0000][gc,phases     ] GC(365)   Pre Evacuate Collection Set: 0.0ms
[2025-10-30T19:12:39.616+0000][gc,phases     ] GC(365)   Evacuate Collection Set: 9.8ms
[2025-10-30T19:12:39.616+0000][gc,phases     ] GC(365)   Post Evacuate Collection Set: 0.5ms
[2025-10-30T19:12:39.616+0000][gc,phases     ] GC(365)   Other: 0.5ms
[2025-10-30T19:12:39.616+0000][gc,heap       ] GC(365) Eden regions: 24->0(23)
[2025-10-30T19:12:39.616+0000][gc,heap       ] GC(365) Survivor regions: 3->3(4)
[2025-10-30T19:12:39.616+0000][gc,heap       ] GC(365) Old regions: 283->284
[2025-10-30T19:12:39.617+0000][gc,heap       ] GC(365) Humongous regions: 147->147
[2025-10-30T19:12:39.617+0000][gc,metaspace  ] GC(365) Metaspace: 51845K(55472K)->51845K(55472K) NonClass: 46036K(48048K)->46036K(48048K) Class: 5808K(7424K)->5808K(7424K)
[2025-10-30T19:12:39.617+0000][gc            ] GC(365) Pause Young (Normal) (G1 Evacuation Pause) 456M->432M(512M) 12.403ms
[2025-10-30T19:12:39.617+0000][gc,cpu        ] GC(365) User=0.02s Sys=0.00s Real=0.01s
[2025-10-30T19:12:48.518+0000][gc,start      ] GC(366) Pause Young (Normal) (G1 Evacuation Pause)
[2025-10-30T19:12:48.518+0000][gc,task       ] GC(366) Using 2 workers of 2 for evacuation
[2025-10-30T19:12:48.529+0000][gc,phases     ] GC(366)   Pre Evacuate Collection Set: 0.0ms
[2025-10-30T19:12:48.529+0000][gc,phases     ] GC(366)   Evacuate Collection Set: 9.3ms
[2025-10-30T19:12:48.529+0000][gc,phases     ] GC(366)   Post Evacuate Collection Set: 0.7ms
[2025-10-30T19:12:48.529+0000][gc,phases     ] GC(366)   Other: 0.5ms
[2025-10-30T19:12:48.529+0000][gc,heap       ] GC(366) Eden regions: 23->0(22)
[2025-10-30T19:12:48.529+0000][gc,heap       ] GC(366) Survivor regions: 3->3(4)
[2025-10-30T19:12:48.530+0000][gc,heap       ] GC(366) Old regions: 284->285
[2025-10-30T19:12:48.530+0000][gc,heap       ] GC(366) Humongous regions: 147->147
[2025-10-30T19:12:48.530+0000][gc,metaspace  ] GC(366) Metaspace: 51845K(55472K)->51845K(55472K) NonClass: 46036K(48048K)->46036K(48048K) Class: 5808K(7424K)->5808K(7424K)
[2025-10-30T19:12:48.530+0000][gc            ] GC(366) Pause Young (Normal) (G1 Evacuation Pause) 455M->433M(512M) 11.882ms
[2025-10-30T19:12:48.530+0000][gc,cpu        ] GC(366) User=0.02s Sys=0.00s Real=0.01s
[2025-10-30T19:12:57.061+0000][gc,start      ] GC(367) Pause Young (Normal) (G1 Evacuation Pause)
[2025-10-30T19:12:57.062+0000][gc,task       ] GC(367) Using 2 workers of 2 for evacuation
[2025-10-30T19:12:57.072+0000][gc,phases     ] GC(367)   Pre Evacuate Collection Set: 0.0ms
[2025-10-30T19:12:57.073+0000][gc,phases     ] GC(367)   Evacuate Collection Set: 9.6ms
[2025-10-30T19:12:57.073+0000][gc,phases     ] GC(367)   Post Evacuate Collection Set: 0.7ms
[2025-10-30T19:12:57.073+0000][gc,phases     ] GC(367)   Other: 1.2ms
[2025-10-30T19:12:57.073+0000][gc,heap       ] GC(367) Eden regions: 22->0(22)
[2025-10-30T19:12:57.073+0000][gc,heap       ] GC(367) Survivor regions: 3->3(4)
[2025-10-30T19:12:57.073+0000][gc,heap       ] GC(367) Old regions: 285->286
[2025-10-30T19:12:57.073+0000][gc,heap       ] GC(367) Humongous regions: 147->147
[2025-10-30T19:12:57.074+0000][gc,metaspace  ] GC(367) Metaspace: 51845K(55472K)->51845K(55472K) NonClass: 46036K(48048K)->46036K(48048K) Class: 5808K(7424K)->5808K(7424K)
[2025-10-30T19:12:57.074+0000][gc            ] GC(367) Pause Young (Normal) (G1 Evacuation Pause) 455M->434M(512M) 12.680ms
[2025-10-30T19:12:57.074+0000][gc,cpu        ] GC(367) User=0.02s Sys=0.00s Real=0.01s
[2025-10-30T19:13:07.001+0000][gc,start      ] GC(368) Pause Young (Normal) (G1 Evacuation Pause)
[2025-10-30T19:13:07.002+0000][gc,task       ] GC(368) Using 2 workers of 2 for evacuation
[2025-10-30T19:13:07.015+0000][gc,phases     ] GC(368)   Pre Evacuate Collection Set: 0.0ms
[2025-10-30T19:13:07.015+0000][gc,phases     ] GC(368)   Evacuate Collection Set: 11.7ms
[2025-10-30T19:13:07.015+0000][gc,phases     ] GC(368)   Post Evacuate Collection Set: 0.7ms
[2025-10-30T19:13:07.015+0000][gc,phases     ] GC(368)   Other: 0.8ms
[2025-10-30T19:13:07.015+0000][gc,heap       ] GC(368) Eden regions: 22->0(23)
[2025-10-30T19:13:07.016+0000][gc,heap       ] GC(368) Survivor regions: 3->2(4)
[2025-10-30T19:13:07.016+0000][gc,heap       ] GC(368) Old regions: 286->286
[2025-10-30T19:13:07.017+0000][gc,heap       ] GC(368) Humongous regions: 147->147
[2025-10-30T19:13:07.017+0000][gc,metaspace  ] GC(368) Metaspace: 51845K(55472K)->51845K(55472K) NonClass: 46036K(48048K)->46036K(48048K) Class: 5808K(7424K)->5808K(7424K)
[2025-10-30T19:13:07.017+0000][gc            ] GC(368) Pause Young (Normal) (G1 Evacuation Pause) 456M->434M(512M) 15.783ms
[2025-10-30T19:13:07.017+0000][gc,cpu        ] GC(368) User=0.03s Sys=0.00s Real=0.02s
[2025-10-30T19:13:17.625+0000][gc,start      ] GC(369) Pause Young (Normal) (G1 Evacuation Pause)
[2025-10-30T19:13:17.626+0000][gc,task       ] GC(369) Using 2 workers of 2 for evacuation
[2025-10-30T19:13:17.637+0000][gc,phases     ] GC(369)   Pre Evacuate Collection Set: 0.0ms
[2025-10-30T19:13:17.637+0000][gc,phases     ] GC(369)   Evacuate Collection Set: 9.8ms
[2025-10-30T19:13:17.638+0000][gc,phases     ] GC(369)   Post Evacuate Collection Set: 1.0ms
[2025-10-30T19:13:17.638+0000][gc,phases     ] GC(369)   Other: 1.4ms
[2025-10-30T19:13:17.638+0000][gc,heap       ] GC(369) Eden regions: 23->0(22)
[2025-10-30T19:13:17.638+0000][gc,heap       ] GC(369) Survivor regions: 2->3(4)
[2025-10-30T19:13:17.639+0000][gc,heap       ] GC(369) Old regions: 286->286
[2025-10-30T19:13:17.639+0000][gc,heap       ] GC(369) Humongous regions: 147->147
[2025-10-30T19:13:17.639+0000][gc,metaspace  ] GC(369) Metaspace: 51845K(55472K)->51845K(55472K) NonClass: 46036K(48048K)->46036K(48048K) Class: 5808K(7424K)->5808K(7424K)
[2025-10-30T19:13:17.639+0000][gc            ] GC(369) Pause Young (Normal) (G1 Evacuation Pause) 457M->435M(512M) 14.367ms
[2025-10-30T19:13:17.639+0000][gc,cpu        ] GC(369) User=0.02s Sys=0.00s Real=0.01s
[2025-10-30T19:13:26.320+0000][gc,start      ] GC(370) Pause Young (Normal) (G1 Evacuation Pause)
[2025-10-30T19:13:26.320+0000][gc,task       ] GC(370) Using 2 workers of 2 for evacuation
[2025-10-30T19:13:26.332+0000][gc,phases     ] GC(370)   Pre Evacuate Collection Set: 0.0ms
[2025-10-30T19:13:26.332+0000][gc,phases     ] GC(370)   Evacuate Collection Set: 10.2ms
[2025-10-30T19:13:26.332+0000][gc,phases     ] GC(370)   Post Evacuate Collection Set: 0.7ms
[2025-10-30T19:13:26.332+0000][gc,phases     ] GC(370)   Other: 0.7ms
[2025-10-30T19:13:26.333+0000][gc,heap       ] GC(370) Eden regions: 22->0(22)
[2025-10-30T19:13:26.333+0000][gc,heap       ] GC(370) Survivor regions: 3->3(4)
[2025-10-30T19:13:26.333+0000][gc,heap       ] GC(370) Old regions: 286->286
[2025-10-30T19:13:26.333+0000][gc,heap       ] GC(370) Humongous regions: 147->147
[2025-10-30T19:13:26.333+0000][gc,metaspace  ] GC(370) Metaspace: 51845K(55472K)->51845K(55472K) NonClass: 46036K(48048K)->46036K(48048K) Class: 5808K(7424K)->5808K(7424K)
[2025-10-30T19:13:26.333+0000][gc            ] GC(370) Pause Young (Normal) (G1 Evacuation Pause) 457M->435M(512M) 13.156ms
[2025-10-30T19:13:26.334+0000][gc,cpu        ] GC(370) User=0.02s Sys=0.00s Real=0.01s
[2025-10-30T19:13:34.464+0000][gc,start      ] GC(371) Pause Young (Normal) (G1 Evacuation Pause)
[2025-10-30T19:13:34.464+0000][gc,task       ] GC(371) Using 2 workers of 2 for evacuation
[2025-10-30T19:13:34.478+0000][gc,phases     ] GC(371)   Pre Evacuate Collection Set: 0.0ms
[2025-10-30T19:13:34.478+0000][gc,phases     ] GC(371)   Evacuate Collection Set: 10.9ms
[2025-10-30T19:13:34.478+0000][gc,phases     ] GC(371)   Post Evacuate Collection Set: 0.7ms
[2025-10-30T19:13:34.478+0000][gc,phases     ] GC(371)   Other: 2.2ms
[2025-10-30T19:13:34.478+0000][gc,heap       ] GC(371) Eden regions: 22->0(22)
[2025-10-30T19:13:34.478+0000][gc,heap       ] GC(371) Survivor regions: 3->3(4)
[2025-10-30T19:13:34.479+0000][gc,heap       ] GC(371) Old regions: 286->288
[2025-10-30T19:13:34.479+0000][gc,heap       ] GC(371) Humongous regions: 147->147
[2025-10-30T19:13:34.479+0000][gc,metaspace  ] GC(371) Metaspace: 51845K(55472K)->51845K(55472K) NonClass: 46036K(48048K)->46036K(48048K) Class: 5808K(7424K)->5808K(7424K)
[2025-10-30T19:13:34.479+0000][gc            ] GC(371) Pause Young (Normal) (G1 Evacuation Pause) 457M->436M(512M) 15.390ms
[2025-10-30T19:13:34.479+0000][gc,cpu        ] GC(371) User=0.02s Sys=0.00s Real=0.02s
[2025-10-30T19:13:42.277+0000][gc,start      ] GC(372) Pause Young (Normal) (G1 Evacuation Pause)
[2025-10-30T19:13:42.277+0000][gc,task       ] GC(372) Using 2 workers of 2 for evacuation
[2025-10-30T19:13:42.291+0000][gc,phases     ] GC(372)   Pre Evacuate Collection Set: 0.0ms
[2025-10-30T19:13:42.291+0000][gc,phases     ] GC(372)   Evacuate Collection Set: 12.3ms
[2025-10-30T19:13:42.291+0000][gc,phases     ] GC(372)   Post Evacuate Collection Set: 0.7ms
[2025-10-30T19:13:42.292+0000][gc,phases     ] GC(372)   Other: 1.6ms
[2025-10-30T19:13:42.292+0000][gc,heap       ] GC(372) Eden regions: 22->0(22)
[2025-10-30T19:13:42.292+0000][gc,heap       ] GC(372) Survivor regions: 3->3(4)
[2025-10-30T19:13:42.292+0000][gc,heap       ] GC(372) Old regions: 288->288
[2025-10-30T19:13:42.292+0000][gc,heap       ] GC(372) Humongous regions: 147->147
[2025-10-30T19:13:42.293+0000][gc,metaspace  ] GC(372) Metaspace: 51845K(55472K)->51845K(55472K) NonClass: 46036K(48048K)->46036K(48048K) Class: 5808K(7424K)->5808K(7424K)
[2025-10-30T19:13:42.293+0000][gc            ] GC(372) Pause Young (Normal) (G1 Evacuation Pause) 458M->437M(512M) 16.253ms
[2025-10-30T19:13:42.293+0000][gc,cpu        ] GC(372) User=0.03s Sys=0.00s Real=0.01s
[2025-10-30T19:13:50.735+0000][gc,start      ] GC(373) Pause Young (Normal) (G1 Evacuation Pause)
[2025-10-30T19:13:50.735+0000][gc,task       ] GC(373) Using 2 workers of 2 for evacuation
[2025-10-30T19:13:50.747+0000][gc,phases     ] GC(373)   Pre Evacuate Collection Set: 0.0ms
[2025-10-30T19:13:50.748+0000][gc,phases     ] GC(373)   Evacuate Collection Set: 10.8ms
[2025-10-30T19:13:50.748+0000][gc,phases     ] GC(373)   Post Evacuate Collection Set: 0.8ms
[2025-10-30T19:13:50.748+0000][gc,phases     ] GC(373)   Other: 0.7ms
[2025-10-30T19:13:50.748+0000][gc,heap       ] GC(373) Eden regions: 22->0(22)
[2025-10-30T19:13:50.749+0000][gc,heap       ] GC(373) Survivor regions: 3->3(4)
[2025-10-30T19:13:50.749+0000][gc,heap       ] GC(373) Old regions: 288->289
[2025-10-30T19:13:50.749+0000][gc,heap       ] GC(373) Humongous regions: 147->147
[2025-10-30T19:13:50.749+0000][gc,metaspace  ] GC(373) Metaspace: 51845K(55472K)->51845K(55472K) NonClass: 46036K(48048K)->46036K(48048K) Class: 5808K(7424K)->5808K(7424K)
[2025-10-30T19:13:50.749+0000][gc            ] GC(373) Pause Young (Normal) (G1 Evacuation Pause) 459M->437M(512M) 14.396ms
[2025-10-30T19:13:50.750+0000][gc,cpu        ] GC(373) User=0.03s Sys=0.00s Real=0.02s
[2025-10-30T19:14:00.111+0000][gc,start      ] GC(374) Pause Young (Normal) (G1 Evacuation Pause)
[2025-10-30T19:14:00.111+0000][gc,task       ] GC(374) Using 2 workers of 2 for evacuation
[2025-10-30T19:14:00.126+0000][gc,phases     ] GC(374)   Pre Evacuate Collection Set: 0.0ms
[2025-10-30T19:14:00.127+0000][gc,phases     ] GC(374)   Evacuate Collection Set: 12.8ms
[2025-10-30T19:14:00.127+0000][gc,phases     ] GC(374)   Post Evacuate Collection Set: 1.2ms
[2025-10-30T19:14:00.127+0000][gc,phases     ] GC(374)   Other: 1.5ms
[2025-10-30T19:14:00.128+0000][gc,heap       ] GC(374) Eden regions: 22->0(23)
[2025-10-30T19:14:00.128+0000][gc,heap       ] GC(374) Survivor regions: 3->2(4)
[2025-10-30T19:14:00.128+0000][gc,heap       ] GC(374) Old regions: 289->290
[2025-10-30T19:14:00.128+0000][gc,heap       ] GC(374) Humongous regions: 147->147
[2025-10-30T19:14:00.129+0000][gc,metaspace  ] GC(374) Metaspace: 51845K(55472K)->51845K(55472K) NonClass: 46036K(48048K)->46036K(48048K) Class: 5808K(7424K)->5808K(7424K)
[2025-10-30T19:14:00.129+0000][gc            ] GC(374) Pause Young (Normal) (G1 Evacuation Pause) 459M->437M(512M) 18.329ms
[2025-10-30T19:14:00.129+0000][gc,cpu        ] GC(374) User=0.03s Sys=0.00s Real=0.02s
[2025-10-30T19:14:26.782+0000][gc,start      ] GC(375) Pause Young (Normal) (G1 Evacuation Pause)
[2025-10-30T19:14:26.782+0000][gc,task       ] GC(375) Using 2 workers of 2 for evacuation
[2025-10-30T19:14:26.794+0000][gc,phases     ] GC(375)   Pre Evacuate Collection Set: 0.0ms
[2025-10-30T19:14:26.794+0000][gc,phases     ] GC(375)   Evacuate Collection Set: 10.4ms
[2025-10-30T19:14:26.795+0000][gc,phases     ] GC(375)   Post Evacuate Collection Set: 0.6ms
[2025-10-30T19:14:26.795+0000][gc,phases     ] GC(375)   Other: 1.4ms
[2025-10-30T19:14:26.795+0000][gc,heap       ] GC(375) Eden regions: 23->0(22)
[2025-10-30T19:14:26.795+0000][gc,heap       ] GC(375) Survivor regions: 2->3(4)
[2025-10-30T19:14:26.795+0000][gc,heap       ] GC(375) Old regions: 290->290
[2025-10-30T19:14:26.795+0000][gc,heap       ] GC(375) Humongous regions: 147->147
[2025-10-30T19:14:26.795+0000][gc,metaspace  ] GC(375) Metaspace: 51857K(55472K)->51857K(55472K) NonClass: 46046K(48048K)->46046K(48048K) Class: 5811K(7424K)->5811K(7424K)
[2025-10-30T19:14:26.795+0000][gc            ] GC(375) Pause Young (Normal) (G1 Evacuation Pause) 460M->438M(512M) 13.674ms
[2025-10-30T19:14:26.796+0000][gc,cpu        ] GC(375) User=0.02s Sys=0.00s Real=0.01s
[2025-10-30T19:15:17.555+0000][gc,start      ] GC(376) Pause Young (Normal) (G1 Evacuation Pause)
[2025-10-30T19:15:17.555+0000][gc,task       ] GC(376) Using 2 workers of 2 for evacuation
[2025-10-30T19:15:17.571+0000][gc,phases     ] GC(376)   Pre Evacuate Collection Set: 0.0ms
[2025-10-30T19:15:17.571+0000][gc,phases     ] GC(376)   Evacuate Collection Set: 13.7ms
[2025-10-30T19:15:17.571+0000][gc,phases     ] GC(376)   Post Evacuate Collection Set: 1.1ms
[2025-10-30T19:15:17.572+0000][gc,phases     ] GC(376)   Other: 1.5ms
[2025-10-30T19:15:17.572+0000][gc,heap       ] GC(376) Eden regions: 22->0(22)
[2025-10-30T19:15:17.572+0000][gc,heap       ] GC(376) Survivor regions: 3->3(4)
[2025-10-30T19:15:17.572+0000][gc,heap       ] GC(376) Old regions: 290->291
[2025-10-30T19:15:17.572+0000][gc,heap       ] GC(376) Humongous regions: 147->147
[2025-10-30T19:15:17.573+0000][gc,metaspace  ] GC(376) Metaspace: 51862K(55472K)->51862K(55472K) NonClass: 46050K(48048K)->46050K(48048K) Class: 5811K(7424K)->5811K(7424K)
[2025-10-30T19:15:17.573+0000][gc            ] GC(376) Pause Young (Normal) (G1 Evacuation Pause) 460M->439M(512M) 18.210ms
[2025-10-30T19:15:17.573+0000][gc,cpu        ] GC(376) User=0.03s Sys=0.00s Real=0.02s
[2025-10-30T19:16:02.652+0000][gc,start      ] GC(377) Pause Young (Normal) (G1 Evacuation Pause)
[2025-10-30T19:16:02.653+0000][gc,task       ] GC(377) Using 2 workers of 2 for evacuation
[2025-10-30T19:16:02.666+0000][gc,phases     ] GC(377)   Pre Evacuate Collection Set: 0.0ms
[2025-10-30T19:16:02.666+0000][gc,phases     ] GC(377)   Evacuate Collection Set: 12.4ms
[2025-10-30T19:16:02.666+0000][gc,phases     ] GC(377)   Post Evacuate Collection Set: 0.7ms
[2025-10-30T19:16:02.666+0000][gc,phases     ] GC(377)   Other: 0.7ms
[2025-10-30T19:16:02.667+0000][gc,heap       ] GC(377) Eden regions: 22->0(21)
[2025-10-30T19:16:02.667+0000][gc,heap       ] GC(377) Survivor regions: 3->4(4)
[2025-10-30T19:16:02.667+0000][gc,heap       ] GC(377) Old regions: 291->292
[2025-10-30T19:16:02.667+0000][gc,heap       ] GC(377) Humongous regions: 147->147
[2025-10-30T19:16:02.667+0000][gc,metaspace  ] GC(377) Metaspace: 51867K(55472K)->51867K(55472K) NonClass: 46056K(48048K)->46056K(48048K) Class: 5811K(7424K)->5811K(7424K)
[2025-10-30T19:16:02.667+0000][gc            ] GC(377) Pause Young (Normal) (G1 Evacuation Pause) 461M->442M(512M) 15.139ms
[2025-10-30T19:16:02.667+0000][gc,cpu        ] GC(377) User=0.03s Sys=0.00s Real=0.02s
[2025-10-30T19:16:46.309+0000][gc,start      ] GC(378) Pause Young (Normal) (G1 Evacuation Pause)
[2025-10-30T19:16:46.310+0000][gc,task       ] GC(378) Using 2 workers of 2 for evacuation
[2025-10-30T19:16:46.322+0000][gc,phases     ] GC(378)   Pre Evacuate Collection Set: 0.0ms
[2025-10-30T19:16:46.322+0000][gc,phases     ] GC(378)   Evacuate Collection Set: 11.8ms
[2025-10-30T19:16:46.323+0000][gc,phases     ] GC(378)   Post Evacuate Collection Set: 0.5ms
[2025-10-30T19:16:46.323+0000][gc,phases     ] GC(378)   Other: 0.8ms
[2025-10-30T19:16:46.323+0000][gc,heap       ] GC(378) Eden regions: 21->0(22)
[2025-10-30T19:16:46.323+0000][gc,heap       ] GC(378) Survivor regions: 4->3(4)
[2025-10-30T19:16:46.323+0000][gc,heap       ] GC(378) Old regions: 292->294
[2025-10-30T19:16:46.323+0000][gc,heap       ] GC(378) Humongous regions: 147->147
[2025-10-30T19:16:46.323+0000][gc,metaspace  ] GC(378) Metaspace: 51868K(55472K)->51868K(55472K) NonClass: 46056K(48048K)->46056K(48048K) Class: 5811K(7424K)->5811K(7424K)
[2025-10-30T19:16:46.324+0000][gc            ] GC(378) Pause Young (Normal) (G1 Evacuation Pause) 463M->443M(512M) 14.554ms
[2025-10-30T19:16:46.324+0000][gc,cpu        ] GC(378) User=0.03s Sys=0.00s Real=0.02s
[2025-10-30T19:17:27.057+0000][gc,start      ] GC(379) Pause Young (Normal) (G1 Evacuation Pause)
[2025-10-30T19:17:27.058+0000][gc,task       ] GC(379) Using 2 workers of 2 for evacuation
[2025-10-30T19:17:27.068+0000][gc,phases     ] GC(379)   Pre Evacuate Collection Set: 0.0ms
[2025-10-30T19:17:27.069+0000][gc,phases     ] GC(379)   Evacuate Collection Set: 9.8ms
[2025-10-30T19:17:27.069+0000][gc,phases     ] GC(379)   Post Evacuate Collection Set: 0.6ms
[2025-10-30T19:17:27.069+0000][gc,phases     ] GC(379)   Other: 0.8ms
[2025-10-30T19:17:27.069+0000][gc,heap       ] GC(379) Eden regions: 22->0(23)
[2025-10-30T19:17:27.069+0000][gc,heap       ] GC(379) Survivor regions: 3->2(4)
[2025-10-30T19:17:27.069+0000][gc,heap       ] GC(379) Old regions: 294->296
[2025-10-30T19:17:27.069+0000][gc,heap       ] GC(379) Humongous regions: 147->147
[2025-10-30T19:17:27.070+0000][gc,metaspace  ] GC(379) Metaspace: 51886K(55472K)->51886K(55472K) NonClass: 46075K(48048K)->46075K(48048K) Class: 5811K(7424K)->5811K(7424K)
[2025-10-30T19:17:27.070+0000][gc            ] GC(379) Pause Young (Normal) (G1 Evacuation Pause) 465M->444M(512M) 12.319ms
[2025-10-30T19:17:27.070+0000][gc,cpu        ] GC(379) User=0.02s Sys=0.00s Real=0.01s
[2025-10-30T19:18:09.517+0000][gc,start      ] GC(380) Pause Young (Normal) (G1 Evacuation Pause)
[2025-10-30T19:18:09.518+0000][gc,task       ] GC(380) Using 2 workers of 2 for evacuation
[2025-10-30T19:18:09.530+0000][gc,phases     ] GC(380)   Pre Evacuate Collection Set: 0.0ms
[2025-10-30T19:18:09.530+0000][gc,phases     ] GC(380)   Evacuate Collection Set: 10.7ms
[2025-10-30T19:18:09.530+0000][gc,phases     ] GC(380)   Post Evacuate Collection Set: 0.6ms
[2025-10-30T19:18:09.530+0000][gc,phases     ] GC(380)   Other: 1.1ms
[2025-10-30T19:18:09.530+0000][gc,heap       ] GC(380) Eden regions: 23->0(21)
[2025-10-30T19:18:09.530+0000][gc,heap       ] GC(380) Survivor regions: 2->4(4)
[2025-10-30T19:18:09.531+0000][gc,heap       ] GC(380) Old regions: 296->296
[2025-10-30T19:18:09.531+0000][gc,heap       ] GC(380) Humongous regions: 147->147
[2025-10-30T19:18:09.531+0000][gc,metaspace  ] GC(380) Metaspace: 51886K(55472K)->51886K(55472K) NonClass: 46075K(48048K)->46075K(48048K) Class: 5811K(7424K)->5811K(7424K)
[2025-10-30T19:18:09.531+0000][gc            ] GC(380) Pause Young (Normal) (G1 Evacuation Pause) 467M->446M(512M) 13.675ms
[2025-10-30T19:18:09.531+0000][gc,cpu        ] GC(380) User=0.02s Sys=0.00s Real=0.01s
[2025-10-30T19:18:53.969+0000][gc,start      ] GC(381) Pause Young (Normal) (G1 Evacuation Pause)
[2025-10-30T19:18:53.976+0000][gc,task       ] GC(381) Using 2 workers of 2 for evacuation
[2025-10-30T19:18:53.990+0000][gc,phases     ] GC(381)   Pre Evacuate Collection Set: 0.0ms
[2025-10-30T19:18:54.003+0000][gc,phases     ] GC(381)   Evacuate Collection Set: 12.3ms
[2025-10-30T19:18:54.004+0000][gc,phases     ] GC(381)   Post Evacuate Collection Set: 0.6ms
[2025-10-30T19:18:54.004+0000][gc,phases     ] GC(381)   Other: 8.0ms
[2025-10-30T19:18:54.039+0000][gc,heap       ] GC(381) Eden regions: 21->0(22)
[2025-10-30T19:18:54.039+0000][gc,heap       ] GC(381) Survivor regions: 4->3(4)
[2025-10-30T19:18:54.039+0000][gc,heap       ] GC(381) Old regions: 296->299
[2025-10-30T19:18:54.039+0000][gc,heap       ] GC(381) Humongous regions: 147->147
[2025-10-30T19:18:54.039+0000][gc,metaspace  ] GC(381) Metaspace: 51886K(55472K)->51886K(55472K) NonClass: 46075K(48048K)->46075K(48048K) Class: 5811K(7424K)->5811K(7424K)
[2025-10-30T19:18:54.040+0000][gc            ] GC(381) Pause Young (Normal) (G1 Evacuation Pause) 467M->448M(512M) 70.872ms
[2025-10-30T19:18:54.040+0000][gc,cpu        ] GC(381) User=0.02s Sys=0.00s Real=0.07s
[2025-10-30T19:19:43.913+0000][gc,start      ] GC(382) Pause Young (Normal) (G1 Evacuation Pause)
[2025-10-30T19:19:43.913+0000][gc,task       ] GC(382) Using 2 workers of 2 for evacuation
[2025-10-30T19:19:43.923+0000][gc,phases     ] GC(382)   Pre Evacuate Collection Set: 0.0ms
[2025-10-30T19:19:43.923+0000][gc,phases     ] GC(382)   Evacuate Collection Set: 8.8ms
[2025-10-30T19:19:43.923+0000][gc,phases     ] GC(382)   Post Evacuate Collection Set: 0.6ms
[2025-10-30T19:19:43.924+0000][gc,phases     ] GC(382)   Other: 0.5ms
[2025-10-30T19:19:43.924+0000][gc,heap       ] GC(382) Eden regions: 22->0(22)
[2025-10-30T19:19:43.924+0000][gc,heap       ] GC(382) Survivor regions: 3->3(4)
[2025-10-30T19:19:43.924+0000][gc,heap       ] GC(382) Old regions: 299->300
[2025-10-30T19:19:43.924+0000][gc,heap       ] GC(382) Humongous regions: 147->147
[2025-10-30T19:19:43.924+0000][gc,metaspace  ] GC(382) Metaspace: 51902K(55472K)->51902K(55472K) NonClass: 46085K(48048K)->46085K(48048K) Class: 5817K(7424K)->5817K(7424K)
[2025-10-30T19:19:43.924+0000][gc            ] GC(382) Pause Young (Normal) (G1 Evacuation Pause) 470M->449M(512M) 11.130ms
[2025-10-30T19:19:43.924+0000][gc,cpu        ] GC(382) User=0.02s Sys=0.00s Real=0.01s
[2025-10-30T19:20:33.625+0000][gc,start      ] GC(383) Pause Young (Normal) (G1 Evacuation Pause)
[2025-10-30T19:20:33.625+0000][gc,task       ] GC(383) Using 2 workers of 2 for evacuation
[2025-10-30T19:20:33.635+0000][gc,phases     ] GC(383)   Pre Evacuate Collection Set: 0.0ms
[2025-10-30T19:20:33.635+0000][gc,phases     ] GC(383)   Evacuate Collection Set: 8.6ms
[2025-10-30T19:20:33.635+0000][gc,phases     ] GC(383)   Post Evacuate Collection Set: 0.7ms
[2025-10-30T19:20:33.635+0000][gc,phases     ] GC(383)   Other: 0.7ms
[2025-10-30T19:20:33.635+0000][gc,heap       ] GC(383) Eden regions: 22->0(22)
[2025-10-30T19:20:33.635+0000][gc,heap       ] GC(383) Survivor regions: 3->3(4)
[2025-10-30T19:20:33.636+0000][gc,heap       ] GC(383) Old regions: 300->302
[2025-10-30T19:20:33.636+0000][gc,heap       ] GC(383) Humongous regions: 147->147
[2025-10-30T19:20:33.636+0000][gc,metaspace  ] GC(383) Metaspace: 51907K(55472K)->51907K(55472K) NonClass: 46089K(48048K)->46089K(48048K) Class: 5817K(7424K)->5817K(7424K)
[2025-10-30T19:20:33.636+0000][gc            ] GC(383) Pause Young (Normal) (G1 Evacuation Pause) 471M->450M(512M) 11.289ms
[2025-10-30T19:20:33.636+0000][gc,cpu        ] GC(383) User=0.02s Sys=0.00s Real=0.01s
[2025-10-30T19:21:22.500+0000][gc,start      ] GC(384) Pause Young (Normal) (G1 Evacuation Pause)
[2025-10-30T19:21:22.504+0000][gc,task       ] GC(384) Using 2 workers of 2 for evacuation
[2025-10-30T19:21:22.520+0000][gc,phases     ] GC(384)   Pre Evacuate Collection Set: 0.1ms
[2025-10-30T19:21:22.527+0000][gc,phases     ] GC(384)   Evacuate Collection Set: 13.8ms
[2025-10-30T19:21:22.531+0000][gc,phases     ] GC(384)   Post Evacuate Collection Set: 1.2ms
[2025-10-30T19:21:22.531+0000][gc,phases     ] GC(384)   Other: 5.1ms
[2025-10-30T19:21:22.531+0000][gc,heap       ] GC(384) Eden regions: 22->0(23)
[2025-10-30T19:21:22.532+0000][gc,heap       ] GC(384) Survivor regions: 3->2(4)
[2025-10-30T19:21:22.532+0000][gc,heap       ] GC(384) Old regions: 302->303
[2025-10-30T19:21:22.532+0000][gc,heap       ] GC(384) Humongous regions: 147->147
[2025-10-30T19:21:22.533+0000][gc,metaspace  ] GC(384) Metaspace: 51907K(55472K)->51907K(55472K) NonClass: 46089K(48048K)->46089K(48048K) Class: 5817K(7424K)->5817K(7424K)
[2025-10-30T19:21:22.534+0000][gc            ] GC(384) Pause Young (Normal) (G1 Evacuation Pause) 472M->451M(512M) 33.695ms
[2025-10-30T19:21:22.534+0000][gc,cpu        ] GC(384) User=0.03s Sys=0.00s Real=0.03s
[2025-10-30T19:22:14.157+0000][gc,start      ] GC(385) Pause Young (Normal) (G1 Evacuation Pause)
[2025-10-30T19:22:14.158+0000][gc,task       ] GC(385) Using 2 workers of 2 for evacuation
[2025-10-30T19:22:14.167+0000][gc,phases     ] GC(385)   Pre Evacuate Collection Set: 0.0ms
[2025-10-30T19:22:14.168+0000][gc,phases     ] GC(385)   Evacuate Collection Set: 8.7ms
[2025-10-30T19:22:14.168+0000][gc,phases     ] GC(385)   Post Evacuate Collection Set: 0.7ms
[2025-10-30T19:22:14.168+0000][gc,phases     ] GC(385)   Other: 0.8ms
[2025-10-30T19:22:14.168+0000][gc,heap       ] GC(385) Eden regions: 23->0(21)
[2025-10-30T19:22:14.168+0000][gc,heap       ] GC(385) Survivor regions: 2->4(4)
[2025-10-30T19:22:14.168+0000][gc,heap       ] GC(385) Old regions: 303->303
[2025-10-30T19:22:14.168+0000][gc,heap       ] GC(385) Humongous regions: 147->147
[2025-10-30T19:22:14.169+0000][gc,metaspace  ] GC(385) Metaspace: 51907K(55472K)->51907K(55472K) NonClass: 46089K(48048K)->46089K(48048K) Class: 5817K(7424K)->5817K(7424K)
[2025-10-30T19:22:14.169+0000][gc            ] GC(385) Pause Young (Normal) (G1 Evacuation Pause) 474M->452M(512M) 11.455ms
[2025-10-30T19:22:14.169+0000][gc,cpu        ] GC(385) User=0.02s Sys=0.00s Real=0.02s
[2025-10-30T19:23:01.534+0000][gc,start      ] GC(386) Pause Young (Normal) (G1 Evacuation Pause)
[2025-10-30T19:23:01.535+0000][gc,task       ] GC(386) Using 2 workers of 2 for evacuation
[2025-10-30T19:23:01.546+0000][gc,phases     ] GC(386)   Pre Evacuate Collection Set: 0.0ms
[2025-10-30T19:23:01.546+0000][gc,phases     ] GC(386)   Evacuate Collection Set: 10.3ms
[2025-10-30T19:23:01.547+0000][gc,phases     ] GC(386)   Post Evacuate Collection Set: 0.6ms
[2025-10-30T19:23:01.547+0000][gc,phases     ] GC(386)   Other: 1.3ms
[2025-10-30T19:23:01.547+0000][gc,heap       ] GC(386) Eden regions: 21->0(22)
[2025-10-30T19:23:01.547+0000][gc,heap       ] GC(386) Survivor regions: 4->3(4)
[2025-10-30T19:23:01.547+0000][gc,heap       ] GC(386) Old regions: 303->304
[2025-10-30T19:23:01.547+0000][gc,heap       ] GC(386) Humongous regions: 147->147
[2025-10-30T19:23:01.548+0000][gc,metaspace  ] GC(386) Metaspace: 51907K(55472K)->51907K(55472K) NonClass: 46089K(48048K)->46089K(48048K) Class: 5817K(7424K)->5817K(7424K)
[2025-10-30T19:23:01.548+0000][gc            ] GC(386) Pause Young (Normal) (G1 Evacuation Pause) 473M->453M(512M) 13.669ms
[2025-10-30T19:23:01.548+0000][gc,cpu        ] GC(386) User=0.02s Sys=0.00s Real=0.01s
[2025-10-30T19:23:58.231+0000][gc,start      ] GC(387) Pause Young (Normal) (G1 Evacuation Pause)
[2025-10-30T19:23:58.231+0000][gc,task       ] GC(387) Using 2 workers of 2 for evacuation
[2025-10-30T19:23:58.243+0000][gc,phases     ] GC(387)   Pre Evacuate Collection Set: 0.0ms
[2025-10-30T19:23:58.243+0000][gc,phases     ] GC(387)   Evacuate Collection Set: 10.8ms
[2025-10-30T19:23:58.243+0000][gc,phases     ] GC(387)   Post Evacuate Collection Set: 0.6ms
[2025-10-30T19:23:58.243+0000][gc,phases     ] GC(387)   Other: 0.6ms
[2025-10-30T19:23:58.243+0000][gc,heap       ] GC(387) Eden regions: 22->0(21)
[2025-10-30T19:23:58.243+0000][gc,heap       ] GC(387) Survivor regions: 3->4(4)
[2025-10-30T19:23:58.244+0000][gc,heap       ] GC(387) Old regions: 304->306
[2025-10-30T19:23:58.244+0000][gc,heap       ] GC(387) Humongous regions: 147->147
[2025-10-30T19:23:58.244+0000][gc,metaspace  ] GC(387) Metaspace: 51907K(55472K)->51907K(55472K) NonClass: 46090K(48048K)->46090K(48048K) Class: 5817K(7424K)->5817K(7424K)
[2025-10-30T19:23:58.244+0000][gc            ] GC(387) Pause Young (Normal) (G1 Evacuation Pause) 475M->456M(512M) 13.135ms
[2025-10-30T19:23:58.244+0000][gc,cpu        ] GC(387) User=0.02s Sys=0.00s Real=0.02s
[2025-10-30T19:25:16.392+0000][gc,start      ] GC(388) Pause Young (Normal) (G1 Evacuation Pause)
[2025-10-30T19:25:16.392+0000][gc,task       ] GC(388) Using 2 workers of 2 for evacuation
[2025-10-30T19:25:16.403+0000][gc,phases     ] GC(388)   Pre Evacuate Collection Set: 0.0ms
[2025-10-30T19:25:16.403+0000][gc,phases     ] GC(388)   Evacuate Collection Set: 9.6ms
[2025-10-30T19:25:16.403+0000][gc,phases     ] GC(388)   Post Evacuate Collection Set: 0.7ms
[2025-10-30T19:25:16.404+0000][gc,phases     ] GC(388)   Other: 0.5ms
[2025-10-30T19:25:16.404+0000][gc,heap       ] GC(388) Eden regions: 21->0(22)
[2025-10-30T19:25:16.404+0000][gc,heap       ] GC(388) Survivor regions: 4->3(4)
[2025-10-30T19:25:16.404+0000][gc,heap       ] GC(388) Old regions: 306->309
[2025-10-30T19:25:16.404+0000][gc,heap       ] GC(388) Humongous regions: 147->147
[2025-10-30T19:25:16.404+0000][gc,metaspace  ] GC(388) Metaspace: 51922K(55472K)->51922K(55472K) NonClass: 46104K(48048K)->46104K(48048K) Class: 5817K(7424K)->5817K(7424K)
[2025-10-30T19:25:16.405+0000][gc            ] GC(388) Pause Young (Normal) (G1 Evacuation Pause) 477M->457M(512M) 12.494ms
[2025-10-30T19:25:16.405+0000][gc,cpu        ] GC(388) User=0.02s Sys=0.00s Real=0.02s
[2025-10-30T19:26:38.562+0000][gc,start      ] GC(389) Pause Young (Normal) (G1 Evacuation Pause)
[2025-10-30T19:26:38.562+0000][gc,task       ] GC(389) Using 2 workers of 2 for evacuation
[2025-10-30T19:26:38.572+0000][gc,phases     ] GC(389)   Pre Evacuate Collection Set: 0.0ms
[2025-10-30T19:26:38.572+0000][gc,phases     ] GC(389)   Evacuate Collection Set: 8.7ms
[2025-10-30T19:26:38.572+0000][gc,phases     ] GC(389)   Post Evacuate Collection Set: 0.6ms
[2025-10-30T19:26:38.573+0000][gc,phases     ] GC(389)   Other: 0.7ms
[2025-10-30T19:26:38.573+0000][gc,heap       ] GC(389) Eden regions: 22->0(23)
[2025-10-30T19:26:38.573+0000][gc,heap       ] GC(389) Survivor regions: 3->2(4)
[2025-10-30T19:26:38.573+0000][gc,heap       ] GC(389) Old regions: 309->310
[2025-10-30T19:26:38.573+0000][gc,heap       ] GC(389) Humongous regions: 147->147
[2025-10-30T19:26:38.573+0000][gc,metaspace  ] GC(389) Metaspace: 51924K(55472K)->51924K(55472K) NonClass: 46106K(48048K)->46106K(48048K) Class: 5817K(7424K)->5817K(7424K)
[2025-10-30T19:26:38.573+0000][gc            ] GC(389) Pause Young (Normal) (G1 Evacuation Pause) 479M->458M(512M) 11.530ms
[2025-10-30T19:26:38.574+0000][gc,cpu        ] GC(389) User=0.02s Sys=0.00s Real=0.01s
[2025-10-30T19:28:03.947+0000][gc,start      ] GC(390) Pause Young (Normal) (G1 Evacuation Pause)
[2025-10-30T19:28:03.948+0000][gc,task       ] GC(390) Using 2 workers of 2 for evacuation
[2025-10-30T19:28:03.959+0000][gc,phases     ] GC(390)   Pre Evacuate Collection Set: 0.0ms
[2025-10-30T19:28:03.959+0000][gc,phases     ] GC(390)   Evacuate Collection Set: 9.7ms
[2025-10-30T19:28:03.959+0000][gc,phases     ] GC(390)   Post Evacuate Collection Set: 0.7ms
[2025-10-30T19:28:03.959+0000][gc,phases     ] GC(390)   Other: 1.1ms
[2025-10-30T19:28:03.959+0000][gc,heap       ] GC(390) Eden regions: 23->0(21)
[2025-10-30T19:28:03.960+0000][gc,heap       ] GC(390) Survivor regions: 2->4(4)
[2025-10-30T19:28:03.960+0000][gc,heap       ] GC(390) Old regions: 310->310
[2025-10-30T19:28:03.960+0000][gc,heap       ] GC(390) Humongous regions: 147->147
[2025-10-30T19:28:03.960+0000][gc,metaspace  ] GC(390) Metaspace: 51924K(55472K)->51924K(55472K) NonClass: 46106K(48048K)->46106K(48048K) Class: 5817K(7424K)->5817K(7424K)
[2025-10-30T19:28:03.960+0000][gc            ] GC(390) Pause Young (Normal) (G1 Evacuation Pause) 481M->460M(512M) 13.104ms
[2025-10-30T19:28:03.961+0000][gc,cpu        ] GC(390) User=0.02s Sys=0.00s Real=0.02s
[2025-10-30T19:29:22.196+0000][gc,start      ] GC(391) Pause Young (Normal) (G1 Evacuation Pause)
[2025-10-30T19:29:22.197+0000][gc,task       ] GC(391) Using 2 workers of 2 for evacuation
[2025-10-30T19:29:22.207+0000][gc,phases     ] GC(391)   Pre Evacuate Collection Set: 0.0ms
[2025-10-30T19:29:22.207+0000][gc,phases     ] GC(391)   Evacuate Collection Set: 9.2ms
[2025-10-30T19:29:22.207+0000][gc,phases     ] GC(391)   Post Evacuate Collection Set: 0.7ms
[2025-10-30T19:29:22.208+0000][gc,phases     ] GC(391)   Other: 1.2ms
[2025-10-30T19:29:22.208+0000][gc,heap       ] GC(391) Eden regions: 21->0(22)
[2025-10-30T19:29:22.208+0000][gc,heap       ] GC(391) Survivor regions: 4->3(4)
[2025-10-30T19:29:22.208+0000][gc,heap       ] GC(391) Old regions: 310->313
[2025-10-30T19:29:22.208+0000][gc,heap       ] GC(391) Humongous regions: 147->147
[2025-10-30T19:29:22.208+0000][gc,metaspace  ] GC(391) Metaspace: 51925K(55472K)->51925K(55472K) NonClass: 46107K(48048K)->46107K(48048K) Class: 5817K(7424K)->5817K(7424K)
[2025-10-30T19:29:22.209+0000][gc            ] GC(391) Pause Young (Normal) (G1 Evacuation Pause) 481M->462M(512M) 12.600ms
[2025-10-30T19:29:22.209+0000][gc,cpu        ] GC(391) User=0.02s Sys=0.00s Real=0.01s
[2025-10-30T19:30:45.176+0000][gc,start      ] GC(392) Pause Young (Concurrent Start) (G1 Evacuation Pause)
[2025-10-30T19:30:45.176+0000][gc,task       ] GC(392) Using 2 workers of 2 for evacuation
[2025-10-30T19:30:45.186+0000][gc,phases     ] GC(392)   Pre Evacuate Collection Set: 0.2ms
[2025-10-30T19:30:45.186+0000][gc,phases     ] GC(392)   Evacuate Collection Set: 8.1ms
[2025-10-30T19:30:45.186+0000][gc,phases     ] GC(392)   Post Evacuate Collection Set: 0.6ms
[2025-10-30T19:30:45.186+0000][gc,phases     ] GC(392)   Other: 0.8ms
[2025-10-30T19:30:45.187+0000][gc,heap       ] GC(392) Eden regions: 22->0(23)
[2025-10-30T19:30:45.187+0000][gc,heap       ] GC(392) Survivor regions: 3->2(4)
[2025-10-30T19:30:45.187+0000][gc,heap       ] GC(392) Old regions: 313->314
[2025-10-30T19:30:45.187+0000][gc,heap       ] GC(392) Humongous regions: 147->147
[2025-10-30T19:30:45.187+0000][gc,metaspace  ] GC(392) Metaspace: 51925K(55472K)->51925K(55472K) NonClass: 46107K(48048K)->46107K(48048K) Class: 5817K(7424K)->5817K(7424K)
[2025-10-30T19:30:45.188+0000][gc            ] GC(392) Pause Young (Concurrent Start) (G1 Evacuation Pause) 484M->462M(512M) 11.349ms
[2025-10-30T19:30:45.188+0000][gc,cpu        ] GC(392) User=0.02s Sys=0.00s Real=0.01s
[2025-10-30T19:30:45.188+0000][gc            ] GC(393) Concurrent Cycle
[2025-10-30T19:30:45.190+0000][gc,marking    ] GC(393) Concurrent Clear Claimed Marks
[2025-10-30T19:30:45.190+0000][gc,marking    ] GC(393) Concurrent Clear Claimed Marks 0.243ms
[2025-10-30T19:30:45.190+0000][gc,marking    ] GC(393) Concurrent Scan Root Regions
[2025-10-30T19:30:45.192+0000][gc,marking    ] GC(393) Concurrent Scan Root Regions 1.712ms
[2025-10-30T19:30:45.192+0000][gc,marking    ] GC(393) Concurrent Mark (6088.337s)
[2025-10-30T19:30:45.192+0000][gc,marking    ] GC(393) Concurrent Mark From Roots
[2025-10-30T19:30:45.192+0000][gc,task       ] GC(393) Using 1 workers of 1 for marking
[2025-10-30T19:30:45.220+0000][gc,marking    ] GC(393) Concurrent Mark From Roots 27.959ms
[2025-10-30T19:30:45.221+0000][gc,marking    ] GC(393) Concurrent Preclean
[2025-10-30T19:30:45.221+0000][gc,marking    ] GC(393) Concurrent Preclean 0.293ms
[2025-10-30T19:30:45.221+0000][gc,marking    ] GC(393) Concurrent Mark (6088.337s, 6088.365s) 28.748ms
[2025-10-30T19:30:45.221+0000][gc,start      ] GC(393) Pause Remark
[2025-10-30T19:30:45.229+0000][gc,stringtable] GC(393) Cleaned string and symbol table, strings: 16539 processed, 8 removed, symbols: 123588 processed, 17 removed
[2025-10-30T19:30:45.230+0000][gc            ] GC(393) Pause Remark 462M->389M(512M) 8.155ms
[2025-10-30T19:30:45.230+0000][gc,cpu        ] GC(393) User=0.02s Sys=0.00s Real=0.01s
[2025-10-30T19:30:45.230+0000][gc,marking    ] GC(393) Concurrent Rebuild Remembered Sets
[2025-10-30T19:30:45.249+0000][gc,marking    ] GC(393) Concurrent Rebuild Remembered Sets 19.359ms
[2025-10-30T19:30:45.250+0000][gc,start      ] GC(393) Pause Cleanup
[2025-10-30T19:30:45.250+0000][gc            ] GC(393) Pause Cleanup 389M->389M(512M) 0.436ms
[2025-10-30T19:30:45.251+0000][gc,cpu        ] GC(393) User=0.00s Sys=0.00s Real=0.00s
[2025-10-30T19:30:45.251+0000][gc,marking    ] GC(393) Concurrent Cleanup for Next Mark
[2025-10-30T19:30:45.251+0000][gc,marking    ] GC(393) Concurrent Cleanup for Next Mark 0.620ms
[2025-10-30T19:30:45.252+0000][gc            ] GC(393) Concurrent Cycle 63.696ms
[2025-10-30T19:32:10.218+0000][gc,start      ] GC(394) Pause Young (Prepare Mixed) (G1 Evacuation Pause)
[2025-10-30T19:32:10.219+0000][gc,task       ] GC(394) Using 2 workers of 2 for evacuation
[2025-10-30T19:32:10.230+0000][gc,phases     ] GC(394)   Pre Evacuate Collection Set: 0.0ms
[2025-10-30T19:32:10.230+0000][gc,phases     ] GC(394)   Evacuate Collection Set: 10.1ms
[2025-10-30T19:32:10.231+0000][gc,phases     ] GC(394)   Post Evacuate Collection Set: 0.9ms
[2025-10-30T19:32:10.231+0000][gc,phases     ] GC(394)   Other: 0.8ms
[2025-10-30T19:32:10.231+0000][gc,heap       ] GC(394) Eden regions: 23->0(21)
[2025-10-30T19:32:10.231+0000][gc,heap       ] GC(394) Survivor regions: 2->4(4)
[2025-10-30T19:32:10.232+0000][gc,heap       ] GC(394) Old regions: 241->241
[2025-10-30T19:32:10.232+0000][gc,heap       ] GC(394) Humongous regions: 147->147
[2025-10-30T19:32:10.232+0000][gc,metaspace  ] GC(394) Metaspace: 51925K(55472K)->51925K(55472K) NonClass: 46107K(48048K)->46107K(48048K) Class: 5817K(7424K)->5817K(7424K)
[2025-10-30T19:32:10.232+0000][gc            ] GC(394) Pause Young (Prepare Mixed) (G1 Evacuation Pause) 412M->392M(512M) 13.754ms
[2025-10-30T19:32:10.232+0000][gc,cpu        ] GC(394) User=0.02s Sys=0.00s Real=0.01s
[2025-10-30T19:33:28.625+0000][gc,start      ] GC(395) Pause Young (Mixed) (G1 Evacuation Pause)
[2025-10-30T19:33:28.625+0000][gc,task       ] GC(395) Using 2 workers of 2 for evacuation
[2025-10-30T19:33:28.634+0000][gc,phases     ] GC(395)   Pre Evacuate Collection Set: 0.0ms
[2025-10-30T19:33:28.635+0000][gc,phases     ] GC(395)   Evacuate Collection Set: 8.3ms
[2025-10-30T19:33:28.635+0000][gc,phases     ] GC(395)   Post Evacuate Collection Set: 0.7ms
[2025-10-30T19:33:28.635+0000][gc,phases     ] GC(395)   Other: 0.6ms
[2025-10-30T19:33:28.635+0000][gc,heap       ] GC(395) Eden regions: 21->0(22)
[2025-10-30T19:33:28.635+0000][gc,heap       ] GC(395) Survivor regions: 4->3(4)
[2025-10-30T19:33:28.636+0000][gc,heap       ] GC(395) Old regions: 241->215
[2025-10-30T19:33:28.636+0000][gc,heap       ] GC(395) Humongous regions: 147->147
[2025-10-30T19:33:28.636+0000][gc,metaspace  ] GC(395) Metaspace: 51925K(55472K)->51925K(55472K) NonClass: 46107K(48048K)->46107K(48048K) Class: 5817K(7424K)->5817K(7424K)
[2025-10-30T19:33:28.636+0000][gc            ] GC(395) Pause Young (Mixed) (G1 Evacuation Pause) 413M->363M(512M) 11.354ms
[2025-10-30T19:33:28.636+0000][gc,cpu        ] GC(395) User=0.02s Sys=0.00s Real=0.02s
[2025-10-30T19:34:35.148+0000][gc,start      ] GC(396) Pause Young (Mixed) (G1 Evacuation Pause)
[2025-10-30T19:34:35.150+0000][gc,task       ] GC(396) Using 2 workers of 2 for evacuation
[2025-10-30T19:34:35.162+0000][gc,phases     ] GC(396)   Pre Evacuate Collection Set: 0.0ms
[2025-10-30T19:34:35.162+0000][gc,phases     ] GC(396)   Evacuate Collection Set: 10.2ms
[2025-10-30T19:34:35.162+0000][gc,phases     ] GC(396)   Post Evacuate Collection Set: 1.0ms
[2025-10-30T19:34:35.162+0000][gc,phases     ] GC(396)   Other: 2.8ms
[2025-10-30T19:34:35.163+0000][gc,heap       ] GC(396) Eden regions: 22->0(23)
[2025-10-30T19:34:35.163+0000][gc,heap       ] GC(396) Survivor regions: 3->2(4)
[2025-10-30T19:34:35.163+0000][gc,heap       ] GC(396) Old regions: 215->179
[2025-10-30T19:34:35.163+0000][gc,heap       ] GC(396) Humongous regions: 147->147
[2025-10-30T19:34:35.163+0000][gc,metaspace  ] GC(396) Metaspace: 51931K(55472K)->51931K(55472K) NonClass: 46113K(48048K)->46113K(48048K) Class: 5817K(7424K)->5817K(7424K)
[2025-10-30T19:34:35.163+0000][gc            ] GC(396) Pause Young (Mixed) (G1 Evacuation Pause) 385M->326M(512M) 15.568ms
[2025-10-30T19:34:35.164+0000][gc,cpu        ] GC(396) User=0.02s Sys=0.00s Real=0.01s
[2025-10-30T19:35:51.425+0000][gc,start      ] GC(397) Pause Young (Mixed) (G1 Evacuation Pause)
[2025-10-30T19:35:51.426+0000][gc,task       ] GC(397) Using 2 workers of 2 for evacuation
[2025-10-30T19:35:51.436+0000][gc,phases     ] GC(397)   Pre Evacuate Collection Set: 0.0ms
[2025-10-30T19:35:51.436+0000][gc,phases     ] GC(397)   Evacuate Collection Set: 9.2ms
[2025-10-30T19:35:51.436+0000][gc,phases     ] GC(397)   Post Evacuate Collection Set: 0.6ms
[2025-10-30T19:35:51.436+0000][gc,phases     ] GC(397)   Other: 0.6ms
[2025-10-30T19:35:51.436+0000][gc,heap       ] GC(397) Eden regions: 23->0(21)
[2025-10-30T19:35:51.437+0000][gc,heap       ] GC(397) Survivor regions: 2->4(4)
[2025-10-30T19:35:51.437+0000][gc,heap       ] GC(397) Old regions: 179->140
[2025-10-30T19:35:51.437+0000][gc,heap       ] GC(397) Humongous regions: 147->147
[2025-10-30T19:35:51.437+0000][gc,metaspace  ] GC(397) Metaspace: 51931K(55472K)->51931K(55472K) NonClass: 46113K(48048K)->46113K(48048K) Class: 5817K(7424K)->5817K(7424K)
[2025-10-30T19:35:51.437+0000][gc            ] GC(397) Pause Young (Mixed) (G1 Evacuation Pause) 349M->290M(512M) 11.667ms
[2025-10-30T19:35:51.437+0000][gc,cpu        ] GC(397) User=0.02s Sys=0.00s Real=0.01s
[2025-10-30T19:36:59.386+0000][gc,start      ] GC(398) Pause Young (Mixed) (G1 Evacuation Pause)
[2025-10-30T19:36:59.386+0000][gc,task       ] GC(398) Using 2 workers of 2 for evacuation
[2025-10-30T19:36:59.397+0000][gc,phases     ] GC(398)   Pre Evacuate Collection Set: 0.1ms
[2025-10-30T19:36:59.398+0000][gc,phases     ] GC(398)   Evacuate Collection Set: 10.2ms
[2025-10-30T19:36:59.398+0000][gc,phases     ] GC(398)   Post Evacuate Collection Set: 0.8ms
[2025-10-30T19:36:59.398+0000][gc,phases     ] GC(398)   Other: 0.8ms
[2025-10-30T19:36:59.398+0000][gc,heap       ] GC(398) Eden regions: 21->0(22)
[2025-10-30T19:36:59.398+0000][gc,heap       ] GC(398) Survivor regions: 4->3(4)
[2025-10-30T19:36:59.399+0000][gc,heap       ] GC(398) Old regions: 140->92
[2025-10-30T19:36:59.399+0000][gc,heap       ] GC(398) Humongous regions: 147->147
[2025-10-30T19:36:59.399+0000][gc,metaspace  ] GC(398) Metaspace: 51931K(55472K)->51931K(55472K) NonClass: 46113K(48048K)->46113K(48048K) Class: 5817K(7424K)->5817K(7424K)
[2025-10-30T19:36:59.399+0000][gc            ] GC(398) Pause Young (Mixed) (G1 Evacuation Pause) 311M->240M(512M) 13.343ms
[2025-10-30T19:36:59.399+0000][gc,cpu        ] GC(398) User=0.03s Sys=0.00s Real=0.01s
[2025-10-30T19:38:11.074+0000][gc,start      ] GC(399) Pause Young (Mixed) (G1 Evacuation Pause)
[2025-10-30T19:38:11.075+0000][gc,task       ] GC(399) Using 2 workers of 2 for evacuation
[2025-10-30T19:38:11.085+0000][gc,phases     ] GC(399)   Pre Evacuate Collection Set: 0.1ms
[2025-10-30T19:38:11.085+0000][gc,phases     ] GC(399)   Evacuate Collection Set: 8.8ms
[2025-10-30T19:38:11.085+0000][gc,phases     ] GC(399)   Post Evacuate Collection Set: 0.8ms
[2025-10-30T19:38:11.085+0000][gc,phases     ] GC(399)   Other: 0.8ms
[2025-10-30T19:38:11.085+0000][gc,heap       ] GC(399) Eden regions: 22->0(37)
[2025-10-30T19:38:11.086+0000][gc,heap       ] GC(399) Survivor regions: 3->2(4)
[2025-10-30T19:38:11.086+0000][gc,heap       ] GC(399) Old regions: 92->53
[2025-10-30T19:38:11.086+0000][gc,heap       ] GC(399) Humongous regions: 147->147
[2025-10-30T19:38:11.086+0000][gc,metaspace  ] GC(399) Metaspace: 51931K(55472K)->51931K(55472K) NonClass: 46113K(48048K)->46113K(48048K) Class: 5817K(7424K)->5817K(7424K)
[2025-10-30T19:38:11.086+0000][gc            ] GC(399) Pause Young (Mixed) (G1 Evacuation Pause) 262M->201M(512M) 11.897ms
[2025-10-30T19:38:11.086+0000][gc,cpu        ] GC(399) User=0.02s Sys=0.00s Real=0.01s
[2025-10-30T19:40:12.689+0000][gc,start      ] GC(400) Pause Young (Normal) (G1 Evacuation Pause)
[2025-10-30T19:40:12.689+0000][gc,task       ] GC(400) Using 2 workers of 2 for evacuation
[2025-10-30T19:40:12.699+0000][gc,phases     ] GC(400)   Pre Evacuate Collection Set: 0.0ms
[2025-10-30T19:40:12.699+0000][gc,phases     ] GC(400)   Evacuate Collection Set: 8.3ms
[2025-10-30T19:40:12.699+0000][gc,phases     ] GC(400)   Post Evacuate Collection Set: 0.7ms
[2025-10-30T19:40:12.699+0000][gc,phases     ] GC(400)   Other: 0.5ms
[2025-10-30T19:40:12.699+0000][gc,heap       ] GC(400) Eden regions: 37->0(41)
[2025-10-30T19:40:12.700+0000][gc,heap       ] GC(400) Survivor regions: 2->5(5)
[2025-10-30T19:40:12.700+0000][gc,heap       ] GC(400) Old regions: 53->53
[2025-10-30T19:40:12.700+0000][gc,heap       ] GC(400) Humongous regions: 147->147
[2025-10-30T19:40:12.700+0000][gc,metaspace  ] GC(400) Metaspace: 51931K(55472K)->51931K(55472K) NonClass: 46113K(48048K)->46113K(48048K) Class: 5817K(7424K)->5817K(7424K)
[2025-10-30T19:40:12.700+0000][gc            ] GC(400) Pause Young (Normal) (G1 Evacuation Pause) 238M->204M(512M) 10.775ms
[2025-10-30T19:40:12.700+0000][gc,cpu        ] GC(400) User=0.02s Sys=0.00s Real=0.01s
[2025-10-30T19:42:29.127+0000][gc,start      ] GC(401) Pause Young (Normal) (G1 Evacuation Pause)
[2025-10-30T19:42:29.127+0000][gc,task       ] GC(401) Using 2 workers of 2 for evacuation
[2025-10-30T19:42:29.142+0000][gc,phases     ] GC(401)   Pre Evacuate Collection Set: 0.0ms
[2025-10-30T19:42:29.142+0000][gc,phases     ] GC(401)   Evacuate Collection Set: 14.4ms
[2025-10-30T19:42:29.143+0000][gc,phases     ] GC(401)   Post Evacuate Collection Set: 0.7ms
[2025-10-30T19:42:29.143+0000][gc,phases     ] GC(401)   Other: 0.6ms
[2025-10-30T19:42:29.143+0000][gc,heap       ] GC(401) Eden regions: 41->0(40)
[2025-10-30T19:42:29.143+0000][gc,heap       ] GC(401) Survivor regions: 5->6(6)
[2025-10-30T19:42:29.143+0000][gc,heap       ] GC(401) Old regions: 53->55
[2025-10-30T19:42:29.143+0000][gc,heap       ] GC(401) Humongous regions: 147->147
[2025-10-30T19:42:29.144+0000][gc,metaspace  ] GC(401) Metaspace: 51931K(55472K)->51931K(55472K) NonClass: 46113K(48048K)->46113K(48048K) Class: 5817K(7424K)->5817K(7424K)
[2025-10-30T19:42:29.144+0000][gc            ] GC(401) Pause Young (Normal) (G1 Evacuation Pause) 245M->207M(512M) 17.263ms
[2025-10-30T19:42:29.144+0000][gc,cpu        ] GC(401) User=0.03s Sys=0.00s Real=0.02s
[2025-10-30T19:44:41.624+0000][gc,start      ] GC(402) Pause Young (Normal) (G1 Evacuation Pause)
[2025-10-30T19:44:41.624+0000][gc,task       ] GC(402) Using 2 workers of 2 for evacuation
[2025-10-30T19:44:41.636+0000][gc,phases     ] GC(402)   Pre Evacuate Collection Set: 0.0ms
[2025-10-30T19:44:41.636+0000][gc,phases     ] GC(402)   Evacuate Collection Set: 10.7ms
[2025-10-30T19:44:41.637+0000][gc,phases     ] GC(402)   Post Evacuate Collection Set: 0.7ms
[2025-10-30T19:44:41.637+0000][gc,phases     ] GC(402)   Other: 0.5ms
[2025-10-30T19:44:41.637+0000][gc,heap       ] GC(402) Eden regions: 40->0(44)
[2025-10-30T19:44:41.637+0000][gc,heap       ] GC(402) Survivor regions: 6->3(6)
[2025-10-30T19:44:41.637+0000][gc,heap       ] GC(402) Old regions: 55->59
[2025-10-30T19:44:41.637+0000][gc,heap       ] GC(402) Humongous regions: 147->147
[2025-10-30T19:44:41.637+0000][gc,metaspace  ] GC(402) Metaspace: 51931K(55472K)->51931K(55472K) NonClass: 46113K(48048K)->46113K(48048K) Class: 5817K(7424K)->5817K(7424K)
[2025-10-30T19:44:41.638+0000][gc            ] GC(402) Pause Young (Normal) (G1 Evacuation Pause) 247M->209M(512M) 13.396ms
[2025-10-30T19:44:41.638+0000][gc,cpu        ] GC(402) User=0.03s Sys=0.00s Real=0.01s
[2025-10-30T19:47:07.066+0000][gc,start      ] GC(403) Pause Young (Normal) (G1 Evacuation Pause)
[2025-10-30T19:47:07.067+0000][gc,task       ] GC(403) Using 2 workers of 2 for evacuation
[2025-10-30T19:47:07.077+0000][gc,phases     ] GC(403)   Pre Evacuate Collection Set: 0.0ms
[2025-10-30T19:47:07.078+0000][gc,phases     ] GC(403)   Evacuate Collection Set: 9.8ms
[2025-10-30T19:47:07.078+0000][gc,phases     ] GC(403)   Post Evacuate Collection Set: 0.6ms
[2025-10-30T19:47:07.078+0000][gc,phases     ] GC(403)   Other: 0.6ms
[2025-10-30T19:47:07.078+0000][gc,heap       ] GC(403) Eden regions: 44->0(46)
[2025-10-30T19:47:07.078+0000][gc,heap       ] GC(403) Survivor regions: 3->6(6)
[2025-10-30T19:47:07.078+0000][gc,heap       ] GC(403) Old regions: 59->60
[2025-10-30T19:47:07.078+0000][gc,heap       ] GC(403) Humongous regions: 147->147
[2025-10-30T19:47:07.079+0000][gc,metaspace  ] GC(403) Metaspace: 51937K(55472K)->51937K(55472K) NonClass: 46120K(48048K)->46120K(48048K) Class: 5817K(7424K)->5817K(7424K)
[2025-10-30T19:47:07.079+0000][gc            ] GC(403) Pause Young (Normal) (G1 Evacuation Pause) 252M->212M(512M) 12.283ms
[2025-10-30T19:47:07.079+0000][gc,cpu        ] GC(403) User=0.02s Sys=0.00s Real=0.02s
[2025-10-30T19:49:21.020+0000][gc,start      ] GC(404) Pause Young (Normal) (G1 Evacuation Pause)
[2025-10-30T19:49:21.020+0000][gc,task       ] GC(404) Using 2 workers of 2 for evacuation
[2025-10-30T19:49:21.038+0000][gc,phases     ] GC(404)   Pre Evacuate Collection Set: 0.0ms
[2025-10-30T19:49:21.038+0000][gc,phases     ] GC(404)   Evacuate Collection Set: 16.9ms
[2025-10-30T19:49:21.038+0000][gc,phases     ] GC(404)   Post Evacuate Collection Set: 0.6ms
[2025-10-30T19:49:21.039+0000][gc,phases     ] GC(404)   Other: 0.7ms
[2025-10-30T19:49:21.039+0000][gc,heap       ] GC(404) Eden regions: 44->0(45)
[2025-10-30T19:49:21.039+0000][gc,heap       ] GC(404) Survivor regions: 6->7(7)
[2025-10-30T19:49:21.039+0000][gc,heap       ] GC(404) Old regions: 60->65
[2025-10-30T19:49:21.039+0000][gc,heap       ] GC(404) Humongous regions: 147->147
[2025-10-30T19:49:21.039+0000][gc,metaspace  ] GC(404) Metaspace: 51937K(55472K)->51937K(55472K) NonClass: 46120K(48048K)->46120K(48048K) Class: 5817K(7424K)->5817K(7424K)
[2025-10-30T19:49:21.040+0000][gc            ] GC(404) Pause Young (Normal) (G1 Evacuation Pause) 256M->218M(512M) 20.031ms
[2025-10-30T19:49:21.040+0000][gc,cpu        ] GC(404) User=0.04s Sys=0.00s Real=0.03s
[2025-10-30T19:51:26.644+0000][gc,start      ] GC(405) Pause Young (Normal) (G1 Evacuation Pause)
[2025-10-30T19:51:26.644+0000][gc,task       ] GC(405) Using 2 workers of 2 for evacuation
[2025-10-30T19:51:26.657+0000][gc,phases     ] GC(405)   Pre Evacuate Collection Set: 0.0ms
[2025-10-30T19:51:26.658+0000][gc,phases     ] GC(405)   Evacuate Collection Set: 12.0ms
[2025-10-30T19:51:26.658+0000][gc,phases     ] GC(405)   Post Evacuate Collection Set: 0.7ms
[2025-10-30T19:51:26.658+0000][gc,phases     ] GC(405)   Other: 0.7ms
[2025-10-30T19:51:26.658+0000][gc,heap       ] GC(405) Eden regions: 42->0(47)
[2025-10-30T19:51:26.658+0000][gc,heap       ] GC(405) Survivor regions: 7->5(7)
[2025-10-30T19:51:26.658+0000][gc,heap       ] GC(405) Old regions: 65->69
[2025-10-30T19:51:26.659+0000][gc,heap       ] GC(405) Humongous regions: 147->147
[2025-10-30T19:51:26.659+0000][gc,metaspace  ] GC(405) Metaspace: 52006K(55472K)->52006K(55472K) NonClass: 46170K(48048K)->46170K(48048K) Class: 5836K(7424K)->5836K(7424K)
[2025-10-30T19:51:26.660+0000][gc            ] GC(405) Pause Young (Normal) (G1 Evacuation Pause) 260M->220M(512M) 15.523ms
[2025-10-30T19:51:26.660+0000][gc,cpu        ] GC(405) User=0.02s Sys=0.00s Real=0.01s
[2025-10-30T19:54:02.320+0000][gc,start      ] GC(406) Pause Young (Normal) (G1 Evacuation Pause)
[2025-10-30T19:54:02.320+0000][gc,task       ] GC(406) Using 2 workers of 2 for evacuation
[2025-10-30T19:54:02.333+0000][gc,phases     ] GC(406)   Pre Evacuate Collection Set: 0.0ms
[2025-10-30T19:54:02.333+0000][gc,phases     ] GC(406)   Evacuate Collection Set: 11.6ms
[2025-10-30T19:54:02.333+0000][gc,phases     ] GC(406)   Post Evacuate Collection Set: 0.6ms
[2025-10-30T19:54:02.333+0000][gc,phases     ] GC(406)   Other: 0.7ms
[2025-10-30T19:54:02.334+0000][gc,heap       ] GC(406) Eden regions: 47->0(50)
[2025-10-30T19:54:02.334+0000][gc,heap       ] GC(406) Survivor regions: 5->5(7)
[2025-10-30T19:54:02.334+0000][gc,heap       ] GC(406) Old regions: 69->73
[2025-10-30T19:54:02.334+0000][gc,heap       ] GC(406) Humongous regions: 147->147
[2025-10-30T19:54:02.334+0000][gc,metaspace  ] GC(406) Metaspace: 52011K(55472K)->52011K(55472K) NonClass: 46175K(48048K)->46175K(48048K) Class: 5836K(7424K)->5836K(7424K)
[2025-10-30T19:54:02.334+0000][gc            ] GC(406) Pause Young (Normal) (G1 Evacuation Pause) 267M->223M(512M) 14.505ms
[2025-10-30T19:54:02.335+0000][gc,cpu        ] GC(406) User=0.02s Sys=0.00s Real=0.02s
[2025-10-30T19:56:36.972+0000][gc,start      ] GC(407) Pause Young (Normal) (G1 Evacuation Pause)
[2025-10-30T19:56:36.972+0000][gc,task       ] GC(407) Using 2 workers of 2 for evacuation
[2025-10-30T19:56:36.984+0000][gc,phases     ] GC(407)   Pre Evacuate Collection Set: 0.0ms
[2025-10-30T19:56:36.984+0000][gc,phases     ] GC(407)   Evacuate Collection Set: 11.0ms
[2025-10-30T19:56:36.985+0000][gc,phases     ] GC(407)   Post Evacuate Collection Set: 0.6ms
[2025-10-30T19:56:36.985+0000][gc,phases     ] GC(407)   Other: 0.7ms
[2025-10-30T19:56:36.985+0000][gc,heap       ] GC(407) Eden regions: 50->0(53)
[2025-10-30T19:56:36.985+0000][gc,heap       ] GC(407) Survivor regions: 5->4(7)
[2025-10-30T19:56:36.985+0000][gc,heap       ] GC(407) Old regions: 73->76
[2025-10-30T19:56:36.986+0000][gc,heap       ] GC(407) Humongous regions: 147->147
[2025-10-30T19:56:36.986+0000][gc,metaspace  ] GC(407) Metaspace: 52019K(55472K)->52019K(55472K) NonClass: 46183K(48048K)->46183K(48048K) Class: 5836K(7424K)->5836K(7424K)
[2025-10-30T19:56:36.986+0000][gc            ] GC(407) Pause Young (Normal) (G1 Evacuation Pause) 273M->226M(512M) 14.030ms
[2025-10-30T19:56:36.986+0000][gc,cpu        ] GC(407) User=0.03s Sys=0.00s Real=0.02s
[2025-10-30T19:59:15.307+0000][gc,start      ] GC(408) Pause Young (Normal) (G1 Evacuation Pause)
[2025-10-30T19:59:15.307+0000][gc,task       ] GC(408) Using 2 workers of 2 for evacuation
[2025-10-30T19:59:15.321+0000][gc,phases     ] GC(408)   Pre Evacuate Collection Set: 0.0ms
[2025-10-30T19:59:15.321+0000][gc,phases     ] GC(408)   Evacuate Collection Set: 12.2ms
[2025-10-30T19:59:15.321+0000][gc,phases     ] GC(408)   Post Evacuate Collection Set: 0.6ms
[2025-10-30T19:59:15.321+0000][gc,phases     ] GC(408)   Other: 1.1ms
[2025-10-30T19:59:15.321+0000][gc,heap       ] GC(408) Eden regions: 53->0(54)
[2025-10-30T19:59:15.321+0000][gc,heap       ] GC(408) Survivor regions: 4->7(8)
[2025-10-30T19:59:15.321+0000][gc,heap       ] GC(408) Old regions: 76->76
[2025-10-30T19:59:15.322+0000][gc,heap       ] GC(408) Humongous regions: 147->147
[2025-10-30T19:59:15.322+0000][gc,metaspace  ] GC(408) Metaspace: 52038K(55472K)->52038K(55472K) NonClass: 46202K(48048K)->46202K(48048K) Class: 5836K(7424K)->5836K(7424K)
[2025-10-30T19:59:15.322+0000][gc            ] GC(408) Pause Young (Normal) (G1 Evacuation Pause) 279M->229M(512M) 15.089ms
[2025-10-30T19:59:15.322+0000][gc,cpu        ] GC(408) User=0.03s Sys=0.00s Real=0.01s
[2025-10-30T20:01:57.706+0000][gc,start      ] GC(409) Pause Young (Normal) (G1 Evacuation Pause)
[2025-10-30T20:01:57.706+0000][gc,task       ] GC(409) Using 2 workers of 2 for evacuation
[2025-10-30T20:01:57.720+0000][gc,phases     ] GC(409)   Pre Evacuate Collection Set: 0.0ms
[2025-10-30T20:01:57.720+0000][gc,phases     ] GC(409)   Evacuate Collection Set: 13.0ms
[2025-10-30T20:01:57.720+0000][gc,phases     ] GC(409)   Post Evacuate Collection Set: 0.6ms
[2025-10-30T20:01:57.721+0000][gc,phases     ] GC(409)   Other: 0.5ms
[2025-10-30T20:01:57.721+0000][gc,heap       ] GC(409) Eden regions: 54->0(56)
[2025-10-30T20:01:57.721+0000][gc,heap       ] GC(409) Survivor regions: 7->8(8)
[2025-10-30T20:01:57.721+0000][gc,heap       ] GC(409) Old regions: 76->79
[2025-10-30T20:01:57.721+0000][gc,heap       ] GC(409) Humongous regions: 147->147
[2025-10-30T20:01:57.721+0000][gc,metaspace  ] GC(409) Metaspace: 52039K(55472K)->52039K(55472K) NonClass: 46203K(48048K)->46203K(48048K) Class: 5836K(7424K)->5836K(7424K)
[2025-10-30T20:01:57.722+0000][gc            ] GC(409) Pause Young (Normal) (G1 Evacuation Pause) 283M->232M(512M) 15.515ms
[2025-10-30T20:01:57.722+0000][gc,cpu        ] GC(409) User=0.03s Sys=0.00s Real=0.01s
[2025-10-30T20:04:34.586+0000][gc,start      ] GC(410) Pause Young (Normal) (G1 Evacuation Pause)
[2025-10-30T20:04:34.586+0000][gc,task       ] GC(410) Using 2 workers of 2 for evacuation
[2025-10-30T20:04:34.602+0000][gc,phases     ] GC(410)   Pre Evacuate Collection Set: 0.0ms
[2025-10-30T20:04:34.602+0000][gc,phases     ] GC(410)   Evacuate Collection Set: 15.4ms
[2025-10-30T20:04:34.603+0000][gc,phases     ] GC(410)   Post Evacuate Collection Set: 0.6ms
[2025-10-30T20:04:34.603+0000][gc,phases     ] GC(410)   Other: 0.5ms
[2025-10-30T20:04:34.603+0000][gc,heap       ] GC(410) Eden regions: 56->0(56)
[2025-10-30T20:04:34.603+0000][gc,heap       ] GC(410) Survivor regions: 8->8(8)
[2025-10-30T20:04:34.603+0000][gc,heap       ] GC(410) Old regions: 79->82
[2025-10-30T20:04:34.603+0000][gc,heap       ] GC(410) Humongous regions: 147->147
[2025-10-30T20:04:34.603+0000][gc,metaspace  ] GC(410) Metaspace: 52052K(55472K)->52052K(55472K) NonClass: 46216K(48048K)->46216K(48048K) Class: 5836K(7424K)->5836K(7424K)
[2025-10-30T20:04:34.603+0000][gc            ] GC(410) Pause Young (Normal) (G1 Evacuation Pause) 288M->236M(512M) 17.777ms
[2025-10-30T20:04:34.604+0000][gc,cpu        ] GC(410) User=0.04s Sys=0.00s Real=0.01s
[2025-10-30T20:07:09.755+0000][gc,start      ] GC(411) Pause Young (Normal) (G1 Evacuation Pause)
[2025-10-30T20:07:09.755+0000][gc,task       ] GC(411) Using 2 workers of 2 for evacuation
[2025-10-30T20:07:09.774+0000][gc,phases     ] GC(411)   Pre Evacuate Collection Set: 0.0ms
[2025-10-30T20:07:09.774+0000][gc,phases     ] GC(411)   Evacuate Collection Set: 17.2ms
[2025-10-30T20:07:09.774+0000][gc,phases     ] GC(411)   Post Evacuate Collection Set: 0.7ms
[2025-10-30T20:07:09.774+0000][gc,phases     ] GC(411)   Other: 1.3ms
[2025-10-30T20:07:09.774+0000][gc,heap       ] GC(411) Eden regions: 56->0(59)
[2025-10-30T20:07:09.775+0000][gc,heap       ] GC(411) Survivor regions: 8->5(8)
[2025-10-30T20:07:09.775+0000][gc,heap       ] GC(411) Old regions: 82->90
[2025-10-30T20:07:09.775+0000][gc,heap       ] GC(411) Humongous regions: 147->147
[2025-10-30T20:07:09.775+0000][gc,metaspace  ] GC(411) Metaspace: 52055K(55472K)->52055K(55472K) NonClass: 46219K(48048K)->46219K(48048K) Class: 5836K(7424K)->5836K(7424K)
[2025-10-30T20:07:09.775+0000][gc            ] GC(411) Pause Young (Normal) (G1 Evacuation Pause) 292M->241M(512M) 20.549ms
[2025-10-30T20:07:09.775+0000][gc,cpu        ] GC(411) User=0.03s Sys=0.00s Real=0.02s
[2025-10-30T20:09:50.687+0000][gc,start      ] GC(412) Pause Young (Normal) (G1 Evacuation Pause)
[2025-10-30T20:09:50.687+0000][gc,task       ] GC(412) Using 2 workers of 2 for evacuation
[2025-10-30T20:09:50.702+0000][gc,phases     ] GC(412)   Pre Evacuate Collection Set: 0.0ms
[2025-10-30T20:09:50.702+0000][gc,phases     ] GC(412)   Evacuate Collection Set: 14.3ms
[2025-10-30T20:09:50.703+0000][gc,phases     ] GC(412)   Post Evacuate Collection Set: 0.6ms
[2025-10-30T20:09:50.703+0000][gc,phases     ] GC(412)   Other: 0.5ms
[2025-10-30T20:09:50.703+0000][gc,heap       ] GC(412) Eden regions: 59->0(60)
[2025-10-30T20:09:50.703+0000][gc,heap       ] GC(412) Survivor regions: 5->6(8)
[2025-10-30T20:09:50.703+0000][gc,heap       ] GC(412) Old regions: 90->94
[2025-10-30T20:09:50.703+0000][gc,heap       ] GC(412) Humongous regions: 147->147
[2025-10-30T20:09:50.704+0000][gc,metaspace  ] GC(412) Metaspace: 52057K(55472K)->52057K(55472K) NonClass: 46221K(48048K)->46221K(48048K) Class: 5836K(7424K)->5836K(7424K)
[2025-10-30T20:09:50.704+0000][gc            ] GC(412) Pause Young (Normal) (G1 Evacuation Pause) 300M->246M(512M) 16.982ms
[2025-10-30T20:09:50.704+0000][gc,cpu        ] GC(412) User=0.03s Sys=0.00s Real=0.02s
[2025-10-30T20:12:20.313+0000][gc,start      ] GC(413) Pause Young (Normal) (G1 Evacuation Pause)
[2025-10-30T20:12:20.313+0000][gc,task       ] GC(413) Using 2 workers of 2 for evacuation
[2025-10-30T20:12:20.329+0000][gc,phases     ] GC(413)   Pre Evacuate Collection Set: 0.0ms
[2025-10-30T20:12:20.330+0000][gc,phases     ] GC(413)   Evacuate Collection Set: 15.0ms
[2025-10-30T20:12:20.330+0000][gc,phases     ] GC(413)   Post Evacuate Collection Set: 0.7ms
[2025-10-30T20:12:20.330+0000][gc,phases     ] GC(413)   Other: 1.0ms
[2025-10-30T20:12:20.330+0000][gc,heap       ] GC(413) Eden regions: 60->0(60)
[2025-10-30T20:12:20.330+0000][gc,heap       ] GC(413) Survivor regions: 6->6(9)
[2025-10-30T20:12:20.331+0000][gc,heap       ] GC(413) Old regions: 94->98
[2025-10-30T20:12:20.331+0000][gc,heap       ] GC(413) Humongous regions: 147->147
[2025-10-30T20:12:20.331+0000][gc,metaspace  ] GC(413) Metaspace: 52082K(55472K)->52082K(55472K) NonClass: 46246K(48048K)->46246K(48048K) Class: 5836K(7424K)->5836K(7424K)
[2025-10-30T20:12:20.331+0000][gc            ] GC(413) Pause Young (Normal) (G1 Evacuation Pause) 306M->250M(512M) 18.084ms
[2025-10-30T20:12:20.331+0000][gc,cpu        ] GC(413) User=0.03s Sys=0.00s Real=0.02s
[2025-10-30T20:14:44.243+0000][gc,start      ] GC(414) Pause Young (Normal) (G1 Evacuation Pause)
[2025-10-30T20:14:44.243+0000][gc,task       ] GC(414) Using 2 workers of 2 for evacuation
[2025-10-30T20:14:44.259+0000][gc,phases     ] GC(414)   Pre Evacuate Collection Set: 0.0ms
[2025-10-30T20:14:44.259+0000][gc,phases     ] GC(414)   Evacuate Collection Set: 15.0ms
[2025-10-30T20:14:44.259+0000][gc,phases     ] GC(414)   Post Evacuate Collection Set: 0.7ms
[2025-10-30T20:14:44.260+0000][gc,phases     ] GC(414)   Other: 0.6ms
[2025-10-30T20:14:44.260+0000][gc,heap       ] GC(414) Eden regions: 60->0(63)
[2025-10-30T20:14:44.260+0000][gc,heap       ] GC(414) Survivor regions: 6->6(9)
[2025-10-30T20:14:44.260+0000][gc,heap       ] GC(414) Old regions: 98->103
[2025-10-30T20:14:44.260+0000][gc,heap       ] GC(414) Humongous regions: 147->147
[2025-10-30T20:14:44.260+0000][gc,metaspace  ] GC(414) Metaspace: 52084K(55472K)->52084K(55472K) NonClass: 46248K(48048K)->46248K(48048K) Class: 5836K(7424K)->5836K(7424K)
[2025-10-30T20:14:44.260+0000][gc            ] GC(414) Pause Young (Normal) (G1 Evacuation Pause) 310M->255M(512M) 17.796ms
[2025-10-30T20:14:44.261+0000][gc,cpu        ] GC(414) User=0.03s Sys=0.00s Real=0.02s
[2025-10-30T20:17:07.111+0000][gc,start      ] GC(415) Pause Young (Normal) (G1 Evacuation Pause)
[2025-10-30T20:17:07.111+0000][gc,task       ] GC(415) Using 2 workers of 2 for evacuation
[2025-10-30T20:17:07.131+0000][gc,phases     ] GC(415)   Pre Evacuate Collection Set: 0.0ms
[2025-10-30T20:17:07.131+0000][gc,phases     ] GC(415)   Evacuate Collection Set: 18.0ms
[2025-10-30T20:17:07.131+0000][gc,phases     ] GC(415)   Post Evacuate Collection Set: 1.0ms
[2025-10-30T20:17:07.131+0000][gc,phases     ] GC(415)   Other: 0.8ms
[2025-10-30T20:17:07.131+0000][gc,heap       ] GC(415) Eden regions: 60->0(62)
[2025-10-30T20:17:07.132+0000][gc,heap       ] GC(415) Survivor regions: 6->5(9)
[2025-10-30T20:17:07.132+0000][gc,heap       ] GC(415) Old regions: 103->107
[2025-10-30T20:17:07.132+0000][gc,heap       ] GC(415) Humongous regions: 147->147
[2025-10-30T20:17:07.132+0000][gc,metaspace  ] GC(415) Metaspace: 52084K(55472K)->52084K(55472K) NonClass: 46248K(48048K)->46248K(48048K) Class: 5836K(7424K)->5836K(7424K)
[2025-10-30T20:17:07.132+0000][gc            ] GC(415) Pause Young (Normal) (G1 Evacuation Pause) 315M->258M(512M) 21.321ms
[2025-10-30T20:17:07.132+0000][gc,cpu        ] GC(415) User=0.04s Sys=0.00s Real=0.02s
[2025-10-30T20:19:26.722+0000][gc,start      ] GC(416) Pause Young (Normal) (G1 Evacuation Pause)
[2025-10-30T20:19:26.722+0000][gc,task       ] GC(416) Using 2 workers of 2 for evacuation
[2025-10-30T20:19:26.740+0000][gc,phases     ] GC(416)   Pre Evacuate Collection Set: 0.0ms
[2025-10-30T20:19:26.740+0000][gc,phases     ] GC(416)   Evacuate Collection Set: 16.5ms
[2025-10-30T20:19:26.741+0000][gc,phases     ] GC(416)   Post Evacuate Collection Set: 0.9ms
[2025-10-30T20:19:26.741+0000][gc,phases     ] GC(416)   Other: 0.7ms
[2025-10-30T20:19:26.741+0000][gc,heap       ] GC(416) Eden regions: 58->0(63)
[2025-10-30T20:19:26.741+0000][gc,heap       ] GC(416) Survivor regions: 5->6(8)
[2025-10-30T20:19:26.741+0000][gc,heap       ] GC(416) Old regions: 107->111
[2025-10-30T20:19:26.741+0000][gc,heap       ] GC(416) Humongous regions: 147->147
[2025-10-30T20:19:26.741+0000][gc,metaspace  ] GC(416) Metaspace: 52084K(55472K)->52084K(55472K) NonClass: 46248K(48048K)->46248K(48048K) Class: 5836K(7424K)->5836K(7424K)
[2025-10-30T20:19:26.742+0000][gc            ] GC(416) Pause Young (Normal) (G1 Evacuation Pause) 316M->263M(512M) 20.014ms
[2025-10-30T20:19:26.742+0000][gc,cpu        ] GC(416) User=0.04s Sys=0.00s Real=0.02s
[2025-10-30T20:21:43.502+0000][gc,start      ] GC(417) Pause Young (Normal) (G1 Evacuation Pause)
[2025-10-30T20:21:43.502+0000][gc,task       ] GC(417) Using 2 workers of 2 for evacuation
[2025-10-30T20:21:43.516+0000][gc,phases     ] GC(417)   Pre Evacuate Collection Set: 0.0ms
[2025-10-30T20:21:43.516+0000][gc,phases     ] GC(417)   Evacuate Collection Set: 12.7ms
[2025-10-30T20:21:43.516+0000][gc,phases     ] GC(417)   Post Evacuate Collection Set: 0.7ms
[2025-10-30T20:21:43.516+0000][gc,phases     ] GC(417)   Other: 0.7ms
[2025-10-30T20:21:43.517+0000][gc,heap       ] GC(417) Eden regions: 57->0(70)
[2025-10-30T20:21:43.517+0000][gc,heap       ] GC(417) Survivor regions: 6->4(8)
[2025-10-30T20:21:43.517+0000][gc,heap       ] GC(417) Old regions: 111->115
[2025-10-30T20:21:43.517+0000][gc,heap       ] GC(417) Humongous regions: 147->147
[2025-10-30T20:21:43.517+0000][gc,metaspace  ] GC(417) Metaspace: 52087K(55472K)->52087K(55472K) NonClass: 46251K(48048K)->46251K(48048K) Class: 5836K(7424K)->5836K(7424K)
[2025-10-30T20:21:43.518+0000][gc            ] GC(417) Pause Young (Normal) (G1 Evacuation Pause) 320M->265M(512M) 15.916ms
[2025-10-30T20:21:43.518+0000][gc,cpu        ] GC(417) User=0.02s Sys=0.00s Real=0.02s
[2025-10-30T20:24:17.338+0000][gc,start      ] GC(418) Pause Young (Normal) (G1 Evacuation Pause)
[2025-10-30T20:24:17.338+0000][gc,task       ] GC(418) Using 2 workers of 2 for evacuation
[2025-10-30T20:24:17.353+0000][gc,phases     ] GC(418)   Pre Evacuate Collection Set: 0.0ms
[2025-10-30T20:24:17.353+0000][gc,phases     ] GC(418)   Evacuate Collection Set: 14.0ms
[2025-10-30T20:24:17.354+0000][gc,phases     ] GC(418)   Post Evacuate Collection Set: 0.6ms
[2025-10-30T20:24:17.354+0000][gc,phases     ] GC(418)   Other: 0.5ms
[2025-10-30T20:24:17.354+0000][gc,heap       ] GC(418) Eden regions: 64->0(66)
[2025-10-30T20:24:17.354+0000][gc,heap       ] GC(418) Survivor regions: 4->9(9)
[2025-10-30T20:24:17.354+0000][gc,heap       ] GC(418) Old regions: 115->116
[2025-10-30T20:24:17.354+0000][gc,heap       ] GC(418) Humongous regions: 147->147
[2025-10-30T20:24:17.354+0000][gc,metaspace  ] GC(418) Metaspace: 52098K(55472K)->52098K(55472K) NonClass: 46262K(48048K)->46262K(48048K) Class: 5836K(7424K)->5836K(7424K)
[2025-10-30T20:24:17.355+0000][gc            ] GC(418) Pause Young (Normal) (G1 Evacuation Pause) 329M->271M(512M) 16.413ms
[2025-10-30T20:24:17.355+0000][gc,cpu        ] GC(418) User=0.03s Sys=0.00s Real=0.01s
[2025-10-30T20:27:07.974+0000][gc,start      ] GC(419) Pause Young (Normal) (G1 Evacuation Pause)
[2025-10-30T20:27:07.974+0000][gc,task       ] GC(419) Using 2 workers of 2 for evacuation
[2025-10-30T20:27:07.994+0000][gc,phases     ] GC(419)   Pre Evacuate Collection Set: 0.0ms
[2025-10-30T20:27:07.994+0000][gc,phases     ] GC(419)   Evacuate Collection Set: 18.7ms
[2025-10-30T20:27:07.994+0000][gc,phases     ] GC(419)   Post Evacuate Collection Set: 0.7ms
[2025-10-30T20:27:07.994+0000][gc,phases     ] GC(419)   Other: 0.8ms
[2025-10-30T20:27:07.995+0000][gc,heap       ] GC(419) Eden regions: 63->0(65)
[2025-10-30T20:27:07.995+0000][gc,heap       ] GC(419) Survivor regions: 9->5(9)
[2025-10-30T20:27:07.995+0000][gc,heap       ] GC(419) Old regions: 116->124
[2025-10-30T20:27:07.995+0000][gc,heap       ] GC(419) Humongous regions: 147->147
[2025-10-30T20:27:07.995+0000][gc,metaspace  ] GC(419) Metaspace: 52098K(55472K)->52098K(55472K) NonClass: 46262K(48048K)->46262K(48048K) Class: 5836K(7424K)->5836K(7424K)
[2025-10-30T20:27:07.995+0000][gc            ] GC(419) Pause Young (Normal) (G1 Evacuation Pause) 334M->275M(512M) 21.688ms
[2025-10-30T20:27:07.996+0000][gc,cpu        ] GC(419) User=0.04s Sys=0.00s Real=0.02s
[2025-10-30T20:30:04.144+0000][gc,start      ] GC(420) Pause Young (Normal) (G1 Evacuation Pause)
[2025-10-30T20:30:04.144+0000][gc,task       ] GC(420) Using 2 workers of 2 for evacuation
[2025-10-30T20:30:04.161+0000][gc,phases     ] GC(420)   Pre Evacuate Collection Set: 0.0ms
[2025-10-30T20:30:04.162+0000][gc,phases     ] GC(420)   Evacuate Collection Set: 15.9ms
[2025-10-30T20:30:04.162+0000][gc,phases     ] GC(420)   Post Evacuate Collection Set: 0.7ms
[2025-10-30T20:30:04.162+0000][gc,phases     ] GC(420)   Other: 0.6ms
[2025-10-30T20:30:04.162+0000][gc,heap       ] GC(420) Eden regions: 65->0(64)
[2025-10-30T20:30:04.162+0000][gc,heap       ] GC(420) Survivor regions: 5->9(9)
[2025-10-30T20:30:04.162+0000][gc,heap       ] GC(420) Old regions: 124->125
[2025-10-30T20:30:04.162+0000][gc,heap       ] GC(420) Humongous regions: 147->147
[2025-10-30T20:30:04.163+0000][gc,metaspace  ] GC(420) Metaspace: 52099K(55472K)->52099K(55472K) NonClass: 46263K(48048K)->46263K(48048K) Class: 5836K(7424K)->5836K(7424K)
[2025-10-30T20:30:04.163+0000][gc            ] GC(420) Pause Young (Normal) (G1 Evacuation Pause) 340M->281M(512M) 18.780ms
[2025-10-30T20:30:04.163+0000][gc,cpu        ] GC(420) User=0.03s Sys=0.00s Real=0.02s
[2025-10-30T20:32:59.380+0000][gc,start      ] GC(421) Pause Young (Normal) (G1 Evacuation Pause)
[2025-10-30T20:32:59.381+0000][gc,task       ] GC(421) Using 2 workers of 2 for evacuation
[2025-10-30T20:32:59.400+0000][gc,phases     ] GC(421)   Pre Evacuate Collection Set: 0.0ms
[2025-10-30T20:32:59.401+0000][gc,phases     ] GC(421)   Evacuate Collection Set: 18.8ms
[2025-10-30T20:32:59.401+0000][gc,phases     ] GC(421)   Post Evacuate Collection Set: 0.7ms
[2025-10-30T20:32:59.401+0000][gc,phases     ] GC(421)   Other: 0.7ms
[2025-10-30T20:32:59.401+0000][gc,heap       ] GC(421) Eden regions: 64->0(64)
[2025-10-30T20:32:59.401+0000][gc,heap       ] GC(421) Survivor regions: 9->7(10)
[2025-10-30T20:32:59.402+0000][gc,heap       ] GC(421) Old regions: 125->134
[2025-10-30T20:32:59.402+0000][gc,heap       ] GC(421) Humongous regions: 147->147
[2025-10-30T20:32:59.402+0000][gc,metaspace  ] GC(421) Metaspace: 52099K(55472K)->52099K(55472K) NonClass: 46263K(48048K)->46263K(48048K) Class: 5836K(7424K)->5836K(7424K)
[2025-10-30T20:32:59.402+0000][gc            ] GC(421) Pause Young (Normal) (G1 Evacuation Pause) 345M->287M(512M) 21.704ms
[2025-10-30T20:32:59.402+0000][gc,cpu        ] GC(421) User=0.04s Sys=0.00s Real=0.02s
[2025-10-30T20:35:51.370+0000][gc,start      ] GC(422) Pause Young (Normal) (G1 Evacuation Pause)
[2025-10-30T20:35:51.370+0000][gc,task       ] GC(422) Using 2 workers of 2 for evacuation
[2025-10-30T20:35:51.389+0000][gc,phases     ] GC(422)   Pre Evacuate Collection Set: 0.0ms
[2025-10-30T20:35:51.389+0000][gc,phases     ] GC(422)   Evacuate Collection Set: 17.9ms
[2025-10-30T20:35:51.390+0000][gc,phases     ] GC(422)   Post Evacuate Collection Set: 0.7ms
[2025-10-30T20:35:51.390+0000][gc,phases     ] GC(422)   Other: 0.6ms
[2025-10-30T20:35:51.390+0000][gc,heap       ] GC(422) Eden regions: 64->0(65)
[2025-10-30T20:35:51.390+0000][gc,heap       ] GC(422) Survivor regions: 7->6(9)
[2025-10-30T20:35:51.391+0000][gc,heap       ] GC(422) Old regions: 134->138
[2025-10-30T20:35:51.391+0000][gc,heap       ] GC(422) Humongous regions: 147->147
[2025-10-30T20:35:51.391+0000][gc,metaspace  ] GC(422) Metaspace: 52102K(55472K)->52102K(55472K) NonClass: 46266K(48048K)->46266K(48048K) Class: 5836K(7424K)->5836K(7424K)
[2025-10-30T20:35:51.391+0000][gc            ] GC(422) Pause Young (Normal) (G1 Evacuation Pause) 351M->291M(512M) 21.524ms
[2025-10-30T20:35:51.391+0000][gc,cpu        ] GC(422) User=0.04s Sys=0.00s Real=0.02s
[2025-10-30T20:38:43.525+0000][gc,start      ] GC(423) Pause Young (Normal) (G1 Evacuation Pause)
[2025-10-30T20:38:43.526+0000][gc,task       ] GC(423) Using 2 workers of 2 for evacuation
[2025-10-30T20:38:43.543+0000][gc,phases     ] GC(423)   Pre Evacuate Collection Set: 0.0ms
[2025-10-30T20:38:43.543+0000][gc,phases     ] GC(423)   Evacuate Collection Set: 15.9ms
[2025-10-30T20:38:43.543+0000][gc,phases     ] GC(423)   Post Evacuate Collection Set: 0.5ms
[2025-10-30T20:38:43.543+0000][gc,phases     ] GC(423)   Other: 1.0ms
[2025-10-30T20:38:43.543+0000][gc,heap       ] GC(423) Eden regions: 63->0(66)
[2025-10-30T20:38:43.544+0000][gc,heap       ] GC(423) Survivor regions: 6->6(9)
[2025-10-30T20:38:43.544+0000][gc,heap       ] GC(423) Old regions: 138->143
[2025-10-30T20:38:43.544+0000][gc,heap       ] GC(423) Humongous regions: 147->147
[2025-10-30T20:38:43.544+0000][gc,metaspace  ] GC(423) Metaspace: 52103K(55472K)->52103K(55472K) NonClass: 46267K(48048K)->46267K(48048K) Class: 5836K(7424K)->5836K(7424K)
[2025-10-30T20:38:43.544+0000][gc            ] GC(423) Pause Young (Normal) (G1 Evacuation Pause) 354M->295M(512M) 18.974ms
[2025-10-30T20:38:43.545+0000][gc,cpu        ] GC(423) User=0.03s Sys=0.00s Real=0.02s
[2025-10-30T20:41:33.655+0000][gc,start      ] GC(424) Pause Young (Normal) (G1 Evacuation Pause)
[2025-10-30T20:41:33.655+0000][gc,task       ] GC(424) Using 2 workers of 2 for evacuation
[2025-10-30T20:41:33.671+0000][gc,phases     ] GC(424)   Pre Evacuate Collection Set: 0.0ms
[2025-10-30T20:41:33.671+0000][gc,phases     ] GC(424)   Evacuate Collection Set: 14.9ms
[2025-10-30T20:41:33.672+0000][gc,phases     ] GC(424)   Post Evacuate Collection Set: 0.7ms
[2025-10-30T20:41:33.672+0000][gc,phases     ] GC(424)   Other: 0.8ms
[2025-10-30T20:41:33.672+0000][gc,heap       ] GC(424) Eden regions: 63->0(66)
[2025-10-30T20:41:33.672+0000][gc,heap       ] GC(424) Survivor regions: 6->5(9)
[2025-10-30T20:41:33.672+0000][gc,heap       ] GC(424) Old regions: 143->147
[2025-10-30T20:41:33.672+0000][gc,heap       ] GC(424) Humongous regions: 147->147
[2025-10-30T20:41:33.673+0000][gc,metaspace  ] GC(424) Metaspace: 52104K(55472K)->52104K(55472K) NonClass: 46268K(48048K)->46268K(48048K) Class: 5836K(7424K)->5836K(7424K)
[2025-10-30T20:41:33.673+0000][gc            ] GC(424) Pause Young (Normal) (G1 Evacuation Pause) 358M->298M(512M) 17.886ms
[2025-10-30T20:41:33.673+0000][gc,cpu        ] GC(424) User=0.03s Sys=0.00s Real=0.02s
[2025-10-30T20:44:25.312+0000][gc,start      ] GC(425) Pause Young (Normal) (G1 Evacuation Pause)
[2025-10-30T20:44:25.313+0000][gc,task       ] GC(425) Using 2 workers of 2 for evacuation
[2025-10-30T20:44:25.327+0000][gc,phases     ] GC(425)   Pre Evacuate Collection Set: 0.0ms
[2025-10-30T20:44:25.328+0000][gc,phases     ] GC(425)   Evacuate Collection Set: 13.8ms
[2025-10-30T20:44:25.328+0000][gc,phases     ] GC(425)   Post Evacuate Collection Set: 0.6ms
[2025-10-30T20:44:25.328+0000][gc,phases     ] GC(425)   Other: 0.5ms
[2025-10-30T20:44:25.328+0000][gc,heap       ] GC(425) Eden regions: 64->0(68)
[2025-10-30T20:44:25.328+0000][gc,heap       ] GC(425) Survivor regions: 5->6(9)
[2025-10-30T20:44:25.328+0000][gc,heap       ] GC(425) Old regions: 147->152
[2025-10-30T20:44:25.328+0000][gc,heap       ] GC(425) Humongous regions: 147->147
[2025-10-30T20:44:25.328+0000][gc,metaspace  ] GC(425) Metaspace: 52104K(55472K)->52104K(55472K) NonClass: 46268K(48048K)->46268K(48048K) Class: 5836K(7424K)->5836K(7424K)
[2025-10-30T20:44:25.329+0000][gc            ] GC(425) Pause Young (Normal) (G1 Evacuation Pause) 362M->303M(512M) 16.130ms
[2025-10-30T20:44:25.329+0000][gc,cpu        ] GC(425) User=0.03s Sys=0.00s Real=0.02s
[2025-10-30T20:47:29.683+0000][gc,start      ] GC(426) Pause Young (Normal) (G1 Evacuation Pause)
[2025-10-30T20:47:29.684+0000][gc,task       ] GC(426) Using 2 workers of 2 for evacuation
[2025-10-30T20:47:29.700+0000][gc,phases     ] GC(426)   Pre Evacuate Collection Set: 0.0ms
[2025-10-30T20:47:29.700+0000][gc,phases     ] GC(426)   Evacuate Collection Set: 15.3ms
[2025-10-30T20:47:29.700+0000][gc,phases     ] GC(426)   Post Evacuate Collection Set: 0.7ms
[2025-10-30T20:47:29.701+0000][gc,phases     ] GC(426)   Other: 0.8ms
[2025-10-30T20:47:29.701+0000][gc,heap       ] GC(426) Eden regions: 68->0(69)
[2025-10-30T20:47:29.701+0000][gc,heap       ] GC(426) Survivor regions: 6->6(10)
[2025-10-30T20:47:29.701+0000][gc,heap       ] GC(426) Old regions: 152->156
[2025-10-30T20:47:29.701+0000][gc,heap       ] GC(426) Humongous regions: 147->147
[2025-10-30T20:47:29.701+0000][gc,metaspace  ] GC(426) Metaspace: 52108K(55472K)->52108K(55472K) NonClass: 46272K(48048K)->46272K(48048K) Class: 5836K(7424K)->5836K(7424K)
[2025-10-30T20:47:29.701+0000][gc            ] GC(426) Pause Young (Normal) (G1 Evacuation Pause) 371M->308M(512M) 18.242ms
[2025-10-30T20:47:29.702+0000][gc,cpu        ] GC(426) User=0.03s Sys=0.00s Real=0.01s
[2025-10-30T20:50:08.794+0000][gc,start      ] GC(427) Pause Young (Normal) (G1 Evacuation Pause)
[2025-10-30T20:50:08.794+0000][gc,task       ] GC(427) Using 2 workers of 2 for evacuation
[2025-10-30T20:50:08.813+0000][gc,phases     ] GC(427)   Pre Evacuate Collection Set: 0.0ms
[2025-10-30T20:50:08.813+0000][gc,phases     ] GC(427)   Evacuate Collection Set: 18.0ms
[2025-10-30T20:50:08.813+0000][gc,phases     ] GC(427)   Post Evacuate Collection Set: 0.7ms
[2025-10-30T20:50:08.813+0000][gc,phases     ] GC(427)   Other: 0.6ms
[2025-10-30T20:50:08.814+0000][gc,heap       ] GC(427) Eden regions: 65->0(66)
[2025-10-30T20:50:08.814+0000][gc,heap       ] GC(427) Survivor regions: 6->8(9)
[2025-10-30T20:50:08.814+0000][gc,heap       ] GC(427) Old regions: 156->161
[2025-10-30T20:50:08.814+0000][gc,heap       ] GC(427) Humongous regions: 147->147
[2025-10-30T20:50:08.814+0000][gc,metaspace  ] GC(427) Metaspace: 52117K(55728K)->52117K(55728K) NonClass: 46281K(48304K)->46281K(48304K) Class: 5836K(7424K)->5836K(7424K)
[2025-10-30T20:50:08.815+0000][gc            ] GC(427) Pause Young (Normal) (G1 Evacuation Pause) 373M->315M(512M) 20.917ms
[2025-10-30T20:50:08.815+0000][gc,cpu        ] GC(427) User=0.04s Sys=0.00s Real=0.02s
[2025-10-30T20:52:47.537+0000][gc,start      ] GC(428) Pause Young (Normal) (G1 Evacuation Pause)
[2025-10-30T20:52:47.538+0000][gc,task       ] GC(428) Using 2 workers of 2 for evacuation
[2025-10-30T20:52:47.554+0000][gc,phases     ] GC(428)   Pre Evacuate Collection Set: 0.0ms
[2025-10-30T20:52:47.554+0000][gc,phases     ] GC(428)   Evacuate Collection Set: 14.8ms
[2025-10-30T20:52:47.554+0000][gc,phases     ] GC(428)   Post Evacuate Collection Set: 0.7ms
[2025-10-30T20:52:47.554+0000][gc,phases     ] GC(428)   Other: 0.9ms
[2025-10-30T20:52:47.554+0000][gc,heap       ] GC(428) Eden regions: 58->0(64)
[2025-10-30T20:52:47.555+0000][gc,heap       ] GC(428) Survivor regions: 8->4(9)
[2025-10-30T20:52:47.555+0000][gc,heap       ] GC(428) Old regions: 161->167
[2025-10-30T20:52:47.555+0000][gc,heap       ] GC(428) Humongous regions: 147->147
[2025-10-30T20:52:47.555+0000][gc,metaspace  ] GC(428) Metaspace: 52125K(55728K)->52125K(55728K) NonClass: 46286K(48304K)->46286K(48304K) Class: 5838K(7424K)->5838K(7424K)
[2025-10-30T20:52:47.555+0000][gc            ] GC(428) Pause Young (Normal) (G1 Evacuation Pause) 373M->317M(512M) 17.622ms
[2025-10-30T20:52:47.555+0000][gc,cpu        ] GC(428) User=0.03s Sys=0.00s Real=0.02s
[2025-10-30T20:55:39.733+0000][gc,start      ] GC(429) Pause Young (Normal) (G1 Evacuation Pause)
[2025-10-30T20:55:39.734+0000][gc,task       ] GC(429) Using 2 workers of 2 for evacuation
[2025-10-30T20:55:39.745+0000][gc,phases     ] GC(429)   Pre Evacuate Collection Set: 0.0ms
[2025-10-30T20:55:39.745+0000][gc,phases     ] GC(429)   Evacuate Collection Set: 10.6ms
[2025-10-30T20:55:39.746+0000][gc,phases     ] GC(429)   Post Evacuate Collection Set: 0.6ms
[2025-10-30T20:55:39.746+0000][gc,phases     ] GC(429)   Other: 1.4ms
[2025-10-30T20:55:39.746+0000][gc,heap       ] GC(429) Eden regions: 64->0(65)
[2025-10-30T20:55:39.746+0000][gc,heap       ] GC(429) Survivor regions: 4->8(9)
[2025-10-30T20:55:39.746+0000][gc,heap       ] GC(429) Old regions: 167->167
[2025-10-30T20:55:39.746+0000][gc,heap       ] GC(429) Humongous regions: 147->147
[2025-10-30T20:55:39.746+0000][gc,metaspace  ] GC(429) Metaspace: 52129K(55728K)->52129K(55728K) NonClass: 46290K(48304K)->46290K(48304K) Class: 5838K(7424K)->5838K(7424K)
[2025-10-30T20:55:39.747+0000][gc            ] GC(429) Pause Young (Normal) (G1 Evacuation Pause) 381M->321M(512M) 13.790ms
[2025-10-30T20:55:39.747+0000][gc,cpu        ] GC(429) User=0.03s Sys=0.00s Real=0.02s
[2025-10-30T20:58:35.838+0000][gc,start      ] GC(430) Pause Young (Normal) (G1 Evacuation Pause)
[2025-10-30T20:58:35.838+0000][gc,task       ] GC(430) Using 2 workers of 2 for evacuation
[2025-10-30T20:58:35.854+0000][gc,phases     ] GC(430)   Pre Evacuate Collection Set: 0.0ms
[2025-10-30T20:58:35.854+0000][gc,phases     ] GC(430)   Evacuate Collection Set: 14.4ms
[2025-10-30T20:58:35.854+0000][gc,phases     ] GC(430)   Post Evacuate Collection Set: 0.7ms
[2025-10-30T20:58:35.855+0000][gc,phases     ] GC(430)   Other: 0.8ms
[2025-10-30T20:58:35.855+0000][gc,heap       ] GC(430) Eden regions: 65->0(67)
[2025-10-30T20:58:35.855+0000][gc,heap       ] GC(430) Survivor regions: 8->6(10)
[2025-10-30T20:58:35.855+0000][gc,heap       ] GC(430) Old regions: 167->173
[2025-10-30T20:58:35.855+0000][gc,heap       ] GC(430) Humongous regions: 147->147
[2025-10-30T20:58:35.855+0000][gc,metaspace  ] GC(430) Metaspace: 52129K(55728K)->52129K(55728K) NonClass: 46290K(48304K)->46290K(48304K) Class: 5838K(7424K)->5838K(7424K)
[2025-10-30T20:58:35.855+0000][gc            ] GC(430) Pause Young (Normal) (G1 Evacuation Pause) 386M->325M(512M) 17.473ms
[2025-10-30T20:58:35.856+0000][gc,cpu        ] GC(430) User=0.04s Sys=0.00s Real=0.02s
[2025-10-30T21:01:21.266+0000][gc,start      ] GC(431) Pause Young (Normal) (G1 Evacuation Pause)
[2025-10-30T21:01:21.267+0000][gc,task       ] GC(431) Using 2 workers of 2 for evacuation
[2025-10-30T21:01:21.284+0000][gc,phases     ] GC(431)   Pre Evacuate Collection Set: 0.0ms
[2025-10-30T21:01:21.284+0000][gc,phases     ] GC(431)   Evacuate Collection Set: 15.9ms
[2025-10-30T21:01:21.284+0000][gc,phases     ] GC(431)   Post Evacuate Collection Set: 0.6ms
[2025-10-30T21:01:21.285+0000][gc,phases     ] GC(431)   Other: 1.5ms
[2025-10-30T21:01:21.285+0000][gc,heap       ] GC(431) Eden regions: 67->0(69)
[2025-10-30T21:01:21.285+0000][gc,heap       ] GC(431) Survivor regions: 6->6(10)
[2025-10-30T21:01:21.285+0000][gc,heap       ] GC(431) Old regions: 173->178
[2025-10-30T21:01:21.285+0000][gc,heap       ] GC(431) Humongous regions: 147->147
[2025-10-30T21:01:21.285+0000][gc,metaspace  ] GC(431) Metaspace: 52134K(55728K)->52134K(55728K) NonClass: 46295K(48304K)->46295K(48304K) Class: 5838K(7424K)->5838K(7424K)
[2025-10-30T21:01:21.286+0000][gc            ] GC(431) Pause Young (Normal) (G1 Evacuation Pause) 392M->329M(512M) 19.695ms
[2025-10-30T21:01:21.286+0000][gc,cpu        ] GC(431) User=0.03s Sys=0.00s Real=0.02s
[2025-10-30T21:04:12.515+0000][gc,start      ] GC(432) Pause Young (Normal) (G1 Evacuation Pause)
[2025-10-30T21:04:12.516+0000][gc,task       ] GC(432) Using 2 workers of 2 for evacuation
[2025-10-30T21:04:12.536+0000][gc,phases     ] GC(432)   Pre Evacuate Collection Set: 0.0ms
[2025-10-30T21:04:12.536+0000][gc,phases     ] GC(432)   Evacuate Collection Set: 18.4ms
[2025-10-30T21:04:12.536+0000][gc,phases     ] GC(432)   Post Evacuate Collection Set: 0.8ms
[2025-10-30T21:04:12.536+0000][gc,phases     ] GC(432)   Other: 1.6ms
[2025-10-30T21:04:12.537+0000][gc,heap       ] GC(432) Eden regions: 69->0(65)
[2025-10-30T21:04:12.537+0000][gc,heap       ] GC(432) Survivor regions: 6->10(10)
[2025-10-30T21:04:12.537+0000][gc,heap       ] GC(432) Old regions: 178->179
[2025-10-30T21:04:12.537+0000][gc,heap       ] GC(432) Humongous regions: 147->147
[2025-10-30T21:04:12.537+0000][gc,metaspace  ] GC(432) Metaspace: 52134K(55728K)->52134K(55728K) NonClass: 46295K(48304K)->46295K(48304K) Class: 5838K(7424K)->5838K(7424K)
[2025-10-30T21:04:12.537+0000][gc            ] GC(432) Pause Young (Normal) (G1 Evacuation Pause) 398M->335M(512M) 22.308ms
[2025-10-30T21:04:12.538+0000][gc,cpu        ] GC(432) User=0.04s Sys=0.00s Real=0.03s
[2025-10-30T21:06:55.051+0000][gc,start      ] GC(433) Pause Young (Normal) (G1 Evacuation Pause)
[2025-10-30T21:06:55.051+0000][gc,task       ] GC(433) Using 2 workers of 2 for evacuation
[2025-10-30T21:06:55.070+0000][gc,phases     ] GC(433)   Pre Evacuate Collection Set: 0.0ms
[2025-10-30T21:06:55.070+0000][gc,phases     ] GC(433)   Evacuate Collection Set: 18.2ms
[2025-10-30T21:06:55.071+0000][gc,phases     ] GC(433)   Post Evacuate Collection Set: 0.7ms
[2025-10-30T21:06:55.071+0000][gc,phases     ] GC(433)   Other: 0.6ms
[2025-10-30T21:06:55.071+0000][gc,heap       ] GC(433) Eden regions: 65->0(66)
[2025-10-30T21:06:55.071+0000][gc,heap       ] GC(433) Survivor regions: 10->6(10)
[2025-10-30T21:06:55.071+0000][gc,heap       ] GC(433) Old regions: 179->188
[2025-10-30T21:06:55.071+0000][gc,heap       ] GC(433) Humongous regions: 147->147
[2025-10-30T21:06:55.072+0000][gc,metaspace  ] GC(433) Metaspace: 52134K(55728K)->52134K(55728K) NonClass: 46295K(48304K)->46295K(48304K) Class: 5838K(7424K)->5838K(7424K)
[2025-10-30T21:06:55.072+0000][gc            ] GC(433) Pause Young (Normal) (G1 Evacuation Pause) 400M->339M(512M) 21.021ms
[2025-10-30T21:06:55.072+0000][gc,cpu        ] GC(433) User=0.04s Sys=0.00s Real=0.02s
[2025-10-30T21:09:40.355+0000][gc,start      ] GC(434) Pause Young (Normal) (G1 Evacuation Pause)
[2025-10-30T21:09:40.356+0000][gc,task       ] GC(434) Using 2 workers of 2 for evacuation
[2025-10-30T21:09:40.381+0000][gc,mmu        ] GC(434) MMU target violated: 21.0ms (20.0ms/21.0ms)
[2025-10-30T21:09:40.381+0000][gc,phases     ] GC(434)   Pre Evacuate Collection Set: 0.0ms
[2025-10-30T21:09:40.381+0000][gc,phases     ] GC(434)   Evacuate Collection Set: 22.4ms
[2025-10-30T21:09:40.381+0000][gc,phases     ] GC(434)   Post Evacuate Collection Set: 0.7ms
[2025-10-30T21:09:40.382+0000][gc,phases     ] GC(434)   Other: 2.7ms
[2025-10-30T21:09:40.382+0000][gc,heap       ] GC(434) Eden regions: 66->0(62)
[2025-10-30T21:09:40.382+0000][gc,heap       ] GC(434) Survivor regions: 6->7(9)
[2025-10-30T21:09:40.382+0000][gc,heap       ] GC(434) Old regions: 188->192
[2025-10-30T21:09:40.382+0000][gc,heap       ] GC(434) Humongous regions: 147->147
[2025-10-30T21:09:40.382+0000][gc,metaspace  ] GC(434) Metaspace: 52134K(55728K)->52134K(55728K) NonClass: 46295K(48304K)->46295K(48304K) Class: 5838K(7424K)->5838K(7424K)
[2025-10-30T21:09:40.383+0000][gc            ] GC(434) Pause Young (Normal) (G1 Evacuation Pause) 405M->346M(512M) 27.590ms
[2025-10-30T21:09:40.383+0000][gc,cpu        ] GC(434) User=0.04s Sys=0.00s Real=0.03s
[2025-10-30T21:11:51.726+0000][gc,start      ] GC(435) Pause Young (Normal) (G1 Evacuation Pause)
[2025-10-30T21:11:51.726+0000][gc,task       ] GC(435) Using 2 workers of 2 for evacuation
[2025-10-30T21:11:51.746+0000][gc,phases     ] GC(435)   Pre Evacuate Collection Set: 0.0ms
[2025-10-30T21:11:51.746+0000][gc,phases     ] GC(435)   Evacuate Collection Set: 18.7ms
[2025-10-30T21:11:51.746+0000][gc,phases     ] GC(435)   Post Evacuate Collection Set: 1.1ms
[2025-10-30T21:11:51.747+0000][gc,phases     ] GC(435)   Other: 0.8ms
[2025-10-30T21:11:51.747+0000][gc,heap       ] GC(435) Eden regions: 53->0(62)
[2025-10-30T21:11:51.747+0000][gc,heap       ] GC(435) Survivor regions: 7->5(8)
[2025-10-30T21:11:51.747+0000][gc,heap       ] GC(435) Old regions: 192->197
[2025-10-30T21:11:51.747+0000][gc,heap       ] GC(435) Humongous regions: 147->147
[2025-10-30T21:11:51.747+0000][gc,metaspace  ] GC(435) Metaspace: 52134K(55728K)->52134K(55728K) NonClass: 46296K(48304K)->46296K(48304K) Class: 5838K(7424K)->5838K(7424K)
[2025-10-30T21:11:51.748+0000][gc            ] GC(435) Pause Young (Normal) (G1 Evacuation Pause) 399M->348M(512M) 22.078ms
[2025-10-30T21:11:51.748+0000][gc,cpu        ] GC(435) User=0.04s Sys=0.00s Real=0.02s
[2025-10-30T21:14:11.739+0000][gc,start      ] GC(436) Pause Young (Normal) (G1 Evacuation Pause)
[2025-10-30T21:14:11.740+0000][gc,task       ] GC(436) Using 2 workers of 2 for evacuation
[2025-10-30T21:14:11.760+0000][gc,phases     ] GC(436)   Pre Evacuate Collection Set: 0.0ms
[2025-10-30T21:14:11.760+0000][gc,phases     ] GC(436)   Evacuate Collection Set: 18.3ms
[2025-10-30T21:14:11.760+0000][gc,phases     ] GC(436)   Post Evacuate Collection Set: 1.1ms
[2025-10-30T21:14:11.761+0000][gc,phases     ] GC(436)   Other: 1.4ms
[2025-10-30T21:14:11.761+0000][gc,heap       ] GC(436) Eden regions: 56->0(52)
[2025-10-30T21:14:11.761+0000][gc,heap       ] GC(436) Survivor regions: 5->8(8)
[2025-10-30T21:14:11.761+0000][gc,heap       ] GC(436) Old regions: 197->198
[2025-10-30T21:14:11.761+0000][gc,heap       ] GC(436) Humongous regions: 147->147
[2025-10-30T21:14:11.762+0000][gc,metaspace  ] GC(436) Metaspace: 52134K(55728K)->52134K(55728K) NonClass: 46296K(48304K)->46296K(48304K) Class: 5838K(7424K)->5838K(7424K)
[2025-10-30T21:14:11.762+0000][gc            ] GC(436) Pause Young (Normal) (G1 Evacuation Pause) 404M->352M(512M) 22.458ms
[2025-10-30T21:14:11.762+0000][gc,cpu        ] GC(436) User=0.04s Sys=0.00s Real=0.03s
[2025-10-30T21:15:36.058+0000][gc,start      ] GC(437) Pause Young (Normal) (G1 Evacuation Pause)
[2025-10-30T21:15:36.058+0000][gc,task       ] GC(437) Using 2 workers of 2 for evacuation
[2025-10-30T21:15:36.075+0000][gc,phases     ] GC(437)   Pre Evacuate Collection Set: 0.0ms
[2025-10-30T21:15:36.075+0000][gc,phases     ] GC(437)   Evacuate Collection Set: 15.9ms
[2025-10-30T21:15:36.076+0000][gc,phases     ] GC(437)   Post Evacuate Collection Set: 0.7ms
[2025-10-30T21:15:36.076+0000][gc,phases     ] GC(437)   Other: 0.8ms
[2025-10-30T21:15:36.076+0000][gc,heap       ] GC(437) Eden regions: 34->0(40)
[2025-10-30T21:15:36.076+0000][gc,heap       ] GC(437) Survivor regions: 8->4(6)
[2025-10-30T21:15:36.076+0000][gc,heap       ] GC(437) Old regions: 198->205
[2025-10-30T21:15:36.076+0000][gc,heap       ] GC(437) Humongous regions: 147->147
[2025-10-30T21:15:36.077+0000][gc,metaspace  ] GC(437) Metaspace: 52139K(55728K)->52139K(55728K) NonClass: 46301K(48304K)->46301K(48304K) Class: 5838K(7424K)->5838K(7424K)
[2025-10-30T21:15:36.077+0000][gc            ] GC(437) Pause Young (Normal) (G1 Evacuation Pause) 386M->355M(512M) 18.999ms
[2025-10-30T21:15:36.077+0000][gc,cpu        ] GC(437) User=0.03s Sys=0.00s Real=0.02s
[2025-10-30T21:17:14.637+0000][gc,start      ] GC(438) Pause Young (Normal) (G1 Evacuation Pause)
[2025-10-30T21:17:14.637+0000][gc,task       ] GC(438) Using 2 workers of 2 for evacuation
[2025-10-30T21:17:14.652+0000][gc,phases     ] GC(438)   Pre Evacuate Collection Set: 0.0ms
[2025-10-30T21:17:14.652+0000][gc,phases     ] GC(438)   Evacuate Collection Set: 13.0ms
[2025-10-30T21:17:14.652+0000][gc,phases     ] GC(438)   Post Evacuate Collection Set: 0.8ms
[2025-10-30T21:17:14.653+0000][gc,phases     ] GC(438)   Other: 0.9ms
[2025-10-30T21:17:14.653+0000][gc,heap       ] GC(438) Eden regions: 40->0(43)
[2025-10-30T21:17:14.653+0000][gc,heap       ] GC(438) Survivor regions: 4->4(6)
[2025-10-30T21:17:14.653+0000][gc,heap       ] GC(438) Old regions: 205->208
[2025-10-30T21:17:14.653+0000][gc,heap       ] GC(438) Humongous regions: 147->147
[2025-10-30T21:17:14.654+0000][gc,metaspace  ] GC(438) Metaspace: 52139K(55728K)->52139K(55728K) NonClass: 46301K(48304K)->46301K(48304K) Class: 5838K(7424K)->5838K(7424K)
[2025-10-30T21:17:14.654+0000][gc            ] GC(438) Pause Young (Normal) (G1 Evacuation Pause) 395M->358M(512M) 16.665ms
[2025-10-30T21:17:14.654+0000][gc,cpu        ] GC(438) User=0.03s Sys=0.00s Real=0.01s
[2025-10-30T21:18:57.300+0000][gc,start      ] GC(439) Pause Young (Normal) (G1 Evacuation Pause)
[2025-10-30T21:18:57.300+0000][gc,task       ] GC(439) Using 2 workers of 2 for evacuation
[2025-10-30T21:18:57.313+0000][gc,phases     ] GC(439)   Pre Evacuate Collection Set: 0.0ms
[2025-10-30T21:18:57.314+0000][gc,phases     ] GC(439)   Evacuate Collection Set: 12.0ms
[2025-10-30T21:18:57.314+0000][gc,phases     ] GC(439)   Post Evacuate Collection Set: 0.6ms
[2025-10-30T21:18:57.314+0000][gc,phases     ] GC(439)   Other: 0.6ms
[2025-10-30T21:18:57.314+0000][gc,heap       ] GC(439) Eden regions: 41->0(44)
[2025-10-30T21:18:57.314+0000][gc,heap       ] GC(439) Survivor regions: 4->5(6)
[2025-10-30T21:18:57.314+0000][gc,heap       ] GC(439) Old regions: 208->211
[2025-10-30T21:18:57.314+0000][gc,heap       ] GC(439) Humongous regions: 147->147
[2025-10-30T21:18:57.315+0000][gc,metaspace  ] GC(439) Metaspace: 52140K(55728K)->52140K(55728K) NonClass: 46302K(48304K)->46302K(48304K) Class: 5838K(7424K)->5838K(7424K)
[2025-10-30T21:18:57.315+0000][gc            ] GC(439) Pause Young (Normal) (G1 Evacuation Pause) 399M->362M(512M) 14.621ms
[2025-10-30T21:18:57.315+0000][gc,cpu        ] GC(439) User=0.03s Sys=0.00s Real=0.01s
[2025-10-30T21:20:42.551+0000][gc,start      ] GC(440) Pause Young (Normal) (G1 Evacuation Pause)
[2025-10-30T21:20:42.551+0000][gc,task       ] GC(440) Using 2 workers of 2 for evacuation
[2025-10-30T21:20:42.567+0000][gc,phases     ] GC(440)   Pre Evacuate Collection Set: 0.0ms
[2025-10-30T21:20:42.568+0000][gc,phases     ] GC(440)   Evacuate Collection Set: 14.7ms
[2025-10-30T21:20:42.568+0000][gc,phases     ] GC(440)   Post Evacuate Collection Set: 0.7ms
[2025-10-30T21:20:42.568+0000][gc,phases     ] GC(440)   Other: 0.7ms
[2025-10-30T21:20:42.568+0000][gc,heap       ] GC(440) Eden regions: 42->0(47)
[2025-10-30T21:20:42.568+0000][gc,heap       ] GC(440) Survivor regions: 5->4(6)
[2025-10-30T21:20:42.568+0000][gc,heap       ] GC(440) Old regions: 211->214
[2025-10-30T21:20:42.569+0000][gc,heap       ] GC(440) Humongous regions: 147->147
[2025-10-30T21:20:42.569+0000][gc,metaspace  ] GC(440) Metaspace: 52140K(55728K)->52140K(55728K) NonClass: 46302K(48304K)->46302K(48304K) Class: 5838K(7424K)->5838K(7424K)
[2025-10-30T21:20:42.569+0000][gc            ] GC(440) Pause Young (Normal) (G1 Evacuation Pause) 404M->365M(512M) 17.951ms
[2025-10-30T21:20:42.569+0000][gc,cpu        ] GC(440) User=0.04s Sys=0.00s Real=0.02s
[2025-10-30T21:22:30.581+0000][gc,start      ] GC(441) Pause Young (Normal) (G1 Evacuation Pause)
[2025-10-30T21:22:30.581+0000][gc,task       ] GC(441) Using 2 workers of 2 for evacuation
[2025-10-30T21:22:30.594+0000][gc,phases     ] GC(441)   Pre Evacuate Collection Set: 0.0ms
[2025-10-30T21:22:30.594+0000][gc,phases     ] GC(441)   Evacuate Collection Set: 11.2ms
[2025-10-30T21:22:30.594+0000][gc,phases     ] GC(441)   Post Evacuate Collection Set: 0.7ms
[2025-10-30T21:22:30.594+0000][gc,phases     ] GC(441)   Other: 0.6ms
[2025-10-30T21:22:30.594+0000][gc,heap       ] GC(441) Eden regions: 44->0(50)
[2025-10-30T21:22:30.595+0000][gc,heap       ] GC(441) Survivor regions: 4->4(6)
[2025-10-30T21:22:30.595+0000][gc,heap       ] GC(441) Old regions: 214->217
[2025-10-30T21:22:30.595+0000][gc,heap       ] GC(441) Humongous regions: 147->147
[2025-10-30T21:22:30.595+0000][gc,metaspace  ] GC(441) Metaspace: 52140K(55728K)->52140K(55728K) NonClass: 46302K(48304K)->46302K(48304K) Class: 5838K(7424K)->5838K(7424K)
[2025-10-30T21:22:30.595+0000][gc            ] GC(441) Pause Young (Normal) (G1 Evacuation Pause) 409M->367M(512M) 13.754ms
[2025-10-30T21:22:30.595+0000][gc,cpu        ] GC(441) User=0.02s Sys=0.00s Real=0.01s
[2025-10-30T21:24:28.733+0000][gc,start      ] GC(442) Pause Young (Normal) (G1 Evacuation Pause)
[2025-10-30T21:24:28.734+0000][gc,task       ] GC(442) Using 2 workers of 2 for evacuation
[2025-10-30T21:24:28.746+0000][gc,phases     ] GC(442)   Pre Evacuate Collection Set: 0.0ms
[2025-10-30T21:24:28.746+0000][gc,phases     ] GC(442)   Evacuate Collection Set: 11.5ms
[2025-10-30T21:24:28.746+0000][gc,phases     ] GC(442)   Post Evacuate Collection Set: 0.6ms
[2025-10-30T21:24:28.747+0000][gc,phases     ] GC(442)   Other: 0.6ms
[2025-10-30T21:24:28.747+0000][gc,heap       ] GC(442) Eden regions: 47->0(52)
[2025-10-30T21:24:28.747+0000][gc,heap       ] GC(442) Survivor regions: 4->7(7)
[2025-10-30T21:24:28.747+0000][gc,heap       ] GC(442) Old regions: 217->217
[2025-10-30T21:24:28.747+0000][gc,heap       ] GC(442) Humongous regions: 147->147
[2025-10-30T21:24:28.747+0000][gc,metaspace  ] GC(442) Metaspace: 52140K(55728K)->52140K(55728K) NonClass: 46302K(48304K)->46302K(48304K) Class: 5838K(7424K)->5838K(7424K)
[2025-10-30T21:24:28.747+0000][gc            ] GC(442) Pause Young (Normal) (G1 Evacuation Pause) 414M->370M(512M) 13.873ms
[2025-10-30T21:24:28.747+0000][gc,cpu        ] GC(442) User=0.03s Sys=0.00s Real=0.01s
[2025-10-30T21:26:38.149+0000][gc,start      ] GC(443) Pause Young (Normal) (G1 Evacuation Pause)
[2025-10-30T21:26:38.150+0000][gc,task       ] GC(443) Using 2 workers of 2 for evacuation
[2025-10-30T21:26:38.166+0000][gc,phases     ] GC(443)   Pre Evacuate Collection Set: 0.0ms
[2025-10-30T21:26:38.166+0000][gc,phases     ] GC(443)   Evacuate Collection Set: 15.3ms
[2025-10-30T21:26:38.166+0000][gc,phases     ] GC(443)   Post Evacuate Collection Set: 0.6ms
[2025-10-30T21:26:38.167+0000][gc,phases     ] GC(443)   Other: 0.8ms
[2025-10-30T21:26:38.167+0000][gc,heap       ] GC(443) Eden regions: 52->0(53)
[2025-10-30T21:26:38.167+0000][gc,heap       ] GC(443) Survivor regions: 7->8(8)
[2025-10-30T21:26:38.167+0000][gc,heap       ] GC(443) Old regions: 217->220
[2025-10-30T21:26:38.167+0000][gc,heap       ] GC(443) Humongous regions: 147->147
[2025-10-30T21:26:38.167+0000][gc,metaspace  ] GC(443) Metaspace: 52143K(55728K)->52143K(55728K) NonClass: 46305K(48304K)->46305K(48304K) Class: 5838K(7424K)->5838K(7424K)
[2025-10-30T21:26:38.168+0000][gc            ] GC(443) Pause Young (Normal) (G1 Evacuation Pause) 422M->374M(512M) 18.230ms
[2025-10-30T21:26:38.168+0000][gc,cpu        ] GC(443) User=0.03s Sys=0.00s Real=0.02s
[2025-10-30T21:28:50.544+0000][gc,start      ] GC(444) Pause Young (Normal) (G1 Evacuation Pause)
[2025-10-30T21:28:50.544+0000][gc,task       ] GC(444) Using 2 workers of 2 for evacuation
[2025-10-30T21:28:50.561+0000][gc,phases     ] GC(444)   Pre Evacuate Collection Set: 0.0ms
[2025-10-30T21:28:50.561+0000][gc,phases     ] GC(444)   Evacuate Collection Set: 15.7ms
[2025-10-30T21:28:50.561+0000][gc,phases     ] GC(444)   Post Evacuate Collection Set: 0.7ms
[2025-10-30T21:28:50.562+0000][gc,phases     ] GC(444)   Other: 0.8ms
[2025-10-30T21:28:50.562+0000][gc,heap       ] GC(444) Eden regions: 53->0(53)
[2025-10-30T21:28:50.562+0000][gc,heap       ] GC(444) Survivor regions: 8->8(8)
[2025-10-30T21:28:50.562+0000][gc,heap       ] GC(444) Old regions: 220->224
[2025-10-30T21:28:50.562+0000][gc,heap       ] GC(444) Humongous regions: 147->147
[2025-10-30T21:28:50.562+0000][gc,metaspace  ] GC(444) Metaspace: 52143K(55728K)->52143K(55728K) NonClass: 46305K(48304K)->46305K(48304K) Class: 5838K(7424K)->5838K(7424K)
[2025-10-30T21:28:50.563+0000][gc            ] GC(444) Pause Young (Normal) (G1 Evacuation Pause) 427M->378M(512M) 18.723ms
[2025-10-30T21:28:50.563+0000][gc,cpu        ] GC(444) User=0.03s Sys=0.00s Real=0.02s
[2025-10-30T21:31:02.122+0000][gc,start      ] GC(445) Pause Young (Normal) (G1 Evacuation Pause)
[2025-10-30T21:31:02.123+0000][gc,task       ] GC(445) Using 2 workers of 2 for evacuation
[2025-10-30T21:31:02.141+0000][gc,phases     ] GC(445)   Pre Evacuate Collection Set: 0.0ms
[2025-10-30T21:31:02.142+0000][gc,phases     ] GC(445)   Evacuate Collection Set: 17.9ms
[2025-10-30T21:31:02.142+0000][gc,phases     ] GC(445)   Post Evacuate Collection Set: 0.6ms
[2025-10-30T21:31:02.142+0000][gc,phases     ] GC(445)   Other: 0.6ms
[2025-10-30T21:31:02.142+0000][gc,heap       ] GC(445) Eden regions: 53->0(56)
[2025-10-30T21:31:02.142+0000][gc,heap       ] GC(445) Survivor regions: 8->5(8)
[2025-10-30T21:31:02.142+0000][gc,heap       ] GC(445) Old regions: 224->231
[2025-10-30T21:31:02.142+0000][gc,heap       ] GC(445) Humongous regions: 147->147
[2025-10-30T21:31:02.143+0000][gc,metaspace  ] GC(445) Metaspace: 52143K(55728K)->52143K(55728K) NonClass: 46305K(48304K)->46305K(48304K) Class: 5838K(7424K)->5838K(7424K)
[2025-10-30T21:31:02.143+0000][gc            ] GC(445) Pause Young (Normal) (G1 Evacuation Pause) 431M->382M(512M) 20.338ms
[2025-10-30T21:31:02.143+0000][gc,cpu        ] GC(445) User=0.03s Sys=0.00s Real=0.02s
[2025-10-30T21:33:22.160+0000][gc,start      ] GC(446) Pause Young (Normal) (G1 Evacuation Pause)
[2025-10-30T21:33:22.162+0000][gc,task       ] GC(446) Using 2 workers of 2 for evacuation
[2025-10-30T21:33:22.178+0000][gc,phases     ] GC(446)   Pre Evacuate Collection Set: 0.0ms
[2025-10-30T21:33:22.178+0000][gc,phases     ] GC(446)   Evacuate Collection Set: 14.8ms
[2025-10-30T21:33:22.179+0000][gc,phases     ] GC(446)   Post Evacuate Collection Set: 0.7ms
[2025-10-30T21:33:22.179+0000][gc,phases     ] GC(446)   Other: 2.1ms
[2025-10-30T21:33:22.179+0000][gc,heap       ] GC(446) Eden regions: 56->0(55)
[2025-10-30T21:33:22.179+0000][gc,heap       ] GC(446) Survivor regions: 5->6(8)
[2025-10-30T21:33:22.179+0000][gc,heap       ] GC(446) Old regions: 231->235
[2025-10-30T21:33:22.179+0000][gc,heap       ] GC(446) Humongous regions: 147->147
[2025-10-30T21:33:22.179+0000][gc,metaspace  ] GC(446) Metaspace: 52143K(55728K)->52143K(55728K) NonClass: 46305K(48304K)->46305K(48304K) Class: 5838K(7424K)->5838K(7424K)
[2025-10-30T21:33:22.180+0000][gc            ] GC(446) Pause Young (Normal) (G1 Evacuation Pause) 438M->387M(512M) 19.134ms
[2025-10-30T21:33:22.180+0000][gc,cpu        ] GC(446) User=0.03s Sys=0.00s Real=0.02s
[2025-10-30T21:35:40.024+0000][gc,start      ] GC(447) Pause Young (Normal) (G1 Evacuation Pause)
[2025-10-30T21:35:40.024+0000][gc,task       ] GC(447) Using 2 workers of 2 for evacuation
[2025-10-30T21:35:40.040+0000][gc,phases     ] GC(447)   Pre Evacuate Collection Set: 0.0ms
[2025-10-30T21:35:40.040+0000][gc,phases     ] GC(447)   Evacuate Collection Set: 14.3ms
[2025-10-30T21:35:40.040+0000][gc,phases     ] GC(447)   Post Evacuate Collection Set: 0.6ms
[2025-10-30T21:35:40.041+0000][gc,phases     ] GC(447)   Other: 0.7ms
[2025-10-30T21:35:40.041+0000][gc,heap       ] GC(447) Eden regions: 55->0(53)
[2025-10-30T21:35:40.041+0000][gc,heap       ] GC(447) Survivor regions: 6->6(8)
[2025-10-30T21:35:40.041+0000][gc,heap       ] GC(447) Old regions: 235->239
[2025-10-30T21:35:40.041+0000][gc,heap       ] GC(447) Humongous regions: 147->147
[2025-10-30T21:35:40.041+0000][gc,metaspace  ] GC(447) Metaspace: 52143K(55728K)->52143K(55728K) NonClass: 46305K(48304K)->46305K(48304K) Class: 5838K(7424K)->5838K(7424K)
[2025-10-30T21:35:40.041+0000][gc            ] GC(447) Pause Young (Normal) (G1 Evacuation Pause) 442M->391M(512M) 17.291ms
[2025-10-30T21:35:40.042+0000][gc,cpu        ] GC(447) User=0.03s Sys=0.00s Real=0.02s
[2025-10-30T21:37:52.087+0000][gc,start      ] GC(448) Pause Young (Normal) (G1 Evacuation Pause)
[2025-10-30T21:37:52.088+0000][gc,task       ] GC(448) Using 2 workers of 2 for evacuation
[2025-10-30T21:37:52.106+0000][gc,phases     ] GC(448)   Pre Evacuate Collection Set: 0.0ms
[2025-10-30T21:37:52.107+0000][gc,phases     ] GC(448)   Evacuate Collection Set: 17.7ms
[2025-10-30T21:37:52.107+0000][gc,phases     ] GC(448)   Post Evacuate Collection Set: 0.7ms
[2025-10-30T21:37:52.107+0000][gc,phases     ] GC(448)   Other: 0.8ms
[2025-10-30T21:37:52.107+0000][gc,heap       ] GC(448) Eden regions: 53->0(51)
[2025-10-30T21:37:52.107+0000][gc,heap       ] GC(448) Survivor regions: 6->6(8)
[2025-10-30T21:37:52.108+0000][gc,heap       ] GC(448) Old regions: 239->243
[2025-10-30T21:37:52.108+0000][gc,heap       ] GC(448) Humongous regions: 147->147
[2025-10-30T21:37:52.108+0000][gc,metaspace  ] GC(448) Metaspace: 52143K(55728K)->52143K(55728K) NonClass: 46305K(48304K)->46305K(48304K) Class: 5838K(7424K)->5838K(7424K)
[2025-10-30T21:37:52.108+0000][gc            ] GC(448) Pause Young (Normal) (G1 Evacuation Pause) 444M->395M(512M) 20.843ms
[2025-10-30T21:37:52.108+0000][gc,cpu        ] GC(448) User=0.04s Sys=0.00s Real=0.02s
[2025-10-30T21:40:00.031+0000][gc,start      ] GC(449) Pause Young (Normal) (G1 Evacuation Pause)
[2025-10-30T21:40:00.031+0000][gc,task       ] GC(449) Using 2 workers of 2 for evacuation
[2025-10-30T21:40:00.046+0000][gc,phases     ] GC(449)   Pre Evacuate Collection Set: 0.0ms
[2025-10-30T21:40:00.046+0000][gc,phases     ] GC(449)   Evacuate Collection Set: 14.1ms
[2025-10-30T21:40:00.046+0000][gc,phases     ] GC(449)   Post Evacuate Collection Set: 0.7ms
[2025-10-30T21:40:00.047+0000][gc,phases     ] GC(449)   Other: 0.7ms
[2025-10-30T21:40:00.047+0000][gc,heap       ] GC(449) Eden regions: 51->0(48)
[2025-10-30T21:40:00.047+0000][gc,heap       ] GC(449) Survivor regions: 6->6(8)
[2025-10-30T21:40:00.047+0000][gc,heap       ] GC(449) Old regions: 243->247
[2025-10-30T21:40:00.047+0000][gc,heap       ] GC(449) Humongous regions: 147->147
[2025-10-30T21:40:00.047+0000][gc,metaspace  ] GC(449) Metaspace: 52146K(55728K)->52146K(55728K) NonClass: 46307K(48304K)->46307K(48304K) Class: 5838K(7424K)->5838K(7424K)
[2025-10-30T21:40:00.048+0000][gc            ] GC(449) Pause Young (Normal) (G1 Evacuation Pause) 446M->399M(512M) 17.100ms
[2025-10-30T21:40:00.048+0000][gc,cpu        ] GC(449) User=0.03s Sys=0.00s Real=0.02s
[2025-10-30T21:42:00.020+0000][gc,start      ] GC(450) Pause Young (Normal) (G1 Evacuation Pause)
[2025-10-30T21:42:00.021+0000][gc,task       ] GC(450) Using 2 workers of 2 for evacuation
[2025-10-30T21:42:00.035+0000][gc,phases     ] GC(450)   Pre Evacuate Collection Set: 0.0ms
[2025-10-30T21:42:00.036+0000][gc,phases     ] GC(450)   Evacuate Collection Set: 13.5ms
[2025-10-30T21:42:00.036+0000][gc,phases     ] GC(450)   Post Evacuate Collection Set: 0.7ms
[2025-10-30T21:42:00.036+0000][gc,phases     ] GC(450)   Other: 1.0ms
[2025-10-30T21:42:00.036+0000][gc,heap       ] GC(450) Eden regions: 48->0(44)
[2025-10-30T21:42:00.037+0000][gc,heap       ] GC(450) Survivor regions: 6->6(7)
[2025-10-30T21:42:00.037+0000][gc,heap       ] GC(450) Old regions: 247->251
[2025-10-30T21:42:00.037+0000][gc,heap       ] GC(450) Humongous regions: 147->147
[2025-10-30T21:42:00.037+0000][gc,metaspace  ] GC(450) Metaspace: 52146K(55728K)->52146K(55728K) NonClass: 46307K(48304K)->46307K(48304K) Class: 5838K(7424K)->5838K(7424K)
[2025-10-30T21:42:00.037+0000][gc            ] GC(450) Pause Young (Normal) (G1 Evacuation Pause) 447M->402M(512M) 17.362ms
[2025-10-30T21:42:00.038+0000][gc,cpu        ] GC(450) User=0.03s Sys=0.00s Real=0.02s
[2025-10-30T21:43:49.715+0000][gc,start      ] GC(451) Pause Young (Normal) (G1 Evacuation Pause)
[2025-10-30T21:43:49.715+0000][gc,task       ] GC(451) Using 2 workers of 2 for evacuation
[2025-10-30T21:43:49.730+0000][gc,phases     ] GC(451)   Pre Evacuate Collection Set: 0.0ms
[2025-10-30T21:43:49.730+0000][gc,phases     ] GC(451)   Evacuate Collection Set: 13.6ms
[2025-10-30T21:43:49.730+0000][gc,phases     ] GC(451)   Post Evacuate Collection Set: 0.7ms
[2025-10-30T21:43:49.730+0000][gc,phases     ] GC(451)   Other: 0.6ms
[2025-10-30T21:43:49.730+0000][gc,heap       ] GC(451) Eden regions: 44->0(43)
[2025-10-30T21:43:49.731+0000][gc,heap       ] GC(451) Survivor regions: 6->5(7)
[2025-10-30T21:43:49.731+0000][gc,heap       ] GC(451) Old regions: 251->254
[2025-10-30T21:43:49.731+0000][gc,heap       ] GC(451) Humongous regions: 147->147
[2025-10-30T21:43:49.731+0000][gc,metaspace  ] GC(451) Metaspace: 52146K(55728K)->52146K(55728K) NonClass: 46307K(48304K)->46307K(48304K) Class: 5838K(7424K)->5838K(7424K)
[2025-10-30T21:43:49.731+0000][gc            ] GC(451) Pause Young (Normal) (G1 Evacuation Pause) 446M->405M(512M) 16.452ms
[2025-10-30T21:43:49.731+0000][gc,cpu        ] GC(451) User=0.03s Sys=0.00s Real=0.02s
[2025-10-30T21:45:36.290+0000][gc,start      ] GC(452) Pause Young (Normal) (G1 Evacuation Pause)
[2025-10-30T21:45:36.290+0000][gc,task       ] GC(452) Using 2 workers of 2 for evacuation
[2025-10-30T21:45:36.305+0000][gc,phases     ] GC(452)   Pre Evacuate Collection Set: 0.0ms
[2025-10-30T21:45:36.305+0000][gc,phases     ] GC(452)   Evacuate Collection Set: 13.0ms
[2025-10-30T21:45:36.305+0000][gc,phases     ] GC(452)   Post Evacuate Collection Set: 0.8ms
[2025-10-30T21:45:36.305+0000][gc,phases     ] GC(452)   Other: 1.0ms
[2025-10-30T21:45:36.306+0000][gc,heap       ] GC(452) Eden regions: 43->0(41)
[2025-10-30T21:45:36.306+0000][gc,heap       ] GC(452) Survivor regions: 5->4(6)
[2025-10-30T21:45:36.306+0000][gc,heap       ] GC(452) Old regions: 254->258
[2025-10-30T21:45:36.306+0000][gc,heap       ] GC(452) Humongous regions: 147->147
[2025-10-30T21:45:36.306+0000][gc,metaspace  ] GC(452) Metaspace: 52146K(55728K)->52146K(55728K) NonClass: 46307K(48304K)->46307K(48304K) Class: 5838K(7424K)->5838K(7424K)
[2025-10-30T21:45:36.306+0000][gc            ] GC(452) Pause Young (Normal) (G1 Evacuation Pause) 448M->408M(512M) 16.652ms
[2025-10-30T21:45:36.307+0000][gc,cpu        ] GC(452) User=0.03s Sys=0.00s Real=0.02s
[2025-10-30T21:47:20.035+0000][gc,start      ] GC(453) Pause Young (Normal) (G1 Evacuation Pause)
[2025-10-30T21:47:20.035+0000][gc,task       ] GC(453) Using 2 workers of 2 for evacuation
[2025-10-30T21:47:20.048+0000][gc,phases     ] GC(453)   Pre Evacuate Collection Set: 0.0ms
[2025-10-30T21:47:20.048+0000][gc,phases     ] GC(453)   Evacuate Collection Set: 11.3ms
[2025-10-30T21:47:20.048+0000][gc,phases     ] GC(453)   Post Evacuate Collection Set: 0.8ms
[2025-10-30T21:47:20.048+0000][gc,phases     ] GC(453)   Other: 0.6ms
[2025-10-30T21:47:20.049+0000][gc,heap       ] GC(453) Eden regions: 41->0(37)
[2025-10-30T21:47:20.049+0000][gc,heap       ] GC(453) Survivor regions: 4->5(6)
[2025-10-30T21:47:20.049+0000][gc,heap       ] GC(453) Old regions: 258->261
[2025-10-30T21:47:20.049+0000][gc,heap       ] GC(453) Humongous regions: 147->147
[2025-10-30T21:47:20.049+0000][gc,metaspace  ] GC(453) Metaspace: 52146K(55728K)->52146K(55728K) NonClass: 46307K(48304K)->46307K(48304K) Class: 5838K(7424K)->5838K(7424K)
[2025-10-30T21:47:20.049+0000][gc            ] GC(453) Pause Young (Normal) (G1 Evacuation Pause) 449M->412M(512M) 14.166ms
[2025-10-30T21:47:20.050+0000][gc,cpu        ] GC(453) User=0.03s Sys=0.00s Real=0.01s
[2025-10-30T21:48:51.212+0000][gc,start      ] GC(454) Pause Young (Normal) (G1 Evacuation Pause)
[2025-10-30T21:48:51.212+0000][gc,task       ] GC(454) Using 2 workers of 2 for evacuation
[2025-10-30T21:48:51.224+0000][gc,phases     ] GC(454)   Pre Evacuate Collection Set: 0.0ms
[2025-10-30T21:48:51.224+0000][gc,phases     ] GC(454)   Evacuate Collection Set: 10.9ms
[2025-10-30T21:48:51.225+0000][gc,phases     ] GC(454)   Post Evacuate Collection Set: 0.7ms
[2025-10-30T21:48:51.225+0000][gc,phases     ] GC(454)   Other: 0.6ms
[2025-10-30T21:48:51.225+0000][gc,heap       ] GC(454) Eden regions: 37->0(36)
[2025-10-30T21:48:51.225+0000][gc,heap       ] GC(454) Survivor regions: 5->4(6)
[2025-10-30T21:48:51.225+0000][gc,heap       ] GC(454) Old regions: 261->264
[2025-10-30T21:48:51.225+0000][gc,heap       ] GC(454) Humongous regions: 147->147
[2025-10-30T21:48:51.226+0000][gc,metaspace  ] GC(454) Metaspace: 52147K(55728K)->52147K(55728K) NonClass: 46309K(48304K)->46309K(48304K) Class: 5838K(7424K)->5838K(7424K)
[2025-10-30T21:48:51.226+0000][gc            ] GC(454) Pause Young (Normal) (G1 Evacuation Pause) 449M->414M(512M) 13.659ms
[2025-10-30T21:48:51.226+0000][gc,cpu        ] GC(454) User=0.02s Sys=0.00s Real=0.02s
[2025-10-30T21:50:05.348+0000][gc,start      ] GC(455) Pause Young (Normal) (G1 Evacuation Pause)
[2025-10-30T21:50:05.349+0000][gc,task       ] GC(455) Using 2 workers of 2 for evacuation
[2025-10-30T21:50:05.366+0000][gc,phases     ] GC(455)   Pre Evacuate Collection Set: 0.0ms
[2025-10-30T21:50:05.366+0000][gc,phases     ] GC(455)   Evacuate Collection Set: 16.3ms
[2025-10-30T21:50:05.366+0000][gc,phases     ] GC(455)   Post Evacuate Collection Set: 0.6ms
[2025-10-30T21:50:05.366+0000][gc,phases     ] GC(455)   Other: 0.7ms
[2025-10-30T21:50:05.367+0000][gc,heap       ] GC(455) Eden regions: 36->0(29)
[2025-10-30T21:50:05.367+0000][gc,heap       ] GC(455) Survivor regions: 4->5(5)
[2025-10-30T21:50:05.367+0000][gc,heap       ] GC(455) Old regions: 264->268
[2025-10-30T21:50:05.367+0000][gc,heap       ] GC(455) Humongous regions: 147->147
[2025-10-30T21:50:05.367+0000][gc,metaspace  ] GC(455) Metaspace: 52153K(55728K)->52153K(55728K) NonClass: 46314K(48304K)->46314K(48304K) Class: 5838K(7424K)->5838K(7424K)
[2025-10-30T21:50:05.367+0000][gc            ] GC(455) Pause Young (Normal) (G1 Evacuation Pause) 450M->419M(512M) 19.117ms
[2025-10-30T21:50:05.368+0000][gc,cpu        ] GC(455) User=0.04s Sys=0.00s Real=0.01s
[2025-10-30T21:51:17.506+0000][gc,start      ] GC(456) Pause Young (Normal) (G1 Evacuation Pause)
[2025-10-30T21:51:17.506+0000][gc,task       ] GC(456) Using 2 workers of 2 for evacuation
[2025-10-30T21:51:17.518+0000][gc,phases     ] GC(456)   Pre Evacuate Collection Set: 0.0ms
[2025-10-30T21:51:17.518+0000][gc,phases     ] GC(456)   Evacuate Collection Set: 11.0ms
[2025-10-30T21:51:17.519+0000][gc,phases     ] GC(456)   Post Evacuate Collection Set: 0.6ms
[2025-10-30T21:51:17.519+0000][gc,phases     ] GC(456)   Other: 0.9ms
[2025-10-30T21:51:17.519+0000][gc,heap       ] GC(456) Eden regions: 29->0(28)
[2025-10-30T21:51:17.519+0000][gc,heap       ] GC(456) Survivor regions: 5->3(5)
[2025-10-30T21:51:17.519+0000][gc,heap       ] GC(456) Old regions: 268->272
[2025-10-30T21:51:17.519+0000][gc,heap       ] GC(456) Humongous regions: 147->147
[2025-10-30T21:51:17.520+0000][gc,metaspace  ] GC(456) Metaspace: 52157K(55728K)->52157K(55728K) NonClass: 46316K(48304K)->46316K(48304K) Class: 5841K(7424K)->5841K(7424K)
[2025-10-30T21:51:17.520+0000][gc            ] GC(456) Pause Young (Normal) (G1 Evacuation Pause) 448M->421M(512M) 14.045ms
[2025-10-30T21:51:17.520+0000][gc,cpu        ] GC(456) User=0.02s Sys=0.00s Real=0.02s
[2025-10-30T21:52:25.952+0000][gc,start      ] GC(457) Pause Young (Normal) (G1 Evacuation Pause)
[2025-10-30T21:52:25.954+0000][gc,task       ] GC(457) Using 2 workers of 2 for evacuation
[2025-10-30T21:52:25.963+0000][gc,phases     ] GC(457)   Pre Evacuate Collection Set: 0.0ms
[2025-10-30T21:52:25.963+0000][gc,phases     ] GC(457)   Evacuate Collection Set: 7.6ms
[2025-10-30T21:52:25.963+0000][gc,phases     ] GC(457)   Post Evacuate Collection Set: 0.6ms
[2025-10-30T21:52:25.964+0000][gc,phases     ] GC(457)   Other: 3.2ms
[2025-10-30T21:52:25.964+0000][gc,heap       ] GC(457) Eden regions: 28->0(27)
[2025-10-30T21:52:25.964+0000][gc,heap       ] GC(457) Survivor regions: 3->4(4)
[2025-10-30T21:52:25.964+0000][gc,heap       ] GC(457) Old regions: 272->273
[2025-10-30T21:52:25.964+0000][gc,heap       ] GC(457) Humongous regions: 147->147
[2025-10-30T21:52:25.964+0000][gc,metaspace  ] GC(457) Metaspace: 52159K(55728K)->52159K(55728K) NonClass: 46318K(48304K)->46318K(48304K) Class: 5841K(7424K)->5841K(7424K)
[2025-10-30T21:52:25.965+0000][gc            ] GC(457) Pause Young (Normal) (G1 Evacuation Pause) 449M->423M(512M) 12.939ms
[2025-10-30T21:52:25.965+0000][gc,cpu        ] GC(457) User=0.02s Sys=0.00s Real=0.01s
[2025-10-30T21:53:33.284+0000][gc,start      ] GC(458) Pause Young (Normal) (G1 Evacuation Pause)
[2025-10-30T21:53:33.285+0000][gc,task       ] GC(458) Using 2 workers of 2 for evacuation
[2025-10-30T21:53:33.296+0000][gc,phases     ] GC(458)   Pre Evacuate Collection Set: 0.0ms
[2025-10-30T21:53:33.296+0000][gc,phases     ] GC(458)   Evacuate Collection Set: 9.8ms
[2025-10-30T21:53:33.296+0000][gc,phases     ] GC(458)   Post Evacuate Collection Set: 0.6ms
[2025-10-30T21:53:33.296+0000][gc,phases     ] GC(458)   Other: 1.1ms
[2025-10-30T21:53:33.296+0000][gc,heap       ] GC(458) Eden regions: 27->0(25)
[2025-10-30T21:53:33.296+0000][gc,heap       ] GC(458) Survivor regions: 4->4(4)
[2025-10-30T21:53:33.297+0000][gc,heap       ] GC(458) Old regions: 273->275
[2025-10-30T21:53:33.297+0000][gc,heap       ] GC(458) Humongous regions: 147->147
[2025-10-30T21:53:33.297+0000][gc,metaspace  ] GC(458) Metaspace: 52159K(55728K)->52159K(55728K) NonClass: 46318K(48304K)->46318K(48304K) Class: 5841K(7424K)->5841K(7424K)
[2025-10-30T21:53:33.297+0000][gc            ] GC(458) Pause Young (Normal) (G1 Evacuation Pause) 450M->425M(512M) 12.819ms
[2025-10-30T21:53:33.297+0000][gc,cpu        ] GC(458) User=0.02s Sys=0.00s Real=0.01s
[2025-10-30T21:54:34.564+0000][gc,start      ] GC(459) Pause Young (Normal) (G1 Evacuation Pause)
[2025-10-30T21:54:34.565+0000][gc,task       ] GC(459) Using 2 workers of 2 for evacuation
[2025-10-30T21:54:34.576+0000][gc,phases     ] GC(459)   Pre Evacuate Collection Set: 0.0ms
[2025-10-30T21:54:34.576+0000][gc,phases     ] GC(459)   Evacuate Collection Set: 9.9ms
[2025-10-30T21:54:34.576+0000][gc,phases     ] GC(459)   Post Evacuate Collection Set: 0.6ms
[2025-10-30T21:54:34.576+0000][gc,phases     ] GC(459)   Other: 1.4ms
[2025-10-30T21:54:34.576+0000][gc,heap       ] GC(459) Eden regions: 25->0(24)
[2025-10-30T21:54:34.576+0000][gc,heap       ] GC(459) Survivor regions: 4->4(4)
[2025-10-30T21:54:34.577+0000][gc,heap       ] GC(459) Old regions: 275->277
[2025-10-30T21:54:34.577+0000][gc,heap       ] GC(459) Humongous regions: 147->147
[2025-10-30T21:54:34.577+0000][gc,metaspace  ] GC(459) Metaspace: 52159K(55728K)->52159K(55728K) NonClass: 46318K(48304K)->46318K(48304K) Class: 5841K(7424K)->5841K(7424K)
[2025-10-30T21:54:34.577+0000][gc            ] GC(459) Pause Young (Normal) (G1 Evacuation Pause) 450M->427M(512M) 13.348ms
[2025-10-30T21:54:34.577+0000][gc,cpu        ] GC(459) User=0.02s Sys=0.00s Real=0.01s
[2025-10-30T21:55:33.529+0000][gc,start      ] GC(460) Pause Young (Normal) (G1 Evacuation Pause)
[2025-10-30T21:55:33.534+0000][gc,task       ] GC(460) Using 2 workers of 2 for evacuation
[2025-10-30T21:55:33.545+0000][gc,phases     ] GC(460)   Pre Evacuate Collection Set: 0.0ms
[2025-10-30T21:55:33.545+0000][gc,phases     ] GC(460)   Evacuate Collection Set: 10.0ms
[2025-10-30T21:55:33.545+0000][gc,phases     ] GC(460)   Post Evacuate Collection Set: 0.6ms
[2025-10-30T21:55:33.546+0000][gc,phases     ] GC(460)   Other: 4.9ms
[2025-10-30T21:55:33.546+0000][gc,heap       ] GC(460) Eden regions: 24->0(23)
[2025-10-30T21:55:33.546+0000][gc,heap       ] GC(460) Survivor regions: 4->3(4)
[2025-10-30T21:55:33.546+0000][gc,heap       ] GC(460) Old regions: 277->279
[2025-10-30T21:55:33.547+0000][gc,heap       ] GC(460) Humongous regions: 147->147
[2025-10-30T21:55:33.547+0000][gc,metaspace  ] GC(460) Metaspace: 52159K(55728K)->52159K(55728K) NonClass: 46318K(48304K)->46318K(48304K) Class: 5841K(7424K)->5841K(7424K)
[2025-10-30T21:55:33.547+0000][gc            ] GC(460) Pause Young (Normal) (G1 Evacuation Pause) 451M->428M(512M) 17.557ms
[2025-10-30T21:55:33.547+0000][gc,cpu        ] GC(460) User=0.02s Sys=0.00s Real=0.02s
[2025-10-30T21:56:29.530+0000][gc,start      ] GC(461) Pause Young (Normal) (G1 Evacuation Pause)
[2025-10-30T21:56:29.531+0000][gc,task       ] GC(461) Using 2 workers of 2 for evacuation
[2025-10-30T21:56:29.542+0000][gc,phases     ] GC(461)   Pre Evacuate Collection Set: 0.0ms
[2025-10-30T21:56:29.542+0000][gc,phases     ] GC(461)   Evacuate Collection Set: 10.0ms
[2025-10-30T21:56:29.542+0000][gc,phases     ] GC(461)   Post Evacuate Collection Set: 0.8ms
[2025-10-30T21:56:29.542+0000][gc,phases     ] GC(461)   Other: 0.7ms
[2025-10-30T21:56:29.543+0000][gc,heap       ] GC(461) Eden regions: 23->0(22)
[2025-10-30T21:56:29.543+0000][gc,heap       ] GC(461) Survivor regions: 3->3(4)
[2025-10-30T21:56:29.543+0000][gc,heap       ] GC(461) Old regions: 279->281
[2025-10-30T21:56:29.543+0000][gc,heap       ] GC(461) Humongous regions: 147->147
[2025-10-30T21:56:29.543+0000][gc,metaspace  ] GC(461) Metaspace: 52159K(55728K)->52159K(55728K) NonClass: 46318K(48304K)->46318K(48304K) Class: 5841K(7424K)->5841K(7424K)
[2025-10-30T21:56:29.543+0000][gc            ] GC(461) Pause Young (Normal) (G1 Evacuation Pause) 451M->430M(512M) 12.898ms
[2025-10-30T21:56:29.543+0000][gc,cpu        ] GC(461) User=0.02s Sys=0.00s Real=0.02s
[2025-10-30T21:57:23.129+0000][gc,start      ] GC(462) Pause Young (Normal) (G1 Evacuation Pause)
[2025-10-30T21:57:23.129+0000][gc,task       ] GC(462) Using 2 workers of 2 for evacuation
[2025-10-30T21:57:23.139+0000][gc,phases     ] GC(462)   Pre Evacuate Collection Set: 0.0ms
[2025-10-30T21:57:23.139+0000][gc,phases     ] GC(462)   Evacuate Collection Set: 8.3ms
[2025-10-30T21:57:23.139+0000][gc,phases     ] GC(462)   Post Evacuate Collection Set: 0.6ms
[2025-10-30T21:57:23.139+0000][gc,phases     ] GC(462)   Other: 0.8ms
[2025-10-30T21:57:23.139+0000][gc,heap       ] GC(462) Eden regions: 22->0(22)
[2025-10-30T21:57:23.139+0000][gc,heap       ] GC(462) Survivor regions: 3->3(4)
[2025-10-30T21:57:23.140+0000][gc,heap       ] GC(462) Old regions: 281->283
[2025-10-30T21:57:23.140+0000][gc,heap       ] GC(462) Humongous regions: 147->147
[2025-10-30T21:57:23.140+0000][gc,metaspace  ] GC(462) Metaspace: 52160K(55728K)->52160K(55728K) NonClass: 46319K(48304K)->46319K(48304K) Class: 5841K(7424K)->5841K(7424K)
[2025-10-30T21:57:23.140+0000][gc            ] GC(462) Pause Young (Normal) (G1 Evacuation Pause) 452M->431M(512M) 11.017ms
[2025-10-30T21:57:23.140+0000][gc,cpu        ] GC(462) User=0.02s Sys=0.00s Real=0.01s
[2025-10-30T21:58:18.132+0000][gc,start      ] GC(463) Pause Young (Normal) (G1 Evacuation Pause)
[2025-10-30T21:58:18.133+0000][gc,task       ] GC(463) Using 2 workers of 2 for evacuation
[2025-10-30T21:58:18.141+0000][gc,phases     ] GC(463)   Pre Evacuate Collection Set: 0.0ms
[2025-10-30T21:58:18.141+0000][gc,phases     ] GC(463)   Evacuate Collection Set: 7.6ms
[2025-10-30T21:58:18.142+0000][gc,phases     ] GC(463)   Post Evacuate Collection Set: 0.5ms
[2025-10-30T21:58:18.142+0000][gc,phases     ] GC(463)   Other: 1.5ms
[2025-10-30T21:58:18.142+0000][gc,heap       ] GC(463) Eden regions: 22->0(22)
[2025-10-30T21:58:18.142+0000][gc,heap       ] GC(463) Survivor regions: 3->3(4)
[2025-10-30T21:58:18.142+0000][gc,heap       ] GC(463) Old regions: 283->284
[2025-10-30T21:58:18.142+0000][gc,heap       ] GC(463) Humongous regions: 147->147
[2025-10-30T21:58:18.142+0000][gc,metaspace  ] GC(463) Metaspace: 52160K(55728K)->52160K(55728K) NonClass: 46319K(48304K)->46319K(48304K) Class: 5841K(7424K)->5841K(7424K)
[2025-10-30T21:58:18.143+0000][gc            ] GC(463) Pause Young (Normal) (G1 Evacuation Pause) 453M->433M(512M) 11.229ms
[2025-10-30T21:58:18.143+0000][gc,cpu        ] GC(463) User=0.02s Sys=0.00s Real=0.01s
[2025-10-30T21:59:10.679+0000][gc,start      ] GC(464) Pause Young (Normal) (G1 Evacuation Pause)
[2025-10-30T21:59:10.679+0000][gc,task       ] GC(464) Using 2 workers of 2 for evacuation
[2025-10-30T21:59:10.688+0000][gc,phases     ] GC(464)   Pre Evacuate Collection Set: 0.0ms
[2025-10-30T21:59:10.688+0000][gc,phases     ] GC(464)   Evacuate Collection Set: 8.0ms
[2025-10-30T21:59:10.689+0000][gc,phases     ] GC(464)   Post Evacuate Collection Set: 0.8ms
[2025-10-30T21:59:10.689+0000][gc,phases     ] GC(464)   Other: 0.5ms
[2025-10-30T21:59:10.689+0000][gc,heap       ] GC(464) Eden regions: 22->0(23)
[2025-10-30T21:59:10.689+0000][gc,heap       ] GC(464) Survivor regions: 3->2(4)
[2025-10-30T21:59:10.689+0000][gc,heap       ] GC(464) Old regions: 284->286
[2025-10-30T21:59:10.689+0000][gc,heap       ] GC(464) Humongous regions: 147->147
[2025-10-30T21:59:10.690+0000][gc,metaspace  ] GC(464) Metaspace: 52160K(55728K)->52160K(55728K) NonClass: 46319K(48304K)->46319K(48304K) Class: 5841K(7424K)->5841K(7424K)
[2025-10-30T21:59:10.690+0000][gc            ] GC(464) Pause Young (Normal) (G1 Evacuation Pause) 455M->434M(512M) 10.702ms
[2025-10-30T21:59:10.690+0000][gc,cpu        ] GC(464) User=0.01s Sys=0.00s Real=0.01s
[2025-10-30T22:00:07.810+0000][gc,start      ] GC(465) Pause Young (Normal) (G1 Evacuation Pause)
[2025-10-30T22:00:07.810+0000][gc,task       ] GC(465) Using 2 workers of 2 for evacuation
[2025-10-30T22:00:07.820+0000][gc,phases     ] GC(465)   Pre Evacuate Collection Set: 0.0ms
[2025-10-30T22:00:07.821+0000][gc,phases     ] GC(465)   Evacuate Collection Set: 9.0ms
[2025-10-30T22:00:07.821+0000][gc,phases     ] GC(465)   Post Evacuate Collection Set: 0.7ms
[2025-10-30T22:00:07.821+0000][gc,phases     ] GC(465)   Other: 0.5ms
[2025-10-30T22:00:07.821+0000][gc,heap       ] GC(465) Eden regions: 23->0(21)
[2025-10-30T22:00:07.821+0000][gc,heap       ] GC(465) Survivor regions: 2->4(4)
[2025-10-30T22:00:07.821+0000][gc,heap       ] GC(465) Old regions: 286->286
[2025-10-30T22:00:07.822+0000][gc,heap       ] GC(465) Humongous regions: 147->147
[2025-10-30T22:00:07.822+0000][gc,metaspace  ] GC(465) Metaspace: 52162K(55728K)->52162K(55728K) NonClass: 46321K(48304K)->46321K(48304K) Class: 5841K(7424K)->5841K(7424K)
[2025-10-30T22:00:07.822+0000][gc            ] GC(465) Pause Young (Normal) (G1 Evacuation Pause) 457M->435M(512M) 11.780ms
[2025-10-30T22:00:07.822+0000][gc,cpu        ] GC(465) User=0.02s Sys=0.00s Real=0.01s
[2025-10-30T22:00:59.390+0000][gc,start      ] GC(466) Pause Young (Normal) (G1 Evacuation Pause)
[2025-10-30T22:00:59.390+0000][gc,task       ] GC(466) Using 2 workers of 2 for evacuation
[2025-10-30T22:00:59.405+0000][gc,phases     ] GC(466)   Pre Evacuate Collection Set: 0.0ms
[2025-10-30T22:00:59.405+0000][gc,phases     ] GC(466)   Evacuate Collection Set: 13.7ms
[2025-10-30T22:00:59.405+0000][gc,phases     ] GC(466)   Post Evacuate Collection Set: 0.7ms
[2025-10-30T22:00:59.406+0000][gc,phases     ] GC(466)   Other: 0.8ms
[2025-10-30T22:00:59.406+0000][gc,heap       ] GC(466) Eden regions: 21->0(21)
[2025-10-30T22:00:59.406+0000][gc,heap       ] GC(466) Survivor regions: 4->4(4)
[2025-10-30T22:00:59.406+0000][gc,heap       ] GC(466) Old regions: 286->288
[2025-10-30T22:00:59.406+0000][gc,heap       ] GC(466) Humongous regions: 147->147
[2025-10-30T22:00:59.406+0000][gc,metaspace  ] GC(466) Metaspace: 52162K(55728K)->52162K(55728K) NonClass: 46321K(48304K)->46321K(48304K) Class: 5841K(7424K)->5841K(7424K)
[2025-10-30T22:00:59.406+0000][gc            ] GC(466) Pause Young (Normal) (G1 Evacuation Pause) 456M->438M(512M) 16.623ms
[2025-10-30T22:00:59.407+0000][gc,cpu        ] GC(466) User=0.03s Sys=0.00s Real=0.02s
[2025-10-30T22:01:51.889+0000][gc,start      ] GC(467) Pause Young (Normal) (G1 Evacuation Pause)
[2025-10-30T22:01:51.889+0000][gc,task       ] GC(467) Using 2 workers of 2 for evacuation
[2025-10-30T22:01:51.903+0000][gc,phases     ] GC(467)   Pre Evacuate Collection Set: 0.0ms
[2025-10-30T22:01:51.903+0000][gc,phases     ] GC(467)   Evacuate Collection Set: 12.3ms
[2025-10-30T22:01:51.903+0000][gc,phases     ] GC(467)   Post Evacuate Collection Set: 0.7ms
[2025-10-30T22:01:51.904+0000][gc,phases     ] GC(467)   Other: 0.9ms
[2025-10-30T22:01:51.904+0000][gc,heap       ] GC(467) Eden regions: 21->0(22)
[2025-10-30T22:01:51.904+0000][gc,heap       ] GC(467) Survivor regions: 4->3(4)
[2025-10-30T22:01:51.904+0000][gc,heap       ] GC(467) Old regions: 288->291
[2025-10-30T22:01:51.904+0000][gc,heap       ] GC(467) Humongous regions: 147->147
[2025-10-30T22:01:51.905+0000][gc,metaspace  ] GC(467) Metaspace: 52162K(55728K)->52162K(55728K) NonClass: 46321K(48304K)->46321K(48304K) Class: 5841K(7424K)->5841K(7424K)
[2025-10-30T22:01:51.905+0000][gc            ] GC(467) Pause Young (Normal) (G1 Evacuation Pause) 459M->440M(512M) 15.732ms
[2025-10-30T22:01:51.905+0000][gc,cpu        ] GC(467) User=0.03s Sys=0.00s Real=0.01s
[2025-10-30T22:02:45.259+0000][gc,start      ] GC(468) Pause Young (Normal) (G1 Evacuation Pause)
[2025-10-30T22:02:45.259+0000][gc,task       ] GC(468) Using 2 workers of 2 for evacuation
[2025-10-30T22:02:45.269+0000][gc,phases     ] GC(468)   Pre Evacuate Collection Set: 0.0ms
[2025-10-30T22:02:45.270+0000][gc,phases     ] GC(468)   Evacuate Collection Set: 9.2ms
[2025-10-30T22:02:45.270+0000][gc,phases     ] GC(468)   Post Evacuate Collection Set: 0.7ms
[2025-10-30T22:02:45.270+0000][gc,phases     ] GC(468)   Other: 0.5ms
[2025-10-30T22:02:45.270+0000][gc,heap       ] GC(468) Eden regions: 22->0(22)
[2025-10-30T22:02:45.271+0000][gc,heap       ] GC(468) Survivor regions: 3->3(4)
[2025-10-30T22:02:45.271+0000][gc,heap       ] GC(468) Old regions: 291->292
[2025-10-30T22:02:45.271+0000][gc,heap       ] GC(468) Humongous regions: 147->147
[2025-10-30T22:02:45.271+0000][gc,metaspace  ] GC(468) Metaspace: 52162K(55728K)->52162K(55728K) NonClass: 46321K(48304K)->46321K(48304K) Class: 5841K(7424K)->5841K(7424K)
[2025-10-30T22:02:45.271+0000][gc            ] GC(468) Pause Young (Normal) (G1 Evacuation Pause) 462M->441M(512M) 12.064ms
[2025-10-30T22:02:45.271+0000][gc,cpu        ] GC(468) User=0.02s Sys=0.00s Real=0.01s
[2025-10-30T22:03:38.739+0000][gc,start      ] GC(469) Pause Young (Normal) (G1 Evacuation Pause)
[2025-10-30T22:03:38.739+0000][gc,task       ] GC(469) Using 2 workers of 2 for evacuation
[2025-10-30T22:03:38.750+0000][gc,phases     ] GC(469)   Pre Evacuate Collection Set: 0.0ms
[2025-10-30T22:03:38.750+0000][gc,phases     ] GC(469)   Evacuate Collection Set: 10.3ms
[2025-10-30T22:03:38.751+0000][gc,phases     ] GC(469)   Post Evacuate Collection Set: 0.7ms
[2025-10-30T22:03:38.751+0000][gc,phases     ] GC(469)   Other: 0.7ms
[2025-10-30T22:03:38.751+0000][gc,heap       ] GC(469) Eden regions: 22->0(22)
[2025-10-30T22:03:38.751+0000][gc,heap       ] GC(469) Survivor regions: 3->3(4)
[2025-10-30T22:03:38.751+0000][gc,heap       ] GC(469) Old regions: 292->294
[2025-10-30T22:03:38.752+0000][gc,heap       ] GC(469) Humongous regions: 147->147
[2025-10-30T22:03:38.752+0000][gc,metaspace  ] GC(469) Metaspace: 52162K(55728K)->52162K(55728K) NonClass: 46321K(48304K)->46321K(48304K) Class: 5841K(7424K)->5841K(7424K)
[2025-10-30T22:03:38.752+0000][gc            ] GC(469) Pause Young (Normal) (G1 Evacuation Pause) 463M->443M(512M) 13.352ms
[2025-10-30T22:03:38.752+0000][gc,cpu        ] GC(469) User=0.02s Sys=0.00s Real=0.01s
[2025-10-30T22:04:32.024+0000][gc,start      ] GC(470) Pause Young (Normal) (G1 Evacuation Pause)
[2025-10-30T22:04:32.024+0000][gc,task       ] GC(470) Using 2 workers of 2 for evacuation
[2025-10-30T22:04:32.035+0000][gc,phases     ] GC(470)   Pre Evacuate Collection Set: 0.0ms
[2025-10-30T22:04:32.035+0000][gc,phases     ] GC(470)   Evacuate Collection Set: 10.0ms
[2025-10-30T22:04:32.035+0000][gc,phases     ] GC(470)   Post Evacuate Collection Set: 0.7ms
[2025-10-30T22:04:32.036+0000][gc,phases     ] GC(470)   Other: 0.7ms
[2025-10-30T22:04:32.036+0000][gc,heap       ] GC(470) Eden regions: 22->0(22)
[2025-10-30T22:04:32.036+0000][gc,heap       ] GC(470) Survivor regions: 3->3(4)
[2025-10-30T22:04:32.036+0000][gc,heap       ] GC(470) Old regions: 294->296
[2025-10-30T22:04:32.036+0000][gc,heap       ] GC(470) Humongous regions: 147->147
[2025-10-30T22:04:32.036+0000][gc,metaspace  ] GC(470) Metaspace: 52162K(55728K)->52162K(55728K) NonClass: 46321K(48304K)->46321K(48304K) Class: 5841K(7424K)->5841K(7424K)
[2025-10-30T22:04:32.036+0000][gc            ] GC(470) Pause Young (Normal) (G1 Evacuation Pause) 465M->444M(512M) 12.854ms
[2025-10-30T22:04:32.037+0000][gc,cpu        ] GC(470) User=0.02s Sys=0.00s Real=0.01s
[2025-10-30T22:05:25.754+0000][gc,start      ] GC(471) Pause Young (Normal) (G1 Evacuation Pause)
[2025-10-30T22:05:25.755+0000][gc,task       ] GC(471) Using 2 workers of 2 for evacuation
[2025-10-30T22:05:25.785+0000][gc,mmu        ] GC(471) MMU target violated: 21.0ms (20.0ms/21.0ms)
[2025-10-30T22:05:25.786+0000][gc,phases     ] GC(471)   Pre Evacuate Collection Set: 0.0ms
[2025-10-30T22:05:25.786+0000][gc,phases     ] GC(471)   Evacuate Collection Set: 28.7ms
[2025-10-30T22:05:25.786+0000][gc,phases     ] GC(471)   Post Evacuate Collection Set: 1.0ms
[2025-10-30T22:05:25.786+0000][gc,phases     ] GC(471)   Other: 1.7ms
[2025-10-30T22:05:25.787+0000][gc,heap       ] GC(471) Eden regions: 22->0(21)
[2025-10-30T22:05:25.787+0000][gc,heap       ] GC(471) Survivor regions: 3->4(4)
[2025-10-30T22:05:25.787+0000][gc,heap       ] GC(471) Old regions: 296->296
[2025-10-30T22:05:25.788+0000][gc,heap       ] GC(471) Humongous regions: 147->147
[2025-10-30T22:05:25.788+0000][gc,metaspace  ] GC(471) Metaspace: 52182K(55728K)->52182K(55728K) NonClass: 46341K(48304K)->46341K(48304K) Class: 5841K(7424K)->5841K(7424K)
[2025-10-30T22:05:25.788+0000][gc            ] GC(471) Pause Young (Normal) (G1 Evacuation Pause) 466M->445M(512M) 33.950ms
[2025-10-30T22:05:25.788+0000][gc,cpu        ] GC(471) User=0.06s Sys=0.00s Real=0.03s
[2025-10-30T22:06:18.046+0000][gc,start      ] GC(472) Pause Young (Normal) (G1 Evacuation Pause)
[2025-10-30T22:06:18.046+0000][gc,task       ] GC(472) Using 2 workers of 2 for evacuation
[2025-10-30T22:06:18.059+0000][gc,phases     ] GC(472)   Pre Evacuate Collection Set: 0.0ms
[2025-10-30T22:06:18.059+0000][gc,phases     ] GC(472)   Evacuate Collection Set: 11.4ms
[2025-10-30T22:06:18.059+0000][gc,phases     ] GC(472)   Post Evacuate Collection Set: 0.7ms
[2025-10-30T22:06:18.059+0000][gc,phases     ] GC(472)   Other: 0.7ms
[2025-10-30T22:06:18.059+0000][gc,heap       ] GC(472) Eden regions: 21->0(21)
[2025-10-30T22:06:18.059+0000][gc,heap       ] GC(472) Survivor regions: 4->4(4)
[2025-10-30T22:06:18.060+0000][gc,heap       ] GC(472) Old regions: 296->298
[2025-10-30T22:06:18.060+0000][gc,heap       ] GC(472) Humongous regions: 147->147
[2025-10-30T22:06:18.060+0000][gc,metaspace  ] GC(472) Metaspace: 52182K(55728K)->52182K(55728K) NonClass: 46341K(48304K)->46341K(48304K) Class: 5841K(7424K)->5841K(7424K)
[2025-10-30T22:06:18.060+0000][gc            ] GC(472) Pause Young (Normal) (G1 Evacuation Pause) 466M->448M(512M) 14.228ms
[2025-10-30T22:06:18.060+0000][gc,cpu        ] GC(472) User=0.02s Sys=0.00s Real=0.02s
[2025-10-30T22:07:09.567+0000][gc,start      ] GC(473) Pause Young (Normal) (G1 Evacuation Pause)
[2025-10-30T22:07:09.568+0000][gc,task       ] GC(473) Using 2 workers of 2 for evacuation
[2025-10-30T22:07:09.583+0000][gc,phases     ] GC(473)   Pre Evacuate Collection Set: 0.0ms
[2025-10-30T22:07:09.583+0000][gc,phases     ] GC(473)   Evacuate Collection Set: 13.3ms
[2025-10-30T22:07:09.583+0000][gc,phases     ] GC(473)   Post Evacuate Collection Set: 1.0ms
[2025-10-30T22:07:09.583+0000][gc,phases     ] GC(473)   Other: 1.0ms
[2025-10-30T22:07:09.584+0000][gc,heap       ] GC(473) Eden regions: 21->0(21)
[2025-10-30T22:07:09.584+0000][gc,heap       ] GC(473) Survivor regions: 4->4(4)
[2025-10-30T22:07:09.584+0000][gc,heap       ] GC(473) Old regions: 298->300
[2025-10-30T22:07:09.584+0000][gc,heap       ] GC(473) Humongous regions: 147->147
[2025-10-30T22:07:09.585+0000][gc,metaspace  ] GC(473) Metaspace: 52182K(55728K)->52182K(55728K) NonClass: 46341K(48304K)->46341K(48304K) Class: 5841K(7424K)->5841K(7424K)
[2025-10-30T22:07:09.585+0000][gc            ] GC(473) Pause Young (Normal) (G1 Evacuation Pause) 469M->450M(512M) 17.476ms
[2025-10-30T22:07:09.585+0000][gc,cpu        ] GC(473) User=0.03s Sys=0.00s Real=0.02s
[2025-10-30T22:07:59.513+0000][gc,start      ] GC(474) Pause Young (Normal) (G1 Evacuation Pause)
[2025-10-30T22:07:59.513+0000][gc,task       ] GC(474) Using 2 workers of 2 for evacuation
[2025-10-30T22:07:59.522+0000][gc,phases     ] GC(474)   Pre Evacuate Collection Set: 0.0ms
[2025-10-30T22:07:59.522+0000][gc,phases     ] GC(474)   Evacuate Collection Set: 8.5ms
[2025-10-30T22:07:59.523+0000][gc,phases     ] GC(474)   Post Evacuate Collection Set: 0.5ms
[2025-10-30T22:07:59.523+0000][gc,phases     ] GC(474)   Other: 0.6ms
[2025-10-30T22:07:59.523+0000][gc,heap       ] GC(474) Eden regions: 21->0(22)
[2025-10-30T22:07:59.523+0000][gc,heap       ] GC(474) Survivor regions: 4->3(4)
[2025-10-30T22:07:59.523+0000][gc,heap       ] GC(474) Old regions: 300->302
[2025-10-30T22:07:59.523+0000][gc,heap       ] GC(474) Humongous regions: 147->147
[2025-10-30T22:07:59.524+0000][gc,metaspace  ] GC(474) Metaspace: 52182K(55728K)->52182K(55728K) NonClass: 46341K(48304K)->46341K(48304K) Class: 5841K(7424K)->5841K(7424K)
[2025-10-30T22:07:59.524+0000][gc            ] GC(474) Pause Young (Normal) (G1 Evacuation Pause) 471M->451M(512M) 11.059ms
[2025-10-30T22:07:59.524+0000][gc,cpu        ] GC(474) User=0.01s Sys=0.00s Real=0.01s
[2025-10-30T22:08:54.508+0000][gc,start      ] GC(475) Pause Young (Normal) (G1 Evacuation Pause)
[2025-10-30T22:08:54.509+0000][gc,task       ] GC(475) Using 2 workers of 2 for evacuation
[2025-10-30T22:08:54.521+0000][gc,phases     ] GC(475)   Pre Evacuate Collection Set: 0.0ms
[2025-10-30T22:08:54.521+0000][gc,phases     ] GC(475)   Evacuate Collection Set: 10.6ms
[2025-10-30T22:08:54.521+0000][gc,phases     ] GC(475)   Post Evacuate Collection Set: 0.7ms
[2025-10-30T22:08:54.521+0000][gc,phases     ] GC(475)   Other: 1.0ms
[2025-10-30T22:08:54.521+0000][gc,heap       ] GC(475) Eden regions: 22->0(22)
[2025-10-30T22:08:54.521+0000][gc,heap       ] GC(475) Survivor regions: 3->3(4)
[2025-10-30T22:08:54.522+0000][gc,heap       ] GC(475) Old regions: 302->304
[2025-10-30T22:08:54.522+0000][gc,heap       ] GC(475) Humongous regions: 147->147
[2025-10-30T22:08:54.522+0000][gc,metaspace  ] GC(475) Metaspace: 52182K(55728K)->52182K(55728K) NonClass: 46341K(48304K)->46341K(48304K) Class: 5841K(7424K)->5841K(7424K)
[2025-10-30T22:08:54.522+0000][gc            ] GC(475) Pause Young (Normal) (G1 Evacuation Pause) 473M->452M(512M) 13.603ms
[2025-10-30T22:08:54.522+0000][gc,cpu        ] GC(475) User=0.02s Sys=0.00s Real=0.01s
[2025-10-30T22:09:47.185+0000][gc,start      ] GC(476) Pause Young (Normal) (G1 Evacuation Pause)
[2025-10-30T22:09:47.186+0000][gc,task       ] GC(476) Using 2 workers of 2 for evacuation
[2025-10-30T22:09:47.196+0000][gc,phases     ] GC(476)   Pre Evacuate Collection Set: 0.0ms
[2025-10-30T22:09:47.197+0000][gc,phases     ] GC(476)   Evacuate Collection Set: 9.6ms
[2025-10-30T22:09:47.197+0000][gc,phases     ] GC(476)   Post Evacuate Collection Set: 0.8ms
[2025-10-30T22:09:47.197+0000][gc,phases     ] GC(476)   Other: 0.6ms
[2025-10-30T22:09:47.198+0000][gc,heap       ] GC(476) Eden regions: 22->0(23)
[2025-10-30T22:09:47.198+0000][gc,heap       ] GC(476) Survivor regions: 3->2(4)
[2025-10-30T22:09:47.198+0000][gc,heap       ] GC(476) Old regions: 304->305
[2025-10-30T22:09:47.199+0000][gc,heap       ] GC(476) Humongous regions: 147->147
[2025-10-30T22:09:47.199+0000][gc,metaspace  ] GC(476) Metaspace: 52183K(55728K)->52183K(55728K) NonClass: 46342K(48304K)->46342K(48304K) Class: 5841K(7424K)->5841K(7424K)
[2025-10-30T22:09:47.199+0000][gc            ] GC(476) Pause Young (Normal) (G1 Evacuation Pause) 474M->453M(512M) 13.912ms
[2025-10-30T22:09:47.200+0000][gc,cpu        ] GC(476) User=0.02s Sys=0.00s Real=0.01s
[2025-10-30T22:10:44.686+0000][gc,start      ] GC(477) Pause Young (Normal) (G1 Evacuation Pause)
[2025-10-30T22:10:44.686+0000][gc,task       ] GC(477) Using 2 workers of 2 for evacuation
[2025-10-30T22:10:44.695+0000][gc,phases     ] GC(477)   Pre Evacuate Collection Set: 0.0ms
[2025-10-30T22:10:44.695+0000][gc,phases     ] GC(477)   Evacuate Collection Set: 7.8ms
[2025-10-30T22:10:44.695+0000][gc,phases     ] GC(477)   Post Evacuate Collection Set: 0.6ms
[2025-10-30T22:10:44.695+0000][gc,phases     ] GC(477)   Other: 0.5ms
[2025-10-30T22:10:44.695+0000][gc,heap       ] GC(477) Eden regions: 23->0(21)
[2025-10-30T22:10:44.696+0000][gc,heap       ] GC(477) Survivor regions: 2->4(4)
[2025-10-30T22:10:44.696+0000][gc,heap       ] GC(477) Old regions: 305->305
[2025-10-30T22:10:44.696+0000][gc,heap       ] GC(477) Humongous regions: 147->147
[2025-10-30T22:10:44.696+0000][gc,metaspace  ] GC(477) Metaspace: 52183K(55728K)->52183K(55728K) NonClass: 46342K(48304K)->46342K(48304K) Class: 5841K(7424K)->5841K(7424K)
[2025-10-30T22:10:44.696+0000][gc            ] GC(477) Pause Young (Normal) (G1 Evacuation Pause) 476M->455M(512M) 10.328ms
[2025-10-30T22:10:44.696+0000][gc,cpu        ] GC(477) User=0.02s Sys=0.00s Real=0.01s
[2025-10-30T22:11:35.701+0000][gc,start      ] GC(478) Pause Young (Normal) (G1 Evacuation Pause)
[2025-10-30T22:11:35.701+0000][gc,task       ] GC(478) Using 2 workers of 2 for evacuation
[2025-10-30T22:11:35.713+0000][gc,phases     ] GC(478)   Pre Evacuate Collection Set: 0.0ms
[2025-10-30T22:11:35.713+0000][gc,phases     ] GC(478)   Evacuate Collection Set: 10.8ms
[2025-10-30T22:11:35.714+0000][gc,phases     ] GC(478)   Post Evacuate Collection Set: 0.7ms
[2025-10-30T22:11:35.714+0000][gc,phases     ] GC(478)   Other: 0.6ms
[2025-10-30T22:11:35.714+0000][gc,heap       ] GC(478) Eden regions: 21->0(21)
[2025-10-30T22:11:35.714+0000][gc,heap       ] GC(478) Survivor regions: 4->4(4)
[2025-10-30T22:11:35.714+0000][gc,heap       ] GC(478) Old regions: 305->307
[2025-10-30T22:11:35.714+0000][gc,heap       ] GC(478) Humongous regions: 147->147
[2025-10-30T22:11:35.715+0000][gc,metaspace  ] GC(478) Metaspace: 52183K(55728K)->52183K(55728K) NonClass: 46342K(48304K)->46342K(48304K) Class: 5841K(7424K)->5841K(7424K)
[2025-10-30T22:11:35.715+0000][gc            ] GC(478) Pause Young (Normal) (G1 Evacuation Pause) 476M->457M(512M) 13.595ms
[2025-10-30T22:11:35.715+0000][gc,cpu        ] GC(478) User=0.02s Sys=0.00s Real=0.02s
[2025-10-30T22:12:27.135+0000][gc,start      ] GC(479) Pause Young (Normal) (G1 Evacuation Pause)
[2025-10-30T22:12:27.135+0000][gc,task       ] GC(479) Using 2 workers of 2 for evacuation
[2025-10-30T22:12:27.146+0000][gc,phases     ] GC(479)   Pre Evacuate Collection Set: 0.0ms
[2025-10-30T22:12:27.146+0000][gc,phases     ] GC(479)   Evacuate Collection Set: 9.6ms
[2025-10-30T22:12:27.146+0000][gc,phases     ] GC(479)   Post Evacuate Collection Set: 0.7ms
[2025-10-30T22:12:27.146+0000][gc,phases     ] GC(479)   Other: 0.6ms
[2025-10-30T22:12:27.147+0000][gc,heap       ] GC(479) Eden regions: 21->0(21)
[2025-10-30T22:12:27.147+0000][gc,heap       ] GC(479) Survivor regions: 4->4(4)
[2025-10-30T22:12:27.147+0000][gc,heap       ] GC(479) Old regions: 307->310
[2025-10-30T22:12:27.147+0000][gc,heap       ] GC(479) Humongous regions: 147->147
[2025-10-30T22:12:27.147+0000][gc,metaspace  ] GC(479) Metaspace: 52183K(55728K)->52183K(55728K) NonClass: 46342K(48304K)->46342K(48304K) Class: 5841K(7424K)->5841K(7424K)
[2025-10-30T22:12:27.147+0000][gc            ] GC(479) Pause Young (Normal) (G1 Evacuation Pause) 478M->460M(512M) 12.480ms
[2025-10-30T22:12:27.147+0000][gc,cpu        ] GC(479) User=0.02s Sys=0.00s Real=0.01s
[2025-10-30T22:13:26.219+0000][gc,start      ] GC(480) Pause Young (Normal) (G1 Evacuation Pause)
[2025-10-30T22:13:26.219+0000][gc,task       ] GC(480) Using 2 workers of 2 for evacuation
[2025-10-30T22:13:26.228+0000][gc,phases     ] GC(480)   Pre Evacuate Collection Set: 0.0ms
[2025-10-30T22:13:26.228+0000][gc,phases     ] GC(480)   Evacuate Collection Set: 8.3ms
[2025-10-30T22:13:26.229+0000][gc,phases     ] GC(480)   Post Evacuate Collection Set: 0.6ms
[2025-10-30T22:13:26.229+0000][gc,phases     ] GC(480)   Other: 0.6ms
[2025-10-30T22:13:26.229+0000][gc,heap       ] GC(480) Eden regions: 21->0(22)
[2025-10-30T22:13:26.229+0000][gc,heap       ] GC(480) Survivor regions: 4->3(4)
[2025-10-30T22:13:26.229+0000][gc,heap       ] GC(480) Old regions: 310->312
[2025-10-30T22:13:26.229+0000][gc,heap       ] GC(480) Humongous regions: 147->147
[2025-10-30T22:13:26.230+0000][gc,metaspace  ] GC(480) Metaspace: 52257K(55728K)->52257K(55728K) NonClass: 46402K(48304K)->46402K(48304K) Class: 5854K(7424K)->5854K(7424K)
[2025-10-30T22:13:26.230+0000][gc            ] GC(480) Pause Young (Normal) (G1 Evacuation Pause) 481M->461M(512M) 10.982ms
[2025-10-30T22:13:26.230+0000][gc,cpu        ] GC(480) User=0.02s Sys=0.00s Real=0.01s
[2025-10-30T22:14:46.411+0000][gc,start      ] GC(481) Pause Young (Normal) (G1 Evacuation Pause)
[2025-10-30T22:14:46.411+0000][gc,task       ] GC(481) Using 2 workers of 2 for evacuation
[2025-10-30T22:14:46.420+0000][gc,phases     ] GC(481)   Pre Evacuate Collection Set: 0.0ms
[2025-10-30T22:14:46.420+0000][gc,phases     ] GC(481)   Evacuate Collection Set: 8.0ms
[2025-10-30T22:14:46.420+0000][gc,phases     ] GC(481)   Post Evacuate Collection Set: 0.6ms
[2025-10-30T22:14:46.421+0000][gc,phases     ] GC(481)   Other: 0.6ms
[2025-10-30T22:14:46.421+0000][gc,heap       ] GC(481) Eden regions: 22->0(23)
[2025-10-30T22:14:46.421+0000][gc,heap       ] GC(481) Survivor regions: 3->2(4)
[2025-10-30T22:14:46.421+0000][gc,heap       ] GC(481) Old regions: 312->313
[2025-10-30T22:14:46.421+0000][gc,heap       ] GC(481) Humongous regions: 147->147
[2025-10-30T22:14:46.421+0000][gc,metaspace  ] GC(481) Metaspace: 52267K(55728K)->52267K(55728K) NonClass: 46412K(48304K)->46412K(48304K) Class: 5854K(7424K)->5854K(7424K)
[2025-10-30T22:14:46.421+0000][gc            ] GC(481) Pause Young (Normal) (G1 Evacuation Pause) 483M->461M(512M) 10.528ms
[2025-10-30T22:14:46.422+0000][gc,cpu        ] GC(481) User=0.02s Sys=0.00s Real=0.01s
[2025-10-30T22:15:49.537+0000][gc,start      ] GC(482) Pause Young (Concurrent Start) (G1 Evacuation Pause)
[2025-10-30T22:15:49.538+0000][gc,task       ] GC(482) Using 2 workers of 2 for evacuation
[2025-10-30T22:15:49.549+0000][gc,phases     ] GC(482)   Pre Evacuate Collection Set: 0.2ms
[2025-10-30T22:15:49.549+0000][gc,phases     ] GC(482)   Evacuate Collection Set: 10.4ms
[2025-10-30T22:15:49.551+0000][gc,phases     ] GC(482)   Post Evacuate Collection Set: 0.6ms
[2025-10-30T22:15:49.551+0000][gc,phases     ] GC(482)   Other: 0.5ms
[2025-10-30T22:15:49.552+0000][gc,heap       ] GC(482) Eden regions: 23->0(21)
[2025-10-30T22:15:49.552+0000][gc,heap       ] GC(482) Survivor regions: 2->4(4)
[2025-10-30T22:15:49.552+0000][gc,heap       ] GC(482) Old regions: 313->314
[2025-10-30T22:15:49.552+0000][gc,heap       ] GC(482) Humongous regions: 147->147
[2025-10-30T22:15:49.552+0000][gc,metaspace  ] GC(482) Metaspace: 52294K(55728K)->52294K(55728K) NonClass: 46439K(48304K)->46439K(48304K) Class: 5854K(7424K)->5854K(7424K)
[2025-10-30T22:15:49.553+0000][gc            ] GC(482) Pause Young (Concurrent Start) (G1 Evacuation Pause) 484M->464M(512M) 15.181ms
[2025-10-30T22:15:49.553+0000][gc,cpu        ] GC(482) User=0.02s Sys=0.00s Real=0.02s
[2025-10-30T22:15:49.553+0000][gc            ] GC(483) Concurrent Cycle
[2025-10-30T22:15:49.553+0000][gc,marking    ] GC(483) Concurrent Clear Claimed Marks
[2025-10-30T22:15:49.554+0000][gc,marking    ] GC(483) Concurrent Clear Claimed Marks 0.610ms
[2025-10-30T22:15:49.554+0000][gc,marking    ] GC(483) Concurrent Scan Root Regions
[2025-10-30T22:15:49.559+0000][gc,marking    ] GC(483) Concurrent Scan Root Regions 4.658ms
[2025-10-30T22:15:49.559+0000][gc,marking    ] GC(483) Concurrent Mark (15992.847s)
[2025-10-30T22:15:49.559+0000][gc,marking    ] GC(483) Concurrent Mark From Roots
[2025-10-30T22:15:49.560+0000][gc,task       ] GC(483) Using 1 workers of 1 for marking
[2025-10-30T22:15:49.588+0000][gc,marking    ] GC(483) Concurrent Mark From Roots 28.824ms
[2025-10-30T22:15:49.589+0000][gc,marking    ] GC(483) Concurrent Preclean
[2025-10-30T22:15:49.589+0000][gc,marking    ] GC(483) Concurrent Preclean 0.343ms
[2025-10-30T22:15:49.589+0000][gc,marking    ] GC(483) Concurrent Mark (15992.847s, 15992.877s) 29.953ms
[2025-10-30T22:15:49.590+0000][gc,start      ] GC(483) Pause Remark
[2025-10-30T22:15:49.597+0000][gc,stringtable] GC(483) Cleaned string and symbol table, strings: 16730 processed, 6 removed, symbols: 123676 processed, 1 removed
[2025-10-30T22:15:49.598+0000][gc            ] GC(483) Pause Remark 464M->312M(512M) 8.418ms
[2025-10-30T22:15:49.598+0000][gc,cpu        ] GC(483) User=0.02s Sys=0.00s Real=0.01s
[2025-10-30T22:15:49.599+0000][gc,marking    ] GC(483) Concurrent Rebuild Remembered Sets
[2025-10-30T22:15:49.617+0000][gc,marking    ] GC(483) Concurrent Rebuild Remembered Sets 18.444ms
[2025-10-30T22:15:49.618+0000][gc,start      ] GC(483) Pause Cleanup
[2025-10-30T22:15:49.618+0000][gc            ] GC(483) Pause Cleanup 312M->312M(512M) 0.434ms
[2025-10-30T22:15:49.618+0000][gc,cpu        ] GC(483) User=0.00s Sys=0.00s Real=0.01s
[2025-10-30T22:15:49.618+0000][gc,marking    ] GC(483) Concurrent Cleanup for Next Mark
[2025-10-30T22:15:49.619+0000][gc,marking    ] GC(483) Concurrent Cleanup for Next Mark 0.686ms
[2025-10-30T22:15:49.619+0000][gc            ] GC(483) Concurrent Cycle 66.163ms
[2025-10-30T22:16:59.315+0000][gc,start      ] GC(484) Pause Young (Prepare Mixed) (G1 Evacuation Pause)
[2025-10-30T22:16:59.316+0000][gc,task       ] GC(484) Using 2 workers of 2 for evacuation
[2025-10-30T22:16:59.326+0000][gc,phases     ] GC(484)   Pre Evacuate Collection Set: 0.0ms
[2025-10-30T22:16:59.327+0000][gc,phases     ] GC(484)   Evacuate Collection Set: 9.7ms
[2025-10-30T22:16:59.327+0000][gc,phases     ] GC(484)   Post Evacuate Collection Set: 0.7ms
[2025-10-30T22:16:59.327+0000][gc,phases     ] GC(484)   Other: 0.7ms
[2025-10-30T22:16:59.327+0000][gc,heap       ] GC(484) Eden regions: 21->0(22)
[2025-10-30T22:16:59.327+0000][gc,heap       ] GC(484) Survivor regions: 4->3(4)
[2025-10-30T22:16:59.327+0000][gc,heap       ] GC(484) Old regions: 162->164
[2025-10-30T22:16:59.328+0000][gc,heap       ] GC(484) Humongous regions: 147->147
[2025-10-30T22:16:59.328+0000][gc,metaspace  ] GC(484) Metaspace: 52295K(55728K)->52295K(55728K) NonClass: 46440K(48304K)->46440K(48304K) Class: 5854K(7424K)->5854K(7424K)
[2025-10-30T22:16:59.328+0000][gc            ] GC(484) Pause Young (Prepare Mixed) (G1 Evacuation Pause) 333M->313M(512M) 12.687ms
[2025-10-30T22:16:59.328+0000][gc,cpu        ] GC(484) User=0.03s Sys=0.00s Real=0.01s
[2025-10-30T22:18:10.466+0000][gc,start      ] GC(485) Pause Young (Mixed) (G1 Evacuation Pause)
[2025-10-30T22:18:10.467+0000][gc,task       ] GC(485) Using 2 workers of 2 for evacuation
[2025-10-30T22:18:10.478+0000][gc,phases     ] GC(485)   Pre Evacuate Collection Set: 0.0ms
[2025-10-30T22:18:10.478+0000][gc,phases     ] GC(485)   Evacuate Collection Set: 9.8ms
[2025-10-30T22:18:10.478+0000][gc,phases     ] GC(485)   Post Evacuate Collection Set: 0.9ms
[2025-10-30T22:18:10.479+0000][gc,phases     ] GC(485)   Other: 0.7ms
[2025-10-30T22:18:10.479+0000][gc,heap       ] GC(485) Eden regions: 22->0(21)
[2025-10-30T22:18:10.479+0000][gc,heap       ] GC(485) Survivor regions: 3->4(4)
[2025-10-30T22:18:10.479+0000][gc,heap       ] GC(485) Old regions: 164->113
[2025-10-30T22:18:10.479+0000][gc,heap       ] GC(485) Humongous regions: 147->147
[2025-10-30T22:18:10.479+0000][gc,metaspace  ] GC(485) Metaspace: 52308K(55728K)->52308K(55728K) NonClass: 46453K(48304K)->46453K(48304K) Class: 5854K(7424K)->5854K(7424K)
[2025-10-30T22:18:10.480+0000][gc            ] GC(485) Pause Young (Mixed) (G1 Evacuation Pause) 335M->263M(512M) 13.102ms
[2025-10-30T22:18:10.480+0000][gc,cpu        ] GC(485) User=0.02s Sys=0.00s Real=0.02s
[2025-10-30T22:19:26.396+0000][gc,start      ] GC(486) Pause Young (Mixed) (G1 Evacuation Pause)
[2025-10-30T22:19:26.396+0000][gc,task       ] GC(486) Using 2 workers of 2 for evacuation
[2025-10-30T22:19:26.406+0000][gc,phases     ] GC(486)   Pre Evacuate Collection Set: 0.1ms
[2025-10-30T22:19:26.407+0000][gc,phases     ] GC(486)   Evacuate Collection Set: 9.0ms
[2025-10-30T22:19:26.407+0000][gc,phases     ] GC(486)   Post Evacuate Collection Set: 0.7ms
[2025-10-30T22:19:26.407+0000][gc,phases     ] GC(486)   Other: 0.8ms
[2025-10-30T22:19:26.407+0000][gc,heap       ] GC(486) Eden regions: 21->0(22)
[2025-10-30T22:19:26.407+0000][gc,heap       ] GC(486) Survivor regions: 4->3(4)
[2025-10-30T22:19:26.408+0000][gc,heap       ] GC(486) Old regions: 113->63
[2025-10-30T22:19:26.408+0000][gc,heap       ] GC(486) Humongous regions: 147->147
[2025-10-30T22:19:26.408+0000][gc,metaspace  ] GC(486) Metaspace: 52312K(55728K)->52312K(55728K) NonClass: 46457K(48304K)->46457K(48304K) Class: 5854K(7424K)->5854K(7424K)
[2025-10-30T22:19:26.408+0000][gc            ] GC(486) Pause Young (Mixed) (G1 Evacuation Pause) 284M->212M(512M) 12.023ms
[2025-10-30T22:19:26.408+0000][gc,cpu        ] GC(486) User=0.02s Sys=0.00s Real=0.01s
[2025-10-30T22:20:46.469+0000][gc,start      ] GC(487) Pause Young (Mixed) (G1 Evacuation Pause)
[2025-10-30T22:20:46.473+0000][gc,task       ] GC(487) Using 2 workers of 2 for evacuation
[2025-10-30T22:20:46.529+0000][gc,mmu        ] GC(487) MMU target violated: 21.0ms (20.0ms/21.0ms)
[2025-10-30T22:20:46.531+0000][gc,phases     ] GC(487)   Pre Evacuate Collection Set: 0.2ms
[2025-10-30T22:20:46.532+0000][gc,phases     ] GC(487)   Evacuate Collection Set: 47.8ms
[2025-10-30T22:20:46.532+0000][gc,phases     ] GC(487)   Post Evacuate Collection Set: 4.5ms
[2025-10-30T22:20:46.533+0000][gc,phases     ] GC(487)   Other: 8.9ms
[2025-10-30T22:20:46.534+0000][gc,heap       ] GC(487) Eden regions: 22->0(23)
[2025-10-30T22:20:46.538+0000][gc,heap       ] GC(487) Survivor regions: 3->2(4)
[2025-10-30T22:20:46.538+0000][gc,heap       ] GC(487) Old regions: 63->51
[2025-10-30T22:20:46.539+0000][gc,heap       ] GC(487) Humongous regions: 147->147
[2025-10-30T22:20:46.551+0000][gc,metaspace  ] GC(487) Metaspace: 52312K(55728K)->52312K(55728K) NonClass: 46457K(48304K)->46457K(48304K) Class: 5854K(7424K)->5854K(7424K)
[2025-10-30T22:20:46.552+0000][gc            ] GC(487) Pause Young (Mixed) (G1 Evacuation Pause) 234M->199M(512M) 82.982ms
[2025-10-30T22:20:46.554+0000][gc,cpu        ] GC(487) User=0.11s Sys=0.00s Real=0.09s
[2025-10-30T22:22:03.830+0000][gc,start      ] GC(488) Pause Young (Normal) (G1 Evacuation Pause)
[2025-10-30T22:22:03.830+0000][gc,task       ] GC(488) Using 2 workers of 2 for evacuation
[2025-10-30T22:22:03.841+0000][gc,phases     ] GC(488)   Pre Evacuate Collection Set: 0.0ms
[2025-10-30T22:22:03.841+0000][gc,phases     ] GC(488)   Evacuate Collection Set: 9.2ms
[2025-10-30T22:22:03.841+0000][gc,phases     ] GC(488)   Post Evacuate Collection Set: 0.7ms
[2025-10-30T22:22:03.841+0000][gc,phases     ] GC(488)   Other: 0.9ms
[2025-10-30T22:22:03.842+0000][gc,heap       ] GC(488) Eden regions: 23->0(21)
[2025-10-30T22:22:03.842+0000][gc,heap       ] GC(488) Survivor regions: 2->4(4)
[2025-10-30T22:22:03.842+0000][gc,heap       ] GC(488) Old regions: 51->51
[2025-10-30T22:22:03.842+0000][gc,heap       ] GC(488) Humongous regions: 147->147
[2025-10-30T22:22:03.842+0000][gc,metaspace  ] GC(488) Metaspace: 52316K(55728K)->52316K(55728K) NonClass: 46462K(48304K)->46462K(48304K) Class: 5854K(7424K)->5854K(7424K)
[2025-10-30T22:22:03.842+0000][gc            ] GC(488) Pause Young (Normal) (G1 Evacuation Pause) 222M->202M(512M) 12.269ms
[2025-10-30T22:22:03.843+0000][gc,cpu        ] GC(488) User=0.02s Sys=0.00s Real=0.02s
[2025-10-30T22:23:10.485+0000][gc,start      ] GC(489) Pause Young (Normal) (G1 Evacuation Pause)
[2025-10-30T22:23:10.485+0000][gc,task       ] GC(489) Using 2 workers of 2 for evacuation
[2025-10-30T22:23:10.494+0000][gc,phases     ] GC(489)   Pre Evacuate Collection Set: 0.0ms
[2025-10-30T22:23:10.495+0000][gc,phases     ] GC(489)   Evacuate Collection Set: 8.1ms
[2025-10-30T22:23:10.495+0000][gc,phases     ] GC(489)   Post Evacuate Collection Set: 0.7ms
[2025-10-30T22:23:10.495+0000][gc,phases     ] GC(489)   Other: 0.9ms
[2025-10-30T22:23:10.495+0000][gc,heap       ] GC(489) Eden regions: 21->0(24)
[2025-10-30T22:23:10.495+0000][gc,heap       ] GC(489) Survivor regions: 4->3(4)
[2025-10-30T22:23:10.496+0000][gc,heap       ] GC(489) Old regions: 51->54
[2025-10-30T22:23:10.496+0000][gc,heap       ] GC(489) Humongous regions: 147->147
[2025-10-30T22:23:10.496+0000][gc,metaspace  ] GC(489) Metaspace: 52316K(55728K)->52316K(55728K) NonClass: 46462K(48304K)->46462K(48304K) Class: 5854K(7424K)->5854K(7424K)
[2025-10-30T22:23:10.496+0000][gc            ] GC(489) Pause Young (Normal) (G1 Evacuation Pause) 223M->202M(512M) 11.431ms
[2025-10-30T22:23:10.496+0000][gc,cpu        ] GC(489) User=0.02s Sys=0.00s Real=0.01s
[2025-10-30T22:24:37.505+0000][gc,start      ] GC(490) Pause Young (Normal) (G1 Evacuation Pause)
[2025-10-30T22:24:37.505+0000][gc,task       ] GC(490) Using 2 workers of 2 for evacuation
[2025-10-30T22:24:37.514+0000][gc,phases     ] GC(490)   Pre Evacuate Collection Set: 0.1ms
[2025-10-30T22:24:37.514+0000][gc,phases     ] GC(490)   Evacuate Collection Set: 7.9ms
[2025-10-30T22:24:37.515+0000][gc,phases     ] GC(490)   Post Evacuate Collection Set: 0.7ms
[2025-10-30T22:24:37.515+0000][gc,phases     ] GC(490)   Other: 0.9ms
[2025-10-30T22:24:37.515+0000][gc,heap       ] GC(490) Eden regions: 24->0(28)
[2025-10-30T22:24:37.515+0000][gc,heap       ] GC(490) Survivor regions: 3->3(4)
[2025-10-30T22:24:37.515+0000][gc,heap       ] GC(490) Old regions: 54->55
[2025-10-30T22:24:37.515+0000][gc,heap       ] GC(490) Humongous regions: 147->147
[2025-10-30T22:24:37.516+0000][gc,metaspace  ] GC(490) Metaspace: 52317K(55728K)->52317K(55728K) NonClass: 46462K(48304K)->46462K(48304K) Class: 5854K(7424K)->5854K(7424K)
[2025-10-30T22:24:37.516+0000][gc            ] GC(490) Pause Young (Normal) (G1 Evacuation Pause) 226M->204M(512M) 10.985ms
[2025-10-30T22:24:37.516+0000][gc,cpu        ] GC(490) User=0.02s Sys=0.00s Real=0.01s
[2025-10-30T22:26:18.875+0000][gc,start      ] GC(491) Pause Young (Normal) (G1 Evacuation Pause)
[2025-10-30T22:26:18.875+0000][gc,task       ] GC(491) Using 2 workers of 2 for evacuation
[2025-10-30T22:26:18.888+0000][gc,phases     ] GC(491)   Pre Evacuate Collection Set: 0.0ms
[2025-10-30T22:26:18.889+0000][gc,phases     ] GC(491)   Evacuate Collection Set: 11.0ms
[2025-10-30T22:26:18.889+0000][gc,phases     ] GC(491)   Post Evacuate Collection Set: 1.3ms
[2025-10-30T22:26:18.890+0000][gc,phases     ] GC(491)   Other: 0.9ms
[2025-10-30T22:26:18.890+0000][gc,heap       ] GC(491) Eden regions: 28->0(30)
[2025-10-30T22:26:18.890+0000][gc,heap       ] GC(491) Survivor regions: 3->2(4)
[2025-10-30T22:26:18.890+0000][gc,heap       ] GC(491) Old regions: 55->57
[2025-10-30T22:26:18.891+0000][gc,heap       ] GC(491) Humongous regions: 147->147
[2025-10-30T22:26:18.891+0000][gc,metaspace  ] GC(491) Metaspace: 52317K(55728K)->52317K(55728K) NonClass: 46463K(48304K)->46463K(48304K) Class: 5854K(7424K)->5854K(7424K)
[2025-10-30T22:26:18.891+0000][gc            ] GC(491) Pause Young (Normal) (G1 Evacuation Pause) 232M->205M(512M) 16.015ms
[2025-10-30T22:26:18.891+0000][gc,cpu        ] GC(491) User=0.03s Sys=0.00s Real=0.02s
[2025-10-30T22:28:03.160+0000][gc,start      ] GC(492) Pause Young (Normal) (G1 Evacuation Pause)
[2025-10-30T22:28:03.161+0000][gc,task       ] GC(492) Using 2 workers of 2 for evacuation
[2025-10-30T22:28:03.176+0000][gc,phases     ] GC(492)   Pre Evacuate Collection Set: 0.1ms
[2025-10-30T22:28:03.176+0000][gc,phases     ] GC(492)   Evacuate Collection Set: 13.1ms
[2025-10-30T22:28:03.176+0000][gc,phases     ] GC(492)   Post Evacuate Collection Set: 1.0ms
[2025-10-30T22:28:03.176+0000][gc,phases     ] GC(492)   Other: 1.5ms
[2025-10-30T22:28:03.177+0000][gc,heap       ] GC(492) Eden regions: 30->0(30)
[2025-10-30T22:28:03.177+0000][gc,heap       ] GC(492) Survivor regions: 2->4(4)
[2025-10-30T22:28:03.177+0000][gc,heap       ] GC(492) Old regions: 57->58
[2025-10-30T22:28:03.177+0000][gc,heap       ] GC(492) Humongous regions: 147->147
[2025-10-30T22:28:03.178+0000][gc,metaspace  ] GC(492) Metaspace: 52328K(55728K)->52328K(55728K) NonClass: 46473K(48304K)->46473K(48304K) Class: 5854K(7424K)->5854K(7424K)
[2025-10-30T22:28:03.178+0000][gc            ] GC(492) Pause Young (Normal) (G1 Evacuation Pause) 235M->208M(512M) 17.958ms
[2025-10-30T22:28:03.178+0000][gc,cpu        ] GC(492) User=0.02s Sys=0.00s Real=0.01s
[2025-10-30T22:29:43.458+0000][gc,start      ] GC(493) Pause Young (Normal) (G1 Evacuation Pause)
[2025-10-30T22:29:43.459+0000][gc,task       ] GC(493) Using 2 workers of 2 for evacuation
[2025-10-30T22:29:43.469+0000][gc,phases     ] GC(493)   Pre Evacuate Collection Set: 0.0ms
[2025-10-30T22:29:43.469+0000][gc,phases     ] GC(493)   Evacuate Collection Set: 9.2ms
[2025-10-30T22:29:43.469+0000][gc,phases     ] GC(493)   Post Evacuate Collection Set: 0.6ms
[2025-10-30T22:29:43.469+0000][gc,phases     ] GC(493)   Other: 0.6ms
[2025-10-30T22:29:43.469+0000][gc,heap       ] GC(493) Eden regions: 30->0(34)
[2025-10-30T22:29:43.469+0000][gc,heap       ] GC(493) Survivor regions: 4->4(5)
[2025-10-30T22:29:43.470+0000][gc,heap       ] GC(493) Old regions: 58->60
[2025-10-30T22:29:43.470+0000][gc,heap       ] GC(493) Humongous regions: 147->147
[2025-10-30T22:29:43.470+0000][gc,metaspace  ] GC(493) Metaspace: 52337K(55728K)->52337K(55728K) NonClass: 46482K(48304K)->46482K(48304K) Class: 5854K(7424K)->5854K(7424K)
[2025-10-30T22:29:43.470+0000][gc            ] GC(493) Pause Young (Normal) (G1 Evacuation Pause) 238M->210M(512M) 11.659ms
[2025-10-30T22:29:43.470+0000][gc,cpu        ] GC(493) User=0.02s Sys=0.00s Real=0.01s
[2025-10-30T22:31:34.756+0000][gc,start      ] GC(494) Pause Young (Normal) (G1 Evacuation Pause)
[2025-10-30T22:31:34.756+0000][gc,task       ] GC(494) Using 2 workers of 2 for evacuation
[2025-10-30T22:31:34.766+0000][gc,phases     ] GC(494)   Pre Evacuate Collection Set: 0.0ms
[2025-10-30T22:31:34.767+0000][gc,phases     ] GC(494)   Evacuate Collection Set: 9.1ms
[2025-10-30T22:31:34.767+0000][gc,phases     ] GC(494)   Post Evacuate Collection Set: 0.7ms
[2025-10-30T22:31:34.767+0000][gc,phases     ] GC(494)   Other: 0.5ms
[2025-10-30T22:31:34.767+0000][gc,heap       ] GC(494) Eden regions: 34->0(40)
[2025-10-30T22:31:34.767+0000][gc,heap       ] GC(494) Survivor regions: 4->5(5)
[2025-10-30T22:31:34.767+0000][gc,heap       ] GC(494) Old regions: 60->62
[2025-10-30T22:31:34.767+0000][gc,heap       ] GC(494) Humongous regions: 147->147
[2025-10-30T22:31:34.768+0000][gc,metaspace  ] GC(494) Metaspace: 52338K(55728K)->52338K(55728K) NonClass: 46483K(48304K)->46483K(48304K) Class: 5854K(7424K)->5854K(7424K)
[2025-10-30T22:31:34.768+0000][gc            ] GC(494) Pause Young (Normal) (G1 Evacuation Pause) 244M->212M(512M) 11.762ms
[2025-10-30T22:31:34.768+0000][gc,cpu        ] GC(494) User=0.02s Sys=0.00s Real=0.02s
[2025-10-30T22:33:43.684+0000][gc,start      ] GC(495) Pause Young (Normal) (G1 Evacuation Pause)
[2025-10-30T22:33:43.684+0000][gc,task       ] GC(495) Using 2 workers of 2 for evacuation
[2025-10-30T22:33:43.695+0000][gc,phases     ] GC(495)   Pre Evacuate Collection Set: 0.0ms
[2025-10-30T22:33:43.695+0000][gc,phases     ] GC(495)   Evacuate Collection Set: 9.7ms
[2025-10-30T22:33:43.695+0000][gc,phases     ] GC(495)   Post Evacuate Collection Set: 0.6ms
[2025-10-30T22:33:43.695+0000][gc,phases     ] GC(495)   Other: 0.7ms
[2025-10-30T22:33:43.695+0000][gc,heap       ] GC(495) Eden regions: 40->0(45)
[2025-10-30T22:33:43.696+0000][gc,heap       ] GC(495) Survivor regions: 5->3(6)
[2025-10-30T22:33:43.696+0000][gc,heap       ] GC(495) Old regions: 62->64
[2025-10-30T22:33:43.696+0000][gc,heap       ] GC(495) Humongous regions: 147->147
[2025-10-30T22:33:43.696+0000][gc,metaspace  ] GC(495) Metaspace: 52338K(55728K)->52338K(55728K) NonClass: 46483K(48304K)->46483K(48304K) Class: 5854K(7424K)->5854K(7424K)
[2025-10-30T22:33:43.696+0000][gc            ] GC(495) Pause Young (Normal) (G1 Evacuation Pause) 252M->213M(512M) 12.574ms
[2025-10-30T22:33:43.696+0000][gc,cpu        ] GC(495) User=0.02s Sys=0.00s Real=0.01s
[2025-10-30T22:36:15.311+0000][gc,start      ] GC(496) Pause Young (Normal) (G1 Evacuation Pause)
[2025-10-30T22:36:15.312+0000][gc,task       ] GC(496) Using 2 workers of 2 for evacuation
[2025-10-30T22:36:15.325+0000][gc,phases     ] GC(496)   Pre Evacuate Collection Set: 0.0ms
[2025-10-30T22:36:15.325+0000][gc,phases     ] GC(496)   Evacuate Collection Set: 12.0ms
[2025-10-30T22:36:15.325+0000][gc,phases     ] GC(496)   Post Evacuate Collection Set: 0.7ms
[2025-10-30T22:36:15.325+0000][gc,phases     ] GC(496)   Other: 0.9ms
[2025-10-30T22:36:15.326+0000][gc,heap       ] GC(496) Eden regions: 45->0(48)
[2025-10-30T22:36:15.326+0000][gc,heap       ] GC(496) Survivor regions: 3->6(6)
[2025-10-30T22:36:15.326+0000][gc,heap       ] GC(496) Old regions: 64->64
[2025-10-30T22:36:15.326+0000][gc,heap       ] GC(496) Humongous regions: 147->147
[2025-10-30T22:36:15.326+0000][gc,metaspace  ] GC(496) Metaspace: 52346K(55728K)->52346K(55728K) NonClass: 46491K(48304K)->46491K(48304K) Class: 5854K(7424K)->5854K(7424K)
[2025-10-30T22:36:15.326+0000][gc            ] GC(496) Pause Young (Normal) (G1 Evacuation Pause) 258M->217M(512M) 15.203ms
[2025-10-30T22:36:15.326+0000][gc,cpu        ] GC(496) User=0.02s Sys=0.00s Real=0.01s
[2025-10-30T22:38:59.510+0000][gc,start      ] GC(497) Pause Young (Normal) (G1 Evacuation Pause)
[2025-10-30T22:38:59.511+0000][gc,task       ] GC(497) Using 2 workers of 2 for evacuation
[2025-10-30T22:38:59.530+0000][gc,phases     ] GC(497)   Pre Evacuate Collection Set: 0.0ms
[2025-10-30T22:38:59.530+0000][gc,phases     ] GC(497)   Evacuate Collection Set: 17.8ms
[2025-10-30T22:38:59.531+0000][gc,phases     ] GC(497)   Post Evacuate Collection Set: 1.0ms
[2025-10-30T22:38:59.531+0000][gc,phases     ] GC(497)   Other: 1.0ms
[2025-10-30T22:38:59.531+0000][gc,heap       ] GC(497) Eden regions: 44->0(44)
[2025-10-30T22:38:59.531+0000][gc,heap       ] GC(497) Survivor regions: 6->5(7)
[2025-10-30T22:38:59.531+0000][gc,heap       ] GC(497) Old regions: 64->69
[2025-10-30T22:38:59.531+0000][gc,heap       ] GC(497) Humongous regions: 147->147
[2025-10-30T22:38:59.531+0000][gc,metaspace  ] GC(497) Metaspace: 52347K(55728K)->52347K(55728K) NonClass: 46492K(48304K)->46492K(48304K) Class: 5854K(7424K)->5854K(7424K)
[2025-10-30T22:38:59.532+0000][gc            ] GC(497) Pause Young (Normal) (G1 Evacuation Pause) 261M->220M(512M) 21.228ms
[2025-10-30T22:38:59.532+0000][gc,cpu        ] GC(497) User=0.04s Sys=0.00s Real=0.02s
[2025-10-30T22:41:30.237+0000][gc,start      ] GC(498) Pause Young (Normal) (G1 Evacuation Pause)
[2025-10-30T22:41:30.237+0000][gc,task       ] GC(498) Using 2 workers of 2 for evacuation
[2025-10-30T22:41:30.254+0000][gc,phases     ] GC(498)   Pre Evacuate Collection Set: 0.0ms
[2025-10-30T22:41:30.254+0000][gc,phases     ] GC(498)   Evacuate Collection Set: 14.9ms
[2025-10-30T22:41:30.254+0000][gc,phases     ] GC(498)   Post Evacuate Collection Set: 1.1ms
[2025-10-30T22:41:30.254+0000][gc,phases     ] GC(498)   Other: 0.8ms
[2025-10-30T22:41:30.255+0000][gc,heap       ] GC(498) Eden regions: 44->0(46)
[2025-10-30T22:41:30.255+0000][gc,heap       ] GC(498) Survivor regions: 5->3(7)
[2025-10-30T22:41:30.255+0000][gc,heap       ] GC(498) Old regions: 69->72
[2025-10-30T22:41:30.255+0000][gc,heap       ] GC(498) Humongous regions: 147->147
[2025-10-30T22:41:30.255+0000][gc,metaspace  ] GC(498) Metaspace: 52352K(55728K)->52352K(55728K) NonClass: 46498K(48304K)->46498K(48304K) Class: 5854K(7424K)->5854K(7424K)
[2025-10-30T22:41:30.256+0000][gc            ] GC(498) Pause Young (Normal) (G1 Evacuation Pause) 264M->221M(512M) 18.794ms
[2025-10-30T22:41:30.256+0000][gc,cpu        ] GC(498) User=0.03s Sys=0.00s Real=0.02s
[2025-10-30T22:44:00.277+0000][gc,start      ] GC(499) Pause Young (Normal) (G1 Evacuation Pause)
[2025-10-30T22:44:00.277+0000][gc,task       ] GC(499) Using 2 workers of 2 for evacuation
[2025-10-30T22:44:00.289+0000][gc,phases     ] GC(499)   Pre Evacuate Collection Set: 0.0ms
[2025-10-30T22:44:00.289+0000][gc,phases     ] GC(499)   Evacuate Collection Set: 11.0ms
[2025-10-30T22:44:00.289+0000][gc,phases     ] GC(499)   Post Evacuate Collection Set: 0.6ms
[2025-10-30T22:44:00.290+0000][gc,phases     ] GC(499)   Other: 0.6ms
[2025-10-30T22:44:00.290+0000][gc,heap       ] GC(499) Eden regions: 46->0(47)
[2025-10-30T22:44:00.290+0000][gc,heap       ] GC(499) Survivor regions: 3->7(7)
[2025-10-30T22:44:00.290+0000][gc,heap       ] GC(499) Old regions: 72->72
[2025-10-30T22:44:00.290+0000][gc,heap       ] GC(499) Humongous regions: 147->147
[2025-10-30T22:44:00.290+0000][gc,metaspace  ] GC(499) Metaspace: 52352K(55728K)->52352K(55728K) NonClass: 46498K(48304K)->46498K(48304K) Class: 5854K(7424K)->5854K(7424K)
[2025-10-30T22:44:00.291+0000][gc            ] GC(499) Pause Young (Normal) (G1 Evacuation Pause) 267M->225M(512M) 13.846ms
[2025-10-30T22:44:00.291+0000][gc,cpu        ] GC(499) User=0.03s Sys=0.00s Real=0.02s
[2025-10-30T22:46:25.869+0000][gc,start      ] GC(500) Pause Young (Normal) (G1 Evacuation Pause)
[2025-10-30T22:46:25.869+0000][gc,task       ] GC(500) Using 2 workers of 2 for evacuation
[2025-10-30T22:46:25.892+0000][gc,mmu        ] GC(500) MMU target violated: 21.0ms (20.0ms/21.0ms)
[2025-10-30T22:46:25.892+0000][gc,phases     ] GC(500)   Pre Evacuate Collection Set: 0.0ms
[2025-10-30T22:46:25.892+0000][gc,phases     ] GC(500)   Evacuate Collection Set: 20.6ms
[2025-10-30T22:46:25.893+0000][gc,phases     ] GC(500)   Post Evacuate Collection Set: 1.2ms
[2025-10-30T22:46:25.893+0000][gc,phases     ] GC(500)   Other: 1.4ms
[2025-10-30T22:46:25.893+0000][gc,heap       ] GC(500) Eden regions: 45->0(46)
[2025-10-30T22:46:25.893+0000][gc,heap       ] GC(500) Survivor regions: 7->3(7)
[2025-10-30T22:46:25.894+0000][gc,heap       ] GC(500) Old regions: 72->77
[2025-10-30T22:46:25.894+0000][gc,heap       ] GC(500) Humongous regions: 147->147
[2025-10-30T22:46:25.894+0000][gc,metaspace  ] GC(500) Metaspace: 52359K(55728K)->52359K(55728K) NonClass: 46504K(48304K)->46504K(48304K) Class: 5854K(7424K)->5854K(7424K)
[2025-10-30T22:46:25.896+0000][gc            ] GC(500) Pause Young (Normal) (G1 Evacuation Pause) 270M->226M(512M) 27.135ms
[2025-10-30T22:46:25.897+0000][gc,cpu        ] GC(500) User=0.04s Sys=0.00s Real=0.03s
[2025-10-30T22:48:41.077+0000][gc,start      ] GC(501) Pause Young (Normal) (G1 Evacuation Pause)
[2025-10-30T22:48:41.078+0000][gc,task       ] GC(501) Using 2 workers of 2 for evacuation
[2025-10-30T22:48:41.112+0000][gc,mmu        ] GC(501) MMU target violated: 21.0ms (20.0ms/21.0ms)
[2025-10-30T22:48:41.113+0000][gc,phases     ] GC(501)   Pre Evacuate Collection Set: 0.1ms
[2025-10-30T22:48:41.113+0000][gc,phases     ] GC(501)   Evacuate Collection Set: 31.5ms
[2025-10-30T22:48:41.114+0000][gc,phases     ] GC(501)   Post Evacuate Collection Set: 1.2ms
[2025-10-30T22:48:41.114+0000][gc,phases     ] GC(501)   Other: 3.5ms
[2025-10-30T22:48:41.114+0000][gc,heap       ] GC(501) Eden regions: 46->0(18)
[2025-10-30T22:48:41.115+0000][gc,heap       ] GC(501) Survivor regions: 3->7(7)
[2025-10-30T22:48:41.115+0000][gc,heap       ] GC(501) Old regions: 77->77
[2025-10-30T22:48:41.115+0000][gc,heap       ] GC(501) Humongous regions: 147->147
[2025-10-30T22:48:41.115+0000][gc,metaspace  ] GC(501) Metaspace: 52368K(55728K)->52368K(55728K) NonClass: 46514K(48304K)->46514K(48304K) Class: 5854K(7424K)->5854K(7424K)
[2025-10-30T22:48:41.116+0000][gc            ] GC(501) Pause Young (Normal) (G1 Evacuation Pause) 272M->230M(512M) 38.896ms
[2025-10-30T22:48:41.116+0000][gc,cpu        ] GC(501) User=0.06s Sys=0.00s Real=0.04s
[2025-10-30T22:49:22.026+0000][gc,start      ] GC(502) Pause Young (Normal) (G1 Evacuation Pause)
[2025-10-30T22:49:22.026+0000][gc,task       ] GC(502) Using 2 workers of 2 for evacuation
[2025-10-30T22:49:22.046+0000][gc,phases     ] GC(502)   Pre Evacuate Collection Set: 0.0ms
[2025-10-30T22:49:22.046+0000][gc,phases     ] GC(502)   Evacuate Collection Set: 18.5ms
[2025-10-30T22:49:22.046+0000][gc,phases     ] GC(502)   Post Evacuate Collection Set: 0.8ms
[2025-10-30T22:49:22.047+0000][gc,phases     ] GC(502)   Other: 0.6ms
[2025-10-30T22:49:22.047+0000][gc,heap       ] GC(502) Eden regions: 18->0(21)
[2025-10-30T22:49:22.047+0000][gc,heap       ] GC(502) Survivor regions: 7->4(4)
[2025-10-30T22:49:22.048+0000][gc,heap       ] GC(502) Old regions: 77->83
[2025-10-30T22:49:22.048+0000][gc,heap       ] GC(502) Humongous regions: 147->147
[2025-10-30T22:49:22.048+0000][gc,metaspace  ] GC(502) Metaspace: 52378K(55728K)->52378K(55728K) NonClass: 46523K(48304K)->46523K(48304K) Class: 5854K(7424K)->5854K(7424K)
[2025-10-30T22:49:22.048+0000][gc            ] GC(502) Pause Young (Normal) (G1 Evacuation Pause) 248M->233M(512M) 21.963ms
[2025-10-30T22:49:22.048+0000][gc,cpu        ] GC(502) User=0.03s Sys=0.00s Real=0.02s
[2025-10-30T22:50:03.523+0000][gc,start      ] GC(503) Pause Young (Normal) (G1 Evacuation Pause)
[2025-10-30T22:50:03.523+0000][gc,task       ] GC(503) Using 2 workers of 2 for evacuation
[2025-10-30T22:50:03.538+0000][gc,phases     ] GC(503)   Pre Evacuate Collection Set: 0.0ms
[2025-10-30T22:50:03.538+0000][gc,phases     ] GC(503)   Evacuate Collection Set: 12.8ms
[2025-10-30T22:50:03.538+0000][gc,phases     ] GC(503)   Post Evacuate Collection Set: 1.1ms
[2025-10-30T22:50:03.538+0000][gc,phases     ] GC(503)   Other: 0.9ms
[2025-10-30T22:50:03.538+0000][gc,heap       ] GC(503) Eden regions: 21->0(21)
[2025-10-30T22:50:03.538+0000][gc,heap       ] GC(503) Survivor regions: 4->4(4)
[2025-10-30T22:50:03.539+0000][gc,heap       ] GC(503) Old regions: 83->86
[2025-10-30T22:50:03.539+0000][gc,heap       ] GC(503) Humongous regions: 147->147
[2025-10-30T22:50:03.539+0000][gc,metaspace  ] GC(503) Metaspace: 52420K(55728K)->52420K(55728K) NonClass: 46565K(48304K)->46565K(48304K) Class: 5854K(7424K)->5854K(7424K)
[2025-10-30T22:50:03.539+0000][gc            ] GC(503) Pause Young (Normal) (G1 Evacuation Pause) 254M->236M(512M) 16.463ms
[2025-10-30T22:50:03.539+0000][gc,cpu        ] GC(503) User=0.03s Sys=0.00s Real=0.01s
[2025-10-30T22:51:05.089+0000][gc,start      ] GC(504) Pause Young (Normal) (G1 Evacuation Pause)
[2025-10-30T22:51:05.089+0000][gc,task       ] GC(504) Using 2 workers of 2 for evacuation
[2025-10-30T22:51:05.097+0000][gc,phases     ] GC(504)   Pre Evacuate Collection Set: 0.0ms
[2025-10-30T22:51:05.098+0000][gc,phases     ] GC(504)   Evacuate Collection Set: 7.6ms
[2025-10-30T22:51:05.098+0000][gc,phases     ] GC(504)   Post Evacuate Collection Set: 0.6ms
[2025-10-30T22:51:05.098+0000][gc,phases     ] GC(504)   Other: 0.4ms
[2025-10-30T22:51:05.098+0000][gc,heap       ] GC(504) Eden regions: 21->0(26)
[2025-10-30T22:51:05.098+0000][gc,heap       ] GC(504) Survivor regions: 4->3(4)
[2025-10-30T22:51:05.098+0000][gc,heap       ] GC(504) Old regions: 86->89
[2025-10-30T22:51:05.098+0000][gc,heap       ] GC(504) Humongous regions: 147->147
[2025-10-30T22:51:05.098+0000][gc,metaspace  ] GC(504) Metaspace: 52458K(55984K)->52458K(55984K) NonClass: 46601K(48560K)->46601K(48560K) Class: 5856K(7424K)->5856K(7424K)
[2025-10-30T22:51:05.098+0000][gc            ] GC(504) Pause Young (Normal) (G1 Evacuation Pause) 257M->238M(512M) 9.717ms
[2025-10-30T22:51:05.099+0000][gc,cpu        ] GC(504) User=0.02s Sys=0.00s Real=0.01s
[2025-10-30T22:52:27.260+0000][gc,start      ] GC(505) Pause Young (Normal) (G1 Evacuation Pause)
[2025-10-30T22:52:27.261+0000][gc,task       ] GC(505) Using 2 workers of 2 for evacuation
[2025-10-30T22:52:27.271+0000][gc,phases     ] GC(505)   Pre Evacuate Collection Set: 0.0ms
[2025-10-30T22:52:27.271+0000][gc,phases     ] GC(505)   Evacuate Collection Set: 9.1ms
[2025-10-30T22:52:27.271+0000][gc,phases     ] GC(505)   Post Evacuate Collection Set: 0.6ms
[2025-10-30T22:52:27.271+0000][gc,phases     ] GC(505)   Other: 0.8ms
[2025-10-30T22:52:27.272+0000][gc,heap       ] GC(505) Eden regions: 26->0(30)
[2025-10-30T22:52:27.272+0000][gc,heap       ] GC(505) Survivor regions: 3->4(4)
[2025-10-30T22:52:27.272+0000][gc,heap       ] GC(505) Old regions: 89->92
[2025-10-30T22:52:27.272+0000][gc,heap       ] GC(505) Humongous regions: 147->147
[2025-10-30T22:52:27.272+0000][gc,metaspace  ] GC(505) Metaspace: 52458K(55984K)->52458K(55984K) NonClass: 46601K(48560K)->46601K(48560K) Class: 5856K(7424K)->5856K(7424K)
[2025-10-30T22:52:27.273+0000][gc            ] GC(505) Pause Young (Normal) (G1 Evacuation Pause) 264M->241M(512M) 12.212ms
[2025-10-30T22:52:27.273+0000][gc,cpu        ] GC(505) User=0.02s Sys=0.00s Real=0.01s
[2025-10-30T22:53:52.092+0000][gc,start      ] GC(506) Pause Young (Normal) (G1 Evacuation Pause)
[2025-10-30T22:53:52.092+0000][gc,task       ] GC(506) Using 2 workers of 2 for evacuation
[2025-10-30T22:53:52.105+0000][gc,phases     ] GC(506)   Pre Evacuate Collection Set: 0.0ms
[2025-10-30T22:53:52.105+0000][gc,phases     ] GC(506)   Evacuate Collection Set: 11.4ms
[2025-10-30T22:53:52.105+0000][gc,phases     ] GC(506)   Post Evacuate Collection Set: 1.2ms
[2025-10-30T22:53:52.105+0000][gc,phases     ] GC(506)   Other: 0.6ms
[2025-10-30T22:53:52.106+0000][gc,heap       ] GC(506) Eden regions: 30->0(33)
[2025-10-30T22:53:52.106+0000][gc,heap       ] GC(506) Survivor regions: 4->4(5)
[2025-10-30T22:53:52.106+0000][gc,heap       ] GC(506) Old regions: 92->93
[2025-10-30T22:53:52.106+0000][gc,heap       ] GC(506) Humongous regions: 147->147
[2025-10-30T22:53:52.106+0000][gc,metaspace  ] GC(506) Metaspace: 52511K(55984K)->52511K(55984K) NonClass: 46655K(48560K)->46655K(48560K) Class: 5856K(7424K)->5856K(7424K)
[2025-10-30T22:53:52.107+0000][gc            ] GC(506) Pause Young (Normal) (G1 Evacuation Pause) 271M->244M(512M) 14.702ms
[2025-10-30T22:53:52.107+0000][gc,cpu        ] GC(506) User=0.02s Sys=0.00s Real=0.02s
[2025-10-30T22:55:21.332+0000][gc,start      ] GC(507) Pause Young (Normal) (G1 Evacuation Pause)
[2025-10-30T22:55:21.332+0000][gc,task       ] GC(507) Using 2 workers of 2 for evacuation
[2025-10-30T22:55:21.342+0000][gc,phases     ] GC(507)   Pre Evacuate Collection Set: 0.0ms
[2025-10-30T22:55:21.342+0000][gc,phases     ] GC(507)   Evacuate Collection Set: 8.7ms
[2025-10-30T22:55:21.342+0000][gc,phases     ] GC(507)   Post Evacuate Collection Set: 0.7ms
[2025-10-30T22:55:21.343+0000][gc,phases     ] GC(507)   Other: 0.7ms
[2025-10-30T22:55:21.343+0000][gc,heap       ] GC(507) Eden regions: 33->0(41)
[2025-10-30T22:55:21.343+0000][gc,heap       ] GC(507) Survivor regions: 4->3(5)
[2025-10-30T22:55:21.343+0000][gc,heap       ] GC(507) Old regions: 93->95
[2025-10-30T22:55:21.343+0000][gc,heap       ] GC(507) Humongous regions: 147->147
[2025-10-30T22:55:21.343+0000][gc,metaspace  ] GC(507) Metaspace: 52513K(55984K)->52513K(55984K) NonClass: 46656K(48560K)->46656K(48560K) Class: 5856K(7424K)->5856K(7424K)
[2025-10-30T22:55:21.343+0000][gc            ] GC(507) Pause Young (Normal) (G1 Evacuation Pause) 276M->244M(512M) 11.359ms
[2025-10-30T22:55:21.344+0000][gc,cpu        ] GC(507) User=0.02s Sys=0.00s Real=0.01s
[2025-10-30T22:56:59.743+0000][gc,start      ] GC(508) Pause Young (Normal) (G1 Evacuation Pause)
[2025-10-30T22:56:59.744+0000][gc,task       ] GC(508) Using 2 workers of 2 for evacuation
[2025-10-30T22:56:59.754+0000][gc,phases     ] GC(508)   Pre Evacuate Collection Set: 0.0ms
[2025-10-30T22:56:59.754+0000][gc,phases     ] GC(508)   Evacuate Collection Set: 9.4ms
[2025-10-30T22:56:59.754+0000][gc,phases     ] GC(508)   Post Evacuate Collection Set: 0.7ms
[2025-10-30T22:56:59.754+0000][gc,phases     ] GC(508)   Other: 0.5ms
[2025-10-30T22:56:59.755+0000][gc,heap       ] GC(508) Eden regions: 41->0(46)
[2025-10-30T22:56:59.755+0000][gc,heap       ] GC(508) Survivor regions: 3->5(6)
[2025-10-30T22:56:59.755+0000][gc,heap       ] GC(508) Old regions: 95->95
[2025-10-30T22:56:59.755+0000][gc,heap       ] GC(508) Humongous regions: 147->147
[2025-10-30T22:56:59.755+0000][gc,metaspace  ] GC(508) Metaspace: 52517K(55984K)->52517K(55984K) NonClass: 46661K(48560K)->46661K(48560K) Class: 5856K(7424K)->5856K(7424K)
[2025-10-30T22:56:59.755+0000][gc            ] GC(508) Pause Young (Normal) (G1 Evacuation Pause) 285M->247M(512M) 11.751ms
[2025-10-30T22:56:59.755+0000][gc,cpu        ] GC(508) User=0.02s Sys=0.00s Real=0.01s
[2025-10-30T22:59:07.989+0000][gc,start      ] GC(509) Pause Young (Normal) (G1 Evacuation Pause)
[2025-10-30T22:59:07.990+0000][gc,task       ] GC(509) Using 2 workers of 2 for evacuation
[2025-10-30T22:59:08.006+0000][gc,phases     ] GC(509)   Pre Evacuate Collection Set: 0.0ms
[2025-10-30T22:59:08.006+0000][gc,phases     ] GC(509)   Evacuate Collection Set: 14.2ms
[2025-10-30T22:59:08.006+0000][gc,phases     ] GC(509)   Post Evacuate Collection Set: 0.6ms
[2025-10-30T22:59:08.007+0000][gc,phases     ] GC(509)   Other: 1.9ms
[2025-10-30T22:59:08.007+0000][gc,heap       ] GC(509) Eden regions: 46->0(47)
[2025-10-30T22:59:08.007+0000][gc,heap       ] GC(509) Survivor regions: 5->7(7)
[2025-10-30T22:59:08.007+0000][gc,heap       ] GC(509) Old regions: 95->97
[2025-10-30T22:59:08.007+0000][gc,heap       ] GC(509) Humongous regions: 147->147
[2025-10-30T22:59:08.007+0000][gc,metaspace  ] GC(509) Metaspace: 52517K(55984K)->52517K(55984K) NonClass: 46661K(48560K)->46661K(48560K) Class: 5856K(7424K)->5856K(7424K)
[2025-10-30T22:59:08.008+0000][gc            ] GC(509) Pause Young (Normal) (G1 Evacuation Pause) 293M->250M(512M) 18.230ms
[2025-10-30T22:59:08.008+0000][gc,cpu        ] GC(509) User=0.03s Sys=0.00s Real=0.02s
[2025-10-30T23:01:21.001+0000][gc,start      ] GC(510) Pause Young (Normal) (G1 Evacuation Pause)
[2025-10-30T23:01:21.001+0000][gc,task       ] GC(510) Using 2 workers of 2 for evacuation
[2025-10-30T23:01:21.016+0000][gc,phases     ] GC(510)   Pre Evacuate Collection Set: 0.0ms
[2025-10-30T23:01:21.016+0000][gc,phases     ] GC(510)   Evacuate Collection Set: 13.6ms
[2025-10-30T23:01:21.016+0000][gc,phases     ] GC(510)   Post Evacuate Collection Set: 0.7ms
[2025-10-30T23:01:21.017+0000][gc,phases     ] GC(510)   Other: 0.6ms
[2025-10-30T23:01:21.017+0000][gc,heap       ] GC(510) Eden regions: 47->0(49)
[2025-10-30T23:01:21.017+0000][gc,heap       ] GC(510) Survivor regions: 7->4(7)
[2025-10-30T23:01:21.017+0000][gc,heap       ] GC(510) Old regions: 97->103
[2025-10-30T23:01:21.017+0000][gc,heap       ] GC(510) Humongous regions: 147->147
[2025-10-30T23:01:21.017+0000][gc,metaspace  ] GC(510) Metaspace: 52522K(55984K)->52522K(55984K) NonClass: 46665K(48560K)->46665K(48560K) Class: 5856K(7424K)->5856K(7424K)
[2025-10-30T23:01:21.018+0000][gc            ] GC(510) Pause Young (Normal) (G1 Evacuation Pause) 297M->253M(512M) 16.289ms
[2025-10-30T23:01:21.018+0000][gc,cpu        ] GC(510) User=0.03s Sys=0.00s Real=0.01s
[2025-10-30T23:04:15.986+0000][gc,start      ] GC(511) Pause Young (Normal) (G1 Evacuation Pause)
[2025-10-30T23:04:15.986+0000][gc,task       ] GC(511) Using 2 workers of 2 for evacuation
[2025-10-30T23:04:16.000+0000][gc,phases     ] GC(511)   Pre Evacuate Collection Set: 0.0ms
[2025-10-30T23:04:16.001+0000][gc,phases     ] GC(511)   Evacuate Collection Set: 13.4ms
[2025-10-30T23:04:16.001+0000][gc,phases     ] GC(511)   Post Evacuate Collection Set: 0.7ms
[2025-10-30T23:04:16.001+0000][gc,phases     ] GC(511)   Other: 0.6ms
[2025-10-30T23:04:16.001+0000][gc,heap       ] GC(511) Eden regions: 49->0(50)
[2025-10-30T23:04:16.001+0000][gc,heap       ] GC(511) Survivor regions: 4->5(7)
[2025-10-30T23:04:16.001+0000][gc,heap       ] GC(511) Old regions: 103->106
[2025-10-30T23:04:16.002+0000][gc,heap       ] GC(511) Humongous regions: 147->147
[2025-10-30T23:04:16.002+0000][gc,metaspace  ] GC(511) Metaspace: 52522K(55984K)->52522K(55984K) NonClass: 46666K(48560K)->46666K(48560K) Class: 5856K(7424K)->5856K(7424K)
[2025-10-30T23:04:16.002+0000][gc            ] GC(511) Pause Young (Normal) (G1 Evacuation Pause) 302M->257M(512M) 16.219ms
[2025-10-30T23:04:16.002+0000][gc,cpu        ] GC(511) User=0.03s Sys=0.00s Real=0.01s
[2025-10-30T23:07:20.975+0000][gc,start      ] GC(512) Pause Young (Normal) (G1 Evacuation Pause)
[2025-10-30T23:07:20.975+0000][gc,task       ] GC(512) Using 2 workers of 2 for evacuation
[2025-10-30T23:07:20.986+0000][gc,phases     ] GC(512)   Pre Evacuate Collection Set: 0.0ms
[2025-10-30T23:07:20.986+0000][gc,phases     ] GC(512)   Evacuate Collection Set: 10.3ms
[2025-10-30T23:07:20.986+0000][gc,phases     ] GC(512)   Post Evacuate Collection Set: 0.6ms
[2025-10-30T23:07:20.987+0000][gc,phases     ] GC(512)   Other: 0.5ms
[2025-10-30T23:07:20.987+0000][gc,heap       ] GC(512) Eden regions: 50->0(54)
[2025-10-30T23:07:20.987+0000][gc,heap       ] GC(512) Survivor regions: 5->4(7)
[2025-10-30T23:07:20.987+0000][gc,heap       ] GC(512) Old regions: 106->109
[2025-10-30T23:07:20.987+0000][gc,heap       ] GC(512) Humongous regions: 147->147
[2025-10-30T23:07:20.987+0000][gc,metaspace  ] GC(512) Metaspace: 52523K(55984K)->52523K(55984K) NonClass: 46666K(48560K)->46666K(48560K) Class: 5856K(7424K)->5856K(7424K)
[2025-10-30T23:07:20.988+0000][gc            ] GC(512) Pause Young (Normal) (G1 Evacuation Pause) 307M->259M(512M) 12.830ms
[2025-10-30T23:07:20.988+0000][gc,cpu        ] GC(512) User=0.02s Sys=0.00s Real=0.01s
[2025-10-30T23:10:13.431+0000][gc,start      ] GC(513) Pause Young (Normal) (G1 Evacuation Pause)
[2025-10-30T23:10:13.431+0000][gc,task       ] GC(513) Using 2 workers of 2 for evacuation
[2025-10-30T23:10:13.443+0000][gc,phases     ] GC(513)   Pre Evacuate Collection Set: 0.0ms
[2025-10-30T23:10:13.443+0000][gc,phases     ] GC(513)   Evacuate Collection Set: 11.0ms
[2025-10-30T23:10:13.443+0000][gc,phases     ] GC(513)   Post Evacuate Collection Set: 0.6ms
[2025-10-30T23:10:13.443+0000][gc,phases     ] GC(513)   Other: 0.6ms
[2025-10-30T23:10:13.443+0000][gc,heap       ] GC(513) Eden regions: 54->0(58)
[2025-10-30T23:10:13.444+0000][gc,heap       ] GC(513) Survivor regions: 4->8(8)
[2025-10-30T23:10:13.444+0000][gc,heap       ] GC(513) Old regions: 109->109
[2025-10-30T23:10:13.444+0000][gc,heap       ] GC(513) Humongous regions: 147->147
[2025-10-30T23:10:13.444+0000][gc,metaspace  ] GC(513) Metaspace: 52535K(55984K)->52535K(55984K) NonClass: 46679K(48560K)->46679K(48560K) Class: 5856K(7424K)->5856K(7424K)
[2025-10-30T23:10:13.444+0000][gc            ] GC(513) Pause Young (Normal) (G1 Evacuation Pause) 313M->263M(512M) 13.320ms
[2025-10-30T23:10:13.444+0000][gc,cpu        ] GC(513) User=0.03s Sys=0.00s Real=0.01s
[2025-10-30T23:13:21.168+0000][gc,start      ] GC(514) Pause Young (Normal) (G1 Evacuation Pause)
[2025-10-30T23:13:21.168+0000][gc,task       ] GC(514) Using 2 workers of 2 for evacuation
[2025-10-30T23:13:21.183+0000][gc,phases     ] GC(514)   Pre Evacuate Collection Set: 0.0ms
[2025-10-30T23:13:21.183+0000][gc,phases     ] GC(514)   Evacuate Collection Set: 14.1ms
[2025-10-30T23:13:21.183+0000][gc,phases     ] GC(514)   Post Evacuate Collection Set: 0.7ms
[2025-10-30T23:13:21.183+0000][gc,phases     ] GC(514)   Other: 0.6ms
[2025-10-30T23:13:21.184+0000][gc,heap       ] GC(514) Eden regions: 58->0(59)
[2025-10-30T23:13:21.184+0000][gc,heap       ] GC(514) Survivor regions: 8->8(9)
[2025-10-30T23:13:21.184+0000][gc,heap       ] GC(514) Old regions: 109->112
[2025-10-30T23:13:21.184+0000][gc,heap       ] GC(514) Humongous regions: 147->147
[2025-10-30T23:13:21.184+0000][gc,metaspace  ] GC(514) Metaspace: 52537K(55984K)->52537K(55984K) NonClass: 46681K(48560K)->46681K(48560K) Class: 5856K(7424K)->5856K(7424K)
[2025-10-30T23:13:21.184+0000][gc            ] GC(514) Pause Young (Normal) (G1 Evacuation Pause) 321M->266M(512M) 16.748ms
[2025-10-30T23:13:21.185+0000][gc,cpu        ] GC(514) User=0.03s Sys=0.00s Real=0.02s
[2025-10-30T23:16:35.330+0000][gc,start      ] GC(515) Pause Young (Normal) (G1 Evacuation Pause)
[2025-10-30T23:16:35.330+0000][gc,task       ] GC(515) Using 2 workers of 2 for evacuation
[2025-10-30T23:16:35.347+0000][gc,phases     ] GC(515)   Pre Evacuate Collection Set: 0.0ms
[2025-10-30T23:16:35.348+0000][gc,phases     ] GC(515)   Evacuate Collection Set: 16.0ms
[2025-10-30T23:16:35.348+0000][gc,phases     ] GC(515)   Post Evacuate Collection Set: 0.7ms
[2025-10-30T23:16:35.348+0000][gc,phases     ] GC(515)   Other: 0.6ms
[2025-10-30T23:16:35.348+0000][gc,heap       ] GC(515) Eden regions: 59->0(62)
[2025-10-30T23:16:35.348+0000][gc,heap       ] GC(515) Survivor regions: 8->6(9)
[2025-10-30T23:16:35.348+0000][gc,heap       ] GC(515) Old regions: 112->119
[2025-10-30T23:16:35.349+0000][gc,heap       ] GC(515) Humongous regions: 147->147
[2025-10-30T23:16:35.349+0000][gc,metaspace  ] GC(515) Metaspace: 52537K(55984K)->52537K(55984K) NonClass: 46681K(48560K)->46681K(48560K) Class: 5856K(7424K)->5856K(7424K)
[2025-10-30T23:16:35.349+0000][gc            ] GC(515) Pause Young (Normal) (G1 Evacuation Pause) 325M->270M(512M) 19.311ms
[2025-10-30T23:16:35.350+0000][gc,cpu        ] GC(515) User=0.03s Sys=0.00s Real=0.01s
[2025-10-30T23:19:47.715+0000][gc,start      ] GC(516) Pause Young (Normal) (G1 Evacuation Pause)
[2025-10-30T23:19:47.717+0000][gc,task       ] GC(516) Using 2 workers of 2 for evacuation
[2025-10-30T23:19:47.733+0000][gc,phases     ] GC(516)   Pre Evacuate Collection Set: 0.0ms
[2025-10-30T23:19:47.733+0000][gc,phases     ] GC(516)   Evacuate Collection Set: 15.7ms
[2025-10-30T23:19:47.734+0000][gc,phases     ] GC(516)   Post Evacuate Collection Set: 0.6ms
[2025-10-30T23:19:47.734+0000][gc,phases     ] GC(516)   Other: 1.7ms
[2025-10-30T23:19:47.734+0000][gc,heap       ] GC(516) Eden regions: 62->0(63)
[2025-10-30T23:19:47.734+0000][gc,heap       ] GC(516) Survivor regions: 6->6(9)
[2025-10-30T23:19:47.734+0000][gc,heap       ] GC(516) Old regions: 119->122
[2025-10-30T23:19:47.735+0000][gc,heap       ] GC(516) Humongous regions: 147->147
[2025-10-30T23:19:47.735+0000][gc,metaspace  ] GC(516) Metaspace: 52540K(55984K)->52540K(55984K) NonClass: 46684K(48560K)->46684K(48560K) Class: 5856K(7424K)->5856K(7424K)
[2025-10-30T23:19:47.735+0000][gc            ] GC(516) Pause Young (Normal) (G1 Evacuation Pause) 332M->274M(512M) 19.830ms
[2025-10-30T23:19:47.735+0000][gc,cpu        ] GC(516) User=0.03s Sys=0.00s Real=0.02s
[2025-10-30T23:22:45.043+0000][gc,start      ] GC(517) Pause Young (Normal) (G1 Evacuation Pause)
[2025-10-30T23:22:45.043+0000][gc,task       ] GC(517) Using 2 workers of 2 for evacuation
[2025-10-30T23:22:45.057+0000][gc,phases     ] GC(517)   Pre Evacuate Collection Set: 0.0ms
[2025-10-30T23:22:45.058+0000][gc,phases     ] GC(517)   Evacuate Collection Set: 12.9ms
[2025-10-30T23:22:45.059+0000][gc,phases     ] GC(517)   Post Evacuate Collection Set: 0.8ms
[2025-10-30T23:22:45.059+0000][gc,phases     ] GC(517)   Other: 0.5ms
[2025-10-30T23:22:45.059+0000][gc,heap       ] GC(517) Eden regions: 60->0(69)
[2025-10-30T23:22:45.059+0000][gc,heap       ] GC(517) Survivor regions: 6->5(9)
[2025-10-30T23:22:45.059+0000][gc,heap       ] GC(517) Old regions: 122->127
[2025-10-30T23:22:45.060+0000][gc,heap       ] GC(517) Humongous regions: 147->147
[2025-10-30T23:22:45.060+0000][gc,metaspace  ] GC(517) Metaspace: 52563K(55984K)->52563K(55984K) NonClass: 46706K(48560K)->46706K(48560K) Class: 5856K(7424K)->5856K(7424K)
[2025-10-30T23:22:45.060+0000][gc            ] GC(517) Pause Young (Normal) (G1 Evacuation Pause) 334M->278M(512M) 17.164ms
[2025-10-30T23:22:45.061+0000][gc,cpu        ] GC(517) User=0.03s Sys=0.00s Real=0.02s
[2025-10-30T23:26:31.498+0000][gc,start      ] GC(518) Pause Young (Normal) (G1 Evacuation Pause)
[2025-10-30T23:26:31.498+0000][gc,task       ] GC(518) Using 2 workers of 2 for evacuation
[2025-10-30T23:26:31.512+0000][gc,phases     ] GC(518)   Pre Evacuate Collection Set: 0.0ms
[2025-10-30T23:26:31.512+0000][gc,phases     ] GC(518)   Evacuate Collection Set: 13.0ms
[2025-10-30T23:26:31.512+0000][gc,phases     ] GC(518)   Post Evacuate Collection Set: 0.6ms
[2025-10-30T23:26:31.513+0000][gc,phases     ] GC(518)   Other: 0.7ms
[2025-10-30T23:26:31.513+0000][gc,heap       ] GC(518) Eden regions: 69->0(70)
[2025-10-30T23:26:31.513+0000][gc,heap       ] GC(518) Survivor regions: 5->9(10)
[2025-10-30T23:26:31.513+0000][gc,heap       ] GC(518) Old regions: 127->127
[2025-10-30T23:26:31.513+0000][gc,heap       ] GC(518) Humongous regions: 147->147
[2025-10-30T23:26:31.513+0000][gc,metaspace  ] GC(518) Metaspace: 52563K(55984K)->52563K(55984K) NonClass: 46707K(48560K)->46707K(48560K) Class: 5856K(7424K)->5856K(7424K)
[2025-10-30T23:26:31.513+0000][gc            ] GC(518) Pause Young (Normal) (G1 Evacuation Pause) 347M->282M(512M) 15.583ms
[2025-10-30T23:26:31.514+0000][gc,cpu        ] GC(518) User=0.03s Sys=0.00s Real=0.02s
[2025-10-30T23:30:08.861+0000][gc,start      ] GC(519) Pause Young (Normal) (G1 Evacuation Pause)
[2025-10-30T23:30:08.862+0000][gc,task       ] GC(519) Using 2 workers of 2 for evacuation
[2025-10-30T23:30:08.887+0000][gc,mmu        ] GC(519) MMU target violated: 21.0ms (20.0ms/21.0ms)
[2025-10-30T23:30:08.887+0000][gc,phases     ] GC(519)   Pre Evacuate Collection Set: 0.0ms
[2025-10-30T23:30:08.887+0000][gc,phases     ] GC(519)   Evacuate Collection Set: 23.2ms
[2025-10-30T23:30:08.888+0000][gc,phases     ] GC(519)   Post Evacuate Collection Set: 1.3ms
[2025-10-30T23:30:08.888+0000][gc,phases     ] GC(519)   Other: 1.4ms
[2025-10-30T23:30:08.888+0000][gc,heap       ] GC(519) Eden regions: 70->0(64)
[2025-10-30T23:30:08.888+0000][gc,heap       ] GC(519) Survivor regions: 9->6(10)
[2025-10-30T23:30:08.888+0000][gc,heap       ] GC(519) Old regions: 127->135
[2025-10-30T23:30:08.888+0000][gc,heap       ] GC(519) Humongous regions: 147->147
[2025-10-30T23:30:08.889+0000][gc,metaspace  ] GC(519) Metaspace: 52606K(55984K)->52606K(55984K) NonClass: 46747K(48560K)->46747K(48560K) Class: 5859K(7424K)->5859K(7424K)
[2025-10-30T23:30:08.889+0000][gc            ] GC(519) Pause Young (Normal) (G1 Evacuation Pause) 352M->287M(512M) 27.454ms
[2025-10-30T23:30:08.889+0000][gc,cpu        ] GC(519) User=0.05s Sys=0.00s Real=0.03s
[2025-10-30T23:32:52.714+0000][gc,start      ] GC(520) Pause Young (Normal) (G1 Evacuation Pause)
[2025-10-30T23:32:52.715+0000][gc,task       ] GC(520) Using 2 workers of 2 for evacuation
[2025-10-30T23:32:52.732+0000][gc,phases     ] GC(520)   Pre Evacuate Collection Set: 0.0ms
[2025-10-30T23:32:52.732+0000][gc,phases     ] GC(520)   Evacuate Collection Set: 16.1ms
[2025-10-30T23:32:52.732+0000][gc,phases     ] GC(520)   Post Evacuate Collection Set: 0.6ms
[2025-10-30T23:32:52.732+0000][gc,phases     ] GC(520)   Other: 0.9ms
[2025-10-30T23:32:52.732+0000][gc,heap       ] GC(520) Eden regions: 64->0(65)
[2025-10-30T23:32:52.733+0000][gc,heap       ] GC(520) Survivor regions: 6->6(9)
[2025-10-30T23:32:52.733+0000][gc,heap       ] GC(520) Old regions: 135->139
[2025-10-30T23:32:52.733+0000][gc,heap       ] GC(520) Humongous regions: 147->147
[2025-10-30T23:32:52.733+0000][gc,metaspace  ] GC(520) Metaspace: 52607K(55984K)->52607K(55984K) NonClass: 46748K(48560K)->46748K(48560K) Class: 5859K(7424K)->5859K(7424K)
[2025-10-30T23:32:52.733+0000][gc            ] GC(520) Pause Young (Normal) (G1 Evacuation Pause) 351M->291M(512M) 19.017ms
[2025-10-30T23:32:52.733+0000][gc,cpu        ] GC(520) User=0.03s Sys=0.00s Real=0.02s
[2025-10-30T23:35:12.638+0000][gc,start      ] GC(521) Pause Young (Normal) (G1 Evacuation Pause)
[2025-10-30T23:35:12.638+0000][gc,task       ] GC(521) Using 2 workers of 2 for evacuation
[2025-10-30T23:35:12.651+0000][gc,phases     ] GC(521)   Pre Evacuate Collection Set: 0.0ms
[2025-10-30T23:35:12.651+0000][gc,phases     ] GC(521)   Evacuate Collection Set: 12.6ms
[2025-10-30T23:35:12.652+0000][gc,phases     ] GC(521)   Post Evacuate Collection Set: 0.7ms
[2025-10-30T23:35:12.652+0000][gc,phases     ] GC(521)   Other: 0.5ms
[2025-10-30T23:35:12.652+0000][gc,heap       ] GC(521) Eden regions: 65->0(68)
[2025-10-30T23:35:12.652+0000][gc,heap       ] GC(521) Survivor regions: 6->5(9)
[2025-10-30T23:35:12.652+0000][gc,heap       ] GC(521) Old regions: 139->143
[2025-10-30T23:35:12.652+0000][gc,heap       ] GC(521) Humongous regions: 147->147
[2025-10-30T23:35:12.652+0000][gc,metaspace  ] GC(521) Metaspace: 52607K(55984K)->52607K(55984K) NonClass: 46748K(48560K)->46748K(48560K) Class: 5859K(7424K)->5859K(7424K)
[2025-10-30T23:35:12.653+0000][gc            ] GC(521) Pause Young (Normal) (G1 Evacuation Pause) 356M->294M(512M) 15.082ms
[2025-10-30T23:35:12.653+0000][gc,cpu        ] GC(521) User=0.02s Sys=0.00s Real=0.01s
[2025-10-30T23:37:24.702+0000][gc,start      ] GC(522) Pause Young (Normal) (G1 Evacuation Pause)
[2025-10-30T23:37:24.703+0000][gc,task       ] GC(522) Using 2 workers of 2 for evacuation
[2025-10-30T23:37:24.722+0000][gc,phases     ] GC(522)   Pre Evacuate Collection Set: 0.0ms
[2025-10-30T23:37:24.723+0000][gc,phases     ] GC(522)   Evacuate Collection Set: 18.5ms
[2025-10-30T23:37:24.723+0000][gc,phases     ] GC(522)   Post Evacuate Collection Set: 0.8ms
[2025-10-30T23:37:24.723+0000][gc,phases     ] GC(522)   Other: 0.6ms
[2025-10-30T23:37:24.723+0000][gc,heap       ] GC(522) Eden regions: 68->0(65)
[2025-10-30T23:37:24.723+0000][gc,heap       ] GC(522) Survivor regions: 5->9(10)
[2025-10-30T23:37:24.723+0000][gc,heap       ] GC(522) Old regions: 143->143
[2025-10-30T23:37:24.724+0000][gc,heap       ] GC(522) Humongous regions: 147->147
[2025-10-30T23:37:24.724+0000][gc,metaspace  ] GC(522) Metaspace: 52607K(55984K)->52607K(55984K) NonClass: 46748K(48560K)->46748K(48560K) Class: 5859K(7424K)->5859K(7424K)
[2025-10-30T23:37:24.724+0000][gc            ] GC(522) Pause Young (Normal) (G1 Evacuation Pause) 362M->298M(512M) 21.453ms
[2025-10-30T23:37:24.724+0000][gc,cpu        ] GC(522) User=0.03s Sys=0.00s Real=0.02s
[2025-10-30T23:39:29.029+0000][gc,start      ] GC(523) Pause Young (Normal) (G1 Evacuation Pause)
[2025-10-30T23:39:29.029+0000][gc,task       ] GC(523) Using 2 workers of 2 for evacuation
[2025-10-30T23:39:29.047+0000][gc,phases     ] GC(523)   Pre Evacuate Collection Set: 0.0ms
[2025-10-30T23:39:29.047+0000][gc,phases     ] GC(523)   Evacuate Collection Set: 16.8ms
[2025-10-30T23:39:29.047+0000][gc,phases     ] GC(523)   Post Evacuate Collection Set: 0.7ms
[2025-10-30T23:39:29.048+0000][gc,phases     ] GC(523)   Other: 0.6ms
[2025-10-30T23:39:29.048+0000][gc,heap       ] GC(523) Eden regions: 61->0(62)
[2025-10-30T23:39:29.048+0000][gc,heap       ] GC(523) Survivor regions: 9->9(9)
[2025-10-30T23:39:29.048+0000][gc,heap       ] GC(523) Old regions: 143->148
[2025-10-30T23:39:29.048+0000][gc,heap       ] GC(523) Humongous regions: 147->147
[2025-10-30T23:39:29.048+0000][gc,metaspace  ] GC(523) Metaspace: 52607K(55984K)->52607K(55984K) NonClass: 46748K(48560K)->46748K(48560K) Class: 5859K(7424K)->5859K(7424K)
[2025-10-30T23:39:29.049+0000][gc            ] GC(523) Pause Young (Normal) (G1 Evacuation Pause) 359M->303M(512M) 19.637ms
[2025-10-30T23:39:29.049+0000][gc,cpu        ] GC(523) User=0.04s Sys=0.00s Real=0.02s
[2025-10-30T23:41:35.913+0000][gc,start      ] GC(524) Pause Young (Normal) (G1 Evacuation Pause)
[2025-10-30T23:41:35.913+0000][gc,task       ] GC(524) Using 2 workers of 2 for evacuation
[2025-10-30T23:41:35.932+0000][gc,phases     ] GC(524)   Pre Evacuate Collection Set: 0.0ms
[2025-10-30T23:41:35.932+0000][gc,phases     ] GC(524)   Evacuate Collection Set: 17.5ms
[2025-10-30T23:41:35.932+0000][gc,phases     ] GC(524)   Post Evacuate Collection Set: 0.7ms
[2025-10-30T23:41:35.932+0000][gc,phases     ] GC(524)   Other: 0.9ms
[2025-10-30T23:41:35.932+0000][gc,heap       ] GC(524) Eden regions: 62->0(65)
[2025-10-30T23:41:35.933+0000][gc,heap       ] GC(524) Survivor regions: 9->5(9)
[2025-10-30T23:41:35.933+0000][gc,heap       ] GC(524) Old regions: 148->155
[2025-10-30T23:41:35.933+0000][gc,heap       ] GC(524) Humongous regions: 147->147
[2025-10-30T23:41:35.933+0000][gc,metaspace  ] GC(524) Metaspace: 52609K(55984K)->52609K(55984K) NonClass: 46750K(48560K)->46750K(48560K) Class: 5859K(7424K)->5859K(7424K)
[2025-10-30T23:41:35.933+0000][gc            ] GC(524) Pause Young (Normal) (G1 Evacuation Pause) 365M->307M(512M) 20.677ms
[2025-10-30T23:41:35.934+0000][gc,cpu        ] GC(524) User=0.03s Sys=0.00s Real=0.02s
[2025-10-30T23:43:48.334+0000][gc,start      ] GC(525) Pause Young (Normal) (G1 Evacuation Pause)
[2025-10-30T23:43:48.334+0000][gc,task       ] GC(525) Using 2 workers of 2 for evacuation
[2025-10-30T23:43:48.349+0000][gc,phases     ] GC(525)   Pre Evacuate Collection Set: 0.0ms
[2025-10-30T23:43:48.349+0000][gc,phases     ] GC(525)   Evacuate Collection Set: 14.0ms
[2025-10-30T23:43:48.350+0000][gc,phases     ] GC(525)   Post Evacuate Collection Set: 0.6ms
[2025-10-30T23:43:48.350+0000][gc,phases     ] GC(525)   Other: 1.1ms
[2025-10-30T23:43:48.350+0000][gc,heap       ] GC(525) Eden regions: 65->0(66)
[2025-10-30T23:43:48.350+0000][gc,heap       ] GC(525) Survivor regions: 5->6(9)
[2025-10-30T23:43:48.350+0000][gc,heap       ] GC(525) Old regions: 155->159
[2025-10-30T23:43:48.350+0000][gc,heap       ] GC(525) Humongous regions: 147->147
[2025-10-30T23:43:48.351+0000][gc,metaspace  ] GC(525) Metaspace: 52609K(55984K)->52609K(55984K) NonClass: 46750K(48560K)->46750K(48560K) Class: 5859K(7424K)->5859K(7424K)
[2025-10-30T23:43:48.351+0000][gc            ] GC(525) Pause Young (Normal) (G1 Evacuation Pause) 372M->311M(512M) 17.229ms
[2025-10-30T23:43:48.351+0000][gc,cpu        ] GC(525) User=0.03s Sys=0.00s Real=0.02s
[2025-10-30T23:45:59.593+0000][gc,start      ] GC(526) Pause Young (Normal) (G1 Evacuation Pause)
[2025-10-30T23:45:59.594+0000][gc,task       ] GC(526) Using 2 workers of 2 for evacuation
[2025-10-30T23:45:59.608+0000][gc,phases     ] GC(526)   Pre Evacuate Collection Set: 0.0ms
[2025-10-30T23:45:59.608+0000][gc,phases     ] GC(526)   Evacuate Collection Set: 13.1ms
[2025-10-30T23:45:59.608+0000][gc,phases     ] GC(526)   Post Evacuate Collection Set: 0.6ms
[2025-10-30T23:45:59.608+0000][gc,phases     ] GC(526)   Other: 0.5ms
[2025-10-30T23:45:59.608+0000][gc,heap       ] GC(526) Eden regions: 65->0(68)
[2025-10-30T23:45:59.608+0000][gc,heap       ] GC(526) Survivor regions: 6->5(9)
[2025-10-30T23:45:59.609+0000][gc,heap       ] GC(526) Old regions: 159->163
[2025-10-30T23:45:59.609+0000][gc,heap       ] GC(526) Humongous regions: 147->147
[2025-10-30T23:45:59.609+0000][gc,metaspace  ] GC(526) Metaspace: 52609K(55984K)->52609K(55984K) NonClass: 46750K(48560K)->46750K(48560K) Class: 5859K(7424K)->5859K(7424K)
[2025-10-30T23:45:59.609+0000][gc            ] GC(526) Pause Young (Normal) (G1 Evacuation Pause) 376M->314M(512M) 15.670ms
[2025-10-30T23:45:59.609+0000][gc,cpu        ] GC(526) User=0.03s Sys=0.00s Real=0.01s
[2025-10-30T23:48:16.449+0000][gc,start      ] GC(527) Pause Young (Normal) (G1 Evacuation Pause)
[2025-10-30T23:48:16.449+0000][gc,task       ] GC(527) Using 2 workers of 2 for evacuation
[2025-10-30T23:48:16.467+0000][gc,phases     ] GC(527)   Pre Evacuate Collection Set: 0.0ms
[2025-10-30T23:48:16.467+0000][gc,phases     ] GC(527)   Evacuate Collection Set: 13.3ms
[2025-10-30T23:48:16.467+0000][gc,phases     ] GC(527)   Post Evacuate Collection Set: 0.8ms
[2025-10-30T23:48:16.467+0000][gc,phases     ] GC(527)   Other: 3.8ms
[2025-10-30T23:48:16.468+0000][gc,heap       ] GC(527) Eden regions: 67->0(69)
[2025-10-30T23:48:16.468+0000][gc,heap       ] GC(527) Survivor regions: 5->9(9)
[2025-10-30T23:48:16.468+0000][gc,heap       ] GC(527) Old regions: 163->163
[2025-10-30T23:48:16.468+0000][gc,heap       ] GC(527) Humongous regions: 147->147
[2025-10-30T23:48:16.468+0000][gc,metaspace  ] GC(527) Metaspace: 52609K(55984K)->52609K(55984K) NonClass: 46750K(48560K)->46750K(48560K) Class: 5859K(7424K)->5859K(7424K)
[2025-10-30T23:48:16.468+0000][gc            ] GC(527) Pause Young (Normal) (G1 Evacuation Pause) 381M->318M(512M) 19.591ms
[2025-10-30T23:48:16.469+0000][gc,cpu        ] GC(527) User=0.03s Sys=0.00s Real=0.02s
[2025-10-30T23:50:15.664+0000][gc,start      ] GC(528) Pause Young (Normal) (G1 Evacuation Pause)
[2025-10-30T23:50:15.664+0000][gc,task       ] GC(528) Using 2 workers of 2 for evacuation
[2025-10-30T23:50:15.685+0000][gc,mmu        ] GC(528) MMU target violated: 20.5ms (20.0ms/21.0ms)
[2025-10-30T23:50:15.685+0000][gc,phases     ] GC(528)   Pre Evacuate Collection Set: 0.0ms
[2025-10-30T23:50:15.685+0000][gc,phases     ] GC(528)   Evacuate Collection Set: 19.7ms
[2025-10-30T23:50:15.685+0000][gc,phases     ] GC(528)   Post Evacuate Collection Set: 0.7ms
[2025-10-30T23:50:15.686+0000][gc,phases     ] GC(528)   Other: 1.0ms
[2025-10-30T23:50:15.686+0000][gc,heap       ] GC(528) Eden regions: 65->0(65)
[2025-10-30T23:50:15.686+0000][gc,heap       ] GC(528) Survivor regions: 9->10(10)
[2025-10-30T23:50:15.686+0000][gc,heap       ] GC(528) Old regions: 163->168
[2025-10-30T23:50:15.687+0000][gc,heap       ] GC(528) Humongous regions: 147->147
[2025-10-30T23:50:15.687+0000][gc,metaspace  ] GC(528) Metaspace: 52609K(55984K)->52609K(55984K) NonClass: 46750K(48560K)->46750K(48560K) Class: 5859K(7424K)->5859K(7424K)
[2025-10-30T23:50:15.687+0000][gc            ] GC(528) Pause Young (Normal) (G1 Evacuation Pause) 383M->324M(512M) 23.865ms
[2025-10-30T23:50:15.688+0000][gc,cpu        ] GC(528) User=0.04s Sys=0.00s Real=0.03s
[2025-10-30T23:52:16.417+0000][gc,start      ] GC(529) Pause Young (Normal) (G1 Evacuation Pause)
[2025-10-30T23:52:16.417+0000][gc,task       ] GC(529) Using 2 workers of 2 for evacuation
[2025-10-30T23:52:16.440+0000][gc,mmu        ] GC(529) MMU target violated: 21.0ms (20.0ms/21.0ms)
[2025-10-30T23:52:16.440+0000][gc,phases     ] GC(529)   Pre Evacuate Collection Set: 0.0ms
[2025-10-30T23:52:16.441+0000][gc,phases     ] GC(529)   Evacuate Collection Set: 21.6ms
[2025-10-30T23:52:16.441+0000][gc,phases     ] GC(529)   Post Evacuate Collection Set: 0.9ms
[2025-10-30T23:52:16.441+0000][gc,phases     ] GC(529)   Other: 1.2ms
[2025-10-30T23:52:16.441+0000][gc,heap       ] GC(529) Eden regions: 60->0(65)
[2025-10-30T23:52:16.442+0000][gc,heap       ] GC(529) Survivor regions: 10->4(9)
[2025-10-30T23:52:16.442+0000][gc,heap       ] GC(529) Old regions: 168->176
[2025-10-30T23:52:16.442+0000][gc,heap       ] GC(529) Humongous regions: 147->147
[2025-10-30T23:52:16.442+0000][gc,metaspace  ] GC(529) Metaspace: 52609K(55984K)->52609K(55984K) NonClass: 46750K(48560K)->46750K(48560K) Class: 5859K(7424K)->5859K(7424K)
[2025-10-30T23:52:16.443+0000][gc            ] GC(529) Pause Young (Normal) (G1 Evacuation Pause) 384M->326M(512M) 25.921ms
[2025-10-30T23:52:16.443+0000][gc,cpu        ] GC(529) User=0.05s Sys=0.00s Real=0.03s
[2025-10-30T23:55:04.751+0000][gc,start      ] GC(530) Pause Young (Normal) (G1 Evacuation Pause)
[2025-10-30T23:55:04.751+0000][gc,task       ] GC(530) Using 2 workers of 2 for evacuation
[2025-10-30T23:55:04.763+0000][gc,phases     ] GC(530)   Pre Evacuate Collection Set: 0.0ms
[2025-10-30T23:55:04.764+0000][gc,phases     ] GC(530)   Evacuate Collection Set: 11.2ms
[2025-10-30T23:55:04.764+0000][gc,phases     ] GC(530)   Post Evacuate Collection Set: 0.6ms
[2025-10-30T23:55:04.764+0000][gc,phases     ] GC(530)   Other: 0.6ms
[2025-10-30T23:55:04.764+0000][gc,heap       ] GC(530) Eden regions: 65->0(63)
[2025-10-30T23:55:04.764+0000][gc,heap       ] GC(530) Survivor regions: 4->8(9)
[2025-10-30T23:55:04.765+0000][gc,heap       ] GC(530) Old regions: 176->176
[2025-10-30T23:55:04.765+0000][gc,heap       ] GC(530) Humongous regions: 147->147
[2025-10-30T23:55:04.765+0000][gc,metaspace  ] GC(530) Metaspace: 52609K(55984K)->52609K(55984K) NonClass: 46750K(48560K)->46750K(48560K) Class: 5859K(7424K)->5859K(7424K)
[2025-10-30T23:55:04.765+0000][gc            ] GC(530) Pause Young (Normal) (G1 Evacuation Pause) 391M->330M(512M) 14.064ms
[2025-10-30T23:55:04.765+0000][gc,cpu        ] GC(530) User=0.02s Sys=0.00s Real=0.02s
[2025-10-30T23:57:49.280+0000][gc,start      ] GC(531) Pause Young (Normal) (G1 Evacuation Pause)
[2025-10-30T23:57:49.281+0000][gc,task       ] GC(531) Using 2 workers of 2 for evacuation
[2025-10-30T23:57:49.298+0000][gc,phases     ] GC(531)   Pre Evacuate Collection Set: 0.0ms
[2025-10-30T23:57:49.298+0000][gc,phases     ] GC(531)   Evacuate Collection Set: 14.8ms
[2025-10-30T23:57:49.298+0000][gc,phases     ] GC(531)   Post Evacuate Collection Set: 0.8ms
[2025-10-30T23:57:49.298+0000][gc,phases     ] GC(531)   Other: 1.8ms
[2025-10-30T23:57:49.299+0000][gc,heap       ] GC(531) Eden regions: 63->0(68)
[2025-10-30T23:57:49.299+0000][gc,heap       ] GC(531) Survivor regions: 8->5(9)
[2025-10-30T23:57:49.299+0000][gc,heap       ] GC(531) Old regions: 176->182
[2025-10-30T23:57:49.299+0000][gc,heap       ] GC(531) Humongous regions: 147->147
[2025-10-30T23:57:49.299+0000][gc,metaspace  ] GC(531) Metaspace: 52643K(55984K)->52643K(55984K) NonClass: 46784K(48560K)->46784K(48560K) Class: 5859K(7424K)->5859K(7424K)
[2025-10-30T23:57:49.299+0000][gc            ] GC(531) Pause Young (Normal) (G1 Evacuation Pause) 393M->333M(512M) 18.967ms
[2025-10-30T23:57:49.299+0000][gc,cpu        ] GC(531) User=0.03s Sys=0.00s Real=0.02s
[2025-10-31T00:00:44.365+0000][gc,start      ] GC(532) Pause Young (Normal) (G1 Evacuation Pause)
[2025-10-31T00:00:44.365+0000][gc,task       ] GC(532) Using 2 workers of 2 for evacuation
[2025-10-31T00:00:44.381+0000][gc,phases     ] GC(532)   Pre Evacuate Collection Set: 0.0ms
[2025-10-31T00:00:44.381+0000][gc,phases     ] GC(532)   Evacuate Collection Set: 14.7ms
[2025-10-31T00:00:44.381+0000][gc,phases     ] GC(532)   Post Evacuate Collection Set: 0.6ms
[2025-10-31T00:00:44.382+0000][gc,phases     ] GC(532)   Other: 0.9ms
[2025-10-31T00:00:44.382+0000][gc,heap       ] GC(532) Eden regions: 65->0(67)
[2025-10-31T00:00:44.382+0000][gc,heap       ] GC(532) Survivor regions: 5->6(9)
[2025-10-31T00:00:44.382+0000][gc,heap       ] GC(532) Old regions: 182->185
[2025-10-31T00:00:44.382+0000][gc,heap       ] GC(532) Humongous regions: 147->147
[2025-10-31T00:00:44.382+0000][gc,metaspace  ] GC(532) Metaspace: 52749K(55984K)->52749K(55984K) NonClass: 46890K(48560K)->46890K(48560K) Class: 5859K(7424K)->5859K(7424K)
[2025-10-31T00:00:44.383+0000][gc            ] GC(532) Pause Young (Normal) (G1 Evacuation Pause) 398M->338M(512M) 17.782ms
[2025-10-31T00:00:44.383+0000][gc,cpu        ] GC(532) User=0.03s Sys=0.00s Real=0.01s
[2025-10-31T00:03:59.616+0000][gc,start      ] GC(533) Pause Young (Normal) (G1 Evacuation Pause)
[2025-10-31T00:03:59.616+0000][gc,task       ] GC(533) Using 2 workers of 2 for evacuation
[2025-10-31T00:03:59.632+0000][gc,phases     ] GC(533)   Pre Evacuate Collection Set: 0.0ms
[2025-10-31T00:03:59.632+0000][gc,phases     ] GC(533)   Evacuate Collection Set: 14.1ms
[2025-10-31T00:03:59.632+0000][gc,phases     ] GC(533)   Post Evacuate Collection Set: 0.7ms
[2025-10-31T00:03:59.632+0000][gc,phases     ] GC(533)   Other: 0.6ms
[2025-10-31T00:03:59.632+0000][gc,heap       ] GC(533) Eden regions: 67->0(69)
[2025-10-31T00:03:59.632+0000][gc,heap       ] GC(533) Survivor regions: 6->5(10)
[2025-10-31T00:03:59.632+0000][gc,heap       ] GC(533) Old regions: 185->190
[2025-10-31T00:03:59.633+0000][gc,heap       ] GC(533) Humongous regions: 147->147
[2025-10-31T00:03:59.633+0000][gc,metaspace  ] GC(533) Metaspace: 52766K(55984K)->52766K(55984K) NonClass: 46907K(48560K)->46907K(48560K) Class: 5859K(7424K)->5859K(7424K)
[2025-10-31T00:03:59.633+0000][gc            ] GC(533) Pause Young (Normal) (G1 Evacuation Pause) 405M->341M(512M) 16.632ms
[2025-10-31T00:03:59.633+0000][gc,cpu        ] GC(533) User=0.03s Sys=0.00s Real=0.02s
[2025-10-31T00:06:29.659+0000][gc,start      ] GC(534) Pause Young (Normal) (G1 Evacuation Pause)
[2025-10-31T00:06:29.659+0000][gc,task       ] GC(534) Using 2 workers of 2 for evacuation
[2025-10-31T00:06:29.675+0000][gc,phases     ] GC(534)   Pre Evacuate Collection Set: 0.0ms
[2025-10-31T00:06:29.675+0000][gc,phases     ] GC(534)   Evacuate Collection Set: 14.4ms
[2025-10-31T00:06:29.675+0000][gc,phases     ] GC(534)   Post Evacuate Collection Set: 0.7ms
[2025-10-31T00:06:29.675+0000][gc,phases     ] GC(534)   Other: 1.0ms
[2025-10-31T00:06:29.676+0000][gc,heap       ] GC(534) Eden regions: 67->0(70)
[2025-10-31T00:06:29.676+0000][gc,heap       ] GC(534) Survivor regions: 5->5(9)
[2025-10-31T00:06:29.676+0000][gc,heap       ] GC(534) Old regions: 190->194
[2025-10-31T00:06:29.676+0000][gc,heap       ] GC(534) Humongous regions: 147->147
[2025-10-31T00:06:29.676+0000][gc,metaspace  ] GC(534) Metaspace: 52843K(56240K)->52843K(56240K) NonClass: 46984K(48816K)->46984K(48816K) Class: 5859K(7424K)->5859K(7424K)
[2025-10-31T00:06:29.676+0000][gc            ] GC(534) Pause Young (Normal) (G1 Evacuation Pause) 408M->345M(512M) 17.630ms
[2025-10-31T00:06:29.677+0000][gc,cpu        ] GC(534) User=0.03s Sys=0.00s Real=0.01s
[2025-10-31T00:10:03.641+0000][gc,start      ] GC(535) Pause Young (Normal) (G1 Evacuation Pause)
[2025-10-31T00:10:03.641+0000][gc,task       ] GC(535) Using 2 workers of 2 for evacuation
[2025-10-31T00:10:03.656+0000][gc,phases     ] GC(535)   Pre Evacuate Collection Set: 0.0ms
[2025-10-31T00:10:03.656+0000][gc,phases     ] GC(535)   Evacuate Collection Set: 13.8ms
[2025-10-31T00:10:03.656+0000][gc,phases     ] GC(535)   Post Evacuate Collection Set: 0.8ms
[2025-10-31T00:10:03.656+0000][gc,phases     ] GC(535)   Other: 0.5ms
[2025-10-31T00:10:03.657+0000][gc,heap       ] GC(535) Eden regions: 68->0(70)
[2025-10-31T00:10:03.657+0000][gc,heap       ] GC(535) Survivor regions: 5->9(10)
[2025-10-31T00:10:03.657+0000][gc,heap       ] GC(535) Old regions: 194->194
[2025-10-31T00:10:03.657+0000][gc,heap       ] GC(535) Humongous regions: 147->147
[2025-10-31T00:10:03.657+0000][gc,metaspace  ] GC(535) Metaspace: 52843K(56240K)->52843K(56240K) NonClass: 46984K(48816K)->46984K(48816K) Class: 5859K(7424K)->5859K(7424K)
[2025-10-31T00:10:03.658+0000][gc            ] GC(535) Pause Young (Normal) (G1 Evacuation Pause) 413M->349M(512M) 16.688ms
[2025-10-31T00:10:03.658+0000][gc,cpu        ] GC(535) User=0.03s Sys=0.00s Real=0.02s
[2025-10-31T00:13:27.538+0000][gc,start      ] GC(536) Pause Young (Normal) (G1 Evacuation Pause)
[2025-10-31T00:13:27.538+0000][gc,task       ] GC(536) Using 2 workers of 2 for evacuation
[2025-10-31T00:13:27.556+0000][gc,phases     ] GC(536)   Pre Evacuate Collection Set: 0.0ms
[2025-10-31T00:13:27.557+0000][gc,phases     ] GC(536)   Evacuate Collection Set: 17.5ms
[2025-10-31T00:13:27.557+0000][gc,phases     ] GC(536)   Post Evacuate Collection Set: 0.7ms
[2025-10-31T00:13:27.557+0000][gc,phases     ] GC(536)   Other: 0.5ms
[2025-10-31T00:13:27.557+0000][gc,heap       ] GC(536) Eden regions: 70->0(69)
[2025-10-31T00:13:27.557+0000][gc,heap       ] GC(536) Survivor regions: 9->10(10)
[2025-10-31T00:13:27.557+0000][gc,heap       ] GC(536) Old regions: 194->198
[2025-10-31T00:13:27.558+0000][gc,heap       ] GC(536) Humongous regions: 147->147
[2025-10-31T00:13:27.558+0000][gc,metaspace  ] GC(536) Metaspace: 52856K(56240K)->52856K(56240K) NonClass: 46997K(48816K)->46997K(48816K) Class: 5859K(7424K)->5859K(7424K)
[2025-10-31T00:13:27.558+0000][gc            ] GC(536) Pause Young (Normal) (G1 Evacuation Pause) 419M->354M(512M) 19.928ms
[2025-10-31T00:13:27.558+0000][gc,cpu        ] GC(536) User=0.04s Sys=0.00s Real=0.02s
[2025-10-31T00:17:39.430+0000][gc,start      ] GC(537) Pause Young (Normal) (G1 Evacuation Pause)
[2025-10-31T00:17:39.430+0000][gc,task       ] GC(537) Using 2 workers of 2 for evacuation
[2025-10-31T00:17:39.451+0000][gc,mmu        ] GC(537) MMU target violated: 20.8ms (20.0ms/21.0ms)
[2025-10-31T00:17:39.451+0000][gc,phases     ] GC(537)   Pre Evacuate Collection Set: 0.0ms
[2025-10-31T00:17:39.451+0000][gc,phases     ] GC(537)   Evacuate Collection Set: 20.0ms
[2025-10-31T00:17:39.452+0000][gc,phases     ] GC(537)   Post Evacuate Collection Set: 0.7ms
[2025-10-31T00:17:39.452+0000][gc,phases     ] GC(537)   Other: 0.9ms
[2025-10-31T00:17:39.452+0000][gc,heap       ] GC(537) Eden regions: 69->0(71)
[2025-10-31T00:17:39.452+0000][gc,heap       ] GC(537) Survivor regions: 10->5(10)
[2025-10-31T00:17:39.452+0000][gc,heap       ] GC(537) Old regions: 198->206
[2025-10-31T00:17:39.452+0000][gc,heap       ] GC(537) Humongous regions: 147->147
[2025-10-31T00:17:39.453+0000][gc,metaspace  ] GC(537) Metaspace: 52856K(56240K)->52856K(56240K) NonClass: 46997K(48816K)->46997K(48816K) Class: 5859K(7424K)->5859K(7424K)
[2025-10-31T00:17:39.453+0000][gc            ] GC(537) Pause Young (Normal) (G1 Evacuation Pause) 423M->357M(512M) 23.048ms
[2025-10-31T00:17:39.453+0000][gc,cpu        ] GC(537) User=0.04s Sys=0.00s Real=0.03s
[2025-10-31T00:21:51.385+0000][gc,start      ] GC(538) Pause Young (Normal) (G1 Evacuation Pause)
[2025-10-31T00:21:51.386+0000][gc,task       ] GC(538) Using 2 workers of 2 for evacuation
[2025-10-31T00:21:51.414+0000][gc,mmu        ] GC(538) MMU target violated: 21.0ms (20.0ms/21.0ms)
[2025-10-31T00:21:51.417+0000][gc,phases     ] GC(538)   Pre Evacuate Collection Set: 0.0ms
[2025-10-31T00:21:51.418+0000][gc,phases     ] GC(538)   Evacuate Collection Set: 23.0ms
[2025-10-31T00:21:51.418+0000][gc,phases     ] GC(538)   Post Evacuate Collection Set: 1.0ms
[2025-10-31T00:21:51.418+0000][gc,phases     ] GC(538)   Other: 7.7ms
[2025-10-31T00:21:51.418+0000][gc,heap       ] GC(538) Eden regions: 71->0(50)
[2025-10-31T00:21:51.418+0000][gc,heap       ] GC(538) Survivor regions: 5->10(10)
[2025-10-31T00:21:51.419+0000][gc,heap       ] GC(538) Old regions: 206->207
[2025-10-31T00:21:51.419+0000][gc,heap       ] GC(538) Humongous regions: 147->147
[2025-10-31T00:21:51.420+0000][gc,metaspace  ] GC(538) Metaspace: 52859K(56240K)->52859K(56240K) NonClass: 47000K(48816K)->47000K(48816K) Class: 5859K(7424K)->5859K(7424K)
[2025-10-31T00:21:51.420+0000][gc            ] GC(538) Pause Young (Normal) (G1 Evacuation Pause) 428M->363M(512M) 34.247ms
[2025-10-31T00:21:51.420+0000][gc,cpu        ] GC(538) User=0.04s Sys=0.00s Real=0.03s
[2025-10-31T00:22:44.943+0000][gc,start      ] GC(539) Pause Young (Normal) (G1 Evacuation Pause)
[2025-10-31T00:22:44.943+0000][gc,task       ] GC(539) Using 2 workers of 2 for evacuation
[2025-10-31T00:22:45.025+0000][gc,mmu        ] GC(539) MMU target violated: 21.0ms (20.0ms/21.0ms)
[2025-10-31T00:22:45.026+0000][gc,phases     ] GC(539)   Pre Evacuate Collection Set: 0.0ms
[2025-10-31T00:22:45.026+0000][gc,phases     ] GC(539)   Evacuate Collection Set: 79.5ms
[2025-10-31T00:22:45.026+0000][gc,phases     ] GC(539)   Post Evacuate Collection Set: 1.5ms
[2025-10-31T00:22:45.027+0000][gc,phases     ] GC(539)   Other: 1.8ms
[2025-10-31T00:22:45.027+0000][gc,heap       ] GC(539) Eden regions: 19->0(21)
[2025-10-31T00:22:45.027+0000][gc,heap       ] GC(539) Survivor regions: 10->4(4)
[2025-10-31T00:22:45.027+0000][gc,heap       ] GC(539) Old regions: 207->217
[2025-10-31T00:22:45.028+0000][gc,heap       ] GC(539) Humongous regions: 147->147
[2025-10-31T00:22:45.028+0000][gc,metaspace  ] GC(539) Metaspace: 52859K(56240K)->52859K(56240K) NonClass: 47000K(48816K)->47000K(48816K) Class: 5859K(7424K)->5859K(7424K)
[2025-10-31T00:22:45.028+0000][gc            ] GC(539) Pause Young (Normal) (G1 Evacuation Pause) 382M->366M(512M) 84.932ms
[2025-10-31T00:22:45.028+0000][gc,cpu        ] GC(539) User=0.14s Sys=0.02s Real=0.09s
[2025-10-31T00:23:29.335+0000][gc,start      ] GC(540) Pause Young (Normal) (G1 Evacuation Pause)
[2025-10-31T00:23:29.335+0000][gc,task       ] GC(540) Using 2 workers of 2 for evacuation
[2025-10-31T00:23:29.344+0000][gc,phases     ] GC(540)   Pre Evacuate Collection Set: 0.0ms
[2025-10-31T00:23:29.344+0000][gc,phases     ] GC(540)   Evacuate Collection Set: 8.4ms
[2025-10-31T00:23:29.344+0000][gc,phases     ] GC(540)   Post Evacuate Collection Set: 0.4ms
[2025-10-31T00:23:29.344+0000][gc,phases     ] GC(540)   Other: 0.5ms
[2025-10-31T00:23:29.345+0000][gc,heap       ] GC(540) Eden regions: 21->0(23)
[2025-10-31T00:23:29.345+0000][gc,heap       ] GC(540) Survivor regions: 4->2(4)
[2025-10-31T00:23:29.345+0000][gc,heap       ] GC(540) Old regions: 217->220
[2025-10-31T00:23:29.345+0000][gc,heap       ] GC(540) Humongous regions: 147->147
[2025-10-31T00:23:29.345+0000][gc,metaspace  ] GC(540) Metaspace: 52862K(56240K)->52862K(56240K) NonClass: 47003K(48816K)->47003K(48816K) Class: 5859K(7424K)->5859K(7424K)
[2025-10-31T00:23:29.345+0000][gc            ] GC(540) Pause Young (Normal) (G1 Evacuation Pause) 387M->368M(512M) 10.677ms
[2025-10-31T00:23:29.346+0000][gc,cpu        ] GC(540) User=0.02s Sys=0.00s Real=0.01s
[2025-10-31T00:24:20.248+0000][gc,start      ] GC(541) Pause Young (Normal) (G1 Evacuation Pause)
[2025-10-31T00:24:20.249+0000][gc,task       ] GC(541) Using 2 workers of 2 for evacuation
[2025-10-31T00:24:20.266+0000][gc,phases     ] GC(541)   Pre Evacuate Collection Set: 0.0ms
[2025-10-31T00:24:20.266+0000][gc,phases     ] GC(541)   Evacuate Collection Set: 14.7ms
[2025-10-31T00:24:20.267+0000][gc,phases     ] GC(541)   Post Evacuate Collection Set: 1.4ms
[2025-10-31T00:24:20.267+0000][gc,phases     ] GC(541)   Other: 1.6ms
[2025-10-31T00:24:20.267+0000][gc,heap       ] GC(541) Eden regions: 23->0(21)
[2025-10-31T00:24:20.268+0000][gc,heap       ] GC(541) Survivor regions: 2->4(4)
[2025-10-31T00:24:20.268+0000][gc,heap       ] GC(541) Old regions: 220->220
[2025-10-31T00:24:20.268+0000][gc,heap       ] GC(541) Humongous regions: 147->147
[2025-10-31T00:24:20.269+0000][gc,metaspace  ] GC(541) Metaspace: 52863K(56240K)->52863K(56240K) NonClass: 47004K(48816K)->47004K(48816K) Class: 5859K(7424K)->5859K(7424K)
[2025-10-31T00:24:20.269+0000][gc            ] GC(541) Pause Young (Normal) (G1 Evacuation Pause) 391M->370M(512M) 21.361ms
[2025-10-31T00:24:20.270+0000][gc,cpu        ] GC(541) User=0.03s Sys=0.00s Real=0.02s
[2025-10-31T00:24:58.295+0000][gc,start      ] GC(542) Pause Young (Normal) (G1 Evacuation Pause)
[2025-10-31T00:24:58.295+0000][gc,task       ] GC(542) Using 2 workers of 2 for evacuation
[2025-10-31T00:24:58.305+0000][gc,phases     ] GC(542)   Pre Evacuate Collection Set: 0.0ms
[2025-10-31T00:24:58.305+0000][gc,phases     ] GC(542)   Evacuate Collection Set: 8.8ms
[2025-10-31T00:24:58.305+0000][gc,phases     ] GC(542)   Post Evacuate Collection Set: 0.5ms
[2025-10-31T00:24:58.306+0000][gc,phases     ] GC(542)   Other: 0.5ms
[2025-10-31T00:24:58.306+0000][gc,heap       ] GC(542) Eden regions: 21->0(22)
[2025-10-31T00:24:58.306+0000][gc,heap       ] GC(542) Survivor regions: 4->3(4)
[2025-10-31T00:24:58.306+0000][gc,heap       ] GC(542) Old regions: 220->222
[2025-10-31T00:24:58.306+0000][gc,heap       ] GC(542) Humongous regions: 147->147
[2025-10-31T00:24:58.306+0000][gc,metaspace  ] GC(542) Metaspace: 52863K(56240K)->52863K(56240K) NonClass: 47004K(48816K)->47004K(48816K) Class: 5859K(7424K)->5859K(7424K)
[2025-10-31T00:24:58.306+0000][gc            ] GC(542) Pause Young (Normal) (G1 Evacuation Pause) 391M->371M(512M) 11.134ms
[2025-10-31T00:24:58.306+0000][gc,cpu        ] GC(542) User=0.02s Sys=0.00s Real=0.01s
[2025-10-31T00:25:50.874+0000][gc,start      ] GC(543) Pause Young (Normal) (G1 Evacuation Pause)
[2025-10-31T00:25:50.874+0000][gc,task       ] GC(543) Using 2 workers of 2 for evacuation
[2025-10-31T00:25:50.883+0000][gc,phases     ] GC(543)   Pre Evacuate Collection Set: 0.0ms
[2025-10-31T00:25:50.884+0000][gc,phases     ] GC(543)   Evacuate Collection Set: 8.1ms
[2025-10-31T00:25:50.884+0000][gc,phases     ] GC(543)   Post Evacuate Collection Set: 0.7ms
[2025-10-31T00:25:50.884+0000][gc,phases     ] GC(543)   Other: 0.6ms
[2025-10-31T00:25:50.884+0000][gc,heap       ] GC(543) Eden regions: 22->0(25)
[2025-10-31T00:25:50.884+0000][gc,heap       ] GC(543) Survivor regions: 3->3(4)
[2025-10-31T00:25:50.885+0000][gc,heap       ] GC(543) Old regions: 222->224
[2025-10-31T00:25:50.885+0000][gc,heap       ] GC(543) Humongous regions: 147->147
[2025-10-31T00:25:50.885+0000][gc,metaspace  ] GC(543) Metaspace: 52863K(56240K)->52863K(56240K) NonClass: 47004K(48816K)->47004K(48816K) Class: 5859K(7424K)->5859K(7424K)
[2025-10-31T00:25:50.885+0000][gc            ] GC(543) Pause Young (Normal) (G1 Evacuation Pause) 393M->373M(512M) 10.973ms
[2025-10-31T00:25:50.885+0000][gc,cpu        ] GC(543) User=0.02s Sys=0.00s Real=0.01s
[2025-10-31T00:26:54.257+0000][gc,start      ] GC(544) Pause Young (Normal) (G1 Evacuation Pause)
[2025-10-31T00:26:54.257+0000][gc,task       ] GC(544) Using 2 workers of 2 for evacuation
[2025-10-31T00:26:54.269+0000][gc,phases     ] GC(544)   Pre Evacuate Collection Set: 0.0ms
[2025-10-31T00:26:54.269+0000][gc,phases     ] GC(544)   Evacuate Collection Set: 10.5ms
[2025-10-31T00:26:54.270+0000][gc,phases     ] GC(544)   Post Evacuate Collection Set: 1.1ms
[2025-10-31T00:26:54.270+0000][gc,phases     ] GC(544)   Other: 0.6ms
[2025-10-31T00:26:54.270+0000][gc,heap       ] GC(544) Eden regions: 25->0(27)
[2025-10-31T00:26:54.270+0000][gc,heap       ] GC(544) Survivor regions: 3->4(4)
[2025-10-31T00:26:54.270+0000][gc,heap       ] GC(544) Old regions: 224->226
[2025-10-31T00:26:54.270+0000][gc,heap       ] GC(544) Humongous regions: 147->147
[2025-10-31T00:26:54.271+0000][gc,metaspace  ] GC(544) Metaspace: 52863K(56240K)->52863K(56240K) NonClass: 47004K(48816K)->47004K(48816K) Class: 5859K(7424K)->5859K(7424K)
[2025-10-31T00:26:54.271+0000][gc            ] GC(544) Pause Young (Normal) (G1 Evacuation Pause) 398M->375M(512M) 13.862ms
[2025-10-31T00:26:54.271+0000][gc,cpu        ] GC(544) User=0.02s Sys=0.00s Real=0.01s
[2025-10-31T00:27:54.620+0000][gc,start      ] GC(545) Pause Young (Normal) (G1 Evacuation Pause)
[2025-10-31T00:27:54.620+0000][gc,task       ] GC(545) Using 2 workers of 2 for evacuation
[2025-10-31T00:27:54.631+0000][gc,phases     ] GC(545)   Pre Evacuate Collection Set: 0.0ms
[2025-10-31T00:27:54.631+0000][gc,phases     ] GC(545)   Evacuate Collection Set: 9.1ms
[2025-10-31T00:27:54.631+0000][gc,phases     ] GC(545)   Post Evacuate Collection Set: 0.7ms
[2025-10-31T00:27:54.632+0000][gc,phases     ] GC(545)   Other: 1.3ms
[2025-10-31T00:27:54.632+0000][gc,heap       ] GC(545) Eden regions: 24->0(30)
[2025-10-31T00:27:54.632+0000][gc,heap       ] GC(545) Survivor regions: 4->4(4)
[2025-10-31T00:27:54.632+0000][gc,heap       ] GC(545) Old regions: 226->228
[2025-10-31T00:27:54.632+0000][gc,heap       ] GC(545) Humongous regions: 147->147
[2025-10-31T00:27:54.633+0000][gc,metaspace  ] GC(545) Metaspace: 52863K(56240K)->52863K(56240K) NonClass: 47004K(48816K)->47004K(48816K) Class: 5859K(7424K)->5859K(7424K)
[2025-10-31T00:27:54.633+0000][gc            ] GC(545) Pause Young (Normal) (G1 Evacuation Pause) 399M->377M(512M) 13.014ms
[2025-10-31T00:27:54.633+0000][gc,cpu        ] GC(545) User=0.02s Sys=0.00s Real=0.02s
[2025-10-31T00:29:03.355+0000][gc,start      ] GC(546) Pause Young (Normal) (G1 Evacuation Pause)
[2025-10-31T00:29:03.355+0000][gc,task       ] GC(546) Using 2 workers of 2 for evacuation
[2025-10-31T00:29:03.367+0000][gc,phases     ] GC(546)   Pre Evacuate Collection Set: 0.0ms
[2025-10-31T00:29:03.367+0000][gc,phases     ] GC(546)   Evacuate Collection Set: 10.4ms
[2025-10-31T00:29:03.368+0000][gc,phases     ] GC(546)   Post Evacuate Collection Set: 0.8ms
[2025-10-31T00:29:03.368+0000][gc,phases     ] GC(546)   Other: 0.8ms
[2025-10-31T00:29:03.368+0000][gc,heap       ] GC(546) Eden regions: 27->0(34)
[2025-10-31T00:29:03.368+0000][gc,heap       ] GC(546) Survivor regions: 4->3(4)
[2025-10-31T00:29:03.369+0000][gc,heap       ] GC(546) Old regions: 228->229
[2025-10-31T00:29:03.369+0000][gc,heap       ] GC(546) Humongous regions: 147->147
[2025-10-31T00:29:03.369+0000][gc,metaspace  ] GC(546) Metaspace: 52863K(56240K)->52863K(56240K) NonClass: 47004K(48816K)->47004K(48816K) Class: 5859K(7424K)->5859K(7424K)
[2025-10-31T00:29:03.369+0000][gc            ] GC(546) Pause Young (Normal) (G1 Evacuation Pause) 404M->378M(512M) 14.038ms
[2025-10-31T00:29:03.369+0000][gc,cpu        ] GC(546) User=0.02s Sys=0.00s Real=0.01s
[2025-10-31T00:30:19.700+0000][gc,start      ] GC(547) Pause Young (Normal) (G1 Evacuation Pause)
[2025-10-31T00:30:19.700+0000][gc,task       ] GC(547) Using 2 workers of 2 for evacuation
[2025-10-31T00:30:19.710+0000][gc,phases     ] GC(547)   Pre Evacuate Collection Set: 0.0ms
[2025-10-31T00:30:19.710+0000][gc,phases     ] GC(547)   Evacuate Collection Set: 8.8ms
[2025-10-31T00:30:19.710+0000][gc,phases     ] GC(547)   Post Evacuate Collection Set: 0.6ms
[2025-10-31T00:30:19.710+0000][gc,phases     ] GC(547)   Other: 0.6ms
[2025-10-31T00:30:19.710+0000][gc,heap       ] GC(547) Eden regions: 30->0(38)
[2025-10-31T00:30:19.710+0000][gc,heap       ] GC(547) Survivor regions: 3->5(5)
[2025-10-31T00:30:19.711+0000][gc,heap       ] GC(547) Old regions: 229->229
[2025-10-31T00:30:19.711+0000][gc,heap       ] GC(547) Humongous regions: 147->147
[2025-10-31T00:30:19.711+0000][gc,metaspace  ] GC(547) Metaspace: 52864K(56240K)->52864K(56240K) NonClass: 47005K(48816K)->47005K(48816K) Class: 5859K(7424K)->5859K(7424K)
[2025-10-31T00:30:19.711+0000][gc            ] GC(547) Pause Young (Normal) (G1 Evacuation Pause) 408M->381M(512M) 11.461ms
[2025-10-31T00:30:19.711+0000][gc,cpu        ] GC(547) User=0.02s Sys=0.00s Real=0.01s
[2025-10-31T00:31:56.490+0000][gc,start      ] GC(548) Pause Young (Normal) (G1 Evacuation Pause)
[2025-10-31T00:31:56.491+0000][gc,task       ] GC(548) Using 2 workers of 2 for evacuation
[2025-10-31T00:31:56.504+0000][gc,phases     ] GC(548)   Pre Evacuate Collection Set: 0.0ms
[2025-10-31T00:31:56.504+0000][gc,phases     ] GC(548)   Evacuate Collection Set: 12.5ms
[2025-10-31T00:31:56.505+0000][gc,phases     ] GC(548)   Post Evacuate Collection Set: 0.6ms
[2025-10-31T00:31:56.505+0000][gc,phases     ] GC(548)   Other: 0.8ms
[2025-10-31T00:31:56.505+0000][gc,heap       ] GC(548) Eden regions: 38->0(40)
[2025-10-31T00:31:56.505+0000][gc,heap       ] GC(548) Survivor regions: 5->6(6)
[2025-10-31T00:31:56.505+0000][gc,heap       ] GC(548) Old regions: 229->231
[2025-10-31T00:31:56.506+0000][gc,heap       ] GC(548) Humongous regions: 147->147
[2025-10-31T00:31:56.506+0000][gc,metaspace  ] GC(548) Metaspace: 52864K(56240K)->52864K(56240K) NonClass: 47005K(48816K)->47005K(48816K) Class: 5859K(7424K)->5859K(7424K)
[2025-10-31T00:31:56.506+0000][gc            ] GC(548) Pause Young (Normal) (G1 Evacuation Pause) 419M->383M(512M) 15.527ms
[2025-10-31T00:31:56.506+0000][gc,cpu        ] GC(548) User=0.03s Sys=0.00s Real=0.02s
[2025-10-31T00:33:39.390+0000][gc,start      ] GC(549) Pause Young (Normal) (G1 Evacuation Pause)
[2025-10-31T00:33:39.391+0000][gc,task       ] GC(549) Using 2 workers of 2 for evacuation
[2025-10-31T00:33:39.411+0000][gc,phases     ] GC(549)   Pre Evacuate Collection Set: 0.1ms
[2025-10-31T00:33:39.411+0000][gc,phases     ] GC(549)   Evacuate Collection Set: 16.4ms
[2025-10-31T00:33:39.412+0000][gc,phases     ] GC(549)   Post Evacuate Collection Set: 1.3ms
[2025-10-31T00:33:39.412+0000][gc,phases     ] GC(549)   Other: 3.2ms
[2025-10-31T00:33:39.412+0000][gc,heap       ] GC(549) Eden regions: 40->0(39)
[2025-10-31T00:33:39.412+0000][gc,heap       ] GC(549) Survivor regions: 6->6(6)
[2025-10-31T00:33:39.413+0000][gc,heap       ] GC(549) Old regions: 231->234
[2025-10-31T00:33:39.413+0000][gc,heap       ] GC(549) Humongous regions: 147->147
[2025-10-31T00:33:39.413+0000][gc,metaspace  ] GC(549) Metaspace: 52865K(56240K)->52865K(56240K) NonClass: 47006K(48816K)->47006K(48816K) Class: 5859K(7424K)->5859K(7424K)
[2025-10-31T00:33:39.413+0000][gc            ] GC(549) Pause Young (Normal) (G1 Evacuation Pause) 423M->386M(512M) 23.331ms
[2025-10-31T00:33:39.414+0000][gc,cpu        ] GC(549) User=0.04s Sys=0.00s Real=0.02s
[2025-10-31T00:35:19.432+0000][gc,start      ] GC(550) Pause Young (Normal) (G1 Evacuation Pause)
[2025-10-31T00:35:19.433+0000][gc,task       ] GC(550) Using 2 workers of 2 for evacuation
[2025-10-31T00:35:19.449+0000][gc,phases     ] GC(550)   Pre Evacuate Collection Set: 0.0ms
[2025-10-31T00:35:19.449+0000][gc,phases     ] GC(550)   Evacuate Collection Set: 15.2ms
[2025-10-31T00:35:19.449+0000][gc,phases     ] GC(550)   Post Evacuate Collection Set: 0.6ms
[2025-10-31T00:35:19.450+0000][gc,phases     ] GC(550)   Other: 1.0ms
[2025-10-31T00:35:19.450+0000][gc,heap       ] GC(550) Eden regions: 39->0(40)
[2025-10-31T00:35:19.450+0000][gc,heap       ] GC(550) Survivor regions: 6->5(6)
[2025-10-31T00:35:19.450+0000][gc,heap       ] GC(550) Old regions: 234->239
[2025-10-31T00:35:19.450+0000][gc,heap       ] GC(550) Humongous regions: 147->147
[2025-10-31T00:35:19.450+0000][gc,metaspace  ] GC(550) Metaspace: 52865K(56240K)->52865K(56240K) NonClass: 47006K(48816K)->47006K(48816K) Class: 5859K(7424K)->5859K(7424K)
[2025-10-31T00:35:19.451+0000][gc            ] GC(550) Pause Young (Normal) (G1 Evacuation Pause) 425M->390M(512M) 18.419ms
[2025-10-31T00:35:19.451+0000][gc,cpu        ] GC(550) User=0.03s Sys=0.00s Real=0.02s
[2025-10-31T00:37:01.866+0000][gc,start      ] GC(551) Pause Young (Normal) (G1 Evacuation Pause)
[2025-10-31T00:37:01.866+0000][gc,task       ] GC(551) Using 2 workers of 2 for evacuation
[2025-10-31T00:37:01.881+0000][gc,phases     ] GC(551)   Pre Evacuate Collection Set: 0.0ms
[2025-10-31T00:37:01.882+0000][gc,phases     ] GC(551)   Evacuate Collection Set: 14.0ms
[2025-10-31T00:37:01.882+0000][gc,phases     ] GC(551)   Post Evacuate Collection Set: 0.8ms
[2025-10-31T00:37:01.882+0000][gc,phases     ] GC(551)   Other: 0.8ms
[2025-10-31T00:37:01.882+0000][gc,heap       ] GC(551) Eden regions: 40->0(42)
[2025-10-31T00:37:01.882+0000][gc,heap       ] GC(551) Survivor regions: 5->5(6)
[2025-10-31T00:37:01.882+0000][gc,heap       ] GC(551) Old regions: 239->242
[2025-10-31T00:37:01.883+0000][gc,heap       ] GC(551) Humongous regions: 147->147
[2025-10-31T00:37:01.883+0000][gc,metaspace  ] GC(551) Metaspace: 52865K(56240K)->52865K(56240K) NonClass: 47006K(48816K)->47006K(48816K) Class: 5859K(7424K)->5859K(7424K)
[2025-10-31T00:37:01.883+0000][gc            ] GC(551) Pause Young (Normal) (G1 Evacuation Pause) 430M->393M(512M) 17.521ms
[2025-10-31T00:37:01.883+0000][gc,cpu        ] GC(551) User=0.03s Sys=0.00s Real=0.02s
[2025-10-31T00:38:49.991+0000][gc,start      ] GC(552) Pause Young (Normal) (G1 Evacuation Pause)
[2025-10-31T00:38:49.991+0000][gc,task       ] GC(552) Using 2 workers of 2 for evacuation
[2025-10-31T00:38:50.006+0000][gc,phases     ] GC(552)   Pre Evacuate Collection Set: 0.0ms
[2025-10-31T00:38:50.006+0000][gc,phases     ] GC(552)   Evacuate Collection Set: 13.4ms
[2025-10-31T00:38:50.006+0000][gc,phases     ] GC(552)   Post Evacuate Collection Set: 0.6ms
[2025-10-31T00:38:50.006+0000][gc,phases     ] GC(552)   Other: 1.1ms
[2025-10-31T00:38:50.006+0000][gc,heap       ] GC(552) Eden regions: 42->0(45)
[2025-10-31T00:38:50.007+0000][gc,heap       ] GC(552) Survivor regions: 5->5(6)
[2025-10-31T00:38:50.007+0000][gc,heap       ] GC(552) Old regions: 242->245
[2025-10-31T00:38:50.007+0000][gc,heap       ] GC(552) Humongous regions: 147->147
[2025-10-31T00:38:50.007+0000][gc,metaspace  ] GC(552) Metaspace: 52865K(56240K)->52865K(56240K) NonClass: 47006K(48816K)->47006K(48816K) Class: 5859K(7424K)->5859K(7424K)
[2025-10-31T00:38:50.007+0000][gc            ] GC(552) Pause Young (Normal) (G1 Evacuation Pause) 435M->396M(512M) 16.403ms
[2025-10-31T00:38:50.007+0000][gc,cpu        ] GC(552) User=0.03s Sys=0.00s Real=0.02s
[2025-10-31T00:40:45.477+0000][gc,start      ] GC(553) Pause Young (Normal) (G1 Evacuation Pause)
[2025-10-31T00:40:45.478+0000][gc,task       ] GC(553) Using 2 workers of 2 for evacuation
[2025-10-31T00:40:45.500+0000][gc,mmu        ] GC(553) MMU target violated: 21.0ms (20.0ms/21.0ms)
[2025-10-31T00:40:45.500+0000][gc,phases     ] GC(553)   Pre Evacuate Collection Set: 0.0ms
[2025-10-31T00:40:45.501+0000][gc,phases     ] GC(553)   Evacuate Collection Set: 18.8ms
[2025-10-31T00:40:45.501+0000][gc,phases     ] GC(553)   Post Evacuate Collection Set: 2.2ms
[2025-10-31T00:40:45.502+0000][gc,phases     ] GC(553)   Other: 2.1ms
[2025-10-31T00:40:45.502+0000][gc,heap       ] GC(553) Eden regions: 45->0(43)
[2025-10-31T00:40:45.502+0000][gc,heap       ] GC(553) Survivor regions: 5->5(7)
[2025-10-31T00:40:45.502+0000][gc,heap       ] GC(553) Old regions: 245->248
[2025-10-31T00:40:45.503+0000][gc,heap       ] GC(553) Humongous regions: 147->147
[2025-10-31T00:40:45.503+0000][gc,metaspace  ] GC(553) Metaspace: 52865K(56240K)->52865K(56240K) NonClass: 47006K(48816K)->47006K(48816K) Class: 5859K(7424K)->5859K(7424K)
[2025-10-31T00:40:45.503+0000][gc            ] GC(553) Pause Young (Normal) (G1 Evacuation Pause) 441M->399M(512M) 26.101ms
[2025-10-31T00:40:45.503+0000][gc,cpu        ] GC(553) User=0.03s Sys=0.00s Real=0.02s
[2025-10-31T00:42:25.455+0000][gc,start      ] GC(554) Pause Young (Normal) (G1 Evacuation Pause)
[2025-10-31T00:42:25.455+0000][gc,task       ] GC(554) Using 2 workers of 2 for evacuation
[2025-10-31T00:42:25.467+0000][gc,phases     ] GC(554)   Pre Evacuate Collection Set: 0.0ms
[2025-10-31T00:42:25.468+0000][gc,phases     ] GC(554)   Evacuate Collection Set: 11.6ms
[2025-10-31T00:42:25.468+0000][gc,phases     ] GC(554)   Post Evacuate Collection Set: 0.5ms
[2025-10-31T00:42:25.468+0000][gc,phases     ] GC(554)   Other: 0.7ms
[2025-10-31T00:42:25.468+0000][gc,heap       ] GC(554) Eden regions: 39->0(43)
[2025-10-31T00:42:25.468+0000][gc,heap       ] GC(554) Survivor regions: 5->4(6)
[2025-10-31T00:42:25.468+0000][gc,heap       ] GC(554) Old regions: 248->252
[2025-10-31T00:42:25.469+0000][gc,heap       ] GC(554) Humongous regions: 147->147
[2025-10-31T00:42:25.469+0000][gc,metaspace  ] GC(554) Metaspace: 52865K(56240K)->52865K(56240K) NonClass: 47006K(48816K)->47006K(48816K) Class: 5859K(7424K)->5859K(7424K)
[2025-10-31T00:42:25.469+0000][gc            ] GC(554) Pause Young (Normal) (G1 Evacuation Pause) 438M->402M(512M) 14.127ms
[2025-10-31T00:42:25.469+0000][gc,cpu        ] GC(554) User=0.03s Sys=0.00s Real=0.02s
[2025-10-31T00:44:15.925+0000][gc,start      ] GC(555) Pause Young (Normal) (G1 Evacuation Pause)
[2025-10-31T00:44:15.926+0000][gc,task       ] GC(555) Using 2 workers of 2 for evacuation
[2025-10-31T00:44:15.939+0000][gc,phases     ] GC(555)   Pre Evacuate Collection Set: 0.0ms
[2025-10-31T00:44:15.940+0000][gc,phases     ] GC(555)   Evacuate Collection Set: 11.8ms
[2025-10-31T00:44:15.940+0000][gc,phases     ] GC(555)   Post Evacuate Collection Set: 0.7ms
[2025-10-31T00:44:15.940+0000][gc,phases     ] GC(555)   Other: 1.4ms
[2025-10-31T00:44:15.940+0000][gc,heap       ] GC(555) Eden regions: 43->0(42)
[2025-10-31T00:44:15.940+0000][gc,heap       ] GC(555) Survivor regions: 4->4(6)
[2025-10-31T00:44:15.940+0000][gc,heap       ] GC(555) Old regions: 252->255
[2025-10-31T00:44:15.941+0000][gc,heap       ] GC(555) Humongous regions: 147->147
[2025-10-31T00:44:15.941+0000][gc,metaspace  ] GC(555) Metaspace: 52865K(56240K)->52865K(56240K) NonClass: 47006K(48816K)->47006K(48816K) Class: 5859K(7424K)->5859K(7424K)
[2025-10-31T00:44:15.941+0000][gc            ] GC(555) Pause Young (Normal) (G1 Evacuation Pause) 445M->405M(512M) 15.490ms
[2025-10-31T00:44:15.941+0000][gc,cpu        ] GC(555) User=0.02s Sys=0.00s Real=0.02s
[2025-10-31T00:46:03.654+0000][gc,start      ] GC(556) Pause Young (Normal) (G1 Evacuation Pause)
[2025-10-31T00:46:03.655+0000][gc,task       ] GC(556) Using 2 workers of 2 for evacuation
[2025-10-31T00:46:03.668+0000][gc,phases     ] GC(556)   Pre Evacuate Collection Set: 0.0ms
[2025-10-31T00:46:03.669+0000][gc,phases     ] GC(556)   Evacuate Collection Set: 12.3ms
[2025-10-31T00:46:03.669+0000][gc,phases     ] GC(556)   Post Evacuate Collection Set: 0.5ms
[2025-10-31T00:46:03.669+0000][gc,phases     ] GC(556)   Other: 1.2ms
[2025-10-31T00:46:03.669+0000][gc,heap       ] GC(556) Eden regions: 42->0(40)
[2025-10-31T00:46:03.669+0000][gc,heap       ] GC(556) Survivor regions: 4->4(6)
[2025-10-31T00:46:03.669+0000][gc,heap       ] GC(556) Old regions: 255->258
[2025-10-31T00:46:03.669+0000][gc,heap       ] GC(556) Humongous regions: 147->147
[2025-10-31T00:46:03.669+0000][gc,metaspace  ] GC(556) Metaspace: 52865K(56240K)->52865K(56240K) NonClass: 47006K(48816K)->47006K(48816K) Class: 5859K(7424K)->5859K(7424K)
[2025-10-31T00:46:03.670+0000][gc            ] GC(556) Pause Young (Normal) (G1 Evacuation Pause) 447M->408M(512M) 15.283ms
[2025-10-31T00:46:03.670+0000][gc,cpu        ] GC(556) User=0.03s Sys=0.00s Real=0.01s
[2025-10-31T00:47:47.077+0000][gc,start      ] GC(557) Pause Young (Normal) (G1 Evacuation Pause)
[2025-10-31T00:47:47.078+0000][gc,task       ] GC(557) Using 2 workers of 2 for evacuation
[2025-10-31T00:47:47.090+0000][gc,phases     ] GC(557)   Pre Evacuate Collection Set: 0.0ms
[2025-10-31T00:47:47.090+0000][gc,phases     ] GC(557)   Evacuate Collection Set: 11.2ms
[2025-10-31T00:47:47.091+0000][gc,phases     ] GC(557)   Post Evacuate Collection Set: 0.9ms
[2025-10-31T00:47:47.091+0000][gc,phases     ] GC(557)   Other: 0.9ms
[2025-10-31T00:47:47.091+0000][gc,heap       ] GC(557) Eden regions: 40->0(38)
[2025-10-31T00:47:47.091+0000][gc,heap       ] GC(557) Survivor regions: 4->4(6)
[2025-10-31T00:47:47.091+0000][gc,heap       ] GC(557) Old regions: 258->261
[2025-10-31T00:47:47.091+0000][gc,heap       ] GC(557) Humongous regions: 147->147
[2025-10-31T00:47:47.091+0000][gc,metaspace  ] GC(557) Metaspace: 52865K(56240K)->52865K(56240K) NonClass: 47006K(48816K)->47006K(48816K) Class: 5859K(7424K)->5859K(7424K)
[2025-10-31T00:47:47.091+0000][gc            ] GC(557) Pause Young (Normal) (G1 Evacuation Pause) 448M->410M(512M) 14.306ms
[2025-10-31T00:47:47.092+0000][gc,cpu        ] GC(557) User=0.03s Sys=0.00s Real=0.02s
[2025-10-31T00:49:20.089+0000][gc,start      ] GC(558) Pause Young (Normal) (G1 Evacuation Pause)
[2025-10-31T00:49:20.090+0000][gc,task       ] GC(558) Using 2 workers of 2 for evacuation
[2025-10-31T00:49:20.104+0000][gc,phases     ] GC(558)   Pre Evacuate Collection Set: 0.0ms
[2025-10-31T00:49:20.105+0000][gc,phases     ] GC(558)   Evacuate Collection Set: 13.3ms
[2025-10-31T00:49:20.105+0000][gc,phases     ] GC(558)   Post Evacuate Collection Set: 0.9ms
[2025-10-31T00:49:20.105+0000][gc,phases     ] GC(558)   Other: 0.8ms
[2025-10-31T00:49:20.106+0000][gc,heap       ] GC(558) Eden regions: 38->0(34)
[2025-10-31T00:49:20.106+0000][gc,heap       ] GC(558) Survivor regions: 4->6(6)
[2025-10-31T00:49:20.106+0000][gc,heap       ] GC(558) Old regions: 261->264
[2025-10-31T00:49:20.106+0000][gc,heap       ] GC(558) Humongous regions: 147->147
[2025-10-31T00:49:20.106+0000][gc,metaspace  ] GC(558) Metaspace: 52865K(56240K)->52865K(56240K) NonClass: 47006K(48816K)->47006K(48816K) Class: 5859K(7424K)->5859K(7424K)
[2025-10-31T00:49:20.106+0000][gc            ] GC(558) Pause Young (Normal) (G1 Evacuation Pause) 448M->416M(512M) 17.160ms
[2025-10-31T00:49:20.107+0000][gc,cpu        ] GC(558) User=0.03s Sys=0.00s Real=0.02s
[2025-10-31T00:50:37.259+0000][gc,start      ] GC(559) Pause Young (Normal) (G1 Evacuation Pause)
[2025-10-31T00:50:37.260+0000][gc,task       ] GC(559) Using 2 workers of 2 for evacuation
[2025-10-31T00:50:37.273+0000][gc,phases     ] GC(559)   Pre Evacuate Collection Set: 0.0ms
[2025-10-31T00:50:37.273+0000][gc,phases     ] GC(559)   Evacuate Collection Set: 12.2ms
[2025-10-31T00:50:37.274+0000][gc,phases     ] GC(559)   Post Evacuate Collection Set: 1.0ms
[2025-10-31T00:50:37.274+0000][gc,phases     ] GC(559)   Other: 1.0ms
[2025-10-31T00:50:37.274+0000][gc,heap       ] GC(559) Eden regions: 34->0(32)
[2025-10-31T00:50:37.274+0000][gc,heap       ] GC(559) Survivor regions: 6->4(5)
[2025-10-31T00:50:37.275+0000][gc,heap       ] GC(559) Old regions: 264->267
[2025-10-31T00:50:37.275+0000][gc,heap       ] GC(559) Humongous regions: 147->147
[2025-10-31T00:50:37.275+0000][gc,metaspace  ] GC(559) Metaspace: 52869K(56240K)->52869K(56240K) NonClass: 47010K(48816K)->47010K(48816K) Class: 5859K(7424K)->5859K(7424K)
[2025-10-31T00:50:37.275+0000][gc            ] GC(559) Pause Young (Normal) (G1 Evacuation Pause) 450M->417M(512M) 16.336ms
[2025-10-31T00:50:37.276+0000][gc,cpu        ] GC(559) User=0.03s Sys=0.00s Real=0.02s
[2025-10-31T00:51:52.934+0000][gc,start      ] GC(560) Pause Young (Normal) (G1 Evacuation Pause)
[2025-10-31T00:51:52.935+0000][gc,task       ] GC(560) Using 2 workers of 2 for evacuation
[2025-10-31T00:51:52.950+0000][gc,phases     ] GC(560)   Pre Evacuate Collection Set: 0.0ms
[2025-10-31T00:51:52.950+0000][gc,phases     ] GC(560)   Evacuate Collection Set: 13.2ms
[2025-10-31T00:51:52.950+0000][gc,phases     ] GC(560)   Post Evacuate Collection Set: 1.2ms
[2025-10-31T00:51:52.951+0000][gc,phases     ] GC(560)   Other: 1.1ms
[2025-10-31T00:51:52.951+0000][gc,heap       ] GC(560) Eden regions: 32->0(29)
[2025-10-31T00:51:52.951+0000][gc,heap       ] GC(560) Survivor regions: 4->4(5)
[2025-10-31T00:51:52.951+0000][gc,heap       ] GC(560) Old regions: 267->271
[2025-10-31T00:51:52.951+0000][gc,heap       ] GC(560) Humongous regions: 147->147
[2025-10-31T00:51:52.951+0000][gc,metaspace  ] GC(560) Metaspace: 52869K(56240K)->52869K(56240K) NonClass: 47010K(48816K)->47010K(48816K) Class: 5859K(7424K)->5859K(7424K)
[2025-10-31T00:51:52.952+0000][gc            ] GC(560) Pause Young (Normal) (G1 Evacuation Pause) 449M->421M(512M) 17.528ms
[2025-10-31T00:51:52.952+0000][gc,cpu        ] GC(560) User=0.03s Sys=0.00s Real=0.02s
[2025-10-31T00:53:15.451+0000][gc,start      ] GC(561) Pause Young (Normal) (G1 Evacuation Pause)
[2025-10-31T00:53:15.451+0000][gc,task       ] GC(561) Using 2 workers of 2 for evacuation
[2025-10-31T00:53:15.461+0000][gc,phases     ] GC(561)   Pre Evacuate Collection Set: 0.0ms
[2025-10-31T00:53:15.461+0000][gc,phases     ] GC(561)   Evacuate Collection Set: 8.3ms
[2025-10-31T00:53:15.461+0000][gc,phases     ] GC(561)   Post Evacuate Collection Set: 0.7ms
[2025-10-31T00:53:15.461+0000][gc,phases     ] GC(561)   Other: 0.6ms
[2025-10-31T00:53:15.461+0000][gc,heap       ] GC(561) Eden regions: 29->0(29)
[2025-10-31T00:53:15.461+0000][gc,heap       ] GC(561) Survivor regions: 4->2(5)
[2025-10-31T00:53:15.461+0000][gc,heap       ] GC(561) Old regions: 271->273
[2025-10-31T00:53:15.462+0000][gc,heap       ] GC(561) Humongous regions: 147->147
[2025-10-31T00:53:15.462+0000][gc,metaspace  ] GC(561) Metaspace: 52870K(56240K)->52870K(56240K) NonClass: 47011K(48816K)->47011K(48816K) Class: 5859K(7424K)->5859K(7424K)
[2025-10-31T00:53:15.462+0000][gc            ] GC(561) Pause Young (Normal) (G1 Evacuation Pause) 450M->422M(512M) 11.098ms
[2025-10-31T00:53:15.462+0000][gc,cpu        ] GC(561) User=0.02s Sys=0.00s Real=0.01s
[2025-10-31T00:54:55.639+0000][gc,start      ] GC(562) Pause Young (Normal) (G1 Evacuation Pause)
[2025-10-31T00:54:55.640+0000][gc,task       ] GC(562) Using 2 workers of 2 for evacuation
[2025-10-31T00:54:55.651+0000][gc,phases     ] GC(562)   Pre Evacuate Collection Set: 0.0ms
[2025-10-31T00:54:55.651+0000][gc,phases     ] GC(562)   Evacuate Collection Set: 10.1ms
[2025-10-31T00:54:55.651+0000][gc,phases     ] GC(562)   Post Evacuate Collection Set: 0.8ms
[2025-10-31T00:54:55.652+0000][gc,phases     ] GC(562)   Other: 1.0ms
[2025-10-31T00:54:55.652+0000][gc,heap       ] GC(562) Eden regions: 29->0(27)
[2025-10-31T00:54:55.652+0000][gc,heap       ] GC(562) Survivor regions: 2->4(4)
[2025-10-31T00:54:55.652+0000][gc,heap       ] GC(562) Old regions: 273->274
[2025-10-31T00:54:55.652+0000][gc,heap       ] GC(562) Humongous regions: 147->147
[2025-10-31T00:54:55.652+0000][gc,metaspace  ] GC(562) Metaspace: 52870K(56240K)->52870K(56240K) NonClass: 47011K(48816K)->47011K(48816K) Class: 5859K(7424K)->5859K(7424K)
[2025-10-31T00:54:55.653+0000][gc            ] GC(562) Pause Young (Normal) (G1 Evacuation Pause) 451M->425M(512M) 13.492ms
[2025-10-31T00:54:55.653+0000][gc,cpu        ] GC(562) User=0.03s Sys=0.00s Real=0.01s
[2025-10-31T00:55:48.203+0000][gc,start      ] GC(563) Pause Young (Normal) (G1 Evacuation Pause)
[2025-10-31T00:55:48.203+0000][gc,task       ] GC(563) Using 2 workers of 2 for evacuation
[2025-10-31T00:55:48.213+0000][gc,phases     ] GC(563)   Pre Evacuate Collection Set: 0.0ms
[2025-10-31T00:55:48.213+0000][gc,phases     ] GC(563)   Evacuate Collection Set: 8.8ms
[2025-10-31T00:55:48.214+0000][gc,phases     ] GC(563)   Post Evacuate Collection Set: 0.7ms
[2025-10-31T00:55:48.214+0000][gc,phases     ] GC(563)   Other: 1.0ms
[2025-10-31T00:55:48.214+0000][gc,heap       ] GC(563) Eden regions: 27->0(26)
[2025-10-31T00:55:48.214+0000][gc,heap       ] GC(563) Survivor regions: 4->2(4)
[2025-10-31T00:55:48.214+0000][gc,heap       ] GC(563) Old regions: 274->277
[2025-10-31T00:55:48.214+0000][gc,heap       ] GC(563) Humongous regions: 147->147
[2025-10-31T00:55:48.215+0000][gc,metaspace  ] GC(563) Metaspace: 52876K(56240K)->52876K(56240K) NonClass: 47017K(48816K)->47017K(48816K) Class: 5859K(7424K)->5859K(7424K)
[2025-10-31T00:55:48.215+0000][gc            ] GC(563) Pause Young (Normal) (G1 Evacuation Pause) 452M->425M(512M) 12.113ms
[2025-10-31T00:55:48.215+0000][gc,cpu        ] GC(563) User=0.02s Sys=0.00s Real=0.01s
[2025-10-31T00:56:45.175+0000][gc,start      ] GC(564) Pause Young (Normal) (G1 Evacuation Pause)
[2025-10-31T00:56:45.176+0000][gc,task       ] GC(564) Using 2 workers of 2 for evacuation
[2025-10-31T00:56:45.186+0000][gc,phases     ] GC(564)   Pre Evacuate Collection Set: 0.0ms
[2025-10-31T00:56:45.186+0000][gc,phases     ] GC(564)   Evacuate Collection Set: 9.0ms
[2025-10-31T00:56:45.186+0000][gc,phases     ] GC(564)   Post Evacuate Collection Set: 0.6ms
[2025-10-31T00:56:45.186+0000][gc,phases     ] GC(564)   Other: 0.9ms
[2025-10-31T00:56:45.186+0000][gc,heap       ] GC(564) Eden regions: 26->0(25)
[2025-10-31T00:56:45.186+0000][gc,heap       ] GC(564) Survivor regions: 2->4(4)
[2025-10-31T00:56:45.186+0000][gc,heap       ] GC(564) Old regions: 277->277
[2025-10-31T00:56:45.187+0000][gc,heap       ] GC(564) Humongous regions: 147->147
[2025-10-31T00:56:45.187+0000][gc,metaspace  ] GC(564) Metaspace: 52876K(56240K)->52876K(56240K) NonClass: 47017K(48816K)->47017K(48816K) Class: 5859K(7424K)->5859K(7424K)
[2025-10-31T00:56:45.187+0000][gc            ] GC(564) Pause Young (Normal) (G1 Evacuation Pause) 451M->427M(512M) 11.756ms
[2025-10-31T00:56:45.187+0000][gc,cpu        ] GC(564) User=0.02s Sys=0.00s Real=0.02s
[2025-10-31T00:57:43.010+0000][gc,start      ] GC(565) Pause Young (Normal) (G1 Evacuation Pause)
[2025-10-31T00:57:43.010+0000][gc,task       ] GC(565) Using 2 workers of 2 for evacuation
[2025-10-31T00:57:43.020+0000][gc,phases     ] GC(565)   Pre Evacuate Collection Set: 0.0ms
[2025-10-31T00:57:43.020+0000][gc,phases     ] GC(565)   Evacuate Collection Set: 8.6ms
[2025-10-31T00:57:43.020+0000][gc,phases     ] GC(565)   Post Evacuate Collection Set: 0.5ms
[2025-10-31T00:57:43.020+0000][gc,phases     ] GC(565)   Other: 0.6ms
[2025-10-31T00:57:43.020+0000][gc,heap       ] GC(565) Eden regions: 25->0(23)
[2025-10-31T00:57:43.021+0000][gc,heap       ] GC(565) Survivor regions: 4->3(4)
[2025-10-31T00:57:43.021+0000][gc,heap       ] GC(565) Old regions: 277->280
[2025-10-31T00:57:43.021+0000][gc,heap       ] GC(565) Humongous regions: 147->147
[2025-10-31T00:57:43.021+0000][gc,metaspace  ] GC(565) Metaspace: 52879K(56240K)->52879K(56240K) NonClass: 47020K(48816K)->47020K(48816K) Class: 5859K(7424K)->5859K(7424K)
[2025-10-31T00:57:43.021+0000][gc            ] GC(565) Pause Young (Normal) (G1 Evacuation Pause) 452M->429M(512M) 10.993ms
[2025-10-31T00:57:43.021+0000][gc,cpu        ] GC(565) User=0.02s Sys=0.00s Real=0.01s
[2025-10-31T00:58:38.782+0000][gc,start      ] GC(566) Pause Young (Normal) (G1 Evacuation Pause)
[2025-10-31T00:58:38.783+0000][gc,task       ] GC(566) Using 2 workers of 2 for evacuation
[2025-10-31T00:58:38.792+0000][gc,phases     ] GC(566)   Pre Evacuate Collection Set: 0.0ms
[2025-10-31T00:58:38.793+0000][gc,phases     ] GC(566)   Evacuate Collection Set: 8.5ms
[2025-10-31T00:58:38.793+0000][gc,phases     ] GC(566)   Post Evacuate Collection Set: 0.6ms
[2025-10-31T00:58:38.793+0000][gc,phases     ] GC(566)   Other: 1.0ms
[2025-10-31T00:58:38.793+0000][gc,heap       ] GC(566) Eden regions: 23->0(22)
[2025-10-31T00:58:38.793+0000][gc,heap       ] GC(566) Survivor regions: 3->3(4)
[2025-10-31T00:58:38.793+0000][gc,heap       ] GC(566) Old regions: 280->282
[2025-10-31T00:58:38.794+0000][gc,heap       ] GC(566) Humongous regions: 147->147
[2025-10-31T00:58:38.794+0000][gc,metaspace  ] GC(566) Metaspace: 52879K(56240K)->52879K(56240K) NonClass: 47020K(48816K)->47020K(48816K) Class: 5859K(7424K)->5859K(7424K)
[2025-10-31T00:58:38.794+0000][gc            ] GC(566) Pause Young (Normal) (G1 Evacuation Pause) 452M->430M(512M) 11.576ms
[2025-10-31T00:58:38.794+0000][gc,cpu        ] GC(566) User=0.02s Sys=0.00s Real=0.01s
[2025-10-31T00:59:32.139+0000][gc,start      ] GC(567) Pause Young (Normal) (G1 Evacuation Pause)
[2025-10-31T00:59:32.139+0000][gc,task       ] GC(567) Using 2 workers of 2 for evacuation
[2025-10-31T00:59:32.149+0000][gc,phases     ] GC(567)   Pre Evacuate Collection Set: 0.0ms
[2025-10-31T00:59:32.149+0000][gc,phases     ] GC(567)   Evacuate Collection Set: 8.4ms
[2025-10-31T00:59:32.149+0000][gc,phases     ] GC(567)   Post Evacuate Collection Set: 0.7ms
[2025-10-31T00:59:32.149+0000][gc,phases     ] GC(567)   Other: 0.7ms
[2025-10-31T00:59:32.149+0000][gc,heap       ] GC(567) Eden regions: 22->0(23)
[2025-10-31T00:59:32.150+0000][gc,heap       ] GC(567) Survivor regions: 3->2(4)
[2025-10-31T00:59:32.150+0000][gc,heap       ] GC(567) Old regions: 282->284
[2025-10-31T00:59:32.150+0000][gc,heap       ] GC(567) Humongous regions: 147->147
[2025-10-31T00:59:32.150+0000][gc,metaspace  ] GC(567) Metaspace: 52879K(56240K)->52879K(56240K) NonClass: 47020K(48816K)->47020K(48816K) Class: 5859K(7424K)->5859K(7424K)
[2025-10-31T00:59:32.150+0000][gc            ] GC(567) Pause Young (Normal) (G1 Evacuation Pause) 452M->432M(512M) 11.329ms
[2025-10-31T00:59:32.150+0000][gc,cpu        ] GC(567) User=0.02s Sys=0.00s Real=0.02s
[2025-10-31T01:00:21.774+0000][gc,start      ] GC(568) Pause Young (Normal) (G1 Evacuation Pause)
[2025-10-31T01:00:21.774+0000][gc,task       ] GC(568) Using 2 workers of 2 for evacuation
[2025-10-31T01:00:21.783+0000][gc,phases     ] GC(568)   Pre Evacuate Collection Set: 0.0ms
[2025-10-31T01:00:21.783+0000][gc,phases     ] GC(568)   Evacuate Collection Set: 8.0ms
[2025-10-31T01:00:21.784+0000][gc,phases     ] GC(568)   Post Evacuate Collection Set: 0.6ms
[2025-10-31T01:00:21.784+0000][gc,phases     ] GC(568)   Other: 0.5ms
[2025-10-31T01:00:21.784+0000][gc,heap       ] GC(568) Eden regions: 23->0(21)
[2025-10-31T01:00:21.784+0000][gc,heap       ] GC(568) Survivor regions: 2->4(4)
[2025-10-31T01:00:21.784+0000][gc,heap       ] GC(568) Old regions: 284->284
[2025-10-31T01:00:21.784+0000][gc,heap       ] GC(568) Humongous regions: 147->147
[2025-10-31T01:00:21.785+0000][gc,metaspace  ] GC(568) Metaspace: 52879K(56240K)->52879K(56240K) NonClass: 47020K(48816K)->47020K(48816K) Class: 5859K(7424K)->5859K(7424K)
[2025-10-31T01:00:21.785+0000][gc            ] GC(568) Pause Young (Normal) (G1 Evacuation Pause) 455M->434M(512M) 10.701ms
[2025-10-31T01:00:21.785+0000][gc,cpu        ] GC(568) User=0.02s Sys=0.00s Real=0.01s
[2025-10-31T01:00:56.397+0000][gc,start      ] GC(569) Pause Young (Normal) (G1 Evacuation Pause)
[2025-10-31T01:00:56.400+0000][gc,task       ] GC(569) Using 2 workers of 2 for evacuation
[2025-10-31T01:00:56.416+0000][gc,phases     ] GC(569)   Pre Evacuate Collection Set: 0.1ms
[2025-10-31T01:00:56.416+0000][gc,phases     ] GC(569)   Evacuate Collection Set: 14.1ms
[2025-10-31T01:00:56.416+0000][gc,phases     ] GC(569)   Post Evacuate Collection Set: 1.1ms
[2025-10-31T01:00:56.417+0000][gc,phases     ] GC(569)   Other: 3.2ms
[2025-10-31T01:00:56.417+0000][gc,heap       ] GC(569) Eden regions: 21->0(22)
[2025-10-31T01:00:56.417+0000][gc,heap       ] GC(569) Survivor regions: 4->3(4)
[2025-10-31T01:00:56.417+0000][gc,heap       ] GC(569) Old regions: 284->285
[2025-10-31T01:00:56.418+0000][gc,heap       ] GC(569) Humongous regions: 147->147
[2025-10-31T01:00:56.418+0000][gc,metaspace  ] GC(569) Metaspace: 52879K(56240K)->52879K(56240K) NonClass: 47020K(48816K)->47020K(48816K) Class: 5859K(7424K)->5859K(7424K)
[2025-10-31T01:00:56.419+0000][gc            ] GC(569) Pause Young (Normal) (G1 Evacuation Pause) 455M->434M(512M) 21.305ms
[2025-10-31T01:00:56.419+0000][gc,cpu        ] GC(569) User=0.03s Sys=0.00s Real=0.03s
[2025-10-31T01:01:21.209+0000][gc,start      ] GC(570) Pause Young (Normal) (G1 Evacuation Pause)
[2025-10-31T01:01:21.209+0000][gc,task       ] GC(570) Using 2 workers of 2 for evacuation
[2025-10-31T01:01:21.218+0000][gc,phases     ] GC(570)   Pre Evacuate Collection Set: 0.0ms
[2025-10-31T01:01:21.219+0000][gc,phases     ] GC(570)   Evacuate Collection Set: 8.5ms
[2025-10-31T01:01:21.219+0000][gc,phases     ] GC(570)   Post Evacuate Collection Set: 0.5ms
[2025-10-31T01:01:21.219+0000][gc,phases     ] GC(570)   Other: 0.8ms
[2025-10-31T01:01:21.219+0000][gc,heap       ] GC(570) Eden regions: 22->0(22)
[2025-10-31T01:01:21.219+0000][gc,heap       ] GC(570) Survivor regions: 3->3(4)
[2025-10-31T01:01:21.219+0000][gc,heap       ] GC(570) Old regions: 285->287
[2025-10-31T01:01:21.219+0000][gc,heap       ] GC(570) Humongous regions: 147->147
[2025-10-31T01:01:21.220+0000][gc,metaspace  ] GC(570) Metaspace: 52888K(56240K)->52888K(56240K) NonClass: 47029K(48816K)->47029K(48816K) Class: 5859K(7424K)->5859K(7424K)
[2025-10-31T01:01:21.220+0000][gc            ] GC(570) Pause Young (Normal) (G1 Evacuation Pause) 456M->436M(512M) 11.023ms
[2025-10-31T01:01:21.220+0000][gc,cpu        ] GC(570) User=0.02s Sys=0.00s Real=0.01s
[2025-10-31T01:02:13.628+0000][gc,start      ] GC(571) Pause Young (Normal) (G1 Evacuation Pause)
[2025-10-31T01:02:13.629+0000][gc,task       ] GC(571) Using 2 workers of 2 for evacuation
[2025-10-31T01:02:13.640+0000][gc,phases     ] GC(571)   Pre Evacuate Collection Set: 0.0ms
[2025-10-31T01:02:13.640+0000][gc,phases     ] GC(571)   Evacuate Collection Set: 10.4ms
[2025-10-31T01:02:13.640+0000][gc,phases     ] GC(571)   Post Evacuate Collection Set: 0.7ms
[2025-10-31T01:02:13.641+0000][gc,phases     ] GC(571)   Other: 0.5ms
[2025-10-31T01:02:13.641+0000][gc,heap       ] GC(571) Eden regions: 22->0(21)
[2025-10-31T01:02:13.641+0000][gc,heap       ] GC(571) Survivor regions: 3->4(4)
[2025-10-31T01:02:13.641+0000][gc,heap       ] GC(571) Old regions: 287->288
[2025-10-31T01:02:13.641+0000][gc,heap       ] GC(571) Humongous regions: 147->147
[2025-10-31T01:02:13.641+0000][gc,metaspace  ] GC(571) Metaspace: 52888K(56240K)->52888K(56240K) NonClass: 47029K(48816K)->47029K(48816K) Class: 5859K(7424K)->5859K(7424K)
[2025-10-31T01:02:13.642+0000][gc            ] GC(571) Pause Young (Normal) (G1 Evacuation Pause) 458M->438M(512M) 13.297ms
[2025-10-31T01:02:13.642+0000][gc,cpu        ] GC(571) User=0.02s Sys=0.00s Real=0.02s
[2025-10-31T01:03:19.375+0000][gc,start      ] GC(572) Pause Young (Normal) (G1 Evacuation Pause)
[2025-10-31T01:03:19.375+0000][gc,task       ] GC(572) Using 2 workers of 2 for evacuation
[2025-10-31T01:03:19.385+0000][gc,phases     ] GC(572)   Pre Evacuate Collection Set: 0.0ms
[2025-10-31T01:03:19.385+0000][gc,phases     ] GC(572)   Evacuate Collection Set: 9.3ms
[2025-10-31T01:03:19.386+0000][gc,phases     ] GC(572)   Post Evacuate Collection Set: 0.6ms
[2025-10-31T01:03:19.386+0000][gc,phases     ] GC(572)   Other: 0.5ms
[2025-10-31T01:03:19.386+0000][gc,heap       ] GC(572) Eden regions: 21->0(22)
[2025-10-31T01:03:19.386+0000][gc,heap       ] GC(572) Survivor regions: 4->3(4)
[2025-10-31T01:03:19.386+0000][gc,heap       ] GC(572) Old regions: 288->290
[2025-10-31T01:03:19.386+0000][gc,heap       ] GC(572) Humongous regions: 147->147
[2025-10-31T01:03:19.386+0000][gc,metaspace  ] GC(572) Metaspace: 52888K(56240K)->52888K(56240K) NonClass: 47029K(48816K)->47029K(48816K) Class: 5859K(7424K)->5859K(7424K)
[2025-10-31T01:03:19.387+0000][gc            ] GC(572) Pause Young (Normal) (G1 Evacuation Pause) 459M->439M(512M) 11.785ms
[2025-10-31T01:03:19.387+0000][gc,cpu        ] GC(572) User=0.02s Sys=0.00s Real=0.01s
[2025-10-31T01:04:22.610+0000][gc,start      ] GC(573) Pause Young (Normal) (G1 Evacuation Pause)
[2025-10-31T01:04:22.610+0000][gc,task       ] GC(573) Using 2 workers of 2 for evacuation
[2025-10-31T01:04:22.620+0000][gc,phases     ] GC(573)   Pre Evacuate Collection Set: 0.0ms
[2025-10-31T01:04:22.620+0000][gc,phases     ] GC(573)   Evacuate Collection Set: 8.3ms
[2025-10-31T01:04:22.620+0000][gc,phases     ] GC(573)   Post Evacuate Collection Set: 0.7ms
[2025-10-31T01:04:22.620+0000][gc,phases     ] GC(573)   Other: 0.6ms
[2025-10-31T01:04:22.620+0000][gc,heap       ] GC(573) Eden regions: 22->0(23)
[2025-10-31T01:04:22.620+0000][gc,heap       ] GC(573) Survivor regions: 3->2(4)
[2025-10-31T01:04:22.621+0000][gc,heap       ] GC(573) Old regions: 290->292
[2025-10-31T01:04:22.621+0000][gc,heap       ] GC(573) Humongous regions: 147->147
[2025-10-31T01:04:22.621+0000][gc,metaspace  ] GC(573) Metaspace: 52888K(56240K)->52888K(56240K) NonClass: 47029K(48816K)->47029K(48816K) Class: 5859K(7424K)->5859K(7424K)
[2025-10-31T01:04:22.621+0000][gc            ] GC(573) Pause Young (Normal) (G1 Evacuation Pause) 461M->440M(512M) 10.945ms
[2025-10-31T01:04:22.621+0000][gc,cpu        ] GC(573) User=0.01s Sys=0.00s Real=0.01s
[2025-10-31T01:05:13.242+0000][gc,start      ] GC(574) Pause Young (Normal) (G1 Evacuation Pause)
[2025-10-31T01:05:13.242+0000][gc,task       ] GC(574) Using 2 workers of 2 for evacuation
[2025-10-31T01:05:13.252+0000][gc,phases     ] GC(574)   Pre Evacuate Collection Set: 0.0ms
[2025-10-31T01:05:13.252+0000][gc,phases     ] GC(574)   Evacuate Collection Set: 8.1ms
[2025-10-31T01:05:13.252+0000][gc,phases     ] GC(574)   Post Evacuate Collection Set: 0.6ms
[2025-10-31T01:05:13.252+0000][gc,phases     ] GC(574)   Other: 0.6ms
[2025-10-31T01:05:13.252+0000][gc,heap       ] GC(574) Eden regions: 23->0(21)
[2025-10-31T01:05:13.252+0000][gc,heap       ] GC(574) Survivor regions: 2->4(4)
[2025-10-31T01:05:13.252+0000][gc,heap       ] GC(574) Old regions: 292->292
[2025-10-31T01:05:13.253+0000][gc,heap       ] GC(574) Humongous regions: 147->147
[2025-10-31T01:05:13.253+0000][gc,metaspace  ] GC(574) Metaspace: 52888K(56240K)->52888K(56240K) NonClass: 47029K(48816K)->47029K(48816K) Class: 5859K(7424K)->5859K(7424K)
[2025-10-31T01:05:13.253+0000][gc            ] GC(574) Pause Young (Normal) (G1 Evacuation Pause) 463M->442M(512M) 10.577ms
[2025-10-31T01:05:13.253+0000][gc,cpu        ] GC(574) User=0.02s Sys=0.00s Real=0.02s
[2025-10-31T01:05:57.712+0000][gc,start      ] GC(575) Pause Young (Normal) (G1 Evacuation Pause)
[2025-10-31T01:05:57.713+0000][gc,task       ] GC(575) Using 2 workers of 2 for evacuation
[2025-10-31T01:05:57.723+0000][gc,phases     ] GC(575)   Pre Evacuate Collection Set: 0.0ms
[2025-10-31T01:05:57.723+0000][gc,phases     ] GC(575)   Evacuate Collection Set: 9.2ms
[2025-10-31T01:05:57.723+0000][gc,phases     ] GC(575)   Post Evacuate Collection Set: 0.7ms
[2025-10-31T01:05:57.724+0000][gc,phases     ] GC(575)   Other: 0.6ms
[2025-10-31T01:05:57.724+0000][gc,heap       ] GC(575) Eden regions: 21->0(23)
[2025-10-31T01:05:57.724+0000][gc,heap       ] GC(575) Survivor regions: 4->2(4)
[2025-10-31T01:05:57.724+0000][gc,heap       ] GC(575) Old regions: 292->295
[2025-10-31T01:05:57.724+0000][gc,heap       ] GC(575) Humongous regions: 147->147
[2025-10-31T01:05:57.724+0000][gc,metaspace  ] GC(575) Metaspace: 52888K(56240K)->52888K(56240K) NonClass: 47029K(48816K)->47029K(48816K) Class: 5859K(7424K)->5859K(7424K)
[2025-10-31T01:05:57.724+0000][gc            ] GC(575) Pause Young (Normal) (G1 Evacuation Pause) 463M->442M(512M) 11.918ms
[2025-10-31T01:05:57.725+0000][gc,cpu        ] GC(575) User=0.02s Sys=0.00s Real=0.02s
[2025-10-31T01:06:41.917+0000][gc,start      ] GC(576) Pause Young (Normal) (G1 Evacuation Pause)
[2025-10-31T01:06:41.917+0000][gc,task       ] GC(576) Using 2 workers of 2 for evacuation
[2025-10-31T01:06:41.927+0000][gc,phases     ] GC(576)   Pre Evacuate Collection Set: 0.0ms
[2025-10-31T01:06:41.927+0000][gc,phases     ] GC(576)   Evacuate Collection Set: 8.4ms
[2025-10-31T01:06:41.927+0000][gc,phases     ] GC(576)   Post Evacuate Collection Set: 0.6ms
[2025-10-31T01:06:41.927+0000][gc,phases     ] GC(576)   Other: 0.6ms
[2025-10-31T01:06:41.927+0000][gc,heap       ] GC(576) Eden regions: 23->0(21)
[2025-10-31T01:06:41.927+0000][gc,heap       ] GC(576) Survivor regions: 2->4(4)
[2025-10-31T01:06:41.928+0000][gc,heap       ] GC(576) Old regions: 295->295
[2025-10-31T01:06:41.928+0000][gc,heap       ] GC(576) Humongous regions: 147->147
[2025-10-31T01:06:41.928+0000][gc,metaspace  ] GC(576) Metaspace: 52888K(56240K)->52888K(56240K) NonClass: 47029K(48816K)->47029K(48816K) Class: 5859K(7424K)->5859K(7424K)
[2025-10-31T01:06:41.928+0000][gc            ] GC(576) Pause Young (Normal) (G1 Evacuation Pause) 465M->444M(512M) 11.254ms
[2025-10-31T01:06:41.928+0000][gc,cpu        ] GC(576) User=0.02s Sys=0.00s Real=0.01s
[2025-10-31T01:07:11.400+0000][gc,start      ] GC(577) Pause Young (Normal) (G1 Evacuation Pause)
[2025-10-31T01:07:11.401+0000][gc,task       ] GC(577) Using 2 workers of 2 for evacuation
[2025-10-31T01:07:11.411+0000][gc,phases     ] GC(577)   Pre Evacuate Collection Set: 0.0ms
[2025-10-31T01:07:11.411+0000][gc,phases     ] GC(577)   Evacuate Collection Set: 9.3ms
[2025-10-31T01:07:11.411+0000][gc,phases     ] GC(577)   Post Evacuate Collection Set: 0.6ms
[2025-10-31T01:07:11.411+0000][gc,phases     ] GC(577)   Other: 0.5ms
[2025-10-31T01:07:11.412+0000][gc,heap       ] GC(577) Eden regions: 21->0(22)
[2025-10-31T01:07:11.412+0000][gc,heap       ] GC(577) Survivor regions: 4->3(4)
[2025-10-31T01:07:11.412+0000][gc,heap       ] GC(577) Old regions: 295->298
[2025-10-31T01:07:11.412+0000][gc,heap       ] GC(577) Humongous regions: 147->147
[2025-10-31T01:07:11.412+0000][gc,metaspace  ] GC(577) Metaspace: 52888K(56240K)->52888K(56240K) NonClass: 47029K(48816K)->47029K(48816K) Class: 5859K(7424K)->5859K(7424K)
[2025-10-31T01:07:11.412+0000][gc            ] GC(577) Pause Young (Normal) (G1 Evacuation Pause) 465M->446M(512M) 11.789ms
[2025-10-31T01:07:11.412+0000][gc,cpu        ] GC(577) User=0.02s Sys=0.00s Real=0.01s
[2025-10-31T01:07:53.387+0000][gc,start      ] GC(578) Pause Young (Normal) (G1 Evacuation Pause)
[2025-10-31T01:07:53.388+0000][gc,task       ] GC(578) Using 2 workers of 2 for evacuation
[2025-10-31T01:07:53.397+0000][gc,phases     ] GC(578)   Pre Evacuate Collection Set: 0.0ms
[2025-10-31T01:07:53.397+0000][gc,phases     ] GC(578)   Evacuate Collection Set: 8.2ms
[2025-10-31T01:07:53.398+0000][gc,phases     ] GC(578)   Post Evacuate Collection Set: 0.6ms
[2025-10-31T01:07:53.398+0000][gc,phases     ] GC(578)   Other: 1.0ms
[2025-10-31T01:07:53.398+0000][gc,heap       ] GC(578) Eden regions: 22->0(21)
[2025-10-31T01:07:53.398+0000][gc,heap       ] GC(578) Survivor regions: 3->4(4)
[2025-10-31T01:07:53.398+0000][gc,heap       ] GC(578) Old regions: 298->298
[2025-10-31T01:07:53.398+0000][gc,heap       ] GC(578) Humongous regions: 147->147
[2025-10-31T01:07:53.398+0000][gc,metaspace  ] GC(578) Metaspace: 52888K(56240K)->52888K(56240K) NonClass: 47029K(48816K)->47029K(48816K) Class: 5859K(7424K)->5859K(7424K)
[2025-10-31T01:07:53.399+0000][gc            ] GC(578) Pause Young (Normal) (G1 Evacuation Pause) 468M->447M(512M) 11.292ms
[2025-10-31T01:07:53.399+0000][gc,cpu        ] GC(578) User=0.02s Sys=0.00s Real=0.01s
[2025-10-31T01:08:44.626+0000][gc,start      ] GC(579) Pause Young (Normal) (G1 Evacuation Pause)
[2025-10-31T01:08:44.626+0000][gc,task       ] GC(579) Using 2 workers of 2 for evacuation
[2025-10-31T01:08:44.637+0000][gc,phases     ] GC(579)   Pre Evacuate Collection Set: 0.0ms
[2025-10-31T01:08:44.638+0000][gc,phases     ] GC(579)   Evacuate Collection Set: 9.6ms
[2025-10-31T01:08:44.638+0000][gc,phases     ] GC(579)   Post Evacuate Collection Set: 0.8ms
[2025-10-31T01:08:44.638+0000][gc,phases     ] GC(579)   Other: 1.1ms
[2025-10-31T01:08:44.638+0000][gc,heap       ] GC(579) Eden regions: 21->0(23)
[2025-10-31T01:08:44.639+0000][gc,heap       ] GC(579) Survivor regions: 4->2(4)
[2025-10-31T01:08:44.639+0000][gc,heap       ] GC(579) Old regions: 298->300
[2025-10-31T01:08:44.639+0000][gc,heap       ] GC(579) Humongous regions: 147->147
[2025-10-31T01:08:44.640+0000][gc,metaspace  ] GC(579) Metaspace: 52888K(56240K)->52888K(56240K) NonClass: 47029K(48816K)->47029K(48816K) Class: 5859K(7424K)->5859K(7424K)
[2025-10-31T01:08:44.640+0000][gc            ] GC(579) Pause Young (Normal) (G1 Evacuation Pause) 468M->448M(512M) 13.978ms
[2025-10-31T01:08:44.640+0000][gc,cpu        ] GC(579) User=0.02s Sys=0.00s Real=0.02s
[2025-10-31T01:09:28.084+0000][gc,start      ] GC(580) Pause Young (Normal) (G1 Evacuation Pause)
[2025-10-31T01:09:28.084+0000][gc,task       ] GC(580) Using 2 workers of 2 for evacuation
[2025-10-31T01:09:28.097+0000][gc,phases     ] GC(580)   Pre Evacuate Collection Set: 0.0ms
[2025-10-31T01:09:28.097+0000][gc,phases     ] GC(580)   Evacuate Collection Set: 11.3ms
[2025-10-31T01:09:28.097+0000][gc,phases     ] GC(580)   Post Evacuate Collection Set: 0.7ms
[2025-10-31T01:09:28.097+0000][gc,phases     ] GC(580)   Other: 0.6ms
[2025-10-31T01:09:28.098+0000][gc,heap       ] GC(580) Eden regions: 23->0(21)
[2025-10-31T01:09:28.098+0000][gc,heap       ] GC(580) Survivor regions: 2->4(4)
[2025-10-31T01:09:28.098+0000][gc,heap       ] GC(580) Old regions: 300->300
[2025-10-31T01:09:28.098+0000][gc,heap       ] GC(580) Humongous regions: 147->147
[2025-10-31T01:09:28.098+0000][gc,metaspace  ] GC(580) Metaspace: 52893K(56240K)->52893K(56240K) NonClass: 47034K(48816K)->47034K(48816K) Class: 5859K(7424K)->5859K(7424K)
[2025-10-31T01:09:28.099+0000][gc            ] GC(580) Pause Young (Normal) (G1 Evacuation Pause) 471M->450M(512M) 14.534ms
[2025-10-31T01:09:28.099+0000][gc,cpu        ] GC(580) User=0.03s Sys=0.00s Real=0.02s
[2025-10-31T01:10:08.878+0000][gc,start      ] GC(581) Pause Young (Normal) (G1 Evacuation Pause)
[2025-10-31T01:10:08.879+0000][gc,task       ] GC(581) Using 2 workers of 2 for evacuation
[2025-10-31T01:10:08.890+0000][gc,phases     ] GC(581)   Pre Evacuate Collection Set: 0.0ms
[2025-10-31T01:10:08.891+0000][gc,phases     ] GC(581)   Evacuate Collection Set: 10.7ms
[2025-10-31T01:10:08.891+0000][gc,phases     ] GC(581)   Post Evacuate Collection Set: 0.7ms
[2025-10-31T01:10:08.891+0000][gc,phases     ] GC(581)   Other: 0.9ms
[2025-10-31T01:10:08.891+0000][gc,heap       ] GC(581) Eden regions: 21->0(22)
[2025-10-31T01:10:08.891+0000][gc,heap       ] GC(581) Survivor regions: 4->3(4)
[2025-10-31T01:10:08.892+0000][gc,heap       ] GC(581) Old regions: 300->303
[2025-10-31T01:10:08.892+0000][gc,heap       ] GC(581) Humongous regions: 147->147
[2025-10-31T01:10:08.892+0000][gc,metaspace  ] GC(581) Metaspace: 52893K(56240K)->52893K(56240K) NonClass: 47034K(48816K)->47034K(48816K) Class: 5859K(7424K)->5859K(7424K)
[2025-10-31T01:10:08.892+0000][gc            ] GC(581) Pause Young (Normal) (G1 Evacuation Pause) 471M->452M(512M) 13.937ms
[2025-10-31T01:10:08.892+0000][gc,cpu        ] GC(581) User=0.02s Sys=0.00s Real=0.02s
[2025-10-31T01:10:56.275+0000][gc,start      ] GC(582) Pause Young (Normal) (G1 Evacuation Pause)
[2025-10-31T01:10:56.275+0000][gc,task       ] GC(582) Using 2 workers of 2 for evacuation
[2025-10-31T01:10:56.284+0000][gc,phases     ] GC(582)   Pre Evacuate Collection Set: 0.0ms
[2025-10-31T01:10:56.284+0000][gc,phases     ] GC(582)   Evacuate Collection Set: 7.9ms
[2025-10-31T01:10:56.284+0000][gc,phases     ] GC(582)   Post Evacuate Collection Set: 0.5ms
[2025-10-31T01:10:56.284+0000][gc,phases     ] GC(582)   Other: 0.5ms
[2025-10-31T01:10:56.284+0000][gc,heap       ] GC(582) Eden regions: 22->0(22)
[2025-10-31T01:10:56.284+0000][gc,heap       ] GC(582) Survivor regions: 3->3(4)
[2025-10-31T01:10:56.285+0000][gc,heap       ] GC(582) Old regions: 303->304
[2025-10-31T01:10:56.285+0000][gc,heap       ] GC(582) Humongous regions: 147->147
[2025-10-31T01:10:56.285+0000][gc,metaspace  ] GC(582) Metaspace: 52893K(56240K)->52893K(56240K) NonClass: 47034K(48816K)->47034K(48816K) Class: 5859K(7424K)->5859K(7424K)
[2025-10-31T01:10:56.285+0000][gc            ] GC(582) Pause Young (Normal) (G1 Evacuation Pause) 474M->453M(512M) 10.169ms
[2025-10-31T01:10:56.285+0000][gc,cpu        ] GC(582) User=0.02s Sys=0.00s Real=0.01s
[2025-10-31T01:11:42.242+0000][gc,start      ] GC(583) Pause Young (Normal) (G1 Evacuation Pause)
[2025-10-31T01:11:42.242+0000][gc,task       ] GC(583) Using 2 workers of 2 for evacuation
[2025-10-31T01:11:42.252+0000][gc,phases     ] GC(583)   Pre Evacuate Collection Set: 0.0ms
[2025-10-31T01:11:42.252+0000][gc,phases     ] GC(583)   Evacuate Collection Set: 9.3ms
[2025-10-31T01:11:42.253+0000][gc,phases     ] GC(583)   Post Evacuate Collection Set: 0.6ms
[2025-10-31T01:11:42.253+0000][gc,phases     ] GC(583)   Other: 0.6ms
[2025-10-31T01:11:42.253+0000][gc,heap       ] GC(583) Eden regions: 22->0(22)
[2025-10-31T01:11:42.253+0000][gc,heap       ] GC(583) Survivor regions: 3->3(4)
[2025-10-31T01:11:42.253+0000][gc,heap       ] GC(583) Old regions: 304->306
[2025-10-31T01:11:42.253+0000][gc,heap       ] GC(583) Humongous regions: 147->147
[2025-10-31T01:11:42.254+0000][gc,metaspace  ] GC(583) Metaspace: 52893K(56240K)->52893K(56240K) NonClass: 47034K(48816K)->47034K(48816K) Class: 5859K(7424K)->5859K(7424K)
[2025-10-31T01:11:42.254+0000][gc            ] GC(583) Pause Young (Normal) (G1 Evacuation Pause) 475M->455M(512M) 12.077ms
[2025-10-31T01:11:42.254+0000][gc,cpu        ] GC(583) User=0.02s Sys=0.00s Real=0.01s
[2025-10-31T01:12:45.844+0000][gc,start      ] GC(584) Pause Young (Normal) (G1 Evacuation Pause)
[2025-10-31T01:12:45.844+0000][gc,task       ] GC(584) Using 2 workers of 2 for evacuation
[2025-10-31T01:12:45.853+0000][gc,phases     ] GC(584)   Pre Evacuate Collection Set: 0.0ms
[2025-10-31T01:12:45.854+0000][gc,phases     ] GC(584)   Evacuate Collection Set: 8.7ms
[2025-10-31T01:12:45.854+0000][gc,phases     ] GC(584)   Post Evacuate Collection Set: 0.5ms
[2025-10-31T01:12:45.854+0000][gc,phases     ] GC(584)   Other: 0.5ms
[2025-10-31T01:12:45.854+0000][gc,heap       ] GC(584) Eden regions: 22->0(22)
[2025-10-31T01:12:45.855+0000][gc,heap       ] GC(584) Survivor regions: 3->3(4)
[2025-10-31T01:12:45.855+0000][gc,heap       ] GC(584) Old regions: 306->307
[2025-10-31T01:12:45.855+0000][gc,heap       ] GC(584) Humongous regions: 147->147
[2025-10-31T01:12:45.855+0000][gc,metaspace  ] GC(584) Metaspace: 52893K(56240K)->52893K(56240K) NonClass: 47034K(48816K)->47034K(48816K) Class: 5859K(7424K)->5859K(7424K)
[2025-10-31T01:12:45.855+0000][gc            ] GC(584) Pause Young (Normal) (G1 Evacuation Pause) 477M->456M(512M) 11.921ms
[2025-10-31T01:12:45.856+0000][gc,cpu        ] GC(584) User=0.02s Sys=0.00s Real=0.01s
[2025-10-31T01:13:32.331+0000][gc,start      ] GC(585) Pause Young (Normal) (G1 Evacuation Pause)
[2025-10-31T01:13:32.331+0000][gc,task       ] GC(585) Using 2 workers of 2 for evacuation
[2025-10-31T01:13:32.342+0000][gc,phases     ] GC(585)   Pre Evacuate Collection Set: 0.0ms
[2025-10-31T01:13:32.342+0000][gc,phases     ] GC(585)   Evacuate Collection Set: 9.8ms
[2025-10-31T01:13:32.343+0000][gc,phases     ] GC(585)   Post Evacuate Collection Set: 0.6ms
[2025-10-31T01:13:32.343+0000][gc,phases     ] GC(585)   Other: 0.8ms
[2025-10-31T01:13:32.343+0000][gc,heap       ] GC(585) Eden regions: 22->0(22)
[2025-10-31T01:13:32.343+0000][gc,heap       ] GC(585) Survivor regions: 3->3(4)
[2025-10-31T01:13:32.343+0000][gc,heap       ] GC(585) Old regions: 307->310
[2025-10-31T01:13:32.343+0000][gc,heap       ] GC(585) Humongous regions: 147->147
[2025-10-31T01:13:32.343+0000][gc,metaspace  ] GC(585) Metaspace: 52893K(56240K)->52893K(56240K) NonClass: 47034K(48816K)->47034K(48816K) Class: 5859K(7424K)->5859K(7424K)
[2025-10-31T01:13:32.344+0000][gc            ] GC(585) Pause Young (Normal) (G1 Evacuation Pause) 478M->458M(512M) 12.639ms
[2025-10-31T01:13:32.344+0000][gc,cpu        ] GC(585) User=0.02s Sys=0.00s Real=0.01s
[2025-10-31T01:14:26.413+0000][gc,start      ] GC(586) Pause Young (Normal) (G1 Evacuation Pause)
[2025-10-31T01:14:26.413+0000][gc,task       ] GC(586) Using 2 workers of 2 for evacuation
[2025-10-31T01:14:26.425+0000][gc,phases     ] GC(586)   Pre Evacuate Collection Set: 0.0ms
[2025-10-31T01:14:26.425+0000][gc,phases     ] GC(586)   Evacuate Collection Set: 11.1ms
[2025-10-31T01:14:26.425+0000][gc,phases     ] GC(586)   Post Evacuate Collection Set: 0.7ms
[2025-10-31T01:14:26.426+0000][gc,phases     ] GC(586)   Other: 0.6ms
[2025-10-31T01:14:26.426+0000][gc,heap       ] GC(586) Eden regions: 22->0(22)
[2025-10-31T01:14:26.426+0000][gc,heap       ] GC(586) Survivor regions: 3->3(4)
[2025-10-31T01:14:26.426+0000][gc,heap       ] GC(586) Old regions: 310->311
[2025-10-31T01:14:26.426+0000][gc,heap       ] GC(586) Humongous regions: 147->147
[2025-10-31T01:14:26.427+0000][gc,metaspace  ] GC(586) Metaspace: 52893K(56240K)->52893K(56240K) NonClass: 47034K(48816K)->47034K(48816K) Class: 5859K(7424K)->5859K(7424K)
[2025-10-31T01:14:26.428+0000][gc            ] GC(586) Pause Young (Normal) (G1 Evacuation Pause) 480M->460M(512M) 14.973ms
[2025-10-31T01:14:26.428+0000][gc,cpu        ] GC(586) User=0.02s Sys=0.00s Real=0.01s
[2025-10-31T01:14:48.098+0000][gc,start      ] GC(587) Pause Young (Normal) (G1 Evacuation Pause)
[2025-10-31T01:14:48.099+0000][gc,task       ] GC(587) Using 2 workers of 2 for evacuation
[2025-10-31T01:14:48.111+0000][gc,phases     ] GC(587)   Pre Evacuate Collection Set: 0.0ms
[2025-10-31T01:14:48.112+0000][gc,phases     ] GC(587)   Evacuate Collection Set: 11.2ms
[2025-10-31T01:14:48.112+0000][gc,phases     ] GC(587)   Post Evacuate Collection Set: 0.9ms
[2025-10-31T01:14:48.112+0000][gc,phases     ] GC(587)   Other: 0.9ms
[2025-10-31T01:14:48.113+0000][gc,heap       ] GC(587) Eden regions: 22->0(23)
[2025-10-31T01:14:48.113+0000][gc,heap       ] GC(587) Survivor regions: 3->2(4)
[2025-10-31T01:14:48.113+0000][gc,heap       ] GC(587) Old regions: 311->313
[2025-10-31T01:14:48.113+0000][gc,heap       ] GC(587) Humongous regions: 147->147
[2025-10-31T01:14:48.113+0000][gc,metaspace  ] GC(587) Metaspace: 52894K(56240K)->52894K(56240K) NonClass: 47035K(48816K)->47035K(48816K) Class: 5859K(7424K)->5859K(7424K)
[2025-10-31T01:14:48.114+0000][gc            ] GC(587) Pause Young (Normal) (G1 Evacuation Pause) 482M->461M(512M) 15.132ms
[2025-10-31T01:14:48.114+0000][gc,cpu        ] GC(587) User=0.03s Sys=0.00s Real=0.01s
[2025-10-31T01:15:45.507+0000][gc,start      ] GC(588) Pause Young (Concurrent Start) (G1 Evacuation Pause)
[2025-10-31T01:15:45.507+0000][gc,task       ] GC(588) Using 2 workers of 2 for evacuation
[2025-10-31T01:15:45.518+0000][gc,phases     ] GC(588)   Pre Evacuate Collection Set: 0.2ms
[2025-10-31T01:15:45.518+0000][gc,phases     ] GC(588)   Evacuate Collection Set: 9.4ms
[2025-10-31T01:15:45.518+0000][gc,phases     ] GC(588)   Post Evacuate Collection Set: 0.6ms
[2025-10-31T01:15:45.518+0000][gc,phases     ] GC(588)   Other: 0.8ms
[2025-10-31T01:15:45.519+0000][gc,heap       ] GC(588) Eden regions: 23->0(21)
[2025-10-31T01:15:45.519+0000][gc,heap       ] GC(588) Survivor regions: 2->4(4)
[2025-10-31T01:15:45.519+0000][gc,heap       ] GC(588) Old regions: 313->313
[2025-10-31T01:15:45.519+0000][gc,heap       ] GC(588) Humongous regions: 147->147
[2025-10-31T01:15:45.519+0000][gc,metaspace  ] GC(588) Metaspace: 52894K(56240K)->52894K(56240K) NonClass: 47035K(48816K)->47035K(48816K) Class: 5859K(7424K)->5859K(7424K)
[2025-10-31T01:15:45.519+0000][gc            ] GC(588) Pause Young (Concurrent Start) (G1 Evacuation Pause) 484M->463M(512M) 12.348ms
[2025-10-31T01:15:45.519+0000][gc,cpu        ] GC(588) User=0.02s Sys=0.00s Real=0.02s
[2025-10-31T01:15:45.520+0000][gc            ] GC(589) Concurrent Cycle
[2025-10-31T01:15:45.520+0000][gc,marking    ] GC(589) Concurrent Clear Claimed Marks
[2025-10-31T01:15:45.521+0000][gc,marking    ] GC(589) Concurrent Clear Claimed Marks 0.607ms
[2025-10-31T01:15:45.521+0000][gc,marking    ] GC(589) Concurrent Scan Root Regions
[2025-10-31T01:15:45.525+0000][gc,marking    ] GC(589) Concurrent Scan Root Regions 4.430ms
[2025-10-31T01:15:45.525+0000][gc,marking    ] GC(589) Concurrent Mark (26788.732s)
[2025-10-31T01:15:45.526+0000][gc,marking    ] GC(589) Concurrent Mark From Roots
[2025-10-31T01:15:45.526+0000][gc,task       ] GC(589) Using 1 workers of 1 for marking
[2025-10-31T01:15:45.560+0000][gc,marking    ] GC(589) Concurrent Mark From Roots 34.019ms
[2025-10-31T01:15:45.560+0000][gc,marking    ] GC(589) Concurrent Preclean
[2025-10-31T01:15:45.560+0000][gc,marking    ] GC(589) Concurrent Preclean 0.306ms
[2025-10-31T01:15:45.560+0000][gc,marking    ] GC(589) Concurrent Mark (26788.732s, 26788.767s) 34.812ms
[2025-10-31T01:15:45.561+0000][gc,start      ] GC(589) Pause Remark
[2025-10-31T01:15:45.570+0000][gc,stringtable] GC(589) Cleaned string and symbol table, strings: 17022 processed, 5 removed, symbols: 123727 processed, 0 removed
[2025-10-31T01:15:45.570+0000][gc            ] GC(589) Pause Remark 463M->345M(512M) 9.732ms
[2025-10-31T01:15:45.571+0000][gc,cpu        ] GC(589) User=0.02s Sys=0.00s Real=0.01s
[2025-10-31T01:15:45.571+0000][gc,marking    ] GC(589) Concurrent Rebuild Remembered Sets
[2025-10-31T01:15:45.592+0000][gc,marking    ] GC(589) Concurrent Rebuild Remembered Sets 20.583ms
[2025-10-31T01:15:45.592+0000][gc,start      ] GC(589) Pause Cleanup
[2025-10-31T01:15:45.593+0000][gc            ] GC(589) Pause Cleanup 345M->345M(512M) 0.421ms
[2025-10-31T01:15:45.593+0000][gc,cpu        ] GC(589) User=0.00s Sys=0.00s Real=0.00s
[2025-10-31T01:15:45.593+0000][gc,marking    ] GC(589) Concurrent Cleanup for Next Mark
[2025-10-31T01:15:45.594+0000][gc,marking    ] GC(589) Concurrent Cleanup for Next Mark 0.668ms
[2025-10-31T01:15:45.594+0000][gc            ] GC(589) Concurrent Cycle 74.293ms
[2025-10-31T01:16:42.296+0000][gc,start      ] GC(590) Pause Young (Prepare Mixed) (G1 Evacuation Pause)
[2025-10-31T01:16:42.296+0000][gc,task       ] GC(590) Using 2 workers of 2 for evacuation
[2025-10-31T01:16:42.310+0000][gc,phases     ] GC(590)   Pre Evacuate Collection Set: 0.0ms
[2025-10-31T01:16:42.310+0000][gc,phases     ] GC(590)   Evacuate Collection Set: 12.5ms
[2025-10-31T01:16:42.310+0000][gc,phases     ] GC(590)   Post Evacuate Collection Set: 0.7ms
[2025-10-31T01:16:42.311+0000][gc,phases     ] GC(590)   Other: 0.7ms
[2025-10-31T01:16:42.311+0000][gc,heap       ] GC(590) Eden regions: 21->0(22)
[2025-10-31T01:16:42.311+0000][gc,heap       ] GC(590) Survivor regions: 4->3(4)
[2025-10-31T01:16:42.311+0000][gc,heap       ] GC(590) Old regions: 195->198
[2025-10-31T01:16:42.311+0000][gc,heap       ] GC(590) Humongous regions: 147->147
[2025-10-31T01:16:42.312+0000][gc,metaspace  ] GC(590) Metaspace: 52894K(56240K)->52894K(56240K) NonClass: 47035K(48816K)->47035K(48816K) Class: 5859K(7424K)->5859K(7424K)
[2025-10-31T01:16:42.312+0000][gc            ] GC(590) Pause Young (Prepare Mixed) (G1 Evacuation Pause) 366M->347M(512M) 16.091ms
[2025-10-31T01:16:42.312+0000][gc,cpu        ] GC(590) User=0.02s Sys=0.00s Real=0.02s
[2025-10-31T01:17:46.366+0000][gc,start      ] GC(591) Pause Young (Mixed) (G1 Evacuation Pause)
[2025-10-31T01:17:46.367+0000][gc,task       ] GC(591) Using 2 workers of 2 for evacuation
[2025-10-31T01:17:46.378+0000][gc,phases     ] GC(591)   Pre Evacuate Collection Set: 0.1ms
[2025-10-31T01:17:46.379+0000][gc,phases     ] GC(591)   Evacuate Collection Set: 10.4ms
[2025-10-31T01:17:46.379+0000][gc,phases     ] GC(591)   Post Evacuate Collection Set: 0.6ms
[2025-10-31T01:17:46.379+0000][gc,phases     ] GC(591)   Other: 1.1ms
[2025-10-31T01:17:46.379+0000][gc,heap       ] GC(591) Eden regions: 22->0(22)
[2025-10-31T01:17:46.379+0000][gc,heap       ] GC(591) Survivor regions: 3->3(4)
[2025-10-31T01:17:46.379+0000][gc,heap       ] GC(591) Old regions: 198->177
[2025-10-31T01:17:46.379+0000][gc,heap       ] GC(591) Humongous regions: 147->147
[2025-10-31T01:17:46.380+0000][gc,metaspace  ] GC(591) Metaspace: 52894K(56240K)->52894K(56240K) NonClass: 47035K(48816K)->47035K(48816K) Class: 5859K(7424K)->5859K(7424K)
[2025-10-31T01:17:46.380+0000][gc            ] GC(591) Pause Young (Mixed) (G1 Evacuation Pause) 369M->326M(512M) 13.469ms
[2025-10-31T01:17:46.380+0000][gc,cpu        ] GC(591) User=0.02s Sys=0.00s Real=0.01s
[2025-10-31T01:18:39.951+0000][gc,start      ] GC(592) Pause Young (Mixed) (G1 Evacuation Pause)
[2025-10-31T01:18:39.951+0000][gc,task       ] GC(592) Using 2 workers of 2 for evacuation
[2025-10-31T01:18:39.960+0000][gc,phases     ] GC(592)   Pre Evacuate Collection Set: 0.0ms
[2025-10-31T01:18:39.961+0000][gc,phases     ] GC(592)   Evacuate Collection Set: 8.5ms
[2025-10-31T01:18:39.961+0000][gc,phases     ] GC(592)   Post Evacuate Collection Set: 0.7ms
[2025-10-31T01:18:39.961+0000][gc,phases     ] GC(592)   Other: 0.5ms
[2025-10-31T01:18:39.961+0000][gc,heap       ] GC(592) Eden regions: 22->0(23)
[2025-10-31T01:18:39.961+0000][gc,heap       ] GC(592) Survivor regions: 3->2(4)
[2025-10-31T01:18:39.962+0000][gc,heap       ] GC(592) Old regions: 177->156
[2025-10-31T01:18:39.962+0000][gc,heap       ] GC(592) Humongous regions: 147->147
[2025-10-31T01:18:39.962+0000][gc,metaspace  ] GC(592) Metaspace: 52895K(56240K)->52895K(56240K) NonClass: 47036K(48816K)->47036K(48816K) Class: 5859K(7424K)->5859K(7424K)
[2025-10-31T01:18:39.962+0000][gc            ] GC(592) Pause Young (Mixed) (G1 Evacuation Pause) 348M->304M(512M) 11.483ms
[2025-10-31T01:18:39.962+0000][gc,cpu        ] GC(592) User=0.02s Sys=0.00s Real=0.01s
[2025-10-31T01:19:39.202+0000][gc,start      ] GC(593) Pause Young (Mixed) (G1 Evacuation Pause)
[2025-10-31T01:19:39.202+0000][gc,task       ] GC(593) Using 2 workers of 2 for evacuation
[2025-10-31T01:19:39.212+0000][gc,phases     ] GC(593)   Pre Evacuate Collection Set: 0.0ms
[2025-10-31T01:19:39.212+0000][gc,phases     ] GC(593)   Evacuate Collection Set: 9.2ms
[2025-10-31T01:19:39.212+0000][gc,phases     ] GC(593)   Post Evacuate Collection Set: 0.7ms
[2025-10-31T01:19:39.213+0000][gc,phases     ] GC(593)   Other: 0.6ms
[2025-10-31T01:19:39.213+0000][gc,heap       ] GC(593) Eden regions: 23->0(21)
[2025-10-31T01:19:39.213+0000][gc,heap       ] GC(593) Survivor regions: 2->4(4)
[2025-10-31T01:19:39.213+0000][gc,heap       ] GC(593) Old regions: 156->117
[2025-10-31T01:19:39.213+0000][gc,heap       ] GC(593) Humongous regions: 147->147
[2025-10-31T01:19:39.213+0000][gc,metaspace  ] GC(593) Metaspace: 52901K(56240K)->52901K(56240K) NonClass: 47042K(48816K)->47042K(48816K) Class: 5859K(7424K)->5859K(7424K)
[2025-10-31T01:19:39.214+0000][gc            ] GC(593) Pause Young (Mixed) (G1 Evacuation Pause) 327M->267M(512M) 11.888ms
[2025-10-31T01:19:39.214+0000][gc,cpu        ] GC(593) User=0.02s Sys=0.00s Real=0.02s
[2025-10-31T01:20:37.320+0000][gc,start      ] GC(594) Pause Young (Mixed) (G1 Evacuation Pause)
[2025-10-31T01:20:37.321+0000][gc,task       ] GC(594) Using 2 workers of 2 for evacuation
[2025-10-31T01:20:37.341+0000][gc,phases     ] GC(594)   Pre Evacuate Collection Set: 0.1ms
[2025-10-31T01:20:37.341+0000][gc,phases     ] GC(594)   Evacuate Collection Set: 18.6ms
[2025-10-31T01:20:37.341+0000][gc,phases     ] GC(594)   Post Evacuate Collection Set: 0.8ms
[2025-10-31T01:20:37.341+0000][gc,phases     ] GC(594)   Other: 1.0ms
[2025-10-31T01:20:37.342+0000][gc,heap       ] GC(594) Eden regions: 21->0(22)
[2025-10-31T01:20:37.342+0000][gc,heap       ] GC(594) Survivor regions: 4->3(4)
[2025-10-31T01:20:37.342+0000][gc,heap       ] GC(594) Old regions: 117->68
[2025-10-31T01:20:37.342+0000][gc,heap       ] GC(594) Humongous regions: 147->147
[2025-10-31T01:20:37.343+0000][gc,metaspace  ] GC(594) Metaspace: 52901K(56240K)->52901K(56240K) NonClass: 47042K(48816K)->47042K(48816K) Class: 5859K(7424K)->5859K(7424K)
[2025-10-31T01:20:37.343+0000][gc            ] GC(594) Pause Young (Mixed) (G1 Evacuation Pause) 288M->217M(512M) 22.531ms
[2025-10-31T01:20:37.343+0000][gc,cpu        ] GC(594) User=0.04s Sys=0.00s Real=0.02s
[2025-10-31T01:21:01.953+0000][gc,start      ] GC(595) Pause Young (Mixed) (G1 Evacuation Pause)
[2025-10-31T01:21:01.953+0000][gc,task       ] GC(595) Using 2 workers of 2 for evacuation
[2025-10-31T01:21:01.965+0000][gc,phases     ] GC(595)   Pre Evacuate Collection Set: 0.1ms
[2025-10-31T01:21:01.965+0000][gc,phases     ] GC(595)   Evacuate Collection Set: 10.4ms
[2025-10-31T01:21:01.965+0000][gc,phases     ] GC(595)   Post Evacuate Collection Set: 0.7ms
[2025-10-31T01:21:01.965+0000][gc,phases     ] GC(595)   Other: 0.9ms
[2025-10-31T01:21:01.965+0000][gc,heap       ] GC(595) Eden regions: 22->0(43)
[2025-10-31T01:21:01.965+0000][gc,heap       ] GC(595) Survivor regions: 3->3(4)
[2025-10-31T01:21:01.965+0000][gc,heap       ] GC(595) Old regions: 68->58
[2025-10-31T01:21:01.966+0000][gc,heap       ] GC(595) Humongous regions: 147->147
[2025-10-31T01:21:01.966+0000][gc,metaspace  ] GC(595) Metaspace: 52911K(56240K)->52911K(56240K) NonClass: 47052K(48816K)->47052K(48816K) Class: 5859K(7424K)->5859K(7424K)
[2025-10-31T01:21:01.966+0000][gc            ] GC(595) Pause Young (Mixed) (G1 Evacuation Pause) 239M->206M(512M) 13.256ms
[2025-10-31T01:21:01.966+0000][gc,cpu        ] GC(595) User=0.03s Sys=0.00s Real=0.02s
[2025-10-31T01:22:28.115+0000][gc,start      ] GC(596) Pause Young (Normal) (G1 Evacuation Pause)
[2025-10-31T01:22:28.116+0000][gc,task       ] GC(596) Using 2 workers of 2 for evacuation
[2025-10-31T01:22:28.128+0000][gc,phases     ] GC(596)   Pre Evacuate Collection Set: 0.0ms
[2025-10-31T01:22:28.128+0000][gc,phases     ] GC(596)   Evacuate Collection Set: 11.0ms
[2025-10-31T01:22:28.128+0000][gc,phases     ] GC(596)   Post Evacuate Collection Set: 0.7ms
[2025-10-31T01:22:28.128+0000][gc,phases     ] GC(596)   Other: 0.7ms
[2025-10-31T01:22:28.128+0000][gc,heap       ] GC(596) Eden regions: 35->0(45)
[2025-10-31T01:22:28.129+0000][gc,heap       ] GC(596) Survivor regions: 3->5(5)
[2025-10-31T01:22:28.129+0000][gc,heap       ] GC(596) Old regions: 58->58
[2025-10-31T01:22:28.129+0000][gc,heap       ] GC(596) Humongous regions: 147->147
[2025-10-31T01:22:28.129+0000][gc,metaspace  ] GC(596) Metaspace: 52911K(56240K)->52911K(56240K) NonClass: 47052K(48816K)->47052K(48816K) Class: 5859K(7424K)->5859K(7424K)
[2025-10-31T01:22:28.129+0000][gc            ] GC(596) Pause Young (Normal) (G1 Evacuation Pause) 241M->209M(512M) 13.680ms
[2025-10-31T01:22:28.129+0000][gc,cpu        ] GC(596) User=0.02s Sys=0.00s Real=0.02s
[2025-10-31T01:24:17.209+0000][gc,start      ] GC(597) Pause Young (Normal) (G1 Evacuation Pause)
[2025-10-31T01:24:17.209+0000][gc,task       ] GC(597) Using 2 workers of 2 for evacuation
[2025-10-31T01:24:17.227+0000][gc,phases     ] GC(597)   Pre Evacuate Collection Set: 0.1ms
[2025-10-31T01:24:17.227+0000][gc,phases     ] GC(597)   Evacuate Collection Set: 16.8ms
[2025-10-31T01:24:17.228+0000][gc,phases     ] GC(597)   Post Evacuate Collection Set: 0.7ms
[2025-10-31T01:24:17.228+0000][gc,phases     ] GC(597)   Other: 0.7ms
[2025-10-31T01:24:17.228+0000][gc,heap       ] GC(597) Eden regions: 45->0(44)
[2025-10-31T01:24:17.228+0000][gc,heap       ] GC(597) Survivor regions: 5->7(7)
[2025-10-31T01:24:17.228+0000][gc,heap       ] GC(597) Old regions: 58->60
[2025-10-31T01:24:17.228+0000][gc,heap       ] GC(597) Humongous regions: 147->147
[2025-10-31T01:24:17.229+0000][gc,metaspace  ] GC(597) Metaspace: 52911K(56240K)->52911K(56240K) NonClass: 47052K(48816K)->47052K(48816K) Class: 5859K(7424K)->5859K(7424K)
[2025-10-31T01:24:17.229+0000][gc            ] GC(597) Pause Young (Normal) (G1 Evacuation Pause) 254M->213M(512M) 20.015ms
[2025-10-31T01:24:17.229+0000][gc,cpu        ] GC(597) User=0.03s Sys=0.00s Real=0.02s
[2025-10-31T01:25:52.867+0000][gc,start      ] GC(598) Pause Young (Normal) (G1 Evacuation Pause)
[2025-10-31T01:25:52.868+0000][gc,task       ] GC(598) Using 2 workers of 2 for evacuation
[2025-10-31T01:25:52.886+0000][gc,phases     ] GC(598)   Pre Evacuate Collection Set: 0.0ms
[2025-10-31T01:25:52.886+0000][gc,phases     ] GC(598)   Evacuate Collection Set: 17.5ms
[2025-10-31T01:25:52.886+0000][gc,phases     ] GC(598)   Post Evacuate Collection Set: 0.6ms
[2025-10-31T01:25:52.887+0000][gc,phases     ] GC(598)   Other: 0.9ms
[2025-10-31T01:25:52.887+0000][gc,heap       ] GC(598) Eden regions: 44->0(45)
[2025-10-31T01:25:52.887+0000][gc,heap       ] GC(598) Survivor regions: 7->5(7)
[2025-10-31T01:25:52.887+0000][gc,heap       ] GC(598) Old regions: 60->66
[2025-10-31T01:25:52.887+0000][gc,heap       ] GC(598) Humongous regions: 147->147
[2025-10-31T01:25:52.888+0000][gc,metaspace  ] GC(598) Metaspace: 52928K(56240K)->52928K(56240K) NonClass: 47069K(48816K)->47069K(48816K) Class: 5859K(7424K)->5859K(7424K)
[2025-10-31T01:25:52.888+0000][gc            ] GC(598) Pause Young (Normal) (G1 Evacuation Pause) 257M->217M(512M) 20.778ms
[2025-10-31T01:25:52.888+0000][gc,cpu        ] GC(598) User=0.03s Sys=0.00s Real=0.02s
[2025-10-31T01:27:19.979+0000][gc,start      ] GC(599) Pause Young (Normal) (G1 Evacuation Pause)
[2025-10-31T01:27:19.979+0000][gc,task       ] GC(599) Using 2 workers of 2 for evacuation
[2025-10-31T01:27:19.993+0000][gc,phases     ] GC(599)   Pre Evacuate Collection Set: 0.0ms
[2025-10-31T01:27:19.994+0000][gc,phases     ] GC(599)   Evacuate Collection Set: 13.1ms
[2025-10-31T01:27:19.994+0000][gc,phases     ] GC(599)   Post Evacuate Collection Set: 0.7ms
[2025-10-31T01:27:19.994+0000][gc,phases     ] GC(599)   Other: 0.7ms
[2025-10-31T01:27:19.994+0000][gc,heap       ] GC(599) Eden regions: 45->0(47)
[2025-10-31T01:27:19.994+0000][gc,heap       ] GC(599) Survivor regions: 5->5(7)
[2025-10-31T01:27:19.994+0000][gc,heap       ] GC(599) Old regions: 66->69
[2025-10-31T01:27:19.995+0000][gc,heap       ] GC(599) Humongous regions: 147->147
[2025-10-31T01:27:19.995+0000][gc,metaspace  ] GC(599) Metaspace: 52928K(56240K)->52928K(56240K) NonClass: 47069K(48816K)->47069K(48816K) Class: 5859K(7424K)->5859K(7424K)
[2025-10-31T01:27:19.995+0000][gc            ] GC(599) Pause Young (Normal) (G1 Evacuation Pause) 262M->220M(512M) 16.004ms
[2025-10-31T01:27:19.995+0000][gc,cpu        ] GC(599) User=0.02s Sys=0.00s Real=0.02s
[2025-10-31T01:28:50.762+0000][gc,start      ] GC(600) Pause Young (Normal) (G1 Evacuation Pause)
[2025-10-31T01:28:50.762+0000][gc,task       ] GC(600) Using 2 workers of 2 for evacuation
[2025-10-31T01:28:50.775+0000][gc,phases     ] GC(600)   Pre Evacuate Collection Set: 0.0ms
[2025-10-31T01:28:50.775+0000][gc,phases     ] GC(600)   Evacuate Collection Set: 12.5ms
[2025-10-31T01:28:50.776+0000][gc,phases     ] GC(600)   Post Evacuate Collection Set: 0.6ms
[2025-10-31T01:28:50.776+0000][gc,phases     ] GC(600)   Other: 0.6ms
[2025-10-31T01:28:50.776+0000][gc,heap       ] GC(600) Eden regions: 47->0(51)
[2025-10-31T01:28:50.776+0000][gc,heap       ] GC(600) Survivor regions: 5->4(7)
[2025-10-31T01:28:50.776+0000][gc,heap       ] GC(600) Old regions: 69->73
[2025-10-31T01:28:50.777+0000][gc,heap       ] GC(600) Humongous regions: 147->147
[2025-10-31T01:28:50.777+0000][gc,metaspace  ] GC(600) Metaspace: 52928K(56240K)->52928K(56240K) NonClass: 47069K(48816K)->47069K(48816K) Class: 5859K(7424K)->5859K(7424K)
[2025-10-31T01:28:50.777+0000][gc            ] GC(600) Pause Young (Normal) (G1 Evacuation Pause) 267M->223M(512M) 15.508ms
[2025-10-31T01:28:50.777+0000][gc,cpu        ] GC(600) User=0.03s Sys=0.00s Real=0.01s
[2025-10-31T01:30:19.672+0000][gc,start      ] GC(601) Pause Young (Normal) (G1 Evacuation Pause)
[2025-10-31T01:30:19.673+0000][gc,task       ] GC(601) Using 2 workers of 2 for evacuation
[2025-10-31T01:30:19.690+0000][gc,phases     ] GC(601)   Pre Evacuate Collection Set: 0.0ms
[2025-10-31T01:30:19.690+0000][gc,phases     ] GC(601)   Evacuate Collection Set: 15.0ms
[2025-10-31T01:30:19.690+0000][gc,phases     ] GC(601)   Post Evacuate Collection Set: 0.8ms
[2025-10-31T01:30:19.690+0000][gc,phases     ] GC(601)   Other: 1.5ms
[2025-10-31T01:30:19.691+0000][gc,heap       ] GC(601) Eden regions: 51->0(51)
[2025-10-31T01:30:19.691+0000][gc,heap       ] GC(601) Survivor regions: 4->5(7)
[2025-10-31T01:30:19.691+0000][gc,heap       ] GC(601) Old regions: 73->76
[2025-10-31T01:30:19.691+0000][gc,heap       ] GC(601) Humongous regions: 147->147
[2025-10-31T01:30:19.691+0000][gc,metaspace  ] GC(601) Metaspace: 52932K(56240K)->52932K(56240K) NonClass: 47073K(48816K)->47073K(48816K) Class: 5859K(7424K)->5859K(7424K)
[2025-10-31T01:30:19.692+0000][gc            ] GC(601) Pause Young (Normal) (G1 Evacuation Pause) 274M->227M(512M) 19.356ms
[2025-10-31T01:30:19.692+0000][gc,cpu        ] GC(601) User=0.03s Sys=0.00s Real=0.01s
[2025-10-31T01:32:12.432+0000][gc,start      ] GC(602) Pause Young (Normal) (G1 Evacuation Pause)
[2025-10-31T01:32:12.432+0000][gc,task       ] GC(602) Using 2 workers of 2 for evacuation
[2025-10-31T01:32:12.446+0000][gc,phases     ] GC(602)   Pre Evacuate Collection Set: 0.0ms
[2025-10-31T01:32:12.446+0000][gc,phases     ] GC(602)   Evacuate Collection Set: 13.2ms
[2025-10-31T01:32:12.447+0000][gc,phases     ] GC(602)   Post Evacuate Collection Set: 0.6ms
[2025-10-31T01:32:12.447+0000][gc,phases     ] GC(602)   Other: 0.7ms
[2025-10-31T01:32:12.447+0000][gc,heap       ] GC(602) Eden regions: 51->0(54)
[2025-10-31T01:32:12.447+0000][gc,heap       ] GC(602) Survivor regions: 5->6(7)
[2025-10-31T01:32:12.447+0000][gc,heap       ] GC(602) Old regions: 76->79
[2025-10-31T01:32:12.447+0000][gc,heap       ] GC(602) Humongous regions: 147->147
[2025-10-31T01:32:12.447+0000][gc,metaspace  ] GC(602) Metaspace: 52932K(56240K)->52932K(56240K) NonClass: 47073K(48816K)->47073K(48816K) Class: 5859K(7424K)->5859K(7424K)
[2025-10-31T01:32:12.448+0000][gc            ] GC(602) Pause Young (Normal) (G1 Evacuation Pause) 278M->231M(512M) 15.954ms
[2025-10-31T01:32:12.448+0000][gc,cpu        ] GC(602) User=0.02s Sys=0.00s Real=0.02s
[2025-10-31T01:34:13.157+0000][gc,start      ] GC(603) Pause Young (Normal) (G1 Evacuation Pause)
[2025-10-31T01:34:13.157+0000][gc,task       ] GC(603) Using 2 workers of 2 for evacuation
[2025-10-31T01:34:13.174+0000][gc,phases     ] GC(603)   Pre Evacuate Collection Set: 0.0ms
[2025-10-31T01:34:13.174+0000][gc,phases     ] GC(603)   Evacuate Collection Set: 16.2ms
[2025-10-31T01:34:13.175+0000][gc,phases     ] GC(603)   Post Evacuate Collection Set: 0.6ms
[2025-10-31T01:34:13.175+0000][gc,phases     ] GC(603)   Other: 0.6ms
[2025-10-31T01:34:13.175+0000][gc,heap       ] GC(603) Eden regions: 54->0(55)
[2025-10-31T01:34:13.175+0000][gc,heap       ] GC(603) Survivor regions: 6->6(8)
[2025-10-31T01:34:13.175+0000][gc,heap       ] GC(603) Old regions: 79->83
[2025-10-31T01:34:13.175+0000][gc,heap       ] GC(603) Humongous regions: 147->147
[2025-10-31T01:34:13.175+0000][gc,metaspace  ] GC(603) Metaspace: 52932K(56240K)->52932K(56240K) NonClass: 47073K(48816K)->47073K(48816K) Class: 5859K(7424K)->5859K(7424K)
[2025-10-31T01:34:13.175+0000][gc            ] GC(603) Pause Young (Normal) (G1 Evacuation Pause) 285M->235M(512M) 18.600ms
[2025-10-31T01:34:13.176+0000][gc,cpu        ] GC(603) User=0.04s Sys=0.00s Real=0.02s
[2025-10-31T01:36:14.192+0000][gc,start      ] GC(604) Pause Young (Normal) (G1 Evacuation Pause)
[2025-10-31T01:36:14.192+0000][gc,task       ] GC(604) Using 2 workers of 2 for evacuation
[2025-10-31T01:36:14.208+0000][gc,phases     ] GC(604)   Pre Evacuate Collection Set: 0.0ms
[2025-10-31T01:36:14.208+0000][gc,phases     ] GC(604)   Evacuate Collection Set: 15.3ms
[2025-10-31T01:36:14.208+0000][gc,phases     ] GC(604)   Post Evacuate Collection Set: 0.6ms
[2025-10-31T01:36:14.208+0000][gc,phases     ] GC(604)   Other: 0.5ms
[2025-10-31T01:36:14.209+0000][gc,heap       ] GC(604) Eden regions: 55->0(58)
[2025-10-31T01:36:14.209+0000][gc,heap       ] GC(604) Survivor regions: 6->6(8)
[2025-10-31T01:36:14.209+0000][gc,heap       ] GC(604) Old regions: 83->87
[2025-10-31T01:36:14.209+0000][gc,heap       ] GC(604) Humongous regions: 147->147
[2025-10-31T01:36:14.209+0000][gc,metaspace  ] GC(604) Metaspace: 52932K(56240K)->52932K(56240K) NonClass: 47073K(48816K)->47073K(48816K) Class: 5859K(7424K)->5859K(7424K)
[2025-10-31T01:36:14.209+0000][gc            ] GC(604) Pause Young (Normal) (G1 Evacuation Pause) 290M->239M(512M) 17.736ms
[2025-10-31T01:36:14.209+0000][gc,cpu        ] GC(604) User=0.03s Sys=0.00s Real=0.01s
[2025-10-31T01:38:24.708+0000][gc,start      ] GC(605) Pause Young (Normal) (G1 Evacuation Pause)
[2025-10-31T01:38:24.709+0000][gc,task       ] GC(605) Using 2 workers of 2 for evacuation
[2025-10-31T01:38:24.726+0000][gc,phases     ] GC(605)   Pre Evacuate Collection Set: 0.0ms
[2025-10-31T01:38:24.726+0000][gc,phases     ] GC(605)   Evacuate Collection Set: 16.1ms
[2025-10-31T01:38:24.726+0000][gc,phases     ] GC(605)   Post Evacuate Collection Set: 0.6ms
[2025-10-31T01:38:24.726+0000][gc,phases     ] GC(605)   Other: 0.6ms
[2025-10-31T01:38:24.726+0000][gc,heap       ] GC(605) Eden regions: 58->0(59)
[2025-10-31T01:38:24.726+0000][gc,heap       ] GC(605) Survivor regions: 6->6(8)
[2025-10-31T01:38:24.727+0000][gc,heap       ] GC(605) Old regions: 87->92
[2025-10-31T01:38:24.727+0000][gc,heap       ] GC(605) Humongous regions: 147->147
[2025-10-31T01:38:24.727+0000][gc,metaspace  ] GC(605) Metaspace: 52932K(56240K)->52932K(56240K) NonClass: 47073K(48816K)->47073K(48816K) Class: 5859K(7424K)->5859K(7424K)
[2025-10-31T01:38:24.727+0000][gc            ] GC(605) Pause Young (Normal) (G1 Evacuation Pause) 297M->244M(512M) 18.710ms
[2025-10-31T01:38:24.727+0000][gc,cpu        ] GC(605) User=0.04s Sys=0.00s Real=0.02s
[2025-10-31T01:39:53.629+0000][gc,start      ] GC(606) Pause Young (Normal) (G1 Evacuation Pause)
[2025-10-31T01:39:53.629+0000][gc,task       ] GC(606) Using 2 workers of 2 for evacuation
[2025-10-31T01:39:53.646+0000][gc,phases     ] GC(606)   Pre Evacuate Collection Set: 0.0ms
[2025-10-31T01:39:53.646+0000][gc,phases     ] GC(606)   Evacuate Collection Set: 15.1ms
[2025-10-31T01:39:53.646+0000][gc,phases     ] GC(606)   Post Evacuate Collection Set: 0.7ms
[2025-10-31T01:39:53.646+0000][gc,phases     ] GC(606)   Other: 1.3ms
[2025-10-31T01:39:53.646+0000][gc,heap       ] GC(606) Eden regions: 59->0(64)
[2025-10-31T01:39:53.646+0000][gc,heap       ] GC(606) Survivor regions: 6->6(9)
[2025-10-31T01:39:53.646+0000][gc,heap       ] GC(606) Old regions: 92->96
[2025-10-31T01:39:53.647+0000][gc,heap       ] GC(606) Humongous regions: 147->147
[2025-10-31T01:39:53.647+0000][gc,metaspace  ] GC(606) Metaspace: 52932K(56240K)->52932K(56240K) NonClass: 47073K(48816K)->47073K(48816K) Class: 5859K(7424K)->5859K(7424K)
[2025-10-31T01:39:53.647+0000][gc            ] GC(606) Pause Young (Normal) (G1 Evacuation Pause) 303M->248M(512M) 18.259ms
[2025-10-31T01:39:53.647+0000][gc,cpu        ] GC(606) User=0.03s Sys=0.00s Real=0.02s
[2025-10-31T01:41:58.147+0000][gc,start      ] GC(607) Pause Young (Normal) (G1 Evacuation Pause)
[2025-10-31T01:41:58.148+0000][gc,task       ] GC(607) Using 2 workers of 2 for evacuation
[2025-10-31T01:41:58.179+0000][gc,mmu        ] GC(607) MMU target violated: 21.0ms (20.0ms/21.0ms)
[2025-10-31T01:41:58.183+0000][gc,phases     ] GC(607)   Pre Evacuate Collection Set: 0.2ms
[2025-10-31T01:41:58.184+0000][gc,phases     ] GC(607)   Evacuate Collection Set: 29.6ms
[2025-10-31T01:41:58.185+0000][gc,phases     ] GC(607)   Post Evacuate Collection Set: 1.1ms
[2025-10-31T01:41:58.185+0000][gc,phases     ] GC(607)   Other: 4.8ms
[2025-10-31T01:41:58.186+0000][gc,heap       ] GC(607) Eden regions: 64->0(28)
[2025-10-31T01:41:58.187+0000][gc,heap       ] GC(607) Survivor regions: 6->5(9)
[2025-10-31T01:41:58.188+0000][gc,heap       ] GC(607) Old regions: 96->100
[2025-10-31T01:41:58.191+0000][gc,heap       ] GC(607) Humongous regions: 147->147
[2025-10-31T01:41:58.191+0000][gc,metaspace  ] GC(607) Metaspace: 52939K(56240K)->52939K(56240K) NonClass: 47080K(48816K)->47080K(48816K) Class: 5859K(7424K)->5859K(7424K)
[2025-10-31T01:41:58.192+0000][gc            ] GC(607) Pause Young (Normal) (G1 Evacuation Pause) 312M->251M(512M) 44.663ms
[2025-10-31T01:41:58.192+0000][gc,cpu        ] GC(607) User=0.06s Sys=0.00s Real=0.04s
[2025-10-31T01:42:38.276+0000][gc,start      ] GC(608) Pause Young (Normal) (G1 Evacuation Pause)
[2025-10-31T01:42:38.276+0000][gc,task       ] GC(608) Using 2 workers of 2 for evacuation
[2025-10-31T01:42:38.295+0000][gc,phases     ] GC(608)   Pre Evacuate Collection Set: 0.1ms
[2025-10-31T01:42:38.295+0000][gc,phases     ] GC(608)   Evacuate Collection Set: 17.2ms
[2025-10-31T01:42:38.296+0000][gc,phases     ] GC(608)   Post Evacuate Collection Set: 0.8ms
[2025-10-31T01:42:38.296+0000][gc,phases     ] GC(608)   Other: 1.0ms
[2025-10-31T01:42:38.296+0000][gc,heap       ] GC(608) Eden regions: 28->0(33)
[2025-10-31T01:42:38.297+0000][gc,heap       ] GC(608) Survivor regions: 5->3(5)
[2025-10-31T01:42:38.297+0000][gc,heap       ] GC(608) Old regions: 100->104
[2025-10-31T01:42:38.298+0000][gc,heap       ] GC(608) Humongous regions: 147->147
[2025-10-31T01:42:38.298+0000][gc,metaspace  ] GC(608) Metaspace: 52939K(56240K)->52939K(56240K) NonClass: 47080K(48816K)->47080K(48816K) Class: 5859K(7424K)->5859K(7424K)
[2025-10-31T01:42:38.298+0000][gc            ] GC(608) Pause Young (Normal) (G1 Evacuation Pause) 279M->253M(512M) 22.609ms
[2025-10-31T01:42:38.299+0000][gc,cpu        ] GC(608) User=0.04s Sys=0.00s Real=0.02s
[2025-10-31T01:43:17.744+0000][gc,start      ] GC(609) Pause Young (Normal) (G1 Evacuation Pause)
[2025-10-31T01:43:17.744+0000][gc,task       ] GC(609) Using 2 workers of 2 for evacuation
[2025-10-31T01:43:17.754+0000][gc,phases     ] GC(609)   Pre Evacuate Collection Set: 0.0ms
[2025-10-31T01:43:17.754+0000][gc,phases     ] GC(609)   Evacuate Collection Set: 8.9ms
[2025-10-31T01:43:17.754+0000][gc,phases     ] GC(609)   Post Evacuate Collection Set: 0.7ms
[2025-10-31T01:43:17.754+0000][gc,phases     ] GC(609)   Other: 0.7ms
[2025-10-31T01:43:17.754+0000][gc,heap       ] GC(609) Eden regions: 22->0(37)
[2025-10-31T01:43:17.755+0000][gc,heap       ] GC(609) Survivor regions: 3->2(4)
[2025-10-31T01:43:17.755+0000][gc,heap       ] GC(609) Old regions: 104->107
[2025-10-31T01:43:17.755+0000][gc,heap       ] GC(609) Humongous regions: 147->147
[2025-10-31T01:43:17.755+0000][gc,metaspace  ] GC(609) Metaspace: 52939K(56240K)->52939K(56240K) NonClass: 47080K(48816K)->47080K(48816K) Class: 5859K(7424K)->5859K(7424K)
[2025-10-31T01:43:17.755+0000][gc            ] GC(609) Pause Young (Normal) (G1 Evacuation Pause) 275M->255M(512M) 11.593ms
[2025-10-31T01:43:17.755+0000][gc,cpu        ] GC(609) User=0.02s Sys=0.00s Real=0.01s
[2025-10-31T01:44:13.174+0000][gc,start      ] GC(610) Pause Young (Normal) (G1 Evacuation Pause)
[2025-10-31T01:44:13.174+0000][gc,task       ] GC(610) Using 2 workers of 2 for evacuation
[2025-10-31T01:44:13.187+0000][gc,phases     ] GC(610)   Pre Evacuate Collection Set: 0.0ms
[2025-10-31T01:44:13.187+0000][gc,phases     ] GC(610)   Evacuate Collection Set: 11.7ms
[2025-10-31T01:44:13.188+0000][gc,phases     ] GC(610)   Post Evacuate Collection Set: 0.7ms
[2025-10-31T01:44:13.188+0000][gc,phases     ] GC(610)   Other: 0.8ms
[2025-10-31T01:44:13.188+0000][gc,heap       ] GC(610) Eden regions: 30->0(32)
[2025-10-31T01:44:13.188+0000][gc,heap       ] GC(610) Survivor regions: 2->4(4)
[2025-10-31T01:44:13.188+0000][gc,heap       ] GC(610) Old regions: 107->107
[2025-10-31T01:44:13.188+0000][gc,heap       ] GC(610) Humongous regions: 147->147
[2025-10-31T01:44:13.189+0000][gc,metaspace  ] GC(610) Metaspace: 52939K(56240K)->52939K(56240K) NonClass: 47080K(48816K)->47080K(48816K) Class: 5859K(7424K)->5859K(7424K)
[2025-10-31T01:44:13.189+0000][gc            ] GC(610) Pause Young (Normal) (G1 Evacuation Pause) 285M->257M(512M) 14.910ms
[2025-10-31T01:44:13.189+0000][gc,cpu        ] GC(610) User=0.03s Sys=0.00s Real=0.02s
[2025-10-31T01:45:11.403+0000][gc,start      ] GC(611) Pause Young (Normal) (G1 Evacuation Pause)
[2025-10-31T01:45:11.403+0000][gc,task       ] GC(611) Using 2 workers of 2 for evacuation
[2025-10-31T01:45:11.415+0000][gc,phases     ] GC(611)   Pre Evacuate Collection Set: 0.0ms
[2025-10-31T01:45:11.416+0000][gc,phases     ] GC(611)   Evacuate Collection Set: 11.2ms
[2025-10-31T01:45:11.416+0000][gc,phases     ] GC(611)   Post Evacuate Collection Set: 0.6ms
[2025-10-31T01:45:11.416+0000][gc,phases     ] GC(611)   Other: 0.6ms
[2025-10-31T01:45:11.416+0000][gc,heap       ] GC(611) Eden regions: 32->0(34)
[2025-10-31T01:45:11.416+0000][gc,heap       ] GC(611) Survivor regions: 4->4(5)
[2025-10-31T01:45:11.416+0000][gc,heap       ] GC(611) Old regions: 107->111
[2025-10-31T01:45:11.417+0000][gc,heap       ] GC(611) Humongous regions: 147->147
[2025-10-31T01:45:11.417+0000][gc,metaspace  ] GC(611) Metaspace: 52939K(56240K)->52939K(56240K) NonClass: 47080K(48816K)->47080K(48816K) Class: 5859K(7424K)->5859K(7424K)
[2025-10-31T01:45:11.417+0000][gc            ] GC(611) Pause Young (Normal) (G1 Evacuation Pause) 289M->261M(512M) 13.803ms
[2025-10-31T01:45:11.417+0000][gc,cpu        ] GC(611) User=0.02s Sys=0.00s Real=0.01s
[2025-10-31T01:46:14.191+0000][gc,start      ] GC(612) Pause Young (Normal) (G1 Evacuation Pause)
[2025-10-31T01:46:14.191+0000][gc,task       ] GC(612) Using 2 workers of 2 for evacuation
[2025-10-31T01:46:14.203+0000][gc,phases     ] GC(612)   Pre Evacuate Collection Set: 0.0ms
[2025-10-31T01:46:14.204+0000][gc,phases     ] GC(612)   Evacuate Collection Set: 11.0ms
[2025-10-31T01:46:14.204+0000][gc,phases     ] GC(612)   Post Evacuate Collection Set: 0.7ms
[2025-10-31T01:46:14.204+0000][gc,phases     ] GC(612)   Other: 0.7ms
[2025-10-31T01:46:14.204+0000][gc,heap       ] GC(612) Eden regions: 34->0(37)
[2025-10-31T01:46:14.204+0000][gc,heap       ] GC(612) Survivor regions: 4->5(5)
[2025-10-31T01:46:14.205+0000][gc,heap       ] GC(612) Old regions: 111->113
[2025-10-31T01:46:14.205+0000][gc,heap       ] GC(612) Humongous regions: 147->147
[2025-10-31T01:46:14.205+0000][gc,metaspace  ] GC(612) Metaspace: 52939K(56240K)->52939K(56240K) NonClass: 47080K(48816K)->47080K(48816K) Class: 5859K(7424K)->5859K(7424K)
[2025-10-31T01:46:14.205+0000][gc            ] GC(612) Pause Young (Normal) (G1 Evacuation Pause) 295M->263M(512M) 14.038ms
[2025-10-31T01:46:14.205+0000][gc,cpu        ] GC(612) User=0.02s Sys=0.00s Real=0.01s
[2025-10-31T01:47:21.404+0000][gc,start      ] GC(613) Pause Young (Normal) (G1 Evacuation Pause)
[2025-10-31T01:47:21.405+0000][gc,task       ] GC(613) Using 2 workers of 2 for evacuation
[2025-10-31T01:47:21.416+0000][gc,phases     ] GC(613)   Pre Evacuate Collection Set: 0.0ms
[2025-10-31T01:47:21.416+0000][gc,phases     ] GC(613)   Evacuate Collection Set: 10.4ms
[2025-10-31T01:47:21.416+0000][gc,phases     ] GC(613)   Post Evacuate Collection Set: 0.7ms
[2025-10-31T01:47:21.417+0000][gc,phases     ] GC(613)   Other: 0.6ms
[2025-10-31T01:47:21.417+0000][gc,heap       ] GC(613) Eden regions: 37->0(41)
[2025-10-31T01:47:21.417+0000][gc,heap       ] GC(613) Survivor regions: 5->4(6)
[2025-10-31T01:47:21.417+0000][gc,heap       ] GC(613) Old regions: 113->115
[2025-10-31T01:47:21.417+0000][gc,heap       ] GC(613) Humongous regions: 147->147
[2025-10-31T01:47:21.417+0000][gc,metaspace  ] GC(613) Metaspace: 52940K(56240K)->52940K(56240K) NonClass: 47081K(48816K)->47081K(48816K) Class: 5859K(7424K)->5859K(7424K)
[2025-10-31T01:47:21.417+0000][gc            ] GC(613) Pause Young (Normal) (G1 Evacuation Pause) 300M->265M(512M) 13.031ms
[2025-10-31T01:47:21.418+0000][gc,cpu        ] GC(613) User=0.02s Sys=0.00s Real=0.01s
[2025-10-31T01:48:19.493+0000][gc,start      ] GC(614) Pause Young (Normal) (G1 Evacuation Pause)
[2025-10-31T01:48:19.493+0000][gc,task       ] GC(614) Using 2 workers of 2 for evacuation
[2025-10-31T01:48:19.506+0000][gc,phases     ] GC(614)   Pre Evacuate Collection Set: 0.0ms
[2025-10-31T01:48:19.506+0000][gc,phases     ] GC(614)   Evacuate Collection Set: 11.9ms
[2025-10-31T01:48:19.506+0000][gc,phases     ] GC(614)   Post Evacuate Collection Set: 0.6ms
[2025-10-31T01:48:19.507+0000][gc,phases     ] GC(614)   Other: 0.6ms
[2025-10-31T01:48:19.507+0000][gc,heap       ] GC(614) Eden regions: 38->0(44)
[2025-10-31T01:48:19.507+0000][gc,heap       ] GC(614) Survivor regions: 4->3(6)
[2025-10-31T01:48:19.507+0000][gc,heap       ] GC(614) Old regions: 115->118
[2025-10-31T01:48:19.507+0000][gc,heap       ] GC(614) Humongous regions: 147->147
[2025-10-31T01:48:19.508+0000][gc,metaspace  ] GC(614) Metaspace: 52942K(56240K)->52942K(56240K) NonClass: 47083K(48816K)->47083K(48816K) Class: 5859K(7424K)->5859K(7424K)
[2025-10-31T01:48:19.508+0000][gc            ] GC(614) Pause Young (Normal) (G1 Evacuation Pause) 303M->267M(512M) 14.724ms
[2025-10-31T01:48:19.508+0000][gc,cpu        ] GC(614) User=0.03s Sys=0.00s Real=0.01s
[2025-10-31T01:49:25.624+0000][gc,start      ] GC(615) Pause Young (Normal) (G1 Evacuation Pause)
[2025-10-31T01:49:25.624+0000][gc,task       ] GC(615) Using 2 workers of 2 for evacuation
[2025-10-31T01:49:25.640+0000][gc,phases     ] GC(615)   Pre Evacuate Collection Set: 0.0ms
[2025-10-31T01:49:25.640+0000][gc,phases     ] GC(615)   Evacuate Collection Set: 14.2ms
[2025-10-31T01:49:25.640+0000][gc,phases     ] GC(615)   Post Evacuate Collection Set: 0.8ms
[2025-10-31T01:49:25.640+0000][gc,phases     ] GC(615)   Other: 0.9ms
[2025-10-31T01:49:25.640+0000][gc,heap       ] GC(615) Eden regions: 38->0(40)
[2025-10-31T01:49:25.640+0000][gc,heap       ] GC(615) Survivor regions: 3->6(6)
[2025-10-31T01:49:25.640+0000][gc,heap       ] GC(615) Old regions: 118->120
[2025-10-31T01:49:25.640+0000][gc,heap       ] GC(615) Humongous regions: 147->147
[2025-10-31T01:49:25.641+0000][gc,metaspace  ] GC(615) Metaspace: 52942K(56240K)->52942K(56240K) NonClass: 47083K(48816K)->47083K(48816K) Class: 5859K(7424K)->5859K(7424K)
[2025-10-31T01:49:25.641+0000][gc            ] GC(615) Pause Young (Normal) (G1 Evacuation Pause) 305M->272M(512M) 17.181ms
[2025-10-31T01:49:25.641+0000][gc,cpu        ] GC(615) User=0.03s Sys=0.00s Real=0.02s
[2025-10-31T01:50:40.767+0000][gc,start      ] GC(616) Pause Young (Normal) (G1 Evacuation Pause)
[2025-10-31T01:50:40.767+0000][gc,task       ] GC(616) Using 2 workers of 2 for evacuation
[2025-10-31T01:50:40.784+0000][gc,phases     ] GC(616)   Pre Evacuate Collection Set: 0.0ms
[2025-10-31T01:50:40.785+0000][gc,phases     ] GC(616)   Evacuate Collection Set: 16.0ms
[2025-10-31T01:50:40.785+0000][gc,phases     ] GC(616)   Post Evacuate Collection Set: 0.8ms
[2025-10-31T01:50:40.785+0000][gc,phases     ] GC(616)   Other: 0.8ms
[2025-10-31T01:50:40.785+0000][gc,heap       ] GC(616) Eden regions: 40->0(40)
[2025-10-31T01:50:40.785+0000][gc,heap       ] GC(616) Survivor regions: 6->6(6)
[2025-10-31T01:50:40.786+0000][gc,heap       ] GC(616) Old regions: 120->125
[2025-10-31T01:50:40.786+0000][gc,heap       ] GC(616) Humongous regions: 147->147
[2025-10-31T01:50:40.786+0000][gc,metaspace  ] GC(616) Metaspace: 52942K(56240K)->52942K(56240K) NonClass: 47083K(48816K)->47083K(48816K) Class: 5859K(7424K)->5859K(7424K)
[2025-10-31T01:50:40.786+0000][gc            ] GC(616) Pause Young (Normal) (G1 Evacuation Pause) 312M->277M(512M) 19.076ms
[2025-10-31T01:50:40.786+0000][gc,cpu        ] GC(616) User=0.03s Sys=0.00s Real=0.02s
[2025-10-31T01:51:59.466+0000][gc,start      ] GC(617) Pause Young (Normal) (G1 Evacuation Pause)
[2025-10-31T01:51:59.467+0000][gc,task       ] GC(617) Using 2 workers of 2 for evacuation
[2025-10-31T01:51:59.481+0000][gc,phases     ] GC(617)   Pre Evacuate Collection Set: 0.0ms
[2025-10-31T01:51:59.481+0000][gc,phases     ] GC(617)   Evacuate Collection Set: 12.8ms
[2025-10-31T01:51:59.481+0000][gc,phases     ] GC(617)   Post Evacuate Collection Set: 0.7ms
[2025-10-31T01:51:59.482+0000][gc,phases     ] GC(617)   Other: 1.4ms
[2025-10-31T01:51:59.482+0000][gc,heap       ] GC(617) Eden regions: 40->0(43)
[2025-10-31T01:51:59.482+0000][gc,heap       ] GC(617) Survivor regions: 6->4(6)
[2025-10-31T01:51:59.482+0000][gc,heap       ] GC(617) Old regions: 125->128
[2025-10-31T01:51:59.482+0000][gc,heap       ] GC(617) Humongous regions: 147->147
[2025-10-31T01:51:59.482+0000][gc,metaspace  ] GC(617) Metaspace: 52942K(56240K)->52942K(56240K) NonClass: 47083K(48816K)->47083K(48816K) Class: 5859K(7424K)->5859K(7424K)
[2025-10-31T01:51:59.483+0000][gc            ] GC(617) Pause Young (Normal) (G1 Evacuation Pause) 317M->278M(512M) 16.452ms
[2025-10-31T01:51:59.483+0000][gc,cpu        ] GC(617) User=0.03s Sys=0.00s Real=0.02s
[2025-10-31T01:53:22.217+0000][gc,start      ] GC(618) Pause Young (Normal) (G1 Evacuation Pause)
[2025-10-31T01:53:22.217+0000][gc,task       ] GC(618) Using 2 workers of 2 for evacuation
[2025-10-31T01:53:22.232+0000][gc,phases     ] GC(618)   Pre Evacuate Collection Set: 0.0ms
[2025-10-31T01:53:22.249+0000][gc,phases     ] GC(618)   Evacuate Collection Set: 14.2ms
[2025-10-31T01:53:22.249+0000][gc,phases     ] GC(618)   Post Evacuate Collection Set: 0.8ms
[2025-10-31T01:53:22.250+0000][gc,phases     ] GC(618)   Other: 0.6ms
[2025-10-31T01:53:22.250+0000][gc,heap       ] GC(618) Eden regions: 43->0(43)
[2025-10-31T01:53:22.250+0000][gc,heap       ] GC(618) Survivor regions: 4->5(6)
[2025-10-31T01:53:22.250+0000][gc,heap       ] GC(618) Old regions: 128->131
[2025-10-31T01:53:22.250+0000][gc,heap       ] GC(618) Humongous regions: 147->147
[2025-10-31T01:53:22.250+0000][gc,metaspace  ] GC(618) Metaspace: 52942K(56240K)->52942K(56240K) NonClass: 47083K(48816K)->47083K(48816K) Class: 5859K(7424K)->5859K(7424K)
[2025-10-31T01:53:22.251+0000][gc            ] GC(618) Pause Young (Normal) (G1 Evacuation Pause) 321M->282M(512M) 33.901ms
[2025-10-31T01:53:22.251+0000][gc,cpu        ] GC(618) User=0.03s Sys=0.00s Real=0.04s
[2025-10-31T01:54:48.037+0000][gc,start      ] GC(619) Pause Young (Normal) (G1 Evacuation Pause)
[2025-10-31T01:54:48.038+0000][gc,task       ] GC(619) Using 2 workers of 2 for evacuation
[2025-10-31T01:54:48.061+0000][gc,mmu        ] GC(619) MMU target violated: 21.0ms (20.0ms/21.0ms)
[2025-10-31T01:54:48.064+0000][gc,phases     ] GC(619)   Pre Evacuate Collection Set: 0.0ms
[2025-10-31T01:54:48.065+0000][gc,phases     ] GC(619)   Evacuate Collection Set: 21.2ms
[2025-10-31T01:54:48.065+0000][gc,phases     ] GC(619)   Post Evacuate Collection Set: 1.0ms
[2025-10-31T01:54:48.065+0000][gc,phases     ] GC(619)   Other: 5.1ms
[2025-10-31T01:54:48.066+0000][gc,heap       ] GC(619) Eden regions: 43->0(40)
[2025-10-31T01:54:48.066+0000][gc,heap       ] GC(619) Survivor regions: 5->5(6)
[2025-10-31T01:54:48.066+0000][gc,heap       ] GC(619) Old regions: 131->135
[2025-10-31T01:54:48.066+0000][gc,heap       ] GC(619) Humongous regions: 147->147
[2025-10-31T01:54:48.067+0000][gc,metaspace  ] GC(619) Metaspace: 52942K(56240K)->52942K(56240K) NonClass: 47083K(48816K)->47083K(48816K) Class: 5859K(7424K)->5859K(7424K)
[2025-10-31T01:54:48.067+0000][gc            ] GC(619) Pause Young (Normal) (G1 Evacuation Pause) 325M->286M(512M) 29.692ms
[2025-10-31T01:54:48.067+0000][gc,cpu        ] GC(619) User=0.05s Sys=0.00s Real=0.03s
[2025-10-31T01:56:05.908+0000][gc,start      ] GC(620) Pause Young (Normal) (G1 Evacuation Pause)
[2025-10-31T01:56:05.909+0000][gc,task       ] GC(620) Using 2 workers of 2 for evacuation
[2025-10-31T01:56:05.921+0000][gc,phases     ] GC(620)   Pre Evacuate Collection Set: 0.0ms
[2025-10-31T01:56:05.921+0000][gc,phases     ] GC(620)   Evacuate Collection Set: 11.3ms
[2025-10-31T01:56:05.922+0000][gc,phases     ] GC(620)   Post Evacuate Collection Set: 0.6ms
[2025-10-31T01:56:05.922+0000][gc,phases     ] GC(620)   Other: 0.9ms
[2025-10-31T01:56:05.922+0000][gc,heap       ] GC(620) Eden regions: 40->0(46)
[2025-10-31T01:56:05.922+0000][gc,heap       ] GC(620) Survivor regions: 5->4(6)
[2025-10-31T01:56:05.922+0000][gc,heap       ] GC(620) Old regions: 135->138
[2025-10-31T01:56:05.922+0000][gc,heap       ] GC(620) Humongous regions: 147->147
[2025-10-31T01:56:05.922+0000][gc,metaspace  ] GC(620) Metaspace: 52942K(56240K)->52942K(56240K) NonClass: 47083K(48816K)->47083K(48816K) Class: 5859K(7424K)->5859K(7424K)
[2025-10-31T01:56:05.923+0000][gc            ] GC(620) Pause Young (Normal) (G1 Evacuation Pause) 326M->288M(512M) 14.175ms
[2025-10-31T01:56:05.923+0000][gc,cpu        ] GC(620) User=0.03s Sys=0.00s Real=0.01s
[2025-10-31T01:57:16.419+0000][gc,start      ] GC(621) Pause Young (Normal) (G1 Evacuation Pause)
[2025-10-31T01:57:16.420+0000][gc,task       ] GC(621) Using 2 workers of 2 for evacuation
[2025-10-31T01:57:16.433+0000][gc,phases     ] GC(621)   Pre Evacuate Collection Set: 0.0ms
[2025-10-31T01:57:16.433+0000][gc,phases     ] GC(621)   Evacuate Collection Set: 12.1ms
[2025-10-31T01:57:16.434+0000][gc,phases     ] GC(621)   Post Evacuate Collection Set: 0.7ms
[2025-10-31T01:57:16.434+0000][gc,phases     ] GC(621)   Other: 1.0ms
[2025-10-31T01:57:16.434+0000][gc,heap       ] GC(621) Eden regions: 46->0(49)
[2025-10-31T01:57:16.434+0000][gc,heap       ] GC(621) Survivor regions: 4->7(7)
[2025-10-31T01:57:16.434+0000][gc,heap       ] GC(621) Old regions: 138->139
[2025-10-31T01:57:16.434+0000][gc,heap       ] GC(621) Humongous regions: 147->147
[2025-10-31T01:57:16.435+0000][gc,metaspace  ] GC(621) Metaspace: 52943K(56240K)->52943K(56240K) NonClass: 47084K(48816K)->47084K(48816K) Class: 5859K(7424K)->5859K(7424K)
[2025-10-31T01:57:16.435+0000][gc            ] GC(621) Pause Young (Normal) (G1 Evacuation Pause) 334M->292M(512M) 15.256ms
[2025-10-31T01:57:16.435+0000][gc,cpu        ] GC(621) User=0.03s Sys=0.00s Real=0.02s
[2025-10-31T01:58:30.102+0000][gc,start      ] GC(622) Pause Young (Normal) (G1 Evacuation Pause)
[2025-10-31T01:58:30.102+0000][gc,task       ] GC(622) Using 2 workers of 2 for evacuation
[2025-10-31T01:58:30.119+0000][gc,phases     ] GC(622)   Pre Evacuate Collection Set: 0.0ms
[2025-10-31T01:58:30.119+0000][gc,phases     ] GC(622)   Evacuate Collection Set: 15.3ms
[2025-10-31T01:58:30.119+0000][gc,phases     ] GC(622)   Post Evacuate Collection Set: 1.0ms
[2025-10-31T01:58:30.120+0000][gc,phases     ] GC(622)   Other: 0.6ms
[2025-10-31T01:58:30.120+0000][gc,heap       ] GC(622) Eden regions: 49->0(51)
[2025-10-31T01:58:30.120+0000][gc,heap       ] GC(622) Survivor regions: 7->5(7)
[2025-10-31T01:58:30.120+0000][gc,heap       ] GC(622) Old regions: 139->144
[2025-10-31T01:58:30.120+0000][gc,heap       ] GC(622) Humongous regions: 147->147
[2025-10-31T01:58:30.120+0000][gc,metaspace  ] GC(622) Metaspace: 52943K(56240K)->52943K(56240K) NonClass: 47084K(48816K)->47084K(48816K) Class: 5859K(7424K)->5859K(7424K)
[2025-10-31T01:58:30.120+0000][gc            ] GC(622) Pause Young (Normal) (G1 Evacuation Pause) 341M->295M(512M) 18.391ms
[2025-10-31T01:58:30.120+0000][gc,cpu        ] GC(622) User=0.03s Sys=0.00s Real=0.02s
[2025-10-31T01:59:16.368+0000][gc,start      ] GC(623) Pause Young (Normal) (G1 Evacuation Pause)
[2025-10-31T01:59:16.369+0000][gc,task       ] GC(623) Using 2 workers of 2 for evacuation
[2025-10-31T01:59:16.399+0000][gc,mmu        ] GC(623) MMU target violated: 21.0ms (20.0ms/21.0ms)
[2025-10-31T01:59:16.400+0000][gc,phases     ] GC(623)   Pre Evacuate Collection Set: 0.0ms
[2025-10-31T01:59:16.400+0000][gc,phases     ] GC(623)   Evacuate Collection Set: 28.1ms
[2025-10-31T01:59:16.400+0000][gc,phases     ] GC(623)   Post Evacuate Collection Set: 1.3ms
[2025-10-31T01:59:16.400+0000][gc,phases     ] GC(623)   Other: 2.0ms
[2025-10-31T01:59:16.401+0000][gc,heap       ] GC(623) Eden regions: 51->0(31)
[2025-10-31T01:59:16.401+0000][gc,heap       ] GC(623) Survivor regions: 5->5(7)
[2025-10-31T01:59:16.401+0000][gc,heap       ] GC(623) Old regions: 144->147
[2025-10-31T01:59:16.402+0000][gc,heap       ] GC(623) Humongous regions: 147->147
[2025-10-31T01:59:16.402+0000][gc,metaspace  ] GC(623) Metaspace: 53008K(56496K)->53008K(56496K) NonClass: 47149K(49072K)->47149K(49072K) Class: 5859K(7424K)->5859K(7424K)
[2025-10-31T01:59:16.403+0000][gc            ] GC(623) Pause Young (Normal) (G1 Evacuation Pause) 346M->298M(512M) 34.269ms
[2025-10-31T01:59:16.403+0000][gc,cpu        ] GC(623) User=0.06s Sys=0.00s Real=0.03s
[2025-10-31T01:59:50.525+0000][gc,start      ] GC(624) Pause Young (Normal) (G1 Evacuation Pause)
[2025-10-31T01:59:50.526+0000][gc,task       ] GC(624) Using 2 workers of 2 for evacuation
[2025-10-31T01:59:50.536+0000][gc,phases     ] GC(624)   Pre Evacuate Collection Set: 0.0ms
[2025-10-31T01:59:50.537+0000][gc,phases     ] GC(624)   Evacuate Collection Set: 9.7ms
[2025-10-31T01:59:50.537+0000][gc,phases     ] GC(624)   Post Evacuate Collection Set: 0.6ms
[2025-10-31T01:59:50.537+0000][gc,phases     ] GC(624)   Other: 0.6ms
[2025-10-31T01:59:50.537+0000][gc,heap       ] GC(624) Eden regions: 31->0(49)
[2025-10-31T01:59:50.537+0000][gc,heap       ] GC(624) Survivor regions: 5->2(5)
[2025-10-31T01:59:50.537+0000][gc,heap       ] GC(624) Old regions: 147->150
[2025-10-31T01:59:50.538+0000][gc,heap       ] GC(624) Humongous regions: 147->147
[2025-10-31T01:59:50.538+0000][gc,metaspace  ] GC(624) Metaspace: 53008K(56496K)->53008K(56496K) NonClass: 47149K(49072K)->47149K(49072K) Class: 5859K(7424K)->5859K(7424K)
[2025-10-31T01:59:50.538+0000][gc            ] GC(624) Pause Young (Normal) (G1 Evacuation Pause) 329M->298M(512M) 12.290ms
[2025-10-31T01:59:50.538+0000][gc,cpu        ] GC(624) User=0.02s Sys=0.00s Real=0.02s
[2025-10-31T02:00:42.369+0000][gc,start      ] GC(625) Pause Young (Normal) (G1 Evacuation Pause)
[2025-10-31T02:00:42.370+0000][gc,task       ] GC(625) Using 2 workers of 2 for evacuation
[2025-10-31T02:00:42.388+0000][gc,phases     ] GC(625)   Pre Evacuate Collection Set: 0.0ms
[2025-10-31T02:00:42.388+0000][gc,phases     ] GC(625)   Evacuate Collection Set: 15.5ms
[2025-10-31T02:00:42.388+0000][gc,phases     ] GC(625)   Post Evacuate Collection Set: 2.3ms
[2025-10-31T02:00:42.389+0000][gc,phases     ] GC(625)   Other: 1.1ms
[2025-10-31T02:00:42.389+0000][gc,heap       ] GC(625) Eden regions: 33->0(34)
[2025-10-31T02:00:42.389+0000][gc,heap       ] GC(625) Survivor regions: 2->5(5)
[2025-10-31T02:00:42.389+0000][gc,heap       ] GC(625) Old regions: 150->150
[2025-10-31T02:00:42.391+0000][gc,heap       ] GC(625) Humongous regions: 147->147
[2025-10-31T02:00:42.391+0000][gc,metaspace  ] GC(625) Metaspace: 53011K(56496K)->53011K(56496K) NonClass: 47152K(49072K)->47152K(49072K) Class: 5859K(7424K)->5859K(7424K)
[2025-10-31T02:00:42.391+0000][gc            ] GC(625) Pause Young (Normal) (G1 Evacuation Pause) 331M->300M(512M) 22.050ms
[2025-10-31T02:00:42.391+0000][gc,cpu        ] GC(625) User=0.03s Sys=0.00s Real=0.02s
[2025-10-31T02:01:22.218+0000][gc,start      ] GC(626) Pause Young (Normal) (G1 Evacuation Pause)
[2025-10-31T02:01:22.218+0000][gc,task       ] GC(626) Using 2 workers of 2 for evacuation
[2025-10-31T02:01:22.233+0000][gc,phases     ] GC(626)   Pre Evacuate Collection Set: 0.0ms
[2025-10-31T02:01:22.233+0000][gc,phases     ] GC(626)   Evacuate Collection Set: 13.5ms
[2025-10-31T02:01:22.233+0000][gc,phases     ] GC(626)   Post Evacuate Collection Set: 0.8ms
[2025-10-31T02:01:22.233+0000][gc,phases     ] GC(626)   Other: 0.7ms
[2025-10-31T02:01:22.233+0000][gc,heap       ] GC(626) Eden regions: 34->0(36)
[2025-10-31T02:01:22.234+0000][gc,heap       ] GC(626) Survivor regions: 5->5(5)
[2025-10-31T02:01:22.234+0000][gc,heap       ] GC(626) Old regions: 150->152
[2025-10-31T02:01:22.234+0000][gc,heap       ] GC(626) Humongous regions: 147->147
[2025-10-31T02:01:22.234+0000][gc,metaspace  ] GC(626) Metaspace: 53011K(56496K)->53011K(56496K) NonClass: 47152K(49072K)->47152K(49072K) Class: 5859K(7424K)->5859K(7424K)
[2025-10-31T02:01:22.234+0000][gc            ] GC(626) Pause Young (Normal) (G1 Evacuation Pause) 334M->302M(512M) 16.467ms
[2025-10-31T02:01:22.234+0000][gc,cpu        ] GC(626) User=0.03s Sys=0.00s Real=0.02s
[2025-10-31T02:02:10.840+0000][gc,start      ] GC(627) Pause Young (Normal) (G1 Evacuation Pause)
[2025-10-31T02:02:10.841+0000][gc,task       ] GC(627) Using 2 workers of 2 for evacuation
[2025-10-31T02:02:10.867+0000][gc,mmu        ] GC(627) MMU target violated: 21.0ms (20.0ms/21.0ms)
[2025-10-31T02:02:10.867+0000][gc,phases     ] GC(627)   Pre Evacuate Collection Set: 0.0ms
[2025-10-31T02:02:10.868+0000][gc,phases     ] GC(627)   Evacuate Collection Set: 23.8ms
[2025-10-31T02:02:10.868+0000][gc,phases     ] GC(627)   Post Evacuate Collection Set: 1.4ms
[2025-10-31T02:02:10.868+0000][gc,phases     ] GC(627)   Other: 1.5ms
[2025-10-31T02:02:10.869+0000][gc,heap       ] GC(627) Eden regions: 29->0(30)
[2025-10-31T02:02:10.869+0000][gc,heap       ] GC(627) Survivor regions: 5->3(5)
[2025-10-31T02:02:10.869+0000][gc,heap       ] GC(627) Old regions: 152->155
[2025-10-31T02:02:10.869+0000][gc,heap       ] GC(627) Humongous regions: 147->147
[2025-10-31T02:02:10.869+0000][gc,metaspace  ] GC(627) Metaspace: 53011K(56496K)->53011K(56496K) NonClass: 47152K(49072K)->47152K(49072K) Class: 5859K(7424K)->5859K(7424K)
[2025-10-31T02:02:10.870+0000][gc            ] GC(627) Pause Young (Normal) (G1 Evacuation Pause) 331M->304M(512M) 29.209ms
[2025-10-31T02:02:10.871+0000][gc,cpu        ] GC(627) User=0.05s Sys=0.00s Real=0.03s
[2025-10-31T02:02:36.885+0000][gc,start      ] GC(628) Pause Young (Normal) (G1 Evacuation Pause)
[2025-10-31T02:02:36.885+0000][gc,task       ] GC(628) Using 2 workers of 2 for evacuation
[2025-10-31T02:02:36.907+0000][gc,mmu        ] GC(628) MMU target violated: 21.0ms (20.0ms/21.0ms)
[2025-10-31T02:02:36.908+0000][gc,phases     ] GC(628)   Pre Evacuate Collection Set: 0.1ms
[2025-10-31T02:02:36.908+0000][gc,phases     ] GC(628)   Evacuate Collection Set: 20.8ms
[2025-10-31T02:02:36.908+0000][gc,phases     ] GC(628)   Post Evacuate Collection Set: 1.2ms
[2025-10-31T02:02:36.909+0000][gc,phases     ] GC(628)   Other: 1.2ms
[2025-10-31T02:02:36.909+0000][gc,heap       ] GC(628) Eden regions: 22->0(23)
[2025-10-31T02:02:36.909+0000][gc,heap       ] GC(628) Survivor regions: 3->2(4)
[2025-10-31T02:02:36.910+0000][gc,heap       ] GC(628) Old regions: 155->157
[2025-10-31T02:02:36.910+0000][gc,heap       ] GC(628) Humongous regions: 147->147
[2025-10-31T02:02:36.910+0000][gc,metaspace  ] GC(628) Metaspace: 53028K(56496K)->53028K(56496K) NonClass: 47169K(49072K)->47169K(49072K) Class: 5859K(7424K)->5859K(7424K)
[2025-10-31T02:02:36.911+0000][gc            ] GC(628) Pause Young (Normal) (G1 Evacuation Pause) 326M->305M(512M) 26.269ms
[2025-10-31T02:02:36.911+0000][gc,cpu        ] GC(628) User=0.04s Sys=0.00s Real=0.03s
[2025-10-31T02:02:59.996+0000][gc,start      ] GC(629) Pause Young (Normal) (G1 Evacuation Pause)
[2025-10-31T02:02:59.997+0000][gc,task       ] GC(629) Using 2 workers of 2 for evacuation
[2025-10-31T02:03:00.015+0000][gc,phases     ] GC(629)   Pre Evacuate Collection Set: 0.0ms
[2025-10-31T02:03:00.016+0000][gc,phases     ] GC(629)   Evacuate Collection Set: 17.3ms
[2025-10-31T02:03:00.016+0000][gc,phases     ] GC(629)   Post Evacuate Collection Set: 0.9ms
[2025-10-31T02:03:00.016+0000][gc,phases     ] GC(629)   Other: 1.0ms
[2025-10-31T02:03:00.017+0000][gc,heap       ] GC(629) Eden regions: 23->0(21)
[2025-10-31T02:03:00.017+0000][gc,heap       ] GC(629) Survivor regions: 2->4(4)
[2025-10-31T02:03:00.017+0000][gc,heap       ] GC(629) Old regions: 157->157
[2025-10-31T02:03:00.017+0000][gc,heap       ] GC(629) Humongous regions: 147->147
[2025-10-31T02:03:00.018+0000][gc,metaspace  ] GC(629) Metaspace: 53056K(56496K)->53056K(56496K) NonClass: 47197K(49072K)->47197K(49072K) Class: 5859K(7424K)->5859K(7424K)
[2025-10-31T02:03:00.018+0000][gc            ] GC(629) Pause Young (Normal) (G1 Evacuation Pause) 328M->307M(512M) 21.475ms
[2025-10-31T02:03:00.018+0000][gc,cpu        ] GC(629) User=0.03s Sys=0.00s Real=0.03s
[2025-10-31T02:03:13.818+0000][gc,start      ] GC(630) Pause Young (Normal) (G1 Evacuation Pause)
[2025-10-31T02:03:13.819+0000][gc,task       ] GC(630) Using 2 workers of 2 for evacuation
[2025-10-31T02:03:13.832+0000][gc,phases     ] GC(630)   Pre Evacuate Collection Set: 0.0ms
[2025-10-31T02:03:13.833+0000][gc,phases     ] GC(630)   Evacuate Collection Set: 10.2ms
[2025-10-31T02:03:13.833+0000][gc,phases     ] GC(630)   Post Evacuate Collection Set: 0.9ms
[2025-10-31T02:03:13.833+0000][gc,phases     ] GC(630)   Other: 3.1ms
[2025-10-31T02:03:13.834+0000][gc,heap       ] GC(630) Eden regions: 21->0(24)
[2025-10-31T02:03:13.834+0000][gc,heap       ] GC(630) Survivor regions: 4->2(4)
[2025-10-31T02:03:13.834+0000][gc,heap       ] GC(630) Old regions: 157->159
[2025-10-31T02:03:13.834+0000][gc,heap       ] GC(630) Humongous regions: 147->147
[2025-10-31T02:03:13.835+0000][gc,metaspace  ] GC(630) Metaspace: 53063K(56496K)->53063K(56496K) NonClass: 47204K(49072K)->47204K(49072K) Class: 5859K(7424K)->5859K(7424K)
[2025-10-31T02:03:13.835+0000][gc            ] GC(630) Pause Young (Normal) (G1 Evacuation Pause) 328M->307M(512M) 16.739ms
[2025-10-31T02:03:13.835+0000][gc,cpu        ] GC(630) User=0.03s Sys=0.00s Real=0.01s
[2025-10-31T02:03:47.037+0000][gc,start      ] GC(631) Pause Young (Normal) (G1 Evacuation Pause)
[2025-10-31T02:03:47.038+0000][gc,task       ] GC(631) Using 2 workers of 2 for evacuation
[2025-10-31T02:03:47.054+0000][gc,phases     ] GC(631)   Pre Evacuate Collection Set: 0.0ms
[2025-10-31T02:03:47.055+0000][gc,phases     ] GC(631)   Evacuate Collection Set: 14.5ms
[2025-10-31T02:03:47.055+0000][gc,phases     ] GC(631)   Post Evacuate Collection Set: 1.1ms
[2025-10-31T02:03:47.055+0000][gc,phases     ] GC(631)   Other: 1.2ms
[2025-10-31T02:03:47.055+0000][gc,heap       ] GC(631) Eden regions: 23->0(24)
[2025-10-31T02:03:47.055+0000][gc,heap       ] GC(631) Survivor regions: 2->4(4)
[2025-10-31T02:03:47.056+0000][gc,heap       ] GC(631) Old regions: 159->159
[2025-10-31T02:03:47.056+0000][gc,heap       ] GC(631) Humongous regions: 147->147
[2025-10-31T02:03:47.056+0000][gc,metaspace  ] GC(631) Metaspace: 53063K(56496K)->53063K(56496K) NonClass: 47204K(49072K)->47204K(49072K) Class: 5859K(7424K)->5859K(7424K)
[2025-10-31T02:03:47.056+0000][gc            ] GC(631) Pause Young (Normal) (G1 Evacuation Pause) 330M->309M(512M) 18.692ms
[2025-10-31T02:03:47.056+0000][gc,cpu        ] GC(631) User=0.03s Sys=0.00s Real=0.02s
[2025-10-31T02:04:14.086+0000][gc,start      ] GC(632) Pause Young (Normal) (G1 Evacuation Pause)
[2025-10-31T02:04:14.086+0000][gc,task       ] GC(632) Using 2 workers of 2 for evacuation
[2025-10-31T02:04:14.098+0000][gc,phases     ] GC(632)   Pre Evacuate Collection Set: 0.0ms
[2025-10-31T02:04:14.098+0000][gc,phases     ] GC(632)   Evacuate Collection Set: 10.3ms
[2025-10-31T02:04:14.098+0000][gc,phases     ] GC(632)   Post Evacuate Collection Set: 0.6ms
[2025-10-31T02:04:14.098+0000][gc,phases     ] GC(632)   Other: 0.7ms
[2025-10-31T02:04:14.098+0000][gc,heap       ] GC(632) Eden regions: 21->0(28)
[2025-10-31T02:04:14.098+0000][gc,heap       ] GC(632) Survivor regions: 4->3(4)
[2025-10-31T02:04:14.099+0000][gc,heap       ] GC(632) Old regions: 159->161
[2025-10-31T02:04:14.099+0000][gc,heap       ] GC(632) Humongous regions: 147->147
[2025-10-31T02:04:14.099+0000][gc,metaspace  ] GC(632) Metaspace: 53063K(56496K)->53063K(56496K) NonClass: 47204K(49072K)->47204K(49072K) Class: 5859K(7424K)->5859K(7424K)
[2025-10-31T02:04:14.099+0000][gc            ] GC(632) Pause Young (Normal) (G1 Evacuation Pause) 330M->310M(512M) 12.871ms
[2025-10-31T02:04:14.099+0000][gc,cpu        ] GC(632) User=0.02s Sys=0.00s Real=0.02s
[2025-10-31T02:04:37.715+0000][gc,start      ] GC(633) Pause Young (Normal) (G1 Evacuation Pause)
[2025-10-31T02:04:37.715+0000][gc,task       ] GC(633) Using 2 workers of 2 for evacuation
[2025-10-31T02:04:37.727+0000][gc,phases     ] GC(633)   Pre Evacuate Collection Set: 0.0ms
[2025-10-31T02:04:37.728+0000][gc,phases     ] GC(633)   Evacuate Collection Set: 10.9ms
[2025-10-31T02:04:37.728+0000][gc,phases     ] GC(633)   Post Evacuate Collection Set: 0.8ms
[2025-10-31T02:04:37.728+0000][gc,phases     ] GC(633)   Other: 0.9ms
[2025-10-31T02:04:37.729+0000][gc,heap       ] GC(633) Eden regions: 22->0(32)
[2025-10-31T02:04:37.729+0000][gc,heap       ] GC(633) Survivor regions: 3->2(4)
[2025-10-31T02:04:37.729+0000][gc,heap       ] GC(633) Old regions: 161->163
[2025-10-31T02:04:37.730+0000][gc,heap       ] GC(633) Humongous regions: 147->147
[2025-10-31T02:04:37.730+0000][gc,metaspace  ] GC(633) Metaspace: 53069K(56496K)->53069K(56496K) NonClass: 47210K(49072K)->47210K(49072K) Class: 5859K(7424K)->5859K(7424K)
[2025-10-31T02:04:37.731+0000][gc            ] GC(633) Pause Young (Normal) (G1 Evacuation Pause) 332M->311M(512M) 15.714ms
[2025-10-31T02:04:37.731+0000][gc,cpu        ] GC(633) User=0.02s Sys=0.00s Real=0.02s
[2025-10-31T02:04:52.313+0000][gc,start      ] GC(634) Pause Young (Normal) (G1 Evacuation Pause)
[2025-10-31T02:04:52.314+0000][gc,task       ] GC(634) Using 2 workers of 2 for evacuation
[2025-10-31T02:04:52.327+0000][gc,phases     ] GC(634)   Pre Evacuate Collection Set: 0.0ms
[2025-10-31T02:04:52.327+0000][gc,phases     ] GC(634)   Evacuate Collection Set: 12.1ms
[2025-10-31T02:04:52.328+0000][gc,phases     ] GC(634)   Post Evacuate Collection Set: 0.8ms
[2025-10-31T02:04:52.328+0000][gc,phases     ] GC(634)   Other: 1.1ms
[2025-10-31T02:04:52.328+0000][gc,heap       ] GC(634) Eden regions: 26->0(30)
[2025-10-31T02:04:52.328+0000][gc,heap       ] GC(634) Survivor regions: 2->4(4)
[2025-10-31T02:04:52.328+0000][gc,heap       ] GC(634) Old regions: 163->163
[2025-10-31T02:04:52.328+0000][gc,heap       ] GC(634) Humongous regions: 147->147
[2025-10-31T02:04:52.329+0000][gc,metaspace  ] GC(634) Metaspace: 53071K(56496K)->53071K(56496K) NonClass: 47212K(49072K)->47212K(49072K) Class: 5859K(7424K)->5859K(7424K)
[2025-10-31T02:04:52.329+0000][gc            ] GC(634) Pause Young (Normal) (G1 Evacuation Pause) 337M->313M(512M) 15.704ms
[2025-10-31T02:04:52.329+0000][gc,cpu        ] GC(634) User=0.03s Sys=0.00s Real=0.02s
[2025-10-31T02:05:24.379+0000][gc,start      ] GC(635) Pause Young (Normal) (G1 Evacuation Pause)
[2025-10-31T02:05:24.379+0000][gc,task       ] GC(635) Using 2 workers of 2 for evacuation
[2025-10-31T02:05:24.401+0000][gc,mmu        ] GC(635) MMU target violated: 21.0ms (20.0ms/21.0ms)
[2025-10-31T02:05:24.401+0000][gc,phases     ] GC(635)   Pre Evacuate Collection Set: 0.0ms
[2025-10-31T02:05:24.402+0000][gc,phases     ] GC(635)   Evacuate Collection Set: 20.4ms
[2025-10-31T02:05:24.402+0000][gc,phases     ] GC(635)   Post Evacuate Collection Set: 1.0ms
[2025-10-31T02:05:24.403+0000][gc,phases     ] GC(635)   Other: 1.0ms
[2025-10-31T02:05:24.403+0000][gc,heap       ] GC(635) Eden regions: 25->0(27)
[2025-10-31T02:05:24.403+0000][gc,heap       ] GC(635) Survivor regions: 4->2(4)
[2025-10-31T02:05:24.403+0000][gc,heap       ] GC(635) Old regions: 163->165
[2025-10-31T02:05:24.404+0000][gc,heap       ] GC(635) Humongous regions: 147->147
[2025-10-31T02:05:24.404+0000][gc,metaspace  ] GC(635) Metaspace: 53071K(56496K)->53071K(56496K) NonClass: 47212K(49072K)->47212K(49072K) Class: 5859K(7424K)->5859K(7424K)
[2025-10-31T02:05:24.404+0000][gc            ] GC(635) Pause Young (Normal) (G1 Evacuation Pause) 338M->313M(512M) 25.039ms
[2025-10-31T02:05:24.404+0000][gc,cpu        ] GC(635) User=0.04s Sys=0.00s Real=0.03s
[2025-10-31T02:06:03.138+0000][gc,start      ] GC(636) Pause Young (Normal) (G1 Evacuation Pause)
[2025-10-31T02:06:03.138+0000][gc,task       ] GC(636) Using 2 workers of 2 for evacuation
[2025-10-31T02:06:03.151+0000][gc,phases     ] GC(636)   Pre Evacuate Collection Set: 0.0ms
[2025-10-31T02:06:03.151+0000][gc,phases     ] GC(636)   Evacuate Collection Set: 11.2ms
[2025-10-31T02:06:03.151+0000][gc,phases     ] GC(636)   Post Evacuate Collection Set: 1.0ms
[2025-10-31T02:06:03.151+0000][gc,phases     ] GC(636)   Other: 1.0ms
[2025-10-31T02:06:03.152+0000][gc,heap       ] GC(636) Eden regions: 23->0(27)
[2025-10-31T02:06:03.152+0000][gc,heap       ] GC(636) Survivor regions: 2->3(4)
[2025-10-31T02:06:03.152+0000][gc,heap       ] GC(636) Old regions: 165->165
[2025-10-31T02:06:03.152+0000][gc,heap       ] GC(636) Humongous regions: 147->147
[2025-10-31T02:06:03.153+0000][gc,metaspace  ] GC(636) Metaspace: 53071K(56496K)->53071K(56496K) NonClass: 47212K(49072K)->47212K(49072K) Class: 5859K(7424K)->5859K(7424K)
[2025-10-31T02:06:03.153+0000][gc            ] GC(636) Pause Young (Normal) (G1 Evacuation Pause) 336M->314M(512M) 15.387ms
[2025-10-31T02:06:03.153+0000][gc,cpu        ] GC(636) User=0.02s Sys=0.00s Real=0.02s
[2025-10-31T02:06:49.765+0000][gc,start      ] GC(637) Pause Young (Normal) (G1 Evacuation Pause)
[2025-10-31T02:06:49.765+0000][gc,task       ] GC(637) Using 2 workers of 2 for evacuation
[2025-10-31T02:06:49.791+0000][gc,mmu        ] GC(637) MMU target violated: 21.0ms (20.0ms/21.0ms)
[2025-10-31T02:06:49.792+0000][gc,phases     ] GC(637)   Pre Evacuate Collection Set: 0.3ms
[2025-10-31T02:06:49.792+0000][gc,phases     ] GC(637)   Evacuate Collection Set: 22.3ms
[2025-10-31T02:06:49.792+0000][gc,phases     ] GC(637)   Post Evacuate Collection Set: 1.0ms
[2025-10-31T02:06:49.792+0000][gc,phases     ] GC(637)   Other: 3.2ms
[2025-10-31T02:06:49.792+0000][gc,heap       ] GC(637) Eden regions: 27->0(24)
[2025-10-31T02:06:49.793+0000][gc,heap       ] GC(637) Survivor regions: 3->4(4)
[2025-10-31T02:06:49.793+0000][gc,heap       ] GC(637) Old regions: 165->166
[2025-10-31T02:06:49.793+0000][gc,heap       ] GC(637) Humongous regions: 147->147
[2025-10-31T02:06:49.793+0000][gc,metaspace  ] GC(637) Metaspace: 53071K(56496K)->53071K(56496K) NonClass: 47212K(49072K)->47212K(49072K) Class: 5859K(7424K)->5859K(7424K)
[2025-10-31T02:06:49.793+0000][gc            ] GC(637) Pause Young (Normal) (G1 Evacuation Pause) 341M->316M(512M) 28.488ms
[2025-10-31T02:06:49.794+0000][gc,cpu        ] GC(637) User=0.04s Sys=0.00s Real=0.03s
[2025-10-31T02:07:20.012+0000][gc,start      ] GC(638) Pause Young (Normal) (G1 Evacuation Pause)
[2025-10-31T02:07:20.012+0000][gc,task       ] GC(638) Using 2 workers of 2 for evacuation
[2025-10-31T02:07:20.050+0000][gc,mmu        ] GC(638) MMU target violated: 21.0ms (20.0ms/21.0ms)
[2025-10-31T02:07:20.050+0000][gc,phases     ] GC(638)   Pre Evacuate Collection Set: 0.0ms
[2025-10-31T02:07:20.051+0000][gc,phases     ] GC(638)   Evacuate Collection Set: 34.7ms
[2025-10-31T02:07:20.051+0000][gc,phases     ] GC(638)   Post Evacuate Collection Set: 2.2ms
[2025-10-31T02:07:20.051+0000][gc,phases     ] GC(638)   Other: 2.0ms
[2025-10-31T02:07:20.052+0000][gc,heap       ] GC(638) Eden regions: 24->0(23)
[2025-10-31T02:07:20.053+0000][gc,heap       ] GC(638) Survivor regions: 4->2(4)
[2025-10-31T02:07:20.054+0000][gc,heap       ] GC(638) Old regions: 166->169
[2025-10-31T02:07:20.054+0000][gc,heap       ] GC(638) Humongous regions: 147->147
[2025-10-31T02:07:20.054+0000][gc,metaspace  ] GC(638) Metaspace: 53072K(56496K)->53072K(56496K) NonClass: 47213K(49072K)->47213K(49072K) Class: 5859K(7424K)->5859K(7424K)
[2025-10-31T02:07:20.055+0000][gc            ] GC(638) Pause Young (Normal) (G1 Evacuation Pause) 340M->317M(512M) 43.229ms
[2025-10-31T02:07:20.055+0000][gc,cpu        ] GC(638) User=0.07s Sys=0.00s Real=0.04s
[2025-10-31T02:07:35.576+0000][gc,start      ] GC(639) Pause Young (Normal) (G1 Evacuation Pause)
[2025-10-31T02:07:35.577+0000][gc,task       ] GC(639) Using 2 workers of 2 for evacuation
[2025-10-31T02:07:35.607+0000][gc,mmu        ] GC(639) MMU target violated: 21.0ms (20.0ms/21.0ms)
[2025-10-31T02:07:35.608+0000][gc,phases     ] GC(639)   Pre Evacuate Collection Set: 0.0ms
[2025-10-31T02:07:35.608+0000][gc,phases     ] GC(639)   Evacuate Collection Set: 28.5ms
[2025-10-31T02:07:35.608+0000][gc,phases     ] GC(639)   Post Evacuate Collection Set: 1.5ms
[2025-10-31T02:07:35.609+0000][gc,phases     ] GC(639)   Other: 2.1ms
[2025-10-31T02:07:35.609+0000][gc,heap       ] GC(639) Eden regions: 23->0(21)
[2025-10-31T02:07:35.609+0000][gc,heap       ] GC(639) Survivor regions: 2->4(4)
[2025-10-31T02:07:35.610+0000][gc,heap       ] GC(639) Old regions: 169->169
[2025-10-31T02:07:35.610+0000][gc,heap       ] GC(639) Humongous regions: 147->147
[2025-10-31T02:07:35.610+0000][gc,metaspace  ] GC(639) Metaspace: 53073K(56496K)->53073K(56496K) NonClass: 47214K(49072K)->47214K(49072K) Class: 5859K(7424K)->5859K(7424K)
[2025-10-31T02:07:35.611+0000][gc            ] GC(639) Pause Young (Normal) (G1 Evacuation Pause) 340M->319M(512M) 35.869ms
[2025-10-31T02:07:35.612+0000][gc,cpu        ] GC(639) User=0.06s Sys=0.00s Real=0.04s
[2025-10-31T02:08:01.416+0000][gc,start      ] GC(640) Pause Young (Normal) (G1 Evacuation Pause)
[2025-10-31T02:08:01.417+0000][gc,task       ] GC(640) Using 2 workers of 2 for evacuation
[2025-10-31T02:08:01.444+0000][gc,mmu        ] GC(640) MMU target violated: 21.0ms (20.0ms/21.0ms)
[2025-10-31T02:08:01.444+0000][gc,phases     ] GC(640)   Pre Evacuate Collection Set: 0.0ms
[2025-10-31T02:08:01.445+0000][gc,phases     ] GC(640)   Evacuate Collection Set: 25.5ms
[2025-10-31T02:08:01.445+0000][gc,phases     ] GC(640)   Post Evacuate Collection Set: 1.4ms
[2025-10-31T02:08:01.445+0000][gc,phases     ] GC(640)   Other: 1.2ms
[2025-10-31T02:08:01.445+0000][gc,heap       ] GC(640) Eden regions: 21->0(23)
[2025-10-31T02:08:01.446+0000][gc,heap       ] GC(640) Survivor regions: 4->2(4)
[2025-10-31T02:08:01.446+0000][gc,heap       ] GC(640) Old regions: 169->171
[2025-10-31T02:08:01.446+0000][gc,heap       ] GC(640) Humongous regions: 147->147
[2025-10-31T02:08:01.446+0000][gc,metaspace  ] GC(640) Metaspace: 53073K(56496K)->53073K(56496K) NonClass: 47214K(49072K)->47214K(49072K) Class: 5859K(7424K)->5859K(7424K)
[2025-10-31T02:08:01.446+0000][gc            ] GC(640) Pause Young (Normal) (G1 Evacuation Pause) 340M->319M(512M) 30.153ms
[2025-10-31T02:08:01.447+0000][gc,cpu        ] GC(640) User=0.05s Sys=0.00s Real=0.03s
[2025-10-31T02:08:39.402+0000][gc,start      ] GC(641) Pause Young (Normal) (G1 Evacuation Pause)
[2025-10-31T02:08:39.402+0000][gc,task       ] GC(641) Using 2 workers of 2 for evacuation
[2025-10-31T02:08:39.412+0000][gc,phases     ] GC(641)   Pre Evacuate Collection Set: 0.0ms
[2025-10-31T02:08:39.412+0000][gc,phases     ] GC(641)   Evacuate Collection Set: 8.6ms
[2025-10-31T02:08:39.412+0000][gc,phases     ] GC(641)   Post Evacuate Collection Set: 0.7ms
[2025-10-31T02:08:39.412+0000][gc,phases     ] GC(641)   Other: 0.5ms
[2025-10-31T02:08:39.413+0000][gc,heap       ] GC(641) Eden regions: 23->0(21)
[2025-10-31T02:08:39.413+0000][gc,heap       ] GC(641) Survivor regions: 2->4(4)
[2025-10-31T02:08:39.413+0000][gc,heap       ] GC(641) Old regions: 171->171
[2025-10-31T02:08:39.413+0000][gc,heap       ] GC(641) Humongous regions: 147->147
[2025-10-31T02:08:39.413+0000][gc,metaspace  ] GC(641) Metaspace: 53073K(56496K)->53073K(56496K) NonClass: 47214K(49072K)->47214K(49072K) Class: 5859K(7424K)->5859K(7424K)
[2025-10-31T02:08:39.413+0000][gc            ] GC(641) Pause Young (Normal) (G1 Evacuation Pause) 342M->321M(512M) 11.112ms
[2025-10-31T02:08:39.413+0000][gc,cpu        ] GC(641) User=0.01s Sys=0.00s Real=0.01s
[2025-10-31T02:09:13.818+0000][gc,start      ] GC(642) Pause Young (Normal) (G1 Evacuation Pause)
[2025-10-31T02:09:13.818+0000][gc,task       ] GC(642) Using 2 workers of 2 for evacuation
[2025-10-31T02:09:13.830+0000][gc,phases     ] GC(642)   Pre Evacuate Collection Set: 0.0ms
[2025-10-31T02:09:13.830+0000][gc,phases     ] GC(642)   Evacuate Collection Set: 10.9ms
[2025-10-31T02:09:13.830+0000][gc,phases     ] GC(642)   Post Evacuate Collection Set: 0.7ms
[2025-10-31T02:09:13.830+0000][gc,phases     ] GC(642)   Other: 0.6ms
[2025-10-31T02:09:13.831+0000][gc,heap       ] GC(642) Eden regions: 21->0(22)
[2025-10-31T02:09:13.831+0000][gc,heap       ] GC(642) Survivor regions: 4->3(4)
[2025-10-31T02:09:13.831+0000][gc,heap       ] GC(642) Old regions: 171->173
[2025-10-31T02:09:13.831+0000][gc,heap       ] GC(642) Humongous regions: 147->147
[2025-10-31T02:09:13.831+0000][gc,metaspace  ] GC(642) Metaspace: 53073K(56496K)->53073K(56496K) NonClass: 47214K(49072K)->47214K(49072K) Class: 5859K(7424K)->5859K(7424K)
[2025-10-31T02:09:13.832+0000][gc            ] GC(642) Pause Young (Normal) (G1 Evacuation Pause) 342M->322M(512M) 13.683ms
[2025-10-31T02:09:13.832+0000][gc,cpu        ] GC(642) User=0.02s Sys=0.00s Real=0.02s
[2025-10-31T02:09:49.726+0000][gc,start      ] GC(643) Pause Young (Normal) (G1 Evacuation Pause)
[2025-10-31T02:09:49.726+0000][gc,task       ] GC(643) Using 2 workers of 2 for evacuation
[2025-10-31T02:09:49.739+0000][gc,phases     ] GC(643)   Pre Evacuate Collection Set: 0.3ms
[2025-10-31T02:09:49.739+0000][gc,phases     ] GC(643)   Evacuate Collection Set: 10.1ms
[2025-10-31T02:09:49.739+0000][gc,phases     ] GC(643)   Post Evacuate Collection Set: 1.1ms
[2025-10-31T02:09:49.740+0000][gc,phases     ] GC(643)   Other: 1.4ms
[2025-10-31T02:09:49.740+0000][gc,heap       ] GC(643) Eden regions: 22->0(21)
[2025-10-31T02:09:49.740+0000][gc,heap       ] GC(643) Survivor regions: 3->4(4)
[2025-10-31T02:09:49.740+0000][gc,heap       ] GC(643) Old regions: 173->173
[2025-10-31T02:09:49.741+0000][gc,heap       ] GC(643) Humongous regions: 147->147
[2025-10-31T02:09:49.741+0000][gc,metaspace  ] GC(643) Metaspace: 53073K(56496K)->53073K(56496K) NonClass: 47214K(49072K)->47214K(49072K) Class: 5859K(7424K)->5859K(7424K)
[2025-10-31T02:09:49.741+0000][gc            ] GC(643) Pause Young (Normal) (G1 Evacuation Pause) 344M->324M(512M) 15.404ms
[2025-10-31T02:09:49.742+0000][gc,cpu        ] GC(643) User=0.02s Sys=0.00s Real=0.01s
[2025-10-31T02:10:21.342+0000][gc,start      ] GC(644) Pause Young (Normal) (G1 Evacuation Pause)
[2025-10-31T02:10:21.342+0000][gc,task       ] GC(644) Using 2 workers of 2 for evacuation
[2025-10-31T02:10:21.356+0000][gc,phases     ] GC(644)   Pre Evacuate Collection Set: 0.0ms
[2025-10-31T02:10:21.356+0000][gc,phases     ] GC(644)   Evacuate Collection Set: 12.1ms
[2025-10-31T02:10:21.357+0000][gc,phases     ] GC(644)   Post Evacuate Collection Set: 1.1ms
[2025-10-31T02:10:21.357+0000][gc,phases     ] GC(644)   Other: 0.6ms
[2025-10-31T02:10:21.357+0000][gc,heap       ] GC(644) Eden regions: 21->0(23)
[2025-10-31T02:10:21.357+0000][gc,heap       ] GC(644) Survivor regions: 4->2(4)
[2025-10-31T02:10:21.358+0000][gc,heap       ] GC(644) Old regions: 173->176
[2025-10-31T02:10:21.358+0000][gc,heap       ] GC(644) Humongous regions: 147->147
[2025-10-31T02:10:21.358+0000][gc,metaspace  ] GC(644) Metaspace: 53076K(56496K)->53076K(56496K) NonClass: 47217K(49072K)->47217K(49072K) Class: 5859K(7424K)->5859K(7424K)
[2025-10-31T02:10:21.358+0000][gc            ] GC(644) Pause Young (Normal) (G1 Evacuation Pause) 345M->324M(512M) 16.115ms
[2025-10-31T02:10:21.358+0000][gc,cpu        ] GC(644) User=0.03s Sys=0.00s Real=0.02s
[2025-10-31T02:10:48.753+0000][gc,start      ] GC(645) Pause Young (Normal) (G1 Evacuation Pause)
[2025-10-31T02:10:48.753+0000][gc,task       ] GC(645) Using 2 workers of 2 for evacuation
[2025-10-31T02:10:48.764+0000][gc,phases     ] GC(645)   Pre Evacuate Collection Set: 0.0ms
[2025-10-31T02:10:48.765+0000][gc,phases     ] GC(645)   Evacuate Collection Set: 10.2ms
[2025-10-31T02:10:48.765+0000][gc,phases     ] GC(645)   Post Evacuate Collection Set: 0.8ms
[2025-10-31T02:10:48.765+0000][gc,phases     ] GC(645)   Other: 0.8ms
[2025-10-31T02:10:48.765+0000][gc,heap       ] GC(645) Eden regions: 23->0(25)
[2025-10-31T02:10:48.766+0000][gc,heap       ] GC(645) Survivor regions: 2->4(4)
[2025-10-31T02:10:48.766+0000][gc,heap       ] GC(645) Old regions: 176->176
[2025-10-31T02:10:48.766+0000][gc,heap       ] GC(645) Humongous regions: 147->147
[2025-10-31T02:10:48.766+0000][gc,metaspace  ] GC(645) Metaspace: 53076K(56496K)->53076K(56496K) NonClass: 47217K(49072K)->47217K(49072K) Class: 5859K(7424K)->5859K(7424K)
[2025-10-31T02:10:48.766+0000][gc            ] GC(645) Pause Young (Normal) (G1 Evacuation Pause) 347M->325M(512M) 13.591ms
[2025-10-31T02:10:48.766+0000][gc,cpu        ] GC(645) User=0.02s Sys=0.00s Real=0.02s
[2025-10-31T02:11:19.896+0000][gc,start      ] GC(646) Pause Young (Normal) (G1 Evacuation Pause)
[2025-10-31T02:11:19.896+0000][gc,task       ] GC(646) Using 2 workers of 2 for evacuation
[2025-10-31T02:11:19.908+0000][gc,phases     ] GC(646)   Pre Evacuate Collection Set: 0.0ms
[2025-10-31T02:11:19.908+0000][gc,phases     ] GC(646)   Evacuate Collection Set: 11.0ms
[2025-10-31T02:11:19.909+0000][gc,phases     ] GC(646)   Post Evacuate Collection Set: 0.7ms
[2025-10-31T02:11:19.909+0000][gc,phases     ] GC(646)   Other: 0.8ms
[2025-10-31T02:11:19.909+0000][gc,heap       ] GC(646) Eden regions: 25->0(27)
[2025-10-31T02:11:19.909+0000][gc,heap       ] GC(646) Survivor regions: 4->4(4)
[2025-10-31T02:11:19.909+0000][gc,heap       ] GC(646) Old regions: 176->177
[2025-10-31T02:11:19.909+0000][gc,heap       ] GC(646) Humongous regions: 147->147
[2025-10-31T02:11:19.910+0000][gc,metaspace  ] GC(646) Metaspace: 53076K(56496K)->53076K(56496K) NonClass: 47217K(49072K)->47217K(49072K) Class: 5859K(7424K)->5859K(7424K)
[2025-10-31T02:11:19.910+0000][gc            ] GC(646) Pause Young (Normal) (G1 Evacuation Pause) 350M->327M(512M) 14.139ms
[2025-10-31T02:11:19.910+0000][gc,cpu        ] GC(646) User=0.03s Sys=0.00s Real=0.02s
[2025-10-31T02:11:56.678+0000][gc,start      ] GC(647) Pause Young (Normal) (G1 Evacuation Pause)
[2025-10-31T02:11:56.678+0000][gc,task       ] GC(647) Using 2 workers of 2 for evacuation
[2025-10-31T02:11:56.692+0000][gc,phases     ] GC(647)   Pre Evacuate Collection Set: 0.0ms
[2025-10-31T02:11:56.692+0000][gc,phases     ] GC(647)   Evacuate Collection Set: 12.8ms
[2025-10-31T02:11:56.693+0000][gc,phases     ] GC(647)   Post Evacuate Collection Set: 0.7ms
[2025-10-31T02:11:56.693+0000][gc,phases     ] GC(647)   Other: 0.7ms
[2025-10-31T02:11:56.693+0000][gc,heap       ] GC(647) Eden regions: 27->0(29)
[2025-10-31T02:11:56.693+0000][gc,heap       ] GC(647) Survivor regions: 4->2(4)
[2025-10-31T02:11:56.693+0000][gc,heap       ] GC(647) Old regions: 177->180
[2025-10-31T02:11:56.693+0000][gc,heap       ] GC(647) Humongous regions: 147->147
[2025-10-31T02:11:56.693+0000][gc,metaspace  ] GC(647) Metaspace: 53077K(56496K)->53077K(56496K) NonClass: 47218K(49072K)->47218K(49072K) Class: 5859K(7424K)->5859K(7424K)
[2025-10-31T02:11:56.694+0000][gc            ] GC(647) Pause Young (Normal) (G1 Evacuation Pause) 354M->328M(512M) 15.596ms
[2025-10-31T02:11:56.694+0000][gc,cpu        ] GC(647) User=0.02s Sys=0.00s Real=0.01s
[2025-10-31T02:12:33.479+0000][gc,start      ] GC(648) Pause Young (Normal) (G1 Evacuation Pause)
[2025-10-31T02:12:33.479+0000][gc,task       ] GC(648) Using 2 workers of 2 for evacuation
[2025-10-31T02:12:33.490+0000][gc,phases     ] GC(648)   Pre Evacuate Collection Set: 0.0ms
[2025-10-31T02:12:33.490+0000][gc,phases     ] GC(648)   Evacuate Collection Set: 9.9ms
[2025-10-31T02:12:33.491+0000][gc,phases     ] GC(648)   Post Evacuate Collection Set: 0.7ms
[2025-10-31T02:12:33.491+0000][gc,phases     ] GC(648)   Other: 0.8ms
[2025-10-31T02:12:33.491+0000][gc,heap       ] GC(648) Eden regions: 26->0(29)
[2025-10-31T02:12:33.491+0000][gc,heap       ] GC(648) Survivor regions: 2->4(4)
[2025-10-31T02:12:33.491+0000][gc,heap       ] GC(648) Old regions: 180->180
[2025-10-31T02:12:33.491+0000][gc,heap       ] GC(648) Humongous regions: 147->147
[2025-10-31T02:12:33.492+0000][gc,metaspace  ] GC(648) Metaspace: 53077K(56496K)->53077K(56496K) NonClass: 47218K(49072K)->47218K(49072K) Class: 5859K(7424K)->5859K(7424K)
[2025-10-31T02:12:33.492+0000][gc            ] GC(648) Pause Young (Normal) (G1 Evacuation Pause) 354M->330M(512M) 12.897ms
[2025-10-31T02:12:33.492+0000][gc,cpu        ] GC(648) User=0.03s Sys=0.00s Real=0.01s
[2025-10-31T02:13:13.702+0000][gc,start      ] GC(649) Pause Young (Normal) (G1 Evacuation Pause)
[2025-10-31T02:13:13.702+0000][gc,task       ] GC(649) Using 2 workers of 2 for evacuation
[2025-10-31T02:13:13.717+0000][gc,phases     ] GC(649)   Pre Evacuate Collection Set: 0.0ms
[2025-10-31T02:13:13.717+0000][gc,phases     ] GC(649)   Evacuate Collection Set: 13.6ms
[2025-10-31T02:13:13.717+0000][gc,phases     ] GC(649)   Post Evacuate Collection Set: 0.8ms
[2025-10-31T02:13:13.718+0000][gc,phases     ] GC(649)   Other: 0.7ms
[2025-10-31T02:13:13.718+0000][gc,heap       ] GC(649) Eden regions: 29->0(31)
[2025-10-31T02:13:13.718+0000][gc,heap       ] GC(649) Survivor regions: 4->4(5)
[2025-10-31T02:13:13.718+0000][gc,heap       ] GC(649) Old regions: 180->183
[2025-10-31T02:13:13.719+0000][gc,heap       ] GC(649) Humongous regions: 147->147
[2025-10-31T02:13:13.719+0000][gc,metaspace  ] GC(649) Metaspace: 53077K(56496K)->53077K(56496K) NonClass: 47218K(49072K)->47218K(49072K) Class: 5859K(7424K)->5859K(7424K)
[2025-10-31T02:13:13.719+0000][gc            ] GC(649) Pause Young (Normal) (G1 Evacuation Pause) 359M->332M(512M) 17.154ms
[2025-10-31T02:13:13.719+0000][gc,cpu        ] GC(649) User=0.03s Sys=0.00s Real=0.02s
[2025-10-31T02:13:53.241+0000][gc,start      ] GC(650) Pause Young (Normal) (G1 Evacuation Pause)
[2025-10-31T02:13:53.241+0000][gc,task       ] GC(650) Using 2 workers of 2 for evacuation
[2025-10-31T02:13:53.257+0000][gc,phases     ] GC(650)   Pre Evacuate Collection Set: 0.0ms
[2025-10-31T02:13:53.258+0000][gc,phases     ] GC(650)   Evacuate Collection Set: 14.6ms
[2025-10-31T02:13:53.258+0000][gc,phases     ] GC(650)   Post Evacuate Collection Set: 0.9ms
[2025-10-31T02:13:53.258+0000][gc,phases     ] GC(650)   Other: 0.6ms
[2025-10-31T02:13:53.258+0000][gc,heap       ] GC(650) Eden regions: 28->0(31)
[2025-10-31T02:13:53.258+0000][gc,heap       ] GC(650) Survivor regions: 4->3(4)
[2025-10-31T02:13:53.258+0000][gc,heap       ] GC(650) Old regions: 183->184
[2025-10-31T02:13:53.259+0000][gc,heap       ] GC(650) Humongous regions: 147->147
[2025-10-31T02:13:53.259+0000][gc,metaspace  ] GC(650) Metaspace: 53082K(56496K)->53082K(56496K) NonClass: 47223K(49072K)->47223K(49072K) Class: 5859K(7424K)->5859K(7424K)
[2025-10-31T02:13:53.259+0000][gc            ] GC(650) Pause Young (Normal) (G1 Evacuation Pause) 360M->333M(512M) 17.946ms
[2025-10-31T02:13:53.259+0000][gc,cpu        ] GC(650) User=0.03s Sys=0.00s Real=0.02s
[2025-10-31T02:14:31.710+0000][gc,start      ] GC(651) Pause Young (Normal) (G1 Evacuation Pause)
[2025-10-31T02:14:31.710+0000][gc,task       ] GC(651) Using 2 workers of 2 for evacuation
[2025-10-31T02:14:31.721+0000][gc,phases     ] GC(651)   Pre Evacuate Collection Set: 0.0ms
[2025-10-31T02:14:31.721+0000][gc,phases     ] GC(651)   Evacuate Collection Set: 9.3ms
[2025-10-31T02:14:31.721+0000][gc,phases     ] GC(651)   Post Evacuate Collection Set: 0.7ms
[2025-10-31T02:14:31.722+0000][gc,phases     ] GC(651)   Other: 0.7ms
[2025-10-31T02:14:31.722+0000][gc,heap       ] GC(651) Eden regions: 28->0(34)
[2025-10-31T02:14:31.722+0000][gc,heap       ] GC(651) Survivor regions: 3->3(4)
[2025-10-31T02:14:31.722+0000][gc,heap       ] GC(651) Old regions: 184->186
[2025-10-31T02:14:31.722+0000][gc,heap       ] GC(651) Humongous regions: 147->147
[2025-10-31T02:14:31.723+0000][gc,metaspace  ] GC(651) Metaspace: 53082K(56496K)->53082K(56496K) NonClass: 47223K(49072K)->47223K(49072K) Class: 5859K(7424K)->5859K(7424K)
[2025-10-31T02:14:31.723+0000][gc            ] GC(651) Pause Young (Normal) (G1 Evacuation Pause) 361M->334M(512M) 12.753ms
[2025-10-31T02:14:31.723+0000][gc,cpu        ] GC(651) User=0.02s Sys=0.00s Real=0.01s
[2025-10-31T02:15:07.489+0000][gc,start      ] GC(652) Pause Young (Normal) (G1 Evacuation Pause)
[2025-10-31T02:15:07.489+0000][gc,task       ] GC(652) Using 2 workers of 2 for evacuation
[2025-10-31T02:15:07.501+0000][gc,phases     ] GC(652)   Pre Evacuate Collection Set: 0.0ms
[2025-10-31T02:15:07.501+0000][gc,phases     ] GC(652)   Evacuate Collection Set: 10.2ms
[2025-10-31T02:15:07.501+0000][gc,phases     ] GC(652)   Post Evacuate Collection Set: 0.7ms
[2025-10-31T02:15:07.502+0000][gc,phases     ] GC(652)   Other: 0.8ms
[2025-10-31T02:15:07.502+0000][gc,heap       ] GC(652) Eden regions: 31->0(37)
[2025-10-31T02:15:07.502+0000][gc,heap       ] GC(652) Survivor regions: 3->4(5)
[2025-10-31T02:15:07.502+0000][gc,heap       ] GC(652) Old regions: 186->186
[2025-10-31T02:15:07.503+0000][gc,heap       ] GC(652) Humongous regions: 147->147
[2025-10-31T02:15:07.503+0000][gc,metaspace  ] GC(652) Metaspace: 53095K(56496K)->53095K(56496K) NonClass: 47236K(49072K)->47236K(49072K) Class: 5859K(7424K)->5859K(7424K)
[2025-10-31T02:15:07.503+0000][gc            ] GC(652) Pause Young (Normal) (G1 Evacuation Pause) 365M->336M(512M) 14.034ms
[2025-10-31T02:15:07.504+0000][gc,cpu        ] GC(652) User=0.02s Sys=0.00s Real=0.01s
[2025-10-31T02:16:00.794+0000][gc,start      ] GC(653) Pause Young (Normal) (G1 Evacuation Pause)
[2025-10-31T02:16:00.794+0000][gc,task       ] GC(653) Using 2 workers of 2 for evacuation
[2025-10-31T02:16:00.809+0000][gc,phases     ] GC(653)   Pre Evacuate Collection Set: 0.0ms
[2025-10-31T02:16:00.809+0000][gc,phases     ] GC(653)   Evacuate Collection Set: 14.1ms
[2025-10-31T02:16:00.810+0000][gc,phases     ] GC(653)   Post Evacuate Collection Set: 0.7ms
[2025-10-31T02:16:00.810+0000][gc,phases     ] GC(653)   Other: 0.6ms
[2025-10-31T02:16:00.810+0000][gc,heap       ] GC(653) Eden regions: 37->0(38)
[2025-10-31T02:16:00.810+0000][gc,heap       ] GC(653) Survivor regions: 4->6(6)
[2025-10-31T02:16:00.810+0000][gc,heap       ] GC(653) Old regions: 186->187
[2025-10-31T02:16:00.811+0000][gc,heap       ] GC(653) Humongous regions: 147->147
[2025-10-31T02:16:00.811+0000][gc,metaspace  ] GC(653) Metaspace: 53095K(56496K)->53095K(56496K) NonClass: 47236K(49072K)->47236K(49072K) Class: 5859K(7424K)->5859K(7424K)
[2025-10-31T02:16:00.811+0000][gc            ] GC(653) Pause Young (Normal) (G1 Evacuation Pause) 373M->339M(512M) 17.008ms
[2025-10-31T02:16:00.811+0000][gc,cpu        ] GC(653) User=0.03s Sys=0.00s Real=0.02s
[2025-10-31T02:16:56.185+0000][gc,start      ] GC(654) Pause Young (Normal) (G1 Evacuation Pause)
[2025-10-31T02:16:56.186+0000][gc,task       ] GC(654) Using 2 workers of 2 for evacuation
[2025-10-31T02:16:56.202+0000][gc,phases     ] GC(654)   Pre Evacuate Collection Set: 0.0ms
[2025-10-31T02:16:56.202+0000][gc,phases     ] GC(654)   Evacuate Collection Set: 15.5ms
[2025-10-31T02:16:56.203+0000][gc,phases     ] GC(654)   Post Evacuate Collection Set: 0.7ms
[2025-10-31T02:16:56.203+0000][gc,phases     ] GC(654)   Other: 0.6ms
[2025-10-31T02:16:56.203+0000][gc,heap       ] GC(654) Eden regions: 38->0(38)
[2025-10-31T02:16:56.203+0000][gc,heap       ] GC(654) Survivor regions: 6->5(6)
[2025-10-31T02:16:56.203+0000][gc,heap       ] GC(654) Old regions: 187->191
[2025-10-31T02:16:56.203+0000][gc,heap       ] GC(654) Humongous regions: 147->147
[2025-10-31T02:16:56.204+0000][gc,metaspace  ] GC(654) Metaspace: 53095K(56496K)->53095K(56496K) NonClass: 47236K(49072K)->47236K(49072K) Class: 5859K(7424K)->5859K(7424K)
[2025-10-31T02:16:56.204+0000][gc            ] GC(654) Pause Young (Normal) (G1 Evacuation Pause) 377M->341M(512M) 18.451ms
[2025-10-31T02:16:56.204+0000][gc,cpu        ] GC(654) User=0.04s Sys=0.00s Real=0.02s
[2025-10-31T02:17:52.920+0000][gc,start      ] GC(655) Pause Young (Normal) (G1 Evacuation Pause)
[2025-10-31T02:17:52.920+0000][gc,task       ] GC(655) Using 2 workers of 2 for evacuation
[2025-10-31T02:17:52.934+0000][gc,phases     ] GC(655)   Pre Evacuate Collection Set: 0.0ms
[2025-10-31T02:17:52.934+0000][gc,phases     ] GC(655)   Evacuate Collection Set: 12.9ms
[2025-10-31T02:17:52.935+0000][gc,phases     ] GC(655)   Post Evacuate Collection Set: 0.7ms
[2025-10-31T02:17:52.935+0000][gc,phases     ] GC(655)   Other: 1.1ms
[2025-10-31T02:17:52.935+0000][gc,heap       ] GC(655) Eden regions: 38->0(42)
[2025-10-31T02:17:52.935+0000][gc,heap       ] GC(655) Survivor regions: 5->5(6)
[2025-10-31T02:17:52.935+0000][gc,heap       ] GC(655) Old regions: 191->193
[2025-10-31T02:17:52.936+0000][gc,heap       ] GC(655) Humongous regions: 147->147
[2025-10-31T02:17:52.936+0000][gc,metaspace  ] GC(655) Metaspace: 53095K(56496K)->53095K(56496K) NonClass: 47236K(49072K)->47236K(49072K) Class: 5859K(7424K)->5859K(7424K)
[2025-10-31T02:17:52.936+0000][gc            ] GC(655) Pause Young (Normal) (G1 Evacuation Pause) 379M->343M(512M) 16.406ms
[2025-10-31T02:17:52.936+0000][gc,cpu        ] GC(655) User=0.03s Sys=0.00s Real=0.01s
[2025-10-31T02:18:54.607+0000][gc,start      ] GC(656) Pause Young (Normal) (G1 Evacuation Pause)
[2025-10-31T02:18:54.607+0000][gc,task       ] GC(656) Using 2 workers of 2 for evacuation
[2025-10-31T02:18:54.618+0000][gc,phases     ] GC(656)   Pre Evacuate Collection Set: 0.0ms
[2025-10-31T02:18:54.619+0000][gc,phases     ] GC(656)   Evacuate Collection Set: 10.7ms
[2025-10-31T02:18:54.619+0000][gc,phases     ] GC(656)   Post Evacuate Collection Set: 0.6ms
[2025-10-31T02:18:54.619+0000][gc,phases     ] GC(656)   Other: 0.6ms
[2025-10-31T02:18:54.619+0000][gc,heap       ] GC(656) Eden regions: 42->0(51)
[2025-10-31T02:18:54.619+0000][gc,heap       ] GC(656) Survivor regions: 5->3(6)
[2025-10-31T02:18:54.620+0000][gc,heap       ] GC(656) Old regions: 193->195
[2025-10-31T02:18:54.620+0000][gc,heap       ] GC(656) Humongous regions: 147->147
[2025-10-31T02:18:54.620+0000][gc,metaspace  ] GC(656) Metaspace: 53095K(56496K)->53095K(56496K) NonClass: 47236K(49072K)->47236K(49072K) Class: 5859K(7424K)->5859K(7424K)
[2025-10-31T02:18:54.620+0000][gc            ] GC(656) Pause Young (Normal) (G1 Evacuation Pause) 385M->344M(512M) 13.645ms
[2025-10-31T02:18:54.620+0000][gc,cpu        ] GC(656) User=0.02s Sys=0.00s Real=0.01s
[2025-10-31T02:20:09.421+0000][gc,start      ] GC(657) Pause Young (Normal) (G1 Evacuation Pause)
[2025-10-31T02:20:09.422+0000][gc,task       ] GC(657) Using 2 workers of 2 for evacuation
[2025-10-31T02:20:09.437+0000][gc,phases     ] GC(657)   Pre Evacuate Collection Set: 0.0ms
[2025-10-31T02:20:09.437+0000][gc,phases     ] GC(657)   Evacuate Collection Set: 14.2ms
[2025-10-31T02:20:09.438+0000][gc,phases     ] GC(657)   Post Evacuate Collection Set: 0.7ms
[2025-10-31T02:20:09.438+0000][gc,phases     ] GC(657)   Other: 1.0ms
[2025-10-31T02:20:09.439+0000][gc,heap       ] GC(657) Eden regions: 51->0(48)
[2025-10-31T02:20:09.439+0000][gc,heap       ] GC(657) Survivor regions: 3->6(7)
[2025-10-31T02:20:09.439+0000][gc,heap       ] GC(657) Old regions: 195->195
[2025-10-31T02:20:09.439+0000][gc,heap       ] GC(657) Humongous regions: 147->147
[2025-10-31T02:20:09.439+0000][gc,metaspace  ] GC(657) Metaspace: 53095K(56496K)->53095K(56496K) NonClass: 47236K(49072K)->47236K(49072K) Class: 5859K(7424K)->5859K(7424K)
[2025-10-31T02:20:09.439+0000][gc            ] GC(657) Pause Young (Normal) (G1 Evacuation Pause) 395M->347M(512M) 17.918ms
[2025-10-31T02:20:09.439+0000][gc,cpu        ] GC(657) User=0.03s Sys=0.00s Real=0.02s
[2025-10-31T02:21:19.839+0000][gc,start      ] GC(658) Pause Young (Normal) (G1 Evacuation Pause)
[2025-10-31T02:21:19.839+0000][gc,task       ] GC(658) Using 2 workers of 2 for evacuation
[2025-10-31T02:21:19.863+0000][gc,mmu        ] GC(658) MMU target violated: 21.0ms (20.0ms/21.0ms)
[2025-10-31T02:21:19.863+0000][gc,phases     ] GC(658)   Pre Evacuate Collection Set: 0.0ms
[2025-10-31T02:21:19.863+0000][gc,phases     ] GC(658)   Evacuate Collection Set: 21.5ms
[2025-10-31T02:21:19.864+0000][gc,phases     ] GC(658)   Post Evacuate Collection Set: 2.1ms
[2025-10-31T02:21:19.864+0000][gc,phases     ] GC(658)   Other: 1.1ms
[2025-10-31T02:21:19.864+0000][gc,heap       ] GC(658) Eden regions: 48->0(40)
[2025-10-31T02:21:19.864+0000][gc,heap       ] GC(658) Survivor regions: 6->7(7)
[2025-10-31T02:21:19.864+0000][gc,heap       ] GC(658) Old regions: 195->197
[2025-10-31T02:21:19.864+0000][gc,heap       ] GC(658) Humongous regions: 147->147
[2025-10-31T02:21:19.864+0000][gc,metaspace  ] GC(658) Metaspace: 53099K(56496K)->53099K(56496K) NonClass: 47240K(49072K)->47240K(49072K) Class: 5859K(7424K)->5859K(7424K)
[2025-10-31T02:21:19.865+0000][gc            ] GC(658) Pause Young (Normal) (G1 Evacuation Pause) 395M->350M(512M) 26.104ms
[2025-10-31T02:21:19.865+0000][gc,cpu        ] GC(658) User=0.04s Sys=0.00s Real=0.03s
[2025-10-31T02:22:18.894+0000][gc,start      ] GC(659) Pause Young (Normal) (G1 Evacuation Pause)
[2025-10-31T02:22:18.894+0000][gc,task       ] GC(659) Using 2 workers of 2 for evacuation
[2025-10-31T02:22:18.911+0000][gc,phases     ] GC(659)   Pre Evacuate Collection Set: 0.0ms
[2025-10-31T02:22:18.911+0000][gc,phases     ] GC(659)   Evacuate Collection Set: 15.2ms
[2025-10-31T02:22:18.911+0000][gc,phases     ] GC(659)   Post Evacuate Collection Set: 0.7ms
[2025-10-31T02:22:18.911+0000][gc,phases     ] GC(659)   Other: 0.7ms
[2025-10-31T02:22:18.912+0000][gc,heap       ] GC(659) Eden regions: 40->0(43)
[2025-10-31T02:22:18.912+0000][gc,heap       ] GC(659) Survivor regions: 7->4(6)
[2025-10-31T02:22:18.912+0000][gc,heap       ] GC(659) Old regions: 197->202
[2025-10-31T02:22:18.912+0000][gc,heap       ] GC(659) Humongous regions: 147->147
[2025-10-31T02:22:18.912+0000][gc,metaspace  ] GC(659) Metaspace: 53099K(56496K)->53099K(56496K) NonClass: 47240K(49072K)->47240K(49072K) Class: 5859K(7424K)->5859K(7424K)
[2025-10-31T02:22:18.912+0000][gc            ] GC(659) Pause Young (Normal) (G1 Evacuation Pause) 390M->352M(512M) 18.297ms
[2025-10-31T02:22:18.913+0000][gc,cpu        ] GC(659) User=0.03s Sys=0.00s Real=0.02s
[2025-10-31T02:23:22.092+0000][gc,start      ] GC(660) Pause Young (Normal) (G1 Evacuation Pause)
[2025-10-31T02:23:22.092+0000][gc,task       ] GC(660) Using 2 workers of 2 for evacuation
[2025-10-31T02:23:22.110+0000][gc,phases     ] GC(660)   Pre Evacuate Collection Set: 0.0ms
[2025-10-31T02:23:22.111+0000][gc,phases     ] GC(660)   Evacuate Collection Set: 17.0ms
[2025-10-31T02:23:22.111+0000][gc,phases     ] GC(660)   Post Evacuate Collection Set: 0.9ms
[2025-10-31T02:23:22.111+0000][gc,phases     ] GC(660)   Other: 0.7ms
[2025-10-31T02:23:22.111+0000][gc,heap       ] GC(660) Eden regions: 43->0(41)
[2025-10-31T02:23:22.111+0000][gc,heap       ] GC(660) Survivor regions: 4->4(6)
[2025-10-31T02:23:22.112+0000][gc,heap       ] GC(660) Old regions: 202->205
[2025-10-31T02:23:22.112+0000][gc,heap       ] GC(660) Humongous regions: 147->147
[2025-10-31T02:23:22.112+0000][gc,metaspace  ] GC(660) Metaspace: 53099K(56496K)->53099K(56496K) NonClass: 47240K(49072K)->47240K(49072K) Class: 5859K(7424K)->5859K(7424K)
[2025-10-31T02:23:22.112+0000][gc            ] GC(660) Pause Young (Normal) (G1 Evacuation Pause) 395M->355M(512M) 20.501ms
[2025-10-31T02:23:22.112+0000][gc,cpu        ] GC(660) User=0.03s Sys=0.00s Real=0.02s
[2025-10-31T02:24:22.198+0000][gc,start      ] GC(661) Pause Young (Normal) (G1 Evacuation Pause)
[2025-10-31T02:24:22.198+0000][gc,task       ] GC(661) Using 2 workers of 2 for evacuation
[2025-10-31T02:24:22.213+0000][gc,phases     ] GC(661)   Pre Evacuate Collection Set: 0.0ms
[2025-10-31T02:24:22.214+0000][gc,phases     ] GC(661)   Evacuate Collection Set: 13.6ms
[2025-10-31T02:24:22.214+0000][gc,phases     ] GC(661)   Post Evacuate Collection Set: 0.7ms
[2025-10-31T02:24:22.214+0000][gc,phases     ] GC(661)   Other: 1.0ms
[2025-10-31T02:24:22.214+0000][gc,heap       ] GC(661) Eden regions: 41->0(44)
[2025-10-31T02:24:22.214+0000][gc,heap       ] GC(661) Survivor regions: 4->5(6)
[2025-10-31T02:24:22.214+0000][gc,heap       ] GC(661) Old regions: 205->207
[2025-10-31T02:24:22.215+0000][gc,heap       ] GC(661) Humongous regions: 147->147
[2025-10-31T02:24:22.215+0000][gc,metaspace  ] GC(661) Metaspace: 53099K(56496K)->53099K(56496K) NonClass: 47240K(49072K)->47240K(49072K) Class: 5859K(7424K)->5859K(7424K)
[2025-10-31T02:24:22.215+0000][gc            ] GC(661) Pause Young (Normal) (G1 Evacuation Pause) 396M->358M(512M) 16.677ms
[2025-10-31T02:24:22.215+0000][gc,cpu        ] GC(661) User=0.03s Sys=0.00s Real=0.01s
[2025-10-31T02:25:26.819+0000][gc,start      ] GC(662) Pause Young (Normal) (G1 Evacuation Pause)
[2025-10-31T02:25:26.820+0000][gc,task       ] GC(662) Using 2 workers of 2 for evacuation
[2025-10-31T02:25:26.831+0000][gc,phases     ] GC(662)   Pre Evacuate Collection Set: 0.0ms
[2025-10-31T02:25:26.832+0000][gc,phases     ] GC(662)   Evacuate Collection Set: 10.5ms
[2025-10-31T02:25:26.832+0000][gc,phases     ] GC(662)   Post Evacuate Collection Set: 0.8ms
[2025-10-31T02:25:26.832+0000][gc,phases     ] GC(662)   Other: 0.6ms
[2025-10-31T02:25:26.832+0000][gc,heap       ] GC(662) Eden regions: 44->0(51)
[2025-10-31T02:25:26.832+0000][gc,heap       ] GC(662) Survivor regions: 5->3(7)
[2025-10-31T02:25:26.832+0000][gc,heap       ] GC(662) Old regions: 207->210
[2025-10-31T02:25:26.833+0000][gc,heap       ] GC(662) Humongous regions: 147->147
[2025-10-31T02:25:26.833+0000][gc,metaspace  ] GC(662) Metaspace: 53099K(56496K)->53099K(56496K) NonClass: 47240K(49072K)->47240K(49072K) Class: 5859K(7424K)->5859K(7424K)
[2025-10-31T02:25:26.833+0000][gc            ] GC(662) Pause Young (Normal) (G1 Evacuation Pause) 402M->359M(512M) 13.722ms
[2025-10-31T02:25:26.833+0000][gc,cpu        ] GC(662) User=0.02s Sys=0.00s Real=0.02s
[2025-10-31T02:26:42.943+0000][gc,start      ] GC(663) Pause Young (Normal) (G1 Evacuation Pause)
[2025-10-31T02:26:42.944+0000][gc,task       ] GC(663) Using 2 workers of 2 for evacuation
[2025-10-31T02:26:42.962+0000][gc,phases     ] GC(663)   Pre Evacuate Collection Set: 0.0ms
[2025-10-31T02:26:42.963+0000][gc,phases     ] GC(663)   Evacuate Collection Set: 17.4ms
[2025-10-31T02:26:42.963+0000][gc,phases     ] GC(663)   Post Evacuate Collection Set: 1.0ms
[2025-10-31T02:26:42.963+0000][gc,phases     ] GC(663)   Other: 0.7ms
[2025-10-31T02:26:42.963+0000][gc,heap       ] GC(663) Eden regions: 51->0(45)
[2025-10-31T02:26:42.963+0000][gc,heap       ] GC(663) Survivor regions: 3->6(7)
[2025-10-31T02:26:42.964+0000][gc,heap       ] GC(663) Old regions: 210->210
[2025-10-31T02:26:42.964+0000][gc,heap       ] GC(663) Humongous regions: 147->147
[2025-10-31T02:26:42.964+0000][gc,metaspace  ] GC(663) Metaspace: 53099K(56496K)->53099K(56496K) NonClass: 47240K(49072K)->47240K(49072K) Class: 5859K(7424K)->5859K(7424K)
[2025-10-31T02:26:42.964+0000][gc            ] GC(663) Pause Young (Normal) (G1 Evacuation Pause) 410M->362M(512M) 20.854ms
[2025-10-31T02:26:42.964+0000][gc,cpu        ] GC(663) User=0.04s Sys=0.00s Real=0.03s
[2025-10-31T02:27:48.730+0000][gc,start      ] GC(664) Pause Young (Normal) (G1 Evacuation Pause)
[2025-10-31T02:27:48.731+0000][gc,task       ] GC(664) Using 2 workers of 2 for evacuation
[2025-10-31T02:27:48.749+0000][gc,phases     ] GC(664)   Pre Evacuate Collection Set: 0.0ms
[2025-10-31T02:27:48.749+0000][gc,phases     ] GC(664)   Evacuate Collection Set: 16.9ms
[2025-10-31T02:27:48.749+0000][gc,phases     ] GC(664)   Post Evacuate Collection Set: 0.6ms
[2025-10-31T02:27:48.749+0000][gc,phases     ] GC(664)   Other: 1.0ms
[2025-10-31T02:27:48.750+0000][gc,heap       ] GC(664) Eden regions: 45->0(46)
[2025-10-31T02:27:48.750+0000][gc,heap       ] GC(664) Survivor regions: 6->4(7)
[2025-10-31T02:27:48.750+0000][gc,heap       ] GC(664) Old regions: 210->215
[2025-10-31T02:27:48.750+0000][gc,heap       ] GC(664) Humongous regions: 147->147
[2025-10-31T02:27:48.750+0000][gc,metaspace  ] GC(664) Metaspace: 53099K(56496K)->53099K(56496K) NonClass: 47240K(49072K)->47240K(49072K) Class: 5859K(7424K)->5859K(7424K)
[2025-10-31T02:27:48.750+0000][gc            ] GC(664) Pause Young (Normal) (G1 Evacuation Pause) 407M->365M(512M) 20.006ms
[2025-10-31T02:27:48.751+0000][gc,cpu        ] GC(664) User=0.03s Sys=0.00s Real=0.02s
[2025-10-31T02:28:56.371+0000][gc,start      ] GC(665) Pause Young (Normal) (G1 Evacuation Pause)
[2025-10-31T02:28:56.371+0000][gc,task       ] GC(665) Using 2 workers of 2 for evacuation
[2025-10-31T02:28:56.390+0000][gc,phases     ] GC(665)   Pre Evacuate Collection Set: 0.0ms
[2025-10-31T02:28:56.391+0000][gc,phases     ] GC(665)   Evacuate Collection Set: 18.0ms
[2025-10-31T02:28:56.391+0000][gc,phases     ] GC(665)   Post Evacuate Collection Set: 0.8ms
[2025-10-31T02:28:56.391+0000][gc,phases     ] GC(665)   Other: 0.7ms
[2025-10-31T02:28:56.391+0000][gc,heap       ] GC(665) Eden regions: 46->0(45)
[2025-10-31T02:28:56.391+0000][gc,heap       ] GC(665) Survivor regions: 4->5(7)
[2025-10-31T02:28:56.392+0000][gc,heap       ] GC(665) Old regions: 215->217
[2025-10-31T02:28:56.392+0000][gc,heap       ] GC(665) Humongous regions: 147->147
[2025-10-31T02:28:56.392+0000][gc,metaspace  ] GC(665) Metaspace: 53099K(56496K)->53099K(56496K) NonClass: 47240K(49072K)->47240K(49072K) Class: 5859K(7424K)->5859K(7424K)
[2025-10-31T02:28:56.392+0000][gc            ] GC(665) Pause Young (Normal) (G1 Evacuation Pause) 411M->368M(512M) 21.244ms
[2025-10-31T02:28:56.392+0000][gc,cpu        ] GC(665) User=0.03s Sys=0.00s Real=0.02s
[2025-10-31T02:29:52.888+0000][gc,start      ] GC(666) Pause Young (Normal) (G1 Evacuation Pause)
[2025-10-31T02:29:52.888+0000][gc,task       ] GC(666) Using 2 workers of 2 for evacuation
[2025-10-31T02:29:52.909+0000][gc,mmu        ] GC(666) MMU target violated: 21.0ms (20.0ms/21.0ms)
[2025-10-31T02:29:52.910+0000][gc,phases     ] GC(666)   Pre Evacuate Collection Set: 0.0ms
[2025-10-31T02:29:52.910+0000][gc,phases     ] GC(666)   Evacuate Collection Set: 19.9ms
[2025-10-31T02:29:52.910+0000][gc,phases     ] GC(666)   Post Evacuate Collection Set: 0.8ms
[2025-10-31T02:29:52.910+0000][gc,phases     ] GC(666)   Other: 1.2ms
[2025-10-31T02:29:52.911+0000][gc,heap       ] GC(666) Eden regions: 39->0(41)
[2025-10-31T02:29:52.911+0000][gc,heap       ] GC(666) Survivor regions: 5->4(6)
[2025-10-31T02:29:52.911+0000][gc,heap       ] GC(666) Old regions: 217->220
[2025-10-31T02:29:52.911+0000][gc,heap       ] GC(666) Humongous regions: 147->147
[2025-10-31T02:29:52.911+0000][gc,metaspace  ] GC(666) Metaspace: 53099K(56496K)->53099K(56496K) NonClass: 47240K(49072K)->47240K(49072K) Class: 5859K(7424K)->5859K(7424K)
[2025-10-31T02:29:52.912+0000][gc            ] GC(666) Pause Young (Normal) (G1 Evacuation Pause) 407M->370M(512M) 24.016ms
[2025-10-31T02:29:52.912+0000][gc,cpu        ] GC(666) User=0.05s Sys=0.00s Real=0.03s
[2025-10-31T02:30:28.652+0000][gc,start      ] GC(667) Pause Young (Normal) (G1 Evacuation Pause)
[2025-10-31T02:30:28.652+0000][gc,task       ] GC(667) Using 2 workers of 2 for evacuation
[2025-10-31T02:30:28.665+0000][gc,phases     ] GC(667)   Pre Evacuate Collection Set: 0.0ms
[2025-10-31T02:30:28.666+0000][gc,phases     ] GC(667)   Evacuate Collection Set: 11.7ms
[2025-10-31T02:30:28.666+0000][gc,phases     ] GC(667)   Post Evacuate Collection Set: 0.7ms
[2025-10-31T02:30:28.666+0000][gc,phases     ] GC(667)   Other: 0.9ms
[2025-10-31T02:30:28.666+0000][gc,heap       ] GC(667) Eden regions: 24->0(36)
[2025-10-31T02:30:28.667+0000][gc,heap       ] GC(667) Survivor regions: 4->3(4)
[2025-10-31T02:30:28.667+0000][gc,heap       ] GC(667) Old regions: 220->222
[2025-10-31T02:30:28.667+0000][gc,heap       ] GC(667) Humongous regions: 147->147
[2025-10-31T02:30:28.667+0000][gc,metaspace  ] GC(667) Metaspace: 53099K(56496K)->53099K(56496K) NonClass: 47240K(49072K)->47240K(49072K) Class: 5859K(7424K)->5859K(7424K)
[2025-10-31T02:30:28.667+0000][gc            ] GC(667) Pause Young (Normal) (G1 Evacuation Pause) 394M->371M(512M) 15.351ms
[2025-10-31T02:30:28.668+0000][gc,cpu        ] GC(667) User=0.02s Sys=0.00s Real=0.01s
[2025-10-31T02:31:07.793+0000][gc,start      ] GC(668) Pause Young (Normal) (G1 Evacuation Pause)
[2025-10-31T02:31:07.793+0000][gc,task       ] GC(668) Using 2 workers of 2 for evacuation
[2025-10-31T02:31:07.807+0000][gc,phases     ] GC(668)   Pre Evacuate Collection Set: 0.0ms
[2025-10-31T02:31:07.808+0000][gc,phases     ] GC(668)   Evacuate Collection Set: 12.5ms
[2025-10-31T02:31:07.808+0000][gc,phases     ] GC(668)   Post Evacuate Collection Set: 0.9ms
[2025-10-31T02:31:07.808+0000][gc,phases     ] GC(668)   Other: 1.0ms
[2025-10-31T02:31:07.808+0000][gc,heap       ] GC(668) Eden regions: 27->0(36)
[2025-10-31T02:31:07.809+0000][gc,heap       ] GC(668) Survivor regions: 3->2(4)
[2025-10-31T02:31:07.809+0000][gc,heap       ] GC(668) Old regions: 222->224
[2025-10-31T02:31:07.809+0000][gc,heap       ] GC(668) Humongous regions: 147->147
[2025-10-31T02:31:07.809+0000][gc,metaspace  ] GC(668) Metaspace: 53099K(56496K)->53099K(56496K) NonClass: 47240K(49072K)->47240K(49072K) Class: 5859K(7424K)->5859K(7424K)
[2025-10-31T02:31:07.809+0000][gc            ] GC(668) Pause Young (Normal) (G1 Evacuation Pause) 398M->372M(512M) 16.611ms
[2025-10-31T02:31:07.810+0000][gc,cpu        ] GC(668) User=0.03s Sys=0.00s Real=0.02s
[2025-10-31T02:31:50.503+0000][gc,start      ] GC(669) Pause Young (Normal) (G1 Evacuation Pause)
[2025-10-31T02:31:50.504+0000][gc,task       ] GC(669) Using 2 workers of 2 for evacuation
[2025-10-31T02:31:50.521+0000][gc,phases     ] GC(669)   Pre Evacuate Collection Set: 0.0ms
[2025-10-31T02:31:50.522+0000][gc,phases     ] GC(669)   Evacuate Collection Set: 16.1ms
[2025-10-31T02:31:50.523+0000][gc,phases     ] GC(669)   Post Evacuate Collection Set: 1.0ms
[2025-10-31T02:31:50.523+0000][gc,phases     ] GC(669)   Other: 0.7ms
[2025-10-31T02:31:50.524+0000][gc,heap       ] GC(669) Eden regions: 29->0(30)
[2025-10-31T02:31:50.524+0000][gc,heap       ] GC(669) Survivor regions: 2->4(4)
[2025-10-31T02:31:50.524+0000][gc,heap       ] GC(669) Old regions: 224->225
[2025-10-31T02:31:50.524+0000][gc,heap       ] GC(669) Humongous regions: 147->147
[2025-10-31T02:31:50.525+0000][gc,metaspace  ] GC(669) Metaspace: 53099K(56496K)->53099K(56496K) NonClass: 47240K(49072K)->47240K(49072K) Class: 5859K(7424K)->5859K(7424K)
[2025-10-31T02:31:50.525+0000][gc            ] GC(669) Pause Young (Normal) (G1 Evacuation Pause) 401M->375M(512M) 21.230ms
[2025-10-31T02:31:50.525+0000][gc,cpu        ] GC(669) User=0.03s Sys=0.00s Real=0.02s
[2025-10-31T02:32:33.720+0000][gc,start      ] GC(670) Pause Young (Normal) (G1 Evacuation Pause)
[2025-10-31T02:32:33.720+0000][gc,task       ] GC(670) Using 2 workers of 2 for evacuation
[2025-10-31T02:32:33.735+0000][gc,phases     ] GC(670)   Pre Evacuate Collection Set: 0.0ms
[2025-10-31T02:32:33.735+0000][gc,phases     ] GC(670)   Evacuate Collection Set: 13.9ms
[2025-10-31T02:32:33.736+0000][gc,phases     ] GC(670)   Post Evacuate Collection Set: 0.9ms
[2025-10-31T02:32:33.736+0000][gc,phases     ] GC(670)   Other: 0.8ms
[2025-10-31T02:32:33.736+0000][gc,heap       ] GC(670) Eden regions: 30->0(32)
[2025-10-31T02:32:33.736+0000][gc,heap       ] GC(670) Survivor regions: 4->3(5)
[2025-10-31T02:32:33.736+0000][gc,heap       ] GC(670) Old regions: 225->227
[2025-10-31T02:32:33.737+0000][gc,heap       ] GC(670) Humongous regions: 147->147
[2025-10-31T02:32:33.737+0000][gc,metaspace  ] GC(670) Metaspace: 53099K(56496K)->53099K(56496K) NonClass: 47240K(49072K)->47240K(49072K) Class: 5859K(7424K)->5859K(7424K)
[2025-10-31T02:32:33.737+0000][gc            ] GC(670) Pause Young (Normal) (G1 Evacuation Pause) 405M->376M(512M) 17.286ms
[2025-10-31T02:32:33.737+0000][gc,cpu        ] GC(670) User=0.03s Sys=0.00s Real=0.02s
[2025-10-31T02:33:15.325+0000][gc,start      ] GC(671) Pause Young (Normal) (G1 Evacuation Pause)
[2025-10-31T02:33:15.326+0000][gc,task       ] GC(671) Using 2 workers of 2 for evacuation
[2025-10-31T02:33:15.339+0000][gc,phases     ] GC(671)   Pre Evacuate Collection Set: 0.0ms
[2025-10-31T02:33:15.339+0000][gc,phases     ] GC(671)   Evacuate Collection Set: 11.7ms
[2025-10-31T02:33:15.339+0000][gc,phases     ] GC(671)   Post Evacuate Collection Set: 0.7ms
[2025-10-31T02:33:15.339+0000][gc,phases     ] GC(671)   Other: 0.9ms
[2025-10-31T02:33:15.339+0000][gc,heap       ] GC(671) Eden regions: 28->0(34)
[2025-10-31T02:33:15.340+0000][gc,heap       ] GC(671) Survivor regions: 3->3(4)
[2025-10-31T02:33:15.340+0000][gc,heap       ] GC(671) Old regions: 227->229
[2025-10-31T02:33:15.340+0000][gc,heap       ] GC(671) Humongous regions: 147->147
[2025-10-31T02:33:15.340+0000][gc,metaspace  ] GC(671) Metaspace: 53099K(56496K)->53099K(56496K) NonClass: 47240K(49072K)->47240K(49072K) Class: 5859K(7424K)->5859K(7424K)
[2025-10-31T02:33:15.340+0000][gc            ] GC(671) Pause Young (Normal) (G1 Evacuation Pause) 404M->378M(512M) 14.906ms
[2025-10-31T02:33:15.340+0000][gc,cpu        ] GC(671) User=0.03s Sys=0.00s Real=0.01s
[2025-10-31T02:33:58.884+0000][gc,start      ] GC(672) Pause Young (Normal) (G1 Evacuation Pause)
[2025-10-31T02:33:58.884+0000][gc,task       ] GC(672) Using 2 workers of 2 for evacuation
[2025-10-31T02:33:58.897+0000][gc,phases     ] GC(672)   Pre Evacuate Collection Set: 0.0ms
[2025-10-31T02:33:58.898+0000][gc,phases     ] GC(672)   Evacuate Collection Set: 11.8ms
[2025-10-31T02:33:58.898+0000][gc,phases     ] GC(672)   Post Evacuate Collection Set: 0.8ms
[2025-10-31T02:33:58.898+0000][gc,phases     ] GC(672)   Other: 1.1ms
[2025-10-31T02:33:58.898+0000][gc,heap       ] GC(672) Eden regions: 30->0(35)
[2025-10-31T02:33:58.898+0000][gc,heap       ] GC(672) Survivor regions: 3->4(5)
[2025-10-31T02:33:58.899+0000][gc,heap       ] GC(672) Old regions: 229->229
[2025-10-31T02:33:58.899+0000][gc,heap       ] GC(672) Humongous regions: 147->147
[2025-10-31T02:33:58.899+0000][gc,metaspace  ] GC(672) Metaspace: 53099K(56496K)->53099K(56496K) NonClass: 47240K(49072K)->47240K(49072K) Class: 5859K(7424K)->5859K(7424K)
[2025-10-31T02:33:58.899+0000][gc            ] GC(672) Pause Young (Normal) (G1 Evacuation Pause) 408M->379M(512M) 15.847ms
[2025-10-31T02:33:58.900+0000][gc,cpu        ] GC(672) User=0.02s Sys=0.00s Real=0.01s
[2025-10-31T02:34:49.281+0000][gc,start      ] GC(673) Pause Young (Normal) (G1 Evacuation Pause)
[2025-10-31T02:34:49.281+0000][gc,task       ] GC(673) Using 2 workers of 2 for evacuation
[2025-10-31T02:34:49.295+0000][gc,phases     ] GC(673)   Pre Evacuate Collection Set: 0.0ms
[2025-10-31T02:34:49.295+0000][gc,phases     ] GC(673)   Evacuate Collection Set: 12.2ms
[2025-10-31T02:34:49.283+0000][gc,phases     ] GC(673)   Post Evacuate Collection Set: 1.5ms
[2025-10-31T02:34:49.283+0000][gc,phases     ] GC(673)   Other: 0.7ms
[2025-10-31T02:34:49.283+0000][gc,heap       ] GC(673) Eden regions: 35->0(37)
[2025-10-31T02:34:49.284+0000][gc,heap       ] GC(673) Survivor regions: 4->4(5)
[2025-10-31T02:34:49.284+0000][gc,heap       ] GC(673) Old regions: 229->230
[2025-10-31T02:34:49.284+0000][gc,heap       ] GC(673) Humongous regions: 147->147
[2025-10-31T02:34:49.285+0000][gc,metaspace  ] GC(673) Metaspace: 53099K(56496K)->53099K(56496K) NonClass: 47240K(49072K)->47240K(49072K) Class: 5859K(7424K)->5859K(7424K)
[2025-10-31T02:34:49.285+0000][gc            ] GC(673) Pause Young (Normal) (G1 Evacuation Pause) 414M->380M(512M) 16.686ms
[2025-10-31T02:34:49.285+0000][gc,cpu        ] GC(673) User=0.02s Sys=0.00s Real=0.02s
[2025-10-31T02:35:44.057+0000][gc,start      ] GC(674) Pause Young (Normal) (G1 Evacuation Pause)
[2025-10-31T02:35:44.057+0000][gc,task       ] GC(674) Using 2 workers of 2 for evacuation
[2025-10-31T02:35:44.070+0000][gc,phases     ] GC(674)   Pre Evacuate Collection Set: 0.0ms
[2025-10-31T02:35:44.070+0000][gc,phases     ] GC(674)   Evacuate Collection Set: 11.5ms
[2025-10-31T02:35:44.070+0000][gc,phases     ] GC(674)   Post Evacuate Collection Set: 0.7ms
[2025-10-31T02:35:44.071+0000][gc,phases     ] GC(674)   Other: 0.7ms
[2025-10-31T02:35:44.071+0000][gc,heap       ] GC(674) Eden regions: 37->0(39)
[2025-10-31T02:35:44.071+0000][gc,heap       ] GC(674) Survivor regions: 4->5(6)
[2025-10-31T02:35:44.071+0000][gc,heap       ] GC(674) Old regions: 230->232
[2025-10-31T02:35:44.071+0000][gc,heap       ] GC(674) Humongous regions: 147->147
[2025-10-31T02:35:44.071+0000][gc,metaspace  ] GC(674) Metaspace: 53100K(56496K)->53100K(56496K) NonClass: 47241K(49072K)->47241K(49072K) Class: 5859K(7424K)->5859K(7424K)
[2025-10-31T02:35:44.072+0000][gc            ] GC(674) Pause Young (Normal) (G1 Evacuation Pause) 417M->382M(512M) 14.277ms
[2025-10-31T02:35:44.072+0000][gc,cpu        ] GC(674) User=0.02s Sys=0.00s Real=0.02s
[2025-10-31T02:36:41.380+0000][gc,start      ] GC(675) Pause Young (Normal) (G1 Evacuation Pause)
[2025-10-31T02:36:41.381+0000][gc,task       ] GC(675) Using 2 workers of 2 for evacuation
[2025-10-31T02:36:41.395+0000][gc,phases     ] GC(675)   Pre Evacuate Collection Set: 0.0ms
[2025-10-31T02:36:41.396+0000][gc,phases     ] GC(675)   Evacuate Collection Set: 13.3ms
[2025-10-31T02:36:41.396+0000][gc,phases     ] GC(675)   Post Evacuate Collection Set: 0.8ms
[2025-10-31T02:36:41.396+0000][gc,phases     ] GC(675)   Other: 0.8ms
[2025-10-31T02:36:41.396+0000][gc,heap       ] GC(675) Eden regions: 39->0(40)
[2025-10-31T02:36:41.396+0000][gc,heap       ] GC(675) Survivor regions: 5->5(6)
[2025-10-31T02:36:41.396+0000][gc,heap       ] GC(675) Old regions: 232->234
[2025-10-31T02:36:41.397+0000][gc,heap       ] GC(675) Humongous regions: 147->147
[2025-10-31T02:36:41.397+0000][gc,metaspace  ] GC(675) Metaspace: 53100K(56496K)->53100K(56496K) NonClass: 47241K(49072K)->47241K(49072K) Class: 5859K(7424K)->5859K(7424K)
[2025-10-31T02:36:41.397+0000][gc            ] GC(675) Pause Young (Normal) (G1 Evacuation Pause) 421M->385M(512M) 16.692ms
[2025-10-31T02:36:41.397+0000][gc,cpu        ] GC(675) User=0.02s Sys=0.00s Real=0.01s
[2025-10-31T02:37:39.752+0000][gc,start      ] GC(676) Pause Young (Normal) (G1 Evacuation Pause)
[2025-10-31T02:37:39.752+0000][gc,task       ] GC(676) Using 2 workers of 2 for evacuation
[2025-10-31T02:37:39.771+0000][gc,phases     ] GC(676)   Pre Evacuate Collection Set: 0.0ms
[2025-10-31T02:37:39.772+0000][gc,phases     ] GC(676)   Evacuate Collection Set: 18.3ms
[2025-10-31T02:37:39.772+0000][gc,phases     ] GC(676)   Post Evacuate Collection Set: 0.9ms
[2025-10-31T02:37:39.772+0000][gc,phases     ] GC(676)   Other: 0.7ms
[2025-10-31T02:37:39.773+0000][gc,heap       ] GC(676) Eden regions: 40->0(39)
[2025-10-31T02:37:39.773+0000][gc,heap       ] GC(676) Survivor regions: 5->5(6)
[2025-10-31T02:37:39.774+0000][gc,heap       ] GC(676) Old regions: 234->236
[2025-10-31T02:37:39.774+0000][gc,heap       ] GC(676) Humongous regions: 147->147
[2025-10-31T02:37:39.774+0000][gc,metaspace  ] GC(676) Metaspace: 53100K(56496K)->53100K(56496K) NonClass: 47241K(49072K)->47241K(49072K) Class: 5859K(7424K)->5859K(7424K)
[2025-10-31T02:37:39.775+0000][gc            ] GC(676) Pause Young (Normal) (G1 Evacuation Pause) 425M->387M(512M) 23.107ms
[2025-10-31T02:37:39.775+0000][gc,cpu        ] GC(676) User=0.04s Sys=0.00s Real=0.03s
[2025-10-31T02:38:36.764+0000][gc,start      ] GC(677) Pause Young (Normal) (G1 Evacuation Pause)
[2025-10-31T02:38:36.764+0000][gc,task       ] GC(677) Using 2 workers of 2 for evacuation
[2025-10-31T02:38:36.780+0000][gc,phases     ] GC(677)   Pre Evacuate Collection Set: 0.0ms
[2025-10-31T02:38:36.780+0000][gc,phases     ] GC(677)   Evacuate Collection Set: 14.4ms
[2025-10-31T02:38:36.780+0000][gc,phases     ] GC(677)   Post Evacuate Collection Set: 0.7ms
[2025-10-31T02:38:36.781+0000][gc,phases     ] GC(677)   Other: 0.8ms
[2025-10-31T02:38:36.781+0000][gc,heap       ] GC(677) Eden regions: 39->0(41)
[2025-10-31T02:38:36.781+0000][gc,heap       ] GC(677) Survivor regions: 5->5(6)
[2025-10-31T02:38:36.781+0000][gc,heap       ] GC(677) Old regions: 236->238
[2025-10-31T02:38:36.781+0000][gc,heap       ] GC(677) Humongous regions: 147->147
[2025-10-31T02:38:36.782+0000][gc,metaspace  ] GC(677) Metaspace: 53100K(56496K)->53100K(56496K) NonClass: 47241K(49072K)->47241K(49072K) Class: 5859K(7424K)->5859K(7424K)
[2025-10-31T02:38:36.782+0000][gc            ] GC(677) Pause Young (Normal) (G1 Evacuation Pause) 426M->389M(512M) 17.526ms
[2025-10-31T02:38:36.782+0000][gc,cpu        ] GC(677) User=0.03s Sys=0.00s Real=0.01s
[2025-10-31T02:39:36.650+0000][gc,start      ] GC(678) Pause Young (Normal) (G1 Evacuation Pause)
[2025-10-31T02:39:36.651+0000][gc,task       ] GC(678) Using 2 workers of 2 for evacuation
[2025-10-31T02:39:36.668+0000][gc,phases     ] GC(678)   Pre Evacuate Collection Set: 0.0ms
[2025-10-31T02:39:36.668+0000][gc,phases     ] GC(678)   Evacuate Collection Set: 16.5ms
[2025-10-31T02:39:36.669+0000][gc,phases     ] GC(678)   Post Evacuate Collection Set: 0.7ms
[2025-10-31T02:39:36.669+0000][gc,phases     ] GC(678)   Other: 1.4ms
[2025-10-31T02:39:36.669+0000][gc,heap       ] GC(678) Eden regions: 41->0(41)
[2025-10-31T02:39:36.669+0000][gc,heap       ] GC(678) Survivor regions: 5->5(6)
[2025-10-31T02:39:36.669+0000][gc,heap       ] GC(678) Old regions: 238->240
[2025-10-31T02:39:36.669+0000][gc,heap       ] GC(678) Humongous regions: 147->147
[2025-10-31T02:39:36.669+0000][gc,metaspace  ] GC(678) Metaspace: 53100K(56496K)->53100K(56496K) NonClass: 47241K(49072K)->47241K(49072K) Class: 5859K(7424K)->5859K(7424K)
[2025-10-31T02:39:36.669+0000][gc            ] GC(678) Pause Young (Normal) (G1 Evacuation Pause) 430M->391M(512M) 19.868ms
[2025-10-31T02:39:36.670+0000][gc,cpu        ] GC(678) User=0.03s Sys=0.00s Real=0.02s
[2025-10-31T02:40:36.984+0000][gc,start      ] GC(679) Pause Young (Normal) (G1 Evacuation Pause)
[2025-10-31T02:40:36.984+0000][gc,task       ] GC(679) Using 2 workers of 2 for evacuation
[2025-10-31T02:40:36.998+0000][gc,phases     ] GC(679)   Pre Evacuate Collection Set: 0.0ms
[2025-10-31T02:40:36.998+0000][gc,phases     ] GC(679)   Evacuate Collection Set: 12.7ms
[2025-10-31T02:40:36.998+0000][gc,phases     ] GC(679)   Post Evacuate Collection Set: 0.6ms
[2025-10-31T02:40:36.998+0000][gc,phases     ] GC(679)   Other: 0.7ms
[2025-10-31T02:40:36.998+0000][gc,heap       ] GC(679) Eden regions: 41->0(44)
[2025-10-31T02:40:36.998+0000][gc,heap       ] GC(679) Survivor regions: 5->6(6)
[2025-10-31T02:40:36.999+0000][gc,heap       ] GC(679) Old regions: 240->242
[2025-10-31T02:40:36.999+0000][gc,heap       ] GC(679) Humongous regions: 147->147
[2025-10-31T02:40:36.999+0000][gc,metaspace  ] GC(679) Metaspace: 53100K(56496K)->53100K(56496K) NonClass: 47241K(49072K)->47241K(49072K) Class: 5859K(7424K)->5859K(7424K)
[2025-10-31T02:40:36.999+0000][gc            ] GC(679) Pause Young (Normal) (G1 Evacuation Pause) 432M->394M(512M) 15.322ms
[2025-10-31T02:40:36.999+0000][gc,cpu        ] GC(679) User=0.03s Sys=0.00s Real=0.01s
[2025-10-31T02:41:41.733+0000][gc,start      ] GC(680) Pause Young (Normal) (G1 Evacuation Pause)
[2025-10-31T02:41:41.734+0000][gc,task       ] GC(680) Using 2 workers of 2 for evacuation
[2025-10-31T02:41:41.763+0000][gc,mmu        ] GC(680) MMU target violated: 21.0ms (20.0ms/21.0ms)
[2025-10-31T02:41:41.764+0000][gc,phases     ] GC(680)   Pre Evacuate Collection Set: 0.0ms
[2025-10-31T02:41:41.764+0000][gc,phases     ] GC(680)   Evacuate Collection Set: 27.8ms
[2025-10-31T02:41:41.764+0000][gc,phases     ] GC(680)   Post Evacuate Collection Set: 1.2ms
[2025-10-31T02:41:41.765+0000][gc,phases     ] GC(680)   Other: 1.5ms
[2025-10-31T02:41:41.765+0000][gc,heap       ] GC(680) Eden regions: 44->0(31)
[2025-10-31T02:41:41.766+0000][gc,heap       ] GC(680) Survivor regions: 6->6(7)
[2025-10-31T02:41:41.767+0000][gc,heap       ] GC(680) Old regions: 242->245
[2025-10-31T02:41:41.767+0000][gc,heap       ] GC(680) Humongous regions: 147->147
[2025-10-31T02:41:41.767+0000][gc,metaspace  ] GC(680) Metaspace: 53100K(56496K)->53100K(56496K) NonClass: 47241K(49072K)->47241K(49072K) Class: 5859K(7424K)->5859K(7424K)
[2025-10-31T02:41:41.768+0000][gc            ] GC(680) Pause Young (Normal) (G1 Evacuation Pause) 438M->397M(512M) 34.335ms
[2025-10-31T02:41:41.768+0000][gc,cpu        ] GC(680) User=0.06s Sys=0.00s Real=0.03s
[2025-10-31T02:42:26.543+0000][gc,start      ] GC(681) Pause Young (Normal) (G1 Evacuation Pause)
[2025-10-31T02:42:26.543+0000][gc,task       ] GC(681) Using 2 workers of 2 for evacuation
[2025-10-31T02:42:26.559+0000][gc,phases     ] GC(681)   Pre Evacuate Collection Set: 0.0ms
[2025-10-31T02:42:26.559+0000][gc,phases     ] GC(681)   Evacuate Collection Set: 14.6ms
[2025-10-31T02:42:26.559+0000][gc,phases     ] GC(681)   Post Evacuate Collection Set: 0.7ms
[2025-10-31T02:42:26.559+0000][gc,phases     ] GC(681)   Other: 0.7ms
[2025-10-31T02:42:26.559+0000][gc,heap       ] GC(681) Eden regions: 31->0(40)
[2025-10-31T02:42:26.560+0000][gc,heap       ] GC(681) Survivor regions: 6->3(5)
[2025-10-31T02:42:26.560+0000][gc,heap       ] GC(681) Old regions: 245->249
[2025-10-31T02:42:26.560+0000][gc,heap       ] GC(681) Humongous regions: 147->147
[2025-10-31T02:42:26.560+0000][gc,metaspace  ] GC(681) Metaspace: 53100K(56496K)->53100K(56496K) NonClass: 47241K(49072K)->47241K(49072K) Class: 5859K(7424K)->5859K(7424K)
[2025-10-31T02:42:26.560+0000][gc            ] GC(681) Pause Young (Normal) (G1 Evacuation Pause) 428M->398M(512M) 17.721ms
[2025-10-31T02:42:26.561+0000][gc,cpu        ] GC(681) User=0.04s Sys=0.00s Real=0.02s
[2025-10-31T02:43:15.832+0000][gc,start      ] GC(682) Pause Young (Normal) (G1 Evacuation Pause)
[2025-10-31T02:43:15.832+0000][gc,task       ] GC(682) Using 2 workers of 2 for evacuation
[2025-10-31T02:43:15.844+0000][gc,phases     ] GC(682)   Pre Evacuate Collection Set: 0.0ms
[2025-10-31T02:43:15.844+0000][gc,phases     ] GC(682)   Evacuate Collection Set: 10.4ms
[2025-10-31T02:43:15.844+0000][gc,phases     ] GC(682)   Post Evacuate Collection Set: 0.8ms
[2025-10-31T02:43:15.845+0000][gc,phases     ] GC(682)   Other: 0.9ms
[2025-10-31T02:43:15.845+0000][gc,heap       ] GC(682) Eden regions: 33->0(39)
[2025-10-31T02:43:15.845+0000][gc,heap       ] GC(682) Survivor regions: 3->4(5)
[2025-10-31T02:43:15.845+0000][gc,heap       ] GC(682) Old regions: 249->249
[2025-10-31T02:43:15.845+0000][gc,heap       ] GC(682) Humongous regions: 147->147
[2025-10-31T02:43:15.846+0000][gc,metaspace  ] GC(682) Metaspace: 53100K(56496K)->53100K(56496K) NonClass: 47241K(49072K)->47241K(49072K) Class: 5859K(7424K)->5859K(7424K)
[2025-10-31T02:43:15.846+0000][gc            ] GC(682) Pause Young (Normal) (G1 Evacuation Pause) 431M->400M(512M) 13.927ms
[2025-10-31T02:43:15.846+0000][gc,cpu        ] GC(682) User=0.02s Sys=0.00s Real=0.02s
[2025-10-31T02:44:13.090+0000][gc,start      ] GC(683) Pause Young (Normal) (G1 Evacuation Pause)
[2025-10-31T02:44:13.090+0000][gc,task       ] GC(683) Using 2 workers of 2 for evacuation
[2025-10-31T02:44:13.106+0000][gc,phases     ] GC(683)   Pre Evacuate Collection Set: 0.0ms
[2025-10-31T02:44:13.106+0000][gc,phases     ] GC(683)   Evacuate Collection Set: 14.7ms
[2025-10-31T02:44:13.106+0000][gc,phases     ] GC(683)   Post Evacuate Collection Set: 0.7ms
[2025-10-31T02:44:13.107+0000][gc,phases     ] GC(683)   Other: 0.8ms
[2025-10-31T02:44:13.107+0000][gc,heap       ] GC(683) Eden regions: 39->0(40)
[2025-10-31T02:44:13.107+0000][gc,heap       ] GC(683) Survivor regions: 4->5(6)
[2025-10-31T02:44:13.107+0000][gc,heap       ] GC(683) Old regions: 249->251
[2025-10-31T02:44:13.107+0000][gc,heap       ] GC(683) Humongous regions: 147->147
[2025-10-31T02:44:13.107+0000][gc,metaspace  ] GC(683) Metaspace: 53100K(56496K)->53100K(56496K) NonClass: 47241K(49072K)->47241K(49072K) Class: 5859K(7424K)->5859K(7424K)
[2025-10-31T02:44:13.107+0000][gc            ] GC(683) Pause Young (Normal) (G1 Evacuation Pause) 438M->402M(512M) 17.691ms
[2025-10-31T02:44:13.108+0000][gc,cpu        ] GC(683) User=0.03s Sys=0.00s Real=0.02s
[2025-10-31T02:45:11.543+0000][gc,start      ] GC(684) Pause Young (Normal) (G1 Evacuation Pause)
[2025-10-31T02:45:11.543+0000][gc,task       ] GC(684) Using 2 workers of 2 for evacuation
[2025-10-31T02:45:11.558+0000][gc,phases     ] GC(684)   Pre Evacuate Collection Set: 0.0ms
[2025-10-31T02:45:11.558+0000][gc,phases     ] GC(684)   Evacuate Collection Set: 13.6ms
[2025-10-31T02:45:11.558+0000][gc,phases     ] GC(684)   Post Evacuate Collection Set: 0.7ms
[2025-10-31T02:45:11.558+0000][gc,phases     ] GC(684)   Other: 0.7ms
[2025-10-31T02:45:11.558+0000][gc,heap       ] GC(684) Eden regions: 40->0(41)
[2025-10-31T02:45:11.558+0000][gc,heap       ] GC(684) Survivor regions: 5->5(6)
[2025-10-31T02:45:11.559+0000][gc,heap       ] GC(684) Old regions: 251->253
[2025-10-31T02:45:11.559+0000][gc,heap       ] GC(684) Humongous regions: 147->147
[2025-10-31T02:45:11.559+0000][gc,metaspace  ] GC(684) Metaspace: 53100K(56496K)->53100K(56496K) NonClass: 47241K(49072K)->47241K(49072K) Class: 5859K(7424K)->5859K(7424K)
[2025-10-31T02:45:11.559+0000][gc            ] GC(684) Pause Young (Normal) (G1 Evacuation Pause) 442M->404M(512M) 16.512ms
[2025-10-31T02:45:11.559+0000][gc,cpu        ] GC(684) User=0.03s Sys=0.00s Real=0.02s
[2025-10-31T02:46:11.665+0000][gc,start      ] GC(685) Pause Young (Normal) (G1 Evacuation Pause)
[2025-10-31T02:46:11.665+0000][gc,task       ] GC(685) Using 2 workers of 2 for evacuation
[2025-10-31T02:46:11.680+0000][gc,phases     ] GC(685)   Pre Evacuate Collection Set: 0.0ms
[2025-10-31T02:46:11.681+0000][gc,phases     ] GC(685)   Evacuate Collection Set: 14.1ms
[2025-10-31T02:46:11.681+0000][gc,phases     ] GC(685)   Post Evacuate Collection Set: 0.7ms
[2025-10-31T02:46:11.681+0000][gc,phases     ] GC(685)   Other: 0.6ms
[2025-10-31T02:46:11.681+0000][gc,heap       ] GC(685) Eden regions: 41->0(42)
[2025-10-31T02:46:11.681+0000][gc,heap       ] GC(685) Survivor regions: 5->5(6)
[2025-10-31T02:46:11.681+0000][gc,heap       ] GC(685) Old regions: 253->255
[2025-10-31T02:46:11.681+0000][gc,heap       ] GC(685) Humongous regions: 147->147
[2025-10-31T02:46:11.681+0000][gc,metaspace  ] GC(685) Metaspace: 53100K(56496K)->53100K(56496K) NonClass: 47241K(49072K)->47241K(49072K) Class: 5859K(7424K)->5859K(7424K)
[2025-10-31T02:46:11.682+0000][gc            ] GC(685) Pause Young (Normal) (G1 Evacuation Pause) 445M->406M(512M) 16.993ms
[2025-10-31T02:46:11.682+0000][gc,cpu        ] GC(685) User=0.03s Sys=0.00s Real=0.02s
[2025-10-31T02:47:13.954+0000][gc,start      ] GC(686) Pause Young (Normal) (G1 Evacuation Pause)
[2025-10-31T02:47:13.954+0000][gc,task       ] GC(686) Using 2 workers of 2 for evacuation
[2025-10-31T02:47:13.971+0000][gc,phases     ] GC(686)   Pre Evacuate Collection Set: 0.0ms
[2025-10-31T02:47:13.971+0000][gc,phases     ] GC(686)   Evacuate Collection Set: 14.8ms
[2025-10-31T02:47:13.971+0000][gc,phases     ] GC(686)   Post Evacuate Collection Set: 0.7ms
[2025-10-31T02:47:13.971+0000][gc,phases     ] GC(686)   Other: 1.3ms
[2025-10-31T02:47:13.971+0000][gc,heap       ] GC(686) Eden regions: 42->0(40)
[2025-10-31T02:47:13.972+0000][gc,heap       ] GC(686) Survivor regions: 5->6(6)
[2025-10-31T02:47:13.972+0000][gc,heap       ] GC(686) Old regions: 255->257
[2025-10-31T02:47:13.972+0000][gc,heap       ] GC(686) Humongous regions: 147->147
[2025-10-31T02:47:13.972+0000][gc,metaspace  ] GC(686) Metaspace: 53100K(56496K)->53100K(56496K) NonClass: 47241K(49072K)->47241K(49072K) Class: 5859K(7424K)->5859K(7424K)
[2025-10-31T02:47:13.972+0000][gc            ] GC(686) Pause Young (Normal) (G1 Evacuation Pause) 448M->409M(512M) 18.309ms
[2025-10-31T02:47:13.972+0000][gc,cpu        ] GC(686) User=0.03s Sys=0.00s Real=0.02s
[2025-10-31T02:48:12.518+0000][gc,start      ] GC(687) Pause Young (Normal) (G1 Evacuation Pause)
[2025-10-31T02:48:12.518+0000][gc,task       ] GC(687) Using 2 workers of 2 for evacuation
[2025-10-31T02:48:12.534+0000][gc,phases     ] GC(687)   Pre Evacuate Collection Set: 0.0ms
[2025-10-31T02:48:12.535+0000][gc,phases     ] GC(687)   Evacuate Collection Set: 14.9ms
[2025-10-31T02:48:12.535+0000][gc,phases     ] GC(687)   Post Evacuate Collection Set: 0.8ms
[2025-10-31T02:48:12.535+0000][gc,phases     ] GC(687)   Other: 0.7ms
[2025-10-31T02:48:12.535+0000][gc,heap       ] GC(687) Eden regions: 40->0(39)
[2025-10-31T02:48:12.535+0000][gc,heap       ] GC(687) Survivor regions: 6->4(6)
[2025-10-31T02:48:12.535+0000][gc,heap       ] GC(687) Old regions: 257->262
[2025-10-31T02:48:12.536+0000][gc,heap       ] GC(687) Humongous regions: 147->147
[2025-10-31T02:48:12.536+0000][gc,metaspace  ] GC(687) Metaspace: 53100K(56496K)->53100K(56496K) NonClass: 47241K(49072K)->47241K(49072K) Class: 5859K(7424K)->5859K(7424K)
[2025-10-31T02:48:12.536+0000][gc            ] GC(687) Pause Young (Normal) (G1 Evacuation Pause) 449M->411M(512M) 18.203ms
[2025-10-31T02:48:12.536+0000][gc,cpu        ] GC(687) User=0.03s Sys=0.00s Real=0.02s
[2025-10-31T02:49:09.924+0000][gc,start      ] GC(688) Pause Young (Normal) (G1 Evacuation Pause)
[2025-10-31T02:49:09.924+0000][gc,task       ] GC(688) Using 2 workers of 2 for evacuation
[2025-10-31T02:49:09.937+0000][gc,phases     ] GC(688)   Pre Evacuate Collection Set: 0.0ms
[2025-10-31T02:49:09.937+0000][gc,phases     ] GC(688)   Evacuate Collection Set: 12.2ms
[2025-10-31T02:49:09.938+0000][gc,phases     ] GC(688)   Post Evacuate Collection Set: 0.7ms
[2025-10-31T02:49:09.938+0000][gc,phases     ] GC(688)   Other: 0.5ms
[2025-10-31T02:49:09.938+0000][gc,heap       ] GC(688) Eden regions: 39->0(37)
[2025-10-31T02:49:09.938+0000][gc,heap       ] GC(688) Survivor regions: 4->4(6)
[2025-10-31T02:49:09.938+0000][gc,heap       ] GC(688) Old regions: 262->264
[2025-10-31T02:49:09.938+0000][gc,heap       ] GC(688) Humongous regions: 147->147
[2025-10-31T02:49:09.938+0000][gc,metaspace  ] GC(688) Metaspace: 53100K(56496K)->53100K(56496K) NonClass: 47241K(49072K)->47241K(49072K) Class: 5859K(7424K)->5859K(7424K)
[2025-10-31T02:49:09.938+0000][gc            ] GC(688) Pause Young (Normal) (G1 Evacuation Pause) 450M->414M(512M) 14.866ms
[2025-10-31T02:49:09.939+0000][gc,cpu        ] GC(688) User=0.03s Sys=0.00s Real=0.02s
[2025-10-31T02:49:55.741+0000][gc,start      ] GC(689) Pause Young (Normal) (G1 Evacuation Pause)
[2025-10-31T02:49:55.742+0000][gc,task       ] GC(689) Using 2 workers of 2 for evacuation
[2025-10-31T02:49:55.757+0000][gc,phases     ] GC(689)   Pre Evacuate Collection Set: 0.0ms
[2025-10-31T02:49:55.757+0000][gc,phases     ] GC(689)   Evacuate Collection Set: 13.6ms
[2025-10-31T02:49:55.757+0000][gc,phases     ] GC(689)   Post Evacuate Collection Set: 0.8ms
[2025-10-31T02:49:55.757+0000][gc,phases     ] GC(689)   Other: 1.2ms
[2025-10-31T02:49:55.757+0000][gc,heap       ] GC(689) Eden regions: 37->0(33)
[2025-10-31T02:49:55.758+0000][gc,heap       ] GC(689) Survivor regions: 4->6(6)
[2025-10-31T02:49:55.758+0000][gc,heap       ] GC(689) Old regions: 264->265
[2025-10-31T02:49:55.758+0000][gc,heap       ] GC(689) Humongous regions: 147->147
[2025-10-31T02:49:55.758+0000][gc,metaspace  ] GC(689) Metaspace: 53100K(56496K)->53100K(56496K) NonClass: 47241K(49072K)->47241K(49072K) Class: 5859K(7424K)->5859K(7424K)
[2025-10-31T02:49:55.758+0000][gc            ] GC(689) Pause Young (Normal) (G1 Evacuation Pause) 451M->417M(512M) 17.183ms
[2025-10-31T02:49:55.759+0000][gc,cpu        ] GC(689) User=0.03s Sys=0.00s Real=0.02s
[2025-10-31T02:50:44.070+0000][gc,start      ] GC(690) Pause Young (Normal) (G1 Evacuation Pause)
[2025-10-31T02:50:44.070+0000][gc,task       ] GC(690) Using 2 workers of 2 for evacuation
[2025-10-31T02:50:44.085+0000][gc,phases     ] GC(690)   Pre Evacuate Collection Set: 0.0ms
[2025-10-31T02:50:44.085+0000][gc,phases     ] GC(690)   Evacuate Collection Set: 13.8ms
[2025-10-31T02:50:44.085+0000][gc,phases     ] GC(690)   Post Evacuate Collection Set: 0.7ms
[2025-10-31T02:50:44.086+0000][gc,phases     ] GC(690)   Other: 0.7ms
[2025-10-31T02:50:44.086+0000][gc,heap       ] GC(690) Eden regions: 33->0(32)
[2025-10-31T02:50:44.086+0000][gc,heap       ] GC(690) Survivor regions: 6->2(5)
[2025-10-31T02:50:44.086+0000][gc,heap       ] GC(690) Old regions: 265->270
[2025-10-31T02:50:44.086+0000][gc,heap       ] GC(690) Humongous regions: 147->147
[2025-10-31T02:50:44.086+0000][gc,metaspace  ] GC(690) Metaspace: 53100K(56496K)->53100K(56496K) NonClass: 47241K(49072K)->47241K(49072K) Class: 5859K(7424K)->5859K(7424K)
[2025-10-31T02:50:44.087+0000][gc            ] GC(690) Pause Young (Normal) (G1 Evacuation Pause) 450M->418M(512M) 16.728ms
[2025-10-31T02:50:44.087+0000][gc,cpu        ] GC(690) User=0.02s Sys=0.00s Real=0.02s
[2025-10-31T02:51:31.441+0000][gc,start      ] GC(691) Pause Young (Normal) (G1 Evacuation Pause)
[2025-10-31T02:51:31.441+0000][gc,task       ] GC(691) Using 2 workers of 2 for evacuation
[2025-10-31T02:51:31.451+0000][gc,phases     ] GC(691)   Pre Evacuate Collection Set: 0.0ms
[2025-10-31T02:51:31.451+0000][gc,phases     ] GC(691)   Evacuate Collection Set: 8.5ms
[2025-10-31T02:51:31.451+0000][gc,phases     ] GC(691)   Post Evacuate Collection Set: 0.7ms
[2025-10-31T02:51:31.451+0000][gc,phases     ] GC(691)   Other: 0.6ms
[2025-10-31T02:51:31.451+0000][gc,heap       ] GC(691) Eden regions: 32->0(30)
[2025-10-31T02:51:31.452+0000][gc,heap       ] GC(691) Survivor regions: 2->5(5)
[2025-10-31T02:51:31.452+0000][gc,heap       ] GC(691) Old regions: 270->270
[2025-10-31T02:51:31.452+0000][gc,heap       ] GC(691) Humongous regions: 147->147
[2025-10-31T02:51:31.452+0000][gc,metaspace  ] GC(691) Metaspace: 53100K(56496K)->53100K(56496K) NonClass: 47241K(49072K)->47241K(49072K) Class: 5859K(7424K)->5859K(7424K)
[2025-10-31T02:51:31.452+0000][gc            ] GC(691) Pause Young (Normal) (G1 Evacuation Pause) 450M->421M(512M) 11.590ms
[2025-10-31T02:51:31.452+0000][gc,cpu        ] GC(691) User=0.01s Sys=0.00s Real=0.01s
[2025-10-31T02:52:13.706+0000][gc,start      ] GC(692) Pause Young (Normal) (G1 Evacuation Pause)
[2025-10-31T02:52:13.706+0000][gc,task       ] GC(692) Using 2 workers of 2 for evacuation
[2025-10-31T02:52:13.722+0000][gc,phases     ] GC(692)   Pre Evacuate Collection Set: 0.0ms
[2025-10-31T02:52:13.722+0000][gc,phases     ] GC(692)   Evacuate Collection Set: 14.1ms
[2025-10-31T02:52:13.722+0000][gc,phases     ] GC(692)   Post Evacuate Collection Set: 0.8ms
[2025-10-31T02:52:13.722+0000][gc,phases     ] GC(692)   Other: 0.7ms
[2025-10-31T02:52:13.723+0000][gc,heap       ] GC(692) Eden regions: 30->0(28)
[2025-10-31T02:52:13.723+0000][gc,heap       ] GC(692) Survivor regions: 5->4(5)
[2025-10-31T02:52:13.723+0000][gc,heap       ] GC(692) Old regions: 270->273
[2025-10-31T02:52:13.723+0000][gc,heap       ] GC(692) Humongous regions: 147->147
[2025-10-31T02:52:13.723+0000][gc,metaspace  ] GC(692) Metaspace: 53100K(56496K)->53100K(56496K) NonClass: 47241K(49072K)->47241K(49072K) Class: 5859K(7424K)->5859K(7424K)
[2025-10-31T02:52:13.723+0000][gc            ] GC(692) Pause Young (Normal) (G1 Evacuation Pause) 451M->423M(512M) 17.359ms
[2025-10-31T02:52:13.724+0000][gc,cpu        ] GC(692) User=0.03s Sys=0.00s Real=0.02s
[2025-10-31T02:52:54.443+0000][gc,start      ] GC(693) Pause Young (Normal) (G1 Evacuation Pause)
[2025-10-31T02:52:54.444+0000][gc,task       ] GC(693) Using 2 workers of 2 for evacuation
[2025-10-31T02:52:54.459+0000][gc,phases     ] GC(693)   Pre Evacuate Collection Set: 0.0ms
[2025-10-31T02:52:54.460+0000][gc,phases     ] GC(693)   Evacuate Collection Set: 13.5ms
[2025-10-31T02:52:54.460+0000][gc,phases     ] GC(693)   Post Evacuate Collection Set: 1.6ms
[2025-10-31T02:52:54.460+0000][gc,phases     ] GC(693)   Other: 0.9ms
[2025-10-31T02:52:54.460+0000][gc,heap       ] GC(693) Eden regions: 28->0(27)
[2025-10-31T02:52:54.461+0000][gc,heap       ] GC(693) Survivor regions: 4->3(4)
[2025-10-31T02:52:54.461+0000][gc,heap       ] GC(693) Old regions: 273->275
[2025-10-31T02:52:54.461+0000][gc,heap       ] GC(693) Humongous regions: 147->147
[2025-10-31T02:52:54.461+0000][gc,metaspace  ] GC(693) Metaspace: 53100K(56496K)->53100K(56496K) NonClass: 47241K(49072K)->47241K(49072K) Class: 5859K(7424K)->5859K(7424K)
[2025-10-31T02:52:54.461+0000][gc            ] GC(693) Pause Young (Normal) (G1 Evacuation Pause) 451M->424M(512M) 17.935ms
[2025-10-31T02:52:54.462+0000][gc,cpu        ] GC(693) User=0.03s Sys=0.00s Real=0.02s
[2025-10-31T02:53:34.270+0000][gc,start      ] GC(694) Pause Young (Normal) (G1 Evacuation Pause)
[2025-10-31T02:53:34.270+0000][gc,task       ] GC(694) Using 2 workers of 2 for evacuation
[2025-10-31T02:53:34.279+0000][gc,phases     ] GC(694)   Pre Evacuate Collection Set: 0.0ms
[2025-10-31T02:53:34.280+0000][gc,phases     ] GC(694)   Evacuate Collection Set: 8.7ms
[2025-10-31T02:53:34.280+0000][gc,phases     ] GC(694)   Post Evacuate Collection Set: 0.7ms
[2025-10-31T02:53:34.280+0000][gc,phases     ] GC(694)   Other: 0.5ms
[2025-10-31T02:53:34.280+0000][gc,heap       ] GC(694) Eden regions: 27->0(27)
[2025-10-31T02:53:34.280+0000][gc,heap       ] GC(694) Survivor regions: 3->2(4)
[2025-10-31T02:53:34.281+0000][gc,heap       ] GC(694) Old regions: 275->277
[2025-10-31T02:53:34.281+0000][gc,heap       ] GC(694) Humongous regions: 147->147
[2025-10-31T02:53:34.281+0000][gc,metaspace  ] GC(694) Metaspace: 53100K(56496K)->53100K(56496K) NonClass: 47241K(49072K)->47241K(49072K) Class: 5859K(7424K)->5859K(7424K)
[2025-10-31T02:53:34.281+0000][gc            ] GC(694) Pause Young (Normal) (G1 Evacuation Pause) 451M->425M(512M) 11.376ms
[2025-10-31T02:53:34.281+0000][gc,cpu        ] GC(694) User=0.02s Sys=0.00s Real=0.01s
[2025-10-31T02:54:13.423+0000][gc,start      ] GC(695) Pause Young (Normal) (G1 Evacuation Pause)
[2025-10-31T02:54:13.423+0000][gc,task       ] GC(695) Using 2 workers of 2 for evacuation
[2025-10-31T02:54:13.435+0000][gc,phases     ] GC(695)   Pre Evacuate Collection Set: 0.0ms
[2025-10-31T02:54:13.435+0000][gc,phases     ] GC(695)   Evacuate Collection Set: 10.3ms
[2025-10-31T02:54:13.435+0000][gc,phases     ] GC(695)   Post Evacuate Collection Set: 0.7ms
[2025-10-31T02:54:13.435+0000][gc,phases     ] GC(695)   Other: 0.8ms
[2025-10-31T02:54:13.435+0000][gc,heap       ] GC(695) Eden regions: 27->0(24)
[2025-10-31T02:54:13.435+0000][gc,heap       ] GC(695) Survivor regions: 2->4(4)
[2025-10-31T02:54:13.436+0000][gc,heap       ] GC(695) Old regions: 277->278
[2025-10-31T02:54:13.436+0000][gc,heap       ] GC(695) Humongous regions: 147->147
[2025-10-31T02:54:13.436+0000][gc,metaspace  ] GC(695) Metaspace: 53100K(56496K)->53100K(56496K) NonClass: 47241K(49072K)->47241K(49072K) Class: 5859K(7424K)->5859K(7424K)
[2025-10-31T02:54:13.436+0000][gc            ] GC(695) Pause Young (Normal) (G1 Evacuation Pause) 452M->428M(512M) 13.307ms
[2025-10-31T02:54:13.436+0000][gc,cpu        ] GC(695) User=0.02s Sys=0.00s Real=0.01s
[2025-10-31T02:54:48.569+0000][gc,start      ] GC(696) Pause Young (Normal) (G1 Evacuation Pause)
[2025-10-31T02:54:48.569+0000][gc,task       ] GC(696) Using 2 workers of 2 for evacuation
[2025-10-31T02:54:48.581+0000][gc,phases     ] GC(696)   Pre Evacuate Collection Set: 0.0ms
[2025-10-31T02:54:48.582+0000][gc,phases     ] GC(696)   Evacuate Collection Set: 11.1ms
[2025-10-31T02:54:48.582+0000][gc,phases     ] GC(696)   Post Evacuate Collection Set: 0.6ms
[2025-10-31T02:54:48.582+0000][gc,phases     ] GC(696)   Other: 0.7ms
[2025-10-31T02:54:48.582+0000][gc,heap       ] GC(696) Eden regions: 24->0(23)
[2025-10-31T02:54:48.582+0000][gc,heap       ] GC(696) Survivor regions: 4->3(4)
[2025-10-31T02:54:48.582+0000][gc,heap       ] GC(696) Old regions: 278->280
[2025-10-31T02:54:48.583+0000][gc,heap       ] GC(696) Humongous regions: 147->147
[2025-10-31T02:54:48.583+0000][gc,metaspace  ] GC(696) Metaspace: 53100K(56496K)->53100K(56496K) NonClass: 47241K(49072K)->47241K(49072K) Class: 5859K(7424K)->5859K(7424K)
[2025-10-31T02:54:48.583+0000][gc            ] GC(696) Pause Young (Normal) (G1 Evacuation Pause) 452M->429M(512M) 14.056ms
[2025-10-31T02:54:48.583+0000][gc,cpu        ] GC(696) User=0.03s Sys=0.00s Real=0.02s
[2025-10-31T02:55:21.978+0000][gc,start      ] GC(697) Pause Young (Normal) (G1 Evacuation Pause)
[2025-10-31T02:55:21.978+0000][gc,task       ] GC(697) Using 2 workers of 2 for evacuation
[2025-10-31T02:55:21.991+0000][gc,phases     ] GC(697)   Pre Evacuate Collection Set: 0.1ms
[2025-10-31T02:55:21.991+0000][gc,phases     ] GC(697)   Evacuate Collection Set: 11.5ms
[2025-10-31T02:55:21.992+0000][gc,phases     ] GC(697)   Post Evacuate Collection Set: 0.8ms
[2025-10-31T02:55:21.992+0000][gc,phases     ] GC(697)   Other: 0.9ms
[2025-10-31T02:55:21.992+0000][gc,heap       ] GC(697) Eden regions: 23->0(24)
[2025-10-31T02:55:21.992+0000][gc,heap       ] GC(697) Survivor regions: 3->2(4)
[2025-10-31T02:55:21.992+0000][gc,heap       ] GC(697) Old regions: 280->281
[2025-10-31T02:55:21.993+0000][gc,heap       ] GC(697) Humongous regions: 147->147
[2025-10-31T02:55:21.993+0000][gc,metaspace  ] GC(697) Metaspace: 53100K(56496K)->53100K(56496K) NonClass: 47241K(49072K)->47241K(49072K) Class: 5859K(7424K)->5859K(7424K)
[2025-10-31T02:55:21.993+0000][gc            ] GC(697) Pause Young (Normal) (G1 Evacuation Pause) 452M->429M(512M) 15.254ms
[2025-10-31T02:55:21.993+0000][gc,cpu        ] GC(697) User=0.02s Sys=0.00s Real=0.02s
[2025-10-31T02:55:56.069+0000][gc,start      ] GC(698) Pause Young (Normal) (G1 Evacuation Pause)
[2025-10-31T02:55:56.069+0000][gc,task       ] GC(698) Using 2 workers of 2 for evacuation
[2025-10-31T02:55:56.080+0000][gc,phases     ] GC(698)   Pre Evacuate Collection Set: 0.0ms
[2025-10-31T02:55:56.081+0000][gc,phases     ] GC(698)   Evacuate Collection Set: 10.2ms
[2025-10-31T02:55:56.081+0000][gc,phases     ] GC(698)   Post Evacuate Collection Set: 0.6ms
[2025-10-31T02:55:56.081+0000][gc,phases     ] GC(698)   Other: 0.8ms
[2025-10-31T02:55:56.081+0000][gc,heap       ] GC(698) Eden regions: 24->0(22)
[2025-10-31T02:55:56.081+0000][gc,heap       ] GC(698) Survivor regions: 2->4(4)
[2025-10-31T02:55:56.082+0000][gc,heap       ] GC(698) Old regions: 281->281
[2025-10-31T02:55:56.082+0000][gc,heap       ] GC(698) Humongous regions: 147->147
[2025-10-31T02:55:56.082+0000][gc,metaspace  ] GC(698) Metaspace: 53100K(56496K)->53100K(56496K) NonClass: 47241K(49072K)->47241K(49072K) Class: 5859K(7424K)->5859K(7424K)
[2025-10-31T02:55:56.082+0000][gc            ] GC(698) Pause Young (Normal) (G1 Evacuation Pause) 453M->431M(512M) 13.122ms
[2025-10-31T02:55:56.082+0000][gc,cpu        ] GC(698) User=0.02s Sys=0.00s Real=0.02s
[2025-10-31T02:56:28.042+0000][gc,start      ] GC(699) Pause Young (Normal) (G1 Evacuation Pause)
[2025-10-31T02:56:28.043+0000][gc,task       ] GC(699) Using 2 workers of 2 for evacuation
[2025-10-31T02:56:28.057+0000][gc,phases     ] GC(699)   Pre Evacuate Collection Set: 0.0ms
[2025-10-31T02:56:28.057+0000][gc,phases     ] GC(699)   Evacuate Collection Set: 12.5ms
[2025-10-31T02:56:28.057+0000][gc,phases     ] GC(699)   Post Evacuate Collection Set: 0.7ms
[2025-10-31T02:56:28.057+0000][gc,phases     ] GC(699)   Other: 1.5ms
[2025-10-31T02:56:28.057+0000][gc,heap       ] GC(699) Eden regions: 22->0(22)
[2025-10-31T02:56:28.058+0000][gc,heap       ] GC(699) Survivor regions: 4->3(4)
[2025-10-31T02:56:28.058+0000][gc,heap       ] GC(699) Old regions: 281->284
[2025-10-31T02:56:28.058+0000][gc,heap       ] GC(699) Humongous regions: 147->147
[2025-10-31T02:56:28.058+0000][gc,metaspace  ] GC(699) Metaspace: 53100K(56496K)->53100K(56496K) NonClass: 47241K(49072K)->47241K(49072K) Class: 5859K(7424K)->5859K(7424K)
[2025-10-31T02:56:28.058+0000][gc            ] GC(699) Pause Young (Normal) (G1 Evacuation Pause) 453M->432M(512M) 16.174ms
[2025-10-31T02:56:28.058+0000][gc,cpu        ] GC(699) User=0.03s Sys=0.00s Real=0.01s
[2025-10-31T02:56:59.740+0000][gc,start      ] GC(700) Pause Young (Normal) (G1 Evacuation Pause)
[2025-10-31T02:56:59.740+0000][gc,task       ] GC(700) Using 2 workers of 2 for evacuation
[2025-10-31T02:56:59.753+0000][gc,phases     ] GC(700)   Pre Evacuate Collection Set: 0.0ms
[2025-10-31T02:56:59.753+0000][gc,phases     ] GC(700)   Evacuate Collection Set: 11.2ms
[2025-10-31T02:56:59.753+0000][gc,phases     ] GC(700)   Post Evacuate Collection Set: 0.6ms
[2025-10-31T02:56:59.753+0000][gc,phases     ] GC(700)   Other: 0.8ms
[2025-10-31T02:56:59.753+0000][gc,heap       ] GC(700) Eden regions: 22->0(21)
[2025-10-31T02:56:59.754+0000][gc,heap       ] GC(700) Survivor regions: 3->4(4)
[2025-10-31T02:56:59.754+0000][gc,heap       ] GC(700) Old regions: 284->284
[2025-10-31T02:56:59.754+0000][gc,heap       ] GC(700) Humongous regions: 147->147
[2025-10-31T02:56:59.754+0000][gc,metaspace  ] GC(700) Metaspace: 53100K(56496K)->53100K(56496K) NonClass: 47241K(49072K)->47241K(49072K) Class: 5859K(7424K)->5859K(7424K)
[2025-10-31T02:56:59.754+0000][gc            ] GC(700) Pause Young (Normal) (G1 Evacuation Pause) 454M->434M(512M) 14.212ms
[2025-10-31T02:56:59.755+0000][gc,cpu        ] GC(700) User=0.03s Sys=0.00s Real=0.02s
[2025-10-31T02:57:30.301+0000][gc,start      ] GC(701) Pause Young (Normal) (G1 Evacuation Pause)
[2025-10-31T02:57:30.301+0000][gc,task       ] GC(701) Using 2 workers of 2 for evacuation
[2025-10-31T02:57:30.314+0000][gc,phases     ] GC(701)   Pre Evacuate Collection Set: 0.0ms
[2025-10-31T02:57:30.314+0000][gc,phases     ] GC(701)   Evacuate Collection Set: 11.6ms
[2025-10-31T02:57:30.314+0000][gc,phases     ] GC(701)   Post Evacuate Collection Set: 0.7ms
[2025-10-31T02:57:30.315+0000][gc,phases     ] GC(701)   Other: 0.9ms
[2025-10-31T02:57:30.315+0000][gc,heap       ] GC(701) Eden regions: 21->0(22)
[2025-10-31T02:57:30.315+0000][gc,heap       ] GC(701) Survivor regions: 4->3(4)
[2025-10-31T02:57:30.315+0000][gc,heap       ] GC(701) Old regions: 284->286
[2025-10-31T02:57:30.315+0000][gc,heap       ] GC(701) Humongous regions: 147->147
[2025-10-31T02:57:30.315+0000][gc,metaspace  ] GC(701) Metaspace: 53100K(56496K)->53100K(56496K) NonClass: 47241K(49072K)->47241K(49072K) Class: 5859K(7424K)->5859K(7424K)
[2025-10-31T02:57:30.316+0000][gc            ] GC(701) Pause Young (Normal) (G1 Evacuation Pause) 455M->435M(512M) 14.800ms
[2025-10-31T02:57:30.316+0000][gc,cpu        ] GC(701) User=0.03s Sys=0.00s Real=0.02s
[2025-10-31T02:58:02.245+0000][gc,start      ] GC(702) Pause Young (Normal) (G1 Evacuation Pause)
[2025-10-31T02:58:02.245+0000][gc,task       ] GC(702) Using 2 workers of 2 for evacuation
[2025-10-31T02:58:02.255+0000][gc,phases     ] GC(702)   Pre Evacuate Collection Set: 0.0ms
[2025-10-31T02:58:02.255+0000][gc,phases     ] GC(702)   Evacuate Collection Set: 8.8ms
[2025-10-31T02:58:02.255+0000][gc,phases     ] GC(702)   Post Evacuate Collection Set: 0.8ms
[2025-10-31T02:58:02.256+0000][gc,phases     ] GC(702)   Other: 0.7ms
[2025-10-31T02:58:02.256+0000][gc,heap       ] GC(702) Eden regions: 22->0(21)
[2025-10-31T02:58:02.256+0000][gc,heap       ] GC(702) Survivor regions: 3->4(4)
[2025-10-31T02:58:02.256+0000][gc,heap       ] GC(702) Old regions: 286->287
[2025-10-31T02:58:02.256+0000][gc,heap       ] GC(702) Humongous regions: 147->147
[2025-10-31T02:58:02.257+0000][gc,metaspace  ] GC(702) Metaspace: 53100K(56496K)->53100K(56496K) NonClass: 47241K(49072K)->47241K(49072K) Class: 5859K(7424K)->5859K(7424K)
[2025-10-31T02:58:02.257+0000][gc            ] GC(702) Pause Young (Normal) (G1 Evacuation Pause) 457M->437M(512M) 12.321ms
[2025-10-31T02:58:02.257+0000][gc,cpu        ] GC(702) User=0.02s Sys=0.00s Real=0.01s
[2025-10-31T02:58:32.758+0000][gc,start      ] GC(703) Pause Young (Normal) (G1 Evacuation Pause)
[2025-10-31T02:58:32.759+0000][gc,task       ] GC(703) Using 2 workers of 2 for evacuation
[2025-10-31T02:58:32.770+0000][gc,phases     ] GC(703)   Pre Evacuate Collection Set: 0.0ms
[2025-10-31T02:58:32.770+0000][gc,phases     ] GC(703)   Evacuate Collection Set: 10.4ms
[2025-10-31T02:58:32.771+0000][gc,phases     ] GC(703)   Post Evacuate Collection Set: 0.6ms
[2025-10-31T02:58:32.771+0000][gc,phases     ] GC(703)   Other: 0.8ms
[2025-10-31T02:58:32.771+0000][gc,heap       ] GC(703) Eden regions: 21->0(22)
[2025-10-31T02:58:32.771+0000][gc,heap       ] GC(703) Survivor regions: 4->3(4)
[2025-10-31T02:58:32.771+0000][gc,heap       ] GC(703) Old regions: 287->289
[2025-10-31T02:58:32.772+0000][gc,heap       ] GC(703) Humongous regions: 147->147
[2025-10-31T02:58:32.772+0000][gc,metaspace  ] GC(703) Metaspace: 53100K(56496K)->53100K(56496K) NonClass: 47241K(49072K)->47241K(49072K) Class: 5859K(7424K)->5859K(7424K)
[2025-10-31T02:58:32.772+0000][gc            ] GC(703) Pause Young (Normal) (G1 Evacuation Pause) 458M->437M(512M) 13.739ms
[2025-10-31T02:58:32.772+0000][gc,cpu        ] GC(703) User=0.02s Sys=0.00s Real=0.01s
[2025-10-31T02:59:04.516+0000][gc,start      ] GC(704) Pause Young (Normal) (G1 Evacuation Pause)
[2025-10-31T02:59:04.517+0000][gc,task       ] GC(704) Using 2 workers of 2 for evacuation
[2025-10-31T02:59:04.528+0000][gc,phases     ] GC(704)   Pre Evacuate Collection Set: 0.0ms
[2025-10-31T02:59:04.528+0000][gc,phases     ] GC(704)   Evacuate Collection Set: 9.9ms
[2025-10-31T02:59:04.528+0000][gc,phases     ] GC(704)   Post Evacuate Collection Set: 0.6ms
[2025-10-31T02:59:04.529+0000][gc,phases     ] GC(704)   Other: 1.5ms
[2025-10-31T02:59:04.529+0000][gc,heap       ] GC(704) Eden regions: 22->0(23)
[2025-10-31T02:59:04.529+0000][gc,heap       ] GC(704) Survivor regions: 3->2(4)
[2025-10-31T02:59:04.529+0000][gc,heap       ] GC(704) Old regions: 289->290
[2025-10-31T02:59:04.529+0000][gc,heap       ] GC(704) Humongous regions: 147->147
[2025-10-31T02:59:04.529+0000][gc,metaspace  ] GC(704) Metaspace: 53100K(56496K)->53100K(56496K) NonClass: 47241K(49072K)->47241K(49072K) Class: 5859K(7424K)->5859K(7424K)
[2025-10-31T02:59:04.530+0000][gc            ] GC(704) Pause Young (Normal) (G1 Evacuation Pause) 459M->438M(512M) 13.740ms
[2025-10-31T02:59:04.530+0000][gc,cpu        ] GC(704) User=0.02s Sys=0.00s Real=0.01s
[2025-10-31T02:59:37.882+0000][gc,start      ] GC(705) Pause Young (Normal) (G1 Evacuation Pause)
[2025-10-31T02:59:37.882+0000][gc,task       ] GC(705) Using 2 workers of 2 for evacuation
[2025-10-31T02:59:37.894+0000][gc,phases     ] GC(705)   Pre Evacuate Collection Set: 0.0ms
[2025-10-31T02:59:37.894+0000][gc,phases     ] GC(705)   Evacuate Collection Set: 10.0ms
[2025-10-31T02:59:37.894+0000][gc,phases     ] GC(705)   Post Evacuate Collection Set: 0.9ms
[2025-10-31T02:59:37.894+0000][gc,phases     ] GC(705)   Other: 0.6ms
[2025-10-31T02:59:37.895+0000][gc,heap       ] GC(705) Eden regions: 23->0(21)
[2025-10-31T02:59:37.895+0000][gc,heap       ] GC(705) Survivor regions: 2->4(4)
[2025-10-31T02:59:37.895+0000][gc,heap       ] GC(705) Old regions: 290->290
[2025-10-31T02:59:37.895+0000][gc,heap       ] GC(705) Humongous regions: 147->147
[2025-10-31T02:59:37.895+0000][gc,metaspace  ] GC(705) Metaspace: 53100K(56496K)->53100K(56496K) NonClass: 47241K(49072K)->47241K(49072K) Class: 5859K(7424K)->5859K(7424K)
[2025-10-31T02:59:37.896+0000][gc            ] GC(705) Pause Young (Normal) (G1 Evacuation Pause) 461M->440M(512M) 13.274ms
[2025-10-31T02:59:37.896+0000][gc,cpu        ] GC(705) User=0.02s Sys=0.00s Real=0.02s
[2025-10-31T03:00:07.863+0000][gc,start      ] GC(706) Pause Young (Normal) (G1 Evacuation Pause)
[2025-10-31T03:00:07.863+0000][gc,task       ] GC(706) Using 2 workers of 2 for evacuation
[2025-10-31T03:00:07.877+0000][gc,phases     ] GC(706)   Pre Evacuate Collection Set: 0.0ms
[2025-10-31T03:00:07.877+0000][gc,phases     ] GC(706)   Evacuate Collection Set: 12.1ms
[2025-10-31T03:00:07.877+0000][gc,phases     ] GC(706)   Post Evacuate Collection Set: 1.0ms
[2025-10-31T03:00:07.878+0000][gc,phases     ] GC(706)   Other: 0.8ms
[2025-10-31T03:00:07.878+0000][gc,heap       ] GC(706) Eden regions: 21->0(23)
[2025-10-31T03:00:07.878+0000][gc,heap       ] GC(706) Survivor regions: 4->2(4)
[2025-10-31T03:00:07.878+0000][gc,heap       ] GC(706) Old regions: 290->292
[2025-10-31T03:00:07.879+0000][gc,heap       ] GC(706) Humongous regions: 147->147
[2025-10-31T03:00:07.879+0000][gc,metaspace  ] GC(706) Metaspace: 53100K(56496K)->53100K(56496K) NonClass: 47241K(49072K)->47241K(49072K) Class: 5859K(7424K)->5859K(7424K)
[2025-10-31T03:00:07.879+0000][gc            ] GC(706) Pause Young (Normal) (G1 Evacuation Pause) 461M->440M(512M) 15.902ms
[2025-10-31T03:00:07.879+0000][gc,cpu        ] GC(706) User=0.02s Sys=0.00s Real=0.02s
[2025-10-31T03:00:41.440+0000][gc,start      ] GC(707) Pause Young (Normal) (G1 Evacuation Pause)
[2025-10-31T03:00:41.440+0000][gc,task       ] GC(707) Using 2 workers of 2 for evacuation
[2025-10-31T03:00:41.459+0000][gc,phases     ] GC(707)   Pre Evacuate Collection Set: 0.0ms
[2025-10-31T03:00:41.460+0000][gc,phases     ] GC(707)   Evacuate Collection Set: 17.8ms
[2025-10-31T03:00:41.460+0000][gc,phases     ] GC(707)   Post Evacuate Collection Set: 0.8ms
[2025-10-31T03:00:41.460+0000][gc,phases     ] GC(707)   Other: 1.1ms
[2025-10-31T03:00:41.461+0000][gc,heap       ] GC(707) Eden regions: 23->0(21)
[2025-10-31T03:00:41.461+0000][gc,heap       ] GC(707) Survivor regions: 2->4(4)
[2025-10-31T03:00:41.461+0000][gc,heap       ] GC(707) Old regions: 292->292
[2025-10-31T03:00:41.461+0000][gc,heap       ] GC(707) Humongous regions: 147->147
[2025-10-31T03:00:41.462+0000][gc,metaspace  ] GC(707) Metaspace: 53100K(56496K)->53100K(56496K) NonClass: 47241K(49072K)->47241K(49072K) Class: 5859K(7424K)->5859K(7424K)
[2025-10-31T03:00:41.462+0000][gc            ] GC(707) Pause Young (Normal) (G1 Evacuation Pause) 463M->443M(512M) 22.228ms
[2025-10-31T03:00:41.462+0000][gc,cpu        ] GC(707) User=0.03s Sys=0.00s Real=0.02s
[2025-10-31T03:01:11.733+0000][gc,start      ] GC(708) Pause Young (Normal) (G1 Evacuation Pause)
[2025-10-31T03:01:11.733+0000][gc,task       ] GC(708) Using 2 workers of 2 for evacuation
[2025-10-31T03:01:11.744+0000][gc,phases     ] GC(708)   Pre Evacuate Collection Set: 0.0ms
[2025-10-31T03:01:11.744+0000][gc,phases     ] GC(708)   Evacuate Collection Set: 9.8ms
[2025-10-31T03:01:11.744+0000][gc,phases     ] GC(708)   Post Evacuate Collection Set: 0.6ms
[2025-10-31T03:01:11.744+0000][gc,phases     ] GC(708)   Other: 0.7ms
[2025-10-31T03:01:11.744+0000][gc,heap       ] GC(708) Eden regions: 21->0(23)
[2025-10-31T03:01:11.745+0000][gc,heap       ] GC(708) Survivor regions: 4->2(4)
[2025-10-31T03:01:11.745+0000][gc,heap       ] GC(708) Old regions: 292->295
[2025-10-31T03:01:11.745+0000][gc,heap       ] GC(708) Humongous regions: 147->147
[2025-10-31T03:01:11.745+0000][gc,metaspace  ] GC(708) Metaspace: 53100K(56496K)->53100K(56496K) NonClass: 47241K(49072K)->47241K(49072K) Class: 5859K(7424K)->5859K(7424K)
[2025-10-31T03:01:11.745+0000][gc            ] GC(708) Pause Young (Normal) (G1 Evacuation Pause) 464M->443M(512M) 12.717ms
[2025-10-31T03:01:11.745+0000][gc,cpu        ] GC(708) User=0.02s Sys=0.00s Real=0.01s
[2025-10-31T03:01:44.808+0000][gc,start      ] GC(709) Pause Young (Normal) (G1 Evacuation Pause)
[2025-10-31T03:01:44.809+0000][gc,task       ] GC(709) Using 2 workers of 2 for evacuation
[2025-10-31T03:01:44.820+0000][gc,phases     ] GC(709)   Pre Evacuate Collection Set: 0.0ms
[2025-10-31T03:01:44.821+0000][gc,phases     ] GC(709)   Evacuate Collection Set: 10.7ms
[2025-10-31T03:01:44.821+0000][gc,phases     ] GC(709)   Post Evacuate Collection Set: 0.7ms
[2025-10-31T03:01:44.821+0000][gc,phases     ] GC(709)   Other: 0.8ms
[2025-10-31T03:01:44.821+0000][gc,heap       ] GC(709) Eden regions: 23->0(21)
[2025-10-31T03:01:44.821+0000][gc,heap       ] GC(709) Survivor regions: 2->4(4)
[2025-10-31T03:01:44.822+0000][gc,heap       ] GC(709) Old regions: 295->295
[2025-10-31T03:01:44.822+0000][gc,heap       ] GC(709) Humongous regions: 147->147
[2025-10-31T03:01:44.822+0000][gc,metaspace  ] GC(709) Metaspace: 53100K(56496K)->53100K(56496K) NonClass: 47241K(49072K)->47241K(49072K) Class: 5859K(7424K)->5859K(7424K)
[2025-10-31T03:01:44.822+0000][gc            ] GC(709) Pause Young (Normal) (G1 Evacuation Pause) 466M->445M(512M) 13.957ms
[2025-10-31T03:01:44.822+0000][gc,cpu        ] GC(709) User=0.02s Sys=0.00s Real=0.01s
[2025-10-31T03:02:14.815+0000][gc,start      ] GC(710) Pause Young (Normal) (G1 Evacuation Pause)
[2025-10-31T03:02:14.816+0000][gc,task       ] GC(710) Using 2 workers of 2 for evacuation
[2025-10-31T03:02:14.832+0000][gc,phases     ] GC(710)   Pre Evacuate Collection Set: 0.0ms
[2025-10-31T03:02:14.832+0000][gc,phases     ] GC(710)   Evacuate Collection Set: 14.2ms
[2025-10-31T03:02:14.832+0000][gc,phases     ] GC(710)   Post Evacuate Collection Set: 1.4ms
[2025-10-31T03:02:14.833+0000][gc,phases     ] GC(710)   Other: 0.8ms
[2025-10-31T03:02:14.833+0000][gc,heap       ] GC(710) Eden regions: 21->0(22)
[2025-10-31T03:02:14.833+0000][gc,heap       ] GC(710) Survivor regions: 4->3(4)
[2025-10-31T03:02:14.833+0000][gc,heap       ] GC(710) Old regions: 295->297
[2025-10-31T03:02:14.834+0000][gc,heap       ] GC(710) Humongous regions: 147->147
[2025-10-31T03:02:14.834+0000][gc,metaspace  ] GC(710) Metaspace: 53100K(56496K)->53100K(56496K) NonClass: 47241K(49072K)->47241K(49072K) Class: 5859K(7424K)->5859K(7424K)
[2025-10-31T03:02:14.834+0000][gc            ] GC(710) Pause Young (Normal) (G1 Evacuation Pause) 466M->446M(512M) 18.761ms
[2025-10-31T03:02:14.835+0000][gc,cpu        ] GC(710) User=0.03s Sys=0.00s Real=0.02s
[2025-10-31T03:02:46.499+0000][gc,start      ] GC(711) Pause Young (Normal) (G1 Evacuation Pause)
[2025-10-31T03:02:46.499+0000][gc,task       ] GC(711) Using 2 workers of 2 for evacuation
[2025-10-31T03:02:46.509+0000][gc,phases     ] GC(711)   Pre Evacuate Collection Set: 0.0ms
[2025-10-31T03:02:46.509+0000][gc,phases     ] GC(711)   Evacuate Collection Set: 8.5ms
[2025-10-31T03:02:46.509+0000][gc,phases     ] GC(711)   Post Evacuate Collection Set: 0.7ms
[2025-10-31T03:02:46.509+0000][gc,phases     ] GC(711)   Other: 0.7ms
[2025-10-31T03:02:46.510+0000][gc,heap       ] GC(711) Eden regions: 22->0(23)
[2025-10-31T03:02:46.510+0000][gc,heap       ] GC(711) Survivor regions: 3->2(4)
[2025-10-31T03:02:46.510+0000][gc,heap       ] GC(711) Old regions: 297->298
[2025-10-31T03:02:46.510+0000][gc,heap       ] GC(711) Humongous regions: 147->147
[2025-10-31T03:02:46.510+0000][gc,metaspace  ] GC(711) Metaspace: 53100K(56496K)->53100K(56496K) NonClass: 47241K(49072K)->47241K(49072K) Class: 5859K(7424K)->5859K(7424K)
[2025-10-31T03:02:46.510+0000][gc            ] GC(711) Pause Young (Normal) (G1 Evacuation Pause) 468M->446M(512M) 11.492ms
[2025-10-31T03:02:46.510+0000][gc,cpu        ] GC(711) User=0.02s Sys=0.00s Real=0.01s
[2025-10-31T03:03:20.356+0000][gc,start      ] GC(712) Pause Young (Normal) (G1 Evacuation Pause)
[2025-10-31T03:03:20.360+0000][gc,task       ] GC(712) Using 2 workers of 2 for evacuation
[2025-10-31T03:03:20.371+0000][gc,phases     ] GC(712)   Pre Evacuate Collection Set: 0.0ms
[2025-10-31T03:03:20.371+0000][gc,phases     ] GC(712)   Evacuate Collection Set: 10.0ms
[2025-10-31T03:03:20.372+0000][gc,phases     ] GC(712)   Post Evacuate Collection Set: 0.6ms
[2025-10-31T03:03:20.372+0000][gc,phases     ] GC(712)   Other: 4.7ms
[2025-10-31T03:03:20.372+0000][gc,heap       ] GC(712) Eden regions: 23->0(21)
[2025-10-31T03:03:20.372+0000][gc,heap       ] GC(712) Survivor regions: 2->4(4)
[2025-10-31T03:03:20.372+0000][gc,heap       ] GC(712) Old regions: 298->298
[2025-10-31T03:03:20.373+0000][gc,heap       ] GC(712) Humongous regions: 147->147
[2025-10-31T03:03:20.373+0000][gc,metaspace  ] GC(712) Metaspace: 53100K(56496K)->53100K(56496K) NonClass: 47241K(49072K)->47241K(49072K) Class: 5859K(7424K)->5859K(7424K)
[2025-10-31T03:03:20.373+0000][gc            ] GC(712) Pause Young (Normal) (G1 Evacuation Pause) 469M->448M(512M) 16.949ms
[2025-10-31T03:03:20.373+0000][gc,cpu        ] GC(712) User=0.03s Sys=0.00s Real=0.02s
[2025-10-31T03:03:50.689+0000][gc,start      ] GC(713) Pause Young (Normal) (G1 Evacuation Pause)
[2025-10-31T03:03:50.690+0000][gc,task       ] GC(713) Using 2 workers of 2 for evacuation
[2025-10-31T03:03:50.701+0000][gc,phases     ] GC(713)   Pre Evacuate Collection Set: 0.0ms
[2025-10-31T03:03:50.702+0000][gc,phases     ] GC(713)   Evacuate Collection Set: 10.7ms
[2025-10-31T03:03:50.702+0000][gc,phases     ] GC(713)   Post Evacuate Collection Set: 0.6ms
[2025-10-31T03:03:50.702+0000][gc,phases     ] GC(713)   Other: 0.7ms
[2025-10-31T03:03:50.702+0000][gc,heap       ] GC(713) Eden regions: 21->0(23)
[2025-10-31T03:03:50.702+0000][gc,heap       ] GC(713) Survivor regions: 4->2(4)
[2025-10-31T03:03:50.702+0000][gc,heap       ] GC(713) Old regions: 298->301
[2025-10-31T03:03:50.703+0000][gc,heap       ] GC(713) Humongous regions: 147->147
[2025-10-31T03:03:50.703+0000][gc,metaspace  ] GC(713) Metaspace: 53100K(56496K)->53100K(56496K) NonClass: 47241K(49072K)->47241K(49072K) Class: 5859K(7424K)->5859K(7424K)
[2025-10-31T03:03:50.703+0000][gc            ] GC(713) Pause Young (Normal) (G1 Evacuation Pause) 469M->449M(512M) 13.514ms
[2025-10-31T03:03:50.703+0000][gc,cpu        ] GC(713) User=0.02s Sys=0.00s Real=0.01s
[2025-10-31T03:04:23.944+0000][gc,start      ] GC(714) Pause Young (Normal) (G1 Evacuation Pause)
[2025-10-31T03:04:23.945+0000][gc,task       ] GC(714) Using 2 workers of 2 for evacuation
[2025-10-31T03:04:23.959+0000][gc,phases     ] GC(714)   Pre Evacuate Collection Set: 0.0ms
[2025-10-31T03:04:23.959+0000][gc,phases     ] GC(714)   Evacuate Collection Set: 12.6ms
[2025-10-31T03:04:23.959+0000][gc,phases     ] GC(714)   Post Evacuate Collection Set: 0.9ms
[2025-10-31T03:04:23.959+0000][gc,phases     ] GC(714)   Other: 0.6ms
[2025-10-31T03:04:23.960+0000][gc,heap       ] GC(714) Eden regions: 23->0(21)
[2025-10-31T03:04:23.960+0000][gc,heap       ] GC(714) Survivor regions: 2->4(4)
[2025-10-31T03:04:23.960+0000][gc,heap       ] GC(714) Old regions: 301->301
[2025-10-31T03:04:23.960+0000][gc,heap       ] GC(714) Humongous regions: 147->147
[2025-10-31T03:04:23.960+0000][gc,metaspace  ] GC(714) Metaspace: 53100K(56496K)->53100K(56496K) NonClass: 47241K(49072K)->47241K(49072K) Class: 5859K(7424K)->5859K(7424K)
[2025-10-31T03:04:23.960+0000][gc            ] GC(714) Pause Young (Normal) (G1 Evacuation Pause) 472M->451M(512M) 16.028ms
[2025-10-31T03:04:23.961+0000][gc,cpu        ] GC(714) User=0.03s Sys=0.00s Real=0.02s
[2025-10-31T03:04:53.989+0000][gc,start      ] GC(715) Pause Young (Normal) (G1 Evacuation Pause)
[2025-10-31T03:04:53.989+0000][gc,task       ] GC(715) Using 2 workers of 2 for evacuation
[2025-10-31T03:04:54.000+0000][gc,phases     ] GC(715)   Pre Evacuate Collection Set: 0.0ms
[2025-10-31T03:04:54.001+0000][gc,phases     ] GC(715)   Evacuate Collection Set: 9.9ms
[2025-10-31T03:04:54.001+0000][gc,phases     ] GC(715)   Post Evacuate Collection Set: 0.6ms
[2025-10-31T03:04:54.001+0000][gc,phases     ] GC(715)   Other: 0.8ms
[2025-10-31T03:04:54.001+0000][gc,heap       ] GC(715) Eden regions: 21->0(23)
[2025-10-31T03:04:54.001+0000][gc,heap       ] GC(715) Survivor regions: 4->2(4)
[2025-10-31T03:04:54.001+0000][gc,heap       ] GC(715) Old regions: 301->303
[2025-10-31T03:04:54.002+0000][gc,heap       ] GC(715) Humongous regions: 147->147
[2025-10-31T03:04:54.002+0000][gc,metaspace  ] GC(715) Metaspace: 53100K(56496K)->53100K(56496K) NonClass: 47241K(49072K)->47241K(49072K) Class: 5859K(7424K)->5859K(7424K)
[2025-10-31T03:04:54.002+0000][gc            ] GC(715) Pause Young (Normal) (G1 Evacuation Pause) 472M->451M(512M) 12.904ms
[2025-10-31T03:04:54.002+0000][gc,cpu        ] GC(715) User=0.02s Sys=0.00s Real=0.02s
[2025-10-31T03:05:27.741+0000][gc,start      ] GC(716) Pause Young (Normal) (G1 Evacuation Pause)
[2025-10-31T03:05:27.741+0000][gc,task       ] GC(716) Using 2 workers of 2 for evacuation
[2025-10-31T03:05:27.753+0000][gc,phases     ] GC(716)   Pre Evacuate Collection Set: 0.0ms
[2025-10-31T03:05:27.753+0000][gc,phases     ] GC(716)   Evacuate Collection Set: 10.4ms
[2025-10-31T03:05:27.753+0000][gc,phases     ] GC(716)   Post Evacuate Collection Set: 0.6ms
[2025-10-31T03:05:27.753+0000][gc,phases     ] GC(716)   Other: 0.9ms
[2025-10-31T03:05:27.753+0000][gc,heap       ] GC(716) Eden regions: 23->0(21)
[2025-10-31T03:05:27.753+0000][gc,heap       ] GC(716) Survivor regions: 2->4(4)
[2025-10-31T03:05:27.754+0000][gc,heap       ] GC(716) Old regions: 303->303
[2025-10-31T03:05:27.754+0000][gc,heap       ] GC(716) Humongous regions: 147->147
[2025-10-31T03:05:27.754+0000][gc,metaspace  ] GC(716) Metaspace: 53101K(56496K)->53101K(56496K) NonClass: 47242K(49072K)->47242K(49072K) Class: 5859K(7424K)->5859K(7424K)
[2025-10-31T03:05:27.754+0000][gc            ] GC(716) Pause Young (Normal) (G1 Evacuation Pause) 474M->454M(512M) 13.461ms
[2025-10-31T03:05:27.754+0000][gc,cpu        ] GC(716) User=0.02s Sys=0.00s Real=0.02s
[2025-10-31T03:05:57.852+0000][gc,start      ] GC(717) Pause Young (Normal) (G1 Evacuation Pause)
[2025-10-31T03:05:57.852+0000][gc,task       ] GC(717) Using 2 workers of 2 for evacuation
[2025-10-31T03:05:57.866+0000][gc,phases     ] GC(717)   Pre Evacuate Collection Set: 0.0ms
[2025-10-31T03:05:57.866+0000][gc,phases     ] GC(717)   Evacuate Collection Set: 11.9ms
[2025-10-31T03:05:57.867+0000][gc,phases     ] GC(717)   Post Evacuate Collection Set: 0.8ms
[2025-10-31T03:05:57.867+0000][gc,phases     ] GC(717)   Other: 1.2ms
[2025-10-31T03:05:57.867+0000][gc,heap       ] GC(717) Eden regions: 21->0(22)
[2025-10-31T03:05:57.867+0000][gc,heap       ] GC(717) Survivor regions: 4->3(4)
[2025-10-31T03:05:57.867+0000][gc,heap       ] GC(717) Old regions: 303->306
[2025-10-31T03:05:57.868+0000][gc,heap       ] GC(717) Humongous regions: 147->147
[2025-10-31T03:05:57.868+0000][gc,metaspace  ] GC(717) Metaspace: 53101K(56496K)->53101K(56496K) NonClass: 47242K(49072K)->47242K(49072K) Class: 5859K(7424K)->5859K(7424K)
[2025-10-31T03:05:57.868+0000][gc            ] GC(717) Pause Young (Normal) (G1 Evacuation Pause) 474M->454M(512M) 15.743ms
[2025-10-31T03:05:57.868+0000][gc,cpu        ] GC(717) User=0.03s Sys=0.00s Real=0.02s
[2025-10-31T03:06:29.279+0000][gc,start      ] GC(718) Pause Young (Normal) (G1 Evacuation Pause)
[2025-10-31T03:06:29.279+0000][gc,task       ] GC(718) Using 2 workers of 2 for evacuation
[2025-10-31T03:06:29.289+0000][gc,phases     ] GC(718)   Pre Evacuate Collection Set: 0.0ms
[2025-10-31T03:06:29.289+0000][gc,phases     ] GC(718)   Evacuate Collection Set: 8.3ms
[2025-10-31T03:06:29.289+0000][gc,phases     ] GC(718)   Post Evacuate Collection Set: 0.6ms
[2025-10-31T03:06:29.289+0000][gc,phases     ] GC(718)   Other: 0.6ms
[2025-10-31T03:06:29.289+0000][gc,heap       ] GC(718) Eden regions: 22->0(23)
[2025-10-31T03:06:29.289+0000][gc,heap       ] GC(718) Survivor regions: 3->2(4)
[2025-10-31T03:06:29.290+0000][gc,heap       ] GC(718) Old regions: 306->307
[2025-10-31T03:06:29.290+0000][gc,heap       ] GC(718) Humongous regions: 147->147
[2025-10-31T03:06:29.290+0000][gc,metaspace  ] GC(718) Metaspace: 53101K(56496K)->53101K(56496K) NonClass: 47242K(49072K)->47242K(49072K) Class: 5859K(7424K)->5859K(7424K)
[2025-10-31T03:06:29.290+0000][gc            ] GC(718) Pause Young (Normal) (G1 Evacuation Pause) 476M->454M(512M) 11.035ms
[2025-10-31T03:06:29.290+0000][gc,cpu        ] GC(718) User=0.02s Sys=0.00s Real=0.01s
[2025-10-31T03:07:02.241+0000][gc,start      ] GC(719) Pause Young (Normal) (G1 Evacuation Pause)
[2025-10-31T03:07:02.241+0000][gc,task       ] GC(719) Using 2 workers of 2 for evacuation
[2025-10-31T03:07:02.252+0000][gc,phases     ] GC(719)   Pre Evacuate Collection Set: 0.0ms
[2025-10-31T03:07:02.253+0000][gc,phases     ] GC(719)   Evacuate Collection Set: 9.9ms
[2025-10-31T03:07:02.253+0000][gc,phases     ] GC(719)   Post Evacuate Collection Set: 0.8ms
[2025-10-31T03:07:02.253+0000][gc,phases     ] GC(719)   Other: 0.8ms
[2025-10-31T03:07:02.253+0000][gc,heap       ] GC(719) Eden regions: 23->0(21)
[2025-10-31T03:07:02.253+0000][gc,heap       ] GC(719) Survivor regions: 2->4(4)
[2025-10-31T03:07:02.254+0000][gc,heap       ] GC(719) Old regions: 307->307
[2025-10-31T03:07:02.254+0000][gc,heap       ] GC(719) Humongous regions: 147->147
[2025-10-31T03:07:02.254+0000][gc,metaspace  ] GC(719) Metaspace: 53101K(56496K)->53101K(56496K) NonClass: 47242K(49072K)->47242K(49072K) Class: 5859K(7424K)->5859K(7424K)
[2025-10-31T03:07:02.254+0000][gc            ] GC(719) Pause Young (Normal) (G1 Evacuation Pause) 477M->456M(512M) 13.241ms
[2025-10-31T03:07:02.254+0000][gc,cpu        ] GC(719) User=0.02s Sys=0.00s Real=0.01s
[2025-10-31T03:07:32.444+0000][gc,start      ] GC(720) Pause Young (Normal) (G1 Evacuation Pause)
[2025-10-31T03:07:32.445+0000][gc,task       ] GC(720) Using 2 workers of 2 for evacuation
[2025-10-31T03:07:32.457+0000][gc,phases     ] GC(720)   Pre Evacuate Collection Set: 0.0ms
[2025-10-31T03:07:32.457+0000][gc,phases     ] GC(720)   Evacuate Collection Set: 10.6ms
[2025-10-31T03:07:32.458+0000][gc,phases     ] GC(720)   Post Evacuate Collection Set: 1.3ms
[2025-10-31T03:07:32.458+0000][gc,phases     ] GC(720)   Other: 0.9ms
[2025-10-31T03:07:32.458+0000][gc,heap       ] GC(720) Eden regions: 21->0(23)
[2025-10-31T03:07:32.458+0000][gc,heap       ] GC(720) Survivor regions: 4->2(4)
[2025-10-31T03:07:32.458+0000][gc,heap       ] GC(720) Old regions: 307->309
[2025-10-31T03:07:32.458+0000][gc,heap       ] GC(720) Humongous regions: 147->147
[2025-10-31T03:07:32.459+0000][gc,metaspace  ] GC(720) Metaspace: 53101K(56496K)->53101K(56496K) NonClass: 47242K(49072K)->47242K(49072K) Class: 5859K(7424K)->5859K(7424K)
[2025-10-31T03:07:32.459+0000][gc            ] GC(720) Pause Young (Normal) (G1 Evacuation Pause) 477M->457M(512M) 14.617ms
[2025-10-31T03:07:32.459+0000][gc,cpu        ] GC(720) User=0.03s Sys=0.00s Real=0.02s
[2025-10-31T03:08:06.289+0000][gc,start      ] GC(721) Pause Young (Normal) (G1 Evacuation Pause)
[2025-10-31T03:08:06.289+0000][gc,task       ] GC(721) Using 2 workers of 2 for evacuation
[2025-10-31T03:08:06.302+0000][gc,phases     ] GC(721)   Pre Evacuate Collection Set: 0.0ms
[2025-10-31T03:08:06.303+0000][gc,phases     ] GC(721)   Evacuate Collection Set: 11.9ms
[2025-10-31T03:08:06.303+0000][gc,phases     ] GC(721)   Post Evacuate Collection Set: 0.7ms
[2025-10-31T03:08:06.303+0000][gc,phases     ] GC(721)   Other: 1.3ms
[2025-10-31T03:08:06.303+0000][gc,heap       ] GC(721) Eden regions: 23->0(21)
[2025-10-31T03:08:06.304+0000][gc,heap       ] GC(721) Survivor regions: 2->4(4)
[2025-10-31T03:08:06.304+0000][gc,heap       ] GC(721) Old regions: 309->309
[2025-10-31T03:08:06.304+0000][gc,heap       ] GC(721) Humongous regions: 147->147
[2025-10-31T03:08:06.304+0000][gc,metaspace  ] GC(721) Metaspace: 53101K(56496K)->53101K(56496K) NonClass: 47242K(49072K)->47242K(49072K) Class: 5859K(7424K)->5859K(7424K)
[2025-10-31T03:08:06.304+0000][gc            ] GC(721) Pause Young (Normal) (G1 Evacuation Pause) 480M->459M(512M) 15.732ms
[2025-10-31T03:08:06.304+0000][gc,cpu        ] GC(721) User=0.03s Sys=0.00s Real=0.02s
[2025-10-31T03:08:36.458+0000][gc,start      ] GC(722) Pause Young (Normal) (G1 Evacuation Pause)
[2025-10-31T03:08:36.458+0000][gc,task       ] GC(722) Using 2 workers of 2 for evacuation
[2025-10-31T03:08:36.471+0000][gc,phases     ] GC(722)   Pre Evacuate Collection Set: 0.0ms
[2025-10-31T03:08:36.471+0000][gc,phases     ] GC(722)   Evacuate Collection Set: 11.9ms
[2025-10-31T03:08:36.472+0000][gc,phases     ] GC(722)   Post Evacuate Collection Set: 0.7ms
[2025-10-31T03:08:36.472+0000][gc,phases     ] GC(722)   Other: 0.7ms
[2025-10-31T03:08:36.472+0000][gc,heap       ] GC(722) Eden regions: 21->0(23)
[2025-10-31T03:08:36.472+0000][gc,heap       ] GC(722) Survivor regions: 4->2(4)
[2025-10-31T03:08:36.472+0000][gc,heap       ] GC(722) Old regions: 309->311
[2025-10-31T03:08:36.472+0000][gc,heap       ] GC(722) Humongous regions: 147->147
[2025-10-31T03:08:36.473+0000][gc,metaspace  ] GC(722) Metaspace: 53101K(56496K)->53101K(56496K) NonClass: 47242K(49072K)->47242K(49072K) Class: 5859K(7424K)->5859K(7424K)
[2025-10-31T03:08:36.473+0000][gc            ] GC(722) Pause Young (Normal) (G1 Evacuation Pause) 480M->459M(512M) 14.980ms
[2025-10-31T03:08:36.473+0000][gc,cpu        ] GC(722) User=0.02s Sys=0.00s Real=0.02s
[2025-10-31T03:09:10.329+0000][gc,start      ] GC(723) Pause Young (Concurrent Start) (G1 Evacuation Pause)
[2025-10-31T03:09:10.329+0000][gc,task       ] GC(723) Using 2 workers of 2 for evacuation
[2025-10-31T03:09:10.340+0000][gc,phases     ] GC(723)   Pre Evacuate Collection Set: 0.2ms
[2025-10-31T03:09:10.340+0000][gc,phases     ] GC(723)   Evacuate Collection Set: 9.8ms
[2025-10-31T03:09:10.340+0000][gc,phases     ] GC(723)   Post Evacuate Collection Set: 0.6ms
[2025-10-31T03:09:10.341+0000][gc,phases     ] GC(723)   Other: 0.6ms
[2025-10-31T03:09:10.341+0000][gc,heap       ] GC(723) Eden regions: 23->0(21)
[2025-10-31T03:09:10.341+0000][gc,heap       ] GC(723) Survivor regions: 2->4(4)
[2025-10-31T03:09:10.341+0000][gc,heap       ] GC(723) Old regions: 311->312
[2025-10-31T03:09:10.341+0000][gc,heap       ] GC(723) Humongous regions: 147->147
[2025-10-31T03:09:10.341+0000][gc,metaspace  ] GC(723) Metaspace: 53101K(56496K)->53101K(56496K) NonClass: 47242K(49072K)->47242K(49072K) Class: 5859K(7424K)->5859K(7424K)
[2025-10-31T03:09:10.342+0000][gc            ] GC(723) Pause Young (Concurrent Start) (G1 Evacuation Pause) 482M->462M(512M) 12.997ms
[2025-10-31T03:09:10.342+0000][gc,cpu        ] GC(723) User=0.03s Sys=0.00s Real=0.02s
[2025-10-31T03:09:10.342+0000][gc            ] GC(724) Concurrent Cycle
[2025-10-31T03:09:10.342+0000][gc,marking    ] GC(724) Concurrent Clear Claimed Marks
[2025-10-31T03:09:10.343+0000][gc,marking    ] GC(724) Concurrent Clear Claimed Marks 0.351ms
[2025-10-31T03:09:10.343+0000][gc,marking    ] GC(724) Concurrent Scan Root Regions
[2025-10-31T03:09:10.347+0000][gc,marking    ] GC(724) Concurrent Scan Root Regions 4.086ms
[2025-10-31T03:09:10.347+0000][gc,marking    ] GC(724) Concurrent Mark (33593.593s)
[2025-10-31T03:09:10.347+0000][gc,marking    ] GC(724) Concurrent Mark From Roots
[2025-10-31T03:09:10.347+0000][gc,task       ] GC(724) Using 1 workers of 1 for marking
[2025-10-31T03:09:10.393+0000][gc,marking    ] GC(724) Concurrent Mark From Roots 45.525ms
[2025-10-31T03:09:10.393+0000][gc,marking    ] GC(724) Concurrent Preclean
[2025-10-31T03:09:10.394+0000][gc,marking    ] GC(724) Concurrent Preclean 0.483ms
[2025-10-31T03:09:10.394+0000][gc,marking    ] GC(724) Concurrent Mark (33593.593s, 33593.640s) 46.956ms
[2025-10-31T03:09:10.395+0000][gc,start      ] GC(724) Pause Remark
[2025-10-31T03:09:10.410+0000][gc,stringtable] GC(724) Cleaned string and symbol table, strings: 17072 processed, 0 removed, symbols: 123727 processed, 0 removed
[2025-10-31T03:09:10.412+0000][gc            ] GC(724) Pause Remark 462M->352M(512M) 16.880ms
[2025-10-31T03:09:10.412+0000][gc,cpu        ] GC(724) User=0.03s Sys=0.00s Real=0.02s
[2025-10-31T03:09:10.413+0000][gc,marking    ] GC(724) Concurrent Rebuild Remembered Sets
[2025-10-31T03:09:10.445+0000][gc,marking    ] GC(724) Concurrent Rebuild Remembered Sets 32.691ms
[2025-10-31T03:09:10.446+0000][gc,start      ] GC(724) Pause Cleanup
[2025-10-31T03:09:10.447+0000][gc            ] GC(724) Pause Cleanup 352M->352M(512M) 0.639ms
[2025-10-31T03:09:10.447+0000][gc,cpu        ] GC(724) User=0.00s Sys=0.00s Real=0.00s
[2025-10-31T03:09:10.447+0000][gc,marking    ] GC(724) Concurrent Cleanup for Next Mark
[2025-10-31T03:09:10.448+0000][gc,marking    ] GC(724) Concurrent Cleanup for Next Mark 0.989ms
[2025-10-31T03:09:10.448+0000][gc            ] GC(724) Concurrent Cycle 106.355ms
[2025-10-31T03:09:39.980+0000][gc,start      ] GC(725) Pause Young (Prepare Mixed) (G1 Evacuation Pause)
[2025-10-31T03:09:39.980+0000][gc,task       ] GC(725) Using 2 workers of 2 for evacuation
[2025-10-31T03:09:39.992+0000][gc,phases     ] GC(725)   Pre Evacuate Collection Set: 0.0ms
[2025-10-31T03:09:39.992+0000][gc,phases     ] GC(725)   Evacuate Collection Set: 10.6ms
[2025-10-31T03:09:39.993+0000][gc,phases     ] GC(725)   Post Evacuate Collection Set: 0.8ms
[2025-10-31T03:09:39.993+0000][gc,phases     ] GC(725)   Other: 1.1ms
[2025-10-31T03:09:39.993+0000][gc,heap       ] GC(725) Eden regions: 21->0(22)
[2025-10-31T03:09:39.993+0000][gc,heap       ] GC(725) Survivor regions: 4->3(4)
[2025-10-31T03:09:39.993+0000][gc,heap       ] GC(725) Old regions: 202->204
[2025-10-31T03:09:39.994+0000][gc,heap       ] GC(725) Humongous regions: 147->147
[2025-10-31T03:09:39.994+0000][gc,metaspace  ] GC(725) Metaspace: 53101K(56496K)->53101K(56496K) NonClass: 47242K(49072K)->47242K(49072K) Class: 5859K(7424K)->5859K(7424K)
[2025-10-31T03:09:39.994+0000][gc            ] GC(725) Pause Young (Prepare Mixed) (G1 Evacuation Pause) 373M->352M(512M) 14.123ms
[2025-10-31T03:09:39.994+0000][gc,cpu        ] GC(725) User=0.03s Sys=0.00s Real=0.02s
[2025-10-31T03:10:11.954+0000][gc,start      ] GC(726) Pause Young (Mixed) (G1 Evacuation Pause)
[2025-10-31T03:10:11.954+0000][gc,task       ] GC(726) Using 2 workers of 2 for evacuation
[2025-10-31T03:10:11.968+0000][gc,phases     ] GC(726)   Pre Evacuate Collection Set: 0.0ms
[2025-10-31T03:10:11.968+0000][gc,phases     ] GC(726)   Evacuate Collection Set: 12.1ms
[2025-10-31T03:10:11.968+0000][gc,phases     ] GC(726)   Post Evacuate Collection Set: 0.7ms
[2025-10-31T03:10:11.968+0000][gc,phases     ] GC(726)   Other: 1.2ms
[2025-10-31T03:10:11.969+0000][gc,heap       ] GC(726) Eden regions: 22->0(21)
[2025-10-31T03:10:11.969+0000][gc,heap       ] GC(726) Survivor regions: 3->4(4)
[2025-10-31T03:10:11.969+0000][gc,heap       ] GC(726) Old regions: 204->158
[2025-10-31T03:10:11.969+0000][gc,heap       ] GC(726) Humongous regions: 147->147
[2025-10-31T03:10:11.969+0000][gc,metaspace  ] GC(726) Metaspace: 53101K(56496K)->53101K(56496K) NonClass: 47242K(49072K)->47242K(49072K) Class: 5859K(7424K)->5859K(7424K)
[2025-10-31T03:10:11.969+0000][gc            ] GC(726) Pause Young (Mixed) (G1 Evacuation Pause) 374M->308M(512M) 15.809ms
[2025-10-31T03:10:11.970+0000][gc,cpu        ] GC(726) User=0.03s Sys=0.00s Real=0.01s
[2025-10-31T03:10:42.160+0000][gc,start      ] GC(727) Pause Young (Mixed) (G1 Evacuation Pause)
[2025-10-31T03:10:42.160+0000][gc,task       ] GC(727) Using 2 workers of 2 for evacuation
[2025-10-31T03:10:42.171+0000][gc,phases     ] GC(727)   Pre Evacuate Collection Set: 0.1ms
[2025-10-31T03:10:42.171+0000][gc,phases     ] GC(727)   Evacuate Collection Set: 10.0ms
[2025-10-31T03:10:42.172+0000][gc,phases     ] GC(727)   Post Evacuate Collection Set: 0.7ms
[2025-10-31T03:10:42.172+0000][gc,phases     ] GC(727)   Other: 0.5ms
[2025-10-31T03:10:42.172+0000][gc,heap       ] GC(727) Eden regions: 21->0(22)
[2025-10-31T03:10:42.172+0000][gc,heap       ] GC(727) Survivor regions: 4->3(4)
[2025-10-31T03:10:42.172+0000][gc,heap       ] GC(727) Old regions: 158->109
[2025-10-31T03:10:42.172+0000][gc,heap       ] GC(727) Humongous regions: 147->147
[2025-10-31T03:10:42.172+0000][gc,metaspace  ] GC(727) Metaspace: 53101K(56496K)->53101K(56496K) NonClass: 47242K(49072K)->47242K(49072K) Class: 5859K(7424K)->5859K(7424K)
[2025-10-31T03:10:42.173+0000][gc            ] GC(727) Pause Young (Mixed) (G1 Evacuation Pause) 329M->257M(512M) 12.662ms
[2025-10-31T03:10:42.173+0000][gc,cpu        ] GC(727) User=0.02s Sys=0.00s Real=0.01s
[2025-10-31T03:11:14.072+0000][gc,start      ] GC(728) Pause Young (Mixed) (G1 Evacuation Pause)
[2025-10-31T03:11:14.072+0000][gc,task       ] GC(728) Using 2 workers of 2 for evacuation
[2025-10-31T03:11:14.085+0000][gc,phases     ] GC(728)   Pre Evacuate Collection Set: 0.1ms
[2025-10-31T03:11:14.085+0000][gc,phases     ] GC(728)   Evacuate Collection Set: 11.3ms
[2025-10-31T03:11:14.085+0000][gc,phases     ] GC(728)   Post Evacuate Collection Set: 0.8ms
[2025-10-31T03:11:14.085+0000][gc,phases     ] GC(728)   Other: 1.1ms
[2025-10-31T03:11:14.086+0000][gc,heap       ] GC(728) Eden regions: 22->0(23)
[2025-10-31T03:11:14.086+0000][gc,heap       ] GC(728) Survivor regions: 3->2(4)
[2025-10-31T03:11:14.086+0000][gc,heap       ] GC(728) Old regions: 109->79
[2025-10-31T03:11:14.086+0000][gc,heap       ] GC(728) Humongous regions: 147->147
[2025-10-31T03:11:14.086+0000][gc,metaspace  ] GC(728) Metaspace: 53101K(56496K)->53101K(56496K) NonClass: 47242K(49072K)->47242K(49072K) Class: 5859K(7424K)->5859K(7424K)
[2025-10-31T03:11:14.086+0000][gc            ] GC(728) Pause Young (Mixed) (G1 Evacuation Pause) 279M->227M(512M) 14.875ms
[2025-10-31T03:11:14.087+0000][gc,cpu        ] GC(728) User=0.02s Sys=0.00s Real=0.02s
[2025-10-31T03:11:47.147+0000][gc,start      ] GC(729) Pause Young (Mixed) (G1 Evacuation Pause)
[2025-10-31T03:11:47.147+0000][gc,task       ] GC(729) Using 2 workers of 2 for evacuation
[2025-10-31T03:11:47.166+0000][gc,phases     ] GC(729)   Pre Evacuate Collection Set: 0.1ms
[2025-10-31T03:11:47.166+0000][gc,phases     ] GC(729)   Evacuate Collection Set: 16.3ms
[2025-10-31T03:11:47.166+0000][gc,phases     ] GC(729)   Post Evacuate Collection Set: 1.4ms
[2025-10-31T03:11:47.166+0000][gc,phases     ] GC(729)   Other: 0.7ms
[2025-10-31T03:11:47.167+0000][gc,heap       ] GC(729) Eden regions: 23->0(21)
[2025-10-31T03:11:47.167+0000][gc,heap       ] GC(729) Survivor regions: 2->4(4)
[2025-10-31T03:11:47.167+0000][gc,heap       ] GC(729) Old regions: 79->56
[2025-10-31T03:11:47.167+0000][gc,heap       ] GC(729) Humongous regions: 147->147
[2025-10-31T03:11:47.168+0000][gc,metaspace  ] GC(729) Metaspace: 53101K(56496K)->53101K(56496K) NonClass: 47242K(49072K)->47242K(49072K) Class: 5859K(7424K)->5859K(7424K)
[2025-10-31T03:11:47.168+0000][gc            ] GC(729) Pause Young (Mixed) (G1 Evacuation Pause) 250M->206M(512M) 20.869ms
[2025-10-31T03:11:47.168+0000][gc,cpu        ] GC(729) User=0.03s Sys=0.00s Real=0.02s
[2025-10-31T03:12:17.115+0000][gc,start      ] GC(730) Pause Young (Mixed) (G1 Evacuation Pause)
[2025-10-31T03:12:17.115+0000][gc,task       ] GC(730) Using 2 workers of 2 for evacuation
[2025-10-31T03:12:17.128+0000][gc,phases     ] GC(730)   Pre Evacuate Collection Set: 0.0ms
[2025-10-31T03:12:17.128+0000][gc,phases     ] GC(730)   Evacuate Collection Set: 11.6ms
[2025-10-31T03:12:17.128+0000][gc,phases     ] GC(730)   Post Evacuate Collection Set: 0.7ms
[2025-10-31T03:12:17.128+0000][gc,phases     ] GC(730)   Other: 0.7ms
[2025-10-31T03:12:17.129+0000][gc,heap       ] GC(730) Eden regions: 21->0(29)
[2025-10-31T03:12:17.129+0000][gc,heap       ] GC(730) Survivor regions: 4->2(4)
[2025-10-31T03:12:17.129+0000][gc,heap       ] GC(730) Old regions: 56->56
[2025-10-31T03:12:17.129+0000][gc,heap       ] GC(730) Humongous regions: 147->147
[2025-10-31T03:12:17.129+0000][gc,metaspace  ] GC(730) Metaspace: 53101K(56496K)->53101K(56496K) NonClass: 47242K(49072K)->47242K(49072K) Class: 5859K(7424K)->5859K(7424K)
[2025-10-31T03:12:17.130+0000][gc            ] GC(730) Pause Young (Mixed) (G1 Evacuation Pause) 227M->204M(512M) 14.731ms
[2025-10-31T03:12:17.130+0000][gc,cpu        ] GC(730) User=0.03s Sys=0.00s Real=0.02s
[2025-10-31T03:12:55.804+0000][gc,start      ] GC(731) Pause Young (Normal) (G1 Evacuation Pause)
[2025-10-31T03:12:55.804+0000][gc,task       ] GC(731) Using 2 workers of 2 for evacuation
[2025-10-31T03:12:55.818+0000][gc,phases     ] GC(731)   Pre Evacuate Collection Set: 0.0ms
[2025-10-31T03:12:55.818+0000][gc,phases     ] GC(731)   Evacuate Collection Set: 12.9ms
[2025-10-31T03:12:55.819+0000][gc,phases     ] GC(731)   Post Evacuate Collection Set: 0.8ms
[2025-10-31T03:12:55.819+0000][gc,phases     ] GC(731)   Other: 1.0ms
[2025-10-31T03:12:55.819+0000][gc,heap       ] GC(731) Eden regions: 26->0(28)
[2025-10-31T03:12:55.819+0000][gc,heap       ] GC(731) Survivor regions: 2->4(4)
[2025-10-31T03:12:55.819+0000][gc,heap       ] GC(731) Old regions: 56->57
[2025-10-31T03:12:55.820+0000][gc,heap       ] GC(731) Humongous regions: 147->147
[2025-10-31T03:12:55.820+0000][gc,metaspace  ] GC(731) Metaspace: 53101K(56496K)->53101K(56496K) NonClass: 47242K(49072K)->47242K(49072K) Class: 5859K(7424K)->5859K(7424K)
[2025-10-31T03:12:55.820+0000][gc            ] GC(731) Pause Young (Normal) (G1 Evacuation Pause) 230M->207M(512M) 16.338ms
[2025-10-31T03:12:55.820+0000][gc,cpu        ] GC(731) User=0.03s Sys=0.00s Real=0.02s
[2025-10-31T03:13:36.272+0000][gc,start      ] GC(732) Pause Young (Normal) (G1 Evacuation Pause)
[2025-10-31T03:13:36.272+0000][gc,task       ] GC(732) Using 2 workers of 2 for evacuation
[2025-10-31T03:13:36.290+0000][gc,phases     ] GC(732)   Pre Evacuate Collection Set: 0.0ms
[2025-10-31T03:13:36.290+0000][gc,phases     ] GC(732)   Evacuate Collection Set: 16.1ms
[2025-10-31T03:13:36.291+0000][gc,phases     ] GC(732)   Post Evacuate Collection Set: 0.8ms
[2025-10-31T03:13:36.291+0000][gc,phases     ] GC(732)   Other: 1.2ms
[2025-10-31T03:13:36.291+0000][gc,heap       ] GC(732) Eden regions: 28->0(28)
[2025-10-31T03:13:36.291+0000][gc,heap       ] GC(732) Survivor regions: 4->3(4)
[2025-10-31T03:13:36.291+0000][gc,heap       ] GC(732) Old regions: 57->59
[2025-10-31T03:13:36.291+0000][gc,heap       ] GC(732) Humongous regions: 147->147
[2025-10-31T03:13:36.292+0000][gc,metaspace  ] GC(732) Metaspace: 53101K(56496K)->53101K(56496K) NonClass: 47242K(49072K)->47242K(49072K) Class: 5859K(7424K)->5859K(7424K)
[2025-10-31T03:13:36.292+0000][gc            ] GC(732) Pause Young (Normal) (G1 Evacuation Pause) 235M->208M(512M) 19.922ms
[2025-10-31T03:13:36.292+0000][gc,cpu        ] GC(732) User=0.03s Sys=0.00s Real=0.02s
[2025-10-31T03:14:13.090+0000][gc,start      ] GC(733) Pause Young (Normal) (G1 Evacuation Pause)
[2025-10-31T03:14:13.092+0000][gc,task       ] GC(733) Using 2 workers of 2 for evacuation
[2025-10-31T03:14:13.112+0000][gc,phases     ] GC(733)   Pre Evacuate Collection Set: 0.0ms
[2025-10-31T03:14:13.112+0000][gc,phases     ] GC(733)   Evacuate Collection Set: 17.1ms
[2025-10-31T03:14:13.113+0000][gc,phases     ] GC(733)   Post Evacuate Collection Set: 2.2ms
[2025-10-31T03:14:13.113+0000][gc,phases     ] GC(733)   Other: 2.3ms
[2025-10-31T03:14:13.113+0000][gc,heap       ] GC(733) Eden regions: 25->0(26)
[2025-10-31T03:14:13.114+0000][gc,heap       ] GC(733) Survivor regions: 3->3(4)
[2025-10-31T03:14:13.114+0000][gc,heap       ] GC(733) Old regions: 59->60
[2025-10-31T03:14:13.114+0000][gc,heap       ] GC(733) Humongous regions: 147->147
[2025-10-31T03:14:13.115+0000][gc,metaspace  ] GC(733) Metaspace: 53101K(56496K)->53101K(56496K) NonClass: 47242K(49072K)->47242K(49072K) Class: 5859K(7424K)->5859K(7424K)
[2025-10-31T03:14:13.115+0000][gc            ] GC(733) Pause Young (Normal) (G1 Evacuation Pause) 233M->209M(512M) 24.650ms
[2025-10-31T03:14:13.115+0000][gc,cpu        ] GC(733) User=0.03s Sys=0.00s Real=0.02s
[2025-10-31T03:14:45.022+0000][gc,start      ] GC(734) Pause Young (Normal) (G1 Evacuation Pause)
[2025-10-31T03:14:45.023+0000][gc,task       ] GC(734) Using 2 workers of 2 for evacuation
[2025-10-31T03:14:45.034+0000][gc,phases     ] GC(734)   Pre Evacuate Collection Set: 0.0ms
[2025-10-31T03:14:45.034+0000][gc,phases     ] GC(734)   Evacuate Collection Set: 10.2ms
[2025-10-31T03:14:45.034+0000][gc,phases     ] GC(734)   Post Evacuate Collection Set: 0.7ms
[2025-10-31T03:14:45.034+0000][gc,phases     ] GC(734)   Other: 0.7ms
[2025-10-31T03:14:45.035+0000][gc,heap       ] GC(734) Eden regions: 22->0(28)
[2025-10-31T03:14:45.035+0000][gc,heap       ] GC(734) Survivor regions: 3->4(4)
[2025-10-31T03:14:45.035+0000][gc,heap       ] GC(734) Old regions: 60->61
[2025-10-31T03:14:45.035+0000][gc,heap       ] GC(734) Humongous regions: 147->147
[2025-10-31T03:14:45.035+0000][gc,metaspace  ] GC(734) Metaspace: 53101K(56496K)->53101K(56496K) NonClass: 47242K(49072K)->47242K(49072K) Class: 5859K(7424K)->5859K(7424K)
[2025-10-31T03:14:45.036+0000][gc            ] GC(734) Pause Young (Normal) (G1 Evacuation Pause) 231M->211M(512M) 13.472ms
[2025-10-31T03:14:45.036+0000][gc,cpu        ] GC(734) User=0.03s Sys=0.00s Real=0.01s
[2025-10-31T03:15:25.472+0000][gc,start      ] GC(735) Pause Young (Normal) (G1 Evacuation Pause)
[2025-10-31T03:15:25.473+0000][gc,task       ] GC(735) Using 2 workers of 2 for evacuation
[2025-10-31T03:15:25.488+0000][gc,phases     ] GC(735)   Pre Evacuate Collection Set: 0.0ms
[2025-10-31T03:15:25.489+0000][gc,phases     ] GC(735)   Evacuate Collection Set: 14.0ms
[2025-10-31T03:15:25.489+0000][gc,phases     ] GC(735)   Post Evacuate Collection Set: 1.1ms
[2025-10-31T03:15:25.490+0000][gc,phases     ] GC(735)   Other: 0.8ms
[2025-10-31T03:15:25.490+0000][gc,heap       ] GC(735) Eden regions: 28->0(29)
[2025-10-31T03:15:25.490+0000][gc,heap       ] GC(735) Survivor regions: 4->3(4)
[2025-10-31T03:15:25.490+0000][gc,heap       ] GC(735) Old regions: 61->63
[2025-10-31T03:15:25.491+0000][gc,heap       ] GC(735) Humongous regions: 147->147
[2025-10-31T03:15:25.491+0000][gc,metaspace  ] GC(735) Metaspace: 53101K(56496K)->53101K(56496K) NonClass: 47242K(49072K)->47242K(49072K) Class: 5859K(7424K)->5859K(7424K)
[2025-10-31T03:15:25.491+0000][gc            ] GC(735) Pause Young (Normal) (G1 Evacuation Pause) 239M->212M(512M) 18.521ms
[2025-10-31T03:15:25.491+0000][gc,cpu        ] GC(735) User=0.03s Sys=0.00s Real=0.02s
[2025-10-31T03:16:01.724+0000][gc,start      ] GC(736) Pause Young (Normal) (G1 Evacuation Pause)
[2025-10-31T03:16:01.724+0000][gc,task       ] GC(736) Using 2 workers of 2 for evacuation
[2025-10-31T03:16:01.734+0000][gc,phases     ] GC(736)   Pre Evacuate Collection Set: 0.0ms
[2025-10-31T03:16:01.735+0000][gc,phases     ] GC(736)   Evacuate Collection Set: 8.9ms
[2025-10-31T03:16:01.735+0000][gc,phases     ] GC(736)   Post Evacuate Collection Set: 0.7ms
[2025-10-31T03:16:01.735+0000][gc,phases     ] GC(736)   Other: 0.7ms
[2025-10-31T03:16:01.735+0000][gc,heap       ] GC(736) Eden regions: 25->0(32)
[2025-10-31T03:16:01.735+0000][gc,heap       ] GC(736) Survivor regions: 3->2(4)
[2025-10-31T03:16:01.735+0000][gc,heap       ] GC(736) Old regions: 63->65
[2025-10-31T03:16:01.735+0000][gc,heap       ] GC(736) Humongous regions: 147->147
[2025-10-31T03:16:01.736+0000][gc,metaspace  ] GC(736) Metaspace: 53101K(56496K)->53101K(56496K) NonClass: 47242K(49072K)->47242K(49072K) Class: 5859K(7424K)->5859K(7424K)
[2025-10-31T03:16:01.736+0000][gc            ] GC(736) Pause Young (Normal) (G1 Evacuation Pause) 237M->213M(512M) 11.668ms
[2025-10-31T03:16:01.736+0000][gc,cpu        ] GC(736) User=0.02s Sys=0.00s Real=0.01s
[2025-10-31T03:16:44.596+0000][gc,start      ] GC(737) Pause Young (Normal) (G1 Evacuation Pause)
[2025-10-31T03:16:44.596+0000][gc,task       ] GC(737) Using 2 workers of 2 for evacuation
[2025-10-31T03:16:44.609+0000][gc,phases     ] GC(737)   Pre Evacuate Collection Set: 0.0ms
[2025-10-31T03:16:44.609+0000][gc,phases     ] GC(737)   Evacuate Collection Set: 11.1ms
[2025-10-31T03:16:44.609+0000][gc,phases     ] GC(737)   Post Evacuate Collection Set: 0.7ms
[2025-10-31T03:16:44.609+0000][gc,phases     ] GC(737)   Other: 0.8ms
[2025-10-31T03:16:44.610+0000][gc,heap       ] GC(737) Eden regions: 29->0(32)
[2025-10-31T03:16:44.610+0000][gc,heap       ] GC(737) Survivor regions: 2->4(4)
[2025-10-31T03:16:44.610+0000][gc,heap       ] GC(737) Old regions: 65->66
[2025-10-31T03:16:44.610+0000][gc,heap       ] GC(737) Humongous regions: 147->147
[2025-10-31T03:16:44.610+0000][gc,metaspace  ] GC(737) Metaspace: 53101K(56496K)->53101K(56496K) NonClass: 47242K(49072K)->47242K(49072K) Class: 5859K(7424K)->5859K(7424K)
[2025-10-31T03:16:44.610+0000][gc            ] GC(737) Pause Young (Normal) (G1 Evacuation Pause) 242M->216M(512M) 14.223ms
[2025-10-31T03:16:44.611+0000][gc,cpu        ] GC(737) User=0.02s Sys=0.00s Real=0.01s
[2025-10-31T03:17:31.323+0000][gc,start      ] GC(738) Pause Young (Normal) (G1 Evacuation Pause)
[2025-10-31T03:17:31.324+0000][gc,task       ] GC(738) Using 2 workers of 2 for evacuation
[2025-10-31T03:17:31.339+0000][gc,phases     ] GC(738)   Pre Evacuate Collection Set: 0.0ms
[2025-10-31T03:17:31.340+0000][gc,phases     ] GC(738)   Evacuate Collection Set: 14.4ms
[2025-10-31T03:17:31.340+0000][gc,phases     ] GC(738)   Post Evacuate Collection Set: 0.7ms
[2025-10-31T03:17:31.340+0000][gc,phases     ] GC(738)   Other: 1.0ms
[2025-10-31T03:17:31.340+0000][gc,heap       ] GC(738) Eden regions: 32->0(33)
[2025-10-31T03:17:31.340+0000][gc,heap       ] GC(738) Survivor regions: 4->4(5)
[2025-10-31T03:17:31.340+0000][gc,heap       ] GC(738) Old regions: 66->68
[2025-10-31T03:17:31.341+0000][gc,heap       ] GC(738) Humongous regions: 147->147
[2025-10-31T03:17:31.341+0000][gc,metaspace  ] GC(738) Metaspace: 53101K(56496K)->53101K(56496K) NonClass: 47242K(49072K)->47242K(49072K) Class: 5859K(7424K)->5859K(7424K)
[2025-10-31T03:17:31.341+0000][gc            ] GC(738) Pause Young (Normal) (G1 Evacuation Pause) 248M->218M(512M) 17.860ms
[2025-10-31T03:17:31.341+0000][gc,cpu        ] GC(738) User=0.03s Sys=0.00s Real=0.02s
[2025-10-31T03:18:16.514+0000][gc,start      ] GC(739) Pause Young (Normal) (G1 Evacuation Pause)
[2025-10-31T03:18:16.514+0000][gc,task       ] GC(739) Using 2 workers of 2 for evacuation
[2025-10-31T03:18:16.528+0000][gc,phases     ] GC(739)   Pre Evacuate Collection Set: 0.0ms
[2025-10-31T03:18:16.528+0000][gc,phases     ] GC(739)   Evacuate Collection Set: 12.8ms
[2025-10-31T03:18:16.528+0000][gc,phases     ] GC(739)   Post Evacuate Collection Set: 0.7ms
[2025-10-31T03:18:16.528+0000][gc,phases     ] GC(739)   Other: 0.7ms
[2025-10-31T03:18:16.528+0000][gc,heap       ] GC(739) Eden regions: 31->0(34)
[2025-10-31T03:18:16.529+0000][gc,heap       ] GC(739) Survivor regions: 4->4(5)
[2025-10-31T03:18:16.529+0000][gc,heap       ] GC(739) Old regions: 68->70
[2025-10-31T03:18:16.529+0000][gc,heap       ] GC(739) Humongous regions: 147->147
[2025-10-31T03:18:16.529+0000][gc,metaspace  ] GC(739) Metaspace: 53101K(56496K)->53101K(56496K) NonClass: 47242K(49072K)->47242K(49072K) Class: 5859K(7424K)->5859K(7424K)
[2025-10-31T03:18:16.529+0000][gc            ] GC(739) Pause Young (Normal) (G1 Evacuation Pause) 249M->219M(512M) 15.814ms
[2025-10-31T03:18:16.530+0000][gc,cpu        ] GC(739) User=0.03s Sys=0.00s Real=0.02s
[2025-10-31T03:19:03.109+0000][gc,start      ] GC(740) Pause Young (Normal) (G1 Evacuation Pause)
[2025-10-31T03:19:03.110+0000][gc,task       ] GC(740) Using 2 workers of 2 for evacuation
[2025-10-31T03:19:03.122+0000][gc,phases     ] GC(740)   Pre Evacuate Collection Set: 0.0ms
[2025-10-31T03:19:03.122+0000][gc,phases     ] GC(740)   Evacuate Collection Set: 10.6ms
[2025-10-31T03:19:03.122+0000][gc,phases     ] GC(740)   Post Evacuate Collection Set: 1.0ms
[2025-10-31T03:19:03.122+0000][gc,phases     ] GC(740)   Other: 0.7ms
[2025-10-31T03:19:03.122+0000][gc,heap       ] GC(740) Eden regions: 32->0(37)
[2025-10-31T03:19:03.123+0000][gc,heap       ] GC(740) Survivor regions: 4->3(5)
[2025-10-31T03:19:03.123+0000][gc,heap       ] GC(740) Old regions: 70->71
[2025-10-31T03:19:03.123+0000][gc,heap       ] GC(740) Humongous regions: 147->147
[2025-10-31T03:19:03.123+0000][gc,metaspace  ] GC(740) Metaspace: 53101K(56496K)->53101K(56496K) NonClass: 47242K(49072K)->47242K(49072K) Class: 5859K(7424K)->5859K(7424K)
[2025-10-31T03:19:03.123+0000][gc            ] GC(740) Pause Young (Normal) (G1 Evacuation Pause) 251M->220M(512M) 14.073ms
[2025-10-31T03:19:03.124+0000][gc,cpu        ] GC(740) User=0.02s Sys=0.00s Real=0.01s
[2025-10-31T03:19:51.749+0000][gc,start      ] GC(741) Pause Young (Normal) (G1 Evacuation Pause)
[2025-10-31T03:19:51.749+0000][gc,task       ] GC(741) Using 2 workers of 2 for evacuation
[2025-10-31T03:19:51.761+0000][gc,phases     ] GC(741)   Pre Evacuate Collection Set: 0.0ms
[2025-10-31T03:19:51.761+0000][gc,phases     ] GC(741)   Evacuate Collection Set: 11.1ms
[2025-10-31T03:19:51.761+0000][gc,phases     ] GC(741)   Post Evacuate Collection Set: 0.6ms
[2025-10-31T03:19:51.761+0000][gc,phases     ] GC(741)   Other: 0.5ms
[2025-10-31T03:19:51.762+0000][gc,heap       ] GC(741) Eden regions: 34->0(39)
[2025-10-31T03:19:51.762+0000][gc,heap       ] GC(741) Survivor regions: 3->3(5)
[2025-10-31T03:19:51.762+0000][gc,heap       ] GC(741) Old regions: 71->73
[2025-10-31T03:19:51.762+0000][gc,heap       ] GC(741) Humongous regions: 147->147
[2025-10-31T03:19:51.762+0000][gc,metaspace  ] GC(741) Metaspace: 53101K(56496K)->53101K(56496K) NonClass: 47242K(49072K)->47242K(49072K) Class: 5859K(7424K)->5859K(7424K)
[2025-10-31T03:19:51.762+0000][gc            ] GC(741) Pause Young (Normal) (G1 Evacuation Pause) 254M->222M(512M) 13.729ms
[2025-10-31T03:19:51.762+0000][gc,cpu        ] GC(741) User=0.03s Sys=0.00s Real=0.01s
[2025-10-31T03:20:48.206+0000][gc,start      ] GC(742) Pause Young (Normal) (G1 Evacuation Pause)
[2025-10-31T03:20:48.206+0000][gc,task       ] GC(742) Using 2 workers of 2 for evacuation
[2025-10-31T03:20:48.219+0000][gc,phases     ] GC(742)   Pre Evacuate Collection Set: 0.0ms
[2025-10-31T03:20:48.220+0000][gc,phases     ] GC(742)   Evacuate Collection Set: 12.0ms
[2025-10-31T03:20:48.220+0000][gc,phases     ] GC(742)   Post Evacuate Collection Set: 0.6ms
[2025-10-31T03:20:48.220+0000][gc,phases     ] GC(742)   Other: 0.7ms
[2025-10-31T03:20:48.220+0000][gc,heap       ] GC(742) Eden regions: 38->0(41)
[2025-10-31T03:20:48.220+0000][gc,heap       ] GC(742) Survivor regions: 3->5(6)
[2025-10-31T03:20:48.220+0000][gc,heap       ] GC(742) Old regions: 73->73
[2025-10-31T03:20:48.220+0000][gc,heap       ] GC(742) Humongous regions: 147->147
[2025-10-31T03:20:48.221+0000][gc,metaspace  ] GC(742) Metaspace: 53101K(56496K)->53101K(56496K) NonClass: 47242K(49072K)->47242K(49072K) Class: 5859K(7424K)->5859K(7424K)
[2025-10-31T03:20:48.221+0000][gc            ] GC(742) Pause Young (Normal) (G1 Evacuation Pause) 260M->224M(512M) 14.797ms
[2025-10-31T03:20:48.221+0000][gc,cpu        ] GC(742) User=0.02s Sys=0.00s Real=0.02s
[2025-10-31T03:21:48.895+0000][gc,start      ] GC(743) Pause Young (Normal) (G1 Evacuation Pause)
[2025-10-31T03:21:48.896+0000][gc,task       ] GC(743) Using 2 workers of 2 for evacuation
[2025-10-31T03:21:48.909+0000][gc,phases     ] GC(743)   Pre Evacuate Collection Set: 0.0ms
[2025-10-31T03:21:48.909+0000][gc,phases     ] GC(743)   Evacuate Collection Set: 12.6ms
[2025-10-31T03:21:48.910+0000][gc,phases     ] GC(743)   Post Evacuate Collection Set: 0.7ms
[2025-10-31T03:21:48.910+0000][gc,phases     ] GC(743)   Other: 0.6ms
[2025-10-31T03:21:48.910+0000][gc,heap       ] GC(743) Eden regions: 41->0(41)
[2025-10-31T03:21:48.910+0000][gc,heap       ] GC(743) Survivor regions: 5->6(6)
[2025-10-31T03:21:48.910+0000][gc,heap       ] GC(743) Old regions: 73->75
[2025-10-31T03:21:48.910+0000][gc,heap       ] GC(743) Humongous regions: 147->147
[2025-10-31T03:21:48.911+0000][gc,metaspace  ] GC(743) Metaspace: 53101K(56496K)->53101K(56496K) NonClass: 47242K(49072K)->47242K(49072K) Class: 5859K(7424K)->5859K(7424K)
[2025-10-31T03:21:48.911+0000][gc            ] GC(743) Pause Young (Normal) (G1 Evacuation Pause) 265M->227M(512M) 15.524ms
[2025-10-31T03:21:48.911+0000][gc,cpu        ] GC(743) User=0.03s Sys=0.00s Real=0.02s
[2025-10-31T03:22:49.083+0000][gc,start      ] GC(744) Pause Young (Normal) (G1 Evacuation Pause)
[2025-10-31T03:22:49.083+0000][gc,task       ] GC(744) Using 2 workers of 2 for evacuation
[2025-10-31T03:22:49.099+0000][gc,phases     ] GC(744)   Pre Evacuate Collection Set: 0.0ms
[2025-10-31T03:22:49.100+0000][gc,phases     ] GC(744)   Evacuate Collection Set: 14.7ms
[2025-10-31T03:22:49.100+0000][gc,phases     ] GC(744)   Post Evacuate Collection Set: 0.8ms
[2025-10-31T03:22:49.100+0000][gc,phases     ] GC(744)   Other: 1.0ms
[2025-10-31T03:22:49.100+0000][gc,heap       ] GC(744) Eden regions: 41->0(43)
[2025-10-31T03:22:49.100+0000][gc,heap       ] GC(744) Survivor regions: 6->4(6)
[2025-10-31T03:22:49.100+0000][gc,heap       ] GC(744) Old regions: 75->79
[2025-10-31T03:22:49.101+0000][gc,heap       ] GC(744) Humongous regions: 147->147
[2025-10-31T03:22:49.101+0000][gc,metaspace  ] GC(744) Metaspace: 53101K(56496K)->53101K(56496K) NonClass: 47242K(49072K)->47242K(49072K) Class: 5859K(7424K)->5859K(7424K)
[2025-10-31T03:22:49.101+0000][gc            ] GC(744) Pause Young (Normal) (G1 Evacuation Pause) 268M->229M(512M) 18.173ms
[2025-10-31T03:22:49.101+0000][gc,cpu        ] GC(744) User=0.03s Sys=0.00s Real=0.02s
[2025-10-31T03:23:51.583+0000][gc,start      ] GC(745) Pause Young (Normal) (G1 Evacuation Pause)
[2025-10-31T03:23:51.584+0000][gc,task       ] GC(745) Using 2 workers of 2 for evacuation
[2025-10-31T03:23:51.604+0000][gc,mmu        ] GC(745) MMU target violated: 20.1ms (20.0ms/21.0ms)
[2025-10-31T03:23:51.604+0000][gc,phases     ] GC(745)   Pre Evacuate Collection Set: 0.0ms
[2025-10-31T03:23:51.604+0000][gc,phases     ] GC(745)   Evacuate Collection Set: 19.1ms
[2025-10-31T03:23:51.605+0000][gc,phases     ] GC(745)   Post Evacuate Collection Set: 0.9ms
[2025-10-31T03:23:51.605+0000][gc,phases     ] GC(745)   Other: 1.1ms
[2025-10-31T03:23:51.605+0000][gc,heap       ] GC(745) Eden regions: 43->0(36)
[2025-10-31T03:23:51.605+0000][gc,heap       ] GC(745) Survivor regions: 4->4(6)
[2025-10-31T03:23:51.606+0000][gc,heap       ] GC(745) Old regions: 79->81
[2025-10-31T03:23:51.606+0000][gc,heap       ] GC(745) Humongous regions: 147->147
[2025-10-31T03:23:51.606+0000][gc,metaspace  ] GC(745) Metaspace: 53101K(56496K)->53101K(56496K) NonClass: 47242K(49072K)->47242K(49072K) Class: 5859K(7424K)->5859K(7424K)
[2025-10-31T03:23:51.606+0000][gc            ] GC(745) Pause Young (Normal) (G1 Evacuation Pause) 272M->232M(512M) 23.090ms
[2025-10-31T03:23:51.607+0000][gc,cpu        ] GC(745) User=0.04s Sys=0.00s Real=0.02s
[2025-10-31T03:24:44.776+0000][gc,start      ] GC(746) Pause Young (Normal) (G1 Evacuation Pause)
[2025-10-31T03:24:44.776+0000][gc,task       ] GC(746) Using 2 workers of 2 for evacuation
[2025-10-31T03:24:44.790+0000][gc,phases     ] GC(746)   Pre Evacuate Collection Set: 0.0ms
[2025-10-31T03:24:44.790+0000][gc,phases     ] GC(746)   Evacuate Collection Set: 12.3ms
[2025-10-31T03:24:44.790+0000][gc,phases     ] GC(746)   Post Evacuate Collection Set: 0.7ms
[2025-10-31T03:24:44.791+0000][gc,phases     ] GC(746)   Other: 1.1ms
[2025-10-31T03:24:44.791+0000][gc,heap       ] GC(746) Eden regions: 36->0(40)
[2025-10-31T03:24:44.791+0000][gc,heap       ] GC(746) Survivor regions: 4->4(5)
[2025-10-31T03:24:44.791+0000][gc,heap       ] GC(746) Old regions: 81->84
[2025-10-31T03:24:44.791+0000][gc,heap       ] GC(746) Humongous regions: 147->147
[2025-10-31T03:24:44.791+0000][gc,metaspace  ] GC(746) Metaspace: 53101K(56496K)->53101K(56496K) NonClass: 47242K(49072K)->47242K(49072K) Class: 5859K(7424K)->5859K(7424K)
[2025-10-31T03:24:44.791+0000][gc            ] GC(746) Pause Young (Normal) (G1 Evacuation Pause) 268M->234M(512M) 15.509ms
[2025-10-31T03:24:44.792+0000][gc,cpu        ] GC(746) User=0.02s Sys=0.00s Real=0.01s
[2025-10-31T03:25:43.474+0000][gc,start      ] GC(747) Pause Young (Normal) (G1 Evacuation Pause)
[2025-10-31T03:25:43.475+0000][gc,task       ] GC(747) Using 2 workers of 2 for evacuation
[2025-10-31T03:25:43.493+0000][gc,phases     ] GC(747)   Pre Evacuate Collection Set: 0.0ms
[2025-10-31T03:25:43.493+0000][gc,phases     ] GC(747)   Evacuate Collection Set: 16.7ms
[2025-10-31T03:25:43.493+0000][gc,phases     ] GC(747)   Post Evacuate Collection Set: 0.9ms
[2025-10-31T03:25:43.494+0000][gc,phases     ] GC(747)   Other: 0.8ms
[2025-10-31T03:25:43.494+0000][gc,heap       ] GC(747) Eden regions: 40->0(40)
[2025-10-31T03:25:43.494+0000][gc,heap       ] GC(747) Survivor regions: 4->4(6)
[2025-10-31T03:25:43.494+0000][gc,heap       ] GC(747) Old regions: 84->86
[2025-10-31T03:25:43.495+0000][gc,heap       ] GC(747) Humongous regions: 147->147
[2025-10-31T03:25:43.495+0000][gc,metaspace  ] GC(747) Metaspace: 53101K(56496K)->53101K(56496K) NonClass: 47242K(49072K)->47242K(49072K) Class: 5859K(7424K)->5859K(7424K)
[2025-10-31T03:25:43.495+0000][gc            ] GC(747) Pause Young (Normal) (G1 Evacuation Pause) 274M->236M(512M) 20.534ms
[2025-10-31T03:25:43.495+0000][gc,cpu        ] GC(747) User=0.03s Sys=0.00s Real=0.02s
[2025-10-31T03:26:40.731+0000][gc,start      ] GC(748) Pause Young (Normal) (G1 Evacuation Pause)
[2025-10-31T03:26:40.732+0000][gc,task       ] GC(748) Using 2 workers of 2 for evacuation
[2025-10-31T03:26:40.749+0000][gc,phases     ] GC(748)   Pre Evacuate Collection Set: 0.0ms
[2025-10-31T03:26:40.749+0000][gc,phases     ] GC(748)   Evacuate Collection Set: 15.3ms
[2025-10-31T03:26:40.749+0000][gc,phases     ] GC(748)   Post Evacuate Collection Set: 0.8ms
[2025-10-31T03:26:40.749+0000][gc,phases     ] GC(748)   Other: 1.7ms
[2025-10-31T03:26:40.750+0000][gc,heap       ] GC(748) Eden regions: 39->0(41)
[2025-10-31T03:26:40.750+0000][gc,heap       ] GC(748) Survivor regions: 4->4(6)
[2025-10-31T03:26:40.750+0000][gc,heap       ] GC(748) Old regions: 86->88
[2025-10-31T03:26:40.750+0000][gc,heap       ] GC(748) Humongous regions: 147->147
[2025-10-31T03:26:40.750+0000][gc,metaspace  ] GC(748) Metaspace: 53101K(56496K)->53101K(56496K) NonClass: 47242K(49072K)->47242K(49072K) Class: 5859K(7424K)->5859K(7424K)
[2025-10-31T03:26:40.751+0000][gc            ] GC(748) Pause Young (Normal) (G1 Evacuation Pause) 275M->238M(512M) 19.676ms
[2025-10-31T03:26:40.751+0000][gc,cpu        ] GC(748) User=0.04s Sys=0.00s Real=0.02s
[2025-10-31T03:27:40.746+0000][gc,start      ] GC(749) Pause Young (Normal) (G1 Evacuation Pause)
[2025-10-31T03:27:40.746+0000][gc,task       ] GC(749) Using 2 workers of 2 for evacuation
[2025-10-31T03:27:40.766+0000][gc,phases     ] GC(749)   Pre Evacuate Collection Set: 0.0ms
[2025-10-31T03:27:40.767+0000][gc,phases     ] GC(749)   Evacuate Collection Set: 18.7ms
[2025-10-31T03:27:40.767+0000][gc,phases     ] GC(749)   Post Evacuate Collection Set: 1.0ms
[2025-10-31T03:27:40.767+0000][gc,phases     ] GC(749)   Other: 0.7ms
[2025-10-31T03:27:40.767+0000][gc,heap       ] GC(749) Eden regions: 41->0(39)
[2025-10-31T03:27:40.768+0000][gc,heap       ] GC(749) Survivor regions: 4->4(6)
[2025-10-31T03:27:40.768+0000][gc,heap       ] GC(749) Old regions: 88->90
[2025-10-31T03:27:40.768+0000][gc,heap       ] GC(749) Humongous regions: 147->147
[2025-10-31T03:27:40.768+0000][gc,metaspace  ] GC(749) Metaspace: 53101K(56496K)->53101K(56496K) NonClass: 47242K(49072K)->47242K(49072K) Class: 5859K(7424K)->5859K(7424K)
[2025-10-31T03:27:40.769+0000][gc            ] GC(749) Pause Young (Normal) (G1 Evacuation Pause) 279M->240M(512M) 22.742ms
[2025-10-31T03:27:40.769+0000][gc,cpu        ] GC(749) User=0.04s Sys=0.00s Real=0.02s
[2025-10-31T03:28:37.822+0000][gc,start      ] GC(750) Pause Young (Normal) (G1 Evacuation Pause)
[2025-10-31T03:28:37.822+0000][gc,task       ] GC(750) Using 2 workers of 2 for evacuation
[2025-10-31T03:28:37.837+0000][gc,phases     ] GC(750)   Pre Evacuate Collection Set: 0.0ms
[2025-10-31T03:28:37.837+0000][gc,phases     ] GC(750)   Evacuate Collection Set: 13.7ms
[2025-10-31T03:28:37.837+0000][gc,phases     ] GC(750)   Post Evacuate Collection Set: 0.6ms
[2025-10-31T03:28:37.837+0000][gc,phases     ] GC(750)   Other: 0.7ms
[2025-10-31T03:28:37.837+0000][gc,heap       ] GC(750) Eden regions: 39->0(43)
[2025-10-31T03:28:37.837+0000][gc,heap       ] GC(750) Survivor regions: 4->4(6)
[2025-10-31T03:28:37.838+0000][gc,heap       ] GC(750) Old regions: 90->92
[2025-10-31T03:28:37.838+0000][gc,heap       ] GC(750) Humongous regions: 147->147
[2025-10-31T03:28:37.838+0000][gc,metaspace  ] GC(750) Metaspace: 53101K(56496K)->53101K(56496K) NonClass: 47242K(49072K)->47242K(49072K) Class: 5859K(7424K)->5859K(7424K)
[2025-10-31T03:28:37.838+0000][gc            ] GC(750) Pause Young (Normal) (G1 Evacuation Pause) 279M->243M(512M) 16.461ms
[2025-10-31T03:28:37.838+0000][gc,cpu        ] GC(750) User=0.03s Sys=0.00s Real=0.01s
[2025-10-31T03:29:34.361+0000][gc,start      ] GC(751) Pause Young (Normal) (G1 Evacuation Pause)
[2025-10-31T03:29:34.361+0000][gc,task       ] GC(751) Using 2 workers of 2 for evacuation
[2025-10-31T03:29:34.375+0000][gc,phases     ] GC(751)   Pre Evacuate Collection Set: 0.0ms
[2025-10-31T03:29:34.376+0000][gc,phases     ] GC(751)   Evacuate Collection Set: 13.2ms
[2025-10-31T03:29:34.376+0000][gc,phases     ] GC(751)   Post Evacuate Collection Set: 0.8ms
[2025-10-31T03:29:34.376+0000][gc,phases     ] GC(751)   Other: 0.7ms
[2025-10-31T03:29:34.376+0000][gc,heap       ] GC(751) Eden regions: 38->0(45)
[2025-10-31T03:29:34.377+0000][gc,heap       ] GC(751) Survivor regions: 4->4(6)
[2025-10-31T03:29:34.377+0000][gc,heap       ] GC(751) Old regions: 92->95
[2025-10-31T03:29:34.377+0000][gc,heap       ] GC(751) Humongous regions: 147->147
[2025-10-31T03:29:34.377+0000][gc,metaspace  ] GC(751) Metaspace: 53101K(56496K)->53101K(56496K) NonClass: 47242K(49072K)->47242K(49072K) Class: 5859K(7424K)->5859K(7424K)
[2025-10-31T03:29:34.377+0000][gc            ] GC(751) Pause Young (Normal) (G1 Evacuation Pause) 281M->244M(512M) 16.493ms
[2025-10-31T03:29:34.377+0000][gc,cpu        ] GC(751) User=0.03s Sys=0.00s Real=0.02s
[2025-10-31T03:30:29.828+0000][gc,start      ] GC(752) Pause Young (Normal) (G1 Evacuation Pause)
[2025-10-31T03:30:29.828+0000][gc,task       ] GC(752) Using 2 workers of 2 for evacuation
[2025-10-31T03:30:29.843+0000][gc,phases     ] GC(752)   Pre Evacuate Collection Set: 0.0ms
[2025-10-31T03:30:29.844+0000][gc,phases     ] GC(752)   Evacuate Collection Set: 13.7ms
[2025-10-31T03:30:29.844+0000][gc,phases     ] GC(752)   Post Evacuate Collection Set: 0.8ms
[2025-10-31T03:30:29.844+0000][gc,phases     ] GC(752)   Other: 1.1ms
[2025-10-31T03:30:29.844+0000][gc,heap       ] GC(752) Eden regions: 38->0(47)
[2025-10-31T03:30:29.844+0000][gc,heap       ] GC(752) Survivor regions: 4->4(6)
[2025-10-31T03:30:29.844+0000][gc,heap       ] GC(752) Old regions: 95->97
[2025-10-31T03:30:29.845+0000][gc,heap       ] GC(752) Humongous regions: 147->147
[2025-10-31T03:30:29.845+0000][gc,metaspace  ] GC(752) Metaspace: 53101K(56496K)->53101K(56496K) NonClass: 47242K(49072K)->47242K(49072K) Class: 5859K(7424K)->5859K(7424K)
[2025-10-31T03:30:29.845+0000][gc            ] GC(752) Pause Young (Normal) (G1 Evacuation Pause) 282M->247M(512M) 17.232ms
[2025-10-31T03:30:29.845+0000][gc,cpu        ] GC(752) User=0.03s Sys=0.00s Real=0.02s
[2025-10-31T03:31:28.827+0000][gc,start      ] GC(753) Pause Young (Normal) (G1 Evacuation Pause)
[2025-10-31T03:31:28.827+0000][gc,task       ] GC(753) Using 2 workers of 2 for evacuation
[2025-10-31T03:31:28.843+0000][gc,phases     ] GC(753)   Pre Evacuate Collection Set: 0.0ms
[2025-10-31T03:31:28.843+0000][gc,phases     ] GC(753)   Evacuate Collection Set: 14.6ms
[2025-10-31T03:31:28.843+0000][gc,phases     ] GC(753)   Post Evacuate Collection Set: 0.7ms
[2025-10-31T03:31:28.843+0000][gc,phases     ] GC(753)   Other: 0.6ms
[2025-10-31T03:31:28.843+0000][gc,heap       ] GC(753) Eden regions: 40->0(46)
[2025-10-31T03:31:28.843+0000][gc,heap       ] GC(753) Survivor regions: 4->4(6)
[2025-10-31T03:31:28.843+0000][gc,heap       ] GC(753) Old regions: 97->99
[2025-10-31T03:31:28.844+0000][gc,heap       ] GC(753) Humongous regions: 147->147
[2025-10-31T03:31:28.844+0000][gc,metaspace  ] GC(753) Metaspace: 53101K(56496K)->53101K(56496K) NonClass: 47242K(49072K)->47242K(49072K) Class: 5859K(7424K)->5859K(7424K)
[2025-10-31T03:31:28.844+0000][gc            ] GC(753) Pause Young (Normal) (G1 Evacuation Pause) 287M->249M(512M) 17.044ms
[2025-10-31T03:31:28.844+0000][gc,cpu        ] GC(753) User=0.03s Sys=0.00s Real=0.02s
[2025-10-31T03:32:36.694+0000][gc,start      ] GC(754) Pause Young (Normal) (G1 Evacuation Pause)
[2025-10-31T03:32:36.694+0000][gc,task       ] GC(754) Using 2 workers of 2 for evacuation
[2025-10-31T03:32:36.710+0000][gc,phases     ] GC(754)   Pre Evacuate Collection Set: 0.0ms
[2025-10-31T03:32:36.710+0000][gc,phases     ] GC(754)   Evacuate Collection Set: 14.8ms
[2025-10-31T03:32:36.711+0000][gc,phases     ] GC(754)   Post Evacuate Collection Set: 0.8ms
[2025-10-31T03:32:36.711+0000][gc,phases     ] GC(754)   Other: 0.8ms
[2025-10-31T03:32:36.711+0000][gc,heap       ] GC(754) Eden regions: 46->0(48)
[2025-10-31T03:32:36.711+0000][gc,heap       ] GC(754) Survivor regions: 4->5(7)
[2025-10-31T03:32:36.711+0000][gc,heap       ] GC(754) Old regions: 99->101
[2025-10-31T03:32:36.712+0000][gc,heap       ] GC(754) Humongous regions: 147->147
[2025-10-31T03:32:36.712+0000][gc,metaspace  ] GC(754) Metaspace: 53101K(56496K)->53101K(56496K) NonClass: 47242K(49072K)->47242K(49072K) Class: 5859K(7424K)->5859K(7424K)
[2025-10-31T03:32:36.712+0000][gc            ] GC(754) Pause Young (Normal) (G1 Evacuation Pause) 295M->252M(512M) 18.218ms
[2025-10-31T03:32:36.712+0000][gc,cpu        ] GC(754) User=0.04s Sys=0.00s Real=0.02s
[2025-10-31T03:33:47.328+0000][gc,start      ] GC(755) Pause Young (Normal) (G1 Evacuation Pause)
[2025-10-31T03:33:47.328+0000][gc,task       ] GC(755) Using 2 workers of 2 for evacuation
[2025-10-31T03:33:47.345+0000][gc,phases     ] GC(755)   Pre Evacuate Collection Set: 0.0ms
[2025-10-31T03:33:47.345+0000][gc,phases     ] GC(755)   Evacuate Collection Set: 15.5ms
[2025-10-31T03:33:47.345+0000][gc,phases     ] GC(755)   Post Evacuate Collection Set: 0.7ms
[2025-10-31T03:33:47.346+0000][gc,phases     ] GC(755)   Other: 0.7ms
[2025-10-31T03:33:47.346+0000][gc,heap       ] GC(755) Eden regions: 48->0(50)
[2025-10-31T03:33:47.346+0000][gc,heap       ] GC(755) Survivor regions: 5->4(7)
[2025-10-31T03:33:47.346+0000][gc,heap       ] GC(755) Old regions: 101->104
[2025-10-31T03:33:47.346+0000][gc,heap       ] GC(755) Humongous regions: 147->147
[2025-10-31T03:33:47.346+0000][gc,metaspace  ] GC(755) Metaspace: 53101K(56496K)->53101K(56496K) NonClass: 47242K(49072K)->47242K(49072K) Class: 5859K(7424K)->5859K(7424K)
[2025-10-31T03:33:47.347+0000][gc            ] GC(755) Pause Young (Normal) (G1 Evacuation Pause) 300M->254M(512M) 18.479ms
[2025-10-31T03:33:47.347+0000][gc,cpu        ] GC(755) User=0.03s Sys=0.00s Real=0.02s
[2025-10-31T03:35:01.129+0000][gc,start      ] GC(756) Pause Young (Normal) (G1 Evacuation Pause)
[2025-10-31T03:35:01.130+0000][gc,task       ] GC(756) Using 2 workers of 2 for evacuation
[2025-10-31T03:35:01.145+0000][gc,phases     ] GC(756)   Pre Evacuate Collection Set: 0.0ms
[2025-10-31T03:35:01.146+0000][gc,phases     ] GC(756)   Evacuate Collection Set: 14.3ms
[2025-10-31T03:35:01.146+0000][gc,phases     ] GC(756)   Post Evacuate Collection Set: 0.8ms
[2025-10-31T03:35:01.146+0000][gc,phases     ] GC(756)   Other: 1.0ms
[2025-10-31T03:35:01.146+0000][gc,heap       ] GC(756) Eden regions: 50->0(53)
[2025-10-31T03:35:01.146+0000][gc,heap       ] GC(756) Survivor regions: 4->7(7)
[2025-10-31T03:35:01.146+0000][gc,heap       ] GC(756) Old regions: 104->104
[2025-10-31T03:35:01.146+0000][gc,heap       ] GC(756) Humongous regions: 147->147
[2025-10-31T03:35:01.147+0000][gc,metaspace  ] GC(756) Metaspace: 53101K(56496K)->53101K(56496K) NonClass: 47242K(49072K)->47242K(49072K) Class: 5859K(7424K)->5859K(7424K)
[2025-10-31T03:35:01.147+0000][gc            ] GC(756) Pause Young (Normal) (G1 Evacuation Pause) 304M->257M(512M) 17.391ms
[2025-10-31T03:35:01.147+0000][gc,cpu        ] GC(756) User=0.03s Sys=0.00s Real=0.02s
[2025-10-31T03:36:19.890+0000][gc,start      ] GC(757) Pause Young (Normal) (G1 Evacuation Pause)
[2025-10-31T03:36:19.890+0000][gc,task       ] GC(757) Using 2 workers of 2 for evacuation
[2025-10-31T03:36:19.912+0000][gc,mmu        ] GC(757) MMU target violated: 21.0ms (20.0ms/21.0ms)
[2025-10-31T03:36:19.912+0000][gc,phases     ] GC(757)   Pre Evacuate Collection Set: 0.0ms
[2025-10-31T03:36:19.912+0000][gc,phases     ] GC(757)   Evacuate Collection Set: 20.4ms
[2025-10-31T03:36:19.913+0000][gc,phases     ] GC(757)   Post Evacuate Collection Set: 0.6ms
[2025-10-31T03:36:19.913+0000][gc,phases     ] GC(757)   Other: 1.0ms
[2025-10-31T03:36:19.913+0000][gc,heap       ] GC(757) Eden regions: 53->0(46)
[2025-10-31T03:36:19.913+0000][gc,heap       ] GC(757) Survivor regions: 7->8(8)
[2025-10-31T03:36:19.913+0000][gc,heap       ] GC(757) Old regions: 104->106
[2025-10-31T03:36:19.913+0000][gc,heap       ] GC(757) Humongous regions: 147->147
[2025-10-31T03:36:19.914+0000][gc,metaspace  ] GC(757) Metaspace: 53101K(56496K)->53101K(56496K) NonClass: 47242K(49072K)->47242K(49072K) Class: 5859K(7424K)->5859K(7424K)
[2025-10-31T03:36:19.914+0000][gc            ] GC(757) Pause Young (Normal) (G1 Evacuation Pause) 310M->260M(512M) 23.881ms
[2025-10-31T03:36:19.914+0000][gc,cpu        ] GC(757) User=0.04s Sys=0.00s Real=0.03s
[2025-10-31T03:37:26.627+0000][gc,start      ] GC(758) Pause Young (Normal) (G1 Evacuation Pause)
[2025-10-31T03:37:26.627+0000][gc,task       ] GC(758) Using 2 workers of 2 for evacuation
[2025-10-31T03:37:26.645+0000][gc,phases     ] GC(758)   Pre Evacuate Collection Set: 0.0ms
[2025-10-31T03:37:26.645+0000][gc,phases     ] GC(758)   Evacuate Collection Set: 16.7ms
[2025-10-31T03:37:26.645+0000][gc,phases     ] GC(758)   Post Evacuate Collection Set: 0.7ms
[2025-10-31T03:37:26.646+0000][gc,phases     ] GC(758)   Other: 0.6ms
[2025-10-31T03:37:26.646+0000][gc,heap       ] GC(758) Eden regions: 46->0(53)
[2025-10-31T03:37:26.646+0000][gc,heap       ] GC(758) Survivor regions: 8->3(7)
[2025-10-31T03:37:26.646+0000][gc,heap       ] GC(758) Old regions: 106->112
[2025-10-31T03:37:26.646+0000][gc,heap       ] GC(758) Humongous regions: 147->147
[2025-10-31T03:37:26.646+0000][gc,metaspace  ] GC(758) Metaspace: 53101K(56496K)->53101K(56496K) NonClass: 47242K(49072K)->47242K(49072K) Class: 5859K(7424K)->5859K(7424K)
[2025-10-31T03:37:26.646+0000][gc            ] GC(758) Pause Young (Normal) (G1 Evacuation Pause) 306M->261M(512M) 19.279ms
[2025-10-31T03:37:26.646+0000][gc,cpu        ] GC(758) User=0.03s Sys=0.00s Real=0.02s
[2025-10-31T03:38:45.104+0000][gc,start      ] GC(759) Pause Young (Normal) (G1 Evacuation Pause)
[2025-10-31T03:38:45.104+0000][gc,task       ] GC(759) Using 2 workers of 2 for evacuation
[2025-10-31T03:38:45.119+0000][gc,phases     ] GC(759)   Pre Evacuate Collection Set: 0.0ms
[2025-10-31T03:38:45.120+0000][gc,phases     ] GC(759)   Evacuate Collection Set: 13.9ms
[2025-10-31T03:38:45.120+0000][gc,phases     ] GC(759)   Post Evacuate Collection Set: 0.8ms
[2025-10-31T03:38:45.120+0000][gc,phases     ] GC(759)   Other: 0.6ms
[2025-10-31T03:38:45.120+0000][gc,heap       ] GC(759) Eden regions: 53->0(49)
[2025-10-31T03:38:45.120+0000][gc,heap       ] GC(759) Survivor regions: 3->7(7)
[2025-10-31T03:38:45.121+0000][gc,heap       ] GC(759) Old regions: 112->112
[2025-10-31T03:38:45.121+0000][gc,heap       ] GC(759) Humongous regions: 147->147
[2025-10-31T03:38:45.121+0000][gc,metaspace  ] GC(759) Metaspace: 53101K(56496K)->53101K(56496K) NonClass: 47242K(49072K)->47242K(49072K) Class: 5859K(7424K)->5859K(7424K)
[2025-10-31T03:38:45.121+0000][gc            ] GC(759) Pause Young (Normal) (G1 Evacuation Pause) 314M->265M(512M) 17.099ms
[2025-10-31T03:38:45.121+0000][gc,cpu        ] GC(759) User=0.03s Sys=0.00s Real=0.02s
[2025-10-31T03:39:56.679+0000][gc,start      ] GC(760) Pause Young (Normal) (G1 Evacuation Pause)
[2025-10-31T03:39:56.679+0000][gc,task       ] GC(760) Using 2 workers of 2 for evacuation
[2025-10-31T03:39:56.697+0000][gc,phases     ] GC(760)   Pre Evacuate Collection Set: 0.0ms
[2025-10-31T03:39:56.698+0000][gc,phases     ] GC(760)   Evacuate Collection Set: 17.3ms
[2025-10-31T03:39:56.698+0000][gc,phases     ] GC(760)   Post Evacuate Collection Set: 0.7ms
[2025-10-31T03:39:56.698+0000][gc,phases     ] GC(760)   Other: 0.8ms
[2025-10-31T03:39:56.698+0000][gc,heap       ] GC(760) Eden regions: 49->0(52)
[2025-10-31T03:39:56.698+0000][gc,heap       ] GC(760) Survivor regions: 7->5(7)
[2025-10-31T03:39:56.699+0000][gc,heap       ] GC(760) Old regions: 112->117
[2025-10-31T03:39:56.699+0000][gc,heap       ] GC(760) Humongous regions: 147->147
[2025-10-31T03:39:56.699+0000][gc,metaspace  ] GC(760) Metaspace: 53101K(56496K)->53101K(56496K) NonClass: 47242K(49072K)->47242K(49072K) Class: 5859K(7424K)->5859K(7424K)
[2025-10-31T03:39:56.699+0000][gc            ] GC(760) Pause Young (Normal) (G1 Evacuation Pause) 314M->268M(512M) 20.541ms
[2025-10-31T03:39:56.699+0000][gc,cpu        ] GC(760) User=0.04s Sys=0.00s Real=0.02s
[2025-10-31T03:41:12.875+0000][gc,start      ] GC(761) Pause Young (Normal) (G1 Evacuation Pause)
[2025-10-31T03:41:12.875+0000][gc,task       ] GC(761) Using 2 workers of 2 for evacuation
[2025-10-31T03:41:12.888+0000][gc,phases     ] GC(761)   Pre Evacuate Collection Set: 0.0ms
[2025-10-31T03:41:12.888+0000][gc,phases     ] GC(761)   Evacuate Collection Set: 11.6ms
[2025-10-31T03:41:12.888+0000][gc,phases     ] GC(761)   Post Evacuate Collection Set: 0.7ms
[2025-10-31T03:41:12.889+0000][gc,phases     ] GC(761)   Other: 0.8ms
[2025-10-31T03:41:12.889+0000][gc,heap       ] GC(761) Eden regions: 52->0(58)
[2025-10-31T03:41:12.889+0000][gc,heap       ] GC(761) Survivor regions: 5->4(8)
[2025-10-31T03:41:12.889+0000][gc,heap       ] GC(761) Old regions: 117->120
[2025-10-31T03:41:12.889+0000][gc,heap       ] GC(761) Humongous regions: 147->147
[2025-10-31T03:41:12.889+0000][gc,metaspace  ] GC(761) Metaspace: 53101K(56496K)->53101K(56496K) NonClass: 47242K(49072K)->47242K(49072K) Class: 5859K(7424K)->5859K(7424K)
[2025-10-31T03:41:12.889+0000][gc            ] GC(761) Pause Young (Normal) (G1 Evacuation Pause) 320M->270M(512M) 14.420ms
[2025-10-31T03:41:12.890+0000][gc,cpu        ] GC(761) User=0.03s Sys=0.00s Real=0.02s
[2025-10-31T03:42:38.999+0000][gc,start      ] GC(762) Pause Young (Normal) (G1 Evacuation Pause)
[2025-10-31T03:42:39.000+0000][gc,task       ] GC(762) Using 2 workers of 2 for evacuation
[2025-10-31T03:42:39.017+0000][gc,phases     ] GC(762)   Pre Evacuate Collection Set: 0.0ms
[2025-10-31T03:42:39.017+0000][gc,phases     ] GC(762)   Evacuate Collection Set: 16.1ms
[2025-10-31T03:42:39.017+0000][gc,phases     ] GC(762)   Post Evacuate Collection Set: 0.8ms
[2025-10-31T03:42:39.018+0000][gc,phases     ] GC(762)   Other: 0.8ms
[2025-10-31T03:42:39.018+0000][gc,heap       ] GC(762) Eden regions: 58->0(56)
[2025-10-31T03:42:39.018+0000][gc,heap       ] GC(762) Survivor regions: 4->8(8)
[2025-10-31T03:42:39.018+0000][gc,heap       ] GC(762) Old regions: 120->120
[2025-10-31T03:42:39.018+0000][gc,heap       ] GC(762) Humongous regions: 147->147
[2025-10-31T03:42:39.018+0000][gc,metaspace  ] GC(762) Metaspace: 53101K(56496K)->53101K(56496K) NonClass: 47242K(49072K)->47242K(49072K) Class: 5859K(7424K)->5859K(7424K)
[2025-10-31T03:42:39.019+0000][gc            ] GC(762) Pause Young (Normal) (G1 Evacuation Pause) 328M->274M(512M) 19.278ms
[2025-10-31T03:42:39.019+0000][gc,cpu        ] GC(762) User=0.03s Sys=0.00s Real=0.02s
[2025-10-31T03:44:01.240+0000][gc,start      ] GC(763) Pause Young (Normal) (G1 Evacuation Pause)
[2025-10-31T03:44:01.240+0000][gc,task       ] GC(763) Using 2 workers of 2 for evacuation
[2025-10-31T03:44:01.261+0000][gc,mmu        ] GC(763) MMU target violated: 20.8ms (20.0ms/21.0ms)
[2025-10-31T03:44:01.262+0000][gc,phases     ] GC(763)   Pre Evacuate Collection Set: 0.0ms
[2025-10-31T03:44:01.262+0000][gc,phases     ] GC(763)   Evacuate Collection Set: 19.8ms
[2025-10-31T03:44:01.262+0000][gc,phases     ] GC(763)   Post Evacuate Collection Set: 0.9ms
[2025-10-31T03:44:01.262+0000][gc,phases     ] GC(763)   Other: 0.9ms
[2025-10-31T03:44:01.262+0000][gc,heap       ] GC(763) Eden regions: 56->0(58)
[2025-10-31T03:44:01.262+0000][gc,heap       ] GC(763) Survivor regions: 8->4(8)
[2025-10-31T03:44:01.263+0000][gc,heap       ] GC(763) Old regions: 120->126
[2025-10-31T03:44:01.263+0000][gc,heap       ] GC(763) Humongous regions: 147->147
[2025-10-31T03:44:01.263+0000][gc,metaspace  ] GC(763) Metaspace: 53101K(56496K)->53101K(56496K) NonClass: 47242K(49072K)->47242K(49072K) Class: 5859K(7424K)->5859K(7424K)
[2025-10-31T03:44:01.263+0000][gc            ] GC(763) Pause Young (Normal) (G1 Evacuation Pause) 330M->276M(512M) 23.494ms
[2025-10-31T03:44:01.264+0000][gc,cpu        ] GC(763) User=0.04s Sys=0.00s Real=0.02s
[2025-10-31T03:45:27.197+0000][gc,start      ] GC(764) Pause Young (Normal) (G1 Evacuation Pause)
[2025-10-31T03:45:27.198+0000][gc,task       ] GC(764) Using 2 workers of 2 for evacuation
[2025-10-31T03:45:27.211+0000][gc,phases     ] GC(764)   Pre Evacuate Collection Set: 0.0ms
[2025-10-31T03:45:27.211+0000][gc,phases     ] GC(764)   Evacuate Collection Set: 12.3ms
[2025-10-31T03:45:27.212+0000][gc,phases     ] GC(764)   Post Evacuate Collection Set: 0.7ms
[2025-10-31T03:45:27.212+0000][gc,phases     ] GC(764)   Other: 0.8ms
[2025-10-31T03:45:27.212+0000][gc,heap       ] GC(764) Eden regions: 58->0(58)
[2025-10-31T03:45:27.212+0000][gc,heap       ] GC(764) Survivor regions: 4->8(8)
[2025-10-31T03:45:27.212+0000][gc,heap       ] GC(764) Old regions: 126->126
[2025-10-31T03:45:27.213+0000][gc,heap       ] GC(764) Humongous regions: 147->147
[2025-10-31T03:45:27.213+0000][gc,metaspace  ] GC(764) Metaspace: 53101K(56496K)->53101K(56496K) NonClass: 47242K(49072K)->47242K(49072K) Class: 5859K(7424K)->5859K(7424K)
[2025-10-31T03:45:27.213+0000][gc            ] GC(764) Pause Young (Normal) (G1 Evacuation Pause) 334M->280M(512M) 15.281ms
[2025-10-31T03:45:27.213+0000][gc,cpu        ] GC(764) User=0.03s Sys=0.00s Real=0.01s
[2025-10-31T04:00:37.981+0000][gc,start      ] GC(765) Pause Young (Normal) (G1 Evacuation Pause)
[2025-10-31T04:00:37.981+0000][gc,task       ] GC(765) Using 2 workers of 2 for evacuation
[2025-10-31T04:00:38.006+0000][gc,mmu        ] GC(765) MMU target violated: 21.0ms (20.0ms/21.0ms)
[2025-10-31T04:00:38.006+0000][gc,phases     ] GC(765)   Pre Evacuate Collection Set: 0.0ms
[2025-10-31T04:00:38.007+0000][gc,phases     ] GC(765)   Evacuate Collection Set: 23.4ms
[2025-10-31T04:00:38.007+0000][gc,phases     ] GC(765)   Post Evacuate Collection Set: 1.0ms
[2025-10-31T04:00:38.007+0000][gc,phases     ] GC(765)   Other: 0.9ms
[2025-10-31T04:00:38.007+0000][gc,heap       ] GC(765) Eden regions: 45->0(33)
[2025-10-31T04:00:38.008+0000][gc,heap       ] GC(765) Survivor regions: 8->7(7)
[2025-10-31T04:00:38.008+0000][gc,heap       ] GC(765) Old regions: 126->134
[2025-10-31T04:00:38.008+0000][gc,heap       ] GC(765) Humongous regions: 147->147
[2025-10-31T04:00:38.009+0000][gc,metaspace  ] GC(765) Metaspace: 53199K(56496K)->53199K(56496K) NonClass: 47328K(49072K)->47328K(49072K) Class: 5870K(7424K)->5870K(7424K)
[2025-10-31T04:00:38.009+0000][gc            ] GC(765) Pause Young (Normal) (G1 Evacuation Pause) 325M->287M(512M) 27.741ms
[2025-10-31T04:00:38.009+0000][gc,cpu        ] GC(765) User=0.05s Sys=0.00s Real=0.03s
[2025-10-31T04:16:23.606+0000][gc,start      ] GC(766) Pause Young (Normal) (G1 Evacuation Pause)
[2025-10-31T04:16:23.608+0000][gc,task       ] GC(766) Using 2 workers of 2 for evacuation
[2025-10-31T04:16:23.639+0000][gc,mmu        ] GC(766) MMU target violated: 21.0ms (20.0ms/21.0ms)
[2025-10-31T04:16:23.642+0000][gc,phases     ] GC(766)   Pre Evacuate Collection Set: 0.0ms
[2025-10-31T04:16:23.643+0000][gc,phases     ] GC(766)   Evacuate Collection Set: 26.9ms
[2025-10-31T04:16:23.643+0000][gc,phases     ] GC(766)   Post Evacuate Collection Set: 4.0ms
[2025-10-31T04:16:23.644+0000][gc,phases     ] GC(766)   Other: 5.8ms
[2025-10-31T04:16:23.646+0000][gc,heap       ] GC(766) Eden regions: 33->0(28)
[2025-10-31T04:16:23.648+0000][gc,heap       ] GC(766) Survivor regions: 7->4(5)
[2025-10-31T04:16:23.648+0000][gc,heap       ] GC(766) Old regions: 134->140
[2025-10-31T04:16:23.648+0000][gc,heap       ] GC(766) Humongous regions: 147->147
[2025-10-31T04:16:23.649+0000][gc,metaspace  ] GC(766) Metaspace: 53264K(56496K)->53264K(56496K) NonClass: 47390K(49072K)->47390K(49072K) Class: 5873K(7424K)->5873K(7424K)
[2025-10-31T04:16:23.649+0000][gc            ] GC(766) Pause Young (Normal) (G1 Evacuation Pause) 320M->290M(512M) 43.296ms
[2025-10-31T04:16:23.649+0000][gc,cpu        ] GC(766) User=0.06s Sys=0.00s Real=0.05s
[2025-10-31T04:17:02.165+0000][gc,start      ] GC(767) Pause Young (Normal) (G1 Evacuation Pause)
[2025-10-31T04:17:02.166+0000][gc,task       ] GC(767) Using 2 workers of 2 for evacuation
[2025-10-31T04:17:02.211+0000][gc,mmu        ] GC(767) MMU target violated: 21.0ms (20.0ms/21.0ms)
[2025-10-31T04:17:02.213+0000][gc,phases     ] GC(767)   Pre Evacuate Collection Set: 0.1ms
[2025-10-31T04:17:02.213+0000][gc,phases     ] GC(767)   Evacuate Collection Set: 39.3ms
[2025-10-31T04:17:02.214+0000][gc,phases     ] GC(767)   Post Evacuate Collection Set: 2.6ms
[2025-10-31T04:17:02.215+0000][gc,phases     ] GC(767)   Other: 5.1ms
[2025-10-31T04:17:02.216+0000][gc,heap       ] GC(767) Eden regions: 28->0(22)
[2025-10-31T04:17:02.217+0000][gc,heap       ] GC(767) Survivor regions: 4->3(4)
[2025-10-31T04:17:02.218+0000][gc,heap       ] GC(767) Old regions: 140->142
[2025-10-31T04:17:02.219+0000][gc,heap       ] GC(767) Humongous regions: 147->147
[2025-10-31T04:17:02.219+0000][gc,metaspace  ] GC(767) Metaspace: 53303K(56752K)->53303K(56752K) NonClass: 47429K(49328K)->47429K(49328K) Class: 5873K(7424K)->5873K(7424K)
[2025-10-31T04:17:02.221+0000][gc            ] GC(767) Pause Young (Normal) (G1 Evacuation Pause) 318M->291M(512M) 55.230ms
[2025-10-31T04:17:02.222+0000][gc,cpu        ] GC(767) User=0.09s Sys=0.00s Real=0.06s
[2025-10-31T04:17:50.859+0000][gc,start      ] GC(768) Pause Young (Normal) (G1 Evacuation Pause)
[2025-10-31T04:17:50.864+0000][gc,task       ] GC(768) Using 2 workers of 2 for evacuation
[2025-10-31T04:17:50.943+0000][gc,mmu        ] GC(768) MMU target violated: 21.0ms (20.0ms/21.0ms)
[2025-10-31T04:17:50.946+0000][gc,phases     ] GC(768)   Pre Evacuate Collection Set: 0.1ms
[2025-10-31T04:17:50.948+0000][gc,phases     ] GC(768)   Evacuate Collection Set: 72.6ms
[2025-10-31T04:17:50.949+0000][gc,phases     ] GC(768)   Post Evacuate Collection Set: 4.6ms
[2025-10-31T04:17:50.951+0000][gc,phases     ] GC(768)   Other: 9.7ms
[2025-10-31T04:17:50.955+0000][gc,heap       ] GC(768) Eden regions: 22->0(22)
[2025-10-31T04:17:50.959+0000][gc,heap       ] GC(768) Survivor regions: 3->3(4)
[2025-10-31T04:17:50.960+0000][gc,heap       ] GC(768) Old regions: 142->143
[2025-10-31T04:17:50.963+0000][gc,heap       ] GC(768) Humongous regions: 147->147
[2025-10-31T04:17:50.965+0000][gc,metaspace  ] GC(768) Metaspace: 53303K(56752K)->53303K(56752K) NonClass: 47429K(49328K)->47429K(49328K) Class: 5873K(7424K)->5873K(7424K)
[2025-10-31T04:17:50.967+0000][gc            ] GC(768) Pause Young (Normal) (G1 Evacuation Pause) 313M->292M(512M) 107.676ms
[2025-10-31T04:17:50.968+0000][gc,cpu        ] GC(768) User=0.16s Sys=0.00s Real=0.11s
[2025-10-31T04:18:38.653+0000][gc,start      ] GC(769) Pause Young (Normal) (G1 Evacuation Pause)
[2025-10-31T04:18:38.655+0000][gc,task       ] GC(769) Using 2 workers of 2 for evacuation
[2025-10-31T04:18:38.718+0000][gc,mmu        ] GC(769) MMU target violated: 21.0ms (20.0ms/21.0ms)
[2025-10-31T04:18:38.719+0000][gc,phases     ] GC(769)   Pre Evacuate Collection Set: 0.0ms
[2025-10-31T04:18:38.720+0000][gc,phases     ] GC(769)   Evacuate Collection Set: 55.1ms
[2025-10-31T04:18:38.721+0000][gc,phases     ] GC(769)   Post Evacuate Collection Set: 4.2ms
[2025-10-31T04:18:38.722+0000][gc,phases     ] GC(769)   Other: 6.6ms
[2025-10-31T04:18:38.723+0000][gc,heap       ] GC(769) Eden regions: 22->0(23)
[2025-10-31T04:18:38.724+0000][gc,heap       ] GC(769) Survivor regions: 3->2(4)
[2025-10-31T04:18:38.726+0000][gc,heap       ] GC(769) Old regions: 143->145
[2025-10-31T04:18:38.727+0000][gc,heap       ] GC(769) Humongous regions: 147->147
[2025-10-31T04:18:38.728+0000][gc,metaspace  ] GC(769) Metaspace: 53303K(56752K)->53303K(56752K) NonClass: 47429K(49328K)->47429K(49328K) Class: 5873K(7424K)->5873K(7424K)
[2025-10-31T04:18:38.729+0000][gc            ] GC(769) Pause Young (Normal) (G1 Evacuation Pause) 314M->293M(512M) 76.132ms
[2025-10-31T04:18:38.730+0000][gc,cpu        ] GC(769) User=0.12s Sys=0.00s Real=0.08s
[2025-10-31T04:19:29.281+0000][gc,start      ] GC(770) Pause Young (Normal) (G1 Evacuation Pause)
[2025-10-31T04:19:29.284+0000][gc,task       ] GC(770) Using 2 workers of 2 for evacuation
[2025-10-31T04:19:29.375+0000][gc,mmu        ] GC(770) MMU target violated: 21.0ms (20.0ms/21.0ms)
[2025-10-31T04:19:29.376+0000][gc,phases     ] GC(770)   Pre Evacuate Collection Set: 0.1ms
[2025-10-31T04:19:29.382+0000][gc,phases     ] GC(770)   Evacuate Collection Set: 83.2ms
[2025-10-31T04:19:29.383+0000][gc,phases     ] GC(770)   Post Evacuate Collection Set: 5.4ms
[2025-10-31T04:19:29.387+0000][gc,phases     ] GC(770)   Other: 6.6ms
[2025-10-31T04:19:29.389+0000][gc,heap       ] GC(770) Eden regions: 23->0(21)
[2025-10-31T04:19:29.393+0000][gc,heap       ] GC(770) Survivor regions: 2->4(4)
[2025-10-31T04:19:29.397+0000][gc,heap       ] GC(770) Old regions: 145->145
[2025-10-31T04:19:29.399+0000][gc,heap       ] GC(770) Humongous regions: 147->147
[2025-10-31T04:19:29.400+0000][gc,metaspace  ] GC(770) Metaspace: 53303K(56752K)->53303K(56752K) NonClass: 47429K(49328K)->47429K(49328K) Class: 5873K(7424K)->5873K(7424K)
[2025-10-31T04:19:29.401+0000][gc            ] GC(770) Pause Young (Normal) (G1 Evacuation Pause) 316M->294M(512M) 120.027ms
[2025-10-31T04:19:29.403+0000][gc,cpu        ] GC(770) User=0.16s Sys=0.00s Real=0.12s
[2025-10-31T04:20:15.476+0000][gc,start      ] GC(771) Pause Young (Normal) (G1 Evacuation Pause)
[2025-10-31T04:20:15.476+0000][gc,task       ] GC(771) Using 2 workers of 2 for evacuation
[2025-10-31T04:20:15.528+0000][gc,mmu        ] GC(771) MMU target violated: 21.0ms (20.0ms/21.0ms)
[2025-10-31T04:20:15.529+0000][gc,phases     ] GC(771)   Pre Evacuate Collection Set: 0.2ms
[2025-10-31T04:20:15.530+0000][gc,phases     ] GC(771)   Evacuate Collection Set: 48.1ms
[2025-10-31T04:20:15.531+0000][gc,phases     ] GC(771)   Post Evacuate Collection Set: 2.4ms
[2025-10-31T04:20:15.532+0000][gc,phases     ] GC(771)   Other: 3.3ms
[2025-10-31T04:20:15.533+0000][gc,heap       ] GC(771) Eden regions: 21->0(21)
[2025-10-31T04:20:15.533+0000][gc,heap       ] GC(771) Survivor regions: 4->4(4)
[2025-10-31T04:20:15.534+0000][gc,heap       ] GC(771) Old regions: 145->147
[2025-10-31T04:20:15.535+0000][gc,heap       ] GC(771) Humongous regions: 147->147
[2025-10-31T04:20:15.536+0000][gc,metaspace  ] GC(771) Metaspace: 53303K(56752K)->53303K(56752K) NonClass: 47429K(49328K)->47429K(49328K) Class: 5873K(7424K)->5873K(7424K)
[2025-10-31T04:20:15.537+0000][gc            ] GC(771) Pause Young (Normal) (G1 Evacuation Pause) 315M->297M(512M) 61.317ms
[2025-10-31T04:20:15.538+0000][gc,cpu        ] GC(771) User=0.11s Sys=0.00s Real=0.07s
[2025-10-31T04:21:01.979+0000][gc,start      ] GC(772) Pause Young (Normal) (G1 Evacuation Pause)
[2025-10-31T04:21:01.985+0000][gc,task       ] GC(772) Using 2 workers of 2 for evacuation
[2025-10-31T04:21:02.129+0000][gc,mmu        ] GC(772) MMU target violated: 21.0ms (20.0ms/21.0ms)
[2025-10-31T04:21:02.131+0000][gc,phases     ] GC(772)   Pre Evacuate Collection Set: 0.1ms
[2025-10-31T04:21:02.132+0000][gc,phases     ] GC(772)   Evacuate Collection Set: 132.2ms
[2025-10-31T04:21:02.134+0000][gc,phases     ] GC(772)   Post Evacuate Collection Set: 5.0ms
[2025-10-31T04:21:02.136+0000][gc,phases     ] GC(772)   Other: 15.8ms
[2025-10-31T04:21:02.139+0000][gc,heap       ] GC(772) Eden regions: 21->0(22)
[2025-10-31T04:21:02.140+0000][gc,heap       ] GC(772) Survivor regions: 4->3(4)
[2025-10-31T04:21:02.142+0000][gc,heap       ] GC(772) Old regions: 147->149
[2025-10-31T04:21:02.143+0000][gc,heap       ] GC(772) Humongous regions: 147->147
[2025-10-31T04:21:02.144+0000][gc,metaspace  ] GC(772) Metaspace: 53303K(56752K)->53303K(56752K) NonClass: 47429K(49328K)->47429K(49328K) Class: 5873K(7424K)->5873K(7424K)
[2025-10-31T04:21:02.146+0000][gc            ] GC(772) Pause Young (Normal) (G1 Evacuation Pause) 318M->299M(512M) 167.953ms
[2025-10-31T04:21:02.148+0000][gc,cpu        ] GC(772) User=0.25s Sys=0.00s Real=0.16s
[2025-10-31T04:21:46.444+0000][gc,start      ] GC(773) Pause Young (Normal) (G1 Evacuation Pause)
[2025-10-31T04:21:46.445+0000][gc,task       ] GC(773) Using 2 workers of 2 for evacuation
[2025-10-31T04:21:46.492+0000][gc,mmu        ] GC(773) MMU target violated: 21.0ms (20.0ms/21.0ms)
[2025-10-31T04:21:46.493+0000][gc,phases     ] GC(773)   Pre Evacuate Collection Set: 0.1ms
[2025-10-31T04:21:46.494+0000][gc,phases     ] GC(773)   Evacuate Collection Set: 42.2ms
[2025-10-31T04:21:46.494+0000][gc,phases     ] GC(773)   Post Evacuate Collection Set: 2.6ms
[2025-10-31T04:21:46.495+0000][gc,phases     ] GC(773)   Other: 4.3ms
[2025-10-31T04:21:46.496+0000][gc,heap       ] GC(773) Eden regions: 22->0(22)
[2025-10-31T04:21:46.497+0000][gc,heap       ] GC(773) Survivor regions: 3->3(4)
[2025-10-31T04:21:46.498+0000][gc,heap       ] GC(773) Old regions: 149->151
[2025-10-31T04:21:46.499+0000][gc,heap       ] GC(773) Humongous regions: 147->147
[2025-10-31T04:21:46.500+0000][gc,metaspace  ] GC(773) Metaspace: 53303K(56752K)->53303K(56752K) NonClass: 47429K(49328K)->47429K(49328K) Class: 5873K(7424K)->5873K(7424K)
[2025-10-31T04:21:46.501+0000][gc            ] GC(773) Pause Young (Normal) (G1 Evacuation Pause) 321M->299M(512M) 57.021ms
[2025-10-31T04:21:46.502+0000][gc,cpu        ] GC(773) User=0.09s Sys=0.00s Real=0.06s
[2025-10-31T04:22:35.331+0000][gc,start      ] GC(774) Pause Young (Normal) (G1 Evacuation Pause)
[2025-10-31T04:22:35.332+0000][gc,task       ] GC(774) Using 2 workers of 2 for evacuation
[2025-10-31T04:22:35.391+0000][gc,mmu        ] GC(774) MMU target violated: 21.0ms (20.0ms/21.0ms)
[2025-10-31T04:22:35.392+0000][gc,phases     ] GC(774)   Pre Evacuate Collection Set: 0.0ms
[2025-10-31T04:22:35.393+0000][gc,phases     ] GC(774)   Evacuate Collection Set: 53.3ms
[2025-10-31T04:22:35.394+0000][gc,phases     ] GC(774)   Post Evacuate Collection Set: 3.8ms
[2025-10-31T04:22:35.395+0000][gc,phases     ] GC(774)   Other: 4.2ms
[2025-10-31T04:22:35.396+0000][gc,heap       ] GC(774) Eden regions: 22->0(22)
[2025-10-31T04:22:35.397+0000][gc,heap       ] GC(774) Survivor regions: 3->3(4)
[2025-10-31T04:22:35.398+0000][gc,heap       ] GC(774) Old regions: 151->152
[2025-10-31T04:22:35.400+0000][gc,heap       ] GC(774) Humongous regions: 147->147
[2025-10-31T04:22:35.401+0000][gc,metaspace  ] GC(774) Metaspace: 53303K(56752K)->53303K(56752K) NonClass: 47429K(49328K)->47429K(49328K) Class: 5873K(7424K)->5873K(7424K)
[2025-10-31T04:22:35.402+0000][gc            ] GC(774) Pause Young (Normal) (G1 Evacuation Pause) 321M->301M(512M) 70.938ms
[2025-10-31T04:22:35.403+0000][gc,cpu        ] GC(774) User=0.12s Sys=0.00s Real=0.07s
[2025-10-31T04:23:23.141+0000][gc,start      ] GC(775) Pause Young (Normal) (G1 Evacuation Pause)
[2025-10-31T04:23:23.144+0000][gc,task       ] GC(775) Using 2 workers of 2 for evacuation
[2025-10-31T04:23:23.232+0000][gc,mmu        ] GC(775) MMU target violated: 21.0ms (20.0ms/21.0ms)
[2025-10-31T04:23:23.233+0000][gc,phases     ] GC(775)   Pre Evacuate Collection Set: 0.1ms
[2025-10-31T04:23:23.234+0000][gc,phases     ] GC(775)   Evacuate Collection Set: 79.7ms
[2025-10-31T04:23:23.236+0000][gc,phases     ] GC(775)   Post Evacuate Collection Set: 4.8ms
[2025-10-31T04:23:23.238+0000][gc,phases     ] GC(775)   Other: 7.5ms
[2025-10-31T04:23:23.238+0000][gc,heap       ] GC(775) Eden regions: 22->0(22)
[2025-10-31T04:23:23.240+0000][gc,heap       ] GC(775) Survivor regions: 3->3(4)
[2025-10-31T04:23:23.243+0000][gc,heap       ] GC(775) Old regions: 152->152
[2025-10-31T04:23:23.244+0000][gc,heap       ] GC(775) Humongous regions: 147->147
[2025-10-31T04:23:23.245+0000][gc,metaspace  ] GC(775) Metaspace: 53303K(56752K)->53303K(56752K) NonClass: 47429K(49328K)->47429K(49328K) Class: 5873K(7424K)->5873K(7424K)
[2025-10-31T04:23:23.246+0000][gc            ] GC(775) Pause Young (Normal) (G1 Evacuation Pause) 323M->301M(512M) 105.157ms
[2025-10-31T04:23:23.250+0000][gc,cpu        ] GC(775) User=0.17s Sys=0.00s Real=0.11s
[2025-10-31T04:24:11.760+0000][gc,start      ] GC(776) Pause Young (Normal) (G1 Evacuation Pause)
[2025-10-31T04:24:11.761+0000][gc,task       ] GC(776) Using 2 workers of 2 for evacuation
[2025-10-31T04:24:11.818+0000][gc,mmu        ] GC(776) MMU target violated: 21.0ms (20.0ms/21.0ms)
[2025-10-31T04:24:11.819+0000][gc,phases     ] GC(776)   Pre Evacuate Collection Set: 0.0ms
[2025-10-31T04:24:11.819+0000][gc,phases     ] GC(776)   Evacuate Collection Set: 53.2ms
[2025-10-31T04:24:11.820+0000][gc,phases     ] GC(776)   Post Evacuate Collection Set: 2.8ms
[2025-10-31T04:24:11.821+0000][gc,phases     ] GC(776)   Other: 3.0ms
[2025-10-31T04:24:11.822+0000][gc,heap       ] GC(776) Eden regions: 22->0(21)
[2025-10-31T04:24:11.822+0000][gc,heap       ] GC(776) Survivor regions: 3->4(4)
[2025-10-31T04:24:11.823+0000][gc,heap       ] GC(776) Old regions: 152->154
[2025-10-31T04:24:11.824+0000][gc,heap       ] GC(776) Humongous regions: 147->147
[2025-10-31T04:24:11.825+0000][gc,metaspace  ] GC(776) Metaspace: 53303K(56752K)->53303K(56752K) NonClass: 47429K(49328K)->47429K(49328K) Class: 5873K(7424K)->5873K(7424K)
[2025-10-31T04:24:11.826+0000][gc            ] GC(776) Pause Young (Normal) (G1 Evacuation Pause) 323M->304M(512M) 66.574ms
[2025-10-31T04:24:11.827+0000][gc,cpu        ] GC(776) User=0.11s Sys=0.00s Real=0.07s
[2025-10-31T04:24:57.811+0000][gc,start      ] GC(777) Pause Young (Normal) (G1 Evacuation Pause)
[2025-10-31T04:24:57.813+0000][gc,task       ] GC(777) Using 2 workers of 2 for evacuation
[2025-10-31T04:24:57.864+0000][gc,mmu        ] GC(777) MMU target violated: 21.0ms (20.0ms/21.0ms)
[2025-10-31T04:24:57.866+0000][gc,phases     ] GC(777)   Pre Evacuate Collection Set: 0.0ms
[2025-10-31T04:24:57.867+0000][gc,phases     ] GC(777)   Evacuate Collection Set: 45.9ms
[2025-10-31T04:24:57.868+0000][gc,phases     ] GC(777)   Post Evacuate Collection Set: 3.2ms
[2025-10-31T04:24:57.869+0000][gc,phases     ] GC(777)   Other: 5.7ms
[2025-10-31T04:24:57.870+0000][gc,heap       ] GC(777) Eden regions: 21->0(21)
[2025-10-31T04:24:57.871+0000][gc,heap       ] GC(777) Survivor regions: 4->4(4)
[2025-10-31T04:24:57.872+0000][gc,heap       ] GC(777) Old regions: 154->156
[2025-10-31T04:24:57.873+0000][gc,heap       ] GC(777) Humongous regions: 147->147
[2025-10-31T04:24:57.874+0000][gc,metaspace  ] GC(777) Metaspace: 53303K(56752K)->53303K(56752K) NonClass: 47429K(49328K)->47429K(49328K) Class: 5873K(7424K)->5873K(7424K)
[2025-10-31T04:24:57.875+0000][gc            ] GC(777) Pause Young (Normal) (G1 Evacuation Pause) 325M->306M(512M) 63.180ms
[2025-10-31T04:24:57.875+0000][gc,cpu        ] GC(777) User=0.10s Sys=0.00s Real=0.06s
[2025-10-31T04:25:43.572+0000][gc,start      ] GC(778) Pause Young (Normal) (G1 Evacuation Pause)
[2025-10-31T04:25:43.574+0000][gc,task       ] GC(778) Using 2 workers of 2 for evacuation
[2025-10-31T04:25:43.629+0000][gc,mmu        ] GC(778) MMU target violated: 21.0ms (20.0ms/21.0ms)
[2025-10-31T04:25:43.630+0000][gc,phases     ] GC(778)   Pre Evacuate Collection Set: 0.0ms
[2025-10-31T04:25:43.631+0000][gc,phases     ] GC(778)   Evacuate Collection Set: 50.0ms
[2025-10-31T04:25:43.631+0000][gc,phases     ] GC(778)   Post Evacuate Collection Set: 3.1ms
[2025-10-31T04:25:43.633+0000][gc,phases     ] GC(778)   Other: 4.3ms
[2025-10-31T04:25:43.633+0000][gc,heap       ] GC(778) Eden regions: 21->0(22)
[2025-10-31T04:25:43.634+0000][gc,heap       ] GC(778) Survivor regions: 4->3(4)
[2025-10-31T04:25:43.635+0000][gc,heap       ] GC(778) Old regions: 156->158
[2025-10-31T04:25:43.636+0000][gc,heap       ] GC(778) Humongous regions: 147->147
[2025-10-31T04:25:43.637+0000][gc,metaspace  ] GC(778) Metaspace: 53303K(56752K)->53303K(56752K) NonClass: 47429K(49328K)->47429K(49328K) Class: 5873K(7424K)->5873K(7424K)
[2025-10-31T04:25:43.638+0000][gc            ] GC(778) Pause Young (Normal) (G1 Evacuation Pause) 327M->306M(512M) 65.299ms
[2025-10-31T04:25:43.638+0000][gc,cpu        ] GC(778) User=0.11s Sys=0.00s Real=0.06s
[2025-10-31T04:26:27.973+0000][gc,start      ] GC(779) Pause Young (Normal) (G1 Evacuation Pause)
[2025-10-31T04:26:27.975+0000][gc,task       ] GC(779) Using 2 workers of 2 for evacuation
[2025-10-31T04:26:28.069+0000][gc,mmu        ] GC(779) MMU target violated: 21.0ms (20.0ms/21.0ms)
[2025-10-31T04:26:28.070+0000][gc,phases     ] GC(779)   Pre Evacuate Collection Set: 0.1ms
[2025-10-31T04:26:28.072+0000][gc,phases     ] GC(779)   Evacuate Collection Set: 86.9ms
[2025-10-31T04:26:28.073+0000][gc,phases     ] GC(779)   Post Evacuate Collection Set: 4.0ms
[2025-10-31T04:26:28.074+0000][gc,phases     ] GC(779)   Other: 6.0ms
[2025-10-31T04:26:28.075+0000][gc,heap       ] GC(779) Eden regions: 22->0(22)
[2025-10-31T04:26:28.076+0000][gc,heap       ] GC(779) Survivor regions: 3->3(4)
[2025-10-31T04:26:28.077+0000][gc,heap       ] GC(779) Old regions: 158->159
[2025-10-31T04:26:28.078+0000][gc,heap       ] GC(779) Humongous regions: 147->147
[2025-10-31T04:26:28.080+0000][gc,metaspace  ] GC(779) Metaspace: 53303K(56752K)->53303K(56752K) NonClass: 47429K(49328K)->47429K(49328K) Class: 5873K(7424K)->5873K(7424K)
[2025-10-31T04:26:28.082+0000][gc            ] GC(779) Pause Young (Normal) (G1 Evacuation Pause) 328M->308M(512M) 108.759ms
[2025-10-31T04:26:28.084+0000][gc,cpu        ] GC(779) User=0.19s Sys=0.00s Real=0.11s
[2025-10-31T04:27:16.355+0000][gc,start      ] GC(780) Pause Young (Normal) (G1 Evacuation Pause)
[2025-10-31T04:27:16.356+0000][gc,task       ] GC(780) Using 2 workers of 2 for evacuation
[2025-10-31T04:27:16.414+0000][gc,mmu        ] GC(780) MMU target violated: 21.0ms (20.0ms/21.0ms)
[2025-10-31T04:27:16.416+0000][gc,phases     ] GC(780)   Pre Evacuate Collection Set: 0.1ms
[2025-10-31T04:27:16.416+0000][gc,phases     ] GC(780)   Evacuate Collection Set: 51.1ms
[2025-10-31T04:27:16.417+0000][gc,phases     ] GC(780)   Post Evacuate Collection Set: 4.6ms
[2025-10-31T04:27:16.418+0000][gc,phases     ] GC(780)   Other: 4.8ms
[2025-10-31T04:27:16.419+0000][gc,heap       ] GC(780) Eden regions: 22->0(23)
[2025-10-31T04:27:16.420+0000][gc,heap       ] GC(780) Survivor regions: 3->2(4)
[2025-10-31T04:27:16.421+0000][gc,heap       ] GC(780) Old regions: 159->161
[2025-10-31T04:27:16.422+0000][gc,heap       ] GC(780) Humongous regions: 147->147
[2025-10-31T04:27:16.423+0000][gc,metaspace  ] GC(780) Metaspace: 53303K(56752K)->53303K(56752K) NonClass: 47429K(49328K)->47429K(49328K) Class: 5873K(7424K)->5873K(7424K)
[2025-10-31T04:27:16.424+0000][gc            ] GC(780) Pause Young (Normal) (G1 Evacuation Pause) 330M->309M(512M) 68.842ms
[2025-10-31T04:27:16.425+0000][gc,cpu        ] GC(780) User=0.11s Sys=0.00s Real=0.07s
[2025-10-31T04:28:07.286+0000][gc,start      ] GC(781) Pause Young (Normal) (G1 Evacuation Pause)
[2025-10-31T04:28:07.288+0000][gc,task       ] GC(781) Using 2 workers of 2 for evacuation
[2025-10-31T04:28:07.349+0000][gc,mmu        ] GC(781) MMU target violated: 21.0ms (20.0ms/21.0ms)
[2025-10-31T04:28:07.350+0000][gc,phases     ] GC(781)   Pre Evacuate Collection Set: 0.0ms
[2025-10-31T04:28:07.351+0000][gc,phases     ] GC(781)   Evacuate Collection Set: 54.3ms
[2025-10-31T04:28:07.352+0000][gc,phases     ] GC(781)   Post Evacuate Collection Set: 4.7ms
[2025-10-31T04:28:07.354+0000][gc,phases     ] GC(781)   Other: 4.3ms
[2025-10-31T04:28:07.355+0000][gc,heap       ] GC(781) Eden regions: 23->0(22)
[2025-10-31T04:28:07.356+0000][gc,heap       ] GC(781) Survivor regions: 2->3(4)
[2025-10-31T04:28:07.358+0000][gc,heap       ] GC(781) Old regions: 161->161
[2025-10-31T04:28:07.359+0000][gc,heap       ] GC(781) Humongous regions: 147->147
[2025-10-31T04:28:07.360+0000][gc,metaspace  ] GC(781) Metaspace: 53303K(56752K)->53303K(56752K) NonClass: 47429K(49328K)->47429K(49328K) Class: 5873K(7424K)->5873K(7424K)
[2025-10-31T04:28:07.361+0000][gc            ] GC(781) Pause Young (Normal) (G1 Evacuation Pause) 332M->310M(512M) 74.374ms
[2025-10-31T04:28:07.362+0000][gc,cpu        ] GC(781) User=0.12s Sys=0.00s Real=0.07s
[2025-10-31T04:28:55.855+0000][gc,start      ] GC(782) Pause Young (Normal) (G1 Evacuation Pause)
[2025-10-31T04:28:55.858+0000][gc,task       ] GC(782) Using 2 workers of 2 for evacuation
[2025-10-31T04:28:55.951+0000][gc,mmu        ] GC(782) MMU target violated: 21.0ms (20.0ms/21.0ms)
[2025-10-31T04:28:55.952+0000][gc,phases     ] GC(782)   Pre Evacuate Collection Set: 0.0ms
[2025-10-31T04:28:55.953+0000][gc,phases     ] GC(782)   Evacuate Collection Set: 85.7ms
[2025-10-31T04:28:55.957+0000][gc,phases     ] GC(782)   Post Evacuate Collection Set: 4.9ms
[2025-10-31T04:28:55.959+0000][gc,phases     ] GC(782)   Other: 6.9ms
[2025-10-31T04:28:55.960+0000][gc,heap       ] GC(782) Eden regions: 22->0(21)
[2025-10-31T04:28:55.963+0000][gc,heap       ] GC(782) Survivor regions: 3->4(4)
[2025-10-31T04:28:55.969+0000][gc,heap       ] GC(782) Old regions: 161->163
[2025-10-31T04:28:55.971+0000][gc,heap       ] GC(782) Humongous regions: 147->147
[2025-10-31T04:28:55.972+0000][gc,metaspace  ] GC(782) Metaspace: 53303K(56752K)->53303K(56752K) NonClass: 47429K(49328K)->47429K(49328K) Class: 5873K(7424K)->5873K(7424K)
[2025-10-31T04:28:55.975+0000][gc            ] GC(782) Pause Young (Normal) (G1 Evacuation Pause) 332M->313M(512M) 120.078ms
[2025-10-31T04:28:55.977+0000][gc,cpu        ] GC(782) User=0.18s Sys=0.00s Real=0.13s
[2025-10-31T04:29:41.408+0000][gc,start      ] GC(783) Pause Young (Normal) (G1 Evacuation Pause)
[2025-10-31T04:29:41.414+0000][gc,task       ] GC(783) Using 2 workers of 2 for evacuation
[2025-10-31T04:29:41.554+0000][gc,mmu        ] GC(783) MMU target violated: 21.0ms (20.0ms/21.0ms)
[2025-10-31T04:29:41.555+0000][gc,phases     ] GC(783)   Pre Evacuate Collection Set: 0.1ms
[2025-10-31T04:29:41.557+0000][gc,phases     ] GC(783)   Evacuate Collection Set: 129.4ms
[2025-10-31T04:29:41.558+0000][gc,phases     ] GC(783)   Post Evacuate Collection Set: 7.4ms
[2025-10-31T04:29:41.560+0000][gc,phases     ] GC(783)   Other: 10.3ms
[2025-10-31T04:29:41.561+0000][gc,heap       ] GC(783) Eden regions: 21->0(22)
[2025-10-31T04:29:41.562+0000][gc,heap       ] GC(783) Survivor regions: 4->3(4)
[2025-10-31T04:29:41.564+0000][gc,heap       ] GC(783) Old regions: 163->165
[2025-10-31T04:29:41.571+0000][gc,heap       ] GC(783) Humongous regions: 147->147
[2025-10-31T04:29:41.576+0000][gc,metaspace  ] GC(783) Metaspace: 53303K(56752K)->53303K(56752K) NonClass: 47429K(49328K)->47429K(49328K) Class: 5873K(7424K)->5873K(7424K)
[2025-10-31T04:29:41.577+0000][gc            ] GC(783) Pause Young (Normal) (G1 Evacuation Pause) 334M->314M(512M) 168.818ms
[2025-10-31T04:29:41.579+0000][gc,cpu        ] GC(783) User=0.27s Sys=0.00s Real=0.17s
[2025-10-31T04:30:29.533+0000][gc,start      ] GC(784) Pause Young (Normal) (G1 Evacuation Pause)
[2025-10-31T04:30:29.534+0000][gc,task       ] GC(784) Using 2 workers of 2 for evacuation
[2025-10-31T04:30:29.580+0000][gc,mmu        ] GC(784) MMU target violated: 21.0ms (20.0ms/21.0ms)
[2025-10-31T04:30:29.581+0000][gc,phases     ] GC(784)   Pre Evacuate Collection Set: 0.0ms
[2025-10-31T04:30:29.582+0000][gc,phases     ] GC(784)   Evacuate Collection Set: 41.7ms
[2025-10-31T04:30:29.583+0000][gc,phases     ] GC(784)   Post Evacuate Collection Set: 3.0ms
[2025-10-31T04:30:29.584+0000][gc,phases     ] GC(784)   Other: 3.4ms
[2025-10-31T04:30:29.585+0000][gc,heap       ] GC(784) Eden regions: 22->0(22)
[2025-10-31T04:30:29.585+0000][gc,heap       ] GC(784) Survivor regions: 3->3(4)
[2025-10-31T04:30:29.588+0000][gc,heap       ] GC(784) Old regions: 165->167
[2025-10-31T04:30:29.589+0000][gc,heap       ] GC(784) Humongous regions: 147->147
[2025-10-31T04:30:29.591+0000][gc,metaspace  ] GC(784) Metaspace: 53303K(56752K)->53303K(56752K) NonClass: 47429K(49328K)->47429K(49328K) Class: 5873K(7424K)->5873K(7424K)
[2025-10-31T04:30:29.592+0000][gc            ] GC(784) Pause Young (Normal) (G1 Evacuation Pause) 336M->316M(512M) 59.205ms
[2025-10-31T04:30:29.595+0000][gc,cpu        ] GC(784) User=0.09s Sys=0.00s Real=0.06s
[2025-10-31T04:31:18.176+0000][gc,start      ] GC(785) Pause Young (Normal) (G1 Evacuation Pause)
[2025-10-31T04:31:18.177+0000][gc,task       ] GC(785) Using 2 workers of 2 for evacuation
[2025-10-31T04:31:18.230+0000][gc,mmu        ] GC(785) MMU target violated: 21.0ms (20.0ms/21.0ms)
[2025-10-31T04:31:18.231+0000][gc,phases     ] GC(785)   Pre Evacuate Collection Set: 0.1ms
[2025-10-31T04:31:18.232+0000][gc,phases     ] GC(785)   Evacuate Collection Set: 48.6ms
[2025-10-31T04:31:18.233+0000][gc,phases     ] GC(785)   Post Evacuate Collection Set: 2.8ms
[2025-10-31T04:31:18.234+0000][gc,phases     ] GC(785)   Other: 3.5ms
[2025-10-31T04:31:18.235+0000][gc,heap       ] GC(785) Eden regions: 22->0(22)
[2025-10-31T04:31:18.236+0000][gc,heap       ] GC(785) Survivor regions: 3->3(4)
[2025-10-31T04:31:18.237+0000][gc,heap       ] GC(785) Old regions: 167->168
[2025-10-31T04:31:18.238+0000][gc,heap       ] GC(785) Humongous regions: 147->147
[2025-10-31T04:31:18.239+0000][gc,metaspace  ] GC(785) Metaspace: 53303K(56752K)->53303K(56752K) NonClass: 47429K(49328K)->47429K(49328K) Class: 5873K(7424K)->5873K(7424K)
[2025-10-31T04:31:18.239+0000][gc            ] GC(785) Pause Young (Normal) (G1 Evacuation Pause) 338M->317M(512M) 63.081ms
[2025-10-31T04:31:18.241+0000][gc,cpu        ] GC(785) User=0.11s Sys=0.00s Real=0.06s
[2025-10-31T04:32:03.042+0000][gc,start      ] GC(786) Pause Young (Normal) (G1 Evacuation Pause)
[2025-10-31T04:32:03.045+0000][gc,task       ] GC(786) Using 2 workers of 2 for evacuation
[2025-10-31T04:32:03.143+0000][gc,mmu        ] GC(786) MMU target violated: 21.0ms (20.0ms/21.0ms)
[2025-10-31T04:32:03.145+0000][gc,phases     ] GC(786)   Pre Evacuate Collection Set: 0.1ms
[2025-10-31T04:32:03.146+0000][gc,phases     ] GC(786)   Evacuate Collection Set: 91.8ms
[2025-10-31T04:32:03.148+0000][gc,phases     ] GC(786)   Post Evacuate Collection Set: 3.0ms
[2025-10-31T04:32:03.149+0000][gc,phases     ] GC(786)   Other: 7.7ms
[2025-10-31T04:32:03.151+0000][gc,heap       ] GC(786) Eden regions: 22->0(23)
[2025-10-31T04:32:03.152+0000][gc,heap       ] GC(786) Survivor regions: 3->2(4)
[2025-10-31T04:32:03.156+0000][gc,heap       ] GC(786) Old regions: 168->170
[2025-10-31T04:32:03.157+0000][gc,heap       ] GC(786) Humongous regions: 147->147
[2025-10-31T04:32:03.158+0000][gc,metaspace  ] GC(786) Metaspace: 53303K(56752K)->53303K(56752K) NonClass: 47429K(49328K)->47429K(49328K) Class: 5873K(7424K)->5873K(7424K)
[2025-10-31T04:32:03.160+0000][gc            ] GC(786) Pause Young (Normal) (G1 Evacuation Pause) 339M->318M(512M) 117.777ms
[2025-10-31T04:32:03.161+0000][gc,cpu        ] GC(786) User=0.20s Sys=0.00s Real=0.12s
[2025-10-31T04:32:52.642+0000][gc,start      ] GC(787) Pause Young (Normal) (G1 Evacuation Pause)
[2025-10-31T04:32:52.645+0000][gc,task       ] GC(787) Using 2 workers of 2 for evacuation
[2025-10-31T04:32:52.728+0000][gc,mmu        ] GC(787) MMU target violated: 21.0ms (20.0ms/21.0ms)
[2025-10-31T04:32:52.732+0000][gc,phases     ] GC(787)   Pre Evacuate Collection Set: 0.1ms
[2025-10-31T04:32:52.733+0000][gc,phases     ] GC(787)   Evacuate Collection Set: 77.5ms
[2025-10-31T04:32:52.734+0000][gc,phases     ] GC(787)   Post Evacuate Collection Set: 2.8ms
[2025-10-31T04:32:52.735+0000][gc,phases     ] GC(787)   Other: 9.5ms
[2025-10-31T04:32:52.736+0000][gc,heap       ] GC(787) Eden regions: 23->0(22)
[2025-10-31T04:32:52.736+0000][gc,heap       ] GC(787) Survivor regions: 2->3(4)
[2025-10-31T04:32:52.737+0000][gc,heap       ] GC(787) Old regions: 170->170
[2025-10-31T04:32:52.738+0000][gc,heap       ] GC(787) Humongous regions: 147->147
[2025-10-31T04:32:52.739+0000][gc,metaspace  ] GC(787) Metaspace: 53303K(56752K)->53303K(56752K) NonClass: 47429K(49328K)->47429K(49328K) Class: 5873K(7424K)->5873K(7424K)
[2025-10-31T04:32:52.740+0000][gc            ] GC(787) Pause Young (Normal) (G1 Evacuation Pause) 341M->319M(512M) 97.416ms
[2025-10-31T04:32:52.741+0000][gc,cpu        ] GC(787) User=0.16s Sys=0.00s Real=0.10s
[2025-10-31T04:33:41.623+0000][gc,start      ] GC(788) Pause Young (Normal) (G1 Evacuation Pause)
[2025-10-31T04:33:41.625+0000][gc,task       ] GC(788) Using 2 workers of 2 for evacuation
[2025-10-31T04:33:41.759+0000][gc,mmu        ] GC(788) MMU target violated: 21.0ms (20.0ms/21.0ms)
[2025-10-31T04:33:41.761+0000][gc,phases     ] GC(788)   Pre Evacuate Collection Set: 0.1ms
[2025-10-31T04:33:41.762+0000][gc,phases     ] GC(788)   Evacuate Collection Set: 126.2ms
[2025-10-31T04:33:41.763+0000][gc,phases     ] GC(788)   Post Evacuate Collection Set: 4.8ms
[2025-10-31T04:33:41.764+0000][gc,phases     ] GC(788)   Other: 7.2ms
[2025-10-31T04:33:41.765+0000][gc,heap       ] GC(788) Eden regions: 22->0(21)
[2025-10-31T04:33:41.766+0000][gc,heap       ] GC(788) Survivor regions: 3->4(4)
[2025-10-31T04:33:41.768+0000][gc,heap       ] GC(788) Old regions: 170->172
[2025-10-31T04:33:41.769+0000][gc,heap       ] GC(788) Humongous regions: 147->147
[2025-10-31T04:33:41.771+0000][gc,metaspace  ] GC(788) Metaspace: 53303K(56752K)->53303K(56752K) NonClass: 47429K(49328K)->47429K(49328K) Class: 5873K(7424K)->5873K(7424K)
[2025-10-31T04:33:41.773+0000][gc            ] GC(788) Pause Young (Normal) (G1 Evacuation Pause) 341M->322M(512M) 150.682ms
[2025-10-31T04:33:41.774+0000][gc,cpu        ] GC(788) User=0.27s Sys=0.00s Real=0.15s
[2025-10-31T04:34:27.398+0000][gc,start      ] GC(789) Pause Young (Normal) (G1 Evacuation Pause)
[2025-10-31T04:34:27.400+0000][gc,task       ] GC(789) Using 2 workers of 2 for evacuation
[2025-10-31T04:34:27.468+0000][gc,mmu        ] GC(789) MMU target violated: 21.0ms (20.0ms/21.0ms)
[2025-10-31T04:34:27.469+0000][gc,phases     ] GC(789)   Pre Evacuate Collection Set: 0.1ms
[2025-10-31T04:34:27.470+0000][gc,phases     ] GC(789)   Evacuate Collection Set: 62.6ms
[2025-10-31T04:34:27.470+0000][gc,phases     ] GC(789)   Post Evacuate Collection Set: 2.4ms
[2025-10-31T04:34:27.471+0000][gc,phases     ] GC(789)   Other: 6.2ms
[2025-10-31T04:34:27.472+0000][gc,heap       ] GC(789) Eden regions: 21->0(21)
[2025-10-31T04:34:27.473+0000][gc,heap       ] GC(789) Survivor regions: 4->4(4)
[2025-10-31T04:34:27.473+0000][gc,heap       ] GC(789) Old regions: 172->174
[2025-10-31T04:34:27.474+0000][gc,heap       ] GC(789) Humongous regions: 147->147
[2025-10-31T04:34:27.475+0000][gc,metaspace  ] GC(789) Metaspace: 53303K(56752K)->53303K(56752K) NonClass: 47429K(49328K)->47429K(49328K) Class: 5873K(7424K)->5873K(7424K)
[2025-10-31T04:34:27.476+0000][gc            ] GC(789) Pause Young (Normal) (G1 Evacuation Pause) 343M->324M(512M) 78.401ms
[2025-10-31T04:34:27.477+0000][gc,cpu        ] GC(789) User=0.13s Sys=0.00s Real=0.08s
[2025-10-31T04:35:13.392+0000][gc,start      ] GC(790) Pause Young (Normal) (G1 Evacuation Pause)
[2025-10-31T04:35:13.392+0000][gc,task       ] GC(790) Using 2 workers of 2 for evacuation
[2025-10-31T04:35:13.439+0000][gc,mmu        ] GC(790) MMU target violated: 21.0ms (20.0ms/21.0ms)
[2025-10-31T04:35:13.440+0000][gc,phases     ] GC(790)   Pre Evacuate Collection Set: 0.2ms
[2025-10-31T04:35:13.440+0000][gc,phases     ] GC(790)   Evacuate Collection Set: 42.2ms
[2025-10-31T04:35:13.441+0000][gc,phases     ] GC(790)   Post Evacuate Collection Set: 2.5ms
[2025-10-31T04:35:13.442+0000][gc,phases     ] GC(790)   Other: 3.2ms
[2025-10-31T04:35:13.443+0000][gc,heap       ] GC(790) Eden regions: 21->0(22)
[2025-10-31T04:35:13.444+0000][gc,heap       ] GC(790) Survivor regions: 4->3(4)
[2025-10-31T04:35:13.445+0000][gc,heap       ] GC(790) Old regions: 174->176
[2025-10-31T04:35:13.445+0000][gc,heap       ] GC(790) Humongous regions: 147->147
[2025-10-31T04:35:13.446+0000][gc,metaspace  ] GC(790) Metaspace: 53303K(56752K)->53303K(56752K) NonClass: 47429K(49328K)->47429K(49328K) Class: 5873K(7424K)->5873K(7424K)
[2025-10-31T04:35:13.447+0000][gc            ] GC(790) Pause Young (Normal) (G1 Evacuation Pause) 345M->325M(512M) 55.609ms
[2025-10-31T04:35:13.448+0000][gc,cpu        ] GC(790) User=0.09s Sys=0.00s Real=0.05s
[2025-10-31T04:36:01.513+0000][gc,start      ] GC(791) Pause Young (Normal) (G1 Evacuation Pause)
[2025-10-31T04:36:01.514+0000][gc,task       ] GC(791) Using 2 workers of 2 for evacuation
[2025-10-31T04:36:01.563+0000][gc,mmu        ] GC(791) MMU target violated: 21.0ms (20.0ms/21.0ms)
[2025-10-31T04:36:01.565+0000][gc,phases     ] GC(791)   Pre Evacuate Collection Set: 0.0ms
[2025-10-31T04:36:01.566+0000][gc,phases     ] GC(791)   Evacuate Collection Set: 43.5ms
[2025-10-31T04:36:01.567+0000][gc,phases     ] GC(791)   Post Evacuate Collection Set: 4.4ms
[2025-10-31T04:36:01.568+0000][gc,phases     ] GC(791)   Other: 4.3ms
[2025-10-31T04:36:01.569+0000][gc,heap       ] GC(791) Eden regions: 22->0(22)
[2025-10-31T04:36:01.570+0000][gc,heap       ] GC(791) Survivor regions: 3->3(4)
[2025-10-31T04:36:01.571+0000][gc,heap       ] GC(791) Old regions: 176->177
[2025-10-31T04:36:01.572+0000][gc,heap       ] GC(791) Humongous regions: 147->147
[2025-10-31T04:36:01.573+0000][gc,metaspace  ] GC(791) Metaspace: 53303K(56752K)->53303K(56752K) NonClass: 47429K(49328K)->47429K(49328K) Class: 5873K(7424K)->5873K(7424K)
[2025-10-31T04:36:01.574+0000][gc            ] GC(791) Pause Young (Normal) (G1 Evacuation Pause) 347M->326M(512M) 60.640ms
[2025-10-31T04:36:01.574+0000][gc,cpu        ] GC(791) User=0.09s Sys=0.00s Real=0.06s
[2025-10-31T04:36:46.240+0000][gc,start      ] GC(792) Pause Young (Normal) (G1 Evacuation Pause)
[2025-10-31T04:36:46.242+0000][gc,task       ] GC(792) Using 2 workers of 2 for evacuation
[2025-10-31T04:36:46.303+0000][gc,mmu        ] GC(792) MMU target violated: 21.0ms (20.0ms/21.0ms)
[2025-10-31T04:36:46.305+0000][gc,phases     ] GC(792)   Pre Evacuate Collection Set: 0.0ms
[2025-10-31T04:36:46.306+0000][gc,phases     ] GC(792)   Evacuate Collection Set: 52.9ms
[2025-10-31T04:36:46.309+0000][gc,phases     ] GC(792)   Post Evacuate Collection Set: 6.7ms
[2025-10-31T04:36:46.310+0000][gc,phases     ] GC(792)   Other: 5.1ms
[2025-10-31T04:36:46.311+0000][gc,heap       ] GC(792) Eden regions: 22->0(23)
[2025-10-31T04:36:46.312+0000][gc,heap       ] GC(792) Survivor regions: 3->2(4)
[2025-10-31T04:36:46.313+0000][gc,heap       ] GC(792) Old regions: 177->179
[2025-10-31T04:36:46.314+0000][gc,heap       ] GC(792) Humongous regions: 147->147
[2025-10-31T04:36:46.315+0000][gc,metaspace  ] GC(792) Metaspace: 53303K(56752K)->53303K(56752K) NonClass: 47429K(49328K)->47429K(49328K) Class: 5873K(7424K)->5873K(7424K)
[2025-10-31T04:36:46.317+0000][gc            ] GC(792) Pause Young (Normal) (G1 Evacuation Pause) 348M->327M(512M) 76.460ms
[2025-10-31T04:36:46.318+0000][gc,cpu        ] GC(792) User=0.12s Sys=0.00s Real=0.08s
[2025-10-31T04:37:36.502+0000][gc,start      ] GC(793) Pause Young (Normal) (G1 Evacuation Pause)
[2025-10-31T04:37:36.504+0000][gc,task       ] GC(793) Using 2 workers of 2 for evacuation
[2025-10-31T04:37:36.611+0000][gc,mmu        ] GC(793) MMU target violated: 21.0ms (20.0ms/21.0ms)
[2025-10-31T04:37:36.613+0000][gc,phases     ] GC(793)   Pre Evacuate Collection Set: 0.1ms
[2025-10-31T04:37:36.614+0000][gc,phases     ] GC(793)   Evacuate Collection Set: 96.9ms
[2025-10-31T04:37:36.616+0000][gc,phases     ] GC(793)   Post Evacuate Collection Set: 5.8ms
[2025-10-31T04:37:36.617+0000][gc,phases     ] GC(793)   Other: 8.4ms
[2025-10-31T04:37:36.620+0000][gc,heap       ] GC(793) Eden regions: 23->0(22)
[2025-10-31T04:37:36.620+0000][gc,heap       ] GC(793) Survivor regions: 2->3(4)
[2025-10-31T04:37:36.623+0000][gc,heap       ] GC(793) Old regions: 179->179
[2025-10-31T04:37:36.627+0000][gc,heap       ] GC(793) Humongous regions: 147->147
[2025-10-31T04:37:36.629+0000][gc,metaspace  ] GC(793) Metaspace: 53303K(56752K)->53303K(56752K) NonClass: 47429K(49328K)->47429K(49328K) Class: 5873K(7424K)->5873K(7424K)
[2025-10-31T04:37:36.633+0000][gc            ] GC(793) Pause Young (Normal) (G1 Evacuation Pause) 350M->328M(512M) 130.913ms
[2025-10-31T04:37:36.634+0000][gc,cpu        ] GC(793) User=0.18s Sys=0.00s Real=0.14s
[2025-10-31T04:38:25.479+0000][gc,start      ] GC(794) Pause Young (Normal) (G1 Evacuation Pause)
[2025-10-31T04:38:25.480+0000][gc,task       ] GC(794) Using 2 workers of 2 for evacuation
[2025-10-31T04:38:25.589+0000][gc,mmu        ] GC(794) MMU target violated: 21.0ms (20.0ms/21.0ms)
[2025-10-31T04:38:25.590+0000][gc,phases     ] GC(794)   Pre Evacuate Collection Set: 0.0ms
[2025-10-31T04:38:25.592+0000][gc,phases     ] GC(794)   Evacuate Collection Set: 105.1ms
[2025-10-31T04:38:25.593+0000][gc,phases     ] GC(794)   Post Evacuate Collection Set: 2.1ms
[2025-10-31T04:38:25.594+0000][gc,phases     ] GC(794)   Other: 4.1ms
[2025-10-31T04:38:25.595+0000][gc,heap       ] GC(794) Eden regions: 22->0(21)
[2025-10-31T04:38:25.596+0000][gc,heap       ] GC(794) Survivor regions: 3->4(4)
[2025-10-31T04:38:25.597+0000][gc,heap       ] GC(794) Old regions: 179->180
[2025-10-31T04:38:25.598+0000][gc,heap       ] GC(794) Humongous regions: 147->147
[2025-10-31T04:38:25.599+0000][gc,metaspace  ] GC(794) Metaspace: 53303K(56752K)->53303K(56752K) NonClass: 47429K(49328K)->47429K(49328K) Class: 5873K(7424K)->5873K(7424K)
[2025-10-31T04:38:25.600+0000][gc            ] GC(794) Pause Young (Normal) (G1 Evacuation Pause) 350M->331M(512M) 120.798ms
[2025-10-31T04:38:25.602+0000][gc,cpu        ] GC(794) User=0.22s Sys=0.00s Real=0.12s
[2025-10-31T04:39:11.015+0000][gc,start      ] GC(795) Pause Young (Normal) (G1 Evacuation Pause)
[2025-10-31T04:39:11.017+0000][gc,task       ] GC(795) Using 2 workers of 2 for evacuation
[2025-10-31T04:39:11.086+0000][gc,mmu        ] GC(795) MMU target violated: 21.0ms (20.0ms/21.0ms)
[2025-10-31T04:39:11.087+0000][gc,phases     ] GC(795)   Pre Evacuate Collection Set: 0.0ms
[2025-10-31T04:39:11.088+0000][gc,phases     ] GC(795)   Evacuate Collection Set: 63.2ms
[2025-10-31T04:39:11.089+0000][gc,phases     ] GC(795)   Post Evacuate Collection Set: 2.7ms
[2025-10-31T04:39:11.090+0000][gc,phases     ] GC(795)   Other: 6.0ms
[2025-10-31T04:39:11.091+0000][gc,heap       ] GC(795) Eden regions: 21->0(22)
[2025-10-31T04:39:11.092+0000][gc,heap       ] GC(795) Survivor regions: 4->3(4)
[2025-10-31T04:39:11.094+0000][gc,heap       ] GC(795) Old regions: 180->183
[2025-10-31T04:39:11.095+0000][gc,heap       ] GC(795) Humongous regions: 147->147
[2025-10-31T04:39:11.095+0000][gc,metaspace  ] GC(795) Metaspace: 53303K(56752K)->53303K(56752K) NonClass: 47429K(49328K)->47429K(49328K) Class: 5873K(7424K)->5873K(7424K)
[2025-10-31T04:39:11.097+0000][gc            ] GC(795) Pause Young (Normal) (G1 Evacuation Pause) 352M->332M(512M) 81.609ms
[2025-10-31T04:39:11.098+0000][gc,cpu        ] GC(795) User=0.14s Sys=0.00s Real=0.08s
[2025-10-31T04:39:59.227+0000][gc,start      ] GC(796) Pause Young (Normal) (G1 Evacuation Pause)
[2025-10-31T04:39:59.228+0000][gc,task       ] GC(796) Using 2 workers of 2 for evacuation
[2025-10-31T04:39:59.286+0000][gc,mmu        ] GC(796) MMU target violated: 21.0ms (20.0ms/21.0ms)
[2025-10-31T04:39:59.286+0000][gc,phases     ] GC(796)   Pre Evacuate Collection Set: 0.0ms
[2025-10-31T04:39:59.287+0000][gc,phases     ] GC(796)   Evacuate Collection Set: 54.4ms
[2025-10-31T04:39:59.288+0000][gc,phases     ] GC(796)   Post Evacuate Collection Set: 2.3ms
[2025-10-31T04:39:59.289+0000][gc,phases     ] GC(796)   Other: 3.0ms
[2025-10-31T04:39:59.289+0000][gc,heap       ] GC(796) Eden regions: 22->0(22)
[2025-10-31T04:39:59.290+0000][gc,heap       ] GC(796) Survivor regions: 3->3(4)
[2025-10-31T04:39:59.291+0000][gc,heap       ] GC(796) Old regions: 183->184
[2025-10-31T04:39:59.292+0000][gc,heap       ] GC(796) Humongous regions: 147->147
[2025-10-31T04:39:59.294+0000][gc,metaspace  ] GC(796) Metaspace: 53303K(56752K)->53303K(56752K) NonClass: 47429K(49328K)->47429K(49328K) Class: 5873K(7424K)->5873K(7424K)
[2025-10-31T04:39:59.295+0000][gc            ] GC(796) Pause Young (Normal) (G1 Evacuation Pause) 354M->333M(512M) 68.345ms
[2025-10-31T04:39:59.296+0000][gc,cpu        ] GC(796) User=0.12s Sys=0.00s Real=0.07s
[2025-10-31T04:40:47.845+0000][gc,start      ] GC(797) Pause Young (Normal) (G1 Evacuation Pause)
[2025-10-31T04:40:47.846+0000][gc,task       ] GC(797) Using 2 workers of 2 for evacuation
[2025-10-31T04:40:47.888+0000][gc,mmu        ] GC(797) MMU target violated: 21.0ms (20.0ms/21.0ms)
[2025-10-31T04:40:47.889+0000][gc,phases     ] GC(797)   Pre Evacuate Collection Set: 0.0ms
[2025-10-31T04:40:47.890+0000][gc,phases     ] GC(797)   Evacuate Collection Set: 37.9ms
[2025-10-31T04:40:47.891+0000][gc,phases     ] GC(797)   Post Evacuate Collection Set: 3.1ms
[2025-10-31T04:40:47.892+0000][gc,phases     ] GC(797)   Other: 3.1ms
[2025-10-31T04:40:47.892+0000][gc,heap       ] GC(797) Eden regions: 22->0(22)
[2025-10-31T04:40:47.893+0000][gc,heap       ] GC(797) Survivor regions: 3->3(4)
[2025-10-31T04:40:47.894+0000][gc,heap       ] GC(797) Old regions: 184->186
[2025-10-31T04:40:47.895+0000][gc,heap       ] GC(797) Humongous regions: 147->147
[2025-10-31T04:40:47.895+0000][gc,metaspace  ] GC(797) Metaspace: 53303K(56752K)->53303K(56752K) NonClass: 47429K(49328K)->47429K(49328K) Class: 5873K(7424K)->5873K(7424K)
[2025-10-31T04:40:47.896+0000][gc            ] GC(797) Pause Young (Normal) (G1 Evacuation Pause) 355M->334M(512M) 50.796ms
[2025-10-31T04:40:47.897+0000][gc,cpu        ] GC(797) User=0.09s Sys=0.00s Real=0.06s
[2025-10-31T04:41:32.359+0000][gc,start      ] GC(798) Pause Young (Normal) (G1 Evacuation Pause)
[2025-10-31T04:41:32.360+0000][gc,task       ] GC(798) Using 2 workers of 2 for evacuation
[2025-10-31T04:41:32.424+0000][gc,mmu        ] GC(798) MMU target violated: 21.0ms (20.0ms/21.0ms)
[2025-10-31T04:41:32.426+0000][gc,phases     ] GC(798)   Pre Evacuate Collection Set: 0.0ms
[2025-10-31T04:41:32.428+0000][gc,phases     ] GC(798)   Evacuate Collection Set: 53.0ms
[2025-10-31T04:41:32.430+0000][gc,phases     ] GC(798)   Post Evacuate Collection Set: 9.0ms
[2025-10-31T04:41:32.431+0000][gc,phases     ] GC(798)   Other: 5.4ms
[2025-10-31T04:41:32.434+0000][gc,heap       ] GC(798) Eden regions: 22->0(23)
[2025-10-31T04:41:32.435+0000][gc,heap       ] GC(798) Survivor regions: 3->2(4)
[2025-10-31T04:41:32.438+0000][gc,heap       ] GC(798) Old regions: 186->187
[2025-10-31T04:41:32.439+0000][gc,heap       ] GC(798) Humongous regions: 147->147
[2025-10-31T04:41:32.439+0000][gc,metaspace  ] GC(798) Metaspace: 53303K(56752K)->53303K(56752K) NonClass: 47429K(49328K)->47429K(49328K) Class: 5873K(7424K)->5873K(7424K)
[2025-10-31T04:41:32.442+0000][gc            ] GC(798) Pause Young (Normal) (G1 Evacuation Pause) 356M->335M(512M) 82.794ms
[2025-10-31T04:41:32.443+0000][gc,cpu        ] GC(798) User=0.13s Sys=0.00s Real=0.09s
[2025-10-31T04:42:22.788+0000][gc,start      ] GC(799) Pause Young (Normal) (G1 Evacuation Pause)
[2025-10-31T04:42:22.790+0000][gc,task       ] GC(799) Using 2 workers of 2 for evacuation
[2025-10-31T04:42:22.890+0000][gc,mmu        ] GC(799) MMU target violated: 21.0ms (20.0ms/21.0ms)
[2025-10-31T04:42:22.892+0000][gc,phases     ] GC(799)   Pre Evacuate Collection Set: 0.2ms
[2025-10-31T04:42:22.893+0000][gc,phases     ] GC(799)   Evacuate Collection Set: 93.2ms
[2025-10-31T04:42:22.894+0000][gc,phases     ] GC(799)   Post Evacuate Collection Set: 2.6ms
[2025-10-31T04:42:22.895+0000][gc,phases     ] GC(799)   Other: 8.7ms
[2025-10-31T04:42:22.898+0000][gc,heap       ] GC(799) Eden regions: 23->0(22)
[2025-10-31T04:42:22.900+0000][gc,heap       ] GC(799) Survivor regions: 2->3(4)
[2025-10-31T04:42:22.901+0000][gc,heap       ] GC(799) Old regions: 187->187
[2025-10-31T04:42:22.902+0000][gc,heap       ] GC(799) Humongous regions: 147->147
[2025-10-31T04:42:22.904+0000][gc,metaspace  ] GC(799) Metaspace: 53303K(56752K)->53303K(56752K) NonClass: 47429K(49328K)->47429K(49328K) Class: 5873K(7424K)->5873K(7424K)
[2025-10-31T04:42:22.906+0000][gc            ] GC(799) Pause Young (Normal) (G1 Evacuation Pause) 358M->336M(512M) 117.944ms
[2025-10-31T04:42:22.913+0000][gc,cpu        ] GC(799) User=0.18s Sys=0.00s Real=0.12s
[2025-10-31T04:43:11.414+0000][gc,start      ] GC(800) Pause Young (Normal) (G1 Evacuation Pause)
[2025-10-31T04:43:11.417+0000][gc,task       ] GC(800) Using 2 workers of 2 for evacuation
[2025-10-31T04:43:11.505+0000][gc,mmu        ] GC(800) MMU target violated: 21.0ms (20.0ms/21.0ms)
[2025-10-31T04:43:11.506+0000][gc,phases     ] GC(800)   Pre Evacuate Collection Set: 0.0ms
[2025-10-31T04:43:11.507+0000][gc,phases     ] GC(800)   Evacuate Collection Set: 83.0ms
[2025-10-31T04:43:11.508+0000][gc,phases     ] GC(800)   Post Evacuate Collection Set: 3.2ms
[2025-10-31T04:43:11.509+0000][gc,phases     ] GC(800)   Other: 6.6ms
[2025-10-31T04:43:11.509+0000][gc,heap       ] GC(800) Eden regions: 22->0(21)
[2025-10-31T04:43:11.510+0000][gc,heap       ] GC(800) Survivor regions: 3->4(4)
[2025-10-31T04:43:11.511+0000][gc,heap       ] GC(800) Old regions: 187->189
[2025-10-31T04:43:11.512+0000][gc,heap       ] GC(800) Humongous regions: 147->147
[2025-10-31T04:43:11.513+0000][gc,metaspace  ] GC(800) Metaspace: 53303K(56752K)->53303K(56752K) NonClass: 47429K(49328K)->47429K(49328K) Class: 5873K(7424K)->5873K(7424K)
[2025-10-31T04:43:11.514+0000][gc            ] GC(800) Pause Young (Normal) (G1 Evacuation Pause) 358M->339M(512M) 100.451ms
[2025-10-31T04:43:11.515+0000][gc,cpu        ] GC(800) User=0.18s Sys=0.00s Real=0.10s
[2025-10-31T04:43:57.235+0000][gc,start      ] GC(801) Pause Young (Normal) (G1 Evacuation Pause)
[2025-10-31T04:43:57.236+0000][gc,task       ] GC(801) Using 2 workers of 2 for evacuation
[2025-10-31T04:43:57.317+0000][gc,mmu        ] GC(801) MMU target violated: 21.0ms (20.0ms/21.0ms)
[2025-10-31T04:43:57.319+0000][gc,phases     ] GC(801)   Pre Evacuate Collection Set: 0.1ms
[2025-10-31T04:43:57.321+0000][gc,phases     ] GC(801)   Evacuate Collection Set: 74.2ms
[2025-10-31T04:43:57.321+0000][gc,phases     ] GC(801)   Post Evacuate Collection Set: 3.7ms
[2025-10-31T04:43:57.322+0000][gc,phases     ] GC(801)   Other: 6.7ms
[2025-10-31T04:43:57.323+0000][gc,heap       ] GC(801) Eden regions: 21->0(21)
[2025-10-31T04:43:57.325+0000][gc,heap       ] GC(801) Survivor regions: 4->4(4)
[2025-10-31T04:43:57.328+0000][gc,heap       ] GC(801) Old regions: 189->191
[2025-10-31T04:43:57.334+0000][gc,heap       ] GC(801) Humongous regions: 147->147
[2025-10-31T04:43:57.336+0000][gc,metaspace  ] GC(801) Metaspace: 53303K(56752K)->53303K(56752K) NonClass: 47429K(49328K)->47429K(49328K) Class: 5873K(7424K)->5873K(7424K)
[2025-10-31T04:43:57.338+0000][gc            ] GC(801) Pause Young (Normal) (G1 Evacuation Pause) 360M->340M(512M) 103.543ms
[2025-10-31T04:43:57.340+0000][gc,cpu        ] GC(801) User=0.16s Sys=0.00s Real=0.10s
[2025-10-31T04:44:42.972+0000][gc,start      ] GC(802) Pause Young (Normal) (G1 Evacuation Pause)
[2025-10-31T04:44:42.973+0000][gc,task       ] GC(802) Using 2 workers of 2 for evacuation
[2025-10-31T04:44:43.037+0000][gc,mmu        ] GC(802) MMU target violated: 21.0ms (20.0ms/21.0ms)
[2025-10-31T04:44:43.040+0000][gc,phases     ] GC(802)   Pre Evacuate Collection Set: 0.0ms
[2025-10-31T04:44:43.043+0000][gc,phases     ] GC(802)   Evacuate Collection Set: 55.1ms
[2025-10-31T04:44:43.044+0000][gc,phases     ] GC(802)   Post Evacuate Collection Set: 7.1ms
[2025-10-31T04:44:43.045+0000][gc,phases     ] GC(802)   Other: 6.1ms
[2025-10-31T04:44:43.047+0000][gc,heap       ] GC(802) Eden regions: 21->0(22)
[2025-10-31T04:44:43.050+0000][gc,heap       ] GC(802) Survivor regions: 4->3(4)
[2025-10-31T04:44:43.051+0000][gc,heap       ] GC(802) Old regions: 191->192
[2025-10-31T04:44:43.053+0000][gc,heap       ] GC(802) Humongous regions: 147->147
[2025-10-31T04:44:43.059+0000][gc,metaspace  ] GC(802) Metaspace: 53303K(56752K)->53303K(56752K) NonClass: 47429K(49328K)->47429K(49328K) Class: 5873K(7424K)->5873K(7424K)
[2025-10-31T04:44:43.060+0000][gc            ] GC(802) Pause Young (Normal) (G1 Evacuation Pause) 361M->341M(512M) 88.290ms
[2025-10-31T04:44:43.061+0000][gc,cpu        ] GC(802) User=0.12s Sys=0.00s Real=0.09s
[2025-10-31T04:45:31.728+0000][gc,start      ] GC(803) Pause Young (Normal) (G1 Evacuation Pause)
[2025-10-31T04:45:31.733+0000][gc,task       ] GC(803) Using 2 workers of 2 for evacuation
[2025-10-31T04:45:31.816+0000][gc,mmu        ] GC(803) MMU target violated: 21.0ms (20.0ms/21.0ms)
[2025-10-31T04:45:31.818+0000][gc,phases     ] GC(803)   Pre Evacuate Collection Set: 0.1ms
[2025-10-31T04:45:31.819+0000][gc,phases     ] GC(803)   Evacuate Collection Set: 77.2ms
[2025-10-31T04:45:31.820+0000][gc,phases     ] GC(803)   Post Evacuate Collection Set: 3.5ms
[2025-10-31T04:45:31.821+0000][gc,phases     ] GC(803)   Other: 9.1ms
[2025-10-31T04:45:31.822+0000][gc,heap       ] GC(803) Eden regions: 22->0(22)
[2025-10-31T04:45:31.822+0000][gc,heap       ] GC(803) Survivor regions: 3->3(4)
[2025-10-31T04:45:31.823+0000][gc,heap       ] GC(803) Old regions: 192->194
[2025-10-31T04:45:31.824+0000][gc,heap       ] GC(803) Humongous regions: 147->147
[2025-10-31T04:45:31.825+0000][gc,metaspace  ] GC(803) Metaspace: 53303K(56752K)->53303K(56752K) NonClass: 47429K(49328K)->47429K(49328K) Class: 5873K(7424K)->5873K(7424K)
[2025-10-31T04:45:31.826+0000][gc            ] GC(803) Pause Young (Normal) (G1 Evacuation Pause) 363M->342M(512M) 97.521ms
[2025-10-31T04:45:31.827+0000][gc,cpu        ] GC(803) User=0.16s Sys=0.00s Real=0.10s
[2025-10-31T04:46:19.756+0000][gc,start      ] GC(804) Pause Young (Normal) (G1 Evacuation Pause)
[2025-10-31T04:46:19.758+0000][gc,task       ] GC(804) Using 2 workers of 2 for evacuation
[2025-10-31T04:46:19.842+0000][gc,mmu        ] GC(804) MMU target violated: 21.0ms (20.0ms/21.0ms)
[2025-10-31T04:46:19.843+0000][gc,phases     ] GC(804)   Pre Evacuate Collection Set: 0.1ms
[2025-10-31T04:46:19.845+0000][gc,phases     ] GC(804)   Evacuate Collection Set: 77.1ms
[2025-10-31T04:46:19.846+0000][gc,phases     ] GC(804)   Post Evacuate Collection Set: 3.4ms
[2025-10-31T04:46:19.847+0000][gc,phases     ] GC(804)   Other: 6.3ms
[2025-10-31T04:46:19.847+0000][gc,heap       ] GC(804) Eden regions: 22->0(23)
[2025-10-31T04:46:19.848+0000][gc,heap       ] GC(804) Survivor regions: 3->2(4)
[2025-10-31T04:46:19.850+0000][gc,heap       ] GC(804) Old regions: 194->195
[2025-10-31T04:46:19.851+0000][gc,heap       ] GC(804) Humongous regions: 147->147
[2025-10-31T04:46:19.852+0000][gc,metaspace  ] GC(804) Metaspace: 53303K(56752K)->53303K(56752K) NonClass: 47429K(49328K)->47429K(49328K) Class: 5873K(7424K)->5873K(7424K)
[2025-10-31T04:46:19.853+0000][gc            ] GC(804) Pause Young (Normal) (G1 Evacuation Pause) 364M->343M(512M) 96.532ms
[2025-10-31T04:46:19.854+0000][gc,cpu        ] GC(804) User=0.17s Sys=0.00s Real=0.10s
[2025-10-31T04:47:07.266+0000][gc,start      ] GC(805) Pause Young (Normal) (G1 Evacuation Pause)
[2025-10-31T04:47:07.267+0000][gc,task       ] GC(805) Using 2 workers of 2 for evacuation
[2025-10-31T04:47:07.326+0000][gc,mmu        ] GC(805) MMU target violated: 21.0ms (20.0ms/21.0ms)
[2025-10-31T04:47:07.326+0000][gc,phases     ] GC(805)   Pre Evacuate Collection Set: 0.1ms
[2025-10-31T04:47:07.327+0000][gc,phases     ] GC(805)   Evacuate Collection Set: 55.1ms
[2025-10-31T04:47:07.328+0000][gc,phases     ] GC(805)   Post Evacuate Collection Set: 2.1ms
[2025-10-31T04:47:07.329+0000][gc,phases     ] GC(805)   Other: 3.3ms
[2025-10-31T04:47:07.330+0000][gc,heap       ] GC(805) Eden regions: 23->0(21)
[2025-10-31T04:47:07.331+0000][gc,heap       ] GC(805) Survivor regions: 2->4(4)
[2025-10-31T04:47:07.332+0000][gc,heap       ] GC(805) Old regions: 195->195
[2025-10-31T04:47:07.332+0000][gc,heap       ] GC(805) Humongous regions: 147->147
[2025-10-31T04:47:07.334+0000][gc,metaspace  ] GC(805) Metaspace: 53303K(56752K)->53303K(56752K) NonClass: 47429K(49328K)->47429K(49328K) Class: 5873K(7424K)->5873K(7424K)
[2025-10-31T04:47:07.335+0000][gc            ] GC(805) Pause Young (Normal) (G1 Evacuation Pause) 366M->344M(512M) 68.649ms
[2025-10-31T04:47:07.336+0000][gc,cpu        ] GC(805) User=0.12s Sys=0.00s Real=0.07s
[2025-10-31T04:47:53.029+0000][gc,start      ] GC(806) Pause Young (Normal) (G1 Evacuation Pause)
[2025-10-31T04:47:53.030+0000][gc,task       ] GC(806) Using 2 workers of 2 for evacuation
[2025-10-31T04:47:53.107+0000][gc,mmu        ] GC(806) MMU target violated: 21.0ms (20.0ms/21.0ms)
[2025-10-31T04:47:53.108+0000][gc,phases     ] GC(806)   Pre Evacuate Collection Set: 0.0ms
[2025-10-31T04:47:53.109+0000][gc,phases     ] GC(806)   Evacuate Collection Set: 69.8ms
[2025-10-31T04:47:53.110+0000][gc,phases     ] GC(806)   Post Evacuate Collection Set: 2.5ms
[2025-10-31T04:47:53.111+0000][gc,phases     ] GC(806)   Other: 6.2ms
[2025-10-31T04:47:53.111+0000][gc,heap       ] GC(806) Eden regions: 21->0(21)
[2025-10-31T04:47:53.112+0000][gc,heap       ] GC(806) Survivor regions: 4->4(4)
[2025-10-31T04:47:53.113+0000][gc,heap       ] GC(806) Old regions: 195->197
[2025-10-31T04:47:53.113+0000][gc,heap       ] GC(806) Humongous regions: 147->147
[2025-10-31T04:47:53.115+0000][gc,metaspace  ] GC(806) Metaspace: 53303K(56752K)->53303K(56752K) NonClass: 47429K(49328K)->47429K(49328K) Class: 5873K(7424K)->5873K(7424K)
[2025-10-31T04:47:53.116+0000][gc            ] GC(806) Pause Young (Normal) (G1 Evacuation Pause) 365M->347M(512M) 85.987ms
[2025-10-31T04:47:53.116+0000][gc,cpu        ] GC(806) User=0.15s Sys=0.00s Real=0.09s
[2025-10-31T04:48:39.339+0000][gc,start      ] GC(807) Pause Young (Normal) (G1 Evacuation Pause)
[2025-10-31T04:48:39.340+0000][gc,task       ] GC(807) Using 2 workers of 2 for evacuation
[2025-10-31T04:48:39.416+0000][gc,mmu        ] GC(807) MMU target violated: 21.0ms (20.0ms/21.0ms)
[2025-10-31T04:48:39.417+0000][gc,phases     ] GC(807)   Pre Evacuate Collection Set: 0.0ms
[2025-10-31T04:48:39.417+0000][gc,phases     ] GC(807)   Evacuate Collection Set: 70.9ms
[2025-10-31T04:48:39.419+0000][gc,phases     ] GC(807)   Post Evacuate Collection Set: 3.4ms
[2025-10-31T04:48:39.420+0000][gc,phases     ] GC(807)   Other: 3.9ms
[2025-10-31T04:48:39.421+0000][gc,heap       ] GC(807) Eden regions: 21->0(22)
[2025-10-31T04:48:39.422+0000][gc,heap       ] GC(807) Survivor regions: 4->3(4)
[2025-10-31T04:48:39.422+0000][gc,heap       ] GC(807) Old regions: 197->199
[2025-10-31T04:48:39.423+0000][gc,heap       ] GC(807) Humongous regions: 147->147
[2025-10-31T04:48:39.424+0000][gc,metaspace  ] GC(807) Metaspace: 53303K(56752K)->53303K(56752K) NonClass: 47429K(49328K)->47429K(49328K) Class: 5873K(7424K)->5873K(7424K)
[2025-10-31T04:48:39.425+0000][gc            ] GC(807) Pause Young (Normal) (G1 Evacuation Pause) 368M->348M(512M) 86.084ms
[2025-10-31T04:48:39.426+0000][gc,cpu        ] GC(807) User=0.15s Sys=0.00s Real=0.09s
[2025-10-31T04:49:26.971+0000][gc,start      ] GC(808) Pause Young (Normal) (G1 Evacuation Pause)
[2025-10-31T04:49:26.974+0000][gc,task       ] GC(808) Using 2 workers of 2 for evacuation
[2025-10-31T04:49:27.107+0000][gc,mmu        ] GC(808) MMU target violated: 21.0ms (20.0ms/21.0ms)
[2025-10-31T04:49:27.108+0000][gc,phases     ] GC(808)   Pre Evacuate Collection Set: 1.5ms
[2025-10-31T04:49:27.109+0000][gc,phases     ] GC(808)   Evacuate Collection Set: 122.8ms
[2025-10-31T04:49:27.110+0000][gc,phases     ] GC(808)   Post Evacuate Collection Set: 2.9ms
[2025-10-31T04:49:27.111+0000][gc,phases     ] GC(808)   Other: 10.6ms
[2025-10-31T04:49:27.112+0000][gc,heap       ] GC(808) Eden regions: 22->0(22)
[2025-10-31T04:49:27.113+0000][gc,heap       ] GC(808) Survivor regions: 3->3(4)
[2025-10-31T04:49:27.114+0000][gc,heap       ] GC(808) Old regions: 199->201
[2025-10-31T04:49:27.115+0000][gc,heap       ] GC(808) Humongous regions: 147->147
[2025-10-31T04:49:27.116+0000][gc,metaspace  ] GC(808) Metaspace: 53303K(56752K)->53303K(56752K) NonClass: 47429K(49328K)->47429K(49328K) Class: 5873K(7424K)->5873K(7424K)
[2025-10-31T04:49:27.117+0000][gc            ] GC(808) Pause Young (Normal) (G1 Evacuation Pause) 370M->350M(512M) 145.533ms
[2025-10-31T04:49:27.118+0000][gc,cpu        ] GC(808) User=0.26s Sys=0.00s Real=0.15s
[2025-10-31T04:50:15.529+0000][gc,start      ] GC(809) Pause Young (Normal) (G1 Evacuation Pause)
[2025-10-31T04:50:15.530+0000][gc,task       ] GC(809) Using 2 workers of 2 for evacuation
[2025-10-31T04:50:15.593+0000][gc,mmu        ] GC(809) MMU target violated: 21.0ms (20.0ms/21.0ms)
[2025-10-31T04:50:15.594+0000][gc,phases     ] GC(809)   Pre Evacuate Collection Set: 0.0ms
[2025-10-31T04:50:15.595+0000][gc,phases     ] GC(809)   Evacuate Collection Set: 57.9ms
[2025-10-31T04:50:15.596+0000][gc,phases     ] GC(809)   Post Evacuate Collection Set: 3.1ms
[2025-10-31T04:50:15.597+0000][gc,phases     ] GC(809)   Other: 3.9ms
[2025-10-31T04:50:15.598+0000][gc,heap       ] GC(809) Eden regions: 22->0(22)
[2025-10-31T04:50:15.599+0000][gc,heap       ] GC(809) Survivor regions: 3->3(4)
[2025-10-31T04:50:15.600+0000][gc,heap       ] GC(809) Old regions: 201->202
[2025-10-31T04:50:15.602+0000][gc,heap       ] GC(809) Humongous regions: 147->147
[2025-10-31T04:50:15.603+0000][gc,metaspace  ] GC(809) Metaspace: 53303K(56752K)->53303K(56752K) NonClass: 47429K(49328K)->47429K(49328K) Class: 5873K(7424K)->5873K(7424K)
[2025-10-31T04:50:15.604+0000][gc            ] GC(809) Pause Young (Normal) (G1 Evacuation Pause) 372M->350M(512M) 74.739ms
[2025-10-31T04:50:15.608+0000][gc,cpu        ] GC(809) User=0.12s Sys=0.00s Real=0.08s
[2025-10-31T04:51:03.497+0000][gc,start      ] GC(810) Pause Young (Normal) (G1 Evacuation Pause)
[2025-10-31T04:51:03.499+0000][gc,task       ] GC(810) Using 2 workers of 2 for evacuation
[2025-10-31T04:51:03.551+0000][gc,mmu        ] GC(810) MMU target violated: 21.0ms (20.0ms/21.0ms)
[2025-10-31T04:51:03.555+0000][gc,phases     ] GC(810)   Pre Evacuate Collection Set: 0.0ms
[2025-10-31T04:51:03.556+0000][gc,phases     ] GC(810)   Evacuate Collection Set: 45.3ms
[2025-10-31T04:51:03.557+0000][gc,phases     ] GC(810)   Post Evacuate Collection Set: 4.5ms
[2025-10-31T04:51:03.560+0000][gc,phases     ] GC(810)   Other: 7.8ms
[2025-10-31T04:51:03.561+0000][gc,heap       ] GC(810) Eden regions: 22->0(23)
[2025-10-31T04:51:03.563+0000][gc,heap       ] GC(810) Survivor regions: 3->2(4)
[2025-10-31T04:51:03.566+0000][gc,heap       ] GC(810) Old regions: 202->203
[2025-10-31T04:51:03.569+0000][gc,heap       ] GC(810) Humongous regions: 147->147
[2025-10-31T04:51:03.570+0000][gc,metaspace  ] GC(810) Metaspace: 53314K(56752K)->53314K(56752K) NonClass: 47440K(49328K)->47440K(49328K) Class: 5873K(7424K)->5873K(7424K)
[2025-10-31T04:51:03.571+0000][gc            ] GC(810) Pause Young (Normal) (G1 Evacuation Pause) 372M->351M(512M) 73.686ms
[2025-10-31T04:51:03.573+0000][gc,cpu        ] GC(810) User=0.10s Sys=0.00s Real=0.07s
[2025-10-31T04:51:50.625+0000][gc,start      ] GC(811) Pause Young (Normal) (G1 Evacuation Pause)
[2025-10-31T04:51:50.626+0000][gc,task       ] GC(811) Using 2 workers of 2 for evacuation
[2025-10-31T04:51:50.687+0000][gc,mmu        ] GC(811) MMU target violated: 21.0ms (20.0ms/21.0ms)
[2025-10-31T04:51:50.688+0000][gc,phases     ] GC(811)   Pre Evacuate Collection Set: 0.0ms
[2025-10-31T04:51:50.689+0000][gc,phases     ] GC(811)   Evacuate Collection Set: 55.1ms
[2025-10-31T04:51:50.690+0000][gc,phases     ] GC(811)   Post Evacuate Collection Set: 2.3ms
[2025-10-31T04:51:50.692+0000][gc,phases     ] GC(811)   Other: 6.1ms
[2025-10-31T04:51:50.693+0000][gc,heap       ] GC(811) Eden regions: 23->0(22)
[2025-10-31T04:51:50.693+0000][gc,heap       ] GC(811) Survivor regions: 2->3(4)
[2025-10-31T04:51:50.694+0000][gc,heap       ] GC(811) Old regions: 203->203
[2025-10-31T04:51:50.695+0000][gc,heap       ] GC(811) Humongous regions: 147->147
[2025-10-31T04:51:50.697+0000][gc,metaspace  ] GC(811) Metaspace: 53314K(56752K)->53314K(56752K) NonClass: 47440K(49328K)->47440K(49328K) Class: 5873K(7424K)->5873K(7424K)
[2025-10-31T04:51:50.698+0000][gc            ] GC(811) Pause Young (Normal) (G1 Evacuation Pause) 374M->352M(512M) 73.106ms
[2025-10-31T04:51:50.699+0000][gc,cpu        ] GC(811) User=0.12s Sys=0.00s Real=0.08s
[2025-10-31T04:52:38.932+0000][gc,start      ] GC(812) Pause Young (Normal) (G1 Evacuation Pause)
[2025-10-31T04:52:38.933+0000][gc,task       ] GC(812) Using 2 workers of 2 for evacuation
[2025-10-31T04:52:39.020+0000][gc,mmu        ] GC(812) MMU target violated: 21.0ms (20.0ms/21.0ms)
[2025-10-31T04:52:39.021+0000][gc,phases     ] GC(812)   Pre Evacuate Collection Set: 0.0ms
[2025-10-31T04:52:39.021+0000][gc,phases     ] GC(812)   Evacuate Collection Set: 81.5ms
[2025-10-31T04:52:39.022+0000][gc,phases     ] GC(812)   Post Evacuate Collection Set: 3.0ms
[2025-10-31T04:52:39.023+0000][gc,phases     ] GC(812)   Other: 3.8ms
[2025-10-31T04:52:39.024+0000][gc,heap       ] GC(812) Eden regions: 22->0(21)
[2025-10-31T04:52:39.025+0000][gc,heap       ] GC(812) Survivor regions: 3->4(4)
[2025-10-31T04:52:39.025+0000][gc,heap       ] GC(812) Old regions: 203->205
[2025-10-31T04:52:39.026+0000][gc,heap       ] GC(812) Humongous regions: 147->147
[2025-10-31T04:52:39.027+0000][gc,metaspace  ] GC(812) Metaspace: 53314K(56752K)->53314K(56752K) NonClass: 47440K(49328K)->47440K(49328K) Class: 5873K(7424K)->5873K(7424K)
[2025-10-31T04:52:39.028+0000][gc            ] GC(812) Pause Young (Normal) (G1 Evacuation Pause) 374M->355M(512M) 95.423ms
[2025-10-31T04:52:39.029+0000][gc,cpu        ] GC(812) User=0.17s Sys=0.00s Real=0.10s
[2025-10-31T04:53:24.899+0000][gc,start      ] GC(813) Pause Young (Normal) (G1 Evacuation Pause)
[2025-10-31T04:53:24.904+0000][gc,task       ] GC(813) Using 2 workers of 2 for evacuation
[2025-10-31T04:53:24.993+0000][gc,mmu        ] GC(813) MMU target violated: 21.0ms (20.0ms/21.0ms)
[2025-10-31T04:53:24.995+0000][gc,phases     ] GC(813)   Pre Evacuate Collection Set: 0.0ms
[2025-10-31T04:53:24.996+0000][gc,phases     ] GC(813)   Evacuate Collection Set: 82.9ms
[2025-10-31T04:53:24.997+0000][gc,phases     ] GC(813)   Post Evacuate Collection Set: 4.2ms
[2025-10-31T04:53:24.998+0000][gc,phases     ] GC(813)   Other: 8.5ms
[2025-10-31T04:53:24.998+0000][gc,heap       ] GC(813) Eden regions: 21->0(22)
[2025-10-31T04:53:25.000+0000][gc,heap       ] GC(813) Survivor regions: 4->3(4)
[2025-10-31T04:53:25.001+0000][gc,heap       ] GC(813) Old regions: 205->208
[2025-10-31T04:53:25.002+0000][gc,heap       ] GC(813) Humongous regions: 147->147
[2025-10-31T04:53:25.003+0000][gc,metaspace  ] GC(813) Metaspace: 53314K(56752K)->53314K(56752K) NonClass: 47440K(49328K)->47440K(49328K) Class: 5873K(7424K)->5873K(7424K)
[2025-10-31T04:53:25.004+0000][gc            ] GC(813) Pause Young (Normal) (G1 Evacuation Pause) 376M->357M(512M) 104.566ms
[2025-10-31T04:53:25.005+0000][gc,cpu        ] GC(813) User=0.18s Sys=0.00s Real=0.10s
[2025-10-31T04:54:12.846+0000][gc,start      ] GC(814) Pause Young (Normal) (G1 Evacuation Pause)
[2025-10-31T04:54:12.847+0000][gc,task       ] GC(814) Using 2 workers of 2 for evacuation
[2025-10-31T04:54:12.918+0000][gc,mmu        ] GC(814) MMU target violated: 21.0ms (20.0ms/21.0ms)
[2025-10-31T04:54:12.919+0000][gc,phases     ] GC(814)   Pre Evacuate Collection Set: 0.0ms
[2025-10-31T04:54:12.921+0000][gc,phases     ] GC(814)   Evacuate Collection Set: 64.9ms
[2025-10-31T04:54:12.922+0000][gc,phases     ] GC(814)   Post Evacuate Collection Set: 2.6ms
[2025-10-31T04:54:12.923+0000][gc,phases     ] GC(814)   Other: 5.4ms
[2025-10-31T04:54:12.923+0000][gc,heap       ] GC(814) Eden regions: 22->0(22)
[2025-10-31T04:54:12.924+0000][gc,heap       ] GC(814) Survivor regions: 3->3(4)
[2025-10-31T04:54:12.925+0000][gc,heap       ] GC(814) Old regions: 208->209
[2025-10-31T04:54:12.925+0000][gc,heap       ] GC(814) Humongous regions: 147->147
[2025-10-31T04:54:12.926+0000][gc,metaspace  ] GC(814) Metaspace: 53314K(56752K)->53314K(56752K) NonClass: 47440K(49328K)->47440K(49328K) Class: 5873K(7424K)->5873K(7424K)
[2025-10-31T04:54:12.927+0000][gc            ] GC(814) Pause Young (Normal) (G1 Evacuation Pause) 379M->358M(512M) 80.990ms
[2025-10-31T04:54:12.928+0000][gc,cpu        ] GC(814) User=0.14s Sys=0.00s Real=0.08s
[2025-10-31T04:55:00.758+0000][gc,start      ] GC(815) Pause Young (Normal) (G1 Evacuation Pause)
[2025-10-31T04:55:00.759+0000][gc,task       ] GC(815) Using 2 workers of 2 for evacuation
[2025-10-31T04:55:00.850+0000][gc,mmu        ] GC(815) MMU target violated: 21.0ms (20.0ms/21.0ms)
[2025-10-31T04:55:00.851+0000][gc,phases     ] GC(815)   Pre Evacuate Collection Set: 0.1ms
[2025-10-31T04:55:00.855+0000][gc,phases     ] GC(815)   Evacuate Collection Set: 83.9ms
[2025-10-31T04:55:00.857+0000][gc,phases     ] GC(815)   Post Evacuate Collection Set: 4.4ms
[2025-10-31T04:55:00.858+0000][gc,phases     ] GC(815)   Other: 4.8ms
[2025-10-31T04:55:00.859+0000][gc,heap       ] GC(815) Eden regions: 22->0(22)
[2025-10-31T04:55:00.860+0000][gc,heap       ] GC(815) Survivor regions: 3->3(4)
[2025-10-31T04:55:00.861+0000][gc,heap       ] GC(815) Old regions: 209->210
[2025-10-31T04:55:00.862+0000][gc,heap       ] GC(815) Humongous regions: 147->147
[2025-10-31T04:55:00.863+0000][gc,metaspace  ] GC(815) Metaspace: 53314K(56752K)->53314K(56752K) NonClass: 47440K(49328K)->47440K(49328K) Class: 5873K(7424K)->5873K(7424K)
[2025-10-31T04:55:00.864+0000][gc            ] GC(815) Pause Young (Normal) (G1 Evacuation Pause) 380M->359M(512M) 106.097ms
[2025-10-31T04:55:00.865+0000][gc,cpu        ] GC(815) User=0.17s Sys=0.00s Real=0.10s
[2025-10-31T04:55:49.356+0000][gc,start      ] GC(816) Pause Young (Normal) (G1 Evacuation Pause)
[2025-10-31T04:55:49.357+0000][gc,task       ] GC(816) Using 2 workers of 2 for evacuation
[2025-10-31T04:55:49.425+0000][gc,mmu        ] GC(816) MMU target violated: 21.0ms (20.0ms/21.0ms)
[2025-10-31T04:55:49.426+0000][gc,phases     ] GC(816)   Pre Evacuate Collection Set: 0.1ms
[2025-10-31T04:55:49.427+0000][gc,phases     ] GC(816)   Evacuate Collection Set: 61.4ms
[2025-10-31T04:55:49.427+0000][gc,phases     ] GC(816)   Post Evacuate Collection Set: 2.9ms
[2025-10-31T04:55:49.428+0000][gc,phases     ] GC(816)   Other: 5.5ms
[2025-10-31T04:55:49.430+0000][gc,heap       ] GC(816) Eden regions: 22->0(23)
[2025-10-31T04:55:49.430+0000][gc,heap       ] GC(816) Survivor regions: 3->2(4)
[2025-10-31T04:55:49.433+0000][gc,heap       ] GC(816) Old regions: 210->212
[2025-10-31T04:55:49.434+0000][gc,heap       ] GC(816) Humongous regions: 147->147
[2025-10-31T04:55:49.435+0000][gc,metaspace  ] GC(816) Metaspace: 53314K(56752K)->53314K(56752K) NonClass: 47440K(49328K)->47440K(49328K) Class: 5873K(7424K)->5873K(7424K)
[2025-10-31T04:55:49.436+0000][gc            ] GC(816) Pause Young (Normal) (G1 Evacuation Pause) 381M->360M(512M) 79.369ms
[2025-10-31T04:55:49.436+0000][gc,cpu        ] GC(816) User=0.13s Sys=0.00s Real=0.08s
[2025-10-31T04:56:36.000+0000][gc,start      ] GC(817) Pause Young (Normal) (G1 Evacuation Pause)
[2025-10-31T04:56:36.002+0000][gc,task       ] GC(817) Using 2 workers of 2 for evacuation
[2025-10-31T04:56:36.066+0000][gc,mmu        ] GC(817) MMU target violated: 21.0ms (20.0ms/21.0ms)
[2025-10-31T04:56:36.067+0000][gc,phases     ] GC(817)   Pre Evacuate Collection Set: 0.1ms
[2025-10-31T04:56:36.068+0000][gc,phases     ] GC(817)   Evacuate Collection Set: 58.8ms
[2025-10-31T04:56:36.069+0000][gc,phases     ] GC(817)   Post Evacuate Collection Set: 3.7ms
[2025-10-31T04:56:36.070+0000][gc,phases     ] GC(817)   Other: 5.4ms
[2025-10-31T04:56:36.071+0000][gc,heap       ] GC(817) Eden regions: 23->0(22)
[2025-10-31T04:56:36.072+0000][gc,heap       ] GC(817) Survivor regions: 2->3(4)
[2025-10-31T04:56:36.073+0000][gc,heap       ] GC(817) Old regions: 212->212
[2025-10-31T04:56:36.074+0000][gc,heap       ] GC(817) Humongous regions: 147->147
[2025-10-31T04:56:36.075+0000][gc,metaspace  ] GC(817) Metaspace: 53315K(56752K)->53315K(56752K) NonClass: 47441K(49328K)->47441K(49328K) Class: 5873K(7424K)->5873K(7424K)
[2025-10-31T04:56:36.076+0000][gc            ] GC(817) Pause Young (Normal) (G1 Evacuation Pause) 383M->361M(512M) 75.846ms
[2025-10-31T04:56:36.078+0000][gc,cpu        ] GC(817) User=0.13s Sys=0.00s Real=0.08s
[2025-10-31T04:57:24.642+0000][gc,start      ] GC(818) Pause Young (Normal) (G1 Evacuation Pause)
[2025-10-31T04:57:24.643+0000][gc,task       ] GC(818) Using 2 workers of 2 for evacuation
[2025-10-31T04:57:24.732+0000][gc,mmu        ] GC(818) MMU target violated: 21.0ms (20.0ms/21.0ms)
[2025-10-31T04:57:24.733+0000][gc,phases     ] GC(818)   Pre Evacuate Collection Set: 0.0ms
[2025-10-31T04:57:24.734+0000][gc,phases     ] GC(818)   Evacuate Collection Set: 83.9ms
[2025-10-31T04:57:24.735+0000][gc,phases     ] GC(818)   Post Evacuate Collection Set: 3.8ms
[2025-10-31T04:57:24.736+0000][gc,phases     ] GC(818)   Other: 3.6ms
[2025-10-31T04:57:24.737+0000][gc,heap       ] GC(818) Eden regions: 22->0(21)
[2025-10-31T04:57:24.738+0000][gc,heap       ] GC(818) Survivor regions: 3->4(4)
[2025-10-31T04:57:24.739+0000][gc,heap       ] GC(818) Old regions: 212->214
[2025-10-31T04:57:24.740+0000][gc,heap       ] GC(818) Humongous regions: 147->147
[2025-10-31T04:57:24.741+0000][gc,metaspace  ] GC(818) Metaspace: 53315K(56752K)->53315K(56752K) NonClass: 47441K(49328K)->47441K(49328K) Class: 5873K(7424K)->5873K(7424K)
[2025-10-31T04:57:24.744+0000][gc            ] GC(818) Pause Young (Normal) (G1 Evacuation Pause) 383M->364M(512M) 101.653ms
[2025-10-31T04:57:24.745+0000][gc,cpu        ] GC(818) User=0.18s Sys=0.00s Real=0.10s
[2025-10-31T04:58:10.635+0000][gc,start      ] GC(819) Pause Young (Normal) (G1 Evacuation Pause)
[2025-10-31T04:58:10.636+0000][gc,task       ] GC(819) Using 2 workers of 2 for evacuation
[2025-10-31T04:58:10.689+0000][gc,mmu        ] GC(819) MMU target violated: 21.0ms (20.0ms/21.0ms)
[2025-10-31T04:58:10.690+0000][gc,phases     ] GC(819)   Pre Evacuate Collection Set: 0.0ms
[2025-10-31T04:58:10.691+0000][gc,phases     ] GC(819)   Evacuate Collection Set: 49.1ms
[2025-10-31T04:58:10.692+0000][gc,phases     ] GC(819)   Post Evacuate Collection Set: 2.5ms
[2025-10-31T04:58:10.693+0000][gc,phases     ] GC(819)   Other: 3.1ms
[2025-10-31T04:58:10.693+0000][gc,heap       ] GC(819) Eden regions: 21->0(21)
[2025-10-31T04:58:10.694+0000][gc,heap       ] GC(819) Survivor regions: 4->4(4)
[2025-10-31T04:58:10.694+0000][gc,heap       ] GC(819) Old regions: 214->216
[2025-10-31T04:58:10.696+0000][gc,heap       ] GC(819) Humongous regions: 147->147
[2025-10-31T04:58:10.696+0000][gc,metaspace  ] GC(819) Metaspace: 53315K(56752K)->53315K(56752K) NonClass: 47441K(49328K)->47441K(49328K) Class: 5873K(7424K)->5873K(7424K)
[2025-10-31T04:58:10.697+0000][gc            ] GC(819) Pause Young (Normal) (G1 Evacuation Pause) 385M->366M(512M) 61.872ms
[2025-10-31T04:58:10.698+0000][gc,cpu        ] GC(819) User=0.11s Sys=0.00s Real=0.06s
[2025-10-31T04:58:56.434+0000][gc,start      ] GC(820) Pause Young (Normal) (G1 Evacuation Pause)
[2025-10-31T04:58:56.435+0000][gc,task       ] GC(820) Using 2 workers of 2 for evacuation
[2025-10-31T04:58:56.497+0000][gc,mmu        ] GC(820) MMU target violated: 21.0ms (20.0ms/21.0ms)
[2025-10-31T04:58:56.499+0000][gc,phases     ] GC(820)   Pre Evacuate Collection Set: 0.0ms
[2025-10-31T04:58:56.501+0000][gc,phases     ] GC(820)   Evacuate Collection Set: 55.4ms
[2025-10-31T04:58:56.503+0000][gc,phases     ] GC(820)   Post Evacuate Collection Set: 3.6ms
[2025-10-31T04:58:56.505+0000][gc,phases     ] GC(820)   Other: 6.0ms
[2025-10-31T04:58:56.506+0000][gc,heap       ] GC(820) Eden regions: 21->0(22)
[2025-10-31T04:58:56.508+0000][gc,heap       ] GC(820) Survivor regions: 4->3(4)
[2025-10-31T04:58:56.509+0000][gc,heap       ] GC(820) Old regions: 216->218
[2025-10-31T04:58:56.511+0000][gc,heap       ] GC(820) Humongous regions: 147->147
[2025-10-31T04:58:56.513+0000][gc,metaspace  ] GC(820) Metaspace: 53315K(56752K)->53315K(56752K) NonClass: 47441K(49328K)->47441K(49328K) Class: 5873K(7424K)->5873K(7424K)
[2025-10-31T04:58:56.514+0000][gc            ] GC(820) Pause Young (Normal) (G1 Evacuation Pause) 387M->367M(512M) 80.125ms
[2025-10-31T04:58:56.518+0000][gc,cpu        ] GC(820) User=0.12s Sys=0.00s Real=0.08s
[2025-10-31T04:59:43.586+0000][gc,start      ] GC(821) Pause Young (Normal) (G1 Evacuation Pause)
[2025-10-31T04:59:43.587+0000][gc,task       ] GC(821) Using 2 workers of 2 for evacuation
[2025-10-31T04:59:43.704+0000][gc,mmu        ] GC(821) MMU target violated: 21.0ms (20.0ms/21.0ms)
[2025-10-31T04:59:43.706+0000][gc,phases     ] GC(821)   Pre Evacuate Collection Set: 0.1ms
[2025-10-31T04:59:43.709+0000][gc,phases     ] GC(821)   Evacuate Collection Set: 108.0ms
[2025-10-31T04:59:43.711+0000][gc,phases     ] GC(821)   Post Evacuate Collection Set: 5.6ms
[2025-10-31T04:59:43.713+0000][gc,phases     ] GC(821)   Other: 6.3ms
[2025-10-31T04:59:43.715+0000][gc,heap       ] GC(821) Eden regions: 22->0(22)
[2025-10-31T04:59:43.720+0000][gc,heap       ] GC(821) Survivor regions: 3->3(4)
[2025-10-31T04:59:43.722+0000][gc,heap       ] GC(821) Old regions: 218->219
[2025-10-31T04:59:43.724+0000][gc,heap       ] GC(821) Humongous regions: 147->147
[2025-10-31T04:59:43.729+0000][gc,metaspace  ] GC(821) Metaspace: 53315K(56752K)->53315K(56752K) NonClass: 47441K(49328K)->47441K(49328K) Class: 5873K(7424K)->5873K(7424K)
[2025-10-31T04:59:43.731+0000][gc            ] GC(821) Pause Young (Normal) (G1 Evacuation Pause) 389M->368M(512M) 144.733ms
[2025-10-31T04:59:43.733+0000][gc,cpu        ] GC(821) User=0.22s Sys=0.00s Real=0.15s
[2025-10-31T05:00:31.781+0000][gc,start      ] GC(822) Pause Young (Normal) (G1 Evacuation Pause)
[2025-10-31T05:00:31.782+0000][gc,task       ] GC(822) Using 2 workers of 2 for evacuation
[2025-10-31T05:00:31.880+0000][gc,mmu        ] GC(822) MMU target violated: 21.0ms (20.0ms/21.0ms)
[2025-10-31T05:00:31.884+0000][gc,phases     ] GC(822)   Pre Evacuate Collection Set: 0.1ms
[2025-10-31T05:00:31.887+0000][gc,phases     ] GC(822)   Evacuate Collection Set: 87.9ms
[2025-10-31T05:00:31.890+0000][gc,phases     ] GC(822)   Post Evacuate Collection Set: 7.8ms
[2025-10-31T05:00:31.894+0000][gc,phases     ] GC(822)   Other: 8.5ms
[2025-10-31T05:00:31.896+0000][gc,heap       ] GC(822) Eden regions: 22->0(23)
[2025-10-31T05:00:31.899+0000][gc,heap       ] GC(822) Survivor regions: 3->2(4)
[2025-10-31T05:00:31.900+0000][gc,heap       ] GC(822) Old regions: 219->221
[2025-10-31T05:00:31.902+0000][gc,heap       ] GC(822) Humongous regions: 147->147
[2025-10-31T05:00:31.904+0000][gc,metaspace  ] GC(822) Metaspace: 53315K(56752K)->53315K(56752K) NonClass: 47441K(49328K)->47441K(49328K) Class: 5873K(7424K)->5873K(7424K)
[2025-10-31T05:00:31.906+0000][gc            ] GC(822) Pause Young (Normal) (G1 Evacuation Pause) 390M->369M(512M) 124.832ms
[2025-10-31T05:00:31.908+0000][gc,cpu        ] GC(822) User=0.18s Sys=0.00s Real=0.12s
[2025-10-31T05:01:09.057+0000][gc,start      ] GC(823) Pause Young (Normal) (G1 Evacuation Pause)
[2025-10-31T05:01:09.058+0000][gc,task       ] GC(823) Using 2 workers of 2 for evacuation
[2025-10-31T05:01:09.151+0000][gc,mmu        ] GC(823) MMU target violated: 21.0ms (20.0ms/21.0ms)
[2025-10-31T05:01:09.152+0000][gc,phases     ] GC(823)   Pre Evacuate Collection Set: 0.4ms
[2025-10-31T05:01:09.153+0000][gc,phases     ] GC(823)   Evacuate Collection Set: 84.4ms
[2025-10-31T05:01:09.155+0000][gc,phases     ] GC(823)   Post Evacuate Collection Set: 3.9ms
[2025-10-31T05:01:09.155+0000][gc,phases     ] GC(823)   Other: 6.9ms
[2025-10-31T05:01:09.156+0000][gc,heap       ] GC(823) Eden regions: 23->0(21)
[2025-10-31T05:01:09.157+0000][gc,heap       ] GC(823) Survivor regions: 2->4(4)
[2025-10-31T05:01:09.157+0000][gc,heap       ] GC(823) Old regions: 221->224
[2025-10-31T05:01:09.158+0000][gc,heap       ] GC(823) Humongous regions: 147->147
[2025-10-31T05:01:09.159+0000][gc,metaspace  ] GC(823) Metaspace: 53315K(56752K)->53315K(56752K) NonClass: 47441K(49328K)->47441K(49328K) Class: 5873K(7424K)->5873K(7424K)
[2025-10-31T05:01:09.160+0000][gc            ] GC(823) Pause Young (Normal) (G1 Evacuation Pause) 392M->375M(512M) 102.549ms
[2025-10-31T05:01:09.160+0000][gc,cpu        ] GC(823) User=0.18s Sys=0.00s Real=0.10s
[2025-10-31T05:01:51.520+0000][gc,start      ] GC(824) Pause Young (Normal) (G1 Evacuation Pause)
[2025-10-31T05:01:51.521+0000][gc,task       ] GC(824) Using 2 workers of 2 for evacuation
[2025-10-31T05:01:51.612+0000][gc,mmu        ] GC(824) MMU target violated: 21.0ms (20.0ms/21.0ms)
[2025-10-31T05:01:51.614+0000][gc,phases     ] GC(824)   Pre Evacuate Collection Set: 0.1ms
[2025-10-31T05:01:51.615+0000][gc,phases     ] GC(824)   Evacuate Collection Set: 84.8ms
[2025-10-31T05:01:51.617+0000][gc,phases     ] GC(824)   Post Evacuate Collection Set: 3.7ms
[2025-10-31T05:01:51.618+0000][gc,phases     ] GC(824)   Other: 5.7ms
[2025-10-31T05:01:51.620+0000][gc,heap       ] GC(824) Eden regions: 21->0(22)
[2025-10-31T05:01:51.622+0000][gc,heap       ] GC(824) Survivor regions: 4->3(4)
[2025-10-31T05:01:51.624+0000][gc,heap       ] GC(824) Old regions: 224->227
[2025-10-31T05:01:51.625+0000][gc,heap       ] GC(824) Humongous regions: 147->147
[2025-10-31T05:01:51.627+0000][gc,metaspace  ] GC(824) Metaspace: 53315K(56752K)->53315K(56752K) NonClass: 47441K(49328K)->47441K(49328K) Class: 5873K(7424K)->5873K(7424K)
[2025-10-31T05:01:51.628+0000][gc            ] GC(824) Pause Young (Normal) (G1 Evacuation Pause) 396M->376M(512M) 108.048ms
[2025-10-31T05:01:51.629+0000][gc,cpu        ] GC(824) User=0.18s Sys=0.00s Real=0.11s
[2025-10-31T05:02:39.991+0000][gc,start      ] GC(825) Pause Young (Normal) (G1 Evacuation Pause)
[2025-10-31T05:02:39.992+0000][gc,task       ] GC(825) Using 2 workers of 2 for evacuation
[2025-10-31T05:02:40.068+0000][gc,mmu        ] GC(825) MMU target violated: 21.0ms (20.0ms/21.0ms)
[2025-10-31T05:02:40.069+0000][gc,phases     ] GC(825)   Pre Evacuate Collection Set: 0.1ms
[2025-10-31T05:02:40.070+0000][gc,phases     ] GC(825)   Evacuate Collection Set: 67.0ms
[2025-10-31T05:02:40.072+0000][gc,phases     ] GC(825)   Post Evacuate Collection Set: 6.8ms
[2025-10-31T05:02:40.075+0000][gc,phases     ] GC(825)   Other: 4.1ms
[2025-10-31T05:02:40.076+0000][gc,heap       ] GC(825) Eden regions: 22->0(22)
[2025-10-31T05:02:40.077+0000][gc,heap       ] GC(825) Survivor regions: 3->3(4)
[2025-10-31T05:02:40.079+0000][gc,heap       ] GC(825) Old regions: 227->229
[2025-10-31T05:02:40.080+0000][gc,heap       ] GC(825) Humongous regions: 147->147
[2025-10-31T05:02:40.082+0000][gc,metaspace  ] GC(825) Metaspace: 53315K(56752K)->53315K(56752K) NonClass: 47441K(49328K)->47441K(49328K) Class: 5873K(7424K)->5873K(7424K)
[2025-10-31T05:02:40.086+0000][gc            ] GC(825) Pause Young (Normal) (G1 Evacuation Pause) 398M->377M(512M) 95.231ms
[2025-10-31T05:02:40.088+0000][gc,cpu        ] GC(825) User=0.15s Sys=0.00s Real=0.10s
[2025-10-31T05:03:28.555+0000][gc,start      ] GC(826) Pause Young (Normal) (G1 Evacuation Pause)
[2025-10-31T05:03:28.556+0000][gc,task       ] GC(826) Using 2 workers of 2 for evacuation
[2025-10-31T05:03:28.627+0000][gc,mmu        ] GC(826) MMU target violated: 21.0ms (20.0ms/21.0ms)
[2025-10-31T05:03:28.629+0000][gc,phases     ] GC(826)   Pre Evacuate Collection Set: 0.0ms
[2025-10-31T05:03:28.631+0000][gc,phases     ] GC(826)   Evacuate Collection Set: 62.6ms
[2025-10-31T05:03:28.632+0000][gc,phases     ] GC(826)   Post Evacuate Collection Set: 6.3ms
[2025-10-31T05:03:28.635+0000][gc,phases     ] GC(826)   Other: 5.7ms
[2025-10-31T05:03:28.637+0000][gc,heap       ] GC(826) Eden regions: 22->0(22)
[2025-10-31T05:03:28.638+0000][gc,heap       ] GC(826) Survivor regions: 3->3(4)
[2025-10-31T05:03:28.640+0000][gc,heap       ] GC(826) Old regions: 229->230
[2025-10-31T05:03:28.641+0000][gc,heap       ] GC(826) Humongous regions: 147->147
[2025-10-31T05:03:28.642+0000][gc,metaspace  ] GC(826) Metaspace: 53315K(56752K)->53315K(56752K) NonClass: 47441K(49328K)->47441K(49328K) Class: 5873K(7424K)->5873K(7424K)
[2025-10-31T05:03:28.645+0000][gc            ] GC(826) Pause Young (Normal) (G1 Evacuation Pause) 399M->378M(512M) 89.886ms
[2025-10-31T05:03:28.647+0000][gc,cpu        ] GC(826) User=0.14s Sys=0.00s Real=0.09s
[2025-10-31T05:04:16.519+0000][gc,start      ] GC(827) Pause Young (Normal) (G1 Evacuation Pause)
[2025-10-31T05:04:16.520+0000][gc,task       ] GC(827) Using 2 workers of 2 for evacuation
[2025-10-31T05:04:16.561+0000][gc,mmu        ] GC(827) MMU target violated: 21.0ms (20.0ms/21.0ms)
[2025-10-31T05:04:16.562+0000][gc,phases     ] GC(827)   Pre Evacuate Collection Set: 0.1ms
[2025-10-31T05:04:16.563+0000][gc,phases     ] GC(827)   Evacuate Collection Set: 37.8ms
[2025-10-31T05:04:16.564+0000][gc,phases     ] GC(827)   Post Evacuate Collection Set: 1.8ms
[2025-10-31T05:04:16.565+0000][gc,phases     ] GC(827)   Other: 4.2ms
[2025-10-31T05:04:16.565+0000][gc,heap       ] GC(827) Eden regions: 22->0(21)
[2025-10-31T05:04:16.566+0000][gc,heap       ] GC(827) Survivor regions: 3->4(4)
[2025-10-31T05:04:16.567+0000][gc,heap       ] GC(827) Old regions: 230->230
[2025-10-31T05:04:16.568+0000][gc,heap       ] GC(827) Humongous regions: 147->147
[2025-10-31T05:04:16.568+0000][gc,metaspace  ] GC(827) Metaspace: 53315K(56752K)->53315K(56752K) NonClass: 47441K(49328K)->47441K(49328K) Class: 5873K(7424K)->5873K(7424K)
[2025-10-31T05:04:16.569+0000][gc            ] GC(827) Pause Young (Normal) (G1 Evacuation Pause) 400M->379M(512M) 50.535ms
[2025-10-31T05:04:16.570+0000][gc,cpu        ] GC(827) User=0.09s Sys=0.00s Real=0.05s
[2025-10-31T05:05:03.056+0000][gc,start      ] GC(828) Pause Young (Normal) (G1 Evacuation Pause)
[2025-10-31T05:05:03.058+0000][gc,task       ] GC(828) Using 2 workers of 2 for evacuation
[2025-10-31T05:05:03.172+0000][gc,mmu        ] GC(828) MMU target violated: 21.0ms (20.0ms/21.0ms)
[2025-10-31T05:05:03.173+0000][gc,phases     ] GC(828)   Pre Evacuate Collection Set: 0.1ms
[2025-10-31T05:05:03.174+0000][gc,phases     ] GC(828)   Evacuate Collection Set: 102.7ms
[2025-10-31T05:05:03.176+0000][gc,phases     ] GC(828)   Post Evacuate Collection Set: 4.8ms
[2025-10-31T05:05:03.181+0000][gc,phases     ] GC(828)   Other: 9.3ms
[2025-10-31T05:05:03.182+0000][gc,heap       ] GC(828) Eden regions: 21->0(21)
[2025-10-31T05:05:03.185+0000][gc,heap       ] GC(828) Survivor regions: 4->4(4)
[2025-10-31T05:05:03.187+0000][gc,heap       ] GC(828) Old regions: 230->232
[2025-10-31T05:05:03.189+0000][gc,heap       ] GC(828) Humongous regions: 147->147
[2025-10-31T05:05:03.192+0000][gc,metaspace  ] GC(828) Metaspace: 53315K(56752K)->53315K(56752K) NonClass: 47441K(49328K)->47441K(49328K) Class: 5873K(7424K)->5873K(7424K)
[2025-10-31T05:05:03.196+0000][gc            ] GC(828) Pause Young (Normal) (G1 Evacuation Pause) 400M->382M(512M) 139.554ms
[2025-10-31T05:05:03.200+0000][gc,cpu        ] GC(828) User=0.23s Sys=0.00s Real=0.14s
[2025-10-31T05:05:48.717+0000][gc,start      ] GC(829) Pause Young (Normal) (G1 Evacuation Pause)
[2025-10-31T05:05:48.719+0000][gc,task       ] GC(829) Using 2 workers of 2 for evacuation
[2025-10-31T05:05:48.800+0000][gc,mmu        ] GC(829) MMU target violated: 21.0ms (20.0ms/21.0ms)
[2025-10-31T05:05:48.801+0000][gc,phases     ] GC(829)   Pre Evacuate Collection Set: 0.0ms
[2025-10-31T05:05:48.802+0000][gc,phases     ] GC(829)   Evacuate Collection Set: 74.9ms
[2025-10-31T05:05:48.803+0000][gc,phases     ] GC(829)   Post Evacuate Collection Set: 2.1ms
[2025-10-31T05:05:48.804+0000][gc,phases     ] GC(829)   Other: 7.7ms
[2025-10-31T05:05:48.805+0000][gc,heap       ] GC(829) Eden regions: 21->0(22)
[2025-10-31T05:05:48.806+0000][gc,heap       ] GC(829) Survivor regions: 4->3(4)
[2025-10-31T05:05:48.807+0000][gc,heap       ] GC(829) Old regions: 232->234
[2025-10-31T05:05:48.808+0000][gc,heap       ] GC(829) Humongous regions: 147->147
[2025-10-31T05:05:48.809+0000][gc,metaspace  ] GC(829) Metaspace: 53315K(56752K)->53315K(56752K) NonClass: 47441K(49328K)->47441K(49328K) Class: 5873K(7424K)->5873K(7424K)
[2025-10-31T05:05:48.810+0000][gc            ] GC(829) Pause Young (Normal) (G1 Evacuation Pause) 403M->383M(512M) 93.164ms
[2025-10-31T05:05:48.811+0000][gc,cpu        ] GC(829) User=0.16s Sys=0.00s Real=0.10s
[2025-10-31T05:06:33.374+0000][gc,start      ] GC(830) Pause Young (Normal) (G1 Evacuation Pause)
[2025-10-31T05:06:33.376+0000][gc,task       ] GC(830) Using 2 workers of 2 for evacuation
[2025-10-31T05:06:33.486+0000][gc,mmu        ] GC(830) MMU target violated: 21.0ms (20.0ms/21.0ms)
[2025-10-31T05:06:33.487+0000][gc,phases     ] GC(830)   Pre Evacuate Collection Set: 0.2ms
[2025-10-31T05:06:33.489+0000][gc,phases     ] GC(830)   Evacuate Collection Set: 92.7ms
[2025-10-31T05:06:33.491+0000][gc,phases     ] GC(830)   Post Evacuate Collection Set: 11.2ms
[2025-10-31T05:06:33.495+0000][gc,phases     ] GC(830)   Other: 9.6ms
[2025-10-31T05:06:33.497+0000][gc,heap       ] GC(830) Eden regions: 22->0(22)
[2025-10-31T05:06:33.501+0000][gc,heap       ] GC(830) Survivor regions: 3->3(4)
[2025-10-31T05:06:33.502+0000][gc,heap       ] GC(830) Old regions: 234->236
[2025-10-31T05:06:33.505+0000][gc,heap       ] GC(830) Humongous regions: 147->147
[2025-10-31T05:06:33.507+0000][gc,metaspace  ] GC(830) Metaspace: 53315K(56752K)->53315K(56752K) NonClass: 47441K(49328K)->47441K(49328K) Class: 5873K(7424K)->5873K(7424K)
[2025-10-31T05:06:33.508+0000][gc            ] GC(830) Pause Young (Normal) (G1 Evacuation Pause) 405M->385M(512M) 134.204ms
[2025-10-31T05:06:33.509+0000][gc,cpu        ] GC(830) User=0.18s Sys=0.00s Real=0.13s
[2025-10-31T05:07:21.525+0000][gc,start      ] GC(831) Pause Young (Normal) (G1 Evacuation Pause)
[2025-10-31T05:07:21.528+0000][gc,task       ] GC(831) Using 2 workers of 2 for evacuation
[2025-10-31T05:07:21.588+0000][gc,mmu        ] GC(831) MMU target violated: 21.0ms (20.0ms/21.0ms)
[2025-10-31T05:07:21.590+0000][gc,phases     ] GC(831)   Pre Evacuate Collection Set: 0.1ms
[2025-10-31T05:07:21.592+0000][gc,phases     ] GC(831)   Evacuate Collection Set: 48.9ms
[2025-10-31T05:07:21.593+0000][gc,phases     ] GC(831)   Post Evacuate Collection Set: 5.8ms
[2025-10-31T05:07:21.597+0000][gc,phases     ] GC(831)   Other: 9.6ms
[2025-10-31T05:07:21.599+0000][gc,heap       ] GC(831) Eden regions: 22->0(22)
[2025-10-31T05:07:21.600+0000][gc,heap       ] GC(831) Survivor regions: 3->3(4)
[2025-10-31T05:07:21.604+0000][gc,heap       ] GC(831) Old regions: 236->237
[2025-10-31T05:07:21.605+0000][gc,heap       ] GC(831) Humongous regions: 147->147
[2025-10-31T05:07:21.607+0000][gc,metaspace  ] GC(831) Metaspace: 53315K(56752K)->53315K(56752K) NonClass: 47441K(49328K)->47441K(49328K) Class: 5873K(7424K)->5873K(7424K)
[2025-10-31T05:07:21.610+0000][gc            ] GC(831) Pause Young (Normal) (G1 Evacuation Pause) 407M->386M(512M) 84.622ms
[2025-10-31T05:07:21.614+0000][gc,cpu        ] GC(831) User=0.09s Sys=0.02s Real=0.09s
[2025-10-31T05:08:10.007+0000][gc,start      ] GC(832) Pause Young (Normal) (G1 Evacuation Pause)
[2025-10-31T05:08:10.008+0000][gc,task       ] GC(832) Using 2 workers of 2 for evacuation
[2025-10-31T05:08:10.076+0000][gc,mmu        ] GC(832) MMU target violated: 21.0ms (20.0ms/21.0ms)
[2025-10-31T05:08:10.077+0000][gc,phases     ] GC(832)   Pre Evacuate Collection Set: 0.0ms
[2025-10-31T05:08:10.079+0000][gc,phases     ] GC(832)   Evacuate Collection Set: 61.4ms
[2025-10-31T05:08:10.080+0000][gc,phases     ] GC(832)   Post Evacuate Collection Set: 4.6ms
[2025-10-31T05:08:10.081+0000][gc,phases     ] GC(832)   Other: 4.0ms
[2025-10-31T05:08:10.082+0000][gc,heap       ] GC(832) Eden regions: 22->0(23)
[2025-10-31T05:08:10.083+0000][gc,heap       ] GC(832) Survivor regions: 3->2(4)
[2025-10-31T05:08:10.084+0000][gc,heap       ] GC(832) Old regions: 237->239
[2025-10-31T05:08:10.084+0000][gc,heap       ] GC(832) Humongous regions: 147->147
[2025-10-31T05:08:10.087+0000][gc,metaspace  ] GC(832) Metaspace: 53315K(56752K)->53315K(56752K) NonClass: 47441K(49328K)->47441K(49328K) Class: 5873K(7424K)->5873K(7424K)
[2025-10-31T05:08:10.088+0000][gc            ] GC(832) Pause Young (Normal) (G1 Evacuation Pause) 408M->387M(512M) 81.741ms
[2025-10-31T05:08:10.089+0000][gc,cpu        ] GC(832) User=0.13s Sys=0.00s Real=0.08s
[2025-10-31T05:09:00.296+0000][gc,start      ] GC(833) Pause Young (Normal) (G1 Evacuation Pause)
[2025-10-31T05:09:00.297+0000][gc,task       ] GC(833) Using 2 workers of 2 for evacuation
[2025-10-31T05:09:00.381+0000][gc,mmu        ] GC(833) MMU target violated: 21.0ms (20.0ms/21.0ms)
[2025-10-31T05:09:00.383+0000][gc,phases     ] GC(833)   Pre Evacuate Collection Set: 0.1ms
[2025-10-31T05:09:00.385+0000][gc,phases     ] GC(833)   Evacuate Collection Set: 75.1ms
[2025-10-31T05:09:00.387+0000][gc,phases     ] GC(833)   Post Evacuate Collection Set: 6.2ms
[2025-10-31T05:09:00.390+0000][gc,phases     ] GC(833)   Other: 6.3ms
[2025-10-31T05:09:00.393+0000][gc,heap       ] GC(833) Eden regions: 23->0(21)
[2025-10-31T05:09:00.396+0000][gc,heap       ] GC(833) Survivor regions: 2->4(4)
[2025-10-31T05:09:00.397+0000][gc,heap       ] GC(833) Old regions: 239->239
[2025-10-31T05:09:00.398+0000][gc,heap       ] GC(833) Humongous regions: 147->147
[2025-10-31T05:09:00.399+0000][gc,metaspace  ] GC(833) Metaspace: 53315K(56752K)->53315K(56752K) NonClass: 47441K(49328K)->47441K(49328K) Class: 5873K(7424K)->5873K(7424K)
[2025-10-31T05:09:00.400+0000][gc            ] GC(833) Pause Young (Normal) (G1 Evacuation Pause) 410M->388M(512M) 104.575ms
[2025-10-31T05:09:00.402+0000][gc,cpu        ] GC(833) User=0.16s Sys=0.00s Real=0.11s
[2025-10-31T05:09:46.524+0000][gc,start      ] GC(834) Pause Young (Normal) (G1 Evacuation Pause)
[2025-10-31T05:09:46.525+0000][gc,task       ] GC(834) Using 2 workers of 2 for evacuation
[2025-10-31T05:09:46.597+0000][gc,mmu        ] GC(834) MMU target violated: 21.0ms (20.0ms/21.0ms)
[2025-10-31T05:09:46.598+0000][gc,phases     ] GC(834)   Pre Evacuate Collection Set: 0.0ms
[2025-10-31T05:09:46.599+0000][gc,phases     ] GC(834)   Evacuate Collection Set: 68.6ms
[2025-10-31T05:09:46.600+0000][gc,phases     ] GC(834)   Post Evacuate Collection Set: 2.5ms
[2025-10-31T05:09:46.601+0000][gc,phases     ] GC(834)   Other: 3.5ms
[2025-10-31T05:09:46.602+0000][gc,heap       ] GC(834) Eden regions: 21->0(21)
[2025-10-31T05:09:46.603+0000][gc,heap       ] GC(834) Survivor regions: 4->4(4)
[2025-10-31T05:09:46.603+0000][gc,heap       ] GC(834) Old regions: 239->241
[2025-10-31T05:09:46.604+0000][gc,heap       ] GC(834) Humongous regions: 147->147
[2025-10-31T05:09:46.605+0000][gc,metaspace  ] GC(834) Metaspace: 53315K(56752K)->53315K(56752K) NonClass: 47441K(49328K)->47441K(49328K) Class: 5873K(7424K)->5873K(7424K)
[2025-10-31T05:09:46.605+0000][gc            ] GC(834) Pause Young (Normal) (G1 Evacuation Pause) 409M->391M(512M) 81.708ms
[2025-10-31T05:09:46.606+0000][gc,cpu        ] GC(834) User=0.15s Sys=0.00s Real=0.08s
[2025-10-31T05:10:31.754+0000][gc,start      ] GC(835) Pause Young (Normal) (G1 Evacuation Pause)
[2025-10-31T05:10:31.755+0000][gc,task       ] GC(835) Using 2 workers of 2 for evacuation
[2025-10-31T05:10:31.823+0000][gc,mmu        ] GC(835) MMU target violated: 21.0ms (20.0ms/21.0ms)
[2025-10-31T05:10:31.824+0000][gc,phases     ] GC(835)   Pre Evacuate Collection Set: 0.1ms
[2025-10-31T05:10:31.825+0000][gc,phases     ] GC(835)   Evacuate Collection Set: 63.2ms
[2025-10-31T05:10:31.826+0000][gc,phases     ] GC(835)   Post Evacuate Collection Set: 3.3ms
[2025-10-31T05:10:31.827+0000][gc,phases     ] GC(835)   Other: 3.7ms
[2025-10-31T05:10:31.828+0000][gc,heap       ] GC(835) Eden regions: 21->0(22)
[2025-10-31T05:10:31.830+0000][gc,heap       ] GC(835) Survivor regions: 4->3(4)
[2025-10-31T05:10:31.830+0000][gc,heap       ] GC(835) Old regions: 241->243
[2025-10-31T05:10:31.831+0000][gc,heap       ] GC(835) Humongous regions: 147->147
[2025-10-31T05:10:31.832+0000][gc,metaspace  ] GC(835) Metaspace: 53315K(56752K)->53315K(56752K) NonClass: 47441K(49328K)->47441K(49328K) Class: 5873K(7424K)->5873K(7424K)
[2025-10-31T05:10:31.833+0000][gc            ] GC(835) Pause Young (Normal) (G1 Evacuation Pause) 412M->392M(512M) 79.496ms
[2025-10-31T05:10:31.835+0000][gc,cpu        ] GC(835) User=0.14s Sys=0.00s Real=0.08s
[2025-10-31T05:11:20.850+0000][gc,start      ] GC(836) Pause Young (Normal) (G1 Evacuation Pause)
[2025-10-31T05:11:20.851+0000][gc,task       ] GC(836) Using 2 workers of 2 for evacuation
[2025-10-31T05:11:20.916+0000][gc,mmu        ] GC(836) MMU target violated: 21.0ms (20.0ms/21.0ms)
[2025-10-31T05:11:20.917+0000][gc,phases     ] GC(836)   Pre Evacuate Collection Set: 0.0ms
[2025-10-31T05:11:20.918+0000][gc,phases     ] GC(836)   Evacuate Collection Set: 60.4ms
[2025-10-31T05:11:20.919+0000][gc,phases     ] GC(836)   Post Evacuate Collection Set: 3.3ms
[2025-10-31T05:11:20.920+0000][gc,phases     ] GC(836)   Other: 3.6ms
[2025-10-31T05:11:20.921+0000][gc,heap       ] GC(836) Eden regions: 22->0(22)
[2025-10-31T05:11:20.922+0000][gc,heap       ] GC(836) Survivor regions: 3->3(4)
[2025-10-31T05:11:20.923+0000][gc,heap       ] GC(836) Old regions: 243->244
[2025-10-31T05:11:20.924+0000][gc,heap       ] GC(836) Humongous regions: 147->147
[2025-10-31T05:11:20.925+0000][gc,metaspace  ] GC(836) Metaspace: 53315K(56752K)->53315K(56752K) NonClass: 47441K(49328K)->47441K(49328K) Class: 5873K(7424K)->5873K(7424K)
[2025-10-31T05:11:20.927+0000][gc            ] GC(836) Pause Young (Normal) (G1 Evacuation Pause) 414M->393M(512M) 76.515ms
[2025-10-31T05:11:20.927+0000][gc,cpu        ] GC(836) User=0.13s Sys=0.00s Real=0.08s
[2025-10-31T05:12:05.167+0000][gc,start      ] GC(837) Pause Young (Normal) (G1 Evacuation Pause)
[2025-10-31T05:12:05.169+0000][gc,task       ] GC(837) Using 2 workers of 2 for evacuation
[2025-10-31T05:12:05.264+0000][gc,mmu        ] GC(837) MMU target violated: 21.0ms (20.0ms/21.0ms)
[2025-10-31T05:12:05.266+0000][gc,phases     ] GC(837)   Pre Evacuate Collection Set: 0.1ms
[2025-10-31T05:12:05.267+0000][gc,phases     ] GC(837)   Evacuate Collection Set: 88.3ms
[2025-10-31T05:12:05.269+0000][gc,phases     ] GC(837)   Post Evacuate Collection Set: 3.9ms
[2025-10-31T05:12:05.270+0000][gc,phases     ] GC(837)   Other: 6.2ms
[2025-10-31T05:12:05.273+0000][gc,heap       ] GC(837) Eden regions: 22->0(22)
[2025-10-31T05:12:05.277+0000][gc,heap       ] GC(837) Survivor regions: 3->3(4)
[2025-10-31T05:12:05.279+0000][gc,heap       ] GC(837) Old regions: 244->246
[2025-10-31T05:12:05.281+0000][gc,heap       ] GC(837) Humongous regions: 147->147
[2025-10-31T05:12:05.283+0000][gc,metaspace  ] GC(837) Metaspace: 53315K(56752K)->53315K(56752K) NonClass: 47441K(49328K)->47441K(49328K) Class: 5873K(7424K)->5873K(7424K)
[2025-10-31T05:12:05.286+0000][gc            ] GC(837) Pause Young (Normal) (G1 Evacuation Pause) 415M->394M(512M) 118.582ms
[2025-10-31T05:12:05.288+0000][gc,cpu        ] GC(837) User=0.19s Sys=0.00s Real=0.12s
[2025-10-31T05:12:53.572+0000][gc,start      ] GC(838) Pause Young (Normal) (G1 Evacuation Pause)
[2025-10-31T05:12:53.576+0000][gc,task       ] GC(838) Using 2 workers of 2 for evacuation
[2025-10-31T05:12:53.661+0000][gc,mmu        ] GC(838) MMU target violated: 21.0ms (20.0ms/21.0ms)
[2025-10-31T05:12:53.663+0000][gc,phases     ] GC(838)   Pre Evacuate Collection Set: 0.1ms
[2025-10-31T05:12:53.664+0000][gc,phases     ] GC(838)   Evacuate Collection Set: 77.0ms
[2025-10-31T05:12:53.665+0000][gc,phases     ] GC(838)   Post Evacuate Collection Set: 4.7ms
[2025-10-31T05:12:53.667+0000][gc,phases     ] GC(838)   Other: 10.7ms
[2025-10-31T05:12:53.668+0000][gc,heap       ] GC(838) Eden regions: 22->0(23)
[2025-10-31T05:12:53.669+0000][gc,heap       ] GC(838) Survivor regions: 3->2(4)
[2025-10-31T05:12:53.670+0000][gc,heap       ] GC(838) Old regions: 246->247
[2025-10-31T05:12:53.671+0000][gc,heap       ] GC(838) Humongous regions: 147->147
[2025-10-31T05:12:53.673+0000][gc,metaspace  ] GC(838) Metaspace: 53315K(56752K)->53315K(56752K) NonClass: 47441K(49328K)->47441K(49328K) Class: 5873K(7424K)->5873K(7424K)
[2025-10-31T05:12:53.674+0000][gc            ] GC(838) Pause Young (Normal) (G1 Evacuation Pause) 416M->395M(512M) 102.059ms
[2025-10-31T05:12:53.675+0000][gc,cpu        ] GC(838) User=0.17s Sys=0.00s Real=0.11s
[2025-10-31T05:13:44.065+0000][gc,start      ] GC(839) Pause Young (Normal) (G1 Evacuation Pause)
[2025-10-31T05:13:44.068+0000][gc,task       ] GC(839) Using 2 workers of 2 for evacuation
[2025-10-31T05:13:44.153+0000][gc,mmu        ] GC(839) MMU target violated: 21.0ms (20.0ms/21.0ms)
[2025-10-31T05:13:44.155+0000][gc,phases     ] GC(839)   Pre Evacuate Collection Set: 0.1ms
[2025-10-31T05:13:44.157+0000][gc,phases     ] GC(839)   Evacuate Collection Set: 78.5ms
[2025-10-31T05:13:44.159+0000][gc,phases     ] GC(839)   Post Evacuate Collection Set: 4.7ms
[2025-10-31T05:13:44.161+0000][gc,phases     ] GC(839)   Other: 5.7ms
[2025-10-31T05:13:44.162+0000][gc,heap       ] GC(839) Eden regions: 23->0(22)
[2025-10-31T05:13:44.166+0000][gc,heap       ] GC(839) Survivor regions: 2->3(4)
[2025-10-31T05:13:44.167+0000][gc,heap       ] GC(839) Old regions: 247->247
[2025-10-31T05:13:44.168+0000][gc,heap       ] GC(839) Humongous regions: 147->147
[2025-10-31T05:13:44.171+0000][gc,metaspace  ] GC(839) Metaspace: 53315K(56752K)->53315K(56752K) NonClass: 47441K(49328K)->47441K(49328K) Class: 5873K(7424K)->5873K(7424K)
[2025-10-31T05:13:44.176+0000][gc            ] GC(839) Pause Young (Normal) (G1 Evacuation Pause) 418M->396M(512M) 110.400ms
[2025-10-31T05:13:44.177+0000][gc,cpu        ] GC(839) User=0.17s Sys=0.00s Real=0.11s
[2025-10-31T05:14:32.146+0000][gc,start      ] GC(840) Pause Young (Normal) (G1 Evacuation Pause)
[2025-10-31T05:14:32.147+0000][gc,task       ] GC(840) Using 2 workers of 2 for evacuation
[2025-10-31T05:14:32.233+0000][gc,mmu        ] GC(840) MMU target violated: 21.0ms (20.0ms/21.0ms)
[2025-10-31T05:14:32.234+0000][gc,phases     ] GC(840)   Pre Evacuate Collection Set: 0.1ms
[2025-10-31T05:14:32.235+0000][gc,phases     ] GC(840)   Evacuate Collection Set: 81.4ms
[2025-10-31T05:14:32.236+0000][gc,phases     ] GC(840)   Post Evacuate Collection Set: 3.0ms
[2025-10-31T05:14:32.237+0000][gc,phases     ] GC(840)   Other: 4.1ms
[2025-10-31T05:14:32.238+0000][gc,heap       ] GC(840) Eden regions: 22->0(21)
[2025-10-31T05:14:32.239+0000][gc,heap       ] GC(840) Survivor regions: 3->4(4)
[2025-10-31T05:14:32.241+0000][gc,heap       ] GC(840) Old regions: 247->249
[2025-10-31T05:14:32.242+0000][gc,heap       ] GC(840) Humongous regions: 147->147
[2025-10-31T05:14:32.243+0000][gc,metaspace  ] GC(840) Metaspace: 53315K(56752K)->53315K(56752K) NonClass: 47441K(49328K)->47441K(49328K) Class: 5873K(7424K)->5873K(7424K)
[2025-10-31T05:14:32.244+0000][gc            ] GC(840) Pause Young (Normal) (G1 Evacuation Pause) 418M->399M(512M) 98.442ms
[2025-10-31T05:14:32.245+0000][gc,cpu        ] GC(840) User=0.17s Sys=0.00s Real=0.10s
[2025-10-31T05:15:18.253+0000][gc,start      ] GC(841) Pause Young (Normal) (G1 Evacuation Pause)
[2025-10-31T05:15:18.254+0000][gc,task       ] GC(841) Using 2 workers of 2 for evacuation
[2025-10-31T05:15:18.323+0000][gc,mmu        ] GC(841) MMU target violated: 21.0ms (20.0ms/21.0ms)
[2025-10-31T05:15:18.325+0000][gc,phases     ] GC(841)   Pre Evacuate Collection Set: 0.0ms
[2025-10-31T05:15:18.326+0000][gc,phases     ] GC(841)   Evacuate Collection Set: 62.3ms
[2025-10-31T05:15:18.327+0000][gc,phases     ] GC(841)   Post Evacuate Collection Set: 4.0ms
[2025-10-31T05:15:18.328+0000][gc,phases     ] GC(841)   Other: 5.4ms
[2025-10-31T05:15:18.329+0000][gc,heap       ] GC(841) Eden regions: 21->0(21)
[2025-10-31T05:15:18.329+0000][gc,heap       ] GC(841) Survivor regions: 4->4(4)
[2025-10-31T05:15:18.331+0000][gc,heap       ] GC(841) Old regions: 249->252
[2025-10-31T05:15:18.331+0000][gc,heap       ] GC(841) Humongous regions: 147->147
[2025-10-31T05:15:18.332+0000][gc,metaspace  ] GC(841) Metaspace: 53315K(56752K)->53315K(56752K) NonClass: 47441K(49328K)->47441K(49328K) Class: 5873K(7424K)->5873K(7424K)
[2025-10-31T05:15:18.333+0000][gc            ] GC(841) Pause Young (Normal) (G1 Evacuation Pause) 420M->401M(512M) 80.285ms
[2025-10-31T05:15:18.335+0000][gc,cpu        ] GC(841) User=0.14s Sys=0.00s Real=0.08s
[2025-10-31T05:16:03.971+0000][gc,start      ] GC(842) Pause Young (Normal) (G1 Evacuation Pause)
[2025-10-31T05:16:03.971+0000][gc,task       ] GC(842) Using 2 workers of 2 for evacuation
[2025-10-31T05:16:04.013+0000][gc,mmu        ] GC(842) MMU target violated: 21.0ms (20.0ms/21.0ms)
[2025-10-31T05:16:04.014+0000][gc,phases     ] GC(842)   Pre Evacuate Collection Set: 0.0ms
[2025-10-31T05:16:04.015+0000][gc,phases     ] GC(842)   Evacuate Collection Set: 38.0ms
[2025-10-31T05:16:04.016+0000][gc,phases     ] GC(842)   Post Evacuate Collection Set: 2.7ms
[2025-10-31T05:16:04.016+0000][gc,phases     ] GC(842)   Other: 2.9ms
[2025-10-31T05:16:04.017+0000][gc,heap       ] GC(842) Eden regions: 21->0(22)
[2025-10-31T05:16:04.019+0000][gc,heap       ] GC(842) Survivor regions: 4->3(4)
[2025-10-31T05:16:04.020+0000][gc,heap       ] GC(842) Old regions: 252->253
[2025-10-31T05:16:04.021+0000][gc,heap       ] GC(842) Humongous regions: 147->147
[2025-10-31T05:16:04.022+0000][gc,metaspace  ] GC(842) Metaspace: 53315K(56752K)->53315K(56752K) NonClass: 47441K(49328K)->47441K(49328K) Class: 5873K(7424K)->5873K(7424K)
[2025-10-31T05:16:04.023+0000][gc            ] GC(842) Pause Young (Normal) (G1 Evacuation Pause) 422M->402M(512M) 51.966ms
[2025-10-31T05:16:04.023+0000][gc,cpu        ] GC(842) User=0.08s Sys=0.00s Real=0.05s
[2025-10-31T05:16:49.265+0000][gc,start      ] GC(843) Pause Young (Normal) (G1 Evacuation Pause)
[2025-10-31T05:16:49.269+0000][gc,task       ] GC(843) Using 2 workers of 2 for evacuation
[2025-10-31T05:16:49.335+0000][gc,mmu        ] GC(843) MMU target violated: 21.0ms (20.0ms/21.0ms)
[2025-10-31T05:16:49.336+0000][gc,phases     ] GC(843)   Pre Evacuate Collection Set: 0.0ms
[2025-10-31T05:16:49.340+0000][gc,phases     ] GC(843)   Evacuate Collection Set: 58.8ms
[2025-10-31T05:16:49.343+0000][gc,phases     ] GC(843)   Post Evacuate Collection Set: 4.5ms
[2025-10-31T05:16:49.344+0000][gc,phases     ] GC(843)   Other: 8.0ms
[2025-10-31T05:16:49.345+0000][gc,heap       ] GC(843) Eden regions: 22->0(22)
[2025-10-31T05:16:49.346+0000][gc,heap       ] GC(843) Survivor regions: 3->3(4)
[2025-10-31T05:16:49.348+0000][gc,heap       ] GC(843) Old regions: 253->254
[2025-10-31T05:16:49.350+0000][gc,heap       ] GC(843) Humongous regions: 147->147
[2025-10-31T05:16:49.352+0000][gc,metaspace  ] GC(843) Metaspace: 53315K(56752K)->53315K(56752K) NonClass: 47441K(49328K)->47441K(49328K) Class: 5873K(7424K)->5873K(7424K)
[2025-10-31T05:16:49.352+0000][gc            ] GC(843) Pause Young (Normal) (G1 Evacuation Pause) 424M->403M(512M) 87.732ms
[2025-10-31T05:16:49.354+0000][gc,cpu        ] GC(843) User=0.13s Sys=0.00s Real=0.09s
[2025-10-31T05:17:37.592+0000][gc,start      ] GC(844) Pause Young (Normal) (G1 Evacuation Pause)
[2025-10-31T05:17:37.594+0000][gc,task       ] GC(844) Using 2 workers of 2 for evacuation
[2025-10-31T05:17:37.702+0000][gc,mmu        ] GC(844) MMU target violated: 21.0ms (20.0ms/21.0ms)
[2025-10-31T05:17:37.704+0000][gc,phases     ] GC(844)   Pre Evacuate Collection Set: 0.1ms
[2025-10-31T05:17:37.705+0000][gc,phases     ] GC(844)   Evacuate Collection Set: 99.6ms
[2025-10-31T05:17:37.706+0000][gc,phases     ] GC(844)   Post Evacuate Collection Set: 2.9ms
[2025-10-31T05:17:37.707+0000][gc,phases     ] GC(844)   Other: 9.8ms
[2025-10-31T05:17:37.714+0000][gc,heap       ] GC(844) Eden regions: 22->0(23)
[2025-10-31T05:17:37.716+0000][gc,heap       ] GC(844) Survivor regions: 3->2(4)
[2025-10-31T05:17:37.718+0000][gc,heap       ] GC(844) Old regions: 254->256
[2025-10-31T05:17:37.719+0000][gc,heap       ] GC(844) Humongous regions: 147->147
[2025-10-31T05:17:37.720+0000][gc,metaspace  ] GC(844) Metaspace: 53315K(56752K)->53315K(56752K) NonClass: 47441K(49328K)->47441K(49328K) Class: 5873K(7424K)->5873K(7424K)
[2025-10-31T05:17:37.722+0000][gc            ] GC(844) Pause Young (Normal) (G1 Evacuation Pause) 425M->404M(512M) 129.806ms
[2025-10-31T05:17:37.724+0000][gc,cpu        ] GC(844) User=0.21s Sys=0.00s Real=0.13s
[2025-10-31T05:18:29.009+0000][gc,start      ] GC(845) Pause Young (Normal) (G1 Evacuation Pause)
[2025-10-31T05:18:29.011+0000][gc,task       ] GC(845) Using 2 workers of 2 for evacuation
[2025-10-31T05:18:29.097+0000][gc,mmu        ] GC(845) MMU target violated: 21.0ms (20.0ms/21.0ms)
[2025-10-31T05:18:29.098+0000][gc,phases     ] GC(845)   Pre Evacuate Collection Set: 0.1ms
[2025-10-31T05:18:29.099+0000][gc,phases     ] GC(845)   Evacuate Collection Set: 78.0ms
[2025-10-31T05:18:29.101+0000][gc,phases     ] GC(845)   Post Evacuate Collection Set: 3.2ms
[2025-10-31T05:18:29.103+0000][gc,phases     ] GC(845)   Other: 8.2ms
[2025-10-31T05:18:29.103+0000][gc,heap       ] GC(845) Eden regions: 23->0(22)
[2025-10-31T05:18:29.104+0000][gc,heap       ] GC(845) Survivor regions: 2->3(4)
[2025-10-31T05:18:29.105+0000][gc,heap       ] GC(845) Old regions: 256->256
[2025-10-31T05:18:29.106+0000][gc,heap       ] GC(845) Humongous regions: 147->147
[2025-10-31T05:18:29.107+0000][gc,metaspace  ] GC(845) Metaspace: 53315K(56752K)->53315K(56752K) NonClass: 47441K(49328K)->47441K(49328K) Class: 5873K(7424K)->5873K(7424K)
[2025-10-31T05:18:29.108+0000][gc            ] GC(845) Pause Young (Normal) (G1 Evacuation Pause) 427M->405M(512M) 99.390ms
[2025-10-31T05:18:29.110+0000][gc,cpu        ] GC(845) User=0.17s Sys=0.00s Real=0.10s
[2025-10-31T05:19:17.476+0000][gc,start      ] GC(846) Pause Young (Normal) (G1 Evacuation Pause)
[2025-10-31T05:19:17.480+0000][gc,task       ] GC(846) Using 2 workers of 2 for evacuation
[2025-10-31T05:19:17.662+0000][gc,mmu        ] GC(846) MMU target violated: 21.0ms (20.0ms/21.0ms)
[2025-10-31T05:19:17.663+0000][gc,phases     ] GC(846)   Pre Evacuate Collection Set: 0.1ms
[2025-10-31T05:19:17.667+0000][gc,phases     ] GC(846)   Evacuate Collection Set: 172.8ms
[2025-10-31T05:19:17.670+0000][gc,phases     ] GC(846)   Post Evacuate Collection Set: 3.5ms
[2025-10-31T05:19:17.671+0000][gc,phases     ] GC(846)   Other: 10.3ms
[2025-10-31T05:19:17.678+0000][gc,heap       ] GC(846) Eden regions: 22->0(21)
[2025-10-31T05:19:17.680+0000][gc,heap       ] GC(846) Survivor regions: 3->4(4)
[2025-10-31T05:19:17.682+0000][gc,heap       ] GC(846) Old regions: 256->258
[2025-10-31T05:19:17.683+0000][gc,heap       ] GC(846) Humongous regions: 147->147
[2025-10-31T05:19:17.685+0000][gc,metaspace  ] GC(846) Metaspace: 53315K(56752K)->53315K(56752K) NonClass: 47441K(49328K)->47441K(49328K) Class: 5873K(7424K)->5873K(7424K)
[2025-10-31T05:19:17.686+0000][gc            ] GC(846) Pause Young (Normal) (G1 Evacuation Pause) 427M->408M(512M) 209.879ms
[2025-10-31T05:19:17.688+0000][gc,cpu        ] GC(846) User=0.29s Sys=0.00s Real=0.21s
[2025-10-31T05:20:02.730+0000][gc,start      ] GC(847) Pause Young (Normal) (G1 Evacuation Pause)
[2025-10-31T05:20:02.731+0000][gc,task       ] GC(847) Using 2 workers of 2 for evacuation
[2025-10-31T05:20:02.851+0000][gc,mmu        ] GC(847) MMU target violated: 21.0ms (20.0ms/21.0ms)
[2025-10-31T05:20:02.853+0000][gc,phases     ] GC(847)   Pre Evacuate Collection Set: 0.0ms
[2025-10-31T05:20:02.860+0000][gc,phases     ] GC(847)   Evacuate Collection Set: 107.6ms
[2025-10-31T05:20:02.861+0000][gc,phases     ] GC(847)   Post Evacuate Collection Set: 7.7ms
[2025-10-31T05:20:02.863+0000][gc,phases     ] GC(847)   Other: 8.1ms
[2025-10-31T05:20:02.866+0000][gc,heap       ] GC(847) Eden regions: 21->0(22)
[2025-10-31T05:20:02.868+0000][gc,heap       ] GC(847) Survivor regions: 4->3(4)
[2025-10-31T05:20:02.869+0000][gc,heap       ] GC(847) Old regions: 258->260
[2025-10-31T05:20:02.870+0000][gc,heap       ] GC(847) Humongous regions: 147->147
[2025-10-31T05:20:02.872+0000][gc,metaspace  ] GC(847) Metaspace: 53315K(56752K)->53315K(56752K) NonClass: 47441K(49328K)->47441K(49328K) Class: 5873K(7424K)->5873K(7424K)
[2025-10-31T05:20:02.874+0000][gc            ] GC(847) Pause Young (Normal) (G1 Evacuation Pause) 429M->409M(512M) 144.078ms
[2025-10-31T05:20:02.877+0000][gc,cpu        ] GC(847) User=0.22s Sys=0.00s Real=0.14s
[2025-10-31T05:20:51.533+0000][gc,start      ] GC(848) Pause Young (Normal) (G1 Evacuation Pause)
[2025-10-31T05:20:51.534+0000][gc,task       ] GC(848) Using 2 workers of 2 for evacuation
[2025-10-31T05:20:51.592+0000][gc,mmu        ] GC(848) MMU target violated: 21.0ms (20.0ms/21.0ms)
[2025-10-31T05:20:51.594+0000][gc,phases     ] GC(848)   Pre Evacuate Collection Set: 0.1ms
[2025-10-31T05:20:51.595+0000][gc,phases     ] GC(848)   Evacuate Collection Set: 53.9ms
[2025-10-31T05:20:51.595+0000][gc,phases     ] GC(848)   Post Evacuate Collection Set: 3.1ms
[2025-10-31T05:20:51.596+0000][gc,phases     ] GC(848)   Other: 3.7ms
[2025-10-31T05:20:51.598+0000][gc,heap       ] GC(848) Eden regions: 22->0(22)
[2025-10-31T05:20:51.599+0000][gc,heap       ] GC(848) Survivor regions: 3->3(4)
[2025-10-31T05:20:51.600+0000][gc,heap       ] GC(848) Old regions: 260->261
[2025-10-31T05:20:51.601+0000][gc,heap       ] GC(848) Humongous regions: 147->147
[2025-10-31T05:20:51.601+0000][gc,metaspace  ] GC(848) Metaspace: 53315K(56752K)->53315K(56752K) NonClass: 47441K(49328K)->47441K(49328K) Class: 5873K(7424K)->5873K(7424K)
[2025-10-31T05:20:51.602+0000][gc            ] GC(848) Pause Young (Normal) (G1 Evacuation Pause) 431M->410M(512M) 69.388ms
[2025-10-31T05:20:51.604+0000][gc,cpu        ] GC(848) User=0.12s Sys=0.00s Real=0.08s
[2025-10-31T05:36:32.644+0000][gc,start      ] GC(849) Pause Young (Normal) (G1 Evacuation Pause)
[2025-10-31T05:36:32.645+0000][gc,task       ] GC(849) Using 2 workers of 2 for evacuation
[2025-10-31T05:36:32.677+0000][gc,mmu        ] GC(849) MMU target violated: 21.0ms (20.0ms/21.0ms)
[2025-10-31T05:36:32.678+0000][gc,phases     ] GC(849)   Pre Evacuate Collection Set: 0.0ms
[2025-10-31T05:36:32.678+0000][gc,phases     ] GC(849)   Evacuate Collection Set: 41.9ms
[2025-10-31T05:36:32.679+0000][gc,phases     ] GC(849)   Post Evacuate Collection Set: 25.7ms
[2025-10-31T05:36:32.679+0000][gc,phases     ] GC(849)   Other: 1.4ms
[2025-10-31T05:36:32.679+0000][gc,heap       ] GC(849) Eden regions: 22->0(22)
[2025-10-31T05:36:32.679+0000][gc,heap       ] GC(849) Survivor regions: 3->3(4)
[2025-10-31T05:36:32.680+0000][gc,heap       ] GC(849) Old regions: 261->263
[2025-10-31T05:36:32.682+0000][gc,heap       ] GC(849) Humongous regions: 147->147
[2025-10-31T05:36:32.682+0000][gc,metaspace  ] GC(849) Metaspace: 53315K(56752K)->53315K(56752K) NonClass: 47441K(49328K)->47441K(49328K) Class: 5873K(7424K)->5873K(7424K)
[2025-10-31T05:36:32.684+0000][gc            ] GC(849) Pause Young (Normal) (G1 Evacuation Pause) 432M->411M(512M) 75.453ms
[2025-10-31T05:36:32.684+0000][gc,cpu        ] GC(849) User=0.04s Sys=0.00s Real=0.07s
[2025-10-31T05:36:34.259+0000][gc,start      ] GC(850) Pause Young (Normal) (G1 Evacuation Pause)
[2025-10-31T05:36:34.259+0000][gc,task       ] GC(850) Using 2 workers of 2 for evacuation
[2025-10-31T05:36:34.274+0000][gc,phases     ] GC(850)   Pre Evacuate Collection Set: 0.1ms
[2025-10-31T05:36:34.274+0000][gc,phases     ] GC(850)   Evacuate Collection Set: 12.6ms
[2025-10-31T05:36:34.274+0000][gc,phases     ] GC(850)   Post Evacuate Collection Set: 1.0ms
[2025-10-31T05:36:34.275+0000][gc,phases     ] GC(850)   Other: 0.8ms
[2025-10-31T05:36:34.275+0000][gc,heap       ] GC(850) Eden regions: 22->0(23)
[2025-10-31T05:36:34.275+0000][gc,heap       ] GC(850) Survivor regions: 3->2(4)
[2025-10-31T05:36:34.275+0000][gc,heap       ] GC(850) Old regions: 263->265
[2025-10-31T05:36:34.276+0000][gc,heap       ] GC(850) Humongous regions: 147->147
[2025-10-31T05:36:34.276+0000][gc,metaspace  ] GC(850) Metaspace: 53378K(56752K)->53378K(56752K) NonClass: 47502K(49328K)->47502K(49328K) Class: 5875K(7424K)->5875K(7424K)
[2025-10-31T05:36:34.276+0000][gc            ] GC(850) Pause Young (Normal) (G1 Evacuation Pause) 433M->413M(512M) 16.989ms
[2025-10-31T05:36:34.276+0000][gc,cpu        ] GC(850) User=0.03s Sys=0.00s Real=0.01s
[2025-10-31T05:37:19.961+0000][gc,start      ] GC(851) Pause Young (Normal) (G1 Evacuation Pause)
[2025-10-31T05:37:19.963+0000][gc,task       ] GC(851) Using 2 workers of 2 for evacuation
[2025-10-31T05:37:20.065+0000][gc,mmu        ] GC(851) MMU target violated: 21.0ms (20.0ms/21.0ms)
[2025-10-31T05:37:20.066+0000][gc,phases     ] GC(851)   Pre Evacuate Collection Set: 0.1ms
[2025-10-31T05:37:20.068+0000][gc,phases     ] GC(851)   Evacuate Collection Set: 93.4ms
[2025-10-31T05:37:20.070+0000][gc,phases     ] GC(851)   Post Evacuate Collection Set: 6.6ms
[2025-10-31T05:37:20.071+0000][gc,phases     ] GC(851)   Other: 5.5ms
[2025-10-31T05:37:20.077+0000][gc,heap       ] GC(851) Eden regions: 23->0(21)
[2025-10-31T05:37:20.078+0000][gc,heap       ] GC(851) Survivor regions: 2->4(4)
[2025-10-31T05:37:20.080+0000][gc,heap       ] GC(851) Old regions: 265->265
[2025-10-31T05:37:20.094+0000][gc,heap       ] GC(851) Humongous regions: 147->147
[2025-10-31T05:37:20.096+0000][gc,metaspace  ] GC(851) Metaspace: 53378K(56752K)->53378K(56752K) NonClass: 47502K(49328K)->47502K(49328K) Class: 5875K(7424K)->5875K(7424K)
[2025-10-31T05:37:20.097+0000][gc            ] GC(851) Pause Young (Normal) (G1 Evacuation Pause) 436M->415M(512M) 135.958ms
[2025-10-31T05:37:20.099+0000][gc,cpu        ] GC(851) User=0.20s Sys=0.00s Real=0.14s
[2025-10-31T05:38:06.543+0000][gc,start      ] GC(852) Pause Young (Normal) (G1 Evacuation Pause)
[2025-10-31T05:38:06.544+0000][gc,task       ] GC(852) Using 2 workers of 2 for evacuation
[2025-10-31T05:38:06.677+0000][gc,mmu        ] GC(852) MMU target violated: 21.0ms (20.0ms/21.0ms)
[2025-10-31T05:38:06.682+0000][gc,phases     ] GC(852)   Pre Evacuate Collection Set: 0.1ms
[2025-10-31T05:38:06.683+0000][gc,phases     ] GC(852)   Evacuate Collection Set: 127.6ms
[2025-10-31T05:38:06.687+0000][gc,phases     ] GC(852)   Post Evacuate Collection Set: 3.0ms
[2025-10-31T05:38:06.689+0000][gc,phases     ] GC(852)   Other: 8.5ms
[2025-10-31T05:38:06.690+0000][gc,heap       ] GC(852) Eden regions: 21->0(21)
[2025-10-31T05:38:06.692+0000][gc,heap       ] GC(852) Survivor regions: 4->4(4)
[2025-10-31T05:38:06.694+0000][gc,heap       ] GC(852) Old regions: 265->267
[2025-10-31T05:38:06.695+0000][gc,heap       ] GC(852) Humongous regions: 147->147
[2025-10-31T05:38:06.700+0000][gc,metaspace  ] GC(852) Metaspace: 53379K(56752K)->53379K(56752K) NonClass: 47503K(49328K)->47503K(49328K) Class: 5875K(7424K)->5875K(7424K)
[2025-10-31T05:38:06.701+0000][gc            ] GC(852) Pause Young (Normal) (G1 Evacuation Pause) 436M->417M(512M) 157.479ms
[2025-10-31T05:38:06.702+0000][gc,cpu        ] GC(852) User=0.27s Sys=0.00s Real=0.16s
[2025-10-31T05:38:51.960+0000][gc,start      ] GC(853) Pause Young (Normal) (G1 Evacuation Pause)
[2025-10-31T05:38:51.961+0000][gc,task       ] GC(853) Using 2 workers of 2 for evacuation
[2025-10-31T05:38:52.056+0000][gc,mmu        ] GC(853) MMU target violated: 21.0ms (20.0ms/21.0ms)
[2025-10-31T05:38:52.059+0000][gc,phases     ] GC(853)   Pre Evacuate Collection Set: 0.1ms
[2025-10-31T05:38:52.062+0000][gc,phases     ] GC(853)   Evacuate Collection Set: 87.9ms
[2025-10-31T05:38:52.063+0000][gc,phases     ] GC(853)   Post Evacuate Collection Set: 5.3ms
[2025-10-31T05:38:52.065+0000][gc,phases     ] GC(853)   Other: 5.9ms
[2025-10-31T05:38:52.067+0000][gc,heap       ] GC(853) Eden regions: 21->0(21)
[2025-10-31T05:38:52.067+0000][gc,heap       ] GC(853) Survivor regions: 4->4(4)
[2025-10-31T05:38:52.068+0000][gc,heap       ] GC(853) Old regions: 267->270
[2025-10-31T05:38:52.070+0000][gc,heap       ] GC(853) Humongous regions: 147->147
[2025-10-31T05:38:52.071+0000][gc,metaspace  ] GC(853) Metaspace: 53379K(56752K)->53379K(56752K) NonClass: 47503K(49328K)->47503K(49328K) Class: 5875K(7424K)->5875K(7424K)
[2025-10-31T05:38:52.071+0000][gc            ] GC(853) Pause Young (Normal) (G1 Evacuation Pause) 438M->419M(512M) 111.719ms
[2025-10-31T05:38:52.073+0000][gc,cpu        ] GC(853) User=0.20s Sys=0.00s Real=0.12s
[2025-10-31T05:39:37.871+0000][gc,start      ] GC(854) Pause Young (Normal) (G1 Evacuation Pause)
[2025-10-31T05:39:37.872+0000][gc,task       ] GC(854) Using 2 workers of 2 for evacuation
[2025-10-31T05:39:37.960+0000][gc,mmu        ] GC(854) MMU target violated: 21.0ms (20.0ms/21.0ms)
[2025-10-31T05:39:37.962+0000][gc,phases     ] GC(854)   Pre Evacuate Collection Set: 0.1ms
[2025-10-31T05:39:37.963+0000][gc,phases     ] GC(854)   Evacuate Collection Set: 79.1ms
[2025-10-31T05:39:37.964+0000][gc,phases     ] GC(854)   Post Evacuate Collection Set: 5.4ms
[2025-10-31T05:39:37.971+0000][gc,phases     ] GC(854)   Other: 6.2ms
[2025-10-31T05:39:37.973+0000][gc,heap       ] GC(854) Eden regions: 21->0(22)
[2025-10-31T05:39:37.975+0000][gc,heap       ] GC(854) Survivor regions: 4->3(4)
[2025-10-31T05:39:37.980+0000][gc,heap       ] GC(854) Old regions: 270->271
[2025-10-31T05:39:37.983+0000][gc,heap       ] GC(854) Humongous regions: 147->147
[2025-10-31T05:39:37.985+0000][gc,metaspace  ] GC(854) Metaspace: 53379K(56752K)->53379K(56752K) NonClass: 47503K(49328K)->47503K(49328K) Class: 5875K(7424K)->5875K(7424K)
[2025-10-31T05:39:37.993+0000][gc            ] GC(854) Pause Young (Normal) (G1 Evacuation Pause) 440M->420M(512M) 122.001ms
[2025-10-31T05:39:37.996+0000][gc,cpu        ] GC(854) User=0.19s Sys=0.00s Real=0.13s
[2025-10-31T05:40:26.580+0000][gc,start      ] GC(855) Pause Young (Normal) (G1 Evacuation Pause)
[2025-10-31T05:40:26.581+0000][gc,task       ] GC(855) Using 2 workers of 2 for evacuation
[2025-10-31T05:40:26.644+0000][gc,mmu        ] GC(855) MMU target violated: 21.0ms (20.0ms/21.0ms)
[2025-10-31T05:40:26.645+0000][gc,phases     ] GC(855)   Pre Evacuate Collection Set: 0.1ms
[2025-10-31T05:40:26.646+0000][gc,phases     ] GC(855)   Evacuate Collection Set: 53.9ms
[2025-10-31T05:40:26.647+0000][gc,phases     ] GC(855)   Post Evacuate Collection Set: 5.3ms
[2025-10-31T05:40:26.649+0000][gc,phases     ] GC(855)   Other: 5.9ms
[2025-10-31T05:40:26.649+0000][gc,heap       ] GC(855) Eden regions: 22->0(22)
[2025-10-31T05:40:26.650+0000][gc,heap       ] GC(855) Survivor regions: 3->3(4)
[2025-10-31T05:40:26.651+0000][gc,heap       ] GC(855) Old regions: 271->273
[2025-10-31T05:40:26.653+0000][gc,heap       ] GC(855) Humongous regions: 147->147
[2025-10-31T05:40:26.654+0000][gc,metaspace  ] GC(855) Metaspace: 53379K(56752K)->53379K(56752K) NonClass: 47503K(49328K)->47503K(49328K) Class: 5875K(7424K)->5875K(7424K)
[2025-10-31T05:40:26.656+0000][gc            ] GC(855) Pause Young (Normal) (G1 Evacuation Pause) 442M->422M(512M) 75.899ms
[2025-10-31T05:40:26.657+0000][gc,cpu        ] GC(855) User=0.12s Sys=0.00s Real=0.08s
[2025-10-31T05:41:14.959+0000][gc,start      ] GC(856) Pause Young (Normal) (G1 Evacuation Pause)
[2025-10-31T05:41:14.960+0000][gc,task       ] GC(856) Using 2 workers of 2 for evacuation
[2025-10-31T05:41:15.025+0000][gc,mmu        ] GC(856) MMU target violated: 21.0ms (20.0ms/21.0ms)
[2025-10-31T05:41:15.026+0000][gc,phases     ] GC(856)   Pre Evacuate Collection Set: 0.1ms
[2025-10-31T05:41:15.027+0000][gc,phases     ] GC(856)   Evacuate Collection Set: 59.6ms
[2025-10-31T05:41:15.028+0000][gc,phases     ] GC(856)   Post Evacuate Collection Set: 3.0ms
[2025-10-31T05:41:15.029+0000][gc,phases     ] GC(856)   Other: 4.4ms
[2025-10-31T05:41:15.030+0000][gc,heap       ] GC(856) Eden regions: 22->0(22)
[2025-10-31T05:41:15.032+0000][gc,heap       ] GC(856) Survivor regions: 3->3(4)
[2025-10-31T05:41:15.033+0000][gc,heap       ] GC(856) Old regions: 273->274
[2025-10-31T05:41:15.034+0000][gc,heap       ] GC(856) Humongous regions: 147->147
[2025-10-31T05:41:15.035+0000][gc,metaspace  ] GC(856) Metaspace: 53379K(56752K)->53379K(56752K) NonClass: 47503K(49328K)->47503K(49328K) Class: 5875K(7424K)->5875K(7424K)
[2025-10-31T05:41:15.036+0000][gc            ] GC(856) Pause Young (Normal) (G1 Evacuation Pause) 444M->423M(512M) 76.817ms
[2025-10-31T05:41:15.037+0000][gc,cpu        ] GC(856) User=0.12s Sys=0.00s Real=0.08s
[2025-10-31T05:41:59.690+0000][gc,start      ] GC(857) Pause Young (Normal) (G1 Evacuation Pause)
[2025-10-31T05:41:59.691+0000][gc,task       ] GC(857) Using 2 workers of 2 for evacuation
[2025-10-31T05:41:59.784+0000][gc,mmu        ] GC(857) MMU target violated: 21.0ms (20.0ms/21.0ms)
[2025-10-31T05:41:59.785+0000][gc,phases     ] GC(857)   Pre Evacuate Collection Set: 0.0ms
[2025-10-31T05:41:59.787+0000][gc,phases     ] GC(857)   Evacuate Collection Set: 83.0ms
[2025-10-31T05:41:59.789+0000][gc,phases     ] GC(857)   Post Evacuate Collection Set: 6.1ms
[2025-10-31T05:41:59.791+0000][gc,phases     ] GC(857)   Other: 6.4ms
[2025-10-31T05:41:59.792+0000][gc,heap       ] GC(857) Eden regions: 22->0(22)
[2025-10-31T05:41:59.793+0000][gc,heap       ] GC(857) Survivor regions: 3->3(4)
[2025-10-31T05:41:59.794+0000][gc,heap       ] GC(857) Old regions: 274->274
[2025-10-31T05:41:59.796+0000][gc,heap       ] GC(857) Humongous regions: 147->147
[2025-10-31T05:41:59.798+0000][gc,metaspace  ] GC(857) Metaspace: 53379K(56752K)->53379K(56752K) NonClass: 47503K(49328K)->47503K(49328K) Class: 5875K(7424K)->5875K(7424K)
[2025-10-31T05:41:59.799+0000][gc            ] GC(857) Pause Young (Normal) (G1 Evacuation Pause) 445M->423M(512M) 109.606ms
[2025-10-31T05:41:59.801+0000][gc,cpu        ] GC(857) User=0.18s Sys=0.00s Real=0.11s
[2025-10-31T05:42:48.888+0000][gc,start      ] GC(858) Pause Young (Normal) (G1 Evacuation Pause)
[2025-10-31T05:42:48.890+0000][gc,task       ] GC(858) Using 2 workers of 2 for evacuation
[2025-10-31T05:42:48.997+0000][gc,mmu        ] GC(858) MMU target violated: 21.0ms (20.0ms/21.0ms)
[2025-10-31T05:42:48.998+0000][gc,phases     ] GC(858)   Pre Evacuate Collection Set: 0.0ms
[2025-10-31T05:42:48.999+0000][gc,phases     ] GC(858)   Evacuate Collection Set: 102.3ms
[2025-10-31T05:42:49.000+0000][gc,phases     ] GC(858)   Post Evacuate Collection Set: 2.8ms
[2025-10-31T05:42:49.001+0000][gc,phases     ] GC(858)   Other: 4.2ms
[2025-10-31T05:42:49.002+0000][gc,heap       ] GC(858) Eden regions: 22->0(21)
[2025-10-31T05:42:49.003+0000][gc,heap       ] GC(858) Survivor regions: 3->4(4)
[2025-10-31T05:42:49.005+0000][gc,heap       ] GC(858) Old regions: 274->276
[2025-10-31T05:42:49.006+0000][gc,heap       ] GC(858) Humongous regions: 147->147
[2025-10-31T05:42:49.007+0000][gc,metaspace  ] GC(858) Metaspace: 53379K(56752K)->53379K(56752K) NonClass: 47503K(49328K)->47503K(49328K) Class: 5875K(7424K)->5875K(7424K)
[2025-10-31T05:42:49.009+0000][gc            ] GC(858) Pause Young (Normal) (G1 Evacuation Pause) 445M->426M(512M) 120.473ms
[2025-10-31T05:42:49.010+0000][gc,cpu        ] GC(858) User=0.22s Sys=0.00s Real=0.12s
[2025-10-31T05:43:35.290+0000][gc,start      ] GC(859) Pause Young (Normal) (G1 Evacuation Pause)
[2025-10-31T05:43:35.291+0000][gc,task       ] GC(859) Using 2 workers of 2 for evacuation
[2025-10-31T05:43:35.359+0000][gc,mmu        ] GC(859) MMU target violated: 21.0ms (20.0ms/21.0ms)
[2025-10-31T05:43:35.360+0000][gc,phases     ] GC(859)   Pre Evacuate Collection Set: 0.0ms
[2025-10-31T05:43:35.361+0000][gc,phases     ] GC(859)   Evacuate Collection Set: 62.8ms
[2025-10-31T05:43:35.362+0000][gc,phases     ] GC(859)   Post Evacuate Collection Set: 3.5ms
[2025-10-31T05:43:35.364+0000][gc,phases     ] GC(859)   Other: 3.3ms
[2025-10-31T05:43:35.365+0000][gc,heap       ] GC(859) Eden regions: 21->0(21)
[2025-10-31T05:43:35.366+0000][gc,heap       ] GC(859) Survivor regions: 4->4(4)
[2025-10-31T05:43:35.370+0000][gc,heap       ] GC(859) Old regions: 276->279
[2025-10-31T05:43:35.372+0000][gc,heap       ] GC(859) Humongous regions: 147->147
[2025-10-31T05:43:35.374+0000][gc,metaspace  ] GC(859) Metaspace: 53379K(56752K)->53379K(56752K) NonClass: 47503K(49328K)->47503K(49328K) Class: 5875K(7424K)->5875K(7424K)
[2025-10-31T05:43:35.375+0000][gc            ] GC(859) Pause Young (Normal) (G1 Evacuation Pause) 447M->428M(512M) 84.923ms
[2025-10-31T05:43:35.376+0000][gc,cpu        ] GC(859) User=0.14s Sys=0.00s Real=0.08s
[2025-10-31T05:44:21.660+0000][gc,start      ] GC(860) Pause Young (Normal) (G1 Evacuation Pause)
[2025-10-31T05:44:21.665+0000][gc,task       ] GC(860) Using 2 workers of 2 for evacuation
[2025-10-31T05:44:21.759+0000][gc,mmu        ] GC(860) MMU target violated: 21.0ms (20.0ms/21.0ms)
[2025-10-31T05:44:21.760+0000][gc,phases     ] GC(860)   Pre Evacuate Collection Set: 0.1ms
[2025-10-31T05:44:21.761+0000][gc,phases     ] GC(860)   Evacuate Collection Set: 84.1ms
[2025-10-31T05:44:21.762+0000][gc,phases     ] GC(860)   Post Evacuate Collection Set: 4.0ms
[2025-10-31T05:44:21.763+0000][gc,phases     ] GC(860)   Other: 12.5ms
[2025-10-31T05:44:21.764+0000][gc,heap       ] GC(860) Eden regions: 21->0(22)
[2025-10-31T05:44:21.765+0000][gc,heap       ] GC(860) Survivor regions: 4->3(4)
[2025-10-31T05:44:21.765+0000][gc,heap       ] GC(860) Old regions: 279->280
[2025-10-31T05:44:21.766+0000][gc,heap       ] GC(860) Humongous regions: 147->147
[2025-10-31T05:44:21.767+0000][gc,metaspace  ] GC(860) Metaspace: 53379K(56752K)->53379K(56752K) NonClass: 47503K(49328K)->47503K(49328K) Class: 5875K(7424K)->5875K(7424K)
[2025-10-31T05:44:21.768+0000][gc            ] GC(860) Pause Young (Normal) (G1 Evacuation Pause) 449M->429M(512M) 107.828ms
[2025-10-31T05:44:21.772+0000][gc,cpu        ] GC(860) User=0.20s Sys=0.00s Real=0.12s
[2025-10-31T05:45:10.755+0000][gc,start      ] GC(861) Pause Young (Normal) (G1 Evacuation Pause)
[2025-10-31T05:45:10.756+0000][gc,task       ] GC(861) Using 2 workers of 2 for evacuation
[2025-10-31T05:45:10.811+0000][gc,mmu        ] GC(861) MMU target violated: 21.0ms (20.0ms/21.0ms)
[2025-10-31T05:45:10.812+0000][gc,phases     ] GC(861)   Pre Evacuate Collection Set: 0.1ms
[2025-10-31T05:45:10.815+0000][gc,phases     ] GC(861)   Evacuate Collection Set: 49.5ms
[2025-10-31T05:45:10.816+0000][gc,phases     ] GC(861)   Post Evacuate Collection Set: 3.9ms
[2025-10-31T05:45:10.817+0000][gc,phases     ] GC(861)   Other: 4.2ms
[2025-10-31T05:45:10.818+0000][gc,heap       ] GC(861) Eden regions: 22->0(22)
[2025-10-31T05:45:10.819+0000][gc,heap       ] GC(861) Survivor regions: 3->3(4)
[2025-10-31T05:45:10.820+0000][gc,heap       ] GC(861) Old regions: 280->282
[2025-10-31T05:45:10.821+0000][gc,heap       ] GC(861) Humongous regions: 147->147
[2025-10-31T05:45:10.822+0000][gc,metaspace  ] GC(861) Metaspace: 53379K(56752K)->53379K(56752K) NonClass: 47503K(49328K)->47503K(49328K) Class: 5875K(7424K)->5875K(7424K)
[2025-10-31T05:45:10.823+0000][gc            ] GC(861) Pause Young (Normal) (G1 Evacuation Pause) 451M->430M(512M) 68.069ms
[2025-10-31T05:45:10.824+0000][gc,cpu        ] GC(861) User=0.11s Sys=0.00s Real=0.07s
[2025-10-31T05:45:59.198+0000][gc,start      ] GC(862) Pause Young (Normal) (G1 Evacuation Pause)
[2025-10-31T05:45:59.199+0000][gc,task       ] GC(862) Using 2 workers of 2 for evacuation
[2025-10-31T05:45:59.298+0000][gc,mmu        ] GC(862) MMU target violated: 21.0ms (20.0ms/21.0ms)
[2025-10-31T05:45:59.301+0000][gc,phases     ] GC(862)   Pre Evacuate Collection Set: 0.1ms
[2025-10-31T05:45:59.305+0000][gc,phases     ] GC(862)   Evacuate Collection Set: 90.5ms
[2025-10-31T05:45:59.306+0000][gc,phases     ] GC(862)   Post Evacuate Collection Set: 3.6ms
[2025-10-31T05:45:59.307+0000][gc,phases     ] GC(862)   Other: 9.4ms
[2025-10-31T05:45:59.309+0000][gc,heap       ] GC(862) Eden regions: 22->0(23)
[2025-10-31T05:45:59.310+0000][gc,heap       ] GC(862) Survivor regions: 3->2(4)
[2025-10-31T05:45:59.311+0000][gc,heap       ] GC(862) Old regions: 282->283
[2025-10-31T05:45:59.312+0000][gc,heap       ] GC(862) Humongous regions: 147->147
[2025-10-31T05:45:59.313+0000][gc,metaspace  ] GC(862) Metaspace: 53379K(56752K)->53379K(56752K) NonClass: 47503K(49328K)->47503K(49328K) Class: 5875K(7424K)->5875K(7424K)
[2025-10-31T05:45:59.314+0000][gc            ] GC(862) Pause Young (Normal) (G1 Evacuation Pause) 452M->431M(512M) 115.927ms
[2025-10-31T05:45:59.314+0000][gc,cpu        ] GC(862) User=0.18s Sys=0.00s Real=0.11s
[2025-10-31T05:46:46.902+0000][gc,start      ] GC(863) Pause Young (Normal) (G1 Evacuation Pause)
[2025-10-31T05:46:46.903+0000][gc,task       ] GC(863) Using 2 workers of 2 for evacuation
[2025-10-31T05:46:46.964+0000][gc,mmu        ] GC(863) MMU target violated: 21.0ms (20.0ms/21.0ms)
[2025-10-31T05:46:46.965+0000][gc,phases     ] GC(863)   Pre Evacuate Collection Set: 0.0ms
[2025-10-31T05:46:46.966+0000][gc,phases     ] GC(863)   Evacuate Collection Set: 55.3ms
[2025-10-31T05:46:46.967+0000][gc,phases     ] GC(863)   Post Evacuate Collection Set: 3.3ms
[2025-10-31T05:46:46.968+0000][gc,phases     ] GC(863)   Other: 3.8ms
[2025-10-31T05:46:46.969+0000][gc,heap       ] GC(863) Eden regions: 23->0(22)
[2025-10-31T05:46:46.969+0000][gc,heap       ] GC(863) Survivor regions: 2->3(4)
[2025-10-31T05:46:46.971+0000][gc,heap       ] GC(863) Old regions: 283->283
[2025-10-31T05:46:46.972+0000][gc,heap       ] GC(863) Humongous regions: 147->147
[2025-10-31T05:46:46.973+0000][gc,metaspace  ] GC(863) Metaspace: 53380K(56752K)->53380K(56752K) NonClass: 47504K(49328K)->47504K(49328K) Class: 5875K(7424K)->5875K(7424K)
[2025-10-31T05:46:46.974+0000][gc            ] GC(863) Pause Young (Normal) (G1 Evacuation Pause) 454M->432M(512M) 71.634ms
[2025-10-31T05:46:46.975+0000][gc,cpu        ] GC(863) User=0.11s Sys=0.00s Real=0.08s
[2025-10-31T05:47:35.740+0000][gc,start      ] GC(864) Pause Young (Normal) (G1 Evacuation Pause)
[2025-10-31T05:47:35.740+0000][gc,task       ] GC(864) Using 2 workers of 2 for evacuation
[2025-10-31T05:47:35.825+0000][gc,mmu        ] GC(864) MMU target violated: 21.0ms (20.0ms/21.0ms)
[2025-10-31T05:47:35.826+0000][gc,phases     ] GC(864)   Pre Evacuate Collection Set: 0.1ms
[2025-10-31T05:47:35.827+0000][gc,phases     ] GC(864)   Evacuate Collection Set: 78.7ms
[2025-10-31T05:47:35.829+0000][gc,phases     ] GC(864)   Post Evacuate Collection Set: 3.9ms
[2025-10-31T05:47:35.830+0000][gc,phases     ] GC(864)   Other: 4.2ms
[2025-10-31T05:47:35.831+0000][gc,heap       ] GC(864) Eden regions: 22->0(21)
[2025-10-31T05:47:35.832+0000][gc,heap       ] GC(864) Survivor regions: 3->4(4)
[2025-10-31T05:47:35.833+0000][gc,heap       ] GC(864) Old regions: 283->285
[2025-10-31T05:47:35.834+0000][gc,heap       ] GC(864) Humongous regions: 147->147
[2025-10-31T05:47:35.835+0000][gc,metaspace  ] GC(864) Metaspace: 53380K(56752K)->53380K(56752K) NonClass: 47504K(49328K)->47504K(49328K) Class: 5875K(7424K)->5875K(7424K)
[2025-10-31T05:47:35.836+0000][gc            ] GC(864) Pause Young (Normal) (G1 Evacuation Pause) 454M->435M(512M) 96.675ms
[2025-10-31T05:47:35.837+0000][gc,cpu        ] GC(864) User=0.17s Sys=0.00s Real=0.10s
[2025-10-31T05:48:21.710+0000][gc,start      ] GC(865) Pause Young (Normal) (G1 Evacuation Pause)
[2025-10-31T05:48:21.713+0000][gc,task       ] GC(865) Using 2 workers of 2 for evacuation
[2025-10-31T05:48:21.825+0000][gc,mmu        ] GC(865) MMU target violated: 21.0ms (20.0ms/21.0ms)
[2025-10-31T05:48:21.827+0000][gc,phases     ] GC(865)   Pre Evacuate Collection Set: 1.2ms
[2025-10-31T05:48:21.828+0000][gc,phases     ] GC(865)   Evacuate Collection Set: 101.7ms
[2025-10-31T05:48:21.845+0000][gc,phases     ] GC(865)   Post Evacuate Collection Set: 2.6ms
[2025-10-31T05:48:21.846+0000][gc,phases     ] GC(865)   Other: 12.8ms
[2025-10-31T05:48:21.848+0000][gc,heap       ] GC(865) Eden regions: 21->0(22)
[2025-10-31T05:48:21.853+0000][gc,heap       ] GC(865) Survivor regions: 4->3(4)
[2025-10-31T05:48:21.854+0000][gc,heap       ] GC(865) Old regions: 285->288
[2025-10-31T05:48:21.857+0000][gc,heap       ] GC(865) Humongous regions: 147->147
[2025-10-31T05:48:21.861+0000][gc,metaspace  ] GC(865) Metaspace: 53380K(56752K)->53380K(56752K) NonClass: 47504K(49328K)->47504K(49328K) Class: 5875K(7424K)->5875K(7424K)
[2025-10-31T05:48:21.862+0000][gc            ] GC(865) Pause Young (Normal) (G1 Evacuation Pause) 456M->437M(512M) 152.044ms
[2025-10-31T05:48:21.868+0000][gc,cpu        ] GC(865) User=0.21s Sys=0.00s Real=0.16s
[2025-10-31T05:49:10.075+0000][gc,start      ] GC(866) Pause Young (Normal) (G1 Evacuation Pause)
[2025-10-31T05:49:10.078+0000][gc,task       ] GC(866) Using 2 workers of 2 for evacuation
[2025-10-31T05:49:10.216+0000][gc,mmu        ] GC(866) MMU target violated: 21.0ms (20.0ms/21.0ms)
[2025-10-31T05:49:10.218+0000][gc,phases     ] GC(866)   Pre Evacuate Collection Set: 0.1ms
[2025-10-31T05:49:10.222+0000][gc,phases     ] GC(866)   Evacuate Collection Set: 128.4ms
[2025-10-31T05:49:10.223+0000][gc,phases     ] GC(866)   Post Evacuate Collection Set: 6.9ms
[2025-10-31T05:49:10.225+0000][gc,phases     ] GC(866)   Other: 8.2ms
[2025-10-31T05:49:10.226+0000][gc,heap       ] GC(866) Eden regions: 22->0(22)
[2025-10-31T05:49:10.230+0000][gc,heap       ] GC(866) Survivor regions: 3->3(4)
[2025-10-31T05:49:10.232+0000][gc,heap       ] GC(866) Old regions: 288->289
[2025-10-31T05:49:10.234+0000][gc,heap       ] GC(866) Humongous regions: 147->147
[2025-10-31T05:49:10.235+0000][gc,metaspace  ] GC(866) Metaspace: 53380K(56752K)->53380K(56752K) NonClass: 47504K(49328K)->47504K(49328K) Class: 5875K(7424K)->5875K(7424K)
[2025-10-31T05:49:10.237+0000][gc            ] GC(866) Pause Young (Normal) (G1 Evacuation Pause) 459M->438M(512M) 161.910ms
[2025-10-31T05:49:10.238+0000][gc,cpu        ] GC(866) User=0.22s Sys=0.00s Real=0.16s
[2025-10-31T05:49:58.332+0000][gc,start      ] GC(867) Pause Young (Normal) (G1 Evacuation Pause)
[2025-10-31T05:49:58.333+0000][gc,task       ] GC(867) Using 2 workers of 2 for evacuation
[2025-10-31T05:49:58.418+0000][gc,mmu        ] GC(867) MMU target violated: 21.0ms (20.0ms/21.0ms)
[2025-10-31T05:49:58.420+0000][gc,phases     ] GC(867)   Pre Evacuate Collection Set: 0.0ms
[2025-10-31T05:49:58.422+0000][gc,phases     ] GC(867)   Evacuate Collection Set: 77.2ms
[2025-10-31T05:49:58.424+0000][gc,phases     ] GC(867)   Post Evacuate Collection Set: 6.2ms
[2025-10-31T05:49:58.425+0000][gc,phases     ] GC(867)   Other: 5.2ms
[2025-10-31T05:49:58.427+0000][gc,heap       ] GC(867) Eden regions: 22->0(22)
[2025-10-31T05:49:58.430+0000][gc,heap       ] GC(867) Survivor regions: 3->3(4)
[2025-10-31T05:49:58.431+0000][gc,heap       ] GC(867) Old regions: 289->291
[2025-10-31T05:49:58.433+0000][gc,heap       ] GC(867) Humongous regions: 147->147
[2025-10-31T05:49:58.435+0000][gc,metaspace  ] GC(867) Metaspace: 53380K(56752K)->53380K(56752K) NonClass: 47504K(49328K)->47504K(49328K) Class: 5875K(7424K)->5875K(7424K)
[2025-10-31T05:49:58.441+0000][gc            ] GC(867) Pause Young (Normal) (G1 Evacuation Pause) 460M->439M(512M) 108.697ms
[2025-10-31T05:49:58.443+0000][gc,cpu        ] GC(867) User=0.17s Sys=0.00s Real=0.11s
[2025-10-31T05:50:46.776+0000][gc,start      ] GC(868) Pause Young (Normal) (G1 Evacuation Pause)
[2025-10-31T05:50:46.778+0000][gc,task       ] GC(868) Using 2 workers of 2 for evacuation
[2025-10-31T05:50:46.825+0000][gc,mmu        ] GC(868) MMU target violated: 21.0ms (20.0ms/21.0ms)
[2025-10-31T05:50:46.826+0000][gc,phases     ] GC(868)   Pre Evacuate Collection Set: 0.0ms
[2025-10-31T05:50:46.827+0000][gc,phases     ] GC(868)   Evacuate Collection Set: 42.4ms
[2025-10-31T05:50:46.827+0000][gc,phases     ] GC(868)   Post Evacuate Collection Set: 2.6ms
[2025-10-31T05:50:46.828+0000][gc,phases     ] GC(868)   Other: 4.4ms
[2025-10-31T05:50:46.829+0000][gc,heap       ] GC(868) Eden regions: 22->0(23)
[2025-10-31T05:50:46.830+0000][gc,heap       ] GC(868) Survivor regions: 3->2(4)
[2025-10-31T05:50:46.831+0000][gc,heap       ] GC(868) Old regions: 291->292
[2025-10-31T05:50:46.831+0000][gc,heap       ] GC(868) Humongous regions: 147->147
[2025-10-31T05:50:46.832+0000][gc,metaspace  ] GC(868) Metaspace: 53380K(56752K)->53380K(56752K) NonClass: 47504K(49328K)->47504K(49328K) Class: 5875K(7424K)->5875K(7424K)
[2025-10-31T05:50:46.834+0000][gc            ] GC(868) Pause Young (Normal) (G1 Evacuation Pause) 461M->440M(512M) 57.266ms
[2025-10-31T05:50:46.835+0000][gc,cpu        ] GC(868) User=0.09s Sys=0.00s Real=0.05s
[2025-10-31T05:51:34.306+0000][gc,start      ] GC(869) Pause Young (Normal) (G1 Evacuation Pause)
[2025-10-31T05:51:34.307+0000][gc,task       ] GC(869) Using 2 workers of 2 for evacuation
[2025-10-31T05:51:34.397+0000][gc,mmu        ] GC(869) MMU target violated: 21.0ms (20.0ms/21.0ms)
[2025-10-31T05:51:34.398+0000][gc,phases     ] GC(869)   Pre Evacuate Collection Set: 0.1ms
[2025-10-31T05:51:34.401+0000][gc,phases     ] GC(869)   Evacuate Collection Set: 82.3ms
[2025-10-31T05:51:34.406+0000][gc,phases     ] GC(869)   Post Evacuate Collection Set: 5.8ms
[2025-10-31T05:51:34.410+0000][gc,phases     ] GC(869)   Other: 3.9ms
[2025-10-31T05:51:34.413+0000][gc,heap       ] GC(869) Eden regions: 23->0(21)
[2025-10-31T05:51:34.418+0000][gc,heap       ] GC(869) Survivor regions: 2->4(4)
[2025-10-31T05:51:34.423+0000][gc,heap       ] GC(869) Old regions: 292->292
[2025-10-31T05:51:34.425+0000][gc,heap       ] GC(869) Humongous regions: 147->147
[2025-10-31T05:51:34.428+0000][gc,metaspace  ] GC(869) Metaspace: 53380K(56752K)->53380K(56752K) NonClass: 47504K(49328K)->47504K(49328K) Class: 5875K(7424K)->5875K(7424K)
[2025-10-31T05:51:34.430+0000][gc            ] GC(869) Pause Young (Normal) (G1 Evacuation Pause) 463M->441M(512M) 123.908ms
[2025-10-31T05:51:34.431+0000][gc,cpu        ] GC(869) User=0.17s Sys=0.00s Real=0.12s
[2025-10-31T05:52:20.513+0000][gc,start      ] GC(870) Pause Young (Normal) (G1 Evacuation Pause)
[2025-10-31T05:52:20.514+0000][gc,task       ] GC(870) Using 2 workers of 2 for evacuation
[2025-10-31T05:52:20.607+0000][gc,mmu        ] GC(870) MMU target violated: 21.0ms (20.0ms/21.0ms)
[2025-10-31T05:52:20.611+0000][gc,phases     ] GC(870)   Pre Evacuate Collection Set: 0.0ms
[2025-10-31T05:52:20.612+0000][gc,phases     ] GC(870)   Evacuate Collection Set: 86.8ms
[2025-10-31T05:52:20.614+0000][gc,phases     ] GC(870)   Post Evacuate Collection Set: 3.7ms
[2025-10-31T05:52:20.615+0000][gc,phases     ] GC(870)   Other: 7.8ms
[2025-10-31T05:52:20.616+0000][gc,heap       ] GC(870) Eden regions: 21->0(21)
[2025-10-31T05:52:20.617+0000][gc,heap       ] GC(870) Survivor regions: 4->4(4)
[2025-10-31T05:52:20.618+0000][gc,heap       ] GC(870) Old regions: 292->294
[2025-10-31T05:52:20.620+0000][gc,heap       ] GC(870) Humongous regions: 147->147
[2025-10-31T05:52:20.621+0000][gc,metaspace  ] GC(870) Metaspace: 53380K(56752K)->53380K(56752K) NonClass: 47504K(49328K)->47504K(49328K) Class: 5875K(7424K)->5875K(7424K)
[2025-10-31T05:52:20.622+0000][gc            ] GC(870) Pause Young (Normal) (G1 Evacuation Pause) 462M->444M(512M) 109.395ms
[2025-10-31T05:52:20.623+0000][gc,cpu        ] GC(870) User=0.18s Sys=0.00s Real=0.11s
[2025-10-31T05:53:06.241+0000][gc,start      ] GC(871) Pause Young (Normal) (G1 Evacuation Pause)
[2025-10-31T05:53:06.242+0000][gc,task       ] GC(871) Using 2 workers of 2 for evacuation
[2025-10-31T05:53:06.353+0000][gc,mmu        ] GC(871) MMU target violated: 21.0ms (20.0ms/21.0ms)
[2025-10-31T05:53:06.355+0000][gc,phases     ] GC(871)   Pre Evacuate Collection Set: 0.1ms
[2025-10-31T05:53:06.363+0000][gc,phases     ] GC(871)   Evacuate Collection Set: 101.6ms
[2025-10-31T05:53:06.365+0000][gc,phases     ] GC(871)   Post Evacuate Collection Set: 5.7ms
[2025-10-31T05:53:06.366+0000][gc,phases     ] GC(871)   Other: 6.2ms
[2025-10-31T05:53:06.367+0000][gc,heap       ] GC(871) Eden regions: 21->0(22)
[2025-10-31T05:53:06.370+0000][gc,heap       ] GC(871) Survivor regions: 4->3(4)
[2025-10-31T05:53:06.371+0000][gc,heap       ] GC(871) Old regions: 294->296
[2025-10-31T05:53:06.373+0000][gc,heap       ] GC(871) Humongous regions: 147->147
[2025-10-31T05:53:06.375+0000][gc,metaspace  ] GC(871) Metaspace: 53380K(56752K)->53380K(56752K) NonClass: 47504K(49328K)->47504K(49328K) Class: 5875K(7424K)->5875K(7424K)
[2025-10-31T05:53:06.384+0000][gc            ] GC(871) Pause Young (Normal) (G1 Evacuation Pause) 465M->445M(512M) 142.325ms
[2025-10-31T05:53:06.385+0000][gc,cpu        ] GC(871) User=0.22s Sys=0.00s Real=0.14s
[2025-10-31T05:53:55.170+0000][gc,start      ] GC(872) Pause Young (Normal) (G1 Evacuation Pause)
[2025-10-31T05:53:55.171+0000][gc,task       ] GC(872) Using 2 workers of 2 for evacuation
[2025-10-31T05:53:55.274+0000][gc,mmu        ] GC(872) MMU target violated: 21.0ms (20.0ms/21.0ms)
[2025-10-31T05:53:55.278+0000][gc,phases     ] GC(872)   Pre Evacuate Collection Set: 0.0ms
[2025-10-31T05:53:55.280+0000][gc,phases     ] GC(872)   Evacuate Collection Set: 96.6ms
[2025-10-31T05:53:55.282+0000][gc,phases     ] GC(872)   Post Evacuate Collection Set: 4.2ms
[2025-10-31T05:53:55.284+0000][gc,phases     ] GC(872)   Other: 7.3ms
[2025-10-31T05:53:55.286+0000][gc,heap       ] GC(872) Eden regions: 22->0(22)
[2025-10-31T05:53:55.288+0000][gc,heap       ] GC(872) Survivor regions: 3->3(4)
[2025-10-31T05:53:55.291+0000][gc,heap       ] GC(872) Old regions: 296->298
[2025-10-31T05:53:55.294+0000][gc,heap       ] GC(872) Humongous regions: 147->147
[2025-10-31T05:53:55.295+0000][gc,metaspace  ] GC(872) Metaspace: 53380K(56752K)->53380K(56752K) NonClass: 47504K(49328K)->47504K(49328K) Class: 5875K(7424K)->5875K(7424K)
[2025-10-31T05:53:55.297+0000][gc            ] GC(872) Pause Young (Normal) (G1 Evacuation Pause) 467M->447M(512M) 126.753ms
[2025-10-31T05:53:55.299+0000][gc,cpu        ] GC(872) User=0.21s Sys=0.00s Real=0.13s
[2025-10-31T05:54:43.821+0000][gc,start      ] GC(873) Pause Young (Normal) (G1 Evacuation Pause)
[2025-10-31T05:54:43.822+0000][gc,task       ] GC(873) Using 2 workers of 2 for evacuation
[2025-10-31T05:54:43.880+0000][gc,mmu        ] GC(873) MMU target violated: 21.0ms (20.0ms/21.0ms)
[2025-10-31T05:54:43.881+0000][gc,phases     ] GC(873)   Pre Evacuate Collection Set: 0.0ms
[2025-10-31T05:54:43.882+0000][gc,phases     ] GC(873)   Evacuate Collection Set: 53.1ms
[2025-10-31T05:54:43.884+0000][gc,phases     ] GC(873)   Post Evacuate Collection Set: 3.2ms
[2025-10-31T05:54:43.885+0000][gc,phases     ] GC(873)   Other: 3.8ms
[2025-10-31T05:54:43.888+0000][gc,heap       ] GC(873) Eden regions: 22->0(22)
[2025-10-31T05:54:43.889+0000][gc,heap       ] GC(873) Survivor regions: 3->3(4)
[2025-10-31T05:54:43.890+0000][gc,heap       ] GC(873) Old regions: 298->299
[2025-10-31T05:54:43.891+0000][gc,heap       ] GC(873) Humongous regions: 147->147
[2025-10-31T05:54:43.893+0000][gc,metaspace  ] GC(873) Metaspace: 53380K(56752K)->53380K(56752K) NonClass: 47504K(49328K)->47504K(49328K) Class: 5875K(7424K)->5875K(7424K)
[2025-10-31T05:54:43.894+0000][gc            ] GC(873) Pause Young (Normal) (G1 Evacuation Pause) 469M->448M(512M) 73.220ms
[2025-10-31T05:54:43.895+0000][gc,cpu        ] GC(873) User=0.12s Sys=0.00s Real=0.08s
[2025-10-31T05:55:31.782+0000][gc,start      ] GC(874) Pause Young (Normal) (G1 Evacuation Pause)
[2025-10-31T05:55:31.784+0000][gc,task       ] GC(874) Using 2 workers of 2 for evacuation
[2025-10-31T05:55:31.918+0000][gc,mmu        ] GC(874) MMU target violated: 21.0ms (20.0ms/21.0ms)
[2025-10-31T05:55:31.919+0000][gc,phases     ] GC(874)   Pre Evacuate Collection Set: 0.1ms
[2025-10-31T05:55:31.921+0000][gc,phases     ] GC(874)   Evacuate Collection Set: 125.6ms
[2025-10-31T05:55:31.922+0000][gc,phases     ] GC(874)   Post Evacuate Collection Set: 6.3ms
[2025-10-31T05:55:31.923+0000][gc,phases     ] GC(874)   Other: 4.5ms
[2025-10-31T05:55:31.924+0000][gc,heap       ] GC(874) Eden regions: 22->0(23)
[2025-10-31T05:55:31.925+0000][gc,heap       ] GC(874) Survivor regions: 3->2(4)
[2025-10-31T05:55:31.926+0000][gc,heap       ] GC(874) Old regions: 299->301
[2025-10-31T05:55:31.927+0000][gc,heap       ] GC(874) Humongous regions: 147->147
[2025-10-31T05:55:31.928+0000][gc,metaspace  ] GC(874) Metaspace: 53380K(56752K)->53380K(56752K) NonClass: 47504K(49328K)->47504K(49328K) Class: 5875K(7424K)->5875K(7424K)
[2025-10-31T05:55:31.929+0000][gc            ] GC(874) Pause Young (Normal) (G1 Evacuation Pause) 470M->449M(512M) 146.899ms
[2025-10-31T05:55:31.931+0000][gc,cpu        ] GC(874) User=0.25s Sys=0.02s Real=0.15s
[2025-10-31T05:56:34.331+0000][gc,start      ] GC(875) Pause Young (Normal) (G1 Evacuation Pause)
[2025-10-31T05:56:34.337+0000][gc,task       ] GC(875) Using 2 workers of 2 for evacuation
[2025-10-31T05:56:34.475+0000][gc,mmu        ] GC(875) MMU target violated: 21.0ms (20.0ms/21.0ms)
[2025-10-31T05:56:34.477+0000][gc,phases     ] GC(875)   Pre Evacuate Collection Set: 0.1ms
[2025-10-31T05:56:34.480+0000][gc,phases     ] GC(875)   Evacuate Collection Set: 129.4ms
[2025-10-31T05:56:34.481+0000][gc,phases     ] GC(875)   Post Evacuate Collection Set: 3.4ms
[2025-10-31T05:56:34.481+0000][gc,phases     ] GC(875)   Other: 12.9ms
[2025-10-31T05:56:34.482+0000][gc,heap       ] GC(875) Eden regions: 23->0(21)
[2025-10-31T05:56:34.483+0000][gc,heap       ] GC(875) Survivor regions: 2->4(4)
[2025-10-31T05:56:34.484+0000][gc,heap       ] GC(875) Old regions: 301->301
[2025-10-31T05:56:34.485+0000][gc,heap       ] GC(875) Humongous regions: 147->147
[2025-10-31T05:56:34.486+0000][gc,metaspace  ] GC(875) Metaspace: 53424K(56752K)->53424K(56752K) NonClass: 47548K(49328K)->47548K(49328K) Class: 5875K(7424K)->5875K(7424K)
[2025-10-31T05:56:34.486+0000][gc            ] GC(875) Pause Young (Normal) (G1 Evacuation Pause) 472M->451M(512M) 155.616ms
[2025-10-31T05:56:34.487+0000][gc,cpu        ] GC(875) User=0.20s Sys=0.00s Real=0.15s
[2025-10-31T06:12:11.849+0000][gc,start      ] GC(876) Pause Young (Normal) (G1 Evacuation Pause)
[2025-10-31T06:12:11.849+0000][gc,task       ] GC(876) Using 2 workers of 2 for evacuation
[2025-10-31T06:12:11.931+0000][gc,mmu        ] GC(876) MMU target violated: 21.0ms (20.0ms/21.0ms)
[2025-10-31T06:12:11.932+0000][gc,phases     ] GC(876)   Pre Evacuate Collection Set: 0.0ms
[2025-10-31T06:12:11.935+0000][gc,phases     ] GC(876)   Evacuate Collection Set: 80.0ms
[2025-10-31T06:12:11.936+0000][gc,phases     ] GC(876)   Post Evacuate Collection Set: 1.1ms
[2025-10-31T06:12:11.936+0000][gc,phases     ] GC(876)   Other: 1.6ms
[2025-10-31T06:12:11.938+0000][gc,heap       ] GC(876) Eden regions: 21->0(21)
[2025-10-31T06:12:11.939+0000][gc,heap       ] GC(876) Survivor regions: 4->4(4)
[2025-10-31T06:12:11.940+0000][gc,heap       ] GC(876) Old regions: 301->303
[2025-10-31T06:12:11.942+0000][gc,heap       ] GC(876) Humongous regions: 147->147
[2025-10-31T06:12:11.943+0000][gc,metaspace  ] GC(876) Metaspace: 53425K(56752K)->53425K(56752K) NonClass: 47549K(49328K)->47549K(49328K) Class: 5875K(7424K)->5875K(7424K)
[2025-10-31T06:12:11.943+0000][gc            ] GC(876) Pause Young (Normal) (G1 Evacuation Pause) 472M->453M(512M) 94.355ms
[2025-10-31T06:12:11.944+0000][gc,cpu        ] GC(876) User=0.05s Sys=0.00s Real=0.09s
[2025-10-31T06:12:12.150+0000][gc,start      ] GC(877) Pause Young (Concurrent Start) (G1 Humongous Allocation)
[2025-10-31T06:12:12.162+0000][gc,task       ] GC(877) Using 2 workers of 2 for evacuation
[2025-10-31T06:12:12.203+0000][gc,mmu        ] GC(877) MMU target violated: 21.0ms (20.0ms/21.0ms)
[2025-10-31T06:12:12.247+0000][gc,phases     ] GC(877)   Pre Evacuate Collection Set: 0.9ms
[2025-10-31T06:12:12.248+0000][gc,phases     ] GC(877)   Evacuate Collection Set: 37.6ms
[2025-10-31T06:12:12.248+0000][gc,phases     ] GC(877)   Post Evacuate Collection Set: 1.6ms
[2025-10-31T06:12:12.248+0000][gc,phases     ] GC(877)   Other: 56.8ms
[2025-10-31T06:12:12.249+0000][gc,heap       ] GC(877) Eden regions: 5->0(22)
[2025-10-31T06:12:12.249+0000][gc,heap       ] GC(877) Survivor regions: 4->3(4)
[2025-10-31T06:12:12.251+0000][gc,heap       ] GC(877) Old regions: 303->306
[2025-10-31T06:12:12.251+0000][gc,heap       ] GC(877) Humongous regions: 147->147
[2025-10-31T06:12:12.251+0000][gc,metaspace  ] GC(877) Metaspace: 53485K(56752K)->53485K(56752K) NonClass: 47586K(49328K)->47586K(49328K) Class: 5899K(7424K)->5899K(7424K)
[2025-10-31T06:12:12.252+0000][gc            ] GC(877) Pause Young (Concurrent Start) (G1 Humongous Allocation) 458M->455M(512M) 101.157ms
[2025-10-31T06:12:12.252+0000][gc,cpu        ] GC(877) User=0.04s Sys=0.00s Real=0.10s
[2025-10-31T06:12:12.253+0000][gc            ] GC(878) Concurrent Cycle
[2025-10-31T06:12:12.253+0000][gc,marking    ] GC(878) Concurrent Clear Claimed Marks
[2025-10-31T06:12:12.254+0000][gc,marking    ] GC(878) Concurrent Clear Claimed Marks 0.627ms
[2025-10-31T06:12:12.254+0000][gc,marking    ] GC(878) Concurrent Scan Root Regions
[2025-10-31T06:12:12.270+0000][gc,marking    ] GC(878) Concurrent Scan Root Regions 15.889ms
[2025-10-31T06:12:12.271+0000][gc,marking    ] GC(878) Concurrent Mark (44575.331s)
[2025-10-31T06:12:12.272+0000][gc,marking    ] GC(878) Concurrent Mark From Roots
[2025-10-31T06:12:12.272+0000][gc,task       ] GC(878) Using 1 workers of 1 for marking
[2025-10-31T06:12:12.512+0000][gc,marking    ] GC(878) Concurrent Mark From Roots 239.852ms
[2025-10-31T06:12:12.515+0000][gc,marking    ] GC(878) Concurrent Preclean
[2025-10-31T06:12:12.515+0000][gc,marking    ] GC(878) Concurrent Preclean 0.566ms
[2025-10-31T06:12:12.515+0000][gc,marking    ] GC(878) Concurrent Mark (44575.331s, 44575.576s) 244.457ms
[2025-10-31T06:12:12.517+0000][gc,start      ] GC(878) Pause Remark
[2025-10-31T06:12:12.537+0000][gc,stringtable] GC(878) Cleaned string and symbol table, strings: 17202 processed, 3 removed, symbols: 123886 processed, 0 removed
[2025-10-31T06:12:12.539+0000][gc,mmu        ] GC(878) MMU target violated: 21.0ms (20.0ms/21.0ms)
[2025-10-31T06:12:12.539+0000][gc            ] GC(878) Pause Remark 473M->337M(512M) 22.339ms
[2025-10-31T06:12:12.539+0000][gc,cpu        ] GC(878) User=0.04s Sys=0.00s Real=0.02s
[2025-10-31T06:12:12.540+0000][gc,marking    ] GC(878) Concurrent Rebuild Remembered Sets
[2025-10-31T06:12:12.604+0000][gc,marking    ] GC(878) Concurrent Rebuild Remembered Sets 63.757ms
[2025-10-31T06:12:12.606+0000][gc,start      ] GC(878) Pause Cleanup
[2025-10-31T06:12:12.606+0000][gc            ] GC(878) Pause Cleanup 338M->338M(512M) 0.699ms
[2025-10-31T06:12:12.606+0000][gc,cpu        ] GC(878) User=0.00s Sys=0.00s Real=0.01s
[2025-10-31T06:12:12.607+0000][gc,marking    ] GC(878) Concurrent Cleanup for Next Mark
[2025-10-31T06:12:12.608+0000][gc,marking    ] GC(878) Concurrent Cleanup for Next Mark 1.288ms
[2025-10-31T06:12:12.609+0000][gc            ] GC(878) Concurrent Cycle 356.313ms
[2025-10-31T06:12:13.017+0000][gc,start      ] GC(879) Pause Young (Prepare Mixed) (G1 Evacuation Pause)
[2025-10-31T06:12:13.017+0000][gc,task       ] GC(879) Using 2 workers of 2 for evacuation
[2025-10-31T06:12:13.036+0000][gc,phases     ] GC(879)   Pre Evacuate Collection Set: 0.0ms
[2025-10-31T06:12:13.036+0000][gc,phases     ] GC(879)   Evacuate Collection Set: 16.1ms
[2025-10-31T06:12:13.036+0000][gc,phases     ] GC(879)   Post Evacuate Collection Set: 1.1ms
[2025-10-31T06:12:13.036+0000][gc,phases     ] GC(879)   Other: 1.3ms
[2025-10-31T06:12:13.037+0000][gc,heap       ] GC(879) Eden regions: 22->0(22)
[2025-10-31T06:12:13.037+0000][gc,heap       ] GC(879) Survivor regions: 3->3(4)
[2025-10-31T06:12:13.037+0000][gc,heap       ] GC(879) Old regions: 170->173
[2025-10-31T06:12:13.037+0000][gc,heap       ] GC(879) Humongous regions: 156->156
[2025-10-31T06:12:13.037+0000][gc,metaspace  ] GC(879) Metaspace: 53625K(56752K)->53625K(56752K) NonClass: 47691K(49328K)->47691K(49328K) Class: 5933K(7424K)->5933K(7424K)
[2025-10-31T06:12:13.038+0000][gc            ] GC(879) Pause Young (Prepare Mixed) (G1 Evacuation Pause) 350M->331M(512M) 20.611ms
[2025-10-31T06:12:13.038+0000][gc,cpu        ] GC(879) User=0.05s Sys=0.00s Real=0.02s
[2025-10-31T06:12:13.595+0000][gc,start      ] GC(880) Pause Young (Mixed) (G1 Evacuation Pause)
[2025-10-31T06:12:13.596+0000][gc,task       ] GC(880) Using 2 workers of 2 for evacuation
[2025-10-31T06:12:13.611+0000][gc,phases     ] GC(880)   Pre Evacuate Collection Set: 0.3ms
[2025-10-31T06:12:13.611+0000][gc,phases     ] GC(880)   Evacuate Collection Set: 12.6ms
[2025-10-31T06:12:13.611+0000][gc,phases     ] GC(880)   Post Evacuate Collection Set: 1.3ms
[2025-10-31T06:12:13.612+0000][gc,phases     ] GC(880)   Other: 1.0ms
[2025-10-31T06:12:13.612+0000][gc,heap       ] GC(880) Eden regions: 22->0(33)
[2025-10-31T06:12:13.612+0000][gc,heap       ] GC(880) Survivor regions: 3->2(4)
[2025-10-31T06:12:13.613+0000][gc,heap       ] GC(880) Old regions: 173->155
[2025-10-31T06:12:13.613+0000][gc,heap       ] GC(880) Humongous regions: 426->162
[2025-10-31T06:12:13.613+0000][gc,metaspace  ] GC(880) Metaspace: 53792K(57008K)->53792K(57008K) NonClass: 47839K(49584K)->47839K(49584K) Class: 5953K(7424K)->5953K(7424K)
[2025-10-31T06:12:13.613+0000][gc            ] GC(880) Pause Young (Mixed) (G1 Evacuation Pause) 623M->318M(704M) 17.975ms
[2025-10-31T06:12:13.614+0000][gc,cpu        ] GC(880) User=0.04s Sys=0.00s Real=0.02s
[2025-10-31T06:13:01.607+0000][gc,start      ] GC(881) Pause Young (Mixed) (G1 Evacuation Pause)
[2025-10-31T06:13:01.608+0000][gc,task       ] GC(881) Using 2 workers of 2 for evacuation
[2025-10-31T06:13:01.655+0000][gc,mmu        ] GC(881) MMU target violated: 21.0ms (20.0ms/21.0ms)
[2025-10-31T06:13:01.656+0000][gc,phases     ] GC(881)   Pre Evacuate Collection Set: 0.1ms
[2025-10-31T06:13:01.657+0000][gc,phases     ] GC(881)   Evacuate Collection Set: 41.8ms
[2025-10-31T06:13:01.658+0000][gc,phases     ] GC(881)   Post Evacuate Collection Set: 3.2ms
[2025-10-31T06:13:01.659+0000][gc,phases     ] GC(881)   Other: 3.8ms
[2025-10-31T06:13:01.660+0000][gc,heap       ] GC(881) Eden regions: 33->0(31)
[2025-10-31T06:13:01.661+0000][gc,heap       ] GC(881) Survivor regions: 2->4(5)
[2025-10-31T06:13:01.661+0000][gc,heap       ] GC(881) Old regions: 155->136
[2025-10-31T06:13:01.662+0000][gc,heap       ] GC(881) Humongous regions: 192->156
[2025-10-31T06:13:01.663+0000][gc,metaspace  ] GC(881) Metaspace: 53829K(57008K)->53829K(57008K) NonClass: 47876K(49584K)->47876K(49584K) Class: 5953K(7424K)->5953K(7424K)
[2025-10-31T06:13:01.664+0000][gc            ] GC(881) Pause Young (Mixed) (G1 Evacuation Pause) 381M->294M(704M) 57.610ms
[2025-10-31T06:13:01.665+0000][gc,cpu        ] GC(881) User=0.10s Sys=0.00s Real=0.06s
[2025-10-31T06:14:10.697+0000][gc,start      ] GC(882) Pause Young (Mixed) (G1 Evacuation Pause)
[2025-10-31T06:14:10.699+0000][gc,task       ] GC(882) Using 2 workers of 2 for evacuation
[2025-10-31T06:14:10.807+0000][gc,mmu        ] GC(882) MMU target violated: 21.0ms (20.0ms/21.0ms)
[2025-10-31T06:14:10.808+0000][gc,phases     ] GC(882)   Pre Evacuate Collection Set: 0.2ms
[2025-10-31T06:14:10.810+0000][gc,phases     ] GC(882)   Evacuate Collection Set: 100.6ms
[2025-10-31T06:14:10.814+0000][gc,phases     ] GC(882)   Post Evacuate Collection Set: 5.8ms
[2025-10-31T06:14:10.817+0000][gc,phases     ] GC(882)   Other: 5.2ms
[2025-10-31T06:14:10.818+0000][gc,heap       ] GC(882) Eden regions: 31->0(30)
[2025-10-31T06:14:10.819+0000][gc,heap       ] GC(882) Survivor regions: 4->5(5)
[2025-10-31T06:14:10.821+0000][gc,heap       ] GC(882) Old regions: 136->117
[2025-10-31T06:14:10.822+0000][gc,heap       ] GC(882) Humongous regions: 156->156
[2025-10-31T06:14:10.823+0000][gc,metaspace  ] GC(882) Metaspace: 53829K(57008K)->53829K(57008K) NonClass: 47876K(49584K)->47876K(49584K) Class: 5953K(7424K)->5953K(7424K)
[2025-10-31T06:14:10.825+0000][gc            ] GC(882) Pause Young (Mixed) (G1 Evacuation Pause) 325M->277M(704M) 127.980ms
[2025-10-31T06:14:10.826+0000][gc,cpu        ] GC(882) User=0.22s Sys=0.00s Real=0.13s
[2025-10-31T06:15:17.044+0000][gc,start      ] GC(883) Pause Young (Mixed) (G1 Evacuation Pause)
[2025-10-31T06:15:17.051+0000][gc,task       ] GC(883) Using 2 workers of 2 for evacuation
[2025-10-31T06:15:17.175+0000][gc,mmu        ] GC(883) MMU target violated: 21.0ms (20.0ms/21.0ms)
[2025-10-31T06:15:17.181+0000][gc,phases     ] GC(883)   Pre Evacuate Collection Set: 0.2ms
[2025-10-31T06:15:17.183+0000][gc,phases     ] GC(883)   Evacuate Collection Set: 116.9ms
[2025-10-31T06:15:17.185+0000][gc,phases     ] GC(883)   Post Evacuate Collection Set: 4.1ms
[2025-10-31T06:15:17.187+0000][gc,phases     ] GC(883)   Other: 16.6ms
[2025-10-31T06:15:17.189+0000][gc,heap       ] GC(883) Eden regions: 30->0(31)
[2025-10-31T06:15:17.192+0000][gc,heap       ] GC(883) Survivor regions: 5->4(5)
[2025-10-31T06:15:17.194+0000][gc,heap       ] GC(883) Old regions: 117->100
[2025-10-31T06:15:17.195+0000][gc,heap       ] GC(883) Humongous regions: 156->156
[2025-10-31T06:15:17.203+0000][gc,metaspace  ] GC(883) Metaspace: 53829K(57008K)->53829K(57008K) NonClass: 47876K(49584K)->47876K(49584K) Class: 5953K(7424K)->5953K(7424K)
[2025-10-31T06:15:17.208+0000][gc            ] GC(883) Pause Young (Mixed) (G1 Evacuation Pause) 307M->259M(704M) 163.977ms
[2025-10-31T06:15:17.212+0000][gc,cpu        ] GC(883) User=0.24s Sys=0.00s Real=0.16s
[2025-10-31T06:16:25.659+0000][gc,start      ] GC(884) Pause Young (Mixed) (G1 Evacuation Pause)
[2025-10-31T06:16:25.661+0000][gc,task       ] GC(884) Using 2 workers of 2 for evacuation
[2025-10-31T06:16:25.960+0000][gc,mmu        ] GC(884) MMU target violated: 21.0ms (20.0ms/21.0ms)
[2025-10-31T06:16:25.968+0000][gc,phases     ] GC(884)   Pre Evacuate Collection Set: 1.3ms
[2025-10-31T06:16:25.978+0000][gc,phases     ] GC(884)   Evacuate Collection Set: 280.5ms
[2025-10-31T06:16:26.011+0000][gc,phases     ] GC(884)   Post Evacuate Collection Set: 10.6ms
[2025-10-31T06:16:26.012+0000][gc,phases     ] GC(884)   Other: 17.8ms
[2025-10-31T06:16:26.013+0000][gc,heap       ] GC(884) Eden regions: 31->0(30)
[2025-10-31T06:16:26.014+0000][gc,heap       ] GC(884) Survivor regions: 4->5(5)
[2025-10-31T06:16:26.015+0000][gc,heap       ] GC(884) Old regions: 100->83
[2025-10-31T06:16:26.019+0000][gc,heap       ] GC(884) Humongous regions: 156->156
[2025-10-31T06:16:26.021+0000][gc,metaspace  ] GC(884) Metaspace: 53829K(57008K)->53829K(57008K) NonClass: 47876K(49584K)->47876K(49584K) Class: 5953K(7424K)->5953K(7424K)
[2025-10-31T06:16:26.023+0000][gc            ] GC(884) Pause Young (Mixed) (G1 Evacuation Pause) 290M->242M(704M) 364.389ms
[2025-10-31T06:16:26.026+0000][gc,cpu        ] GC(884) User=0.47s Sys=0.07s Real=0.36s
[2025-10-31T06:17:27.915+0000][gc,start      ] GC(885) Pause Young (Mixed) (G1 Evacuation Pause)
[2025-10-31T06:17:27.916+0000][gc,task       ] GC(885) Using 2 workers of 2 for evacuation
[2025-10-31T06:17:27.966+0000][gc,mmu        ] GC(885) MMU target violated: 21.0ms (20.0ms/21.0ms)
[2025-10-31T06:17:27.967+0000][gc,phases     ] GC(885)   Pre Evacuate Collection Set: 0.1ms
[2025-10-31T06:17:27.968+0000][gc,phases     ] GC(885)   Evacuate Collection Set: 46.1ms
[2025-10-31T06:17:27.969+0000][gc,phases     ] GC(885)   Post Evacuate Collection Set: 3.0ms
[2025-10-31T06:17:27.970+0000][gc,phases     ] GC(885)   Other: 3.6ms
[2025-10-31T06:17:27.971+0000][gc,heap       ] GC(885) Eden regions: 30->0(32)
[2025-10-31T06:17:27.972+0000][gc,heap       ] GC(885) Survivor regions: 5->3(5)
[2025-10-31T06:17:27.973+0000][gc,heap       ] GC(885) Old regions: 83->73
[2025-10-31T06:17:27.973+0000][gc,heap       ] GC(885) Humongous regions: 156->156
[2025-10-31T06:17:27.984+0000][gc,metaspace  ] GC(885) Metaspace: 53829K(57008K)->53829K(57008K) NonClass: 47876K(49584K)->47876K(49584K) Class: 5953K(7424K)->5953K(7424K)
[2025-10-31T06:17:27.985+0000][gc            ] GC(885) Pause Young (Mixed) (G1 Evacuation Pause) 272M->231M(704M) 70.742ms
[2025-10-31T06:17:27.986+0000][gc,cpu        ] GC(885) User=0.10s Sys=0.00s Real=0.08s
[2025-10-31T06:18:38.785+0000][gc,start      ] GC(886) Pause Young (Normal) (G1 Evacuation Pause)
[2025-10-31T06:18:38.786+0000][gc,task       ] GC(886) Using 2 workers of 2 for evacuation
[2025-10-31T06:18:38.834+0000][gc,mmu        ] GC(886) MMU target violated: 21.0ms (20.0ms/21.0ms)
[2025-10-31T06:18:38.835+0000][gc,phases     ] GC(886)   Pre Evacuate Collection Set: 0.1ms
[2025-10-31T06:18:38.836+0000][gc,phases     ] GC(886)   Evacuate Collection Set: 43.3ms
[2025-10-31T06:18:38.837+0000][gc,phases     ] GC(886)   Post Evacuate Collection Set: 3.0ms
[2025-10-31T06:18:38.838+0000][gc,phases     ] GC(886)   Other: 3.8ms
[2025-10-31T06:18:38.838+0000][gc,heap       ] GC(886) Eden regions: 32->0(30)
[2025-10-31T06:18:38.839+0000][gc,heap       ] GC(886) Survivor regions: 3->5(5)
[2025-10-31T06:18:38.841+0000][gc,heap       ] GC(886) Old regions: 73->73
[2025-10-31T06:18:38.841+0000][gc,heap       ] GC(886) Humongous regions: 156->156
[2025-10-31T06:18:38.842+0000][gc,metaspace  ] GC(886) Metaspace: 53829K(57008K)->53829K(57008K) NonClass: 47876K(49584K)->47876K(49584K) Class: 5953K(7424K)->5953K(7424K)
[2025-10-31T06:18:38.843+0000][gc            ] GC(886) Pause Young (Normal) (G1 Evacuation Pause) 263M->233M(704M) 58.200ms
[2025-10-31T06:18:38.844+0000][gc,cpu        ] GC(886) User=0.09s Sys=0.00s Real=0.05s
[2025-10-31T06:19:45.524+0000][gc,start      ] GC(887) Pause Young (Normal) (G1 Evacuation Pause)
[2025-10-31T06:19:45.528+0000][gc,task       ] GC(887) Using 2 workers of 2 for evacuation
[2025-10-31T06:19:45.633+0000][gc,mmu        ] GC(887) MMU target violated: 21.0ms (20.0ms/21.0ms)
[2025-10-31T06:19:45.634+0000][gc,phases     ] GC(887)   Pre Evacuate Collection Set: 0.1ms
[2025-10-31T06:19:45.640+0000][gc,phases     ] GC(887)   Evacuate Collection Set: 96.7ms
[2025-10-31T06:19:45.642+0000][gc,phases     ] GC(887)   Post Evacuate Collection Set: 6.2ms
[2025-10-31T06:19:45.646+0000][gc,phases     ] GC(887)   Other: 7.6ms
[2025-10-31T06:19:45.647+0000][gc,heap       ] GC(887) Eden regions: 30->0(32)
[2025-10-31T06:19:45.648+0000][gc,heap       ] GC(887) Survivor regions: 5->3(5)
[2025-10-31T06:19:45.650+0000][gc,heap       ] GC(887) Old regions: 73->77
[2025-10-31T06:19:45.651+0000][gc,heap       ] GC(887) Humongous regions: 156->156
[2025-10-31T06:19:45.653+0000][gc,metaspace  ] GC(887) Metaspace: 53829K(57008K)->53829K(57008K) NonClass: 47876K(49584K)->47876K(49584K) Class: 5953K(7424K)->5953K(7424K)
[2025-10-31T06:19:45.655+0000][gc            ] GC(887) Pause Young (Normal) (G1 Evacuation Pause) 263M->235M(704M) 131.309ms
[2025-10-31T06:19:45.656+0000][gc,cpu        ] GC(887) User=0.20s Sys=0.00s Real=0.13s
[2025-10-31T06:20:55.727+0000][gc,start      ] GC(888) Pause Young (Normal) (G1 Evacuation Pause)
[2025-10-31T06:20:55.728+0000][gc,task       ] GC(888) Using 2 workers of 2 for evacuation
[2025-10-31T06:20:55.809+0000][gc,mmu        ] GC(888) MMU target violated: 21.0ms (20.0ms/21.0ms)
[2025-10-31T06:20:55.813+0000][gc,phases     ] GC(888)   Pre Evacuate Collection Set: 0.1ms
[2025-10-31T06:20:55.814+0000][gc,phases     ] GC(888)   Evacuate Collection Set: 72.9ms
[2025-10-31T06:20:55.816+0000][gc,phases     ] GC(888)   Post Evacuate Collection Set: 6.0ms
[2025-10-31T06:20:55.819+0000][gc,phases     ] GC(888)   Other: 7.2ms
[2025-10-31T06:20:55.822+0000][gc,heap       ] GC(888) Eden regions: 32->0(31)
[2025-10-31T06:20:55.823+0000][gc,heap       ] GC(888) Survivor regions: 3->4(5)
[2025-10-31T06:20:55.825+0000][gc,heap       ] GC(888) Old regions: 77->79
[2025-10-31T06:20:55.826+0000][gc,heap       ] GC(888) Humongous regions: 156->156
[2025-10-31T06:20:55.828+0000][gc,metaspace  ] GC(888) Metaspace: 53829K(57008K)->53829K(57008K) NonClass: 47876K(49584K)->47876K(49584K) Class: 5953K(7424K)->5953K(7424K)
[2025-10-31T06:20:55.829+0000][gc            ] GC(888) Pause Young (Normal) (G1 Evacuation Pause) 267M->238M(704M) 102.433ms
[2025-10-31T06:20:55.831+0000][gc,cpu        ] GC(888) User=0.16s Sys=0.00s Real=0.11s
[2025-10-31T06:22:03.505+0000][gc,start      ] GC(889) Pause Young (Normal) (G1 Evacuation Pause)
[2025-10-31T06:22:03.506+0000][gc,task       ] GC(889) Using 2 workers of 2 for evacuation
[2025-10-31T06:22:03.547+0000][gc,mmu        ] GC(889) MMU target violated: 21.0ms (20.0ms/21.0ms)
[2025-10-31T06:22:03.548+0000][gc,phases     ] GC(889)   Pre Evacuate Collection Set: 0.0ms
[2025-10-31T06:22:03.548+0000][gc,phases     ] GC(889)   Evacuate Collection Set: 37.9ms
[2025-10-31T06:22:03.549+0000][gc,phases     ] GC(889)   Post Evacuate Collection Set: 2.4ms
[2025-10-31T06:22:03.550+0000][gc,phases     ] GC(889)   Other: 2.7ms
[2025-10-31T06:22:03.551+0000][gc,heap       ] GC(889) Eden regions: 31->0(31)
[2025-10-31T06:22:03.552+0000][gc,heap       ] GC(889) Survivor regions: 4->4(5)
[2025-10-31T06:22:03.552+0000][gc,heap       ] GC(889) Old regions: 79->81
[2025-10-31T06:22:03.553+0000][gc,heap       ] GC(889) Humongous regions: 156->156
[2025-10-31T06:22:03.554+0000][gc,metaspace  ] GC(889) Metaspace: 53829K(57008K)->53829K(57008K) NonClass: 47876K(49584K)->47876K(49584K) Class: 5953K(7424K)->5953K(7424K)
[2025-10-31T06:22:03.555+0000][gc            ] GC(889) Pause Young (Normal) (G1 Evacuation Pause) 269M->240M(704M) 50.106ms
[2025-10-31T06:22:03.556+0000][gc,cpu        ] GC(889) User=0.08s Sys=0.00s Real=0.05s
[2025-10-31T06:23:08.248+0000][gc,start      ] GC(890) Pause Young (Normal) (G1 Evacuation Pause)
[2025-10-31T06:23:08.249+0000][gc,task       ] GC(890) Using 2 workers of 2 for evacuation
[2025-10-31T06:23:08.304+0000][gc,mmu        ] GC(890) MMU target violated: 21.0ms (20.0ms/21.0ms)
[2025-10-31T06:23:08.305+0000][gc,phases     ] GC(890)   Pre Evacuate Collection Set: 0.0ms
[2025-10-31T06:23:08.306+0000][gc,phases     ] GC(890)   Evacuate Collection Set: 48.2ms
[2025-10-31T06:23:08.306+0000][gc,phases     ] GC(890)   Post Evacuate Collection Set: 3.4ms
[2025-10-31T06:23:08.308+0000][gc,phases     ] GC(890)   Other: 4.9ms
[2025-10-31T06:23:08.309+0000][gc,heap       ] GC(890) Eden regions: 31->0(32)
[2025-10-31T06:23:08.310+0000][gc,heap       ] GC(890) Survivor regions: 4->3(5)
[2025-10-31T06:23:08.313+0000][gc,heap       ] GC(890) Old regions: 81->83
[2025-10-31T06:23:08.314+0000][gc,heap       ] GC(890) Humongous regions: 156->156
[2025-10-31T06:23:08.315+0000][gc,metaspace  ] GC(890) Metaspace: 53829K(57008K)->53829K(57008K) NonClass: 47876K(49584K)->47876K(49584K) Class: 5953K(7424K)->5953K(7424K)
[2025-10-31T06:23:08.316+0000][gc            ] GC(890) Pause Young (Normal) (G1 Evacuation Pause) 271M->241M(704M) 67.582ms
[2025-10-31T06:23:08.316+0000][gc,cpu        ] GC(890) User=0.10s Sys=0.00s Real=0.07s
[2025-10-31T06:24:17.907+0000][gc,start      ] GC(891) Pause Young (Normal) (G1 Evacuation Pause)
[2025-10-31T06:24:17.910+0000][gc,task       ] GC(891) Using 2 workers of 2 for evacuation
[2025-10-31T06:24:17.968+0000][gc,mmu        ] GC(891) MMU target violated: 21.0ms (20.0ms/21.0ms)
[2025-10-31T06:24:17.971+0000][gc,phases     ] GC(891)   Pre Evacuate Collection Set: 0.2ms
[2025-10-31T06:24:17.972+0000][gc,phases     ] GC(891)   Evacuate Collection Set: 53.2ms
[2025-10-31T06:24:17.973+0000][gc,phases     ] GC(891)   Post Evacuate Collection Set: 2.4ms
[2025-10-31T06:24:17.975+0000][gc,phases     ] GC(891)   Other: 7.5ms
[2025-10-31T06:24:17.975+0000][gc,heap       ] GC(891) Eden regions: 32->0(30)
[2025-10-31T06:24:17.976+0000][gc,heap       ] GC(891) Survivor regions: 3->5(5)
[2025-10-31T06:24:17.978+0000][gc,heap       ] GC(891) Old regions: 83->83
[2025-10-31T06:24:17.979+0000][gc,heap       ] GC(891) Humongous regions: 156->156
[2025-10-31T06:24:17.981+0000][gc,metaspace  ] GC(891) Metaspace: 53829K(57008K)->53829K(57008K) NonClass: 47876K(49584K)->47876K(49584K) Class: 5953K(7424K)->5953K(7424K)
[2025-10-31T06:24:17.984+0000][gc            ] GC(891) Pause Young (Normal) (G1 Evacuation Pause) 273M->243M(704M) 76.592ms
[2025-10-31T06:24:17.985+0000][gc,cpu        ] GC(891) User=0.11s Sys=0.00s Real=0.08s
[2025-10-31T06:25:24.080+0000][gc,start      ] GC(892) Pause Young (Normal) (G1 Evacuation Pause)
[2025-10-31T06:25:24.081+0000][gc,task       ] GC(892) Using 2 workers of 2 for evacuation
[2025-10-31T06:25:24.140+0000][gc,mmu        ] GC(892) MMU target violated: 21.0ms (20.0ms/21.0ms)
[2025-10-31T06:25:24.140+0000][gc,phases     ] GC(892)   Pre Evacuate Collection Set: 0.1ms
[2025-10-31T06:25:24.141+0000][gc,phases     ] GC(892)   Evacuate Collection Set: 53.6ms
[2025-10-31T06:25:24.142+0000][gc,phases     ] GC(892)   Post Evacuate Collection Set: 2.7ms
[2025-10-31T06:25:24.142+0000][gc,phases     ] GC(892)   Other: 4.1ms
[2025-10-31T06:25:24.143+0000][gc,heap       ] GC(892) Eden regions: 30->0(30)
[2025-10-31T06:25:24.144+0000][gc,heap       ] GC(892) Survivor regions: 5->5(5)
[2025-10-31T06:25:24.144+0000][gc,heap       ] GC(892) Old regions: 83->85
[2025-10-31T06:25:24.145+0000][gc,heap       ] GC(892) Humongous regions: 156->156
[2025-10-31T06:25:24.146+0000][gc,metaspace  ] GC(892) Metaspace: 53829K(57008K)->53829K(57008K) NonClass: 47876K(49584K)->47876K(49584K) Class: 5953K(7424K)->5953K(7424K)
[2025-10-31T06:25:24.147+0000][gc            ] GC(892) Pause Young (Normal) (G1 Evacuation Pause) 273M->245M(704M) 67.342ms
[2025-10-31T06:25:24.148+0000][gc,cpu        ] GC(892) User=0.11s Sys=0.00s Real=0.07s
[2025-10-31T06:26:29.343+0000][gc,start      ] GC(893) Pause Young (Normal) (G1 Evacuation Pause)
[2025-10-31T06:26:29.344+0000][gc,task       ] GC(893) Using 2 workers of 2 for evacuation
[2025-10-31T06:26:29.391+0000][gc,mmu        ] GC(893) MMU target violated: 21.0ms (20.0ms/21.0ms)
[2025-10-31T06:26:29.392+0000][gc,phases     ] GC(893)   Pre Evacuate Collection Set: 0.1ms
[2025-10-31T06:26:29.393+0000][gc,phases     ] GC(893)   Evacuate Collection Set: 43.7ms
[2025-10-31T06:26:29.394+0000][gc,phases     ] GC(893)   Post Evacuate Collection Set: 2.5ms
[2025-10-31T06:26:29.394+0000][gc,phases     ] GC(893)   Other: 3.1ms
[2025-10-31T06:26:29.395+0000][gc,heap       ] GC(893) Eden regions: 30->0(31)
[2025-10-31T06:26:29.396+0000][gc,heap       ] GC(893) Survivor regions: 5->4(5)
[2025-10-31T06:26:29.396+0000][gc,heap       ] GC(893) Old regions: 85->89
[2025-10-31T06:26:29.397+0000][gc,heap       ] GC(893) Humongous regions: 156->156
[2025-10-31T06:26:29.398+0000][gc,metaspace  ] GC(893) Metaspace: 53829K(57008K)->53829K(57008K) NonClass: 47876K(49584K)->47876K(49584K) Class: 5953K(7424K)->5953K(7424K)
[2025-10-31T06:26:29.398+0000][gc            ] GC(893) Pause Young (Normal) (G1 Evacuation Pause) 275M->247M(704M) 55.166ms
[2025-10-31T06:26:29.399+0000][gc,cpu        ] GC(893) User=0.09s Sys=0.00s Real=0.06s
[2025-10-31T06:27:33.936+0000][gc,start      ] GC(894) Pause Young (Normal) (G1 Evacuation Pause)
[2025-10-31T06:27:33.937+0000][gc,task       ] GC(894) Using 2 workers of 2 for evacuation
[2025-10-31T06:27:33.984+0000][gc,mmu        ] GC(894) MMU target violated: 21.0ms (20.0ms/21.0ms)
[2025-10-31T06:27:33.985+0000][gc,phases     ] GC(894)   Pre Evacuate Collection Set: 0.0ms
[2025-10-31T06:27:33.986+0000][gc,phases     ] GC(894)   Evacuate Collection Set: 44.2ms
[2025-10-31T06:27:33.987+0000][gc,phases     ] GC(894)   Post Evacuate Collection Set: 2.5ms
[2025-10-31T06:27:33.987+0000][gc,phases     ] GC(894)   Other: 2.7ms
[2025-10-31T06:27:33.988+0000][gc,heap       ] GC(894) Eden regions: 31->0(31)
[2025-10-31T06:27:33.989+0000][gc,heap       ] GC(894) Survivor regions: 4->4(5)
[2025-10-31T06:27:33.989+0000][gc,heap       ] GC(894) Old regions: 89->91
[2025-10-31T06:27:33.990+0000][gc,heap       ] GC(894) Humongous regions: 156->156
[2025-10-31T06:27:33.991+0000][gc,metaspace  ] GC(894) Metaspace: 53829K(57008K)->53829K(57008K) NonClass: 47876K(49584K)->47876K(49584K) Class: 5953K(7424K)->5953K(7424K)
[2025-10-31T06:27:33.991+0000][gc            ] GC(894) Pause Young (Normal) (G1 Evacuation Pause) 278M->249M(704M) 55.211ms
[2025-10-31T06:27:33.992+0000][gc,cpu        ] GC(894) User=0.09s Sys=0.00s Real=0.06s
[2025-10-31T06:28:41.310+0000][gc,start      ] GC(895) Pause Young (Normal) (G1 Evacuation Pause)
[2025-10-31T06:28:41.312+0000][gc,task       ] GC(895) Using 2 workers of 2 for evacuation
[2025-10-31T06:28:41.383+0000][gc,mmu        ] GC(895) MMU target violated: 21.0ms (20.0ms/21.0ms)
[2025-10-31T06:28:41.384+0000][gc,phases     ] GC(895)   Pre Evacuate Collection Set: 0.1ms
[2025-10-31T06:28:41.385+0000][gc,phases     ] GC(895)   Evacuate Collection Set: 65.5ms
[2025-10-31T06:28:41.386+0000][gc,phases     ] GC(895)   Post Evacuate Collection Set: 3.1ms
[2025-10-31T06:28:41.387+0000][gc,phases     ] GC(895)   Other: 5.5ms
[2025-10-31T06:28:41.387+0000][gc,heap       ] GC(895) Eden regions: 31->0(31)
[2025-10-31T06:28:41.388+0000][gc,heap       ] GC(895) Survivor regions: 4->4(5)
[2025-10-31T06:28:41.389+0000][gc,heap       ] GC(895) Old regions: 91->93
[2025-10-31T06:28:41.390+0000][gc,heap       ] GC(895) Humongous regions: 156->156
[2025-10-31T06:28:41.390+0000][gc,metaspace  ] GC(895) Metaspace: 53829K(57008K)->53829K(57008K) NonClass: 47876K(49584K)->47876K(49584K) Class: 5953K(7424K)->5953K(7424K)
[2025-10-31T06:28:41.392+0000][gc            ] GC(895) Pause Young (Normal) (G1 Evacuation Pause) 280M->252M(704M) 81.808ms
[2025-10-31T06:28:41.393+0000][gc,cpu        ] GC(895) User=0.15s Sys=0.00s Real=0.08s
[2025-10-31T06:29:48.235+0000][gc,start      ] GC(896) Pause Young (Normal) (G1 Evacuation Pause)
[2025-10-31T06:29:48.236+0000][gc,task       ] GC(896) Using 2 workers of 2 for evacuation
[2025-10-31T06:29:48.300+0000][gc,mmu        ] GC(896) MMU target violated: 21.0ms (20.0ms/21.0ms)
[2025-10-31T06:29:48.300+0000][gc,phases     ] GC(896)   Pre Evacuate Collection Set: 0.3ms
[2025-10-31T06:29:48.301+0000][gc,phases     ] GC(896)   Evacuate Collection Set: 58.0ms
[2025-10-31T06:29:48.302+0000][gc,phases     ] GC(896)   Post Evacuate Collection Set: 3.0ms
[2025-10-31T06:29:48.302+0000][gc,phases     ] GC(896)   Other: 3.8ms
[2025-10-31T06:29:48.303+0000][gc,heap       ] GC(896) Eden regions: 31->0(32)
[2025-10-31T06:29:48.304+0000][gc,heap       ] GC(896) Survivor regions: 4->3(5)
[2025-10-31T06:29:48.305+0000][gc,heap       ] GC(896) Old regions: 93->95
[2025-10-31T06:29:48.305+0000][gc,heap       ] GC(896) Humongous regions: 156->156
[2025-10-31T06:29:48.306+0000][gc,metaspace  ] GC(896) Metaspace: 53829K(57008K)->53829K(57008K) NonClass: 47876K(49584K)->47876K(49584K) Class: 5953K(7424K)->5953K(7424K)
[2025-10-31T06:29:48.307+0000][gc            ] GC(896) Pause Young (Normal) (G1 Evacuation Pause) 283M->252M(704M) 71.496ms
[2025-10-31T06:29:48.307+0000][gc,cpu        ] GC(896) User=0.12s Sys=0.00s Real=0.07s
[2025-10-31T06:30:57.858+0000][gc,start      ] GC(897) Pause Young (Normal) (G1 Evacuation Pause)
[2025-10-31T06:30:57.860+0000][gc,task       ] GC(897) Using 2 workers of 2 for evacuation
[2025-10-31T06:30:57.944+0000][gc,mmu        ] GC(897) MMU target violated: 21.0ms (20.0ms/21.0ms)
[2025-10-31T06:30:57.946+0000][gc,phases     ] GC(897)   Pre Evacuate Collection Set: 0.0ms
[2025-10-31T06:30:57.946+0000][gc,phases     ] GC(897)   Evacuate Collection Set: 77.9ms
[2025-10-31T06:30:57.947+0000][gc,phases     ] GC(897)   Post Evacuate Collection Set: 4.2ms
[2025-10-31T06:30:57.948+0000][gc,phases     ] GC(897)   Other: 5.2ms
[2025-10-31T06:30:57.949+0000][gc,heap       ] GC(897) Eden regions: 32->0(30)
[2025-10-31T06:30:57.950+0000][gc,heap       ] GC(897) Survivor regions: 3->5(5)
[2025-10-31T06:30:57.951+0000][gc,heap       ] GC(897) Old regions: 95->95
[2025-10-31T06:30:57.952+0000][gc,heap       ] GC(897) Humongous regions: 156->156
[2025-10-31T06:30:57.954+0000][gc,metaspace  ] GC(897) Metaspace: 53831K(57008K)->53831K(57008K) NonClass: 47878K(49584K)->47878K(49584K) Class: 5953K(7424K)->5953K(7424K)
[2025-10-31T06:30:57.955+0000][gc            ] GC(897) Pause Young (Normal) (G1 Evacuation Pause) 284M->254M(704M) 96.183ms
[2025-10-31T06:30:57.955+0000][gc,cpu        ] GC(897) User=0.17s Sys=0.00s Real=0.09s
[2025-10-31T06:32:03.735+0000][gc,start      ] GC(898) Pause Young (Normal) (G1 Evacuation Pause)
[2025-10-31T06:32:03.737+0000][gc,task       ] GC(898) Using 2 workers of 2 for evacuation
[2025-10-31T06:32:03.783+0000][gc,mmu        ] GC(898) MMU target violated: 21.0ms (20.0ms/21.0ms)
[2025-10-31T06:32:03.784+0000][gc,phases     ] GC(898)   Pre Evacuate Collection Set: 0.0ms
[2025-10-31T06:32:03.784+0000][gc,phases     ] GC(898)   Evacuate Collection Set: 42.1ms
[2025-10-31T06:32:03.786+0000][gc,phases     ] GC(898)   Post Evacuate Collection Set: 2.3ms
[2025-10-31T06:32:03.787+0000][gc,phases     ] GC(898)   Other: 5.0ms
[2025-10-31T06:32:03.788+0000][gc,heap       ] GC(898) Eden regions: 30->0(32)
[2025-10-31T06:32:03.788+0000][gc,heap       ] GC(898) Survivor regions: 5->3(5)
[2025-10-31T06:32:03.789+0000][gc,heap       ] GC(898) Old regions: 95->98
[2025-10-31T06:32:03.789+0000][gc,heap       ] GC(898) Humongous regions: 156->156
[2025-10-31T06:32:03.790+0000][gc,metaspace  ] GC(898) Metaspace: 53831K(57008K)->53831K(57008K) NonClass: 47878K(49584K)->47878K(49584K) Class: 5953K(7424K)->5953K(7424K)
[2025-10-31T06:32:03.790+0000][gc            ] GC(898) Pause Young (Normal) (G1 Evacuation Pause) 284M->256M(704M) 55.887ms
[2025-10-31T06:32:03.792+0000][gc,cpu        ] GC(898) User=0.09s Sys=0.00s Real=0.06s
[2025-10-31T06:33:10.379+0000][gc,start      ] GC(899) Pause Young (Normal) (G1 Evacuation Pause)
[2025-10-31T06:33:10.379+0000][gc,task       ] GC(899) Using 2 workers of 2 for evacuation
[2025-10-31T06:33:10.408+0000][gc,mmu        ] GC(899) MMU target violated: 21.0ms (20.0ms/21.0ms)
[2025-10-31T06:33:10.408+0000][gc,phases     ] GC(899)   Pre Evacuate Collection Set: 0.0ms
[2025-10-31T06:33:10.409+0000][gc,phases     ] GC(899)   Evacuate Collection Set: 26.2ms
[2025-10-31T06:33:10.409+0000][gc,phases     ] GC(899)   Post Evacuate Collection Set: 1.4ms
[2025-10-31T06:33:10.410+0000][gc,phases     ] GC(899)   Other: 2.1ms
[2025-10-31T06:33:10.410+0000][gc,heap       ] GC(899) Eden regions: 32->0(31)
[2025-10-31T06:33:10.411+0000][gc,heap       ] GC(899) Survivor regions: 3->4(5)
[2025-10-31T06:33:10.412+0000][gc,heap       ] GC(899) Old regions: 98->100
[2025-10-31T06:33:10.412+0000][gc,heap       ] GC(899) Humongous regions: 156->156
[2025-10-31T06:33:10.413+0000][gc,metaspace  ] GC(899) Metaspace: 53831K(57008K)->53831K(57008K) NonClass: 47878K(49584K)->47878K(49584K) Class: 5953K(7424K)->5953K(7424K)
[2025-10-31T06:33:10.413+0000][gc            ] GC(899) Pause Young (Normal) (G1 Evacuation Pause) 288M->259M(704M) 34.426ms
[2025-10-31T06:33:10.414+0000][gc,cpu        ] GC(899) User=0.06s Sys=0.00s Real=0.03s
[2025-10-31T06:34:16.984+0000][gc,start      ] GC(900) Pause Young (Normal) (G1 Evacuation Pause)
[2025-10-31T06:34:16.987+0000][gc,task       ] GC(900) Using 2 workers of 2 for evacuation
[2025-10-31T06:34:17.027+0000][gc,mmu        ] GC(900) MMU target violated: 21.0ms (20.0ms/21.0ms)
[2025-10-31T06:34:17.028+0000][gc,phases     ] GC(900)   Pre Evacuate Collection Set: 0.1ms
[2025-10-31T06:34:17.029+0000][gc,phases     ] GC(900)   Evacuate Collection Set: 37.1ms
[2025-10-31T06:34:17.030+0000][gc,phases     ] GC(900)   Post Evacuate Collection Set: 2.2ms
[2025-10-31T06:34:17.030+0000][gc,phases     ] GC(900)   Other: 4.5ms
[2025-10-31T06:34:17.031+0000][gc,heap       ] GC(900) Eden regions: 31->0(31)
[2025-10-31T06:34:17.032+0000][gc,heap       ] GC(900) Survivor regions: 4->4(5)
[2025-10-31T06:34:17.032+0000][gc,heap       ] GC(900) Old regions: 100->102
[2025-10-31T06:34:17.033+0000][gc,heap       ] GC(900) Humongous regions: 156->156
[2025-10-31T06:34:17.034+0000][gc,metaspace  ] GC(900) Metaspace: 53831K(57008K)->53831K(57008K) NonClass: 47878K(49584K)->47878K(49584K) Class: 5953K(7424K)->5953K(7424K)
[2025-10-31T06:34:17.034+0000][gc            ] GC(900) Pause Young (Normal) (G1 Evacuation Pause) 290M->261M(704M) 49.926ms
[2025-10-31T06:34:17.035+0000][gc,cpu        ] GC(900) User=0.08s Sys=0.00s Real=0.05s
[2025-10-31T06:35:24.734+0000][gc,start      ] GC(901) Pause Young (Normal) (G1 Evacuation Pause)
[2025-10-31T06:35:24.736+0000][gc,task       ] GC(901) Using 2 workers of 2 for evacuation
[2025-10-31T06:35:24.774+0000][gc,mmu        ] GC(901) MMU target violated: 21.0ms (20.0ms/21.0ms)
[2025-10-31T06:35:24.775+0000][gc,phases     ] GC(901)   Pre Evacuate Collection Set: 0.5ms
[2025-10-31T06:35:24.775+0000][gc,phases     ] GC(901)   Evacuate Collection Set: 32.6ms
[2025-10-31T06:35:24.776+0000][gc,phases     ] GC(901)   Post Evacuate Collection Set: 2.1ms
[2025-10-31T06:35:24.777+0000][gc,phases     ] GC(901)   Other: 5.7ms
[2025-10-31T06:35:24.777+0000][gc,heap       ] GC(901) Eden regions: 31->0(32)
[2025-10-31T06:35:24.778+0000][gc,heap       ] GC(901) Survivor regions: 4->3(5)
[2025-10-31T06:35:24.779+0000][gc,heap       ] GC(901) Old regions: 102->104
[2025-10-31T06:35:24.780+0000][gc,heap       ] GC(901) Humongous regions: 156->156
[2025-10-31T06:35:24.781+0000][gc,metaspace  ] GC(901) Metaspace: 53831K(57008K)->53831K(57008K) NonClass: 47878K(49584K)->47878K(49584K) Class: 5953K(7424K)->5953K(7424K)
[2025-10-31T06:35:24.782+0000][gc            ] GC(901) Pause Young (Normal) (G1 Evacuation Pause) 292M->262M(704M) 48.296ms
[2025-10-31T06:35:24.785+0000][gc,cpu        ] GC(901) User=0.07s Sys=0.00s Real=0.05s
[2025-10-31T06:36:34.689+0000][gc,start      ] GC(902) Pause Young (Normal) (G1 Evacuation Pause)
[2025-10-31T06:36:34.691+0000][gc,task       ] GC(902) Using 2 workers of 2 for evacuation
[2025-10-31T06:36:34.738+0000][gc,mmu        ] GC(902) MMU target violated: 21.0ms (20.0ms/21.0ms)
[2025-10-31T06:36:34.740+0000][gc,phases     ] GC(902)   Pre Evacuate Collection Set: 0.1ms
[2025-10-31T06:36:34.741+0000][gc,phases     ] GC(902)   Evacuate Collection Set: 42.0ms
[2025-10-31T06:36:34.741+0000][gc,phases     ] GC(902)   Post Evacuate Collection Set: 2.7ms
[2025-10-31T06:36:34.742+0000][gc,phases     ] GC(902)   Other: 6.4ms
[2025-10-31T06:36:34.743+0000][gc,heap       ] GC(902) Eden regions: 32->0(30)
[2025-10-31T06:36:34.745+0000][gc,heap       ] GC(902) Survivor regions: 3->5(5)
[2025-10-31T06:36:34.750+0000][gc,heap       ] GC(902) Old regions: 104->104
[2025-10-31T06:36:34.751+0000][gc,heap       ] GC(902) Humongous regions: 156->156
[2025-10-31T06:36:34.752+0000][gc,metaspace  ] GC(902) Metaspace: 53831K(57008K)->53831K(57008K) NonClass: 47878K(49584K)->47878K(49584K) Class: 5953K(7424K)->5953K(7424K)
[2025-10-31T06:36:34.755+0000][gc            ] GC(902) Pause Young (Normal) (G1 Evacuation Pause) 294M->264M(704M) 65.760ms
[2025-10-31T06:36:34.755+0000][gc,cpu        ] GC(902) User=0.08s Sys=0.02s Real=0.07s
[2025-10-31T06:37:36.107+0000][gc,start      ] GC(903) Pause Young (Normal) (G1 Evacuation Pause)
[2025-10-31T06:37:36.108+0000][gc,task       ] GC(903) Using 2 workers of 2 for evacuation
[2025-10-31T06:37:36.149+0000][gc,mmu        ] GC(903) MMU target violated: 21.0ms (20.0ms/21.0ms)
[2025-10-31T06:37:36.150+0000][gc,phases     ] GC(903)   Pre Evacuate Collection Set: 0.0ms
[2025-10-31T06:37:36.150+0000][gc,phases     ] GC(903)   Evacuate Collection Set: 38.3ms
[2025-10-31T06:37:36.151+0000][gc,phases     ] GC(903)   Post Evacuate Collection Set: 1.9ms
[2025-10-31T06:37:36.151+0000][gc,phases     ] GC(903)   Other: 2.3ms
[2025-10-31T06:37:36.152+0000][gc,heap       ] GC(903) Eden regions: 30->0(32)
[2025-10-31T06:37:36.152+0000][gc,heap       ] GC(903) Survivor regions: 5->3(5)
[2025-10-31T06:37:36.153+0000][gc,heap       ] GC(903) Old regions: 104->108
[2025-10-31T06:37:36.154+0000][gc,heap       ] GC(903) Humongous regions: 156->156
[2025-10-31T06:37:36.154+0000][gc,metaspace  ] GC(903) Metaspace: 53832K(57008K)->53832K(57008K) NonClass: 47878K(49584K)->47878K(49584K) Class: 5953K(7424K)->5953K(7424K)
[2025-10-31T06:37:36.155+0000][gc            ] GC(903) Pause Young (Normal) (G1 Evacuation Pause) 294M->266M(704M) 48.061ms
[2025-10-31T06:37:36.156+0000][gc,cpu        ] GC(903) User=0.09s Sys=0.00s Real=0.04s
[2025-10-31T06:38:46.611+0000][gc,start      ] GC(904) Pause Young (Normal) (G1 Evacuation Pause)
[2025-10-31T06:38:46.613+0000][gc,task       ] GC(904) Using 2 workers of 2 for evacuation
[2025-10-31T06:38:46.659+0000][gc,mmu        ] GC(904) MMU target violated: 21.0ms (20.0ms/21.0ms)
[2025-10-31T06:38:46.660+0000][gc,phases     ] GC(904)   Pre Evacuate Collection Set: 0.1ms
[2025-10-31T06:38:46.661+0000][gc,phases     ] GC(904)   Evacuate Collection Set: 42.3ms
[2025-10-31T06:38:46.661+0000][gc,phases     ] GC(904)   Post Evacuate Collection Set: 2.4ms
[2025-10-31T06:38:46.664+0000][gc,phases     ] GC(904)   Other: 3.7ms
[2025-10-31T06:38:46.665+0000][gc,heap       ] GC(904) Eden regions: 32->0(31)
[2025-10-31T06:38:46.666+0000][gc,heap       ] GC(904) Survivor regions: 3->4(5)
[2025-10-31T06:38:46.667+0000][gc,heap       ] GC(904) Old regions: 108->110
[2025-10-31T06:38:46.668+0000][gc,heap       ] GC(904) Humongous regions: 156->156
[2025-10-31T06:38:46.669+0000][gc,metaspace  ] GC(904) Metaspace: 53832K(57008K)->53832K(57008K) NonClass: 47878K(49584K)->47878K(49584K) Class: 5953K(7424K)->5953K(7424K)
[2025-10-31T06:38:46.669+0000][gc            ] GC(904) Pause Young (Normal) (G1 Evacuation Pause) 298M->269M(704M) 58.032ms
[2025-10-31T06:38:46.670+0000][gc,cpu        ] GC(904) User=0.09s Sys=0.00s Real=0.06s
[2025-10-31T06:39:52.419+0000][gc,start      ] GC(905) Pause Young (Normal) (G1 Evacuation Pause)
[2025-10-31T06:39:52.420+0000][gc,task       ] GC(905) Using 2 workers of 2 for evacuation
[2025-10-31T06:39:52.454+0000][gc,mmu        ] GC(905) MMU target violated: 21.0ms (20.0ms/21.0ms)
[2025-10-31T06:39:52.454+0000][gc,phases     ] GC(905)   Pre Evacuate Collection Set: 0.0ms
[2025-10-31T06:39:52.455+0000][gc,phases     ] GC(905)   Evacuate Collection Set: 30.1ms
[2025-10-31T06:39:52.455+0000][gc,phases     ] GC(905)   Post Evacuate Collection Set: 2.0ms
[2025-10-31T06:39:52.456+0000][gc,phases     ] GC(905)   Other: 3.0ms
[2025-10-31T06:39:52.457+0000][gc,heap       ] GC(905) Eden regions: 31->0(31)
[2025-10-31T06:39:52.457+0000][gc,heap       ] GC(905) Survivor regions: 4->4(5)
[2025-10-31T06:39:52.458+0000][gc,heap       ] GC(905) Old regions: 110->112
[2025-10-31T06:39:52.458+0000][gc,heap       ] GC(905) Humongous regions: 156->156
[2025-10-31T06:39:52.459+0000][gc,metaspace  ] GC(905) Metaspace: 53832K(57008K)->53832K(57008K) NonClass: 47878K(49584K)->47878K(49584K) Class: 5953K(7424K)->5953K(7424K)
[2025-10-31T06:39:52.460+0000][gc            ] GC(905) Pause Young (Normal) (G1 Evacuation Pause) 300M->271M(704M) 40.400ms
[2025-10-31T06:39:52.460+0000][gc,cpu        ] GC(905) User=0.07s Sys=0.00s Real=0.04s
[2025-10-31T06:41:00.606+0000][gc,start      ] GC(906) Pause Young (Normal) (G1 Evacuation Pause)
[2025-10-31T06:41:00.607+0000][gc,task       ] GC(906) Using 2 workers of 2 for evacuation
[2025-10-31T06:41:00.645+0000][gc,mmu        ] GC(906) MMU target violated: 21.0ms (20.0ms/21.0ms)
[2025-10-31T06:41:00.646+0000][gc,phases     ] GC(906)   Pre Evacuate Collection Set: 0.0ms
[2025-10-31T06:41:00.646+0000][gc,phases     ] GC(906)   Evacuate Collection Set: 34.8ms
[2025-10-31T06:41:00.647+0000][gc,phases     ] GC(906)   Post Evacuate Collection Set: 2.3ms
[2025-10-31T06:41:00.648+0000][gc,phases     ] GC(906)   Other: 2.4ms
[2025-10-31T06:41:00.648+0000][gc,heap       ] GC(906) Eden regions: 31->0(32)
[2025-10-31T06:41:00.649+0000][gc,heap       ] GC(906) Survivor regions: 4->3(5)
[2025-10-31T06:41:00.649+0000][gc,heap       ] GC(906) Old regions: 112->114
[2025-10-31T06:41:00.652+0000][gc,heap       ] GC(906) Humongous regions: 156->156
[2025-10-31T06:41:00.653+0000][gc,metaspace  ] GC(906) Metaspace: 53832K(57008K)->53832K(57008K) NonClass: 47878K(49584K)->47878K(49584K) Class: 5953K(7424K)->5953K(7424K)
[2025-10-31T06:41:00.654+0000][gc            ] GC(906) Pause Young (Normal) (G1 Evacuation Pause) 302M->271M(704M) 47.448ms
[2025-10-31T06:41:00.654+0000][gc,cpu        ] GC(906) User=0.07s Sys=0.00s Real=0.04s
[2025-10-31T06:42:10.449+0000][gc,start      ] GC(907) Pause Young (Normal) (G1 Evacuation Pause)
[2025-10-31T06:42:10.453+0000][gc,task       ] GC(907) Using 2 workers of 2 for evacuation
[2025-10-31T06:42:10.540+0000][gc,mmu        ] GC(907) MMU target violated: 21.0ms (20.0ms/21.0ms)
[2025-10-31T06:42:10.545+0000][gc,phases     ] GC(907)   Pre Evacuate Collection Set: 0.1ms
[2025-10-31T06:42:10.546+0000][gc,phases     ] GC(907)   Evacuate Collection Set: 77.5ms
[2025-10-31T06:42:10.547+0000][gc,phases     ] GC(907)   Post Evacuate Collection Set: 3.4ms
[2025-10-31T06:42:10.550+0000][gc,phases     ] GC(907)   Other: 15.8ms
[2025-10-31T06:42:10.550+0000][gc,heap       ] GC(907) Eden regions: 32->0(30)
[2025-10-31T06:42:10.552+0000][gc,heap       ] GC(907) Survivor regions: 3->5(5)
[2025-10-31T06:42:10.557+0000][gc,heap       ] GC(907) Old regions: 114->114
[2025-10-31T06:42:10.560+0000][gc,heap       ] GC(907) Humongous regions: 156->156
[2025-10-31T06:42:10.563+0000][gc,metaspace  ] GC(907) Metaspace: 53832K(57008K)->53832K(57008K) NonClass: 47878K(49584K)->47878K(49584K) Class: 5953K(7424K)->5953K(7424K)
[2025-10-31T06:42:10.567+0000][gc            ] GC(907) Pause Young (Normal) (G1 Evacuation Pause) 303M->274M(704M) 118.067ms
[2025-10-31T06:42:10.568+0000][gc,cpu        ] GC(907) User=0.16s Sys=0.00s Real=0.12s
[2025-10-31T06:43:12.749+0000][gc,start      ] GC(908) Pause Young (Normal) (G1 Evacuation Pause)
[2025-10-31T06:43:12.751+0000][gc,task       ] GC(908) Using 2 workers of 2 for evacuation
[2025-10-31T06:43:12.871+0000][gc,mmu        ] GC(908) MMU target violated: 21.0ms (20.0ms/21.0ms)
[2025-10-31T06:43:12.875+0000][gc,phases     ] GC(908)   Pre Evacuate Collection Set: 0.1ms
[2025-10-31T06:43:12.879+0000][gc,phases     ] GC(908)   Evacuate Collection Set: 107.4ms
[2025-10-31T06:43:12.880+0000][gc,phases     ] GC(908)   Post Evacuate Collection Set: 6.5ms
[2025-10-31T06:43:12.881+0000][gc,phases     ] GC(908)   Other: 12.0ms
[2025-10-31T06:43:12.882+0000][gc,heap       ] GC(908) Eden regions: 30->0(32)
[2025-10-31T06:43:12.884+0000][gc,heap       ] GC(908) Survivor regions: 5->3(5)
[2025-10-31T06:43:12.885+0000][gc,heap       ] GC(908) Old regions: 114->118
[2025-10-31T06:43:12.886+0000][gc,heap       ] GC(908) Humongous regions: 156->156
[2025-10-31T06:43:12.887+0000][gc,metaspace  ] GC(908) Metaspace: 53832K(57008K)->53832K(57008K) NonClass: 47878K(49584K)->47878K(49584K) Class: 5953K(7424K)->5953K(7424K)
[2025-10-31T06:43:12.889+0000][gc            ] GC(908) Pause Young (Normal) (G1 Evacuation Pause) 304M->275M(704M) 139.271ms
[2025-10-31T06:43:12.891+0000][gc,cpu        ] GC(908) User=0.21s Sys=0.00s Real=0.14s
[2025-10-31T06:44:23.466+0000][gc,start      ] GC(909) Pause Young (Normal) (G1 Evacuation Pause)
[2025-10-31T06:44:23.467+0000][gc,task       ] GC(909) Using 2 workers of 2 for evacuation
[2025-10-31T06:44:23.510+0000][gc,mmu        ] GC(909) MMU target violated: 21.0ms (20.0ms/21.0ms)
[2025-10-31T06:44:23.511+0000][gc,phases     ] GC(909)   Pre Evacuate Collection Set: 0.1ms
[2025-10-31T06:44:23.511+0000][gc,phases     ] GC(909)   Evacuate Collection Set: 40.0ms
[2025-10-31T06:44:23.512+0000][gc,phases     ] GC(909)   Post Evacuate Collection Set: 2.3ms
[2025-10-31T06:44:23.513+0000][gc,phases     ] GC(909)   Other: 2.9ms
[2025-10-31T06:44:23.514+0000][gc,heap       ] GC(909) Eden regions: 32->0(31)
[2025-10-31T06:44:23.514+0000][gc,heap       ] GC(909) Survivor regions: 3->4(5)
[2025-10-31T06:44:23.515+0000][gc,heap       ] GC(909) Old regions: 118->119
[2025-10-31T06:44:23.516+0000][gc,heap       ] GC(909) Humongous regions: 156->156
[2025-10-31T06:44:23.516+0000][gc,metaspace  ] GC(909) Metaspace: 53832K(57008K)->53832K(57008K) NonClass: 47878K(49584K)->47878K(49584K) Class: 5953K(7424K)->5953K(7424K)
[2025-10-31T06:44:23.517+0000][gc            ] GC(909) Pause Young (Normal) (G1 Evacuation Pause) 307M->278M(704M) 51.252ms
[2025-10-31T06:44:23.518+0000][gc,cpu        ] GC(909) User=0.08s Sys=0.00s Real=0.06s
[2025-10-31T06:45:30.838+0000][gc,start      ] GC(910) Pause Young (Normal) (G1 Evacuation Pause)
[2025-10-31T06:45:30.841+0000][gc,task       ] GC(910) Using 2 workers of 2 for evacuation
[2025-10-31T06:45:30.947+0000][gc,mmu        ] GC(910) MMU target violated: 21.0ms (20.0ms/21.0ms)
[2025-10-31T06:45:30.950+0000][gc,phases     ] GC(910)   Pre Evacuate Collection Set: 0.1ms
[2025-10-31T06:45:30.954+0000][gc,phases     ] GC(910)   Evacuate Collection Set: 99.5ms
[2025-10-31T06:45:30.956+0000][gc,phases     ] GC(910)   Post Evacuate Collection Set: 4.3ms
[2025-10-31T06:45:30.956+0000][gc,phases     ] GC(910)   Other: 7.7ms
[2025-10-31T06:45:30.957+0000][gc,heap       ] GC(910) Eden regions: 31->0(31)
[2025-10-31T06:45:30.959+0000][gc,heap       ] GC(910) Survivor regions: 4->4(5)
[2025-10-31T06:45:30.960+0000][gc,heap       ] GC(910) Old regions: 119->122
[2025-10-31T06:45:30.963+0000][gc,heap       ] GC(910) Humongous regions: 156->156
[2025-10-31T06:45:30.964+0000][gc,metaspace  ] GC(910) Metaspace: 53832K(57008K)->53832K(57008K) NonClass: 47878K(49584K)->47878K(49584K) Class: 5953K(7424K)->5953K(7424K)
[2025-10-31T06:45:30.969+0000][gc            ] GC(910) Pause Young (Normal) (G1 Evacuation Pause) 309M->281M(704M) 131.075ms
[2025-10-31T06:45:30.971+0000][gc,cpu        ] GC(910) User=0.21s Sys=0.00s Real=0.13s
[2025-10-31T06:46:39.105+0000][gc,start      ] GC(911) Pause Young (Normal) (G1 Evacuation Pause)
[2025-10-31T06:46:39.105+0000][gc,task       ] GC(911) Using 2 workers of 2 for evacuation
[2025-10-31T06:46:39.179+0000][gc,mmu        ] GC(911) MMU target violated: 21.0ms (20.0ms/21.0ms)
[2025-10-31T06:46:39.180+0000][gc,phases     ] GC(911)   Pre Evacuate Collection Set: 0.1ms
[2025-10-31T06:46:39.181+0000][gc,phases     ] GC(911)   Evacuate Collection Set: 68.3ms
[2025-10-31T06:46:39.182+0000][gc,phases     ] GC(911)   Post Evacuate Collection Set: 3.2ms
[2025-10-31T06:46:39.184+0000][gc,phases     ] GC(911)   Other: 4.4ms
[2025-10-31T06:46:39.184+0000][gc,heap       ] GC(911) Eden regions: 31->0(32)
[2025-10-31T06:46:39.185+0000][gc,heap       ] GC(911) Survivor regions: 4->3(5)
[2025-10-31T06:46:39.186+0000][gc,heap       ] GC(911) Old regions: 122->124
[2025-10-31T06:46:39.186+0000][gc,heap       ] GC(911) Humongous regions: 156->156
[2025-10-31T06:46:39.187+0000][gc,metaspace  ] GC(911) Metaspace: 53832K(57008K)->53832K(57008K) NonClass: 47878K(49584K)->47878K(49584K) Class: 5953K(7424K)->5953K(7424K)
[2025-10-31T06:46:39.188+0000][gc            ] GC(911) Pause Young (Normal) (G1 Evacuation Pause) 312M->281M(704M) 83.049ms
[2025-10-31T06:46:39.189+0000][gc,cpu        ] GC(911) User=0.15s Sys=0.00s Real=0.08s
[2025-10-31T06:47:45.494+0000][gc,start      ] GC(912) Pause Young (Normal) (G1 Evacuation Pause)
[2025-10-31T06:47:45.494+0000][gc,task       ] GC(912) Using 2 workers of 2 for evacuation
[2025-10-31T06:47:45.546+0000][gc,mmu        ] GC(912) MMU target violated: 21.0ms (20.0ms/21.0ms)
[2025-10-31T06:47:45.547+0000][gc,phases     ] GC(912)   Pre Evacuate Collection Set: 0.0ms
[2025-10-31T06:47:45.548+0000][gc,phases     ] GC(912)   Evacuate Collection Set: 45.3ms
[2025-10-31T06:47:45.549+0000][gc,phases     ] GC(912)   Post Evacuate Collection Set: 4.8ms
[2025-10-31T06:47:45.550+0000][gc,phases     ] GC(912)   Other: 2.8ms
[2025-10-31T06:47:45.551+0000][gc,heap       ] GC(912) Eden regions: 32->0(30)
[2025-10-31T06:47:45.552+0000][gc,heap       ] GC(912) Survivor regions: 3->5(5)
[2025-10-31T06:47:45.553+0000][gc,heap       ] GC(912) Old regions: 124->124
[2025-10-31T06:47:45.554+0000][gc,heap       ] GC(912) Humongous regions: 156->156
[2025-10-31T06:47:45.555+0000][gc,metaspace  ] GC(912) Metaspace: 53832K(57008K)->53832K(57008K) NonClass: 47878K(49584K)->47878K(49584K) Class: 5953K(7424K)->5953K(7424K)
[2025-10-31T06:47:45.556+0000][gc            ] GC(912) Pause Young (Normal) (G1 Evacuation Pause) 313M->283M(704M) 61.874ms
[2025-10-31T06:47:45.556+0000][gc,cpu        ] GC(912) User=0.10s Sys=0.00s Real=0.06s
[2025-10-31T06:48:51.501+0000][gc,start      ] GC(913) Pause Young (Normal) (G1 Evacuation Pause)
[2025-10-31T06:48:51.503+0000][gc,task       ] GC(913) Using 2 workers of 2 for evacuation
[2025-10-31T06:48:51.588+0000][gc,mmu        ] GC(913) MMU target violated: 21.0ms (20.0ms/21.0ms)
[2025-10-31T06:48:51.589+0000][gc,phases     ] GC(913)   Pre Evacuate Collection Set: 0.1ms
[2025-10-31T06:48:51.590+0000][gc,phases     ] GC(913)   Evacuate Collection Set: 79.0ms
[2025-10-31T06:48:51.591+0000][gc,phases     ] GC(913)   Post Evacuate Collection Set: 3.0ms
[2025-10-31T06:48:51.592+0000][gc,phases     ] GC(913)   Other: 5.4ms
[2025-10-31T06:48:51.593+0000][gc,heap       ] GC(913) Eden regions: 30->0(30)
[2025-10-31T06:48:51.594+0000][gc,heap       ] GC(913) Survivor regions: 5->5(5)
[2025-10-31T06:48:51.595+0000][gc,heap       ] GC(913) Old regions: 124->125
[2025-10-31T06:48:51.596+0000][gc,heap       ] GC(913) Humongous regions: 156->156
[2025-10-31T06:48:51.598+0000][gc,metaspace  ] GC(913) Metaspace: 53832K(57008K)->53832K(57008K) NonClass: 47878K(49584K)->47878K(49584K) Class: 5953K(7424K)->5953K(7424K)
[2025-10-31T06:48:51.599+0000][gc            ] GC(913) Pause Young (Normal) (G1 Evacuation Pause) 313M->285M(704M) 97.703ms
[2025-10-31T06:48:51.601+0000][gc,cpu        ] GC(913) User=0.17s Sys=0.00s Real=0.10s
[2025-10-31T06:49:56.490+0000][gc,start      ] GC(914) Pause Young (Normal) (G1 Evacuation Pause)
[2025-10-31T06:49:56.491+0000][gc,task       ] GC(914) Using 2 workers of 2 for evacuation
[2025-10-31T06:49:56.545+0000][gc,mmu        ] GC(914) MMU target violated: 21.0ms (20.0ms/21.0ms)
[2025-10-31T06:49:56.552+0000][gc,phases     ] GC(914)   Pre Evacuate Collection Set: 0.1ms
[2025-10-31T06:49:56.553+0000][gc,phases     ] GC(914)   Evacuate Collection Set: 50.0ms
[2025-10-31T06:49:56.554+0000][gc,phases     ] GC(914)   Post Evacuate Collection Set: 2.4ms
[2025-10-31T06:49:56.555+0000][gc,phases     ] GC(914)   Other: 10.5ms
[2025-10-31T06:49:56.555+0000][gc,heap       ] GC(914) Eden regions: 30->0(31)
[2025-10-31T06:49:56.556+0000][gc,heap       ] GC(914) Survivor regions: 5->4(5)
[2025-10-31T06:49:56.557+0000][gc,heap       ] GC(914) Old regions: 125->129
[2025-10-31T06:49:56.557+0000][gc,heap       ] GC(914) Humongous regions: 156->156
[2025-10-31T06:49:56.558+0000][gc,metaspace  ] GC(914) Metaspace: 53832K(57008K)->53832K(57008K) NonClass: 47878K(49584K)->47878K(49584K) Class: 5953K(7424K)->5953K(7424K)
[2025-10-31T06:49:56.559+0000][gc            ] GC(914) Pause Young (Normal) (G1 Evacuation Pause) 315M->288M(704M) 69.582ms
[2025-10-31T06:49:56.560+0000][gc,cpu        ] GC(914) User=0.10s Sys=0.00s Real=0.07s
[2025-10-31T06:51:03.496+0000][gc,start      ] GC(915) Pause Young (Normal) (G1 Evacuation Pause)
[2025-10-31T06:51:03.499+0000][gc,task       ] GC(915) Using 2 workers of 2 for evacuation
[2025-10-31T06:51:03.543+0000][gc,mmu        ] GC(915) MMU target violated: 21.0ms (20.0ms/21.0ms)
[2025-10-31T06:51:03.545+0000][gc,phases     ] GC(915)   Pre Evacuate Collection Set: 0.6ms
[2025-10-31T06:51:03.546+0000][gc,phases     ] GC(915)   Evacuate Collection Set: 40.3ms
[2025-10-31T06:51:03.547+0000][gc,phases     ] GC(915)   Post Evacuate Collection Set: 2.0ms
[2025-10-31T06:51:03.548+0000][gc,phases     ] GC(915)   Other: 5.9ms
[2025-10-31T06:51:03.549+0000][gc,heap       ] GC(915) Eden regions: 31->0(31)
[2025-10-31T06:51:03.549+0000][gc,heap       ] GC(915) Survivor regions: 4->4(5)
[2025-10-31T06:51:03.550+0000][gc,heap       ] GC(915) Old regions: 129->131
[2025-10-31T06:51:03.551+0000][gc,heap       ] GC(915) Humongous regions: 156->156
[2025-10-31T06:51:03.552+0000][gc,metaspace  ] GC(915) Metaspace: 53832K(57008K)->53832K(57008K) NonClass: 47879K(49584K)->47879K(49584K) Class: 5953K(7424K)->5953K(7424K)
[2025-10-31T06:51:03.553+0000][gc            ] GC(915) Pause Young (Normal) (G1 Evacuation Pause) 319M->290M(704M) 56.519ms
[2025-10-31T06:51:03.554+0000][gc,cpu        ] GC(915) User=0.09s Sys=0.00s Real=0.05s
[2025-10-31T06:52:12.032+0000][gc,start      ] GC(916) Pause Young (Normal) (G1 Evacuation Pause)
[2025-10-31T06:52:12.034+0000][gc,task       ] GC(916) Using 2 workers of 2 for evacuation
[2025-10-31T06:52:12.151+0000][gc,mmu        ] GC(916) MMU target violated: 21.0ms (20.0ms/21.0ms)
[2025-10-31T06:52:12.168+0000][gc,phases     ] GC(916)   Pre Evacuate Collection Set: 0.1ms
[2025-10-31T06:52:12.168+0000][gc,phases     ] GC(916)   Evacuate Collection Set: 107.0ms
[2025-10-31T06:52:12.169+0000][gc,phases     ] GC(916)   Post Evacuate Collection Set: 6.0ms
[2025-10-31T06:52:12.171+0000][gc,phases     ] GC(916)   Other: 23.0ms
[2025-10-31T06:52:12.172+0000][gc,heap       ] GC(916) Eden regions: 31->0(31)
[2025-10-31T06:52:12.173+0000][gc,heap       ] GC(916) Survivor regions: 4->4(5)
[2025-10-31T06:52:12.176+0000][gc,heap       ] GC(916) Old regions: 131->133
[2025-10-31T06:52:12.179+0000][gc,heap       ] GC(916) Humongous regions: 156->156
[2025-10-31T06:52:12.181+0000][gc,metaspace  ] GC(916) Metaspace: 53832K(57008K)->53832K(57008K) NonClass: 47879K(49584K)->47879K(49584K) Class: 5953K(7424K)->5953K(7424K)
[2025-10-31T06:52:12.184+0000][gc            ] GC(916) Pause Young (Normal) (G1 Evacuation Pause) 321M->292M(704M) 152.014ms
[2025-10-31T06:52:12.185+0000][gc,cpu        ] GC(916) User=0.22s Sys=0.00s Real=0.16s
[2025-10-31T06:53:15.761+0000][gc,start      ] GC(917) Pause Young (Normal) (G1 Evacuation Pause)
[2025-10-31T06:53:15.764+0000][gc,task       ] GC(917) Using 2 workers of 2 for evacuation
[2025-10-31T06:53:15.803+0000][gc,mmu        ] GC(917) MMU target violated: 21.0ms (20.0ms/21.0ms)
[2025-10-31T06:53:15.804+0000][gc,phases     ] GC(917)   Pre Evacuate Collection Set: 0.1ms
[2025-10-31T06:53:15.805+0000][gc,phases     ] GC(917)   Evacuate Collection Set: 35.4ms
[2025-10-31T06:53:15.806+0000][gc,phases     ] GC(917)   Post Evacuate Collection Set: 2.8ms
[2025-10-31T06:53:15.806+0000][gc,phases     ] GC(917)   Other: 5.1ms
[2025-10-31T06:53:15.807+0000][gc,heap       ] GC(917) Eden regions: 31->0(32)
[2025-10-31T06:53:15.808+0000][gc,heap       ] GC(917) Survivor regions: 4->3(5)
[2025-10-31T06:53:15.808+0000][gc,heap       ] GC(917) Old regions: 133->135
[2025-10-31T06:53:15.809+0000][gc,heap       ] GC(917) Humongous regions: 156->156
[2025-10-31T06:53:15.809+0000][gc,metaspace  ] GC(917) Metaspace: 53832K(57008K)->53832K(57008K) NonClass: 47879K(49584K)->47879K(49584K) Class: 5953K(7424K)->5953K(7424K)
[2025-10-31T06:53:15.810+0000][gc            ] GC(917) Pause Young (Normal) (G1 Evacuation Pause) 323M->293M(704M) 49.238ms
[2025-10-31T06:53:15.811+0000][gc,cpu        ] GC(917) User=0.08s Sys=0.00s Real=0.05s
[2025-10-31T06:54:26.044+0000][gc,start      ] GC(918) Pause Young (Normal) (G1 Evacuation Pause)
[2025-10-31T06:54:26.045+0000][gc,task       ] GC(918) Using 2 workers of 2 for evacuation
[2025-10-31T06:54:26.100+0000][gc,mmu        ] GC(918) MMU target violated: 21.0ms (20.0ms/21.0ms)
[2025-10-31T06:54:26.101+0000][gc,phases     ] GC(918)   Pre Evacuate Collection Set: 0.0ms
[2025-10-31T06:54:26.101+0000][gc,phases     ] GC(918)   Evacuate Collection Set: 50.7ms
[2025-10-31T06:54:26.102+0000][gc,phases     ] GC(918)   Post Evacuate Collection Set: 2.4ms
[2025-10-31T06:54:26.103+0000][gc,phases     ] GC(918)   Other: 3.3ms
[2025-10-31T06:54:26.104+0000][gc,heap       ] GC(918) Eden regions: 32->0(30)
[2025-10-31T06:54:26.105+0000][gc,heap       ] GC(918) Survivor regions: 3->5(5)
[2025-10-31T06:54:26.106+0000][gc,heap       ] GC(918) Old regions: 135->135
[2025-10-31T06:54:26.107+0000][gc,heap       ] GC(918) Humongous regions: 156->156
[2025-10-31T06:54:26.107+0000][gc,metaspace  ] GC(918) Metaspace: 53832K(57008K)->53832K(57008K) NonClass: 47879K(49584K)->47879K(49584K) Class: 5953K(7424K)->5953K(7424K)
[2025-10-31T06:54:26.108+0000][gc            ] GC(918) Pause Young (Normal) (G1 Evacuation Pause) 325M->295M(704M) 63.805ms
[2025-10-31T06:54:26.109+0000][gc,cpu        ] GC(918) User=0.11s Sys=0.00s Real=0.07s
[2025-10-31T06:55:31.612+0000][gc,start      ] GC(919) Pause Young (Normal) (G1 Evacuation Pause)
[2025-10-31T06:55:31.613+0000][gc,task       ] GC(919) Using 2 workers of 2 for evacuation
[2025-10-31T06:55:31.659+0000][gc,mmu        ] GC(919) MMU target violated: 21.0ms (20.0ms/21.0ms)
[2025-10-31T06:55:31.660+0000][gc,phases     ] GC(919)   Pre Evacuate Collection Set: 0.0ms
[2025-10-31T06:55:31.660+0000][gc,phases     ] GC(919)   Evacuate Collection Set: 41.5ms
[2025-10-31T06:55:31.661+0000][gc,phases     ] GC(919)   Post Evacuate Collection Set: 2.1ms
[2025-10-31T06:55:31.662+0000][gc,phases     ] GC(919)   Other: 3.6ms
[2025-10-31T06:55:31.662+0000][gc,heap       ] GC(919) Eden regions: 30->0(32)
[2025-10-31T06:55:31.663+0000][gc,heap       ] GC(919) Survivor regions: 5->3(5)
[2025-10-31T06:55:31.663+0000][gc,heap       ] GC(919) Old regions: 135->139
[2025-10-31T06:55:31.664+0000][gc,heap       ] GC(919) Humongous regions: 156->156
[2025-10-31T06:55:31.665+0000][gc,metaspace  ] GC(919) Metaspace: 53832K(57008K)->53832K(57008K) NonClass: 47879K(49584K)->47879K(49584K) Class: 5953K(7424K)->5953K(7424K)
[2025-10-31T06:55:31.665+0000][gc            ] GC(919) Pause Young (Normal) (G1 Evacuation Pause) 325M->297M(704M) 53.156ms
[2025-10-31T06:55:31.666+0000][gc,cpu        ] GC(919) User=0.08s Sys=0.00s Real=0.05s
[2025-10-31T06:56:41.073+0000][gc,start      ] GC(920) Pause Young (Normal) (G1 Evacuation Pause)
[2025-10-31T06:56:41.074+0000][gc,task       ] GC(920) Using 2 workers of 2 for evacuation
[2025-10-31T06:56:41.110+0000][gc,mmu        ] GC(920) MMU target violated: 21.0ms (20.0ms/21.0ms)
[2025-10-31T06:56:41.111+0000][gc,phases     ] GC(920)   Pre Evacuate Collection Set: 0.0ms
[2025-10-31T06:56:41.112+0000][gc,phases     ] GC(920)   Evacuate Collection Set: 33.1ms
[2025-10-31T06:56:41.114+0000][gc,phases     ] GC(920)   Post Evacuate Collection Set: 2.6ms
[2025-10-31T06:56:41.115+0000][gc,phases     ] GC(920)   Other: 2.7ms
[2025-10-31T06:56:41.116+0000][gc,heap       ] GC(920) Eden regions: 32->0(31)
[2025-10-31T06:56:41.117+0000][gc,heap       ] GC(920) Survivor regions: 3->4(5)
[2025-10-31T06:56:41.119+0000][gc,heap       ] GC(920) Old regions: 139->141
[2025-10-31T06:56:41.120+0000][gc,heap       ] GC(920) Humongous regions: 156->156
[2025-10-31T06:56:41.121+0000][gc,metaspace  ] GC(920) Metaspace: 53832K(57008K)->53832K(57008K) NonClass: 47879K(49584K)->47879K(49584K) Class: 5953K(7424K)->5953K(7424K)
[2025-10-31T06:56:41.122+0000][gc            ] GC(920) Pause Young (Normal) (G1 Evacuation Pause) 329M->300M(704M) 49.440ms
[2025-10-31T06:56:41.123+0000][gc,cpu        ] GC(920) User=0.08s Sys=0.00s Real=0.05s
[2025-10-31T06:57:45.675+0000][gc,start      ] GC(921) Pause Young (Normal) (G1 Evacuation Pause)
[2025-10-31T06:57:45.677+0000][gc,task       ] GC(921) Using 2 workers of 2 for evacuation
[2025-10-31T06:57:45.724+0000][gc,mmu        ] GC(921) MMU target violated: 21.0ms (20.0ms/21.0ms)
[2025-10-31T06:57:45.724+0000][gc,phases     ] GC(921)   Pre Evacuate Collection Set: 0.1ms
[2025-10-31T06:57:45.725+0000][gc,phases     ] GC(921)   Evacuate Collection Set: 43.4ms
[2025-10-31T06:57:45.726+0000][gc,phases     ] GC(921)   Post Evacuate Collection Set: 2.4ms
[2025-10-31T06:57:45.727+0000][gc,phases     ] GC(921)   Other: 3.6ms
[2025-10-31T06:57:45.727+0000][gc,heap       ] GC(921) Eden regions: 31->0(31)
[2025-10-31T06:57:45.728+0000][gc,heap       ] GC(921) Survivor regions: 4->4(5)
[2025-10-31T06:57:45.729+0000][gc,heap       ] GC(921) Old regions: 141->143
[2025-10-31T06:57:45.729+0000][gc,heap       ] GC(921) Humongous regions: 156->156
[2025-10-31T06:57:45.730+0000][gc,metaspace  ] GC(921) Metaspace: 53832K(57008K)->53832K(57008K) NonClass: 47879K(49584K)->47879K(49584K) Class: 5953K(7424K)->5953K(7424K)
[2025-10-31T06:57:45.731+0000][gc            ] GC(921) Pause Young (Normal) (G1 Evacuation Pause) 331M->302M(704M) 55.932ms
[2025-10-31T06:57:45.732+0000][gc,cpu        ] GC(921) User=0.09s Sys=0.00s Real=0.06s
[2025-10-31T06:58:52.695+0000][gc,start      ] GC(922) Pause Young (Normal) (G1 Evacuation Pause)
[2025-10-31T06:58:52.696+0000][gc,task       ] GC(922) Using 2 workers of 2 for evacuation
[2025-10-31T06:58:52.738+0000][gc,mmu        ] GC(922) MMU target violated: 21.0ms (20.0ms/21.0ms)
[2025-10-31T06:58:52.739+0000][gc,phases     ] GC(922)   Pre Evacuate Collection Set: 0.1ms
[2025-10-31T06:58:52.740+0000][gc,phases     ] GC(922)   Evacuate Collection Set: 38.2ms
[2025-10-31T06:58:52.741+0000][gc,phases     ] GC(922)   Post Evacuate Collection Set: 2.7ms
[2025-10-31T06:58:52.741+0000][gc,phases     ] GC(922)   Other: 3.2ms
[2025-10-31T06:58:52.742+0000][gc,heap       ] GC(922) Eden regions: 31->0(32)
[2025-10-31T06:58:52.743+0000][gc,heap       ] GC(922) Survivor regions: 4->3(5)
[2025-10-31T06:58:52.743+0000][gc,heap       ] GC(922) Old regions: 143->145
[2025-10-31T06:58:52.744+0000][gc,heap       ] GC(922) Humongous regions: 156->156
[2025-10-31T06:58:52.745+0000][gc,metaspace  ] GC(922) Metaspace: 53832K(57008K)->53832K(57008K) NonClass: 47879K(49584K)->47879K(49584K) Class: 5953K(7424K)->5953K(7424K)
[2025-10-31T06:58:52.745+0000][gc            ] GC(922) Pause Young (Normal) (G1 Evacuation Pause) 333M->302M(704M) 50.231ms
[2025-10-31T06:58:52.746+0000][gc,cpu        ] GC(922) User=0.08s Sys=0.00s Real=0.05s
[2025-10-31T07:00:02.509+0000][gc,start      ] GC(923) Pause Young (Normal) (G1 Evacuation Pause)
[2025-10-31T07:00:02.513+0000][gc,task       ] GC(923) Using 2 workers of 2 for evacuation
[2025-10-31T07:00:02.606+0000][gc,mmu        ] GC(923) MMU target violated: 21.0ms (20.0ms/21.0ms)
[2025-10-31T07:00:02.610+0000][gc,phases     ] GC(923)   Pre Evacuate Collection Set: 0.1ms
[2025-10-31T07:00:02.614+0000][gc,phases     ] GC(923)   Evacuate Collection Set: 84.8ms
[2025-10-31T07:00:02.615+0000][gc,phases     ] GC(923)   Post Evacuate Collection Set: 4.5ms
[2025-10-31T07:00:02.619+0000][gc,phases     ] GC(923)   Other: 10.7ms
[2025-10-31T07:00:02.621+0000][gc,heap       ] GC(923) Eden regions: 32->0(30)
[2025-10-31T07:00:02.623+0000][gc,heap       ] GC(923) Survivor regions: 3->5(5)
[2025-10-31T07:00:02.624+0000][gc,heap       ] GC(923) Old regions: 145->145
[2025-10-31T07:00:02.628+0000][gc,heap       ] GC(923) Humongous regions: 156->156
[2025-10-31T07:00:02.630+0000][gc,metaspace  ] GC(923) Metaspace: 53832K(57008K)->53832K(57008K) NonClass: 47879K(49584K)->47879K(49584K) Class: 5953K(7424K)->5953K(7424K)
[2025-10-31T07:00:02.635+0000][gc            ] GC(923) Pause Young (Normal) (G1 Evacuation Pause) 334M->305M(704M) 125.709ms
[2025-10-31T07:00:02.636+0000][gc,cpu        ] GC(923) User=0.18s Sys=0.00s Real=0.12s
[2025-10-31T07:01:07.764+0000][gc,start      ] GC(924) Pause Young (Normal) (G1 Evacuation Pause)
[2025-10-31T07:01:07.765+0000][gc,task       ] GC(924) Using 2 workers of 2 for evacuation
[2025-10-31T07:01:07.812+0000][gc,mmu        ] GC(924) MMU target violated: 21.0ms (20.0ms/21.0ms)
[2025-10-31T07:01:07.813+0000][gc,phases     ] GC(924)   Pre Evacuate Collection Set: 0.0ms
[2025-10-31T07:01:07.814+0000][gc,phases     ] GC(924)   Evacuate Collection Set: 43.5ms
[2025-10-31T07:01:07.815+0000][gc,phases     ] GC(924)   Post Evacuate Collection Set: 2.6ms
[2025-10-31T07:01:07.815+0000][gc,phases     ] GC(924)   Other: 3.1ms
[2025-10-31T07:01:07.816+0000][gc,heap       ] GC(924) Eden regions: 30->0(30)
[2025-10-31T07:01:07.817+0000][gc,heap       ] GC(924) Survivor regions: 5->5(5)
[2025-10-31T07:01:07.817+0000][gc,heap       ] GC(924) Old regions: 145->147
[2025-10-31T07:01:07.818+0000][gc,heap       ] GC(924) Humongous regions: 156->156
[2025-10-31T07:01:07.819+0000][gc,metaspace  ] GC(924) Metaspace: 53832K(57008K)->53832K(57008K) NonClass: 47879K(49584K)->47879K(49584K) Class: 5953K(7424K)->5953K(7424K)
[2025-10-31T07:01:07.820+0000][gc            ] GC(924) Pause Young (Normal) (G1 Evacuation Pause) 335M->307M(704M) 55.605ms
[2025-10-31T07:01:07.820+0000][gc,cpu        ] GC(924) User=0.09s Sys=0.00s Real=0.06s
[2025-10-31T07:02:12.889+0000][gc,start      ] GC(925) Pause Young (Normal) (G1 Evacuation Pause)
[2025-10-31T07:02:12.890+0000][gc,task       ] GC(925) Using 2 workers of 2 for evacuation
[2025-10-31T07:02:12.976+0000][gc,mmu        ] GC(925) MMU target violated: 21.0ms (20.0ms/21.0ms)
[2025-10-31T07:02:12.977+0000][gc,phases     ] GC(925)   Pre Evacuate Collection Set: 0.1ms
[2025-10-31T07:02:12.979+0000][gc,phases     ] GC(925)   Evacuate Collection Set: 76.7ms
[2025-10-31T07:02:12.980+0000][gc,phases     ] GC(925)   Post Evacuate Collection Set: 5.0ms
[2025-10-31T07:02:12.981+0000][gc,phases     ] GC(925)   Other: 6.5ms
[2025-10-31T07:02:12.982+0000][gc,heap       ] GC(925) Eden regions: 30->0(32)
[2025-10-31T07:02:12.982+0000][gc,heap       ] GC(925) Survivor regions: 5->3(5)
[2025-10-31T07:02:12.983+0000][gc,heap       ] GC(925) Old regions: 147->151
[2025-10-31T07:02:12.984+0000][gc,heap       ] GC(925) Humongous regions: 156->156
[2025-10-31T07:02:12.987+0000][gc,metaspace  ] GC(925) Metaspace: 53832K(57008K)->53832K(57008K) NonClass: 47879K(49584K)->47879K(49584K) Class: 5953K(7424K)->5953K(7424K)
[2025-10-31T07:02:12.989+0000][gc            ] GC(925) Pause Young (Normal) (G1 Evacuation Pause) 337M->309M(704M) 99.695ms
[2025-10-31T07:02:12.992+0000][gc,cpu        ] GC(925) User=0.16s Sys=0.00s Real=0.10s
[2025-10-31T07:03:19.986+0000][gc,start      ] GC(926) Pause Young (Normal) (G1 Evacuation Pause)
[2025-10-31T07:03:19.987+0000][gc,task       ] GC(926) Using 2 workers of 2 for evacuation
[2025-10-31T07:03:20.029+0000][gc,mmu        ] GC(926) MMU target violated: 21.0ms (20.0ms/21.0ms)
[2025-10-31T07:03:20.030+0000][gc,phases     ] GC(926)   Pre Evacuate Collection Set: 0.2ms
[2025-10-31T07:03:20.031+0000][gc,phases     ] GC(926)   Evacuate Collection Set: 38.0ms
[2025-10-31T07:03:20.031+0000][gc,phases     ] GC(926)   Post Evacuate Collection Set: 2.6ms
[2025-10-31T07:03:20.032+0000][gc,phases     ] GC(926)   Other: 2.6ms
[2025-10-31T07:03:20.033+0000][gc,heap       ] GC(926) Eden regions: 32->0(31)
[2025-10-31T07:03:20.034+0000][gc,heap       ] GC(926) Survivor regions: 3->4(5)
[2025-10-31T07:03:20.034+0000][gc,heap       ] GC(926) Old regions: 151->153
[2025-10-31T07:03:20.035+0000][gc,heap       ] GC(926) Humongous regions: 156->156
[2025-10-31T07:03:20.036+0000][gc,metaspace  ] GC(926) Metaspace: 53832K(57008K)->53832K(57008K) NonClass: 47879K(49584K)->47879K(49584K) Class: 5953K(7424K)->5953K(7424K)
[2025-10-31T07:03:20.036+0000][gc            ] GC(926) Pause Young (Normal) (G1 Evacuation Pause) 341M->311M(704M) 49.894ms
[2025-10-31T07:03:20.037+0000][gc,cpu        ] GC(926) User=0.08s Sys=0.00s Real=0.05s
[2025-10-31T07:04:27.533+0000][gc,start      ] GC(927) Pause Young (Normal) (G1 Evacuation Pause)
[2025-10-31T07:04:27.534+0000][gc,task       ] GC(927) Using 2 workers of 2 for evacuation
[2025-10-31T07:04:27.577+0000][gc,mmu        ] GC(927) MMU target violated: 21.0ms (20.0ms/21.0ms)
[2025-10-31T07:04:27.578+0000][gc,phases     ] GC(927)   Pre Evacuate Collection Set: 0.1ms
[2025-10-31T07:04:27.579+0000][gc,phases     ] GC(927)   Evacuate Collection Set: 40.6ms
[2025-10-31T07:04:27.580+0000][gc,phases     ] GC(927)   Post Evacuate Collection Set: 2.0ms
[2025-10-31T07:04:27.580+0000][gc,phases     ] GC(927)   Other: 2.7ms
[2025-10-31T07:04:27.581+0000][gc,heap       ] GC(927) Eden regions: 31->0(31)
[2025-10-31T07:04:27.582+0000][gc,heap       ] GC(927) Survivor regions: 4->4(5)
[2025-10-31T07:04:27.582+0000][gc,heap       ] GC(927) Old regions: 153->155
[2025-10-31T07:04:27.583+0000][gc,heap       ] GC(927) Humongous regions: 156->156
[2025-10-31T07:04:27.584+0000][gc,metaspace  ] GC(927) Metaspace: 53832K(57008K)->53832K(57008K) NonClass: 47879K(49584K)->47879K(49584K) Class: 5953K(7424K)->5953K(7424K)
[2025-10-31T07:04:27.584+0000][gc            ] GC(927) Pause Young (Normal) (G1 Evacuation Pause) 342M->314M(704M) 51.491ms
[2025-10-31T07:04:27.585+0000][gc,cpu        ] GC(927) User=0.09s Sys=0.00s Real=0.05s
[2025-10-31T07:05:35.578+0000][gc,start      ] GC(928) Pause Young (Normal) (G1 Evacuation Pause)
[2025-10-31T07:05:35.580+0000][gc,task       ] GC(928) Using 2 workers of 2 for evacuation
[2025-10-31T07:05:35.663+0000][gc,mmu        ] GC(928) MMU target violated: 21.0ms (20.0ms/21.0ms)
[2025-10-31T07:05:35.664+0000][gc,phases     ] GC(928)   Pre Evacuate Collection Set: 0.1ms
[2025-10-31T07:05:35.665+0000][gc,phases     ] GC(928)   Evacuate Collection Set: 76.3ms
[2025-10-31T07:05:35.669+0000][gc,phases     ] GC(928)   Post Evacuate Collection Set: 4.0ms
[2025-10-31T07:05:35.670+0000][gc,phases     ] GC(928)   Other: 5.4ms
[2025-10-31T07:05:35.672+0000][gc,heap       ] GC(928) Eden regions: 31->0(32)
[2025-10-31T07:05:35.673+0000][gc,heap       ] GC(928) Survivor regions: 4->3(5)
[2025-10-31T07:05:35.675+0000][gc,heap       ] GC(928) Old regions: 155->157
[2025-10-31T07:05:35.675+0000][gc,heap       ] GC(928) Humongous regions: 156->156
[2025-10-31T07:05:35.677+0000][gc,metaspace  ] GC(928) Metaspace: 53832K(57008K)->53832K(57008K) NonClass: 47879K(49584K)->47879K(49584K) Class: 5953K(7424K)->5953K(7424K)
[2025-10-31T07:05:35.678+0000][gc            ] GC(928) Pause Young (Normal) (G1 Evacuation Pause) 345M->315M(704M) 99.904ms
[2025-10-31T07:05:35.680+0000][gc,cpu        ] GC(928) User=0.16s Sys=0.00s Real=0.11s
[2025-10-31T07:06:45.544+0000][gc,start      ] GC(929) Pause Young (Normal) (G1 Evacuation Pause)
[2025-10-31T07:06:45.546+0000][gc,task       ] GC(929) Using 2 workers of 2 for evacuation
[2025-10-31T07:06:45.620+0000][gc,mmu        ] GC(929) MMU target violated: 21.0ms (20.0ms/21.0ms)
[2025-10-31T07:06:45.621+0000][gc,phases     ] GC(929)   Pre Evacuate Collection Set: 0.1ms
[2025-10-31T07:06:45.622+0000][gc,phases     ] GC(929)   Evacuate Collection Set: 69.8ms
[2025-10-31T07:06:45.623+0000][gc,phases     ] GC(929)   Post Evacuate Collection Set: 2.6ms
[2025-10-31T07:06:45.624+0000][gc,phases     ] GC(929)   Other: 5.3ms
[2025-10-31T07:06:45.624+0000][gc,heap       ] GC(929) Eden regions: 32->0(30)
[2025-10-31T07:06:45.625+0000][gc,heap       ] GC(929) Survivor regions: 3->5(5)
[2025-10-31T07:06:45.627+0000][gc,heap       ] GC(929) Old regions: 157->157
[2025-10-31T07:06:45.628+0000][gc,heap       ] GC(929) Humongous regions: 156->156
[2025-10-31T07:06:45.628+0000][gc,metaspace  ] GC(929) Metaspace: 53832K(57008K)->53832K(57008K) NonClass: 47879K(49584K)->47879K(49584K) Class: 5953K(7424K)->5953K(7424K)
[2025-10-31T07:06:45.629+0000][gc            ] GC(929) Pause Young (Normal) (G1 Evacuation Pause) 347M->316M(704M) 85.672ms
[2025-10-31T07:06:45.630+0000][gc,cpu        ] GC(929) User=0.15s Sys=0.00s Real=0.08s
[2025-10-31T07:07:47.744+0000][gc,start      ] GC(930) Pause Young (Normal) (G1 Evacuation Pause)
[2025-10-31T07:07:47.745+0000][gc,task       ] GC(930) Using 2 workers of 2 for evacuation
[2025-10-31T07:07:47.837+0000][gc,mmu        ] GC(930) MMU target violated: 21.0ms (20.0ms/21.0ms)
[2025-10-31T07:07:47.838+0000][gc,phases     ] GC(930)   Pre Evacuate Collection Set: 0.4ms
[2025-10-31T07:07:47.839+0000][gc,phases     ] GC(930)   Evacuate Collection Set: 86.3ms
[2025-10-31T07:07:47.840+0000][gc,phases     ] GC(930)   Post Evacuate Collection Set: 3.4ms
[2025-10-31T07:07:47.841+0000][gc,phases     ] GC(930)   Other: 4.3ms
[2025-10-31T07:07:47.845+0000][gc,heap       ] GC(930) Eden regions: 30->0(32)
[2025-10-31T07:07:47.846+0000][gc,heap       ] GC(930) Survivor regions: 5->3(5)
[2025-10-31T07:07:47.848+0000][gc,heap       ] GC(930) Old regions: 157->161
[2025-10-31T07:07:47.849+0000][gc,heap       ] GC(930) Humongous regions: 156->156
[2025-10-31T07:07:47.849+0000][gc,metaspace  ] GC(930) Metaspace: 53832K(57008K)->53832K(57008K) NonClass: 47879K(49584K)->47879K(49584K) Class: 5953K(7424K)->5953K(7424K)
[2025-10-31T07:07:47.850+0000][gc            ] GC(930) Pause Young (Normal) (G1 Evacuation Pause) 346M->319M(704M) 106.516ms
[2025-10-31T07:07:47.851+0000][gc,cpu        ] GC(930) User=0.19s Sys=0.00s Real=0.11s
[2025-10-31T07:08:57.690+0000][gc,start      ] GC(931) Pause Young (Normal) (G1 Evacuation Pause)
[2025-10-31T07:08:57.691+0000][gc,task       ] GC(931) Using 2 workers of 2 for evacuation
[2025-10-31T07:08:57.735+0000][gc,mmu        ] GC(931) MMU target violated: 21.0ms (20.0ms/21.0ms)
[2025-10-31T07:08:57.736+0000][gc,phases     ] GC(931)   Pre Evacuate Collection Set: 0.1ms
[2025-10-31T07:08:57.736+0000][gc,phases     ] GC(931)   Evacuate Collection Set: 40.8ms
[2025-10-31T07:08:57.737+0000][gc,phases     ] GC(931)   Post Evacuate Collection Set: 1.9ms
[2025-10-31T07:08:57.738+0000][gc,phases     ] GC(931)   Other: 3.2ms
[2025-10-31T07:08:57.738+0000][gc,heap       ] GC(931) Eden regions: 32->0(31)
[2025-10-31T07:08:57.739+0000][gc,heap       ] GC(931) Survivor regions: 3->4(5)
[2025-10-31T07:08:57.741+0000][gc,heap       ] GC(931) Old regions: 161->162
[2025-10-31T07:08:57.741+0000][gc,heap       ] GC(931) Humongous regions: 156->156
[2025-10-31T07:08:57.742+0000][gc,metaspace  ] GC(931) Metaspace: 53832K(57008K)->53832K(57008K) NonClass: 47879K(49584K)->47879K(49584K) Class: 5953K(7424K)->5953K(7424K)
[2025-10-31T07:08:57.743+0000][gc            ] GC(931) Pause Young (Normal) (G1 Evacuation Pause) 351M->321M(704M) 53.029ms
[2025-10-31T07:08:57.743+0000][gc,cpu        ] GC(931) User=0.08s Sys=0.00s Real=0.06s
[2025-10-31T07:10:05.264+0000][gc,start      ] GC(932) Pause Young (Normal) (G1 Evacuation Pause)
[2025-10-31T07:10:05.268+0000][gc,task       ] GC(932) Using 2 workers of 2 for evacuation
[2025-10-31T07:10:05.420+0000][gc,mmu        ] GC(932) MMU target violated: 21.0ms (20.0ms/21.0ms)
[2025-10-31T07:10:05.422+0000][gc,phases     ] GC(932)   Pre Evacuate Collection Set: 0.1ms
[2025-10-31T07:10:05.426+0000][gc,phases     ] GC(932)   Evacuate Collection Set: 144.2ms
[2025-10-31T07:10:05.427+0000][gc,phases     ] GC(932)   Post Evacuate Collection Set: 3.7ms
[2025-10-31T07:10:05.428+0000][gc,phases     ] GC(932)   Other: 9.7ms
[2025-10-31T07:10:05.430+0000][gc,heap       ] GC(932) Eden regions: 31->0(31)
[2025-10-31T07:10:05.433+0000][gc,heap       ] GC(932) Survivor regions: 4->4(5)
[2025-10-31T07:10:05.434+0000][gc,heap       ] GC(932) Old regions: 162->164
[2025-10-31T07:10:05.438+0000][gc,heap       ] GC(932) Humongous regions: 156->156
[2025-10-31T07:10:05.439+0000][gc,metaspace  ] GC(932) Metaspace: 53832K(57008K)->53832K(57008K) NonClass: 47879K(49584K)->47879K(49584K) Class: 5953K(7424K)->5953K(7424K)
[2025-10-31T07:10:05.441+0000][gc            ] GC(932) Pause Young (Normal) (G1 Evacuation Pause) 352M->323M(704M) 176.291ms
[2025-10-31T07:10:05.443+0000][gc,cpu        ] GC(932) User=0.31s Sys=0.00s Real=0.18s
[2025-10-31T07:11:13.267+0000][gc,start      ] GC(933) Pause Young (Normal) (G1 Evacuation Pause)
[2025-10-31T07:11:13.269+0000][gc,task       ] GC(933) Using 2 workers of 2 for evacuation
[2025-10-31T07:11:13.431+0000][gc,mmu        ] GC(933) MMU target violated: 21.0ms (20.0ms/21.0ms)
[2025-10-31T07:11:13.433+0000][gc,phases     ] GC(933)   Pre Evacuate Collection Set: 0.1ms
[2025-10-31T07:11:13.434+0000][gc,phases     ] GC(933)   Evacuate Collection Set: 147.9ms
[2025-10-31T07:11:13.435+0000][gc,phases     ] GC(933)   Post Evacuate Collection Set: 9.4ms
[2025-10-31T07:11:13.436+0000][gc,phases     ] GC(933)   Other: 8.0ms
[2025-10-31T07:11:13.437+0000][gc,heap       ] GC(933) Eden regions: 31->0(32)
[2025-10-31T07:11:13.440+0000][gc,heap       ] GC(933) Survivor regions: 4->3(5)
[2025-10-31T07:11:13.443+0000][gc,heap       ] GC(933) Old regions: 164->166
[2025-10-31T07:11:13.445+0000][gc,heap       ] GC(933) Humongous regions: 156->156
[2025-10-31T07:11:13.450+0000][gc,metaspace  ] GC(933) Metaspace: 53832K(57008K)->53832K(57008K) NonClass: 47879K(49584K)->47879K(49584K) Class: 5953K(7424K)->5953K(7424K)
[2025-10-31T07:11:13.452+0000][gc            ] GC(933) Pause Young (Normal) (G1 Evacuation Pause) 354M->324M(704M) 184.110ms
[2025-10-31T07:11:13.453+0000][gc,cpu        ] GC(933) User=0.30s Sys=0.00s Real=0.19s
[2025-10-31T07:12:13.622+0000][gc,start      ] GC(934) Pause Young (Normal) (G1 Evacuation Pause)
[2025-10-31T07:12:13.624+0000][gc,task       ] GC(934) Using 2 workers of 2 for evacuation
[2025-10-31T07:12:14.030+0000][gc,mmu        ] GC(934) MMU target violated: 21.0ms (20.0ms/21.0ms)
[2025-10-31T07:12:14.032+0000][gc,phases     ] GC(934)   Pre Evacuate Collection Set: 0.1ms
[2025-10-31T07:12:14.034+0000][gc,phases     ] GC(934)   Evacuate Collection Set: 394.0ms
[2025-10-31T07:12:14.035+0000][gc,phases     ] GC(934)   Post Evacuate Collection Set: 4.9ms
[2025-10-31T07:12:14.037+0000][gc,phases     ] GC(934)   Other: 11.0ms
[2025-10-31T07:12:14.074+0000][gc,heap       ] GC(934) Eden regions: 32->0(30)
[2025-10-31T07:12:14.084+0000][gc,heap       ] GC(934) Survivor regions: 3->5(5)
[2025-10-31T07:12:14.085+0000][gc,heap       ] GC(934) Old regions: 166->168
[2025-10-31T07:12:14.086+0000][gc,heap       ] GC(934) Humongous regions: 156->156
[2025-10-31T07:12:14.087+0000][gc,metaspace  ] GC(934) Metaspace: 53833K(57008K)->53833K(57008K) NonClass: 47880K(49584K)->47880K(49584K) Class: 5953K(7424K)->5953K(7424K)
[2025-10-31T07:12:14.090+0000][gc            ] GC(934) Pause Young (Normal) (G1 Evacuation Pause) 356M->329M(704M) 467.391ms
[2025-10-31T07:12:14.092+0000][gc,cpu        ] GC(934) User=0.55s Sys=0.06s Real=0.47s
[2025-10-31T07:13:14.153+0000][gc,start      ] GC(935) Pause Young (Normal) (G1 Evacuation Pause)
[2025-10-31T07:13:14.155+0000][gc,task       ] GC(935) Using 2 workers of 2 for evacuation
[2025-10-31T07:13:14.354+0000][gc,mmu        ] GC(935) MMU target violated: 21.0ms (20.0ms/21.0ms)
[2025-10-31T07:13:14.358+0000][gc,phases     ] GC(935)   Pre Evacuate Collection Set: 0.1ms
[2025-10-31T07:13:14.359+0000][gc,phases     ] GC(935)   Evacuate Collection Set: 186.2ms
[2025-10-31T07:13:14.361+0000][gc,phases     ] GC(935)   Post Evacuate Collection Set: 3.5ms
[2025-10-31T07:13:14.363+0000][gc,phases     ] GC(935)   Other: 15.4ms
[2025-10-31T07:13:14.364+0000][gc,heap       ] GC(935) Eden regions: 30->0(32)
[2025-10-31T07:13:14.365+0000][gc,heap       ] GC(935) Survivor regions: 5->3(5)
[2025-10-31T07:13:14.368+0000][gc,heap       ] GC(935) Old regions: 168->173
[2025-10-31T07:13:14.370+0000][gc,heap       ] GC(935) Humongous regions: 156->156
[2025-10-31T07:13:14.374+0000][gc,metaspace  ] GC(935) Metaspace: 53833K(57008K)->53833K(57008K) NonClass: 47880K(49584K)->47880K(49584K) Class: 5953K(7424K)->5953K(7424K)
[2025-10-31T07:13:14.377+0000][gc            ] GC(935) Pause Young (Normal) (G1 Evacuation Pause) 359M->331M(704M) 224.161ms
[2025-10-31T07:13:14.380+0000][gc,cpu        ] GC(935) User=0.36s Sys=0.00s Real=0.22s
[2025-10-31T07:14:26.447+0000][gc,start      ] GC(936) Pause Young (Normal) (G1 Evacuation Pause)
[2025-10-31T07:14:26.450+0000][gc,task       ] GC(936) Using 2 workers of 2 for evacuation
[2025-10-31T07:14:26.569+0000][gc,mmu        ] GC(936) MMU target violated: 21.0ms (20.0ms/21.0ms)
[2025-10-31T07:14:26.571+0000][gc,phases     ] GC(936)   Pre Evacuate Collection Set: 0.1ms
[2025-10-31T07:14:26.572+0000][gc,phases     ] GC(936)   Evacuate Collection Set: 109.2ms
[2025-10-31T07:14:26.577+0000][gc,phases     ] GC(936)   Post Evacuate Collection Set: 4.9ms
[2025-10-31T07:14:26.578+0000][gc,phases     ] GC(936)   Other: 10.3ms
[2025-10-31T07:14:26.579+0000][gc,heap       ] GC(936) Eden regions: 32->0(32)
[2025-10-31T07:14:26.580+0000][gc,heap       ] GC(936) Survivor regions: 3->3(5)
[2025-10-31T07:14:26.582+0000][gc,heap       ] GC(936) Old regions: 173->176
[2025-10-31T07:14:26.583+0000][gc,heap       ] GC(936) Humongous regions: 156->156
[2025-10-31T07:14:26.586+0000][gc,metaspace  ] GC(936) Metaspace: 53833K(57008K)->53833K(57008K) NonClass: 47880K(49584K)->47880K(49584K) Class: 5953K(7424K)->5953K(7424K)
[2025-10-31T07:14:26.588+0000][gc            ] GC(936) Pause Young (Normal) (G1 Evacuation Pause) 363M->334M(704M) 141.330ms
[2025-10-31T07:14:26.590+0000][gc,cpu        ] GC(936) User=0.23s Sys=0.00s Real=0.15s
[2025-10-31T07:15:35.672+0000][gc,start      ] GC(937) Pause Young (Normal) (G1 Evacuation Pause)
[2025-10-31T07:15:35.674+0000][gc,task       ] GC(937) Using 2 workers of 2 for evacuation
[2025-10-31T07:15:35.808+0000][gc,mmu        ] GC(937) MMU target violated: 21.0ms (20.0ms/21.0ms)
[2025-10-31T07:15:35.811+0000][gc,phases     ] GC(937)   Pre Evacuate Collection Set: 0.1ms
[2025-10-31T07:15:35.812+0000][gc,phases     ] GC(937)   Evacuate Collection Set: 126.1ms
[2025-10-31T07:15:35.813+0000][gc,phases     ] GC(937)   Post Evacuate Collection Set: 5.5ms
[2025-10-31T07:15:35.817+0000][gc,phases     ] GC(937)   Other: 6.9ms
[2025-10-31T07:15:35.819+0000][gc,heap       ] GC(937) Eden regions: 32->0(31)
[2025-10-31T07:15:35.821+0000][gc,heap       ] GC(937) Survivor regions: 3->4(5)
[2025-10-31T07:15:35.822+0000][gc,heap       ] GC(937) Old regions: 176->178
[2025-10-31T07:15:35.823+0000][gc,heap       ] GC(937) Humongous regions: 156->156
[2025-10-31T07:15:35.825+0000][gc,metaspace  ] GC(937) Metaspace: 53833K(57008K)->53833K(57008K) NonClass: 47880K(49584K)->47880K(49584K) Class: 5953K(7424K)->5953K(7424K)
[2025-10-31T07:15:35.827+0000][gc            ] GC(937) Pause Young (Normal) (G1 Evacuation Pause) 366M->336M(704M) 154.484ms
[2025-10-31T07:15:35.829+0000][gc,cpu        ] GC(937) User=0.27s Sys=0.00s Real=0.15s
[2025-10-31T07:16:44.083+0000][gc,start      ] GC(938) Pause Young (Normal) (G1 Evacuation Pause)
[2025-10-31T07:16:44.084+0000][gc,task       ] GC(938) Using 2 workers of 2 for evacuation
[2025-10-31T07:16:44.129+0000][gc,mmu        ] GC(938) MMU target violated: 21.0ms (20.0ms/21.0ms)
[2025-10-31T07:16:44.129+0000][gc,phases     ] GC(938)   Pre Evacuate Collection Set: 0.1ms
[2025-10-31T07:16:44.130+0000][gc,phases     ] GC(938)   Evacuate Collection Set: 41.2ms
[2025-10-31T07:16:44.131+0000][gc,phases     ] GC(938)   Post Evacuate Collection Set: 2.1ms
[2025-10-31T07:16:44.131+0000][gc,phases     ] GC(938)   Other: 3.3ms
[2025-10-31T07:16:44.133+0000][gc,heap       ] GC(938) Eden regions: 31->0(31)
[2025-10-31T07:16:44.133+0000][gc,heap       ] GC(938) Survivor regions: 4->4(5)
[2025-10-31T07:16:44.134+0000][gc,heap       ] GC(938) Old regions: 178->180
[2025-10-31T07:16:44.135+0000][gc,heap       ] GC(938) Humongous regions: 156->156
[2025-10-31T07:16:44.135+0000][gc,metaspace  ] GC(938) Metaspace: 53833K(57008K)->53833K(57008K) NonClass: 47880K(49584K)->47880K(49584K) Class: 5953K(7424K)->5953K(7424K)
[2025-10-31T07:16:44.137+0000][gc            ] GC(938) Pause Young (Normal) (G1 Evacuation Pause) 367M->339M(704M) 54.065ms
[2025-10-31T07:16:44.138+0000][gc,cpu        ] GC(938) User=0.09s Sys=0.00s Real=0.06s
[2025-10-31T07:17:48.809+0000][gc,start      ] GC(939) Pause Young (Normal) (G1 Evacuation Pause)
[2025-10-31T07:17:48.810+0000][gc,task       ] GC(939) Using 2 workers of 2 for evacuation
[2025-10-31T07:17:48.863+0000][gc,mmu        ] GC(939) MMU target violated: 21.0ms (20.0ms/21.0ms)
[2025-10-31T07:17:48.864+0000][gc,phases     ] GC(939)   Pre Evacuate Collection Set: 0.1ms
[2025-10-31T07:17:48.864+0000][gc,phases     ] GC(939)   Evacuate Collection Set: 48.8ms
[2025-10-31T07:17:48.865+0000][gc,phases     ] GC(939)   Post Evacuate Collection Set: 2.4ms
[2025-10-31T07:17:48.867+0000][gc,phases     ] GC(939)   Other: 3.2ms
[2025-10-31T07:17:48.868+0000][gc,heap       ] GC(939) Eden regions: 31->0(31)
[2025-10-31T07:17:48.870+0000][gc,heap       ] GC(939) Survivor regions: 4->4(5)
[2025-10-31T07:17:48.871+0000][gc,heap       ] GC(939) Old regions: 180->182
[2025-10-31T07:17:48.872+0000][gc,heap       ] GC(939) Humongous regions: 156->156
[2025-10-31T07:17:48.872+0000][gc,metaspace  ] GC(939) Metaspace: 53833K(57008K)->53833K(57008K) NonClass: 47880K(49584K)->47880K(49584K) Class: 5953K(7424K)->5953K(7424K)
[2025-10-31T07:17:48.873+0000][gc            ] GC(939) Pause Young (Normal) (G1 Evacuation Pause) 370M->341M(704M) 64.246ms
[2025-10-31T07:17:48.875+0000][gc,cpu        ] GC(939) User=0.11s Sys=0.00s Real=0.07s
[2025-10-31T07:18:55.471+0000][gc,start      ] GC(940) Pause Young (Normal) (G1 Evacuation Pause)
[2025-10-31T07:18:55.472+0000][gc,task       ] GC(940) Using 2 workers of 2 for evacuation
[2025-10-31T07:18:55.520+0000][gc,mmu        ] GC(940) MMU target violated: 21.0ms (20.0ms/21.0ms)
[2025-10-31T07:18:55.520+0000][gc,phases     ] GC(940)   Pre Evacuate Collection Set: 0.0ms
[2025-10-31T07:18:55.521+0000][gc,phases     ] GC(940)   Evacuate Collection Set: 44.0ms
[2025-10-31T07:18:55.522+0000][gc,phases     ] GC(940)   Post Evacuate Collection Set: 2.1ms
[2025-10-31T07:18:55.523+0000][gc,phases     ] GC(940)   Other: 3.4ms
[2025-10-31T07:18:55.523+0000][gc,heap       ] GC(940) Eden regions: 31->0(32)
[2025-10-31T07:18:55.524+0000][gc,heap       ] GC(940) Survivor regions: 4->3(5)
[2025-10-31T07:18:55.525+0000][gc,heap       ] GC(940) Old regions: 182->184
[2025-10-31T07:18:55.526+0000][gc,heap       ] GC(940) Humongous regions: 156->156
[2025-10-31T07:18:55.527+0000][gc,metaspace  ] GC(940) Metaspace: 53833K(57008K)->53833K(57008K) NonClass: 47880K(49584K)->47880K(49584K) Class: 5953K(7424K)->5953K(7424K)
[2025-10-31T07:18:55.528+0000][gc            ] GC(940) Pause Young (Normal) (G1 Evacuation Pause) 372M->342M(704M) 57.424ms
[2025-10-31T07:18:55.529+0000][gc,cpu        ] GC(940) User=0.10s Sys=0.00s Real=0.06s
[2025-10-31T07:20:05.901+0000][gc,start      ] GC(941) Pause Young (Normal) (G1 Evacuation Pause)
[2025-10-31T07:20:05.902+0000][gc,task       ] GC(941) Using 2 workers of 2 for evacuation
[2025-10-31T07:20:05.951+0000][gc,mmu        ] GC(941) MMU target violated: 21.0ms (20.0ms/21.0ms)
[2025-10-31T07:20:05.952+0000][gc,phases     ] GC(941)   Pre Evacuate Collection Set: 0.1ms
[2025-10-31T07:20:05.953+0000][gc,phases     ] GC(941)   Evacuate Collection Set: 43.1ms
[2025-10-31T07:20:05.954+0000][gc,phases     ] GC(941)   Post Evacuate Collection Set: 4.0ms
[2025-10-31T07:20:05.954+0000][gc,phases     ] GC(941)   Other: 3.9ms
[2025-10-31T07:20:05.955+0000][gc,heap       ] GC(941) Eden regions: 32->0(30)
[2025-10-31T07:20:05.956+0000][gc,heap       ] GC(941) Survivor regions: 3->5(5)
[2025-10-31T07:20:05.956+0000][gc,heap       ] GC(941) Old regions: 184->184
[2025-10-31T07:20:05.957+0000][gc,heap       ] GC(941) Humongous regions: 156->156
[2025-10-31T07:20:05.958+0000][gc,metaspace  ] GC(941) Metaspace: 53833K(57008K)->53833K(57008K) NonClass: 47880K(49584K)->47880K(49584K) Class: 5953K(7424K)->5953K(7424K)
[2025-10-31T07:20:05.960+0000][gc            ] GC(941) Pause Young (Normal) (G1 Evacuation Pause) 374M->344M(704M) 58.932ms
[2025-10-31T07:20:05.961+0000][gc,cpu        ] GC(941) User=0.09s Sys=0.00s Real=0.06s
[2025-10-31T07:21:11.535+0000][gc,start      ] GC(942) Pause Young (Normal) (G1 Evacuation Pause)
[2025-10-31T07:21:11.536+0000][gc,task       ] GC(942) Using 2 workers of 2 for evacuation
[2025-10-31T07:21:11.597+0000][gc,mmu        ] GC(942) MMU target violated: 21.0ms (20.0ms/21.0ms)
[2025-10-31T07:21:11.598+0000][gc,phases     ] GC(942)   Pre Evacuate Collection Set: 0.1ms
[2025-10-31T07:21:11.599+0000][gc,phases     ] GC(942)   Evacuate Collection Set: 57.3ms
[2025-10-31T07:21:11.600+0000][gc,phases     ] GC(942)   Post Evacuate Collection Set: 2.8ms
[2025-10-31T07:21:11.601+0000][gc,phases     ] GC(942)   Other: 3.0ms
[2025-10-31T07:21:11.602+0000][gc,heap       ] GC(942) Eden regions: 30->0(31)
[2025-10-31T07:21:11.603+0000][gc,heap       ] GC(942) Survivor regions: 5->4(5)
[2025-10-31T07:21:11.604+0000][gc,heap       ] GC(942) Old regions: 184->188
[2025-10-31T07:21:11.605+0000][gc,heap       ] GC(942) Humongous regions: 156->156
[2025-10-31T07:21:11.606+0000][gc,metaspace  ] GC(942) Metaspace: 53833K(57008K)->53833K(57008K) NonClass: 47880K(49584K)->47880K(49584K) Class: 5953K(7424K)->5953K(7424K)
[2025-10-31T07:21:11.607+0000][gc            ] GC(942) Pause Young (Normal) (G1 Evacuation Pause) 374M->346M(704M) 71.479ms
[2025-10-31T07:21:11.608+0000][gc,cpu        ] GC(942) User=0.12s Sys=0.00s Real=0.07s
[2025-10-31T07:22:16.369+0000][gc,start      ] GC(943) Pause Young (Normal) (G1 Evacuation Pause)
[2025-10-31T07:22:16.373+0000][gc,task       ] GC(943) Using 2 workers of 2 for evacuation
[2025-10-31T07:22:16.464+0000][gc,mmu        ] GC(943) MMU target violated: 21.0ms (20.0ms/21.0ms)
[2025-10-31T07:22:16.468+0000][gc,phases     ] GC(943)   Pre Evacuate Collection Set: 0.1ms
[2025-10-31T07:22:16.469+0000][gc,phases     ] GC(943)   Evacuate Collection Set: 86.0ms
[2025-10-31T07:22:16.470+0000][gc,phases     ] GC(943)   Post Evacuate Collection Set: 2.8ms
[2025-10-31T07:22:16.471+0000][gc,phases     ] GC(943)   Other: 9.7ms
[2025-10-31T07:22:16.472+0000][gc,heap       ] GC(943) Eden regions: 31->0(31)
[2025-10-31T07:22:16.473+0000][gc,heap       ] GC(943) Survivor regions: 4->4(5)
[2025-10-31T07:22:16.474+0000][gc,heap       ] GC(943) Old regions: 188->190
[2025-10-31T07:22:16.475+0000][gc,heap       ] GC(943) Humongous regions: 156->156
[2025-10-31T07:22:16.477+0000][gc,metaspace  ] GC(943) Metaspace: 53833K(57008K)->53833K(57008K) NonClass: 47880K(49584K)->47880K(49584K) Class: 5953K(7424K)->5953K(7424K)
[2025-10-31T07:22:16.477+0000][gc            ] GC(943) Pause Young (Normal) (G1 Evacuation Pause) 377M->349M(704M) 108.374ms
[2025-10-31T07:22:16.478+0000][gc,cpu        ] GC(943) User=0.17s Sys=0.00s Real=0.11s
[2025-10-31T07:23:23.179+0000][gc,start      ] GC(944) Pause Young (Normal) (G1 Evacuation Pause)
[2025-10-31T07:23:23.180+0000][gc,task       ] GC(944) Using 2 workers of 2 for evacuation
[2025-10-31T07:23:23.229+0000][gc,mmu        ] GC(944) MMU target violated: 21.0ms (20.0ms/21.0ms)
[2025-10-31T07:23:23.230+0000][gc,phases     ] GC(944)   Pre Evacuate Collection Set: 0.1ms
[2025-10-31T07:23:23.230+0000][gc,phases     ] GC(944)   Evacuate Collection Set: 43.0ms
[2025-10-31T07:23:23.231+0000][gc,phases     ] GC(944)   Post Evacuate Collection Set: 2.5ms
[2025-10-31T07:23:23.232+0000][gc,phases     ] GC(944)   Other: 5.4ms
[2025-10-31T07:23:23.232+0000][gc,heap       ] GC(944) Eden regions: 31->0(31)
[2025-10-31T07:23:23.233+0000][gc,heap       ] GC(944) Survivor regions: 4->4(5)
[2025-10-31T07:23:23.234+0000][gc,heap       ] GC(944) Old regions: 190->192
[2025-10-31T07:23:23.234+0000][gc,heap       ] GC(944) Humongous regions: 156->156
[2025-10-31T07:23:23.235+0000][gc,metaspace  ] GC(944) Metaspace: 53833K(57008K)->53833K(57008K) NonClass: 47880K(49584K)->47880K(49584K) Class: 5953K(7424K)->5953K(7424K)
[2025-10-31T07:23:23.236+0000][gc            ] GC(944) Pause Young (Normal) (G1 Evacuation Pause) 380M->351M(704M) 57.397ms
[2025-10-31T07:23:23.238+0000][gc,cpu        ] GC(944) User=0.09s Sys=0.00s Real=0.06s
[2025-10-31T07:24:31.554+0000][gc,start      ] GC(945) Pause Young (Normal) (G1 Evacuation Pause)
[2025-10-31T07:24:31.555+0000][gc,task       ] GC(945) Using 2 workers of 2 for evacuation
[2025-10-31T07:24:31.601+0000][gc,mmu        ] GC(945) MMU target violated: 21.0ms (20.0ms/21.0ms)
[2025-10-31T07:24:31.603+0000][gc,phases     ] GC(945)   Pre Evacuate Collection Set: 0.1ms
[2025-10-31T07:24:31.604+0000][gc,phases     ] GC(945)   Evacuate Collection Set: 41.1ms
[2025-10-31T07:24:31.604+0000][gc,phases     ] GC(945)   Post Evacuate Collection Set: 3.6ms
[2025-10-31T07:24:31.605+0000][gc,phases     ] GC(945)   Other: 3.9ms
[2025-10-31T07:24:31.606+0000][gc,heap       ] GC(945) Eden regions: 31->0(32)
[2025-10-31T07:24:31.607+0000][gc,heap       ] GC(945) Survivor regions: 4->3(5)
[2025-10-31T07:24:31.608+0000][gc,heap       ] GC(945) Old regions: 192->194
[2025-10-31T07:24:31.608+0000][gc,heap       ] GC(945) Humongous regions: 156->156
[2025-10-31T07:24:31.609+0000][gc,metaspace  ] GC(945) Metaspace: 53833K(57008K)->53833K(57008K) NonClass: 47880K(49584K)->47880K(49584K) Class: 5953K(7424K)->5953K(7424K)
[2025-10-31T07:24:31.610+0000][gc            ] GC(945) Pause Young (Normal) (G1 Evacuation Pause) 382M->351M(704M) 55.980ms
[2025-10-31T07:24:31.611+0000][gc,cpu        ] GC(945) User=0.09s Sys=0.00s Real=0.06s
[2025-10-31T07:25:42.785+0000][gc,start      ] GC(946) Pause Young (Normal) (G1 Evacuation Pause)
[2025-10-31T07:25:42.788+0000][gc,task       ] GC(946) Using 2 workers of 2 for evacuation
[2025-10-31T07:25:42.894+0000][gc,mmu        ] GC(946) MMU target violated: 21.0ms (20.0ms/21.0ms)
[2025-10-31T07:25:42.895+0000][gc,phases     ] GC(946)   Pre Evacuate Collection Set: 0.1ms
[2025-10-31T07:25:42.901+0000][gc,phases     ] GC(946)   Evacuate Collection Set: 95.8ms
[2025-10-31T07:25:42.902+0000][gc,phases     ] GC(946)   Post Evacuate Collection Set: 3.7ms
[2025-10-31T07:25:42.904+0000][gc,phases     ] GC(946)   Other: 11.5ms
[2025-10-31T07:25:42.904+0000][gc,heap       ] GC(946) Eden regions: 32->0(30)
[2025-10-31T07:25:42.905+0000][gc,heap       ] GC(946) Survivor regions: 3->5(5)
[2025-10-31T07:25:42.906+0000][gc,heap       ] GC(946) Old regions: 194->194
[2025-10-31T07:25:42.908+0000][gc,heap       ] GC(946) Humongous regions: 156->156
[2025-10-31T07:25:42.909+0000][gc,metaspace  ] GC(946) Metaspace: 53833K(57008K)->53833K(57008K) NonClass: 47880K(49584K)->47880K(49584K) Class: 5953K(7424K)->5953K(7424K)
[2025-10-31T07:25:42.913+0000][gc            ] GC(946) Pause Young (Normal) (G1 Evacuation Pause) 383M->354M(704M) 127.887ms
[2025-10-31T07:25:42.914+0000][gc,cpu        ] GC(946) User=0.20s Sys=0.00s Real=0.12s
[2025-10-31T07:26:48.215+0000][gc,start      ] GC(947) Pause Young (Normal) (G1 Evacuation Pause)
[2025-10-31T07:26:48.219+0000][gc,task       ] GC(947) Using 2 workers of 2 for evacuation
[2025-10-31T07:26:48.348+0000][gc,mmu        ] GC(947) MMU target violated: 21.0ms (20.0ms/21.0ms)
[2025-10-31T07:26:48.350+0000][gc,phases     ] GC(947)   Pre Evacuate Collection Set: 0.1ms
[2025-10-31T07:26:48.351+0000][gc,phases     ] GC(947)   Evacuate Collection Set: 121.8ms
[2025-10-31T07:26:48.352+0000][gc,phases     ] GC(947)   Post Evacuate Collection Set: 4.0ms
[2025-10-31T07:26:48.355+0000][gc,phases     ] GC(947)   Other: 9.7ms
[2025-10-31T07:26:48.356+0000][gc,heap       ] GC(947) Eden regions: 30->0(32)
[2025-10-31T07:26:48.358+0000][gc,heap       ] GC(947) Survivor regions: 5->3(5)
[2025-10-31T07:26:48.363+0000][gc,heap       ] GC(947) Old regions: 194->198
[2025-10-31T07:26:48.364+0000][gc,heap       ] GC(947) Humongous regions: 156->156
[2025-10-31T07:26:48.366+0000][gc,metaspace  ] GC(947) Metaspace: 53833K(57008K)->53833K(57008K) NonClass: 47880K(49584K)->47880K(49584K) Class: 5953K(7424K)->5953K(7424K)
[2025-10-31T07:26:48.367+0000][gc            ] GC(947) Pause Young (Normal) (G1 Evacuation Pause) 384M->356M(704M) 152.124ms
[2025-10-31T07:26:48.369+0000][gc,cpu        ] GC(947) User=0.26s Sys=0.00s Real=0.16s
[2025-10-31T07:27:55.631+0000][gc,start      ] GC(948) Pause Young (Normal) (G1 Evacuation Pause)
[2025-10-31T07:27:55.632+0000][gc,task       ] GC(948) Using 2 workers of 2 for evacuation
[2025-10-31T07:27:55.710+0000][gc,mmu        ] GC(948) MMU target violated: 21.0ms (20.0ms/21.0ms)
[2025-10-31T07:27:55.711+0000][gc,phases     ] GC(948)   Pre Evacuate Collection Set: 0.1ms
[2025-10-31T07:27:55.712+0000][gc,phases     ] GC(948)   Evacuate Collection Set: 67.8ms
[2025-10-31T07:27:55.713+0000][gc,phases     ] GC(948)   Post Evacuate Collection Set: 4.2ms
[2025-10-31T07:27:55.714+0000][gc,phases     ] GC(948)   Other: 7.9ms
[2025-10-31T07:27:55.716+0000][gc,heap       ] GC(948) Eden regions: 32->0(31)
[2025-10-31T07:27:55.717+0000][gc,heap       ] GC(948) Survivor regions: 3->4(5)
[2025-10-31T07:27:55.718+0000][gc,heap       ] GC(948) Old regions: 198->200
[2025-10-31T07:27:55.719+0000][gc,heap       ] GC(948) Humongous regions: 156->156
[2025-10-31T07:27:55.721+0000][gc,metaspace  ] GC(948) Metaspace: 53834K(57008K)->53834K(57008K) NonClass: 47881K(49584K)->47881K(49584K) Class: 5953K(7424K)->5953K(7424K)
[2025-10-31T07:27:55.722+0000][gc            ] GC(948) Pause Young (Normal) (G1 Evacuation Pause) 388M->358M(704M) 90.668ms
[2025-10-31T07:27:55.723+0000][gc,cpu        ] GC(948) User=0.15s Sys=0.00s Real=0.09s
[2025-10-31T07:29:03.819+0000][gc,start      ] GC(949) Pause Young (Normal) (G1 Evacuation Pause)
[2025-10-31T07:29:03.820+0000][gc,task       ] GC(949) Using 2 workers of 2 for evacuation
[2025-10-31T07:29:03.875+0000][gc,mmu        ] GC(949) MMU target violated: 21.0ms (20.0ms/21.0ms)
[2025-10-31T07:29:03.876+0000][gc,phases     ] GC(949)   Pre Evacuate Collection Set: 0.1ms
[2025-10-31T07:29:03.877+0000][gc,phases     ] GC(949)   Evacuate Collection Set: 49.3ms
[2025-10-31T07:29:03.878+0000][gc,phases     ] GC(949)   Post Evacuate Collection Set: 3.9ms
[2025-10-31T07:29:03.878+0000][gc,phases     ] GC(949)   Other: 5.1ms
[2025-10-31T07:29:03.879+0000][gc,heap       ] GC(949) Eden regions: 31->0(31)
[2025-10-31T07:29:03.880+0000][gc,heap       ] GC(949) Survivor regions: 4->4(5)
[2025-10-31T07:29:03.880+0000][gc,heap       ] GC(949) Old regions: 200->202
[2025-10-31T07:29:03.881+0000][gc,heap       ] GC(949) Humongous regions: 156->156
[2025-10-31T07:29:03.882+0000][gc,metaspace  ] GC(949) Metaspace: 53834K(57008K)->53834K(57008K) NonClass: 47881K(49584K)->47881K(49584K) Class: 5953K(7424K)->5953K(7424K)
[2025-10-31T07:29:03.883+0000][gc            ] GC(949) Pause Young (Normal) (G1 Evacuation Pause) 389M->361M(704M) 63.831ms
[2025-10-31T07:29:03.883+0000][gc,cpu        ] GC(949) User=0.10s Sys=0.00s Real=0.06s
[2025-10-31T07:30:10.710+0000][gc,start      ] GC(950) Pause Young (Normal) (G1 Evacuation Pause)
[2025-10-31T07:30:10.712+0000][gc,task       ] GC(950) Using 2 workers of 2 for evacuation
[2025-10-31T07:30:10.799+0000][gc,mmu        ] GC(950) MMU target violated: 21.0ms (20.0ms/21.0ms)
[2025-10-31T07:30:10.802+0000][gc,phases     ] GC(950)   Pre Evacuate Collection Set: 0.1ms
[2025-10-31T07:30:10.804+0000][gc,phases     ] GC(950)   Evacuate Collection Set: 76.0ms
[2025-10-31T07:30:10.817+0000][gc,phases     ] GC(950)   Post Evacuate Collection Set: 9.0ms
[2025-10-31T07:30:10.820+0000][gc,phases     ] GC(950)   Other: 7.2ms
[2025-10-31T07:30:10.823+0000][gc,heap       ] GC(950) Eden regions: 31->0(32)
[2025-10-31T07:30:10.827+0000][gc,heap       ] GC(950) Survivor regions: 4->3(5)
[2025-10-31T07:30:10.830+0000][gc,heap       ] GC(950) Old regions: 202->204
[2025-10-31T07:30:10.836+0000][gc,heap       ] GC(950) Humongous regions: 156->156
[2025-10-31T07:30:10.841+0000][gc,metaspace  ] GC(950) Metaspace: 53834K(57008K)->53834K(57008K) NonClass: 47881K(49584K)->47881K(49584K) Class: 5953K(7424K)->5953K(7424K)
[2025-10-31T07:30:10.842+0000][gc            ] GC(950) Pause Young (Normal) (G1 Evacuation Pause) 392M->361M(704M) 131.458ms
[2025-10-31T07:30:10.844+0000][gc,cpu        ] GC(950) User=0.16s Sys=0.00s Real=0.13s
[2025-10-31T07:31:21.493+0000][gc,start      ] GC(951) Pause Young (Normal) (G1 Evacuation Pause)
[2025-10-31T07:31:21.497+0000][gc,task       ] GC(951) Using 2 workers of 2 for evacuation
[2025-10-31T07:31:21.589+0000][gc,mmu        ] GC(951) MMU target violated: 21.0ms (20.0ms/21.0ms)
[2025-10-31T07:31:21.596+0000][gc,phases     ] GC(951)   Pre Evacuate Collection Set: 0.1ms
[2025-10-31T07:31:21.599+0000][gc,phases     ] GC(951)   Evacuate Collection Set: 80.4ms
[2025-10-31T07:31:21.604+0000][gc,phases     ] GC(951)   Post Evacuate Collection Set: 9.7ms
[2025-10-31T07:31:21.608+0000][gc,phases     ] GC(951)   Other: 12.7ms
[2025-10-31T07:31:21.610+0000][gc,heap       ] GC(951) Eden regions: 32->0(30)
[2025-10-31T07:31:21.611+0000][gc,heap       ] GC(951) Survivor regions: 3->5(5)
[2025-10-31T07:31:21.614+0000][gc,heap       ] GC(951) Old regions: 204->204
[2025-10-31T07:31:21.615+0000][gc,heap       ] GC(951) Humongous regions: 156->156
[2025-10-31T07:31:21.616+0000][gc,metaspace  ] GC(951) Metaspace: 53834K(57008K)->53834K(57008K) NonClass: 47881K(49584K)->47881K(49584K) Class: 5953K(7424K)->5953K(7424K)
[2025-10-31T07:31:21.617+0000][gc            ] GC(951) Pause Young (Normal) (G1 Evacuation Pause) 393M->364M(704M) 123.552ms
[2025-10-31T07:31:21.619+0000][gc,cpu        ] GC(951) User=0.18s Sys=0.00s Real=0.12s
[2025-10-31T07:32:23.858+0000][gc,start      ] GC(952) Pause Young (Normal) (G1 Evacuation Pause)
[2025-10-31T07:32:23.858+0000][gc,task       ] GC(952) Using 2 workers of 2 for evacuation
[2025-10-31T07:32:23.905+0000][gc,mmu        ] GC(952) MMU target violated: 21.0ms (20.0ms/21.0ms)
[2025-10-31T07:32:23.906+0000][gc,phases     ] GC(952)   Pre Evacuate Collection Set: 0.1ms
[2025-10-31T07:32:23.906+0000][gc,phases     ] GC(952)   Evacuate Collection Set: 43.4ms
[2025-10-31T07:32:23.907+0000][gc,phases     ] GC(952)   Post Evacuate Collection Set: 2.0ms
[2025-10-31T07:32:23.908+0000][gc,phases     ] GC(952)   Other: 2.7ms
[2025-10-31T07:32:23.909+0000][gc,heap       ] GC(952) Eden regions: 30->0(32)
[2025-10-31T07:32:23.910+0000][gc,heap       ] GC(952) Survivor regions: 5->3(5)
[2025-10-31T07:32:23.910+0000][gc,heap       ] GC(952) Old regions: 204->208
[2025-10-31T07:32:23.911+0000][gc,heap       ] GC(952) Humongous regions: 156->156
[2025-10-31T07:32:23.912+0000][gc,metaspace  ] GC(952) Metaspace: 53834K(57008K)->53834K(57008K) NonClass: 47881K(49584K)->47881K(49584K) Class: 5953K(7424K)->5953K(7424K)
[2025-10-31T07:32:23.914+0000][gc            ] GC(952) Pause Young (Normal) (G1 Evacuation Pause) 394M->366M(704M) 56.089ms
[2025-10-31T07:32:23.918+0000][gc,cpu        ] GC(952) User=0.10s Sys=0.00s Real=0.06s
[2025-10-31T07:33:33.422+0000][gc,start      ] GC(953) Pause Young (Normal) (G1 Evacuation Pause)
[2025-10-31T07:33:33.425+0000][gc,task       ] GC(953) Using 2 workers of 2 for evacuation
[2025-10-31T07:33:33.517+0000][gc,mmu        ] GC(953) MMU target violated: 21.0ms (20.0ms/21.0ms)
[2025-10-31T07:33:33.523+0000][gc,phases     ] GC(953)   Pre Evacuate Collection Set: 0.1ms
[2025-10-31T07:33:33.524+0000][gc,phases     ] GC(953)   Evacuate Collection Set: 79.9ms
[2025-10-31T07:33:33.526+0000][gc,phases     ] GC(953)   Post Evacuate Collection Set: 2.3ms
[2025-10-31T07:33:33.530+0000][gc,phases     ] GC(953)   Other: 18.4ms
[2025-10-31T07:33:33.533+0000][gc,heap       ] GC(953) Eden regions: 32->0(31)
[2025-10-31T07:33:33.538+0000][gc,heap       ] GC(953) Survivor regions: 3->4(5)
[2025-10-31T07:33:33.541+0000][gc,heap       ] GC(953) Old regions: 208->209
[2025-10-31T07:33:33.544+0000][gc,heap       ] GC(953) Humongous regions: 156->156
[2025-10-31T07:33:33.547+0000][gc,metaspace  ] GC(953) Metaspace: 53834K(57008K)->53834K(57008K) NonClass: 47881K(49584K)->47881K(49584K) Class: 5953K(7424K)->5953K(7424K)
[2025-10-31T07:33:33.553+0000][gc            ] GC(953) Pause Young (Normal) (G1 Evacuation Pause) 398M->368M(704M) 130.609ms
[2025-10-31T07:33:33.556+0000][gc,cpu        ] GC(953) User=0.16s Sys=0.00s Real=0.14s
[2025-10-31T07:34:41.050+0000][gc,start      ] GC(954) Pause Young (Normal) (G1 Evacuation Pause)
[2025-10-31T07:34:41.053+0000][gc,task       ] GC(954) Using 2 workers of 2 for evacuation
[2025-10-31T07:34:41.144+0000][gc,mmu        ] GC(954) MMU target violated: 21.0ms (20.0ms/21.0ms)
[2025-10-31T07:34:41.146+0000][gc,phases     ] GC(954)   Pre Evacuate Collection Set: 0.1ms
[2025-10-31T07:34:41.147+0000][gc,phases     ] GC(954)   Evacuate Collection Set: 82.8ms
[2025-10-31T07:34:41.149+0000][gc,phases     ] GC(954)   Post Evacuate Collection Set: 4.7ms
[2025-10-31T07:34:41.151+0000][gc,phases     ] GC(954)   Other: 8.4ms
[2025-10-31T07:34:41.153+0000][gc,heap       ] GC(954) Eden regions: 31->0(31)
[2025-10-31T07:34:41.154+0000][gc,heap       ] GC(954) Survivor regions: 4->4(5)
[2025-10-31T07:34:41.158+0000][gc,heap       ] GC(954) Old regions: 209->212
[2025-10-31T07:34:41.159+0000][gc,heap       ] GC(954) Humongous regions: 156->156
[2025-10-31T07:34:41.160+0000][gc,metaspace  ] GC(954) Metaspace: 53834K(57008K)->53834K(57008K) NonClass: 47881K(49584K)->47881K(49584K) Class: 5953K(7424K)->5953K(7424K)
[2025-10-31T07:34:41.161+0000][gc            ] GC(954) Pause Young (Normal) (G1 Evacuation Pause) 399M->371M(704M) 111.084ms
[2025-10-31T07:34:41.162+0000][gc,cpu        ] GC(954) User=0.17s Sys=0.00s Real=0.11s
[2025-10-31T07:35:48.607+0000][gc,start      ] GC(955) Pause Young (Normal) (G1 Evacuation Pause)
[2025-10-31T07:35:48.608+0000][gc,task       ] GC(955) Using 2 workers of 2 for evacuation
[2025-10-31T07:35:48.647+0000][gc,mmu        ] GC(955) MMU target violated: 21.0ms (20.0ms/21.0ms)
[2025-10-31T07:35:48.648+0000][gc,phases     ] GC(955)   Pre Evacuate Collection Set: 0.1ms
[2025-10-31T07:35:48.648+0000][gc,phases     ] GC(955)   Evacuate Collection Set: 36.2ms
[2025-10-31T07:35:48.649+0000][gc,phases     ] GC(955)   Post Evacuate Collection Set: 1.9ms
[2025-10-31T07:35:48.650+0000][gc,phases     ] GC(955)   Other: 3.1ms
[2025-10-31T07:35:48.651+0000][gc,heap       ] GC(955) Eden regions: 31->0(32)
[2025-10-31T07:35:48.651+0000][gc,heap       ] GC(955) Survivor regions: 4->3(5)
[2025-10-31T07:35:48.652+0000][gc,heap       ] GC(955) Old regions: 212->214
[2025-10-31T07:35:48.653+0000][gc,heap       ] GC(955) Humongous regions: 156->156
[2025-10-31T07:35:48.653+0000][gc,metaspace  ] GC(955) Metaspace: 53834K(57008K)->53834K(57008K) NonClass: 47881K(49584K)->47881K(49584K) Class: 5953K(7424K)->5953K(7424K)
[2025-10-31T07:35:48.655+0000][gc            ] GC(955) Pause Young (Normal) (G1 Evacuation Pause) 402M->371M(704M) 47.950ms
[2025-10-31T07:35:48.655+0000][gc,cpu        ] GC(955) User=0.07s Sys=0.00s Real=0.05s
[2025-10-31T07:36:58.330+0000][gc,start      ] GC(956) Pause Young (Normal) (G1 Evacuation Pause)
[2025-10-31T07:36:58.331+0000][gc,task       ] GC(956) Using 2 workers of 2 for evacuation
[2025-10-31T07:36:58.372+0000][gc,mmu        ] GC(956) MMU target violated: 21.0ms (20.0ms/21.0ms)
[2025-10-31T07:36:58.374+0000][gc,phases     ] GC(956)   Pre Evacuate Collection Set: 0.0ms
[2025-10-31T07:36:58.374+0000][gc,phases     ] GC(956)   Evacuate Collection Set: 37.2ms
[2025-10-31T07:36:58.375+0000][gc,phases     ] GC(956)   Post Evacuate Collection Set: 2.9ms
[2025-10-31T07:36:58.376+0000][gc,phases     ] GC(956)   Other: 3.3ms
[2025-10-31T07:36:58.377+0000][gc,heap       ] GC(956) Eden regions: 32->0(30)
[2025-10-31T07:36:58.378+0000][gc,heap       ] GC(956) Survivor regions: 3->5(5)
[2025-10-31T07:36:58.378+0000][gc,heap       ] GC(956) Old regions: 214->214
[2025-10-31T07:36:58.379+0000][gc,heap       ] GC(956) Humongous regions: 156->156
[2025-10-31T07:36:58.380+0000][gc,metaspace  ] GC(956) Metaspace: 53834K(57008K)->53834K(57008K) NonClass: 47881K(49584K)->47881K(49584K) Class: 5953K(7424K)->5953K(7424K)
[2025-10-31T07:36:58.380+0000][gc            ] GC(956) Pause Young (Normal) (G1 Evacuation Pause) 403M->373M(704M) 50.146ms
[2025-10-31T07:36:58.381+0000][gc,cpu        ] GC(956) User=0.08s Sys=0.00s Real=0.05s
[2025-10-31T07:37:59.706+0000][gc,start      ] GC(957) Pause Young (Normal) (G1 Evacuation Pause)
[2025-10-31T07:37:59.708+0000][gc,task       ] GC(957) Using 2 workers of 2 for evacuation
[2025-10-31T07:37:59.801+0000][gc,mmu        ] GC(957) MMU target violated: 21.0ms (20.0ms/21.0ms)
[2025-10-31T07:37:59.804+0000][gc,phases     ] GC(957)   Pre Evacuate Collection Set: 0.1ms
[2025-10-31T07:37:59.805+0000][gc,phases     ] GC(957)   Evacuate Collection Set: 85.5ms
[2025-10-31T07:37:59.806+0000][gc,phases     ] GC(957)   Post Evacuate Collection Set: 5.2ms
[2025-10-31T07:37:59.807+0000][gc,phases     ] GC(957)   Other: 7.2ms
[2025-10-31T07:37:59.808+0000][gc,heap       ] GC(957) Eden regions: 30->0(30)
[2025-10-31T07:37:59.809+0000][gc,heap       ] GC(957) Survivor regions: 5->5(5)
[2025-10-31T07:37:59.810+0000][gc,heap       ] GC(957) Old regions: 214->215
[2025-10-31T07:37:59.811+0000][gc,heap       ] GC(957) Humongous regions: 156->156
[2025-10-31T07:37:59.813+0000][gc,metaspace  ] GC(957) Metaspace: 53834K(57008K)->53834K(57008K) NonClass: 47881K(49584K)->47881K(49584K) Class: 5953K(7424K)->5953K(7424K)
[2025-10-31T07:37:59.815+0000][gc            ] GC(957) Pause Young (Normal) (G1 Evacuation Pause) 403M->375M(704M) 108.581ms
[2025-10-31T07:37:59.816+0000][gc,cpu        ] GC(957) User=0.18s Sys=0.00s Real=0.12s
[2025-10-31T07:39:05.610+0000][gc,start      ] GC(958) Pause Young (Normal) (G1 Evacuation Pause)
[2025-10-31T07:39:05.612+0000][gc,task       ] GC(958) Using 2 workers of 2 for evacuation
[2025-10-31T07:39:05.666+0000][gc,mmu        ] GC(958) MMU target violated: 21.0ms (20.0ms/21.0ms)
[2025-10-31T07:39:05.667+0000][gc,phases     ] GC(958)   Pre Evacuate Collection Set: 0.0ms
[2025-10-31T07:39:05.668+0000][gc,phases     ] GC(958)   Evacuate Collection Set: 50.8ms
[2025-10-31T07:39:05.669+0000][gc,phases     ] GC(958)   Post Evacuate Collection Set: 2.9ms
[2025-10-31T07:39:05.669+0000][gc,phases     ] GC(958)   Other: 3.2ms
[2025-10-31T07:39:05.670+0000][gc,heap       ] GC(958) Eden regions: 30->0(30)
[2025-10-31T07:39:05.671+0000][gc,heap       ] GC(958) Survivor regions: 5->5(5)
[2025-10-31T07:39:05.672+0000][gc,heap       ] GC(958) Old regions: 215->217
[2025-10-31T07:39:05.673+0000][gc,heap       ] GC(958) Humongous regions: 156->156
[2025-10-31T07:39:05.673+0000][gc,metaspace  ] GC(958) Metaspace: 53834K(57008K)->53834K(57008K) NonClass: 47881K(49584K)->47881K(49584K) Class: 5953K(7424K)->5953K(7424K)
[2025-10-31T07:39:05.674+0000][gc            ] GC(958) Pause Young (Normal) (G1 Evacuation Pause) 405M->377M(704M) 63.582ms
[2025-10-31T07:39:05.675+0000][gc,cpu        ] GC(958) User=0.11s Sys=0.00s Real=0.06s
[2025-10-31T07:40:11.120+0000][gc,start      ] GC(959) Pause Young (Normal) (G1 Evacuation Pause)
[2025-10-31T07:40:11.121+0000][gc,task       ] GC(959) Using 2 workers of 2 for evacuation
[2025-10-31T07:40:11.172+0000][gc,mmu        ] GC(959) MMU target violated: 21.0ms (20.0ms/21.0ms)
[2025-10-31T07:40:11.174+0000][gc,phases     ] GC(959)   Pre Evacuate Collection Set: 0.0ms
[2025-10-31T07:40:11.174+0000][gc,phases     ] GC(959)   Evacuate Collection Set: 46.8ms
[2025-10-31T07:40:11.175+0000][gc,phases     ] GC(959)   Post Evacuate Collection Set: 2.7ms
[2025-10-31T07:40:11.176+0000][gc,phases     ] GC(959)   Other: 4.0ms
[2025-10-31T07:40:11.177+0000][gc,heap       ] GC(959) Eden regions: 30->0(31)
[2025-10-31T07:40:11.177+0000][gc,heap       ] GC(959) Survivor regions: 5->4(5)
[2025-10-31T07:40:11.178+0000][gc,heap       ] GC(959) Old regions: 217->221
[2025-10-31T07:40:11.179+0000][gc,heap       ] GC(959) Humongous regions: 156->156
[2025-10-31T07:40:11.179+0000][gc,metaspace  ] GC(959) Metaspace: 53834K(57008K)->53834K(57008K) NonClass: 47881K(49584K)->47881K(49584K) Class: 5953K(7424K)->5953K(7424K)
[2025-10-31T07:40:11.180+0000][gc            ] GC(959) Pause Young (Normal) (G1 Evacuation Pause) 407M->380M(704M) 59.674ms
[2025-10-31T07:40:11.181+0000][gc,cpu        ] GC(959) User=0.10s Sys=0.00s Real=0.06s
[2025-10-31T07:41:18.232+0000][gc,start      ] GC(960) Pause Young (Normal) (G1 Evacuation Pause)
[2025-10-31T07:41:18.233+0000][gc,task       ] GC(960) Using 2 workers of 2 for evacuation
[2025-10-31T07:41:18.281+0000][gc,mmu        ] GC(960) MMU target violated: 21.0ms (20.0ms/21.0ms)
[2025-10-31T07:41:18.282+0000][gc,phases     ] GC(960)   Pre Evacuate Collection Set: 0.2ms
[2025-10-31T07:41:18.283+0000][gc,phases     ] GC(960)   Evacuate Collection Set: 43.2ms
[2025-10-31T07:41:18.283+0000][gc,phases     ] GC(960)   Post Evacuate Collection Set: 2.7ms
[2025-10-31T07:41:18.284+0000][gc,phases     ] GC(960)   Other: 3.5ms
[2025-10-31T07:41:18.285+0000][gc,heap       ] GC(960) Eden regions: 31->0(31)
[2025-10-31T07:41:18.285+0000][gc,heap       ] GC(960) Survivor regions: 4->4(5)
[2025-10-31T07:41:18.286+0000][gc,heap       ] GC(960) Old regions: 221->223
[2025-10-31T07:41:18.286+0000][gc,heap       ] GC(960) Humongous regions: 156->156
[2025-10-31T07:41:18.287+0000][gc,metaspace  ] GC(960) Metaspace: 53834K(57008K)->53834K(57008K) NonClass: 47881K(49584K)->47881K(49584K) Class: 5953K(7424K)->5953K(7424K)
[2025-10-31T07:41:18.288+0000][gc            ] GC(960) Pause Young (Normal) (G1 Evacuation Pause) 411M->382M(704M) 55.379ms
[2025-10-31T07:41:18.288+0000][gc,cpu        ] GC(960) User=0.09s Sys=0.00s Real=0.06s
[2025-10-31T07:42:22.933+0000][gc,start      ] GC(961) Pause Young (Normal) (G1 Evacuation Pause)
[2025-10-31T07:42:22.934+0000][gc,task       ] GC(961) Using 2 workers of 2 for evacuation
[2025-10-31T07:42:22.980+0000][gc,mmu        ] GC(961) MMU target violated: 21.0ms (20.0ms/21.0ms)
[2025-10-31T07:42:22.981+0000][gc,phases     ] GC(961)   Pre Evacuate Collection Set: 0.3ms
[2025-10-31T07:42:22.982+0000][gc,phases     ] GC(961)   Evacuate Collection Set: 41.4ms
[2025-10-31T07:42:22.983+0000][gc,phases     ] GC(961)   Post Evacuate Collection Set: 2.3ms
[2025-10-31T07:42:22.983+0000][gc,phases     ] GC(961)   Other: 4.0ms
[2025-10-31T07:42:22.984+0000][gc,heap       ] GC(961) Eden regions: 31->0(31)
[2025-10-31T07:42:22.985+0000][gc,heap       ] GC(961) Survivor regions: 4->4(5)
[2025-10-31T07:42:22.986+0000][gc,heap       ] GC(961) Old regions: 223->225
[2025-10-31T07:42:22.986+0000][gc,heap       ] GC(961) Humongous regions: 156->156
[2025-10-31T07:42:22.987+0000][gc,metaspace  ] GC(961) Metaspace: 53834K(57008K)->53834K(57008K) NonClass: 47881K(49584K)->47881K(49584K) Class: 5953K(7424K)->5953K(7424K)
[2025-10-31T07:42:22.988+0000][gc            ] GC(961) Pause Young (Normal) (G1 Evacuation Pause) 413M->384M(704M) 54.924ms
[2025-10-31T07:42:22.989+0000][gc,cpu        ] GC(961) User=0.09s Sys=0.00s Real=0.06s
[2025-10-31T07:43:31.080+0000][gc,start      ] GC(962) Pause Young (Normal) (G1 Evacuation Pause)
[2025-10-31T07:43:31.081+0000][gc,task       ] GC(962) Using 2 workers of 2 for evacuation
[2025-10-31T07:43:31.131+0000][gc,mmu        ] GC(962) MMU target violated: 21.0ms (20.0ms/21.0ms)
[2025-10-31T07:43:31.132+0000][gc,phases     ] GC(962)   Pre Evacuate Collection Set: 0.1ms
[2025-10-31T07:43:31.133+0000][gc,phases     ] GC(962)   Evacuate Collection Set: 45.3ms
[2025-10-31T07:43:31.134+0000][gc,phases     ] GC(962)   Post Evacuate Collection Set: 4.0ms
[2025-10-31T07:43:31.134+0000][gc,phases     ] GC(962)   Other: 3.0ms
[2025-10-31T07:43:31.135+0000][gc,heap       ] GC(962) Eden regions: 31->0(32)
[2025-10-31T07:43:31.136+0000][gc,heap       ] GC(962) Survivor regions: 4->3(5)
[2025-10-31T07:43:31.137+0000][gc,heap       ] GC(962) Old regions: 225->227
[2025-10-31T07:43:31.137+0000][gc,heap       ] GC(962) Humongous regions: 156->156
[2025-10-31T07:43:31.138+0000][gc,metaspace  ] GC(962) Metaspace: 53834K(57008K)->53834K(57008K) NonClass: 47881K(49584K)->47881K(49584K) Class: 5953K(7424K)->5953K(7424K)
[2025-10-31T07:43:31.139+0000][gc            ] GC(962) Pause Young (Normal) (G1 Evacuation Pause) 415M->384M(704M) 59.184ms
[2025-10-31T07:43:31.140+0000][gc,cpu        ] GC(962) User=0.10s Sys=0.00s Real=0.06s
[2025-10-31T07:44:40.655+0000][gc,start      ] GC(963) Pause Young (Normal) (G1 Evacuation Pause)
[2025-10-31T07:44:40.664+0000][gc,task       ] GC(963) Using 2 workers of 2 for evacuation
[2025-10-31T07:44:40.757+0000][gc,mmu        ] GC(963) MMU target violated: 21.0ms (20.0ms/21.0ms)
[2025-10-31T07:44:40.761+0000][gc,phases     ] GC(963)   Pre Evacuate Collection Set: 0.8ms
[2025-10-31T07:44:40.762+0000][gc,phases     ] GC(963)   Evacuate Collection Set: 84.8ms
[2025-10-31T07:44:40.764+0000][gc,phases     ] GC(963)   Post Evacuate Collection Set: 3.5ms
[2025-10-31T07:44:40.765+0000][gc,phases     ] GC(963)   Other: 17.6ms
[2025-10-31T07:44:40.766+0000][gc,heap       ] GC(963) Eden regions: 32->0(30)
[2025-10-31T07:44:40.767+0000][gc,heap       ] GC(963) Survivor regions: 3->5(5)
[2025-10-31T07:44:40.768+0000][gc,heap       ] GC(963) Old regions: 227->227
[2025-10-31T07:44:40.769+0000][gc,heap       ] GC(963) Humongous regions: 156->156
[2025-10-31T07:44:40.771+0000][gc,metaspace  ] GC(963) Metaspace: 53834K(57008K)->53834K(57008K) NonClass: 47881K(49584K)->47881K(49584K) Class: 5953K(7424K)->5953K(7424K)
[2025-10-31T07:44:40.772+0000][gc            ] GC(963) Pause Young (Normal) (G1 Evacuation Pause) 416M->387M(704M) 117.430ms
[2025-10-31T07:44:40.773+0000][gc,cpu        ] GC(963) User=0.19s Sys=0.00s Real=0.11s
[2025-10-31T07:45:46.479+0000][gc,start      ] GC(964) Pause Young (Normal) (G1 Evacuation Pause)
[2025-10-31T07:45:46.479+0000][gc,task       ] GC(964) Using 2 workers of 2 for evacuation
[2025-10-31T07:45:46.558+0000][gc,mmu        ] GC(964) MMU target violated: 21.0ms (20.0ms/21.0ms)
[2025-10-31T07:45:46.559+0000][gc,phases     ] GC(964)   Pre Evacuate Collection Set: 0.1ms
[2025-10-31T07:45:46.560+0000][gc,phases     ] GC(964)   Evacuate Collection Set: 71.6ms
[2025-10-31T07:45:46.560+0000][gc,phases     ] GC(964)   Post Evacuate Collection Set: 5.6ms
[2025-10-31T07:45:46.561+0000][gc,phases     ] GC(964)   Other: 3.0ms
[2025-10-31T07:45:46.562+0000][gc,heap       ] GC(964) Eden regions: 30->0(31)
[2025-10-31T07:45:46.563+0000][gc,heap       ] GC(964) Survivor regions: 5->4(5)
[2025-10-31T07:45:46.563+0000][gc,heap       ] GC(964) Old regions: 227->231
[2025-10-31T07:45:46.564+0000][gc,heap       ] GC(964) Humongous regions: 156->156
[2025-10-31T07:45:46.565+0000][gc,metaspace  ] GC(964) Metaspace: 53834K(57008K)->53834K(57008K) NonClass: 47881K(49584K)->47881K(49584K) Class: 5953K(7424K)->5953K(7424K)
[2025-10-31T07:45:46.565+0000][gc            ] GC(964) Pause Young (Normal) (G1 Evacuation Pause) 417M->389M(704M) 86.650ms
[2025-10-31T07:45:46.566+0000][gc,cpu        ] GC(964) User=0.16s Sys=0.00s Real=0.09s
[2025-10-31T07:46:53.273+0000][gc,start      ] GC(965) Pause Young (Normal) (G1 Evacuation Pause)
[2025-10-31T07:46:53.274+0000][gc,task       ] GC(965) Using 2 workers of 2 for evacuation
[2025-10-31T07:46:53.335+0000][gc,mmu        ] GC(965) MMU target violated: 21.0ms (20.0ms/21.0ms)
[2025-10-31T07:46:53.336+0000][gc,phases     ] GC(965)   Pre Evacuate Collection Set: 0.1ms
[2025-10-31T07:46:53.337+0000][gc,phases     ] GC(965)   Evacuate Collection Set: 56.6ms
[2025-10-31T07:46:53.338+0000][gc,phases     ] GC(965)   Post Evacuate Collection Set: 2.2ms
[2025-10-31T07:46:53.338+0000][gc,phases     ] GC(965)   Other: 3.6ms
[2025-10-31T07:46:53.339+0000][gc,heap       ] GC(965) Eden regions: 31->0(31)
[2025-10-31T07:46:53.340+0000][gc,heap       ] GC(965) Survivor regions: 4->4(5)
[2025-10-31T07:46:53.340+0000][gc,heap       ] GC(965) Old regions: 231->233
[2025-10-31T07:46:53.341+0000][gc,heap       ] GC(965) Humongous regions: 156->156
[2025-10-31T07:46:53.342+0000][gc,metaspace  ] GC(965) Metaspace: 53834K(57008K)->53834K(57008K) NonClass: 47881K(49584K)->47881K(49584K) Class: 5953K(7424K)->5953K(7424K)
[2025-10-31T07:46:53.343+0000][gc            ] GC(965) Pause Young (Normal) (G1 Evacuation Pause) 420M->391M(704M) 70.066ms
[2025-10-31T07:46:53.344+0000][gc,cpu        ] GC(965) User=0.12s Sys=0.00s Real=0.07s
[2025-10-31T07:47:57.657+0000][gc,start      ] GC(966) Pause Young (Normal) (G1 Evacuation Pause)
[2025-10-31T07:47:57.659+0000][gc,task       ] GC(966) Using 2 workers of 2 for evacuation
[2025-10-31T07:47:57.751+0000][gc,mmu        ] GC(966) MMU target violated: 21.0ms (20.0ms/21.0ms)
[2025-10-31T07:47:57.753+0000][gc,phases     ] GC(966)   Pre Evacuate Collection Set: 0.1ms
[2025-10-31T07:47:57.754+0000][gc,phases     ] GC(966)   Evacuate Collection Set: 83.5ms
[2025-10-31T07:47:57.757+0000][gc,phases     ] GC(966)   Post Evacuate Collection Set: 6.2ms
[2025-10-31T07:47:57.759+0000][gc,phases     ] GC(966)   Other: 6.1ms
[2025-10-31T07:47:57.760+0000][gc,heap       ] GC(966) Eden regions: 31->0(31)
[2025-10-31T07:47:57.761+0000][gc,heap       ] GC(966) Survivor regions: 4->4(5)
[2025-10-31T07:47:57.764+0000][gc,heap       ] GC(966) Old regions: 233->235
[2025-10-31T07:47:57.766+0000][gc,heap       ] GC(966) Humongous regions: 156->156
[2025-10-31T07:47:57.767+0000][gc,metaspace  ] GC(966) Metaspace: 53834K(57008K)->53834K(57008K) NonClass: 47881K(49584K)->47881K(49584K) Class: 5953K(7424K)->5953K(7424K)
[2025-10-31T07:47:57.768+0000][gc            ] GC(966) Pause Young (Normal) (G1 Evacuation Pause) 422M->394M(704M) 110.964ms
[2025-10-31T07:47:57.769+0000][gc,cpu        ] GC(966) User=0.17s Sys=0.00s Real=0.11s
[2025-10-31T07:49:05.882+0000][gc,start      ] GC(967) Pause Young (Normal) (G1 Evacuation Pause)
[2025-10-31T07:49:05.883+0000][gc,task       ] GC(967) Using 2 workers of 2 for evacuation
[2025-10-31T07:49:05.943+0000][gc,mmu        ] GC(967) MMU target violated: 21.0ms (20.0ms/21.0ms)
[2025-10-31T07:49:05.944+0000][gc,phases     ] GC(967)   Pre Evacuate Collection Set: 0.1ms
[2025-10-31T07:49:05.945+0000][gc,phases     ] GC(967)   Evacuate Collection Set: 53.1ms
[2025-10-31T07:49:05.946+0000][gc,phases     ] GC(967)   Post Evacuate Collection Set: 4.5ms
[2025-10-31T07:49:05.947+0000][gc,phases     ] GC(967)   Other: 4.2ms
[2025-10-31T07:49:05.947+0000][gc,heap       ] GC(967) Eden regions: 31->0(32)
[2025-10-31T07:49:05.948+0000][gc,heap       ] GC(967) Survivor regions: 4->3(5)
[2025-10-31T07:49:05.949+0000][gc,heap       ] GC(967) Old regions: 235->237
[2025-10-31T07:49:05.951+0000][gc,heap       ] GC(967) Humongous regions: 156->156
[2025-10-31T07:49:05.951+0000][gc,metaspace  ] GC(967) Metaspace: 53834K(57008K)->53834K(57008K) NonClass: 47881K(49584K)->47881K(49584K) Class: 5953K(7424K)->5953K(7424K)
[2025-10-31T07:49:05.952+0000][gc            ] GC(967) Pause Young (Normal) (G1 Evacuation Pause) 425M->394M(704M) 69.900ms
[2025-10-31T07:49:05.953+0000][gc,cpu        ] GC(967) User=0.12s Sys=0.00s Real=0.07s
[2025-10-31T07:50:15.732+0000][gc,start      ] GC(968) Pause Young (Normal) (G1 Evacuation Pause)
[2025-10-31T07:50:15.734+0000][gc,task       ] GC(968) Using 2 workers of 2 for evacuation
[2025-10-31T07:50:15.853+0000][gc,mmu        ] GC(968) MMU target violated: 21.0ms (20.0ms/21.0ms)
[2025-10-31T07:50:15.856+0000][gc,phases     ] GC(968)   Pre Evacuate Collection Set: 0.1ms
[2025-10-31T07:50:15.857+0000][gc,phases     ] GC(968)   Evacuate Collection Set: 107.8ms
[2025-10-31T07:50:15.859+0000][gc,phases     ] GC(968)   Post Evacuate Collection Set: 8.3ms
[2025-10-31T07:50:15.860+0000][gc,phases     ] GC(968)   Other: 7.3ms
[2025-10-31T07:50:15.861+0000][gc,heap       ] GC(968) Eden regions: 32->0(30)
[2025-10-31T07:50:15.863+0000][gc,heap       ] GC(968) Survivor regions: 3->5(5)
[2025-10-31T07:50:15.865+0000][gc,heap       ] GC(968) Old regions: 237->237
[2025-10-31T07:50:15.866+0000][gc,heap       ] GC(968) Humongous regions: 156->156
[2025-10-31T07:50:15.868+0000][gc,metaspace  ] GC(968) Metaspace: 53834K(57008K)->53834K(57008K) NonClass: 47881K(49584K)->47881K(49584K) Class: 5953K(7424K)->5953K(7424K)
[2025-10-31T07:50:15.872+0000][gc            ] GC(968) Pause Young (Normal) (G1 Evacuation Pause) 426M->396M(704M) 139.687ms
[2025-10-31T07:50:15.873+0000][gc,cpu        ] GC(968) User=0.22s Sys=0.00s Real=0.14s
[2025-10-31T07:51:22.052+0000][gc,start      ] GC(969) Pause Young (Normal) (G1 Evacuation Pause)
[2025-10-31T07:51:22.055+0000][gc,task       ] GC(969) Using 2 workers of 2 for evacuation
[2025-10-31T07:51:22.192+0000][gc,mmu        ] GC(969) MMU target violated: 21.0ms (20.0ms/21.0ms)
[2025-10-31T07:51:22.193+0000][gc,phases     ] GC(969)   Pre Evacuate Collection Set: 0.3ms
[2025-10-31T07:51:22.195+0000][gc,phases     ] GC(969)   Evacuate Collection Set: 129.0ms
[2025-10-31T07:51:22.196+0000][gc,phases     ] GC(969)   Post Evacuate Collection Set: 4.1ms
[2025-10-31T07:51:22.200+0000][gc,phases     ] GC(969)   Other: 7.7ms
[2025-10-31T07:51:22.201+0000][gc,heap       ] GC(969) Eden regions: 30->0(32)
[2025-10-31T07:51:22.204+0000][gc,heap       ] GC(969) Survivor regions: 5->3(5)
[2025-10-31T07:51:22.205+0000][gc,heap       ] GC(969) Old regions: 237->240
[2025-10-31T07:51:22.206+0000][gc,heap       ] GC(969) Humongous regions: 156->156
[2025-10-31T07:51:22.208+0000][gc,metaspace  ] GC(969) Metaspace: 53834K(57008K)->53834K(57008K) NonClass: 47881K(49584K)->47881K(49584K) Class: 5953K(7424K)->5953K(7424K)
[2025-10-31T07:51:22.209+0000][gc            ] GC(969) Pause Young (Normal) (G1 Evacuation Pause) 426M->398M(704M) 156.886ms
[2025-10-31T07:51:22.211+0000][gc,cpu        ] GC(969) User=0.27s Sys=0.00s Real=0.16s
[2025-10-31T07:52:29.132+0000][gc,start      ] GC(970) Pause Young (Normal) (G1 Evacuation Pause)
[2025-10-31T07:52:29.136+0000][gc,task       ] GC(970) Using 2 workers of 2 for evacuation
[2025-10-31T07:52:29.223+0000][gc,mmu        ] GC(970) MMU target violated: 21.0ms (20.0ms/21.0ms)
[2025-10-31T07:52:29.226+0000][gc,phases     ] GC(970)   Pre Evacuate Collection Set: 0.4ms
[2025-10-31T07:52:29.228+0000][gc,phases     ] GC(970)   Evacuate Collection Set: 78.2ms
[2025-10-31T07:52:29.229+0000][gc,phases     ] GC(970)   Post Evacuate Collection Set: 5.0ms
[2025-10-31T07:52:29.230+0000][gc,phases     ] GC(970)   Other: 9.6ms
[2025-10-31T07:52:29.231+0000][gc,heap       ] GC(970) Eden regions: 32->0(31)
[2025-10-31T07:52:29.233+0000][gc,heap       ] GC(970) Survivor regions: 3->4(5)
[2025-10-31T07:52:29.234+0000][gc,heap       ] GC(970) Old regions: 240->242
[2025-10-31T07:52:29.235+0000][gc,heap       ] GC(970) Humongous regions: 156->156
[2025-10-31T07:52:29.236+0000][gc,metaspace  ] GC(970) Metaspace: 53834K(57008K)->53834K(57008K) NonClass: 47881K(49584K)->47881K(49584K) Class: 5953K(7424K)->5953K(7424K)
[2025-10-31T07:52:29.237+0000][gc            ] GC(970) Pause Young (Normal) (G1 Evacuation Pause) 430M->401M(704M) 104.503ms
[2025-10-31T07:52:29.238+0000][gc,cpu        ] GC(970) User=0.17s Sys=0.00s Real=0.10s
[2025-10-31T07:53:37.020+0000][gc,start      ] GC(971) Pause Young (Normal) (G1 Evacuation Pause)
[2025-10-31T07:53:37.022+0000][gc,task       ] GC(971) Using 2 workers of 2 for evacuation
[2025-10-31T07:53:37.073+0000][gc,mmu        ] GC(971) MMU target violated: 21.0ms (20.0ms/21.0ms)
[2025-10-31T07:53:37.074+0000][gc,phases     ] GC(971)   Pre Evacuate Collection Set: 0.0ms
[2025-10-31T07:53:37.075+0000][gc,phases     ] GC(971)   Evacuate Collection Set: 48.2ms
[2025-10-31T07:53:37.075+0000][gc,phases     ] GC(971)   Post Evacuate Collection Set: 1.8ms
[2025-10-31T07:53:37.076+0000][gc,phases     ] GC(971)   Other: 3.7ms
[2025-10-31T07:53:37.076+0000][gc,heap       ] GC(971) Eden regions: 31->0(31)
[2025-10-31T07:53:37.077+0000][gc,heap       ] GC(971) Survivor regions: 4->4(5)
[2025-10-31T07:53:37.078+0000][gc,heap       ] GC(971) Old regions: 242->244
[2025-10-31T07:53:37.078+0000][gc,heap       ] GC(971) Humongous regions: 156->156
[2025-10-31T07:53:37.079+0000][gc,metaspace  ] GC(971) Metaspace: 53834K(57008K)->53834K(57008K) NonClass: 47881K(49584K)->47881K(49584K) Class: 5953K(7424K)->5953K(7424K)
[2025-10-31T07:53:37.080+0000][gc            ] GC(971) Pause Young (Normal) (G1 Evacuation Pause) 432M->403M(704M) 59.785ms
[2025-10-31T07:53:37.080+0000][gc,cpu        ] GC(971) User=0.10s Sys=0.00s Real=0.06s
[2025-10-31T07:54:45.193+0000][gc,start      ] GC(972) Pause Young (Normal) (G1 Evacuation Pause)
[2025-10-31T07:54:45.195+0000][gc,task       ] GC(972) Using 2 workers of 2 for evacuation
[2025-10-31T07:54:45.234+0000][gc,mmu        ] GC(972) MMU target violated: 21.0ms (20.0ms/21.0ms)
[2025-10-31T07:54:45.235+0000][gc,phases     ] GC(972)   Pre Evacuate Collection Set: 0.1ms
[2025-10-31T07:54:45.235+0000][gc,phases     ] GC(972)   Evacuate Collection Set: 35.5ms
[2025-10-31T07:54:45.236+0000][gc,phases     ] GC(972)   Post Evacuate Collection Set: 2.3ms
[2025-10-31T07:54:45.237+0000][gc,phases     ] GC(972)   Other: 3.9ms
[2025-10-31T07:54:45.238+0000][gc,heap       ] GC(972) Eden regions: 31->0(32)
[2025-10-31T07:54:45.239+0000][gc,heap       ] GC(972) Survivor regions: 4->3(5)
[2025-10-31T07:54:45.240+0000][gc,heap       ] GC(972) Old regions: 244->246
[2025-10-31T07:54:45.240+0000][gc,heap       ] GC(972) Humongous regions: 156->156
[2025-10-31T07:54:45.241+0000][gc,metaspace  ] GC(972) Metaspace: 53834K(57008K)->53834K(57008K) NonClass: 47881K(49584K)->47881K(49584K) Class: 5953K(7424K)->5953K(7424K)
[2025-10-31T07:54:45.242+0000][gc            ] GC(972) Pause Young (Normal) (G1 Evacuation Pause) 434M->404M(704M) 48.548ms
[2025-10-31T07:54:45.242+0000][gc,cpu        ] GC(972) User=0.07s Sys=0.00s Real=0.05s
[2025-10-31T07:55:55.135+0000][gc,start      ] GC(973) Pause Young (Normal) (G1 Evacuation Pause)
[2025-10-31T07:55:55.138+0000][gc,task       ] GC(973) Using 2 workers of 2 for evacuation
[2025-10-31T07:55:55.231+0000][gc,mmu        ] GC(973) MMU target violated: 21.0ms (20.0ms/21.0ms)
[2025-10-31T07:55:55.232+0000][gc,phases     ] GC(973)   Pre Evacuate Collection Set: 0.1ms
[2025-10-31T07:55:55.234+0000][gc,phases     ] GC(973)   Evacuate Collection Set: 79.6ms
[2025-10-31T07:55:55.235+0000][gc,phases     ] GC(973)   Post Evacuate Collection Set: 5.9ms
[2025-10-31T07:55:55.250+0000][gc,phases     ] GC(973)   Other: 11.4ms
[2025-10-31T07:55:55.251+0000][gc,heap       ] GC(973) Eden regions: 32->0(30)
[2025-10-31T07:55:55.252+0000][gc,heap       ] GC(973) Survivor regions: 3->5(5)
[2025-10-31T07:55:55.253+0000][gc,heap       ] GC(973) Old regions: 246->246
[2025-10-31T07:55:55.254+0000][gc,heap       ] GC(973) Humongous regions: 156->156
[2025-10-31T07:55:55.255+0000][gc,metaspace  ] GC(973) Metaspace: 53834K(57008K)->53834K(57008K) NonClass: 47881K(49584K)->47881K(49584K) Class: 5953K(7424K)->5953K(7424K)
[2025-10-31T07:55:55.256+0000][gc            ] GC(973) Pause Young (Normal) (G1 Evacuation Pause) 436M->406M(704M) 120.907ms
[2025-10-31T07:55:55.261+0000][gc,cpu        ] GC(973) User=0.16s Sys=0.00s Real=0.13s
[2025-10-31T07:57:00.348+0000][gc,start      ] GC(974) Pause Young (Normal) (G1 Evacuation Pause)
[2025-10-31T07:57:00.349+0000][gc,task       ] GC(974) Using 2 workers of 2 for evacuation
[2025-10-31T07:57:00.395+0000][gc,mmu        ] GC(974) MMU target violated: 21.0ms (20.0ms/21.0ms)
[2025-10-31T07:57:00.395+0000][gc,phases     ] GC(974)   Pre Evacuate Collection Set: 0.0ms
[2025-10-31T07:57:00.396+0000][gc,phases     ] GC(974)   Evacuate Collection Set: 42.7ms
[2025-10-31T07:57:00.397+0000][gc,phases     ] GC(974)   Post Evacuate Collection Set: 2.2ms
[2025-10-31T07:57:00.398+0000][gc,phases     ] GC(974)   Other: 2.8ms
[2025-10-31T07:57:00.398+0000][gc,heap       ] GC(974) Eden regions: 30->0(32)
[2025-10-31T07:57:00.399+0000][gc,heap       ] GC(974) Survivor regions: 5->3(5)
[2025-10-31T07:57:00.400+0000][gc,heap       ] GC(974) Old regions: 246->250
[2025-10-31T07:57:00.401+0000][gc,heap       ] GC(974) Humongous regions: 156->156
[2025-10-31T07:57:00.401+0000][gc,metaspace  ] GC(974) Metaspace: 53834K(57008K)->53834K(57008K) NonClass: 47881K(49584K)->47881K(49584K) Class: 5953K(7424K)->5953K(7424K)
[2025-10-31T07:57:00.402+0000][gc            ] GC(974) Pause Young (Normal) (G1 Evacuation Pause) 436M->408M(704M) 54.129ms
[2025-10-31T07:57:00.403+0000][gc,cpu        ] GC(974) User=0.09s Sys=0.00s Real=0.05s
[2025-10-31T07:58:08.070+0000][gc,start      ] GC(975) Pause Young (Normal) (G1 Evacuation Pause)
[2025-10-31T07:58:08.071+0000][gc,task       ] GC(975) Using 2 workers of 2 for evacuation
[2025-10-31T07:58:08.127+0000][gc,mmu        ] GC(975) MMU target violated: 21.0ms (20.0ms/21.0ms)
[2025-10-31T07:58:08.128+0000][gc,phases     ] GC(975)   Pre Evacuate Collection Set: 0.1ms
[2025-10-31T07:58:08.129+0000][gc,phases     ] GC(975)   Evacuate Collection Set: 52.0ms
[2025-10-31T07:58:08.130+0000][gc,phases     ] GC(975)   Post Evacuate Collection Set: 2.8ms
[2025-10-31T07:58:08.131+0000][gc,phases     ] GC(975)   Other: 3.3ms
[2025-10-31T07:58:08.132+0000][gc,heap       ] GC(975) Eden regions: 32->0(31)
[2025-10-31T07:58:08.132+0000][gc,heap       ] GC(975) Survivor regions: 3->4(5)
[2025-10-31T07:58:08.134+0000][gc,heap       ] GC(975) Old regions: 250->252
[2025-10-31T07:58:08.135+0000][gc,heap       ] GC(975) Humongous regions: 156->156
[2025-10-31T07:58:08.136+0000][gc,metaspace  ] GC(975) Metaspace: 53834K(57008K)->53834K(57008K) NonClass: 47881K(49584K)->47881K(49584K) Class: 5953K(7424K)->5953K(7424K)
[2025-10-31T07:58:08.136+0000][gc            ] GC(975) Pause Young (Normal) (G1 Evacuation Pause) 440M->411M(704M) 66.565ms
[2025-10-31T07:58:08.137+0000][gc,cpu        ] GC(975) User=0.12s Sys=0.00s Real=0.07s
[2025-10-31T07:59:15.556+0000][gc,start      ] GC(976) Pause Young (Normal) (G1 Evacuation Pause)
[2025-10-31T07:59:15.559+0000][gc,task       ] GC(976) Using 2 workers of 2 for evacuation
[2025-10-31T07:59:15.694+0000][gc,mmu        ] GC(976) MMU target violated: 21.0ms (20.0ms/21.0ms)
[2025-10-31T07:59:15.696+0000][gc,phases     ] GC(976)   Pre Evacuate Collection Set: 0.3ms
[2025-10-31T07:59:15.698+0000][gc,phases     ] GC(976)   Evacuate Collection Set: 120.5ms
[2025-10-31T07:59:15.699+0000][gc,phases     ] GC(976)   Post Evacuate Collection Set: 5.7ms
[2025-10-31T07:59:15.703+0000][gc,phases     ] GC(976)   Other: 12.9ms
[2025-10-31T07:59:15.705+0000][gc,heap       ] GC(976) Eden regions: 31->0(31)
[2025-10-31T07:59:15.706+0000][gc,heap       ] GC(976) Survivor regions: 4->4(5)
[2025-10-31T07:59:15.714+0000][gc,heap       ] GC(976) Old regions: 252->254
[2025-10-31T07:59:15.716+0000][gc,heap       ] GC(976) Humongous regions: 156->156
[2025-10-31T07:59:15.720+0000][gc,metaspace  ] GC(976) Metaspace: 53834K(57008K)->53834K(57008K) NonClass: 47881K(49584K)->47881K(49584K) Class: 5953K(7424K)->5953K(7424K)
[2025-10-31T07:59:15.722+0000][gc            ] GC(976) Pause Young (Normal) (G1 Evacuation Pause) 442M->413M(704M) 165.542ms
[2025-10-31T07:59:15.728+0000][gc,cpu        ] GC(976) User=0.26s Sys=0.00s Real=0.17s
[2025-10-31T08:00:23.770+0000][gc,start      ] GC(977) Pause Young (Normal) (G1 Evacuation Pause)
[2025-10-31T08:00:23.774+0000][gc,task       ] GC(977) Using 2 workers of 2 for evacuation
[2025-10-31T08:00:23.815+0000][gc,mmu        ] GC(977) MMU target violated: 21.0ms (20.0ms/21.0ms)
[2025-10-31T08:00:23.816+0000][gc,phases     ] GC(977)   Pre Evacuate Collection Set: 0.0ms
[2025-10-31T08:00:23.817+0000][gc,phases     ] GC(977)   Evacuate Collection Set: 36.4ms
[2025-10-31T08:00:23.818+0000][gc,phases     ] GC(977)   Post Evacuate Collection Set: 2.9ms
[2025-10-31T08:00:23.818+0000][gc,phases     ] GC(977)   Other: 7.0ms
[2025-10-31T08:00:23.819+0000][gc,heap       ] GC(977) Eden regions: 31->0(32)
[2025-10-31T08:00:23.820+0000][gc,heap       ] GC(977) Survivor regions: 4->3(5)
[2025-10-31T08:00:23.821+0000][gc,heap       ] GC(977) Old regions: 254->256
[2025-10-31T08:00:23.822+0000][gc,heap       ] GC(977) Humongous regions: 156->156
[2025-10-31T08:00:23.823+0000][gc,metaspace  ] GC(977) Metaspace: 53834K(57008K)->53834K(57008K) NonClass: 47881K(49584K)->47881K(49584K) Class: 5953K(7424K)->5953K(7424K)
[2025-10-31T08:00:23.824+0000][gc            ] GC(977) Pause Young (Normal) (G1 Evacuation Pause) 444M->414M(704M) 53.736ms
[2025-10-31T08:00:23.824+0000][gc,cpu        ] GC(977) User=0.08s Sys=0.00s Real=0.06s
[2025-10-31T08:15:52.442+0000][gc,start      ] GC(978) Pause Young (Normal) (G1 Evacuation Pause)
[2025-10-31T08:15:52.443+0000][gc,task       ] GC(978) Using 2 workers of 2 for evacuation
[2025-10-31T08:15:52.495+0000][gc,mmu        ] GC(978) MMU target violated: 21.0ms (20.0ms/21.0ms)
[2025-10-31T08:15:52.502+0000][gc,phases     ] GC(978)   Pre Evacuate Collection Set: 0.0ms
[2025-10-31T08:15:52.502+0000][gc,phases     ] GC(978)   Evacuate Collection Set: 48.2ms
[2025-10-31T08:15:52.502+0000][gc,phases     ] GC(978)   Post Evacuate Collection Set: 2.5ms
[2025-10-31T08:15:52.503+0000][gc,phases     ] GC(978)   Other: 9.1ms
[2025-10-31T08:15:52.511+0000][gc,heap       ] GC(978) Eden regions: 32->0(30)
[2025-10-31T08:15:52.512+0000][gc,heap       ] GC(978) Survivor regions: 3->5(5)
[2025-10-31T08:15:52.512+0000][gc,heap       ] GC(978) Old regions: 256->259
[2025-10-31T08:15:52.514+0000][gc,heap       ] GC(978) Humongous regions: 156->156
[2025-10-31T08:15:52.514+0000][gc,metaspace  ] GC(978) Metaspace: 53857K(57008K)->53857K(57008K) NonClass: 47902K(49584K)->47902K(49584K) Class: 5955K(7424K)->5955K(7424K)
[2025-10-31T08:15:52.514+0000][gc            ] GC(978) Pause Young (Normal) (G1 Evacuation Pause) 446M->420M(704M) 72.306ms
[2025-10-31T08:15:52.515+0000][gc,cpu        ] GC(978) User=0.10s Sys=0.00s Real=0.08s
[2025-10-31T08:15:53.214+0000][gc,start      ] GC(979) Pause Young (Normal) (G1 Evacuation Pause)
[2025-10-31T08:15:53.215+0000][gc,task       ] GC(979) Using 2 workers of 2 for evacuation
[2025-10-31T08:15:53.231+0000][gc,phases     ] GC(979)   Pre Evacuate Collection Set: 0.1ms
[2025-10-31T08:15:53.231+0000][gc,phases     ] GC(979)   Evacuate Collection Set: 14.2ms
[2025-10-31T08:15:53.232+0000][gc,phases     ] GC(979)   Post Evacuate Collection Set: 1.3ms
[2025-10-31T08:15:53.232+0000][gc,phases     ] GC(979)   Other: 1.1ms
[2025-10-31T08:15:53.232+0000][gc,heap       ] GC(979) Eden regions: 30->0(33)
[2025-10-31T08:15:53.232+0000][gc,heap       ] GC(979) Survivor regions: 5->2(5)
[2025-10-31T08:15:53.232+0000][gc,heap       ] GC(979) Old regions: 259->264
[2025-10-31T08:15:53.233+0000][gc,heap       ] GC(979) Humongous regions: 300->162
[2025-10-31T08:15:53.233+0000][gc,metaspace  ] GC(979) Metaspace: 53878K(57008K)->53878K(57008K) NonClass: 47923K(49584K)->47923K(49584K) Class: 5955K(7424K)->5955K(7424K)
[2025-10-31T08:15:53.233+0000][gc            ] GC(979) Pause Young (Normal) (G1 Evacuation Pause) 594M->427M(704M) 18.662ms
[2025-10-31T08:15:53.233+0000][gc,cpu        ] GC(979) User=0.03s Sys=0.00s Real=0.01s
[2025-10-31T08:15:53.248+0000][gc,start      ] GC(980) Pause Young (Concurrent Start) (G1 Humongous Allocation)
[2025-10-31T08:15:53.248+0000][gc,task       ] GC(980) Using 2 workers of 2 for evacuation
[2025-10-31T08:15:53.255+0000][gc,phases     ] GC(980)   Pre Evacuate Collection Set: 0.3ms
[2025-10-31T08:15:53.255+0000][gc,phases     ] GC(980)   Evacuate Collection Set: 4.6ms
[2025-10-31T08:15:53.255+0000][gc,phases     ] GC(980)   Post Evacuate Collection Set: 0.9ms
[2025-10-31T08:15:53.255+0000][gc,phases     ] GC(980)   Other: 1.0ms
[2025-10-31T08:15:53.256+0000][gc,heap       ] GC(980) Eden regions: 2->0(33)
[2025-10-31T08:15:53.256+0000][gc,heap       ] GC(980) Survivor regions: 2->2(5)
[2025-10-31T08:15:53.256+0000][gc,heap       ] GC(980) Old regions: 264->264
[2025-10-31T08:15:53.256+0000][gc,heap       ] GC(980) Humongous regions: 216->156
[2025-10-31T08:15:53.256+0000][gc,metaspace  ] GC(980) Metaspace: 53882K(57008K)->53882K(57008K) NonClass: 47927K(49584K)->47927K(49584K) Class: 5955K(7424K)->5955K(7424K)
[2025-10-31T08:15:53.257+0000][gc            ] GC(980) Pause Young (Concurrent Start) (G1 Humongous Allocation) 482M->420M(704M) 8.909ms
[2025-10-31T08:15:53.257+0000][gc,cpu        ] GC(980) User=0.01s Sys=0.00s Real=0.01s
[2025-10-31T08:15:53.257+0000][gc            ] GC(981) Concurrent Cycle
[2025-10-31T08:15:53.257+0000][gc,marking    ] GC(981) Concurrent Clear Claimed Marks
[2025-10-31T08:15:53.258+0000][gc,marking    ] GC(981) Concurrent Clear Claimed Marks 0.641ms
[2025-10-31T08:15:53.259+0000][gc,marking    ] GC(981) Concurrent Scan Root Regions
[2025-10-31T08:15:53.261+0000][gc,marking    ] GC(981) Concurrent Scan Root Regions 2.624ms
[2025-10-31T08:15:53.262+0000][gc,marking    ] GC(981) Concurrent Mark (51996.424s)
[2025-10-31T08:15:53.262+0000][gc,marking    ] GC(981) Concurrent Mark From Roots
[2025-10-31T08:15:53.263+0000][gc,task       ] GC(981) Using 1 workers of 1 for marking
[2025-10-31T08:15:53.334+0000][gc,marking    ] GC(981) Concurrent Mark From Roots 72.308ms
[2025-10-31T08:15:53.335+0000][gc,marking    ] GC(981) Concurrent Preclean
[2025-10-31T08:15:53.335+0000][gc,marking    ] GC(981) Concurrent Preclean 0.490ms
[2025-10-31T08:15:53.336+0000][gc,marking    ] GC(981) Concurrent Mark (51996.424s, 51996.498s) 73.928ms
[2025-10-31T08:15:53.336+0000][gc,start      ] GC(981) Pause Remark
[2025-10-31T08:15:53.353+0000][gc,stringtable] GC(981) Cleaned string and symbol table, strings: 17269 processed, 35 removed, symbols: 123941 processed, 0 removed
[2025-10-31T08:15:53.354+0000][gc            ] GC(981) Pause Remark 532M->387M(704M) 17.962ms
[2025-10-31T08:15:53.354+0000][gc,cpu        ] GC(981) User=0.03s Sys=0.00s Real=0.02s
[2025-10-31T08:15:53.355+0000][gc,marking    ] GC(981) Concurrent Rebuild Remembered Sets
[2025-10-31T08:15:53.389+0000][gc,marking    ] GC(981) Concurrent Rebuild Remembered Sets 34.486ms
[2025-10-31T08:15:53.390+0000][gc,start      ] GC(981) Pause Cleanup
[2025-10-31T08:15:53.391+0000][gc            ] GC(981) Pause Cleanup 387M->387M(704M) 0.997ms
[2025-10-31T08:15:53.392+0000][gc,cpu        ] GC(981) User=0.00s Sys=0.00s Real=0.00s
[2025-10-31T08:15:53.392+0000][gc,marking    ] GC(981) Concurrent Cleanup for Next Mark
[2025-10-31T08:15:53.397+0000][gc,marking    ] GC(981) Concurrent Cleanup for Next Mark 5.150ms
[2025-10-31T08:15:53.398+0000][gc            ] GC(981) Concurrent Cycle 140.443ms
[2025-10-31T08:16:33.310+0000][gc,start      ] GC(982) Pause Young (Prepare Mixed) (G1 Evacuation Pause)
[2025-10-31T08:16:33.313+0000][gc,task       ] GC(982) Using 2 workers of 2 for evacuation
[2025-10-31T08:16:33.368+0000][gc,mmu        ] GC(982) MMU target violated: 21.0ms (20.0ms/21.0ms)
[2025-10-31T08:16:33.369+0000][gc,phases     ] GC(982)   Pre Evacuate Collection Set: 0.1ms
[2025-10-31T08:16:33.370+0000][gc,phases     ] GC(982)   Evacuate Collection Set: 47.7ms
[2025-10-31T08:16:33.371+0000][gc,phases     ] GC(982)   Post Evacuate Collection Set: 3.1ms
[2025-10-31T08:16:33.372+0000][gc,phases     ] GC(982)   Other: 7.6ms
[2025-10-31T08:16:33.373+0000][gc,heap       ] GC(982) Eden regions: 33->0(31)
[2025-10-31T08:16:33.374+0000][gc,heap       ] GC(982) Survivor regions: 2->4(5)
[2025-10-31T08:16:33.375+0000][gc,heap       ] GC(982) Old regions: 119->119
[2025-10-31T08:16:33.376+0000][gc,heap       ] GC(982) Humongous regions: 258->156
[2025-10-31T08:16:33.376+0000][gc,metaspace  ] GC(982) Metaspace: 53882K(57008K)->53882K(57008K) NonClass: 47927K(49584K)->47927K(49584K) Class: 5955K(7424K)->5955K(7424K)
[2025-10-31T08:16:33.377+0000][gc            ] GC(982) Pause Young (Prepare Mixed) (G1 Evacuation Pause) 410M->278M(704M) 67.089ms
[2025-10-31T08:16:33.378+0000][gc,cpu        ] GC(982) User=0.11s Sys=0.00s Real=0.07s
[2025-10-31T08:17:42.015+0000][gc,start      ] GC(983) Pause Young (Mixed) (G1 Evacuation Pause)
[2025-10-31T08:17:42.021+0000][gc,task       ] GC(983) Using 2 workers of 2 for evacuation
[2025-10-31T08:17:42.136+0000][gc,mmu        ] GC(983) MMU target violated: 21.0ms (20.0ms/21.0ms)
[2025-10-31T08:17:42.138+0000][gc,phases     ] GC(983)   Pre Evacuate Collection Set: 0.3ms
[2025-10-31T08:17:42.140+0000][gc,phases     ] GC(983)   Evacuate Collection Set: 106.6ms
[2025-10-31T08:17:42.141+0000][gc,phases     ] GC(983)   Post Evacuate Collection Set: 5.4ms
[2025-10-31T08:17:42.144+0000][gc,phases     ] GC(983)   Other: 10.4ms
[2025-10-31T08:17:42.147+0000][gc,heap       ] GC(983) Eden regions: 31->0(31)
[2025-10-31T08:17:42.149+0000][gc,heap       ] GC(983) Survivor regions: 4->4(5)
[2025-10-31T08:17:42.155+0000][gc,heap       ] GC(983) Old regions: 119->108
[2025-10-31T08:17:42.162+0000][gc,heap       ] GC(983) Humongous regions: 156->156
[2025-10-31T08:17:42.164+0000][gc,metaspace  ] GC(983) Metaspace: 53882K(57008K)->53882K(57008K) NonClass: 47927K(49584K)->47927K(49584K) Class: 5955K(7424K)->5955K(7424K)
[2025-10-31T08:17:42.165+0000][gc            ] GC(983) Pause Young (Mixed) (G1 Evacuation Pause) 309M->267M(704M) 150.083ms
[2025-10-31T08:17:42.168+0000][gc,cpu        ] GC(983) User=0.24s Sys=0.00s Real=0.16s
[2025-10-31T08:18:50.526+0000][gc,start      ] GC(984) Pause Young (Mixed) (G1 Evacuation Pause)
[2025-10-31T08:18:50.527+0000][gc,task       ] GC(984) Using 2 workers of 2 for evacuation
[2025-10-31T08:18:50.602+0000][gc,mmu        ] GC(984) MMU target violated: 21.0ms (20.0ms/21.0ms)
[2025-10-31T08:18:50.606+0000][gc,phases     ] GC(984)   Pre Evacuate Collection Set: 0.1ms
[2025-10-31T08:18:50.611+0000][gc,phases     ] GC(984)   Evacuate Collection Set: 66.0ms
[2025-10-31T08:18:50.612+0000][gc,phases     ] GC(984)   Post Evacuate Collection Set: 6.0ms
[2025-10-31T08:18:50.614+0000][gc,phases     ] GC(984)   Other: 8.2ms
[2025-10-31T08:18:50.615+0000][gc,heap       ] GC(984) Eden regions: 31->0(31)
[2025-10-31T08:18:50.617+0000][gc,heap       ] GC(984) Survivor regions: 4->4(5)
[2025-10-31T08:18:50.618+0000][gc,heap       ] GC(984) Old regions: 108->96
[2025-10-31T08:18:50.620+0000][gc,heap       ] GC(984) Humongous regions: 156->156
[2025-10-31T08:18:50.621+0000][gc,metaspace  ] GC(984) Metaspace: 53882K(57008K)->53882K(57008K) NonClass: 47927K(49584K)->47927K(49584K) Class: 5955K(7424K)->5955K(7424K)
[2025-10-31T08:18:50.622+0000][gc            ] GC(984) Pause Young (Mixed) (G1 Evacuation Pause) 298M->255M(704M) 96.403ms
[2025-10-31T08:18:50.623+0000][gc,cpu        ] GC(984) User=0.15s Sys=0.00s Real=0.10s
[2025-10-31T08:19:58.092+0000][gc,start      ] GC(985) Pause Young (Mixed) (G1 Evacuation Pause)
[2025-10-31T08:19:58.094+0000][gc,task       ] GC(985) Using 2 workers of 2 for evacuation
[2025-10-31T08:19:58.177+0000][gc,mmu        ] GC(985) MMU target violated: 21.0ms (20.0ms/21.0ms)
[2025-10-31T08:19:58.178+0000][gc,phases     ] GC(985)   Pre Evacuate Collection Set: 0.1ms
[2025-10-31T08:19:58.179+0000][gc,phases     ] GC(985)   Evacuate Collection Set: 77.2ms
[2025-10-31T08:19:58.180+0000][gc,phases     ] GC(985)   Post Evacuate Collection Set: 2.9ms
[2025-10-31T08:19:58.183+0000][gc,phases     ] GC(985)   Other: 6.5ms
[2025-10-31T08:19:58.184+0000][gc,heap       ] GC(985) Eden regions: 31->0(31)
[2025-10-31T08:19:58.185+0000][gc,heap       ] GC(985) Survivor regions: 4->4(5)
[2025-10-31T08:19:58.186+0000][gc,heap       ] GC(985) Old regions: 96->85
[2025-10-31T08:19:58.187+0000][gc,heap       ] GC(985) Humongous regions: 156->156
[2025-10-31T08:19:58.188+0000][gc,metaspace  ] GC(985) Metaspace: 53882K(57008K)->53882K(57008K) NonClass: 47927K(49584K)->47927K(49584K) Class: 5955K(7424K)->5955K(7424K)
[2025-10-31T08:19:58.189+0000][gc            ] GC(985) Pause Young (Mixed) (G1 Evacuation Pause) 286M->244M(704M) 97.706ms
[2025-10-31T08:19:58.191+0000][gc,cpu        ] GC(985) User=0.16s Sys=0.00s Real=0.10s
[2025-10-31T08:21:03.541+0000][gc,start      ] GC(986) Pause Young (Mixed) (G1 Evacuation Pause)
[2025-10-31T08:21:03.544+0000][gc,task       ] GC(986) Using 2 workers of 2 for evacuation
[2025-10-31T08:21:03.680+0000][gc,mmu        ] GC(986) MMU target violated: 21.0ms (20.0ms/21.0ms)
[2025-10-31T08:21:03.682+0000][gc,phases     ] GC(986)   Pre Evacuate Collection Set: 0.1ms
[2025-10-31T08:21:03.686+0000][gc,phases     ] GC(986)   Evacuate Collection Set: 128.7ms
[2025-10-31T08:21:03.691+0000][gc,phases     ] GC(986)   Post Evacuate Collection Set: 1.6ms
[2025-10-31T08:21:03.691+0000][gc,phases     ] GC(986)   Other: 11.2ms
[2025-10-31T08:21:03.693+0000][gc,heap       ] GC(986) Eden regions: 31->0(31)
[2025-10-31T08:21:03.696+0000][gc,heap       ] GC(986) Survivor regions: 4->4(5)
[2025-10-31T08:21:03.697+0000][gc,heap       ] GC(986) Old regions: 85->73
[2025-10-31T08:21:03.698+0000][gc,heap       ] GC(986) Humongous regions: 156->156
[2025-10-31T08:21:03.699+0000][gc,metaspace  ] GC(986) Metaspace: 53882K(57008K)->53882K(57008K) NonClass: 47927K(49584K)->47927K(49584K) Class: 5955K(7424K)->5955K(7424K)
[2025-10-31T08:21:03.701+0000][gc            ] GC(986) Pause Young (Mixed) (G1 Evacuation Pause) 275M->232M(704M) 159.747ms
[2025-10-31T08:21:03.704+0000][gc,cpu        ] GC(986) User=0.26s Sys=0.00s Real=0.16s
[2025-10-31T08:22:11.477+0000][gc,start      ] GC(987) Pause Young (Mixed) (G1 Evacuation Pause)
[2025-10-31T08:22:11.478+0000][gc,task       ] GC(987) Using 2 workers of 2 for evacuation
[2025-10-31T08:22:11.580+0000][gc,mmu        ] GC(987) MMU target violated: 21.0ms (20.0ms/21.0ms)
[2025-10-31T08:22:11.581+0000][gc,phases     ] GC(987)   Pre Evacuate Collection Set: 0.1ms
[2025-10-31T08:22:11.581+0000][gc,phases     ] GC(987)   Evacuate Collection Set: 95.9ms
[2025-10-31T08:22:11.583+0000][gc,phases     ] GC(987)   Post Evacuate Collection Set: 3.2ms
[2025-10-31T08:22:11.584+0000][gc,phases     ] GC(987)   Other: 4.7ms
[2025-10-31T08:22:11.585+0000][gc,heap       ] GC(987) Eden regions: 31->0(32)
[2025-10-31T08:22:11.586+0000][gc,heap       ] GC(987) Survivor regions: 4->3(5)
[2025-10-31T08:22:11.587+0000][gc,heap       ] GC(987) Old regions: 73->68
[2025-10-31T08:22:11.588+0000][gc,heap       ] GC(987) Humongous regions: 156->156
[2025-10-31T08:22:11.589+0000][gc,metaspace  ] GC(987) Metaspace: 53882K(57008K)->53882K(57008K) NonClass: 47927K(49584K)->47927K(49584K) Class: 5955K(7424K)->5955K(7424K)
[2025-10-31T08:22:11.590+0000][gc            ] GC(987) Pause Young (Mixed) (G1 Evacuation Pause) 263M->225M(704M) 113.157ms
[2025-10-31T08:22:11.591+0000][gc,cpu        ] GC(987) User=0.20s Sys=0.00s Real=0.11s
[2025-10-31T08:23:21.629+0000][gc,start      ] GC(988) Pause Young (Normal) (G1 Evacuation Pause)
[2025-10-31T08:23:21.629+0000][gc,task       ] GC(988) Using 2 workers of 2 for evacuation
[2025-10-31T08:23:21.700+0000][gc,mmu        ] GC(988) MMU target violated: 21.0ms (20.0ms/21.0ms)
[2025-10-31T08:23:21.701+0000][gc,phases     ] GC(988)   Pre Evacuate Collection Set: 0.1ms
[2025-10-31T08:23:21.702+0000][gc,phases     ] GC(988)   Evacuate Collection Set: 65.0ms
[2025-10-31T08:23:21.703+0000][gc,phases     ] GC(988)   Post Evacuate Collection Set: 4.0ms
[2025-10-31T08:23:21.704+0000][gc,phases     ] GC(988)   Other: 3.4ms
[2025-10-31T08:23:21.705+0000][gc,heap       ] GC(988) Eden regions: 32->0(30)
[2025-10-31T08:23:21.705+0000][gc,heap       ] GC(988) Survivor regions: 3->5(5)
[2025-10-31T08:23:21.706+0000][gc,heap       ] GC(988) Old regions: 68->68
[2025-10-31T08:23:21.707+0000][gc,heap       ] GC(988) Humongous regions: 156->156
[2025-10-31T08:23:21.708+0000][gc,metaspace  ] GC(988) Metaspace: 53882K(57008K)->53882K(57008K) NonClass: 47927K(49584K)->47927K(49584K) Class: 5955K(7424K)->5955K(7424K)
[2025-10-31T08:23:21.708+0000][gc            ] GC(988) Pause Young (Normal) (G1 Evacuation Pause) 257M->227M(704M) 79.699ms
[2025-10-31T08:23:21.709+0000][gc,cpu        ] GC(988) User=0.13s Sys=0.00s Real=0.08s
[2025-10-31T08:24:28.063+0000][gc,start      ] GC(989) Pause Young (Normal) (G1 Evacuation Pause)
[2025-10-31T08:24:28.064+0000][gc,task       ] GC(989) Using 2 workers of 2 for evacuation
[2025-10-31T08:24:28.132+0000][gc,mmu        ] GC(989) MMU target violated: 21.0ms (20.0ms/21.0ms)
[2025-10-31T08:24:28.133+0000][gc,phases     ] GC(989)   Pre Evacuate Collection Set: 0.1ms
[2025-10-31T08:24:28.134+0000][gc,phases     ] GC(989)   Evacuate Collection Set: 62.5ms
[2025-10-31T08:24:28.135+0000][gc,phases     ] GC(989)   Post Evacuate Collection Set: 3.8ms
[2025-10-31T08:24:28.136+0000][gc,phases     ] GC(989)   Other: 3.6ms
[2025-10-31T08:24:28.137+0000][gc,heap       ] GC(989) Eden regions: 30->0(31)
[2025-10-31T08:24:28.138+0000][gc,heap       ] GC(989) Survivor regions: 5->4(5)
[2025-10-31T08:24:28.138+0000][gc,heap       ] GC(989) Old regions: 68->71
[2025-10-31T08:24:28.139+0000][gc,heap       ] GC(989) Humongous regions: 156->156
[2025-10-31T08:24:28.140+0000][gc,metaspace  ] GC(989) Metaspace: 53882K(57008K)->53882K(57008K) NonClass: 47927K(49584K)->47927K(49584K) Class: 5955K(7424K)->5955K(7424K)
[2025-10-31T08:24:28.141+0000][gc            ] GC(989) Pause Young (Normal) (G1 Evacuation Pause) 257M->230M(704M) 77.838ms
[2025-10-31T08:24:28.142+0000][gc,cpu        ] GC(989) User=0.14s Sys=0.00s Real=0.07s
[2025-10-31T08:25:36.655+0000][gc,start      ] GC(990) Pause Young (Normal) (G1 Evacuation Pause)
[2025-10-31T08:25:36.658+0000][gc,task       ] GC(990) Using 2 workers of 2 for evacuation
[2025-10-31T08:25:36.788+0000][gc,mmu        ] GC(990) MMU target violated: 21.0ms (20.0ms/21.0ms)
[2025-10-31T08:25:36.790+0000][gc,phases     ] GC(990)   Pre Evacuate Collection Set: 0.1ms
[2025-10-31T08:25:36.794+0000][gc,phases     ] GC(990)   Evacuate Collection Set: 122.9ms
[2025-10-31T08:25:36.795+0000][gc,phases     ] GC(990)   Post Evacuate Collection Set: 5.4ms
[2025-10-31T08:25:36.799+0000][gc,phases     ] GC(990)   Other: 6.4ms
[2025-10-31T08:25:36.801+0000][gc,heap       ] GC(990) Eden regions: 31->0(31)
[2025-10-31T08:25:36.803+0000][gc,heap       ] GC(990) Survivor regions: 4->4(5)
[2025-10-31T08:25:36.804+0000][gc,heap       ] GC(990) Old regions: 71->73
[2025-10-31T08:25:36.805+0000][gc,heap       ] GC(990) Humongous regions: 156->156
[2025-10-31T08:25:36.807+0000][gc,metaspace  ] GC(990) Metaspace: 53882K(57008K)->53882K(57008K) NonClass: 47927K(49584K)->47927K(49584K) Class: 5955K(7424K)->5955K(7424K)
[2025-10-31T08:25:36.809+0000][gc            ] GC(990) Pause Young (Normal) (G1 Evacuation Pause) 261M->232M(704M) 153.712ms
[2025-10-31T08:25:36.810+0000][gc,cpu        ] GC(990) User=0.26s Sys=0.00s Real=0.15s
[2025-10-31T08:26:41.787+0000][gc,start      ] GC(991) Pause Young (Normal) (G1 Evacuation Pause)
[2025-10-31T08:26:41.788+0000][gc,task       ] GC(991) Using 2 workers of 2 for evacuation
[2025-10-31T08:26:41.854+0000][gc,mmu        ] GC(991) MMU target violated: 21.0ms (20.0ms/21.0ms)
[2025-10-31T08:26:41.855+0000][gc,phases     ] GC(991)   Pre Evacuate Collection Set: 0.1ms
[2025-10-31T08:26:41.856+0000][gc,phases     ] GC(991)   Evacuate Collection Set: 59.4ms
[2025-10-31T08:26:41.858+0000][gc,phases     ] GC(991)   Post Evacuate Collection Set: 3.8ms
[2025-10-31T08:26:41.859+0000][gc,phases     ] GC(991)   Other: 4.7ms
[2025-10-31T08:26:41.861+0000][gc,heap       ] GC(991) Eden regions: 31->0(30)
[2025-10-31T08:26:41.862+0000][gc,heap       ] GC(991) Survivor regions: 4->5(5)
[2025-10-31T08:26:41.864+0000][gc,heap       ] GC(991) Old regions: 73->75
[2025-10-31T08:26:41.866+0000][gc,heap       ] GC(991) Humongous regions: 156->156
[2025-10-31T08:26:41.867+0000][gc,metaspace  ] GC(991) Metaspace: 53882K(57008K)->53882K(57008K) NonClass: 47927K(49584K)->47927K(49584K) Class: 5955K(7424K)->5955K(7424K)
[2025-10-31T08:26:41.868+0000][gc            ] GC(991) Pause Young (Normal) (G1 Evacuation Pause) 263M->235M(704M) 81.048ms
[2025-10-31T08:26:41.871+0000][gc,cpu        ] GC(991) User=0.12s Sys=0.00s Real=0.08s
[2025-10-31T08:27:47.730+0000][gc,start      ] GC(992) Pause Young (Normal) (G1 Evacuation Pause)
[2025-10-31T08:27:47.731+0000][gc,task       ] GC(992) Using 2 workers of 2 for evacuation
[2025-10-31T08:27:47.824+0000][gc,mmu        ] GC(992) MMU target violated: 21.0ms (20.0ms/21.0ms)
[2025-10-31T08:27:47.825+0000][gc,phases     ] GC(992)   Pre Evacuate Collection Set: 0.1ms
[2025-10-31T08:27:47.826+0000][gc,phases     ] GC(992)   Evacuate Collection Set: 83.9ms
[2025-10-31T08:27:47.829+0000][gc,phases     ] GC(992)   Post Evacuate Collection Set: 6.3ms
[2025-10-31T08:27:47.830+0000][gc,phases     ] GC(992)   Other: 4.6ms
[2025-10-31T08:27:47.831+0000][gc,heap       ] GC(992) Eden regions: 30->0(32)
[2025-10-31T08:27:47.832+0000][gc,heap       ] GC(992) Survivor regions: 5->3(5)
[2025-10-31T08:27:47.833+0000][gc,heap       ] GC(992) Old regions: 75->77
[2025-10-31T08:27:47.834+0000][gc,heap       ] GC(992) Humongous regions: 156->156
[2025-10-31T08:27:47.835+0000][gc,metaspace  ] GC(992) Metaspace: 53882K(57008K)->53882K(57008K) NonClass: 47927K(49584K)->47927K(49584K) Class: 5955K(7424K)->5955K(7424K)
[2025-10-31T08:27:47.836+0000][gc            ] GC(992) Pause Young (Normal) (G1 Evacuation Pause) 265M->235M(704M) 105.682ms
[2025-10-31T08:27:47.838+0000][gc,cpu        ] GC(992) User=0.18s Sys=0.00s Real=0.11s
[2025-10-31T08:28:57.554+0000][gc,start      ] GC(993) Pause Young (Normal) (G1 Evacuation Pause)
[2025-10-31T08:28:57.557+0000][gc,task       ] GC(993) Using 2 workers of 2 for evacuation
[2025-10-31T08:28:57.637+0000][gc,mmu        ] GC(993) MMU target violated: 21.0ms (20.0ms/21.0ms)
[2025-10-31T08:28:57.638+0000][gc,phases     ] GC(993)   Pre Evacuate Collection Set: 0.1ms
[2025-10-31T08:28:57.639+0000][gc,phases     ] GC(993)   Evacuate Collection Set: 74.7ms
[2025-10-31T08:28:57.640+0000][gc,phases     ] GC(993)   Post Evacuate Collection Set: 3.7ms
[2025-10-31T08:28:57.641+0000][gc,phases     ] GC(993)   Other: 5.5ms
[2025-10-31T08:28:57.643+0000][gc,heap       ] GC(993) Eden regions: 32->0(30)
[2025-10-31T08:28:57.644+0000][gc,heap       ] GC(993) Survivor regions: 3->5(5)
[2025-10-31T08:28:57.645+0000][gc,heap       ] GC(993) Old regions: 77->77
[2025-10-31T08:28:57.647+0000][gc,heap       ] GC(993) Humongous regions: 156->156
[2025-10-31T08:28:57.648+0000][gc,metaspace  ] GC(993) Metaspace: 53882K(57008K)->53882K(57008K) NonClass: 47927K(49584K)->47927K(49584K) Class: 5955K(7424K)->5955K(7424K)
[2025-10-31T08:28:57.650+0000][gc            ] GC(993) Pause Young (Normal) (G1 Evacuation Pause) 267M->237M(704M) 95.267ms
[2025-10-31T08:28:57.651+0000][gc,cpu        ] GC(993) User=0.16s Sys=0.00s Real=0.09s
[2025-10-31T08:30:03.263+0000][gc,start      ] GC(994) Pause Young (Normal) (G1 Evacuation Pause)
[2025-10-31T08:30:03.265+0000][gc,task       ] GC(994) Using 2 workers of 2 for evacuation
[2025-10-31T08:30:03.386+0000][gc,mmu        ] GC(994) MMU target violated: 21.0ms (20.0ms/21.0ms)
[2025-10-31T08:30:03.388+0000][gc,phases     ] GC(994)   Pre Evacuate Collection Set: 0.1ms
[2025-10-31T08:30:03.391+0000][gc,phases     ] GC(994)   Evacuate Collection Set: 112.1ms
[2025-10-31T08:30:03.392+0000][gc,phases     ] GC(994)   Post Evacuate Collection Set: 6.0ms
[2025-10-31T08:30:03.393+0000][gc,phases     ] GC(994)   Other: 6.4ms
[2025-10-31T08:30:03.394+0000][gc,heap       ] GC(994) Eden regions: 30->0(30)
[2025-10-31T08:30:03.396+0000][gc,heap       ] GC(994) Survivor regions: 5->5(5)
[2025-10-31T08:30:03.398+0000][gc,heap       ] GC(994) Old regions: 77->79
[2025-10-31T08:30:03.402+0000][gc,heap       ] GC(994) Humongous regions: 156->156
[2025-10-31T08:30:03.404+0000][gc,metaspace  ] GC(994) Metaspace: 53882K(57008K)->53882K(57008K) NonClass: 47927K(49584K)->47927K(49584K) Class: 5955K(7424K)->5955K(7424K)
[2025-10-31T08:30:03.405+0000][gc            ] GC(994) Pause Young (Normal) (G1 Evacuation Pause) 267M->239M(704M) 142.183ms
[2025-10-31T08:30:03.407+0000][gc,cpu        ] GC(994) User=0.24s Sys=0.00s Real=0.14s
[2025-10-31T08:31:06.163+0000][gc,start      ] GC(995) Pause Young (Normal) (G1 Evacuation Pause)
[2025-10-31T08:31:06.165+0000][gc,task       ] GC(995) Using 2 workers of 2 for evacuation
[2025-10-31T08:31:06.275+0000][gc,mmu        ] GC(995) MMU target violated: 21.0ms (20.0ms/21.0ms)
[2025-10-31T08:31:06.276+0000][gc,phases     ] GC(995)   Pre Evacuate Collection Set: 0.1ms
[2025-10-31T08:31:06.276+0000][gc,phases     ] GC(995)   Evacuate Collection Set: 99.2ms
[2025-10-31T08:31:06.277+0000][gc,phases     ] GC(995)   Post Evacuate Collection Set: 3.7ms
[2025-10-31T08:31:06.279+0000][gc,phases     ] GC(995)   Other: 9.2ms
[2025-10-31T08:31:06.280+0000][gc,heap       ] GC(995) Eden regions: 30->0(31)
[2025-10-31T08:31:06.282+0000][gc,heap       ] GC(995) Survivor regions: 5->4(5)
[2025-10-31T08:31:06.284+0000][gc,heap       ] GC(995) Old regions: 79->83
[2025-10-31T08:31:06.286+0000][gc,heap       ] GC(995) Humongous regions: 156->156
[2025-10-31T08:31:06.287+0000][gc,metaspace  ] GC(995) Metaspace: 53882K(57008K)->53882K(57008K) NonClass: 47927K(49584K)->47927K(49584K) Class: 5955K(7424K)->5955K(7424K)
[2025-10-31T08:31:06.288+0000][gc            ] GC(995) Pause Young (Normal) (G1 Evacuation Pause) 269M->241M(704M) 125.002ms
[2025-10-31T08:31:06.291+0000][gc,cpu        ] GC(995) User=0.21s Sys=0.00s Real=0.13s
[2025-10-31T08:32:14.950+0000][gc,start      ] GC(996) Pause Young (Normal) (G1 Evacuation Pause)
[2025-10-31T08:32:14.951+0000][gc,task       ] GC(996) Using 2 workers of 2 for evacuation
[2025-10-31T08:32:15.034+0000][gc,mmu        ] GC(996) MMU target violated: 21.0ms (20.0ms/21.0ms)
[2025-10-31T08:32:15.035+0000][gc,phases     ] GC(996)   Pre Evacuate Collection Set: 0.1ms
[2025-10-31T08:32:15.036+0000][gc,phases     ] GC(996)   Evacuate Collection Set: 77.6ms
[2025-10-31T08:32:15.037+0000][gc,phases     ] GC(996)   Post Evacuate Collection Set: 3.2ms
[2025-10-31T08:32:15.038+0000][gc,phases     ] GC(996)   Other: 4.6ms
[2025-10-31T08:32:15.039+0000][gc,heap       ] GC(996) Eden regions: 31->0(31)
[2025-10-31T08:32:15.040+0000][gc,heap       ] GC(996) Survivor regions: 4->4(5)
[2025-10-31T08:32:15.041+0000][gc,heap       ] GC(996) Old regions: 83->85
[2025-10-31T08:32:15.043+0000][gc,heap       ] GC(996) Humongous regions: 156->156
[2025-10-31T08:32:15.044+0000][gc,metaspace  ] GC(996) Metaspace: 53882K(57008K)->53882K(57008K) NonClass: 47927K(49584K)->47927K(49584K) Class: 5955K(7424K)->5955K(7424K)
[2025-10-31T08:32:15.045+0000][gc            ] GC(996) Pause Young (Normal) (G1 Evacuation Pause) 272M->244M(704M) 95.242ms
[2025-10-31T08:32:15.046+0000][gc,cpu        ] GC(996) User=0.17s Sys=0.00s Real=0.09s
[2025-10-31T08:33:22.270+0000][gc,start      ] GC(997) Pause Young (Normal) (G1 Evacuation Pause)
[2025-10-31T08:33:22.271+0000][gc,task       ] GC(997) Using 2 workers of 2 for evacuation
[2025-10-31T08:33:22.345+0000][gc,mmu        ] GC(997) MMU target violated: 21.0ms (20.0ms/21.0ms)
[2025-10-31T08:33:22.346+0000][gc,phases     ] GC(997)   Pre Evacuate Collection Set: 0.1ms
[2025-10-31T08:33:22.347+0000][gc,phases     ] GC(997)   Evacuate Collection Set: 67.9ms
[2025-10-31T08:33:22.347+0000][gc,phases     ] GC(997)   Post Evacuate Collection Set: 2.9ms
[2025-10-31T08:33:22.348+0000][gc,phases     ] GC(997)   Other: 5.5ms
[2025-10-31T08:33:22.349+0000][gc,heap       ] GC(997) Eden regions: 31->0(31)
[2025-10-31T08:33:22.350+0000][gc,heap       ] GC(997) Survivor regions: 4->4(5)
[2025-10-31T08:33:22.350+0000][gc,heap       ] GC(997) Old regions: 85->87
[2025-10-31T08:33:22.351+0000][gc,heap       ] GC(997) Humongous regions: 156->156
[2025-10-31T08:33:22.352+0000][gc,metaspace  ] GC(997) Metaspace: 53882K(57008K)->53882K(57008K) NonClass: 47927K(49584K)->47927K(49584K) Class: 5955K(7424K)->5955K(7424K)
[2025-10-31T08:33:22.353+0000][gc            ] GC(997) Pause Young (Normal) (G1 Evacuation Pause) 275M->246M(704M) 83.158ms
[2025-10-31T08:33:22.354+0000][gc,cpu        ] GC(997) User=0.14s Sys=0.00s Real=0.09s
[2025-10-31T08:34:30.958+0000][gc,start      ] GC(998) Pause Young (Normal) (G1 Evacuation Pause)
[2025-10-31T08:34:30.960+0000][gc,task       ] GC(998) Using 2 workers of 2 for evacuation
[2025-10-31T08:34:31.081+0000][gc,mmu        ] GC(998) MMU target violated: 21.0ms (20.0ms/21.0ms)
[2025-10-31T08:34:31.083+0000][gc,phases     ] GC(998)   Pre Evacuate Collection Set: 0.1ms
[2025-10-31T08:34:31.083+0000][gc,phases     ] GC(998)   Evacuate Collection Set: 110.9ms
[2025-10-31T08:34:31.086+0000][gc,phases     ] GC(998)   Post Evacuate Collection Set: 8.6ms
[2025-10-31T08:34:31.089+0000][gc,phases     ] GC(998)   Other: 7.0ms
[2025-10-31T08:34:31.091+0000][gc,heap       ] GC(998) Eden regions: 31->0(32)
[2025-10-31T08:34:31.092+0000][gc,heap       ] GC(998) Survivor regions: 4->3(5)
[2025-10-31T08:34:31.093+0000][gc,heap       ] GC(998) Old regions: 87->89
[2025-10-31T08:34:31.094+0000][gc,heap       ] GC(998) Humongous regions: 156->156
[2025-10-31T08:34:31.095+0000][gc,metaspace  ] GC(998) Metaspace: 53882K(57008K)->53882K(57008K) NonClass: 47927K(49584K)->47927K(49584K) Class: 5955K(7424K)->5955K(7424K)
[2025-10-31T08:34:31.097+0000][gc            ] GC(998) Pause Young (Normal) (G1 Evacuation Pause) 277M->247M(704M) 139.121ms
[2025-10-31T08:34:31.099+0000][gc,cpu        ] GC(998) User=0.23s Sys=0.00s Real=0.14s
[2025-10-31T08:35:41.595+0000][gc,start      ] GC(999) Pause Young (Normal) (G1 Evacuation Pause)
[2025-10-31T08:35:41.597+0000][gc,task       ] GC(999) Using 2 workers of 2 for evacuation
[2025-10-31T08:35:41.714+0000][gc,mmu        ] GC(999) MMU target violated: 21.0ms (20.0ms/21.0ms)
[2025-10-31T08:35:41.715+0000][gc,phases     ] GC(999)   Pre Evacuate Collection Set: 0.1ms
[2025-10-31T08:35:41.716+0000][gc,phases     ] GC(999)   Evacuate Collection Set: 107.4ms
[2025-10-31T08:35:41.717+0000][gc,phases     ] GC(999)   Post Evacuate Collection Set: 5.0ms
[2025-10-31T08:35:41.718+0000][gc,phases     ] GC(999)   Other: 7.8ms
[2025-10-31T08:35:41.720+0000][gc,heap       ] GC(999) Eden regions: 32->0(30)
[2025-10-31T08:35:41.721+0000][gc,heap       ] GC(999) Survivor regions: 3->5(5)
[2025-10-31T08:35:41.723+0000][gc,heap       ] GC(999) Old regions: 89->89
[2025-10-31T08:35:41.726+0000][gc,heap       ] GC(999) Humongous regions: 156->156
[2025-10-31T08:35:41.728+0000][gc,metaspace  ] GC(999) Metaspace: 53882K(57008K)->53882K(57008K) NonClass: 47927K(49584K)->47927K(49584K) Class: 5955K(7424K)->5955K(7424K)
[2025-10-31T08:35:41.730+0000][gc            ] GC(999) Pause Young (Normal) (G1 Evacuation Pause) 279M->249M(704M) 134.891ms
[2025-10-31T08:35:41.731+0000][gc,cpu        ] GC(999) User=0.23s Sys=0.00s Real=0.14s
[2025-10-31T08:36:43.439+0000][gc,start      ] GC(1000) Pause Young (Normal) (G1 Evacuation Pause)
[2025-10-31T08:36:43.441+0000][gc,task       ] GC(1000) Using 2 workers of 2 for evacuation
[2025-10-31T08:36:43.583+0000][gc,mmu        ] GC(1000) MMU target violated: 21.0ms (20.0ms/21.0ms)
[2025-10-31T08:36:43.584+0000][gc,phases     ] GC(1000)   Pre Evacuate Collection Set: 0.1ms
[2025-10-31T08:36:43.585+0000][gc,phases     ] GC(1000)   Evacuate Collection Set: 128.4ms
[2025-10-31T08:36:43.588+0000][gc,phases     ] GC(1000)   Post Evacuate Collection Set: 6.2ms
[2025-10-31T08:36:43.589+0000][gc,phases     ] GC(1000)   Other: 10.5ms
[2025-10-31T08:36:43.590+0000][gc,heap       ] GC(1000) Eden regions: 30->0(32)
[2025-10-31T08:36:43.591+0000][gc,heap       ] GC(1000) Survivor regions: 5->3(5)
[2025-10-31T08:36:43.592+0000][gc,heap       ] GC(1000) Old regions: 89->93
[2025-10-31T08:36:43.594+0000][gc,heap       ] GC(1000) Humongous regions: 156->156
[2025-10-31T08:36:43.598+0000][gc,metaspace  ] GC(1000) Metaspace: 53882K(57008K)->53882K(57008K) NonClass: 47927K(49584K)->47927K(49584K) Class: 5955K(7424K)->5955K(7424K)
[2025-10-31T08:36:43.601+0000][gc            ] GC(1000) Pause Young (Normal) (G1 Evacuation Pause) 279M->251M(704M) 161.665ms
[2025-10-31T08:36:43.602+0000][gc,cpu        ] GC(1000) User=0.27s Sys=0.00s Real=0.16s
[2025-10-31T08:37:54.268+0000][gc,start      ] GC(1001) Pause Young (Normal) (G1 Evacuation Pause)
[2025-10-31T08:37:54.269+0000][gc,task       ] GC(1001) Using 2 workers of 2 for evacuation
[2025-10-31T08:37:54.396+0000][gc,mmu        ] GC(1001) MMU target violated: 21.0ms (20.0ms/21.0ms)
[2025-10-31T08:37:54.398+0000][gc,phases     ] GC(1001)   Pre Evacuate Collection Set: 0.1ms
[2025-10-31T08:37:54.399+0000][gc,phases     ] GC(1001)   Evacuate Collection Set: 115.1ms
[2025-10-31T08:37:54.402+0000][gc,phases     ] GC(1001)   Post Evacuate Collection Set: 9.2ms
[2025-10-31T08:37:54.405+0000][gc,phases     ] GC(1001)   Other: 4.8ms
[2025-10-31T08:37:54.407+0000][gc,heap       ] GC(1001) Eden regions: 32->0(31)
[2025-10-31T08:37:54.408+0000][gc,heap       ] GC(1001) Survivor regions: 3->4(5)
[2025-10-31T08:37:54.409+0000][gc,heap       ] GC(1001) Old regions: 93->95
[2025-10-31T08:37:54.411+0000][gc,heap       ] GC(1001) Humongous regions: 156->156
[2025-10-31T08:37:54.414+0000][gc,metaspace  ] GC(1001) Metaspace: 53882K(57008K)->53882K(57008K) NonClass: 47927K(49584K)->47927K(49584K) Class: 5955K(7424K)->5955K(7424K)
[2025-10-31T08:37:54.417+0000][gc            ] GC(1001) Pause Young (Normal) (G1 Evacuation Pause) 283M->254M(704M) 148.488ms
[2025-10-31T08:37:54.418+0000][gc,cpu        ] GC(1001) User=0.24s Sys=0.00s Real=0.15s
[2025-10-31T08:39:01.553+0000][gc,start      ] GC(1002) Pause Young (Normal) (G1 Evacuation Pause)
[2025-10-31T08:39:01.554+0000][gc,task       ] GC(1002) Using 2 workers of 2 for evacuation
[2025-10-31T08:39:01.612+0000][gc,mmu        ] GC(1002) MMU target violated: 21.0ms (20.0ms/21.0ms)
[2025-10-31T08:39:01.613+0000][gc,phases     ] GC(1002)   Pre Evacuate Collection Set: 0.1ms
[2025-10-31T08:39:01.614+0000][gc,phases     ] GC(1002)   Evacuate Collection Set: 53.6ms
[2025-10-31T08:39:01.615+0000][gc,phases     ] GC(1002)   Post Evacuate Collection Set: 3.2ms
[2025-10-31T08:39:01.615+0000][gc,phases     ] GC(1002)   Other: 3.2ms
[2025-10-31T08:39:01.616+0000][gc,heap       ] GC(1002) Eden regions: 31->0(31)
[2025-10-31T08:39:01.617+0000][gc,heap       ] GC(1002) Survivor regions: 4->4(5)
[2025-10-31T08:39:01.618+0000][gc,heap       ] GC(1002) Old regions: 95->97
[2025-10-31T08:39:01.619+0000][gc,heap       ] GC(1002) Humongous regions: 156->156
[2025-10-31T08:39:01.620+0000][gc,metaspace  ] GC(1002) Metaspace: 53882K(57008K)->53882K(57008K) NonClass: 47927K(49584K)->47927K(49584K) Class: 5955K(7424K)->5955K(7424K)
[2025-10-31T08:39:01.621+0000][gc            ] GC(1002) Pause Young (Normal) (G1 Evacuation Pause) 285M->256M(704M) 68.118ms
[2025-10-31T08:39:01.625+0000][gc,cpu        ] GC(1002) User=0.12s Sys=0.00s Real=0.08s
[2025-10-31T08:40:09.065+0000][gc,start      ] GC(1003) Pause Young (Normal) (G1 Evacuation Pause)
[2025-10-31T08:40:09.067+0000][gc,task       ] GC(1003) Using 2 workers of 2 for evacuation
[2025-10-31T08:40:09.143+0000][gc,mmu        ] GC(1003) MMU target violated: 21.0ms (20.0ms/21.0ms)
[2025-10-31T08:40:09.145+0000][gc,phases     ] GC(1003)   Pre Evacuate Collection Set: 0.6ms
[2025-10-31T08:40:09.146+0000][gc,phases     ] GC(1003)   Evacuate Collection Set: 70.8ms
[2025-10-31T08:40:09.147+0000][gc,phases     ] GC(1003)   Post Evacuate Collection Set: 3.1ms
[2025-10-31T08:40:09.148+0000][gc,phases     ] GC(1003)   Other: 5.1ms
[2025-10-31T08:40:09.149+0000][gc,heap       ] GC(1003) Eden regions: 31->0(32)
[2025-10-31T08:40:09.150+0000][gc,heap       ] GC(1003) Survivor regions: 4->3(5)
[2025-10-31T08:40:09.151+0000][gc,heap       ] GC(1003) Old regions: 97->99
[2025-10-31T08:40:09.152+0000][gc,heap       ] GC(1003) Humongous regions: 156->156
[2025-10-31T08:40:09.153+0000][gc,metaspace  ] GC(1003) Metaspace: 53882K(57008K)->53882K(57008K) NonClass: 47927K(49584K)->47927K(49584K) Class: 5955K(7424K)->5955K(7424K)
[2025-10-31T08:40:09.154+0000][gc            ] GC(1003) Pause Young (Normal) (G1 Evacuation Pause) 287M->256M(704M) 88.549ms
[2025-10-31T08:40:09.157+0000][gc,cpu        ] GC(1003) User=0.15s Sys=0.00s Real=0.09s
[2025-10-31T08:41:16.569+0000][gc,start      ] GC(1004) Pause Young (Normal) (G1 Evacuation Pause)
[2025-10-31T08:41:16.570+0000][gc,task       ] GC(1004) Using 2 workers of 2 for evacuation
[2025-10-31T08:41:16.633+0000][gc,mmu        ] GC(1004) MMU target violated: 21.0ms (20.0ms/21.0ms)
[2025-10-31T08:41:16.634+0000][gc,phases     ] GC(1004)   Pre Evacuate Collection Set: 0.1ms
[2025-10-31T08:41:16.635+0000][gc,phases     ] GC(1004)   Evacuate Collection Set: 57.2ms
[2025-10-31T08:41:16.636+0000][gc,phases     ] GC(1004)   Post Evacuate Collection Set: 3.4ms
[2025-10-31T08:41:16.637+0000][gc,phases     ] GC(1004)   Other: 4.1ms
[2025-10-31T08:41:16.638+0000][gc,heap       ] GC(1004) Eden regions: 32->0(30)
[2025-10-31T08:41:16.638+0000][gc,heap       ] GC(1004) Survivor regions: 3->5(5)
[2025-10-31T08:41:16.639+0000][gc,heap       ] GC(1004) Old regions: 99->99
[2025-10-31T08:41:16.640+0000][gc,heap       ] GC(1004) Humongous regions: 156->156
[2025-10-31T08:41:16.642+0000][gc,metaspace  ] GC(1004) Metaspace: 53882K(57008K)->53882K(57008K) NonClass: 47927K(49584K)->47927K(49584K) Class: 5955K(7424K)->5955K(7424K)
[2025-10-31T08:41:16.643+0000][gc            ] GC(1004) Pause Young (Normal) (G1 Evacuation Pause) 288M->259M(704M) 73.816ms
[2025-10-31T08:41:16.644+0000][gc,cpu        ] GC(1004) User=0.12s Sys=0.00s Real=0.08s
[2025-10-31T08:42:22.387+0000][gc,start      ] GC(1005) Pause Young (Normal) (G1 Evacuation Pause)
[2025-10-31T08:42:22.389+0000][gc,task       ] GC(1005) Using 2 workers of 2 for evacuation
[2025-10-31T08:42:22.485+0000][gc,mmu        ] GC(1005) MMU target violated: 21.0ms (20.0ms/21.0ms)
[2025-10-31T08:42:22.486+0000][gc,phases     ] GC(1005)   Pre Evacuate Collection Set: 0.1ms
[2025-10-31T08:42:22.487+0000][gc,phases     ] GC(1005)   Evacuate Collection Set: 86.3ms
[2025-10-31T08:42:22.488+0000][gc,phases     ] GC(1005)   Post Evacuate Collection Set: 6.3ms
[2025-10-31T08:42:22.489+0000][gc,phases     ] GC(1005)   Other: 5.7ms
[2025-10-31T08:42:22.491+0000][gc,heap       ] GC(1005) Eden regions: 30->0(30)
[2025-10-31T08:42:22.492+0000][gc,heap       ] GC(1005) Survivor regions: 5->5(5)
[2025-10-31T08:42:22.493+0000][gc,heap       ] GC(1005) Old regions: 99->101
[2025-10-31T08:42:22.498+0000][gc,heap       ] GC(1005) Humongous regions: 156->156
[2025-10-31T08:42:22.502+0000][gc,metaspace  ] GC(1005) Metaspace: 53882K(57008K)->53882K(57008K) NonClass: 47927K(49584K)->47927K(49584K) Class: 5955K(7424K)->5955K(7424K)
[2025-10-31T08:42:22.504+0000][gc            ] GC(1005) Pause Young (Normal) (G1 Evacuation Pause) 289M->261M(704M) 116.715ms
[2025-10-31T08:42:22.507+0000][gc,cpu        ] GC(1005) User=0.19s Sys=0.00s Real=0.11s
[2025-10-31T08:43:27.844+0000][gc,start      ] GC(1006) Pause Young (Normal) (G1 Evacuation Pause)
[2025-10-31T08:43:27.845+0000][gc,task       ] GC(1006) Using 2 workers of 2 for evacuation
[2025-10-31T08:43:27.963+0000][gc,mmu        ] GC(1006) MMU target violated: 21.0ms (20.0ms/21.0ms)
[2025-10-31T08:43:27.965+0000][gc,phases     ] GC(1006)   Pre Evacuate Collection Set: 0.1ms
[2025-10-31T08:43:27.966+0000][gc,phases     ] GC(1006)   Evacuate Collection Set: 108.2ms
[2025-10-31T08:43:27.968+0000][gc,phases     ] GC(1006)   Post Evacuate Collection Set: 5.9ms
[2025-10-31T08:43:27.971+0000][gc,phases     ] GC(1006)   Other: 7.6ms
[2025-10-31T08:43:27.972+0000][gc,heap       ] GC(1006) Eden regions: 30->0(32)
[2025-10-31T08:43:27.973+0000][gc,heap       ] GC(1006) Survivor regions: 5->3(5)
[2025-10-31T08:43:27.974+0000][gc,heap       ] GC(1006) Old regions: 101->105
[2025-10-31T08:43:27.977+0000][gc,heap       ] GC(1006) Humongous regions: 156->156
[2025-10-31T08:43:27.978+0000][gc,metaspace  ] GC(1006) Metaspace: 53882K(57008K)->53882K(57008K) NonClass: 47927K(49584K)->47927K(49584K) Class: 5955K(7424K)->5955K(7424K)
[2025-10-31T08:43:27.980+0000][gc            ] GC(1006) Pause Young (Normal) (G1 Evacuation Pause) 291M->263M(704M) 135.867ms
[2025-10-31T08:43:27.982+0000][gc,cpu        ] GC(1006) User=0.23s Sys=0.00s Real=0.14s
[2025-10-31T08:44:39.766+0000][gc,start      ] GC(1007) Pause Young (Normal) (G1 Evacuation Pause)
[2025-10-31T08:44:39.769+0000][gc,task       ] GC(1007) Using 2 workers of 2 for evacuation
[2025-10-31T08:44:39.860+0000][gc,mmu        ] GC(1007) MMU target violated: 21.0ms (20.0ms/21.0ms)
[2025-10-31T08:44:39.861+0000][gc,phases     ] GC(1007)   Pre Evacuate Collection Set: 0.1ms
[2025-10-31T08:44:39.861+0000][gc,phases     ] GC(1007)   Evacuate Collection Set: 81.3ms
[2025-10-31T08:44:39.862+0000][gc,phases     ] GC(1007)   Post Evacuate Collection Set: 5.2ms
[2025-10-31T08:44:39.863+0000][gc,phases     ] GC(1007)   Other: 7.8ms
[2025-10-31T08:44:39.865+0000][gc,heap       ] GC(1007) Eden regions: 32->0(31)
[2025-10-31T08:44:39.866+0000][gc,heap       ] GC(1007) Survivor regions: 3->4(5)
[2025-10-31T08:44:39.867+0000][gc,heap       ] GC(1007) Old regions: 105->107
[2025-10-31T08:44:39.868+0000][gc,heap       ] GC(1007) Humongous regions: 156->156
[2025-10-31T08:44:39.868+0000][gc,metaspace  ] GC(1007) Metaspace: 53882K(57008K)->53882K(57008K) NonClass: 47927K(49584K)->47927K(49584K) Class: 5955K(7424K)->5955K(7424K)
[2025-10-31T08:44:39.869+0000][gc            ] GC(1007) Pause Young (Normal) (G1 Evacuation Pause) 295M->265M(704M) 102.787ms
[2025-10-31T08:44:39.870+0000][gc,cpu        ] GC(1007) User=0.18s Sys=0.00s Real=0.10s
[2025-10-31T08:45:46.362+0000][gc,start      ] GC(1008) Pause Young (Normal) (G1 Evacuation Pause)
[2025-10-31T08:45:46.362+0000][gc,task       ] GC(1008) Using 2 workers of 2 for evacuation
[2025-10-31T08:45:46.417+0000][gc,mmu        ] GC(1008) MMU target violated: 21.0ms (20.0ms/21.0ms)
[2025-10-31T08:45:46.418+0000][gc,phases     ] GC(1008)   Pre Evacuate Collection Set: 0.1ms
[2025-10-31T08:45:46.419+0000][gc,phases     ] GC(1008)   Evacuate Collection Set: 50.8ms
[2025-10-31T08:45:46.420+0000][gc,phases     ] GC(1008)   Post Evacuate Collection Set: 2.8ms
[2025-10-31T08:45:46.421+0000][gc,phases     ] GC(1008)   Other: 3.3ms
[2025-10-31T08:45:46.421+0000][gc,heap       ] GC(1008) Eden regions: 31->0(30)
[2025-10-31T08:45:46.422+0000][gc,heap       ] GC(1008) Survivor regions: 4->5(5)
[2025-10-31T08:45:46.423+0000][gc,heap       ] GC(1008) Old regions: 107->109
[2025-10-31T08:45:46.424+0000][gc,heap       ] GC(1008) Humongous regions: 156->156
[2025-10-31T08:45:46.424+0000][gc,metaspace  ] GC(1008) Metaspace: 53882K(57008K)->53882K(57008K) NonClass: 47927K(49584K)->47927K(49584K) Class: 5955K(7424K)->5955K(7424K)
[2025-10-31T08:45:46.426+0000][gc            ] GC(1008) Pause Young (Normal) (G1 Evacuation Pause) 296M->268M(704M) 64.733ms
[2025-10-31T08:45:46.427+0000][gc,cpu        ] GC(1008) User=0.11s Sys=0.00s Real=0.07s
[2025-10-31T08:46:49.543+0000][gc,start      ] GC(1009) Pause Young (Normal) (G1 Evacuation Pause)
[2025-10-31T08:46:49.544+0000][gc,task       ] GC(1009) Using 2 workers of 2 for evacuation
[2025-10-31T08:46:49.617+0000][gc,mmu        ] GC(1009) MMU target violated: 21.0ms (20.0ms/21.0ms)
[2025-10-31T08:46:49.618+0000][gc,phases     ] GC(1009)   Pre Evacuate Collection Set: 0.1ms
[2025-10-31T08:46:49.620+0000][gc,phases     ] GC(1009)   Evacuate Collection Set: 67.2ms
[2025-10-31T08:46:49.623+0000][gc,phases     ] GC(1009)   Post Evacuate Collection Set: 2.9ms
[2025-10-31T08:46:49.624+0000][gc,phases     ] GC(1009)   Other: 4.6ms
[2025-10-31T08:46:49.625+0000][gc,heap       ] GC(1009) Eden regions: 30->0(32)
[2025-10-31T08:46:49.627+0000][gc,heap       ] GC(1009) Survivor regions: 5->3(5)
[2025-10-31T08:46:49.630+0000][gc,heap       ] GC(1009) Old regions: 109->111
[2025-10-31T08:46:49.631+0000][gc,heap       ] GC(1009) Humongous regions: 156->156
[2025-10-31T08:46:49.632+0000][gc,metaspace  ] GC(1009) Metaspace: 53882K(57008K)->53882K(57008K) NonClass: 47927K(49584K)->47927K(49584K) Class: 5955K(7424K)->5955K(7424K)
[2025-10-31T08:46:49.634+0000][gc            ] GC(1009) Pause Young (Normal) (G1 Evacuation Pause) 298M->268M(704M) 90.467ms
[2025-10-31T08:46:49.635+0000][gc,cpu        ] GC(1009) User=0.15s Sys=0.00s Real=0.09s
[2025-10-31T08:48:01.275+0000][gc,start      ] GC(1010) Pause Young (Normal) (G1 Evacuation Pause)
[2025-10-31T08:48:01.277+0000][gc,task       ] GC(1010) Using 2 workers of 2 for evacuation
[2025-10-31T08:48:01.381+0000][gc,mmu        ] GC(1010) MMU target violated: 21.0ms (20.0ms/21.0ms)
[2025-10-31T08:48:01.382+0000][gc,phases     ] GC(1010)   Pre Evacuate Collection Set: 0.1ms
[2025-10-31T08:48:01.383+0000][gc,phases     ] GC(1010)   Evacuate Collection Set: 97.2ms
[2025-10-31T08:48:01.384+0000][gc,phases     ] GC(1010)   Post Evacuate Collection Set: 4.0ms
[2025-10-31T08:48:01.385+0000][gc,phases     ] GC(1010)   Other: 5.3ms
[2025-10-31T08:48:01.386+0000][gc,heap       ] GC(1010) Eden regions: 32->0(30)
[2025-10-31T08:48:01.388+0000][gc,heap       ] GC(1010) Survivor regions: 3->5(5)
[2025-10-31T08:48:01.389+0000][gc,heap       ] GC(1010) Old regions: 111->111
[2025-10-31T08:48:01.391+0000][gc,heap       ] GC(1010) Humongous regions: 156->156
[2025-10-31T08:48:01.395+0000][gc,metaspace  ] GC(1010) Metaspace: 53882K(57008K)->53882K(57008K) NonClass: 47927K(49584K)->47927K(49584K) Class: 5955K(7424K)->5955K(7424K)
[2025-10-31T08:48:01.396+0000][gc            ] GC(1010) Pause Young (Normal) (G1 Evacuation Pause) 300M->270M(704M) 120.033ms
[2025-10-31T08:48:01.396+0000][gc,cpu        ] GC(1010) User=0.21s Sys=0.00s Real=0.12s
[2025-10-31T08:49:07.698+0000][gc,start      ] GC(1011) Pause Young (Normal) (G1 Evacuation Pause)
[2025-10-31T08:49:07.700+0000][gc,task       ] GC(1011) Using 2 workers of 2 for evacuation
[2025-10-31T08:49:07.830+0000][gc,mmu        ] GC(1011) MMU target violated: 21.0ms (20.0ms/21.0ms)
[2025-10-31T08:49:07.832+0000][gc,phases     ] GC(1011)   Pre Evacuate Collection Set: 0.1ms
[2025-10-31T08:49:07.833+0000][gc,phases     ] GC(1011)   Evacuate Collection Set: 118.1ms
[2025-10-31T08:49:07.834+0000][gc,phases     ] GC(1011)   Post Evacuate Collection Set: 6.7ms
[2025-10-31T08:49:07.835+0000][gc,phases     ] GC(1011)   Other: 8.6ms
[2025-10-31T08:49:07.837+0000][gc,heap       ] GC(1011) Eden regions: 30->0(32)
[2025-10-31T08:49:07.838+0000][gc,heap       ] GC(1011) Survivor regions: 5->3(5)
[2025-10-31T08:49:07.839+0000][gc,heap       ] GC(1011) Old regions: 111->115
[2025-10-31T08:49:07.840+0000][gc,heap       ] GC(1011) Humongous regions: 156->156
[2025-10-31T08:49:07.841+0000][gc,metaspace  ] GC(1011) Metaspace: 53882K(57008K)->53882K(57008K) NonClass: 47927K(49584K)->47927K(49584K) Class: 5955K(7424K)->5955K(7424K)
[2025-10-31T08:49:07.843+0000][gc            ] GC(1011) Pause Young (Normal) (G1 Evacuation Pause) 300M->273M(704M) 144.332ms
[2025-10-31T08:49:07.844+0000][gc,cpu        ] GC(1011) User=0.25s Sys=0.00s Real=0.15s
[2025-10-31T08:50:16.857+0000][gc,start      ] GC(1012) Pause Young (Normal) (G1 Evacuation Pause)
[2025-10-31T08:50:16.858+0000][gc,task       ] GC(1012) Using 2 workers of 2 for evacuation
[2025-10-31T08:50:16.970+0000][gc,mmu        ] GC(1012) MMU target violated: 21.0ms (20.0ms/21.0ms)
[2025-10-31T08:50:16.971+0000][gc,phases     ] GC(1012)   Pre Evacuate Collection Set: 0.1ms
[2025-10-31T08:50:16.974+0000][gc,phases     ] GC(1012)   Evacuate Collection Set: 105.1ms
[2025-10-31T08:50:16.975+0000][gc,phases     ] GC(1012)   Post Evacuate Collection Set: 4.5ms
[2025-10-31T08:50:16.978+0000][gc,phases     ] GC(1012)   Other: 5.3ms
[2025-10-31T08:50:16.980+0000][gc,heap       ] GC(1012) Eden regions: 32->0(31)
[2025-10-31T08:50:16.981+0000][gc,heap       ] GC(1012) Survivor regions: 3->4(5)
[2025-10-31T08:50:16.982+0000][gc,heap       ] GC(1012) Old regions: 115->116
[2025-10-31T08:50:16.987+0000][gc,heap       ] GC(1012) Humongous regions: 156->156
[2025-10-31T08:50:16.989+0000][gc,metaspace  ] GC(1012) Metaspace: 53882K(57008K)->53882K(57008K) NonClass: 47927K(49584K)->47927K(49584K) Class: 5955K(7424K)->5955K(7424K)
[2025-10-31T08:50:16.991+0000][gc            ] GC(1012) Pause Young (Normal) (G1 Evacuation Pause) 305M->275M(704M) 134.744ms
[2025-10-31T08:50:16.992+0000][gc,cpu        ] GC(1012) User=0.22s Sys=0.00s Real=0.13s
[2025-10-31T08:51:21.867+0000][gc,start      ] GC(1013) Pause Young (Normal) (G1 Evacuation Pause)
[2025-10-31T08:51:21.868+0000][gc,task       ] GC(1013) Using 2 workers of 2 for evacuation
[2025-10-31T08:51:21.921+0000][gc,mmu        ] GC(1013) MMU target violated: 21.0ms (20.0ms/21.0ms)
[2025-10-31T08:51:21.922+0000][gc,phases     ] GC(1013)   Pre Evacuate Collection Set: 0.1ms
[2025-10-31T08:51:21.923+0000][gc,phases     ] GC(1013)   Evacuate Collection Set: 49.5ms
[2025-10-31T08:51:21.924+0000][gc,phases     ] GC(1013)   Post Evacuate Collection Set: 2.1ms
[2025-10-31T08:51:21.925+0000][gc,phases     ] GC(1013)   Other: 3.2ms
[2025-10-31T08:51:21.926+0000][gc,heap       ] GC(1013) Eden regions: 31->0(31)
[2025-10-31T08:51:21.926+0000][gc,heap       ] GC(1013) Survivor regions: 4->4(5)
[2025-10-31T08:51:21.927+0000][gc,heap       ] GC(1013) Old regions: 116->118
[2025-10-31T08:51:21.928+0000][gc,heap       ] GC(1013) Humongous regions: 156->156
[2025-10-31T08:51:21.929+0000][gc,metaspace  ] GC(1013) Metaspace: 53882K(57008K)->53882K(57008K) NonClass: 47927K(49584K)->47927K(49584K) Class: 5955K(7424K)->5955K(7424K)
[2025-10-31T08:51:21.930+0000][gc            ] GC(1013) Pause Young (Normal) (G1 Evacuation Pause) 306M->277M(704M) 62.588ms
[2025-10-31T08:51:21.930+0000][gc,cpu        ] GC(1013) User=0.11s Sys=0.00s Real=0.06s
[2025-10-31T08:52:29.739+0000][gc,start      ] GC(1014) Pause Young (Normal) (G1 Evacuation Pause)
[2025-10-31T08:52:29.742+0000][gc,task       ] GC(1014) Using 2 workers of 2 for evacuation
[2025-10-31T08:52:29.834+0000][gc,mmu        ] GC(1014) MMU target violated: 21.0ms (20.0ms/21.0ms)
[2025-10-31T08:52:29.836+0000][gc,phases     ] GC(1014)   Pre Evacuate Collection Set: 0.1ms
[2025-10-31T08:52:29.837+0000][gc,phases     ] GC(1014)   Evacuate Collection Set: 86.4ms
[2025-10-31T08:52:29.838+0000][gc,phases     ] GC(1014)   Post Evacuate Collection Set: 3.4ms
[2025-10-31T08:52:29.839+0000][gc,phases     ] GC(1014)   Other: 6.7ms
[2025-10-31T08:52:29.840+0000][gc,heap       ] GC(1014) Eden regions: 31->0(32)
[2025-10-31T08:52:29.841+0000][gc,heap       ] GC(1014) Survivor regions: 4->3(5)
[2025-10-31T08:52:29.842+0000][gc,heap       ] GC(1014) Old regions: 118->120
[2025-10-31T08:52:29.843+0000][gc,heap       ] GC(1014) Humongous regions: 156->156
[2025-10-31T08:52:29.845+0000][gc,metaspace  ] GC(1014) Metaspace: 53882K(57008K)->53882K(57008K) NonClass: 47927K(49584K)->47927K(49584K) Class: 5955K(7424K)->5955K(7424K)
[2025-10-31T08:52:29.848+0000][gc            ] GC(1014) Pause Young (Normal) (G1 Evacuation Pause) 308M->278M(704M) 108.459ms
[2025-10-31T08:52:29.854+0000][gc,cpu        ] GC(1014) User=0.18s Sys=0.00s Real=0.12s
[2025-10-31T08:53:39.999+0000][gc,start      ] GC(1015) Pause Young (Normal) (G1 Evacuation Pause)
[2025-10-31T08:53:40.000+0000][gc,task       ] GC(1015) Using 2 workers of 2 for evacuation
[2025-10-31T08:53:40.091+0000][gc,mmu        ] GC(1015) MMU target violated: 21.0ms (20.0ms/21.0ms)
[2025-10-31T08:53:40.095+0000][gc,phases     ] GC(1015)   Pre Evacuate Collection Set: 0.1ms
[2025-10-31T08:53:40.097+0000][gc,phases     ] GC(1015)   Evacuate Collection Set: 80.4ms
[2025-10-31T08:53:40.104+0000][gc,phases     ] GC(1015)   Post Evacuate Collection Set: 6.5ms
[2025-10-31T08:53:40.106+0000][gc,phases     ] GC(1015)   Other: 8.8ms
[2025-10-31T08:53:40.108+0000][gc,heap       ] GC(1015) Eden regions: 32->0(30)
[2025-10-31T08:53:40.111+0000][gc,heap       ] GC(1015) Survivor regions: 3->5(5)
[2025-10-31T08:53:40.112+0000][gc,heap       ] GC(1015) Old regions: 120->120
[2025-10-31T08:53:40.113+0000][gc,heap       ] GC(1015) Humongous regions: 156->156
[2025-10-31T08:53:40.113+0000][gc,metaspace  ] GC(1015) Metaspace: 53882K(57008K)->53882K(57008K) NonClass: 47927K(49584K)->47927K(49584K) Class: 5955K(7424K)->5955K(7424K)
[2025-10-31T08:53:40.114+0000][gc            ] GC(1015) Pause Young (Normal) (G1 Evacuation Pause) 310M->280M(704M) 115.428ms
[2025-10-31T08:53:40.115+0000][gc,cpu        ] GC(1015) User=0.18s Sys=0.00s Real=0.12s
[2025-10-31T08:54:46.403+0000][gc,start      ] GC(1016) Pause Young (Normal) (G1 Evacuation Pause)
[2025-10-31T08:54:46.403+0000][gc,task       ] GC(1016) Using 2 workers of 2 for evacuation
[2025-10-31T08:54:46.471+0000][gc,mmu        ] GC(1016) MMU target violated: 21.0ms (20.0ms/21.0ms)
[2025-10-31T08:54:46.472+0000][gc,phases     ] GC(1016)   Pre Evacuate Collection Set: 0.1ms
[2025-10-31T08:54:46.472+0000][gc,phases     ] GC(1016)   Evacuate Collection Set: 62.7ms
[2025-10-31T08:54:46.473+0000][gc,phases     ] GC(1016)   Post Evacuate Collection Set: 3.0ms
[2025-10-31T08:54:46.474+0000][gc,phases     ] GC(1016)   Other: 3.1ms
[2025-10-31T08:54:46.475+0000][gc,heap       ] GC(1016) Eden regions: 30->0(30)
[2025-10-31T08:54:46.476+0000][gc,heap       ] GC(1016) Survivor regions: 5->5(5)
[2025-10-31T08:54:46.477+0000][gc,heap       ] GC(1016) Old regions: 120->122
[2025-10-31T08:54:46.477+0000][gc,heap       ] GC(1016) Humongous regions: 156->156
[2025-10-31T08:54:46.478+0000][gc,metaspace  ] GC(1016) Metaspace: 53882K(57008K)->53882K(57008K) NonClass: 47927K(49584K)->47927K(49584K) Class: 5955K(7424K)->5955K(7424K)
[2025-10-31T08:54:46.479+0000][gc            ] GC(1016) Pause Young (Normal) (G1 Evacuation Pause) 310M->282M(704M) 76.697ms
[2025-10-31T08:54:46.480+0000][gc,cpu        ] GC(1016) User=0.13s Sys=0.00s Real=0.07s
[2025-10-31T08:55:52.261+0000][gc,start      ] GC(1017) Pause Young (Normal) (G1 Evacuation Pause)
[2025-10-31T08:55:52.263+0000][gc,task       ] GC(1017) Using 2 workers of 2 for evacuation
[2025-10-31T08:55:52.382+0000][gc,mmu        ] GC(1017) MMU target violated: 21.0ms (20.0ms/21.0ms)
[2025-10-31T08:55:52.384+0000][gc,phases     ] GC(1017)   Pre Evacuate Collection Set: 0.1ms
[2025-10-31T08:55:52.386+0000][gc,phases     ] GC(1017)   Evacuate Collection Set: 106.5ms
[2025-10-31T08:55:52.395+0000][gc,phases     ] GC(1017)   Post Evacuate Collection Set: 7.9ms
[2025-10-31T08:55:52.398+0000][gc,phases     ] GC(1017)   Other: 9.2ms
[2025-10-31T08:55:52.399+0000][gc,heap       ] GC(1017) Eden regions: 30->0(31)
[2025-10-31T08:55:52.401+0000][gc,heap       ] GC(1017) Survivor regions: 5->4(5)
[2025-10-31T08:55:52.403+0000][gc,heap       ] GC(1017) Old regions: 122->126
[2025-10-31T08:55:52.409+0000][gc,heap       ] GC(1017) Humongous regions: 156->156
[2025-10-31T08:55:52.410+0000][gc,metaspace  ] GC(1017) Metaspace: 53882K(57008K)->53882K(57008K) NonClass: 47927K(49584K)->47927K(49584K) Class: 5955K(7424K)->5955K(7424K)
[2025-10-31T08:55:52.416+0000][gc            ] GC(1017) Pause Young (Normal) (G1 Evacuation Pause) 312M->285M(704M) 154.423ms
[2025-10-31T08:55:52.418+0000][gc,cpu        ] GC(1017) User=0.23s Sys=0.00s Real=0.15s
[2025-10-31T08:56:57.134+0000][gc,start      ] GC(1018) Pause Young (Normal) (G1 Evacuation Pause)
[2025-10-31T08:56:57.136+0000][gc,task       ] GC(1018) Using 2 workers of 2 for evacuation
[2025-10-31T08:56:57.207+0000][gc,mmu        ] GC(1018) MMU target violated: 21.0ms (20.0ms/21.0ms)
[2025-10-31T08:56:57.208+0000][gc,phases     ] GC(1018)   Pre Evacuate Collection Set: 0.1ms
[2025-10-31T08:56:57.209+0000][gc,phases     ] GC(1018)   Evacuate Collection Set: 65.4ms
[2025-10-31T08:56:57.210+0000][gc,phases     ] GC(1018)   Post Evacuate Collection Set: 3.8ms
[2025-10-31T08:56:57.211+0000][gc,phases     ] GC(1018)   Other: 5.0ms
[2025-10-31T08:56:57.212+0000][gc,heap       ] GC(1018) Eden regions: 31->0(31)
[2025-10-31T08:56:57.214+0000][gc,heap       ] GC(1018) Survivor regions: 4->4(5)
[2025-10-31T08:56:57.215+0000][gc,heap       ] GC(1018) Old regions: 126->128
[2025-10-31T08:56:57.216+0000][gc,heap       ] GC(1018) Humongous regions: 156->156
[2025-10-31T08:56:57.217+0000][gc,metaspace  ] GC(1018) Metaspace: 53882K(57008K)->53882K(57008K) NonClass: 47927K(49584K)->47927K(49584K) Class: 5955K(7424K)->5955K(7424K)
[2025-10-31T08:56:57.218+0000][gc            ] GC(1018) Pause Young (Normal) (G1 Evacuation Pause) 316M->287M(704M) 83.871ms
[2025-10-31T08:56:57.219+0000][gc,cpu        ] GC(1018) User=0.15s Sys=0.00s Real=0.09s
[2025-10-31T08:58:05.356+0000][gc,start      ] GC(1019) Pause Young (Normal) (G1 Evacuation Pause)
[2025-10-31T08:58:05.357+0000][gc,task       ] GC(1019) Using 2 workers of 2 for evacuation
[2025-10-31T08:58:05.470+0000][gc,mmu        ] GC(1019) MMU target violated: 21.0ms (20.0ms/21.0ms)
[2025-10-31T08:58:05.471+0000][gc,phases     ] GC(1019)   Pre Evacuate Collection Set: 0.1ms
[2025-10-31T08:58:05.472+0000][gc,phases     ] GC(1019)   Evacuate Collection Set: 107.2ms
[2025-10-31T08:58:05.473+0000][gc,phases     ] GC(1019)   Post Evacuate Collection Set: 2.6ms
[2025-10-31T08:58:05.474+0000][gc,phases     ] GC(1019)   Other: 4.9ms
[2025-10-31T08:58:05.475+0000][gc,heap       ] GC(1019) Eden regions: 31->0(31)
[2025-10-31T08:58:05.476+0000][gc,heap       ] GC(1019) Survivor regions: 4->4(5)
[2025-10-31T08:58:05.477+0000][gc,heap       ] GC(1019) Old regions: 128->130
[2025-10-31T08:58:05.479+0000][gc,heap       ] GC(1019) Humongous regions: 156->156
[2025-10-31T08:58:05.479+0000][gc,metaspace  ] GC(1019) Metaspace: 53882K(57008K)->53882K(57008K) NonClass: 47927K(49584K)->47927K(49584K) Class: 5955K(7424K)->5955K(7424K)
[2025-10-31T08:58:05.480+0000][gc            ] GC(1019) Pause Young (Normal) (G1 Evacuation Pause) 318M->289M(704M) 123.934ms
[2025-10-31T08:58:05.482+0000][gc,cpu        ] GC(1019) User=0.22s Sys=0.00s Real=0.12s
[2025-10-31T08:59:12.878+0000][gc,start      ] GC(1020) Pause Young (Normal) (G1 Evacuation Pause)
[2025-10-31T08:59:12.881+0000][gc,task       ] GC(1020) Using 2 workers of 2 for evacuation
[2025-10-31T08:59:12.961+0000][gc,mmu        ] GC(1020) MMU target violated: 21.0ms (20.0ms/21.0ms)
[2025-10-31T08:59:12.962+0000][gc,phases     ] GC(1020)   Pre Evacuate Collection Set: 0.1ms
[2025-10-31T08:59:12.963+0000][gc,phases     ] GC(1020)   Evacuate Collection Set: 74.8ms
[2025-10-31T08:59:12.965+0000][gc,phases     ] GC(1020)   Post Evacuate Collection Set: 2.6ms
[2025-10-31T08:59:12.969+0000][gc,phases     ] GC(1020)   Other: 7.5ms
[2025-10-31T08:59:12.971+0000][gc,heap       ] GC(1020) Eden regions: 31->0(32)
[2025-10-31T08:59:12.972+0000][gc,heap       ] GC(1020) Survivor regions: 4->3(5)
[2025-10-31T08:59:12.974+0000][gc,heap       ] GC(1020) Old regions: 130->132
[2025-10-31T08:59:12.975+0000][gc,heap       ] GC(1020) Humongous regions: 156->156
[2025-10-31T08:59:12.976+0000][gc,metaspace  ] GC(1020) Metaspace: 53882K(57008K)->53882K(57008K) NonClass: 47927K(49584K)->47927K(49584K) Class: 5955K(7424K)->5955K(7424K)
[2025-10-31T08:59:12.977+0000][gc            ] GC(1020) Pause Young (Normal) (G1 Evacuation Pause) 320M->290M(704M) 99.124ms
[2025-10-31T08:59:12.979+0000][gc,cpu        ] GC(1020) User=0.16s Sys=0.00s Real=0.11s
[2025-10-31T09:00:23.002+0000][gc,start      ] GC(1021) Pause Young (Normal) (G1 Evacuation Pause)
[2025-10-31T09:00:23.004+0000][gc,task       ] GC(1021) Using 2 workers of 2 for evacuation
[2025-10-31T09:00:23.088+0000][gc,mmu        ] GC(1021) MMU target violated: 21.0ms (20.0ms/21.0ms)
[2025-10-31T09:00:23.089+0000][gc,phases     ] GC(1021)   Pre Evacuate Collection Set: 0.1ms
[2025-10-31T09:00:23.094+0000][gc,phases     ] GC(1021)   Evacuate Collection Set: 77.8ms
[2025-10-31T09:00:23.095+0000][gc,phases     ] GC(1021)   Post Evacuate Collection Set: 4.3ms
[2025-10-31T09:00:23.096+0000][gc,phases     ] GC(1021)   Other: 4.6ms
[2025-10-31T09:00:23.098+0000][gc,heap       ] GC(1021) Eden regions: 32->0(30)
[2025-10-31T09:00:23.099+0000][gc,heap       ] GC(1021) Survivor regions: 3->5(5)
[2025-10-31T09:00:23.100+0000][gc,heap       ] GC(1021) Old regions: 132->132
[2025-10-31T09:00:23.101+0000][gc,heap       ] GC(1021) Humongous regions: 156->156
[2025-10-31T09:00:23.102+0000][gc,metaspace  ] GC(1021) Metaspace: 53882K(57008K)->53882K(57008K) NonClass: 47927K(49584K)->47927K(49584K) Class: 5955K(7424K)->5955K(7424K)
[2025-10-31T09:00:23.103+0000][gc            ] GC(1021) Pause Young (Normal) (G1 Evacuation Pause) 322M->292M(704M) 100.706ms
[2025-10-31T09:00:23.104+0000][gc,cpu        ] GC(1021) User=0.17s Sys=0.00s Real=0.10s
[2025-10-31T09:01:25.953+0000][gc,start      ] GC(1022) Pause Young (Normal) (G1 Evacuation Pause)
[2025-10-31T09:01:25.958+0000][gc,task       ] GC(1022) Using 2 workers of 2 for evacuation
[2025-10-31T09:01:26.102+0000][gc,mmu        ] GC(1022) MMU target violated: 21.0ms (20.0ms/21.0ms)
[2025-10-31T09:01:26.103+0000][gc,phases     ] GC(1022)   Pre Evacuate Collection Set: 0.1ms
[2025-10-31T09:01:26.106+0000][gc,phases     ] GC(1022)   Evacuate Collection Set: 135.0ms
[2025-10-31T09:01:26.110+0000][gc,phases     ] GC(1022)   Post Evacuate Collection Set: 5.8ms
[2025-10-31T09:01:26.113+0000][gc,phases     ] GC(1022)   Other: 9.6ms
[2025-10-31T09:01:26.114+0000][gc,heap       ] GC(1022) Eden regions: 30->0(32)
[2025-10-31T09:01:26.116+0000][gc,heap       ] GC(1022) Survivor regions: 5->3(5)
[2025-10-31T09:01:26.117+0000][gc,heap       ] GC(1022) Old regions: 132->136
[2025-10-31T09:01:26.119+0000][gc,heap       ] GC(1022) Humongous regions: 156->156
[2025-10-31T09:01:26.121+0000][gc,metaspace  ] GC(1022) Metaspace: 53882K(57008K)->53882K(57008K) NonClass: 47927K(49584K)->47927K(49584K) Class: 5955K(7424K)->5955K(7424K)
[2025-10-31T09:01:26.126+0000][gc            ] GC(1022) Pause Young (Normal) (G1 Evacuation Pause) 322M->294M(704M) 173.280ms
[2025-10-31T09:01:26.129+0000][gc,cpu        ] GC(1022) User=0.29s Sys=0.00s Real=0.17s
[2025-10-31T09:02:36.568+0000][gc,start      ] GC(1023) Pause Young (Normal) (G1 Evacuation Pause)
[2025-10-31T09:02:36.569+0000][gc,task       ] GC(1023) Using 2 workers of 2 for evacuation
[2025-10-31T09:02:36.629+0000][gc,mmu        ] GC(1023) MMU target violated: 21.0ms (20.0ms/21.0ms)
[2025-10-31T09:02:36.631+0000][gc,phases     ] GC(1023)   Pre Evacuate Collection Set: 0.1ms
[2025-10-31T09:02:36.631+0000][gc,phases     ] GC(1023)   Evacuate Collection Set: 55.2ms
[2025-10-31T09:02:36.632+0000][gc,phases     ] GC(1023)   Post Evacuate Collection Set: 2.7ms
[2025-10-31T09:02:36.633+0000][gc,phases     ] GC(1023)   Other: 4.3ms
[2025-10-31T09:02:36.634+0000][gc,heap       ] GC(1023) Eden regions: 32->0(31)
[2025-10-31T09:02:36.635+0000][gc,heap       ] GC(1023) Survivor regions: 3->4(5)
[2025-10-31T09:02:36.636+0000][gc,heap       ] GC(1023) Old regions: 136->138
[2025-10-31T09:02:36.636+0000][gc,heap       ] GC(1023) Humongous regions: 156->156
[2025-10-31T09:02:36.637+0000][gc,metaspace  ] GC(1023) Metaspace: 53882K(57008K)->53882K(57008K) NonClass: 47927K(49584K)->47927K(49584K) Class: 5955K(7424K)->5955K(7424K)
[2025-10-31T09:02:36.638+0000][gc            ] GC(1023) Pause Young (Normal) (G1 Evacuation Pause) 326M->297M(704M) 69.803ms
[2025-10-31T09:02:36.641+0000][gc,cpu        ] GC(1023) User=0.11s Sys=0.00s Real=0.07s
[2025-10-31T09:03:45.280+0000][gc,start      ] GC(1024) Pause Young (Normal) (G1 Evacuation Pause)
[2025-10-31T09:03:45.283+0000][gc,task       ] GC(1024) Using 2 workers of 2 for evacuation
[2025-10-31T09:03:45.420+0000][gc,mmu        ] GC(1024) MMU target violated: 21.0ms (20.0ms/21.0ms)
[2025-10-31T09:03:45.422+0000][gc,phases     ] GC(1024)   Pre Evacuate Collection Set: 0.6ms
[2025-10-31T09:03:45.423+0000][gc,phases     ] GC(1024)   Evacuate Collection Set: 128.4ms
[2025-10-31T09:03:45.424+0000][gc,phases     ] GC(1024)   Post Evacuate Collection Set: 5.1ms
[2025-10-31T09:03:45.426+0000][gc,phases     ] GC(1024)   Other: 8.1ms
[2025-10-31T09:03:45.428+0000][gc,heap       ] GC(1024) Eden regions: 31->0(31)
[2025-10-31T09:03:45.429+0000][gc,heap       ] GC(1024) Survivor regions: 4->4(5)
[2025-10-31T09:03:45.432+0000][gc,heap       ] GC(1024) Old regions: 138->140
[2025-10-31T09:03:45.433+0000][gc,heap       ] GC(1024) Humongous regions: 156->156
[2025-10-31T09:03:45.435+0000][gc,metaspace  ] GC(1024) Metaspace: 53882K(57008K)->53882K(57008K) NonClass: 47927K(49584K)->47927K(49584K) Class: 5955K(7424K)->5955K(7424K)
[2025-10-31T09:03:45.437+0000][gc            ] GC(1024) Pause Young (Normal) (G1 Evacuation Pause) 328M->299M(704M) 157.286ms
[2025-10-31T09:03:45.439+0000][gc,cpu        ] GC(1024) User=0.26s Sys=0.00s Real=0.16s
[2025-10-31T09:04:52.172+0000][gc,start      ] GC(1025) Pause Young (Normal) (G1 Evacuation Pause)
[2025-10-31T09:04:52.173+0000][gc,task       ] GC(1025) Using 2 workers of 2 for evacuation
[2025-10-31T09:04:52.311+0000][gc,mmu        ] GC(1025) MMU target violated: 21.0ms (20.0ms/21.0ms)
[2025-10-31T09:04:52.313+0000][gc,phases     ] GC(1025)   Pre Evacuate Collection Set: 0.1ms
[2025-10-31T09:04:52.314+0000][gc,phases     ] GC(1025)   Evacuate Collection Set: 133.4ms
[2025-10-31T09:04:52.315+0000][gc,phases     ] GC(1025)   Post Evacuate Collection Set: 2.8ms
[2025-10-31T09:04:52.317+0000][gc,phases     ] GC(1025)   Other: 4.0ms
[2025-10-31T09:04:52.320+0000][gc,heap       ] GC(1025) Eden regions: 31->0(32)
[2025-10-31T09:04:52.322+0000][gc,heap       ] GC(1025) Survivor regions: 4->3(5)
[2025-10-31T09:04:52.324+0000][gc,heap       ] GC(1025) Old regions: 140->142
[2025-10-31T09:04:52.325+0000][gc,heap       ] GC(1025) Humongous regions: 156->156
[2025-10-31T09:04:52.327+0000][gc,metaspace  ] GC(1025) Metaspace: 53882K(57008K)->53882K(57008K) NonClass: 47927K(49584K)->47927K(49584K) Class: 5955K(7424K)->5955K(7424K)
[2025-10-31T09:04:52.328+0000][gc            ] GC(1025) Pause Young (Normal) (G1 Evacuation Pause) 330M->300M(704M) 156.029ms
[2025-10-31T09:04:52.330+0000][gc,cpu        ] GC(1025) User=0.22s Sys=0.00s Real=0.16s
[2025-10-31T09:05:58.554+0000][gc,start      ] GC(1026) Pause Young (Normal) (G1 Evacuation Pause)
[2025-10-31T09:05:58.556+0000][gc,task       ] GC(1026) Using 2 workers of 2 for evacuation
[2025-10-31T09:05:58.636+0000][gc,mmu        ] GC(1026) MMU target violated: 21.0ms (20.0ms/21.0ms)
[2025-10-31T09:05:58.637+0000][gc,phases     ] GC(1026)   Pre Evacuate Collection Set: 1.6ms
[2025-10-31T09:05:58.638+0000][gc,phases     ] GC(1026)   Evacuate Collection Set: 72.2ms
[2025-10-31T09:05:58.639+0000][gc,phases     ] GC(1026)   Post Evacuate Collection Set: 2.2ms
[2025-10-31T09:05:58.640+0000][gc,phases     ] GC(1026)   Other: 6.6ms
[2025-10-31T09:05:58.641+0000][gc,heap       ] GC(1026) Eden regions: 32->0(30)
[2025-10-31T09:05:58.641+0000][gc,heap       ] GC(1026) Survivor regions: 3->5(5)
[2025-10-31T09:05:58.642+0000][gc,heap       ] GC(1026) Old regions: 142->142
[2025-10-31T09:05:58.643+0000][gc,heap       ] GC(1026) Humongous regions: 156->156
[2025-10-31T09:05:58.644+0000][gc,metaspace  ] GC(1026) Metaspace: 53882K(57008K)->53882K(57008K) NonClass: 47927K(49584K)->47927K(49584K) Class: 5955K(7424K)->5955K(7424K)
[2025-10-31T09:05:58.645+0000][gc            ] GC(1026) Pause Young (Normal) (G1 Evacuation Pause) 332M->302M(704M) 90.062ms
[2025-10-31T09:05:58.646+0000][gc,cpu        ] GC(1026) User=0.15s Sys=0.00s Real=0.09s
[2025-10-31T09:07:04.863+0000][gc,start      ] GC(1027) Pause Young (Normal) (G1 Evacuation Pause)
[2025-10-31T09:07:04.865+0000][gc,task       ] GC(1027) Using 2 workers of 2 for evacuation
[2025-10-31T09:07:04.997+0000][gc,mmu        ] GC(1027) MMU target violated: 21.0ms (20.0ms/21.0ms)
[2025-10-31T09:07:05.001+0000][gc,phases     ] GC(1027)   Pre Evacuate Collection Set: 0.1ms
[2025-10-31T09:07:05.003+0000][gc,phases     ] GC(1027)   Evacuate Collection Set: 120.8ms
[2025-10-31T09:07:05.003+0000][gc,phases     ] GC(1027)   Post Evacuate Collection Set: 7.1ms
[2025-10-31T09:07:05.007+0000][gc,phases     ] GC(1027)   Other: 10.0ms
[2025-10-31T09:07:05.013+0000][gc,heap       ] GC(1027) Eden regions: 30->0(30)
[2025-10-31T09:07:05.014+0000][gc,heap       ] GC(1027) Survivor regions: 5->5(5)
[2025-10-31T09:07:05.016+0000][gc,heap       ] GC(1027) Old regions: 142->144
[2025-10-31T09:07:05.017+0000][gc,heap       ] GC(1027) Humongous regions: 156->156
[2025-10-31T09:07:05.019+0000][gc,metaspace  ] GC(1027) Metaspace: 53882K(57008K)->53882K(57008K) NonClass: 47927K(49584K)->47927K(49584K) Class: 5955K(7424K)->5955K(7424K)
[2025-10-31T09:07:05.021+0000][gc            ] GC(1027) Pause Young (Normal) (G1 Evacuation Pause) 332M->304M(704M) 157.074ms
[2025-10-31T09:07:05.021+0000][gc,cpu        ] GC(1027) User=0.26s Sys=0.00s Real=0.16s
[2025-10-31T09:08:10.593+0000][gc,start      ] GC(1028) Pause Young (Normal) (G1 Evacuation Pause)
[2025-10-31T09:08:10.595+0000][gc,task       ] GC(1028) Using 2 workers of 2 for evacuation
[2025-10-31T09:08:10.728+0000][gc,mmu        ] GC(1028) MMU target violated: 21.0ms (20.0ms/21.0ms)
[2025-10-31T09:08:10.729+0000][gc,phases     ] GC(1028)   Pre Evacuate Collection Set: 0.1ms
[2025-10-31T09:08:10.732+0000][gc,phases     ] GC(1028)   Evacuate Collection Set: 126.1ms
[2025-10-31T09:08:10.734+0000][gc,phases     ] GC(1028)   Post Evacuate Collection Set: 3.8ms
[2025-10-31T09:08:10.736+0000][gc,phases     ] GC(1028)   Other: 6.2ms
[2025-10-31T09:08:10.737+0000][gc,heap       ] GC(1028) Eden regions: 30->0(32)
[2025-10-31T09:08:10.739+0000][gc,heap       ] GC(1028) Survivor regions: 5->3(5)
[2025-10-31T09:08:10.742+0000][gc,heap       ] GC(1028) Old regions: 144->148
[2025-10-31T09:08:10.743+0000][gc,heap       ] GC(1028) Humongous regions: 156->156
[2025-10-31T09:08:10.745+0000][gc,metaspace  ] GC(1028) Metaspace: 53882K(57008K)->53882K(57008K) NonClass: 47927K(49584K)->47927K(49584K) Class: 5955K(7424K)->5955K(7424K)
[2025-10-31T09:08:10.746+0000][gc            ] GC(1028) Pause Young (Normal) (G1 Evacuation Pause) 334M->306M(704M) 153.063ms
[2025-10-31T09:08:10.748+0000][gc,cpu        ] GC(1028) User=0.26s Sys=0.00s Real=0.15s
[2025-10-31T09:09:21.187+0000][gc,start      ] GC(1029) Pause Young (Normal) (G1 Evacuation Pause)
[2025-10-31T09:09:21.187+0000][gc,task       ] GC(1029) Using 2 workers of 2 for evacuation
[2025-10-31T09:09:21.242+0000][gc,mmu        ] GC(1029) MMU target violated: 21.0ms (20.0ms/21.0ms)
[2025-10-31T09:09:21.243+0000][gc,phases     ] GC(1029)   Pre Evacuate Collection Set: 0.1ms
[2025-10-31T09:09:21.244+0000][gc,phases     ] GC(1029)   Evacuate Collection Set: 49.6ms
[2025-10-31T09:09:21.245+0000][gc,phases     ] GC(1029)   Post Evacuate Collection Set: 3.5ms
[2025-10-31T09:09:21.245+0000][gc,phases     ] GC(1029)   Other: 3.2ms
[2025-10-31T09:09:21.246+0000][gc,heap       ] GC(1029) Eden regions: 32->0(31)
[2025-10-31T09:09:21.247+0000][gc,heap       ] GC(1029) Survivor regions: 3->4(5)
[2025-10-31T09:09:21.248+0000][gc,heap       ] GC(1029) Old regions: 148->150
[2025-10-31T09:09:21.249+0000][gc,heap       ] GC(1029) Humongous regions: 156->156
[2025-10-31T09:09:21.249+0000][gc,metaspace  ] GC(1029) Metaspace: 53882K(57008K)->53882K(57008K) NonClass: 47927K(49584K)->47927K(49584K) Class: 5955K(7424K)->5955K(7424K)
[2025-10-31T09:09:21.250+0000][gc            ] GC(1029) Pause Young (Normal) (G1 Evacuation Pause) 338M->309M(704M) 63.333ms
[2025-10-31T09:09:21.251+0000][gc,cpu        ] GC(1029) User=0.11s Sys=0.00s Real=0.06s
[2025-10-31T09:10:28.903+0000][gc,start      ] GC(1030) Pause Young (Normal) (G1 Evacuation Pause)
[2025-10-31T09:10:28.905+0000][gc,task       ] GC(1030) Using 2 workers of 2 for evacuation
[2025-10-31T09:10:28.994+0000][gc,mmu        ] GC(1030) MMU target violated: 21.0ms (20.0ms/21.0ms)
[2025-10-31T09:10:28.996+0000][gc,phases     ] GC(1030)   Pre Evacuate Collection Set: 0.1ms
[2025-10-31T09:10:28.997+0000][gc,phases     ] GC(1030)   Evacuate Collection Set: 81.8ms
[2025-10-31T09:10:29.000+0000][gc,phases     ] GC(1030)   Post Evacuate Collection Set: 5.1ms
[2025-10-31T09:10:29.001+0000][gc,phases     ] GC(1030)   Other: 5.6ms
[2025-10-31T09:10:29.002+0000][gc,heap       ] GC(1030) Eden regions: 31->0(32)
[2025-10-31T09:10:29.003+0000][gc,heap       ] GC(1030) Survivor regions: 4->3(5)
[2025-10-31T09:10:29.005+0000][gc,heap       ] GC(1030) Old regions: 150->152
[2025-10-31T09:10:29.006+0000][gc,heap       ] GC(1030) Humongous regions: 156->156
[2025-10-31T09:10:29.007+0000][gc,metaspace  ] GC(1030) Metaspace: 53882K(57008K)->53882K(57008K) NonClass: 47927K(49584K)->47927K(49584K) Class: 5955K(7424K)->5955K(7424K)
[2025-10-31T09:10:29.009+0000][gc            ] GC(1030) Pause Young (Normal) (G1 Evacuation Pause) 340M->310M(704M) 106.404ms
[2025-10-31T09:10:29.011+0000][gc,cpu        ] GC(1030) User=0.18s Sys=0.00s Real=0.11s
[2025-10-31T09:11:35.102+0000][gc,start      ] GC(1031) Pause Young (Normal) (G1 Evacuation Pause)
[2025-10-31T09:11:35.104+0000][gc,task       ] GC(1031) Using 2 workers of 2 for evacuation
[2025-10-31T09:11:35.192+0000][gc,mmu        ] GC(1031) MMU target violated: 21.0ms (20.0ms/21.0ms)
[2025-10-31T09:11:35.194+0000][gc,phases     ] GC(1031)   Pre Evacuate Collection Set: 0.1ms
[2025-10-31T09:11:35.196+0000][gc,phases     ] GC(1031)   Evacuate Collection Set: 67.5ms
[2025-10-31T09:11:35.197+0000][gc,phases     ] GC(1031)   Post Evacuate Collection Set: 17.6ms
[2025-10-31T09:11:35.198+0000][gc,phases     ] GC(1031)   Other: 6.8ms
[2025-10-31T09:11:35.199+0000][gc,heap       ] GC(1031) Eden regions: 32->0(30)
[2025-10-31T09:11:35.200+0000][gc,heap       ] GC(1031) Survivor regions: 3->5(5)
[2025-10-31T09:11:35.201+0000][gc,heap       ] GC(1031) Old regions: 152->152
[2025-10-31T09:11:35.203+0000][gc,heap       ] GC(1031) Humongous regions: 156->156
[2025-10-31T09:11:35.206+0000][gc,metaspace  ] GC(1031) Metaspace: 53882K(57008K)->53882K(57008K) NonClass: 47927K(49584K)->47927K(49584K) Class: 5955K(7424K)->5955K(7424K)
[2025-10-31T09:11:35.207+0000][gc            ] GC(1031) Pause Young (Normal) (G1 Evacuation Pause) 342M->311M(704M) 104.869ms
[2025-10-31T09:11:35.210+0000][gc,cpu        ] GC(1031) User=0.15s Sys=0.00s Real=0.10s
[2025-10-31T09:12:41.109+0000][gc,start      ] GC(1032) Pause Young (Normal) (G1 Evacuation Pause)
[2025-10-31T09:12:41.110+0000][gc,task       ] GC(1032) Using 2 workers of 2 for evacuation
[2025-10-31T09:12:41.170+0000][gc,mmu        ] GC(1032) MMU target violated: 21.0ms (20.0ms/21.0ms)
[2025-10-31T09:12:41.172+0000][gc,phases     ] GC(1032)   Pre Evacuate Collection Set: 0.1ms
[2025-10-31T09:12:41.173+0000][gc,phases     ] GC(1032)   Evacuate Collection Set: 55.8ms
[2025-10-31T09:12:41.173+0000][gc,phases     ] GC(1032)   Post Evacuate Collection Set: 3.2ms
[2025-10-31T09:12:41.175+0000][gc,phases     ] GC(1032)   Other: 4.0ms
[2025-10-31T09:12:41.175+0000][gc,heap       ] GC(1032) Eden regions: 30->0(30)
[2025-10-31T09:12:41.176+0000][gc,heap       ] GC(1032) Survivor regions: 5->5(5)
[2025-10-31T09:12:41.177+0000][gc,heap       ] GC(1032) Old regions: 152->154
[2025-10-31T09:12:41.178+0000][gc,heap       ] GC(1032) Humongous regions: 156->156
[2025-10-31T09:12:41.179+0000][gc,metaspace  ] GC(1032) Metaspace: 53882K(57008K)->53882K(57008K) NonClass: 47927K(49584K)->47927K(49584K) Class: 5955K(7424K)->5955K(7424K)
[2025-10-31T09:12:41.179+0000][gc            ] GC(1032) Pause Young (Normal) (G1 Evacuation Pause) 341M->314M(704M) 70.439ms
[2025-10-31T09:12:41.180+0000][gc,cpu        ] GC(1032) User=0.12s Sys=0.00s Real=0.07s
[2025-10-31T09:13:47.081+0000][gc,start      ] GC(1033) Pause Young (Normal) (G1 Evacuation Pause)
[2025-10-31T09:13:47.084+0000][gc,task       ] GC(1033) Using 2 workers of 2 for evacuation
[2025-10-31T09:13:47.270+0000][gc,mmu        ] GC(1033) MMU target violated: 21.0ms (20.0ms/21.0ms)
[2025-10-31T09:13:47.272+0000][gc,phases     ] GC(1033)   Pre Evacuate Collection Set: 0.1ms
[2025-10-31T09:13:47.273+0000][gc,phases     ] GC(1033)   Evacuate Collection Set: 177.5ms
[2025-10-31T09:13:47.275+0000][gc,phases     ] GC(1033)   Post Evacuate Collection Set: 4.9ms
[2025-10-31T09:13:47.278+0000][gc,phases     ] GC(1033)   Other: 8.2ms
[2025-10-31T09:13:47.280+0000][gc,heap       ] GC(1033) Eden regions: 30->0(30)
[2025-10-31T09:13:47.286+0000][gc,heap       ] GC(1033) Survivor regions: 5->5(5)
[2025-10-31T09:13:47.288+0000][gc,heap       ] GC(1033) Old regions: 154->156
[2025-10-31T09:13:47.290+0000][gc,heap       ] GC(1033) Humongous regions: 156->156
[2025-10-31T09:13:47.292+0000][gc,metaspace  ] GC(1033) Metaspace: 53882K(57008K)->53882K(57008K) NonClass: 47927K(49584K)->47927K(49584K) Class: 5955K(7424K)->5955K(7424K)
[2025-10-31T09:13:47.294+0000][gc            ] GC(1033) Pause Young (Normal) (G1 Evacuation Pause) 344M->316M(704M) 212.101ms
[2025-10-31T09:13:47.295+0000][gc,cpu        ] GC(1033) User=0.38s Sys=0.00s Real=0.21s
[2025-10-31T09:14:53.041+0000][gc,start      ] GC(1034) Pause Young (Normal) (G1 Evacuation Pause)
[2025-10-31T09:14:53.044+0000][gc,task       ] GC(1034) Using 2 workers of 2 for evacuation
[2025-10-31T09:14:53.162+0000][gc,mmu        ] GC(1034) MMU target violated: 21.0ms (20.0ms/21.0ms)
[2025-10-31T09:14:53.165+0000][gc,phases     ] GC(1034)   Pre Evacuate Collection Set: 0.1ms
[2025-10-31T09:14:53.167+0000][gc,phases     ] GC(1034)   Evacuate Collection Set: 109.1ms
[2025-10-31T09:14:53.169+0000][gc,phases     ] GC(1034)   Post Evacuate Collection Set: 5.9ms
[2025-10-31T09:14:53.170+0000][gc,phases     ] GC(1034)   Other: 7.8ms
[2025-10-31T09:14:53.173+0000][gc,heap       ] GC(1034) Eden regions: 30->0(31)
[2025-10-31T09:14:53.176+0000][gc,heap       ] GC(1034) Survivor regions: 5->4(5)
[2025-10-31T09:14:53.177+0000][gc,heap       ] GC(1034) Old regions: 156->159
[2025-10-31T09:14:53.178+0000][gc,heap       ] GC(1034) Humongous regions: 156->156
[2025-10-31T09:14:53.180+0000][gc,metaspace  ] GC(1034) Metaspace: 53882K(57008K)->53882K(57008K) NonClass: 47927K(49584K)->47927K(49584K) Class: 5955K(7424K)->5955K(7424K)
[2025-10-31T09:14:53.181+0000][gc            ] GC(1034) Pause Young (Normal) (G1 Evacuation Pause) 346M->318M(704M) 144.479ms
[2025-10-31T09:14:53.183+0000][gc,cpu        ] GC(1034) User=0.23s Sys=0.00s Real=0.14s
[2025-10-31T09:15:52.891+0000][gc,start      ] GC(1035) Pause Young (Normal) (G1 Evacuation Pause)
[2025-10-31T09:15:52.892+0000][gc,task       ] GC(1035) Using 2 workers of 2 for evacuation
[2025-10-31T09:15:53.187+0000][gc,mmu        ] GC(1035) MMU target violated: 21.0ms (20.0ms/21.0ms)
[2025-10-31T09:15:53.190+0000][gc,phases     ] GC(1035)   Pre Evacuate Collection Set: 0.1ms
[2025-10-31T09:15:53.215+0000][gc,phases     ] GC(1035)   Evacuate Collection Set: 279.9ms
[2025-10-31T09:15:53.216+0000][gc,phases     ] GC(1035)   Post Evacuate Collection Set: 12.5ms
[2025-10-31T09:15:53.219+0000][gc,phases     ] GC(1035)   Other: 6.9ms
[2025-10-31T09:15:53.222+0000][gc,heap       ] GC(1035) Eden regions: 31->0(30)
[2025-10-31T09:15:53.224+0000][gc,heap       ] GC(1035) Survivor regions: 4->5(5)
[2025-10-31T09:15:53.224+0000][gc,heap       ] GC(1035) Old regions: 159->162
[2025-10-31T09:15:53.225+0000][gc,heap       ] GC(1035) Humongous regions: 156->156
[2025-10-31T09:15:53.232+0000][gc,metaspace  ] GC(1035) Metaspace: 53883K(57008K)->53883K(57008K) NonClass: 47927K(49584K)->47927K(49584K) Class: 5955K(7424K)->5955K(7424K)
[2025-10-31T09:15:53.233+0000][gc            ] GC(1035) Pause Young (Normal) (G1 Evacuation Pause) 349M->322M(704M) 343.172ms
[2025-10-31T09:15:53.234+0000][gc,cpu        ] GC(1035) User=0.38s Sys=0.00s Real=0.35s
[2025-10-31T09:17:03.464+0000][gc,start      ] GC(1036) Pause Young (Normal) (G1 Evacuation Pause)
[2025-10-31T09:17:03.467+0000][gc,task       ] GC(1036) Using 2 workers of 2 for evacuation
[2025-10-31T09:17:03.583+0000][gc,mmu        ] GC(1036) MMU target violated: 21.0ms (20.0ms/21.0ms)
[2025-10-31T09:17:03.584+0000][gc,phases     ] GC(1036)   Pre Evacuate Collection Set: 0.2ms
[2025-10-31T09:17:03.584+0000][gc,phases     ] GC(1036)   Evacuate Collection Set: 110.6ms
[2025-10-31T09:17:03.585+0000][gc,phases     ] GC(1036)   Post Evacuate Collection Set: 2.9ms
[2025-10-31T09:17:03.586+0000][gc,phases     ] GC(1036)   Other: 6.4ms
[2025-10-31T09:17:03.587+0000][gc,heap       ] GC(1036) Eden regions: 30->0(30)
[2025-10-31T09:17:03.588+0000][gc,heap       ] GC(1036) Survivor regions: 5->5(5)
[2025-10-31T09:17:03.589+0000][gc,heap       ] GC(1036) Old regions: 162->166
[2025-10-31T09:17:03.589+0000][gc,heap       ] GC(1036) Humongous regions: 156->156
[2025-10-31T09:17:03.590+0000][gc,metaspace  ] GC(1036) Metaspace: 53899K(57008K)->53899K(57008K) NonClass: 47944K(49584K)->47944K(49584K) Class: 5955K(7424K)->5955K(7424K)
[2025-10-31T09:17:03.591+0000][gc            ] GC(1036) Pause Young (Normal) (G1 Evacuation Pause) 352M->326M(704M) 127.525ms
[2025-10-31T09:17:03.592+0000][gc,cpu        ] GC(1036) User=0.23s Sys=0.00s Real=0.13s
[2025-10-31T09:32:24.570+0000][gc,start      ] GC(1037) Pause Young (Normal) (G1 Evacuation Pause)
[2025-10-31T09:32:24.575+0000][gc,task       ] GC(1037) Using 2 workers of 2 for evacuation
[2025-10-31T09:32:24.611+0000][gc,mmu        ] GC(1037) MMU target violated: 21.0ms (20.0ms/21.0ms)
[2025-10-31T09:32:24.612+0000][gc,phases     ] GC(1037)   Pre Evacuate Collection Set: 0.0ms
[2025-10-31T09:32:24.613+0000][gc,phases     ] GC(1037)   Evacuate Collection Set: 32.9ms
[2025-10-31T09:32:24.613+0000][gc,phases     ] GC(1037)   Post Evacuate Collection Set: 0.5ms
[2025-10-31T09:32:24.613+0000][gc,phases     ] GC(1037)   Other: 8.8ms
[2025-10-31T09:32:24.613+0000][gc,heap       ] GC(1037) Eden regions: 30->0(33)
[2025-10-31T09:32:24.615+0000][gc,heap       ] GC(1037) Survivor regions: 5->2(5)
[2025-10-31T09:32:24.615+0000][gc,heap       ] GC(1037) Old regions: 166->170
[2025-10-31T09:32:24.616+0000][gc,heap       ] GC(1037) Humongous regions: 156->156
[2025-10-31T09:32:24.616+0000][gc,metaspace  ] GC(1037) Metaspace: 53921K(57008K)->53921K(57008K) NonClass: 47962K(49584K)->47962K(49584K) Class: 5959K(7424K)->5959K(7424K)
[2025-10-31T09:32:24.618+0000][gc            ] GC(1037) Pause Young (Normal) (G1 Evacuation Pause) 356M->327M(704M) 47.579ms
[2025-10-31T09:32:24.618+0000][gc,cpu        ] GC(1037) User=0.05s Sys=0.00s Real=0.04s
[2025-10-31T09:32:24.923+0000][gc,start      ] GC(1038) Pause Young (Concurrent Start) (G1 Humongous Allocation)
[2025-10-31T09:32:24.923+0000][gc,task       ] GC(1038) Using 2 workers of 2 for evacuation
[2025-10-31T09:32:24.937+0000][gc,phases     ] GC(1038)   Pre Evacuate Collection Set: 0.3ms
[2025-10-31T09:32:24.938+0000][gc,phases     ] GC(1038)   Evacuate Collection Set: 10.9ms
[2025-10-31T09:32:24.941+0000][gc,phases     ] GC(1038)   Post Evacuate Collection Set: 2.0ms
[2025-10-31T09:32:24.941+0000][gc,phases     ] GC(1038)   Other: 1.1ms
[2025-10-31T09:32:24.942+0000][gc,heap       ] GC(1038) Eden regions: 17->0(32)
[2025-10-31T09:32:24.942+0000][gc,heap       ] GC(1038) Survivor regions: 2->3(5)
[2025-10-31T09:32:24.949+0000][gc,heap       ] GC(1038) Old regions: 170->170
[2025-10-31T09:32:24.953+0000][gc,heap       ] GC(1038) Humongous regions: 426->156
[2025-10-31T09:32:24.954+0000][gc,metaspace  ] GC(1038) Metaspace: 53932K(57008K)->53932K(57008K) NonClass: 47972K(49584K)->47972K(49584K) Class: 5959K(7424K)->5959K(7424K)
[2025-10-31T09:32:24.954+0000][gc            ] GC(1038) Pause Young (Concurrent Start) (G1 Humongous Allocation) 613M->327M(704M) 31.416ms
[2025-10-31T09:32:24.954+0000][gc,cpu        ] GC(1038) User=0.03s Sys=0.00s Real=0.03s
[2025-10-31T09:32:24.955+0000][gc            ] GC(1039) Concurrent Cycle
[2025-10-31T09:32:24.955+0000][gc,marking    ] GC(1039) Concurrent Clear Claimed Marks
[2025-10-31T09:32:24.956+0000][gc,marking    ] GC(1039) Concurrent Clear Claimed Marks 0.795ms
[2025-10-31T09:32:24.956+0000][gc,marking    ] GC(1039) Concurrent Scan Root Regions
[2025-10-31T09:32:24.962+0000][gc,marking    ] GC(1039) Concurrent Scan Root Regions 5.479ms
[2025-10-31T09:32:24.962+0000][gc,marking    ] GC(1039) Concurrent Mark (56588.128s)
[2025-10-31T09:32:24.962+0000][gc,marking    ] GC(1039) Concurrent Mark From Roots
[2025-10-31T09:32:24.963+0000][gc,task       ] GC(1039) Using 1 workers of 1 for marking
[2025-10-31T09:32:25.145+0000][gc,marking    ] GC(1039) Concurrent Mark From Roots 183.037ms
[2025-10-31T09:32:25.146+0000][gc,marking    ] GC(1039) Concurrent Preclean
[2025-10-31T09:32:25.147+0000][gc,marking    ] GC(1039) Concurrent Preclean 0.560ms
[2025-10-31T09:32:25.147+0000][gc,marking    ] GC(1039) Concurrent Mark (56588.128s, 56588.313s) 184.726ms
[2025-10-31T09:32:25.148+0000][gc,start      ] GC(1039) Pause Remark
[2025-10-31T09:32:25.176+0000][gc,stringtable] GC(1039) Cleaned string and symbol table, strings: 17254 processed, 3 removed, symbols: 123945 processed, 0 removed
[2025-10-31T09:32:25.178+0000][gc,mmu        ] GC(1039) MMU target violated: 21.0ms (20.0ms/21.0ms)
[2025-10-31T09:32:25.179+0000][gc            ] GC(1039) Pause Remark 364M->305M(704M) 30.327ms
[2025-10-31T09:32:25.179+0000][gc,cpu        ] GC(1039) User=0.05s Sys=0.00s Real=0.03s
[2025-10-31T09:32:25.179+0000][gc,marking    ] GC(1039) Concurrent Rebuild Remembered Sets
[2025-10-31T09:32:25.227+0000][gc,marking    ] GC(1039) Concurrent Rebuild Remembered Sets 47.335ms
[2025-10-31T09:32:25.230+0000][gc,start      ] GC(1039) Pause Cleanup
[2025-10-31T09:32:25.231+0000][gc            ] GC(1039) Pause Cleanup 306M->306M(704M) 0.837ms
[2025-10-31T09:32:25.231+0000][gc,cpu        ] GC(1039) User=0.00s Sys=0.00s Real=0.01s
[2025-10-31T09:32:25.232+0000][gc,marking    ] GC(1039) Concurrent Cleanup for Next Mark
[2025-10-31T09:32:25.262+0000][gc,marking    ] GC(1039) Concurrent Cleanup for Next Mark 30.716ms
[2025-10-31T09:32:25.263+0000][gc            ] GC(1039) Concurrent Cycle 307.785ms
[2025-10-31T09:33:07.076+0000][gc,start      ] GC(1040) Pause Young (Prepare Mixed) (G1 Evacuation Pause)
[2025-10-31T09:33:07.077+0000][gc,task       ] GC(1040) Using 2 workers of 2 for evacuation
[2025-10-31T09:33:07.205+0000][gc,mmu        ] GC(1040) MMU target violated: 21.0ms (20.0ms/21.0ms)
[2025-10-31T09:33:07.208+0000][gc,phases     ] GC(1040)   Pre Evacuate Collection Set: 0.2ms
[2025-10-31T09:33:07.209+0000][gc,phases     ] GC(1040)   Evacuate Collection Set: 116.5ms
[2025-10-31T09:33:07.210+0000][gc,phases     ] GC(1040)   Post Evacuate Collection Set: 3.6ms
[2025-10-31T09:33:07.212+0000][gc,phases     ] GC(1040)   Other: 11.7ms
[2025-10-31T09:33:07.213+0000][gc,heap       ] GC(1040) Eden regions: 32->0(30)
[2025-10-31T09:33:07.214+0000][gc,heap       ] GC(1040) Survivor regions: 3->5(5)
[2025-10-31T09:33:07.216+0000][gc,heap       ] GC(1040) Old regions: 111->111
[2025-10-31T09:33:07.219+0000][gc,heap       ] GC(1040) Humongous regions: 186->156
[2025-10-31T09:33:07.221+0000][gc,metaspace  ] GC(1040) Metaspace: 53945K(57008K)->53945K(57008K) NonClass: 47986K(49584K)->47986K(49584K) Class: 5959K(7424K)->5959K(7424K)
[2025-10-31T09:33:07.225+0000][gc            ] GC(1040) Pause Young (Prepare Mixed) (G1 Evacuation Pause) 330M->271M(704M) 148.854ms
[2025-10-31T09:33:07.227+0000][gc,cpu        ] GC(1040) User=0.17s Sys=0.00s Real=0.15s
[2025-10-31T09:34:13.339+0000][gc,start      ] GC(1041) Pause Young (Mixed) (G1 Evacuation Pause)
[2025-10-31T09:34:13.340+0000][gc,task       ] GC(1041) Using 2 workers of 2 for evacuation
[2025-10-31T09:34:13.435+0000][gc,mmu        ] GC(1041) MMU target violated: 21.0ms (20.0ms/21.0ms)
[2025-10-31T09:34:13.436+0000][gc,phases     ] GC(1041)   Pre Evacuate Collection Set: 0.1ms
[2025-10-31T09:34:13.438+0000][gc,phases     ] GC(1041)   Evacuate Collection Set: 89.8ms
[2025-10-31T09:34:13.439+0000][gc,phases     ] GC(1041)   Post Evacuate Collection Set: 3.3ms
[2025-10-31T09:34:13.441+0000][gc,phases     ] GC(1041)   Other: 3.6ms
[2025-10-31T09:34:13.443+0000][gc,heap       ] GC(1041) Eden regions: 30->0(31)
[2025-10-31T09:34:13.444+0000][gc,heap       ] GC(1041) Survivor regions: 5->4(5)
[2025-10-31T09:34:13.446+0000][gc,heap       ] GC(1041) Old regions: 111->101
[2025-10-31T09:34:13.447+0000][gc,heap       ] GC(1041) Humongous regions: 156->156
[2025-10-31T09:34:13.451+0000][gc,metaspace  ] GC(1041) Metaspace: 53945K(57008K)->53945K(57008K) NonClass: 47986K(49584K)->47986K(49584K) Class: 5959K(7424K)->5959K(7424K)
[2025-10-31T09:34:13.454+0000][gc            ] GC(1041) Pause Young (Mixed) (G1 Evacuation Pause) 301M->260M(704M) 114.905ms
[2025-10-31T09:34:13.456+0000][gc,cpu        ] GC(1041) User=0.19s Sys=0.00s Real=0.12s
[2025-10-31T09:35:22.231+0000][gc,start      ] GC(1042) Pause Young (Mixed) (G1 Evacuation Pause)
[2025-10-31T09:35:22.232+0000][gc,task       ] GC(1042) Using 2 workers of 2 for evacuation
[2025-10-31T09:35:22.292+0000][gc,mmu        ] GC(1042) MMU target violated: 21.0ms (20.0ms/21.0ms)
[2025-10-31T09:35:22.293+0000][gc,phases     ] GC(1042)   Pre Evacuate Collection Set: 0.1ms
[2025-10-31T09:35:22.294+0000][gc,phases     ] GC(1042)   Evacuate Collection Set: 55.3ms
[2025-10-31T09:35:22.295+0000][gc,phases     ] GC(1042)   Post Evacuate Collection Set: 2.8ms
[2025-10-31T09:35:22.296+0000][gc,phases     ] GC(1042)   Other: 4.1ms
[2025-10-31T09:35:22.296+0000][gc,heap       ] GC(1042) Eden regions: 31->0(30)
[2025-10-31T09:35:22.298+0000][gc,heap       ] GC(1042) Survivor regions: 4->5(5)
[2025-10-31T09:35:22.298+0000][gc,heap       ] GC(1042) Old regions: 101->90
[2025-10-31T09:35:22.299+0000][gc,heap       ] GC(1042) Humongous regions: 156->156
[2025-10-31T09:35:22.300+0000][gc,metaspace  ] GC(1042) Metaspace: 53945K(57008K)->53945K(57008K) NonClass: 47986K(49584K)->47986K(49584K) Class: 5959K(7424K)->5959K(7424K)
[2025-10-31T09:35:22.301+0000][gc            ] GC(1042) Pause Young (Mixed) (G1 Evacuation Pause) 291M->250M(704M) 70.213ms
[2025-10-31T09:35:22.302+0000][gc,cpu        ] GC(1042) User=0.12s Sys=0.00s Real=0.07s
[2025-10-31T09:36:28.464+0000][gc,start      ] GC(1043) Pause Young (Mixed) (G1 Evacuation Pause)
[2025-10-31T09:36:28.466+0000][gc,task       ] GC(1043) Using 2 workers of 2 for evacuation
[2025-10-31T09:36:28.542+0000][gc,mmu        ] GC(1043) MMU target violated: 21.0ms (20.0ms/21.0ms)
[2025-10-31T09:36:28.543+0000][gc,phases     ] GC(1043)   Pre Evacuate Collection Set: 0.1ms
[2025-10-31T09:36:28.544+0000][gc,phases     ] GC(1043)   Evacuate Collection Set: 66.9ms
[2025-10-31T09:36:28.546+0000][gc,phases     ] GC(1043)   Post Evacuate Collection Set: 6.2ms
[2025-10-31T09:36:28.547+0000][gc,phases     ] GC(1043)   Other: 5.4ms
[2025-10-31T09:36:28.549+0000][gc,heap       ] GC(1043) Eden regions: 30->0(32)
[2025-10-31T09:36:28.556+0000][gc,heap       ] GC(1043) Survivor regions: 5->3(5)
[2025-10-31T09:36:28.557+0000][gc,heap       ] GC(1043) Old regions: 90->79
[2025-10-31T09:36:28.557+0000][gc,heap       ] GC(1043) Humongous regions: 156->156
[2025-10-31T09:36:28.560+0000][gc,metaspace  ] GC(1043) Metaspace: 53945K(57008K)->53945K(57008K) NonClass: 47986K(49584K)->47986K(49584K) Class: 5959K(7424K)->5959K(7424K)
[2025-10-31T09:36:28.561+0000][gc            ] GC(1043) Pause Young (Mixed) (G1 Evacuation Pause) 280M->237M(704M) 97.268ms
[2025-10-31T09:36:28.562+0000][gc,cpu        ] GC(1043) User=0.15s Sys=0.00s Real=0.10s
[2025-10-31T09:37:35.641+0000][gc,start      ] GC(1044) Pause Young (Mixed) (G1 Evacuation Pause)
[2025-10-31T09:37:35.643+0000][gc,task       ] GC(1044) Using 2 workers of 2 for evacuation
[2025-10-31T09:37:35.739+0000][gc,mmu        ] GC(1044) MMU target violated: 21.0ms (20.0ms/21.0ms)
[2025-10-31T09:37:35.741+0000][gc,phases     ] GC(1044)   Pre Evacuate Collection Set: 0.1ms
[2025-10-31T09:37:35.742+0000][gc,phases     ] GC(1044)   Evacuate Collection Set: 87.8ms
[2025-10-31T09:37:35.744+0000][gc,phases     ] GC(1044)   Post Evacuate Collection Set: 5.4ms
[2025-10-31T09:37:35.748+0000][gc,phases     ] GC(1044)   Other: 6.8ms
[2025-10-31T09:37:35.749+0000][gc,heap       ] GC(1044) Eden regions: 32->0(30)
[2025-10-31T09:37:35.757+0000][gc,heap       ] GC(1044) Survivor regions: 3->5(5)
[2025-10-31T09:37:35.758+0000][gc,heap       ] GC(1044) Old regions: 79->67
[2025-10-31T09:37:35.759+0000][gc,heap       ] GC(1044) Humongous regions: 156->156
[2025-10-31T09:37:35.765+0000][gc,metaspace  ] GC(1044) Metaspace: 53945K(57008K)->53945K(57008K) NonClass: 47986K(49584K)->47986K(49584K) Class: 5959K(7424K)->5959K(7424K)
[2025-10-31T09:37:35.767+0000][gc            ] GC(1044) Pause Young (Mixed) (G1 Evacuation Pause) 269M->226M(704M) 125.856ms
[2025-10-31T09:37:35.769+0000][gc,cpu        ] GC(1044) User=0.19s Sys=0.00s Real=0.13s
[2025-10-31T09:38:41.995+0000][gc,start      ] GC(1045) Pause Young (Mixed) (G1 Evacuation Pause)
[2025-10-31T09:38:41.996+0000][gc,task       ] GC(1045) Using 2 workers of 2 for evacuation
[2025-10-31T09:38:42.055+0000][gc,mmu        ] GC(1045) MMU target violated: 21.0ms (20.0ms/21.0ms)
[2025-10-31T09:38:42.057+0000][gc,phases     ] GC(1045)   Pre Evacuate Collection Set: 0.1ms
[2025-10-31T09:38:42.057+0000][gc,phases     ] GC(1045)   Evacuate Collection Set: 54.7ms
[2025-10-31T09:38:42.058+0000][gc,phases     ] GC(1045)   Post Evacuate Collection Set: 2.5ms
[2025-10-31T09:38:42.059+0000][gc,phases     ] GC(1045)   Other: 4.7ms
[2025-10-31T09:38:42.060+0000][gc,heap       ] GC(1045) Eden regions: 30->0(30)
[2025-10-31T09:38:42.061+0000][gc,heap       ] GC(1045) Survivor regions: 5->5(5)
[2025-10-31T09:38:42.061+0000][gc,heap       ] GC(1045) Old regions: 67->67
[2025-10-31T09:38:42.062+0000][gc,heap       ] GC(1045) Humongous regions: 156->156
[2025-10-31T09:38:42.063+0000][gc,metaspace  ] GC(1045) Metaspace: 53945K(57008K)->53945K(57008K) NonClass: 47986K(49584K)->47986K(49584K) Class: 5959K(7424K)->5959K(7424K)
[2025-10-31T09:38:42.064+0000][gc            ] GC(1045) Pause Young (Mixed) (G1 Evacuation Pause) 256M->227M(704M) 69.320ms
[2025-10-31T09:38:42.065+0000][gc,cpu        ] GC(1045) User=0.11s Sys=0.00s Real=0.07s
[2025-10-31T09:39:47.320+0000][gc,start      ] GC(1046) Pause Young (Normal) (G1 Evacuation Pause)
[2025-10-31T09:39:47.321+0000][gc,task       ] GC(1046) Using 2 workers of 2 for evacuation
[2025-10-31T09:39:47.405+0000][gc,mmu        ] GC(1046) MMU target violated: 21.0ms (20.0ms/21.0ms)
[2025-10-31T09:39:47.407+0000][gc,phases     ] GC(1046)   Pre Evacuate Collection Set: 0.1ms
[2025-10-31T09:39:47.407+0000][gc,phases     ] GC(1046)   Evacuate Collection Set: 78.0ms
[2025-10-31T09:39:47.409+0000][gc,phases     ] GC(1046)   Post Evacuate Collection Set: 4.0ms
[2025-10-31T09:39:47.410+0000][gc,phases     ] GC(1046)   Other: 4.6ms
[2025-10-31T09:39:47.410+0000][gc,heap       ] GC(1046) Eden regions: 30->0(32)
[2025-10-31T09:39:47.412+0000][gc,heap       ] GC(1046) Survivor regions: 5->3(5)
[2025-10-31T09:39:47.413+0000][gc,heap       ] GC(1046) Old regions: 67->70
[2025-10-31T09:39:47.413+0000][gc,heap       ] GC(1046) Humongous regions: 156->156
[2025-10-31T09:39:47.415+0000][gc,metaspace  ] GC(1046) Metaspace: 53945K(57008K)->53945K(57008K) NonClass: 47986K(49584K)->47986K(49584K) Class: 5959K(7424K)->5959K(7424K)
[2025-10-31T09:39:47.417+0000][gc            ] GC(1046) Pause Young (Normal) (G1 Evacuation Pause) 257M->229M(704M) 96.576ms
[2025-10-31T09:39:47.418+0000][gc,cpu        ] GC(1046) User=0.17s Sys=0.00s Real=0.10s
[2025-10-31T09:40:57.736+0000][gc,start      ] GC(1047) Pause Young (Normal) (G1 Evacuation Pause)
[2025-10-31T09:40:57.737+0000][gc,task       ] GC(1047) Using 2 workers of 2 for evacuation
[2025-10-31T09:40:57.796+0000][gc,mmu        ] GC(1047) MMU target violated: 21.0ms (20.0ms/21.0ms)
[2025-10-31T09:40:57.797+0000][gc,phases     ] GC(1047)   Pre Evacuate Collection Set: 0.1ms
[2025-10-31T09:40:57.798+0000][gc,phases     ] GC(1047)   Evacuate Collection Set: 54.1ms
[2025-10-31T09:40:57.799+0000][gc,phases     ] GC(1047)   Post Evacuate Collection Set: 3.3ms
[2025-10-31T09:40:57.800+0000][gc,phases     ] GC(1047)   Other: 3.6ms
[2025-10-31T09:40:57.801+0000][gc,heap       ] GC(1047) Eden regions: 32->0(31)
[2025-10-31T09:40:57.802+0000][gc,heap       ] GC(1047) Survivor regions: 3->4(5)
[2025-10-31T09:40:57.804+0000][gc,heap       ] GC(1047) Old regions: 70->72
[2025-10-31T09:40:57.805+0000][gc,heap       ] GC(1047) Humongous regions: 156->156
[2025-10-31T09:40:57.806+0000][gc,metaspace  ] GC(1047) Metaspace: 53945K(57008K)->53945K(57008K) NonClass: 47986K(49584K)->47986K(49584K) Class: 5959K(7424K)->5959K(7424K)
[2025-10-31T09:40:57.806+0000][gc            ] GC(1047) Pause Young (Normal) (G1 Evacuation Pause) 261M->231M(704M) 70.078ms
[2025-10-31T09:40:57.807+0000][gc,cpu        ] GC(1047) User=0.12s Sys=0.00s Real=0.07s
[2025-10-31T09:42:06.520+0000][gc,start      ] GC(1048) Pause Young (Normal) (G1 Evacuation Pause)
[2025-10-31T09:42:06.521+0000][gc,task       ] GC(1048) Using 2 workers of 2 for evacuation
[2025-10-31T09:42:06.603+0000][gc,mmu        ] GC(1048) MMU target violated: 21.0ms (20.0ms/21.0ms)
[2025-10-31T09:42:06.605+0000][gc,phases     ] GC(1048)   Pre Evacuate Collection Set: 0.1ms
[2025-10-31T09:42:06.607+0000][gc,phases     ] GC(1048)   Evacuate Collection Set: 73.4ms
[2025-10-31T09:42:06.607+0000][gc,phases     ] GC(1048)   Post Evacuate Collection Set: 6.0ms
[2025-10-31T09:42:06.609+0000][gc,phases     ] GC(1048)   Other: 6.5ms
[2025-10-31T09:42:06.610+0000][gc,heap       ] GC(1048) Eden regions: 31->0(30)
[2025-10-31T09:42:06.612+0000][gc,heap       ] GC(1048) Survivor regions: 4->5(5)
[2025-10-31T09:42:06.613+0000][gc,heap       ] GC(1048) Old regions: 72->74
[2025-10-31T09:42:06.614+0000][gc,heap       ] GC(1048) Humongous regions: 156->156
[2025-10-31T09:42:06.615+0000][gc,metaspace  ] GC(1048) Metaspace: 53945K(57008K)->53945K(57008K) NonClass: 47986K(49584K)->47986K(49584K) Class: 5959K(7424K)->5959K(7424K)
[2025-10-31T09:42:06.616+0000][gc            ] GC(1048) Pause Young (Normal) (G1 Evacuation Pause) 262M->234M(704M) 95.877ms
[2025-10-31T09:42:06.616+0000][gc,cpu        ] GC(1048) User=0.16s Sys=0.00s Real=0.10s
[2025-10-31T09:43:08.677+0000][gc,start      ] GC(1049) Pause Young (Normal) (G1 Evacuation Pause)
[2025-10-31T09:43:08.678+0000][gc,task       ] GC(1049) Using 2 workers of 2 for evacuation
[2025-10-31T09:43:08.726+0000][gc,mmu        ] GC(1049) MMU target violated: 21.0ms (20.0ms/21.0ms)
[2025-10-31T09:43:08.727+0000][gc,phases     ] GC(1049)   Pre Evacuate Collection Set: 0.1ms
[2025-10-31T09:43:08.728+0000][gc,phases     ] GC(1049)   Evacuate Collection Set: 43.5ms
[2025-10-31T09:43:08.728+0000][gc,phases     ] GC(1049)   Post Evacuate Collection Set: 2.6ms
[2025-10-31T09:43:08.729+0000][gc,phases     ] GC(1049)   Other: 3.3ms
[2025-10-31T09:43:08.730+0000][gc,heap       ] GC(1049) Eden regions: 30->0(32)
[2025-10-31T09:43:08.731+0000][gc,heap       ] GC(1049) Survivor regions: 5->3(5)
[2025-10-31T09:43:08.732+0000][gc,heap       ] GC(1049) Old regions: 74->76
[2025-10-31T09:43:08.732+0000][gc,heap       ] GC(1049) Humongous regions: 156->156
[2025-10-31T09:43:08.733+0000][gc,metaspace  ] GC(1049) Metaspace: 53945K(57008K)->53945K(57008K) NonClass: 47986K(49584K)->47986K(49584K) Class: 5959K(7424K)->5959K(7424K)
[2025-10-31T09:43:08.734+0000][gc            ] GC(1049) Pause Young (Normal) (G1 Evacuation Pause) 264M->234M(704M) 56.531ms
[2025-10-31T09:43:08.735+0000][gc,cpu        ] GC(1049) User=0.09s Sys=0.00s Real=0.06s
[2025-10-31T09:44:19.696+0000][gc,start      ] GC(1050) Pause Young (Normal) (G1 Evacuation Pause)
[2025-10-31T09:44:19.698+0000][gc,task       ] GC(1050) Using 2 workers of 2 for evacuation
[2025-10-31T09:44:19.774+0000][gc,mmu        ] GC(1050) MMU target violated: 21.0ms (20.0ms/21.0ms)
[2025-10-31T09:44:19.775+0000][gc,phases     ] GC(1050)   Pre Evacuate Collection Set: 0.1ms
[2025-10-31T09:44:19.777+0000][gc,phases     ] GC(1050)   Evacuate Collection Set: 70.8ms
[2025-10-31T09:44:19.779+0000][gc,phases     ] GC(1050)   Post Evacuate Collection Set: 4.1ms
[2025-10-31T09:44:19.780+0000][gc,phases     ] GC(1050)   Other: 4.2ms
[2025-10-31T09:44:19.781+0000][gc,heap       ] GC(1050) Eden regions: 32->0(30)
[2025-10-31T09:44:19.782+0000][gc,heap       ] GC(1050) Survivor regions: 3->5(5)
[2025-10-31T09:44:19.784+0000][gc,heap       ] GC(1050) Old regions: 76->76
[2025-10-31T09:44:19.785+0000][gc,heap       ] GC(1050) Humongous regions: 156->156
[2025-10-31T09:44:19.786+0000][gc,metaspace  ] GC(1050) Metaspace: 53945K(57008K)->53945K(57008K) NonClass: 47986K(49584K)->47986K(49584K) Class: 5959K(7424K)->5959K(7424K)
[2025-10-31T09:44:19.787+0000][gc            ] GC(1050) Pause Young (Normal) (G1 Evacuation Pause) 266M->236M(704M) 90.501ms
[2025-10-31T09:44:19.788+0000][gc,cpu        ] GC(1050) User=0.15s Sys=0.00s Real=0.09s
[2025-10-31T09:45:25.918+0000][gc,start      ] GC(1051) Pause Young (Normal) (G1 Evacuation Pause)
[2025-10-31T09:45:25.926+0000][gc,task       ] GC(1051) Using 2 workers of 2 for evacuation
[2025-10-31T09:45:26.222+0000][gc,mmu        ] GC(1051) MMU target violated: 21.0ms (20.0ms/21.0ms)
[2025-10-31T09:45:26.228+0000][gc,phases     ] GC(1051)   Pre Evacuate Collection Set: 0.1ms
[2025-10-31T09:45:26.229+0000][gc,phases     ] GC(1051)   Evacuate Collection Set: 287.0ms
[2025-10-31T09:45:26.230+0000][gc,phases     ] GC(1051)   Post Evacuate Collection Set: 3.8ms
[2025-10-31T09:45:26.231+0000][gc,phases     ] GC(1051)   Other: 19.7ms
[2025-10-31T09:45:26.242+0000][gc,heap       ] GC(1051) Eden regions: 30->0(32)
[2025-10-31T09:45:26.250+0000][gc,heap       ] GC(1051) Survivor regions: 5->3(5)
[2025-10-31T09:45:26.255+0000][gc,heap       ] GC(1051) Old regions: 76->80
[2025-10-31T09:45:26.258+0000][gc,heap       ] GC(1051) Humongous regions: 156->156
[2025-10-31T09:45:26.260+0000][gc,metaspace  ] GC(1051) Metaspace: 53945K(57008K)->53945K(57008K) NonClass: 47986K(49584K)->47986K(49584K) Class: 5959K(7424K)->5959K(7424K)
[2025-10-31T09:45:26.263+0000][gc            ] GC(1051) Pause Young (Normal) (G1 Evacuation Pause) 266M->238M(704M) 344.636ms
[2025-10-31T09:45:26.264+0000][gc,cpu        ] GC(1051) User=0.40s Sys=0.05s Real=0.34s
[2025-10-31T09:46:38.215+0000][gc,start      ] GC(1052) Pause Young (Normal) (G1 Evacuation Pause)
[2025-10-31T09:46:38.216+0000][gc,task       ] GC(1052) Using 2 workers of 2 for evacuation
[2025-10-31T09:46:38.303+0000][gc,mmu        ] GC(1052) MMU target violated: 21.0ms (20.0ms/21.0ms)
[2025-10-31T09:46:38.304+0000][gc,phases     ] GC(1052)   Pre Evacuate Collection Set: 0.1ms
[2025-10-31T09:46:38.305+0000][gc,phases     ] GC(1052)   Evacuate Collection Set: 81.4ms
[2025-10-31T09:46:38.306+0000][gc,phases     ] GC(1052)   Post Evacuate Collection Set: 3.7ms
[2025-10-31T09:46:38.307+0000][gc,phases     ] GC(1052)   Other: 3.9ms
[2025-10-31T09:46:38.308+0000][gc,heap       ] GC(1052) Eden regions: 32->0(31)
[2025-10-31T09:46:38.309+0000][gc,heap       ] GC(1052) Survivor regions: 3->4(5)
[2025-10-31T09:46:38.312+0000][gc,heap       ] GC(1052) Old regions: 80->82
[2025-10-31T09:46:38.313+0000][gc,heap       ] GC(1052) Humongous regions: 156->156
[2025-10-31T09:46:38.314+0000][gc,metaspace  ] GC(1052) Metaspace: 53945K(57008K)->53945K(57008K) NonClass: 47986K(49584K)->47986K(49584K) Class: 5959K(7424K)->5959K(7424K)
[2025-10-31T09:46:38.315+0000][gc            ] GC(1052) Pause Young (Normal) (G1 Evacuation Pause) 270M->241M(704M) 99.597ms
[2025-10-31T09:46:38.316+0000][gc,cpu        ] GC(1052) User=0.18s Sys=0.00s Real=0.10s
[2025-10-31T09:47:43.127+0000][gc,start      ] GC(1053) Pause Young (Normal) (G1 Evacuation Pause)
[2025-10-31T09:47:43.129+0000][gc,task       ] GC(1053) Using 2 workers of 2 for evacuation
[2025-10-31T09:47:43.211+0000][gc,mmu        ] GC(1053) MMU target violated: 21.0ms (20.0ms/21.0ms)
[2025-10-31T09:47:43.212+0000][gc,phases     ] GC(1053)   Pre Evacuate Collection Set: 0.1ms
[2025-10-31T09:47:43.213+0000][gc,phases     ] GC(1053)   Evacuate Collection Set: 74.0ms
[2025-10-31T09:47:43.214+0000][gc,phases     ] GC(1053)   Post Evacuate Collection Set: 4.7ms
[2025-10-31T09:47:43.215+0000][gc,phases     ] GC(1053)   Other: 6.5ms
[2025-10-31T09:47:43.216+0000][gc,heap       ] GC(1053) Eden regions: 31->0(31)
[2025-10-31T09:47:43.217+0000][gc,heap       ] GC(1053) Survivor regions: 4->4(5)
[2025-10-31T09:47:43.218+0000][gc,heap       ] GC(1053) Old regions: 82->84
[2025-10-31T09:47:43.219+0000][gc,heap       ] GC(1053) Humongous regions: 156->156
[2025-10-31T09:47:43.220+0000][gc,metaspace  ] GC(1053) Metaspace: 53945K(57008K)->53945K(57008K) NonClass: 47986K(49584K)->47986K(49584K) Class: 5959K(7424K)->5959K(7424K)
[2025-10-31T09:47:43.222+0000][gc            ] GC(1053) Pause Young (Normal) (G1 Evacuation Pause) 272M->243M(704M) 94.922ms
[2025-10-31T09:47:43.223+0000][gc,cpu        ] GC(1053) User=0.17s Sys=0.00s Real=0.09s
[2025-10-31T09:48:50.814+0000][gc,start      ] GC(1054) Pause Young (Normal) (G1 Evacuation Pause)
[2025-10-31T09:48:50.823+0000][gc,task       ] GC(1054) Using 2 workers of 2 for evacuation
[2025-10-31T09:48:50.989+0000][gc,mmu        ] GC(1054) MMU target violated: 21.0ms (20.0ms/21.0ms)
[2025-10-31T09:48:50.991+0000][gc,phases     ] GC(1054)   Pre Evacuate Collection Set: 0.1ms
[2025-10-31T09:48:50.992+0000][gc,phases     ] GC(1054)   Evacuate Collection Set: 155.4ms
[2025-10-31T09:48:50.994+0000][gc,phases     ] GC(1054)   Post Evacuate Collection Set: 5.0ms
[2025-10-31T09:48:50.996+0000][gc,phases     ] GC(1054)   Other: 16.2ms
[2025-10-31T09:48:50.998+0000][gc,heap       ] GC(1054) Eden regions: 31->0(32)
[2025-10-31T09:48:51.000+0000][gc,heap       ] GC(1054) Survivor regions: 4->3(5)
[2025-10-31T09:48:51.002+0000][gc,heap       ] GC(1054) Old regions: 84->86
[2025-10-31T09:48:51.004+0000][gc,heap       ] GC(1054) Humongous regions: 156->156
[2025-10-31T09:48:51.007+0000][gc,metaspace  ] GC(1054) Metaspace: 53945K(57008K)->53945K(57008K) NonClass: 47986K(49584K)->47986K(49584K) Class: 5959K(7424K)->5959K(7424K)
[2025-10-31T09:48:51.008+0000][gc            ] GC(1054) Pause Young (Normal) (G1 Evacuation Pause) 274M->244M(704M) 193.309ms
[2025-10-31T09:48:51.009+0000][gc,cpu        ] GC(1054) User=0.26s Sys=0.00s Real=0.20s
[2025-10-31T09:50:01.377+0000][gc,start      ] GC(1055) Pause Young (Normal) (G1 Evacuation Pause)
[2025-10-31T09:50:01.383+0000][gc,task       ] GC(1055) Using 2 workers of 2 for evacuation
[2025-10-31T09:50:01.450+0000][gc,mmu        ] GC(1055) MMU target violated: 21.0ms (20.0ms/21.0ms)
[2025-10-31T09:50:01.451+0000][gc,phases     ] GC(1055)   Pre Evacuate Collection Set: 0.1ms
[2025-10-31T09:50:01.451+0000][gc,phases     ] GC(1055)   Evacuate Collection Set: 42.3ms
[2025-10-31T09:50:01.452+0000][gc,phases     ] GC(1055)   Post Evacuate Collection Set: 2.4ms
[2025-10-31T09:50:01.453+0000][gc,phases     ] GC(1055)   Other: 29.4ms
[2025-10-31T09:50:01.454+0000][gc,heap       ] GC(1055) Eden regions: 32->0(30)
[2025-10-31T09:50:01.454+0000][gc,heap       ] GC(1055) Survivor regions: 3->5(5)
[2025-10-31T09:50:01.455+0000][gc,heap       ] GC(1055) Old regions: 86->86
[2025-10-31T09:50:01.456+0000][gc,heap       ] GC(1055) Humongous regions: 156->156
[2025-10-31T09:50:01.457+0000][gc,metaspace  ] GC(1055) Metaspace: 53945K(57008K)->53945K(57008K) NonClass: 47986K(49584K)->47986K(49584K) Class: 5959K(7424K)->5959K(7424K)
[2025-10-31T09:50:01.457+0000][gc            ] GC(1055) Pause Young (Normal) (G1 Evacuation Pause) 276M->246M(704M) 80.514ms
[2025-10-31T09:50:01.458+0000][gc,cpu        ] GC(1055) User=0.09s Sys=0.00s Real=0.08s
[2025-10-31T09:51:06.524+0000][gc,start      ] GC(1056) Pause Young (Normal) (G1 Evacuation Pause)
[2025-10-31T09:51:06.526+0000][gc,task       ] GC(1056) Using 2 workers of 2 for evacuation
[2025-10-31T09:51:06.615+0000][gc,mmu        ] GC(1056) MMU target violated: 21.0ms (20.0ms/21.0ms)
[2025-10-31T09:51:06.617+0000][gc,phases     ] GC(1056)   Pre Evacuate Collection Set: 0.1ms
[2025-10-31T09:51:06.617+0000][gc,phases     ] GC(1056)   Evacuate Collection Set: 81.8ms
[2025-10-31T09:51:06.619+0000][gc,phases     ] GC(1056)   Post Evacuate Collection Set: 3.5ms
[2025-10-31T09:51:06.620+0000][gc,phases     ] GC(1056)   Other: 7.0ms
[2025-10-31T09:51:06.620+0000][gc,heap       ] GC(1056) Eden regions: 30->0(30)
[2025-10-31T09:51:06.621+0000][gc,heap       ] GC(1056) Survivor regions: 5->5(5)
[2025-10-31T09:51:06.622+0000][gc,heap       ] GC(1056) Old regions: 86->88
[2025-10-31T09:51:06.623+0000][gc,heap       ] GC(1056) Humongous regions: 156->156
[2025-10-31T09:51:06.625+0000][gc,metaspace  ] GC(1056) Metaspace: 53945K(57008K)->53945K(57008K) NonClass: 47986K(49584K)->47986K(49584K) Class: 5959K(7424K)->5959K(7424K)
[2025-10-31T09:51:06.625+0000][gc            ] GC(1056) Pause Young (Normal) (G1 Evacuation Pause) 276M->248M(704M) 100.993ms
[2025-10-31T09:51:06.626+0000][gc,cpu        ] GC(1056) User=0.18s Sys=0.00s Real=0.10s
[2025-10-31T09:52:12.561+0000][gc,start      ] GC(1057) Pause Young (Normal) (G1 Evacuation Pause)
[2025-10-31T09:52:12.561+0000][gc,task       ] GC(1057) Using 2 workers of 2 for evacuation
[2025-10-31T09:52:12.627+0000][gc,mmu        ] GC(1057) MMU target violated: 21.0ms (20.0ms/21.0ms)
[2025-10-31T09:52:12.628+0000][gc,phases     ] GC(1057)   Pre Evacuate Collection Set: 0.1ms
[2025-10-31T09:52:12.629+0000][gc,phases     ] GC(1057)   Evacuate Collection Set: 60.8ms
[2025-10-31T09:52:12.630+0000][gc,phases     ] GC(1057)   Post Evacuate Collection Set: 3.0ms
[2025-10-31T09:52:12.631+0000][gc,phases     ] GC(1057)   Other: 3.5ms
[2025-10-31T09:52:12.631+0000][gc,heap       ] GC(1057) Eden regions: 30->0(31)
[2025-10-31T09:52:12.632+0000][gc,heap       ] GC(1057) Survivor regions: 5->4(5)
[2025-10-31T09:52:12.633+0000][gc,heap       ] GC(1057) Old regions: 88->92
[2025-10-31T09:52:12.634+0000][gc,heap       ] GC(1057) Humongous regions: 156->156
[2025-10-31T09:52:12.635+0000][gc,metaspace  ] GC(1057) Metaspace: 53945K(57008K)->53945K(57008K) NonClass: 47986K(49584K)->47986K(49584K) Class: 5959K(7424K)->5959K(7424K)
[2025-10-31T09:52:12.636+0000][gc            ] GC(1057) Pause Young (Normal) (G1 Evacuation Pause) 278M->250M(704M) 74.968ms
[2025-10-31T09:52:12.636+0000][gc,cpu        ] GC(1057) User=0.13s Sys=0.00s Real=0.08s
[2025-10-31T09:53:18.237+0000][gc,start      ] GC(1058) Pause Young (Normal) (G1 Evacuation Pause)
[2025-10-31T09:53:18.238+0000][gc,task       ] GC(1058) Using 2 workers of 2 for evacuation
[2025-10-31T09:53:18.363+0000][gc,mmu        ] GC(1058) MMU target violated: 21.0ms (20.0ms/21.0ms)
[2025-10-31T09:53:18.367+0000][gc,phases     ] GC(1058)   Pre Evacuate Collection Set: 0.1ms
[2025-10-31T09:53:18.369+0000][gc,phases     ] GC(1058)   Evacuate Collection Set: 109.9ms
[2025-10-31T09:53:18.374+0000][gc,phases     ] GC(1058)   Post Evacuate Collection Set: 9.0ms
[2025-10-31T09:53:18.377+0000][gc,phases     ] GC(1058)   Other: 11.6ms
[2025-10-31T09:53:18.381+0000][gc,heap       ] GC(1058) Eden regions: 31->0(31)
[2025-10-31T09:53:18.383+0000][gc,heap       ] GC(1058) Survivor regions: 4->4(5)
[2025-10-31T09:53:18.384+0000][gc,heap       ] GC(1058) Old regions: 92->94
[2025-10-31T09:53:18.385+0000][gc,heap       ] GC(1058) Humongous regions: 156->156
[2025-10-31T09:53:18.390+0000][gc,metaspace  ] GC(1058) Metaspace: 53945K(57008K)->53945K(57008K) NonClass: 47986K(49584K)->47986K(49584K) Class: 5959K(7424K)->5959K(7424K)
[2025-10-31T09:53:18.393+0000][gc            ] GC(1058) Pause Young (Normal) (G1 Evacuation Pause) 281M->252M(704M) 156.167ms
[2025-10-31T09:53:18.395+0000][gc,cpu        ] GC(1058) User=0.23s Sys=0.00s Real=0.16s
[2025-10-31T09:54:27.618+0000][gc,start      ] GC(1059) Pause Young (Normal) (G1 Evacuation Pause)
[2025-10-31T09:54:27.619+0000][gc,task       ] GC(1059) Using 2 workers of 2 for evacuation
[2025-10-31T09:54:27.685+0000][gc,mmu        ] GC(1059) MMU target violated: 21.0ms (20.0ms/21.0ms)
[2025-10-31T09:54:27.686+0000][gc,phases     ] GC(1059)   Pre Evacuate Collection Set: 0.1ms
[2025-10-31T09:54:27.687+0000][gc,phases     ] GC(1059)   Evacuate Collection Set: 61.4ms
[2025-10-31T09:54:27.688+0000][gc,phases     ] GC(1059)   Post Evacuate Collection Set: 2.8ms
[2025-10-31T09:54:27.689+0000][gc,phases     ] GC(1059)   Other: 3.4ms
[2025-10-31T09:54:27.690+0000][gc,heap       ] GC(1059) Eden regions: 31->0(31)
[2025-10-31T09:54:27.690+0000][gc,heap       ] GC(1059) Survivor regions: 4->4(5)
[2025-10-31T09:54:27.691+0000][gc,heap       ] GC(1059) Old regions: 94->96
[2025-10-31T09:54:27.692+0000][gc,heap       ] GC(1059) Humongous regions: 156->156
[2025-10-31T09:54:27.695+0000][gc,metaspace  ] GC(1059) Metaspace: 53945K(57008K)->53945K(57008K) NonClass: 47986K(49584K)->47986K(49584K) Class: 5959K(7424K)->5959K(7424K)
[2025-10-31T09:54:27.696+0000][gc            ] GC(1059) Pause Young (Normal) (G1 Evacuation Pause) 283M->255M(704M) 77.433ms
[2025-10-31T09:54:27.697+0000][gc,cpu        ] GC(1059) User=0.13s Sys=0.00s Real=0.08s
[2025-10-31T09:55:34.606+0000][gc,start      ] GC(1060) Pause Young (Normal) (G1 Evacuation Pause)
[2025-10-31T09:55:34.607+0000][gc,task       ] GC(1060) Using 2 workers of 2 for evacuation
[2025-10-31T09:55:34.653+0000][gc,mmu        ] GC(1060) MMU target violated: 21.0ms (20.0ms/21.0ms)
[2025-10-31T09:55:34.654+0000][gc,phases     ] GC(1060)   Pre Evacuate Collection Set: 0.1ms
[2025-10-31T09:55:34.655+0000][gc,phases     ] GC(1060)   Evacuate Collection Set: 41.2ms
[2025-10-31T09:55:34.656+0000][gc,phases     ] GC(1060)   Post Evacuate Collection Set: 2.9ms
[2025-10-31T09:55:34.657+0000][gc,phases     ] GC(1060)   Other: 3.8ms
[2025-10-31T09:55:34.658+0000][gc,heap       ] GC(1060) Eden regions: 31->0(32)
[2025-10-31T09:55:34.658+0000][gc,heap       ] GC(1060) Survivor regions: 4->3(5)
[2025-10-31T09:55:34.659+0000][gc,heap       ] GC(1060) Old regions: 96->98
[2025-10-31T09:55:34.660+0000][gc,heap       ] GC(1060) Humongous regions: 156->156
[2025-10-31T09:55:34.661+0000][gc,metaspace  ] GC(1060) Metaspace: 53945K(57008K)->53945K(57008K) NonClass: 47986K(49584K)->47986K(49584K) Class: 5959K(7424K)->5959K(7424K)
[2025-10-31T09:55:34.662+0000][gc            ] GC(1060) Pause Young (Normal) (G1 Evacuation Pause) 286M->255M(704M) 55.543ms
[2025-10-31T09:55:34.662+0000][gc,cpu        ] GC(1060) User=0.10s Sys=0.00s Real=0.06s
[2025-10-31T09:56:45.560+0000][gc,start      ] GC(1061) Pause Young (Normal) (G1 Evacuation Pause)
[2025-10-31T09:56:45.561+0000][gc,task       ] GC(1061) Using 2 workers of 2 for evacuation
[2025-10-31T09:56:45.608+0000][gc,mmu        ] GC(1061) MMU target violated: 21.0ms (20.0ms/21.0ms)
[2025-10-31T09:56:45.609+0000][gc,phases     ] GC(1061)   Pre Evacuate Collection Set: 0.1ms
[2025-10-31T09:56:45.610+0000][gc,phases     ] GC(1061)   Evacuate Collection Set: 43.6ms
[2025-10-31T09:56:45.610+0000][gc,phases     ] GC(1061)   Post Evacuate Collection Set: 2.4ms
[2025-10-31T09:56:45.611+0000][gc,phases     ] GC(1061)   Other: 3.0ms
[2025-10-31T09:56:45.612+0000][gc,heap       ] GC(1061) Eden regions: 32->0(30)
[2025-10-31T09:56:45.613+0000][gc,heap       ] GC(1061) Survivor regions: 3->5(5)
[2025-10-31T09:56:45.614+0000][gc,heap       ] GC(1061) Old regions: 98->98
[2025-10-31T09:56:45.614+0000][gc,heap       ] GC(1061) Humongous regions: 156->156
[2025-10-31T09:56:45.615+0000][gc,metaspace  ] GC(1061) Metaspace: 53945K(57008K)->53945K(57008K) NonClass: 47986K(49584K)->47986K(49584K) Class: 5959K(7424K)->5959K(7424K)
[2025-10-31T09:56:45.616+0000][gc            ] GC(1061) Pause Young (Normal) (G1 Evacuation Pause) 287M->258M(704M) 56.101ms
[2025-10-31T09:56:45.617+0000][gc,cpu        ] GC(1061) User=0.09s Sys=0.00s Real=0.06s
[2025-10-31T09:57:47.689+0000][gc,start      ] GC(1062) Pause Young (Normal) (G1 Evacuation Pause)
[2025-10-31T09:57:47.691+0000][gc,task       ] GC(1062) Using 2 workers of 2 for evacuation
[2025-10-31T09:57:47.761+0000][gc,mmu        ] GC(1062) MMU target violated: 21.0ms (20.0ms/21.0ms)
[2025-10-31T09:57:47.762+0000][gc,phases     ] GC(1062)   Pre Evacuate Collection Set: 0.1ms
[2025-10-31T09:57:47.763+0000][gc,phases     ] GC(1062)   Evacuate Collection Set: 65.3ms
[2025-10-31T09:57:47.764+0000][gc,phases     ] GC(1062)   Post Evacuate Collection Set: 3.9ms
[2025-10-31T09:57:47.765+0000][gc,phases     ] GC(1062)   Other: 4.1ms
[2025-10-31T09:57:47.766+0000][gc,heap       ] GC(1062) Eden regions: 30->0(32)
[2025-10-31T09:57:47.767+0000][gc,heap       ] GC(1062) Survivor regions: 5->3(5)
[2025-10-31T09:57:47.767+0000][gc,heap       ] GC(1062) Old regions: 98->102
[2025-10-31T09:57:47.768+0000][gc,heap       ] GC(1062) Humongous regions: 156->156
[2025-10-31T09:57:47.769+0000][gc,metaspace  ] GC(1062) Metaspace: 53945K(57008K)->53945K(57008K) NonClass: 47986K(49584K)->47986K(49584K) Class: 5959K(7424K)->5959K(7424K)
[2025-10-31T09:57:47.771+0000][gc            ] GC(1062) Pause Young (Normal) (G1 Evacuation Pause) 288M->260M(704M) 82.232ms
[2025-10-31T09:57:47.772+0000][gc,cpu        ] GC(1062) User=0.14s Sys=0.00s Real=0.09s
[2025-10-31T09:58:58.852+0000][gc,start      ] GC(1063) Pause Young (Normal) (G1 Evacuation Pause)
[2025-10-31T09:58:58.853+0000][gc,task       ] GC(1063) Using 2 workers of 2 for evacuation
[2025-10-31T09:58:58.977+0000][gc,mmu        ] GC(1063) MMU target violated: 21.0ms (20.0ms/21.0ms)
[2025-10-31T09:58:58.978+0000][gc,phases     ] GC(1063)   Pre Evacuate Collection Set: 0.1ms
[2025-10-31T09:58:58.978+0000][gc,phases     ] GC(1063)   Evacuate Collection Set: 114.4ms
[2025-10-31T09:58:58.980+0000][gc,phases     ] GC(1063)   Post Evacuate Collection Set: 4.4ms
[2025-10-31T09:58:58.981+0000][gc,phases     ] GC(1063)   Other: 6.6ms
[2025-10-31T09:58:58.982+0000][gc,heap       ] GC(1063) Eden regions: 32->0(31)
[2025-10-31T09:58:58.984+0000][gc,heap       ] GC(1063) Survivor regions: 3->4(5)
[2025-10-31T09:58:58.985+0000][gc,heap       ] GC(1063) Old regions: 102->104
[2025-10-31T09:58:58.986+0000][gc,heap       ] GC(1063) Humongous regions: 156->156
[2025-10-31T09:58:58.987+0000][gc,metaspace  ] GC(1063) Metaspace: 53945K(57008K)->53945K(57008K) NonClass: 47986K(49584K)->47986K(49584K) Class: 5959K(7424K)->5959K(7424K)
[2025-10-31T09:58:58.988+0000][gc            ] GC(1063) Pause Young (Normal) (G1 Evacuation Pause) 292M->262M(704M) 135.979ms
[2025-10-31T09:58:58.990+0000][gc,cpu        ] GC(1063) User=0.23s Sys=0.00s Real=0.14s
[2025-10-31T10:00:06.595+0000][gc,start      ] GC(1064) Pause Young (Normal) (G1 Evacuation Pause)
[2025-10-31T10:00:06.597+0000][gc,task       ] GC(1064) Using 2 workers of 2 for evacuation
[2025-10-31T10:00:06.672+0000][gc,mmu        ] GC(1064) MMU target violated: 21.0ms (20.0ms/21.0ms)
[2025-10-31T10:00:06.676+0000][gc,phases     ] GC(1064)   Pre Evacuate Collection Set: 0.1ms
[2025-10-31T10:00:06.680+0000][gc,phases     ] GC(1064)   Evacuate Collection Set: 70.2ms
[2025-10-31T10:00:06.682+0000][gc,phases     ] GC(1064)   Post Evacuate Collection Set: 3.4ms
[2025-10-31T10:00:06.685+0000][gc,phases     ] GC(1064)   Other: 8.1ms
[2025-10-31T10:00:06.686+0000][gc,heap       ] GC(1064) Eden regions: 31->0(31)
[2025-10-31T10:00:06.688+0000][gc,heap       ] GC(1064) Survivor regions: 4->4(5)
[2025-10-31T10:00:06.689+0000][gc,heap       ] GC(1064) Old regions: 104->106
[2025-10-31T10:00:06.690+0000][gc,heap       ] GC(1064) Humongous regions: 156->156
[2025-10-31T10:00:06.691+0000][gc,metaspace  ] GC(1064) Metaspace: 53945K(57008K)->53945K(57008K) NonClass: 47986K(49584K)->47986K(49584K) Class: 5959K(7424K)->5959K(7424K)
[2025-10-31T10:00:06.692+0000][gc            ] GC(1064) Pause Young (Normal) (G1 Evacuation Pause) 293M->265M(704M) 97.245ms
[2025-10-31T10:00:06.693+0000][gc,cpu        ] GC(1064) User=0.16s Sys=0.00s Real=0.10s
[2025-10-31T10:01:15.060+0000][gc,start      ] GC(1065) Pause Young (Normal) (G1 Evacuation Pause)
[2025-10-31T10:01:15.061+0000][gc,task       ] GC(1065) Using 2 workers of 2 for evacuation
[2025-10-31T10:01:15.142+0000][gc,mmu        ] GC(1065) MMU target violated: 21.0ms (20.0ms/21.0ms)
[2025-10-31T10:01:15.143+0000][gc,phases     ] GC(1065)   Pre Evacuate Collection Set: 0.1ms
[2025-10-31T10:01:15.144+0000][gc,phases     ] GC(1065)   Evacuate Collection Set: 74.7ms
[2025-10-31T10:01:15.145+0000][gc,phases     ] GC(1065)   Post Evacuate Collection Set: 4.0ms
[2025-10-31T10:01:15.146+0000][gc,phases     ] GC(1065)   Other: 4.0ms
[2025-10-31T10:01:15.147+0000][gc,heap       ] GC(1065) Eden regions: 31->0(32)
[2025-10-31T10:01:15.148+0000][gc,heap       ] GC(1065) Survivor regions: 4->3(5)
[2025-10-31T10:01:15.149+0000][gc,heap       ] GC(1065) Old regions: 106->108
[2025-10-31T10:01:15.150+0000][gc,heap       ] GC(1065) Humongous regions: 156->156
[2025-10-31T10:01:15.151+0000][gc,metaspace  ] GC(1065) Metaspace: 53945K(57008K)->53945K(57008K) NonClass: 47986K(49584K)->47986K(49584K) Class: 5959K(7424K)->5959K(7424K)
[2025-10-31T10:01:15.153+0000][gc            ] GC(1065) Pause Young (Normal) (G1 Evacuation Pause) 296M->265M(704M) 92.803ms
[2025-10-31T10:01:15.154+0000][gc,cpu        ] GC(1065) User=0.15s Sys=0.00s Real=0.10s
[2025-10-31T10:02:23.850+0000][gc,start      ] GC(1066) Pause Young (Normal) (G1 Evacuation Pause)
[2025-10-31T10:02:23.865+0000][gc,task       ] GC(1066) Using 2 workers of 2 for evacuation
[2025-10-31T10:02:24.021+0000][gc,mmu        ] GC(1066) MMU target violated: 21.0ms (20.0ms/21.0ms)
[2025-10-31T10:02:24.025+0000][gc,phases     ] GC(1066)   Pre Evacuate Collection Set: 0.1ms
[2025-10-31T10:02:24.027+0000][gc,phases     ] GC(1066)   Evacuate Collection Set: 145.7ms
[2025-10-31T10:02:24.035+0000][gc,phases     ] GC(1066)   Post Evacuate Collection Set: 6.9ms
[2025-10-31T10:02:24.037+0000][gc,phases     ] GC(1066)   Other: 21.7ms
[2025-10-31T10:02:24.039+0000][gc,heap       ] GC(1066) Eden regions: 32->0(30)
[2025-10-31T10:02:24.040+0000][gc,heap       ] GC(1066) Survivor regions: 3->5(5)
[2025-10-31T10:02:24.042+0000][gc,heap       ] GC(1066) Old regions: 108->108
[2025-10-31T10:02:24.043+0000][gc,heap       ] GC(1066) Humongous regions: 156->156
[2025-10-31T10:02:24.044+0000][gc,metaspace  ] GC(1066) Metaspace: 53945K(57008K)->53945K(57008K) NonClass: 47986K(49584K)->47986K(49584K) Class: 5959K(7424K)->5959K(7424K)
[2025-10-31T10:02:24.048+0000][gc            ] GC(1066) Pause Young (Normal) (G1 Evacuation Pause) 297M->267M(704M) 197.091ms
[2025-10-31T10:02:24.051+0000][gc,cpu        ] GC(1066) User=0.26s Sys=0.00s Real=0.20s
[2025-10-31T10:03:26.709+0000][gc,start      ] GC(1067) Pause Young (Normal) (G1 Evacuation Pause)
[2025-10-31T10:03:26.710+0000][gc,task       ] GC(1067) Using 2 workers of 2 for evacuation
[2025-10-31T10:03:26.820+0000][gc,mmu        ] GC(1067) MMU target violated: 21.0ms (20.0ms/21.0ms)
[2025-10-31T10:03:26.821+0000][gc,phases     ] GC(1067)   Pre Evacuate Collection Set: 0.1ms
[2025-10-31T10:03:26.822+0000][gc,phases     ] GC(1067)   Evacuate Collection Set: 105.0ms
[2025-10-31T10:03:26.823+0000][gc,phases     ] GC(1067)   Post Evacuate Collection Set: 3.1ms
[2025-10-31T10:03:26.824+0000][gc,phases     ] GC(1067)   Other: 4.2ms
[2025-10-31T10:03:26.824+0000][gc,heap       ] GC(1067) Eden regions: 30->0(30)
[2025-10-31T10:03:26.825+0000][gc,heap       ] GC(1067) Survivor regions: 5->5(5)
[2025-10-31T10:03:26.826+0000][gc,heap       ] GC(1067) Old regions: 108->110
[2025-10-31T10:03:26.827+0000][gc,heap       ] GC(1067) Humongous regions: 156->156
[2025-10-31T10:03:26.828+0000][gc,metaspace  ] GC(1067) Metaspace: 53945K(57008K)->53945K(57008K) NonClass: 47986K(49584K)->47986K(49584K) Class: 5959K(7424K)->5959K(7424K)
[2025-10-31T10:03:26.829+0000][gc            ] GC(1067) Pause Young (Normal) (G1 Evacuation Pause) 297M->269M(704M) 120.374ms
[2025-10-31T10:03:26.831+0000][gc,cpu        ] GC(1067) User=0.22s Sys=0.00s Real=0.12s
[2025-10-31T10:04:33.356+0000][gc,start      ] GC(1068) Pause Young (Normal) (G1 Evacuation Pause)
[2025-10-31T10:04:33.357+0000][gc,task       ] GC(1068) Using 2 workers of 2 for evacuation
[2025-10-31T10:04:33.478+0000][gc,mmu        ] GC(1068) MMU target violated: 21.0ms (20.0ms/21.0ms)
[2025-10-31T10:04:33.479+0000][gc,phases     ] GC(1068)   Pre Evacuate Collection Set: 0.1ms
[2025-10-31T10:04:33.480+0000][gc,phases     ] GC(1068)   Evacuate Collection Set: 114.9ms
[2025-10-31T10:04:33.480+0000][gc,phases     ] GC(1068)   Post Evacuate Collection Set: 3.0ms
[2025-10-31T10:04:33.481+0000][gc,phases     ] GC(1068)   Other: 5.2ms
[2025-10-31T10:04:33.482+0000][gc,heap       ] GC(1068) Eden regions: 30->0(31)
[2025-10-31T10:04:33.483+0000][gc,heap       ] GC(1068) Survivor regions: 5->4(5)
[2025-10-31T10:04:33.483+0000][gc,heap       ] GC(1068) Old regions: 110->113
[2025-10-31T10:04:33.484+0000][gc,heap       ] GC(1068) Humongous regions: 156->156
[2025-10-31T10:04:33.486+0000][gc,metaspace  ] GC(1068) Metaspace: 53945K(57008K)->53945K(57008K) NonClass: 47986K(49584K)->47986K(49584K) Class: 5959K(7424K)->5959K(7424K)
[2025-10-31T10:04:33.487+0000][gc            ] GC(1068) Pause Young (Normal) (G1 Evacuation Pause) 299M->272M(704M) 131.403ms
[2025-10-31T10:04:33.488+0000][gc,cpu        ] GC(1068) User=0.24s Sys=0.00s Real=0.13s
[2025-10-31T10:05:41.290+0000][gc,start      ] GC(1069) Pause Young (Normal) (G1 Evacuation Pause)
[2025-10-31T10:05:41.292+0000][gc,task       ] GC(1069) Using 2 workers of 2 for evacuation
[2025-10-31T10:05:41.352+0000][gc,mmu        ] GC(1069) MMU target violated: 21.0ms (20.0ms/21.0ms)
[2025-10-31T10:05:41.353+0000][gc,phases     ] GC(1069)   Pre Evacuate Collection Set: 0.4ms
[2025-10-31T10:05:41.354+0000][gc,phases     ] GC(1069)   Evacuate Collection Set: 54.9ms
[2025-10-31T10:05:41.357+0000][gc,phases     ] GC(1069)   Post Evacuate Collection Set: 3.0ms
[2025-10-31T10:05:41.358+0000][gc,phases     ] GC(1069)   Other: 4.2ms
[2025-10-31T10:05:41.359+0000][gc,heap       ] GC(1069) Eden regions: 31->0(31)
[2025-10-31T10:05:41.360+0000][gc,heap       ] GC(1069) Survivor regions: 4->4(5)
[2025-10-31T10:05:41.361+0000][gc,heap       ] GC(1069) Old regions: 113->115
[2025-10-31T10:05:41.362+0000][gc,heap       ] GC(1069) Humongous regions: 156->156
[2025-10-31T10:05:41.363+0000][gc,metaspace  ] GC(1069) Metaspace: 53945K(57008K)->53945K(57008K) NonClass: 47986K(49584K)->47986K(49584K) Class: 5959K(7424K)->5959K(7424K)
[2025-10-31T10:05:41.364+0000][gc            ] GC(1069) Pause Young (Normal) (G1 Evacuation Pause) 303M->274M(704M) 73.606ms
[2025-10-31T10:05:41.365+0000][gc,cpu        ] GC(1069) User=0.12s Sys=0.00s Real=0.08s
[2025-10-31T10:06:49.100+0000][gc,start      ] GC(1070) Pause Young (Normal) (G1 Evacuation Pause)
[2025-10-31T10:06:49.102+0000][gc,task       ] GC(1070) Using 2 workers of 2 for evacuation
[2025-10-31T10:06:49.240+0000][gc,mmu        ] GC(1070) MMU target violated: 21.0ms (20.0ms/21.0ms)
[2025-10-31T10:06:49.242+0000][gc,phases     ] GC(1070)   Pre Evacuate Collection Set: 0.1ms
[2025-10-31T10:06:49.245+0000][gc,phases     ] GC(1070)   Evacuate Collection Set: 108.8ms
[2025-10-31T10:06:49.250+0000][gc,phases     ] GC(1070)   Post Evacuate Collection Set: 24.7ms
[2025-10-31T10:06:49.251+0000][gc,phases     ] GC(1070)   Other: 8.2ms
[2025-10-31T10:06:49.253+0000][gc,heap       ] GC(1070) Eden regions: 31->0(31)
[2025-10-31T10:06:49.256+0000][gc,heap       ] GC(1070) Survivor regions: 4->4(5)
[2025-10-31T10:06:49.258+0000][gc,heap       ] GC(1070) Old regions: 115->117
[2025-10-31T10:06:49.261+0000][gc,heap       ] GC(1070) Humongous regions: 156->156
[2025-10-31T10:06:49.262+0000][gc,metaspace  ] GC(1070) Metaspace: 53945K(57008K)->53945K(57008K) NonClass: 47986K(49584K)->47986K(49584K) Class: 5959K(7424K)->5959K(7424K)
[2025-10-31T10:06:49.265+0000][gc            ] GC(1070) Pause Young (Normal) (G1 Evacuation Pause) 305M->276M(704M) 164.730ms
[2025-10-31T10:06:49.268+0000][gc,cpu        ] GC(1070) User=0.22s Sys=0.00s Real=0.17s
[2025-10-31T10:07:53.896+0000][gc,start      ] GC(1071) Pause Young (Normal) (G1 Evacuation Pause)
[2025-10-31T10:07:53.897+0000][gc,task       ] GC(1071) Using 2 workers of 2 for evacuation
[2025-10-31T10:07:53.967+0000][gc,mmu        ] GC(1071) MMU target violated: 21.0ms (20.0ms/21.0ms)
[2025-10-31T10:07:53.967+0000][gc,phases     ] GC(1071)   Pre Evacuate Collection Set: 0.1ms
[2025-10-31T10:07:53.968+0000][gc,phases     ] GC(1071)   Evacuate Collection Set: 64.7ms
[2025-10-31T10:07:53.969+0000][gc,phases     ] GC(1071)   Post Evacuate Collection Set: 2.9ms
[2025-10-31T10:07:53.970+0000][gc,phases     ] GC(1071)   Other: 3.4ms
[2025-10-31T10:07:53.971+0000][gc,heap       ] GC(1071) Eden regions: 31->0(32)
[2025-10-31T10:07:53.972+0000][gc,heap       ] GC(1071) Survivor regions: 4->3(5)
[2025-10-31T10:07:53.973+0000][gc,heap       ] GC(1071) Old regions: 117->119
[2025-10-31T10:07:53.974+0000][gc,heap       ] GC(1071) Humongous regions: 156->156
[2025-10-31T10:07:53.975+0000][gc,metaspace  ] GC(1071) Metaspace: 53945K(57008K)->53945K(57008K) NonClass: 47986K(49584K)->47986K(49584K) Class: 5959K(7424K)->5959K(7424K)
[2025-10-31T10:07:53.977+0000][gc            ] GC(1071) Pause Young (Normal) (G1 Evacuation Pause) 307M->277M(704M) 81.164ms
[2025-10-31T10:07:53.978+0000][gc,cpu        ] GC(1071) User=0.13s Sys=0.00s Real=0.08s
[2025-10-31T10:09:03.071+0000][gc,start      ] GC(1072) Pause Young (Normal) (G1 Evacuation Pause)
[2025-10-31T10:09:03.073+0000][gc,task       ] GC(1072) Using 2 workers of 2 for evacuation
[2025-10-31T10:09:03.196+0000][gc,mmu        ] GC(1072) MMU target violated: 21.0ms (20.0ms/21.0ms)
[2025-10-31T10:09:03.196+0000][gc,phases     ] GC(1072)   Pre Evacuate Collection Set: 0.1ms
[2025-10-31T10:09:03.199+0000][gc,phases     ] GC(1072)   Evacuate Collection Set: 110.3ms
[2025-10-31T10:09:03.201+0000][gc,phases     ] GC(1072)   Post Evacuate Collection Set: 4.5ms
[2025-10-31T10:09:03.202+0000][gc,phases     ] GC(1072)   Other: 10.6ms
[2025-10-31T10:09:03.204+0000][gc,heap       ] GC(1072) Eden regions: 32->0(30)
[2025-10-31T10:09:03.206+0000][gc,heap       ] GC(1072) Survivor regions: 3->5(5)
[2025-10-31T10:09:03.207+0000][gc,heap       ] GC(1072) Old regions: 119->119
[2025-10-31T10:09:03.208+0000][gc,heap       ] GC(1072) Humongous regions: 156->156
[2025-10-31T10:09:03.210+0000][gc,metaspace  ] GC(1072) Metaspace: 53945K(57008K)->53945K(57008K) NonClass: 47986K(49584K)->47986K(49584K) Class: 5959K(7424K)->5959K(7424K)
[2025-10-31T10:09:03.212+0000][gc            ] GC(1072) Pause Young (Normal) (G1 Evacuation Pause) 309M->279M(704M) 141.126ms
[2025-10-31T10:09:03.214+0000][gc,cpu        ] GC(1072) User=0.21s Sys=0.00s Real=0.14s
[2025-10-31T10:10:09.031+0000][gc,start      ] GC(1073) Pause Young (Normal) (G1 Evacuation Pause)
[2025-10-31T10:10:09.034+0000][gc,task       ] GC(1073) Using 2 workers of 2 for evacuation
[2025-10-31T10:10:09.141+0000][gc,mmu        ] GC(1073) MMU target violated: 21.0ms (20.0ms/21.0ms)
[2025-10-31T10:10:09.143+0000][gc,phases     ] GC(1073)   Pre Evacuate Collection Set: 0.1ms
[2025-10-31T10:10:09.145+0000][gc,phases     ] GC(1073)   Evacuate Collection Set: 98.7ms
[2025-10-31T10:10:09.147+0000][gc,phases     ] GC(1073)   Post Evacuate Collection Set: 5.2ms
[2025-10-31T10:10:09.150+0000][gc,phases     ] GC(1073)   Other: 8.1ms
[2025-10-31T10:10:09.152+0000][gc,heap       ] GC(1073) Eden regions: 30->0(30)
[2025-10-31T10:10:09.154+0000][gc,heap       ] GC(1073) Survivor regions: 5->5(5)
[2025-10-31T10:10:09.156+0000][gc,heap       ] GC(1073) Old regions: 119->121
[2025-10-31T10:10:09.157+0000][gc,heap       ] GC(1073) Humongous regions: 156->156
[2025-10-31T10:10:09.159+0000][gc,metaspace  ] GC(1073) Metaspace: 53945K(57008K)->53945K(57008K) NonClass: 47986K(49584K)->47986K(49584K) Class: 5959K(7424K)->5959K(7424K)
[2025-10-31T10:10:09.160+0000][gc            ] GC(1073) Pause Young (Normal) (G1 Evacuation Pause) 309M->281M(704M) 129.331ms
[2025-10-31T10:10:09.162+0000][gc,cpu        ] GC(1073) User=0.21s Sys=0.00s Real=0.13s
[2025-10-31T10:11:15.357+0000][gc,start      ] GC(1074) Pause Young (Normal) (G1 Evacuation Pause)
[2025-10-31T10:11:15.358+0000][gc,task       ] GC(1074) Using 2 workers of 2 for evacuation
[2025-10-31T10:11:15.429+0000][gc,mmu        ] GC(1074) MMU target violated: 21.0ms (20.0ms/21.0ms)
[2025-10-31T10:11:15.430+0000][gc,phases     ] GC(1074)   Pre Evacuate Collection Set: 0.1ms
[2025-10-31T10:11:15.431+0000][gc,phases     ] GC(1074)   Evacuate Collection Set: 66.9ms
[2025-10-31T10:11:15.432+0000][gc,phases     ] GC(1074)   Post Evacuate Collection Set: 3.3ms
[2025-10-31T10:11:15.433+0000][gc,phases     ] GC(1074)   Other: 3.5ms
[2025-10-31T10:11:15.434+0000][gc,heap       ] GC(1074) Eden regions: 30->0(31)
[2025-10-31T10:11:15.435+0000][gc,heap       ] GC(1074) Survivor regions: 5->4(5)
[2025-10-31T10:11:15.435+0000][gc,heap       ] GC(1074) Old regions: 121->125
[2025-10-31T10:11:15.436+0000][gc,heap       ] GC(1074) Humongous regions: 156->156
[2025-10-31T10:11:15.437+0000][gc,metaspace  ] GC(1074) Metaspace: 53945K(57008K)->53945K(57008K) NonClass: 47986K(49584K)->47986K(49584K) Class: 5959K(7424K)->5959K(7424K)
[2025-10-31T10:11:15.438+0000][gc            ] GC(1074) Pause Young (Normal) (G1 Evacuation Pause) 311M->283M(704M) 81.115ms
[2025-10-31T10:11:15.440+0000][gc,cpu        ] GC(1074) User=0.15s Sys=0.00s Real=0.08s
[2025-10-31T10:12:23.538+0000][gc,start      ] GC(1075) Pause Young (Normal) (G1 Evacuation Pause)
[2025-10-31T10:12:23.539+0000][gc,task       ] GC(1075) Using 2 workers of 2 for evacuation
[2025-10-31T10:12:23.634+0000][gc,mmu        ] GC(1075) MMU target violated: 21.0ms (20.0ms/21.0ms)
[2025-10-31T10:12:23.636+0000][gc,phases     ] GC(1075)   Pre Evacuate Collection Set: 0.1ms
[2025-10-31T10:12:23.638+0000][gc,phases     ] GC(1075)   Evacuate Collection Set: 85.4ms
[2025-10-31T10:12:23.639+0000][gc,phases     ] GC(1075)   Post Evacuate Collection Set: 7.0ms
[2025-10-31T10:12:23.641+0000][gc,phases     ] GC(1075)   Other: 6.2ms
[2025-10-31T10:12:23.643+0000][gc,heap       ] GC(1075) Eden regions: 31->0(31)
[2025-10-31T10:12:23.644+0000][gc,heap       ] GC(1075) Survivor regions: 4->4(5)
[2025-10-31T10:12:23.648+0000][gc,heap       ] GC(1075) Old regions: 125->127
[2025-10-31T10:12:23.650+0000][gc,heap       ] GC(1075) Humongous regions: 156->156
[2025-10-31T10:12:23.652+0000][gc,metaspace  ] GC(1075) Metaspace: 53945K(57008K)->53945K(57008K) NonClass: 47986K(49584K)->47986K(49584K) Class: 5959K(7424K)->5959K(7424K)
[2025-10-31T10:12:23.654+0000][gc            ] GC(1075) Pause Young (Normal) (G1 Evacuation Pause) 314M->286M(704M) 115.768ms
[2025-10-31T10:12:23.658+0000][gc,cpu        ] GC(1075) User=0.19s Sys=0.00s Real=0.12s
[2025-10-31T10:13:27.881+0000][gc,start      ] GC(1076) Pause Young (Normal) (G1 Evacuation Pause)
[2025-10-31T10:13:27.883+0000][gc,task       ] GC(1076) Using 2 workers of 2 for evacuation
[2025-10-31T10:13:27.943+0000][gc,mmu        ] GC(1076) MMU target violated: 21.0ms (20.0ms/21.0ms)
[2025-10-31T10:13:27.944+0000][gc,phases     ] GC(1076)   Pre Evacuate Collection Set: 0.1ms
[2025-10-31T10:13:27.944+0000][gc,phases     ] GC(1076)   Evacuate Collection Set: 55.2ms
[2025-10-31T10:13:27.945+0000][gc,phases     ] GC(1076)   Post Evacuate Collection Set: 2.4ms
[2025-10-31T10:13:27.946+0000][gc,phases     ] GC(1076)   Other: 4.8ms
[2025-10-31T10:13:27.947+0000][gc,heap       ] GC(1076) Eden regions: 31->0(31)
[2025-10-31T10:13:27.948+0000][gc,heap       ] GC(1076) Survivor regions: 4->4(5)
[2025-10-31T10:13:27.949+0000][gc,heap       ] GC(1076) Old regions: 127->129
[2025-10-31T10:13:27.949+0000][gc,heap       ] GC(1076) Humongous regions: 156->156
[2025-10-31T10:13:27.950+0000][gc,metaspace  ] GC(1076) Metaspace: 53945K(57008K)->53945K(57008K) NonClass: 47986K(49584K)->47986K(49584K) Class: 5959K(7424K)->5959K(7424K)
[2025-10-31T10:13:27.951+0000][gc            ] GC(1076) Pause Young (Normal) (G1 Evacuation Pause) 317M->288M(704M) 69.407ms
[2025-10-31T10:13:27.952+0000][gc,cpu        ] GC(1076) User=0.12s Sys=0.00s Real=0.07s
[2025-10-31T10:14:36.543+0000][gc,start      ] GC(1077) Pause Young (Normal) (G1 Evacuation Pause)
[2025-10-31T10:14:36.544+0000][gc,task       ] GC(1077) Using 2 workers of 2 for evacuation
[2025-10-31T10:14:36.651+0000][gc,mmu        ] GC(1077) MMU target violated: 21.0ms (20.0ms/21.0ms)
[2025-10-31T10:14:36.652+0000][gc,phases     ] GC(1077)   Pre Evacuate Collection Set: 0.1ms
[2025-10-31T10:14:36.654+0000][gc,phases     ] GC(1077)   Evacuate Collection Set: 102.6ms
[2025-10-31T10:14:36.655+0000][gc,phases     ] GC(1077)   Post Evacuate Collection Set: 3.1ms
[2025-10-31T10:14:36.656+0000][gc,phases     ] GC(1077)   Other: 3.7ms
[2025-10-31T10:14:36.658+0000][gc,heap       ] GC(1077) Eden regions: 31->0(32)
[2025-10-31T10:14:36.659+0000][gc,heap       ] GC(1077) Survivor regions: 4->3(5)
[2025-10-31T10:14:36.660+0000][gc,heap       ] GC(1077) Old regions: 129->131
[2025-10-31T10:14:36.661+0000][gc,heap       ] GC(1077) Humongous regions: 156->156
[2025-10-31T10:14:36.665+0000][gc,metaspace  ] GC(1077) Metaspace: 53945K(57008K)->53945K(57008K) NonClass: 47986K(49584K)->47986K(49584K) Class: 5959K(7424K)->5959K(7424K)
[2025-10-31T10:14:36.667+0000][gc            ] GC(1077) Pause Young (Normal) (G1 Evacuation Pause) 319M->289M(704M) 123.504ms
[2025-10-31T10:14:36.669+0000][gc,cpu        ] GC(1077) User=0.22s Sys=0.00s Real=0.13s
[2025-10-31T10:15:45.961+0000][gc,start      ] GC(1078) Pause Young (Normal) (G1 Evacuation Pause)
[2025-10-31T10:15:45.962+0000][gc,task       ] GC(1078) Using 2 workers of 2 for evacuation
[2025-10-31T10:15:46.041+0000][gc,mmu        ] GC(1078) MMU target violated: 21.0ms (20.0ms/21.0ms)
[2025-10-31T10:15:46.045+0000][gc,phases     ] GC(1078)   Pre Evacuate Collection Set: 0.2ms
[2025-10-31T10:15:46.046+0000][gc,phases     ] GC(1078)   Evacuate Collection Set: 72.6ms
[2025-10-31T10:15:46.047+0000][gc,phases     ] GC(1078)   Post Evacuate Collection Set: 3.7ms
[2025-10-31T10:15:46.048+0000][gc,phases     ] GC(1078)   Other: 7.7ms
[2025-10-31T10:15:46.048+0000][gc,heap       ] GC(1078) Eden regions: 32->0(30)
[2025-10-31T10:15:46.049+0000][gc,heap       ] GC(1078) Survivor regions: 3->5(5)
[2025-10-31T10:15:46.050+0000][gc,heap       ] GC(1078) Old regions: 131->131
[2025-10-31T10:15:46.051+0000][gc,heap       ] GC(1078) Humongous regions: 156->156
[2025-10-31T10:15:46.052+0000][gc,metaspace  ] GC(1078) Metaspace: 53945K(57008K)->53945K(57008K) NonClass: 47986K(49584K)->47986K(49584K) Class: 5959K(7424K)->5959K(7424K)
[2025-10-31T10:15:46.053+0000][gc            ] GC(1078) Pause Young (Normal) (G1 Evacuation Pause) 321M->291M(704M) 91.734ms
[2025-10-31T10:15:46.054+0000][gc,cpu        ] GC(1078) User=0.16s Sys=0.00s Real=0.09s
[2025-10-31T10:16:39.247+0000][gc,start      ] GC(1079) Pause Young (Normal) (G1 Evacuation Pause)
[2025-10-31T10:16:39.248+0000][gc,task       ] GC(1079) Using 2 workers of 2 for evacuation
[2025-10-31T10:16:39.478+0000][gc,mmu        ] GC(1079) MMU target violated: 21.0ms (20.0ms/21.0ms)
[2025-10-31T10:16:39.481+0000][gc,phases     ] GC(1079)   Pre Evacuate Collection Set: 0.1ms
[2025-10-31T10:16:39.484+0000][gc,phases     ] GC(1079)   Evacuate Collection Set: 217.8ms
[2025-10-31T10:16:39.486+0000][gc,phases     ] GC(1079)   Post Evacuate Collection Set: 7.4ms
[2025-10-31T10:16:39.486+0000][gc,phases     ] GC(1079)   Other: 8.7ms
[2025-10-31T10:16:39.488+0000][gc,heap       ] GC(1079) Eden regions: 30->0(30)
[2025-10-31T10:16:39.493+0000][gc,heap       ] GC(1079) Survivor regions: 5->5(5)
[2025-10-31T10:16:39.494+0000][gc,heap       ] GC(1079) Old regions: 131->135
[2025-10-31T10:16:39.496+0000][gc,heap       ] GC(1079) Humongous regions: 156->156
[2025-10-31T10:16:39.501+0000][gc,metaspace  ] GC(1079) Metaspace: 53945K(57008K)->53945K(57008K) NonClass: 47986K(49584K)->47986K(49584K) Class: 5959K(7424K)->5959K(7424K)
[2025-10-31T10:16:39.502+0000][gc            ] GC(1079) Pause Young (Normal) (G1 Evacuation Pause) 321M->295M(704M) 255.306ms
[2025-10-31T10:16:39.506+0000][gc,cpu        ] GC(1079) User=0.44s Sys=0.00s Real=0.26s
[2025-10-31T10:17:41.771+0000][gc,start      ] GC(1080) Pause Young (Normal) (G1 Evacuation Pause)
[2025-10-31T10:17:41.772+0000][gc,task       ] GC(1080) Using 2 workers of 2 for evacuation
[2025-10-31T10:17:41.836+0000][gc,mmu        ] GC(1080) MMU target violated: 21.0ms (20.0ms/21.0ms)
[2025-10-31T10:17:41.836+0000][gc,phases     ] GC(1080)   Pre Evacuate Collection Set: 0.1ms
[2025-10-31T10:17:41.837+0000][gc,phases     ] GC(1080)   Evacuate Collection Set: 60.1ms
[2025-10-31T10:17:41.838+0000][gc,phases     ] GC(1080)   Post Evacuate Collection Set: 2.5ms
[2025-10-31T10:17:41.839+0000][gc,phases     ] GC(1080)   Other: 3.1ms
[2025-10-31T10:17:41.839+0000][gc,heap       ] GC(1080) Eden regions: 30->0(32)
[2025-10-31T10:17:41.840+0000][gc,heap       ] GC(1080) Survivor regions: 5->3(5)
[2025-10-31T10:17:41.841+0000][gc,heap       ] GC(1080) Old regions: 135->139
[2025-10-31T10:17:41.842+0000][gc,heap       ] GC(1080) Humongous regions: 156->156
[2025-10-31T10:17:41.843+0000][gc,metaspace  ] GC(1080) Metaspace: 53945K(57008K)->53945K(57008K) NonClass: 47986K(49584K)->47986K(49584K) Class: 5959K(7424K)->5959K(7424K)
[2025-10-31T10:17:41.843+0000][gc            ] GC(1080) Pause Young (Normal) (G1 Evacuation Pause) 325M->297M(704M) 72.607ms
[2025-10-31T10:17:41.844+0000][gc,cpu        ] GC(1080) User=0.13s Sys=0.00s Real=0.08s
[2025-10-31T10:18:51.470+0000][gc,start      ] GC(1081) Pause Young (Normal) (G1 Evacuation Pause)
[2025-10-31T10:18:51.471+0000][gc,task       ] GC(1081) Using 2 workers of 2 for evacuation
[2025-10-31T10:18:51.519+0000][gc,mmu        ] GC(1081) MMU target violated: 21.0ms (20.0ms/21.0ms)
[2025-10-31T10:18:51.520+0000][gc,phases     ] GC(1081)   Pre Evacuate Collection Set: 0.1ms
[2025-10-31T10:18:51.521+0000][gc,phases     ] GC(1081)   Evacuate Collection Set: 43.1ms
[2025-10-31T10:18:51.522+0000][gc,phases     ] GC(1081)   Post Evacuate Collection Set: 3.7ms
[2025-10-31T10:18:51.524+0000][gc,phases     ] GC(1081)   Other: 3.7ms
[2025-10-31T10:18:51.524+0000][gc,heap       ] GC(1081) Eden regions: 32->0(30)
[2025-10-31T10:18:51.525+0000][gc,heap       ] GC(1081) Survivor regions: 3->5(5)
[2025-10-31T10:18:51.526+0000][gc,heap       ] GC(1081) Old regions: 139->139
[2025-10-31T10:18:51.527+0000][gc,heap       ] GC(1081) Humongous regions: 156->156
[2025-10-31T10:18:51.528+0000][gc,metaspace  ] GC(1081) Metaspace: 53945K(57008K)->53945K(57008K) NonClass: 47986K(49584K)->47986K(49584K) Class: 5959K(7424K)->5959K(7424K)
[2025-10-31T10:18:51.529+0000][gc            ] GC(1081) Pause Young (Normal) (G1 Evacuation Pause) 329M->298M(704M) 59.202ms
[2025-10-31T10:18:51.530+0000][gc,cpu        ] GC(1081) User=0.10s Sys=0.00s Real=0.06s
[2025-10-31T10:19:56.552+0000][gc,start      ] GC(1082) Pause Young (Normal) (G1 Evacuation Pause)
[2025-10-31T10:19:56.553+0000][gc,task       ] GC(1082) Using 2 workers of 2 for evacuation
[2025-10-31T10:19:56.614+0000][gc,mmu        ] GC(1082) MMU target violated: 21.0ms (20.0ms/21.0ms)
[2025-10-31T10:19:56.615+0000][gc,phases     ] GC(1082)   Pre Evacuate Collection Set: 0.1ms
[2025-10-31T10:19:56.617+0000][gc,phases     ] GC(1082)   Evacuate Collection Set: 56.9ms
[2025-10-31T10:19:56.618+0000][gc,phases     ] GC(1082)   Post Evacuate Collection Set: 2.4ms
[2025-10-31T10:19:56.620+0000][gc,phases     ] GC(1082)   Other: 4.0ms
[2025-10-31T10:19:56.620+0000][gc,heap       ] GC(1082) Eden regions: 30->0(31)
[2025-10-31T10:19:56.622+0000][gc,heap       ] GC(1082) Survivor regions: 5->4(5)
[2025-10-31T10:19:56.622+0000][gc,heap       ] GC(1082) Old regions: 139->142
[2025-10-31T10:19:56.623+0000][gc,heap       ] GC(1082) Humongous regions: 156->156
[2025-10-31T10:19:56.624+0000][gc,metaspace  ] GC(1082) Metaspace: 53945K(57008K)->53945K(57008K) NonClass: 47986K(49584K)->47986K(49584K) Class: 5959K(7424K)->5959K(7424K)
[2025-10-31T10:19:56.625+0000][gc            ] GC(1082) Pause Young (Normal) (G1 Evacuation Pause) 328M->300M(704M) 72.603ms
[2025-10-31T10:19:56.626+0000][gc,cpu        ] GC(1082) User=0.12s Sys=0.00s Real=0.07s
[2025-10-31T10:21:06.088+0000][gc,start      ] GC(1083) Pause Young (Normal) (G1 Evacuation Pause)
[2025-10-31T10:21:06.089+0000][gc,task       ] GC(1083) Using 2 workers of 2 for evacuation
[2025-10-31T10:21:06.160+0000][gc,mmu        ] GC(1083) MMU target violated: 21.0ms (20.0ms/21.0ms)
[2025-10-31T10:21:06.161+0000][gc,phases     ] GC(1083)   Pre Evacuate Collection Set: 0.1ms
[2025-10-31T10:21:06.163+0000][gc,phases     ] GC(1083)   Evacuate Collection Set: 64.4ms
[2025-10-31T10:21:06.164+0000][gc,phases     ] GC(1083)   Post Evacuate Collection Set: 3.0ms
[2025-10-31T10:21:06.165+0000][gc,phases     ] GC(1083)   Other: 6.6ms
[2025-10-31T10:21:06.166+0000][gc,heap       ] GC(1083) Eden regions: 31->0(30)
[2025-10-31T10:21:06.167+0000][gc,heap       ] GC(1083) Survivor regions: 4->5(5)
[2025-10-31T10:21:06.168+0000][gc,heap       ] GC(1083) Old regions: 142->144
[2025-10-31T10:21:06.169+0000][gc,heap       ] GC(1083) Humongous regions: 156->156
[2025-10-31T10:21:06.171+0000][gc,metaspace  ] GC(1083) Metaspace: 53945K(57008K)->53945K(57008K) NonClass: 47986K(49584K)->47986K(49584K) Class: 5959K(7424K)->5959K(7424K)
[2025-10-31T10:21:06.172+0000][gc            ] GC(1083) Pause Young (Normal) (G1 Evacuation Pause) 331M->303M(704M) 84.768ms
[2025-10-31T10:21:06.173+0000][gc,cpu        ] GC(1083) User=0.14s Sys=0.00s Real=0.08s
[2025-10-31T10:22:11.849+0000][gc,start      ] GC(1084) Pause Young (Normal) (G1 Evacuation Pause)
[2025-10-31T10:22:11.851+0000][gc,task       ] GC(1084) Using 2 workers of 2 for evacuation
[2025-10-31T10:22:11.930+0000][gc,mmu        ] GC(1084) MMU target violated: 21.0ms (20.0ms/21.0ms)
[2025-10-31T10:22:11.931+0000][gc,phases     ] GC(1084)   Pre Evacuate Collection Set: 0.1ms
[2025-10-31T10:22:11.932+0000][gc,phases     ] GC(1084)   Evacuate Collection Set: 71.9ms
[2025-10-31T10:22:11.933+0000][gc,phases     ] GC(1084)   Post Evacuate Collection Set: 3.1ms
[2025-10-31T10:22:11.934+0000][gc,phases     ] GC(1084)   Other: 7.2ms
[2025-10-31T10:22:11.935+0000][gc,heap       ] GC(1084) Eden regions: 30->0(32)
[2025-10-31T10:22:11.936+0000][gc,heap       ] GC(1084) Survivor regions: 5->3(5)
[2025-10-31T10:22:11.937+0000][gc,heap       ] GC(1084) Old regions: 144->146
[2025-10-31T10:22:11.938+0000][gc,heap       ] GC(1084) Humongous regions: 156->156
[2025-10-31T10:22:11.939+0000][gc,metaspace  ] GC(1084) Metaspace: 53945K(57008K)->53945K(57008K) NonClass: 47986K(49584K)->47986K(49584K) Class: 5959K(7424K)->5959K(7424K)
[2025-10-31T10:22:11.940+0000][gc            ] GC(1084) Pause Young (Normal) (G1 Evacuation Pause) 333M->304M(704M) 90.974ms
[2025-10-31T10:22:11.941+0000][gc,cpu        ] GC(1084) User=0.15s Sys=0.00s Real=0.09s
[2025-10-31T10:23:17.628+0000][gc,start      ] GC(1085) Pause Young (Normal) (G1 Evacuation Pause)
[2025-10-31T10:23:17.629+0000][gc,task       ] GC(1085) Using 2 workers of 2 for evacuation
[2025-10-31T10:23:17.712+0000][gc,mmu        ] GC(1085) MMU target violated: 21.0ms (20.0ms/21.0ms)
[2025-10-31T10:23:17.714+0000][gc,phases     ] GC(1085)   Pre Evacuate Collection Set: 0.1ms
[2025-10-31T10:23:17.715+0000][gc,phases     ] GC(1085)   Evacuate Collection Set: 73.3ms
[2025-10-31T10:23:17.716+0000][gc,phases     ] GC(1085)   Post Evacuate Collection Set: 6.0ms
[2025-10-31T10:23:17.718+0000][gc,phases     ] GC(1085)   Other: 7.1ms
[2025-10-31T10:23:17.719+0000][gc,heap       ] GC(1085) Eden regions: 32->0(30)
[2025-10-31T10:23:17.720+0000][gc,heap       ] GC(1085) Survivor regions: 3->5(5)
[2025-10-31T10:23:17.721+0000][gc,heap       ] GC(1085) Old regions: 146->146
[2025-10-31T10:23:17.722+0000][gc,heap       ] GC(1085) Humongous regions: 156->156
[2025-10-31T10:23:17.727+0000][gc,metaspace  ] GC(1085) Metaspace: 53945K(57008K)->53945K(57008K) NonClass: 47986K(49584K)->47986K(49584K) Class: 5959K(7424K)->5959K(7424K)
[2025-10-31T10:23:17.729+0000][gc            ] GC(1085) Pause Young (Normal) (G1 Evacuation Pause) 336M->305M(704M) 100.859ms
[2025-10-31T10:23:17.730+0000][gc,cpu        ] GC(1085) User=0.16s Sys=0.00s Real=0.10s
[2025-10-31T10:24:23.389+0000][gc,start      ] GC(1086) Pause Young (Normal) (G1 Evacuation Pause)
[2025-10-31T10:24:23.390+0000][gc,task       ] GC(1086) Using 2 workers of 2 for evacuation
[2025-10-31T10:24:23.476+0000][gc,mmu        ] GC(1086) MMU target violated: 21.0ms (20.0ms/21.0ms)
[2025-10-31T10:24:23.478+0000][gc,phases     ] GC(1086)   Pre Evacuate Collection Set: 0.1ms
[2025-10-31T10:24:23.479+0000][gc,phases     ] GC(1086)   Evacuate Collection Set: 79.3ms
[2025-10-31T10:24:23.481+0000][gc,phases     ] GC(1086)   Post Evacuate Collection Set: 4.7ms
[2025-10-31T10:24:23.482+0000][gc,phases     ] GC(1086)   Other: 5.1ms
[2025-10-31T10:24:23.483+0000][gc,heap       ] GC(1086) Eden regions: 30->0(30)
[2025-10-31T10:24:23.484+0000][gc,heap       ] GC(1086) Survivor regions: 5->5(5)
[2025-10-31T10:24:23.485+0000][gc,heap       ] GC(1086) Old regions: 146->148
[2025-10-31T10:24:23.487+0000][gc,heap       ] GC(1086) Humongous regions: 156->156
[2025-10-31T10:24:23.488+0000][gc,metaspace  ] GC(1086) Metaspace: 53945K(57008K)->53945K(57008K) NonClass: 47986K(49584K)->47986K(49584K) Class: 5959K(7424K)->5959K(7424K)
[2025-10-31T10:24:23.490+0000][gc            ] GC(1086) Pause Young (Normal) (G1 Evacuation Pause) 335M->308M(704M) 101.253ms
[2025-10-31T10:24:23.492+0000][gc,cpu        ] GC(1086) User=0.17s Sys=0.00s Real=0.10s
[2025-10-31T10:25:29.639+0000][gc,start      ] GC(1087) Pause Young (Normal) (G1 Evacuation Pause)
[2025-10-31T10:25:29.642+0000][gc,task       ] GC(1087) Using 2 workers of 2 for evacuation
[2025-10-31T10:25:29.724+0000][gc,mmu        ] GC(1087) MMU target violated: 21.0ms (20.0ms/21.0ms)
[2025-10-31T10:25:29.725+0000][gc,phases     ] GC(1087)   Pre Evacuate Collection Set: 0.1ms
[2025-10-31T10:25:29.726+0000][gc,phases     ] GC(1087)   Evacuate Collection Set: 77.2ms
[2025-10-31T10:25:29.726+0000][gc,phases     ] GC(1087)   Post Evacuate Collection Set: 2.8ms
[2025-10-31T10:25:29.727+0000][gc,phases     ] GC(1087)   Other: 5.7ms
[2025-10-31T10:25:29.728+0000][gc,heap       ] GC(1087) Eden regions: 30->0(31)
[2025-10-31T10:25:29.729+0000][gc,heap       ] GC(1087) Survivor regions: 5->4(5)
[2025-10-31T10:25:29.730+0000][gc,heap       ] GC(1087) Old regions: 148->151
[2025-10-31T10:25:29.731+0000][gc,heap       ] GC(1087) Humongous regions: 156->156
[2025-10-31T10:25:29.732+0000][gc,metaspace  ] GC(1087) Metaspace: 53945K(57008K)->53945K(57008K) NonClass: 47986K(49584K)->47986K(49584K) Class: 5959K(7424K)->5959K(7424K)
[2025-10-31T10:25:29.733+0000][gc            ] GC(1087) Pause Young (Normal) (G1 Evacuation Pause) 338M->310M(704M) 93.745ms
[2025-10-31T10:25:29.735+0000][gc,cpu        ] GC(1087) User=0.16s Sys=0.00s Real=0.10s
[2025-10-31T10:26:37.005+0000][gc,start      ] GC(1088) Pause Young (Normal) (G1 Evacuation Pause)
[2025-10-31T10:26:37.006+0000][gc,task       ] GC(1088) Using 2 workers of 2 for evacuation
[2025-10-31T10:26:37.058+0000][gc,mmu        ] GC(1088) MMU target violated: 21.0ms (20.0ms/21.0ms)
[2025-10-31T10:26:37.059+0000][gc,phases     ] GC(1088)   Pre Evacuate Collection Set: 0.1ms
[2025-10-31T10:26:37.061+0000][gc,phases     ] GC(1088)   Evacuate Collection Set: 48.4ms
[2025-10-31T10:26:37.062+0000][gc,phases     ] GC(1088)   Post Evacuate Collection Set: 2.5ms
[2025-10-31T10:26:37.063+0000][gc,phases     ] GC(1088)   Other: 3.4ms
[2025-10-31T10:26:37.064+0000][gc,heap       ] GC(1088) Eden regions: 31->0(31)
[2025-10-31T10:26:37.065+0000][gc,heap       ] GC(1088) Survivor regions: 4->4(5)
[2025-10-31T10:26:37.066+0000][gc,heap       ] GC(1088) Old regions: 151->153
[2025-10-31T10:26:37.067+0000][gc,heap       ] GC(1088) Humongous regions: 156->156
[2025-10-31T10:26:37.068+0000][gc,metaspace  ] GC(1088) Metaspace: 53945K(57008K)->53945K(57008K) NonClass: 47986K(49584K)->47986K(49584K) Class: 5959K(7424K)->5959K(7424K)
[2025-10-31T10:26:37.068+0000][gc            ] GC(1088) Pause Young (Normal) (G1 Evacuation Pause) 341M->312M(704M) 63.767ms
[2025-10-31T10:26:37.069+0000][gc,cpu        ] GC(1088) User=0.11s Sys=0.00s Real=0.07s
[2025-10-31T10:27:41.689+0000][gc,start      ] GC(1089) Pause Young (Normal) (G1 Evacuation Pause)
[2025-10-31T10:27:41.693+0000][gc,task       ] GC(1089) Using 2 workers of 2 for evacuation
[2025-10-31T10:27:41.800+0000][gc,mmu        ] GC(1089) MMU target violated: 21.0ms (20.0ms/21.0ms)
[2025-10-31T10:27:41.802+0000][gc,phases     ] GC(1089)   Pre Evacuate Collection Set: 0.1ms
[2025-10-31T10:27:41.804+0000][gc,phases     ] GC(1089)   Evacuate Collection Set: 98.4ms
[2025-10-31T10:27:41.806+0000][gc,phases     ] GC(1089)   Post Evacuate Collection Set: 6.1ms
[2025-10-31T10:27:41.807+0000][gc,phases     ] GC(1089)   Other: 8.7ms
[2025-10-31T10:27:41.812+0000][gc,heap       ] GC(1089) Eden regions: 31->0(31)
[2025-10-31T10:27:41.813+0000][gc,heap       ] GC(1089) Survivor regions: 4->4(5)
[2025-10-31T10:27:41.817+0000][gc,heap       ] GC(1089) Old regions: 153->155
[2025-10-31T10:27:41.819+0000][gc,heap       ] GC(1089) Humongous regions: 156->156
[2025-10-31T10:27:41.821+0000][gc,metaspace  ] GC(1089) Metaspace: 53945K(57008K)->53945K(57008K) NonClass: 47986K(49584K)->47986K(49584K) Class: 5959K(7424K)->5959K(7424K)
[2025-10-31T10:27:41.823+0000][gc            ] GC(1089) Pause Young (Normal) (G1 Evacuation Pause) 343M->314M(704M) 133.703ms
[2025-10-31T10:27:41.827+0000][gc,cpu        ] GC(1089) User=0.21s Sys=0.00s Real=0.14s
[2025-10-31T10:28:49.955+0000][gc,start      ] GC(1090) Pause Young (Normal) (G1 Evacuation Pause)
[2025-10-31T10:28:49.957+0000][gc,task       ] GC(1090) Using 2 workers of 2 for evacuation
[2025-10-31T10:28:50.041+0000][gc,mmu        ] GC(1090) MMU target violated: 21.0ms (20.0ms/21.0ms)
[2025-10-31T10:28:50.043+0000][gc,phases     ] GC(1090)   Pre Evacuate Collection Set: 0.1ms
[2025-10-31T10:28:50.044+0000][gc,phases     ] GC(1090)   Evacuate Collection Set: 79.1ms
[2025-10-31T10:28:50.044+0000][gc,phases     ] GC(1090)   Post Evacuate Collection Set: 2.9ms
[2025-10-31T10:28:50.045+0000][gc,phases     ] GC(1090)   Other: 5.3ms
[2025-10-31T10:28:50.046+0000][gc,heap       ] GC(1090) Eden regions: 31->0(32)
[2025-10-31T10:28:50.047+0000][gc,heap       ] GC(1090) Survivor regions: 4->3(5)
[2025-10-31T10:28:50.048+0000][gc,heap       ] GC(1090) Old regions: 155->157
[2025-10-31T10:28:50.049+0000][gc,heap       ] GC(1090) Humongous regions: 156->156
[2025-10-31T10:28:50.050+0000][gc,metaspace  ] GC(1090) Metaspace: 53945K(57008K)->53945K(57008K) NonClass: 47986K(49584K)->47986K(49584K) Class: 5959K(7424K)->5959K(7424K)
[2025-10-31T10:28:50.051+0000][gc            ] GC(1090) Pause Young (Normal) (G1 Evacuation Pause) 345M->315M(704M) 95.548ms
[2025-10-31T10:28:50.052+0000][gc,cpu        ] GC(1090) User=0.17s Sys=0.00s Real=0.09s
[2025-10-31T10:29:59.831+0000][gc,start      ] GC(1091) Pause Young (Normal) (G1 Evacuation Pause)
[2025-10-31T10:29:59.834+0000][gc,task       ] GC(1091) Using 2 workers of 2 for evacuation
[2025-10-31T10:29:59.885+0000][gc,mmu        ] GC(1091) MMU target violated: 21.0ms (20.0ms/21.0ms)
[2025-10-31T10:29:59.886+0000][gc,phases     ] GC(1091)   Pre Evacuate Collection Set: 0.1ms
[2025-10-31T10:29:59.887+0000][gc,phases     ] GC(1091)   Evacuate Collection Set: 46.1ms
[2025-10-31T10:29:59.888+0000][gc,phases     ] GC(1091)   Post Evacuate Collection Set: 3.0ms
[2025-10-31T10:29:59.889+0000][gc,phases     ] GC(1091)   Other: 5.9ms
[2025-10-31T10:29:59.889+0000][gc,heap       ] GC(1091) Eden regions: 32->0(30)
[2025-10-31T10:29:59.890+0000][gc,heap       ] GC(1091) Survivor regions: 3->5(5)
[2025-10-31T10:29:59.891+0000][gc,heap       ] GC(1091) Old regions: 157->157
[2025-10-31T10:29:59.892+0000][gc,heap       ] GC(1091) Humongous regions: 156->156
[2025-10-31T10:29:59.893+0000][gc,metaspace  ] GC(1091) Metaspace: 53945K(57008K)->53945K(57008K) NonClass: 47986K(49584K)->47986K(49584K) Class: 5959K(7424K)->5959K(7424K)
[2025-10-31T10:29:59.893+0000][gc            ] GC(1091) Pause Young (Normal) (G1 Evacuation Pause) 347M->317M(704M) 62.299ms
[2025-10-31T10:29:59.894+0000][gc,cpu        ] GC(1091) User=0.10s Sys=0.00s Real=0.07s
[2025-10-31T10:31:05.484+0000][gc,start      ] GC(1092) Pause Young (Normal) (G1 Evacuation Pause)
[2025-10-31T10:31:05.485+0000][gc,task       ] GC(1092) Using 2 workers of 2 for evacuation
[2025-10-31T10:31:05.620+0000][gc,mmu        ] GC(1092) MMU target violated: 21.0ms (20.0ms/21.0ms)
[2025-10-31T10:31:05.621+0000][gc,phases     ] GC(1092)   Pre Evacuate Collection Set: 0.1ms
[2025-10-31T10:31:05.622+0000][gc,phases     ] GC(1092)   Evacuate Collection Set: 128.3ms
[2025-10-31T10:31:05.624+0000][gc,phases     ] GC(1092)   Post Evacuate Collection Set: 4.2ms
[2025-10-31T10:31:05.625+0000][gc,phases     ] GC(1092)   Other: 4.6ms
[2025-10-31T10:31:05.626+0000][gc,heap       ] GC(1092) Eden regions: 30->0(31)
[2025-10-31T10:31:05.627+0000][gc,heap       ] GC(1092) Survivor regions: 5->4(5)
[2025-10-31T10:31:05.628+0000][gc,heap       ] GC(1092) Old regions: 157->161
[2025-10-31T10:31:05.629+0000][gc,heap       ] GC(1092) Humongous regions: 156->156
[2025-10-31T10:31:05.633+0000][gc,metaspace  ] GC(1092) Metaspace: 53945K(57008K)->53945K(57008K) NonClass: 47986K(49584K)->47986K(49584K) Class: 5959K(7424K)->5959K(7424K)
[2025-10-31T10:31:05.634+0000][gc            ] GC(1092) Pause Young (Normal) (G1 Evacuation Pause) 347M->319M(704M) 150.213ms
[2025-10-31T10:31:05.635+0000][gc,cpu        ] GC(1092) User=0.27s Sys=0.00s Real=0.15s
[2025-10-31T10:32:13.858+0000][gc,start      ] GC(1093) Pause Young (Normal) (G1 Evacuation Pause)
[2025-10-31T10:32:13.859+0000][gc,task       ] GC(1093) Using 2 workers of 2 for evacuation
[2025-10-31T10:32:13.909+0000][gc,mmu        ] GC(1093) MMU target violated: 21.0ms (20.0ms/21.0ms)
[2025-10-31T10:32:13.909+0000][gc,phases     ] GC(1093)   Pre Evacuate Collection Set: 0.1ms
[2025-10-31T10:32:13.910+0000][gc,phases     ] GC(1093)   Evacuate Collection Set: 43.8ms
[2025-10-31T10:32:13.911+0000][gc,phases     ] GC(1093)   Post Evacuate Collection Set: 2.6ms
[2025-10-31T10:32:13.912+0000][gc,phases     ] GC(1093)   Other: 4.7ms
[2025-10-31T10:32:13.913+0000][gc,heap       ] GC(1093) Eden regions: 31->0(31)
[2025-10-31T10:32:13.913+0000][gc,heap       ] GC(1093) Survivor regions: 4->4(5)
[2025-10-31T10:32:13.914+0000][gc,heap       ] GC(1093) Old regions: 161->163
[2025-10-31T10:32:13.915+0000][gc,heap       ] GC(1093) Humongous regions: 156->156
[2025-10-31T10:32:13.916+0000][gc,metaspace  ] GC(1093) Metaspace: 53945K(57008K)->53945K(57008K) NonClass: 47986K(49584K)->47986K(49584K) Class: 5959K(7424K)->5959K(7424K)
[2025-10-31T10:32:13.916+0000][gc            ] GC(1093) Pause Young (Normal) (G1 Evacuation Pause) 350M->322M(704M) 58.166ms
[2025-10-31T10:32:13.917+0000][gc,cpu        ] GC(1093) User=0.09s Sys=0.00s Real=0.06s
[2025-10-31T10:33:05.121+0000][gc,start      ] GC(1094) Pause Young (Normal) (G1 Evacuation Pause)
[2025-10-31T10:33:05.121+0000][gc,task       ] GC(1094) Using 2 workers of 2 for evacuation
[2025-10-31T10:33:05.149+0000][gc,mmu        ] GC(1094) MMU target violated: 21.0ms (20.0ms/21.0ms)
[2025-10-31T10:33:05.150+0000][gc,phases     ] GC(1094)   Pre Evacuate Collection Set: 0.1ms
[2025-10-31T10:33:05.150+0000][gc,phases     ] GC(1094)   Evacuate Collection Set: 23.4ms
[2025-10-31T10:33:05.151+0000][gc,phases     ] GC(1094)   Post Evacuate Collection Set: 3.4ms
[2025-10-31T10:33:05.151+0000][gc,phases     ] GC(1094)   Other: 2.0ms
[2025-10-31T10:33:05.151+0000][gc,heap       ] GC(1094) Eden regions: 31->0(32)
[2025-10-31T10:33:05.152+0000][gc,heap       ] GC(1094) Survivor regions: 4->3(5)
[2025-10-31T10:33:05.152+0000][gc,heap       ] GC(1094) Old regions: 163->165
[2025-10-31T10:33:05.152+0000][gc,heap       ] GC(1094) Humongous regions: 156->156
[2025-10-31T10:33:05.153+0000][gc,metaspace  ] GC(1094) Metaspace: 53963K(57264K)->53963K(57264K) NonClass: 48003K(49840K)->48003K(49840K) Class: 5959K(7424K)->5959K(7424K)
[2025-10-31T10:33:05.153+0000][gc            ] GC(1094) Pause Young (Normal) (G1 Evacuation Pause) 353M->323M(704M) 32.232ms
[2025-10-31T10:33:05.153+0000][gc,cpu        ] GC(1094) User=0.05s Sys=0.00s Real=0.03s
[2025-10-31T10:33:05.605+0000][gc,start      ] GC(1095) Pause Young (Normal) (G1 Evacuation Pause)
[2025-10-31T10:33:05.605+0000][gc,task       ] GC(1095) Using 2 workers of 2 for evacuation
[2025-10-31T10:33:05.622+0000][gc,phases     ] GC(1095)   Pre Evacuate Collection Set: 0.0ms
[2025-10-31T10:33:05.623+0000][gc,phases     ] GC(1095)   Evacuate Collection Set: 15.2ms
[2025-10-31T10:33:05.623+0000][gc,phases     ] GC(1095)   Post Evacuate Collection Set: 1.1ms
[2025-10-31T10:33:05.623+0000][gc,phases     ] GC(1095)   Other: 1.1ms
[2025-10-31T10:33:05.623+0000][gc,heap       ] GC(1095) Eden regions: 32->0(33)
[2025-10-31T10:33:05.624+0000][gc,heap       ] GC(1095) Survivor regions: 3->2(5)
[2025-10-31T10:33:05.624+0000][gc,heap       ] GC(1095) Old regions: 165->167
[2025-10-31T10:33:05.624+0000][gc,heap       ] GC(1095) Humongous regions: 210->162
[2025-10-31T10:33:05.624+0000][gc,metaspace  ] GC(1095) Metaspace: 53975K(57264K)->53975K(57264K) NonClass: 48016K(49840K)->48016K(49840K) Class: 5959K(7424K)->5959K(7424K)
[2025-10-31T10:33:05.624+0000][gc            ] GC(1095) Pause Young (Normal) (G1 Evacuation Pause) 409M->330M(704M) 19.698ms
[2025-10-31T10:33:05.625+0000][gc,cpu        ] GC(1095) User=0.03s Sys=0.00s Real=0.02s
[2025-10-31T10:33:05.650+0000][gc,start      ] GC(1096) Pause Young (Concurrent Start) (G1 Humongous Allocation)
[2025-10-31T10:33:05.651+0000][gc,task       ] GC(1096) Using 2 workers of 2 for evacuation
[2025-10-31T10:33:05.659+0000][gc,phases     ] GC(1096)   Pre Evacuate Collection Set: 0.3ms
[2025-10-31T10:33:05.660+0000][gc,phases     ] GC(1096)   Evacuate Collection Set: 7.4ms
[2025-10-31T10:33:05.660+0000][gc,phases     ] GC(1096)   Post Evacuate Collection Set: 0.7ms
[2025-10-31T10:33:05.660+0000][gc,phases     ] GC(1096)   Other: 1.0ms
[2025-10-31T10:33:05.661+0000][gc,heap       ] GC(1096) Eden regions: 3->0(33)
[2025-10-31T10:33:05.661+0000][gc,heap       ] GC(1096) Survivor regions: 2->2(5)
[2025-10-31T10:33:05.661+0000][gc,heap       ] GC(1096) Old regions: 167->167
[2025-10-31T10:33:05.661+0000][gc,heap       ] GC(1096) Humongous regions: 246->156
[2025-10-31T10:33:05.661+0000][gc,metaspace  ] GC(1096) Metaspace: 53976K(57264K)->53976K(57264K) NonClass: 48017K(49840K)->48017K(49840K) Class: 5959K(7424K)->5959K(7424K)
[2025-10-31T10:33:05.662+0000][gc            ] GC(1096) Pause Young (Concurrent Start) (G1 Humongous Allocation) 417M->324M(704M) 11.489ms
[2025-10-31T10:33:05.662+0000][gc,cpu        ] GC(1096) User=0.02s Sys=0.00s Real=0.01s
[2025-10-31T10:33:05.662+0000][gc            ] GC(1097) Concurrent Cycle
[2025-10-31T10:33:05.663+0000][gc,marking    ] GC(1097) Concurrent Clear Claimed Marks
[2025-10-31T10:33:05.663+0000][gc,marking    ] GC(1097) Concurrent Clear Claimed Marks 0.859ms
[2025-10-31T10:33:05.664+0000][gc,marking    ] GC(1097) Concurrent Scan Root Regions
[2025-10-31T10:33:05.671+0000][gc,marking    ] GC(1097) Concurrent Scan Root Regions 6.608ms
[2025-10-31T10:33:05.672+0000][gc,marking    ] GC(1097) Concurrent Mark (60228.790s)
[2025-10-31T10:33:05.672+0000][gc,marking    ] GC(1097) Concurrent Mark From Roots
[2025-10-31T10:33:05.673+0000][gc,task       ] GC(1097) Using 1 workers of 1 for marking
[2025-10-31T10:33:05.737+0000][gc,marking    ] GC(1097) Concurrent Mark From Roots 64.710ms
[2025-10-31T10:33:05.737+0000][gc,marking    ] GC(1097) Concurrent Preclean
[2025-10-31T10:33:05.738+0000][gc,marking    ] GC(1097) Concurrent Preclean 0.722ms
[2025-10-31T10:33:05.738+0000][gc,marking    ] GC(1097) Concurrent Mark (60228.790s, 60228.857s) 66.806ms
[2025-10-31T10:33:05.739+0000][gc,start      ] GC(1097) Pause Remark
[2025-10-31T10:33:05.751+0000][gc,stringtable] GC(1097) Cleaned string and symbol table, strings: 17288 processed, 4 removed, symbols: 123945 processed, 0 removed
[2025-10-31T10:33:05.751+0000][gc            ] GC(1097) Pause Remark 496M->441M(704M) 12.331ms
[2025-10-31T10:33:05.751+0000][gc,cpu        ] GC(1097) User=0.02s Sys=0.00s Real=0.01s
[2025-10-31T10:33:05.752+0000][gc,marking    ] GC(1097) Concurrent Rebuild Remembered Sets
[2025-10-31T10:33:05.775+0000][gc,marking    ] GC(1097) Concurrent Rebuild Remembered Sets 23.252ms
[2025-10-31T10:33:05.776+0000][gc,start      ] GC(1097) Pause Cleanup
[2025-10-31T10:33:05.776+0000][gc            ] GC(1097) Pause Cleanup 441M->441M(704M) 0.521ms
[2025-10-31T10:33:05.776+0000][gc,cpu        ] GC(1097) User=0.00s Sys=0.00s Real=0.00s
[2025-10-31T10:33:05.777+0000][gc,marking    ] GC(1097) Concurrent Cleanup for Next Mark
[2025-10-31T10:33:05.778+0000][gc,marking    ] GC(1097) Concurrent Cleanup for Next Mark 0.982ms
[2025-10-31T10:33:05.778+0000][gc            ] GC(1097) Concurrent Cycle 115.816ms
[2025-10-31T10:48:51.468+0000][gc,start      ] GC(1098) Pause Young (Prepare Mixed) (G1 Evacuation Pause)
[2025-10-31T10:48:51.469+0000][gc,task       ] GC(1098) Using 2 workers of 2 for evacuation
[2025-10-31T10:48:51.543+0000][gc,mmu        ] GC(1098) MMU target violated: 21.0ms (20.0ms/21.0ms)
[2025-10-31T10:48:51.545+0000][gc,phases     ] GC(1098)   Pre Evacuate Collection Set: 0.0ms
[2025-10-31T10:48:51.548+0000][gc,phases     ] GC(1098)   Evacuate Collection Set: 72.0ms
[2025-10-31T10:48:51.549+0000][gc,phases     ] GC(1098)   Post Evacuate Collection Set: 0.7ms
[2025-10-31T10:48:51.550+0000][gc,phases     ] GC(1098)   Other: 4.9ms
[2025-10-31T10:48:51.551+0000][gc,heap       ] GC(1098) Eden regions: 33->0(31)
[2025-10-31T10:48:51.556+0000][gc,heap       ] GC(1098) Survivor regions: 2->4(5)
[2025-10-31T10:48:51.560+0000][gc,heap       ] GC(1098) Old regions: 112->112
[2025-10-31T10:48:51.562+0000][gc,heap       ] GC(1098) Humongous regions: 318->156
[2025-10-31T10:48:51.564+0000][gc,metaspace  ] GC(1098) Metaspace: 53987K(57264K)->53987K(57264K) NonClass: 48028K(49840K)->48028K(49840K) Class: 5959K(7424K)->5959K(7424K)
[2025-10-31T10:48:51.565+0000][gc            ] GC(1098) Pause Young (Prepare Mixed) (G1 Evacuation Pause) 464M->271M(704M) 97.237ms
[2025-10-31T10:48:51.566+0000][gc,cpu        ] GC(1098) User=0.03s Sys=0.01s Real=0.10s
[2025-10-31T10:49:09.410+0000][gc,start      ] GC(1099) Pause Young (Mixed) (G1 Evacuation Pause)
[2025-10-31T10:49:09.411+0000][gc,task       ] GC(1099) Using 2 workers of 2 for evacuation
[2025-10-31T10:49:09.491+0000][gc,mmu        ] GC(1099) MMU target violated: 21.0ms (20.0ms/21.0ms)
[2025-10-31T10:49:09.492+0000][gc,phases     ] GC(1099)   Pre Evacuate Collection Set: 0.1ms
[2025-10-31T10:49:09.493+0000][gc,phases     ] GC(1099)   Evacuate Collection Set: 73.6ms
[2025-10-31T10:49:09.494+0000][gc,phases     ] GC(1099)   Post Evacuate Collection Set: 5.0ms
[2025-10-31T10:49:09.495+0000][gc,phases     ] GC(1099)   Other: 3.5ms
[2025-10-31T10:49:09.496+0000][gc,heap       ] GC(1099) Eden regions: 31->0(31)
[2025-10-31T10:49:09.497+0000][gc,heap       ] GC(1099) Survivor regions: 4->4(5)
[2025-10-31T10:49:09.498+0000][gc,heap       ] GC(1099) Old regions: 112->101
[2025-10-31T10:49:09.499+0000][gc,heap       ] GC(1099) Humongous regions: 156->156
[2025-10-31T10:49:09.500+0000][gc,metaspace  ] GC(1099) Metaspace: 54012K(57264K)->54012K(57264K) NonClass: 48053K(49840K)->48053K(49840K) Class: 5959K(7424K)->5959K(7424K)
[2025-10-31T10:49:09.501+0000][gc            ] GC(1099) Pause Young (Mixed) (G1 Evacuation Pause) 302M->260M(704M) 90.921ms
[2025-10-31T10:49:09.502+0000][gc,cpu        ] GC(1099) User=0.15s Sys=0.00s Real=0.09s
[2025-10-31T10:50:17.823+0000][gc,start      ] GC(1100) Pause Young (Mixed) (G1 Evacuation Pause)
[2025-10-31T10:50:17.826+0000][gc,task       ] GC(1100) Using 2 workers of 2 for evacuation
[2025-10-31T10:50:17.977+0000][gc,mmu        ] GC(1100) MMU target violated: 21.0ms (20.0ms/21.0ms)
[2025-10-31T10:50:17.984+0000][gc,phases     ] GC(1100)   Pre Evacuate Collection Set: 0.1ms
[2025-10-31T10:50:17.986+0000][gc,phases     ] GC(1100)   Evacuate Collection Set: 143.2ms
[2025-10-31T10:50:17.988+0000][gc,phases     ] GC(1100)   Post Evacuate Collection Set: 4.8ms
[2025-10-31T10:50:17.990+0000][gc,phases     ] GC(1100)   Other: 13.1ms
[2025-10-31T10:50:17.993+0000][gc,heap       ] GC(1100) Eden regions: 31->0(30)
[2025-10-31T10:50:17.996+0000][gc,heap       ] GC(1100) Survivor regions: 4->5(5)
[2025-10-31T10:50:17.998+0000][gc,heap       ] GC(1100) Old regions: 101->90
[2025-10-31T10:50:17.999+0000][gc,heap       ] GC(1100) Humongous regions: 156->156
[2025-10-31T10:50:18.000+0000][gc,metaspace  ] GC(1100) Metaspace: 54012K(57264K)->54012K(57264K) NonClass: 48053K(49840K)->48053K(49840K) Class: 5959K(7424K)->5959K(7424K)
[2025-10-31T10:50:18.002+0000][gc            ] GC(1100) Pause Young (Mixed) (G1 Evacuation Pause) 291M->250M(704M) 178.485ms
[2025-10-31T10:50:18.003+0000][gc,cpu        ] GC(1100) User=0.23s Sys=0.00s Real=0.18s
[2025-10-31T10:51:25.271+0000][gc,start      ] GC(1101) Pause Young (Mixed) (G1 Evacuation Pause)
[2025-10-31T10:51:25.273+0000][gc,task       ] GC(1101) Using 2 workers of 2 for evacuation
[2025-10-31T10:51:25.396+0000][gc,mmu        ] GC(1101) MMU target violated: 21.0ms (20.0ms/21.0ms)
[2025-10-31T10:51:25.401+0000][gc,phases     ] GC(1101)   Pre Evacuate Collection Set: 0.1ms
[2025-10-31T10:51:25.402+0000][gc,phases     ] GC(1101)   Evacuate Collection Set: 111.6ms
[2025-10-31T10:51:25.404+0000][gc,phases     ] GC(1101)   Post Evacuate Collection Set: 6.9ms
[2025-10-31T10:51:25.406+0000][gc,phases     ] GC(1101)   Other: 12.2ms
[2025-10-31T10:51:25.408+0000][gc,heap       ] GC(1101) Eden regions: 30->0(31)
[2025-10-31T10:51:25.410+0000][gc,heap       ] GC(1101) Survivor regions: 5->4(5)
[2025-10-31T10:51:25.411+0000][gc,heap       ] GC(1101) Old regions: 90->80
[2025-10-31T10:51:25.413+0000][gc,heap       ] GC(1101) Humongous regions: 156->156
[2025-10-31T10:51:25.415+0000][gc,metaspace  ] GC(1101) Metaspace: 54012K(57264K)->54012K(57264K) NonClass: 48053K(49840K)->48053K(49840K) Class: 5959K(7424K)->5959K(7424K)
[2025-10-31T10:51:25.418+0000][gc            ] GC(1101) Pause Young (Mixed) (G1 Evacuation Pause) 280M->239M(704M) 146.898ms
[2025-10-31T10:51:25.419+0000][gc,cpu        ] GC(1101) User=0.23s Sys=0.00s Real=0.15s
[2025-10-31T10:52:32.384+0000][gc,start      ] GC(1102) Pause Young (Mixed) (G1 Evacuation Pause)
[2025-10-31T10:52:32.386+0000][gc,task       ] GC(1102) Using 2 workers of 2 for evacuation
[2025-10-31T10:52:32.495+0000][gc,mmu        ] GC(1102) MMU target violated: 21.0ms (20.0ms/21.0ms)
[2025-10-31T10:52:32.496+0000][gc,phases     ] GC(1102)   Pre Evacuate Collection Set: 0.1ms
[2025-10-31T10:52:32.497+0000][gc,phases     ] GC(1102)   Evacuate Collection Set: 102.8ms
[2025-10-31T10:52:32.498+0000][gc,phases     ] GC(1102)   Post Evacuate Collection Set: 4.1ms
[2025-10-31T10:52:32.499+0000][gc,phases     ] GC(1102)   Other: 4.4ms
[2025-10-31T10:52:32.500+0000][gc,heap       ] GC(1102) Eden regions: 31->0(31)
[2025-10-31T10:52:32.501+0000][gc,heap       ] GC(1102) Survivor regions: 4->4(5)
[2025-10-31T10:52:32.502+0000][gc,heap       ] GC(1102) Old regions: 80->70
[2025-10-31T10:52:32.503+0000][gc,heap       ] GC(1102) Humongous regions: 156->156
[2025-10-31T10:52:32.504+0000][gc,metaspace  ] GC(1102) Metaspace: 54012K(57264K)->54012K(57264K) NonClass: 48053K(49840K)->48053K(49840K) Class: 5959K(7424K)->5959K(7424K)
[2025-10-31T10:52:32.506+0000][gc            ] GC(1102) Pause Young (Mixed) (G1 Evacuation Pause) 270M->229M(704M) 121.112ms
[2025-10-31T10:52:32.507+0000][gc,cpu        ] GC(1102) User=0.22s Sys=0.00s Real=0.13s
[2025-10-31T10:53:41.302+0000][gc,start      ] GC(1103) Pause Young (Mixed) (G1 Evacuation Pause)
[2025-10-31T10:53:41.308+0000][gc,task       ] GC(1103) Using 2 workers of 2 for evacuation
[2025-10-31T10:53:41.392+0000][gc,mmu        ] GC(1103) MMU target violated: 21.0ms (20.0ms/21.0ms)
[2025-10-31T10:53:41.393+0000][gc,phases     ] GC(1103)   Pre Evacuate Collection Set: 0.1ms
[2025-10-31T10:53:41.397+0000][gc,phases     ] GC(1103)   Evacuate Collection Set: 75.2ms
[2025-10-31T10:53:41.400+0000][gc,phases     ] GC(1103)   Post Evacuate Collection Set: 5.6ms
[2025-10-31T10:53:41.402+0000][gc,phases     ] GC(1103)   Other: 10.3ms
[2025-10-31T10:53:41.403+0000][gc,heap       ] GC(1103) Eden regions: 31->0(32)
[2025-10-31T10:53:41.404+0000][gc,heap       ] GC(1103) Survivor regions: 4->3(5)
[2025-10-31T10:53:41.405+0000][gc,heap       ] GC(1103) Old regions: 70->68
[2025-10-31T10:53:41.407+0000][gc,heap       ] GC(1103) Humongous regions: 156->156
[2025-10-31T10:53:41.408+0000][gc,metaspace  ] GC(1103) Metaspace: 54012K(57264K)->54012K(57264K) NonClass: 48053K(49840K)->48053K(49840K) Class: 5959K(7424K)->5959K(7424K)
[2025-10-31T10:53:41.409+0000][gc            ] GC(1103) Pause Young (Mixed) (G1 Evacuation Pause) 260M->226M(704M) 107.240ms
[2025-10-31T10:53:41.412+0000][gc,cpu        ] GC(1103) User=0.16s Sys=0.00s Real=0.11s
[2025-10-31T10:54:49.088+0000][gc,start      ] GC(1104) Pause Young (Concurrent Start) (G1 Evacuation Pause)
[2025-10-31T10:54:49.090+0000][gc,task       ] GC(1104) Using 2 workers of 2 for evacuation
[2025-10-31T10:54:49.177+0000][gc,mmu        ] GC(1104) MMU target violated: 21.0ms (20.0ms/21.0ms)
[2025-10-31T10:54:49.178+0000][gc,phases     ] GC(1104)   Pre Evacuate Collection Set: 0.8ms
[2025-10-31T10:54:49.179+0000][gc,phases     ] GC(1104)   Evacuate Collection Set: 79.0ms
[2025-10-31T10:54:49.181+0000][gc,phases     ] GC(1104)   Post Evacuate Collection Set: 4.3ms
[2025-10-31T10:54:49.181+0000][gc,phases     ] GC(1104)   Other: 6.0ms
[2025-10-31T10:54:49.182+0000][gc,heap       ] GC(1104) Eden regions: 32->0(30)
[2025-10-31T10:54:49.183+0000][gc,heap       ] GC(1104) Survivor regions: 3->5(5)
[2025-10-31T10:54:49.184+0000][gc,heap       ] GC(1104) Old regions: 68->68
[2025-10-31T10:54:49.184+0000][gc,heap       ] GC(1104) Humongous regions: 156->156
[2025-10-31T10:54:49.185+0000][gc,metaspace  ] GC(1104) Metaspace: 54012K(57264K)->54012K(57264K) NonClass: 48053K(49840K)->48053K(49840K) Class: 5959K(7424K)->5959K(7424K)
[2025-10-31T10:54:49.187+0000][gc            ] GC(1104) Pause Young (Concurrent Start) (G1 Evacuation Pause) 258M->228M(704M) 98.409ms
[2025-10-31T10:54:49.188+0000][gc,cpu        ] GC(1104) User=0.17s Sys=0.00s Real=0.10s
[2025-10-31T10:54:49.189+0000][gc            ] GC(1105) Concurrent Cycle
[2025-10-31T10:54:49.194+0000][gc,marking    ] GC(1105) Concurrent Clear Claimed Marks
[2025-10-31T10:54:49.196+0000][gc,marking    ] GC(1105) Concurrent Clear Claimed Marks 1.774ms
[2025-10-31T10:54:49.200+0000][gc,marking    ] GC(1105) Concurrent Scan Root Regions
[2025-10-31T10:54:49.221+0000][gc,marking    ] GC(1105) Concurrent Scan Root Regions 21.270ms
[2025-10-31T10:54:49.222+0000][gc,marking    ] GC(1105) Concurrent Mark (61532.405s)
[2025-10-31T10:54:49.223+0000][gc,marking    ] GC(1105) Concurrent Mark From Roots
[2025-10-31T10:54:49.224+0000][gc,task       ] GC(1105) Using 1 workers of 1 for marking
[2025-10-31T10:54:49.470+0000][gc,marking    ] GC(1105) Concurrent Mark From Roots 247.214ms
[2025-10-31T10:54:49.471+0000][gc,marking    ] GC(1105) Concurrent Preclean
[2025-10-31T10:54:49.472+0000][gc,marking    ] GC(1105) Concurrent Preclean 1.521ms
[2025-10-31T10:54:49.473+0000][gc,marking    ] GC(1105) Concurrent Mark (61532.405s, 61532.656s) 251.475ms
[2025-10-31T10:54:49.476+0000][gc,start      ] GC(1105) Pause Remark
[2025-10-31T10:54:49.523+0000][gc,stringtable] GC(1105) Cleaned string and symbol table, strings: 17296 processed, 0 removed, symbols: 123945 processed, 0 removed
[2025-10-31T10:54:49.526+0000][gc,mmu        ] GC(1105) MMU target violated: 21.0ms (20.0ms/21.0ms)
[2025-10-31T10:54:49.527+0000][gc            ] GC(1105) Pause Remark 228M->228M(704M) 50.845ms
[2025-10-31T10:54:49.528+0000][gc,cpu        ] GC(1105) User=0.09s Sys=0.00s Real=0.05s
[2025-10-31T10:54:49.529+0000][gc,marking    ] GC(1105) Concurrent Rebuild Remembered Sets
[2025-10-31T10:54:49.672+0000][gc,marking    ] GC(1105) Concurrent Rebuild Remembered Sets 142.427ms
[2025-10-31T10:54:49.675+0000][gc,start      ] GC(1105) Pause Cleanup
[2025-10-31T10:54:49.677+0000][gc            ] GC(1105) Pause Cleanup 228M->228M(704M) 2.608ms
[2025-10-31T10:54:49.678+0000][gc,cpu        ] GC(1105) User=0.00s Sys=0.00s Real=0.00s
[2025-10-31T10:54:49.681+0000][gc,marking    ] GC(1105) Concurrent Cleanup for Next Mark
[2025-10-31T10:54:49.688+0000][gc,marking    ] GC(1105) Concurrent Cleanup for Next Mark 7.364ms
[2025-10-31T10:54:49.689+0000][gc            ] GC(1105) Concurrent Cycle 499.946ms
[2025-10-31T10:55:55.448+0000][gc,start      ] GC(1106) Pause Young (Prepare Mixed) (G1 Evacuation Pause)
[2025-10-31T10:55:55.449+0000][gc,task       ] GC(1106) Using 2 workers of 2 for evacuation
[2025-10-31T10:55:55.512+0000][gc,mmu        ] GC(1106) MMU target violated: 21.0ms (20.0ms/21.0ms)
[2025-10-31T10:55:55.513+0000][gc,phases     ] GC(1106)   Pre Evacuate Collection Set: 0.1ms
[2025-10-31T10:55:55.513+0000][gc,phases     ] GC(1106)   Evacuate Collection Set: 58.4ms
[2025-10-31T10:55:55.514+0000][gc,phases     ] GC(1106)   Post Evacuate Collection Set: 2.7ms
[2025-10-31T10:55:55.515+0000][gc,phases     ] GC(1106)   Other: 3.6ms
[2025-10-31T10:55:55.516+0000][gc,heap       ] GC(1106) Eden regions: 30->0(30)
[2025-10-31T10:55:55.517+0000][gc,heap       ] GC(1106) Survivor regions: 5->5(5)
[2025-10-31T10:55:55.517+0000][gc,heap       ] GC(1106) Old regions: 68->70
[2025-10-31T10:55:55.518+0000][gc,heap       ] GC(1106) Humongous regions: 156->156
[2025-10-31T10:55:55.519+0000][gc,metaspace  ] GC(1106) Metaspace: 54012K(57264K)->54012K(57264K) NonClass: 48053K(49840K)->48053K(49840K) Class: 5959K(7424K)->5959K(7424K)
[2025-10-31T10:55:55.520+0000][gc            ] GC(1106) Pause Young (Prepare Mixed) (G1 Evacuation Pause) 258M->230M(704M) 71.991ms
[2025-10-31T10:55:55.521+0000][gc,cpu        ] GC(1106) User=0.12s Sys=0.00s Real=0.07s
[2025-10-31T10:57:00.611+0000][gc,start      ] GC(1107) Pause Young (Mixed) (G1 Evacuation Pause)
[2025-10-31T10:57:00.613+0000][gc,task       ] GC(1107) Using 2 workers of 2 for evacuation
[2025-10-31T10:57:00.673+0000][gc,mmu        ] GC(1107) MMU target violated: 21.0ms (20.0ms/21.0ms)
[2025-10-31T10:57:00.674+0000][gc,phases     ] GC(1107)   Pre Evacuate Collection Set: 0.1ms
[2025-10-31T10:57:00.675+0000][gc,phases     ] GC(1107)   Evacuate Collection Set: 55.2ms
[2025-10-31T10:57:00.675+0000][gc,phases     ] GC(1107)   Post Evacuate Collection Set: 2.6ms
[2025-10-31T10:57:00.676+0000][gc,phases     ] GC(1107)   Other: 4.5ms
[2025-10-31T10:57:00.677+0000][gc,heap       ] GC(1107) Eden regions: 30->0(31)
[2025-10-31T10:57:00.678+0000][gc,heap       ] GC(1107) Survivor regions: 5->4(5)
[2025-10-31T10:57:00.678+0000][gc,heap       ] GC(1107) Old regions: 70->67
[2025-10-31T10:57:00.679+0000][gc,heap       ] GC(1107) Humongous regions: 156->156
[2025-10-31T10:57:00.680+0000][gc,metaspace  ] GC(1107) Metaspace: 54012K(57264K)->54012K(57264K) NonClass: 48053K(49840K)->48053K(49840K) Class: 5959K(7424K)->5959K(7424K)
[2025-10-31T10:57:00.681+0000][gc            ] GC(1107) Pause Young (Mixed) (G1 Evacuation Pause) 260M->226M(704M) 69.868ms
[2025-10-31T10:57:00.682+0000][gc,cpu        ] GC(1107) User=0.12s Sys=0.00s Real=0.07s
[2025-10-31T10:58:09.542+0000][gc,start      ] GC(1108) Pause Young (Mixed) (G1 Evacuation Pause)
[2025-10-31T10:58:09.547+0000][gc,task       ] GC(1108) Using 2 workers of 2 for evacuation
[2025-10-31T10:58:09.673+0000][gc,mmu        ] GC(1108) MMU target violated: 21.0ms (20.0ms/21.0ms)
[2025-10-31T10:58:09.674+0000][gc,phases     ] GC(1108)   Pre Evacuate Collection Set: 0.1ms
[2025-10-31T10:58:09.676+0000][gc,phases     ] GC(1108)   Evacuate Collection Set: 119.7ms
[2025-10-31T10:58:09.676+0000][gc,phases     ] GC(1108)   Post Evacuate Collection Set: 3.6ms
[2025-10-31T10:58:09.678+0000][gc,phases     ] GC(1108)   Other: 9.0ms
[2025-10-31T10:58:09.680+0000][gc,heap       ] GC(1108) Eden regions: 31->0(31)
[2025-10-31T10:58:09.682+0000][gc,heap       ] GC(1108) Survivor regions: 4->4(5)
[2025-10-31T10:58:09.683+0000][gc,heap       ] GC(1108) Old regions: 67->65
[2025-10-31T10:58:09.684+0000][gc,heap       ] GC(1108) Humongous regions: 156->156
[2025-10-31T10:58:09.686+0000][gc,metaspace  ] GC(1108) Metaspace: 54012K(57264K)->54012K(57264K) NonClass: 48053K(49840K)->48053K(49840K) Class: 5959K(7424K)->5959K(7424K)
[2025-10-31T10:58:09.688+0000][gc            ] GC(1108) Pause Young (Mixed) (G1 Evacuation Pause) 257M->224M(704M) 145.829ms
[2025-10-31T10:58:09.692+0000][gc,cpu        ] GC(1108) User=0.23s Sys=0.00s Real=0.15s
[2025-10-31T10:59:14.500+0000][gc,start      ] GC(1109) Pause Young (Concurrent Start) (G1 Evacuation Pause)
[2025-10-31T10:59:14.502+0000][gc,task       ] GC(1109) Using 2 workers of 2 for evacuation
[2025-10-31T10:59:14.616+0000][gc,mmu        ] GC(1109) MMU target violated: 21.0ms (20.0ms/21.0ms)
[2025-10-31T10:59:14.617+0000][gc,phases     ] GC(1109)   Pre Evacuate Collection Set: 1.1ms
[2025-10-31T10:59:14.619+0000][gc,phases     ] GC(1109)   Evacuate Collection Set: 105.3ms
[2025-10-31T10:59:14.620+0000][gc,phases     ] GC(1109)   Post Evacuate Collection Set: 4.4ms
[2025-10-31T10:59:14.623+0000][gc,phases     ] GC(1109)   Other: 7.3ms
[2025-10-31T10:59:14.626+0000][gc,heap       ] GC(1109) Eden regions: 31->0(31)
[2025-10-31T10:59:14.627+0000][gc,heap       ] GC(1109) Survivor regions: 4->4(5)
[2025-10-31T10:59:14.629+0000][gc,heap       ] GC(1109) Old regions: 65->67
[2025-10-31T10:59:14.638+0000][gc,heap       ] GC(1109) Humongous regions: 156->156
[2025-10-31T10:59:14.640+0000][gc,metaspace  ] GC(1109) Metaspace: 54012K(57264K)->54012K(57264K) NonClass: 48053K(49840K)->48053K(49840K) Class: 5959K(7424K)->5959K(7424K)
[2025-10-31T10:59:14.643+0000][gc            ] GC(1109) Pause Young (Concurrent Start) (G1 Evacuation Pause) 255M->226M(704M) 143.127ms
[2025-10-31T10:59:14.645+0000][gc,cpu        ] GC(1109) User=0.23s Sys=0.00s Real=0.15s
[2025-10-31T10:59:14.648+0000][gc            ] GC(1110) Concurrent Cycle
[2025-10-31T10:59:14.659+0000][gc,marking    ] GC(1110) Concurrent Clear Claimed Marks
[2025-10-31T10:59:14.667+0000][gc,marking    ] GC(1110) Concurrent Clear Claimed Marks 7.718ms
[2025-10-31T10:59:14.669+0000][gc,marking    ] GC(1110) Concurrent Scan Root Regions
[2025-10-31T10:59:14.711+0000][gc,marking    ] GC(1110) Concurrent Scan Root Regions 41.668ms
[2025-10-31T10:59:14.716+0000][gc,marking    ] GC(1110) Concurrent Mark (61797.902s)
[2025-10-31T10:59:14.718+0000][gc,marking    ] GC(1110) Concurrent Mark From Roots
[2025-10-31T10:59:14.719+0000][gc,task       ] GC(1110) Using 1 workers of 1 for marking
[2025-10-31T10:59:15.073+0000][gc,marking    ] GC(1110) Concurrent Mark From Roots 355.336ms
[2025-10-31T10:59:15.074+0000][gc,marking    ] GC(1110) Concurrent Preclean
[2025-10-31T10:59:15.075+0000][gc,marking    ] GC(1110) Concurrent Preclean 1.173ms
[2025-10-31T10:59:15.076+0000][gc,marking    ] GC(1110) Concurrent Mark (61797.902s, 61798.262s) 359.708ms
[2025-10-31T10:59:15.079+0000][gc,start      ] GC(1110) Pause Remark
[2025-10-31T10:59:15.121+0000][gc,stringtable] GC(1110) Cleaned string and symbol table, strings: 17296 processed, 0 removed, symbols: 123945 processed, 0 removed
[2025-10-31T10:59:15.124+0000][gc,mmu        ] GC(1110) MMU target violated: 21.0ms (20.0ms/21.0ms)
[2025-10-31T10:59:15.124+0000][gc            ] GC(1110) Pause Remark 227M->227M(704M) 45.808ms
[2025-10-31T10:59:15.125+0000][gc,cpu        ] GC(1110) User=0.08s Sys=0.00s Real=0.05s
[2025-10-31T10:59:15.127+0000][gc,marking    ] GC(1110) Concurrent Rebuild Remembered Sets
[2025-10-31T10:59:15.258+0000][gc,marking    ] GC(1110) Concurrent Rebuild Remembered Sets 131.502ms
[2025-10-31T10:59:15.260+0000][gc,start      ] GC(1110) Pause Cleanup
[2025-10-31T10:59:15.262+0000][gc            ] GC(1110) Pause Cleanup 227M->227M(704M) 2.335ms
[2025-10-31T10:59:15.263+0000][gc,cpu        ] GC(1110) User=0.00s Sys=0.00s Real=0.01s
[2025-10-31T10:59:15.265+0000][gc,marking    ] GC(1110) Concurrent Cleanup for Next Mark
[2025-10-31T10:59:15.270+0000][gc,marking    ] GC(1110) Concurrent Cleanup for Next Mark 5.152ms
[2025-10-31T10:59:15.271+0000][gc            ] GC(1110) Concurrent Cycle 622.930ms
[2025-10-31T11:00:21.242+0000][gc,start      ] GC(1111) Pause Young (Prepare Mixed) (G1 Evacuation Pause)
[2025-10-31T11:00:21.243+0000][gc,task       ] GC(1111) Using 2 workers of 2 for evacuation
[2025-10-31T11:00:21.325+0000][gc,mmu        ] GC(1111) MMU target violated: 21.0ms (20.0ms/21.0ms)
[2025-10-31T11:00:21.326+0000][gc,phases     ] GC(1111)   Pre Evacuate Collection Set: 0.1ms
[2025-10-31T11:00:21.328+0000][gc,phases     ] GC(1111)   Evacuate Collection Set: 74.6ms
[2025-10-31T11:00:21.329+0000][gc,phases     ] GC(1111)   Post Evacuate Collection Set: 4.1ms
[2025-10-31T11:00:21.330+0000][gc,phases     ] GC(1111)   Other: 6.1ms
[2025-10-31T11:00:21.332+0000][gc,heap       ] GC(1111) Eden regions: 31->0(32)
[2025-10-31T11:00:21.334+0000][gc,heap       ] GC(1111) Survivor regions: 4->3(5)
[2025-10-31T11:00:21.335+0000][gc,heap       ] GC(1111) Old regions: 67->69
[2025-10-31T11:00:21.336+0000][gc,heap       ] GC(1111) Humongous regions: 156->156
[2025-10-31T11:00:21.338+0000][gc,metaspace  ] GC(1111) Metaspace: 54012K(57264K)->54012K(57264K) NonClass: 48053K(49840K)->48053K(49840K) Class: 5959K(7424K)->5959K(7424K)
[2025-10-31T11:00:21.339+0000][gc            ] GC(1111) Pause Young (Prepare Mixed) (G1 Evacuation Pause) 257M->227M(704M) 96.842ms
[2025-10-31T11:00:21.340+0000][gc,cpu        ] GC(1111) User=0.16s Sys=0.00s Real=0.10s
[2025-10-31T11:01:32.668+0000][gc,start      ] GC(1112) Pause Young (Mixed) (G1 Evacuation Pause)
[2025-10-31T11:01:32.668+0000][gc,task       ] GC(1112) Using 2 workers of 2 for evacuation
[2025-10-31T11:01:32.722+0000][gc,mmu        ] GC(1112) MMU target violated: 21.0ms (20.0ms/21.0ms)
[2025-10-31T11:01:32.723+0000][gc,phases     ] GC(1112)   Pre Evacuate Collection Set: 0.1ms
[2025-10-31T11:01:32.724+0000][gc,phases     ] GC(1112)   Evacuate Collection Set: 49.3ms
[2025-10-31T11:01:32.725+0000][gc,phases     ] GC(1112)   Post Evacuate Collection Set: 2.5ms
[2025-10-31T11:01:32.726+0000][gc,phases     ] GC(1112)   Other: 3.5ms
[2025-10-31T11:01:32.727+0000][gc,heap       ] GC(1112) Eden regions: 32->0(30)
[2025-10-31T11:01:32.728+0000][gc,heap       ] GC(1112) Survivor regions: 3->5(5)
[2025-10-31T11:01:32.729+0000][gc,heap       ] GC(1112) Old regions: 69->63
[2025-10-31T11:01:32.730+0000][gc,heap       ] GC(1112) Humongous regions: 156->156
[2025-10-31T11:01:32.731+0000][gc,metaspace  ] GC(1112) Metaspace: 54012K(57264K)->54012K(57264K) NonClass: 48053K(49840K)->48053K(49840K) Class: 5959K(7424K)->5959K(7424K)
[2025-10-31T11:01:32.732+0000][gc            ] GC(1112) Pause Young (Mixed) (G1 Evacuation Pause) 259M->222M(704M) 64.117ms
[2025-10-31T11:01:32.733+0000][gc,cpu        ] GC(1112) User=0.11s Sys=0.00s Real=0.06s
[2025-10-31T11:02:38.808+0000][gc,start      ] GC(1113) Pause Young (Mixed) (G1 Evacuation Pause)
[2025-10-31T11:02:38.810+0000][gc,task       ] GC(1113) Using 2 workers of 2 for evacuation
[2025-10-31T11:02:38.899+0000][gc,mmu        ] GC(1113) MMU target violated: 21.0ms (20.0ms/21.0ms)
[2025-10-31T11:02:38.901+0000][gc,phases     ] GC(1113)   Pre Evacuate Collection Set: 0.1ms
[2025-10-31T11:02:38.903+0000][gc,phases     ] GC(1113)   Evacuate Collection Set: 83.2ms
[2025-10-31T11:02:38.904+0000][gc,phases     ] GC(1113)   Post Evacuate Collection Set: 4.3ms
[2025-10-31T11:02:38.906+0000][gc,phases     ] GC(1113)   Other: 6.2ms
[2025-10-31T11:02:38.907+0000][gc,heap       ] GC(1113) Eden regions: 30->0(32)
[2025-10-31T11:02:38.908+0000][gc,heap       ] GC(1113) Survivor regions: 5->3(5)
[2025-10-31T11:02:38.910+0000][gc,heap       ] GC(1113) Old regions: 63->63
[2025-10-31T11:02:38.912+0000][gc,heap       ] GC(1113) Humongous regions: 156->156
[2025-10-31T11:02:38.913+0000][gc,metaspace  ] GC(1113) Metaspace: 54012K(57264K)->54012K(57264K) NonClass: 48053K(49840K)->48053K(49840K) Class: 5959K(7424K)->5959K(7424K)
[2025-10-31T11:02:38.921+0000][gc            ] GC(1113) Pause Young (Mixed) (G1 Evacuation Pause) 252M->222M(704M) 112.721ms
[2025-10-31T11:02:38.924+0000][gc,cpu        ] GC(1113) User=0.18s Sys=0.00s Real=0.12s
[2025-10-31T11:03:50.126+0000][gc,start      ] GC(1114) Pause Young (Concurrent Start) (G1 Evacuation Pause)
[2025-10-31T11:03:50.127+0000][gc,task       ] GC(1114) Using 2 workers of 2 for evacuation
[2025-10-31T11:03:50.219+0000][gc,mmu        ] GC(1114) MMU target violated: 21.0ms (20.0ms/21.0ms)
[2025-10-31T11:03:50.221+0000][gc,phases     ] GC(1114)   Pre Evacuate Collection Set: 0.7ms
[2025-10-31T11:03:50.222+0000][gc,phases     ] GC(1114)   Evacuate Collection Set: 77.6ms
[2025-10-31T11:03:50.223+0000][gc,phases     ] GC(1114)   Post Evacuate Collection Set: 9.3ms
[2025-10-31T11:03:50.226+0000][gc,phases     ] GC(1114)   Other: 6.9ms
[2025-10-31T11:03:50.228+0000][gc,heap       ] GC(1114) Eden regions: 32->0(31)
[2025-10-31T11:03:50.229+0000][gc,heap       ] GC(1114) Survivor regions: 3->4(5)
[2025-10-31T11:03:50.230+0000][gc,heap       ] GC(1114) Old regions: 63->65
[2025-10-31T11:03:50.232+0000][gc,heap       ] GC(1114) Humongous regions: 156->156
[2025-10-31T11:03:50.233+0000][gc,metaspace  ] GC(1114) Metaspace: 54012K(57264K)->54012K(57264K) NonClass: 48053K(49840K)->48053K(49840K) Class: 5959K(7424K)->5959K(7424K)
[2025-10-31T11:03:50.235+0000][gc            ] GC(1114) Pause Young (Concurrent Start) (G1 Evacuation Pause) 254M->224M(704M) 108.833ms
[2025-10-31T11:03:50.237+0000][gc,cpu        ] GC(1114) User=0.17s Sys=0.00s Real=0.11s
[2025-10-31T11:03:50.238+0000][gc            ] GC(1115) Concurrent Cycle
[2025-10-31T11:03:50.239+0000][gc,marking    ] GC(1115) Concurrent Clear Claimed Marks
[2025-10-31T11:03:50.241+0000][gc,marking    ] GC(1115) Concurrent Clear Claimed Marks 1.795ms
[2025-10-31T11:03:50.243+0000][gc,marking    ] GC(1115) Concurrent Scan Root Regions
[2025-10-31T11:03:50.273+0000][gc,marking    ] GC(1115) Concurrent Scan Root Regions 30.555ms
[2025-10-31T11:03:50.274+0000][gc,marking    ] GC(1115) Concurrent Mark (62073.457s)
[2025-10-31T11:03:50.275+0000][gc,marking    ] GC(1115) Concurrent Mark From Roots
[2025-10-31T11:03:50.275+0000][gc,task       ] GC(1115) Using 1 workers of 1 for marking
[2025-10-31T11:03:50.488+0000][gc,marking    ] GC(1115) Concurrent Mark From Roots 213.144ms
[2025-10-31T11:03:50.488+0000][gc,marking    ] GC(1115) Concurrent Preclean
[2025-10-31T11:03:50.490+0000][gc,marking    ] GC(1115) Concurrent Preclean 1.214ms
[2025-10-31T11:03:50.491+0000][gc,marking    ] GC(1115) Concurrent Mark (62073.457s, 62073.674s) 217.175ms
[2025-10-31T11:03:50.493+0000][gc,start      ] GC(1115) Pause Remark
[2025-10-31T11:03:50.565+0000][gc,stringtable] GC(1115) Cleaned string and symbol table, strings: 17296 processed, 0 removed, symbols: 123945 processed, 0 removed
[2025-10-31T11:03:50.570+0000][gc,mmu        ] GC(1115) MMU target violated: 21.0ms (20.0ms/21.0ms)
[2025-10-31T11:03:50.571+0000][gc            ] GC(1115) Pause Remark 225M->225M(704M) 77.966ms
[2025-10-31T11:03:50.580+0000][gc,cpu        ] GC(1115) User=0.14s Sys=0.00s Real=0.08s
[2025-10-31T11:03:50.582+0000][gc,marking    ] GC(1115) Concurrent Rebuild Remembered Sets
[2025-10-31T11:03:50.787+0000][gc,marking    ] GC(1115) Concurrent Rebuild Remembered Sets 204.447ms
[2025-10-31T11:03:50.792+0000][gc,start      ] GC(1115) Pause Cleanup
[2025-10-31T11:03:50.795+0000][gc            ] GC(1115) Pause Cleanup 225M->225M(704M) 2.894ms
[2025-10-31T11:03:50.796+0000][gc,cpu        ] GC(1115) User=0.00s Sys=0.00s Real=0.01s
[2025-10-31T11:03:50.797+0000][gc,marking    ] GC(1115) Concurrent Cleanup for Next Mark
[2025-10-31T11:03:50.801+0000][gc,marking    ] GC(1115) Concurrent Cleanup for Next Mark 3.892ms
[2025-10-31T11:03:50.802+0000][gc            ] GC(1115) Concurrent Cycle 563.688ms
[2025-10-31T11:04:54.181+0000][gc,start      ] GC(1116) Pause Young (Prepare Mixed) (G1 Evacuation Pause)
[2025-10-31T11:04:54.182+0000][gc,task       ] GC(1116) Using 2 workers of 2 for evacuation
[2025-10-31T11:04:54.296+0000][gc,mmu        ] GC(1116) MMU target violated: 21.0ms (20.0ms/21.0ms)
[2025-10-31T11:04:54.298+0000][gc,phases     ] GC(1116)   Pre Evacuate Collection Set: 0.1ms
[2025-10-31T11:04:54.301+0000][gc,phases     ] GC(1116)   Evacuate Collection Set: 104.2ms
[2025-10-31T11:04:54.302+0000][gc,phases     ] GC(1116)   Post Evacuate Collection Set: 7.0ms
[2025-10-31T11:04:54.303+0000][gc,phases     ] GC(1116)   Other: 6.3ms
[2025-10-31T11:04:54.305+0000][gc,heap       ] GC(1116) Eden regions: 31->0(31)
[2025-10-31T11:04:54.306+0000][gc,heap       ] GC(1116) Survivor regions: 4->4(5)
[2025-10-31T11:04:54.308+0000][gc,heap       ] GC(1116) Old regions: 65->67
[2025-10-31T11:04:54.310+0000][gc,heap       ] GC(1116) Humongous regions: 156->156
[2025-10-31T11:04:54.314+0000][gc,metaspace  ] GC(1116) Metaspace: 54012K(57264K)->54012K(57264K) NonClass: 48053K(49840K)->48053K(49840K) Class: 5959K(7424K)->5959K(7424K)
[2025-10-31T11:04:54.319+0000][gc            ] GC(1116) Pause Young (Prepare Mixed) (G1 Evacuation Pause) 255M->226M(704M) 138.729ms
[2025-10-31T11:04:54.321+0000][gc,cpu        ] GC(1116) User=0.23s Sys=0.00s Real=0.14s
[2025-10-31T11:06:02.715+0000][gc,start      ] GC(1117) Pause Young (Mixed) (G1 Evacuation Pause)
[2025-10-31T11:06:02.718+0000][gc,task       ] GC(1117) Using 2 workers of 2 for evacuation
[2025-10-31T11:06:02.850+0000][gc,mmu        ] GC(1117) MMU target violated: 21.0ms (20.0ms/21.0ms)
[2025-10-31T11:06:02.852+0000][gc,phases     ] GC(1117)   Pre Evacuate Collection Set: 0.3ms
[2025-10-31T11:06:02.853+0000][gc,phases     ] GC(1117)   Evacuate Collection Set: 121.9ms
[2025-10-31T11:06:02.857+0000][gc,phases     ] GC(1117)   Post Evacuate Collection Set: 5.7ms
[2025-10-31T11:06:02.860+0000][gc,phases     ] GC(1117)   Other: 8.8ms
[2025-10-31T11:06:02.863+0000][gc,heap       ] GC(1117) Eden regions: 31->0(32)
[2025-10-31T11:06:02.864+0000][gc,heap       ] GC(1117) Survivor regions: 4->3(5)
[2025-10-31T11:06:02.869+0000][gc,heap       ] GC(1117) Old regions: 67->63
[2025-10-31T11:06:02.871+0000][gc,heap       ] GC(1117) Humongous regions: 156->156
[2025-10-31T11:06:02.872+0000][gc,metaspace  ] GC(1117) Metaspace: 54012K(57264K)->54012K(57264K) NonClass: 48053K(49840K)->48053K(49840K) Class: 5959K(7424K)->5959K(7424K)
[2025-10-31T11:06:02.879+0000][gc            ] GC(1117) Pause Young (Mixed) (G1 Evacuation Pause) 257M->220M(704M) 163.540ms
[2025-10-31T11:06:02.880+0000][gc,cpu        ] GC(1117) User=0.23s Sys=0.00s Real=0.16s
[2025-10-31T11:07:13.413+0000][gc,start      ] GC(1118) Pause Young (Mixed) (G1 Evacuation Pause)
[2025-10-31T11:07:13.415+0000][gc,task       ] GC(1118) Using 2 workers of 2 for evacuation
[2025-10-31T11:07:13.549+0000][gc,mmu        ] GC(1118) MMU target violated: 21.0ms (20.0ms/21.0ms)
[2025-10-31T11:07:13.552+0000][gc,phases     ] GC(1118)   Pre Evacuate Collection Set: 0.4ms
[2025-10-31T11:07:13.553+0000][gc,phases     ] GC(1118)   Evacuate Collection Set: 123.9ms
[2025-10-31T11:07:13.554+0000][gc,phases     ] GC(1118)   Post Evacuate Collection Set: 6.5ms
[2025-10-31T11:07:13.556+0000][gc,phases     ] GC(1118)   Other: 8.4ms
[2025-10-31T11:07:13.557+0000][gc,heap       ] GC(1118) Eden regions: 32->0(30)
[2025-10-31T11:07:13.558+0000][gc,heap       ] GC(1118) Survivor regions: 3->5(5)
[2025-10-31T11:07:13.559+0000][gc,heap       ] GC(1118) Old regions: 63->62
[2025-10-31T11:07:13.560+0000][gc,heap       ] GC(1118) Humongous regions: 156->156
[2025-10-31T11:07:13.561+0000][gc,metaspace  ] GC(1118) Metaspace: 54012K(57264K)->54012K(57264K) NonClass: 48053K(49840K)->48053K(49840K) Class: 5959K(7424K)->5959K(7424K)
[2025-10-31T11:07:13.562+0000][gc            ] GC(1118) Pause Young (Mixed) (G1 Evacuation Pause) 252M->221M(704M) 148.883ms
[2025-10-31T11:07:13.565+0000][gc,cpu        ] GC(1118) User=0.26s Sys=0.00s Real=0.16s
[2025-10-31T11:08:19.449+0000][gc,start      ] GC(1119) Pause Young (Normal) (G1 Evacuation Pause)
[2025-10-31T11:08:19.450+0000][gc,task       ] GC(1119) Using 2 workers of 2 for evacuation
[2025-10-31T11:08:19.546+0000][gc,mmu        ] GC(1119) MMU target violated: 21.0ms (20.0ms/21.0ms)
[2025-10-31T11:08:19.547+0000][gc,phases     ] GC(1119)   Pre Evacuate Collection Set: 0.1ms
[2025-10-31T11:08:19.549+0000][gc,phases     ] GC(1119)   Evacuate Collection Set: 88.6ms
[2025-10-31T11:08:19.550+0000][gc,phases     ] GC(1119)   Post Evacuate Collection Set: 4.7ms
[2025-10-31T11:08:19.552+0000][gc,phases     ] GC(1119)   Other: 4.5ms
[2025-10-31T11:08:19.553+0000][gc,heap       ] GC(1119) Eden regions: 30->0(30)
[2025-10-31T11:08:19.555+0000][gc,heap       ] GC(1119) Survivor regions: 5->5(5)
[2025-10-31T11:08:19.557+0000][gc,heap       ] GC(1119) Old regions: 62->64
[2025-10-31T11:08:19.561+0000][gc,heap       ] GC(1119) Humongous regions: 156->156
[2025-10-31T11:08:19.562+0000][gc,metaspace  ] GC(1119) Metaspace: 54012K(57264K)->54012K(57264K) NonClass: 48053K(49840K)->48053K(49840K) Class: 5959K(7424K)->5959K(7424K)
[2025-10-31T11:08:19.564+0000][gc            ] GC(1119) Pause Young (Normal) (G1 Evacuation Pause) 251M->224M(704M) 114.418ms
[2025-10-31T11:08:19.565+0000][gc,cpu        ] GC(1119) User=0.20s Sys=0.00s Real=0.12s
[2025-10-31T11:09:21.711+0000][gc,start      ] GC(1120) Pause Young (Normal) (G1 Evacuation Pause)
[2025-10-31T11:09:21.713+0000][gc,task       ] GC(1120) Using 2 workers of 2 for evacuation
[2025-10-31T11:09:21.792+0000][gc,mmu        ] GC(1120) MMU target violated: 21.0ms (20.0ms/21.0ms)
[2025-10-31T11:09:21.793+0000][gc,phases     ] GC(1120)   Pre Evacuate Collection Set: 3.4ms
[2025-10-31T11:09:21.796+0000][gc,phases     ] GC(1120)   Evacuate Collection Set: 70.1ms
[2025-10-31T11:09:21.797+0000][gc,phases     ] GC(1120)   Post Evacuate Collection Set: 3.7ms
[2025-10-31T11:09:21.797+0000][gc,phases     ] GC(1120)   Other: 4.9ms
[2025-10-31T11:09:21.798+0000][gc,heap       ] GC(1120) Eden regions: 30->0(32)
[2025-10-31T11:09:21.799+0000][gc,heap       ] GC(1120) Survivor regions: 5->3(5)
[2025-10-31T11:09:21.799+0000][gc,heap       ] GC(1120) Old regions: 64->67
[2025-10-31T11:09:21.800+0000][gc,heap       ] GC(1120) Humongous regions: 156->156
[2025-10-31T11:09:21.801+0000][gc,metaspace  ] GC(1120) Metaspace: 54012K(57264K)->54012K(57264K) NonClass: 48053K(49840K)->48053K(49840K) Class: 5959K(7424K)->5959K(7424K)
[2025-10-31T11:09:21.803+0000][gc            ] GC(1120) Pause Young (Normal) (G1 Evacuation Pause) 254M->226M(704M) 91.944ms
[2025-10-31T11:09:21.803+0000][gc,cpu        ] GC(1120) User=0.15s Sys=0.00s Real=0.09s
[2025-10-31T11:10:31.805+0000][gc,start      ] GC(1121) Pause Young (Concurrent Start) (G1 Evacuation Pause)
[2025-10-31T11:10:31.806+0000][gc,task       ] GC(1121) Using 2 workers of 2 for evacuation
[2025-10-31T11:10:31.821+0000][gc,phases     ] GC(1121)   Pre Evacuate Collection Set: 0.3ms
[2025-10-31T11:10:31.821+0000][gc,phases     ] GC(1121)   Evacuate Collection Set: 13.2ms
[2025-10-31T11:10:31.822+0000][gc,phases     ] GC(1121)   Post Evacuate Collection Set: 0.8ms
[2025-10-31T11:10:31.822+0000][gc,phases     ] GC(1121)   Other: 2.4ms
[2025-10-31T11:10:31.822+0000][gc,heap       ] GC(1121) Eden regions: 32->0(31)
[2025-10-31T11:10:31.822+0000][gc,heap       ] GC(1121) Survivor regions: 3->4(5)
[2025-10-31T11:10:31.822+0000][gc,heap       ] GC(1121) Old regions: 67->69
[2025-10-31T11:10:31.823+0000][gc,heap       ] GC(1121) Humongous regions: 156->156
[2025-10-31T11:10:31.823+0000][gc,metaspace  ] GC(1121) Metaspace: 54012K(57264K)->54012K(57264K) NonClass: 48053K(49840K)->48053K(49840K) Class: 5959K(7424K)->5959K(7424K)
[2025-10-31T11:10:31.823+0000][gc            ] GC(1121) Pause Young (Concurrent Start) (G1 Evacuation Pause) 258M->228M(704M) 18.382ms
[2025-10-31T11:10:31.823+0000][gc,cpu        ] GC(1121) User=0.03s Sys=0.00s Real=0.02s
[2025-10-31T11:10:31.823+0000][gc            ] GC(1122) Concurrent Cycle
[2025-10-31T11:10:31.824+0000][gc,marking    ] GC(1122) Concurrent Clear Claimed Marks
[2025-10-31T11:10:31.824+0000][gc,marking    ] GC(1122) Concurrent Clear Claimed Marks 0.346ms
[2025-10-31T11:10:31.824+0000][gc,marking    ] GC(1122) Concurrent Scan Root Regions
[2025-10-31T11:10:31.827+0000][gc,marking    ] GC(1122) Concurrent Scan Root Regions 2.846ms
[2025-10-31T11:10:31.827+0000][gc,marking    ] GC(1122) Concurrent Mark (62475.012s)
[2025-10-31T11:10:31.827+0000][gc,marking    ] GC(1122) Concurrent Mark From Roots
[2025-10-31T11:10:31.827+0000][gc,task       ] GC(1122) Using 1 workers of 1 for marking
[2025-10-31T11:10:31.870+0000][gc,marking    ] GC(1122) Concurrent Mark From Roots 43.159ms
[2025-10-31T11:10:31.871+0000][gc,marking    ] GC(1122) Concurrent Preclean
[2025-10-31T11:10:31.871+0000][gc,marking    ] GC(1122) Concurrent Preclean 0.366ms
[2025-10-31T11:10:31.871+0000][gc,marking    ] GC(1122) Concurrent Mark (62475.012s, 62475.056s) 44.259ms
[2025-10-31T11:10:31.872+0000][gc,start      ] GC(1122) Pause Remark
[2025-10-31T11:10:31.884+0000][gc,stringtable] GC(1122) Cleaned string and symbol table, strings: 17296 processed, 0 removed, symbols: 123945 processed, 0 removed
[2025-10-31T11:10:31.884+0000][gc            ] GC(1122) Pause Remark 228M->228M(704M) 12.505ms
[2025-10-31T11:10:31.885+0000][gc,cpu        ] GC(1122) User=0.02s Sys=0.00s Real=0.01s
[2025-10-31T11:10:31.885+0000][gc,marking    ] GC(1122) Concurrent Rebuild Remembered Sets
[2025-10-31T11:10:31.913+0000][gc,marking    ] GC(1122) Concurrent Rebuild Remembered Sets 27.853ms
[2025-10-31T11:10:31.914+0000][gc,start      ] GC(1122) Pause Cleanup
[2025-10-31T11:10:31.914+0000][gc            ] GC(1122) Pause Cleanup 228M->228M(704M) 0.521ms
[2025-10-31T11:10:31.914+0000][gc,cpu        ] GC(1122) User=0.00s Sys=0.00s Real=0.00s
[2025-10-31T11:10:31.915+0000][gc,marking    ] GC(1122) Concurrent Cleanup for Next Mark
[2025-10-31T11:10:31.916+0000][gc,marking    ] GC(1122) Concurrent Cleanup for Next Mark 1.046ms
[2025-10-31T11:10:31.916+0000][gc            ] GC(1122) Concurrent Cycle 92.649ms
[2025-10-31T11:11:38.243+0000][gc,start      ] GC(1123) Pause Young (Prepare Mixed) (G1 Evacuation Pause)
[2025-10-31T11:11:38.244+0000][gc,task       ] GC(1123) Using 2 workers of 2 for evacuation
[2025-10-31T11:11:38.257+0000][gc,phases     ] GC(1123)   Pre Evacuate Collection Set: 0.0ms
[2025-10-31T11:11:38.257+0000][gc,phases     ] GC(1123)   Evacuate Collection Set: 11.8ms
[2025-10-31T11:11:38.257+0000][gc,phases     ] GC(1123)   Post Evacuate Collection Set: 0.7ms
[2025-10-31T11:11:38.258+0000][gc,phases     ] GC(1123)   Other: 1.4ms
[2025-10-31T11:11:38.258+0000][gc,heap       ] GC(1123) Eden regions: 31->0(31)
[2025-10-31T11:11:38.258+0000][gc,heap       ] GC(1123) Survivor regions: 4->4(5)
[2025-10-31T11:11:38.258+0000][gc,heap       ] GC(1123) Old regions: 69->71
[2025-10-31T11:11:38.258+0000][gc,heap       ] GC(1123) Humongous regions: 156->156
[2025-10-31T11:11:38.258+0000][gc,metaspace  ] GC(1123) Metaspace: 54012K(57264K)->54012K(57264K) NonClass: 48053K(49840K)->48053K(49840K) Class: 5959K(7424K)->5959K(7424K)
[2025-10-31T11:11:38.258+0000][gc            ] GC(1123) Pause Young (Prepare Mixed) (G1 Evacuation Pause) 259M->231M(704M) 15.394ms
[2025-10-31T11:11:38.258+0000][gc,cpu        ] GC(1123) User=0.03s Sys=0.00s Real=0.01s
[2025-10-31T11:12:46.242+0000][gc,start      ] GC(1124) Pause Young (Mixed) (G1 Evacuation Pause)
[2025-10-31T11:12:46.244+0000][gc,task       ] GC(1124) Using 2 workers of 2 for evacuation
[2025-10-31T11:12:46.258+0000][gc,phases     ] GC(1124)   Pre Evacuate Collection Set: 0.1ms
[2025-10-31T11:12:46.258+0000][gc,phases     ] GC(1124)   Evacuate Collection Set: 12.8ms
[2025-10-31T11:12:46.258+0000][gc,phases     ] GC(1124)   Post Evacuate Collection Set: 0.8ms
[2025-10-31T11:12:46.258+0000][gc,phases     ] GC(1124)   Other: 1.6ms
[2025-10-31T11:12:46.258+0000][gc,heap       ] GC(1124) Eden regions: 31->0(32)
[2025-10-31T11:12:46.259+0000][gc,heap       ] GC(1124) Survivor regions: 4->3(5)
[2025-10-31T11:12:46.259+0000][gc,heap       ] GC(1124) Old regions: 71->66
[2025-10-31T11:12:46.259+0000][gc,heap       ] GC(1124) Humongous regions: 156->156
[2025-10-31T11:12:46.259+0000][gc,metaspace  ] GC(1124) Metaspace: 54012K(57264K)->54012K(57264K) NonClass: 48053K(49840K)->48053K(49840K) Class: 5959K(7424K)->5959K(7424K)
[2025-10-31T11:12:46.259+0000][gc            ] GC(1124) Pause Young (Mixed) (G1 Evacuation Pause) 262M->223M(704M) 16.636ms
[2025-10-31T11:12:46.259+0000][gc,cpu        ] GC(1124) User=0.02s Sys=0.00s Real=0.01s
[2025-10-31T11:13:52.615+0000][gc,start      ] GC(1125) Pause Young (Mixed) (G1 Evacuation Pause)
[2025-10-31T11:13:52.615+0000][gc,task       ] GC(1125) Using 2 workers of 2 for evacuation
[2025-10-31T11:13:52.629+0000][gc,phases     ] GC(1125)   Pre Evacuate Collection Set: 0.0ms
[2025-10-31T11:13:52.629+0000][gc,phases     ] GC(1125)   Evacuate Collection Set: 13.0ms
[2025-10-31T11:13:52.630+0000][gc,phases     ] GC(1125)   Post Evacuate Collection Set: 0.9ms
[2025-10-31T11:13:52.630+0000][gc,phases     ] GC(1125)   Other: 0.6ms
[2025-10-31T11:13:52.630+0000][gc,heap       ] GC(1125) Eden regions: 32->0(30)
[2025-10-31T11:13:52.630+0000][gc,heap       ] GC(1125) Survivor regions: 3->5(5)
[2025-10-31T11:13:52.630+0000][gc,heap       ] GC(1125) Old regions: 66->62
[2025-10-31T11:13:52.631+0000][gc,heap       ] GC(1125) Humongous regions: 156->156
[2025-10-31T11:13:52.631+0000][gc,metaspace  ] GC(1125) Metaspace: 54012K(57264K)->54012K(57264K) NonClass: 48053K(49840K)->48053K(49840K) Class: 5959K(7424K)->5959K(7424K)
[2025-10-31T11:13:52.631+0000][gc            ] GC(1125) Pause Young (Mixed) (G1 Evacuation Pause) 255M->222M(704M) 16.296ms
[2025-10-31T11:13:52.631+0000][gc,cpu        ] GC(1125) User=0.03s Sys=0.00s Real=0.02s
[2025-10-31T11:14:56.294+0000][gc,start      ] GC(1126) Pause Young (Normal) (G1 Evacuation Pause)
[2025-10-31T11:14:56.295+0000][gc,task       ] GC(1126) Using 2 workers of 2 for evacuation
[2025-10-31T11:14:56.308+0000][gc,phases     ] GC(1126)   Pre Evacuate Collection Set: 0.0ms
[2025-10-31T11:14:56.308+0000][gc,phases     ] GC(1126)   Evacuate Collection Set: 11.6ms
[2025-10-31T11:14:56.308+0000][gc,phases     ] GC(1126)   Post Evacuate Collection Set: 0.9ms
[2025-10-31T11:14:56.308+0000][gc,phases     ] GC(1126)   Other: 1.0ms
[2025-10-31T11:14:56.309+0000][gc,heap       ] GC(1126) Eden regions: 30->0(32)
[2025-10-31T11:14:56.309+0000][gc,heap       ] GC(1126) Survivor regions: 5->3(5)
[2025-10-31T11:14:56.309+0000][gc,heap       ] GC(1126) Old regions: 62->66
[2025-10-31T11:14:56.309+0000][gc,heap       ] GC(1126) Humongous regions: 156->156
[2025-10-31T11:14:56.309+0000][gc,metaspace  ] GC(1126) Metaspace: 54012K(57264K)->54012K(57264K) NonClass: 48053K(49840K)->48053K(49840K) Class: 5959K(7424K)->5959K(7424K)
[2025-10-31T11:14:56.310+0000][gc            ] GC(1126) Pause Young (Normal) (G1 Evacuation Pause) 252M->224M(704M) 15.324ms
[2025-10-31T11:14:56.310+0000][gc,cpu        ] GC(1126) User=0.03s Sys=0.00s Real=0.02s
[2025-10-31T11:15:56.759+0000][gc,start      ] GC(1127) Pause Young (Normal) (G1 Evacuation Pause)
[2025-10-31T11:15:56.760+0000][gc,task       ] GC(1127) Using 2 workers of 2 for evacuation
[2025-10-31T11:15:56.773+0000][gc,phases     ] GC(1127)   Pre Evacuate Collection Set: 0.0ms
[2025-10-31T11:15:56.773+0000][gc,phases     ] GC(1127)   Evacuate Collection Set: 12.1ms
[2025-10-31T11:15:56.773+0000][gc,phases     ] GC(1127)   Post Evacuate Collection Set: 0.6ms
[2025-10-31T11:15:56.773+0000][gc,phases     ] GC(1127)   Other: 0.9ms
[2025-10-31T11:15:56.774+0000][gc,heap       ] GC(1127) Eden regions: 32->0(30)
[2025-10-31T11:15:56.774+0000][gc,heap       ] GC(1127) Survivor regions: 3->5(5)
[2025-10-31T11:15:56.774+0000][gc,heap       ] GC(1127) Old regions: 66->68
[2025-10-31T11:15:56.774+0000][gc,heap       ] GC(1127) Humongous regions: 156->156
[2025-10-31T11:15:56.774+0000][gc,metaspace  ] GC(1127) Metaspace: 54012K(57264K)->54012K(57264K) NonClass: 48053K(49840K)->48053K(49840K) Class: 5959K(7424K)->5959K(7424K)
[2025-10-31T11:15:56.774+0000][gc            ] GC(1127) Pause Young (Normal) (G1 Evacuation Pause) 256M->228M(704M) 14.766ms
[2025-10-31T11:15:56.774+0000][gc,cpu        ] GC(1127) User=0.03s Sys=0.00s Real=0.01s
[2025-10-31T11:16:56.493+0000][gc,start      ] GC(1128) Pause Young (Normal) (G1 Evacuation Pause)
[2025-10-31T11:16:56.493+0000][gc,task       ] GC(1128) Using 2 workers of 2 for evacuation
[2025-10-31T11:16:56.508+0000][gc,phases     ] GC(1128)   Pre Evacuate Collection Set: 0.0ms
[2025-10-31T11:16:56.508+0000][gc,phases     ] GC(1128)   Evacuate Collection Set: 13.8ms
[2025-10-31T11:16:56.509+0000][gc,phases     ] GC(1128)   Post Evacuate Collection Set: 0.7ms
[2025-10-31T11:16:56.509+0000][gc,phases     ] GC(1128)   Other: 0.6ms
[2025-10-31T11:16:56.509+0000][gc,heap       ] GC(1128) Eden regions: 30->0(31)
[2025-10-31T11:16:56.509+0000][gc,heap       ] GC(1128) Survivor regions: 5->4(5)
[2025-10-31T11:16:56.509+0000][gc,heap       ] GC(1128) Old regions: 68->72
[2025-10-31T11:16:56.509+0000][gc,heap       ] GC(1128) Humongous regions: 156->156
[2025-10-31T11:16:56.509+0000][gc,metaspace  ] GC(1128) Metaspace: 54012K(57264K)->54012K(57264K) NonClass: 48053K(49840K)->48053K(49840K) Class: 5959K(7424K)->5959K(7424K)
[2025-10-31T11:16:56.509+0000][gc            ] GC(1128) Pause Young (Normal) (G1 Evacuation Pause) 258M->231M(704M) 16.098ms
[2025-10-31T11:16:56.509+0000][gc,cpu        ] GC(1128) User=0.03s Sys=0.00s Real=0.02s
[2025-10-31T11:18:03.771+0000][gc,start      ] GC(1129) Pause Young (Normal) (G1 Evacuation Pause)
[2025-10-31T11:18:03.772+0000][gc,task       ] GC(1129) Using 2 workers of 2 for evacuation
[2025-10-31T11:18:03.785+0000][gc,phases     ] GC(1129)   Pre Evacuate Collection Set: 0.0ms
[2025-10-31T11:18:03.785+0000][gc,phases     ] GC(1129)   Evacuate Collection Set: 11.2ms
[2025-10-31T11:18:03.785+0000][gc,phases     ] GC(1129)   Post Evacuate Collection Set: 0.7ms
[2025-10-31T11:18:03.785+0000][gc,phases     ] GC(1129)   Other: 1.6ms
[2025-10-31T11:18:03.786+0000][gc,heap       ] GC(1129) Eden regions: 31->0(31)
[2025-10-31T11:18:03.786+0000][gc,heap       ] GC(1129) Survivor regions: 4->4(5)
[2025-10-31T11:18:03.786+0000][gc,heap       ] GC(1129) Old regions: 72->75
[2025-10-31T11:18:03.786+0000][gc,heap       ] GC(1129) Humongous regions: 156->156
[2025-10-31T11:18:03.786+0000][gc,metaspace  ] GC(1129) Metaspace: 54012K(57264K)->54012K(57264K) NonClass: 48053K(49840K)->48053K(49840K) Class: 5959K(7424K)->5959K(7424K)
[2025-10-31T11:18:03.786+0000][gc            ] GC(1129) Pause Young (Normal) (G1 Evacuation Pause) 262M->234M(704M) 15.010ms
[2025-10-31T11:18:03.787+0000][gc,cpu        ] GC(1129) User=0.02s Sys=0.00s Real=0.01s
[2025-10-31T11:19:06.294+0000][gc,start      ] GC(1130) Pause Young (Normal) (G1 Evacuation Pause)
[2025-10-31T11:19:06.295+0000][gc,task       ] GC(1130) Using 2 workers of 2 for evacuation
[2025-10-31T11:19:06.314+0000][gc,phases     ] GC(1130)   Pre Evacuate Collection Set: 0.1ms
[2025-10-31T11:19:06.315+0000][gc,phases     ] GC(1130)   Evacuate Collection Set: 18.2ms
[2025-10-31T11:19:06.315+0000][gc,phases     ] GC(1130)   Post Evacuate Collection Set: 0.9ms
[2025-10-31T11:19:06.315+0000][gc,phases     ] GC(1130)   Other: 1.3ms
[2025-10-31T11:19:06.315+0000][gc,heap       ] GC(1130) Eden regions: 31->0(31)
[2025-10-31T11:19:06.316+0000][gc,heap       ] GC(1130) Survivor regions: 4->4(5)
[2025-10-31T11:19:06.316+0000][gc,heap       ] GC(1130) Old regions: 75->77
[2025-10-31T11:19:06.316+0000][gc,heap       ] GC(1130) Humongous regions: 156->156
[2025-10-31T11:19:06.316+0000][gc,metaspace  ] GC(1130) Metaspace: 54012K(57264K)->54012K(57264K) NonClass: 48053K(49840K)->48053K(49840K) Class: 5959K(7424K)->5959K(7424K)
[2025-10-31T11:19:06.317+0000][gc            ] GC(1130) Pause Young (Normal) (G1 Evacuation Pause) 265M->236M(704M) 22.775ms
[2025-10-31T11:19:06.317+0000][gc,cpu        ] GC(1130) User=0.04s Sys=0.00s Real=0.02s
[2025-10-31T11:20:13.119+0000][gc,start      ] GC(1131) Pause Young (Normal) (G1 Evacuation Pause)
[2025-10-31T11:20:13.120+0000][gc,task       ] GC(1131) Using 2 workers of 2 for evacuation
[2025-10-31T11:20:13.135+0000][gc,phases     ] GC(1131)   Pre Evacuate Collection Set: 0.1ms
[2025-10-31T11:20:13.136+0000][gc,phases     ] GC(1131)   Evacuate Collection Set: 13.7ms
[2025-10-31T11:20:13.136+0000][gc,phases     ] GC(1131)   Post Evacuate Collection Set: 0.9ms
[2025-10-31T11:20:13.136+0000][gc,phases     ] GC(1131)   Other: 2.1ms
[2025-10-31T11:20:13.137+0000][gc,heap       ] GC(1131) Eden regions: 31->0(32)
[2025-10-31T11:20:13.137+0000][gc,heap       ] GC(1131) Survivor regions: 4->3(5)
[2025-10-31T11:20:13.137+0000][gc,heap       ] GC(1131) Old regions: 77->79
[2025-10-31T11:20:13.137+0000][gc,heap       ] GC(1131) Humongous regions: 156->156
[2025-10-31T11:20:13.137+0000][gc,metaspace  ] GC(1131) Metaspace: 54012K(57264K)->54012K(57264K) NonClass: 48053K(49840K)->48053K(49840K) Class: 5959K(7424K)->5959K(7424K)
[2025-10-31T11:20:13.138+0000][gc            ] GC(1131) Pause Young (Normal) (G1 Evacuation Pause) 267M->237M(704M) 19.369ms
[2025-10-31T11:20:13.138+0000][gc,cpu        ] GC(1131) User=0.03s Sys=0.00s Real=0.02s
[2025-10-31T11:21:21.710+0000][gc,start      ] GC(1132) Pause Young (Normal) (G1 Evacuation Pause)
[2025-10-31T11:21:21.710+0000][gc,task       ] GC(1132) Using 2 workers of 2 for evacuation
[2025-10-31T11:21:21.720+0000][gc,phases     ] GC(1132)   Pre Evacuate Collection Set: 0.0ms
[2025-10-31T11:21:21.721+0000][gc,phases     ] GC(1132)   Evacuate Collection Set: 9.0ms
[2025-10-31T11:21:21.721+0000][gc,phases     ] GC(1132)   Post Evacuate Collection Set: 0.7ms
[2025-10-31T11:21:21.721+0000][gc,phases     ] GC(1132)   Other: 0.9ms
[2025-10-31T11:21:21.721+0000][gc,heap       ] GC(1132) Eden regions: 32->0(30)
[2025-10-31T11:21:21.721+0000][gc,heap       ] GC(1132) Survivor regions: 3->5(5)
[2025-10-31T11:21:21.721+0000][gc,heap       ] GC(1132) Old regions: 79->79
[2025-10-31T11:21:21.722+0000][gc,heap       ] GC(1132) Humongous regions: 156->156
[2025-10-31T11:21:21.722+0000][gc,metaspace  ] GC(1132) Metaspace: 54012K(57264K)->54012K(57264K) NonClass: 48053K(49840K)->48053K(49840K) Class: 5959K(7424K)->5959K(7424K)
[2025-10-31T11:21:21.722+0000][gc            ] GC(1132) Pause Young (Normal) (G1 Evacuation Pause) 269M->239M(704M) 12.112ms
[2025-10-31T11:21:21.722+0000][gc,cpu        ] GC(1132) User=0.02s Sys=0.00s Real=0.02s
[2025-10-31T11:22:26.852+0000][gc,start      ] GC(1133) Pause Young (Normal) (G1 Evacuation Pause)
[2025-10-31T11:22:26.852+0000][gc,task       ] GC(1133) Using 2 workers of 2 for evacuation
[2025-10-31T11:22:26.863+0000][gc,phases     ] GC(1133)   Pre Evacuate Collection Set: 0.0ms
[2025-10-31T11:22:26.864+0000][gc,phases     ] GC(1133)   Evacuate Collection Set: 10.4ms
[2025-10-31T11:22:26.864+0000][gc,phases     ] GC(1133)   Post Evacuate Collection Set: 0.6ms
[2025-10-31T11:22:26.864+0000][gc,phases     ] GC(1133)   Other: 0.5ms
[2025-10-31T11:22:26.864+0000][gc,heap       ] GC(1133) Eden regions: 30->0(32)
[2025-10-31T11:22:26.864+0000][gc,heap       ] GC(1133) Survivor regions: 5->4(5)
[2025-10-31T11:22:26.864+0000][gc,heap       ] GC(1133) Old regions: 79->83
[2025-10-31T11:22:26.865+0000][gc,heap       ] GC(1133) Humongous regions: 156->156
[2025-10-31T11:22:26.865+0000][gc,metaspace  ] GC(1133) Metaspace: 54012K(57264K)->54012K(57264K) NonClass: 48053K(49840K)->48053K(49840K) Class: 5959K(7424K)->5959K(7424K)
[2025-10-31T11:22:26.865+0000][gc            ] GC(1133) Pause Young (Normal) (G1 Evacuation Pause) 269M->241M(704M) 13.058ms
[2025-10-31T11:22:26.865+0000][gc,cpu        ] GC(1133) User=0.02s Sys=0.00s Real=0.01s
[2025-10-31T11:23:36.416+0000][gc,start      ] GC(1134) Pause Young (Normal) (G1 Evacuation Pause)
[2025-10-31T11:23:36.417+0000][gc,task       ] GC(1134) Using 2 workers of 2 for evacuation
[2025-10-31T11:23:36.428+0000][gc,phases     ] GC(1134)   Pre Evacuate Collection Set: 0.0ms
[2025-10-31T11:23:36.429+0000][gc,phases     ] GC(1134)   Evacuate Collection Set: 10.6ms
[2025-10-31T11:23:36.429+0000][gc,phases     ] GC(1134)   Post Evacuate Collection Set: 0.7ms
[2025-10-31T11:23:36.429+0000][gc,phases     ] GC(1134)   Other: 0.6ms
[2025-10-31T11:23:36.429+0000][gc,heap       ] GC(1134) Eden regions: 32->0(35)
[2025-10-31T11:23:36.429+0000][gc,heap       ] GC(1134) Survivor regions: 4->4(5)
[2025-10-31T11:23:36.430+0000][gc,heap       ] GC(1134) Old regions: 83->84
[2025-10-31T11:23:36.430+0000][gc,heap       ] GC(1134) Humongous regions: 156->156
[2025-10-31T11:23:36.430+0000][gc,metaspace  ] GC(1134) Metaspace: 54012K(57264K)->54012K(57264K) NonClass: 48053K(49840K)->48053K(49840K) Class: 5959K(7424K)->5959K(7424K)
[2025-10-31T11:23:36.430+0000][gc            ] GC(1134) Pause Young (Normal) (G1 Evacuation Pause) 273M->243M(704M) 13.527ms
[2025-10-31T11:23:36.430+0000][gc,cpu        ] GC(1134) User=0.02s Sys=0.00s Real=0.02s
[2025-10-31T11:24:48.826+0000][gc,start      ] GC(1135) Pause Young (Normal) (G1 Evacuation Pause)
[2025-10-31T11:24:48.826+0000][gc,task       ] GC(1135) Using 2 workers of 2 for evacuation
[2025-10-31T11:24:48.840+0000][gc,phases     ] GC(1135)   Pre Evacuate Collection Set: 0.0ms
[2025-10-31T11:24:48.840+0000][gc,phases     ] GC(1135)   Evacuate Collection Set: 12.4ms
[2025-10-31T11:24:48.840+0000][gc,phases     ] GC(1135)   Post Evacuate Collection Set: 0.9ms
[2025-10-31T11:24:48.841+0000][gc,phases     ] GC(1135)   Other: 0.7ms
[2025-10-31T11:24:48.841+0000][gc,heap       ] GC(1135) Eden regions: 35->0(40)
[2025-10-31T11:24:48.841+0000][gc,heap       ] GC(1135) Survivor regions: 4->3(5)
[2025-10-31T11:24:48.841+0000][gc,heap       ] GC(1135) Old regions: 84->86
[2025-10-31T11:24:48.842+0000][gc,heap       ] GC(1135) Humongous regions: 156->156
[2025-10-31T11:24:48.842+0000][gc,metaspace  ] GC(1135) Metaspace: 54012K(57264K)->54012K(57264K) NonClass: 48053K(49840K)->48053K(49840K) Class: 5959K(7424K)->5959K(7424K)
[2025-10-31T11:24:48.842+0000][gc            ] GC(1135) Pause Young (Normal) (G1 Evacuation Pause) 278M->244M(704M) 16.521ms
[2025-10-31T11:24:48.843+0000][gc,cpu        ] GC(1135) User=0.03s Sys=0.00s Real=0.02s
[2025-10-31T11:26:12.962+0000][gc,start      ] GC(1136) Pause Young (Normal) (G1 Evacuation Pause)
[2025-10-31T11:26:12.963+0000][gc,task       ] GC(1136) Using 2 workers of 2 for evacuation
[2025-10-31T11:26:12.977+0000][gc,phases     ] GC(1136)   Pre Evacuate Collection Set: 0.0ms
[2025-10-31T11:26:12.978+0000][gc,phases     ] GC(1136)   Evacuate Collection Set: 13.4ms
[2025-10-31T11:26:12.978+0000][gc,phases     ] GC(1136)   Post Evacuate Collection Set: 0.7ms
[2025-10-31T11:26:12.978+0000][gc,phases     ] GC(1136)   Other: 1.7ms
[2025-10-31T11:26:12.978+0000][gc,heap       ] GC(1136) Eden regions: 39->0(42)
[2025-10-31T11:26:12.978+0000][gc,heap       ] GC(1136) Survivor regions: 3->6(6)
[2025-10-31T11:26:12.979+0000][gc,heap       ] GC(1136) Old regions: 86->86
[2025-10-31T11:26:12.979+0000][gc,heap       ] GC(1136) Humongous regions: 156->156
[2025-10-31T11:26:12.979+0000][gc,metaspace  ] GC(1136) Metaspace: 54012K(57264K)->54012K(57264K) NonClass: 48053K(49840K)->48053K(49840K) Class: 5959K(7424K)->5959K(7424K)
[2025-10-31T11:26:12.979+0000][gc            ] GC(1136) Pause Young (Normal) (G1 Evacuation Pause) 283M->247M(704M) 17.305ms
[2025-10-31T11:26:12.979+0000][gc,cpu        ] GC(1136) User=0.03s Sys=0.00s Real=0.02s
[2025-10-31T11:27:44.276+0000][gc,start      ] GC(1137) Pause Young (Normal) (G1 Evacuation Pause)
[2025-10-31T11:27:44.276+0000][gc,task       ] GC(1137) Using 2 workers of 2 for evacuation
[2025-10-31T11:27:44.290+0000][gc,phases     ] GC(1137)   Pre Evacuate Collection Set: 0.0ms
[2025-10-31T11:27:44.290+0000][gc,phases     ] GC(1137)   Evacuate Collection Set: 12.1ms
[2025-10-31T11:27:44.290+0000][gc,phases     ] GC(1137)   Post Evacuate Collection Set: 0.7ms
[2025-10-31T11:27:44.290+0000][gc,phases     ] GC(1137)   Other: 0.7ms
[2025-10-31T11:27:44.290+0000][gc,heap       ] GC(1137) Eden regions: 42->0(45)
[2025-10-31T11:27:44.290+0000][gc,heap       ] GC(1137) Survivor regions: 6->3(6)
[2025-10-31T11:27:44.291+0000][gc,heap       ] GC(1137) Old regions: 86->91
[2025-10-31T11:27:44.291+0000][gc,heap       ] GC(1137) Humongous regions: 156->156
[2025-10-31T11:27:44.291+0000][gc,metaspace  ] GC(1137) Metaspace: 54012K(57264K)->54012K(57264K) NonClass: 48053K(49840K)->48053K(49840K) Class: 5959K(7424K)->5959K(7424K)
[2025-10-31T11:27:44.291+0000][gc            ] GC(1137) Pause Young (Normal) (G1 Evacuation Pause) 289M->249M(704M) 14.932ms
[2025-10-31T11:27:44.291+0000][gc,cpu        ] GC(1137) User=0.03s Sys=0.00s Real=0.01s
[2025-10-31T11:29:18.709+0000][gc,start      ] GC(1138) Pause Young (Normal) (G1 Evacuation Pause)
[2025-10-31T11:29:18.709+0000][gc,task       ] GC(1138) Using 2 workers of 2 for evacuation
[2025-10-31T11:29:18.722+0000][gc,phases     ] GC(1138)   Pre Evacuate Collection Set: 0.0ms
[2025-10-31T11:29:18.722+0000][gc,phases     ] GC(1138)   Evacuate Collection Set: 11.2ms
[2025-10-31T11:29:18.722+0000][gc,phases     ] GC(1138)   Post Evacuate Collection Set: 0.8ms
[2025-10-31T11:29:18.722+0000][gc,phases     ] GC(1138)   Other: 0.6ms
[2025-10-31T11:29:18.723+0000][gc,heap       ] GC(1138) Eden regions: 45->0(46)
[2025-10-31T11:29:18.723+0000][gc,heap       ] GC(1138) Survivor regions: 3->6(6)
[2025-10-31T11:29:18.723+0000][gc,heap       ] GC(1138) Old regions: 91->92
[2025-10-31T11:29:18.723+0000][gc,heap       ] GC(1138) Humongous regions: 156->156
[2025-10-31T11:29:18.723+0000][gc,metaspace  ] GC(1138) Metaspace: 54012K(57264K)->54012K(57264K) NonClass: 48053K(49840K)->48053K(49840K) Class: 5959K(7424K)->5959K(7424K)
[2025-10-31T11:29:18.724+0000][gc            ] GC(1138) Pause Young (Normal) (G1 Evacuation Pause) 294M->253M(704M) 14.295ms
[2025-10-31T11:29:18.724+0000][gc,cpu        ] GC(1138) User=0.02s Sys=0.00s Real=0.02s
[2025-10-31T11:30:57.665+0000][gc,start      ] GC(1139) Pause Young (Normal) (G1 Evacuation Pause)
[2025-10-31T11:30:57.665+0000][gc,task       ] GC(1139) Using 2 workers of 2 for evacuation
[2025-10-31T11:30:57.680+0000][gc,phases     ] GC(1139)   Pre Evacuate Collection Set: 0.0ms
[2025-10-31T11:30:57.680+0000][gc,phases     ] GC(1139)   Evacuate Collection Set: 13.6ms
[2025-10-31T11:30:57.680+0000][gc,phases     ] GC(1139)   Post Evacuate Collection Set: 0.7ms
[2025-10-31T11:30:57.681+0000][gc,phases     ] GC(1139)   Other: 0.6ms
[2025-10-31T11:30:57.681+0000][gc,heap       ] GC(1139) Eden regions: 46->0(48)
[2025-10-31T11:30:57.681+0000][gc,heap       ] GC(1139) Survivor regions: 6->5(7)
[2025-10-31T11:30:57.681+0000][gc,heap       ] GC(1139) Old regions: 92->96
[2025-10-31T11:30:57.681+0000][gc,heap       ] GC(1139) Humongous regions: 156->156
[2025-10-31T11:30:57.682+0000][gc,metaspace  ] GC(1139) Metaspace: 54012K(57264K)->54012K(57264K) NonClass: 48053K(49840K)->48053K(49840K) Class: 5959K(7424K)->5959K(7424K)
[2025-10-31T11:30:57.682+0000][gc            ] GC(1139) Pause Young (Normal) (G1 Evacuation Pause) 299M->256M(704M) 16.652ms
[2025-10-31T11:30:57.682+0000][gc,cpu        ] GC(1139) User=0.03s Sys=0.00s Real=0.02s
[2025-10-31T11:32:41.492+0000][gc,start      ] GC(1140) Pause Young (Normal) (G1 Evacuation Pause)
[2025-10-31T11:32:41.492+0000][gc,task       ] GC(1140) Using 2 workers of 2 for evacuation
[2025-10-31T11:32:41.509+0000][gc,phases     ] GC(1140)   Pre Evacuate Collection Set: 0.0ms
[2025-10-31T11:32:41.509+0000][gc,phases     ] GC(1140)   Evacuate Collection Set: 15.6ms
[2025-10-31T11:32:41.510+0000][gc,phases     ] GC(1140)   Post Evacuate Collection Set: 0.8ms
[2025-10-31T11:32:41.510+0000][gc,phases     ] GC(1140)   Other: 0.8ms
[2025-10-31T11:32:41.510+0000][gc,heap       ] GC(1140) Eden regions: 48->0(48)
[2025-10-31T11:32:41.510+0000][gc,heap       ] GC(1140) Survivor regions: 5->4(7)
[2025-10-31T11:32:41.510+0000][gc,heap       ] GC(1140) Old regions: 96->99
[2025-10-31T11:32:41.511+0000][gc,heap       ] GC(1140) Humongous regions: 156->156
[2025-10-31T11:32:41.511+0000][gc,metaspace  ] GC(1140) Metaspace: 54012K(57264K)->54012K(57264K) NonClass: 48053K(49840K)->48053K(49840K) Class: 5959K(7424K)->5959K(7424K)
[2025-10-31T11:32:41.511+0000][gc            ] GC(1140) Pause Young (Normal) (G1 Evacuation Pause) 304M->258M(704M) 19.127ms
[2025-10-31T11:32:41.511+0000][gc,cpu        ] GC(1140) User=0.03s Sys=0.00s Real=0.01s
[2025-10-31T11:34:23.761+0000][gc,start      ] GC(1141) Pause Young (Normal) (G1 Evacuation Pause)
[2025-10-31T11:34:23.761+0000][gc,task       ] GC(1141) Using 2 workers of 2 for evacuation
[2025-10-31T11:34:23.778+0000][gc,phases     ] GC(1141)   Pre Evacuate Collection Set: 0.0ms
[2025-10-31T11:34:23.778+0000][gc,phases     ] GC(1141)   Evacuate Collection Set: 15.1ms
[2025-10-31T11:34:23.778+0000][gc,phases     ] GC(1141)   Post Evacuate Collection Set: 0.8ms
[2025-10-31T11:34:23.778+0000][gc,phases     ] GC(1141)   Other: 0.9ms
[2025-10-31T11:34:23.778+0000][gc,heap       ] GC(1141) Eden regions: 48->0(49)
[2025-10-31T11:34:23.779+0000][gc,heap       ] GC(1141) Survivor regions: 4->4(7)
[2025-10-31T11:34:23.779+0000][gc,heap       ] GC(1141) Old regions: 99->102
[2025-10-31T11:34:23.779+0000][gc,heap       ] GC(1141) Humongous regions: 156->156
[2025-10-31T11:34:23.779+0000][gc,metaspace  ] GC(1141) Metaspace: 54012K(57264K)->54012K(57264K) NonClass: 48053K(49840K)->48053K(49840K) Class: 5959K(7424K)->5959K(7424K)
[2025-10-31T11:34:23.780+0000][gc            ] GC(1141) Pause Young (Normal) (G1 Evacuation Pause) 306M->261M(704M) 18.730ms
[2025-10-31T11:34:23.780+0000][gc,cpu        ] GC(1141) User=0.03s Sys=0.00s Real=0.01s
[2025-10-31T11:36:10.339+0000][gc,start      ] GC(1142) Pause Young (Normal) (G1 Evacuation Pause)
[2025-10-31T11:36:10.340+0000][gc,task       ] GC(1142) Using 2 workers of 2 for evacuation
[2025-10-31T11:36:10.353+0000][gc,phases     ] GC(1142)   Pre Evacuate Collection Set: 0.0ms
[2025-10-31T11:36:10.353+0000][gc,phases     ] GC(1142)   Evacuate Collection Set: 12.2ms
[2025-10-31T11:36:10.353+0000][gc,phases     ] GC(1142)   Post Evacuate Collection Set: 0.7ms
[2025-10-31T11:36:10.353+0000][gc,phases     ] GC(1142)   Other: 0.7ms
[2025-10-31T11:36:10.353+0000][gc,heap       ] GC(1142) Eden regions: 49->0(51)
[2025-10-31T11:36:10.354+0000][gc,heap       ] GC(1142) Survivor regions: 4->7(7)
[2025-10-31T11:36:10.354+0000][gc,heap       ] GC(1142) Old regions: 102->102
[2025-10-31T11:36:10.354+0000][gc,heap       ] GC(1142) Humongous regions: 156->156
[2025-10-31T11:36:10.354+0000][gc,metaspace  ] GC(1142) Metaspace: 54012K(57264K)->54012K(57264K) NonClass: 48053K(49840K)->48053K(49840K) Class: 5959K(7424K)->5959K(7424K)
[2025-10-31T11:36:10.354+0000][gc            ] GC(1142) Pause Young (Normal) (G1 Evacuation Pause) 310M->264M(704M) 14.996ms
[2025-10-31T11:36:10.354+0000][gc,cpu        ] GC(1142) User=0.03s Sys=0.00s Real=0.02s
[2025-10-31T11:38:00.915+0000][gc,start      ] GC(1143) Pause Young (Normal) (G1 Evacuation Pause)
[2025-10-31T11:38:00.915+0000][gc,task       ] GC(1143) Using 2 workers of 2 for evacuation
[2025-10-31T11:38:00.931+0000][gc,phases     ] GC(1143)   Pre Evacuate Collection Set: 0.0ms
[2025-10-31T11:38:00.932+0000][gc,phases     ] GC(1143)   Evacuate Collection Set: 14.8ms
[2025-10-31T11:38:00.932+0000][gc,phases     ] GC(1143)   Post Evacuate Collection Set: 0.7ms
[2025-10-31T11:38:00.932+0000][gc,phases     ] GC(1143)   Other: 1.0ms
[2025-10-31T11:38:00.932+0000][gc,heap       ] GC(1143) Eden regions: 51->0(51)
[2025-10-31T11:38:00.932+0000][gc,heap       ] GC(1143) Survivor regions: 7->7(8)
[2025-10-31T11:38:00.932+0000][gc,heap       ] GC(1143) Old regions: 102->105
[2025-10-31T11:38:00.932+0000][gc,heap       ] GC(1143) Humongous regions: 156->156
[2025-10-31T11:38:00.933+0000][gc,metaspace  ] GC(1143) Metaspace: 54012K(57264K)->54012K(57264K) NonClass: 48053K(49840K)->48053K(49840K) Class: 5959K(7424K)->5959K(7424K)
[2025-10-31T11:38:00.933+0000][gc            ] GC(1143) Pause Young (Normal) (G1 Evacuation Pause) 315M->267M(704M) 17.878ms
[2025-10-31T11:38:00.933+0000][gc,cpu        ] GC(1143) User=0.03s Sys=0.00s Real=0.02s
[2025-10-31T11:39:48.451+0000][gc,start      ] GC(1144) Pause Young (Normal) (G1 Evacuation Pause)
[2025-10-31T11:39:48.452+0000][gc,task       ] GC(1144) Using 2 workers of 2 for evacuation
[2025-10-31T11:39:48.475+0000][gc,mmu        ] GC(1144) MMU target violated: 21.0ms (20.0ms/21.0ms)
[2025-10-31T11:39:48.476+0000][gc,phases     ] GC(1144)   Pre Evacuate Collection Set: 0.0ms
[2025-10-31T11:39:48.476+0000][gc,phases     ] GC(1144)   Evacuate Collection Set: 22.1ms
[2025-10-31T11:39:48.476+0000][gc,phases     ] GC(1144)   Post Evacuate Collection Set: 0.8ms
[2025-10-31T11:39:48.477+0000][gc,phases     ] GC(1144)   Other: 1.2ms
[2025-10-31T11:39:48.477+0000][gc,heap       ] GC(1144) Eden regions: 51->0(48)
[2025-10-31T11:39:48.477+0000][gc,heap       ] GC(1144) Survivor regions: 7->7(8)
[2025-10-31T11:39:48.477+0000][gc,heap       ] GC(1144) Old regions: 105->108
[2025-10-31T11:39:48.478+0000][gc,heap       ] GC(1144) Humongous regions: 156->156
[2025-10-31T11:39:48.478+0000][gc,metaspace  ] GC(1144) Metaspace: 54012K(57264K)->54012K(57264K) NonClass: 48053K(49840K)->48053K(49840K) Class: 5959K(7424K)->5959K(7424K)
[2025-10-31T11:39:48.479+0000][gc            ] GC(1144) Pause Young (Normal) (G1 Evacuation Pause) 318M->270M(704M) 27.091ms
[2025-10-31T11:39:48.479+0000][gc,cpu        ] GC(1144) User=0.04s Sys=0.00s Real=0.03s
[2025-10-31T11:41:33.019+0000][gc,start      ] GC(1145) Pause Young (Normal) (G1 Evacuation Pause)
[2025-10-31T11:41:33.020+0000][gc,task       ] GC(1145) Using 2 workers of 2 for evacuation
[2025-10-31T11:41:33.045+0000][gc,mmu        ] GC(1145) MMU target violated: 21.0ms (20.0ms/21.0ms)
[2025-10-31T11:41:33.045+0000][gc,phases     ] GC(1145)   Pre Evacuate Collection Set: 0.0ms
[2025-10-31T11:41:33.045+0000][gc,phases     ] GC(1145)   Evacuate Collection Set: 23.9ms
[2025-10-31T11:41:33.046+0000][gc,phases     ] GC(1145)   Post Evacuate Collection Set: 0.9ms
[2025-10-31T11:41:33.046+0000][gc,phases     ] GC(1145)   Other: 1.0ms
[2025-10-31T11:41:33.046+0000][gc,heap       ] GC(1145) Eden regions: 48->0(40)
[2025-10-31T11:41:33.046+0000][gc,heap       ] GC(1145) Survivor regions: 7->7(7)
[2025-10-31T11:41:33.046+0000][gc,heap       ] GC(1145) Old regions: 108->112
[2025-10-31T11:41:33.046+0000][gc,heap       ] GC(1145) Humongous regions: 156->156
[2025-10-31T11:41:33.046+0000][gc,metaspace  ] GC(1145) Metaspace: 54012K(57264K)->54012K(57264K) NonClass: 48053K(49840K)->48053K(49840K) Class: 5959K(7424K)->5959K(7424K)
[2025-10-31T11:41:33.047+0000][gc            ] GC(1145) Pause Young (Normal) (G1 Evacuation Pause) 318M->274M(704M) 27.171ms
[2025-10-31T11:41:33.047+0000][gc,cpu        ] GC(1145) User=0.05s Sys=0.00s Real=0.03s
[2025-10-31T11:42:59.378+0000][gc,start      ] GC(1146) Pause Young (Normal) (G1 Evacuation Pause)
[2025-10-31T11:42:59.378+0000][gc,task       ] GC(1146) Using 2 workers of 2 for evacuation
[2025-10-31T11:42:59.407+0000][gc,mmu        ] GC(1146) MMU target violated: 21.0ms (20.0ms/21.0ms)
[2025-10-31T11:42:59.409+0000][gc,phases     ] GC(1146)   Pre Evacuate Collection Set: 0.0ms
[2025-10-31T11:42:59.410+0000][gc,phases     ] GC(1146)   Evacuate Collection Set: 27.2ms
[2025-10-31T11:42:59.410+0000][gc,phases     ] GC(1146)   Post Evacuate Collection Set: 1.4ms
[2025-10-31T11:42:59.410+0000][gc,phases     ] GC(1146)   Other: 2.2ms
[2025-10-31T11:42:59.411+0000][gc,heap       ] GC(1146) Eden regions: 40->0(32)
[2025-10-31T11:42:59.411+0000][gc,heap       ] GC(1146) Survivor regions: 7->4(6)
[2025-10-31T11:42:59.411+0000][gc,heap       ] GC(1146) Old regions: 112->117
[2025-10-31T11:42:59.411+0000][gc,heap       ] GC(1146) Humongous regions: 156->156
[2025-10-31T11:42:59.412+0000][gc,metaspace  ] GC(1146) Metaspace: 54012K(57264K)->54012K(57264K) NonClass: 48053K(49840K)->48053K(49840K) Class: 5959K(7424K)->5959K(7424K)
[2025-10-31T11:42:59.412+0000][gc            ] GC(1146) Pause Young (Normal) (G1 Evacuation Pause) 314M->276M(704M) 34.288ms
[2025-10-31T11:42:59.412+0000][gc,cpu        ] GC(1146) User=0.06s Sys=0.00s Real=0.03s
[2025-10-31T11:44:02.424+0000][gc,start      ] GC(1147) Pause Young (Normal) (G1 Evacuation Pause)
[2025-10-31T11:44:02.425+0000][gc,task       ] GC(1147) Using 2 workers of 2 for evacuation
[2025-10-31T11:44:02.438+0000][gc,phases     ] GC(1147)   Pre Evacuate Collection Set: 0.0ms
[2025-10-31T11:44:02.439+0000][gc,phases     ] GC(1147)   Evacuate Collection Set: 12.3ms
[2025-10-31T11:44:02.442+0000][gc,phases     ] GC(1147)   Post Evacuate Collection Set: 0.7ms
[2025-10-31T11:44:02.442+0000][gc,phases     ] GC(1147)   Other: 0.8ms
[2025-10-31T11:44:02.442+0000][gc,heap       ] GC(1147) Eden regions: 31->0(38)
[2025-10-31T11:44:02.443+0000][gc,heap       ] GC(1147) Survivor regions: 4->4(5)
[2025-10-31T11:44:02.443+0000][gc,heap       ] GC(1147) Old regions: 117->120
[2025-10-31T11:44:02.443+0000][gc,heap       ] GC(1147) Humongous regions: 156->156
[2025-10-31T11:44:02.443+0000][gc,metaspace  ] GC(1147) Metaspace: 54012K(57264K)->54012K(57264K) NonClass: 48053K(49840K)->48053K(49840K) Class: 5959K(7424K)->5959K(7424K)
[2025-10-31T11:44:02.443+0000][gc            ] GC(1147) Pause Young (Normal) (G1 Evacuation Pause) 307M->278M(704M) 18.999ms
[2025-10-31T11:44:02.444+0000][gc,cpu        ] GC(1147) User=0.02s Sys=0.00s Real=0.02s
[2025-10-31T11:45:24.968+0000][gc,start      ] GC(1148) Pause Young (Normal) (G1 Evacuation Pause)
[2025-10-31T11:45:24.970+0000][gc,task       ] GC(1148) Using 2 workers of 2 for evacuation
[2025-10-31T11:45:24.983+0000][gc,phases     ] GC(1148)   Pre Evacuate Collection Set: 0.0ms
[2025-10-31T11:45:24.983+0000][gc,phases     ] GC(1148)   Evacuate Collection Set: 11.8ms
[2025-10-31T11:45:24.983+0000][gc,phases     ] GC(1148)   Post Evacuate Collection Set: 0.8ms
[2025-10-31T11:45:24.983+0000][gc,phases     ] GC(1148)   Other: 1.7ms
[2025-10-31T11:45:24.983+0000][gc,heap       ] GC(1148) Eden regions: 38->0(42)
[2025-10-31T11:45:24.984+0000][gc,heap       ] GC(1148) Survivor regions: 4->3(6)
[2025-10-31T11:45:24.984+0000][gc,heap       ] GC(1148) Old regions: 120->122
[2025-10-31T11:45:24.984+0000][gc,heap       ] GC(1148) Humongous regions: 156->156
[2025-10-31T11:45:24.984+0000][gc,metaspace  ] GC(1148) Metaspace: 54012K(57264K)->54012K(57264K) NonClass: 48053K(49840K)->48053K(49840K) Class: 5959K(7424K)->5959K(7424K)
[2025-10-31T11:45:24.984+0000][gc            ] GC(1148) Pause Young (Normal) (G1 Evacuation Pause) 316M->280M(704M) 15.973ms
[2025-10-31T11:45:24.985+0000][gc,cpu        ] GC(1148) User=0.02s Sys=0.00s Real=0.02s
[2025-10-31T11:46:46.871+0000][gc,start      ] GC(1149) Pause Young (Normal) (G1 Evacuation Pause)
[2025-10-31T11:46:46.871+0000][gc,task       ] GC(1149) Using 2 workers of 2 for evacuation
[2025-10-31T11:46:46.887+0000][gc,phases     ] GC(1149)   Pre Evacuate Collection Set: 0.1ms
[2025-10-31T11:46:46.887+0000][gc,phases     ] GC(1149)   Evacuate Collection Set: 14.9ms
[2025-10-31T11:46:46.888+0000][gc,phases     ] GC(1149)   Post Evacuate Collection Set: 0.8ms
[2025-10-31T11:46:46.888+0000][gc,phases     ] GC(1149)   Other: 1.0ms
[2025-10-31T11:46:46.888+0000][gc,heap       ] GC(1149) Eden regions: 38->0(39)
[2025-10-31T11:46:46.889+0000][gc,heap       ] GC(1149) Survivor regions: 3->6(6)
[2025-10-31T11:46:46.889+0000][gc,heap       ] GC(1149) Old regions: 122->122
[2025-10-31T11:46:46.889+0000][gc,heap       ] GC(1149) Humongous regions: 156->156
[2025-10-31T11:46:46.889+0000][gc,metaspace  ] GC(1149) Metaspace: 54012K(57264K)->54012K(57264K) NonClass: 48053K(49840K)->48053K(49840K) Class: 5959K(7424K)->5959K(7424K)
[2025-10-31T11:46:46.889+0000][gc            ] GC(1149) Pause Young (Normal) (G1 Evacuation Pause) 318M->283M(704M) 18.822ms
[2025-10-31T11:46:46.890+0000][gc,cpu        ] GC(1149) User=0.03s Sys=0.00s Real=0.02s
[2025-10-31T11:47:59.367+0000][gc,start      ] GC(1150) Pause Young (Normal) (G1 Evacuation Pause)
[2025-10-31T11:47:59.367+0000][gc,task       ] GC(1150) Using 2 workers of 2 for evacuation
[2025-10-31T11:47:59.384+0000][gc,phases     ] GC(1150)   Pre Evacuate Collection Set: 0.0ms
[2025-10-31T11:47:59.384+0000][gc,phases     ] GC(1150)   Evacuate Collection Set: 15.5ms
[2025-10-31T11:47:59.385+0000][gc,phases     ] GC(1150)   Post Evacuate Collection Set: 1.0ms
[2025-10-31T11:47:59.385+0000][gc,phases     ] GC(1150)   Other: 0.8ms
[2025-10-31T11:47:59.385+0000][gc,heap       ] GC(1150) Eden regions: 33->0(38)
[2025-10-31T11:47:59.385+0000][gc,heap       ] GC(1150) Survivor regions: 6->5(5)
[2025-10-31T11:47:59.385+0000][gc,heap       ] GC(1150) Old regions: 122->126
[2025-10-31T11:47:59.385+0000][gc,heap       ] GC(1150) Humongous regions: 156->156
[2025-10-31T11:47:59.385+0000][gc,metaspace  ] GC(1150) Metaspace: 54012K(57264K)->54012K(57264K) NonClass: 48053K(49840K)->48053K(49840K) Class: 5959K(7424K)->5959K(7424K)
[2025-10-31T11:47:59.386+0000][gc            ] GC(1150) Pause Young (Normal) (G1 Evacuation Pause) 316M->286M(704M) 18.754ms
[2025-10-31T11:47:59.386+0000][gc,cpu        ] GC(1150) User=0.04s Sys=0.00s Real=0.02s
[2025-10-31T11:49:08.555+0000][gc,start      ] GC(1151) Pause Young (Normal) (G1 Evacuation Pause)
[2025-10-31T11:49:08.556+0000][gc,task       ] GC(1151) Using 2 workers of 2 for evacuation
[2025-10-31T11:49:08.567+0000][gc,phases     ] GC(1151)   Pre Evacuate Collection Set: 0.0ms
[2025-10-31T11:49:08.568+0000][gc,phases     ] GC(1151)   Evacuate Collection Set: 9.5ms
[2025-10-31T11:49:08.568+0000][gc,phases     ] GC(1151)   Post Evacuate Collection Set: 0.9ms
[2025-10-31T11:49:08.568+0000][gc,phases     ] GC(1151)   Other: 1.7ms
[2025-10-31T11:49:08.568+0000][gc,heap       ] GC(1151) Eden regions: 34->0(44)
[2025-10-31T11:49:08.568+0000][gc,heap       ] GC(1151) Survivor regions: 5->3(5)
[2025-10-31T11:49:08.568+0000][gc,heap       ] GC(1151) Old regions: 126->129
[2025-10-31T11:49:08.569+0000][gc,heap       ] GC(1151) Humongous regions: 156->156
[2025-10-31T11:49:08.569+0000][gc,metaspace  ] GC(1151) Metaspace: 54012K(57264K)->54012K(57264K) NonClass: 48053K(49840K)->48053K(49840K) Class: 5959K(7424K)->5959K(7424K)
[2025-10-31T11:49:08.569+0000][gc            ] GC(1151) Pause Young (Normal) (G1 Evacuation Pause) 320M->287M(704M) 13.704ms
[2025-10-31T11:49:08.569+0000][gc,cpu        ] GC(1151) User=0.02s Sys=0.00s Real=0.01s
[2025-10-31T11:50:41.519+0000][gc,start      ] GC(1152) Pause Young (Normal) (G1 Evacuation Pause)
[2025-10-31T11:50:41.520+0000][gc,task       ] GC(1152) Using 2 workers of 2 for evacuation
[2025-10-31T11:50:41.535+0000][gc,phases     ] GC(1152)   Pre Evacuate Collection Set: 0.2ms
[2025-10-31T11:50:41.536+0000][gc,phases     ] GC(1152)   Evacuate Collection Set: 13.8ms
[2025-10-31T11:50:41.536+0000][gc,phases     ] GC(1152)   Post Evacuate Collection Set: 0.9ms
[2025-10-31T11:50:41.536+0000][gc,phases     ] GC(1152)   Other: 1.4ms
[2025-10-31T11:50:41.536+0000][gc,heap       ] GC(1152) Eden regions: 43->0(43)
[2025-10-31T11:50:41.537+0000][gc,heap       ] GC(1152) Survivor regions: 3->6(6)
[2025-10-31T11:50:41.537+0000][gc,heap       ] GC(1152) Old regions: 129->129
[2025-10-31T11:50:41.537+0000][gc,heap       ] GC(1152) Humongous regions: 156->156
[2025-10-31T11:50:41.537+0000][gc,metaspace  ] GC(1152) Metaspace: 54012K(57264K)->54012K(57264K) NonClass: 48053K(49840K)->48053K(49840K) Class: 5959K(7424K)->5959K(7424K)
[2025-10-31T11:50:41.537+0000][gc            ] GC(1152) Pause Young (Normal) (G1 Evacuation Pause) 330M->290M(704M) 18.188ms
[2025-10-31T11:50:41.538+0000][gc,cpu        ] GC(1152) User=0.03s Sys=0.00s Real=0.02s
[2025-10-31T11:52:15.531+0000][gc,start      ] GC(1153) Pause Young (Normal) (G1 Evacuation Pause)
[2025-10-31T11:52:15.531+0000][gc,task       ] GC(1153) Using 2 workers of 2 for evacuation
[2025-10-31T11:52:15.550+0000][gc,phases     ] GC(1153)   Pre Evacuate Collection Set: 0.0ms
[2025-10-31T11:52:15.551+0000][gc,phases     ] GC(1153)   Evacuate Collection Set: 17.7ms
[2025-10-31T11:52:15.551+0000][gc,phases     ] GC(1153)   Post Evacuate Collection Set: 0.7ms
[2025-10-31T11:52:15.551+0000][gc,phases     ] GC(1153)   Other: 1.0ms
[2025-10-31T11:52:15.551+0000][gc,heap       ] GC(1153) Eden regions: 43->0(43)
[2025-10-31T11:52:15.551+0000][gc,heap       ] GC(1153) Survivor regions: 6->4(7)
[2025-10-31T11:52:15.552+0000][gc,heap       ] GC(1153) Old regions: 129->133
[2025-10-31T11:52:15.552+0000][gc,heap       ] GC(1153) Humongous regions: 156->156
[2025-10-31T11:52:15.552+0000][gc,metaspace  ] GC(1153) Metaspace: 54012K(57264K)->54012K(57264K) NonClass: 48053K(49840K)->48053K(49840K) Class: 5959K(7424K)->5959K(7424K)
[2025-10-31T11:52:15.552+0000][gc            ] GC(1153) Pause Young (Normal) (G1 Evacuation Pause) 333M->292M(704M) 21.023ms
[2025-10-31T11:52:15.552+0000][gc,cpu        ] GC(1153) User=0.04s Sys=0.00s Real=0.03s
[2025-10-31T11:53:48.888+0000][gc,start      ] GC(1154) Pause Young (Normal) (G1 Evacuation Pause)
[2025-10-31T11:53:48.889+0000][gc,task       ] GC(1154) Using 2 workers of 2 for evacuation
[2025-10-31T11:53:48.899+0000][gc,phases     ] GC(1154)   Pre Evacuate Collection Set: 0.0ms
[2025-10-31T11:53:48.899+0000][gc,phases     ] GC(1154)   Evacuate Collection Set: 9.6ms
[2025-10-31T11:53:48.900+0000][gc,phases     ] GC(1154)   Post Evacuate Collection Set: 0.7ms
[2025-10-31T11:53:48.900+0000][gc,phases     ] GC(1154)   Other: 1.1ms
[2025-10-31T11:53:48.900+0000][gc,heap       ] GC(1154) Eden regions: 43->0(47)
[2025-10-31T11:53:48.900+0000][gc,heap       ] GC(1154) Survivor regions: 4->3(6)
[2025-10-31T11:53:48.900+0000][gc,heap       ] GC(1154) Old regions: 133->136
[2025-10-31T11:53:48.900+0000][gc,heap       ] GC(1154) Humongous regions: 156->156
[2025-10-31T11:53:48.901+0000][gc,metaspace  ] GC(1154) Metaspace: 54012K(57264K)->54012K(57264K) NonClass: 48053K(49840K)->48053K(49840K) Class: 5959K(7424K)->5959K(7424K)
[2025-10-31T11:53:48.901+0000][gc            ] GC(1154) Pause Young (Normal) (G1 Evacuation Pause) 335M->294M(704M) 12.850ms
[2025-10-31T11:53:48.901+0000][gc,cpu        ] GC(1154) User=0.02s Sys=0.00s Real=0.01s
[2025-10-31T11:55:23.114+0000][gc,start      ] GC(1155) Pause Young (Normal) (G1 Evacuation Pause)
[2025-10-31T11:55:23.115+0000][gc,task       ] GC(1155) Using 2 workers of 2 for evacuation
[2025-10-31T11:55:23.128+0000][gc,phases     ] GC(1155)   Pre Evacuate Collection Set: 0.0ms
[2025-10-31T11:55:23.128+0000][gc,phases     ] GC(1155)   Evacuate Collection Set: 12.0ms
[2025-10-31T11:55:23.129+0000][gc,phases     ] GC(1155)   Post Evacuate Collection Set: 0.7ms
[2025-10-31T11:55:23.129+0000][gc,phases     ] GC(1155)   Other: 1.8ms
[2025-10-31T11:55:23.129+0000][gc,heap       ] GC(1155) Eden regions: 45->0(47)
[2025-10-31T11:55:23.129+0000][gc,heap       ] GC(1155) Survivor regions: 3->6(6)
[2025-10-31T11:55:23.129+0000][gc,heap       ] GC(1155) Old regions: 136->137
[2025-10-31T11:55:23.129+0000][gc,heap       ] GC(1155) Humongous regions: 156->156
[2025-10-31T11:55:23.130+0000][gc,metaspace  ] GC(1155) Metaspace: 54012K(57264K)->54012K(57264K) NonClass: 48053K(49840K)->48053K(49840K) Class: 5959K(7424K)->5959K(7424K)
[2025-10-31T11:55:23.130+0000][gc            ] GC(1155) Pause Young (Normal) (G1 Evacuation Pause) 339M->298M(704M) 16.043ms
[2025-10-31T11:55:23.130+0000][gc,cpu        ] GC(1155) User=0.02s Sys=0.00s Real=0.01s
[2025-10-31T11:57:07.379+0000][gc,start      ] GC(1156) Pause Young (Normal) (G1 Evacuation Pause)
[2025-10-31T11:57:07.380+0000][gc,task       ] GC(1156) Using 2 workers of 2 for evacuation
[2025-10-31T11:57:07.394+0000][gc,phases     ] GC(1156)   Pre Evacuate Collection Set: 0.0ms
[2025-10-31T11:57:07.394+0000][gc,phases     ] GC(1156)   Evacuate Collection Set: 13.3ms
[2025-10-31T11:57:07.394+0000][gc,phases     ] GC(1156)   Post Evacuate Collection Set: 0.6ms
[2025-10-31T11:57:07.395+0000][gc,phases     ] GC(1156)   Other: 1.5ms
[2025-10-31T11:57:07.395+0000][gc,heap       ] GC(1156) Eden regions: 47->0(48)
[2025-10-31T11:57:07.395+0000][gc,heap       ] GC(1156) Survivor regions: 6->5(7)
[2025-10-31T11:57:07.395+0000][gc,heap       ] GC(1156) Old regions: 137->142
[2025-10-31T11:57:07.395+0000][gc,heap       ] GC(1156) Humongous regions: 156->156
[2025-10-31T11:57:07.395+0000][gc,metaspace  ] GC(1156) Metaspace: 54012K(57264K)->54012K(57264K) NonClass: 48053K(49840K)->48053K(49840K) Class: 5959K(7424K)->5959K(7424K)
[2025-10-31T11:57:07.395+0000][gc            ] GC(1156) Pause Young (Normal) (G1 Evacuation Pause) 345M->302M(704M) 16.677ms
[2025-10-31T11:57:07.395+0000][gc,cpu        ] GC(1156) User=0.03s Sys=0.00s Real=0.02s
[2025-10-31T11:58:37.339+0000][gc,start      ] GC(1157) Pause Young (Normal) (G1 Evacuation Pause)
[2025-10-31T11:58:37.340+0000][gc,task       ] GC(1157) Using 2 workers of 2 for evacuation
[2025-10-31T11:58:37.356+0000][gc,phases     ] GC(1157)   Pre Evacuate Collection Set: 0.0ms
[2025-10-31T11:58:37.357+0000][gc,phases     ] GC(1157)   Evacuate Collection Set: 15.1ms
[2025-10-31T11:58:37.357+0000][gc,phases     ] GC(1157)   Post Evacuate Collection Set: 0.9ms
[2025-10-31T11:58:37.357+0000][gc,phases     ] GC(1157)   Other: 1.6ms
[2025-10-31T11:58:37.357+0000][gc,heap       ] GC(1157) Eden regions: 45->0(48)
[2025-10-31T11:58:37.357+0000][gc,heap       ] GC(1157) Survivor regions: 5->6(7)
[2025-10-31T11:58:37.357+0000][gc,heap       ] GC(1157) Old regions: 142->145
[2025-10-31T11:58:37.358+0000][gc,heap       ] GC(1157) Humongous regions: 156->156
[2025-10-31T11:58:37.358+0000][gc,metaspace  ] GC(1157) Metaspace: 54012K(57264K)->54012K(57264K) NonClass: 48053K(49840K)->48053K(49840K) Class: 5959K(7424K)->5959K(7424K)
[2025-10-31T11:58:37.358+0000][gc            ] GC(1157) Pause Young (Normal) (G1 Evacuation Pause) 347M->306M(704M) 19.012ms
[2025-10-31T11:58:37.358+0000][gc,cpu        ] GC(1157) User=0.03s Sys=0.00s Real=0.02s
[2025-10-31T12:00:02.774+0000][gc,start      ] GC(1158) Pause Young (Normal) (G1 Evacuation Pause)
[2025-10-31T12:00:02.775+0000][gc,task       ] GC(1158) Using 2 workers of 2 for evacuation
[2025-10-31T12:00:02.791+0000][gc,phases     ] GC(1158)   Pre Evacuate Collection Set: 0.0ms
[2025-10-31T12:00:02.791+0000][gc,phases     ] GC(1158)   Evacuate Collection Set: 15.1ms
[2025-10-31T12:00:02.791+0000][gc,phases     ] GC(1158)   Post Evacuate Collection Set: 0.7ms
[2025-10-31T12:00:02.791+0000][gc,phases     ] GC(1158)   Other: 1.1ms
[2025-10-31T12:00:02.792+0000][gc,heap       ] GC(1158) Eden regions: 43->0(49)
[2025-10-31T12:00:02.792+0000][gc,heap       ] GC(1158) Survivor regions: 6->4(7)
[2025-10-31T12:00:02.792+0000][gc,heap       ] GC(1158) Old regions: 145->150
[2025-10-31T12:00:02.792+0000][gc,heap       ] GC(1158) Humongous regions: 156->156
[2025-10-31T12:00:02.792+0000][gc,metaspace  ] GC(1158) Metaspace: 54013K(57264K)->54013K(57264K) NonClass: 48053K(49840K)->48053K(49840K) Class: 5959K(7424K)->5959K(7424K)
[2025-10-31T12:00:02.792+0000][gc            ] GC(1158) Pause Young (Normal) (G1 Evacuation Pause) 349M->309M(704M) 18.303ms
[2025-10-31T12:00:02.792+0000][gc,cpu        ] GC(1158) User=0.04s Sys=0.00s Real=0.01s
[2025-10-31T12:01:52.275+0000][gc,start      ] GC(1159) Pause Young (Normal) (G1 Evacuation Pause)
[2025-10-31T12:01:52.275+0000][gc,task       ] GC(1159) Using 2 workers of 2 for evacuation
[2025-10-31T12:01:52.379+0000][gc,mmu        ] GC(1159) MMU target violated: 21.0ms (20.0ms/21.0ms)
[2025-10-31T12:01:52.383+0000][gc,phases     ] GC(1159)   Pre Evacuate Collection Set: 0.0ms
[2025-10-31T12:01:52.383+0000][gc,phases     ] GC(1159)   Evacuate Collection Set: 100.4ms
[2025-10-31T12:01:52.383+0000][gc,phases     ] GC(1159)   Post Evacuate Collection Set: 2.4ms
[2025-10-31T12:01:52.383+0000][gc,phases     ] GC(1159)   Other: 4.9ms
[2025-10-31T12:01:52.384+0000][gc,heap       ] GC(1159) Eden regions: 49->0(30)
[2025-10-31T12:01:52.384+0000][gc,heap       ] GC(1159) Survivor regions: 4->5(7)
[2025-10-31T12:01:52.384+0000][gc,heap       ] GC(1159) Old regions: 150->153
[2025-10-31T12:01:52.384+0000][gc,heap       ] GC(1159) Humongous regions: 156->156
[2025-10-31T12:01:52.384+0000][gc,metaspace  ] GC(1159) Metaspace: 54013K(57264K)->54013K(57264K) NonClass: 48053K(49840K)->48053K(49840K) Class: 5959K(7424K)->5959K(7424K)
[2025-10-31T12:01:52.385+0000][gc            ] GC(1159) Pause Young (Normal) (G1 Evacuation Pause) 358M->312M(704M) 109.963ms
[2025-10-31T12:01:52.385+0000][gc,cpu        ] GC(1159) User=0.14s Sys=0.06s Real=0.11s
[2025-10-31T12:02:58.901+0000][gc,start      ] GC(1160) Pause Young (Normal) (G1 Evacuation Pause)
[2025-10-31T12:02:58.901+0000][gc,task       ] GC(1160) Using 2 workers of 2 for evacuation
[2025-10-31T12:02:58.913+0000][gc,phases     ] GC(1160)   Pre Evacuate Collection Set: 0.0ms
[2025-10-31T12:02:58.913+0000][gc,phases     ] GC(1160)   Evacuate Collection Set: 10.9ms
[2025-10-31T12:02:58.914+0000][gc,phases     ] GC(1160)   Post Evacuate Collection Set: 0.6ms
[2025-10-31T12:02:58.914+0000][gc,phases     ] GC(1160)   Other: 0.9ms
[2025-10-31T12:02:58.914+0000][gc,heap       ] GC(1160) Eden regions: 30->0(31)
[2025-10-31T12:02:58.914+0000][gc,heap       ] GC(1160) Survivor regions: 5->4(5)
[2025-10-31T12:02:58.914+0000][gc,heap       ] GC(1160) Old regions: 153->156
[2025-10-31T12:02:58.914+0000][gc,heap       ] GC(1160) Humongous regions: 156->156
[2025-10-31T12:02:58.914+0000][gc,metaspace  ] GC(1160) Metaspace: 54013K(57264K)->54013K(57264K) NonClass: 48053K(49840K)->48053K(49840K) Class: 5959K(7424K)->5959K(7424K)
[2025-10-31T12:02:58.914+0000][gc            ] GC(1160) Pause Young (Normal) (G1 Evacuation Pause) 342M->315M(704M) 13.629ms
[2025-10-31T12:02:58.915+0000][gc,cpu        ] GC(1160) User=0.02s Sys=0.00s Real=0.02s
[2025-10-31T12:04:04.675+0000][gc,start      ] GC(1161) Pause Young (Normal) (G1 Evacuation Pause)
[2025-10-31T12:04:04.675+0000][gc,task       ] GC(1161) Using 2 workers of 2 for evacuation
[2025-10-31T12:04:04.686+0000][gc,phases     ] GC(1161)   Pre Evacuate Collection Set: 0.0ms
[2025-10-31T12:04:04.686+0000][gc,phases     ] GC(1161)   Evacuate Collection Set: 9.8ms
[2025-10-31T12:04:04.687+0000][gc,phases     ] GC(1161)   Post Evacuate Collection Set: 0.6ms
[2025-10-31T12:04:04.687+0000][gc,phases     ] GC(1161)   Other: 0.6ms
[2025-10-31T12:04:04.687+0000][gc,heap       ] GC(1161) Eden regions: 31->0(31)
[2025-10-31T12:04:04.687+0000][gc,heap       ] GC(1161) Survivor regions: 4->4(5)
[2025-10-31T12:04:04.687+0000][gc,heap       ] GC(1161) Old regions: 156->158
[2025-10-31T12:04:04.687+0000][gc,heap       ] GC(1161) Humongous regions: 156->156
[2025-10-31T12:04:04.688+0000][gc,metaspace  ] GC(1161) Metaspace: 54013K(57264K)->54013K(57264K) NonClass: 48053K(49840K)->48053K(49840K) Class: 5959K(7424K)->5959K(7424K)
[2025-10-31T12:04:04.688+0000][gc            ] GC(1161) Pause Young (Normal) (G1 Evacuation Pause) 346M->317M(704M) 12.432ms
[2025-10-31T12:04:04.688+0000][gc,cpu        ] GC(1161) User=0.02s Sys=0.00s Real=0.01s
[2025-10-31T12:05:13.182+0000][gc,start      ] GC(1162) Pause Young (Normal) (G1 Evacuation Pause)
[2025-10-31T12:05:13.182+0000][gc,task       ] GC(1162) Using 2 workers of 2 for evacuation
[2025-10-31T12:05:13.193+0000][gc,phases     ] GC(1162)   Pre Evacuate Collection Set: 0.0ms
[2025-10-31T12:05:13.193+0000][gc,phases     ] GC(1162)   Evacuate Collection Set: 10.2ms
[2025-10-31T12:05:13.194+0000][gc,phases     ] GC(1162)   Post Evacuate Collection Set: 0.7ms
[2025-10-31T12:05:13.194+0000][gc,phases     ] GC(1162)   Other: 0.6ms
[2025-10-31T12:05:13.194+0000][gc,heap       ] GC(1162) Eden regions: 31->0(31)
[2025-10-31T12:05:13.194+0000][gc,heap       ] GC(1162) Survivor regions: 4->4(5)
[2025-10-31T12:05:13.194+0000][gc,heap       ] GC(1162) Old regions: 158->160
[2025-10-31T12:05:13.194+0000][gc,heap       ] GC(1162) Humongous regions: 156->156
[2025-10-31T12:05:13.195+0000][gc,metaspace  ] GC(1162) Metaspace: 54013K(57264K)->54013K(57264K) NonClass: 48053K(49840K)->48053K(49840K) Class: 5959K(7424K)->5959K(7424K)
[2025-10-31T12:05:13.195+0000][gc            ] GC(1162) Pause Young (Normal) (G1 Evacuation Pause) 348M->320M(704M) 13.011ms
[2025-10-31T12:05:13.195+0000][gc,cpu        ] GC(1162) User=0.02s Sys=0.00s Real=0.01s
[2025-10-31T12:06:22.092+0000][gc,start      ] GC(1163) Pause Young (Normal) (G1 Evacuation Pause)
[2025-10-31T12:06:22.093+0000][gc,task       ] GC(1163) Using 2 workers of 2 for evacuation
[2025-10-31T12:06:22.104+0000][gc,phases     ] GC(1163)   Pre Evacuate Collection Set: 0.0ms
[2025-10-31T12:06:22.104+0000][gc,phases     ] GC(1163)   Evacuate Collection Set: 10.6ms
[2025-10-31T12:06:22.105+0000][gc,phases     ] GC(1163)   Post Evacuate Collection Set: 0.6ms
[2025-10-31T12:06:22.105+0000][gc,phases     ] GC(1163)   Other: 0.8ms
[2025-10-31T12:06:22.105+0000][gc,heap       ] GC(1163) Eden regions: 31->0(32)
[2025-10-31T12:06:22.105+0000][gc,heap       ] GC(1163) Survivor regions: 4->3(5)
[2025-10-31T12:06:22.105+0000][gc,heap       ] GC(1163) Old regions: 160->163
[2025-10-31T12:06:22.105+0000][gc,heap       ] GC(1163) Humongous regions: 156->156
[2025-10-31T12:06:22.106+0000][gc,metaspace  ] GC(1163) Metaspace: 54013K(57264K)->54013K(57264K) NonClass: 48053K(49840K)->48053K(49840K) Class: 5959K(7424K)->5959K(7424K)
[2025-10-31T12:06:22.106+0000][gc            ] GC(1163) Pause Young (Normal) (G1 Evacuation Pause) 351M->320M(704M) 13.515ms
[2025-10-31T12:06:22.106+0000][gc,cpu        ] GC(1163) User=0.02s Sys=0.00s Real=0.02s
[2025-10-31T12:07:33.329+0000][gc,start      ] GC(1164) Pause Young (Normal) (G1 Evacuation Pause)
[2025-10-31T12:07:33.329+0000][gc,task       ] GC(1164) Using 2 workers of 2 for evacuation
[2025-10-31T12:07:33.340+0000][gc,phases     ] GC(1164)   Pre Evacuate Collection Set: 0.0ms
[2025-10-31T12:07:33.341+0000][gc,phases     ] GC(1164)   Evacuate Collection Set: 10.5ms
[2025-10-31T12:07:33.341+0000][gc,phases     ] GC(1164)   Post Evacuate Collection Set: 0.7ms
[2025-10-31T12:07:33.341+0000][gc,phases     ] GC(1164)   Other: 0.7ms
[2025-10-31T12:07:33.341+0000][gc,heap       ] GC(1164) Eden regions: 32->0(30)
[2025-10-31T12:07:33.341+0000][gc,heap       ] GC(1164) Survivor regions: 3->5(5)
[2025-10-31T12:07:33.342+0000][gc,heap       ] GC(1164) Old regions: 163->163
[2025-10-31T12:07:33.342+0000][gc,heap       ] GC(1164) Humongous regions: 156->156
[2025-10-31T12:07:33.342+0000][gc,metaspace  ] GC(1164) Metaspace: 54013K(57264K)->54013K(57264K) NonClass: 48053K(49840K)->48053K(49840K) Class: 5959K(7424K)->5959K(7424K)
[2025-10-31T12:07:33.342+0000][gc            ] GC(1164) Pause Young (Normal) (G1 Evacuation Pause) 352M->323M(704M) 13.498ms
[2025-10-31T12:07:33.342+0000][gc,cpu        ] GC(1164) User=0.02s Sys=0.00s Real=0.01s
[2025-10-31T12:08:40.462+0000][gc,start      ] GC(1165) Pause Young (Normal) (G1 Evacuation Pause)
[2025-10-31T12:08:40.462+0000][gc,task       ] GC(1165) Using 2 workers of 2 for evacuation
[2025-10-31T12:08:40.476+0000][gc,phases     ] GC(1165)   Pre Evacuate Collection Set: 0.0ms
[2025-10-31T12:08:40.477+0000][gc,phases     ] GC(1165)   Evacuate Collection Set: 13.4ms
[2025-10-31T12:08:40.477+0000][gc,phases     ] GC(1165)   Post Evacuate Collection Set: 0.6ms
[2025-10-31T12:08:40.477+0000][gc,phases     ] GC(1165)   Other: 0.6ms
[2025-10-31T12:08:40.477+0000][gc,heap       ] GC(1165) Eden regions: 30->0(31)
[2025-10-31T12:08:40.477+0000][gc,heap       ] GC(1165) Survivor regions: 5->4(5)
[2025-10-31T12:08:40.477+0000][gc,heap       ] GC(1165) Old regions: 163->167
[2025-10-31T12:08:40.478+0000][gc,heap       ] GC(1165) Humongous regions: 156->156
[2025-10-31T12:08:40.478+0000][gc,metaspace  ] GC(1165) Metaspace: 54013K(57264K)->54013K(57264K) NonClass: 48053K(49840K)->48053K(49840K) Class: 5959K(7424K)->5959K(7424K)
[2025-10-31T12:08:40.478+0000][gc            ] GC(1165) Pause Young (Normal) (G1 Evacuation Pause) 353M->326M(704M) 16.371ms
[2025-10-31T12:08:40.478+0000][gc,cpu        ] GC(1165) User=0.03s Sys=0.00s Real=0.02s
[2025-10-31T12:09:44.888+0000][gc,start      ] GC(1166) Pause Young (Normal) (G1 Evacuation Pause)
[2025-10-31T12:09:44.889+0000][gc,task       ] GC(1166) Using 2 workers of 2 for evacuation
[2025-10-31T12:09:44.902+0000][gc,phases     ] GC(1166)   Pre Evacuate Collection Set: 0.0ms
[2025-10-31T12:09:44.903+0000][gc,phases     ] GC(1166)   Evacuate Collection Set: 12.1ms
[2025-10-31T12:09:44.903+0000][gc,phases     ] GC(1166)   Post Evacuate Collection Set: 1.0ms
[2025-10-31T12:09:44.903+0000][gc,phases     ] GC(1166)   Other: 0.9ms
[2025-10-31T12:09:44.904+0000][gc,heap       ] GC(1166) Eden regions: 31->0(31)
[2025-10-31T12:09:44.904+0000][gc,heap       ] GC(1166) Survivor regions: 4->4(5)
[2025-10-31T12:09:44.904+0000][gc,heap       ] GC(1166) Old regions: 167->169
[2025-10-31T12:09:44.905+0000][gc,heap       ] GC(1166) Humongous regions: 156->156
[2025-10-31T12:09:44.905+0000][gc,metaspace  ] GC(1166) Metaspace: 54013K(57264K)->54013K(57264K) NonClass: 48053K(49840K)->48053K(49840K) Class: 5959K(7424K)->5959K(7424K)
[2025-10-31T12:09:44.905+0000][gc            ] GC(1166) Pause Young (Normal) (G1 Evacuation Pause) 357M->328M(704M) 16.866ms
[2025-10-31T12:09:44.906+0000][gc,cpu        ] GC(1166) User=0.03s Sys=0.00s Real=0.02s
[2025-10-31T12:10:53.721+0000][gc,start      ] GC(1167) Pause Young (Normal) (G1 Evacuation Pause)
[2025-10-31T12:10:53.722+0000][gc,task       ] GC(1167) Using 2 workers of 2 for evacuation
[2025-10-31T12:10:53.732+0000][gc,phases     ] GC(1167)   Pre Evacuate Collection Set: 0.0ms
[2025-10-31T12:10:53.733+0000][gc,phases     ] GC(1167)   Evacuate Collection Set: 9.7ms
[2025-10-31T12:10:53.733+0000][gc,phases     ] GC(1167)   Post Evacuate Collection Set: 0.6ms
[2025-10-31T12:10:53.733+0000][gc,phases     ] GC(1167)   Other: 0.8ms
[2025-10-31T12:10:53.733+0000][gc,heap       ] GC(1167) Eden regions: 31->0(36)
[2025-10-31T12:10:53.733+0000][gc,heap       ] GC(1167) Survivor regions: 4->3(5)
[2025-10-31T12:10:53.733+0000][gc,heap       ] GC(1167) Old regions: 169->171
[2025-10-31T12:10:53.734+0000][gc,heap       ] GC(1167) Humongous regions: 156->156
[2025-10-31T12:10:53.734+0000][gc,metaspace  ] GC(1167) Metaspace: 54013K(57264K)->54013K(57264K) NonClass: 48053K(49840K)->48053K(49840K) Class: 5959K(7424K)->5959K(7424K)
[2025-10-31T12:10:53.734+0000][gc            ] GC(1167) Pause Young (Normal) (G1 Evacuation Pause) 359M->328M(704M) 12.600ms
[2025-10-31T12:10:53.734+0000][gc,cpu        ] GC(1167) User=0.02s Sys=0.00s Real=0.01s
[2025-10-31T12:12:14.214+0000][gc,start      ] GC(1168) Pause Young (Normal) (G1 Evacuation Pause)
[2025-10-31T12:12:14.215+0000][gc,task       ] GC(1168) Using 2 workers of 2 for evacuation
[2025-10-31T12:12:14.228+0000][gc,phases     ] GC(1168)   Pre Evacuate Collection Set: 0.0ms
[2025-10-31T12:12:14.229+0000][gc,phases     ] GC(1168)   Evacuate Collection Set: 12.3ms
[2025-10-31T12:12:14.229+0000][gc,phases     ] GC(1168)   Post Evacuate Collection Set: 0.9ms
[2025-10-31T12:12:14.229+0000][gc,phases     ] GC(1168)   Other: 0.8ms
[2025-10-31T12:12:14.229+0000][gc,heap       ] GC(1168) Eden regions: 36->0(36)
[2025-10-31T12:12:14.229+0000][gc,heap       ] GC(1168) Survivor regions: 3->5(5)
[2025-10-31T12:12:14.230+0000][gc,heap       ] GC(1168) Old regions: 171->171
[2025-10-31T12:12:14.230+0000][gc,heap       ] GC(1168) Humongous regions: 156->156
[2025-10-31T12:12:14.230+0000][gc,metaspace  ] GC(1168) Metaspace: 54014K(57264K)->54014K(57264K) NonClass: 48054K(49840K)->48054K(49840K) Class: 5959K(7424K)->5959K(7424K)
[2025-10-31T12:12:14.230+0000][gc            ] GC(1168) Pause Young (Normal) (G1 Evacuation Pause) 364M->331M(704M) 15.913ms
[2025-10-31T12:12:14.230+0000][gc,cpu        ] GC(1168) User=0.03s Sys=0.00s Real=0.01s
[2025-10-31T12:13:35.155+0000][gc,start      ] GC(1169) Pause Young (Normal) (G1 Evacuation Pause)
[2025-10-31T12:13:35.155+0000][gc,task       ] GC(1169) Using 2 workers of 2 for evacuation
[2025-10-31T12:13:35.170+0000][gc,phases     ] GC(1169)   Pre Evacuate Collection Set: 0.0ms
[2025-10-31T12:13:35.170+0000][gc,phases     ] GC(1169)   Evacuate Collection Set: 13.7ms
[2025-10-31T12:13:35.170+0000][gc,phases     ] GC(1169)   Post Evacuate Collection Set: 0.6ms
[2025-10-31T12:13:35.170+0000][gc,phases     ] GC(1169)   Other: 0.9ms
[2025-10-31T12:13:35.171+0000][gc,heap       ] GC(1169) Eden regions: 36->0(37)
[2025-10-31T12:13:35.171+0000][gc,heap       ] GC(1169) Survivor regions: 5->5(6)
[2025-10-31T12:13:35.171+0000][gc,heap       ] GC(1169) Old regions: 171->175
[2025-10-31T12:13:35.171+0000][gc,heap       ] GC(1169) Humongous regions: 156->156
[2025-10-31T12:13:35.171+0000][gc,metaspace  ] GC(1169) Metaspace: 54014K(57264K)->54014K(57264K) NonClass: 48054K(49840K)->48054K(49840K) Class: 5959K(7424K)->5959K(7424K)
[2025-10-31T12:13:35.171+0000][gc            ] GC(1169) Pause Young (Normal) (G1 Evacuation Pause) 367M->335M(704M) 16.581ms
[2025-10-31T12:13:35.171+0000][gc,cpu        ] GC(1169) User=0.03s Sys=0.00s Real=0.01s
[2025-10-31T12:14:53.623+0000][gc,start      ] GC(1170) Pause Young (Normal) (G1 Evacuation Pause)
[2025-10-31T12:14:53.624+0000][gc,task       ] GC(1170) Using 2 workers of 2 for evacuation
[2025-10-31T12:14:53.635+0000][gc,phases     ] GC(1170)   Pre Evacuate Collection Set: 0.0ms
[2025-10-31T12:14:53.635+0000][gc,phases     ] GC(1170)   Evacuate Collection Set: 10.3ms
[2025-10-31T12:14:53.635+0000][gc,phases     ] GC(1170)   Post Evacuate Collection Set: 0.7ms
[2025-10-31T12:14:53.636+0000][gc,phases     ] GC(1170)   Other: 0.6ms
[2025-10-31T12:14:53.636+0000][gc,heap       ] GC(1170) Eden regions: 37->0(41)
[2025-10-31T12:14:53.636+0000][gc,heap       ] GC(1170) Survivor regions: 5->4(6)
[2025-10-31T12:14:53.636+0000][gc,heap       ] GC(1170) Old regions: 175->178
[2025-10-31T12:14:53.636+0000][gc,heap       ] GC(1170) Humongous regions: 156->156
[2025-10-31T12:14:53.636+0000][gc,metaspace  ] GC(1170) Metaspace: 54014K(57264K)->54014K(57264K) NonClass: 48054K(49840K)->48054K(49840K) Class: 5959K(7424K)->5959K(7424K)
[2025-10-31T12:14:53.637+0000][gc            ] GC(1170) Pause Young (Normal) (G1 Evacuation Pause) 372M->337M(704M) 13.239ms
[2025-10-31T12:14:53.637+0000][gc,cpu        ] GC(1170) User=0.02s Sys=0.00s Real=0.01s
[2025-10-31T12:15:58.081+0000][gc,start      ] GC(1171) Pause Young (Normal) (G1 Evacuation Pause)
[2025-10-31T12:15:58.082+0000][gc,task       ] GC(1171) Using 2 workers of 2 for evacuation
[2025-10-31T12:15:58.096+0000][gc,phases     ] GC(1171)   Pre Evacuate Collection Set: 0.0ms
[2025-10-31T12:15:58.096+0000][gc,phases     ] GC(1171)   Evacuate Collection Set: 12.9ms
[2025-10-31T12:15:58.096+0000][gc,phases     ] GC(1171)   Post Evacuate Collection Set: 0.7ms
[2025-10-31T12:15:58.096+0000][gc,phases     ] GC(1171)   Other: 0.5ms
[2025-10-31T12:15:58.096+0000][gc,heap       ] GC(1171) Eden regions: 33->0(42)
[2025-10-31T12:15:58.097+0000][gc,heap       ] GC(1171) Survivor regions: 4->5(5)
[2025-10-31T12:15:58.097+0000][gc,heap       ] GC(1171) Old regions: 178->181
[2025-10-31T12:15:58.097+0000][gc,heap       ] GC(1171) Humongous regions: 156->156
[2025-10-31T12:15:58.097+0000][gc,metaspace  ] GC(1171) Metaspace: 54014K(57264K)->54014K(57264K) NonClass: 48054K(49840K)->48054K(49840K) Class: 5959K(7424K)->5959K(7424K)
[2025-10-31T12:15:58.097+0000][gc            ] GC(1171) Pause Young (Normal) (G1 Evacuation Pause) 370M->341M(704M) 15.801ms
[2025-10-31T12:15:58.097+0000][gc,cpu        ] GC(1171) User=0.03s Sys=0.00s Real=0.01s
[2025-10-31T12:17:28.352+0000][gc,start      ] GC(1172) Pause Young (Normal) (G1 Evacuation Pause)
[2025-10-31T12:17:28.353+0000][gc,task       ] GC(1172) Using 2 workers of 2 for evacuation
[2025-10-31T12:17:28.365+0000][gc,phases     ] GC(1172)   Pre Evacuate Collection Set: 0.0ms
[2025-10-31T12:17:28.365+0000][gc,phases     ] GC(1172)   Evacuate Collection Set: 11.2ms
[2025-10-31T12:17:28.365+0000][gc,phases     ] GC(1172)   Post Evacuate Collection Set: 0.6ms
[2025-10-31T12:17:28.366+0000][gc,phases     ] GC(1172)   Other: 0.7ms
[2025-10-31T12:17:28.366+0000][gc,heap       ] GC(1172) Eden regions: 42->0(45)
[2025-10-31T12:17:28.366+0000][gc,heap       ] GC(1172) Survivor regions: 5->4(6)
[2025-10-31T12:17:28.366+0000][gc,heap       ] GC(1172) Old regions: 181->184
[2025-10-31T12:17:28.366+0000][gc,heap       ] GC(1172) Humongous regions: 156->156
[2025-10-31T12:17:28.366+0000][gc,metaspace  ] GC(1172) Metaspace: 54014K(57264K)->54014K(57264K) NonClass: 48054K(49840K)->48054K(49840K) Class: 5959K(7424K)->5959K(7424K)
[2025-10-31T12:17:28.366+0000][gc            ] GC(1172) Pause Young (Normal) (G1 Evacuation Pause) 383M->343M(704M) 13.889ms
[2025-10-31T12:17:28.366+0000][gc,cpu        ] GC(1172) User=0.02s Sys=0.00s Real=0.01s
[2025-10-31T12:19:05.549+0000][gc,start      ] GC(1173) Pause Young (Normal) (G1 Evacuation Pause)
[2025-10-31T12:19:05.550+0000][gc,task       ] GC(1173) Using 2 workers of 2 for evacuation
[2025-10-31T12:19:05.562+0000][gc,phases     ] GC(1173)   Pre Evacuate Collection Set: 0.1ms
[2025-10-31T12:19:05.562+0000][gc,phases     ] GC(1173)   Evacuate Collection Set: 11.5ms
[2025-10-31T12:19:05.563+0000][gc,phases     ] GC(1173)   Post Evacuate Collection Set: 0.6ms
[2025-10-31T12:19:05.563+0000][gc,phases     ] GC(1173)   Other: 0.8ms
[2025-10-31T12:19:05.563+0000][gc,heap       ] GC(1173) Eden regions: 45->0(46)
[2025-10-31T12:19:05.563+0000][gc,heap       ] GC(1173) Survivor regions: 4->7(7)
[2025-10-31T12:19:05.563+0000][gc,heap       ] GC(1173) Old regions: 184->185
[2025-10-31T12:19:05.563+0000][gc,heap       ] GC(1173) Humongous regions: 156->156
[2025-10-31T12:19:05.564+0000][gc,metaspace  ] GC(1173) Metaspace: 54014K(57264K)->54014K(57264K) NonClass: 48054K(49840K)->48054K(49840K) Class: 5959K(7424K)->5959K(7424K)
[2025-10-31T12:19:05.564+0000][gc            ] GC(1173) Pause Young (Normal) (G1 Evacuation Pause) 388M->347M(704M) 14.459ms
[2025-10-31T12:19:05.564+0000][gc,cpu        ] GC(1173) User=0.03s Sys=0.00s Real=0.02s
[2025-10-31T12:20:33.306+0000][gc,start      ] GC(1174) Pause Young (Normal) (G1 Evacuation Pause)
[2025-10-31T12:20:33.307+0000][gc,task       ] GC(1174) Using 2 workers of 2 for evacuation
[2025-10-31T12:20:33.321+0000][gc,phases     ] GC(1174)   Pre Evacuate Collection Set: 0.0ms
[2025-10-31T12:20:33.321+0000][gc,phases     ] GC(1174)   Evacuate Collection Set: 12.8ms
[2025-10-31T12:20:33.321+0000][gc,phases     ] GC(1174)   Post Evacuate Collection Set: 0.6ms
[2025-10-31T12:20:33.321+0000][gc,phases     ] GC(1174)   Other: 0.8ms
[2025-10-31T12:20:33.321+0000][gc,heap       ] GC(1174) Eden regions: 46->0(50)
[2025-10-31T12:20:33.321+0000][gc,heap       ] GC(1174) Survivor regions: 7->4(7)
[2025-10-31T12:20:33.321+0000][gc,heap       ] GC(1174) Old regions: 185->190
[2025-10-31T12:20:33.322+0000][gc,heap       ] GC(1174) Humongous regions: 156->156
[2025-10-31T12:20:33.322+0000][gc,metaspace  ] GC(1174) Metaspace: 54014K(57264K)->54014K(57264K) NonClass: 48054K(49840K)->48054K(49840K) Class: 5959K(7424K)->5959K(7424K)
[2025-10-31T12:20:33.322+0000][gc            ] GC(1174) Pause Young (Normal) (G1 Evacuation Pause) 393M->349M(704M) 15.603ms
[2025-10-31T12:20:33.322+0000][gc,cpu        ] GC(1174) User=0.02s Sys=0.00s Real=0.01s
[2025-10-31T12:22:43.232+0000][gc,start      ] GC(1175) Pause Young (Normal) (G1 Evacuation Pause)
[2025-10-31T12:22:43.233+0000][gc,task       ] GC(1175) Using 2 workers of 2 for evacuation
[2025-10-31T12:22:43.259+0000][gc,mmu        ] GC(1175) MMU target violated: 21.0ms (20.0ms/21.0ms)
[2025-10-31T12:22:43.259+0000][gc,phases     ] GC(1175)   Pre Evacuate Collection Set: 0.0ms
[2025-10-31T12:22:43.259+0000][gc,phases     ] GC(1175)   Evacuate Collection Set: 23.8ms
[2025-10-31T12:22:43.259+0000][gc,phases     ] GC(1175)   Post Evacuate Collection Set: 1.4ms
[2025-10-31T12:22:43.260+0000][gc,phases     ] GC(1175)   Other: 1.1ms
[2025-10-31T12:22:43.260+0000][gc,heap       ] GC(1175) Eden regions: 50->0(36)
[2025-10-31T12:22:43.260+0000][gc,heap       ] GC(1175) Survivor regions: 4->7(7)
[2025-10-31T12:22:43.261+0000][gc,heap       ] GC(1175) Old regions: 190->191
[2025-10-31T12:22:43.261+0000][gc,heap       ] GC(1175) Humongous regions: 156->156
[2025-10-31T12:22:43.262+0000][gc,metaspace  ] GC(1175) Metaspace: 54014K(57264K)->54014K(57264K) NonClass: 48054K(49840K)->48054K(49840K) Class: 5959K(7424K)->5959K(7424K)
[2025-10-31T12:22:43.262+0000][gc            ] GC(1175) Pause Young (Normal) (G1 Evacuation Pause) 399M->353M(704M) 29.776ms
[2025-10-31T12:22:43.263+0000][gc,cpu        ] GC(1175) User=0.06s Sys=0.00s Real=0.03s
[2025-10-31T12:24:18.345+0000][gc,start      ] GC(1176) Pause Young (Normal) (G1 Evacuation Pause)
[2025-10-31T12:24:18.346+0000][gc,task       ] GC(1176) Using 2 workers of 2 for evacuation
[2025-10-31T12:24:18.357+0000][gc,phases     ] GC(1176)   Pre Evacuate Collection Set: 0.1ms
[2025-10-31T12:24:18.357+0000][gc,phases     ] GC(1176)   Evacuate Collection Set: 10.2ms
[2025-10-31T12:24:18.357+0000][gc,phases     ] GC(1176)   Post Evacuate Collection Set: 0.6ms
[2025-10-31T12:24:18.358+0000][gc,phases     ] GC(1176)   Other: 0.9ms
[2025-10-31T12:24:18.358+0000][gc,heap       ] GC(1176) Eden regions: 36->0(40)
[2025-10-31T12:24:18.358+0000][gc,heap       ] GC(1176) Survivor regions: 7->3(6)
[2025-10-31T12:24:18.358+0000][gc,heap       ] GC(1176) Old regions: 191->196
[2025-10-31T12:24:18.358+0000][gc,heap       ] GC(1176) Humongous regions: 156->156
[2025-10-31T12:24:18.358+0000][gc,metaspace  ] GC(1176) Metaspace: 54014K(57264K)->54014K(57264K) NonClass: 48054K(49840K)->48054K(49840K) Class: 5959K(7424K)->5959K(7424K)
[2025-10-31T12:24:18.358+0000][gc            ] GC(1176) Pause Young (Normal) (G1 Evacuation Pause) 389M->354M(704M) 13.054ms
[2025-10-31T12:24:18.359+0000][gc,cpu        ] GC(1176) User=0.02s Sys=0.00s Real=0.01s
[2025-10-31T12:26:10.779+0000][gc,start      ] GC(1177) Pause Young (Normal) (G1 Evacuation Pause)
[2025-10-31T12:26:10.780+0000][gc,task       ] GC(1177) Using 2 workers of 2 for evacuation
[2025-10-31T12:26:10.794+0000][gc,phases     ] GC(1177)   Pre Evacuate Collection Set: 0.0ms
[2025-10-31T12:26:10.794+0000][gc,phases     ] GC(1177)   Evacuate Collection Set: 13.0ms
[2025-10-31T12:26:10.795+0000][gc,phases     ] GC(1177)   Post Evacuate Collection Set: 1.0ms
[2025-10-31T12:26:10.795+0000][gc,phases     ] GC(1177)   Other: 0.9ms
[2025-10-31T12:26:10.795+0000][gc,heap       ] GC(1177) Eden regions: 40->0(39)
[2025-10-31T12:26:10.795+0000][gc,heap       ] GC(1177) Survivor regions: 3->6(6)
[2025-10-31T12:26:10.796+0000][gc,heap       ] GC(1177) Old regions: 196->196
[2025-10-31T12:26:10.796+0000][gc,heap       ] GC(1177) Humongous regions: 156->156
[2025-10-31T12:26:10.796+0000][gc,metaspace  ] GC(1177) Metaspace: 54014K(57264K)->54014K(57264K) NonClass: 48054K(49840K)->48054K(49840K) Class: 5959K(7424K)->5959K(7424K)
[2025-10-31T12:26:10.796+0000][gc            ] GC(1177) Pause Young (Normal) (G1 Evacuation Pause) 394M->357M(704M) 17.034ms
[2025-10-31T12:26:10.797+0000][gc,cpu        ] GC(1177) User=0.02s Sys=0.00s Real=0.02s
[2025-10-31T12:28:06.470+0000][gc,start      ] GC(1178) Pause Young (Normal) (G1 Evacuation Pause)
[2025-10-31T12:28:06.470+0000][gc,task       ] GC(1178) Using 2 workers of 2 for evacuation
[2025-10-31T12:28:06.485+0000][gc,phases     ] GC(1178)   Pre Evacuate Collection Set: 0.0ms
[2025-10-31T12:28:06.485+0000][gc,phases     ] GC(1178)   Evacuate Collection Set: 13.5ms
[2025-10-31T12:28:06.486+0000][gc,phases     ] GC(1178)   Post Evacuate Collection Set: 0.7ms
[2025-10-31T12:28:06.486+0000][gc,phases     ] GC(1178)   Other: 0.6ms
[2025-10-31T12:28:06.486+0000][gc,heap       ] GC(1178) Eden regions: 39->0(41)
[2025-10-31T12:28:06.486+0000][gc,heap       ] GC(1178) Survivor regions: 6->5(6)
[2025-10-31T12:28:06.486+0000][gc,heap       ] GC(1178) Old regions: 196->201
[2025-10-31T12:28:06.486+0000][gc,heap       ] GC(1178) Humongous regions: 156->156
[2025-10-31T12:28:06.487+0000][gc,metaspace  ] GC(1178) Metaspace: 54014K(57264K)->54014K(57264K) NonClass: 48054K(49840K)->48054K(49840K) Class: 5959K(7424K)->5959K(7424K)
[2025-10-31T12:28:06.487+0000][gc            ] GC(1178) Pause Young (Normal) (G1 Evacuation Pause) 396M->361M(704M) 16.777ms
[2025-10-31T12:28:06.487+0000][gc,cpu        ] GC(1178) User=0.03s Sys=0.00s Real=0.02s
[2025-10-31T12:29:50.385+0000][gc,start      ] GC(1179) Pause Young (Normal) (G1 Evacuation Pause)
[2025-10-31T12:29:50.386+0000][gc,task       ] GC(1179) Using 2 workers of 2 for evacuation
[2025-10-31T12:29:50.399+0000][gc,phases     ] GC(1179)   Pre Evacuate Collection Set: 0.1ms
[2025-10-31T12:29:50.399+0000][gc,phases     ] GC(1179)   Evacuate Collection Set: 11.9ms
[2025-10-31T12:29:50.400+0000][gc,phases     ] GC(1179)   Post Evacuate Collection Set: 0.6ms
[2025-10-31T12:29:50.400+0000][gc,phases     ] GC(1179)   Other: 1.8ms
[2025-10-31T12:29:50.400+0000][gc,heap       ] GC(1179) Eden regions: 41->0(44)
[2025-10-31T12:29:50.400+0000][gc,heap       ] GC(1179) Survivor regions: 5->5(6)
[2025-10-31T12:29:50.400+0000][gc,heap       ] GC(1179) Old regions: 201->204
[2025-10-31T12:29:50.400+0000][gc,heap       ] GC(1179) Humongous regions: 156->156
[2025-10-31T12:29:50.401+0000][gc,metaspace  ] GC(1179) Metaspace: 54014K(57264K)->54014K(57264K) NonClass: 48054K(49840K)->48054K(49840K) Class: 5959K(7424K)->5959K(7424K)
[2025-10-31T12:29:50.401+0000][gc            ] GC(1179) Pause Young (Normal) (G1 Evacuation Pause) 402M->364M(704M) 15.970ms
[2025-10-31T12:29:50.401+0000][gc,cpu        ] GC(1179) User=0.02s Sys=0.00s Real=0.02s
[2025-10-31T12:32:13.732+0000][gc,start      ] GC(1180) Pause Young (Normal) (G1 Evacuation Pause)
[2025-10-31T12:32:13.733+0000][gc,task       ] GC(1180) Using 2 workers of 2 for evacuation
[2025-10-31T12:32:13.743+0000][gc,phases     ] GC(1180)   Pre Evacuate Collection Set: 0.0ms
[2025-10-31T12:32:13.743+0000][gc,phases     ] GC(1180)   Evacuate Collection Set: 9.2ms
[2025-10-31T12:32:13.743+0000][gc,phases     ] GC(1180)   Post Evacuate Collection Set: 0.6ms
[2025-10-31T12:32:13.743+0000][gc,phases     ] GC(1180)   Other: 1.2ms
[2025-10-31T12:32:13.743+0000][gc,heap       ] GC(1180) Eden regions: 42->0(49)
[2025-10-31T12:32:13.744+0000][gc,heap       ] GC(1180) Survivor regions: 5->4(6)
[2025-10-31T12:32:13.744+0000][gc,heap       ] GC(1180) Old regions: 204->207
[2025-10-31T12:32:13.744+0000][gc,heap       ] GC(1180) Humongous regions: 156->156
[2025-10-31T12:32:13.744+0000][gc,metaspace  ] GC(1180) Metaspace: 54014K(57264K)->54014K(57264K) NonClass: 48054K(49840K)->48054K(49840K) Class: 5959K(7424K)->5959K(7424K)
[2025-10-31T12:32:13.744+0000][gc            ] GC(1180) Pause Young (Normal) (G1 Evacuation Pause) 406M->365M(704M) 12.452ms
[2025-10-31T12:32:13.744+0000][gc,cpu        ] GC(1180) User=0.02s Sys=0.00s Real=0.01s
[2025-10-31T12:35:15.852+0000][gc,start      ] GC(1181) Pause Young (Normal) (G1 Evacuation Pause)
[2025-10-31T12:35:15.853+0000][gc,task       ] GC(1181) Using 2 workers of 2 for evacuation
[2025-10-31T12:35:15.864+0000][gc,phases     ] GC(1181)   Pre Evacuate Collection Set: 0.0ms
[2025-10-31T12:35:15.864+0000][gc,phases     ] GC(1181)   Evacuate Collection Set: 10.3ms
[2025-10-31T12:35:15.864+0000][gc,phases     ] GC(1181)   Post Evacuate Collection Set: 0.7ms
[2025-10-31T12:35:15.865+0000][gc,phases     ] GC(1181)   Other: 1.2ms
[2025-10-31T12:35:15.865+0000][gc,heap       ] GC(1181) Eden regions: 49->0(52)
[2025-10-31T12:35:15.865+0000][gc,heap       ] GC(1181) Survivor regions: 4->7(7)
[2025-10-31T12:35:15.865+0000][gc,heap       ] GC(1181) Old regions: 207->207
[2025-10-31T12:35:15.865+0000][gc,heap       ] GC(1181) Humongous regions: 156->156
[2025-10-31T12:35:15.865+0000][gc,metaspace  ] GC(1181) Metaspace: 54014K(57264K)->54014K(57264K) NonClass: 48054K(49840K)->48054K(49840K) Class: 5959K(7424K)->5959K(7424K)
[2025-10-31T12:35:15.865+0000][gc            ] GC(1181) Pause Young (Normal) (G1 Evacuation Pause) 414M->368M(704M) 13.531ms
[2025-10-31T12:35:15.866+0000][gc,cpu        ] GC(1181) User=0.02s Sys=0.00s Real=0.01s
[2025-10-31T12:38:37.336+0000][gc,start      ] GC(1182) Pause Young (Normal) (G1 Evacuation Pause)
[2025-10-31T12:38:37.337+0000][gc,task       ] GC(1182) Using 2 workers of 2 for evacuation
[2025-10-31T12:38:37.349+0000][gc,phases     ] GC(1182)   Pre Evacuate Collection Set: 0.0ms
[2025-10-31T12:38:37.350+0000][gc,phases     ] GC(1182)   Evacuate Collection Set: 11.9ms
[2025-10-31T12:38:37.350+0000][gc,phases     ] GC(1182)   Post Evacuate Collection Set: 0.6ms
[2025-10-31T12:38:37.350+0000][gc,phases     ] GC(1182)   Other: 1.2ms
[2025-10-31T12:38:37.350+0000][gc,heap       ] GC(1182) Eden regions: 52->0(56)
[2025-10-31T12:38:37.350+0000][gc,heap       ] GC(1182) Survivor regions: 7->4(8)
[2025-10-31T12:38:37.350+0000][gc,heap       ] GC(1182) Old regions: 207->212
[2025-10-31T12:38:37.350+0000][gc,heap       ] GC(1182) Humongous regions: 156->156
[2025-10-31T12:38:37.351+0000][gc,metaspace  ] GC(1182) Metaspace: 54014K(57264K)->54014K(57264K) NonClass: 48054K(49840K)->48054K(49840K) Class: 5959K(7424K)->5959K(7424K)
[2025-10-31T12:38:37.351+0000][gc            ] GC(1182) Pause Young (Normal) (G1 Evacuation Pause) 420M->371M(704M) 14.925ms
[2025-10-31T12:38:37.351+0000][gc,cpu        ] GC(1182) User=0.03s Sys=0.00s Real=0.01s
[2025-10-31T12:40:54.705+0000][gc,start      ] GC(1183) Pause Young (Normal) (G1 Evacuation Pause)
[2025-10-31T12:40:54.707+0000][gc,task       ] GC(1183) Using 2 workers of 2 for evacuation
[2025-10-31T12:40:54.722+0000][gc,phases     ] GC(1183)   Pre Evacuate Collection Set: 0.0ms
[2025-10-31T12:40:54.722+0000][gc,phases     ] GC(1183)   Evacuate Collection Set: 13.0ms
[2025-10-31T12:40:54.722+0000][gc,phases     ] GC(1183)   Post Evacuate Collection Set: 1.6ms
[2025-10-31T12:40:54.723+0000][gc,phases     ] GC(1183)   Other: 2.4ms
[2025-10-31T12:40:54.723+0000][gc,heap       ] GC(1183) Eden regions: 56->0(56)
[2025-10-31T12:40:54.723+0000][gc,heap       ] GC(1183) Survivor regions: 4->7(8)
[2025-10-31T12:40:54.723+0000][gc,heap       ] GC(1183) Old regions: 212->212
[2025-10-31T12:40:54.723+0000][gc,heap       ] GC(1183) Humongous regions: 156->156
[2025-10-31T12:40:54.723+0000][gc,metaspace  ] GC(1183) Metaspace: 54014K(57264K)->54014K(57264K) NonClass: 48054K(49840K)->48054K(49840K) Class: 5959K(7424K)->5959K(7424K)
[2025-10-31T12:40:54.723+0000][gc            ] GC(1183) Pause Young (Normal) (G1 Evacuation Pause) 427M->374M(704M) 18.212ms
[2025-10-31T12:40:54.723+0000][gc,cpu        ] GC(1183) User=0.04s Sys=0.00s Real=0.02s
[2025-10-31T12:40:56.915+0000][gc,start      ] GC(1184) Pause Young (Normal) (G1 Evacuation Pause)
[2025-10-31T12:40:56.915+0000][gc,task       ] GC(1184) Using 2 workers of 2 for evacuation
[2025-10-31T12:40:56.937+0000][gc,mmu        ] GC(1184) MMU target violated: 21.0ms (20.0ms/21.0ms)
[2025-10-31T12:40:56.938+0000][gc,phases     ] GC(1184)   Pre Evacuate Collection Set: 0.0ms
[2025-10-31T12:40:56.938+0000][gc,phases     ] GC(1184)   Evacuate Collection Set: 19.0ms
[2025-10-31T12:40:56.939+0000][gc,phases     ] GC(1184)   Post Evacuate Collection Set: 2.1ms
[2025-10-31T12:40:56.939+0000][gc,phases     ] GC(1184)   Other: 2.2ms
[2025-10-31T12:40:56.939+0000][gc,heap       ] GC(1184) Eden regions: 53->0(51)
[2025-10-31T12:40:56.940+0000][gc,heap       ] GC(1184) Survivor regions: 7->6(8)
[2025-10-31T12:40:56.940+0000][gc,heap       ] GC(1184) Old regions: 212->215
[2025-10-31T12:40:56.940+0000][gc,heap       ] GC(1184) Humongous regions: 156->156
[2025-10-31T12:40:56.941+0000][gc,metaspace  ] GC(1184) Metaspace: 54014K(57264K)->54014K(57264K) NonClass: 48054K(49840K)->48054K(49840K) Class: 5959K(7424K)->5959K(7424K)
[2025-10-31T12:40:56.941+0000][gc            ] GC(1184) Pause Young (Normal) (G1 Evacuation Pause) 427M->376M(704M) 26.891ms
[2025-10-31T12:40:56.942+0000][gc,cpu        ] GC(1184) User=0.04s Sys=0.00s Real=0.02s
[2025-10-31T12:40:58.727+0000][gc,start      ] GC(1185) Pause Young (Normal) (G1 Evacuation Pause)
[2025-10-31T12:40:58.727+0000][gc,task       ] GC(1185) Using 2 workers of 2 for evacuation
[2025-10-31T12:40:58.741+0000][gc,phases     ] GC(1185)   Pre Evacuate Collection Set: 0.1ms
[2025-10-31T12:40:58.742+0000][gc,phases     ] GC(1185)   Evacuate Collection Set: 11.2ms
[2025-10-31T12:40:58.742+0000][gc,phases     ] GC(1185)   Post Evacuate Collection Set: 3.1ms
[2025-10-31T12:40:58.742+0000][gc,phases     ] GC(1185)   Other: 0.7ms
[2025-10-31T12:40:58.742+0000][gc,heap       ] GC(1185) Eden regions: 51->0(56)
[2025-10-31T12:40:58.743+0000][gc,heap       ] GC(1185) Survivor regions: 6->3(8)
[2025-10-31T12:40:58.743+0000][gc,heap       ] GC(1185) Old regions: 215->219
[2025-10-31T12:40:58.743+0000][gc,heap       ] GC(1185) Humongous regions: 156->156
[2025-10-31T12:40:58.743+0000][gc,metaspace  ] GC(1185) Metaspace: 54014K(57264K)->54014K(57264K) NonClass: 48054K(49840K)->48054K(49840K) Class: 5959K(7424K)->5959K(7424K)
[2025-10-31T12:40:58.743+0000][gc            ] GC(1185) Pause Young (Normal) (G1 Evacuation Pause) 427M->377M(704M) 16.670ms
[2025-10-31T12:40:58.743+0000][gc,cpu        ] GC(1185) User=0.03s Sys=0.00s Real=0.02s
[2025-10-31T12:41:00.422+0000][gc,start      ] GC(1186) Pause Young (Normal) (G1 Evacuation Pause)
[2025-10-31T12:41:00.422+0000][gc,task       ] GC(1186) Using 2 workers of 2 for evacuation
[2025-10-31T12:41:00.430+0000][gc,phases     ] GC(1186)   Pre Evacuate Collection Set: 0.0ms
[2025-10-31T12:41:00.430+0000][gc,phases     ] GC(1186)   Evacuate Collection Set: 6.7ms
[2025-10-31T12:41:00.430+0000][gc,phases     ] GC(1186)   Post Evacuate Collection Set: 0.5ms
[2025-10-31T12:41:00.430+0000][gc,phases     ] GC(1186)   Other: 0.5ms
[2025-10-31T12:41:00.430+0000][gc,heap       ] GC(1186) Eden regions: 56->0(60)
[2025-10-31T12:41:00.431+0000][gc,heap       ] GC(1186) Survivor regions: 3->4(8)
[2025-10-31T12:41:00.431+0000][gc,heap       ] GC(1186) Old regions: 219->219
[2025-10-31T12:41:00.431+0000][gc,heap       ] GC(1186) Humongous regions: 156->156
[2025-10-31T12:41:00.431+0000][gc,metaspace  ] GC(1186) Metaspace: 54014K(57264K)->54014K(57264K) NonClass: 48054K(49840K)->48054K(49840K) Class: 5959K(7424K)->5959K(7424K)
[2025-10-31T12:41:00.432+0000][gc            ] GC(1186) Pause Young (Normal) (G1 Evacuation Pause) 433M->378M(704M) 9.936ms
[2025-10-31T12:41:00.432+0000][gc,cpu        ] GC(1186) User=0.01s Sys=0.00s Real=0.01s
[2025-10-31T12:41:02.036+0000][gc,start      ] GC(1187) Pause Young (Normal) (G1 Evacuation Pause)
[2025-10-31T12:41:02.036+0000][gc,task       ] GC(1187) Using 2 workers of 2 for evacuation
[2025-10-31T12:41:02.045+0000][gc,phases     ] GC(1187)   Pre Evacuate Collection Set: 0.0ms
[2025-10-31T12:41:02.045+0000][gc,phases     ] GC(1187)   Evacuate Collection Set: 6.7ms
[2025-10-31T12:41:02.045+0000][gc,phases     ] GC(1187)   Post Evacuate Collection Set: 1.2ms
[2025-10-31T12:41:02.045+0000][gc,phases     ] GC(1187)   Other: 0.9ms
[2025-10-31T12:41:02.045+0000][gc,heap       ] GC(1187) Eden regions: 60->0(64)
[2025-10-31T12:41:02.045+0000][gc,heap       ] GC(1187) Survivor regions: 4->4(8)
[2025-10-31T12:41:02.045+0000][gc,heap       ] GC(1187) Old regions: 219->219
[2025-10-31T12:41:02.045+0000][gc,heap       ] GC(1187) Humongous regions: 156->156
[2025-10-31T12:41:02.046+0000][gc,metaspace  ] GC(1187) Metaspace: 54014K(57264K)->54014K(57264K) NonClass: 48054K(49840K)->48054K(49840K) Class: 5959K(7424K)->5959K(7424K)
[2025-10-31T12:41:02.046+0000][gc            ] GC(1187) Pause Young (Normal) (G1 Evacuation Pause) 438M->378M(704M) 10.490ms
[2025-10-31T12:41:02.046+0000][gc,cpu        ] GC(1187) User=0.02s Sys=0.00s Real=0.01s
[2025-10-31T12:41:03.535+0000][gc,start      ] GC(1188) Pause Young (Normal) (G1 Evacuation Pause)
[2025-10-31T12:41:03.536+0000][gc,task       ] GC(1188) Using 2 workers of 2 for evacuation
[2025-10-31T12:41:03.544+0000][gc,phases     ] GC(1188)   Pre Evacuate Collection Set: 0.0ms
[2025-10-31T12:41:03.545+0000][gc,phases     ] GC(1188)   Evacuate Collection Set: 7.5ms
[2025-10-31T12:41:03.545+0000][gc,phases     ] GC(1188)   Post Evacuate Collection Set: 0.7ms
[2025-10-31T12:41:03.545+0000][gc,phases     ] GC(1188)   Other: 1.0ms
[2025-10-31T12:41:03.545+0000][gc,heap       ] GC(1188) Eden regions: 64->0(68)
[2025-10-31T12:41:03.546+0000][gc,heap       ] GC(1188) Survivor regions: 4->5(9)
[2025-10-31T12:41:03.546+0000][gc,heap       ] GC(1188) Old regions: 219->219
[2025-10-31T12:41:03.546+0000][gc,heap       ] GC(1188) Humongous regions: 156->156
[2025-10-31T12:41:03.546+0000][gc,metaspace  ] GC(1188) Metaspace: 54014K(57264K)->54014K(57264K) NonClass: 48054K(49840K)->48054K(49840K) Class: 5959K(7424K)->5959K(7424K)
[2025-10-31T12:41:03.546+0000][gc            ] GC(1188) Pause Young (Normal) (G1 Evacuation Pause) 442M->379M(704M) 10.947ms
[2025-10-31T12:41:03.546+0000][gc,cpu        ] GC(1188) User=0.02s Sys=0.00s Real=0.01s
[2025-10-31T12:41:05.058+0000][gc,start      ] GC(1189) Pause Young (Normal) (G1 Evacuation Pause)
[2025-10-31T12:41:05.058+0000][gc,task       ] GC(1189) Using 2 workers of 2 for evacuation
[2025-10-31T12:41:05.066+0000][gc,phases     ] GC(1189)   Pre Evacuate Collection Set: 0.0ms
[2025-10-31T12:41:05.066+0000][gc,phases     ] GC(1189)   Evacuate Collection Set: 7.1ms
[2025-10-31T12:41:05.066+0000][gc,phases     ] GC(1189)   Post Evacuate Collection Set: 0.7ms
[2025-10-31T12:41:05.067+0000][gc,phases     ] GC(1189)   Other: 0.4ms
[2025-10-31T12:41:05.067+0000][gc,heap       ] GC(1189) Eden regions: 68->0(72)
[2025-10-31T12:41:05.067+0000][gc,heap       ] GC(1189) Survivor regions: 5->5(10)
[2025-10-31T12:41:05.067+0000][gc,heap       ] GC(1189) Old regions: 219->219
[2025-10-31T12:41:05.067+0000][gc,heap       ] GC(1189) Humongous regions: 156->156
[2025-10-31T12:41:05.067+0000][gc,metaspace  ] GC(1189) Metaspace: 54014K(57264K)->54014K(57264K) NonClass: 48054K(49840K)->48054K(49840K) Class: 5959K(7424K)->5959K(7424K)
[2025-10-31T12:41:05.067+0000][gc            ] GC(1189) Pause Young (Normal) (G1 Evacuation Pause) 447M->379M(704M) 9.624ms
[2025-10-31T12:41:05.068+0000][gc,cpu        ] GC(1189) User=0.01s Sys=0.00s Real=0.01s
[2025-10-31T12:41:06.480+0000][gc,start      ] GC(1190) Pause Young (Normal) (G1 Evacuation Pause)
[2025-10-31T12:41:06.481+0000][gc,task       ] GC(1190) Using 2 workers of 2 for evacuation
[2025-10-31T12:41:06.490+0000][gc,phases     ] GC(1190)   Pre Evacuate Collection Set: 0.0ms
[2025-10-31T12:41:06.490+0000][gc,phases     ] GC(1190)   Evacuate Collection Set: 8.0ms
[2025-10-31T12:41:06.490+0000][gc,phases     ] GC(1190)   Post Evacuate Collection Set: 0.7ms
[2025-10-31T12:41:06.490+0000][gc,phases     ] GC(1190)   Other: 0.6ms
[2025-10-31T12:41:06.490+0000][gc,heap       ] GC(1190) Eden regions: 72->0(76)
[2025-10-31T12:41:06.491+0000][gc,heap       ] GC(1190) Survivor regions: 5->5(10)
[2025-10-31T12:41:06.491+0000][gc,heap       ] GC(1190) Old regions: 219->219
[2025-10-31T12:41:06.491+0000][gc,heap       ] GC(1190) Humongous regions: 156->156
[2025-10-31T12:41:06.491+0000][gc,metaspace  ] GC(1190) Metaspace: 54014K(57264K)->54014K(57264K) NonClass: 48054K(49840K)->48054K(49840K) Class: 5959K(7424K)->5959K(7424K)
[2025-10-31T12:41:06.491+0000][gc            ] GC(1190) Pause Young (Normal) (G1 Evacuation Pause) 451M->379M(704M) 10.872ms
[2025-10-31T12:41:06.491+0000][gc,cpu        ] GC(1190) User=0.01s Sys=0.00s Real=0.01s
[2025-10-31T12:41:09.826+0000][gc,start      ] GC(1191) Pause Young (Normal) (G1 Evacuation Pause)
[2025-10-31T12:41:09.827+0000][gc,task       ] GC(1191) Using 2 workers of 2 for evacuation
[2025-10-31T12:41:09.837+0000][gc,phases     ] GC(1191)   Pre Evacuate Collection Set: 0.0ms
[2025-10-31T12:41:09.837+0000][gc,phases     ] GC(1191)   Evacuate Collection Set: 8.9ms
[2025-10-31T12:41:09.837+0000][gc,phases     ] GC(1191)   Post Evacuate Collection Set: 0.7ms
[2025-10-31T12:41:09.837+0000][gc,phases     ] GC(1191)   Other: 0.5ms
[2025-10-31T12:41:09.837+0000][gc,heap       ] GC(1191) Eden regions: 75->0(79)
[2025-10-31T12:41:09.837+0000][gc,heap       ] GC(1191) Survivor regions: 5->6(10)
[2025-10-31T12:41:09.838+0000][gc,heap       ] GC(1191) Old regions: 219->219
[2025-10-31T12:41:09.838+0000][gc,heap       ] GC(1191) Humongous regions: 156->156
[2025-10-31T12:41:09.838+0000][gc,metaspace  ] GC(1191) Metaspace: 54014K(57264K)->54014K(57264K) NonClass: 48054K(49840K)->48054K(49840K) Class: 5959K(7424K)->5959K(7424K)
[2025-10-31T12:41:09.838+0000][gc            ] GC(1191) Pause Young (Normal) (G1 Evacuation Pause) 454M->380M(704M) 11.843ms
[2025-10-31T12:41:09.838+0000][gc,cpu        ] GC(1191) User=0.02s Sys=0.00s Real=0.01s
[2025-10-31T12:43:50.934+0000][gc,start      ] GC(1192) Pause Young (Normal) (G1 Evacuation Pause)
[2025-10-31T12:43:50.934+0000][gc,task       ] GC(1192) Using 2 workers of 2 for evacuation
[2025-10-31T12:43:50.950+0000][gc,phases     ] GC(1192)   Pre Evacuate Collection Set: 0.0ms
[2025-10-31T12:43:50.951+0000][gc,phases     ] GC(1192)   Evacuate Collection Set: 15.0ms
[2025-10-31T12:43:50.951+0000][gc,phases     ] GC(1192)   Post Evacuate Collection Set: 0.8ms
[2025-10-31T12:43:50.951+0000][gc,phases     ] GC(1192)   Other: 0.6ms
[2025-10-31T12:43:50.952+0000][gc,heap       ] GC(1192) Eden regions: 77->0(78)
[2025-10-31T12:43:50.952+0000][gc,heap       ] GC(1192) Survivor regions: 6->10(11)
[2025-10-31T12:43:50.952+0000][gc,heap       ] GC(1192) Old regions: 219->219
[2025-10-31T12:43:50.952+0000][gc,heap       ] GC(1192) Humongous regions: 156->156
[2025-10-31T12:43:50.952+0000][gc,metaspace  ] GC(1192) Metaspace: 54014K(57264K)->54014K(57264K) NonClass: 48054K(49840K)->48054K(49840K) Class: 5959K(7424K)->5959K(7424K)
[2025-10-31T12:43:50.952+0000][gc            ] GC(1192) Pause Young (Normal) (G1 Evacuation Pause) 457M->383M(704M) 18.134ms
[2025-10-31T12:43:50.952+0000][gc,cpu        ] GC(1192) User=0.03s Sys=0.00s Real=0.02s
[2025-10-31T12:49:28.215+0000][gc,start      ] GC(1193) Pause Young (Normal) (G1 Evacuation Pause)
[2025-10-31T12:49:28.224+0000][gc,task       ] GC(1193) Using 2 workers of 2 for evacuation
[2025-10-31T12:49:28.256+0000][gc,mmu        ] GC(1193) MMU target violated: 21.0ms (20.0ms/21.0ms)
[2025-10-31T12:49:28.256+0000][gc,phases     ] GC(1193)   Pre Evacuate Collection Set: 0.0ms
[2025-10-31T12:49:28.257+0000][gc,phases     ] GC(1193)   Evacuate Collection Set: 30.2ms
[2025-10-31T12:49:28.257+0000][gc,phases     ] GC(1193)   Post Evacuate Collection Set: 1.3ms
[2025-10-31T12:49:28.257+0000][gc,phases     ] GC(1193)   Other: 9.9ms
[2025-10-31T12:49:28.257+0000][gc,heap       ] GC(1193) Eden regions: 76->0(59)
[2025-10-31T12:49:28.258+0000][gc,heap       ] GC(1193) Survivor regions: 10->11(11)
[2025-10-31T12:49:28.258+0000][gc,heap       ] GC(1193) Old regions: 219->223
[2025-10-31T12:49:28.258+0000][gc,heap       ] GC(1193) Humongous regions: 156->156
[2025-10-31T12:49:28.258+0000][gc,metaspace  ] GC(1193) Metaspace: 54014K(57264K)->54014K(57264K) NonClass: 48054K(49840K)->48054K(49840K) Class: 5959K(7424K)->5959K(7424K)
[2025-10-31T12:49:28.258+0000][gc            ] GC(1193) Pause Young (Normal) (G1 Evacuation Pause) 459M->389M(704M) 43.244ms
[2025-10-31T12:49:28.259+0000][gc,cpu        ] GC(1193) User=0.07s Sys=0.00s Real=0.04s
[2025-10-31T12:53:13.820+0000][gc,start      ] GC(1194) Pause Young (Normal) (G1 Evacuation Pause)
[2025-10-31T12:53:13.821+0000][gc,task       ] GC(1194) Using 2 workers of 2 for evacuation
[2025-10-31T12:53:13.839+0000][gc,phases     ] GC(1194)   Pre Evacuate Collection Set: 0.0ms
[2025-10-31T12:53:13.839+0000][gc,phases     ] GC(1194)   Evacuate Collection Set: 16.9ms
[2025-10-31T12:53:13.839+0000][gc,phases     ] GC(1194)   Post Evacuate Collection Set: 0.7ms
[2025-10-31T12:53:13.840+0000][gc,phases     ] GC(1194)   Other: 1.9ms
[2025-10-31T12:53:13.840+0000][gc,heap       ] GC(1194) Eden regions: 42->0(51)
[2025-10-31T12:53:13.840+0000][gc,heap       ] GC(1194) Survivor regions: 11->4(7)
[2025-10-31T12:53:13.840+0000][gc,heap       ] GC(1194) Old regions: 223->232
[2025-10-31T12:53:13.840+0000][gc,heap       ] GC(1194) Humongous regions: 156->156
[2025-10-31T12:53:13.840+0000][gc,metaspace  ] GC(1194) Metaspace: 54014K(57264K)->54014K(57264K) NonClass: 48054K(49840K)->48054K(49840K) Class: 5959K(7424K)->5959K(7424K)
[2025-10-31T12:53:13.841+0000][gc            ] GC(1194) Pause Young (Normal) (G1 Evacuation Pause) 431M->391M(704M) 21.044ms
[2025-10-31T12:53:13.841+0000][gc,cpu        ] GC(1194) User=0.03s Sys=0.00s Real=0.02s
[2025-10-31T12:56:45.403+0000][gc,start      ] GC(1195) Pause Young (Normal) (G1 Evacuation Pause)
[2025-10-31T12:56:45.404+0000][gc,task       ] GC(1195) Using 2 workers of 2 for evacuation
[2025-10-31T12:56:45.418+0000][gc,phases     ] GC(1195)   Pre Evacuate Collection Set: 0.0ms
[2025-10-31T12:56:45.418+0000][gc,phases     ] GC(1195)   Evacuate Collection Set: 12.4ms
[2025-10-31T12:56:45.419+0000][gc,phases     ] GC(1195)   Post Evacuate Collection Set: 0.8ms
[2025-10-31T12:56:45.419+0000][gc,phases     ] GC(1195)   Other: 1.3ms
[2025-10-31T12:56:45.419+0000][gc,heap       ] GC(1195) Eden regions: 51->0(50)
[2025-10-31T12:56:45.419+0000][gc,heap       ] GC(1195) Survivor regions: 4->7(7)
[2025-10-31T12:56:45.419+0000][gc,heap       ] GC(1195) Old regions: 232->233
[2025-10-31T12:56:45.419+0000][gc,heap       ] GC(1195) Humongous regions: 156->156
[2025-10-31T12:56:45.420+0000][gc,metaspace  ] GC(1195) Metaspace: 54014K(57264K)->54014K(57264K) NonClass: 48054K(49840K)->48054K(49840K) Class: 5959K(7424K)->5959K(7424K)
[2025-10-31T12:56:45.420+0000][gc            ] GC(1195) Pause Young (Normal) (G1 Evacuation Pause) 442M->395M(704M) 16.362ms
[2025-10-31T12:56:45.420+0000][gc,cpu        ] GC(1195) User=0.03s Sys=0.00s Real=0.02s
[2025-10-31T12:58:50.290+0000][gc,start      ] GC(1196) Pause Young (Normal) (G1 Evacuation Pause)
[2025-10-31T12:58:50.290+0000][gc,task       ] GC(1196) Using 2 workers of 2 for evacuation
[2025-10-31T12:58:50.317+0000][gc,mmu        ] GC(1196) MMU target violated: 21.0ms (20.0ms/21.0ms)
[2025-10-31T12:58:50.318+0000][gc,phases     ] GC(1196)   Pre Evacuate Collection Set: 0.0ms
[2025-10-31T12:58:50.318+0000][gc,phases     ] GC(1196)   Evacuate Collection Set: 25.5ms
[2025-10-31T12:58:50.318+0000][gc,phases     ] GC(1196)   Post Evacuate Collection Set: 1.1ms
[2025-10-31T12:58:50.318+0000][gc,phases     ] GC(1196)   Other: 1.2ms
[2025-10-31T12:58:50.318+0000][gc,heap       ] GC(1196) Eden regions: 50->0(44)
[2025-10-31T12:58:50.319+0000][gc,heap       ] GC(1196) Survivor regions: 7->5(8)
[2025-10-31T12:58:50.319+0000][gc,heap       ] GC(1196) Old regions: 233->238
[2025-10-31T12:58:50.319+0000][gc,heap       ] GC(1196) Humongous regions: 156->156
[2025-10-31T12:58:50.319+0000][gc,metaspace  ] GC(1196) Metaspace: 54014K(57264K)->54014K(57264K) NonClass: 48054K(49840K)->48054K(49840K) Class: 5959K(7424K)->5959K(7424K)
[2025-10-31T12:58:50.320+0000][gc            ] GC(1196) Pause Young (Normal) (G1 Evacuation Pause) 445M->398M(704M) 29.889ms
[2025-10-31T12:58:50.320+0000][gc,cpu        ] GC(1196) User=0.06s Sys=0.00s Real=0.03s
[2025-10-31T13:00:45.242+0000][gc,start      ] GC(1197) Pause Young (Normal) (G1 Evacuation Pause)
[2025-10-31T13:00:45.242+0000][gc,task       ] GC(1197) Using 2 workers of 2 for evacuation
[2025-10-31T13:00:45.258+0000][gc,phases     ] GC(1197)   Pre Evacuate Collection Set: 0.0ms
[2025-10-31T13:00:45.259+0000][gc,phases     ] GC(1197)   Evacuate Collection Set: 14.5ms
[2025-10-31T13:00:45.259+0000][gc,phases     ] GC(1197)   Post Evacuate Collection Set: 0.9ms
[2025-10-31T13:00:45.259+0000][gc,phases     ] GC(1197)   Other: 0.5ms
[2025-10-31T13:00:45.259+0000][gc,heap       ] GC(1197) Eden regions: 44->0(48)
[2025-10-31T13:00:45.259+0000][gc,heap       ] GC(1197) Survivor regions: 5->4(7)
[2025-10-31T13:00:45.260+0000][gc,heap       ] GC(1197) Old regions: 238->241
[2025-10-31T13:00:45.260+0000][gc,heap       ] GC(1197) Humongous regions: 156->156
[2025-10-31T13:00:45.260+0000][gc,metaspace  ] GC(1197) Metaspace: 54014K(57264K)->54014K(57264K) NonClass: 48054K(49840K)->48054K(49840K) Class: 5959K(7424K)->5959K(7424K)
[2025-10-31T13:00:45.260+0000][gc            ] GC(1197) Pause Young (Normal) (G1 Evacuation Pause) 442M->400M(704M) 17.580ms
[2025-10-31T13:00:45.260+0000][gc,cpu        ] GC(1197) User=0.03s Sys=0.00s Real=0.02s
