[2025-10-30T12:55:36.394+0000][gc,heap] Heap region size: 1M
[2025-10-30T12:55:36.400+0000][gc     ] Using G1
[2025-10-30T12:55:36.400+0000][gc,heap,coops] Heap address: 0x00000000c0000000, size: 1024 MB, Compressed Oops mode: 32-bit
[2025-10-30T12:55:37.054+0000][gc,start     ] GC(0) Pause Young (Normal) (G1 Evacuation Pause)
[2025-10-30T12:55:37.055+0000][gc,task      ] GC(0) Using 2 workers of 2 for evacuation
[2025-10-30T12:55:37.061+0000][gc,phases    ] GC(0)   Pre Evacuate Collection Set: 0.0ms
[2025-10-30T12:55:37.061+0000][gc,phases    ] GC(0)   Evacuate Collection Set: 4.9ms
[2025-10-30T12:55:37.061+0000][gc,phases    ] GC(0)   Post Evacuate Collection Set: 0.8ms
[2025-10-30T12:55:37.062+0000][gc,phases    ] GC(0)   Other: 0.9ms
[2025-10-30T12:55:37.062+0000][gc,heap      ] GC(0) Eden regions: 25->0(21)
[2025-10-30T12:55:37.062+0000][gc,heap      ] GC(0) Survivor regions: 0->4(4)
[2025-10-30T12:55:37.062+0000][gc,heap      ] GC(0) Old regions: 0->3
[2025-10-30T12:55:37.062+0000][gc,heap      ] GC(0) Humongous regions: 0->0
[2025-10-30T12:55:37.062+0000][gc,metaspace ] GC(0) Metaspace: 17808K(18432K)->17808K(18432K) NonClass: 15929K(16384K)->15929K(16384K) Class: 1879K(2048K)->1879K(2048K)
[2025-10-30T12:55:37.062+0000][gc           ] GC(0) Pause Young (Normal) (G1 Evacuation Pause) 25M->6M(512M) 8.010ms
[2025-10-30T12:55:37.063+0000][gc,cpu       ] GC(0) User=0.02s Sys=0.01s Real=0.01s
[2025-10-30T12:55:37.198+0000][gc,start     ] GC(1) Pause Young (Concurrent Start) (Metadata GC Threshold)
[2025-10-30T12:55:37.198+0000][gc,task      ] GC(1) Using 2 workers of 2 for evacuation
[2025-10-30T12:55:37.203+0000][gc,phases    ] GC(1)   Pre Evacuate Collection Set: 0.0ms
[2025-10-30T12:55:37.203+0000][gc,phases    ] GC(1)   Evacuate Collection Set: 4.0ms
[2025-10-30T12:55:37.203+0000][gc,phases    ] GC(1)   Post Evacuate Collection Set: 0.5ms
[2025-10-30T12:55:37.204+0000][gc,phases    ] GC(1)   Other: 0.5ms
[2025-10-30T12:55:37.204+0000][gc,heap      ] GC(1) Eden regions: 9->0(24)
[2025-10-30T12:55:37.204+0000][gc,heap      ] GC(1) Survivor regions: 4->1(4)
[2025-10-30T12:55:37.204+0000][gc,heap      ] GC(1) Old regions: 3->7
[2025-10-30T12:55:37.204+0000][gc,heap      ] GC(1) Humongous regions: 0->0
[2025-10-30T12:55:37.204+0000][gc,metaspace ] GC(1) Metaspace: 20772K(21296K)->20772K(21296K) NonClass: 18562K(18864K)->18562K(18864K) Class: 2209K(2432K)->2209K(2432K)
[2025-10-30T12:55:37.204+0000][gc           ] GC(1) Pause Young (Concurrent Start) (Metadata GC Threshold) 14M->6M(512M) 6.155ms
[2025-10-30T12:55:37.204+0000][gc,cpu       ] GC(1) User=0.00s Sys=0.00s Real=0.01s
[2025-10-30T12:55:37.204+0000][gc           ] GC(2) Concurrent Cycle
[2025-10-30T12:55:37.205+0000][gc,marking   ] GC(2) Concurrent Clear Claimed Marks
[2025-10-30T12:55:37.205+0000][gc,marking   ] GC(2) Concurrent Clear Claimed Marks 0.179ms
[2025-10-30T12:55:37.205+0000][gc,marking   ] GC(2) Concurrent Scan Root Regions
[2025-10-30T12:55:37.206+0000][gc,marking   ] GC(2) Concurrent Scan Root Regions 0.669ms
[2025-10-30T12:55:37.206+0000][gc,marking   ] GC(2) Concurrent Mark (0.820s)
[2025-10-30T12:55:37.206+0000][gc,marking   ] GC(2) Concurrent Mark From Roots
[2025-10-30T12:55:37.206+0000][gc,task      ] GC(2) Using 1 workers of 1 for marking
[2025-10-30T12:55:37.213+0000][gc,marking   ] GC(2) Concurrent Mark From Roots 6.833ms
[2025-10-30T12:55:37.213+0000][gc,marking   ] GC(2) Concurrent Preclean
[2025-10-30T12:55:37.213+0000][gc,marking   ] GC(2) Concurrent Preclean 0.203ms
[2025-10-30T12:55:37.213+0000][gc,marking   ] GC(2) Concurrent Mark (0.820s, 0.828s) 7.494ms
[2025-10-30T12:55:37.214+0000][gc,start     ] GC(2) Pause Remark
[2025-10-30T12:55:37.216+0000][gc,stringtable] GC(2) Cleaned string and symbol table, strings: 7267 processed, 9 removed, symbols: 64793 processed, 23 removed
[2025-10-30T12:55:37.216+0000][gc            ] GC(2) Pause Remark 7M->7M(512M) 2.719ms
[2025-10-30T12:55:37.216+0000][gc,cpu        ] GC(2) User=0.00s Sys=0.00s Real=0.00s
[2025-10-30T12:55:37.217+0000][gc,marking    ] GC(2) Concurrent Rebuild Remembered Sets
[2025-10-30T12:55:37.220+0000][gc,marking    ] GC(2) Concurrent Rebuild Remembered Sets 3.601ms
[2025-10-30T12:55:37.221+0000][gc,start      ] GC(2) Pause Cleanup
[2025-10-30T12:55:37.221+0000][gc            ] GC(2) Pause Cleanup 7M->7M(512M) 0.346ms
[2025-10-30T12:55:37.222+0000][gc,cpu        ] GC(2) User=0.00s Sys=0.00s Real=0.01s
[2025-10-30T12:55:37.222+0000][gc,marking    ] GC(2) Concurrent Cleanup for Next Mark
[2025-10-30T12:55:37.223+0000][gc,marking    ] GC(2) Concurrent Cleanup for Next Mark 0.990ms
[2025-10-30T12:55:37.223+0000][gc            ] GC(2) Concurrent Cycle 18.487ms
[2025-10-30T12:55:37.487+0000][gc,start      ] GC(3) Pause Young (Normal) (G1 Evacuation Pause)
[2025-10-30T12:55:37.487+0000][gc,task       ] GC(3) Using 2 workers of 2 for evacuation
[2025-10-30T12:55:37.491+0000][gc,phases     ] GC(3)   Pre Evacuate Collection Set: 0.0ms
[2025-10-30T12:55:37.491+0000][gc,phases     ] GC(3)   Evacuate Collection Set: 2.6ms
[2025-10-30T12:55:37.491+0000][gc,phases     ] GC(3)   Post Evacuate Collection Set: 0.6ms
[2025-10-30T12:55:37.491+0000][gc,phases     ] GC(3)   Other: 0.5ms
[2025-10-30T12:55:37.492+0000][gc,heap       ] GC(3) Eden regions: 24->0(23)
[2025-10-30T12:55:37.492+0000][gc,heap       ] GC(3) Survivor regions: 1->2(4)
[2025-10-30T12:55:37.492+0000][gc,heap       ] GC(3) Old regions: 7->7
[2025-10-30T12:55:37.492+0000][gc,heap       ] GC(3) Humongous regions: 0->0
[2025-10-30T12:55:37.492+0000][gc,metaspace  ] GC(3) Metaspace: 25763K(26544K)->25763K(26544K) NonClass: 23032K(23472K)->23032K(23472K) Class: 2731K(3072K)->2731K(3072K)
[2025-10-30T12:55:37.492+0000][gc            ] GC(3) Pause Young (Normal) (G1 Evacuation Pause) 30M->7M(512M) 5.144ms
[2025-10-30T12:55:37.493+0000][gc,cpu        ] GC(3) User=0.00s Sys=0.00s Real=0.01s
[2025-10-30T12:55:37.773+0000][gc,start      ] GC(4) Pause Young (Normal) (G1 Evacuation Pause)
[2025-10-30T12:55:37.773+0000][gc,task       ] GC(4) Using 2 workers of 2 for evacuation
[2025-10-30T12:55:37.777+0000][gc,phases     ] GC(4)   Pre Evacuate Collection Set: 0.0ms
[2025-10-30T12:55:37.777+0000][gc,phases     ] GC(4)   Evacuate Collection Set: 3.3ms
[2025-10-30T12:55:37.777+0000][gc,phases     ] GC(4)   Post Evacuate Collection Set: 0.6ms
[2025-10-30T12:55:37.777+0000][gc,phases     ] GC(4)   Other: 0.5ms
[2025-10-30T12:55:37.778+0000][gc,heap       ] GC(4) Eden regions: 23->0(22)
[2025-10-30T12:55:37.778+0000][gc,heap       ] GC(4) Survivor regions: 2->3(4)
[2025-10-30T12:55:37.778+0000][gc,heap       ] GC(4) Old regions: 7->7
[2025-10-30T12:55:37.778+0000][gc,heap       ] GC(4) Humongous regions: 0->0
[2025-10-30T12:55:37.778+0000][gc,metaspace  ] GC(4) Metaspace: 29667K(30640K)->29667K(30640K) NonClass: 26484K(27056K)->26484K(27056K) Class: 3182K(3584K)->3182K(3584K)
[2025-10-30T12:55:37.778+0000][gc            ] GC(4) Pause Young (Normal) (G1 Evacuation Pause) 30M->9M(512M) 5.750ms
[2025-10-30T12:55:37.778+0000][gc,cpu        ] GC(4) User=0.01s Sys=0.00s Real=0.00s
[2025-10-30T12:55:38.109+0000][gc,start      ] GC(5) Pause Young (Normal) (G1 Evacuation Pause)
[2025-10-30T12:55:38.109+0000][gc,task       ] GC(5) Using 2 workers of 2 for evacuation
[2025-10-30T12:55:38.113+0000][gc,phases     ] GC(5)   Pre Evacuate Collection Set: 0.0ms
[2025-10-30T12:55:38.114+0000][gc,phases     ] GC(5)   Evacuate Collection Set: 3.7ms
[2025-10-30T12:55:38.114+0000][gc,phases     ] GC(5)   Post Evacuate Collection Set: 0.7ms
[2025-10-30T12:55:38.114+0000][gc,phases     ] GC(5)   Other: 0.4ms
[2025-10-30T12:55:38.114+0000][gc,heap       ] GC(5) Eden regions: 22->0(23)
[2025-10-30T12:55:38.115+0000][gc,heap       ] GC(5) Survivor regions: 3->2(4)
[2025-10-30T12:55:38.115+0000][gc,heap       ] GC(5) Old regions: 7->8
[2025-10-30T12:55:38.115+0000][gc,heap       ] GC(5) Humongous regions: 0->0
[2025-10-30T12:55:38.115+0000][gc,metaspace  ] GC(5) Metaspace: 31764K(32688K)->31764K(32688K) NonClass: 28306K(28848K)->28306K(28848K) Class: 3458K(3840K)->3458K(3840K)
[2025-10-30T12:55:38.115+0000][gc            ] GC(5) Pause Young (Normal) (G1 Evacuation Pause) 31M->9M(512M) 6.731ms
[2025-10-30T12:55:38.116+0000][gc,cpu        ] GC(5) User=0.01s Sys=0.00s Real=0.01s
[2025-10-30T12:55:38.281+0000][gc,start      ] GC(6) Pause Young (Normal) (G1 Evacuation Pause)
[2025-10-30T12:55:38.281+0000][gc,task       ] GC(6) Using 2 workers of 2 for evacuation
[2025-10-30T12:55:38.284+0000][gc,phases     ] GC(6)   Pre Evacuate Collection Set: 0.0ms
[2025-10-30T12:55:38.284+0000][gc,phases     ] GC(6)   Evacuate Collection Set: 2.2ms
[2025-10-30T12:55:38.284+0000][gc,phases     ] GC(6)   Post Evacuate Collection Set: 0.7ms
[2025-10-30T12:55:38.285+0000][gc,phases     ] GC(6)   Other: 0.5ms
[2025-10-30T12:55:38.285+0000][gc,heap       ] GC(6) Eden regions: 23->0(23)
[2025-10-30T12:55:38.286+0000][gc,heap       ] GC(6) Survivor regions: 2->2(4)
[2025-10-30T12:55:38.286+0000][gc,heap       ] GC(6) Old regions: 8->8
[2025-10-30T12:55:38.286+0000][gc,heap       ] GC(6) Humongous regions: 0->0
[2025-10-30T12:55:38.286+0000][gc,metaspace  ] GC(6) Metaspace: 31765K(32688K)->31765K(32688K) NonClass: 28306K(28848K)->28306K(28848K) Class: 3458K(3840K)->3458K(3840K)
[2025-10-30T12:55:38.287+0000][gc            ] GC(6) Pause Young (Normal) (G1 Evacuation Pause) 32M->9M(512M) 6.116ms
[2025-10-30T12:55:38.287+0000][gc,cpu        ] GC(6) User=0.01s Sys=0.00s Real=0.01s
[2025-10-30T12:55:38.430+0000][gc,start      ] GC(7) Pause Young (Normal) (G1 Evacuation Pause)
[2025-10-30T12:55:38.431+0000][gc,task       ] GC(7) Using 2 workers of 2 for evacuation
[2025-10-30T12:55:38.434+0000][gc,phases     ] GC(7)   Pre Evacuate Collection Set: 0.0ms
[2025-10-30T12:55:38.434+0000][gc,phases     ] GC(7)   Evacuate Collection Set: 2.4ms
[2025-10-30T12:55:38.434+0000][gc,phases     ] GC(7)   Post Evacuate Collection Set: 0.5ms
[2025-10-30T12:55:38.434+0000][gc,phases     ] GC(7)   Other: 0.5ms
[2025-10-30T12:55:38.435+0000][gc,heap       ] GC(7) Eden regions: 23->0(23)
[2025-10-30T12:55:38.435+0000][gc,heap       ] GC(7) Survivor regions: 2->2(4)
[2025-10-30T12:55:38.435+0000][gc,heap       ] GC(7) Old regions: 8->8
[2025-10-30T12:55:38.435+0000][gc,heap       ] GC(7) Humongous regions: 0->0
[2025-10-30T12:55:38.435+0000][gc,metaspace  ] GC(7) Metaspace: 31765K(32688K)->31765K(32688K) NonClass: 28306K(28848K)->28306K(28848K) Class: 3458K(3840K)->3458K(3840K)
[2025-10-30T12:55:38.436+0000][gc            ] GC(7) Pause Young (Normal) (G1 Evacuation Pause) 32M->9M(512M) 5.264ms
[2025-10-30T12:55:38.436+0000][gc,cpu        ] GC(7) User=0.00s Sys=0.00s Real=0.01s
[2025-10-30T12:55:38.636+0000][gc,start      ] GC(8) Pause Young (Concurrent Start) (Metadata GC Threshold)
[2025-10-30T12:55:38.636+0000][gc,task       ] GC(8) Using 2 workers of 2 for evacuation
[2025-10-30T12:55:38.641+0000][gc,phases     ] GC(8)   Pre Evacuate Collection Set: 0.1ms
[2025-10-30T12:55:38.641+0000][gc,phases     ] GC(8)   Evacuate Collection Set: 3.7ms
[2025-10-30T12:55:38.641+0000][gc,phases     ] GC(8)   Post Evacuate Collection Set: 0.6ms
[2025-10-30T12:55:38.641+0000][gc,phases     ] GC(8)   Other: 0.4ms
[2025-10-30T12:55:38.641+0000][gc,heap       ] GC(8) Eden regions: 18->0(22)
[2025-10-30T12:55:38.642+0000][gc,heap       ] GC(8) Survivor regions: 2->3(4)
[2025-10-30T12:55:38.642+0000][gc,heap       ] GC(8) Old regions: 8->8
[2025-10-30T12:55:38.642+0000][gc,heap       ] GC(8) Humongous regions: 0->0
[2025-10-30T12:55:38.642+0000][gc,metaspace  ] GC(8) Metaspace: 34921K(35888K)->34921K(35888K) NonClass: 31143K(31664K)->31143K(31664K) Class: 3777K(4224K)->3777K(4224K)
[2025-10-30T12:55:38.642+0000][gc            ] GC(8) Pause Young (Concurrent Start) (Metadata GC Threshold) 27M->10M(512M) 6.388ms
[2025-10-30T12:55:38.643+0000][gc,cpu        ] GC(8) User=0.00s Sys=0.01s Real=0.01s
[2025-10-30T12:55:38.643+0000][gc            ] GC(9) Concurrent Cycle
[2025-10-30T12:55:38.644+0000][gc,marking    ] GC(9) Concurrent Clear Claimed Marks
[2025-10-30T12:55:38.644+0000][gc,marking    ] GC(9) Concurrent Clear Claimed Marks 0.323ms
[2025-10-30T12:55:38.644+0000][gc,marking    ] GC(9) Concurrent Scan Root Regions
[2025-10-30T12:55:38.648+0000][gc,marking    ] GC(9) Concurrent Scan Root Regions 3.946ms
[2025-10-30T12:55:38.648+0000][gc,marking    ] GC(9) Concurrent Mark (2.263s)
[2025-10-30T12:55:38.649+0000][gc,marking    ] GC(9) Concurrent Mark From Roots
[2025-10-30T12:55:38.649+0000][gc,task       ] GC(9) Using 1 workers of 1 for marking
[2025-10-30T12:55:38.665+0000][gc,marking    ] GC(9) Concurrent Mark From Roots 16.736ms
[2025-10-30T12:55:38.666+0000][gc,marking    ] GC(9) Concurrent Preclean
[2025-10-30T12:55:38.666+0000][gc,marking    ] GC(9) Concurrent Preclean 0.189ms
[2025-10-30T12:55:38.666+0000][gc,marking    ] GC(9) Concurrent Mark (2.263s, 2.280s) 17.444ms
[2025-10-30T12:55:38.666+0000][gc,start      ] GC(9) Pause Remark
[2025-10-30T12:55:38.670+0000][gc,stringtable] GC(9) Cleaned string and symbol table, strings: 11342 processed, 8 removed, symbols: 96929 processed, 20 removed
[2025-10-30T12:55:38.670+0000][gc            ] GC(9) Pause Remark 11M->11M(512M) 4.186ms
[2025-10-30T12:55:38.671+0000][gc,cpu        ] GC(9) User=0.00s Sys=0.00s Real=0.00s
[2025-10-30T12:55:38.671+0000][gc,marking    ] GC(9) Concurrent Rebuild Remembered Sets
[2025-10-30T12:55:38.675+0000][gc,marking    ] GC(9) Concurrent Rebuild Remembered Sets 4.530ms
[2025-10-30T12:55:38.676+0000][gc,start      ] GC(9) Pause Cleanup
[2025-10-30T12:55:38.676+0000][gc            ] GC(9) Pause Cleanup 12M->12M(512M) 0.360ms
[2025-10-30T12:55:38.676+0000][gc,cpu        ] GC(9) User=0.01s Sys=0.00s Real=0.00s
[2025-10-30T12:55:38.676+0000][gc,marking    ] GC(9) Concurrent Cleanup for Next Mark
[2025-10-30T12:55:38.707+0000][gc,marking    ] GC(9) Concurrent Cleanup for Next Mark 30.460ms
[2025-10-30T12:55:38.707+0000][gc            ] GC(9) Concurrent Cycle 63.916ms
[2025-10-30T12:55:38.887+0000][gc,start      ] GC(10) Pause Young (Concurrent Start) (G1 Evacuation Pause)
[2025-10-30T12:55:38.887+0000][gc,task       ] GC(10) Using 2 workers of 2 for evacuation
[2025-10-30T12:55:38.893+0000][gc,phases     ] GC(10)   Pre Evacuate Collection Set: 0.1ms
[2025-10-30T12:55:38.893+0000][gc,phases     ] GC(10)   Evacuate Collection Set: 4.9ms
[2025-10-30T12:55:38.894+0000][gc,phases     ] GC(10)   Post Evacuate Collection Set: 0.5ms
[2025-10-30T12:55:38.894+0000][gc,phases     ] GC(10)   Other: 0.5ms
[2025-10-30T12:55:38.894+0000][gc,heap       ] GC(10) Eden regions: 22->0(23)
[2025-10-30T12:55:38.894+0000][gc,heap       ] GC(10) Survivor regions: 3->2(4)
[2025-10-30T12:55:38.894+0000][gc,heap       ] GC(10) Old regions: 8->10
[2025-10-30T12:55:38.894+0000][gc,heap       ] GC(10) Humongous regions: 27->27
[2025-10-30T12:55:38.894+0000][gc,metaspace  ] GC(10) Metaspace: 39228K(40624K)->39228K(40624K) NonClass: 34945K(35760K)->34945K(35760K) Class: 4283K(4864K)->4283K(4864K)
[2025-10-30T12:55:38.894+0000][gc            ] GC(10) Pause Young (Concurrent Start) (G1 Evacuation Pause) 59M->37M(512M) 7.101ms
[2025-10-30T12:55:38.895+0000][gc,cpu        ] GC(10) User=0.01s Sys=0.00s Real=0.01s
[2025-10-30T12:55:38.895+0000][gc            ] GC(11) Concurrent Cycle
[2025-10-30T12:55:38.895+0000][gc,marking    ] GC(11) Concurrent Clear Claimed Marks
[2025-10-30T12:55:38.895+0000][gc,marking    ] GC(11) Concurrent Clear Claimed Marks 0.282ms
[2025-10-30T12:55:38.895+0000][gc,marking    ] GC(11) Concurrent Scan Root Regions
[2025-10-30T12:55:38.898+0000][gc,marking    ] GC(11) Concurrent Scan Root Regions 2.147ms
[2025-10-30T12:55:38.898+0000][gc,marking    ] GC(11) Concurrent Mark (2.512s)
[2025-10-30T12:55:38.899+0000][gc,marking    ] GC(11) Concurrent Mark From Roots
[2025-10-30T12:55:38.899+0000][gc,task       ] GC(11) Using 1 workers of 1 for marking
[2025-10-30T12:55:38.914+0000][gc,marking    ] GC(11) Concurrent Mark From Roots 15.496ms
[2025-10-30T12:55:38.914+0000][gc,marking    ] GC(11) Concurrent Preclean
[2025-10-30T12:55:38.915+0000][gc,marking    ] GC(11) Concurrent Preclean 0.194ms
[2025-10-30T12:55:38.915+0000][gc,marking    ] GC(11) Concurrent Mark (2.512s, 2.529s) 17.051ms
[2025-10-30T12:55:38.916+0000][gc,start      ] GC(11) Pause Remark
[2025-10-30T12:55:38.964+0000][gc,stringtable] GC(11) Cleaned string and symbol table, strings: 12237 processed, 0 removed, symbols: 106584 processed, 11 removed
[2025-10-30T12:55:38.965+0000][gc,mmu        ] GC(11) MMU target violated: 21.0ms (20.0ms/21.0ms)
[2025-10-30T12:55:38.965+0000][gc            ] GC(11) Pause Remark 40M->40M(512M) 48.847ms
[2025-10-30T12:55:38.966+0000][gc,cpu        ] GC(11) User=0.01s Sys=0.00s Real=0.05s
[2025-10-30T12:55:38.966+0000][gc,marking    ] GC(11) Concurrent Rebuild Remembered Sets
[2025-10-30T12:55:38.973+0000][gc,marking    ] GC(11) Concurrent Rebuild Remembered Sets 7.171ms
[2025-10-30T12:55:38.974+0000][gc,start      ] GC(11) Pause Cleanup
[2025-10-30T12:55:38.974+0000][gc            ] GC(11) Pause Cleanup 41M->41M(512M) 0.384ms
[2025-10-30T12:55:38.975+0000][gc,cpu        ] GC(11) User=0.00s Sys=0.00s Real=0.00s
[2025-10-30T12:55:38.975+0000][gc,marking    ] GC(11) Concurrent Cleanup for Next Mark
[2025-10-30T12:55:38.975+0000][gc,marking    ] GC(11) Concurrent Cleanup for Next Mark 0.690ms
[2025-10-30T12:55:38.976+0000][gc            ] GC(11) Concurrent Cycle 80.983ms
[2025-10-30T12:55:39.088+0000][gc,start      ] GC(12) Pause Young (Normal) (G1 Evacuation Pause)
[2025-10-30T12:55:39.088+0000][gc,task       ] GC(12) Using 2 workers of 2 for evacuation
[2025-10-30T12:55:39.093+0000][gc,phases     ] GC(12)   Pre Evacuate Collection Set: 0.0ms
[2025-10-30T12:55:39.093+0000][gc,phases     ] GC(12)   Evacuate Collection Set: 3.7ms
[2025-10-30T12:55:39.093+0000][gc,phases     ] GC(12)   Post Evacuate Collection Set: 0.6ms
[2025-10-30T12:55:39.093+0000][gc,phases     ] GC(12)   Other: 0.5ms
[2025-10-30T12:55:39.093+0000][gc,heap       ] GC(12) Eden regions: 23->0(23)
[2025-10-30T12:55:39.093+0000][gc,heap       ] GC(12) Survivor regions: 2->3(4)
[2025-10-30T12:55:39.094+0000][gc,heap       ] GC(12) Old regions: 10->10
[2025-10-30T12:55:39.094+0000][gc,heap       ] GC(12) Humongous regions: 27->27
[2025-10-30T12:55:39.094+0000][gc,metaspace  ] GC(12) Metaspace: 40094K(41520K)->40094K(41520K) NonClass: 35738K(36528K)->35738K(36528K) Class: 4356K(4992K)->4356K(4992K)
[2025-10-30T12:55:39.094+0000][gc            ] GC(12) Pause Young (Normal) (G1 Evacuation Pause) 60M->38M(512M) 6.349ms
[2025-10-30T12:55:39.094+0000][gc,cpu        ] GC(12) User=0.02s Sys=0.00s Real=0.01s
[2025-10-30T12:55:39.205+0000][gc,start      ] GC(13) Pause Young (Normal) (G1 Evacuation Pause)
[2025-10-30T12:55:39.205+0000][gc,task       ] GC(13) Using 2 workers of 2 for evacuation
[2025-10-30T12:55:39.211+0000][gc,phases     ] GC(13)   Pre Evacuate Collection Set: 0.0ms
[2025-10-30T12:55:39.211+0000][gc,phases     ] GC(13)   Evacuate Collection Set: 4.3ms
[2025-10-30T12:55:39.211+0000][gc,phases     ] GC(13)   Post Evacuate Collection Set: 0.6ms
[2025-10-30T12:55:39.211+0000][gc,phases     ] GC(13)   Other: 1.1ms
[2025-10-30T12:55:39.211+0000][gc,heap       ] GC(13) Eden regions: 23->0(24)
[2025-10-30T12:55:39.211+0000][gc,heap       ] GC(13) Survivor regions: 3->3(4)
[2025-10-30T12:55:39.211+0000][gc,heap       ] GC(13) Old regions: 10->10
[2025-10-30T12:55:39.212+0000][gc,heap       ] GC(13) Humongous regions: 27->27
[2025-10-30T12:55:39.212+0000][gc,metaspace  ] GC(13) Metaspace: 40649K(42032K)->40649K(42032K) NonClass: 36254K(37040K)->36254K(37040K) Class: 4394K(4992K)->4394K(4992K)
[2025-10-30T12:55:39.212+0000][gc            ] GC(13) Pause Young (Normal) (G1 Evacuation Pause) 61M->39M(512M) 7.403ms
[2025-10-30T12:55:39.212+0000][gc,cpu        ] GC(13) User=0.01s Sys=0.00s Real=0.01s
[2025-10-30T12:55:39.316+0000][gc,start      ] GC(14) Pause Young (Normal) (G1 Evacuation Pause)
[2025-10-30T12:55:39.316+0000][gc,task       ] GC(14) Using 2 workers of 2 for evacuation
[2025-10-30T12:55:39.366+0000][gc,mmu        ] GC(14) MMU target violated: 21.0ms (20.0ms/21.0ms)
[2025-10-30T12:55:39.366+0000][gc,phases     ] GC(14)   Pre Evacuate Collection Set: 0.0ms
[2025-10-30T12:55:39.366+0000][gc,phases     ] GC(14)   Evacuate Collection Set: 48.1ms
[2025-10-30T12:55:39.367+0000][gc,phases     ] GC(14)   Post Evacuate Collection Set: 1.0ms
[2025-10-30T12:55:39.367+0000][gc,phases     ] GC(14)   Other: 0.8ms
[2025-10-30T12:55:39.367+0000][gc,heap       ] GC(14) Eden regions: 24->0(22)
[2025-10-30T12:55:39.368+0000][gc,heap       ] GC(14) Survivor regions: 3->3(4)
[2025-10-30T12:55:39.368+0000][gc,heap       ] GC(14) Old regions: 10->11
[2025-10-30T12:55:39.368+0000][gc,heap       ] GC(14) Humongous regions: 27->27
[2025-10-30T12:55:39.368+0000][gc,metaspace  ] GC(14) Metaspace: 41529K(42800K)->41529K(42800K) NonClass: 37082K(37808K)->37082K(37808K) Class: 4446K(4992K)->4446K(4992K)
[2025-10-30T12:55:39.368+0000][gc            ] GC(14) Pause Young (Normal) (G1 Evacuation Pause) 63M->39M(512M) 52.368ms
[2025-10-30T12:55:39.369+0000][gc,cpu        ] GC(14) User=0.01s Sys=0.00s Real=0.05s
[2025-10-30T12:55:39.477+0000][gc,start      ] GC(15) Pause Young (Normal) (G1 Evacuation Pause)
[2025-10-30T12:55:39.477+0000][gc,task       ] GC(15) Using 2 workers of 2 for evacuation
[2025-10-30T12:55:39.482+0000][gc,phases     ] GC(15)   Pre Evacuate Collection Set: 0.0ms
[2025-10-30T12:55:39.482+0000][gc,phases     ] GC(15)   Evacuate Collection Set: 3.5ms
[2025-10-30T12:55:39.482+0000][gc,phases     ] GC(15)   Post Evacuate Collection Set: 0.7ms
[2025-10-30T12:55:39.482+0000][gc,phases     ] GC(15)   Other: 0.5ms
[2025-10-30T12:55:39.482+0000][gc,heap       ] GC(15) Eden regions: 22->0(23)
[2025-10-30T12:55:39.482+0000][gc,heap       ] GC(15) Survivor regions: 3->2(4)
[2025-10-30T12:55:39.483+0000][gc,heap       ] GC(15) Old regions: 11->12
[2025-10-30T12:55:39.483+0000][gc,heap       ] GC(15) Humongous regions: 36->36
[2025-10-30T12:55:39.483+0000][gc,metaspace  ] GC(15) Metaspace: 42585K(43952K)->42585K(43952K) NonClass: 38058K(38832K)->38058K(38832K) Class: 4527K(5120K)->4527K(5120K)
[2025-10-30T12:55:39.483+0000][gc            ] GC(15) Pause Young (Normal) (G1 Evacuation Pause) 70M->49M(512M) 6.323ms
[2025-10-30T12:55:39.483+0000][gc,cpu        ] GC(15) User=0.01s Sys=0.00s Real=0.01s
[2025-10-30T12:55:39.587+0000][gc,start      ] GC(16) Pause Young (Normal) (G1 Evacuation Pause)
[2025-10-30T12:55:39.587+0000][gc,task       ] GC(16) Using 2 workers of 2 for evacuation
[2025-10-30T12:55:39.591+0000][gc,phases     ] GC(16)   Pre Evacuate Collection Set: 0.0ms
[2025-10-30T12:55:39.591+0000][gc,phases     ] GC(16)   Evacuate Collection Set: 2.7ms
[2025-10-30T12:55:39.591+0000][gc,phases     ] GC(16)   Post Evacuate Collection Set: 0.7ms
[2025-10-30T12:55:39.592+0000][gc,phases     ] GC(16)   Other: 0.5ms
[2025-10-30T12:55:39.592+0000][gc,heap       ] GC(16) Eden regions: 23->0(26)
[2025-10-30T12:55:39.592+0000][gc,heap       ] GC(16) Survivor regions: 2->2(4)
[2025-10-30T12:55:39.592+0000][gc,heap       ] GC(16) Old regions: 12->12
[2025-10-30T12:55:39.592+0000][gc,heap       ] GC(16) Humongous regions: 36->36
[2025-10-30T12:55:39.592+0000][gc,metaspace  ] GC(16) Metaspace: 43212K(44592K)->43212K(44592K) NonClass: 38605K(39344K)->38605K(39344K) Class: 4607K(5248K)->4607K(5248K)
[2025-10-30T12:55:39.593+0000][gc            ] GC(16) Pause Young (Normal) (G1 Evacuation Pause) 72M->49M(512M) 5.416ms
[2025-10-30T12:55:39.593+0000][gc,cpu        ] GC(16) User=0.01s Sys=0.00s Real=0.01s
[2025-10-30T12:55:39.764+0000][gc,start      ] GC(17) Pause Young (Normal) (G1 Evacuation Pause)
[2025-10-30T12:55:39.764+0000][gc,task       ] GC(17) Using 2 workers of 2 for evacuation
[2025-10-30T12:55:39.768+0000][gc,phases     ] GC(17)   Pre Evacuate Collection Set: 0.0ms
[2025-10-30T12:55:39.768+0000][gc,phases     ] GC(17)   Evacuate Collection Set: 3.4ms
[2025-10-30T12:55:39.769+0000][gc,phases     ] GC(17)   Post Evacuate Collection Set: 0.6ms
[2025-10-30T12:55:39.769+0000][gc,phases     ] GC(17)   Other: 0.7ms
[2025-10-30T12:55:39.769+0000][gc,heap       ] GC(17) Eden regions: 26->0(27)
[2025-10-30T12:55:39.769+0000][gc,heap       ] GC(17) Survivor regions: 2->2(4)
[2025-10-30T12:55:39.769+0000][gc,heap       ] GC(17) Old regions: 12->12
[2025-10-30T12:55:39.769+0000][gc,heap       ] GC(17) Humongous regions: 36->36
[2025-10-30T12:55:39.770+0000][gc,metaspace  ] GC(17) Metaspace: 43675K(45104K)->43675K(45104K) NonClass: 38995K(39856K)->38995K(39856K) Class: 4680K(5248K)->4680K(5248K)
[2025-10-30T12:55:39.770+0000][gc            ] GC(17) Pause Young (Normal) (G1 Evacuation Pause) 75M->49M(512M) 6.378ms
[2025-10-30T12:55:39.770+0000][gc,cpu        ] GC(17) User=0.01s Sys=0.00s Real=0.00s
[2025-10-30T12:55:39.878+0000][gc,start      ] GC(18) Pause Young (Normal) (G1 Evacuation Pause)
[2025-10-30T12:55:39.878+0000][gc,task       ] GC(18) Using 2 workers of 2 for evacuation
[2025-10-30T12:55:39.882+0000][gc,phases     ] GC(18)   Pre Evacuate Collection Set: 0.0ms
[2025-10-30T12:55:39.882+0000][gc,phases     ] GC(18)   Evacuate Collection Set: 2.7ms
[2025-10-30T12:55:39.882+0000][gc,phases     ] GC(18)   Post Evacuate Collection Set: 0.6ms
[2025-10-30T12:55:39.882+0000][gc,phases     ] GC(18)   Other: 0.5ms
[2025-10-30T12:55:39.883+0000][gc,heap       ] GC(18) Eden regions: 27->0(29)
[2025-10-30T12:55:39.883+0000][gc,heap       ] GC(18) Survivor regions: 2->2(4)
[2025-10-30T12:55:39.883+0000][gc,heap       ] GC(18) Old regions: 12->12
[2025-10-30T12:55:39.883+0000][gc,heap       ] GC(18) Humongous regions: 36->36
[2025-10-30T12:55:39.883+0000][gc,metaspace  ] GC(18) Metaspace: 43720K(45104K)->43720K(45104K) NonClass: 39040K(39856K)->39040K(39856K) Class: 4680K(5248K)->4680K(5248K)
[2025-10-30T12:55:39.883+0000][gc            ] GC(18) Pause Young (Normal) (G1 Evacuation Pause) 76M->49M(512M) 5.297ms
[2025-10-30T12:55:39.884+0000][gc,cpu        ] GC(18) User=0.01s Sys=0.00s Real=0.01s
[2025-10-30T12:55:39.988+0000][gc,start      ] GC(19) Pause Young (Normal) (G1 Evacuation Pause)
[2025-10-30T12:55:39.988+0000][gc,task       ] GC(19) Using 2 workers of 2 for evacuation
[2025-10-30T12:55:39.992+0000][gc,phases     ] GC(19)   Pre Evacuate Collection Set: 0.0ms
[2025-10-30T12:55:39.992+0000][gc,phases     ] GC(19)   Evacuate Collection Set: 2.7ms
[2025-10-30T12:55:39.992+0000][gc,phases     ] GC(19)   Post Evacuate Collection Set: 0.5ms
[2025-10-30T12:55:39.992+0000][gc,phases     ] GC(19)   Other: 0.5ms
[2025-10-30T12:55:39.992+0000][gc,heap       ] GC(19) Eden regions: 29->0(32)
[2025-10-30T12:55:39.993+0000][gc,heap       ] GC(19) Survivor regions: 2->2(4)
[2025-10-30T12:55:39.993+0000][gc,heap       ] GC(19) Old regions: 12->12
[2025-10-30T12:55:39.993+0000][gc,heap       ] GC(19) Humongous regions: 36->36
[2025-10-30T12:55:39.993+0000][gc,metaspace  ] GC(19) Metaspace: 43720K(45104K)->43720K(45104K) NonClass: 39040K(39856K)->39040K(39856K) Class: 4680K(5248K)->4680K(5248K)
[2025-10-30T12:55:39.993+0000][gc            ] GC(19) Pause Young (Normal) (G1 Evacuation Pause) 78M->49M(512M) 5.193ms
[2025-10-30T12:55:39.993+0000][gc,cpu        ] GC(19) User=0.01s Sys=0.00s Real=0.01s
[2025-10-30T12:55:40.165+0000][gc,start      ] GC(20) Pause Young (Normal) (G1 Evacuation Pause)
[2025-10-30T12:55:40.165+0000][gc,task       ] GC(20) Using 2 workers of 2 for evacuation
[2025-10-30T12:55:40.169+0000][gc,phases     ] GC(20)   Pre Evacuate Collection Set: 0.0ms
[2025-10-30T12:55:40.169+0000][gc,phases     ] GC(20)   Evacuate Collection Set: 3.0ms
[2025-10-30T12:55:40.170+0000][gc,phases     ] GC(20)   Post Evacuate Collection Set: 0.6ms
[2025-10-30T12:55:40.170+0000][gc,phases     ] GC(20)   Other: 0.4ms
[2025-10-30T12:55:40.170+0000][gc,heap       ] GC(20) Eden regions: 32->0(36)
[2025-10-30T12:55:40.170+0000][gc,heap       ] GC(20) Survivor regions: 2->2(5)
[2025-10-30T12:55:40.170+0000][gc,heap       ] GC(20) Old regions: 12->12
[2025-10-30T12:55:40.170+0000][gc,heap       ] GC(20) Humongous regions: 36->36
[2025-10-30T12:55:40.170+0000][gc,metaspace  ] GC(20) Metaspace: 43724K(45104K)->43724K(45104K) NonClass: 39044K(39856K)->39044K(39856K) Class: 4680K(5248K)->4680K(5248K)
[2025-10-30T12:55:40.170+0000][gc            ] GC(20) Pause Young (Normal) (G1 Evacuation Pause) 81M->49M(512M) 5.399ms
[2025-10-30T12:55:40.171+0000][gc,cpu        ] GC(20) User=0.01s Sys=0.00s Real=0.00s
[2025-10-30T12:55:40.290+0000][gc,start      ] GC(21) Pause Young (Normal) (G1 Evacuation Pause)
[2025-10-30T12:55:40.290+0000][gc,task       ] GC(21) Using 2 workers of 2 for evacuation
[2025-10-30T12:55:40.294+0000][gc,phases     ] GC(21)   Pre Evacuate Collection Set: 0.0ms
[2025-10-30T12:55:40.294+0000][gc,phases     ] GC(21)   Evacuate Collection Set: 2.9ms
[2025-10-30T12:55:40.294+0000][gc,phases     ] GC(21)   Post Evacuate Collection Set: 0.7ms
[2025-10-30T12:55:40.295+0000][gc,phases     ] GC(21)   Other: 0.5ms
[2025-10-30T12:55:40.295+0000][gc,heap       ] GC(21) Eden regions: 36->0(41)
[2025-10-30T12:55:40.295+0000][gc,heap       ] GC(21) Survivor regions: 2->2(5)
[2025-10-30T12:55:40.295+0000][gc,heap       ] GC(21) Old regions: 12->12
[2025-10-30T12:55:40.295+0000][gc,heap       ] GC(21) Humongous regions: 36->36
[2025-10-30T12:55:40.295+0000][gc,metaspace  ] GC(21) Metaspace: 43728K(45104K)->43728K(45104K) NonClass: 39048K(39856K)->39048K(39856K) Class: 4680K(5248K)->4680K(5248K)
[2025-10-30T12:55:40.295+0000][gc            ] GC(21) Pause Young (Normal) (G1 Evacuation Pause) 85M->49M(512M) 5.730ms
[2025-10-30T12:55:40.296+0000][gc,cpu        ] GC(21) User=0.01s Sys=0.00s Real=0.01s
[2025-10-30T12:55:40.484+0000][gc,start      ] GC(22) Pause Young (Normal) (G1 Evacuation Pause)
[2025-10-30T12:55:40.484+0000][gc,task       ] GC(22) Using 2 workers of 2 for evacuation
[2025-10-30T12:55:40.488+0000][gc,phases     ] GC(22)   Pre Evacuate Collection Set: 0.0ms
[2025-10-30T12:55:40.488+0000][gc,phases     ] GC(22)   Evacuate Collection Set: 2.9ms
[2025-10-30T12:55:40.488+0000][gc,phases     ] GC(22)   Post Evacuate Collection Set: 0.6ms
[2025-10-30T12:55:40.489+0000][gc,phases     ] GC(22)   Other: 0.6ms
[2025-10-30T12:55:40.489+0000][gc,heap       ] GC(22) Eden regions: 41->0(47)
[2025-10-30T12:55:40.489+0000][gc,heap       ] GC(22) Survivor regions: 2->2(6)
[2025-10-30T12:55:40.489+0000][gc,heap       ] GC(22) Old regions: 12->12
[2025-10-30T12:55:40.489+0000][gc,heap       ] GC(22) Humongous regions: 36->36
[2025-10-30T12:55:40.490+0000][gc,metaspace  ] GC(22) Metaspace: 43729K(45104K)->43729K(45104K) NonClass: 39049K(39856K)->39049K(39856K) Class: 4680K(5248K)->4680K(5248K)
[2025-10-30T12:55:40.490+0000][gc            ] GC(22) Pause Young (Normal) (G1 Evacuation Pause) 90M->49M(512M) 5.877ms
[2025-10-30T12:55:40.490+0000][gc,cpu        ] GC(22) User=0.01s Sys=0.01s Real=0.00s
[2025-10-30T12:55:40.606+0000][gc,start      ] GC(23) Pause Young (Normal) (G1 Evacuation Pause)
[2025-10-30T12:55:40.607+0000][gc,task       ] GC(23) Using 2 workers of 2 for evacuation
[2025-10-30T12:55:40.665+0000][gc,mmu        ] GC(23) MMU target violated: 21.0ms (20.0ms/21.0ms)
[2025-10-30T12:55:40.665+0000][gc,phases     ] GC(23)   Pre Evacuate Collection Set: 0.0ms
[2025-10-30T12:55:40.665+0000][gc,phases     ] GC(23)   Evacuate Collection Set: 2.8ms
[2025-10-30T12:55:40.665+0000][gc,phases     ] GC(23)   Post Evacuate Collection Set: 55.0ms
[2025-10-30T12:55:40.665+0000][gc,phases     ] GC(23)   Other: 0.7ms
[2025-10-30T12:55:40.666+0000][gc,heap       ] GC(23) Eden regions: 47->0(22)
[2025-10-30T12:55:40.666+0000][gc,heap       ] GC(23) Survivor regions: 2->3(7)
[2025-10-30T12:55:40.666+0000][gc,heap       ] GC(23) Old regions: 12->12
[2025-10-30T12:55:40.666+0000][gc,heap       ] GC(23) Humongous regions: 43->43
[2025-10-30T12:55:40.666+0000][gc,metaspace  ] GC(23) Metaspace: 43809K(45232K)->43809K(45232K) NonClass: 39109K(39856K)->39109K(39856K) Class: 4700K(5376K)->4700K(5376K)
[2025-10-30T12:55:40.666+0000][gc            ] GC(23) Pause Young (Normal) (G1 Evacuation Pause) 103M->56M(512M) 60.141ms
[2025-10-30T12:55:40.667+0000][gc,cpu        ] GC(23) User=0.02s Sys=0.00s Real=0.06s
[2025-10-30T12:55:40.703+0000][gc,start      ] GC(24) Pause Young (Normal) (G1 Evacuation Pause)
[2025-10-30T12:55:40.703+0000][gc,task       ] GC(24) Using 2 workers of 2 for evacuation
[2025-10-30T12:55:40.707+0000][gc,phases     ] GC(24)   Pre Evacuate Collection Set: 0.0ms
[2025-10-30T12:55:40.708+0000][gc,phases     ] GC(24)   Evacuate Collection Set: 3.0ms
[2025-10-30T12:55:40.708+0000][gc,phases     ] GC(24)   Post Evacuate Collection Set: 0.6ms
[2025-10-30T12:55:40.708+0000][gc,phases     ] GC(24)   Other: 0.5ms
[2025-10-30T12:55:40.708+0000][gc,heap       ] GC(24) Eden regions: 22->0(22)
[2025-10-30T12:55:40.708+0000][gc,heap       ] GC(24) Survivor regions: 3->3(4)
[2025-10-30T12:55:40.708+0000][gc,heap       ] GC(24) Old regions: 12->12
[2025-10-30T12:55:40.709+0000][gc,heap       ] GC(24) Humongous regions: 43->43
[2025-10-30T12:55:40.709+0000][gc,metaspace  ] GC(24) Metaspace: 43828K(45232K)->43828K(45232K) NonClass: 39124K(39856K)->39124K(39856K) Class: 4703K(5376K)->4703K(5376K)
[2025-10-30T12:55:40.709+0000][gc            ] GC(24) Pause Young (Normal) (G1 Evacuation Pause) 78M->56M(512M) 5.633ms
[2025-10-30T12:55:40.709+0000][gc,cpu        ] GC(24) User=0.02s Sys=0.00s Real=0.00s
[2025-10-30T12:55:40.785+0000][gc,start      ] GC(25) Pause Young (Normal) (G1 Evacuation Pause)
[2025-10-30T12:55:40.786+0000][gc,task       ] GC(25) Using 2 workers of 2 for evacuation
[2025-10-30T12:55:40.790+0000][gc,phases     ] GC(25)   Pre Evacuate Collection Set: 0.0ms
[2025-10-30T12:55:40.790+0000][gc,phases     ] GC(25)   Evacuate Collection Set: 3.1ms
[2025-10-30T12:55:40.790+0000][gc,phases     ] GC(25)   Post Evacuate Collection Set: 0.5ms
[2025-10-30T12:55:40.790+0000][gc,phases     ] GC(25)   Other: 0.5ms
[2025-10-30T12:55:40.790+0000][gc,heap       ] GC(25) Eden regions: 22->0(31)
[2025-10-30T12:55:40.791+0000][gc,heap       ] GC(25) Survivor regions: 3->2(4)
[2025-10-30T12:55:40.791+0000][gc,heap       ] GC(25) Old regions: 12->13
[2025-10-30T12:55:40.791+0000][gc,heap       ] GC(25) Humongous regions: 50->50
[2025-10-30T12:55:40.791+0000][gc,metaspace  ] GC(25) Metaspace: 43834K(45488K)->43834K(45488K) NonClass: 39130K(40112K)->39130K(40112K) Class: 4704K(5376K)->4704K(5376K)
[2025-10-30T12:55:40.791+0000][gc            ] GC(25) Pause Young (Normal) (G1 Evacuation Pause) 85M->63M(512M) 5.816ms
[2025-10-30T12:55:40.791+0000][gc,cpu        ] GC(25) User=0.01s Sys=0.00s Real=0.01s
[2025-10-30T12:55:40.877+0000][gc,start      ] GC(26) Pause Young (Normal) (G1 Evacuation Pause)
[2025-10-30T12:55:40.877+0000][gc,task       ] GC(26) Using 2 workers of 2 for evacuation
[2025-10-30T12:55:40.880+0000][gc,phases     ] GC(26)   Pre Evacuate Collection Set: 0.0ms
[2025-10-30T12:55:40.880+0000][gc,phases     ] GC(26)   Evacuate Collection Set: 2.1ms
[2025-10-30T12:55:40.880+0000][gc,phases     ] GC(26)   Post Evacuate Collection Set: 0.5ms
[2025-10-30T12:55:40.881+0000][gc,phases     ] GC(26)   Other: 0.5ms
[2025-10-30T12:55:40.881+0000][gc,heap       ] GC(26) Eden regions: 31->0(50)
[2025-10-30T12:55:40.881+0000][gc,heap       ] GC(26) Survivor regions: 2->2(5)
[2025-10-30T12:55:40.881+0000][gc,heap       ] GC(26) Old regions: 13->13
[2025-10-30T12:55:40.881+0000][gc,heap       ] GC(26) Humongous regions: 50->50
[2025-10-30T12:55:40.881+0000][gc,metaspace  ] GC(26) Metaspace: 43835K(45488K)->43835K(45488K) NonClass: 39131K(40112K)->39131K(40112K) Class: 4704K(5376K)->4704K(5376K)
[2025-10-30T12:55:40.881+0000][gc            ] GC(26) Pause Young (Normal) (G1 Evacuation Pause) 94M->63M(512M) 4.459ms
[2025-10-30T12:55:40.882+0000][gc,cpu        ] GC(26) User=0.01s Sys=0.00s Real=0.01s
[2025-10-30T12:55:41.005+0000][gc,start      ] GC(27) Pause Young (Normal) (G1 Evacuation Pause)
[2025-10-30T12:55:41.005+0000][gc,task       ] GC(27) Using 2 workers of 2 for evacuation
[2025-10-30T12:55:41.009+0000][gc,phases     ] GC(27)   Pre Evacuate Collection Set: 0.0ms
[2025-10-30T12:55:41.009+0000][gc,phases     ] GC(27)   Evacuate Collection Set: 2.2ms
[2025-10-30T12:55:41.009+0000][gc,phases     ] GC(27)   Post Evacuate Collection Set: 0.6ms
[2025-10-30T12:55:41.009+0000][gc,phases     ] GC(27)   Other: 0.5ms
[2025-10-30T12:55:41.009+0000][gc,heap       ] GC(27) Eden regions: 50->0(86)
[2025-10-30T12:55:41.009+0000][gc,heap       ] GC(27) Survivor regions: 2->2(7)
[2025-10-30T12:55:41.009+0000][gc,heap       ] GC(27) Old regions: 13->13
[2025-10-30T12:55:41.010+0000][gc,heap       ] GC(27) Humongous regions: 50->50
[2025-10-30T12:55:41.010+0000][gc,metaspace  ] GC(27) Metaspace: 43835K(45488K)->43835K(45488K) NonClass: 39131K(40112K)->39131K(40112K) Class: 4704K(5376K)->4704K(5376K)
[2025-10-30T12:55:41.010+0000][gc            ] GC(27) Pause Young (Normal) (G1 Evacuation Pause) 113M->63M(512M) 4.660ms
[2025-10-30T12:55:41.010+0000][gc,cpu        ] GC(27) User=0.00s Sys=0.00s Real=0.00s
[2025-10-30T12:55:41.272+0000][gc,start      ] GC(28) Pause Young (Normal) (G1 Evacuation Pause)
[2025-10-30T12:55:41.272+0000][gc,task       ] GC(28) Using 2 workers of 2 for evacuation
[2025-10-30T12:55:41.275+0000][gc,phases     ] GC(28)   Pre Evacuate Collection Set: 0.0ms
[2025-10-30T12:55:41.276+0000][gc,phases     ] GC(28)   Evacuate Collection Set: 2.4ms
[2025-10-30T12:55:41.276+0000][gc,phases     ] GC(28)   Post Evacuate Collection Set: 0.7ms
[2025-10-30T12:55:41.276+0000][gc,phases     ] GC(28)   Other: 0.5ms
[2025-10-30T12:55:41.276+0000][gc,heap       ] GC(28) Eden regions: 86->0(122)
[2025-10-30T12:55:41.276+0000][gc,heap       ] GC(28) Survivor regions: 2->2(11)
[2025-10-30T12:55:41.277+0000][gc,heap       ] GC(28) Old regions: 13->13
[2025-10-30T12:55:41.277+0000][gc,heap       ] GC(28) Humongous regions: 57->48
[2025-10-30T12:55:41.277+0000][gc,metaspace  ] GC(28) Metaspace: 43851K(45488K)->43851K(45488K) NonClass: 39144K(40112K)->39144K(40112K) Class: 4706K(5376K)->4706K(5376K)
[2025-10-30T12:55:41.277+0000][gc            ] GC(28) Pause Young (Normal) (G1 Evacuation Pause) 156M->61M(512M) 5.466ms
[2025-10-30T12:55:41.277+0000][gc,cpu        ] GC(28) User=0.01s Sys=0.00s Real=0.00s
[2025-10-30T12:55:41.582+0000][gc,start      ] GC(29) Pause Young (Normal) (G1 Evacuation Pause)
[2025-10-30T12:55:41.582+0000][gc,task       ] GC(29) Using 2 workers of 2 for evacuation
[2025-10-30T12:55:41.587+0000][gc,phases     ] GC(29)   Pre Evacuate Collection Set: 0.0ms
[2025-10-30T12:55:41.587+0000][gc,phases     ] GC(29)   Evacuate Collection Set: 3.4ms
[2025-10-30T12:55:41.587+0000][gc,phases     ] GC(29)   Post Evacuate Collection Set: 1.0ms
[2025-10-30T12:55:41.588+0000][gc,phases     ] GC(29)   Other: 0.7ms
[2025-10-30T12:55:41.588+0000][gc,heap       ] GC(29) Eden regions: 122->0(164)
[2025-10-30T12:55:41.588+0000][gc,heap       ] GC(29) Survivor regions: 2->1(16)
[2025-10-30T12:55:41.588+0000][gc,heap       ] GC(29) Old regions: 13->13
[2025-10-30T12:55:41.589+0000][gc,heap       ] GC(29) Humongous regions: 48->34
[2025-10-30T12:55:41.589+0000][gc,metaspace  ] GC(29) Metaspace: 43943K(45488K)->43943K(45488K) NonClass: 39225K(40112K)->39225K(40112K) Class: 4717K(5376K)->4717K(5376K)
[2025-10-30T12:55:41.589+0000][gc            ] GC(29) Pause Young (Normal) (G1 Evacuation Pause) 183M->47M(512M) 7.369ms
[2025-10-30T12:55:41.589+0000][gc,cpu        ] GC(29) User=0.02s Sys=0.01s Real=0.00s
[2025-10-30T12:55:55.487+0000][gc,start      ] GC(30) Pause Young (Concurrent Start) (G1 Humongous Allocation)
[2025-10-30T12:55:55.488+0000][gc,task       ] GC(30) Using 2 workers of 2 for evacuation
[2025-10-30T12:55:55.493+0000][gc,phases     ] GC(30)   Pre Evacuate Collection Set: 0.1ms
[2025-10-30T12:55:55.493+0000][gc,phases     ] GC(30)   Evacuate Collection Set: 4.5ms
[2025-10-30T12:55:55.493+0000][gc,phases     ] GC(30)   Post Evacuate Collection Set: 0.7ms
[2025-10-30T12:55:55.494+0000][gc,phases     ] GC(30)   Other: 0.5ms
[2025-10-30T12:55:55.494+0000][gc,heap       ] GC(30) Eden regions: 100->0(118)
[2025-10-30T12:55:55.494+0000][gc,heap       ] GC(30) Survivor regions: 1->3(21)
[2025-10-30T12:55:55.494+0000][gc,heap       ] GC(30) Old regions: 13->13
[2025-10-30T12:55:55.494+0000][gc,heap       ] GC(30) Humongous regions: 163->156
[2025-10-30T12:55:55.494+0000][gc,metaspace  ] GC(30) Metaspace: 46227K(48048K)->46227K(48048K) NonClass: 41170K(42160K)->41170K(42160K) Class: 5057K(5888K)->5057K(5888K)
[2025-10-30T12:55:55.495+0000][gc            ] GC(30) Pause Young (Concurrent Start) (G1 Humongous Allocation) 275M->171M(512M) 7.158ms
[2025-10-30T12:55:55.495+0000][gc,cpu        ] GC(30) User=0.01s Sys=0.00s Real=0.01s
[2025-10-30T12:55:55.495+0000][gc            ] GC(31) Concurrent Cycle
[2025-10-30T12:55:55.495+0000][gc,marking    ] GC(31) Concurrent Clear Claimed Marks
[2025-10-30T12:55:55.495+0000][gc,marking    ] GC(31) Concurrent Clear Claimed Marks 0.298ms
[2025-10-30T12:55:55.496+0000][gc,marking    ] GC(31) Concurrent Scan Root Regions
[2025-10-30T12:55:55.498+0000][gc,marking    ] GC(31) Concurrent Scan Root Regions 2.223ms
[2025-10-30T12:55:55.498+0000][gc,marking    ] GC(31) Concurrent Mark (19.113s)
[2025-10-30T12:55:55.498+0000][gc,marking    ] GC(31) Concurrent Mark From Roots
[2025-10-30T12:55:55.498+0000][gc,task       ] GC(31) Using 1 workers of 1 for marking
[2025-10-30T12:55:55.519+0000][gc,marking    ] GC(31) Concurrent Mark From Roots 20.214ms
[2025-10-30T12:55:55.519+0000][gc,marking    ] GC(31) Concurrent Preclean
[2025-10-30T12:55:55.519+0000][gc,marking    ] GC(31) Concurrent Preclean 0.344ms
[2025-10-30T12:55:55.519+0000][gc,marking    ] GC(31) Concurrent Mark (19.113s, 19.134s) 21.319ms
[2025-10-30T12:55:55.520+0000][gc,start      ] GC(31) Pause Remark
[2025-10-30T12:55:55.527+0000][gc,stringtable] GC(31) Cleaned string and symbol table, strings: 14558 processed, 8 removed, symbols: 121496 processed, 6 removed
[2025-10-30T12:55:55.528+0000][gc            ] GC(31) Pause Remark 179M->179M(512M) 7.980ms
[2025-10-30T12:55:55.528+0000][gc,cpu        ] GC(31) User=0.02s Sys=0.00s Real=0.01s
[2025-10-30T12:55:55.528+0000][gc,marking    ] GC(31) Concurrent Rebuild Remembered Sets
[2025-10-30T12:55:55.570+0000][gc,marking    ] GC(31) Concurrent Rebuild Remembered Sets 41.293ms
[2025-10-30T12:55:55.571+0000][gc,start      ] GC(31) Pause Cleanup
[2025-10-30T12:55:55.572+0000][gc            ] GC(31) Pause Cleanup 180M->180M(512M) 0.479ms
[2025-10-30T12:55:55.572+0000][gc,cpu        ] GC(31) User=0.00s Sys=0.00s Real=0.00s
[2025-10-30T12:55:55.572+0000][gc,marking    ] GC(31) Concurrent Cleanup for Next Mark
[2025-10-30T12:55:55.573+0000][gc,marking    ] GC(31) Concurrent Cleanup for Next Mark 0.834ms
[2025-10-30T12:55:55.573+0000][gc            ] GC(31) Concurrent Cycle 78.395ms
[2025-10-30T12:55:55.578+0000][gc,start      ] GC(32) Pause Young (Concurrent Start) (G1 Humongous Allocation)
[2025-10-30T12:55:55.578+0000][gc,task       ] GC(32) Using 2 workers of 2 for evacuation
[2025-10-30T12:55:55.584+0000][gc,phases     ] GC(32)   Pre Evacuate Collection Set: 0.1ms
[2025-10-30T12:55:55.584+0000][gc,phases     ] GC(32)   Evacuate Collection Set: 4.6ms
[2025-10-30T12:55:55.584+0000][gc,phases     ] GC(32)   Post Evacuate Collection Set: 0.6ms
[2025-10-30T12:55:55.584+0000][gc,phases     ] GC(32)   Other: 0.5ms
[2025-10-30T12:55:55.584+0000][gc,heap       ] GC(32) Eden regions: 4->0(25)
[2025-10-30T12:55:55.584+0000][gc,heap       ] GC(32) Survivor regions: 3->3(16)
[2025-10-30T12:55:55.584+0000][gc,heap       ] GC(32) Old regions: 13->14
[2025-10-30T12:55:55.585+0000][gc,heap       ] GC(32) Humongous regions: 162->156
[2025-10-30T12:55:55.585+0000][gc,metaspace  ] GC(32) Metaspace: 46817K(48688K)->46817K(48688K) NonClass: 41624K(42672K)->41624K(42672K) Class: 5193K(6016K)->5193K(6016K)
[2025-10-30T12:55:55.585+0000][gc            ] GC(32) Pause Young (Concurrent Start) (G1 Humongous Allocation) 181M->172M(512M) 6.836ms
[2025-10-30T12:55:55.585+0000][gc,cpu        ] GC(32) User=0.01s Sys=0.00s Real=0.01s
[2025-10-30T12:55:55.585+0000][gc            ] GC(33) Concurrent Cycle
[2025-10-30T12:55:55.585+0000][gc,marking    ] GC(33) Concurrent Clear Claimed Marks
[2025-10-30T12:55:55.586+0000][gc,marking    ] GC(33) Concurrent Clear Claimed Marks 0.341ms
[2025-10-30T12:55:55.586+0000][gc,marking    ] GC(33) Concurrent Scan Root Regions
[2025-10-30T12:55:55.588+0000][gc,marking    ] GC(33) Concurrent Scan Root Regions 1.931ms
[2025-10-30T12:55:55.588+0000][gc,marking    ] GC(33) Concurrent Mark (19.203s)
[2025-10-30T12:55:55.588+0000][gc,marking    ] GC(33) Concurrent Mark From Roots
[2025-10-30T12:55:55.588+0000][gc,task       ] GC(33) Using 1 workers of 1 for marking
[2025-10-30T12:55:55.669+0000][gc,marking    ] GC(33) Concurrent Mark From Roots 80.486ms
[2025-10-30T12:55:55.669+0000][gc,marking    ] GC(33) Concurrent Preclean
[2025-10-30T12:55:55.670+0000][gc,marking    ] GC(33) Concurrent Preclean 0.645ms
[2025-10-30T12:55:55.671+0000][gc,marking    ] GC(33) Concurrent Mark (19.203s, 19.285s) 82.454ms
[2025-10-30T12:55:55.672+0000][gc,start      ] GC(33) Pause Remark
[2025-10-30T12:55:55.677+0000][gc,stringtable] GC(33) Cleaned string and symbol table, strings: 14651 processed, 1 removed, symbols: 122092 processed, 5 removed
[2025-10-30T12:55:55.677+0000][gc            ] GC(33) Pause Remark 189M->171M(512M) 5.617ms
[2025-10-30T12:55:55.678+0000][gc,cpu        ] GC(33) User=0.02s Sys=0.00s Real=0.00s
[2025-10-30T12:55:55.678+0000][gc,marking    ] GC(33) Concurrent Rebuild Remembered Sets
[2025-10-30T12:55:55.694+0000][gc,marking    ] GC(33) Concurrent Rebuild Remembered Sets 16.007ms
[2025-10-30T12:55:55.696+0000][gc,start      ] GC(33) Pause Cleanup
[2025-10-30T12:55:55.697+0000][gc            ] GC(33) Pause Cleanup 184M->184M(512M) 0.466ms
[2025-10-30T12:55:55.697+0000][gc,cpu        ] GC(33) User=0.00s Sys=0.00s Real=0.00s
[2025-10-30T12:55:55.697+0000][gc,marking    ] GC(33) Concurrent Cleanup for Next Mark
[2025-10-30T12:55:55.698+0000][gc,marking    ] GC(33) Concurrent Cleanup for Next Mark 0.866ms
[2025-10-30T12:55:55.698+0000][gc            ] GC(33) Concurrent Cycle 113.258ms
[2025-10-30T12:55:55.701+0000][gc,start      ] GC(34) Pause Young (Concurrent Start) (G1 Humongous Allocation)
[2025-10-30T12:55:55.701+0000][gc,task       ] GC(34) Using 2 workers of 2 for evacuation
[2025-10-30T12:55:55.708+0000][gc,phases     ] GC(34)   Pre Evacuate Collection Set: 0.2ms
[2025-10-30T12:55:55.709+0000][gc,phases     ] GC(34)   Evacuate Collection Set: 5.8ms
[2025-10-30T12:55:55.709+0000][gc,phases     ] GC(34)   Post Evacuate Collection Set: 1.1ms
[2025-10-30T12:55:55.709+0000][gc,phases     ] GC(34)   Other: 0.5ms
[2025-10-30T12:55:55.709+0000][gc,heap       ] GC(34) Eden regions: 7->0(24)
[2025-10-30T12:55:55.710+0000][gc,heap       ] GC(34) Survivor regions: 3->1(4)
[2025-10-30T12:55:55.710+0000][gc,heap       ] GC(34) Old regions: 14->16
[2025-10-30T12:55:55.710+0000][gc,heap       ] GC(34) Humongous regions: 162->138
[2025-10-30T12:55:55.710+0000][gc,metaspace  ] GC(34) Metaspace: 47706K(49584K)->47706K(49584K) NonClass: 42234K(43184K)->42234K(43184K) Class: 5472K(6400K)->5472K(6400K)
[2025-10-30T12:55:55.710+0000][gc            ] GC(34) Pause Young (Concurrent Start) (G1 Humongous Allocation) 185M->154M(512M) 9.491ms
[2025-10-30T12:55:55.710+0000][gc,cpu        ] GC(34) User=0.01s Sys=0.00s Real=0.01s
[2025-10-30T12:55:55.711+0000][gc            ] GC(35) Concurrent Cycle
[2025-10-30T12:55:55.711+0000][gc,marking    ] GC(35) Concurrent Clear Claimed Marks
[2025-10-30T12:55:55.711+0000][gc,marking    ] GC(35) Concurrent Clear Claimed Marks 0.648ms
[2025-10-30T12:55:55.712+0000][gc,marking    ] GC(35) Concurrent Scan Root Regions
[2025-10-30T12:55:55.713+0000][gc,marking    ] GC(35) Concurrent Scan Root Regions 1.038ms
[2025-10-30T12:55:55.713+0000][gc,marking    ] GC(35) Concurrent Mark (19.328s)
[2025-10-30T12:55:55.763+0000][gc,marking    ] GC(35) Concurrent Mark From Roots
[2025-10-30T12:55:55.763+0000][gc,task       ] GC(35) Using 1 workers of 1 for marking
[2025-10-30T12:55:55.801+0000][gc,marking    ] GC(35) Concurrent Mark From Roots 37.998ms
[2025-10-30T12:55:55.801+0000][gc,marking    ] GC(35) Concurrent Preclean
[2025-10-30T12:55:55.803+0000][gc,marking    ] GC(35) Concurrent Preclean 2.001ms
[2025-10-30T12:55:55.803+0000][gc,marking    ] GC(35) Concurrent Mark (19.328s, 19.418s) 90.593ms
[2025-10-30T12:55:55.804+0000][gc,start      ] GC(35) Pause Remark
[2025-10-30T12:55:55.809+0000][gc,stringtable] GC(35) Cleaned string and symbol table, strings: 14701 processed, 1 removed, symbols: 122227 processed, 0 removed
[2025-10-30T12:55:55.810+0000][gc            ] GC(35) Pause Remark 199M->199M(512M) 5.888ms
[2025-10-30T12:55:55.810+0000][gc,cpu        ] GC(35) User=0.02s Sys=0.00s Real=0.00s
[2025-10-30T12:55:55.810+0000][gc,marking    ] GC(35) Concurrent Rebuild Remembered Sets
[2025-10-30T12:55:55.873+0000][gc,marking    ] GC(35) Concurrent Rebuild Remembered Sets 62.892ms
[2025-10-30T12:55:55.878+0000][gc,start      ] GC(35) Pause Cleanup
[2025-10-30T12:55:55.878+0000][gc            ] GC(35) Pause Cleanup 211M->211M(512M) 0.633ms
[2025-10-30T12:55:55.878+0000][gc,cpu        ] GC(35) User=0.00s Sys=0.00s Real=0.00s
[2025-10-30T12:55:55.879+0000][gc,marking    ] GC(35) Concurrent Cleanup for Next Mark
[2025-10-30T12:55:55.883+0000][gc,marking    ] GC(35) Concurrent Cleanup for Next Mark 4.021ms
[2025-10-30T12:55:55.883+0000][gc            ] GC(35) Concurrent Cycle 172.295ms
[2025-10-30T12:55:55.890+0000][gc,start      ] GC(36) Pause Young (Normal) (G1 Evacuation Pause)
[2025-10-30T12:55:55.890+0000][gc,task       ] GC(36) Using 2 workers of 2 for evacuation
[2025-10-30T12:55:55.893+0000][gc,phases     ] GC(36)   Pre Evacuate Collection Set: 0.0ms
[2025-10-30T12:55:55.893+0000][gc,phases     ] GC(36)   Evacuate Collection Set: 2.2ms
[2025-10-30T12:55:55.893+0000][gc,phases     ] GC(36)   Post Evacuate Collection Set: 0.5ms
[2025-10-30T12:55:55.894+0000][gc,phases     ] GC(36)   Other: 0.6ms
[2025-10-30T12:55:55.894+0000][gc,heap       ] GC(36) Eden regions: 24->0(33)
[2025-10-30T12:55:55.894+0000][gc,heap       ] GC(36) Survivor regions: 1->1(4)
[2025-10-30T12:55:55.894+0000][gc,heap       ] GC(36) Old regions: 16->16
[2025-10-30T12:55:55.894+0000][gc,heap       ] GC(36) Humongous regions: 180->144
[2025-10-30T12:55:55.894+0000][gc,metaspace  ] GC(36) Metaspace: 48051K(50224K)->48051K(50224K) NonClass: 42519K(43696K)->42519K(43696K) Class: 5531K(6528K)->5531K(6528K)
[2025-10-30T12:55:55.894+0000][gc            ] GC(36) Pause Young (Normal) (G1 Evacuation Pause) 220M->160M(512M) 4.750ms
[2025-10-30T12:55:55.895+0000][gc,cpu        ] GC(36) User=0.01s Sys=0.00s Real=0.01s
[2025-10-30T12:55:55.914+0000][gc,start      ] GC(37) Pause Young (Concurrent Start) (G1 Humongous Allocation)
[2025-10-30T12:55:55.914+0000][gc,task       ] GC(37) Using 2 workers of 2 for evacuation
[2025-10-30T12:55:55.917+0000][gc,phases     ] GC(37)   Pre Evacuate Collection Set: 0.1ms
[2025-10-30T12:55:55.917+0000][gc,phases     ] GC(37)   Evacuate Collection Set: 1.7ms
[2025-10-30T12:55:55.917+0000][gc,phases     ] GC(37)   Post Evacuate Collection Set: 0.7ms
[2025-10-30T12:55:55.918+0000][gc,phases     ] GC(37)   Other: 0.5ms
[2025-10-30T12:55:55.918+0000][gc,heap       ] GC(37) Eden regions: 8->0(32)
[2025-10-30T12:55:55.918+0000][gc,heap       ] GC(37) Survivor regions: 1->1(5)
[2025-10-30T12:55:55.918+0000][gc,heap       ] GC(37) Old regions: 16->16
[2025-10-30T12:55:55.918+0000][gc,heap       ] GC(37) Humongous regions: 162->138
[2025-10-30T12:55:55.918+0000][gc,metaspace  ] GC(37) Metaspace: 48069K(50224K)->48069K(50224K) NonClass: 42537K(43696K)->42537K(43696K) Class: 5531K(6528K)->5531K(6528K)
[2025-10-30T12:55:55.918+0000][gc            ] GC(37) Pause Young (Concurrent Start) (G1 Humongous Allocation) 185M->154M(512M) 4.521ms
[2025-10-30T12:55:55.919+0000][gc,cpu        ] GC(37) User=0.00s Sys=0.00s Real=0.00s
[2025-10-30T12:55:55.919+0000][gc            ] GC(38) Concurrent Cycle
[2025-10-30T12:55:55.919+0000][gc,marking    ] GC(38) Concurrent Clear Claimed Marks
[2025-10-30T12:55:55.922+0000][gc,marking    ] GC(38) Concurrent Clear Claimed Marks 3.420ms
[2025-10-30T12:55:55.922+0000][gc,marking    ] GC(38) Concurrent Scan Root Regions
[2025-10-30T12:55:55.923+0000][gc,marking    ] GC(38) Concurrent Scan Root Regions 1.068ms
[2025-10-30T12:55:55.924+0000][gc,marking    ] GC(38) Concurrent Mark (19.538s)
[2025-10-30T12:55:55.924+0000][gc,marking    ] GC(38) Concurrent Mark From Roots
[2025-10-30T12:55:55.924+0000][gc,task       ] GC(38) Using 1 workers of 1 for marking
[2025-10-30T12:55:55.972+0000][gc,marking    ] GC(38) Concurrent Mark From Roots 48.091ms
[2025-10-30T12:55:55.972+0000][gc,marking    ] GC(38) Concurrent Preclean
[2025-10-30T12:55:55.972+0000][gc,marking    ] GC(38) Concurrent Preclean 0.199ms
[2025-10-30T12:55:55.973+0000][gc,marking    ] GC(38) Concurrent Mark (19.538s, 19.587s) 48.959ms
[2025-10-30T12:55:55.973+0000][gc,start      ] GC(38) Pause Remark
[2025-10-30T12:55:55.981+0000][gc,stringtable] GC(38) Cleaned string and symbol table, strings: 14714 processed, 7 removed, symbols: 122227 processed, 0 removed
[2025-10-30T12:55:55.982+0000][gc            ] GC(38) Pause Remark 167M->167M(512M) 9.281ms
[2025-10-30T12:55:55.983+0000][gc,cpu        ] GC(38) User=0.01s Sys=0.00s Real=0.01s
[2025-10-30T12:55:55.983+0000][gc,marking    ] GC(38) Concurrent Rebuild Remembered Sets
[2025-10-30T12:55:55.995+0000][gc,marking    ] GC(38) Concurrent Rebuild Remembered Sets 12.034ms
[2025-10-30T12:55:55.995+0000][gc,start      ] GC(38) Pause Cleanup
[2025-10-30T12:55:55.996+0000][gc            ] GC(38) Pause Cleanup 167M->167M(512M) 0.346ms
[2025-10-30T12:55:55.996+0000][gc,cpu        ] GC(38) User=0.00s Sys=0.00s Real=0.00s
[2025-10-30T12:55:55.996+0000][gc,marking    ] GC(38) Concurrent Cleanup for Next Mark
[2025-10-30T12:55:55.997+0000][gc,marking    ] GC(38) Concurrent Cleanup for Next Mark 0.670ms
[2025-10-30T12:55:55.997+0000][gc            ] GC(38) Concurrent Cycle 78.356ms
[2025-10-30T12:56:10.861+0000][gc,start      ] GC(39) Pause Young (Normal) (G1 Evacuation Pause)
[2025-10-30T12:56:10.861+0000][gc,task       ] GC(39) Using 2 workers of 2 for evacuation
[2025-10-30T12:56:10.866+0000][gc,phases     ] GC(39)   Pre Evacuate Collection Set: 0.0ms
[2025-10-30T12:56:10.866+0000][gc,phases     ] GC(39)   Evacuate Collection Set: 3.8ms
[2025-10-30T12:56:10.866+0000][gc,phases     ] GC(39)   Post Evacuate Collection Set: 0.6ms
[2025-10-30T12:56:10.866+0000][gc,phases     ] GC(39)   Other: 0.5ms
[2025-10-30T12:56:10.866+0000][gc,heap       ] GC(39) Eden regions: 32->0(41)
[2025-10-30T12:56:10.866+0000][gc,heap       ] GC(39) Survivor regions: 1->2(5)
[2025-10-30T12:56:10.866+0000][gc,heap       ] GC(39) Old regions: 16->16
[2025-10-30T12:56:10.867+0000][gc,heap       ] GC(39) Humongous regions: 150->138
[2025-10-30T12:56:10.867+0000][gc,metaspace  ] GC(39) Metaspace: 50276K(52912K)->50276K(52912K) NonClass: 44381K(45744K)->44381K(45744K) Class: 5894K(7168K)->5894K(7168K)
[2025-10-30T12:56:10.867+0000][gc            ] GC(39) Pause Young (Normal) (G1 Evacuation Pause) 198M->154M(512M) 6.732ms
[2025-10-30T12:56:10.868+0000][gc,cpu        ] GC(39) User=0.01s Sys=0.00s Real=0.01s
[2025-10-30T12:56:18.711+0000][gc,start      ] GC(40) Pause Young (Normal) (G1 Evacuation Pause)
[2025-10-30T12:56:18.711+0000][gc,task       ] GC(40) Using 2 workers of 2 for evacuation
[2025-10-30T12:56:18.719+0000][gc,phases     ] GC(40)   Pre Evacuate Collection Set: 0.0ms
[2025-10-30T12:56:18.719+0000][gc,phases     ] GC(40)   Evacuate Collection Set: 6.2ms
[2025-10-30T12:56:18.719+0000][gc,phases     ] GC(40)   Post Evacuate Collection Set: 1.1ms
[2025-10-30T12:56:18.719+0000][gc,phases     ] GC(40)   Other: 0.7ms
[2025-10-30T12:56:18.720+0000][gc,heap       ] GC(40) Eden regions: 41->0(43)
[2025-10-30T12:56:18.720+0000][gc,heap       ] GC(40) Survivor regions: 2->2(6)
[2025-10-30T12:56:18.720+0000][gc,heap       ] GC(40) Old regions: 16->16
[2025-10-30T12:56:18.720+0000][gc,heap       ] GC(40) Humongous regions: 138->138
[2025-10-30T12:56:18.720+0000][gc,metaspace  ] GC(40) Metaspace: 50986K(53424K)->50986K(53424K) NonClass: 45010K(46256K)->45010K(46256K) Class: 5975K(7168K)->5975K(7168K)
[2025-10-30T12:56:18.721+0000][gc            ] GC(40) Pause Young (Normal) (G1 Evacuation Pause) 195M->155M(512M) 9.874ms
[2025-10-30T12:56:18.721+0000][gc,cpu        ] GC(40) User=0.01s Sys=0.00s Real=0.01s
[2025-10-30T12:56:26.928+0000][gc,start      ] GC(41) Pause Young (Normal) (G1 Evacuation Pause)
[2025-10-30T12:56:26.928+0000][gc,task       ] GC(41) Using 2 workers of 2 for evacuation
[2025-10-30T12:56:26.935+0000][gc,phases     ] GC(41)   Pre Evacuate Collection Set: 0.1ms
[2025-10-30T12:56:26.935+0000][gc,phases     ] GC(41)   Evacuate Collection Set: 5.6ms
[2025-10-30T12:56:26.936+0000][gc,phases     ] GC(41)   Post Evacuate Collection Set: 1.1ms
[2025-10-30T12:56:26.936+0000][gc,phases     ] GC(41)   Other: 0.6ms
[2025-10-30T12:56:26.937+0000][gc,heap       ] GC(41) Eden regions: 43->0(49)
[2025-10-30T12:56:26.937+0000][gc,heap       ] GC(41) Survivor regions: 2->3(6)
[2025-10-30T12:56:26.937+0000][gc,heap       ] GC(41) Old regions: 16->16
[2025-10-30T12:56:26.938+0000][gc,heap       ] GC(41) Humongous regions: 138->138
[2025-10-30T12:56:26.938+0000][gc,metaspace  ] GC(41) Metaspace: 51291K(54064K)->51291K(54064K) NonClass: 45256K(46768K)->45256K(46768K) Class: 6034K(7296K)->6034K(7296K)
[2025-10-30T12:56:26.938+0000][gc            ] GC(41) Pause Young (Normal) (G1 Evacuation Pause) 198M->156M(512M) 10.179ms
[2025-10-30T12:56:26.938+0000][gc,cpu        ] GC(41) User=0.01s Sys=0.00s Real=0.01s
[2025-10-30T12:56:42.813+0000][gc,start      ] GC(42) Pause Young (Normal) (G1 Evacuation Pause)
[2025-10-30T12:56:42.813+0000][gc,task       ] GC(42) Using 2 workers of 2 for evacuation
[2025-10-30T12:56:42.820+0000][gc,phases     ] GC(42)   Pre Evacuate Collection Set: 0.0ms
[2025-10-30T12:56:42.820+0000][gc,phases     ] GC(42)   Evacuate Collection Set: 5.5ms
[2025-10-30T12:56:42.820+0000][gc,phases     ] GC(42)   Post Evacuate Collection Set: 0.8ms
[2025-10-30T12:56:42.820+0000][gc,phases     ] GC(42)   Other: 0.5ms
[2025-10-30T12:56:42.820+0000][gc,heap       ] GC(42) Eden regions: 49->0(56)
[2025-10-30T12:56:42.821+0000][gc,heap       ] GC(42) Survivor regions: 3->4(7)
[2025-10-30T12:56:42.821+0000][gc,heap       ] GC(42) Old regions: 16->16
[2025-10-30T12:56:42.821+0000][gc,heap       ] GC(42) Humongous regions: 138->138
[2025-10-30T12:56:42.821+0000][gc,metaspace  ] GC(42) Metaspace: 51553K(54320K)->51553K(54320K) NonClass: 45492K(47024K)->45492K(47024K) Class: 6061K(7296K)->6061K(7296K)
[2025-10-30T12:56:42.821+0000][gc            ] GC(42) Pause Young (Normal) (G1 Evacuation Pause) 205M->156M(512M) 8.240ms
[2025-10-30T12:56:42.821+0000][gc,cpu        ] GC(42) User=0.01s Sys=0.00s Real=0.01s
[2025-10-30T12:57:07.111+0000][gc,start      ] GC(43) Pause Young (Normal) (G1 Evacuation Pause)
[2025-10-30T12:57:07.111+0000][gc,task       ] GC(43) Using 2 workers of 2 for evacuation
[2025-10-30T12:57:07.118+0000][gc,phases     ] GC(43)   Pre Evacuate Collection Set: 0.0ms
[2025-10-30T12:57:07.119+0000][gc,phases     ] GC(43)   Evacuate Collection Set: 6.1ms
[2025-10-30T12:57:07.119+0000][gc,phases     ] GC(43)   Post Evacuate Collection Set: 0.7ms
[2025-10-30T12:57:07.119+0000][gc,phases     ] GC(43)   Other: 0.4ms
[2025-10-30T12:57:07.119+0000][gc,heap       ] GC(43) Eden regions: 56->0(62)
[2025-10-30T12:57:07.119+0000][gc,heap       ] GC(43) Survivor regions: 4->5(8)
[2025-10-30T12:57:07.119+0000][gc,heap       ] GC(43) Old regions: 16->16
[2025-10-30T12:57:07.119+0000][gc,heap       ] GC(43) Humongous regions: 138->138
[2025-10-30T12:57:07.119+0000][gc,metaspace  ] GC(43) Metaspace: 51685K(54320K)->51685K(54320K) NonClass: 45624K(47024K)->45624K(47024K) Class: 6061K(7296K)->6061K(7296K)
[2025-10-30T12:57:07.120+0000][gc            ] GC(43) Pause Young (Normal) (G1 Evacuation Pause) 212M->158M(512M) 8.349ms
[2025-10-30T12:57:07.120+0000][gc,cpu        ] GC(43) User=0.01s Sys=0.00s Real=0.01s
[2025-10-30T12:57:33.044+0000][gc,start      ] GC(44) Pause Young (Normal) (G1 Evacuation Pause)
[2025-10-30T12:57:33.044+0000][gc,task       ] GC(44) Using 2 workers of 2 for evacuation
[2025-10-30T12:57:33.052+0000][gc,phases     ] GC(44)   Pre Evacuate Collection Set: 0.0ms
[2025-10-30T12:57:33.052+0000][gc,phases     ] GC(44)   Evacuate Collection Set: 7.6ms
[2025-10-30T12:57:33.053+0000][gc,phases     ] GC(44)   Post Evacuate Collection Set: 0.6ms
[2025-10-30T12:57:33.053+0000][gc,phases     ] GC(44)   Other: 0.5ms
[2025-10-30T12:57:33.053+0000][gc,heap       ] GC(44) Eden regions: 62->0(69)
[2025-10-30T12:57:33.053+0000][gc,heap       ] GC(44) Survivor regions: 5->6(9)
[2025-10-30T12:57:33.053+0000][gc,heap       ] GC(44) Old regions: 16->16
[2025-10-30T12:57:33.053+0000][gc,heap       ] GC(44) Humongous regions: 138->138
[2025-10-30T12:57:33.053+0000][gc,metaspace  ] GC(44) Metaspace: 51776K(54576K)->51776K(54576K) NonClass: 45714K(47280K)->45714K(47280K) Class: 6061K(7296K)->6061K(7296K)
[2025-10-30T12:57:33.053+0000][gc            ] GC(44) Pause Young (Normal) (G1 Evacuation Pause) 220M->159M(512M) 9.795ms
[2025-10-30T12:57:33.053+0000][gc,cpu        ] GC(44) User=0.02s Sys=0.01s Real=0.01s
[2025-10-30T12:58:03.202+0000][gc,start      ] GC(45) Pause Young (Normal) (G1 Evacuation Pause)
[2025-10-30T12:58:03.202+0000][gc,task       ] GC(45) Using 2 workers of 2 for evacuation
[2025-10-30T12:58:03.210+0000][gc,phases     ] GC(45)   Pre Evacuate Collection Set: 0.0ms
[2025-10-30T12:58:03.210+0000][gc,phases     ] GC(45)   Evacuate Collection Set: 7.0ms
[2025-10-30T12:58:03.210+0000][gc,phases     ] GC(45)   Post Evacuate Collection Set: 0.7ms
[2025-10-30T12:58:03.210+0000][gc,phases     ] GC(45)   Other: 0.6ms
[2025-10-30T12:58:03.211+0000][gc,heap       ] GC(45) Eden regions: 69->0(78)
[2025-10-30T12:58:03.211+0000][gc,heap       ] GC(45) Survivor regions: 6->5(10)
[2025-10-30T12:58:03.211+0000][gc,heap       ] GC(45) Old regions: 16->17
[2025-10-30T12:58:03.211+0000][gc,heap       ] GC(45) Humongous regions: 138->138
[2025-10-30T12:58:03.211+0000][gc,metaspace  ] GC(45) Metaspace: 51986K(54576K)->51986K(54576K) NonClass: 45918K(47280K)->45918K(47280K) Class: 6068K(7296K)->6068K(7296K)
[2025-10-30T12:58:03.211+0000][gc            ] GC(45) Pause Young (Normal) (G1 Evacuation Pause) 228M->158M(512M) 9.734ms
[2025-10-30T12:58:03.212+0000][gc,cpu        ] GC(45) User=0.01s Sys=0.00s Real=0.01s
[2025-10-30T12:58:36.466+0000][gc,start      ] GC(46) Pause Young (Normal) (G1 Evacuation Pause)
[2025-10-30T12:58:36.466+0000][gc,task       ] GC(46) Using 2 workers of 2 for evacuation
[2025-10-30T12:58:36.474+0000][gc,phases     ] GC(46)   Pre Evacuate Collection Set: 0.0ms
[2025-10-30T12:58:36.474+0000][gc,phases     ] GC(46)   Evacuate Collection Set: 7.3ms
[2025-10-30T12:58:36.475+0000][gc,phases     ] GC(46)   Post Evacuate Collection Set: 0.7ms
[2025-10-30T12:58:36.475+0000][gc,phases     ] GC(46)   Other: 0.5ms
[2025-10-30T12:58:36.475+0000][gc,heap       ] GC(46) Eden regions: 78->0(88)
[2025-10-30T12:58:36.475+0000][gc,heap       ] GC(46) Survivor regions: 5->6(11)
[2025-10-30T12:58:36.475+0000][gc,heap       ] GC(46) Old regions: 17->17
[2025-10-30T12:58:36.475+0000][gc,heap       ] GC(46) Humongous regions: 138->138
[2025-10-30T12:58:36.475+0000][gc,metaspace  ] GC(46) Metaspace: 52102K(54832K)->52102K(54832K) NonClass: 46034K(47536K)->46034K(47536K) Class: 6068K(7296K)->6068K(7296K)
[2025-10-30T12:58:36.476+0000][gc            ] GC(46) Pause Young (Normal) (G1 Evacuation Pause) 236M->160M(512M) 9.737ms
[2025-10-30T12:58:36.476+0000][gc,cpu        ] GC(46) User=0.01s Sys=0.00s Real=0.01s
[2025-10-30T12:59:15.400+0000][gc,start      ] GC(47) Pause Young (Normal) (G1 Evacuation Pause)
[2025-10-30T12:59:15.400+0000][gc,task       ] GC(47) Using 2 workers of 2 for evacuation
[2025-10-30T12:59:15.410+0000][gc,phases     ] GC(47)   Pre Evacuate Collection Set: 0.0ms
[2025-10-30T12:59:15.410+0000][gc,phases     ] GC(47)   Evacuate Collection Set: 8.9ms
[2025-10-30T12:59:15.410+0000][gc,phases     ] GC(47)   Post Evacuate Collection Set: 0.7ms
[2025-10-30T12:59:15.410+0000][gc,phases     ] GC(47)   Other: 0.8ms
[2025-10-30T12:59:15.411+0000][gc,heap       ] GC(47) Eden regions: 88->0(98)
[2025-10-30T12:59:15.411+0000][gc,heap       ] GC(47) Survivor regions: 6->8(12)
[2025-10-30T12:59:15.411+0000][gc,heap       ] GC(47) Old regions: 17->17
[2025-10-30T12:59:15.411+0000][gc,heap       ] GC(47) Humongous regions: 138->138
[2025-10-30T12:59:15.411+0000][gc,metaspace  ] GC(47) Metaspace: 52189K(55088K)->52189K(55088K) NonClass: 46120K(47792K)->46120K(47792K) Class: 6068K(7296K)->6068K(7296K)
[2025-10-30T12:59:15.411+0000][gc            ] GC(47) Pause Young (Normal) (G1 Evacuation Pause) 248M->161M(512M) 11.677ms
[2025-10-30T12:59:15.411+0000][gc,cpu        ] GC(47) User=0.02s Sys=0.00s Real=0.01s
[2025-10-30T12:59:59.274+0000][gc,start      ] GC(48) Pause Young (Normal) (G1 Evacuation Pause)
[2025-10-30T12:59:59.274+0000][gc,task       ] GC(48) Using 2 workers of 2 for evacuation
[2025-10-30T12:59:59.284+0000][gc,phases     ] GC(48)   Pre Evacuate Collection Set: 0.0ms
[2025-10-30T12:59:59.284+0000][gc,phases     ] GC(48)   Evacuate Collection Set: 9.3ms
[2025-10-30T12:59:59.284+0000][gc,phases     ] GC(48)   Post Evacuate Collection Set: 0.5ms
[2025-10-30T12:59:59.285+0000][gc,phases     ] GC(48)   Other: 0.5ms
[2025-10-30T12:59:59.285+0000][gc,heap       ] GC(48) Eden regions: 98->0(103)
[2025-10-30T12:59:59.285+0000][gc,heap       ] GC(48) Survivor regions: 8->7(14)
[2025-10-30T12:59:59.285+0000][gc,heap       ] GC(48) Old regions: 17->17
[2025-10-30T12:59:59.285+0000][gc,heap       ] GC(48) Humongous regions: 138->138
[2025-10-30T12:59:59.285+0000][gc,metaspace  ] GC(48) Metaspace: 52311K(55088K)->52311K(55088K) NonClass: 46242K(47792K)->46242K(47792K) Class: 6069K(7296K)->6069K(7296K)
[2025-10-30T12:59:59.285+0000][gc            ] GC(48) Pause Young (Normal) (G1 Evacuation Pause) 259M->161M(512M) 11.716ms
[2025-10-30T12:59:59.286+0000][gc,cpu        ] GC(48) User=0.02s Sys=0.00s Real=0.01s
[2025-10-30T13:00:43.134+0000][gc,start      ] GC(49) Pause Young (Normal) (G1 Evacuation Pause)
[2025-10-30T13:00:43.134+0000][gc,task       ] GC(49) Using 2 workers of 2 for evacuation
[2025-10-30T13:00:43.145+0000][gc,phases     ] GC(49)   Pre Evacuate Collection Set: 0.0ms
[2025-10-30T13:00:43.146+0000][gc,phases     ] GC(49)   Evacuate Collection Set: 10.2ms
[2025-10-30T13:00:43.146+0000][gc,phases     ] GC(49)   Post Evacuate Collection Set: 0.8ms
[2025-10-30T13:00:43.146+0000][gc,phases     ] GC(49)   Other: 0.4ms
[2025-10-30T13:00:43.146+0000][gc,heap       ] GC(49) Eden regions: 103->0(110)
[2025-10-30T13:00:43.146+0000][gc,heap       ] GC(49) Survivor regions: 7->9(14)
[2025-10-30T13:00:43.146+0000][gc,heap       ] GC(49) Old regions: 17->17
[2025-10-30T13:00:43.146+0000][gc,heap       ] GC(49) Humongous regions: 138->138
[2025-10-30T13:00:43.147+0000][gc,metaspace  ] GC(49) Metaspace: 52347K(55088K)->52347K(55088K) NonClass: 46277K(47792K)->46277K(47792K) Class: 6070K(7296K)->6070K(7296K)
[2025-10-30T13:00:43.147+0000][gc            ] GC(49) Pause Young (Normal) (G1 Evacuation Pause) 264M->162M(512M) 12.832ms
[2025-10-30T13:00:43.147+0000][gc,cpu        ] GC(49) User=0.03s Sys=0.00s Real=0.01s
[2025-10-30T13:01:34.500+0000][gc,start      ] GC(50) Pause Young (Normal) (G1 Evacuation Pause)
[2025-10-30T13:01:34.500+0000][gc,task       ] GC(50) Using 2 workers of 2 for evacuation
[2025-10-30T13:01:34.511+0000][gc,phases     ] GC(50)   Pre Evacuate Collection Set: 0.0ms
[2025-10-30T13:01:34.511+0000][gc,phases     ] GC(50)   Evacuate Collection Set: 10.0ms
[2025-10-30T13:01:34.511+0000][gc,phases     ] GC(50)   Post Evacuate Collection Set: 0.6ms
[2025-10-30T13:01:34.511+0000][gc,phases     ] GC(50)   Other: 0.5ms
[2025-10-30T13:01:34.511+0000][gc,heap       ] GC(50) Eden regions: 110->0(117)
[2025-10-30T13:01:34.512+0000][gc,heap       ] GC(50) Survivor regions: 9->8(15)
[2025-10-30T13:01:34.512+0000][gc,heap       ] GC(50) Old regions: 17->17
[2025-10-30T13:01:34.512+0000][gc,heap       ] GC(50) Humongous regions: 138->138
[2025-10-30T13:01:34.512+0000][gc,metaspace  ] GC(50) Metaspace: 52353K(55088K)->52353K(55088K) NonClass: 46283K(47792K)->46283K(47792K) Class: 6070K(7296K)->6070K(7296K)
[2025-10-30T13:01:34.512+0000][gc            ] GC(50) Pause Young (Normal) (G1 Evacuation Pause) 272M->162M(512M) 12.446ms
[2025-10-30T13:01:34.512+0000][gc,cpu        ] GC(50) User=0.02s Sys=0.00s Real=0.01s
[2025-10-30T13:02:27.360+0000][gc,start      ] GC(51) Pause Young (Normal) (G1 Evacuation Pause)
[2025-10-30T13:02:27.360+0000][gc,task       ] GC(51) Using 2 workers of 2 for evacuation
[2025-10-30T13:02:27.372+0000][gc,phases     ] GC(51)   Pre Evacuate Collection Set: 0.0ms
[2025-10-30T13:02:27.372+0000][gc,phases     ] GC(51)   Evacuate Collection Set: 10.9ms
[2025-10-30T13:02:27.373+0000][gc,phases     ] GC(51)   Post Evacuate Collection Set: 0.6ms
[2025-10-30T13:02:27.373+0000][gc,phases     ] GC(51)   Other: 0.5ms
[2025-10-30T13:02:27.373+0000][gc,heap       ] GC(51) Eden regions: 117->0(122)
[2025-10-30T13:02:27.373+0000][gc,heap       ] GC(51) Survivor regions: 8->11(16)
[2025-10-30T13:02:27.373+0000][gc,heap       ] GC(51) Old regions: 17->17
[2025-10-30T13:02:27.373+0000][gc,heap       ] GC(51) Humongous regions: 138->138
[2025-10-30T13:02:27.373+0000][gc,metaspace  ] GC(51) Metaspace: 52370K(55088K)->52370K(55088K) NonClass: 46300K(47792K)->46300K(47792K) Class: 6070K(7296K)->6070K(7296K)
[2025-10-30T13:02:27.373+0000][gc            ] GC(51) Pause Young (Normal) (G1 Evacuation Pause) 279M->165M(512M) 13.258ms
[2025-10-30T13:02:27.374+0000][gc,cpu        ] GC(51) User=0.03s Sys=0.00s Real=0.02s
[2025-10-30T13:03:25.955+0000][gc,start      ] GC(52) Pause Young (Normal) (G1 Evacuation Pause)
[2025-10-30T13:03:25.955+0000][gc,task       ] GC(52) Using 2 workers of 2 for evacuation
[2025-10-30T13:03:25.967+0000][gc,phases     ] GC(52)   Pre Evacuate Collection Set: 0.0ms
[2025-10-30T13:03:25.968+0000][gc,phases     ] GC(52)   Evacuate Collection Set: 11.4ms
[2025-10-30T13:03:25.968+0000][gc,phases     ] GC(52)   Post Evacuate Collection Set: 0.7ms
[2025-10-30T13:03:25.968+0000][gc,phases     ] GC(52)   Other: 0.4ms
[2025-10-30T13:03:25.968+0000][gc,heap       ] GC(52) Eden regions: 122->0(125)
[2025-10-30T13:03:25.968+0000][gc,heap       ] GC(52) Survivor regions: 11->10(17)
[2025-10-30T13:03:25.968+0000][gc,heap       ] GC(52) Old regions: 17->19
[2025-10-30T13:03:25.968+0000][gc,heap       ] GC(52) Humongous regions: 138->138
[2025-10-30T13:03:25.969+0000][gc,metaspace  ] GC(52) Metaspace: 52377K(55088K)->52377K(55088K) NonClass: 46306K(47792K)->46306K(47792K) Class: 6070K(7296K)->6070K(7296K)
[2025-10-30T13:03:25.969+0000][gc            ] GC(52) Pause Young (Normal) (G1 Evacuation Pause) 287M->166M(512M) 13.926ms
[2025-10-30T13:03:25.969+0000][gc,cpu        ] GC(52) User=0.03s Sys=0.00s Real=0.02s
[2025-10-30T13:04:26.652+0000][gc,start      ] GC(53) Pause Young (Normal) (G1 Evacuation Pause)
[2025-10-30T13:04:26.652+0000][gc,task       ] GC(53) Using 2 workers of 2 for evacuation
[2025-10-30T13:04:26.669+0000][gc,phases     ] GC(53)   Pre Evacuate Collection Set: 0.0ms
[2025-10-30T13:04:26.670+0000][gc,phases     ] GC(53)   Evacuate Collection Set: 16.1ms
[2025-10-30T13:04:26.670+0000][gc,phases     ] GC(53)   Post Evacuate Collection Set: 0.6ms
[2025-10-30T13:04:26.670+0000][gc,phases     ] GC(53)   Other: 0.5ms
[2025-10-30T13:04:26.670+0000][gc,heap       ] GC(53) Eden regions: 125->0(129)
[2025-10-30T13:04:26.670+0000][gc,heap       ] GC(53) Survivor regions: 10->12(17)
[2025-10-30T13:04:26.670+0000][gc,heap       ] GC(53) Old regions: 19->20
[2025-10-30T13:04:26.670+0000][gc,heap       ] GC(53) Humongous regions: 138->138
[2025-10-30T13:04:26.670+0000][gc,metaspace  ] GC(53) Metaspace: 52422K(55088K)->52422K(55088K) NonClass: 46352K(47792K)->46352K(47792K) Class: 6070K(7296K)->6070K(7296K)
[2025-10-30T13:04:26.670+0000][gc            ] GC(53) Pause Young (Normal) (G1 Evacuation Pause) 291M->169M(512M) 18.347ms
[2025-10-30T13:04:26.671+0000][gc,cpu        ] GC(53) User=0.03s Sys=0.00s Real=0.02s
[2025-10-30T13:05:29.625+0000][gc,start      ] GC(54) Pause Young (Normal) (G1 Evacuation Pause)
[2025-10-30T13:05:29.625+0000][gc,task       ] GC(54) Using 2 workers of 2 for evacuation
[2025-10-30T13:05:29.644+0000][gc,phases     ] GC(54)   Pre Evacuate Collection Set: 0.0ms
[2025-10-30T13:05:29.644+0000][gc,phases     ] GC(54)   Evacuate Collection Set: 17.6ms
[2025-10-30T13:05:29.644+0000][gc,phases     ] GC(54)   Post Evacuate Collection Set: 0.9ms
[2025-10-30T13:05:29.644+0000][gc,phases     ] GC(54)   Other: 0.6ms
[2025-10-30T13:05:29.645+0000][gc,heap       ] GC(54) Eden regions: 128->0(121)
[2025-10-30T13:05:29.645+0000][gc,heap       ] GC(54) Survivor regions: 12->11(18)
[2025-10-30T13:05:29.645+0000][gc,heap       ] GC(54) Old regions: 20->23
[2025-10-30T13:05:29.645+0000][gc,heap       ] GC(54) Humongous regions: 138->138
[2025-10-30T13:05:29.645+0000][gc,metaspace  ] GC(54) Metaspace: 52433K(55344K)->52433K(55344K) NonClass: 46363K(48048K)->46363K(48048K) Class: 6070K(7296K)->6070K(7296K)
[2025-10-30T13:05:29.645+0000][gc            ] GC(54) Pause Young (Normal) (G1 Evacuation Pause) 297M->171M(512M) 20.946ms
[2025-10-30T13:05:29.646+0000][gc,cpu        ] GC(54) User=0.03s Sys=0.00s Real=0.03s
[2025-10-30T13:06:29.859+0000][gc,start      ] GC(55) Pause Young (Normal) (G1 Evacuation Pause)
[2025-10-30T13:06:29.860+0000][gc,task       ] GC(55) Using 2 workers of 2 for evacuation
[2025-10-30T13:06:29.878+0000][gc,phases     ] GC(55)   Pre Evacuate Collection Set: 0.1ms
[2025-10-30T13:06:29.878+0000][gc,phases     ] GC(55)   Evacuate Collection Set: 16.7ms
[2025-10-30T13:06:29.878+0000][gc,phases     ] GC(55)   Post Evacuate Collection Set: 0.8ms
[2025-10-30T13:06:29.878+0000][gc,phases     ] GC(55)   Other: 1.0ms
[2025-10-30T13:06:29.879+0000][gc,heap       ] GC(55) Eden regions: 121->0(127)
[2025-10-30T13:06:29.879+0000][gc,heap       ] GC(55) Survivor regions: 11->10(17)
[2025-10-30T13:06:29.879+0000][gc,heap       ] GC(55) Old regions: 23->26
[2025-10-30T13:06:29.879+0000][gc,heap       ] GC(55) Humongous regions: 138->138
[2025-10-30T13:06:29.879+0000][gc,metaspace  ] GC(55) Metaspace: 52516K(55472K)->52516K(55472K) NonClass: 46417K(48048K)->46417K(48048K) Class: 6098K(7424K)->6098K(7424K)
[2025-10-30T13:06:29.880+0000][gc            ] GC(55) Pause Young (Normal) (G1 Evacuation Pause) 292M->172M(512M) 20.476ms
[2025-10-30T13:06:29.880+0000][gc,cpu        ] GC(55) User=0.04s Sys=0.00s Real=0.02s
[2025-10-30T13:07:26.094+0000][gc,start      ] GC(56) Pause Young (Normal) (G1 Evacuation Pause)
[2025-10-30T13:07:26.094+0000][gc,task       ] GC(56) Using 2 workers of 2 for evacuation
[2025-10-30T13:07:26.111+0000][gc,phases     ] GC(56)   Pre Evacuate Collection Set: 0.0ms
[2025-10-30T13:07:26.111+0000][gc,phases     ] GC(56)   Evacuate Collection Set: 15.6ms
[2025-10-30T13:07:26.111+0000][gc,phases     ] GC(56)   Post Evacuate Collection Set: 0.8ms
[2025-10-30T13:07:26.111+0000][gc,phases     ] GC(56)   Other: 0.6ms
[2025-10-30T13:07:26.111+0000][gc,heap       ] GC(56) Eden regions: 127->0(127)
[2025-10-30T13:07:26.111+0000][gc,heap       ] GC(56) Survivor regions: 10->13(18)
[2025-10-30T13:07:26.112+0000][gc,heap       ] GC(56) Old regions: 26->26
[2025-10-30T13:07:26.112+0000][gc,heap       ] GC(56) Humongous regions: 138->138
[2025-10-30T13:07:26.112+0000][gc,metaspace  ] GC(56) Metaspace: 52523K(55472K)->52523K(55472K) NonClass: 46424K(48048K)->46424K(48048K) Class: 6098K(7424K)->6098K(7424K)
[2025-10-30T13:07:26.112+0000][gc            ] GC(56) Pause Young (Normal) (G1 Evacuation Pause) 299M->175M(512M) 18.338ms
[2025-10-30T13:07:26.112+0000][gc,cpu        ] GC(56) User=0.03s Sys=0.00s Real=0.02s
[2025-10-30T13:08:26.316+0000][gc,start      ] GC(57) Pause Young (Normal) (G1 Evacuation Pause)
[2025-10-30T13:08:26.316+0000][gc,task       ] GC(57) Using 2 workers of 2 for evacuation
[2025-10-30T13:08:26.337+0000][gc,mmu        ] GC(57) MMU target violated: 20.7ms (20.0ms/21.0ms)
[2025-10-30T13:08:26.338+0000][gc,phases     ] GC(57)   Pre Evacuate Collection Set: 0.0ms
[2025-10-30T13:08:26.338+0000][gc,phases     ] GC(57)   Evacuate Collection Set: 19.8ms
[2025-10-30T13:08:26.338+0000][gc,phases     ] GC(57)   Post Evacuate Collection Set: 0.8ms
[2025-10-30T13:08:26.341+0000][gc,phases     ] GC(57)   Other: 1.3ms
[2025-10-30T13:08:26.341+0000][gc,heap       ] GC(57) Eden regions: 125->0(125)
[2025-10-30T13:08:26.342+0000][gc,heap       ] GC(57) Survivor regions: 13->11(18)
[2025-10-30T13:08:26.342+0000][gc,heap       ] GC(57) Old regions: 26->30
[2025-10-30T13:08:26.342+0000][gc,heap       ] GC(57) Humongous regions: 138->138
[2025-10-30T13:08:26.342+0000][gc,metaspace  ] GC(57) Metaspace: 52552K(55472K)->52552K(55472K) NonClass: 46453K(48048K)->46453K(48048K) Class: 6098K(7424K)->6098K(7424K)
[2025-10-30T13:08:26.342+0000][gc            ] GC(57) Pause Young (Normal) (G1 Evacuation Pause) 300M->177M(512M) 26.734ms
[2025-10-30T13:08:26.343+0000][gc,cpu        ] GC(57) User=0.04s Sys=0.00s Real=0.02s
[2025-10-30T13:09:30.081+0000][gc,start      ] GC(58) Pause Young (Normal) (G1 Evacuation Pause)
[2025-10-30T13:09:30.081+0000][gc,task       ] GC(58) Using 2 workers of 2 for evacuation
[2025-10-30T13:09:30.101+0000][gc,phases     ] GC(58)   Pre Evacuate Collection Set: 0.1ms
[2025-10-30T13:09:30.101+0000][gc,phases     ] GC(58)   Evacuate Collection Set: 18.8ms
[2025-10-30T13:09:30.102+0000][gc,phases     ] GC(58)   Post Evacuate Collection Set: 0.9ms
[2025-10-30T13:09:30.102+0000][gc,phases     ] GC(58)   Other: 0.5ms
[2025-10-30T13:09:30.102+0000][gc,heap       ] GC(58) Eden regions: 125->0(117)
[2025-10-30T13:09:30.102+0000][gc,heap       ] GC(58) Survivor regions: 11->11(17)
[2025-10-30T13:09:30.102+0000][gc,heap       ] GC(58) Old regions: 30->32
[2025-10-30T13:09:30.103+0000][gc,heap       ] GC(58) Humongous regions: 138->138
[2025-10-30T13:09:30.103+0000][gc,metaspace  ] GC(58) Metaspace: 52584K(55472K)->52584K(55472K) NonClass: 46485K(48048K)->46485K(48048K) Class: 6098K(7424K)->6098K(7424K)
[2025-10-30T13:09:30.103+0000][gc            ] GC(58) Pause Young (Normal) (G1 Evacuation Pause) 302M->180M(512M) 22.229ms
[2025-10-30T13:09:30.103+0000][gc,cpu        ] GC(58) User=0.04s Sys=0.00s Real=0.03s
[2025-10-30T13:10:29.378+0000][gc,start      ] GC(59) Pause Young (Normal) (G1 Evacuation Pause)
[2025-10-30T13:10:29.379+0000][gc,task       ] GC(59) Using 2 workers of 2 for evacuation
[2025-10-30T13:10:29.402+0000][gc,mmu        ] GC(59) MMU target violated: 21.0ms (20.0ms/21.0ms)
[2025-10-30T13:10:29.403+0000][gc,phases     ] GC(59)   Pre Evacuate Collection Set: 0.1ms
[2025-10-30T13:10:29.403+0000][gc,phases     ] GC(59)   Evacuate Collection Set: 20.0ms
[2025-10-30T13:10:29.404+0000][gc,phases     ] GC(59)   Post Evacuate Collection Set: 1.4ms
[2025-10-30T13:10:29.404+0000][gc,phases     ] GC(59)   Other: 2.9ms
[2025-10-30T13:10:29.404+0000][gc,heap       ] GC(59) Eden regions: 117->0(120)
[2025-10-30T13:10:29.404+0000][gc,heap       ] GC(59) Survivor regions: 11->9(16)
[2025-10-30T13:10:29.405+0000][gc,heap       ] GC(59) Old regions: 32->37
[2025-10-30T13:10:29.405+0000][gc,heap       ] GC(59) Humongous regions: 138->138
[2025-10-30T13:10:29.405+0000][gc,metaspace  ] GC(59) Metaspace: 52592K(55472K)->52592K(55472K) NonClass: 46493K(48048K)->46493K(48048K) Class: 6098K(7424K)->6098K(7424K)
[2025-10-30T13:10:29.406+0000][gc            ] GC(59) Pause Young (Normal) (G1 Evacuation Pause) 297M->182M(512M) 27.157ms
[2025-10-30T13:10:29.406+0000][gc,cpu        ] GC(59) User=0.04s Sys=0.00s Real=0.03s
[2025-10-30T13:11:32.244+0000][gc,start      ] GC(60) Pause Young (Normal) (G1 Evacuation Pause)
[2025-10-30T13:11:32.245+0000][gc,task       ] GC(60) Using 2 workers of 2 for evacuation
[2025-10-30T13:11:32.261+0000][gc,phases     ] GC(60)   Pre Evacuate Collection Set: 0.0ms
[2025-10-30T13:11:32.261+0000][gc,phases     ] GC(60)   Evacuate Collection Set: 15.3ms
[2025-10-30T13:11:32.261+0000][gc,phases     ] GC(60)   Post Evacuate Collection Set: 0.7ms
[2025-10-30T13:11:32.262+0000][gc,phases     ] GC(60)   Other: 0.6ms
[2025-10-30T13:11:32.262+0000][gc,heap       ] GC(60) Eden regions: 120->0(118)
[2025-10-30T13:11:32.262+0000][gc,heap       ] GC(60) Survivor regions: 9->10(17)
[2025-10-30T13:11:32.262+0000][gc,heap       ] GC(60) Old regions: 37->37
[2025-10-30T13:11:32.262+0000][gc,heap       ] GC(60) Humongous regions: 138->138
[2025-10-30T13:11:32.263+0000][gc,metaspace  ] GC(60) Metaspace: 52698K(55472K)->52698K(55472K) NonClass: 46577K(48048K)->46577K(48048K) Class: 6121K(7424K)->6121K(7424K)
[2025-10-30T13:11:32.263+0000][gc            ] GC(60) Pause Young (Normal) (G1 Evacuation Pause) 302M->184M(512M) 18.398ms
[2025-10-30T13:11:32.263+0000][gc,cpu        ] GC(60) User=0.03s Sys=0.00s Real=0.02s
[2025-10-30T13:12:27.470+0000][gc,start      ] GC(61) Pause Young (Normal) (G1 Evacuation Pause)
[2025-10-30T13:12:27.470+0000][gc,task       ] GC(61) Using 2 workers of 2 for evacuation
[2025-10-30T13:12:27.497+0000][gc,mmu        ] GC(61) MMU target violated: 21.0ms (20.0ms/21.0ms)
[2025-10-30T13:12:27.498+0000][gc,phases     ] GC(61)   Pre Evacuate Collection Set: 0.0ms
[2025-10-30T13:12:27.498+0000][gc,phases     ] GC(61)   Evacuate Collection Set: 24.9ms
[2025-10-30T13:12:27.498+0000][gc,phases     ] GC(61)   Post Evacuate Collection Set: 1.5ms
[2025-10-30T13:12:27.499+0000][gc,phases     ] GC(61)   Other: 1.1ms
[2025-10-30T13:12:27.499+0000][gc,heap       ] GC(61) Eden regions: 117->0(61)
[2025-10-30T13:12:27.500+0000][gc,heap       ] GC(61) Survivor regions: 10->11(16)
[2025-10-30T13:12:27.500+0000][gc,heap       ] GC(61) Old regions: 37->39
[2025-10-30T13:12:27.500+0000][gc,heap       ] GC(61) Humongous regions: 138->138
[2025-10-30T13:12:27.501+0000][gc,metaspace  ] GC(61) Metaspace: 52700K(55472K)->52700K(55472K) NonClass: 46578K(48048K)->46578K(48048K) Class: 6121K(7424K)->6121K(7424K)
[2025-10-30T13:12:27.501+0000][gc            ] GC(61) Pause Young (Normal) (G1 Evacuation Pause) 301M->187M(512M) 30.726ms
[2025-10-30T13:12:27.502+0000][gc,cpu        ] GC(61) User=0.05s Sys=0.00s Real=0.03s
[2025-10-30T13:12:36.376+0000][gc,start      ] GC(62) Pause Young (Normal) (G1 Evacuation Pause)
[2025-10-30T13:12:36.376+0000][gc,task       ] GC(62) Using 2 workers of 2 for evacuation
[2025-10-30T13:12:36.399+0000][gc,mmu        ] GC(62) MMU target violated: 21.0ms (20.0ms/21.0ms)
[2025-10-30T13:12:36.399+0000][gc,phases     ] GC(62)   Pre Evacuate Collection Set: 0.0ms
[2025-10-30T13:12:36.399+0000][gc,phases     ] GC(62)   Evacuate Collection Set: 20.3ms
[2025-10-30T13:12:36.400+0000][gc,phases     ] GC(62)   Post Evacuate Collection Set: 1.1ms
[2025-10-30T13:12:36.400+0000][gc,phases     ] GC(62)   Other: 1.8ms
[2025-10-30T13:12:36.401+0000][gc,heap       ] GC(62) Eden regions: 53->0(69)
[2025-10-30T13:12:36.401+0000][gc,heap       ] GC(62) Survivor regions: 11->5(8)
[2025-10-30T13:12:36.401+0000][gc,heap       ] GC(62) Old regions: 39->46
[2025-10-30T13:12:36.401+0000][gc,heap       ] GC(62) Humongous regions: 138->138
[2025-10-30T13:12:36.402+0000][gc,metaspace  ] GC(62) Metaspace: 52762K(55472K)->52762K(55472K) NonClass: 46637K(48048K)->46637K(48048K) Class: 6124K(7424K)->6124K(7424K)
[2025-10-30T13:12:36.402+0000][gc            ] GC(62) Pause Young (Normal) (G1 Evacuation Pause) 240M->188M(512M) 26.481ms
[2025-10-30T13:12:36.403+0000][gc,cpu        ] GC(62) User=0.04s Sys=0.00s Real=0.03s
[2025-10-30T13:12:51.536+0000][gc,start      ] GC(63) Pause Young (Concurrent Start) (G1 Evacuation Pause)
[2025-10-30T13:12:51.536+0000][gc,task       ] GC(63) Using 2 workers of 2 for evacuation
[2025-10-30T13:12:51.552+0000][gc,phases     ] GC(63)   Pre Evacuate Collection Set: 0.2ms
[2025-10-30T13:12:51.554+0000][gc,phases     ] GC(63)   Evacuate Collection Set: 14.2ms
[2025-10-30T13:12:51.554+0000][gc,phases     ] GC(63)   Post Evacuate Collection Set: 1.0ms
[2025-10-30T13:12:51.554+0000][gc,phases     ] GC(63)   Other: 0.9ms
[2025-10-30T13:12:51.555+0000][gc,heap       ] GC(63) Eden regions: 69->0(66)
[2025-10-30T13:12:51.556+0000][gc,heap       ] GC(63) Survivor regions: 5->5(10)
[2025-10-30T13:12:51.556+0000][gc,heap       ] GC(63) Old regions: 46->46
[2025-10-30T13:12:51.556+0000][gc,heap       ] GC(63) Humongous regions: 138->138
[2025-10-30T13:12:51.556+0000][gc,metaspace  ] GC(63) Metaspace: 52763K(55472K)->52763K(55472K) NonClass: 46639K(48048K)->46639K(48048K) Class: 6124K(7424K)->6124K(7424K)
[2025-10-30T13:12:51.557+0000][gc            ] GC(63) Pause Young (Concurrent Start) (G1 Evacuation Pause) 257M->188M(512M) 21.019ms
[2025-10-30T13:12:51.557+0000][gc,cpu        ] GC(63) User=0.03s Sys=0.00s Real=0.02s
[2025-10-30T13:12:51.557+0000][gc            ] GC(64) Concurrent Cycle
[2025-10-30T13:12:51.558+0000][gc,marking    ] GC(64) Concurrent Clear Claimed Marks
[2025-10-30T13:12:51.558+0000][gc,marking    ] GC(64) Concurrent Clear Claimed Marks 0.536ms
[2025-10-30T13:12:51.559+0000][gc,marking    ] GC(64) Concurrent Scan Root Regions
[2025-10-30T13:12:51.565+0000][gc,marking    ] GC(64) Concurrent Scan Root Regions 6.311ms
[2025-10-30T13:12:51.566+0000][gc,marking    ] GC(64) Concurrent Mark (1035.194s)
[2025-10-30T13:12:51.566+0000][gc,marking    ] GC(64) Concurrent Mark From Roots
[2025-10-30T13:12:51.567+0000][gc,task       ] GC(64) Using 1 workers of 1 for marking
[2025-10-30T13:12:51.608+0000][gc,marking    ] GC(64) Concurrent Mark From Roots 41.517ms
[2025-10-30T13:12:51.608+0000][gc,marking    ] GC(64) Concurrent Preclean
[2025-10-30T13:12:51.609+0000][gc,marking    ] GC(64) Concurrent Preclean 0.401ms
[2025-10-30T13:12:51.610+0000][gc,marking    ] GC(64) Concurrent Mark (1035.194s, 1035.238s) 43.963ms
[2025-10-30T13:12:51.610+0000][gc,start      ] GC(64) Pause Remark
[2025-10-30T13:12:51.634+0000][gc,stringtable] GC(64) Cleaned string and symbol table, strings: 16658 processed, 288 removed, symbols: 123726 processed, 4 removed
[2025-10-30T13:12:51.636+0000][gc,mmu        ] GC(64) MMU target violated: 21.0ms (20.0ms/21.0ms)
[2025-10-30T13:12:51.636+0000][gc            ] GC(64) Pause Remark 189M->189M(512M) 26.040ms
[2025-10-30T13:12:51.636+0000][gc,cpu        ] GC(64) User=0.04s Sys=0.00s Real=0.02s
[2025-10-30T13:12:51.637+0000][gc,marking    ] GC(64) Concurrent Rebuild Remembered Sets
[2025-10-30T13:12:51.659+0000][gc,marking    ] GC(64) Concurrent Rebuild Remembered Sets 22.558ms
[2025-10-30T13:12:51.660+0000][gc,start      ] GC(64) Pause Cleanup
[2025-10-30T13:12:51.662+0000][gc            ] GC(64) Pause Cleanup 189M->189M(512M) 1.271ms
[2025-10-30T13:12:51.662+0000][gc,cpu        ] GC(64) User=0.00s Sys=0.00s Real=0.00s
[2025-10-30T13:12:51.662+0000][gc,marking    ] GC(64) Concurrent Cleanup for Next Mark
[2025-10-30T13:12:51.663+0000][gc,marking    ] GC(64) Concurrent Cleanup for Next Mark 1.184ms
[2025-10-30T13:12:51.664+0000][gc            ] GC(64) Concurrent Cycle 106.306ms
[2025-10-30T13:12:57.861+0000][gc,start      ] GC(65) Pause Young (Prepare Mixed) (G1 Evacuation Pause)
[2025-10-30T13:12:57.861+0000][gc,task       ] GC(65) Using 2 workers of 2 for evacuation
[2025-10-30T13:12:57.872+0000][gc,phases     ] GC(65)   Pre Evacuate Collection Set: 0.0ms
[2025-10-30T13:12:57.872+0000][gc,phases     ] GC(65)   Evacuate Collection Set: 9.9ms
[2025-10-30T13:12:57.872+0000][gc,phases     ] GC(65)   Post Evacuate Collection Set: 0.6ms
[2025-10-30T13:12:57.872+0000][gc,phases     ] GC(65)   Other: 0.8ms
[2025-10-30T13:12:57.872+0000][gc,heap       ] GC(65) Eden regions: 20->0(22)
[2025-10-30T13:12:57.872+0000][gc,heap       ] GC(65) Survivor regions: 5->3(4)
[2025-10-30T13:12:57.873+0000][gc,heap       ] GC(65) Old regions: 46->49
[2025-10-30T13:12:57.873+0000][gc,heap       ] GC(65) Humongous regions: 138->138
[2025-10-30T13:12:57.873+0000][gc,metaspace  ] GC(65) Metaspace: 51985K(55472K)->51985K(55472K) NonClass: 46177K(48048K)->46177K(48048K) Class: 5808K(7424K)->5808K(7424K)
[2025-10-30T13:12:57.873+0000][gc            ] GC(65) Pause Young (Prepare Mixed) (G1 Evacuation Pause) 208M->188M(512M) 12.387ms
[2025-10-30T13:12:57.873+0000][gc,cpu        ] GC(65) User=0.02s Sys=0.00s Real=0.01s
[2025-10-30T13:13:07.620+0000][gc,start      ] GC(66) Pause Young (Mixed) (G1 Evacuation Pause)
[2025-10-30T13:13:07.620+0000][gc,task       ] GC(66) Using 2 workers of 2 for evacuation
[2025-10-30T13:13:07.628+0000][gc,phases     ] GC(66)   Pre Evacuate Collection Set: 0.0ms
[2025-10-30T13:13:07.628+0000][gc,phases     ] GC(66)   Evacuate Collection Set: 7.2ms
[2025-10-30T13:13:07.629+0000][gc,phases     ] GC(66)   Post Evacuate Collection Set: 0.7ms
[2025-10-30T13:13:07.629+0000][gc,phases     ] GC(66)   Other: 0.5ms
[2025-10-30T13:13:07.629+0000][gc,heap       ] GC(66) Eden regions: 22->0(63)
[2025-10-30T13:13:07.629+0000][gc,heap       ] GC(66) Survivor regions: 3->3(4)
[2025-10-30T13:13:07.629+0000][gc,heap       ] GC(66) Old regions: 49->47
[2025-10-30T13:13:07.630+0000][gc,heap       ] GC(66) Humongous regions: 138->138
[2025-10-30T13:13:07.630+0000][gc,metaspace  ] GC(66) Metaspace: 51986K(55472K)->51986K(55472K) NonClass: 46177K(48048K)->46177K(48048K) Class: 5808K(7424K)->5808K(7424K)
[2025-10-30T13:13:07.630+0000][gc            ] GC(66) Pause Young (Mixed) (G1 Evacuation Pause) 210M->187M(512M) 9.865ms
[2025-10-30T13:13:07.630+0000][gc,cpu        ] GC(66) User=0.02s Sys=0.00s Real=0.01s
[2025-10-30T13:13:31.024+0000][gc,start      ] GC(67) Pause Young (Concurrent Start) (G1 Evacuation Pause)
[2025-10-30T13:13:31.024+0000][gc,task       ] GC(67) Using 2 workers of 2 for evacuation
[2025-10-30T13:13:31.033+0000][gc,phases     ] GC(67)   Pre Evacuate Collection Set: 0.2ms
[2025-10-30T13:13:31.034+0000][gc,phases     ] GC(67)   Evacuate Collection Set: 8.3ms
[2025-10-30T13:13:31.034+0000][gc,phases     ] GC(67)   Post Evacuate Collection Set: 0.6ms
[2025-10-30T13:13:31.034+0000][gc,phases     ] GC(67)   Other: 0.5ms
[2025-10-30T13:13:31.034+0000][gc,heap       ] GC(67) Eden regions: 54->0(60)
[2025-10-30T13:13:31.034+0000][gc,heap       ] GC(67) Survivor regions: 3->5(8)
[2025-10-30T13:13:31.034+0000][gc,heap       ] GC(67) Old regions: 47->47
[2025-10-30T13:13:31.035+0000][gc,heap       ] GC(67) Humongous regions: 138->138
[2025-10-30T13:13:31.035+0000][gc,metaspace  ] GC(67) Metaspace: 51987K(55472K)->51987K(55472K) NonClass: 46178K(48048K)->46178K(48048K) Class: 5808K(7424K)->5808K(7424K)
[2025-10-30T13:13:31.035+0000][gc            ] GC(67) Pause Young (Concurrent Start) (G1 Evacuation Pause) 241M->189M(512M) 11.103ms
[2025-10-30T13:13:31.035+0000][gc,cpu        ] GC(67) User=0.02s Sys=0.00s Real=0.01s
[2025-10-30T13:13:31.035+0000][gc            ] GC(68) Concurrent Cycle
[2025-10-30T13:13:31.035+0000][gc,marking    ] GC(68) Concurrent Clear Claimed Marks
[2025-10-30T13:13:31.036+0000][gc,marking    ] GC(68) Concurrent Clear Claimed Marks 0.437ms
[2025-10-30T13:13:31.036+0000][gc,marking    ] GC(68) Concurrent Scan Root Regions
[2025-10-30T13:13:31.041+0000][gc,marking    ] GC(68) Concurrent Scan Root Regions 4.612ms
[2025-10-30T13:13:31.041+0000][gc,marking    ] GC(68) Concurrent Mark (1074.670s)
[2025-10-30T13:13:31.041+0000][gc,marking    ] GC(68) Concurrent Mark From Roots
[2025-10-30T13:13:31.041+0000][gc,task       ] GC(68) Using 1 workers of 1 for marking
[2025-10-30T13:13:31.071+0000][gc,marking    ] GC(68) Concurrent Mark From Roots 29.886ms
[2025-10-30T13:13:31.071+0000][gc,marking    ] GC(68) Concurrent Preclean
[2025-10-30T13:13:31.072+0000][gc,marking    ] GC(68) Concurrent Preclean 0.313ms
[2025-10-30T13:13:31.072+0000][gc,marking    ] GC(68) Concurrent Mark (1074.670s, 1074.701s) 30.751ms
[2025-10-30T13:13:31.072+0000][gc,start      ] GC(68) Pause Remark
[2025-10-30T13:13:31.081+0000][gc,stringtable] GC(68) Cleaned string and symbol table, strings: 16427 processed, 0 removed, symbols: 123722 processed, 183 removed
[2025-10-30T13:13:31.081+0000][gc            ] GC(68) Pause Remark 190M->190M(512M) 8.921ms
[2025-10-30T13:13:31.081+0000][gc,cpu        ] GC(68) User=0.01s Sys=0.00s Real=0.01s
[2025-10-30T13:13:31.082+0000][gc,marking    ] GC(68) Concurrent Rebuild Remembered Sets
[2025-10-30T13:13:31.098+0000][gc,marking    ] GC(68) Concurrent Rebuild Remembered Sets 16.805ms
[2025-10-30T13:13:31.099+0000][gc,start      ] GC(68) Pause Cleanup
[2025-10-30T13:13:31.099+0000][gc            ] GC(68) Pause Cleanup 190M->190M(512M) 0.438ms
[2025-10-30T13:13:31.100+0000][gc,cpu        ] GC(68) User=0.00s Sys=0.00s Real=0.00s
[2025-10-30T13:13:31.100+0000][gc,marking    ] GC(68) Concurrent Cleanup for Next Mark
[2025-10-30T13:13:31.101+0000][gc,marking    ] GC(68) Concurrent Cleanup for Next Mark 0.687ms
[2025-10-30T13:13:31.101+0000][gc            ] GC(68) Concurrent Cycle 65.491ms
[2025-10-30T13:13:47.901+0000][gc,start      ] GC(69) Pause Young (Prepare Mixed) (G1 Evacuation Pause)
[2025-10-30T13:13:47.901+0000][gc,task       ] GC(69) Using 2 workers of 2 for evacuation
[2025-10-30T13:13:47.913+0000][gc,phases     ] GC(69)   Pre Evacuate Collection Set: 0.0ms
[2025-10-30T13:13:47.913+0000][gc,phases     ] GC(69)   Evacuate Collection Set: 10.2ms
[2025-10-30T13:13:47.913+0000][gc,phases     ] GC(69)   Post Evacuate Collection Set: 0.7ms
[2025-10-30T13:13:47.913+0000][gc,phases     ] GC(69)   Other: 0.6ms
[2025-10-30T13:13:47.913+0000][gc,heap       ] GC(69) Eden regions: 40->0(21)
[2025-10-30T13:13:47.913+0000][gc,heap       ] GC(69) Survivor regions: 5->4(6)
[2025-10-30T13:13:47.913+0000][gc,heap       ] GC(69) Old regions: 47->49
[2025-10-30T13:13:47.914+0000][gc,heap       ] GC(69) Humongous regions: 138->138
[2025-10-30T13:13:47.914+0000][gc,metaspace  ] GC(69) Metaspace: 51987K(55472K)->51987K(55472K) NonClass: 46179K(48048K)->46179K(48048K) Class: 5808K(7424K)->5808K(7424K)
[2025-10-30T13:13:47.914+0000][gc            ] GC(69) Pause Young (Prepare Mixed) (G1 Evacuation Pause) 229M->190M(512M) 12.938ms
[2025-10-30T13:13:47.914+0000][gc,cpu        ] GC(69) User=0.02s Sys=0.00s Real=0.01s
[2025-10-30T13:13:56.510+0000][gc,start      ] GC(70) Pause Young (Mixed) (G1 Evacuation Pause)
[2025-10-30T13:13:56.510+0000][gc,task       ] GC(70) Using 2 workers of 2 for evacuation
[2025-10-30T13:13:56.519+0000][gc,phases     ] GC(70)   Pre Evacuate Collection Set: 0.0ms
[2025-10-30T13:13:56.519+0000][gc,phases     ] GC(70)   Evacuate Collection Set: 7.8ms
[2025-10-30T13:13:56.519+0000][gc,phases     ] GC(70)   Post Evacuate Collection Set: 0.7ms
[2025-10-30T13:13:56.520+0000][gc,phases     ] GC(70)   Other: 0.5ms
[2025-10-30T13:13:56.520+0000][gc,heap       ] GC(70) Eden regions: 21->0(78)
[2025-10-30T13:13:56.520+0000][gc,heap       ] GC(70) Survivor regions: 4->2(4)
[2025-10-30T13:13:56.520+0000][gc,heap       ] GC(70) Old regions: 49->47
[2025-10-30T13:13:56.520+0000][gc,heap       ] GC(70) Humongous regions: 138->138
[2025-10-30T13:13:56.520+0000][gc,metaspace  ] GC(70) Metaspace: 51987K(55472K)->51987K(55472K) NonClass: 46179K(48048K)->46179K(48048K) Class: 5808K(7424K)->5808K(7424K)
[2025-10-30T13:13:56.521+0000][gc            ] GC(70) Pause Young (Mixed) (G1 Evacuation Pause) 211M->186M(512M) 10.643ms
[2025-10-30T13:13:56.521+0000][gc,cpu        ] GC(70) User=0.02s Sys=0.00s Real=0.01s
[2025-10-30T13:14:30.292+0000][gc,start      ] GC(71) Pause Young (Concurrent Start) (G1 Evacuation Pause)
[2025-10-30T13:14:30.292+0000][gc,task       ] GC(71) Using 2 workers of 2 for evacuation
[2025-10-30T13:14:30.303+0000][gc,phases     ] GC(71)   Pre Evacuate Collection Set: 0.2ms
[2025-10-30T13:14:30.303+0000][gc,phases     ] GC(71)   Evacuate Collection Set: 9.6ms
[2025-10-30T13:14:30.304+0000][gc,phases     ] GC(71)   Post Evacuate Collection Set: 0.8ms
[2025-10-30T13:14:30.304+0000][gc,phases     ] GC(71)   Other: 1.1ms
[2025-10-30T13:14:30.304+0000][gc,heap       ] GC(71) Eden regions: 64->0(69)
[2025-10-30T13:14:30.304+0000][gc,heap       ] GC(71) Survivor regions: 2->4(9)
[2025-10-30T13:14:30.305+0000][gc,heap       ] GC(71) Old regions: 47->47
[2025-10-30T13:14:30.305+0000][gc,heap       ] GC(71) Humongous regions: 138->138
[2025-10-30T13:14:30.305+0000][gc,metaspace  ] GC(71) Metaspace: 51990K(55472K)->51990K(55472K) NonClass: 46181K(48048K)->46181K(48048K) Class: 5808K(7424K)->5808K(7424K)
[2025-10-30T13:14:30.305+0000][gc            ] GC(71) Pause Young (Concurrent Start) (G1 Evacuation Pause) 250M->188M(512M) 13.456ms
[2025-10-30T13:14:30.305+0000][gc,cpu        ] GC(71) User=0.02s Sys=0.00s Real=0.01s
[2025-10-30T13:14:30.305+0000][gc            ] GC(72) Concurrent Cycle
[2025-10-30T13:14:30.306+0000][gc,marking    ] GC(72) Concurrent Clear Claimed Marks
[2025-10-30T13:14:30.306+0000][gc,marking    ] GC(72) Concurrent Clear Claimed Marks 0.476ms
[2025-10-30T13:14:30.306+0000][gc,marking    ] GC(72) Concurrent Scan Root Regions
[2025-10-30T13:14:30.311+0000][gc,marking    ] GC(72) Concurrent Scan Root Regions 4.631ms
[2025-10-30T13:14:30.311+0000][gc,marking    ] GC(72) Concurrent Mark (1133.941s)
[2025-10-30T13:14:30.311+0000][gc,marking    ] GC(72) Concurrent Mark From Roots
[2025-10-30T13:14:30.312+0000][gc,task       ] GC(72) Using 1 workers of 1 for marking
[2025-10-30T13:14:30.349+0000][gc,marking    ] GC(72) Concurrent Mark From Roots 37.841ms
[2025-10-30T13:14:30.349+0000][gc,marking    ] GC(72) Concurrent Preclean
[2025-10-30T13:14:30.350+0000][gc,marking    ] GC(72) Concurrent Preclean 0.325ms
[2025-10-30T13:14:30.350+0000][gc,marking    ] GC(72) Concurrent Mark (1133.941s, 1133.979s) 38.740ms
[2025-10-30T13:14:30.350+0000][gc,start      ] GC(72) Pause Remark
[2025-10-30T13:14:30.360+0000][gc,stringtable] GC(72) Cleaned string and symbol table, strings: 16438 processed, 0 removed, symbols: 123539 processed, 0 removed
[2025-10-30T13:14:30.361+0000][gc            ] GC(72) Pause Remark 188M->188M(512M) 10.261ms
[2025-10-30T13:14:30.361+0000][gc,cpu        ] GC(72) User=0.02s Sys=0.00s Real=0.01s
[2025-10-30T13:14:30.361+0000][gc,marking    ] GC(72) Concurrent Rebuild Remembered Sets
[2025-10-30T13:14:30.383+0000][gc,marking    ] GC(72) Concurrent Rebuild Remembered Sets 21.401ms
[2025-10-30T13:14:30.383+0000][gc,start      ] GC(72) Pause Cleanup
[2025-10-30T13:14:30.383+0000][gc            ] GC(72) Pause Cleanup 190M->190M(512M) 0.420ms
[2025-10-30T13:14:30.384+0000][gc,cpu        ] GC(72) User=0.00s Sys=0.00s Real=0.00s
[2025-10-30T13:14:30.384+0000][gc,marking    ] GC(72) Concurrent Cleanup for Next Mark
[2025-10-30T13:14:30.385+0000][gc,marking    ] GC(72) Concurrent Cleanup for Next Mark 0.970ms
[2025-10-30T13:14:30.385+0000][gc            ] GC(72) Concurrent Cycle 79.816ms
[2025-10-30T13:14:58.714+0000][gc,start      ] GC(73) Pause Young (Prepare Mixed) (G1 Evacuation Pause)
[2025-10-30T13:14:58.714+0000][gc,task       ] GC(73) Using 2 workers of 2 for evacuation
[2025-10-30T13:14:58.731+0000][gc,phases     ] GC(73)   Pre Evacuate Collection Set: 0.0ms
[2025-10-30T13:14:58.731+0000][gc,phases     ] GC(73)   Evacuate Collection Set: 15.1ms
[2025-10-30T13:14:58.731+0000][gc,phases     ] GC(73)   Post Evacuate Collection Set: 1.0ms
[2025-10-30T13:14:58.732+0000][gc,phases     ] GC(73)   Other: 1.0ms
[2025-10-30T13:14:58.732+0000][gc,heap       ] GC(73) Eden regions: 60->0(19)
[2025-10-30T13:14:58.732+0000][gc,heap       ] GC(73) Survivor regions: 4->6(8)
[2025-10-30T13:14:58.732+0000][gc,heap       ] GC(73) Old regions: 47->47
[2025-10-30T13:14:58.733+0000][gc,heap       ] GC(73) Humongous regions: 138->138
[2025-10-30T13:14:58.733+0000][gc,metaspace  ] GC(73) Metaspace: 52038K(55728K)->52038K(55728K) NonClass: 46230K(48304K)->46230K(48304K) Class: 5808K(7424K)->5808K(7424K)
[2025-10-30T13:14:58.733+0000][gc            ] GC(73) Pause Young (Prepare Mixed) (G1 Evacuation Pause) 248M->190M(512M) 18.970ms
[2025-10-30T13:14:58.733+0000][gc,cpu        ] GC(73) User=0.03s Sys=0.00s Real=0.02s
[2025-10-30T13:15:07.488+0000][gc,start      ] GC(74) Pause Young (Mixed) (G1 Evacuation Pause)
[2025-10-30T13:15:07.488+0000][gc,task       ] GC(74) Using 2 workers of 2 for evacuation
[2025-10-30T13:15:07.497+0000][gc,phases     ] GC(74)   Pre Evacuate Collection Set: 0.0ms
[2025-10-30T13:15:07.498+0000][gc,phases     ] GC(74)   Evacuate Collection Set: 8.6ms
[2025-10-30T13:15:07.498+0000][gc,phases     ] GC(74)   Post Evacuate Collection Set: 0.7ms
[2025-10-30T13:15:07.498+0000][gc,phases     ] GC(74)   Other: 0.6ms
[2025-10-30T13:15:07.498+0000][gc,heap       ] GC(74) Eden regions: 19->0(70)
[2025-10-30T13:15:07.498+0000][gc,heap       ] GC(74) Survivor regions: 6->2(4)
[2025-10-30T13:15:07.498+0000][gc,heap       ] GC(74) Old regions: 47->47
[2025-10-30T13:15:07.498+0000][gc,heap       ] GC(74) Humongous regions: 138->138
[2025-10-30T13:15:07.498+0000][gc,metaspace  ] GC(74) Metaspace: 52038K(55728K)->52038K(55728K) NonClass: 46230K(48304K)->46230K(48304K) Class: 5808K(7424K)->5808K(7424K)
[2025-10-30T13:15:07.499+0000][gc            ] GC(74) Pause Young (Mixed) (G1 Evacuation Pause) 209M->186M(512M) 11.026ms
[2025-10-30T13:15:07.499+0000][gc,cpu        ] GC(74) User=0.02s Sys=0.00s Real=0.01s
[2025-10-30T13:15:36.921+0000][gc,start      ] GC(75) Pause Young (Concurrent Start) (G1 Evacuation Pause)
[2025-10-30T13:15:36.921+0000][gc,task       ] GC(75) Using 2 workers of 2 for evacuation
[2025-10-30T13:15:36.932+0000][gc,phases     ] GC(75)   Pre Evacuate Collection Set: 0.2ms
[2025-10-30T13:15:36.932+0000][gc,phases     ] GC(75)   Evacuate Collection Set: 9.7ms
[2025-10-30T13:15:36.932+0000][gc,phases     ] GC(75)   Post Evacuate Collection Set: 0.8ms
[2025-10-30T13:15:36.932+0000][gc,phases     ] GC(75)   Other: 0.5ms
[2025-10-30T13:15:36.932+0000][gc,heap       ] GC(75) Eden regions: 63->0(66)
[2025-10-30T13:15:36.933+0000][gc,heap       ] GC(75) Survivor regions: 2->4(9)
[2025-10-30T13:15:36.933+0000][gc,heap       ] GC(75) Old regions: 47->47
[2025-10-30T13:15:36.933+0000][gc,heap       ] GC(75) Humongous regions: 138->138
[2025-10-30T13:15:36.933+0000][gc,metaspace  ] GC(75) Metaspace: 52040K(55728K)->52040K(55728K) NonClass: 46231K(48304K)->46231K(48304K) Class: 5808K(7424K)->5808K(7424K)
[2025-10-30T13:15:36.933+0000][gc            ] GC(75) Pause Young (Concurrent Start) (G1 Evacuation Pause) 249M->188M(512M) 12.656ms
[2025-10-30T13:15:36.933+0000][gc,cpu        ] GC(75) User=0.03s Sys=0.00s Real=0.01s
[2025-10-30T13:15:36.933+0000][gc            ] GC(76) Concurrent Cycle
[2025-10-30T13:15:36.934+0000][gc,marking    ] GC(76) Concurrent Clear Claimed Marks
[2025-10-30T13:15:36.934+0000][gc,marking    ] GC(76) Concurrent Clear Claimed Marks 0.396ms
[2025-10-30T13:15:36.934+0000][gc,marking    ] GC(76) Concurrent Scan Root Regions
[2025-10-30T13:15:36.939+0000][gc,marking    ] GC(76) Concurrent Scan Root Regions 4.917ms
[2025-10-30T13:15:36.939+0000][gc,marking    ] GC(76) Concurrent Mark (1200.569s)
[2025-10-30T13:15:36.940+0000][gc,marking    ] GC(76) Concurrent Mark From Roots
[2025-10-30T13:15:36.940+0000][gc,task       ] GC(76) Using 1 workers of 1 for marking
[2025-10-30T13:15:36.968+0000][gc,marking    ] GC(76) Concurrent Mark From Roots 28.670ms
[2025-10-30T13:15:36.968+0000][gc,marking    ] GC(76) Concurrent Preclean
[2025-10-30T13:15:36.969+0000][gc,marking    ] GC(76) Concurrent Preclean 0.285ms
[2025-10-30T13:15:36.969+0000][gc,marking    ] GC(76) Concurrent Mark (1200.569s, 1200.599s) 29.436ms
[2025-10-30T13:15:36.969+0000][gc,start      ] GC(76) Pause Remark
[2025-10-30T13:15:36.978+0000][gc,stringtable] GC(76) Cleaned string and symbol table, strings: 16438 processed, 0 removed, symbols: 123539 processed, 0 removed
[2025-10-30T13:15:36.978+0000][gc            ] GC(76) Pause Remark 188M->188M(512M) 8.975ms
[2025-10-30T13:15:36.978+0000][gc,cpu        ] GC(76) User=0.01s Sys=0.00s Real=0.01s
[2025-10-30T13:15:36.979+0000][gc,marking    ] GC(76) Concurrent Rebuild Remembered Sets
[2025-10-30T13:15:36.997+0000][gc,marking    ] GC(76) Concurrent Rebuild Remembered Sets 17.881ms
[2025-10-30T13:15:36.997+0000][gc,start      ] GC(76) Pause Cleanup
[2025-10-30T13:15:36.997+0000][gc            ] GC(76) Pause Cleanup 188M->188M(512M) 0.359ms
[2025-10-30T13:15:36.998+0000][gc,cpu        ] GC(76) User=0.00s Sys=0.00s Real=0.00s
[2025-10-30T13:15:36.998+0000][gc,marking    ] GC(76) Concurrent Cleanup for Next Mark
[2025-10-30T13:15:36.999+0000][gc,marking    ] GC(76) Concurrent Cleanup for Next Mark 0.726ms
[2025-10-30T13:15:36.999+0000][gc            ] GC(76) Concurrent Cycle 65.424ms
[2025-10-30T13:16:05.299+0000][gc,start      ] GC(77) Pause Young (Prepare Mixed) (G1 Evacuation Pause)
[2025-10-30T13:16:05.299+0000][gc,task       ] GC(77) Using 2 workers of 2 for evacuation
[2025-10-30T13:16:05.311+0000][gc,phases     ] GC(77)   Pre Evacuate Collection Set: 0.0ms
[2025-10-30T13:16:05.311+0000][gc,phases     ] GC(77)   Evacuate Collection Set: 10.9ms
[2025-10-30T13:16:05.311+0000][gc,phases     ] GC(77)   Post Evacuate Collection Set: 0.7ms
[2025-10-30T13:16:05.312+0000][gc,phases     ] GC(77)   Other: 0.6ms
[2025-10-30T13:16:05.312+0000][gc,heap       ] GC(77) Eden regions: 62->0(19)
[2025-10-30T13:16:05.312+0000][gc,heap       ] GC(77) Survivor regions: 4->6(9)
[2025-10-30T13:16:05.312+0000][gc,heap       ] GC(77) Old regions: 47->47
[2025-10-30T13:16:05.312+0000][gc,heap       ] GC(77) Humongous regions: 138->138
[2025-10-30T13:16:05.312+0000][gc,metaspace  ] GC(77) Metaspace: 52046K(55728K)->52046K(55728K) NonClass: 46238K(48304K)->46238K(48304K) Class: 5808K(7424K)->5808K(7424K)
[2025-10-30T13:16:05.312+0000][gc            ] GC(77) Pause Young (Prepare Mixed) (G1 Evacuation Pause) 250M->190M(512M) 13.550ms
[2025-10-30T13:16:05.313+0000][gc,cpu        ] GC(77) User=0.02s Sys=0.00s Real=0.01s
[2025-10-30T13:16:13.939+0000][gc,start      ] GC(78) Pause Young (Mixed) (G1 Evacuation Pause)
[2025-10-30T13:16:13.939+0000][gc,task       ] GC(78) Using 2 workers of 2 for evacuation
[2025-10-30T13:16:13.951+0000][gc,phases     ] GC(78)   Pre Evacuate Collection Set: 0.0ms
[2025-10-30T13:16:13.951+0000][gc,phases     ] GC(78)   Evacuate Collection Set: 10.5ms
[2025-10-30T13:16:13.951+0000][gc,phases     ] GC(78)   Post Evacuate Collection Set: 0.6ms
[2025-10-30T13:16:13.951+0000][gc,phases     ] GC(78)   Other: 0.5ms
[2025-10-30T13:16:13.951+0000][gc,heap       ] GC(78) Eden regions: 19->0(72)
[2025-10-30T13:16:13.951+0000][gc,heap       ] GC(78) Survivor regions: 6->1(4)
[2025-10-30T13:16:13.951+0000][gc,heap       ] GC(78) Old regions: 47->50
[2025-10-30T13:16:13.952+0000][gc,heap       ] GC(78) Humongous regions: 138->138
[2025-10-30T13:16:13.952+0000][gc,metaspace  ] GC(78) Metaspace: 52047K(55728K)->52047K(55728K) NonClass: 46238K(48304K)->46238K(48304K) Class: 5808K(7424K)->5808K(7424K)
[2025-10-30T13:16:13.952+0000][gc            ] GC(78) Pause Young (Mixed) (G1 Evacuation Pause) 209M->188M(512M) 12.942ms
[2025-10-30T13:16:13.952+0000][gc,cpu        ] GC(78) User=0.02s Sys=0.00s Real=0.01s
[2025-10-30T13:16:45.428+0000][gc,start      ] GC(79) Pause Young (Normal) (G1 Evacuation Pause)
[2025-10-30T13:16:45.428+0000][gc,task       ] GC(79) Using 2 workers of 2 for evacuation
[2025-10-30T13:16:45.439+0000][gc,phases     ] GC(79)   Pre Evacuate Collection Set: 0.0ms
[2025-10-30T13:16:45.439+0000][gc,phases     ] GC(79)   Evacuate Collection Set: 9.6ms
[2025-10-30T13:16:45.439+0000][gc,phases     ] GC(79)   Post Evacuate Collection Set: 0.7ms
[2025-10-30T13:16:45.439+0000][gc,phases     ] GC(79)   Other: 1.0ms
[2025-10-30T13:16:45.440+0000][gc,heap       ] GC(79) Eden regions: 67->0(69)
[2025-10-30T13:16:45.440+0000][gc,heap       ] GC(79) Survivor regions: 1->3(9)
[2025-10-30T13:16:45.440+0000][gc,heap       ] GC(79) Old regions: 50->50
[2025-10-30T13:16:45.440+0000][gc,heap       ] GC(79) Humongous regions: 138->138
[2025-10-30T13:16:45.440+0000][gc,metaspace  ] GC(79) Metaspace: 52050K(55728K)->52050K(55728K) NonClass: 46242K(48304K)->46242K(48304K) Class: 5808K(7424K)->5808K(7424K)
[2025-10-30T13:16:45.440+0000][gc            ] GC(79) Pause Young (Normal) (G1 Evacuation Pause) 255M->189M(512M) 12.830ms
[2025-10-30T13:16:45.441+0000][gc,cpu        ] GC(79) User=0.03s Sys=0.00s Real=0.01s
[2025-10-30T13:17:16.764+0000][gc,start      ] GC(80) Pause Young (Normal) (G1 Evacuation Pause)
[2025-10-30T13:17:16.764+0000][gc,task       ] GC(80) Using 2 workers of 2 for evacuation
[2025-10-30T13:17:16.776+0000][gc,phases     ] GC(80)   Pre Evacuate Collection Set: 0.0ms
[2025-10-30T13:17:16.776+0000][gc,phases     ] GC(80)   Evacuate Collection Set: 10.5ms
[2025-10-30T13:17:16.776+0000][gc,phases     ] GC(80)   Post Evacuate Collection Set: 0.7ms
[2025-10-30T13:17:16.777+0000][gc,phases     ] GC(80)   Other: 0.8ms
[2025-10-30T13:17:16.777+0000][gc,heap       ] GC(80) Eden regions: 65->0(69)
[2025-10-30T13:17:16.777+0000][gc,heap       ] GC(80) Survivor regions: 3->5(9)
[2025-10-30T13:17:16.777+0000][gc,heap       ] GC(80) Old regions: 50->50
[2025-10-30T13:17:16.777+0000][gc,heap       ] GC(80) Humongous regions: 138->138
[2025-10-30T13:17:16.777+0000][gc,metaspace  ] GC(80) Metaspace: 52056K(55728K)->52056K(55728K) NonClass: 46248K(48304K)->46248K(48304K) Class: 5808K(7424K)->5808K(7424K)
[2025-10-30T13:17:16.777+0000][gc            ] GC(80) Pause Young (Normal) (G1 Evacuation Pause) 254M->192M(512M) 13.325ms
[2025-10-30T13:17:16.777+0000][gc,cpu        ] GC(80) User=0.02s Sys=0.00s Real=0.02s
[2025-10-30T13:17:48.914+0000][gc,start      ] GC(81) Pause Young (Normal) (G1 Evacuation Pause)
[2025-10-30T13:17:48.914+0000][gc,task       ] GC(81) Using 2 workers of 2 for evacuation
[2025-10-30T13:17:48.926+0000][gc,phases     ] GC(81)   Pre Evacuate Collection Set: 0.0ms
[2025-10-30T13:17:48.926+0000][gc,phases     ] GC(81)   Evacuate Collection Set: 10.6ms
[2025-10-30T13:17:48.926+0000][gc,phases     ] GC(81)   Post Evacuate Collection Set: 0.7ms
[2025-10-30T13:17:48.926+0000][gc,phases     ] GC(81)   Other: 0.5ms
[2025-10-30T13:17:48.926+0000][gc,heap       ] GC(81) Eden regions: 69->0(72)
[2025-10-30T13:17:48.926+0000][gc,heap       ] GC(81) Survivor regions: 5->6(10)
[2025-10-30T13:17:48.927+0000][gc,heap       ] GC(81) Old regions: 50->50
[2025-10-30T13:17:48.927+0000][gc,heap       ] GC(81) Humongous regions: 138->138
[2025-10-30T13:17:48.927+0000][gc,metaspace  ] GC(81) Metaspace: 52057K(55728K)->52057K(55728K) NonClass: 46249K(48304K)->46249K(48304K) Class: 5808K(7424K)->5808K(7424K)
[2025-10-30T13:17:48.927+0000][gc            ] GC(81) Pause Young (Normal) (G1 Evacuation Pause) 261M->193M(512M) 13.293ms
[2025-10-30T13:17:48.927+0000][gc,cpu        ] GC(81) User=0.02s Sys=0.00s Real=0.02s
[2025-10-30T13:18:22.402+0000][gc,start      ] GC(82) Pause Young (Normal) (G1 Evacuation Pause)
[2025-10-30T13:18:22.402+0000][gc,task       ] GC(82) Using 2 workers of 2 for evacuation
[2025-10-30T13:18:22.416+0000][gc,phases     ] GC(82)   Pre Evacuate Collection Set: 0.0ms
[2025-10-30T13:18:22.416+0000][gc,phases     ] GC(82)   Evacuate Collection Set: 13.0ms
[2025-10-30T13:18:22.417+0000][gc,phases     ] GC(82)   Post Evacuate Collection Set: 0.6ms
[2025-10-30T13:18:22.417+0000][gc,phases     ] GC(82)   Other: 0.5ms
[2025-10-30T13:18:22.417+0000][gc,heap       ] GC(82) Eden regions: 72->0(74)
[2025-10-30T13:18:22.417+0000][gc,heap       ] GC(82) Survivor regions: 6->8(10)
[2025-10-30T13:18:22.417+0000][gc,heap       ] GC(82) Old regions: 50->50
[2025-10-30T13:18:22.417+0000][gc,heap       ] GC(82) Humongous regions: 138->138
[2025-10-30T13:18:22.417+0000][gc,metaspace  ] GC(82) Metaspace: 52062K(55728K)->52062K(55728K) NonClass: 46254K(48304K)->46254K(48304K) Class: 5808K(7424K)->5808K(7424K)
[2025-10-30T13:18:22.417+0000][gc            ] GC(82) Pause Young (Normal) (G1 Evacuation Pause) 265M->195M(512M) 15.302ms
[2025-10-30T13:18:22.418+0000][gc,cpu        ] GC(82) User=0.03s Sys=0.00s Real=0.02s
[2025-10-30T13:18:56.996+0000][gc,start      ] GC(83) Pause Young (Normal) (G1 Evacuation Pause)
[2025-10-30T13:18:56.996+0000][gc,task       ] GC(83) Using 2 workers of 2 for evacuation
[2025-10-30T13:18:57.011+0000][gc,phases     ] GC(83)   Pre Evacuate Collection Set: 0.0ms
[2025-10-30T13:18:57.012+0000][gc,phases     ] GC(83)   Evacuate Collection Set: 14.1ms
[2025-10-30T13:18:57.012+0000][gc,phases     ] GC(83)   Post Evacuate Collection Set: 0.7ms
[2025-10-30T13:18:57.012+0000][gc,phases     ] GC(83)   Other: 0.5ms
[2025-10-30T13:18:57.012+0000][gc,heap       ] GC(83) Eden regions: 74->0(77)
[2025-10-30T13:18:57.012+0000][gc,heap       ] GC(83) Survivor regions: 8->6(11)
[2025-10-30T13:18:57.012+0000][gc,heap       ] GC(83) Old regions: 50->53
[2025-10-30T13:18:57.013+0000][gc,heap       ] GC(83) Humongous regions: 138->138
[2025-10-30T13:18:57.013+0000][gc,metaspace  ] GC(83) Metaspace: 52063K(55728K)->52063K(55728K) NonClass: 46254K(48304K)->46254K(48304K) Class: 5808K(7424K)->5808K(7424K)
[2025-10-30T13:18:57.013+0000][gc            ] GC(83) Pause Young (Normal) (G1 Evacuation Pause) 269M->195M(512M) 16.796ms
[2025-10-30T13:18:57.013+0000][gc,cpu        ] GC(83) User=0.03s Sys=0.00s Real=0.01s
[2025-10-30T13:19:33.370+0000][gc,start      ] GC(84) Pause Young (Normal) (G1 Evacuation Pause)
[2025-10-30T13:19:33.371+0000][gc,task       ] GC(84) Using 2 workers of 2 for evacuation
[2025-10-30T13:19:33.384+0000][gc,phases     ] GC(84)   Pre Evacuate Collection Set: 0.0ms
[2025-10-30T13:19:33.385+0000][gc,phases     ] GC(84)   Evacuate Collection Set: 12.8ms
[2025-10-30T13:19:33.385+0000][gc,phases     ] GC(84)   Post Evacuate Collection Set: 0.7ms
[2025-10-30T13:19:33.385+0000][gc,phases     ] GC(84)   Other: 0.5ms
[2025-10-30T13:19:33.386+0000][gc,heap       ] GC(84) Eden regions: 77->0(78)
[2025-10-30T13:19:33.386+0000][gc,heap       ] GC(84) Survivor regions: 6->8(11)
[2025-10-30T13:19:33.386+0000][gc,heap       ] GC(84) Old regions: 53->53
[2025-10-30T13:19:33.386+0000][gc,heap       ] GC(84) Humongous regions: 138->138
[2025-10-30T13:19:33.386+0000][gc,metaspace  ] GC(84) Metaspace: 52063K(55728K)->52063K(55728K) NonClass: 46255K(48304K)->46255K(48304K) Class: 5808K(7424K)->5808K(7424K)
[2025-10-30T13:19:33.387+0000][gc            ] GC(84) Pause Young (Normal) (G1 Evacuation Pause) 272M->198M(512M) 16.089ms
[2025-10-30T13:19:33.387+0000][gc,cpu        ] GC(84) User=0.03s Sys=0.00s Real=0.02s
[2025-10-30T13:20:10.925+0000][gc,start      ] GC(85) Pause Young (Normal) (G1 Evacuation Pause)
[2025-10-30T13:20:10.925+0000][gc,task       ] GC(85) Using 2 workers of 2 for evacuation
[2025-10-30T13:20:10.939+0000][gc,phases     ] GC(85)   Pre Evacuate Collection Set: 0.0ms
[2025-10-30T13:20:10.939+0000][gc,phases     ] GC(85)   Evacuate Collection Set: 13.3ms
[2025-10-30T13:20:10.940+0000][gc,phases     ] GC(85)   Post Evacuate Collection Set: 0.7ms
[2025-10-30T13:20:10.940+0000][gc,phases     ] GC(85)   Other: 0.6ms
[2025-10-30T13:20:10.940+0000][gc,heap       ] GC(85) Eden regions: 78->0(83)
[2025-10-30T13:20:10.940+0000][gc,heap       ] GC(85) Survivor regions: 8->6(11)
[2025-10-30T13:20:10.940+0000][gc,heap       ] GC(85) Old regions: 53->56
[2025-10-30T13:20:10.940+0000][gc,heap       ] GC(85) Humongous regions: 138->138
[2025-10-30T13:20:10.940+0000][gc,metaspace  ] GC(85) Metaspace: 52066K(55728K)->52066K(55728K) NonClass: 46257K(48304K)->46257K(48304K) Class: 5808K(7424K)->5808K(7424K)
[2025-10-30T13:20:10.940+0000][gc            ] GC(85) Pause Young (Normal) (G1 Evacuation Pause) 276M->199M(512M) 15.755ms
[2025-10-30T13:20:10.941+0000][gc,cpu        ] GC(85) User=0.03s Sys=0.00s Real=0.01s
[2025-10-30T13:20:48.899+0000][gc,start      ] GC(86) Pause Young (Normal) (G1 Evacuation Pause)
[2025-10-30T13:20:48.899+0000][gc,task       ] GC(86) Using 2 workers of 2 for evacuation
[2025-10-30T13:20:48.914+0000][gc,phases     ] GC(86)   Pre Evacuate Collection Set: 0.0ms
[2025-10-30T13:20:48.914+0000][gc,phases     ] GC(86)   Evacuate Collection Set: 13.4ms
[2025-10-30T13:20:48.914+0000][gc,phases     ] GC(86)   Post Evacuate Collection Set: 0.7ms
[2025-10-30T13:20:48.914+0000][gc,phases     ] GC(86)   Other: 0.6ms
[2025-10-30T13:20:48.914+0000][gc,heap       ] GC(86) Eden regions: 83->0(83)
[2025-10-30T13:20:48.915+0000][gc,heap       ] GC(86) Survivor regions: 6->8(12)
[2025-10-30T13:20:48.915+0000][gc,heap       ] GC(86) Old regions: 56->56
[2025-10-30T13:20:48.915+0000][gc,heap       ] GC(86) Humongous regions: 138->138
[2025-10-30T13:20:48.915+0000][gc,metaspace  ] GC(86) Metaspace: 52066K(55728K)->52066K(55728K) NonClass: 46257K(48304K)->46257K(48304K) Class: 5808K(7424K)->5808K(7424K)
[2025-10-30T13:20:48.915+0000][gc            ] GC(86) Pause Young (Normal) (G1 Evacuation Pause) 282M->201M(512M) 16.420ms
[2025-10-30T13:20:48.915+0000][gc,cpu        ] GC(86) User=0.03s Sys=0.00s Real=0.02s
[2025-10-30T13:21:28.173+0000][gc,start      ] GC(87) Pause Young (Normal) (G1 Evacuation Pause)
[2025-10-30T13:21:28.173+0000][gc,task       ] GC(87) Using 2 workers of 2 for evacuation
[2025-10-30T13:21:28.188+0000][gc,phases     ] GC(87)   Pre Evacuate Collection Set: 0.0ms
[2025-10-30T13:21:28.188+0000][gc,phases     ] GC(87)   Evacuate Collection Set: 14.0ms
[2025-10-30T13:21:28.188+0000][gc,phases     ] GC(87)   Post Evacuate Collection Set: 0.6ms
[2025-10-30T13:21:28.188+0000][gc,phases     ] GC(87)   Other: 0.6ms
[2025-10-30T13:21:28.189+0000][gc,heap       ] GC(87) Eden regions: 83->0(86)
[2025-10-30T13:21:28.189+0000][gc,heap       ] GC(87) Survivor regions: 8->7(12)
[2025-10-30T13:21:28.189+0000][gc,heap       ] GC(87) Old regions: 56->59
[2025-10-30T13:21:28.189+0000][gc,heap       ] GC(87) Humongous regions: 138->138
[2025-10-30T13:21:28.189+0000][gc,metaspace  ] GC(87) Metaspace: 52073K(55728K)->52073K(55728K) NonClass: 46264K(48304K)->46264K(48304K) Class: 5808K(7424K)->5808K(7424K)
[2025-10-30T13:21:28.189+0000][gc            ] GC(87) Pause Young (Normal) (G1 Evacuation Pause) 284M->202M(512M) 16.689ms
[2025-10-30T13:21:28.190+0000][gc,cpu        ] GC(87) User=0.03s Sys=0.00s Real=0.02s
[2025-10-30T13:22:08.984+0000][gc,start      ] GC(88) Pause Young (Normal) (G1 Evacuation Pause)
[2025-10-30T13:22:08.984+0000][gc,task       ] GC(88) Using 2 workers of 2 for evacuation
[2025-10-30T13:22:08.998+0000][gc,phases     ] GC(88)   Pre Evacuate Collection Set: 0.0ms
[2025-10-30T13:22:08.998+0000][gc,phases     ] GC(88)   Evacuate Collection Set: 12.9ms
[2025-10-30T13:22:08.998+0000][gc,phases     ] GC(88)   Post Evacuate Collection Set: 0.7ms
[2025-10-30T13:22:08.998+0000][gc,phases     ] GC(88)   Other: 0.4ms
[2025-10-30T13:22:08.999+0000][gc,heap       ] GC(88) Eden regions: 86->0(87)
[2025-10-30T13:22:08.999+0000][gc,heap       ] GC(88) Survivor regions: 7->9(12)
[2025-10-30T13:22:08.999+0000][gc,heap       ] GC(88) Old regions: 59->59
[2025-10-30T13:22:08.999+0000][gc,heap       ] GC(88) Humongous regions: 138->138
[2025-10-30T13:22:08.999+0000][gc,metaspace  ] GC(88) Metaspace: 52073K(55728K)->52073K(55728K) NonClass: 46265K(48304K)->46265K(48304K) Class: 5808K(7424K)->5808K(7424K)
[2025-10-30T13:22:08.999+0000][gc            ] GC(88) Pause Young (Normal) (G1 Evacuation Pause) 288M->205M(512M) 15.542ms
[2025-10-30T13:22:09.000+0000][gc,cpu        ] GC(88) User=0.03s Sys=0.00s Real=0.01s
[2025-10-30T13:22:49.524+0000][gc,start      ] GC(89) Pause Young (Normal) (G1 Evacuation Pause)
[2025-10-30T13:22:49.524+0000][gc,task       ] GC(89) Using 2 workers of 2 for evacuation
[2025-10-30T13:22:49.539+0000][gc,phases     ] GC(89)   Pre Evacuate Collection Set: 0.0ms
[2025-10-30T13:22:49.539+0000][gc,phases     ] GC(89)   Evacuate Collection Set: 14.0ms
[2025-10-30T13:22:49.539+0000][gc,phases     ] GC(89)   Post Evacuate Collection Set: 0.7ms
[2025-10-30T13:22:49.539+0000][gc,phases     ] GC(89)   Other: 0.4ms
[2025-10-30T13:22:49.539+0000][gc,heap       ] GC(89) Eden regions: 87->0(90)
[2025-10-30T13:22:49.540+0000][gc,heap       ] GC(89) Survivor regions: 9->7(12)
[2025-10-30T13:22:49.540+0000][gc,heap       ] GC(89) Old regions: 59->62
[2025-10-30T13:22:49.540+0000][gc,heap       ] GC(89) Humongous regions: 138->138
[2025-10-30T13:22:49.540+0000][gc,metaspace  ] GC(89) Metaspace: 52074K(55728K)->52074K(55728K) NonClass: 46266K(48304K)->46266K(48304K) Class: 5808K(7424K)->5808K(7424K)
[2025-10-30T13:22:49.540+0000][gc            ] GC(89) Pause Young (Normal) (G1 Evacuation Pause) 292M->206M(512M) 16.350ms
[2025-10-30T13:22:49.540+0000][gc,cpu        ] GC(89) User=0.03s Sys=0.00s Real=0.01s
[2025-10-30T13:23:30.696+0000][gc,start      ] GC(90) Pause Young (Normal) (G1 Evacuation Pause)
[2025-10-30T13:23:30.696+0000][gc,task       ] GC(90) Using 2 workers of 2 for evacuation
[2025-10-30T13:23:30.710+0000][gc,phases     ] GC(90)   Pre Evacuate Collection Set: 0.1ms
[2025-10-30T13:23:30.710+0000][gc,phases     ] GC(90)   Evacuate Collection Set: 12.5ms
[2025-10-30T13:23:30.710+0000][gc,phases     ] GC(90)   Post Evacuate Collection Set: 0.7ms
[2025-10-30T13:23:30.710+0000][gc,phases     ] GC(90)   Other: 0.8ms
[2025-10-30T13:23:30.710+0000][gc,heap       ] GC(90) Eden regions: 90->0(93)
[2025-10-30T13:23:30.710+0000][gc,heap       ] GC(90) Survivor regions: 7->8(13)
[2025-10-30T13:23:30.711+0000][gc,heap       ] GC(90) Old regions: 62->62
[2025-10-30T13:23:30.711+0000][gc,heap       ] GC(90) Humongous regions: 138->138
[2025-10-30T13:23:30.711+0000][gc,metaspace  ] GC(90) Metaspace: 52075K(55728K)->52075K(55728K) NonClass: 46267K(48304K)->46267K(48304K) Class: 5808K(7424K)->5808K(7424K)
[2025-10-30T13:23:30.711+0000][gc            ] GC(90) Pause Young (Normal) (G1 Evacuation Pause) 296M->207M(512M) 15.311ms
[2025-10-30T13:23:30.711+0000][gc,cpu        ] GC(90) User=0.02s Sys=0.00s Real=0.01s
[2025-10-30T13:24:11.380+0000][gc,start      ] GC(91) Pause Young (Normal) (G1 Evacuation Pause)
[2025-10-30T13:24:11.381+0000][gc,task       ] GC(91) Using 2 workers of 2 for evacuation
[2025-10-30T13:24:11.396+0000][gc,phases     ] GC(91)   Pre Evacuate Collection Set: 0.0ms
[2025-10-30T13:24:11.396+0000][gc,phases     ] GC(91)   Evacuate Collection Set: 14.5ms
[2025-10-30T13:24:11.396+0000][gc,phases     ] GC(91)   Post Evacuate Collection Set: 0.7ms
[2025-10-30T13:24:11.397+0000][gc,phases     ] GC(91)   Other: 0.6ms
[2025-10-30T13:24:11.397+0000][gc,heap       ] GC(91) Eden regions: 93->0(96)
[2025-10-30T13:24:11.397+0000][gc,heap       ] GC(91) Survivor regions: 8->9(13)
[2025-10-30T13:24:11.397+0000][gc,heap       ] GC(91) Old regions: 62->64
[2025-10-30T13:24:11.397+0000][gc,heap       ] GC(91) Humongous regions: 138->138
[2025-10-30T13:24:11.397+0000][gc,metaspace  ] GC(91) Metaspace: 52076K(55728K)->52076K(55728K) NonClass: 46267K(48304K)->46267K(48304K) Class: 5808K(7424K)->5808K(7424K)
[2025-10-30T13:24:11.398+0000][gc            ] GC(91) Pause Young (Normal) (G1 Evacuation Pause) 300M->209M(512M) 17.515ms
[2025-10-30T13:24:11.398+0000][gc,cpu        ] GC(91) User=0.03s Sys=0.00s Real=0.02s
[2025-10-30T13:24:51.710+0000][gc,start      ] GC(92) Pause Young (Normal) (G1 Evacuation Pause)
[2025-10-30T13:24:51.711+0000][gc,task       ] GC(92) Using 2 workers of 2 for evacuation
[2025-10-30T13:24:51.727+0000][gc,phases     ] GC(92)   Pre Evacuate Collection Set: 0.0ms
[2025-10-30T13:24:51.727+0000][gc,phases     ] GC(92)   Evacuate Collection Set: 14.9ms
[2025-10-30T13:24:51.727+0000][gc,phases     ] GC(92)   Post Evacuate Collection Set: 0.8ms
[2025-10-30T13:24:51.727+0000][gc,phases     ] GC(92)   Other: 0.7ms
[2025-10-30T13:24:51.727+0000][gc,heap       ] GC(92) Eden regions: 96->0(96)
[2025-10-30T13:24:51.728+0000][gc,heap       ] GC(92) Survivor regions: 9->8(14)
[2025-10-30T13:24:51.728+0000][gc,heap       ] GC(92) Old regions: 64->66
[2025-10-30T13:24:51.728+0000][gc,heap       ] GC(92) Humongous regions: 138->138
[2025-10-30T13:24:51.728+0000][gc,metaspace  ] GC(92) Metaspace: 52076K(55728K)->52076K(55728K) NonClass: 46267K(48304K)->46267K(48304K) Class: 5808K(7424K)->5808K(7424K)
[2025-10-30T13:24:51.729+0000][gc            ] GC(92) Pause Young (Normal) (G1 Evacuation Pause) 305M->211M(512M) 18.195ms
[2025-10-30T13:24:51.729+0000][gc,cpu        ] GC(92) User=0.03s Sys=0.00s Real=0.02s
[2025-10-30T13:25:32.810+0000][gc,start      ] GC(93) Pause Young (Normal) (G1 Evacuation Pause)
[2025-10-30T13:25:32.810+0000][gc,task       ] GC(93) Using 2 workers of 2 for evacuation
[2025-10-30T13:25:32.828+0000][gc,phases     ] GC(93)   Pre Evacuate Collection Set: 0.0ms
[2025-10-30T13:25:32.828+0000][gc,phases     ] GC(93)   Evacuate Collection Set: 16.9ms
[2025-10-30T13:25:32.828+0000][gc,phases     ] GC(93)   Post Evacuate Collection Set: 0.7ms
[2025-10-30T13:25:32.828+0000][gc,phases     ] GC(93)   Other: 0.5ms
[2025-10-30T13:25:32.828+0000][gc,heap       ] GC(93) Eden regions: 96->0(98)
[2025-10-30T13:25:32.828+0000][gc,heap       ] GC(93) Survivor regions: 8->10(13)
[2025-10-30T13:25:32.829+0000][gc,heap       ] GC(93) Old regions: 66->68
[2025-10-30T13:25:32.829+0000][gc,heap       ] GC(93) Humongous regions: 138->138
[2025-10-30T13:25:32.829+0000][gc,metaspace  ] GC(93) Metaspace: 52077K(55728K)->52077K(55728K) NonClass: 46269K(48304K)->46269K(48304K) Class: 5808K(7424K)->5808K(7424K)
[2025-10-30T13:25:32.829+0000][gc            ] GC(93) Pause Young (Normal) (G1 Evacuation Pause) 307M->214M(512M) 19.337ms
[2025-10-30T13:25:32.829+0000][gc,cpu        ] GC(93) User=0.04s Sys=0.00s Real=0.02s
[2025-10-30T13:26:14.046+0000][gc,start      ] GC(94) Pause Young (Normal) (G1 Evacuation Pause)
[2025-10-30T13:26:14.047+0000][gc,task       ] GC(94) Using 2 workers of 2 for evacuation
[2025-10-30T13:26:14.063+0000][gc,phases     ] GC(94)   Pre Evacuate Collection Set: 0.0ms
[2025-10-30T13:26:14.064+0000][gc,phases     ] GC(94)   Evacuate Collection Set: 15.6ms
[2025-10-30T13:26:14.064+0000][gc,phases     ] GC(94)   Post Evacuate Collection Set: 0.7ms
[2025-10-30T13:26:14.064+0000][gc,phases     ] GC(94)   Other: 0.6ms
[2025-10-30T13:26:14.064+0000][gc,heap       ] GC(94) Eden regions: 98->0(99)
[2025-10-30T13:26:14.064+0000][gc,heap       ] GC(94) Survivor regions: 10->9(14)
[2025-10-30T13:26:14.064+0000][gc,heap       ] GC(94) Old regions: 68->70
[2025-10-30T13:26:14.064+0000][gc,heap       ] GC(94) Humongous regions: 138->138
[2025-10-30T13:26:14.064+0000][gc,metaspace  ] GC(94) Metaspace: 52080K(55728K)->52080K(55728K) NonClass: 46272K(48304K)->46272K(48304K) Class: 5808K(7424K)->5808K(7424K)
[2025-10-30T13:26:14.065+0000][gc            ] GC(94) Pause Young (Normal) (G1 Evacuation Pause) 312M->215M(512M) 18.119ms
[2025-10-30T13:26:14.065+0000][gc,cpu        ] GC(94) User=0.03s Sys=0.00s Real=0.01s
[2025-10-30T13:26:52.870+0000][gc,start      ] GC(95) Pause Young (Normal) (G1 Evacuation Pause)
[2025-10-30T13:26:52.870+0000][gc,task       ] GC(95) Using 2 workers of 2 for evacuation
[2025-10-30T13:26:52.887+0000][gc,phases     ] GC(95)   Pre Evacuate Collection Set: 0.0ms
[2025-10-30T13:26:52.887+0000][gc,phases     ] GC(95)   Evacuate Collection Set: 15.5ms
[2025-10-30T13:26:52.887+0000][gc,phases     ] GC(95)   Post Evacuate Collection Set: 0.6ms
[2025-10-30T13:26:52.887+0000][gc,phases     ] GC(95)   Other: 0.6ms
[2025-10-30T13:26:52.888+0000][gc,heap       ] GC(95) Eden regions: 93->0(101)
[2025-10-30T13:26:52.888+0000][gc,heap       ] GC(95) Survivor regions: 9->10(13)
[2025-10-30T13:26:52.888+0000][gc,heap       ] GC(95) Old regions: 70->72
[2025-10-30T13:26:52.888+0000][gc,heap       ] GC(95) Humongous regions: 138->138
[2025-10-30T13:26:52.888+0000][gc,metaspace  ] GC(95) Metaspace: 52082K(55728K)->52082K(55728K) NonClass: 46274K(48304K)->46274K(48304K) Class: 5808K(7424K)->5808K(7424K)
[2025-10-30T13:26:52.888+0000][gc            ] GC(95) Pause Young (Normal) (G1 Evacuation Pause) 308M->218M(512M) 18.112ms
[2025-10-30T13:26:52.888+0000][gc,cpu        ] GC(95) User=0.03s Sys=0.00s Real=0.02s
[2025-10-30T13:27:31.695+0000][gc,start      ] GC(96) Pause Young (Normal) (G1 Evacuation Pause)
[2025-10-30T13:27:31.695+0000][gc,task       ] GC(96) Using 2 workers of 2 for evacuation
[2025-10-30T13:27:31.715+0000][gc,phases     ] GC(96)   Pre Evacuate Collection Set: 0.0ms
[2025-10-30T13:27:31.715+0000][gc,phases     ] GC(96)   Evacuate Collection Set: 19.2ms
[2025-10-30T13:27:31.715+0000][gc,phases     ] GC(96)   Post Evacuate Collection Set: 0.7ms
[2025-10-30T13:27:31.716+0000][gc,phases     ] GC(96)   Other: 0.5ms
[2025-10-30T13:27:31.716+0000][gc,heap       ] GC(96) Eden regions: 94->0(102)
[2025-10-30T13:27:31.716+0000][gc,heap       ] GC(96) Survivor regions: 10->7(13)
[2025-10-30T13:27:31.716+0000][gc,heap       ] GC(96) Old regions: 72->75
[2025-10-30T13:27:31.716+0000][gc,heap       ] GC(96) Humongous regions: 138->138
[2025-10-30T13:27:31.716+0000][gc,metaspace  ] GC(96) Metaspace: 52084K(55728K)->52084K(55728K) NonClass: 46275K(48304K)->46275K(48304K) Class: 5808K(7424K)->5808K(7424K)
[2025-10-30T13:27:31.716+0000][gc            ] GC(96) Pause Young (Normal) (G1 Evacuation Pause) 312M->219M(512M) 21.808ms
[2025-10-30T13:27:31.717+0000][gc,cpu        ] GC(96) User=0.04s Sys=0.00s Real=0.02s
[2025-10-30T13:28:13.196+0000][gc,start      ] GC(97) Pause Young (Normal) (G1 Evacuation Pause)
[2025-10-30T13:28:13.197+0000][gc,task       ] GC(97) Using 2 workers of 2 for evacuation
[2025-10-30T13:28:13.210+0000][gc,phases     ] GC(97)   Pre Evacuate Collection Set: 0.0ms
[2025-10-30T13:28:13.210+0000][gc,phases     ] GC(97)   Evacuate Collection Set: 12.5ms
[2025-10-30T13:28:13.210+0000][gc,phases     ] GC(97)   Post Evacuate Collection Set: 0.6ms
[2025-10-30T13:28:13.211+0000][gc,phases     ] GC(97)   Other: 0.6ms
[2025-10-30T13:28:13.211+0000][gc,heap       ] GC(97) Eden regions: 95->0(104)
[2025-10-30T13:28:13.211+0000][gc,heap       ] GC(97) Survivor regions: 7->8(13)
[2025-10-30T13:28:13.211+0000][gc,heap       ] GC(97) Old regions: 75->75
[2025-10-30T13:28:13.211+0000][gc,heap       ] GC(97) Humongous regions: 138->138
[2025-10-30T13:28:13.211+0000][gc,metaspace  ] GC(97) Metaspace: 52089K(55728K)->52089K(55728K) NonClass: 46281K(48304K)->46281K(48304K) Class: 5808K(7424K)->5808K(7424K)
[2025-10-30T13:28:13.211+0000][gc            ] GC(97) Pause Young (Normal) (G1 Evacuation Pause) 314M->220M(512M) 15.031ms
[2025-10-30T13:28:13.212+0000][gc,cpu        ] GC(97) User=0.03s Sys=0.00s Real=0.01s
[2025-10-30T13:28:56.255+0000][gc,start      ] GC(98) Pause Young (Normal) (G1 Evacuation Pause)
[2025-10-30T13:28:56.255+0000][gc,task       ] GC(98) Using 2 workers of 2 for evacuation
[2025-10-30T13:28:56.271+0000][gc,phases     ] GC(98)   Pre Evacuate Collection Set: 0.0ms
[2025-10-30T13:28:56.271+0000][gc,phases     ] GC(98)   Evacuate Collection Set: 14.8ms
[2025-10-30T13:28:56.272+0000][gc,phases     ] GC(98)   Post Evacuate Collection Set: 0.7ms
[2025-10-30T13:28:56.272+0000][gc,phases     ] GC(98)   Other: 0.5ms
[2025-10-30T13:28:56.272+0000][gc,heap       ] GC(98) Eden regions: 96->0(106)
[2025-10-30T13:28:56.272+0000][gc,heap       ] GC(98) Survivor regions: 8->9(13)
[2025-10-30T13:28:56.273+0000][gc,heap       ] GC(98) Old regions: 75->77
[2025-10-30T13:28:56.273+0000][gc,heap       ] GC(98) Humongous regions: 138->138
[2025-10-30T13:28:56.273+0000][gc,metaspace  ] GC(98) Metaspace: 52097K(55728K)->52097K(55728K) NonClass: 46288K(48304K)->46288K(48304K) Class: 5808K(7424K)->5808K(7424K)
[2025-10-30T13:28:56.273+0000][gc            ] GC(98) Pause Young (Normal) (G1 Evacuation Pause) 316M->223M(512M) 17.764ms
[2025-10-30T13:28:56.273+0000][gc,cpu        ] GC(98) User=0.03s Sys=0.00s Real=0.02s
[2025-10-30T13:29:41.965+0000][gc,start      ] GC(99) Pause Young (Normal) (G1 Evacuation Pause)
[2025-10-30T13:29:41.965+0000][gc,task       ] GC(99) Using 2 workers of 2 for evacuation
[2025-10-30T13:29:41.980+0000][gc,phases     ] GC(99)   Pre Evacuate Collection Set: 0.0ms
[2025-10-30T13:29:41.980+0000][gc,phases     ] GC(99)   Evacuate Collection Set: 14.0ms
[2025-10-30T13:29:41.980+0000][gc,phases     ] GC(99)   Post Evacuate Collection Set: 0.6ms
[2025-10-30T13:29:41.980+0000][gc,phases     ] GC(99)   Other: 0.5ms
[2025-10-30T13:29:41.981+0000][gc,heap       ] GC(99) Eden regions: 106->0(110)
[2025-10-30T13:29:41.981+0000][gc,heap       ] GC(99) Survivor regions: 9->8(15)
[2025-10-30T13:29:41.981+0000][gc,heap       ] GC(99) Old regions: 77->79
[2025-10-30T13:29:41.981+0000][gc,heap       ] GC(99) Humongous regions: 138->138
[2025-10-30T13:29:41.981+0000][gc,metaspace  ] GC(99) Metaspace: 52098K(55728K)->52098K(55728K) NonClass: 46289K(48304K)->46289K(48304K) Class: 5808K(7424K)->5808K(7424K)
[2025-10-30T13:29:41.981+0000][gc            ] GC(99) Pause Young (Normal) (G1 Evacuation Pause) 329M->224M(512M) 16.522ms
[2025-10-30T13:29:41.982+0000][gc,cpu        ] GC(99) User=0.03s Sys=0.00s Real=0.01s
[2025-10-30T13:30:29.043+0000][gc,start      ] GC(100) Pause Young (Normal) (G1 Evacuation Pause)
[2025-10-30T13:30:29.044+0000][gc,task       ] GC(100) Using 2 workers of 2 for evacuation
[2025-10-30T13:30:29.061+0000][gc,phases     ] GC(100)   Pre Evacuate Collection Set: 0.0ms
[2025-10-30T13:30:29.061+0000][gc,phases     ] GC(100)   Evacuate Collection Set: 16.4ms
[2025-10-30T13:30:29.062+0000][gc,phases     ] GC(100)   Post Evacuate Collection Set: 0.7ms
[2025-10-30T13:30:29.062+0000][gc,phases     ] GC(100)   Other: 0.6ms
[2025-10-30T13:30:29.062+0000][gc,heap       ] GC(100) Eden regions: 110->0(110)
[2025-10-30T13:30:29.062+0000][gc,heap       ] GC(100) Survivor regions: 8->10(15)
[2025-10-30T13:30:29.062+0000][gc,heap       ] GC(100) Old regions: 79->81
[2025-10-30T13:30:29.062+0000][gc,heap       ] GC(100) Humongous regions: 138->138
[2025-10-30T13:30:29.062+0000][gc,metaspace  ] GC(100) Metaspace: 52099K(55728K)->52099K(55728K) NonClass: 46291K(48304K)->46291K(48304K) Class: 5808K(7424K)->5808K(7424K)
[2025-10-30T13:30:29.063+0000][gc            ] GC(100) Pause Young (Normal) (G1 Evacuation Pause) 334M->228M(512M) 19.274ms
[2025-10-30T13:30:29.063+0000][gc,cpu        ] GC(100) User=0.04s Sys=0.00s Real=0.01s
[2025-10-30T13:31:12.557+0000][gc,start      ] GC(101) Pause Young (Normal) (G1 Evacuation Pause)
[2025-10-30T13:31:12.557+0000][gc,task       ] GC(101) Using 2 workers of 2 for evacuation
[2025-10-30T13:31:12.574+0000][gc,phases     ] GC(101)   Pre Evacuate Collection Set: 0.1ms
[2025-10-30T13:31:12.574+0000][gc,phases     ] GC(101)   Evacuate Collection Set: 16.2ms
[2025-10-30T13:31:12.575+0000][gc,phases     ] GC(101)   Post Evacuate Collection Set: 0.6ms
[2025-10-30T13:31:12.575+0000][gc,phases     ] GC(101)   Other: 0.5ms
[2025-10-30T13:31:12.575+0000][gc,heap       ] GC(101) Eden regions: 101->0(110)
[2025-10-30T13:31:12.575+0000][gc,heap       ] GC(101) Survivor regions: 10->8(14)
[2025-10-30T13:31:12.575+0000][gc,heap       ] GC(101) Old regions: 81->85
[2025-10-30T13:31:12.575+0000][gc,heap       ] GC(101) Humongous regions: 138->138
[2025-10-30T13:31:12.575+0000][gc,metaspace  ] GC(101) Metaspace: 52100K(55728K)->52100K(55728K) NonClass: 46291K(48304K)->46291K(48304K) Class: 5808K(7424K)->5808K(7424K)
[2025-10-30T13:31:12.576+0000][gc            ] GC(101) Pause Young (Normal) (G1 Evacuation Pause) 329M->230M(512M) 18.786ms
[2025-10-30T13:31:12.576+0000][gc,cpu        ] GC(101) User=0.03s Sys=0.00s Real=0.02s
[2025-10-30T13:31:59.694+0000][gc,start      ] GC(102) Pause Young (Normal) (G1 Evacuation Pause)
[2025-10-30T13:31:59.694+0000][gc,task       ] GC(102) Using 2 workers of 2 for evacuation
[2025-10-30T13:31:59.710+0000][gc,phases     ] GC(102)   Pre Evacuate Collection Set: 0.0ms
[2025-10-30T13:31:59.710+0000][gc,phases     ] GC(102)   Evacuate Collection Set: 14.1ms
[2025-10-30T13:31:59.710+0000][gc,phases     ] GC(102)   Post Evacuate Collection Set: 0.8ms
[2025-10-30T13:31:59.710+0000][gc,phases     ] GC(102)   Other: 0.5ms
[2025-10-30T13:31:59.710+0000][gc,heap       ] GC(102) Eden regions: 110->0(111)
[2025-10-30T13:31:59.711+0000][gc,heap       ] GC(102) Survivor regions: 8->9(15)
[2025-10-30T13:31:59.711+0000][gc,heap       ] GC(102) Old regions: 85->85
[2025-10-30T13:31:59.711+0000][gc,heap       ] GC(102) Humongous regions: 138->138
[2025-10-30T13:31:59.711+0000][gc,metaspace  ] GC(102) Metaspace: 52101K(55728K)->52101K(55728K) NonClass: 46293K(48304K)->46293K(48304K) Class: 5808K(7424K)->5808K(7424K)
[2025-10-30T13:31:59.711+0000][gc            ] GC(102) Pause Young (Normal) (G1 Evacuation Pause) 340M->231M(512M) 17.021ms
[2025-10-30T13:31:59.711+0000][gc,cpu        ] GC(102) User=0.03s Sys=0.00s Real=0.01s
[2025-10-30T13:32:42.629+0000][gc,start      ] GC(103) Pause Young (Normal) (G1 Evacuation Pause)
[2025-10-30T13:32:42.629+0000][gc,task       ] GC(103) Using 2 workers of 2 for evacuation
[2025-10-30T13:32:42.647+0000][gc,phases     ] GC(103)   Pre Evacuate Collection Set: 0.0ms
[2025-10-30T13:32:42.648+0000][gc,phases     ] GC(103)   Evacuate Collection Set: 17.2ms
[2025-10-30T13:32:42.648+0000][gc,phases     ] GC(103)   Post Evacuate Collection Set: 0.7ms
[2025-10-30T13:32:42.648+0000][gc,phases     ] GC(103)   Other: 0.5ms
[2025-10-30T13:32:42.648+0000][gc,heap       ] GC(103) Eden regions: 104->0(110)
[2025-10-30T13:32:42.648+0000][gc,heap       ] GC(103) Survivor regions: 9->10(15)
[2025-10-30T13:32:42.648+0000][gc,heap       ] GC(103) Old regions: 85->87
[2025-10-30T13:32:42.649+0000][gc,heap       ] GC(103) Humongous regions: 138->138
[2025-10-30T13:32:42.649+0000][gc,metaspace  ] GC(103) Metaspace: 52101K(55728K)->52101K(55728K) NonClass: 46293K(48304K)->46293K(48304K) Class: 5808K(7424K)->5808K(7424K)
[2025-10-30T13:32:42.649+0000][gc            ] GC(103) Pause Young (Normal) (G1 Evacuation Pause) 335M->234M(512M) 19.967ms
[2025-10-30T13:32:42.649+0000][gc,cpu        ] GC(103) User=0.04s Sys=0.00s Real=0.02s
[2025-10-30T13:33:25.529+0000][gc,start      ] GC(104) Pause Young (Normal) (G1 Evacuation Pause)
[2025-10-30T13:33:25.530+0000][gc,task       ] GC(104) Using 2 workers of 2 for evacuation
[2025-10-30T13:33:25.551+0000][gc,mmu        ] GC(104) MMU target violated: 20.9ms (20.0ms/21.0ms)
[2025-10-30T13:33:25.551+0000][gc,phases     ] GC(104)   Pre Evacuate Collection Set: 0.0ms
[2025-10-30T13:33:25.551+0000][gc,phases     ] GC(104)   Evacuate Collection Set: 19.7ms
[2025-10-30T13:33:25.551+0000][gc,phases     ] GC(104)   Post Evacuate Collection Set: 1.1ms
[2025-10-30T13:33:25.552+0000][gc,phases     ] GC(104)   Other: 0.8ms
[2025-10-30T13:33:25.552+0000][gc,heap       ] GC(104) Eden regions: 101->0(107)
[2025-10-30T13:33:25.552+0000][gc,heap       ] GC(104) Survivor regions: 10->7(14)
[2025-10-30T13:33:25.552+0000][gc,heap       ] GC(104) Old regions: 87->91
[2025-10-30T13:33:25.552+0000][gc,heap       ] GC(104) Humongous regions: 138->138
[2025-10-30T13:33:25.553+0000][gc,metaspace  ] GC(104) Metaspace: 52101K(55728K)->52101K(55728K) NonClass: 46293K(48304K)->46293K(48304K) Class: 5808K(7424K)->5808K(7424K)
[2025-10-30T13:33:25.553+0000][gc            ] GC(104) Pause Young (Normal) (G1 Evacuation Pause) 335M->235M(512M) 23.636ms
[2025-10-30T13:33:25.553+0000][gc,cpu        ] GC(104) User=0.04s Sys=0.00s Real=0.03s
[2025-10-30T13:34:19.759+0000][gc,start      ] GC(105) Pause Young (Normal) (G1 Evacuation Pause)
[2025-10-30T13:34:19.760+0000][gc,task       ] GC(105) Using 2 workers of 2 for evacuation
[2025-10-30T13:34:19.780+0000][gc,phases     ] GC(105)   Pre Evacuate Collection Set: 0.0ms
[2025-10-30T13:34:19.780+0000][gc,phases     ] GC(105)   Evacuate Collection Set: 18.4ms
[2025-10-30T13:34:19.780+0000][gc,phases     ] GC(105)   Post Evacuate Collection Set: 0.8ms
[2025-10-30T13:34:19.781+0000][gc,phases     ] GC(105)   Other: 1.6ms
[2025-10-30T13:34:19.781+0000][gc,heap       ] GC(105) Eden regions: 107->0(101)
[2025-10-30T13:34:19.781+0000][gc,heap       ] GC(105) Survivor regions: 7->9(15)
[2025-10-30T13:34:19.781+0000][gc,heap       ] GC(105) Old regions: 91->91
[2025-10-30T13:34:19.781+0000][gc,heap       ] GC(105) Humongous regions: 138->138
[2025-10-30T13:34:19.781+0000][gc,metaspace  ] GC(105) Metaspace: 52101K(55728K)->52101K(55728K) NonClass: 46293K(48304K)->46293K(48304K) Class: 5808K(7424K)->5808K(7424K)
[2025-10-30T13:34:19.782+0000][gc            ] GC(105) Pause Young (Normal) (G1 Evacuation Pause) 342M->237M(512M) 22.311ms
[2025-10-30T13:34:19.782+0000][gc,cpu        ] GC(105) User=0.04s Sys=0.00s Real=0.02s
[2025-10-30T13:35:01.524+0000][gc,start      ] GC(106) Pause Young (Normal) (G1 Evacuation Pause)
[2025-10-30T13:35:01.524+0000][gc,task       ] GC(106) Using 2 workers of 2 for evacuation
[2025-10-30T13:35:01.541+0000][gc,phases     ] GC(106)   Pre Evacuate Collection Set: 0.0ms
[2025-10-30T13:35:01.542+0000][gc,phases     ] GC(106)   Evacuate Collection Set: 16.7ms
[2025-10-30T13:35:01.542+0000][gc,phases     ] GC(106)   Post Evacuate Collection Set: 0.7ms
[2025-10-30T13:35:01.542+0000][gc,phases     ] GC(106)   Other: 0.5ms
[2025-10-30T13:35:01.542+0000][gc,heap       ] GC(106) Eden regions: 88->0(99)
[2025-10-30T13:35:01.542+0000][gc,heap       ] GC(106) Survivor regions: 9->10(13)
[2025-10-30T13:35:01.542+0000][gc,heap       ] GC(106) Old regions: 91->93
[2025-10-30T13:35:01.542+0000][gc,heap       ] GC(106) Humongous regions: 138->138
[2025-10-30T13:35:01.543+0000][gc,metaspace  ] GC(106) Metaspace: 52101K(55728K)->52101K(55728K) NonClass: 46293K(48304K)->46293K(48304K) Class: 5808K(7424K)->5808K(7424K)
[2025-10-30T13:35:01.543+0000][gc            ] GC(106) Pause Young (Normal) (G1 Evacuation Pause) 325M->240M(512M) 19.058ms
[2025-10-30T13:35:01.543+0000][gc,cpu        ] GC(106) User=0.03s Sys=0.00s Real=0.02s
[2025-10-30T13:35:47.601+0000][gc,start      ] GC(107) Pause Young (Normal) (G1 Evacuation Pause)
[2025-10-30T13:35:47.601+0000][gc,task       ] GC(107) Using 2 workers of 2 for evacuation
[2025-10-30T13:35:47.621+0000][gc,phases     ] GC(107)   Pre Evacuate Collection Set: 0.0ms
[2025-10-30T13:35:47.621+0000][gc,phases     ] GC(107)   Evacuate Collection Set: 17.9ms
[2025-10-30T13:35:47.621+0000][gc,phases     ] GC(107)   Post Evacuate Collection Set: 1.0ms
[2025-10-30T13:35:47.621+0000][gc,phases     ] GC(107)   Other: 0.9ms
[2025-10-30T13:35:47.621+0000][gc,heap       ] GC(107) Eden regions: 99->0(103)
[2025-10-30T13:35:47.621+0000][gc,heap       ] GC(107) Survivor regions: 10->7(14)
[2025-10-30T13:35:47.621+0000][gc,heap       ] GC(107) Old regions: 93->97
[2025-10-30T13:35:47.622+0000][gc,heap       ] GC(107) Humongous regions: 138->138
[2025-10-30T13:35:47.622+0000][gc,metaspace  ] GC(107) Metaspace: 52101K(55728K)->52101K(55728K) NonClass: 46293K(48304K)->46293K(48304K) Class: 5808K(7424K)->5808K(7424K)
[2025-10-30T13:35:47.622+0000][gc            ] GC(107) Pause Young (Normal) (G1 Evacuation Pause) 339M->241M(512M) 21.165ms
[2025-10-30T13:35:47.622+0000][gc,cpu        ] GC(107) User=0.03s Sys=0.00s Real=0.02s
[2025-10-30T13:36:36.775+0000][gc,start      ] GC(108) Pause Young (Normal) (G1 Evacuation Pause)
[2025-10-30T13:36:36.775+0000][gc,task       ] GC(108) Using 2 workers of 2 for evacuation
[2025-10-30T13:36:36.791+0000][gc,phases     ] GC(108)   Pre Evacuate Collection Set: 0.0ms
[2025-10-30T13:36:36.792+0000][gc,phases     ] GC(108)   Evacuate Collection Set: 15.2ms
[2025-10-30T13:36:36.792+0000][gc,phases     ] GC(108)   Post Evacuate Collection Set: 0.7ms
[2025-10-30T13:36:36.792+0000][gc,phases     ] GC(108)   Other: 0.7ms
[2025-10-30T13:36:36.792+0000][gc,heap       ] GC(108) Eden regions: 103->0(102)
[2025-10-30T13:36:36.792+0000][gc,heap       ] GC(108) Survivor regions: 7->9(14)
[2025-10-30T13:36:36.792+0000][gc,heap       ] GC(108) Old regions: 97->97
[2025-10-30T13:36:36.793+0000][gc,heap       ] GC(108) Humongous regions: 138->138
[2025-10-30T13:36:36.793+0000][gc,metaspace  ] GC(108) Metaspace: 52108K(55728K)->52108K(55728K) NonClass: 46299K(48304K)->46299K(48304K) Class: 5808K(7424K)->5808K(7424K)
[2025-10-30T13:36:36.793+0000][gc            ] GC(108) Pause Young (Normal) (G1 Evacuation Pause) 344M->243M(512M) 18.367ms
[2025-10-30T13:36:36.793+0000][gc,cpu        ] GC(108) User=0.04s Sys=0.00s Real=0.02s
[2025-10-30T13:37:10.407+0000][gc,start      ] GC(109) Pause Young (Normal) (G1 Evacuation Pause)
[2025-10-30T13:37:10.407+0000][gc,task       ] GC(109) Using 2 workers of 2 for evacuation
[2025-10-30T13:37:10.426+0000][gc,phases     ] GC(109)   Pre Evacuate Collection Set: 0.0ms
[2025-10-30T13:37:10.427+0000][gc,phases     ] GC(109)   Evacuate Collection Set: 18.2ms
[2025-10-30T13:37:10.427+0000][gc,phases     ] GC(109)   Post Evacuate Collection Set: 0.8ms
[2025-10-30T13:37:10.427+0000][gc,phases     ] GC(109)   Other: 0.7ms
[2025-10-30T13:37:10.427+0000][gc,heap       ] GC(109) Eden regions: 71->0(99)
[2025-10-30T13:37:10.428+0000][gc,heap       ] GC(109) Survivor regions: 9->7(10)
[2025-10-30T13:37:10.428+0000][gc,heap       ] GC(109) Old regions: 97->101
[2025-10-30T13:37:10.428+0000][gc,heap       ] GC(109) Humongous regions: 138->138
[2025-10-30T13:37:10.428+0000][gc,metaspace  ] GC(109) Metaspace: 52108K(55728K)->52108K(55728K) NonClass: 46300K(48304K)->46300K(48304K) Class: 5808K(7424K)->5808K(7424K)
[2025-10-30T13:37:10.428+0000][gc            ] GC(109) Pause Young (Normal) (G1 Evacuation Pause) 314M->245M(512M) 21.836ms
[2025-10-30T13:37:10.429+0000][gc,cpu        ] GC(109) User=0.04s Sys=0.00s Real=0.02s
[2025-10-30T13:37:57.249+0000][gc,start      ] GC(110) Pause Young (Normal) (G1 Evacuation Pause)
[2025-10-30T13:37:57.249+0000][gc,task       ] GC(110) Using 2 workers of 2 for evacuation
[2025-10-30T13:37:57.264+0000][gc,phases     ] GC(110)   Pre Evacuate Collection Set: 0.0ms
[2025-10-30T13:37:57.264+0000][gc,phases     ] GC(110)   Evacuate Collection Set: 13.3ms
[2025-10-30T13:37:57.264+0000][gc,phases     ] GC(110)   Post Evacuate Collection Set: 0.8ms
[2025-10-30T13:37:57.264+0000][gc,phases     ] GC(110)   Other: 0.6ms
[2025-10-30T13:37:57.264+0000][gc,heap       ] GC(110) Eden regions: 99->0(101)
[2025-10-30T13:37:57.264+0000][gc,heap       ] GC(110) Survivor regions: 7->9(14)
[2025-10-30T13:37:57.265+0000][gc,heap       ] GC(110) Old regions: 101->101
[2025-10-30T13:37:57.265+0000][gc,heap       ] GC(110) Humongous regions: 138->138
[2025-10-30T13:37:57.265+0000][gc,metaspace  ] GC(110) Metaspace: 52108K(55728K)->52108K(55728K) NonClass: 46300K(48304K)->46300K(48304K) Class: 5808K(7424K)->5808K(7424K)
[2025-10-30T13:37:57.265+0000][gc            ] GC(110) Pause Young (Normal) (G1 Evacuation Pause) 344M->247M(512M) 16.213ms
[2025-10-30T13:37:57.265+0000][gc,cpu        ] GC(110) User=0.03s Sys=0.00s Real=0.02s
[2025-10-30T13:38:35.571+0000][gc,start      ] GC(111) Pause Young (Normal) (G1 Evacuation Pause)
[2025-10-30T13:38:35.571+0000][gc,task       ] GC(111) Using 2 workers of 2 for evacuation
[2025-10-30T13:38:35.588+0000][gc,phases     ] GC(111)   Pre Evacuate Collection Set: 0.0ms
[2025-10-30T13:38:35.588+0000][gc,phases     ] GC(111)   Evacuate Collection Set: 15.9ms
[2025-10-30T13:38:35.588+0000][gc,phases     ] GC(111)   Post Evacuate Collection Set: 0.7ms
[2025-10-30T13:38:35.588+0000][gc,phases     ] GC(111)   Other: 0.6ms
[2025-10-30T13:38:35.589+0000][gc,heap       ] GC(111) Eden regions: 82->0(100)
[2025-10-30T13:38:35.589+0000][gc,heap       ] GC(111) Survivor regions: 9->10(12)
[2025-10-30T13:38:35.589+0000][gc,heap       ] GC(111) Old regions: 101->103
[2025-10-30T13:38:35.589+0000][gc,heap       ] GC(111) Humongous regions: 138->138
[2025-10-30T13:38:35.589+0000][gc,metaspace  ] GC(111) Metaspace: 52117K(55728K)->52117K(55728K) NonClass: 46309K(48304K)->46309K(48304K) Class: 5808K(7424K)->5808K(7424K)
[2025-10-30T13:38:35.590+0000][gc            ] GC(111) Pause Young (Normal) (G1 Evacuation Pause) 329M->250M(512M) 19.015ms
[2025-10-30T13:38:35.590+0000][gc,cpu        ] GC(111) User=0.03s Sys=0.00s Real=0.02s
[2025-10-30T13:39:22.459+0000][gc,start      ] GC(112) Pause Young (Normal) (G1 Evacuation Pause)
[2025-10-30T13:39:22.459+0000][gc,task       ] GC(112) Using 2 workers of 2 for evacuation
[2025-10-30T13:39:22.476+0000][gc,phases     ] GC(112)   Pre Evacuate Collection Set: 0.0ms
[2025-10-30T13:39:22.477+0000][gc,phases     ] GC(112)   Evacuate Collection Set: 16.0ms
[2025-10-30T13:39:22.477+0000][gc,phases     ] GC(112)   Post Evacuate Collection Set: 0.7ms
[2025-10-30T13:39:22.477+0000][gc,phases     ] GC(112)   Other: 0.5ms
[2025-10-30T13:39:22.477+0000][gc,heap       ] GC(112) Eden regions: 100->0(103)
[2025-10-30T13:39:22.477+0000][gc,heap       ] GC(112) Survivor regions: 10->8(14)
[2025-10-30T13:39:22.478+0000][gc,heap       ] GC(112) Old regions: 103->105
[2025-10-30T13:39:22.478+0000][gc,heap       ] GC(112) Humongous regions: 138->138
[2025-10-30T13:39:22.478+0000][gc,metaspace  ] GC(112) Metaspace: 52125K(55728K)->52125K(55728K) NonClass: 46316K(48304K)->46316K(48304K) Class: 5809K(7424K)->5809K(7424K)
[2025-10-30T13:39:22.478+0000][gc            ] GC(112) Pause Young (Normal) (G1 Evacuation Pause) 350M->251M(512M) 18.942ms
[2025-10-30T13:39:22.478+0000][gc,cpu        ] GC(112) User=0.03s Sys=0.00s Real=0.02s
[2025-10-30T13:40:01.503+0000][gc,start      ] GC(113) Pause Young (Normal) (G1 Evacuation Pause)
[2025-10-30T13:40:01.503+0000][gc,task       ] GC(113) Using 2 workers of 2 for evacuation
[2025-10-30T13:40:01.521+0000][gc,phases     ] GC(113)   Pre Evacuate Collection Set: 0.0ms
[2025-10-30T13:40:01.521+0000][gc,phases     ] GC(113)   Evacuate Collection Set: 16.5ms
[2025-10-30T13:40:01.521+0000][gc,phases     ] GC(113)   Post Evacuate Collection Set: 0.7ms
[2025-10-30T13:40:01.521+0000][gc,phases     ] GC(113)   Other: 0.8ms
[2025-10-30T13:40:01.521+0000][gc,heap       ] GC(113) Eden regions: 85->0(91)
[2025-10-30T13:40:01.522+0000][gc,heap       ] GC(113) Survivor regions: 8->8(12)
[2025-10-30T13:40:01.522+0000][gc,heap       ] GC(113) Old regions: 105->109
[2025-10-30T13:40:01.522+0000][gc,heap       ] GC(113) Humongous regions: 138->138
[2025-10-30T13:40:01.522+0000][gc,metaspace  ] GC(113) Metaspace: 52126K(55728K)->52126K(55728K) NonClass: 46317K(48304K)->46317K(48304K) Class: 5809K(7424K)->5809K(7424K)
[2025-10-30T13:40:01.522+0000][gc            ] GC(113) Pause Young (Normal) (G1 Evacuation Pause) 336M->254M(512M) 19.493ms
[2025-10-30T13:40:01.522+0000][gc,cpu        ] GC(113) User=0.04s Sys=0.00s Real=0.02s
[2025-10-30T13:40:44.409+0000][gc,start      ] GC(114) Pause Young (Normal) (G1 Evacuation Pause)
[2025-10-30T13:40:44.410+0000][gc,task       ] GC(114) Using 2 workers of 2 for evacuation
[2025-10-30T13:40:44.424+0000][gc,phases     ] GC(114)   Pre Evacuate Collection Set: 0.0ms
[2025-10-30T13:40:44.424+0000][gc,phases     ] GC(114)   Evacuate Collection Set: 13.6ms
[2025-10-30T13:40:44.425+0000][gc,phases     ] GC(114)   Post Evacuate Collection Set: 0.8ms
[2025-10-30T13:40:44.425+0000][gc,phases     ] GC(114)   Other: 0.5ms
[2025-10-30T13:40:44.425+0000][gc,heap       ] GC(114) Eden regions: 91->0(94)
[2025-10-30T13:40:44.425+0000][gc,heap       ] GC(114) Survivor regions: 8->7(13)
[2025-10-30T13:40:44.425+0000][gc,heap       ] GC(114) Old regions: 109->111
[2025-10-30T13:40:44.425+0000][gc,heap       ] GC(114) Humongous regions: 138->138
[2025-10-30T13:40:44.426+0000][gc,metaspace  ] GC(114) Metaspace: 52126K(55728K)->52126K(55728K) NonClass: 46317K(48304K)->46317K(48304K) Class: 5809K(7424K)->5809K(7424K)
[2025-10-30T13:40:44.426+0000][gc            ] GC(114) Pause Young (Normal) (G1 Evacuation Pause) 345M->255M(512M) 16.389ms
[2025-10-30T13:40:44.426+0000][gc,cpu        ] GC(114) User=0.03s Sys=0.00s Real=0.02s
[2025-10-30T13:41:25.025+0000][gc,start      ] GC(115) Pause Young (Normal) (G1 Evacuation Pause)
[2025-10-30T13:41:25.025+0000][gc,task       ] GC(115) Using 2 workers of 2 for evacuation
[2025-10-30T13:41:25.039+0000][gc,phases     ] GC(115)   Pre Evacuate Collection Set: 0.0ms
[2025-10-30T13:41:25.040+0000][gc,phases     ] GC(115)   Evacuate Collection Set: 13.1ms
[2025-10-30T13:41:25.040+0000][gc,phases     ] GC(115)   Post Evacuate Collection Set: 0.7ms
[2025-10-30T13:41:25.040+0000][gc,phases     ] GC(115)   Other: 0.5ms
[2025-10-30T13:41:25.040+0000][gc,heap       ] GC(115) Eden regions: 88->0(96)
[2025-10-30T13:41:25.040+0000][gc,heap       ] GC(115) Survivor regions: 7->6(12)
[2025-10-30T13:41:25.040+0000][gc,heap       ] GC(115) Old regions: 111->113
[2025-10-30T13:41:25.040+0000][gc,heap       ] GC(115) Humongous regions: 138->138
[2025-10-30T13:41:25.041+0000][gc,metaspace  ] GC(115) Metaspace: 52126K(55728K)->52126K(55728K) NonClass: 46317K(48304K)->46317K(48304K) Class: 5809K(7424K)->5809K(7424K)
[2025-10-30T13:41:25.041+0000][gc            ] GC(115) Pause Young (Normal) (G1 Evacuation Pause) 343M->256M(512M) 15.603ms
[2025-10-30T13:41:25.041+0000][gc,cpu        ] GC(115) User=0.03s Sys=0.00s Real=0.02s
[2025-10-30T13:42:07.313+0000][gc,start      ] GC(116) Pause Young (Normal) (G1 Evacuation Pause)
[2025-10-30T13:42:07.313+0000][gc,task       ] GC(116) Using 2 workers of 2 for evacuation
[2025-10-30T13:42:07.329+0000][gc,phases     ] GC(116)   Pre Evacuate Collection Set: 0.0ms
[2025-10-30T13:42:07.329+0000][gc,phases     ] GC(116)   Evacuate Collection Set: 14.7ms
[2025-10-30T13:42:07.329+0000][gc,phases     ] GC(116)   Post Evacuate Collection Set: 0.6ms
[2025-10-30T13:42:07.329+0000][gc,phases     ] GC(116)   Other: 0.6ms
[2025-10-30T13:42:07.329+0000][gc,heap       ] GC(116) Eden regions: 92->0(94)
[2025-10-30T13:42:07.329+0000][gc,heap       ] GC(116) Survivor regions: 6->9(13)
[2025-10-30T13:42:07.330+0000][gc,heap       ] GC(116) Old regions: 113->113
[2025-10-30T13:42:07.330+0000][gc,heap       ] GC(116) Humongous regions: 138->138
[2025-10-30T13:42:07.330+0000][gc,metaspace  ] GC(116) Metaspace: 52128K(55728K)->52128K(55728K) NonClass: 46319K(48304K)->46319K(48304K) Class: 5809K(7424K)->5809K(7424K)
[2025-10-30T13:42:07.330+0000][gc            ] GC(116) Pause Young (Normal) (G1 Evacuation Pause) 348M->259M(512M) 17.181ms
[2025-10-30T13:42:07.330+0000][gc,cpu        ] GC(116) User=0.03s Sys=0.00s Real=0.02s
[2025-10-30T13:42:52.373+0000][gc,start      ] GC(117) Pause Young (Normal) (G1 Evacuation Pause)
[2025-10-30T13:42:52.374+0000][gc,task       ] GC(117) Using 2 workers of 2 for evacuation
[2025-10-30T13:42:52.391+0000][gc,phases     ] GC(117)   Pre Evacuate Collection Set: 0.0ms
[2025-10-30T13:42:52.391+0000][gc,phases     ] GC(117)   Evacuate Collection Set: 16.0ms
[2025-10-30T13:42:52.391+0000][gc,phases     ] GC(117)   Post Evacuate Collection Set: 0.6ms
[2025-10-30T13:42:52.391+0000][gc,phases     ] GC(117)   Other: 0.7ms
[2025-10-30T13:42:52.391+0000][gc,heap       ] GC(117) Eden regions: 90->0(97)
[2025-10-30T13:42:52.391+0000][gc,heap       ] GC(117) Survivor regions: 9->7(13)
[2025-10-30T13:42:52.392+0000][gc,heap       ] GC(117) Old regions: 113->117
[2025-10-30T13:42:52.392+0000][gc,heap       ] GC(117) Humongous regions: 138->138
[2025-10-30T13:42:52.392+0000][gc,metaspace  ] GC(117) Metaspace: 52129K(55728K)->52129K(55728K) NonClass: 46320K(48304K)->46320K(48304K) Class: 5809K(7424K)->5809K(7424K)
[2025-10-30T13:42:52.392+0000][gc            ] GC(117) Pause Young (Normal) (G1 Evacuation Pause) 349M->260M(512M) 18.600ms
[2025-10-30T13:42:52.392+0000][gc,cpu        ] GC(117) User=0.04s Sys=0.00s Real=0.02s
[2025-10-30T13:43:40.996+0000][gc,start      ] GC(118) Pause Young (Normal) (G1 Evacuation Pause)
[2025-10-30T13:43:40.996+0000][gc,task       ] GC(118) Using 2 workers of 2 for evacuation
[2025-10-30T13:43:41.013+0000][gc,phases     ] GC(118)   Pre Evacuate Collection Set: 0.0ms
[2025-10-30T13:43:41.013+0000][gc,phases     ] GC(118)   Evacuate Collection Set: 15.7ms
[2025-10-30T13:43:41.013+0000][gc,phases     ] GC(118)   Post Evacuate Collection Set: 0.6ms
[2025-10-30T13:43:41.013+0000][gc,phases     ] GC(118)   Other: 0.5ms
[2025-10-30T13:43:41.013+0000][gc,heap       ] GC(118) Eden regions: 97->0(96)
[2025-10-30T13:43:41.013+0000][gc,heap       ] GC(118) Survivor regions: 7->10(13)
[2025-10-30T13:43:41.014+0000][gc,heap       ] GC(118) Old regions: 117->117
[2025-10-30T13:43:41.014+0000][gc,heap       ] GC(118) Humongous regions: 138->138
[2025-10-30T13:43:41.014+0000][gc,metaspace  ] GC(118) Metaspace: 52129K(55728K)->52129K(55728K) NonClass: 46320K(48304K)->46320K(48304K) Class: 5809K(7424K)->5809K(7424K)
[2025-10-30T13:43:41.014+0000][gc            ] GC(118) Pause Young (Normal) (G1 Evacuation Pause) 357M->264M(512M) 18.121ms
[2025-10-30T13:43:41.014+0000][gc,cpu        ] GC(118) User=0.03s Sys=0.00s Real=0.01s
[2025-10-30T13:44:26.293+0000][gc,start      ] GC(119) Pause Young (Normal) (G1 Evacuation Pause)
[2025-10-30T13:44:26.293+0000][gc,task       ] GC(119) Using 2 workers of 2 for evacuation
[2025-10-30T13:44:26.310+0000][gc,phases     ] GC(119)   Pre Evacuate Collection Set: 0.0ms
[2025-10-30T13:44:26.310+0000][gc,phases     ] GC(119)   Evacuate Collection Set: 15.8ms
[2025-10-30T13:44:26.310+0000][gc,phases     ] GC(119)   Post Evacuate Collection Set: 0.7ms
[2025-10-30T13:44:26.310+0000][gc,phases     ] GC(119)   Other: 0.6ms
[2025-10-30T13:44:26.310+0000][gc,heap       ] GC(119) Eden regions: 90->0(98)
[2025-10-30T13:44:26.311+0000][gc,heap       ] GC(119) Survivor regions: 10->8(13)
[2025-10-30T13:44:26.311+0000][gc,heap       ] GC(119) Old regions: 117->120
[2025-10-30T13:44:26.311+0000][gc,heap       ] GC(119) Humongous regions: 138->138
[2025-10-30T13:44:26.311+0000][gc,metaspace  ] GC(119) Metaspace: 52132K(55728K)->52132K(55728K) NonClass: 46323K(48304K)->46323K(48304K) Class: 5809K(7424K)->5809K(7424K)
[2025-10-30T13:44:26.311+0000][gc            ] GC(119) Pause Young (Normal) (G1 Evacuation Pause) 354M->265M(512M) 18.769ms
[2025-10-30T13:44:26.312+0000][gc,cpu        ] GC(119) User=0.03s Sys=0.00s Real=0.02s
[2025-10-30T13:45:15.558+0000][gc,start      ] GC(120) Pause Young (Normal) (G1 Evacuation Pause)
[2025-10-30T13:45:15.558+0000][gc,task       ] GC(120) Using 2 workers of 2 for evacuation
[2025-10-30T13:45:15.573+0000][gc,phases     ] GC(120)   Pre Evacuate Collection Set: 0.0ms
[2025-10-30T13:45:15.573+0000][gc,phases     ] GC(120)   Evacuate Collection Set: 13.9ms
[2025-10-30T13:45:15.573+0000][gc,phases     ] GC(120)   Post Evacuate Collection Set: 0.7ms
[2025-10-30T13:45:15.574+0000][gc,phases     ] GC(120)   Other: 0.6ms
[2025-10-30T13:45:15.574+0000][gc,heap       ] GC(120) Eden regions: 98->0(101)
[2025-10-30T13:45:15.574+0000][gc,heap       ] GC(120) Survivor regions: 8->7(14)
[2025-10-30T13:45:15.574+0000][gc,heap       ] GC(120) Old regions: 120->122
[2025-10-30T13:45:15.574+0000][gc,heap       ] GC(120) Humongous regions: 138->138
[2025-10-30T13:45:15.574+0000][gc,metaspace  ] GC(120) Metaspace: 52133K(55728K)->52133K(55728K) NonClass: 46324K(48304K)->46324K(48304K) Class: 5809K(7424K)->5809K(7424K)
[2025-10-30T13:45:15.574+0000][gc            ] GC(120) Pause Young (Normal) (G1 Evacuation Pause) 363M->267M(512M) 16.222ms
[2025-10-30T13:45:15.574+0000][gc,cpu        ] GC(120) User=0.03s Sys=0.00s Real=0.02s
[2025-10-30T13:46:05.917+0000][gc,start      ] GC(121) Pause Young (Normal) (G1 Evacuation Pause)
[2025-10-30T13:46:05.917+0000][gc,task       ] GC(121) Using 2 workers of 2 for evacuation
[2025-10-30T13:46:05.934+0000][gc,phases     ] GC(121)   Pre Evacuate Collection Set: 0.0ms
[2025-10-30T13:46:05.934+0000][gc,phases     ] GC(121)   Evacuate Collection Set: 15.3ms
[2025-10-30T13:46:05.934+0000][gc,phases     ] GC(121)   Post Evacuate Collection Set: 0.6ms
[2025-10-30T13:46:05.934+0000][gc,phases     ] GC(121)   Other: 0.5ms
[2025-10-30T13:46:05.934+0000][gc,heap       ] GC(121) Eden regions: 101->0(102)
[2025-10-30T13:46:05.934+0000][gc,heap       ] GC(121) Survivor regions: 7->11(14)
[2025-10-30T13:46:05.935+0000][gc,heap       ] GC(121) Old regions: 122->122
[2025-10-30T13:46:05.935+0000][gc,heap       ] GC(121) Humongous regions: 138->138
[2025-10-30T13:46:05.935+0000][gc,metaspace  ] GC(121) Metaspace: 52134K(55728K)->52134K(55728K) NonClass: 46325K(48304K)->46325K(48304K) Class: 5809K(7424K)->5809K(7424K)
[2025-10-30T13:46:05.935+0000][gc            ] GC(121) Pause Young (Normal) (G1 Evacuation Pause) 368M->270M(512M) 17.807ms
[2025-10-30T13:46:05.935+0000][gc,cpu        ] GC(121) User=0.03s Sys=0.00s Real=0.02s
[2025-10-30T13:46:54.848+0000][gc,start      ] GC(122) Pause Young (Normal) (G1 Evacuation Pause)
[2025-10-30T13:46:54.848+0000][gc,task       ] GC(122) Using 2 workers of 2 for evacuation
[2025-10-30T13:46:54.870+0000][gc,mmu        ] GC(122) MMU target violated: 21.0ms (20.0ms/21.0ms)
[2025-10-30T13:46:54.870+0000][gc,phases     ] GC(122)   Pre Evacuate Collection Set: 0.0ms
[2025-10-30T13:46:54.870+0000][gc,phases     ] GC(122)   Evacuate Collection Set: 20.3ms
[2025-10-30T13:46:54.871+0000][gc,phases     ] GC(122)   Post Evacuate Collection Set: 1.2ms
[2025-10-30T13:46:54.871+0000][gc,phases     ] GC(122)   Other: 1.0ms
[2025-10-30T13:46:54.871+0000][gc,heap       ] GC(122) Eden regions: 97->0(98)
[2025-10-30T13:46:54.872+0000][gc,heap       ] GC(122) Survivor regions: 11->8(14)
[2025-10-30T13:46:54.872+0000][gc,heap       ] GC(122) Old regions: 122->126
[2025-10-30T13:46:54.872+0000][gc,heap       ] GC(122) Humongous regions: 138->138
[2025-10-30T13:46:54.872+0000][gc,metaspace  ] GC(122) Metaspace: 52139K(55728K)->52139K(55728K) NonClass: 46330K(48304K)->46330K(48304K) Class: 5809K(7424K)->5809K(7424K)
[2025-10-30T13:46:54.872+0000][gc            ] GC(122) Pause Young (Normal) (G1 Evacuation Pause) 367M->272M(512M) 24.856ms
[2025-10-30T13:46:54.873+0000][gc,cpu        ] GC(122) User=0.04s Sys=0.00s Real=0.03s
[2025-10-30T13:47:44.827+0000][gc,start      ] GC(123) Pause Young (Normal) (G1 Evacuation Pause)
[2025-10-30T13:47:44.827+0000][gc,task       ] GC(123) Using 2 workers of 2 for evacuation
[2025-10-30T13:47:44.843+0000][gc,phases     ] GC(123)   Pre Evacuate Collection Set: 0.0ms
[2025-10-30T13:47:44.844+0000][gc,phases     ] GC(123)   Evacuate Collection Set: 14.9ms
[2025-10-30T13:47:44.844+0000][gc,phases     ] GC(123)   Post Evacuate Collection Set: 0.6ms
[2025-10-30T13:47:44.844+0000][gc,phases     ] GC(123)   Other: 0.7ms
[2025-10-30T13:47:44.844+0000][gc,heap       ] GC(123) Eden regions: 98->0(101)
[2025-10-30T13:47:44.844+0000][gc,heap       ] GC(123) Survivor regions: 8->8(14)
[2025-10-30T13:47:44.844+0000][gc,heap       ] GC(123) Old regions: 126->129
[2025-10-30T13:47:44.844+0000][gc,heap       ] GC(123) Humongous regions: 138->138
[2025-10-30T13:47:44.845+0000][gc,metaspace  ] GC(123) Metaspace: 52145K(55728K)->52145K(55728K) NonClass: 46335K(48304K)->46335K(48304K) Class: 5809K(7424K)->5809K(7424K)
[2025-10-30T13:47:44.845+0000][gc            ] GC(123) Pause Young (Normal) (G1 Evacuation Pause) 370M->274M(512M) 17.638ms
[2025-10-30T13:47:44.845+0000][gc,cpu        ] GC(123) User=0.03s Sys=0.00s Real=0.02s
[2025-10-30T13:48:35.824+0000][gc,start      ] GC(124) Pause Young (Normal) (G1 Evacuation Pause)
[2025-10-30T13:48:35.824+0000][gc,task       ] GC(124) Using 2 workers of 2 for evacuation
[2025-10-30T13:48:35.838+0000][gc,phases     ] GC(124)   Pre Evacuate Collection Set: 0.0ms
[2025-10-30T13:48:35.838+0000][gc,phases     ] GC(124)   Evacuate Collection Set: 12.7ms
[2025-10-30T13:48:35.838+0000][gc,phases     ] GC(124)   Post Evacuate Collection Set: 0.6ms
[2025-10-30T13:48:35.838+0000][gc,phases     ] GC(124)   Other: 0.5ms
[2025-10-30T13:48:35.839+0000][gc,heap       ] GC(124) Eden regions: 101->0(104)
[2025-10-30T13:48:35.839+0000][gc,heap       ] GC(124) Survivor regions: 8->7(14)
[2025-10-30T13:48:35.839+0000][gc,heap       ] GC(124) Old regions: 129->131
[2025-10-30T13:48:35.839+0000][gc,heap       ] GC(124) Humongous regions: 138->138
[2025-10-30T13:48:35.839+0000][gc,metaspace  ] GC(124) Metaspace: 52145K(55728K)->52145K(55728K) NonClass: 46335K(48304K)->46335K(48304K) Class: 5809K(7424K)->5809K(7424K)
[2025-10-30T13:48:35.840+0000][gc            ] GC(124) Pause Young (Normal) (G1 Evacuation Pause) 375M->275M(512M) 15.441ms
[2025-10-30T13:48:35.840+0000][gc,cpu        ] GC(124) User=0.02s Sys=0.00s Real=0.01s
[2025-10-30T13:49:28.196+0000][gc,start      ] GC(125) Pause Young (Normal) (G1 Evacuation Pause)
[2025-10-30T13:49:28.196+0000][gc,task       ] GC(125) Using 2 workers of 2 for evacuation
[2025-10-30T13:49:28.214+0000][gc,phases     ] GC(125)   Pre Evacuate Collection Set: 0.0ms
[2025-10-30T13:49:28.214+0000][gc,phases     ] GC(125)   Evacuate Collection Set: 16.3ms
[2025-10-30T13:49:28.214+0000][gc,phases     ] GC(125)   Post Evacuate Collection Set: 0.7ms
[2025-10-30T13:49:28.214+0000][gc,phases     ] GC(125)   Other: 1.0ms
[2025-10-30T13:49:28.215+0000][gc,heap       ] GC(125) Eden regions: 104->0(104)
[2025-10-30T13:49:28.215+0000][gc,heap       ] GC(125) Survivor regions: 7->11(14)
[2025-10-30T13:49:28.215+0000][gc,heap       ] GC(125) Old regions: 131->131
[2025-10-30T13:49:28.215+0000][gc,heap       ] GC(125) Humongous regions: 138->138
[2025-10-30T13:49:28.215+0000][gc,metaspace  ] GC(125) Metaspace: 52147K(55728K)->52147K(55728K) NonClass: 46337K(48304K)->46337K(48304K) Class: 5809K(7424K)->5809K(7424K)
[2025-10-30T13:49:28.215+0000][gc            ] GC(125) Pause Young (Normal) (G1 Evacuation Pause) 379M->279M(512M) 19.537ms
[2025-10-30T13:49:28.216+0000][gc,cpu        ] GC(125) User=0.03s Sys=0.00s Real=0.02s
[2025-10-30T13:50:18.724+0000][gc,start      ] GC(126) Pause Young (Normal) (G1 Evacuation Pause)
[2025-10-30T13:50:18.724+0000][gc,task       ] GC(126) Using 2 workers of 2 for evacuation
[2025-10-30T13:50:18.746+0000][gc,mmu        ] GC(126) MMU target violated: 21.0ms (20.0ms/21.0ms)
[2025-10-30T13:50:18.746+0000][gc,phases     ] GC(126)   Pre Evacuate Collection Set: 0.0ms
[2025-10-30T13:50:18.746+0000][gc,phases     ] GC(126)   Evacuate Collection Set: 20.4ms
[2025-10-30T13:50:18.746+0000][gc,phases     ] GC(126)   Post Evacuate Collection Set: 0.7ms
[2025-10-30T13:50:18.746+0000][gc,phases     ] GC(126)   Other: 1.2ms
[2025-10-30T13:50:18.746+0000][gc,heap       ] GC(126) Eden regions: 100->0(102)
[2025-10-30T13:50:18.746+0000][gc,heap       ] GC(126) Survivor regions: 11->8(14)
[2025-10-30T13:50:18.747+0000][gc,heap       ] GC(126) Old regions: 131->136
[2025-10-30T13:50:18.747+0000][gc,heap       ] GC(126) Humongous regions: 138->138
[2025-10-30T13:50:18.747+0000][gc,metaspace  ] GC(126) Metaspace: 52149K(55728K)->52149K(55728K) NonClass: 46340K(48304K)->46340K(48304K) Class: 5809K(7424K)->5809K(7424K)
[2025-10-30T13:50:18.747+0000][gc            ] GC(126) Pause Young (Normal) (G1 Evacuation Pause) 379M->281M(512M) 23.414ms
[2025-10-30T13:50:18.747+0000][gc,cpu        ] GC(126) User=0.05s Sys=0.00s Real=0.02s
[2025-10-30T13:51:09.876+0000][gc,start      ] GC(127) Pause Young (Normal) (G1 Evacuation Pause)
[2025-10-30T13:51:09.876+0000][gc,task       ] GC(127) Using 2 workers of 2 for evacuation
[2025-10-30T13:51:09.896+0000][gc,phases     ] GC(127)   Pre Evacuate Collection Set: 0.0ms
[2025-10-30T13:51:09.897+0000][gc,phases     ] GC(127)   Evacuate Collection Set: 18.7ms
[2025-10-30T13:51:09.897+0000][gc,phases     ] GC(127)   Post Evacuate Collection Set: 0.7ms
[2025-10-30T13:51:09.897+0000][gc,phases     ] GC(127)   Other: 1.3ms
[2025-10-30T13:51:09.897+0000][gc,heap       ] GC(127) Eden regions: 102->0(102)
[2025-10-30T13:51:09.897+0000][gc,heap       ] GC(127) Survivor regions: 8->8(14)
[2025-10-30T13:51:09.897+0000][gc,heap       ] GC(127) Old regions: 136->138
[2025-10-30T13:51:09.898+0000][gc,heap       ] GC(127) Humongous regions: 138->138
[2025-10-30T13:51:09.898+0000][gc,metaspace  ] GC(127) Metaspace: 52149K(55728K)->52149K(55728K) NonClass: 46340K(48304K)->46340K(48304K) Class: 5809K(7424K)->5809K(7424K)
[2025-10-30T13:51:09.898+0000][gc            ] GC(127) Pause Young (Normal) (G1 Evacuation Pause) 383M->283M(512M) 22.440ms
[2025-10-30T13:51:09.898+0000][gc,cpu        ] GC(127) User=0.04s Sys=0.00s Real=0.02s
[2025-10-30T13:51:55.878+0000][gc,start      ] GC(128) Pause Young (Normal) (G1 Evacuation Pause)
[2025-10-30T13:51:55.879+0000][gc,task       ] GC(128) Using 2 workers of 2 for evacuation
[2025-10-30T13:51:55.897+0000][gc,phases     ] GC(128)   Pre Evacuate Collection Set: 0.0ms
[2025-10-30T13:51:55.897+0000][gc,phases     ] GC(128)   Evacuate Collection Set: 16.6ms
[2025-10-30T13:51:55.897+0000][gc,phases     ] GC(128)   Post Evacuate Collection Set: 0.8ms
[2025-10-30T13:51:55.898+0000][gc,phases     ] GC(128)   Other: 1.1ms
[2025-10-30T13:51:55.898+0000][gc,heap       ] GC(128) Eden regions: 91->0(100)
[2025-10-30T13:51:55.898+0000][gc,heap       ] GC(128) Survivor regions: 8->9(13)
[2025-10-30T13:51:55.898+0000][gc,heap       ] GC(128) Old regions: 138->140
[2025-10-30T13:51:55.898+0000][gc,heap       ] GC(128) Humongous regions: 138->138
[2025-10-30T13:51:55.898+0000][gc,metaspace  ] GC(128) Metaspace: 52150K(55728K)->52150K(55728K) NonClass: 46341K(48304K)->46341K(48304K) Class: 5809K(7424K)->5809K(7424K)
[2025-10-30T13:51:55.898+0000][gc            ] GC(128) Pause Young (Normal) (G1 Evacuation Pause) 374M->286M(512M) 20.069ms
[2025-10-30T13:51:55.899+0000][gc,cpu        ] GC(128) User=0.04s Sys=0.00s Real=0.02s
[2025-10-30T13:52:41.107+0000][gc,start      ] GC(129) Pause Young (Normal) (G1 Evacuation Pause)
[2025-10-30T13:52:41.107+0000][gc,task       ] GC(129) Using 2 workers of 2 for evacuation
[2025-10-30T13:52:41.124+0000][gc,phases     ] GC(129)   Pre Evacuate Collection Set: 0.0ms
[2025-10-30T13:52:41.124+0000][gc,phases     ] GC(129)   Evacuate Collection Set: 15.5ms
[2025-10-30T13:52:41.124+0000][gc,phases     ] GC(129)   Post Evacuate Collection Set: 0.7ms
[2025-10-30T13:52:41.124+0000][gc,phases     ] GC(129)   Other: 0.7ms
[2025-10-30T13:52:41.125+0000][gc,heap       ] GC(129) Eden regions: 90->0(103)
[2025-10-30T13:52:41.125+0000][gc,heap       ] GC(129) Survivor regions: 9->8(13)
[2025-10-30T13:52:41.125+0000][gc,heap       ] GC(129) Old regions: 140->143
[2025-10-30T13:52:41.125+0000][gc,heap       ] GC(129) Humongous regions: 138->138
[2025-10-30T13:52:41.125+0000][gc,metaspace  ] GC(129) Metaspace: 52151K(55728K)->52151K(55728K) NonClass: 46341K(48304K)->46341K(48304K) Class: 5809K(7424K)->5809K(7424K)
[2025-10-30T13:52:41.125+0000][gc            ] GC(129) Pause Young (Normal) (G1 Evacuation Pause) 376M->287M(512M) 18.354ms
[2025-10-30T13:52:41.126+0000][gc,cpu        ] GC(129) User=0.03s Sys=0.00s Real=0.02s
[2025-10-30T13:53:33.230+0000][gc,start      ] GC(130) Pause Young (Normal) (G1 Evacuation Pause)
[2025-10-30T13:53:33.231+0000][gc,task       ] GC(130) Using 2 workers of 2 for evacuation
[2025-10-30T13:53:33.248+0000][gc,phases     ] GC(130)   Pre Evacuate Collection Set: 0.0ms
[2025-10-30T13:53:33.248+0000][gc,phases     ] GC(130)   Evacuate Collection Set: 15.5ms
[2025-10-30T13:53:33.248+0000][gc,phases     ] GC(130)   Post Evacuate Collection Set: 0.7ms
[2025-10-30T13:53:33.248+0000][gc,phases     ] GC(130)   Other: 1.4ms
[2025-10-30T13:53:33.248+0000][gc,heap       ] GC(130) Eden regions: 103->0(105)
[2025-10-30T13:53:33.249+0000][gc,heap       ] GC(130) Survivor regions: 8->7(14)
[2025-10-30T13:53:33.249+0000][gc,heap       ] GC(130) Old regions: 143->145
[2025-10-30T13:53:33.249+0000][gc,heap       ] GC(130) Humongous regions: 138->138
[2025-10-30T13:53:33.249+0000][gc,metaspace  ] GC(130) Metaspace: 52151K(55728K)->52151K(55728K) NonClass: 46341K(48304K)->46341K(48304K) Class: 5809K(7424K)->5809K(7424K)
[2025-10-30T13:53:33.249+0000][gc            ] GC(130) Pause Young (Normal) (G1 Evacuation Pause) 390M->289M(512M) 18.726ms
[2025-10-30T13:53:33.249+0000][gc,cpu        ] GC(130) User=0.04s Sys=0.00s Real=0.02s
[2025-10-30T13:54:22.517+0000][gc,start      ] GC(131) Pause Young (Normal) (G1 Evacuation Pause)
[2025-10-30T13:54:22.518+0000][gc,task       ] GC(131) Using 2 workers of 2 for evacuation
[2025-10-30T13:54:22.535+0000][gc,phases     ] GC(131)   Pre Evacuate Collection Set: 0.0ms
[2025-10-30T13:54:22.536+0000][gc,phases     ] GC(131)   Evacuate Collection Set: 16.2ms
[2025-10-30T13:54:22.536+0000][gc,phases     ] GC(131)   Post Evacuate Collection Set: 0.7ms
[2025-10-30T13:54:22.536+0000][gc,phases     ] GC(131)   Other: 1.2ms
[2025-10-30T13:54:22.536+0000][gc,heap       ] GC(131) Eden regions: 97->0(103)
[2025-10-30T13:54:22.536+0000][gc,heap       ] GC(131) Survivor regions: 7->9(13)
[2025-10-30T13:54:22.536+0000][gc,heap       ] GC(131) Old regions: 145->147
[2025-10-30T13:54:22.537+0000][gc,heap       ] GC(131) Humongous regions: 138->138
[2025-10-30T13:54:22.537+0000][gc,metaspace  ] GC(131) Metaspace: 52151K(55728K)->52151K(55728K) NonClass: 46341K(48304K)->46341K(48304K) Class: 5809K(7424K)->5809K(7424K)
[2025-10-30T13:54:22.537+0000][gc            ] GC(131) Pause Young (Normal) (G1 Evacuation Pause) 386M->293M(512M) 19.633ms
[2025-10-30T13:54:22.537+0000][gc,cpu        ] GC(131) User=0.03s Sys=0.00s Real=0.02s
[2025-10-30T13:55:13.616+0000][gc,start      ] GC(132) Pause Young (Normal) (G1 Evacuation Pause)
[2025-10-30T13:55:13.616+0000][gc,task       ] GC(132) Using 2 workers of 2 for evacuation
[2025-10-30T13:55:13.631+0000][gc,phases     ] GC(132)   Pre Evacuate Collection Set: 0.0ms
[2025-10-30T13:55:13.632+0000][gc,phases     ] GC(132)   Evacuate Collection Set: 14.6ms
[2025-10-30T13:55:13.632+0000][gc,phases     ] GC(132)   Post Evacuate Collection Set: 0.6ms
[2025-10-30T13:55:13.633+0000][gc,phases     ] GC(132)   Other: 0.5ms
[2025-10-30T13:55:13.633+0000][gc,heap       ] GC(132) Eden regions: 103->0(106)
[2025-10-30T13:55:13.633+0000][gc,heap       ] GC(132) Survivor regions: 9->9(14)
[2025-10-30T13:55:13.634+0000][gc,heap       ] GC(132) Old regions: 147->149
[2025-10-30T13:55:13.634+0000][gc,heap       ] GC(132) Humongous regions: 138->138
[2025-10-30T13:55:13.634+0000][gc,metaspace  ] GC(132) Metaspace: 52151K(55728K)->52151K(55728K) NonClass: 46341K(48304K)->46341K(48304K) Class: 5809K(7424K)->5809K(7424K)
[2025-10-30T13:55:13.635+0000][gc            ] GC(132) Pause Young (Normal) (G1 Evacuation Pause) 396M->295M(512M) 19.374ms
[2025-10-30T13:55:13.635+0000][gc,cpu        ] GC(132) User=0.04s Sys=0.00s Real=0.02s
[2025-10-30T13:55:53.556+0000][gc,start      ] GC(133) Pause Young (Normal) (G1 Evacuation Pause)
[2025-10-30T13:55:53.556+0000][gc,task       ] GC(133) Using 2 workers of 2 for evacuation
[2025-10-30T13:55:53.579+0000][gc,mmu        ] GC(133) MMU target violated: 21.0ms (20.0ms/21.0ms)
[2025-10-30T13:55:53.579+0000][gc,phases     ] GC(133)   Pre Evacuate Collection Set: 0.0ms
[2025-10-30T13:55:53.579+0000][gc,phases     ] GC(133)   Evacuate Collection Set: 21.1ms
[2025-10-30T13:55:53.579+0000][gc,phases     ] GC(133)   Post Evacuate Collection Set: 0.8ms
[2025-10-30T13:55:53.579+0000][gc,phases     ] GC(133)   Other: 0.9ms
[2025-10-30T13:55:53.579+0000][gc,heap       ] GC(133) Eden regions: 88->0(98)
[2025-10-30T13:55:53.579+0000][gc,heap       ] GC(133) Survivor regions: 9->12(13)
[2025-10-30T13:55:53.580+0000][gc,heap       ] GC(133) Old regions: 149->152
[2025-10-30T13:55:53.580+0000][gc,heap       ] GC(133) Humongous regions: 147->147
[2025-10-30T13:55:53.580+0000][gc,metaspace  ] GC(133) Metaspace: 52266K(55728K)->52266K(55728K) NonClass: 46433K(48304K)->46433K(48304K) Class: 5833K(7424K)->5833K(7424K)
[2025-10-30T13:55:53.580+0000][gc            ] GC(133) Pause Young (Normal) (G1 Evacuation Pause) 392M->309M(512M) 23.942ms
[2025-10-30T13:55:53.580+0000][gc,cpu        ] GC(133) User=0.04s Sys=0.00s Real=0.02s
[2025-10-30T13:56:11.613+0000][gc,start      ] GC(134) Pause Young (Normal) (G1 Evacuation Pause)
[2025-10-30T13:56:11.613+0000][gc,task       ] GC(134) Using 2 workers of 2 for evacuation
[2025-10-30T13:56:11.629+0000][gc,phases     ] GC(134)   Pre Evacuate Collection Set: 0.0ms
[2025-10-30T13:56:11.629+0000][gc,phases     ] GC(134)   Evacuate Collection Set: 15.6ms
[2025-10-30T13:56:11.629+0000][gc,phases     ] GC(134)   Post Evacuate Collection Set: 0.6ms
[2025-10-30T13:56:11.630+0000][gc,phases     ] GC(134)   Other: 0.4ms
[2025-10-30T13:56:11.630+0000][gc,heap       ] GC(134) Eden regions: 37->0(125)
[2025-10-30T13:56:11.630+0000][gc,heap       ] GC(134) Survivor regions: 12->2(7)
[2025-10-30T13:56:11.630+0000][gc,heap       ] GC(134) Old regions: 152->162
[2025-10-30T13:56:11.630+0000][gc,heap       ] GC(134) Humongous regions: 147->147
[2025-10-30T13:56:11.630+0000][gc,metaspace  ] GC(134) Metaspace: 52284K(55728K)->52284K(55728K) NonClass: 46445K(48304K)->46445K(48304K) Class: 5839K(7424K)->5839K(7424K)
[2025-10-30T13:56:11.630+0000][gc            ] GC(134) Pause Young (Normal) (G1 Evacuation Pause) 346M->310M(512M) 17.920ms
[2025-10-30T13:56:11.631+0000][gc,cpu        ] GC(134) User=0.03s Sys=0.00s Real=0.02s
[2025-10-30T13:57:14.652+0000][gc,start      ] GC(135) Pause Young (Normal) (G1 Evacuation Pause)
[2025-10-30T13:57:14.652+0000][gc,task       ] GC(135) Using 2 workers of 2 for evacuation
[2025-10-30T13:57:14.663+0000][gc,phases     ] GC(135)   Pre Evacuate Collection Set: 0.0ms
[2025-10-30T13:57:14.663+0000][gc,phases     ] GC(135)   Evacuate Collection Set: 10.1ms
[2025-10-30T13:57:14.664+0000][gc,phases     ] GC(135)   Post Evacuate Collection Set: 0.7ms
[2025-10-30T13:57:14.664+0000][gc,phases     ] GC(135)   Other: 1.0ms
[2025-10-30T13:57:14.664+0000][gc,heap       ] GC(135) Eden regions: 125->0(119)
[2025-10-30T13:57:14.664+0000][gc,heap       ] GC(135) Survivor regions: 2->4(16)
[2025-10-30T13:57:14.664+0000][gc,heap       ] GC(135) Old regions: 162->162
[2025-10-30T13:57:14.664+0000][gc,heap       ] GC(135) Humongous regions: 147->147
[2025-10-30T13:57:14.665+0000][gc,metaspace  ] GC(135) Metaspace: 52288K(55728K)->52288K(55728K) NonClass: 46449K(48304K)->46449K(48304K) Class: 5839K(7424K)->5839K(7424K)
[2025-10-30T13:57:14.665+0000][gc            ] GC(135) Pause Young (Normal) (G1 Evacuation Pause) 435M->312M(512M) 13.146ms
[2025-10-30T13:57:14.665+0000][gc,cpu        ] GC(135) User=0.02s Sys=0.00s Real=0.01s
[2025-10-30T13:58:14.264+0000][gc,start      ] GC(136) Pause Young (Normal) (G1 Evacuation Pause)
[2025-10-30T13:58:14.264+0000][gc,task       ] GC(136) Using 2 workers of 2 for evacuation
[2025-10-30T13:58:14.276+0000][gc,phases     ] GC(136)   Pre Evacuate Collection Set: 0.0ms
[2025-10-30T13:58:14.276+0000][gc,phases     ] GC(136)   Evacuate Collection Set: 10.6ms
[2025-10-30T13:58:14.276+0000][gc,phases     ] GC(136)   Post Evacuate Collection Set: 0.7ms
[2025-10-30T13:58:14.276+0000][gc,phases     ] GC(136)   Other: 0.6ms
[2025-10-30T13:58:14.277+0000][gc,heap       ] GC(136) Eden regions: 119->0(119)
[2025-10-30T13:58:14.277+0000][gc,heap       ] GC(136) Survivor regions: 4->7(16)
[2025-10-30T13:58:14.277+0000][gc,heap       ] GC(136) Old regions: 162->162
[2025-10-30T13:58:14.277+0000][gc,heap       ] GC(136) Humongous regions: 147->147
[2025-10-30T13:58:14.277+0000][gc,metaspace  ] GC(136) Metaspace: 52289K(55728K)->52289K(55728K) NonClass: 46450K(48304K)->46450K(48304K) Class: 5839K(7424K)->5839K(7424K)
[2025-10-30T13:58:14.277+0000][gc            ] GC(136) Pause Young (Normal) (G1 Evacuation Pause) 431M->315M(512M) 13.343ms
[2025-10-30T13:58:14.278+0000][gc,cpu        ] GC(136) User=0.03s Sys=0.00s Real=0.02s
[2025-10-30T13:59:14.329+0000][gc,start      ] GC(137) Pause Young (Normal) (G1 Evacuation Pause)
[2025-10-30T13:59:14.329+0000][gc,task       ] GC(137) Using 2 workers of 2 for evacuation
[2025-10-30T13:59:14.346+0000][gc,phases     ] GC(137)   Pre Evacuate Collection Set: 0.0ms
[2025-10-30T13:59:14.346+0000][gc,phases     ] GC(137)   Evacuate Collection Set: 15.5ms
[2025-10-30T13:59:14.346+0000][gc,phases     ] GC(137)   Post Evacuate Collection Set: 0.6ms
[2025-10-30T13:59:14.346+0000][gc,phases     ] GC(137)   Other: 0.5ms
[2025-10-30T13:59:14.346+0000][gc,heap       ] GC(137) Eden regions: 119->0(114)
[2025-10-30T13:59:14.347+0000][gc,heap       ] GC(137) Survivor regions: 7->11(16)
[2025-10-30T13:59:14.347+0000][gc,heap       ] GC(137) Old regions: 162->162
[2025-10-30T13:59:14.347+0000][gc,heap       ] GC(137) Humongous regions: 147->147
[2025-10-30T13:59:14.347+0000][gc,metaspace  ] GC(137) Metaspace: 52289K(55728K)->52289K(55728K) NonClass: 46450K(48304K)->46450K(48304K) Class: 5839K(7424K)->5839K(7424K)
[2025-10-30T13:59:14.347+0000][gc            ] GC(137) Pause Young (Normal) (G1 Evacuation Pause) 434M->319M(512M) 17.908ms
[2025-10-30T13:59:14.347+0000][gc,cpu        ] GC(137) User=0.03s Sys=0.00s Real=0.01s
[2025-10-30T14:00:11.932+0000][gc,start      ] GC(138) Pause Young (Normal) (G1 Evacuation Pause)
[2025-10-30T14:00:11.932+0000][gc,task       ] GC(138) Using 2 workers of 2 for evacuation
[2025-10-30T14:00:11.950+0000][gc,phases     ] GC(138)   Pre Evacuate Collection Set: 0.0ms
[2025-10-30T14:00:11.950+0000][gc,phases     ] GC(138)   Evacuate Collection Set: 16.6ms
[2025-10-30T14:00:11.950+0000][gc,phases     ] GC(138)   Post Evacuate Collection Set: 0.6ms
[2025-10-30T14:00:11.950+0000][gc,phases     ] GC(138)   Other: 0.7ms
[2025-10-30T14:00:11.951+0000][gc,heap       ] GC(138) Eden regions: 114->0(118)
[2025-10-30T14:00:11.951+0000][gc,heap       ] GC(138) Survivor regions: 11->10(16)
[2025-10-30T14:00:11.951+0000][gc,heap       ] GC(138) Old regions: 162->166
[2025-10-30T14:00:11.951+0000][gc,heap       ] GC(138) Humongous regions: 147->147
[2025-10-30T14:00:11.951+0000][gc,metaspace  ] GC(138) Metaspace: 52307K(55728K)->52307K(55728K) NonClass: 46468K(48304K)->46468K(48304K) Class: 5839K(7424K)->5839K(7424K)
[2025-10-30T14:00:11.951+0000][gc            ] GC(138) Pause Young (Normal) (G1 Evacuation Pause) 433M->321M(512M) 19.099ms
[2025-10-30T14:00:11.951+0000][gc,cpu        ] GC(138) User=0.03s Sys=0.00s Real=0.02s
[2025-10-30T14:01:12.071+0000][gc,start      ] GC(139) Pause Young (Normal) (G1 Evacuation Pause)
[2025-10-30T14:01:12.071+0000][gc,task       ] GC(139) Using 2 workers of 2 for evacuation
[2025-10-30T14:01:12.088+0000][gc,phases     ] GC(139)   Pre Evacuate Collection Set: 0.0ms
[2025-10-30T14:01:12.088+0000][gc,phases     ] GC(139)   Evacuate Collection Set: 15.4ms
[2025-10-30T14:01:12.088+0000][gc,phases     ] GC(139)   Post Evacuate Collection Set: 0.7ms
[2025-10-30T14:01:12.088+0000][gc,phases     ] GC(139)   Other: 0.6ms
[2025-10-30T14:01:12.088+0000][gc,heap       ] GC(139) Eden regions: 118->0(120)
[2025-10-30T14:01:12.088+0000][gc,heap       ] GC(139) Survivor regions: 10->10(16)
[2025-10-30T14:01:12.089+0000][gc,heap       ] GC(139) Old regions: 166->168
[2025-10-30T14:01:12.089+0000][gc,heap       ] GC(139) Humongous regions: 147->147
[2025-10-30T14:01:12.089+0000][gc,metaspace  ] GC(139) Metaspace: 52309K(55728K)->52309K(55728K) NonClass: 46470K(48304K)->46470K(48304K) Class: 5839K(7424K)->5839K(7424K)
[2025-10-30T14:01:12.089+0000][gc            ] GC(139) Pause Young (Normal) (G1 Evacuation Pause) 439M->324M(512M) 17.922ms
[2025-10-30T14:01:12.089+0000][gc,cpu        ] GC(139) User=0.03s Sys=0.00s Real=0.02s
[2025-10-30T14:02:08.671+0000][gc,start      ] GC(140) Pause Young (Normal) (G1 Evacuation Pause)
[2025-10-30T14:02:08.671+0000][gc,task       ] GC(140) Using 2 workers of 2 for evacuation
[2025-10-30T14:02:08.687+0000][gc,phases     ] GC(140)   Pre Evacuate Collection Set: 0.0ms
[2025-10-30T14:02:08.687+0000][gc,phases     ] GC(140)   Evacuate Collection Set: 14.9ms
[2025-10-30T14:02:08.687+0000][gc,phases     ] GC(140)   Post Evacuate Collection Set: 0.6ms
[2025-10-30T14:02:08.687+0000][gc,phases     ] GC(140)   Other: 0.5ms
[2025-10-30T14:02:08.687+0000][gc,heap       ] GC(140) Eden regions: 120->0(120)
[2025-10-30T14:02:08.687+0000][gc,heap       ] GC(140) Survivor regions: 10->9(17)
[2025-10-30T14:02:08.688+0000][gc,heap       ] GC(140) Old regions: 168->171
[2025-10-30T14:02:08.688+0000][gc,heap       ] GC(140) Humongous regions: 147->147
[2025-10-30T14:02:08.688+0000][gc,metaspace  ] GC(140) Metaspace: 52309K(55728K)->52309K(55728K) NonClass: 46470K(48304K)->46470K(48304K) Class: 5839K(7424K)->5839K(7424K)
[2025-10-30T14:02:08.688+0000][gc            ] GC(140) Pause Young (Normal) (G1 Evacuation Pause) 444M->326M(512M) 17.120ms
[2025-10-30T14:02:08.688+0000][gc,cpu        ] GC(140) User=0.03s Sys=0.00s Real=0.01s
[2025-10-30T14:03:02.777+0000][gc,start      ] GC(141) Pause Young (Normal) (G1 Evacuation Pause)
[2025-10-30T14:03:02.777+0000][gc,task       ] GC(141) Using 2 workers of 2 for evacuation
[2025-10-30T14:03:02.793+0000][gc,phases     ] GC(141)   Pre Evacuate Collection Set: 0.0ms
[2025-10-30T14:03:02.793+0000][gc,phases     ] GC(141)   Evacuate Collection Set: 14.3ms
[2025-10-30T14:03:02.793+0000][gc,phases     ] GC(141)   Post Evacuate Collection Set: 0.6ms
[2025-10-30T14:03:02.793+0000][gc,phases     ] GC(141)   Other: 0.6ms
[2025-10-30T14:03:02.794+0000][gc,heap       ] GC(141) Eden regions: 120->0(119)
[2025-10-30T14:03:02.794+0000][gc,heap       ] GC(141) Survivor regions: 9->11(17)
[2025-10-30T14:03:02.794+0000][gc,heap       ] GC(141) Old regions: 171->171
[2025-10-30T14:03:02.794+0000][gc,heap       ] GC(141) Humongous regions: 147->147
[2025-10-30T14:03:02.794+0000][gc,metaspace  ] GC(141) Metaspace: 52309K(55728K)->52309K(55728K) NonClass: 46470K(48304K)->46470K(48304K) Class: 5839K(7424K)->5839K(7424K)
[2025-10-30T14:03:02.794+0000][gc            ] GC(141) Pause Young (Normal) (G1 Evacuation Pause) 446M->329M(512M) 17.189ms
[2025-10-30T14:03:02.794+0000][gc,cpu        ] GC(141) User=0.03s Sys=0.00s Real=0.02s
[2025-10-30T14:03:53.639+0000][gc,start      ] GC(142) Pause Young (Normal) (G1 Evacuation Pause)
[2025-10-30T14:03:53.639+0000][gc,task       ] GC(142) Using 2 workers of 2 for evacuation
[2025-10-30T14:03:53.659+0000][gc,phases     ] GC(142)   Pre Evacuate Collection Set: 0.0ms
[2025-10-30T14:03:53.659+0000][gc,phases     ] GC(142)   Evacuate Collection Set: 18.2ms
[2025-10-30T14:03:53.659+0000][gc,phases     ] GC(142)   Post Evacuate Collection Set: 0.7ms
[2025-10-30T14:03:53.659+0000][gc,phases     ] GC(142)   Other: 0.6ms
[2025-10-30T14:03:53.659+0000][gc,heap       ] GC(142) Eden regions: 119->0(115)
[2025-10-30T14:03:53.660+0000][gc,heap       ] GC(142) Survivor regions: 11->12(17)
[2025-10-30T14:03:53.660+0000][gc,heap       ] GC(142) Old regions: 171->174
[2025-10-30T14:03:53.660+0000][gc,heap       ] GC(142) Humongous regions: 147->147
[2025-10-30T14:03:53.660+0000][gc,metaspace  ] GC(142) Metaspace: 52309K(55728K)->52309K(55728K) NonClass: 46470K(48304K)->46470K(48304K) Class: 5839K(7424K)->5839K(7424K)
[2025-10-30T14:03:53.660+0000][gc            ] GC(142) Pause Young (Normal) (G1 Evacuation Pause) 448M->332M(512M) 20.983ms
[2025-10-30T14:03:53.660+0000][gc,cpu        ] GC(142) User=0.04s Sys=0.00s Real=0.02s
[2025-10-30T14:04:43.170+0000][gc,start      ] GC(143) Pause Young (Normal) (G1 Evacuation Pause)
[2025-10-30T14:04:43.170+0000][gc,task       ] GC(143) Using 2 workers of 2 for evacuation
[2025-10-30T14:04:43.190+0000][gc,phases     ] GC(143)   Pre Evacuate Collection Set: 0.0ms
[2025-10-30T14:04:43.190+0000][gc,phases     ] GC(143)   Evacuate Collection Set: 18.6ms
[2025-10-30T14:04:43.190+0000][gc,phases     ] GC(143)   Post Evacuate Collection Set: 0.6ms
[2025-10-30T14:04:43.191+0000][gc,phases     ] GC(143)   Other: 0.7ms
[2025-10-30T14:04:43.191+0000][gc,heap       ] GC(143) Eden regions: 115->0(115)
[2025-10-30T14:04:43.191+0000][gc,heap       ] GC(143) Survivor regions: 12->9(16)
[2025-10-30T14:04:43.191+0000][gc,heap       ] GC(143) Old regions: 174->179
[2025-10-30T14:04:43.191+0000][gc,heap       ] GC(143) Humongous regions: 147->147
[2025-10-30T14:04:43.191+0000][gc,metaspace  ] GC(143) Metaspace: 52309K(55728K)->52309K(55728K) NonClass: 46470K(48304K)->46470K(48304K) Class: 5839K(7424K)->5839K(7424K)
[2025-10-30T14:04:43.191+0000][gc            ] GC(143) Pause Young (Normal) (G1 Evacuation Pause) 447M->334M(512M) 21.272ms
[2025-10-30T14:04:43.192+0000][gc,cpu        ] GC(143) User=0.04s Sys=0.00s Real=0.02s
[2025-10-30T14:05:34.214+0000][gc,start      ] GC(144) Pause Young (Normal) (G1 Evacuation Pause)
[2025-10-30T14:05:34.214+0000][gc,task       ] GC(144) Using 2 workers of 2 for evacuation
[2025-10-30T14:05:34.234+0000][gc,phases     ] GC(144)   Pre Evacuate Collection Set: 0.0ms
[2025-10-30T14:05:34.234+0000][gc,phases     ] GC(144)   Evacuate Collection Set: 18.7ms
[2025-10-30T14:05:34.234+0000][gc,phases     ] GC(144)   Post Evacuate Collection Set: 0.8ms
[2025-10-30T14:05:34.235+0000][gc,phases     ] GC(144)   Other: 0.7ms
[2025-10-30T14:05:34.235+0000][gc,heap       ] GC(144) Eden regions: 115->0(113)
[2025-10-30T14:05:34.235+0000][gc,heap       ] GC(144) Survivor regions: 9->10(16)
[2025-10-30T14:05:34.235+0000][gc,heap       ] GC(144) Old regions: 179->179
[2025-10-30T14:05:34.235+0000][gc,heap       ] GC(144) Humongous regions: 147->147
[2025-10-30T14:05:34.236+0000][gc,metaspace  ] GC(144) Metaspace: 52309K(55728K)->52309K(55728K) NonClass: 46470K(48304K)->46470K(48304K) Class: 5839K(7424K)->5839K(7424K)
[2025-10-30T14:05:34.236+0000][gc            ] GC(144) Pause Young (Normal) (G1 Evacuation Pause) 449M->335M(512M) 22.174ms
[2025-10-30T14:05:34.236+0000][gc,cpu        ] GC(144) User=0.04s Sys=0.00s Real=0.02s
[2025-10-30T14:06:06.315+0000][gc,start      ] GC(145) Pause Young (Normal) (G1 Evacuation Pause)
[2025-10-30T14:06:06.315+0000][gc,task       ] GC(145) Using 2 workers of 2 for evacuation
[2025-10-30T14:06:06.343+0000][gc,mmu        ] GC(145) MMU target violated: 21.0ms (20.0ms/21.0ms)
[2025-10-30T14:06:06.344+0000][gc,phases     ] GC(145)   Pre Evacuate Collection Set: 0.0ms
[2025-10-30T14:06:06.344+0000][gc,phases     ] GC(145)   Evacuate Collection Set: 25.4ms
[2025-10-30T14:06:06.344+0000][gc,phases     ] GC(145)   Post Evacuate Collection Set: 1.6ms
[2025-10-30T14:06:06.345+0000][gc,phases     ] GC(145)   Other: 2.1ms
[2025-10-30T14:06:06.345+0000][gc,heap       ] GC(145) Eden regions: 56->0(70)
[2025-10-30T14:06:06.346+0000][gc,heap       ] GC(145) Survivor regions: 10->5(9)
[2025-10-30T14:06:06.346+0000][gc,heap       ] GC(145) Old regions: 179->186
[2025-10-30T14:06:06.346+0000][gc,heap       ] GC(145) Humongous regions: 147->147
[2025-10-30T14:06:06.347+0000][gc,metaspace  ] GC(145) Metaspace: 52309K(55728K)->52309K(55728K) NonClass: 46470K(48304K)->46470K(48304K) Class: 5839K(7424K)->5839K(7424K)
[2025-10-30T14:06:06.347+0000][gc            ] GC(145) Pause Young (Normal) (G1 Evacuation Pause) 391M->337M(512M) 32.148ms
[2025-10-30T14:06:06.347+0000][gc,cpu        ] GC(145) User=0.06s Sys=0.00s Real=0.04s
[2025-10-30T14:06:35.545+0000][gc,start      ] GC(146) Pause Young (Normal) (G1 Evacuation Pause)
[2025-10-30T14:06:35.545+0000][gc,task       ] GC(146) Using 2 workers of 2 for evacuation
[2025-10-30T14:06:35.557+0000][gc,phases     ] GC(146)   Pre Evacuate Collection Set: 0.0ms
[2025-10-30T14:06:35.557+0000][gc,phases     ] GC(146)   Evacuate Collection Set: 10.7ms
[2025-10-30T14:06:35.558+0000][gc,phases     ] GC(146)   Post Evacuate Collection Set: 0.6ms
[2025-10-30T14:06:35.558+0000][gc,phases     ] GC(146)   Other: 1.0ms
[2025-10-30T14:06:35.558+0000][gc,heap       ] GC(146) Eden regions: 58->0(70)
[2025-10-30T14:06:35.558+0000][gc,heap       ] GC(146) Survivor regions: 5->3(8)
[2025-10-30T14:06:35.558+0000][gc,heap       ] GC(146) Old regions: 186->189
[2025-10-30T14:06:35.558+0000][gc,heap       ] GC(146) Humongous regions: 147->147
[2025-10-30T14:06:35.559+0000][gc,metaspace  ] GC(146) Metaspace: 52309K(55728K)->52309K(55728K) NonClass: 46470K(48304K)->46470K(48304K) Class: 5839K(7424K)->5839K(7424K)
[2025-10-30T14:06:35.559+0000][gc            ] GC(146) Pause Young (Normal) (G1 Evacuation Pause) 395M->338M(512M) 13.750ms
[2025-10-30T14:06:35.559+0000][gc,cpu        ] GC(146) User=0.02s Sys=0.00s Real=0.01s
[2025-10-30T14:07:06.838+0000][gc,start      ] GC(147) Pause Young (Normal) (G1 Evacuation Pause)
[2025-10-30T14:07:06.838+0000][gc,task       ] GC(147) Using 2 workers of 2 for evacuation
[2025-10-30T14:07:06.848+0000][gc,phases     ] GC(147)   Pre Evacuate Collection Set: 0.0ms
[2025-10-30T14:07:06.848+0000][gc,phases     ] GC(147)   Evacuate Collection Set: 9.1ms
[2025-10-30T14:07:06.848+0000][gc,phases     ] GC(147)   Post Evacuate Collection Set: 0.8ms
[2025-10-30T14:07:06.849+0000][gc,phases     ] GC(147)   Other: 0.6ms
[2025-10-30T14:07:06.849+0000][gc,heap       ] GC(147) Eden regions: 65->0(69)
[2025-10-30T14:07:06.849+0000][gc,heap       ] GC(147) Survivor regions: 3->6(9)
[2025-10-30T14:07:06.849+0000][gc,heap       ] GC(147) Old regions: 189->189
[2025-10-30T14:07:06.849+0000][gc,heap       ] GC(147) Humongous regions: 147->147
[2025-10-30T14:07:06.849+0000][gc,metaspace  ] GC(147) Metaspace: 52309K(55728K)->52309K(55728K) NonClass: 46470K(48304K)->46470K(48304K) Class: 5839K(7424K)->5839K(7424K)
[2025-10-30T14:07:06.850+0000][gc            ] GC(147) Pause Young (Normal) (G1 Evacuation Pause) 403M->340M(512M) 11.932ms
[2025-10-30T14:07:06.850+0000][gc,cpu        ] GC(147) User=0.02s Sys=0.00s Real=0.02s
[2025-10-30T14:07:37.194+0000][gc,start      ] GC(148) Pause Young (Normal) (G1 Evacuation Pause)
[2025-10-30T14:07:37.195+0000][gc,task       ] GC(148) Using 2 workers of 2 for evacuation
[2025-10-30T14:07:37.206+0000][gc,phases     ] GC(148)   Pre Evacuate Collection Set: 0.0ms
[2025-10-30T14:07:37.206+0000][gc,phases     ] GC(148)   Evacuate Collection Set: 10.6ms
[2025-10-30T14:07:37.206+0000][gc,phases     ] GC(148)   Post Evacuate Collection Set: 0.6ms
[2025-10-30T14:07:37.206+0000][gc,phases     ] GC(148)   Other: 0.5ms
[2025-10-30T14:07:37.207+0000][gc,heap       ] GC(148) Eden regions: 65->0(72)
[2025-10-30T14:07:37.207+0000][gc,heap       ] GC(148) Survivor regions: 6->6(9)
[2025-10-30T14:07:37.207+0000][gc,heap       ] GC(148) Old regions: 189->190
[2025-10-30T14:07:37.207+0000][gc,heap       ] GC(148) Humongous regions: 147->147
[2025-10-30T14:07:37.207+0000][gc,metaspace  ] GC(148) Metaspace: 52310K(55728K)->52310K(55728K) NonClass: 46471K(48304K)->46471K(48304K) Class: 5839K(7424K)->5839K(7424K)
[2025-10-30T14:07:37.207+0000][gc            ] GC(148) Pause Young (Normal) (G1 Evacuation Pause) 405M->342M(512M) 13.024ms
[2025-10-30T14:07:37.208+0000][gc,cpu        ] GC(148) User=0.02s Sys=0.00s Real=0.01s
[2025-10-30T14:08:09.004+0000][gc,start      ] GC(149) Pause Young (Normal) (G1 Evacuation Pause)
[2025-10-30T14:08:09.004+0000][gc,task       ] GC(149) Using 2 workers of 2 for evacuation
[2025-10-30T14:08:09.024+0000][gc,phases     ] GC(149)   Pre Evacuate Collection Set: 0.0ms
[2025-10-30T14:08:09.024+0000][gc,phases     ] GC(149)   Evacuate Collection Set: 18.6ms
[2025-10-30T14:08:09.025+0000][gc,phases     ] GC(149)   Post Evacuate Collection Set: 0.8ms
[2025-10-30T14:08:09.025+0000][gc,phases     ] GC(149)   Other: 0.9ms
[2025-10-30T14:08:09.025+0000][gc,heap       ] GC(149) Eden regions: 68->0(67)
[2025-10-30T14:08:09.025+0000][gc,heap       ] GC(149) Survivor regions: 6->5(10)
[2025-10-30T14:08:09.025+0000][gc,heap       ] GC(149) Old regions: 190->192
[2025-10-30T14:08:09.026+0000][gc,heap       ] GC(149) Humongous regions: 147->147
[2025-10-30T14:08:09.026+0000][gc,metaspace  ] GC(149) Metaspace: 52310K(55728K)->52310K(55728K) NonClass: 46471K(48304K)->46471K(48304K) Class: 5839K(7424K)->5839K(7424K)
[2025-10-30T14:08:09.026+0000][gc            ] GC(149) Pause Young (Normal) (G1 Evacuation Pause) 410M->343M(512M) 22.313ms
[2025-10-30T14:08:09.026+0000][gc,cpu        ] GC(149) User=0.04s Sys=0.00s Real=0.02s
[2025-10-30T14:08:41.303+0000][gc,start      ] GC(150) Pause Young (Normal) (G1 Evacuation Pause)
[2025-10-30T14:08:41.304+0000][gc,task       ] GC(150) Using 2 workers of 2 for evacuation
[2025-10-30T14:08:41.334+0000][gc,mmu        ] GC(150) MMU target violated: 21.0ms (20.0ms/21.0ms)
[2025-10-30T14:08:41.334+0000][gc,phases     ] GC(150)   Pre Evacuate Collection Set: 0.0ms
[2025-10-30T14:08:41.335+0000][gc,phases     ] GC(150)   Evacuate Collection Set: 27.4ms
[2025-10-30T14:08:41.335+0000][gc,phases     ] GC(150)   Post Evacuate Collection Set: 2.2ms
[2025-10-30T14:08:41.335+0000][gc,phases     ] GC(150)   Other: 2.0ms
[2025-10-30T14:08:41.336+0000][gc,heap       ] GC(150) Eden regions: 61->0(41)
[2025-10-30T14:08:41.336+0000][gc,heap       ] GC(150) Survivor regions: 5->6(9)
[2025-10-30T14:08:41.336+0000][gc,heap       ] GC(150) Old regions: 192->193
[2025-10-30T14:08:41.336+0000][gc,heap       ] GC(150) Humongous regions: 147->147
[2025-10-30T14:08:41.337+0000][gc,metaspace  ] GC(150) Metaspace: 52310K(55728K)->52310K(55728K) NonClass: 46471K(48304K)->46471K(48304K) Class: 5839K(7424K)->5839K(7424K)
[2025-10-30T14:08:41.337+0000][gc            ] GC(150) Pause Young (Normal) (G1 Evacuation Pause) 404M->345M(512M) 34.297ms
[2025-10-30T14:08:41.338+0000][gc,cpu        ] GC(150) User=0.06s Sys=0.00s Real=0.03s
[2025-10-30T14:08:52.918+0000][gc,start      ] GC(151) Pause Young (Normal) (G1 Evacuation Pause)
[2025-10-30T14:08:52.919+0000][gc,task       ] GC(151) Using 2 workers of 2 for evacuation
[2025-10-30T14:08:52.948+0000][gc,mmu        ] GC(151) MMU target violated: 21.0ms (20.0ms/21.0ms)
[2025-10-30T14:08:52.949+0000][gc,phases     ] GC(151)   Pre Evacuate Collection Set: 0.0ms
[2025-10-30T14:08:52.949+0000][gc,phases     ] GC(151)   Evacuate Collection Set: 26.5ms
[2025-10-30T14:08:52.949+0000][gc,phases     ] GC(151)   Post Evacuate Collection Set: 1.9ms
[2025-10-30T14:08:52.950+0000][gc,phases     ] GC(151)   Other: 1.9ms
[2025-10-30T14:08:52.950+0000][gc,heap       ] GC(151) Eden regions: 19->0(26)
[2025-10-30T14:08:52.950+0000][gc,heap       ] GC(151) Survivor regions: 6->2(4)
[2025-10-30T14:08:52.951+0000][gc,heap       ] GC(151) Old regions: 193->199
[2025-10-30T14:08:52.951+0000][gc,heap       ] GC(151) Humongous regions: 147->147
[2025-10-30T14:08:52.951+0000][gc,metaspace  ] GC(151) Metaspace: 52310K(55728K)->52310K(55728K) NonClass: 46471K(48304K)->46471K(48304K) Class: 5839K(7424K)->5839K(7424K)
[2025-10-30T14:08:52.951+0000][gc            ] GC(151) Pause Young (Normal) (G1 Evacuation Pause) 364M->346M(512M) 33.137ms
[2025-10-30T14:08:52.952+0000][gc,cpu        ] GC(151) User=0.06s Sys=0.00s Real=0.04s
[2025-10-30T14:09:05.385+0000][gc,start      ] GC(152) Pause Young (Normal) (G1 Evacuation Pause)
[2025-10-30T14:09:05.386+0000][gc,task       ] GC(152) Using 2 workers of 2 for evacuation
[2025-10-30T14:09:05.408+0000][gc,phases     ] GC(152)   Pre Evacuate Collection Set: 0.1ms
[2025-10-30T14:09:05.408+0000][gc,phases     ] GC(152)   Evacuate Collection Set: 16.9ms
[2025-10-30T14:09:05.409+0000][gc,phases     ] GC(152)   Post Evacuate Collection Set: 1.6ms
[2025-10-30T14:09:05.409+0000][gc,phases     ] GC(152)   Other: 3.6ms
[2025-10-30T14:09:05.410+0000][gc,heap       ] GC(152) Eden regions: 23->0(24)
[2025-10-30T14:09:05.410+0000][gc,heap       ] GC(152) Survivor regions: 2->2(4)
[2025-10-30T14:09:05.411+0000][gc,heap       ] GC(152) Old regions: 199->199
[2025-10-30T14:09:05.411+0000][gc,heap       ] GC(152) Humongous regions: 147->147
[2025-10-30T14:09:05.411+0000][gc,metaspace  ] GC(152) Metaspace: 52310K(55728K)->52310K(55728K) NonClass: 46471K(48304K)->46471K(48304K) Class: 5839K(7424K)->5839K(7424K)
[2025-10-30T14:09:05.412+0000][gc            ] GC(152) Pause Young (Normal) (G1 Evacuation Pause) 369M->346M(512M) 26.582ms
[2025-10-30T14:09:05.412+0000][gc,cpu        ] GC(152) User=0.04s Sys=0.00s Real=0.03s
[2025-10-30T14:09:17.631+0000][gc,start      ] GC(153) Pause Young (Normal) (G1 Evacuation Pause)
[2025-10-30T14:09:17.632+0000][gc,task       ] GC(153) Using 2 workers of 2 for evacuation
[2025-10-30T14:09:17.645+0000][gc,phases     ] GC(153)   Pre Evacuate Collection Set: 0.0ms
[2025-10-30T14:09:17.645+0000][gc,phases     ] GC(153)   Evacuate Collection Set: 11.6ms
[2025-10-30T14:09:17.645+0000][gc,phases     ] GC(153)   Post Evacuate Collection Set: 0.8ms
[2025-10-30T14:09:17.645+0000][gc,phases     ] GC(153)   Other: 0.9ms
[2025-10-30T14:09:17.646+0000][gc,heap       ] GC(153) Eden regions: 23->0(25)
[2025-10-30T14:09:17.646+0000][gc,heap       ] GC(153) Survivor regions: 2->3(4)
[2025-10-30T14:09:17.646+0000][gc,heap       ] GC(153) Old regions: 199->199
[2025-10-30T14:09:17.646+0000][gc,heap       ] GC(153) Humongous regions: 147->147
[2025-10-30T14:09:17.646+0000][gc,metaspace  ] GC(153) Metaspace: 52310K(55728K)->52310K(55728K) NonClass: 46471K(48304K)->46471K(48304K) Class: 5839K(7424K)->5839K(7424K)
[2025-10-30T14:09:17.647+0000][gc            ] GC(153) Pause Young (Normal) (G1 Evacuation Pause) 369M->347M(512M) 15.252ms
[2025-10-30T14:09:17.647+0000][gc,cpu        ] GC(153) User=0.02s Sys=0.00s Real=0.01s
[2025-10-30T14:09:29.172+0000][gc,start      ] GC(154) Pause Young (Normal) (G1 Evacuation Pause)
[2025-10-30T14:09:29.172+0000][gc,task       ] GC(154) Using 2 workers of 2 for evacuation
[2025-10-30T14:09:29.193+0000][gc,mmu        ] GC(154) MMU target violated: 20.4ms (20.0ms/21.0ms)
[2025-10-30T14:09:29.194+0000][gc,phases     ] GC(154)   Pre Evacuate Collection Set: 0.0ms
[2025-10-30T14:09:29.194+0000][gc,phases     ] GC(154)   Evacuate Collection Set: 18.7ms
[2025-10-30T14:09:29.195+0000][gc,phases     ] GC(154)   Post Evacuate Collection Set: 1.5ms
[2025-10-30T14:09:29.195+0000][gc,phases     ] GC(154)   Other: 2.3ms
[2025-10-30T14:09:29.195+0000][gc,heap       ] GC(154) Eden regions: 22->0(22)
[2025-10-30T14:09:29.196+0000][gc,heap       ] GC(154) Survivor regions: 3->3(4)
[2025-10-30T14:09:29.196+0000][gc,heap       ] GC(154) Old regions: 199->199
[2025-10-30T14:09:29.196+0000][gc,heap       ] GC(154) Humongous regions: 147->147
[2025-10-30T14:09:29.196+0000][gc,metaspace  ] GC(154) Metaspace: 52310K(55728K)->52310K(55728K) NonClass: 46471K(48304K)->46471K(48304K) Class: 5839K(7424K)->5839K(7424K)
[2025-10-30T14:09:29.197+0000][gc            ] GC(154) Pause Young (Normal) (G1 Evacuation Pause) 369M->348M(512M) 25.323ms
[2025-10-30T14:09:29.197+0000][gc,cpu        ] GC(154) User=0.05s Sys=0.00s Real=0.02s
[2025-10-30T14:09:41.229+0000][gc,start      ] GC(155) Pause Young (Normal) (G1 Evacuation Pause)
[2025-10-30T14:09:41.230+0000][gc,task       ] GC(155) Using 2 workers of 2 for evacuation
[2025-10-30T14:09:41.245+0000][gc,phases     ] GC(155)   Pre Evacuate Collection Set: 0.0ms
[2025-10-30T14:09:41.245+0000][gc,phases     ] GC(155)   Evacuate Collection Set: 13.7ms
[2025-10-30T14:09:41.245+0000][gc,phases     ] GC(155)   Post Evacuate Collection Set: 0.9ms
[2025-10-30T14:09:41.245+0000][gc,phases     ] GC(155)   Other: 0.9ms
[2025-10-30T14:09:41.245+0000][gc,heap       ] GC(155) Eden regions: 22->0(23)
[2025-10-30T14:09:41.246+0000][gc,heap       ] GC(155) Survivor regions: 3->3(4)
[2025-10-30T14:09:41.246+0000][gc,heap       ] GC(155) Old regions: 199->200
[2025-10-30T14:09:41.246+0000][gc,heap       ] GC(155) Humongous regions: 147->147
[2025-10-30T14:09:41.246+0000][gc,metaspace  ] GC(155) Metaspace: 52310K(55728K)->52310K(55728K) NonClass: 46471K(48304K)->46471K(48304K) Class: 5839K(7424K)->5839K(7424K)
[2025-10-30T14:09:41.246+0000][gc            ] GC(155) Pause Young (Normal) (G1 Evacuation Pause) 370M->349M(512M) 17.146ms
[2025-10-30T14:09:41.247+0000][gc,cpu        ] GC(155) User=0.03s Sys=0.00s Real=0.01s
[2025-10-30T14:09:53.487+0000][gc,start      ] GC(156) Pause Young (Normal) (G1 Evacuation Pause)
[2025-10-30T14:09:53.488+0000][gc,task       ] GC(156) Using 2 workers of 2 for evacuation
[2025-10-30T14:09:53.502+0000][gc,phases     ] GC(156)   Pre Evacuate Collection Set: 0.0ms
[2025-10-30T14:09:53.503+0000][gc,phases     ] GC(156)   Evacuate Collection Set: 13.0ms
[2025-10-30T14:09:53.503+0000][gc,phases     ] GC(156)   Post Evacuate Collection Set: 1.1ms
[2025-10-30T14:09:53.503+0000][gc,phases     ] GC(156)   Other: 0.8ms
[2025-10-30T14:09:53.503+0000][gc,heap       ] GC(156) Eden regions: 22->0(24)
[2025-10-30T14:09:53.503+0000][gc,heap       ] GC(156) Survivor regions: 3->3(4)
[2025-10-30T14:09:53.504+0000][gc,heap       ] GC(156) Old regions: 200->201
[2025-10-30T14:09:53.504+0000][gc,heap       ] GC(156) Humongous regions: 147->147
[2025-10-30T14:09:53.504+0000][gc,metaspace  ] GC(156) Metaspace: 52310K(55728K)->52310K(55728K) NonClass: 46471K(48304K)->46471K(48304K) Class: 5839K(7424K)->5839K(7424K)
[2025-10-30T14:09:53.504+0000][gc            ] GC(156) Pause Young (Normal) (G1 Evacuation Pause) 371M->350M(512M) 16.868ms
[2025-10-30T14:09:53.504+0000][gc,cpu        ] GC(156) User=0.03s Sys=0.00s Real=0.02s
[2025-10-30T14:10:05.777+0000][gc,start      ] GC(157) Pause Young (Normal) (G1 Evacuation Pause)
[2025-10-30T14:10:05.778+0000][gc,task       ] GC(157) Using 2 workers of 2 for evacuation
[2025-10-30T14:10:05.815+0000][gc,mmu        ] GC(157) MMU target violated: 21.0ms (20.0ms/21.0ms)
[2025-10-30T14:10:05.816+0000][gc,phases     ] GC(157)   Pre Evacuate Collection Set: 0.1ms
[2025-10-30T14:10:05.816+0000][gc,phases     ] GC(157)   Evacuate Collection Set: 32.2ms
[2025-10-30T14:10:05.817+0000][gc,phases     ] GC(157)   Post Evacuate Collection Set: 3.8ms
[2025-10-30T14:10:05.818+0000][gc,phases     ] GC(157)   Other: 2.5ms
[2025-10-30T14:10:05.819+0000][gc,heap       ] GC(157) Eden regions: 22->0(22)
[2025-10-30T14:10:05.819+0000][gc,heap       ] GC(157) Survivor regions: 3->3(4)
[2025-10-30T14:10:05.820+0000][gc,heap       ] GC(157) Old regions: 201->202
[2025-10-30T14:10:05.820+0000][gc,heap       ] GC(157) Humongous regions: 147->147
[2025-10-30T14:10:05.821+0000][gc,metaspace  ] GC(157) Metaspace: 52310K(55728K)->52310K(55728K) NonClass: 46471K(48304K)->46471K(48304K) Class: 5839K(7424K)->5839K(7424K)
[2025-10-30T14:10:05.822+0000][gc            ] GC(157) Pause Young (Normal) (G1 Evacuation Pause) 372M->351M(512M) 45.233ms
[2025-10-30T14:10:05.823+0000][gc,cpu        ] GC(157) User=0.07s Sys=0.00s Real=0.05s
[2025-10-30T14:10:22.691+0000][gc,start      ] GC(158) Pause Young (Normal) (G1 Evacuation Pause)
[2025-10-30T14:10:22.691+0000][gc,task       ] GC(158) Using 2 workers of 2 for evacuation
[2025-10-30T14:10:22.710+0000][gc,phases     ] GC(158)   Pre Evacuate Collection Set: 0.0ms
[2025-10-30T14:10:22.710+0000][gc,phases     ] GC(158)   Evacuate Collection Set: 16.5ms
[2025-10-30T14:10:22.710+0000][gc,phases     ] GC(158)   Post Evacuate Collection Set: 1.4ms
[2025-10-30T14:10:22.711+0000][gc,phases     ] GC(158)   Other: 1.2ms
[2025-10-30T14:10:22.711+0000][gc,heap       ] GC(158) Eden regions: 22->0(22)
[2025-10-30T14:10:22.711+0000][gc,heap       ] GC(158) Survivor regions: 3->3(4)
[2025-10-30T14:10:22.711+0000][gc,heap       ] GC(158) Old regions: 202->202
[2025-10-30T14:10:22.712+0000][gc,heap       ] GC(158) Humongous regions: 147->147
[2025-10-30T14:10:22.712+0000][gc,metaspace  ] GC(158) Metaspace: 52310K(55728K)->52310K(55728K) NonClass: 46471K(48304K)->46471K(48304K) Class: 5839K(7424K)->5839K(7424K)
[2025-10-30T14:10:22.712+0000][gc            ] GC(158) Pause Young (Normal) (G1 Evacuation Pause) 373M->351M(512M) 21.591ms
[2025-10-30T14:10:22.713+0000][gc,cpu        ] GC(158) User=0.04s Sys=0.00s Real=0.02s
[2025-10-30T14:10:36.532+0000][gc,start      ] GC(159) Pause Young (Normal) (G1 Evacuation Pause)
[2025-10-30T14:10:36.532+0000][gc,task       ] GC(159) Using 2 workers of 2 for evacuation
[2025-10-30T14:10:36.551+0000][gc,phases     ] GC(159)   Pre Evacuate Collection Set: 0.0ms
[2025-10-30T14:10:36.551+0000][gc,phases     ] GC(159)   Evacuate Collection Set: 16.4ms
[2025-10-30T14:10:36.551+0000][gc,phases     ] GC(159)   Post Evacuate Collection Set: 1.2ms
[2025-10-30T14:10:36.552+0000][gc,phases     ] GC(159)   Other: 1.0ms
[2025-10-30T14:10:36.552+0000][gc,heap       ] GC(159) Eden regions: 22->0(22)
[2025-10-30T14:10:36.552+0000][gc,heap       ] GC(159) Survivor regions: 3->3(4)
[2025-10-30T14:10:36.553+0000][gc,heap       ] GC(159) Old regions: 202->203
[2025-10-30T14:10:36.553+0000][gc,heap       ] GC(159) Humongous regions: 147->147
[2025-10-30T14:10:36.553+0000][gc,metaspace  ] GC(159) Metaspace: 52310K(55728K)->52310K(55728K) NonClass: 46471K(48304K)->46471K(48304K) Class: 5839K(7424K)->5839K(7424K)
[2025-10-30T14:10:36.554+0000][gc            ] GC(159) Pause Young (Normal) (G1 Evacuation Pause) 373M->352M(512M) 21.750ms
[2025-10-30T14:10:36.554+0000][gc,cpu        ] GC(159) User=0.03s Sys=0.00s Real=0.02s
[2025-10-30T14:10:49.837+0000][gc,start      ] GC(160) Pause Young (Normal) (G1 Evacuation Pause)
[2025-10-30T14:10:49.837+0000][gc,task       ] GC(160) Using 2 workers of 2 for evacuation
[2025-10-30T14:10:49.862+0000][gc,mmu        ] GC(160) MMU target violated: 21.0ms (20.0ms/21.0ms)
[2025-10-30T14:10:49.862+0000][gc,phases     ] GC(160)   Pre Evacuate Collection Set: 0.0ms
[2025-10-30T14:10:49.862+0000][gc,phases     ] GC(160)   Evacuate Collection Set: 22.2ms
[2025-10-30T14:10:49.863+0000][gc,phases     ] GC(160)   Post Evacuate Collection Set: 1.3ms
[2025-10-30T14:10:49.863+0000][gc,phases     ] GC(160)   Other: 1.7ms
[2025-10-30T14:10:49.864+0000][gc,heap       ] GC(160) Eden regions: 22->0(22)
[2025-10-30T14:10:49.864+0000][gc,heap       ] GC(160) Survivor regions: 3->3(4)
[2025-10-30T14:10:49.865+0000][gc,heap       ] GC(160) Old regions: 203->204
[2025-10-30T14:10:49.865+0000][gc,heap       ] GC(160) Humongous regions: 147->147
[2025-10-30T14:10:49.865+0000][gc,metaspace  ] GC(160) Metaspace: 52311K(55728K)->52311K(55728K) NonClass: 46472K(48304K)->46472K(48304K) Class: 5839K(7424K)->5839K(7424K)
[2025-10-30T14:10:49.866+0000][gc            ] GC(160) Pause Young (Normal) (G1 Evacuation Pause) 374M->353M(512M) 28.877ms
[2025-10-30T14:10:49.866+0000][gc,cpu        ] GC(160) User=0.05s Sys=0.00s Real=0.03s
[2025-10-30T14:11:03.166+0000][gc,start      ] GC(161) Pause Young (Normal) (G1 Evacuation Pause)
[2025-10-30T14:11:03.167+0000][gc,task       ] GC(161) Using 2 workers of 2 for evacuation
[2025-10-30T14:11:03.187+0000][gc,phases     ] GC(161)   Pre Evacuate Collection Set: 0.0ms
[2025-10-30T14:11:03.187+0000][gc,phases     ] GC(161)   Evacuate Collection Set: 18.0ms
[2025-10-30T14:11:03.188+0000][gc,phases     ] GC(161)   Post Evacuate Collection Set: 1.4ms
[2025-10-30T14:11:03.189+0000][gc,phases     ] GC(161)   Other: 1.2ms
[2025-10-30T14:11:03.189+0000][gc,heap       ] GC(161) Eden regions: 22->0(22)
[2025-10-30T14:11:03.190+0000][gc,heap       ] GC(161) Survivor regions: 3->3(4)
[2025-10-30T14:11:03.191+0000][gc,heap       ] GC(161) Old regions: 204->205
[2025-10-30T14:11:03.191+0000][gc,heap       ] GC(161) Humongous regions: 147->147
[2025-10-30T14:11:03.192+0000][gc,metaspace  ] GC(161) Metaspace: 52311K(55728K)->52311K(55728K) NonClass: 46472K(48304K)->46472K(48304K) Class: 5839K(7424K)->5839K(7424K)
[2025-10-30T14:11:03.193+0000][gc            ] GC(161) Pause Young (Normal) (G1 Evacuation Pause) 375M->354M(512M) 26.502ms
[2025-10-30T14:11:03.194+0000][gc,cpu        ] GC(161) User=0.04s Sys=0.00s Real=0.03s
[2025-10-30T14:11:16.635+0000][gc,start      ] GC(162) Pause Young (Normal) (G1 Evacuation Pause)
[2025-10-30T14:11:16.635+0000][gc,task       ] GC(162) Using 2 workers of 2 for evacuation
[2025-10-30T14:11:16.656+0000][gc,mmu        ] GC(162) MMU target violated: 20.7ms (20.0ms/21.0ms)
[2025-10-30T14:11:16.657+0000][gc,phases     ] GC(162)   Pre Evacuate Collection Set: 0.0ms
[2025-10-30T14:11:16.657+0000][gc,phases     ] GC(162)   Evacuate Collection Set: 18.7ms
[2025-10-30T14:11:16.657+0000][gc,phases     ] GC(162)   Post Evacuate Collection Set: 1.8ms
[2025-10-30T14:11:16.658+0000][gc,phases     ] GC(162)   Other: 1.5ms
[2025-10-30T14:11:16.658+0000][gc,heap       ] GC(162) Eden regions: 22->0(22)
[2025-10-30T14:11:16.659+0000][gc,heap       ] GC(162) Survivor regions: 3->3(4)
[2025-10-30T14:11:16.659+0000][gc,heap       ] GC(162) Old regions: 205->206
[2025-10-30T14:11:16.660+0000][gc,heap       ] GC(162) Humongous regions: 147->147
[2025-10-30T14:11:16.660+0000][gc,metaspace  ] GC(162) Metaspace: 52311K(55728K)->52311K(55728K) NonClass: 46472K(48304K)->46472K(48304K) Class: 5839K(7424K)->5839K(7424K)
[2025-10-30T14:11:16.661+0000][gc            ] GC(162) Pause Young (Normal) (G1 Evacuation Pause) 376M->355M(512M) 25.764ms
[2025-10-30T14:11:16.661+0000][gc,cpu        ] GC(162) User=0.04s Sys=0.00s Real=0.03s
[2025-10-30T14:11:28.944+0000][gc,start      ] GC(163) Pause Young (Normal) (G1 Evacuation Pause)
[2025-10-30T14:11:28.944+0000][gc,task       ] GC(163) Using 2 workers of 2 for evacuation
[2025-10-30T14:11:28.962+0000][gc,phases     ] GC(163)   Pre Evacuate Collection Set: 0.0ms
[2025-10-30T14:11:28.962+0000][gc,phases     ] GC(163)   Evacuate Collection Set: 15.8ms
[2025-10-30T14:11:28.963+0000][gc,phases     ] GC(163)   Post Evacuate Collection Set: 1.3ms
[2025-10-30T14:11:28.963+0000][gc,phases     ] GC(163)   Other: 1.0ms
[2025-10-30T14:11:28.963+0000][gc,heap       ] GC(163) Eden regions: 22->0(23)
[2025-10-30T14:11:28.964+0000][gc,heap       ] GC(163) Survivor regions: 3->2(4)
[2025-10-30T14:11:28.964+0000][gc,heap       ] GC(163) Old regions: 206->206
[2025-10-30T14:11:28.964+0000][gc,heap       ] GC(163) Humongous regions: 147->147
[2025-10-30T14:11:28.964+0000][gc,metaspace  ] GC(163) Metaspace: 52311K(55728K)->52311K(55728K) NonClass: 46472K(48304K)->46472K(48304K) Class: 5839K(7424K)->5839K(7424K)
[2025-10-30T14:11:28.965+0000][gc            ] GC(163) Pause Young (Normal) (G1 Evacuation Pause) 377M->354M(512M) 20.894ms
[2025-10-30T14:11:28.965+0000][gc,cpu        ] GC(163) User=0.03s Sys=0.00s Real=0.02s
[2025-10-30T14:11:42.706+0000][gc,start      ] GC(164) Pause Young (Normal) (G1 Evacuation Pause)
[2025-10-30T14:11:42.708+0000][gc,task       ] GC(164) Using 2 workers of 2 for evacuation
[2025-10-30T14:11:42.734+0000][gc,mmu        ] GC(164) MMU target violated: 21.0ms (20.0ms/21.0ms)
[2025-10-30T14:11:42.735+0000][gc,phases     ] GC(164)   Pre Evacuate Collection Set: 0.0ms
[2025-10-30T14:11:42.735+0000][gc,phases     ] GC(164)   Evacuate Collection Set: 24.1ms
[2025-10-30T14:11:42.735+0000][gc,phases     ] GC(164)   Post Evacuate Collection Set: 1.1ms
[2025-10-30T14:11:42.736+0000][gc,phases     ] GC(164)   Other: 3.7ms
[2025-10-30T14:11:42.736+0000][gc,heap       ] GC(164) Eden regions: 23->0(22)
[2025-10-30T14:11:42.736+0000][gc,heap       ] GC(164) Survivor regions: 2->3(4)
[2025-10-30T14:11:42.737+0000][gc,heap       ] GC(164) Old regions: 206->206
[2025-10-30T14:11:42.737+0000][gc,heap       ] GC(164) Humongous regions: 147->147
[2025-10-30T14:11:42.737+0000][gc,metaspace  ] GC(164) Metaspace: 52311K(55728K)->52311K(55728K) NonClass: 46472K(48304K)->46472K(48304K) Class: 5839K(7424K)->5839K(7424K)
[2025-10-30T14:11:42.738+0000][gc            ] GC(164) Pause Young (Normal) (G1 Evacuation Pause) 377M->355M(512M) 31.882ms
[2025-10-30T14:11:42.738+0000][gc,cpu        ] GC(164) User=0.05s Sys=0.00s Real=0.03s
[2025-10-30T14:11:56.036+0000][gc,start      ] GC(165) Pause Young (Normal) (G1 Evacuation Pause)
[2025-10-30T14:11:56.036+0000][gc,task       ] GC(165) Using 2 workers of 2 for evacuation
[2025-10-30T14:11:56.056+0000][gc,phases     ] GC(165)   Pre Evacuate Collection Set: 0.0ms
[2025-10-30T14:11:56.056+0000][gc,phases     ] GC(165)   Evacuate Collection Set: 17.4ms
[2025-10-30T14:11:56.060+0000][gc,phases     ] GC(165)   Post Evacuate Collection Set: 1.8ms
[2025-10-30T14:11:56.061+0000][gc,phases     ] GC(165)   Other: 1.0ms
[2025-10-30T14:11:56.061+0000][gc,heap       ] GC(165) Eden regions: 22->0(22)
[2025-10-30T14:11:56.061+0000][gc,heap       ] GC(165) Survivor regions: 3->3(4)
[2025-10-30T14:11:56.061+0000][gc,heap       ] GC(165) Old regions: 206->208
[2025-10-30T14:11:56.062+0000][gc,heap       ] GC(165) Humongous regions: 147->147
[2025-10-30T14:11:56.062+0000][gc,metaspace  ] GC(165) Metaspace: 52311K(55728K)->52311K(55728K) NonClass: 46472K(48304K)->46472K(48304K) Class: 5839K(7424K)->5839K(7424K)
[2025-10-30T14:11:56.062+0000][gc            ] GC(165) Pause Young (Normal) (G1 Evacuation Pause) 377M->356M(512M) 26.419ms
[2025-10-30T14:11:56.062+0000][gc,cpu        ] GC(165) User=0.04s Sys=0.00s Real=0.03s
[2025-10-30T14:12:09.741+0000][gc,start      ] GC(166) Pause Young (Normal) (G1 Evacuation Pause)
[2025-10-30T14:12:09.742+0000][gc,task       ] GC(166) Using 2 workers of 2 for evacuation
[2025-10-30T14:12:09.771+0000][gc,mmu        ] GC(166) MMU target violated: 21.0ms (20.0ms/21.0ms)
[2025-10-30T14:12:09.771+0000][gc,phases     ] GC(166)   Pre Evacuate Collection Set: 0.0ms
[2025-10-30T14:12:09.772+0000][gc,phases     ] GC(166)   Evacuate Collection Set: 26.4ms
[2025-10-30T14:12:09.772+0000][gc,phases     ] GC(166)   Post Evacuate Collection Set: 1.9ms
[2025-10-30T14:12:09.773+0000][gc,phases     ] GC(166)   Other: 2.1ms
[2025-10-30T14:12:09.773+0000][gc,heap       ] GC(166) Eden regions: 22->0(22)
[2025-10-30T14:12:09.774+0000][gc,heap       ] GC(166) Survivor regions: 3->3(4)
[2025-10-30T14:12:09.774+0000][gc,heap       ] GC(166) Old regions: 208->208
[2025-10-30T14:12:09.774+0000][gc,heap       ] GC(166) Humongous regions: 147->147
[2025-10-30T14:12:09.775+0000][gc,metaspace  ] GC(166) Metaspace: 52311K(55728K)->52311K(55728K) NonClass: 46472K(48304K)->46472K(48304K) Class: 5839K(7424K)->5839K(7424K)
[2025-10-30T14:12:09.775+0000][gc            ] GC(166) Pause Young (Normal) (G1 Evacuation Pause) 378M->357M(512M) 33.937ms
[2025-10-30T14:12:09.775+0000][gc,cpu        ] GC(166) User=0.05s Sys=0.00s Real=0.03s
[2025-10-30T14:12:24.833+0000][gc,start      ] GC(167) Pause Young (Normal) (G1 Evacuation Pause)
[2025-10-30T14:12:24.833+0000][gc,task       ] GC(167) Using 2 workers of 2 for evacuation
[2025-10-30T14:12:24.853+0000][gc,mmu        ] GC(167) MMU target violated: 20.1ms (20.0ms/21.0ms)
[2025-10-30T14:12:24.854+0000][gc,phases     ] GC(167)   Pre Evacuate Collection Set: 0.0ms
[2025-10-30T14:12:24.854+0000][gc,phases     ] GC(167)   Evacuate Collection Set: 18.8ms
[2025-10-30T14:12:24.855+0000][gc,phases     ] GC(167)   Post Evacuate Collection Set: 1.1ms
[2025-10-30T14:12:24.855+0000][gc,phases     ] GC(167)   Other: 1.5ms
[2025-10-30T14:12:24.855+0000][gc,heap       ] GC(167) Eden regions: 22->0(22)
[2025-10-30T14:12:24.856+0000][gc,heap       ] GC(167) Survivor regions: 3->3(4)
[2025-10-30T14:12:24.856+0000][gc,heap       ] GC(167) Old regions: 208->209
[2025-10-30T14:12:24.856+0000][gc,heap       ] GC(167) Humongous regions: 147->147
[2025-10-30T14:12:24.856+0000][gc,metaspace  ] GC(167) Metaspace: 52311K(55728K)->52311K(55728K) NonClass: 46472K(48304K)->46472K(48304K) Class: 5839K(7424K)->5839K(7424K)
[2025-10-30T14:12:24.856+0000][gc            ] GC(167) Pause Young (Normal) (G1 Evacuation Pause) 379M->358M(512M) 23.847ms
[2025-10-30T14:12:24.857+0000][gc,cpu        ] GC(167) User=0.05s Sys=0.00s Real=0.02s
[2025-10-30T14:12:37.353+0000][gc,start      ] GC(168) Pause Young (Normal) (G1 Evacuation Pause)
[2025-10-30T14:12:37.353+0000][gc,task       ] GC(168) Using 2 workers of 2 for evacuation
[2025-10-30T14:12:37.372+0000][gc,phases     ] GC(168)   Pre Evacuate Collection Set: 0.0ms
[2025-10-30T14:12:37.372+0000][gc,phases     ] GC(168)   Evacuate Collection Set: 17.1ms
[2025-10-30T14:12:37.373+0000][gc,phases     ] GC(168)   Post Evacuate Collection Set: 1.1ms
[2025-10-30T14:12:37.373+0000][gc,phases     ] GC(168)   Other: 1.0ms
[2025-10-30T14:12:37.374+0000][gc,heap       ] GC(168) Eden regions: 22->0(23)
[2025-10-30T14:12:37.374+0000][gc,heap       ] GC(168) Survivor regions: 3->2(4)
[2025-10-30T14:12:37.375+0000][gc,heap       ] GC(168) Old regions: 209->210
[2025-10-30T14:12:37.375+0000][gc,heap       ] GC(168) Humongous regions: 147->147
[2025-10-30T14:12:37.375+0000][gc,metaspace  ] GC(168) Metaspace: 52311K(55728K)->52311K(55728K) NonClass: 46472K(48304K)->46472K(48304K) Class: 5839K(7424K)->5839K(7424K)
[2025-10-30T14:12:37.376+0000][gc            ] GC(168) Pause Young (Normal) (G1 Evacuation Pause) 380M->358M(512M) 23.377ms
[2025-10-30T14:12:37.376+0000][gc,cpu        ] GC(168) User=0.04s Sys=0.00s Real=0.02s
[2025-10-30T14:12:51.859+0000][gc,start      ] GC(169) Pause Young (Normal) (G1 Evacuation Pause)
[2025-10-30T14:12:51.860+0000][gc,task       ] GC(169) Using 2 workers of 2 for evacuation
[2025-10-30T14:12:51.898+0000][gc,mmu        ] GC(169) MMU target violated: 21.0ms (20.0ms/21.0ms)
[2025-10-30T14:12:51.899+0000][gc,phases     ] GC(169)   Pre Evacuate Collection Set: 0.0ms
[2025-10-30T14:12:51.900+0000][gc,phases     ] GC(169)   Evacuate Collection Set: 34.4ms
[2025-10-30T14:12:51.900+0000][gc,phases     ] GC(169)   Post Evacuate Collection Set: 2.3ms
[2025-10-30T14:12:51.901+0000][gc,phases     ] GC(169)   Other: 3.0ms
[2025-10-30T14:12:51.901+0000][gc,heap       ] GC(169) Eden regions: 23->0(22)
[2025-10-30T14:12:51.902+0000][gc,heap       ] GC(169) Survivor regions: 2->3(4)
[2025-10-30T14:12:51.902+0000][gc,heap       ] GC(169) Old regions: 210->210
[2025-10-30T14:12:51.903+0000][gc,heap       ] GC(169) Humongous regions: 147->147
[2025-10-30T14:12:51.904+0000][gc,metaspace  ] GC(169) Metaspace: 52311K(55728K)->52311K(55728K) NonClass: 46472K(48304K)->46472K(48304K) Class: 5839K(7424K)->5839K(7424K)
[2025-10-30T14:12:51.905+0000][gc            ] GC(169) Pause Young (Normal) (G1 Evacuation Pause) 381M->359M(512M) 45.505ms
[2025-10-30T14:12:51.905+0000][gc,cpu        ] GC(169) User=0.07s Sys=0.00s Real=0.04s
[2025-10-30T14:13:06.044+0000][gc,start      ] GC(170) Pause Young (Normal) (G1 Evacuation Pause)
[2025-10-30T14:13:06.044+0000][gc,task       ] GC(170) Using 2 workers of 2 for evacuation
[2025-10-30T14:13:06.068+0000][gc,mmu        ] GC(170) MMU target violated: 21.0ms (20.0ms/21.0ms)
[2025-10-30T14:13:06.068+0000][gc,phases     ] GC(170)   Pre Evacuate Collection Set: 0.0ms
[2025-10-30T14:13:06.068+0000][gc,phases     ] GC(170)   Evacuate Collection Set: 21.1ms
[2025-10-30T14:13:06.069+0000][gc,phases     ] GC(170)   Post Evacuate Collection Set: 1.6ms
[2025-10-30T14:13:06.069+0000][gc,phases     ] GC(170)   Other: 1.7ms
[2025-10-30T14:13:06.069+0000][gc,heap       ] GC(170) Eden regions: 22->0(22)
[2025-10-30T14:13:06.070+0000][gc,heap       ] GC(170) Survivor regions: 3->3(4)
[2025-10-30T14:13:06.070+0000][gc,heap       ] GC(170) Old regions: 210->211
[2025-10-30T14:13:06.071+0000][gc,heap       ] GC(170) Humongous regions: 147->147
[2025-10-30T14:13:06.071+0000][gc,metaspace  ] GC(170) Metaspace: 52311K(55728K)->52311K(55728K) NonClass: 46472K(48304K)->46472K(48304K) Class: 5839K(7424K)->5839K(7424K)
[2025-10-30T14:13:06.072+0000][gc            ] GC(170) Pause Young (Normal) (G1 Evacuation Pause) 381M->360M(512M) 27.903ms
[2025-10-30T14:13:06.072+0000][gc,cpu        ] GC(170) User=0.04s Sys=0.00s Real=0.03s
[2025-10-30T14:13:21.005+0000][gc,start      ] GC(171) Pause Young (Normal) (G1 Evacuation Pause)
[2025-10-30T14:13:21.005+0000][gc,task       ] GC(171) Using 2 workers of 2 for evacuation
[2025-10-30T14:13:21.037+0000][gc,mmu        ] GC(171) MMU target violated: 21.0ms (20.0ms/21.0ms)
[2025-10-30T14:13:21.038+0000][gc,phases     ] GC(171)   Pre Evacuate Collection Set: 0.0ms
[2025-10-30T14:13:21.038+0000][gc,phases     ] GC(171)   Evacuate Collection Set: 26.1ms
[2025-10-30T14:13:21.039+0000][gc,phases     ] GC(171)   Post Evacuate Collection Set: 1.7ms
[2025-10-30T14:13:21.039+0000][gc,phases     ] GC(171)   Other: 5.4ms
[2025-10-30T14:13:21.039+0000][gc,heap       ] GC(171) Eden regions: 22->0(22)
[2025-10-30T14:13:21.040+0000][gc,heap       ] GC(171) Survivor regions: 3->3(4)
[2025-10-30T14:13:21.040+0000][gc,heap       ] GC(171) Old regions: 211->212
[2025-10-30T14:13:21.040+0000][gc,heap       ] GC(171) Humongous regions: 147->147
[2025-10-30T14:13:21.041+0000][gc,metaspace  ] GC(171) Metaspace: 52311K(55728K)->52311K(55728K) NonClass: 46472K(48304K)->46472K(48304K) Class: 5839K(7424K)->5839K(7424K)
[2025-10-30T14:13:21.041+0000][gc            ] GC(171) Pause Young (Normal) (G1 Evacuation Pause) 382M->361M(512M) 36.580ms
[2025-10-30T14:13:21.042+0000][gc,cpu        ] GC(171) User=0.06s Sys=0.00s Real=0.04s
[2025-10-30T14:13:35.774+0000][gc,start      ] GC(172) Pause Young (Normal) (G1 Evacuation Pause)
[2025-10-30T14:13:35.774+0000][gc,task       ] GC(172) Using 2 workers of 2 for evacuation
[2025-10-30T14:13:35.793+0000][gc,phases     ] GC(172)   Pre Evacuate Collection Set: 0.0ms
[2025-10-30T14:13:35.793+0000][gc,phases     ] GC(172)   Evacuate Collection Set: 16.9ms
[2025-10-30T14:13:35.794+0000][gc,phases     ] GC(172)   Post Evacuate Collection Set: 1.2ms
[2025-10-30T14:13:35.794+0000][gc,phases     ] GC(172)   Other: 1.1ms
[2025-10-30T14:13:35.794+0000][gc,heap       ] GC(172) Eden regions: 22->0(21)
[2025-10-30T14:13:35.794+0000][gc,heap       ] GC(172) Survivor regions: 3->4(4)
[2025-10-30T14:13:35.795+0000][gc,heap       ] GC(172) Old regions: 212->213
[2025-10-30T14:13:35.795+0000][gc,heap       ] GC(172) Humongous regions: 147->147
[2025-10-30T14:13:35.795+0000][gc,metaspace  ] GC(172) Metaspace: 52311K(55728K)->52311K(55728K) NonClass: 46472K(48304K)->46472K(48304K) Class: 5839K(7424K)->5839K(7424K)
[2025-10-30T14:13:35.795+0000][gc            ] GC(172) Pause Young (Normal) (G1 Evacuation Pause) 383M->362M(512M) 21.486ms
[2025-10-30T14:13:35.795+0000][gc,cpu        ] GC(172) User=0.03s Sys=0.00s Real=0.02s
[2025-10-30T14:13:46.395+0000][gc,start      ] GC(173) Pause Young (Normal) (G1 Evacuation Pause)
[2025-10-30T14:13:46.396+0000][gc,task       ] GC(173) Using 2 workers of 2 for evacuation
[2025-10-30T14:13:46.407+0000][gc,phases     ] GC(173)   Pre Evacuate Collection Set: 0.0ms
[2025-10-30T14:13:46.407+0000][gc,phases     ] GC(173)   Evacuate Collection Set: 10.2ms
[2025-10-30T14:13:46.408+0000][gc,phases     ] GC(173)   Post Evacuate Collection Set: 0.7ms
[2025-10-30T14:13:46.408+0000][gc,phases     ] GC(173)   Other: 0.5ms
[2025-10-30T14:13:46.408+0000][gc,heap       ] GC(173) Eden regions: 21->0(23)
[2025-10-30T14:13:46.408+0000][gc,heap       ] GC(173) Survivor regions: 4->2(4)
[2025-10-30T14:13:46.408+0000][gc,heap       ] GC(173) Old regions: 213->214
[2025-10-30T14:13:46.409+0000][gc,heap       ] GC(173) Humongous regions: 147->147
[2025-10-30T14:13:46.409+0000][gc,metaspace  ] GC(173) Metaspace: 52311K(55728K)->52311K(55728K) NonClass: 46472K(48304K)->46472K(48304K) Class: 5839K(7424K)->5839K(7424K)
[2025-10-30T14:13:46.409+0000][gc            ] GC(173) Pause Young (Normal) (G1 Evacuation Pause) 383M->362M(512M) 13.514ms
[2025-10-30T14:13:46.409+0000][gc,cpu        ] GC(173) User=0.02s Sys=0.00s Real=0.01s
[2025-10-30T14:13:58.869+0000][gc,start      ] GC(174) Pause Young (Normal) (G1 Evacuation Pause)
[2025-10-30T14:13:58.870+0000][gc,task       ] GC(174) Using 2 workers of 2 for evacuation
[2025-10-30T14:13:58.881+0000][gc,phases     ] GC(174)   Pre Evacuate Collection Set: 0.0ms
[2025-10-30T14:13:58.882+0000][gc,phases     ] GC(174)   Evacuate Collection Set: 10.5ms
[2025-10-30T14:13:58.882+0000][gc,phases     ] GC(174)   Post Evacuate Collection Set: 0.8ms
[2025-10-30T14:13:58.883+0000][gc,phases     ] GC(174)   Other: 0.9ms
[2025-10-30T14:13:58.883+0000][gc,heap       ] GC(174) Eden regions: 23->0(23)
[2025-10-30T14:13:58.883+0000][gc,heap       ] GC(174) Survivor regions: 2->3(4)
[2025-10-30T14:13:58.883+0000][gc,heap       ] GC(174) Old regions: 214->214
[2025-10-30T14:13:58.884+0000][gc,heap       ] GC(174) Humongous regions: 147->147
[2025-10-30T14:13:58.884+0000][gc,metaspace  ] GC(174) Metaspace: 52311K(55728K)->52311K(55728K) NonClass: 46472K(48304K)->46472K(48304K) Class: 5839K(7424K)->5839K(7424K)
[2025-10-30T14:13:58.884+0000][gc            ] GC(174) Pause Young (Normal) (G1 Evacuation Pause) 385M->363M(512M) 14.660ms
[2025-10-30T14:13:58.884+0000][gc,cpu        ] GC(174) User=0.02s Sys=0.00s Real=0.02s
[2025-10-30T14:14:10.848+0000][gc,start      ] GC(175) Pause Young (Normal) (G1 Evacuation Pause)
[2025-10-30T14:14:10.860+0000][gc,task       ] GC(175) Using 2 workers of 2 for evacuation
[2025-10-30T14:14:10.880+0000][gc,phases     ] GC(175)   Pre Evacuate Collection Set: 0.0ms
[2025-10-30T14:14:10.892+0000][gc,phases     ] GC(175)   Evacuate Collection Set: 18.1ms
[2025-10-30T14:14:10.893+0000][gc,phases     ] GC(175)   Post Evacuate Collection Set: 1.6ms
[2025-10-30T14:14:10.893+0000][gc,phases     ] GC(175)   Other: 12.3ms
[2025-10-30T14:14:10.893+0000][gc,heap       ] GC(175) Eden regions: 23->0(23)
[2025-10-30T14:14:10.893+0000][gc,heap       ] GC(175) Survivor regions: 3->3(4)
[2025-10-30T14:14:10.894+0000][gc,heap       ] GC(175) Old regions: 214->215
[2025-10-30T14:14:10.894+0000][gc,heap       ] GC(175) Humongous regions: 147->147
[2025-10-30T14:14:10.894+0000][gc,metaspace  ] GC(175) Metaspace: 52311K(55728K)->52311K(55728K) NonClass: 46472K(48304K)->46472K(48304K) Class: 5839K(7424K)->5839K(7424K)
[2025-10-30T14:14:10.895+0000][gc            ] GC(175) Pause Young (Normal) (G1 Evacuation Pause) 386M->363M(512M) 46.391ms
[2025-10-30T14:14:10.895+0000][gc,cpu        ] GC(175) User=0.04s Sys=0.00s Real=0.05s
[2025-10-30T14:14:23.797+0000][gc,start      ] GC(176) Pause Young (Normal) (G1 Evacuation Pause)
[2025-10-30T14:14:23.797+0000][gc,task       ] GC(176) Using 2 workers of 2 for evacuation
[2025-10-30T14:14:23.817+0000][gc,phases     ] GC(176)   Pre Evacuate Collection Set: 0.0ms
[2025-10-30T14:14:23.818+0000][gc,phases     ] GC(176)   Evacuate Collection Set: 18.2ms
[2025-10-30T14:14:23.818+0000][gc,phases     ] GC(176)   Post Evacuate Collection Set: 1.3ms
[2025-10-30T14:14:23.818+0000][gc,phases     ] GC(176)   Other: 1.2ms
[2025-10-30T14:14:23.819+0000][gc,heap       ] GC(176) Eden regions: 22->0(22)
[2025-10-30T14:14:23.819+0000][gc,heap       ] GC(176) Survivor regions: 3->3(4)
[2025-10-30T14:14:23.819+0000][gc,heap       ] GC(176) Old regions: 215->215
[2025-10-30T14:14:23.820+0000][gc,heap       ] GC(176) Humongous regions: 147->147
[2025-10-30T14:14:23.820+0000][gc,metaspace  ] GC(176) Metaspace: 52311K(55728K)->52311K(55728K) NonClass: 46472K(48304K)->46472K(48304K) Class: 5839K(7424K)->5839K(7424K)
[2025-10-30T14:14:23.820+0000][gc            ] GC(176) Pause Young (Normal) (G1 Evacuation Pause) 385M->364M(512M) 23.391ms
[2025-10-30T14:14:23.820+0000][gc,cpu        ] GC(176) User=0.04s Sys=0.00s Real=0.03s
[2025-10-30T14:14:35.856+0000][gc,start      ] GC(177) Pause Young (Normal) (G1 Evacuation Pause)
[2025-10-30T14:14:35.856+0000][gc,task       ] GC(177) Using 2 workers of 2 for evacuation
[2025-10-30T14:14:35.874+0000][gc,phases     ] GC(177)   Pre Evacuate Collection Set: 0.0ms
[2025-10-30T14:14:35.874+0000][gc,phases     ] GC(177)   Evacuate Collection Set: 16.3ms
[2025-10-30T14:14:35.875+0000][gc,phases     ] GC(177)   Post Evacuate Collection Set: 1.0ms
[2025-10-30T14:14:35.875+0000][gc,phases     ] GC(177)   Other: 0.8ms
[2025-10-30T14:14:35.875+0000][gc,heap       ] GC(177) Eden regions: 22->0(22)
[2025-10-30T14:14:35.875+0000][gc,heap       ] GC(177) Survivor regions: 3->3(4)
[2025-10-30T14:14:35.876+0000][gc,heap       ] GC(177) Old regions: 215->216
[2025-10-30T14:14:35.876+0000][gc,heap       ] GC(177) Humongous regions: 147->147
[2025-10-30T14:14:35.876+0000][gc,metaspace  ] GC(177) Metaspace: 52311K(55728K)->52311K(55728K) NonClass: 46472K(48304K)->46472K(48304K) Class: 5839K(7424K)->5839K(7424K)
[2025-10-30T14:14:35.876+0000][gc            ] GC(177) Pause Young (Normal) (G1 Evacuation Pause) 386M->365M(512M) 20.198ms
[2025-10-30T14:14:35.876+0000][gc,cpu        ] GC(177) User=0.03s Sys=0.00s Real=0.02s
[2025-10-30T14:14:46.614+0000][gc,start      ] GC(178) Pause Young (Normal) (G1 Evacuation Pause)
[2025-10-30T14:14:46.614+0000][gc,task       ] GC(178) Using 2 workers of 2 for evacuation
[2025-10-30T14:14:46.629+0000][gc,phases     ] GC(178)   Pre Evacuate Collection Set: 0.0ms
[2025-10-30T14:14:46.630+0000][gc,phases     ] GC(178)   Evacuate Collection Set: 13.8ms
[2025-10-30T14:14:46.630+0000][gc,phases     ] GC(178)   Post Evacuate Collection Set: 1.2ms
[2025-10-30T14:14:46.630+0000][gc,phases     ] GC(178)   Other: 0.9ms
[2025-10-30T14:14:46.630+0000][gc,heap       ] GC(178) Eden regions: 22->0(23)
[2025-10-30T14:14:46.631+0000][gc,heap       ] GC(178) Survivor regions: 3->3(4)
[2025-10-30T14:14:46.631+0000][gc,heap       ] GC(178) Old regions: 216->217
[2025-10-30T14:14:46.631+0000][gc,heap       ] GC(178) Humongous regions: 147->147
[2025-10-30T14:14:46.631+0000][gc,metaspace  ] GC(178) Metaspace: 52311K(55728K)->52311K(55728K) NonClass: 46472K(48304K)->46472K(48304K) Class: 5839K(7424K)->5839K(7424K)
[2025-10-30T14:14:46.631+0000][gc            ] GC(178) Pause Young (Normal) (G1 Evacuation Pause) 387M->366M(512M) 17.812ms
[2025-10-30T14:14:46.632+0000][gc,cpu        ] GC(178) User=0.03s Sys=0.00s Real=0.02s
[2025-10-30T14:14:58.929+0000][gc,start      ] GC(179) Pause Young (Normal) (G1 Evacuation Pause)
[2025-10-30T14:14:58.929+0000][gc,task       ] GC(179) Using 2 workers of 2 for evacuation
[2025-10-30T14:14:58.941+0000][gc,phases     ] GC(179)   Pre Evacuate Collection Set: 0.0ms
[2025-10-30T14:14:58.941+0000][gc,phases     ] GC(179)   Evacuate Collection Set: 10.3ms
[2025-10-30T14:14:58.941+0000][gc,phases     ] GC(179)   Post Evacuate Collection Set: 0.7ms
[2025-10-30T14:14:58.942+0000][gc,phases     ] GC(179)   Other: 0.6ms
[2025-10-30T14:14:58.942+0000][gc,heap       ] GC(179) Eden regions: 23->0(25)
[2025-10-30T14:14:58.942+0000][gc,heap       ] GC(179) Survivor regions: 3->2(4)
[2025-10-30T14:14:58.942+0000][gc,heap       ] GC(179) Old regions: 217->218
[2025-10-30T14:14:58.942+0000][gc,heap       ] GC(179) Humongous regions: 147->147
[2025-10-30T14:14:58.943+0000][gc,metaspace  ] GC(179) Metaspace: 52311K(55728K)->52311K(55728K) NonClass: 46472K(48304K)->46472K(48304K) Class: 5839K(7424K)->5839K(7424K)
[2025-10-30T14:14:58.943+0000][gc            ] GC(179) Pause Young (Normal) (G1 Evacuation Pause) 389M->366M(512M) 13.465ms
[2025-10-30T14:14:58.943+0000][gc,cpu        ] GC(179) User=0.02s Sys=0.00s Real=0.02s
[2025-10-30T14:15:10.577+0000][gc,start      ] GC(180) Pause Young (Normal) (G1 Evacuation Pause)
[2025-10-30T14:15:10.578+0000][gc,task       ] GC(180) Using 2 workers of 2 for evacuation
[2025-10-30T14:15:10.588+0000][gc,phases     ] GC(180)   Pre Evacuate Collection Set: 0.0ms
[2025-10-30T14:15:10.589+0000][gc,phases     ] GC(180)   Evacuate Collection Set: 9.8ms
[2025-10-30T14:15:10.589+0000][gc,phases     ] GC(180)   Post Evacuate Collection Set: 0.7ms
[2025-10-30T14:15:10.589+0000][gc,phases     ] GC(180)   Other: 0.7ms
[2025-10-30T14:15:10.589+0000][gc,heap       ] GC(180) Eden regions: 25->0(28)
[2025-10-30T14:15:10.589+0000][gc,heap       ] GC(180) Survivor regions: 2->3(4)
[2025-10-30T14:15:10.590+0000][gc,heap       ] GC(180) Old regions: 218->218
[2025-10-30T14:15:10.590+0000][gc,heap       ] GC(180) Humongous regions: 147->147
[2025-10-30T14:15:10.590+0000][gc,metaspace  ] GC(180) Metaspace: 52311K(55728K)->52311K(55728K) NonClass: 46472K(48304K)->46472K(48304K) Class: 5839K(7424K)->5839K(7424K)
[2025-10-30T14:15:10.590+0000][gc            ] GC(180) Pause Young (Normal) (G1 Evacuation Pause) 391M->367M(512M) 12.800ms
[2025-10-30T14:15:10.590+0000][gc,cpu        ] GC(180) User=0.02s Sys=0.00s Real=0.02s
[2025-10-30T14:15:23.448+0000][gc,start      ] GC(181) Pause Young (Normal) (G1 Evacuation Pause)
[2025-10-30T14:15:23.448+0000][gc,task       ] GC(181) Using 2 workers of 2 for evacuation
[2025-10-30T14:15:23.459+0000][gc,phases     ] GC(181)   Pre Evacuate Collection Set: 0.0ms
[2025-10-30T14:15:23.459+0000][gc,phases     ] GC(181)   Evacuate Collection Set: 9.9ms
[2025-10-30T14:15:23.459+0000][gc,phases     ] GC(181)   Post Evacuate Collection Set: 0.6ms
[2025-10-30T14:15:23.459+0000][gc,phases     ] GC(181)   Other: 0.6ms
[2025-10-30T14:15:23.459+0000][gc,heap       ] GC(181) Eden regions: 28->0(30)
[2025-10-30T14:15:23.460+0000][gc,heap       ] GC(181) Survivor regions: 3->3(4)
[2025-10-30T14:15:23.460+0000][gc,heap       ] GC(181) Old regions: 218->219
[2025-10-30T14:15:23.460+0000][gc,heap       ] GC(181) Humongous regions: 147->147
[2025-10-30T14:15:23.460+0000][gc,metaspace  ] GC(181) Metaspace: 52311K(55728K)->52311K(55728K) NonClass: 46472K(48304K)->46472K(48304K) Class: 5839K(7424K)->5839K(7424K)
[2025-10-30T14:15:23.460+0000][gc            ] GC(181) Pause Young (Normal) (G1 Evacuation Pause) 395M->368M(512M) 12.286ms
[2025-10-30T14:15:23.460+0000][gc,cpu        ] GC(181) User=0.02s Sys=0.00s Real=0.01s
[2025-10-30T14:15:36.596+0000][gc,start      ] GC(182) Pause Young (Normal) (G1 Evacuation Pause)
[2025-10-30T14:15:36.596+0000][gc,task       ] GC(182) Using 2 workers of 2 for evacuation
[2025-10-30T14:15:36.608+0000][gc,phases     ] GC(182)   Pre Evacuate Collection Set: 0.0ms
[2025-10-30T14:15:36.608+0000][gc,phases     ] GC(182)   Evacuate Collection Set: 10.5ms
[2025-10-30T14:15:36.608+0000][gc,phases     ] GC(182)   Post Evacuate Collection Set: 0.7ms
[2025-10-30T14:15:36.608+0000][gc,phases     ] GC(182)   Other: 0.5ms
[2025-10-30T14:15:36.608+0000][gc,heap       ] GC(182) Eden regions: 30->0(32)
[2025-10-30T14:15:36.609+0000][gc,heap       ] GC(182) Survivor regions: 3->4(5)
[2025-10-30T14:15:36.609+0000][gc,heap       ] GC(182) Old regions: 219->219
[2025-10-30T14:15:36.609+0000][gc,heap       ] GC(182) Humongous regions: 147->147
[2025-10-30T14:15:36.609+0000][gc,metaspace  ] GC(182) Metaspace: 52311K(55728K)->52311K(55728K) NonClass: 46472K(48304K)->46472K(48304K) Class: 5839K(7424K)->5839K(7424K)
[2025-10-30T14:15:36.609+0000][gc            ] GC(182) Pause Young (Normal) (G1 Evacuation Pause) 398M->369M(512M) 13.204ms
[2025-10-30T14:15:36.609+0000][gc,cpu        ] GC(182) User=0.02s Sys=0.00s Real=0.01s
[2025-10-30T14:15:51.023+0000][gc,start      ] GC(183) Pause Young (Normal) (G1 Evacuation Pause)
[2025-10-30T14:15:51.024+0000][gc,task       ] GC(183) Using 2 workers of 2 for evacuation
[2025-10-30T14:15:51.035+0000][gc,phases     ] GC(183)   Pre Evacuate Collection Set: 0.0ms
[2025-10-30T14:15:51.036+0000][gc,phases     ] GC(183)   Evacuate Collection Set: 11.0ms
[2025-10-30T14:15:51.036+0000][gc,phases     ] GC(183)   Post Evacuate Collection Set: 0.6ms
[2025-10-30T14:15:51.036+0000][gc,phases     ] GC(183)   Other: 0.4ms
[2025-10-30T14:15:51.036+0000][gc,heap       ] GC(183) Eden regions: 32->0(35)
[2025-10-30T14:15:51.036+0000][gc,heap       ] GC(183) Survivor regions: 4->4(5)
[2025-10-30T14:15:51.036+0000][gc,heap       ] GC(183) Old regions: 219->221
[2025-10-30T14:15:51.037+0000][gc,heap       ] GC(183) Humongous regions: 147->147
[2025-10-30T14:15:51.037+0000][gc,metaspace  ] GC(183) Metaspace: 52311K(55728K)->52311K(55728K) NonClass: 46472K(48304K)->46472K(48304K) Class: 5839K(7424K)->5839K(7424K)
[2025-10-30T14:15:51.037+0000][gc            ] GC(183) Pause Young (Normal) (G1 Evacuation Pause) 401M->370M(512M) 13.360ms
[2025-10-30T14:15:51.037+0000][gc,cpu        ] GC(183) User=0.03s Sys=0.00s Real=0.02s
[2025-10-30T14:16:07.268+0000][gc,start      ] GC(184) Pause Young (Normal) (G1 Evacuation Pause)
[2025-10-30T14:16:07.268+0000][gc,task       ] GC(184) Using 2 workers of 2 for evacuation
[2025-10-30T14:16:07.282+0000][gc,phases     ] GC(184)   Pre Evacuate Collection Set: 0.0ms
[2025-10-30T14:16:07.282+0000][gc,phases     ] GC(184)   Evacuate Collection Set: 12.4ms
[2025-10-30T14:16:07.282+0000][gc,phases     ] GC(184)   Post Evacuate Collection Set: 0.7ms
[2025-10-30T14:16:07.282+0000][gc,phases     ] GC(184)   Other: 0.8ms
[2025-10-30T14:16:07.283+0000][gc,heap       ] GC(184) Eden regions: 35->0(36)
[2025-10-30T14:16:07.283+0000][gc,heap       ] GC(184) Survivor regions: 4->4(5)
[2025-10-30T14:16:07.283+0000][gc,heap       ] GC(184) Old regions: 221->222
[2025-10-30T14:16:07.283+0000][gc,heap       ] GC(184) Humongous regions: 147->147
[2025-10-30T14:16:07.283+0000][gc,metaspace  ] GC(184) Metaspace: 52311K(55728K)->52311K(55728K) NonClass: 46472K(48304K)->46472K(48304K) Class: 5839K(7424K)->5839K(7424K)
[2025-10-30T14:16:07.283+0000][gc            ] GC(184) Pause Young (Normal) (G1 Evacuation Pause) 405M->371M(512M) 15.489ms
[2025-10-30T14:16:07.284+0000][gc,cpu        ] GC(184) User=0.02s Sys=0.00s Real=0.01s
[2025-10-30T14:16:23.308+0000][gc,start      ] GC(185) Pause Young (Normal) (G1 Evacuation Pause)
[2025-10-30T14:16:23.308+0000][gc,task       ] GC(185) Using 2 workers of 2 for evacuation
[2025-10-30T14:16:23.320+0000][gc,phases     ] GC(185)   Pre Evacuate Collection Set: 0.0ms
[2025-10-30T14:16:23.320+0000][gc,phases     ] GC(185)   Evacuate Collection Set: 11.1ms
[2025-10-30T14:16:23.321+0000][gc,phases     ] GC(185)   Post Evacuate Collection Set: 0.7ms
[2025-10-30T14:16:23.321+0000][gc,phases     ] GC(185)   Other: 0.7ms
[2025-10-30T14:16:23.321+0000][gc,heap       ] GC(185) Eden regions: 35->0(39)
[2025-10-30T14:16:23.321+0000][gc,heap       ] GC(185) Survivor regions: 4->3(5)
[2025-10-30T14:16:23.321+0000][gc,heap       ] GC(185) Old regions: 222->222
[2025-10-30T14:16:23.322+0000][gc,heap       ] GC(185) Humongous regions: 147->147
[2025-10-30T14:16:23.322+0000][gc,metaspace  ] GC(185) Metaspace: 52311K(55728K)->52311K(55728K) NonClass: 46472K(48304K)->46472K(48304K) Class: 5839K(7424K)->5839K(7424K)
[2025-10-30T14:16:23.322+0000][gc            ] GC(185) Pause Young (Normal) (G1 Evacuation Pause) 406M->371M(512M) 14.349ms
[2025-10-30T14:16:23.322+0000][gc,cpu        ] GC(185) User=0.02s Sys=0.00s Real=0.01s
[2025-10-30T14:16:40.151+0000][gc,start      ] GC(186) Pause Young (Normal) (G1 Evacuation Pause)
[2025-10-30T14:16:40.152+0000][gc,task       ] GC(186) Using 2 workers of 2 for evacuation
[2025-10-30T14:16:40.165+0000][gc,phases     ] GC(186)   Pre Evacuate Collection Set: 0.0ms
[2025-10-30T14:16:40.165+0000][gc,phases     ] GC(186)   Evacuate Collection Set: 12.5ms
[2025-10-30T14:16:40.165+0000][gc,phases     ] GC(186)   Post Evacuate Collection Set: 0.6ms
[2025-10-30T14:16:40.166+0000][gc,phases     ] GC(186)   Other: 0.5ms
[2025-10-30T14:16:40.166+0000][gc,heap       ] GC(186) Eden regions: 36->0(41)
[2025-10-30T14:16:40.166+0000][gc,heap       ] GC(186) Survivor regions: 3->4(5)
[2025-10-30T14:16:40.166+0000][gc,heap       ] GC(186) Old regions: 222->223
[2025-10-30T14:16:40.166+0000][gc,heap       ] GC(186) Humongous regions: 147->147
[2025-10-30T14:16:40.167+0000][gc,metaspace  ] GC(186) Metaspace: 52311K(55728K)->52311K(55728K) NonClass: 46472K(48304K)->46472K(48304K) Class: 5839K(7424K)->5839K(7424K)
[2025-10-30T14:16:40.167+0000][gc            ] GC(186) Pause Young (Normal) (G1 Evacuation Pause) 407M->372M(512M) 15.278ms
[2025-10-30T14:16:40.167+0000][gc,cpu        ] GC(186) User=0.03s Sys=0.00s Real=0.02s
[2025-10-30T14:16:59.641+0000][gc,start      ] GC(187) Pause Young (Normal) (G1 Evacuation Pause)
[2025-10-30T14:16:59.642+0000][gc,task       ] GC(187) Using 2 workers of 2 for evacuation
[2025-10-30T14:16:59.657+0000][gc,phases     ] GC(187)   Pre Evacuate Collection Set: 0.0ms
[2025-10-30T14:16:59.657+0000][gc,phases     ] GC(187)   Evacuate Collection Set: 14.3ms
[2025-10-30T14:16:59.658+0000][gc,phases     ] GC(187)   Post Evacuate Collection Set: 0.8ms
[2025-10-30T14:16:59.658+0000][gc,phases     ] GC(187)   Other: 0.8ms
[2025-10-30T14:16:59.658+0000][gc,heap       ] GC(187) Eden regions: 40->0(41)
[2025-10-30T14:16:59.658+0000][gc,heap       ] GC(187) Survivor regions: 4->4(6)
[2025-10-30T14:16:59.658+0000][gc,heap       ] GC(187) Old regions: 223->224
[2025-10-30T14:16:59.659+0000][gc,heap       ] GC(187) Humongous regions: 147->147
[2025-10-30T14:16:59.659+0000][gc,metaspace  ] GC(187) Metaspace: 52311K(55728K)->52311K(55728K) NonClass: 46472K(48304K)->46472K(48304K) Class: 5839K(7424K)->5839K(7424K)
[2025-10-30T14:16:59.659+0000][gc            ] GC(187) Pause Young (Normal) (G1 Evacuation Pause) 412M->374M(512M) 17.612ms
[2025-10-30T14:16:59.659+0000][gc,cpu        ] GC(187) User=0.03s Sys=0.00s Real=0.02s
[2025-10-30T14:17:20.461+0000][gc,start      ] GC(188) Pause Young (Normal) (G1 Evacuation Pause)
[2025-10-30T14:17:20.462+0000][gc,task       ] GC(188) Using 2 workers of 2 for evacuation
[2025-10-30T14:17:20.479+0000][gc,phases     ] GC(188)   Pre Evacuate Collection Set: 0.0ms
[2025-10-30T14:17:20.479+0000][gc,phases     ] GC(188)   Evacuate Collection Set: 15.7ms
[2025-10-30T14:17:20.479+0000][gc,phases     ] GC(188)   Post Evacuate Collection Set: 0.9ms
[2025-10-30T14:17:20.480+0000][gc,phases     ] GC(188)   Other: 0.6ms
[2025-10-30T14:17:20.480+0000][gc,heap       ] GC(188) Eden regions: 40->0(42)
[2025-10-30T14:17:20.480+0000][gc,heap       ] GC(188) Survivor regions: 4->5(6)
[2025-10-30T14:17:20.480+0000][gc,heap       ] GC(188) Old regions: 224->225
[2025-10-30T14:17:20.480+0000][gc,heap       ] GC(188) Humongous regions: 147->147
[2025-10-30T14:17:20.481+0000][gc,metaspace  ] GC(188) Metaspace: 52311K(55728K)->52311K(55728K) NonClass: 46472K(48304K)->46472K(48304K) Class: 5839K(7424K)->5839K(7424K)
[2025-10-30T14:17:20.481+0000][gc            ] GC(188) Pause Young (Normal) (G1 Evacuation Pause) 414M->376M(512M) 19.344ms
[2025-10-30T14:17:20.481+0000][gc,cpu        ] GC(188) User=0.03s Sys=0.00s Real=0.02s
[2025-10-30T14:17:39.431+0000][gc,start      ] GC(189) Pause Young (Normal) (G1 Evacuation Pause)
[2025-10-30T14:17:39.432+0000][gc,task       ] GC(189) Using 2 workers of 2 for evacuation
[2025-10-30T14:17:39.450+0000][gc,phases     ] GC(189)   Pre Evacuate Collection Set: 0.0ms
[2025-10-30T14:17:39.450+0000][gc,phases     ] GC(189)   Evacuate Collection Set: 17.1ms
[2025-10-30T14:17:39.450+0000][gc,phases     ] GC(189)   Post Evacuate Collection Set: 0.9ms
[2025-10-30T14:17:39.451+0000][gc,phases     ] GC(189)   Other: 0.7ms
[2025-10-30T14:17:39.451+0000][gc,heap       ] GC(189) Eden regions: 37->0(41)
[2025-10-30T14:17:39.451+0000][gc,heap       ] GC(189) Survivor regions: 5->4(6)
[2025-10-30T14:17:39.451+0000][gc,heap       ] GC(189) Old regions: 225->226
[2025-10-30T14:17:39.451+0000][gc,heap       ] GC(189) Humongous regions: 147->147
[2025-10-30T14:17:39.452+0000][gc,metaspace  ] GC(189) Metaspace: 52311K(55728K)->52311K(55728K) NonClass: 46472K(48304K)->46472K(48304K) Class: 5839K(7424K)->5839K(7424K)
[2025-10-30T14:17:39.452+0000][gc            ] GC(189) Pause Young (Normal) (G1 Evacuation Pause) 413M->375M(512M) 20.538ms
[2025-10-30T14:17:39.452+0000][gc,cpu        ] GC(189) User=0.03s Sys=0.00s Real=0.02s
[2025-10-30T14:17:57.637+0000][gc,start      ] GC(190) Pause Young (Normal) (G1 Evacuation Pause)
[2025-10-30T14:17:57.638+0000][gc,task       ] GC(190) Using 2 workers of 2 for evacuation
[2025-10-30T14:17:57.654+0000][gc,phases     ] GC(190)   Pre Evacuate Collection Set: 0.0ms
[2025-10-30T14:17:57.655+0000][gc,phases     ] GC(190)   Evacuate Collection Set: 15.4ms
[2025-10-30T14:17:57.655+0000][gc,phases     ] GC(190)   Post Evacuate Collection Set: 0.9ms
[2025-10-30T14:17:57.655+0000][gc,phases     ] GC(190)   Other: 0.9ms
[2025-10-30T14:17:57.656+0000][gc,heap       ] GC(190) Eden regions: 37->0(41)
[2025-10-30T14:17:57.656+0000][gc,heap       ] GC(190) Survivor regions: 4->4(6)
[2025-10-30T14:17:57.656+0000][gc,heap       ] GC(190) Old regions: 226->227
[2025-10-30T14:17:57.656+0000][gc,heap       ] GC(190) Humongous regions: 147->147
[2025-10-30T14:17:57.656+0000][gc,metaspace  ] GC(190) Metaspace: 52311K(55728K)->52311K(55728K) NonClass: 46472K(48304K)->46472K(48304K) Class: 5839K(7424K)->5839K(7424K)
[2025-10-30T14:17:57.657+0000][gc            ] GC(190) Pause Young (Normal) (G1 Evacuation Pause) 412M->377M(512M) 19.512ms
[2025-10-30T14:17:57.657+0000][gc,cpu        ] GC(190) User=0.03s Sys=0.00s Real=0.01s
[2025-10-30T14:18:17.810+0000][gc,start      ] GC(191) Pause Young (Normal) (G1 Evacuation Pause)
[2025-10-30T14:18:17.811+0000][gc,task       ] GC(191) Using 2 workers of 2 for evacuation
[2025-10-30T14:18:17.832+0000][gc,mmu        ] GC(191) MMU target violated: 20.6ms (20.0ms/21.0ms)
[2025-10-30T14:18:17.832+0000][gc,phases     ] GC(191)   Pre Evacuate Collection Set: 0.0ms
[2025-10-30T14:18:17.832+0000][gc,phases     ] GC(191)   Evacuate Collection Set: 19.2ms
[2025-10-30T14:18:17.832+0000][gc,phases     ] GC(191)   Post Evacuate Collection Set: 1.3ms
[2025-10-30T14:18:17.833+0000][gc,phases     ] GC(191)   Other: 1.1ms
[2025-10-30T14:18:17.833+0000][gc,heap       ] GC(191) Eden regions: 37->0(40)
[2025-10-30T14:18:17.833+0000][gc,heap       ] GC(191) Survivor regions: 4->5(6)
[2025-10-30T14:18:17.833+0000][gc,heap       ] GC(191) Old regions: 227->228
[2025-10-30T14:18:17.834+0000][gc,heap       ] GC(191) Humongous regions: 147->147
[2025-10-30T14:18:17.834+0000][gc,metaspace  ] GC(191) Metaspace: 52311K(55728K)->52311K(55728K) NonClass: 46472K(48304K)->46472K(48304K) Class: 5839K(7424K)->5839K(7424K)
[2025-10-30T14:18:17.834+0000][gc            ] GC(191) Pause Young (Normal) (G1 Evacuation Pause) 414M->378M(512M) 23.868ms
[2025-10-30T14:18:17.834+0000][gc,cpu        ] GC(191) User=0.04s Sys=0.00s Real=0.02s
[2025-10-30T14:18:36.243+0000][gc,start      ] GC(192) Pause Young (Normal) (G1 Evacuation Pause)
[2025-10-30T14:18:36.244+0000][gc,task       ] GC(192) Using 2 workers of 2 for evacuation
[2025-10-30T14:18:36.279+0000][gc,mmu        ] GC(192) MMU target violated: 21.0ms (20.0ms/21.0ms)
[2025-10-30T14:18:36.280+0000][gc,phases     ] GC(192)   Pre Evacuate Collection Set: 0.1ms
[2025-10-30T14:18:36.280+0000][gc,phases     ] GC(192)   Evacuate Collection Set: 33.2ms
[2025-10-30T14:18:36.281+0000][gc,phases     ] GC(192)   Post Evacuate Collection Set: 1.2ms
[2025-10-30T14:18:36.282+0000][gc,phases     ] GC(192)   Other: 2.4ms
[2025-10-30T14:18:36.283+0000][gc,heap       ] GC(192) Eden regions: 35->0(23)
[2025-10-30T14:18:36.284+0000][gc,heap       ] GC(192) Survivor regions: 5->2(5)
[2025-10-30T14:18:36.285+0000][gc,heap       ] GC(192) Old regions: 228->230
[2025-10-30T14:18:36.286+0000][gc,heap       ] GC(192) Humongous regions: 147->147
[2025-10-30T14:18:36.288+0000][gc,metaspace  ] GC(192) Metaspace: 52311K(55728K)->52311K(55728K) NonClass: 46472K(48304K)->46472K(48304K) Class: 5839K(7424K)->5839K(7424K)
[2025-10-30T14:18:36.289+0000][gc            ] GC(192) Pause Young (Normal) (G1 Evacuation Pause) 413M->378M(512M) 46.229ms
[2025-10-30T14:18:36.290+0000][gc,cpu        ] GC(192) User=0.07s Sys=0.00s Real=0.04s
[2025-10-30T14:18:50.917+0000][gc,start      ] GC(193) Pause Young (Normal) (G1 Evacuation Pause)
[2025-10-30T14:18:50.917+0000][gc,task       ] GC(193) Using 2 workers of 2 for evacuation
[2025-10-30T14:18:50.937+0000][gc,phases     ] GC(193)   Pre Evacuate Collection Set: 0.0ms
[2025-10-30T14:18:50.938+0000][gc,phases     ] GC(193)   Evacuate Collection Set: 17.6ms
[2025-10-30T14:18:50.941+0000][gc,phases     ] GC(193)   Post Evacuate Collection Set: 1.8ms
[2025-10-30T14:18:50.942+0000][gc,phases     ] GC(193)   Other: 1.2ms
[2025-10-30T14:18:50.942+0000][gc,heap       ] GC(193) Eden regions: 23->0(22)
[2025-10-30T14:18:50.942+0000][gc,heap       ] GC(193) Survivor regions: 2->3(4)
[2025-10-30T14:18:50.943+0000][gc,heap       ] GC(193) Old regions: 230->230
[2025-10-30T14:18:50.943+0000][gc,heap       ] GC(193) Humongous regions: 147->147
[2025-10-30T14:18:50.944+0000][gc,metaspace  ] GC(193) Metaspace: 52311K(55728K)->52311K(55728K) NonClass: 46472K(48304K)->46472K(48304K) Class: 5839K(7424K)->5839K(7424K)
[2025-10-30T14:18:50.944+0000][gc            ] GC(193) Pause Young (Normal) (G1 Evacuation Pause) 401M->379M(512M) 27.376ms
[2025-10-30T14:18:50.944+0000][gc,cpu        ] GC(193) User=0.04s Sys=0.00s Real=0.03s
[2025-10-30T14:19:05.557+0000][gc,start      ] GC(194) Pause Young (Normal) (G1 Evacuation Pause)
[2025-10-30T14:19:05.557+0000][gc,task       ] GC(194) Using 2 workers of 2 for evacuation
[2025-10-30T14:19:05.578+0000][gc,phases     ] GC(194)   Pre Evacuate Collection Set: 0.0ms
[2025-10-30T14:19:05.579+0000][gc,phases     ] GC(194)   Evacuate Collection Set: 15.6ms
[2025-10-30T14:19:05.579+0000][gc,phases     ] GC(194)   Post Evacuate Collection Set: 1.3ms
[2025-10-30T14:19:05.579+0000][gc,phases     ] GC(194)   Other: 4.3ms
[2025-10-30T14:19:05.579+0000][gc,heap       ] GC(194) Eden regions: 22->0(22)
[2025-10-30T14:19:05.580+0000][gc,heap       ] GC(194) Survivor regions: 3->3(4)
[2025-10-30T14:19:05.580+0000][gc,heap       ] GC(194) Old regions: 230->231
[2025-10-30T14:19:05.580+0000][gc,heap       ] GC(194) Humongous regions: 147->147
[2025-10-30T14:19:05.580+0000][gc,metaspace  ] GC(194) Metaspace: 52311K(55728K)->52311K(55728K) NonClass: 46472K(48304K)->46472K(48304K) Class: 5839K(7424K)->5839K(7424K)
[2025-10-30T14:19:05.581+0000][gc            ] GC(194) Pause Young (Normal) (G1 Evacuation Pause) 401M->380M(512M) 23.568ms
[2025-10-30T14:19:05.581+0000][gc,cpu        ] GC(194) User=0.03s Sys=0.00s Real=0.03s
[2025-10-30T14:19:16.969+0000][gc,start      ] GC(195) Pause Young (Normal) (G1 Evacuation Pause)
[2025-10-30T14:19:16.969+0000][gc,task       ] GC(195) Using 2 workers of 2 for evacuation
[2025-10-30T14:19:16.987+0000][gc,phases     ] GC(195)   Pre Evacuate Collection Set: 0.0ms
[2025-10-30T14:19:16.988+0000][gc,phases     ] GC(195)   Evacuate Collection Set: 16.3ms
[2025-10-30T14:19:16.988+0000][gc,phases     ] GC(195)   Post Evacuate Collection Set: 0.9ms
[2025-10-30T14:19:16.989+0000][gc,phases     ] GC(195)   Other: 1.1ms
[2025-10-30T14:19:16.989+0000][gc,heap       ] GC(195) Eden regions: 22->0(22)
[2025-10-30T14:19:16.989+0000][gc,heap       ] GC(195) Survivor regions: 3->3(4)
[2025-10-30T14:19:16.989+0000][gc,heap       ] GC(195) Old regions: 231->231
[2025-10-30T14:19:16.990+0000][gc,heap       ] GC(195) Humongous regions: 147->147
[2025-10-30T14:19:16.990+0000][gc,metaspace  ] GC(195) Metaspace: 52311K(55728K)->52311K(55728K) NonClass: 46472K(48304K)->46472K(48304K) Class: 5839K(7424K)->5839K(7424K)
[2025-10-30T14:19:16.990+0000][gc            ] GC(195) Pause Young (Normal) (G1 Evacuation Pause) 402M->380M(512M) 21.057ms
[2025-10-30T14:19:16.990+0000][gc,cpu        ] GC(195) User=0.04s Sys=0.00s Real=0.02s
[2025-10-30T14:19:28.376+0000][gc,start      ] GC(196) Pause Young (Normal) (G1 Evacuation Pause)
[2025-10-30T14:19:28.376+0000][gc,task       ] GC(196) Using 2 workers of 2 for evacuation
[2025-10-30T14:19:28.392+0000][gc,phases     ] GC(196)   Pre Evacuate Collection Set: 0.0ms
[2025-10-30T14:19:28.393+0000][gc,phases     ] GC(196)   Evacuate Collection Set: 14.2ms
[2025-10-30T14:19:28.393+0000][gc,phases     ] GC(196)   Post Evacuate Collection Set: 0.9ms
[2025-10-30T14:19:28.394+0000][gc,phases     ] GC(196)   Other: 0.9ms
[2025-10-30T14:19:28.394+0000][gc,heap       ] GC(196) Eden regions: 22->0(22)
[2025-10-30T14:19:28.394+0000][gc,heap       ] GC(196) Survivor regions: 3->3(4)
[2025-10-30T14:19:28.394+0000][gc,heap       ] GC(196) Old regions: 231->232
[2025-10-30T14:19:28.395+0000][gc,heap       ] GC(196) Humongous regions: 147->147
[2025-10-30T14:19:28.395+0000][gc,metaspace  ] GC(196) Metaspace: 52311K(55728K)->52311K(55728K) NonClass: 46472K(48304K)->46472K(48304K) Class: 5839K(7424K)->5839K(7424K)
[2025-10-30T14:19:28.395+0000][gc            ] GC(196) Pause Young (Normal) (G1 Evacuation Pause) 402M->381M(512M) 19.041ms
[2025-10-30T14:19:28.396+0000][gc,cpu        ] GC(196) User=0.03s Sys=0.00s Real=0.02s
[2025-10-30T14:19:39.563+0000][gc,start      ] GC(197) Pause Young (Normal) (G1 Evacuation Pause)
[2025-10-30T14:19:39.563+0000][gc,task       ] GC(197) Using 2 workers of 2 for evacuation
[2025-10-30T14:19:39.577+0000][gc,phases     ] GC(197)   Pre Evacuate Collection Set: 0.0ms
[2025-10-30T14:19:39.577+0000][gc,phases     ] GC(197)   Evacuate Collection Set: 12.1ms
[2025-10-30T14:19:39.578+0000][gc,phases     ] GC(197)   Post Evacuate Collection Set: 1.1ms
[2025-10-30T14:19:39.578+0000][gc,phases     ] GC(197)   Other: 0.7ms
[2025-10-30T14:19:39.578+0000][gc,heap       ] GC(197) Eden regions: 22->0(24)
[2025-10-30T14:19:39.579+0000][gc,heap       ] GC(197) Survivor regions: 3->3(4)
[2025-10-30T14:19:39.579+0000][gc,heap       ] GC(197) Old regions: 232->233
[2025-10-30T14:19:39.579+0000][gc,heap       ] GC(197) Humongous regions: 147->147
[2025-10-30T14:19:39.580+0000][gc,metaspace  ] GC(197) Metaspace: 52311K(55728K)->52311K(55728K) NonClass: 46472K(48304K)->46472K(48304K) Class: 5839K(7424K)->5839K(7424K)
[2025-10-30T14:19:39.580+0000][gc            ] GC(197) Pause Young (Normal) (G1 Evacuation Pause) 403M->382M(512M) 16.741ms
[2025-10-30T14:19:39.580+0000][gc,cpu        ] GC(197) User=0.03s Sys=0.00s Real=0.01s
[2025-10-30T14:19:52.473+0000][gc,start      ] GC(198) Pause Young (Normal) (G1 Evacuation Pause)
[2025-10-30T14:19:52.473+0000][gc,task       ] GC(198) Using 2 workers of 2 for evacuation
[2025-10-30T14:19:52.487+0000][gc,phases     ] GC(198)   Pre Evacuate Collection Set: 0.0ms
[2025-10-30T14:19:52.487+0000][gc,phases     ] GC(198)   Evacuate Collection Set: 12.5ms
[2025-10-30T14:19:52.487+0000][gc,phases     ] GC(198)   Post Evacuate Collection Set: 0.8ms
[2025-10-30T14:19:52.487+0000][gc,phases     ] GC(198)   Other: 0.7ms
[2025-10-30T14:19:52.487+0000][gc,heap       ] GC(198) Eden regions: 24->0(25)
[2025-10-30T14:19:52.488+0000][gc,heap       ] GC(198) Survivor regions: 3->2(4)
[2025-10-30T14:19:52.488+0000][gc,heap       ] GC(198) Old regions: 233->234
[2025-10-30T14:19:52.488+0000][gc,heap       ] GC(198) Humongous regions: 147->147
[2025-10-30T14:19:52.488+0000][gc,metaspace  ] GC(198) Metaspace: 52311K(55728K)->52311K(55728K) NonClass: 46472K(48304K)->46472K(48304K) Class: 5839K(7424K)->5839K(7424K)
[2025-10-30T14:19:52.489+0000][gc            ] GC(198) Pause Young (Normal) (G1 Evacuation Pause) 406M->382M(512M) 15.875ms
[2025-10-30T14:19:52.489+0000][gc,cpu        ] GC(198) User=0.03s Sys=0.00s Real=0.01s
[2025-10-30T14:20:04.307+0000][gc,start      ] GC(199) Pause Young (Normal) (G1 Evacuation Pause)
[2025-10-30T14:20:04.307+0000][gc,task       ] GC(199) Using 2 workers of 2 for evacuation
[2025-10-30T14:20:04.320+0000][gc,phases     ] GC(199)   Pre Evacuate Collection Set: 0.0ms
[2025-10-30T14:20:04.320+0000][gc,phases     ] GC(199)   Evacuate Collection Set: 11.4ms
[2025-10-30T14:20:04.320+0000][gc,phases     ] GC(199)   Post Evacuate Collection Set: 0.9ms
[2025-10-30T14:20:04.320+0000][gc,phases     ] GC(199)   Other: 0.6ms
[2025-10-30T14:20:04.321+0000][gc,heap       ] GC(199) Eden regions: 25->0(26)
[2025-10-30T14:20:04.321+0000][gc,heap       ] GC(199) Survivor regions: 2->3(4)
[2025-10-30T14:20:04.321+0000][gc,heap       ] GC(199) Old regions: 234->234
[2025-10-30T14:20:04.321+0000][gc,heap       ] GC(199) Humongous regions: 147->147
[2025-10-30T14:20:04.321+0000][gc,metaspace  ] GC(199) Metaspace: 52311K(55728K)->52311K(55728K) NonClass: 46472K(48304K)->46472K(48304K) Class: 5839K(7424K)->5839K(7424K)
[2025-10-30T14:20:04.322+0000][gc            ] GC(199) Pause Young (Normal) (G1 Evacuation Pause) 407M->383M(512M) 14.806ms
[2025-10-30T14:20:04.322+0000][gc,cpu        ] GC(199) User=0.03s Sys=0.00s Real=0.01s
[2025-10-30T14:20:18.042+0000][gc,start      ] GC(200) Pause Young (Normal) (G1 Evacuation Pause)
[2025-10-30T14:20:18.042+0000][gc,task       ] GC(200) Using 2 workers of 2 for evacuation
[2025-10-30T14:20:18.056+0000][gc,phases     ] GC(200)   Pre Evacuate Collection Set: 0.0ms
[2025-10-30T14:20:18.056+0000][gc,phases     ] GC(200)   Evacuate Collection Set: 12.7ms
[2025-10-30T14:20:18.057+0000][gc,phases     ] GC(200)   Post Evacuate Collection Set: 0.7ms
[2025-10-30T14:20:18.057+0000][gc,phases     ] GC(200)   Other: 0.6ms
[2025-10-30T14:20:18.057+0000][gc,heap       ] GC(200) Eden regions: 26->0(28)
[2025-10-30T14:20:18.057+0000][gc,heap       ] GC(200) Survivor regions: 3->3(4)
[2025-10-30T14:20:18.057+0000][gc,heap       ] GC(200) Old regions: 234->235
[2025-10-30T14:20:18.057+0000][gc,heap       ] GC(200) Humongous regions: 147->147
[2025-10-30T14:20:18.058+0000][gc,metaspace  ] GC(200) Metaspace: 52311K(55728K)->52311K(55728K) NonClass: 46472K(48304K)->46472K(48304K) Class: 5839K(7424K)->5839K(7424K)
[2025-10-30T14:20:18.058+0000][gc            ] GC(200) Pause Young (Normal) (G1 Evacuation Pause) 409M->384M(512M) 15.603ms
[2025-10-30T14:20:18.058+0000][gc,cpu        ] GC(200) User=0.02s Sys=0.00s Real=0.02s
[2025-10-30T14:20:31.720+0000][gc,start      ] GC(201) Pause Young (Normal) (G1 Evacuation Pause)
[2025-10-30T14:20:31.720+0000][gc,task       ] GC(201) Using 2 workers of 2 for evacuation
[2025-10-30T14:20:31.735+0000][gc,phases     ] GC(201)   Pre Evacuate Collection Set: 0.0ms
[2025-10-30T14:20:31.735+0000][gc,phases     ] GC(201)   Evacuate Collection Set: 13.1ms
[2025-10-30T14:20:31.735+0000][gc,phases     ] GC(201)   Post Evacuate Collection Set: 0.7ms
[2025-10-30T14:20:31.735+0000][gc,phases     ] GC(201)   Other: 0.6ms
[2025-10-30T14:20:31.735+0000][gc,heap       ] GC(201) Eden regions: 28->0(29)
[2025-10-30T14:20:31.736+0000][gc,heap       ] GC(201) Survivor regions: 3->3(4)
[2025-10-30T14:20:31.736+0000][gc,heap       ] GC(201) Old regions: 235->236
[2025-10-30T14:20:31.736+0000][gc,heap       ] GC(201) Humongous regions: 147->147
[2025-10-30T14:20:31.736+0000][gc,metaspace  ] GC(201) Metaspace: 52311K(55728K)->52311K(55728K) NonClass: 46472K(48304K)->46472K(48304K) Class: 5839K(7424K)->5839K(7424K)
[2025-10-30T14:20:31.736+0000][gc            ] GC(201) Pause Young (Normal) (G1 Evacuation Pause) 412M->385M(512M) 16.114ms
[2025-10-30T14:20:31.736+0000][gc,cpu        ] GC(201) User=0.03s Sys=0.00s Real=0.02s
[2025-10-30T14:20:45.591+0000][gc,start      ] GC(202) Pause Young (Normal) (G1 Evacuation Pause)
[2025-10-30T14:20:45.591+0000][gc,task       ] GC(202) Using 2 workers of 2 for evacuation
[2025-10-30T14:20:45.608+0000][gc,phases     ] GC(202)   Pre Evacuate Collection Set: 0.0ms
[2025-10-30T14:20:45.608+0000][gc,phases     ] GC(202)   Evacuate Collection Set: 15.2ms
[2025-10-30T14:20:45.608+0000][gc,phases     ] GC(202)   Post Evacuate Collection Set: 1.1ms
[2025-10-30T14:20:45.609+0000][gc,phases     ] GC(202)   Other: 0.9ms
[2025-10-30T14:20:45.609+0000][gc,heap       ] GC(202) Eden regions: 28->0(29)
[2025-10-30T14:20:45.610+0000][gc,heap       ] GC(202) Survivor regions: 3->3(4)
[2025-10-30T14:20:45.610+0000][gc,heap       ] GC(202) Old regions: 236->237
[2025-10-30T14:20:45.611+0000][gc,heap       ] GC(202) Humongous regions: 147->147
[2025-10-30T14:20:45.611+0000][gc,metaspace  ] GC(202) Metaspace: 52316K(55728K)->52316K(55728K) NonClass: 46477K(48304K)->46477K(48304K) Class: 5839K(7424K)->5839K(7424K)
[2025-10-30T14:20:45.611+0000][gc            ] GC(202) Pause Young (Normal) (G1 Evacuation Pause) 413M->386M(512M) 20.741ms
[2025-10-30T14:20:45.612+0000][gc,cpu        ] GC(202) User=0.03s Sys=0.00s Real=0.02s
[2025-10-30T14:20:58.319+0000][gc,start      ] GC(203) Pause Young (Normal) (G1 Evacuation Pause)
[2025-10-30T14:20:58.319+0000][gc,task       ] GC(203) Using 2 workers of 2 for evacuation
[2025-10-30T14:20:58.332+0000][gc,phases     ] GC(203)   Pre Evacuate Collection Set: 0.1ms
[2025-10-30T14:20:58.332+0000][gc,phases     ] GC(203)   Evacuate Collection Set: 11.5ms
[2025-10-30T14:20:58.332+0000][gc,phases     ] GC(203)   Post Evacuate Collection Set: 1.0ms
[2025-10-30T14:20:58.333+0000][gc,phases     ] GC(203)   Other: 0.7ms
[2025-10-30T14:20:58.333+0000][gc,heap       ] GC(203) Eden regions: 25->0(30)
[2025-10-30T14:20:58.333+0000][gc,heap       ] GC(203) Survivor regions: 3->2(4)
[2025-10-30T14:20:58.333+0000][gc,heap       ] GC(203) Old regions: 237->238
[2025-10-30T14:20:58.333+0000][gc,heap       ] GC(203) Humongous regions: 147->147
[2025-10-30T14:20:58.334+0000][gc,metaspace  ] GC(203) Metaspace: 52316K(55728K)->52316K(55728K) NonClass: 46477K(48304K)->46477K(48304K) Class: 5839K(7424K)->5839K(7424K)
[2025-10-30T14:20:58.334+0000][gc            ] GC(203) Pause Young (Normal) (G1 Evacuation Pause) 411M->386M(512M) 15.033ms
[2025-10-30T14:20:58.334+0000][gc,cpu        ] GC(203) User=0.02s Sys=0.00s Real=0.02s
[2025-10-30T14:21:11.965+0000][gc,start      ] GC(204) Pause Young (Normal) (G1 Evacuation Pause)
[2025-10-30T14:21:11.965+0000][gc,task       ] GC(204) Using 2 workers of 2 for evacuation
[2025-10-30T14:21:11.982+0000][gc,phases     ] GC(204)   Pre Evacuate Collection Set: 0.0ms
[2025-10-30T14:21:11.982+0000][gc,phases     ] GC(204)   Evacuate Collection Set: 15.8ms
[2025-10-30T14:21:11.982+0000][gc,phases     ] GC(204)   Post Evacuate Collection Set: 0.7ms
[2025-10-30T14:21:11.983+0000][gc,phases     ] GC(204)   Other: 0.7ms
[2025-10-30T14:21:11.983+0000][gc,heap       ] GC(204) Eden regions: 29->0(32)
[2025-10-30T14:21:11.983+0000][gc,heap       ] GC(204) Survivor regions: 2->4(4)
[2025-10-30T14:21:11.983+0000][gc,heap       ] GC(204) Old regions: 238->238
[2025-10-30T14:21:11.983+0000][gc,heap       ] GC(204) Humongous regions: 147->147
[2025-10-30T14:21:11.984+0000][gc,metaspace  ] GC(204) Metaspace: 52316K(55728K)->52316K(55728K) NonClass: 46477K(48304K)->46477K(48304K) Class: 5839K(7424K)->5839K(7424K)
[2025-10-30T14:21:11.984+0000][gc            ] GC(204) Pause Young (Normal) (G1 Evacuation Pause) 415M->387M(512M) 18.926ms
[2025-10-30T14:21:11.984+0000][gc,cpu        ] GC(204) User=0.02s Sys=0.00s Real=0.02s
[2025-10-30T14:21:26.600+0000][gc,start      ] GC(205) Pause Young (Normal) (G1 Evacuation Pause)
[2025-10-30T14:21:26.601+0000][gc,task       ] GC(205) Using 2 workers of 2 for evacuation
[2025-10-30T14:21:26.621+0000][gc,mmu        ] GC(205) MMU target violated: 20.0ms (20.0ms/21.0ms)
[2025-10-30T14:21:26.622+0000][gc,phases     ] GC(205)   Pre Evacuate Collection Set: 0.0ms
[2025-10-30T14:21:26.622+0000][gc,phases     ] GC(205)   Evacuate Collection Set: 19.0ms
[2025-10-30T14:21:26.622+0000][gc,phases     ] GC(205)   Post Evacuate Collection Set: 0.9ms
[2025-10-30T14:21:26.622+0000][gc,phases     ] GC(205)   Other: 1.7ms
[2025-10-30T14:21:26.623+0000][gc,heap       ] GC(205) Eden regions: 28->0(29)
[2025-10-30T14:21:26.623+0000][gc,heap       ] GC(205) Survivor regions: 4->3(4)
[2025-10-30T14:21:26.623+0000][gc,heap       ] GC(205) Old regions: 238->239
[2025-10-30T14:21:26.623+0000][gc,heap       ] GC(205) Humongous regions: 147->147
[2025-10-30T14:21:26.624+0000][gc,metaspace  ] GC(205) Metaspace: 52322K(55984K)->52322K(55984K) NonClass: 46483K(48560K)->46483K(48560K) Class: 5839K(7424K)->5839K(7424K)
[2025-10-30T14:21:26.624+0000][gc            ] GC(205) Pause Young (Normal) (G1 Evacuation Pause) 415M->388M(512M) 23.811ms
[2025-10-30T14:21:26.624+0000][gc,cpu        ] GC(205) User=0.04s Sys=0.00s Real=0.03s
[2025-10-30T14:21:39.966+0000][gc,start      ] GC(206) Pause Young (Normal) (G1 Evacuation Pause)
[2025-10-30T14:21:39.966+0000][gc,task       ] GC(206) Using 2 workers of 2 for evacuation
[2025-10-30T14:21:39.981+0000][gc,phases     ] GC(206)   Pre Evacuate Collection Set: 0.0ms
[2025-10-30T14:21:39.981+0000][gc,phases     ] GC(206)   Evacuate Collection Set: 12.8ms
[2025-10-30T14:21:39.981+0000][gc,phases     ] GC(206)   Post Evacuate Collection Set: 1.0ms
[2025-10-30T14:21:39.982+0000][gc,phases     ] GC(206)   Other: 0.9ms
[2025-10-30T14:21:39.982+0000][gc,heap       ] GC(206) Eden regions: 27->0(31)
[2025-10-30T14:21:39.982+0000][gc,heap       ] GC(206) Survivor regions: 3->3(4)
[2025-10-30T14:21:39.982+0000][gc,heap       ] GC(206) Old regions: 239->240
[2025-10-30T14:21:39.982+0000][gc,heap       ] GC(206) Humongous regions: 147->147
[2025-10-30T14:21:39.983+0000][gc,metaspace  ] GC(206) Metaspace: 52323K(55984K)->52323K(55984K) NonClass: 46484K(48560K)->46484K(48560K) Class: 5839K(7424K)->5839K(7424K)
[2025-10-30T14:21:39.983+0000][gc            ] GC(206) Pause Young (Normal) (G1 Evacuation Pause) 415M->389M(512M) 16.713ms
[2025-10-30T14:21:39.983+0000][gc,cpu        ] GC(206) User=0.03s Sys=0.00s Real=0.01s
[2025-10-30T14:21:54.302+0000][gc,start      ] GC(207) Pause Young (Normal) (G1 Evacuation Pause)
[2025-10-30T14:21:54.303+0000][gc,task       ] GC(207) Using 2 workers of 2 for evacuation
[2025-10-30T14:21:54.320+0000][gc,phases     ] GC(207)   Pre Evacuate Collection Set: 0.0ms
[2025-10-30T14:21:54.321+0000][gc,phases     ] GC(207)   Evacuate Collection Set: 15.3ms
[2025-10-30T14:21:54.321+0000][gc,phases     ] GC(207)   Post Evacuate Collection Set: 1.4ms
[2025-10-30T14:21:54.322+0000][gc,phases     ] GC(207)   Other: 1.2ms
[2025-10-30T14:21:54.322+0000][gc,heap       ] GC(207) Eden regions: 30->0(32)
[2025-10-30T14:21:54.322+0000][gc,heap       ] GC(207) Survivor regions: 3->4(5)
[2025-10-30T14:21:54.324+0000][gc,heap       ] GC(207) Old regions: 240->240
[2025-10-30T14:21:54.324+0000][gc,heap       ] GC(207) Humongous regions: 147->147
[2025-10-30T14:21:54.324+0000][gc,metaspace  ] GC(207) Metaspace: 52323K(55984K)->52323K(55984K) NonClass: 46484K(48560K)->46484K(48560K) Class: 5839K(7424K)->5839K(7424K)
[2025-10-30T14:21:54.325+0000][gc            ] GC(207) Pause Young (Normal) (G1 Evacuation Pause) 419M->390M(512M) 22.061ms
[2025-10-30T14:21:54.326+0000][gc,cpu        ] GC(207) User=0.03s Sys=0.00s Real=0.03s
[2025-10-30T14:22:07.710+0000][gc,start      ] GC(208) Pause Young (Normal) (G1 Evacuation Pause)
[2025-10-30T14:22:07.710+0000][gc,task       ] GC(208) Using 2 workers of 2 for evacuation
[2025-10-30T14:22:07.726+0000][gc,phases     ] GC(208)   Pre Evacuate Collection Set: 0.0ms
[2025-10-30T14:22:07.726+0000][gc,phases     ] GC(208)   Evacuate Collection Set: 13.8ms
[2025-10-30T14:22:07.726+0000][gc,phases     ] GC(208)   Post Evacuate Collection Set: 1.2ms
[2025-10-30T14:22:07.727+0000][gc,phases     ] GC(208)   Other: 0.7ms
[2025-10-30T14:22:07.727+0000][gc,heap       ] GC(208) Eden regions: 27->0(32)
[2025-10-30T14:22:07.727+0000][gc,heap       ] GC(208) Survivor regions: 4->3(4)
[2025-10-30T14:22:07.728+0000][gc,heap       ] GC(208) Old regions: 240->242
[2025-10-30T14:22:07.728+0000][gc,heap       ] GC(208) Humongous regions: 147->147
[2025-10-30T14:22:07.729+0000][gc,metaspace  ] GC(208) Metaspace: 52323K(55984K)->52323K(55984K) NonClass: 46484K(48560K)->46484K(48560K) Class: 5839K(7424K)->5839K(7424K)
[2025-10-30T14:22:07.729+0000][gc            ] GC(208) Pause Young (Normal) (G1 Evacuation Pause) 417M->391M(512M) 18.683ms
[2025-10-30T14:22:07.730+0000][gc,cpu        ] GC(208) User=0.03s Sys=0.00s Real=0.02s
[2025-10-30T14:22:23.646+0000][gc,start      ] GC(209) Pause Young (Normal) (G1 Evacuation Pause)
[2025-10-30T14:22:23.647+0000][gc,task       ] GC(209) Using 2 workers of 2 for evacuation
[2025-10-30T14:22:23.661+0000][gc,phases     ] GC(209)   Pre Evacuate Collection Set: 0.0ms
[2025-10-30T14:22:23.661+0000][gc,phases     ] GC(209)   Evacuate Collection Set: 12.8ms
[2025-10-30T14:22:23.661+0000][gc,phases     ] GC(209)   Post Evacuate Collection Set: 0.8ms
[2025-10-30T14:22:23.661+0000][gc,phases     ] GC(209)   Other: 1.0ms
[2025-10-30T14:22:23.661+0000][gc,heap       ] GC(209) Eden regions: 31->0(34)
[2025-10-30T14:22:23.662+0000][gc,heap       ] GC(209) Survivor regions: 3->3(5)
[2025-10-30T14:22:23.662+0000][gc,heap       ] GC(209) Old regions: 242->242
[2025-10-30T14:22:23.662+0000][gc,heap       ] GC(209) Humongous regions: 147->147
[2025-10-30T14:22:23.662+0000][gc,metaspace  ] GC(209) Metaspace: 52323K(55984K)->52323K(55984K) NonClass: 46484K(48560K)->46484K(48560K) Class: 5839K(7424K)->5839K(7424K)
[2025-10-30T14:22:23.662+0000][gc            ] GC(209) Pause Young (Normal) (G1 Evacuation Pause) 422M->391M(512M) 16.071ms
[2025-10-30T14:22:23.663+0000][gc,cpu        ] GC(209) User=0.02s Sys=0.00s Real=0.01s
[2025-10-30T14:22:40.147+0000][gc,start      ] GC(210) Pause Young (Normal) (G1 Evacuation Pause)
[2025-10-30T14:22:40.147+0000][gc,task       ] GC(210) Using 2 workers of 2 for evacuation
[2025-10-30T14:22:40.161+0000][gc,phases     ] GC(210)   Pre Evacuate Collection Set: 0.0ms
[2025-10-30T14:22:40.162+0000][gc,phases     ] GC(210)   Evacuate Collection Set: 13.0ms
[2025-10-30T14:22:40.162+0000][gc,phases     ] GC(210)   Post Evacuate Collection Set: 0.7ms
[2025-10-30T14:22:40.162+0000][gc,phases     ] GC(210)   Other: 0.6ms
[2025-10-30T14:22:40.162+0000][gc,heap       ] GC(210) Eden regions: 33->0(36)
[2025-10-30T14:22:40.162+0000][gc,heap       ] GC(210) Survivor regions: 3->4(5)
[2025-10-30T14:22:40.162+0000][gc,heap       ] GC(210) Old regions: 242->242
[2025-10-30T14:22:40.163+0000][gc,heap       ] GC(210) Humongous regions: 147->147
[2025-10-30T14:22:40.163+0000][gc,metaspace  ] GC(210) Metaspace: 52323K(55984K)->52323K(55984K) NonClass: 46484K(48560K)->46484K(48560K) Class: 5839K(7424K)->5839K(7424K)
[2025-10-30T14:22:40.163+0000][gc            ] GC(210) Pause Young (Normal) (G1 Evacuation Pause) 424M->392M(512M) 15.937ms
[2025-10-30T14:22:40.163+0000][gc,cpu        ] GC(210) User=0.02s Sys=0.00s Real=0.01s
[2025-10-30T14:22:58.300+0000][gc,start      ] GC(211) Pause Young (Normal) (G1 Evacuation Pause)
[2025-10-30T14:22:58.301+0000][gc,task       ] GC(211) Using 2 workers of 2 for evacuation
[2025-10-30T14:22:58.317+0000][gc,phases     ] GC(211)   Pre Evacuate Collection Set: 0.0ms
[2025-10-30T14:22:58.317+0000][gc,phases     ] GC(211)   Evacuate Collection Set: 14.5ms
[2025-10-30T14:22:58.317+0000][gc,phases     ] GC(211)   Post Evacuate Collection Set: 1.0ms
[2025-10-30T14:22:58.317+0000][gc,phases     ] GC(211)   Other: 0.7ms
[2025-10-30T14:22:58.318+0000][gc,heap       ] GC(211) Eden regions: 36->0(37)
[2025-10-30T14:22:58.318+0000][gc,heap       ] GC(211) Survivor regions: 4->4(5)
[2025-10-30T14:22:58.318+0000][gc,heap       ] GC(211) Old regions: 242->243
[2025-10-30T14:22:58.318+0000][gc,heap       ] GC(211) Humongous regions: 147->147
[2025-10-30T14:22:58.319+0000][gc,metaspace  ] GC(211) Metaspace: 52323K(55984K)->52323K(55984K) NonClass: 46484K(48560K)->46484K(48560K) Class: 5839K(7424K)->5839K(7424K)
[2025-10-30T14:22:58.319+0000][gc            ] GC(211) Pause Young (Normal) (G1 Evacuation Pause) 428M->393M(512M) 18.527ms
[2025-10-30T14:22:58.319+0000][gc,cpu        ] GC(211) User=0.03s Sys=0.00s Real=0.02s
[2025-10-30T14:23:15.683+0000][gc,start      ] GC(212) Pause Young (Normal) (G1 Evacuation Pause)
[2025-10-30T14:23:15.683+0000][gc,task       ] GC(212) Using 2 workers of 2 for evacuation
[2025-10-30T14:23:15.696+0000][gc,phases     ] GC(212)   Pre Evacuate Collection Set: 0.0ms
[2025-10-30T14:23:15.696+0000][gc,phases     ] GC(212)   Evacuate Collection Set: 11.9ms
[2025-10-30T14:23:15.697+0000][gc,phases     ] GC(212)   Post Evacuate Collection Set: 0.9ms
[2025-10-30T14:23:15.697+0000][gc,phases     ] GC(212)   Other: 0.7ms
[2025-10-30T14:23:15.697+0000][gc,heap       ] GC(212) Eden regions: 37->0(39)
[2025-10-30T14:23:15.697+0000][gc,heap       ] GC(212) Survivor regions: 4->4(6)
[2025-10-30T14:23:15.698+0000][gc,heap       ] GC(212) Old regions: 243->245
[2025-10-30T14:23:15.698+0000][gc,heap       ] GC(212) Humongous regions: 147->147
[2025-10-30T14:23:15.698+0000][gc,metaspace  ] GC(212) Metaspace: 52323K(55984K)->52323K(55984K) NonClass: 46484K(48560K)->46484K(48560K) Class: 5839K(7424K)->5839K(7424K)
[2025-10-30T14:23:15.698+0000][gc            ] GC(212) Pause Young (Normal) (G1 Evacuation Pause) 430M->395M(512M) 15.279ms
[2025-10-30T14:23:15.698+0000][gc,cpu        ] GC(212) User=0.02s Sys=0.00s Real=0.02s
[2025-10-30T14:23:34.928+0000][gc,start      ] GC(213) Pause Young (Normal) (G1 Evacuation Pause)
[2025-10-30T14:23:34.928+0000][gc,task       ] GC(213) Using 2 workers of 2 for evacuation
[2025-10-30T14:23:34.944+0000][gc,phases     ] GC(213)   Pre Evacuate Collection Set: 0.0ms
[2025-10-30T14:23:34.945+0000][gc,phases     ] GC(213)   Evacuate Collection Set: 15.2ms
[2025-10-30T14:23:34.945+0000][gc,phases     ] GC(213)   Post Evacuate Collection Set: 0.9ms
[2025-10-30T14:23:34.945+0000][gc,phases     ] GC(213)   Other: 0.8ms
[2025-10-30T14:23:34.946+0000][gc,heap       ] GC(213) Eden regions: 39->0(40)
[2025-10-30T14:23:34.947+0000][gc,heap       ] GC(213) Survivor regions: 4->4(6)
[2025-10-30T14:23:34.947+0000][gc,heap       ] GC(213) Old regions: 245->245
[2025-10-30T14:23:34.948+0000][gc,heap       ] GC(213) Humongous regions: 147->147
[2025-10-30T14:23:34.948+0000][gc,metaspace  ] GC(213) Metaspace: 52323K(55984K)->52323K(55984K) NonClass: 46484K(48560K)->46484K(48560K) Class: 5839K(7424K)->5839K(7424K)
[2025-10-30T14:23:34.948+0000][gc            ] GC(213) Pause Young (Normal) (G1 Evacuation Pause) 434M->395M(512M) 20.600ms
[2025-10-30T14:23:34.948+0000][gc,cpu        ] GC(213) User=0.03s Sys=0.00s Real=0.02s
[2025-10-30T14:23:56.188+0000][gc,start      ] GC(214) Pause Young (Normal) (G1 Evacuation Pause)
[2025-10-30T14:23:56.188+0000][gc,task       ] GC(214) Using 2 workers of 2 for evacuation
[2025-10-30T14:23:56.204+0000][gc,phases     ] GC(214)   Pre Evacuate Collection Set: 0.0ms
[2025-10-30T14:23:56.205+0000][gc,phases     ] GC(214)   Evacuate Collection Set: 15.3ms
[2025-10-30T14:23:56.205+0000][gc,phases     ] GC(214)   Post Evacuate Collection Set: 1.0ms
[2025-10-30T14:23:56.205+0000][gc,phases     ] GC(214)   Other: 0.6ms
[2025-10-30T14:23:56.205+0000][gc,heap       ] GC(214) Eden regions: 40->0(41)
[2025-10-30T14:23:56.206+0000][gc,heap       ] GC(214) Survivor regions: 4->5(6)
[2025-10-30T14:23:56.206+0000][gc,heap       ] GC(214) Old regions: 245->245
[2025-10-30T14:23:56.206+0000][gc,heap       ] GC(214) Humongous regions: 147->147
[2025-10-30T14:23:56.206+0000][gc,metaspace  ] GC(214) Metaspace: 52323K(55984K)->52323K(55984K) NonClass: 46484K(48560K)->46484K(48560K) Class: 5839K(7424K)->5839K(7424K)
[2025-10-30T14:23:56.206+0000][gc            ] GC(214) Pause Young (Normal) (G1 Evacuation Pause) 435M->396M(512M) 18.791ms
[2025-10-30T14:23:56.207+0000][gc,cpu        ] GC(214) User=0.03s Sys=0.00s Real=0.02s
[2025-10-30T14:24:16.009+0000][gc,start      ] GC(215) Pause Young (Normal) (G1 Evacuation Pause)
[2025-10-30T14:24:16.009+0000][gc,task       ] GC(215) Using 2 workers of 2 for evacuation
[2025-10-30T14:24:16.027+0000][gc,phases     ] GC(215)   Pre Evacuate Collection Set: 0.0ms
[2025-10-30T14:24:16.027+0000][gc,phases     ] GC(215)   Evacuate Collection Set: 16.2ms
[2025-10-30T14:24:16.028+0000][gc,phases     ] GC(215)   Post Evacuate Collection Set: 0.9ms
[2025-10-30T14:24:16.028+0000][gc,phases     ] GC(215)   Other: 0.8ms
[2025-10-30T14:24:16.028+0000][gc,heap       ] GC(215) Eden regions: 41->0(41)
[2025-10-30T14:24:16.028+0000][gc,heap       ] GC(215) Survivor regions: 5->5(6)
[2025-10-30T14:24:16.028+0000][gc,heap       ] GC(215) Old regions: 245->247
[2025-10-30T14:24:16.028+0000][gc,heap       ] GC(215) Humongous regions: 147->147
[2025-10-30T14:24:16.029+0000][gc,metaspace  ] GC(215) Metaspace: 52323K(55984K)->52323K(55984K) NonClass: 46484K(48560K)->46484K(48560K) Class: 5839K(7424K)->5839K(7424K)
[2025-10-30T14:24:16.029+0000][gc            ] GC(215) Pause Young (Normal) (G1 Evacuation Pause) 437M->398M(512M) 19.618ms
[2025-10-30T14:24:16.029+0000][gc,cpu        ] GC(215) User=0.03s Sys=0.00s Real=0.02s
[2025-10-30T14:24:34.763+0000][gc,start      ] GC(216) Pause Young (Normal) (G1 Evacuation Pause)
[2025-10-30T14:24:34.764+0000][gc,task       ] GC(216) Using 2 workers of 2 for evacuation
[2025-10-30T14:24:34.775+0000][gc,phases     ] GC(216)   Pre Evacuate Collection Set: 0.0ms
[2025-10-30T14:24:34.776+0000][gc,phases     ] GC(216)   Evacuate Collection Set: 10.8ms
[2025-10-30T14:24:34.776+0000][gc,phases     ] GC(216)   Post Evacuate Collection Set: 0.7ms
[2025-10-30T14:24:34.776+0000][gc,phases     ] GC(216)   Other: 0.6ms
[2025-10-30T14:24:34.776+0000][gc,heap       ] GC(216) Eden regions: 41->0(47)
[2025-10-30T14:24:34.776+0000][gc,heap       ] GC(216) Survivor regions: 5->3(6)
[2025-10-30T14:24:34.776+0000][gc,heap       ] GC(216) Old regions: 247->248
[2025-10-30T14:24:34.777+0000][gc,heap       ] GC(216) Humongous regions: 147->147
[2025-10-30T14:24:34.777+0000][gc,metaspace  ] GC(216) Metaspace: 52323K(55984K)->52323K(55984K) NonClass: 46484K(48560K)->46484K(48560K) Class: 5839K(7424K)->5839K(7424K)
[2025-10-30T14:24:34.777+0000][gc            ] GC(216) Pause Young (Normal) (G1 Evacuation Pause) 439M->397M(512M) 13.508ms
[2025-10-30T14:24:34.777+0000][gc,cpu        ] GC(216) User=0.02s Sys=0.00s Real=0.01s
[2025-10-30T14:24:57.068+0000][gc,start      ] GC(217) Pause Young (Normal) (G1 Evacuation Pause)
[2025-10-30T14:24:57.069+0000][gc,task       ] GC(217) Using 2 workers of 2 for evacuation
[2025-10-30T14:24:57.103+0000][gc,mmu        ] GC(217) MMU target violated: 21.0ms (20.0ms/21.0ms)
[2025-10-30T14:24:57.104+0000][gc,phases     ] GC(217)   Pre Evacuate Collection Set: 0.0ms
[2025-10-30T14:24:57.105+0000][gc,phases     ] GC(217)   Evacuate Collection Set: 30.2ms
[2025-10-30T14:24:57.105+0000][gc,phases     ] GC(217)   Post Evacuate Collection Set: 3.4ms
[2025-10-30T14:24:57.105+0000][gc,phases     ] GC(217)   Other: 2.2ms
[2025-10-30T14:24:57.105+0000][gc,heap       ] GC(217) Eden regions: 47->0(20)
[2025-10-30T14:24:57.106+0000][gc,heap       ] GC(217) Survivor regions: 3->5(7)
[2025-10-30T14:24:57.106+0000][gc,heap       ] GC(217) Old regions: 248->248
[2025-10-30T14:24:57.106+0000][gc,heap       ] GC(217) Humongous regions: 147->147
[2025-10-30T14:24:57.107+0000][gc,metaspace  ] GC(217) Metaspace: 52323K(55984K)->52323K(55984K) NonClass: 46484K(48560K)->46484K(48560K) Class: 5839K(7424K)->5839K(7424K)
[2025-10-30T14:24:57.107+0000][gc            ] GC(217) Pause Young (Normal) (G1 Evacuation Pause) 444M->399M(512M) 38.976ms
[2025-10-30T14:24:57.107+0000][gc,cpu        ] GC(217) User=0.06s Sys=0.00s Real=0.04s
[2025-10-30T14:25:08.171+0000][gc,start      ] GC(218) Pause Young (Normal) (G1 Evacuation Pause)
[2025-10-30T14:25:08.171+0000][gc,task       ] GC(218) Using 2 workers of 2 for evacuation
[2025-10-30T14:25:08.188+0000][gc,phases     ] GC(218)   Pre Evacuate Collection Set: 0.0ms
[2025-10-30T14:25:08.188+0000][gc,phases     ] GC(218)   Evacuate Collection Set: 15.1ms
[2025-10-30T14:25:08.189+0000][gc,phases     ] GC(218)   Post Evacuate Collection Set: 1.0ms
[2025-10-30T14:25:08.189+0000][gc,phases     ] GC(218)   Other: 1.1ms
[2025-10-30T14:25:08.189+0000][gc,heap       ] GC(218) Eden regions: 20->0(22)
[2025-10-30T14:25:08.189+0000][gc,heap       ] GC(218) Survivor regions: 5->3(4)
[2025-10-30T14:25:08.189+0000][gc,heap       ] GC(218) Old regions: 248->251
[2025-10-30T14:25:08.190+0000][gc,heap       ] GC(218) Humongous regions: 147->147
[2025-10-30T14:25:08.190+0000][gc,metaspace  ] GC(218) Metaspace: 52323K(55984K)->52323K(55984K) NonClass: 46484K(48560K)->46484K(48560K) Class: 5839K(7424K)->5839K(7424K)
[2025-10-30T14:25:08.190+0000][gc            ] GC(218) Pause Young (Normal) (G1 Evacuation Pause) 419M->400M(512M) 19.150ms
[2025-10-30T14:25:08.190+0000][gc,cpu        ] GC(218) User=0.03s Sys=0.00s Real=0.02s
[2025-10-30T14:25:19.534+0000][gc,start      ] GC(219) Pause Young (Normal) (G1 Evacuation Pause)
[2025-10-30T14:25:19.534+0000][gc,task       ] GC(219) Using 2 workers of 2 for evacuation
[2025-10-30T14:25:19.548+0000][gc,phases     ] GC(219)   Pre Evacuate Collection Set: 0.0ms
[2025-10-30T14:25:19.548+0000][gc,phases     ] GC(219)   Evacuate Collection Set: 12.2ms
[2025-10-30T14:25:19.548+0000][gc,phases     ] GC(219)   Post Evacuate Collection Set: 0.9ms
[2025-10-30T14:25:19.549+0000][gc,phases     ] GC(219)   Other: 0.7ms
[2025-10-30T14:25:19.549+0000][gc,heap       ] GC(219) Eden regions: 22->0(28)
[2025-10-30T14:25:19.549+0000][gc,heap       ] GC(219) Survivor regions: 3->2(4)
[2025-10-30T14:25:19.549+0000][gc,heap       ] GC(219) Old regions: 251->253
[2025-10-30T14:25:19.549+0000][gc,heap       ] GC(219) Humongous regions: 147->147
[2025-10-30T14:25:19.550+0000][gc,metaspace  ] GC(219) Metaspace: 52323K(55984K)->52323K(55984K) NonClass: 46484K(48560K)->46484K(48560K) Class: 5839K(7424K)->5839K(7424K)
[2025-10-30T14:25:19.550+0000][gc            ] GC(219) Pause Young (Normal) (G1 Evacuation Pause) 422M->401M(512M) 15.700ms
[2025-10-30T14:25:19.550+0000][gc,cpu        ] GC(219) User=0.02s Sys=0.00s Real=0.01s
[2025-10-30T14:25:33.210+0000][gc,start      ] GC(220) Pause Young (Normal) (G1 Evacuation Pause)
[2025-10-30T14:25:33.210+0000][gc,task       ] GC(220) Using 2 workers of 2 for evacuation
[2025-10-30T14:25:33.222+0000][gc,phases     ] GC(220)   Pre Evacuate Collection Set: 0.0ms
[2025-10-30T14:25:33.222+0000][gc,phases     ] GC(220)   Evacuate Collection Set: 10.2ms
[2025-10-30T14:25:33.222+0000][gc,phases     ] GC(220)   Post Evacuate Collection Set: 1.1ms
[2025-10-30T14:25:33.222+0000][gc,phases     ] GC(220)   Other: 0.8ms
[2025-10-30T14:25:33.222+0000][gc,heap       ] GC(220) Eden regions: 28->0(30)
[2025-10-30T14:25:33.222+0000][gc,heap       ] GC(220) Survivor regions: 2->3(4)
[2025-10-30T14:25:33.223+0000][gc,heap       ] GC(220) Old regions: 253->253
[2025-10-30T14:25:33.223+0000][gc,heap       ] GC(220) Humongous regions: 147->147
[2025-10-30T14:25:33.223+0000][gc,metaspace  ] GC(220) Metaspace: 52323K(55984K)->52323K(55984K) NonClass: 46484K(48560K)->46484K(48560K) Class: 5839K(7424K)->5839K(7424K)
[2025-10-30T14:25:33.223+0000][gc            ] GC(220) Pause Young (Normal) (G1 Evacuation Pause) 429M->401M(512M) 13.563ms
[2025-10-30T14:25:33.223+0000][gc,cpu        ] GC(220) User=0.02s Sys=0.00s Real=0.02s
[2025-10-30T14:25:47.132+0000][gc,start      ] GC(221) Pause Young (Normal) (G1 Evacuation Pause)
[2025-10-30T14:25:47.132+0000][gc,task       ] GC(221) Using 2 workers of 2 for evacuation
[2025-10-30T14:25:47.146+0000][gc,phases     ] GC(221)   Pre Evacuate Collection Set: 0.0ms
[2025-10-30T14:25:47.147+0000][gc,phases     ] GC(221)   Evacuate Collection Set: 12.5ms
[2025-10-30T14:25:47.147+0000][gc,phases     ] GC(221)   Post Evacuate Collection Set: 1.6ms
[2025-10-30T14:25:47.147+0000][gc,phases     ] GC(221)   Other: 0.7ms
[2025-10-30T14:25:47.147+0000][gc,heap       ] GC(221) Eden regions: 30->0(32)
[2025-10-30T14:25:47.147+0000][gc,heap       ] GC(221) Survivor regions: 3->2(5)
[2025-10-30T14:25:47.148+0000][gc,heap       ] GC(221) Old regions: 253->253
[2025-10-30T14:25:47.148+0000][gc,heap       ] GC(221) Humongous regions: 147->147
[2025-10-30T14:25:47.148+0000][gc,metaspace  ] GC(221) Metaspace: 52323K(55984K)->52323K(55984K) NonClass: 46484K(48560K)->46484K(48560K) Class: 5839K(7424K)->5839K(7424K)
[2025-10-30T14:25:47.149+0000][gc            ] GC(221) Pause Young (Normal) (G1 Evacuation Pause) 431M->401M(512M) 16.990ms
[2025-10-30T14:25:47.149+0000][gc,cpu        ] GC(221) User=0.02s Sys=0.00s Real=0.01s
[2025-10-30T14:26:02.279+0000][gc,start      ] GC(222) Pause Young (Normal) (G1 Evacuation Pause)
[2025-10-30T14:26:02.279+0000][gc,task       ] GC(222) Using 2 workers of 2 for evacuation
[2025-10-30T14:26:02.293+0000][gc,phases     ] GC(222)   Pre Evacuate Collection Set: 0.0ms
[2025-10-30T14:26:02.293+0000][gc,phases     ] GC(222)   Evacuate Collection Set: 11.4ms
[2025-10-30T14:26:02.293+0000][gc,phases     ] GC(222)   Post Evacuate Collection Set: 0.9ms
[2025-10-30T14:26:02.294+0000][gc,phases     ] GC(222)   Other: 1.4ms
[2025-10-30T14:26:02.294+0000][gc,heap       ] GC(222) Eden regions: 32->0(34)
[2025-10-30T14:26:02.294+0000][gc,heap       ] GC(222) Survivor regions: 2->4(5)
[2025-10-30T14:26:02.294+0000][gc,heap       ] GC(222) Old regions: 253->253
[2025-10-30T14:26:02.294+0000][gc,heap       ] GC(222) Humongous regions: 147->147
[2025-10-30T14:26:02.295+0000][gc,metaspace  ] GC(222) Metaspace: 52323K(55984K)->52323K(55984K) NonClass: 46484K(48560K)->46484K(48560K) Class: 5839K(7424K)->5839K(7424K)
[2025-10-30T14:26:02.295+0000][gc            ] GC(222) Pause Young (Normal) (G1 Evacuation Pause) 433M->402M(512M) 15.876ms
[2025-10-30T14:26:02.295+0000][gc,cpu        ] GC(222) User=0.03s Sys=0.00s Real=0.01s
[2025-10-30T14:26:17.304+0000][gc,start      ] GC(223) Pause Young (Normal) (G1 Evacuation Pause)
[2025-10-30T14:26:17.305+0000][gc,task       ] GC(223) Using 2 workers of 2 for evacuation
[2025-10-30T14:26:17.319+0000][gc,phases     ] GC(223)   Pre Evacuate Collection Set: 0.0ms
[2025-10-30T14:26:17.319+0000][gc,phases     ] GC(223)   Evacuate Collection Set: 12.8ms
[2025-10-30T14:26:17.319+0000][gc,phases     ] GC(223)   Post Evacuate Collection Set: 0.8ms
[2025-10-30T14:26:17.319+0000][gc,phases     ] GC(223)   Other: 0.7ms
[2025-10-30T14:26:17.319+0000][gc,heap       ] GC(223) Eden regions: 29->0(35)
[2025-10-30T14:26:17.320+0000][gc,heap       ] GC(223) Survivor regions: 4->4(5)
[2025-10-30T14:26:17.320+0000][gc,heap       ] GC(223) Old regions: 253->254
[2025-10-30T14:26:17.320+0000][gc,heap       ] GC(223) Humongous regions: 147->147
[2025-10-30T14:26:17.321+0000][gc,metaspace  ] GC(223) Metaspace: 52323K(55984K)->52323K(55984K) NonClass: 46484K(48560K)->46484K(48560K) Class: 5839K(7424K)->5839K(7424K)
[2025-10-30T14:26:17.321+0000][gc            ] GC(223) Pause Young (Normal) (G1 Evacuation Pause) 431M->404M(512M) 17.145ms
[2025-10-30T14:26:17.322+0000][gc,cpu        ] GC(223) User=0.03s Sys=0.00s Real=0.02s
[2025-10-30T14:26:33.446+0000][gc,start      ] GC(224) Pause Young (Normal) (G1 Evacuation Pause)
[2025-10-30T14:26:33.446+0000][gc,task       ] GC(224) Using 2 workers of 2 for evacuation
[2025-10-30T14:26:33.461+0000][gc,phases     ] GC(224)   Pre Evacuate Collection Set: 0.0ms
[2025-10-30T14:26:33.461+0000][gc,phases     ] GC(224)   Evacuate Collection Set: 13.1ms
[2025-10-30T14:26:33.461+0000][gc,phases     ] GC(224)   Post Evacuate Collection Set: 0.7ms
[2025-10-30T14:26:33.461+0000][gc,phases     ] GC(224)   Other: 0.6ms
[2025-10-30T14:26:33.461+0000][gc,heap       ] GC(224) Eden regions: 32->0(36)
[2025-10-30T14:26:33.462+0000][gc,heap       ] GC(224) Survivor regions: 4->4(5)
[2025-10-30T14:26:33.462+0000][gc,heap       ] GC(224) Old regions: 254->255
[2025-10-30T14:26:33.462+0000][gc,heap       ] GC(224) Humongous regions: 147->147
[2025-10-30T14:26:33.462+0000][gc,metaspace  ] GC(224) Metaspace: 52323K(55984K)->52323K(55984K) NonClass: 46484K(48560K)->46484K(48560K) Class: 5839K(7424K)->5839K(7424K)
[2025-10-30T14:26:33.462+0000][gc            ] GC(224) Pause Young (Normal) (G1 Evacuation Pause) 436M->405M(512M) 16.162ms
[2025-10-30T14:26:33.463+0000][gc,cpu        ] GC(224) User=0.02s Sys=0.00s Real=0.02s
[2025-10-30T14:26:50.496+0000][gc,start      ] GC(225) Pause Young (Normal) (G1 Evacuation Pause)
[2025-10-30T14:26:50.497+0000][gc,task       ] GC(225) Using 2 workers of 2 for evacuation
[2025-10-30T14:26:50.513+0000][gc,phases     ] GC(225)   Pre Evacuate Collection Set: 0.0ms
[2025-10-30T14:26:50.513+0000][gc,phases     ] GC(225)   Evacuate Collection Set: 14.5ms
[2025-10-30T14:26:50.513+0000][gc,phases     ] GC(225)   Post Evacuate Collection Set: 1.1ms
[2025-10-30T14:26:50.514+0000][gc,phases     ] GC(225)   Other: 1.0ms
[2025-10-30T14:26:50.514+0000][gc,heap       ] GC(225) Eden regions: 36->0(38)
[2025-10-30T14:26:50.514+0000][gc,heap       ] GC(225) Survivor regions: 4->4(5)
[2025-10-30T14:26:50.514+0000][gc,heap       ] GC(225) Old regions: 255->256
[2025-10-30T14:26:50.515+0000][gc,heap       ] GC(225) Humongous regions: 147->147
[2025-10-30T14:26:50.515+0000][gc,metaspace  ] GC(225) Metaspace: 52323K(55984K)->52323K(55984K) NonClass: 46484K(48560K)->46484K(48560K) Class: 5839K(7424K)->5839K(7424K)
[2025-10-30T14:26:50.515+0000][gc            ] GC(225) Pause Young (Normal) (G1 Evacuation Pause) 441M->406M(512M) 18.859ms
[2025-10-30T14:26:50.515+0000][gc,cpu        ] GC(225) User=0.04s Sys=0.00s Real=0.02s
[2025-10-30T14:27:05.657+0000][gc,start      ] GC(226) Pause Young (Normal) (G1 Evacuation Pause)
[2025-10-30T14:27:05.658+0000][gc,task       ] GC(226) Using 2 workers of 2 for evacuation
[2025-10-30T14:27:05.674+0000][gc,phases     ] GC(226)   Pre Evacuate Collection Set: 0.0ms
[2025-10-30T14:27:05.675+0000][gc,phases     ] GC(226)   Evacuate Collection Set: 14.9ms
[2025-10-30T14:27:05.675+0000][gc,phases     ] GC(226)   Post Evacuate Collection Set: 0.9ms
[2025-10-30T14:27:05.675+0000][gc,phases     ] GC(226)   Other: 1.4ms
[2025-10-30T14:27:05.675+0000][gc,heap       ] GC(226) Eden regions: 31->0(38)
[2025-10-30T14:27:05.676+0000][gc,heap       ] GC(226) Survivor regions: 4->3(5)
[2025-10-30T14:27:05.676+0000][gc,heap       ] GC(226) Old regions: 256->257
[2025-10-30T14:27:05.676+0000][gc,heap       ] GC(226) Humongous regions: 147->147
[2025-10-30T14:27:05.676+0000][gc,metaspace  ] GC(226) Metaspace: 52323K(55984K)->52323K(55984K) NonClass: 46484K(48560K)->46484K(48560K) Class: 5839K(7424K)->5839K(7424K)
[2025-10-30T14:27:05.677+0000][gc            ] GC(226) Pause Young (Normal) (G1 Evacuation Pause) 437M->406M(512M) 19.297ms
[2025-10-30T14:27:05.677+0000][gc,cpu        ] GC(226) User=0.03s Sys=0.00s Real=0.02s
[2025-10-30T14:27:20.620+0000][gc,start      ] GC(227) Pause Young (Normal) (G1 Evacuation Pause)
[2025-10-30T14:27:20.620+0000][gc,task       ] GC(227) Using 2 workers of 2 for evacuation
[2025-10-30T14:27:20.641+0000][gc,mmu        ] GC(227) MMU target violated: 20.3ms (20.0ms/21.0ms)
[2025-10-30T14:27:20.642+0000][gc,phases     ] GC(227)   Pre Evacuate Collection Set: 0.0ms
[2025-10-30T14:27:20.642+0000][gc,phases     ] GC(227)   Evacuate Collection Set: 18.6ms
[2025-10-30T14:27:20.642+0000][gc,phases     ] GC(227)   Post Evacuate Collection Set: 1.4ms
[2025-10-30T14:27:20.643+0000][gc,phases     ] GC(227)   Other: 1.7ms
[2025-10-30T14:27:20.643+0000][gc,heap       ] GC(227) Eden regions: 32->0(34)
[2025-10-30T14:27:20.644+0000][gc,heap       ] GC(227) Survivor regions: 3->4(5)
[2025-10-30T14:27:20.644+0000][gc,heap       ] GC(227) Old regions: 257->257
[2025-10-30T14:27:20.644+0000][gc,heap       ] GC(227) Humongous regions: 147->147
[2025-10-30T14:27:20.644+0000][gc,metaspace  ] GC(227) Metaspace: 52323K(55984K)->52323K(55984K) NonClass: 46484K(48560K)->46484K(48560K) Class: 5839K(7424K)->5839K(7424K)
[2025-10-30T14:27:20.645+0000][gc            ] GC(227) Pause Young (Normal) (G1 Evacuation Pause) 438M->407M(512M) 24.868ms
[2025-10-30T14:27:20.645+0000][gc,cpu        ] GC(227) User=0.05s Sys=0.00s Real=0.02s
[2025-10-30T14:27:35.592+0000][gc,start      ] GC(228) Pause Young (Normal) (G1 Evacuation Pause)
[2025-10-30T14:27:35.592+0000][gc,task       ] GC(228) Using 2 workers of 2 for evacuation
[2025-10-30T14:27:35.608+0000][gc,phases     ] GC(228)   Pre Evacuate Collection Set: 0.0ms
[2025-10-30T14:27:35.608+0000][gc,phases     ] GC(228)   Evacuate Collection Set: 14.8ms
[2025-10-30T14:27:35.608+0000][gc,phases     ] GC(228)   Post Evacuate Collection Set: 0.8ms
[2025-10-30T14:27:35.609+0000][gc,phases     ] GC(228)   Other: 0.8ms
[2025-10-30T14:27:35.609+0000][gc,heap       ] GC(228) Eden regions: 31->0(35)
[2025-10-30T14:27:35.609+0000][gc,heap       ] GC(228) Survivor regions: 4->4(5)
[2025-10-30T14:27:35.609+0000][gc,heap       ] GC(228) Old regions: 257->258
[2025-10-30T14:27:35.609+0000][gc,heap       ] GC(228) Humongous regions: 147->147
[2025-10-30T14:27:35.610+0000][gc,metaspace  ] GC(228) Metaspace: 52323K(55984K)->52323K(55984K) NonClass: 46484K(48560K)->46484K(48560K) Class: 5839K(7424K)->5839K(7424K)
[2025-10-30T14:27:35.610+0000][gc            ] GC(228) Pause Young (Normal) (G1 Evacuation Pause) 438M->408M(512M) 18.231ms
[2025-10-30T14:27:35.610+0000][gc,cpu        ] GC(228) User=0.03s Sys=0.00s Real=0.02s
[2025-10-30T14:27:50.596+0000][gc,start      ] GC(229) Pause Young (Normal) (G1 Evacuation Pause)
[2025-10-30T14:27:50.597+0000][gc,task       ] GC(229) Using 2 workers of 2 for evacuation
[2025-10-30T14:27:50.610+0000][gc,phases     ] GC(229)   Pre Evacuate Collection Set: 0.0ms
[2025-10-30T14:27:50.610+0000][gc,phases     ] GC(229)   Evacuate Collection Set: 11.7ms
[2025-10-30T14:27:50.610+0000][gc,phases     ] GC(229)   Post Evacuate Collection Set: 0.8ms
[2025-10-30T14:27:50.610+0000][gc,phases     ] GC(229)   Other: 0.7ms
[2025-10-30T14:27:50.611+0000][gc,heap       ] GC(229) Eden regions: 32->0(38)
[2025-10-30T14:27:50.611+0000][gc,heap       ] GC(229) Survivor regions: 4->4(5)
[2025-10-30T14:27:50.611+0000][gc,heap       ] GC(229) Old regions: 258->259
[2025-10-30T14:27:50.611+0000][gc,heap       ] GC(229) Humongous regions: 147->147
[2025-10-30T14:27:50.612+0000][gc,metaspace  ] GC(229) Metaspace: 52323K(55984K)->52323K(55984K) NonClass: 46484K(48560K)->46484K(48560K) Class: 5839K(7424K)->5839K(7424K)
[2025-10-30T14:27:50.612+0000][gc            ] GC(229) Pause Young (Normal) (G1 Evacuation Pause) 440M->409M(512M) 15.262ms
[2025-10-30T14:27:50.612+0000][gc,cpu        ] GC(229) User=0.02s Sys=0.00s Real=0.02s
[2025-10-30T14:28:06.919+0000][gc,start      ] GC(230) Pause Young (Normal) (G1 Evacuation Pause)
[2025-10-30T14:28:06.919+0000][gc,task       ] GC(230) Using 2 workers of 2 for evacuation
[2025-10-30T14:28:06.933+0000][gc,phases     ] GC(230)   Pre Evacuate Collection Set: 0.0ms
[2025-10-30T14:28:06.933+0000][gc,phases     ] GC(230)   Evacuate Collection Set: 12.7ms
[2025-10-30T14:28:06.934+0000][gc,phases     ] GC(230)   Post Evacuate Collection Set: 0.7ms
[2025-10-30T14:28:06.934+0000][gc,phases     ] GC(230)   Other: 0.6ms
[2025-10-30T14:28:06.934+0000][gc,heap       ] GC(230) Eden regions: 35->0(39)
[2025-10-30T14:28:06.934+0000][gc,heap       ] GC(230) Survivor regions: 4->4(5)
[2025-10-30T14:28:06.934+0000][gc,heap       ] GC(230) Old regions: 259->261
[2025-10-30T14:28:06.935+0000][gc,heap       ] GC(230) Humongous regions: 147->147
[2025-10-30T14:28:06.935+0000][gc,metaspace  ] GC(230) Metaspace: 52323K(55984K)->52323K(55984K) NonClass: 46484K(48560K)->46484K(48560K) Class: 5839K(7424K)->5839K(7424K)
[2025-10-30T14:28:06.935+0000][gc            ] GC(230) Pause Young (Normal) (G1 Evacuation Pause) 444M->410M(512M) 15.863ms
[2025-10-30T14:28:06.935+0000][gc,cpu        ] GC(230) User=0.02s Sys=0.00s Real=0.01s
[2025-10-30T14:28:25.297+0000][gc,start      ] GC(231) Pause Young (Normal) (G1 Evacuation Pause)
[2025-10-30T14:28:25.298+0000][gc,task       ] GC(231) Using 2 workers of 2 for evacuation
[2025-10-30T14:28:25.312+0000][gc,phases     ] GC(231)   Pre Evacuate Collection Set: 0.0ms
[2025-10-30T14:28:25.313+0000][gc,phases     ] GC(231)   Evacuate Collection Set: 12.7ms
[2025-10-30T14:28:25.313+0000][gc,phases     ] GC(231)   Post Evacuate Collection Set: 1.4ms
[2025-10-30T14:28:25.313+0000][gc,phases     ] GC(231)   Other: 0.8ms
[2025-10-30T14:28:25.314+0000][gc,heap       ] GC(231) Eden regions: 39->0(40)
[2025-10-30T14:28:25.314+0000][gc,heap       ] GC(231) Survivor regions: 4->3(6)
[2025-10-30T14:28:25.314+0000][gc,heap       ] GC(231) Old regions: 261->261
[2025-10-30T14:28:25.314+0000][gc,heap       ] GC(231) Humongous regions: 147->147
[2025-10-30T14:28:25.315+0000][gc,metaspace  ] GC(231) Metaspace: 52323K(55984K)->52323K(55984K) NonClass: 46484K(48560K)->46484K(48560K) Class: 5839K(7424K)->5839K(7424K)
[2025-10-30T14:28:25.315+0000][gc            ] GC(231) Pause Young (Normal) (G1 Evacuation Pause) 449M->410M(512M) 17.769ms
[2025-10-30T14:28:25.315+0000][gc,cpu        ] GC(231) User=0.03s Sys=0.00s Real=0.02s
[2025-10-30T14:28:44.877+0000][gc,start      ] GC(232) Pause Young (Normal) (G1 Evacuation Pause)
[2025-10-30T14:28:44.877+0000][gc,task       ] GC(232) Using 2 workers of 2 for evacuation
[2025-10-30T14:28:44.892+0000][gc,phases     ] GC(232)   Pre Evacuate Collection Set: 0.0ms
[2025-10-30T14:28:44.892+0000][gc,phases     ] GC(232)   Evacuate Collection Set: 13.2ms
[2025-10-30T14:28:44.892+0000][gc,phases     ] GC(232)   Post Evacuate Collection Set: 0.8ms
[2025-10-30T14:28:44.893+0000][gc,phases     ] GC(232)   Other: 0.7ms
[2025-10-30T14:28:44.893+0000][gc,heap       ] GC(232) Eden regions: 40->0(39)
[2025-10-30T14:28:44.893+0000][gc,heap       ] GC(232) Survivor regions: 3->5(6)
[2025-10-30T14:28:44.893+0000][gc,heap       ] GC(232) Old regions: 261->261
[2025-10-30T14:28:44.893+0000][gc,heap       ] GC(232) Humongous regions: 147->147
[2025-10-30T14:28:44.894+0000][gc,metaspace  ] GC(232) Metaspace: 52324K(55984K)->52324K(55984K) NonClass: 46484K(48560K)->46484K(48560K) Class: 5839K(7424K)->5839K(7424K)
[2025-10-30T14:28:44.894+0000][gc            ] GC(232) Pause Young (Normal) (G1 Evacuation Pause) 450M->412M(512M) 16.745ms
[2025-10-30T14:28:44.894+0000][gc,cpu        ] GC(232) User=0.03s Sys=0.00s Real=0.02s
[2025-10-30T14:29:03.660+0000][gc,start      ] GC(233) Pause Young (Normal) (G1 Evacuation Pause)
[2025-10-30T14:29:03.661+0000][gc,task       ] GC(233) Using 2 workers of 2 for evacuation
[2025-10-30T14:29:03.677+0000][gc,phases     ] GC(233)   Pre Evacuate Collection Set: 0.0ms
[2025-10-30T14:29:03.677+0000][gc,phases     ] GC(233)   Evacuate Collection Set: 15.2ms
[2025-10-30T14:29:03.678+0000][gc,phases     ] GC(233)   Post Evacuate Collection Set: 0.9ms
[2025-10-30T14:29:03.678+0000][gc,phases     ] GC(233)   Other: 0.7ms
[2025-10-30T14:29:03.678+0000][gc,heap       ] GC(233) Eden regions: 39->0(39)
[2025-10-30T14:29:03.678+0000][gc,heap       ] GC(233) Survivor regions: 5->5(6)
[2025-10-30T14:29:03.679+0000][gc,heap       ] GC(233) Old regions: 261->263
[2025-10-30T14:29:03.679+0000][gc,heap       ] GC(233) Humongous regions: 147->147
[2025-10-30T14:29:03.679+0000][gc,metaspace  ] GC(233) Metaspace: 52324K(55984K)->52324K(55984K) NonClass: 46484K(48560K)->46484K(48560K) Class: 5839K(7424K)->5839K(7424K)
[2025-10-30T14:29:03.679+0000][gc            ] GC(233) Pause Young (Normal) (G1 Evacuation Pause) 451M->413M(512M) 18.755ms
[2025-10-30T14:29:03.679+0000][gc,cpu        ] GC(233) User=0.03s Sys=0.00s Real=0.01s
[2025-10-30T14:29:25.494+0000][gc,start      ] GC(234) Pause Young (Normal) (G1 Evacuation Pause)
[2025-10-30T14:29:25.494+0000][gc,task       ] GC(234) Using 2 workers of 2 for evacuation
[2025-10-30T14:29:25.517+0000][gc,mmu        ] GC(234) MMU target violated: 21.0ms (20.0ms/21.0ms)
[2025-10-30T14:29:25.518+0000][gc,phases     ] GC(234)   Pre Evacuate Collection Set: 0.0ms
[2025-10-30T14:29:25.518+0000][gc,phases     ] GC(234)   Evacuate Collection Set: 20.5ms
[2025-10-30T14:29:25.519+0000][gc,phases     ] GC(234)   Post Evacuate Collection Set: 1.6ms
[2025-10-30T14:29:25.519+0000][gc,phases     ] GC(234)   Other: 1.8ms
[2025-10-30T14:29:25.519+0000][gc,heap       ] GC(234) Eden regions: 39->0(39)
[2025-10-30T14:29:25.520+0000][gc,heap       ] GC(234) Survivor regions: 5->3(6)
[2025-10-30T14:29:25.520+0000][gc,heap       ] GC(234) Old regions: 263->264
[2025-10-30T14:29:25.520+0000][gc,heap       ] GC(234) Humongous regions: 147->147
[2025-10-30T14:29:25.520+0000][gc,metaspace  ] GC(234) Metaspace: 52324K(55984K)->52324K(55984K) NonClass: 46484K(48560K)->46484K(48560K) Class: 5839K(7424K)->5839K(7424K)
[2025-10-30T14:29:25.521+0000][gc            ] GC(234) Pause Young (Normal) (G1 Evacuation Pause) 452M->413M(512M) 27.010ms
[2025-10-30T14:29:25.521+0000][gc,cpu        ] GC(234) User=0.04s Sys=0.00s Real=0.03s
[2025-10-30T14:29:46.925+0000][gc,start      ] GC(235) Pause Young (Normal) (G1 Evacuation Pause)
[2025-10-30T14:29:46.926+0000][gc,task       ] GC(235) Using 2 workers of 2 for evacuation
[2025-10-30T14:29:46.956+0000][gc,mmu        ] GC(235) MMU target violated: 21.0ms (20.0ms/21.0ms)
[2025-10-30T14:29:46.956+0000][gc,phases     ] GC(235)   Pre Evacuate Collection Set: 0.0ms
[2025-10-30T14:29:46.957+0000][gc,phases     ] GC(235)   Evacuate Collection Set: 27.8ms
[2025-10-30T14:29:46.957+0000][gc,phases     ] GC(235)   Post Evacuate Collection Set: 1.4ms
[2025-10-30T14:29:46.957+0000][gc,phases     ] GC(235)   Other: 1.6ms
[2025-10-30T14:29:46.958+0000][gc,heap       ] GC(235) Eden regions: 35->0(21)
[2025-10-30T14:29:46.958+0000][gc,heap       ] GC(235) Survivor regions: 3->4(5)
[2025-10-30T14:29:46.958+0000][gc,heap       ] GC(235) Old regions: 264->265
[2025-10-30T14:29:46.959+0000][gc,heap       ] GC(235) Humongous regions: 147->147
[2025-10-30T14:29:46.960+0000][gc,metaspace  ] GC(235) Metaspace: 52325K(55984K)->52325K(55984K) NonClass: 46486K(48560K)->46486K(48560K) Class: 5839K(7424K)->5839K(7424K)
[2025-10-30T14:29:46.960+0000][gc            ] GC(235) Pause Young (Normal) (G1 Evacuation Pause) 448M->414M(512M) 34.602ms
[2025-10-30T14:29:46.960+0000][gc,cpu        ] GC(235) User=0.06s Sys=0.00s Real=0.04s
[2025-10-30T14:30:00.122+0000][gc,start      ] GC(236) Pause Young (Normal) (G1 Evacuation Pause)
[2025-10-30T14:30:00.122+0000][gc,task       ] GC(236) Using 2 workers of 2 for evacuation
[2025-10-30T14:30:00.146+0000][gc,mmu        ] GC(236) MMU target violated: 21.0ms (20.0ms/21.0ms)
[2025-10-30T14:30:00.146+0000][gc,phases     ] GC(236)   Pre Evacuate Collection Set: 0.0ms
[2025-10-30T14:30:00.147+0000][gc,phases     ] GC(236)   Evacuate Collection Set: 22.0ms
[2025-10-30T14:30:00.147+0000][gc,phases     ] GC(236)   Post Evacuate Collection Set: 1.4ms
[2025-10-30T14:30:00.148+0000][gc,phases     ] GC(236)   Other: 1.4ms
[2025-10-30T14:30:00.148+0000][gc,heap       ] GC(236) Eden regions: 21->0(22)
[2025-10-30T14:30:00.149+0000][gc,heap       ] GC(236) Survivor regions: 4->3(4)
[2025-10-30T14:30:00.149+0000][gc,heap       ] GC(236) Old regions: 265->267
[2025-10-30T14:30:00.149+0000][gc,heap       ] GC(236) Humongous regions: 147->147
[2025-10-30T14:30:00.150+0000][gc,metaspace  ] GC(236) Metaspace: 52325K(55984K)->52325K(55984K) NonClass: 46486K(48560K)->46486K(48560K) Class: 5839K(7424K)->5839K(7424K)
[2025-10-30T14:30:00.150+0000][gc            ] GC(236) Pause Young (Normal) (G1 Evacuation Pause) 435M->415M(512M) 28.623ms
[2025-10-30T14:30:00.150+0000][gc,cpu        ] GC(236) User=0.05s Sys=0.00s Real=0.03s
[2025-10-30T14:30:14.322+0000][gc,start      ] GC(237) Pause Young (Normal) (G1 Evacuation Pause)
[2025-10-30T14:30:14.322+0000][gc,task       ] GC(237) Using 2 workers of 2 for evacuation
[2025-10-30T14:30:14.346+0000][gc,mmu        ] GC(237) MMU target violated: 21.0ms (20.0ms/21.0ms)
[2025-10-30T14:30:14.346+0000][gc,phases     ] GC(237)   Pre Evacuate Collection Set: 0.0ms
[2025-10-30T14:30:14.347+0000][gc,phases     ] GC(237)   Evacuate Collection Set: 20.6ms
[2025-10-30T14:30:14.347+0000][gc,phases     ] GC(237)   Post Evacuate Collection Set: 2.4ms
[2025-10-30T14:30:14.347+0000][gc,phases     ] GC(237)   Other: 1.5ms
[2025-10-30T14:30:14.347+0000][gc,heap       ] GC(237) Eden regions: 22->0(23)
[2025-10-30T14:30:14.348+0000][gc,heap       ] GC(237) Survivor regions: 3->2(4)
[2025-10-30T14:30:14.348+0000][gc,heap       ] GC(237) Old regions: 267->268
[2025-10-30T14:30:14.349+0000][gc,heap       ] GC(237) Humongous regions: 147->147
[2025-10-30T14:30:14.349+0000][gc,metaspace  ] GC(237) Metaspace: 52325K(55984K)->52325K(55984K) NonClass: 46486K(48560K)->46486K(48560K) Class: 5839K(7424K)->5839K(7424K)
[2025-10-30T14:30:14.349+0000][gc            ] GC(237) Pause Young (Normal) (G1 Evacuation Pause) 437M->416M(512M) 27.443ms
[2025-10-30T14:30:14.349+0000][gc,cpu        ] GC(237) User=0.05s Sys=0.00s Real=0.03s
[2025-10-30T14:30:28.214+0000][gc,start      ] GC(238) Pause Young (Normal) (G1 Evacuation Pause)
[2025-10-30T14:30:28.214+0000][gc,task       ] GC(238) Using 2 workers of 2 for evacuation
[2025-10-30T14:30:28.239+0000][gc,mmu        ] GC(238) MMU target violated: 21.0ms (20.0ms/21.0ms)
[2025-10-30T14:30:28.240+0000][gc,phases     ] GC(238)   Pre Evacuate Collection Set: 0.0ms
[2025-10-30T14:30:28.240+0000][gc,phases     ] GC(238)   Evacuate Collection Set: 23.1ms
[2025-10-30T14:30:28.241+0000][gc,phases     ] GC(238)   Post Evacuate Collection Set: 1.3ms
[2025-10-30T14:30:28.241+0000][gc,phases     ] GC(238)   Other: 2.2ms
[2025-10-30T14:30:28.242+0000][gc,heap       ] GC(238) Eden regions: 23->0(22)
[2025-10-30T14:30:28.242+0000][gc,heap       ] GC(238) Survivor regions: 2->3(4)
[2025-10-30T14:30:28.243+0000][gc,heap       ] GC(238) Old regions: 268->268
[2025-10-30T14:30:28.243+0000][gc,heap       ] GC(238) Humongous regions: 147->147
[2025-10-30T14:30:28.243+0000][gc,metaspace  ] GC(238) Metaspace: 52325K(55984K)->52325K(55984K) NonClass: 46486K(48560K)->46486K(48560K) Class: 5839K(7424K)->5839K(7424K)
[2025-10-30T14:30:28.244+0000][gc            ] GC(238) Pause Young (Normal) (G1 Evacuation Pause) 439M->417M(512M) 30.582ms
[2025-10-30T14:30:28.245+0000][gc,cpu        ] GC(238) User=0.05s Sys=0.00s Real=0.03s
[2025-10-30T14:30:41.731+0000][gc,start      ] GC(239) Pause Young (Normal) (G1 Evacuation Pause)
[2025-10-30T14:30:41.731+0000][gc,task       ] GC(239) Using 2 workers of 2 for evacuation
[2025-10-30T14:30:41.759+0000][gc,mmu        ] GC(239) MMU target violated: 21.0ms (20.0ms/21.0ms)
[2025-10-30T14:30:41.759+0000][gc,phases     ] GC(239)   Pre Evacuate Collection Set: 0.0ms
[2025-10-30T14:30:41.760+0000][gc,phases     ] GC(239)   Evacuate Collection Set: 24.9ms
[2025-10-30T14:30:41.760+0000][gc,phases     ] GC(239)   Post Evacuate Collection Set: 1.8ms
[2025-10-30T14:30:41.760+0000][gc,phases     ] GC(239)   Other: 2.1ms
[2025-10-30T14:30:41.761+0000][gc,heap       ] GC(239) Eden regions: 22->0(22)
[2025-10-30T14:30:41.761+0000][gc,heap       ] GC(239) Survivor regions: 3->3(4)
[2025-10-30T14:30:41.762+0000][gc,heap       ] GC(239) Old regions: 268->269
[2025-10-30T14:30:41.762+0000][gc,heap       ] GC(239) Humongous regions: 147->147
[2025-10-30T14:30:41.762+0000][gc,metaspace  ] GC(239) Metaspace: 52325K(55984K)->52325K(55984K) NonClass: 46486K(48560K)->46486K(48560K) Class: 5839K(7424K)->5839K(7424K)
[2025-10-30T14:30:41.763+0000][gc            ] GC(239) Pause Young (Normal) (G1 Evacuation Pause) 439M->417M(512M) 32.340ms
[2025-10-30T14:30:41.764+0000][gc,cpu        ] GC(239) User=0.05s Sys=0.00s Real=0.04s
[2025-10-30T14:30:55.609+0000][gc,start      ] GC(240) Pause Young (Normal) (G1 Evacuation Pause)
[2025-10-30T14:30:55.610+0000][gc,task       ] GC(240) Using 2 workers of 2 for evacuation
[2025-10-30T14:30:55.634+0000][gc,mmu        ] GC(240) MMU target violated: 21.0ms (20.0ms/21.0ms)
[2025-10-30T14:30:55.635+0000][gc,phases     ] GC(240)   Pre Evacuate Collection Set: 0.0ms
[2025-10-30T14:30:55.635+0000][gc,phases     ] GC(240)   Evacuate Collection Set: 22.2ms
[2025-10-30T14:30:55.635+0000][gc,phases     ] GC(240)   Post Evacuate Collection Set: 1.7ms
[2025-10-30T14:30:55.636+0000][gc,phases     ] GC(240)   Other: 1.7ms
[2025-10-30T14:30:55.636+0000][gc,heap       ] GC(240) Eden regions: 22->0(22)
[2025-10-30T14:30:55.636+0000][gc,heap       ] GC(240) Survivor regions: 3->3(4)
[2025-10-30T14:30:55.637+0000][gc,heap       ] GC(240) Old regions: 269->269
[2025-10-30T14:30:55.637+0000][gc,heap       ] GC(240) Humongous regions: 147->147
[2025-10-30T14:30:55.638+0000][gc,metaspace  ] GC(240) Metaspace: 52325K(55984K)->52325K(55984K) NonClass: 46486K(48560K)->46486K(48560K) Class: 5839K(7424K)->5839K(7424K)
[2025-10-30T14:30:55.638+0000][gc            ] GC(240) Pause Young (Normal) (G1 Evacuation Pause) 439M->418M(512M) 28.882ms
[2025-10-30T14:30:55.639+0000][gc,cpu        ] GC(240) User=0.05s Sys=0.00s Real=0.03s
[2025-10-30T14:31:08.598+0000][gc,start      ] GC(241) Pause Young (Normal) (G1 Evacuation Pause)
[2025-10-30T14:31:08.598+0000][gc,task       ] GC(241) Using 2 workers of 2 for evacuation
[2025-10-30T14:31:08.623+0000][gc,mmu        ] GC(241) MMU target violated: 21.0ms (20.0ms/21.0ms)
[2025-10-30T14:31:08.624+0000][gc,phases     ] GC(241)   Pre Evacuate Collection Set: 0.1ms
[2025-10-30T14:31:08.624+0000][gc,phases     ] GC(241)   Evacuate Collection Set: 22.0ms
[2025-10-30T14:31:08.625+0000][gc,phases     ] GC(241)   Post Evacuate Collection Set: 1.8ms
[2025-10-30T14:31:08.625+0000][gc,phases     ] GC(241)   Other: 2.2ms
[2025-10-30T14:31:08.625+0000][gc,heap       ] GC(241) Eden regions: 22->0(22)
[2025-10-30T14:31:08.626+0000][gc,heap       ] GC(241) Survivor regions: 3->3(4)
[2025-10-30T14:31:08.626+0000][gc,heap       ] GC(241) Old regions: 269->270
[2025-10-30T14:31:08.626+0000][gc,heap       ] GC(241) Humongous regions: 147->147
[2025-10-30T14:31:08.626+0000][gc,metaspace  ] GC(241) Metaspace: 52325K(55984K)->52325K(55984K) NonClass: 46486K(48560K)->46486K(48560K) Class: 5839K(7424K)->5839K(7424K)
[2025-10-30T14:31:08.627+0000][gc            ] GC(241) Pause Young (Normal) (G1 Evacuation Pause) 440M->419M(512M) 29.350ms
[2025-10-30T14:31:08.628+0000][gc,cpu        ] GC(241) User=0.05s Sys=0.00s Real=0.03s
[2025-10-30T14:31:22.540+0000][gc,start      ] GC(242) Pause Young (Normal) (G1 Evacuation Pause)
[2025-10-30T14:31:22.541+0000][gc,task       ] GC(242) Using 2 workers of 2 for evacuation
[2025-10-30T14:31:22.562+0000][gc,mmu        ] GC(242) MMU target violated: 21.0ms (20.0ms/21.0ms)
[2025-10-30T14:31:22.563+0000][gc,phases     ] GC(242)   Pre Evacuate Collection Set: 0.0ms
[2025-10-30T14:31:22.564+0000][gc,phases     ] GC(242)   Evacuate Collection Set: 19.7ms
[2025-10-30T14:31:22.564+0000][gc,phases     ] GC(242)   Post Evacuate Collection Set: 1.2ms
[2025-10-30T14:31:22.565+0000][gc,phases     ] GC(242)   Other: 2.1ms
[2025-10-30T14:31:22.565+0000][gc,heap       ] GC(242) Eden regions: 22->0(22)
[2025-10-30T14:31:22.565+0000][gc,heap       ] GC(242) Survivor regions: 3->3(4)
[2025-10-30T14:31:22.565+0000][gc,heap       ] GC(242) Old regions: 270->271
[2025-10-30T14:31:22.566+0000][gc,heap       ] GC(242) Humongous regions: 147->147
[2025-10-30T14:31:22.566+0000][gc,metaspace  ] GC(242) Metaspace: 52325K(55984K)->52325K(55984K) NonClass: 46486K(48560K)->46486K(48560K) Class: 5839K(7424K)->5839K(7424K)
[2025-10-30T14:31:22.566+0000][gc            ] GC(242) Pause Young (Normal) (G1 Evacuation Pause) 441M->420M(512M) 25.925ms
[2025-10-30T14:31:22.567+0000][gc,cpu        ] GC(242) User=0.04s Sys=0.00s Real=0.03s
[2025-10-30T14:31:34.375+0000][gc,start      ] GC(243) Pause Young (Normal) (G1 Evacuation Pause)
[2025-10-30T14:31:34.376+0000][gc,task       ] GC(243) Using 2 workers of 2 for evacuation
[2025-10-30T14:31:34.391+0000][gc,phases     ] GC(243)   Pre Evacuate Collection Set: 0.0ms
[2025-10-30T14:31:34.392+0000][gc,phases     ] GC(243)   Evacuate Collection Set: 14.4ms
[2025-10-30T14:31:34.392+0000][gc,phases     ] GC(243)   Post Evacuate Collection Set: 0.9ms
[2025-10-30T14:31:34.392+0000][gc,phases     ] GC(243)   Other: 0.7ms
[2025-10-30T14:31:34.392+0000][gc,heap       ] GC(243) Eden regions: 22->0(22)
[2025-10-30T14:31:34.393+0000][gc,heap       ] GC(243) Survivor regions: 3->3(4)
[2025-10-30T14:31:34.393+0000][gc,heap       ] GC(243) Old regions: 271->272
[2025-10-30T14:31:34.393+0000][gc,heap       ] GC(243) Humongous regions: 147->147
[2025-10-30T14:31:34.393+0000][gc,metaspace  ] GC(243) Metaspace: 52325K(55984K)->52325K(55984K) NonClass: 46486K(48560K)->46486K(48560K) Class: 5839K(7424K)->5839K(7424K)
[2025-10-30T14:31:34.394+0000][gc            ] GC(243) Pause Young (Normal) (G1 Evacuation Pause) 442M->421M(512M) 18.285ms
[2025-10-30T14:31:34.394+0000][gc,cpu        ] GC(243) User=0.03s Sys=0.00s Real=0.02s
[2025-10-30T14:31:46.623+0000][gc,start      ] GC(244) Pause Young (Normal) (G1 Evacuation Pause)
[2025-10-30T14:31:46.623+0000][gc,task       ] GC(244) Using 2 workers of 2 for evacuation
[2025-10-30T14:31:46.637+0000][gc,phases     ] GC(244)   Pre Evacuate Collection Set: 0.0ms
[2025-10-30T14:31:46.637+0000][gc,phases     ] GC(244)   Evacuate Collection Set: 12.5ms
[2025-10-30T14:31:46.637+0000][gc,phases     ] GC(244)   Post Evacuate Collection Set: 0.8ms
[2025-10-30T14:31:46.637+0000][gc,phases     ] GC(244)   Other: 0.6ms
[2025-10-30T14:31:46.638+0000][gc,heap       ] GC(244) Eden regions: 22->0(23)
[2025-10-30T14:31:46.638+0000][gc,heap       ] GC(244) Survivor regions: 3->2(4)
[2025-10-30T14:31:46.638+0000][gc,heap       ] GC(244) Old regions: 272->272
[2025-10-30T14:31:46.638+0000][gc,heap       ] GC(244) Humongous regions: 147->147
[2025-10-30T14:31:46.638+0000][gc,metaspace  ] GC(244) Metaspace: 52338K(55984K)->52338K(55984K) NonClass: 46499K(48560K)->46499K(48560K) Class: 5839K(7424K)->5839K(7424K)
[2025-10-30T14:31:46.638+0000][gc            ] GC(244) Pause Young (Normal) (G1 Evacuation Pause) 443M->420M(512M) 15.749ms
[2025-10-30T14:31:46.639+0000][gc,cpu        ] GC(244) User=0.03s Sys=0.00s Real=0.02s
[2025-10-30T14:31:58.040+0000][gc,start      ] GC(245) Pause Young (Normal) (G1 Evacuation Pause)
[2025-10-30T14:31:58.040+0000][gc,task       ] GC(245) Using 2 workers of 2 for evacuation
[2025-10-30T14:31:58.051+0000][gc,phases     ] GC(245)   Pre Evacuate Collection Set: 0.0ms
[2025-10-30T14:31:58.051+0000][gc,phases     ] GC(245)   Evacuate Collection Set: 9.9ms
[2025-10-30T14:31:58.051+0000][gc,phases     ] GC(245)   Post Evacuate Collection Set: 0.8ms
[2025-10-30T14:31:58.051+0000][gc,phases     ] GC(245)   Other: 0.6ms
[2025-10-30T14:31:58.052+0000][gc,heap       ] GC(245) Eden regions: 23->0(24)
[2025-10-30T14:31:58.052+0000][gc,heap       ] GC(245) Survivor regions: 2->3(4)
[2025-10-30T14:31:58.052+0000][gc,heap       ] GC(245) Old regions: 272->272
[2025-10-30T14:31:58.052+0000][gc,heap       ] GC(245) Humongous regions: 147->147
[2025-10-30T14:31:58.052+0000][gc,metaspace  ] GC(245) Metaspace: 52339K(55984K)->52339K(55984K) NonClass: 46500K(48560K)->46500K(48560K) Class: 5839K(7424K)->5839K(7424K)
[2025-10-30T14:31:58.053+0000][gc            ] GC(245) Pause Young (Normal) (G1 Evacuation Pause) 443M->421M(512M) 12.998ms
[2025-10-30T14:31:58.053+0000][gc,cpu        ] GC(245) User=0.02s Sys=0.00s Real=0.01s
[2025-10-30T14:32:09.465+0000][gc,start      ] GC(246) Pause Young (Normal) (G1 Evacuation Pause)
[2025-10-30T14:32:09.466+0000][gc,task       ] GC(246) Using 2 workers of 2 for evacuation
[2025-10-30T14:32:09.480+0000][gc,phases     ] GC(246)   Pre Evacuate Collection Set: 0.0ms
[2025-10-30T14:32:09.482+0000][gc,phases     ] GC(246)   Evacuate Collection Set: 13.1ms
[2025-10-30T14:32:09.482+0000][gc,phases     ] GC(246)   Post Evacuate Collection Set: 1.1ms
[2025-10-30T14:32:09.482+0000][gc,phases     ] GC(246)   Other: 0.8ms
[2025-10-30T14:32:09.482+0000][gc,heap       ] GC(246) Eden regions: 24->0(25)
[2025-10-30T14:32:09.483+0000][gc,heap       ] GC(246) Survivor regions: 3->3(4)
[2025-10-30T14:32:09.483+0000][gc,heap       ] GC(246) Old regions: 272->273
[2025-10-30T14:32:09.483+0000][gc,heap       ] GC(246) Humongous regions: 147->147
[2025-10-30T14:32:09.483+0000][gc,metaspace  ] GC(246) Metaspace: 52339K(55984K)->52339K(55984K) NonClass: 46500K(48560K)->46500K(48560K) Class: 5839K(7424K)->5839K(7424K)
[2025-10-30T14:32:09.483+0000][gc            ] GC(246) Pause Young (Normal) (G1 Evacuation Pause) 445M->422M(512M) 17.982ms
[2025-10-30T14:32:09.484+0000][gc,cpu        ] GC(246) User=0.03s Sys=0.00s Real=0.01s
[2025-10-30T14:32:21.698+0000][gc,start      ] GC(247) Pause Young (Normal) (G1 Evacuation Pause)
[2025-10-30T14:32:21.698+0000][gc,task       ] GC(247) Using 2 workers of 2 for evacuation
[2025-10-30T14:32:21.712+0000][gc,phases     ] GC(247)   Pre Evacuate Collection Set: 0.0ms
[2025-10-30T14:32:21.713+0000][gc,phases     ] GC(247)   Evacuate Collection Set: 12.9ms
[2025-10-30T14:32:21.713+0000][gc,phases     ] GC(247)   Post Evacuate Collection Set: 0.8ms
[2025-10-30T14:32:21.713+0000][gc,phases     ] GC(247)   Other: 0.6ms
[2025-10-30T14:32:21.716+0000][gc,heap       ] GC(247) Eden regions: 25->0(26)
[2025-10-30T14:32:21.717+0000][gc,heap       ] GC(247) Survivor regions: 3->3(4)
[2025-10-30T14:32:21.717+0000][gc,heap       ] GC(247) Old regions: 273->274
[2025-10-30T14:32:21.717+0000][gc,heap       ] GC(247) Humongous regions: 147->147
[2025-10-30T14:32:21.717+0000][gc,metaspace  ] GC(247) Metaspace: 52339K(55984K)->52339K(55984K) NonClass: 46500K(48560K)->46500K(48560K) Class: 5839K(7424K)->5839K(7424K)
[2025-10-30T14:32:21.717+0000][gc            ] GC(247) Pause Young (Normal) (G1 Evacuation Pause) 447M->423M(512M) 19.864ms
[2025-10-30T14:32:21.718+0000][gc,cpu        ] GC(247) User=0.03s Sys=0.00s Real=0.02s
[2025-10-30T14:32:34.578+0000][gc,start      ] GC(248) Pause Young (Normal) (G1 Evacuation Pause)
[2025-10-30T14:32:34.579+0000][gc,task       ] GC(248) Using 2 workers of 2 for evacuation
[2025-10-30T14:32:34.595+0000][gc,phases     ] GC(248)   Pre Evacuate Collection Set: 0.0ms
[2025-10-30T14:32:34.595+0000][gc,phases     ] GC(248)   Evacuate Collection Set: 14.2ms
[2025-10-30T14:32:34.595+0000][gc,phases     ] GC(248)   Post Evacuate Collection Set: 1.0ms
[2025-10-30T14:32:34.596+0000][gc,phases     ] GC(248)   Other: 1.0ms
[2025-10-30T14:32:34.596+0000][gc,heap       ] GC(248) Eden regions: 26->0(26)
[2025-10-30T14:32:34.596+0000][gc,heap       ] GC(248) Survivor regions: 3->3(4)
[2025-10-30T14:32:34.596+0000][gc,heap       ] GC(248) Old regions: 274->275
[2025-10-30T14:32:34.597+0000][gc,heap       ] GC(248) Humongous regions: 147->147
[2025-10-30T14:32:34.597+0000][gc,metaspace  ] GC(248) Metaspace: 52339K(55984K)->52339K(55984K) NonClass: 46500K(48560K)->46500K(48560K) Class: 5839K(7424K)->5839K(7424K)
[2025-10-30T14:32:34.597+0000][gc            ] GC(248) Pause Young (Normal) (G1 Evacuation Pause) 449M->424M(512M) 19.067ms
[2025-10-30T14:32:34.598+0000][gc,cpu        ] GC(248) User=0.03s Sys=0.00s Real=0.02s
[2025-10-30T14:32:47.032+0000][gc,start      ] GC(249) Pause Young (Normal) (G1 Evacuation Pause)
[2025-10-30T14:32:47.032+0000][gc,task       ] GC(249) Using 2 workers of 2 for evacuation
[2025-10-30T14:32:47.054+0000][gc,mmu        ] GC(249) MMU target violated: 21.0ms (20.0ms/21.0ms)
[2025-10-30T14:32:47.055+0000][gc,phases     ] GC(249)   Pre Evacuate Collection Set: 0.0ms
[2025-10-30T14:32:47.055+0000][gc,phases     ] GC(249)   Evacuate Collection Set: 19.1ms
[2025-10-30T14:32:47.055+0000][gc,phases     ] GC(249)   Post Evacuate Collection Set: 1.0ms
[2025-10-30T14:32:47.056+0000][gc,phases     ] GC(249)   Other: 2.5ms
[2025-10-30T14:32:47.056+0000][gc,heap       ] GC(249) Eden regions: 26->0(26)
[2025-10-30T14:32:47.056+0000][gc,heap       ] GC(249) Survivor regions: 3->3(4)
[2025-10-30T14:32:47.056+0000][gc,heap       ] GC(249) Old regions: 275->276
[2025-10-30T14:32:47.056+0000][gc,heap       ] GC(249) Humongous regions: 147->147
[2025-10-30T14:32:47.057+0000][gc,metaspace  ] GC(249) Metaspace: 52339K(55984K)->52339K(55984K) NonClass: 46500K(48560K)->46500K(48560K) Class: 5839K(7424K)->5839K(7424K)
[2025-10-30T14:32:47.057+0000][gc            ] GC(249) Pause Young (Normal) (G1 Evacuation Pause) 450M->425M(512M) 25.064ms
[2025-10-30T14:32:47.057+0000][gc,cpu        ] GC(249) User=0.04s Sys=0.00s Real=0.03s
[2025-10-30T14:32:59.047+0000][gc,start      ] GC(250) Pause Young (Normal) (G1 Evacuation Pause)
[2025-10-30T14:32:59.047+0000][gc,task       ] GC(250) Using 2 workers of 2 for evacuation
[2025-10-30T14:32:59.060+0000][gc,phases     ] GC(250)   Pre Evacuate Collection Set: 0.0ms
[2025-10-30T14:32:59.060+0000][gc,phases     ] GC(250)   Evacuate Collection Set: 11.1ms
[2025-10-30T14:32:59.060+0000][gc,phases     ] GC(250)   Post Evacuate Collection Set: 0.9ms
[2025-10-30T14:32:59.060+0000][gc,phases     ] GC(250)   Other: 0.6ms
[2025-10-30T14:32:59.060+0000][gc,heap       ] GC(250) Eden regions: 25->0(27)
[2025-10-30T14:32:59.060+0000][gc,heap       ] GC(250) Survivor regions: 3->2(4)
[2025-10-30T14:32:59.061+0000][gc,heap       ] GC(250) Old regions: 276->277
[2025-10-30T14:32:59.061+0000][gc,heap       ] GC(250) Humongous regions: 147->147
[2025-10-30T14:32:59.061+0000][gc,metaspace  ] GC(250) Metaspace: 52339K(55984K)->52339K(55984K) NonClass: 46500K(48560K)->46500K(48560K) Class: 5839K(7424K)->5839K(7424K)
[2025-10-30T14:32:59.061+0000][gc            ] GC(250) Pause Young (Normal) (G1 Evacuation Pause) 450M->425M(512M) 14.024ms
[2025-10-30T14:32:59.061+0000][gc,cpu        ] GC(250) User=0.02s Sys=0.00s Real=0.01s
[2025-10-30T14:33:12.357+0000][gc,start      ] GC(251) Pause Young (Normal) (G1 Evacuation Pause)
[2025-10-30T14:33:12.357+0000][gc,task       ] GC(251) Using 2 workers of 2 for evacuation
[2025-10-30T14:33:12.369+0000][gc,phases     ] GC(251)   Pre Evacuate Collection Set: 0.0ms
[2025-10-30T14:33:12.370+0000][gc,phases     ] GC(251)   Evacuate Collection Set: 11.1ms
[2025-10-30T14:33:12.370+0000][gc,phases     ] GC(251)   Post Evacuate Collection Set: 0.7ms
[2025-10-30T14:33:12.370+0000][gc,phases     ] GC(251)   Other: 0.5ms
[2025-10-30T14:33:12.371+0000][gc,heap       ] GC(251) Eden regions: 27->0(26)
[2025-10-30T14:33:12.371+0000][gc,heap       ] GC(251) Survivor regions: 2->3(4)
[2025-10-30T14:33:12.371+0000][gc,heap       ] GC(251) Old regions: 277->277
[2025-10-30T14:33:12.372+0000][gc,heap       ] GC(251) Humongous regions: 147->147
[2025-10-30T14:33:12.372+0000][gc,metaspace  ] GC(251) Metaspace: 52339K(55984K)->52339K(55984K) NonClass: 46500K(48560K)->46500K(48560K) Class: 5839K(7424K)->5839K(7424K)
[2025-10-30T14:33:12.372+0000][gc            ] GC(251) Pause Young (Normal) (G1 Evacuation Pause) 452M->425M(512M) 15.042ms
[2025-10-30T14:33:12.372+0000][gc,cpu        ] GC(251) User=0.03s Sys=0.00s Real=0.01s
[2025-10-30T14:33:24.765+0000][gc,start      ] GC(252) Pause Young (Normal) (G1 Evacuation Pause)
[2025-10-30T14:33:24.765+0000][gc,task       ] GC(252) Using 2 workers of 2 for evacuation
[2025-10-30T14:33:24.777+0000][gc,phases     ] GC(252)   Pre Evacuate Collection Set: 0.0ms
[2025-10-30T14:33:24.778+0000][gc,phases     ] GC(252)   Evacuate Collection Set: 11.6ms
[2025-10-30T14:33:24.778+0000][gc,phases     ] GC(252)   Post Evacuate Collection Set: 0.7ms
[2025-10-30T14:33:24.778+0000][gc,phases     ] GC(252)   Other: 0.6ms
[2025-10-30T14:33:24.778+0000][gc,heap       ] GC(252) Eden regions: 26->0(26)
[2025-10-30T14:33:24.778+0000][gc,heap       ] GC(252) Survivor regions: 3->3(4)
[2025-10-30T14:33:24.778+0000][gc,heap       ] GC(252) Old regions: 277->278
[2025-10-30T14:33:24.778+0000][gc,heap       ] GC(252) Humongous regions: 147->147
[2025-10-30T14:33:24.779+0000][gc,metaspace  ] GC(252) Metaspace: 52339K(55984K)->52339K(55984K) NonClass: 46500K(48560K)->46500K(48560K) Class: 5839K(7424K)->5839K(7424K)
[2025-10-30T14:33:24.779+0000][gc            ] GC(252) Pause Young (Normal) (G1 Evacuation Pause) 451M->427M(512M) 14.022ms
[2025-10-30T14:33:24.779+0000][gc,cpu        ] GC(252) User=0.02s Sys=0.00s Real=0.02s
[2025-10-30T14:33:36.545+0000][gc,start      ] GC(253) Pause Young (Normal) (G1 Evacuation Pause)
[2025-10-30T14:33:36.545+0000][gc,task       ] GC(253) Using 2 workers of 2 for evacuation
[2025-10-30T14:33:36.556+0000][gc,phases     ] GC(253)   Pre Evacuate Collection Set: 0.0ms
[2025-10-30T14:33:36.556+0000][gc,phases     ] GC(253)   Evacuate Collection Set: 9.9ms
[2025-10-30T14:33:36.556+0000][gc,phases     ] GC(253)   Post Evacuate Collection Set: 0.6ms
[2025-10-30T14:33:36.556+0000][gc,phases     ] GC(253)   Other: 0.5ms
[2025-10-30T14:33:36.557+0000][gc,heap       ] GC(253) Eden regions: 26->0(26)
[2025-10-30T14:33:36.557+0000][gc,heap       ] GC(253) Survivor regions: 3->3(4)
[2025-10-30T14:33:36.557+0000][gc,heap       ] GC(253) Old regions: 278->279
[2025-10-30T14:33:36.557+0000][gc,heap       ] GC(253) Humongous regions: 147->147
[2025-10-30T14:33:36.557+0000][gc,metaspace  ] GC(253) Metaspace: 52339K(55984K)->52339K(55984K) NonClass: 46500K(48560K)->46500K(48560K) Class: 5839K(7424K)->5839K(7424K)
[2025-10-30T14:33:36.557+0000][gc            ] GC(253) Pause Young (Normal) (G1 Evacuation Pause) 453M->427M(512M) 12.329ms
[2025-10-30T14:33:36.557+0000][gc,cpu        ] GC(253) User=0.02s Sys=0.00s Real=0.02s
[2025-10-30T14:33:48.252+0000][gc,start      ] GC(254) Pause Young (Normal) (G1 Evacuation Pause)
[2025-10-30T14:33:48.252+0000][gc,task       ] GC(254) Using 2 workers of 2 for evacuation
[2025-10-30T14:33:48.265+0000][gc,phases     ] GC(254)   Pre Evacuate Collection Set: 0.0ms
[2025-10-30T14:33:48.265+0000][gc,phases     ] GC(254)   Evacuate Collection Set: 11.6ms
[2025-10-30T14:33:48.265+0000][gc,phases     ] GC(254)   Post Evacuate Collection Set: 0.7ms
[2025-10-30T14:33:48.265+0000][gc,phases     ] GC(254)   Other: 0.6ms
[2025-10-30T14:33:48.265+0000][gc,heap       ] GC(254) Eden regions: 26->0(25)
[2025-10-30T14:33:48.265+0000][gc,heap       ] GC(254) Survivor regions: 3->3(4)
[2025-10-30T14:33:48.265+0000][gc,heap       ] GC(254) Old regions: 279->280
[2025-10-30T14:33:48.266+0000][gc,heap       ] GC(254) Humongous regions: 147->147
[2025-10-30T14:33:48.266+0000][gc,metaspace  ] GC(254) Metaspace: 52339K(55984K)->52339K(55984K) NonClass: 46500K(48560K)->46500K(48560K) Class: 5839K(7424K)->5839K(7424K)
[2025-10-30T14:33:48.266+0000][gc            ] GC(254) Pause Young (Normal) (G1 Evacuation Pause) 453M->428M(512M) 14.302ms
[2025-10-30T14:33:48.266+0000][gc,cpu        ] GC(254) User=0.02s Sys=0.00s Real=0.01s
[2025-10-30T14:33:59.835+0000][gc,start      ] GC(255) Pause Young (Normal) (G1 Evacuation Pause)
[2025-10-30T14:33:59.836+0000][gc,task       ] GC(255) Using 2 workers of 2 for evacuation
[2025-10-30T14:33:59.849+0000][gc,phases     ] GC(255)   Pre Evacuate Collection Set: 0.0ms
[2025-10-30T14:33:59.849+0000][gc,phases     ] GC(255)   Evacuate Collection Set: 11.8ms
[2025-10-30T14:33:59.849+0000][gc,phases     ] GC(255)   Post Evacuate Collection Set: 0.7ms
[2025-10-30T14:33:59.849+0000][gc,phases     ] GC(255)   Other: 0.8ms
[2025-10-30T14:33:59.850+0000][gc,heap       ] GC(255) Eden regions: 25->0(25)
[2025-10-30T14:33:59.850+0000][gc,heap       ] GC(255) Survivor regions: 3->3(4)
[2025-10-30T14:33:59.850+0000][gc,heap       ] GC(255) Old regions: 280->281
[2025-10-30T14:33:59.850+0000][gc,heap       ] GC(255) Humongous regions: 147->147
[2025-10-30T14:33:59.850+0000][gc,metaspace  ] GC(255) Metaspace: 52339K(55984K)->52339K(55984K) NonClass: 46500K(48560K)->46500K(48560K) Class: 5839K(7424K)->5839K(7424K)
[2025-10-30T14:33:59.851+0000][gc            ] GC(255) Pause Young (Normal) (G1 Evacuation Pause) 453M->429M(512M) 15.092ms
[2025-10-30T14:33:59.851+0000][gc,cpu        ] GC(255) User=0.02s Sys=0.00s Real=0.02s
[2025-10-30T14:34:11.981+0000][gc,start      ] GC(256) Pause Young (Normal) (G1 Evacuation Pause)
[2025-10-30T14:34:11.981+0000][gc,task       ] GC(256) Using 2 workers of 2 for evacuation
[2025-10-30T14:34:11.994+0000][gc,phases     ] GC(256)   Pre Evacuate Collection Set: 0.0ms
[2025-10-30T14:34:11.994+0000][gc,phases     ] GC(256)   Evacuate Collection Set: 11.1ms
[2025-10-30T14:34:11.994+0000][gc,phases     ] GC(256)   Post Evacuate Collection Set: 0.9ms
[2025-10-30T14:34:11.995+0000][gc,phases     ] GC(256)   Other: 0.7ms
[2025-10-30T14:34:11.995+0000][gc,heap       ] GC(256) Eden regions: 25->0(25)
[2025-10-30T14:34:11.995+0000][gc,heap       ] GC(256) Survivor regions: 3->2(4)
[2025-10-30T14:34:11.995+0000][gc,heap       ] GC(256) Old regions: 281->281
[2025-10-30T14:34:11.995+0000][gc,heap       ] GC(256) Humongous regions: 147->147
[2025-10-30T14:34:11.995+0000][gc,metaspace  ] GC(256) Metaspace: 52339K(55984K)->52339K(55984K) NonClass: 46500K(48560K)->46500K(48560K) Class: 5839K(7424K)->5839K(7424K)
[2025-10-30T14:34:11.996+0000][gc            ] GC(256) Pause Young (Normal) (G1 Evacuation Pause) 454M->429M(512M) 14.418ms
[2025-10-30T14:34:11.996+0000][gc,cpu        ] GC(256) User=0.02s Sys=0.00s Real=0.01s
[2025-10-30T14:34:23.607+0000][gc,start      ] GC(257) Pause Young (Normal) (G1 Evacuation Pause)
[2025-10-30T14:34:23.607+0000][gc,task       ] GC(257) Using 2 workers of 2 for evacuation
[2025-10-30T14:34:23.618+0000][gc,phases     ] GC(257)   Pre Evacuate Collection Set: 0.0ms
[2025-10-30T14:34:23.619+0000][gc,phases     ] GC(257)   Evacuate Collection Set: 10.5ms
[2025-10-30T14:34:23.619+0000][gc,phases     ] GC(257)   Post Evacuate Collection Set: 0.7ms
[2025-10-30T14:34:23.619+0000][gc,phases     ] GC(257)   Other: 0.6ms
[2025-10-30T14:34:23.619+0000][gc,heap       ] GC(257) Eden regions: 25->0(25)
[2025-10-30T14:34:23.619+0000][gc,heap       ] GC(257) Survivor regions: 2->3(4)
[2025-10-30T14:34:23.620+0000][gc,heap       ] GC(257) Old regions: 281->281
[2025-10-30T14:34:23.620+0000][gc,heap       ] GC(257) Humongous regions: 147->147
[2025-10-30T14:34:23.620+0000][gc,metaspace  ] GC(257) Metaspace: 52339K(55984K)->52339K(55984K) NonClass: 46500K(48560K)->46500K(48560K) Class: 5839K(7424K)->5839K(7424K)
[2025-10-30T14:34:23.620+0000][gc            ] GC(257) Pause Young (Normal) (G1 Evacuation Pause) 454M->430M(512M) 13.350ms
[2025-10-30T14:34:23.620+0000][gc,cpu        ] GC(257) User=0.02s Sys=0.00s Real=0.02s
[2025-10-30T14:34:34.667+0000][gc,start      ] GC(258) Pause Young (Normal) (G1 Evacuation Pause)
[2025-10-30T14:34:34.667+0000][gc,task       ] GC(258) Using 2 workers of 2 for evacuation
[2025-10-30T14:34:34.679+0000][gc,phases     ] GC(258)   Pre Evacuate Collection Set: 0.0ms
[2025-10-30T14:34:34.680+0000][gc,phases     ] GC(258)   Evacuate Collection Set: 11.0ms
[2025-10-30T14:34:34.680+0000][gc,phases     ] GC(258)   Post Evacuate Collection Set: 0.7ms
[2025-10-30T14:34:34.680+0000][gc,phases     ] GC(258)   Other: 0.6ms
[2025-10-30T14:34:34.680+0000][gc,heap       ] GC(258) Eden regions: 25->0(24)
[2025-10-30T14:34:34.680+0000][gc,heap       ] GC(258) Survivor regions: 3->3(4)
[2025-10-30T14:34:34.680+0000][gc,heap       ] GC(258) Old regions: 281->282
[2025-10-30T14:34:34.681+0000][gc,heap       ] GC(258) Humongous regions: 147->147
[2025-10-30T14:34:34.681+0000][gc,metaspace  ] GC(258) Metaspace: 52339K(55984K)->52339K(55984K) NonClass: 46500K(48560K)->46500K(48560K) Class: 5839K(7424K)->5839K(7424K)
[2025-10-30T14:34:34.681+0000][gc            ] GC(258) Pause Young (Normal) (G1 Evacuation Pause) 455M->431M(512M) 13.736ms
[2025-10-30T14:34:34.681+0000][gc,cpu        ] GC(258) User=0.02s Sys=0.00s Real=0.02s
[2025-10-30T14:34:45.503+0000][gc,start      ] GC(259) Pause Young (Normal) (G1 Evacuation Pause)
[2025-10-30T14:34:45.503+0000][gc,task       ] GC(259) Using 2 workers of 2 for evacuation
[2025-10-30T14:34:45.514+0000][gc,phases     ] GC(259)   Pre Evacuate Collection Set: 0.0ms
[2025-10-30T14:34:45.514+0000][gc,phases     ] GC(259)   Evacuate Collection Set: 10.1ms
[2025-10-30T14:34:45.514+0000][gc,phases     ] GC(259)   Post Evacuate Collection Set: 0.6ms
[2025-10-30T14:34:45.514+0000][gc,phases     ] GC(259)   Other: 0.5ms
[2025-10-30T14:34:45.514+0000][gc,heap       ] GC(259) Eden regions: 24->0(24)
[2025-10-30T14:34:45.515+0000][gc,heap       ] GC(259) Survivor regions: 3->3(4)
[2025-10-30T14:34:45.515+0000][gc,heap       ] GC(259) Old regions: 282->283
[2025-10-30T14:34:45.515+0000][gc,heap       ] GC(259) Humongous regions: 147->147
[2025-10-30T14:34:45.515+0000][gc,metaspace  ] GC(259) Metaspace: 52339K(55984K)->52339K(55984K) NonClass: 46500K(48560K)->46500K(48560K) Class: 5839K(7424K)->5839K(7424K)
[2025-10-30T14:34:45.515+0000][gc            ] GC(259) Pause Young (Normal) (G1 Evacuation Pause) 455M->432M(512M) 12.598ms
[2025-10-30T14:34:45.515+0000][gc,cpu        ] GC(259) User=0.02s Sys=0.00s Real=0.01s
[2025-10-30T14:34:55.963+0000][gc,start      ] GC(260) Pause Young (Normal) (G1 Evacuation Pause)
[2025-10-30T14:34:55.963+0000][gc,task       ] GC(260) Using 2 workers of 2 for evacuation
[2025-10-30T14:34:55.978+0000][gc,phases     ] GC(260)   Pre Evacuate Collection Set: 0.0ms
[2025-10-30T14:34:55.978+0000][gc,phases     ] GC(260)   Evacuate Collection Set: 13.1ms
[2025-10-30T14:34:55.978+0000][gc,phases     ] GC(260)   Post Evacuate Collection Set: 0.8ms
[2025-10-30T14:34:55.978+0000][gc,phases     ] GC(260)   Other: 1.1ms
[2025-10-30T14:34:55.978+0000][gc,heap       ] GC(260) Eden regions: 24->0(23)
[2025-10-30T14:34:55.979+0000][gc,heap       ] GC(260) Survivor regions: 3->3(4)
[2025-10-30T14:34:55.979+0000][gc,heap       ] GC(260) Old regions: 283->284
[2025-10-30T14:34:55.979+0000][gc,heap       ] GC(260) Humongous regions: 147->147
[2025-10-30T14:34:55.979+0000][gc,metaspace  ] GC(260) Metaspace: 52339K(55984K)->52339K(55984K) NonClass: 46500K(48560K)->46500K(48560K) Class: 5839K(7424K)->5839K(7424K)
[2025-10-30T14:34:55.979+0000][gc            ] GC(260) Pause Young (Normal) (G1 Evacuation Pause) 456M->433M(512M) 16.620ms
[2025-10-30T14:34:55.979+0000][gc,cpu        ] GC(260) User=0.03s Sys=0.00s Real=0.02s
[2025-10-30T14:35:05.695+0000][gc,start      ] GC(261) Pause Young (Normal) (G1 Evacuation Pause)
[2025-10-30T14:35:05.695+0000][gc,task       ] GC(261) Using 2 workers of 2 for evacuation
[2025-10-30T14:35:05.706+0000][gc,phases     ] GC(261)   Pre Evacuate Collection Set: 0.0ms
[2025-10-30T14:35:05.706+0000][gc,phases     ] GC(261)   Evacuate Collection Set: 9.3ms
[2025-10-30T14:35:05.706+0000][gc,phases     ] GC(261)   Post Evacuate Collection Set: 0.8ms
[2025-10-30T14:35:05.706+0000][gc,phases     ] GC(261)   Other: 0.8ms
[2025-10-30T14:35:05.707+0000][gc,heap       ] GC(261) Eden regions: 23->0(22)
[2025-10-30T14:35:05.707+0000][gc,heap       ] GC(261) Survivor regions: 3->3(4)
[2025-10-30T14:35:05.707+0000][gc,heap       ] GC(261) Old regions: 284->285
[2025-10-30T14:35:05.707+0000][gc,heap       ] GC(261) Humongous regions: 147->147
[2025-10-30T14:35:05.707+0000][gc,metaspace  ] GC(261) Metaspace: 52339K(55984K)->52339K(55984K) NonClass: 46500K(48560K)->46500K(48560K) Class: 5839K(7424K)->5839K(7424K)
[2025-10-30T14:35:05.707+0000][gc            ] GC(261) Pause Young (Normal) (G1 Evacuation Pause) 456M->433M(512M) 12.315ms
[2025-10-30T14:35:05.708+0000][gc,cpu        ] GC(261) User=0.02s Sys=0.00s Real=0.01s
[2025-10-30T14:35:16.162+0000][gc,start      ] GC(262) Pause Young (Normal) (G1 Evacuation Pause)
[2025-10-30T14:35:16.162+0000][gc,task       ] GC(262) Using 2 workers of 2 for evacuation
[2025-10-30T14:35:16.172+0000][gc,phases     ] GC(262)   Pre Evacuate Collection Set: 0.0ms
[2025-10-30T14:35:16.172+0000][gc,phases     ] GC(262)   Evacuate Collection Set: 9.2ms
[2025-10-30T14:35:16.173+0000][gc,phases     ] GC(262)   Post Evacuate Collection Set: 0.6ms
[2025-10-30T14:35:16.173+0000][gc,phases     ] GC(262)   Other: 0.6ms
[2025-10-30T14:35:16.173+0000][gc,heap       ] GC(262) Eden regions: 22->0(22)
[2025-10-30T14:35:16.173+0000][gc,heap       ] GC(262) Survivor regions: 3->3(4)
[2025-10-30T14:35:16.173+0000][gc,heap       ] GC(262) Old regions: 285->286
[2025-10-30T14:35:16.173+0000][gc,heap       ] GC(262) Humongous regions: 147->147
[2025-10-30T14:35:16.173+0000][gc,metaspace  ] GC(262) Metaspace: 52339K(55984K)->52339K(55984K) NonClass: 46500K(48560K)->46500K(48560K) Class: 5839K(7424K)->5839K(7424K)
[2025-10-30T14:35:16.173+0000][gc            ] GC(262) Pause Young (Normal) (G1 Evacuation Pause) 455M->434M(512M) 11.697ms
[2025-10-30T14:35:16.174+0000][gc,cpu        ] GC(262) User=0.02s Sys=0.00s Real=0.01s
[2025-10-30T14:35:25.763+0000][gc,start      ] GC(263) Pause Young (Normal) (G1 Evacuation Pause)
[2025-10-30T14:35:25.763+0000][gc,task       ] GC(263) Using 2 workers of 2 for evacuation
[2025-10-30T14:35:25.773+0000][gc,phases     ] GC(263)   Pre Evacuate Collection Set: 0.0ms
[2025-10-30T14:35:25.773+0000][gc,phases     ] GC(263)   Evacuate Collection Set: 8.5ms
[2025-10-30T14:35:25.773+0000][gc,phases     ] GC(263)   Post Evacuate Collection Set: 0.6ms
[2025-10-30T14:35:25.773+0000][gc,phases     ] GC(263)   Other: 0.9ms
[2025-10-30T14:35:25.773+0000][gc,heap       ] GC(263) Eden regions: 22->0(23)
[2025-10-30T14:35:25.773+0000][gc,heap       ] GC(263) Survivor regions: 3->2(4)
[2025-10-30T14:35:25.774+0000][gc,heap       ] GC(263) Old regions: 286->286
[2025-10-30T14:35:25.774+0000][gc,heap       ] GC(263) Humongous regions: 147->147
[2025-10-30T14:35:25.774+0000][gc,metaspace  ] GC(263) Metaspace: 52339K(55984K)->52339K(55984K) NonClass: 46500K(48560K)->46500K(48560K) Class: 5839K(7424K)->5839K(7424K)
[2025-10-30T14:35:25.774+0000][gc            ] GC(263) Pause Young (Normal) (G1 Evacuation Pause) 456M->434M(512M) 11.281ms
[2025-10-30T14:35:25.774+0000][gc,cpu        ] GC(263) User=0.02s Sys=0.00s Real=0.01s
[2025-10-30T14:35:36.459+0000][gc,start      ] GC(264) Pause Young (Normal) (G1 Evacuation Pause)
[2025-10-30T14:35:36.459+0000][gc,task       ] GC(264) Using 2 workers of 2 for evacuation
[2025-10-30T14:35:36.468+0000][gc,phases     ] GC(264)   Pre Evacuate Collection Set: 0.0ms
[2025-10-30T14:35:36.468+0000][gc,phases     ] GC(264)   Evacuate Collection Set: 8.5ms
[2025-10-30T14:35:36.469+0000][gc,phases     ] GC(264)   Post Evacuate Collection Set: 0.6ms
[2025-10-30T14:35:36.469+0000][gc,phases     ] GC(264)   Other: 0.5ms
[2025-10-30T14:35:36.469+0000][gc,heap       ] GC(264) Eden regions: 23->0(22)
[2025-10-30T14:35:36.469+0000][gc,heap       ] GC(264) Survivor regions: 2->3(4)
[2025-10-30T14:35:36.469+0000][gc,heap       ] GC(264) Old regions: 286->286
[2025-10-30T14:35:36.469+0000][gc,heap       ] GC(264) Humongous regions: 147->147
[2025-10-30T14:35:36.469+0000][gc,metaspace  ] GC(264) Metaspace: 52339K(55984K)->52339K(55984K) NonClass: 46500K(48560K)->46500K(48560K) Class: 5839K(7424K)->5839K(7424K)
[2025-10-30T14:35:36.469+0000][gc            ] GC(264) Pause Young (Normal) (G1 Evacuation Pause) 457M->435M(512M) 10.876ms
[2025-10-30T14:35:36.470+0000][gc,cpu        ] GC(264) User=0.02s Sys=0.00s Real=0.01s
[2025-10-30T14:35:46.910+0000][gc,start      ] GC(265) Pause Young (Normal) (G1 Evacuation Pause)
[2025-10-30T14:35:46.910+0000][gc,task       ] GC(265) Using 2 workers of 2 for evacuation
[2025-10-30T14:35:46.920+0000][gc,phases     ] GC(265)   Pre Evacuate Collection Set: 0.0ms
[2025-10-30T14:35:46.920+0000][gc,phases     ] GC(265)   Evacuate Collection Set: 9.4ms
[2025-10-30T14:35:46.920+0000][gc,phases     ] GC(265)   Post Evacuate Collection Set: 0.6ms
[2025-10-30T14:35:46.921+0000][gc,phases     ] GC(265)   Other: 0.5ms
[2025-10-30T14:35:46.921+0000][gc,heap       ] GC(265) Eden regions: 22->0(22)
[2025-10-30T14:35:46.921+0000][gc,heap       ] GC(265) Survivor regions: 3->3(4)
[2025-10-30T14:35:46.921+0000][gc,heap       ] GC(265) Old regions: 286->287
[2025-10-30T14:35:46.921+0000][gc,heap       ] GC(265) Humongous regions: 147->147
[2025-10-30T14:35:46.921+0000][gc,metaspace  ] GC(265) Metaspace: 52339K(55984K)->52339K(55984K) NonClass: 46500K(48560K)->46500K(48560K) Class: 5839K(7424K)->5839K(7424K)
[2025-10-30T14:35:46.921+0000][gc            ] GC(265) Pause Young (Normal) (G1 Evacuation Pause) 457M->436M(512M) 11.692ms
[2025-10-30T14:35:46.921+0000][gc,cpu        ] GC(265) User=0.02s Sys=0.00s Real=0.01s
[2025-10-30T14:35:57.369+0000][gc,start      ] GC(266) Pause Young (Normal) (G1 Evacuation Pause)
[2025-10-30T14:35:57.370+0000][gc,task       ] GC(266) Using 2 workers of 2 for evacuation
[2025-10-30T14:35:57.381+0000][gc,phases     ] GC(266)   Pre Evacuate Collection Set: 0.0ms
[2025-10-30T14:35:57.381+0000][gc,phases     ] GC(266)   Evacuate Collection Set: 10.0ms
[2025-10-30T14:35:57.381+0000][gc,phases     ] GC(266)   Post Evacuate Collection Set: 0.7ms
[2025-10-30T14:35:57.381+0000][gc,phases     ] GC(266)   Other: 0.5ms
[2025-10-30T14:35:57.381+0000][gc,heap       ] GC(266) Eden regions: 22->0(22)
[2025-10-30T14:35:57.381+0000][gc,heap       ] GC(266) Survivor regions: 3->3(4)
[2025-10-30T14:35:57.382+0000][gc,heap       ] GC(266) Old regions: 287->288
[2025-10-30T14:35:57.382+0000][gc,heap       ] GC(266) Humongous regions: 147->147
[2025-10-30T14:35:57.382+0000][gc,metaspace  ] GC(266) Metaspace: 52339K(55984K)->52339K(55984K) NonClass: 46500K(48560K)->46500K(48560K) Class: 5839K(7424K)->5839K(7424K)
[2025-10-30T14:35:57.382+0000][gc            ] GC(266) Pause Young (Normal) (G1 Evacuation Pause) 458M->436M(512M) 12.786ms
[2025-10-30T14:35:57.382+0000][gc,cpu        ] GC(266) User=0.02s Sys=0.00s Real=0.01s
[2025-10-30T14:36:07.229+0000][gc,start      ] GC(267) Pause Young (Normal) (G1 Evacuation Pause)
[2025-10-30T14:36:07.229+0000][gc,task       ] GC(267) Using 2 workers of 2 for evacuation
[2025-10-30T14:36:07.241+0000][gc,phases     ] GC(267)   Pre Evacuate Collection Set: 0.0ms
[2025-10-30T14:36:07.241+0000][gc,phases     ] GC(267)   Evacuate Collection Set: 10.9ms
[2025-10-30T14:36:07.242+0000][gc,phases     ] GC(267)   Post Evacuate Collection Set: 0.6ms
[2025-10-30T14:36:07.242+0000][gc,phases     ] GC(267)   Other: 1.0ms
[2025-10-30T14:36:07.242+0000][gc,heap       ] GC(267) Eden regions: 22->0(22)
[2025-10-30T14:36:07.242+0000][gc,heap       ] GC(267) Survivor regions: 3->3(4)
[2025-10-30T14:36:07.242+0000][gc,heap       ] GC(267) Old regions: 288->289
[2025-10-30T14:36:07.242+0000][gc,heap       ] GC(267) Humongous regions: 147->147
[2025-10-30T14:36:07.242+0000][gc,metaspace  ] GC(267) Metaspace: 52339K(55984K)->52339K(55984K) NonClass: 46500K(48560K)->46500K(48560K) Class: 5839K(7424K)->5839K(7424K)
[2025-10-30T14:36:07.243+0000][gc            ] GC(267) Pause Young (Normal) (G1 Evacuation Pause) 458M->437M(512M) 14.027ms
[2025-10-30T14:36:07.243+0000][gc,cpu        ] GC(267) User=0.03s Sys=0.00s Real=0.01s
[2025-10-30T14:36:17.739+0000][gc,start      ] GC(268) Pause Young (Normal) (G1 Evacuation Pause)
[2025-10-30T14:36:17.739+0000][gc,task       ] GC(268) Using 2 workers of 2 for evacuation
[2025-10-30T14:36:17.768+0000][gc,mmu        ] GC(268) MMU target violated: 21.0ms (20.0ms/21.0ms)
[2025-10-30T14:36:17.769+0000][gc,phases     ] GC(268)   Pre Evacuate Collection Set: 0.0ms
[2025-10-30T14:36:17.769+0000][gc,phases     ] GC(268)   Evacuate Collection Set: 28.0ms
[2025-10-30T14:36:17.769+0000][gc,phases     ] GC(268)   Post Evacuate Collection Set: 1.1ms
[2025-10-30T14:36:17.770+0000][gc,phases     ] GC(268)   Other: 1.2ms
[2025-10-30T14:36:17.770+0000][gc,heap       ] GC(268) Eden regions: 22->0(22)
[2025-10-30T14:36:17.770+0000][gc,heap       ] GC(268) Survivor regions: 3->3(4)
[2025-10-30T14:36:17.771+0000][gc,heap       ] GC(268) Old regions: 289->289
[2025-10-30T14:36:17.771+0000][gc,heap       ] GC(268) Humongous regions: 147->147
[2025-10-30T14:36:17.771+0000][gc,metaspace  ] GC(268) Metaspace: 52339K(55984K)->52339K(55984K) NonClass: 46500K(48560K)->46500K(48560K) Class: 5839K(7424K)->5839K(7424K)
[2025-10-30T14:36:17.772+0000][gc            ] GC(268) Pause Young (Normal) (G1 Evacuation Pause) 459M->438M(512M) 33.128ms
[2025-10-30T14:36:17.772+0000][gc,cpu        ] GC(268) User=0.06s Sys=0.00s Real=0.03s
[2025-10-30T14:36:28.271+0000][gc,start      ] GC(269) Pause Young (Normal) (G1 Evacuation Pause)
[2025-10-30T14:36:28.271+0000][gc,task       ] GC(269) Using 2 workers of 2 for evacuation
[2025-10-30T14:36:28.282+0000][gc,phases     ] GC(269)   Pre Evacuate Collection Set: 0.0ms
[2025-10-30T14:36:28.282+0000][gc,phases     ] GC(269)   Evacuate Collection Set: 9.7ms
[2025-10-30T14:36:28.283+0000][gc,phases     ] GC(269)   Post Evacuate Collection Set: 0.8ms
[2025-10-30T14:36:28.283+0000][gc,phases     ] GC(269)   Other: 0.8ms
[2025-10-30T14:36:28.283+0000][gc,heap       ] GC(269) Eden regions: 22->0(22)
[2025-10-30T14:36:28.283+0000][gc,heap       ] GC(269) Survivor regions: 3->3(4)
[2025-10-30T14:36:28.283+0000][gc,heap       ] GC(269) Old regions: 289->290
[2025-10-30T14:36:28.284+0000][gc,heap       ] GC(269) Humongous regions: 147->147
[2025-10-30T14:36:28.284+0000][gc,metaspace  ] GC(269) Metaspace: 52339K(55984K)->52339K(55984K) NonClass: 46500K(48560K)->46500K(48560K) Class: 5839K(7424K)->5839K(7424K)
[2025-10-30T14:36:28.284+0000][gc            ] GC(269) Pause Young (Normal) (G1 Evacuation Pause) 460M->438M(512M) 12.898ms
[2025-10-30T14:36:28.284+0000][gc,cpu        ] GC(269) User=0.02s Sys=0.00s Real=0.01s
[2025-10-30T14:36:39.003+0000][gc,start      ] GC(270) Pause Young (Normal) (G1 Evacuation Pause)
[2025-10-30T14:36:39.004+0000][gc,task       ] GC(270) Using 2 workers of 2 for evacuation
[2025-10-30T14:36:39.014+0000][gc,phases     ] GC(270)   Pre Evacuate Collection Set: 0.0ms
[2025-10-30T14:36:39.014+0000][gc,phases     ] GC(270)   Evacuate Collection Set: 9.2ms
[2025-10-30T14:36:39.014+0000][gc,phases     ] GC(270)   Post Evacuate Collection Set: 0.8ms
[2025-10-30T14:36:39.014+0000][gc,phases     ] GC(270)   Other: 0.7ms
[2025-10-30T14:36:39.015+0000][gc,heap       ] GC(270) Eden regions: 22->0(23)
[2025-10-30T14:36:39.015+0000][gc,heap       ] GC(270) Survivor regions: 3->2(4)
[2025-10-30T14:36:39.015+0000][gc,heap       ] GC(270) Old regions: 290->291
[2025-10-30T14:36:39.016+0000][gc,heap       ] GC(270) Humongous regions: 147->147
[2025-10-30T14:36:39.016+0000][gc,metaspace  ] GC(270) Metaspace: 52339K(55984K)->52339K(55984K) NonClass: 46500K(48560K)->46500K(48560K) Class: 5839K(7424K)->5839K(7424K)
[2025-10-30T14:36:39.016+0000][gc            ] GC(270) Pause Young (Normal) (G1 Evacuation Pause) 460M->439M(512M) 12.624ms
[2025-10-30T14:36:39.016+0000][gc,cpu        ] GC(270) User=0.02s Sys=0.00s Real=0.01s
[2025-10-30T14:36:49.753+0000][gc,start      ] GC(271) Pause Young (Normal) (G1 Evacuation Pause)
[2025-10-30T14:36:49.753+0000][gc,task       ] GC(271) Using 2 workers of 2 for evacuation
[2025-10-30T14:36:49.763+0000][gc,phases     ] GC(271)   Pre Evacuate Collection Set: 0.0ms
[2025-10-30T14:36:49.763+0000][gc,phases     ] GC(271)   Evacuate Collection Set: 8.3ms
[2025-10-30T14:36:49.763+0000][gc,phases     ] GC(271)   Post Evacuate Collection Set: 0.6ms
[2025-10-30T14:36:49.763+0000][gc,phases     ] GC(271)   Other: 1.4ms
[2025-10-30T14:36:49.764+0000][gc,heap       ] GC(271) Eden regions: 23->0(22)
[2025-10-30T14:36:49.764+0000][gc,heap       ] GC(271) Survivor regions: 2->3(4)
[2025-10-30T14:36:49.764+0000][gc,heap       ] GC(271) Old regions: 291->291
[2025-10-30T14:36:49.764+0000][gc,heap       ] GC(271) Humongous regions: 147->147
[2025-10-30T14:36:49.764+0000][gc,metaspace  ] GC(271) Metaspace: 52339K(55984K)->52339K(55984K) NonClass: 46500K(48560K)->46500K(48560K) Class: 5839K(7424K)->5839K(7424K)
[2025-10-30T14:36:49.765+0000][gc            ] GC(271) Pause Young (Normal) (G1 Evacuation Pause) 462M->439M(512M) 11.930ms
[2025-10-30T14:36:49.765+0000][gc,cpu        ] GC(271) User=0.02s Sys=0.00s Real=0.01s
[2025-10-30T14:36:59.946+0000][gc,start      ] GC(272) Pause Young (Normal) (G1 Evacuation Pause)
[2025-10-30T14:36:59.947+0000][gc,task       ] GC(272) Using 2 workers of 2 for evacuation
[2025-10-30T14:36:59.959+0000][gc,phases     ] GC(272)   Pre Evacuate Collection Set: 0.0ms
[2025-10-30T14:36:59.959+0000][gc,phases     ] GC(272)   Evacuate Collection Set: 10.7ms
[2025-10-30T14:36:59.959+0000][gc,phases     ] GC(272)   Post Evacuate Collection Set: 0.7ms
[2025-10-30T14:36:59.959+0000][gc,phases     ] GC(272)   Other: 0.8ms
[2025-10-30T14:36:59.959+0000][gc,heap       ] GC(272) Eden regions: 22->0(22)
[2025-10-30T14:36:59.959+0000][gc,heap       ] GC(272) Survivor regions: 3->3(4)
[2025-10-30T14:36:59.960+0000][gc,heap       ] GC(272) Old regions: 291->291
[2025-10-30T14:36:59.960+0000][gc,heap       ] GC(272) Humongous regions: 147->147
[2025-10-30T14:36:59.960+0000][gc,metaspace  ] GC(272) Metaspace: 52339K(55984K)->52339K(55984K) NonClass: 46500K(48560K)->46500K(48560K) Class: 5839K(7424K)->5839K(7424K)
[2025-10-30T14:36:59.960+0000][gc            ] GC(272) Pause Young (Normal) (G1 Evacuation Pause) 461M->440M(512M) 13.513ms
[2025-10-30T14:36:59.960+0000][gc,cpu        ] GC(272) User=0.02s Sys=0.00s Real=0.02s
[2025-10-30T14:37:08.503+0000][gc,start      ] GC(273) Pause Young (Normal) (G1 Evacuation Pause)
[2025-10-30T14:37:08.505+0000][gc,task       ] GC(273) Using 2 workers of 2 for evacuation
[2025-10-30T14:37:08.517+0000][gc,phases     ] GC(273)   Pre Evacuate Collection Set: 0.0ms
[2025-10-30T14:37:08.517+0000][gc,phases     ] GC(273)   Evacuate Collection Set: 10.8ms
[2025-10-30T14:37:08.517+0000][gc,phases     ] GC(273)   Post Evacuate Collection Set: 0.5ms
[2025-10-30T14:37:08.517+0000][gc,phases     ] GC(273)   Other: 2.4ms
[2025-10-30T14:37:08.517+0000][gc,heap       ] GC(273) Eden regions: 22->0(22)
[2025-10-30T14:37:08.518+0000][gc,heap       ] GC(273) Survivor regions: 3->3(4)
[2025-10-30T14:37:08.518+0000][gc,heap       ] GC(273) Old regions: 291->292
[2025-10-30T14:37:08.518+0000][gc,heap       ] GC(273) Humongous regions: 147->147
[2025-10-30T14:37:08.518+0000][gc,metaspace  ] GC(273) Metaspace: 52344K(55984K)->52344K(55984K) NonClass: 46505K(48560K)->46505K(48560K) Class: 5839K(7424K)->5839K(7424K)
[2025-10-30T14:37:08.518+0000][gc            ] GC(273) Pause Young (Normal) (G1 Evacuation Pause) 462M->441M(512M) 15.208ms
[2025-10-30T14:37:08.518+0000][gc,cpu        ] GC(273) User=0.02s Sys=0.00s Real=0.02s
[2025-10-30T14:37:11.109+0000][gc,start      ] GC(274) Pause Young (Normal) (G1 Evacuation Pause)
[2025-10-30T14:37:11.109+0000][gc,task       ] GC(274) Using 2 workers of 2 for evacuation
[2025-10-30T14:37:11.121+0000][gc,phases     ] GC(274)   Pre Evacuate Collection Set: 0.0ms
[2025-10-30T14:37:11.122+0000][gc,phases     ] GC(274)   Evacuate Collection Set: 10.8ms
[2025-10-30T14:37:11.122+0000][gc,phases     ] GC(274)   Post Evacuate Collection Set: 1.0ms
[2025-10-30T14:37:11.122+0000][gc,phases     ] GC(274)   Other: 0.8ms
[2025-10-30T14:37:11.122+0000][gc,heap       ] GC(274) Eden regions: 22->0(23)
[2025-10-30T14:37:11.123+0000][gc,heap       ] GC(274) Survivor regions: 3->2(4)
[2025-10-30T14:37:11.123+0000][gc,heap       ] GC(274) Old regions: 292->293
[2025-10-30T14:37:11.123+0000][gc,heap       ] GC(274) Humongous regions: 147->147
[2025-10-30T14:37:11.123+0000][gc,metaspace  ] GC(274) Metaspace: 52346K(55984K)->52346K(55984K) NonClass: 46507K(48560K)->46507K(48560K) Class: 5839K(7424K)->5839K(7424K)
[2025-10-30T14:37:11.123+0000][gc            ] GC(274) Pause Young (Normal) (G1 Evacuation Pause) 463M->441M(512M) 14.604ms
[2025-10-30T14:37:11.124+0000][gc,cpu        ] GC(274) User=0.03s Sys=0.00s Real=0.01s
[2025-10-30T14:37:13.925+0000][gc,start      ] GC(275) Pause Young (Normal) (G1 Evacuation Pause)
[2025-10-30T14:37:13.926+0000][gc,task       ] GC(275) Using 2 workers of 2 for evacuation
[2025-10-30T14:37:13.934+0000][gc,phases     ] GC(275)   Pre Evacuate Collection Set: 0.0ms
[2025-10-30T14:37:13.935+0000][gc,phases     ] GC(275)   Evacuate Collection Set: 8.0ms
[2025-10-30T14:37:13.935+0000][gc,phases     ] GC(275)   Post Evacuate Collection Set: 0.6ms
[2025-10-30T14:37:13.935+0000][gc,phases     ] GC(275)   Other: 0.5ms
[2025-10-30T14:37:13.935+0000][gc,heap       ] GC(275) Eden regions: 23->0(22)
[2025-10-30T14:37:13.935+0000][gc,heap       ] GC(275) Survivor regions: 2->3(4)
[2025-10-30T14:37:13.936+0000][gc,heap       ] GC(275) Old regions: 293->293
[2025-10-30T14:37:13.936+0000][gc,heap       ] GC(275) Humongous regions: 147->147
[2025-10-30T14:37:13.936+0000][gc,metaspace  ] GC(275) Metaspace: 52346K(55984K)->52346K(55984K) NonClass: 46507K(48560K)->46507K(48560K) Class: 5839K(7424K)->5839K(7424K)
[2025-10-30T14:37:13.936+0000][gc            ] GC(275) Pause Young (Normal) (G1 Evacuation Pause) 464M->442M(512M) 10.599ms
[2025-10-30T14:37:13.936+0000][gc,cpu        ] GC(275) User=0.02s Sys=0.00s Real=0.01s
[2025-10-30T14:37:16.909+0000][gc,start      ] GC(276) Pause Young (Normal) (G1 Evacuation Pause)
[2025-10-30T14:37:16.909+0000][gc,task       ] GC(276) Using 2 workers of 2 for evacuation
[2025-10-30T14:37:16.919+0000][gc,phases     ] GC(276)   Pre Evacuate Collection Set: 0.0ms
[2025-10-30T14:37:16.919+0000][gc,phases     ] GC(276)   Evacuate Collection Set: 8.7ms
[2025-10-30T14:37:16.919+0000][gc,phases     ] GC(276)   Post Evacuate Collection Set: 0.6ms
[2025-10-30T14:37:16.919+0000][gc,phases     ] GC(276)   Other: 0.4ms
[2025-10-30T14:37:16.920+0000][gc,heap       ] GC(276) Eden regions: 22->0(23)
[2025-10-30T14:37:16.920+0000][gc,heap       ] GC(276) Survivor regions: 3->2(4)
[2025-10-30T14:37:16.920+0000][gc,heap       ] GC(276) Old regions: 293->294
[2025-10-30T14:37:16.920+0000][gc,heap       ] GC(276) Humongous regions: 147->147
[2025-10-30T14:37:16.920+0000][gc,metaspace  ] GC(276) Metaspace: 52346K(55984K)->52346K(55984K) NonClass: 46507K(48560K)->46507K(48560K) Class: 5839K(7424K)->5839K(7424K)
[2025-10-30T14:37:16.920+0000][gc            ] GC(276) Pause Young (Normal) (G1 Evacuation Pause) 464M->442M(512M) 11.065ms
[2025-10-30T14:37:16.920+0000][gc,cpu        ] GC(276) User=0.02s Sys=0.00s Real=0.01s
[2025-10-30T14:37:20.084+0000][gc,start      ] GC(277) Pause Young (Normal) (G1 Evacuation Pause)
[2025-10-30T14:37:20.085+0000][gc,task       ] GC(277) Using 2 workers of 2 for evacuation
[2025-10-30T14:37:20.094+0000][gc,phases     ] GC(277)   Pre Evacuate Collection Set: 0.0ms
[2025-10-30T14:37:20.094+0000][gc,phases     ] GC(277)   Evacuate Collection Set: 8.1ms
[2025-10-30T14:37:20.094+0000][gc,phases     ] GC(277)   Post Evacuate Collection Set: 0.5ms
[2025-10-30T14:37:20.094+0000][gc,phases     ] GC(277)   Other: 0.5ms
[2025-10-30T14:37:20.094+0000][gc,heap       ] GC(277) Eden regions: 23->0(22)
[2025-10-30T14:37:20.094+0000][gc,heap       ] GC(277) Survivor regions: 2->3(4)
[2025-10-30T14:37:20.094+0000][gc,heap       ] GC(277) Old regions: 294->294
[2025-10-30T14:37:20.095+0000][gc,heap       ] GC(277) Humongous regions: 147->147
[2025-10-30T14:37:20.095+0000][gc,metaspace  ] GC(277) Metaspace: 52346K(55984K)->52346K(55984K) NonClass: 46507K(48560K)->46507K(48560K) Class: 5839K(7424K)->5839K(7424K)
[2025-10-30T14:37:20.095+0000][gc            ] GC(277) Pause Young (Normal) (G1 Evacuation Pause) 465M->442M(512M) 10.432ms
[2025-10-30T14:37:20.095+0000][gc,cpu        ] GC(277) User=0.01s Sys=0.00s Real=0.01s
[2025-10-30T14:37:26.717+0000][gc,start      ] GC(278) Pause Young (Normal) (G1 Evacuation Pause)
[2025-10-30T14:37:26.718+0000][gc,task       ] GC(278) Using 2 workers of 2 for evacuation
[2025-10-30T14:37:26.728+0000][gc,phases     ] GC(278)   Pre Evacuate Collection Set: 0.0ms
[2025-10-30T14:37:26.728+0000][gc,phases     ] GC(278)   Evacuate Collection Set: 9.5ms
[2025-10-30T14:37:26.728+0000][gc,phases     ] GC(278)   Post Evacuate Collection Set: 0.6ms
[2025-10-30T14:37:26.728+0000][gc,phases     ] GC(278)   Other: 0.6ms
[2025-10-30T14:37:26.729+0000][gc,heap       ] GC(278) Eden regions: 22->0(23)
[2025-10-30T14:37:26.729+0000][gc,heap       ] GC(278) Survivor regions: 3->2(4)
[2025-10-30T14:37:26.729+0000][gc,heap       ] GC(278) Old regions: 294->295
[2025-10-30T14:37:26.729+0000][gc,heap       ] GC(278) Humongous regions: 147->147
[2025-10-30T14:37:26.729+0000][gc,metaspace  ] GC(278) Metaspace: 52347K(55984K)->52347K(55984K) NonClass: 46508K(48560K)->46508K(48560K) Class: 5839K(7424K)->5839K(7424K)
[2025-10-30T14:37:26.729+0000][gc            ] GC(278) Pause Young (Normal) (G1 Evacuation Pause) 464M->443M(512M) 11.916ms
[2025-10-30T14:37:26.729+0000][gc,cpu        ] GC(278) User=0.02s Sys=0.00s Real=0.02s
[2025-10-30T14:37:34.199+0000][gc,start      ] GC(279) Pause Young (Normal) (G1 Evacuation Pause)
[2025-10-30T14:37:34.199+0000][gc,task       ] GC(279) Using 2 workers of 2 for evacuation
[2025-10-30T14:37:34.211+0000][gc,phases     ] GC(279)   Pre Evacuate Collection Set: 0.0ms
[2025-10-30T14:37:34.211+0000][gc,phases     ] GC(279)   Evacuate Collection Set: 10.6ms
[2025-10-30T14:37:34.211+0000][gc,phases     ] GC(279)   Post Evacuate Collection Set: 0.8ms
[2025-10-30T14:37:34.211+0000][gc,phases     ] GC(279)   Other: 0.5ms
[2025-10-30T14:37:34.212+0000][gc,heap       ] GC(279) Eden regions: 23->0(22)
[2025-10-30T14:37:34.212+0000][gc,heap       ] GC(279) Survivor regions: 2->3(4)
[2025-10-30T14:37:34.212+0000][gc,heap       ] GC(279) Old regions: 295->295
[2025-10-30T14:37:34.212+0000][gc,heap       ] GC(279) Humongous regions: 147->147
[2025-10-30T14:37:34.212+0000][gc,metaspace  ] GC(279) Metaspace: 52347K(55984K)->52347K(55984K) NonClass: 46508K(48560K)->46508K(48560K) Class: 5839K(7424K)->5839K(7424K)
[2025-10-30T14:37:34.212+0000][gc            ] GC(279) Pause Young (Normal) (G1 Evacuation Pause) 466M->443M(512M) 13.385ms
[2025-10-30T14:37:34.213+0000][gc,cpu        ] GC(279) User=0.03s Sys=0.00s Real=0.01s
[2025-10-30T14:37:47.842+0000][gc,start      ] GC(280) Pause Young (Normal) (G1 Evacuation Pause)
[2025-10-30T14:37:47.842+0000][gc,task       ] GC(280) Using 2 workers of 2 for evacuation
[2025-10-30T14:37:47.853+0000][gc,phases     ] GC(280)   Pre Evacuate Collection Set: 0.0ms
[2025-10-30T14:37:47.853+0000][gc,phases     ] GC(280)   Evacuate Collection Set: 9.5ms
[2025-10-30T14:37:47.853+0000][gc,phases     ] GC(280)   Post Evacuate Collection Set: 0.7ms
[2025-10-30T14:37:47.853+0000][gc,phases     ] GC(280)   Other: 0.6ms
[2025-10-30T14:37:47.853+0000][gc,heap       ] GC(280) Eden regions: 22->0(23)
[2025-10-30T14:37:47.853+0000][gc,heap       ] GC(280) Survivor regions: 3->2(4)
[2025-10-30T14:37:47.854+0000][gc,heap       ] GC(280) Old regions: 295->295
[2025-10-30T14:37:47.854+0000][gc,heap       ] GC(280) Humongous regions: 147->147
[2025-10-30T14:37:47.854+0000][gc,metaspace  ] GC(280) Metaspace: 52347K(55984K)->52347K(55984K) NonClass: 46508K(48560K)->46508K(48560K) Class: 5839K(7424K)->5839K(7424K)
[2025-10-30T14:37:47.854+0000][gc            ] GC(280) Pause Young (Normal) (G1 Evacuation Pause) 465M->443M(512M) 12.238ms
[2025-10-30T14:37:47.854+0000][gc,cpu        ] GC(280) User=0.03s Sys=0.00s Real=0.01s
[2025-10-30T14:38:09.936+0000][gc,start      ] GC(281) Pause Young (Normal) (G1 Evacuation Pause)
[2025-10-30T14:38:09.936+0000][gc,task       ] GC(281) Using 2 workers of 2 for evacuation
[2025-10-30T14:38:09.950+0000][gc,phases     ] GC(281)   Pre Evacuate Collection Set: 0.0ms
[2025-10-30T14:38:09.951+0000][gc,phases     ] GC(281)   Evacuate Collection Set: 13.1ms
[2025-10-30T14:38:09.951+0000][gc,phases     ] GC(281)   Post Evacuate Collection Set: 0.8ms
[2025-10-30T14:38:09.951+0000][gc,phases     ] GC(281)   Other: 0.9ms
[2025-10-30T14:38:09.951+0000][gc,heap       ] GC(281) Eden regions: 23->0(21)
[2025-10-30T14:38:09.952+0000][gc,heap       ] GC(281) Survivor regions: 2->4(4)
[2025-10-30T14:38:09.952+0000][gc,heap       ] GC(281) Old regions: 295->295
[2025-10-30T14:38:09.952+0000][gc,heap       ] GC(281) Humongous regions: 147->147
[2025-10-30T14:38:09.952+0000][gc,metaspace  ] GC(281) Metaspace: 52347K(55984K)->52347K(55984K) NonClass: 46508K(48560K)->46508K(48560K) Class: 5839K(7424K)->5839K(7424K)
[2025-10-30T14:38:09.952+0000][gc            ] GC(281) Pause Young (Normal) (G1 Evacuation Pause) 466M->445M(512M) 16.403ms
[2025-10-30T14:38:09.952+0000][gc,cpu        ] GC(281) User=0.03s Sys=0.00s Real=0.02s
[2025-10-30T14:38:29.895+0000][gc,start      ] GC(282) Pause Young (Normal) (G1 Evacuation Pause)
[2025-10-30T14:38:29.895+0000][gc,task       ] GC(282) Using 2 workers of 2 for evacuation
[2025-10-30T14:38:29.908+0000][gc,phases     ] GC(282)   Pre Evacuate Collection Set: 0.0ms
[2025-10-30T14:38:29.909+0000][gc,phases     ] GC(282)   Evacuate Collection Set: 12.3ms
[2025-10-30T14:38:29.909+0000][gc,phases     ] GC(282)   Post Evacuate Collection Set: 0.6ms
[2025-10-30T14:38:29.909+0000][gc,phases     ] GC(282)   Other: 0.5ms
[2025-10-30T14:38:29.910+0000][gc,heap       ] GC(282) Eden regions: 21->0(22)
[2025-10-30T14:38:29.910+0000][gc,heap       ] GC(282) Survivor regions: 4->3(4)
[2025-10-30T14:38:29.910+0000][gc,heap       ] GC(282) Old regions: 295->297
[2025-10-30T14:38:29.910+0000][gc,heap       ] GC(282) Humongous regions: 147->147
[2025-10-30T14:38:29.910+0000][gc,metaspace  ] GC(282) Metaspace: 52347K(55984K)->52347K(55984K) NonClass: 46508K(48560K)->46508K(48560K) Class: 5839K(7424K)->5839K(7424K)
[2025-10-30T14:38:29.910+0000][gc            ] GC(282) Pause Young (Normal) (G1 Evacuation Pause) 466M->446M(512M) 15.669ms
[2025-10-30T14:38:29.911+0000][gc,cpu        ] GC(282) User=0.03s Sys=0.00s Real=0.02s
[2025-10-30T14:38:48.324+0000][gc,start      ] GC(283) Pause Young (Normal) (G1 Evacuation Pause)
[2025-10-30T14:38:48.325+0000][gc,task       ] GC(283) Using 2 workers of 2 for evacuation
[2025-10-30T14:38:48.339+0000][gc,phases     ] GC(283)   Pre Evacuate Collection Set: 0.0ms
[2025-10-30T14:38:48.339+0000][gc,phases     ] GC(283)   Evacuate Collection Set: 13.1ms
[2025-10-30T14:38:48.340+0000][gc,phases     ] GC(283)   Post Evacuate Collection Set: 0.9ms
[2025-10-30T14:38:48.340+0000][gc,phases     ] GC(283)   Other: 0.7ms
[2025-10-30T14:38:48.340+0000][gc,heap       ] GC(283) Eden regions: 22->0(23)
[2025-10-30T14:38:48.340+0000][gc,heap       ] GC(283) Survivor regions: 3->2(4)
[2025-10-30T14:38:48.340+0000][gc,heap       ] GC(283) Old regions: 297->298
[2025-10-30T14:38:48.340+0000][gc,heap       ] GC(283) Humongous regions: 147->147
[2025-10-30T14:38:48.341+0000][gc,metaspace  ] GC(283) Metaspace: 52347K(55984K)->52347K(55984K) NonClass: 46508K(48560K)->46508K(48560K) Class: 5839K(7424K)->5839K(7424K)
[2025-10-30T14:38:48.341+0000][gc            ] GC(283) Pause Young (Normal) (G1 Evacuation Pause) 468M->446M(512M) 16.593ms
[2025-10-30T14:38:48.341+0000][gc,cpu        ] GC(283) User=0.03s Sys=0.00s Real=0.02s
[2025-10-30T14:39:13.657+0000][gc,start      ] GC(284) Pause Young (Normal) (G1 Evacuation Pause)
[2025-10-30T14:39:13.657+0000][gc,task       ] GC(284) Using 2 workers of 2 for evacuation
[2025-10-30T14:39:13.670+0000][gc,phases     ] GC(284)   Pre Evacuate Collection Set: 0.0ms
[2025-10-30T14:39:13.670+0000][gc,phases     ] GC(284)   Evacuate Collection Set: 11.5ms
[2025-10-30T14:39:13.670+0000][gc,phases     ] GC(284)   Post Evacuate Collection Set: 0.6ms
[2025-10-30T14:39:13.670+0000][gc,phases     ] GC(284)   Other: 0.6ms
[2025-10-30T14:39:13.670+0000][gc,heap       ] GC(284) Eden regions: 23->0(21)
[2025-10-30T14:39:13.671+0000][gc,heap       ] GC(284) Survivor regions: 2->4(4)
[2025-10-30T14:39:13.671+0000][gc,heap       ] GC(284) Old regions: 298->298
[2025-10-30T14:39:13.671+0000][gc,heap       ] GC(284) Humongous regions: 147->147
[2025-10-30T14:39:13.671+0000][gc,metaspace  ] GC(284) Metaspace: 52347K(55984K)->52347K(55984K) NonClass: 46508K(48560K)->46508K(48560K) Class: 5839K(7424K)->5839K(7424K)
[2025-10-30T14:39:13.672+0000][gc            ] GC(284) Pause Young (Normal) (G1 Evacuation Pause) 469M->447M(512M) 14.595ms
[2025-10-30T14:39:13.672+0000][gc,cpu        ] GC(284) User=0.02s Sys=0.00s Real=0.02s
[2025-10-30T14:39:36.477+0000][gc,start      ] GC(285) Pause Young (Normal) (G1 Evacuation Pause)
[2025-10-30T14:39:36.477+0000][gc,task       ] GC(285) Using 2 workers of 2 for evacuation
[2025-10-30T14:39:36.499+0000][gc,mmu        ] GC(285) MMU target violated: 21.0ms (20.0ms/21.0ms)
[2025-10-30T14:39:36.499+0000][gc,phases     ] GC(285)   Pre Evacuate Collection Set: 0.0ms
[2025-10-30T14:39:36.499+0000][gc,phases     ] GC(285)   Evacuate Collection Set: 19.9ms
[2025-10-30T14:39:36.499+0000][gc,phases     ] GC(285)   Post Evacuate Collection Set: 1.2ms
[2025-10-30T14:39:36.500+0000][gc,phases     ] GC(285)   Other: 1.0ms
[2025-10-30T14:39:36.500+0000][gc,heap       ] GC(285) Eden regions: 21->0(21)
[2025-10-30T14:39:36.500+0000][gc,heap       ] GC(285) Survivor regions: 4->4(4)
[2025-10-30T14:39:36.500+0000][gc,heap       ] GC(285) Old regions: 298->299
[2025-10-30T14:39:36.501+0000][gc,heap       ] GC(285) Humongous regions: 147->147
[2025-10-30T14:39:36.501+0000][gc,metaspace  ] GC(285) Metaspace: 52347K(55984K)->52347K(55984K) NonClass: 46508K(48560K)->46508K(48560K) Class: 5839K(7424K)->5839K(7424K)
[2025-10-30T14:39:36.501+0000][gc            ] GC(285) Pause Young (Normal) (G1 Evacuation Pause) 468M->449M(512M) 24.501ms
[2025-10-30T14:39:36.502+0000][gc,cpu        ] GC(285) User=0.04s Sys=0.00s Real=0.03s
[2025-10-30T14:40:00.810+0000][gc,start      ] GC(286) Pause Young (Normal) (G1 Evacuation Pause)
[2025-10-30T14:40:00.811+0000][gc,task       ] GC(286) Using 2 workers of 2 for evacuation
[2025-10-30T14:40:00.828+0000][gc,phases     ] GC(286)   Pre Evacuate Collection Set: 0.0ms
[2025-10-30T14:40:00.828+0000][gc,phases     ] GC(286)   Evacuate Collection Set: 15.8ms
[2025-10-30T14:40:00.829+0000][gc,phases     ] GC(286)   Post Evacuate Collection Set: 0.9ms
[2025-10-30T14:40:00.829+0000][gc,phases     ] GC(286)   Other: 1.0ms
[2025-10-30T14:40:00.829+0000][gc,heap       ] GC(286) Eden regions: 21->0(22)
[2025-10-30T14:40:00.829+0000][gc,heap       ] GC(286) Survivor regions: 4->3(4)
[2025-10-30T14:40:00.829+0000][gc,heap       ] GC(286) Old regions: 299->300
[2025-10-30T14:40:00.830+0000][gc,heap       ] GC(286) Humongous regions: 147->147
[2025-10-30T14:40:00.830+0000][gc,metaspace  ] GC(286) Metaspace: 52347K(55984K)->52347K(55984K) NonClass: 46508K(48560K)->46508K(48560K) Class: 5839K(7424K)->5839K(7424K)
[2025-10-30T14:40:00.830+0000][gc            ] GC(286) Pause Young (Normal) (G1 Evacuation Pause) 470M->449M(512M) 19.779ms
[2025-10-30T14:40:00.830+0000][gc,cpu        ] GC(286) User=0.03s Sys=0.00s Real=0.02s
[2025-10-30T14:40:28.247+0000][gc,start      ] GC(287) Pause Young (Normal) (G1 Evacuation Pause)
[2025-10-30T14:40:28.248+0000][gc,task       ] GC(287) Using 2 workers of 2 for evacuation
[2025-10-30T14:40:28.265+0000][gc,phases     ] GC(287)   Pre Evacuate Collection Set: 0.0ms
[2025-10-30T14:40:28.265+0000][gc,phases     ] GC(287)   Evacuate Collection Set: 15.2ms
[2025-10-30T14:40:28.265+0000][gc,phases     ] GC(287)   Post Evacuate Collection Set: 0.9ms
[2025-10-30T14:40:28.265+0000][gc,phases     ] GC(287)   Other: 1.3ms
[2025-10-30T14:40:28.266+0000][gc,heap       ] GC(287) Eden regions: 22->0(21)
[2025-10-30T14:40:28.266+0000][gc,heap       ] GC(287) Survivor regions: 3->4(4)
[2025-10-30T14:40:28.266+0000][gc,heap       ] GC(287) Old regions: 300->301
[2025-10-30T14:40:28.266+0000][gc,heap       ] GC(287) Humongous regions: 147->147
[2025-10-30T14:40:28.266+0000][gc,metaspace  ] GC(287) Metaspace: 52347K(55984K)->52347K(55984K) NonClass: 46508K(48560K)->46508K(48560K) Class: 5839K(7424K)->5839K(7424K)
[2025-10-30T14:40:28.267+0000][gc            ] GC(287) Pause Young (Normal) (G1 Evacuation Pause) 471M->451M(512M) 19.225ms
[2025-10-30T14:40:28.267+0000][gc,cpu        ] GC(287) User=0.03s Sys=0.00s Real=0.02s
[2025-10-30T14:40:58.210+0000][gc,start      ] GC(288) Pause Young (Normal) (G1 Evacuation Pause)
[2025-10-30T14:40:58.210+0000][gc,task       ] GC(288) Using 2 workers of 2 for evacuation
[2025-10-30T14:40:58.225+0000][gc,phases     ] GC(288)   Pre Evacuate Collection Set: 0.0ms
[2025-10-30T14:40:58.225+0000][gc,phases     ] GC(288)   Evacuate Collection Set: 13.4ms
[2025-10-30T14:40:58.225+0000][gc,phases     ] GC(288)   Post Evacuate Collection Set: 0.8ms
[2025-10-30T14:40:58.225+0000][gc,phases     ] GC(288)   Other: 0.7ms
[2025-10-30T14:40:58.225+0000][gc,heap       ] GC(288) Eden regions: 21->0(22)
[2025-10-30T14:40:58.226+0000][gc,heap       ] GC(288) Survivor regions: 4->3(4)
[2025-10-30T14:40:58.226+0000][gc,heap       ] GC(288) Old regions: 301->302
[2025-10-30T14:40:58.226+0000][gc,heap       ] GC(288) Humongous regions: 147->147
[2025-10-30T14:40:58.226+0000][gc,metaspace  ] GC(288) Metaspace: 52347K(55984K)->52347K(55984K) NonClass: 46508K(48560K)->46508K(48560K) Class: 5839K(7424K)->5839K(7424K)
[2025-10-30T14:40:58.227+0000][gc            ] GC(288) Pause Young (Normal) (G1 Evacuation Pause) 472M->451M(512M) 16.792ms
[2025-10-30T14:40:58.227+0000][gc,cpu        ] GC(288) User=0.03s Sys=0.00s Real=0.02s
[2025-10-30T14:41:21.413+0000][gc,start      ] GC(289) Pause Young (Normal) (G1 Evacuation Pause)
[2025-10-30T14:41:21.414+0000][gc,task       ] GC(289) Using 2 workers of 2 for evacuation
[2025-10-30T14:41:21.429+0000][gc,phases     ] GC(289)   Pre Evacuate Collection Set: 0.0ms
[2025-10-30T14:41:21.429+0000][gc,phases     ] GC(289)   Evacuate Collection Set: 13.9ms
[2025-10-30T14:41:21.430+0000][gc,phases     ] GC(289)   Post Evacuate Collection Set: 0.9ms
[2025-10-30T14:41:21.430+0000][gc,phases     ] GC(289)   Other: 0.7ms
[2025-10-30T14:41:21.430+0000][gc,heap       ] GC(289) Eden regions: 22->0(22)
[2025-10-30T14:41:21.430+0000][gc,heap       ] GC(289) Survivor regions: 3->3(4)
[2025-10-30T14:41:21.430+0000][gc,heap       ] GC(289) Old regions: 302->303
[2025-10-30T14:41:21.430+0000][gc,heap       ] GC(289) Humongous regions: 147->147
[2025-10-30T14:41:21.431+0000][gc,metaspace  ] GC(289) Metaspace: 52347K(55984K)->52347K(55984K) NonClass: 46508K(48560K)->46508K(48560K) Class: 5839K(7424K)->5839K(7424K)
[2025-10-30T14:41:21.431+0000][gc            ] GC(289) Pause Young (Normal) (G1 Evacuation Pause) 473M->452M(512M) 17.287ms
[2025-10-30T14:41:21.431+0000][gc,cpu        ] GC(289) User=0.03s Sys=0.00s Real=0.02s
[2025-10-30T14:41:44.732+0000][gc,start      ] GC(290) Pause Young (Normal) (G1 Evacuation Pause)
[2025-10-30T14:41:44.733+0000][gc,task       ] GC(290) Using 2 workers of 2 for evacuation
[2025-10-30T14:41:44.756+0000][gc,mmu        ] GC(290) MMU target violated: 21.0ms (20.0ms/21.0ms)
[2025-10-30T14:41:44.757+0000][gc,phases     ] GC(290)   Pre Evacuate Collection Set: 0.0ms
[2025-10-30T14:41:44.758+0000][gc,phases     ] GC(290)   Evacuate Collection Set: 21.1ms
[2025-10-30T14:41:44.758+0000][gc,phases     ] GC(290)   Post Evacuate Collection Set: 1.3ms
[2025-10-30T14:41:44.758+0000][gc,phases     ] GC(290)   Other: 2.1ms
[2025-10-30T14:41:44.759+0000][gc,heap       ] GC(290) Eden regions: 22->0(21)
[2025-10-30T14:41:44.759+0000][gc,heap       ] GC(290) Survivor regions: 3->4(4)
[2025-10-30T14:41:44.760+0000][gc,heap       ] GC(290) Old regions: 303->304
[2025-10-30T14:41:44.760+0000][gc,heap       ] GC(290) Humongous regions: 147->147
[2025-10-30T14:41:44.761+0000][gc,metaspace  ] GC(290) Metaspace: 52347K(55984K)->52347K(55984K) NonClass: 46508K(48560K)->46508K(48560K) Class: 5839K(7424K)->5839K(7424K)
[2025-10-30T14:41:44.763+0000][gc            ] GC(290) Pause Young (Normal) (G1 Evacuation Pause) 474M->454M(512M) 30.234ms
[2025-10-30T14:41:44.763+0000][gc,cpu        ] GC(290) User=0.05s Sys=0.00s Real=0.03s
[2025-10-30T14:42:08.797+0000][gc,start      ] GC(291) Pause Young (Normal) (G1 Evacuation Pause)
[2025-10-30T14:42:08.797+0000][gc,task       ] GC(291) Using 2 workers of 2 for evacuation
[2025-10-30T14:42:08.812+0000][gc,phases     ] GC(291)   Pre Evacuate Collection Set: 0.0ms
[2025-10-30T14:42:08.812+0000][gc,phases     ] GC(291)   Evacuate Collection Set: 13.4ms
[2025-10-30T14:42:08.813+0000][gc,phases     ] GC(291)   Post Evacuate Collection Set: 0.8ms
[2025-10-30T14:42:08.813+0000][gc,phases     ] GC(291)   Other: 0.8ms
[2025-10-30T14:42:08.813+0000][gc,heap       ] GC(291) Eden regions: 21->0(22)
[2025-10-30T14:42:08.813+0000][gc,heap       ] GC(291) Survivor regions: 4->3(4)
[2025-10-30T14:42:08.813+0000][gc,heap       ] GC(291) Old regions: 304->305
[2025-10-30T14:42:08.813+0000][gc,heap       ] GC(291) Humongous regions: 147->147
[2025-10-30T14:42:08.814+0000][gc,metaspace  ] GC(291) Metaspace: 52347K(55984K)->52347K(55984K) NonClass: 46508K(48560K)->46508K(48560K) Class: 5839K(7424K)->5839K(7424K)
[2025-10-30T14:42:08.814+0000][gc            ] GC(291) Pause Young (Normal) (G1 Evacuation Pause) 475M->454M(512M) 16.384ms
[2025-10-30T14:42:08.814+0000][gc,cpu        ] GC(291) User=0.03s Sys=0.00s Real=0.01s
[2025-10-30T14:42:29.844+0000][gc,start      ] GC(292) Pause Young (Normal) (G1 Evacuation Pause)
[2025-10-30T14:42:29.845+0000][gc,task       ] GC(292) Using 2 workers of 2 for evacuation
[2025-10-30T14:42:29.859+0000][gc,phases     ] GC(292)   Pre Evacuate Collection Set: 0.0ms
[2025-10-30T14:42:29.859+0000][gc,phases     ] GC(292)   Evacuate Collection Set: 12.6ms
[2025-10-30T14:42:29.859+0000][gc,phases     ] GC(292)   Post Evacuate Collection Set: 0.9ms
[2025-10-30T14:42:29.859+0000][gc,phases     ] GC(292)   Other: 0.6ms
[2025-10-30T14:42:29.860+0000][gc,heap       ] GC(292) Eden regions: 22->0(22)
[2025-10-30T14:42:29.860+0000][gc,heap       ] GC(292) Survivor regions: 3->3(4)
[2025-10-30T14:42:29.860+0000][gc,heap       ] GC(292) Old regions: 305->306
[2025-10-30T14:42:29.860+0000][gc,heap       ] GC(292) Humongous regions: 147->147
[2025-10-30T14:42:29.860+0000][gc,metaspace  ] GC(292) Metaspace: 52347K(55984K)->52347K(55984K) NonClass: 46508K(48560K)->46508K(48560K) Class: 5839K(7424K)->5839K(7424K)
[2025-10-30T14:42:29.861+0000][gc            ] GC(292) Pause Young (Normal) (G1 Evacuation Pause) 476M->455M(512M) 16.115ms
[2025-10-30T14:42:29.861+0000][gc,cpu        ] GC(292) User=0.03s Sys=0.00s Real=0.02s
[2025-10-30T14:42:53.372+0000][gc,start      ] GC(293) Pause Young (Normal) (G1 Evacuation Pause)
[2025-10-30T14:42:53.372+0000][gc,task       ] GC(293) Using 2 workers of 2 for evacuation
[2025-10-30T14:42:53.385+0000][gc,phases     ] GC(293)   Pre Evacuate Collection Set: 0.0ms
[2025-10-30T14:42:53.385+0000][gc,phases     ] GC(293)   Evacuate Collection Set: 11.5ms
[2025-10-30T14:42:53.385+0000][gc,phases     ] GC(293)   Post Evacuate Collection Set: 0.9ms
[2025-10-30T14:42:53.385+0000][gc,phases     ] GC(293)   Other: 0.5ms
[2025-10-30T14:42:53.386+0000][gc,heap       ] GC(293) Eden regions: 22->0(22)
[2025-10-30T14:42:53.386+0000][gc,heap       ] GC(293) Survivor regions: 3->3(4)
[2025-10-30T14:42:53.386+0000][gc,heap       ] GC(293) Old regions: 306->308
[2025-10-30T14:42:53.386+0000][gc,heap       ] GC(293) Humongous regions: 147->147
[2025-10-30T14:42:53.386+0000][gc,metaspace  ] GC(293) Metaspace: 52347K(55984K)->52347K(55984K) NonClass: 46508K(48560K)->46508K(48560K) Class: 5839K(7424K)->5839K(7424K)
[2025-10-30T14:42:53.387+0000][gc            ] GC(293) Pause Young (Normal) (G1 Evacuation Pause) 477M->457M(512M) 14.533ms
[2025-10-30T14:42:53.387+0000][gc,cpu        ] GC(293) User=0.02s Sys=0.00s Real=0.02s
[2025-10-30T14:43:15.417+0000][gc,start      ] GC(294) Pause Young (Normal) (G1 Evacuation Pause)
[2025-10-30T14:43:15.417+0000][gc,task       ] GC(294) Using 2 workers of 2 for evacuation
[2025-10-30T14:43:15.428+0000][gc,phases     ] GC(294)   Pre Evacuate Collection Set: 0.0ms
[2025-10-30T14:43:15.428+0000][gc,phases     ] GC(294)   Evacuate Collection Set: 9.8ms
[2025-10-30T14:43:15.428+0000][gc,phases     ] GC(294)   Post Evacuate Collection Set: 0.7ms
[2025-10-30T14:43:15.428+0000][gc,phases     ] GC(294)   Other: 0.5ms
[2025-10-30T14:43:15.429+0000][gc,heap       ] GC(294) Eden regions: 22->0(22)
[2025-10-30T14:43:15.429+0000][gc,heap       ] GC(294) Survivor regions: 3->3(4)
[2025-10-30T14:43:15.429+0000][gc,heap       ] GC(294) Old regions: 308->308
[2025-10-30T14:43:15.429+0000][gc,heap       ] GC(294) Humongous regions: 147->147
[2025-10-30T14:43:15.429+0000][gc,metaspace  ] GC(294) Metaspace: 52347K(55984K)->52347K(55984K) NonClass: 46508K(48560K)->46508K(48560K) Class: 5839K(7424K)->5839K(7424K)
[2025-10-30T14:43:15.429+0000][gc            ] GC(294) Pause Young (Normal) (G1 Evacuation Pause) 479M->457M(512M) 12.680ms
[2025-10-30T14:43:15.430+0000][gc,cpu        ] GC(294) User=0.02s Sys=0.00s Real=0.02s
[2025-10-30T14:43:40.893+0000][gc,start      ] GC(295) Pause Young (Normal) (G1 Evacuation Pause)
[2025-10-30T14:43:40.893+0000][gc,task       ] GC(295) Using 2 workers of 2 for evacuation
[2025-10-30T14:43:40.905+0000][gc,phases     ] GC(295)   Pre Evacuate Collection Set: 0.0ms
[2025-10-30T14:43:40.905+0000][gc,phases     ] GC(295)   Evacuate Collection Set: 11.0ms
[2025-10-30T14:43:40.905+0000][gc,phases     ] GC(295)   Post Evacuate Collection Set: 0.6ms
[2025-10-30T14:43:40.905+0000][gc,phases     ] GC(295)   Other: 0.5ms
[2025-10-30T14:43:40.905+0000][gc,heap       ] GC(295) Eden regions: 22->0(21)
[2025-10-30T14:43:40.906+0000][gc,heap       ] GC(295) Survivor regions: 3->4(4)
[2025-10-30T14:43:40.906+0000][gc,heap       ] GC(295) Old regions: 308->309
[2025-10-30T14:43:40.906+0000][gc,heap       ] GC(295) Humongous regions: 147->147
[2025-10-30T14:43:40.906+0000][gc,metaspace  ] GC(295) Metaspace: 52347K(55984K)->52347K(55984K) NonClass: 46508K(48560K)->46508K(48560K) Class: 5839K(7424K)->5839K(7424K)
[2025-10-30T14:43:40.906+0000][gc            ] GC(295) Pause Young (Normal) (G1 Evacuation Pause) 479M->459M(512M) 13.479ms
[2025-10-30T14:43:40.906+0000][gc,cpu        ] GC(295) User=0.02s Sys=0.00s Real=0.01s
[2025-10-30T14:44:04.028+0000][gc,start      ] GC(296) Pause Young (Normal) (G1 Evacuation Pause)
[2025-10-30T14:44:04.029+0000][gc,task       ] GC(296) Using 2 workers of 2 for evacuation
[2025-10-30T14:44:04.040+0000][gc,phases     ] GC(296)   Pre Evacuate Collection Set: 0.0ms
[2025-10-30T14:44:04.040+0000][gc,phases     ] GC(296)   Evacuate Collection Set: 10.4ms
[2025-10-30T14:44:04.040+0000][gc,phases     ] GC(296)   Post Evacuate Collection Set: 0.6ms
[2025-10-30T14:44:04.041+0000][gc,phases     ] GC(296)   Other: 0.5ms
[2025-10-30T14:44:04.041+0000][gc,heap       ] GC(296) Eden regions: 21->0(23)
[2025-10-30T14:44:04.041+0000][gc,heap       ] GC(296) Survivor regions: 4->2(4)
[2025-10-30T14:44:04.041+0000][gc,heap       ] GC(296) Old regions: 309->310
[2025-10-30T14:44:04.041+0000][gc,heap       ] GC(296) Humongous regions: 147->147
[2025-10-30T14:44:04.041+0000][gc,metaspace  ] GC(296) Metaspace: 52347K(55984K)->52347K(55984K) NonClass: 46508K(48560K)->46508K(48560K) Class: 5839K(7424K)->5839K(7424K)
[2025-10-30T14:44:04.041+0000][gc            ] GC(296) Pause Young (Normal) (G1 Evacuation Pause) 480M->458M(512M) 13.003ms
[2025-10-30T14:44:04.042+0000][gc,cpu        ] GC(296) User=0.03s Sys=0.00s Real=0.01s
[2025-10-30T14:44:27.868+0000][gc,start      ] GC(297) Pause Young (Normal) (G1 Evacuation Pause)
[2025-10-30T14:44:27.868+0000][gc,task       ] GC(297) Using 2 workers of 2 for evacuation
[2025-10-30T14:44:27.879+0000][gc,phases     ] GC(297)   Pre Evacuate Collection Set: 0.0ms
[2025-10-30T14:44:27.879+0000][gc,phases     ] GC(297)   Evacuate Collection Set: 9.8ms
[2025-10-30T14:44:27.879+0000][gc,phases     ] GC(297)   Post Evacuate Collection Set: 0.6ms
[2025-10-30T14:44:27.879+0000][gc,phases     ] GC(297)   Other: 0.5ms
[2025-10-30T14:44:27.879+0000][gc,heap       ] GC(297) Eden regions: 23->0(21)
[2025-10-30T14:44:27.880+0000][gc,heap       ] GC(297) Survivor regions: 2->4(4)
[2025-10-30T14:44:27.880+0000][gc,heap       ] GC(297) Old regions: 310->310
[2025-10-30T14:44:27.880+0000][gc,heap       ] GC(297) Humongous regions: 147->147
[2025-10-30T14:44:27.880+0000][gc,metaspace  ] GC(297) Metaspace: 52348K(55984K)->52348K(55984K) NonClass: 46509K(48560K)->46509K(48560K) Class: 5839K(7424K)->5839K(7424K)
[2025-10-30T14:44:27.880+0000][gc            ] GC(297) Pause Young (Normal) (G1 Evacuation Pause) 481M->460M(512M) 12.432ms
[2025-10-30T14:44:27.880+0000][gc,cpu        ] GC(297) User=0.02s Sys=0.00s Real=0.02s
[2025-10-30T14:44:48.758+0000][gc,start      ] GC(298) Pause Young (Normal) (G1 Evacuation Pause)
[2025-10-30T14:44:48.758+0000][gc,task       ] GC(298) Using 2 workers of 2 for evacuation
[2025-10-30T14:44:48.788+0000][gc,mmu        ] GC(298) MMU target violated: 21.0ms (20.0ms/21.0ms)
[2025-10-30T14:44:48.788+0000][gc,phases     ] GC(298)   Pre Evacuate Collection Set: 0.0ms
[2025-10-30T14:44:48.788+0000][gc,phases     ] GC(298)   Evacuate Collection Set: 28.3ms
[2025-10-30T14:44:48.788+0000][gc,phases     ] GC(298)   Post Evacuate Collection Set: 1.0ms
[2025-10-30T14:44:48.789+0000][gc,phases     ] GC(298)   Other: 1.0ms
[2025-10-30T14:44:48.789+0000][gc,heap       ] GC(298) Eden regions: 21->0(22)
[2025-10-30T14:44:48.789+0000][gc,heap       ] GC(298) Survivor regions: 4->3(4)
[2025-10-30T14:44:48.789+0000][gc,heap       ] GC(298) Old regions: 310->312
[2025-10-30T14:44:48.790+0000][gc,heap       ] GC(298) Humongous regions: 147->147
[2025-10-30T14:44:48.790+0000][gc,metaspace  ] GC(298) Metaspace: 52348K(55984K)->52348K(55984K) NonClass: 46509K(48560K)->46509K(48560K) Class: 5839K(7424K)->5839K(7424K)
[2025-10-30T14:44:48.790+0000][gc            ] GC(298) Pause Young (Normal) (G1 Evacuation Pause) 481M->461M(512M) 32.223ms
[2025-10-30T14:44:48.790+0000][gc,cpu        ] GC(298) User=0.06s Sys=0.00s Real=0.04s
[2025-10-30T14:45:10.916+0000][gc,start      ] GC(299) Pause Young (Normal) (G1 Evacuation Pause)
[2025-10-30T14:45:10.916+0000][gc,task       ] GC(299) Using 2 workers of 2 for evacuation
[2025-10-30T14:45:10.928+0000][gc,phases     ] GC(299)   Pre Evacuate Collection Set: 0.0ms
[2025-10-30T14:45:10.928+0000][gc,phases     ] GC(299)   Evacuate Collection Set: 10.8ms
[2025-10-30T14:45:10.928+0000][gc,phases     ] GC(299)   Post Evacuate Collection Set: 0.7ms
[2025-10-30T14:45:10.929+0000][gc,phases     ] GC(299)   Other: 0.9ms
[2025-10-30T14:45:10.929+0000][gc,heap       ] GC(299) Eden regions: 22->0(23)
[2025-10-30T14:45:10.929+0000][gc,heap       ] GC(299) Survivor regions: 3->2(4)
[2025-10-30T14:45:10.929+0000][gc,heap       ] GC(299) Old regions: 312->313
[2025-10-30T14:45:10.929+0000][gc,heap       ] GC(299) Humongous regions: 147->147
[2025-10-30T14:45:10.929+0000][gc,metaspace  ] GC(299) Metaspace: 52348K(55984K)->52348K(55984K) NonClass: 46509K(48560K)->46509K(48560K) Class: 5839K(7424K)->5839K(7424K)
[2025-10-30T14:45:10.930+0000][gc            ] GC(299) Pause Young (Normal) (G1 Evacuation Pause) 483M->461M(512M) 13.935ms
[2025-10-30T14:45:10.930+0000][gc,cpu        ] GC(299) User=0.02s Sys=0.00s Real=0.02s
[2025-10-30T14:45:34.423+0000][gc,start      ] GC(300) Pause Young (Concurrent Start) (G1 Evacuation Pause)
[2025-10-30T14:45:34.423+0000][gc,task       ] GC(300) Using 2 workers of 2 for evacuation
[2025-10-30T14:45:34.434+0000][gc,phases     ] GC(300)   Pre Evacuate Collection Set: 0.2ms
[2025-10-30T14:45:34.434+0000][gc,phases     ] GC(300)   Evacuate Collection Set: 9.6ms
[2025-10-30T14:45:34.434+0000][gc,phases     ] GC(300)   Post Evacuate Collection Set: 0.7ms
[2025-10-30T14:45:34.434+0000][gc,phases     ] GC(300)   Other: 0.6ms
[2025-10-30T14:45:34.434+0000][gc,heap       ] GC(300) Eden regions: 23->0(21)
[2025-10-30T14:45:34.435+0000][gc,heap       ] GC(300) Survivor regions: 2->4(4)
[2025-10-30T14:45:34.435+0000][gc,heap       ] GC(300) Old regions: 313->313
[2025-10-30T14:45:34.435+0000][gc,heap       ] GC(300) Humongous regions: 147->147
[2025-10-30T14:45:34.435+0000][gc,metaspace  ] GC(300) Metaspace: 52349K(55984K)->52349K(55984K) NonClass: 46510K(48560K)->46510K(48560K) Class: 5839K(7424K)->5839K(7424K)
[2025-10-30T14:45:34.435+0000][gc            ] GC(300) Pause Young (Concurrent Start) (G1 Evacuation Pause) 484M->463M(512M) 12.563ms
[2025-10-30T14:45:34.435+0000][gc,cpu        ] GC(300) User=0.02s Sys=0.00s Real=0.01s
[2025-10-30T14:45:34.436+0000][gc            ] GC(301) Concurrent Cycle
[2025-10-30T14:45:34.436+0000][gc,marking    ] GC(301) Concurrent Clear Claimed Marks
[2025-10-30T14:45:34.436+0000][gc,marking    ] GC(301) Concurrent Clear Claimed Marks 0.270ms
[2025-10-30T14:45:34.436+0000][gc,marking    ] GC(301) Concurrent Scan Root Regions
[2025-10-30T14:45:34.440+0000][gc,marking    ] GC(301) Concurrent Scan Root Regions 3.829ms
[2025-10-30T14:45:34.440+0000][gc,marking    ] GC(301) Concurrent Mark (6597.936s)
[2025-10-30T14:45:34.440+0000][gc,marking    ] GC(301) Concurrent Mark From Roots
[2025-10-30T14:45:34.441+0000][gc,task       ] GC(301) Using 1 workers of 1 for marking
[2025-10-30T14:45:34.471+0000][gc,marking    ] GC(301) Concurrent Mark From Roots 30.745ms
[2025-10-30T14:45:34.471+0000][gc,marking    ] GC(301) Concurrent Preclean
[2025-10-30T14:45:34.472+0000][gc,marking    ] GC(301) Concurrent Preclean 0.332ms
[2025-10-30T14:45:34.472+0000][gc,marking    ] GC(301) Concurrent Mark (6597.936s, 6597.967s) 31.700ms
[2025-10-30T14:45:34.473+0000][gc,start      ] GC(301) Pause Remark
[2025-10-30T14:45:34.481+0000][gc,stringtable] GC(301) Cleaned string and symbol table, strings: 16808 processed, 7 removed, symbols: 123707 processed, 0 removed
[2025-10-30T14:45:34.481+0000][gc            ] GC(301) Pause Remark 463M->380M(512M) 8.652ms
[2025-10-30T14:45:34.481+0000][gc,cpu        ] GC(301) User=0.02s Sys=0.00s Real=0.01s
[2025-10-30T14:45:34.482+0000][gc,marking    ] GC(301) Concurrent Rebuild Remembered Sets
[2025-10-30T14:45:34.503+0000][gc,marking    ] GC(301) Concurrent Rebuild Remembered Sets 21.026ms
[2025-10-30T14:45:34.503+0000][gc,start      ] GC(301) Pause Cleanup
[2025-10-30T14:45:34.504+0000][gc            ] GC(301) Pause Cleanup 380M->380M(512M) 0.449ms
[2025-10-30T14:45:34.504+0000][gc,cpu        ] GC(301) User=0.00s Sys=0.00s Real=0.00s
[2025-10-30T14:45:34.504+0000][gc,marking    ] GC(301) Concurrent Cleanup for Next Mark
[2025-10-30T14:45:34.505+0000][gc,marking    ] GC(301) Concurrent Cleanup for Next Mark 0.642ms
[2025-10-30T14:45:34.505+0000][gc            ] GC(301) Concurrent Cycle 69.136ms
[2025-10-30T14:45:56.638+0000][gc,start      ] GC(302) Pause Young (Prepare Mixed) (G1 Evacuation Pause)
[2025-10-30T14:45:56.639+0000][gc,task       ] GC(302) Using 2 workers of 2 for evacuation
[2025-10-30T14:45:56.654+0000][gc,phases     ] GC(302)   Pre Evacuate Collection Set: 0.0ms
[2025-10-30T14:45:56.654+0000][gc,phases     ] GC(302)   Evacuate Collection Set: 14.1ms
[2025-10-30T14:45:56.655+0000][gc,phases     ] GC(302)   Post Evacuate Collection Set: 0.9ms
[2025-10-30T14:45:56.655+0000][gc,phases     ] GC(302)   Other: 1.0ms
[2025-10-30T14:45:56.655+0000][gc,heap       ] GC(302) Eden regions: 21->0(21)
[2025-10-30T14:45:56.655+0000][gc,heap       ] GC(302) Survivor regions: 4->4(4)
[2025-10-30T14:45:56.655+0000][gc,heap       ] GC(302) Old regions: 230->232
[2025-10-30T14:45:56.656+0000][gc,heap       ] GC(302) Humongous regions: 147->147
[2025-10-30T14:45:56.656+0000][gc,metaspace  ] GC(302) Metaspace: 52351K(55984K)->52351K(55984K) NonClass: 46512K(48560K)->46512K(48560K) Class: 5839K(7424K)->5839K(7424K)
[2025-10-30T14:45:56.656+0000][gc            ] GC(302) Pause Young (Prepare Mixed) (G1 Evacuation Pause) 401M->381M(512M) 17.598ms
[2025-10-30T14:45:56.656+0000][gc,cpu        ] GC(302) User=0.03s Sys=0.00s Real=0.02s
[2025-10-30T14:46:16.179+0000][gc,start      ] GC(303) Pause Young (Mixed) (G1 Evacuation Pause)
[2025-10-30T14:46:16.180+0000][gc,task       ] GC(303) Using 2 workers of 2 for evacuation
[2025-10-30T14:46:16.194+0000][gc,phases     ] GC(303)   Pre Evacuate Collection Set: 0.0ms
[2025-10-30T14:46:16.194+0000][gc,phases     ] GC(303)   Evacuate Collection Set: 12.2ms
[2025-10-30T14:46:16.194+0000][gc,phases     ] GC(303)   Post Evacuate Collection Set: 1.4ms
[2025-10-30T14:46:16.195+0000][gc,phases     ] GC(303)   Other: 0.7ms
[2025-10-30T14:46:16.195+0000][gc,heap       ] GC(303) Eden regions: 21->0(23)
[2025-10-30T14:46:16.196+0000][gc,heap       ] GC(303) Survivor regions: 4->2(4)
[2025-10-30T14:46:16.196+0000][gc,heap       ] GC(303) Old regions: 232->205
[2025-10-30T14:46:16.197+0000][gc,heap       ] GC(303) Humongous regions: 147->147
[2025-10-30T14:46:16.197+0000][gc,metaspace  ] GC(303) Metaspace: 52351K(55984K)->52351K(55984K) NonClass: 46512K(48560K)->46512K(48560K) Class: 5839K(7424K)->5839K(7424K)
[2025-10-30T14:46:16.198+0000][gc            ] GC(303) Pause Young (Mixed) (G1 Evacuation Pause) 402M->353M(512M) 18.167ms
[2025-10-30T14:46:16.198+0000][gc,cpu        ] GC(303) User=0.02s Sys=0.00s Real=0.02s
[2025-10-30T14:46:38.969+0000][gc,start      ] GC(304) Pause Young (Mixed) (G1 Evacuation Pause)
[2025-10-30T14:46:38.969+0000][gc,task       ] GC(304) Using 2 workers of 2 for evacuation
[2025-10-30T14:46:38.981+0000][gc,phases     ] GC(304)   Pre Evacuate Collection Set: 0.0ms
[2025-10-30T14:46:38.981+0000][gc,phases     ] GC(304)   Evacuate Collection Set: 10.3ms
[2025-10-30T14:46:38.981+0000][gc,phases     ] GC(304)   Post Evacuate Collection Set: 0.7ms
[2025-10-30T14:46:38.981+0000][gc,phases     ] GC(304)   Other: 0.6ms
[2025-10-30T14:46:38.981+0000][gc,heap       ] GC(304) Eden regions: 23->0(21)
[2025-10-30T14:46:38.981+0000][gc,heap       ] GC(304) Survivor regions: 2->4(4)
[2025-10-30T14:46:38.982+0000][gc,heap       ] GC(304) Old regions: 205->177
[2025-10-30T14:46:38.982+0000][gc,heap       ] GC(304) Humongous regions: 147->147
[2025-10-30T14:46:38.982+0000][gc,metaspace  ] GC(304) Metaspace: 52351K(55984K)->52351K(55984K) NonClass: 46512K(48560K)->46512K(48560K) Class: 5839K(7424K)->5839K(7424K)
[2025-10-30T14:46:38.982+0000][gc            ] GC(304) Pause Young (Mixed) (G1 Evacuation Pause) 376M->326M(512M) 12.687ms
[2025-10-30T14:46:38.982+0000][gc,cpu        ] GC(304) User=0.02s Sys=0.00s Real=0.01s
[2025-10-30T14:47:00.078+0000][gc,start      ] GC(305) Pause Young (Mixed) (G1 Evacuation Pause)
[2025-10-30T14:47:00.078+0000][gc,task       ] GC(305) Using 2 workers of 2 for evacuation
[2025-10-30T14:47:00.090+0000][gc,phases     ] GC(305)   Pre Evacuate Collection Set: 0.0ms
[2025-10-30T14:47:00.091+0000][gc,phases     ] GC(305)   Evacuate Collection Set: 11.1ms
[2025-10-30T14:47:00.091+0000][gc,phases     ] GC(305)   Post Evacuate Collection Set: 0.7ms
[2025-10-30T14:47:00.091+0000][gc,phases     ] GC(305)   Other: 0.5ms
[2025-10-30T14:47:00.091+0000][gc,heap       ] GC(305) Eden regions: 21->0(22)
[2025-10-30T14:47:00.091+0000][gc,heap       ] GC(305) Survivor regions: 4->3(4)
[2025-10-30T14:47:00.091+0000][gc,heap       ] GC(305) Old regions: 177->151
[2025-10-30T14:47:00.091+0000][gc,heap       ] GC(305) Humongous regions: 147->147
[2025-10-30T14:47:00.092+0000][gc,metaspace  ] GC(305) Metaspace: 52351K(55984K)->52351K(55984K) NonClass: 46512K(48560K)->46512K(48560K) Class: 5839K(7424K)->5839K(7424K)
[2025-10-30T14:47:00.092+0000][gc            ] GC(305) Pause Young (Mixed) (G1 Evacuation Pause) 347M->300M(512M) 13.569ms
[2025-10-30T14:47:00.092+0000][gc,cpu        ] GC(305) User=0.03s Sys=0.00s Real=0.02s
[2025-10-30T14:47:21.096+0000][gc,start      ] GC(306) Pause Young (Mixed) (G1 Evacuation Pause)
[2025-10-30T14:47:21.097+0000][gc,task       ] GC(306) Using 2 workers of 2 for evacuation
[2025-10-30T14:47:21.110+0000][gc,phases     ] GC(306)   Pre Evacuate Collection Set: 0.0ms
[2025-10-30T14:47:21.110+0000][gc,phases     ] GC(306)   Evacuate Collection Set: 11.3ms
[2025-10-30T14:47:21.110+0000][gc,phases     ] GC(306)   Post Evacuate Collection Set: 0.7ms
[2025-10-30T14:47:21.110+0000][gc,phases     ] GC(306)   Other: 1.5ms
[2025-10-30T14:47:21.110+0000][gc,heap       ] GC(306) Eden regions: 22->0(22)
[2025-10-30T14:47:21.110+0000][gc,heap       ] GC(306) Survivor regions: 3->3(4)
[2025-10-30T14:47:21.111+0000][gc,heap       ] GC(306) Old regions: 151->124
[2025-10-30T14:47:21.111+0000][gc,heap       ] GC(306) Humongous regions: 147->147
[2025-10-30T14:47:21.111+0000][gc,metaspace  ] GC(306) Metaspace: 52351K(55984K)->52351K(55984K) NonClass: 46512K(48560K)->46512K(48560K) Class: 5839K(7424K)->5839K(7424K)
[2025-10-30T14:47:21.111+0000][gc            ] GC(306) Pause Young (Mixed) (G1 Evacuation Pause) 322M->272M(512M) 15.135ms
[2025-10-30T14:47:21.112+0000][gc,cpu        ] GC(306) User=0.03s Sys=0.00s Real=0.02s
[2025-10-30T14:47:42.986+0000][gc,start      ] GC(307) Pause Young (Mixed) (G1 Evacuation Pause)
[2025-10-30T14:47:42.986+0000][gc,task       ] GC(307) Using 2 workers of 2 for evacuation
[2025-10-30T14:47:43.004+0000][gc,phases     ] GC(307)   Pre Evacuate Collection Set: 0.1ms
[2025-10-30T14:47:43.005+0000][gc,phases     ] GC(307)   Evacuate Collection Set: 16.3ms
[2025-10-30T14:47:43.005+0000][gc,phases     ] GC(307)   Post Evacuate Collection Set: 1.0ms
[2025-10-30T14:47:43.005+0000][gc,phases     ] GC(307)   Other: 1.2ms
[2025-10-30T14:47:43.005+0000][gc,heap       ] GC(307) Eden regions: 22->0(21)
[2025-10-30T14:47:43.005+0000][gc,heap       ] GC(307) Survivor regions: 3->4(4)
[2025-10-30T14:47:43.006+0000][gc,heap       ] GC(307) Old regions: 124->96
[2025-10-30T14:47:43.006+0000][gc,heap       ] GC(307) Humongous regions: 147->147
[2025-10-30T14:47:43.006+0000][gc,metaspace  ] GC(307) Metaspace: 52351K(55984K)->52351K(55984K) NonClass: 46512K(48560K)->46512K(48560K) Class: 5839K(7424K)->5839K(7424K)
[2025-10-30T14:47:43.006+0000][gc            ] GC(307) Pause Young (Mixed) (G1 Evacuation Pause) 294M->245M(512M) 20.255ms
[2025-10-30T14:47:43.006+0000][gc,cpu        ] GC(307) User=0.04s Sys=0.00s Real=0.02s
[2025-10-30T14:48:05.609+0000][gc,start      ] GC(308) Pause Young (Mixed) (G1 Evacuation Pause)
[2025-10-30T14:48:05.610+0000][gc,task       ] GC(308) Using 2 workers of 2 for evacuation
[2025-10-30T14:48:05.623+0000][gc,phases     ] GC(308)   Pre Evacuate Collection Set: 0.1ms
[2025-10-30T14:48:05.624+0000][gc,phases     ] GC(308)   Evacuate Collection Set: 12.6ms
[2025-10-30T14:48:05.624+0000][gc,phases     ] GC(308)   Post Evacuate Collection Set: 0.7ms
[2025-10-30T14:48:05.624+0000][gc,phases     ] GC(308)   Other: 0.7ms
[2025-10-30T14:48:05.624+0000][gc,heap       ] GC(308) Eden regions: 21->0(22)
[2025-10-30T14:48:05.624+0000][gc,heap       ] GC(308) Survivor regions: 4->3(4)
[2025-10-30T14:48:05.625+0000][gc,heap       ] GC(308) Old regions: 96->70
[2025-10-30T14:48:05.625+0000][gc,heap       ] GC(308) Humongous regions: 147->147
[2025-10-30T14:48:05.625+0000][gc,metaspace  ] GC(308) Metaspace: 52351K(55984K)->52351K(55984K) NonClass: 46512K(48560K)->46512K(48560K) Class: 5839K(7424K)->5839K(7424K)
[2025-10-30T14:48:05.625+0000][gc            ] GC(308) Pause Young (Mixed) (G1 Evacuation Pause) 266M->219M(512M) 15.810ms
[2025-10-30T14:48:05.625+0000][gc,cpu        ] GC(308) User=0.03s Sys=0.00s Real=0.02s
[2025-10-30T14:48:28.086+0000][gc,start      ] GC(309) Pause Young (Mixed) (G1 Evacuation Pause)
[2025-10-30T14:48:28.086+0000][gc,task       ] GC(309) Using 2 workers of 2 for evacuation
[2025-10-30T14:48:28.099+0000][gc,phases     ] GC(309)   Pre Evacuate Collection Set: 0.1ms
[2025-10-30T14:48:28.099+0000][gc,phases     ] GC(309)   Evacuate Collection Set: 11.3ms
[2025-10-30T14:48:28.100+0000][gc,phases     ] GC(309)   Post Evacuate Collection Set: 1.0ms
[2025-10-30T14:48:28.100+0000][gc,phases     ] GC(309)   Other: 0.7ms
[2025-10-30T14:48:28.100+0000][gc,heap       ] GC(309) Eden regions: 22->0(28)
[2025-10-30T14:48:28.100+0000][gc,heap       ] GC(309) Survivor regions: 3->3(4)
[2025-10-30T14:48:28.101+0000][gc,heap       ] GC(309) Old regions: 70->53
[2025-10-30T14:48:28.101+0000][gc,heap       ] GC(309) Humongous regions: 147->147
[2025-10-30T14:48:28.101+0000][gc,metaspace  ] GC(309) Metaspace: 52351K(55984K)->52351K(55984K) NonClass: 46512K(48560K)->46512K(48560K) Class: 5839K(7424K)->5839K(7424K)
[2025-10-30T14:48:28.101+0000][gc            ] GC(309) Pause Young (Mixed) (G1 Evacuation Pause) 241M->201M(512M) 15.016ms
[2025-10-30T14:48:28.101+0000][gc,cpu        ] GC(309) User=0.03s Sys=0.00s Real=0.01s
[2025-10-30T14:48:58.532+0000][gc,start      ] GC(310) Pause Young (Normal) (G1 Evacuation Pause)
[2025-10-30T14:48:58.533+0000][gc,task       ] GC(310) Using 2 workers of 2 for evacuation
[2025-10-30T14:48:58.546+0000][gc,phases     ] GC(310)   Pre Evacuate Collection Set: 0.1ms
[2025-10-30T14:48:58.547+0000][gc,phases     ] GC(310)   Evacuate Collection Set: 11.3ms
[2025-10-30T14:48:58.547+0000][gc,phases     ] GC(310)   Post Evacuate Collection Set: 1.2ms
[2025-10-30T14:48:58.547+0000][gc,phases     ] GC(310)   Other: 1.1ms
[2025-10-30T14:48:58.547+0000][gc,heap       ] GC(310) Eden regions: 25->0(31)
[2025-10-30T14:48:58.547+0000][gc,heap       ] GC(310) Survivor regions: 3->4(4)
[2025-10-30T14:48:58.547+0000][gc,heap       ] GC(310) Old regions: 53->54
[2025-10-30T14:48:58.548+0000][gc,heap       ] GC(310) Humongous regions: 147->147
[2025-10-30T14:48:58.548+0000][gc,metaspace  ] GC(310) Metaspace: 52351K(55984K)->52351K(55984K) NonClass: 46512K(48560K)->46512K(48560K) Class: 5839K(7424K)->5839K(7424K)
[2025-10-30T14:48:58.548+0000][gc            ] GC(310) Pause Young (Normal) (G1 Evacuation Pause) 226M->204M(512M) 15.633ms
[2025-10-30T14:48:58.548+0000][gc,cpu        ] GC(310) User=0.02s Sys=0.00s Real=0.02s
[2025-10-30T14:49:26.009+0000][gc,start      ] GC(311) Pause Young (Normal) (G1 Evacuation Pause)
[2025-10-30T14:49:26.010+0000][gc,task       ] GC(311) Using 2 workers of 2 for evacuation
[2025-10-30T14:49:26.023+0000][gc,phases     ] GC(311)   Pre Evacuate Collection Set: 0.0ms
[2025-10-30T14:49:26.023+0000][gc,phases     ] GC(311)   Evacuate Collection Set: 11.2ms
[2025-10-30T14:49:26.023+0000][gc,phases     ] GC(311)   Post Evacuate Collection Set: 0.8ms
[2025-10-30T14:49:26.023+0000][gc,phases     ] GC(311)   Other: 1.4ms
[2025-10-30T14:49:26.024+0000][gc,heap       ] GC(311) Eden regions: 30->0(33)
[2025-10-30T14:49:26.024+0000][gc,heap       ] GC(311) Survivor regions: 4->3(5)
[2025-10-30T14:49:26.024+0000][gc,heap       ] GC(311) Old regions: 54->55
[2025-10-30T14:49:26.024+0000][gc,heap       ] GC(311) Humongous regions: 147->147
[2025-10-30T14:49:26.024+0000][gc,metaspace  ] GC(311) Metaspace: 52356K(55984K)->52356K(55984K) NonClass: 46517K(48560K)->46517K(48560K) Class: 5839K(7424K)->5839K(7424K)
[2025-10-30T14:49:26.024+0000][gc            ] GC(311) Pause Young (Normal) (G1 Evacuation Pause) 234M->204M(512M) 15.064ms
[2025-10-30T14:49:26.025+0000][gc,cpu        ] GC(311) User=0.02s Sys=0.00s Real=0.02s
[2025-10-30T14:49:58.789+0000][gc,start      ] GC(312) Pause Young (Normal) (G1 Evacuation Pause)
[2025-10-30T14:49:58.789+0000][gc,task       ] GC(312) Using 2 workers of 2 for evacuation
[2025-10-30T14:49:58.802+0000][gc,phases     ] GC(312)   Pre Evacuate Collection Set: 0.0ms
[2025-10-30T14:49:58.802+0000][gc,phases     ] GC(312)   Evacuate Collection Set: 11.9ms
[2025-10-30T14:49:58.802+0000][gc,phases     ] GC(312)   Post Evacuate Collection Set: 0.7ms
[2025-10-30T14:49:58.802+0000][gc,phases     ] GC(312)   Other: 0.8ms
[2025-10-30T14:49:58.803+0000][gc,heap       ] GC(312) Eden regions: 33->0(36)
[2025-10-30T14:49:58.803+0000][gc,heap       ] GC(312) Survivor regions: 3->5(5)
[2025-10-30T14:49:58.803+0000][gc,heap       ] GC(312) Old regions: 55->55
[2025-10-30T14:49:58.803+0000][gc,heap       ] GC(312) Humongous regions: 147->147
[2025-10-30T14:49:58.803+0000][gc,metaspace  ] GC(312) Metaspace: 52356K(55984K)->52356K(55984K) NonClass: 46517K(48560K)->46517K(48560K) Class: 5839K(7424K)->5839K(7424K)
[2025-10-30T14:49:58.804+0000][gc            ] GC(312) Pause Young (Normal) (G1 Evacuation Pause) 237M->206M(512M) 14.968ms
[2025-10-30T14:49:58.804+0000][gc,cpu        ] GC(312) User=0.03s Sys=0.00s Real=0.01s
[2025-10-30T14:50:31.674+0000][gc,start      ] GC(313) Pause Young (Normal) (G1 Evacuation Pause)
[2025-10-30T14:50:31.674+0000][gc,task       ] GC(313) Using 2 workers of 2 for evacuation
[2025-10-30T14:50:31.687+0000][gc,phases     ] GC(313)   Pre Evacuate Collection Set: 0.0ms
[2025-10-30T14:50:31.688+0000][gc,phases     ] GC(313)   Evacuate Collection Set: 12.3ms
[2025-10-30T14:50:31.688+0000][gc,phases     ] GC(313)   Post Evacuate Collection Set: 0.6ms
[2025-10-30T14:50:31.688+0000][gc,phases     ] GC(313)   Other: 0.6ms
[2025-10-30T14:50:31.688+0000][gc,heap       ] GC(313) Eden regions: 36->0(39)
[2025-10-30T14:50:31.688+0000][gc,heap       ] GC(313) Survivor regions: 5->3(6)
[2025-10-30T14:50:31.688+0000][gc,heap       ] GC(313) Old regions: 55->57
[2025-10-30T14:50:31.689+0000][gc,heap       ] GC(313) Humongous regions: 147->147
[2025-10-30T14:50:31.689+0000][gc,metaspace  ] GC(313) Metaspace: 52356K(55984K)->52356K(55984K) NonClass: 46517K(48560K)->46517K(48560K) Class: 5839K(7424K)->5839K(7424K)
[2025-10-30T14:50:31.689+0000][gc            ] GC(313) Pause Young (Normal) (G1 Evacuation Pause) 242M->206M(512M) 15.021ms
[2025-10-30T14:50:31.689+0000][gc,cpu        ] GC(313) User=0.02s Sys=0.00s Real=0.02s
[2025-10-30T14:51:11.500+0000][gc,start      ] GC(314) Pause Young (Normal) (G1 Evacuation Pause)
[2025-10-30T14:51:11.500+0000][gc,task       ] GC(314) Using 2 workers of 2 for evacuation
[2025-10-30T14:51:11.514+0000][gc,phases     ] GC(314)   Pre Evacuate Collection Set: 0.0ms
[2025-10-30T14:51:11.514+0000][gc,phases     ] GC(314)   Evacuate Collection Set: 12.7ms
[2025-10-30T14:51:11.515+0000][gc,phases     ] GC(314)   Post Evacuate Collection Set: 0.7ms
[2025-10-30T14:51:11.515+0000][gc,phases     ] GC(314)   Other: 0.6ms
[2025-10-30T14:51:11.515+0000][gc,heap       ] GC(314) Eden regions: 39->0(40)
[2025-10-30T14:51:11.515+0000][gc,heap       ] GC(314) Survivor regions: 3->6(6)
[2025-10-30T14:51:11.515+0000][gc,heap       ] GC(314) Old regions: 57->57
[2025-10-30T14:51:11.515+0000][gc,heap       ] GC(314) Humongous regions: 147->147
[2025-10-30T14:51:11.516+0000][gc,metaspace  ] GC(314) Metaspace: 52357K(55984K)->52357K(55984K) NonClass: 46518K(48560K)->46518K(48560K) Class: 5839K(7424K)->5839K(7424K)
[2025-10-30T14:51:11.516+0000][gc            ] GC(314) Pause Young (Normal) (G1 Evacuation Pause) 245M->209M(512M) 15.744ms
[2025-10-30T14:51:11.516+0000][gc,cpu        ] GC(314) User=0.03s Sys=0.00s Real=0.02s
[2025-10-30T14:51:50.620+0000][gc,start      ] GC(315) Pause Young (Normal) (G1 Evacuation Pause)
[2025-10-30T14:51:50.620+0000][gc,task       ] GC(315) Using 2 workers of 2 for evacuation
[2025-10-30T14:51:50.641+0000][gc,mmu        ] GC(315) MMU target violated: 20.5ms (20.0ms/21.0ms)
[2025-10-30T14:51:50.642+0000][gc,phases     ] GC(315)   Pre Evacuate Collection Set: 0.0ms
[2025-10-30T14:51:50.642+0000][gc,phases     ] GC(315)   Evacuate Collection Set: 19.4ms
[2025-10-30T14:51:50.642+0000][gc,phases     ] GC(315)   Post Evacuate Collection Set: 0.9ms
[2025-10-30T14:51:50.643+0000][gc,phases     ] GC(315)   Other: 1.6ms
[2025-10-30T14:51:50.643+0000][gc,heap       ] GC(315) Eden regions: 40->0(38)
[2025-10-30T14:51:50.643+0000][gc,heap       ] GC(315) Survivor regions: 6->4(6)
[2025-10-30T14:51:50.644+0000][gc,heap       ] GC(315) Old regions: 57->59
[2025-10-30T14:51:50.644+0000][gc,heap       ] GC(315) Humongous regions: 147->147
[2025-10-30T14:51:50.644+0000][gc,metaspace  ] GC(315) Metaspace: 52357K(55984K)->52357K(55984K) NonClass: 46518K(48560K)->46518K(48560K) Class: 5839K(7424K)->5839K(7424K)
[2025-10-30T14:51:50.645+0000][gc            ] GC(315) Pause Young (Normal) (G1 Evacuation Pause) 249M->209M(512M) 24.636ms
[2025-10-30T14:51:50.645+0000][gc,cpu        ] GC(315) User=0.04s Sys=0.00s Real=0.02s
[2025-10-30T14:52:29.472+0000][gc,start      ] GC(316) Pause Young (Normal) (G1 Evacuation Pause)
[2025-10-30T14:52:29.473+0000][gc,task       ] GC(316) Using 2 workers of 2 for evacuation
[2025-10-30T14:52:29.490+0000][gc,phases     ] GC(316)   Pre Evacuate Collection Set: 0.0ms
[2025-10-30T14:52:29.490+0000][gc,phases     ] GC(316)   Evacuate Collection Set: 15.8ms
[2025-10-30T14:52:29.491+0000][gc,phases     ] GC(316)   Post Evacuate Collection Set: 0.8ms
[2025-10-30T14:52:29.491+0000][gc,phases     ] GC(316)   Other: 1.7ms
[2025-10-30T14:52:29.491+0000][gc,heap       ] GC(316) Eden regions: 38->0(39)
[2025-10-30T14:52:29.492+0000][gc,heap       ] GC(316) Survivor regions: 4->4(6)
[2025-10-30T14:52:29.492+0000][gc,heap       ] GC(316) Old regions: 59->61
[2025-10-30T14:52:29.492+0000][gc,heap       ] GC(316) Humongous regions: 147->147
[2025-10-30T14:52:29.492+0000][gc,metaspace  ] GC(316) Metaspace: 52357K(55984K)->52357K(55984K) NonClass: 46518K(48560K)->46518K(48560K) Class: 5839K(7424K)->5839K(7424K)
[2025-10-30T14:52:29.493+0000][gc            ] GC(316) Pause Young (Normal) (G1 Evacuation Pause) 247M->210M(512M) 20.975ms
[2025-10-30T14:52:29.493+0000][gc,cpu        ] GC(316) User=0.04s Sys=0.00s Real=0.02s
[2025-10-30T14:53:13.447+0000][gc,start      ] GC(317) Pause Young (Normal) (G1 Evacuation Pause)
[2025-10-30T14:53:13.448+0000][gc,task       ] GC(317) Using 2 workers of 2 for evacuation
[2025-10-30T14:53:13.466+0000][gc,phases     ] GC(317)   Pre Evacuate Collection Set: 0.0ms
[2025-10-30T14:53:13.466+0000][gc,phases     ] GC(317)   Evacuate Collection Set: 16.7ms
[2025-10-30T14:53:13.466+0000][gc,phases     ] GC(317)   Post Evacuate Collection Set: 0.7ms
[2025-10-30T14:53:13.466+0000][gc,phases     ] GC(317)   Other: 0.8ms
[2025-10-30T14:53:13.466+0000][gc,heap       ] GC(317) Eden regions: 39->0(38)
[2025-10-30T14:53:13.467+0000][gc,heap       ] GC(317) Survivor regions: 4->6(6)
[2025-10-30T14:53:13.467+0000][gc,heap       ] GC(317) Old regions: 61->61
[2025-10-30T14:53:13.467+0000][gc,heap       ] GC(317) Humongous regions: 147->147
[2025-10-30T14:53:13.467+0000][gc,metaspace  ] GC(317) Metaspace: 52357K(55984K)->52357K(55984K) NonClass: 46518K(48560K)->46518K(48560K) Class: 5839K(7424K)->5839K(7424K)
[2025-10-30T14:53:13.468+0000][gc            ] GC(317) Pause Young (Normal) (G1 Evacuation Pause) 249M->213M(512M) 20.166ms
[2025-10-30T14:53:13.468+0000][gc,cpu        ] GC(317) User=0.04s Sys=0.00s Real=0.02s
[2025-10-30T14:53:54.597+0000][gc,start      ] GC(318) Pause Young (Normal) (G1 Evacuation Pause)
[2025-10-30T14:53:54.597+0000][gc,task       ] GC(318) Using 2 workers of 2 for evacuation
[2025-10-30T14:53:54.616+0000][gc,phases     ] GC(318)   Pre Evacuate Collection Set: 0.0ms
[2025-10-30T14:53:54.616+0000][gc,phases     ] GC(318)   Evacuate Collection Set: 17.3ms
[2025-10-30T14:53:54.616+0000][gc,phases     ] GC(318)   Post Evacuate Collection Set: 0.9ms
[2025-10-30T14:53:54.616+0000][gc,phases     ] GC(318)   Other: 0.7ms
[2025-10-30T14:53:54.617+0000][gc,heap       ] GC(318) Eden regions: 38->0(38)
[2025-10-30T14:53:54.617+0000][gc,heap       ] GC(318) Survivor regions: 6->4(6)
[2025-10-30T14:53:54.617+0000][gc,heap       ] GC(318) Old regions: 61->64
[2025-10-30T14:53:54.617+0000][gc,heap       ] GC(318) Humongous regions: 147->147
[2025-10-30T14:53:54.618+0000][gc,metaspace  ] GC(318) Metaspace: 52357K(55984K)->52357K(55984K) NonClass: 46518K(48560K)->46518K(48560K) Class: 5839K(7424K)->5839K(7424K)
[2025-10-30T14:53:54.618+0000][gc            ] GC(318) Pause Young (Normal) (G1 Evacuation Pause) 251M->214M(512M) 21.107ms
[2025-10-30T14:53:54.618+0000][gc,cpu        ] GC(318) User=0.04s Sys=0.00s Real=0.02s
[2025-10-30T14:54:32.776+0000][gc,start      ] GC(319) Pause Young (Normal) (G1 Evacuation Pause)
[2025-10-30T14:54:32.776+0000][gc,task       ] GC(319) Using 2 workers of 2 for evacuation
[2025-10-30T14:54:32.787+0000][gc,phases     ] GC(319)   Pre Evacuate Collection Set: 0.0ms
[2025-10-30T14:54:32.788+0000][gc,phases     ] GC(319)   Evacuate Collection Set: 10.5ms
[2025-10-30T14:54:32.788+0000][gc,phases     ] GC(319)   Post Evacuate Collection Set: 0.7ms
[2025-10-30T14:54:32.788+0000][gc,phases     ] GC(319)   Other: 0.6ms
[2025-10-30T14:54:32.788+0000][gc,heap       ] GC(319) Eden regions: 38->0(42)
[2025-10-30T14:54:32.788+0000][gc,heap       ] GC(319) Survivor regions: 4->4(6)
[2025-10-30T14:54:32.788+0000][gc,heap       ] GC(319) Old regions: 64->65
[2025-10-30T14:54:32.789+0000][gc,heap       ] GC(319) Humongous regions: 147->147
[2025-10-30T14:54:32.789+0000][gc,metaspace  ] GC(319) Metaspace: 52357K(55984K)->52357K(55984K) NonClass: 46518K(48560K)->46518K(48560K) Class: 5839K(7424K)->5839K(7424K)
[2025-10-30T14:54:32.789+0000][gc            ] GC(319) Pause Young (Normal) (G1 Evacuation Pause) 252M->215M(512M) 13.151ms
[2025-10-30T14:54:32.789+0000][gc,cpu        ] GC(319) User=0.02s Sys=0.00s Real=0.01s
[2025-10-30T14:55:15.302+0000][gc,start      ] GC(320) Pause Young (Normal) (G1 Evacuation Pause)
[2025-10-30T14:55:15.303+0000][gc,task       ] GC(320) Using 2 workers of 2 for evacuation
[2025-10-30T14:55:15.319+0000][gc,phases     ] GC(320)   Pre Evacuate Collection Set: 0.0ms
[2025-10-30T14:55:15.319+0000][gc,phases     ] GC(320)   Evacuate Collection Set: 14.5ms
[2025-10-30T14:55:15.319+0000][gc,phases     ] GC(320)   Post Evacuate Collection Set: 0.8ms
[2025-10-30T14:55:15.319+0000][gc,phases     ] GC(320)   Other: 0.9ms
[2025-10-30T14:55:15.319+0000][gc,heap       ] GC(320) Eden regions: 42->0(42)
[2025-10-30T14:55:15.320+0000][gc,heap       ] GC(320) Survivor regions: 4->6(6)
[2025-10-30T14:55:15.320+0000][gc,heap       ] GC(320) Old regions: 65->65
[2025-10-30T14:55:15.320+0000][gc,heap       ] GC(320) Humongous regions: 147->147
[2025-10-30T14:55:15.320+0000][gc,metaspace  ] GC(320) Metaspace: 52358K(55984K)->52358K(55984K) NonClass: 46519K(48560K)->46519K(48560K) Class: 5839K(7424K)->5839K(7424K)
[2025-10-30T14:55:15.320+0000][gc            ] GC(320) Pause Young (Normal) (G1 Evacuation Pause) 257M->217M(512M) 18.102ms
[2025-10-30T14:55:15.321+0000][gc,cpu        ] GC(320) User=0.03s Sys=0.00s Real=0.02s
[2025-10-30T14:55:40.950+0000][gc,start      ] GC(321) Pause Young (Normal) (G1 Evacuation Pause)
[2025-10-30T14:55:40.950+0000][gc,task       ] GC(321) Using 2 workers of 2 for evacuation
[2025-10-30T14:55:40.983+0000][gc,mmu        ] GC(321) MMU target violated: 21.0ms (20.0ms/21.0ms)
[2025-10-30T14:55:40.984+0000][gc,phases     ] GC(321)   Pre Evacuate Collection Set: 0.0ms
[2025-10-30T14:55:40.984+0000][gc,phases     ] GC(321)   Evacuate Collection Set: 30.4ms
[2025-10-30T14:55:40.985+0000][gc,phases     ] GC(321)   Post Evacuate Collection Set: 1.4ms
[2025-10-30T14:55:40.985+0000][gc,phases     ] GC(321)   Other: 2.1ms
[2025-10-30T14:55:40.986+0000][gc,heap       ] GC(321) Eden regions: 28->0(20)
[2025-10-30T14:55:40.987+0000][gc,heap       ] GC(321) Survivor regions: 6->5(5)
[2025-10-30T14:55:40.987+0000][gc,heap       ] GC(321) Old regions: 65->70
[2025-10-30T14:55:40.989+0000][gc,heap       ] GC(321) Humongous regions: 147->147
[2025-10-30T14:55:40.990+0000][gc,metaspace  ] GC(321) Metaspace: 52359K(55984K)->52359K(55984K) NonClass: 46520K(48560K)->46520K(48560K) Class: 5839K(7424K)->5839K(7424K)
[2025-10-30T14:55:40.991+0000][gc            ] GC(321) Pause Young (Normal) (G1 Evacuation Pause) 245M->221M(512M) 40.798ms
[2025-10-30T14:55:40.991+0000][gc,cpu        ] GC(321) User=0.07s Sys=0.00s Real=0.04s
[2025-10-30T14:56:01.116+0000][gc,start      ] GC(322) Pause Young (Normal) (G1 Evacuation Pause)
[2025-10-30T14:56:01.116+0000][gc,task       ] GC(322) Using 2 workers of 2 for evacuation
[2025-10-30T14:56:01.134+0000][gc,phases     ] GC(322)   Pre Evacuate Collection Set: 0.0ms
[2025-10-30T14:56:01.135+0000][gc,phases     ] GC(322)   Evacuate Collection Set: 16.1ms
[2025-10-30T14:56:01.135+0000][gc,phases     ] GC(322)   Post Evacuate Collection Set: 0.8ms
[2025-10-30T14:56:01.135+0000][gc,phases     ] GC(322)   Other: 1.8ms
[2025-10-30T14:56:01.135+0000][gc,heap       ] GC(322) Eden regions: 20->0(23)
[2025-10-30T14:56:01.136+0000][gc,heap       ] GC(322) Survivor regions: 5->2(4)
[2025-10-30T14:56:01.136+0000][gc,heap       ] GC(322) Old regions: 70->75
[2025-10-30T14:56:01.136+0000][gc,heap       ] GC(322) Humongous regions: 147->147
[2025-10-30T14:56:01.136+0000][gc,metaspace  ] GC(322) Metaspace: 52360K(55984K)->52360K(55984K) NonClass: 46521K(48560K)->46521K(48560K) Class: 5839K(7424K)->5839K(7424K)
[2025-10-30T14:56:01.137+0000][gc            ] GC(322) Pause Young (Normal) (G1 Evacuation Pause) 241M->223M(512M) 21.011ms
[2025-10-30T14:56:01.137+0000][gc,cpu        ] GC(322) User=0.03s Sys=0.00s Real=0.02s
[2025-10-30T14:56:25.327+0000][gc,start      ] GC(323) Pause Young (Normal) (G1 Evacuation Pause)
[2025-10-30T14:56:25.327+0000][gc,task       ] GC(323) Using 2 workers of 2 for evacuation
[2025-10-30T14:56:25.336+0000][gc,phases     ] GC(323)   Pre Evacuate Collection Set: 0.0ms
[2025-10-30T14:56:25.336+0000][gc,phases     ] GC(323)   Evacuate Collection Set: 7.8ms
[2025-10-30T14:56:25.337+0000][gc,phases     ] GC(323)   Post Evacuate Collection Set: 0.8ms
[2025-10-30T14:56:25.337+0000][gc,phases     ] GC(323)   Other: 0.6ms
[2025-10-30T14:56:25.337+0000][gc,heap       ] GC(323) Eden regions: 23->0(25)
[2025-10-30T14:56:25.337+0000][gc,heap       ] GC(323) Survivor regions: 2->4(4)
[2025-10-30T14:56:25.337+0000][gc,heap       ] GC(323) Old regions: 75->75
[2025-10-30T14:56:25.338+0000][gc,heap       ] GC(323) Humongous regions: 147->147
[2025-10-30T14:56:25.338+0000][gc,metaspace  ] GC(323) Metaspace: 52360K(55984K)->52360K(55984K) NonClass: 46521K(48560K)->46521K(48560K) Class: 5839K(7424K)->5839K(7424K)
[2025-10-30T14:56:25.338+0000][gc            ] GC(323) Pause Young (Normal) (G1 Evacuation Pause) 246M->224M(512M) 11.247ms
[2025-10-30T14:56:25.338+0000][gc,cpu        ] GC(323) User=0.02s Sys=0.00s Real=0.01s
[2025-10-30T14:56:49.693+0000][gc,start      ] GC(324) Pause Young (Normal) (G1 Evacuation Pause)
[2025-10-30T14:56:49.693+0000][gc,task       ] GC(324) Using 2 workers of 2 for evacuation
[2025-10-30T14:56:49.701+0000][gc,phases     ] GC(324)   Pre Evacuate Collection Set: 0.0ms
[2025-10-30T14:56:49.701+0000][gc,phases     ] GC(324)   Evacuate Collection Set: 7.0ms
[2025-10-30T14:56:49.701+0000][gc,phases     ] GC(324)   Post Evacuate Collection Set: 0.5ms
[2025-10-30T14:56:49.702+0000][gc,phases     ] GC(324)   Other: 0.5ms
[2025-10-30T14:56:49.702+0000][gc,heap       ] GC(324) Eden regions: 25->0(31)
[2025-10-30T14:56:49.702+0000][gc,heap       ] GC(324) Survivor regions: 4->3(4)
[2025-10-30T14:56:49.702+0000][gc,heap       ] GC(324) Old regions: 75->76
[2025-10-30T14:56:49.702+0000][gc,heap       ] GC(324) Humongous regions: 147->147
[2025-10-30T14:56:49.702+0000][gc,metaspace  ] GC(324) Metaspace: 52360K(55984K)->52360K(55984K) NonClass: 46521K(48560K)->46521K(48560K) Class: 5839K(7424K)->5839K(7424K)
[2025-10-30T14:56:49.702+0000][gc            ] GC(324) Pause Young (Normal) (G1 Evacuation Pause) 249M->224M(512M) 9.359ms
[2025-10-30T14:56:49.703+0000][gc,cpu        ] GC(324) User=0.01s Sys=0.00s Real=0.01s
[2025-10-30T14:57:16.949+0000][gc,start      ] GC(325) Pause Young (Normal) (G1 Evacuation Pause)
[2025-10-30T14:57:16.949+0000][gc,task       ] GC(325) Using 2 workers of 2 for evacuation
[2025-10-30T14:57:16.957+0000][gc,phases     ] GC(325)   Pre Evacuate Collection Set: 0.0ms
[2025-10-30T14:57:16.958+0000][gc,phases     ] GC(325)   Evacuate Collection Set: 7.7ms
[2025-10-30T14:57:16.958+0000][gc,phases     ] GC(325)   Post Evacuate Collection Set: 0.6ms
[2025-10-30T14:57:16.958+0000][gc,phases     ] GC(325)   Other: 0.5ms
[2025-10-30T14:57:16.958+0000][gc,heap       ] GC(325) Eden regions: 31->0(35)
[2025-10-30T14:57:16.958+0000][gc,heap       ] GC(325) Survivor regions: 3->5(5)
[2025-10-30T14:57:16.958+0000][gc,heap       ] GC(325) Old regions: 76->76
[2025-10-30T14:57:16.958+0000][gc,heap       ] GC(325) Humongous regions: 147->147
[2025-10-30T14:57:16.958+0000][gc,metaspace  ] GC(325) Metaspace: 52360K(55984K)->52360K(55984K) NonClass: 46521K(48560K)->46521K(48560K) Class: 5839K(7424K)->5839K(7424K)
[2025-10-30T14:57:16.958+0000][gc            ] GC(325) Pause Young (Normal) (G1 Evacuation Pause) 255M->226M(512M) 9.883ms
[2025-10-30T14:57:16.959+0000][gc,cpu        ] GC(325) User=0.02s Sys=0.00s Real=0.01s
[2025-10-30T14:57:49.058+0000][gc,start      ] GC(326) Pause Young (Normal) (G1 Evacuation Pause)
[2025-10-30T14:57:49.058+0000][gc,task       ] GC(326) Using 2 workers of 2 for evacuation
[2025-10-30T14:57:49.067+0000][gc,phases     ] GC(326)   Pre Evacuate Collection Set: 0.0ms
[2025-10-30T14:57:49.067+0000][gc,phases     ] GC(326)   Evacuate Collection Set: 7.7ms
[2025-10-30T14:57:49.067+0000][gc,phases     ] GC(326)   Post Evacuate Collection Set: 0.6ms
[2025-10-30T14:57:49.067+0000][gc,phases     ] GC(326)   Other: 0.5ms
[2025-10-30T14:57:49.067+0000][gc,heap       ] GC(326) Eden regions: 35->0(42)
[2025-10-30T14:57:49.067+0000][gc,heap       ] GC(326) Survivor regions: 5->3(5)
[2025-10-30T14:57:49.068+0000][gc,heap       ] GC(326) Old regions: 76->78
[2025-10-30T14:57:49.068+0000][gc,heap       ] GC(326) Humongous regions: 147->147
[2025-10-30T14:57:49.068+0000][gc,metaspace  ] GC(326) Metaspace: 52360K(55984K)->52360K(55984K) NonClass: 46521K(48560K)->46521K(48560K) Class: 5839K(7424K)->5839K(7424K)
[2025-10-30T14:57:49.068+0000][gc            ] GC(326) Pause Young (Normal) (G1 Evacuation Pause) 261M->226M(512M) 10.514ms
[2025-10-30T14:57:49.068+0000][gc,cpu        ] GC(326) User=0.02s Sys=0.00s Real=0.01s
[2025-10-30T14:58:32.448+0000][gc,start      ] GC(327) Pause Young (Normal) (G1 Evacuation Pause)
[2025-10-30T14:58:32.448+0000][gc,task       ] GC(327) Using 2 workers of 2 for evacuation
[2025-10-30T14:58:32.460+0000][gc,phases     ] GC(327)   Pre Evacuate Collection Set: 0.0ms
[2025-10-30T14:58:32.460+0000][gc,phases     ] GC(327)   Evacuate Collection Set: 10.6ms
[2025-10-30T14:58:32.460+0000][gc,phases     ] GC(327)   Post Evacuate Collection Set: 0.7ms
[2025-10-30T14:58:32.461+0000][gc,phases     ] GC(327)   Other: 0.6ms
[2025-10-30T14:58:32.461+0000][gc,heap       ] GC(327) Eden regions: 42->0(45)
[2025-10-30T14:58:32.461+0000][gc,heap       ] GC(327) Survivor regions: 3->6(6)
[2025-10-30T14:58:32.461+0000][gc,heap       ] GC(327) Old regions: 78->78
[2025-10-30T14:58:32.461+0000][gc,heap       ] GC(327) Humongous regions: 147->147
[2025-10-30T14:58:32.461+0000][gc,metaspace  ] GC(327) Metaspace: 52360K(55984K)->52360K(55984K) NonClass: 46521K(48560K)->46521K(48560K) Class: 5839K(7424K)->5839K(7424K)
[2025-10-30T14:58:32.462+0000][gc            ] GC(327) Pause Young (Normal) (G1 Evacuation Pause) 268M->229M(512M) 13.434ms
[2025-10-30T14:58:32.462+0000][gc,cpu        ] GC(327) User=0.02s Sys=0.00s Real=0.01s
