[2025-11-07T19:27:10.118+0000][gc,heap] Heap region size: 1M
[2025-11-07T19:27:10.140+0000][gc     ] Using G1
[2025-11-07T19:27:10.140+0000][gc,heap,coops] Heap address: 0x00000000c0000000, size: 1024 MB, Compressed Oops mode: 32-bit
[2025-11-07T19:27:15.066+0000][gc,start     ] GC(0) Pause Young (Normal) (G1 Evacuation Pause)
[2025-11-07T19:27:15.067+0000][gc,task      ] GC(0) Using 2 workers of 2 for evacuation
[2025-11-07T19:27:15.094+0000][gc,mmu       ] GC(0) MMU target violated: 21.0ms (20.0ms/21.0ms)
[2025-11-07T19:27:15.096+0000][gc,phases    ] GC(0)   Pre Evacuate Collection Set: 0.0ms
[2025-11-07T19:27:15.096+0000][gc,phases    ] GC(0)   Evacuate Collection Set: 25.5ms
[2025-11-07T19:27:15.097+0000][gc,phases    ] GC(0)   Post Evacuate Collection Set: 0.9ms
[2025-11-07T19:27:15.098+0000][gc,phases    ] GC(0)   Other: 3.4ms
[2025-11-07T19:27:15.098+0000][gc,heap      ] GC(0) Eden regions: 25->0(21)
[2025-11-07T19:27:15.098+0000][gc,heap      ] GC(0) Survivor regions: 0->4(4)
[2025-11-07T19:27:15.099+0000][gc,heap      ] GC(0) Old regions: 0->3
[2025-11-07T19:27:15.101+0000][gc,heap      ] GC(0) Humongous regions: 0->0
[2025-11-07T19:27:15.101+0000][gc,metaspace ] GC(0) Metaspace: 17780K(18432K)->17780K(18432K) NonClass: 15901K(16384K)->15901K(16384K) Class: 1879K(2048K)->1879K(2048K)
[2025-11-07T19:27:15.101+0000][gc           ] GC(0) Pause Young (Normal) (G1 Evacuation Pause) 25M->6M(512M) 35.419ms
[2025-11-07T19:27:15.102+0000][gc,cpu       ] GC(0) User=0.02s Sys=0.02s Real=0.03s
[2025-11-07T19:27:15.989+0000][gc,start     ] GC(1) Pause Young (Concurrent Start) (Metadata GC Threshold)
[2025-11-07T19:27:15.989+0000][gc,task      ] GC(1) Using 2 workers of 2 for evacuation
[2025-11-07T19:27:16.075+0000][gc,mmu       ] GC(1) MMU target violated: 21.0ms (20.0ms/21.0ms)
[2025-11-07T19:27:16.079+0000][gc,phases    ] GC(1)   Pre Evacuate Collection Set: 0.0ms
[2025-11-07T19:27:16.083+0000][gc,phases    ] GC(1)   Evacuate Collection Set: 84.8ms
[2025-11-07T19:27:16.083+0000][gc,phases    ] GC(1)   Post Evacuate Collection Set: 0.3ms
[2025-11-07T19:27:16.083+0000][gc,phases    ] GC(1)   Other: 4.9ms
[2025-11-07T19:27:16.084+0000][gc,heap      ] GC(1) Eden regions: 9->0(24)
[2025-11-07T19:27:16.084+0000][gc,heap      ] GC(1) Survivor regions: 4->1(4)
[2025-11-07T19:27:16.084+0000][gc,heap      ] GC(1) Old regions: 3->7
[2025-11-07T19:27:16.084+0000][gc,heap      ] GC(1) Humongous regions: 0->0
[2025-11-07T19:27:16.085+0000][gc,metaspace ] GC(1) Metaspace: 20825K(21296K)->20825K(21296K) NonClass: 18601K(18864K)->18601K(18864K) Class: 2223K(2432K)->2223K(2432K)
[2025-11-07T19:27:16.085+0000][gc           ] GC(1) Pause Young (Concurrent Start) (Metadata GC Threshold) 14M->6M(512M) 95.804ms
[2025-11-07T19:27:16.085+0000][gc,cpu       ] GC(1) User=0.03s Sys=0.01s Real=0.10s
[2025-11-07T19:27:16.088+0000][gc           ] GC(2) Concurrent Cycle
[2025-11-07T19:27:16.108+0000][gc,marking   ] GC(2) Concurrent Clear Claimed Marks
[2025-11-07T19:27:16.109+0000][gc,marking   ] GC(2) Concurrent Clear Claimed Marks 0.271ms
[2025-11-07T19:27:16.109+0000][gc,marking   ] GC(2) Concurrent Scan Root Regions
[2025-11-07T19:27:16.112+0000][gc,marking   ] GC(2) Concurrent Scan Root Regions 3.095ms
[2025-11-07T19:27:16.127+0000][gc,marking   ] GC(2) Concurrent Mark (6.017s)
[2025-11-07T19:27:16.127+0000][gc,marking   ] GC(2) Concurrent Mark From Roots
[2025-11-07T19:27:16.128+0000][gc,task      ] GC(2) Using 1 workers of 1 for marking
[2025-11-07T19:27:16.239+0000][gc,marking   ] GC(2) Concurrent Mark From Roots 111.941ms
[2025-11-07T19:27:16.254+0000][gc,marking   ] GC(2) Concurrent Preclean
[2025-11-07T19:27:16.255+0000][gc,marking   ] GC(2) Concurrent Preclean 0.349ms
[2025-11-07T19:27:16.258+0000][gc,marking   ] GC(2) Concurrent Mark (6.017s, 6.149s) 131.589ms
[2025-11-07T19:27:16.261+0000][gc,start     ] GC(2) Pause Remark
[2025-11-07T19:27:16.269+0000][gc,stringtable] GC(2) Cleaned string and symbol table, strings: 7266 processed, 9 removed, symbols: 64843 processed, 21 removed
[2025-11-07T19:27:16.270+0000][gc            ] GC(2) Pause Remark 7M->7M(512M) 9.223ms
[2025-11-07T19:27:16.270+0000][gc,cpu        ] GC(2) User=0.02s Sys=0.00s Real=0.01s
[2025-11-07T19:27:16.271+0000][gc,marking    ] GC(2) Concurrent Rebuild Remembered Sets
[2025-11-07T19:27:16.309+0000][gc,marking    ] GC(2) Concurrent Rebuild Remembered Sets 37.260ms
[2025-11-07T19:27:16.327+0000][gc,start      ] GC(2) Pause Cleanup
[2025-11-07T19:27:16.328+0000][gc            ] GC(2) Pause Cleanup 8M->8M(512M) 0.835ms
[2025-11-07T19:27:16.328+0000][gc,cpu        ] GC(2) User=0.00s Sys=0.00s Real=0.00s
[2025-11-07T19:27:16.329+0000][gc,marking    ] GC(2) Concurrent Cleanup for Next Mark
[2025-11-07T19:27:16.338+0000][gc,marking    ] GC(2) Concurrent Cleanup for Next Mark 9.833ms
[2025-11-07T19:27:16.348+0000][gc            ] GC(2) Concurrent Cycle 260.676ms
[2025-11-07T19:27:18.055+0000][gc,start      ] GC(3) Pause Young (Normal) (G1 Evacuation Pause)
[2025-11-07T19:27:18.055+0000][gc,task       ] GC(3) Using 2 workers of 2 for evacuation
[2025-11-07T19:27:18.070+0000][gc,phases     ] GC(3)   Pre Evacuate Collection Set: 0.0ms
[2025-11-07T19:27:18.070+0000][gc,phases     ] GC(3)   Evacuate Collection Set: 13.7ms
[2025-11-07T19:27:18.070+0000][gc,phases     ] GC(3)   Post Evacuate Collection Set: 0.4ms
[2025-11-07T19:27:18.070+0000][gc,phases     ] GC(3)   Other: 0.7ms
[2025-11-07T19:27:18.071+0000][gc,heap       ] GC(3) Eden regions: 24->0(23)
[2025-11-07T19:27:18.071+0000][gc,heap       ] GC(3) Survivor regions: 1->2(4)
[2025-11-07T19:27:18.072+0000][gc,heap       ] GC(3) Old regions: 7->7
[2025-11-07T19:27:18.072+0000][gc,heap       ] GC(3) Humongous regions: 0->0
[2025-11-07T19:27:18.072+0000][gc,metaspace  ] GC(3) Metaspace: 25639K(26492K)->25639K(26492K) NonClass: 22914K(23472K)->22914K(23472K) Class: 2725K(3020K)->2725K(3020K)
[2025-11-07T19:27:18.073+0000][gc            ] GC(3) Pause Young (Normal) (G1 Evacuation Pause) 30M->7M(512M) 17.706ms
[2025-11-07T19:27:18.074+0000][gc,cpu        ] GC(3) User=0.01s Sys=0.00s Real=0.02s
[2025-11-07T19:27:19.748+0000][gc,start      ] GC(4) Pause Young (Normal) (G1 Evacuation Pause)
[2025-11-07T19:27:19.749+0000][gc,task       ] GC(4) Using 2 workers of 2 for evacuation
[2025-11-07T19:27:19.768+0000][gc,phases     ] GC(4)   Pre Evacuate Collection Set: 0.0ms
[2025-11-07T19:27:19.769+0000][gc,phases     ] GC(4)   Evacuate Collection Set: 17.5ms
[2025-11-07T19:27:19.769+0000][gc,phases     ] GC(4)   Post Evacuate Collection Set: 0.8ms
[2025-11-07T19:27:19.769+0000][gc,phases     ] GC(4)   Other: 1.7ms
[2025-11-07T19:27:19.769+0000][gc,heap       ] GC(4) Eden regions: 23->0(22)
[2025-11-07T19:27:19.770+0000][gc,heap       ] GC(4) Survivor regions: 2->3(4)
[2025-11-07T19:27:19.770+0000][gc,heap       ] GC(4) Old regions: 7->7
[2025-11-07T19:27:19.771+0000][gc,heap       ] GC(4) Humongous regions: 0->0
[2025-11-07T19:27:19.771+0000][gc,metaspace  ] GC(4) Metaspace: 29127K(30076K)->29127K(30076K) NonClass: 26009K(26544K)->26009K(26544K) Class: 3118K(3532K)->3118K(3532K)
[2025-11-07T19:27:19.771+0000][gc            ] GC(4) Pause Young (Normal) (G1 Evacuation Pause) 30M->8M(512M) 22.930ms
[2025-11-07T19:27:19.771+0000][gc,cpu        ] GC(4) User=0.02s Sys=0.00s Real=0.02s
[2025-11-07T19:27:21.294+0000][gc,start      ] GC(5) Pause Young (Normal) (G1 Evacuation Pause)
[2025-11-07T19:27:21.295+0000][gc,task       ] GC(5) Using 2 workers of 2 for evacuation
[2025-11-07T19:27:21.315+0000][gc,phases     ] GC(5)   Pre Evacuate Collection Set: 0.0ms
[2025-11-07T19:27:21.316+0000][gc,phases     ] GC(5)   Evacuate Collection Set: 18.6ms
[2025-11-07T19:27:21.316+0000][gc,phases     ] GC(5)   Post Evacuate Collection Set: 0.7ms
[2025-11-07T19:27:21.316+0000][gc,phases     ] GC(5)   Other: 1.7ms
[2025-11-07T19:27:21.317+0000][gc,heap       ] GC(5) Eden regions: 22->0(23)
[2025-11-07T19:27:21.317+0000][gc,heap       ] GC(5) Survivor regions: 3->2(4)
[2025-11-07T19:27:21.319+0000][gc,heap       ] GC(5) Old regions: 7->8
[2025-11-07T19:27:21.319+0000][gc,heap       ] GC(5) Humongous regions: 0->0
[2025-11-07T19:27:21.320+0000][gc,metaspace  ] GC(5) Metaspace: 31758K(32764K)->31758K(32764K) NonClass: 28300K(28848K)->28300K(28848K) Class: 3457K(3916K)->3457K(3916K)
[2025-11-07T19:27:21.321+0000][gc            ] GC(5) Pause Young (Normal) (G1 Evacuation Pause) 30M->9M(512M) 26.365ms
[2025-11-07T19:27:21.321+0000][gc,cpu        ] GC(5) User=0.04s Sys=0.00s Real=0.03s
[2025-11-07T19:27:21.812+0000][gc,start      ] GC(6) Pause Young (Normal) (G1 Evacuation Pause)
[2025-11-07T19:27:21.813+0000][gc,task       ] GC(6) Using 2 workers of 2 for evacuation
[2025-11-07T19:27:21.825+0000][gc,phases     ] GC(6)   Pre Evacuate Collection Set: 0.0ms
[2025-11-07T19:27:21.826+0000][gc,phases     ] GC(6)   Evacuate Collection Set: 11.4ms
[2025-11-07T19:27:21.826+0000][gc,phases     ] GC(6)   Post Evacuate Collection Set: 0.3ms
[2025-11-07T19:27:21.827+0000][gc,phases     ] GC(6)   Other: 1.5ms
[2025-11-07T19:27:21.827+0000][gc,heap       ] GC(6) Eden regions: 23->0(23)
[2025-11-07T19:27:21.827+0000][gc,heap       ] GC(6) Survivor regions: 2->2(4)
[2025-11-07T19:27:21.828+0000][gc,heap       ] GC(6) Old regions: 8->8
[2025-11-07T19:27:21.828+0000][gc,heap       ] GC(6) Humongous regions: 0->0
[2025-11-07T19:27:21.830+0000][gc,metaspace  ] GC(6) Metaspace: 31759K(32764K)->31759K(32764K) NonClass: 28301K(28848K)->28301K(28848K) Class: 3457K(3916K)->3457K(3916K)
[2025-11-07T19:27:21.831+0000][gc            ] GC(6) Pause Young (Normal) (G1 Evacuation Pause) 32M->9M(512M) 18.647ms
[2025-11-07T19:27:21.831+0000][gc,cpu        ] GC(6) User=0.02s Sys=0.01s Real=0.02s
[2025-11-07T19:27:22.309+0000][gc,start      ] GC(7) Pause Young (Normal) (G1 Evacuation Pause)
[2025-11-07T19:27:22.309+0000][gc,task       ] GC(7) Using 2 workers of 2 for evacuation
[2025-11-07T19:27:22.327+0000][gc,phases     ] GC(7)   Pre Evacuate Collection Set: 0.0ms
[2025-11-07T19:27:22.328+0000][gc,phases     ] GC(7)   Evacuate Collection Set: 15.0ms
[2025-11-07T19:27:22.328+0000][gc,phases     ] GC(7)   Post Evacuate Collection Set: 0.3ms
[2025-11-07T19:27:22.328+0000][gc,phases     ] GC(7)   Other: 2.9ms
[2025-11-07T19:27:22.329+0000][gc,heap       ] GC(7) Eden regions: 23->0(23)
[2025-11-07T19:27:22.329+0000][gc,heap       ] GC(7) Survivor regions: 2->2(4)
[2025-11-07T19:27:22.330+0000][gc,heap       ] GC(7) Old regions: 8->8
[2025-11-07T19:27:22.330+0000][gc,heap       ] GC(7) Humongous regions: 0->0
[2025-11-07T19:27:22.331+0000][gc,metaspace  ] GC(7) Metaspace: 31759K(32764K)->31759K(32764K) NonClass: 28301K(28848K)->28301K(28848K) Class: 3457K(3916K)->3457K(3916K)
[2025-11-07T19:27:22.331+0000][gc            ] GC(7) Pause Young (Normal) (G1 Evacuation Pause) 32M->9M(512M) 21.901ms
[2025-11-07T19:27:22.331+0000][gc,cpu        ] GC(7) User=0.01s Sys=0.01s Real=0.02s
[2025-11-07T19:27:22.876+0000][gc,start      ] GC(8) Pause Young (Normal) (G1 Evacuation Pause)
[2025-11-07T19:27:22.880+0000][gc,task       ] GC(8) Using 2 workers of 2 for evacuation
[2025-11-07T19:27:22.920+0000][gc,mmu        ] GC(8) MMU target violated: 21.0ms (20.0ms/21.0ms)
[2025-11-07T19:27:22.921+0000][gc,phases     ] GC(8)   Pre Evacuate Collection Set: 0.0ms
[2025-11-07T19:27:22.921+0000][gc,phases     ] GC(8)   Evacuate Collection Set: 29.2ms
[2025-11-07T19:27:22.921+0000][gc,phases     ] GC(8)   Post Evacuate Collection Set: 0.6ms
[2025-11-07T19:27:22.922+0000][gc,phases     ] GC(8)   Other: 14.9ms
[2025-11-07T19:27:22.922+0000][gc,heap       ] GC(8) Eden regions: 23->0(23)
[2025-11-07T19:27:22.922+0000][gc,heap       ] GC(8) Survivor regions: 2->2(4)
[2025-11-07T19:27:22.922+0000][gc,heap       ] GC(8) Old regions: 8->8
[2025-11-07T19:27:22.923+0000][gc,heap       ] GC(8) Humongous regions: 0->0
[2025-11-07T19:27:22.923+0000][gc,metaspace  ] GC(8) Metaspace: 31759K(32764K)->31759K(32764K) NonClass: 28301K(28848K)->28301K(28848K) Class: 3457K(3916K)->3457K(3916K)
[2025-11-07T19:27:22.923+0000][gc            ] GC(8) Pause Young (Normal) (G1 Evacuation Pause) 32M->9M(512M) 47.083ms
[2025-11-07T19:27:22.923+0000][gc,cpu        ] GC(8) User=0.01s Sys=0.00s Real=0.04s
[2025-11-07T19:27:23.960+0000][gc,start      ] GC(9) Pause Young (Normal) (G1 Evacuation Pause)
[2025-11-07T19:27:23.961+0000][gc,task       ] GC(9) Using 2 workers of 2 for evacuation
[2025-11-07T19:27:23.979+0000][gc,phases     ] GC(9)   Pre Evacuate Collection Set: 0.0ms
[2025-11-07T19:27:23.979+0000][gc,phases     ] GC(9)   Evacuate Collection Set: 13.1ms
[2025-11-07T19:27:23.980+0000][gc,phases     ] GC(9)   Post Evacuate Collection Set: 1.1ms
[2025-11-07T19:27:23.980+0000][gc,phases     ] GC(9)   Other: 4.3ms
[2025-11-07T19:27:23.980+0000][gc,heap       ] GC(9) Eden regions: 23->0(22)
[2025-11-07T19:27:23.981+0000][gc,heap       ] GC(9) Survivor regions: 2->3(4)
[2025-11-07T19:27:23.982+0000][gc,heap       ] GC(9) Old regions: 8->8
[2025-11-07T19:27:23.982+0000][gc,heap       ] GC(9) Humongous regions: 0->0
[2025-11-07T19:27:23.982+0000][gc,metaspace  ] GC(9) Metaspace: 34769K(35964K)->34769K(35964K) NonClass: 31000K(31664K)->31000K(31664K) Class: 3768K(4300K)->3768K(4300K)
[2025-11-07T19:27:23.983+0000][gc            ] GC(9) Pause Young (Normal) (G1 Evacuation Pause) 32M->9M(512M) 22.187ms
[2025-11-07T19:27:23.983+0000][gc,cpu        ] GC(9) User=0.02s Sys=0.00s Real=0.02s
[2025-11-07T19:27:24.006+0000][gc,start      ] GC(10) Pause Young (Concurrent Start) (Metadata GC Threshold)
[2025-11-07T19:27:24.006+0000][gc,task       ] GC(10) Using 2 workers of 2 for evacuation
[2025-11-07T19:27:24.028+0000][gc,mmu        ] GC(10) MMU target violated: 20.9ms (20.0ms/21.0ms)
[2025-11-07T19:27:24.028+0000][gc,phases     ] GC(10)   Pre Evacuate Collection Set: 0.1ms
[2025-11-07T19:27:24.028+0000][gc,phases     ] GC(10)   Evacuate Collection Set: 19.7ms
[2025-11-07T19:27:24.028+0000][gc,phases     ] GC(10)   Post Evacuate Collection Set: 1.0ms
[2025-11-07T19:27:24.029+0000][gc,phases     ] GC(10)   Other: 1.3ms
[2025-11-07T19:27:24.029+0000][gc,heap       ] GC(10) Eden regions: 1->0(24)
[2025-11-07T19:27:24.029+0000][gc,heap       ] GC(10) Survivor regions: 3->1(4)
[2025-11-07T19:27:24.029+0000][gc,heap       ] GC(10) Old regions: 8->9
[2025-11-07T19:27:24.030+0000][gc,heap       ] GC(10) Humongous regions: 0->0
[2025-11-07T19:27:24.030+0000][gc,metaspace  ] GC(10) Metaspace: 34913K(35964K)->34913K(35964K) NonClass: 31137K(31664K)->31137K(31664K) Class: 3776K(4300K)->3776K(4300K)
[2025-11-07T19:27:24.030+0000][gc            ] GC(10) Pause Young (Concurrent Start) (Metadata GC Threshold) 10M->9M(512M) 24.652ms
[2025-11-07T19:27:24.031+0000][gc,cpu        ] GC(10) User=0.04s Sys=0.00s Real=0.02s
[2025-11-07T19:27:24.037+0000][gc            ] GC(11) Concurrent Cycle
[2025-11-07T19:27:24.041+0000][gc,marking    ] GC(11) Concurrent Clear Claimed Marks
[2025-11-07T19:27:24.044+0000][gc,marking    ] GC(11) Concurrent Clear Claimed Marks 2.931ms
[2025-11-07T19:27:24.044+0000][gc,marking    ] GC(11) Concurrent Scan Root Regions
[2025-11-07T19:27:24.046+0000][gc,marking    ] GC(11) Concurrent Scan Root Regions 2.184ms
[2025-11-07T19:27:24.050+0000][gc,marking    ] GC(11) Concurrent Mark (13.940s)
[2025-11-07T19:27:24.050+0000][gc,marking    ] GC(11) Concurrent Mark From Roots
[2025-11-07T19:27:24.050+0000][gc,task       ] GC(11) Using 1 workers of 1 for marking
[2025-11-07T19:27:24.162+0000][gc,marking    ] GC(11) Concurrent Mark From Roots 112.608ms
[2025-11-07T19:27:24.166+0000][gc,marking    ] GC(11) Concurrent Preclean
[2025-11-07T19:27:24.168+0000][gc,marking    ] GC(11) Concurrent Preclean 1.857ms
[2025-11-07T19:27:24.168+0000][gc,marking    ] GC(11) Concurrent Mark (13.940s, 14.059s) 118.055ms
[2025-11-07T19:27:24.170+0000][gc,start      ] GC(11) Pause Remark
[2025-11-07T19:27:24.216+0000][gc,stringtable] GC(11) Cleaned string and symbol table, strings: 11533 processed, 8 removed, symbols: 97919 processed, 20 removed
[2025-11-07T19:27:24.220+0000][gc,mmu        ] GC(11) MMU target violated: 21.0ms (20.0ms/21.0ms)
[2025-11-07T19:27:24.221+0000][gc            ] GC(11) Pause Remark 12M->12M(512M) 50.616ms
[2025-11-07T19:27:24.221+0000][gc,cpu        ] GC(11) User=0.02s Sys=0.00s Real=0.05s
[2025-11-07T19:27:24.222+0000][gc,marking    ] GC(11) Concurrent Rebuild Remembered Sets
[2025-11-07T19:27:24.235+0000][gc,marking    ] GC(11) Concurrent Rebuild Remembered Sets 13.099ms
[2025-11-07T19:27:24.236+0000][gc,start      ] GC(11) Pause Cleanup
[2025-11-07T19:27:24.236+0000][gc            ] GC(11) Pause Cleanup 13M->13M(512M) 0.503ms
[2025-11-07T19:27:24.236+0000][gc,cpu        ] GC(11) User=0.00s Sys=0.00s Real=0.00s
[2025-11-07T19:27:24.238+0000][gc,marking    ] GC(11) Concurrent Cleanup for Next Mark
[2025-11-07T19:27:24.293+0000][gc,marking    ] GC(11) Concurrent Cleanup for Next Mark 55.423ms
[2025-11-07T19:27:24.294+0000][gc            ] GC(11) Concurrent Cycle 257.326ms
[2025-11-07T19:27:25.333+0000][gc,start      ] GC(12) Pause Young (Concurrent Start) (G1 Evacuation Pause)
[2025-11-07T19:27:25.335+0000][gc,task       ] GC(12) Using 2 workers of 2 for evacuation
[2025-11-07T19:27:25.365+0000][gc,mmu        ] GC(12) MMU target violated: 21.0ms (20.0ms/21.0ms)
[2025-11-07T19:27:25.366+0000][gc,phases     ] GC(12)   Pre Evacuate Collection Set: 0.3ms
[2025-11-07T19:27:25.366+0000][gc,phases     ] GC(12)   Evacuate Collection Set: 28.3ms
[2025-11-07T19:27:25.367+0000][gc,phases     ] GC(12)   Post Evacuate Collection Set: 1.5ms
[2025-11-07T19:27:25.367+0000][gc,phases     ] GC(12)   Other: 3.0ms
[2025-11-07T19:27:25.367+0000][gc,heap       ] GC(12) Eden regions: 24->0(23)
[2025-11-07T19:27:25.368+0000][gc,heap       ] GC(12) Survivor regions: 1->2(4)
[2025-11-07T19:27:25.368+0000][gc,heap       ] GC(12) Old regions: 9->9
[2025-11-07T19:27:25.368+0000][gc,heap       ] GC(12) Humongous regions: 27->27
[2025-11-07T19:27:25.368+0000][gc,metaspace  ] GC(12) Metaspace: 39278K(40476K)->39278K(40476K) NonClass: 35000K(35664K)->35000K(35664K) Class: 4277K(4812K)->4277K(4812K)
[2025-11-07T19:27:25.369+0000][gc            ] GC(12) Pause Young (Concurrent Start) (G1 Evacuation Pause) 60M->37M(512M) 36.109ms
[2025-11-07T19:27:25.369+0000][gc,cpu        ] GC(12) User=0.06s Sys=0.00s Real=0.04s
[2025-11-07T19:27:25.370+0000][gc            ] GC(13) Concurrent Cycle
[2025-11-07T19:27:25.370+0000][gc,marking    ] GC(13) Concurrent Clear Claimed Marks
[2025-11-07T19:27:25.371+0000][gc,marking    ] GC(13) Concurrent Clear Claimed Marks 0.481ms
[2025-11-07T19:27:25.373+0000][gc,marking    ] GC(13) Concurrent Scan Root Regions
[2025-11-07T19:27:25.377+0000][gc,marking    ] GC(13) Concurrent Scan Root Regions 4.338ms
[2025-11-07T19:27:25.377+0000][gc,marking    ] GC(13) Concurrent Mark (15.268s)
[2025-11-07T19:27:25.377+0000][gc,marking    ] GC(13) Concurrent Mark From Roots
[2025-11-07T19:27:25.378+0000][gc,task       ] GC(13) Using 1 workers of 1 for marking
[2025-11-07T19:27:25.455+0000][gc,marking    ] GC(13) Concurrent Mark From Roots 77.805ms
[2025-11-07T19:27:25.456+0000][gc,marking    ] GC(13) Concurrent Preclean
[2025-11-07T19:27:25.457+0000][gc,marking    ] GC(13) Concurrent Preclean 1.591ms
[2025-11-07T19:27:25.458+0000][gc,marking    ] GC(13) Concurrent Mark (15.268s, 15.349s) 80.757ms
[2025-11-07T19:27:25.460+0000][gc,start      ] GC(13) Pause Remark
[2025-11-07T19:27:25.511+0000][gc,stringtable] GC(13) Cleaned string and symbol table, strings: 12350 processed, 0 removed, symbols: 106340 processed, 9 removed
[2025-11-07T19:27:25.515+0000][gc,mmu        ] GC(13) MMU target violated: 21.0ms (20.0ms/21.0ms)
[2025-11-07T19:27:25.516+0000][gc            ] GC(13) Pause Remark 44M->44M(512M) 55.611ms
[2025-11-07T19:27:25.516+0000][gc,cpu        ] GC(13) User=0.02s Sys=0.00s Real=0.06s
[2025-11-07T19:27:25.516+0000][gc,marking    ] GC(13) Concurrent Rebuild Remembered Sets
[2025-11-07T19:27:25.560+0000][gc,marking    ] GC(13) Concurrent Rebuild Remembered Sets 43.993ms
[2025-11-07T19:27:25.566+0000][gc,start      ] GC(13) Pause Cleanup
[2025-11-07T19:27:25.567+0000][gc            ] GC(13) Pause Cleanup 52M->52M(512M) 1.028ms
[2025-11-07T19:27:25.567+0000][gc,cpu        ] GC(13) User=0.00s Sys=0.00s Real=0.00s
[2025-11-07T19:27:25.568+0000][gc,marking    ] GC(13) Concurrent Cleanup for Next Mark
[2025-11-07T19:27:25.571+0000][gc,marking    ] GC(13) Concurrent Cleanup for Next Mark 3.166ms
[2025-11-07T19:27:25.572+0000][gc            ] GC(13) Concurrent Cycle 202.526ms
[2025-11-07T19:27:25.630+0000][gc,start      ] GC(14) Pause Young (Normal) (GCLocker Initiated GC)
[2025-11-07T19:27:25.632+0000][gc,task       ] GC(14) Using 2 workers of 2 for evacuation
[2025-11-07T19:27:25.643+0000][gc,phases     ] GC(14)   Pre Evacuate Collection Set: 0.3ms
[2025-11-07T19:27:25.643+0000][gc,phases     ] GC(14)   Evacuate Collection Set: 8.2ms
[2025-11-07T19:27:25.644+0000][gc,phases     ] GC(14)   Post Evacuate Collection Set: 0.9ms
[2025-11-07T19:27:25.644+0000][gc,phases     ] GC(14)   Other: 3.9ms
[2025-11-07T19:27:25.644+0000][gc,heap       ] GC(14) Eden regions: 25->0(23)
[2025-11-07T19:27:25.645+0000][gc,heap       ] GC(14) Survivor regions: 2->2(4)
[2025-11-07T19:27:25.645+0000][gc,heap       ] GC(14) Old regions: 9->9
[2025-11-07T19:27:25.646+0000][gc,heap       ] GC(14) Humongous regions: 27->27
[2025-11-07T19:27:25.646+0000][gc,metaspace  ] GC(14) Metaspace: 39633K(40988K)->39633K(40988K) NonClass: 35323K(36176K)->35323K(36176K) Class: 4309K(4812K)->4309K(4812K)
[2025-11-07T19:27:25.647+0000][gc            ] GC(14) Pause Young (Normal) (GCLocker Initiated GC) 62M->37M(512M) 17.024ms
[2025-11-07T19:27:25.647+0000][gc,cpu        ] GC(14) User=0.02s Sys=0.01s Real=0.02s
[2025-11-07T19:27:25.756+0000][gc,start      ] GC(15) Pause Young (Normal) (G1 Evacuation Pause)
[2025-11-07T19:27:25.756+0000][gc,task       ] GC(15) Using 2 workers of 2 for evacuation
[2025-11-07T19:27:25.768+0000][gc,phases     ] GC(15)   Pre Evacuate Collection Set: 0.0ms
[2025-11-07T19:27:25.768+0000][gc,phases     ] GC(15)   Evacuate Collection Set: 8.1ms
[2025-11-07T19:27:25.768+0000][gc,phases     ] GC(15)   Post Evacuate Collection Set: 2.6ms
[2025-11-07T19:27:25.768+0000][gc,phases     ] GC(15)   Other: 0.9ms
[2025-11-07T19:27:25.769+0000][gc,heap       ] GC(15) Eden regions: 23->0(23)
[2025-11-07T19:27:25.770+0000][gc,heap       ] GC(15) Survivor regions: 2->2(4)
[2025-11-07T19:27:25.771+0000][gc,heap       ] GC(15) Old regions: 9->9
[2025-11-07T19:27:25.771+0000][gc,heap       ] GC(15) Humongous regions: 27->27
[2025-11-07T19:27:25.771+0000][gc,metaspace  ] GC(15) Metaspace: 40040K(41372K)->40040K(41372K) NonClass: 35685K(36432K)->35685K(36432K) Class: 4354K(4940K)->4354K(4940K)
[2025-11-07T19:27:25.773+0000][gc            ] GC(15) Pause Young (Normal) (G1 Evacuation Pause) 60M->37M(512M) 17.517ms
[2025-11-07T19:27:25.774+0000][gc,cpu        ] GC(15) User=0.02s Sys=0.00s Real=0.01s
[2025-11-07T19:27:25.867+0000][gc,start      ] GC(16) Pause Young (Normal) (G1 Evacuation Pause)
[2025-11-07T19:27:25.868+0000][gc,task       ] GC(16) Using 2 workers of 2 for evacuation
[2025-11-07T19:27:25.912+0000][gc,mmu        ] GC(16) MMU target violated: 21.0ms (20.0ms/21.0ms)
[2025-11-07T19:27:25.913+0000][gc,phases     ] GC(16)   Pre Evacuate Collection Set: 0.0ms
[2025-11-07T19:27:25.913+0000][gc,phases     ] GC(16)   Evacuate Collection Set: 42.7ms
[2025-11-07T19:27:25.914+0000][gc,phases     ] GC(16)   Post Evacuate Collection Set: 1.5ms
[2025-11-07T19:27:25.914+0000][gc,phases     ] GC(16)   Other: 1.3ms
[2025-11-07T19:27:25.915+0000][gc,heap       ] GC(16) Eden regions: 23->0(23)
[2025-11-07T19:27:25.916+0000][gc,heap       ] GC(16) Survivor regions: 2->2(4)
[2025-11-07T19:27:25.916+0000][gc,heap       ] GC(16) Old regions: 9->9
[2025-11-07T19:27:25.917+0000][gc,heap       ] GC(16) Humongous regions: 27->27
[2025-11-07T19:27:25.918+0000][gc,metaspace  ] GC(16) Metaspace: 40105K(41372K)->40105K(41372K) NonClass: 35745K(36432K)->35745K(36432K) Class: 4360K(4940K)->4360K(4940K)
[2025-11-07T19:27:25.918+0000][gc            ] GC(16) Pause Young (Normal) (G1 Evacuation Pause) 60M->37M(512M) 51.007ms
[2025-11-07T19:27:25.919+0000][gc,cpu        ] GC(16) User=0.02s Sys=0.01s Real=0.05s
[2025-11-07T19:27:26.027+0000][gc,start      ] GC(17) Pause Young (Normal) (G1 Evacuation Pause)
[2025-11-07T19:27:26.028+0000][gc,task       ] GC(17) Using 2 workers of 2 for evacuation
[2025-11-07T19:27:26.040+0000][gc,phases     ] GC(17)   Pre Evacuate Collection Set: 0.0ms
[2025-11-07T19:27:26.040+0000][gc,phases     ] GC(17)   Evacuate Collection Set: 7.7ms
[2025-11-07T19:27:26.041+0000][gc,phases     ] GC(17)   Post Evacuate Collection Set: 2.0ms
[2025-11-07T19:27:26.041+0000][gc,phases     ] GC(17)   Other: 2.6ms
[2025-11-07T19:27:26.042+0000][gc,heap       ] GC(17) Eden regions: 23->0(24)
[2025-11-07T19:27:26.042+0000][gc,heap       ] GC(17) Survivor regions: 2->3(4)
[2025-11-07T19:27:26.042+0000][gc,heap       ] GC(17) Old regions: 9->9
[2025-11-07T19:27:26.043+0000][gc,heap       ] GC(17) Humongous regions: 27->27
[2025-11-07T19:27:26.043+0000][gc,metaspace  ] GC(17) Metaspace: 40162K(41372K)->40162K(41372K) NonClass: 35799K(36432K)->35799K(36432K) Class: 4362K(4940K)->4362K(4940K)
[2025-11-07T19:27:26.044+0000][gc            ] GC(17) Pause Young (Normal) (G1 Evacuation Pause) 60M->38M(512M) 16.469ms
[2025-11-07T19:27:26.044+0000][gc,cpu        ] GC(17) User=0.03s Sys=0.01s Real=0.01s
[2025-11-07T19:27:26.135+0000][gc,start      ] GC(18) Pause Young (Normal) (G1 Evacuation Pause)
[2025-11-07T19:27:26.137+0000][gc,task       ] GC(18) Using 2 workers of 2 for evacuation
[2025-11-07T19:27:26.151+0000][gc,phases     ] GC(18)   Pre Evacuate Collection Set: 0.0ms
[2025-11-07T19:27:26.153+0000][gc,phases     ] GC(18)   Evacuate Collection Set: 8.8ms
[2025-11-07T19:27:26.153+0000][gc,phases     ] GC(18)   Post Evacuate Collection Set: 2.0ms
[2025-11-07T19:27:26.153+0000][gc,phases     ] GC(18)   Other: 5.3ms
[2025-11-07T19:27:26.154+0000][gc,heap       ] GC(18) Eden regions: 24->0(25)
[2025-11-07T19:27:26.154+0000][gc,heap       ] GC(18) Survivor regions: 3->3(4)
[2025-11-07T19:27:26.155+0000][gc,heap       ] GC(18) Old regions: 9->10
[2025-11-07T19:27:26.155+0000][gc,heap       ] GC(18) Humongous regions: 27->27
[2025-11-07T19:27:26.155+0000][gc,metaspace  ] GC(18) Metaspace: 40195K(41628K)->40195K(41628K) NonClass: 35827K(36688K)->35827K(36688K) Class: 4368K(4940K)->4368K(4940K)
[2025-11-07T19:27:26.156+0000][gc            ] GC(18) Pause Young (Normal) (G1 Evacuation Pause) 62M->38M(512M) 20.670ms
[2025-11-07T19:27:26.156+0000][gc,cpu        ] GC(18) User=0.03s Sys=0.00s Real=0.03s
[2025-11-07T19:27:26.275+0000][gc,start      ] GC(19) Pause Young (Normal) (G1 Evacuation Pause)
[2025-11-07T19:27:26.275+0000][gc,task       ] GC(19) Using 2 workers of 2 for evacuation
[2025-11-07T19:27:26.292+0000][gc,phases     ] GC(19)   Pre Evacuate Collection Set: 0.0ms
[2025-11-07T19:27:26.293+0000][gc,phases     ] GC(19)   Evacuate Collection Set: 14.2ms
[2025-11-07T19:27:26.294+0000][gc,phases     ] GC(19)   Post Evacuate Collection Set: 2.8ms
[2025-11-07T19:27:26.294+0000][gc,phases     ] GC(19)   Other: 0.8ms
[2025-11-07T19:27:26.294+0000][gc,heap       ] GC(19) Eden regions: 25->0(27)
[2025-11-07T19:27:26.295+0000][gc,heap       ] GC(19) Survivor regions: 3->3(4)
[2025-11-07T19:27:26.295+0000][gc,heap       ] GC(19) Old regions: 10->10
[2025-11-07T19:27:26.296+0000][gc,heap       ] GC(19) Humongous regions: 27->27
[2025-11-07T19:27:26.296+0000][gc,metaspace  ] GC(19) Metaspace: 40502K(41884K)->40502K(41884K) NonClass: 36123K(36944K)->36123K(36944K) Class: 4379K(4940K)->4379K(4940K)
[2025-11-07T19:27:26.297+0000][gc            ] GC(19) Pause Young (Normal) (G1 Evacuation Pause) 63M->38M(512M) 22.288ms
[2025-11-07T19:27:26.297+0000][gc,cpu        ] GC(19) User=0.01s Sys=0.00s Real=0.03s
[2025-11-07T19:27:26.411+0000][gc,start      ] GC(20) Pause Young (Normal) (GCLocker Initiated GC)
[2025-11-07T19:27:26.411+0000][gc,task       ] GC(20) Using 2 workers of 2 for evacuation
[2025-11-07T19:27:26.423+0000][gc,phases     ] GC(20)   Pre Evacuate Collection Set: 0.0ms
[2025-11-07T19:27:26.423+0000][gc,phases     ] GC(20)   Evacuate Collection Set: 9.0ms
[2025-11-07T19:27:26.423+0000][gc,phases     ] GC(20)   Post Evacuate Collection Set: 0.8ms
[2025-11-07T19:27:26.424+0000][gc,phases     ] GC(20)   Other: 2.3ms
[2025-11-07T19:27:26.424+0000][gc,heap       ] GC(20) Eden regions: 27->0(32)
[2025-11-07T19:27:26.424+0000][gc,heap       ] GC(20) Survivor regions: 3->2(4)
[2025-11-07T19:27:26.424+0000][gc,heap       ] GC(20) Old regions: 10->11
[2025-11-07T19:27:26.425+0000][gc,heap       ] GC(20) Humongous regions: 27->27
[2025-11-07T19:27:26.425+0000][gc,metaspace  ] GC(20) Metaspace: 40809K(42268K)->40809K(42268K) NonClass: 36397K(37200K)->36397K(37200K) Class: 4411K(5068K)->4411K(5068K)
[2025-11-07T19:27:26.425+0000][gc            ] GC(20) Pause Young (Normal) (GCLocker Initiated GC) 65M->39M(512M) 14.729ms
[2025-11-07T19:27:26.426+0000][gc,cpu        ] GC(20) User=0.03s Sys=0.01s Real=0.02s
[2025-11-07T19:27:26.560+0000][gc,start      ] GC(21) Pause Young (Normal) (G1 Evacuation Pause)
[2025-11-07T19:27:26.561+0000][gc,task       ] GC(21) Using 2 workers of 2 for evacuation
[2025-11-07T19:27:26.588+0000][gc,mmu        ] GC(21) MMU target violated: 21.0ms (20.0ms/21.0ms)
[2025-11-07T19:27:26.589+0000][gc,phases     ] GC(21)   Pre Evacuate Collection Set: 0.0ms
[2025-11-07T19:27:26.589+0000][gc,phases     ] GC(21)   Evacuate Collection Set: 26.1ms
[2025-11-07T19:27:26.590+0000][gc,phases     ] GC(21)   Post Evacuate Collection Set: 1.0ms
[2025-11-07T19:27:26.590+0000][gc,phases     ] GC(21)   Other: 1.2ms
[2025-11-07T19:27:26.590+0000][gc,heap       ] GC(21) Eden regions: 32->0(32)
[2025-11-07T19:27:26.590+0000][gc,heap       ] GC(21) Survivor regions: 2->3(5)
[2025-11-07T19:27:26.591+0000][gc,heap       ] GC(21) Old regions: 11->11
[2025-11-07T19:27:26.591+0000][gc,heap       ] GC(21) Humongous regions: 27->27
[2025-11-07T19:27:26.591+0000][gc,metaspace  ] GC(21) Metaspace: 41487K(43036K)->41487K(43036K) NonClass: 37045K(37968K)->37045K(37968K) Class: 4441K(5068K)->4441K(5068K)
[2025-11-07T19:27:26.592+0000][gc            ] GC(21) Pause Young (Normal) (G1 Evacuation Pause) 71M->39M(512M) 31.096ms
[2025-11-07T19:27:26.592+0000][gc,cpu        ] GC(21) User=0.01s Sys=0.01s Real=0.03s
[2025-11-07T19:27:26.727+0000][gc,start      ] GC(22) Pause Young (Normal) (G1 Evacuation Pause)
[2025-11-07T19:27:26.727+0000][gc,task       ] GC(22) Using 2 workers of 2 for evacuation
[2025-11-07T19:27:26.760+0000][gc,mmu        ] GC(22) MMU target violated: 21.0ms (20.0ms/21.0ms)
[2025-11-07T19:27:26.761+0000][gc,phases     ] GC(22)   Pre Evacuate Collection Set: 0.0ms
[2025-11-07T19:27:26.762+0000][gc,phases     ] GC(22)   Evacuate Collection Set: 28.4ms
[2025-11-07T19:27:26.763+0000][gc,phases     ] GC(22)   Post Evacuate Collection Set: 4.1ms
[2025-11-07T19:27:26.764+0000][gc,phases     ] GC(22)   Other: 1.3ms
[2025-11-07T19:27:26.764+0000][gc,heap       ] GC(22) Eden regions: 32->0(31)
[2025-11-07T19:27:26.764+0000][gc,heap       ] GC(22) Survivor regions: 3->3(5)
[2025-11-07T19:27:26.765+0000][gc,heap       ] GC(22) Old regions: 11->11
[2025-11-07T19:27:26.766+0000][gc,heap       ] GC(22) Humongous regions: 27->27
[2025-11-07T19:27:26.772+0000][gc,metaspace  ] GC(22) Metaspace: 41605K(43036K)->41605K(43036K) NonClass: 37156K(37968K)->37156K(37968K) Class: 4448K(5068K)->4448K(5068K)
[2025-11-07T19:27:26.773+0000][gc            ] GC(22) Pause Young (Normal) (G1 Evacuation Pause) 71M->39M(512M) 45.795ms
[2025-11-07T19:27:26.773+0000][gc,cpu        ] GC(22) User=0.01s Sys=0.00s Real=0.04s
[2025-11-07T19:27:26.867+0000][gc,start      ] GC(23) Pause Young (Normal) (G1 Evacuation Pause)
[2025-11-07T19:27:26.867+0000][gc,task       ] GC(23) Using 2 workers of 2 for evacuation
[2025-11-07T19:27:26.881+0000][gc,phases     ] GC(23)   Pre Evacuate Collection Set: 0.0ms
[2025-11-07T19:27:26.881+0000][gc,phases     ] GC(23)   Evacuate Collection Set: 9.6ms
[2025-11-07T19:27:26.882+0000][gc,phases     ] GC(23)   Post Evacuate Collection Set: 3.6ms
[2025-11-07T19:27:26.883+0000][gc,phases     ] GC(23)   Other: 0.7ms
[2025-11-07T19:27:26.886+0000][gc,heap       ] GC(23) Eden regions: 31->0(32)
[2025-11-07T19:27:26.886+0000][gc,heap       ] GC(23) Survivor regions: 3->3(5)
[2025-11-07T19:27:26.886+0000][gc,heap       ] GC(23) Old regions: 11->11
[2025-11-07T19:27:26.890+0000][gc,heap       ] GC(23) Humongous regions: 36->36
[2025-11-07T19:27:26.891+0000][gc,metaspace  ] GC(23) Metaspace: 41727K(43036K)->41727K(43036K) NonClass: 37259K(37968K)->37259K(37968K) Class: 4468K(5068K)->4468K(5068K)
[2025-11-07T19:27:26.891+0000][gc            ] GC(23) Pause Young (Normal) (G1 Evacuation Pause) 79M->48M(512M) 24.431ms
[2025-11-07T19:27:26.892+0000][gc,cpu        ] GC(23) User=0.04s Sys=0.00s Real=0.02s
[2025-11-07T19:27:26.985+0000][gc,start      ] GC(24) Pause Young (Normal) (G1 Evacuation Pause)
[2025-11-07T19:27:26.985+0000][gc,task       ] GC(24) Using 2 workers of 2 for evacuation
[2025-11-07T19:27:27.013+0000][gc,mmu        ] GC(24) MMU target violated: 21.0ms (20.0ms/21.0ms)
[2025-11-07T19:27:27.014+0000][gc,phases     ] GC(24)   Pre Evacuate Collection Set: 0.0ms
[2025-11-07T19:27:27.014+0000][gc,phases     ] GC(24)   Evacuate Collection Set: 26.8ms
[2025-11-07T19:27:27.014+0000][gc,phases     ] GC(24)   Post Evacuate Collection Set: 0.4ms
[2025-11-07T19:27:27.014+0000][gc,phases     ] GC(24)   Other: 1.6ms
[2025-11-07T19:27:27.015+0000][gc,heap       ] GC(24) Eden regions: 32->0(24)
[2025-11-07T19:27:27.015+0000][gc,heap       ] GC(24) Survivor regions: 3->3(5)
[2025-11-07T19:27:27.016+0000][gc,heap       ] GC(24) Old regions: 11->11
[2025-11-07T19:27:27.016+0000][gc,heap       ] GC(24) Humongous regions: 45->45
[2025-11-07T19:27:27.017+0000][gc,metaspace  ] GC(24) Metaspace: 41916K(43292K)->41916K(43292K) NonClass: 37431K(38224K)->37431K(38224K) Class: 4485K(5068K)->4485K(5068K)
[2025-11-07T19:27:27.018+0000][gc            ] GC(24) Pause Young (Normal) (G1 Evacuation Pause) 89M->57M(512M) 32.746ms
[2025-11-07T19:27:27.019+0000][gc,cpu        ] GC(24) User=0.03s Sys=0.00s Real=0.04s
[2025-11-07T19:27:27.114+0000][gc,start      ] GC(25) Pause Young (Normal) (GCLocker Initiated GC)
[2025-11-07T19:27:27.114+0000][gc,task       ] GC(25) Using 2 workers of 2 for evacuation
[2025-11-07T19:27:27.129+0000][gc,phases     ] GC(25)   Pre Evacuate Collection Set: 0.0ms
[2025-11-07T19:27:27.130+0000][gc,phases     ] GC(25)   Evacuate Collection Set: 8.4ms
[2025-11-07T19:27:27.131+0000][gc,phases     ] GC(25)   Post Evacuate Collection Set: 4.1ms
[2025-11-07T19:27:27.132+0000][gc,phases     ] GC(25)   Other: 2.3ms
[2025-11-07T19:27:27.133+0000][gc,heap       ] GC(25) Eden regions: 25->0(29)
[2025-11-07T19:27:27.133+0000][gc,heap       ] GC(25) Survivor regions: 3->3(4)
[2025-11-07T19:27:27.133+0000][gc,heap       ] GC(25) Old regions: 11->11
[2025-11-07T19:27:27.134+0000][gc,heap       ] GC(25) Humongous regions: 54->54
[2025-11-07T19:27:27.134+0000][gc,metaspace  ] GC(25) Metaspace: 42169K(43548K)->42169K(43548K) NonClass: 37649K(38480K)->37649K(38480K) Class: 4520K(5068K)->4520K(5068K)
[2025-11-07T19:27:27.135+0000][gc            ] GC(25) Pause Young (Normal) (GCLocker Initiated GC) 90M->67M(580M) 20.648ms
[2025-11-07T19:27:27.135+0000][gc,cpu        ] GC(25) User=0.01s Sys=0.00s Real=0.02s
[2025-11-07T19:27:27.285+0000][gc,start      ] GC(26) Pause Young (Normal) (G1 Evacuation Pause)
[2025-11-07T19:27:27.285+0000][gc,task       ] GC(26) Using 2 workers of 2 for evacuation
[2025-11-07T19:27:27.295+0000][gc,phases     ] GC(26)   Pre Evacuate Collection Set: 0.0ms
[2025-11-07T19:27:27.295+0000][gc,phases     ] GC(26)   Evacuate Collection Set: 7.4ms
[2025-11-07T19:27:27.296+0000][gc,phases     ] GC(26)   Post Evacuate Collection Set: 0.4ms
[2025-11-07T19:27:27.296+0000][gc,phases     ] GC(26)   Other: 2.4ms
[2025-11-07T19:27:27.296+0000][gc,heap       ] GC(26) Eden regions: 29->0(31)
[2025-11-07T19:27:27.300+0000][gc,heap       ] GC(26) Survivor regions: 3->2(4)
[2025-11-07T19:27:27.303+0000][gc,heap       ] GC(26) Old regions: 11->11
[2025-11-07T19:27:27.303+0000][gc,heap       ] GC(26) Humongous regions: 54->54
[2025-11-07T19:27:27.304+0000][gc,metaspace  ] GC(26) Metaspace: 42830K(44316K)->42830K(44316K) NonClass: 38290K(39248K)->38290K(39248K) Class: 4540K(5068K)->4540K(5068K)
[2025-11-07T19:27:27.305+0000][gc            ] GC(26) Pause Young (Normal) (G1 Evacuation Pause) 96M->66M(580M) 19.846ms
[2025-11-07T19:27:27.305+0000][gc,cpu        ] GC(26) User=0.01s Sys=0.00s Real=0.02s
[2025-11-07T19:27:27.417+0000][gc,start      ] GC(27) Pause Young (Normal) (G1 Evacuation Pause)
[2025-11-07T19:27:27.417+0000][gc,task       ] GC(27) Using 2 workers of 2 for evacuation
[2025-11-07T19:27:27.425+0000][gc,phases     ] GC(27)   Pre Evacuate Collection Set: 0.0ms
[2025-11-07T19:27:27.425+0000][gc,phases     ] GC(27)   Evacuate Collection Set: 6.2ms
[2025-11-07T19:27:27.427+0000][gc,phases     ] GC(27)   Post Evacuate Collection Set: 0.3ms
[2025-11-07T19:27:27.428+0000][gc,phases     ] GC(27)   Other: 1.2ms
[2025-11-07T19:27:27.428+0000][gc,heap       ] GC(27) Eden regions: 31->0(34)
[2025-11-07T19:27:27.428+0000][gc,heap       ] GC(27) Survivor regions: 2->3(5)
[2025-11-07T19:27:27.430+0000][gc,heap       ] GC(27) Old regions: 11->11
[2025-11-07T19:27:27.431+0000][gc,heap       ] GC(27) Humongous regions: 54->54
[2025-11-07T19:27:27.432+0000][gc,metaspace  ] GC(27) Metaspace: 43104K(44444K)->43104K(44444K) NonClass: 38523K(39248K)->38523K(39248K) Class: 4580K(5196K)->4580K(5196K)
[2025-11-07T19:27:27.432+0000][gc            ] GC(27) Pause Young (Normal) (G1 Evacuation Pause) 97M->67M(580M) 14.916ms
[2025-11-07T19:27:27.432+0000][gc,cpu        ] GC(27) User=0.03s Sys=0.01s Real=0.01s
[2025-11-07T19:27:27.515+0000][gc,start      ] GC(28) Pause Young (Normal) (G1 Evacuation Pause)
[2025-11-07T19:27:27.516+0000][gc,task       ] GC(28) Using 2 workers of 2 for evacuation
[2025-11-07T19:27:27.528+0000][gc,phases     ] GC(28)   Pre Evacuate Collection Set: 0.0ms
[2025-11-07T19:27:27.528+0000][gc,phases     ] GC(28)   Evacuate Collection Set: 10.6ms
[2025-11-07T19:27:27.529+0000][gc,phases     ] GC(28)   Post Evacuate Collection Set: 0.8ms
[2025-11-07T19:27:27.529+0000][gc,phases     ] GC(28)   Other: 1.2ms
[2025-11-07T19:27:27.531+0000][gc,heap       ] GC(28) Eden regions: 34->0(49)
[2025-11-07T19:27:27.532+0000][gc,heap       ] GC(28) Survivor regions: 3->2(5)
[2025-11-07T19:27:27.532+0000][gc,heap       ] GC(28) Old regions: 11->11
[2025-11-07T19:27:27.533+0000][gc,heap       ] GC(28) Humongous regions: 54->54
[2025-11-07T19:27:27.533+0000][gc,metaspace  ] GC(28) Metaspace: 43172K(44700K)->43172K(44700K) NonClass: 38582K(39504K)->38582K(39504K) Class: 4590K(5196K)->4590K(5196K)
[2025-11-07T19:27:27.534+0000][gc            ] GC(28) Pause Young (Normal) (G1 Evacuation Pause) 101M->66M(580M) 18.166ms
[2025-11-07T19:27:27.534+0000][gc,cpu        ] GC(28) User=0.02s Sys=0.01s Real=0.01s
[2025-11-07T19:27:27.663+0000][gc,start      ] GC(29) Pause Young (Normal) (G1 Evacuation Pause)
[2025-11-07T19:27:27.666+0000][gc,task       ] GC(29) Using 2 workers of 2 for evacuation
[2025-11-07T19:27:27.681+0000][gc,phases     ] GC(29)   Pre Evacuate Collection Set: 0.0ms
[2025-11-07T19:27:27.682+0000][gc,phases     ] GC(29)   Evacuate Collection Set: 12.9ms
[2025-11-07T19:27:27.683+0000][gc,phases     ] GC(29)   Post Evacuate Collection Set: 0.4ms
[2025-11-07T19:27:27.683+0000][gc,phases     ] GC(29)   Other: 4.6ms
[2025-11-07T19:27:27.683+0000][gc,heap       ] GC(29) Eden regions: 49->0(49)
[2025-11-07T19:27:27.684+0000][gc,heap       ] GC(29) Survivor regions: 2->3(7)
[2025-11-07T19:27:27.684+0000][gc,heap       ] GC(29) Old regions: 11->11
[2025-11-07T19:27:27.684+0000][gc,heap       ] GC(29) Humongous regions: 54->54
[2025-11-07T19:27:27.685+0000][gc,metaspace  ] GC(29) Metaspace: 43349K(44700K)->43349K(44700K) NonClass: 38735K(39504K)->38735K(39504K) Class: 4613K(5196K)->4613K(5196K)
[2025-11-07T19:27:27.685+0000][gc            ] GC(29) Pause Young (Normal) (G1 Evacuation Pause) 115M->67M(580M) 21.962ms
[2025-11-07T19:27:27.686+0000][gc,cpu        ] GC(29) User=0.02s Sys=0.00s Real=0.03s
[2025-11-07T19:27:27.798+0000][gc,start      ] GC(30) Pause Young (Normal) (G1 Evacuation Pause)
[2025-11-07T19:27:27.798+0000][gc,task       ] GC(30) Using 2 workers of 2 for evacuation
[2025-11-07T19:27:27.813+0000][gc,phases     ] GC(30)   Pre Evacuate Collection Set: 0.0ms
[2025-11-07T19:27:27.814+0000][gc,phases     ] GC(30)   Evacuate Collection Set: 13.8ms
[2025-11-07T19:27:27.814+0000][gc,phases     ] GC(30)   Post Evacuate Collection Set: 0.4ms
[2025-11-07T19:27:27.815+0000][gc,phases     ] GC(30)   Other: 1.2ms
[2025-11-07T19:27:27.815+0000][gc,heap       ] GC(30) Eden regions: 49->0(50)
[2025-11-07T19:27:27.816+0000][gc,heap       ] GC(30) Survivor regions: 3->3(7)
[2025-11-07T19:27:27.817+0000][gc,heap       ] GC(30) Old regions: 11->11
[2025-11-07T19:27:27.818+0000][gc,heap       ] GC(30) Humongous regions: 54->54
[2025-11-07T19:27:27.819+0000][gc,metaspace  ] GC(30) Metaspace: 43384K(44956K)->43384K(44956K) NonClass: 38767K(39760K)->38767K(39760K) Class: 4616K(5196K)->4616K(5196K)
[2025-11-07T19:27:27.820+0000][gc            ] GC(30) Pause Young (Normal) (G1 Evacuation Pause) 116M->67M(580M) 22.049ms
[2025-11-07T19:27:27.820+0000][gc,cpu        ] GC(30) User=0.02s Sys=0.00s Real=0.02s
[2025-11-07T19:27:27.989+0000][gc,start      ] GC(31) Pause Young (Normal) (G1 Evacuation Pause)
[2025-11-07T19:27:27.990+0000][gc,task       ] GC(31) Using 2 workers of 2 for evacuation
[2025-11-07T19:27:28.020+0000][gc,mmu        ] GC(31) MMU target violated: 21.0ms (20.0ms/21.0ms)
[2025-11-07T19:27:28.021+0000][gc,phases     ] GC(31)   Pre Evacuate Collection Set: 0.0ms
[2025-11-07T19:27:28.021+0000][gc,phases     ] GC(31)   Evacuate Collection Set: 24.7ms
[2025-11-07T19:27:28.021+0000][gc,phases     ] GC(31)   Post Evacuate Collection Set: 1.3ms
[2025-11-07T19:27:28.022+0000][gc,phases     ] GC(31)   Other: 5.5ms
[2025-11-07T19:27:28.022+0000][gc,heap       ] GC(31) Eden regions: 50->0(68)
[2025-11-07T19:27:28.023+0000][gc,heap       ] GC(31) Survivor regions: 3->3(7)
[2025-11-07T19:27:28.023+0000][gc,heap       ] GC(31) Old regions: 11->11
[2025-11-07T19:27:28.023+0000][gc,heap       ] GC(31) Humongous regions: 61->52
[2025-11-07T19:27:28.024+0000][gc,metaspace  ] GC(31) Metaspace: 43565K(44956K)->43565K(44956K) NonClass: 38920K(39760K)->38920K(39760K) Class: 4645K(5196K)->4645K(5196K)
[2025-11-07T19:27:28.024+0000][gc            ] GC(31) Pause Young (Normal) (G1 Evacuation Pause) 124M->65M(601M) 34.779ms
[2025-11-07T19:27:28.024+0000][gc,cpu        ] GC(31) User=0.04s Sys=0.00s Real=0.03s
[2025-11-07T19:27:28.260+0000][gc,start      ] GC(32) Pause Young (Normal) (G1 Evacuation Pause)
[2025-11-07T19:27:28.261+0000][gc,task       ] GC(32) Using 2 workers of 2 for evacuation
[2025-11-07T19:27:28.287+0000][gc,mmu        ] GC(32) MMU target violated: 21.0ms (20.0ms/21.0ms)
[2025-11-07T19:27:28.287+0000][gc,phases     ] GC(32)   Pre Evacuate Collection Set: 0.0ms
[2025-11-07T19:27:28.287+0000][gc,phases     ] GC(32)   Evacuate Collection Set: 25.1ms
[2025-11-07T19:27:28.288+0000][gc,phases     ] GC(32)   Post Evacuate Collection Set: 0.5ms
[2025-11-07T19:27:28.288+0000][gc,phases     ] GC(32)   Other: 1.3ms
[2025-11-07T19:27:28.288+0000][gc,heap       ] GC(32) Eden regions: 68->0(74)
[2025-11-07T19:27:28.288+0000][gc,heap       ] GC(32) Survivor regions: 3->3(9)
[2025-11-07T19:27:28.289+0000][gc,heap       ] GC(32) Old regions: 11->11
[2025-11-07T19:27:28.290+0000][gc,heap       ] GC(32) Humongous regions: 59->50
[2025-11-07T19:27:28.290+0000][gc,metaspace  ] GC(32) Metaspace: 43746K(45084K)->43746K(45084K) NonClass: 39060K(39760K)->39060K(39760K) Class: 4686K(5324K)->4686K(5324K)
[2025-11-07T19:27:28.290+0000][gc            ] GC(32) Pause Young (Normal) (G1 Evacuation Pause) 140M->63M(601M) 30.030ms
[2025-11-07T19:27:28.290+0000][gc,cpu        ] GC(32) User=0.02s Sys=0.01s Real=0.03s
[2025-11-07T19:27:28.538+0000][gc,start      ] GC(33) Pause Young (Normal) (G1 Evacuation Pause)
[2025-11-07T19:27:28.539+0000][gc,task       ] GC(33) Using 2 workers of 2 for evacuation
[2025-11-07T19:27:28.563+0000][gc,mmu        ] GC(33) MMU target violated: 21.0ms (20.0ms/21.0ms)
[2025-11-07T19:27:28.563+0000][gc,phases     ] GC(33)   Pre Evacuate Collection Set: 0.0ms
[2025-11-07T19:27:28.563+0000][gc,phases     ] GC(33)   Evacuate Collection Set: 18.3ms
[2025-11-07T19:27:28.565+0000][gc,phases     ] GC(33)   Post Evacuate Collection Set: 4.6ms
[2025-11-07T19:27:28.566+0000][gc,phases     ] GC(33)   Other: 2.3ms
[2025-11-07T19:27:28.567+0000][gc,heap       ] GC(33) Eden regions: 74->0(78)
[2025-11-07T19:27:28.567+0000][gc,heap       ] GC(33) Survivor regions: 3->2(10)
[2025-11-07T19:27:28.570+0000][gc,heap       ] GC(33) Old regions: 11->12
[2025-11-07T19:27:28.571+0000][gc,heap       ] GC(33) Humongous regions: 50->50
[2025-11-07T19:27:28.571+0000][gc,metaspace  ] GC(33) Metaspace: 43807K(45340K)->43807K(45340K) NonClass: 39108K(40016K)->39108K(40016K) Class: 4699K(5324K)->4699K(5324K)
[2025-11-07T19:27:28.572+0000][gc            ] GC(33) Pause Young (Normal) (G1 Evacuation Pause) 137M->63M(601M) 33.708ms
[2025-11-07T19:27:28.572+0000][gc,cpu        ] GC(33) User=0.02s Sys=0.01s Real=0.03s
[2025-11-07T19:27:28.736+0000][gc,start      ] GC(34) Pause Young (Normal) (G1 Evacuation Pause)
[2025-11-07T19:27:28.736+0000][gc,task       ] GC(34) Using 2 workers of 2 for evacuation
[2025-11-07T19:27:28.758+0000][gc,mmu        ] GC(34) MMU target violated: 20.9ms (20.0ms/21.0ms)
[2025-11-07T19:27:28.758+0000][gc,phases     ] GC(34)   Pre Evacuate Collection Set: 0.0ms
[2025-11-07T19:27:28.760+0000][gc,phases     ] GC(34)   Evacuate Collection Set: 16.7ms
[2025-11-07T19:27:28.761+0000][gc,phases     ] GC(34)   Post Evacuate Collection Set: 4.1ms
[2025-11-07T19:27:28.762+0000][gc,phases     ] GC(34)   Other: 2.0ms
[2025-11-07T19:27:28.764+0000][gc,heap       ] GC(34) Eden regions: 78->0(76)
[2025-11-07T19:27:28.767+0000][gc,heap       ] GC(34) Survivor regions: 2->2(10)
[2025-11-07T19:27:28.767+0000][gc,heap       ] GC(34) Old regions: 12->12
[2025-11-07T19:27:28.768+0000][gc,heap       ] GC(34) Humongous regions: 50->50
[2025-11-07T19:27:28.768+0000][gc,metaspace  ] GC(34) Metaspace: 43810K(45340K)->43810K(45340K) NonClass: 39110K(40016K)->39110K(40016K) Class: 4699K(5324K)->4699K(5324K)
[2025-11-07T19:27:28.769+0000][gc            ] GC(34) Pause Young (Normal) (G1 Evacuation Pause) 141M->63M(601M) 33.309ms
[2025-11-07T19:27:28.770+0000][gc,cpu        ] GC(34) User=0.01s Sys=0.01s Real=0.03s
[2025-11-07T19:27:28.989+0000][gc,start      ] GC(35) Pause Young (Normal) (G1 Evacuation Pause)
[2025-11-07T19:27:28.990+0000][gc,task       ] GC(35) Using 2 workers of 2 for evacuation
[2025-11-07T19:27:29.012+0000][gc,mmu        ] GC(35) MMU target violated: 21.0ms (20.0ms/21.0ms)
[2025-11-07T19:27:29.013+0000][gc,phases     ] GC(35)   Pre Evacuate Collection Set: 0.0ms
[2025-11-07T19:27:29.013+0000][gc,phases     ] GC(35)   Evacuate Collection Set: 13.6ms
[2025-11-07T19:27:29.014+0000][gc,phases     ] GC(35)   Post Evacuate Collection Set: 8.4ms
[2025-11-07T19:27:29.015+0000][gc,phases     ] GC(35)   Other: 1.6ms
[2025-11-07T19:27:29.016+0000][gc,heap       ] GC(35) Eden regions: 76->0(76)
[2025-11-07T19:27:29.017+0000][gc,heap       ] GC(35) Survivor regions: 2->2(10)
[2025-11-07T19:27:29.017+0000][gc,heap       ] GC(35) Old regions: 12->13
[2025-11-07T19:27:29.017+0000][gc,heap       ] GC(35) Humongous regions: 59->43
[2025-11-07T19:27:29.018+0000][gc,metaspace  ] GC(35) Metaspace: 43834K(45340K)->43834K(45340K) NonClass: 39131K(40016K)->39131K(40016K) Class: 4703K(5324K)->4703K(5324K)
[2025-11-07T19:27:29.018+0000][gc            ] GC(35) Pause Young (Normal) (G1 Evacuation Pause) 148M->56M(684M) 28.683ms
[2025-11-07T19:27:29.021+0000][gc,cpu        ] GC(35) User=0.02s Sys=0.00s Real=0.03s
[2025-11-07T19:27:29.320+0000][gc,start      ] GC(36) Pause Young (Normal) (G1 Evacuation Pause)
[2025-11-07T19:27:29.321+0000][gc,task       ] GC(36) Using 2 workers of 2 for evacuation
[2025-11-07T19:27:29.331+0000][gc,phases     ] GC(36)   Pre Evacuate Collection Set: 0.1ms
[2025-11-07T19:27:29.331+0000][gc,phases     ] GC(36)   Evacuate Collection Set: 9.5ms
[2025-11-07T19:27:29.332+0000][gc,phases     ] GC(36)   Post Evacuate Collection Set: 0.5ms
[2025-11-07T19:27:29.332+0000][gc,phases     ] GC(36)   Other: 0.7ms
[2025-11-07T19:27:29.332+0000][gc,heap       ] GC(36) Eden regions: 76->0(78)
[2025-11-07T19:27:29.332+0000][gc,heap       ] GC(36) Survivor regions: 2->1(10)
[2025-11-07T19:27:29.333+0000][gc,heap       ] GC(36) Old regions: 13->13
[2025-11-07T19:27:29.333+0000][gc,heap       ] GC(36) Humongous regions: 43->36
[2025-11-07T19:27:29.333+0000][gc,metaspace  ] GC(36) Metaspace: 44028K(45596K)->44028K(45596K) NonClass: 39300K(40272K)->39300K(40272K) Class: 4728K(5324K)->4728K(5324K)
[2025-11-07T19:27:29.333+0000][gc            ] GC(36) Pause Young (Normal) (G1 Evacuation Pause) 132M->49M(684M) 13.125ms
[2025-11-07T19:27:29.334+0000][gc,cpu        ] GC(36) User=0.01s Sys=0.00s Real=0.01s
[2025-11-07T19:27:29.689+0000][gc,start      ] GC(37) Pause Young (Normal) (G1 Evacuation Pause)
[2025-11-07T19:27:29.690+0000][gc,task       ] GC(37) Using 2 workers of 2 for evacuation
[2025-11-07T19:27:29.704+0000][gc,phases     ] GC(37)   Pre Evacuate Collection Set: 0.1ms
[2025-11-07T19:27:29.704+0000][gc,phases     ] GC(37)   Evacuate Collection Set: 12.6ms
[2025-11-07T19:27:29.704+0000][gc,phases     ] GC(37)   Post Evacuate Collection Set: 0.5ms
[2025-11-07T19:27:29.705+0000][gc,phases     ] GC(37)   Other: 1.1ms
[2025-11-07T19:27:29.705+0000][gc,heap       ] GC(37) Eden regions: 78->0(78)
[2025-11-07T19:27:29.706+0000][gc,heap       ] GC(37) Survivor regions: 1->1(10)
[2025-11-07T19:27:29.706+0000][gc,heap       ] GC(37) Old regions: 13->13
[2025-11-07T19:27:29.707+0000][gc,heap       ] GC(37) Humongous regions: 43->34
[2025-11-07T19:27:29.707+0000][gc,metaspace  ] GC(37) Metaspace: 44111K(45724K)->44111K(45724K) NonClass: 39374K(40272K)->39374K(40272K) Class: 4736K(5452K)->4736K(5452K)
[2025-11-07T19:27:29.707+0000][gc            ] GC(37) Pause Young (Normal) (G1 Evacuation Pause) 134M->47M(684M) 17.807ms
[2025-11-07T19:27:29.708+0000][gc,cpu        ] GC(37) User=0.01s Sys=0.01s Real=0.02s
[2025-11-07T19:27:29.990+0000][gc,start      ] GC(38) Pause Young (Normal) (G1 Evacuation Pause)
[2025-11-07T19:27:29.990+0000][gc,task       ] GC(38) Using 2 workers of 2 for evacuation
[2025-11-07T19:27:30.015+0000][gc,mmu        ] GC(38) MMU target violated: 21.0ms (20.0ms/21.0ms)
[2025-11-07T19:27:30.016+0000][gc,phases     ] GC(38)   Pre Evacuate Collection Set: 0.0ms
[2025-11-07T19:27:30.016+0000][gc,phases     ] GC(38)   Evacuate Collection Set: 22.6ms
[2025-11-07T19:27:30.016+0000][gc,phases     ] GC(38)   Post Evacuate Collection Set: 2.7ms
[2025-11-07T19:27:30.016+0000][gc,phases     ] GC(38)   Other: 0.9ms
[2025-11-07T19:27:30.017+0000][gc,heap       ] GC(38) Eden regions: 78->0(78)
[2025-11-07T19:27:30.017+0000][gc,heap       ] GC(38) Survivor regions: 1->1(10)
[2025-11-07T19:27:30.017+0000][gc,heap       ] GC(38) Old regions: 13->13
[2025-11-07T19:27:30.017+0000][gc,heap       ] GC(38) Humongous regions: 34->34
[2025-11-07T19:27:30.017+0000][gc,metaspace  ] GC(38) Metaspace: 44172K(45724K)->44172K(45724K) NonClass: 39435K(40272K)->39435K(40272K) Class: 4736K(5452K)->4736K(5452K)
[2025-11-07T19:27:30.018+0000][gc            ] GC(38) Pause Young (Normal) (G1 Evacuation Pause) 125M->47M(684M) 28.046ms
[2025-11-07T19:27:30.022+0000][gc,cpu        ] GC(38) User=0.01s Sys=0.00s Real=0.03s
[2025-11-07T19:27:32.981+0000][gc,start      ] GC(39) Pause Young (Normal) (G1 Evacuation Pause)
[2025-11-07T19:27:32.982+0000][gc,task       ] GC(39) Using 2 workers of 2 for evacuation
[2025-11-07T19:27:32.994+0000][gc,phases     ] GC(39)   Pre Evacuate Collection Set: 0.2ms
[2025-11-07T19:27:32.995+0000][gc,phases     ] GC(39)   Evacuate Collection Set: 9.0ms
[2025-11-07T19:27:32.995+0000][gc,phases     ] GC(39)   Post Evacuate Collection Set: 1.7ms
[2025-11-07T19:27:32.995+0000][gc,phases     ] GC(39)   Other: 2.1ms
[2025-11-07T19:27:32.996+0000][gc,heap       ] GC(39) Eden regions: 78->0(77)
[2025-11-07T19:27:32.996+0000][gc,heap       ] GC(39) Survivor regions: 1->3(10)
[2025-11-07T19:27:32.997+0000][gc,heap       ] GC(39) Old regions: 13->13
[2025-11-07T19:27:32.997+0000][gc,heap       ] GC(39) Humongous regions: 163->156
[2025-11-07T19:27:32.998+0000][gc,metaspace  ] GC(39) Metaspace: 46071K(47772K)->46071K(47772K) NonClass: 41081K(42064K)->41081K(42064K) Class: 4990K(5708K)->4990K(5708K)
[2025-11-07T19:27:32.998+0000][gc            ] GC(39) Pause Young (Normal) (G1 Evacuation Pause) 254M->171M(684M) 16.817ms
[2025-11-07T19:27:32.999+0000][gc,cpu        ] GC(39) User=0.02s Sys=0.00s Real=0.02s
[2025-11-07T19:27:34.553+0000][gc,start      ] GC(40) Pause Young (Concurrent Start) (G1 Humongous Allocation)
[2025-11-07T19:27:34.553+0000][gc,task       ] GC(40) Using 2 workers of 2 for evacuation
[2025-11-07T19:27:34.571+0000][gc,phases     ] GC(40)   Pre Evacuate Collection Set: 0.4ms
[2025-11-07T19:27:34.571+0000][gc,phases     ] GC(40)   Evacuate Collection Set: 11.3ms
[2025-11-07T19:27:34.571+0000][gc,phases     ] GC(40)   Post Evacuate Collection Set: 1.9ms
[2025-11-07T19:27:34.572+0000][gc,phases     ] GC(40)   Other: 4.3ms
[2025-11-07T19:27:34.572+0000][gc,heap       ] GC(40) Eden regions: 42->0(42)
[2025-11-07T19:27:34.572+0000][gc,heap       ] GC(40) Survivor regions: 3->4(10)
[2025-11-07T19:27:34.572+0000][gc,heap       ] GC(40) Old regions: 13->13
[2025-11-07T19:27:34.573+0000][gc,heap       ] GC(40) Humongous regions: 222->156
[2025-11-07T19:27:34.573+0000][gc,metaspace  ] GC(40) Metaspace: 48887K(51228K)->48887K(51228K) NonClass: 43182K(44368K)->43182K(44368K) Class: 5704K(6860K)->5704K(6860K)
[2025-11-07T19:27:34.573+0000][gc            ] GC(40) Pause Young (Concurrent Start) (G1 Humongous Allocation) 278M->172M(684M) 20.080ms
[2025-11-07T19:27:34.573+0000][gc,cpu        ] GC(40) User=0.02s Sys=0.00s Real=0.02s
[2025-11-07T19:27:34.574+0000][gc            ] GC(41) Concurrent Cycle
[2025-11-07T19:27:34.574+0000][gc,marking    ] GC(41) Concurrent Clear Claimed Marks
[2025-11-07T19:27:34.575+0000][gc,marking    ] GC(41) Concurrent Clear Claimed Marks 0.930ms
[2025-11-07T19:27:34.575+0000][gc,marking    ] GC(41) Concurrent Scan Root Regions
[2025-11-07T19:27:34.611+0000][gc,marking    ] GC(41) Concurrent Scan Root Regions 35.433ms
[2025-11-07T19:27:34.611+0000][gc,marking    ] GC(41) Concurrent Mark (24.502s)
[2025-11-07T19:27:34.611+0000][gc,marking    ] GC(41) Concurrent Mark From Roots
[2025-11-07T19:27:34.611+0000][gc,task       ] GC(41) Using 1 workers of 1 for marking
[2025-11-07T19:27:34.713+0000][gc,marking    ] GC(41) Concurrent Mark From Roots 102.345ms
[2025-11-07T19:27:34.714+0000][gc,marking    ] GC(41) Concurrent Preclean
[2025-11-07T19:27:34.715+0000][gc,marking    ] GC(41) Concurrent Preclean 0.626ms
[2025-11-07T19:27:34.716+0000][gc,marking    ] GC(41) Concurrent Mark (24.502s, 24.607s) 105.135ms
[2025-11-07T19:27:34.718+0000][gc,start      ] GC(41) Pause Remark
[2025-11-07T19:27:34.739+0000][gc,stringtable] GC(41) Cleaned string and symbol table, strings: 15085 processed, 7 removed, symbols: 122910 processed, 6 removed
[2025-11-07T19:27:34.740+0000][gc,mmu        ] GC(41) MMU target violated: 21.0ms (20.0ms/21.0ms)
[2025-11-07T19:27:34.743+0000][gc            ] GC(41) Pause Remark 222M->204M(684M) 25.141ms
[2025-11-07T19:27:34.743+0000][gc,cpu        ] GC(41) User=0.06s Sys=0.00s Real=0.02s
[2025-11-07T19:27:34.743+0000][gc,marking    ] GC(41) Concurrent Rebuild Remembered Sets
[2025-11-07T19:27:34.776+0000][gc,marking    ] GC(41) Concurrent Rebuild Remembered Sets 32.305ms
[2025-11-07T19:27:34.815+0000][gc,start      ] GC(41) Pause Cleanup
[2025-11-07T19:27:34.818+0000][gc            ] GC(41) Pause Cleanup 212M->212M(684M) 2.873ms
[2025-11-07T19:27:34.820+0000][gc,cpu        ] GC(41) User=0.00s Sys=0.00s Real=0.01s
[2025-11-07T19:27:34.821+0000][gc,marking    ] GC(41) Concurrent Cleanup for Next Mark
[2025-11-07T19:27:34.834+0000][gc,marking    ] GC(41) Concurrent Cleanup for Next Mark 12.120ms
[2025-11-07T19:27:34.836+0000][gc            ] GC(41) Concurrent Cycle 262.629ms
[2025-11-07T19:27:34.876+0000][gc,start      ] GC(42) Pause Young (Concurrent Start) (G1 Humongous Allocation)
[2025-11-07T19:27:34.877+0000][gc,task       ] GC(42) Using 2 workers of 2 for evacuation
[2025-11-07T19:27:34.900+0000][gc,mmu        ] GC(42) MMU target violated: 21.0ms (20.0ms/21.0ms)
[2025-11-07T19:27:34.900+0000][gc,phases     ] GC(42)   Pre Evacuate Collection Set: 0.3ms
[2025-11-07T19:27:34.901+0000][gc,phases     ] GC(42)   Evacuate Collection Set: 17.8ms
[2025-11-07T19:27:34.901+0000][gc,phases     ] GC(42)   Post Evacuate Collection Set: 2.0ms
[2025-11-07T19:27:34.902+0000][gc,phases     ] GC(42)   Other: 4.1ms
[2025-11-07T19:27:34.902+0000][gc,heap       ] GC(42) Eden regions: 17->0(30)
[2025-11-07T19:27:34.904+0000][gc,heap       ] GC(42) Survivor regions: 4->4(6)
[2025-11-07T19:27:34.905+0000][gc,heap       ] GC(42) Old regions: 13->14
[2025-11-07T19:27:34.905+0000][gc,heap       ] GC(42) Humongous regions: 222->138
[2025-11-07T19:27:34.905+0000][gc,metaspace  ] GC(42) Metaspace: 49236K(51612K)->49236K(51612K) NonClass: 43451K(44624K)->43451K(44624K) Class: 5784K(6988K)->5784K(6988K)
[2025-11-07T19:27:34.906+0000][gc            ] GC(42) Pause Young (Concurrent Start) (G1 Humongous Allocation) 254M->154M(684M) 29.215ms
[2025-11-07T19:27:34.906+0000][gc,cpu        ] GC(42) User=0.03s Sys=0.00s Real=0.03s
[2025-11-07T19:27:34.907+0000][gc            ] GC(43) Concurrent Cycle
[2025-11-07T19:27:34.907+0000][gc,marking    ] GC(43) Concurrent Clear Claimed Marks
[2025-11-07T19:27:34.907+0000][gc,marking    ] GC(43) Concurrent Clear Claimed Marks 0.685ms
[2025-11-07T19:27:34.908+0000][gc,marking    ] GC(43) Concurrent Scan Root Regions
[2025-11-07T19:27:34.917+0000][gc,marking    ] GC(43) Concurrent Scan Root Regions 8.993ms
[2025-11-07T19:27:34.917+0000][gc,marking    ] GC(43) Concurrent Mark (24.808s)
[2025-11-07T19:27:34.918+0000][gc,marking    ] GC(43) Concurrent Mark From Roots
[2025-11-07T19:27:34.918+0000][gc,task       ] GC(43) Using 1 workers of 1 for marking
[2025-11-07T19:27:34.983+0000][gc,marking    ] GC(43) Concurrent Mark From Roots 65.117ms
[2025-11-07T19:27:34.983+0000][gc,marking    ] GC(43) Concurrent Preclean
[2025-11-07T19:27:34.983+0000][gc,marking    ] GC(43) Concurrent Preclean 0.250ms
[2025-11-07T19:27:34.984+0000][gc,marking    ] GC(43) Concurrent Mark (24.808s, 24.874s) 66.527ms
[2025-11-07T19:27:34.985+0000][gc,start      ] GC(43) Pause Remark
[2025-11-07T19:27:35.010+0000][gc,stringtable] GC(43) Cleaned string and symbol table, strings: 15090 processed, 1 removed, symbols: 122989 processed, 3 removed
[2025-11-07T19:27:35.013+0000][gc,mmu        ] GC(43) MMU target violated: 21.0ms (20.0ms/21.0ms)
[2025-11-07T19:27:35.014+0000][gc            ] GC(43) Pause Remark 175M->175M(684M) 28.560ms
[2025-11-07T19:27:35.015+0000][gc,cpu        ] GC(43) User=0.04s Sys=0.00s Real=0.02s
[2025-11-07T19:27:35.016+0000][gc,marking    ] GC(43) Concurrent Rebuild Remembered Sets
[2025-11-07T19:27:35.039+0000][gc,marking    ] GC(43) Concurrent Rebuild Remembered Sets 23.183ms
[2025-11-07T19:27:35.044+0000][gc,start      ] GC(43) Pause Cleanup
[2025-11-07T19:27:35.045+0000][gc            ] GC(43) Pause Cleanup 194M->194M(684M) 0.599ms
[2025-11-07T19:27:35.046+0000][gc,cpu        ] GC(43) User=0.00s Sys=0.00s Real=0.01s
[2025-11-07T19:27:35.047+0000][gc,marking    ] GC(43) Concurrent Cleanup for Next Mark
[2025-11-07T19:27:35.053+0000][gc,marking    ] GC(43) Concurrent Cleanup for Next Mark 6.411ms
[2025-11-07T19:27:35.054+0000][gc            ] GC(43) Concurrent Cycle 147.114ms
[2025-11-07T19:27:35.159+0000][gc,start      ] GC(44) Pause Young (Concurrent Start) (G1 Humongous Allocation)
[2025-11-07T19:27:35.160+0000][gc,task       ] GC(44) Using 2 workers of 2 for evacuation
[2025-11-07T19:27:35.170+0000][gc,phases     ] GC(44)   Pre Evacuate Collection Set: 0.2ms
[2025-11-07T19:27:35.171+0000][gc,phases     ] GC(44)   Evacuate Collection Set: 7.8ms
[2025-11-07T19:27:35.171+0000][gc,phases     ] GC(44)   Post Evacuate Collection Set: 1.8ms
[2025-11-07T19:27:35.171+0000][gc,phases     ] GC(44)   Other: 2.1ms
[2025-11-07T19:27:35.172+0000][gc,heap       ] GC(44) Eden regions: 24->0(32)
[2025-11-07T19:27:35.172+0000][gc,heap       ] GC(44) Survivor regions: 4->2(5)
[2025-11-07T19:27:35.172+0000][gc,heap       ] GC(44) Old regions: 14->16
[2025-11-07T19:27:35.173+0000][gc,heap       ] GC(44) Humongous regions: 222->138
[2025-11-07T19:27:35.173+0000][gc,metaspace  ] GC(44) Metaspace: 49274K(51612K)->49274K(51612K) NonClass: 43489K(44624K)->43489K(44624K) Class: 5784K(6988K)->5784K(6988K)
[2025-11-07T19:27:35.173+0000][gc            ] GC(44) Pause Young (Concurrent Start) (G1 Humongous Allocation) 262M->155M(684M) 14.684ms
[2025-11-07T19:27:35.174+0000][gc,cpu        ] GC(44) User=0.03s Sys=0.00s Real=0.01s
[2025-11-07T19:27:35.174+0000][gc            ] GC(45) Concurrent Cycle
[2025-11-07T19:27:35.176+0000][gc,marking    ] GC(45) Concurrent Clear Claimed Marks
[2025-11-07T19:27:35.177+0000][gc,marking    ] GC(45) Concurrent Clear Claimed Marks 1.444ms
[2025-11-07T19:27:35.178+0000][gc,marking    ] GC(45) Concurrent Scan Root Regions
[2025-11-07T19:27:35.181+0000][gc,marking    ] GC(45) Concurrent Scan Root Regions 2.960ms
[2025-11-07T19:27:35.181+0000][gc,marking    ] GC(45) Concurrent Mark (25.072s)
[2025-11-07T19:27:35.181+0000][gc,marking    ] GC(45) Concurrent Mark From Roots
[2025-11-07T19:27:35.183+0000][gc,task       ] GC(45) Using 1 workers of 1 for marking
[2025-11-07T19:27:35.266+0000][gc,marking    ] GC(45) Concurrent Mark From Roots 85.226ms
[2025-11-07T19:27:35.267+0000][gc,marking    ] GC(45) Concurrent Preclean
[2025-11-07T19:27:35.267+0000][gc,marking    ] GC(45) Concurrent Preclean 0.352ms
[2025-11-07T19:27:35.267+0000][gc,marking    ] GC(45) Concurrent Mark (25.072s, 25.158s) 86.357ms
[2025-11-07T19:27:35.268+0000][gc,start      ] GC(45) Pause Remark
[2025-11-07T19:27:35.310+0000][gc,stringtable] GC(45) Cleaned string and symbol table, strings: 15100 processed, 1 removed, symbols: 122986 processed, 0 removed
[2025-11-07T19:27:35.313+0000][gc,mmu        ] GC(45) MMU target violated: 21.0ms (20.0ms/21.0ms)
[2025-11-07T19:27:35.313+0000][gc            ] GC(45) Pause Remark 226M->226M(684M) 44.757ms
[2025-11-07T19:27:35.315+0000][gc,cpu        ] GC(45) User=0.05s Sys=0.00s Real=0.04s
[2025-11-07T19:27:35.317+0000][gc,marking    ] GC(45) Concurrent Rebuild Remembered Sets
[2025-11-07T19:27:35.355+0000][gc,marking    ] GC(45) Concurrent Rebuild Remembered Sets 37.493ms
[2025-11-07T19:27:35.358+0000][gc,start      ] GC(45) Pause Cleanup
[2025-11-07T19:27:35.359+0000][gc            ] GC(45) Pause Cleanup 226M->226M(684M) 1.188ms
[2025-11-07T19:27:35.359+0000][gc,cpu        ] GC(45) User=0.00s Sys=0.00s Real=0.00s
[2025-11-07T19:27:35.360+0000][gc,marking    ] GC(45) Concurrent Cleanup for Next Mark
[2025-11-07T19:27:35.363+0000][gc,marking    ] GC(45) Concurrent Cleanup for Next Mark 2.983ms
[2025-11-07T19:27:35.364+0000][gc            ] GC(45) Concurrent Cycle 189.549ms
[2025-11-07T19:28:38.795+0000][gc,start      ] GC(46) Pause Young (Normal) (G1 Evacuation Pause)
[2025-11-07T19:28:38.912+0000][gc,task       ] GC(46) Using 2 workers of 2 for evacuation
[2025-11-07T19:28:38.974+0000][gc,mmu        ] GC(46) MMU target violated: 21.0ms (20.0ms/21.0ms)
[2025-11-07T19:28:38.976+0000][gc,phases     ] GC(46)   Pre Evacuate Collection Set: 0.1ms
[2025-11-07T19:28:38.979+0000][gc,phases     ] GC(46)   Evacuate Collection Set: 48.1ms
[2025-11-07T19:28:38.980+0000][gc,phases     ] GC(46)   Post Evacuate Collection Set: 6.1ms
[2025-11-07T19:28:38.980+0000][gc,phases     ] GC(46)   Other: 127.3ms
[2025-11-07T19:28:38.981+0000][gc,heap       ] GC(46) Eden regions: 32->0(30)
[2025-11-07T19:28:38.981+0000][gc,heap       ] GC(46) Survivor regions: 2->4(5)
[2025-11-07T19:28:38.982+0000][gc,heap       ] GC(46) Old regions: 16->16
[2025-11-07T19:28:38.982+0000][gc,heap       ] GC(46) Humongous regions: 204->138
[2025-11-07T19:28:38.983+0000][gc,metaspace  ] GC(46) Metaspace: 51120K(53788K)->51120K(53788K) NonClass: 45167K(46672K)->45167K(46672K) Class: 5952K(7116K)->5952K(7116K)
[2025-11-07T19:28:38.983+0000][gc            ] GC(46) Pause Young (Normal) (G1 Evacuation Pause) 253M->157M(684M) 188.446ms
[2025-11-07T19:28:38.984+0000][gc,cpu        ] GC(46) User=0.08s Sys=0.01s Real=0.19s
[2025-11-07T19:29:58.771+0000][gc,start      ] GC(47) Pause Young (Normal) (G1 Evacuation Pause)
[2025-11-07T19:29:58.771+0000][gc,task       ] GC(47) Using 2 workers of 2 for evacuation
[2025-11-07T19:29:58.783+0000][gc,phases     ] GC(47)   Pre Evacuate Collection Set: 0.0ms
[2025-11-07T19:29:58.783+0000][gc,phases     ] GC(47)   Evacuate Collection Set: 10.0ms
[2025-11-07T19:29:58.784+0000][gc,phases     ] GC(47)   Post Evacuate Collection Set: 1.1ms
[2025-11-07T19:29:58.784+0000][gc,phases     ] GC(47)   Other: 0.8ms
[2025-11-07T19:29:58.784+0000][gc,heap       ] GC(47) Eden regions: 30->0(31)
[2025-11-07T19:29:58.785+0000][gc,heap       ] GC(47) Survivor regions: 4->3(5)
[2025-11-07T19:29:58.785+0000][gc,heap       ] GC(47) Old regions: 16->18
[2025-11-07T19:29:58.785+0000][gc,heap       ] GC(47) Humongous regions: 138->138
[2025-11-07T19:29:58.785+0000][gc,metaspace  ] GC(47) Metaspace: 51489K(54044K)->51489K(54044K) NonClass: 45529K(46928K)->45529K(46928K) Class: 5959K(7116K)->5959K(7116K)
[2025-11-07T19:29:58.785+0000][gc            ] GC(47) Pause Young (Normal) (G1 Evacuation Pause) 187M->158M(684M) 14.262ms
[2025-11-07T19:29:58.786+0000][gc,cpu        ] GC(47) User=0.03s Sys=0.00s Real=0.01s
[2025-11-07T19:31:30.600+0000][gc,start      ] GC(48) Pause Young (Normal) (G1 Evacuation Pause)
[2025-11-07T19:31:30.600+0000][gc,task       ] GC(48) Using 2 workers of 2 for evacuation
[2025-11-07T19:31:30.612+0000][gc,phases     ] GC(48)   Pre Evacuate Collection Set: 0.0ms
[2025-11-07T19:31:30.612+0000][gc,phases     ] GC(48)   Evacuate Collection Set: 10.5ms
[2025-11-07T19:31:30.613+0000][gc,phases     ] GC(48)   Post Evacuate Collection Set: 0.9ms
[2025-11-07T19:31:30.613+0000][gc,phases     ] GC(48)   Other: 1.2ms
[2025-11-07T19:31:30.613+0000][gc,heap       ] GC(48) Eden regions: 31->0(29)
[2025-11-07T19:31:30.614+0000][gc,heap       ] GC(48) Survivor regions: 3->5(5)
[2025-11-07T19:31:30.614+0000][gc,heap       ] GC(48) Old regions: 18->18
[2025-11-07T19:31:30.614+0000][gc,heap       ] GC(48) Humongous regions: 138->138
[2025-11-07T19:31:30.615+0000][gc,metaspace  ] GC(48) Metaspace: 51691K(54300K)->51691K(54300K) NonClass: 45731K(47184K)->45731K(47184K) Class: 5959K(7116K)->5959K(7116K)
[2025-11-07T19:31:30.615+0000][gc            ] GC(48) Pause Young (Normal) (G1 Evacuation Pause) 189M->160M(684M) 15.384ms
[2025-11-07T19:31:30.616+0000][gc,cpu        ] GC(48) User=0.03s Sys=0.00s Real=0.02s
[2025-11-07T19:32:59.539+0000][gc,start      ] GC(49) Pause Young (Normal) (G1 Evacuation Pause)
[2025-11-07T19:32:59.540+0000][gc,task       ] GC(49) Using 2 workers of 2 for evacuation
[2025-11-07T19:32:59.564+0000][gc,mmu        ] GC(49) MMU target violated: 21.0ms (20.0ms/21.0ms)
[2025-11-07T19:32:59.564+0000][gc,phases     ] GC(49)   Pre Evacuate Collection Set: 0.1ms
[2025-11-07T19:32:59.565+0000][gc,phases     ] GC(49)   Evacuate Collection Set: 21.4ms
[2025-11-07T19:32:59.565+0000][gc,phases     ] GC(49)   Post Evacuate Collection Set: 1.4ms
[2025-11-07T19:32:59.566+0000][gc,phases     ] GC(49)   Other: 2.4ms
[2025-11-07T19:32:59.566+0000][gc,heap       ] GC(49) Eden regions: 29->0(30)
[2025-11-07T19:32:59.567+0000][gc,heap       ] GC(49) Survivor regions: 5->4(5)
[2025-11-07T19:32:59.567+0000][gc,heap       ] GC(49) Old regions: 18->21
[2025-11-07T19:32:59.568+0000][gc,heap       ] GC(49) Humongous regions: 138->138
[2025-11-07T19:32:59.568+0000][gc,metaspace  ] GC(49) Metaspace: 51796K(54300K)->51796K(54300K) NonClass: 45835K(47184K)->45835K(47184K) Class: 5960K(7116K)->5960K(7116K)
[2025-11-07T19:32:59.568+0000][gc            ] GC(49) Pause Young (Normal) (G1 Evacuation Pause) 189M->162M(684M) 29.305ms
[2025-11-07T19:32:59.569+0000][gc,cpu        ] GC(49) User=0.04s Sys=0.00s Real=0.03s
[2025-11-07T19:34:16.426+0000][gc,start      ] GC(50) Pause Young (Normal) (G1 Evacuation Pause)
[2025-11-07T19:34:16.426+0000][gc,task       ] GC(50) Using 2 workers of 2 for evacuation
[2025-11-07T19:34:16.445+0000][gc,phases     ] GC(50)   Pre Evacuate Collection Set: 0.0ms
[2025-11-07T19:34:16.445+0000][gc,phases     ] GC(50)   Evacuate Collection Set: 16.6ms
[2025-11-07T19:34:16.446+0000][gc,phases     ] GC(50)   Post Evacuate Collection Set: 1.4ms
[2025-11-07T19:34:16.446+0000][gc,phases     ] GC(50)   Other: 1.0ms
[2025-11-07T19:34:16.447+0000][gc,heap       ] GC(50) Eden regions: 30->0(30)
[2025-11-07T19:34:16.447+0000][gc,heap       ] GC(50) Survivor regions: 4->4(5)
[2025-11-07T19:34:16.447+0000][gc,heap       ] GC(50) Old regions: 21->22
[2025-11-07T19:34:16.448+0000][gc,heap       ] GC(50) Humongous regions: 138->138
[2025-11-07T19:34:16.448+0000][gc,metaspace  ] GC(50) Metaspace: 52222K(55068K)->52222K(55068K) NonClass: 46156K(47696K)->46156K(47696K) Class: 6066K(7372K)->6066K(7372K)
[2025-11-07T19:34:16.449+0000][gc            ] GC(50) Pause Young (Normal) (G1 Evacuation Pause) 192M->163M(684M) 22.817ms
[2025-11-07T19:34:16.449+0000][gc,cpu        ] GC(50) User=0.04s Sys=0.00s Real=0.03s
[2025-11-07T19:35:28.806+0000][gc,start      ] GC(51) Pause Young (Normal) (G1 Evacuation Pause)
[2025-11-07T19:35:28.806+0000][gc,task       ] GC(51) Using 2 workers of 2 for evacuation
[2025-11-07T19:35:28.819+0000][gc,phases     ] GC(51)   Pre Evacuate Collection Set: 0.0ms
[2025-11-07T19:35:28.820+0000][gc,phases     ] GC(51)   Evacuate Collection Set: 12.3ms
[2025-11-07T19:35:28.820+0000][gc,phases     ] GC(51)   Post Evacuate Collection Set: 0.8ms
[2025-11-07T19:35:28.820+0000][gc,phases     ] GC(51)   Other: 0.7ms
[2025-11-07T19:35:28.820+0000][gc,heap       ] GC(51) Eden regions: 30->0(30)
[2025-11-07T19:35:28.820+0000][gc,heap       ] GC(51) Survivor regions: 4->4(5)
[2025-11-07T19:35:28.821+0000][gc,heap       ] GC(51) Old regions: 22->24
[2025-11-07T19:35:28.821+0000][gc,heap       ] GC(51) Humongous regions: 138->138
[2025-11-07T19:35:28.821+0000][gc,metaspace  ] GC(51) Metaspace: 52276K(55068K)->52276K(55068K) NonClass: 46210K(47696K)->46210K(47696K) Class: 6066K(7372K)->6066K(7372K)
[2025-11-07T19:35:28.821+0000][gc            ] GC(51) Pause Young (Normal) (G1 Evacuation Pause) 193M->165M(684M) 15.618ms
[2025-11-07T19:35:28.822+0000][gc,cpu        ] GC(51) User=0.03s Sys=0.00s Real=0.02s
[2025-11-07T19:36:42.052+0000][gc,start      ] GC(52) Pause Young (Normal) (G1 Evacuation Pause)
[2025-11-07T19:36:42.053+0000][gc,task       ] GC(52) Using 2 workers of 2 for evacuation
[2025-11-07T19:36:42.069+0000][gc,phases     ] GC(52)   Pre Evacuate Collection Set: 0.0ms
[2025-11-07T19:36:42.069+0000][gc,phases     ] GC(52)   Evacuate Collection Set: 14.4ms
[2025-11-07T19:36:42.069+0000][gc,phases     ] GC(52)   Post Evacuate Collection Set: 0.9ms
[2025-11-07T19:36:42.070+0000][gc,phases     ] GC(52)   Other: 0.9ms
[2025-11-07T19:36:42.070+0000][gc,heap       ] GC(52) Eden regions: 30->0(29)
[2025-11-07T19:36:42.070+0000][gc,heap       ] GC(52) Survivor regions: 4->5(5)
[2025-11-07T19:36:42.070+0000][gc,heap       ] GC(52) Old regions: 24->26
[2025-11-07T19:36:42.071+0000][gc,heap       ] GC(52) Humongous regions: 138->138
[2025-11-07T19:36:42.071+0000][gc,metaspace  ] GC(52) Metaspace: 52301K(55068K)->52301K(55068K) NonClass: 46235K(47696K)->46235K(47696K) Class: 6066K(7372K)->6066K(7372K)
[2025-11-07T19:36:42.071+0000][gc            ] GC(52) Pause Young (Normal) (G1 Evacuation Pause) 195M->168M(684M) 18.790ms
[2025-11-07T19:36:42.071+0000][gc,cpu        ] GC(52) User=0.03s Sys=0.00s Real=0.02s
[2025-11-07T19:37:53.043+0000][gc,start      ] GC(53) Pause Young (Normal) (G1 Evacuation Pause)
[2025-11-07T19:37:53.044+0000][gc,task       ] GC(53) Using 2 workers of 2 for evacuation
[2025-11-07T19:37:53.065+0000][gc,mmu        ] GC(53) MMU target violated: 20.3ms (20.0ms/21.0ms)
[2025-11-07T19:37:53.065+0000][gc,phases     ] GC(53)   Pre Evacuate Collection Set: 0.1ms
[2025-11-07T19:37:53.066+0000][gc,phases     ] GC(53)   Evacuate Collection Set: 18.4ms
[2025-11-07T19:37:53.066+0000][gc,phases     ] GC(53)   Post Evacuate Collection Set: 1.4ms
[2025-11-07T19:37:53.066+0000][gc,phases     ] GC(53)   Other: 2.0ms
[2025-11-07T19:37:53.067+0000][gc,heap       ] GC(53) Eden regions: 29->0(31)
[2025-11-07T19:37:53.067+0000][gc,heap       ] GC(53) Survivor regions: 5->3(5)
[2025-11-07T19:37:53.067+0000][gc,heap       ] GC(53) Old regions: 26->28
[2025-11-07T19:37:53.068+0000][gc,heap       ] GC(53) Humongous regions: 138->138
[2025-11-07T19:37:53.068+0000][gc,metaspace  ] GC(53) Metaspace: 52416K(55324K)->52416K(55324K) NonClass: 46319K(47952K)->46319K(47952K) Class: 6097K(7372K)->6097K(7372K)
[2025-11-07T19:37:53.068+0000][gc            ] GC(53) Pause Young (Normal) (G1 Evacuation Pause) 197M->168M(684M) 24.927ms
[2025-11-07T19:37:53.069+0000][gc,cpu        ] GC(53) User=0.04s Sys=0.00s Real=0.02s
[2025-11-07T19:39:11.616+0000][gc,start      ] GC(54) Pause Young (Normal) (G1 Evacuation Pause)
[2025-11-07T19:39:11.617+0000][gc,task       ] GC(54) Using 2 workers of 2 for evacuation
[2025-11-07T19:39:11.639+0000][gc,mmu        ] GC(54) MMU target violated: 20.3ms (20.0ms/21.0ms)
[2025-11-07T19:39:11.640+0000][gc,phases     ] GC(54)   Pre Evacuate Collection Set: 0.1ms
[2025-11-07T19:39:11.640+0000][gc,phases     ] GC(54)   Evacuate Collection Set: 19.0ms
[2025-11-07T19:39:11.641+0000][gc,phases     ] GC(54)   Post Evacuate Collection Set: 1.1ms
[2025-11-07T19:39:11.641+0000][gc,phases     ] GC(54)   Other: 3.7ms
[2025-11-07T19:39:11.642+0000][gc,heap       ] GC(54) Eden regions: 31->0(29)
[2025-11-07T19:39:11.642+0000][gc,heap       ] GC(54) Survivor regions: 3->5(5)
[2025-11-07T19:39:11.642+0000][gc,heap       ] GC(54) Old regions: 28->28
[2025-11-07T19:39:11.642+0000][gc,heap       ] GC(54) Humongous regions: 138->138
[2025-11-07T19:39:11.643+0000][gc,metaspace  ] GC(54) Metaspace: 52448K(55324K)->52448K(55324K) NonClass: 46350K(47952K)->46350K(47952K) Class: 6097K(7372K)->6097K(7372K)
[2025-11-07T19:39:11.643+0000][gc            ] GC(54) Pause Young (Normal) (G1 Evacuation Pause) 199M->171M(684M) 27.162ms
[2025-11-07T19:39:11.644+0000][gc,cpu        ] GC(54) User=0.04s Sys=0.00s Real=0.03s
[2025-11-07T19:40:27.349+0000][gc,start      ] GC(55) Pause Young (Normal) (G1 Evacuation Pause)
[2025-11-07T19:40:27.349+0000][gc,task       ] GC(55) Using 2 workers of 2 for evacuation
[2025-11-07T19:40:27.367+0000][gc,phases     ] GC(55)   Pre Evacuate Collection Set: 0.0ms
[2025-11-07T19:40:27.367+0000][gc,phases     ] GC(55)   Evacuate Collection Set: 16.2ms
[2025-11-07T19:40:27.367+0000][gc,phases     ] GC(55)   Post Evacuate Collection Set: 0.8ms
[2025-11-07T19:40:27.368+0000][gc,phases     ] GC(55)   Other: 0.6ms
[2025-11-07T19:40:27.368+0000][gc,heap       ] GC(55) Eden regions: 29->0(30)
[2025-11-07T19:40:27.368+0000][gc,heap       ] GC(55) Survivor regions: 5->4(5)
[2025-11-07T19:40:27.368+0000][gc,heap       ] GC(55) Old regions: 28->32
[2025-11-07T19:40:27.369+0000][gc,heap       ] GC(55) Humongous regions: 138->138
[2025-11-07T19:40:27.369+0000][gc,metaspace  ] GC(55) Metaspace: 52455K(55324K)->52455K(55324K) NonClass: 46357K(47952K)->46357K(47952K) Class: 6097K(7372K)->6097K(7372K)
[2025-11-07T19:40:27.369+0000][gc            ] GC(55) Pause Young (Normal) (G1 Evacuation Pause) 200M->173M(684M) 19.829ms
[2025-11-07T19:40:27.369+0000][gc,cpu        ] GC(55) User=0.04s Sys=0.00s Real=0.02s
[2025-11-07T19:41:45.241+0000][gc,start      ] GC(56) Pause Young (Normal) (G1 Evacuation Pause)
[2025-11-07T19:41:45.242+0000][gc,task       ] GC(56) Using 2 workers of 2 for evacuation
[2025-11-07T19:41:45.255+0000][gc,phases     ] GC(56)   Pre Evacuate Collection Set: 0.0ms
[2025-11-07T19:41:45.255+0000][gc,phases     ] GC(56)   Evacuate Collection Set: 12.1ms
[2025-11-07T19:41:45.256+0000][gc,phases     ] GC(56)   Post Evacuate Collection Set: 0.9ms
[2025-11-07T19:41:45.256+0000][gc,phases     ] GC(56)   Other: 0.8ms
[2025-11-07T19:41:45.256+0000][gc,heap       ] GC(56) Eden regions: 30->0(30)
[2025-11-07T19:41:45.256+0000][gc,heap       ] GC(56) Survivor regions: 4->4(5)
[2025-11-07T19:41:45.257+0000][gc,heap       ] GC(56) Old regions: 32->35
[2025-11-07T19:41:45.257+0000][gc,heap       ] GC(56) Humongous regions: 138->138
[2025-11-07T19:41:45.257+0000][gc,metaspace  ] GC(56) Metaspace: 52508K(55324K)->52508K(55324K) NonClass: 46410K(47952K)->46410K(47952K) Class: 6097K(7372K)->6097K(7372K)
[2025-11-07T19:41:45.257+0000][gc            ] GC(56) Pause Young (Normal) (G1 Evacuation Pause) 203M->176M(684M) 15.831ms
[2025-11-07T19:41:45.257+0000][gc,cpu        ] GC(56) User=0.02s Sys=0.01s Real=0.02s
[2025-11-07T19:43:02.476+0000][gc,start      ] GC(57) Pause Young (Normal) (G1 Evacuation Pause)
[2025-11-07T19:43:02.477+0000][gc,task       ] GC(57) Using 2 workers of 2 for evacuation
[2025-11-07T19:43:02.493+0000][gc,phases     ] GC(57)   Pre Evacuate Collection Set: 0.0ms
[2025-11-07T19:43:02.494+0000][gc,phases     ] GC(57)   Evacuate Collection Set: 14.6ms
[2025-11-07T19:43:02.494+0000][gc,phases     ] GC(57)   Post Evacuate Collection Set: 1.3ms
[2025-11-07T19:43:02.495+0000][gc,phases     ] GC(57)   Other: 1.2ms
[2025-11-07T19:43:02.495+0000][gc,heap       ] GC(57) Eden regions: 30->0(32)
[2025-11-07T19:43:02.496+0000][gc,heap       ] GC(57) Survivor regions: 4->3(5)
[2025-11-07T19:43:02.496+0000][gc,heap       ] GC(57) Old regions: 35->37
[2025-11-07T19:43:02.496+0000][gc,heap       ] GC(57) Humongous regions: 138->138
[2025-11-07T19:43:02.496+0000][gc,metaspace  ] GC(57) Metaspace: 52508K(55324K)->52508K(55324K) NonClass: 46411K(47952K)->46411K(47952K) Class: 6097K(7372K)->6097K(7372K)
[2025-11-07T19:43:02.497+0000][gc            ] GC(57) Pause Young (Normal) (G1 Evacuation Pause) 206M->176M(684M) 20.665ms
[2025-11-07T19:43:02.497+0000][gc,cpu        ] GC(57) User=0.03s Sys=0.00s Real=0.02s
[2025-11-07T19:44:23.902+0000][gc,start      ] GC(58) Pause Young (Normal) (G1 Evacuation Pause)
[2025-11-07T19:44:23.902+0000][gc,task       ] GC(58) Using 2 workers of 2 for evacuation
[2025-11-07T19:44:23.913+0000][gc,phases     ] GC(58)   Pre Evacuate Collection Set: 0.0ms
[2025-11-07T19:44:23.914+0000][gc,phases     ] GC(58)   Evacuate Collection Set: 10.1ms
[2025-11-07T19:44:23.914+0000][gc,phases     ] GC(58)   Post Evacuate Collection Set: 0.6ms
[2025-11-07T19:44:23.914+0000][gc,phases     ] GC(58)   Other: 0.6ms
[2025-11-07T19:44:23.914+0000][gc,heap       ] GC(58) Eden regions: 32->0(34)
[2025-11-07T19:44:23.915+0000][gc,heap       ] GC(58) Survivor regions: 3->5(5)
[2025-11-07T19:44:23.915+0000][gc,heap       ] GC(58) Old regions: 37->37
[2025-11-07T19:44:23.915+0000][gc,heap       ] GC(58) Humongous regions: 138->138
[2025-11-07T19:44:23.915+0000][gc,metaspace  ] GC(58) Metaspace: 52598K(55324K)->52598K(55324K) NonClass: 46501K(47952K)->46501K(47952K) Class: 6097K(7372K)->6097K(7372K)
[2025-11-07T19:44:23.915+0000][gc            ] GC(58) Pause Young (Normal) (G1 Evacuation Pause) 208M->179M(684M) 13.309ms
[2025-11-07T19:44:23.915+0000][gc,cpu        ] GC(58) User=0.03s Sys=0.00s Real=0.02s
[2025-11-07T19:45:51.670+0000][gc,start      ] GC(59) Pause Young (Normal) (G1 Evacuation Pause)
[2025-11-07T19:45:51.670+0000][gc,task       ] GC(59) Using 2 workers of 2 for evacuation
[2025-11-07T19:45:51.688+0000][gc,phases     ] GC(59)   Pre Evacuate Collection Set: 0.0ms
[2025-11-07T19:45:51.688+0000][gc,phases     ] GC(59)   Evacuate Collection Set: 16.6ms
[2025-11-07T19:45:51.688+0000][gc,phases     ] GC(59)   Post Evacuate Collection Set: 0.8ms
[2025-11-07T19:45:51.689+0000][gc,phases     ] GC(59)   Other: 0.7ms
[2025-11-07T19:45:51.689+0000][gc,heap       ] GC(59) Eden regions: 34->0(34)
[2025-11-07T19:45:51.689+0000][gc,heap       ] GC(59) Survivor regions: 5->4(5)
[2025-11-07T19:45:51.689+0000][gc,heap       ] GC(59) Old regions: 37->41
[2025-11-07T19:45:51.690+0000][gc,heap       ] GC(59) Humongous regions: 138->138
[2025-11-07T19:45:51.690+0000][gc,metaspace  ] GC(59) Metaspace: 52607K(55324K)->52607K(55324K) NonClass: 46510K(47952K)->46510K(47952K) Class: 6097K(7372K)->6097K(7372K)
[2025-11-07T19:45:51.690+0000][gc            ] GC(59) Pause Young (Normal) (G1 Evacuation Pause) 213M->182M(684M) 20.341ms
[2025-11-07T19:45:51.690+0000][gc,cpu        ] GC(59) User=0.04s Sys=0.00s Real=0.02s
[2025-11-07T19:47:19.500+0000][gc,start      ] GC(60) Pause Young (Normal) (G1 Evacuation Pause)
[2025-11-07T19:47:19.500+0000][gc,task       ] GC(60) Using 2 workers of 2 for evacuation
[2025-11-07T19:47:19.510+0000][gc,phases     ] GC(60)   Pre Evacuate Collection Set: 0.0ms
[2025-11-07T19:47:19.511+0000][gc,phases     ] GC(60)   Evacuate Collection Set: 9.5ms
[2025-11-07T19:47:19.511+0000][gc,phases     ] GC(60)   Post Evacuate Collection Set: 0.7ms
[2025-11-07T19:47:19.511+0000][gc,phases     ] GC(60)   Other: 0.7ms
[2025-11-07T19:47:19.511+0000][gc,heap       ] GC(60) Eden regions: 34->0(38)
[2025-11-07T19:47:19.511+0000][gc,heap       ] GC(60) Survivor regions: 4->3(5)
[2025-11-07T19:47:19.511+0000][gc,heap       ] GC(60) Old regions: 41->44
[2025-11-07T19:47:19.512+0000][gc,heap       ] GC(60) Humongous regions: 138->138
[2025-11-07T19:47:19.512+0000][gc,metaspace  ] GC(60) Metaspace: 52632K(55324K)->52632K(55324K) NonClass: 46535K(47952K)->46535K(47952K) Class: 6097K(7372K)->6097K(7372K)
[2025-11-07T19:47:19.512+0000][gc            ] GC(60) Pause Young (Normal) (G1 Evacuation Pause) 216M->184M(684M) 12.782ms
[2025-11-07T19:47:19.512+0000][gc,cpu        ] GC(60) User=0.02s Sys=0.00s Real=0.01s
[2025-11-07T19:48:57.044+0000][gc,start      ] GC(61) Pause Young (Normal) (G1 Evacuation Pause)
[2025-11-07T19:48:57.045+0000][gc,task       ] GC(61) Using 2 workers of 2 for evacuation
[2025-11-07T19:48:57.065+0000][gc,mmu        ] GC(61) MMU target violated: 20.2ms (20.0ms/21.0ms)
[2025-11-07T19:48:57.066+0000][gc,phases     ] GC(61)   Pre Evacuate Collection Set: 0.0ms
[2025-11-07T19:48:57.066+0000][gc,phases     ] GC(61)   Evacuate Collection Set: 17.8ms
[2025-11-07T19:48:57.066+0000][gc,phases     ] GC(61)   Post Evacuate Collection Set: 2.0ms
[2025-11-07T19:48:57.066+0000][gc,phases     ] GC(61)   Other: 1.8ms
[2025-11-07T19:48:57.069+0000][gc,heap       ] GC(61) Eden regions: 38->0(36)
[2025-11-07T19:48:57.069+0000][gc,heap       ] GC(61) Survivor regions: 3->6(6)
[2025-11-07T19:48:57.069+0000][gc,heap       ] GC(61) Old regions: 44->44
[2025-11-07T19:48:57.070+0000][gc,heap       ] GC(61) Humongous regions: 138->138
[2025-11-07T19:48:57.070+0000][gc,metaspace  ] GC(61) Metaspace: 52664K(55580K)->52664K(55580K) NonClass: 46567K(48208K)->46567K(48208K) Class: 6097K(7372K)->6097K(7372K)
[2025-11-07T19:48:57.071+0000][gc            ] GC(61) Pause Young (Normal) (G1 Evacuation Pause) 222M->187M(684M) 26.868ms
[2025-11-07T19:48:57.071+0000][gc,cpu        ] GC(61) User=0.04s Sys=0.00s Real=0.03s
[2025-11-07T19:50:30.165+0000][gc,start      ] GC(62) Pause Young (Normal) (G1 Evacuation Pause)
[2025-11-07T19:50:30.165+0000][gc,task       ] GC(62) Using 2 workers of 2 for evacuation
[2025-11-07T19:50:30.180+0000][gc,phases     ] GC(62)   Pre Evacuate Collection Set: 0.0ms
[2025-11-07T19:50:30.181+0000][gc,phases     ] GC(62)   Evacuate Collection Set: 13.6ms
[2025-11-07T19:50:30.181+0000][gc,phases     ] GC(62)   Post Evacuate Collection Set: 0.7ms
[2025-11-07T19:50:30.181+0000][gc,phases     ] GC(62)   Other: 0.8ms
[2025-11-07T19:50:30.181+0000][gc,heap       ] GC(62) Eden regions: 36->0(37)
[2025-11-07T19:50:30.181+0000][gc,heap       ] GC(62) Survivor regions: 6->3(6)
[2025-11-07T19:50:30.182+0000][gc,heap       ] GC(62) Old regions: 44->49
[2025-11-07T19:50:30.182+0000][gc,heap       ] GC(62) Humongous regions: 138->138
[2025-11-07T19:50:30.182+0000][gc,metaspace  ] GC(62) Metaspace: 52687K(55580K)->52687K(55580K) NonClass: 46590K(48208K)->46590K(48208K) Class: 6097K(7372K)->6097K(7372K)
[2025-11-07T19:50:30.182+0000][gc            ] GC(62) Pause Young (Normal) (G1 Evacuation Pause) 223M->189M(684M) 17.085ms
[2025-11-07T19:50:30.182+0000][gc,cpu        ] GC(62) User=0.03s Sys=0.00s Real=0.02s
[2025-11-07T19:52:06.109+0000][gc,start      ] GC(63) Pause Young (Normal) (G1 Evacuation Pause)
[2025-11-07T19:52:06.109+0000][gc,task       ] GC(63) Using 2 workers of 2 for evacuation
[2025-11-07T19:52:06.123+0000][gc,phases     ] GC(63)   Pre Evacuate Collection Set: 0.0ms
[2025-11-07T19:52:06.123+0000][gc,phases     ] GC(63)   Evacuate Collection Set: 12.8ms
[2025-11-07T19:52:06.124+0000][gc,phases     ] GC(63)   Post Evacuate Collection Set: 0.8ms
[2025-11-07T19:52:06.124+0000][gc,phases     ] GC(63)   Other: 0.7ms
[2025-11-07T19:52:06.124+0000][gc,heap       ] GC(63) Eden regions: 37->0(38)
[2025-11-07T19:52:06.124+0000][gc,heap       ] GC(63) Survivor regions: 3->4(5)
[2025-11-07T19:52:06.125+0000][gc,heap       ] GC(63) Old regions: 49->52
[2025-11-07T19:52:06.125+0000][gc,heap       ] GC(63) Humongous regions: 138->138
[2025-11-07T19:52:06.125+0000][gc,metaspace  ] GC(63) Metaspace: 52705K(55580K)->52705K(55580K) NonClass: 46607K(48208K)->46607K(48208K) Class: 6097K(7372K)->6097K(7372K)
[2025-11-07T19:52:06.125+0000][gc            ] GC(63) Pause Young (Normal) (G1 Evacuation Pause) 226M->193M(684M) 16.553ms
[2025-11-07T19:52:06.125+0000][gc,cpu        ] GC(63) User=0.03s Sys=0.00s Real=0.01s
[2025-11-07T19:53:44.877+0000][gc,start      ] GC(64) Pause Young (Normal) (G1 Evacuation Pause)
[2025-11-07T19:53:44.878+0000][gc,task       ] GC(64) Using 2 workers of 2 for evacuation
[2025-11-07T19:53:44.902+0000][gc,phases     ] GC(64)   Pre Evacuate Collection Set: 0.0ms
[2025-11-07T19:53:44.902+0000][gc,phases     ] GC(64)   Evacuate Collection Set: 17.8ms
[2025-11-07T19:53:44.902+0000][gc,phases     ] GC(64)   Post Evacuate Collection Set: 1.9ms
[2025-11-07T19:53:44.903+0000][gc,phases     ] GC(64)   Other: 4.8ms
[2025-11-07T19:53:44.903+0000][gc,heap       ] GC(64) Eden regions: 38->0(38)
[2025-11-07T19:53:44.903+0000][gc,heap       ] GC(64) Survivor regions: 4->4(6)
[2025-11-07T19:53:44.903+0000][gc,heap       ] GC(64) Old regions: 52->54
[2025-11-07T19:53:44.904+0000][gc,heap       ] GC(64) Humongous regions: 138->138
[2025-11-07T19:53:44.904+0000][gc,metaspace  ] GC(64) Metaspace: 52714K(55580K)->52714K(55580K) NonClass: 46616K(48208K)->46616K(48208K) Class: 6097K(7372K)->6097K(7372K)
[2025-11-07T19:53:44.905+0000][gc            ] GC(64) Pause Young (Normal) (G1 Evacuation Pause) 231M->195M(684M) 27.417ms
[2025-11-07T19:53:44.905+0000][gc,cpu        ] GC(64) User=0.04s Sys=0.00s Real=0.03s
[2025-11-07T19:55:23.730+0000][gc,start      ] GC(65) Pause Young (Normal) (G1 Evacuation Pause)
[2025-11-07T19:55:23.731+0000][gc,task       ] GC(65) Using 2 workers of 2 for evacuation
[2025-11-07T19:55:23.750+0000][gc,phases     ] GC(65)   Pre Evacuate Collection Set: 0.1ms
[2025-11-07T19:55:23.750+0000][gc,phases     ] GC(65)   Evacuate Collection Set: 17.5ms
[2025-11-07T19:55:23.751+0000][gc,phases     ] GC(65)   Post Evacuate Collection Set: 1.1ms
[2025-11-07T19:55:23.751+0000][gc,phases     ] GC(65)   Other: 1.6ms
[2025-11-07T19:55:23.751+0000][gc,heap       ] GC(65) Eden regions: 38->0(38)
[2025-11-07T19:55:23.751+0000][gc,heap       ] GC(65) Survivor regions: 4->5(6)
[2025-11-07T19:55:23.752+0000][gc,heap       ] GC(65) Old regions: 54->57
[2025-11-07T19:55:23.752+0000][gc,heap       ] GC(65) Humongous regions: 138->138
[2025-11-07T19:55:23.752+0000][gc,metaspace  ] GC(65) Metaspace: 52720K(55580K)->52720K(55580K) NonClass: 46622K(48208K)->46622K(48208K) Class: 6097K(7372K)->6097K(7372K)
[2025-11-07T19:55:23.752+0000][gc            ] GC(65) Pause Young (Normal) (G1 Evacuation Pause) 233M->199M(684M) 22.104ms
[2025-11-07T19:55:23.753+0000][gc,cpu        ] GC(65) User=0.04s Sys=0.00s Real=0.02s
[2025-11-07T19:56:58.270+0000][gc,start      ] GC(66) Pause Young (Normal) (G1 Evacuation Pause)
[2025-11-07T19:56:58.271+0000][gc,task       ] GC(66) Using 2 workers of 2 for evacuation
[2025-11-07T19:56:58.290+0000][gc,phases     ] GC(66)   Pre Evacuate Collection Set: 0.0ms
[2025-11-07T19:56:58.291+0000][gc,phases     ] GC(66)   Evacuate Collection Set: 17.9ms
[2025-11-07T19:56:58.291+0000][gc,phases     ] GC(66)   Post Evacuate Collection Set: 1.1ms
[2025-11-07T19:56:58.292+0000][gc,phases     ] GC(66)   Other: 1.1ms
[2025-11-07T19:56:58.292+0000][gc,heap       ] GC(66) Eden regions: 36->0(38)
[2025-11-07T19:56:58.293+0000][gc,heap       ] GC(66) Survivor regions: 5->4(6)
[2025-11-07T19:56:58.293+0000][gc,heap       ] GC(66) Old regions: 57->60
[2025-11-07T19:56:58.293+0000][gc,heap       ] GC(66) Humongous regions: 138->138
[2025-11-07T19:56:58.294+0000][gc,metaspace  ] GC(66) Metaspace: 52723K(55580K)->52723K(55580K) NonClass: 46626K(48208K)->46626K(48208K) Class: 6097K(7372K)->6097K(7372K)
[2025-11-07T19:56:58.294+0000][gc            ] GC(66) Pause Young (Normal) (G1 Evacuation Pause) 235M->200M(684M) 23.432ms
[2025-11-07T19:56:58.294+0000][gc,cpu        ] GC(66) User=0.04s Sys=0.00s Real=0.02s
[2025-11-07T19:58:29.029+0000][gc,start      ] GC(67) Pause Young (Normal) (G1 Evacuation Pause)
[2025-11-07T19:58:29.030+0000][gc,task       ] GC(67) Using 2 workers of 2 for evacuation
[2025-11-07T19:58:29.055+0000][gc,mmu        ] GC(67) MMU target violated: 21.0ms (20.0ms/21.0ms)
[2025-11-07T19:58:29.055+0000][gc,phases     ] GC(67)   Pre Evacuate Collection Set: 0.0ms
[2025-11-07T19:58:29.056+0000][gc,phases     ] GC(67)   Evacuate Collection Set: 23.9ms
[2025-11-07T19:58:29.056+0000][gc,phases     ] GC(67)   Post Evacuate Collection Set: 0.9ms
[2025-11-07T19:58:29.057+0000][gc,phases     ] GC(67)   Other: 1.3ms
[2025-11-07T19:58:29.057+0000][gc,heap       ] GC(67) Eden regions: 35->0(31)
[2025-11-07T19:58:29.058+0000][gc,heap       ] GC(67) Survivor regions: 4->4(5)
[2025-11-07T19:58:29.058+0000][gc,heap       ] GC(67) Old regions: 60->63
[2025-11-07T19:58:29.058+0000][gc,heap       ] GC(67) Humongous regions: 138->138
[2025-11-07T19:58:29.059+0000][gc,metaspace  ] GC(67) Metaspace: 52749K(55580K)->52749K(55580K) NonClass: 46651K(48208K)->46651K(48208K) Class: 6097K(7372K)->6097K(7372K)
[2025-11-07T19:58:29.059+0000][gc            ] GC(67) Pause Young (Normal) (G1 Evacuation Pause) 235M->204M(684M) 29.519ms
[2025-11-07T19:58:29.059+0000][gc,cpu        ] GC(67) User=0.05s Sys=0.00s Real=0.03s
[2025-11-07T19:59:47.356+0000][gc,start      ] GC(68) Pause Young (Normal) (G1 Evacuation Pause)
[2025-11-07T19:59:47.356+0000][gc,task       ] GC(68) Using 2 workers of 2 for evacuation
[2025-11-07T19:59:47.376+0000][gc,phases     ] GC(68)   Pre Evacuate Collection Set: 0.0ms
[2025-11-07T19:59:47.377+0000][gc,phases     ] GC(68)   Evacuate Collection Set: 18.6ms
[2025-11-07T19:59:47.377+0000][gc,phases     ] GC(68)   Post Evacuate Collection Set: 1.1ms
[2025-11-07T19:59:47.377+0000][gc,phases     ] GC(68)   Other: 1.1ms
[2025-11-07T19:59:47.378+0000][gc,heap       ] GC(68) Eden regions: 30->0(33)
[2025-11-07T19:59:47.379+0000][gc,heap       ] GC(68) Survivor regions: 4->5(5)
[2025-11-07T19:59:47.379+0000][gc,heap       ] GC(68) Old regions: 63->65
[2025-11-07T19:59:47.379+0000][gc,heap       ] GC(68) Humongous regions: 138->138
[2025-11-07T19:59:47.381+0000][gc,metaspace  ] GC(68) Metaspace: 52753K(55580K)->52753K(55580K) NonClass: 46655K(48208K)->46655K(48208K) Class: 6097K(7372K)->6097K(7372K)
[2025-11-07T19:59:47.383+0000][gc            ] GC(68) Pause Young (Normal) (G1 Evacuation Pause) 234M->207M(684M) 27.680ms
[2025-11-07T19:59:47.384+0000][gc,cpu        ] GC(68) User=0.04s Sys=0.00s Real=0.02s
[2025-11-07T20:01:02.309+0000][gc,start      ] GC(69) Pause Young (Normal) (G1 Evacuation Pause)
[2025-11-07T20:01:02.309+0000][gc,task       ] GC(69) Using 2 workers of 2 for evacuation
[2025-11-07T20:01:02.322+0000][gc,phases     ] GC(69)   Pre Evacuate Collection Set: 0.0ms
[2025-11-07T20:01:02.323+0000][gc,phases     ] GC(69)   Evacuate Collection Set: 11.3ms
[2025-11-07T20:01:02.323+0000][gc,phases     ] GC(69)   Post Evacuate Collection Set: 0.9ms
[2025-11-07T20:01:02.323+0000][gc,phases     ] GC(69)   Other: 1.1ms
[2025-11-07T20:01:02.324+0000][gc,heap       ] GC(69) Eden regions: 29->0(37)
[2025-11-07T20:01:02.324+0000][gc,heap       ] GC(69) Survivor regions: 5->3(5)
[2025-11-07T20:01:02.325+0000][gc,heap       ] GC(69) Old regions: 65->67
[2025-11-07T20:01:02.325+0000][gc,heap       ] GC(69) Humongous regions: 138->138
[2025-11-07T20:01:02.325+0000][gc,metaspace  ] GC(69) Metaspace: 52754K(55580K)->52754K(55580K) NonClass: 46656K(48208K)->46656K(48208K) Class: 6097K(7372K)->6097K(7372K)
[2025-11-07T20:01:02.326+0000][gc            ] GC(69) Pause Young (Normal) (G1 Evacuation Pause) 236M->207M(684M) 17.012ms
[2025-11-07T20:01:02.329+0000][gc,cpu        ] GC(69) User=0.03s Sys=0.00s Real=0.02s
[2025-11-07T20:02:23.212+0000][gc,start      ] GC(70) Pause Young (Normal) (G1 Evacuation Pause)
[2025-11-07T20:02:23.212+0000][gc,task       ] GC(70) Using 2 workers of 2 for evacuation
[2025-11-07T20:02:23.224+0000][gc,phases     ] GC(70)   Pre Evacuate Collection Set: 0.0ms
[2025-11-07T20:02:23.224+0000][gc,phases     ] GC(70)   Evacuate Collection Set: 10.8ms
[2025-11-07T20:02:23.225+0000][gc,phases     ] GC(70)   Post Evacuate Collection Set: 0.8ms
[2025-11-07T20:02:23.225+0000][gc,phases     ] GC(70)   Other: 0.6ms
[2025-11-07T20:02:23.225+0000][gc,heap       ] GC(70) Eden regions: 31->0(37)
[2025-11-07T20:02:23.225+0000][gc,heap       ] GC(70) Survivor regions: 3->5(5)
[2025-11-07T20:02:23.225+0000][gc,heap       ] GC(70) Old regions: 67->67
[2025-11-07T20:02:23.226+0000][gc,heap       ] GC(70) Humongous regions: 138->138
[2025-11-07T20:02:23.226+0000][gc,metaspace  ] GC(70) Metaspace: 52756K(55580K)->52756K(55580K) NonClass: 46658K(48208K)->46658K(48208K) Class: 6097K(7372K)->6097K(7372K)
[2025-11-07T20:02:23.226+0000][gc            ] GC(70) Pause Young (Normal) (G1 Evacuation Pause) 238M->210M(684M) 14.329ms
[2025-11-07T20:02:23.226+0000][gc,cpu        ] GC(70) User=0.03s Sys=0.00s Real=0.01s
[2025-11-07T20:04:00.380+0000][gc,start      ] GC(71) Pause Young (Normal) (G1 Evacuation Pause)
[2025-11-07T20:04:00.380+0000][gc,task       ] GC(71) Using 2 workers of 2 for evacuation
[2025-11-07T20:04:00.398+0000][gc,phases     ] GC(71)   Pre Evacuate Collection Set: 0.0ms
[2025-11-07T20:04:00.398+0000][gc,phases     ] GC(71)   Evacuate Collection Set: 16.0ms
[2025-11-07T20:04:00.398+0000][gc,phases     ] GC(71)   Post Evacuate Collection Set: 0.9ms
[2025-11-07T20:04:00.398+0000][gc,phases     ] GC(71)   Other: 0.7ms
[2025-11-07T20:04:00.399+0000][gc,heap       ] GC(71) Eden regions: 37->0(37)
[2025-11-07T20:04:00.399+0000][gc,heap       ] GC(71) Survivor regions: 5->5(6)
[2025-11-07T20:04:00.399+0000][gc,heap       ] GC(71) Old regions: 67->71
[2025-11-07T20:04:00.399+0000][gc,heap       ] GC(71) Humongous regions: 138->138
[2025-11-07T20:04:00.400+0000][gc,metaspace  ] GC(71) Metaspace: 52761K(55580K)->52761K(55580K) NonClass: 46663K(48208K)->46663K(48208K) Class: 6097K(7372K)->6097K(7372K)
[2025-11-07T20:04:00.400+0000][gc            ] GC(71) Pause Young (Normal) (G1 Evacuation Pause) 247M->214M(684M) 19.563ms
[2025-11-07T20:04:00.400+0000][gc,cpu        ] GC(71) User=0.03s Sys=0.00s Real=0.02s
[2025-11-07T20:05:36.960+0000][gc,start      ] GC(72) Pause Young (Normal) (G1 Evacuation Pause)
[2025-11-07T20:05:36.960+0000][gc,task       ] GC(72) Using 2 workers of 2 for evacuation
[2025-11-07T20:05:36.976+0000][gc,phases     ] GC(72)   Pre Evacuate Collection Set: 0.0ms
[2025-11-07T20:05:36.976+0000][gc,phases     ] GC(72)   Evacuate Collection Set: 13.1ms
[2025-11-07T20:05:36.976+0000][gc,phases     ] GC(72)   Post Evacuate Collection Set: 1.3ms
[2025-11-07T20:05:36.976+0000][gc,phases     ] GC(72)   Other: 1.0ms
[2025-11-07T20:05:36.976+0000][gc,heap       ] GC(72) Eden regions: 37->0(39)
[2025-11-07T20:05:36.977+0000][gc,heap       ] GC(72) Survivor regions: 5->4(6)
[2025-11-07T20:05:36.977+0000][gc,heap       ] GC(72) Old regions: 71->74
[2025-11-07T20:05:36.978+0000][gc,heap       ] GC(72) Humongous regions: 138->138
[2025-11-07T20:05:36.978+0000][gc,metaspace  ] GC(72) Metaspace: 52761K(55580K)->52761K(55580K) NonClass: 46663K(48208K)->46663K(48208K) Class: 6097K(7372K)->6097K(7372K)
[2025-11-07T20:05:36.978+0000][gc            ] GC(72) Pause Young (Normal) (G1 Evacuation Pause) 251M->215M(684M) 17.737ms
[2025-11-07T20:05:36.978+0000][gc,cpu        ] GC(72) User=0.03s Sys=0.00s Real=0.02s
[2025-11-07T20:07:18.540+0000][gc,start      ] GC(73) Pause Young (Normal) (G1 Evacuation Pause)
[2025-11-07T20:07:18.540+0000][gc,task       ] GC(73) Using 2 workers of 2 for evacuation
[2025-11-07T20:07:18.556+0000][gc,phases     ] GC(73)   Pre Evacuate Collection Set: 0.0ms
[2025-11-07T20:07:18.556+0000][gc,phases     ] GC(73)   Evacuate Collection Set: 13.6ms
[2025-11-07T20:07:18.556+0000][gc,phases     ] GC(73)   Post Evacuate Collection Set: 1.1ms
[2025-11-07T20:07:18.557+0000][gc,phases     ] GC(73)   Other: 0.7ms
[2025-11-07T20:07:18.557+0000][gc,heap       ] GC(73) Eden regions: 39->0(41)
[2025-11-07T20:07:18.557+0000][gc,heap       ] GC(73) Survivor regions: 4->4(6)
[2025-11-07T20:07:18.558+0000][gc,heap       ] GC(73) Old regions: 74->77
[2025-11-07T20:07:18.558+0000][gc,heap       ] GC(73) Humongous regions: 138->138
[2025-11-07T20:07:18.559+0000][gc,metaspace  ] GC(73) Metaspace: 52765K(55580K)->52765K(55580K) NonClass: 46667K(48208K)->46667K(48208K) Class: 6097K(7372K)->6097K(7372K)
[2025-11-07T20:07:18.559+0000][gc            ] GC(73) Pause Young (Normal) (G1 Evacuation Pause) 254M->217M(684M) 18.889ms
[2025-11-07T20:07:18.560+0000][gc,cpu        ] GC(73) User=0.03s Sys=0.00s Real=0.02s
[2025-11-07T20:09:06.052+0000][gc,start      ] GC(74) Pause Young (Normal) (G1 Evacuation Pause)
[2025-11-07T20:09:06.052+0000][gc,task       ] GC(74) Using 2 workers of 2 for evacuation
[2025-11-07T20:09:06.078+0000][gc,mmu        ] GC(74) MMU target violated: 21.0ms (20.0ms/21.0ms)
[2025-11-07T20:09:06.079+0000][gc,phases     ] GC(74)   Pre Evacuate Collection Set: 0.0ms
[2025-11-07T20:09:06.079+0000][gc,phases     ] GC(74)   Evacuate Collection Set: 20.9ms
[2025-11-07T20:09:06.080+0000][gc,phases     ] GC(74)   Post Evacuate Collection Set: 4.1ms
[2025-11-07T20:09:06.081+0000][gc,phases     ] GC(74)   Other: 1.9ms
[2025-11-07T20:09:06.081+0000][gc,heap       ] GC(74) Eden regions: 41->0(37)
[2025-11-07T20:09:06.082+0000][gc,heap       ] GC(74) Survivor regions: 4->6(6)
[2025-11-07T20:09:06.083+0000][gc,heap       ] GC(74) Old regions: 77->78
[2025-11-07T20:09:06.083+0000][gc,heap       ] GC(74) Humongous regions: 138->138
[2025-11-07T20:09:06.083+0000][gc,metaspace  ] GC(74) Metaspace: 52797K(55580K)->52797K(55580K) NonClass: 46699K(48208K)->46699K(48208K) Class: 6097K(7372K)->6097K(7372K)
[2025-11-07T20:09:06.087+0000][gc            ] GC(74) Pause Young (Normal) (G1 Evacuation Pause) 258M->222M(684M) 34.938ms
[2025-11-07T20:09:06.087+0000][gc,cpu        ] GC(74) User=0.05s Sys=0.00s Real=0.04s
[2025-11-07T20:10:43.473+0000][gc,start      ] GC(75) Pause Young (Normal) (G1 Evacuation Pause)
[2025-11-07T20:10:43.473+0000][gc,task       ] GC(75) Using 2 workers of 2 for evacuation
[2025-11-07T20:10:43.492+0000][gc,phases     ] GC(75)   Pre Evacuate Collection Set: 0.0ms
[2025-11-07T20:10:43.492+0000][gc,phases     ] GC(75)   Evacuate Collection Set: 16.7ms
[2025-11-07T20:10:43.492+0000][gc,phases     ] GC(75)   Post Evacuate Collection Set: 1.1ms
[2025-11-07T20:10:43.493+0000][gc,phases     ] GC(75)   Other: 0.9ms
[2025-11-07T20:10:43.493+0000][gc,heap       ] GC(75) Eden regions: 37->0(38)
[2025-11-07T20:10:43.493+0000][gc,heap       ] GC(75) Survivor regions: 6->4(6)
[2025-11-07T20:10:43.493+0000][gc,heap       ] GC(75) Old regions: 78->83
[2025-11-07T20:10:43.494+0000][gc,heap       ] GC(75) Humongous regions: 138->138
[2025-11-07T20:10:43.494+0000][gc,metaspace  ] GC(75) Metaspace: 52820K(55580K)->52820K(55580K) NonClass: 46721K(48208K)->46721K(48208K) Class: 6098K(7372K)->6098K(7372K)
[2025-11-07T20:10:43.494+0000][gc            ] GC(75) Pause Young (Normal) (G1 Evacuation Pause) 259M->224M(684M) 21.007ms
[2025-11-07T20:10:43.494+0000][gc,cpu        ] GC(75) User=0.04s Sys=0.00s Real=0.02s
[2025-11-07T20:12:23.525+0000][gc,start      ] GC(76) Pause Young (Normal) (G1 Evacuation Pause)
[2025-11-07T20:12:23.525+0000][gc,task       ] GC(76) Using 2 workers of 2 for evacuation
[2025-11-07T20:12:23.544+0000][gc,phases     ] GC(76)   Pre Evacuate Collection Set: 0.0ms
[2025-11-07T20:12:23.544+0000][gc,phases     ] GC(76)   Evacuate Collection Set: 16.7ms
[2025-11-07T20:12:23.544+0000][gc,phases     ] GC(76)   Post Evacuate Collection Set: 1.1ms
[2025-11-07T20:12:23.545+0000][gc,phases     ] GC(76)   Other: 0.8ms
[2025-11-07T20:12:23.545+0000][gc,heap       ] GC(76) Eden regions: 38->0(38)
[2025-11-07T20:12:23.545+0000][gc,heap       ] GC(76) Survivor regions: 4->5(6)
[2025-11-07T20:12:23.546+0000][gc,heap       ] GC(76) Old regions: 83->86
[2025-11-07T20:12:23.546+0000][gc,heap       ] GC(76) Humongous regions: 138->138
[2025-11-07T20:12:23.546+0000][gc,metaspace  ] GC(76) Metaspace: 52821K(55580K)->52821K(55580K) NonClass: 46722K(48208K)->46722K(48208K) Class: 6098K(7372K)->6098K(7372K)
[2025-11-07T20:12:23.546+0000][gc            ] GC(76) Pause Young (Normal) (G1 Evacuation Pause) 262M->228M(684M) 21.241ms
[2025-11-07T20:12:23.547+0000][gc,cpu        ] GC(76) User=0.03s Sys=0.00s Real=0.02s
[2025-11-07T20:14:03.394+0000][gc,start      ] GC(77) Pause Young (Normal) (G1 Evacuation Pause)
[2025-11-07T20:14:03.395+0000][gc,task       ] GC(77) Using 2 workers of 2 for evacuation
[2025-11-07T20:14:03.410+0000][gc,phases     ] GC(77)   Pre Evacuate Collection Set: 0.0ms
[2025-11-07T20:14:03.410+0000][gc,phases     ] GC(77)   Evacuate Collection Set: 13.9ms
[2025-11-07T20:14:03.411+0000][gc,phases     ] GC(77)   Post Evacuate Collection Set: 0.7ms
[2025-11-07T20:14:03.411+0000][gc,phases     ] GC(77)   Other: 0.9ms
[2025-11-07T20:14:03.411+0000][gc,heap       ] GC(77) Eden regions: 38->0(41)
[2025-11-07T20:14:03.411+0000][gc,heap       ] GC(77) Survivor regions: 5->5(6)
[2025-11-07T20:14:03.412+0000][gc,heap       ] GC(77) Old regions: 86->88
[2025-11-07T20:14:03.412+0000][gc,heap       ] GC(77) Humongous regions: 138->138
[2025-11-07T20:14:03.412+0000][gc,metaspace  ] GC(77) Metaspace: 52835K(55580K)->52835K(55580K) NonClass: 46736K(48208K)->46736K(48208K) Class: 6098K(7372K)->6098K(7372K)
[2025-11-07T20:14:03.412+0000][gc            ] GC(77) Pause Young (Normal) (G1 Evacuation Pause) 266M->230M(684M) 18.012ms
[2025-11-07T20:14:03.413+0000][gc,cpu        ] GC(77) User=0.03s Sys=0.00s Real=0.02s
[2025-11-07T20:15:52.116+0000][gc,start      ] GC(78) Pause Young (Normal) (G1 Evacuation Pause)
[2025-11-07T20:15:52.117+0000][gc,task       ] GC(78) Using 2 workers of 2 for evacuation
[2025-11-07T20:15:52.132+0000][gc,phases     ] GC(78)   Pre Evacuate Collection Set: 0.0ms
[2025-11-07T20:15:52.132+0000][gc,phases     ] GC(78)   Evacuate Collection Set: 13.2ms
[2025-11-07T20:15:52.132+0000][gc,phases     ] GC(78)   Post Evacuate Collection Set: 0.8ms
[2025-11-07T20:15:52.132+0000][gc,phases     ] GC(78)   Other: 1.2ms
[2025-11-07T20:15:52.133+0000][gc,heap       ] GC(78) Eden regions: 41->0(43)
[2025-11-07T20:15:52.133+0000][gc,heap       ] GC(78) Survivor regions: 5->4(6)
[2025-11-07T20:15:52.133+0000][gc,heap       ] GC(78) Old regions: 88->91
[2025-11-07T20:15:52.133+0000][gc,heap       ] GC(78) Humongous regions: 138->138
[2025-11-07T20:15:52.133+0000][gc,metaspace  ] GC(78) Metaspace: 52838K(55580K)->52838K(55580K) NonClass: 46739K(48208K)->46739K(48208K) Class: 6098K(7372K)->6098K(7372K)
[2025-11-07T20:15:52.134+0000][gc            ] GC(78) Pause Young (Normal) (G1 Evacuation Pause) 271M->232M(684M) 17.031ms
[2025-11-07T20:15:52.134+0000][gc,cpu        ] GC(78) User=0.02s Sys=0.00s Real=0.02s
[2025-11-07T20:17:42.412+0000][gc,start      ] GC(79) Pause Young (Normal) (G1 Evacuation Pause)
[2025-11-07T20:17:42.413+0000][gc,task       ] GC(79) Using 2 workers of 2 for evacuation
[2025-11-07T20:17:42.427+0000][gc,phases     ] GC(79)   Pre Evacuate Collection Set: 0.0ms
[2025-11-07T20:17:42.427+0000][gc,phases     ] GC(79)   Evacuate Collection Set: 12.9ms
[2025-11-07T20:17:42.427+0000][gc,phases     ] GC(79)   Post Evacuate Collection Set: 1.0ms
[2025-11-07T20:17:42.428+0000][gc,phases     ] GC(79)   Other: 0.7ms
[2025-11-07T20:17:42.428+0000][gc,heap       ] GC(79) Eden regions: 42->0(47)
[2025-11-07T20:17:42.428+0000][gc,heap       ] GC(79) Survivor regions: 4->4(6)
[2025-11-07T20:17:42.428+0000][gc,heap       ] GC(79) Old regions: 91->94
[2025-11-07T20:17:42.429+0000][gc,heap       ] GC(79) Humongous regions: 138->138
[2025-11-07T20:17:42.429+0000][gc,metaspace  ] GC(79) Metaspace: 52850K(55580K)->52850K(55580K) NonClass: 46751K(48208K)->46751K(48208K) Class: 6098K(7372K)->6098K(7372K)
[2025-11-07T20:17:42.429+0000][gc            ] GC(79) Pause Young (Normal) (G1 Evacuation Pause) 274M->235M(684M) 16.642ms
[2025-11-07T20:17:42.429+0000][gc,cpu        ] GC(79) User=0.03s Sys=0.00s Real=0.01s
[2025-11-07T20:19:46.380+0000][gc,start      ] GC(80) Pause Young (Normal) (G1 Evacuation Pause)
[2025-11-07T20:19:46.380+0000][gc,task       ] GC(80) Using 2 workers of 2 for evacuation
[2025-11-07T20:19:46.393+0000][gc,phases     ] GC(80)   Pre Evacuate Collection Set: 0.0ms
[2025-11-07T20:19:46.393+0000][gc,phases     ] GC(80)   Evacuate Collection Set: 12.2ms
[2025-11-07T20:19:46.393+0000][gc,phases     ] GC(80)   Post Evacuate Collection Set: 0.6ms
[2025-11-07T20:19:46.394+0000][gc,phases     ] GC(80)   Other: 0.6ms
[2025-11-07T20:19:46.394+0000][gc,heap       ] GC(80) Eden regions: 47->0(50)
[2025-11-07T20:19:46.394+0000][gc,heap       ] GC(80) Survivor regions: 4->7(7)
[2025-11-07T20:19:46.394+0000][gc,heap       ] GC(80) Old regions: 94->94
[2025-11-07T20:19:46.395+0000][gc,heap       ] GC(80) Humongous regions: 138->138
[2025-11-07T20:19:46.395+0000][gc,metaspace  ] GC(80) Metaspace: 52865K(55580K)->52865K(55580K) NonClass: 46766K(48208K)->46766K(48208K) Class: 6098K(7372K)->6098K(7372K)
[2025-11-07T20:19:46.395+0000][gc            ] GC(80) Pause Young (Normal) (G1 Evacuation Pause) 282M->238M(684M) 15.452ms
[2025-11-07T20:19:46.395+0000][gc,cpu        ] GC(80) User=0.02s Sys=0.00s Real=0.02s
[2025-11-07T20:21:58.567+0000][gc,start      ] GC(81) Pause Young (Normal) (G1 Evacuation Pause)
[2025-11-07T20:21:58.567+0000][gc,task       ] GC(81) Using 2 workers of 2 for evacuation
[2025-11-07T20:21:58.584+0000][gc,phases     ] GC(81)   Pre Evacuate Collection Set: 0.0ms
[2025-11-07T20:21:58.585+0000][gc,phases     ] GC(81)   Evacuate Collection Set: 16.2ms
[2025-11-07T20:21:58.585+0000][gc,phases     ] GC(81)   Post Evacuate Collection Set: 0.8ms
[2025-11-07T20:21:58.585+0000][gc,phases     ] GC(81)   Other: 0.7ms
[2025-11-07T20:21:58.585+0000][gc,heap       ] GC(81) Eden regions: 50->0(51)
[2025-11-07T20:21:58.585+0000][gc,heap       ] GC(81) Survivor regions: 7->8(8)
[2025-11-07T20:21:58.585+0000][gc,heap       ] GC(81) Old regions: 94->97
[2025-11-07T20:21:58.585+0000][gc,heap       ] GC(81) Humongous regions: 138->138
[2025-11-07T20:21:58.586+0000][gc,metaspace  ] GC(81) Metaspace: 52865K(55580K)->52865K(55580K) NonClass: 46766K(48208K)->46766K(48208K) Class: 6098K(7372K)->6098K(7372K)
[2025-11-07T20:21:58.586+0000][gc            ] GC(81) Pause Young (Normal) (G1 Evacuation Pause) 288M->242M(684M) 19.181ms
[2025-11-07T20:21:58.586+0000][gc,cpu        ] GC(81) User=0.03s Sys=0.00s Real=0.02s
[2025-11-07T20:24:13.294+0000][gc,start      ] GC(82) Pause Young (Normal) (G1 Evacuation Pause)
[2025-11-07T20:24:13.294+0000][gc,task       ] GC(82) Using 2 workers of 2 for evacuation
[2025-11-07T20:24:13.312+0000][gc,phases     ] GC(82)   Pre Evacuate Collection Set: 0.0ms
[2025-11-07T20:24:13.313+0000][gc,phases     ] GC(82)   Evacuate Collection Set: 17.2ms
[2025-11-07T20:24:13.313+0000][gc,phases     ] GC(82)   Post Evacuate Collection Set: 0.7ms
[2025-11-07T20:24:13.313+0000][gc,phases     ] GC(82)   Other: 0.5ms
[2025-11-07T20:24:13.313+0000][gc,heap       ] GC(82) Eden regions: 51->0(49)
[2025-11-07T20:24:13.314+0000][gc,heap       ] GC(82) Survivor regions: 8->8(8)
[2025-11-07T20:24:13.314+0000][gc,heap       ] GC(82) Old regions: 97->101
[2025-11-07T20:24:13.314+0000][gc,heap       ] GC(82) Humongous regions: 138->138
[2025-11-07T20:24:13.314+0000][gc,metaspace  ] GC(82) Metaspace: 52878K(55580K)->52878K(55580K) NonClass: 46779K(48208K)->46779K(48208K) Class: 6098K(7372K)->6098K(7372K)
[2025-11-07T20:24:13.314+0000][gc            ] GC(82) Pause Young (Normal) (G1 Evacuation Pause) 293M->246M(684M) 20.392ms
[2025-11-07T20:24:13.315+0000][gc,cpu        ] GC(82) User=0.04s Sys=0.00s Real=0.02s
[2025-11-07T20:26:23.095+0000][gc,start      ] GC(83) Pause Young (Normal) (G1 Evacuation Pause)
[2025-11-07T20:26:23.096+0000][gc,task       ] GC(83) Using 2 workers of 2 for evacuation
[2025-11-07T20:26:23.114+0000][gc,phases     ] GC(83)   Pre Evacuate Collection Set: 0.0ms
[2025-11-07T20:26:23.114+0000][gc,phases     ] GC(83)   Evacuate Collection Set: 17.0ms
[2025-11-07T20:26:23.114+0000][gc,phases     ] GC(83)   Post Evacuate Collection Set: 0.8ms
[2025-11-07T20:26:23.114+0000][gc,phases     ] GC(83)   Other: 0.6ms
[2025-11-07T20:26:23.114+0000][gc,heap       ] GC(83) Eden regions: 49->0(53)
[2025-11-07T20:26:23.115+0000][gc,heap       ] GC(83) Survivor regions: 8->5(8)
[2025-11-07T20:26:23.115+0000][gc,heap       ] GC(83) Old regions: 101->108
[2025-11-07T20:26:23.115+0000][gc,heap       ] GC(83) Humongous regions: 138->138
[2025-11-07T20:26:23.115+0000][gc,metaspace  ] GC(83) Metaspace: 52879K(55580K)->52879K(55580K) NonClass: 46780K(48208K)->46780K(48208K) Class: 6098K(7372K)->6098K(7372K)
[2025-11-07T20:26:23.115+0000][gc            ] GC(83) Pause Young (Normal) (G1 Evacuation Pause) 295M->250M(684M) 19.908ms
[2025-11-07T20:26:23.116+0000][gc,cpu        ] GC(83) User=0.03s Sys=0.00s Real=0.02s
[2025-11-07T20:27:29.517+0000][gc,start      ] GC(84) Pause Young (Concurrent Start) (G1 Humongous Allocation)
[2025-11-07T20:27:29.518+0000][gc,task       ] GC(84) Using 2 workers of 2 for evacuation
[2025-11-07T20:27:29.535+0000][gc,phases     ] GC(84)   Pre Evacuate Collection Set: 0.3ms
[2025-11-07T20:27:29.535+0000][gc,phases     ] GC(84)   Evacuate Collection Set: 15.6ms
[2025-11-07T20:27:29.535+0000][gc,phases     ] GC(84)   Post Evacuate Collection Set: 0.8ms
[2025-11-07T20:27:29.535+0000][gc,phases     ] GC(84)   Other: 0.6ms
[2025-11-07T20:27:29.535+0000][gc,heap       ] GC(84) Eden regions: 31->0(44)
[2025-11-07T20:27:29.536+0000][gc,heap       ] GC(84) Survivor regions: 5->6(7)
[2025-11-07T20:27:29.536+0000][gc,heap       ] GC(84) Old regions: 108->112
[2025-11-07T20:27:29.536+0000][gc,heap       ] GC(84) Humongous regions: 138->138
[2025-11-07T20:27:29.536+0000][gc,metaspace  ] GC(84) Metaspace: 52982K(55836K)->52982K(55836K) NonClass: 46861K(48464K)->46861K(48464K) Class: 6120K(7372K)->6120K(7372K)
[2025-11-07T20:27:29.536+0000][gc            ] GC(84) Pause Young (Concurrent Start) (G1 Humongous Allocation) 280M->255M(684M) 18.869ms
[2025-11-07T20:27:29.536+0000][gc,cpu        ] GC(84) User=0.03s Sys=0.00s Real=0.01s
[2025-11-07T20:27:29.537+0000][gc            ] GC(85) Concurrent Cycle
[2025-11-07T20:27:29.537+0000][gc,marking    ] GC(85) Concurrent Clear Claimed Marks
[2025-11-07T20:27:29.537+0000][gc,marking    ] GC(85) Concurrent Clear Claimed Marks 0.563ms
[2025-11-07T20:27:29.538+0000][gc,marking    ] GC(85) Concurrent Scan Root Regions
[2025-11-07T20:27:29.542+0000][gc,marking    ] GC(85) Concurrent Scan Root Regions 4.673ms
[2025-11-07T20:27:29.542+0000][gc,marking    ] GC(85) Concurrent Mark (3619.311s)
[2025-11-07T20:27:29.543+0000][gc,marking    ] GC(85) Concurrent Mark From Roots
[2025-11-07T20:27:29.543+0000][gc,task       ] GC(85) Using 1 workers of 1 for marking
[2025-11-07T20:27:29.572+0000][gc,marking    ] GC(85) Concurrent Mark From Roots 29.389ms
[2025-11-07T20:27:29.572+0000][gc,marking    ] GC(85) Concurrent Preclean
[2025-11-07T20:27:29.573+0000][gc,marking    ] GC(85) Concurrent Preclean 0.372ms
[2025-11-07T20:27:29.573+0000][gc,marking    ] GC(85) Concurrent Mark (3619.311s, 3619.342s) 30.362ms
[2025-11-07T20:27:29.573+0000][gc,start      ] GC(85) Pause Remark
[2025-11-07T20:27:29.588+0000][gc,stringtable] GC(85) Cleaned string and symbol table, strings: 16945 processed, 284 removed, symbols: 123898 processed, 2 removed
[2025-11-07T20:27:29.590+0000][gc            ] GC(85) Pause Remark 264M->263M(684M) 16.169ms
[2025-11-07T20:27:29.590+0000][gc,cpu        ] GC(85) User=0.03s Sys=0.00s Real=0.02s
[2025-11-07T20:27:29.590+0000][gc,marking    ] GC(85) Concurrent Rebuild Remembered Sets
[2025-11-07T20:27:29.608+0000][gc,marking    ] GC(85) Concurrent Rebuild Remembered Sets 17.922ms
[2025-11-07T20:27:29.609+0000][gc,start      ] GC(85) Pause Cleanup
[2025-11-07T20:27:29.609+0000][gc            ] GC(85) Pause Cleanup 263M->263M(684M) 0.475ms
[2025-11-07T20:27:29.609+0000][gc,cpu        ] GC(85) User=0.00s Sys=0.00s Real=0.00s
[2025-11-07T20:27:29.610+0000][gc,marking    ] GC(85) Concurrent Cleanup for Next Mark
[2025-11-07T20:27:29.610+0000][gc,marking    ] GC(85) Concurrent Cleanup for Next Mark 0.821ms
[2025-11-07T20:27:29.611+0000][gc            ] GC(85) Concurrent Cycle 73.855ms
[2025-11-07T20:28:58.302+0000][gc,start      ] GC(86) Pause Young (Prepare Mixed) (G1 Evacuation Pause)
[2025-11-07T20:28:58.302+0000][gc,task       ] GC(86) Using 2 workers of 2 for evacuation
[2025-11-07T20:28:58.327+0000][gc,mmu        ] GC(86) MMU target violated: 21.0ms (20.0ms/21.0ms)
[2025-11-07T20:28:58.327+0000][gc,phases     ] GC(86)   Pre Evacuate Collection Set: 0.2ms
[2025-11-07T20:28:58.327+0000][gc,phases     ] GC(86)   Evacuate Collection Set: 22.0ms
[2025-11-07T20:28:58.328+0000][gc,phases     ] GC(86)   Post Evacuate Collection Set: 1.1ms
[2025-11-07T20:28:58.328+0000][gc,phases     ] GC(86)   Other: 2.0ms
[2025-11-07T20:28:58.329+0000][gc,heap       ] GC(86) Eden regions: 34->0(31)
[2025-11-07T20:28:58.329+0000][gc,heap       ] GC(86) Survivor regions: 6->3(5)
[2025-11-07T20:28:58.330+0000][gc,heap       ] GC(86) Old regions: 111->115
[2025-11-07T20:28:58.331+0000][gc,heap       ] GC(86) Humongous regions: 147->147
[2025-11-07T20:28:58.331+0000][gc,metaspace  ] GC(86) Metaspace: 52385K(55836K)->52385K(55836K) NonClass: 46497K(48464K)->46497K(48464K) Class: 5887K(7372K)->5887K(7372K)
[2025-11-07T20:28:58.331+0000][gc            ] GC(86) Pause Young (Prepare Mixed) (G1 Evacuation Pause) 297M->264M(684M) 29.593ms
[2025-11-07T20:28:58.332+0000][gc,cpu        ] GC(86) User=0.04s Sys=0.01s Real=0.03s
[2025-11-07T20:30:18.889+0000][gc,start      ] GC(87) Pause Young (Mixed) (G1 Evacuation Pause)
[2025-11-07T20:30:18.889+0000][gc,task       ] GC(87) Using 2 workers of 2 for evacuation
[2025-11-07T20:30:18.898+0000][gc,phases     ] GC(87)   Pre Evacuate Collection Set: 0.1ms
[2025-11-07T20:30:18.898+0000][gc,phases     ] GC(87)   Evacuate Collection Set: 7.6ms
[2025-11-07T20:30:18.899+0000][gc,phases     ] GC(87)   Post Evacuate Collection Set: 0.8ms
[2025-11-07T20:30:18.899+0000][gc,phases     ] GC(87)   Other: 0.5ms
[2025-11-07T20:30:18.899+0000][gc,heap       ] GC(87) Eden regions: 31->0(31)
[2025-11-07T20:30:18.899+0000][gc,heap       ] GC(87) Survivor regions: 3->3(5)
[2025-11-07T20:30:18.899+0000][gc,heap       ] GC(87) Old regions: 115->104
[2025-11-07T20:30:18.899+0000][gc,heap       ] GC(87) Humongous regions: 147->147
[2025-11-07T20:30:18.899+0000][gc,metaspace  ] GC(87) Metaspace: 52385K(55836K)->52385K(55836K) NonClass: 46497K(48464K)->46497K(48464K) Class: 5887K(7372K)->5887K(7372K)
[2025-11-07T20:30:18.900+0000][gc            ] GC(87) Pause Young (Mixed) (G1 Evacuation Pause) 295M->253M(684M) 10.500ms
[2025-11-07T20:30:18.900+0000][gc,cpu        ] GC(87) User=0.02s Sys=0.00s Real=0.01s
[2025-11-07T20:31:40.389+0000][gc,start      ] GC(88) Pause Young (Mixed) (G1 Evacuation Pause)
[2025-11-07T20:31:40.390+0000][gc,task       ] GC(88) Using 2 workers of 2 for evacuation
[2025-11-07T20:31:40.403+0000][gc,phases     ] GC(88)   Pre Evacuate Collection Set: 0.0ms
[2025-11-07T20:31:40.403+0000][gc,phases     ] GC(88)   Evacuate Collection Set: 11.6ms
[2025-11-07T20:31:40.403+0000][gc,phases     ] GC(88)   Post Evacuate Collection Set: 1.0ms
[2025-11-07T20:31:40.403+0000][gc,phases     ] GC(88)   Other: 1.0ms
[2025-11-07T20:31:40.403+0000][gc,heap       ] GC(88) Eden regions: 31->0(29)
[2025-11-07T20:31:40.404+0000][gc,heap       ] GC(88) Survivor regions: 3->5(5)
[2025-11-07T20:31:40.404+0000][gc,heap       ] GC(88) Old regions: 104->92
[2025-11-07T20:31:40.404+0000][gc,heap       ] GC(88) Humongous regions: 147->147
[2025-11-07T20:31:40.404+0000][gc,metaspace  ] GC(88) Metaspace: 52404K(55836K)->52404K(55836K) NonClass: 46516K(48464K)->46516K(48464K) Class: 5887K(7372K)->5887K(7372K)
[2025-11-07T20:31:40.404+0000][gc            ] GC(88) Pause Young (Mixed) (G1 Evacuation Pause) 284M->244M(684M) 15.421ms
[2025-11-07T20:31:40.405+0000][gc,cpu        ] GC(88) User=0.02s Sys=0.00s Real=0.02s
[2025-11-07T20:32:56.330+0000][gc,start      ] GC(89) Pause Young (Mixed) (G1 Evacuation Pause)
[2025-11-07T20:32:56.330+0000][gc,task       ] GC(89) Using 2 workers of 2 for evacuation
[2025-11-07T20:32:56.352+0000][gc,mmu        ] GC(89) MMU target violated: 21.0ms (20.0ms/21.0ms)
[2025-11-07T20:32:56.353+0000][gc,phases     ] GC(89)   Pre Evacuate Collection Set: 0.0ms
[2025-11-07T20:32:56.353+0000][gc,phases     ] GC(89)   Evacuate Collection Set: 19.3ms
[2025-11-07T20:32:56.354+0000][gc,phases     ] GC(89)   Post Evacuate Collection Set: 1.4ms
[2025-11-07T20:32:56.355+0000][gc,phases     ] GC(89)   Other: 1.9ms
[2025-11-07T20:32:56.356+0000][gc,heap       ] GC(89) Eden regions: 29->0(30)
[2025-11-07T20:32:56.360+0000][gc,heap       ] GC(89) Survivor regions: 5->4(5)
[2025-11-07T20:32:56.361+0000][gc,heap       ] GC(89) Old regions: 92->85
[2025-11-07T20:32:56.361+0000][gc,heap       ] GC(89) Humongous regions: 147->147
[2025-11-07T20:32:56.362+0000][gc,metaspace  ] GC(89) Metaspace: 52404K(55836K)->52404K(55836K) NonClass: 46516K(48464K)->46516K(48464K) Class: 5887K(7372K)->5887K(7372K)
[2025-11-07T20:32:56.363+0000][gc            ] GC(89) Pause Young (Mixed) (G1 Evacuation Pause) 273M->235M(684M) 32.432ms
[2025-11-07T20:32:56.363+0000][gc,cpu        ] GC(89) User=0.04s Sys=0.00s Real=0.03s
[2025-11-07T20:34:14.789+0000][gc,start      ] GC(90) Pause Young (Mixed) (G1 Evacuation Pause)
[2025-11-07T20:34:14.789+0000][gc,task       ] GC(90) Using 2 workers of 2 for evacuation
[2025-11-07T20:34:14.801+0000][gc,phases     ] GC(90)   Pre Evacuate Collection Set: 0.0ms
[2025-11-07T20:34:14.801+0000][gc,phases     ] GC(90)   Evacuate Collection Set: 10.5ms
[2025-11-07T20:34:14.802+0000][gc,phases     ] GC(90)   Post Evacuate Collection Set: 1.4ms
[2025-11-07T20:34:14.802+0000][gc,phases     ] GC(90)   Other: 0.5ms
[2025-11-07T20:34:14.802+0000][gc,heap       ] GC(90) Eden regions: 30->0(30)
[2025-11-07T20:34:14.802+0000][gc,heap       ] GC(90) Survivor regions: 4->4(5)
[2025-11-07T20:34:14.802+0000][gc,heap       ] GC(90) Old regions: 85->75
[2025-11-07T20:34:14.803+0000][gc,heap       ] GC(90) Humongous regions: 147->147
[2025-11-07T20:34:14.803+0000][gc,metaspace  ] GC(90) Metaspace: 52404K(55836K)->52404K(55836K) NonClass: 46516K(48464K)->46516K(48464K) Class: 5887K(7372K)->5887K(7372K)
[2025-11-07T20:34:14.803+0000][gc            ] GC(90) Pause Young (Mixed) (G1 Evacuation Pause) 265M->225M(684M) 14.473ms
[2025-11-07T20:34:14.803+0000][gc,cpu        ] GC(90) User=0.02s Sys=0.00s Real=0.02s
[2025-11-07T20:35:33.315+0000][gc,start      ] GC(91) Pause Young (Mixed) (G1 Evacuation Pause)
[2025-11-07T20:35:33.315+0000][gc,task       ] GC(91) Using 2 workers of 2 for evacuation
[2025-11-07T20:35:33.324+0000][gc,phases     ] GC(91)   Pre Evacuate Collection Set: 0.0ms
[2025-11-07T20:35:33.324+0000][gc,phases     ] GC(91)   Evacuate Collection Set: 7.9ms
[2025-11-07T20:35:33.324+0000][gc,phases     ] GC(91)   Post Evacuate Collection Set: 0.7ms
[2025-11-07T20:35:33.324+0000][gc,phases     ] GC(91)   Other: 0.5ms
[2025-11-07T20:35:33.324+0000][gc,heap       ] GC(91) Eden regions: 30->0(46)
[2025-11-07T20:35:33.325+0000][gc,heap       ] GC(91) Survivor regions: 4->3(5)
[2025-11-07T20:35:33.325+0000][gc,heap       ] GC(91) Old regions: 75->68
[2025-11-07T20:35:33.325+0000][gc,heap       ] GC(91) Humongous regions: 147->147
[2025-11-07T20:35:33.325+0000][gc,metaspace  ] GC(91) Metaspace: 52422K(55836K)->52422K(55836K) NonClass: 46535K(48464K)->46535K(48464K) Class: 5887K(7372K)->5887K(7372K)
[2025-11-07T20:35:33.325+0000][gc            ] GC(91) Pause Young (Mixed) (G1 Evacuation Pause) 255M->217M(684M) 10.396ms
[2025-11-07T20:35:33.325+0000][gc,cpu        ] GC(91) User=0.01s Sys=0.00s Real=0.01s
[2025-11-07T20:37:34.031+0000][gc,start      ] GC(92) Pause Young (Normal) (G1 Evacuation Pause)
[2025-11-07T20:37:34.032+0000][gc,task       ] GC(92) Using 2 workers of 2 for evacuation
[2025-11-07T20:37:34.044+0000][gc,phases     ] GC(92)   Pre Evacuate Collection Set: 0.0ms
[2025-11-07T20:37:34.044+0000][gc,phases     ] GC(92)   Evacuate Collection Set: 10.6ms
[2025-11-07T20:37:34.044+0000][gc,phases     ] GC(92)   Post Evacuate Collection Set: 0.8ms
[2025-11-07T20:37:34.044+0000][gc,phases     ] GC(92)   Other: 0.6ms
[2025-11-07T20:37:34.045+0000][gc,heap       ] GC(92) Eden regions: 46->0(48)
[2025-11-07T20:37:34.045+0000][gc,heap       ] GC(92) Survivor regions: 3->6(7)
[2025-11-07T20:37:34.045+0000][gc,heap       ] GC(92) Old regions: 68->68
[2025-11-07T20:37:34.045+0000][gc,heap       ] GC(92) Humongous regions: 147->147
[2025-11-07T20:37:34.045+0000][gc,metaspace  ] GC(92) Metaspace: 52422K(55836K)->52422K(55836K) NonClass: 46535K(48464K)->46535K(48464K) Class: 5887K(7372K)->5887K(7372K)
[2025-11-07T20:37:34.045+0000][gc            ] GC(92) Pause Young (Normal) (G1 Evacuation Pause) 263M->220M(684M) 13.891ms
[2025-11-07T20:37:34.046+0000][gc,cpu        ] GC(92) User=0.03s Sys=0.00s Real=0.02s
[2025-11-07T20:39:41.450+0000][gc,start      ] GC(93) Pause Young (Normal) (G1 Evacuation Pause)
[2025-11-07T20:39:41.450+0000][gc,task       ] GC(93) Using 2 workers of 2 for evacuation
[2025-11-07T20:39:41.471+0000][gc,mmu        ] GC(93) MMU target violated: 20.7ms (20.0ms/21.0ms)
[2025-11-07T20:39:41.472+0000][gc,phases     ] GC(93)   Pre Evacuate Collection Set: 0.0ms
[2025-11-07T20:39:41.472+0000][gc,phases     ] GC(93)   Evacuate Collection Set: 19.4ms
[2025-11-07T20:39:41.473+0000][gc,phases     ] GC(93)   Post Evacuate Collection Set: 1.0ms
[2025-11-07T20:39:41.473+0000][gc,phases     ] GC(93)   Other: 1.8ms
[2025-11-07T20:39:41.473+0000][gc,heap       ] GC(93) Eden regions: 48->0(43)
[2025-11-07T20:39:41.473+0000][gc,heap       ] GC(93) Survivor regions: 6->7(7)
[2025-11-07T20:39:41.474+0000][gc,heap       ] GC(93) Old regions: 68->70
[2025-11-07T20:39:41.474+0000][gc,heap       ] GC(93) Humongous regions: 147->147
[2025-11-07T20:39:41.474+0000][gc,metaspace  ] GC(93) Metaspace: 52444K(55836K)->52444K(55836K) NonClass: 46556K(48464K)->46556K(48464K) Class: 5887K(7372K)->5887K(7372K)
[2025-11-07T20:39:41.475+0000][gc            ] GC(93) Pause Young (Normal) (G1 Evacuation Pause) 268M->223M(684M) 24.835ms
[2025-11-07T20:39:41.475+0000][gc,cpu        ] GC(93) User=0.04s Sys=0.00s Real=0.02s
[2025-11-07T20:41:35.821+0000][gc,start      ] GC(94) Pause Young (Normal) (G1 Evacuation Pause)
[2025-11-07T20:41:35.822+0000][gc,task       ] GC(94) Using 2 workers of 2 for evacuation
[2025-11-07T20:41:35.840+0000][gc,phases     ] GC(94)   Pre Evacuate Collection Set: 0.0ms
[2025-11-07T20:41:35.841+0000][gc,phases     ] GC(94)   Evacuate Collection Set: 17.1ms
[2025-11-07T20:41:35.841+0000][gc,phases     ] GC(94)   Post Evacuate Collection Set: 0.8ms
[2025-11-07T20:41:35.841+0000][gc,phases     ] GC(94)   Other: 1.2ms
[2025-11-07T20:41:35.841+0000][gc,heap       ] GC(94) Eden regions: 43->0(42)
[2025-11-07T20:41:35.842+0000][gc,heap       ] GC(94) Survivor regions: 7->7(7)
[2025-11-07T20:41:35.842+0000][gc,heap       ] GC(94) Old regions: 70->75
[2025-11-07T20:41:35.842+0000][gc,heap       ] GC(94) Humongous regions: 147->147
[2025-11-07T20:41:35.842+0000][gc,metaspace  ] GC(94) Metaspace: 52449K(55836K)->52449K(55836K) NonClass: 46561K(48464K)->46561K(48464K) Class: 5887K(7372K)->5887K(7372K)
[2025-11-07T20:41:35.842+0000][gc            ] GC(94) Pause Young (Normal) (G1 Evacuation Pause) 266M->228M(684M) 21.393ms
[2025-11-07T20:41:35.843+0000][gc,cpu        ] GC(94) User=0.03s Sys=0.00s Real=0.03s
[2025-11-07T20:43:27.459+0000][gc,start      ] GC(95) Pause Young (Normal) (G1 Evacuation Pause)
[2025-11-07T20:43:27.459+0000][gc,task       ] GC(95) Using 2 workers of 2 for evacuation
[2025-11-07T20:43:27.475+0000][gc,phases     ] GC(95)   Pre Evacuate Collection Set: 0.0ms
[2025-11-07T20:43:27.475+0000][gc,phases     ] GC(95)   Evacuate Collection Set: 15.4ms
[2025-11-07T20:43:27.476+0000][gc,phases     ] GC(95)   Post Evacuate Collection Set: 0.7ms
[2025-11-07T20:43:27.476+0000][gc,phases     ] GC(95)   Other: 0.6ms
[2025-11-07T20:43:27.476+0000][gc,heap       ] GC(95) Eden regions: 42->0(43)
[2025-11-07T20:43:27.476+0000][gc,heap       ] GC(95) Survivor regions: 7->5(7)
[2025-11-07T20:43:27.476+0000][gc,heap       ] GC(95) Old regions: 75->80
[2025-11-07T20:43:27.477+0000][gc,heap       ] GC(95) Humongous regions: 147->147
[2025-11-07T20:43:27.477+0000][gc,metaspace  ] GC(95) Metaspace: 52452K(55836K)->52452K(55836K) NonClass: 46565K(48464K)->46565K(48464K) Class: 5887K(7372K)->5887K(7372K)
[2025-11-07T20:43:27.477+0000][gc            ] GC(95) Pause Young (Normal) (G1 Evacuation Pause) 270M->232M(684M) 18.396ms
[2025-11-07T20:43:27.477+0000][gc,cpu        ] GC(95) User=0.03s Sys=0.00s Real=0.02s
[2025-11-07T20:45:21.122+0000][gc,start      ] GC(96) Pause Young (Normal) (G1 Evacuation Pause)
[2025-11-07T20:45:21.122+0000][gc,task       ] GC(96) Using 2 workers of 2 for evacuation
[2025-11-07T20:45:21.135+0000][gc,phases     ] GC(96)   Pre Evacuate Collection Set: 0.0ms
[2025-11-07T20:45:21.135+0000][gc,phases     ] GC(96)   Evacuate Collection Set: 11.7ms
[2025-11-07T20:45:21.135+0000][gc,phases     ] GC(96)   Post Evacuate Collection Set: 0.6ms
[2025-11-07T20:45:21.136+0000][gc,phases     ] GC(96)   Other: 0.6ms
[2025-11-07T20:45:21.136+0000][gc,heap       ] GC(96) Eden regions: 43->0(47)
[2025-11-07T20:45:21.136+0000][gc,heap       ] GC(96) Survivor regions: 5->5(6)
[2025-11-07T20:45:21.136+0000][gc,heap       ] GC(96) Old regions: 80->84
[2025-11-07T20:45:21.136+0000][gc,heap       ] GC(96) Humongous regions: 147->147
[2025-11-07T20:45:21.136+0000][gc,metaspace  ] GC(96) Metaspace: 52452K(55836K)->52452K(55836K) NonClass: 46565K(48464K)->46565K(48464K) Class: 5887K(7372K)->5887K(7372K)
[2025-11-07T20:45:21.137+0000][gc            ] GC(96) Pause Young (Normal) (G1 Evacuation Pause) 274M->234M(684M) 14.711ms
[2025-11-07T20:45:21.137+0000][gc,cpu        ] GC(96) User=0.03s Sys=0.00s Real=0.01s
[2025-11-07T20:47:26.442+0000][gc,start      ] GC(97) Pause Young (Normal) (G1 Evacuation Pause)
[2025-11-07T20:47:26.443+0000][gc,task       ] GC(97) Using 2 workers of 2 for evacuation
[2025-11-07T20:47:26.456+0000][gc,phases     ] GC(97)   Pre Evacuate Collection Set: 0.0ms
[2025-11-07T20:47:26.456+0000][gc,phases     ] GC(97)   Evacuate Collection Set: 12.2ms
[2025-11-07T20:47:26.456+0000][gc,phases     ] GC(97)   Post Evacuate Collection Set: 0.7ms
[2025-11-07T20:47:26.456+0000][gc,phases     ] GC(97)   Other: 0.6ms
[2025-11-07T20:47:26.456+0000][gc,heap       ] GC(97) Eden regions: 47->0(51)
[2025-11-07T20:47:26.457+0000][gc,heap       ] GC(97) Survivor regions: 5->5(7)
[2025-11-07T20:47:26.457+0000][gc,heap       ] GC(97) Old regions: 84->87
[2025-11-07T20:47:26.457+0000][gc,heap       ] GC(97) Humongous regions: 147->147
[2025-11-07T20:47:26.457+0000][gc,metaspace  ] GC(97) Metaspace: 52452K(55836K)->52452K(55836K) NonClass: 46565K(48464K)->46565K(48464K) Class: 5887K(7372K)->5887K(7372K)
[2025-11-07T20:47:26.457+0000][gc            ] GC(97) Pause Young (Normal) (G1 Evacuation Pause) 281M->238M(684M) 15.117ms
[2025-11-07T20:47:26.458+0000][gc,cpu        ] GC(97) User=0.03s Sys=0.00s Real=0.01s
[2025-11-07T20:49:41.613+0000][gc,start      ] GC(98) Pause Young (Normal) (G1 Evacuation Pause)
[2025-11-07T20:49:41.613+0000][gc,task       ] GC(98) Using 2 workers of 2 for evacuation
[2025-11-07T20:49:41.627+0000][gc,phases     ] GC(98)   Pre Evacuate Collection Set: 0.0ms
[2025-11-07T20:49:41.627+0000][gc,phases     ] GC(98)   Evacuate Collection Set: 12.6ms
[2025-11-07T20:49:41.627+0000][gc,phases     ] GC(98)   Post Evacuate Collection Set: 0.7ms
[2025-11-07T20:49:41.627+0000][gc,phases     ] GC(98)   Other: 0.6ms
[2025-11-07T20:49:41.628+0000][gc,heap       ] GC(98) Eden regions: 51->0(55)
[2025-11-07T20:49:41.628+0000][gc,heap       ] GC(98) Survivor regions: 5->5(7)
[2025-11-07T20:49:41.628+0000][gc,heap       ] GC(98) Old regions: 87->91
[2025-11-07T20:49:41.628+0000][gc,heap       ] GC(98) Humongous regions: 147->147
[2025-11-07T20:49:41.628+0000][gc,metaspace  ] GC(98) Metaspace: 52453K(55836K)->52453K(55836K) NonClass: 46565K(48464K)->46565K(48464K) Class: 5887K(7372K)->5887K(7372K)
[2025-11-07T20:49:41.628+0000][gc            ] GC(98) Pause Young (Normal) (G1 Evacuation Pause) 289M->242M(684M) 15.460ms
[2025-11-07T20:49:41.629+0000][gc,cpu        ] GC(98) User=0.02s Sys=0.00s Real=0.02s
[2025-11-07T20:52:07.459+0000][gc,start      ] GC(99) Pause Young (Normal) (G1 Evacuation Pause)
[2025-11-07T20:52:07.459+0000][gc,task       ] GC(99) Using 2 workers of 2 for evacuation
[2025-11-07T20:52:07.474+0000][gc,phases     ] GC(99)   Pre Evacuate Collection Set: 0.0ms
[2025-11-07T20:52:07.474+0000][gc,phases     ] GC(99)   Evacuate Collection Set: 13.8ms
[2025-11-07T20:52:07.474+0000][gc,phases     ] GC(99)   Post Evacuate Collection Set: 0.7ms
[2025-11-07T20:52:07.474+0000][gc,phases     ] GC(99)   Other: 0.6ms
[2025-11-07T20:52:07.474+0000][gc,heap       ] GC(99) Eden regions: 55->0(56)
[2025-11-07T20:52:07.475+0000][gc,heap       ] GC(99) Survivor regions: 5->6(8)
[2025-11-07T20:52:07.475+0000][gc,heap       ] GC(99) Old regions: 91->95
[2025-11-07T20:52:07.475+0000][gc,heap       ] GC(99) Humongous regions: 147->147
[2025-11-07T20:52:07.475+0000][gc,metaspace  ] GC(99) Metaspace: 52453K(55836K)->52453K(55836K) NonClass: 46565K(48464K)->46565K(48464K) Class: 5887K(7372K)->5887K(7372K)
[2025-11-07T20:52:07.475+0000][gc            ] GC(99) Pause Young (Normal) (G1 Evacuation Pause) 297M->247M(684M) 16.923ms
[2025-11-07T20:52:07.476+0000][gc,cpu        ] GC(99) User=0.03s Sys=0.00s Real=0.02s
[2025-11-07T20:54:35.973+0000][gc,start      ] GC(100) Pause Young (Concurrent Start) (G1 Evacuation Pause)
[2025-11-07T20:54:35.974+0000][gc,task       ] GC(100) Using 2 workers of 2 for evacuation
[2025-11-07T20:54:35.989+0000][gc,phases     ] GC(100)   Pre Evacuate Collection Set: 0.2ms
[2025-11-07T20:54:35.989+0000][gc,phases     ] GC(100)   Evacuate Collection Set: 13.1ms
[2025-11-07T20:54:35.989+0000][gc,phases     ] GC(100)   Post Evacuate Collection Set: 0.7ms
[2025-11-07T20:54:35.989+0000][gc,phases     ] GC(100)   Other: 1.6ms
[2025-11-07T20:54:35.990+0000][gc,heap       ] GC(100) Eden regions: 56->0(57)
[2025-11-07T20:54:35.990+0000][gc,heap       ] GC(100) Survivor regions: 6->5(8)
[2025-11-07T20:54:35.990+0000][gc,heap       ] GC(100) Old regions: 95->99
[2025-11-07T20:54:35.990+0000][gc,heap       ] GC(100) Humongous regions: 147->147
[2025-11-07T20:54:35.990+0000][gc,metaspace  ] GC(100) Metaspace: 52472K(55836K)->52472K(55836K) NonClass: 46584K(48464K)->46584K(48464K) Class: 5887K(7372K)->5887K(7372K)
[2025-11-07T20:54:35.991+0000][gc            ] GC(100) Pause Young (Concurrent Start) (G1 Evacuation Pause) 303M->250M(684M) 17.514ms
[2025-11-07T20:54:35.991+0000][gc,cpu        ] GC(100) User=0.03s Sys=0.00s Real=0.01s
[2025-11-07T20:54:35.991+0000][gc            ] GC(101) Concurrent Cycle
[2025-11-07T20:54:35.991+0000][gc,marking    ] GC(101) Concurrent Clear Claimed Marks
[2025-11-07T20:54:35.992+0000][gc,marking    ] GC(101) Concurrent Clear Claimed Marks 0.496ms
[2025-11-07T20:54:35.992+0000][gc,marking    ] GC(101) Concurrent Scan Root Regions
[2025-11-07T20:54:35.995+0000][gc,marking    ] GC(101) Concurrent Scan Root Regions 3.165ms
[2025-11-07T20:54:35.995+0000][gc,marking    ] GC(101) Concurrent Mark (5245.738s)
[2025-11-07T20:54:35.996+0000][gc,marking    ] GC(101) Concurrent Mark From Roots
[2025-11-07T20:54:35.996+0000][gc,task       ] GC(101) Using 1 workers of 1 for marking
[2025-11-07T20:54:36.026+0000][gc,marking    ] GC(101) Concurrent Mark From Roots 30.055ms
[2025-11-07T20:54:36.026+0000][gc,marking    ] GC(101) Concurrent Preclean
[2025-11-07T20:54:36.026+0000][gc,marking    ] GC(101) Concurrent Preclean 0.334ms
[2025-11-07T20:54:36.026+0000][gc,marking    ] GC(101) Concurrent Mark (5245.738s, 5245.769s) 30.882ms
[2025-11-07T20:54:36.027+0000][gc,start      ] GC(101) Pause Remark
[2025-11-07T20:54:36.036+0000][gc,stringtable] GC(101) Cleaned string and symbol table, strings: 16710 processed, 5 removed, symbols: 123913 processed, 149 removed
[2025-11-07T20:54:36.036+0000][gc            ] GC(101) Pause Remark 250M->235M(684M) 9.694ms
[2025-11-07T20:54:36.037+0000][gc,cpu        ] GC(101) User=0.01s Sys=0.00s Real=0.01s
[2025-11-07T20:54:36.037+0000][gc,marking    ] GC(101) Concurrent Rebuild Remembered Sets
[2025-11-07T20:54:36.054+0000][gc,marking    ] GC(101) Concurrent Rebuild Remembered Sets 16.801ms
[2025-11-07T20:54:36.055+0000][gc,start      ] GC(101) Pause Cleanup
[2025-11-07T20:54:36.055+0000][gc            ] GC(101) Pause Cleanup 235M->235M(684M) 0.434ms
[2025-11-07T20:54:36.055+0000][gc,cpu        ] GC(101) User=0.00s Sys=0.00s Real=0.00s
[2025-11-07T20:54:36.056+0000][gc,marking    ] GC(101) Concurrent Cleanup for Next Mark
[2025-11-07T20:54:36.057+0000][gc,marking    ] GC(101) Concurrent Cleanup for Next Mark 1.121ms
[2025-11-07T20:54:36.057+0000][gc            ] GC(101) Concurrent Cycle 65.951ms
[2025-11-07T20:57:02.076+0000][gc,start      ] GC(102) Pause Young (Prepare Mixed) (G1 Evacuation Pause)
[2025-11-07T20:57:02.076+0000][gc,task       ] GC(102) Using 2 workers of 2 for evacuation
[2025-11-07T20:57:02.095+0000][gc,phases     ] GC(102)   Pre Evacuate Collection Set: 0.0ms
[2025-11-07T20:57:02.095+0000][gc,phases     ] GC(102)   Evacuate Collection Set: 16.7ms
[2025-11-07T20:57:02.095+0000][gc,phases     ] GC(102)   Post Evacuate Collection Set: 1.2ms
[2025-11-07T20:57:02.095+0000][gc,phases     ] GC(102)   Other: 0.7ms
[2025-11-07T20:57:02.095+0000][gc,heap       ] GC(102) Eden regions: 55->0(28)
[2025-11-07T20:57:02.096+0000][gc,heap       ] GC(102) Survivor regions: 5->6(8)
[2025-11-07T20:57:02.096+0000][gc,heap       ] GC(102) Old regions: 84->88
[2025-11-07T20:57:02.096+0000][gc,heap       ] GC(102) Humongous regions: 147->147
[2025-11-07T20:57:02.096+0000][gc,metaspace  ] GC(102) Metaspace: 52477K(55836K)->52477K(55836K) NonClass: 46589K(48464K)->46589K(48464K) Class: 5887K(7372K)->5887K(7372K)
[2025-11-07T20:57:02.096+0000][gc            ] GC(102) Pause Young (Prepare Mixed) (G1 Evacuation Pause) 290M->239M(684M) 20.305ms
[2025-11-07T20:57:02.096+0000][gc,cpu        ] GC(102) User=0.04s Sys=0.00s Real=0.02s
[2025-11-07T20:58:15.179+0000][gc,start      ] GC(103) Pause Young (Mixed) (G1 Evacuation Pause)
[2025-11-07T20:58:15.180+0000][gc,task       ] GC(103) Using 2 workers of 2 for evacuation
[2025-11-07T20:58:15.200+0000][gc,phases     ] GC(103)   Pre Evacuate Collection Set: 0.0ms
[2025-11-07T20:58:15.200+0000][gc,phases     ] GC(103)   Evacuate Collection Set: 18.4ms
[2025-11-07T20:58:15.201+0000][gc,phases     ] GC(103)   Post Evacuate Collection Set: 0.9ms
[2025-11-07T20:58:15.201+0000][gc,phases     ] GC(103)   Other: 1.1ms
[2025-11-07T20:58:15.202+0000][gc,heap       ] GC(103) Eden regions: 28->0(30)
[2025-11-07T20:58:15.202+0000][gc,heap       ] GC(103) Survivor regions: 6->4(5)
[2025-11-07T20:58:15.203+0000][gc,heap       ] GC(103) Old regions: 88->65
[2025-11-07T20:58:15.203+0000][gc,heap       ] GC(103) Humongous regions: 147->147
[2025-11-07T20:58:15.204+0000][gc,metaspace  ] GC(103) Metaspace: 52478K(55836K)->52478K(55836K) NonClass: 46590K(48464K)->46590K(48464K) Class: 5887K(7372K)->5887K(7372K)
[2025-11-07T20:58:15.204+0000][gc            ] GC(103) Pause Young (Mixed) (G1 Evacuation Pause) 267M->215M(684M) 24.966ms
[2025-11-07T20:58:15.205+0000][gc,cpu        ] GC(103) User=0.04s Sys=0.00s Real=0.03s
[2025-11-07T20:59:34.165+0000][gc,start      ] GC(104) Pause Young (Mixed) (G1 Evacuation Pause)
[2025-11-07T20:59:34.165+0000][gc,task       ] GC(104) Using 2 workers of 2 for evacuation
[2025-11-07T20:59:34.178+0000][gc,phases     ] GC(104)   Pre Evacuate Collection Set: 0.0ms
[2025-11-07T20:59:34.178+0000][gc,phases     ] GC(104)   Evacuate Collection Set: 11.4ms
[2025-11-07T20:59:34.178+0000][gc,phases     ] GC(104)   Post Evacuate Collection Set: 0.7ms
[2025-11-07T20:59:34.178+0000][gc,phases     ] GC(104)   Other: 0.6ms
[2025-11-07T20:59:34.179+0000][gc,heap       ] GC(104) Eden regions: 30->0(56)
[2025-11-07T20:59:34.179+0000][gc,heap       ] GC(104) Survivor regions: 4->5(5)
[2025-11-07T20:59:34.179+0000][gc,heap       ] GC(104) Old regions: 65->63
[2025-11-07T20:59:34.179+0000][gc,heap       ] GC(104) Humongous regions: 147->147
[2025-11-07T20:59:34.179+0000][gc,metaspace  ] GC(104) Metaspace: 52478K(55836K)->52478K(55836K) NonClass: 46590K(48464K)->46590K(48464K) Class: 5887K(7372K)->5887K(7372K)
[2025-11-07T20:59:34.179+0000][gc            ] GC(104) Pause Young (Mixed) (G1 Evacuation Pause) 245M->214M(684M) 14.461ms
[2025-11-07T20:59:34.179+0000][gc,cpu        ] GC(104) User=0.02s Sys=0.00s Real=0.01s
[2025-11-07T21:01:55.758+0000][gc,start      ] GC(105) Pause Young (Normal) (G1 Evacuation Pause)
[2025-11-07T21:01:55.758+0000][gc,task       ] GC(105) Using 2 workers of 2 for evacuation
[2025-11-07T21:01:55.777+0000][gc,phases     ] GC(105)   Pre Evacuate Collection Set: 0.0ms
[2025-11-07T21:01:55.778+0000][gc,phases     ] GC(105)   Evacuate Collection Set: 16.9ms
[2025-11-07T21:01:55.778+0000][gc,phases     ] GC(105)   Post Evacuate Collection Set: 1.4ms
[2025-11-07T21:01:55.779+0000][gc,phases     ] GC(105)   Other: 0.9ms
[2025-11-07T21:01:55.779+0000][gc,heap       ] GC(105) Eden regions: 53->0(54)
[2025-11-07T21:01:55.780+0000][gc,heap       ] GC(105) Survivor regions: 5->5(8)
[2025-11-07T21:01:55.780+0000][gc,heap       ] GC(105) Old regions: 63->65
[2025-11-07T21:01:55.781+0000][gc,heap       ] GC(105) Humongous regions: 147->147
[2025-11-07T21:01:55.781+0000][gc,metaspace  ] GC(105) Metaspace: 52498K(55836K)->52498K(55836K) NonClass: 46610K(48464K)->46610K(48464K) Class: 5887K(7372K)->5887K(7372K)
[2025-11-07T21:01:55.781+0000][gc            ] GC(105) Pause Young (Normal) (G1 Evacuation Pause) 267M->216M(684M) 23.295ms
[2025-11-07T21:01:55.782+0000][gc,cpu        ] GC(105) User=0.04s Sys=0.00s Real=0.02s
[2025-11-07T21:04:19.086+0000][gc,start      ] GC(106) Pause Young (Normal) (G1 Evacuation Pause)
[2025-11-07T21:04:19.087+0000][gc,task       ] GC(106) Using 2 workers of 2 for evacuation
[2025-11-07T21:04:19.104+0000][gc,phases     ] GC(106)   Pre Evacuate Collection Set: 0.0ms
[2025-11-07T21:04:19.104+0000][gc,phases     ] GC(106)   Evacuate Collection Set: 15.0ms
[2025-11-07T21:04:19.105+0000][gc,phases     ] GC(106)   Post Evacuate Collection Set: 1.8ms
[2025-11-07T21:04:19.105+0000][gc,phases     ] GC(106)   Other: 1.0ms
[2025-11-07T21:04:19.105+0000][gc,heap       ] GC(106) Eden regions: 54->0(55)
[2025-11-07T21:04:19.105+0000][gc,heap       ] GC(106) Survivor regions: 5->5(8)
[2025-11-07T21:04:19.105+0000][gc,heap       ] GC(106) Old regions: 65->69
[2025-11-07T21:04:19.105+0000][gc,heap       ] GC(106) Humongous regions: 147->147
[2025-11-07T21:04:19.106+0000][gc,metaspace  ] GC(106) Metaspace: 52515K(55836K)->52515K(55836K) NonClass: 46627K(48464K)->46627K(48464K) Class: 5887K(7372K)->5887K(7372K)
[2025-11-07T21:04:19.106+0000][gc            ] GC(106) Pause Young (Normal) (G1 Evacuation Pause) 270M->220M(684M) 19.742ms
[2025-11-07T21:04:19.108+0000][gc,cpu        ] GC(106) User=0.03s Sys=0.00s Real=0.02s
[2025-11-07T21:06:47.168+0000][gc,start      ] GC(107) Pause Young (Normal) (G1 Evacuation Pause)
[2025-11-07T21:06:47.168+0000][gc,task       ] GC(107) Using 2 workers of 2 for evacuation
[2025-11-07T21:06:47.184+0000][gc,phases     ] GC(107)   Pre Evacuate Collection Set: 0.0ms
[2025-11-07T21:06:47.184+0000][gc,phases     ] GC(107)   Evacuate Collection Set: 15.0ms
[2025-11-07T21:06:47.184+0000][gc,phases     ] GC(107)   Post Evacuate Collection Set: 0.8ms
[2025-11-07T21:06:47.185+0000][gc,phases     ] GC(107)   Other: 0.5ms
[2025-11-07T21:06:47.185+0000][gc,heap       ] GC(107) Eden regions: 55->0(56)
[2025-11-07T21:06:47.185+0000][gc,heap       ] GC(107) Survivor regions: 5->6(8)
[2025-11-07T21:06:47.185+0000][gc,heap       ] GC(107) Old regions: 69->73
[2025-11-07T21:06:47.185+0000][gc,heap       ] GC(107) Humongous regions: 147->147
[2025-11-07T21:06:47.185+0000][gc,metaspace  ] GC(107) Metaspace: 52515K(55836K)->52515K(55836K) NonClass: 46627K(48464K)->46627K(48464K) Class: 5887K(7372K)->5887K(7372K)
[2025-11-07T21:06:47.185+0000][gc            ] GC(107) Pause Young (Normal) (G1 Evacuation Pause) 275M->225M(684M) 17.614ms
[2025-11-07T21:06:47.186+0000][gc,cpu        ] GC(107) User=0.04s Sys=0.00s Real=0.02s
[2025-11-07T21:09:15.310+0000][gc,start      ] GC(108) Pause Young (Normal) (G1 Evacuation Pause)
[2025-11-07T21:09:15.311+0000][gc,task       ] GC(108) Using 2 workers of 2 for evacuation
[2025-11-07T21:09:15.328+0000][gc,phases     ] GC(108)   Pre Evacuate Collection Set: 0.0ms
[2025-11-07T21:09:15.328+0000][gc,phases     ] GC(108)   Evacuate Collection Set: 15.7ms
[2025-11-07T21:09:15.328+0000][gc,phases     ] GC(108)   Post Evacuate Collection Set: 0.7ms
[2025-11-07T21:09:15.328+0000][gc,phases     ] GC(108)   Other: 0.7ms
[2025-11-07T21:09:15.328+0000][gc,heap       ] GC(108) Eden regions: 56->0(57)
[2025-11-07T21:09:15.328+0000][gc,heap       ] GC(108) Survivor regions: 6->5(8)
[2025-11-07T21:09:15.329+0000][gc,heap       ] GC(108) Old regions: 73->77
[2025-11-07T21:09:15.329+0000][gc,heap       ] GC(108) Humongous regions: 147->147
[2025-11-07T21:09:15.329+0000][gc,metaspace  ] GC(108) Metaspace: 52515K(55836K)->52515K(55836K) NonClass: 46627K(48464K)->46627K(48464K) Class: 5887K(7372K)->5887K(7372K)
[2025-11-07T21:09:15.329+0000][gc            ] GC(108) Pause Young (Normal) (G1 Evacuation Pause) 281M->229M(684M) 18.694ms
[2025-11-07T21:09:15.330+0000][gc,cpu        ] GC(108) User=0.03s Sys=0.00s Real=0.02s
[2025-11-07T21:11:47.866+0000][gc,start      ] GC(109) Pause Young (Normal) (G1 Evacuation Pause)
[2025-11-07T21:11:47.867+0000][gc,task       ] GC(109) Using 2 workers of 2 for evacuation
[2025-11-07T21:11:47.892+0000][gc,mmu        ] GC(109) MMU target violated: 21.0ms (20.0ms/21.0ms)
[2025-11-07T21:11:47.892+0000][gc,phases     ] GC(109)   Pre Evacuate Collection Set: 0.0ms
[2025-11-07T21:11:47.893+0000][gc,phases     ] GC(109)   Evacuate Collection Set: 22.8ms
[2025-11-07T21:11:47.893+0000][gc,phases     ] GC(109)   Post Evacuate Collection Set: 1.3ms
[2025-11-07T21:11:47.893+0000][gc,phases     ] GC(109)   Other: 1.9ms
[2025-11-07T21:11:47.894+0000][gc,heap       ] GC(109) Eden regions: 57->0(54)
[2025-11-07T21:11:47.894+0000][gc,heap       ] GC(109) Survivor regions: 5->6(8)
[2025-11-07T21:11:47.894+0000][gc,heap       ] GC(109) Old regions: 77->81
[2025-11-07T21:11:47.895+0000][gc,heap       ] GC(109) Humongous regions: 147->147
[2025-11-07T21:11:47.895+0000][gc,metaspace  ] GC(109) Metaspace: 52518K(55836K)->52518K(55836K) NonClass: 46630K(48464K)->46630K(48464K) Class: 5887K(7372K)->5887K(7372K)
[2025-11-07T21:11:47.896+0000][gc            ] GC(109) Pause Young (Normal) (G1 Evacuation Pause) 286M->233M(684M) 29.539ms
[2025-11-07T21:11:47.896+0000][gc,cpu        ] GC(109) User=0.05s Sys=0.00s Real=0.03s
[2025-11-07T21:13:47.638+0000][gc,start      ] GC(110) Pause Young (Normal) (G1 Evacuation Pause)
[2025-11-07T21:13:47.638+0000][gc,task       ] GC(110) Using 2 workers of 2 for evacuation
[2025-11-07T21:13:47.655+0000][gc,phases     ] GC(110)   Pre Evacuate Collection Set: 0.0ms
[2025-11-07T21:13:47.656+0000][gc,phases     ] GC(110)   Evacuate Collection Set: 15.8ms
[2025-11-07T21:13:47.659+0000][gc,phases     ] GC(110)   Post Evacuate Collection Set: 0.9ms
[2025-11-07T21:13:47.659+0000][gc,phases     ] GC(110)   Other: 0.6ms
[2025-11-07T21:13:47.659+0000][gc,heap       ] GC(110) Eden regions: 45->0(54)
[2025-11-07T21:13:47.659+0000][gc,heap       ] GC(110) Survivor regions: 6->5(7)
[2025-11-07T21:13:47.659+0000][gc,heap       ] GC(110) Old regions: 81->86
[2025-11-07T21:13:47.659+0000][gc,heap       ] GC(110) Humongous regions: 147->147
[2025-11-07T21:13:47.660+0000][gc,metaspace  ] GC(110) Metaspace: 52518K(55836K)->52518K(55836K) NonClass: 46630K(48464K)->46630K(48464K) Class: 5887K(7372K)->5887K(7372K)
[2025-11-07T21:13:47.660+0000][gc            ] GC(110) Pause Young (Normal) (G1 Evacuation Pause) 278M->236M(684M) 21.683ms
[2025-11-07T21:13:47.660+0000][gc,cpu        ] GC(110) User=0.03s Sys=0.00s Real=0.02s
[2025-11-07T21:16:10.651+0000][gc,start      ] GC(111) Pause Young (Normal) (G1 Evacuation Pause)
[2025-11-07T21:16:10.651+0000][gc,task       ] GC(111) Using 2 workers of 2 for evacuation
[2025-11-07T21:16:10.667+0000][gc,phases     ] GC(111)   Pre Evacuate Collection Set: 0.0ms
[2025-11-07T21:16:10.668+0000][gc,phases     ] GC(111)   Evacuate Collection Set: 14.9ms
[2025-11-07T21:16:10.668+0000][gc,phases     ] GC(111)   Post Evacuate Collection Set: 0.7ms
[2025-11-07T21:16:10.668+0000][gc,phases     ] GC(111)   Other: 0.7ms
[2025-11-07T21:16:10.668+0000][gc,heap       ] GC(111) Eden regions: 54->0(56)
[2025-11-07T21:16:10.669+0000][gc,heap       ] GC(111) Survivor regions: 5->6(8)
[2025-11-07T21:16:10.669+0000][gc,heap       ] GC(111) Old regions: 86->89
[2025-11-07T21:16:10.669+0000][gc,heap       ] GC(111) Humongous regions: 147->147
[2025-11-07T21:16:10.669+0000][gc,metaspace  ] GC(111) Metaspace: 52518K(55836K)->52518K(55836K) NonClass: 46630K(48464K)->46630K(48464K) Class: 5887K(7372K)->5887K(7372K)
[2025-11-07T21:16:10.669+0000][gc            ] GC(111) Pause Young (Normal) (G1 Evacuation Pause) 290M->241M(684M) 18.206ms
[2025-11-07T21:16:10.669+0000][gc,cpu        ] GC(111) User=0.03s Sys=0.00s Real=0.02s
[2025-11-07T21:18:39.322+0000][gc,start      ] GC(112) Pause Young (Normal) (G1 Evacuation Pause)
[2025-11-07T21:18:39.322+0000][gc,task       ] GC(112) Using 2 workers of 2 for evacuation
[2025-11-07T21:18:39.336+0000][gc,phases     ] GC(112)   Pre Evacuate Collection Set: 0.0ms
[2025-11-07T21:18:39.336+0000][gc,phases     ] GC(112)   Evacuate Collection Set: 13.4ms
[2025-11-07T21:18:39.337+0000][gc,phases     ] GC(112)   Post Evacuate Collection Set: 0.7ms
[2025-11-07T21:18:39.337+0000][gc,phases     ] GC(112)   Other: 0.7ms
[2025-11-07T21:18:39.337+0000][gc,heap       ] GC(112) Eden regions: 56->0(60)
[2025-11-07T21:18:39.337+0000][gc,heap       ] GC(112) Survivor regions: 6->5(8)
[2025-11-07T21:18:39.337+0000][gc,heap       ] GC(112) Old regions: 89->93
[2025-11-07T21:18:39.337+0000][gc,heap       ] GC(112) Humongous regions: 147->147
[2025-11-07T21:18:39.338+0000][gc,metaspace  ] GC(112) Metaspace: 52518K(55836K)->52518K(55836K) NonClass: 46631K(48464K)->46631K(48464K) Class: 5887K(7372K)->5887K(7372K)
[2025-11-07T21:18:39.338+0000][gc            ] GC(112) Pause Young (Normal) (G1 Evacuation Pause) 297M->244M(684M) 16.307ms
[2025-11-07T21:18:39.338+0000][gc,cpu        ] GC(112) User=0.03s Sys=0.00s Real=0.02s
[2025-11-07T21:21:19.576+0000][gc,start      ] GC(113) Pause Young (Concurrent Start) (G1 Evacuation Pause)
[2025-11-07T21:21:19.577+0000][gc,task       ] GC(113) Using 2 workers of 2 for evacuation
[2025-11-07T21:21:19.596+0000][gc,phases     ] GC(113)   Pre Evacuate Collection Set: 0.3ms
[2025-11-07T21:21:19.597+0000][gc,phases     ] GC(113)   Evacuate Collection Set: 18.0ms
[2025-11-07T21:21:19.597+0000][gc,phases     ] GC(113)   Post Evacuate Collection Set: 1.1ms
[2025-11-07T21:21:19.597+0000][gc,phases     ] GC(113)   Other: 0.7ms
[2025-11-07T21:21:19.598+0000][gc,heap       ] GC(113) Eden regions: 60->0(55)
[2025-11-07T21:21:19.598+0000][gc,heap       ] GC(113) Survivor regions: 5->9(9)
[2025-11-07T21:21:19.598+0000][gc,heap       ] GC(113) Old regions: 93->94
[2025-11-07T21:21:19.598+0000][gc,heap       ] GC(113) Humongous regions: 147->147
[2025-11-07T21:21:19.598+0000][gc,metaspace  ] GC(113) Metaspace: 52518K(55836K)->52518K(55836K) NonClass: 46631K(48464K)->46631K(48464K) Class: 5887K(7372K)->5887K(7372K)
[2025-11-07T21:21:19.598+0000][gc            ] GC(113) Pause Young (Concurrent Start) (G1 Evacuation Pause) 304M->249M(684M) 22.076ms
[2025-11-07T21:21:19.599+0000][gc,cpu        ] GC(113) User=0.04s Sys=0.00s Real=0.02s
[2025-11-07T21:21:19.599+0000][gc            ] GC(114) Concurrent Cycle
[2025-11-07T21:21:19.599+0000][gc,marking    ] GC(114) Concurrent Clear Claimed Marks
[2025-11-07T21:21:19.600+0000][gc,marking    ] GC(114) Concurrent Clear Claimed Marks 0.420ms
[2025-11-07T21:21:19.600+0000][gc,marking    ] GC(114) Concurrent Scan Root Regions
[2025-11-07T21:21:19.607+0000][gc,marking    ] GC(114) Concurrent Scan Root Regions 7.255ms
[2025-11-07T21:21:19.611+0000][gc,marking    ] GC(114) Concurrent Mark (6849.332s)
[2025-11-07T21:21:19.611+0000][gc,marking    ] GC(114) Concurrent Mark From Roots
[2025-11-07T21:21:19.612+0000][gc,task       ] GC(114) Using 1 workers of 1 for marking
[2025-11-07T21:21:19.645+0000][gc,marking    ] GC(114) Concurrent Mark From Roots 33.523ms
[2025-11-07T21:21:19.645+0000][gc,marking    ] GC(114) Concurrent Preclean
[2025-11-07T21:21:19.646+0000][gc,marking    ] GC(114) Concurrent Preclean 0.360ms
[2025-11-07T21:21:19.646+0000][gc,marking    ] GC(114) Concurrent Mark (6849.332s, 6849.367s) 34.671ms
[2025-11-07T21:21:19.646+0000][gc,start      ] GC(114) Pause Remark
[2025-11-07T21:21:19.655+0000][gc,stringtable] GC(114) Cleaned string and symbol table, strings: 16727 processed, 0 removed, symbols: 123764 processed, 0 removed
[2025-11-07T21:21:19.656+0000][gc            ] GC(114) Pause Remark 249M->248M(684M) 9.563ms
[2025-11-07T21:21:19.656+0000][gc,cpu        ] GC(114) User=0.02s Sys=0.00s Real=0.01s
[2025-11-07T21:21:19.657+0000][gc,marking    ] GC(114) Concurrent Rebuild Remembered Sets
[2025-11-07T21:21:19.675+0000][gc,marking    ] GC(114) Concurrent Rebuild Remembered Sets 18.694ms
[2025-11-07T21:21:19.676+0000][gc,start      ] GC(114) Pause Cleanup
[2025-11-07T21:21:19.676+0000][gc            ] GC(114) Pause Cleanup 249M->249M(684M) 0.480ms
[2025-11-07T21:21:19.677+0000][gc,cpu        ] GC(114) User=0.00s Sys=0.00s Real=0.00s
[2025-11-07T21:21:19.677+0000][gc,marking    ] GC(114) Concurrent Cleanup for Next Mark
[2025-11-07T21:21:19.678+0000][gc,marking    ] GC(114) Concurrent Cleanup for Next Mark 1.168ms
[2025-11-07T21:21:19.679+0000][gc            ] GC(114) Concurrent Cycle 79.748ms
[2025-11-07T21:23:27.474+0000][gc,start      ] GC(115) Pause Young (Prepare Mixed) (G1 Evacuation Pause)
[2025-11-07T21:23:27.474+0000][gc,task       ] GC(115) Using 2 workers of 2 for evacuation
[2025-11-07T21:23:27.505+0000][gc,mmu        ] GC(115) MMU target violated: 21.0ms (20.0ms/21.0ms)
[2025-11-07T21:23:27.506+0000][gc,phases     ] GC(115)   Pre Evacuate Collection Set: 0.0ms
[2025-11-07T21:23:27.506+0000][gc,phases     ] GC(115)   Evacuate Collection Set: 29.9ms
[2025-11-07T21:23:27.507+0000][gc,phases     ] GC(115)   Post Evacuate Collection Set: 1.3ms
[2025-11-07T21:23:27.507+0000][gc,phases     ] GC(115)   Other: 0.9ms
[2025-11-07T21:23:27.507+0000][gc,heap       ] GC(115) Eden regions: 48->0(29)
[2025-11-07T21:23:27.507+0000][gc,heap       ] GC(115) Survivor regions: 9->5(8)
[2025-11-07T21:23:27.508+0000][gc,heap       ] GC(115) Old regions: 93->100
[2025-11-07T21:23:27.508+0000][gc,heap       ] GC(115) Humongous regions: 147->147
[2025-11-07T21:23:27.508+0000][gc,metaspace  ] GC(115) Metaspace: 52518K(55836K)->52518K(55836K) NonClass: 46631K(48464K)->46631K(48464K) Class: 5887K(7372K)->5887K(7372K)
[2025-11-07T21:23:27.508+0000][gc            ] GC(115) Pause Young (Prepare Mixed) (G1 Evacuation Pause) 296M->252M(684M) 34.688ms
[2025-11-07T21:23:27.509+0000][gc,cpu        ] GC(115) User=0.07s Sys=0.00s Real=0.04s
[2025-11-07T21:24:43.816+0000][gc,start      ] GC(116) Pause Young (Mixed) (G1 Evacuation Pause)
[2025-11-07T21:24:43.816+0000][gc,task       ] GC(116) Using 2 workers of 2 for evacuation
[2025-11-07T21:24:43.836+0000][gc,phases     ] GC(116)   Pre Evacuate Collection Set: 0.0ms
[2025-11-07T21:24:43.836+0000][gc,phases     ] GC(116)   Evacuate Collection Set: 17.8ms
[2025-11-07T21:24:43.836+0000][gc,phases     ] GC(116)   Post Evacuate Collection Set: 0.9ms
[2025-11-07T21:24:43.837+0000][gc,phases     ] GC(116)   Other: 0.8ms
[2025-11-07T21:24:43.837+0000][gc,heap       ] GC(116) Eden regions: 29->0(29)
[2025-11-07T21:24:43.837+0000][gc,heap       ] GC(116) Survivor regions: 5->5(5)
[2025-11-07T21:24:43.837+0000][gc,heap       ] GC(116) Old regions: 100->93
[2025-11-07T21:24:43.838+0000][gc,heap       ] GC(116) Humongous regions: 147->147
[2025-11-07T21:24:43.838+0000][gc,metaspace  ] GC(116) Metaspace: 52529K(55836K)->52529K(55836K) NonClass: 46641K(48464K)->46641K(48464K) Class: 5887K(7372K)->5887K(7372K)
[2025-11-07T21:24:43.838+0000][gc            ] GC(116) Pause Young (Mixed) (G1 Evacuation Pause) 281M->244M(684M) 22.015ms
[2025-11-07T21:24:43.838+0000][gc,cpu        ] GC(116) User=0.04s Sys=0.00s Real=0.02s
[2025-11-07T21:26:00.400+0000][gc,start      ] GC(117) Pause Young (Mixed) (G1 Evacuation Pause)
[2025-11-07T21:26:00.400+0000][gc,task       ] GC(117) Using 2 workers of 2 for evacuation
[2025-11-07T21:26:00.413+0000][gc,phases     ] GC(117)   Pre Evacuate Collection Set: 0.0ms
[2025-11-07T21:26:00.413+0000][gc,phases     ] GC(117)   Evacuate Collection Set: 11.7ms
[2025-11-07T21:26:00.414+0000][gc,phases     ] GC(117)   Post Evacuate Collection Set: 0.9ms
[2025-11-07T21:26:00.414+0000][gc,phases     ] GC(117)   Other: 0.8ms
[2025-11-07T21:26:00.414+0000][gc,heap       ] GC(117) Eden regions: 29->0(31)
[2025-11-07T21:26:00.414+0000][gc,heap       ] GC(117) Survivor regions: 5->3(5)
[2025-11-07T21:26:00.414+0000][gc,heap       ] GC(117) Old regions: 93->86
[2025-11-07T21:26:00.415+0000][gc,heap       ] GC(117) Humongous regions: 147->147
[2025-11-07T21:26:00.415+0000][gc,metaspace  ] GC(117) Metaspace: 52530K(55836K)->52530K(55836K) NonClass: 46642K(48464K)->46642K(48464K) Class: 5887K(7372K)->5887K(7372K)
[2025-11-07T21:26:00.415+0000][gc            ] GC(117) Pause Young (Mixed) (G1 Evacuation Pause) 273M->235M(684M) 15.409ms
[2025-11-07T21:26:00.416+0000][gc,cpu        ] GC(117) User=0.03s Sys=0.00s Real=0.02s
[2025-11-07T21:27:19.841+0000][gc,start      ] GC(118) Pause Young (Mixed) (G1 Evacuation Pause)
[2025-11-07T21:27:19.841+0000][gc,task       ] GC(118) Using 2 workers of 2 for evacuation
[2025-11-07T21:27:19.857+0000][gc,phases     ] GC(118)   Pre Evacuate Collection Set: 0.0ms
[2025-11-07T21:27:19.858+0000][gc,phases     ] GC(118)   Evacuate Collection Set: 14.4ms
[2025-11-07T21:27:19.858+0000][gc,phases     ] GC(118)   Post Evacuate Collection Set: 0.9ms
[2025-11-07T21:27:19.858+0000][gc,phases     ] GC(118)   Other: 0.8ms
[2025-11-07T21:27:19.859+0000][gc,heap       ] GC(118) Eden regions: 31->0(47)
[2025-11-07T21:27:19.859+0000][gc,heap       ] GC(118) Survivor regions: 3->5(5)
[2025-11-07T21:27:19.859+0000][gc,heap       ] GC(118) Old regions: 86->68
[2025-11-07T21:27:19.859+0000][gc,heap       ] GC(118) Humongous regions: 147->147
[2025-11-07T21:27:19.860+0000][gc,metaspace  ] GC(118) Metaspace: 52530K(55836K)->52530K(55836K) NonClass: 46642K(48464K)->46642K(48464K) Class: 5887K(7372K)->5887K(7372K)
[2025-11-07T21:27:19.860+0000][gc            ] GC(118) Pause Young (Mixed) (G1 Evacuation Pause) 266M->219M(684M) 18.782ms
[2025-11-07T21:27:19.860+0000][gc,cpu        ] GC(118) User=0.03s Sys=0.00s Real=0.02s
[2025-11-07T21:28:47.310+0000][gc,start      ] GC(119) Pause Young (Concurrent Start) (G1 Evacuation Pause)
[2025-11-07T21:28:47.310+0000][gc,task       ] GC(119) Using 2 workers of 2 for evacuation
[2025-11-07T21:28:47.340+0000][gc,mmu        ] GC(119) MMU target violated: 21.0ms (20.0ms/21.0ms)
[2025-11-07T21:28:47.340+0000][gc,phases     ] GC(119)   Pre Evacuate Collection Set: 0.5ms
[2025-11-07T21:28:47.340+0000][gc,phases     ] GC(119)   Evacuate Collection Set: 26.1ms
[2025-11-07T21:28:47.341+0000][gc,phases     ] GC(119)   Post Evacuate Collection Set: 1.1ms
[2025-11-07T21:28:47.341+0000][gc,phases     ] GC(119)   Other: 2.9ms
[2025-11-07T21:28:47.341+0000][gc,heap       ] GC(119) Eden regions: 37->0(29)
[2025-11-07T21:28:47.342+0000][gc,heap       ] GC(119) Survivor regions: 5->6(6)
[2025-11-07T21:28:47.342+0000][gc,heap       ] GC(119) Old regions: 68->72
[2025-11-07T21:28:47.342+0000][gc,heap       ] GC(119) Humongous regions: 147->147
[2025-11-07T21:28:47.342+0000][gc,metaspace  ] GC(119) Metaspace: 52532K(55836K)->52532K(55836K) NonClass: 46644K(48464K)->46644K(48464K) Class: 5887K(7372K)->5887K(7372K)
[2025-11-07T21:28:47.343+0000][gc            ] GC(119) Pause Young (Concurrent Start) (G1 Evacuation Pause) 256M->223M(684M) 33.592ms
[2025-11-07T21:28:47.346+0000][gc,cpu        ] GC(119) User=0.05s Sys=0.00s Real=0.03s
[2025-11-07T21:28:47.347+0000][gc            ] GC(120) Concurrent Cycle
[2025-11-07T21:28:47.347+0000][gc,marking    ] GC(120) Concurrent Clear Claimed Marks
[2025-11-07T21:28:47.348+0000][gc,marking    ] GC(120) Concurrent Clear Claimed Marks 0.720ms
[2025-11-07T21:28:47.348+0000][gc,marking    ] GC(120) Concurrent Scan Root Regions
[2025-11-07T21:28:47.356+0000][gc,marking    ] GC(120) Concurrent Scan Root Regions 7.819ms
[2025-11-07T21:28:47.357+0000][gc,marking    ] GC(120) Concurrent Mark (7297.065s)
[2025-11-07T21:28:47.358+0000][gc,marking    ] GC(120) Concurrent Mark From Roots
[2025-11-07T21:28:47.358+0000][gc,task       ] GC(120) Using 1 workers of 1 for marking
[2025-11-07T21:28:47.417+0000][gc,marking    ] GC(120) Concurrent Mark From Roots 59.166ms
[2025-11-07T21:28:47.417+0000][gc,marking    ] GC(120) Concurrent Preclean
[2025-11-07T21:28:47.418+0000][gc,marking    ] GC(120) Concurrent Preclean 0.507ms
[2025-11-07T21:28:47.418+0000][gc,marking    ] GC(120) Concurrent Mark (7297.065s, 7297.126s) 61.444ms
[2025-11-07T21:28:47.420+0000][gc,start      ] GC(120) Pause Remark
[2025-11-07T21:28:47.437+0000][gc,stringtable] GC(120) Cleaned string and symbol table, strings: 16732 processed, 0 removed, symbols: 123764 processed, 0 removed
[2025-11-07T21:28:47.439+0000][gc            ] GC(120) Pause Remark 224M->224M(684M) 19.294ms
[2025-11-07T21:28:47.439+0000][gc,cpu        ] GC(120) User=0.03s Sys=0.00s Real=0.02s
[2025-11-07T21:28:47.440+0000][gc,marking    ] GC(120) Concurrent Rebuild Remembered Sets
[2025-11-07T21:28:47.469+0000][gc,marking    ] GC(120) Concurrent Rebuild Remembered Sets 28.162ms
[2025-11-07T21:28:47.472+0000][gc,start      ] GC(120) Pause Cleanup
[2025-11-07T21:28:47.473+0000][gc            ] GC(120) Pause Cleanup 224M->224M(684M) 1.038ms
[2025-11-07T21:28:47.474+0000][gc,cpu        ] GC(120) User=0.00s Sys=0.00s Real=0.00s
[2025-11-07T21:28:47.475+0000][gc,marking    ] GC(120) Concurrent Cleanup for Next Mark
[2025-11-07T21:28:47.478+0000][gc,marking    ] GC(120) Concurrent Cleanup for Next Mark 2.966ms
[2025-11-07T21:28:47.479+0000][gc            ] GC(120) Concurrent Cycle 132.722ms
[2025-11-07T21:30:01.011+0000][gc,start      ] GC(121) Pause Young (Prepare Mixed) (G1 Evacuation Pause)
[2025-11-07T21:30:01.011+0000][gc,task       ] GC(121) Using 2 workers of 2 for evacuation
[2025-11-07T21:30:01.022+0000][gc,phases     ] GC(121)   Pre Evacuate Collection Set: 0.0ms
[2025-11-07T21:30:01.022+0000][gc,phases     ] GC(121)   Evacuate Collection Set: 10.1ms
[2025-11-07T21:30:01.023+0000][gc,phases     ] GC(121)   Post Evacuate Collection Set: 0.8ms
[2025-11-07T21:30:01.023+0000][gc,phases     ] GC(121)   Other: 0.7ms
[2025-11-07T21:30:01.023+0000][gc,heap       ] GC(121) Eden regions: 28->0(32)
[2025-11-07T21:30:01.023+0000][gc,heap       ] GC(121) Survivor regions: 6->2(5)
[2025-11-07T21:30:01.023+0000][gc,heap       ] GC(121) Old regions: 72->75
[2025-11-07T21:30:01.023+0000][gc,heap       ] GC(121) Humongous regions: 147->147
[2025-11-07T21:30:01.024+0000][gc,metaspace  ] GC(121) Metaspace: 52532K(55836K)->52532K(55836K) NonClass: 46644K(48464K)->46644K(48464K) Class: 5887K(7372K)->5887K(7372K)
[2025-11-07T21:30:01.024+0000][gc            ] GC(121) Pause Young (Prepare Mixed) (G1 Evacuation Pause) 251M->223M(684M) 13.096ms
[2025-11-07T21:30:01.024+0000][gc,cpu        ] GC(121) User=0.03s Sys=0.00s Real=0.01s
[2025-11-07T21:31:43.293+0000][gc,start      ] GC(122) Pause Young (Mixed) (G1 Evacuation Pause)
[2025-11-07T21:31:43.294+0000][gc,task       ] GC(122) Using 2 workers of 2 for evacuation
[2025-11-07T21:31:43.303+0000][gc,phases     ] GC(122)   Pre Evacuate Collection Set: 0.0ms
[2025-11-07T21:31:43.303+0000][gc,phases     ] GC(122)   Evacuate Collection Set: 8.2ms
[2025-11-07T21:31:43.303+0000][gc,phases     ] GC(122)   Post Evacuate Collection Set: 0.6ms
[2025-11-07T21:31:43.303+0000][gc,phases     ] GC(122)   Other: 0.7ms
[2025-11-07T21:31:43.303+0000][gc,heap       ] GC(122) Eden regions: 32->0(40)
[2025-11-07T21:31:43.304+0000][gc,heap       ] GC(122) Survivor regions: 2->4(5)
[2025-11-07T21:31:43.304+0000][gc,heap       ] GC(122) Old regions: 75->56
[2025-11-07T21:31:43.304+0000][gc,heap       ] GC(122) Humongous regions: 147->147
[2025-11-07T21:31:43.305+0000][gc,metaspace  ] GC(122) Metaspace: 52554K(55836K)->52554K(55836K) NonClass: 46665K(48464K)->46665K(48464K) Class: 5889K(7372K)->5889K(7372K)
[2025-11-07T21:31:43.305+0000][gc            ] GC(122) Pause Young (Mixed) (G1 Evacuation Pause) 255M->206M(684M) 11.573ms
[2025-11-07T21:31:43.305+0000][gc,cpu        ] GC(122) User=0.01s Sys=0.00s Real=0.01s
[2025-11-07T21:33:49.869+0000][gc,start      ] GC(123) Pause Young (Concurrent Start) (G1 Evacuation Pause)
[2025-11-07T21:33:49.869+0000][gc,task       ] GC(123) Using 2 workers of 2 for evacuation
[2025-11-07T21:33:49.890+0000][gc,phases     ] GC(123)   Pre Evacuate Collection Set: 0.2ms
[2025-11-07T21:33:49.890+0000][gc,phases     ] GC(123)   Evacuate Collection Set: 17.8ms
[2025-11-07T21:33:49.891+0000][gc,phases     ] GC(123)   Post Evacuate Collection Set: 1.7ms
[2025-11-07T21:33:49.892+0000][gc,phases     ] GC(123)   Other: 1.1ms
[2025-11-07T21:33:49.892+0000][gc,heap       ] GC(123) Eden regions: 40->0(33)
[2025-11-07T21:33:49.892+0000][gc,heap       ] GC(123) Survivor regions: 4->6(6)
[2025-11-07T21:33:49.892+0000][gc,heap       ] GC(123) Old regions: 56->58
[2025-11-07T21:33:49.893+0000][gc,heap       ] GC(123) Humongous regions: 147->147
[2025-11-07T21:33:49.893+0000][gc,metaspace  ] GC(123) Metaspace: 52556K(55836K)->52556K(55836K) NonClass: 46666K(48464K)->46666K(48464K) Class: 5889K(7372K)->5889K(7372K)
[2025-11-07T21:33:49.894+0000][gc            ] GC(123) Pause Young (Concurrent Start) (G1 Evacuation Pause) 246M->210M(684M) 25.403ms
[2025-11-07T21:33:49.895+0000][gc,cpu        ] GC(123) User=0.04s Sys=0.00s Real=0.03s
[2025-11-07T21:33:49.895+0000][gc            ] GC(124) Concurrent Cycle
[2025-11-07T21:33:49.895+0000][gc,marking    ] GC(124) Concurrent Clear Claimed Marks
[2025-11-07T21:33:49.896+0000][gc,marking    ] GC(124) Concurrent Clear Claimed Marks 0.520ms
[2025-11-07T21:33:49.896+0000][gc,marking    ] GC(124) Concurrent Scan Root Regions
[2025-11-07T21:33:49.902+0000][gc,marking    ] GC(124) Concurrent Scan Root Regions 6.118ms
[2025-11-07T21:33:49.903+0000][gc,marking    ] GC(124) Concurrent Mark (7599.629s)
[2025-11-07T21:33:49.903+0000][gc,marking    ] GC(124) Concurrent Mark From Roots
[2025-11-07T21:33:49.903+0000][gc,task       ] GC(124) Using 1 workers of 1 for marking
[2025-11-07T21:33:49.954+0000][gc,marking    ] GC(124) Concurrent Mark From Roots 50.903ms
[2025-11-07T21:33:49.956+0000][gc,marking    ] GC(124) Concurrent Preclean
[2025-11-07T21:33:49.957+0000][gc,marking    ] GC(124) Concurrent Preclean 0.855ms
[2025-11-07T21:33:49.958+0000][gc,marking    ] GC(124) Concurrent Mark (7599.629s, 7599.685s) 55.014ms
[2025-11-07T21:33:49.960+0000][gc,start      ] GC(124) Pause Remark
[2025-11-07T21:33:49.975+0000][gc,stringtable] GC(124) Cleaned string and symbol table, strings: 16791 processed, 0 removed, symbols: 123766 processed, 0 removed
[2025-11-07T21:33:49.977+0000][gc            ] GC(124) Pause Remark 210M->198M(684M) 17.249ms
[2025-11-07T21:33:49.978+0000][gc,cpu        ] GC(124) User=0.04s Sys=0.00s Real=0.01s
[2025-11-07T21:33:49.978+0000][gc,marking    ] GC(124) Concurrent Rebuild Remembered Sets
[2025-11-07T21:33:50.015+0000][gc,marking    ] GC(124) Concurrent Rebuild Remembered Sets 36.756ms
[2025-11-07T21:33:50.016+0000][gc,start      ] GC(124) Pause Cleanup
[2025-11-07T21:33:50.018+0000][gc            ] GC(124) Pause Cleanup 198M->198M(684M) 1.653ms
[2025-11-07T21:33:50.019+0000][gc,cpu        ] GC(124) User=0.00s Sys=0.00s Real=0.00s
[2025-11-07T21:33:50.019+0000][gc,marking    ] GC(124) Concurrent Cleanup for Next Mark
[2025-11-07T21:33:50.021+0000][gc,marking    ] GC(124) Concurrent Cleanup for Next Mark 1.952ms
[2025-11-07T21:33:50.022+0000][gc            ] GC(124) Concurrent Cycle 126.588ms
[2025-11-07T21:35:17.343+0000][gc,start      ] GC(125) Pause Young (Normal) (G1 Evacuation Pause)
[2025-11-07T21:35:17.344+0000][gc,task       ] GC(125) Using 2 workers of 2 for evacuation
[2025-11-07T21:35:17.369+0000][gc,mmu        ] GC(125) MMU target violated: 21.0ms (20.0ms/21.0ms)
[2025-11-07T21:35:17.369+0000][gc,phases     ] GC(125)   Pre Evacuate Collection Set: 0.1ms
[2025-11-07T21:35:17.370+0000][gc,phases     ] GC(125)   Evacuate Collection Set: 23.1ms
[2025-11-07T21:35:17.370+0000][gc,phases     ] GC(125)   Post Evacuate Collection Set: 1.1ms
[2025-11-07T21:35:17.371+0000][gc,phases     ] GC(125)   Other: 1.9ms
[2025-11-07T21:35:17.371+0000][gc,heap       ] GC(125) Eden regions: 29->0(30)
[2025-11-07T21:35:17.372+0000][gc,heap       ] GC(125) Survivor regions: 6->4(5)
[2025-11-07T21:35:17.372+0000][gc,heap       ] GC(125) Old regions: 46->50
[2025-11-07T21:35:17.372+0000][gc,heap       ] GC(125) Humongous regions: 147->147
[2025-11-07T21:35:17.373+0000][gc,metaspace  ] GC(125) Metaspace: 52593K(55836K)->52593K(55836K) NonClass: 46704K(48464K)->46704K(48464K) Class: 5889K(7372K)->5889K(7372K)
[2025-11-07T21:35:17.373+0000][gc            ] GC(125) Pause Young (Normal) (G1 Evacuation Pause) 227M->200M(684M) 29.667ms
[2025-11-07T21:35:17.373+0000][gc,cpu        ] GC(125) User=0.05s Sys=0.00s Real=0.03s
[2025-11-07T21:36:31.258+0000][gc,start      ] GC(126) Pause Young (Concurrent Start) (G1 Evacuation Pause)
[2025-11-07T21:36:31.258+0000][gc,task       ] GC(126) Using 2 workers of 2 for evacuation
[2025-11-07T21:36:31.272+0000][gc,phases     ] GC(126)   Pre Evacuate Collection Set: 0.2ms
[2025-11-07T21:36:31.273+0000][gc,phases     ] GC(126)   Evacuate Collection Set: 12.5ms
[2025-11-07T21:36:31.273+0000][gc,phases     ] GC(126)   Post Evacuate Collection Set: 0.8ms
[2025-11-07T21:36:31.273+0000][gc,phases     ] GC(126)   Other: 1.1ms
[2025-11-07T21:36:31.274+0000][gc,heap       ] GC(126) Eden regions: 30->0(31)
[2025-11-07T21:36:31.274+0000][gc,heap       ] GC(126) Survivor regions: 4->4(5)
[2025-11-07T21:36:31.274+0000][gc,heap       ] GC(126) Old regions: 50->53
[2025-11-07T21:36:31.274+0000][gc,heap       ] GC(126) Humongous regions: 147->147
[2025-11-07T21:36:31.275+0000][gc,metaspace  ] GC(126) Metaspace: 52608K(55836K)->52608K(55836K) NonClass: 46718K(48464K)->46718K(48464K) Class: 5889K(7372K)->5889K(7372K)
[2025-11-07T21:36:31.275+0000][gc            ] GC(126) Pause Young (Concurrent Start) (G1 Evacuation Pause) 230M->203M(684M) 16.902ms
[2025-11-07T21:36:31.275+0000][gc,cpu        ] GC(126) User=0.03s Sys=0.00s Real=0.02s
[2025-11-07T21:36:31.276+0000][gc            ] GC(127) Concurrent Cycle
[2025-11-07T21:36:31.276+0000][gc,marking    ] GC(127) Concurrent Clear Claimed Marks
[2025-11-07T21:36:31.276+0000][gc,marking    ] GC(127) Concurrent Clear Claimed Marks 0.314ms
[2025-11-07T21:36:31.276+0000][gc,marking    ] GC(127) Concurrent Scan Root Regions
[2025-11-07T21:36:31.280+0000][gc,marking    ] GC(127) Concurrent Scan Root Regions 3.766ms
[2025-11-07T21:36:31.280+0000][gc,marking    ] GC(127) Concurrent Mark (7761.003s)
[2025-11-07T21:36:31.280+0000][gc,marking    ] GC(127) Concurrent Mark From Roots
[2025-11-07T21:36:31.280+0000][gc,task       ] GC(127) Using 1 workers of 1 for marking
[2025-11-07T21:36:31.319+0000][gc,marking    ] GC(127) Concurrent Mark From Roots 38.988ms
[2025-11-07T21:36:31.320+0000][gc,marking    ] GC(127) Concurrent Preclean
[2025-11-07T21:36:31.320+0000][gc,marking    ] GC(127) Concurrent Preclean 0.305ms
[2025-11-07T21:36:31.320+0000][gc,marking    ] GC(127) Concurrent Mark (7761.003s, 7761.043s) 39.834ms
[2025-11-07T21:36:31.320+0000][gc,start      ] GC(127) Pause Remark
[2025-11-07T21:36:31.331+0000][gc,stringtable] GC(127) Cleaned string and symbol table, strings: 16794 processed, 0 removed, symbols: 123766 processed, 0 removed
[2025-11-07T21:36:31.332+0000][gc            ] GC(127) Pause Remark 203M->202M(684M) 11.397ms
[2025-11-07T21:36:31.332+0000][gc,cpu        ] GC(127) User=0.02s Sys=0.00s Real=0.01s
[2025-11-07T21:36:31.333+0000][gc,marking    ] GC(127) Concurrent Rebuild Remembered Sets
[2025-11-07T21:36:31.353+0000][gc,marking    ] GC(127) Concurrent Rebuild Remembered Sets 20.794ms
[2025-11-07T21:36:31.354+0000][gc,start      ] GC(127) Pause Cleanup
[2025-11-07T21:36:31.354+0000][gc            ] GC(127) Pause Cleanup 202M->202M(684M) 0.602ms
[2025-11-07T21:36:31.355+0000][gc,cpu        ] GC(127) User=0.00s Sys=0.00s Real=0.00s
[2025-11-07T21:36:31.355+0000][gc,marking    ] GC(127) Concurrent Cleanup for Next Mark
[2025-11-07T21:36:31.356+0000][gc,marking    ] GC(127) Concurrent Cleanup for Next Mark 0.931ms
[2025-11-07T21:36:31.356+0000][gc            ] GC(127) Concurrent Cycle 80.429ms
[2025-11-07T21:36:43.950+0000][gc,start      ] GC(128) Pause Young (Normal) (G1 Evacuation Pause)
[2025-11-07T21:36:43.951+0000][gc,task       ] GC(128) Using 2 workers of 2 for evacuation
[2025-11-07T21:36:43.966+0000][gc,phases     ] GC(128)   Pre Evacuate Collection Set: 0.0ms
[2025-11-07T21:36:43.966+0000][gc,phases     ] GC(128)   Evacuate Collection Set: 13.2ms
[2025-11-07T21:36:43.966+0000][gc,phases     ] GC(128)   Post Evacuate Collection Set: 1.1ms
[2025-11-07T21:36:43.967+0000][gc,phases     ] GC(128)   Other: 1.0ms
[2025-11-07T21:36:43.967+0000][gc,heap       ] GC(128) Eden regions: 31->0(36)
[2025-11-07T21:36:43.967+0000][gc,heap       ] GC(128) Survivor regions: 4->2(5)
[2025-11-07T21:36:43.968+0000][gc,heap       ] GC(128) Old regions: 52->54
[2025-11-07T21:36:43.968+0000][gc,heap       ] GC(128) Humongous regions: 147->147
[2025-11-07T21:36:43.968+0000][gc,metaspace  ] GC(128) Metaspace: 53023K(56348K)->53023K(56348K) NonClass: 47134K(48976K)->47134K(48976K) Class: 5889K(7372K)->5889K(7372K)
[2025-11-07T21:36:43.969+0000][gc            ] GC(128) Pause Young (Normal) (G1 Evacuation Pause) 233M->201M(684M) 18.469ms
[2025-11-07T21:36:43.969+0000][gc,cpu        ] GC(128) User=0.03s Sys=0.00s Real=0.02s
[2025-11-07T21:36:53.366+0000][gc,start      ] GC(129) Pause Young (Concurrent Start) (G1 Evacuation Pause)
[2025-11-07T21:36:53.366+0000][gc,task       ] GC(129) Using 2 workers of 2 for evacuation
[2025-11-07T21:36:53.383+0000][gc,phases     ] GC(129)   Pre Evacuate Collection Set: 0.2ms
[2025-11-07T21:36:53.383+0000][gc,phases     ] GC(129)   Evacuate Collection Set: 13.6ms
[2025-11-07T21:36:53.383+0000][gc,phases     ] GC(129)   Post Evacuate Collection Set: 1.4ms
[2025-11-07T21:36:53.384+0000][gc,phases     ] GC(129)   Other: 1.5ms
[2025-11-07T21:36:53.384+0000][gc,heap       ] GC(129) Eden regions: 36->0(32)
[2025-11-07T21:36:53.384+0000][gc,heap       ] GC(129) Survivor regions: 2->3(5)
[2025-11-07T21:36:53.385+0000][gc,heap       ] GC(129) Old regions: 54->54
[2025-11-07T21:36:53.385+0000][gc,heap       ] GC(129) Humongous regions: 147->147
[2025-11-07T21:36:53.386+0000][gc,metaspace  ] GC(129) Metaspace: 53031K(56348K)->53031K(56348K) NonClass: 47141K(48976K)->47141K(48976K) Class: 5889K(7372K)->5889K(7372K)
[2025-11-07T21:36:53.386+0000][gc            ] GC(129) Pause Young (Concurrent Start) (G1 Evacuation Pause) 237M->203M(684M) 19.865ms
[2025-11-07T21:36:53.386+0000][gc,cpu        ] GC(129) User=0.03s Sys=0.00s Real=0.02s
[2025-11-07T21:36:53.387+0000][gc            ] GC(130) Concurrent Cycle
[2025-11-07T21:36:53.387+0000][gc,marking    ] GC(130) Concurrent Clear Claimed Marks
[2025-11-07T21:36:53.389+0000][gc,marking    ] GC(130) Concurrent Clear Claimed Marks 1.732ms
[2025-11-07T21:36:53.389+0000][gc,marking    ] GC(130) Concurrent Scan Root Regions
[2025-11-07T21:36:53.394+0000][gc,marking    ] GC(130) Concurrent Scan Root Regions 4.547ms
[2025-11-07T21:36:53.394+0000][gc,marking    ] GC(130) Concurrent Mark (7783.116s)
[2025-11-07T21:36:53.395+0000][gc,marking    ] GC(130) Concurrent Mark From Roots
[2025-11-07T21:36:53.395+0000][gc,task       ] GC(130) Using 1 workers of 1 for marking
[2025-11-07T21:36:53.464+0000][gc,marking    ] GC(130) Concurrent Mark From Roots 69.083ms
[2025-11-07T21:36:53.465+0000][gc,marking    ] GC(130) Concurrent Preclean
[2025-11-07T21:36:53.466+0000][gc,marking    ] GC(130) Concurrent Preclean 0.930ms
[2025-11-07T21:36:53.467+0000][gc,marking    ] GC(130) Concurrent Mark (7783.116s, 7783.189s) 72.920ms
[2025-11-07T21:36:53.469+0000][gc,start      ] GC(130) Pause Remark
[2025-11-07T21:36:53.489+0000][gc,stringtable] GC(130) Cleaned string and symbol table, strings: 16933 processed, 0 removed, symbols: 123766 processed, 0 removed
[2025-11-07T21:36:53.490+0000][gc,mmu        ] GC(130) MMU target violated: 20.8ms (20.0ms/21.0ms)
[2025-11-07T21:36:53.491+0000][gc            ] GC(130) Pause Remark 204M->204M(684M) 21.443ms
[2025-11-07T21:36:53.491+0000][gc,cpu        ] GC(130) User=0.04s Sys=0.00s Real=0.02s
[2025-11-07T21:36:53.492+0000][gc,marking    ] GC(130) Concurrent Rebuild Remembered Sets
[2025-11-07T21:36:53.529+0000][gc,marking    ] GC(130) Concurrent Rebuild Remembered Sets 36.880ms
[2025-11-07T21:36:53.530+0000][gc,start      ] GC(130) Pause Cleanup
[2025-11-07T21:36:53.531+0000][gc            ] GC(130) Pause Cleanup 205M->205M(684M) 1.671ms
[2025-11-07T21:36:53.532+0000][gc,cpu        ] GC(130) User=0.00s Sys=0.00s Real=0.00s
[2025-11-07T21:36:53.532+0000][gc,marking    ] GC(130) Concurrent Cleanup for Next Mark
[2025-11-07T21:36:53.535+0000][gc,marking    ] GC(130) Concurrent Cleanup for Next Mark 2.048ms
[2025-11-07T21:36:53.535+0000][gc            ] GC(130) Concurrent Cycle 148.700ms
[2025-11-07T21:36:55.836+0000][gc,start      ] GC(131) Pause Young (Normal) (G1 Evacuation Pause)
[2025-11-07T21:36:55.837+0000][gc,task       ] GC(131) Using 2 workers of 2 for evacuation
[2025-11-07T21:36:55.851+0000][gc,phases     ] GC(131)   Pre Evacuate Collection Set: 0.0ms
[2025-11-07T21:36:55.853+0000][gc,phases     ] GC(131)   Evacuate Collection Set: 11.5ms
[2025-11-07T21:36:55.853+0000][gc,phases     ] GC(131)   Post Evacuate Collection Set: 2.0ms
[2025-11-07T21:36:55.853+0000][gc,phases     ] GC(131)   Other: 1.4ms
[2025-11-07T21:36:55.854+0000][gc,heap       ] GC(131) Eden regions: 31->0(35)
[2025-11-07T21:36:55.855+0000][gc,heap       ] GC(131) Survivor regions: 3->4(5)
[2025-11-07T21:36:55.855+0000][gc,heap       ] GC(131) Old regions: 54->54
[2025-11-07T21:36:55.856+0000][gc,heap       ] GC(131) Humongous regions: 147->147
[2025-11-07T21:36:55.856+0000][gc,metaspace  ] GC(131) Metaspace: 53032K(56348K)->53032K(56348K) NonClass: 47142K(48976K)->47142K(48976K) Class: 5890K(7372K)->5890K(7372K)
[2025-11-07T21:36:55.858+0000][gc            ] GC(131) Pause Young (Normal) (G1 Evacuation Pause) 234M->203M(684M) 21.784ms
[2025-11-07T21:36:55.858+0000][gc,cpu        ] GC(131) User=0.03s Sys=0.00s Real=0.02s
[2025-11-07T21:37:15.102+0000][gc,start      ] GC(132) Pause Young (Concurrent Start) (G1 Evacuation Pause)
[2025-11-07T21:37:15.102+0000][gc,task       ] GC(132) Using 2 workers of 2 for evacuation
[2025-11-07T21:37:15.127+0000][gc,mmu        ] GC(132) MMU target violated: 21.0ms (20.0ms/21.0ms)
[2025-11-07T21:37:15.128+0000][gc,phases     ] GC(132)   Pre Evacuate Collection Set: 0.2ms
[2025-11-07T21:37:15.128+0000][gc,phases     ] GC(132)   Evacuate Collection Set: 22.1ms
[2025-11-07T21:37:15.128+0000][gc,phases     ] GC(132)   Post Evacuate Collection Set: 1.2ms
[2025-11-07T21:37:15.128+0000][gc,phases     ] GC(132)   Other: 2.2ms
[2025-11-07T21:37:15.129+0000][gc,heap       ] GC(132) Eden regions: 33->0(31)
[2025-11-07T21:37:15.129+0000][gc,heap       ] GC(132) Survivor regions: 4->4(5)
[2025-11-07T21:37:15.129+0000][gc,heap       ] GC(132) Old regions: 54->55
[2025-11-07T21:37:15.129+0000][gc,heap       ] GC(132) Humongous regions: 147->147
[2025-11-07T21:37:15.130+0000][gc,metaspace  ] GC(132) Metaspace: 53033K(56348K)->53033K(56348K) NonClass: 47143K(48976K)->47143K(48976K) Class: 5890K(7372K)->5890K(7372K)
[2025-11-07T21:37:15.130+0000][gc            ] GC(132) Pause Young (Concurrent Start) (G1 Evacuation Pause) 236M->205M(684M) 27.764ms
[2025-11-07T21:37:15.130+0000][gc,cpu        ] GC(132) User=0.03s Sys=0.02s Real=0.03s
[2025-11-07T21:37:15.130+0000][gc            ] GC(133) Concurrent Cycle
[2025-11-07T21:37:15.131+0000][gc,marking    ] GC(133) Concurrent Clear Claimed Marks
[2025-11-07T21:37:15.131+0000][gc,marking    ] GC(133) Concurrent Clear Claimed Marks 0.521ms
[2025-11-07T21:37:15.131+0000][gc,marking    ] GC(133) Concurrent Scan Root Regions
[2025-11-07T21:37:15.136+0000][gc,marking    ] GC(133) Concurrent Scan Root Regions 4.898ms
[2025-11-07T21:37:15.137+0000][gc,marking    ] GC(133) Concurrent Mark (7804.858s)
[2025-11-07T21:37:15.137+0000][gc,marking    ] GC(133) Concurrent Mark From Roots
[2025-11-07T21:37:15.137+0000][gc,task       ] GC(133) Using 1 workers of 1 for marking
[2025-11-07T21:37:15.186+0000][gc,marking    ] GC(133) Concurrent Mark From Roots 48.649ms
[2025-11-07T21:37:15.186+0000][gc,marking    ] GC(133) Concurrent Preclean
[2025-11-07T21:37:15.187+0000][gc,marking    ] GC(133) Concurrent Preclean 0.752ms
[2025-11-07T21:37:15.187+0000][gc,marking    ] GC(133) Concurrent Mark (7804.858s, 7804.908s) 50.685ms
[2025-11-07T21:37:15.188+0000][gc,start      ] GC(133) Pause Remark
[2025-11-07T21:37:15.205+0000][gc,stringtable] GC(133) Cleaned string and symbol table, strings: 16968 processed, 0 removed, symbols: 123766 processed, 0 removed
[2025-11-07T21:37:15.206+0000][gc            ] GC(133) Pause Remark 205M->205M(684M) 17.620ms
[2025-11-07T21:37:15.206+0000][gc,cpu        ] GC(133) User=0.03s Sys=0.00s Real=0.02s
[2025-11-07T21:37:15.207+0000][gc,marking    ] GC(133) Concurrent Rebuild Remembered Sets
[2025-11-07T21:37:15.235+0000][gc,marking    ] GC(133) Concurrent Rebuild Remembered Sets 28.072ms
[2025-11-07T21:37:15.236+0000][gc,start      ] GC(133) Pause Cleanup
[2025-11-07T21:37:15.237+0000][gc            ] GC(133) Pause Cleanup 205M->205M(684M) 1.038ms
[2025-11-07T21:37:15.237+0000][gc,cpu        ] GC(133) User=0.01s Sys=0.00s Real=0.00s
[2025-11-07T21:37:15.238+0000][gc,marking    ] GC(133) Concurrent Cleanup for Next Mark
[2025-11-07T21:37:15.240+0000][gc,marking    ] GC(133) Concurrent Cleanup for Next Mark 2.194ms
[2025-11-07T21:37:15.240+0000][gc            ] GC(133) Concurrent Cycle 110.043ms
[2025-11-07T21:37:37.725+0000][gc,start      ] GC(134) Pause Young (Prepare Mixed) (G1 Evacuation Pause)
[2025-11-07T21:37:37.725+0000][gc,task       ] GC(134) Using 2 workers of 2 for evacuation
[2025-11-07T21:37:37.742+0000][gc,phases     ] GC(134)   Pre Evacuate Collection Set: 0.0ms
[2025-11-07T21:37:37.743+0000][gc,phases     ] GC(134)   Evacuate Collection Set: 14.9ms
[2025-11-07T21:37:37.744+0000][gc,phases     ] GC(134)   Post Evacuate Collection Set: 1.9ms
[2025-11-07T21:37:37.744+0000][gc,phases     ] GC(134)   Other: 0.8ms
[2025-11-07T21:37:37.744+0000][gc,heap       ] GC(134) Eden regions: 30->0(30)
[2025-11-07T21:37:37.744+0000][gc,heap       ] GC(134) Survivor regions: 4->4(5)
[2025-11-07T21:37:37.745+0000][gc,heap       ] GC(134) Old regions: 55->56
[2025-11-07T21:37:37.745+0000][gc,heap       ] GC(134) Humongous regions: 147->147
[2025-11-07T21:37:37.745+0000][gc,metaspace  ] GC(134) Metaspace: 53035K(56348K)->53035K(56348K) NonClass: 47145K(48976K)->47145K(48976K) Class: 5890K(7372K)->5890K(7372K)
[2025-11-07T21:37:37.746+0000][gc            ] GC(134) Pause Young (Prepare Mixed) (G1 Evacuation Pause) 235M->206M(684M) 20.921ms
[2025-11-07T21:37:37.746+0000][gc,cpu        ] GC(134) User=0.04s Sys=0.00s Real=0.03s
[2025-11-07T21:38:55.542+0000][gc,start      ] GC(135) Pause Young (Mixed) (G1 Evacuation Pause)
[2025-11-07T21:38:55.542+0000][gc,task       ] GC(135) Using 2 workers of 2 for evacuation
[2025-11-07T21:38:55.562+0000][gc,phases     ] GC(135)   Pre Evacuate Collection Set: 0.0ms
[2025-11-07T21:38:55.564+0000][gc,phases     ] GC(135)   Evacuate Collection Set: 17.0ms
[2025-11-07T21:38:55.564+0000][gc,phases     ] GC(135)   Post Evacuate Collection Set: 1.4ms
[2025-11-07T21:38:55.564+0000][gc,phases     ] GC(135)   Other: 2.1ms
[2025-11-07T21:38:55.564+0000][gc,heap       ] GC(135) Eden regions: 30->0(31)
[2025-11-07T21:38:55.564+0000][gc,heap       ] GC(135) Survivor regions: 4->5(5)
[2025-11-07T21:38:55.565+0000][gc,heap       ] GC(135) Old regions: 56->57
[2025-11-07T21:38:55.565+0000][gc,heap       ] GC(135) Humongous regions: 147->147
[2025-11-07T21:38:55.565+0000][gc,metaspace  ] GC(135) Metaspace: 53044K(56348K)->53044K(56348K) NonClass: 47154K(48976K)->47154K(48976K) Class: 5890K(7372K)->5890K(7372K)
[2025-11-07T21:38:55.567+0000][gc            ] GC(135) Pause Young (Mixed) (G1 Evacuation Pause) 236M->207M(684M) 24.949ms
[2025-11-07T21:38:55.567+0000][gc,cpu        ] GC(135) User=0.03s Sys=0.00s Real=0.02s
[2025-11-07T21:40:31.900+0000][gc,start      ] GC(136) Pause Young (Concurrent Start) (G1 Evacuation Pause)
[2025-11-07T21:40:31.900+0000][gc,task       ] GC(136) Using 2 workers of 2 for evacuation
[2025-11-07T21:40:31.919+0000][gc,phases     ] GC(136)   Pre Evacuate Collection Set: 0.2ms
[2025-11-07T21:40:31.919+0000][gc,phases     ] GC(136)   Evacuate Collection Set: 17.1ms
[2025-11-07T21:40:31.920+0000][gc,phases     ] GC(136)   Post Evacuate Collection Set: 0.9ms
[2025-11-07T21:40:31.920+0000][gc,phases     ] GC(136)   Other: 0.8ms
[2025-11-07T21:40:31.920+0000][gc,heap       ] GC(136) Eden regions: 29->0(31)
[2025-11-07T21:40:31.920+0000][gc,heap       ] GC(136) Survivor regions: 5->3(5)
[2025-11-07T21:40:31.921+0000][gc,heap       ] GC(136) Old regions: 57->60
[2025-11-07T21:40:31.921+0000][gc,heap       ] GC(136) Humongous regions: 147->147
[2025-11-07T21:40:31.921+0000][gc,metaspace  ] GC(136) Metaspace: 53044K(56348K)->53044K(56348K) NonClass: 47154K(48976K)->47154K(48976K) Class: 5890K(7372K)->5890K(7372K)
[2025-11-07T21:40:31.921+0000][gc            ] GC(136) Pause Young (Concurrent Start) (G1 Evacuation Pause) 236M->209M(684M) 21.338ms
[2025-11-07T21:40:31.922+0000][gc,cpu        ] GC(136) User=0.03s Sys=0.00s Real=0.02s
[2025-11-07T21:40:31.923+0000][gc            ] GC(137) Concurrent Cycle
[2025-11-07T21:40:31.923+0000][gc,marking    ] GC(137) Concurrent Clear Claimed Marks
[2025-11-07T21:40:31.924+0000][gc,marking    ] GC(137) Concurrent Clear Claimed Marks 0.710ms
[2025-11-07T21:40:31.924+0000][gc,marking    ] GC(137) Concurrent Scan Root Regions
[2025-11-07T21:40:31.928+0000][gc,marking    ] GC(137) Concurrent Scan Root Regions 3.604ms
[2025-11-07T21:40:31.928+0000][gc,marking    ] GC(137) Concurrent Mark (8001.655s)
[2025-11-07T21:40:31.928+0000][gc,marking    ] GC(137) Concurrent Mark From Roots
[2025-11-07T21:40:31.929+0000][gc,task       ] GC(137) Using 1 workers of 1 for marking
[2025-11-07T21:40:31.990+0000][gc,marking    ] GC(137) Concurrent Mark From Roots 61.930ms
[2025-11-07T21:40:31.991+0000][gc,marking    ] GC(137) Concurrent Preclean
[2025-11-07T21:40:31.991+0000][gc,marking    ] GC(137) Concurrent Preclean 0.522ms
[2025-11-07T21:40:31.992+0000][gc,marking    ] GC(137) Concurrent Mark (8001.655s, 8001.718s) 63.829ms
[2025-11-07T21:40:31.992+0000][gc,start      ] GC(137) Pause Remark
[2025-11-07T21:40:32.007+0000][gc,stringtable] GC(137) Cleaned string and symbol table, strings: 16995 processed, 0 removed, symbols: 123766 processed, 0 removed
[2025-11-07T21:40:32.008+0000][gc            ] GC(137) Pause Remark 209M->208M(684M) 15.606ms
[2025-11-07T21:40:32.008+0000][gc,cpu        ] GC(137) User=0.03s Sys=0.00s Real=0.01s
[2025-11-07T21:40:32.009+0000][gc,marking    ] GC(137) Concurrent Rebuild Remembered Sets
[2025-11-07T21:40:32.040+0000][gc,marking    ] GC(137) Concurrent Rebuild Remembered Sets 31.165ms
[2025-11-07T21:40:32.041+0000][gc,start      ] GC(137) Pause Cleanup
[2025-11-07T21:40:32.042+0000][gc            ] GC(137) Pause Cleanup 209M->209M(684M) 0.717ms
[2025-11-07T21:40:32.042+0000][gc,cpu        ] GC(137) User=0.01s Sys=0.00s Real=0.00s
[2025-11-07T21:40:32.043+0000][gc,marking    ] GC(137) Concurrent Cleanup for Next Mark
[2025-11-07T21:40:32.044+0000][gc,marking    ] GC(137) Concurrent Cleanup for Next Mark 1.109ms
[2025-11-07T21:40:32.044+0000][gc            ] GC(137) Concurrent Cycle 121.268ms
[2025-11-07T21:42:16.656+0000][gc,start      ] GC(138) Pause Young (Prepare Mixed) (G1 Evacuation Pause)
[2025-11-07T21:42:16.656+0000][gc,task       ] GC(138) Using 2 workers of 2 for evacuation
[2025-11-07T21:42:16.671+0000][gc,phases     ] GC(138)   Pre Evacuate Collection Set: 0.0ms
[2025-11-07T21:42:16.671+0000][gc,phases     ] GC(138)   Evacuate Collection Set: 13.1ms
[2025-11-07T21:42:16.671+0000][gc,phases     ] GC(138)   Post Evacuate Collection Set: 1.0ms
[2025-11-07T21:42:16.671+0000][gc,phases     ] GC(138)   Other: 1.1ms
[2025-11-07T21:42:16.672+0000][gc,heap       ] GC(138) Eden regions: 31->0(30)
[2025-11-07T21:42:16.672+0000][gc,heap       ] GC(138) Survivor regions: 3->4(5)
[2025-11-07T21:42:16.672+0000][gc,heap       ] GC(138) Old regions: 59->61
[2025-11-07T21:42:16.673+0000][gc,heap       ] GC(138) Humongous regions: 147->147
[2025-11-07T21:42:16.673+0000][gc,metaspace  ] GC(138) Metaspace: 53048K(56348K)->53048K(56348K) NonClass: 47158K(48976K)->47158K(48976K) Class: 5890K(7372K)->5890K(7372K)
[2025-11-07T21:42:16.673+0000][gc            ] GC(138) Pause Young (Prepare Mixed) (G1 Evacuation Pause) 239M->210M(684M) 17.344ms
[2025-11-07T21:42:16.673+0000][gc,cpu        ] GC(138) User=0.03s Sys=0.00s Real=0.02s
[2025-11-07T21:43:53.193+0000][gc,start      ] GC(139) Pause Young (Mixed) (G1 Evacuation Pause)
[2025-11-07T21:43:53.194+0000][gc,task       ] GC(139) Using 2 workers of 2 for evacuation
[2025-11-07T21:43:53.206+0000][gc,phases     ] GC(139)   Pre Evacuate Collection Set: 0.0ms
[2025-11-07T21:43:53.206+0000][gc,phases     ] GC(139)   Evacuate Collection Set: 10.9ms
[2025-11-07T21:43:53.206+0000][gc,phases     ] GC(139)   Post Evacuate Collection Set: 0.7ms
[2025-11-07T21:43:53.206+0000][gc,phases     ] GC(139)   Other: 1.2ms
[2025-11-07T21:43:53.206+0000][gc,heap       ] GC(139) Eden regions: 30->0(36)
[2025-11-07T21:43:53.207+0000][gc,heap       ] GC(139) Survivor regions: 4->4(5)
[2025-11-07T21:43:53.207+0000][gc,heap       ] GC(139) Old regions: 61->59
[2025-11-07T21:43:53.207+0000][gc,heap       ] GC(139) Humongous regions: 147->147
[2025-11-07T21:43:53.207+0000][gc,metaspace  ] GC(139) Metaspace: 53052K(56348K)->53052K(56348K) NonClass: 47162K(48976K)->47162K(48976K) Class: 5890K(7372K)->5890K(7372K)
[2025-11-07T21:43:53.207+0000][gc            ] GC(139) Pause Young (Mixed) (G1 Evacuation Pause) 240M->209M(684M) 14.368ms
[2025-11-07T21:43:53.208+0000][gc,cpu        ] GC(139) User=0.03s Sys=0.00s Real=0.01s
[2025-11-07T21:45:48.481+0000][gc,start      ] GC(140) Pause Young (Normal) (G1 Evacuation Pause)
[2025-11-07T21:45:48.482+0000][gc,task       ] GC(140) Using 2 workers of 2 for evacuation
[2025-11-07T21:45:48.503+0000][gc,phases     ] GC(140)   Pre Evacuate Collection Set: 0.0ms
[2025-11-07T21:45:48.503+0000][gc,phases     ] GC(140)   Evacuate Collection Set: 17.0ms
[2025-11-07T21:45:48.503+0000][gc,phases     ] GC(140)   Post Evacuate Collection Set: 1.1ms
[2025-11-07T21:45:48.504+0000][gc,phases     ] GC(140)   Other: 3.7ms
[2025-11-07T21:45:48.504+0000][gc,heap       ] GC(140) Eden regions: 36->0(35)
[2025-11-07T21:45:48.504+0000][gc,heap       ] GC(140) Survivor regions: 4->5(5)
[2025-11-07T21:45:48.505+0000][gc,heap       ] GC(140) Old regions: 59->61
[2025-11-07T21:45:48.505+0000][gc,heap       ] GC(140) Humongous regions: 147->147
[2025-11-07T21:45:48.505+0000][gc,metaspace  ] GC(140) Metaspace: 53053K(56348K)->53053K(56348K) NonClass: 47163K(48976K)->47163K(48976K) Class: 5890K(7372K)->5890K(7372K)
[2025-11-07T21:45:48.505+0000][gc            ] GC(140) Pause Young (Normal) (G1 Evacuation Pause) 245M->212M(684M) 24.049ms
[2025-11-07T21:45:48.505+0000][gc,cpu        ] GC(140) User=0.04s Sys=0.00s Real=0.03s
[2025-11-07T21:47:40.200+0000][gc,start      ] GC(141) Pause Young (Normal) (G1 Evacuation Pause)
[2025-11-07T21:47:40.201+0000][gc,task       ] GC(141) Using 2 workers of 2 for evacuation
[2025-11-07T21:47:40.214+0000][gc,phases     ] GC(141)   Pre Evacuate Collection Set: 0.0ms
[2025-11-07T21:47:40.214+0000][gc,phases     ] GC(141)   Evacuate Collection Set: 11.1ms
[2025-11-07T21:47:40.214+0000][gc,phases     ] GC(141)   Post Evacuate Collection Set: 0.7ms
[2025-11-07T21:47:40.215+0000][gc,phases     ] GC(141)   Other: 1.9ms
[2025-11-07T21:47:40.215+0000][gc,heap       ] GC(141) Eden regions: 35->0(42)
[2025-11-07T21:47:40.215+0000][gc,heap       ] GC(141) Survivor regions: 5->3(5)
[2025-11-07T21:47:40.215+0000][gc,heap       ] GC(141) Old regions: 61->64
[2025-11-07T21:47:40.215+0000][gc,heap       ] GC(141) Humongous regions: 147->147
[2025-11-07T21:47:40.215+0000][gc,metaspace  ] GC(141) Metaspace: 53053K(56348K)->53053K(56348K) NonClass: 47163K(48976K)->47163K(48976K) Class: 5890K(7372K)->5890K(7372K)
[2025-11-07T21:47:40.216+0000][gc            ] GC(141) Pause Young (Normal) (G1 Evacuation Pause) 247M->213M(684M) 15.197ms
[2025-11-07T21:47:40.216+0000][gc,cpu        ] GC(141) User=0.02s Sys=0.00s Real=0.02s
[2025-11-07T21:49:56.799+0000][gc,start      ] GC(142) Pause Young (Normal) (G1 Evacuation Pause)
[2025-11-07T21:49:56.800+0000][gc,task       ] GC(142) Using 2 workers of 2 for evacuation
[2025-11-07T21:49:56.822+0000][gc,mmu        ] GC(142) MMU target violated: 20.6ms (20.0ms/21.0ms)
[2025-11-07T21:49:56.822+0000][gc,phases     ] GC(142)   Pre Evacuate Collection Set: 0.2ms
[2025-11-07T21:49:56.822+0000][gc,phases     ] GC(142)   Evacuate Collection Set: 19.2ms
[2025-11-07T21:49:56.822+0000][gc,phases     ] GC(142)   Post Evacuate Collection Set: 0.8ms
[2025-11-07T21:49:56.823+0000][gc,phases     ] GC(142)   Other: 2.7ms
[2025-11-07T21:49:56.823+0000][gc,heap       ] GC(142) Eden regions: 42->0(37)
[2025-11-07T21:49:56.823+0000][gc,heap       ] GC(142) Survivor regions: 3->6(6)
[2025-11-07T21:49:56.824+0000][gc,heap       ] GC(142) Old regions: 64->65
[2025-11-07T21:49:56.824+0000][gc,heap       ] GC(142) Humongous regions: 147->147
[2025-11-07T21:49:56.824+0000][gc,metaspace  ] GC(142) Metaspace: 53055K(56348K)->53055K(56348K) NonClass: 47165K(48976K)->47165K(48976K) Class: 5890K(7372K)->5890K(7372K)
[2025-11-07T21:49:56.825+0000][gc            ] GC(142) Pause Young (Normal) (G1 Evacuation Pause) 255M->217M(684M) 25.747ms
[2025-11-07T21:49:56.825+0000][gc,cpu        ] GC(142) User=0.04s Sys=0.00s Real=0.03s
[2025-11-07T21:51:56.346+0000][gc,start      ] GC(143) Pause Young (Normal) (G1 Evacuation Pause)
[2025-11-07T21:51:56.346+0000][gc,task       ] GC(143) Using 2 workers of 2 for evacuation
[2025-11-07T21:51:56.367+0000][gc,mmu        ] GC(143) MMU target violated: 20.3ms (20.0ms/21.0ms)
[2025-11-07T21:51:56.367+0000][gc,phases     ] GC(143)   Pre Evacuate Collection Set: 0.0ms
[2025-11-07T21:51:56.368+0000][gc,phases     ] GC(143)   Evacuate Collection Set: 19.1ms
[2025-11-07T21:51:56.368+0000][gc,phases     ] GC(143)   Post Evacuate Collection Set: 1.0ms
[2025-11-07T21:51:56.368+0000][gc,phases     ] GC(143)   Other: 1.4ms
[2025-11-07T21:51:56.369+0000][gc,heap       ] GC(143) Eden regions: 37->0(37)
[2025-11-07T21:51:56.369+0000][gc,heap       ] GC(143) Survivor regions: 6->4(6)
[2025-11-07T21:51:56.369+0000][gc,heap       ] GC(143) Old regions: 65->69
[2025-11-07T21:51:56.370+0000][gc,heap       ] GC(143) Humongous regions: 147->147
[2025-11-07T21:51:56.370+0000][gc,metaspace  ] GC(143) Metaspace: 53055K(56348K)->53055K(56348K) NonClass: 47165K(48976K)->47165K(48976K) Class: 5890K(7372K)->5890K(7372K)
[2025-11-07T21:51:56.370+0000][gc            ] GC(143) Pause Young (Normal) (G1 Evacuation Pause) 254M->219M(684M) 24.628ms
[2025-11-07T21:51:56.371+0000][gc,cpu        ] GC(143) User=0.04s Sys=0.00s Real=0.03s
[2025-11-07T21:53:56.314+0000][gc,start      ] GC(144) Pause Young (Normal) (G1 Evacuation Pause)
[2025-11-07T21:53:56.314+0000][gc,task       ] GC(144) Using 2 workers of 2 for evacuation
[2025-11-07T21:53:56.329+0000][gc,phases     ] GC(144)   Pre Evacuate Collection Set: 0.0ms
[2025-11-07T21:53:56.329+0000][gc,phases     ] GC(144)   Evacuate Collection Set: 13.7ms
[2025-11-07T21:53:56.330+0000][gc,phases     ] GC(144)   Post Evacuate Collection Set: 0.7ms
[2025-11-07T21:53:56.330+0000][gc,phases     ] GC(144)   Other: 0.9ms
[2025-11-07T21:53:56.330+0000][gc,heap       ] GC(144) Eden regions: 37->0(41)
[2025-11-07T21:53:56.330+0000][gc,heap       ] GC(144) Survivor regions: 4->5(6)
[2025-11-07T21:53:56.330+0000][gc,heap       ] GC(144) Old regions: 69->72
[2025-11-07T21:53:56.331+0000][gc,heap       ] GC(144) Humongous regions: 147->147
[2025-11-07T21:53:56.331+0000][gc,metaspace  ] GC(144) Metaspace: 53055K(56348K)->53055K(56348K) NonClass: 47165K(48976K)->47165K(48976K) Class: 5890K(7372K)->5890K(7372K)
[2025-11-07T21:53:56.331+0000][gc            ] GC(144) Pause Young (Normal) (G1 Evacuation Pause) 256M->222M(684M) 17.332ms
[2025-11-07T21:53:56.332+0000][gc,cpu        ] GC(144) User=0.03s Sys=0.00s Real=0.01s
[2025-11-07T21:56:08.819+0000][gc,start      ] GC(145) Pause Young (Normal) (G1 Evacuation Pause)
[2025-11-07T21:56:08.820+0000][gc,task       ] GC(145) Using 2 workers of 2 for evacuation
[2025-11-07T21:56:08.838+0000][gc,phases     ] GC(145)   Pre Evacuate Collection Set: 0.0ms
[2025-11-07T21:56:08.839+0000][gc,phases     ] GC(145)   Evacuate Collection Set: 16.6ms
[2025-11-07T21:56:08.839+0000][gc,phases     ] GC(145)   Post Evacuate Collection Set: 1.3ms
[2025-11-07T21:56:08.839+0000][gc,phases     ] GC(145)   Other: 1.2ms
[2025-11-07T21:56:08.839+0000][gc,heap       ] GC(145) Eden regions: 41->0(42)
[2025-11-07T21:56:08.840+0000][gc,heap       ] GC(145) Survivor regions: 5->4(6)
[2025-11-07T21:56:08.840+0000][gc,heap       ] GC(145) Old regions: 72->74
[2025-11-07T21:56:08.840+0000][gc,heap       ] GC(145) Humongous regions: 147->147
[2025-11-07T21:56:08.840+0000][gc,metaspace  ] GC(145) Metaspace: 53055K(56348K)->53055K(56348K) NonClass: 47165K(48976K)->47165K(48976K) Class: 5890K(7372K)->5890K(7372K)
[2025-11-07T21:56:08.841+0000][gc            ] GC(145) Pause Young (Normal) (G1 Evacuation Pause) 263M->224M(684M) 21.614ms
[2025-11-07T21:56:08.841+0000][gc,cpu        ] GC(145) User=0.03s Sys=0.00s Real=0.02s
[2025-11-07T21:58:23.862+0000][gc,start      ] GC(146) Pause Young (Normal) (G1 Evacuation Pause)
[2025-11-07T21:58:23.863+0000][gc,task       ] GC(146) Using 2 workers of 2 for evacuation
[2025-11-07T21:58:23.881+0000][gc,phases     ] GC(146)   Pre Evacuate Collection Set: 0.0ms
[2025-11-07T21:58:23.881+0000][gc,phases     ] GC(146)   Evacuate Collection Set: 16.8ms
[2025-11-07T21:58:23.881+0000][gc,phases     ] GC(146)   Post Evacuate Collection Set: 0.8ms
[2025-11-07T21:58:23.882+0000][gc,phases     ] GC(146)   Other: 1.5ms
[2025-11-07T21:58:23.882+0000][gc,heap       ] GC(146) Eden regions: 42->0(42)
[2025-11-07T21:58:23.883+0000][gc,heap       ] GC(146) Survivor regions: 4->5(6)
[2025-11-07T21:58:23.883+0000][gc,heap       ] GC(146) Old regions: 74->77
[2025-11-07T21:58:23.883+0000][gc,heap       ] GC(146) Humongous regions: 147->147
[2025-11-07T21:58:23.883+0000][gc,metaspace  ] GC(146) Metaspace: 53059K(56348K)->53059K(56348K) NonClass: 47168K(48976K)->47168K(48976K) Class: 5890K(7372K)->5890K(7372K)
[2025-11-07T21:58:23.884+0000][gc            ] GC(146) Pause Young (Normal) (G1 Evacuation Pause) 266M->228M(684M) 21.798ms
[2025-11-07T21:58:23.884+0000][gc,cpu        ] GC(146) User=0.04s Sys=0.00s Real=0.02s
[2025-11-07T22:00:40.242+0000][gc,start      ] GC(147) Pause Young (Normal) (G1 Evacuation Pause)
[2025-11-07T22:00:40.243+0000][gc,task       ] GC(147) Using 2 workers of 2 for evacuation
[2025-11-07T22:00:40.258+0000][gc,phases     ] GC(147)   Pre Evacuate Collection Set: 0.0ms
[2025-11-07T22:00:40.258+0000][gc,phases     ] GC(147)   Evacuate Collection Set: 13.8ms
[2025-11-07T22:00:40.258+0000][gc,phases     ] GC(147)   Post Evacuate Collection Set: 0.9ms
[2025-11-07T22:00:40.259+0000][gc,phases     ] GC(147)   Other: 1.0ms
[2025-11-07T22:00:40.259+0000][gc,heap       ] GC(147) Eden regions: 42->0(45)
[2025-11-07T22:00:40.259+0000][gc,heap       ] GC(147) Survivor regions: 5->4(6)
[2025-11-07T22:00:40.260+0000][gc,heap       ] GC(147) Old regions: 77->80
[2025-11-07T22:00:40.260+0000][gc,heap       ] GC(147) Humongous regions: 147->147
[2025-11-07T22:00:40.260+0000][gc,metaspace  ] GC(147) Metaspace: 53059K(56348K)->53059K(56348K) NonClass: 47168K(48976K)->47168K(48976K) Class: 5890K(7372K)->5890K(7372K)
[2025-11-07T22:00:40.260+0000][gc            ] GC(147) Pause Young (Normal) (G1 Evacuation Pause) 270M->230M(684M) 18.167ms
[2025-11-07T22:00:40.261+0000][gc,cpu        ] GC(147) User=0.03s Sys=0.00s Real=0.02s
[2025-11-07T22:02:49.874+0000][gc,start      ] GC(148) Pause Young (Normal) (G1 Evacuation Pause)
[2025-11-07T22:02:49.875+0000][gc,task       ] GC(148) Using 2 workers of 2 for evacuation
[2025-11-07T22:02:49.899+0000][gc,mmu        ] GC(148) MMU target violated: 21.0ms (20.0ms/21.0ms)
[2025-11-07T22:02:49.900+0000][gc,phases     ] GC(148)   Pre Evacuate Collection Set: 0.0ms
[2025-11-07T22:02:49.900+0000][gc,phases     ] GC(148)   Evacuate Collection Set: 22.0ms
[2025-11-07T22:02:49.901+0000][gc,phases     ] GC(148)   Post Evacuate Collection Set: 1.1ms
[2025-11-07T22:02:49.901+0000][gc,phases     ] GC(148)   Other: 3.3ms
[2025-11-07T22:02:49.901+0000][gc,heap       ] GC(148) Eden regions: 45->0(40)
[2025-11-07T22:02:49.901+0000][gc,heap       ] GC(148) Survivor regions: 4->3(7)
[2025-11-07T22:02:49.902+0000][gc,heap       ] GC(148) Old regions: 80->83
[2025-11-07T22:02:49.902+0000][gc,heap       ] GC(148) Humongous regions: 147->147
[2025-11-07T22:02:49.902+0000][gc,metaspace  ] GC(148) Metaspace: 53060K(56348K)->53060K(56348K) NonClass: 47170K(48976K)->47170K(48976K) Class: 5890K(7372K)->5890K(7372K)
[2025-11-07T22:02:49.903+0000][gc            ] GC(148) Pause Young (Normal) (G1 Evacuation Pause) 275M->232M(684M) 29.180ms
[2025-11-07T22:02:49.903+0000][gc,cpu        ] GC(148) User=0.05s Sys=0.00s Real=0.02s
[2025-11-07T22:03:16.368+0000][gc,start      ] GC(149) Pause Young (Normal) (G1 Evacuation Pause)
[2025-11-07T22:03:16.369+0000][gc,task       ] GC(149) Using 2 workers of 2 for evacuation
[2025-11-07T22:03:16.388+0000][gc,phases     ] GC(149)   Pre Evacuate Collection Set: 0.0ms
[2025-11-07T22:03:16.389+0000][gc,phases     ] GC(149)   Evacuate Collection Set: 17.4ms
[2025-11-07T22:03:16.389+0000][gc,phases     ] GC(149)   Post Evacuate Collection Set: 1.0ms
[2025-11-07T22:03:16.389+0000][gc,phases     ] GC(149)   Other: 1.6ms
[2025-11-07T22:03:16.390+0000][gc,heap       ] GC(149) Eden regions: 31->0(33)
[2025-11-07T22:03:16.390+0000][gc,heap       ] GC(149) Survivor regions: 3->3(5)
[2025-11-07T22:03:16.390+0000][gc,heap       ] GC(149) Old regions: 83->86
[2025-11-07T22:03:16.391+0000][gc,heap       ] GC(149) Humongous regions: 147->147
[2025-11-07T22:03:16.391+0000][gc,metaspace  ] GC(149) Metaspace: 53077K(56348K)->53077K(56348K) NonClass: 47187K(48976K)->47187K(48976K) Class: 5890K(7372K)->5890K(7372K)
[2025-11-07T22:03:16.392+0000][gc            ] GC(149) Pause Young (Normal) (G1 Evacuation Pause) 263M->235M(684M) 23.732ms
[2025-11-07T22:03:16.392+0000][gc,cpu        ] GC(149) User=0.05s Sys=0.00s Real=0.02s
[2025-11-07T22:03:48.515+0000][gc,start      ] GC(150) Pause Young (Normal) (G1 Evacuation Pause)
[2025-11-07T22:03:48.516+0000][gc,task       ] GC(150) Using 2 workers of 2 for evacuation
[2025-11-07T22:03:48.564+0000][gc,mmu        ] GC(150) MMU target violated: 21.0ms (20.0ms/21.0ms)
[2025-11-07T22:03:48.565+0000][gc,phases     ] GC(150)   Pre Evacuate Collection Set: 0.0ms
[2025-11-07T22:03:48.565+0000][gc,phases     ] GC(150)   Evacuate Collection Set: 44.8ms
[2025-11-07T22:03:48.567+0000][gc,phases     ] GC(150)   Post Evacuate Collection Set: 2.3ms
[2025-11-07T22:03:48.570+0000][gc,phases     ] GC(150)   Other: 2.8ms
[2025-11-07T22:03:48.573+0000][gc,heap       ] GC(150) Eden regions: 31->0(30)
[2025-11-07T22:03:48.574+0000][gc,heap       ] GC(150) Survivor regions: 3->4(5)
[2025-11-07T22:03:48.574+0000][gc,heap       ] GC(150) Old regions: 86->86
[2025-11-07T22:03:48.575+0000][gc,heap       ] GC(150) Humongous regions: 147->147
[2025-11-07T22:03:48.576+0000][gc,metaspace  ] GC(150) Metaspace: 53151K(56348K)->53151K(56348K) NonClass: 47248K(48976K)->47248K(48976K) Class: 5902K(7372K)->5902K(7372K)
[2025-11-07T22:03:48.576+0000][gc            ] GC(150) Pause Young (Normal) (G1 Evacuation Pause) 266M->236M(684M) 61.185ms
[2025-11-07T22:03:48.580+0000][gc,cpu        ] GC(150) User=0.10s Sys=0.00s Real=0.06s
[2025-11-07T22:04:33.152+0000][gc,start      ] GC(151) Pause Young (Normal) (G1 Evacuation Pause)
[2025-11-07T22:04:33.154+0000][gc,task       ] GC(151) Using 2 workers of 2 for evacuation
[2025-11-07T22:04:33.223+0000][gc,mmu        ] GC(151) MMU target violated: 21.0ms (20.0ms/21.0ms)
[2025-11-07T22:04:33.224+0000][gc,phases     ] GC(151)   Pre Evacuate Collection Set: 0.0ms
[2025-11-07T22:04:33.225+0000][gc,phases     ] GC(151)   Evacuate Collection Set: 56.7ms
[2025-11-07T22:04:33.225+0000][gc,phases     ] GC(151)   Post Evacuate Collection Set: 5.3ms
[2025-11-07T22:04:33.226+0000][gc,phases     ] GC(151)   Other: 9.9ms
[2025-11-07T22:04:33.227+0000][gc,heap       ] GC(151) Eden regions: 30->0(29)
[2025-11-07T22:04:33.227+0000][gc,heap       ] GC(151) Survivor regions: 4->5(5)
[2025-11-07T22:04:33.228+0000][gc,heap       ] GC(151) Old regions: 86->88
[2025-11-07T22:04:33.229+0000][gc,heap       ] GC(151) Humongous regions: 147->147
[2025-11-07T22:04:33.230+0000][gc,metaspace  ] GC(151) Metaspace: 53154K(56348K)->53154K(56348K) NonClass: 47251K(48976K)->47251K(48976K) Class: 5902K(7372K)->5902K(7372K)
[2025-11-07T22:04:33.231+0000][gc            ] GC(151) Pause Young (Normal) (G1 Evacuation Pause) 266M->238M(684M) 79.053ms
[2025-11-07T22:04:33.233+0000][gc,cpu        ] GC(151) User=0.12s Sys=0.00s Real=0.08s
[2025-11-07T22:05:19.519+0000][gc,start      ] GC(152) Pause Young (Normal) (G1 Evacuation Pause)
[2025-11-07T22:05:19.519+0000][gc,task       ] GC(152) Using 2 workers of 2 for evacuation
[2025-11-07T22:05:19.536+0000][gc,phases     ] GC(152)   Pre Evacuate Collection Set: 0.0ms
[2025-11-07T22:05:19.537+0000][gc,phases     ] GC(152)   Evacuate Collection Set: 15.2ms
[2025-11-07T22:05:19.537+0000][gc,phases     ] GC(152)   Post Evacuate Collection Set: 0.8ms
[2025-11-07T22:05:19.537+0000][gc,phases     ] GC(152)   Other: 1.3ms
[2025-11-07T22:05:19.538+0000][gc,heap       ] GC(152) Eden regions: 29->0(29)
[2025-11-07T22:05:19.538+0000][gc,heap       ] GC(152) Survivor regions: 5->5(5)
[2025-11-07T22:05:19.538+0000][gc,heap       ] GC(152) Old regions: 88->90
[2025-11-07T22:05:19.539+0000][gc,heap       ] GC(152) Humongous regions: 147->147
[2025-11-07T22:05:19.539+0000][gc,metaspace  ] GC(152) Metaspace: 53158K(56348K)->53158K(56348K) NonClass: 47255K(48976K)->47255K(48976K) Class: 5902K(7372K)->5902K(7372K)
[2025-11-07T22:05:19.539+0000][gc            ] GC(152) Pause Young (Normal) (G1 Evacuation Pause) 267M->240M(684M) 20.230ms
[2025-11-07T22:05:19.540+0000][gc,cpu        ] GC(152) User=0.03s Sys=0.00s Real=0.02s
[2025-11-07T22:05:49.013+0000][gc,start      ] GC(153) Pause Young (Normal) (G1 Evacuation Pause)
[2025-11-07T22:05:49.014+0000][gc,task       ] GC(153) Using 2 workers of 2 for evacuation
[2025-11-07T22:05:49.052+0000][gc,mmu        ] GC(153) MMU target violated: 21.0ms (20.0ms/21.0ms)
[2025-11-07T22:05:49.053+0000][gc,phases     ] GC(153)   Pre Evacuate Collection Set: 0.0ms
[2025-11-07T22:05:49.053+0000][gc,phases     ] GC(153)   Evacuate Collection Set: 33.3ms
[2025-11-07T22:05:49.053+0000][gc,phases     ] GC(153)   Post Evacuate Collection Set: 3.7ms
[2025-11-07T22:05:49.054+0000][gc,phases     ] GC(153)   Other: 2.7ms
[2025-11-07T22:05:49.054+0000][gc,heap       ] GC(153) Eden regions: 29->0(30)
[2025-11-07T22:05:49.055+0000][gc,heap       ] GC(153) Survivor regions: 5->4(5)
[2025-11-07T22:05:49.056+0000][gc,heap       ] GC(153) Old regions: 90->92
[2025-11-07T22:05:49.058+0000][gc,heap       ] GC(153) Humongous regions: 147->147
[2025-11-07T22:05:49.058+0000][gc,metaspace  ] GC(153) Metaspace: 53163K(56348K)->53163K(56348K) NonClass: 47260K(48976K)->47260K(48976K) Class: 5903K(7372K)->5903K(7372K)
[2025-11-07T22:05:49.058+0000][gc            ] GC(153) Pause Young (Normal) (G1 Evacuation Pause) 269M->242M(684M) 45.159ms
[2025-11-07T22:05:49.059+0000][gc,cpu        ] GC(153) User=0.08s Sys=0.00s Real=0.05s
[2025-11-07T22:05:55.583+0000][gc,start      ] GC(154) Pause Young (Normal) (G1 Evacuation Pause)
[2025-11-07T22:05:55.584+0000][gc,task       ] GC(154) Using 2 workers of 2 for evacuation
[2025-11-07T22:05:55.710+0000][gc,mmu        ] GC(154) MMU target violated: 21.0ms (20.0ms/21.0ms)
[2025-11-07T22:05:55.711+0000][gc,phases     ] GC(154)   Pre Evacuate Collection Set: 0.1ms
[2025-11-07T22:05:55.712+0000][gc,phases     ] GC(154)   Evacuate Collection Set: 92.0ms
[2025-11-07T22:05:55.712+0000][gc,phases     ] GC(154)   Post Evacuate Collection Set: 17.7ms
[2025-11-07T22:05:55.713+0000][gc,phases     ] GC(154)   Other: 18.5ms
[2025-11-07T22:05:55.713+0000][gc,heap       ] GC(154) Eden regions: 30->0(30)
[2025-11-07T22:05:55.714+0000][gc,heap       ] GC(154) Survivor regions: 4->4(5)
[2025-11-07T22:05:55.715+0000][gc,heap       ] GC(154) Old regions: 92->94
[2025-11-07T22:05:55.716+0000][gc,heap       ] GC(154) Humongous regions: 147->147
[2025-11-07T22:05:55.716+0000][gc,metaspace  ] GC(154) Metaspace: 53163K(56348K)->53163K(56348K) NonClass: 47260K(48976K)->47260K(48976K) Class: 5903K(7372K)->5903K(7372K)
[2025-11-07T22:05:55.717+0000][gc            ] GC(154) Pause Young (Normal) (G1 Evacuation Pause) 272M->243M(684M) 134.029ms
[2025-11-07T22:05:55.717+0000][gc,cpu        ] GC(154) User=0.18s Sys=0.01s Real=0.13s
[2025-11-07T22:06:11.013+0000][gc,start      ] GC(155) Pause Young (Normal) (G1 Evacuation Pause)
[2025-11-07T22:06:11.014+0000][gc,task       ] GC(155) Using 2 workers of 2 for evacuation
[2025-11-07T22:06:11.058+0000][gc,mmu        ] GC(155) MMU target violated: 21.0ms (20.0ms/21.0ms)
[2025-11-07T22:06:11.059+0000][gc,phases     ] GC(155)   Pre Evacuate Collection Set: 0.0ms
[2025-11-07T22:06:11.060+0000][gc,phases     ] GC(155)   Evacuate Collection Set: 40.3ms
[2025-11-07T22:06:11.061+0000][gc,phases     ] GC(155)   Post Evacuate Collection Set: 2.0ms
[2025-11-07T22:06:11.062+0000][gc,phases     ] GC(155)   Other: 3.9ms
[2025-11-07T22:06:11.063+0000][gc,heap       ] GC(155) Eden regions: 30->0(31)
[2025-11-07T22:06:11.064+0000][gc,heap       ] GC(155) Survivor regions: 4->3(5)
[2025-11-07T22:06:11.065+0000][gc,heap       ] GC(155) Old regions: 94->96
[2025-11-07T22:06:11.066+0000][gc,heap       ] GC(155) Humongous regions: 147->147
[2025-11-07T22:06:11.073+0000][gc,metaspace  ] GC(155) Metaspace: 53164K(56348K)->53164K(56348K) NonClass: 47261K(48976K)->47261K(48976K) Class: 5903K(7372K)->5903K(7372K)
[2025-11-07T22:06:11.074+0000][gc            ] GC(155) Pause Young (Normal) (G1 Evacuation Pause) 273M->245M(684M) 60.728ms
[2025-11-07T22:06:11.074+0000][gc,cpu        ] GC(155) User=0.08s Sys=0.00s Real=0.06s
[2025-11-07T22:06:27.270+0000][gc,start      ] GC(156) Pause Young (Normal) (G1 Evacuation Pause)
[2025-11-07T22:06:27.270+0000][gc,task       ] GC(156) Using 2 workers of 2 for evacuation
[2025-11-07T22:06:27.311+0000][gc,mmu        ] GC(156) MMU target violated: 21.0ms (20.0ms/21.0ms)
[2025-11-07T22:06:27.311+0000][gc,phases     ] GC(156)   Pre Evacuate Collection Set: 0.0ms
[2025-11-07T22:06:27.312+0000][gc,phases     ] GC(156)   Evacuate Collection Set: 36.9ms
[2025-11-07T22:06:27.312+0000][gc,phases     ] GC(156)   Post Evacuate Collection Set: 2.1ms
[2025-11-07T22:06:27.313+0000][gc,phases     ] GC(156)   Other: 2.7ms
[2025-11-07T22:06:27.313+0000][gc,heap       ] GC(156) Eden regions: 31->0(30)
[2025-11-07T22:06:27.314+0000][gc,heap       ] GC(156) Survivor regions: 3->4(5)
[2025-11-07T22:06:27.314+0000][gc,heap       ] GC(156) Old regions: 96->96
[2025-11-07T22:06:27.315+0000][gc,heap       ] GC(156) Humongous regions: 147->147
[2025-11-07T22:06:27.315+0000][gc,metaspace  ] GC(156) Metaspace: 53179K(56348K)->53179K(56348K) NonClass: 47276K(48976K)->47276K(48976K) Class: 5903K(7372K)->5903K(7372K)
[2025-11-07T22:06:27.316+0000][gc            ] GC(156) Pause Young (Normal) (G1 Evacuation Pause) 276M->245M(684M) 46.441ms
[2025-11-07T22:06:27.317+0000][gc,cpu        ] GC(156) User=0.08s Sys=0.00s Real=0.04s
[2025-11-07T22:06:38.653+0000][gc,start      ] GC(157) Pause Young (Normal) (G1 Evacuation Pause)
[2025-11-07T22:06:38.654+0000][gc,task       ] GC(157) Using 2 workers of 2 for evacuation
[2025-11-07T22:06:38.762+0000][gc,mmu        ] GC(157) MMU target violated: 21.0ms (20.0ms/21.0ms)
[2025-11-07T22:06:38.763+0000][gc,phases     ] GC(157)   Pre Evacuate Collection Set: 0.0ms
[2025-11-07T22:06:38.763+0000][gc,phases     ] GC(157)   Evacuate Collection Set: 101.8ms
[2025-11-07T22:06:38.764+0000][gc,phases     ] GC(157)   Post Evacuate Collection Set: 5.1ms
[2025-11-07T22:06:38.765+0000][gc,phases     ] GC(157)   Other: 3.1ms
[2025-11-07T22:06:38.765+0000][gc,heap       ] GC(157) Eden regions: 30->0(30)
[2025-11-07T22:06:38.765+0000][gc,heap       ] GC(157) Survivor regions: 4->4(5)
[2025-11-07T22:06:38.766+0000][gc,heap       ] GC(157) Old regions: 96->97
[2025-11-07T22:06:38.766+0000][gc,heap       ] GC(157) Humongous regions: 147->147
[2025-11-07T22:06:38.766+0000][gc,metaspace  ] GC(157) Metaspace: 53179K(56348K)->53179K(56348K) NonClass: 47276K(48976K)->47276K(48976K) Class: 5903K(7372K)->5903K(7372K)
[2025-11-07T22:06:38.767+0000][gc            ] GC(157) Pause Young (Normal) (G1 Evacuation Pause) 275M->246M(684M) 114.061ms
[2025-11-07T22:06:38.768+0000][gc,cpu        ] GC(157) User=0.17s Sys=0.01s Real=0.12s
[2025-11-07T22:07:00.946+0000][gc,start      ] GC(158) Pause Young (Normal) (G1 Evacuation Pause)
[2025-11-07T22:07:00.950+0000][gc,task       ] GC(158) Using 2 workers of 2 for evacuation
[2025-11-07T22:07:01.065+0000][gc,mmu        ] GC(158) MMU target violated: 21.0ms (20.0ms/21.0ms)
[2025-11-07T22:07:01.070+0000][gc,phases     ] GC(158)   Pre Evacuate Collection Set: 0.1ms
[2025-11-07T22:07:01.070+0000][gc,phases     ] GC(158)   Evacuate Collection Set: 99.7ms
[2025-11-07T22:07:01.071+0000][gc,phases     ] GC(158)   Post Evacuate Collection Set: 13.8ms
[2025-11-07T22:07:01.077+0000][gc,phases     ] GC(158)   Other: 10.4ms
[2025-11-07T22:07:01.079+0000][gc,heap       ] GC(158) Eden regions: 30->0(30)
[2025-11-07T22:07:01.080+0000][gc,heap       ] GC(158) Survivor regions: 4->4(5)
[2025-11-07T22:07:01.080+0000][gc,heap       ] GC(158) Old regions: 97->98
[2025-11-07T22:07:01.084+0000][gc,heap       ] GC(158) Humongous regions: 147->147
[2025-11-07T22:07:01.085+0000][gc,metaspace  ] GC(158) Metaspace: 53179K(56348K)->53179K(56348K) NonClass: 47276K(48976K)->47276K(48976K) Class: 5903K(7372K)->5903K(7372K)
[2025-11-07T22:07:01.086+0000][gc            ] GC(158) Pause Young (Normal) (G1 Evacuation Pause) 276M->247M(684M) 139.887ms
[2025-11-07T22:07:01.087+0000][gc,cpu        ] GC(158) User=0.18s Sys=0.01s Real=0.14s
[2025-11-07T22:07:24.574+0000][gc,start      ] GC(159) Pause Young (Normal) (G1 Evacuation Pause)
[2025-11-07T22:07:24.574+0000][gc,task       ] GC(159) Using 2 workers of 2 for evacuation
[2025-11-07T22:07:24.805+0000][gc,mmu        ] GC(159) MMU target violated: 21.0ms (20.0ms/21.0ms)
[2025-11-07T22:07:24.816+0000][gc,phases     ] GC(159)   Pre Evacuate Collection Set: 0.0ms
[2025-11-07T22:07:24.818+0000][gc,phases     ] GC(159)   Evacuate Collection Set: 155.0ms
[2025-11-07T22:07:24.822+0000][gc,phases     ] GC(159)   Post Evacuate Collection Set: 30.3ms
[2025-11-07T22:07:24.823+0000][gc,phases     ] GC(159)   Other: 56.5ms
[2025-11-07T22:07:24.825+0000][gc,heap       ] GC(159) Eden regions: 30->0(30)
[2025-11-07T22:07:24.856+0000][gc,heap       ] GC(159) Survivor regions: 4->4(5)
[2025-11-07T22:07:24.877+0000][gc,heap       ] GC(159) Old regions: 98->99
[2025-11-07T22:07:24.888+0000][gc,heap       ] GC(159) Humongous regions: 147->147
[2025-11-07T22:07:24.896+0000][gc,metaspace  ] GC(159) Metaspace: 53180K(56348K)->53180K(56348K) NonClass: 47277K(48976K)->47277K(48976K) Class: 5903K(7372K)->5903K(7372K)
[2025-11-07T22:07:24.902+0000][gc            ] GC(159) Pause Young (Normal) (G1 Evacuation Pause) 277M->249M(684M) 328.388ms
[2025-11-07T22:07:24.903+0000][gc,cpu        ] GC(159) User=0.29s Sys=0.01s Real=0.33s
[2025-11-07T22:07:47.583+0000][gc,start      ] GC(160) Pause Young (Normal) (G1 Evacuation Pause)
[2025-11-07T22:07:47.585+0000][gc,task       ] GC(160) Using 2 workers of 2 for evacuation
[2025-11-07T22:07:47.833+0000][gc,mmu        ] GC(160) MMU target violated: 21.0ms (20.0ms/21.0ms)
[2025-11-07T22:07:47.837+0000][gc,phases     ] GC(160)   Pre Evacuate Collection Set: 0.1ms
[2025-11-07T22:07:47.844+0000][gc,phases     ] GC(160)   Evacuate Collection Set: 245.3ms
[2025-11-07T22:07:47.866+0000][gc,phases     ] GC(160)   Post Evacuate Collection Set: 1.0ms
[2025-11-07T22:07:47.869+0000][gc,phases     ] GC(160)   Other: 8.1ms
[2025-11-07T22:07:47.870+0000][gc,heap       ] GC(160) Eden regions: 30->0(29)
[2025-11-07T22:07:47.882+0000][gc,heap       ] GC(160) Survivor regions: 4->5(5)
[2025-11-07T22:07:47.925+0000][gc,heap       ] GC(160) Old regions: 99->100
[2025-11-07T22:07:47.926+0000][gc,heap       ] GC(160) Humongous regions: 147->147
[2025-11-07T22:07:47.928+0000][gc,metaspace  ] GC(160) Metaspace: 53197K(56348K)->53197K(56348K) NonClass: 47294K(48976K)->47294K(48976K) Class: 5903K(7372K)->5903K(7372K)
[2025-11-07T22:07:47.928+0000][gc            ] GC(160) Pause Young (Normal) (G1 Evacuation Pause) 279M->251M(684M) 345.616ms
[2025-11-07T22:07:47.929+0000][gc,cpu        ] GC(160) User=0.30s Sys=0.00s Real=0.34s
[2025-11-07T22:08:36.828+0000][gc,start      ] GC(161) Pause Young (Normal) (G1 Evacuation Pause)
[2025-11-07T22:08:36.829+0000][gc,task       ] GC(161) Using 2 workers of 2 for evacuation
[2025-11-07T22:08:36.872+0000][gc,mmu        ] GC(161) MMU target violated: 21.0ms (20.0ms/21.0ms)
[2025-11-07T22:08:36.872+0000][gc,phases     ] GC(161)   Pre Evacuate Collection Set: 0.0ms
[2025-11-07T22:08:36.873+0000][gc,phases     ] GC(161)   Evacuate Collection Set: 39.6ms
[2025-11-07T22:08:36.874+0000][gc,phases     ] GC(161)   Post Evacuate Collection Set: 1.9ms
[2025-11-07T22:08:36.877+0000][gc,phases     ] GC(161)   Other: 2.7ms
[2025-11-07T22:08:36.879+0000][gc,heap       ] GC(161) Eden regions: 29->0(29)
[2025-11-07T22:08:36.880+0000][gc,heap       ] GC(161) Survivor regions: 5->5(5)
[2025-11-07T22:08:36.880+0000][gc,heap       ] GC(161) Old regions: 100->102
[2025-11-07T22:08:36.880+0000][gc,heap       ] GC(161) Humongous regions: 147->147
[2025-11-07T22:08:36.881+0000][gc,metaspace  ] GC(161) Metaspace: 53197K(56348K)->53197K(56348K) NonClass: 47294K(48976K)->47294K(48976K) Class: 5903K(7372K)->5903K(7372K)
[2025-11-07T22:08:36.882+0000][gc            ] GC(161) Pause Young (Normal) (G1 Evacuation Pause) 280M->253M(684M) 53.538ms
[2025-11-07T22:08:36.882+0000][gc,cpu        ] GC(161) User=0.08s Sys=0.00s Real=0.05s
[2025-11-07T22:09:43.388+0000][gc,start      ] GC(162) Pause Young (Normal) (G1 Evacuation Pause)
[2025-11-07T22:09:43.388+0000][gc,task       ] GC(162) Using 2 workers of 2 for evacuation
[2025-11-07T22:09:43.414+0000][gc,mmu        ] GC(162) MMU target violated: 21.0ms (20.0ms/21.0ms)
[2025-11-07T22:09:43.414+0000][gc,phases     ] GC(162)   Pre Evacuate Collection Set: 0.0ms
[2025-11-07T22:09:43.415+0000][gc,phases     ] GC(162)   Evacuate Collection Set: 22.0ms
[2025-11-07T22:09:43.415+0000][gc,phases     ] GC(162)   Post Evacuate Collection Set: 2.9ms
[2025-11-07T22:09:43.418+0000][gc,phases     ] GC(162)   Other: 1.6ms
[2025-11-07T22:09:43.418+0000][gc,heap       ] GC(162) Eden regions: 29->0(30)
[2025-11-07T22:09:43.418+0000][gc,heap       ] GC(162) Survivor regions: 5->4(5)
[2025-11-07T22:09:43.419+0000][gc,heap       ] GC(162) Old regions: 102->105
[2025-11-07T22:09:43.419+0000][gc,heap       ] GC(162) Humongous regions: 147->147
[2025-11-07T22:09:43.419+0000][gc,metaspace  ] GC(162) Metaspace: 53197K(56348K)->53197K(56348K) NonClass: 47294K(48976K)->47294K(48976K) Class: 5903K(7372K)->5903K(7372K)
[2025-11-07T22:09:43.419+0000][gc            ] GC(162) Pause Young (Normal) (G1 Evacuation Pause) 282M->255M(684M) 31.673ms
[2025-11-07T22:09:43.420+0000][gc,cpu        ] GC(162) User=0.05s Sys=0.00s Real=0.03s
[2025-11-07T22:10:55.799+0000][gc,start      ] GC(163) Pause Young (Normal) (G1 Evacuation Pause)
[2025-11-07T22:10:55.800+0000][gc,task       ] GC(163) Using 2 workers of 2 for evacuation
[2025-11-07T22:10:55.830+0000][gc,mmu        ] GC(163) MMU target violated: 21.0ms (20.0ms/21.0ms)
[2025-11-07T22:10:55.830+0000][gc,phases     ] GC(163)   Pre Evacuate Collection Set: 0.0ms
[2025-11-07T22:10:55.830+0000][gc,phases     ] GC(163)   Evacuate Collection Set: 27.0ms
[2025-11-07T22:10:55.830+0000][gc,phases     ] GC(163)   Post Evacuate Collection Set: 1.5ms
[2025-11-07T22:10:55.831+0000][gc,phases     ] GC(163)   Other: 2.3ms
[2025-11-07T22:10:55.832+0000][gc,heap       ] GC(163) Eden regions: 30->0(30)
[2025-11-07T22:10:55.833+0000][gc,heap       ] GC(163) Survivor regions: 4->4(5)
[2025-11-07T22:10:55.833+0000][gc,heap       ] GC(163) Old regions: 105->108
[2025-11-07T22:10:55.834+0000][gc,heap       ] GC(163) Humongous regions: 147->147
[2025-11-07T22:10:55.834+0000][gc,metaspace  ] GC(163) Metaspace: 53197K(56348K)->53197K(56348K) NonClass: 47294K(48976K)->47294K(48976K) Class: 5903K(7372K)->5903K(7372K)
[2025-11-07T22:10:55.834+0000][gc            ] GC(163) Pause Young (Normal) (G1 Evacuation Pause) 285M->257M(684M) 35.188ms
[2025-11-07T22:10:55.835+0000][gc,cpu        ] GC(163) User=0.05s Sys=0.00s Real=0.03s
[2025-11-07T22:12:10.786+0000][gc,start      ] GC(164) Pause Young (Normal) (G1 Evacuation Pause)
[2025-11-07T22:12:10.787+0000][gc,task       ] GC(164) Using 2 workers of 2 for evacuation
[2025-11-07T22:12:10.813+0000][gc,mmu        ] GC(164) MMU target violated: 21.0ms (20.0ms/21.0ms)
[2025-11-07T22:12:10.813+0000][gc,phases     ] GC(164)   Pre Evacuate Collection Set: 0.0ms
[2025-11-07T22:12:10.814+0000][gc,phases     ] GC(164)   Evacuate Collection Set: 23.6ms
[2025-11-07T22:12:10.814+0000][gc,phases     ] GC(164)   Post Evacuate Collection Set: 1.2ms
[2025-11-07T22:12:10.814+0000][gc,phases     ] GC(164)   Other: 2.2ms
[2025-11-07T22:12:10.815+0000][gc,heap       ] GC(164) Eden regions: 30->0(30)
[2025-11-07T22:12:10.815+0000][gc,heap       ] GC(164) Survivor regions: 4->4(5)
[2025-11-07T22:12:10.815+0000][gc,heap       ] GC(164) Old regions: 108->110
[2025-11-07T22:12:10.816+0000][gc,heap       ] GC(164) Humongous regions: 147->147
[2025-11-07T22:12:10.816+0000][gc,metaspace  ] GC(164) Metaspace: 53197K(56348K)->53197K(56348K) NonClass: 47294K(48976K)->47294K(48976K) Class: 5903K(7372K)->5903K(7372K)
[2025-11-07T22:12:10.817+0000][gc            ] GC(164) Pause Young (Normal) (G1 Evacuation Pause) 287M->260M(684M) 30.188ms
[2025-11-07T22:12:10.817+0000][gc,cpu        ] GC(164) User=0.05s Sys=0.00s Real=0.03s
[2025-11-07T22:13:25.821+0000][gc,start      ] GC(165) Pause Young (Normal) (G1 Evacuation Pause)
[2025-11-07T22:13:25.821+0000][gc,task       ] GC(165) Using 2 workers of 2 for evacuation
[2025-11-07T22:13:25.838+0000][gc,phases     ] GC(165)   Pre Evacuate Collection Set: 0.0ms
[2025-11-07T22:13:25.838+0000][gc,phases     ] GC(165)   Evacuate Collection Set: 15.4ms
[2025-11-07T22:13:25.838+0000][gc,phases     ] GC(165)   Post Evacuate Collection Set: 0.8ms
[2025-11-07T22:13:25.838+0000][gc,phases     ] GC(165)   Other: 0.7ms
[2025-11-07T22:13:25.839+0000][gc,heap       ] GC(165) Eden regions: 30->0(31)
[2025-11-07T22:13:25.839+0000][gc,heap       ] GC(165) Survivor regions: 4->3(5)
[2025-11-07T22:13:25.839+0000][gc,heap       ] GC(165) Old regions: 110->112
[2025-11-07T22:13:25.839+0000][gc,heap       ] GC(165) Humongous regions: 147->147
[2025-11-07T22:13:25.839+0000][gc,metaspace  ] GC(165) Metaspace: 53202K(56348K)->53202K(56348K) NonClass: 47299K(48976K)->47299K(48976K) Class: 5903K(7372K)->5903K(7372K)
[2025-11-07T22:13:25.840+0000][gc            ] GC(165) Pause Young (Normal) (G1 Evacuation Pause) 290M->261M(684M) 18.693ms
[2025-11-07T22:13:25.840+0000][gc,cpu        ] GC(165) User=0.03s Sys=0.00s Real=0.02s
[2025-11-07T22:14:43.436+0000][gc,start      ] GC(166) Pause Young (Normal) (G1 Evacuation Pause)
[2025-11-07T22:14:43.437+0000][gc,task       ] GC(166) Using 2 workers of 2 for evacuation
[2025-11-07T22:14:43.454+0000][gc,phases     ] GC(166)   Pre Evacuate Collection Set: 0.0ms
[2025-11-07T22:14:43.454+0000][gc,phases     ] GC(166)   Evacuate Collection Set: 15.4ms
[2025-11-07T22:14:43.454+0000][gc,phases     ] GC(166)   Post Evacuate Collection Set: 0.9ms
[2025-11-07T22:14:43.454+0000][gc,phases     ] GC(166)   Other: 0.8ms
[2025-11-07T22:14:43.455+0000][gc,heap       ] GC(166) Eden regions: 31->0(30)
[2025-11-07T22:14:43.455+0000][gc,heap       ] GC(166) Survivor regions: 3->4(5)
[2025-11-07T22:14:43.455+0000][gc,heap       ] GC(166) Old regions: 112->115
[2025-11-07T22:14:43.456+0000][gc,heap       ] GC(166) Humongous regions: 147->147
[2025-11-07T22:14:43.456+0000][gc,metaspace  ] GC(166) Metaspace: 53202K(56348K)->53202K(56348K) NonClass: 47299K(48976K)->47299K(48976K) Class: 5903K(7372K)->5903K(7372K)
[2025-11-07T22:14:43.456+0000][gc            ] GC(166) Pause Young (Normal) (G1 Evacuation Pause) 292M->264M(684M) 19.834ms
[2025-11-07T22:14:43.457+0000][gc,cpu        ] GC(166) User=0.03s Sys=0.00s Real=0.02s
[2025-11-07T22:15:58.958+0000][gc,start      ] GC(167) Pause Young (Normal) (G1 Evacuation Pause)
[2025-11-07T22:15:58.960+0000][gc,task       ] GC(167) Using 2 workers of 2 for evacuation
[2025-11-07T22:15:58.983+0000][gc,mmu        ] GC(167) MMU target violated: 21.0ms (20.0ms/21.0ms)
[2025-11-07T22:15:58.984+0000][gc,phases     ] GC(167)   Pre Evacuate Collection Set: 0.0ms
[2025-11-07T22:15:58.984+0000][gc,phases     ] GC(167)   Evacuate Collection Set: 20.7ms
[2025-11-07T22:15:58.985+0000][gc,phases     ] GC(167)   Post Evacuate Collection Set: 1.7ms
[2025-11-07T22:15:58.985+0000][gc,phases     ] GC(167)   Other: 3.1ms
[2025-11-07T22:15:58.985+0000][gc,heap       ] GC(167) Eden regions: 30->0(31)
[2025-11-07T22:15:58.986+0000][gc,heap       ] GC(167) Survivor regions: 4->3(5)
[2025-11-07T22:15:58.986+0000][gc,heap       ] GC(167) Old regions: 115->117
[2025-11-07T22:15:58.986+0000][gc,heap       ] GC(167) Humongous regions: 147->147
[2025-11-07T22:15:58.987+0000][gc,metaspace  ] GC(167) Metaspace: 53202K(56348K)->53202K(56348K) NonClass: 47299K(48976K)->47299K(48976K) Class: 5903K(7372K)->5903K(7372K)
[2025-11-07T22:15:58.987+0000][gc            ] GC(167) Pause Young (Normal) (G1 Evacuation Pause) 294M->266M(684M) 28.640ms
[2025-11-07T22:15:58.987+0000][gc,cpu        ] GC(167) User=0.04s Sys=0.00s Real=0.03s
[2025-11-07T22:17:17.039+0000][gc,start      ] GC(168) Pause Young (Normal) (G1 Evacuation Pause)
[2025-11-07T22:17:17.039+0000][gc,task       ] GC(168) Using 2 workers of 2 for evacuation
[2025-11-07T22:17:17.055+0000][gc,phases     ] GC(168)   Pre Evacuate Collection Set: 0.0ms
[2025-11-07T22:17:17.055+0000][gc,phases     ] GC(168)   Evacuate Collection Set: 14.0ms
[2025-11-07T22:17:17.055+0000][gc,phases     ] GC(168)   Post Evacuate Collection Set: 1.0ms
[2025-11-07T22:17:17.056+0000][gc,phases     ] GC(168)   Other: 0.8ms
[2025-11-07T22:17:17.056+0000][gc,heap       ] GC(168) Eden regions: 31->0(31)
[2025-11-07T22:17:17.056+0000][gc,heap       ] GC(168) Survivor regions: 3->3(5)
[2025-11-07T22:17:17.056+0000][gc,heap       ] GC(168) Old regions: 117->119
[2025-11-07T22:17:17.056+0000][gc,heap       ] GC(168) Humongous regions: 147->147
[2025-11-07T22:17:17.057+0000][gc,metaspace  ] GC(168) Metaspace: 53202K(56348K)->53202K(56348K) NonClass: 47299K(48976K)->47299K(48976K) Class: 5903K(7372K)->5903K(7372K)
[2025-11-07T22:17:17.057+0000][gc            ] GC(168) Pause Young (Normal) (G1 Evacuation Pause) 297M->268M(684M) 18.092ms
[2025-11-07T22:17:17.057+0000][gc,cpu        ] GC(168) User=0.03s Sys=0.00s Real=0.02s
[2025-11-07T22:18:34.091+0000][gc,start      ] GC(169) Pause Young (Normal) (G1 Evacuation Pause)
[2025-11-07T22:18:34.091+0000][gc,task       ] GC(169) Using 2 workers of 2 for evacuation
[2025-11-07T22:18:34.114+0000][gc,mmu        ] GC(169) MMU target violated: 21.0ms (20.0ms/21.0ms)
[2025-11-07T22:18:34.114+0000][gc,phases     ] GC(169)   Pre Evacuate Collection Set: 0.0ms
[2025-11-07T22:18:34.115+0000][gc,phases     ] GC(169)   Evacuate Collection Set: 20.7ms
[2025-11-07T22:18:34.115+0000][gc,phases     ] GC(169)   Post Evacuate Collection Set: 1.5ms
[2025-11-07T22:18:34.116+0000][gc,phases     ] GC(169)   Other: 1.7ms
[2025-11-07T22:18:34.116+0000][gc,heap       ] GC(169) Eden regions: 31->0(31)
[2025-11-07T22:18:34.116+0000][gc,heap       ] GC(169) Survivor regions: 3->3(5)
[2025-11-07T22:18:34.117+0000][gc,heap       ] GC(169) Old regions: 119->122
[2025-11-07T22:18:34.117+0000][gc,heap       ] GC(169) Humongous regions: 147->147
[2025-11-07T22:18:34.117+0000][gc,metaspace  ] GC(169) Metaspace: 53202K(56348K)->53202K(56348K) NonClass: 47299K(48976K)->47299K(48976K) Class: 5903K(7372K)->5903K(7372K)
[2025-11-07T22:18:34.118+0000][gc            ] GC(169) Pause Young (Normal) (G1 Evacuation Pause) 299M->271M(684M) 26.958ms
[2025-11-07T22:18:34.118+0000][gc,cpu        ] GC(169) User=0.04s Sys=0.00s Real=0.03s
[2025-11-07T22:19:52.819+0000][gc,start      ] GC(170) Pause Young (Normal) (G1 Evacuation Pause)
[2025-11-07T22:19:52.820+0000][gc,task       ] GC(170) Using 2 workers of 2 for evacuation
[2025-11-07T22:19:52.838+0000][gc,phases     ] GC(170)   Pre Evacuate Collection Set: 0.0ms
[2025-11-07T22:19:52.838+0000][gc,phases     ] GC(170)   Evacuate Collection Set: 16.9ms
[2025-11-07T22:19:52.839+0000][gc,phases     ] GC(170)   Post Evacuate Collection Set: 1.1ms
[2025-11-07T22:19:52.839+0000][gc,phases     ] GC(170)   Other: 1.0ms
[2025-11-07T22:19:52.839+0000][gc,heap       ] GC(170) Eden regions: 31->0(29)
[2025-11-07T22:19:52.840+0000][gc,heap       ] GC(170) Survivor regions: 3->5(5)
[2025-11-07T22:19:52.840+0000][gc,heap       ] GC(170) Old regions: 122->123
[2025-11-07T22:19:52.840+0000][gc,heap       ] GC(170) Humongous regions: 147->147
[2025-11-07T22:19:52.840+0000][gc,metaspace  ] GC(170) Metaspace: 53202K(56348K)->53202K(56348K) NonClass: 47299K(48976K)->47299K(48976K) Class: 5903K(7372K)->5903K(7372K)
[2025-11-07T22:19:52.840+0000][gc            ] GC(170) Pause Young (Normal) (G1 Evacuation Pause) 302M->275M(684M) 21.317ms
[2025-11-07T22:19:52.841+0000][gc,cpu        ] GC(170) User=0.04s Sys=0.00s Real=0.02s
[2025-11-07T22:21:04.204+0000][gc,start      ] GC(171) Pause Young (Normal) (G1 Evacuation Pause)
[2025-11-07T22:21:04.206+0000][gc,task       ] GC(171) Using 2 workers of 2 for evacuation
[2025-11-07T22:21:04.258+0000][gc,mmu        ] GC(171) MMU target violated: 21.0ms (20.0ms/21.0ms)
[2025-11-07T22:21:04.259+0000][gc,phases     ] GC(171)   Pre Evacuate Collection Set: 0.0ms
[2025-11-07T22:21:04.260+0000][gc,phases     ] GC(171)   Evacuate Collection Set: 49.6ms
[2025-11-07T22:21:04.263+0000][gc,phases     ] GC(171)   Post Evacuate Collection Set: 1.3ms
[2025-11-07T22:21:04.264+0000][gc,phases     ] GC(171)   Other: 4.1ms
[2025-11-07T22:21:04.265+0000][gc,heap       ] GC(171) Eden regions: 29->0(30)
[2025-11-07T22:21:04.265+0000][gc,heap       ] GC(171) Survivor regions: 5->4(5)
[2025-11-07T22:21:04.266+0000][gc,heap       ] GC(171) Old regions: 123->127
[2025-11-07T22:21:04.266+0000][gc,heap       ] GC(171) Humongous regions: 147->147
[2025-11-07T22:21:04.266+0000][gc,metaspace  ] GC(171) Metaspace: 53203K(56348K)->53203K(56348K) NonClass: 47300K(48976K)->47300K(48976K) Class: 5903K(7372K)->5903K(7372K)
[2025-11-07T22:21:04.267+0000][gc            ] GC(171) Pause Young (Normal) (G1 Evacuation Pause) 304M->277M(684M) 62.854ms
[2025-11-07T22:21:04.267+0000][gc,cpu        ] GC(171) User=0.07s Sys=0.00s Real=0.06s
[2025-11-07T22:22:19.823+0000][gc,start      ] GC(172) Pause Young (Normal) (G1 Evacuation Pause)
[2025-11-07T22:22:19.823+0000][gc,task       ] GC(172) Using 2 workers of 2 for evacuation
[2025-11-07T22:22:19.849+0000][gc,mmu        ] GC(172) MMU target violated: 21.0ms (20.0ms/21.0ms)
[2025-11-07T22:22:19.850+0000][gc,phases     ] GC(172)   Pre Evacuate Collection Set: 0.0ms
[2025-11-07T22:22:19.851+0000][gc,phases     ] GC(172)   Evacuate Collection Set: 24.0ms
[2025-11-07T22:22:19.851+0000][gc,phases     ] GC(172)   Post Evacuate Collection Set: 1.3ms
[2025-11-07T22:22:19.851+0000][gc,phases     ] GC(172)   Other: 2.5ms
[2025-11-07T22:22:19.852+0000][gc,heap       ] GC(172) Eden regions: 30->0(30)
[2025-11-07T22:22:19.852+0000][gc,heap       ] GC(172) Survivor regions: 4->4(5)
[2025-11-07T22:22:19.853+0000][gc,heap       ] GC(172) Old regions: 127->129
[2025-11-07T22:22:19.853+0000][gc,heap       ] GC(172) Humongous regions: 147->147
[2025-11-07T22:22:19.854+0000][gc,metaspace  ] GC(172) Metaspace: 53203K(56348K)->53203K(56348K) NonClass: 47300K(48976K)->47300K(48976K) Class: 5903K(7372K)->5903K(7372K)
[2025-11-07T22:22:19.854+0000][gc            ] GC(172) Pause Young (Normal) (G1 Evacuation Pause) 307M->279M(684M) 31.374ms
[2025-11-07T22:22:19.855+0000][gc,cpu        ] GC(172) User=0.05s Sys=0.00s Real=0.03s
[2025-11-07T22:23:35.178+0000][gc,start      ] GC(173) Pause Young (Normal) (G1 Evacuation Pause)
[2025-11-07T22:23:35.179+0000][gc,task       ] GC(173) Using 2 workers of 2 for evacuation
[2025-11-07T22:23:35.200+0000][gc,mmu        ] GC(173) MMU target violated: 20.3ms (20.0ms/21.0ms)
[2025-11-07T22:23:35.200+0000][gc,phases     ] GC(173)   Pre Evacuate Collection Set: 0.0ms
[2025-11-07T22:23:35.200+0000][gc,phases     ] GC(173)   Evacuate Collection Set: 19.2ms
[2025-11-07T22:23:35.201+0000][gc,phases     ] GC(173)   Post Evacuate Collection Set: 0.8ms
[2025-11-07T22:23:35.201+0000][gc,phases     ] GC(173)   Other: 2.4ms
[2025-11-07T22:23:35.201+0000][gc,heap       ] GC(173) Eden regions: 30->0(30)
[2025-11-07T22:23:35.202+0000][gc,heap       ] GC(173) Survivor regions: 4->4(5)
[2025-11-07T22:23:35.202+0000][gc,heap       ] GC(173) Old regions: 129->132
[2025-11-07T22:23:35.202+0000][gc,heap       ] GC(173) Humongous regions: 147->147
[2025-11-07T22:23:35.202+0000][gc,metaspace  ] GC(173) Metaspace: 53203K(56348K)->53203K(56348K) NonClass: 47300K(48976K)->47300K(48976K) Class: 5903K(7372K)->5903K(7372K)
[2025-11-07T22:23:35.203+0000][gc            ] GC(173) Pause Young (Normal) (G1 Evacuation Pause) 309M->282M(684M) 24.880ms
[2025-11-07T22:23:35.203+0000][gc,cpu        ] GC(173) User=0.05s Sys=0.00s Real=0.03s
[2025-11-07T22:24:50.348+0000][gc,start      ] GC(174) Pause Young (Normal) (G1 Evacuation Pause)
[2025-11-07T22:24:50.349+0000][gc,task       ] GC(174) Using 2 workers of 2 for evacuation
[2025-11-07T22:24:50.393+0000][gc,mmu        ] GC(174) MMU target violated: 21.0ms (20.0ms/21.0ms)
[2025-11-07T22:24:50.397+0000][gc,phases     ] GC(174)   Pre Evacuate Collection Set: 0.3ms
[2025-11-07T22:24:50.399+0000][gc,phases     ] GC(174)   Evacuate Collection Set: 39.0ms
[2025-11-07T22:24:50.400+0000][gc,phases     ] GC(174)   Post Evacuate Collection Set: 1.3ms
[2025-11-07T22:24:50.400+0000][gc,phases     ] GC(174)   Other: 12.4ms
[2025-11-07T22:24:50.401+0000][gc,heap       ] GC(174) Eden regions: 30->0(30)
[2025-11-07T22:24:50.401+0000][gc,heap       ] GC(174) Survivor regions: 4->4(5)
[2025-11-07T22:24:50.401+0000][gc,heap       ] GC(174) Old regions: 132->134
[2025-11-07T22:24:50.402+0000][gc,heap       ] GC(174) Humongous regions: 147->147
[2025-11-07T22:24:50.403+0000][gc,metaspace  ] GC(174) Metaspace: 53203K(56348K)->53203K(56348K) NonClass: 47300K(48976K)->47300K(48976K) Class: 5903K(7372K)->5903K(7372K)
[2025-11-07T22:24:50.405+0000][gc            ] GC(174) Pause Young (Normal) (G1 Evacuation Pause) 312M->284M(684M) 57.465ms
[2025-11-07T22:24:50.409+0000][gc,cpu        ] GC(174) User=0.07s Sys=0.00s Real=0.06s
[2025-11-07T22:26:05.873+0000][gc,start      ] GC(175) Pause Young (Normal) (G1 Evacuation Pause)
[2025-11-07T22:26:05.874+0000][gc,task       ] GC(175) Using 2 workers of 2 for evacuation
[2025-11-07T22:26:05.903+0000][gc,mmu        ] GC(175) MMU target violated: 21.0ms (20.0ms/21.0ms)
[2025-11-07T22:26:05.905+0000][gc,phases     ] GC(175)   Pre Evacuate Collection Set: 0.0ms
[2025-11-07T22:26:05.906+0000][gc,phases     ] GC(175)   Evacuate Collection Set: 26.4ms
[2025-11-07T22:26:05.906+0000][gc,phases     ] GC(175)   Post Evacuate Collection Set: 1.4ms
[2025-11-07T22:26:05.907+0000][gc,phases     ] GC(175)   Other: 3.3ms
[2025-11-07T22:26:05.907+0000][gc,heap       ] GC(175) Eden regions: 30->0(30)
[2025-11-07T22:26:05.908+0000][gc,heap       ] GC(175) Survivor regions: 4->4(5)
[2025-11-07T22:26:05.908+0000][gc,heap       ] GC(175) Old regions: 134->136
[2025-11-07T22:26:05.909+0000][gc,heap       ] GC(175) Humongous regions: 147->147
[2025-11-07T22:26:05.909+0000][gc,metaspace  ] GC(175) Metaspace: 53203K(56348K)->53203K(56348K) NonClass: 47300K(48976K)->47300K(48976K) Class: 5903K(7372K)->5903K(7372K)
[2025-11-07T22:26:05.910+0000][gc            ] GC(175) Pause Young (Normal) (G1 Evacuation Pause) 314M->286M(684M) 36.393ms
[2025-11-07T22:26:05.911+0000][gc,cpu        ] GC(175) User=0.05s Sys=0.00s Real=0.04s
[2025-11-07T22:27:19.945+0000][gc,start      ] GC(176) Pause Young (Normal) (G1 Evacuation Pause)
[2025-11-07T22:27:19.946+0000][gc,task       ] GC(176) Using 2 workers of 2 for evacuation
[2025-11-07T22:27:19.967+0000][gc,phases     ] GC(176)   Pre Evacuate Collection Set: 0.0ms
[2025-11-07T22:27:19.967+0000][gc,phases     ] GC(176)   Evacuate Collection Set: 18.6ms
[2025-11-07T22:27:19.967+0000][gc,phases     ] GC(176)   Post Evacuate Collection Set: 0.8ms
[2025-11-07T22:27:19.968+0000][gc,phases     ] GC(176)   Other: 2.3ms
[2025-11-07T22:27:19.968+0000][gc,heap       ] GC(176) Eden regions: 30->0(30)
[2025-11-07T22:27:19.968+0000][gc,heap       ] GC(176) Survivor regions: 4->4(5)
[2025-11-07T22:27:19.969+0000][gc,heap       ] GC(176) Old regions: 136->139
[2025-11-07T22:27:19.969+0000][gc,heap       ] GC(176) Humongous regions: 147->147
[2025-11-07T22:27:19.969+0000][gc,metaspace  ] GC(176) Metaspace: 53204K(56348K)->53204K(56348K) NonClass: 47301K(48976K)->47301K(48976K) Class: 5903K(7372K)->5903K(7372K)
[2025-11-07T22:27:19.970+0000][gc            ] GC(176) Pause Young (Normal) (G1 Evacuation Pause) 316M->289M(684M) 24.812ms
[2025-11-07T22:27:19.970+0000][gc,cpu        ] GC(176) User=0.04s Sys=0.00s Real=0.03s
[2025-11-07T22:28:23.757+0000][gc,start      ] GC(177) Pause Young (Normal) (G1 Evacuation Pause)
[2025-11-07T22:28:23.759+0000][gc,task       ] GC(177) Using 2 workers of 2 for evacuation
[2025-11-07T22:28:23.790+0000][gc,mmu        ] GC(177) MMU target violated: 21.0ms (20.0ms/21.0ms)
[2025-11-07T22:28:23.791+0000][gc,phases     ] GC(177)   Pre Evacuate Collection Set: 0.0ms
[2025-11-07T22:28:23.791+0000][gc,phases     ] GC(177)   Evacuate Collection Set: 28.5ms
[2025-11-07T22:28:23.791+0000][gc,phases     ] GC(177)   Post Evacuate Collection Set: 1.9ms
[2025-11-07T22:28:23.792+0000][gc,phases     ] GC(177)   Other: 3.1ms
[2025-11-07T22:28:23.792+0000][gc,heap       ] GC(177) Eden regions: 30->0(29)
[2025-11-07T22:28:23.793+0000][gc,heap       ] GC(177) Survivor regions: 4->5(5)
[2025-11-07T22:28:23.793+0000][gc,heap       ] GC(177) Old regions: 139->142
[2025-11-07T22:28:23.793+0000][gc,heap       ] GC(177) Humongous regions: 147->147
[2025-11-07T22:28:23.793+0000][gc,metaspace  ] GC(177) Metaspace: 53214K(56348K)->53214K(56348K) NonClass: 47311K(48976K)->47311K(48976K) Class: 5903K(7372K)->5903K(7372K)
[2025-11-07T22:28:23.794+0000][gc            ] GC(177) Pause Young (Normal) (G1 Evacuation Pause) 319M->293M(684M) 36.577ms
[2025-11-07T22:28:23.794+0000][gc,cpu        ] GC(177) User=0.06s Sys=0.00s Real=0.04s
[2025-11-07T22:29:36.623+0000][gc,start      ] GC(178) Pause Young (Normal) (G1 Evacuation Pause)
[2025-11-07T22:29:36.624+0000][gc,task       ] GC(178) Using 2 workers of 2 for evacuation
[2025-11-07T22:29:36.655+0000][gc,mmu        ] GC(178) MMU target violated: 21.0ms (20.0ms/21.0ms)
[2025-11-07T22:29:36.656+0000][gc,phases     ] GC(178)   Pre Evacuate Collection Set: 0.0ms
[2025-11-07T22:29:36.656+0000][gc,phases     ] GC(178)   Evacuate Collection Set: 27.0ms
[2025-11-07T22:29:36.657+0000][gc,phases     ] GC(178)   Post Evacuate Collection Set: 2.6ms
[2025-11-07T22:29:36.657+0000][gc,phases     ] GC(178)   Other: 3.3ms
[2025-11-07T22:29:36.658+0000][gc,heap       ] GC(178) Eden regions: 29->0(30)
[2025-11-07T22:29:36.659+0000][gc,heap       ] GC(178) Survivor regions: 5->4(5)
[2025-11-07T22:29:36.659+0000][gc,heap       ] GC(178) Old regions: 142->145
[2025-11-07T22:29:36.660+0000][gc,heap       ] GC(178) Humongous regions: 147->147
[2025-11-07T22:29:36.660+0000][gc,metaspace  ] GC(178) Metaspace: 53214K(56348K)->53214K(56348K) NonClass: 47311K(48976K)->47311K(48976K) Class: 5903K(7372K)->5903K(7372K)
[2025-11-07T22:29:36.660+0000][gc            ] GC(178) Pause Young (Normal) (G1 Evacuation Pause) 322M->295M(684M) 37.701ms
[2025-11-07T22:29:36.661+0000][gc,cpu        ] GC(178) User=0.06s Sys=0.00s Real=0.04s
[2025-11-07T22:30:53.420+0000][gc,start      ] GC(179) Pause Young (Normal) (G1 Evacuation Pause)
[2025-11-07T22:30:53.420+0000][gc,task       ] GC(179) Using 2 workers of 2 for evacuation
[2025-11-07T22:30:53.459+0000][gc,mmu        ] GC(179) MMU target violated: 21.0ms (20.0ms/21.0ms)
[2025-11-07T22:30:53.461+0000][gc,phases     ] GC(179)   Pre Evacuate Collection Set: 0.0ms
[2025-11-07T22:30:53.462+0000][gc,phases     ] GC(179)   Evacuate Collection Set: 35.9ms
[2025-11-07T22:30:53.462+0000][gc,phases     ] GC(179)   Post Evacuate Collection Set: 1.8ms
[2025-11-07T22:30:53.463+0000][gc,phases     ] GC(179)   Other: 3.8ms
[2025-11-07T22:30:53.463+0000][gc,heap       ] GC(179) Eden regions: 30->0(29)
[2025-11-07T22:30:53.464+0000][gc,heap       ] GC(179) Survivor regions: 4->5(5)
[2025-11-07T22:30:53.464+0000][gc,heap       ] GC(179) Old regions: 145->147
[2025-11-07T22:30:53.465+0000][gc,heap       ] GC(179) Humongous regions: 147->147
[2025-11-07T22:30:53.467+0000][gc,metaspace  ] GC(179) Metaspace: 53214K(56348K)->53214K(56348K) NonClass: 47311K(48976K)->47311K(48976K) Class: 5903K(7372K)->5903K(7372K)
[2025-11-07T22:30:53.469+0000][gc            ] GC(179) Pause Young (Normal) (G1 Evacuation Pause) 325M->297M(684M) 48.987ms
[2025-11-07T22:30:53.469+0000][gc,cpu        ] GC(179) User=0.08s Sys=0.00s Real=0.05s
[2025-11-07T22:32:05.954+0000][gc,start      ] GC(180) Pause Young (Normal) (G1 Evacuation Pause)
[2025-11-07T22:32:05.954+0000][gc,task       ] GC(180) Using 2 workers of 2 for evacuation
[2025-11-07T22:32:05.971+0000][gc,phases     ] GC(180)   Pre Evacuate Collection Set: 0.0ms
[2025-11-07T22:32:05.972+0000][gc,phases     ] GC(180)   Evacuate Collection Set: 15.9ms
[2025-11-07T22:32:05.972+0000][gc,phases     ] GC(180)   Post Evacuate Collection Set: 0.8ms
[2025-11-07T22:32:05.972+0000][gc,phases     ] GC(180)   Other: 1.0ms
[2025-11-07T22:32:05.972+0000][gc,heap       ] GC(180) Eden regions: 29->0(30)
[2025-11-07T22:32:05.973+0000][gc,heap       ] GC(180) Survivor regions: 5->4(5)
[2025-11-07T22:32:05.973+0000][gc,heap       ] GC(180) Old regions: 147->149
[2025-11-07T22:32:05.973+0000][gc,heap       ] GC(180) Humongous regions: 147->147
[2025-11-07T22:32:05.974+0000][gc,metaspace  ] GC(180) Metaspace: 53214K(56348K)->53214K(56348K) NonClass: 47311K(48976K)->47311K(48976K) Class: 5903K(7372K)->5903K(7372K)
[2025-11-07T22:32:05.974+0000][gc            ] GC(180) Pause Young (Normal) (G1 Evacuation Pause) 326M->299M(684M) 20.463ms
[2025-11-07T22:32:05.974+0000][gc,cpu        ] GC(180) User=0.03s Sys=0.00s Real=0.02s
[2025-11-07T22:33:21.045+0000][gc,start      ] GC(181) Pause Young (Normal) (G1 Evacuation Pause)
[2025-11-07T22:33:21.045+0000][gc,task       ] GC(181) Using 2 workers of 2 for evacuation
[2025-11-07T22:33:21.080+0000][gc,mmu        ] GC(181) MMU target violated: 21.0ms (20.0ms/21.0ms)
[2025-11-07T22:33:21.081+0000][gc,phases     ] GC(181)   Pre Evacuate Collection Set: 0.0ms
[2025-11-07T22:33:21.082+0000][gc,phases     ] GC(181)   Evacuate Collection Set: 32.3ms
[2025-11-07T22:33:21.083+0000][gc,phases     ] GC(181)   Post Evacuate Collection Set: 1.6ms
[2025-11-07T22:33:21.085+0000][gc,phases     ] GC(181)   Other: 1.9ms
[2025-11-07T22:33:21.085+0000][gc,heap       ] GC(181) Eden regions: 30->0(30)
[2025-11-07T22:33:21.086+0000][gc,heap       ] GC(181) Survivor regions: 4->4(5)
[2025-11-07T22:33:21.087+0000][gc,heap       ] GC(181) Old regions: 149->152
[2025-11-07T22:33:21.087+0000][gc,heap       ] GC(181) Humongous regions: 147->147
[2025-11-07T22:33:21.090+0000][gc,metaspace  ] GC(181) Metaspace: 53214K(56348K)->53214K(56348K) NonClass: 47311K(48976K)->47311K(48976K) Class: 5903K(7372K)->5903K(7372K)
[2025-11-07T22:33:21.091+0000][gc            ] GC(181) Pause Young (Normal) (G1 Evacuation Pause) 329M->302M(684M) 45.810ms
[2025-11-07T22:33:21.092+0000][gc,cpu        ] GC(181) User=0.06s Sys=0.00s Real=0.04s
[2025-11-07T22:34:36.542+0000][gc,start      ] GC(182) Pause Young (Normal) (G1 Evacuation Pause)
[2025-11-07T22:34:36.543+0000][gc,task       ] GC(182) Using 2 workers of 2 for evacuation
[2025-11-07T22:34:36.558+0000][gc,phases     ] GC(182)   Pre Evacuate Collection Set: 0.0ms
[2025-11-07T22:34:36.558+0000][gc,phases     ] GC(182)   Evacuate Collection Set: 13.1ms
[2025-11-07T22:34:36.558+0000][gc,phases     ] GC(182)   Post Evacuate Collection Set: 1.6ms
[2025-11-07T22:34:36.559+0000][gc,phases     ] GC(182)   Other: 1.3ms
[2025-11-07T22:34:36.559+0000][gc,heap       ] GC(182) Eden regions: 30->0(30)
[2025-11-07T22:34:36.559+0000][gc,heap       ] GC(182) Survivor regions: 4->4(5)
[2025-11-07T22:34:36.559+0000][gc,heap       ] GC(182) Old regions: 152->154
[2025-11-07T22:34:36.559+0000][gc,heap       ] GC(182) Humongous regions: 147->147
[2025-11-07T22:34:36.560+0000][gc,metaspace  ] GC(182) Metaspace: 53214K(56348K)->53214K(56348K) NonClass: 47311K(48976K)->47311K(48976K) Class: 5903K(7372K)->5903K(7372K)
[2025-11-07T22:34:36.560+0000][gc            ] GC(182) Pause Young (Normal) (G1 Evacuation Pause) 332M->304M(684M) 17.985ms
[2025-11-07T22:34:36.560+0000][gc,cpu        ] GC(182) User=0.03s Sys=0.00s Real=0.02s
[2025-11-07T22:35:51.853+0000][gc,start      ] GC(183) Pause Young (Normal) (G1 Evacuation Pause)
[2025-11-07T22:35:51.853+0000][gc,task       ] GC(183) Using 2 workers of 2 for evacuation
[2025-11-07T22:35:51.869+0000][gc,phases     ] GC(183)   Pre Evacuate Collection Set: 0.0ms
[2025-11-07T22:35:51.870+0000][gc,phases     ] GC(183)   Evacuate Collection Set: 14.8ms
[2025-11-07T22:35:51.870+0000][gc,phases     ] GC(183)   Post Evacuate Collection Set: 1.0ms
[2025-11-07T22:35:51.874+0000][gc,phases     ] GC(183)   Other: 1.0ms
[2025-11-07T22:35:51.874+0000][gc,heap       ] GC(183) Eden regions: 30->0(31)
[2025-11-07T22:35:51.874+0000][gc,heap       ] GC(183) Survivor regions: 4->3(5)
[2025-11-07T22:35:51.875+0000][gc,heap       ] GC(183) Old regions: 154->157
[2025-11-07T22:35:51.875+0000][gc,heap       ] GC(183) Humongous regions: 147->147
[2025-11-07T22:35:51.875+0000][gc,metaspace  ] GC(183) Metaspace: 53214K(56348K)->53214K(56348K) NonClass: 47311K(48976K)->47311K(48976K) Class: 5903K(7372K)->5903K(7372K)
[2025-11-07T22:35:51.876+0000][gc            ] GC(183) Pause Young (Normal) (G1 Evacuation Pause) 334M->306M(684M) 23.350ms
[2025-11-07T22:35:51.876+0000][gc,cpu        ] GC(183) User=0.04s Sys=0.00s Real=0.03s
[2025-11-07T22:37:09.681+0000][gc,start      ] GC(184) Pause Young (Normal) (G1 Evacuation Pause)
[2025-11-07T22:37:09.681+0000][gc,task       ] GC(184) Using 2 workers of 2 for evacuation
[2025-11-07T22:37:09.697+0000][gc,phases     ] GC(184)   Pre Evacuate Collection Set: 0.0ms
[2025-11-07T22:37:09.697+0000][gc,phases     ] GC(184)   Evacuate Collection Set: 14.5ms
[2025-11-07T22:37:09.698+0000][gc,phases     ] GC(184)   Post Evacuate Collection Set: 0.8ms
[2025-11-07T22:37:09.698+0000][gc,phases     ] GC(184)   Other: 0.8ms
[2025-11-07T22:37:09.698+0000][gc,heap       ] GC(184) Eden regions: 31->0(31)
[2025-11-07T22:37:09.698+0000][gc,heap       ] GC(184) Survivor regions: 3->3(5)
[2025-11-07T22:37:09.698+0000][gc,heap       ] GC(184) Old regions: 157->159
[2025-11-07T22:37:09.698+0000][gc,heap       ] GC(184) Humongous regions: 147->147
[2025-11-07T22:37:09.699+0000][gc,metaspace  ] GC(184) Metaspace: 53214K(56348K)->53214K(56348K) NonClass: 47311K(48976K)->47311K(48976K) Class: 5903K(7372K)->5903K(7372K)
[2025-11-07T22:37:09.699+0000][gc            ] GC(184) Pause Young (Normal) (G1 Evacuation Pause) 337M->308M(684M) 17.698ms
[2025-11-07T22:37:09.699+0000][gc,cpu        ] GC(184) User=0.03s Sys=0.00s Real=0.02s
[2025-11-07T22:38:26.920+0000][gc,start      ] GC(185) Pause Young (Normal) (G1 Evacuation Pause)
[2025-11-07T22:38:26.921+0000][gc,task       ] GC(185) Using 2 workers of 2 for evacuation
[2025-11-07T22:38:26.940+0000][gc,phases     ] GC(185)   Pre Evacuate Collection Set: 0.0ms
[2025-11-07T22:38:26.941+0000][gc,phases     ] GC(185)   Evacuate Collection Set: 16.9ms
[2025-11-07T22:38:26.941+0000][gc,phases     ] GC(185)   Post Evacuate Collection Set: 1.5ms
[2025-11-07T22:38:26.941+0000][gc,phases     ] GC(185)   Other: 1.5ms
[2025-11-07T22:38:26.942+0000][gc,heap       ] GC(185) Eden regions: 31->0(31)
[2025-11-07T22:38:26.942+0000][gc,heap       ] GC(185) Survivor regions: 3->3(5)
[2025-11-07T22:38:26.942+0000][gc,heap       ] GC(185) Old regions: 159->162
[2025-11-07T22:38:26.942+0000][gc,heap       ] GC(185) Humongous regions: 147->147
[2025-11-07T22:38:26.943+0000][gc,metaspace  ] GC(185) Metaspace: 53214K(56348K)->53214K(56348K) NonClass: 47311K(48976K)->47311K(48976K) Class: 5903K(7372K)->5903K(7372K)
[2025-11-07T22:38:26.943+0000][gc            ] GC(185) Pause Young (Normal) (G1 Evacuation Pause) 339M->311M(684M) 22.700ms
[2025-11-07T22:38:26.944+0000][gc,cpu        ] GC(185) User=0.03s Sys=0.00s Real=0.02s
[2025-11-07T22:39:45.259+0000][gc,start      ] GC(186) Pause Young (Normal) (G1 Evacuation Pause)
[2025-11-07T22:39:45.260+0000][gc,task       ] GC(186) Using 2 workers of 2 for evacuation
[2025-11-07T22:39:45.275+0000][gc,phases     ] GC(186)   Pre Evacuate Collection Set: 0.0ms
[2025-11-07T22:39:45.276+0000][gc,phases     ] GC(186)   Evacuate Collection Set: 14.2ms
[2025-11-07T22:39:45.276+0000][gc,phases     ] GC(186)   Post Evacuate Collection Set: 0.8ms
[2025-11-07T22:39:45.276+0000][gc,phases     ] GC(186)   Other: 1.8ms
[2025-11-07T22:39:45.276+0000][gc,heap       ] GC(186) Eden regions: 31->0(31)
[2025-11-07T22:39:45.276+0000][gc,heap       ] GC(186) Survivor regions: 3->3(5)
[2025-11-07T22:39:45.277+0000][gc,heap       ] GC(186) Old regions: 162->164
[2025-11-07T22:39:45.277+0000][gc,heap       ] GC(186) Humongous regions: 147->147
[2025-11-07T22:39:45.277+0000][gc,metaspace  ] GC(186) Metaspace: 53218K(56348K)->53218K(56348K) NonClass: 47315K(48976K)->47315K(48976K) Class: 5903K(7372K)->5903K(7372K)
[2025-11-07T22:39:45.277+0000][gc            ] GC(186) Pause Young (Normal) (G1 Evacuation Pause) 342M->313M(684M) 18.461ms
[2025-11-07T22:39:45.277+0000][gc,cpu        ] GC(186) User=0.03s Sys=0.00s Real=0.01s
[2025-11-07T22:41:02.893+0000][gc,start      ] GC(187) Pause Young (Normal) (G1 Evacuation Pause)
[2025-11-07T22:41:02.894+0000][gc,task       ] GC(187) Using 2 workers of 2 for evacuation
[2025-11-07T22:41:02.912+0000][gc,phases     ] GC(187)   Pre Evacuate Collection Set: 0.0ms
[2025-11-07T22:41:02.912+0000][gc,phases     ] GC(187)   Evacuate Collection Set: 15.9ms
[2025-11-07T22:41:02.913+0000][gc,phases     ] GC(187)   Post Evacuate Collection Set: 0.8ms
[2025-11-07T22:41:02.913+0000][gc,phases     ] GC(187)   Other: 2.2ms
[2025-11-07T22:41:02.913+0000][gc,heap       ] GC(187) Eden regions: 31->0(32)
[2025-11-07T22:41:02.913+0000][gc,heap       ] GC(187) Survivor regions: 3->3(5)
[2025-11-07T22:41:02.913+0000][gc,heap       ] GC(187) Old regions: 164->167
[2025-11-07T22:41:02.914+0000][gc,heap       ] GC(187) Humongous regions: 147->147
[2025-11-07T22:41:02.914+0000][gc,metaspace  ] GC(187) Metaspace: 53218K(56348K)->53218K(56348K) NonClass: 47315K(48976K)->47315K(48976K) Class: 5903K(7372K)->5903K(7372K)
[2025-11-07T22:41:02.914+0000][gc            ] GC(187) Pause Young (Normal) (G1 Evacuation Pause) 344M->316M(684M) 20.856ms
[2025-11-07T22:41:02.914+0000][gc,cpu        ] GC(187) User=0.03s Sys=0.00s Real=0.02s
[2025-11-07T22:42:23.989+0000][gc,start      ] GC(188) Pause Young (Normal) (G1 Evacuation Pause)
[2025-11-07T22:42:23.990+0000][gc,task       ] GC(188) Using 2 workers of 2 for evacuation
[2025-11-07T22:42:24.014+0000][gc,mmu        ] GC(188) MMU target violated: 21.0ms (20.0ms/21.0ms)
[2025-11-07T22:42:24.015+0000][gc,phases     ] GC(188)   Pre Evacuate Collection Set: 0.0ms
[2025-11-07T22:42:24.015+0000][gc,phases     ] GC(188)   Evacuate Collection Set: 22.8ms
[2025-11-07T22:42:24.015+0000][gc,phases     ] GC(188)   Post Evacuate Collection Set: 0.9ms
[2025-11-07T22:42:24.016+0000][gc,phases     ] GC(188)   Other: 1.6ms
[2025-11-07T22:42:24.016+0000][gc,heap       ] GC(188) Eden regions: 32->0(29)
[2025-11-07T22:42:24.016+0000][gc,heap       ] GC(188) Survivor regions: 3->5(5)
[2025-11-07T22:42:24.016+0000][gc,heap       ] GC(188) Old regions: 167->169
[2025-11-07T22:42:24.017+0000][gc,heap       ] GC(188) Humongous regions: 147->147
[2025-11-07T22:42:24.017+0000][gc,metaspace  ] GC(188) Metaspace: 53218K(56348K)->53218K(56348K) NonClass: 47315K(48976K)->47315K(48976K) Class: 5903K(7372K)->5903K(7372K)
[2025-11-07T22:42:24.017+0000][gc            ] GC(188) Pause Young (Normal) (G1 Evacuation Pause) 348M->320M(684M) 27.609ms
[2025-11-07T22:42:24.017+0000][gc,cpu        ] GC(188) User=0.05s Sys=0.00s Real=0.02s
[2025-11-07T22:43:36.655+0000][gc,start      ] GC(189) Pause Young (Normal) (G1 Evacuation Pause)
[2025-11-07T22:43:36.658+0000][gc,task       ] GC(189) Using 2 workers of 2 for evacuation
[2025-11-07T22:43:36.680+0000][gc,mmu        ] GC(189) MMU target violated: 21.0ms (20.0ms/21.0ms)
[2025-11-07T22:43:36.680+0000][gc,phases     ] GC(189)   Pre Evacuate Collection Set: 0.0ms
[2025-11-07T22:43:36.682+0000][gc,phases     ] GC(189)   Evacuate Collection Set: 20.3ms
[2025-11-07T22:43:36.683+0000][gc,phases     ] GC(189)   Post Evacuate Collection Set: 1.3ms
[2025-11-07T22:43:36.684+0000][gc,phases     ] GC(189)   Other: 4.0ms
[2025-11-07T22:43:36.684+0000][gc,heap       ] GC(189) Eden regions: 29->0(30)
[2025-11-07T22:43:36.684+0000][gc,heap       ] GC(189) Survivor regions: 5->4(5)
[2025-11-07T22:43:36.685+0000][gc,heap       ] GC(189) Old regions: 169->172
[2025-11-07T22:43:36.685+0000][gc,heap       ] GC(189) Humongous regions: 147->147
[2025-11-07T22:43:36.685+0000][gc,metaspace  ] GC(189) Metaspace: 53218K(56348K)->53218K(56348K) NonClass: 47315K(48976K)->47315K(48976K) Class: 5903K(7372K)->5903K(7372K)
[2025-11-07T22:43:36.686+0000][gc            ] GC(189) Pause Young (Normal) (G1 Evacuation Pause) 349M->322M(684M) 30.733ms
[2025-11-07T22:43:36.686+0000][gc,cpu        ] GC(189) User=0.04s Sys=0.00s Real=0.03s
[2025-11-07T22:44:52.255+0000][gc,start      ] GC(190) Pause Young (Normal) (G1 Evacuation Pause)
[2025-11-07T22:44:52.256+0000][gc,task       ] GC(190) Using 2 workers of 2 for evacuation
[2025-11-07T22:44:52.320+0000][gc,mmu        ] GC(190) MMU target violated: 21.0ms (20.0ms/21.0ms)
[2025-11-07T22:44:52.321+0000][gc,phases     ] GC(190)   Pre Evacuate Collection Set: 0.0ms
[2025-11-07T22:44:52.322+0000][gc,phases     ] GC(190)   Evacuate Collection Set: 55.2ms
[2025-11-07T22:44:52.322+0000][gc,phases     ] GC(190)   Post Evacuate Collection Set: 6.9ms
[2025-11-07T22:44:52.323+0000][gc,phases     ] GC(190)   Other: 3.5ms
[2025-11-07T22:44:52.328+0000][gc,heap       ] GC(190) Eden regions: 30->0(30)
[2025-11-07T22:44:52.329+0000][gc,heap       ] GC(190) Survivor regions: 4->4(5)
[2025-11-07T22:44:52.330+0000][gc,heap       ] GC(190) Old regions: 172->174
[2025-11-07T22:44:52.330+0000][gc,heap       ] GC(190) Humongous regions: 147->147
[2025-11-07T22:44:52.331+0000][gc,metaspace  ] GC(190) Metaspace: 53218K(56348K)->53218K(56348K) NonClass: 47315K(48976K)->47315K(48976K) Class: 5903K(7372K)->5903K(7372K)
[2025-11-07T22:44:52.331+0000][gc            ] GC(190) Pause Young (Normal) (G1 Evacuation Pause) 352M->324M(684M) 75.655ms
[2025-11-07T22:44:52.334+0000][gc,cpu        ] GC(190) User=0.08s Sys=0.00s Real=0.08s
[2025-11-07T22:46:08.194+0000][gc,start      ] GC(191) Pause Young (Normal) (G1 Evacuation Pause)
[2025-11-07T22:46:08.195+0000][gc,task       ] GC(191) Using 2 workers of 2 for evacuation
[2025-11-07T22:46:08.218+0000][gc,mmu        ] GC(191) MMU target violated: 21.0ms (20.0ms/21.0ms)
[2025-11-07T22:46:08.219+0000][gc,phases     ] GC(191)   Pre Evacuate Collection Set: 0.1ms
[2025-11-07T22:46:08.219+0000][gc,phases     ] GC(191)   Evacuate Collection Set: 19.5ms
[2025-11-07T22:46:08.219+0000][gc,phases     ] GC(191)   Post Evacuate Collection Set: 1.3ms
[2025-11-07T22:46:08.220+0000][gc,phases     ] GC(191)   Other: 3.5ms
[2025-11-07T22:46:08.220+0000][gc,heap       ] GC(191) Eden regions: 30->0(30)
[2025-11-07T22:46:08.221+0000][gc,heap       ] GC(191) Survivor regions: 4->4(5)
[2025-11-07T22:46:08.221+0000][gc,heap       ] GC(191) Old regions: 174->177
[2025-11-07T22:46:08.221+0000][gc,heap       ] GC(191) Humongous regions: 147->147
[2025-11-07T22:46:08.221+0000][gc,metaspace  ] GC(191) Metaspace: 53218K(56348K)->53218K(56348K) NonClass: 47315K(48976K)->47315K(48976K) Class: 5903K(7372K)->5903K(7372K)
[2025-11-07T22:46:08.222+0000][gc            ] GC(191) Pause Young (Normal) (G1 Evacuation Pause) 354M->327M(684M) 27.572ms
[2025-11-07T22:46:08.222+0000][gc,cpu        ] GC(191) User=0.04s Sys=0.00s Real=0.03s
[2025-11-07T22:47:24.162+0000][gc,start      ] GC(192) Pause Young (Normal) (G1 Evacuation Pause)
[2025-11-07T22:47:24.163+0000][gc,task       ] GC(192) Using 2 workers of 2 for evacuation
[2025-11-07T22:47:24.185+0000][gc,phases     ] GC(192)   Pre Evacuate Collection Set: 0.0ms
[2025-11-07T22:47:24.185+0000][gc,phases     ] GC(192)   Evacuate Collection Set: 18.1ms
[2025-11-07T22:47:24.185+0000][gc,phases     ] GC(192)   Post Evacuate Collection Set: 1.2ms
[2025-11-07T22:47:24.186+0000][gc,phases     ] GC(192)   Other: 3.3ms
[2025-11-07T22:47:24.187+0000][gc,heap       ] GC(192) Eden regions: 30->0(30)
[2025-11-07T22:47:24.188+0000][gc,heap       ] GC(192) Survivor regions: 4->4(5)
[2025-11-07T22:47:24.188+0000][gc,heap       ] GC(192) Old regions: 177->179
[2025-11-07T22:47:24.188+0000][gc,heap       ] GC(192) Humongous regions: 147->147
[2025-11-07T22:47:24.189+0000][gc,metaspace  ] GC(192) Metaspace: 53218K(56348K)->53218K(56348K) NonClass: 47315K(48976K)->47315K(48976K) Class: 5903K(7372K)->5903K(7372K)
[2025-11-07T22:47:24.189+0000][gc            ] GC(192) Pause Young (Normal) (G1 Evacuation Pause) 357M->329M(684M) 26.843ms
[2025-11-07T22:47:24.189+0000][gc,cpu        ] GC(192) User=0.04s Sys=0.00s Real=0.02s
[2025-11-07T22:48:39.033+0000][gc,start      ] GC(193) Pause Young (Normal) (G1 Evacuation Pause)
[2025-11-07T22:48:39.034+0000][gc,task       ] GC(193) Using 2 workers of 2 for evacuation
[2025-11-07T22:48:39.063+0000][gc,mmu        ] GC(193) MMU target violated: 21.0ms (20.0ms/21.0ms)
[2025-11-07T22:48:39.064+0000][gc,phases     ] GC(193)   Pre Evacuate Collection Set: 0.0ms
[2025-11-07T22:48:39.064+0000][gc,phases     ] GC(193)   Evacuate Collection Set: 25.9ms
[2025-11-07T22:48:39.065+0000][gc,phases     ] GC(193)   Post Evacuate Collection Set: 1.3ms
[2025-11-07T22:48:39.065+0000][gc,phases     ] GC(193)   Other: 3.3ms
[2025-11-07T22:48:39.066+0000][gc,heap       ] GC(193) Eden regions: 30->0(30)
[2025-11-07T22:48:39.066+0000][gc,heap       ] GC(193) Survivor regions: 4->4(5)
[2025-11-07T22:48:39.066+0000][gc,heap       ] GC(193) Old regions: 179->181
[2025-11-07T22:48:39.067+0000][gc,heap       ] GC(193) Humongous regions: 147->147
[2025-11-07T22:48:39.067+0000][gc,metaspace  ] GC(193) Metaspace: 53218K(56348K)->53218K(56348K) NonClass: 47315K(48976K)->47315K(48976K) Class: 5903K(7372K)->5903K(7372K)
[2025-11-07T22:48:39.068+0000][gc            ] GC(193) Pause Young (Normal) (G1 Evacuation Pause) 359M->331M(684M) 34.188ms
[2025-11-07T22:48:39.068+0000][gc,cpu        ] GC(193) User=0.05s Sys=0.00s Real=0.03s
[2025-11-07T22:49:54.201+0000][gc,start      ] GC(194) Pause Young (Normal) (G1 Evacuation Pause)
[2025-11-07T22:49:54.201+0000][gc,task       ] GC(194) Using 2 workers of 2 for evacuation
[2025-11-07T22:49:54.217+0000][gc,phases     ] GC(194)   Pre Evacuate Collection Set: 0.1ms
[2025-11-07T22:49:54.217+0000][gc,phases     ] GC(194)   Evacuate Collection Set: 14.4ms
[2025-11-07T22:49:54.218+0000][gc,phases     ] GC(194)   Post Evacuate Collection Set: 0.9ms
[2025-11-07T22:49:54.218+0000][gc,phases     ] GC(194)   Other: 0.8ms
[2025-11-07T22:49:54.218+0000][gc,heap       ] GC(194) Eden regions: 30->0(31)
[2025-11-07T22:49:54.218+0000][gc,heap       ] GC(194) Survivor regions: 4->3(5)
[2025-11-07T22:49:54.219+0000][gc,heap       ] GC(194) Old regions: 181->184
[2025-11-07T22:49:54.219+0000][gc,heap       ] GC(194) Humongous regions: 147->147
[2025-11-07T22:49:54.219+0000][gc,metaspace  ] GC(194) Metaspace: 53218K(56348K)->53218K(56348K) NonClass: 47315K(48976K)->47315K(48976K) Class: 5903K(7372K)->5903K(7372K)
[2025-11-07T22:49:54.219+0000][gc            ] GC(194) Pause Young (Normal) (G1 Evacuation Pause) 361M->333M(684M) 18.386ms
[2025-11-07T22:49:54.219+0000][gc,cpu        ] GC(194) User=0.03s Sys=0.00s Real=0.02s
[2025-11-07T22:51:12.190+0000][gc,start      ] GC(195) Pause Young (Normal) (G1 Evacuation Pause)
[2025-11-07T22:51:12.190+0000][gc,task       ] GC(195) Using 2 workers of 2 for evacuation
[2025-11-07T22:51:12.207+0000][gc,phases     ] GC(195)   Pre Evacuate Collection Set: 0.0ms
[2025-11-07T22:51:12.208+0000][gc,phases     ] GC(195)   Evacuate Collection Set: 14.4ms
[2025-11-07T22:51:12.208+0000][gc,phases     ] GC(195)   Post Evacuate Collection Set: 1.9ms
[2025-11-07T22:51:12.208+0000][gc,phases     ] GC(195)   Other: 0.8ms
[2025-11-07T22:51:12.208+0000][gc,heap       ] GC(195) Eden regions: 31->0(31)
[2025-11-07T22:51:12.208+0000][gc,heap       ] GC(195) Survivor regions: 3->3(5)
[2025-11-07T22:51:12.209+0000][gc,heap       ] GC(195) Old regions: 184->186
[2025-11-07T22:51:12.209+0000][gc,heap       ] GC(195) Humongous regions: 147->147
[2025-11-07T22:51:12.209+0000][gc,metaspace  ] GC(195) Metaspace: 53218K(56348K)->53218K(56348K) NonClass: 47315K(48976K)->47315K(48976K) Class: 5903K(7372K)->5903K(7372K)
[2025-11-07T22:51:12.209+0000][gc            ] GC(195) Pause Young (Normal) (G1 Evacuation Pause) 364M->335M(684M) 19.345ms
[2025-11-07T22:51:12.210+0000][gc,cpu        ] GC(195) User=0.03s Sys=0.00s Real=0.02s
[2025-11-07T22:52:30.240+0000][gc,start      ] GC(196) Pause Young (Normal) (G1 Evacuation Pause)
[2025-11-07T22:52:30.241+0000][gc,task       ] GC(196) Using 2 workers of 2 for evacuation
[2025-11-07T22:52:30.271+0000][gc,mmu        ] GC(196) MMU target violated: 21.0ms (20.0ms/21.0ms)
[2025-11-07T22:52:30.271+0000][gc,phases     ] GC(196)   Pre Evacuate Collection Set: 0.0ms
[2025-11-07T22:52:30.272+0000][gc,phases     ] GC(196)   Evacuate Collection Set: 25.9ms
[2025-11-07T22:52:30.273+0000][gc,phases     ] GC(196)   Post Evacuate Collection Set: 2.5ms
[2025-11-07T22:52:30.273+0000][gc,phases     ] GC(196)   Other: 2.8ms
[2025-11-07T22:52:30.273+0000][gc,heap       ] GC(196) Eden regions: 31->0(31)
[2025-11-07T22:52:30.276+0000][gc,heap       ] GC(196) Survivor regions: 3->3(5)
[2025-11-07T22:52:30.279+0000][gc,heap       ] GC(196) Old regions: 186->189
[2025-11-07T22:52:30.280+0000][gc,heap       ] GC(196) Humongous regions: 147->147
[2025-11-07T22:52:30.280+0000][gc,metaspace  ] GC(196) Metaspace: 53218K(56348K)->53218K(56348K) NonClass: 47315K(48976K)->47315K(48976K) Class: 5903K(7372K)->5903K(7372K)
[2025-11-07T22:52:30.281+0000][gc            ] GC(196) Pause Young (Normal) (G1 Evacuation Pause) 366M->338M(684M) 40.589ms
[2025-11-07T22:52:30.281+0000][gc,cpu        ] GC(196) User=0.05s Sys=0.00s Real=0.04s
[2025-11-07T22:53:48.270+0000][gc,start      ] GC(197) Pause Young (Normal) (G1 Evacuation Pause)
[2025-11-07T22:53:48.271+0000][gc,task       ] GC(197) Using 2 workers of 2 for evacuation
[2025-11-07T22:53:48.287+0000][gc,phases     ] GC(197)   Pre Evacuate Collection Set: 0.0ms
[2025-11-07T22:53:48.288+0000][gc,phases     ] GC(197)   Evacuate Collection Set: 14.9ms
[2025-11-07T22:53:48.288+0000][gc,phases     ] GC(197)   Post Evacuate Collection Set: 0.8ms
[2025-11-07T22:53:48.288+0000][gc,phases     ] GC(197)   Other: 1.4ms
[2025-11-07T22:53:48.288+0000][gc,heap       ] GC(197) Eden regions: 31->0(31)
[2025-11-07T22:53:48.288+0000][gc,heap       ] GC(197) Survivor regions: 3->3(5)
[2025-11-07T22:53:48.289+0000][gc,heap       ] GC(197) Old regions: 189->191
[2025-11-07T22:53:48.289+0000][gc,heap       ] GC(197) Humongous regions: 147->147
[2025-11-07T22:53:48.289+0000][gc,metaspace  ] GC(197) Metaspace: 53218K(56348K)->53218K(56348K) NonClass: 47315K(48976K)->47315K(48976K) Class: 5903K(7372K)->5903K(7372K)
[2025-11-07T22:53:48.289+0000][gc            ] GC(197) Pause Young (Normal) (G1 Evacuation Pause) 369M->340M(684M) 18.957ms
[2025-11-07T22:53:48.290+0000][gc,cpu        ] GC(197) User=0.04s Sys=0.00s Real=0.02s
[2025-11-07T22:55:05.947+0000][gc,start      ] GC(198) Pause Young (Normal) (G1 Evacuation Pause)
[2025-11-07T22:55:05.948+0000][gc,task       ] GC(198) Using 2 workers of 2 for evacuation
[2025-11-07T22:55:05.967+0000][gc,phases     ] GC(198)   Pre Evacuate Collection Set: 0.0ms
[2025-11-07T22:55:05.967+0000][gc,phases     ] GC(198)   Evacuate Collection Set: 16.7ms
[2025-11-07T22:55:05.968+0000][gc,phases     ] GC(198)   Post Evacuate Collection Set: 1.3ms
[2025-11-07T22:55:05.968+0000][gc,phases     ] GC(198)   Other: 1.9ms
[2025-11-07T22:55:05.968+0000][gc,heap       ] GC(198) Eden regions: 31->0(31)
[2025-11-07T22:55:05.968+0000][gc,heap       ] GC(198) Survivor regions: 3->3(5)
[2025-11-07T22:55:05.969+0000][gc,heap       ] GC(198) Old regions: 191->194
[2025-11-07T22:55:05.969+0000][gc,heap       ] GC(198) Humongous regions: 147->147
[2025-11-07T22:55:05.969+0000][gc,metaspace  ] GC(198) Metaspace: 53218K(56348K)->53218K(56348K) NonClass: 47315K(48976K)->47315K(48976K) Class: 5903K(7372K)->5903K(7372K)
[2025-11-07T22:55:05.970+0000][gc            ] GC(198) Pause Young (Normal) (G1 Evacuation Pause) 371M->343M(684M) 22.750ms
[2025-11-07T22:55:05.970+0000][gc,cpu        ] GC(198) User=0.04s Sys=0.00s Real=0.03s
[2025-11-07T22:56:24.280+0000][gc,start      ] GC(199) Pause Young (Normal) (G1 Evacuation Pause)
[2025-11-07T22:56:24.281+0000][gc,task       ] GC(199) Using 2 workers of 2 for evacuation
[2025-11-07T22:56:24.310+0000][gc,mmu        ] GC(199) MMU target violated: 21.0ms (20.0ms/21.0ms)
[2025-11-07T22:56:24.311+0000][gc,phases     ] GC(199)   Pre Evacuate Collection Set: 0.0ms
[2025-11-07T22:56:24.311+0000][gc,phases     ] GC(199)   Evacuate Collection Set: 26.6ms
[2025-11-07T22:56:24.312+0000][gc,phases     ] GC(199)   Post Evacuate Collection Set: 1.8ms
[2025-11-07T22:56:24.313+0000][gc,phases     ] GC(199)   Other: 2.0ms
[2025-11-07T22:56:24.314+0000][gc,heap       ] GC(199) Eden regions: 31->0(29)
[2025-11-07T22:56:24.314+0000][gc,heap       ] GC(199) Survivor regions: 3->5(5)
[2025-11-07T22:56:24.315+0000][gc,heap       ] GC(199) Old regions: 194->196
[2025-11-07T22:56:24.315+0000][gc,heap       ] GC(199) Humongous regions: 147->147
[2025-11-07T22:56:24.315+0000][gc,metaspace  ] GC(199) Metaspace: 53218K(56348K)->53218K(56348K) NonClass: 47315K(48976K)->47315K(48976K) Class: 5903K(7372K)->5903K(7372K)
[2025-11-07T22:56:24.316+0000][gc            ] GC(199) Pause Young (Normal) (G1 Evacuation Pause) 374M->347M(684M) 35.400ms
[2025-11-07T22:56:24.316+0000][gc,cpu        ] GC(199) User=0.06s Sys=0.00s Real=0.03s
[2025-11-07T22:57:36.451+0000][gc,start      ] GC(200) Pause Young (Normal) (G1 Evacuation Pause)
[2025-11-07T22:57:36.451+0000][gc,task       ] GC(200) Using 2 workers of 2 for evacuation
[2025-11-07T22:57:36.470+0000][gc,phases     ] GC(200)   Pre Evacuate Collection Set: 0.0ms
[2025-11-07T22:57:36.470+0000][gc,phases     ] GC(200)   Evacuate Collection Set: 16.9ms
[2025-11-07T22:57:36.470+0000][gc,phases     ] GC(200)   Post Evacuate Collection Set: 0.8ms
[2025-11-07T22:57:36.470+0000][gc,phases     ] GC(200)   Other: 1.1ms
[2025-11-07T22:57:36.471+0000][gc,heap       ] GC(200) Eden regions: 29->0(30)
[2025-11-07T22:57:36.471+0000][gc,heap       ] GC(200) Survivor regions: 5->4(5)
[2025-11-07T22:57:36.471+0000][gc,heap       ] GC(200) Old regions: 196->199
[2025-11-07T22:57:36.471+0000][gc,heap       ] GC(200) Humongous regions: 147->147
[2025-11-07T22:57:36.471+0000][gc,metaspace  ] GC(200) Metaspace: 53218K(56348K)->53218K(56348K) NonClass: 47315K(48976K)->47315K(48976K) Class: 5903K(7372K)->5903K(7372K)
[2025-11-07T22:57:36.472+0000][gc            ] GC(200) Pause Young (Normal) (G1 Evacuation Pause) 376M->349M(684M) 20.977ms
[2025-11-07T22:57:36.472+0000][gc,cpu        ] GC(200) User=0.04s Sys=0.00s Real=0.03s
[2025-11-07T22:58:51.486+0000][gc,start      ] GC(201) Pause Young (Normal) (G1 Evacuation Pause)
[2025-11-07T22:58:51.486+0000][gc,task       ] GC(201) Using 2 workers of 2 for evacuation
[2025-11-07T22:58:51.548+0000][gc,mmu        ] GC(201) MMU target violated: 21.0ms (20.0ms/21.0ms)
[2025-11-07T22:58:51.548+0000][gc,phases     ] GC(201)   Pre Evacuate Collection Set: 0.0ms
[2025-11-07T22:58:51.549+0000][gc,phases     ] GC(201)   Evacuate Collection Set: 52.1ms
[2025-11-07T22:58:51.549+0000][gc,phases     ] GC(201)   Post Evacuate Collection Set: 7.5ms
[2025-11-07T22:58:51.552+0000][gc,phases     ] GC(201)   Other: 8.3ms
[2025-11-07T22:58:51.553+0000][gc,heap       ] GC(201) Eden regions: 30->0(30)
[2025-11-07T22:58:51.554+0000][gc,heap       ] GC(201) Survivor regions: 4->4(5)
[2025-11-07T22:58:51.554+0000][gc,heap       ] GC(201) Old regions: 199->201
[2025-11-07T22:58:51.555+0000][gc,heap       ] GC(201) Humongous regions: 147->147
[2025-11-07T22:58:51.555+0000][gc,metaspace  ] GC(201) Metaspace: 53218K(56348K)->53218K(56348K) NonClass: 47315K(48976K)->47315K(48976K) Class: 5903K(7372K)->5903K(7372K)
[2025-11-07T22:58:51.555+0000][gc            ] GC(201) Pause Young (Normal) (G1 Evacuation Pause) 379M->352M(684M) 69.438ms
[2025-11-07T22:58:51.556+0000][gc,cpu        ] GC(201) User=0.08s Sys=0.00s Real=0.07s
[2025-11-07T23:00:07.142+0000][gc,start      ] GC(202) Pause Young (Normal) (G1 Evacuation Pause)
[2025-11-07T23:00:07.143+0000][gc,task       ] GC(202) Using 2 workers of 2 for evacuation
[2025-11-07T23:00:07.181+0000][gc,mmu        ] GC(202) MMU target violated: 21.0ms (20.0ms/21.0ms)
[2025-11-07T23:00:07.183+0000][gc,phases     ] GC(202)   Pre Evacuate Collection Set: 0.0ms
[2025-11-07T23:00:07.183+0000][gc,phases     ] GC(202)   Evacuate Collection Set: 32.2ms
[2025-11-07T23:00:07.184+0000][gc,phases     ] GC(202)   Post Evacuate Collection Set: 5.6ms
[2025-11-07T23:00:07.187+0000][gc,phases     ] GC(202)   Other: 3.0ms
[2025-11-07T23:00:07.189+0000][gc,heap       ] GC(202) Eden regions: 30->0(30)
[2025-11-07T23:00:07.189+0000][gc,heap       ] GC(202) Survivor regions: 4->4(5)
[2025-11-07T23:00:07.190+0000][gc,heap       ] GC(202) Old regions: 201->204
[2025-11-07T23:00:07.190+0000][gc,heap       ] GC(202) Humongous regions: 147->147
[2025-11-07T23:00:07.191+0000][gc,metaspace  ] GC(202) Metaspace: 53218K(56348K)->53218K(56348K) NonClass: 47315K(48976K)->47315K(48976K) Class: 5903K(7372K)->5903K(7372K)
[2025-11-07T23:00:07.191+0000][gc            ] GC(202) Pause Young (Normal) (G1 Evacuation Pause) 382M->354M(684M) 49.153ms
[2025-11-07T23:00:07.193+0000][gc,cpu        ] GC(202) User=0.07s Sys=0.00s Real=0.05s
[2025-11-07T23:01:22.652+0000][gc,start      ] GC(203) Pause Young (Normal) (G1 Evacuation Pause)
[2025-11-07T23:01:22.653+0000][gc,task       ] GC(203) Using 2 workers of 2 for evacuation
[2025-11-07T23:01:22.688+0000][gc,mmu        ] GC(203) MMU target violated: 21.0ms (20.0ms/21.0ms)
[2025-11-07T23:01:22.692+0000][gc,phases     ] GC(203)   Pre Evacuate Collection Set: 0.0ms
[2025-11-07T23:01:22.692+0000][gc,phases     ] GC(203)   Evacuate Collection Set: 29.6ms
[2025-11-07T23:01:22.693+0000][gc,phases     ] GC(203)   Post Evacuate Collection Set: 5.3ms
[2025-11-07T23:01:22.694+0000][gc,phases     ] GC(203)   Other: 5.0ms
[2025-11-07T23:01:22.694+0000][gc,heap       ] GC(203) Eden regions: 30->0(30)
[2025-11-07T23:01:22.695+0000][gc,heap       ] GC(203) Survivor regions: 4->4(5)
[2025-11-07T23:01:22.695+0000][gc,heap       ] GC(203) Old regions: 204->206
[2025-11-07T23:01:22.696+0000][gc,heap       ] GC(203) Humongous regions: 147->147
[2025-11-07T23:01:22.696+0000][gc,metaspace  ] GC(203) Metaspace: 53218K(56348K)->53218K(56348K) NonClass: 47315K(48976K)->47315K(48976K) Class: 5903K(7372K)->5903K(7372K)
[2025-11-07T23:01:22.696+0000][gc            ] GC(203) Pause Young (Normal) (G1 Evacuation Pause) 384M->356M(684M) 44.149ms
[2025-11-07T23:01:22.698+0000][gc,cpu        ] GC(203) User=0.06s Sys=0.00s Real=0.05s
[2025-11-07T23:02:38.405+0000][gc,start      ] GC(204) Pause Young (Normal) (G1 Evacuation Pause)
[2025-11-07T23:02:38.407+0000][gc,task       ] GC(204) Using 2 workers of 2 for evacuation
[2025-11-07T23:02:38.446+0000][gc,mmu        ] GC(204) MMU target violated: 21.0ms (20.0ms/21.0ms)
[2025-11-07T23:02:38.447+0000][gc,phases     ] GC(204)   Pre Evacuate Collection Set: 0.0ms
[2025-11-07T23:02:38.448+0000][gc,phases     ] GC(204)   Evacuate Collection Set: 33.4ms
[2025-11-07T23:02:38.449+0000][gc,phases     ] GC(204)   Post Evacuate Collection Set: 2.5ms
[2025-11-07T23:02:38.450+0000][gc,phases     ] GC(204)   Other: 5.7ms
[2025-11-07T23:02:38.451+0000][gc,heap       ] GC(204) Eden regions: 30->0(30)
[2025-11-07T23:02:38.451+0000][gc,heap       ] GC(204) Survivor regions: 4->4(5)
[2025-11-07T23:02:38.452+0000][gc,heap       ] GC(204) Old regions: 206->209
[2025-11-07T23:02:38.452+0000][gc,heap       ] GC(204) Humongous regions: 147->147
[2025-11-07T23:02:38.453+0000][gc,metaspace  ] GC(204) Metaspace: 53218K(56348K)->53218K(56348K) NonClass: 47315K(48976K)->47315K(48976K) Class: 5903K(7372K)->5903K(7372K)
[2025-11-07T23:02:38.454+0000][gc            ] GC(204) Pause Young (Normal) (G1 Evacuation Pause) 386M->358M(684M) 48.425ms
[2025-11-07T23:02:38.454+0000][gc,cpu        ] GC(204) User=0.07s Sys=0.00s Real=0.05s
[2025-11-07T23:03:54.279+0000][gc,start      ] GC(205) Pause Young (Normal) (G1 Evacuation Pause)
[2025-11-07T23:03:54.282+0000][gc,task       ] GC(205) Using 2 workers of 2 for evacuation
[2025-11-07T23:03:54.303+0000][gc,mmu        ] GC(205) MMU target violated: 21.0ms (20.0ms/21.0ms)
[2025-11-07T23:03:54.304+0000][gc,phases     ] GC(205)   Pre Evacuate Collection Set: 0.0ms
[2025-11-07T23:03:54.304+0000][gc,phases     ] GC(205)   Evacuate Collection Set: 19.6ms
[2025-11-07T23:03:54.305+0000][gc,phases     ] GC(205)   Post Evacuate Collection Set: 1.3ms
[2025-11-07T23:03:54.305+0000][gc,phases     ] GC(205)   Other: 3.5ms
[2025-11-07T23:03:54.305+0000][gc,heap       ] GC(205) Eden regions: 30->0(30)
[2025-11-07T23:03:54.306+0000][gc,heap       ] GC(205) Survivor regions: 4->4(5)
[2025-11-07T23:03:54.306+0000][gc,heap       ] GC(205) Old regions: 209->211
[2025-11-07T23:03:54.306+0000][gc,heap       ] GC(205) Humongous regions: 147->147
[2025-11-07T23:03:54.307+0000][gc,metaspace  ] GC(205) Metaspace: 53218K(56348K)->53218K(56348K) NonClass: 47315K(48976K)->47315K(48976K) Class: 5903K(7372K)->5903K(7372K)
[2025-11-07T23:03:54.307+0000][gc            ] GC(205) Pause Young (Normal) (G1 Evacuation Pause) 388M->360M(684M) 27.767ms
[2025-11-07T23:03:54.308+0000][gc,cpu        ] GC(205) User=0.04s Sys=0.00s Real=0.03s
[2025-11-07T23:05:09.635+0000][gc,start      ] GC(206) Pause Young (Normal) (G1 Evacuation Pause)
[2025-11-07T23:05:09.636+0000][gc,task       ] GC(206) Using 2 workers of 2 for evacuation
[2025-11-07T23:05:09.669+0000][gc,mmu        ] GC(206) MMU target violated: 21.0ms (20.0ms/21.0ms)
[2025-11-07T23:05:09.670+0000][gc,phases     ] GC(206)   Pre Evacuate Collection Set: 0.0ms
[2025-11-07T23:05:09.670+0000][gc,phases     ] GC(206)   Evacuate Collection Set: 31.8ms
[2025-11-07T23:05:09.671+0000][gc,phases     ] GC(206)   Post Evacuate Collection Set: 1.2ms
[2025-11-07T23:05:09.671+0000][gc,phases     ] GC(206)   Other: 1.6ms
[2025-11-07T23:05:09.673+0000][gc,heap       ] GC(206) Eden regions: 30->0(31)
[2025-11-07T23:05:09.678+0000][gc,heap       ] GC(206) Survivor regions: 4->3(5)
[2025-11-07T23:05:09.680+0000][gc,heap       ] GC(206) Old regions: 211->213
[2025-11-07T23:05:09.680+0000][gc,heap       ] GC(206) Humongous regions: 147->147
[2025-11-07T23:05:09.680+0000][gc,metaspace  ] GC(206) Metaspace: 53218K(56348K)->53218K(56348K) NonClass: 47315K(48976K)->47315K(48976K) Class: 5903K(7372K)->5903K(7372K)
[2025-11-07T23:05:09.680+0000][gc            ] GC(206) Pause Young (Normal) (G1 Evacuation Pause) 390M->362M(684M) 45.173ms
[2025-11-07T23:05:09.681+0000][gc,cpu        ] GC(206) User=0.05s Sys=0.00s Real=0.05s
[2025-11-07T23:06:27.654+0000][gc,start      ] GC(207) Pause Young (Normal) (G1 Evacuation Pause)
[2025-11-07T23:06:27.654+0000][gc,task       ] GC(207) Using 2 workers of 2 for evacuation
[2025-11-07T23:06:27.670+0000][gc,phases     ] GC(207)   Pre Evacuate Collection Set: 0.0ms
[2025-11-07T23:06:27.670+0000][gc,phases     ] GC(207)   Evacuate Collection Set: 14.2ms
[2025-11-07T23:06:27.670+0000][gc,phases     ] GC(207)   Post Evacuate Collection Set: 0.8ms
[2025-11-07T23:06:27.671+0000][gc,phases     ] GC(207)   Other: 0.8ms
[2025-11-07T23:06:27.671+0000][gc,heap       ] GC(207) Eden regions: 31->0(31)
[2025-11-07T23:06:27.671+0000][gc,heap       ] GC(207) Survivor regions: 3->3(5)
[2025-11-07T23:06:27.671+0000][gc,heap       ] GC(207) Old regions: 213->216
[2025-11-07T23:06:27.671+0000][gc,heap       ] GC(207) Humongous regions: 147->147
[2025-11-07T23:06:27.672+0000][gc,metaspace  ] GC(207) Metaspace: 53218K(56348K)->53218K(56348K) NonClass: 47315K(48976K)->47315K(48976K) Class: 5903K(7372K)->5903K(7372K)
[2025-11-07T23:06:27.672+0000][gc            ] GC(207) Pause Young (Normal) (G1 Evacuation Pause) 393M->365M(684M) 17.550ms
[2025-11-07T23:06:27.672+0000][gc,cpu        ] GC(207) User=0.03s Sys=0.00s Real=0.02s
[2025-11-07T23:07:45.131+0000][gc,start      ] GC(208) Pause Young (Normal) (G1 Evacuation Pause)
[2025-11-07T23:07:45.132+0000][gc,task       ] GC(208) Using 2 workers of 2 for evacuation
[2025-11-07T23:07:45.152+0000][gc,phases     ] GC(208)   Pre Evacuate Collection Set: 0.0ms
[2025-11-07T23:07:45.152+0000][gc,phases     ] GC(208)   Evacuate Collection Set: 18.1ms
[2025-11-07T23:07:45.152+0000][gc,phases     ] GC(208)   Post Evacuate Collection Set: 1.3ms
[2025-11-07T23:07:45.153+0000][gc,phases     ] GC(208)   Other: 1.3ms
[2025-11-07T23:07:45.153+0000][gc,heap       ] GC(208) Eden regions: 31->0(31)
[2025-11-07T23:07:45.153+0000][gc,heap       ] GC(208) Survivor regions: 3->3(5)
[2025-11-07T23:07:45.153+0000][gc,heap       ] GC(208) Old regions: 216->218
[2025-11-07T23:07:45.154+0000][gc,heap       ] GC(208) Humongous regions: 147->147
[2025-11-07T23:07:45.154+0000][gc,metaspace  ] GC(208) Metaspace: 53218K(56348K)->53218K(56348K) NonClass: 47315K(48976K)->47315K(48976K) Class: 5903K(7372K)->5903K(7372K)
[2025-11-07T23:07:45.154+0000][gc            ] GC(208) Pause Young (Normal) (G1 Evacuation Pause) 396M->367M(684M) 23.394ms
[2025-11-07T23:07:45.155+0000][gc,cpu        ] GC(208) User=0.03s Sys=0.00s Real=0.03s
[2025-11-07T23:09:03.566+0000][gc,start      ] GC(209) Pause Young (Normal) (G1 Evacuation Pause)
[2025-11-07T23:09:03.566+0000][gc,task       ] GC(209) Using 2 workers of 2 for evacuation
[2025-11-07T23:09:03.582+0000][gc,phases     ] GC(209)   Pre Evacuate Collection Set: 0.0ms
[2025-11-07T23:09:03.582+0000][gc,phases     ] GC(209)   Evacuate Collection Set: 14.5ms
[2025-11-07T23:09:03.582+0000][gc,phases     ] GC(209)   Post Evacuate Collection Set: 0.6ms
[2025-11-07T23:09:03.582+0000][gc,phases     ] GC(209)   Other: 0.6ms
[2025-11-07T23:09:03.583+0000][gc,heap       ] GC(209) Eden regions: 31->0(29)
[2025-11-07T23:09:03.583+0000][gc,heap       ] GC(209) Survivor regions: 3->5(5)
[2025-11-07T23:09:03.583+0000][gc,heap       ] GC(209) Old regions: 218->220
[2025-11-07T23:09:03.583+0000][gc,heap       ] GC(209) Humongous regions: 147->147
[2025-11-07T23:09:03.583+0000][gc,metaspace  ] GC(209) Metaspace: 53218K(56348K)->53218K(56348K) NonClass: 47315K(48976K)->47315K(48976K) Class: 5903K(7372K)->5903K(7372K)
[2025-11-07T23:09:03.583+0000][gc            ] GC(209) Pause Young (Normal) (G1 Evacuation Pause) 398M->371M(684M) 17.492ms
[2025-11-07T23:09:03.583+0000][gc,cpu        ] GC(209) User=0.03s Sys=0.00s Real=0.01s
[2025-11-07T23:10:16.063+0000][gc,start      ] GC(210) Pause Young (Normal) (G1 Evacuation Pause)
[2025-11-07T23:10:16.064+0000][gc,task       ] GC(210) Using 2 workers of 2 for evacuation
[2025-11-07T23:10:16.085+0000][gc,mmu        ] GC(210) MMU target violated: 21.0ms (20.0ms/21.0ms)
[2025-11-07T23:10:16.086+0000][gc,phases     ] GC(210)   Pre Evacuate Collection Set: 0.0ms
[2025-11-07T23:10:16.086+0000][gc,phases     ] GC(210)   Evacuate Collection Set: 19.5ms
[2025-11-07T23:10:16.088+0000][gc,phases     ] GC(210)   Post Evacuate Collection Set: 1.3ms
[2025-11-07T23:10:16.089+0000][gc,phases     ] GC(210)   Other: 2.2ms
[2025-11-07T23:10:16.090+0000][gc,heap       ] GC(210) Eden regions: 29->0(30)
[2025-11-07T23:10:16.090+0000][gc,heap       ] GC(210) Survivor regions: 5->4(5)
[2025-11-07T23:10:16.090+0000][gc,heap       ] GC(210) Old regions: 220->223
[2025-11-07T23:10:16.092+0000][gc,heap       ] GC(210) Humongous regions: 147->147
[2025-11-07T23:10:16.092+0000][gc,metaspace  ] GC(210) Metaspace: 53218K(56348K)->53218K(56348K) NonClass: 47315K(48976K)->47315K(48976K) Class: 5903K(7372K)->5903K(7372K)
[2025-11-07T23:10:16.093+0000][gc            ] GC(210) Pause Young (Normal) (G1 Evacuation Pause) 400M->374M(684M) 29.860ms
[2025-11-07T23:10:16.094+0000][gc,cpu        ] GC(210) User=0.04s Sys=0.00s Real=0.03s
[2025-11-07T23:11:31.911+0000][gc,start      ] GC(211) Pause Young (Normal) (G1 Evacuation Pause)
[2025-11-07T23:11:31.913+0000][gc,task       ] GC(211) Using 2 workers of 2 for evacuation
[2025-11-07T23:11:31.951+0000][gc,mmu        ] GC(211) MMU target violated: 21.0ms (20.0ms/21.0ms)
[2025-11-07T23:11:31.952+0000][gc,phases     ] GC(211)   Pre Evacuate Collection Set: 0.0ms
[2025-11-07T23:11:31.955+0000][gc,phases     ] GC(211)   Evacuate Collection Set: 35.0ms
[2025-11-07T23:11:31.956+0000][gc,phases     ] GC(211)   Post Evacuate Collection Set: 1.9ms
[2025-11-07T23:11:31.957+0000][gc,phases     ] GC(211)   Other: 3.7ms
[2025-11-07T23:11:31.957+0000][gc,heap       ] GC(211) Eden regions: 30->0(30)
[2025-11-07T23:11:31.958+0000][gc,heap       ] GC(211) Survivor regions: 4->4(5)
[2025-11-07T23:11:31.959+0000][gc,heap       ] GC(211) Old regions: 223->226
[2025-11-07T23:11:31.962+0000][gc,heap       ] GC(211) Humongous regions: 147->147
[2025-11-07T23:11:31.962+0000][gc,metaspace  ] GC(211) Metaspace: 53218K(56348K)->53218K(56348K) NonClass: 47315K(48976K)->47315K(48976K) Class: 5903K(7372K)->5903K(7372K)
[2025-11-07T23:11:31.964+0000][gc            ] GC(211) Pause Young (Normal) (G1 Evacuation Pause) 403M->376M(684M) 52.968ms
[2025-11-07T23:11:31.965+0000][gc,cpu        ] GC(211) User=0.07s Sys=0.00s Real=0.05s
[2025-11-07T23:12:47.482+0000][gc,start      ] GC(212) Pause Young (Normal) (G1 Evacuation Pause)
[2025-11-07T23:12:47.482+0000][gc,task       ] GC(212) Using 2 workers of 2 for evacuation
[2025-11-07T23:12:47.500+0000][gc,phases     ] GC(212)   Pre Evacuate Collection Set: 0.0ms
[2025-11-07T23:12:47.500+0000][gc,phases     ] GC(212)   Evacuate Collection Set: 16.5ms
[2025-11-07T23:12:47.501+0000][gc,phases     ] GC(212)   Post Evacuate Collection Set: 0.7ms
[2025-11-07T23:12:47.502+0000][gc,phases     ] GC(212)   Other: 1.0ms
[2025-11-07T23:12:47.502+0000][gc,heap       ] GC(212) Eden regions: 30->0(30)
[2025-11-07T23:12:47.503+0000][gc,heap       ] GC(212) Survivor regions: 4->4(5)
[2025-11-07T23:12:47.503+0000][gc,heap       ] GC(212) Old regions: 226->228
[2025-11-07T23:12:47.504+0000][gc,heap       ] GC(212) Humongous regions: 147->147
[2025-11-07T23:12:47.504+0000][gc,metaspace  ] GC(212) Metaspace: 53218K(56348K)->53218K(56348K) NonClass: 47315K(48976K)->47315K(48976K) Class: 5903K(7372K)->5903K(7372K)
[2025-11-07T23:12:47.504+0000][gc            ] GC(212) Pause Young (Normal) (G1 Evacuation Pause) 406M->378M(684M) 22.651ms
[2025-11-07T23:12:47.505+0000][gc,cpu        ] GC(212) User=0.04s Sys=0.00s Real=0.02s
[2025-11-07T23:14:02.711+0000][gc,start      ] GC(213) Pause Young (Normal) (G1 Evacuation Pause)
[2025-11-07T23:14:02.712+0000][gc,task       ] GC(213) Using 2 workers of 2 for evacuation
[2025-11-07T23:14:02.730+0000][gc,phases     ] GC(213)   Pre Evacuate Collection Set: 0.0ms
[2025-11-07T23:14:02.731+0000][gc,phases     ] GC(213)   Evacuate Collection Set: 17.0ms
[2025-11-07T23:14:02.731+0000][gc,phases     ] GC(213)   Post Evacuate Collection Set: 1.0ms
[2025-11-07T23:14:02.731+0000][gc,phases     ] GC(213)   Other: 0.9ms
[2025-11-07T23:14:02.731+0000][gc,heap       ] GC(213) Eden regions: 30->0(30)
[2025-11-07T23:14:02.732+0000][gc,heap       ] GC(213) Survivor regions: 4->4(5)
[2025-11-07T23:14:02.732+0000][gc,heap       ] GC(213) Old regions: 228->230
[2025-11-07T23:14:02.732+0000][gc,heap       ] GC(213) Humongous regions: 147->147
[2025-11-07T23:14:02.732+0000][gc,metaspace  ] GC(213) Metaspace: 53218K(56348K)->53218K(56348K) NonClass: 47315K(48976K)->47315K(48976K) Class: 5903K(7372K)->5903K(7372K)
[2025-11-07T23:14:02.733+0000][gc            ] GC(213) Pause Young (Normal) (G1 Evacuation Pause) 408M->380M(684M) 21.199ms
[2025-11-07T23:14:02.733+0000][gc,cpu        ] GC(213) User=0.03s Sys=0.00s Real=0.02s
[2025-11-07T23:15:18.392+0000][gc,start      ] GC(214) Pause Young (Normal) (G1 Evacuation Pause)
[2025-11-07T23:15:18.393+0000][gc,task       ] GC(214) Using 2 workers of 2 for evacuation
[2025-11-07T23:15:18.416+0000][gc,mmu        ] GC(214) MMU target violated: 21.0ms (20.0ms/21.0ms)
[2025-11-07T23:15:18.417+0000][gc,phases     ] GC(214)   Pre Evacuate Collection Set: 0.0ms
[2025-11-07T23:15:18.418+0000][gc,phases     ] GC(214)   Evacuate Collection Set: 21.2ms
[2025-11-07T23:15:18.418+0000][gc,phases     ] GC(214)   Post Evacuate Collection Set: 1.4ms
[2025-11-07T23:15:18.419+0000][gc,phases     ] GC(214)   Other: 2.4ms
[2025-11-07T23:15:18.420+0000][gc,heap       ] GC(214) Eden regions: 30->0(30)
[2025-11-07T23:15:18.421+0000][gc,heap       ] GC(214) Survivor regions: 4->4(5)
[2025-11-07T23:15:18.421+0000][gc,heap       ] GC(214) Old regions: 230->233
[2025-11-07T23:15:18.422+0000][gc,heap       ] GC(214) Humongous regions: 147->147
[2025-11-07T23:15:18.422+0000][gc,metaspace  ] GC(214) Metaspace: 53218K(56348K)->53218K(56348K) NonClass: 47315K(48976K)->47315K(48976K) Class: 5903K(7372K)->5903K(7372K)
[2025-11-07T23:15:18.423+0000][gc            ] GC(214) Pause Young (Normal) (G1 Evacuation Pause) 410M->383M(684M) 31.055ms
[2025-11-07T23:15:18.424+0000][gc,cpu        ] GC(214) User=0.05s Sys=0.00s Real=0.03s
[2025-11-07T23:16:33.656+0000][gc,start      ] GC(215) Pause Young (Normal) (G1 Evacuation Pause)
[2025-11-07T23:16:33.657+0000][gc,task       ] GC(215) Using 2 workers of 2 for evacuation
[2025-11-07T23:16:33.686+0000][gc,mmu        ] GC(215) MMU target violated: 21.0ms (20.0ms/21.0ms)
[2025-11-07T23:16:33.689+0000][gc,phases     ] GC(215)   Pre Evacuate Collection Set: 0.0ms
[2025-11-07T23:16:33.690+0000][gc,phases     ] GC(215)   Evacuate Collection Set: 24.7ms
[2025-11-07T23:16:33.690+0000][gc,phases     ] GC(215)   Post Evacuate Collection Set: 1.6ms
[2025-11-07T23:16:33.691+0000][gc,phases     ] GC(215)   Other: 7.3ms
[2025-11-07T23:16:33.691+0000][gc,heap       ] GC(215) Eden regions: 30->0(31)
[2025-11-07T23:16:33.692+0000][gc,heap       ] GC(215) Survivor regions: 4->3(5)
[2025-11-07T23:16:33.694+0000][gc,heap       ] GC(215) Old regions: 233->235
[2025-11-07T23:16:33.695+0000][gc,heap       ] GC(215) Humongous regions: 147->147
[2025-11-07T23:16:33.695+0000][gc,metaspace  ] GC(215) Metaspace: 53218K(56348K)->53218K(56348K) NonClass: 47315K(48976K)->47315K(48976K) Class: 5903K(7372K)->5903K(7372K)
[2025-11-07T23:16:33.696+0000][gc            ] GC(215) Pause Young (Normal) (G1 Evacuation Pause) 413M->384M(684M) 39.932ms
[2025-11-07T23:16:33.696+0000][gc,cpu        ] GC(215) User=0.06s Sys=0.00s Real=0.04s
[2025-11-07T23:17:50.561+0000][gc,start      ] GC(216) Pause Young (Normal) (G1 Evacuation Pause)
[2025-11-07T23:17:50.561+0000][gc,task       ] GC(216) Using 2 workers of 2 for evacuation
[2025-11-07T23:17:50.674+0000][gc,mmu        ] GC(216) MMU target violated: 21.0ms (20.0ms/21.0ms)
[2025-11-07T23:17:50.676+0000][gc,phases     ] GC(216)   Pre Evacuate Collection Set: 0.0ms
[2025-11-07T23:17:50.676+0000][gc,phases     ] GC(216)   Evacuate Collection Set: 106.2ms
[2025-11-07T23:17:50.677+0000][gc,phases     ] GC(216)   Post Evacuate Collection Set: 4.8ms
[2025-11-07T23:17:50.677+0000][gc,phases     ] GC(216)   Other: 4.3ms
[2025-11-07T23:17:50.678+0000][gc,heap       ] GC(216) Eden regions: 31->0(31)
[2025-11-07T23:17:50.679+0000][gc,heap       ] GC(216) Survivor regions: 3->3(5)
[2025-11-07T23:17:50.680+0000][gc,heap       ] GC(216) Old regions: 235->238
[2025-11-07T23:17:50.681+0000][gc,heap       ] GC(216) Humongous regions: 147->147
[2025-11-07T23:17:50.681+0000][gc,metaspace  ] GC(216) Metaspace: 53218K(56348K)->53218K(56348K) NonClass: 47315K(48976K)->47315K(48976K) Class: 5903K(7372K)->5903K(7372K)
[2025-11-07T23:17:50.682+0000][gc            ] GC(216) Pause Young (Normal) (G1 Evacuation Pause) 415M->387M(684M) 121.169ms
[2025-11-07T23:17:50.682+0000][gc,cpu        ] GC(216) User=0.18s Sys=0.03s Real=0.13s
[2025-11-07T23:18:32.350+0000][gc,start      ] GC(217) Pause Young (Normal) (G1 Evacuation Pause)
[2025-11-07T23:18:32.350+0000][gc,task       ] GC(217) Using 2 workers of 2 for evacuation
[2025-11-07T23:18:32.373+0000][gc,mmu        ] GC(217) MMU target violated: 21.0ms (20.0ms/21.0ms)
[2025-11-07T23:18:32.374+0000][gc,phases     ] GC(217)   Pre Evacuate Collection Set: 0.0ms
[2025-11-07T23:18:32.375+0000][gc,phases     ] GC(217)   Evacuate Collection Set: 21.4ms
[2025-11-07T23:18:32.375+0000][gc,phases     ] GC(217)   Post Evacuate Collection Set: 1.3ms
[2025-11-07T23:18:32.376+0000][gc,phases     ] GC(217)   Other: 1.4ms
[2025-11-07T23:18:32.376+0000][gc,heap       ] GC(217) Eden regions: 31->0(30)
[2025-11-07T23:18:32.376+0000][gc,heap       ] GC(217) Survivor regions: 3->4(5)
[2025-11-07T23:18:32.377+0000][gc,heap       ] GC(217) Old regions: 238->241
[2025-11-07T23:18:32.377+0000][gc,heap       ] GC(217) Humongous regions: 147->147
[2025-11-07T23:18:32.377+0000][gc,metaspace  ] GC(217) Metaspace: 53230K(56348K)->53230K(56348K) NonClass: 47327K(48976K)->47327K(48976K) Class: 5903K(7372K)->5903K(7372K)
[2025-11-07T23:18:32.378+0000][gc            ] GC(217) Pause Young (Normal) (G1 Evacuation Pause) 418M->391M(684M) 27.901ms
[2025-11-07T23:18:32.378+0000][gc,cpu        ] GC(217) User=0.05s Sys=0.00s Real=0.03s
[2025-11-07T23:18:38.644+0000][gc,start      ] GC(218) Pause Young (Normal) (G1 Evacuation Pause)
[2025-11-07T23:18:38.645+0000][gc,task       ] GC(218) Using 2 workers of 2 for evacuation
[2025-11-07T23:18:38.677+0000][gc,mmu        ] GC(218) MMU target violated: 21.0ms (20.0ms/21.0ms)
[2025-11-07T23:18:38.677+0000][gc,phases     ] GC(218)   Pre Evacuate Collection Set: 0.0ms
[2025-11-07T23:18:38.678+0000][gc,phases     ] GC(218)   Evacuate Collection Set: 29.7ms
[2025-11-07T23:18:38.678+0000][gc,phases     ] GC(218)   Post Evacuate Collection Set: 1.6ms
[2025-11-07T23:18:38.679+0000][gc,phases     ] GC(218)   Other: 1.9ms
[2025-11-07T23:18:38.679+0000][gc,heap       ] GC(218) Eden regions: 30->0(31)
[2025-11-07T23:18:38.679+0000][gc,heap       ] GC(218) Survivor regions: 4->3(5)
[2025-11-07T23:18:38.680+0000][gc,heap       ] GC(218) Old regions: 241->244
[2025-11-07T23:18:38.681+0000][gc,heap       ] GC(218) Humongous regions: 147->147
[2025-11-07T23:18:38.681+0000][gc,metaspace  ] GC(218) Metaspace: 53233K(56348K)->53233K(56348K) NonClass: 47330K(48976K)->47330K(48976K) Class: 5903K(7372K)->5903K(7372K)
[2025-11-07T23:18:38.681+0000][gc            ] GC(218) Pause Young (Normal) (G1 Evacuation Pause) 421M->393M(684M) 37.210ms
[2025-11-07T23:18:38.682+0000][gc,cpu        ] GC(218) User=0.06s Sys=0.00s Real=0.03s
[2025-11-07T23:18:45.797+0000][gc,start      ] GC(219) Pause Young (Normal) (G1 Evacuation Pause)
[2025-11-07T23:18:45.798+0000][gc,task       ] GC(219) Using 2 workers of 2 for evacuation
[2025-11-07T23:18:45.818+0000][gc,phases     ] GC(219)   Pre Evacuate Collection Set: 0.0ms
[2025-11-07T23:18:45.818+0000][gc,phases     ] GC(219)   Evacuate Collection Set: 18.1ms
[2025-11-07T23:18:45.818+0000][gc,phases     ] GC(219)   Post Evacuate Collection Set: 1.1ms
[2025-11-07T23:18:45.819+0000][gc,phases     ] GC(219)   Other: 1.5ms
[2025-11-07T23:18:45.819+0000][gc,heap       ] GC(219) Eden regions: 31->0(32)
[2025-11-07T23:18:45.819+0000][gc,heap       ] GC(219) Survivor regions: 3->2(5)
[2025-11-07T23:18:45.820+0000][gc,heap       ] GC(219) Old regions: 244->246
[2025-11-07T23:18:45.820+0000][gc,heap       ] GC(219) Humongous regions: 147->147
[2025-11-07T23:18:45.820+0000][gc,metaspace  ] GC(219) Metaspace: 53233K(56348K)->53233K(56348K) NonClass: 47330K(48976K)->47330K(48976K) Class: 5903K(7372K)->5903K(7372K)
[2025-11-07T23:18:45.820+0000][gc            ] GC(219) Pause Young (Normal) (G1 Evacuation Pause) 424M->394M(684M) 23.330ms
[2025-11-07T23:18:45.821+0000][gc,cpu        ] GC(219) User=0.04s Sys=0.00s Real=0.02s
[2025-11-07T23:18:53.167+0000][gc,start      ] GC(220) Pause Young (Normal) (G1 Evacuation Pause)
[2025-11-07T23:18:53.168+0000][gc,task       ] GC(220) Using 2 workers of 2 for evacuation
[2025-11-07T23:18:53.177+0000][gc,phases     ] GC(220)   Pre Evacuate Collection Set: 0.0ms
[2025-11-07T23:18:53.177+0000][gc,phases     ] GC(220)   Evacuate Collection Set: 8.2ms
[2025-11-07T23:18:53.177+0000][gc,phases     ] GC(220)   Post Evacuate Collection Set: 0.9ms
[2025-11-07T23:18:53.181+0000][gc,phases     ] GC(220)   Other: 0.6ms
[2025-11-07T23:18:53.181+0000][gc,heap       ] GC(220) Eden regions: 32->0(30)
[2025-11-07T23:18:53.181+0000][gc,heap       ] GC(220) Survivor regions: 2->4(5)
[2025-11-07T23:18:53.181+0000][gc,heap       ] GC(220) Old regions: 246->246
[2025-11-07T23:18:53.181+0000][gc,heap       ] GC(220) Humongous regions: 147->147
[2025-11-07T23:18:53.182+0000][gc,metaspace  ] GC(220) Metaspace: 53233K(56348K)->53233K(56348K) NonClass: 47330K(48976K)->47330K(48976K) Class: 5903K(7372K)->5903K(7372K)
[2025-11-07T23:18:53.182+0000][gc            ] GC(220) Pause Young (Normal) (G1 Evacuation Pause) 426M->396M(684M) 14.474ms
[2025-11-07T23:18:53.182+0000][gc,cpu        ] GC(220) User=0.02s Sys=0.00s Real=0.01s
[2025-11-07T23:19:00.517+0000][gc,start      ] GC(221) Pause Young (Normal) (G1 Evacuation Pause)
[2025-11-07T23:19:00.517+0000][gc,task       ] GC(221) Using 2 workers of 2 for evacuation
[2025-11-07T23:19:00.531+0000][gc,phases     ] GC(221)   Pre Evacuate Collection Set: 0.0ms
[2025-11-07T23:19:00.532+0000][gc,phases     ] GC(221)   Evacuate Collection Set: 12.6ms
[2025-11-07T23:19:00.532+0000][gc,phases     ] GC(221)   Post Evacuate Collection Set: 0.9ms
[2025-11-07T23:19:00.532+0000][gc,phases     ] GC(221)   Other: 1.1ms
[2025-11-07T23:19:00.533+0000][gc,heap       ] GC(221) Eden regions: 30->0(31)
[2025-11-07T23:19:00.533+0000][gc,heap       ] GC(221) Survivor regions: 4->3(5)
[2025-11-07T23:19:00.533+0000][gc,heap       ] GC(221) Old regions: 246->248
[2025-11-07T23:19:00.533+0000][gc,heap       ] GC(221) Humongous regions: 147->147
[2025-11-07T23:19:00.533+0000][gc,metaspace  ] GC(221) Metaspace: 53233K(56348K)->53233K(56348K) NonClass: 47330K(48976K)->47330K(48976K) Class: 5903K(7372K)->5903K(7372K)
[2025-11-07T23:19:00.534+0000][gc            ] GC(221) Pause Young (Normal) (G1 Evacuation Pause) 426M->396M(684M) 17.005ms
[2025-11-07T23:19:00.534+0000][gc,cpu        ] GC(221) User=0.03s Sys=0.00s Real=0.01s
[2025-11-07T23:19:08.219+0000][gc,start      ] GC(222) Pause Young (Normal) (G1 Evacuation Pause)
[2025-11-07T23:19:08.220+0000][gc,task       ] GC(222) Using 2 workers of 2 for evacuation
[2025-11-07T23:19:08.235+0000][gc,phases     ] GC(222)   Pre Evacuate Collection Set: 0.1ms
[2025-11-07T23:19:08.236+0000][gc,phases     ] GC(222)   Evacuate Collection Set: 13.9ms
[2025-11-07T23:19:08.236+0000][gc,phases     ] GC(222)   Post Evacuate Collection Set: 0.8ms
[2025-11-07T23:19:08.237+0000][gc,phases     ] GC(222)   Other: 1.1ms
[2025-11-07T23:19:08.237+0000][gc,heap       ] GC(222) Eden regions: 31->0(31)
[2025-11-07T23:19:08.238+0000][gc,heap       ] GC(222) Survivor regions: 3->3(5)
[2025-11-07T23:19:08.238+0000][gc,heap       ] GC(222) Old regions: 248->248
[2025-11-07T23:19:08.238+0000][gc,heap       ] GC(222) Humongous regions: 147->147
[2025-11-07T23:19:08.238+0000][gc,metaspace  ] GC(222) Metaspace: 53233K(56348K)->53233K(56348K) NonClass: 47330K(48976K)->47330K(48976K) Class: 5903K(7372K)->5903K(7372K)
[2025-11-07T23:19:08.239+0000][gc            ] GC(222) Pause Young (Normal) (G1 Evacuation Pause) 427M->397M(684M) 19.456ms
[2025-11-07T23:19:08.239+0000][gc,cpu        ] GC(222) User=0.04s Sys=0.00s Real=0.02s
[2025-11-07T23:19:16.095+0000][gc,start      ] GC(223) Pause Young (Normal) (G1 Evacuation Pause)
[2025-11-07T23:19:16.096+0000][gc,task       ] GC(223) Using 2 workers of 2 for evacuation
[2025-11-07T23:19:16.113+0000][gc,phases     ] GC(223)   Pre Evacuate Collection Set: 0.0ms
[2025-11-07T23:19:16.115+0000][gc,phases     ] GC(223)   Evacuate Collection Set: 15.0ms
[2025-11-07T23:19:16.116+0000][gc,phases     ] GC(223)   Post Evacuate Collection Set: 1.9ms
[2025-11-07T23:19:16.116+0000][gc,phases     ] GC(223)   Other: 1.3ms
[2025-11-07T23:19:16.117+0000][gc,heap       ] GC(223) Eden regions: 31->0(31)
[2025-11-07T23:19:16.117+0000][gc,heap       ] GC(223) Survivor regions: 3->3(5)
[2025-11-07T23:19:16.117+0000][gc,heap       ] GC(223) Old regions: 248->248
[2025-11-07T23:19:16.118+0000][gc,heap       ] GC(223) Humongous regions: 147->147
[2025-11-07T23:19:16.118+0000][gc,metaspace  ] GC(223) Metaspace: 53233K(56348K)->53233K(56348K) NonClass: 47330K(48976K)->47330K(48976K) Class: 5903K(7372K)->5903K(7372K)
[2025-11-07T23:19:16.119+0000][gc            ] GC(223) Pause Young (Normal) (G1 Evacuation Pause) 428M->397M(684M) 23.298ms
[2025-11-07T23:19:16.119+0000][gc,cpu        ] GC(223) User=0.04s Sys=0.00s Real=0.03s
[2025-11-07T23:19:24.409+0000][gc,start      ] GC(224) Pause Young (Normal) (G1 Evacuation Pause)
[2025-11-07T23:19:24.410+0000][gc,task       ] GC(224) Using 2 workers of 2 for evacuation
[2025-11-07T23:19:24.425+0000][gc,phases     ] GC(224)   Pre Evacuate Collection Set: 0.0ms
[2025-11-07T23:19:24.425+0000][gc,phases     ] GC(224)   Evacuate Collection Set: 13.3ms
[2025-11-07T23:19:24.425+0000][gc,phases     ] GC(224)   Post Evacuate Collection Set: 1.2ms
[2025-11-07T23:19:24.426+0000][gc,phases     ] GC(224)   Other: 1.1ms
[2025-11-07T23:19:24.426+0000][gc,heap       ] GC(224) Eden regions: 31->0(31)
[2025-11-07T23:19:24.426+0000][gc,heap       ] GC(224) Survivor regions: 3->3(5)
[2025-11-07T23:19:24.427+0000][gc,heap       ] GC(224) Old regions: 248->248
[2025-11-07T23:19:24.427+0000][gc,heap       ] GC(224) Humongous regions: 147->147
[2025-11-07T23:19:24.427+0000][gc,metaspace  ] GC(224) Metaspace: 53233K(56348K)->53233K(56348K) NonClass: 47330K(48976K)->47330K(48976K) Class: 5903K(7372K)->5903K(7372K)
[2025-11-07T23:19:24.428+0000][gc            ] GC(224) Pause Young (Normal) (G1 Evacuation Pause) 428M->397M(684M) 18.732ms
[2025-11-07T23:19:24.428+0000][gc,cpu        ] GC(224) User=0.03s Sys=0.00s Real=0.02s
[2025-11-07T23:19:32.165+0000][gc,start      ] GC(225) Pause Young (Normal) (G1 Evacuation Pause)
[2025-11-07T23:19:32.165+0000][gc,task       ] GC(225) Using 2 workers of 2 for evacuation
[2025-11-07T23:19:32.177+0000][gc,phases     ] GC(225)   Pre Evacuate Collection Set: 0.0ms
[2025-11-07T23:19:32.177+0000][gc,phases     ] GC(225)   Evacuate Collection Set: 10.3ms
[2025-11-07T23:19:32.177+0000][gc,phases     ] GC(225)   Post Evacuate Collection Set: 0.8ms
[2025-11-07T23:19:32.178+0000][gc,phases     ] GC(225)   Other: 1.1ms
[2025-11-07T23:19:32.178+0000][gc,heap       ] GC(225) Eden regions: 31->0(31)
[2025-11-07T23:19:32.178+0000][gc,heap       ] GC(225) Survivor regions: 3->3(5)
[2025-11-07T23:19:32.179+0000][gc,heap       ] GC(225) Old regions: 248->248
[2025-11-07T23:19:32.179+0000][gc,heap       ] GC(225) Humongous regions: 147->147
[2025-11-07T23:19:32.180+0000][gc,metaspace  ] GC(225) Metaspace: 53233K(56348K)->53233K(56348K) NonClass: 47330K(48976K)->47330K(48976K) Class: 5903K(7372K)->5903K(7372K)
[2025-11-07T23:19:32.180+0000][gc            ] GC(225) Pause Young (Normal) (G1 Evacuation Pause) 428M->397M(684M) 15.521ms
[2025-11-07T23:19:32.181+0000][gc,cpu        ] GC(225) User=0.03s Sys=0.00s Real=0.02s
[2025-11-07T23:19:39.993+0000][gc,start      ] GC(226) Pause Young (Normal) (G1 Evacuation Pause)
[2025-11-07T23:19:39.993+0000][gc,task       ] GC(226) Using 2 workers of 2 for evacuation
[2025-11-07T23:19:40.011+0000][gc,phases     ] GC(226)   Pre Evacuate Collection Set: 0.0ms
[2025-11-07T23:19:40.011+0000][gc,phases     ] GC(226)   Evacuate Collection Set: 15.4ms
[2025-11-07T23:19:40.015+0000][gc,phases     ] GC(226)   Post Evacuate Collection Set: 1.4ms
[2025-11-07T23:19:40.015+0000][gc,phases     ] GC(226)   Other: 1.0ms
[2025-11-07T23:19:40.016+0000][gc,heap       ] GC(226) Eden regions: 31->0(31)
[2025-11-07T23:19:40.016+0000][gc,heap       ] GC(226) Survivor regions: 3->5(5)
[2025-11-07T23:19:40.016+0000][gc,heap       ] GC(226) Old regions: 248->248
[2025-11-07T23:19:40.016+0000][gc,heap       ] GC(226) Humongous regions: 147->147
[2025-11-07T23:19:40.017+0000][gc,metaspace  ] GC(226) Metaspace: 53233K(56348K)->53233K(56348K) NonClass: 47330K(48976K)->47330K(48976K) Class: 5903K(7372K)->5903K(7372K)
[2025-11-07T23:19:40.017+0000][gc            ] GC(226) Pause Young (Normal) (G1 Evacuation Pause) 428M->399M(684M) 23.662ms
[2025-11-07T23:19:40.017+0000][gc,cpu        ] GC(226) User=0.03s Sys=0.00s Real=0.03s
[2025-11-07T23:19:47.664+0000][gc,start      ] GC(227) Pause Young (Normal) (G1 Evacuation Pause)
[2025-11-07T23:19:47.664+0000][gc,task       ] GC(227) Using 2 workers of 2 for evacuation
[2025-11-07T23:19:47.689+0000][gc,mmu        ] GC(227) MMU target violated: 21.0ms (20.0ms/21.0ms)
[2025-11-07T23:19:47.689+0000][gc,phases     ] GC(227)   Pre Evacuate Collection Set: 0.0ms
[2025-11-07T23:19:47.692+0000][gc,phases     ] GC(227)   Evacuate Collection Set: 21.7ms
[2025-11-07T23:19:47.692+0000][gc,phases     ] GC(227)   Post Evacuate Collection Set: 1.4ms
[2025-11-07T23:19:47.692+0000][gc,phases     ] GC(227)   Other: 2.0ms
[2025-11-07T23:19:47.693+0000][gc,heap       ] GC(227) Eden regions: 31->0(31)
[2025-11-07T23:19:47.693+0000][gc,heap       ] GC(227) Survivor regions: 5->3(5)
[2025-11-07T23:19:47.697+0000][gc,heap       ] GC(227) Old regions: 248->250
[2025-11-07T23:19:47.697+0000][gc,heap       ] GC(227) Humongous regions: 147->147
[2025-11-07T23:19:47.698+0000][gc,metaspace  ] GC(227) Metaspace: 53233K(56348K)->53233K(56348K) NonClass: 47330K(48976K)->47330K(48976K) Class: 5903K(7372K)->5903K(7372K)
[2025-11-07T23:19:47.698+0000][gc            ] GC(227) Pause Young (Normal) (G1 Evacuation Pause) 430M->399M(684M) 33.894ms
[2025-11-07T23:19:47.698+0000][gc,cpu        ] GC(227) User=0.05s Sys=0.00s Real=0.04s
[2025-11-07T23:19:56.563+0000][gc,start      ] GC(228) Pause Young (Normal) (G1 Evacuation Pause)
[2025-11-07T23:19:56.564+0000][gc,task       ] GC(228) Using 2 workers of 2 for evacuation
[2025-11-07T23:19:56.594+0000][gc,mmu        ] GC(228) MMU target violated: 21.0ms (20.0ms/21.0ms)
[2025-11-07T23:19:56.596+0000][gc,phases     ] GC(228)   Pre Evacuate Collection Set: 0.0ms
[2025-11-07T23:19:56.597+0000][gc,phases     ] GC(228)   Evacuate Collection Set: 27.6ms
[2025-11-07T23:19:56.597+0000][gc,phases     ] GC(228)   Post Evacuate Collection Set: 1.9ms
[2025-11-07T23:19:56.598+0000][gc,phases     ] GC(228)   Other: 4.1ms
[2025-11-07T23:19:56.599+0000][gc,heap       ] GC(228) Eden regions: 31->0(31)
[2025-11-07T23:19:56.599+0000][gc,heap       ] GC(228) Survivor regions: 3->3(5)
[2025-11-07T23:19:56.608+0000][gc,heap       ] GC(228) Old regions: 250->250
[2025-11-07T23:19:56.608+0000][gc,heap       ] GC(228) Humongous regions: 147->147
[2025-11-07T23:19:56.608+0000][gc,metaspace  ] GC(228) Metaspace: 53233K(56348K)->53233K(56348K) NonClass: 47330K(48976K)->47330K(48976K) Class: 5903K(7372K)->5903K(7372K)
[2025-11-07T23:19:56.609+0000][gc            ] GC(228) Pause Young (Normal) (G1 Evacuation Pause) 430M->399M(684M) 46.069ms
[2025-11-07T23:19:56.609+0000][gc,cpu        ] GC(228) User=0.05s Sys=0.00s Real=0.05s
[2025-11-07T23:20:05.638+0000][gc,start      ] GC(229) Pause Young (Normal) (G1 Evacuation Pause)
[2025-11-07T23:20:05.639+0000][gc,task       ] GC(229) Using 2 workers of 2 for evacuation
[2025-11-07T23:20:05.656+0000][gc,phases     ] GC(229)   Pre Evacuate Collection Set: 0.0ms
[2025-11-07T23:20:05.657+0000][gc,phases     ] GC(229)   Evacuate Collection Set: 13.9ms
[2025-11-07T23:20:05.658+0000][gc,phases     ] GC(229)   Post Evacuate Collection Set: 1.2ms
[2025-11-07T23:20:05.659+0000][gc,phases     ] GC(229)   Other: 3.0ms
[2025-11-07T23:20:05.660+0000][gc,heap       ] GC(229) Eden regions: 31->0(31)
[2025-11-07T23:20:05.660+0000][gc,heap       ] GC(229) Survivor regions: 3->3(5)
[2025-11-07T23:20:05.661+0000][gc,heap       ] GC(229) Old regions: 250->250
[2025-11-07T23:20:05.663+0000][gc,heap       ] GC(229) Humongous regions: 147->147
[2025-11-07T23:20:05.664+0000][gc,metaspace  ] GC(229) Metaspace: 53233K(56348K)->53233K(56348K) NonClass: 47330K(48976K)->47330K(48976K) Class: 5903K(7372K)->5903K(7372K)
[2025-11-07T23:20:05.664+0000][gc            ] GC(229) Pause Young (Normal) (G1 Evacuation Pause) 430M->399M(684M) 25.961ms
[2025-11-07T23:20:05.665+0000][gc,cpu        ] GC(229) User=0.03s Sys=0.00s Real=0.03s
[2025-11-07T23:20:14.068+0000][gc,start      ] GC(230) Pause Young (Normal) (G1 Evacuation Pause)
[2025-11-07T23:20:14.069+0000][gc,task       ] GC(230) Using 2 workers of 2 for evacuation
[2025-11-07T23:20:14.085+0000][gc,phases     ] GC(230)   Pre Evacuate Collection Set: 0.0ms
[2025-11-07T23:20:14.086+0000][gc,phases     ] GC(230)   Evacuate Collection Set: 14.6ms
[2025-11-07T23:20:14.086+0000][gc,phases     ] GC(230)   Post Evacuate Collection Set: 1.4ms
[2025-11-07T23:20:14.087+0000][gc,phases     ] GC(230)   Other: 0.9ms
[2025-11-07T23:20:14.087+0000][gc,heap       ] GC(230) Eden regions: 31->0(31)
[2025-11-07T23:20:14.087+0000][gc,heap       ] GC(230) Survivor regions: 3->3(5)
[2025-11-07T23:20:14.088+0000][gc,heap       ] GC(230) Old regions: 250->250
[2025-11-07T23:20:14.088+0000][gc,heap       ] GC(230) Humongous regions: 147->147
[2025-11-07T23:20:14.089+0000][gc,metaspace  ] GC(230) Metaspace: 53233K(56348K)->53233K(56348K) NonClass: 47330K(48976K)->47330K(48976K) Class: 5903K(7372K)->5903K(7372K)
[2025-11-07T23:20:14.089+0000][gc            ] GC(230) Pause Young (Normal) (G1 Evacuation Pause) 430M->399M(684M) 20.856ms
[2025-11-07T23:20:14.090+0000][gc,cpu        ] GC(230) User=0.03s Sys=0.00s Real=0.02s
[2025-11-07T23:20:21.612+0000][gc,start      ] GC(231) Pause Young (Normal) (G1 Evacuation Pause)
[2025-11-07T23:20:21.612+0000][gc,task       ] GC(231) Using 2 workers of 2 for evacuation
[2025-11-07T23:20:21.629+0000][gc,phases     ] GC(231)   Pre Evacuate Collection Set: 0.0ms
[2025-11-07T23:20:21.629+0000][gc,phases     ] GC(231)   Evacuate Collection Set: 14.6ms
[2025-11-07T23:20:21.630+0000][gc,phases     ] GC(231)   Post Evacuate Collection Set: 1.1ms
[2025-11-07T23:20:21.630+0000][gc,phases     ] GC(231)   Other: 1.2ms
[2025-11-07T23:20:21.631+0000][gc,heap       ] GC(231) Eden regions: 31->0(32)
[2025-11-07T23:20:21.631+0000][gc,heap       ] GC(231) Survivor regions: 3->3(5)
[2025-11-07T23:20:21.632+0000][gc,heap       ] GC(231) Old regions: 250->250
[2025-11-07T23:20:21.632+0000][gc,heap       ] GC(231) Humongous regions: 147->147
[2025-11-07T23:20:21.633+0000][gc,metaspace  ] GC(231) Metaspace: 53233K(56348K)->53233K(56348K) NonClass: 47330K(48976K)->47330K(48976K) Class: 5903K(7372K)->5903K(7372K)
[2025-11-07T23:20:21.633+0000][gc            ] GC(231) Pause Young (Normal) (G1 Evacuation Pause) 430M->399M(684M) 21.139ms
[2025-11-07T23:20:21.634+0000][gc,cpu        ] GC(231) User=0.03s Sys=0.00s Real=0.02s
[2025-11-07T23:20:29.269+0000][gc,start      ] GC(232) Pause Young (Normal) (G1 Evacuation Pause)
[2025-11-07T23:20:29.271+0000][gc,task       ] GC(232) Using 2 workers of 2 for evacuation
[2025-11-07T23:20:29.296+0000][gc,mmu        ] GC(232) MMU target violated: 21.0ms (20.0ms/21.0ms)
[2025-11-07T23:20:29.296+0000][gc,phases     ] GC(232)   Pre Evacuate Collection Set: 0.0ms
[2025-11-07T23:20:29.299+0000][gc,phases     ] GC(232)   Evacuate Collection Set: 22.5ms
[2025-11-07T23:20:29.299+0000][gc,phases     ] GC(232)   Post Evacuate Collection Set: 1.1ms
[2025-11-07T23:20:29.301+0000][gc,phases     ] GC(232)   Other: 3.4ms
[2025-11-07T23:20:29.301+0000][gc,heap       ] GC(232) Eden regions: 32->0(31)
[2025-11-07T23:20:29.303+0000][gc,heap       ] GC(232) Survivor regions: 3->3(5)
[2025-11-07T23:20:29.304+0000][gc,heap       ] GC(232) Old regions: 250->250
[2025-11-07T23:20:29.305+0000][gc,heap       ] GC(232) Humongous regions: 147->147
[2025-11-07T23:20:29.305+0000][gc,metaspace  ] GC(232) Metaspace: 53233K(56348K)->53233K(56348K) NonClass: 47330K(48976K)->47330K(48976K) Class: 5903K(7372K)->5903K(7372K)
[2025-11-07T23:20:29.305+0000][gc            ] GC(232) Pause Young (Normal) (G1 Evacuation Pause) 431M->399M(684M) 36.424ms
[2025-11-07T23:20:29.306+0000][gc,cpu        ] GC(232) User=0.04s Sys=0.00s Real=0.03s
[2025-11-07T23:20:36.934+0000][gc,start      ] GC(233) Pause Young (Normal) (G1 Evacuation Pause)
[2025-11-07T23:20:36.934+0000][gc,task       ] GC(233) Using 2 workers of 2 for evacuation
[2025-11-07T23:20:36.961+0000][gc,mmu        ] GC(233) MMU target violated: 21.0ms (20.0ms/21.0ms)
[2025-11-07T23:20:36.962+0000][gc,phases     ] GC(233)   Pre Evacuate Collection Set: 1.2ms
[2025-11-07T23:20:36.962+0000][gc,phases     ] GC(233)   Evacuate Collection Set: 23.2ms
[2025-11-07T23:20:36.963+0000][gc,phases     ] GC(233)   Post Evacuate Collection Set: 1.7ms
[2025-11-07T23:20:36.963+0000][gc,phases     ] GC(233)   Other: 2.1ms
[2025-11-07T23:20:36.964+0000][gc,heap       ] GC(233) Eden regions: 31->0(31)
[2025-11-07T23:20:36.964+0000][gc,heap       ] GC(233) Survivor regions: 3->3(5)
[2025-11-07T23:20:36.965+0000][gc,heap       ] GC(233) Old regions: 250->250
[2025-11-07T23:20:36.969+0000][gc,heap       ] GC(233) Humongous regions: 147->147
[2025-11-07T23:20:36.971+0000][gc,metaspace  ] GC(233) Metaspace: 53233K(56348K)->53233K(56348K) NonClass: 47330K(48976K)->47330K(48976K) Class: 5903K(7372K)->5903K(7372K)
[2025-11-07T23:20:36.973+0000][gc            ] GC(233) Pause Young (Normal) (G1 Evacuation Pause) 430M->399M(684M) 39.370ms
[2025-11-07T23:20:36.976+0000][gc,cpu        ] GC(233) User=0.04s Sys=0.00s Real=0.04s
[2025-11-07T23:20:45.218+0000][gc,start      ] GC(234) Pause Young (Normal) (G1 Evacuation Pause)
[2025-11-07T23:20:45.220+0000][gc,task       ] GC(234) Using 2 workers of 2 for evacuation
[2025-11-07T23:20:45.252+0000][gc,mmu        ] GC(234) MMU target violated: 21.0ms (20.0ms/21.0ms)
[2025-11-07T23:20:45.253+0000][gc,phases     ] GC(234)   Pre Evacuate Collection Set: 0.0ms
[2025-11-07T23:20:45.254+0000][gc,phases     ] GC(234)   Evacuate Collection Set: 26.0ms
[2025-11-07T23:20:45.254+0000][gc,phases     ] GC(234)   Post Evacuate Collection Set: 4.0ms
[2025-11-07T23:20:45.255+0000][gc,phases     ] GC(234)   Other: 4.7ms
[2025-11-07T23:20:45.255+0000][gc,heap       ] GC(234) Eden regions: 31->0(29)
[2025-11-07T23:20:45.256+0000][gc,heap       ] GC(234) Survivor regions: 3->5(5)
[2025-11-07T23:20:45.256+0000][gc,heap       ] GC(234) Old regions: 250->250
[2025-11-07T23:20:45.256+0000][gc,heap       ] GC(234) Humongous regions: 147->147
[2025-11-07T23:20:45.257+0000][gc,metaspace  ] GC(234) Metaspace: 53233K(56348K)->53233K(56348K) NonClass: 47330K(48976K)->47330K(48976K) Class: 5903K(7372K)->5903K(7372K)
[2025-11-07T23:20:45.258+0000][gc            ] GC(234) Pause Young (Normal) (G1 Evacuation Pause) 430M->401M(684M) 39.542ms
[2025-11-07T23:20:45.258+0000][gc,cpu        ] GC(234) User=0.05s Sys=0.00s Real=0.04s
[2025-11-07T23:20:52.505+0000][gc,start      ] GC(235) Pause Young (Normal) (G1 Evacuation Pause)
[2025-11-07T23:20:52.506+0000][gc,task       ] GC(235) Using 2 workers of 2 for evacuation
[2025-11-07T23:20:52.530+0000][gc,mmu        ] GC(235) MMU target violated: 21.0ms (20.0ms/21.0ms)
[2025-11-07T23:20:52.531+0000][gc,phases     ] GC(235)   Pre Evacuate Collection Set: 0.0ms
[2025-11-07T23:20:52.531+0000][gc,phases     ] GC(235)   Evacuate Collection Set: 21.8ms
[2025-11-07T23:20:52.532+0000][gc,phases     ] GC(235)   Post Evacuate Collection Set: 1.7ms
[2025-11-07T23:20:52.532+0000][gc,phases     ] GC(235)   Other: 2.0ms
[2025-11-07T23:20:52.532+0000][gc,heap       ] GC(235) Eden regions: 29->0(31)
[2025-11-07T23:20:52.533+0000][gc,heap       ] GC(235) Survivor regions: 5->3(5)
[2025-11-07T23:20:52.533+0000][gc,heap       ] GC(235) Old regions: 250->252
[2025-11-07T23:20:52.534+0000][gc,heap       ] GC(235) Humongous regions: 147->147
[2025-11-07T23:20:52.534+0000][gc,metaspace  ] GC(235) Metaspace: 53233K(56348K)->53233K(56348K) NonClass: 47330K(48976K)->47330K(48976K) Class: 5903K(7372K)->5903K(7372K)
[2025-11-07T23:20:52.535+0000][gc            ] GC(235) Pause Young (Normal) (G1 Evacuation Pause) 430M->401M(684M) 29.172ms
[2025-11-07T23:20:52.535+0000][gc,cpu        ] GC(235) User=0.05s Sys=0.00s Real=0.03s
[2025-11-07T23:20:59.878+0000][gc,start      ] GC(236) Pause Young (Normal) (G1 Evacuation Pause)
[2025-11-07T23:20:59.879+0000][gc,task       ] GC(236) Using 2 workers of 2 for evacuation
[2025-11-07T23:20:59.893+0000][gc,phases     ] GC(236)   Pre Evacuate Collection Set: 0.0ms
[2025-11-07T23:20:59.894+0000][gc,phases     ] GC(236)   Evacuate Collection Set: 12.8ms
[2025-11-07T23:20:59.894+0000][gc,phases     ] GC(236)   Post Evacuate Collection Set: 1.4ms
[2025-11-07T23:20:59.895+0000][gc,phases     ] GC(236)   Other: 1.5ms
[2025-11-07T23:20:59.895+0000][gc,heap       ] GC(236) Eden regions: 31->0(31)
[2025-11-07T23:20:59.895+0000][gc,heap       ] GC(236) Survivor regions: 3->3(5)
[2025-11-07T23:20:59.896+0000][gc,heap       ] GC(236) Old regions: 252->252
[2025-11-07T23:20:59.896+0000][gc,heap       ] GC(236) Humongous regions: 147->147
[2025-11-07T23:20:59.897+0000][gc,metaspace  ] GC(236) Metaspace: 53233K(56348K)->53233K(56348K) NonClass: 47330K(48976K)->47330K(48976K) Class: 5903K(7372K)->5903K(7372K)
[2025-11-07T23:20:59.897+0000][gc            ] GC(236) Pause Young (Normal) (G1 Evacuation Pause) 432M->401M(684M) 19.444ms
[2025-11-07T23:20:59.898+0000][gc,cpu        ] GC(236) User=0.02s Sys=0.00s Real=0.02s
[2025-11-07T23:21:07.772+0000][gc,start      ] GC(237) Pause Young (Normal) (G1 Evacuation Pause)
[2025-11-07T23:21:07.773+0000][gc,task       ] GC(237) Using 2 workers of 2 for evacuation
[2025-11-07T23:21:07.785+0000][gc,phases     ] GC(237)   Pre Evacuate Collection Set: 0.0ms
[2025-11-07T23:21:07.786+0000][gc,phases     ] GC(237)   Evacuate Collection Set: 10.5ms
[2025-11-07T23:21:07.786+0000][gc,phases     ] GC(237)   Post Evacuate Collection Set: 1.4ms
[2025-11-07T23:21:07.786+0000][gc,phases     ] GC(237)   Other: 1.1ms
[2025-11-07T23:21:07.787+0000][gc,heap       ] GC(237) Eden regions: 31->0(33)
[2025-11-07T23:21:07.787+0000][gc,heap       ] GC(237) Survivor regions: 3->3(5)
[2025-11-07T23:21:07.787+0000][gc,heap       ] GC(237) Old regions: 252->252
[2025-11-07T23:21:07.788+0000][gc,heap       ] GC(237) Humongous regions: 147->147
[2025-11-07T23:21:07.788+0000][gc,metaspace  ] GC(237) Metaspace: 53233K(56348K)->53233K(56348K) NonClass: 47330K(48976K)->47330K(48976K) Class: 5903K(7372K)->5903K(7372K)
[2025-11-07T23:21:07.788+0000][gc            ] GC(237) Pause Young (Normal) (G1 Evacuation Pause) 432M->401M(684M) 15.858ms
[2025-11-07T23:21:07.789+0000][gc,cpu        ] GC(237) User=0.02s Sys=0.00s Real=0.02s
[2025-11-07T23:21:15.264+0000][gc,start      ] GC(238) Pause Young (Normal) (G1 Evacuation Pause)
[2025-11-07T23:21:15.264+0000][gc,task       ] GC(238) Using 2 workers of 2 for evacuation
[2025-11-07T23:21:15.273+0000][gc,phases     ] GC(238)   Pre Evacuate Collection Set: 0.0ms
[2025-11-07T23:21:15.274+0000][gc,phases     ] GC(238)   Evacuate Collection Set: 8.2ms
[2025-11-07T23:21:15.274+0000][gc,phases     ] GC(238)   Post Evacuate Collection Set: 0.9ms
[2025-11-07T23:21:15.274+0000][gc,phases     ] GC(238)   Other: 0.6ms
[2025-11-07T23:21:15.274+0000][gc,heap       ] GC(238) Eden regions: 32->0(41)
[2025-11-07T23:21:15.274+0000][gc,heap       ] GC(238) Survivor regions: 3->3(5)
[2025-11-07T23:21:15.274+0000][gc,heap       ] GC(238) Old regions: 252->252
[2025-11-07T23:21:15.275+0000][gc,heap       ] GC(238) Humongous regions: 147->147
[2025-11-07T23:21:15.275+0000][gc,metaspace  ] GC(238) Metaspace: 53233K(56348K)->53233K(56348K) NonClass: 47330K(48976K)->47330K(48976K) Class: 5903K(7372K)->5903K(7372K)
[2025-11-07T23:21:15.275+0000][gc            ] GC(238) Pause Young (Normal) (G1 Evacuation Pause) 433M->401M(684M) 11.227ms
[2025-11-07T23:21:15.275+0000][gc,cpu        ] GC(238) User=0.02s Sys=0.00s Real=0.01s
[2025-11-07T23:21:25.007+0000][gc,start      ] GC(239) Pause Young (Normal) (G1 Evacuation Pause)
[2025-11-07T23:21:25.007+0000][gc,task       ] GC(239) Using 2 workers of 2 for evacuation
[2025-11-07T23:21:25.026+0000][gc,phases     ] GC(239)   Pre Evacuate Collection Set: 0.0ms
[2025-11-07T23:21:25.026+0000][gc,phases     ] GC(239)   Evacuate Collection Set: 15.6ms
[2025-11-07T23:21:25.027+0000][gc,phases     ] GC(239)   Post Evacuate Collection Set: 1.6ms
[2025-11-07T23:21:25.027+0000][gc,phases     ] GC(239)   Other: 2.0ms
[2025-11-07T23:21:25.031+0000][gc,heap       ] GC(239) Eden regions: 41->0(40)
[2025-11-07T23:21:25.031+0000][gc,heap       ] GC(239) Survivor regions: 3->4(6)
[2025-11-07T23:21:25.032+0000][gc,heap       ] GC(239) Old regions: 252->252
[2025-11-07T23:21:25.032+0000][gc,heap       ] GC(239) Humongous regions: 147->147
[2025-11-07T23:21:25.033+0000][gc,metaspace  ] GC(239) Metaspace: 53233K(56348K)->53233K(56348K) NonClass: 47330K(48976K)->47330K(48976K) Class: 5903K(7372K)->5903K(7372K)
[2025-11-07T23:21:25.033+0000][gc            ] GC(239) Pause Young (Normal) (G1 Evacuation Pause) 442M->402M(684M) 26.480ms
[2025-11-07T23:21:25.034+0000][gc,cpu        ] GC(239) User=0.03s Sys=0.00s Real=0.03s
[2025-11-07T23:21:34.298+0000][gc,start      ] GC(240) Pause Young (Normal) (G1 Evacuation Pause)
[2025-11-07T23:21:34.298+0000][gc,task       ] GC(240) Using 2 workers of 2 for evacuation
[2025-11-07T23:21:34.319+0000][gc,mmu        ] GC(240) MMU target violated: 20.7ms (20.0ms/21.0ms)
[2025-11-07T23:21:34.320+0000][gc,phases     ] GC(240)   Pre Evacuate Collection Set: 0.0ms
[2025-11-07T23:21:34.320+0000][gc,phases     ] GC(240)   Evacuate Collection Set: 18.7ms
[2025-11-07T23:21:34.321+0000][gc,phases     ] GC(240)   Post Evacuate Collection Set: 1.3ms
[2025-11-07T23:21:34.321+0000][gc,phases     ] GC(240)   Other: 2.2ms
[2025-11-07T23:21:34.323+0000][gc,heap       ] GC(240) Eden regions: 40->0(40)
[2025-11-07T23:21:34.323+0000][gc,heap       ] GC(240) Survivor regions: 4->3(6)
[2025-11-07T23:21:34.323+0000][gc,heap       ] GC(240) Old regions: 252->253
[2025-11-07T23:21:34.324+0000][gc,heap       ] GC(240) Humongous regions: 147->147
[2025-11-07T23:21:34.324+0000][gc,metaspace  ] GC(240) Metaspace: 53233K(56348K)->53233K(56348K) NonClass: 47330K(48976K)->47330K(48976K) Class: 5903K(7372K)->5903K(7372K)
[2025-11-07T23:21:34.324+0000][gc            ] GC(240) Pause Young (Normal) (G1 Evacuation Pause) 442M->401M(684M) 26.509ms
[2025-11-07T23:21:34.325+0000][gc,cpu        ] GC(240) User=0.04s Sys=0.00s Real=0.03s
[2025-11-07T23:21:42.194+0000][gc,start      ] GC(241) Pause Young (Normal) (G1 Evacuation Pause)
[2025-11-07T23:21:42.195+0000][gc,task       ] GC(241) Using 2 workers of 2 for evacuation
[2025-11-07T23:21:42.204+0000][gc,phases     ] GC(241)   Pre Evacuate Collection Set: 0.1ms
[2025-11-07T23:21:42.205+0000][gc,phases     ] GC(241)   Evacuate Collection Set: 8.3ms
[2025-11-07T23:21:42.205+0000][gc,phases     ] GC(241)   Post Evacuate Collection Set: 0.9ms
[2025-11-07T23:21:42.205+0000][gc,phases     ] GC(241)   Other: 1.0ms
[2025-11-07T23:21:42.206+0000][gc,heap       ] GC(241) Eden regions: 34->0(44)
[2025-11-07T23:21:42.206+0000][gc,heap       ] GC(241) Survivor regions: 3->3(5)
[2025-11-07T23:21:42.206+0000][gc,heap       ] GC(241) Old regions: 253->253
[2025-11-07T23:21:42.206+0000][gc,heap       ] GC(241) Humongous regions: 147->147
[2025-11-07T23:21:42.207+0000][gc,metaspace  ] GC(241) Metaspace: 53233K(56348K)->53233K(56348K) NonClass: 47330K(48976K)->47330K(48976K) Class: 5903K(7372K)->5903K(7372K)
[2025-11-07T23:21:42.207+0000][gc            ] GC(241) Pause Young (Normal) (G1 Evacuation Pause) 435M->401M(684M) 12.754ms
[2025-11-07T23:21:42.207+0000][gc,cpu        ] GC(241) User=0.02s Sys=0.00s Real=0.01s
[2025-11-07T23:21:52.781+0000][gc,start      ] GC(242) Pause Young (Normal) (G1 Evacuation Pause)
[2025-11-07T23:21:52.783+0000][gc,task       ] GC(242) Using 2 workers of 2 for evacuation
[2025-11-07T23:21:52.802+0000][gc,phases     ] GC(242)   Pre Evacuate Collection Set: 0.0ms
[2025-11-07T23:21:52.802+0000][gc,phases     ] GC(242)   Evacuate Collection Set: 16.6ms
[2025-11-07T23:21:52.802+0000][gc,phases     ] GC(242)   Post Evacuate Collection Set: 1.1ms
[2025-11-07T23:21:52.803+0000][gc,phases     ] GC(242)   Other: 3.3ms
[2025-11-07T23:21:52.803+0000][gc,heap       ] GC(242) Eden regions: 44->0(45)
[2025-11-07T23:21:52.803+0000][gc,heap       ] GC(242) Survivor regions: 3->5(6)
[2025-11-07T23:21:52.806+0000][gc,heap       ] GC(242) Old regions: 253->253
[2025-11-07T23:21:52.806+0000][gc,heap       ] GC(242) Humongous regions: 147->147
[2025-11-07T23:21:52.807+0000][gc,metaspace  ] GC(242) Metaspace: 53233K(56348K)->53233K(56348K) NonClass: 47330K(48976K)->47330K(48976K) Class: 5903K(7372K)->5903K(7372K)
[2025-11-07T23:21:52.807+0000][gc            ] GC(242) Pause Young (Normal) (G1 Evacuation Pause) 445M->403M(684M) 26.317ms
[2025-11-07T23:21:52.807+0000][gc,cpu        ] GC(242) User=0.03s Sys=0.00s Real=0.02s
[2025-11-07T23:21:59.878+0000][gc,start      ] GC(243) Pause Young (Normal) (G1 Evacuation Pause)
[2025-11-07T23:21:59.878+0000][gc,task       ] GC(243) Using 2 workers of 2 for evacuation
[2025-11-07T23:21:59.894+0000][gc,phases     ] GC(243)   Pre Evacuate Collection Set: 0.0ms
[2025-11-07T23:21:59.894+0000][gc,phases     ] GC(243)   Evacuate Collection Set: 13.7ms
[2025-11-07T23:21:59.894+0000][gc,phases     ] GC(243)   Post Evacuate Collection Set: 1.5ms
[2025-11-07T23:21:59.895+0000][gc,phases     ] GC(243)   Other: 0.8ms
[2025-11-07T23:21:59.895+0000][gc,heap       ] GC(243) Eden regions: 29->0(49)
[2025-11-07T23:21:59.895+0000][gc,heap       ] GC(243) Survivor regions: 5->3(5)
[2025-11-07T23:21:59.895+0000][gc,heap       ] GC(243) Old regions: 253->254
[2025-11-07T23:21:59.896+0000][gc,heap       ] GC(243) Humongous regions: 147->147
[2025-11-07T23:21:59.896+0000][gc,metaspace  ] GC(243) Metaspace: 53233K(56348K)->53233K(56348K) NonClass: 47330K(48976K)->47330K(48976K) Class: 5903K(7372K)->5903K(7372K)
[2025-11-07T23:21:59.896+0000][gc            ] GC(243) Pause Young (Normal) (G1 Evacuation Pause) 432M->402M(684M) 18.728ms
[2025-11-07T23:21:59.897+0000][gc,cpu        ] GC(243) User=0.03s Sys=0.00s Real=0.02s
[2025-11-07T23:22:09.492+0000][gc,start      ] GC(244) Pause Young (Normal) (G1 Evacuation Pause)
[2025-11-07T23:22:09.493+0000][gc,task       ] GC(244) Using 2 workers of 2 for evacuation
[2025-11-07T23:22:09.509+0000][gc,phases     ] GC(244)   Pre Evacuate Collection Set: 0.0ms
[2025-11-07T23:22:09.509+0000][gc,phases     ] GC(244)   Evacuate Collection Set: 12.4ms
[2025-11-07T23:22:09.510+0000][gc,phases     ] GC(244)   Post Evacuate Collection Set: 1.8ms
[2025-11-07T23:22:09.510+0000][gc,phases     ] GC(244)   Other: 2.5ms
[2025-11-07T23:22:09.510+0000][gc,heap       ] GC(244) Eden regions: 40->0(50)
[2025-11-07T23:22:09.512+0000][gc,heap       ] GC(244) Survivor regions: 3->2(6)
[2025-11-07T23:22:09.513+0000][gc,heap       ] GC(244) Old regions: 254->254
[2025-11-07T23:22:09.513+0000][gc,heap       ] GC(244) Humongous regions: 147->147
[2025-11-07T23:22:09.514+0000][gc,metaspace  ] GC(244) Metaspace: 53233K(56348K)->53233K(56348K) NonClass: 47330K(48976K)->47330K(48976K) Class: 5903K(7372K)->5903K(7372K)
[2025-11-07T23:22:09.514+0000][gc            ] GC(244) Pause Young (Normal) (G1 Evacuation Pause) 442M->402M(684M) 22.350ms
[2025-11-07T23:22:09.515+0000][gc,cpu        ] GC(244) User=0.02s Sys=0.00s Real=0.02s
[2025-11-07T23:22:19.446+0000][gc,start      ] GC(245) Pause Young (Normal) (G1 Evacuation Pause)
[2025-11-07T23:22:19.446+0000][gc,task       ] GC(245) Using 2 workers of 2 for evacuation
[2025-11-07T23:22:19.468+0000][gc,mmu        ] GC(245) MMU target violated: 21.0ms (20.0ms/21.0ms)
[2025-11-07T23:22:19.469+0000][gc,phases     ] GC(245)   Pre Evacuate Collection Set: 0.0ms
[2025-11-07T23:22:19.470+0000][gc,phases     ] GC(245)   Evacuate Collection Set: 17.0ms
[2025-11-07T23:22:19.471+0000][gc,phases     ] GC(245)   Post Evacuate Collection Set: 4.0ms
[2025-11-07T23:22:19.471+0000][gc,phases     ] GC(245)   Other: 1.8ms
[2025-11-07T23:22:19.472+0000][gc,heap       ] GC(245) Eden regions: 42->0(44)
[2025-11-07T23:22:19.472+0000][gc,heap       ] GC(245) Survivor regions: 2->3(6)
[2025-11-07T23:22:19.474+0000][gc,heap       ] GC(245) Old regions: 254->254
[2025-11-07T23:22:19.475+0000][gc,heap       ] GC(245) Humongous regions: 147->147
[2025-11-07T23:22:19.476+0000][gc,metaspace  ] GC(245) Metaspace: 53233K(56348K)->53233K(56348K) NonClass: 47330K(48976K)->47330K(48976K) Class: 5903K(7372K)->5903K(7372K)
[2025-11-07T23:22:19.476+0000][gc            ] GC(245) Pause Young (Normal) (G1 Evacuation Pause) 444M->403M(684M) 30.517ms
[2025-11-07T23:22:19.477+0000][gc,cpu        ] GC(245) User=0.03s Sys=0.00s Real=0.03s
[2025-11-07T23:22:29.750+0000][gc,start      ] GC(246) Pause Young (Normal) (G1 Evacuation Pause)
[2025-11-07T23:22:29.750+0000][gc,task       ] GC(246) Using 2 workers of 2 for evacuation
[2025-11-07T23:22:29.769+0000][gc,phases     ] GC(246)   Pre Evacuate Collection Set: 0.0ms
[2025-11-07T23:22:29.770+0000][gc,phases     ] GC(246)   Evacuate Collection Set: 17.5ms
[2025-11-07T23:22:29.772+0000][gc,phases     ] GC(246)   Post Evacuate Collection Set: 1.0ms
[2025-11-07T23:22:29.772+0000][gc,phases     ] GC(246)   Other: 1.0ms
[2025-11-07T23:22:29.773+0000][gc,heap       ] GC(246) Eden regions: 44->0(44)
[2025-11-07T23:22:29.773+0000][gc,heap       ] GC(246) Survivor regions: 3->3(6)
[2025-11-07T23:22:29.773+0000][gc,heap       ] GC(246) Old regions: 254->254
[2025-11-07T23:22:29.774+0000][gc,heap       ] GC(246) Humongous regions: 147->147
[2025-11-07T23:22:29.776+0000][gc,metaspace  ] GC(246) Metaspace: 53233K(56348K)->53233K(56348K) NonClass: 47330K(48976K)->47330K(48976K) Class: 5903K(7372K)->5903K(7372K)
[2025-11-07T23:22:29.777+0000][gc            ] GC(246) Pause Young (Normal) (G1 Evacuation Pause) 447M->403M(684M) 27.206ms
[2025-11-07T23:22:29.778+0000][gc,cpu        ] GC(246) User=0.03s Sys=0.00s Real=0.03s
[2025-11-07T23:22:40.188+0000][gc,start      ] GC(247) Pause Young (Normal) (G1 Evacuation Pause)
[2025-11-07T23:22:40.189+0000][gc,task       ] GC(247) Using 2 workers of 2 for evacuation
[2025-11-07T23:22:40.208+0000][gc,phases     ] GC(247)   Pre Evacuate Collection Set: 0.0ms
[2025-11-07T23:22:40.208+0000][gc,phases     ] GC(247)   Evacuate Collection Set: 14.5ms
[2025-11-07T23:22:40.209+0000][gc,phases     ] GC(247)   Post Evacuate Collection Set: 1.1ms
[2025-11-07T23:22:40.209+0000][gc,phases     ] GC(247)   Other: 4.3ms
[2025-11-07T23:22:40.209+0000][gc,heap       ] GC(247) Eden regions: 44->0(43)
[2025-11-07T23:22:40.209+0000][gc,heap       ] GC(247) Survivor regions: 3->4(6)
[2025-11-07T23:22:40.210+0000][gc,heap       ] GC(247) Old regions: 254->254
[2025-11-07T23:22:40.210+0000][gc,heap       ] GC(247) Humongous regions: 147->147
[2025-11-07T23:22:40.210+0000][gc,metaspace  ] GC(247) Metaspace: 53233K(56348K)->53233K(56348K) NonClass: 47330K(48976K)->47330K(48976K) Class: 5903K(7372K)->5903K(7372K)
[2025-11-07T23:22:40.210+0000][gc            ] GC(247) Pause Young (Normal) (G1 Evacuation Pause) 447M->404M(684M) 22.304ms
[2025-11-07T23:22:40.211+0000][gc,cpu        ] GC(247) User=0.03s Sys=0.00s Real=0.02s
[2025-11-07T23:22:50.345+0000][gc,start      ] GC(248) Pause Young (Normal) (G1 Evacuation Pause)
[2025-11-07T23:22:50.345+0000][gc,task       ] GC(248) Using 2 workers of 2 for evacuation
[2025-11-07T23:22:50.361+0000][gc,phases     ] GC(248)   Pre Evacuate Collection Set: 0.0ms
[2025-11-07T23:22:50.361+0000][gc,phases     ] GC(248)   Evacuate Collection Set: 14.0ms
[2025-11-07T23:22:50.362+0000][gc,phases     ] GC(248)   Post Evacuate Collection Set: 0.7ms
[2025-11-07T23:22:50.362+0000][gc,phases     ] GC(248)   Other: 1.6ms
[2025-11-07T23:22:50.362+0000][gc,heap       ] GC(248) Eden regions: 43->0(43)
[2025-11-07T23:22:50.362+0000][gc,heap       ] GC(248) Survivor regions: 4->3(6)
[2025-11-07T23:22:50.362+0000][gc,heap       ] GC(248) Old regions: 254->255
[2025-11-07T23:22:50.363+0000][gc,heap       ] GC(248) Humongous regions: 147->147
[2025-11-07T23:22:50.363+0000][gc,metaspace  ] GC(248) Metaspace: 53233K(56348K)->53233K(56348K) NonClass: 47330K(48976K)->47330K(48976K) Class: 5903K(7372K)->5903K(7372K)
[2025-11-07T23:22:50.363+0000][gc            ] GC(248) Pause Young (Normal) (G1 Evacuation Pause) 447M->404M(684M) 18.481ms
[2025-11-07T23:22:50.363+0000][gc,cpu        ] GC(248) User=0.03s Sys=0.00s Real=0.02s
[2025-11-07T23:22:59.154+0000][gc,start      ] GC(249) Pause Young (Normal) (G1 Evacuation Pause)
[2025-11-07T23:22:59.155+0000][gc,task       ] GC(249) Using 2 workers of 2 for evacuation
[2025-11-07T23:22:59.172+0000][gc,phases     ] GC(249)   Pre Evacuate Collection Set: 0.0ms
[2025-11-07T23:22:59.172+0000][gc,phases     ] GC(249)   Evacuate Collection Set: 13.6ms
[2025-11-07T23:22:59.172+0000][gc,phases     ] GC(249)   Post Evacuate Collection Set: 1.2ms
[2025-11-07T23:22:59.173+0000][gc,phases     ] GC(249)   Other: 2.8ms
[2025-11-07T23:22:59.173+0000][gc,heap       ] GC(249) Eden regions: 37->0(43)
[2025-11-07T23:22:59.173+0000][gc,heap       ] GC(249) Survivor regions: 3->4(5)
[2025-11-07T23:22:59.173+0000][gc,heap       ] GC(249) Old regions: 255->255
[2025-11-07T23:22:59.174+0000][gc,heap       ] GC(249) Humongous regions: 147->147
[2025-11-07T23:22:59.174+0000][gc,metaspace  ] GC(249) Metaspace: 53233K(56348K)->53233K(56348K) NonClass: 47330K(48976K)->47330K(48976K) Class: 5903K(7372K)->5903K(7372K)
[2025-11-07T23:22:59.174+0000][gc            ] GC(249) Pause Young (Normal) (G1 Evacuation Pause) 441M->404M(684M) 20.125ms
[2025-11-07T23:22:59.175+0000][gc,cpu        ] GC(249) User=0.03s Sys=0.00s Real=0.02s
[2025-11-07T23:23:07.951+0000][gc,start      ] GC(250) Pause Young (Normal) (G1 Evacuation Pause)
[2025-11-07T23:23:07.963+0000][gc,task       ] GC(250) Using 2 workers of 2 for evacuation
[2025-11-07T23:23:07.974+0000][gc,phases     ] GC(250)   Pre Evacuate Collection Set: 0.0ms
[2025-11-07T23:23:07.974+0000][gc,phases     ] GC(250)   Evacuate Collection Set: 9.7ms
[2025-11-07T23:23:07.974+0000][gc,phases     ] GC(250)   Post Evacuate Collection Set: 0.9ms
[2025-11-07T23:23:07.974+0000][gc,phases     ] GC(250)   Other: 12.1ms
[2025-11-07T23:23:07.975+0000][gc,heap       ] GC(250) Eden regions: 37->0(45)
[2025-11-07T23:23:07.975+0000][gc,heap       ] GC(250) Survivor regions: 4->2(6)
[2025-11-07T23:23:07.975+0000][gc,heap       ] GC(250) Old regions: 255->255
[2025-11-07T23:23:07.975+0000][gc,heap       ] GC(250) Humongous regions: 147->147
[2025-11-07T23:23:07.976+0000][gc,metaspace  ] GC(250) Metaspace: 53233K(56348K)->53233K(56348K) NonClass: 47330K(48976K)->47330K(48976K) Class: 5903K(7372K)->5903K(7372K)
[2025-11-07T23:23:07.976+0000][gc            ] GC(250) Pause Young (Normal) (G1 Evacuation Pause) 441M->403M(684M) 25.035ms
[2025-11-07T23:23:07.976+0000][gc,cpu        ] GC(250) User=0.02s Sys=0.00s Real=0.03s
[2025-11-07T23:23:18.963+0000][gc,start      ] GC(251) Pause Young (Normal) (G1 Evacuation Pause)
[2025-11-07T23:23:18.963+0000][gc,task       ] GC(251) Using 2 workers of 2 for evacuation
[2025-11-07T23:23:18.979+0000][gc,phases     ] GC(251)   Pre Evacuate Collection Set: 0.0ms
[2025-11-07T23:23:18.979+0000][gc,phases     ] GC(251)   Evacuate Collection Set: 13.0ms
[2025-11-07T23:23:18.979+0000][gc,phases     ] GC(251)   Post Evacuate Collection Set: 1.7ms
[2025-11-07T23:23:18.980+0000][gc,phases     ] GC(251)   Other: 1.5ms
[2025-11-07T23:23:18.980+0000][gc,heap       ] GC(251) Eden regions: 45->0(46)
[2025-11-07T23:23:18.980+0000][gc,heap       ] GC(251) Survivor regions: 2->4(6)
[2025-11-07T23:23:18.981+0000][gc,heap       ] GC(251) Old regions: 255->255
[2025-11-07T23:23:18.981+0000][gc,heap       ] GC(251) Humongous regions: 147->147
[2025-11-07T23:23:18.981+0000][gc,metaspace  ] GC(251) Metaspace: 53233K(56348K)->53233K(56348K) NonClass: 47330K(48976K)->47330K(48976K) Class: 5903K(7372K)->5903K(7372K)
[2025-11-07T23:23:18.982+0000][gc            ] GC(251) Pause Young (Normal) (G1 Evacuation Pause) 448M->405M(684M) 19.066ms
[2025-11-07T23:23:18.982+0000][gc,cpu        ] GC(251) User=0.03s Sys=0.00s Real=0.02s
[2025-11-07T23:23:30.194+0000][gc,start      ] GC(252) Pause Young (Normal) (G1 Evacuation Pause)
[2025-11-07T23:23:30.196+0000][gc,task       ] GC(252) Using 2 workers of 2 for evacuation
[2025-11-07T23:23:30.270+0000][gc,mmu        ] GC(252) MMU target violated: 21.0ms (20.0ms/21.0ms)
[2025-11-07T23:23:30.271+0000][gc,phases     ] GC(252)   Pre Evacuate Collection Set: 0.0ms
[2025-11-07T23:23:30.271+0000][gc,phases     ] GC(252)   Evacuate Collection Set: 70.5ms
[2025-11-07T23:23:30.272+0000][gc,phases     ] GC(252)   Post Evacuate Collection Set: 0.7ms
[2025-11-07T23:23:30.272+0000][gc,phases     ] GC(252)   Other: 5.8ms
[2025-11-07T23:23:30.273+0000][gc,heap       ] GC(252) Eden regions: 46->0(30)
[2025-11-07T23:23:30.273+0000][gc,heap       ] GC(252) Survivor regions: 4->4(7)
[2025-11-07T23:23:30.273+0000][gc,heap       ] GC(252) Old regions: 255->255
[2025-11-07T23:23:30.274+0000][gc,heap       ] GC(252) Humongous regions: 147->147
[2025-11-07T23:23:30.274+0000][gc,metaspace  ] GC(252) Metaspace: 53233K(56348K)->53233K(56348K) NonClass: 47330K(48976K)->47330K(48976K) Class: 5903K(7372K)->5903K(7372K)
[2025-11-07T23:23:30.275+0000][gc            ] GC(252) Pause Young (Normal) (G1 Evacuation Pause) 451M->405M(684M) 80.617ms
[2025-11-07T23:23:30.275+0000][gc,cpu        ] GC(252) User=0.05s Sys=0.00s Real=0.08s
[2025-11-07T23:23:38.279+0000][gc,start      ] GC(253) Pause Young (Normal) (G1 Evacuation Pause)
[2025-11-07T23:23:38.281+0000][gc,task       ] GC(253) Using 2 workers of 2 for evacuation
[2025-11-07T23:23:38.305+0000][gc,mmu        ] GC(253) MMU target violated: 21.0ms (20.0ms/21.0ms)
[2025-11-07T23:23:38.306+0000][gc,phases     ] GC(253)   Pre Evacuate Collection Set: 0.0ms
[2025-11-07T23:23:38.307+0000][gc,phases     ] GC(253)   Evacuate Collection Set: 20.6ms
[2025-11-07T23:23:38.307+0000][gc,phases     ] GC(253)   Post Evacuate Collection Set: 3.1ms
[2025-11-07T23:23:38.307+0000][gc,phases     ] GC(253)   Other: 2.8ms
[2025-11-07T23:23:38.308+0000][gc,heap       ] GC(253) Eden regions: 30->0(31)
[2025-11-07T23:23:38.308+0000][gc,heap       ] GC(253) Survivor regions: 4->3(5)
[2025-11-07T23:23:38.308+0000][gc,heap       ] GC(253) Old regions: 255->256
[2025-11-07T23:23:38.309+0000][gc,heap       ] GC(253) Humongous regions: 147->147
[2025-11-07T23:23:38.309+0000][gc,metaspace  ] GC(253) Metaspace: 53233K(56348K)->53233K(56348K) NonClass: 47330K(48976K)->47330K(48976K) Class: 5903K(7372K)->5903K(7372K)
[2025-11-07T23:23:38.309+0000][gc            ] GC(253) Pause Young (Normal) (G1 Evacuation Pause) 435M->405M(684M) 30.118ms
[2025-11-07T23:23:38.310+0000][gc,cpu        ] GC(253) User=0.03s Sys=0.00s Real=0.03s
[2025-11-07T23:23:46.123+0000][gc,start      ] GC(254) Pause Young (Normal) (G1 Evacuation Pause)
[2025-11-07T23:23:46.124+0000][gc,task       ] GC(254) Using 2 workers of 2 for evacuation
[2025-11-07T23:23:46.181+0000][gc,mmu        ] GC(254) MMU target violated: 21.0ms (20.0ms/21.0ms)
[2025-11-07T23:23:46.182+0000][gc,phases     ] GC(254)   Pre Evacuate Collection Set: 0.0ms
[2025-11-07T23:23:46.185+0000][gc,phases     ] GC(254)   Evacuate Collection Set: 55.0ms
[2025-11-07T23:23:46.185+0000][gc,phases     ] GC(254)   Post Evacuate Collection Set: 1.4ms
[2025-11-07T23:23:46.186+0000][gc,phases     ] GC(254)   Other: 2.4ms
[2025-11-07T23:23:46.186+0000][gc,heap       ] GC(254) Eden regions: 31->0(31)
[2025-11-07T23:23:46.187+0000][gc,heap       ] GC(254) Survivor regions: 3->3(5)
[2025-11-07T23:23:46.187+0000][gc,heap       ] GC(254) Old regions: 256->256
[2025-11-07T23:23:46.187+0000][gc,heap       ] GC(254) Humongous regions: 147->147
[2025-11-07T23:23:46.188+0000][gc,metaspace  ] GC(254) Metaspace: 53233K(56348K)->53233K(56348K) NonClass: 47330K(48976K)->47330K(48976K) Class: 5903K(7372K)->5903K(7372K)
[2025-11-07T23:23:46.188+0000][gc            ] GC(254) Pause Young (Normal) (G1 Evacuation Pause) 436M->405M(684M) 65.063ms
[2025-11-07T23:23:46.191+0000][gc,cpu        ] GC(254) User=0.03s Sys=0.00s Real=0.06s
[2025-11-07T23:23:54.742+0000][gc,start      ] GC(255) Pause Young (Normal) (G1 Evacuation Pause)
[2025-11-07T23:23:54.743+0000][gc,task       ] GC(255) Using 2 workers of 2 for evacuation
[2025-11-07T23:23:54.777+0000][gc,mmu        ] GC(255) MMU target violated: 21.0ms (20.0ms/21.0ms)
[2025-11-07T23:23:54.777+0000][gc,phases     ] GC(255)   Pre Evacuate Collection Set: 0.0ms
[2025-11-07T23:23:54.778+0000][gc,phases     ] GC(255)   Evacuate Collection Set: 32.9ms
[2025-11-07T23:23:54.780+0000][gc,phases     ] GC(255)   Post Evacuate Collection Set: 0.5ms
[2025-11-07T23:23:54.780+0000][gc,phases     ] GC(255)   Other: 1.7ms
[2025-11-07T23:23:54.780+0000][gc,heap       ] GC(255) Eden regions: 31->0(31)
[2025-11-07T23:23:54.781+0000][gc,heap       ] GC(255) Survivor regions: 3->3(5)
[2025-11-07T23:23:54.781+0000][gc,heap       ] GC(255) Old regions: 256->256
[2025-11-07T23:23:54.782+0000][gc,heap       ] GC(255) Humongous regions: 147->147
[2025-11-07T23:23:54.783+0000][gc,metaspace  ] GC(255) Metaspace: 53233K(56348K)->53233K(56348K) NonClass: 47330K(48976K)->47330K(48976K) Class: 5903K(7372K)->5903K(7372K)
[2025-11-07T23:23:54.783+0000][gc            ] GC(255) Pause Young (Normal) (G1 Evacuation Pause) 436M->404M(684M) 40.952ms
[2025-11-07T23:23:54.784+0000][gc,cpu        ] GC(255) User=0.04s Sys=0.00s Real=0.05s
[2025-11-07T23:24:03.247+0000][gc,start      ] GC(256) Pause Young (Normal) (G1 Evacuation Pause)
[2025-11-07T23:24:03.249+0000][gc,task       ] GC(256) Using 2 workers of 2 for evacuation
[2025-11-07T23:24:03.271+0000][gc,mmu        ] GC(256) MMU target violated: 21.0ms (20.0ms/21.0ms)
[2025-11-07T23:24:03.272+0000][gc,phases     ] GC(256)   Pre Evacuate Collection Set: 0.0ms
[2025-11-07T23:24:03.272+0000][gc,phases     ] GC(256)   Evacuate Collection Set: 21.2ms
[2025-11-07T23:24:03.273+0000][gc,phases     ] GC(256)   Post Evacuate Collection Set: 0.9ms
[2025-11-07T23:24:03.274+0000][gc,phases     ] GC(256)   Other: 2.9ms
[2025-11-07T23:24:03.274+0000][gc,heap       ] GC(256) Eden regions: 31->0(29)
[2025-11-07T23:24:03.275+0000][gc,heap       ] GC(256) Survivor regions: 3->5(5)
[2025-11-07T23:24:03.275+0000][gc,heap       ] GC(256) Old regions: 256->256
[2025-11-07T23:24:03.275+0000][gc,heap       ] GC(256) Humongous regions: 147->147
[2025-11-07T23:24:03.276+0000][gc,metaspace  ] GC(256) Metaspace: 53233K(56348K)->53233K(56348K) NonClass: 47330K(48976K)->47330K(48976K) Class: 5903K(7372K)->5903K(7372K)
[2025-11-07T23:24:03.276+0000][gc            ] GC(256) Pause Young (Normal) (G1 Evacuation Pause) 435M->406M(684M) 29.501ms
[2025-11-07T23:24:03.277+0000][gc,cpu        ] GC(256) User=0.04s Sys=0.00s Real=0.03s
[2025-11-07T23:24:10.887+0000][gc,start      ] GC(257) Pause Young (Normal) (G1 Evacuation Pause)
[2025-11-07T23:24:10.891+0000][gc,task       ] GC(257) Using 2 workers of 2 for evacuation
[2025-11-07T23:24:10.977+0000][gc,mmu        ] GC(257) MMU target violated: 21.0ms (20.0ms/21.0ms)
[2025-11-07T23:24:10.978+0000][gc,phases     ] GC(257)   Pre Evacuate Collection Set: 0.0ms
[2025-11-07T23:24:10.978+0000][gc,phases     ] GC(257)   Evacuate Collection Set: 80.7ms
[2025-11-07T23:24:10.979+0000][gc,phases     ] GC(257)   Post Evacuate Collection Set: 4.6ms
[2025-11-07T23:24:10.981+0000][gc,phases     ] GC(257)   Other: 5.6ms
[2025-11-07T23:24:10.982+0000][gc,heap       ] GC(257) Eden regions: 29->0(31)
[2025-11-07T23:24:10.982+0000][gc,heap       ] GC(257) Survivor regions: 5->3(5)
[2025-11-07T23:24:10.986+0000][gc,heap       ] GC(257) Old regions: 256->258
[2025-11-07T23:24:10.986+0000][gc,heap       ] GC(257) Humongous regions: 147->147
[2025-11-07T23:24:10.987+0000][gc,metaspace  ] GC(257) Metaspace: 53233K(56348K)->53233K(56348K) NonClass: 47330K(48976K)->47330K(48976K) Class: 5903K(7372K)->5903K(7372K)
[2025-11-07T23:24:10.988+0000][gc            ] GC(257) Pause Young (Normal) (G1 Evacuation Pause) 435M->406M(684M) 100.882ms
[2025-11-07T23:24:10.989+0000][gc,cpu        ] GC(257) User=0.04s Sys=0.00s Real=0.10s
[2025-11-07T23:24:19.333+0000][gc,start      ] GC(258) Pause Young (Normal) (G1 Evacuation Pause)
[2025-11-07T23:24:19.334+0000][gc,task       ] GC(258) Using 2 workers of 2 for evacuation
[2025-11-07T23:24:19.383+0000][gc,mmu        ] GC(258) MMU target violated: 21.0ms (20.0ms/21.0ms)
[2025-11-07T23:24:19.387+0000][gc,phases     ] GC(258)   Pre Evacuate Collection Set: 0.0ms
[2025-11-07T23:24:19.388+0000][gc,phases     ] GC(258)   Evacuate Collection Set: 27.3ms
[2025-11-07T23:24:19.391+0000][gc,phases     ] GC(258)   Post Evacuate Collection Set: 15.7ms
[2025-11-07T23:24:19.394+0000][gc,phases     ] GC(258)   Other: 11.4ms
[2025-11-07T23:24:19.398+0000][gc,heap       ] GC(258) Eden regions: 31->0(31)
[2025-11-07T23:24:19.398+0000][gc,heap       ] GC(258) Survivor regions: 3->3(5)
[2025-11-07T23:24:19.399+0000][gc,heap       ] GC(258) Old regions: 258->258
[2025-11-07T23:24:19.400+0000][gc,heap       ] GC(258) Humongous regions: 147->147
[2025-11-07T23:24:19.405+0000][gc,metaspace  ] GC(258) Metaspace: 53233K(56348K)->53233K(56348K) NonClass: 47330K(48976K)->47330K(48976K) Class: 5903K(7372K)->5903K(7372K)
[2025-11-07T23:24:19.409+0000][gc            ] GC(258) Pause Young (Normal) (G1 Evacuation Pause) 437M->406M(684M) 76.322ms
[2025-11-07T23:24:19.410+0000][gc,cpu        ] GC(258) User=0.04s Sys=0.00s Real=0.07s
[2025-11-07T23:24:27.424+0000][gc,start      ] GC(259) Pause Young (Normal) (G1 Evacuation Pause)
[2025-11-07T23:24:27.424+0000][gc,task       ] GC(259) Using 2 workers of 2 for evacuation
[2025-11-07T23:24:27.445+0000][gc,mmu        ] GC(259) MMU target violated: 20.4ms (20.0ms/21.0ms)
[2025-11-07T23:24:27.446+0000][gc,phases     ] GC(259)   Pre Evacuate Collection Set: 0.0ms
[2025-11-07T23:24:27.447+0000][gc,phases     ] GC(259)   Evacuate Collection Set: 14.7ms
[2025-11-07T23:24:27.447+0000][gc,phases     ] GC(259)   Post Evacuate Collection Set: 4.7ms
[2025-11-07T23:24:27.448+0000][gc,phases     ] GC(259)   Other: 2.9ms
[2025-11-07T23:24:27.448+0000][gc,heap       ] GC(259) Eden regions: 31->0(31)
[2025-11-07T23:24:27.449+0000][gc,heap       ] GC(259) Survivor regions: 3->3(5)
[2025-11-07T23:24:27.450+0000][gc,heap       ] GC(259) Old regions: 258->258
[2025-11-07T23:24:27.450+0000][gc,heap       ] GC(259) Humongous regions: 147->147
[2025-11-07T23:24:27.451+0000][gc,metaspace  ] GC(259) Metaspace: 53235K(56348K)->53235K(56348K) NonClass: 47331K(48976K)->47331K(48976K) Class: 5903K(7372K)->5903K(7372K)
[2025-11-07T23:24:27.451+0000][gc            ] GC(259) Pause Young (Normal) (G1 Evacuation Pause) 437M->406M(684M) 26.906ms
[2025-11-07T23:24:27.452+0000][gc,cpu        ] GC(259) User=0.03s Sys=0.00s Real=0.02s
[2025-11-07T23:24:35.657+0000][gc,start      ] GC(260) Pause Young (Normal) (G1 Evacuation Pause)
[2025-11-07T23:24:35.658+0000][gc,task       ] GC(260) Using 2 workers of 2 for evacuation
[2025-11-07T23:24:35.673+0000][gc,phases     ] GC(260)   Pre Evacuate Collection Set: 0.0ms
[2025-11-07T23:24:35.674+0000][gc,phases     ] GC(260)   Evacuate Collection Set: 13.3ms
[2025-11-07T23:24:35.674+0000][gc,phases     ] GC(260)   Post Evacuate Collection Set: 1.5ms
[2025-11-07T23:24:35.674+0000][gc,phases     ] GC(260)   Other: 1.3ms
[2025-11-07T23:24:35.675+0000][gc,heap       ] GC(260) Eden regions: 31->0(31)
[2025-11-07T23:24:35.675+0000][gc,heap       ] GC(260) Survivor regions: 3->3(5)
[2025-11-07T23:24:35.676+0000][gc,heap       ] GC(260) Old regions: 258->258
[2025-11-07T23:24:35.677+0000][gc,heap       ] GC(260) Humongous regions: 147->147
[2025-11-07T23:24:35.677+0000][gc,metaspace  ] GC(260) Metaspace: 53235K(56348K)->53235K(56348K) NonClass: 47331K(48976K)->47331K(48976K) Class: 5903K(7372K)->5903K(7372K)
[2025-11-07T23:24:35.677+0000][gc            ] GC(260) Pause Young (Normal) (G1 Evacuation Pause) 437M->406M(684M) 20.229ms
[2025-11-07T23:24:35.678+0000][gc,cpu        ] GC(260) User=0.03s Sys=0.00s Real=0.02s
[2025-11-07T23:24:44.599+0000][gc,start      ] GC(261) Pause Young (Normal) (G1 Evacuation Pause)
[2025-11-07T23:24:44.600+0000][gc,task       ] GC(261) Using 2 workers of 2 for evacuation
[2025-11-07T23:24:44.613+0000][gc,phases     ] GC(261)   Pre Evacuate Collection Set: 0.3ms
[2025-11-07T23:24:44.614+0000][gc,phases     ] GC(261)   Evacuate Collection Set: 11.9ms
[2025-11-07T23:24:44.614+0000][gc,phases     ] GC(261)   Post Evacuate Collection Set: 1.0ms
[2025-11-07T23:24:44.615+0000][gc,phases     ] GC(261)   Other: 0.9ms
[2025-11-07T23:24:44.615+0000][gc,heap       ] GC(261) Eden regions: 31->0(32)
[2025-11-07T23:24:44.615+0000][gc,heap       ] GC(261) Survivor regions: 3->2(5)
[2025-11-07T23:24:44.616+0000][gc,heap       ] GC(261) Old regions: 258->258
[2025-11-07T23:24:44.616+0000][gc,heap       ] GC(261) Humongous regions: 147->147
[2025-11-07T23:24:44.616+0000][gc,metaspace  ] GC(261) Metaspace: 53235K(56348K)->53235K(56348K) NonClass: 47331K(48976K)->47331K(48976K) Class: 5903K(7372K)->5903K(7372K)
[2025-11-07T23:24:44.617+0000][gc            ] GC(261) Pause Young (Normal) (G1 Evacuation Pause) 437M->406M(684M) 17.289ms
[2025-11-07T23:24:44.617+0000][gc,cpu        ] GC(261) User=0.02s Sys=0.00s Real=0.02s
[2025-11-07T23:24:53.510+0000][gc,start      ] GC(262) Pause Young (Normal) (G1 Evacuation Pause)
[2025-11-07T23:24:53.512+0000][gc,task       ] GC(262) Using 2 workers of 2 for evacuation
[2025-11-07T23:24:53.574+0000][gc,mmu        ] GC(262) MMU target violated: 21.0ms (20.0ms/21.0ms)
[2025-11-07T23:24:53.574+0000][gc,phases     ] GC(262)   Pre Evacuate Collection Set: 0.0ms
[2025-11-07T23:24:53.575+0000][gc,phases     ] GC(262)   Evacuate Collection Set: 60.1ms
[2025-11-07T23:24:53.575+0000][gc,phases     ] GC(262)   Post Evacuate Collection Set: 1.2ms
[2025-11-07T23:24:53.576+0000][gc,phases     ] GC(262)   Other: 3.1ms
[2025-11-07T23:24:53.576+0000][gc,heap       ] GC(262) Eden regions: 32->0(31)
[2025-11-07T23:24:53.577+0000][gc,heap       ] GC(262) Survivor regions: 2->3(5)
[2025-11-07T23:24:53.579+0000][gc,heap       ] GC(262) Old regions: 258->258
[2025-11-07T23:24:53.579+0000][gc,heap       ] GC(262) Humongous regions: 147->147
[2025-11-07T23:24:53.579+0000][gc,metaspace  ] GC(262) Metaspace: 53235K(56348K)->53235K(56348K) NonClass: 47331K(48976K)->47331K(48976K) Class: 5903K(7372K)->5903K(7372K)
[2025-11-07T23:24:53.583+0000][gc            ] GC(262) Pause Young (Normal) (G1 Evacuation Pause) 438M->406M(684M) 72.364ms
[2025-11-07T23:24:53.583+0000][gc,cpu        ] GC(262) User=0.03s Sys=0.00s Real=0.08s
[2025-11-07T23:25:02.693+0000][gc,start      ] GC(263) Pause Young (Normal) (G1 Evacuation Pause)
[2025-11-07T23:25:02.693+0000][gc,task       ] GC(263) Using 2 workers of 2 for evacuation
[2025-11-07T23:25:02.842+0000][gc,mmu        ] GC(263) MMU target violated: 21.0ms (20.0ms/21.0ms)
[2025-11-07T23:25:02.843+0000][gc,phases     ] GC(263)   Pre Evacuate Collection Set: 0.0ms
[2025-11-07T23:25:02.843+0000][gc,phases     ] GC(263)   Evacuate Collection Set: 147.2ms
[2025-11-07T23:25:02.843+0000][gc,phases     ] GC(263)   Post Evacuate Collection Set: 0.8ms
[2025-11-07T23:25:02.844+0000][gc,phases     ] GC(263)   Other: 2.0ms
[2025-11-07T23:25:02.845+0000][gc,heap       ] GC(263) Eden regions: 31->0(30)
[2025-11-07T23:25:02.845+0000][gc,heap       ] GC(263) Survivor regions: 3->4(5)
[2025-11-07T23:25:02.848+0000][gc,heap       ] GC(263) Old regions: 258->258
[2025-11-07T23:25:02.848+0000][gc,heap       ] GC(263) Humongous regions: 147->147
[2025-11-07T23:25:02.849+0000][gc,metaspace  ] GC(263) Metaspace: 53235K(56348K)->53235K(56348K) NonClass: 47331K(48976K)->47331K(48976K) Class: 5903K(7372K)->5903K(7372K)
[2025-11-07T23:25:02.850+0000][gc            ] GC(263) Pause Young (Normal) (G1 Evacuation Pause) 437M->408M(684M) 156.837ms
[2025-11-07T23:25:02.850+0000][gc,cpu        ] GC(263) User=0.07s Sys=0.00s Real=0.15s
[2025-11-07T23:25:10.894+0000][gc,start      ] GC(264) Pause Young (Normal) (G1 Evacuation Pause)
[2025-11-07T23:25:10.898+0000][gc,task       ] GC(264) Using 2 workers of 2 for evacuation
[2025-11-07T23:25:10.954+0000][gc,mmu        ] GC(264) MMU target violated: 21.0ms (20.0ms/21.0ms)
[2025-11-07T23:25:10.955+0000][gc,phases     ] GC(264)   Pre Evacuate Collection Set: 0.0ms
[2025-11-07T23:25:10.955+0000][gc,phases     ] GC(264)   Evacuate Collection Set: 54.1ms
[2025-11-07T23:25:10.956+0000][gc,phases     ] GC(264)   Post Evacuate Collection Set: 1.0ms
[2025-11-07T23:25:10.956+0000][gc,phases     ] GC(264)   Other: 5.5ms
[2025-11-07T23:25:10.957+0000][gc,heap       ] GC(264) Eden regions: 30->0(31)
[2025-11-07T23:25:10.958+0000][gc,heap       ] GC(264) Survivor regions: 4->3(5)
[2025-11-07T23:25:10.959+0000][gc,heap       ] GC(264) Old regions: 258->259
[2025-11-07T23:25:10.959+0000][gc,heap       ] GC(264) Humongous regions: 147->147
[2025-11-07T23:25:10.960+0000][gc,metaspace  ] GC(264) Metaspace: 53235K(56348K)->53235K(56348K) NonClass: 47331K(48976K)->47331K(48976K) Class: 5903K(7372K)->5903K(7372K)
[2025-11-07T23:25:10.961+0000][gc            ] GC(264) Pause Young (Normal) (G1 Evacuation Pause) 438M->407M(684M) 66.941ms
[2025-11-07T23:25:10.962+0000][gc,cpu        ] GC(264) User=0.05s Sys=0.00s Real=0.07s
[2025-11-07T23:25:19.167+0000][gc,start      ] GC(265) Pause Young (Normal) (G1 Evacuation Pause)
[2025-11-07T23:25:19.168+0000][gc,task       ] GC(265) Using 2 workers of 2 for evacuation
[2025-11-07T23:25:19.204+0000][gc,mmu        ] GC(265) MMU target violated: 21.0ms (20.0ms/21.0ms)
[2025-11-07T23:25:19.207+0000][gc,phases     ] GC(265)   Pre Evacuate Collection Set: 0.0ms
[2025-11-07T23:25:19.208+0000][gc,phases     ] GC(265)   Evacuate Collection Set: 34.9ms
[2025-11-07T23:25:19.208+0000][gc,phases     ] GC(265)   Post Evacuate Collection Set: 0.7ms
[2025-11-07T23:25:19.209+0000][gc,phases     ] GC(265)   Other: 5.0ms
[2025-11-07T23:25:19.210+0000][gc,heap       ] GC(265) Eden regions: 31->0(31)
[2025-11-07T23:25:19.210+0000][gc,heap       ] GC(265) Survivor regions: 3->3(5)
[2025-11-07T23:25:19.211+0000][gc,heap       ] GC(265) Old regions: 259->259
[2025-11-07T23:25:19.211+0000][gc,heap       ] GC(265) Humongous regions: 147->147
[2025-11-07T23:25:19.212+0000][gc,metaspace  ] GC(265) Metaspace: 53235K(56348K)->53235K(56348K) NonClass: 47331K(48976K)->47331K(48976K) Class: 5903K(7372K)->5903K(7372K)
[2025-11-07T23:25:19.212+0000][gc            ] GC(265) Pause Young (Normal) (G1 Evacuation Pause) 438M->407M(684M) 45.147ms
[2025-11-07T23:25:19.213+0000][gc,cpu        ] GC(265) User=0.06s Sys=0.00s Real=0.05s
[2025-11-07T23:25:27.566+0000][gc,start      ] GC(266) Pause Young (Normal) (G1 Evacuation Pause)
[2025-11-07T23:25:27.568+0000][gc,task       ] GC(266) Using 2 workers of 2 for evacuation
[2025-11-07T23:25:27.647+0000][gc,mmu        ] GC(266) MMU target violated: 21.0ms (20.0ms/21.0ms)
[2025-11-07T23:25:27.649+0000][gc,phases     ] GC(266)   Pre Evacuate Collection Set: 0.0ms
[2025-11-07T23:25:27.650+0000][gc,phases     ] GC(266)   Evacuate Collection Set: 68.6ms
[2025-11-07T23:25:27.650+0000][gc,phases     ] GC(266)   Post Evacuate Collection Set: 9.9ms
[2025-11-07T23:25:27.651+0000][gc,phases     ] GC(266)   Other: 5.1ms
[2025-11-07T23:25:27.653+0000][gc,heap       ] GC(266) Eden regions: 31->0(31)
[2025-11-07T23:25:27.653+0000][gc,heap       ] GC(266) Survivor regions: 3->3(5)
[2025-11-07T23:25:27.655+0000][gc,heap       ] GC(266) Old regions: 259->259
[2025-11-07T23:25:27.660+0000][gc,heap       ] GC(266) Humongous regions: 147->147
[2025-11-07T23:25:27.660+0000][gc,metaspace  ] GC(266) Metaspace: 53235K(56348K)->53235K(56348K) NonClass: 47332K(48976K)->47332K(48976K) Class: 5903K(7372K)->5903K(7372K)
[2025-11-07T23:25:27.661+0000][gc            ] GC(266) Pause Young (Normal) (G1 Evacuation Pause) 438M->407M(684M) 94.909ms
[2025-11-07T23:25:27.662+0000][gc,cpu        ] GC(266) User=0.03s Sys=0.00s Real=0.10s
[2025-11-07T23:25:36.308+0000][gc,start      ] GC(267) Pause Young (Normal) (G1 Evacuation Pause)
[2025-11-07T23:25:36.309+0000][gc,task       ] GC(267) Using 2 workers of 2 for evacuation
[2025-11-07T23:25:36.343+0000][gc,mmu        ] GC(267) MMU target violated: 21.0ms (20.0ms/21.0ms)
[2025-11-07T23:25:36.344+0000][gc,phases     ] GC(267)   Pre Evacuate Collection Set: 0.0ms
[2025-11-07T23:25:36.347+0000][gc,phases     ] GC(267)   Evacuate Collection Set: 30.9ms
[2025-11-07T23:25:36.348+0000][gc,phases     ] GC(267)   Post Evacuate Collection Set: 2.7ms
[2025-11-07T23:25:36.349+0000][gc,phases     ] GC(267)   Other: 1.7ms
[2025-11-07T23:25:36.349+0000][gc,heap       ] GC(267) Eden regions: 31->0(31)
[2025-11-07T23:25:36.350+0000][gc,heap       ] GC(267) Survivor regions: 3->3(5)
[2025-11-07T23:25:36.351+0000][gc,heap       ] GC(267) Old regions: 259->259
[2025-11-07T23:25:36.352+0000][gc,heap       ] GC(267) Humongous regions: 147->147
[2025-11-07T23:25:36.352+0000][gc,metaspace  ] GC(267) Metaspace: 53235K(56348K)->53235K(56348K) NonClass: 47332K(48976K)->47332K(48976K) Class: 5903K(7372K)->5903K(7372K)
[2025-11-07T23:25:36.354+0000][gc            ] GC(267) Pause Young (Normal) (G1 Evacuation Pause) 438M->407M(684M) 45.198ms
[2025-11-07T23:25:36.356+0000][gc,cpu        ] GC(267) User=0.04s Sys=0.00s Real=0.05s
[2025-11-07T23:25:44.456+0000][gc,start      ] GC(268) Pause Young (Normal) (G1 Evacuation Pause)
[2025-11-07T23:25:44.461+0000][gc,task       ] GC(268) Using 2 workers of 2 for evacuation
[2025-11-07T23:25:44.481+0000][gc,phases     ] GC(268)   Pre Evacuate Collection Set: 0.0ms
[2025-11-07T23:25:44.482+0000][gc,phases     ] GC(268)   Evacuate Collection Set: 17.3ms
[2025-11-07T23:25:44.483+0000][gc,phases     ] GC(268)   Post Evacuate Collection Set: 1.9ms
[2025-11-07T23:25:44.483+0000][gc,phases     ] GC(268)   Other: 5.8ms
[2025-11-07T23:25:44.484+0000][gc,heap       ] GC(268) Eden regions: 31->0(31)
[2025-11-07T23:25:44.485+0000][gc,heap       ] GC(268) Survivor regions: 3->3(5)
[2025-11-07T23:25:44.485+0000][gc,heap       ] GC(268) Old regions: 259->259
[2025-11-07T23:25:44.486+0000][gc,heap       ] GC(268) Humongous regions: 147->147
[2025-11-07T23:25:44.486+0000][gc,metaspace  ] GC(268) Metaspace: 53235K(56348K)->53235K(56348K) NonClass: 47332K(48976K)->47332K(48976K) Class: 5903K(7372K)->5903K(7372K)
[2025-11-07T23:25:44.487+0000][gc            ] GC(268) Pause Young (Normal) (G1 Evacuation Pause) 438M->407M(684M) 30.458ms
[2025-11-07T23:25:44.487+0000][gc,cpu        ] GC(268) User=0.03s Sys=0.00s Real=0.03s
[2025-11-07T23:25:53.257+0000][gc,start      ] GC(269) Pause Young (Normal) (G1 Evacuation Pause)
[2025-11-07T23:25:53.258+0000][gc,task       ] GC(269) Using 2 workers of 2 for evacuation
[2025-11-07T23:25:53.381+0000][gc,mmu        ] GC(269) MMU target violated: 21.0ms (20.0ms/21.0ms)
[2025-11-07T23:25:53.382+0000][gc,phases     ] GC(269)   Pre Evacuate Collection Set: 0.0ms
[2025-11-07T23:25:53.386+0000][gc,phases     ] GC(269)   Evacuate Collection Set: 113.8ms
[2025-11-07T23:25:53.387+0000][gc,phases     ] GC(269)   Post Evacuate Collection Set: 8.0ms
[2025-11-07T23:25:53.388+0000][gc,phases     ] GC(269)   Other: 3.2ms
[2025-11-07T23:25:53.388+0000][gc,heap       ] GC(269) Eden regions: 31->0(30)
[2025-11-07T23:25:53.389+0000][gc,heap       ] GC(269) Survivor regions: 3->4(5)
[2025-11-07T23:25:53.389+0000][gc,heap       ] GC(269) Old regions: 259->259
[2025-11-07T23:25:53.390+0000][gc,heap       ] GC(269) Humongous regions: 147->147
[2025-11-07T23:25:53.391+0000][gc,metaspace  ] GC(269) Metaspace: 53235K(56348K)->53235K(56348K) NonClass: 47332K(48976K)->47332K(48976K) Class: 5903K(7372K)->5903K(7372K)
[2025-11-07T23:25:53.392+0000][gc            ] GC(269) Pause Young (Normal) (G1 Evacuation Pause) 438M->409M(684M) 134.919ms
[2025-11-07T23:25:53.392+0000][gc,cpu        ] GC(269) User=0.07s Sys=0.00s Real=0.14s
[2025-11-07T23:26:01.996+0000][gc,start      ] GC(270) Pause Young (Normal) (G1 Evacuation Pause)
[2025-11-07T23:26:02.000+0000][gc,task       ] GC(270) Using 2 workers of 2 for evacuation
[2025-11-07T23:26:02.038+0000][gc,mmu        ] GC(270) MMU target violated: 21.0ms (20.0ms/21.0ms)
[2025-11-07T23:26:02.038+0000][gc,phases     ] GC(270)   Pre Evacuate Collection Set: 0.0ms
[2025-11-07T23:26:02.039+0000][gc,phases     ] GC(270)   Evacuate Collection Set: 33.6ms
[2025-11-07T23:26:02.041+0000][gc,phases     ] GC(270)   Post Evacuate Collection Set: 1.1ms
[2025-11-07T23:26:02.041+0000][gc,phases     ] GC(270)   Other: 7.0ms
[2025-11-07T23:26:02.042+0000][gc,heap       ] GC(270) Eden regions: 30->0(31)
[2025-11-07T23:26:02.043+0000][gc,heap       ] GC(270) Survivor regions: 4->3(5)
[2025-11-07T23:26:02.044+0000][gc,heap       ] GC(270) Old regions: 259->261
[2025-11-07T23:26:02.045+0000][gc,heap       ] GC(270) Humongous regions: 147->147
[2025-11-07T23:26:02.045+0000][gc,metaspace  ] GC(270) Metaspace: 53235K(56348K)->53235K(56348K) NonClass: 47332K(48976K)->47332K(48976K) Class: 5903K(7372K)->5903K(7372K)
[2025-11-07T23:26:02.046+0000][gc            ] GC(270) Pause Young (Normal) (G1 Evacuation Pause) 439M->409M(684M) 49.426ms
[2025-11-07T23:26:02.048+0000][gc,cpu        ] GC(270) User=0.05s Sys=0.00s Real=0.05s
[2025-11-07T23:26:09.604+0000][gc,start      ] GC(271) Pause Young (Normal) (G1 Evacuation Pause)
[2025-11-07T23:26:09.604+0000][gc,task       ] GC(271) Using 2 workers of 2 for evacuation
[2025-11-07T23:26:09.619+0000][gc,phases     ] GC(271)   Pre Evacuate Collection Set: 0.0ms
[2025-11-07T23:26:09.620+0000][gc,phases     ] GC(271)   Evacuate Collection Set: 12.8ms
[2025-11-07T23:26:09.620+0000][gc,phases     ] GC(271)   Post Evacuate Collection Set: 0.9ms
[2025-11-07T23:26:09.621+0000][gc,phases     ] GC(271)   Other: 1.2ms
[2025-11-07T23:26:09.621+0000][gc,heap       ] GC(271) Eden regions: 31->0(31)
[2025-11-07T23:26:09.622+0000][gc,heap       ] GC(271) Survivor regions: 3->3(5)
[2025-11-07T23:26:09.623+0000][gc,heap       ] GC(271) Old regions: 261->261
[2025-11-07T23:26:09.624+0000][gc,heap       ] GC(271) Humongous regions: 147->147
[2025-11-07T23:26:09.624+0000][gc,metaspace  ] GC(271) Metaspace: 53235K(56348K)->53235K(56348K) NonClass: 47332K(48976K)->47332K(48976K) Class: 5903K(7372K)->5903K(7372K)
[2025-11-07T23:26:09.625+0000][gc            ] GC(271) Pause Young (Normal) (G1 Evacuation Pause) 440M->409M(684M) 21.067ms
[2025-11-07T23:26:09.628+0000][gc,cpu        ] GC(271) User=0.03s Sys=0.00s Real=0.02s
[2025-11-07T23:26:16.951+0000][gc,start      ] GC(272) Pause Young (Normal) (G1 Evacuation Pause)
[2025-11-07T23:26:16.951+0000][gc,task       ] GC(272) Using 2 workers of 2 for evacuation
[2025-11-07T23:26:16.967+0000][gc,phases     ] GC(272)   Pre Evacuate Collection Set: 0.0ms
[2025-11-07T23:26:16.968+0000][gc,phases     ] GC(272)   Evacuate Collection Set: 12.4ms
[2025-11-07T23:26:16.968+0000][gc,phases     ] GC(272)   Post Evacuate Collection Set: 2.5ms
[2025-11-07T23:26:16.969+0000][gc,phases     ] GC(272)   Other: 1.0ms
[2025-11-07T23:26:16.969+0000][gc,heap       ] GC(272) Eden regions: 31->0(31)
[2025-11-07T23:26:16.970+0000][gc,heap       ] GC(272) Survivor regions: 3->3(5)
[2025-11-07T23:26:16.970+0000][gc,heap       ] GC(272) Old regions: 261->261
[2025-11-07T23:26:16.971+0000][gc,heap       ] GC(272) Humongous regions: 147->147
[2025-11-07T23:26:16.971+0000][gc,metaspace  ] GC(272) Metaspace: 53235K(56348K)->53235K(56348K) NonClass: 47332K(48976K)->47332K(48976K) Class: 5903K(7372K)->5903K(7372K)
[2025-11-07T23:26:16.972+0000][gc            ] GC(272) Pause Young (Normal) (G1 Evacuation Pause) 440M->409M(684M) 20.807ms
[2025-11-07T23:26:16.972+0000][gc,cpu        ] GC(272) User=0.03s Sys=0.00s Real=0.02s
[2025-11-07T23:26:24.096+0000][gc,start      ] GC(273) Pause Young (Normal) (G1 Evacuation Pause)
[2025-11-07T23:26:24.097+0000][gc,task       ] GC(273) Using 2 workers of 2 for evacuation
[2025-11-07T23:26:24.108+0000][gc,phases     ] GC(273)   Pre Evacuate Collection Set: 0.0ms
[2025-11-07T23:26:24.108+0000][gc,phases     ] GC(273)   Evacuate Collection Set: 8.7ms
[2025-11-07T23:26:24.108+0000][gc,phases     ] GC(273)   Post Evacuate Collection Set: 1.6ms
[2025-11-07T23:26:24.108+0000][gc,phases     ] GC(273)   Other: 0.9ms
[2025-11-07T23:26:24.109+0000][gc,heap       ] GC(273) Eden regions: 31->0(31)
[2025-11-07T23:26:24.109+0000][gc,heap       ] GC(273) Survivor regions: 3->3(5)
[2025-11-07T23:26:24.109+0000][gc,heap       ] GC(273) Old regions: 261->261
[2025-11-07T23:26:24.109+0000][gc,heap       ] GC(273) Humongous regions: 147->147
[2025-11-07T23:26:24.110+0000][gc,metaspace  ] GC(273) Metaspace: 53235K(56348K)->53235K(56348K) NonClass: 47332K(48976K)->47332K(48976K) Class: 5903K(7372K)->5903K(7372K)
[2025-11-07T23:26:24.110+0000][gc            ] GC(273) Pause Young (Normal) (G1 Evacuation Pause) 440M->409M(684M) 13.380ms
[2025-11-07T23:26:24.110+0000][gc,cpu        ] GC(273) User=0.02s Sys=0.00s Real=0.01s
[2025-11-07T23:26:31.370+0000][gc,start      ] GC(274) Pause Young (Normal) (G1 Evacuation Pause)
[2025-11-07T23:26:31.371+0000][gc,task       ] GC(274) Using 2 workers of 2 for evacuation
[2025-11-07T23:26:31.383+0000][gc,phases     ] GC(274)   Pre Evacuate Collection Set: 0.0ms
[2025-11-07T23:26:31.383+0000][gc,phases     ] GC(274)   Evacuate Collection Set: 10.2ms
[2025-11-07T23:26:31.383+0000][gc,phases     ] GC(274)   Post Evacuate Collection Set: 1.2ms
[2025-11-07T23:26:31.384+0000][gc,phases     ] GC(274)   Other: 1.6ms
[2025-11-07T23:26:31.384+0000][gc,heap       ] GC(274) Eden regions: 31->0(32)
[2025-11-07T23:26:31.384+0000][gc,heap       ] GC(274) Survivor regions: 3->2(5)
[2025-11-07T23:26:31.385+0000][gc,heap       ] GC(274) Old regions: 261->261
[2025-11-07T23:26:31.385+0000][gc,heap       ] GC(274) Humongous regions: 147->147
[2025-11-07T23:26:31.385+0000][gc,metaspace  ] GC(274) Metaspace: 53235K(56348K)->53235K(56348K) NonClass: 47332K(48976K)->47332K(48976K) Class: 5903K(7372K)->5903K(7372K)
[2025-11-07T23:26:31.385+0000][gc            ] GC(274) Pause Young (Normal) (G1 Evacuation Pause) 440M->409M(684M) 15.325ms
[2025-11-07T23:26:31.386+0000][gc,cpu        ] GC(274) User=0.02s Sys=0.00s Real=0.02s
[2025-11-07T23:26:38.677+0000][gc,start      ] GC(275) Pause Young (Normal) (G1 Evacuation Pause)
[2025-11-07T23:26:38.678+0000][gc,task       ] GC(275) Using 2 workers of 2 for evacuation
[2025-11-07T23:26:38.689+0000][gc,phases     ] GC(275)   Pre Evacuate Collection Set: 0.0ms
[2025-11-07T23:26:38.689+0000][gc,phases     ] GC(275)   Evacuate Collection Set: 9.3ms
[2025-11-07T23:26:38.690+0000][gc,phases     ] GC(275)   Post Evacuate Collection Set: 1.1ms
[2025-11-07T23:26:38.690+0000][gc,phases     ] GC(275)   Other: 1.2ms
[2025-11-07T23:26:38.690+0000][gc,heap       ] GC(275) Eden regions: 32->0(31)
[2025-11-07T23:26:38.690+0000][gc,heap       ] GC(275) Survivor regions: 2->3(5)
[2025-11-07T23:26:38.691+0000][gc,heap       ] GC(275) Old regions: 261->261
[2025-11-07T23:26:38.691+0000][gc,heap       ] GC(275) Humongous regions: 147->147
[2025-11-07T23:26:38.692+0000][gc,metaspace  ] GC(275) Metaspace: 53235K(56348K)->53235K(56348K) NonClass: 47332K(48976K)->47332K(48976K) Class: 5903K(7372K)->5903K(7372K)
[2025-11-07T23:26:38.692+0000][gc            ] GC(275) Pause Young (Normal) (G1 Evacuation Pause) 441M->409M(684M) 14.868ms
[2025-11-07T23:26:38.693+0000][gc,cpu        ] GC(275) User=0.02s Sys=0.00s Real=0.02s
[2025-11-07T23:26:45.722+0000][gc,start      ] GC(276) Pause Young (Normal) (G1 Evacuation Pause)
[2025-11-07T23:26:45.722+0000][gc,task       ] GC(276) Using 2 workers of 2 for evacuation
[2025-11-07T23:26:45.735+0000][gc,phases     ] GC(276)   Pre Evacuate Collection Set: 0.0ms
[2025-11-07T23:26:45.735+0000][gc,phases     ] GC(276)   Evacuate Collection Set: 11.0ms
[2025-11-07T23:26:45.736+0000][gc,phases     ] GC(276)   Post Evacuate Collection Set: 0.9ms
[2025-11-07T23:26:45.736+0000][gc,phases     ] GC(276)   Other: 0.9ms
[2025-11-07T23:26:45.737+0000][gc,heap       ] GC(276) Eden regions: 31->0(31)
[2025-11-07T23:26:45.738+0000][gc,heap       ] GC(276) Survivor regions: 3->3(5)
[2025-11-07T23:26:45.738+0000][gc,heap       ] GC(276) Old regions: 261->261
[2025-11-07T23:26:45.738+0000][gc,heap       ] GC(276) Humongous regions: 147->147
[2025-11-07T23:26:45.738+0000][gc,metaspace  ] GC(276) Metaspace: 53235K(56348K)->53235K(56348K) NonClass: 47332K(48976K)->47332K(48976K) Class: 5903K(7372K)->5903K(7372K)
[2025-11-07T23:26:45.738+0000][gc            ] GC(276) Pause Young (Normal) (G1 Evacuation Pause) 440M->409M(684M) 16.424ms
[2025-11-07T23:26:45.739+0000][gc,cpu        ] GC(276) User=0.03s Sys=0.00s Real=0.02s
[2025-11-07T23:26:52.996+0000][gc,start      ] GC(277) Pause Young (Normal) (G1 Evacuation Pause)
[2025-11-07T23:26:52.997+0000][gc,task       ] GC(277) Using 2 workers of 2 for evacuation
[2025-11-07T23:26:53.008+0000][gc,phases     ] GC(277)   Pre Evacuate Collection Set: 0.0ms
[2025-11-07T23:26:53.009+0000][gc,phases     ] GC(277)   Evacuate Collection Set: 10.7ms
[2025-11-07T23:26:53.009+0000][gc,phases     ] GC(277)   Post Evacuate Collection Set: 0.7ms
[2025-11-07T23:26:53.009+0000][gc,phases     ] GC(277)   Other: 0.6ms
[2025-11-07T23:26:53.009+0000][gc,heap       ] GC(277) Eden regions: 31->0(31)
[2025-11-07T23:26:53.009+0000][gc,heap       ] GC(277) Survivor regions: 3->5(5)
[2025-11-07T23:26:53.010+0000][gc,heap       ] GC(277) Old regions: 261->261
[2025-11-07T23:26:53.010+0000][gc,heap       ] GC(277) Humongous regions: 147->147
[2025-11-07T23:26:53.010+0000][gc,metaspace  ] GC(277) Metaspace: 53235K(56348K)->53235K(56348K) NonClass: 47332K(48976K)->47332K(48976K) Class: 5903K(7372K)->5903K(7372K)
[2025-11-07T23:26:53.010+0000][gc            ] GC(277) Pause Young (Normal) (G1 Evacuation Pause) 440M->411M(684M) 13.747ms
[2025-11-07T23:26:53.010+0000][gc,cpu        ] GC(277) User=0.02s Sys=0.00s Real=0.01s
[2025-11-07T23:27:00.032+0000][gc,start      ] GC(278) Pause Young (Normal) (G1 Evacuation Pause)
[2025-11-07T23:27:00.033+0000][gc,task       ] GC(278) Using 2 workers of 2 for evacuation
[2025-11-07T23:27:00.059+0000][gc,mmu        ] GC(278) MMU target violated: 21.0ms (20.0ms/21.0ms)
[2025-11-07T23:27:00.059+0000][gc,phases     ] GC(278)   Pre Evacuate Collection Set: 0.0ms
[2025-11-07T23:27:00.060+0000][gc,phases     ] GC(278)   Evacuate Collection Set: 21.7ms
[2025-11-07T23:27:00.060+0000][gc,phases     ] GC(278)   Post Evacuate Collection Set: 2.8ms
[2025-11-07T23:27:00.062+0000][gc,phases     ] GC(278)   Other: 2.8ms
[2025-11-07T23:27:00.063+0000][gc,heap       ] GC(278) Eden regions: 31->0(31)
[2025-11-07T23:27:00.063+0000][gc,heap       ] GC(278) Survivor regions: 5->3(5)
[2025-11-07T23:27:00.064+0000][gc,heap       ] GC(278) Old regions: 261->262
[2025-11-07T23:27:00.065+0000][gc,heap       ] GC(278) Humongous regions: 147->147
[2025-11-07T23:27:00.065+0000][gc,metaspace  ] GC(278) Metaspace: 53235K(56348K)->53235K(56348K) NonClass: 47332K(48976K)->47332K(48976K) Class: 5903K(7372K)->5903K(7372K)
[2025-11-07T23:27:00.066+0000][gc            ] GC(278) Pause Young (Normal) (G1 Evacuation Pause) 442M->411M(684M) 33.958ms
[2025-11-07T23:27:00.066+0000][gc,cpu        ] GC(278) User=0.05s Sys=0.00s Real=0.04s
[2025-11-07T23:27:06.985+0000][gc,start      ] GC(279) Pause Young (Normal) (G1 Evacuation Pause)
[2025-11-07T23:27:06.986+0000][gc,task       ] GC(279) Using 2 workers of 2 for evacuation
[2025-11-07T23:27:06.996+0000][gc,phases     ] GC(279)   Pre Evacuate Collection Set: 0.0ms
[2025-11-07T23:27:06.996+0000][gc,phases     ] GC(279)   Evacuate Collection Set: 9.0ms
[2025-11-07T23:27:06.997+0000][gc,phases     ] GC(279)   Post Evacuate Collection Set: 0.9ms
[2025-11-07T23:27:06.997+0000][gc,phases     ] GC(279)   Other: 0.6ms
[2025-11-07T23:27:06.997+0000][gc,heap       ] GC(279) Eden regions: 31->0(34)
[2025-11-07T23:27:06.998+0000][gc,heap       ] GC(279) Survivor regions: 3->3(5)
[2025-11-07T23:27:06.998+0000][gc,heap       ] GC(279) Old regions: 262->262
[2025-11-07T23:27:06.998+0000][gc,heap       ] GC(279) Humongous regions: 147->147
[2025-11-07T23:27:06.999+0000][gc,metaspace  ] GC(279) Metaspace: 53235K(56348K)->53235K(56348K) NonClass: 47332K(48976K)->47332K(48976K) Class: 5903K(7372K)->5903K(7372K)
[2025-11-07T23:27:06.999+0000][gc            ] GC(279) Pause Young (Normal) (G1 Evacuation Pause) 442M->411M(684M) 13.567ms
[2025-11-07T23:27:06.999+0000][gc,cpu        ] GC(279) User=0.02s Sys=0.00s Real=0.01s
[2025-11-07T23:27:14.022+0000][gc,start      ] GC(280) Pause Young (Normal) (G1 Evacuation Pause)
[2025-11-07T23:27:14.023+0000][gc,task       ] GC(280) Using 2 workers of 2 for evacuation
[2025-11-07T23:27:14.032+0000][gc,phases     ] GC(280)   Pre Evacuate Collection Set: 0.0ms
[2025-11-07T23:27:14.033+0000][gc,phases     ] GC(280)   Evacuate Collection Set: 8.1ms
[2025-11-07T23:27:14.034+0000][gc,phases     ] GC(280)   Post Evacuate Collection Set: 1.1ms
[2025-11-07T23:27:14.034+0000][gc,phases     ] GC(280)   Other: 0.6ms
[2025-11-07T23:27:14.034+0000][gc,heap       ] GC(280) Eden regions: 31->0(39)
[2025-11-07T23:27:14.034+0000][gc,heap       ] GC(280) Survivor regions: 3->3(5)
[2025-11-07T23:27:14.035+0000][gc,heap       ] GC(280) Old regions: 262->262
[2025-11-07T23:27:14.035+0000][gc,heap       ] GC(280) Humongous regions: 147->147
[2025-11-07T23:27:14.035+0000][gc,metaspace  ] GC(280) Metaspace: 53235K(56348K)->53235K(56348K) NonClass: 47332K(48976K)->47332K(48976K) Class: 5903K(7372K)->5903K(7372K)
[2025-11-07T23:27:14.035+0000][gc            ] GC(280) Pause Young (Normal) (G1 Evacuation Pause) 442M->411M(684M) 12.959ms
[2025-11-07T23:27:14.036+0000][gc,cpu        ] GC(280) User=0.02s Sys=0.00s Real=0.02s
[2025-11-07T23:27:20.618+0000][gc,start      ] GC(281) Pause Young (Normal) (G1 Evacuation Pause)
[2025-11-07T23:27:20.618+0000][gc,task       ] GC(281) Using 2 workers of 2 for evacuation
[2025-11-07T23:27:20.631+0000][gc,phases     ] GC(281)   Pre Evacuate Collection Set: 0.0ms
[2025-11-07T23:27:20.632+0000][gc,phases     ] GC(281)   Evacuate Collection Set: 11.6ms
[2025-11-07T23:27:20.632+0000][gc,phases     ] GC(281)   Post Evacuate Collection Set: 0.9ms
[2025-11-07T23:27:20.632+0000][gc,phases     ] GC(281)   Other: 0.7ms
[2025-11-07T23:27:20.632+0000][gc,heap       ] GC(281) Eden regions: 31->0(38)
[2025-11-07T23:27:20.633+0000][gc,heap       ] GC(281) Survivor regions: 3->4(5)
[2025-11-07T23:27:20.633+0000][gc,heap       ] GC(281) Old regions: 262->262
[2025-11-07T23:27:20.633+0000][gc,heap       ] GC(281) Humongous regions: 147->147
[2025-11-07T23:27:20.634+0000][gc,metaspace  ] GC(281) Metaspace: 53235K(56348K)->53235K(56348K) NonClass: 47332K(48976K)->47332K(48976K) Class: 5903K(7372K)->5903K(7372K)
[2025-11-07T23:27:20.634+0000][gc            ] GC(281) Pause Young (Normal) (G1 Evacuation Pause) 442M->412M(684M) 15.784ms
[2025-11-07T23:27:20.634+0000][gc,cpu        ] GC(281) User=0.02s Sys=0.00s Real=0.01s
[2025-11-07T23:27:27.163+0000][gc,start      ] GC(282) Pause Young (Normal) (G1 Evacuation Pause)
[2025-11-07T23:27:27.163+0000][gc,task       ] GC(282) Using 2 workers of 2 for evacuation
[2025-11-07T23:27:27.180+0000][gc,phases     ] GC(282)   Pre Evacuate Collection Set: 0.0ms
[2025-11-07T23:27:27.180+0000][gc,phases     ] GC(282)   Evacuate Collection Set: 15.0ms
[2025-11-07T23:27:27.180+0000][gc,phases     ] GC(282)   Post Evacuate Collection Set: 0.9ms
[2025-11-07T23:27:27.180+0000][gc,phases     ] GC(282)   Other: 0.8ms
[2025-11-07T23:27:27.181+0000][gc,heap       ] GC(282) Eden regions: 30->0(32)
[2025-11-07T23:27:27.181+0000][gc,heap       ] GC(282) Survivor regions: 4->5(5)
[2025-11-07T23:27:27.181+0000][gc,heap       ] GC(282) Old regions: 262->263
[2025-11-07T23:27:27.181+0000][gc,heap       ] GC(282) Humongous regions: 147->147
[2025-11-07T23:27:27.181+0000][gc,metaspace  ] GC(282) Metaspace: 53235K(56348K)->53235K(56348K) NonClass: 47332K(48976K)->47332K(48976K) Class: 5903K(7372K)->5903K(7372K)
[2025-11-07T23:27:27.182+0000][gc            ] GC(282) Pause Young (Normal) (G1 Evacuation Pause) 442M->414M(684M) 18.702ms
[2025-11-07T23:27:27.182+0000][gc,cpu        ] GC(282) User=0.03s Sys=0.00s Real=0.02s
[2025-11-07T23:27:33.468+0000][gc,start      ] GC(283) Pause Young (Normal) (G1 Evacuation Pause)
[2025-11-07T23:27:33.468+0000][gc,task       ] GC(283) Using 2 workers of 2 for evacuation
[2025-11-07T23:27:33.484+0000][gc,phases     ] GC(283)   Pre Evacuate Collection Set: 0.0ms
[2025-11-07T23:27:33.484+0000][gc,phases     ] GC(283)   Evacuate Collection Set: 14.8ms
[2025-11-07T23:27:33.485+0000][gc,phases     ] GC(283)   Post Evacuate Collection Set: 0.8ms
[2025-11-07T23:27:33.485+0000][gc,phases     ] GC(283)   Other: 0.6ms
[2025-11-07T23:27:33.485+0000][gc,heap       ] GC(283) Eden regions: 29->0(31)
[2025-11-07T23:27:33.485+0000][gc,heap       ] GC(283) Survivor regions: 5->3(5)
[2025-11-07T23:27:33.485+0000][gc,heap       ] GC(283) Old regions: 263->266
[2025-11-07T23:27:33.485+0000][gc,heap       ] GC(283) Humongous regions: 147->147
[2025-11-07T23:27:33.486+0000][gc,metaspace  ] GC(283) Metaspace: 53239K(56348K)->53239K(56348K) NonClass: 47336K(48976K)->47336K(48976K) Class: 5903K(7372K)->5903K(7372K)
[2025-11-07T23:27:33.486+0000][gc            ] GC(283) Pause Young (Normal) (G1 Evacuation Pause) 443M->415M(684M) 17.820ms
[2025-11-07T23:27:33.486+0000][gc,cpu        ] GC(283) User=0.03s Sys=0.00s Real=0.02s
[2025-11-07T23:27:40.379+0000][gc,start      ] GC(284) Pause Young (Normal) (G1 Evacuation Pause)
[2025-11-07T23:27:40.379+0000][gc,task       ] GC(284) Using 2 workers of 2 for evacuation
[2025-11-07T23:27:40.389+0000][gc,phases     ] GC(284)   Pre Evacuate Collection Set: 0.0ms
[2025-11-07T23:27:40.389+0000][gc,phases     ] GC(284)   Evacuate Collection Set: 8.1ms
[2025-11-07T23:27:40.389+0000][gc,phases     ] GC(284)   Post Evacuate Collection Set: 1.0ms
[2025-11-07T23:27:40.390+0000][gc,phases     ] GC(284)   Other: 1.0ms
[2025-11-07T23:27:40.390+0000][gc,heap       ] GC(284) Eden regions: 31->0(35)
[2025-11-07T23:27:40.390+0000][gc,heap       ] GC(284) Survivor regions: 3->2(5)
[2025-11-07T23:27:40.390+0000][gc,heap       ] GC(284) Old regions: 266->266
[2025-11-07T23:27:40.390+0000][gc,heap       ] GC(284) Humongous regions: 147->147
[2025-11-07T23:27:40.391+0000][gc,metaspace  ] GC(284) Metaspace: 53239K(56348K)->53239K(56348K) NonClass: 47336K(48976K)->47336K(48976K) Class: 5903K(7372K)->5903K(7372K)
[2025-11-07T23:27:40.391+0000][gc            ] GC(284) Pause Young (Normal) (G1 Evacuation Pause) 446M->414M(684M) 12.212ms
[2025-11-07T23:27:40.391+0000][gc,cpu        ] GC(284) User=0.02s Sys=0.00s Real=0.01s
[2025-11-07T23:27:48.223+0000][gc,start      ] GC(285) Pause Young (Normal) (G1 Evacuation Pause)
[2025-11-07T23:27:48.223+0000][gc,task       ] GC(285) Using 2 workers of 2 for evacuation
[2025-11-07T23:27:48.233+0000][gc,phases     ] GC(285)   Pre Evacuate Collection Set: 0.0ms
[2025-11-07T23:27:48.234+0000][gc,phases     ] GC(285)   Evacuate Collection Set: 8.4ms
[2025-11-07T23:27:48.234+0000][gc,phases     ] GC(285)   Post Evacuate Collection Set: 1.2ms
[2025-11-07T23:27:48.234+0000][gc,phases     ] GC(285)   Other: 0.9ms
[2025-11-07T23:27:48.234+0000][gc,heap       ] GC(285) Eden regions: 35->0(38)
[2025-11-07T23:27:48.235+0000][gc,heap       ] GC(285) Survivor regions: 2->3(5)
[2025-11-07T23:27:48.235+0000][gc,heap       ] GC(285) Old regions: 266->266
[2025-11-07T23:27:48.235+0000][gc,heap       ] GC(285) Humongous regions: 147->147
[2025-11-07T23:27:48.235+0000][gc,metaspace  ] GC(285) Metaspace: 53239K(56348K)->53239K(56348K) NonClass: 47336K(48976K)->47336K(48976K) Class: 5903K(7372K)->5903K(7372K)
[2025-11-07T23:27:48.236+0000][gc            ] GC(285) Pause Young (Normal) (G1 Evacuation Pause) 449M->415M(684M) 12.482ms
[2025-11-07T23:27:48.236+0000][gc,cpu        ] GC(285) User=0.02s Sys=0.00s Real=0.02s
[2025-11-07T23:27:56.694+0000][gc,start      ] GC(286) Pause Young (Normal) (G1 Evacuation Pause)
[2025-11-07T23:27:56.694+0000][gc,task       ] GC(286) Using 2 workers of 2 for evacuation
[2025-11-07T23:27:56.705+0000][gc,phases     ] GC(286)   Pre Evacuate Collection Set: 0.0ms
[2025-11-07T23:27:56.706+0000][gc,phases     ] GC(286)   Evacuate Collection Set: 9.9ms
[2025-11-07T23:27:56.706+0000][gc,phases     ] GC(286)   Post Evacuate Collection Set: 0.8ms
[2025-11-07T23:27:56.706+0000][gc,phases     ] GC(286)   Other: 0.6ms
[2025-11-07T23:27:56.707+0000][gc,heap       ] GC(286) Eden regions: 38->0(40)
[2025-11-07T23:27:56.707+0000][gc,heap       ] GC(286) Survivor regions: 3->4(6)
[2025-11-07T23:27:56.707+0000][gc,heap       ] GC(286) Old regions: 266->266
[2025-11-07T23:27:56.707+0000][gc,heap       ] GC(286) Humongous regions: 147->147
[2025-11-07T23:27:56.707+0000][gc,metaspace  ] GC(286) Metaspace: 53239K(56348K)->53239K(56348K) NonClass: 47336K(48976K)->47336K(48976K) Class: 5903K(7372K)->5903K(7372K)
[2025-11-07T23:27:56.708+0000][gc            ] GC(286) Pause Young (Normal) (G1 Evacuation Pause) 453M->415M(684M) 13.632ms
[2025-11-07T23:27:56.708+0000][gc,cpu        ] GC(286) User=0.03s Sys=0.00s Real=0.02s
[2025-11-07T23:28:05.779+0000][gc,start      ] GC(287) Pause Young (Normal) (G1 Evacuation Pause)
[2025-11-07T23:28:05.780+0000][gc,task       ] GC(287) Using 2 workers of 2 for evacuation
[2025-11-07T23:28:05.788+0000][gc,phases     ] GC(287)   Pre Evacuate Collection Set: 0.0ms
[2025-11-07T23:28:05.789+0000][gc,phases     ] GC(287)   Evacuate Collection Set: 7.0ms
[2025-11-07T23:28:05.789+0000][gc,phases     ] GC(287)   Post Evacuate Collection Set: 1.2ms
[2025-11-07T23:28:05.789+0000][gc,phases     ] GC(287)   Other: 0.7ms
[2025-11-07T23:28:05.789+0000][gc,heap       ] GC(287) Eden regions: 40->0(48)
[2025-11-07T23:28:05.789+0000][gc,heap       ] GC(287) Survivor regions: 4->2(6)
[2025-11-07T23:28:05.790+0000][gc,heap       ] GC(287) Old regions: 266->267
[2025-11-07T23:28:05.790+0000][gc,heap       ] GC(287) Humongous regions: 147->147
[2025-11-07T23:28:05.790+0000][gc,metaspace  ] GC(287) Metaspace: 53239K(56348K)->53239K(56348K) NonClass: 47336K(48976K)->47336K(48976K) Class: 5903K(7372K)->5903K(7372K)
[2025-11-07T23:28:05.790+0000][gc            ] GC(287) Pause Young (Normal) (G1 Evacuation Pause) 455M->415M(684M) 10.971ms
[2025-11-07T23:28:05.791+0000][gc,cpu        ] GC(287) User=0.02s Sys=0.00s Real=0.01s
[2025-11-07T23:28:16.452+0000][gc,start      ] GC(288) Pause Young (Normal) (G1 Evacuation Pause)
[2025-11-07T23:28:16.453+0000][gc,task       ] GC(288) Using 2 workers of 2 for evacuation
[2025-11-07T23:28:16.463+0000][gc,phases     ] GC(288)   Pre Evacuate Collection Set: 0.0ms
[2025-11-07T23:28:16.464+0000][gc,phases     ] GC(288)   Evacuate Collection Set: 9.6ms
[2025-11-07T23:28:16.464+0000][gc,phases     ] GC(288)   Post Evacuate Collection Set: 0.9ms
[2025-11-07T23:28:16.464+0000][gc,phases     ] GC(288)   Other: 0.7ms
[2025-11-07T23:28:16.465+0000][gc,heap       ] GC(288) Eden regions: 48->0(52)
[2025-11-07T23:28:16.465+0000][gc,heap       ] GC(288) Survivor regions: 2->3(7)
[2025-11-07T23:28:16.465+0000][gc,heap       ] GC(288) Old regions: 267->267
[2025-11-07T23:28:16.465+0000][gc,heap       ] GC(288) Humongous regions: 147->147
[2025-11-07T23:28:16.465+0000][gc,metaspace  ] GC(288) Metaspace: 53239K(56348K)->53239K(56348K) NonClass: 47336K(48976K)->47336K(48976K) Class: 5903K(7372K)->5903K(7372K)
[2025-11-07T23:28:16.466+0000][gc            ] GC(288) Pause Young (Normal) (G1 Evacuation Pause) 463M->415M(684M) 13.426ms
[2025-11-07T23:28:16.466+0000][gc,cpu        ] GC(288) User=0.02s Sys=0.00s Real=0.01s
[2025-11-07T23:28:28.082+0000][gc,start      ] GC(289) Pause Young (Normal) (G1 Evacuation Pause)
[2025-11-07T23:28:28.082+0000][gc,task       ] GC(289) Using 2 workers of 2 for evacuation
[2025-11-07T23:28:28.139+0000][gc,mmu        ] GC(289) MMU target violated: 21.0ms (20.0ms/21.0ms)
[2025-11-07T23:28:28.139+0000][gc,phases     ] GC(289)   Pre Evacuate Collection Set: 0.0ms
[2025-11-07T23:28:28.139+0000][gc,phases     ] GC(289)   Evacuate Collection Set: 54.6ms
[2025-11-07T23:28:28.139+0000][gc,phases     ] GC(289)   Post Evacuate Collection Set: 1.5ms
[2025-11-07T23:28:28.140+0000][gc,phases     ] GC(289)   Other: 1.1ms
[2025-11-07T23:28:28.141+0000][gc,heap       ] GC(289) Eden regions: 52->0(31)
[2025-11-07T23:28:28.141+0000][gc,heap       ] GC(289) Survivor regions: 3->3(7)
[2025-11-07T23:28:28.141+0000][gc,heap       ] GC(289) Old regions: 267->267
[2025-11-07T23:28:28.141+0000][gc,heap       ] GC(289) Humongous regions: 147->147
[2025-11-07T23:28:28.141+0000][gc,metaspace  ] GC(289) Metaspace: 53239K(56348K)->53239K(56348K) NonClass: 47336K(48976K)->47336K(48976K) Class: 5903K(7372K)->5903K(7372K)
[2025-11-07T23:28:28.142+0000][gc            ] GC(289) Pause Young (Normal) (G1 Evacuation Pause) 467M->416M(684M) 59.955ms
[2025-11-07T23:28:28.142+0000][gc,cpu        ] GC(289) User=0.03s Sys=0.00s Real=0.06s
[2025-11-07T23:28:35.153+0000][gc,start      ] GC(290) Pause Young (Normal) (G1 Evacuation Pause)
[2025-11-07T23:28:35.153+0000][gc,task       ] GC(290) Using 2 workers of 2 for evacuation
[2025-11-07T23:28:35.164+0000][gc,phases     ] GC(290)   Pre Evacuate Collection Set: 0.0ms
[2025-11-07T23:28:35.165+0000][gc,phases     ] GC(290)   Evacuate Collection Set: 8.9ms
[2025-11-07T23:28:35.165+0000][gc,phases     ] GC(290)   Post Evacuate Collection Set: 1.7ms
[2025-11-07T23:28:35.166+0000][gc,phases     ] GC(290)   Other: 0.7ms
[2025-11-07T23:28:35.166+0000][gc,heap       ] GC(290) Eden regions: 31->0(31)
[2025-11-07T23:28:35.167+0000][gc,heap       ] GC(290) Survivor regions: 3->3(5)
[2025-11-07T23:28:35.167+0000][gc,heap       ] GC(290) Old regions: 267->267
[2025-11-07T23:28:35.167+0000][gc,heap       ] GC(290) Humongous regions: 147->147
[2025-11-07T23:28:35.167+0000][gc,metaspace  ] GC(290) Metaspace: 53239K(56348K)->53239K(56348K) NonClass: 47336K(48976K)->47336K(48976K) Class: 5903K(7372K)->5903K(7372K)
[2025-11-07T23:28:35.168+0000][gc            ] GC(290) Pause Young (Normal) (G1 Evacuation Pause) 447M->416M(684M) 14.478ms
[2025-11-07T23:28:35.168+0000][gc,cpu        ] GC(290) User=0.02s Sys=0.00s Real=0.02s
[2025-11-07T23:28:42.152+0000][gc,start      ] GC(291) Pause Young (Normal) (G1 Evacuation Pause)
[2025-11-07T23:28:42.152+0000][gc,task       ] GC(291) Using 2 workers of 2 for evacuation
[2025-11-07T23:28:42.165+0000][gc,phases     ] GC(291)   Pre Evacuate Collection Set: 0.1ms
[2025-11-07T23:28:42.166+0000][gc,phases     ] GC(291)   Evacuate Collection Set: 11.1ms
[2025-11-07T23:28:42.166+0000][gc,phases     ] GC(291)   Post Evacuate Collection Set: 1.0ms
[2025-11-07T23:28:42.167+0000][gc,phases     ] GC(291)   Other: 1.3ms
[2025-11-07T23:28:42.167+0000][gc,heap       ] GC(291) Eden regions: 31->0(31)
[2025-11-07T23:28:42.168+0000][gc,heap       ] GC(291) Survivor regions: 3->3(5)
[2025-11-07T23:28:42.168+0000][gc,heap       ] GC(291) Old regions: 267->267
[2025-11-07T23:28:42.168+0000][gc,heap       ] GC(291) Humongous regions: 147->147
[2025-11-07T23:28:42.169+0000][gc,metaspace  ] GC(291) Metaspace: 53239K(56348K)->53239K(56348K) NonClass: 47336K(48976K)->47336K(48976K) Class: 5903K(7372K)->5903K(7372K)
[2025-11-07T23:28:42.169+0000][gc            ] GC(291) Pause Young (Normal) (G1 Evacuation Pause) 447M->416M(684M) 17.318ms
[2025-11-07T23:28:42.169+0000][gc,cpu        ] GC(291) User=0.02s Sys=0.00s Real=0.02s
[2025-11-07T23:28:49.146+0000][gc,start      ] GC(292) Pause Young (Normal) (G1 Evacuation Pause)
[2025-11-07T23:28:49.146+0000][gc,task       ] GC(292) Using 2 workers of 2 for evacuation
[2025-11-07T23:28:49.196+0000][gc,mmu        ] GC(292) MMU target violated: 21.0ms (20.0ms/21.0ms)
[2025-11-07T23:28:49.196+0000][gc,phases     ] GC(292)   Pre Evacuate Collection Set: 0.0ms
[2025-11-07T23:28:49.197+0000][gc,phases     ] GC(292)   Evacuate Collection Set: 48.2ms
[2025-11-07T23:28:49.197+0000][gc,phases     ] GC(292)   Post Evacuate Collection Set: 1.3ms
[2025-11-07T23:28:49.197+0000][gc,phases     ] GC(292)   Other: 1.3ms
[2025-11-07T23:28:49.198+0000][gc,heap       ] GC(292) Eden regions: 31->0(29)
[2025-11-07T23:28:49.199+0000][gc,heap       ] GC(292) Survivor regions: 3->5(5)
[2025-11-07T23:28:49.199+0000][gc,heap       ] GC(292) Old regions: 267->267
[2025-11-07T23:28:49.200+0000][gc,heap       ] GC(292) Humongous regions: 147->147
[2025-11-07T23:28:49.201+0000][gc,metaspace  ] GC(292) Metaspace: 53239K(56348K)->53239K(56348K) NonClass: 47336K(48976K)->47336K(48976K) Class: 5903K(7372K)->5903K(7372K)
[2025-11-07T23:28:49.203+0000][gc            ] GC(292) Pause Young (Normal) (G1 Evacuation Pause) 447M->417M(684M) 56.953ms
[2025-11-07T23:28:49.203+0000][gc,cpu        ] GC(292) User=0.10s Sys=0.00s Real=0.06s
[2025-11-07T23:28:56.366+0000][gc,start      ] GC(293) Pause Young (Normal) (G1 Evacuation Pause)
[2025-11-07T23:28:56.367+0000][gc,task       ] GC(293) Using 2 workers of 2 for evacuation
[2025-11-07T23:28:56.387+0000][gc,phases     ] GC(293)   Pre Evacuate Collection Set: 0.0ms
[2025-11-07T23:28:56.388+0000][gc,phases     ] GC(293)   Evacuate Collection Set: 18.6ms
[2025-11-07T23:28:56.388+0000][gc,phases     ] GC(293)   Post Evacuate Collection Set: 1.1ms
[2025-11-07T23:28:56.388+0000][gc,phases     ] GC(293)   Other: 1.4ms
[2025-11-07T23:28:56.389+0000][gc,heap       ] GC(293) Eden regions: 29->0(32)
[2025-11-07T23:28:56.389+0000][gc,heap       ] GC(293) Survivor regions: 5->2(5)
[2025-11-07T23:28:56.389+0000][gc,heap       ] GC(293) Old regions: 267->269
[2025-11-07T23:28:56.390+0000][gc,heap       ] GC(293) Humongous regions: 147->147
[2025-11-07T23:28:56.390+0000][gc,metaspace  ] GC(293) Metaspace: 53239K(56348K)->53239K(56348K) NonClass: 47336K(48976K)->47336K(48976K) Class: 5903K(7372K)->5903K(7372K)
[2025-11-07T23:28:56.390+0000][gc            ] GC(293) Pause Young (Normal) (G1 Evacuation Pause) 446M->417M(684M) 24.128ms
[2025-11-07T23:28:56.391+0000][gc,cpu        ] GC(293) User=0.04s Sys=0.00s Real=0.03s
[2025-11-07T23:29:04.336+0000][gc,start      ] GC(294) Pause Young (Normal) (G1 Evacuation Pause)
[2025-11-07T23:29:04.337+0000][gc,task       ] GC(294) Using 2 workers of 2 for evacuation
[2025-11-07T23:29:04.348+0000][gc,phases     ] GC(294)   Pre Evacuate Collection Set: 0.0ms
[2025-11-07T23:29:04.348+0000][gc,phases     ] GC(294)   Evacuate Collection Set: 8.7ms
[2025-11-07T23:29:04.349+0000][gc,phases     ] GC(294)   Post Evacuate Collection Set: 1.3ms
[2025-11-07T23:29:04.349+0000][gc,phases     ] GC(294)   Other: 1.3ms
[2025-11-07T23:29:04.350+0000][gc,heap       ] GC(294) Eden regions: 32->0(32)
[2025-11-07T23:29:04.350+0000][gc,heap       ] GC(294) Survivor regions: 2->2(5)
[2025-11-07T23:29:04.350+0000][gc,heap       ] GC(294) Old regions: 269->269
[2025-11-07T23:29:04.351+0000][gc,heap       ] GC(294) Humongous regions: 147->147
[2025-11-07T23:29:04.351+0000][gc,metaspace  ] GC(294) Metaspace: 53239K(56348K)->53239K(56348K) NonClass: 47336K(48976K)->47336K(48976K) Class: 5903K(7372K)->5903K(7372K)
[2025-11-07T23:29:04.351+0000][gc            ] GC(294) Pause Young (Normal) (G1 Evacuation Pause) 449M->417M(684M) 14.931ms
[2025-11-07T23:29:04.352+0000][gc,cpu        ] GC(294) User=0.02s Sys=0.00s Real=0.02s
[2025-11-07T23:29:11.982+0000][gc,start      ] GC(295) Pause Young (Normal) (G1 Evacuation Pause)
[2025-11-07T23:29:11.983+0000][gc,task       ] GC(295) Using 2 workers of 2 for evacuation
[2025-11-07T23:29:11.998+0000][gc,phases     ] GC(295)   Pre Evacuate Collection Set: 0.0ms
[2025-11-07T23:29:11.998+0000][gc,phases     ] GC(295)   Evacuate Collection Set: 11.8ms
[2025-11-07T23:29:11.999+0000][gc,phases     ] GC(295)   Post Evacuate Collection Set: 2.4ms
[2025-11-07T23:29:11.999+0000][gc,phases     ] GC(295)   Other: 1.4ms
[2025-11-07T23:29:12.000+0000][gc,heap       ] GC(295) Eden regions: 32->0(32)
[2025-11-07T23:29:12.000+0000][gc,heap       ] GC(295) Survivor regions: 2->2(5)
[2025-11-07T23:29:12.001+0000][gc,heap       ] GC(295) Old regions: 269->269
[2025-11-07T23:29:12.001+0000][gc,heap       ] GC(295) Humongous regions: 147->147
[2025-11-07T23:29:12.001+0000][gc,metaspace  ] GC(295) Metaspace: 53239K(56348K)->53239K(56348K) NonClass: 47336K(48976K)->47336K(48976K) Class: 5903K(7372K)->5903K(7372K)
[2025-11-07T23:29:12.002+0000][gc            ] GC(295) Pause Young (Normal) (G1 Evacuation Pause) 449M->417M(684M) 19.244ms
[2025-11-07T23:29:12.002+0000][gc,cpu        ] GC(295) User=0.02s Sys=0.00s Real=0.02s
[2025-11-07T23:29:19.760+0000][gc,start      ] GC(296) Pause Young (Normal) (G1 Evacuation Pause)
[2025-11-07T23:29:19.761+0000][gc,task       ] GC(296) Using 2 workers of 2 for evacuation
[2025-11-07T23:29:19.777+0000][gc,phases     ] GC(296)   Pre Evacuate Collection Set: 0.0ms
[2025-11-07T23:29:19.777+0000][gc,phases     ] GC(296)   Evacuate Collection Set: 12.4ms
[2025-11-07T23:29:19.777+0000][gc,phases     ] GC(296)   Post Evacuate Collection Set: 2.3ms
[2025-11-07T23:29:19.778+0000][gc,phases     ] GC(296)   Other: 1.8ms
[2025-11-07T23:29:19.778+0000][gc,heap       ] GC(296) Eden regions: 32->0(31)
[2025-11-07T23:29:19.779+0000][gc,heap       ] GC(296) Survivor regions: 2->3(5)
[2025-11-07T23:29:19.779+0000][gc,heap       ] GC(296) Old regions: 269->269
[2025-11-07T23:29:19.780+0000][gc,heap       ] GC(296) Humongous regions: 147->147
[2025-11-07T23:29:19.781+0000][gc,metaspace  ] GC(296) Metaspace: 53239K(56348K)->53239K(56348K) NonClass: 47336K(48976K)->47336K(48976K) Class: 5903K(7372K)->5903K(7372K)
[2025-11-07T23:29:19.781+0000][gc            ] GC(296) Pause Young (Normal) (G1 Evacuation Pause) 449M->417M(684M) 20.963ms
[2025-11-07T23:29:19.782+0000][gc,cpu        ] GC(296) User=0.03s Sys=0.00s Real=0.02s
[2025-11-07T23:29:27.120+0000][gc,start      ] GC(297) Pause Young (Normal) (G1 Evacuation Pause)
[2025-11-07T23:29:27.120+0000][gc,task       ] GC(297) Using 2 workers of 2 for evacuation
[2025-11-07T23:29:27.130+0000][gc,phases     ] GC(297)   Pre Evacuate Collection Set: 0.0ms
[2025-11-07T23:29:27.130+0000][gc,phases     ] GC(297)   Evacuate Collection Set: 8.1ms
[2025-11-07T23:29:27.130+0000][gc,phases     ] GC(297)   Post Evacuate Collection Set: 0.9ms
[2025-11-07T23:29:27.131+0000][gc,phases     ] GC(297)   Other: 1.1ms
[2025-11-07T23:29:27.131+0000][gc,heap       ] GC(297) Eden regions: 31->0(32)
[2025-11-07T23:29:27.132+0000][gc,heap       ] GC(297) Survivor regions: 3->2(5)
[2025-11-07T23:29:27.132+0000][gc,heap       ] GC(297) Old regions: 269->269
[2025-11-07T23:29:27.134+0000][gc,heap       ] GC(297) Humongous regions: 147->147
[2025-11-07T23:29:27.134+0000][gc,metaspace  ] GC(297) Metaspace: 53239K(56348K)->53239K(56348K) NonClass: 47336K(48976K)->47336K(48976K) Class: 5903K(7372K)->5903K(7372K)
[2025-11-07T23:29:27.134+0000][gc            ] GC(297) Pause Young (Normal) (G1 Evacuation Pause) 448M->417M(684M) 14.692ms
[2025-11-07T23:29:27.135+0000][gc,cpu        ] GC(297) User=0.02s Sys=0.00s Real=0.01s
[2025-11-07T23:29:34.578+0000][gc,start      ] GC(298) Pause Young (Normal) (G1 Evacuation Pause)
[2025-11-07T23:29:34.578+0000][gc,task       ] GC(298) Using 2 workers of 2 for evacuation
[2025-11-07T23:29:34.585+0000][gc,phases     ] GC(298)   Pre Evacuate Collection Set: 0.0ms
[2025-11-07T23:29:34.585+0000][gc,phases     ] GC(298)   Evacuate Collection Set: 6.0ms
[2025-11-07T23:29:34.585+0000][gc,phases     ] GC(298)   Post Evacuate Collection Set: 0.6ms
[2025-11-07T23:29:34.585+0000][gc,phases     ] GC(298)   Other: 0.8ms
[2025-11-07T23:29:34.586+0000][gc,heap       ] GC(298) Eden regions: 32->0(34)
[2025-11-07T23:29:34.586+0000][gc,heap       ] GC(298) Survivor regions: 2->3(5)
[2025-11-07T23:29:34.586+0000][gc,heap       ] GC(298) Old regions: 269->269
[2025-11-07T23:29:34.586+0000][gc,heap       ] GC(298) Humongous regions: 147->147
[2025-11-07T23:29:34.586+0000][gc,metaspace  ] GC(298) Metaspace: 53239K(56348K)->53239K(56348K) NonClass: 47336K(48976K)->47336K(48976K) Class: 5903K(7372K)->5903K(7372K)
[2025-11-07T23:29:34.586+0000][gc            ] GC(298) Pause Young (Normal) (G1 Evacuation Pause) 449M->417M(684M) 8.806ms
[2025-11-07T23:29:34.587+0000][gc,cpu        ] GC(298) User=0.02s Sys=0.00s Real=0.00s
[2025-11-07T23:29:42.376+0000][gc,start      ] GC(299) Pause Young (Normal) (G1 Evacuation Pause)
[2025-11-07T23:29:42.376+0000][gc,task       ] GC(299) Using 2 workers of 2 for evacuation
[2025-11-07T23:29:42.383+0000][gc,phases     ] GC(299)   Pre Evacuate Collection Set: 0.0ms
[2025-11-07T23:29:42.384+0000][gc,phases     ] GC(299)   Evacuate Collection Set: 6.3ms
[2025-11-07T23:29:42.384+0000][gc,phases     ] GC(299)   Post Evacuate Collection Set: 0.8ms
[2025-11-07T23:29:42.384+0000][gc,phases     ] GC(299)   Other: 0.7ms
[2025-11-07T23:29:42.384+0000][gc,heap       ] GC(299) Eden regions: 34->0(37)
[2025-11-07T23:29:42.385+0000][gc,heap       ] GC(299) Survivor regions: 3->3(5)
[2025-11-07T23:29:42.385+0000][gc,heap       ] GC(299) Old regions: 269->269
[2025-11-07T23:29:42.385+0000][gc,heap       ] GC(299) Humongous regions: 147->147
[2025-11-07T23:29:42.385+0000][gc,metaspace  ] GC(299) Metaspace: 53239K(56348K)->53239K(56348K) NonClass: 47336K(48976K)->47336K(48976K) Class: 5903K(7372K)->5903K(7372K)
[2025-11-07T23:29:42.385+0000][gc            ] GC(299) Pause Young (Normal) (G1 Evacuation Pause) 451M->417M(684M) 9.593ms
[2025-11-07T23:29:42.385+0000][gc,cpu        ] GC(299) User=0.02s Sys=0.00s Real=0.01s
[2025-11-07T23:29:50.643+0000][gc,start      ] GC(300) Pause Young (Normal) (G1 Evacuation Pause)
[2025-11-07T23:29:50.643+0000][gc,task       ] GC(300) Using 2 workers of 2 for evacuation
[2025-11-07T23:29:50.657+0000][gc,phases     ] GC(300)   Pre Evacuate Collection Set: 0.1ms
[2025-11-07T23:29:50.657+0000][gc,phases     ] GC(300)   Evacuate Collection Set: 12.0ms
[2025-11-07T23:29:50.657+0000][gc,phases     ] GC(300)   Post Evacuate Collection Set: 0.9ms
[2025-11-07T23:29:50.658+0000][gc,phases     ] GC(300)   Other: 0.9ms
[2025-11-07T23:29:50.658+0000][gc,heap       ] GC(300) Eden regions: 37->0(39)
[2025-11-07T23:29:50.658+0000][gc,heap       ] GC(300) Survivor regions: 3->4(5)
[2025-11-07T23:29:50.658+0000][gc,heap       ] GC(300) Old regions: 269->269
[2025-11-07T23:29:50.659+0000][gc,heap       ] GC(300) Humongous regions: 147->147
[2025-11-07T23:29:50.659+0000][gc,metaspace  ] GC(300) Metaspace: 53239K(56348K)->53239K(56348K) NonClass: 47336K(48976K)->47336K(48976K) Class: 5903K(7372K)->5903K(7372K)
[2025-11-07T23:29:50.659+0000][gc            ] GC(300) Pause Young (Normal) (G1 Evacuation Pause) 454M->418M(684M) 16.379ms
[2025-11-07T23:29:50.660+0000][gc,cpu        ] GC(300) User=0.02s Sys=0.00s Real=0.02s
[2025-11-07T23:29:59.315+0000][gc,start      ] GC(301) Pause Young (Normal) (G1 Evacuation Pause)
[2025-11-07T23:29:59.315+0000][gc,task       ] GC(301) Using 2 workers of 2 for evacuation
[2025-11-07T23:29:59.325+0000][gc,phases     ] GC(301)   Pre Evacuate Collection Set: 0.0ms
[2025-11-07T23:29:59.325+0000][gc,phases     ] GC(301)   Evacuate Collection Set: 8.6ms
[2025-11-07T23:29:59.325+0000][gc,phases     ] GC(301)   Post Evacuate Collection Set: 0.7ms
[2025-11-07T23:29:59.325+0000][gc,phases     ] GC(301)   Other: 0.8ms
[2025-11-07T23:29:59.326+0000][gc,heap       ] GC(301) Eden regions: 39->0(41)
[2025-11-07T23:29:59.326+0000][gc,heap       ] GC(301) Survivor regions: 4->5(6)
[2025-11-07T23:29:59.326+0000][gc,heap       ] GC(301) Old regions: 269->269
[2025-11-07T23:29:59.326+0000][gc,heap       ] GC(301) Humongous regions: 147->147
[2025-11-07T23:29:59.327+0000][gc,metaspace  ] GC(301) Metaspace: 53239K(56348K)->53239K(56348K) NonClass: 47336K(48976K)->47336K(48976K) Class: 5903K(7372K)->5903K(7372K)
[2025-11-07T23:29:59.327+0000][gc            ] GC(301) Pause Young (Normal) (G1 Evacuation Pause) 457M->419M(684M) 11.831ms
[2025-11-07T23:29:59.327+0000][gc,cpu        ] GC(301) User=0.02s Sys=0.00s Real=0.01s
[2025-11-07T23:30:08.790+0000][gc,start      ] GC(302) Pause Young (Normal) (G1 Evacuation Pause)
[2025-11-07T23:30:08.791+0000][gc,task       ] GC(302) Using 2 workers of 2 for evacuation
[2025-11-07T23:30:08.805+0000][gc,phases     ] GC(302)   Pre Evacuate Collection Set: 0.0ms
[2025-11-07T23:30:08.805+0000][gc,phases     ] GC(302)   Evacuate Collection Set: 12.3ms
[2025-11-07T23:30:08.805+0000][gc,phases     ] GC(302)   Post Evacuate Collection Set: 0.8ms
[2025-11-07T23:30:08.806+0000][gc,phases     ] GC(302)   Other: 1.2ms
[2025-11-07T23:30:08.806+0000][gc,heap       ] GC(302) Eden regions: 41->0(44)
[2025-11-07T23:30:08.806+0000][gc,heap       ] GC(302) Survivor regions: 5->3(6)
[2025-11-07T23:30:08.807+0000][gc,heap       ] GC(302) Old regions: 269->270
[2025-11-07T23:30:08.807+0000][gc,heap       ] GC(302) Humongous regions: 147->147
[2025-11-07T23:30:08.807+0000][gc,metaspace  ] GC(302) Metaspace: 53239K(56348K)->53239K(56348K) NonClass: 47336K(48976K)->47336K(48976K) Class: 5903K(7372K)->5903K(7372K)
[2025-11-07T23:30:08.808+0000][gc            ] GC(302) Pause Young (Normal) (G1 Evacuation Pause) 460M->418M(684M) 17.424ms
[2025-11-07T23:30:08.808+0000][gc,cpu        ] GC(302) User=0.03s Sys=0.00s Real=0.01s
[2025-11-07T23:30:18.254+0000][gc,start      ] GC(303) Pause Young (Normal) (G1 Evacuation Pause)
[2025-11-07T23:30:18.254+0000][gc,task       ] GC(303) Using 2 workers of 2 for evacuation
[2025-11-07T23:30:18.266+0000][gc,phases     ] GC(303)   Pre Evacuate Collection Set: 0.0ms
[2025-11-07T23:30:18.267+0000][gc,phases     ] GC(303)   Evacuate Collection Set: 10.7ms
[2025-11-07T23:30:18.267+0000][gc,phases     ] GC(303)   Post Evacuate Collection Set: 0.9ms
[2025-11-07T23:30:18.267+0000][gc,phases     ] GC(303)   Other: 0.9ms
[2025-11-07T23:30:18.267+0000][gc,heap       ] GC(303) Eden regions: 41->0(45)
[2025-11-07T23:30:18.268+0000][gc,heap       ] GC(303) Survivor regions: 3->4(6)
[2025-11-07T23:30:18.268+0000][gc,heap       ] GC(303) Old regions: 270->270
[2025-11-07T23:30:18.268+0000][gc,heap       ] GC(303) Humongous regions: 147->147
[2025-11-07T23:30:18.268+0000][gc,metaspace  ] GC(303) Metaspace: 53239K(56348K)->53239K(56348K) NonClass: 47336K(48976K)->47336K(48976K) Class: 5903K(7372K)->5903K(7372K)
[2025-11-07T23:30:18.268+0000][gc            ] GC(303) Pause Young (Normal) (G1 Evacuation Pause) 459M->420M(684M) 14.403ms
[2025-11-07T23:30:18.269+0000][gc,cpu        ] GC(303) User=0.02s Sys=0.00s Real=0.01s
[2025-11-07T23:30:27.348+0000][gc,start      ] GC(304) Pause Young (Normal) (G1 Evacuation Pause)
[2025-11-07T23:30:27.348+0000][gc,task       ] GC(304) Using 2 workers of 2 for evacuation
[2025-11-07T23:30:27.358+0000][gc,phases     ] GC(304)   Pre Evacuate Collection Set: 0.0ms
[2025-11-07T23:30:27.358+0000][gc,phases     ] GC(304)   Evacuate Collection Set: 8.2ms
[2025-11-07T23:30:27.359+0000][gc,phases     ] GC(304)   Post Evacuate Collection Set: 1.3ms
[2025-11-07T23:30:27.360+0000][gc,phases     ] GC(304)   Other: 0.8ms
[2025-11-07T23:30:27.361+0000][gc,heap       ] GC(304) Eden regions: 40->0(49)
[2025-11-07T23:30:27.362+0000][gc,heap       ] GC(304) Survivor regions: 4->3(6)
[2025-11-07T23:30:27.363+0000][gc,heap       ] GC(304) Old regions: 270->270
[2025-11-07T23:30:27.364+0000][gc,heap       ] GC(304) Humongous regions: 147->147
[2025-11-07T23:30:27.364+0000][gc,metaspace  ] GC(304) Metaspace: 53239K(56348K)->53239K(56348K) NonClass: 47336K(48976K)->47336K(48976K) Class: 5903K(7372K)->5903K(7372K)
[2025-11-07T23:30:27.365+0000][gc            ] GC(304) Pause Young (Normal) (G1 Evacuation Pause) 460M->419M(684M) 17.139ms
[2025-11-07T23:30:27.365+0000][gc,cpu        ] GC(304) User=0.02s Sys=0.00s Real=0.02s
[2025-11-07T23:30:38.823+0000][gc,start      ] GC(305) Pause Young (Normal) (G1 Evacuation Pause)
[2025-11-07T23:30:38.824+0000][gc,task       ] GC(305) Using 2 workers of 2 for evacuation
[2025-11-07T23:30:38.838+0000][gc,phases     ] GC(305)   Pre Evacuate Collection Set: 0.0ms
[2025-11-07T23:30:38.838+0000][gc,phases     ] GC(305)   Evacuate Collection Set: 11.9ms
[2025-11-07T23:30:38.838+0000][gc,phases     ] GC(305)   Post Evacuate Collection Set: 1.7ms
[2025-11-07T23:30:38.839+0000][gc,phases     ] GC(305)   Other: 0.8ms
[2025-11-07T23:30:38.839+0000][gc,heap       ] GC(305) Eden regions: 49->0(49)
[2025-11-07T23:30:38.839+0000][gc,heap       ] GC(305) Survivor regions: 3->3(7)
[2025-11-07T23:30:38.839+0000][gc,heap       ] GC(305) Old regions: 270->270
[2025-11-07T23:30:38.840+0000][gc,heap       ] GC(305) Humongous regions: 147->147
[2025-11-07T23:30:38.840+0000][gc,metaspace  ] GC(305) Metaspace: 53239K(56348K)->53239K(56348K) NonClass: 47336K(48976K)->47336K(48976K) Class: 5903K(7372K)->5903K(7372K)
[2025-11-07T23:30:38.840+0000][gc            ] GC(305) Pause Young (Normal) (G1 Evacuation Pause) 468M->419M(684M) 16.859ms
[2025-11-07T23:30:38.841+0000][gc,cpu        ] GC(305) User=0.02s Sys=0.00s Real=0.02s
[2025-11-07T23:30:50.336+0000][gc,start      ] GC(306) Pause Young (Normal) (G1 Evacuation Pause)
[2025-11-07T23:30:50.337+0000][gc,task       ] GC(306) Using 2 workers of 2 for evacuation
[2025-11-07T23:30:50.348+0000][gc,phases     ] GC(306)   Pre Evacuate Collection Set: 0.0ms
[2025-11-07T23:30:50.348+0000][gc,phases     ] GC(306)   Evacuate Collection Set: 9.5ms
[2025-11-07T23:30:50.348+0000][gc,phases     ] GC(306)   Post Evacuate Collection Set: 0.8ms
[2025-11-07T23:30:50.348+0000][gc,phases     ] GC(306)   Other: 0.8ms
[2025-11-07T23:30:50.348+0000][gc,heap       ] GC(306) Eden regions: 49->0(52)
[2025-11-07T23:30:50.349+0000][gc,heap       ] GC(306) Survivor regions: 3->3(7)
[2025-11-07T23:30:50.349+0000][gc,heap       ] GC(306) Old regions: 270->270
[2025-11-07T23:30:50.349+0000][gc,heap       ] GC(306) Humongous regions: 147->147
[2025-11-07T23:30:50.349+0000][gc,metaspace  ] GC(306) Metaspace: 53239K(56348K)->53239K(56348K) NonClass: 47336K(48976K)->47336K(48976K) Class: 5903K(7372K)->5903K(7372K)
[2025-11-07T23:30:50.349+0000][gc            ] GC(306) Pause Young (Normal) (G1 Evacuation Pause) 468M->419M(684M) 13.041ms
[2025-11-07T23:30:50.350+0000][gc,cpu        ] GC(306) User=0.02s Sys=0.00s Real=0.01s
[2025-11-07T23:31:01.993+0000][gc,start      ] GC(307) Pause Young (Normal) (G1 Evacuation Pause)
[2025-11-07T23:31:01.994+0000][gc,task       ] GC(307) Using 2 workers of 2 for evacuation
[2025-11-07T23:31:02.018+0000][gc,mmu        ] GC(307) MMU target violated: 21.0ms (20.0ms/21.0ms)
[2025-11-07T23:31:02.019+0000][gc,phases     ] GC(307)   Pre Evacuate Collection Set: 0.3ms
[2025-11-07T23:31:02.019+0000][gc,phases     ] GC(307)   Evacuate Collection Set: 23.0ms
[2025-11-07T23:31:02.019+0000][gc,phases     ] GC(307)   Post Evacuate Collection Set: 1.0ms
[2025-11-07T23:31:02.020+0000][gc,phases     ] GC(307)   Other: 1.3ms
[2025-11-07T23:31:02.020+0000][gc,heap       ] GC(307) Eden regions: 49->0(42)
[2025-11-07T23:31:02.020+0000][gc,heap       ] GC(307) Survivor regions: 3->3(7)
[2025-11-07T23:31:02.020+0000][gc,heap       ] GC(307) Old regions: 270->270
[2025-11-07T23:31:02.021+0000][gc,heap       ] GC(307) Humongous regions: 147->147
[2025-11-07T23:31:02.021+0000][gc,metaspace  ] GC(307) Metaspace: 53239K(56348K)->53239K(56348K) NonClass: 47336K(48976K)->47336K(48976K) Class: 5903K(7372K)->5903K(7372K)
[2025-11-07T23:31:02.022+0000][gc            ] GC(307) Pause Young (Normal) (G1 Evacuation Pause) 468M->419M(684M) 28.461ms
[2025-11-07T23:31:02.023+0000][gc,cpu        ] GC(307) User=0.03s Sys=0.00s Real=0.03s
[2025-11-07T23:31:11.970+0000][gc,start      ] GC(308) Pause Young (Normal) (G1 Evacuation Pause)
[2025-11-07T23:31:11.970+0000][gc,task       ] GC(308) Using 2 workers of 2 for evacuation
[2025-11-07T23:31:11.985+0000][gc,phases     ] GC(308)   Pre Evacuate Collection Set: 0.0ms
[2025-11-07T23:31:11.986+0000][gc,phases     ] GC(308)   Evacuate Collection Set: 12.7ms
[2025-11-07T23:31:11.986+0000][gc,phases     ] GC(308)   Post Evacuate Collection Set: 2.0ms
[2025-11-07T23:31:11.987+0000][gc,phases     ] GC(308)   Other: 1.1ms
[2025-11-07T23:31:11.987+0000][gc,heap       ] GC(308) Eden regions: 42->0(42)
[2025-11-07T23:31:11.987+0000][gc,heap       ] GC(308) Survivor regions: 3->5(6)
[2025-11-07T23:31:11.988+0000][gc,heap       ] GC(308) Old regions: 270->270
[2025-11-07T23:31:11.988+0000][gc,heap       ] GC(308) Humongous regions: 147->147
[2025-11-07T23:31:11.989+0000][gc,metaspace  ] GC(308) Metaspace: 53239K(56348K)->53239K(56348K) NonClass: 47336K(48976K)->47336K(48976K) Class: 5903K(7372K)->5903K(7372K)
[2025-11-07T23:31:11.989+0000][gc            ] GC(308) Pause Young (Normal) (G1 Evacuation Pause) 461M->421M(684M) 19.190ms
[2025-11-07T23:31:11.989+0000][gc,cpu        ] GC(308) User=0.03s Sys=0.00s Real=0.02s
[2025-11-07T23:31:21.459+0000][gc,start      ] GC(309) Pause Young (Normal) (G1 Evacuation Pause)
[2025-11-07T23:31:21.459+0000][gc,task       ] GC(309) Using 2 workers of 2 for evacuation
[2025-11-07T23:31:21.473+0000][gc,phases     ] GC(309)   Pre Evacuate Collection Set: 0.0ms
[2025-11-07T23:31:21.474+0000][gc,phases     ] GC(309)   Evacuate Collection Set: 12.4ms
[2025-11-07T23:31:21.474+0000][gc,phases     ] GC(309)   Post Evacuate Collection Set: 0.8ms
[2025-11-07T23:31:21.474+0000][gc,phases     ] GC(309)   Other: 1.2ms
[2025-11-07T23:31:21.474+0000][gc,heap       ] GC(309) Eden regions: 41->0(44)
[2025-11-07T23:31:21.474+0000][gc,heap       ] GC(309) Survivor regions: 5->3(6)
[2025-11-07T23:31:21.475+0000][gc,heap       ] GC(309) Old regions: 270->272
[2025-11-07T23:31:21.475+0000][gc,heap       ] GC(309) Humongous regions: 147->147
[2025-11-07T23:31:21.475+0000][gc,metaspace  ] GC(309) Metaspace: 53239K(56348K)->53239K(56348K) NonClass: 47336K(48976K)->47336K(48976K) Class: 5903K(7372K)->5903K(7372K)
[2025-11-07T23:31:21.475+0000][gc            ] GC(309) Pause Young (Normal) (G1 Evacuation Pause) 462M->420M(684M) 16.282ms
[2025-11-07T23:31:21.475+0000][gc,cpu        ] GC(309) User=0.02s Sys=0.00s Real=0.02s
[2025-11-07T23:31:31.500+0000][gc,start      ] GC(310) Pause Young (Normal) (G1 Evacuation Pause)
[2025-11-07T23:31:31.500+0000][gc,task       ] GC(310) Using 2 workers of 2 for evacuation
[2025-11-07T23:31:31.511+0000][gc,phases     ] GC(310)   Pre Evacuate Collection Set: 0.0ms
[2025-11-07T23:31:31.512+0000][gc,phases     ] GC(310)   Evacuate Collection Set: 9.9ms
[2025-11-07T23:31:31.512+0000][gc,phases     ] GC(310)   Post Evacuate Collection Set: 0.8ms
[2025-11-07T23:31:31.512+0000][gc,phases     ] GC(310)   Other: 1.0ms
[2025-11-07T23:31:31.512+0000][gc,heap       ] GC(310) Eden regions: 42->0(46)
[2025-11-07T23:31:31.513+0000][gc,heap       ] GC(310) Survivor regions: 3->4(6)
[2025-11-07T23:31:31.513+0000][gc,heap       ] GC(310) Old regions: 272->272
[2025-11-07T23:31:31.513+0000][gc,heap       ] GC(310) Humongous regions: 147->147
[2025-11-07T23:31:31.513+0000][gc,metaspace  ] GC(310) Metaspace: 53239K(56348K)->53239K(56348K) NonClass: 47336K(48976K)->47336K(48976K) Class: 5903K(7372K)->5903K(7372K)
[2025-11-07T23:31:31.514+0000][gc            ] GC(310) Pause Young (Normal) (G1 Evacuation Pause) 462M->421M(684M) 13.931ms
[2025-11-07T23:31:31.514+0000][gc,cpu        ] GC(310) User=0.02s Sys=0.00s Real=0.02s
[2025-11-07T23:31:41.231+0000][gc,start      ] GC(311) Pause Young (Normal) (G1 Evacuation Pause)
[2025-11-07T23:31:41.231+0000][gc,task       ] GC(311) Using 2 workers of 2 for evacuation
[2025-11-07T23:31:41.242+0000][gc,phases     ] GC(311)   Pre Evacuate Collection Set: 0.0ms
[2025-11-07T23:31:41.242+0000][gc,phases     ] GC(311)   Evacuate Collection Set: 9.5ms
[2025-11-07T23:31:41.243+0000][gc,phases     ] GC(311)   Post Evacuate Collection Set: 1.0ms
[2025-11-07T23:31:41.243+0000][gc,phases     ] GC(311)   Other: 0.7ms
[2025-11-07T23:31:41.243+0000][gc,heap       ] GC(311) Eden regions: 42->0(48)
[2025-11-07T23:31:41.243+0000][gc,heap       ] GC(311) Survivor regions: 4->3(6)
[2025-11-07T23:31:41.244+0000][gc,heap       ] GC(311) Old regions: 272->272
[2025-11-07T23:31:41.244+0000][gc,heap       ] GC(311) Humongous regions: 147->147
[2025-11-07T23:31:41.244+0000][gc,metaspace  ] GC(311) Metaspace: 53239K(56348K)->53239K(56348K) NonClass: 47336K(48976K)->47336K(48976K) Class: 5903K(7372K)->5903K(7372K)
[2025-11-07T23:31:41.245+0000][gc            ] GC(311) Pause Young (Normal) (G1 Evacuation Pause) 463M->421M(684M) 13.997ms
[2025-11-07T23:31:41.245+0000][gc,cpu        ] GC(311) User=0.02s Sys=0.00s Real=0.01s
[2025-11-07T23:31:52.599+0000][gc,start      ] GC(312) Pause Young (Normal) (G1 Evacuation Pause)
[2025-11-07T23:31:52.600+0000][gc,task       ] GC(312) Using 2 workers of 2 for evacuation
[2025-11-07T23:31:52.614+0000][gc,phases     ] GC(312)   Pre Evacuate Collection Set: 0.0ms
[2025-11-07T23:31:52.615+0000][gc,phases     ] GC(312)   Evacuate Collection Set: 12.8ms
[2025-11-07T23:31:52.615+0000][gc,phases     ] GC(312)   Post Evacuate Collection Set: 1.2ms
[2025-11-07T23:31:52.615+0000][gc,phases     ] GC(312)   Other: 1.1ms
[2025-11-07T23:31:52.616+0000][gc,heap       ] GC(312) Eden regions: 48->0(49)
[2025-11-07T23:31:52.616+0000][gc,heap       ] GC(312) Survivor regions: 3->3(7)
[2025-11-07T23:31:52.617+0000][gc,heap       ] GC(312) Old regions: 272->272
[2025-11-07T23:31:52.617+0000][gc,heap       ] GC(312) Humongous regions: 147->147
[2025-11-07T23:31:52.617+0000][gc,metaspace  ] GC(312) Metaspace: 53239K(56348K)->53239K(56348K) NonClass: 47336K(48976K)->47336K(48976K) Class: 5903K(7372K)->5903K(7372K)
[2025-11-07T23:31:52.618+0000][gc            ] GC(312) Pause Young (Normal) (G1 Evacuation Pause) 469M->421M(684M) 18.627ms
[2025-11-07T23:31:52.618+0000][gc,cpu        ] GC(312) User=0.02s Sys=0.00s Real=0.02s
[2025-11-07T23:32:03.311+0000][gc,start      ] GC(313) Pause Young (Normal) (G1 Evacuation Pause)
[2025-11-07T23:32:03.312+0000][gc,task       ] GC(313) Using 2 workers of 2 for evacuation
[2025-11-07T23:32:03.323+0000][gc,phases     ] GC(313)   Pre Evacuate Collection Set: 0.0ms
[2025-11-07T23:32:03.323+0000][gc,phases     ] GC(313)   Evacuate Collection Set: 10.4ms
[2025-11-07T23:32:03.324+0000][gc,phases     ] GC(313)   Post Evacuate Collection Set: 0.7ms
[2025-11-07T23:32:03.324+0000][gc,phases     ] GC(313)   Other: 0.9ms
[2025-11-07T23:32:03.324+0000][gc,heap       ] GC(313) Eden regions: 45->0(50)
[2025-11-07T23:32:03.324+0000][gc,heap       ] GC(313) Survivor regions: 3->5(6)
[2025-11-07T23:32:03.324+0000][gc,heap       ] GC(313) Old regions: 272->272
[2025-11-07T23:32:03.325+0000][gc,heap       ] GC(313) Humongous regions: 147->147
[2025-11-07T23:32:03.325+0000][gc,metaspace  ] GC(313) Metaspace: 53239K(56348K)->53239K(56348K) NonClass: 47336K(48976K)->47336K(48976K) Class: 5903K(7372K)->5903K(7372K)
[2025-11-07T23:32:03.325+0000][gc            ] GC(313) Pause Young (Normal) (G1 Evacuation Pause) 466M->423M(684M) 13.959ms
[2025-11-07T23:32:03.325+0000][gc,cpu        ] GC(313) User=0.02s Sys=0.00s Real=0.02s
[2025-11-07T23:32:14.349+0000][gc,start      ] GC(314) Pause Young (Normal) (G1 Evacuation Pause)
[2025-11-07T23:32:14.350+0000][gc,task       ] GC(314) Using 2 workers of 2 for evacuation
[2025-11-07T23:32:14.365+0000][gc,phases     ] GC(314)   Pre Evacuate Collection Set: 0.0ms
[2025-11-07T23:32:14.365+0000][gc,phases     ] GC(314)   Evacuate Collection Set: 13.4ms
[2025-11-07T23:32:14.366+0000][gc,phases     ] GC(314)   Post Evacuate Collection Set: 1.2ms
[2025-11-07T23:32:14.366+0000][gc,phases     ] GC(314)   Other: 0.7ms
[2025-11-07T23:32:14.366+0000][gc,heap       ] GC(314) Eden regions: 47->0(50)
[2025-11-07T23:32:14.366+0000][gc,heap       ] GC(314) Survivor regions: 5->4(7)
[2025-11-07T23:32:14.367+0000][gc,heap       ] GC(314) Old regions: 272->273
[2025-11-07T23:32:14.367+0000][gc,heap       ] GC(314) Humongous regions: 147->147
[2025-11-07T23:32:14.367+0000][gc,metaspace  ] GC(314) Metaspace: 53239K(56348K)->53239K(56348K) NonClass: 47336K(48976K)->47336K(48976K) Class: 5903K(7372K)->5903K(7372K)
[2025-11-07T23:32:14.367+0000][gc            ] GC(314) Pause Young (Normal) (G1 Evacuation Pause) 470M->423M(684M) 17.781ms
[2025-11-07T23:32:14.367+0000][gc,cpu        ] GC(314) User=0.03s Sys=0.00s Real=0.02s
[2025-11-07T23:32:25.756+0000][gc,start      ] GC(315) Pause Young (Normal) (G1 Evacuation Pause)
[2025-11-07T23:32:25.756+0000][gc,task       ] GC(315) Using 2 workers of 2 for evacuation
[2025-11-07T23:32:25.769+0000][gc,phases     ] GC(315)   Pre Evacuate Collection Set: 0.0ms
[2025-11-07T23:32:25.769+0000][gc,phases     ] GC(315)   Evacuate Collection Set: 10.9ms
[2025-11-07T23:32:25.770+0000][gc,phases     ] GC(315)   Post Evacuate Collection Set: 1.1ms
[2025-11-07T23:32:25.770+0000][gc,phases     ] GC(315)   Other: 0.7ms
[2025-11-07T23:32:25.770+0000][gc,heap       ] GC(315) Eden regions: 50->0(52)
[2025-11-07T23:32:25.770+0000][gc,heap       ] GC(315) Survivor regions: 4->4(7)
[2025-11-07T23:32:25.771+0000][gc,heap       ] GC(315) Old regions: 273->273
[2025-11-07T23:32:25.771+0000][gc,heap       ] GC(315) Humongous regions: 147->147
[2025-11-07T23:32:25.771+0000][gc,metaspace  ] GC(315) Metaspace: 53239K(56348K)->53239K(56348K) NonClass: 47336K(48976K)->47336K(48976K) Class: 5903K(7372K)->5903K(7372K)
[2025-11-07T23:32:25.771+0000][gc            ] GC(315) Pause Young (Normal) (G1 Evacuation Pause) 473M->423M(684M) 15.236ms
[2025-11-07T23:32:25.772+0000][gc,cpu        ] GC(315) User=0.02s Sys=0.00s Real=0.01s
[2025-11-07T23:32:36.674+0000][gc,start      ] GC(316) Pause Young (Normal) (G1 Evacuation Pause)
[2025-11-07T23:32:36.674+0000][gc,task       ] GC(316) Using 2 workers of 2 for evacuation
[2025-11-07T23:32:36.686+0000][gc,phases     ] GC(316)   Pre Evacuate Collection Set: 0.0ms
[2025-11-07T23:32:36.686+0000][gc,phases     ] GC(316)   Evacuate Collection Set: 10.2ms
[2025-11-07T23:32:36.686+0000][gc,phases     ] GC(316)   Post Evacuate Collection Set: 0.6ms
[2025-11-07T23:32:36.686+0000][gc,phases     ] GC(316)   Other: 0.6ms
[2025-11-07T23:32:36.687+0000][gc,heap       ] GC(316) Eden regions: 48->0(53)
[2025-11-07T23:32:36.687+0000][gc,heap       ] GC(316) Survivor regions: 4->4(7)
[2025-11-07T23:32:36.687+0000][gc,heap       ] GC(316) Old regions: 273->273
[2025-11-07T23:32:36.687+0000][gc,heap       ] GC(316) Humongous regions: 147->147
[2025-11-07T23:32:36.687+0000][gc,metaspace  ] GC(316) Metaspace: 53239K(56348K)->53239K(56348K) NonClass: 47336K(48976K)->47336K(48976K) Class: 5903K(7372K)->5903K(7372K)
[2025-11-07T23:32:36.687+0000][gc            ] GC(316) Pause Young (Normal) (G1 Evacuation Pause) 471M->423M(684M) 13.004ms
[2025-11-07T23:32:36.687+0000][gc,cpu        ] GC(316) User=0.02s Sys=0.00s Real=0.01s
[2025-11-07T23:32:48.001+0000][gc,start      ] GC(317) Pause Young (Normal) (G1 Evacuation Pause)
[2025-11-07T23:32:48.001+0000][gc,task       ] GC(317) Using 2 workers of 2 for evacuation
[2025-11-07T23:32:48.019+0000][gc,phases     ] GC(317)   Pre Evacuate Collection Set: 0.0ms
[2025-11-07T23:32:48.020+0000][gc,phases     ] GC(317)   Evacuate Collection Set: 15.9ms
[2025-11-07T23:32:48.020+0000][gc,phases     ] GC(317)   Post Evacuate Collection Set: 1.6ms
[2025-11-07T23:32:48.020+0000][gc,phases     ] GC(317)   Other: 0.8ms
[2025-11-07T23:32:48.021+0000][gc,heap       ] GC(317) Eden regions: 50->0(51)
[2025-11-07T23:32:48.022+0000][gc,heap       ] GC(317) Survivor regions: 4->4(7)
[2025-11-07T23:32:48.022+0000][gc,heap       ] GC(317) Old regions: 273->273
[2025-11-07T23:32:48.022+0000][gc,heap       ] GC(317) Humongous regions: 147->147
[2025-11-07T23:32:48.023+0000][gc,metaspace  ] GC(317) Metaspace: 53239K(56348K)->53239K(56348K) NonClass: 47336K(48976K)->47336K(48976K) Class: 5903K(7372K)->5903K(7372K)
[2025-11-07T23:32:48.023+0000][gc            ] GC(317) Pause Young (Normal) (G1 Evacuation Pause) 473M->423M(684M) 22.370ms
[2025-11-07T23:32:48.023+0000][gc,cpu        ] GC(317) User=0.03s Sys=0.00s Real=0.03s
[2025-11-07T23:32:59.131+0000][gc,start      ] GC(318) Pause Young (Normal) (G1 Evacuation Pause)
[2025-11-07T23:32:59.131+0000][gc,task       ] GC(318) Using 2 workers of 2 for evacuation
[2025-11-07T23:32:59.145+0000][gc,phases     ] GC(318)   Pre Evacuate Collection Set: 0.1ms
[2025-11-07T23:32:59.145+0000][gc,phases     ] GC(318)   Evacuate Collection Set: 11.7ms
[2025-11-07T23:32:59.145+0000][gc,phases     ] GC(318)   Post Evacuate Collection Set: 1.2ms
[2025-11-07T23:32:59.146+0000][gc,phases     ] GC(318)   Other: 0.6ms
[2025-11-07T23:32:59.146+0000][gc,heap       ] GC(318) Eden regions: 48->0(51)
[2025-11-07T23:32:59.146+0000][gc,heap       ] GC(318) Survivor regions: 4->4(7)
[2025-11-07T23:32:59.147+0000][gc,heap       ] GC(318) Old regions: 273->274
[2025-11-07T23:32:59.147+0000][gc,heap       ] GC(318) Humongous regions: 147->147
[2025-11-07T23:32:59.147+0000][gc,metaspace  ] GC(318) Metaspace: 53239K(56348K)->53239K(56348K) NonClass: 47336K(48976K)->47336K(48976K) Class: 5903K(7372K)->5903K(7372K)
[2025-11-07T23:32:59.148+0000][gc            ] GC(318) Pause Young (Normal) (G1 Evacuation Pause) 471M->424M(684M) 16.434ms
[2025-11-07T23:32:59.148+0000][gc,cpu        ] GC(318) User=0.02s Sys=0.00s Real=0.02s
[2025-11-07T23:33:10.389+0000][gc,start      ] GC(319) Pause Young (Normal) (G1 Evacuation Pause)
[2025-11-07T23:33:10.389+0000][gc,task       ] GC(319) Using 2 workers of 2 for evacuation
[2025-11-07T23:33:10.400+0000][gc,phases     ] GC(319)   Pre Evacuate Collection Set: 0.0ms
[2025-11-07T23:33:10.400+0000][gc,phases     ] GC(319)   Evacuate Collection Set: 9.7ms
[2025-11-07T23:33:10.400+0000][gc,phases     ] GC(319)   Post Evacuate Collection Set: 0.7ms
[2025-11-07T23:33:10.400+0000][gc,phases     ] GC(319)   Other: 0.7ms
[2025-11-07T23:33:10.401+0000][gc,heap       ] GC(319) Eden regions: 49->0(53)
[2025-11-07T23:33:10.401+0000][gc,heap       ] GC(319) Survivor regions: 4->4(7)
[2025-11-07T23:33:10.401+0000][gc,heap       ] GC(319) Old regions: 274->274
[2025-11-07T23:33:10.401+0000][gc,heap       ] GC(319) Humongous regions: 147->147
[2025-11-07T23:33:10.402+0000][gc,metaspace  ] GC(319) Metaspace: 53239K(56348K)->53239K(56348K) NonClass: 47336K(48976K)->47336K(48976K) Class: 5903K(7372K)->5903K(7372K)
[2025-11-07T23:33:10.402+0000][gc            ] GC(319) Pause Young (Normal) (G1 Evacuation Pause) 473M->424M(684M) 13.122ms
[2025-11-07T23:33:10.402+0000][gc,cpu        ] GC(319) User=0.03s Sys=0.00s Real=0.02s
[2025-11-07T23:33:22.245+0000][gc,start      ] GC(320) Pause Young (Normal) (G1 Evacuation Pause)
[2025-11-07T23:33:22.245+0000][gc,task       ] GC(320) Using 2 workers of 2 for evacuation
[2025-11-07T23:33:22.300+0000][gc,mmu        ] GC(320) MMU target violated: 21.0ms (20.0ms/21.0ms)
[2025-11-07T23:33:22.300+0000][gc,phases     ] GC(320)   Pre Evacuate Collection Set: 0.0ms
[2025-11-07T23:33:22.301+0000][gc,phases     ] GC(320)   Evacuate Collection Set: 53.8ms
[2025-11-07T23:33:22.301+0000][gc,phases     ] GC(320)   Post Evacuate Collection Set: 0.7ms
[2025-11-07T23:33:22.301+0000][gc,phases     ] GC(320)   Other: 1.2ms
[2025-11-07T23:33:22.301+0000][gc,heap       ] GC(320) Eden regions: 53->0(29)
[2025-11-07T23:33:22.301+0000][gc,heap       ] GC(320) Survivor regions: 4->5(8)
[2025-11-07T23:33:22.301+0000][gc,heap       ] GC(320) Old regions: 274->274
[2025-11-07T23:33:22.301+0000][gc,heap       ] GC(320) Humongous regions: 147->147
[2025-11-07T23:33:22.302+0000][gc,metaspace  ] GC(320) Metaspace: 53239K(56348K)->53239K(56348K) NonClass: 47336K(48976K)->47336K(48976K) Class: 5903K(7372K)->5903K(7372K)
[2025-11-07T23:33:22.302+0000][gc            ] GC(320) Pause Young (Normal) (G1 Evacuation Pause) 477M->425M(684M) 56.873ms
[2025-11-07T23:33:22.302+0000][gc,cpu        ] GC(320) User=0.03s Sys=0.01s Real=0.05s
[2025-11-07T23:33:28.824+0000][gc,start      ] GC(321) Pause Young (Normal) (G1 Evacuation Pause)
[2025-11-07T23:33:28.825+0000][gc,task       ] GC(321) Using 2 workers of 2 for evacuation
[2025-11-07T23:33:28.846+0000][gc,mmu        ] GC(321) MMU target violated: 20.5ms (20.0ms/21.0ms)
[2025-11-07T23:33:28.846+0000][gc,phases     ] GC(321)   Pre Evacuate Collection Set: 0.0ms
[2025-11-07T23:33:28.847+0000][gc,phases     ] GC(321)   Evacuate Collection Set: 18.3ms
[2025-11-07T23:33:28.847+0000][gc,phases     ] GC(321)   Post Evacuate Collection Set: 1.9ms
[2025-11-07T23:33:28.848+0000][gc,phases     ] GC(321)   Other: 2.3ms
[2025-11-07T23:33:28.848+0000][gc,heap       ] GC(321) Eden regions: 29->0(31)
[2025-11-07T23:33:28.848+0000][gc,heap       ] GC(321) Survivor regions: 5->3(5)
[2025-11-07T23:33:28.849+0000][gc,heap       ] GC(321) Old regions: 274->276
[2025-11-07T23:33:28.849+0000][gc,heap       ] GC(321) Humongous regions: 147->147
[2025-11-07T23:33:28.849+0000][gc,metaspace  ] GC(321) Metaspace: 53239K(56348K)->53239K(56348K) NonClass: 47336K(48976K)->47336K(48976K) Class: 5903K(7372K)->5903K(7372K)
[2025-11-07T23:33:28.849+0000][gc            ] GC(321) Pause Young (Normal) (G1 Evacuation Pause) 454M->424M(684M) 25.025ms
[2025-11-07T23:33:28.849+0000][gc,cpu        ] GC(321) User=0.04s Sys=0.00s Real=0.02s
[2025-11-07T23:33:35.695+0000][gc,start      ] GC(322) Pause Young (Normal) (G1 Evacuation Pause)
[2025-11-07T23:33:35.695+0000][gc,task       ] GC(322) Using 2 workers of 2 for evacuation
[2025-11-07T23:33:35.703+0000][gc,phases     ] GC(322)   Pre Evacuate Collection Set: 0.0ms
[2025-11-07T23:33:35.703+0000][gc,phases     ] GC(322)   Evacuate Collection Set: 6.5ms
[2025-11-07T23:33:35.703+0000][gc,phases     ] GC(322)   Post Evacuate Collection Set: 0.7ms
[2025-11-07T23:33:35.703+0000][gc,phases     ] GC(322)   Other: 0.7ms
[2025-11-07T23:33:35.704+0000][gc,heap       ] GC(322) Eden regions: 31->0(35)
[2025-11-07T23:33:35.704+0000][gc,heap       ] GC(322) Survivor regions: 3->2(5)
[2025-11-07T23:33:35.704+0000][gc,heap       ] GC(322) Old regions: 276->276
[2025-11-07T23:33:35.704+0000][gc,heap       ] GC(322) Humongous regions: 147->147
[2025-11-07T23:33:35.704+0000][gc,metaspace  ] GC(322) Metaspace: 53239K(56348K)->53239K(56348K) NonClass: 47336K(48976K)->47336K(48976K) Class: 5903K(7372K)->5903K(7372K)
[2025-11-07T23:33:35.704+0000][gc            ] GC(322) Pause Young (Normal) (G1 Evacuation Pause) 455M->424M(684M) 9.630ms
[2025-11-07T23:33:35.704+0000][gc,cpu        ] GC(322) User=0.01s Sys=0.00s Real=0.01s
[2025-11-07T23:33:43.552+0000][gc,start      ] GC(323) Pause Young (Normal) (G1 Evacuation Pause)
[2025-11-07T23:33:43.552+0000][gc,task       ] GC(323) Using 2 workers of 2 for evacuation
[2025-11-07T23:33:43.560+0000][gc,phases     ] GC(323)   Pre Evacuate Collection Set: 0.0ms
[2025-11-07T23:33:43.560+0000][gc,phases     ] GC(323)   Evacuate Collection Set: 6.8ms
[2025-11-07T23:33:43.560+0000][gc,phases     ] GC(323)   Post Evacuate Collection Set: 0.7ms
[2025-11-07T23:33:43.560+0000][gc,phases     ] GC(323)   Other: 0.6ms
[2025-11-07T23:33:43.561+0000][gc,heap       ] GC(323) Eden regions: 35->0(36)
[2025-11-07T23:33:43.561+0000][gc,heap       ] GC(323) Survivor regions: 2->3(5)
[2025-11-07T23:33:43.561+0000][gc,heap       ] GC(323) Old regions: 276->276
[2025-11-07T23:33:43.561+0000][gc,heap       ] GC(323) Humongous regions: 147->147
[2025-11-07T23:33:43.562+0000][gc,metaspace  ] GC(323) Metaspace: 53239K(56348K)->53239K(56348K) NonClass: 47336K(48976K)->47336K(48976K) Class: 5903K(7372K)->5903K(7372K)
[2025-11-07T23:33:43.562+0000][gc            ] GC(323) Pause Young (Normal) (G1 Evacuation Pause) 459M->424M(684M) 9.941ms
[2025-11-07T23:33:43.562+0000][gc,cpu        ] GC(323) User=0.01s Sys=0.00s Real=0.01s
[2025-11-07T23:33:51.605+0000][gc,start      ] GC(324) Pause Young (Normal) (G1 Evacuation Pause)
[2025-11-07T23:33:51.605+0000][gc,task       ] GC(324) Using 2 workers of 2 for evacuation
[2025-11-07T23:33:51.613+0000][gc,phases     ] GC(324)   Pre Evacuate Collection Set: 0.0ms
[2025-11-07T23:33:51.613+0000][gc,phases     ] GC(324)   Evacuate Collection Set: 7.0ms
[2025-11-07T23:33:51.613+0000][gc,phases     ] GC(324)   Post Evacuate Collection Set: 0.6ms
[2025-11-07T23:33:51.614+0000][gc,phases     ] GC(324)   Other: 0.5ms
[2025-11-07T23:33:51.614+0000][gc,heap       ] GC(324) Eden regions: 36->0(39)
[2025-11-07T23:33:51.614+0000][gc,heap       ] GC(324) Survivor regions: 3->4(5)
[2025-11-07T23:33:51.614+0000][gc,heap       ] GC(324) Old regions: 276->276
[2025-11-07T23:33:51.614+0000][gc,heap       ] GC(324) Humongous regions: 147->147
[2025-11-07T23:33:51.614+0000][gc,metaspace  ] GC(324) Metaspace: 53239K(56348K)->53239K(56348K) NonClass: 47336K(48976K)->47336K(48976K) Class: 5903K(7372K)->5903K(7372K)
[2025-11-07T23:33:51.615+0000][gc            ] GC(324) Pause Young (Normal) (G1 Evacuation Pause) 460M->425M(684M) 9.544ms
[2025-11-07T23:33:51.615+0000][gc,cpu        ] GC(324) User=0.02s Sys=0.00s Real=0.01s
[2025-11-07T23:34:00.361+0000][gc,start      ] GC(325) Pause Young (Normal) (G1 Evacuation Pause)
[2025-11-07T23:34:00.362+0000][gc,task       ] GC(325) Using 2 workers of 2 for evacuation
[2025-11-07T23:34:00.373+0000][gc,phases     ] GC(325)   Pre Evacuate Collection Set: 0.0ms
[2025-11-07T23:34:00.374+0000][gc,phases     ] GC(325)   Evacuate Collection Set: 9.8ms
[2025-11-07T23:34:00.374+0000][gc,phases     ] GC(325)   Post Evacuate Collection Set: 1.0ms
[2025-11-07T23:34:00.374+0000][gc,phases     ] GC(325)   Other: 1.7ms
[2025-11-07T23:34:00.375+0000][gc,heap       ] GC(325) Eden regions: 39->0(42)
[2025-11-07T23:34:00.375+0000][gc,heap       ] GC(325) Survivor regions: 4->2(6)
[2025-11-07T23:34:00.375+0000][gc,heap       ] GC(325) Old regions: 276->276
[2025-11-07T23:34:00.376+0000][gc,heap       ] GC(325) Humongous regions: 147->147
[2025-11-07T23:34:00.376+0000][gc,metaspace  ] GC(325) Metaspace: 53239K(56348K)->53239K(56348K) NonClass: 47336K(48976K)->47336K(48976K) Class: 5903K(7372K)->5903K(7372K)
[2025-11-07T23:34:00.376+0000][gc            ] GC(325) Pause Young (Normal) (G1 Evacuation Pause) 464M->424M(684M) 15.434ms
[2025-11-07T23:34:00.376+0000][gc,cpu        ] GC(325) User=0.02s Sys=0.00s Real=0.02s
[2025-11-07T23:34:10.146+0000][gc,start      ] GC(326) Pause Young (Normal) (G1 Evacuation Pause)
[2025-11-07T23:34:10.146+0000][gc,task       ] GC(326) Using 2 workers of 2 for evacuation
[2025-11-07T23:34:10.157+0000][gc,phases     ] GC(326)   Pre Evacuate Collection Set: 0.0ms
[2025-11-07T23:34:10.157+0000][gc,phases     ] GC(326)   Evacuate Collection Set: 8.8ms
[2025-11-07T23:34:10.157+0000][gc,phases     ] GC(326)   Post Evacuate Collection Set: 0.8ms
[2025-11-07T23:34:10.158+0000][gc,phases     ] GC(326)   Other: 1.2ms
[2025-11-07T23:34:10.158+0000][gc,heap       ] GC(326) Eden regions: 42->0(43)
[2025-11-07T23:34:10.158+0000][gc,heap       ] GC(326) Survivor regions: 2->4(6)
[2025-11-07T23:34:10.158+0000][gc,heap       ] GC(326) Old regions: 276->276
[2025-11-07T23:34:10.158+0000][gc,heap       ] GC(326) Humongous regions: 147->147
[2025-11-07T23:34:10.158+0000][gc,metaspace  ] GC(326) Metaspace: 53239K(56348K)->53239K(56348K) NonClass: 47336K(48976K)->47336K(48976K) Class: 5903K(7372K)->5903K(7372K)
[2025-11-07T23:34:10.159+0000][gc            ] GC(326) Pause Young (Normal) (G1 Evacuation Pause) 466M->425M(684M) 12.572ms
[2025-11-07T23:34:10.159+0000][gc,cpu        ] GC(326) User=0.02s Sys=0.00s Real=0.01s
[2025-11-07T23:34:19.516+0000][gc,start      ] GC(327) Pause Young (Normal) (G1 Evacuation Pause)
[2025-11-07T23:34:19.516+0000][gc,task       ] GC(327) Using 2 workers of 2 for evacuation
[2025-11-07T23:34:19.527+0000][gc,phases     ] GC(327)   Pre Evacuate Collection Set: 0.0ms
[2025-11-07T23:34:19.527+0000][gc,phases     ] GC(327)   Evacuate Collection Set: 8.9ms
[2025-11-07T23:34:19.527+0000][gc,phases     ] GC(327)   Post Evacuate Collection Set: 0.9ms
[2025-11-07T23:34:19.527+0000][gc,phases     ] GC(327)   Other: 0.9ms
[2025-11-07T23:34:19.528+0000][gc,heap       ] GC(327) Eden regions: 41->0(46)
[2025-11-07T23:34:19.528+0000][gc,heap       ] GC(327) Survivor regions: 4->3(6)
[2025-11-07T23:34:19.528+0000][gc,heap       ] GC(327) Old regions: 276->276
[2025-11-07T23:34:19.528+0000][gc,heap       ] GC(327) Humongous regions: 147->147
[2025-11-07T23:34:19.529+0000][gc,metaspace  ] GC(327) Metaspace: 53239K(56348K)->53239K(56348K) NonClass: 47336K(48976K)->47336K(48976K) Class: 5903K(7372K)->5903K(7372K)
[2025-11-07T23:34:19.529+0000][gc            ] GC(327) Pause Young (Normal) (G1 Evacuation Pause) 466M->425M(684M) 12.762ms
[2025-11-07T23:34:19.529+0000][gc,cpu        ] GC(327) User=0.02s Sys=0.00s Real=0.01s
[2025-11-07T23:34:30.218+0000][gc,start      ] GC(328) Pause Young (Normal) (G1 Evacuation Pause)
[2025-11-07T23:34:30.219+0000][gc,task       ] GC(328) Using 2 workers of 2 for evacuation
[2025-11-07T23:34:30.236+0000][gc,phases     ] GC(328)   Pre Evacuate Collection Set: 0.0ms
[2025-11-07T23:34:30.237+0000][gc,phases     ] GC(328)   Evacuate Collection Set: 15.2ms
[2025-11-07T23:34:30.237+0000][gc,phases     ] GC(328)   Post Evacuate Collection Set: 1.7ms
[2025-11-07T23:34:30.238+0000][gc,phases     ] GC(328)   Other: 1.6ms
[2025-11-07T23:34:30.238+0000][gc,heap       ] GC(328) Eden regions: 46->0(46)
[2025-11-07T23:34:30.239+0000][gc,heap       ] GC(328) Survivor regions: 3->5(7)
[2025-11-07T23:34:30.239+0000][gc,heap       ] GC(328) Old regions: 276->276
[2025-11-07T23:34:30.240+0000][gc,heap       ] GC(328) Humongous regions: 147->147
[2025-11-07T23:34:30.240+0000][gc,metaspace  ] GC(328) Metaspace: 53239K(56348K)->53239K(56348K) NonClass: 47336K(48976K)->47336K(48976K) Class: 5903K(7372K)->5903K(7372K)
[2025-11-07T23:34:30.241+0000][gc            ] GC(328) Pause Young (Normal) (G1 Evacuation Pause) 471M->426M(684M) 22.727ms
[2025-11-07T23:34:30.242+0000][gc,cpu        ] GC(328) User=0.03s Sys=0.00s Real=0.02s
[2025-11-07T23:34:39.883+0000][gc,start      ] GC(329) Pause Young (Normal) (G1 Evacuation Pause)
[2025-11-07T23:34:39.884+0000][gc,task       ] GC(329) Using 2 workers of 2 for evacuation
[2025-11-07T23:34:39.895+0000][gc,phases     ] GC(329)   Pre Evacuate Collection Set: 0.0ms
[2025-11-07T23:34:39.895+0000][gc,phases     ] GC(329)   Evacuate Collection Set: 10.2ms
[2025-11-07T23:34:39.896+0000][gc,phases     ] GC(329)   Post Evacuate Collection Set: 0.9ms
[2025-11-07T23:34:39.896+0000][gc,phases     ] GC(329)   Other: 0.6ms
[2025-11-07T23:34:39.896+0000][gc,heap       ] GC(329) Eden regions: 41->0(50)
[2025-11-07T23:34:39.896+0000][gc,heap       ] GC(329) Survivor regions: 5->3(6)
[2025-11-07T23:34:39.896+0000][gc,heap       ] GC(329) Old regions: 276->277
[2025-11-07T23:34:39.897+0000][gc,heap       ] GC(329) Humongous regions: 147->147
[2025-11-07T23:34:39.897+0000][gc,metaspace  ] GC(329) Metaspace: 53239K(56348K)->53239K(56348K) NonClass: 47336K(48976K)->47336K(48976K) Class: 5903K(7372K)->5903K(7372K)
[2025-11-07T23:34:39.897+0000][gc            ] GC(329) Pause Young (Normal) (G1 Evacuation Pause) 467M->426M(684M) 13.812ms
[2025-11-07T23:34:39.897+0000][gc,cpu        ] GC(329) User=0.02s Sys=0.00s Real=0.02s
[2025-11-07T23:34:51.405+0000][gc,start      ] GC(330) Pause Young (Normal) (G1 Evacuation Pause)
[2025-11-07T23:34:51.405+0000][gc,task       ] GC(330) Using 2 workers of 2 for evacuation
[2025-11-07T23:34:51.417+0000][gc,phases     ] GC(330)   Pre Evacuate Collection Set: 0.0ms
[2025-11-07T23:34:51.418+0000][gc,phases     ] GC(330)   Evacuate Collection Set: 10.6ms
[2025-11-07T23:34:51.418+0000][gc,phases     ] GC(330)   Post Evacuate Collection Set: 1.0ms
[2025-11-07T23:34:51.418+0000][gc,phases     ] GC(330)   Other: 1.0ms
[2025-11-07T23:34:51.419+0000][gc,heap       ] GC(330) Eden regions: 50->0(52)
[2025-11-07T23:34:51.419+0000][gc,heap       ] GC(330) Survivor regions: 3->3(7)
[2025-11-07T23:34:51.419+0000][gc,heap       ] GC(330) Old regions: 277->277
[2025-11-07T23:34:51.419+0000][gc,heap       ] GC(330) Humongous regions: 147->147
[2025-11-07T23:34:51.419+0000][gc,metaspace  ] GC(330) Metaspace: 53239K(56348K)->53239K(56348K) NonClass: 47336K(48976K)->47336K(48976K) Class: 5903K(7372K)->5903K(7372K)
[2025-11-07T23:34:51.420+0000][gc            ] GC(330) Pause Young (Normal) (G1 Evacuation Pause) 476M->426M(684M) 14.907ms
[2025-11-07T23:34:51.420+0000][gc,cpu        ] GC(330) User=0.02s Sys=0.00s Real=0.01s
[2025-11-07T23:35:02.138+0000][gc,start      ] GC(331) Pause Young (Normal) (G1 Evacuation Pause)
[2025-11-07T23:35:02.139+0000][gc,task       ] GC(331) Using 2 workers of 2 for evacuation
[2025-11-07T23:35:02.156+0000][gc,phases     ] GC(331)   Pre Evacuate Collection Set: 0.0ms
[2025-11-07T23:35:02.156+0000][gc,phases     ] GC(331)   Evacuate Collection Set: 10.1ms
[2025-11-07T23:35:02.157+0000][gc,phases     ] GC(331)   Post Evacuate Collection Set: 0.8ms
[2025-11-07T23:35:02.157+0000][gc,phases     ] GC(331)   Other: 7.7ms
[2025-11-07T23:35:02.157+0000][gc,heap       ] GC(331) Eden regions: 47->0(53)
[2025-11-07T23:35:02.158+0000][gc,heap       ] GC(331) Survivor regions: 3->3(7)
[2025-11-07T23:35:02.158+0000][gc,heap       ] GC(331) Old regions: 277->277
[2025-11-07T23:35:02.158+0000][gc,heap       ] GC(331) Humongous regions: 147->147
[2025-11-07T23:35:02.158+0000][gc,metaspace  ] GC(331) Metaspace: 53239K(56348K)->53239K(56348K) NonClass: 47336K(48976K)->47336K(48976K) Class: 5903K(7372K)->5903K(7372K)
[2025-11-07T23:35:02.159+0000][gc            ] GC(331) Pause Young (Normal) (G1 Evacuation Pause) 473M->426M(684M) 20.580ms
[2025-11-07T23:35:02.159+0000][gc,cpu        ] GC(331) User=0.02s Sys=0.00s Real=0.02s
[2025-11-07T23:35:13.983+0000][gc,start      ] GC(332) Pause Young (Normal) (G1 Evacuation Pause)
[2025-11-07T23:35:13.984+0000][gc,task       ] GC(332) Using 2 workers of 2 for evacuation
[2025-11-07T23:35:13.993+0000][gc,phases     ] GC(332)   Pre Evacuate Collection Set: 0.0ms
[2025-11-07T23:35:13.994+0000][gc,phases     ] GC(332)   Evacuate Collection Set: 8.5ms
[2025-11-07T23:35:13.994+0000][gc,phases     ] GC(332)   Post Evacuate Collection Set: 0.7ms
[2025-11-07T23:35:13.994+0000][gc,phases     ] GC(332)   Other: 0.7ms
[2025-11-07T23:35:13.994+0000][gc,heap       ] GC(332) Eden regions: 53->0(56)
[2025-11-07T23:35:13.995+0000][gc,heap       ] GC(332) Survivor regions: 3->4(7)
[2025-11-07T23:35:13.995+0000][gc,heap       ] GC(332) Old regions: 277->277
[2025-11-07T23:35:13.995+0000][gc,heap       ] GC(332) Humongous regions: 147->147
[2025-11-07T23:35:13.995+0000][gc,metaspace  ] GC(332) Metaspace: 53239K(56348K)->53239K(56348K) NonClass: 47336K(48976K)->47336K(48976K) Class: 5903K(7372K)->5903K(7372K)
[2025-11-07T23:35:13.996+0000][gc            ] GC(332) Pause Young (Normal) (G1 Evacuation Pause) 479M->427M(684M) 12.145ms
[2025-11-07T23:35:13.996+0000][gc,cpu        ] GC(332) User=0.02s Sys=0.00s Real=0.01s
[2025-11-07T23:35:26.539+0000][gc,start      ] GC(333) Pause Young (Normal) (G1 Evacuation Pause)
[2025-11-07T23:35:26.540+0000][gc,task       ] GC(333) Using 2 workers of 2 for evacuation
[2025-11-07T23:35:26.607+0000][gc,mmu        ] GC(333) MMU target violated: 21.0ms (20.0ms/21.0ms)
[2025-11-07T23:35:26.607+0000][gc,phases     ] GC(333)   Pre Evacuate Collection Set: 0.0ms
[2025-11-07T23:35:26.608+0000][gc,phases     ] GC(333)   Evacuate Collection Set: 64.5ms
[2025-11-07T23:35:26.608+0000][gc,phases     ] GC(333)   Post Evacuate Collection Set: 1.7ms
[2025-11-07T23:35:26.608+0000][gc,phases     ] GC(333)   Other: 2.0ms
[2025-11-07T23:35:26.609+0000][gc,heap       ] GC(333) Eden regions: 56->0(29)
[2025-11-07T23:35:26.609+0000][gc,heap       ] GC(333) Survivor regions: 4->5(8)
[2025-11-07T23:35:26.609+0000][gc,heap       ] GC(333) Old regions: 277->277
[2025-11-07T23:35:26.610+0000][gc,heap       ] GC(333) Humongous regions: 147->147
[2025-11-07T23:35:26.610+0000][gc,metaspace  ] GC(333) Metaspace: 53239K(56348K)->53239K(56348K) NonClass: 47336K(48976K)->47336K(48976K) Class: 5903K(7372K)->5903K(7372K)
[2025-11-07T23:35:26.610+0000][gc            ] GC(333) Pause Young (Normal) (G1 Evacuation Pause) 483M->428M(684M) 70.742ms
[2025-11-07T23:35:26.610+0000][gc,cpu        ] GC(333) User=0.03s Sys=0.02s Real=0.07s
[2025-11-07T23:35:33.091+0000][gc,start      ] GC(334) Pause Young (Normal) (G1 Evacuation Pause)
[2025-11-07T23:35:33.091+0000][gc,task       ] GC(334) Using 2 workers of 2 for evacuation
[2025-11-07T23:35:33.106+0000][gc,phases     ] GC(334)   Pre Evacuate Collection Set: 0.0ms
[2025-11-07T23:35:33.107+0000][gc,phases     ] GC(334)   Evacuate Collection Set: 13.8ms
[2025-11-07T23:35:33.107+0000][gc,phases     ] GC(334)   Post Evacuate Collection Set: 1.6ms
[2025-11-07T23:35:33.107+0000][gc,phases     ] GC(334)   Other: 0.5ms
[2025-11-07T23:35:33.107+0000][gc,heap       ] GC(334) Eden regions: 29->0(31)
[2025-11-07T23:35:33.107+0000][gc,heap       ] GC(334) Survivor regions: 5->3(5)
[2025-11-07T23:35:33.108+0000][gc,heap       ] GC(334) Old regions: 277->279
[2025-11-07T23:35:33.108+0000][gc,heap       ] GC(334) Humongous regions: 147->147
[2025-11-07T23:35:33.108+0000][gc,metaspace  ] GC(334) Metaspace: 53239K(56348K)->53239K(56348K) NonClass: 47336K(48976K)->47336K(48976K) Class: 5903K(7372K)->5903K(7372K)
[2025-11-07T23:35:33.108+0000][gc            ] GC(334) Pause Young (Normal) (G1 Evacuation Pause) 457M->428M(684M) 17.387ms
[2025-11-07T23:35:33.108+0000][gc,cpu        ] GC(334) User=0.02s Sys=0.00s Real=0.01s
[2025-11-07T23:35:39.965+0000][gc,start      ] GC(335) Pause Young (Normal) (G1 Evacuation Pause)
[2025-11-07T23:35:39.965+0000][gc,task       ] GC(335) Using 2 workers of 2 for evacuation
[2025-11-07T23:35:39.972+0000][gc,phases     ] GC(335)   Pre Evacuate Collection Set: 0.0ms
[2025-11-07T23:35:39.972+0000][gc,phases     ] GC(335)   Evacuate Collection Set: 6.2ms
[2025-11-07T23:35:39.973+0000][gc,phases     ] GC(335)   Post Evacuate Collection Set: 0.8ms
[2025-11-07T23:35:39.973+0000][gc,phases     ] GC(335)   Other: 0.6ms
[2025-11-07T23:35:39.973+0000][gc,heap       ] GC(335) Eden regions: 31->0(31)
[2025-11-07T23:35:39.973+0000][gc,heap       ] GC(335) Survivor regions: 3->3(5)
[2025-11-07T23:35:39.974+0000][gc,heap       ] GC(335) Old regions: 279->279
[2025-11-07T23:35:39.974+0000][gc,heap       ] GC(335) Humongous regions: 147->147
[2025-11-07T23:35:39.974+0000][gc,metaspace  ] GC(335) Metaspace: 53239K(56348K)->53239K(56348K) NonClass: 47336K(48976K)->47336K(48976K) Class: 5903K(7372K)->5903K(7372K)
[2025-11-07T23:35:39.974+0000][gc            ] GC(335) Pause Young (Normal) (G1 Evacuation Pause) 459M->428M(684M) 9.925ms
[2025-11-07T23:35:39.975+0000][gc,cpu        ] GC(335) User=0.02s Sys=0.00s Real=0.01s
[2025-11-07T23:35:46.837+0000][gc,start      ] GC(336) Pause Young (Normal) (G1 Evacuation Pause)
[2025-11-07T23:35:46.837+0000][gc,task       ] GC(336) Using 2 workers of 2 for evacuation
[2025-11-07T23:35:46.846+0000][gc,phases     ] GC(336)   Pre Evacuate Collection Set: 0.0ms
[2025-11-07T23:35:46.846+0000][gc,phases     ] GC(336)   Evacuate Collection Set: 7.4ms
[2025-11-07T23:35:46.847+0000][gc,phases     ] GC(336)   Post Evacuate Collection Set: 1.0ms
[2025-11-07T23:35:46.847+0000][gc,phases     ] GC(336)   Other: 0.7ms
[2025-11-07T23:35:46.848+0000][gc,heap       ] GC(336) Eden regions: 31->0(37)
[2025-11-07T23:35:46.848+0000][gc,heap       ] GC(336) Survivor regions: 3->3(5)
[2025-11-07T23:35:46.849+0000][gc,heap       ] GC(336) Old regions: 279->279
[2025-11-07T23:35:46.849+0000][gc,heap       ] GC(336) Humongous regions: 147->147
[2025-11-07T23:35:46.849+0000][gc,metaspace  ] GC(336) Metaspace: 53239K(56348K)->53239K(56348K) NonClass: 47336K(48976K)->47336K(48976K) Class: 5903K(7372K)->5903K(7372K)
[2025-11-07T23:35:46.849+0000][gc            ] GC(336) Pause Young (Normal) (G1 Evacuation Pause) 459M->427M(684M) 12.430ms
[2025-11-07T23:35:46.850+0000][gc,cpu        ] GC(336) User=0.02s Sys=0.00s Real=0.02s
[2025-11-07T23:35:55.464+0000][gc,start      ] GC(337) Pause Young (Normal) (G1 Evacuation Pause)
[2025-11-07T23:35:55.464+0000][gc,task       ] GC(337) Using 2 workers of 2 for evacuation
[2025-11-07T23:35:55.475+0000][gc,phases     ] GC(337)   Pre Evacuate Collection Set: 0.0ms
[2025-11-07T23:35:55.475+0000][gc,phases     ] GC(337)   Evacuate Collection Set: 8.8ms
[2025-11-07T23:35:55.475+0000][gc,phases     ] GC(337)   Post Evacuate Collection Set: 1.2ms
[2025-11-07T23:35:55.476+0000][gc,phases     ] GC(337)   Other: 0.7ms
[2025-11-07T23:35:55.476+0000][gc,heap       ] GC(337) Eden regions: 37->0(41)
[2025-11-07T23:35:55.476+0000][gc,heap       ] GC(337) Survivor regions: 3->3(5)
[2025-11-07T23:35:55.477+0000][gc,heap       ] GC(337) Old regions: 279->279
[2025-11-07T23:35:55.477+0000][gc,heap       ] GC(337) Humongous regions: 147->147
[2025-11-07T23:35:55.478+0000][gc,metaspace  ] GC(337) Metaspace: 53239K(56348K)->53239K(56348K) NonClass: 47336K(48976K)->47336K(48976K) Class: 5903K(7372K)->5903K(7372K)
[2025-11-07T23:35:55.479+0000][gc            ] GC(337) Pause Young (Normal) (G1 Evacuation Pause) 464M->428M(684M) 15.045ms
[2025-11-07T23:35:55.479+0000][gc,cpu        ] GC(337) User=0.03s Sys=0.00s Real=0.02s
[2025-11-07T23:36:03.428+0000][gc,start      ] GC(338) Pause Young (Normal) (G1 Evacuation Pause)
[2025-11-07T23:36:03.429+0000][gc,task       ] GC(338) Using 2 workers of 2 for evacuation
[2025-11-07T23:36:03.445+0000][gc,phases     ] GC(338)   Pre Evacuate Collection Set: 0.0ms
[2025-11-07T23:36:03.445+0000][gc,phases     ] GC(338)   Evacuate Collection Set: 14.9ms
[2025-11-07T23:36:03.445+0000][gc,phases     ] GC(338)   Post Evacuate Collection Set: 0.6ms
[2025-11-07T23:36:03.446+0000][gc,phases     ] GC(338)   Other: 1.3ms
[2025-11-07T23:36:03.447+0000][gc,heap       ] GC(338) Eden regions: 35->0(37)
[2025-11-07T23:36:03.447+0000][gc,heap       ] GC(338) Survivor regions: 3->4(5)
[2025-11-07T23:36:03.448+0000][gc,heap       ] GC(338) Old regions: 279->279
[2025-11-07T23:36:03.448+0000][gc,heap       ] GC(338) Humongous regions: 147->147
[2025-11-07T23:36:03.449+0000][gc,metaspace  ] GC(338) Metaspace: 53239K(56348K)->53239K(56348K) NonClass: 47336K(48976K)->47336K(48976K) Class: 5903K(7372K)->5903K(7372K)
[2025-11-07T23:36:03.450+0000][gc            ] GC(338) Pause Young (Normal) (G1 Evacuation Pause) 463M->429M(684M) 21.977ms
[2025-11-07T23:36:03.451+0000][gc,cpu        ] GC(338) User=0.03s Sys=0.00s Real=0.03s
[2025-11-07T23:36:12.021+0000][gc,start      ] GC(339) Pause Young (Normal) (G1 Evacuation Pause)
[2025-11-07T23:36:12.021+0000][gc,task       ] GC(339) Using 2 workers of 2 for evacuation
[2025-11-07T23:36:12.035+0000][gc,phases     ] GC(339)   Pre Evacuate Collection Set: 0.0ms
[2025-11-07T23:36:12.036+0000][gc,phases     ] GC(339)   Evacuate Collection Set: 12.0ms
[2025-11-07T23:36:12.036+0000][gc,phases     ] GC(339)   Post Evacuate Collection Set: 1.2ms
[2025-11-07T23:36:12.037+0000][gc,phases     ] GC(339)   Other: 1.1ms
[2025-11-07T23:36:12.037+0000][gc,heap       ] GC(339) Eden regions: 37->0(38)
[2025-11-07T23:36:12.041+0000][gc,heap       ] GC(339) Survivor regions: 4->4(6)
[2025-11-07T23:36:12.041+0000][gc,heap       ] GC(339) Old regions: 279->279
[2025-11-07T23:36:12.041+0000][gc,heap       ] GC(339) Humongous regions: 147->147
[2025-11-07T23:36:12.042+0000][gc,metaspace  ] GC(339) Metaspace: 53239K(56348K)->53239K(56348K) NonClass: 47336K(48976K)->47336K(48976K) Class: 5903K(7372K)->5903K(7372K)
[2025-11-07T23:36:12.042+0000][gc            ] GC(339) Pause Young (Normal) (G1 Evacuation Pause) 466M->429M(684M) 21.487ms
[2025-11-07T23:36:12.043+0000][gc,cpu        ] GC(339) User=0.02s Sys=0.00s Real=0.02s
[2025-11-07T23:36:19.746+0000][gc,start      ] GC(340) Pause Young (Normal) (G1 Evacuation Pause)
[2025-11-07T23:36:19.746+0000][gc,task       ] GC(340) Using 2 workers of 2 for evacuation
[2025-11-07T23:36:19.766+0000][gc,phases     ] GC(340)   Pre Evacuate Collection Set: 0.0ms
[2025-11-07T23:36:19.767+0000][gc,phases     ] GC(340)   Evacuate Collection Set: 17.5ms
[2025-11-07T23:36:19.767+0000][gc,phases     ] GC(340)   Post Evacuate Collection Set: 1.0ms
[2025-11-07T23:36:19.767+0000][gc,phases     ] GC(340)   Other: 1.6ms
[2025-11-07T23:36:19.768+0000][gc,heap       ] GC(340) Eden regions: 34->0(35)
[2025-11-07T23:36:19.768+0000][gc,heap       ] GC(340) Survivor regions: 4->3(5)
[2025-11-07T23:36:19.769+0000][gc,heap       ] GC(340) Old regions: 279->280
[2025-11-07T23:36:19.769+0000][gc,heap       ] GC(340) Humongous regions: 147->147
[2025-11-07T23:36:19.769+0000][gc,metaspace  ] GC(340) Metaspace: 53239K(56348K)->53239K(56348K) NonClass: 47336K(48976K)->47336K(48976K) Class: 5903K(7372K)->5903K(7372K)
[2025-11-07T23:36:19.770+0000][gc            ] GC(340) Pause Young (Normal) (G1 Evacuation Pause) 463M->429M(684M) 24.588ms
[2025-11-07T23:36:19.771+0000][gc,cpu        ] GC(340) User=0.04s Sys=0.00s Real=0.03s
[2025-11-07T23:36:27.587+0000][gc,start      ] GC(341) Pause Young (Normal) (G1 Evacuation Pause)
[2025-11-07T23:36:27.587+0000][gc,task       ] GC(341) Using 2 workers of 2 for evacuation
[2025-11-07T23:36:27.600+0000][gc,phases     ] GC(341)   Pre Evacuate Collection Set: 0.0ms
[2025-11-07T23:36:27.600+0000][gc,phases     ] GC(341)   Evacuate Collection Set: 10.8ms
[2025-11-07T23:36:27.601+0000][gc,phases     ] GC(341)   Post Evacuate Collection Set: 1.2ms
[2025-11-07T23:36:27.601+0000][gc,phases     ] GC(341)   Other: 1.1ms
[2025-11-07T23:36:27.601+0000][gc,heap       ] GC(341) Eden regions: 34->0(36)
[2025-11-07T23:36:27.601+0000][gc,heap       ] GC(341) Survivor regions: 3->3(5)
[2025-11-07T23:36:27.602+0000][gc,heap       ] GC(341) Old regions: 280->281
[2025-11-07T23:36:27.602+0000][gc,heap       ] GC(341) Humongous regions: 147->147
[2025-11-07T23:36:27.602+0000][gc,metaspace  ] GC(341) Metaspace: 53239K(56348K)->53239K(56348K) NonClass: 47336K(48976K)->47336K(48976K) Class: 5903K(7372K)->5903K(7372K)
[2025-11-07T23:36:27.602+0000][gc            ] GC(341) Pause Young (Normal) (G1 Evacuation Pause) 463M->430M(684M) 15.351ms
[2025-11-07T23:36:27.603+0000][gc,cpu        ] GC(341) User=0.03s Sys=0.00s Real=0.02s
[2025-11-07T23:36:35.058+0000][gc,start      ] GC(342) Pause Young (Normal) (G1 Evacuation Pause)
[2025-11-07T23:36:35.059+0000][gc,task       ] GC(342) Using 2 workers of 2 for evacuation
[2025-11-07T23:36:35.068+0000][gc,phases     ] GC(342)   Pre Evacuate Collection Set: 0.0ms
[2025-11-07T23:36:35.069+0000][gc,phases     ] GC(342)   Evacuate Collection Set: 8.6ms
[2025-11-07T23:36:35.069+0000][gc,phases     ] GC(342)   Post Evacuate Collection Set: 1.0ms
[2025-11-07T23:36:35.069+0000][gc,phases     ] GC(342)   Other: 0.8ms
[2025-11-07T23:36:35.070+0000][gc,heap       ] GC(342) Eden regions: 33->0(39)
[2025-11-07T23:36:35.070+0000][gc,heap       ] GC(342) Survivor regions: 3->3(5)
[2025-11-07T23:36:35.070+0000][gc,heap       ] GC(342) Old regions: 281->281
[2025-11-07T23:36:35.071+0000][gc,heap       ] GC(342) Humongous regions: 147->147
[2025-11-07T23:36:35.071+0000][gc,metaspace  ] GC(342) Metaspace: 53239K(56348K)->53239K(56348K) NonClass: 47336K(48976K)->47336K(48976K) Class: 5903K(7372K)->5903K(7372K)
[2025-11-07T23:36:35.071+0000][gc            ] GC(342) Pause Young (Normal) (G1 Evacuation Pause) 463M->430M(684M) 13.227ms
[2025-11-07T23:36:35.072+0000][gc,cpu        ] GC(342) User=0.02s Sys=0.00s Real=0.02s
[2025-11-07T23:36:44.016+0000][gc,start      ] GC(343) Pause Young (Normal) (G1 Evacuation Pause)
[2025-11-07T23:36:44.016+0000][gc,task       ] GC(343) Using 2 workers of 2 for evacuation
[2025-11-07T23:36:44.024+0000][gc,phases     ] GC(343)   Pre Evacuate Collection Set: 0.0ms
[2025-11-07T23:36:44.025+0000][gc,phases     ] GC(343)   Evacuate Collection Set: 7.2ms
[2025-11-07T23:36:44.025+0000][gc,phases     ] GC(343)   Post Evacuate Collection Set: 0.8ms
[2025-11-07T23:36:44.025+0000][gc,phases     ] GC(343)   Other: 0.7ms
[2025-11-07T23:36:44.025+0000][gc,heap       ] GC(343) Eden regions: 39->0(44)
[2025-11-07T23:36:44.025+0000][gc,heap       ] GC(343) Survivor regions: 3->2(6)
[2025-11-07T23:36:44.026+0000][gc,heap       ] GC(343) Old regions: 281->281
[2025-11-07T23:36:44.026+0000][gc,heap       ] GC(343) Humongous regions: 147->147
[2025-11-07T23:36:44.026+0000][gc,metaspace  ] GC(343) Metaspace: 53239K(56348K)->53239K(56348K) NonClass: 47336K(48976K)->47336K(48976K) Class: 5903K(7372K)->5903K(7372K)
[2025-11-07T23:36:44.026+0000][gc            ] GC(343) Pause Young (Normal) (G1 Evacuation Pause) 469M->429M(684M) 10.399ms
[2025-11-07T23:36:44.026+0000][gc,cpu        ] GC(343) User=0.02s Sys=0.00s Real=0.01s
[2025-11-07T23:36:53.077+0000][gc,start      ] GC(344) Pause Young (Normal) (G1 Evacuation Pause)
[2025-11-07T23:36:53.077+0000][gc,task       ] GC(344) Using 2 workers of 2 for evacuation
[2025-11-07T23:36:53.086+0000][gc,phases     ] GC(344)   Pre Evacuate Collection Set: 0.0ms
[2025-11-07T23:36:53.086+0000][gc,phases     ] GC(344)   Evacuate Collection Set: 8.0ms
[2025-11-07T23:36:53.087+0000][gc,phases     ] GC(344)   Post Evacuate Collection Set: 0.7ms
[2025-11-07T23:36:53.087+0000][gc,phases     ] GC(344)   Other: 0.5ms
[2025-11-07T23:36:53.087+0000][gc,heap       ] GC(344) Eden regions: 40->0(46)
[2025-11-07T23:36:53.087+0000][gc,heap       ] GC(344) Survivor regions: 2->3(6)
[2025-11-07T23:36:53.087+0000][gc,heap       ] GC(344) Old regions: 281->281
[2025-11-07T23:36:53.087+0000][gc,heap       ] GC(344) Humongous regions: 147->147
[2025-11-07T23:36:53.087+0000][gc,metaspace  ] GC(344) Metaspace: 53239K(56348K)->53239K(56348K) NonClass: 47336K(48976K)->47336K(48976K) Class: 5903K(7372K)->5903K(7372K)
[2025-11-07T23:36:53.088+0000][gc            ] GC(344) Pause Young (Normal) (G1 Evacuation Pause) 469M->430M(684M) 10.581ms
[2025-11-07T23:36:53.088+0000][gc,cpu        ] GC(344) User=0.02s Sys=0.00s Real=0.01s
[2025-11-07T23:37:03.448+0000][gc,start      ] GC(345) Pause Young (Normal) (G1 Evacuation Pause)
[2025-11-07T23:37:03.449+0000][gc,task       ] GC(345) Using 2 workers of 2 for evacuation
[2025-11-07T23:37:03.460+0000][gc,phases     ] GC(345)   Pre Evacuate Collection Set: 0.0ms
[2025-11-07T23:37:03.461+0000][gc,phases     ] GC(345)   Evacuate Collection Set: 9.9ms
[2025-11-07T23:37:03.461+0000][gc,phases     ] GC(345)   Post Evacuate Collection Set: 0.9ms
[2025-11-07T23:37:03.461+0000][gc,phases     ] GC(345)   Other: 0.9ms
[2025-11-07T23:37:03.462+0000][gc,heap       ] GC(345) Eden regions: 46->0(49)
[2025-11-07T23:37:03.462+0000][gc,heap       ] GC(345) Survivor regions: 3->3(7)
[2025-11-07T23:37:03.462+0000][gc,heap       ] GC(345) Old regions: 281->281
[2025-11-07T23:37:03.462+0000][gc,heap       ] GC(345) Humongous regions: 147->147
[2025-11-07T23:37:03.463+0000][gc,metaspace  ] GC(345) Metaspace: 53239K(56348K)->53239K(56348K) NonClass: 47336K(48976K)->47336K(48976K) Class: 5903K(7372K)->5903K(7372K)
[2025-11-07T23:37:03.463+0000][gc            ] GC(345) Pause Young (Normal) (G1 Evacuation Pause) 476M->430M(684M) 14.666ms
[2025-11-07T23:37:03.463+0000][gc,cpu        ] GC(345) User=0.02s Sys=0.00s Real=0.02s
[2025-11-07T23:37:13.877+0000][gc,start      ] GC(346) Pause Young (Normal) (G1 Evacuation Pause)
[2025-11-07T23:37:13.877+0000][gc,task       ] GC(346) Using 2 workers of 2 for evacuation
[2025-11-07T23:37:13.889+0000][gc,phases     ] GC(346)   Pre Evacuate Collection Set: 0.0ms
[2025-11-07T23:37:13.889+0000][gc,phases     ] GC(346)   Evacuate Collection Set: 10.3ms
[2025-11-07T23:37:13.889+0000][gc,phases     ] GC(346)   Post Evacuate Collection Set: 0.9ms
[2025-11-07T23:37:13.890+0000][gc,phases     ] GC(346)   Other: 1.0ms
[2025-11-07T23:37:13.890+0000][gc,heap       ] GC(346) Eden regions: 45->0(51)
[2025-11-07T23:37:13.890+0000][gc,heap       ] GC(346) Survivor regions: 3->3(6)
[2025-11-07T23:37:13.891+0000][gc,heap       ] GC(346) Old regions: 281->281
[2025-11-07T23:37:13.891+0000][gc,heap       ] GC(346) Humongous regions: 147->147
[2025-11-07T23:37:13.891+0000][gc,metaspace  ] GC(346) Metaspace: 53239K(56348K)->53239K(56348K) NonClass: 47336K(48976K)->47336K(48976K) Class: 5903K(7372K)->5903K(7372K)
[2025-11-07T23:37:13.892+0000][gc            ] GC(346) Pause Young (Normal) (G1 Evacuation Pause) 475M->430M(684M) 14.813ms
[2025-11-07T23:37:13.892+0000][gc,cpu        ] GC(346) User=0.03s Sys=0.00s Real=0.02s
[2025-11-07T23:37:24.410+0000][gc,start      ] GC(347) Pause Young (Normal) (G1 Evacuation Pause)
[2025-11-07T23:37:24.410+0000][gc,task       ] GC(347) Using 2 workers of 2 for evacuation
[2025-11-07T23:37:24.425+0000][gc,phases     ] GC(347)   Pre Evacuate Collection Set: 0.0ms
[2025-11-07T23:37:24.426+0000][gc,phases     ] GC(347)   Evacuate Collection Set: 12.6ms
[2025-11-07T23:37:24.426+0000][gc,phases     ] GC(347)   Post Evacuate Collection Set: 1.5ms
[2025-11-07T23:37:24.427+0000][gc,phases     ] GC(347)   Other: 1.1ms
[2025-11-07T23:37:24.427+0000][gc,heap       ] GC(347) Eden regions: 47->0(50)
[2025-11-07T23:37:24.428+0000][gc,heap       ] GC(347) Survivor regions: 3->3(7)
[2025-11-07T23:37:24.428+0000][gc,heap       ] GC(347) Old regions: 281->281
[2025-11-07T23:37:24.429+0000][gc,heap       ] GC(347) Humongous regions: 147->147
[2025-11-07T23:37:24.429+0000][gc,metaspace  ] GC(347) Metaspace: 53239K(56348K)->53239K(56348K) NonClass: 47336K(48976K)->47336K(48976K) Class: 5903K(7372K)->5903K(7372K)
[2025-11-07T23:37:24.429+0000][gc            ] GC(347) Pause Young (Normal) (G1 Evacuation Pause) 477M->430M(684M) 19.335ms
[2025-11-07T23:37:24.430+0000][gc,cpu        ] GC(347) User=0.03s Sys=0.00s Real=0.02s
[2025-11-07T23:37:34.792+0000][gc,start      ] GC(348) Pause Young (Normal) (G1 Evacuation Pause)
[2025-11-07T23:37:34.792+0000][gc,task       ] GC(348) Using 2 workers of 2 for evacuation
[2025-11-07T23:37:34.804+0000][gc,phases     ] GC(348)   Pre Evacuate Collection Set: 0.0ms
[2025-11-07T23:37:34.804+0000][gc,phases     ] GC(348)   Evacuate Collection Set: 10.3ms
[2025-11-07T23:37:34.804+0000][gc,phases     ] GC(348)   Post Evacuate Collection Set: 0.8ms
[2025-11-07T23:37:34.804+0000][gc,phases     ] GC(348)   Other: 0.8ms
[2025-11-07T23:37:34.805+0000][gc,heap       ] GC(348) Eden regions: 46->0(53)
[2025-11-07T23:37:34.805+0000][gc,heap       ] GC(348) Survivor regions: 3->5(7)
[2025-11-07T23:37:34.805+0000][gc,heap       ] GC(348) Old regions: 281->281
[2025-11-07T23:37:34.805+0000][gc,heap       ] GC(348) Humongous regions: 147->147
[2025-11-07T23:37:34.805+0000][gc,metaspace  ] GC(348) Metaspace: 53239K(56348K)->53239K(56348K) NonClass: 47336K(48976K)->47336K(48976K) Class: 5903K(7372K)->5903K(7372K)
[2025-11-07T23:37:34.806+0000][gc            ] GC(348) Pause Young (Normal) (G1 Evacuation Pause) 476M->432M(684M) 13.554ms
[2025-11-07T23:37:34.806+0000][gc,cpu        ] GC(348) User=0.02s Sys=0.00s Real=0.01s
[2025-11-07T23:37:45.470+0000][gc,start      ] GC(349) Pause Young (Normal) (G1 Evacuation Pause)
[2025-11-07T23:37:45.470+0000][gc,task       ] GC(349) Using 2 workers of 2 for evacuation
[2025-11-07T23:37:45.483+0000][gc,phases     ] GC(349)   Pre Evacuate Collection Set: 0.0ms
[2025-11-07T23:37:45.483+0000][gc,phases     ] GC(349)   Evacuate Collection Set: 11.6ms
[2025-11-07T23:37:45.483+0000][gc,phases     ] GC(349)   Post Evacuate Collection Set: 0.5ms
[2025-11-07T23:37:45.484+0000][gc,phases     ] GC(349)   Other: 0.7ms
[2025-11-07T23:37:45.484+0000][gc,heap       ] GC(349) Eden regions: 48->0(53)
[2025-11-07T23:37:45.484+0000][gc,heap       ] GC(349) Survivor regions: 5->4(7)
[2025-11-07T23:37:45.484+0000][gc,heap       ] GC(349) Old regions: 281->282
[2025-11-07T23:37:45.484+0000][gc,heap       ] GC(349) Humongous regions: 147->147
[2025-11-07T23:37:45.484+0000][gc,metaspace  ] GC(349) Metaspace: 53239K(56348K)->53239K(56348K) NonClass: 47336K(48976K)->47336K(48976K) Class: 5903K(7372K)->5903K(7372K)
[2025-11-07T23:37:45.484+0000][gc            ] GC(349) Pause Young (Normal) (G1 Evacuation Pause) 480M->432M(684M) 14.256ms
[2025-11-07T23:37:45.485+0000][gc,cpu        ] GC(349) User=0.02s Sys=0.00s Real=0.02s
[2025-11-07T23:37:56.522+0000][gc,start      ] GC(350) Pause Young (Normal) (G1 Evacuation Pause)
[2025-11-07T23:37:56.522+0000][gc,task       ] GC(350) Using 2 workers of 2 for evacuation
[2025-11-07T23:37:56.537+0000][gc,phases     ] GC(350)   Pre Evacuate Collection Set: 0.0ms
[2025-11-07T23:37:56.537+0000][gc,phases     ] GC(350)   Evacuate Collection Set: 12.7ms
[2025-11-07T23:37:56.537+0000][gc,phases     ] GC(350)   Post Evacuate Collection Set: 0.9ms
[2025-11-07T23:37:56.538+0000][gc,phases     ] GC(350)   Other: 0.8ms
[2025-11-07T23:37:56.538+0000][gc,heap       ] GC(350) Eden regions: 48->0(53)
[2025-11-07T23:37:56.538+0000][gc,heap       ] GC(350) Survivor regions: 4->4(7)
[2025-11-07T23:37:56.539+0000][gc,heap       ] GC(350) Old regions: 282->282
[2025-11-07T23:37:56.539+0000][gc,heap       ] GC(350) Humongous regions: 147->147
[2025-11-07T23:37:56.539+0000][gc,metaspace  ] GC(350) Metaspace: 53239K(56348K)->53239K(56348K) NonClass: 47336K(48976K)->47336K(48976K) Class: 5903K(7372K)->5903K(7372K)
[2025-11-07T23:37:56.539+0000][gc            ] GC(350) Pause Young (Normal) (G1 Evacuation Pause) 480M->432M(684M) 17.330ms
[2025-11-07T23:37:56.540+0000][gc,cpu        ] GC(350) User=0.03s Sys=0.00s Real=0.01s
[2025-11-07T23:38:07.443+0000][gc,start      ] GC(351) Pause Young (Normal) (G1 Evacuation Pause)
[2025-11-07T23:38:07.444+0000][gc,task       ] GC(351) Using 2 workers of 2 for evacuation
[2025-11-07T23:38:07.460+0000][gc,phases     ] GC(351)   Pre Evacuate Collection Set: 0.0ms
[2025-11-07T23:38:07.460+0000][gc,phases     ] GC(351)   Evacuate Collection Set: 13.9ms
[2025-11-07T23:38:07.461+0000][gc,phases     ] GC(351)   Post Evacuate Collection Set: 0.9ms
[2025-11-07T23:38:07.461+0000][gc,phases     ] GC(351)   Other: 1.9ms
[2025-11-07T23:38:07.461+0000][gc,heap       ] GC(351) Eden regions: 48->0(52)
[2025-11-07T23:38:07.461+0000][gc,heap       ] GC(351) Survivor regions: 4->4(7)
[2025-11-07T23:38:07.461+0000][gc,heap       ] GC(351) Old regions: 282->282
[2025-11-07T23:38:07.462+0000][gc,heap       ] GC(351) Humongous regions: 147->147
[2025-11-07T23:38:07.462+0000][gc,metaspace  ] GC(351) Metaspace: 53239K(56348K)->53239K(56348K) NonClass: 47336K(48976K)->47336K(48976K) Class: 5903K(7372K)->5903K(7372K)
[2025-11-07T23:38:07.462+0000][gc            ] GC(351) Pause Young (Normal) (G1 Evacuation Pause) 480M->432M(684M) 18.997ms
[2025-11-07T23:38:07.463+0000][gc,cpu        ] GC(351) User=0.03s Sys=0.00s Real=0.02s
[2025-11-07T23:38:17.939+0000][gc,start      ] GC(352) Pause Young (Normal) (G1 Evacuation Pause)
[2025-11-07T23:38:17.939+0000][gc,task       ] GC(352) Using 2 workers of 2 for evacuation
[2025-11-07T23:38:17.950+0000][gc,phases     ] GC(352)   Pre Evacuate Collection Set: 0.0ms
[2025-11-07T23:38:17.950+0000][gc,phases     ] GC(352)   Evacuate Collection Set: 9.2ms
[2025-11-07T23:38:17.950+0000][gc,phases     ] GC(352)   Post Evacuate Collection Set: 0.9ms
[2025-11-07T23:38:17.950+0000][gc,phases     ] GC(352)   Other: 0.6ms
[2025-11-07T23:38:17.950+0000][gc,heap       ] GC(352) Eden regions: 47->0(55)
[2025-11-07T23:38:17.950+0000][gc,heap       ] GC(352) Survivor regions: 4->4(7)
[2025-11-07T23:38:17.951+0000][gc,heap       ] GC(352) Old regions: 282->282
[2025-11-07T23:38:17.951+0000][gc,heap       ] GC(352) Humongous regions: 147->147
[2025-11-07T23:38:17.951+0000][gc,metaspace  ] GC(352) Metaspace: 53239K(56348K)->53239K(56348K) NonClass: 47336K(48976K)->47336K(48976K) Class: 5903K(7372K)->5903K(7372K)
[2025-11-07T23:38:17.951+0000][gc            ] GC(352) Pause Young (Normal) (G1 Evacuation Pause) 479M->432M(684M) 12.144ms
[2025-11-07T23:38:17.951+0000][gc,cpu        ] GC(352) User=0.02s Sys=0.00s Real=0.02s
[2025-11-07T23:38:29.155+0000][gc,start      ] GC(353) Pause Young (Normal) (G1 Evacuation Pause)
[2025-11-07T23:38:29.156+0000][gc,task       ] GC(353) Using 2 workers of 2 for evacuation
[2025-11-07T23:38:29.166+0000][gc,phases     ] GC(353)   Pre Evacuate Collection Set: 0.0ms
[2025-11-07T23:38:29.166+0000][gc,phases     ] GC(353)   Evacuate Collection Set: 9.3ms
[2025-11-07T23:38:29.167+0000][gc,phases     ] GC(353)   Post Evacuate Collection Set: 0.7ms
[2025-11-07T23:38:29.167+0000][gc,phases     ] GC(353)   Other: 0.9ms
[2025-11-07T23:38:29.167+0000][gc,heap       ] GC(353) Eden regions: 50->0(58)
[2025-11-07T23:38:29.167+0000][gc,heap       ] GC(353) Survivor regions: 4->4(7)
[2025-11-07T23:38:29.167+0000][gc,heap       ] GC(353) Old regions: 282->282
[2025-11-07T23:38:29.167+0000][gc,heap       ] GC(353) Humongous regions: 147->147
[2025-11-07T23:38:29.167+0000][gc,metaspace  ] GC(353) Metaspace: 53239K(56348K)->53239K(56348K) NonClass: 47336K(48976K)->47336K(48976K) Class: 5903K(7372K)->5903K(7372K)
[2025-11-07T23:38:29.168+0000][gc            ] GC(353) Pause Young (Normal) (G1 Evacuation Pause) 482M->432M(684M) 12.175ms
[2025-11-07T23:38:29.168+0000][gc,cpu        ] GC(353) User=0.02s Sys=0.00s Real=0.01s
[2025-11-07T23:38:41.119+0000][gc,start      ] GC(354) Pause Young (Normal) (G1 Evacuation Pause)
[2025-11-07T23:38:41.119+0000][gc,task       ] GC(354) Using 2 workers of 2 for evacuation
[2025-11-07T23:38:41.134+0000][gc,phases     ] GC(354)   Pre Evacuate Collection Set: 0.0ms
[2025-11-07T23:38:41.134+0000][gc,phases     ] GC(354)   Evacuate Collection Set: 13.0ms
[2025-11-07T23:38:41.136+0000][gc,phases     ] GC(354)   Post Evacuate Collection Set: 1.1ms
[2025-11-07T23:38:41.136+0000][gc,phases     ] GC(354)   Other: 0.8ms
[2025-11-07T23:38:41.137+0000][gc,heap       ] GC(354) Eden regions: 52->0(58)
[2025-11-07T23:38:41.137+0000][gc,heap       ] GC(354) Survivor regions: 4->5(7)
[2025-11-07T23:38:41.137+0000][gc,heap       ] GC(354) Old regions: 282->282
[2025-11-07T23:38:41.137+0000][gc,heap       ] GC(354) Humongous regions: 147->147
[2025-11-07T23:38:41.138+0000][gc,metaspace  ] GC(354) Metaspace: 53239K(56348K)->53239K(56348K) NonClass: 47336K(48976K)->47336K(48976K) Class: 5903K(7372K)->5903K(7372K)
[2025-11-07T23:38:41.138+0000][gc            ] GC(354) Pause Young (Normal) (G1 Evacuation Pause) 484M->433M(684M) 19.079ms
[2025-11-07T23:38:41.138+0000][gc,cpu        ] GC(354) User=0.03s Sys=0.00s Real=0.02s
[2025-11-07T23:38:53.130+0000][gc,start      ] GC(355) Pause Young (Normal) (G1 Evacuation Pause)
[2025-11-07T23:38:53.130+0000][gc,task       ] GC(355) Using 2 workers of 2 for evacuation
[2025-11-07T23:38:53.144+0000][gc,phases     ] GC(355)   Pre Evacuate Collection Set: 0.0ms
[2025-11-07T23:38:53.145+0000][gc,phases     ] GC(355)   Evacuate Collection Set: 12.7ms
[2025-11-07T23:38:53.145+0000][gc,phases     ] GC(355)   Post Evacuate Collection Set: 0.8ms
[2025-11-07T23:38:53.146+0000][gc,phases     ] GC(355)   Other: 0.9ms
[2025-11-07T23:38:53.146+0000][gc,heap       ] GC(355) Eden regions: 53->0(59)
[2025-11-07T23:38:53.146+0000][gc,heap       ] GC(355) Survivor regions: 5->5(8)
[2025-11-07T23:38:53.146+0000][gc,heap       ] GC(355) Old regions: 282->283
[2025-11-07T23:38:53.147+0000][gc,heap       ] GC(355) Humongous regions: 147->147
[2025-11-07T23:38:53.147+0000][gc,metaspace  ] GC(355) Metaspace: 53239K(56348K)->53239K(56348K) NonClass: 47336K(48976K)->47336K(48976K) Class: 5903K(7372K)->5903K(7372K)
[2025-11-07T23:38:53.147+0000][gc            ] GC(355) Pause Young (Normal) (G1 Evacuation Pause) 486M->434M(684M) 17.127ms
[2025-11-07T23:38:53.147+0000][gc,cpu        ] GC(355) User=0.02s Sys=0.00s Real=0.02s
[2025-11-07T23:39:06.576+0000][gc,start      ] GC(356) Pause Young (Normal) (G1 Evacuation Pause)
[2025-11-07T23:39:06.576+0000][gc,task       ] GC(356) Using 2 workers of 2 for evacuation
[2025-11-07T23:39:06.624+0000][gc,mmu        ] GC(356) MMU target violated: 21.0ms (20.0ms/21.0ms)
[2025-11-07T23:39:06.624+0000][gc,phases     ] GC(356)   Pre Evacuate Collection Set: 0.0ms
[2025-11-07T23:39:06.625+0000][gc,phases     ] GC(356)   Evacuate Collection Set: 44.9ms
[2025-11-07T23:39:06.625+0000][gc,phases     ] GC(356)   Post Evacuate Collection Set: 1.8ms
[2025-11-07T23:39:06.625+0000][gc,phases     ] GC(356)   Other: 1.3ms
[2025-11-07T23:39:06.626+0000][gc,heap       ] GC(356) Eden regions: 59->0(30)
[2025-11-07T23:39:06.627+0000][gc,heap       ] GC(356) Survivor regions: 5->4(8)
[2025-11-07T23:39:06.627+0000][gc,heap       ] GC(356) Old regions: 283->283
[2025-11-07T23:39:06.628+0000][gc,heap       ] GC(356) Humongous regions: 147->147
[2025-11-07T23:39:06.628+0000][gc,metaspace  ] GC(356) Metaspace: 53239K(56348K)->53239K(56348K) NonClass: 47336K(48976K)->47336K(48976K) Class: 5903K(7372K)->5903K(7372K)
[2025-11-07T23:39:06.629+0000][gc            ] GC(356) Pause Young (Normal) (G1 Evacuation Pause) 493M->433M(684M) 52.726ms
[2025-11-07T23:39:06.629+0000][gc,cpu        ] GC(356) User=0.05s Sys=0.00s Real=0.05s
[2025-11-07T23:39:13.436+0000][gc,start      ] GC(357) Pause Young (Normal) (G1 Evacuation Pause)
[2025-11-07T23:39:13.436+0000][gc,task       ] GC(357) Using 2 workers of 2 for evacuation
[2025-11-07T23:39:13.454+0000][gc,phases     ] GC(357)   Pre Evacuate Collection Set: 0.0ms
[2025-11-07T23:39:13.455+0000][gc,phases     ] GC(357)   Evacuate Collection Set: 14.7ms
[2025-11-07T23:39:13.455+0000][gc,phases     ] GC(357)   Post Evacuate Collection Set: 2.6ms
[2025-11-07T23:39:13.455+0000][gc,phases     ] GC(357)   Other: 1.2ms
[2025-11-07T23:39:13.456+0000][gc,heap       ] GC(357) Eden regions: 30->0(31)
[2025-11-07T23:39:13.456+0000][gc,heap       ] GC(357) Survivor regions: 4->3(5)
[2025-11-07T23:39:13.457+0000][gc,heap       ] GC(357) Old regions: 283->284
[2025-11-07T23:39:13.457+0000][gc,heap       ] GC(357) Humongous regions: 147->147
[2025-11-07T23:39:13.457+0000][gc,metaspace  ] GC(357) Metaspace: 53239K(56348K)->53239K(56348K) NonClass: 47336K(48976K)->47336K(48976K) Class: 5903K(7372K)->5903K(7372K)
[2025-11-07T23:39:13.458+0000][gc            ] GC(357) Pause Young (Normal) (G1 Evacuation Pause) 463M->433M(684M) 21.589ms
[2025-11-07T23:39:13.458+0000][gc,cpu        ] GC(357) User=0.03s Sys=0.00s Real=0.02s
[2025-11-07T23:39:20.414+0000][gc,start      ] GC(358) Pause Young (Normal) (G1 Evacuation Pause)
[2025-11-07T23:39:20.414+0000][gc,task       ] GC(358) Using 2 workers of 2 for evacuation
[2025-11-07T23:39:20.424+0000][gc,phases     ] GC(358)   Pre Evacuate Collection Set: 0.0ms
[2025-11-07T23:39:20.424+0000][gc,phases     ] GC(358)   Evacuate Collection Set: 8.2ms
[2025-11-07T23:39:20.425+0000][gc,phases     ] GC(358)   Post Evacuate Collection Set: 1.0ms
[2025-11-07T23:39:20.425+0000][gc,phases     ] GC(358)   Other: 0.8ms
[2025-11-07T23:39:20.425+0000][gc,heap       ] GC(358) Eden regions: 31->0(33)
[2025-11-07T23:39:20.425+0000][gc,heap       ] GC(358) Survivor regions: 3->3(5)
[2025-11-07T23:39:20.425+0000][gc,heap       ] GC(358) Old regions: 284->284
[2025-11-07T23:39:20.426+0000][gc,heap       ] GC(358) Humongous regions: 147->147
[2025-11-07T23:39:20.426+0000][gc,metaspace  ] GC(358) Metaspace: 53239K(56348K)->53239K(56348K) NonClass: 47336K(48976K)->47336K(48976K) Class: 5903K(7372K)->5903K(7372K)
[2025-11-07T23:39:20.426+0000][gc            ] GC(358) Pause Young (Normal) (G1 Evacuation Pause) 464M->433M(684M) 11.940ms
[2025-11-07T23:39:20.426+0000][gc,cpu        ] GC(358) User=0.02s Sys=0.00s Real=0.01s
[2025-11-07T23:39:27.776+0000][gc,start      ] GC(359) Pause Young (Normal) (G1 Evacuation Pause)
[2025-11-07T23:39:27.776+0000][gc,task       ] GC(359) Using 2 workers of 2 for evacuation
[2025-11-07T23:39:27.785+0000][gc,phases     ] GC(359)   Pre Evacuate Collection Set: 0.0ms
[2025-11-07T23:39:27.785+0000][gc,phases     ] GC(359)   Evacuate Collection Set: 7.7ms
[2025-11-07T23:39:27.785+0000][gc,phases     ] GC(359)   Post Evacuate Collection Set: 0.8ms
[2025-11-07T23:39:27.786+0000][gc,phases     ] GC(359)   Other: 0.5ms
[2025-11-07T23:39:27.786+0000][gc,heap       ] GC(359) Eden regions: 33->0(39)
[2025-11-07T23:39:27.786+0000][gc,heap       ] GC(359) Survivor regions: 3->3(5)
[2025-11-07T23:39:27.786+0000][gc,heap       ] GC(359) Old regions: 284->284
[2025-11-07T23:39:27.786+0000][gc,heap       ] GC(359) Humongous regions: 147->147
[2025-11-07T23:39:27.786+0000][gc,metaspace  ] GC(359) Metaspace: 53239K(56348K)->53239K(56348K) NonClass: 47336K(48976K)->47336K(48976K) Class: 5903K(7372K)->5903K(7372K)
[2025-11-07T23:39:27.787+0000][gc            ] GC(359) Pause Young (Normal) (G1 Evacuation Pause) 466M->433M(684M) 10.766ms
[2025-11-07T23:39:27.787+0000][gc,cpu        ] GC(359) User=0.02s Sys=0.00s Real=0.01s
[2025-11-07T23:39:36.538+0000][gc,start      ] GC(360) Pause Young (Normal) (G1 Evacuation Pause)
[2025-11-07T23:39:36.538+0000][gc,task       ] GC(360) Using 2 workers of 2 for evacuation
[2025-11-07T23:39:36.553+0000][gc,phases     ] GC(360)   Pre Evacuate Collection Set: 0.0ms
[2025-11-07T23:39:36.553+0000][gc,phases     ] GC(360)   Evacuate Collection Set: 12.9ms
[2025-11-07T23:39:36.554+0000][gc,phases     ] GC(360)   Post Evacuate Collection Set: 1.0ms
[2025-11-07T23:39:36.554+0000][gc,phases     ] GC(360)   Other: 0.9ms
[2025-11-07T23:39:36.554+0000][gc,heap       ] GC(360) Eden regions: 39->0(40)
[2025-11-07T23:39:36.554+0000][gc,heap       ] GC(360) Survivor regions: 3->4(6)
[2025-11-07T23:39:36.555+0000][gc,heap       ] GC(360) Old regions: 284->284
[2025-11-07T23:39:36.555+0000][gc,heap       ] GC(360) Humongous regions: 147->147
[2025-11-07T23:39:36.556+0000][gc,metaspace  ] GC(360) Metaspace: 53239K(56348K)->53239K(56348K) NonClass: 47336K(48976K)->47336K(48976K) Class: 5903K(7372K)->5903K(7372K)
[2025-11-07T23:39:36.556+0000][gc            ] GC(360) Pause Young (Normal) (G1 Evacuation Pause) 472M->434M(684M) 17.875ms
[2025-11-07T23:39:36.556+0000][gc,cpu        ] GC(360) User=0.03s Sys=0.00s Real=0.02s
[2025-11-07T23:39:43.790+0000][gc,start      ] GC(361) Pause Young (Normal) (G1 Evacuation Pause)
[2025-11-07T23:39:43.790+0000][gc,task       ] GC(361) Using 2 workers of 2 for evacuation
[2025-11-07T23:39:43.802+0000][gc,phases     ] GC(361)   Pre Evacuate Collection Set: 0.0ms
[2025-11-07T23:39:43.802+0000][gc,phases     ] GC(361)   Evacuate Collection Set: 9.8ms
[2025-11-07T23:39:43.802+0000][gc,phases     ] GC(361)   Post Evacuate Collection Set: 1.0ms
[2025-11-07T23:39:43.802+0000][gc,phases     ] GC(361)   Other: 0.6ms
[2025-11-07T23:39:43.802+0000][gc,heap       ] GC(361) Eden regions: 32->0(44)
[2025-11-07T23:39:43.803+0000][gc,heap       ] GC(361) Survivor regions: 4->3(5)
[2025-11-07T23:39:43.803+0000][gc,heap       ] GC(361) Old regions: 284->285
[2025-11-07T23:39:43.803+0000][gc,heap       ] GC(361) Humongous regions: 147->147
[2025-11-07T23:39:43.803+0000][gc,metaspace  ] GC(361) Metaspace: 53239K(56348K)->53239K(56348K) NonClass: 47336K(48976K)->47336K(48976K) Class: 5903K(7372K)->5903K(7372K)
[2025-11-07T23:39:43.803+0000][gc            ] GC(361) Pause Young (Normal) (G1 Evacuation Pause) 466M->434M(684M) 12.934ms
[2025-11-07T23:39:43.804+0000][gc,cpu        ] GC(361) User=0.02s Sys=0.00s Real=0.01s
[2025-11-07T23:39:53.881+0000][gc,start      ] GC(362) Pause Young (Normal) (G1 Evacuation Pause)
[2025-11-07T23:39:53.881+0000][gc,task       ] GC(362) Using 2 workers of 2 for evacuation
[2025-11-07T23:39:53.892+0000][gc,phases     ] GC(362)   Pre Evacuate Collection Set: 0.0ms
[2025-11-07T23:39:53.893+0000][gc,phases     ] GC(362)   Evacuate Collection Set: 9.0ms
[2025-11-07T23:39:53.893+0000][gc,phases     ] GC(362)   Post Evacuate Collection Set: 1.1ms
[2025-11-07T23:39:53.893+0000][gc,phases     ] GC(362)   Other: 1.1ms
[2025-11-07T23:39:53.893+0000][gc,heap       ] GC(362) Eden regions: 44->0(48)
[2025-11-07T23:39:53.894+0000][gc,heap       ] GC(362) Survivor regions: 3->2(6)
[2025-11-07T23:39:53.894+0000][gc,heap       ] GC(362) Old regions: 285->285
[2025-11-07T23:39:53.894+0000][gc,heap       ] GC(362) Humongous regions: 147->147
[2025-11-07T23:39:53.894+0000][gc,metaspace  ] GC(362) Metaspace: 53239K(56348K)->53239K(56348K) NonClass: 47336K(48976K)->47336K(48976K) Class: 5903K(7372K)->5903K(7372K)
[2025-11-07T23:39:53.894+0000][gc            ] GC(362) Pause Young (Normal) (G1 Evacuation Pause) 478M->433M(684M) 13.292ms
[2025-11-07T23:39:53.895+0000][gc,cpu        ] GC(362) User=0.02s Sys=0.00s Real=0.01s
[2025-11-07T23:40:04.861+0000][gc,start      ] GC(363) Pause Young (Normal) (G1 Evacuation Pause)
[2025-11-07T23:40:04.861+0000][gc,task       ] GC(363) Using 2 workers of 2 for evacuation
[2025-11-07T23:40:04.873+0000][gc,phases     ] GC(363)   Pre Evacuate Collection Set: 0.0ms
[2025-11-07T23:40:04.873+0000][gc,phases     ] GC(363)   Evacuate Collection Set: 10.9ms
[2025-11-07T23:40:04.874+0000][gc,phases     ] GC(363)   Post Evacuate Collection Set: 1.0ms
[2025-11-07T23:40:04.874+0000][gc,phases     ] GC(363)   Other: 0.6ms
[2025-11-07T23:40:04.874+0000][gc,heap       ] GC(363) Eden regions: 48->0(49)
[2025-11-07T23:40:04.874+0000][gc,heap       ] GC(363) Survivor regions: 2->5(7)
[2025-11-07T23:40:04.875+0000][gc,heap       ] GC(363) Old regions: 285->285
[2025-11-07T23:40:04.875+0000][gc,heap       ] GC(363) Humongous regions: 147->147
[2025-11-07T23:40:04.875+0000][gc,metaspace  ] GC(363) Metaspace: 53239K(56348K)->53239K(56348K) NonClass: 47336K(48976K)->47336K(48976K) Class: 5903K(7372K)->5903K(7372K)
[2025-11-07T23:40:04.876+0000][gc            ] GC(363) Pause Young (Normal) (G1 Evacuation Pause) 481M->436M(684M) 14.875ms
[2025-11-07T23:40:04.876+0000][gc,cpu        ] GC(363) User=0.02s Sys=0.00s Real=0.01s
[2025-11-07T23:40:16.178+0000][gc,start      ] GC(364) Pause Young (Normal) (G1 Evacuation Pause)
[2025-11-07T23:40:16.178+0000][gc,task       ] GC(364) Using 2 workers of 2 for evacuation
[2025-11-07T23:40:16.193+0000][gc,phases     ] GC(364)   Pre Evacuate Collection Set: 0.0ms
[2025-11-07T23:40:16.194+0000][gc,phases     ] GC(364)   Evacuate Collection Set: 14.3ms
[2025-11-07T23:40:16.194+0000][gc,phases     ] GC(364)   Post Evacuate Collection Set: 0.7ms
[2025-11-07T23:40:16.194+0000][gc,phases     ] GC(364)   Other: 0.7ms
[2025-11-07T23:40:16.194+0000][gc,heap       ] GC(364) Eden regions: 49->0(49)
[2025-11-07T23:40:16.195+0000][gc,heap       ] GC(364) Survivor regions: 5->4(7)
[2025-11-07T23:40:16.195+0000][gc,heap       ] GC(364) Old regions: 285->286
[2025-11-07T23:40:16.195+0000][gc,heap       ] GC(364) Humongous regions: 147->147
[2025-11-07T23:40:16.195+0000][gc,metaspace  ] GC(364) Metaspace: 53239K(56348K)->53239K(56348K) NonClass: 47336K(48976K)->47336K(48976K) Class: 5903K(7372K)->5903K(7372K)
[2025-11-07T23:40:16.195+0000][gc            ] GC(364) Pause Young (Normal) (G1 Evacuation Pause) 485M->436M(684M) 17.554ms
[2025-11-07T23:40:16.195+0000][gc,cpu        ] GC(364) User=0.03s Sys=0.00s Real=0.02s
[2025-11-07T23:40:25.698+0000][gc,start      ] GC(365) Pause Young (Normal) (G1 Evacuation Pause)
[2025-11-07T23:40:25.698+0000][gc,task       ] GC(365) Using 2 workers of 2 for evacuation
[2025-11-07T23:40:25.708+0000][gc,phases     ] GC(365)   Pre Evacuate Collection Set: 0.0ms
[2025-11-07T23:40:25.709+0000][gc,phases     ] GC(365)   Evacuate Collection Set: 9.2ms
[2025-11-07T23:40:25.709+0000][gc,phases     ] GC(365)   Post Evacuate Collection Set: 0.8ms
[2025-11-07T23:40:25.709+0000][gc,phases     ] GC(365)   Other: 0.5ms
[2025-11-07T23:40:25.709+0000][gc,heap       ] GC(365) Eden regions: 43->0(50)
[2025-11-07T23:40:25.709+0000][gc,heap       ] GC(365) Survivor regions: 4->3(6)
[2025-11-07T23:40:25.709+0000][gc,heap       ] GC(365) Old regions: 286->287
[2025-11-07T23:40:25.710+0000][gc,heap       ] GC(365) Humongous regions: 147->147
[2025-11-07T23:40:25.710+0000][gc,metaspace  ] GC(365) Metaspace: 53240K(56348K)->53240K(56348K) NonClass: 47337K(48976K)->47337K(48976K) Class: 5903K(7372K)->5903K(7372K)
[2025-11-07T23:40:25.710+0000][gc            ] GC(365) Pause Young (Normal) (G1 Evacuation Pause) 479M->435M(684M) 12.277ms
[2025-11-07T23:40:25.710+0000][gc,cpu        ] GC(365) User=0.02s Sys=0.00s Real=0.01s
[2025-11-07T23:40:36.852+0000][gc,start      ] GC(366) Pause Young (Normal) (G1 Evacuation Pause)
[2025-11-07T23:40:36.852+0000][gc,task       ] GC(366) Using 2 workers of 2 for evacuation
[2025-11-07T23:40:36.863+0000][gc,phases     ] GC(366)   Pre Evacuate Collection Set: 0.0ms
[2025-11-07T23:40:36.863+0000][gc,phases     ] GC(366)   Evacuate Collection Set: 9.1ms
[2025-11-07T23:40:36.863+0000][gc,phases     ] GC(366)   Post Evacuate Collection Set: 0.9ms
[2025-11-07T23:40:36.863+0000][gc,phases     ] GC(366)   Other: 0.8ms
[2025-11-07T23:40:36.863+0000][gc,heap       ] GC(366) Eden regions: 50->0(53)
[2025-11-07T23:40:36.863+0000][gc,heap       ] GC(366) Survivor regions: 3->3(7)
[2025-11-07T23:40:36.864+0000][gc,heap       ] GC(366) Old regions: 287->287
[2025-11-07T23:40:36.864+0000][gc,heap       ] GC(366) Humongous regions: 147->147
[2025-11-07T23:40:36.864+0000][gc,metaspace  ] GC(366) Metaspace: 53240K(56348K)->53240K(56348K) NonClass: 47337K(48976K)->47337K(48976K) Class: 5903K(7372K)->5903K(7372K)
[2025-11-07T23:40:36.864+0000][gc            ] GC(366) Pause Young (Normal) (G1 Evacuation Pause) 485M->436M(684M) 11.935ms
[2025-11-07T23:40:36.864+0000][gc,cpu        ] GC(366) User=0.02s Sys=0.00s Real=0.02s
[2025-11-07T23:40:47.636+0000][gc,start      ] GC(367) Pause Young (Normal) (G1 Evacuation Pause)
[2025-11-07T23:40:47.636+0000][gc,task       ] GC(367) Using 2 workers of 2 for evacuation
[2025-11-07T23:40:47.647+0000][gc,phases     ] GC(367)   Pre Evacuate Collection Set: 0.0ms
[2025-11-07T23:40:47.647+0000][gc,phases     ] GC(367)   Evacuate Collection Set: 9.4ms
[2025-11-07T23:40:47.647+0000][gc,phases     ] GC(367)   Post Evacuate Collection Set: 0.8ms
[2025-11-07T23:40:47.648+0000][gc,phases     ] GC(367)   Other: 0.9ms
[2025-11-07T23:40:47.648+0000][gc,heap       ] GC(367) Eden regions: 49->0(54)
[2025-11-07T23:40:47.648+0000][gc,heap       ] GC(367) Survivor regions: 3->3(7)
[2025-11-07T23:40:47.648+0000][gc,heap       ] GC(367) Old regions: 287->287
[2025-11-07T23:40:47.648+0000][gc,heap       ] GC(367) Humongous regions: 147->147
[2025-11-07T23:40:47.649+0000][gc,metaspace  ] GC(367) Metaspace: 53240K(56348K)->53240K(56348K) NonClass: 47337K(48976K)->47337K(48976K) Class: 5903K(7372K)->5903K(7372K)
[2025-11-07T23:40:47.649+0000][gc            ] GC(367) Pause Young (Normal) (G1 Evacuation Pause) 485M->436M(684M) 12.981ms
[2025-11-07T23:40:47.649+0000][gc,cpu        ] GC(367) User=0.02s Sys=0.00s Real=0.01s
[2025-11-07T23:40:59.913+0000][gc,start      ] GC(368) Pause Young (Normal) (G1 Evacuation Pause)
[2025-11-07T23:40:59.914+0000][gc,task       ] GC(368) Using 2 workers of 2 for evacuation
[2025-11-07T23:40:59.928+0000][gc,phases     ] GC(368)   Pre Evacuate Collection Set: 0.0ms
[2025-11-07T23:40:59.928+0000][gc,phases     ] GC(368)   Evacuate Collection Set: 13.1ms
[2025-11-07T23:40:59.929+0000][gc,phases     ] GC(368)   Post Evacuate Collection Set: 0.8ms
[2025-11-07T23:40:59.929+0000][gc,phases     ] GC(368)   Other: 0.8ms
[2025-11-07T23:40:59.929+0000][gc,heap       ] GC(368) Eden regions: 54->0(55)
[2025-11-07T23:40:59.929+0000][gc,heap       ] GC(368) Survivor regions: 3->4(8)
[2025-11-07T23:40:59.929+0000][gc,heap       ] GC(368) Old regions: 287->287
[2025-11-07T23:40:59.930+0000][gc,heap       ] GC(368) Humongous regions: 147->147
[2025-11-07T23:40:59.930+0000][gc,metaspace  ] GC(368) Metaspace: 53240K(56348K)->53240K(56348K) NonClass: 47337K(48976K)->47337K(48976K) Class: 5903K(7372K)->5903K(7372K)
[2025-11-07T23:40:59.930+0000][gc            ] GC(368) Pause Young (Normal) (G1 Evacuation Pause) 490M->437M(684M) 16.915ms
[2025-11-07T23:40:59.930+0000][gc,cpu        ] GC(368) User=0.03s Sys=0.00s Real=0.02s
[2025-11-07T23:41:11.589+0000][gc,start      ] GC(369) Pause Young (Normal) (G1 Evacuation Pause)
[2025-11-07T23:41:11.589+0000][gc,task       ] GC(369) Using 2 workers of 2 for evacuation
[2025-11-07T23:41:11.604+0000][gc,phases     ] GC(369)   Pre Evacuate Collection Set: 0.0ms
[2025-11-07T23:41:11.604+0000][gc,phases     ] GC(369)   Evacuate Collection Set: 13.2ms
[2025-11-07T23:41:11.604+0000][gc,phases     ] GC(369)   Post Evacuate Collection Set: 0.8ms
[2025-11-07T23:41:11.604+0000][gc,phases     ] GC(369)   Other: 0.8ms
[2025-11-07T23:41:11.605+0000][gc,heap       ] GC(369) Eden regions: 51->0(54)
[2025-11-07T23:41:11.605+0000][gc,heap       ] GC(369) Survivor regions: 4->4(7)
[2025-11-07T23:41:11.605+0000][gc,heap       ] GC(369) Old regions: 287->287
[2025-11-07T23:41:11.605+0000][gc,heap       ] GC(369) Humongous regions: 147->147
[2025-11-07T23:41:11.606+0000][gc,metaspace  ] GC(369) Metaspace: 53240K(56348K)->53240K(56348K) NonClass: 47337K(48976K)->47337K(48976K) Class: 5903K(7372K)->5903K(7372K)
[2025-11-07T23:41:11.606+0000][gc            ] GC(369) Pause Young (Normal) (G1 Evacuation Pause) 488M->437M(684M) 17.229ms
[2025-11-07T23:41:11.606+0000][gc,cpu        ] GC(369) User=0.03s Sys=0.00s Real=0.02s
[2025-11-07T23:41:23.131+0000][gc,start      ] GC(370) Pause Young (Normal) (G1 Evacuation Pause)
[2025-11-07T23:41:23.132+0000][gc,task       ] GC(370) Using 2 workers of 2 for evacuation
[2025-11-07T23:41:23.150+0000][gc,phases     ] GC(370)   Pre Evacuate Collection Set: 0.0ms
[2025-11-07T23:41:23.150+0000][gc,phases     ] GC(370)   Evacuate Collection Set: 13.9ms
[2025-11-07T23:41:23.151+0000][gc,phases     ] GC(370)   Post Evacuate Collection Set: 1.2ms
[2025-11-07T23:41:23.151+0000][gc,phases     ] GC(370)   Other: 3.1ms
[2025-11-07T23:41:23.151+0000][gc,heap       ] GC(370) Eden regions: 51->0(53)
[2025-11-07T23:41:23.152+0000][gc,heap       ] GC(370) Survivor regions: 4->4(7)
[2025-11-07T23:41:23.152+0000][gc,heap       ] GC(370) Old regions: 287->288
[2025-11-07T23:41:23.152+0000][gc,heap       ] GC(370) Humongous regions: 147->147
[2025-11-07T23:41:23.152+0000][gc,metaspace  ] GC(370) Metaspace: 53240K(56348K)->53240K(56348K) NonClass: 47337K(48976K)->47337K(48976K) Class: 5903K(7372K)->5903K(7372K)
[2025-11-07T23:41:23.153+0000][gc            ] GC(370) Pause Young (Normal) (G1 Evacuation Pause) 488M->438M(684M) 21.234ms
[2025-11-07T23:41:23.153+0000][gc,cpu        ] GC(370) User=0.03s Sys=0.00s Real=0.02s
[2025-11-07T23:41:35.166+0000][gc,start      ] GC(371) Pause Young (Normal) (G1 Evacuation Pause)
[2025-11-07T23:41:35.167+0000][gc,task       ] GC(371) Using 2 workers of 2 for evacuation
[2025-11-07T23:41:35.178+0000][gc,phases     ] GC(371)   Pre Evacuate Collection Set: 0.0ms
[2025-11-07T23:41:35.179+0000][gc,phases     ] GC(371)   Evacuate Collection Set: 10.2ms
[2025-11-07T23:41:35.179+0000][gc,phases     ] GC(371)   Post Evacuate Collection Set: 0.7ms
[2025-11-07T23:41:35.179+0000][gc,phases     ] GC(371)   Other: 1.1ms
[2025-11-07T23:41:35.179+0000][gc,heap       ] GC(371) Eden regions: 53->0(55)
[2025-11-07T23:41:35.180+0000][gc,heap       ] GC(371) Survivor regions: 4->3(8)
[2025-11-07T23:41:35.180+0000][gc,heap       ] GC(371) Old regions: 288->288
[2025-11-07T23:41:35.180+0000][gc,heap       ] GC(371) Humongous regions: 147->147
[2025-11-07T23:41:35.180+0000][gc,metaspace  ] GC(371) Metaspace: 53240K(56348K)->53240K(56348K) NonClass: 47337K(48976K)->47337K(48976K) Class: 5903K(7372K)->5903K(7372K)
[2025-11-07T23:41:35.180+0000][gc            ] GC(371) Pause Young (Normal) (G1 Evacuation Pause) 491M->436M(684M) 13.964ms
[2025-11-07T23:41:35.181+0000][gc,cpu        ] GC(371) User=0.03s Sys=0.00s Real=0.01s
[2025-11-07T23:41:47.641+0000][gc,start      ] GC(372) Pause Young (Normal) (G1 Evacuation Pause)
[2025-11-07T23:41:47.643+0000][gc,task       ] GC(372) Using 2 workers of 2 for evacuation
[2025-11-07T23:41:47.655+0000][gc,phases     ] GC(372)   Pre Evacuate Collection Set: 0.0ms
[2025-11-07T23:41:47.655+0000][gc,phases     ] GC(372)   Evacuate Collection Set: 10.4ms
[2025-11-07T23:41:47.655+0000][gc,phases     ] GC(372)   Post Evacuate Collection Set: 0.7ms
[2025-11-07T23:41:47.655+0000][gc,phases     ] GC(372)   Other: 2.7ms
[2025-11-07T23:41:47.655+0000][gc,heap       ] GC(372) Eden regions: 55->0(56)
[2025-11-07T23:41:47.655+0000][gc,heap       ] GC(372) Survivor regions: 3->4(8)
[2025-11-07T23:41:47.655+0000][gc,heap       ] GC(372) Old regions: 288->288
[2025-11-07T23:41:47.656+0000][gc,heap       ] GC(372) Humongous regions: 147->147
[2025-11-07T23:41:47.656+0000][gc,metaspace  ] GC(372) Metaspace: 53240K(56348K)->53240K(56348K) NonClass: 47337K(48976K)->47337K(48976K) Class: 5903K(7372K)->5903K(7372K)
[2025-11-07T23:41:47.656+0000][gc            ] GC(372) Pause Young (Normal) (G1 Evacuation Pause) 491M->438M(684M) 15.277ms
[2025-11-07T23:41:47.656+0000][gc,cpu        ] GC(372) User=0.02s Sys=0.00s Real=0.02s
[2025-11-07T23:41:59.610+0000][gc,start      ] GC(373) Pause Young (Normal) (G1 Evacuation Pause)
[2025-11-07T23:41:59.611+0000][gc,task       ] GC(373) Using 2 workers of 2 for evacuation
[2025-11-07T23:41:59.627+0000][gc,phases     ] GC(373)   Pre Evacuate Collection Set: 0.0ms
[2025-11-07T23:41:59.628+0000][gc,phases     ] GC(373)   Evacuate Collection Set: 14.6ms
[2025-11-07T23:41:59.628+0000][gc,phases     ] GC(373)   Post Evacuate Collection Set: 0.9ms
[2025-11-07T23:41:59.629+0000][gc,phases     ] GC(373)   Other: 1.3ms
[2025-11-07T23:41:59.629+0000][gc,heap       ] GC(373) Eden regions: 53->0(56)
[2025-11-07T23:41:59.630+0000][gc,heap       ] GC(373) Survivor regions: 4->5(8)
[2025-11-07T23:41:59.630+0000][gc,heap       ] GC(373) Old regions: 288->288
[2025-11-07T23:41:59.630+0000][gc,heap       ] GC(373) Humongous regions: 147->147
[2025-11-07T23:41:59.631+0000][gc,metaspace  ] GC(373) Metaspace: 53240K(56348K)->53240K(56348K) NonClass: 47337K(48976K)->47337K(48976K) Class: 5903K(7372K)->5903K(7372K)
[2025-11-07T23:41:59.631+0000][gc            ] GC(373) Pause Young (Normal) (G1 Evacuation Pause) 491M->438M(684M) 20.349ms
[2025-11-07T23:41:59.632+0000][gc,cpu        ] GC(373) User=0.03s Sys=0.00s Real=0.02s
[2025-11-07T23:42:11.682+0000][gc,start      ] GC(374) Pause Young (Normal) (G1 Evacuation Pause)
[2025-11-07T23:42:11.682+0000][gc,task       ] GC(374) Using 2 workers of 2 for evacuation
[2025-11-07T23:42:11.696+0000][gc,phases     ] GC(374)   Pre Evacuate Collection Set: 0.0ms
[2025-11-07T23:42:11.696+0000][gc,phases     ] GC(374)   Evacuate Collection Set: 12.4ms
[2025-11-07T23:42:11.696+0000][gc,phases     ] GC(374)   Post Evacuate Collection Set: 0.7ms
[2025-11-07T23:42:11.697+0000][gc,phases     ] GC(374)   Other: 0.7ms
[2025-11-07T23:42:11.697+0000][gc,heap       ] GC(374) Eden regions: 53->0(57)
[2025-11-07T23:42:11.697+0000][gc,heap       ] GC(374) Survivor regions: 5->5(8)
[2025-11-07T23:42:11.697+0000][gc,heap       ] GC(374) Old regions: 288->288
[2025-11-07T23:42:11.697+0000][gc,heap       ] GC(374) Humongous regions: 147->147
[2025-11-07T23:42:11.698+0000][gc,metaspace  ] GC(374) Metaspace: 53240K(56348K)->53240K(56348K) NonClass: 47337K(48976K)->47337K(48976K) Class: 5903K(7372K)->5903K(7372K)
[2025-11-07T23:42:11.698+0000][gc            ] GC(374) Pause Young (Normal) (G1 Evacuation Pause) 491M->439M(684M) 15.788ms
[2025-11-07T23:42:11.698+0000][gc,cpu        ] GC(374) User=0.02s Sys=0.00s Real=0.02s
[2025-11-07T23:42:23.624+0000][gc,start      ] GC(375) Pause Young (Normal) (G1 Evacuation Pause)
[2025-11-07T23:42:23.625+0000][gc,task       ] GC(375) Using 2 workers of 2 for evacuation
[2025-11-07T23:42:23.638+0000][gc,phases     ] GC(375)   Pre Evacuate Collection Set: 0.0ms
[2025-11-07T23:42:23.639+0000][gc,phases     ] GC(375)   Evacuate Collection Set: 11.6ms
[2025-11-07T23:42:23.639+0000][gc,phases     ] GC(375)   Post Evacuate Collection Set: 1.2ms
[2025-11-07T23:42:23.639+0000][gc,phases     ] GC(375)   Other: 1.1ms
[2025-11-07T23:42:23.639+0000][gc,heap       ] GC(375) Eden regions: 53->0(59)
[2025-11-07T23:42:23.640+0000][gc,heap       ] GC(375) Survivor regions: 5->3(8)
[2025-11-07T23:42:23.640+0000][gc,heap       ] GC(375) Old regions: 288->289
[2025-11-07T23:42:23.640+0000][gc,heap       ] GC(375) Humongous regions: 147->147
[2025-11-07T23:42:23.640+0000][gc,metaspace  ] GC(375) Metaspace: 53240K(56348K)->53240K(56348K) NonClass: 47337K(48976K)->47337K(48976K) Class: 5903K(7372K)->5903K(7372K)
[2025-11-07T23:42:23.641+0000][gc            ] GC(375) Pause Young (Normal) (G1 Evacuation Pause) 492M->438M(684M) 16.110ms
[2025-11-07T23:42:23.641+0000][gc,cpu        ] GC(375) User=0.03s Sys=0.00s Real=0.02s
[2025-11-07T23:42:36.421+0000][gc,start      ] GC(376) Pause Young (Normal) (G1 Evacuation Pause)
[2025-11-07T23:42:36.421+0000][gc,task       ] GC(376) Using 2 workers of 2 for evacuation
[2025-11-07T23:42:36.435+0000][gc,phases     ] GC(376)   Pre Evacuate Collection Set: 0.0ms
[2025-11-07T23:42:36.436+0000][gc,phases     ] GC(376)   Evacuate Collection Set: 12.8ms
[2025-11-07T23:42:36.436+0000][gc,phases     ] GC(376)   Post Evacuate Collection Set: 0.8ms
[2025-11-07T23:42:36.436+0000][gc,phases     ] GC(376)   Other: 1.1ms
[2025-11-07T23:42:36.436+0000][gc,heap       ] GC(376) Eden regions: 55->0(58)
[2025-11-07T23:42:36.437+0000][gc,heap       ] GC(376) Survivor regions: 3->4(8)
[2025-11-07T23:42:36.437+0000][gc,heap       ] GC(376) Old regions: 289->289
[2025-11-07T23:42:36.437+0000][gc,heap       ] GC(376) Humongous regions: 147->147
[2025-11-07T23:42:36.438+0000][gc,metaspace  ] GC(376) Metaspace: 53242K(56348K)->53242K(56348K) NonClass: 47338K(48976K)->47338K(48976K) Class: 5903K(7372K)->5903K(7372K)
[2025-11-07T23:42:36.438+0000][gc            ] GC(376) Pause Young (Normal) (G1 Evacuation Pause) 493M->439M(684M) 17.220ms
[2025-11-07T23:42:36.438+0000][gc,cpu        ] GC(376) User=0.03s Sys=0.00s Real=0.02s
[2025-11-07T23:42:48.889+0000][gc,start      ] GC(377) Pause Young (Normal) (G1 Evacuation Pause)
[2025-11-07T23:42:48.889+0000][gc,task       ] GC(377) Using 2 workers of 2 for evacuation
[2025-11-07T23:42:48.907+0000][gc,phases     ] GC(377)   Pre Evacuate Collection Set: 0.0ms
[2025-11-07T23:42:48.907+0000][gc,phases     ] GC(377)   Evacuate Collection Set: 15.8ms
[2025-11-07T23:42:48.908+0000][gc,phases     ] GC(377)   Post Evacuate Collection Set: 1.0ms
[2025-11-07T23:42:48.908+0000][gc,phases     ] GC(377)   Other: 1.5ms
[2025-11-07T23:42:48.908+0000][gc,heap       ] GC(377) Eden regions: 54->0(57)
[2025-11-07T23:42:48.908+0000][gc,heap       ] GC(377) Survivor regions: 4->5(8)
[2025-11-07T23:42:48.909+0000][gc,heap       ] GC(377) Old regions: 289->289
[2025-11-07T23:42:48.909+0000][gc,heap       ] GC(377) Humongous regions: 147->147
[2025-11-07T23:42:48.909+0000][gc,metaspace  ] GC(377) Metaspace: 53242K(56348K)->53242K(56348K) NonClass: 47338K(48976K)->47338K(48976K) Class: 5903K(7372K)->5903K(7372K)
[2025-11-07T23:42:48.909+0000][gc            ] GC(377) Pause Young (Normal) (G1 Evacuation Pause) 493M->439M(684M) 20.539ms
[2025-11-07T23:42:48.910+0000][gc,cpu        ] GC(377) User=0.03s Sys=0.00s Real=0.02s
[2025-11-07T23:43:01.031+0000][gc,start      ] GC(378) Pause Young (Normal) (G1 Evacuation Pause)
[2025-11-07T23:43:01.031+0000][gc,task       ] GC(378) Using 2 workers of 2 for evacuation
[2025-11-07T23:43:01.046+0000][gc,phases     ] GC(378)   Pre Evacuate Collection Set: 0.0ms
[2025-11-07T23:43:01.046+0000][gc,phases     ] GC(378)   Evacuate Collection Set: 13.3ms
[2025-11-07T23:43:01.046+0000][gc,phases     ] GC(378)   Post Evacuate Collection Set: 0.8ms
[2025-11-07T23:43:01.047+0000][gc,phases     ] GC(378)   Other: 0.7ms
[2025-11-07T23:43:01.047+0000][gc,heap       ] GC(378) Eden regions: 53->0(57)
[2025-11-07T23:43:01.047+0000][gc,heap       ] GC(378) Survivor regions: 5->5(8)
[2025-11-07T23:43:01.047+0000][gc,heap       ] GC(378) Old regions: 289->289
[2025-11-07T23:43:01.047+0000][gc,heap       ] GC(378) Humongous regions: 147->147
[2025-11-07T23:43:01.047+0000][gc,metaspace  ] GC(378) Metaspace: 53242K(56348K)->53242K(56348K) NonClass: 47338K(48976K)->47338K(48976K) Class: 5903K(7372K)->5903K(7372K)
[2025-11-07T23:43:01.048+0000][gc            ] GC(378) Pause Young (Normal) (G1 Evacuation Pause) 492M->440M(684M) 16.417ms
[2025-11-07T23:43:01.048+0000][gc,cpu        ] GC(378) User=0.02s Sys=0.00s Real=0.02s
[2025-11-07T23:43:13.942+0000][gc,start      ] GC(379) Pause Young (Normal) (G1 Evacuation Pause)
[2025-11-07T23:43:13.942+0000][gc,task       ] GC(379) Using 2 workers of 2 for evacuation
[2025-11-07T23:43:13.955+0000][gc,phases     ] GC(379)   Pre Evacuate Collection Set: 0.0ms
[2025-11-07T23:43:13.955+0000][gc,phases     ] GC(379)   Evacuate Collection Set: 11.4ms
[2025-11-07T23:43:13.955+0000][gc,phases     ] GC(379)   Post Evacuate Collection Set: 0.7ms
[2025-11-07T23:43:13.955+0000][gc,phases     ] GC(379)   Other: 0.6ms
[2025-11-07T23:43:13.955+0000][gc,heap       ] GC(379) Eden regions: 57->0(59)
[2025-11-07T23:43:13.956+0000][gc,heap       ] GC(379) Survivor regions: 5->4(8)
[2025-11-07T23:43:13.956+0000][gc,heap       ] GC(379) Old regions: 289->290
[2025-11-07T23:43:13.956+0000][gc,heap       ] GC(379) Humongous regions: 147->147
[2025-11-07T23:43:13.956+0000][gc,metaspace  ] GC(379) Metaspace: 53253K(56348K)->53253K(56348K) NonClass: 47349K(48976K)->47349K(48976K) Class: 5903K(7372K)->5903K(7372K)
[2025-11-07T23:43:13.957+0000][gc            ] GC(379) Pause Young (Normal) (G1 Evacuation Pause) 497M->440M(684M) 14.582ms
[2025-11-07T23:43:13.957+0000][gc,cpu        ] GC(379) User=0.02s Sys=0.00s Real=0.01s
[2025-11-07T23:43:27.074+0000][gc,start      ] GC(380) Pause Young (Normal) (G1 Evacuation Pause)
[2025-11-07T23:43:27.074+0000][gc,task       ] GC(380) Using 2 workers of 2 for evacuation
[2025-11-07T23:43:27.089+0000][gc,phases     ] GC(380)   Pre Evacuate Collection Set: 0.0ms
[2025-11-07T23:43:27.089+0000][gc,phases     ] GC(380)   Evacuate Collection Set: 12.7ms
[2025-11-07T23:43:27.089+0000][gc,phases     ] GC(380)   Post Evacuate Collection Set: 0.8ms
[2025-11-07T23:43:27.089+0000][gc,phases     ] GC(380)   Other: 0.7ms
[2025-11-07T23:43:27.090+0000][gc,heap       ] GC(380) Eden regions: 59->0(60)
[2025-11-07T23:43:27.090+0000][gc,heap       ] GC(380) Survivor regions: 4->5(8)
[2025-11-07T23:43:27.090+0000][gc,heap       ] GC(380) Old regions: 290->290
[2025-11-07T23:43:27.090+0000][gc,heap       ] GC(380) Humongous regions: 147->147
[2025-11-07T23:43:27.090+0000][gc,metaspace  ] GC(380) Metaspace: 53273K(56348K)->53273K(56348K) NonClass: 47369K(48976K)->47369K(48976K) Class: 5903K(7372K)->5903K(7372K)
[2025-11-07T23:43:27.091+0000][gc            ] GC(380) Pause Young (Normal) (G1 Evacuation Pause) 499M->441M(684M) 16.476ms
[2025-11-07T23:43:27.091+0000][gc,cpu        ] GC(380) User=0.02s Sys=0.00s Real=0.02s
[2025-11-07T23:43:39.357+0000][gc,start      ] GC(381) Pause Young (Normal) (G1 Evacuation Pause)
[2025-11-07T23:43:39.357+0000][gc,task       ] GC(381) Using 2 workers of 2 for evacuation
[2025-11-07T23:43:39.372+0000][gc,phases     ] GC(381)   Pre Evacuate Collection Set: 0.0ms
[2025-11-07T23:43:39.373+0000][gc,phases     ] GC(381)   Evacuate Collection Set: 13.0ms
[2025-11-07T23:43:39.373+0000][gc,phases     ] GC(381)   Post Evacuate Collection Set: 1.6ms
[2025-11-07T23:43:39.373+0000][gc,phases     ] GC(381)   Other: 0.8ms
[2025-11-07T23:43:39.374+0000][gc,heap       ] GC(381) Eden regions: 55->0(60)
[2025-11-07T23:43:39.375+0000][gc,heap       ] GC(381) Survivor regions: 5->3(8)
[2025-11-07T23:43:39.375+0000][gc,heap       ] GC(381) Old regions: 290->291
[2025-11-07T23:43:39.375+0000][gc,heap       ] GC(381) Humongous regions: 147->147
[2025-11-07T23:43:39.375+0000][gc,metaspace  ] GC(381) Metaspace: 53273K(56348K)->53273K(56348K) NonClass: 47369K(48976K)->47369K(48976K) Class: 5903K(7372K)->5903K(7372K)
[2025-11-07T23:43:39.376+0000][gc            ] GC(381) Pause Young (Normal) (G1 Evacuation Pause) 496M->440M(684M) 19.041ms
[2025-11-07T23:43:39.376+0000][gc,cpu        ] GC(381) User=0.03s Sys=0.00s Real=0.02s
[2025-11-07T23:43:53.063+0000][gc,start      ] GC(382) Pause Young (Normal) (G1 Evacuation Pause)
[2025-11-07T23:43:53.064+0000][gc,task       ] GC(382) Using 2 workers of 2 for evacuation
[2025-11-07T23:43:53.077+0000][gc,phases     ] GC(382)   Pre Evacuate Collection Set: 0.0ms
[2025-11-07T23:43:53.077+0000][gc,phases     ] GC(382)   Evacuate Collection Set: 11.8ms
[2025-11-07T23:43:53.077+0000][gc,phases     ] GC(382)   Post Evacuate Collection Set: 0.7ms
[2025-11-07T23:43:53.077+0000][gc,phases     ] GC(382)   Other: 1.1ms
[2025-11-07T23:43:53.078+0000][gc,heap       ] GC(382) Eden regions: 60->0(61)
[2025-11-07T23:43:53.078+0000][gc,heap       ] GC(382) Survivor regions: 3->5(8)
[2025-11-07T23:43:53.078+0000][gc,heap       ] GC(382) Old regions: 291->291
[2025-11-07T23:43:53.078+0000][gc,heap       ] GC(382) Humongous regions: 147->147
[2025-11-07T23:43:53.079+0000][gc,metaspace  ] GC(382) Metaspace: 53273K(56348K)->53273K(56348K) NonClass: 47369K(48976K)->47369K(48976K) Class: 5903K(7372K)->5903K(7372K)
[2025-11-07T23:43:53.079+0000][gc            ] GC(382) Pause Young (Normal) (G1 Evacuation Pause) 500M->442M(684M) 15.486ms
[2025-11-07T23:43:53.079+0000][gc,cpu        ] GC(382) User=0.02s Sys=0.00s Real=0.02s
[2025-11-07T23:44:06.830+0000][gc,start      ] GC(383) Pause Young (Normal) (G1 Evacuation Pause)
[2025-11-07T23:44:06.830+0000][gc,task       ] GC(383) Using 2 workers of 2 for evacuation
[2025-11-07T23:44:06.845+0000][gc,phases     ] GC(383)   Pre Evacuate Collection Set: 0.0ms
[2025-11-07T23:44:06.845+0000][gc,phases     ] GC(383)   Evacuate Collection Set: 13.4ms
[2025-11-07T23:44:06.845+0000][gc,phases     ] GC(383)   Post Evacuate Collection Set: 0.8ms
[2025-11-07T23:44:06.845+0000][gc,phases     ] GC(383)   Other: 0.6ms
[2025-11-07T23:44:06.846+0000][gc,heap       ] GC(383) Eden regions: 61->0(62)
[2025-11-07T23:44:06.846+0000][gc,heap       ] GC(383) Survivor regions: 5->5(9)
[2025-11-07T23:44:06.846+0000][gc,heap       ] GC(383) Old regions: 291->291
[2025-11-07T23:44:06.846+0000][gc,heap       ] GC(383) Humongous regions: 147->147
[2025-11-07T23:44:06.847+0000][gc,metaspace  ] GC(383) Metaspace: 53273K(56348K)->53273K(56348K) NonClass: 47370K(48976K)->47370K(48976K) Class: 5903K(7372K)->5903K(7372K)
[2025-11-07T23:44:06.847+0000][gc            ] GC(383) Pause Young (Normal) (G1 Evacuation Pause) 503M->442M(684M) 17.103ms
[2025-11-07T23:44:06.847+0000][gc,cpu        ] GC(383) User=0.02s Sys=0.00s Real=0.01s
[2025-11-07T23:44:21.093+0000][gc,start      ] GC(384) Pause Young (Normal) (G1 Evacuation Pause)
[2025-11-07T23:44:21.094+0000][gc,task       ] GC(384) Using 2 workers of 2 for evacuation
[2025-11-07T23:44:21.112+0000][gc,phases     ] GC(384)   Pre Evacuate Collection Set: 0.0ms
[2025-11-07T23:44:21.113+0000][gc,phases     ] GC(384)   Evacuate Collection Set: 15.4ms
[2025-11-07T23:44:21.113+0000][gc,phases     ] GC(384)   Post Evacuate Collection Set: 1.2ms
[2025-11-07T23:44:21.113+0000][gc,phases     ] GC(384)   Other: 2.7ms
[2025-11-07T23:44:21.114+0000][gc,heap       ] GC(384) Eden regions: 62->0(62)
[2025-11-07T23:44:21.114+0000][gc,heap       ] GC(384) Survivor regions: 5->5(9)
[2025-11-07T23:44:21.114+0000][gc,heap       ] GC(384) Old regions: 291->291
[2025-11-07T23:44:21.114+0000][gc,heap       ] GC(384) Humongous regions: 147->147
[2025-11-07T23:44:21.115+0000][gc,metaspace  ] GC(384) Metaspace: 53273K(56348K)->53273K(56348K) NonClass: 47370K(48976K)->47370K(48976K) Class: 5903K(7372K)->5903K(7372K)
[2025-11-07T23:44:21.115+0000][gc            ] GC(384) Pause Young (Normal) (G1 Evacuation Pause) 504M->441M(684M) 21.948ms
[2025-11-07T23:44:21.115+0000][gc,cpu        ] GC(384) User=0.04s Sys=0.00s Real=0.02s
[2025-11-07T23:44:34.051+0000][gc,start      ] GC(385) Pause Young (Normal) (G1 Evacuation Pause)
[2025-11-07T23:44:34.051+0000][gc,task       ] GC(385) Using 2 workers of 2 for evacuation
[2025-11-07T23:44:34.067+0000][gc,phases     ] GC(385)   Pre Evacuate Collection Set: 0.0ms
[2025-11-07T23:44:34.067+0000][gc,phases     ] GC(385)   Evacuate Collection Set: 14.1ms
[2025-11-07T23:44:34.067+0000][gc,phases     ] GC(385)   Post Evacuate Collection Set: 1.2ms
[2025-11-07T23:44:34.068+0000][gc,phases     ] GC(385)   Other: 0.9ms
[2025-11-07T23:44:34.068+0000][gc,heap       ] GC(385) Eden regions: 56->0(62)
[2025-11-07T23:44:34.068+0000][gc,heap       ] GC(385) Survivor regions: 5->5(8)
[2025-11-07T23:44:34.068+0000][gc,heap       ] GC(385) Old regions: 291->291
[2025-11-07T23:44:34.069+0000][gc,heap       ] GC(385) Humongous regions: 147->147
[2025-11-07T23:44:34.069+0000][gc,metaspace  ] GC(385) Metaspace: 53273K(56348K)->53273K(56348K) NonClass: 47370K(48976K)->47370K(48976K) Class: 5903K(7372K)->5903K(7372K)
[2025-11-07T23:44:34.069+0000][gc            ] GC(385) Pause Young (Normal) (G1 Evacuation Pause) 497M->442M(684M) 18.186ms
[2025-11-07T23:44:34.069+0000][gc,cpu        ] GC(385) User=0.03s Sys=0.00s Real=0.02s
[2025-11-07T23:44:48.522+0000][gc,start      ] GC(386) Pause Young (Normal) (G1 Evacuation Pause)
[2025-11-07T23:44:48.523+0000][gc,task       ] GC(386) Using 2 workers of 2 for evacuation
[2025-11-07T23:44:48.544+0000][gc,mmu        ] GC(386) MMU target violated: 21.0ms (20.0ms/21.0ms)
[2025-11-07T23:44:48.544+0000][gc,phases     ] GC(386)   Pre Evacuate Collection Set: 0.0ms
[2025-11-07T23:44:48.545+0000][gc,phases     ] GC(386)   Evacuate Collection Set: 19.9ms
[2025-11-07T23:44:48.545+0000][gc,phases     ] GC(386)   Post Evacuate Collection Set: 1.1ms
[2025-11-07T23:44:48.545+0000][gc,phases     ] GC(386)   Other: 1.4ms
[2025-11-07T23:44:48.546+0000][gc,heap       ] GC(386) Eden regions: 62->0(61)
[2025-11-07T23:44:48.546+0000][gc,heap       ] GC(386) Survivor regions: 5->5(9)
[2025-11-07T23:44:48.548+0000][gc,heap       ] GC(386) Old regions: 291->292
[2025-11-07T23:44:48.548+0000][gc,heap       ] GC(386) Humongous regions: 147->147
[2025-11-07T23:44:48.548+0000][gc,metaspace  ] GC(386) Metaspace: 53273K(56348K)->53273K(56348K) NonClass: 47370K(48976K)->47370K(48976K) Class: 5903K(7372K)->5903K(7372K)
[2025-11-07T23:44:48.549+0000][gc            ] GC(386) Pause Young (Normal) (G1 Evacuation Pause) 504M->442M(684M) 26.604ms
[2025-11-07T23:44:48.549+0000][gc,cpu        ] GC(386) User=0.04s Sys=0.00s Real=0.03s
[2025-11-07T23:45:03.299+0000][gc,start      ] GC(387) Pause Young (Normal) (G1 Evacuation Pause)
[2025-11-07T23:45:03.299+0000][gc,task       ] GC(387) Using 2 workers of 2 for evacuation
[2025-11-07T23:45:03.314+0000][gc,phases     ] GC(387)   Pre Evacuate Collection Set: 0.0ms
[2025-11-07T23:45:03.314+0000][gc,phases     ] GC(387)   Evacuate Collection Set: 12.9ms
[2025-11-07T23:45:03.314+0000][gc,phases     ] GC(387)   Post Evacuate Collection Set: 0.9ms
[2025-11-07T23:45:03.314+0000][gc,phases     ] GC(387)   Other: 0.6ms
[2025-11-07T23:45:03.315+0000][gc,heap       ] GC(387) Eden regions: 61->0(62)
[2025-11-07T23:45:03.315+0000][gc,heap       ] GC(387) Survivor regions: 5->4(9)
[2025-11-07T23:45:03.315+0000][gc,heap       ] GC(387) Old regions: 292->292
[2025-11-07T23:45:03.315+0000][gc,heap       ] GC(387) Humongous regions: 147->147
[2025-11-07T23:45:03.315+0000][gc,metaspace  ] GC(387) Metaspace: 53273K(56348K)->53273K(56348K) NonClass: 47370K(48976K)->47370K(48976K) Class: 5903K(7372K)->5903K(7372K)
[2025-11-07T23:45:03.315+0000][gc            ] GC(387) Pause Young (Normal) (G1 Evacuation Pause) 503M->442M(684M) 16.276ms
[2025-11-07T23:45:03.316+0000][gc,cpu        ] GC(387) User=0.03s Sys=0.00s Real=0.01s
[2025-11-07T23:45:17.849+0000][gc,start      ] GC(388) Pause Young (Normal) (G1 Evacuation Pause)
[2025-11-07T23:45:17.849+0000][gc,task       ] GC(388) Using 2 workers of 2 for evacuation
[2025-11-07T23:45:17.866+0000][gc,phases     ] GC(388)   Pre Evacuate Collection Set: 0.0ms
[2025-11-07T23:45:17.866+0000][gc,phases     ] GC(388)   Evacuate Collection Set: 15.4ms
[2025-11-07T23:45:17.867+0000][gc,phases     ] GC(388)   Post Evacuate Collection Set: 0.7ms
[2025-11-07T23:45:17.867+0000][gc,phases     ] GC(388)   Other: 1.0ms
[2025-11-07T23:45:17.867+0000][gc,heap       ] GC(388) Eden regions: 62->0(62)
[2025-11-07T23:45:17.867+0000][gc,heap       ] GC(388) Survivor regions: 4->6(9)
[2025-11-07T23:45:17.867+0000][gc,heap       ] GC(388) Old regions: 292->292
[2025-11-07T23:45:17.868+0000][gc,heap       ] GC(388) Humongous regions: 147->147
[2025-11-07T23:45:17.868+0000][gc,metaspace  ] GC(388) Metaspace: 53273K(56348K)->53273K(56348K) NonClass: 47370K(48976K)->47370K(48976K) Class: 5903K(7372K)->5903K(7372K)
[2025-11-07T23:45:17.868+0000][gc            ] GC(388) Pause Young (Normal) (G1 Evacuation Pause) 504M->444M(684M) 19.580ms
[2025-11-07T23:45:17.868+0000][gc,cpu        ] GC(388) User=0.03s Sys=0.00s Real=0.02s
[2025-11-07T23:45:24.775+0000][gc,start      ] GC(389) Pause Young (Normal) (G1 Evacuation Pause)
[2025-11-07T23:45:24.776+0000][gc,task       ] GC(389) Using 2 workers of 2 for evacuation
[2025-11-07T23:45:24.792+0000][gc,phases     ] GC(389)   Pre Evacuate Collection Set: 0.0ms
[2025-11-07T23:45:24.793+0000][gc,phases     ] GC(389)   Evacuate Collection Set: 15.7ms
[2025-11-07T23:45:24.794+0000][gc,phases     ] GC(389)   Post Evacuate Collection Set: 0.7ms
[2025-11-07T23:45:24.794+0000][gc,phases     ] GC(389)   Other: 0.7ms
[2025-11-07T23:45:24.794+0000][gc,heap       ] GC(389) Eden regions: 31->0(42)
[2025-11-07T23:45:24.794+0000][gc,heap       ] GC(389) Survivor regions: 6->3(5)
[2025-11-07T23:45:24.795+0000][gc,heap       ] GC(389) Old regions: 292->296
[2025-11-07T23:45:24.795+0000][gc,heap       ] GC(389) Humongous regions: 147->147
[2025-11-07T23:45:24.795+0000][gc,metaspace  ] GC(389) Metaspace: 53273K(56348K)->53273K(56348K) NonClass: 47370K(48976K)->47370K(48976K) Class: 5903K(7372K)->5903K(7372K)
[2025-11-07T23:45:24.795+0000][gc            ] GC(389) Pause Young (Normal) (G1 Evacuation Pause) 475M->444M(684M) 19.984ms
[2025-11-07T23:45:24.796+0000][gc,cpu        ] GC(389) User=0.03s Sys=0.00s Real=0.02s
[2025-11-07T23:45:34.319+0000][gc,start      ] GC(390) Pause Young (Normal) (G1 Evacuation Pause)
[2025-11-07T23:45:34.319+0000][gc,task       ] GC(390) Using 2 workers of 2 for evacuation
[2025-11-07T23:45:34.326+0000][gc,phases     ] GC(390)   Pre Evacuate Collection Set: 0.0ms
[2025-11-07T23:45:34.326+0000][gc,phases     ] GC(390)   Evacuate Collection Set: 5.8ms
[2025-11-07T23:45:34.326+0000][gc,phases     ] GC(390)   Post Evacuate Collection Set: 0.8ms
[2025-11-07T23:45:34.326+0000][gc,phases     ] GC(390)   Other: 0.5ms
[2025-11-07T23:45:34.327+0000][gc,heap       ] GC(390) Eden regions: 42->0(52)
[2025-11-07T23:45:34.327+0000][gc,heap       ] GC(390) Survivor regions: 3->2(6)
[2025-11-07T23:45:34.327+0000][gc,heap       ] GC(390) Old regions: 296->296
[2025-11-07T23:45:34.330+0000][gc,heap       ] GC(390) Humongous regions: 147->147
[2025-11-07T23:45:34.331+0000][gc,metaspace  ] GC(390) Metaspace: 53273K(56348K)->53273K(56348K) NonClass: 47370K(48976K)->47370K(48976K) Class: 5903K(7372K)->5903K(7372K)
[2025-11-07T23:45:34.331+0000][gc            ] GC(390) Pause Young (Normal) (G1 Evacuation Pause) 486M->443M(684M) 12.196ms
[2025-11-07T23:45:34.331+0000][gc,cpu        ] GC(390) User=0.02s Sys=0.00s Real=0.02s
[2025-11-07T23:45:45.968+0000][gc,start      ] GC(391) Pause Young (Normal) (G1 Evacuation Pause)
[2025-11-07T23:45:45.969+0000][gc,task       ] GC(391) Using 2 workers of 2 for evacuation
[2025-11-07T23:45:45.978+0000][gc,phases     ] GC(391)   Pre Evacuate Collection Set: 0.0ms
[2025-11-07T23:45:45.978+0000][gc,phases     ] GC(391)   Evacuate Collection Set: 7.9ms
[2025-11-07T23:45:45.979+0000][gc,phases     ] GC(391)   Post Evacuate Collection Set: 1.3ms
[2025-11-07T23:45:45.979+0000][gc,phases     ] GC(391)   Other: 0.7ms
[2025-11-07T23:45:45.979+0000][gc,heap       ] GC(391) Eden regions: 52->0(56)
[2025-11-07T23:45:45.979+0000][gc,heap       ] GC(391) Survivor regions: 2->3(7)
[2025-11-07T23:45:45.979+0000][gc,heap       ] GC(391) Old regions: 296->296
[2025-11-07T23:45:45.980+0000][gc,heap       ] GC(391) Humongous regions: 147->147
[2025-11-07T23:45:45.980+0000][gc,metaspace  ] GC(391) Metaspace: 53273K(56348K)->53273K(56348K) NonClass: 47370K(48976K)->47370K(48976K) Class: 5903K(7372K)->5903K(7372K)
[2025-11-07T23:45:45.980+0000][gc            ] GC(391) Pause Young (Normal) (G1 Evacuation Pause) 495M->444M(684M) 12.068ms
[2025-11-07T23:45:45.981+0000][gc,cpu        ] GC(391) User=0.01s Sys=0.00s Real=0.01s
[2025-11-07T23:45:58.831+0000][gc,start      ] GC(392) Pause Young (Normal) (G1 Evacuation Pause)
[2025-11-07T23:45:58.831+0000][gc,task       ] GC(392) Using 2 workers of 2 for evacuation
[2025-11-07T23:45:58.844+0000][gc,phases     ] GC(392)   Pre Evacuate Collection Set: 0.0ms
[2025-11-07T23:45:58.844+0000][gc,phases     ] GC(392)   Evacuate Collection Set: 10.6ms
[2025-11-07T23:45:58.844+0000][gc,phases     ] GC(392)   Post Evacuate Collection Set: 1.0ms
[2025-11-07T23:45:58.845+0000][gc,phases     ] GC(392)   Other: 1.0ms
[2025-11-07T23:45:58.845+0000][gc,heap       ] GC(392) Eden regions: 56->0(60)
[2025-11-07T23:45:58.845+0000][gc,heap       ] GC(392) Survivor regions: 3->4(8)
[2025-11-07T23:45:58.846+0000][gc,heap       ] GC(392) Old regions: 296->296
[2025-11-07T23:45:58.846+0000][gc,heap       ] GC(392) Humongous regions: 147->147
[2025-11-07T23:45:58.846+0000][gc,metaspace  ] GC(392) Metaspace: 53273K(56348K)->53273K(56348K) NonClass: 47370K(48976K)->47370K(48976K) Class: 5903K(7372K)->5903K(7372K)
[2025-11-07T23:45:58.846+0000][gc            ] GC(392) Pause Young (Normal) (G1 Evacuation Pause) 500M->445M(684M) 15.509ms
[2025-11-07T23:45:58.847+0000][gc,cpu        ] GC(392) User=0.02s Sys=0.00s Real=0.01s
[2025-11-07T23:46:12.471+0000][gc,start      ] GC(393) Pause Young (Normal) (G1 Evacuation Pause)
[2025-11-07T23:46:12.472+0000][gc,task       ] GC(393) Using 2 workers of 2 for evacuation
[2025-11-07T23:46:12.481+0000][gc,phases     ] GC(393)   Pre Evacuate Collection Set: 0.0ms
[2025-11-07T23:46:12.481+0000][gc,phases     ] GC(393)   Evacuate Collection Set: 8.0ms
[2025-11-07T23:46:12.481+0000][gc,phases     ] GC(393)   Post Evacuate Collection Set: 0.7ms
[2025-11-07T23:46:12.481+0000][gc,phases     ] GC(393)   Other: 0.6ms
[2025-11-07T23:46:12.481+0000][gc,heap       ] GC(393) Eden regions: 60->0(66)
[2025-11-07T23:46:12.482+0000][gc,heap       ] GC(393) Survivor regions: 4->3(8)
[2025-11-07T23:46:12.482+0000][gc,heap       ] GC(393) Old regions: 296->296
[2025-11-07T23:46:12.482+0000][gc,heap       ] GC(393) Humongous regions: 147->147
[2025-11-07T23:46:12.482+0000][gc,metaspace  ] GC(393) Metaspace: 53273K(56348K)->53273K(56348K) NonClass: 47370K(48976K)->47370K(48976K) Class: 5903K(7372K)->5903K(7372K)
[2025-11-07T23:46:12.482+0000][gc            ] GC(393) Pause Young (Normal) (G1 Evacuation Pause) 505M->445M(684M) 11.020ms
[2025-11-07T23:46:12.483+0000][gc,cpu        ] GC(393) User=0.02s Sys=0.00s Real=0.01s
[2025-11-07T23:46:27.198+0000][gc,start      ] GC(394) Pause Young (Normal) (G1 Evacuation Pause)
[2025-11-07T23:46:27.198+0000][gc,task       ] GC(394) Using 2 workers of 2 for evacuation
[2025-11-07T23:46:27.211+0000][gc,phases     ] GC(394)   Pre Evacuate Collection Set: 0.0ms
[2025-11-07T23:46:27.212+0000][gc,phases     ] GC(394)   Evacuate Collection Set: 11.4ms
[2025-11-07T23:46:27.212+0000][gc,phases     ] GC(394)   Post Evacuate Collection Set: 0.8ms
[2025-11-07T23:46:27.213+0000][gc,phases     ] GC(394)   Other: 1.3ms
[2025-11-07T23:46:27.213+0000][gc,heap       ] GC(394) Eden regions: 66->0(67)
[2025-11-07T23:46:27.213+0000][gc,heap       ] GC(394) Survivor regions: 3->4(9)
[2025-11-07T23:46:27.213+0000][gc,heap       ] GC(394) Old regions: 296->296
[2025-11-07T23:46:27.214+0000][gc,heap       ] GC(394) Humongous regions: 147->147
[2025-11-07T23:46:27.214+0000][gc,metaspace  ] GC(394) Metaspace: 53273K(56348K)->53273K(56348K) NonClass: 47370K(48976K)->47370K(48976K) Class: 5903K(7372K)->5903K(7372K)
[2025-11-07T23:46:27.214+0000][gc            ] GC(394) Pause Young (Normal) (G1 Evacuation Pause) 511M->445M(684M) 16.430ms
[2025-11-07T23:46:27.215+0000][gc,cpu        ] GC(394) User=0.02s Sys=0.00s Real=0.02s
[2025-11-07T23:46:42.093+0000][gc,start      ] GC(395) Pause Young (Normal) (G1 Evacuation Pause)
[2025-11-07T23:46:42.093+0000][gc,task       ] GC(395) Using 2 workers of 2 for evacuation
[2025-11-07T23:46:42.106+0000][gc,phases     ] GC(395)   Pre Evacuate Collection Set: 0.0ms
[2025-11-07T23:46:42.106+0000][gc,phases     ] GC(395)   Evacuate Collection Set: 11.1ms
[2025-11-07T23:46:42.107+0000][gc,phases     ] GC(395)   Post Evacuate Collection Set: 0.8ms
[2025-11-07T23:46:42.107+0000][gc,phases     ] GC(395)   Other: 1.0ms
[2025-11-07T23:46:42.107+0000][gc,heap       ] GC(395) Eden regions: 67->0(69)
[2025-11-07T23:46:42.108+0000][gc,heap       ] GC(395) Survivor regions: 4->4(9)
[2025-11-07T23:46:42.108+0000][gc,heap       ] GC(395) Old regions: 296->296
[2025-11-07T23:46:42.108+0000][gc,heap       ] GC(395) Humongous regions: 147->147
[2025-11-07T23:46:42.108+0000][gc,metaspace  ] GC(395) Metaspace: 53273K(56348K)->53273K(56348K) NonClass: 47370K(48976K)->47370K(48976K) Class: 5903K(7372K)->5903K(7372K)
[2025-11-07T23:46:42.109+0000][gc            ] GC(395) Pause Young (Normal) (G1 Evacuation Pause) 512M->445M(684M) 15.465ms
[2025-11-07T23:46:42.109+0000][gc,cpu        ] GC(395) User=0.02s Sys=0.00s Real=0.02s
[2025-11-07T23:46:57.540+0000][gc,start      ] GC(396) Pause Young (Normal) (G1 Evacuation Pause)
[2025-11-07T23:46:57.541+0000][gc,task       ] GC(396) Using 2 workers of 2 for evacuation
[2025-11-07T23:46:57.553+0000][gc,phases     ] GC(396)   Pre Evacuate Collection Set: 0.0ms
[2025-11-07T23:46:57.553+0000][gc,phases     ] GC(396)   Evacuate Collection Set: 11.2ms
[2025-11-07T23:46:57.554+0000][gc,phases     ] GC(396)   Post Evacuate Collection Set: 1.2ms
[2025-11-07T23:46:57.554+0000][gc,phases     ] GC(396)   Other: 0.5ms
[2025-11-07T23:46:57.554+0000][gc,heap       ] GC(396) Eden regions: 69->0(71)
[2025-11-07T23:46:57.554+0000][gc,heap       ] GC(396) Survivor regions: 4->5(10)
[2025-11-07T23:46:57.554+0000][gc,heap       ] GC(396) Old regions: 296->296
[2025-11-07T23:46:57.554+0000][gc,heap       ] GC(396) Humongous regions: 147->147
[2025-11-07T23:46:57.554+0000][gc,metaspace  ] GC(396) Metaspace: 53273K(56348K)->53273K(56348K) NonClass: 47370K(48976K)->47370K(48976K) Class: 5903K(7372K)->5903K(7372K)
[2025-11-07T23:46:57.555+0000][gc            ] GC(396) Pause Young (Normal) (G1 Evacuation Pause) 514M->446M(684M) 14.102ms
[2025-11-07T23:46:57.555+0000][gc,cpu        ] GC(396) User=0.02s Sys=0.00s Real=0.01s
[2025-11-07T23:47:13.492+0000][gc,start      ] GC(397) Pause Young (Normal) (G1 Evacuation Pause)
[2025-11-07T23:47:13.493+0000][gc,task       ] GC(397) Using 2 workers of 2 for evacuation
[2025-11-07T23:47:13.505+0000][gc,phases     ] GC(397)   Pre Evacuate Collection Set: 0.0ms
[2025-11-07T23:47:13.505+0000][gc,phases     ] GC(397)   Evacuate Collection Set: 10.2ms
[2025-11-07T23:47:13.505+0000][gc,phases     ] GC(397)   Post Evacuate Collection Set: 1.6ms
[2025-11-07T23:47:13.506+0000][gc,phases     ] GC(397)   Other: 0.8ms
[2025-11-07T23:47:13.506+0000][gc,heap       ] GC(397) Eden regions: 71->0(73)
[2025-11-07T23:47:13.506+0000][gc,heap       ] GC(397) Survivor regions: 5->4(10)
[2025-11-07T23:47:13.507+0000][gc,heap       ] GC(397) Old regions: 296->296
[2025-11-07T23:47:13.507+0000][gc,heap       ] GC(397) Humongous regions: 147->147
[2025-11-07T23:47:13.507+0000][gc,metaspace  ] GC(397) Metaspace: 53273K(56348K)->53273K(56348K) NonClass: 47370K(48976K)->47370K(48976K) Class: 5903K(7372K)->5903K(7372K)
[2025-11-07T23:47:13.508+0000][gc            ] GC(397) Pause Young (Normal) (G1 Evacuation Pause) 517M->445M(684M) 15.127ms
[2025-11-07T23:47:13.508+0000][gc,cpu        ] GC(397) User=0.02s Sys=0.00s Real=0.01s
[2025-11-07T23:47:29.050+0000][gc,start      ] GC(398) Pause Young (Normal) (G1 Evacuation Pause)
[2025-11-07T23:47:29.051+0000][gc,task       ] GC(398) Using 2 workers of 2 for evacuation
[2025-11-07T23:47:29.070+0000][gc,phases     ] GC(398)   Pre Evacuate Collection Set: 0.0ms
[2025-11-07T23:47:29.074+0000][gc,phases     ] GC(398)   Evacuate Collection Set: 16.6ms
[2025-11-07T23:47:29.075+0000][gc,phases     ] GC(398)   Post Evacuate Collection Set: 2.1ms
[2025-11-07T23:47:29.075+0000][gc,phases     ] GC(398)   Other: 1.7ms
[2025-11-07T23:47:29.075+0000][gc,heap       ] GC(398) Eden regions: 69->0(71)
[2025-11-07T23:47:29.076+0000][gc,heap       ] GC(398) Survivor regions: 4->5(10)
[2025-11-07T23:47:29.076+0000][gc,heap       ] GC(398) Old regions: 296->296
[2025-11-07T23:47:29.076+0000][gc,heap       ] GC(398) Humongous regions: 147->147
[2025-11-07T23:47:29.077+0000][gc,metaspace  ] GC(398) Metaspace: 53273K(56348K)->53273K(56348K) NonClass: 47370K(48976K)->47370K(48976K) Class: 5903K(7372K)->5903K(7372K)
[2025-11-07T23:47:29.077+0000][gc            ] GC(398) Pause Young (Normal) (G1 Evacuation Pause) 514M->446M(684M) 27.260ms
[2025-11-07T23:47:29.077+0000][gc,cpu        ] GC(398) User=0.03s Sys=0.00s Real=0.03s
[2025-11-07T23:47:45.312+0000][gc,start      ] GC(399) Pause Young (Normal) (G1 Evacuation Pause)
[2025-11-07T23:47:45.312+0000][gc,task       ] GC(399) Using 2 workers of 2 for evacuation
[2025-11-07T23:47:45.333+0000][gc,phases     ] GC(399)   Pre Evacuate Collection Set: 0.0ms
[2025-11-07T23:47:45.333+0000][gc,phases     ] GC(399)   Evacuate Collection Set: 18.5ms
[2025-11-07T23:47:45.333+0000][gc,phases     ] GC(399)   Post Evacuate Collection Set: 0.8ms
[2025-11-07T23:47:45.333+0000][gc,phases     ] GC(399)   Other: 1.2ms
[2025-11-07T23:47:45.334+0000][gc,heap       ] GC(399) Eden regions: 71->0(70)
[2025-11-07T23:47:45.334+0000][gc,heap       ] GC(399) Survivor regions: 5->6(10)
[2025-11-07T23:47:45.334+0000][gc,heap       ] GC(399) Old regions: 296->296
[2025-11-07T23:47:45.334+0000][gc,heap       ] GC(399) Humongous regions: 147->147
[2025-11-07T23:47:45.335+0000][gc,metaspace  ] GC(399) Metaspace: 53273K(56348K)->53273K(56348K) NonClass: 47370K(48976K)->47370K(48976K) Class: 5903K(7372K)->5903K(7372K)
[2025-11-07T23:47:45.335+0000][gc            ] GC(399) Pause Young (Normal) (G1 Evacuation Pause) 517M->447M(684M) 22.696ms
[2025-11-07T23:47:45.335+0000][gc,cpu        ] GC(399) User=0.04s Sys=0.00s Real=0.02s
[2025-11-07T23:47:55.950+0000][gc,start      ] GC(400) Pause Young (Normal) (G1 Evacuation Pause)
[2025-11-07T23:47:55.951+0000][gc,task       ] GC(400) Using 2 workers of 2 for evacuation
[2025-11-07T23:47:55.969+0000][gc,phases     ] GC(400)   Pre Evacuate Collection Set: 0.0ms
[2025-11-07T23:47:55.970+0000][gc,phases     ] GC(400)   Evacuate Collection Set: 16.2ms
[2025-11-07T23:47:55.970+0000][gc,phases     ] GC(400)   Post Evacuate Collection Set: 2.2ms
[2025-11-07T23:47:55.970+0000][gc,phases     ] GC(400)   Other: 0.6ms
[2025-11-07T23:47:55.970+0000][gc,heap       ] GC(400) Eden regions: 46->0(61)
[2025-11-07T23:47:55.971+0000][gc,heap       ] GC(400) Survivor regions: 6->4(7)
[2025-11-07T23:47:55.971+0000][gc,heap       ] GC(400) Old regions: 296->298
[2025-11-07T23:47:55.971+0000][gc,heap       ] GC(400) Humongous regions: 147->147
[2025-11-07T23:47:55.972+0000][gc,metaspace  ] GC(400) Metaspace: 53273K(56348K)->53273K(56348K) NonClass: 47370K(48976K)->47370K(48976K) Class: 5903K(7372K)->5903K(7372K)
[2025-11-07T23:47:55.972+0000][gc            ] GC(400) Pause Young (Normal) (G1 Evacuation Pause) 493M->447M(684M) 21.475ms
[2025-11-07T23:47:55.972+0000][gc,cpu        ] GC(400) User=0.03s Sys=0.00s Real=0.02s
[2025-11-07T23:48:10.065+0000][gc,start      ] GC(401) Pause Young (Normal) (G1 Evacuation Pause)
[2025-11-07T23:48:10.065+0000][gc,task       ] GC(401) Using 2 workers of 2 for evacuation
[2025-11-07T23:48:10.079+0000][gc,phases     ] GC(401)   Pre Evacuate Collection Set: 0.0ms
[2025-11-07T23:48:10.080+0000][gc,phases     ] GC(401)   Evacuate Collection Set: 12.7ms
[2025-11-07T23:48:10.080+0000][gc,phases     ] GC(401)   Post Evacuate Collection Set: 1.0ms
[2025-11-07T23:48:10.080+0000][gc,phases     ] GC(401)   Other: 1.0ms
[2025-11-07T23:48:10.081+0000][gc,heap       ] GC(401) Eden regions: 61->0(65)
[2025-11-07T23:48:10.081+0000][gc,heap       ] GC(401) Survivor regions: 4->3(9)
[2025-11-07T23:48:10.081+0000][gc,heap       ] GC(401) Old regions: 298->298
[2025-11-07T23:48:10.082+0000][gc,heap       ] GC(401) Humongous regions: 147->147
[2025-11-07T23:48:10.082+0000][gc,metaspace  ] GC(401) Metaspace: 53273K(56348K)->53273K(56348K) NonClass: 47370K(48976K)->47370K(48976K) Class: 5903K(7372K)->5903K(7372K)
[2025-11-07T23:48:10.082+0000][gc            ] GC(401) Pause Young (Normal) (G1 Evacuation Pause) 508M->447M(684M) 17.424ms
[2025-11-07T23:48:10.082+0000][gc,cpu        ] GC(401) User=0.03s Sys=0.00s Real=0.02s
[2025-11-07T23:48:24.889+0000][gc,start      ] GC(402) Pause Young (Normal) (G1 Evacuation Pause)
[2025-11-07T23:48:24.889+0000][gc,task       ] GC(402) Using 2 workers of 2 for evacuation
[2025-11-07T23:48:24.903+0000][gc,phases     ] GC(402)   Pre Evacuate Collection Set: 0.0ms
[2025-11-07T23:48:24.903+0000][gc,phases     ] GC(402)   Evacuate Collection Set: 12.2ms
[2025-11-07T23:48:24.904+0000][gc,phases     ] GC(402)   Post Evacuate Collection Set: 1.6ms
[2025-11-07T23:48:24.904+0000][gc,phases     ] GC(402)   Other: 0.8ms
[2025-11-07T23:48:24.905+0000][gc,heap       ] GC(402) Eden regions: 65->0(64)
[2025-11-07T23:48:24.905+0000][gc,heap       ] GC(402) Survivor regions: 3->5(9)
[2025-11-07T23:48:24.905+0000][gc,heap       ] GC(402) Old regions: 298->298
[2025-11-07T23:48:24.905+0000][gc,heap       ] GC(402) Humongous regions: 147->147
[2025-11-07T23:48:24.905+0000][gc,metaspace  ] GC(402) Metaspace: 53273K(56348K)->53273K(56348K) NonClass: 47370K(48976K)->47370K(48976K) Class: 5903K(7372K)->5903K(7372K)
[2025-11-07T23:48:24.906+0000][gc            ] GC(402) Pause Young (Normal) (G1 Evacuation Pause) 512M->449M(684M) 17.119ms
[2025-11-07T23:48:24.906+0000][gc,cpu        ] GC(402) User=0.03s Sys=0.00s Real=0.02s
[2025-11-07T23:48:39.452+0000][gc,start      ] GC(403) Pause Young (Normal) (G1 Evacuation Pause)
[2025-11-07T23:48:39.453+0000][gc,task       ] GC(403) Using 2 workers of 2 for evacuation
[2025-11-07T23:48:39.465+0000][gc,phases     ] GC(403)   Pre Evacuate Collection Set: 0.0ms
[2025-11-07T23:48:39.465+0000][gc,phases     ] GC(403)   Evacuate Collection Set: 11.1ms
[2025-11-07T23:48:39.465+0000][gc,phases     ] GC(403)   Post Evacuate Collection Set: 0.6ms
[2025-11-07T23:48:39.465+0000][gc,phases     ] GC(403)   Other: 0.7ms
[2025-11-07T23:48:39.466+0000][gc,heap       ] GC(403) Eden regions: 64->0(65)
[2025-11-07T23:48:39.466+0000][gc,heap       ] GC(403) Survivor regions: 5->5(9)
[2025-11-07T23:48:39.466+0000][gc,heap       ] GC(403) Old regions: 298->298
[2025-11-07T23:48:39.466+0000][gc,heap       ] GC(403) Humongous regions: 147->147
[2025-11-07T23:48:39.466+0000][gc,metaspace  ] GC(403) Metaspace: 53273K(56348K)->53273K(56348K) NonClass: 47370K(48976K)->47370K(48976K) Class: 5903K(7372K)->5903K(7372K)
[2025-11-07T23:48:39.467+0000][gc            ] GC(403) Pause Young (Normal) (G1 Evacuation Pause) 513M->449M(684M) 14.102ms
[2025-11-07T23:48:39.467+0000][gc,cpu        ] GC(403) User=0.02s Sys=0.00s Real=0.01s
[2025-11-07T23:48:54.567+0000][gc,start      ] GC(404) Pause Young (Normal) (G1 Evacuation Pause)
[2025-11-07T23:48:54.568+0000][gc,task       ] GC(404) Using 2 workers of 2 for evacuation
[2025-11-07T23:48:54.588+0000][gc,phases     ] GC(404)   Pre Evacuate Collection Set: 0.0ms
[2025-11-07T23:48:54.588+0000][gc,phases     ] GC(404)   Evacuate Collection Set: 18.2ms
[2025-11-07T23:48:54.588+0000][gc,phases     ] GC(404)   Post Evacuate Collection Set: 1.4ms
[2025-11-07T23:48:54.589+0000][gc,phases     ] GC(404)   Other: 1.0ms
[2025-11-07T23:48:54.589+0000][gc,heap       ] GC(404) Eden regions: 65->0(64)
[2025-11-07T23:48:54.589+0000][gc,heap       ] GC(404) Survivor regions: 5->5(9)
[2025-11-07T23:48:54.590+0000][gc,heap       ] GC(404) Old regions: 298->299
[2025-11-07T23:48:54.590+0000][gc,heap       ] GC(404) Humongous regions: 147->147
[2025-11-07T23:48:54.591+0000][gc,metaspace  ] GC(404) Metaspace: 53273K(56348K)->53273K(56348K) NonClass: 47370K(48976K)->47370K(48976K) Class: 5903K(7372K)->5903K(7372K)
[2025-11-07T23:48:54.591+0000][gc            ] GC(404) Pause Young (Normal) (G1 Evacuation Pause) 514M->450M(684M) 23.630ms
[2025-11-07T23:48:54.591+0000][gc,cpu        ] GC(404) User=0.04s Sys=0.00s Real=0.03s
[2025-11-07T23:49:09.206+0000][gc,start      ] GC(405) Pause Young (Normal) (G1 Evacuation Pause)
[2025-11-07T23:49:09.206+0000][gc,task       ] GC(405) Using 2 workers of 2 for evacuation
[2025-11-07T23:49:09.221+0000][gc,phases     ] GC(405)   Pre Evacuate Collection Set: 0.0ms
[2025-11-07T23:49:09.221+0000][gc,phases     ] GC(405)   Evacuate Collection Set: 13.1ms
[2025-11-07T23:49:09.221+0000][gc,phases     ] GC(405)   Post Evacuate Collection Set: 0.9ms
[2025-11-07T23:49:09.222+0000][gc,phases     ] GC(405)   Other: 1.0ms
[2025-11-07T23:49:09.222+0000][gc,heap       ] GC(405) Eden regions: 64->0(66)
[2025-11-07T23:49:09.222+0000][gc,heap       ] GC(405) Survivor regions: 5->5(9)
[2025-11-07T23:49:09.222+0000][gc,heap       ] GC(405) Old regions: 299->299
[2025-11-07T23:49:09.222+0000][gc,heap       ] GC(405) Humongous regions: 147->147
[2025-11-07T23:49:09.223+0000][gc,metaspace  ] GC(405) Metaspace: 53273K(56348K)->53273K(56348K) NonClass: 47370K(48976K)->47370K(48976K) Class: 5903K(7372K)->5903K(7372K)
[2025-11-07T23:49:09.223+0000][gc            ] GC(405) Pause Young (Normal) (G1 Evacuation Pause) 514M->450M(684M) 17.047ms
[2025-11-07T23:49:09.223+0000][gc,cpu        ] GC(405) User=0.02s Sys=0.00s Real=0.02s
[2025-11-07T23:49:24.235+0000][gc,start      ] GC(406) Pause Young (Normal) (G1 Evacuation Pause)
[2025-11-07T23:49:24.235+0000][gc,task       ] GC(406) Using 2 workers of 2 for evacuation
[2025-11-07T23:49:24.247+0000][gc,phases     ] GC(406)   Pre Evacuate Collection Set: 0.0ms
[2025-11-07T23:49:24.247+0000][gc,phases     ] GC(406)   Evacuate Collection Set: 10.6ms
[2025-11-07T23:49:24.247+0000][gc,phases     ] GC(406)   Post Evacuate Collection Set: 0.7ms
[2025-11-07T23:49:24.247+0000][gc,phases     ] GC(406)   Other: 0.6ms
[2025-11-07T23:49:24.247+0000][gc,heap       ] GC(406) Eden regions: 66->0(68)
[2025-11-07T23:49:24.247+0000][gc,heap       ] GC(406) Survivor regions: 5->5(9)
[2025-11-07T23:49:24.248+0000][gc,heap       ] GC(406) Old regions: 299->299
[2025-11-07T23:49:24.248+0000][gc,heap       ] GC(406) Humongous regions: 147->147
[2025-11-07T23:49:24.248+0000][gc,metaspace  ] GC(406) Metaspace: 53273K(56348K)->53273K(56348K) NonClass: 47370K(48976K)->47370K(48976K) Class: 5903K(7372K)->5903K(7372K)
[2025-11-07T23:49:24.248+0000][gc            ] GC(406) Pause Young (Normal) (G1 Evacuation Pause) 516M->450M(684M) 13.680ms
[2025-11-07T23:49:24.248+0000][gc,cpu        ] GC(406) User=0.02s Sys=0.00s Real=0.01s
[2025-11-07T23:49:39.623+0000][gc,start      ] GC(407) Pause Young (Normal) (G1 Evacuation Pause)
[2025-11-07T23:49:39.623+0000][gc,task       ] GC(407) Using 2 workers of 2 for evacuation
[2025-11-07T23:49:39.637+0000][gc,phases     ] GC(407)   Pre Evacuate Collection Set: 0.0ms
[2025-11-07T23:49:39.637+0000][gc,phases     ] GC(407)   Evacuate Collection Set: 12.2ms
[2025-11-07T23:49:39.638+0000][gc,phases     ] GC(407)   Post Evacuate Collection Set: 1.2ms
[2025-11-07T23:49:39.638+0000][gc,phases     ] GC(407)   Other: 1.0ms
[2025-11-07T23:49:39.639+0000][gc,heap       ] GC(407) Eden regions: 68->0(70)
[2025-11-07T23:49:39.639+0000][gc,heap       ] GC(407) Survivor regions: 5->6(10)
[2025-11-07T23:49:39.639+0000][gc,heap       ] GC(407) Old regions: 299->299
[2025-11-07T23:49:39.639+0000][gc,heap       ] GC(407) Humongous regions: 147->147
[2025-11-07T23:49:39.640+0000][gc,metaspace  ] GC(407) Metaspace: 53273K(56348K)->53273K(56348K) NonClass: 47370K(48976K)->47370K(48976K) Class: 5903K(7372K)->5903K(7372K)
[2025-11-07T23:49:39.640+0000][gc            ] GC(407) Pause Young (Normal) (G1 Evacuation Pause) 518M->451M(684M) 17.285ms
[2025-11-07T23:49:39.640+0000][gc,cpu        ] GC(407) User=0.03s Sys=0.00s Real=0.01s
[2025-11-07T23:49:55.568+0000][gc,start      ] GC(408) Pause Young (Normal) (G1 Evacuation Pause)
[2025-11-07T23:49:55.568+0000][gc,task       ] GC(408) Using 2 workers of 2 for evacuation
[2025-11-07T23:49:55.579+0000][gc,phases     ] GC(408)   Pre Evacuate Collection Set: 0.0ms
[2025-11-07T23:49:55.579+0000][gc,phases     ] GC(408)   Evacuate Collection Set: 9.8ms
[2025-11-07T23:49:55.579+0000][gc,phases     ] GC(408)   Post Evacuate Collection Set: 0.6ms
[2025-11-07T23:49:55.579+0000][gc,phases     ] GC(408)   Other: 0.6ms
[2025-11-07T23:49:55.580+0000][gc,heap       ] GC(408) Eden regions: 70->0(72)
[2025-11-07T23:49:55.580+0000][gc,heap       ] GC(408) Survivor regions: 6->4(10)
[2025-11-07T23:49:55.580+0000][gc,heap       ] GC(408) Old regions: 299->299
[2025-11-07T23:49:55.580+0000][gc,heap       ] GC(408) Humongous regions: 147->147
[2025-11-07T23:49:55.580+0000][gc,metaspace  ] GC(408) Metaspace: 53273K(56348K)->53273K(56348K) NonClass: 47370K(48976K)->47370K(48976K) Class: 5903K(7372K)->5903K(7372K)
[2025-11-07T23:49:55.580+0000][gc            ] GC(408) Pause Young (Normal) (G1 Evacuation Pause) 521M->449M(684M) 12.479ms
[2025-11-07T23:49:55.580+0000][gc,cpu        ] GC(408) User=0.02s Sys=0.00s Real=0.01s
[2025-11-07T23:50:11.889+0000][gc,start      ] GC(409) Pause Young (Normal) (G1 Evacuation Pause)
[2025-11-07T23:50:11.889+0000][gc,task       ] GC(409) Using 2 workers of 2 for evacuation
[2025-11-07T23:50:11.901+0000][gc,phases     ] GC(409)   Pre Evacuate Collection Set: 0.0ms
[2025-11-07T23:50:11.901+0000][gc,phases     ] GC(409)   Evacuate Collection Set: 11.0ms
[2025-11-07T23:50:11.905+0000][gc,phases     ] GC(409)   Post Evacuate Collection Set: 0.8ms
[2025-11-07T23:50:11.906+0000][gc,phases     ] GC(409)   Other: 0.5ms
[2025-11-07T23:50:11.907+0000][gc,heap       ] GC(409) Eden regions: 72->0(74)
[2025-11-07T23:50:11.907+0000][gc,heap       ] GC(409) Survivor regions: 4->6(10)
[2025-11-07T23:50:11.907+0000][gc,heap       ] GC(409) Old regions: 299->299
[2025-11-07T23:50:11.907+0000][gc,heap       ] GC(409) Humongous regions: 147->147
[2025-11-07T23:50:11.908+0000][gc,metaspace  ] GC(409) Metaspace: 53273K(56348K)->53273K(56348K) NonClass: 47370K(48976K)->47370K(48976K) Class: 5903K(7372K)->5903K(7372K)
[2025-11-07T23:50:11.908+0000][gc            ] GC(409) Pause Young (Normal) (G1 Evacuation Pause) 521M->451M(684M) 19.214ms
[2025-11-07T23:50:11.908+0000][gc,cpu        ] GC(409) User=0.02s Sys=0.00s Real=0.02s
[2025-11-07T23:50:28.610+0000][gc,start      ] GC(410) Pause Young (Normal) (G1 Evacuation Pause)
[2025-11-07T23:50:28.610+0000][gc,task       ] GC(410) Using 2 workers of 2 for evacuation
[2025-11-07T23:50:28.644+0000][gc,mmu        ] GC(410) MMU target violated: 21.0ms (20.0ms/21.0ms)
[2025-11-07T23:50:28.644+0000][gc,phases     ] GC(410)   Pre Evacuate Collection Set: 0.0ms
[2025-11-07T23:50:28.644+0000][gc,phases     ] GC(410)   Evacuate Collection Set: 32.6ms
[2025-11-07T23:50:28.644+0000][gc,phases     ] GC(410)   Post Evacuate Collection Set: 0.6ms
[2025-11-07T23:50:28.644+0000][gc,phases     ] GC(410)   Other: 0.9ms
[2025-11-07T23:50:28.645+0000][gc,heap       ] GC(410) Eden regions: 74->0(55)
[2025-11-07T23:50:28.645+0000][gc,heap       ] GC(410) Survivor regions: 6->7(10)
[2025-11-07T23:50:28.645+0000][gc,heap       ] GC(410) Old regions: 299->300
[2025-11-07T23:50:28.645+0000][gc,heap       ] GC(410) Humongous regions: 147->147
[2025-11-07T23:50:28.645+0000][gc,metaspace  ] GC(410) Metaspace: 53273K(56348K)->53273K(56348K) NonClass: 47370K(48976K)->47370K(48976K) Class: 5903K(7372K)->5903K(7372K)
[2025-11-07T23:50:28.645+0000][gc            ] GC(410) Pause Young (Normal) (G1 Evacuation Pause) 525M->452M(684M) 35.426ms
[2025-11-07T23:50:28.645+0000][gc,cpu        ] GC(410) User=0.03s Sys=0.00s Real=0.04s
[2025-11-07T23:50:40.814+0000][gc,start      ] GC(411) Pause Young (Normal) (G1 Evacuation Pause)
[2025-11-07T23:50:40.814+0000][gc,task       ] GC(411) Using 2 workers of 2 for evacuation
[2025-11-07T23:50:40.835+0000][gc,mmu        ] GC(411) MMU target violated: 20.5ms (20.0ms/21.0ms)
[2025-11-07T23:50:40.835+0000][gc,phases     ] GC(411)   Pre Evacuate Collection Set: 0.0ms
[2025-11-07T23:50:40.836+0000][gc,phases     ] GC(411)   Evacuate Collection Set: 17.1ms
[2025-11-07T23:50:40.836+0000][gc,phases     ] GC(411)   Post Evacuate Collection Set: 3.2ms
[2025-11-07T23:50:40.837+0000][gc,phases     ] GC(411)   Other: 1.4ms
[2025-11-07T23:50:40.838+0000][gc,heap       ] GC(411) Eden regions: 55->0(68)
[2025-11-07T23:50:40.838+0000][gc,heap       ] GC(411) Survivor regions: 7->4(8)
[2025-11-07T23:50:40.838+0000][gc,heap       ] GC(411) Old regions: 300->302
[2025-11-07T23:50:40.838+0000][gc,heap       ] GC(411) Humongous regions: 147->147
[2025-11-07T23:50:40.838+0000][gc,metaspace  ] GC(411) Metaspace: 53273K(56348K)->53273K(56348K) NonClass: 47370K(48976K)->47370K(48976K) Class: 5903K(7372K)->5903K(7372K)
[2025-11-07T23:50:40.839+0000][gc            ] GC(411) Pause Young (Normal) (G1 Evacuation Pause) 507M->452M(684M) 24.816ms
[2025-11-07T23:50:40.839+0000][gc,cpu        ] GC(411) User=0.03s Sys=0.00s Real=0.02s
[2025-11-07T23:50:56.015+0000][gc,start      ] GC(412) Pause Young (Normal) (G1 Evacuation Pause)
[2025-11-07T23:50:56.015+0000][gc,task       ] GC(412) Using 2 workers of 2 for evacuation
[2025-11-07T23:50:56.025+0000][gc,phases     ] GC(412)   Pre Evacuate Collection Set: 0.0ms
[2025-11-07T23:50:56.025+0000][gc,phases     ] GC(412)   Evacuate Collection Set: 8.3ms
[2025-11-07T23:50:56.025+0000][gc,phases     ] GC(412)   Post Evacuate Collection Set: 0.6ms
[2025-11-07T23:50:56.025+0000][gc,phases     ] GC(412)   Other: 0.5ms
[2025-11-07T23:50:56.025+0000][gc,heap       ] GC(412) Eden regions: 68->0(72)
[2025-11-07T23:50:56.026+0000][gc,heap       ] GC(412) Survivor regions: 4->4(9)
[2025-11-07T23:50:56.026+0000][gc,heap       ] GC(412) Old regions: 302->302
[2025-11-07T23:50:56.026+0000][gc,heap       ] GC(412) Humongous regions: 147->147
[2025-11-07T23:50:56.026+0000][gc,metaspace  ] GC(412) Metaspace: 53273K(56348K)->53273K(56348K) NonClass: 47370K(48976K)->47370K(48976K) Class: 5903K(7372K)->5903K(7372K)
[2025-11-07T23:50:56.026+0000][gc            ] GC(412) Pause Young (Normal) (G1 Evacuation Pause) 520M->452M(684M) 10.847ms
[2025-11-07T23:50:56.026+0000][gc,cpu        ] GC(412) User=0.02s Sys=0.00s Real=0.01s
[2025-11-07T23:51:11.427+0000][gc,start      ] GC(413) Pause Young (Normal) (G1 Evacuation Pause)
[2025-11-07T23:51:11.436+0000][gc,task       ] GC(413) Using 2 workers of 2 for evacuation
[2025-11-07T23:51:11.447+0000][gc,phases     ] GC(413)   Pre Evacuate Collection Set: 0.0ms
[2025-11-07T23:51:11.454+0000][gc,phases     ] GC(413)   Evacuate Collection Set: 9.8ms
[2025-11-07T23:51:11.455+0000][gc,phases     ] GC(413)   Post Evacuate Collection Set: 0.8ms
[2025-11-07T23:51:11.455+0000][gc,phases     ] GC(413)   Other: 9.6ms
[2025-11-07T23:51:11.455+0000][gc,heap       ] GC(413) Eden regions: 68->0(72)
[2025-11-07T23:51:11.455+0000][gc,heap       ] GC(413) Survivor regions: 4->5(9)
[2025-11-07T23:51:11.455+0000][gc,heap       ] GC(413) Old regions: 302->302
[2025-11-07T23:51:11.455+0000][gc,heap       ] GC(413) Humongous regions: 147->147
[2025-11-07T23:51:11.456+0000][gc,metaspace  ] GC(413) Metaspace: 53273K(56348K)->53273K(56348K) NonClass: 47370K(48976K)->47370K(48976K) Class: 5903K(7372K)->5903K(7372K)
[2025-11-07T23:51:11.456+0000][gc            ] GC(413) Pause Young (Normal) (G1 Evacuation Pause) 520M->453M(684M) 29.050ms
[2025-11-07T23:51:11.456+0000][gc,cpu        ] GC(413) User=0.02s Sys=0.00s Real=0.03s
[2025-11-07T23:51:27.838+0000][gc,start      ] GC(414) Pause Young (Normal) (G1 Evacuation Pause)
[2025-11-07T23:51:27.839+0000][gc,task       ] GC(414) Using 2 workers of 2 for evacuation
[2025-11-07T23:51:27.852+0000][gc,phases     ] GC(414)   Pre Evacuate Collection Set: 0.0ms
[2025-11-07T23:51:27.853+0000][gc,phases     ] GC(414)   Evacuate Collection Set: 12.6ms
[2025-11-07T23:51:27.853+0000][gc,phases     ] GC(414)   Post Evacuate Collection Set: 0.8ms
[2025-11-07T23:51:27.853+0000][gc,phases     ] GC(414)   Other: 0.6ms
[2025-11-07T23:51:27.854+0000][gc,heap       ] GC(414) Eden regions: 72->0(73)
[2025-11-07T23:51:27.854+0000][gc,heap       ] GC(414) Survivor regions: 5->6(10)
[2025-11-07T23:51:27.854+0000][gc,heap       ] GC(414) Old regions: 302->302
[2025-11-07T23:51:27.854+0000][gc,heap       ] GC(414) Humongous regions: 147->147
[2025-11-07T23:51:27.855+0000][gc,metaspace  ] GC(414) Metaspace: 53273K(56348K)->53273K(56348K) NonClass: 47370K(48976K)->47370K(48976K) Class: 5903K(7372K)->5903K(7372K)
[2025-11-07T23:51:27.855+0000][gc            ] GC(414) Pause Young (Normal) (G1 Evacuation Pause) 525M->454M(684M) 16.536ms
[2025-11-07T23:51:27.855+0000][gc,cpu        ] GC(414) User=0.03s Sys=0.00s Real=0.02s
[2025-11-07T23:51:44.521+0000][gc,start      ] GC(415) Pause Young (Normal) (G1 Evacuation Pause)
[2025-11-07T23:51:44.521+0000][gc,task       ] GC(415) Using 2 workers of 2 for evacuation
[2025-11-07T23:51:44.539+0000][gc,phases     ] GC(415)   Pre Evacuate Collection Set: 0.0ms
[2025-11-07T23:51:44.539+0000][gc,phases     ] GC(415)   Evacuate Collection Set: 16.2ms
[2025-11-07T23:51:44.540+0000][gc,phases     ] GC(415)   Post Evacuate Collection Set: 1.0ms
[2025-11-07T23:51:44.540+0000][gc,phases     ] GC(415)   Other: 1.1ms
[2025-11-07T23:51:44.540+0000][gc,heap       ] GC(415) Eden regions: 73->0(73)
[2025-11-07T23:51:44.541+0000][gc,heap       ] GC(415) Survivor regions: 6->5(10)
[2025-11-07T23:51:44.541+0000][gc,heap       ] GC(415) Old regions: 302->302
[2025-11-07T23:51:44.541+0000][gc,heap       ] GC(415) Humongous regions: 147->147
[2025-11-07T23:51:44.542+0000][gc,metaspace  ] GC(415) Metaspace: 53273K(56348K)->53273K(56348K) NonClass: 47370K(48976K)->47370K(48976K) Class: 5903K(7372K)->5903K(7372K)
[2025-11-07T23:51:44.542+0000][gc            ] GC(415) Pause Young (Normal) (G1 Evacuation Pause) 527M->453M(684M) 21.561ms
[2025-11-07T23:51:44.543+0000][gc,cpu        ] GC(415) User=0.04s Sys=0.00s Real=0.02s
[2025-11-07T23:52:00.701+0000][gc,start      ] GC(416) Pause Young (Normal) (G1 Evacuation Pause)
[2025-11-07T23:52:00.702+0000][gc,task       ] GC(416) Using 2 workers of 2 for evacuation
[2025-11-07T23:52:00.726+0000][gc,mmu        ] GC(416) MMU target violated: 21.0ms (20.0ms/21.0ms)
[2025-11-07T23:52:00.728+0000][gc,phases     ] GC(416)   Pre Evacuate Collection Set: 0.0ms
[2025-11-07T23:52:00.729+0000][gc,phases     ] GC(416)   Evacuate Collection Set: 22.1ms
[2025-11-07T23:52:00.731+0000][gc,phases     ] GC(416)   Post Evacuate Collection Set: 1.5ms
[2025-11-07T23:52:00.732+0000][gc,phases     ] GC(416)   Other: 3.7ms
[2025-11-07T23:52:00.734+0000][gc,heap       ] GC(416) Eden regions: 68->0(69)
[2025-11-07T23:52:00.735+0000][gc,heap       ] GC(416) Survivor regions: 5->6(10)
[2025-11-07T23:52:00.736+0000][gc,heap       ] GC(416) Old regions: 302->302
[2025-11-07T23:52:00.736+0000][gc,heap       ] GC(416) Humongous regions: 147->147
[2025-11-07T23:52:00.736+0000][gc,metaspace  ] GC(416) Metaspace: 53273K(56348K)->53273K(56348K) NonClass: 47370K(48976K)->47370K(48976K) Class: 5903K(7372K)->5903K(7372K)
[2025-11-07T23:52:00.737+0000][gc            ] GC(416) Pause Young (Normal) (G1 Evacuation Pause) 521M->454M(684M) 35.668ms
[2025-11-07T23:52:00.737+0000][gc,cpu        ] GC(416) User=0.05s Sys=0.00s Real=0.04s
[2025-11-07T23:52:07.236+0000][gc,start      ] GC(417) Pause Young (Normal) (G1 Evacuation Pause)
[2025-11-07T23:52:07.236+0000][gc,task       ] GC(417) Using 2 workers of 2 for evacuation
[2025-11-07T23:52:07.252+0000][gc,phases     ] GC(417)   Pre Evacuate Collection Set: 0.0ms
[2025-11-07T23:52:07.252+0000][gc,phases     ] GC(417)   Evacuate Collection Set: 14.2ms
[2025-11-07T23:52:07.253+0000][gc,phases     ] GC(417)   Post Evacuate Collection Set: 1.1ms
[2025-11-07T23:52:07.253+0000][gc,phases     ] GC(417)   Other: 1.2ms
[2025-11-07T23:52:07.253+0000][gc,heap       ] GC(417) Eden regions: 28->0(64)
[2025-11-07T23:52:07.254+0000][gc,heap       ] GC(417) Survivor regions: 6->2(5)
[2025-11-07T23:52:07.254+0000][gc,heap       ] GC(417) Old regions: 302->305
[2025-11-07T23:52:07.254+0000][gc,heap       ] GC(417) Humongous regions: 147->147
[2025-11-07T23:52:07.254+0000][gc,metaspace  ] GC(417) Metaspace: 53273K(56348K)->53273K(56348K) NonClass: 47370K(48976K)->47370K(48976K) Class: 5903K(7372K)->5903K(7372K)
[2025-11-07T23:52:07.255+0000][gc            ] GC(417) Pause Young (Normal) (G1 Evacuation Pause) 482M->453M(684M) 19.028ms
[2025-11-07T23:52:07.255+0000][gc,cpu        ] GC(417) User=0.03s Sys=0.00s Real=0.02s
[2025-11-07T23:52:22.150+0000][gc,start      ] GC(418) Pause Young (Normal) (G1 Evacuation Pause)
[2025-11-07T23:52:22.151+0000][gc,task       ] GC(418) Using 2 workers of 2 for evacuation
[2025-11-07T23:52:22.160+0000][gc,phases     ] GC(418)   Pre Evacuate Collection Set: 0.0ms
[2025-11-07T23:52:22.160+0000][gc,phases     ] GC(418)   Evacuate Collection Set: 7.1ms
[2025-11-07T23:52:22.160+0000][gc,phases     ] GC(418)   Post Evacuate Collection Set: 1.4ms
[2025-11-07T23:52:22.160+0000][gc,phases     ] GC(418)   Other: 0.8ms
[2025-11-07T23:52:22.161+0000][gc,heap       ] GC(418) Eden regions: 64->0(68)
[2025-11-07T23:52:22.161+0000][gc,heap       ] GC(418) Survivor regions: 2->2(9)
[2025-11-07T23:52:22.161+0000][gc,heap       ] GC(418) Old regions: 305->305
[2025-11-07T23:52:22.162+0000][gc,heap       ] GC(418) Humongous regions: 147->147
[2025-11-07T23:52:22.162+0000][gc,metaspace  ] GC(418) Metaspace: 53273K(56348K)->53273K(56348K) NonClass: 47370K(48976K)->47370K(48976K) Class: 5903K(7372K)->5903K(7372K)
[2025-11-07T23:52:22.162+0000][gc            ] GC(418) Pause Young (Normal) (G1 Evacuation Pause) 517M->453M(684M) 11.613ms
[2025-11-07T23:52:22.162+0000][gc,cpu        ] GC(418) User=0.02s Sys=0.00s Real=0.01s
[2025-11-07T23:52:37.397+0000][gc,start      ] GC(419) Pause Young (Normal) (G1 Evacuation Pause)
[2025-11-07T23:52:37.398+0000][gc,task       ] GC(419) Using 2 workers of 2 for evacuation
[2025-11-07T23:52:37.409+0000][gc,phases     ] GC(419)   Pre Evacuate Collection Set: 0.0ms
[2025-11-07T23:52:37.409+0000][gc,phases     ] GC(419)   Evacuate Collection Set: 8.4ms
[2025-11-07T23:52:37.410+0000][gc,phases     ] GC(419)   Post Evacuate Collection Set: 1.9ms
[2025-11-07T23:52:37.410+0000][gc,phases     ] GC(419)   Other: 1.0ms
[2025-11-07T23:52:37.411+0000][gc,heap       ] GC(419) Eden regions: 68->0(69)
[2025-11-07T23:52:37.411+0000][gc,heap       ] GC(419) Survivor regions: 2->3(9)
[2025-11-07T23:52:37.412+0000][gc,heap       ] GC(419) Old regions: 305->305
[2025-11-07T23:52:37.412+0000][gc,heap       ] GC(419) Humongous regions: 147->147
[2025-11-07T23:52:37.413+0000][gc,metaspace  ] GC(419) Metaspace: 53273K(56348K)->53273K(56348K) NonClass: 47370K(48976K)->47370K(48976K) Class: 5903K(7372K)->5903K(7372K)
[2025-11-07T23:52:37.413+0000][gc            ] GC(419) Pause Young (Normal) (G1 Evacuation Pause) 521M->454M(684M) 15.448ms
[2025-11-07T23:52:37.413+0000][gc,cpu        ] GC(419) User=0.02s Sys=0.00s Real=0.01s
[2025-11-07T23:52:52.563+0000][gc,start      ] GC(420) Pause Young (Normal) (G1 Evacuation Pause)
[2025-11-07T23:52:52.563+0000][gc,task       ] GC(420) Using 2 workers of 2 for evacuation
[2025-11-07T23:52:52.574+0000][gc,phases     ] GC(420)   Pre Evacuate Collection Set: 0.1ms
[2025-11-07T23:52:52.574+0000][gc,phases     ] GC(420)   Evacuate Collection Set: 9.4ms
[2025-11-07T23:52:52.575+0000][gc,phases     ] GC(420)   Post Evacuate Collection Set: 1.3ms
[2025-11-07T23:52:52.575+0000][gc,phases     ] GC(420)   Other: 0.9ms
[2025-11-07T23:52:52.575+0000][gc,heap       ] GC(420) Eden regions: 67->0(71)
[2025-11-07T23:52:52.575+0000][gc,heap       ] GC(420) Survivor regions: 3->4(9)
[2025-11-07T23:52:52.576+0000][gc,heap       ] GC(420) Old regions: 305->305
[2025-11-07T23:52:52.576+0000][gc,heap       ] GC(420) Humongous regions: 147->147
[2025-11-07T23:52:52.576+0000][gc,metaspace  ] GC(420) Metaspace: 53273K(56348K)->53273K(56348K) NonClass: 47370K(48976K)->47370K(48976K) Class: 5903K(7372K)->5903K(7372K)
[2025-11-07T23:52:52.576+0000][gc            ] GC(420) Pause Young (Normal) (G1 Evacuation Pause) 521M->455M(684M) 13.648ms
[2025-11-07T23:52:52.576+0000][gc,cpu        ] GC(420) User=0.02s Sys=0.00s Real=0.01s
[2025-11-07T23:53:08.409+0000][gc,start      ] GC(421) Pause Young (Normal) (G1 Evacuation Pause)
[2025-11-07T23:53:08.410+0000][gc,task       ] GC(421) Using 2 workers of 2 for evacuation
[2025-11-07T23:53:08.430+0000][gc,phases     ] GC(421)   Pre Evacuate Collection Set: 0.1ms
[2025-11-07T23:53:08.430+0000][gc,phases     ] GC(421)   Evacuate Collection Set: 18.2ms
[2025-11-07T23:53:08.431+0000][gc,phases     ] GC(421)   Post Evacuate Collection Set: 1.0ms
[2025-11-07T23:53:08.431+0000][gc,phases     ] GC(421)   Other: 1.4ms
[2025-11-07T23:53:08.431+0000][gc,heap       ] GC(421) Eden regions: 69->0(68)
[2025-11-07T23:53:08.431+0000][gc,heap       ] GC(421) Survivor regions: 4->4(10)
[2025-11-07T23:53:08.432+0000][gc,heap       ] GC(421) Old regions: 305->305
[2025-11-07T23:53:08.432+0000][gc,heap       ] GC(421) Humongous regions: 147->147
[2025-11-07T23:53:08.432+0000][gc,metaspace  ] GC(421) Metaspace: 53273K(56348K)->53273K(56348K) NonClass: 47370K(48976K)->47370K(48976K) Class: 5903K(7372K)->5903K(7372K)
[2025-11-07T23:53:08.432+0000][gc            ] GC(421) Pause Young (Normal) (G1 Evacuation Pause) 524M->455M(684M) 23.314ms
[2025-11-07T23:53:08.433+0000][gc,cpu        ] GC(421) User=0.04s Sys=0.00s Real=0.02s
[2025-11-07T23:53:22.828+0000][gc,start      ] GC(422) Pause Young (Normal) (G1 Evacuation Pause)
[2025-11-07T23:53:22.829+0000][gc,task       ] GC(422) Using 2 workers of 2 for evacuation
[2025-11-07T23:53:22.844+0000][gc,phases     ] GC(422)   Pre Evacuate Collection Set: 0.0ms
[2025-11-07T23:53:22.844+0000][gc,phases     ] GC(422)   Evacuate Collection Set: 13.9ms
[2025-11-07T23:53:22.844+0000][gc,phases     ] GC(422)   Post Evacuate Collection Set: 0.8ms
[2025-11-07T23:53:22.845+0000][gc,phases     ] GC(422)   Other: 1.0ms
[2025-11-07T23:53:22.845+0000][gc,heap       ] GC(422) Eden regions: 63->0(67)
[2025-11-07T23:53:22.845+0000][gc,heap       ] GC(422) Survivor regions: 4->5(9)
[2025-11-07T23:53:22.848+0000][gc,heap       ] GC(422) Old regions: 305->305
[2025-11-07T23:53:22.848+0000][gc,heap       ] GC(422) Humongous regions: 147->147
[2025-11-07T23:53:22.848+0000][gc,metaspace  ] GC(422) Metaspace: 53273K(56348K)->53273K(56348K) NonClass: 47370K(48976K)->47370K(48976K) Class: 5903K(7372K)->5903K(7372K)
[2025-11-07T23:53:22.849+0000][gc            ] GC(422) Pause Young (Normal) (G1 Evacuation Pause) 518M->456M(684M) 20.247ms
[2025-11-07T23:53:22.849+0000][gc,cpu        ] GC(422) User=0.03s Sys=0.00s Real=0.02s
[2025-11-07T23:53:37.490+0000][gc,start      ] GC(423) Pause Young (Normal) (G1 Evacuation Pause)
[2025-11-07T23:53:37.491+0000][gc,task       ] GC(423) Using 2 workers of 2 for evacuation
[2025-11-07T23:53:37.506+0000][gc,phases     ] GC(423)   Pre Evacuate Collection Set: 0.0ms
[2025-11-07T23:53:37.507+0000][gc,phases     ] GC(423)   Evacuate Collection Set: 11.6ms
[2025-11-07T23:53:37.507+0000][gc,phases     ] GC(423)   Post Evacuate Collection Set: 3.3ms
[2025-11-07T23:53:37.507+0000][gc,phases     ] GC(423)   Other: 1.1ms
[2025-11-07T23:53:37.507+0000][gc,heap       ] GC(423) Eden regions: 65->0(68)
[2025-11-07T23:53:37.507+0000][gc,heap       ] GC(423) Survivor regions: 5->5(9)
[2025-11-07T23:53:37.508+0000][gc,heap       ] GC(423) Old regions: 305->305
[2025-11-07T23:53:37.508+0000][gc,heap       ] GC(423) Humongous regions: 147->147
[2025-11-07T23:53:37.508+0000][gc,metaspace  ] GC(423) Metaspace: 53273K(56348K)->53273K(56348K) NonClass: 47370K(48976K)->47370K(48976K) Class: 5903K(7372K)->5903K(7372K)
[2025-11-07T23:53:37.508+0000][gc            ] GC(423) Pause Young (Normal) (G1 Evacuation Pause) 521M->456M(684M) 17.999ms
[2025-11-07T23:53:37.511+0000][gc,cpu        ] GC(423) User=0.03s Sys=0.00s Real=0.02s
[2025-11-07T23:53:52.090+0000][gc,start      ] GC(424) Pause Young (Normal) (G1 Evacuation Pause)
[2025-11-07T23:53:52.090+0000][gc,task       ] GC(424) Using 2 workers of 2 for evacuation
[2025-11-07T23:53:52.101+0000][gc,phases     ] GC(424)   Pre Evacuate Collection Set: 0.0ms
[2025-11-07T23:53:52.101+0000][gc,phases     ] GC(424)   Evacuate Collection Set: 10.0ms
[2025-11-07T23:53:52.102+0000][gc,phases     ] GC(424)   Post Evacuate Collection Set: 0.7ms
[2025-11-07T23:53:52.102+0000][gc,phases     ] GC(424)   Other: 0.7ms
[2025-11-07T23:53:52.102+0000][gc,heap       ] GC(424) Eden regions: 64->0(70)
[2025-11-07T23:53:52.104+0000][gc,heap       ] GC(424) Survivor regions: 5->5(9)
[2025-11-07T23:53:52.105+0000][gc,heap       ] GC(424) Old regions: 305->305
[2025-11-07T23:53:52.105+0000][gc,heap       ] GC(424) Humongous regions: 147->147
[2025-11-07T23:53:52.106+0000][gc,metaspace  ] GC(424) Metaspace: 53273K(56348K)->53273K(56348K) NonClass: 47370K(48976K)->47370K(48976K) Class: 5903K(7372K)->5903K(7372K)
[2025-11-07T23:53:52.106+0000][gc            ] GC(424) Pause Young (Normal) (G1 Evacuation Pause) 520M->456M(684M) 16.172ms
[2025-11-07T23:53:52.106+0000][gc,cpu        ] GC(424) User=0.02s Sys=0.00s Real=0.01s
[2025-11-07T23:54:07.974+0000][gc,start      ] GC(425) Pause Young (Normal) (G1 Evacuation Pause)
[2025-11-07T23:54:07.975+0000][gc,task       ] GC(425) Using 2 workers of 2 for evacuation
[2025-11-07T23:54:07.990+0000][gc,phases     ] GC(425)   Pre Evacuate Collection Set: 0.0ms
[2025-11-07T23:54:07.990+0000][gc,phases     ] GC(425)   Evacuate Collection Set: 11.8ms
[2025-11-07T23:54:07.990+0000][gc,phases     ] GC(425)   Post Evacuate Collection Set: 1.9ms
[2025-11-07T23:54:07.990+0000][gc,phases     ] GC(425)   Other: 1.8ms
[2025-11-07T23:54:07.991+0000][gc,heap       ] GC(425) Eden regions: 70->0(73)
[2025-11-07T23:54:07.991+0000][gc,heap       ] GC(425) Survivor regions: 5->6(10)
[2025-11-07T23:54:07.991+0000][gc,heap       ] GC(425) Old regions: 305->305
[2025-11-07T23:54:07.991+0000][gc,heap       ] GC(425) Humongous regions: 147->147
[2025-11-07T23:54:07.992+0000][gc,metaspace  ] GC(425) Metaspace: 53273K(56348K)->53273K(56348K) NonClass: 47370K(48976K)->47370K(48976K) Class: 5903K(7372K)->5903K(7372K)
[2025-11-07T23:54:07.993+0000][gc            ] GC(425) Pause Young (Normal) (G1 Evacuation Pause) 526M->457M(684M) 18.487ms
[2025-11-07T23:54:07.993+0000][gc,cpu        ] GC(425) User=0.02s Sys=0.00s Real=0.02s
[2025-11-07T23:54:24.530+0000][gc,start      ] GC(426) Pause Young (Normal) (G1 Evacuation Pause)
[2025-11-07T23:54:24.530+0000][gc,task       ] GC(426) Using 2 workers of 2 for evacuation
[2025-11-07T23:54:24.606+0000][gc,mmu        ] GC(426) MMU target violated: 21.0ms (20.0ms/21.0ms)
[2025-11-07T23:54:24.606+0000][gc,phases     ] GC(426)   Pre Evacuate Collection Set: 0.0ms
[2025-11-07T23:54:24.606+0000][gc,phases     ] GC(426)   Evacuate Collection Set: 74.2ms
[2025-11-07T23:54:24.606+0000][gc,phases     ] GC(426)   Post Evacuate Collection Set: 1.0ms
[2025-11-07T23:54:24.607+0000][gc,phases     ] GC(426)   Other: 1.3ms
[2025-11-07T23:54:24.607+0000][gc,heap       ] GC(426) Eden regions: 73->0(27)
[2025-11-07T23:54:24.608+0000][gc,heap       ] GC(426) Survivor regions: 6->7(10)
[2025-11-07T23:54:24.627+0000][gc,heap       ] GC(426) Old regions: 305->306
[2025-11-07T23:54:24.627+0000][gc,heap       ] GC(426) Humongous regions: 147->147
[2025-11-07T23:54:24.628+0000][gc,metaspace  ] GC(426) Metaspace: 53273K(56348K)->53273K(56348K) NonClass: 47370K(48976K)->47370K(48976K) Class: 5903K(7372K)->5903K(7372K)
[2025-11-07T23:54:24.628+0000][gc            ] GC(426) Pause Young (Normal) (G1 Evacuation Pause) 530M->458M(684M) 98.465ms
[2025-11-07T23:54:24.628+0000][gc,cpu        ] GC(426) User=0.12s Sys=0.03s Real=0.09s
[2025-11-07T23:54:30.691+0000][gc,start      ] GC(427) Pause Young (Normal) (G1 Evacuation Pause)
[2025-11-07T23:54:30.691+0000][gc,task       ] GC(427) Using 2 workers of 2 for evacuation
[2025-11-07T23:54:30.708+0000][gc,phases     ] GC(427)   Pre Evacuate Collection Set: 0.0ms
[2025-11-07T23:54:30.709+0000][gc,phases     ] GC(427)   Evacuate Collection Set: 15.3ms
[2025-11-07T23:54:30.709+0000][gc,phases     ] GC(427)   Post Evacuate Collection Set: 0.8ms
[2025-11-07T23:54:30.709+0000][gc,phases     ] GC(427)   Other: 0.7ms
[2025-11-07T23:54:30.709+0000][gc,heap       ] GC(427) Eden regions: 27->0(32)
[2025-11-07T23:54:30.710+0000][gc,heap       ] GC(427) Survivor regions: 7->2(5)
[2025-11-07T23:54:30.710+0000][gc,heap       ] GC(427) Old regions: 306->310
[2025-11-07T23:54:30.710+0000][gc,heap       ] GC(427) Humongous regions: 147->147
[2025-11-07T23:54:30.710+0000][gc,metaspace  ] GC(427) Metaspace: 53273K(56348K)->53273K(56348K) NonClass: 47370K(48976K)->47370K(48976K) Class: 5903K(7372K)->5903K(7372K)
[2025-11-07T23:54:30.711+0000][gc            ] GC(427) Pause Young (Normal) (G1 Evacuation Pause) 485M->458M(684M) 19.637ms
[2025-11-07T23:54:30.711+0000][gc,cpu        ] GC(427) User=0.03s Sys=0.00s Real=0.02s
[2025-11-07T23:54:37.905+0000][gc,start      ] GC(428) Pause Young (Normal) (G1 Evacuation Pause)
[2025-11-07T23:54:37.907+0000][gc,task       ] GC(428) Using 2 workers of 2 for evacuation
[2025-11-07T23:54:37.914+0000][gc,phases     ] GC(428)   Pre Evacuate Collection Set: 0.0ms
[2025-11-07T23:54:37.914+0000][gc,phases     ] GC(428)   Evacuate Collection Set: 5.8ms
[2025-11-07T23:54:37.915+0000][gc,phases     ] GC(428)   Post Evacuate Collection Set: 0.7ms
[2025-11-07T23:54:37.915+0000][gc,phases     ] GC(428)   Other: 2.8ms
[2025-11-07T23:54:37.915+0000][gc,heap       ] GC(428) Eden regions: 32->0(34)
[2025-11-07T23:54:37.915+0000][gc,heap       ] GC(428) Survivor regions: 2->2(5)
[2025-11-07T23:54:37.915+0000][gc,heap       ] GC(428) Old regions: 310->310
[2025-11-07T23:54:37.916+0000][gc,heap       ] GC(428) Humongous regions: 147->147
[2025-11-07T23:54:37.916+0000][gc,metaspace  ] GC(428) Metaspace: 53273K(56348K)->53273K(56348K) NonClass: 47370K(48976K)->47370K(48976K) Class: 5903K(7372K)->5903K(7372K)
[2025-11-07T23:54:37.916+0000][gc            ] GC(428) Pause Young (Normal) (G1 Evacuation Pause) 490M->458M(684M) 11.085ms
[2025-11-07T23:54:37.916+0000][gc,cpu        ] GC(428) User=0.01s Sys=0.00s Real=0.01s
[2025-11-07T23:54:45.497+0000][gc,start      ] GC(429) Pause Young (Normal) (G1 Evacuation Pause)
[2025-11-07T23:54:45.497+0000][gc,task       ] GC(429) Using 2 workers of 2 for evacuation
[2025-11-07T23:54:45.505+0000][gc,phases     ] GC(429)   Pre Evacuate Collection Set: 0.0ms
[2025-11-07T23:54:45.505+0000][gc,phases     ] GC(429)   Evacuate Collection Set: 6.5ms
[2025-11-07T23:54:45.505+0000][gc,phases     ] GC(429)   Post Evacuate Collection Set: 0.8ms
[2025-11-07T23:54:45.506+0000][gc,phases     ] GC(429)   Other: 0.6ms
[2025-11-07T23:54:45.506+0000][gc,heap       ] GC(429) Eden regions: 34->0(36)
[2025-11-07T23:54:45.506+0000][gc,heap       ] GC(429) Survivor regions: 2->3(5)
[2025-11-07T23:54:45.506+0000][gc,heap       ] GC(429) Old regions: 310->310
[2025-11-07T23:54:45.506+0000][gc,heap       ] GC(429) Humongous regions: 147->147
[2025-11-07T23:54:45.507+0000][gc,metaspace  ] GC(429) Metaspace: 53273K(56348K)->53273K(56348K) NonClass: 47370K(48976K)->47370K(48976K) Class: 5903K(7372K)->5903K(7372K)
[2025-11-07T23:54:45.507+0000][gc            ] GC(429) Pause Young (Normal) (G1 Evacuation Pause) 492M->458M(684M) 9.785ms
[2025-11-07T23:54:45.507+0000][gc,cpu        ] GC(429) User=0.01s Sys=0.00s Real=0.01s
[2025-11-07T23:54:53.527+0000][gc,start      ] GC(430) Pause Young (Normal) (G1 Evacuation Pause)
[2025-11-07T23:54:53.528+0000][gc,task       ] GC(430) Using 2 workers of 2 for evacuation
[2025-11-07T23:54:53.536+0000][gc,phases     ] GC(430)   Pre Evacuate Collection Set: 0.0ms
[2025-11-07T23:54:53.537+0000][gc,phases     ] GC(430)   Evacuate Collection Set: 7.6ms
[2025-11-07T23:54:53.537+0000][gc,phases     ] GC(430)   Post Evacuate Collection Set: 0.5ms
[2025-11-07T23:54:53.537+0000][gc,phases     ] GC(430)   Other: 1.1ms
[2025-11-07T23:54:53.538+0000][gc,heap       ] GC(430) Eden regions: 36->0(38)
[2025-11-07T23:54:53.538+0000][gc,heap       ] GC(430) Survivor regions: 3->3(5)
[2025-11-07T23:54:53.538+0000][gc,heap       ] GC(430) Old regions: 310->310
[2025-11-07T23:54:53.538+0000][gc,heap       ] GC(430) Humongous regions: 147->147
[2025-11-07T23:54:53.538+0000][gc,metaspace  ] GC(430) Metaspace: 53273K(56348K)->53273K(56348K) NonClass: 47370K(48976K)->47370K(48976K) Class: 5903K(7372K)->5903K(7372K)
[2025-11-07T23:54:53.538+0000][gc            ] GC(430) Pause Young (Normal) (G1 Evacuation Pause) 494M->458M(684M) 11.188ms
[2025-11-07T23:54:53.539+0000][gc,cpu        ] GC(430) User=0.02s Sys=0.00s Real=0.01s
[2025-11-07T23:55:02.138+0000][gc,start      ] GC(431) Pause Young (Normal) (G1 Evacuation Pause)
[2025-11-07T23:55:02.139+0000][gc,task       ] GC(431) Using 2 workers of 2 for evacuation
[2025-11-07T23:55:02.147+0000][gc,phases     ] GC(431)   Pre Evacuate Collection Set: 0.0ms
[2025-11-07T23:55:02.148+0000][gc,phases     ] GC(431)   Evacuate Collection Set: 7.5ms
[2025-11-07T23:55:02.148+0000][gc,phases     ] GC(431)   Post Evacuate Collection Set: 0.7ms
[2025-11-07T23:55:02.148+0000][gc,phases     ] GC(431)   Other: 0.8ms
[2025-11-07T23:55:02.148+0000][gc,heap       ] GC(431) Eden regions: 38->0(40)
[2025-11-07T23:55:02.148+0000][gc,heap       ] GC(431) Survivor regions: 3->4(6)
[2025-11-07T23:55:02.149+0000][gc,heap       ] GC(431) Old regions: 310->310
[2025-11-07T23:55:02.149+0000][gc,heap       ] GC(431) Humongous regions: 147->147
[2025-11-07T23:55:02.149+0000][gc,metaspace  ] GC(431) Metaspace: 53273K(56348K)->53273K(56348K) NonClass: 47370K(48976K)->47370K(48976K) Class: 5903K(7372K)->5903K(7372K)
[2025-11-07T23:55:02.149+0000][gc            ] GC(431) Pause Young (Normal) (G1 Evacuation Pause) 496M->459M(684M) 10.717ms
[2025-11-07T23:55:02.149+0000][gc,cpu        ] GC(431) User=0.01s Sys=0.00s Real=0.01s
[2025-11-07T23:55:11.153+0000][gc,start      ] GC(432) Pause Young (Normal) (G1 Evacuation Pause)
[2025-11-07T23:55:11.153+0000][gc,task       ] GC(432) Using 2 workers of 2 for evacuation
[2025-11-07T23:55:11.161+0000][gc,phases     ] GC(432)   Pre Evacuate Collection Set: 0.0ms
[2025-11-07T23:55:11.162+0000][gc,phases     ] GC(432)   Evacuate Collection Set: 7.4ms
[2025-11-07T23:55:11.162+0000][gc,phases     ] GC(432)   Post Evacuate Collection Set: 0.7ms
[2025-11-07T23:55:11.162+0000][gc,phases     ] GC(432)   Other: 0.7ms
[2025-11-07T23:55:11.162+0000][gc,heap       ] GC(432) Eden regions: 40->0(45)
[2025-11-07T23:55:11.162+0000][gc,heap       ] GC(432) Survivor regions: 4->3(6)
[2025-11-07T23:55:11.163+0000][gc,heap       ] GC(432) Old regions: 310->310
[2025-11-07T23:55:11.163+0000][gc,heap       ] GC(432) Humongous regions: 147->147
[2025-11-07T23:55:11.163+0000][gc,metaspace  ] GC(432) Metaspace: 53273K(56348K)->53273K(56348K) NonClass: 47370K(48976K)->47370K(48976K) Class: 5903K(7372K)->5903K(7372K)
[2025-11-07T23:55:11.163+0000][gc            ] GC(432) Pause Young (Normal) (G1 Evacuation Pause) 499M->458M(684M) 10.622ms
[2025-11-07T23:55:11.163+0000][gc,cpu        ] GC(432) User=0.02s Sys=0.00s Real=0.01s
[2025-11-07T23:55:21.310+0000][gc,start      ] GC(433) Pause Young (Normal) (G1 Evacuation Pause)
[2025-11-07T23:55:21.311+0000][gc,task       ] GC(433) Using 2 workers of 2 for evacuation
[2025-11-07T23:55:21.326+0000][gc,phases     ] GC(433)   Pre Evacuate Collection Set: 0.1ms
[2025-11-07T23:55:21.326+0000][gc,phases     ] GC(433)   Evacuate Collection Set: 13.8ms
[2025-11-07T23:55:21.327+0000][gc,phases     ] GC(433)   Post Evacuate Collection Set: 0.9ms
[2025-11-07T23:55:21.327+0000][gc,phases     ] GC(433)   Other: 1.6ms
[2025-11-07T23:55:21.328+0000][gc,heap       ] GC(433) Eden regions: 45->0(44)
[2025-11-07T23:55:21.328+0000][gc,heap       ] GC(433) Survivor regions: 3->4(6)
[2025-11-07T23:55:21.328+0000][gc,heap       ] GC(433) Old regions: 310->310
[2025-11-07T23:55:21.328+0000][gc,heap       ] GC(433) Humongous regions: 147->147
[2025-11-07T23:55:21.329+0000][gc,metaspace  ] GC(433) Metaspace: 53273K(56348K)->53273K(56348K) NonClass: 47370K(48976K)->47370K(48976K) Class: 5903K(7372K)->5903K(7372K)
[2025-11-07T23:55:21.329+0000][gc            ] GC(433) Pause Young (Normal) (G1 Evacuation Pause) 503M->460M(684M) 19.185ms
[2025-11-07T23:55:21.329+0000][gc,cpu        ] GC(433) User=0.03s Sys=0.00s Real=0.02s
[2025-11-07T23:55:30.816+0000][gc,start      ] GC(434) Pause Young (Normal) (G1 Evacuation Pause)
[2025-11-07T23:55:30.816+0000][gc,task       ] GC(434) Using 2 workers of 2 for evacuation
[2025-11-07T23:55:30.826+0000][gc,phases     ] GC(434)   Pre Evacuate Collection Set: 0.0ms
[2025-11-07T23:55:30.826+0000][gc,phases     ] GC(434)   Evacuate Collection Set: 8.7ms
[2025-11-07T23:55:30.827+0000][gc,phases     ] GC(434)   Post Evacuate Collection Set: 0.9ms
[2025-11-07T23:55:30.827+0000][gc,phases     ] GC(434)   Other: 0.6ms
[2025-11-07T23:55:30.827+0000][gc,heap       ] GC(434) Eden regions: 42->0(46)
[2025-11-07T23:55:30.827+0000][gc,heap       ] GC(434) Survivor regions: 4->3(6)
[2025-11-07T23:55:30.827+0000][gc,heap       ] GC(434) Old regions: 310->311
[2025-11-07T23:55:30.828+0000][gc,heap       ] GC(434) Humongous regions: 147->147
[2025-11-07T23:55:30.828+0000][gc,metaspace  ] GC(434) Metaspace: 53273K(56348K)->53273K(56348K) NonClass: 47370K(48976K)->47370K(48976K) Class: 5903K(7372K)->5903K(7372K)
[2025-11-07T23:55:30.828+0000][gc            ] GC(434) Pause Young (Normal) (G1 Evacuation Pause) 502M->459M(684M) 11.899ms
[2025-11-07T23:55:30.828+0000][gc,cpu        ] GC(434) User=0.02s Sys=0.00s Real=0.01s
[2025-11-07T23:55:41.223+0000][gc,start      ] GC(435) Pause Young (Normal) (G1 Evacuation Pause)
[2025-11-07T23:55:41.223+0000][gc,task       ] GC(435) Using 2 workers of 2 for evacuation
[2025-11-07T23:55:41.233+0000][gc,phases     ] GC(435)   Pre Evacuate Collection Set: 0.0ms
[2025-11-07T23:55:41.233+0000][gc,phases     ] GC(435)   Evacuate Collection Set: 8.7ms
[2025-11-07T23:55:41.233+0000][gc,phases     ] GC(435)   Post Evacuate Collection Set: 0.9ms
[2025-11-07T23:55:41.234+0000][gc,phases     ] GC(435)   Other: 0.7ms
[2025-11-07T23:55:41.234+0000][gc,heap       ] GC(435) Eden regions: 46->0(50)
[2025-11-07T23:55:41.234+0000][gc,heap       ] GC(435) Survivor regions: 3->3(7)
[2025-11-07T23:55:41.234+0000][gc,heap       ] GC(435) Old regions: 311->311
[2025-11-07T23:55:41.234+0000][gc,heap       ] GC(435) Humongous regions: 147->147
[2025-11-07T23:55:41.235+0000][gc,metaspace  ] GC(435) Metaspace: 53273K(56348K)->53273K(56348K) NonClass: 47370K(48976K)->47370K(48976K) Class: 5903K(7372K)->5903K(7372K)
[2025-11-07T23:55:41.235+0000][gc            ] GC(435) Pause Young (Normal) (G1 Evacuation Pause) 505M->459M(684M) 12.172ms
[2025-11-07T23:55:41.235+0000][gc,cpu        ] GC(435) User=0.02s Sys=0.00s Real=0.01s
[2025-11-07T23:55:52.740+0000][gc,start      ] GC(436) Pause Young (Normal) (G1 Evacuation Pause)
[2025-11-07T23:55:52.740+0000][gc,task       ] GC(436) Using 2 workers of 2 for evacuation
[2025-11-07T23:55:52.750+0000][gc,phases     ] GC(436)   Pre Evacuate Collection Set: 0.0ms
[2025-11-07T23:55:52.750+0000][gc,phases     ] GC(436)   Evacuate Collection Set: 8.2ms
[2025-11-07T23:55:52.751+0000][gc,phases     ] GC(436)   Post Evacuate Collection Set: 1.0ms
[2025-11-07T23:55:52.751+0000][gc,phases     ] GC(436)   Other: 0.9ms
[2025-11-07T23:55:52.751+0000][gc,heap       ] GC(436) Eden regions: 50->0(53)
[2025-11-07T23:55:52.752+0000][gc,heap       ] GC(436) Survivor regions: 3->3(7)
[2025-11-07T23:55:52.752+0000][gc,heap       ] GC(436) Old regions: 311->311
[2025-11-07T23:55:52.752+0000][gc,heap       ] GC(436) Humongous regions: 147->147
[2025-11-07T23:55:52.753+0000][gc,metaspace  ] GC(436) Metaspace: 53273K(56348K)->53273K(56348K) NonClass: 47370K(48976K)->47370K(48976K) Class: 5903K(7372K)->5903K(7372K)
[2025-11-07T23:55:52.753+0000][gc            ] GC(436) Pause Young (Normal) (G1 Evacuation Pause) 509M->460M(684M) 12.795ms
[2025-11-07T23:55:52.753+0000][gc,cpu        ] GC(436) User=0.02s Sys=0.00s Real=0.02s
[2025-11-07T23:56:04.790+0000][gc,start      ] GC(437) Pause Young (Normal) (G1 Evacuation Pause)
[2025-11-07T23:56:04.790+0000][gc,task       ] GC(437) Using 2 workers of 2 for evacuation
[2025-11-07T23:56:04.801+0000][gc,phases     ] GC(437)   Pre Evacuate Collection Set: 0.0ms
[2025-11-07T23:56:04.801+0000][gc,phases     ] GC(437)   Evacuate Collection Set: 9.2ms
[2025-11-07T23:56:04.802+0000][gc,phases     ] GC(437)   Post Evacuate Collection Set: 0.9ms
[2025-11-07T23:56:04.802+0000][gc,phases     ] GC(437)   Other: 1.0ms
[2025-11-07T23:56:04.802+0000][gc,heap       ] GC(437) Eden regions: 53->0(58)
[2025-11-07T23:56:04.802+0000][gc,heap       ] GC(437) Survivor regions: 3->4(7)
[2025-11-07T23:56:04.803+0000][gc,heap       ] GC(437) Old regions: 311->311
[2025-11-07T23:56:04.803+0000][gc,heap       ] GC(437) Humongous regions: 147->147
[2025-11-07T23:56:04.803+0000][gc,metaspace  ] GC(437) Metaspace: 53273K(56348K)->53273K(56348K) NonClass: 47370K(48976K)->47370K(48976K) Class: 5903K(7372K)->5903K(7372K)
[2025-11-07T23:56:04.803+0000][gc            ] GC(437) Pause Young (Normal) (G1 Evacuation Pause) 513M->460M(684M) 13.430ms
[2025-11-07T23:56:04.804+0000][gc,cpu        ] GC(437) User=0.02s Sys=0.00s Real=0.02s
[2025-11-07T23:56:17.449+0000][gc,start      ] GC(438) Pause Young (Normal) (G1 Evacuation Pause)
[2025-11-07T23:56:17.450+0000][gc,task       ] GC(438) Using 2 workers of 2 for evacuation
[2025-11-07T23:56:17.465+0000][gc,phases     ] GC(438)   Pre Evacuate Collection Set: 0.3ms
[2025-11-07T23:56:17.465+0000][gc,phases     ] GC(438)   Evacuate Collection Set: 13.2ms
[2025-11-07T23:56:17.466+0000][gc,phases     ] GC(438)   Post Evacuate Collection Set: 0.9ms
[2025-11-07T23:56:17.466+0000][gc,phases     ] GC(438)   Other: 1.1ms
[2025-11-07T23:56:17.467+0000][gc,heap       ] GC(438) Eden regions: 55->0(57)
[2025-11-07T23:56:17.467+0000][gc,heap       ] GC(438) Survivor regions: 4->5(8)
[2025-11-07T23:56:17.467+0000][gc,heap       ] GC(438) Old regions: 311->311
[2025-11-07T23:56:17.467+0000][gc,heap       ] GC(438) Humongous regions: 147->147
[2025-11-07T23:56:17.468+0000][gc,metaspace  ] GC(438) Metaspace: 53273K(56348K)->53273K(56348K) NonClass: 47370K(48976K)->47370K(48976K) Class: 5903K(7372K)->5903K(7372K)
[2025-11-07T23:56:17.468+0000][gc            ] GC(438) Pause Young (Normal) (G1 Evacuation Pause) 515M->461M(684M) 18.565ms
[2025-11-07T23:56:17.468+0000][gc,cpu        ] GC(438) User=0.03s Sys=0.00s Real=0.02s
[2025-11-07T23:56:30.416+0000][gc,start      ] GC(439) Pause Young (Normal) (G1 Evacuation Pause)
[2025-11-07T23:56:30.418+0000][gc,task       ] GC(439) Using 2 workers of 2 for evacuation
[2025-11-07T23:56:30.434+0000][gc,phases     ] GC(439)   Pre Evacuate Collection Set: 0.0ms
[2025-11-07T23:56:30.435+0000][gc,phases     ] GC(439)   Evacuate Collection Set: 14.7ms
[2025-11-07T23:56:30.435+0000][gc,phases     ] GC(439)   Post Evacuate Collection Set: 1.3ms
[2025-11-07T23:56:30.435+0000][gc,phases     ] GC(439)   Other: 2.2ms
[2025-11-07T23:56:30.436+0000][gc,heap       ] GC(439) Eden regions: 57->0(57)
[2025-11-07T23:56:30.436+0000][gc,heap       ] GC(439) Survivor regions: 5->4(8)
[2025-11-07T23:56:30.436+0000][gc,heap       ] GC(439) Old regions: 311->311
[2025-11-07T23:56:30.436+0000][gc,heap       ] GC(439) Humongous regions: 147->147
[2025-11-07T23:56:30.437+0000][gc,metaspace  ] GC(439) Metaspace: 53273K(56348K)->53273K(56348K) NonClass: 47370K(48976K)->47370K(48976K) Class: 5903K(7372K)->5903K(7372K)
[2025-11-07T23:56:30.438+0000][gc            ] GC(439) Pause Young (Normal) (G1 Evacuation Pause) 518M->461M(684M) 21.581ms
[2025-11-07T23:56:30.438+0000][gc,cpu        ] GC(439) User=0.03s Sys=0.00s Real=0.02s
[2025-11-07T23:56:42.734+0000][gc,start      ] GC(440) Pause Young (Normal) (G1 Evacuation Pause)
[2025-11-07T23:56:42.734+0000][gc,task       ] GC(440) Using 2 workers of 2 for evacuation
[2025-11-07T23:56:42.750+0000][gc,phases     ] GC(440)   Pre Evacuate Collection Set: 0.0ms
[2025-11-07T23:56:42.750+0000][gc,phases     ] GC(440)   Evacuate Collection Set: 13.2ms
[2025-11-07T23:56:42.751+0000][gc,phases     ] GC(440)   Post Evacuate Collection Set: 1.4ms
[2025-11-07T23:56:42.751+0000][gc,phases     ] GC(440)   Other: 1.4ms
[2025-11-07T23:56:42.751+0000][gc,heap       ] GC(440) Eden regions: 52->0(56)
[2025-11-07T23:56:42.751+0000][gc,heap       ] GC(440) Survivor regions: 4->4(7)
[2025-11-07T23:56:42.752+0000][gc,heap       ] GC(440) Old regions: 311->311
[2025-11-07T23:56:42.752+0000][gc,heap       ] GC(440) Humongous regions: 147->147
[2025-11-07T23:56:42.753+0000][gc,metaspace  ] GC(440) Metaspace: 53273K(56348K)->53273K(56348K) NonClass: 47370K(48976K)->47370K(48976K) Class: 5903K(7372K)->5903K(7372K)
[2025-11-07T23:56:42.753+0000][gc            ] GC(440) Pause Young (Normal) (G1 Evacuation Pause) 513M->461M(684M) 18.868ms
[2025-11-07T23:56:42.753+0000][gc,cpu        ] GC(440) User=0.03s Sys=0.00s Real=0.02s
[2025-11-07T23:56:53.916+0000][gc,start      ] GC(441) Pause Young (Normal) (G1 Evacuation Pause)
[2025-11-07T23:56:53.917+0000][gc,task       ] GC(441) Using 2 workers of 2 for evacuation
[2025-11-07T23:56:53.929+0000][gc,phases     ] GC(441)   Pre Evacuate Collection Set: 0.1ms
[2025-11-07T23:56:53.931+0000][gc,phases     ] GC(441)   Evacuate Collection Set: 11.3ms
[2025-11-07T23:56:53.931+0000][gc,phases     ] GC(441)   Post Evacuate Collection Set: 0.9ms
[2025-11-07T23:56:53.931+0000][gc,phases     ] GC(441)   Other: 0.9ms
[2025-11-07T23:56:53.931+0000][gc,heap       ] GC(441) Eden regions: 48->0(53)
[2025-11-07T23:56:53.931+0000][gc,heap       ] GC(441) Survivor regions: 4->4(7)
[2025-11-07T23:56:53.932+0000][gc,heap       ] GC(441) Old regions: 311->311
[2025-11-07T23:56:53.932+0000][gc,heap       ] GC(441) Humongous regions: 147->147
[2025-11-07T23:56:53.932+0000][gc,metaspace  ] GC(441) Metaspace: 53273K(56348K)->53273K(56348K) NonClass: 47370K(48976K)->47370K(48976K) Class: 5903K(7372K)->5903K(7372K)
[2025-11-07T23:56:53.932+0000][gc            ] GC(441) Pause Young (Normal) (G1 Evacuation Pause) 509M->461M(684M) 15.862ms
[2025-11-07T23:56:53.933+0000][gc,cpu        ] GC(441) User=0.03s Sys=0.00s Real=0.02s
[2025-11-07T23:57:05.240+0000][gc,start      ] GC(442) Pause Young (Normal) (G1 Evacuation Pause)
[2025-11-07T23:57:05.240+0000][gc,task       ] GC(442) Using 2 workers of 2 for evacuation
[2025-11-07T23:57:05.253+0000][gc,phases     ] GC(442)   Pre Evacuate Collection Set: 0.0ms
[2025-11-07T23:57:05.253+0000][gc,phases     ] GC(442)   Evacuate Collection Set: 11.2ms
[2025-11-07T23:57:05.253+0000][gc,phases     ] GC(442)   Post Evacuate Collection Set: 0.7ms
[2025-11-07T23:57:05.253+0000][gc,phases     ] GC(442)   Other: 0.7ms
[2025-11-07T23:57:05.254+0000][gc,heap       ] GC(442) Eden regions: 50->0(54)
[2025-11-07T23:57:05.254+0000][gc,heap       ] GC(442) Survivor regions: 4->4(7)
[2025-11-07T23:57:05.254+0000][gc,heap       ] GC(442) Old regions: 311->312
[2025-11-07T23:57:05.254+0000][gc,heap       ] GC(442) Humongous regions: 147->147
[2025-11-07T23:57:05.255+0000][gc,metaspace  ] GC(442) Metaspace: 53273K(56348K)->53273K(56348K) NonClass: 47370K(48976K)->47370K(48976K) Class: 5903K(7372K)->5903K(7372K)
[2025-11-07T23:57:05.255+0000][gc            ] GC(442) Pause Young (Normal) (G1 Evacuation Pause) 511M->462M(684M) 14.850ms
[2025-11-07T23:57:05.255+0000][gc,cpu        ] GC(442) User=0.02s Sys=0.00s Real=0.02s
[2025-11-07T23:57:17.415+0000][gc,start      ] GC(443) Pause Young (Normal) (G1 Evacuation Pause)
[2025-11-07T23:57:17.415+0000][gc,task       ] GC(443) Using 2 workers of 2 for evacuation
[2025-11-07T23:57:17.430+0000][gc,phases     ] GC(443)   Pre Evacuate Collection Set: 0.0ms
[2025-11-07T23:57:17.431+0000][gc,phases     ] GC(443)   Evacuate Collection Set: 13.7ms
[2025-11-07T23:57:17.431+0000][gc,phases     ] GC(443)   Post Evacuate Collection Set: 0.9ms
[2025-11-07T23:57:17.431+0000][gc,phases     ] GC(443)   Other: 0.9ms
[2025-11-07T23:57:17.432+0000][gc,heap       ] GC(443) Eden regions: 54->0(55)
[2025-11-07T23:57:17.432+0000][gc,heap       ] GC(443) Survivor regions: 4->5(8)
[2025-11-07T23:57:17.432+0000][gc,heap       ] GC(443) Old regions: 312->312
[2025-11-07T23:57:17.433+0000][gc,heap       ] GC(443) Humongous regions: 147->147
[2025-11-07T23:57:17.433+0000][gc,metaspace  ] GC(443) Metaspace: 53273K(56348K)->53273K(56348K) NonClass: 47370K(48976K)->47370K(48976K) Class: 5903K(7372K)->5903K(7372K)
[2025-11-07T23:57:17.434+0000][gc            ] GC(443) Pause Young (Normal) (G1 Evacuation Pause) 516M->463M(684M) 18.811ms
[2025-11-07T23:57:17.434+0000][gc,cpu        ] GC(443) User=0.03s Sys=0.00s Real=0.02s
[2025-11-07T23:57:29.085+0000][gc,start      ] GC(444) Pause Young (Normal) (G1 Evacuation Pause)
[2025-11-07T23:57:29.086+0000][gc,task       ] GC(444) Using 2 workers of 2 for evacuation
[2025-11-07T23:57:29.102+0000][gc,phases     ] GC(444)   Pre Evacuate Collection Set: 0.0ms
[2025-11-07T23:57:29.102+0000][gc,phases     ] GC(444)   Evacuate Collection Set: 14.3ms
[2025-11-07T23:57:29.102+0000][gc,phases     ] GC(444)   Post Evacuate Collection Set: 1.0ms
[2025-11-07T23:57:29.103+0000][gc,phases     ] GC(444)   Other: 1.1ms
[2025-11-07T23:57:29.103+0000][gc,heap       ] GC(444) Eden regions: 52->0(55)
[2025-11-07T23:57:29.104+0000][gc,heap       ] GC(444) Survivor regions: 5->5(8)
[2025-11-07T23:57:29.104+0000][gc,heap       ] GC(444) Old regions: 312->312
[2025-11-07T23:57:29.104+0000][gc,heap       ] GC(444) Humongous regions: 147->147
[2025-11-07T23:57:29.104+0000][gc,metaspace  ] GC(444) Metaspace: 53273K(56348K)->53273K(56348K) NonClass: 47370K(48976K)->47370K(48976K) Class: 5903K(7372K)->5903K(7372K)
[2025-11-07T23:57:29.105+0000][gc            ] GC(444) Pause Young (Normal) (G1 Evacuation Pause) 515M->463M(684M) 19.539ms
[2025-11-07T23:57:29.105+0000][gc,cpu        ] GC(444) User=0.03s Sys=0.00s Real=0.02s
[2025-11-07T23:57:40.478+0000][gc,start      ] GC(445) Pause Young (Normal) (G1 Evacuation Pause)
[2025-11-07T23:57:40.478+0000][gc,task       ] GC(445) Using 2 workers of 2 for evacuation
[2025-11-07T23:57:40.490+0000][gc,phases     ] GC(445)   Pre Evacuate Collection Set: 0.0ms
[2025-11-07T23:57:40.490+0000][gc,phases     ] GC(445)   Evacuate Collection Set: 10.5ms
[2025-11-07T23:57:40.491+0000][gc,phases     ] GC(445)   Post Evacuate Collection Set: 0.9ms
[2025-11-07T23:57:40.491+0000][gc,phases     ] GC(445)   Other: 0.6ms
[2025-11-07T23:57:40.491+0000][gc,heap       ] GC(445) Eden regions: 51->0(57)
[2025-11-07T23:57:40.491+0000][gc,heap       ] GC(445) Survivor regions: 5->4(7)
[2025-11-07T23:57:40.492+0000][gc,heap       ] GC(445) Old regions: 312->313
[2025-11-07T23:57:40.492+0000][gc,heap       ] GC(445) Humongous regions: 147->147
[2025-11-07T23:57:40.492+0000][gc,metaspace  ] GC(445) Metaspace: 53273K(56348K)->53273K(56348K) NonClass: 47370K(48976K)->47370K(48976K) Class: 5903K(7372K)->5903K(7372K)
[2025-11-07T23:57:40.492+0000][gc            ] GC(445) Pause Young (Normal) (G1 Evacuation Pause) 514M->463M(684M) 14.175ms
[2025-11-07T23:57:40.493+0000][gc,cpu        ] GC(445) User=0.02s Sys=0.00s Real=0.02s
[2025-11-07T23:57:53.619+0000][gc,start      ] GC(446) Pause Young (Normal) (G1 Evacuation Pause)
[2025-11-07T23:57:53.620+0000][gc,task       ] GC(446) Using 2 workers of 2 for evacuation
[2025-11-07T23:57:53.630+0000][gc,phases     ] GC(446)   Pre Evacuate Collection Set: 0.0ms
[2025-11-07T23:57:53.631+0000][gc,phases     ] GC(446)   Evacuate Collection Set: 8.2ms
[2025-11-07T23:57:53.631+0000][gc,phases     ] GC(446)   Post Evacuate Collection Set: 1.2ms
[2025-11-07T23:57:53.631+0000][gc,phases     ] GC(446)   Other: 1.6ms
[2025-11-07T23:57:53.631+0000][gc,heap       ] GC(446) Eden regions: 57->0(61)
[2025-11-07T23:57:53.632+0000][gc,heap       ] GC(446) Survivor regions: 4->4(8)
[2025-11-07T23:57:53.632+0000][gc,heap       ] GC(446) Old regions: 313->313
[2025-11-07T23:57:53.632+0000][gc,heap       ] GC(446) Humongous regions: 147->147
[2025-11-07T23:57:53.633+0000][gc,metaspace  ] GC(446) Metaspace: 53273K(56348K)->53273K(56348K) NonClass: 47370K(48976K)->47370K(48976K) Class: 5903K(7372K)->5903K(7372K)
[2025-11-07T23:57:53.633+0000][gc            ] GC(446) Pause Young (Normal) (G1 Evacuation Pause) 520M->463M(684M) 13.470ms
[2025-11-07T23:57:53.633+0000][gc,cpu        ] GC(446) User=0.02s Sys=0.00s Real=0.02s
[2025-11-07T23:58:07.390+0000][gc,start      ] GC(447) Pause Young (Normal) (G1 Evacuation Pause)
[2025-11-07T23:58:07.390+0000][gc,task       ] GC(447) Using 2 workers of 2 for evacuation
[2025-11-07T23:58:07.404+0000][gc,phases     ] GC(447)   Pre Evacuate Collection Set: 0.0ms
[2025-11-07T23:58:07.404+0000][gc,phases     ] GC(447)   Evacuate Collection Set: 12.1ms
[2025-11-07T23:58:07.405+0000][gc,phases     ] GC(447)   Post Evacuate Collection Set: 1.1ms
[2025-11-07T23:58:07.405+0000][gc,phases     ] GC(447)   Other: 0.8ms
[2025-11-07T23:58:07.405+0000][gc,heap       ] GC(447) Eden regions: 61->0(63)
[2025-11-07T23:58:07.405+0000][gc,heap       ] GC(447) Survivor regions: 4->5(9)
[2025-11-07T23:58:07.405+0000][gc,heap       ] GC(447) Old regions: 313->313
[2025-11-07T23:58:07.406+0000][gc,heap       ] GC(447) Humongous regions: 147->147
[2025-11-07T23:58:07.406+0000][gc,metaspace  ] GC(447) Metaspace: 53273K(56348K)->53273K(56348K) NonClass: 47370K(48976K)->47370K(48976K) Class: 5903K(7372K)->5903K(7372K)
[2025-11-07T23:58:07.406+0000][gc            ] GC(447) Pause Young (Normal) (G1 Evacuation Pause) 524M->464M(684M) 16.378ms
[2025-11-07T23:58:07.407+0000][gc,cpu        ] GC(447) User=0.03s Sys=0.00s Real=0.01s
[2025-11-07T23:58:21.172+0000][gc,start      ] GC(448) Pause Young (Normal) (G1 Evacuation Pause)
[2025-11-07T23:58:21.173+0000][gc,task       ] GC(448) Using 2 workers of 2 for evacuation
[2025-11-07T23:58:21.191+0000][gc,phases     ] GC(448)   Pre Evacuate Collection Set: 0.1ms
[2025-11-07T23:58:21.191+0000][gc,phases     ] GC(448)   Evacuate Collection Set: 16.2ms
[2025-11-07T23:58:21.192+0000][gc,phases     ] GC(448)   Post Evacuate Collection Set: 1.2ms
[2025-11-07T23:58:21.192+0000][gc,phases     ] GC(448)   Other: 1.0ms
[2025-11-07T23:58:21.192+0000][gc,heap       ] GC(448) Eden regions: 59->0(60)
[2025-11-07T23:58:21.192+0000][gc,heap       ] GC(448) Survivor regions: 5->4(8)
[2025-11-07T23:58:21.193+0000][gc,heap       ] GC(448) Old regions: 313->314
[2025-11-07T23:58:21.193+0000][gc,heap       ] GC(448) Humongous regions: 147->147
[2025-11-07T23:58:21.193+0000][gc,metaspace  ] GC(448) Metaspace: 53273K(56348K)->53273K(56348K) NonClass: 47370K(48976K)->47370K(48976K) Class: 5903K(7372K)->5903K(7372K)
[2025-11-07T23:58:21.194+0000][gc            ] GC(448) Pause Young (Normal) (G1 Evacuation Pause) 523M->464M(684M) 21.205ms
[2025-11-07T23:58:21.194+0000][gc,cpu        ] GC(448) User=0.03s Sys=0.00s Real=0.02s
[2025-11-07T23:58:34.445+0000][gc,start      ] GC(449) Pause Young (Normal) (G1 Evacuation Pause)
[2025-11-07T23:58:34.446+0000][gc,task       ] GC(449) Using 2 workers of 2 for evacuation
[2025-11-07T23:58:34.460+0000][gc,phases     ] GC(449)   Pre Evacuate Collection Set: 0.0ms
[2025-11-07T23:58:34.460+0000][gc,phases     ] GC(449)   Evacuate Collection Set: 12.3ms
[2025-11-07T23:58:34.460+0000][gc,phases     ] GC(449)   Post Evacuate Collection Set: 1.1ms
[2025-11-07T23:58:34.460+0000][gc,phases     ] GC(449)   Other: 1.0ms
[2025-11-07T23:58:34.461+0000][gc,heap       ] GC(449) Eden regions: 56->0(62)
[2025-11-07T23:58:34.461+0000][gc,heap       ] GC(449) Survivor regions: 4->5(8)
[2025-11-07T23:58:34.461+0000][gc,heap       ] GC(449) Old regions: 314->314
[2025-11-07T23:58:34.461+0000][gc,heap       ] GC(449) Humongous regions: 147->147
[2025-11-07T23:58:34.461+0000][gc,metaspace  ] GC(449) Metaspace: 53273K(56348K)->53273K(56348K) NonClass: 47370K(48976K)->47370K(48976K) Class: 5903K(7372K)->5903K(7372K)
[2025-11-07T23:58:34.462+0000][gc            ] GC(449) Pause Young (Normal) (G1 Evacuation Pause) 520M->465M(684M) 16.277ms
[2025-11-07T23:58:34.462+0000][gc,cpu        ] GC(449) User=0.03s Sys=0.00s Real=0.02s
[2025-11-07T23:58:47.961+0000][gc,start      ] GC(450) Pause Young (Normal) (G1 Evacuation Pause)
[2025-11-07T23:58:47.961+0000][gc,task       ] GC(450) Using 2 workers of 2 for evacuation
[2025-11-07T23:58:47.973+0000][gc,phases     ] GC(450)   Pre Evacuate Collection Set: 0.0ms
[2025-11-07T23:58:47.974+0000][gc,phases     ] GC(450)   Evacuate Collection Set: 10.5ms
[2025-11-07T23:58:47.974+0000][gc,phases     ] GC(450)   Post Evacuate Collection Set: 0.9ms
[2025-11-07T23:58:47.974+0000][gc,phases     ] GC(450)   Other: 0.7ms
[2025-11-07T23:58:47.974+0000][gc,heap       ] GC(450) Eden regions: 58->0(65)
[2025-11-07T23:58:47.975+0000][gc,heap       ] GC(450) Survivor regions: 5->4(8)
[2025-11-07T23:58:47.975+0000][gc,heap       ] GC(450) Old regions: 314->315
[2025-11-07T23:58:47.976+0000][gc,heap       ] GC(450) Humongous regions: 147->147
[2025-11-07T23:58:47.976+0000][gc,metaspace  ] GC(450) Metaspace: 53273K(56348K)->53273K(56348K) NonClass: 47370K(48976K)->47370K(48976K) Class: 5903K(7372K)->5903K(7372K)
[2025-11-07T23:58:47.976+0000][gc            ] GC(450) Pause Young (Normal) (G1 Evacuation Pause) 523M->464M(684M) 14.827ms
[2025-11-07T23:58:47.976+0000][gc,cpu        ] GC(450) User=0.02s Sys=0.00s Real=0.01s
[2025-11-07T23:59:03.811+0000][gc,start      ] GC(451) Pause Young (Normal) (G1 Evacuation Pause)
[2025-11-07T23:59:03.812+0000][gc,task       ] GC(451) Using 2 workers of 2 for evacuation
[2025-11-07T23:59:03.832+0000][gc,mmu        ] GC(451) MMU target violated: 20.3ms (20.0ms/21.0ms)
[2025-11-07T23:59:03.833+0000][gc,phases     ] GC(451)   Pre Evacuate Collection Set: 0.0ms
[2025-11-07T23:59:03.834+0000][gc,phases     ] GC(451)   Evacuate Collection Set: 18.4ms
[2025-11-07T23:59:03.835+0000][gc,phases     ] GC(451)   Post Evacuate Collection Set: 1.6ms
[2025-11-07T23:59:03.836+0000][gc,phases     ] GC(451)   Other: 2.1ms
[2025-11-07T23:59:03.836+0000][gc,heap       ] GC(451) Eden regions: 65->0(60)
[2025-11-07T23:59:03.837+0000][gc,heap       ] GC(451) Survivor regions: 4->4(9)
[2025-11-07T23:59:03.837+0000][gc,heap       ] GC(451) Old regions: 315->315
[2025-11-07T23:59:03.837+0000][gc,heap       ] GC(451) Humongous regions: 147->147
[2025-11-07T23:59:03.838+0000][gc,metaspace  ] GC(451) Metaspace: 53273K(56348K)->53273K(56348K) NonClass: 47370K(48976K)->47370K(48976K) Class: 5903K(7372K)->5903K(7372K)
[2025-11-07T23:59:03.838+0000][gc            ] GC(451) Pause Young (Normal) (G1 Evacuation Pause) 529M->465M(684M) 26.756ms
[2025-11-07T23:59:03.838+0000][gc,cpu        ] GC(451) User=0.04s Sys=0.00s Real=0.02s
[2025-11-07T23:59:16.128+0000][gc,start      ] GC(452) Pause Young (Normal) (G1 Evacuation Pause)
[2025-11-07T23:59:16.129+0000][gc,task       ] GC(452) Using 2 workers of 2 for evacuation
[2025-11-07T23:59:16.144+0000][gc,phases     ] GC(452)   Pre Evacuate Collection Set: 0.0ms
[2025-11-07T23:59:16.145+0000][gc,phases     ] GC(452)   Evacuate Collection Set: 14.0ms
[2025-11-07T23:59:16.145+0000][gc,phases     ] GC(452)   Post Evacuate Collection Set: 1.0ms
[2025-11-07T23:59:16.145+0000][gc,phases     ] GC(452)   Other: 0.9ms
[2025-11-07T23:59:16.145+0000][gc,heap       ] GC(452) Eden regions: 51->0(58)
[2025-11-07T23:59:16.145+0000][gc,heap       ] GC(452) Survivor regions: 4->5(7)
[2025-11-07T23:59:16.146+0000][gc,heap       ] GC(452) Old regions: 315->315
[2025-11-07T23:59:16.146+0000][gc,heap       ] GC(452) Humongous regions: 147->147
[2025-11-07T23:59:16.146+0000][gc,metaspace  ] GC(452) Metaspace: 53273K(56348K)->53273K(56348K) NonClass: 47370K(48976K)->47370K(48976K) Class: 5903K(7372K)->5903K(7372K)
[2025-11-07T23:59:16.147+0000][gc            ] GC(452) Pause Young (Normal) (G1 Evacuation Pause) 516M->465M(684M) 18.261ms
[2025-11-07T23:59:16.147+0000][gc,cpu        ] GC(452) User=0.03s Sys=0.00s Real=0.02s
[2025-11-07T23:59:28.150+0000][gc,start      ] GC(453) Pause Young (Normal) (G1 Evacuation Pause)
[2025-11-07T23:59:28.151+0000][gc,task       ] GC(453) Using 2 workers of 2 for evacuation
[2025-11-07T23:59:28.167+0000][gc,phases     ] GC(453)   Pre Evacuate Collection Set: 0.0ms
[2025-11-07T23:59:28.168+0000][gc,phases     ] GC(453)   Evacuate Collection Set: 14.4ms
[2025-11-07T23:59:28.168+0000][gc,phases     ] GC(453)   Post Evacuate Collection Set: 1.0ms
[2025-11-07T23:59:28.168+0000][gc,phases     ] GC(453)   Other: 1.4ms
[2025-11-07T23:59:28.168+0000][gc,heap       ] GC(453) Eden regions: 52->0(59)
[2025-11-07T23:59:28.168+0000][gc,heap       ] GC(453) Survivor regions: 5->5(8)
[2025-11-07T23:59:28.169+0000][gc,heap       ] GC(453) Old regions: 315->315
[2025-11-07T23:59:28.169+0000][gc,heap       ] GC(453) Humongous regions: 147->147
[2025-11-07T23:59:28.169+0000][gc,metaspace  ] GC(453) Metaspace: 53273K(56348K)->53273K(56348K) NonClass: 47370K(48976K)->47370K(48976K) Class: 5903K(7372K)->5903K(7372K)
[2025-11-07T23:59:28.170+0000][gc            ] GC(453) Pause Young (Normal) (G1 Evacuation Pause) 517M->466M(684M) 19.222ms
[2025-11-07T23:59:28.170+0000][gc,cpu        ] GC(453) User=0.03s Sys=0.00s Real=0.02s
[2025-11-07T23:59:39.548+0000][gc,start      ] GC(454) Pause Young (Normal) (G1 Evacuation Pause)
[2025-11-07T23:59:39.548+0000][gc,task       ] GC(454) Using 2 workers of 2 for evacuation
[2025-11-07T23:59:39.566+0000][gc,phases     ] GC(454)   Pre Evacuate Collection Set: 0.0ms
[2025-11-07T23:59:39.567+0000][gc,phases     ] GC(454)   Evacuate Collection Set: 16.0ms
[2025-11-07T23:59:39.567+0000][gc,phases     ] GC(454)   Post Evacuate Collection Set: 0.9ms
[2025-11-07T23:59:39.567+0000][gc,phases     ] GC(454)   Other: 0.8ms
[2025-11-07T23:59:39.567+0000][gc,heap       ] GC(454) Eden regions: 50->0(55)
[2025-11-07T23:59:39.568+0000][gc,heap       ] GC(454) Survivor regions: 5->4(7)
[2025-11-07T23:59:39.568+0000][gc,heap       ] GC(454) Old regions: 315->316
[2025-11-07T23:59:39.568+0000][gc,heap       ] GC(454) Humongous regions: 147->147
[2025-11-07T23:59:39.568+0000][gc,metaspace  ] GC(454) Metaspace: 53273K(56348K)->53273K(56348K) NonClass: 47370K(48976K)->47370K(48976K) Class: 5903K(7372K)->5903K(7372K)
[2025-11-07T23:59:39.569+0000][gc            ] GC(454) Pause Young (Normal) (G1 Evacuation Pause) 516M->466M(684M) 20.524ms
[2025-11-07T23:59:39.569+0000][gc,cpu        ] GC(454) User=0.03s Sys=0.00s Real=0.02s
[2025-11-07T23:59:51.915+0000][gc,start      ] GC(455) Pause Young (Normal) (G1 Evacuation Pause)
[2025-11-07T23:59:51.915+0000][gc,task       ] GC(455) Using 2 workers of 2 for evacuation
[2025-11-07T23:59:51.926+0000][gc,phases     ] GC(455)   Pre Evacuate Collection Set: 0.0ms
[2025-11-07T23:59:51.927+0000][gc,phases     ] GC(455)   Evacuate Collection Set: 9.9ms
[2025-11-07T23:59:51.927+0000][gc,phases     ] GC(455)   Post Evacuate Collection Set: 0.9ms
[2025-11-07T23:59:51.927+0000][gc,phases     ] GC(455)   Other: 0.6ms
[2025-11-07T23:59:51.928+0000][gc,heap       ] GC(455) Eden regions: 55->0(57)
[2025-11-07T23:59:51.928+0000][gc,heap       ] GC(455) Survivor regions: 4->5(8)
[2025-11-07T23:59:51.928+0000][gc,heap       ] GC(455) Old regions: 316->316
[2025-11-07T23:59:51.928+0000][gc,heap       ] GC(455) Humongous regions: 147->147
[2025-11-07T23:59:51.929+0000][gc,metaspace  ] GC(455) Metaspace: 53273K(56348K)->53273K(56348K) NonClass: 47370K(48976K)->47370K(48976K) Class: 5903K(7372K)->5903K(7372K)
[2025-11-07T23:59:51.929+0000][gc            ] GC(455) Pause Young (Normal) (G1 Evacuation Pause) 521M->467M(684M) 14.053ms
[2025-11-07T23:59:51.929+0000][gc,cpu        ] GC(455) User=0.02s Sys=0.00s Real=0.01s
[2025-11-08T00:00:03.551+0000][gc,start      ] GC(456) Pause Young (Normal) (G1 Evacuation Pause)
[2025-11-08T00:00:03.552+0000][gc,task       ] GC(456) Using 2 workers of 2 for evacuation
[2025-11-08T00:00:03.565+0000][gc,phases     ] GC(456)   Pre Evacuate Collection Set: 0.0ms
[2025-11-08T00:00:03.565+0000][gc,phases     ] GC(456)   Evacuate Collection Set: 11.5ms
[2025-11-08T00:00:03.566+0000][gc,phases     ] GC(456)   Post Evacuate Collection Set: 1.2ms
[2025-11-08T00:00:03.566+0000][gc,phases     ] GC(456)   Other: 0.9ms
[2025-11-08T00:00:03.566+0000][gc,heap       ] GC(456) Eden regions: 52->0(59)
[2025-11-08T00:00:03.566+0000][gc,heap       ] GC(456) Survivor regions: 5->3(8)
[2025-11-08T00:00:03.566+0000][gc,heap       ] GC(456) Old regions: 316->317
[2025-11-08T00:00:03.567+0000][gc,heap       ] GC(456) Humongous regions: 147->147
[2025-11-08T00:00:03.567+0000][gc,metaspace  ] GC(456) Metaspace: 53274K(56348K)->53274K(56348K) NonClass: 47370K(48976K)->47370K(48976K) Class: 5903K(7372K)->5903K(7372K)
[2025-11-08T00:00:03.567+0000][gc            ] GC(456) Pause Young (Normal) (G1 Evacuation Pause) 519M->466M(684M) 15.712ms
[2025-11-08T00:00:03.568+0000][gc,cpu        ] GC(456) User=0.02s Sys=0.00s Real=0.01s
[2025-11-08T00:00:16.991+0000][gc,start      ] GC(457) Pause Young (Normal) (G1 Evacuation Pause)
[2025-11-08T00:00:16.992+0000][gc,task       ] GC(457) Using 2 workers of 2 for evacuation
[2025-11-08T00:00:17.003+0000][gc,phases     ] GC(457)   Pre Evacuate Collection Set: 0.0ms
[2025-11-08T00:00:17.003+0000][gc,phases     ] GC(457)   Evacuate Collection Set: 10.4ms
[2025-11-08T00:00:17.003+0000][gc,phases     ] GC(457)   Post Evacuate Collection Set: 0.7ms
[2025-11-08T00:00:17.004+0000][gc,phases     ] GC(457)   Other: 0.6ms
[2025-11-08T00:00:17.004+0000][gc,heap       ] GC(457) Eden regions: 59->0(61)
[2025-11-08T00:00:17.004+0000][gc,heap       ] GC(457) Survivor regions: 3->5(8)
[2025-11-08T00:00:17.004+0000][gc,heap       ] GC(457) Old regions: 317->317
[2025-11-08T00:00:17.004+0000][gc,heap       ] GC(457) Humongous regions: 147->147
[2025-11-08T00:00:17.005+0000][gc,metaspace  ] GC(457) Metaspace: 53274K(56348K)->53274K(56348K) NonClass: 47370K(48976K)->47370K(48976K) Class: 5903K(7372K)->5903K(7372K)
[2025-11-08T00:00:17.005+0000][gc            ] GC(457) Pause Young (Normal) (G1 Evacuation Pause) 525M->467M(684M) 13.437ms
[2025-11-08T00:00:17.005+0000][gc,cpu        ] GC(457) User=0.02s Sys=0.00s Real=0.01s
[2025-11-08T00:00:29.679+0000][gc,start      ] GC(458) Pause Young (Normal) (G1 Evacuation Pause)
[2025-11-08T00:00:29.680+0000][gc,task       ] GC(458) Using 2 workers of 2 for evacuation
[2025-11-08T00:00:29.694+0000][gc,phases     ] GC(458)   Pre Evacuate Collection Set: 0.0ms
[2025-11-08T00:00:29.695+0000][gc,phases     ] GC(458)   Evacuate Collection Set: 11.9ms
[2025-11-08T00:00:29.695+0000][gc,phases     ] GC(458)   Post Evacuate Collection Set: 2.2ms
[2025-11-08T00:00:29.695+0000][gc,phases     ] GC(458)   Other: 1.0ms
[2025-11-08T00:00:29.696+0000][gc,heap       ] GC(458) Eden regions: 57->0(62)
[2025-11-08T00:00:29.697+0000][gc,heap       ] GC(458) Survivor regions: 5->4(8)
[2025-11-08T00:00:29.697+0000][gc,heap       ] GC(458) Old regions: 317->317
[2025-11-08T00:00:29.697+0000][gc,heap       ] GC(458) Humongous regions: 147->147
[2025-11-08T00:00:29.698+0000][gc,metaspace  ] GC(458) Metaspace: 53274K(56348K)->53274K(56348K) NonClass: 47370K(48976K)->47370K(48976K) Class: 5903K(7372K)->5903K(7372K)
[2025-11-08T00:00:29.698+0000][gc            ] GC(458) Pause Young (Normal) (G1 Evacuation Pause) 524M->466M(684M) 18.689ms
[2025-11-08T00:00:29.698+0000][gc,cpu        ] GC(458) User=0.03s Sys=0.00s Real=0.02s
[2025-11-08T00:00:42.412+0000][gc,start      ] GC(459) Pause Young (Normal) (G1 Evacuation Pause)
[2025-11-08T00:00:42.412+0000][gc,task       ] GC(459) Using 2 workers of 2 for evacuation
[2025-11-08T00:00:42.427+0000][gc,phases     ] GC(459)   Pre Evacuate Collection Set: 0.0ms
[2025-11-08T00:00:42.428+0000][gc,phases     ] GC(459)   Evacuate Collection Set: 13.7ms
[2025-11-08T00:00:42.428+0000][gc,phases     ] GC(459)   Post Evacuate Collection Set: 1.0ms
[2025-11-08T00:00:42.428+0000][gc,phases     ] GC(459)   Other: 0.7ms
[2025-11-08T00:00:42.429+0000][gc,heap       ] GC(459) Eden regions: 57->0(62)
[2025-11-08T00:00:42.429+0000][gc,heap       ] GC(459) Survivor regions: 4->5(8)
[2025-11-08T00:00:42.429+0000][gc,heap       ] GC(459) Old regions: 317->317
[2025-11-08T00:00:42.430+0000][gc,heap       ] GC(459) Humongous regions: 147->147
[2025-11-08T00:00:42.430+0000][gc,metaspace  ] GC(459) Metaspace: 53274K(56348K)->53274K(56348K) NonClass: 47370K(48976K)->47370K(48976K) Class: 5903K(7372K)->5903K(7372K)
[2025-11-08T00:00:42.430+0000][gc            ] GC(459) Pause Young (Normal) (G1 Evacuation Pause) 523M->468M(684M) 18.236ms
[2025-11-08T00:00:42.430+0000][gc,cpu        ] GC(459) User=0.03s Sys=0.00s Real=0.02s
[2025-11-08T00:00:54.993+0000][gc,start      ] GC(460) Pause Young (Normal) (G1 Evacuation Pause)
[2025-11-08T00:00:54.993+0000][gc,task       ] GC(460) Using 2 workers of 2 for evacuation
[2025-11-08T00:00:55.012+0000][gc,phases     ] GC(460)   Pre Evacuate Collection Set: 0.0ms
[2025-11-08T00:00:55.012+0000][gc,phases     ] GC(460)   Evacuate Collection Set: 17.5ms
[2025-11-08T00:00:55.012+0000][gc,phases     ] GC(460)   Post Evacuate Collection Set: 1.0ms
[2025-11-08T00:00:55.013+0000][gc,phases     ] GC(460)   Other: 0.8ms
[2025-11-08T00:00:55.013+0000][gc,heap       ] GC(460) Eden regions: 55->0(59)
[2025-11-08T00:00:55.013+0000][gc,heap       ] GC(460) Survivor regions: 5->5(8)
[2025-11-08T00:00:55.013+0000][gc,heap       ] GC(460) Old regions: 317->318
[2025-11-08T00:00:55.014+0000][gc,heap       ] GC(460) Humongous regions: 147->147
[2025-11-08T00:00:55.014+0000][gc,metaspace  ] GC(460) Metaspace: 53274K(56348K)->53274K(56348K) NonClass: 47370K(48976K)->47370K(48976K) Class: 5903K(7372K)->5903K(7372K)
[2025-11-08T00:00:55.015+0000][gc            ] GC(460) Pause Young (Normal) (G1 Evacuation Pause) 523M->469M(684M) 22.392ms
[2025-11-08T00:00:55.015+0000][gc,cpu        ] GC(460) User=0.04s Sys=0.00s Real=0.02s
[2025-11-08T00:01:08.621+0000][gc,start      ] GC(461) Pause Young (Normal) (G1 Evacuation Pause)
[2025-11-08T00:01:08.622+0000][gc,task       ] GC(461) Using 2 workers of 2 for evacuation
[2025-11-08T00:01:08.636+0000][gc,phases     ] GC(461)   Pre Evacuate Collection Set: 0.0ms
[2025-11-08T00:01:08.636+0000][gc,phases     ] GC(461)   Evacuate Collection Set: 13.1ms
[2025-11-08T00:01:08.637+0000][gc,phases     ] GC(461)   Post Evacuate Collection Set: 0.9ms
[2025-11-08T00:01:08.637+0000][gc,phases     ] GC(461)   Other: 0.8ms
[2025-11-08T00:01:08.637+0000][gc,heap       ] GC(461) Eden regions: 59->0(61)
[2025-11-08T00:01:08.637+0000][gc,heap       ] GC(461) Survivor regions: 5->4(8)
[2025-11-08T00:01:08.638+0000][gc,heap       ] GC(461) Old regions: 318->318
[2025-11-08T00:01:08.638+0000][gc,heap       ] GC(461) Humongous regions: 147->147
[2025-11-08T00:01:08.638+0000][gc,metaspace  ] GC(461) Metaspace: 53274K(56348K)->53274K(56348K) NonClass: 47370K(48976K)->47370K(48976K) Class: 5903K(7372K)->5903K(7372K)
[2025-11-08T00:01:08.638+0000][gc            ] GC(461) Pause Young (Normal) (G1 Evacuation Pause) 528M->468M(684M) 16.985ms
[2025-11-08T00:01:08.638+0000][gc,cpu        ] GC(461) User=0.03s Sys=0.00s Real=0.01s
[2025-11-08T00:01:23.102+0000][gc,start      ] GC(462) Pause Young (Normal) (G1 Evacuation Pause)
[2025-11-08T00:01:23.103+0000][gc,task       ] GC(462) Using 2 workers of 2 for evacuation
[2025-11-08T00:01:23.119+0000][gc,phases     ] GC(462)   Pre Evacuate Collection Set: 0.0ms
[2025-11-08T00:01:23.120+0000][gc,phases     ] GC(462)   Evacuate Collection Set: 15.1ms
[2025-11-08T00:01:23.121+0000][gc,phases     ] GC(462)   Post Evacuate Collection Set: 1.0ms
[2025-11-08T00:01:23.125+0000][gc,phases     ] GC(462)   Other: 0.9ms
[2025-11-08T00:01:23.125+0000][gc,heap       ] GC(462) Eden regions: 61->0(61)
[2025-11-08T00:01:23.125+0000][gc,heap       ] GC(462) Survivor regions: 4->4(9)
[2025-11-08T00:01:23.126+0000][gc,heap       ] GC(462) Old regions: 318->318
[2025-11-08T00:01:23.126+0000][gc,heap       ] GC(462) Humongous regions: 147->147
[2025-11-08T00:01:23.126+0000][gc,metaspace  ] GC(462) Metaspace: 53274K(56348K)->53274K(56348K) NonClass: 47370K(48976K)->47370K(48976K) Class: 5903K(7372K)->5903K(7372K)
[2025-11-08T00:01:23.126+0000][gc            ] GC(462) Pause Young (Normal) (G1 Evacuation Pause) 529M->468M(684M) 23.967ms
[2025-11-08T00:01:23.127+0000][gc,cpu        ] GC(462) User=0.03s Sys=0.00s Real=0.02s
[2025-11-08T00:01:35.954+0000][gc,start      ] GC(463) Pause Young (Normal) (G1 Evacuation Pause)
[2025-11-08T00:01:35.954+0000][gc,task       ] GC(463) Using 2 workers of 2 for evacuation
[2025-11-08T00:01:35.967+0000][gc,phases     ] GC(463)   Pre Evacuate Collection Set: 0.1ms
[2025-11-08T00:01:35.968+0000][gc,phases     ] GC(463)   Evacuate Collection Set: 11.3ms
[2025-11-08T00:01:35.968+0000][gc,phases     ] GC(463)   Post Evacuate Collection Set: 0.9ms
[2025-11-08T00:01:35.968+0000][gc,phases     ] GC(463)   Other: 0.9ms
[2025-11-08T00:01:35.969+0000][gc,heap       ] GC(463) Eden regions: 55->0(62)
[2025-11-08T00:01:35.969+0000][gc,heap       ] GC(463) Survivor regions: 4->5(8)
[2025-11-08T00:01:35.969+0000][gc,heap       ] GC(463) Old regions: 318->318
[2025-11-08T00:01:35.970+0000][gc,heap       ] GC(463) Humongous regions: 147->147
[2025-11-08T00:01:35.970+0000][gc,metaspace  ] GC(463) Metaspace: 53274K(56348K)->53274K(56348K) NonClass: 47370K(48976K)->47370K(48976K) Class: 5903K(7372K)->5903K(7372K)
[2025-11-08T00:01:35.970+0000][gc            ] GC(463) Pause Young (Normal) (G1 Evacuation Pause) 523M->469M(684M) 16.417ms
[2025-11-08T00:01:35.971+0000][gc,cpu        ] GC(463) User=0.03s Sys=0.00s Real=0.02s
[2025-11-08T00:01:49.148+0000][gc,start      ] GC(464) Pause Young (Normal) (G1 Evacuation Pause)
[2025-11-08T00:01:49.148+0000][gc,task       ] GC(464) Using 2 workers of 2 for evacuation
[2025-11-08T00:01:49.172+0000][gc,mmu        ] GC(464) MMU target violated: 21.0ms (20.0ms/21.0ms)
[2025-11-08T00:01:49.193+0000][gc,phases     ] GC(464)   Pre Evacuate Collection Set: 0.0ms
[2025-11-08T00:01:49.205+0000][gc,phases     ] GC(464)   Evacuate Collection Set: 21.6ms
[2025-11-08T00:01:49.206+0000][gc,phases     ] GC(464)   Post Evacuate Collection Set: 1.1ms
[2025-11-08T00:01:49.227+0000][gc,phases     ] GC(464)   Other: 23.0ms
[2025-11-08T00:01:49.239+0000][gc,heap       ] GC(464) Eden regions: 57->0(59)
[2025-11-08T00:01:49.252+0000][gc,heap       ] GC(464) Survivor regions: 5->6(8)
[2025-11-08T00:01:49.252+0000][gc,heap       ] GC(464) Old regions: 318->319
[2025-11-08T00:01:49.253+0000][gc,heap       ] GC(464) Humongous regions: 147->147
[2025-11-08T00:01:49.254+0000][gc,metaspace  ] GC(464) Metaspace: 53274K(56348K)->53274K(56348K) NonClass: 47370K(48976K)->47370K(48976K) Class: 5903K(7372K)->5903K(7372K)
[2025-11-08T00:01:49.255+0000][gc            ] GC(464) Pause Young (Normal) (G1 Evacuation Pause) 526M->471M(684M) 106.923ms
[2025-11-08T00:01:49.255+0000][gc,cpu        ] GC(464) User=0.04s Sys=0.00s Real=0.11s
[2025-11-08T00:01:56.911+0000][gc,start      ] GC(465) Pause Young (Normal) (G1 Evacuation Pause)
[2025-11-08T00:01:56.911+0000][gc,task       ] GC(465) Using 2 workers of 2 for evacuation
[2025-11-08T00:01:56.929+0000][gc,phases     ] GC(465)   Pre Evacuate Collection Set: 0.0ms
[2025-11-08T00:01:56.929+0000][gc,phases     ] GC(465)   Evacuate Collection Set: 16.4ms
[2025-11-08T00:01:56.930+0000][gc,phases     ] GC(465)   Post Evacuate Collection Set: 1.1ms
[2025-11-08T00:01:56.930+0000][gc,phases     ] GC(465)   Other: 0.7ms
[2025-11-08T00:01:56.930+0000][gc,heap       ] GC(465) Eden regions: 34->0(56)
[2025-11-08T00:01:56.930+0000][gc,heap       ] GC(465) Survivor regions: 6->4(5)
[2025-11-08T00:01:56.930+0000][gc,heap       ] GC(465) Old regions: 319->321
[2025-11-08T00:01:56.931+0000][gc,heap       ] GC(465) Humongous regions: 147->147
[2025-11-08T00:01:56.931+0000][gc,metaspace  ] GC(465) Metaspace: 53274K(56348K)->53274K(56348K) NonClass: 47370K(48976K)->47370K(48976K) Class: 5903K(7372K)->5903K(7372K)
[2025-11-08T00:01:56.931+0000][gc            ] GC(465) Pause Young (Normal) (G1 Evacuation Pause) 505M->471M(684M) 20.209ms
[2025-11-08T00:01:56.931+0000][gc,cpu        ] GC(465) User=0.04s Sys=0.00s Real=0.02s
[2025-11-08T00:02:09.698+0000][gc,start      ] GC(466) Pause Young (Normal) (G1 Evacuation Pause)
[2025-11-08T00:02:09.699+0000][gc,task       ] GC(466) Using 2 workers of 2 for evacuation
[2025-11-08T00:02:09.708+0000][gc,phases     ] GC(466)   Pre Evacuate Collection Set: 0.0ms
[2025-11-08T00:02:09.708+0000][gc,phases     ] GC(466)   Evacuate Collection Set: 7.9ms
[2025-11-08T00:02:09.708+0000][gc,phases     ] GC(466)   Post Evacuate Collection Set: 0.7ms
[2025-11-08T00:02:09.708+0000][gc,phases     ] GC(466)   Other: 0.6ms
[2025-11-08T00:02:09.708+0000][gc,heap       ] GC(466) Eden regions: 56->0(65)
[2025-11-08T00:02:09.709+0000][gc,heap       ] GC(466) Survivor regions: 4->3(8)
[2025-11-08T00:02:09.709+0000][gc,heap       ] GC(466) Old regions: 321->321
[2025-11-08T00:02:09.709+0000][gc,heap       ] GC(466) Humongous regions: 147->147
[2025-11-08T00:02:09.709+0000][gc,metaspace  ] GC(466) Metaspace: 53274K(56348K)->53274K(56348K) NonClass: 47370K(48976K)->47370K(48976K) Class: 5903K(7372K)->5903K(7372K)
[2025-11-08T00:02:09.710+0000][gc            ] GC(466) Pause Young (Normal) (G1 Evacuation Pause) 527M->470M(684M) 11.219ms
[2025-11-08T00:02:09.710+0000][gc,cpu        ] GC(466) User=0.02s Sys=0.00s Real=0.02s
[2025-11-08T00:02:24.389+0000][gc,start      ] GC(467) Pause Young (Normal) (G1 Evacuation Pause)
[2025-11-08T00:02:24.390+0000][gc,task       ] GC(467) Using 2 workers of 2 for evacuation
[2025-11-08T00:02:24.399+0000][gc,phases     ] GC(467)   Pre Evacuate Collection Set: 0.0ms
[2025-11-08T00:02:24.399+0000][gc,phases     ] GC(467)   Evacuate Collection Set: 7.8ms
[2025-11-08T00:02:24.399+0000][gc,phases     ] GC(467)   Post Evacuate Collection Set: 0.8ms
[2025-11-08T00:02:24.399+0000][gc,phases     ] GC(467)   Other: 0.7ms
[2025-11-08T00:02:24.400+0000][gc,heap       ] GC(467) Eden regions: 65->0(73)
[2025-11-08T00:02:24.400+0000][gc,heap       ] GC(467) Survivor regions: 3->3(9)
[2025-11-08T00:02:24.400+0000][gc,heap       ] GC(467) Old regions: 321->321
[2025-11-08T00:02:24.400+0000][gc,heap       ] GC(467) Humongous regions: 147->147
[2025-11-08T00:02:24.400+0000][gc,metaspace  ] GC(467) Metaspace: 53274K(56348K)->53274K(56348K) NonClass: 47370K(48976K)->47370K(48976K) Class: 5903K(7372K)->5903K(7372K)
[2025-11-08T00:02:24.401+0000][gc            ] GC(467) Pause Young (Normal) (G1 Evacuation Pause) 535M->470M(684M) 11.366ms
[2025-11-08T00:02:24.401+0000][gc,cpu        ] GC(467) User=0.02s Sys=0.00s Real=0.02s
[2025-11-08T00:02:41.262+0000][gc,start      ] GC(468) Pause Young (Normal) (G1 Evacuation Pause)
[2025-11-08T00:02:41.262+0000][gc,task       ] GC(468) Using 2 workers of 2 for evacuation
[2025-11-08T00:02:41.276+0000][gc,phases     ] GC(468)   Pre Evacuate Collection Set: 0.0ms
[2025-11-08T00:02:41.276+0000][gc,phases     ] GC(468)   Evacuate Collection Set: 12.5ms
[2025-11-08T00:02:41.277+0000][gc,phases     ] GC(468)   Post Evacuate Collection Set: 1.1ms
[2025-11-08T00:02:41.277+0000][gc,phases     ] GC(468)   Other: 1.0ms
[2025-11-08T00:02:41.277+0000][gc,heap       ] GC(468) Eden regions: 73->0(73)
[2025-11-08T00:02:41.278+0000][gc,heap       ] GC(468) Survivor regions: 3->4(10)
[2025-11-08T00:02:41.278+0000][gc,heap       ] GC(468) Old regions: 321->321
[2025-11-08T00:02:41.278+0000][gc,heap       ] GC(468) Humongous regions: 147->147
[2025-11-08T00:02:41.278+0000][gc,metaspace  ] GC(468) Metaspace: 53274K(56348K)->53274K(56348K) NonClass: 47370K(48976K)->47370K(48976K) Class: 5903K(7372K)->5903K(7372K)
[2025-11-08T00:02:41.279+0000][gc            ] GC(468) Pause Young (Normal) (G1 Evacuation Pause) 543M->471M(684M) 17.415ms
[2025-11-08T00:02:41.279+0000][gc,cpu        ] GC(468) User=0.03s Sys=0.00s Real=0.01s
[2025-11-08T00:02:58.175+0000][gc,start      ] GC(469) Pause Young (Normal) (G1 Evacuation Pause)
[2025-11-08T00:02:58.175+0000][gc,task       ] GC(469) Using 2 workers of 2 for evacuation
[2025-11-08T00:02:58.188+0000][gc,phases     ] GC(469)   Pre Evacuate Collection Set: 0.0ms
[2025-11-08T00:02:58.188+0000][gc,phases     ] GC(469)   Evacuate Collection Set: 11.1ms
[2025-11-08T00:02:58.188+0000][gc,phases     ] GC(469)   Post Evacuate Collection Set: 0.8ms
[2025-11-08T00:02:58.188+0000][gc,phases     ] GC(469)   Other: 0.9ms
[2025-11-08T00:02:58.189+0000][gc,heap       ] GC(469) Eden regions: 73->0(76)
[2025-11-08T00:02:58.189+0000][gc,heap       ] GC(469) Survivor regions: 4->3(10)
[2025-11-08T00:02:58.189+0000][gc,heap       ] GC(469) Old regions: 321->321
[2025-11-08T00:02:58.190+0000][gc,heap       ] GC(469) Humongous regions: 147->147
[2025-11-08T00:02:58.190+0000][gc,metaspace  ] GC(469) Metaspace: 53274K(56348K)->53274K(56348K) NonClass: 47370K(48976K)->47370K(48976K) Class: 5903K(7372K)->5903K(7372K)
[2025-11-08T00:02:58.190+0000][gc            ] GC(469) Pause Young (Normal) (G1 Evacuation Pause) 544M->471M(684M) 15.123ms
[2025-11-08T00:02:58.190+0000][gc,cpu        ] GC(469) User=0.02s Sys=0.00s Real=0.02s
[2025-11-08T00:03:16.239+0000][gc,start      ] GC(470) Pause Young (Normal) (G1 Evacuation Pause)
[2025-11-08T00:03:16.239+0000][gc,task       ] GC(470) Using 2 workers of 2 for evacuation
[2025-11-08T00:03:16.255+0000][gc,phases     ] GC(470)   Pre Evacuate Collection Set: 0.0ms
[2025-11-08T00:03:16.255+0000][gc,phases     ] GC(470)   Evacuate Collection Set: 14.2ms
[2025-11-08T00:03:16.256+0000][gc,phases     ] GC(470)   Post Evacuate Collection Set: 0.9ms
[2025-11-08T00:03:16.256+0000][gc,phases     ] GC(470)   Other: 1.1ms
[2025-11-08T00:03:16.256+0000][gc,heap       ] GC(470) Eden regions: 76->0(76)
[2025-11-08T00:03:16.257+0000][gc,heap       ] GC(470) Survivor regions: 3->5(10)
[2025-11-08T00:03:16.257+0000][gc,heap       ] GC(470) Old regions: 321->321
[2025-11-08T00:03:16.258+0000][gc,heap       ] GC(470) Humongous regions: 147->147
[2025-11-08T00:03:16.258+0000][gc,metaspace  ] GC(470) Metaspace: 53274K(56348K)->53274K(56348K) NonClass: 47370K(48976K)->47370K(48976K) Class: 5903K(7372K)->5903K(7372K)
[2025-11-08T00:03:16.258+0000][gc            ] GC(470) Pause Young (Normal) (G1 Evacuation Pause) 547M->472M(684M) 19.711ms
[2025-11-08T00:03:16.259+0000][gc,cpu        ] GC(470) User=0.04s Sys=0.00s Real=0.02s
[2025-11-08T00:03:31.388+0000][gc,start      ] GC(471) Pause Young (Normal) (G1 Evacuation Pause)
[2025-11-08T00:03:31.388+0000][gc,task       ] GC(471) Using 2 workers of 2 for evacuation
[2025-11-08T00:03:31.401+0000][gc,phases     ] GC(471)   Pre Evacuate Collection Set: 0.0ms
[2025-11-08T00:03:31.401+0000][gc,phases     ] GC(471)   Evacuate Collection Set: 11.5ms
[2025-11-08T00:03:31.402+0000][gc,phases     ] GC(471)   Post Evacuate Collection Set: 0.9ms
[2025-11-08T00:03:31.402+0000][gc,phases     ] GC(471)   Other: 0.8ms
[2025-11-08T00:03:31.402+0000][gc,heap       ] GC(471) Eden regions: 66->0(74)
[2025-11-08T00:03:31.402+0000][gc,heap       ] GC(471) Survivor regions: 5->5(9)
[2025-11-08T00:03:31.403+0000][gc,heap       ] GC(471) Old regions: 321->321
[2025-11-08T00:03:31.403+0000][gc,heap       ] GC(471) Humongous regions: 147->147
[2025-11-08T00:03:31.403+0000][gc,metaspace  ] GC(471) Metaspace: 53274K(56348K)->53274K(56348K) NonClass: 47370K(48976K)->47370K(48976K) Class: 5903K(7372K)->5903K(7372K)
[2025-11-08T00:03:31.403+0000][gc            ] GC(471) Pause Young (Normal) (G1 Evacuation Pause) 538M->473M(684M) 15.034ms
[2025-11-08T00:03:31.403+0000][gc,cpu        ] GC(471) User=0.03s Sys=0.00s Real=0.02s
[2025-11-08T00:03:46.139+0000][gc,start      ] GC(472) Pause Young (Normal) (G1 Evacuation Pause)
[2025-11-08T00:03:46.139+0000][gc,task       ] GC(472) Using 2 workers of 2 for evacuation
[2025-11-08T00:03:46.152+0000][gc,phases     ] GC(472)   Pre Evacuate Collection Set: 0.0ms
[2025-11-08T00:03:46.152+0000][gc,phases     ] GC(472)   Evacuate Collection Set: 12.1ms
[2025-11-08T00:03:46.153+0000][gc,phases     ] GC(472)   Post Evacuate Collection Set: 0.7ms
[2025-11-08T00:03:46.153+0000][gc,phases     ] GC(472)   Other: 0.7ms
[2025-11-08T00:03:46.153+0000][gc,heap       ] GC(472) Eden regions: 66->0(71)
[2025-11-08T00:03:46.153+0000][gc,heap       ] GC(472) Survivor regions: 5->5(9)
[2025-11-08T00:03:46.154+0000][gc,heap       ] GC(472) Old regions: 321->322
[2025-11-08T00:03:46.154+0000][gc,heap       ] GC(472) Humongous regions: 147->147
[2025-11-08T00:03:46.154+0000][gc,metaspace  ] GC(472) Metaspace: 53274K(56348K)->53274K(56348K) NonClass: 47370K(48976K)->47370K(48976K) Class: 5903K(7372K)->5903K(7372K)
[2025-11-08T00:03:46.155+0000][gc            ] GC(472) Pause Young (Normal) (G1 Evacuation Pause) 539M->473M(684M) 16.465ms
[2025-11-08T00:03:46.155+0000][gc,cpu        ] GC(472) User=0.02s Sys=0.00s Real=0.02s
[2025-11-08T00:04:02.137+0000][gc,start      ] GC(473) Pause Young (Normal) (G1 Evacuation Pause)
[2025-11-08T00:04:02.137+0000][gc,task       ] GC(473) Using 2 workers of 2 for evacuation
[2025-11-08T00:04:02.150+0000][gc,phases     ] GC(473)   Pre Evacuate Collection Set: 0.0ms
[2025-11-08T00:04:02.150+0000][gc,phases     ] GC(473)   Evacuate Collection Set: 11.5ms
[2025-11-08T00:04:02.150+0000][gc,phases     ] GC(473)   Post Evacuate Collection Set: 0.7ms
[2025-11-08T00:04:02.150+0000][gc,phases     ] GC(473)   Other: 0.6ms
[2025-11-08T00:04:02.150+0000][gc,heap       ] GC(473) Eden regions: 71->0(73)
[2025-11-08T00:04:02.151+0000][gc,heap       ] GC(473) Survivor regions: 5->5(10)
[2025-11-08T00:04:02.151+0000][gc,heap       ] GC(473) Old regions: 322->322
[2025-11-08T00:04:02.151+0000][gc,heap       ] GC(473) Humongous regions: 147->147
[2025-11-08T00:04:02.151+0000][gc,metaspace  ] GC(473) Metaspace: 53274K(56348K)->53274K(56348K) NonClass: 47370K(48976K)->47370K(48976K) Class: 5903K(7372K)->5903K(7372K)
[2025-11-08T00:04:02.151+0000][gc            ] GC(473) Pause Young (Normal) (G1 Evacuation Pause) 544M->472M(684M) 14.593ms
[2025-11-08T00:04:02.152+0000][gc,cpu        ] GC(473) User=0.02s Sys=0.00s Real=0.02s
[2025-11-08T00:04:19.453+0000][gc,start      ] GC(474) Pause Young (Normal) (G1 Evacuation Pause)
[2025-11-08T00:04:19.453+0000][gc,task       ] GC(474) Using 2 workers of 2 for evacuation
[2025-11-08T00:04:19.471+0000][gc,phases     ] GC(474)   Pre Evacuate Collection Set: 0.0ms
[2025-11-08T00:04:19.471+0000][gc,phases     ] GC(474)   Evacuate Collection Set: 16.1ms
[2025-11-08T00:04:19.471+0000][gc,phases     ] GC(474)   Post Evacuate Collection Set: 1.0ms
[2025-11-08T00:04:19.472+0000][gc,phases     ] GC(474)   Other: 0.8ms
[2025-11-08T00:04:19.472+0000][gc,heap       ] GC(474) Eden regions: 73->0(73)
[2025-11-08T00:04:19.472+0000][gc,heap       ] GC(474) Survivor regions: 5->6(10)
[2025-11-08T00:04:19.472+0000][gc,heap       ] GC(474) Old regions: 322->322
[2025-11-08T00:04:19.473+0000][gc,heap       ] GC(474) Humongous regions: 147->147
[2025-11-08T00:04:19.473+0000][gc,metaspace  ] GC(474) Metaspace: 53274K(56348K)->53274K(56348K) NonClass: 47370K(48976K)->47370K(48976K) Class: 5903K(7372K)->5903K(7372K)
[2025-11-08T00:04:19.473+0000][gc            ] GC(474) Pause Young (Normal) (G1 Evacuation Pause) 545M->474M(684M) 20.202ms
[2025-11-08T00:04:19.473+0000][gc,cpu        ] GC(474) User=0.04s Sys=0.00s Real=0.02s
[2025-11-08T00:04:34.995+0000][gc,start      ] GC(475) Pause Young (Normal) (G1 Evacuation Pause)
[2025-11-08T00:04:34.996+0000][gc,task       ] GC(475) Using 2 workers of 2 for evacuation
[2025-11-08T00:04:35.019+0000][gc,mmu        ] GC(475) MMU target violated: 21.0ms (20.0ms/21.0ms)
[2025-11-08T00:04:35.019+0000][gc,phases     ] GC(475)   Pre Evacuate Collection Set: 0.0ms
[2025-11-08T00:04:35.019+0000][gc,phases     ] GC(475)   Evacuate Collection Set: 20.3ms
[2025-11-08T00:04:35.020+0000][gc,phases     ] GC(475)   Post Evacuate Collection Set: 1.5ms
[2025-11-08T00:04:35.020+0000][gc,phases     ] GC(475)   Other: 1.6ms
[2025-11-08T00:04:35.020+0000][gc,heap       ] GC(475) Eden regions: 67->0(70)
[2025-11-08T00:04:35.021+0000][gc,heap       ] GC(475) Survivor regions: 6->6(10)
[2025-11-08T00:04:35.021+0000][gc,heap       ] GC(475) Old regions: 322->322
[2025-11-08T00:04:35.022+0000][gc,heap       ] GC(475) Humongous regions: 147->147
[2025-11-08T00:04:35.022+0000][gc,metaspace  ] GC(475) Metaspace: 53274K(56348K)->53274K(56348K) NonClass: 47370K(48976K)->47370K(48976K) Class: 5903K(7372K)->5903K(7372K)
[2025-11-08T00:04:35.022+0000][gc            ] GC(475) Pause Young (Normal) (G1 Evacuation Pause) 541M->474M(684M) 26.968ms
[2025-11-08T00:04:35.023+0000][gc,cpu        ] GC(475) User=0.04s Sys=0.00s Real=0.03s
[2025-11-08T00:04:47.447+0000][gc,start      ] GC(476) Pause Young (Normal) (G1 Evacuation Pause)
[2025-11-08T00:04:47.448+0000][gc,task       ] GC(476) Using 2 workers of 2 for evacuation
[2025-11-08T00:04:47.466+0000][gc,phases     ] GC(476)   Pre Evacuate Collection Set: 0.0ms
[2025-11-08T00:04:47.468+0000][gc,phases     ] GC(476)   Evacuate Collection Set: 16.5ms
[2025-11-08T00:04:47.468+0000][gc,phases     ] GC(476)   Post Evacuate Collection Set: 1.0ms
[2025-11-08T00:04:47.468+0000][gc,phases     ] GC(476)   Other: 1.2ms
[2025-11-08T00:04:47.469+0000][gc,heap       ] GC(476) Eden regions: 54->0(60)
[2025-11-08T00:04:47.469+0000][gc,heap       ] GC(476) Survivor regions: 6->5(8)
[2025-11-08T00:04:47.469+0000][gc,heap       ] GC(476) Old regions: 322->324
[2025-11-08T00:04:47.469+0000][gc,heap       ] GC(476) Humongous regions: 147->147
[2025-11-08T00:04:47.470+0000][gc,metaspace  ] GC(476) Metaspace: 53274K(56348K)->53274K(56348K) NonClass: 47370K(48976K)->47370K(48976K) Class: 5903K(7372K)->5903K(7372K)
[2025-11-08T00:04:47.470+0000][gc            ] GC(476) Pause Young (Normal) (G1 Evacuation Pause) 528M->475M(684M) 22.828ms
[2025-11-08T00:04:47.470+0000][gc,cpu        ] GC(476) User=0.03s Sys=0.00s Real=0.03s
[2025-11-08T00:05:01.336+0000][gc,start      ] GC(477) Pause Young (Normal) (G1 Evacuation Pause)
[2025-11-08T00:05:01.336+0000][gc,task       ] GC(477) Using 2 workers of 2 for evacuation
[2025-11-08T00:05:01.351+0000][gc,phases     ] GC(477)   Pre Evacuate Collection Set: 0.0ms
[2025-11-08T00:05:01.352+0000][gc,phases     ] GC(477)   Evacuate Collection Set: 13.2ms
[2025-11-08T00:05:01.352+0000][gc,phases     ] GC(477)   Post Evacuate Collection Set: 0.9ms
[2025-11-08T00:05:01.352+0000][gc,phases     ] GC(477)   Other: 0.9ms
[2025-11-08T00:05:01.352+0000][gc,heap       ] GC(477) Eden regions: 60->0(63)
[2025-11-08T00:05:01.352+0000][gc,heap       ] GC(477) Survivor regions: 5->5(9)
[2025-11-08T00:05:01.353+0000][gc,heap       ] GC(477) Old regions: 324->324
[2025-11-08T00:05:01.353+0000][gc,heap       ] GC(477) Humongous regions: 147->147
[2025-11-08T00:05:01.353+0000][gc,metaspace  ] GC(477) Metaspace: 53274K(56348K)->53274K(56348K) NonClass: 47370K(48976K)->47370K(48976K) Class: 5903K(7372K)->5903K(7372K)
[2025-11-08T00:05:01.353+0000][gc            ] GC(477) Pause Young (Normal) (G1 Evacuation Pause) 535M->475M(684M) 17.319ms
[2025-11-08T00:05:01.354+0000][gc,cpu        ] GC(477) User=0.03s Sys=0.00s Real=0.02s
[2025-11-08T00:05:14.070+0000][gc,start      ] GC(478) Pause Young (Normal) (G1 Evacuation Pause)
[2025-11-08T00:05:14.071+0000][gc,task       ] GC(478) Using 2 workers of 2 for evacuation
[2025-11-08T00:05:14.098+0000][gc,mmu        ] GC(478) MMU target violated: 21.0ms (20.0ms/21.0ms)
[2025-11-08T00:05:14.099+0000][gc,phases     ] GC(478)   Pre Evacuate Collection Set: 0.4ms
[2025-11-08T00:05:14.099+0000][gc,phases     ] GC(478)   Evacuate Collection Set: 21.9ms
[2025-11-08T00:05:14.100+0000][gc,phases     ] GC(478)   Post Evacuate Collection Set: 4.7ms
[2025-11-08T00:05:14.100+0000][gc,phases     ] GC(478)   Other: 1.9ms
[2025-11-08T00:05:14.101+0000][gc,heap       ] GC(478) Eden regions: 54->0(41)
[2025-11-08T00:05:14.101+0000][gc,heap       ] GC(478) Survivor regions: 5->5(8)
[2025-11-08T00:05:14.101+0000][gc,heap       ] GC(478) Old regions: 324->324
[2025-11-08T00:05:14.102+0000][gc,heap       ] GC(478) Humongous regions: 147->147
[2025-11-08T00:05:14.102+0000][gc,metaspace  ] GC(478) Metaspace: 53274K(56348K)->53274K(56348K) NonClass: 47370K(48976K)->47370K(48976K) Class: 5903K(7372K)->5903K(7372K)
[2025-11-08T00:05:14.102+0000][gc            ] GC(478) Pause Young (Normal) (G1 Evacuation Pause) 529M->475M(684M) 32.374ms
[2025-11-08T00:05:14.103+0000][gc,cpu        ] GC(478) User=0.04s Sys=0.00s Real=0.03s
[2025-11-08T00:05:22.545+0000][gc,start      ] GC(479) Pause Young (Normal) (G1 Evacuation Pause)
[2025-11-08T00:05:22.545+0000][gc,task       ] GC(479) Using 2 workers of 2 for evacuation
[2025-11-08T00:05:22.576+0000][gc,mmu        ] GC(479) MMU target violated: 21.0ms (20.0ms/21.0ms)
[2025-11-08T00:05:22.576+0000][gc,phases     ] GC(479)   Pre Evacuate Collection Set: 0.0ms
[2025-11-08T00:05:22.576+0000][gc,phases     ] GC(479)   Evacuate Collection Set: 22.7ms
[2025-11-08T00:05:22.577+0000][gc,phases     ] GC(479)   Post Evacuate Collection Set: 3.0ms
[2025-11-08T00:05:22.577+0000][gc,phases     ] GC(479)   Other: 5.8ms
[2025-11-08T00:05:22.577+0000][gc,heap       ] GC(479) Eden regions: 29->0(31)
[2025-11-08T00:05:22.578+0000][gc,heap       ] GC(479) Survivor regions: 5->3(5)
[2025-11-08T00:05:22.578+0000][gc,heap       ] GC(479) Old regions: 324->327
[2025-11-08T00:05:22.578+0000][gc,heap       ] GC(479) Humongous regions: 147->147
[2025-11-08T00:05:22.578+0000][gc,metaspace  ] GC(479) Metaspace: 53277K(56604K)->53277K(56604K) NonClass: 47374K(49232K)->47374K(49232K) Class: 5903K(7372K)->5903K(7372K)
[2025-11-08T00:05:22.578+0000][gc            ] GC(479) Pause Young (Normal) (G1 Evacuation Pause) 504M->475M(684M) 33.761ms
[2025-11-08T00:05:22.579+0000][gc,cpu        ] GC(479) User=0.04s Sys=0.00s Real=0.03s
[2025-11-08T00:05:33.246+0000][gc,start      ] GC(480) Pause Young (Normal) (G1 Evacuation Pause)
[2025-11-08T00:05:33.246+0000][gc,task       ] GC(480) Using 2 workers of 2 for evacuation
[2025-11-08T00:05:33.262+0000][gc,phases     ] GC(480)   Pre Evacuate Collection Set: 0.0ms
[2025-11-08T00:05:33.262+0000][gc,phases     ] GC(480)   Evacuate Collection Set: 13.9ms
[2025-11-08T00:05:33.263+0000][gc,phases     ] GC(480)   Post Evacuate Collection Set: 1.1ms
[2025-11-08T00:05:33.263+0000][gc,phases     ] GC(480)   Other: 1.2ms
[2025-11-08T00:05:33.264+0000][gc,heap       ] GC(480) Eden regions: 31->0(33)
[2025-11-08T00:05:33.264+0000][gc,heap       ] GC(480) Survivor regions: 3->3(5)
[2025-11-08T00:05:33.265+0000][gc,heap       ] GC(480) Old regions: 327->327
[2025-11-08T00:05:33.265+0000][gc,heap       ] GC(480) Humongous regions: 147->147
[2025-11-08T00:05:33.265+0000][gc,metaspace  ] GC(480) Metaspace: 53277K(56604K)->53277K(56604K) NonClass: 47374K(49232K)->47374K(49232K) Class: 5903K(7372K)->5903K(7372K)
[2025-11-08T00:05:33.266+0000][gc            ] GC(480) Pause Young (Normal) (G1 Evacuation Pause) 506M->475M(684M) 19.899ms
[2025-11-08T00:05:33.266+0000][gc,cpu        ] GC(480) User=0.03s Sys=0.00s Real=0.02s
[2025-11-08T00:05:41.213+0000][gc,start      ] GC(481) Pause Young (Normal) (G1 Evacuation Pause)
[2025-11-08T00:05:41.215+0000][gc,task       ] GC(481) Using 2 workers of 2 for evacuation
[2025-11-08T00:05:41.232+0000][gc,phases     ] GC(481)   Pre Evacuate Collection Set: 0.0ms
[2025-11-08T00:05:41.232+0000][gc,phases     ] GC(481)   Evacuate Collection Set: 14.7ms
[2025-11-08T00:05:41.233+0000][gc,phases     ] GC(481)   Post Evacuate Collection Set: 1.1ms
[2025-11-08T00:05:41.233+0000][gc,phases     ] GC(481)   Other: 2.9ms
[2025-11-08T00:05:41.233+0000][gc,heap       ] GC(481) Eden regions: 31->0(34)
[2025-11-08T00:05:41.233+0000][gc,heap       ] GC(481) Survivor regions: 3->2(5)
[2025-11-08T00:05:41.234+0000][gc,heap       ] GC(481) Old regions: 327->327
[2025-11-08T00:05:41.234+0000][gc,heap       ] GC(481) Humongous regions: 147->147
[2025-11-08T00:05:41.235+0000][gc,metaspace  ] GC(481) Metaspace: 53290K(56604K)->53290K(56604K) NonClass: 47387K(49232K)->47387K(49232K) Class: 5903K(7372K)->5903K(7372K)
[2025-11-08T00:05:41.235+0000][gc            ] GC(481) Pause Young (Normal) (G1 Evacuation Pause) 506M->475M(684M) 21.857ms
[2025-11-08T00:05:41.235+0000][gc,cpu        ] GC(481) User=0.03s Sys=0.00s Real=0.02s
[2025-11-08T00:05:50.530+0000][gc,start      ] GC(482) Pause Young (Normal) (G1 Evacuation Pause)
[2025-11-08T00:05:50.530+0000][gc,task       ] GC(482) Using 2 workers of 2 for evacuation
[2025-11-08T00:05:50.544+0000][gc,phases     ] GC(482)   Pre Evacuate Collection Set: 0.0ms
[2025-11-08T00:05:50.544+0000][gc,phases     ] GC(482)   Evacuate Collection Set: 10.8ms
[2025-11-08T00:05:50.544+0000][gc,phases     ] GC(482)   Post Evacuate Collection Set: 2.8ms
[2025-11-08T00:05:50.545+0000][gc,phases     ] GC(482)   Other: 0.7ms
[2025-11-08T00:05:50.545+0000][gc,heap       ] GC(482) Eden regions: 34->0(35)
[2025-11-08T00:05:50.545+0000][gc,heap       ] GC(482) Survivor regions: 2->3(5)
[2025-11-08T00:05:50.545+0000][gc,heap       ] GC(482) Old regions: 327->327
[2025-11-08T00:05:50.546+0000][gc,heap       ] GC(482) Humongous regions: 147->147
[2025-11-08T00:05:50.546+0000][gc,metaspace  ] GC(482) Metaspace: 53290K(56604K)->53290K(56604K) NonClass: 47387K(49232K)->47387K(49232K) Class: 5903K(7372K)->5903K(7372K)
[2025-11-08T00:05:50.547+0000][gc            ] GC(482) Pause Young (Normal) (G1 Evacuation Pause) 509M->475M(684M) 17.161ms
[2025-11-08T00:05:50.547+0000][gc,cpu        ] GC(482) User=0.03s Sys=0.00s Real=0.01s
[2025-11-08T00:05:59.909+0000][gc,start      ] GC(483) Pause Young (Normal) (G1 Evacuation Pause)
[2025-11-08T00:05:59.912+0000][gc,task       ] GC(483) Using 2 workers of 2 for evacuation
[2025-11-08T00:05:59.928+0000][gc,phases     ] GC(483)   Pre Evacuate Collection Set: 0.2ms
[2025-11-08T00:05:59.929+0000][gc,phases     ] GC(483)   Evacuate Collection Set: 13.2ms
[2025-11-08T00:05:59.930+0000][gc,phases     ] GC(483)   Post Evacuate Collection Set: 2.0ms
[2025-11-08T00:05:59.931+0000][gc,phases     ] GC(483)   Other: 4.0ms
[2025-11-08T00:05:59.932+0000][gc,heap       ] GC(483) Eden regions: 35->0(36)
[2025-11-08T00:05:59.932+0000][gc,heap       ] GC(483) Survivor regions: 3->3(5)
[2025-11-08T00:05:59.932+0000][gc,heap       ] GC(483) Old regions: 327->327
[2025-11-08T00:05:59.933+0000][gc,heap       ] GC(483) Humongous regions: 147->147
[2025-11-08T00:05:59.934+0000][gc,metaspace  ] GC(483) Metaspace: 53290K(56604K)->53290K(56604K) NonClass: 47387K(49232K)->47387K(49232K) Class: 5903K(7372K)->5903K(7372K)
[2025-11-08T00:05:59.934+0000][gc            ] GC(483) Pause Young (Normal) (G1 Evacuation Pause) 510M->475M(684M) 25.693ms
[2025-11-08T00:05:59.935+0000][gc,cpu        ] GC(483) User=0.03s Sys=0.00s Real=0.03s
[2025-11-08T00:06:09.420+0000][gc,start      ] GC(484) Pause Young (Normal) (G1 Evacuation Pause)
[2025-11-08T00:06:09.420+0000][gc,task       ] GC(484) Using 2 workers of 2 for evacuation
[2025-11-08T00:06:09.433+0000][gc,phases     ] GC(484)   Pre Evacuate Collection Set: 0.0ms
[2025-11-08T00:06:09.433+0000][gc,phases     ] GC(484)   Evacuate Collection Set: 10.9ms
[2025-11-08T00:06:09.434+0000][gc,phases     ] GC(484)   Post Evacuate Collection Set: 1.0ms
[2025-11-08T00:06:09.434+0000][gc,phases     ] GC(484)   Other: 1.2ms
[2025-11-08T00:06:09.434+0000][gc,heap       ] GC(484) Eden regions: 36->0(38)
[2025-11-08T00:06:09.435+0000][gc,heap       ] GC(484) Survivor regions: 3->4(5)
[2025-11-08T00:06:09.435+0000][gc,heap       ] GC(484) Old regions: 327->327
[2025-11-08T00:06:09.435+0000][gc,heap       ] GC(484) Humongous regions: 147->147
[2025-11-08T00:06:09.436+0000][gc,metaspace  ] GC(484) Metaspace: 53290K(56604K)->53290K(56604K) NonClass: 47387K(49232K)->47387K(49232K) Class: 5903K(7372K)->5903K(7372K)
[2025-11-08T00:06:09.436+0000][gc            ] GC(484) Pause Young (Normal) (G1 Evacuation Pause) 511M->476M(684M) 15.898ms
[2025-11-08T00:06:09.436+0000][gc,cpu        ] GC(484) User=0.03s Sys=0.00s Real=0.01s
[2025-11-08T00:06:19.294+0000][gc,start      ] GC(485) Pause Young (Normal) (G1 Evacuation Pause)
[2025-11-08T00:06:19.294+0000][gc,task       ] GC(485) Using 2 workers of 2 for evacuation
[2025-11-08T00:06:19.305+0000][gc,phases     ] GC(485)   Pre Evacuate Collection Set: 0.0ms
[2025-11-08T00:06:19.305+0000][gc,phases     ] GC(485)   Evacuate Collection Set: 9.5ms
[2025-11-08T00:06:19.305+0000][gc,phases     ] GC(485)   Post Evacuate Collection Set: 0.8ms
[2025-11-08T00:06:19.305+0000][gc,phases     ] GC(485)   Other: 0.7ms
[2025-11-08T00:06:19.305+0000][gc,heap       ] GC(485) Eden regions: 38->0(40)
[2025-11-08T00:06:19.306+0000][gc,heap       ] GC(485) Survivor regions: 4->4(6)
[2025-11-08T00:06:19.306+0000][gc,heap       ] GC(485) Old regions: 327->327
[2025-11-08T00:06:19.306+0000][gc,heap       ] GC(485) Humongous regions: 147->147
[2025-11-08T00:06:19.306+0000][gc,metaspace  ] GC(485) Metaspace: 53290K(56604K)->53290K(56604K) NonClass: 47387K(49232K)->47387K(49232K) Class: 5903K(7372K)->5903K(7372K)
[2025-11-08T00:06:19.307+0000][gc            ] GC(485) Pause Young (Normal) (G1 Evacuation Pause) 514M->477M(684M) 13.039ms
[2025-11-08T00:06:19.307+0000][gc,cpu        ] GC(485) User=0.02s Sys=0.00s Real=0.01s
[2025-11-08T00:06:29.741+0000][gc,start      ] GC(486) Pause Young (Normal) (G1 Evacuation Pause)
[2025-11-08T00:06:29.742+0000][gc,task       ] GC(486) Using 2 workers of 2 for evacuation
[2025-11-08T00:06:29.762+0000][gc,phases     ] GC(486)   Pre Evacuate Collection Set: 0.0ms
[2025-11-08T00:06:29.762+0000][gc,phases     ] GC(486)   Evacuate Collection Set: 18.3ms
[2025-11-08T00:06:29.763+0000][gc,phases     ] GC(486)   Post Evacuate Collection Set: 0.9ms
[2025-11-08T00:06:29.763+0000][gc,phases     ] GC(486)   Other: 1.2ms
[2025-11-08T00:06:29.763+0000][gc,heap       ] GC(486) Eden regions: 40->0(39)
[2025-11-08T00:06:29.764+0000][gc,heap       ] GC(486) Survivor regions: 4->4(6)
[2025-11-08T00:06:29.764+0000][gc,heap       ] GC(486) Old regions: 327->328
[2025-11-08T00:06:29.764+0000][gc,heap       ] GC(486) Humongous regions: 147->147
[2025-11-08T00:06:29.764+0000][gc,metaspace  ] GC(486) Metaspace: 53290K(56604K)->53290K(56604K) NonClass: 47387K(49232K)->47387K(49232K) Class: 5903K(7372K)->5903K(7372K)
[2025-11-08T00:06:29.765+0000][gc            ] GC(486) Pause Young (Normal) (G1 Evacuation Pause) 517M->478M(684M) 23.295ms
[2025-11-08T00:06:29.765+0000][gc,cpu        ] GC(486) User=0.04s Sys=0.00s Real=0.02s
[2025-11-08T00:06:39.837+0000][gc,start      ] GC(487) Pause Young (Normal) (G1 Evacuation Pause)
[2025-11-08T00:06:39.837+0000][gc,task       ] GC(487) Using 2 workers of 2 for evacuation
[2025-11-08T00:06:39.873+0000][gc,mmu        ] GC(487) MMU target violated: 21.0ms (20.0ms/21.0ms)
[2025-11-08T00:06:39.873+0000][gc,phases     ] GC(487)   Pre Evacuate Collection Set: 0.0ms
[2025-11-08T00:06:39.873+0000][gc,phases     ] GC(487)   Evacuate Collection Set: 33.9ms
[2025-11-08T00:06:39.874+0000][gc,phases     ] GC(487)   Post Evacuate Collection Set: 0.7ms
[2025-11-08T00:06:39.875+0000][gc,phases     ] GC(487)   Other: 1.5ms
[2025-11-08T00:06:39.875+0000][gc,heap       ] GC(487) Eden regions: 39->0(31)
[2025-11-08T00:06:39.876+0000][gc,heap       ] GC(487) Survivor regions: 4->3(6)
[2025-11-08T00:06:39.876+0000][gc,heap       ] GC(487) Old regions: 328->328
[2025-11-08T00:06:39.876+0000][gc,heap       ] GC(487) Humongous regions: 147->147
[2025-11-08T00:06:39.877+0000][gc,metaspace  ] GC(487) Metaspace: 53290K(56604K)->53290K(56604K) NonClass: 47387K(49232K)->47387K(49232K) Class: 5903K(7372K)->5903K(7372K)
[2025-11-08T00:06:39.877+0000][gc            ] GC(487) Pause Young (Normal) (G1 Evacuation Pause) 517M->477M(684M) 40.401ms
[2025-11-08T00:06:39.878+0000][gc,cpu        ] GC(487) User=0.04s Sys=0.00s Real=0.05s
[2025-11-08T00:06:48.106+0000][gc,start      ] GC(488) Pause Young (Normal) (G1 Evacuation Pause)
[2025-11-08T00:06:48.107+0000][gc,task       ] GC(488) Using 2 workers of 2 for evacuation
[2025-11-08T00:06:48.117+0000][gc,phases     ] GC(488)   Pre Evacuate Collection Set: 0.0ms
[2025-11-08T00:06:48.118+0000][gc,phases     ] GC(488)   Evacuate Collection Set: 9.3ms
[2025-11-08T00:06:48.118+0000][gc,phases     ] GC(488)   Post Evacuate Collection Set: 0.9ms
[2025-11-08T00:06:48.118+0000][gc,phases     ] GC(488)   Other: 0.9ms
[2025-11-08T00:06:48.118+0000][gc,heap       ] GC(488) Eden regions: 31->0(30)
[2025-11-08T00:06:48.119+0000][gc,heap       ] GC(488) Survivor regions: 3->4(5)
[2025-11-08T00:06:48.119+0000][gc,heap       ] GC(488) Old regions: 328->328
[2025-11-08T00:06:48.119+0000][gc,heap       ] GC(488) Humongous regions: 147->147
[2025-11-08T00:06:48.119+0000][gc,metaspace  ] GC(488) Metaspace: 53290K(56604K)->53290K(56604K) NonClass: 47387K(49232K)->47387K(49232K) Class: 5903K(7372K)->5903K(7372K)
[2025-11-08T00:06:48.119+0000][gc            ] GC(488) Pause Young (Normal) (G1 Evacuation Pause) 508M->478M(684M) 13.184ms
[2025-11-08T00:06:48.120+0000][gc,cpu        ] GC(488) User=0.02s Sys=0.00s Real=0.02s
[2025-11-08T00:06:55.939+0000][gc,start      ] GC(489) Pause Young (Normal) (G1 Evacuation Pause)
[2025-11-08T00:06:55.939+0000][gc,task       ] GC(489) Using 2 workers of 2 for evacuation
[2025-11-08T00:06:55.980+0000][gc,mmu        ] GC(489) MMU target violated: 21.0ms (20.0ms/21.0ms)
[2025-11-08T00:06:55.980+0000][gc,phases     ] GC(489)   Pre Evacuate Collection Set: 0.0ms
[2025-11-08T00:06:55.981+0000][gc,phases     ] GC(489)   Evacuate Collection Set: 38.5ms
[2025-11-08T00:06:55.981+0000][gc,phases     ] GC(489)   Post Evacuate Collection Set: 1.2ms
[2025-11-08T00:06:55.981+0000][gc,phases     ] GC(489)   Other: 1.6ms
[2025-11-08T00:06:55.981+0000][gc,heap       ] GC(489) Eden regions: 30->0(31)
[2025-11-08T00:06:55.982+0000][gc,heap       ] GC(489) Survivor regions: 4->3(5)
[2025-11-08T00:06:55.982+0000][gc,heap       ] GC(489) Old regions: 328->330
[2025-11-08T00:06:55.982+0000][gc,heap       ] GC(489) Humongous regions: 147->147
[2025-11-08T00:06:55.982+0000][gc,metaspace  ] GC(489) Metaspace: 53290K(56604K)->53290K(56604K) NonClass: 47387K(49232K)->47387K(49232K) Class: 5903K(7372K)->5903K(7372K)
[2025-11-08T00:06:55.982+0000][gc            ] GC(489) Pause Young (Normal) (G1 Evacuation Pause) 508M->478M(684M) 43.394ms
[2025-11-08T00:06:55.983+0000][gc,cpu        ] GC(489) User=0.03s Sys=0.01s Real=0.04s
[2025-11-08T00:07:04.140+0000][gc,start      ] GC(490) Pause Young (Normal) (G1 Evacuation Pause)
[2025-11-08T00:07:04.140+0000][gc,task       ] GC(490) Using 2 workers of 2 for evacuation
[2025-11-08T00:07:04.148+0000][gc,phases     ] GC(490)   Pre Evacuate Collection Set: 0.0ms
[2025-11-08T00:07:04.148+0000][gc,phases     ] GC(490)   Evacuate Collection Set: 6.2ms
[2025-11-08T00:07:04.148+0000][gc,phases     ] GC(490)   Post Evacuate Collection Set: 0.6ms
[2025-11-08T00:07:04.148+0000][gc,phases     ] GC(490)   Other: 0.7ms
[2025-11-08T00:07:04.148+0000][gc,heap       ] GC(490) Eden regions: 31->0(31)
[2025-11-08T00:07:04.149+0000][gc,heap       ] GC(490) Survivor regions: 3->3(5)
[2025-11-08T00:07:04.149+0000][gc,heap       ] GC(490) Old regions: 330->330
[2025-11-08T00:07:04.149+0000][gc,heap       ] GC(490) Humongous regions: 147->147
[2025-11-08T00:07:04.149+0000][gc,metaspace  ] GC(490) Metaspace: 53290K(56604K)->53290K(56604K) NonClass: 47387K(49232K)->47387K(49232K) Class: 5903K(7372K)->5903K(7372K)
[2025-11-08T00:07:04.149+0000][gc            ] GC(490) Pause Young (Normal) (G1 Evacuation Pause) 509M->478M(684M) 8.869ms
[2025-11-08T00:07:04.149+0000][gc,cpu        ] GC(490) User=0.01s Sys=0.00s Real=0.01s
[2025-11-08T00:07:12.204+0000][gc,start      ] GC(491) Pause Young (Normal) (G1 Evacuation Pause)
[2025-11-08T00:07:12.204+0000][gc,task       ] GC(491) Using 2 workers of 2 for evacuation
[2025-11-08T00:07:12.212+0000][gc,phases     ] GC(491)   Pre Evacuate Collection Set: 0.0ms
[2025-11-08T00:07:12.212+0000][gc,phases     ] GC(491)   Evacuate Collection Set: 6.7ms
[2025-11-08T00:07:12.212+0000][gc,phases     ] GC(491)   Post Evacuate Collection Set: 0.8ms
[2025-11-08T00:07:12.212+0000][gc,phases     ] GC(491)   Other: 0.5ms
[2025-11-08T00:07:12.212+0000][gc,heap       ] GC(491) Eden regions: 31->0(33)
[2025-11-08T00:07:12.213+0000][gc,heap       ] GC(491) Survivor regions: 3->3(5)
[2025-11-08T00:07:12.213+0000][gc,heap       ] GC(491) Old regions: 330->330
[2025-11-08T00:07:12.213+0000][gc,heap       ] GC(491) Humongous regions: 147->147
[2025-11-08T00:07:12.213+0000][gc,metaspace  ] GC(491) Metaspace: 53290K(56604K)->53290K(56604K) NonClass: 47387K(49232K)->47387K(49232K) Class: 5903K(7372K)->5903K(7372K)
[2025-11-08T00:07:12.213+0000][gc            ] GC(491) Pause Young (Normal) (G1 Evacuation Pause) 509M->478M(684M) 9.418ms
[2025-11-08T00:07:12.213+0000][gc,cpu        ] GC(491) User=0.01s Sys=0.00s Real=0.01s
[2025-11-08T00:07:20.774+0000][gc,start      ] GC(492) Pause Young (Normal) (G1 Evacuation Pause)
[2025-11-08T00:07:20.774+0000][gc,task       ] GC(492) Using 2 workers of 2 for evacuation
[2025-11-08T00:07:20.783+0000][gc,phases     ] GC(492)   Pre Evacuate Collection Set: 0.0ms
[2025-11-08T00:07:20.783+0000][gc,phases     ] GC(492)   Evacuate Collection Set: 7.3ms
[2025-11-08T00:07:20.784+0000][gc,phases     ] GC(492)   Post Evacuate Collection Set: 1.1ms
[2025-11-08T00:07:20.784+0000][gc,phases     ] GC(492)   Other: 0.8ms
[2025-11-08T00:07:20.784+0000][gc,heap       ] GC(492) Eden regions: 33->0(38)
[2025-11-08T00:07:20.784+0000][gc,heap       ] GC(492) Survivor regions: 3->3(5)
[2025-11-08T00:07:20.784+0000][gc,heap       ] GC(492) Old regions: 330->330
[2025-11-08T00:07:20.785+0000][gc,heap       ] GC(492) Humongous regions: 147->147
[2025-11-08T00:07:20.785+0000][gc,metaspace  ] GC(492) Metaspace: 53290K(56604K)->53290K(56604K) NonClass: 47387K(49232K)->47387K(49232K) Class: 5903K(7372K)->5903K(7372K)
[2025-11-08T00:07:20.785+0000][gc            ] GC(492) Pause Young (Normal) (G1 Evacuation Pause) 511M->478M(684M) 11.032ms
[2025-11-08T00:07:20.785+0000][gc,cpu        ] GC(492) User=0.01s Sys=0.00s Real=0.01s
[2025-11-08T00:07:30.927+0000][gc,start      ] GC(493) Pause Young (Normal) (G1 Evacuation Pause)
[2025-11-08T00:07:30.928+0000][gc,task       ] GC(493) Using 2 workers of 2 for evacuation
[2025-11-08T00:07:30.937+0000][gc,phases     ] GC(493)   Pre Evacuate Collection Set: 0.0ms
[2025-11-08T00:07:30.938+0000][gc,phases     ] GC(493)   Evacuate Collection Set: 8.7ms
[2025-11-08T00:07:30.938+0000][gc,phases     ] GC(493)   Post Evacuate Collection Set: 0.7ms
[2025-11-08T00:07:30.938+0000][gc,phases     ] GC(493)   Other: 1.0ms
[2025-11-08T00:07:30.938+0000][gc,heap       ] GC(493) Eden regions: 38->0(41)
[2025-11-08T00:07:30.939+0000][gc,heap       ] GC(493) Survivor regions: 3->3(6)
[2025-11-08T00:07:30.939+0000][gc,heap       ] GC(493) Old regions: 330->330
[2025-11-08T00:07:30.939+0000][gc,heap       ] GC(493) Humongous regions: 147->147
[2025-11-08T00:07:30.939+0000][gc,metaspace  ] GC(493) Metaspace: 53290K(56604K)->53290K(56604K) NonClass: 47387K(49232K)->47387K(49232K) Class: 5903K(7372K)->5903K(7372K)
[2025-11-08T00:07:30.939+0000][gc            ] GC(493) Pause Young (Normal) (G1 Evacuation Pause) 516M->479M(684M) 12.389ms
[2025-11-08T00:07:30.940+0000][gc,cpu        ] GC(493) User=0.02s Sys=0.00s Real=0.01s
[2025-11-08T00:07:41.694+0000][gc,start      ] GC(494) Pause Young (Normal) (G1 Evacuation Pause)
[2025-11-08T00:07:41.695+0000][gc,task       ] GC(494) Using 2 workers of 2 for evacuation
[2025-11-08T00:07:41.708+0000][gc,phases     ] GC(494)   Pre Evacuate Collection Set: 0.0ms
[2025-11-08T00:07:41.709+0000][gc,phases     ] GC(494)   Evacuate Collection Set: 12.1ms
[2025-11-08T00:07:41.709+0000][gc,phases     ] GC(494)   Post Evacuate Collection Set: 1.1ms
[2025-11-08T00:07:41.709+0000][gc,phases     ] GC(494)   Other: 1.0ms
[2025-11-08T00:07:41.709+0000][gc,heap       ] GC(494) Eden regions: 40->0(41)
[2025-11-08T00:07:41.710+0000][gc,heap       ] GC(494) Survivor regions: 3->4(6)
[2025-11-08T00:07:41.710+0000][gc,heap       ] GC(494) Old regions: 330->330
[2025-11-08T00:07:41.710+0000][gc,heap       ] GC(494) Humongous regions: 147->147
[2025-11-08T00:07:41.711+0000][gc,metaspace  ] GC(494) Metaspace: 53290K(56604K)->53290K(56604K) NonClass: 47387K(49232K)->47387K(49232K) Class: 5903K(7372K)->5903K(7372K)
[2025-11-08T00:07:41.711+0000][gc            ] GC(494) Pause Young (Normal) (G1 Evacuation Pause) 519M->480M(684M) 16.952ms
[2025-11-08T00:07:41.711+0000][gc,cpu        ] GC(494) User=0.03s Sys=0.00s Real=0.02s
[2025-11-08T00:07:51.731+0000][gc,start      ] GC(495) Pause Young (Normal) (G1 Evacuation Pause)
[2025-11-08T00:07:51.732+0000][gc,task       ] GC(495) Using 2 workers of 2 for evacuation
[2025-11-08T00:07:51.770+0000][gc,mmu        ] GC(495) MMU target violated: 21.0ms (20.0ms/21.0ms)
[2025-11-08T00:07:51.770+0000][gc,phases     ] GC(495)   Pre Evacuate Collection Set: 0.1ms
[2025-11-08T00:07:51.771+0000][gc,phases     ] GC(495)   Evacuate Collection Set: 34.0ms
[2025-11-08T00:07:51.771+0000][gc,phases     ] GC(495)   Post Evacuate Collection Set: 1.0ms
[2025-11-08T00:07:51.771+0000][gc,phases     ] GC(495)   Other: 3.8ms
[2025-11-08T00:07:51.771+0000][gc,heap       ] GC(495) Eden regions: 38->0(32)
[2025-11-08T00:07:51.772+0000][gc,heap       ] GC(495) Survivor regions: 4->2(6)
[2025-11-08T00:07:51.772+0000][gc,heap       ] GC(495) Old regions: 330->331
[2025-11-08T00:07:51.772+0000][gc,heap       ] GC(495) Humongous regions: 147->147
[2025-11-08T00:07:51.772+0000][gc,metaspace  ] GC(495) Metaspace: 53290K(56604K)->53290K(56604K) NonClass: 47387K(49232K)->47387K(49232K) Class: 5903K(7372K)->5903K(7372K)
[2025-11-08T00:07:51.773+0000][gc            ] GC(495) Pause Young (Normal) (G1 Evacuation Pause) 518M->479M(684M) 41.222ms
[2025-11-08T00:07:51.773+0000][gc,cpu        ] GC(495) User=0.03s Sys=0.01s Real=0.04s
[2025-11-08T00:08:00.227+0000][gc,start      ] GC(496) Pause Young (Normal) (G1 Evacuation Pause)
[2025-11-08T00:08:00.228+0000][gc,task       ] GC(496) Using 2 workers of 2 for evacuation
[2025-11-08T00:08:00.242+0000][gc,phases     ] GC(496)   Pre Evacuate Collection Set: 0.0ms
[2025-11-08T00:08:00.242+0000][gc,phases     ] GC(496)   Evacuate Collection Set: 12.2ms
[2025-11-08T00:08:00.243+0000][gc,phases     ] GC(496)   Post Evacuate Collection Set: 1.5ms
[2025-11-08T00:08:00.243+0000][gc,phases     ] GC(496)   Other: 1.1ms
[2025-11-08T00:08:00.243+0000][gc,heap       ] GC(496) Eden regions: 32->0(32)
[2025-11-08T00:08:00.244+0000][gc,heap       ] GC(496) Survivor regions: 2->2(5)
[2025-11-08T00:08:00.244+0000][gc,heap       ] GC(496) Old regions: 331->331
[2025-11-08T00:08:00.245+0000][gc,heap       ] GC(496) Humongous regions: 147->147
[2025-11-08T00:08:00.246+0000][gc,metaspace  ] GC(496) Metaspace: 53290K(56604K)->53290K(56604K) NonClass: 47387K(49232K)->47387K(49232K) Class: 5903K(7372K)->5903K(7372K)
[2025-11-08T00:08:00.247+0000][gc            ] GC(496) Pause Young (Normal) (G1 Evacuation Pause) 511M->479M(684M) 19.713ms
[2025-11-08T00:08:00.247+0000][gc,cpu        ] GC(496) User=0.03s Sys=0.00s Real=0.02s
[2025-11-08T00:08:08.584+0000][gc,start      ] GC(497) Pause Young (Normal) (G1 Evacuation Pause)
[2025-11-08T00:08:08.585+0000][gc,task       ] GC(497) Using 2 workers of 2 for evacuation
[2025-11-08T00:08:08.596+0000][gc,phases     ] GC(497)   Pre Evacuate Collection Set: 0.0ms
[2025-11-08T00:08:08.597+0000][gc,phases     ] GC(497)   Evacuate Collection Set: 10.3ms
[2025-11-08T00:08:08.597+0000][gc,phases     ] GC(497)   Post Evacuate Collection Set: 0.8ms
[2025-11-08T00:08:08.632+0000][gc,phases     ] GC(497)   Other: 0.7ms
[2025-11-08T00:08:08.633+0000][gc,heap       ] GC(497) Eden regions: 32->0(31)
[2025-11-08T00:08:08.633+0000][gc,heap       ] GC(497) Survivor regions: 2->4(5)
[2025-11-08T00:08:08.633+0000][gc,heap       ] GC(497) Old regions: 331->331
[2025-11-08T00:08:08.633+0000][gc,heap       ] GC(497) Humongous regions: 147->147
[2025-11-08T00:08:08.634+0000][gc,metaspace  ] GC(497) Metaspace: 53290K(56604K)->53290K(56604K) NonClass: 47387K(49232K)->47387K(49232K) Class: 5903K(7372K)->5903K(7372K)
[2025-11-08T00:08:08.634+0000][gc            ] GC(497) Pause Young (Normal) (G1 Evacuation Pause) 511M->480M(684M) 49.783ms
[2025-11-08T00:08:08.635+0000][gc,cpu        ] GC(497) User=0.02s Sys=0.00s Real=0.05s
[2025-11-08T00:08:16.606+0000][gc,start      ] GC(498) Pause Young (Normal) (G1 Evacuation Pause)
[2025-11-08T00:08:16.608+0000][gc,task       ] GC(498) Using 2 workers of 2 for evacuation
[2025-11-08T00:08:16.666+0000][gc,mmu        ] GC(498) MMU target violated: 21.0ms (20.0ms/21.0ms)
[2025-11-08T00:08:16.667+0000][gc,phases     ] GC(498)   Pre Evacuate Collection Set: 0.0ms
[2025-11-08T00:08:16.667+0000][gc,phases     ] GC(498)   Evacuate Collection Set: 56.8ms
[2025-11-08T00:08:16.667+0000][gc,phases     ] GC(498)   Post Evacuate Collection Set: 0.8ms
[2025-11-08T00:08:16.667+0000][gc,phases     ] GC(498)   Other: 3.1ms
[2025-11-08T00:08:16.667+0000][gc,heap       ] GC(498) Eden regions: 30->0(31)
[2025-11-08T00:08:16.668+0000][gc,heap       ] GC(498) Survivor regions: 4->3(5)
[2025-11-08T00:08:16.668+0000][gc,heap       ] GC(498) Old regions: 331->332
[2025-11-08T00:08:16.668+0000][gc,heap       ] GC(498) Humongous regions: 147->147
[2025-11-08T00:08:16.668+0000][gc,metaspace  ] GC(498) Metaspace: 53290K(56604K)->53290K(56604K) NonClass: 47387K(49232K)->47387K(49232K) Class: 5903K(7372K)->5903K(7372K)
[2025-11-08T00:08:16.668+0000][gc            ] GC(498) Pause Young (Normal) (G1 Evacuation Pause) 510M->481M(684M) 62.504ms
[2025-11-08T00:08:16.669+0000][gc,cpu        ] GC(498) User=0.03s Sys=0.01s Real=0.07s
[2025-11-08T00:08:24.812+0000][gc,start      ] GC(499) Pause Young (Normal) (G1 Evacuation Pause)
[2025-11-08T00:08:24.813+0000][gc,task       ] GC(499) Using 2 workers of 2 for evacuation
[2025-11-08T00:08:24.825+0000][gc,phases     ] GC(499)   Pre Evacuate Collection Set: 0.0ms
[2025-11-08T00:08:24.825+0000][gc,phases     ] GC(499)   Evacuate Collection Set: 10.2ms
[2025-11-08T00:08:24.825+0000][gc,phases     ] GC(499)   Post Evacuate Collection Set: 1.4ms
[2025-11-08T00:08:24.826+0000][gc,phases     ] GC(499)   Other: 1.0ms
[2025-11-08T00:08:24.826+0000][gc,heap       ] GC(499) Eden regions: 31->0(31)
[2025-11-08T00:08:24.826+0000][gc,heap       ] GC(499) Survivor regions: 3->3(5)
[2025-11-08T00:08:24.827+0000][gc,heap       ] GC(499) Old regions: 332->332
[2025-11-08T00:08:24.827+0000][gc,heap       ] GC(499) Humongous regions: 147->147
[2025-11-08T00:08:24.828+0000][gc,metaspace  ] GC(499) Metaspace: 53290K(56604K)->53290K(56604K) NonClass: 47387K(49232K)->47387K(49232K) Class: 5903K(7372K)->5903K(7372K)
[2025-11-08T00:08:24.829+0000][gc            ] GC(499) Pause Young (Normal) (G1 Evacuation Pause) 512M->480M(684M) 16.703ms
[2025-11-08T00:08:24.829+0000][gc,cpu        ] GC(499) User=0.02s Sys=0.00s Real=0.02s
[2025-11-08T00:08:32.848+0000][gc,start      ] GC(500) Pause Young (Normal) (G1 Evacuation Pause)
[2025-11-08T00:08:32.849+0000][gc,task       ] GC(500) Using 2 workers of 2 for evacuation
[2025-11-08T00:08:32.856+0000][gc,phases     ] GC(500)   Pre Evacuate Collection Set: 0.0ms
[2025-11-08T00:08:32.857+0000][gc,phases     ] GC(500)   Evacuate Collection Set: 6.6ms
[2025-11-08T00:08:32.857+0000][gc,phases     ] GC(500)   Post Evacuate Collection Set: 0.8ms
[2025-11-08T00:08:32.857+0000][gc,phases     ] GC(500)   Other: 0.7ms
[2025-11-08T00:08:32.857+0000][gc,heap       ] GC(500) Eden regions: 31->0(32)
[2025-11-08T00:08:32.857+0000][gc,heap       ] GC(500) Survivor regions: 3->2(5)
[2025-11-08T00:08:32.858+0000][gc,heap       ] GC(500) Old regions: 332->332
[2025-11-08T00:08:32.858+0000][gc,heap       ] GC(500) Humongous regions: 147->147
[2025-11-08T00:08:32.858+0000][gc,metaspace  ] GC(500) Metaspace: 53290K(56604K)->53290K(56604K) NonClass: 47387K(49232K)->47387K(49232K) Class: 5903K(7372K)->5903K(7372K)
[2025-11-08T00:08:32.858+0000][gc            ] GC(500) Pause Young (Normal) (G1 Evacuation Pause) 511M->480M(684M) 9.675ms
[2025-11-08T00:08:32.858+0000][gc,cpu        ] GC(500) User=0.01s Sys=0.00s Real=0.01s
[2025-11-08T00:08:41.145+0000][gc,start      ] GC(501) Pause Young (Normal) (G1 Evacuation Pause)
[2025-11-08T00:08:41.145+0000][gc,task       ] GC(501) Using 2 workers of 2 for evacuation
[2025-11-08T00:08:41.158+0000][gc,phases     ] GC(501)   Pre Evacuate Collection Set: 0.0ms
[2025-11-08T00:08:41.159+0000][gc,phases     ] GC(501)   Evacuate Collection Set: 10.5ms
[2025-11-08T00:08:41.159+0000][gc,phases     ] GC(501)   Post Evacuate Collection Set: 1.0ms
[2025-11-08T00:08:41.159+0000][gc,phases     ] GC(501)   Other: 1.1ms
[2025-11-08T00:08:41.160+0000][gc,heap       ] GC(501) Eden regions: 32->0(32)
[2025-11-08T00:08:41.160+0000][gc,heap       ] GC(501) Survivor regions: 2->2(5)
[2025-11-08T00:08:41.160+0000][gc,heap       ] GC(501) Old regions: 332->332
[2025-11-08T00:08:41.160+0000][gc,heap       ] GC(501) Humongous regions: 147->147
[2025-11-08T00:08:41.161+0000][gc,metaspace  ] GC(501) Metaspace: 53290K(56604K)->53290K(56604K) NonClass: 47387K(49232K)->47387K(49232K) Class: 5903K(7372K)->5903K(7372K)
[2025-11-08T00:08:41.161+0000][gc            ] GC(501) Pause Young (Normal) (G1 Evacuation Pause) 512M->480M(684M) 15.965ms
[2025-11-08T00:08:41.161+0000][gc,cpu        ] GC(501) User=0.02s Sys=0.00s Real=0.02s
[2025-11-08T00:08:49.608+0000][gc,start      ] GC(502) Pause Young (Normal) (G1 Evacuation Pause)
[2025-11-08T00:08:49.608+0000][gc,task       ] GC(502) Using 2 workers of 2 for evacuation
[2025-11-08T00:08:49.620+0000][gc,phases     ] GC(502)   Pre Evacuate Collection Set: 0.0ms
[2025-11-08T00:08:49.621+0000][gc,phases     ] GC(502)   Evacuate Collection Set: 10.5ms
[2025-11-08T00:08:49.621+0000][gc,phases     ] GC(502)   Post Evacuate Collection Set: 0.8ms
[2025-11-08T00:08:49.621+0000][gc,phases     ] GC(502)   Other: 0.6ms
[2025-11-08T00:08:49.621+0000][gc,heap       ] GC(502) Eden regions: 32->0(33)
[2025-11-08T00:08:49.621+0000][gc,heap       ] GC(502) Survivor regions: 2->3(5)
[2025-11-08T00:08:49.622+0000][gc,heap       ] GC(502) Old regions: 332->332
[2025-11-08T00:08:49.622+0000][gc,heap       ] GC(502) Humongous regions: 147->147
[2025-11-08T00:08:49.623+0000][gc,metaspace  ] GC(502) Metaspace: 53290K(56604K)->53290K(56604K) NonClass: 47387K(49232K)->47387K(49232K) Class: 5903K(7372K)->5903K(7372K)
[2025-11-08T00:08:49.623+0000][gc            ] GC(502) Pause Young (Normal) (G1 Evacuation Pause) 512M->480M(684M) 15.258ms
[2025-11-08T00:08:49.623+0000][gc,cpu        ] GC(502) User=0.02s Sys=0.00s Real=0.01s
[2025-11-08T00:08:57.986+0000][gc,start      ] GC(503) Pause Young (Normal) (G1 Evacuation Pause)
[2025-11-08T00:08:57.987+0000][gc,task       ] GC(503) Using 2 workers of 2 for evacuation
[2025-11-08T00:08:57.995+0000][gc,phases     ] GC(503)   Pre Evacuate Collection Set: 0.0ms
[2025-11-08T00:08:57.996+0000][gc,phases     ] GC(503)   Evacuate Collection Set: 7.5ms
[2025-11-08T00:08:57.996+0000][gc,phases     ] GC(503)   Post Evacuate Collection Set: 0.9ms
[2025-11-08T00:08:57.996+0000][gc,phases     ] GC(503)   Other: 0.6ms
[2025-11-08T00:08:57.997+0000][gc,heap       ] GC(503) Eden regions: 32->0(35)
[2025-11-08T00:08:57.997+0000][gc,heap       ] GC(503) Survivor regions: 3->2(5)
[2025-11-08T00:08:57.997+0000][gc,heap       ] GC(503) Old regions: 332->332
[2025-11-08T00:08:57.997+0000][gc,heap       ] GC(503) Humongous regions: 147->147
[2025-11-08T00:08:57.997+0000][gc,metaspace  ] GC(503) Metaspace: 53290K(56604K)->53290K(56604K) NonClass: 47387K(49232K)->47387K(49232K) Class: 5903K(7372K)->5903K(7372K)
[2025-11-08T00:08:57.998+0000][gc            ] GC(503) Pause Young (Normal) (G1 Evacuation Pause) 512M->480M(684M) 11.090ms
[2025-11-08T00:08:57.998+0000][gc,cpu        ] GC(503) User=0.01s Sys=0.00s Real=0.01s
[2025-11-08T00:09:07.238+0000][gc,start      ] GC(504) Pause Young (Normal) (G1 Evacuation Pause)
[2025-11-08T00:09:07.238+0000][gc,task       ] GC(504) Using 2 workers of 2 for evacuation
[2025-11-08T00:09:07.247+0000][gc,phases     ] GC(504)   Pre Evacuate Collection Set: 0.0ms
[2025-11-08T00:09:07.247+0000][gc,phases     ] GC(504)   Evacuate Collection Set: 8.0ms
[2025-11-08T00:09:07.247+0000][gc,phases     ] GC(504)   Post Evacuate Collection Set: 0.6ms
[2025-11-08T00:09:07.247+0000][gc,phases     ] GC(504)   Other: 0.5ms
[2025-11-08T00:09:07.248+0000][gc,heap       ] GC(504) Eden regions: 35->0(37)
[2025-11-08T00:09:07.248+0000][gc,heap       ] GC(504) Survivor regions: 2->3(5)
[2025-11-08T00:09:07.248+0000][gc,heap       ] GC(504) Old regions: 332->332
[2025-11-08T00:09:07.248+0000][gc,heap       ] GC(504) Humongous regions: 147->147
[2025-11-08T00:09:07.248+0000][gc,metaspace  ] GC(504) Metaspace: 53290K(56604K)->53290K(56604K) NonClass: 47387K(49232K)->47387K(49232K) Class: 5903K(7372K)->5903K(7372K)
[2025-11-08T00:09:07.249+0000][gc            ] GC(504) Pause Young (Normal) (G1 Evacuation Pause) 515M->480M(684M) 11.103ms
[2025-11-08T00:09:07.249+0000][gc,cpu        ] GC(504) User=0.01s Sys=0.00s Real=0.01s
[2025-11-08T00:09:16.551+0000][gc,start      ] GC(505) Pause Young (Normal) (G1 Evacuation Pause)
[2025-11-08T00:09:16.552+0000][gc,task       ] GC(505) Using 2 workers of 2 for evacuation
[2025-11-08T00:09:16.562+0000][gc,phases     ] GC(505)   Pre Evacuate Collection Set: 0.0ms
[2025-11-08T00:09:16.562+0000][gc,phases     ] GC(505)   Evacuate Collection Set: 8.9ms
[2025-11-08T00:09:16.562+0000][gc,phases     ] GC(505)   Post Evacuate Collection Set: 0.9ms
[2025-11-08T00:09:16.562+0000][gc,phases     ] GC(505)   Other: 0.8ms
[2025-11-08T00:09:16.563+0000][gc,heap       ] GC(505) Eden regions: 35->0(38)
[2025-11-08T00:09:16.563+0000][gc,heap       ] GC(505) Survivor regions: 3->3(5)
[2025-11-08T00:09:16.563+0000][gc,heap       ] GC(505) Old regions: 332->332
[2025-11-08T00:09:16.563+0000][gc,heap       ] GC(505) Humongous regions: 147->147
[2025-11-08T00:09:16.563+0000][gc,metaspace  ] GC(505) Metaspace: 53290K(56604K)->53290K(56604K) NonClass: 47387K(49232K)->47387K(49232K) Class: 5903K(7372K)->5903K(7372K)
[2025-11-08T00:09:16.564+0000][gc            ] GC(505) Pause Young (Normal) (G1 Evacuation Pause) 515M->481M(684M) 12.318ms
[2025-11-08T00:09:16.564+0000][gc,cpu        ] GC(505) User=0.02s Sys=0.00s Real=0.01s
[2025-11-08T00:09:26.607+0000][gc,start      ] GC(506) Pause Young (Normal) (G1 Evacuation Pause)
[2025-11-08T00:09:26.608+0000][gc,task       ] GC(506) Using 2 workers of 2 for evacuation
[2025-11-08T00:09:26.619+0000][gc,phases     ] GC(506)   Pre Evacuate Collection Set: 0.0ms
[2025-11-08T00:09:26.619+0000][gc,phases     ] GC(506)   Evacuate Collection Set: 10.1ms
[2025-11-08T00:09:26.619+0000][gc,phases     ] GC(506)   Post Evacuate Collection Set: 0.8ms
[2025-11-08T00:09:26.620+0000][gc,phases     ] GC(506)   Other: 0.6ms
[2025-11-08T00:09:26.620+0000][gc,heap       ] GC(506) Eden regions: 38->0(40)
[2025-11-08T00:09:26.620+0000][gc,heap       ] GC(506) Survivor regions: 3->4(6)
[2025-11-08T00:09:26.620+0000][gc,heap       ] GC(506) Old regions: 332->332
[2025-11-08T00:09:26.621+0000][gc,heap       ] GC(506) Humongous regions: 147->147
[2025-11-08T00:09:26.621+0000][gc,metaspace  ] GC(506) Metaspace: 53290K(56604K)->53290K(56604K) NonClass: 47387K(49232K)->47387K(49232K) Class: 5903K(7372K)->5903K(7372K)
[2025-11-08T00:09:26.621+0000][gc            ] GC(506) Pause Young (Normal) (G1 Evacuation Pause) 519M->481M(684M) 14.091ms
[2025-11-08T00:09:26.622+0000][gc,cpu        ] GC(506) User=0.03s Sys=0.00s Real=0.01s
[2025-11-08T00:09:37.073+0000][gc,start      ] GC(507) Pause Young (Normal) (G1 Evacuation Pause)
[2025-11-08T00:09:37.073+0000][gc,task       ] GC(507) Using 2 workers of 2 for evacuation
[2025-11-08T00:09:37.091+0000][gc,phases     ] GC(507)   Pre Evacuate Collection Set: 0.0ms
[2025-11-08T00:09:37.091+0000][gc,phases     ] GC(507)   Evacuate Collection Set: 16.3ms
[2025-11-08T00:09:37.091+0000][gc,phases     ] GC(507)   Post Evacuate Collection Set: 0.7ms
[2025-11-08T00:09:37.091+0000][gc,phases     ] GC(507)   Other: 0.7ms
[2025-11-08T00:09:37.091+0000][gc,heap       ] GC(507) Eden regions: 40->0(40)
[2025-11-08T00:09:37.092+0000][gc,heap       ] GC(507) Survivor regions: 4->5(6)
[2025-11-08T00:09:37.092+0000][gc,heap       ] GC(507) Old regions: 332->332
[2025-11-08T00:09:37.092+0000][gc,heap       ] GC(507) Humongous regions: 147->147
[2025-11-08T00:09:37.092+0000][gc,metaspace  ] GC(507) Metaspace: 53290K(56604K)->53290K(56604K) NonClass: 47387K(49232K)->47387K(49232K) Class: 5903K(7372K)->5903K(7372K)
[2025-11-08T00:09:37.092+0000][gc            ] GC(507) Pause Young (Normal) (G1 Evacuation Pause) 521M->483M(684M) 18.956ms
[2025-11-08T00:09:37.092+0000][gc,cpu        ] GC(507) User=0.03s Sys=0.00s Real=0.02s
[2025-11-08T00:09:46.842+0000][gc,start      ] GC(508) Pause Young (Normal) (G1 Evacuation Pause)
[2025-11-08T00:09:46.842+0000][gc,task       ] GC(508) Using 2 workers of 2 for evacuation
[2025-11-08T00:09:46.868+0000][gc,mmu        ] GC(508) MMU target violated: 21.0ms (20.0ms/21.0ms)
[2025-11-08T00:09:46.868+0000][gc,phases     ] GC(508)   Pre Evacuate Collection Set: 0.0ms
[2025-11-08T00:09:46.868+0000][gc,phases     ] GC(508)   Evacuate Collection Set: 24.7ms
[2025-11-08T00:09:46.868+0000][gc,phases     ] GC(508)   Post Evacuate Collection Set: 0.5ms
[2025-11-08T00:09:46.869+0000][gc,phases     ] GC(508)   Other: 1.2ms
[2025-11-08T00:09:46.869+0000][gc,heap       ] GC(508) Eden regions: 37->0(34)
[2025-11-08T00:09:46.869+0000][gc,heap       ] GC(508) Survivor regions: 5->4(6)
[2025-11-08T00:09:46.869+0000][gc,heap       ] GC(508) Old regions: 332->334
[2025-11-08T00:09:46.869+0000][gc,heap       ] GC(508) Humongous regions: 147->147
[2025-11-08T00:09:46.870+0000][gc,metaspace  ] GC(508) Metaspace: 53290K(56604K)->53290K(56604K) NonClass: 47387K(49232K)->47387K(49232K) Class: 5903K(7372K)->5903K(7372K)
[2025-11-08T00:09:46.870+0000][gc            ] GC(508) Pause Young (Normal) (G1 Evacuation Pause) 520M->483M(684M) 28.084ms
[2025-11-08T00:09:46.870+0000][gc,cpu        ] GC(508) User=0.03s Sys=0.01s Real=0.03s
[2025-11-08T00:09:55.815+0000][gc,start      ] GC(509) Pause Young (Normal) (G1 Evacuation Pause)
[2025-11-08T00:09:55.815+0000][gc,task       ] GC(509) Using 2 workers of 2 for evacuation
[2025-11-08T00:09:55.840+0000][gc,mmu        ] GC(509) MMU target violated: 21.0ms (20.0ms/21.0ms)
[2025-11-08T00:09:55.840+0000][gc,phases     ] GC(509)   Pre Evacuate Collection Set: 0.0ms
[2025-11-08T00:09:55.840+0000][gc,phases     ] GC(509)   Evacuate Collection Set: 23.4ms
[2025-11-08T00:09:55.840+0000][gc,phases     ] GC(509)   Post Evacuate Collection Set: 0.8ms
[2025-11-08T00:09:55.840+0000][gc,phases     ] GC(509)   Other: 1.2ms
[2025-11-08T00:09:55.840+0000][gc,heap       ] GC(509) Eden regions: 34->0(31)
[2025-11-08T00:09:55.841+0000][gc,heap       ] GC(509) Survivor regions: 4->3(5)
[2025-11-08T00:09:55.841+0000][gc,heap       ] GC(509) Old regions: 334->335
[2025-11-08T00:09:55.841+0000][gc,heap       ] GC(509) Humongous regions: 147->147
[2025-11-08T00:09:55.841+0000][gc,metaspace  ] GC(509) Metaspace: 53290K(56604K)->53290K(56604K) NonClass: 47387K(49232K)->47387K(49232K) Class: 5903K(7372K)->5903K(7372K)
[2025-11-08T00:09:55.841+0000][gc            ] GC(509) Pause Young (Normal) (G1 Evacuation Pause) 517M->484M(684M) 26.773ms
[2025-11-08T00:09:55.841+0000][gc,cpu        ] GC(509) User=0.02s Sys=0.00s Real=0.03s
[2025-11-08T00:10:03.946+0000][gc,start      ] GC(510) Pause Young (Normal) (G1 Evacuation Pause)
[2025-11-08T00:10:03.947+0000][gc,task       ] GC(510) Using 2 workers of 2 for evacuation
[2025-11-08T00:10:03.967+0000][gc,phases     ] GC(510)   Pre Evacuate Collection Set: 0.0ms
[2025-11-08T00:10:03.967+0000][gc,phases     ] GC(510)   Evacuate Collection Set: 17.6ms
[2025-11-08T00:10:03.968+0000][gc,phases     ] GC(510)   Post Evacuate Collection Set: 1.6ms
[2025-11-08T00:10:03.968+0000][gc,phases     ] GC(510)   Other: 1.5ms
[2025-11-08T00:10:03.969+0000][gc,heap       ] GC(510) Eden regions: 31->0(31)
[2025-11-08T00:10:03.969+0000][gc,heap       ] GC(510) Survivor regions: 3->3(5)
[2025-11-08T00:10:03.969+0000][gc,heap       ] GC(510) Old regions: 335->335
[2025-11-08T00:10:03.969+0000][gc,heap       ] GC(510) Humongous regions: 147->147
[2025-11-08T00:10:03.969+0000][gc,metaspace  ] GC(510) Metaspace: 53290K(56604K)->53290K(56604K) NonClass: 47387K(49232K)->47387K(49232K) Class: 5903K(7372K)->5903K(7372K)
[2025-11-08T00:10:03.970+0000][gc            ] GC(510) Pause Young (Normal) (G1 Evacuation Pause) 515M->484M(684M) 23.821ms
[2025-11-08T00:10:03.970+0000][gc,cpu        ] GC(510) User=0.02s Sys=0.00s Real=0.02s
[2025-11-08T00:10:12.167+0000][gc,start      ] GC(511) Pause Young (Normal) (G1 Evacuation Pause)
[2025-11-08T00:10:12.170+0000][gc,task       ] GC(511) Using 2 workers of 2 for evacuation
[2025-11-08T00:10:12.180+0000][gc,phases     ] GC(511)   Pre Evacuate Collection Set: 0.0ms
[2025-11-08T00:10:12.180+0000][gc,phases     ] GC(511)   Evacuate Collection Set: 8.6ms
[2025-11-08T00:10:12.180+0000][gc,phases     ] GC(511)   Post Evacuate Collection Set: 1.0ms
[2025-11-08T00:10:12.181+0000][gc,phases     ] GC(511)   Other: 3.5ms
[2025-11-08T00:10:12.181+0000][gc,heap       ] GC(511) Eden regions: 31->0(35)
[2025-11-08T00:10:12.181+0000][gc,heap       ] GC(511) Survivor regions: 3->3(5)
[2025-11-08T00:10:12.181+0000][gc,heap       ] GC(511) Old regions: 335->335
[2025-11-08T00:10:12.181+0000][gc,heap       ] GC(511) Humongous regions: 147->147
[2025-11-08T00:10:12.182+0000][gc,metaspace  ] GC(511) Metaspace: 53290K(56604K)->53290K(56604K) NonClass: 47387K(49232K)->47387K(49232K) Class: 5903K(7372K)->5903K(7372K)
[2025-11-08T00:10:12.182+0000][gc            ] GC(511) Pause Young (Normal) (G1 Evacuation Pause) 515M->484M(684M) 15.120ms
[2025-11-08T00:10:12.182+0000][gc,cpu        ] GC(511) User=0.02s Sys=0.00s Real=0.01s
[2025-11-08T00:10:21.478+0000][gc,start      ] GC(512) Pause Young (Normal) (G1 Evacuation Pause)
[2025-11-08T00:10:21.478+0000][gc,task       ] GC(512) Using 2 workers of 2 for evacuation
[2025-11-08T00:10:21.486+0000][gc,phases     ] GC(512)   Pre Evacuate Collection Set: 0.0ms
[2025-11-08T00:10:21.487+0000][gc,phases     ] GC(512)   Evacuate Collection Set: 7.6ms
[2025-11-08T00:10:21.487+0000][gc,phases     ] GC(512)   Post Evacuate Collection Set: 0.7ms
[2025-11-08T00:10:21.487+0000][gc,phases     ] GC(512)   Other: 0.6ms
[2025-11-08T00:10:21.487+0000][gc,heap       ] GC(512) Eden regions: 35->0(39)
[2025-11-08T00:10:21.487+0000][gc,heap       ] GC(512) Survivor regions: 3->3(5)
[2025-11-08T00:10:21.488+0000][gc,heap       ] GC(512) Old regions: 335->335
[2025-11-08T00:10:21.488+0000][gc,heap       ] GC(512) Humongous regions: 147->147
[2025-11-08T00:10:21.488+0000][gc,metaspace  ] GC(512) Metaspace: 53290K(56604K)->53290K(56604K) NonClass: 47387K(49232K)->47387K(49232K) Class: 5903K(7372K)->5903K(7372K)
[2025-11-08T00:10:21.488+0000][gc            ] GC(512) Pause Young (Normal) (G1 Evacuation Pause) 519M->484M(684M) 10.622ms
[2025-11-08T00:10:21.488+0000][gc,cpu        ] GC(512) User=0.02s Sys=0.00s Real=0.01s
[2025-11-08T00:10:31.545+0000][gc,start      ] GC(513) Pause Young (Normal) (G1 Evacuation Pause)
[2025-11-08T00:10:31.545+0000][gc,task       ] GC(513) Using 2 workers of 2 for evacuation
[2025-11-08T00:10:31.556+0000][gc,phases     ] GC(513)   Pre Evacuate Collection Set: 0.0ms
[2025-11-08T00:10:31.556+0000][gc,phases     ] GC(513)   Evacuate Collection Set: 9.5ms
[2025-11-08T00:10:31.556+0000][gc,phases     ] GC(513)   Post Evacuate Collection Set: 0.7ms
[2025-11-08T00:10:31.556+0000][gc,phases     ] GC(513)   Other: 1.1ms
[2025-11-08T00:10:31.557+0000][gc,heap       ] GC(513) Eden regions: 39->0(41)
[2025-11-08T00:10:31.557+0000][gc,heap       ] GC(513) Survivor regions: 3->4(6)
[2025-11-08T00:10:31.557+0000][gc,heap       ] GC(513) Old regions: 335->335
[2025-11-08T00:10:31.557+0000][gc,heap       ] GC(513) Humongous regions: 147->147
[2025-11-08T00:10:31.557+0000][gc,metaspace  ] GC(513) Metaspace: 53290K(56604K)->53290K(56604K) NonClass: 47387K(49232K)->47387K(49232K) Class: 5903K(7372K)->5903K(7372K)
[2025-11-08T00:10:31.557+0000][gc            ] GC(513) Pause Young (Normal) (G1 Evacuation Pause) 523M->485M(684M) 12.711ms
[2025-11-08T00:10:31.558+0000][gc,cpu        ] GC(513) User=0.02s Sys=0.00s Real=0.02s
[2025-11-08T00:10:42.241+0000][gc,start      ] GC(514) Pause Young (Normal) (G1 Evacuation Pause)
[2025-11-08T00:10:42.241+0000][gc,task       ] GC(514) Using 2 workers of 2 for evacuation
[2025-11-08T00:10:42.258+0000][gc,phases     ] GC(514)   Pre Evacuate Collection Set: 0.0ms
[2025-11-08T00:10:42.259+0000][gc,phases     ] GC(514)   Evacuate Collection Set: 16.4ms
[2025-11-08T00:10:42.259+0000][gc,phases     ] GC(514)   Post Evacuate Collection Set: 0.6ms
[2025-11-08T00:10:42.259+0000][gc,phases     ] GC(514)   Other: 0.5ms
[2025-11-08T00:10:42.259+0000][gc,heap       ] GC(514) Eden regions: 41->0(40)
[2025-11-08T00:10:42.259+0000][gc,heap       ] GC(514) Survivor regions: 4->3(6)
[2025-11-08T00:10:42.259+0000][gc,heap       ] GC(514) Old regions: 335->336
[2025-11-08T00:10:42.260+0000][gc,heap       ] GC(514) Humongous regions: 147->147
[2025-11-08T00:10:42.260+0000][gc,metaspace  ] GC(514) Metaspace: 53290K(56604K)->53290K(56604K) NonClass: 47387K(49232K)->47387K(49232K) Class: 5903K(7372K)->5903K(7372K)
[2025-11-08T00:10:42.260+0000][gc            ] GC(514) Pause Young (Normal) (G1 Evacuation Pause) 526M->484M(684M) 19.133ms
[2025-11-08T00:10:42.260+0000][gc,cpu        ] GC(514) User=0.02s Sys=0.00s Real=0.02s
[2025-11-08T00:10:52.830+0000][gc,start      ] GC(515) Pause Young (Normal) (G1 Evacuation Pause)
[2025-11-08T00:10:52.830+0000][gc,task       ] GC(515) Using 2 workers of 2 for evacuation
[2025-11-08T00:10:52.842+0000][gc,phases     ] GC(515)   Pre Evacuate Collection Set: 0.0ms
[2025-11-08T00:10:52.842+0000][gc,phases     ] GC(515)   Evacuate Collection Set: 10.7ms
[2025-11-08T00:10:52.842+0000][gc,phases     ] GC(515)   Post Evacuate Collection Set: 0.7ms
[2025-11-08T00:10:52.843+0000][gc,phases     ] GC(515)   Other: 0.9ms
[2025-11-08T00:10:52.843+0000][gc,heap       ] GC(515) Eden regions: 40->0(42)
[2025-11-08T00:10:52.843+0000][gc,heap       ] GC(515) Survivor regions: 3->4(6)
[2025-11-08T00:10:52.843+0000][gc,heap       ] GC(515) Old regions: 336->336
[2025-11-08T00:10:52.843+0000][gc,heap       ] GC(515) Humongous regions: 147->147
[2025-11-08T00:10:52.844+0000][gc,metaspace  ] GC(515) Metaspace: 53290K(56604K)->53290K(56604K) NonClass: 47387K(49232K)->47387K(49232K) Class: 5903K(7372K)->5903K(7372K)
[2025-11-08T00:10:52.844+0000][gc            ] GC(515) Pause Young (Normal) (G1 Evacuation Pause) 524M->485M(684M) 14.356ms
[2025-11-08T00:10:52.844+0000][gc,cpu        ] GC(515) User=0.02s Sys=0.00s Real=0.01s
[2025-11-08T00:11:02.908+0000][gc,start      ] GC(516) Pause Young (Normal) (G1 Evacuation Pause)
[2025-11-08T00:11:02.909+0000][gc,task       ] GC(516) Using 2 workers of 2 for evacuation
[2025-11-08T00:11:02.924+0000][gc,phases     ] GC(516)   Pre Evacuate Collection Set: 0.0ms
[2025-11-08T00:11:02.924+0000][gc,phases     ] GC(516)   Evacuate Collection Set: 13.8ms
[2025-11-08T00:11:02.924+0000][gc,phases     ] GC(516)   Post Evacuate Collection Set: 0.8ms
[2025-11-08T00:11:02.925+0000][gc,phases     ] GC(516)   Other: 0.9ms
[2025-11-08T00:11:02.925+0000][gc,heap       ] GC(516) Eden regions: 38->0(43)
[2025-11-08T00:11:02.925+0000][gc,heap       ] GC(516) Survivor regions: 4->2(6)
[2025-11-08T00:11:02.925+0000][gc,heap       ] GC(516) Old regions: 336->336
[2025-11-08T00:11:02.926+0000][gc,heap       ] GC(516) Humongous regions: 147->147
[2025-11-08T00:11:02.926+0000][gc,metaspace  ] GC(516) Metaspace: 53290K(56604K)->53290K(56604K) NonClass: 47387K(49232K)->47387K(49232K) Class: 5903K(7372K)->5903K(7372K)
[2025-11-08T00:11:02.926+0000][gc            ] GC(516) Pause Young (Normal) (G1 Evacuation Pause) 523M->484M(684M) 17.814ms
[2025-11-08T00:11:02.927+0000][gc,cpu        ] GC(516) User=0.03s Sys=0.00s Real=0.02s
[2025-11-08T00:11:13.228+0000][gc,start      ] GC(517) Pause Young (Normal) (G1 Evacuation Pause)
[2025-11-08T00:11:13.228+0000][gc,task       ] GC(517) Using 2 workers of 2 for evacuation
[2025-11-08T00:11:13.241+0000][gc,phases     ] GC(517)   Pre Evacuate Collection Set: 0.0ms
[2025-11-08T00:11:13.242+0000][gc,phases     ] GC(517)   Evacuate Collection Set: 12.0ms
[2025-11-08T00:11:13.242+0000][gc,phases     ] GC(517)   Post Evacuate Collection Set: 1.0ms
[2025-11-08T00:11:13.242+0000][gc,phases     ] GC(517)   Other: 0.8ms
[2025-11-08T00:11:13.243+0000][gc,heap       ] GC(517) Eden regions: 39->0(41)
[2025-11-08T00:11:13.243+0000][gc,heap       ] GC(517) Survivor regions: 2->3(6)
[2025-11-08T00:11:13.244+0000][gc,heap       ] GC(517) Old regions: 336->336
[2025-11-08T00:11:13.244+0000][gc,heap       ] GC(517) Humongous regions: 147->147
[2025-11-08T00:11:13.244+0000][gc,metaspace  ] GC(517) Metaspace: 53290K(56604K)->53290K(56604K) NonClass: 47387K(49232K)->47387K(49232K) Class: 5903K(7372K)->5903K(7372K)
[2025-11-08T00:11:13.245+0000][gc            ] GC(517) Pause Young (Normal) (G1 Evacuation Pause) 523M->485M(684M) 17.119ms
[2025-11-08T00:11:13.245+0000][gc,cpu        ] GC(517) User=0.02s Sys=0.00s Real=0.01s
[2025-11-08T00:11:23.211+0000][gc,start      ] GC(518) Pause Young (Normal) (G1 Evacuation Pause)
[2025-11-08T00:11:23.211+0000][gc,task       ] GC(518) Using 2 workers of 2 for evacuation
[2025-11-08T00:11:23.223+0000][gc,phases     ] GC(518)   Pre Evacuate Collection Set: 0.0ms
[2025-11-08T00:11:23.224+0000][gc,phases     ] GC(518)   Evacuate Collection Set: 10.9ms
[2025-11-08T00:11:23.224+0000][gc,phases     ] GC(518)   Post Evacuate Collection Set: 0.8ms
[2025-11-08T00:11:23.224+0000][gc,phases     ] GC(518)   Other: 0.7ms
[2025-11-08T00:11:23.225+0000][gc,heap       ] GC(518) Eden regions: 38->0(41)
[2025-11-08T00:11:23.225+0000][gc,heap       ] GC(518) Survivor regions: 3->4(6)
[2025-11-08T00:11:23.226+0000][gc,heap       ] GC(518) Old regions: 336->336
[2025-11-08T00:11:23.226+0000][gc,heap       ] GC(518) Humongous regions: 147->147
[2025-11-08T00:11:23.226+0000][gc,metaspace  ] GC(518) Metaspace: 53290K(56604K)->53290K(56604K) NonClass: 47387K(49232K)->47387K(49232K) Class: 5903K(7372K)->5903K(7372K)
[2025-11-08T00:11:23.226+0000][gc            ] GC(518) Pause Young (Normal) (G1 Evacuation Pause) 523M->486M(684M) 15.527ms
[2025-11-08T00:11:23.227+0000][gc,cpu        ] GC(518) User=0.03s Sys=0.00s Real=0.02s
[2025-11-08T00:11:32.932+0000][gc,start      ] GC(519) Pause Young (Normal) (G1 Evacuation Pause)
[2025-11-08T00:11:32.933+0000][gc,task       ] GC(519) Using 2 workers of 2 for evacuation
[2025-11-08T00:11:32.949+0000][gc,phases     ] GC(519)   Pre Evacuate Collection Set: 0.0ms
[2025-11-08T00:11:32.949+0000][gc,phases     ] GC(519)   Evacuate Collection Set: 15.6ms
[2025-11-08T00:11:32.949+0000][gc,phases     ] GC(519)   Post Evacuate Collection Set: 0.6ms
[2025-11-08T00:11:32.950+0000][gc,phases     ] GC(519)   Other: 0.6ms
[2025-11-08T00:11:32.950+0000][gc,heap       ] GC(519) Eden regions: 38->0(40)
[2025-11-08T00:11:32.950+0000][gc,heap       ] GC(519) Survivor regions: 4->4(6)
[2025-11-08T00:11:32.950+0000][gc,heap       ] GC(519) Old regions: 336->336
[2025-11-08T00:11:32.950+0000][gc,heap       ] GC(519) Humongous regions: 147->147
[2025-11-08T00:11:32.950+0000][gc,metaspace  ] GC(519) Metaspace: 53290K(56604K)->53290K(56604K) NonClass: 47387K(49232K)->47387K(49232K) Class: 5903K(7372K)->5903K(7372K)
[2025-11-08T00:11:32.951+0000][gc            ] GC(519) Pause Young (Normal) (G1 Evacuation Pause) 524M->486M(684M) 18.143ms
[2025-11-08T00:11:32.951+0000][gc,cpu        ] GC(519) User=0.02s Sys=0.00s Real=0.02s
[2025-11-08T00:11:42.396+0000][gc,start      ] GC(520) Pause Young (Normal) (G1 Evacuation Pause)
[2025-11-08T00:11:42.396+0000][gc,task       ] GC(520) Using 2 workers of 2 for evacuation
[2025-11-08T00:11:42.419+0000][gc,mmu        ] GC(520) MMU target violated: 21.0ms (20.0ms/21.0ms)
[2025-11-08T00:11:42.419+0000][gc,phases     ] GC(520)   Pre Evacuate Collection Set: 0.0ms
[2025-11-08T00:11:42.419+0000][gc,phases     ] GC(520)   Evacuate Collection Set: 21.4ms
[2025-11-08T00:11:42.419+0000][gc,phases     ] GC(520)   Post Evacuate Collection Set: 0.9ms
[2025-11-08T00:11:42.420+0000][gc,phases     ] GC(520)   Other: 1.4ms
[2025-11-08T00:11:42.420+0000][gc,heap       ] GC(520) Eden regions: 37->0(38)
[2025-11-08T00:11:42.420+0000][gc,heap       ] GC(520) Survivor regions: 4->2(6)
[2025-11-08T00:11:42.421+0000][gc,heap       ] GC(520) Old regions: 336->337
[2025-11-08T00:11:42.421+0000][gc,heap       ] GC(520) Humongous regions: 147->147
[2025-11-08T00:11:42.421+0000][gc,metaspace  ] GC(520) Metaspace: 53290K(56604K)->53290K(56604K) NonClass: 47387K(49232K)->47387K(49232K) Class: 5903K(7372K)->5903K(7372K)
[2025-11-08T00:11:42.421+0000][gc            ] GC(520) Pause Young (Normal) (G1 Evacuation Pause) 523M->485M(684M) 25.758ms
[2025-11-08T00:11:42.421+0000][gc,cpu        ] GC(520) User=0.02s Sys=0.01s Real=0.03s
[2025-11-08T00:11:52.383+0000][gc,start      ] GC(521) Pause Young (Normal) (G1 Evacuation Pause)
[2025-11-08T00:11:52.383+0000][gc,task       ] GC(521) Using 2 workers of 2 for evacuation
[2025-11-08T00:11:52.394+0000][gc,phases     ] GC(521)   Pre Evacuate Collection Set: 0.0ms
[2025-11-08T00:11:52.394+0000][gc,phases     ] GC(521)   Evacuate Collection Set: 8.9ms
[2025-11-08T00:11:52.394+0000][gc,phases     ] GC(521)   Post Evacuate Collection Set: 0.9ms
[2025-11-08T00:11:52.394+0000][gc,phases     ] GC(521)   Other: 0.8ms
[2025-11-08T00:11:52.395+0000][gc,heap       ] GC(521) Eden regions: 38->0(39)
[2025-11-08T00:11:52.395+0000][gc,heap       ] GC(521) Survivor regions: 2->3(5)
[2025-11-08T00:11:52.395+0000][gc,heap       ] GC(521) Old regions: 337->337
[2025-11-08T00:11:52.395+0000][gc,heap       ] GC(521) Humongous regions: 147->147
[2025-11-08T00:11:52.395+0000][gc,metaspace  ] GC(521) Metaspace: 53290K(56604K)->53290K(56604K) NonClass: 47387K(49232K)->47387K(49232K) Class: 5903K(7372K)->5903K(7372K)
[2025-11-08T00:11:52.396+0000][gc            ] GC(521) Pause Young (Normal) (G1 Evacuation Pause) 523M->486M(684M) 12.664ms
[2025-11-08T00:11:52.396+0000][gc,cpu        ] GC(521) User=0.02s Sys=0.00s Real=0.01s
[2025-11-08T00:12:02.447+0000][gc,start      ] GC(522) Pause Young (Normal) (G1 Evacuation Pause)
[2025-11-08T00:12:02.447+0000][gc,task       ] GC(522) Using 2 workers of 2 for evacuation
[2025-11-08T00:12:02.457+0000][gc,phases     ] GC(522)   Pre Evacuate Collection Set: 0.0ms
[2025-11-08T00:12:02.457+0000][gc,phases     ] GC(522)   Evacuate Collection Set: 8.2ms
[2025-11-08T00:12:02.457+0000][gc,phases     ] GC(522)   Post Evacuate Collection Set: 0.7ms
[2025-11-08T00:12:02.457+0000][gc,phases     ] GC(522)   Other: 0.8ms
[2025-11-08T00:12:02.458+0000][gc,heap       ] GC(522) Eden regions: 39->0(41)
[2025-11-08T00:12:02.458+0000][gc,heap       ] GC(522) Survivor regions: 3->4(6)
[2025-11-08T00:12:02.458+0000][gc,heap       ] GC(522) Old regions: 337->337
[2025-11-08T00:12:02.458+0000][gc,heap       ] GC(522) Humongous regions: 147->147
[2025-11-08T00:12:02.458+0000][gc,metaspace  ] GC(522) Metaspace: 53290K(56604K)->53290K(56604K) NonClass: 47387K(49232K)->47387K(49232K) Class: 5903K(7372K)->5903K(7372K)
[2025-11-08T00:12:02.458+0000][gc            ] GC(522) Pause Young (Normal) (G1 Evacuation Pause) 525M->487M(684M) 11.363ms
[2025-11-08T00:12:02.458+0000][gc,cpu        ] GC(522) User=0.02s Sys=0.00s Real=0.01s
[2025-11-08T00:12:13.003+0000][gc,start      ] GC(523) Pause Young (Normal) (G1 Evacuation Pause)
[2025-11-08T00:12:13.003+0000][gc,task       ] GC(523) Using 2 workers of 2 for evacuation
[2025-11-08T00:12:13.017+0000][gc,phases     ] GC(523)   Pre Evacuate Collection Set: 0.0ms
[2025-11-08T00:12:13.017+0000][gc,phases     ] GC(523)   Evacuate Collection Set: 12.8ms
[2025-11-08T00:12:13.017+0000][gc,phases     ] GC(523)   Post Evacuate Collection Set: 0.6ms
[2025-11-08T00:12:13.017+0000][gc,phases     ] GC(523)   Other: 0.6ms
[2025-11-08T00:12:13.017+0000][gc,heap       ] GC(523) Eden regions: 41->0(42)
[2025-11-08T00:12:13.018+0000][gc,heap       ] GC(523) Survivor regions: 4->3(6)
[2025-11-08T00:12:13.018+0000][gc,heap       ] GC(523) Old regions: 337->338
[2025-11-08T00:12:13.018+0000][gc,heap       ] GC(523) Humongous regions: 147->147
[2025-11-08T00:12:13.018+0000][gc,metaspace  ] GC(523) Metaspace: 53290K(56604K)->53290K(56604K) NonClass: 47387K(49232K)->47387K(49232K) Class: 5903K(7372K)->5903K(7372K)
[2025-11-08T00:12:13.018+0000][gc            ] GC(523) Pause Young (Normal) (G1 Evacuation Pause) 528M->486M(684M) 15.380ms
[2025-11-08T00:12:13.018+0000][gc,cpu        ] GC(523) User=0.02s Sys=0.00s Real=0.02s
[2025-11-08T00:12:23.803+0000][gc,start      ] GC(524) Pause Young (Normal) (G1 Evacuation Pause)
[2025-11-08T00:12:23.803+0000][gc,task       ] GC(524) Using 2 workers of 2 for evacuation
[2025-11-08T00:12:23.812+0000][gc,phases     ] GC(524)   Pre Evacuate Collection Set: 0.0ms
[2025-11-08T00:12:23.812+0000][gc,phases     ] GC(524)   Evacuate Collection Set: 7.7ms
[2025-11-08T00:12:23.812+0000][gc,phases     ] GC(524)   Post Evacuate Collection Set: 0.6ms
[2025-11-08T00:12:23.812+0000][gc,phases     ] GC(524)   Other: 0.6ms
[2025-11-08T00:12:23.812+0000][gc,heap       ] GC(524) Eden regions: 42->0(45)
[2025-11-08T00:12:23.812+0000][gc,heap       ] GC(524) Survivor regions: 3->4(6)
[2025-11-08T00:12:23.813+0000][gc,heap       ] GC(524) Old regions: 338->338
[2025-11-08T00:12:23.813+0000][gc,heap       ] GC(524) Humongous regions: 147->147
[2025-11-08T00:12:23.813+0000][gc,metaspace  ] GC(524) Metaspace: 53290K(56604K)->53290K(56604K) NonClass: 47387K(49232K)->47387K(49232K) Class: 5903K(7372K)->5903K(7372K)
[2025-11-08T00:12:23.813+0000][gc            ] GC(524) Pause Young (Normal) (G1 Evacuation Pause) 528M->487M(684M) 10.313ms
[2025-11-08T00:12:23.813+0000][gc,cpu        ] GC(524) User=0.02s Sys=0.00s Real=0.01s
[2025-11-08T00:12:35.308+0000][gc,start      ] GC(525) Pause Young (Normal) (G1 Evacuation Pause)
[2025-11-08T00:12:35.309+0000][gc,task       ] GC(525) Using 2 workers of 2 for evacuation
[2025-11-08T00:12:35.320+0000][gc,phases     ] GC(525)   Pre Evacuate Collection Set: 0.0ms
[2025-11-08T00:12:35.320+0000][gc,phases     ] GC(525)   Evacuate Collection Set: 10.4ms
[2025-11-08T00:12:35.321+0000][gc,phases     ] GC(525)   Post Evacuate Collection Set: 0.8ms
[2025-11-08T00:12:35.321+0000][gc,phases     ] GC(525)   Other: 0.6ms
[2025-11-08T00:12:35.321+0000][gc,heap       ] GC(525) Eden regions: 45->0(49)
[2025-11-08T00:12:35.322+0000][gc,heap       ] GC(525) Survivor regions: 4->4(7)
[2025-11-08T00:12:35.323+0000][gc,heap       ] GC(525) Old regions: 338->338
[2025-11-08T00:12:35.323+0000][gc,heap       ] GC(525) Humongous regions: 147->147
[2025-11-08T00:12:35.323+0000][gc,metaspace  ] GC(525) Metaspace: 53290K(56604K)->53290K(56604K) NonClass: 47387K(49232K)->47387K(49232K) Class: 5903K(7372K)->5903K(7372K)
[2025-11-08T00:12:35.324+0000][gc            ] GC(525) Pause Young (Normal) (G1 Evacuation Pause) 532M->487M(684M) 15.213ms
[2025-11-08T00:12:35.324+0000][gc,cpu        ] GC(525) User=0.02s Sys=0.00s Real=0.01s
[2025-11-08T00:12:46.937+0000][gc,start      ] GC(526) Pause Young (Normal) (G1 Evacuation Pause)
[2025-11-08T00:12:46.938+0000][gc,task       ] GC(526) Using 2 workers of 2 for evacuation
[2025-11-08T00:12:46.948+0000][gc,phases     ] GC(526)   Pre Evacuate Collection Set: 0.0ms
[2025-11-08T00:12:46.949+0000][gc,phases     ] GC(526)   Evacuate Collection Set: 9.7ms
[2025-11-08T00:12:46.949+0000][gc,phases     ] GC(526)   Post Evacuate Collection Set: 0.7ms
[2025-11-08T00:12:46.949+0000][gc,phases     ] GC(526)   Other: 0.6ms
[2025-11-08T00:12:46.949+0000][gc,heap       ] GC(526) Eden regions: 45->0(52)
[2025-11-08T00:12:46.949+0000][gc,heap       ] GC(526) Survivor regions: 4->5(7)
[2025-11-08T00:12:46.949+0000][gc,heap       ] GC(526) Old regions: 338->338
[2025-11-08T00:12:46.949+0000][gc,heap       ] GC(526) Humongous regions: 147->147
[2025-11-08T00:12:46.950+0000][gc,metaspace  ] GC(526) Metaspace: 53290K(56604K)->53290K(56604K) NonClass: 47387K(49232K)->47387K(49232K) Class: 5903K(7372K)->5903K(7372K)
[2025-11-08T00:12:46.950+0000][gc            ] GC(526) Pause Young (Normal) (G1 Evacuation Pause) 532M->488M(684M) 12.371ms
[2025-11-08T00:12:46.950+0000][gc,cpu        ] GC(526) User=0.02s Sys=0.00s Real=0.01s
[2025-11-08T00:12:58.592+0000][gc,start      ] GC(527) Pause Young (Normal) (G1 Evacuation Pause)
[2025-11-08T00:12:58.592+0000][gc,task       ] GC(527) Using 2 workers of 2 for evacuation
[2025-11-08T00:12:58.619+0000][gc,mmu        ] GC(527) MMU target violated: 21.0ms (20.0ms/21.0ms)
[2025-11-08T00:12:58.619+0000][gc,phases     ] GC(527)   Pre Evacuate Collection Set: 0.0ms
[2025-11-08T00:12:58.619+0000][gc,phases     ] GC(527)   Evacuate Collection Set: 25.6ms
[2025-11-08T00:12:58.619+0000][gc,phases     ] GC(527)   Post Evacuate Collection Set: 0.8ms
[2025-11-08T00:12:58.619+0000][gc,phases     ] GC(527)   Other: 0.7ms
[2025-11-08T00:12:58.619+0000][gc,heap       ] GC(527) Eden regions: 46->0(42)
[2025-11-08T00:12:58.620+0000][gc,heap       ] GC(527) Survivor regions: 5->4(7)
[2025-11-08T00:12:58.620+0000][gc,heap       ] GC(527) Old regions: 338->339
[2025-11-08T00:12:58.620+0000][gc,heap       ] GC(527) Humongous regions: 147->147
[2025-11-08T00:12:58.620+0000][gc,metaspace  ] GC(527) Metaspace: 53290K(56604K)->53290K(56604K) NonClass: 47387K(49232K)->47387K(49232K) Class: 5903K(7372K)->5903K(7372K)
[2025-11-08T00:12:58.620+0000][gc            ] GC(527) Pause Young (Normal) (G1 Evacuation Pause) 534M->488M(684M) 28.579ms
[2025-11-08T00:12:58.620+0000][gc,cpu        ] GC(527) User=0.03s Sys=0.00s Real=0.03s
[2025-11-08T00:13:09.381+0000][gc,start      ] GC(528) Pause Young (Normal) (G1 Evacuation Pause)
[2025-11-08T00:13:09.381+0000][gc,task       ] GC(528) Using 2 workers of 2 for evacuation
[2025-11-08T00:13:09.392+0000][gc,phases     ] GC(528)   Pre Evacuate Collection Set: 0.0ms
[2025-11-08T00:13:09.392+0000][gc,phases     ] GC(528)   Evacuate Collection Set: 9.6ms
[2025-11-08T00:13:09.392+0000][gc,phases     ] GC(528)   Post Evacuate Collection Set: 0.6ms
[2025-11-08T00:13:09.392+0000][gc,phases     ] GC(528)   Other: 0.8ms
[2025-11-08T00:13:09.392+0000][gc,heap       ] GC(528) Eden regions: 42->0(47)
[2025-11-08T00:13:09.393+0000][gc,heap       ] GC(528) Survivor regions: 4->3(6)
[2025-11-08T00:13:09.393+0000][gc,heap       ] GC(528) Old regions: 339->339
[2025-11-08T00:13:09.393+0000][gc,heap       ] GC(528) Humongous regions: 147->147
[2025-11-08T00:13:09.393+0000][gc,metaspace  ] GC(528) Metaspace: 53290K(56604K)->53290K(56604K) NonClass: 47387K(49232K)->47387K(49232K) Class: 5903K(7372K)->5903K(7372K)
[2025-11-08T00:13:09.393+0000][gc            ] GC(528) Pause Young (Normal) (G1 Evacuation Pause) 530M->488M(684M) 12.414ms
[2025-11-08T00:13:09.393+0000][gc,cpu        ] GC(528) User=0.02s Sys=0.00s Real=0.01s
[2025-11-08T00:13:21.503+0000][gc,start      ] GC(529) Pause Young (Normal) (G1 Evacuation Pause)
[2025-11-08T00:13:21.504+0000][gc,task       ] GC(529) Using 2 workers of 2 for evacuation
[2025-11-08T00:13:21.513+0000][gc,phases     ] GC(529)   Pre Evacuate Collection Set: 0.0ms
[2025-11-08T00:13:21.514+0000][gc,phases     ] GC(529)   Evacuate Collection Set: 8.7ms
[2025-11-08T00:13:21.514+0000][gc,phases     ] GC(529)   Post Evacuate Collection Set: 0.8ms
[2025-11-08T00:13:21.514+0000][gc,phases     ] GC(529)   Other: 0.5ms
[2025-11-08T00:13:21.514+0000][gc,heap       ] GC(529) Eden regions: 47->0(50)
[2025-11-08T00:13:21.514+0000][gc,heap       ] GC(529) Survivor regions: 3->5(7)
[2025-11-08T00:13:21.514+0000][gc,heap       ] GC(529) Old regions: 339->339
[2025-11-08T00:13:21.514+0000][gc,heap       ] GC(529) Humongous regions: 147->147
[2025-11-08T00:13:21.515+0000][gc,metaspace  ] GC(529) Metaspace: 53290K(56604K)->53290K(56604K) NonClass: 47387K(49232K)->47387K(49232K) Class: 5903K(7372K)->5903K(7372K)
[2025-11-08T00:13:21.515+0000][gc            ] GC(529) Pause Young (Normal) (G1 Evacuation Pause) 535M->489M(684M) 11.307ms
[2025-11-08T00:13:21.515+0000][gc,cpu        ] GC(529) User=0.02s Sys=0.00s Real=0.01s
[2025-11-08T00:13:33.308+0000][gc,start      ] GC(530) Pause Young (Normal) (G1 Evacuation Pause)
[2025-11-08T00:13:33.309+0000][gc,task       ] GC(530) Using 2 workers of 2 for evacuation
[2025-11-08T00:13:33.331+0000][gc,mmu        ] GC(530) MMU target violated: 21.0ms (20.0ms/21.0ms)
[2025-11-08T00:13:33.331+0000][gc,phases     ] GC(530)   Pre Evacuate Collection Set: 0.0ms
[2025-11-08T00:13:33.331+0000][gc,phases     ] GC(530)   Evacuate Collection Set: 21.5ms
[2025-11-08T00:13:33.331+0000][gc,phases     ] GC(530)   Post Evacuate Collection Set: 0.5ms
[2025-11-08T00:13:33.332+0000][gc,phases     ] GC(530)   Other: 0.9ms
[2025-11-08T00:13:33.332+0000][gc,heap       ] GC(530) Eden regions: 46->0(46)
[2025-11-08T00:13:33.332+0000][gc,heap       ] GC(530) Survivor regions: 5->4(7)
[2025-11-08T00:13:33.332+0000][gc,heap       ] GC(530) Old regions: 339->340
[2025-11-08T00:13:33.332+0000][gc,heap       ] GC(530) Humongous regions: 147->147
[2025-11-08T00:13:33.332+0000][gc,metaspace  ] GC(530) Metaspace: 53290K(56604K)->53290K(56604K) NonClass: 47387K(49232K)->47387K(49232K) Class: 5903K(7372K)->5903K(7372K)
[2025-11-08T00:13:33.332+0000][gc            ] GC(530) Pause Young (Normal) (G1 Evacuation Pause) 535M->490M(684M) 24.067ms
[2025-11-08T00:13:33.333+0000][gc,cpu        ] GC(530) User=0.02s Sys=0.00s Real=0.02s
[2025-11-08T00:13:43.327+0000][gc,start      ] GC(531) Pause Young (Normal) (G1 Evacuation Pause)
[2025-11-08T00:13:43.327+0000][gc,task       ] GC(531) Using 2 workers of 2 for evacuation
[2025-11-08T00:13:43.342+0000][gc,phases     ] GC(531)   Pre Evacuate Collection Set: 0.0ms
[2025-11-08T00:13:43.342+0000][gc,phases     ] GC(531)   Evacuate Collection Set: 13.5ms
[2025-11-08T00:13:43.342+0000][gc,phases     ] GC(531)   Post Evacuate Collection Set: 0.7ms
[2025-11-08T00:13:43.342+0000][gc,phases     ] GC(531)   Other: 1.1ms
[2025-11-08T00:13:43.342+0000][gc,heap       ] GC(531) Eden regions: 39->0(47)
[2025-11-08T00:13:43.343+0000][gc,heap       ] GC(531) Survivor regions: 4->4(6)
[2025-11-08T00:13:43.343+0000][gc,heap       ] GC(531) Old regions: 340->340
[2025-11-08T00:13:43.343+0000][gc,heap       ] GC(531) Humongous regions: 147->147
[2025-11-08T00:13:43.343+0000][gc,metaspace  ] GC(531) Metaspace: 53290K(56604K)->53290K(56604K) NonClass: 47387K(49232K)->47387K(49232K) Class: 5903K(7372K)->5903K(7372K)
[2025-11-08T00:13:43.343+0000][gc            ] GC(531) Pause Young (Normal) (G1 Evacuation Pause) 529M->490M(684M) 16.779ms
[2025-11-08T00:13:43.344+0000][gc,cpu        ] GC(531) User=0.02s Sys=0.00s Real=0.01s
[2025-11-08T00:13:53.389+0000][gc,start      ] GC(532) Pause Young (Normal) (G1 Evacuation Pause)
[2025-11-08T00:13:53.390+0000][gc,task       ] GC(532) Using 2 workers of 2 for evacuation
[2025-11-08T00:13:53.405+0000][gc,phases     ] GC(532)   Pre Evacuate Collection Set: 0.0ms
[2025-11-08T00:13:53.406+0000][gc,phases     ] GC(532)   Evacuate Collection Set: 14.8ms
[2025-11-08T00:13:53.406+0000][gc,phases     ] GC(532)   Post Evacuate Collection Set: 0.6ms
[2025-11-08T00:13:53.406+0000][gc,phases     ] GC(532)   Other: 0.7ms
[2025-11-08T00:13:53.406+0000][gc,heap       ] GC(532) Eden regions: 39->0(43)
[2025-11-08T00:13:53.406+0000][gc,heap       ] GC(532) Survivor regions: 4->3(6)
[2025-11-08T00:13:53.406+0000][gc,heap       ] GC(532) Old regions: 340->341
[2025-11-08T00:13:53.406+0000][gc,heap       ] GC(532) Humongous regions: 147->147
[2025-11-08T00:13:53.407+0000][gc,metaspace  ] GC(532) Metaspace: 53290K(56604K)->53290K(56604K) NonClass: 47387K(49232K)->47387K(49232K) Class: 5903K(7372K)->5903K(7372K)
[2025-11-08T00:13:53.407+0000][gc            ] GC(532) Pause Young (Normal) (G1 Evacuation Pause) 529M->489M(684M) 17.262ms
[2025-11-08T00:13:53.407+0000][gc,cpu        ] GC(532) User=0.02s Sys=0.00s Real=0.02s
[2025-11-08T00:14:04.486+0000][gc,start      ] GC(533) Pause Young (Normal) (G1 Evacuation Pause)
[2025-11-08T00:14:04.486+0000][gc,task       ] GC(533) Using 2 workers of 2 for evacuation
[2025-11-08T00:14:04.496+0000][gc,phases     ] GC(533)   Pre Evacuate Collection Set: 0.0ms
[2025-11-08T00:14:04.496+0000][gc,phases     ] GC(533)   Evacuate Collection Set: 8.5ms
[2025-11-08T00:14:04.496+0000][gc,phases     ] GC(533)   Post Evacuate Collection Set: 0.6ms
[2025-11-08T00:14:04.496+0000][gc,phases     ] GC(533)   Other: 0.6ms
[2025-11-08T00:14:04.496+0000][gc,heap       ] GC(533) Eden regions: 43->0(46)
[2025-11-08T00:14:04.496+0000][gc,heap       ] GC(533) Survivor regions: 3->4(6)
[2025-11-08T00:14:04.496+0000][gc,heap       ] GC(533) Old regions: 341->341
[2025-11-08T00:14:04.497+0000][gc,heap       ] GC(533) Humongous regions: 147->147
[2025-11-08T00:14:04.497+0000][gc,metaspace  ] GC(533) Metaspace: 53290K(56604K)->53290K(56604K) NonClass: 47387K(49232K)->47387K(49232K) Class: 5903K(7372K)->5903K(7372K)
[2025-11-08T00:14:04.497+0000][gc            ] GC(533) Pause Young (Normal) (G1 Evacuation Pause) 532M->490M(684M) 10.738ms
[2025-11-08T00:14:04.497+0000][gc,cpu        ] GC(533) User=0.02s Sys=0.00s Real=0.01s
[2025-11-08T00:14:16.391+0000][gc,start      ] GC(534) Pause Young (Normal) (G1 Evacuation Pause)
[2025-11-08T00:14:16.391+0000][gc,task       ] GC(534) Using 2 workers of 2 for evacuation
[2025-11-08T00:14:16.402+0000][gc,phases     ] GC(534)   Pre Evacuate Collection Set: 0.0ms
[2025-11-08T00:14:16.403+0000][gc,phases     ] GC(534)   Evacuate Collection Set: 9.9ms
[2025-11-08T00:14:16.403+0000][gc,phases     ] GC(534)   Post Evacuate Collection Set: 1.1ms
[2025-11-08T00:14:16.403+0000][gc,phases     ] GC(534)   Other: 0.6ms
[2025-11-08T00:14:16.404+0000][gc,heap       ] GC(534) Eden regions: 46->0(49)
[2025-11-08T00:14:16.404+0000][gc,heap       ] GC(534) Survivor regions: 4->4(7)
[2025-11-08T00:14:16.404+0000][gc,heap       ] GC(534) Old regions: 341->341
[2025-11-08T00:14:16.404+0000][gc,heap       ] GC(534) Humongous regions: 147->147
[2025-11-08T00:14:16.404+0000][gc,metaspace  ] GC(534) Metaspace: 53290K(56604K)->53290K(56604K) NonClass: 47387K(49232K)->47387K(49232K) Class: 5903K(7372K)->5903K(7372K)
[2025-11-08T00:14:16.404+0000][gc            ] GC(534) Pause Young (Normal) (G1 Evacuation Pause) 536M->490M(684M) 13.815ms
[2025-11-08T00:14:16.405+0000][gc,cpu        ] GC(534) User=0.02s Sys=0.00s Real=0.01s
[2025-11-08T00:14:27.885+0000][gc,start      ] GC(535) Pause Young (Normal) (G1 Evacuation Pause)
[2025-11-08T00:14:27.886+0000][gc,task       ] GC(535) Using 2 workers of 2 for evacuation
[2025-11-08T00:14:27.895+0000][gc,phases     ] GC(535)   Pre Evacuate Collection Set: 0.0ms
[2025-11-08T00:14:27.895+0000][gc,phases     ] GC(535)   Evacuate Collection Set: 8.3ms
[2025-11-08T00:14:27.895+0000][gc,phases     ] GC(535)   Post Evacuate Collection Set: 0.8ms
[2025-11-08T00:14:27.895+0000][gc,phases     ] GC(535)   Other: 0.5ms
[2025-11-08T00:14:27.896+0000][gc,heap       ] GC(535) Eden regions: 45->0(55)
[2025-11-08T00:14:27.896+0000][gc,heap       ] GC(535) Survivor regions: 4->4(7)
[2025-11-08T00:14:27.896+0000][gc,heap       ] GC(535) Old regions: 341->341
[2025-11-08T00:14:27.896+0000][gc,heap       ] GC(535) Humongous regions: 147->147
[2025-11-08T00:14:27.896+0000][gc,metaspace  ] GC(535) Metaspace: 53290K(56604K)->53290K(56604K) NonClass: 47387K(49232K)->47387K(49232K) Class: 5903K(7372K)->5903K(7372K)
[2025-11-08T00:14:27.896+0000][gc            ] GC(535) Pause Young (Normal) (G1 Evacuation Pause) 535M->490M(684M) 10.839ms
[2025-11-08T00:14:27.896+0000][gc,cpu        ] GC(535) User=0.02s Sys=0.00s Real=0.02s
[2025-11-08T00:14:41.200+0000][gc,start      ] GC(536) Pause Young (Normal) (G1 Evacuation Pause)
[2025-11-08T00:14:41.200+0000][gc,task       ] GC(536) Using 2 workers of 2 for evacuation
[2025-11-08T00:14:41.210+0000][gc,phases     ] GC(536)   Pre Evacuate Collection Set: 0.0ms
[2025-11-08T00:14:41.211+0000][gc,phases     ] GC(536)   Evacuate Collection Set: 8.9ms
[2025-11-08T00:14:41.211+0000][gc,phases     ] GC(536)   Post Evacuate Collection Set: 0.7ms
[2025-11-08T00:14:41.211+0000][gc,phases     ] GC(536)   Other: 0.7ms
[2025-11-08T00:14:41.211+0000][gc,heap       ] GC(536) Eden regions: 52->0(62)
[2025-11-08T00:14:41.211+0000][gc,heap       ] GC(536) Survivor regions: 4->4(7)
[2025-11-08T00:14:41.211+0000][gc,heap       ] GC(536) Old regions: 341->341
[2025-11-08T00:14:41.211+0000][gc,heap       ] GC(536) Humongous regions: 147->147
[2025-11-08T00:14:41.212+0000][gc,metaspace  ] GC(536) Metaspace: 53290K(56604K)->53290K(56604K) NonClass: 47387K(49232K)->47387K(49232K) Class: 5903K(7372K)->5903K(7372K)
[2025-11-08T00:14:41.212+0000][gc            ] GC(536) Pause Young (Normal) (G1 Evacuation Pause) 542M->491M(684M) 11.755ms
[2025-11-08T00:14:41.212+0000][gc,cpu        ] GC(536) User=0.02s Sys=0.00s Real=0.01s
[2025-11-08T00:14:55.407+0000][gc,start      ] GC(537) Pause Young (Normal) (G1 Evacuation Pause)
[2025-11-08T00:14:55.408+0000][gc,task       ] GC(537) Using 2 workers of 2 for evacuation
[2025-11-08T00:14:55.419+0000][gc,phases     ] GC(537)   Pre Evacuate Collection Set: 0.0ms
[2025-11-08T00:14:55.419+0000][gc,phases     ] GC(537)   Evacuate Collection Set: 10.2ms
[2025-11-08T00:14:55.419+0000][gc,phases     ] GC(537)   Post Evacuate Collection Set: 0.7ms
[2025-11-08T00:14:55.420+0000][gc,phases     ] GC(537)   Other: 0.7ms
[2025-11-08T00:14:55.420+0000][gc,heap       ] GC(537) Eden regions: 55->0(66)
[2025-11-08T00:14:55.420+0000][gc,heap       ] GC(537) Survivor regions: 4->5(8)
[2025-11-08T00:14:55.420+0000][gc,heap       ] GC(537) Old regions: 341->341
[2025-11-08T00:14:55.421+0000][gc,heap       ] GC(537) Humongous regions: 147->147
[2025-11-08T00:14:55.421+0000][gc,metaspace  ] GC(537) Metaspace: 53290K(56604K)->53290K(56604K) NonClass: 47387K(49232K)->47387K(49232K) Class: 5903K(7372K)->5903K(7372K)
[2025-11-08T00:14:55.421+0000][gc            ] GC(537) Pause Young (Normal) (G1 Evacuation Pause) 546M->491M(684M) 13.549ms
[2025-11-08T00:14:55.421+0000][gc,cpu        ] GC(537) User=0.02s Sys=0.00s Real=0.01s
[2025-11-08T00:15:12.413+0000][gc,start      ] GC(538) Pause Young (Normal) (G1 Evacuation Pause)
[2025-11-08T00:15:12.413+0000][gc,task       ] GC(538) Using 2 workers of 2 for evacuation
[2025-11-08T00:15:12.424+0000][gc,phases     ] GC(538)   Pre Evacuate Collection Set: 0.0ms
[2025-11-08T00:15:12.424+0000][gc,phases     ] GC(538)   Evacuate Collection Set: 10.2ms
[2025-11-08T00:15:12.424+0000][gc,phases     ] GC(538)   Post Evacuate Collection Set: 0.7ms
[2025-11-08T00:15:12.425+0000][gc,phases     ] GC(538)   Other: 0.5ms
[2025-11-08T00:15:12.425+0000][gc,heap       ] GC(538) Eden regions: 66->0(70)
[2025-11-08T00:15:12.425+0000][gc,heap       ] GC(538) Survivor regions: 5->5(9)
[2025-11-08T00:15:12.425+0000][gc,heap       ] GC(538) Old regions: 341->341
[2025-11-08T00:15:12.425+0000][gc,heap       ] GC(538) Humongous regions: 147->147
[2025-11-08T00:15:12.425+0000][gc,metaspace  ] GC(538) Metaspace: 53290K(56604K)->53290K(56604K) NonClass: 47387K(49232K)->47387K(49232K) Class: 5903K(7372K)->5903K(7372K)
[2025-11-08T00:15:12.425+0000][gc            ] GC(538) Pause Young (Normal) (G1 Evacuation Pause) 557M->492M(684M) 12.809ms
[2025-11-08T00:15:12.426+0000][gc,cpu        ] GC(538) User=0.03s Sys=0.00s Real=0.01s
[2025-11-08T00:15:28.201+0000][gc,start      ] GC(539) Pause Young (Normal) (G1 Evacuation Pause)
[2025-11-08T00:15:28.202+0000][gc,task       ] GC(539) Using 2 workers of 2 for evacuation
[2025-11-08T00:15:28.213+0000][gc,phases     ] GC(539)   Pre Evacuate Collection Set: 0.0ms
[2025-11-08T00:15:28.213+0000][gc,phases     ] GC(539)   Evacuate Collection Set: 10.3ms
[2025-11-08T00:15:28.213+0000][gc,phases     ] GC(539)   Post Evacuate Collection Set: 0.7ms
[2025-11-08T00:15:28.214+0000][gc,phases     ] GC(539)   Other: 0.7ms
[2025-11-08T00:15:28.214+0000][gc,heap       ] GC(539) Eden regions: 62->0(71)
[2025-11-08T00:15:28.214+0000][gc,heap       ] GC(539) Survivor regions: 5->5(9)
[2025-11-08T00:15:28.214+0000][gc,heap       ] GC(539) Old regions: 341->341
[2025-11-08T00:15:28.214+0000][gc,heap       ] GC(539) Humongous regions: 147->147
[2025-11-08T00:15:28.215+0000][gc,metaspace  ] GC(539) Metaspace: 53290K(56604K)->53290K(56604K) NonClass: 47387K(49232K)->47387K(49232K) Class: 5903K(7372K)->5903K(7372K)
[2025-11-08T00:15:28.215+0000][gc            ] GC(539) Pause Young (Normal) (G1 Evacuation Pause) 554M->492M(684M) 13.413ms
[2025-11-08T00:15:28.215+0000][gc,cpu        ] GC(539) User=0.03s Sys=0.00s Real=0.01s
[2025-11-08T00:15:44.690+0000][gc,start      ] GC(540) Pause Young (Normal) (G1 Evacuation Pause)
[2025-11-08T00:15:44.690+0000][gc,task       ] GC(540) Using 2 workers of 2 for evacuation
[2025-11-08T00:15:44.705+0000][gc,phases     ] GC(540)   Pre Evacuate Collection Set: 0.0ms
[2025-11-08T00:15:44.705+0000][gc,phases     ] GC(540)   Evacuate Collection Set: 13.2ms
[2025-11-08T00:15:44.705+0000][gc,phases     ] GC(540)   Post Evacuate Collection Set: 0.8ms
[2025-11-08T00:15:44.705+0000][gc,phases     ] GC(540)   Other: 0.7ms
[2025-11-08T00:15:44.705+0000][gc,heap       ] GC(540) Eden regions: 64->0(72)
[2025-11-08T00:15:44.705+0000][gc,heap       ] GC(540) Survivor regions: 5->7(9)
[2025-11-08T00:15:44.706+0000][gc,heap       ] GC(540) Old regions: 341->341
[2025-11-08T00:15:44.706+0000][gc,heap       ] GC(540) Humongous regions: 147->147
[2025-11-08T00:15:44.706+0000][gc,metaspace  ] GC(540) Metaspace: 53290K(56604K)->53290K(56604K) NonClass: 47387K(49232K)->47387K(49232K) Class: 5903K(7372K)->5903K(7372K)
[2025-11-08T00:15:44.706+0000][gc            ] GC(540) Pause Young (Normal) (G1 Evacuation Pause) 556M->494M(684M) 15.976ms
[2025-11-08T00:15:44.706+0000][gc,cpu        ] GC(540) User=0.03s Sys=0.00s Real=0.02s
[2025-11-08T00:16:01.692+0000][gc,start      ] GC(541) Pause Young (Normal) (G1 Evacuation Pause)
[2025-11-08T00:16:01.693+0000][gc,task       ] GC(541) Using 2 workers of 2 for evacuation
[2025-11-08T00:16:01.725+0000][gc,mmu        ] GC(541) MMU target violated: 21.0ms (20.0ms/21.0ms)
[2025-11-08T00:16:01.725+0000][gc,phases     ] GC(541)   Pre Evacuate Collection Set: 0.0ms
[2025-11-08T00:16:01.725+0000][gc,phases     ] GC(541)   Evacuate Collection Set: 31.2ms
[2025-11-08T00:16:01.725+0000][gc,phases     ] GC(541)   Post Evacuate Collection Set: 0.6ms
[2025-11-08T00:16:01.725+0000][gc,phases     ] GC(541)   Other: 0.7ms
[2025-11-08T00:16:01.725+0000][gc,heap       ] GC(541) Eden regions: 66->0(42)
[2025-11-08T00:16:01.725+0000][gc,heap       ] GC(541) Survivor regions: 7->6(10)
[2025-11-08T00:16:01.725+0000][gc,heap       ] GC(541) Old regions: 341->342
[2025-11-08T00:16:01.726+0000][gc,heap       ] GC(541) Humongous regions: 147->147
[2025-11-08T00:16:01.726+0000][gc,metaspace  ] GC(541) Metaspace: 53290K(56604K)->53290K(56604K) NonClass: 47387K(49232K)->47387K(49232K) Class: 5903K(7372K)->5903K(7372K)
[2025-11-08T00:16:01.726+0000][gc            ] GC(541) Pause Young (Normal) (G1 Evacuation Pause) 560M->494M(684M) 33.309ms
[2025-11-08T00:16:01.726+0000][gc,cpu        ] GC(541) User=0.02s Sys=0.01s Real=0.04s
[2025-11-08T00:16:12.486+0000][gc,start      ] GC(542) Pause Young (Normal) (G1 Evacuation Pause)
[2025-11-08T00:16:12.486+0000][gc,task       ] GC(542) Using 2 workers of 2 for evacuation
[2025-11-08T00:16:12.536+0000][gc,mmu        ] GC(542) MMU target violated: 21.0ms (20.0ms/21.0ms)
[2025-11-08T00:16:12.537+0000][gc,phases     ] GC(542)   Pre Evacuate Collection Set: 0.0ms
[2025-11-08T00:16:12.537+0000][gc,phases     ] GC(542)   Evacuate Collection Set: 48.4ms
[2025-11-08T00:16:12.538+0000][gc,phases     ] GC(542)   Post Evacuate Collection Set: 0.9ms
[2025-11-08T00:16:12.538+0000][gc,phases     ] GC(542)   Other: 1.7ms
[2025-11-08T00:16:12.538+0000][gc,heap       ] GC(542) Eden regions: 42->0(31)
[2025-11-08T00:16:12.539+0000][gc,heap       ] GC(542) Survivor regions: 6->3(6)
[2025-11-08T00:16:12.539+0000][gc,heap       ] GC(542) Old regions: 342->345
[2025-11-08T00:16:12.539+0000][gc,heap       ] GC(542) Humongous regions: 147->147
[2025-11-08T00:16:12.540+0000][gc,metaspace  ] GC(542) Metaspace: 53290K(56604K)->53290K(56604K) NonClass: 47387K(49232K)->47387K(49232K) Class: 5903K(7372K)->5903K(7372K)
[2025-11-08T00:16:12.540+0000][gc            ] GC(542) Pause Young (Normal) (G1 Evacuation Pause) 536M->494M(684M) 53.927ms
[2025-11-08T00:16:12.540+0000][gc,cpu        ] GC(542) User=0.03s Sys=0.01s Real=0.05s
[2025-11-08T00:16:20.423+0000][gc,start      ] GC(543) Pause Young (Normal) (G1 Evacuation Pause)
[2025-11-08T00:16:20.423+0000][gc,task       ] GC(543) Using 2 workers of 2 for evacuation
[2025-11-08T00:16:20.431+0000][gc,phases     ] GC(543)   Pre Evacuate Collection Set: 0.0ms
[2025-11-08T00:16:20.431+0000][gc,phases     ] GC(543)   Evacuate Collection Set: 7.0ms
[2025-11-08T00:16:20.432+0000][gc,phases     ] GC(543)   Post Evacuate Collection Set: 0.7ms
[2025-11-08T00:16:20.432+0000][gc,phases     ] GC(543)   Other: 0.6ms
[2025-11-08T00:16:20.432+0000][gc,heap       ] GC(543) Eden regions: 31->0(39)
[2025-11-08T00:16:20.432+0000][gc,heap       ] GC(543) Survivor regions: 3->3(5)
[2025-11-08T00:16:20.432+0000][gc,heap       ] GC(543) Old regions: 345->345
[2025-11-08T00:16:20.432+0000][gc,heap       ] GC(543) Humongous regions: 147->147
[2025-11-08T00:16:20.433+0000][gc,metaspace  ] GC(543) Metaspace: 53290K(56604K)->53290K(56604K) NonClass: 47387K(49232K)->47387K(49232K) Class: 5903K(7372K)->5903K(7372K)
[2025-11-08T00:16:20.433+0000][gc            ] GC(543) Pause Young (Normal) (G1 Evacuation Pause) 525M->493M(684M) 9.788ms
[2025-11-08T00:16:20.433+0000][gc,cpu        ] GC(543) User=0.01s Sys=0.00s Real=0.01s
[2025-11-08T00:16:30.438+0000][gc,start      ] GC(544) Pause Young (Normal) (G1 Evacuation Pause)
[2025-11-08T00:16:30.438+0000][gc,task       ] GC(544) Using 2 workers of 2 for evacuation
[2025-11-08T00:16:30.448+0000][gc,phases     ] GC(544)   Pre Evacuate Collection Set: 0.1ms
[2025-11-08T00:16:30.448+0000][gc,phases     ] GC(544)   Evacuate Collection Set: 8.4ms
[2025-11-08T00:16:30.448+0000][gc,phases     ] GC(544)   Post Evacuate Collection Set: 0.5ms
[2025-11-08T00:16:30.448+0000][gc,phases     ] GC(544)   Other: 1.1ms
[2025-11-08T00:16:30.449+0000][gc,heap       ] GC(544) Eden regions: 39->0(41)
[2025-11-08T00:16:30.449+0000][gc,heap       ] GC(544) Survivor regions: 3->3(6)
[2025-11-08T00:16:30.449+0000][gc,heap       ] GC(544) Old regions: 345->345
[2025-11-08T00:16:30.449+0000][gc,heap       ] GC(544) Humongous regions: 147->147
[2025-11-08T00:16:30.449+0000][gc,metaspace  ] GC(544) Metaspace: 53290K(56604K)->53290K(56604K) NonClass: 47387K(49232K)->47387K(49232K) Class: 5903K(7372K)->5903K(7372K)
[2025-11-08T00:16:30.449+0000][gc            ] GC(544) Pause Young (Normal) (G1 Evacuation Pause) 532M->494M(684M) 11.485ms
[2025-11-08T00:16:30.450+0000][gc,cpu        ] GC(544) User=0.02s Sys=0.00s Real=0.01s
[2025-11-08T00:16:41.001+0000][gc,start      ] GC(545) Pause Young (Normal) (G1 Evacuation Pause)
[2025-11-08T00:16:41.002+0000][gc,task       ] GC(545) Using 2 workers of 2 for evacuation
[2025-11-08T00:16:41.015+0000][gc,phases     ] GC(545)   Pre Evacuate Collection Set: 0.0ms
[2025-11-08T00:16:41.015+0000][gc,phases     ] GC(545)   Evacuate Collection Set: 11.2ms
[2025-11-08T00:16:41.015+0000][gc,phases     ] GC(545)   Post Evacuate Collection Set: 1.0ms
[2025-11-08T00:16:41.016+0000][gc,phases     ] GC(545)   Other: 1.2ms
[2025-11-08T00:16:41.016+0000][gc,heap       ] GC(545) Eden regions: 41->0(41)
[2025-11-08T00:16:41.016+0000][gc,heap       ] GC(545) Survivor regions: 3->5(6)
[2025-11-08T00:16:41.016+0000][gc,heap       ] GC(545) Old regions: 345->345
[2025-11-08T00:16:41.017+0000][gc,heap       ] GC(545) Humongous regions: 147->147
[2025-11-08T00:16:41.017+0000][gc,metaspace  ] GC(545) Metaspace: 53290K(56604K)->53290K(56604K) NonClass: 47387K(49232K)->47387K(49232K) Class: 5903K(7372K)->5903K(7372K)
[2025-11-08T00:16:41.017+0000][gc            ] GC(545) Pause Young (Normal) (G1 Evacuation Pause) 535M->495M(684M) 16.050ms
[2025-11-08T00:16:41.018+0000][gc,cpu        ] GC(545) User=0.03s Sys=0.00s Real=0.01s
[2025-11-08T00:16:51.601+0000][gc,start      ] GC(546) Pause Young (Normal) (G1 Evacuation Pause)
[2025-11-08T00:16:51.602+0000][gc,task       ] GC(546) Using 2 workers of 2 for evacuation
[2025-11-08T00:16:51.648+0000][gc,mmu        ] GC(546) MMU target violated: 21.0ms (20.0ms/21.0ms)
[2025-11-08T00:16:51.648+0000][gc,phases     ] GC(546)   Pre Evacuate Collection Set: 0.0ms
[2025-11-08T00:16:51.648+0000][gc,phases     ] GC(546)   Evacuate Collection Set: 44.7ms
[2025-11-08T00:16:51.648+0000][gc,phases     ] GC(546)   Post Evacuate Collection Set: 0.9ms
[2025-11-08T00:16:51.649+0000][gc,phases     ] GC(546)   Other: 1.2ms
[2025-11-08T00:16:51.649+0000][gc,heap       ] GC(546) Eden regions: 41->0(32)
[2025-11-08T00:16:51.649+0000][gc,heap       ] GC(546) Survivor regions: 5->2(6)
[2025-11-08T00:16:51.649+0000][gc,heap       ] GC(546) Old regions: 345->346
[2025-11-08T00:16:51.649+0000][gc,heap       ] GC(546) Humongous regions: 147->147
[2025-11-08T00:16:51.649+0000][gc,metaspace  ] GC(546) Metaspace: 53290K(56604K)->53290K(56604K) NonClass: 47387K(49232K)->47387K(49232K) Class: 5903K(7372K)->5903K(7372K)
[2025-11-08T00:16:51.650+0000][gc            ] GC(546) Pause Young (Normal) (G1 Evacuation Pause) 536M->494M(684M) 48.263ms
[2025-11-08T00:16:51.650+0000][gc,cpu        ] GC(546) User=0.03s Sys=0.00s Real=0.05s
[2025-11-08T00:16:59.790+0000][gc,start      ] GC(547) Pause Young (Normal) (G1 Evacuation Pause)
[2025-11-08T00:16:59.791+0000][gc,task       ] GC(547) Using 2 workers of 2 for evacuation
[2025-11-08T00:16:59.798+0000][gc,phases     ] GC(547)   Pre Evacuate Collection Set: 0.0ms
[2025-11-08T00:16:59.799+0000][gc,phases     ] GC(547)   Evacuate Collection Set: 6.9ms
[2025-11-08T00:16:59.799+0000][gc,phases     ] GC(547)   Post Evacuate Collection Set: 0.6ms
[2025-11-08T00:16:59.799+0000][gc,phases     ] GC(547)   Other: 0.6ms
[2025-11-08T00:16:59.799+0000][gc,heap       ] GC(547) Eden regions: 32->0(32)
[2025-11-08T00:16:59.799+0000][gc,heap       ] GC(547) Survivor regions: 2->2(5)
[2025-11-08T00:16:59.799+0000][gc,heap       ] GC(547) Old regions: 346->346
[2025-11-08T00:16:59.800+0000][gc,heap       ] GC(547) Humongous regions: 147->147
[2025-11-08T00:16:59.800+0000][gc,metaspace  ] GC(547) Metaspace: 53290K(56604K)->53290K(56604K) NonClass: 47387K(49232K)->47387K(49232K) Class: 5903K(7372K)->5903K(7372K)
[2025-11-08T00:16:59.800+0000][gc            ] GC(547) Pause Young (Normal) (G1 Evacuation Pause) 526M->494M(684M) 9.603ms
[2025-11-08T00:16:59.800+0000][gc,cpu        ] GC(547) User=0.01s Sys=0.00s Real=0.01s
[2025-11-08T00:17:08.003+0000][gc,start      ] GC(548) Pause Young (Normal) (G1 Evacuation Pause)
[2025-11-08T00:17:08.003+0000][gc,task       ] GC(548) Using 2 workers of 2 for evacuation
[2025-11-08T00:17:08.010+0000][gc,phases     ] GC(548)   Pre Evacuate Collection Set: 0.0ms
[2025-11-08T00:17:08.010+0000][gc,phases     ] GC(548)   Evacuate Collection Set: 6.2ms
[2025-11-08T00:17:08.010+0000][gc,phases     ] GC(548)   Post Evacuate Collection Set: 0.8ms
[2025-11-08T00:17:08.011+0000][gc,phases     ] GC(548)   Other: 0.6ms
[2025-11-08T00:17:08.011+0000][gc,heap       ] GC(548) Eden regions: 32->0(33)
[2025-11-08T00:17:08.011+0000][gc,heap       ] GC(548) Survivor regions: 2->3(5)
[2025-11-08T00:17:08.011+0000][gc,heap       ] GC(548) Old regions: 346->346
[2025-11-08T00:17:08.011+0000][gc,heap       ] GC(548) Humongous regions: 147->147
[2025-11-08T00:17:08.011+0000][gc,metaspace  ] GC(548) Metaspace: 53290K(56604K)->53290K(56604K) NonClass: 47387K(49232K)->47387K(49232K) Class: 5903K(7372K)->5903K(7372K)
[2025-11-08T00:17:08.012+0000][gc            ] GC(548) Pause Young (Normal) (G1 Evacuation Pause) 526M->494M(684M) 8.983ms
[2025-11-08T00:17:08.012+0000][gc,cpu        ] GC(548) User=0.01s Sys=0.00s Real=0.01s
[2025-11-08T00:17:16.517+0000][gc,start      ] GC(549) Pause Young (Normal) (G1 Evacuation Pause)
[2025-11-08T00:17:16.517+0000][gc,task       ] GC(549) Using 2 workers of 2 for evacuation
[2025-11-08T00:17:16.526+0000][gc,phases     ] GC(549)   Pre Evacuate Collection Set: 0.0ms
[2025-11-08T00:17:16.526+0000][gc,phases     ] GC(549)   Evacuate Collection Set: 7.6ms
[2025-11-08T00:17:16.526+0000][gc,phases     ] GC(549)   Post Evacuate Collection Set: 0.7ms
[2025-11-08T00:17:16.526+0000][gc,phases     ] GC(549)   Other: 0.8ms
[2025-11-08T00:17:16.527+0000][gc,heap       ] GC(549) Eden regions: 33->0(32)
[2025-11-08T00:17:16.527+0000][gc,heap       ] GC(549) Survivor regions: 3->4(5)
[2025-11-08T00:17:16.527+0000][gc,heap       ] GC(549) Old regions: 346->346
[2025-11-08T00:17:16.527+0000][gc,heap       ] GC(549) Humongous regions: 147->147
[2025-11-08T00:17:16.527+0000][gc,metaspace  ] GC(549) Metaspace: 53290K(56604K)->53290K(56604K) NonClass: 47387K(49232K)->47387K(49232K) Class: 5903K(7372K)->5903K(7372K)
[2025-11-08T00:17:16.527+0000][gc            ] GC(549) Pause Young (Normal) (G1 Evacuation Pause) 527M->496M(684M) 10.239ms
[2025-11-08T00:17:16.527+0000][gc,cpu        ] GC(549) User=0.01s Sys=0.00s Real=0.01s
[2025-11-08T00:17:24.768+0000][gc,start      ] GC(550) Pause Young (Normal) (G1 Evacuation Pause)
[2025-11-08T00:17:24.769+0000][gc,task       ] GC(550) Using 2 workers of 2 for evacuation
[2025-11-08T00:17:24.799+0000][gc,mmu        ] GC(550) MMU target violated: 21.0ms (20.0ms/21.0ms)
[2025-11-08T00:17:24.799+0000][gc,phases     ] GC(550)   Pre Evacuate Collection Set: 0.0ms
[2025-11-08T00:17:24.799+0000][gc,phases     ] GC(550)   Evacuate Collection Set: 29.6ms
[2025-11-08T00:17:24.800+0000][gc,phases     ] GC(550)   Post Evacuate Collection Set: 0.5ms
[2025-11-08T00:17:24.800+0000][gc,phases     ] GC(550)   Other: 1.0ms
[2025-11-08T00:17:24.800+0000][gc,heap       ] GC(550) Eden regions: 32->0(31)
[2025-11-08T00:17:24.800+0000][gc,heap       ] GC(550) Survivor regions: 4->3(5)
[2025-11-08T00:17:24.800+0000][gc,heap       ] GC(550) Old regions: 346->348
[2025-11-08T00:17:24.800+0000][gc,heap       ] GC(550) Humongous regions: 147->147
[2025-11-08T00:17:24.800+0000][gc,metaspace  ] GC(550) Metaspace: 53290K(56604K)->53290K(56604K) NonClass: 47387K(49232K)->47387K(49232K) Class: 5903K(7372K)->5903K(7372K)
[2025-11-08T00:17:24.801+0000][gc            ] GC(550) Pause Young (Normal) (G1 Evacuation Pause) 528M->496M(684M) 32.271ms
[2025-11-08T00:17:24.801+0000][gc,cpu        ] GC(550) User=0.02s Sys=0.00s Real=0.03s
[2025-11-08T00:17:32.677+0000][gc,start      ] GC(551) Pause Young (Normal) (G1 Evacuation Pause)
[2025-11-08T00:17:32.679+0000][gc,task       ] GC(551) Using 2 workers of 2 for evacuation
[2025-11-08T00:17:32.688+0000][gc,phases     ] GC(551)   Pre Evacuate Collection Set: 0.0ms
[2025-11-08T00:17:32.688+0000][gc,phases     ] GC(551)   Evacuate Collection Set: 7.1ms
[2025-11-08T00:17:32.688+0000][gc,phases     ] GC(551)   Post Evacuate Collection Set: 0.9ms
[2025-11-08T00:17:32.688+0000][gc,phases     ] GC(551)   Other: 2.6ms
[2025-11-08T00:17:32.688+0000][gc,heap       ] GC(551) Eden regions: 31->0(32)
[2025-11-08T00:17:32.689+0000][gc,heap       ] GC(551) Survivor regions: 3->3(5)
[2025-11-08T00:17:32.689+0000][gc,heap       ] GC(551) Old regions: 348->348
[2025-11-08T00:17:32.689+0000][gc,heap       ] GC(551) Humongous regions: 147->147
[2025-11-08T00:17:32.689+0000][gc,metaspace  ] GC(551) Metaspace: 53290K(56604K)->53290K(56604K) NonClass: 47387K(49232K)->47387K(49232K) Class: 5903K(7372K)->5903K(7372K)
[2025-11-08T00:17:32.689+0000][gc            ] GC(551) Pause Young (Normal) (G1 Evacuation Pause) 527M->496M(684M) 11.965ms
[2025-11-08T00:17:32.689+0000][gc,cpu        ] GC(551) User=0.01s Sys=0.00s Real=0.01s
[2025-11-08T00:17:40.743+0000][gc,start      ] GC(552) Pause Young (Normal) (G1 Evacuation Pause)
[2025-11-08T00:17:40.743+0000][gc,task       ] GC(552) Using 2 workers of 2 for evacuation
[2025-11-08T00:17:40.751+0000][gc,phases     ] GC(552)   Pre Evacuate Collection Set: 0.0ms
[2025-11-08T00:17:40.752+0000][gc,phases     ] GC(552)   Evacuate Collection Set: 7.0ms
[2025-11-08T00:17:40.752+0000][gc,phases     ] GC(552)   Post Evacuate Collection Set: 0.9ms
[2025-11-08T00:17:40.752+0000][gc,phases     ] GC(552)   Other: 0.5ms
[2025-11-08T00:17:40.752+0000][gc,heap       ] GC(552) Eden regions: 32->0(35)
[2025-11-08T00:17:40.752+0000][gc,heap       ] GC(552) Survivor regions: 3->3(5)
[2025-11-08T00:17:40.753+0000][gc,heap       ] GC(552) Old regions: 348->348
[2025-11-08T00:17:40.753+0000][gc,heap       ] GC(552) Humongous regions: 147->147
[2025-11-08T00:17:40.753+0000][gc,metaspace  ] GC(552) Metaspace: 53290K(56604K)->53290K(56604K) NonClass: 47387K(49232K)->47387K(49232K) Class: 5903K(7372K)->5903K(7372K)
[2025-11-08T00:17:40.753+0000][gc            ] GC(552) Pause Young (Normal) (G1 Evacuation Pause) 528M->496M(684M) 10.152ms
[2025-11-08T00:17:40.753+0000][gc,cpu        ] GC(552) User=0.01s Sys=0.00s Real=0.01s
[2025-11-08T00:17:49.755+0000][gc,start      ] GC(553) Pause Young (Normal) (G1 Evacuation Pause)
[2025-11-08T00:17:49.755+0000][gc,task       ] GC(553) Using 2 workers of 2 for evacuation
[2025-11-08T00:17:49.765+0000][gc,phases     ] GC(553)   Pre Evacuate Collection Set: 0.0ms
[2025-11-08T00:17:49.765+0000][gc,phases     ] GC(553)   Evacuate Collection Set: 8.5ms
[2025-11-08T00:17:49.765+0000][gc,phases     ] GC(553)   Post Evacuate Collection Set: 0.8ms
[2025-11-08T00:17:49.766+0000][gc,phases     ] GC(553)   Other: 0.6ms
[2025-11-08T00:17:49.766+0000][gc,heap       ] GC(553) Eden regions: 35->0(37)
[2025-11-08T00:17:49.767+0000][gc,heap       ] GC(553) Survivor regions: 3->3(5)
[2025-11-08T00:17:49.767+0000][gc,heap       ] GC(553) Old regions: 348->348
[2025-11-08T00:17:49.767+0000][gc,heap       ] GC(553) Humongous regions: 147->147
[2025-11-08T00:17:49.767+0000][gc,metaspace  ] GC(553) Metaspace: 53290K(56604K)->53290K(56604K) NonClass: 47387K(49232K)->47387K(49232K) Class: 5903K(7372K)->5903K(7372K)
[2025-11-08T00:17:49.768+0000][gc            ] GC(553) Pause Young (Normal) (G1 Evacuation Pause) 531M->497M(684M) 12.430ms
[2025-11-08T00:17:49.768+0000][gc,cpu        ] GC(553) User=0.02s Sys=0.00s Real=0.01s
[2025-11-08T00:17:58.771+0000][gc,start      ] GC(554) Pause Young (Normal) (G1 Evacuation Pause)
[2025-11-08T00:17:58.771+0000][gc,task       ] GC(554) Using 2 workers of 2 for evacuation
[2025-11-08T00:17:58.782+0000][gc,phases     ] GC(554)   Pre Evacuate Collection Set: 0.0ms
[2025-11-08T00:17:58.782+0000][gc,phases     ] GC(554)   Evacuate Collection Set: 9.6ms
[2025-11-08T00:17:58.784+0000][gc,phases     ] GC(554)   Post Evacuate Collection Set: 0.5ms
[2025-11-08T00:17:58.784+0000][gc,phases     ] GC(554)   Other: 0.5ms
[2025-11-08T00:17:58.784+0000][gc,heap       ] GC(554) Eden regions: 35->0(38)
[2025-11-08T00:17:58.784+0000][gc,heap       ] GC(554) Survivor regions: 3->3(5)
[2025-11-08T00:17:58.784+0000][gc,heap       ] GC(554) Old regions: 348->348
[2025-11-08T00:17:58.784+0000][gc,heap       ] GC(554) Humongous regions: 147->147
[2025-11-08T00:17:58.785+0000][gc,metaspace  ] GC(554) Metaspace: 53290K(56604K)->53290K(56604K) NonClass: 47387K(49232K)->47387K(49232K) Class: 5903K(7372K)->5903K(7372K)
[2025-11-08T00:17:58.785+0000][gc            ] GC(554) Pause Young (Normal) (G1 Evacuation Pause) 532M->497M(684M) 13.382ms
[2025-11-08T00:17:58.785+0000][gc,cpu        ] GC(554) User=0.02s Sys=0.00s Real=0.02s
[2025-11-08T00:18:08.535+0000][gc,start      ] GC(555) Pause Young (Normal) (G1 Evacuation Pause)
[2025-11-08T00:18:08.535+0000][gc,task       ] GC(555) Using 2 workers of 2 for evacuation
[2025-11-08T00:18:08.543+0000][gc,phases     ] GC(555)   Pre Evacuate Collection Set: 0.0ms
[2025-11-08T00:18:08.543+0000][gc,phases     ] GC(555)   Evacuate Collection Set: 6.9ms
[2025-11-08T00:18:08.543+0000][gc,phases     ] GC(555)   Post Evacuate Collection Set: 0.5ms
[2025-11-08T00:18:08.543+0000][gc,phases     ] GC(555)   Other: 0.7ms
[2025-11-08T00:18:08.544+0000][gc,heap       ] GC(555) Eden regions: 38->0(42)
[2025-11-08T00:18:08.544+0000][gc,heap       ] GC(555) Survivor regions: 3->4(6)
[2025-11-08T00:18:08.544+0000][gc,heap       ] GC(555) Old regions: 348->348
[2025-11-08T00:18:08.544+0000][gc,heap       ] GC(555) Humongous regions: 147->147
[2025-11-08T00:18:08.545+0000][gc,metaspace  ] GC(555) Metaspace: 53290K(56604K)->53290K(56604K) NonClass: 47387K(49232K)->47387K(49232K) Class: 5903K(7372K)->5903K(7372K)
[2025-11-08T00:18:08.545+0000][gc            ] GC(555) Pause Young (Normal) (G1 Evacuation Pause) 535M->498M(684M) 10.001ms
[2025-11-08T00:18:08.545+0000][gc,cpu        ] GC(555) User=0.02s Sys=0.00s Real=0.01s
[2025-11-08T00:18:19.482+0000][gc,start      ] GC(556) Pause Young (Normal) (G1 Evacuation Pause)
[2025-11-08T00:18:19.483+0000][gc,task       ] GC(556) Using 2 workers of 2 for evacuation
[2025-11-08T00:18:19.499+0000][gc,phases     ] GC(556)   Pre Evacuate Collection Set: 0.0ms
[2025-11-08T00:18:19.499+0000][gc,phases     ] GC(556)   Evacuate Collection Set: 15.1ms
[2025-11-08T00:18:19.499+0000][gc,phases     ] GC(556)   Post Evacuate Collection Set: 0.7ms
[2025-11-08T00:18:19.499+0000][gc,phases     ] GC(556)   Other: 0.6ms
[2025-11-08T00:18:19.499+0000][gc,heap       ] GC(556) Eden regions: 42->0(41)
[2025-11-08T00:18:19.500+0000][gc,heap       ] GC(556) Survivor regions: 4->3(6)
[2025-11-08T00:18:19.500+0000][gc,heap       ] GC(556) Old regions: 348->348
[2025-11-08T00:18:19.500+0000][gc,heap       ] GC(556) Humongous regions: 147->147
[2025-11-08T00:18:19.500+0000][gc,metaspace  ] GC(556) Metaspace: 53290K(56604K)->53290K(56604K) NonClass: 47387K(49232K)->47387K(49232K) Class: 5903K(7372K)->5903K(7372K)
[2025-11-08T00:18:19.500+0000][gc            ] GC(556) Pause Young (Normal) (G1 Evacuation Pause) 540M->497M(684M) 17.868ms
[2025-11-08T00:18:19.500+0000][gc,cpu        ] GC(556) User=0.02s Sys=0.00s Real=0.02s
[2025-11-08T00:18:29.050+0000][gc,start      ] GC(557) Pause Young (Normal) (G1 Evacuation Pause)
[2025-11-08T00:18:29.050+0000][gc,task       ] GC(557) Using 2 workers of 2 for evacuation
[2025-11-08T00:18:29.060+0000][gc,phases     ] GC(557)   Pre Evacuate Collection Set: 0.0ms
[2025-11-08T00:18:29.061+0000][gc,phases     ] GC(557)   Evacuate Collection Set: 8.5ms
[2025-11-08T00:18:29.061+0000][gc,phases     ] GC(557)   Post Evacuate Collection Set: 0.6ms
[2025-11-08T00:18:29.062+0000][gc,phases     ] GC(557)   Other: 1.2ms
[2025-11-08T00:18:29.062+0000][gc,heap       ] GC(557) Eden regions: 38->0(42)
[2025-11-08T00:18:29.062+0000][gc,heap       ] GC(557) Survivor regions: 3->4(6)
[2025-11-08T00:18:29.062+0000][gc,heap       ] GC(557) Old regions: 348->348
[2025-11-08T00:18:29.062+0000][gc,heap       ] GC(557) Humongous regions: 147->147
[2025-11-08T00:18:29.062+0000][gc,metaspace  ] GC(557) Metaspace: 53290K(56604K)->53290K(56604K) NonClass: 47387K(49232K)->47387K(49232K) Class: 5903K(7372K)->5903K(7372K)
[2025-11-08T00:18:29.063+0000][gc            ] GC(557) Pause Young (Normal) (G1 Evacuation Pause) 535M->498M(684M) 12.750ms
[2025-11-08T00:18:29.063+0000][gc,cpu        ] GC(557) User=0.02s Sys=0.00s Real=0.01s
[2025-11-08T00:18:39.356+0000][gc,start      ] GC(558) Pause Young (Normal) (G1 Evacuation Pause)
[2025-11-08T00:18:39.357+0000][gc,task       ] GC(558) Using 2 workers of 2 for evacuation
[2025-11-08T00:18:39.375+0000][gc,phases     ] GC(558)   Pre Evacuate Collection Set: 0.2ms
[2025-11-08T00:18:39.376+0000][gc,phases     ] GC(558)   Evacuate Collection Set: 17.1ms
[2025-11-08T00:18:39.376+0000][gc,phases     ] GC(558)   Post Evacuate Collection Set: 0.6ms
[2025-11-08T00:18:39.376+0000][gc,phases     ] GC(558)   Other: 1.6ms
[2025-11-08T00:18:39.376+0000][gc,heap       ] GC(558) Eden regions: 40->0(40)
[2025-11-08T00:18:39.376+0000][gc,heap       ] GC(558) Survivor regions: 4->2(6)
[2025-11-08T00:18:39.376+0000][gc,heap       ] GC(558) Old regions: 348->349
[2025-11-08T00:18:39.376+0000][gc,heap       ] GC(558) Humongous regions: 147->147
[2025-11-08T00:18:39.377+0000][gc,metaspace  ] GC(558) Metaspace: 53290K(56604K)->53290K(56604K) NonClass: 47387K(49232K)->47387K(49232K) Class: 5903K(7372K)->5903K(7372K)
[2025-11-08T00:18:39.377+0000][gc            ] GC(558) Pause Young (Normal) (G1 Evacuation Pause) 538M->497M(684M) 21.041ms
[2025-11-08T00:18:39.377+0000][gc,cpu        ] GC(558) User=0.02s Sys=0.00s Real=0.02s
[2025-11-08T00:18:49.691+0000][gc,start      ] GC(559) Pause Young (Normal) (G1 Evacuation Pause)
[2025-11-08T00:18:49.691+0000][gc,task       ] GC(559) Using 2 workers of 2 for evacuation
[2025-11-08T00:18:49.700+0000][gc,phases     ] GC(559)   Pre Evacuate Collection Set: 0.0ms
[2025-11-08T00:18:49.700+0000][gc,phases     ] GC(559)   Evacuate Collection Set: 7.7ms
[2025-11-08T00:18:49.700+0000][gc,phases     ] GC(559)   Post Evacuate Collection Set: 0.6ms
[2025-11-08T00:18:49.701+0000][gc,phases     ] GC(559)   Other: 0.7ms
[2025-11-08T00:18:49.701+0000][gc,heap       ] GC(559) Eden regions: 40->0(42)
[2025-11-08T00:18:49.701+0000][gc,heap       ] GC(559) Survivor regions: 2->4(6)
[2025-11-08T00:18:49.701+0000][gc,heap       ] GC(559) Old regions: 349->349
[2025-11-08T00:18:49.701+0000][gc,heap       ] GC(559) Humongous regions: 147->147
[2025-11-08T00:18:49.701+0000][gc,metaspace  ] GC(559) Metaspace: 53290K(56604K)->53290K(56604K) NonClass: 47387K(49232K)->47387K(49232K) Class: 5903K(7372K)->5903K(7372K)
[2025-11-08T00:18:49.701+0000][gc            ] GC(559) Pause Young (Normal) (G1 Evacuation Pause) 537M->498M(684M) 10.285ms
[2025-11-08T00:18:49.701+0000][gc,cpu        ] GC(559) User=0.01s Sys=0.00s Real=0.01s
[2025-11-08T00:18:59.971+0000][gc,start      ] GC(560) Pause Young (Normal) (G1 Evacuation Pause)
[2025-11-08T00:18:59.972+0000][gc,task       ] GC(560) Using 2 workers of 2 for evacuation
[2025-11-08T00:18:59.997+0000][gc,mmu        ] GC(560) MMU target violated: 21.0ms (20.0ms/21.0ms)
[2025-11-08T00:18:59.998+0000][gc,phases     ] GC(560)   Pre Evacuate Collection Set: 0.0ms
[2025-11-08T00:18:59.998+0000][gc,phases     ] GC(560)   Evacuate Collection Set: 24.1ms
[2025-11-08T00:18:59.999+0000][gc,phases     ] GC(560)   Post Evacuate Collection Set: 1.0ms
[2025-11-08T00:18:59.999+0000][gc,phases     ] GC(560)   Other: 2.1ms
[2025-11-08T00:18:59.999+0000][gc,heap       ] GC(560) Eden regions: 40->0(38)
[2025-11-08T00:18:59.999+0000][gc,heap       ] GC(560) Survivor regions: 4->4(6)
[2025-11-08T00:19:00.000+0000][gc,heap       ] GC(560) Old regions: 349->349
[2025-11-08T00:19:00.001+0000][gc,heap       ] GC(560) Humongous regions: 147->147
[2025-11-08T00:19:00.001+0000][gc,metaspace  ] GC(560) Metaspace: 53290K(56604K)->53290K(56604K) NonClass: 47387K(49232K)->47387K(49232K) Class: 5903K(7372K)->5903K(7372K)
[2025-11-08T00:19:00.002+0000][gc            ] GC(560) Pause Young (Normal) (G1 Evacuation Pause) 538M->499M(684M) 30.720ms
[2025-11-08T00:19:00.002+0000][gc,cpu        ] GC(560) User=0.03s Sys=0.00s Real=0.03s
[2025-11-08T00:19:07.683+0000][gc,start      ] GC(561) Pause Young (Normal) (G1 Evacuation Pause)
[2025-11-08T00:19:07.683+0000][gc,task       ] GC(561) Using 2 workers of 2 for evacuation
[2025-11-08T00:19:07.718+0000][gc,mmu        ] GC(561) MMU target violated: 21.0ms (20.0ms/21.0ms)
[2025-11-08T00:19:07.719+0000][gc,phases     ] GC(561)   Pre Evacuate Collection Set: 0.0ms
[2025-11-08T00:19:07.719+0000][gc,phases     ] GC(561)   Evacuate Collection Set: 33.9ms
[2025-11-08T00:19:07.719+0000][gc,phases     ] GC(561)   Post Evacuate Collection Set: 0.9ms
[2025-11-08T00:19:07.719+0000][gc,phases     ] GC(561)   Other: 0.9ms
[2025-11-08T00:19:07.719+0000][gc,heap       ] GC(561) Eden regions: 30->0(31)
[2025-11-08T00:19:07.719+0000][gc,heap       ] GC(561) Survivor regions: 4->3(5)
[2025-11-08T00:19:07.720+0000][gc,heap       ] GC(561) Old regions: 349->351
[2025-11-08T00:19:07.720+0000][gc,heap       ] GC(561) Humongous regions: 147->147
[2025-11-08T00:19:07.720+0000][gc,metaspace  ] GC(561) Metaspace: 53290K(56604K)->53290K(56604K) NonClass: 47387K(49232K)->47387K(49232K) Class: 5903K(7372K)->5903K(7372K)
[2025-11-08T00:19:07.720+0000][gc            ] GC(561) Pause Young (Normal) (G1 Evacuation Pause) 529M->499M(684M) 37.579ms
[2025-11-08T00:19:07.721+0000][gc,cpu        ] GC(561) User=0.03s Sys=0.00s Real=0.04s
[2025-11-08T00:19:15.617+0000][gc,start      ] GC(562) Pause Young (Normal) (G1 Evacuation Pause)
[2025-11-08T00:19:15.617+0000][gc,task       ] GC(562) Using 2 workers of 2 for evacuation
[2025-11-08T00:19:15.624+0000][gc,phases     ] GC(562)   Pre Evacuate Collection Set: 0.0ms
[2025-11-08T00:19:15.624+0000][gc,phases     ] GC(562)   Evacuate Collection Set: 6.2ms
[2025-11-08T00:19:15.625+0000][gc,phases     ] GC(562)   Post Evacuate Collection Set: 0.7ms
[2025-11-08T00:19:15.625+0000][gc,phases     ] GC(562)   Other: 0.7ms
[2025-11-08T00:19:15.625+0000][gc,heap       ] GC(562) Eden regions: 31->0(31)
[2025-11-08T00:19:15.625+0000][gc,heap       ] GC(562) Survivor regions: 3->3(5)
[2025-11-08T00:19:15.625+0000][gc,heap       ] GC(562) Old regions: 351->351
[2025-11-08T00:19:15.625+0000][gc,heap       ] GC(562) Humongous regions: 147->147
[2025-11-08T00:19:15.626+0000][gc,metaspace  ] GC(562) Metaspace: 53290K(56604K)->53290K(56604K) NonClass: 47387K(49232K)->47387K(49232K) Class: 5903K(7372K)->5903K(7372K)
[2025-11-08T00:19:15.626+0000][gc            ] GC(562) Pause Young (Normal) (G1 Evacuation Pause) 530M->499M(684M) 9.012ms
[2025-11-08T00:19:15.626+0000][gc,cpu        ] GC(562) User=0.01s Sys=0.00s Real=0.01s
[2025-11-08T00:19:23.485+0000][gc,start      ] GC(563) Pause Young (Normal) (G1 Evacuation Pause)
[2025-11-08T00:19:23.486+0000][gc,task       ] GC(563) Using 2 workers of 2 for evacuation
[2025-11-08T00:19:23.493+0000][gc,phases     ] GC(563)   Pre Evacuate Collection Set: 0.0ms
[2025-11-08T00:19:23.493+0000][gc,phases     ] GC(563)   Evacuate Collection Set: 5.9ms
[2025-11-08T00:19:23.493+0000][gc,phases     ] GC(563)   Post Evacuate Collection Set: 0.6ms
[2025-11-08T00:19:23.493+0000][gc,phases     ] GC(563)   Other: 0.5ms
[2025-11-08T00:19:23.493+0000][gc,heap       ] GC(563) Eden regions: 31->0(35)
[2025-11-08T00:19:23.493+0000][gc,heap       ] GC(563) Survivor regions: 3->2(5)
[2025-11-08T00:19:23.493+0000][gc,heap       ] GC(563) Old regions: 351->351
[2025-11-08T00:19:23.494+0000][gc,heap       ] GC(563) Humongous regions: 147->147
[2025-11-08T00:19:23.494+0000][gc,metaspace  ] GC(563) Metaspace: 53290K(56604K)->53290K(56604K) NonClass: 47387K(49232K)->47387K(49232K) Class: 5903K(7372K)->5903K(7372K)
[2025-11-08T00:19:23.494+0000][gc            ] GC(563) Pause Young (Normal) (G1 Evacuation Pause) 530M->499M(684M) 8.269ms
[2025-11-08T00:19:23.494+0000][gc,cpu        ] GC(563) User=0.01s Sys=0.00s Real=0.00s
[2025-11-08T00:19:32.393+0000][gc,start      ] GC(564) Pause Young (Normal) (G1 Evacuation Pause)
[2025-11-08T00:19:32.393+0000][gc,task       ] GC(564) Using 2 workers of 2 for evacuation
[2025-11-08T00:19:32.400+0000][gc,phases     ] GC(564)   Pre Evacuate Collection Set: 0.0ms
[2025-11-08T00:19:32.401+0000][gc,phases     ] GC(564)   Evacuate Collection Set: 6.4ms
[2025-11-08T00:19:32.401+0000][gc,phases     ] GC(564)   Post Evacuate Collection Set: 0.7ms
[2025-11-08T00:19:32.401+0000][gc,phases     ] GC(564)   Other: 0.6ms
[2025-11-08T00:19:32.401+0000][gc,heap       ] GC(564) Eden regions: 35->0(37)
[2025-11-08T00:19:32.401+0000][gc,heap       ] GC(564) Survivor regions: 2->3(5)
[2025-11-08T00:19:32.401+0000][gc,heap       ] GC(564) Old regions: 351->351
[2025-11-08T00:19:32.401+0000][gc,heap       ] GC(564) Humongous regions: 147->147
[2025-11-08T00:19:32.401+0000][gc,metaspace  ] GC(564) Metaspace: 53290K(56604K)->53290K(56604K) NonClass: 47387K(49232K)->47387K(49232K) Class: 5903K(7372K)->5903K(7372K)
[2025-11-08T00:19:32.402+0000][gc            ] GC(564) Pause Young (Normal) (G1 Evacuation Pause) 534M->499M(684M) 8.983ms
[2025-11-08T00:19:32.402+0000][gc,cpu        ] GC(564) User=0.01s Sys=0.00s Real=0.01s
[2025-11-08T00:19:41.923+0000][gc,start      ] GC(565) Pause Young (Normal) (G1 Evacuation Pause)
[2025-11-08T00:19:41.924+0000][gc,task       ] GC(565) Using 2 workers of 2 for evacuation
[2025-11-08T00:19:41.933+0000][gc,phases     ] GC(565)   Pre Evacuate Collection Set: 0.0ms
[2025-11-08T00:19:41.933+0000][gc,phases     ] GC(565)   Evacuate Collection Set: 7.1ms
[2025-11-08T00:19:41.933+0000][gc,phases     ] GC(565)   Post Evacuate Collection Set: 0.8ms
[2025-11-08T00:19:41.934+0000][gc,phases     ] GC(565)   Other: 2.1ms
[2025-11-08T00:19:41.934+0000][gc,heap       ] GC(565) Eden regions: 37->0(39)
[2025-11-08T00:19:41.934+0000][gc,heap       ] GC(565) Survivor regions: 3->3(5)
[2025-11-08T00:19:41.934+0000][gc,heap       ] GC(565) Old regions: 351->351
[2025-11-08T00:19:41.934+0000][gc,heap       ] GC(565) Humongous regions: 147->147
[2025-11-08T00:19:41.934+0000][gc,metaspace  ] GC(565) Metaspace: 53290K(56604K)->53290K(56604K) NonClass: 47387K(49232K)->47387K(49232K) Class: 5903K(7372K)->5903K(7372K)
[2025-11-08T00:19:41.934+0000][gc            ] GC(565) Pause Young (Normal) (G1 Evacuation Pause) 536M->500M(684M) 11.675ms
[2025-11-08T00:19:41.935+0000][gc,cpu        ] GC(565) User=0.02s Sys=0.00s Real=0.02s
[2025-11-08T00:19:51.917+0000][gc,start      ] GC(566) Pause Young (Normal) (G1 Evacuation Pause)
[2025-11-08T00:19:51.918+0000][gc,task       ] GC(566) Using 2 workers of 2 for evacuation
[2025-11-08T00:19:51.927+0000][gc,phases     ] GC(566)   Pre Evacuate Collection Set: 0.0ms
[2025-11-08T00:19:51.927+0000][gc,phases     ] GC(566)   Evacuate Collection Set: 8.2ms
[2025-11-08T00:19:51.927+0000][gc,phases     ] GC(566)   Post Evacuate Collection Set: 0.7ms
[2025-11-08T00:19:51.927+0000][gc,phases     ] GC(566)   Other: 0.6ms
[2025-11-08T00:19:51.928+0000][gc,heap       ] GC(566) Eden regions: 39->0(41)
[2025-11-08T00:19:51.928+0000][gc,heap       ] GC(566) Survivor regions: 3->4(6)
[2025-11-08T00:19:51.928+0000][gc,heap       ] GC(566) Old regions: 351->351
[2025-11-08T00:19:51.928+0000][gc,heap       ] GC(566) Humongous regions: 147->147
[2025-11-08T00:19:51.928+0000][gc,metaspace  ] GC(566) Metaspace: 53290K(56604K)->53290K(56604K) NonClass: 47387K(49232K)->47387K(49232K) Class: 5903K(7372K)->5903K(7372K)
[2025-11-08T00:19:51.928+0000][gc            ] GC(566) Pause Young (Normal) (G1 Evacuation Pause) 539M->501M(684M) 10.897ms
[2025-11-08T00:19:51.929+0000][gc,cpu        ] GC(566) User=0.01s Sys=0.00s Real=0.01s
[2025-11-08T00:20:02.005+0000][gc,start      ] GC(567) Pause Young (Normal) (G1 Evacuation Pause)
[2025-11-08T00:20:02.005+0000][gc,task       ] GC(567) Using 2 workers of 2 for evacuation
[2025-11-08T00:20:02.026+0000][gc,mmu        ] GC(567) MMU target violated: 21.0ms (20.0ms/21.0ms)
[2025-11-08T00:20:02.027+0000][gc,phases     ] GC(567)   Pre Evacuate Collection Set: 0.0ms
[2025-11-08T00:20:02.027+0000][gc,phases     ] GC(567)   Evacuate Collection Set: 20.8ms
[2025-11-08T00:20:02.027+0000][gc,phases     ] GC(567)   Post Evacuate Collection Set: 0.5ms
[2025-11-08T00:20:02.027+0000][gc,phases     ] GC(567)   Other: 0.7ms
[2025-11-08T00:20:02.027+0000][gc,heap       ] GC(567) Eden regions: 39->0(38)
[2025-11-08T00:20:02.027+0000][gc,heap       ] GC(567) Survivor regions: 4->2(6)
[2025-11-08T00:20:02.027+0000][gc,heap       ] GC(567) Old regions: 351->352
[2025-11-08T00:20:02.028+0000][gc,heap       ] GC(567) Humongous regions: 147->147
[2025-11-08T00:20:02.028+0000][gc,metaspace  ] GC(567) Metaspace: 53290K(56604K)->53290K(56604K) NonClass: 47387K(49232K)->47387K(49232K) Class: 5903K(7372K)->5903K(7372K)
[2025-11-08T00:20:02.028+0000][gc            ] GC(567) Pause Young (Normal) (G1 Evacuation Pause) 540M->500M(684M) 23.256ms
[2025-11-08T00:20:02.028+0000][gc,cpu        ] GC(567) User=0.01s Sys=0.00s Real=0.02s
[2025-11-08T00:20:11.255+0000][gc,start      ] GC(568) Pause Young (Normal) (G1 Evacuation Pause)
[2025-11-08T00:20:11.255+0000][gc,task       ] GC(568) Using 2 workers of 2 for evacuation
[2025-11-08T00:20:11.264+0000][gc,phases     ] GC(568)   Pre Evacuate Collection Set: 0.0ms
[2025-11-08T00:20:11.265+0000][gc,phases     ] GC(568)   Evacuate Collection Set: 6.7ms
[2025-11-08T00:20:11.265+0000][gc,phases     ] GC(568)   Post Evacuate Collection Set: 2.3ms
[2025-11-08T00:20:11.265+0000][gc,phases     ] GC(568)   Other: 0.5ms
[2025-11-08T00:20:11.265+0000][gc,heap       ] GC(568) Eden regions: 36->0(38)
[2025-11-08T00:20:11.265+0000][gc,heap       ] GC(568) Survivor regions: 2->3(5)
[2025-11-08T00:20:11.265+0000][gc,heap       ] GC(568) Old regions: 352->352
[2025-11-08T00:20:11.266+0000][gc,heap       ] GC(568) Humongous regions: 147->147
[2025-11-08T00:20:11.266+0000][gc,metaspace  ] GC(568) Metaspace: 53290K(56604K)->53290K(56604K) NonClass: 47387K(49232K)->47387K(49232K) Class: 5903K(7372K)->5903K(7372K)
[2025-11-08T00:20:11.266+0000][gc            ] GC(568) Pause Young (Normal) (G1 Evacuation Pause) 536M->500M(684M) 11.277ms
[2025-11-08T00:20:11.266+0000][gc,cpu        ] GC(568) User=0.02s Sys=0.00s Real=0.01s
[2025-11-08T00:20:21.024+0000][gc,start      ] GC(569) Pause Young (Normal) (G1 Evacuation Pause)
[2025-11-08T00:20:21.025+0000][gc,task       ] GC(569) Using 2 workers of 2 for evacuation
[2025-11-08T00:20:21.034+0000][gc,phases     ] GC(569)   Pre Evacuate Collection Set: 0.0ms
[2025-11-08T00:20:21.034+0000][gc,phases     ] GC(569)   Evacuate Collection Set: 8.3ms
[2025-11-08T00:20:21.034+0000][gc,phases     ] GC(569)   Post Evacuate Collection Set: 0.6ms
[2025-11-08T00:20:21.034+0000][gc,phases     ] GC(569)   Other: 0.7ms
[2025-11-08T00:20:21.035+0000][gc,heap       ] GC(569) Eden regions: 38->0(40)
[2025-11-08T00:20:21.035+0000][gc,heap       ] GC(569) Survivor regions: 3->4(6)
[2025-11-08T00:20:21.035+0000][gc,heap       ] GC(569) Old regions: 352->352
[2025-11-08T00:20:21.035+0000][gc,heap       ] GC(569) Humongous regions: 147->147
[2025-11-08T00:20:21.035+0000][gc,metaspace  ] GC(569) Metaspace: 53290K(56604K)->53290K(56604K) NonClass: 47387K(49232K)->47387K(49232K) Class: 5903K(7372K)->5903K(7372K)
[2025-11-08T00:20:21.035+0000][gc            ] GC(569) Pause Young (Normal) (G1 Evacuation Pause) 538M->501M(684M) 10.947ms
[2025-11-08T00:20:21.035+0000][gc,cpu        ] GC(569) User=0.01s Sys=0.00s Real=0.01s
[2025-11-08T00:20:31.028+0000][gc,start      ] GC(570) Pause Young (Normal) (G1 Evacuation Pause)
[2025-11-08T00:20:31.029+0000][gc,task       ] GC(570) Using 2 workers of 2 for evacuation
[2025-11-08T00:20:31.042+0000][gc,phases     ] GC(570)   Pre Evacuate Collection Set: 0.0ms
[2025-11-08T00:20:31.043+0000][gc,phases     ] GC(570)   Evacuate Collection Set: 12.7ms
[2025-11-08T00:20:31.043+0000][gc,phases     ] GC(570)   Post Evacuate Collection Set: 0.8ms
[2025-11-08T00:20:31.043+0000][gc,phases     ] GC(570)   Other: 0.6ms
[2025-11-08T00:20:31.043+0000][gc,heap       ] GC(570) Eden regions: 39->0(40)
[2025-11-08T00:20:31.043+0000][gc,heap       ] GC(570) Survivor regions: 4->4(6)
[2025-11-08T00:20:31.044+0000][gc,heap       ] GC(570) Old regions: 352->352
[2025-11-08T00:20:31.044+0000][gc,heap       ] GC(570) Humongous regions: 147->147
[2025-11-08T00:20:31.044+0000][gc,metaspace  ] GC(570) Metaspace: 53290K(56604K)->53290K(56604K) NonClass: 47387K(49232K)->47387K(49232K) Class: 5903K(7372K)->5903K(7372K)
[2025-11-08T00:20:31.044+0000][gc            ] GC(570) Pause Young (Normal) (G1 Evacuation Pause) 540M->502M(684M) 15.750ms
[2025-11-08T00:20:31.044+0000][gc,cpu        ] GC(570) User=0.02s Sys=0.00s Real=0.02s
[2025-11-08T00:20:40.830+0000][gc,start      ] GC(571) Pause Young (Normal) (G1 Evacuation Pause)
[2025-11-08T00:20:40.830+0000][gc,task       ] GC(571) Using 2 workers of 2 for evacuation
[2025-11-08T00:20:40.846+0000][gc,phases     ] GC(571)   Pre Evacuate Collection Set: 0.0ms
[2025-11-08T00:20:40.846+0000][gc,phases     ] GC(571)   Evacuate Collection Set: 14.7ms
[2025-11-08T00:20:40.846+0000][gc,phases     ] GC(571)   Post Evacuate Collection Set: 0.5ms
[2025-11-08T00:20:40.846+0000][gc,phases     ] GC(571)   Other: 0.5ms
[2025-11-08T00:20:40.847+0000][gc,heap       ] GC(571) Eden regions: 38->0(39)
[2025-11-08T00:20:40.847+0000][gc,heap       ] GC(571) Survivor regions: 4->4(6)
[2025-11-08T00:20:40.847+0000][gc,heap       ] GC(571) Old regions: 352->353
[2025-11-08T00:20:40.847+0000][gc,heap       ] GC(571) Humongous regions: 147->147
[2025-11-08T00:20:40.847+0000][gc,metaspace  ] GC(571) Metaspace: 53290K(56604K)->53290K(56604K) NonClass: 47387K(49232K)->47387K(49232K) Class: 5903K(7372K)->5903K(7372K)
[2025-11-08T00:20:40.847+0000][gc            ] GC(571) Pause Young (Normal) (G1 Evacuation Pause) 540M->503M(684M) 16.955ms
[2025-11-08T00:20:40.847+0000][gc,cpu        ] GC(571) User=0.02s Sys=0.00s Real=0.02s
[2025-11-08T00:20:50.783+0000][gc,start      ] GC(572) Pause Young (Normal) (G1 Evacuation Pause)
[2025-11-08T00:20:50.783+0000][gc,task       ] GC(572) Using 2 workers of 2 for evacuation
[2025-11-08T00:20:50.800+0000][gc,phases     ] GC(572)   Pre Evacuate Collection Set: 0.0ms
[2025-11-08T00:20:50.800+0000][gc,phases     ] GC(572)   Evacuate Collection Set: 14.7ms
[2025-11-08T00:20:50.800+0000][gc,phases     ] GC(572)   Post Evacuate Collection Set: 0.6ms
[2025-11-08T00:20:50.800+0000][gc,phases     ] GC(572)   Other: 1.0ms
[2025-11-08T00:20:50.800+0000][gc,heap       ] GC(572) Eden regions: 39->0(40)
[2025-11-08T00:20:50.800+0000][gc,heap       ] GC(572) Survivor regions: 4->3(6)
[2025-11-08T00:20:50.800+0000][gc,heap       ] GC(572) Old regions: 353->353
[2025-11-08T00:20:50.801+0000][gc,heap       ] GC(572) Humongous regions: 147->147
[2025-11-08T00:20:50.801+0000][gc,metaspace  ] GC(572) Metaspace: 53290K(56604K)->53290K(56604K) NonClass: 47387K(49232K)->47387K(49232K) Class: 5903K(7372K)->5903K(7372K)
[2025-11-08T00:20:50.801+0000][gc            ] GC(572) Pause Young (Normal) (G1 Evacuation Pause) 542M->502M(684M) 17.597ms
[2025-11-08T00:20:50.801+0000][gc,cpu        ] GC(572) User=0.01s Sys=0.00s Real=0.02s
[2025-11-08T00:21:01.033+0000][gc,start      ] GC(573) Pause Young (Normal) (G1 Evacuation Pause)
[2025-11-08T00:21:01.034+0000][gc,task       ] GC(573) Using 2 workers of 2 for evacuation
[2025-11-08T00:21:01.043+0000][gc,phases     ] GC(573)   Pre Evacuate Collection Set: 0.0ms
[2025-11-08T00:21:01.043+0000][gc,phases     ] GC(573)   Evacuate Collection Set: 8.2ms
[2025-11-08T00:21:01.043+0000][gc,phases     ] GC(573)   Post Evacuate Collection Set: 0.6ms
[2025-11-08T00:21:01.043+0000][gc,phases     ] GC(573)   Other: 0.7ms
[2025-11-08T00:21:01.044+0000][gc,heap       ] GC(573) Eden regions: 40->0(42)
[2025-11-08T00:21:01.044+0000][gc,heap       ] GC(573) Survivor regions: 3->3(6)
[2025-11-08T00:21:01.044+0000][gc,heap       ] GC(573) Old regions: 353->353
[2025-11-08T00:21:01.044+0000][gc,heap       ] GC(573) Humongous regions: 147->147
[2025-11-08T00:21:01.044+0000][gc,metaspace  ] GC(573) Metaspace: 53290K(56604K)->53290K(56604K) NonClass: 47387K(49232K)->47387K(49232K) Class: 5903K(7372K)->5903K(7372K)
[2025-11-08T00:21:01.044+0000][gc            ] GC(573) Pause Young (Normal) (G1 Evacuation Pause) 542M->502M(684M) 11.081ms
[2025-11-08T00:21:01.045+0000][gc,cpu        ] GC(573) User=0.01s Sys=0.00s Real=0.02s
[2025-11-08T00:21:11.339+0000][gc,start      ] GC(574) Pause Young (Normal) (G1 Evacuation Pause)
[2025-11-08T00:21:11.339+0000][gc,task       ] GC(574) Using 2 workers of 2 for evacuation
[2025-11-08T00:21:11.349+0000][gc,phases     ] GC(574)   Pre Evacuate Collection Set: 0.0ms
[2025-11-08T00:21:11.349+0000][gc,phases     ] GC(574)   Evacuate Collection Set: 9.0ms
[2025-11-08T00:21:11.349+0000][gc,phases     ] GC(574)   Post Evacuate Collection Set: 0.6ms
[2025-11-08T00:21:11.350+0000][gc,phases     ] GC(574)   Other: 0.6ms
[2025-11-08T00:21:11.350+0000][gc,heap       ] GC(574) Eden regions: 40->0(43)
[2025-11-08T00:21:11.350+0000][gc,heap       ] GC(574) Survivor regions: 3->4(6)
[2025-11-08T00:21:11.350+0000][gc,heap       ] GC(574) Old regions: 353->353
[2025-11-08T00:21:11.350+0000][gc,heap       ] GC(574) Humongous regions: 147->147
[2025-11-08T00:21:11.350+0000][gc,metaspace  ] GC(574) Metaspace: 53290K(56604K)->53290K(56604K) NonClass: 47387K(49232K)->47387K(49232K) Class: 5903K(7372K)->5903K(7372K)
[2025-11-08T00:21:11.351+0000][gc            ] GC(574) Pause Young (Normal) (G1 Evacuation Pause) 542M->503M(684M) 11.703ms
[2025-11-08T00:21:11.351+0000][gc,cpu        ] GC(574) User=0.02s Sys=0.00s Real=0.01s
[2025-11-08T00:21:21.835+0000][gc,start      ] GC(575) Pause Young (Normal) (G1 Evacuation Pause)
[2025-11-08T00:21:21.836+0000][gc,task       ] GC(575) Using 2 workers of 2 for evacuation
[2025-11-08T00:21:21.864+0000][gc,mmu        ] GC(575) MMU target violated: 21.0ms (20.0ms/21.0ms)
[2025-11-08T00:21:21.864+0000][gc,phases     ] GC(575)   Pre Evacuate Collection Set: 0.0ms
[2025-11-08T00:21:21.864+0000][gc,phases     ] GC(575)   Evacuate Collection Set: 27.3ms
[2025-11-08T00:21:21.865+0000][gc,phases     ] GC(575)   Post Evacuate Collection Set: 0.5ms
[2025-11-08T00:21:21.865+0000][gc,phases     ] GC(575)   Other: 1.2ms
[2025-11-08T00:21:21.865+0000][gc,heap       ] GC(575) Eden regions: 41->0(37)
[2025-11-08T00:21:21.865+0000][gc,heap       ] GC(575) Survivor regions: 4->3(6)
[2025-11-08T00:21:21.865+0000][gc,heap       ] GC(575) Old regions: 353->354
[2025-11-08T00:21:21.865+0000][gc,heap       ] GC(575) Humongous regions: 147->147
[2025-11-08T00:21:21.865+0000][gc,metaspace  ] GC(575) Metaspace: 53290K(56604K)->53290K(56604K) NonClass: 47387K(49232K)->47387K(49232K) Class: 5903K(7372K)->5903K(7372K)
[2025-11-08T00:21:21.866+0000][gc            ] GC(575) Pause Young (Normal) (G1 Evacuation Pause) 544M->503M(684M) 30.144ms
[2025-11-08T00:21:21.866+0000][gc,cpu        ] GC(575) User=0.02s Sys=0.00s Real=0.03s
[2025-11-08T00:21:31.334+0000][gc,start      ] GC(576) Pause Young (Normal) (G1 Evacuation Pause)
[2025-11-08T00:21:31.335+0000][gc,task       ] GC(576) Using 2 workers of 2 for evacuation
[2025-11-08T00:21:31.343+0000][gc,phases     ] GC(576)   Pre Evacuate Collection Set: 0.0ms
[2025-11-08T00:21:31.343+0000][gc,phases     ] GC(576)   Evacuate Collection Set: 7.1ms
[2025-11-08T00:21:31.343+0000][gc,phases     ] GC(576)   Post Evacuate Collection Set: 0.7ms
[2025-11-08T00:21:31.344+0000][gc,phases     ] GC(576)   Other: 0.9ms
[2025-11-08T00:21:31.344+0000][gc,heap       ] GC(576) Eden regions: 37->0(40)
[2025-11-08T00:21:31.344+0000][gc,heap       ] GC(576) Survivor regions: 3->3(5)
[2025-11-08T00:21:31.344+0000][gc,heap       ] GC(576) Old regions: 354->354
[2025-11-08T00:21:31.344+0000][gc,heap       ] GC(576) Humongous regions: 147->147
[2025-11-08T00:21:31.345+0000][gc,metaspace  ] GC(576) Metaspace: 53290K(56604K)->53290K(56604K) NonClass: 47387K(49232K)->47387K(49232K) Class: 5903K(7372K)->5903K(7372K)
[2025-11-08T00:21:31.345+0000][gc            ] GC(576) Pause Young (Normal) (G1 Evacuation Pause) 540M->503M(684M) 10.489ms
[2025-11-08T00:21:31.345+0000][gc,cpu        ] GC(576) User=0.02s Sys=0.00s Real=0.01s
[2025-11-08T00:21:41.622+0000][gc,start      ] GC(577) Pause Young (Normal) (G1 Evacuation Pause)
[2025-11-08T00:21:41.623+0000][gc,task       ] GC(577) Using 2 workers of 2 for evacuation
[2025-11-08T00:21:41.631+0000][gc,phases     ] GC(577)   Pre Evacuate Collection Set: 0.0ms
[2025-11-08T00:21:41.632+0000][gc,phases     ] GC(577)   Evacuate Collection Set: 8.0ms
[2025-11-08T00:21:41.632+0000][gc,phases     ] GC(577)   Post Evacuate Collection Set: 0.7ms
[2025-11-08T00:21:41.632+0000][gc,phases     ] GC(577)   Other: 1.2ms
[2025-11-08T00:21:41.632+0000][gc,heap       ] GC(577) Eden regions: 40->0(41)
[2025-11-08T00:21:41.632+0000][gc,heap       ] GC(577) Survivor regions: 3->4(6)
[2025-11-08T00:21:41.633+0000][gc,heap       ] GC(577) Old regions: 354->354
[2025-11-08T00:21:41.633+0000][gc,heap       ] GC(577) Humongous regions: 147->147
[2025-11-08T00:21:41.633+0000][gc,metaspace  ] GC(577) Metaspace: 53290K(56604K)->53290K(56604K) NonClass: 47387K(49232K)->47387K(49232K) Class: 5903K(7372K)->5903K(7372K)
[2025-11-08T00:21:41.633+0000][gc            ] GC(577) Pause Young (Normal) (G1 Evacuation Pause) 543M->504M(684M) 11.430ms
[2025-11-08T00:21:41.633+0000][gc,cpu        ] GC(577) User=0.02s Sys=0.00s Real=0.01s
[2025-11-08T00:21:52.113+0000][gc,start      ] GC(578) Pause Young (Normal) (G1 Evacuation Pause)
[2025-11-08T00:21:52.114+0000][gc,task       ] GC(578) Using 2 workers of 2 for evacuation
[2025-11-08T00:21:52.132+0000][gc,phases     ] GC(578)   Pre Evacuate Collection Set: 0.0ms
[2025-11-08T00:21:52.132+0000][gc,phases     ] GC(578)   Evacuate Collection Set: 17.5ms
[2025-11-08T00:21:52.132+0000][gc,phases     ] GC(578)   Post Evacuate Collection Set: 0.5ms
[2025-11-08T00:21:52.133+0000][gc,phases     ] GC(578)   Other: 1.0ms
[2025-11-08T00:21:52.133+0000][gc,heap       ] GC(578) Eden regions: 41->0(41)
[2025-11-08T00:21:52.133+0000][gc,heap       ] GC(578) Survivor regions: 4->3(6)
[2025-11-08T00:21:52.133+0000][gc,heap       ] GC(578) Old regions: 354->355
[2025-11-08T00:21:52.133+0000][gc,heap       ] GC(578) Humongous regions: 147->147
[2025-11-08T00:21:52.133+0000][gc,metaspace  ] GC(578) Metaspace: 53290K(56604K)->53290K(56604K) NonClass: 47387K(49232K)->47387K(49232K) Class: 5903K(7372K)->5903K(7372K)
[2025-11-08T00:21:52.133+0000][gc            ] GC(578) Pause Young (Normal) (G1 Evacuation Pause) 545M->504M(684M) 20.362ms
[2025-11-08T00:21:52.134+0000][gc,cpu        ] GC(578) User=0.02s Sys=0.00s Real=0.02s
[2025-11-08T00:22:02.829+0000][gc,start      ] GC(579) Pause Young (Normal) (G1 Evacuation Pause)
[2025-11-08T00:22:02.830+0000][gc,task       ] GC(579) Using 2 workers of 2 for evacuation
[2025-11-08T00:22:02.845+0000][gc,phases     ] GC(579)   Pre Evacuate Collection Set: 0.0ms
[2025-11-08T00:22:02.845+0000][gc,phases     ] GC(579)   Evacuate Collection Set: 12.7ms
[2025-11-08T00:22:02.845+0000][gc,phases     ] GC(579)   Post Evacuate Collection Set: 1.4ms
[2025-11-08T00:22:02.846+0000][gc,phases     ] GC(579)   Other: 1.3ms
[2025-11-08T00:22:02.846+0000][gc,heap       ] GC(579) Eden regions: 41->0(42)
[2025-11-08T00:22:02.846+0000][gc,heap       ] GC(579) Survivor regions: 3->4(6)
[2025-11-08T00:22:02.847+0000][gc,heap       ] GC(579) Old regions: 355->355
[2025-11-08T00:22:02.847+0000][gc,heap       ] GC(579) Humongous regions: 147->147
[2025-11-08T00:22:02.847+0000][gc,metaspace  ] GC(579) Metaspace: 53290K(56604K)->53290K(56604K) NonClass: 47387K(49232K)->47387K(49232K) Class: 5903K(7372K)->5903K(7372K)
[2025-11-08T00:22:02.847+0000][gc            ] GC(579) Pause Young (Normal) (G1 Evacuation Pause) 545M->505M(684M) 18.227ms
[2025-11-08T00:22:02.848+0000][gc,cpu        ] GC(579) User=0.03s Sys=0.00s Real=0.02s
[2025-11-08T00:22:12.843+0000][gc,start      ] GC(580) Pause Young (Normal) (G1 Evacuation Pause)
[2025-11-08T00:22:12.843+0000][gc,task       ] GC(580) Using 2 workers of 2 for evacuation
[2025-11-08T00:22:12.862+0000][gc,phases     ] GC(580)   Pre Evacuate Collection Set: 0.0ms
[2025-11-08T00:22:12.862+0000][gc,phases     ] GC(580)   Evacuate Collection Set: 16.9ms
[2025-11-08T00:22:12.862+0000][gc,phases     ] GC(580)   Post Evacuate Collection Set: 0.7ms
[2025-11-08T00:22:12.862+0000][gc,phases     ] GC(580)   Other: 1.4ms
[2025-11-08T00:22:12.863+0000][gc,heap       ] GC(580) Eden regions: 39->0(41)
[2025-11-08T00:22:12.863+0000][gc,heap       ] GC(580) Survivor regions: 4->3(6)
[2025-11-08T00:22:12.863+0000][gc,heap       ] GC(580) Old regions: 355->355
[2025-11-08T00:22:12.863+0000][gc,heap       ] GC(580) Humongous regions: 147->147
[2025-11-08T00:22:12.864+0000][gc,metaspace  ] GC(580) Metaspace: 53290K(56604K)->53290K(56604K) NonClass: 47387K(49232K)->47387K(49232K) Class: 5903K(7372K)->5903K(7372K)
[2025-11-08T00:22:12.865+0000][gc            ] GC(580) Pause Young (Normal) (G1 Evacuation Pause) 544M->504M(684M) 22.108ms
[2025-11-08T00:22:12.865+0000][gc,cpu        ] GC(580) User=0.02s Sys=0.00s Real=0.03s
[2025-11-08T00:22:22.590+0000][gc,start      ] GC(581) Pause Young (Normal) (G1 Evacuation Pause)
[2025-11-08T00:22:22.591+0000][gc,task       ] GC(581) Using 2 workers of 2 for evacuation
[2025-11-08T00:22:22.599+0000][gc,phases     ] GC(581)   Pre Evacuate Collection Set: 0.0ms
[2025-11-08T00:22:22.600+0000][gc,phases     ] GC(581)   Evacuate Collection Set: 7.5ms
[2025-11-08T00:22:22.600+0000][gc,phases     ] GC(581)   Post Evacuate Collection Set: 0.8ms
[2025-11-08T00:22:22.600+0000][gc,phases     ] GC(581)   Other: 1.3ms
[2025-11-08T00:22:22.600+0000][gc,heap       ] GC(581) Eden regions: 38->0(42)
[2025-11-08T00:22:22.600+0000][gc,heap       ] GC(581) Survivor regions: 3->3(6)
[2025-11-08T00:22:22.600+0000][gc,heap       ] GC(581) Old regions: 355->355
[2025-11-08T00:22:22.601+0000][gc,heap       ] GC(581) Humongous regions: 147->147
[2025-11-08T00:22:22.601+0000][gc,metaspace  ] GC(581) Metaspace: 53290K(56604K)->53290K(56604K) NonClass: 47387K(49232K)->47387K(49232K) Class: 5903K(7372K)->5903K(7372K)
[2025-11-08T00:22:22.601+0000][gc            ] GC(581) Pause Young (Normal) (G1 Evacuation Pause) 542M->504M(684M) 11.408ms
[2025-11-08T00:22:22.601+0000][gc,cpu        ] GC(581) User=0.02s Sys=0.00s Real=0.01s
[2025-11-08T00:22:33.064+0000][gc,start      ] GC(582) Pause Young (Normal) (G1 Evacuation Pause)
[2025-11-08T00:22:33.066+0000][gc,task       ] GC(582) Using 2 workers of 2 for evacuation
[2025-11-08T00:22:33.079+0000][gc,phases     ] GC(582)   Pre Evacuate Collection Set: 0.0ms
[2025-11-08T00:22:33.079+0000][gc,phases     ] GC(582)   Evacuate Collection Set: 12.2ms
[2025-11-08T00:22:33.079+0000][gc,phases     ] GC(582)   Post Evacuate Collection Set: 0.8ms
[2025-11-08T00:22:33.080+0000][gc,phases     ] GC(582)   Other: 2.2ms
[2025-11-08T00:22:33.080+0000][gc,heap       ] GC(582) Eden regions: 40->0(42)
[2025-11-08T00:22:33.080+0000][gc,heap       ] GC(582) Survivor regions: 3->4(6)
[2025-11-08T00:22:33.080+0000][gc,heap       ] GC(582) Old regions: 355->355
[2025-11-08T00:22:33.080+0000][gc,heap       ] GC(582) Humongous regions: 147->147
[2025-11-08T00:22:33.081+0000][gc,metaspace  ] GC(582) Metaspace: 53290K(56604K)->53290K(56604K) NonClass: 47387K(49232K)->47387K(49232K) Class: 5903K(7372K)->5903K(7372K)
[2025-11-08T00:22:33.081+0000][gc            ] GC(582) Pause Young (Normal) (G1 Evacuation Pause) 544M->505M(684M) 17.077ms
[2025-11-08T00:22:33.081+0000][gc,cpu        ] GC(582) User=0.03s Sys=0.00s Real=0.01s
[2025-11-08T00:22:43.267+0000][gc,start      ] GC(583) Pause Young (Normal) (G1 Evacuation Pause)
[2025-11-08T00:22:43.267+0000][gc,task       ] GC(583) Using 2 workers of 2 for evacuation
[2025-11-08T00:22:43.291+0000][gc,mmu        ] GC(583) MMU target violated: 21.0ms (20.0ms/21.0ms)
[2025-11-08T00:22:43.291+0000][gc,phases     ] GC(583)   Pre Evacuate Collection Set: 0.0ms
[2025-11-08T00:22:43.291+0000][gc,phases     ] GC(583)   Evacuate Collection Set: 22.6ms
[2025-11-08T00:22:43.291+0000][gc,phases     ] GC(583)   Post Evacuate Collection Set: 0.6ms
[2025-11-08T00:22:43.292+0000][gc,phases     ] GC(583)   Other: 1.1ms
[2025-11-08T00:22:43.292+0000][gc,heap       ] GC(583) Eden regions: 39->0(39)
[2025-11-08T00:22:43.292+0000][gc,heap       ] GC(583) Survivor regions: 4->2(6)
[2025-11-08T00:22:43.292+0000][gc,heap       ] GC(583) Old regions: 355->356
[2025-11-08T00:22:43.292+0000][gc,heap       ] GC(583) Humongous regions: 147->147
[2025-11-08T00:22:43.292+0000][gc,metaspace  ] GC(583) Metaspace: 53290K(56604K)->53290K(56604K) NonClass: 47387K(49232K)->47387K(49232K) Class: 5903K(7372K)->5903K(7372K)
[2025-11-08T00:22:43.292+0000][gc            ] GC(583) Pause Young (Normal) (G1 Evacuation Pause) 544M->504M(684M) 25.673ms
[2025-11-08T00:22:43.293+0000][gc,cpu        ] GC(583) User=0.02s Sys=0.00s Real=0.02s
[2025-11-08T00:22:53.456+0000][gc,start      ] GC(584) Pause Young (Normal) (G1 Evacuation Pause)
[2025-11-08T00:22:53.456+0000][gc,task       ] GC(584) Using 2 workers of 2 for evacuation
[2025-11-08T00:22:53.465+0000][gc,phases     ] GC(584)   Pre Evacuate Collection Set: 0.0ms
[2025-11-08T00:22:53.465+0000][gc,phases     ] GC(584)   Evacuate Collection Set: 7.4ms
[2025-11-08T00:22:53.465+0000][gc,phases     ] GC(584)   Post Evacuate Collection Set: 0.7ms
[2025-11-08T00:22:53.465+0000][gc,phases     ] GC(584)   Other: 0.6ms
[2025-11-08T00:22:53.465+0000][gc,heap       ] GC(584) Eden regions: 39->0(39)
[2025-11-08T00:22:53.466+0000][gc,heap       ] GC(584) Survivor regions: 2->3(6)
[2025-11-08T00:22:53.466+0000][gc,heap       ] GC(584) Old regions: 356->356
[2025-11-08T00:22:53.466+0000][gc,heap       ] GC(584) Humongous regions: 147->147
[2025-11-08T00:22:53.466+0000][gc,metaspace  ] GC(584) Metaspace: 53290K(56604K)->53290K(56604K) NonClass: 47387K(49232K)->47387K(49232K) Class: 5903K(7372K)->5903K(7372K)
[2025-11-08T00:22:53.466+0000][gc            ] GC(584) Pause Young (Normal) (G1 Evacuation Pause) 543M->505M(684M) 9.957ms
[2025-11-08T00:22:53.466+0000][gc,cpu        ] GC(584) User=0.02s Sys=0.00s Real=0.01s
[2025-11-08T00:23:03.429+0000][gc,start      ] GC(585) Pause Young (Normal) (G1 Evacuation Pause)
[2025-11-08T00:23:03.429+0000][gc,task       ] GC(585) Using 2 workers of 2 for evacuation
[2025-11-08T00:23:03.439+0000][gc,phases     ] GC(585)   Pre Evacuate Collection Set: 0.0ms
[2025-11-08T00:23:03.439+0000][gc,phases     ] GC(585)   Evacuate Collection Set: 8.4ms
[2025-11-08T00:23:03.439+0000][gc,phases     ] GC(585)   Post Evacuate Collection Set: 0.6ms
[2025-11-08T00:23:03.439+0000][gc,phases     ] GC(585)   Other: 0.6ms
[2025-11-08T00:23:03.439+0000][gc,heap       ] GC(585) Eden regions: 39->0(40)
[2025-11-08T00:23:03.439+0000][gc,heap       ] GC(585) Survivor regions: 3->4(6)
[2025-11-08T00:23:03.440+0000][gc,heap       ] GC(585) Old regions: 356->356
[2025-11-08T00:23:03.440+0000][gc,heap       ] GC(585) Humongous regions: 147->147
[2025-11-08T00:23:03.440+0000][gc,metaspace  ] GC(585) Metaspace: 53290K(56604K)->53290K(56604K) NonClass: 47387K(49232K)->47387K(49232K) Class: 5903K(7372K)->5903K(7372K)
[2025-11-08T00:23:03.440+0000][gc            ] GC(585) Pause Young (Normal) (G1 Evacuation Pause) 544M->506M(684M) 10.839ms
[2025-11-08T00:23:03.440+0000][gc,cpu        ] GC(585) User=0.02s Sys=0.00s Real=0.01s
[2025-11-08T00:23:13.751+0000][gc,start      ] GC(586) Pause Young (Normal) (G1 Evacuation Pause)
[2025-11-08T00:23:13.752+0000][gc,task       ] GC(586) Using 2 workers of 2 for evacuation
[2025-11-08T00:23:13.777+0000][gc,mmu        ] GC(586) MMU target violated: 21.0ms (20.0ms/21.0ms)
[2025-11-08T00:23:13.778+0000][gc,phases     ] GC(586)   Pre Evacuate Collection Set: 0.0ms
[2025-11-08T00:23:13.778+0000][gc,phases     ] GC(586)   Evacuate Collection Set: 24.3ms
[2025-11-08T00:23:13.778+0000][gc,phases     ] GC(586)   Post Evacuate Collection Set: 0.8ms
[2025-11-08T00:23:13.778+0000][gc,phases     ] GC(586)   Other: 1.4ms
[2025-11-08T00:23:13.778+0000][gc,heap       ] GC(586) Eden regions: 40->0(38)
[2025-11-08T00:23:13.778+0000][gc,heap       ] GC(586) Survivor regions: 4->3(6)
[2025-11-08T00:23:13.779+0000][gc,heap       ] GC(586) Old regions: 356->357
[2025-11-08T00:23:13.779+0000][gc,heap       ] GC(586) Humongous regions: 147->147
[2025-11-08T00:23:13.779+0000][gc,metaspace  ] GC(586) Metaspace: 53290K(56604K)->53290K(56604K) NonClass: 47387K(49232K)->47387K(49232K) Class: 5903K(7372K)->5903K(7372K)
[2025-11-08T00:23:13.779+0000][gc            ] GC(586) Pause Young (Normal) (G1 Evacuation Pause) 546M->505M(684M) 28.002ms
[2025-11-08T00:23:13.779+0000][gc,cpu        ] GC(586) User=0.04s Sys=0.00s Real=0.03s
[2025-11-08T00:23:23.353+0000][gc,start      ] GC(587) Pause Young (Normal) (G1 Evacuation Pause)
[2025-11-08T00:23:23.353+0000][gc,task       ] GC(587) Using 2 workers of 2 for evacuation
[2025-11-08T00:23:23.364+0000][gc,phases     ] GC(587)   Pre Evacuate Collection Set: 0.0ms
[2025-11-08T00:23:23.364+0000][gc,phases     ] GC(587)   Evacuate Collection Set: 8.7ms
[2025-11-08T00:23:23.364+0000][gc,phases     ] GC(587)   Post Evacuate Collection Set: 1.9ms
[2025-11-08T00:23:23.364+0000][gc,phases     ] GC(587)   Other: 0.5ms
[2025-11-08T00:23:23.365+0000][gc,heap       ] GC(587) Eden regions: 37->0(39)
[2025-11-08T00:23:23.365+0000][gc,heap       ] GC(587) Survivor regions: 3->3(5)
[2025-11-08T00:23:23.365+0000][gc,heap       ] GC(587) Old regions: 357->357
[2025-11-08T00:23:23.365+0000][gc,heap       ] GC(587) Humongous regions: 147->147
[2025-11-08T00:23:23.365+0000][gc,metaspace  ] GC(587) Metaspace: 53290K(56604K)->53290K(56604K) NonClass: 47387K(49232K)->47387K(49232K) Class: 5903K(7372K)->5903K(7372K)
[2025-11-08T00:23:23.365+0000][gc            ] GC(587) Pause Young (Normal) (G1 Evacuation Pause) 542M->506M(684M) 12.126ms
[2025-11-08T00:23:23.365+0000][gc,cpu        ] GC(587) User=0.02s Sys=0.00s Real=0.02s
[2025-11-08T00:23:33.931+0000][gc,start      ] GC(588) Pause Young (Normal) (G1 Evacuation Pause)
[2025-11-08T00:23:33.932+0000][gc,task       ] GC(588) Using 2 workers of 2 for evacuation
[2025-11-08T00:23:33.946+0000][gc,phases     ] GC(588)   Pre Evacuate Collection Set: 0.1ms
[2025-11-08T00:23:33.968+0000][gc,phases     ] GC(588)   Evacuate Collection Set: 12.4ms
[2025-11-08T00:23:33.968+0000][gc,phases     ] GC(588)   Post Evacuate Collection Set: 0.9ms
[2025-11-08T00:23:33.969+0000][gc,phases     ] GC(588)   Other: 1.6ms
[2025-11-08T00:23:33.969+0000][gc,heap       ] GC(588) Eden regions: 39->0(40)
[2025-11-08T00:23:33.969+0000][gc,heap       ] GC(588) Survivor regions: 3->4(6)
[2025-11-08T00:23:33.969+0000][gc,heap       ] GC(588) Old regions: 357->357
[2025-11-08T00:23:33.970+0000][gc,heap       ] GC(588) Humongous regions: 147->147
[2025-11-08T00:23:33.970+0000][gc,metaspace  ] GC(588) Metaspace: 53290K(56604K)->53290K(56604K) NonClass: 47387K(49232K)->47387K(49232K) Class: 5903K(7372K)->5903K(7372K)
[2025-11-08T00:23:33.970+0000][gc            ] GC(588) Pause Young (Normal) (G1 Evacuation Pause) 545M->507M(684M) 38.615ms
[2025-11-08T00:23:33.970+0000][gc,cpu        ] GC(588) User=0.02s Sys=0.00s Real=0.04s
[2025-11-08T00:23:44.358+0000][gc,start      ] GC(589) Pause Young (Normal) (G1 Evacuation Pause)
[2025-11-08T00:23:44.359+0000][gc,task       ] GC(589) Using 2 workers of 2 for evacuation
[2025-11-08T00:23:44.392+0000][gc,mmu        ] GC(589) MMU target violated: 21.0ms (20.0ms/21.0ms)
[2025-11-08T00:23:44.393+0000][gc,phases     ] GC(589)   Pre Evacuate Collection Set: 0.0ms
[2025-11-08T00:23:44.393+0000][gc,phases     ] GC(589)   Evacuate Collection Set: 32.6ms
[2025-11-08T00:23:44.393+0000][gc,phases     ] GC(589)   Post Evacuate Collection Set: 0.8ms
[2025-11-08T00:23:44.393+0000][gc,phases     ] GC(589)   Other: 0.9ms
[2025-11-08T00:23:44.394+0000][gc,heap       ] GC(589) Eden regions: 38->0(30)
[2025-11-08T00:23:44.394+0000][gc,heap       ] GC(589) Survivor regions: 4->4(6)
[2025-11-08T00:23:44.394+0000][gc,heap       ] GC(589) Old regions: 357->358
[2025-11-08T00:23:44.394+0000][gc,heap       ] GC(589) Humongous regions: 147->147
[2025-11-08T00:23:44.394+0000][gc,metaspace  ] GC(589) Metaspace: 53290K(56604K)->53290K(56604K) NonClass: 47387K(49232K)->47387K(49232K) Class: 5903K(7372K)->5903K(7372K)
[2025-11-08T00:23:44.395+0000][gc            ] GC(589) Pause Young (Normal) (G1 Evacuation Pause) 545M->508M(684M) 36.219ms
[2025-11-08T00:23:44.395+0000][gc,cpu        ] GC(589) User=0.03s Sys=0.00s Real=0.04s
[2025-11-08T00:23:52.133+0000][gc,start      ] GC(590) Pause Young (Normal) (G1 Evacuation Pause)
[2025-11-08T00:23:52.136+0000][gc,task       ] GC(590) Using 2 workers of 2 for evacuation
[2025-11-08T00:23:52.167+0000][gc,mmu        ] GC(590) MMU target violated: 21.0ms (20.0ms/21.0ms)
[2025-11-08T00:23:52.167+0000][gc,phases     ] GC(590)   Pre Evacuate Collection Set: 0.0ms
[2025-11-08T00:23:52.167+0000][gc,phases     ] GC(590)   Evacuate Collection Set: 28.6ms
[2025-11-08T00:23:52.168+0000][gc,phases     ] GC(590)   Post Evacuate Collection Set: 0.9ms
[2025-11-08T00:23:52.168+0000][gc,phases     ] GC(590)   Other: 4.4ms
[2025-11-08T00:23:52.168+0000][gc,heap       ] GC(590) Eden regions: 30->0(31)
[2025-11-08T00:23:52.168+0000][gc,heap       ] GC(590) Survivor regions: 4->3(5)
[2025-11-08T00:23:52.169+0000][gc,heap       ] GC(590) Old regions: 358->359
[2025-11-08T00:23:52.169+0000][gc,heap       ] GC(590) Humongous regions: 147->147
[2025-11-08T00:23:52.169+0000][gc,metaspace  ] GC(590) Metaspace: 53290K(56604K)->53290K(56604K) NonClass: 47387K(49232K)->47387K(49232K) Class: 5903K(7372K)->5903K(7372K)
[2025-11-08T00:23:52.170+0000][gc            ] GC(590) Pause Young (Normal) (G1 Evacuation Pause) 538M->507M(684M) 36.570ms
[2025-11-08T00:23:52.170+0000][gc,cpu        ] GC(590) User=0.03s Sys=0.00s Real=0.03s
[2025-11-08T00:24:00.081+0000][gc,start      ] GC(591) Pause Young (Normal) (G1 Evacuation Pause)
[2025-11-08T00:24:00.081+0000][gc,task       ] GC(591) Using 2 workers of 2 for evacuation
[2025-11-08T00:24:00.093+0000][gc,phases     ] GC(591)   Pre Evacuate Collection Set: 0.0ms
[2025-11-08T00:24:00.093+0000][gc,phases     ] GC(591)   Evacuate Collection Set: 9.9ms
[2025-11-08T00:24:00.093+0000][gc,phases     ] GC(591)   Post Evacuate Collection Set: 0.8ms
[2025-11-08T00:24:00.094+0000][gc,phases     ] GC(591)   Other: 1.1ms
[2025-11-08T00:24:00.094+0000][gc,heap       ] GC(591) Eden regions: 31->0(32)
[2025-11-08T00:24:00.094+0000][gc,heap       ] GC(591) Survivor regions: 3->2(5)
[2025-11-08T00:24:00.095+0000][gc,heap       ] GC(591) Old regions: 359->359
[2025-11-08T00:24:00.095+0000][gc,heap       ] GC(591) Humongous regions: 147->147
[2025-11-08T00:24:00.095+0000][gc,metaspace  ] GC(591) Metaspace: 53290K(56604K)->53290K(56604K) NonClass: 47387K(49232K)->47387K(49232K) Class: 5903K(7372K)->5903K(7372K)
[2025-11-08T00:24:00.096+0000][gc            ] GC(591) Pause Young (Normal) (G1 Evacuation Pause) 538M->507M(684M) 14.813ms
[2025-11-08T00:24:00.096+0000][gc,cpu        ] GC(591) User=0.02s Sys=0.00s Real=0.02s
[2025-11-08T00:24:08.280+0000][gc,start      ] GC(592) Pause Young (Normal) (G1 Evacuation Pause)
[2025-11-08T00:24:08.280+0000][gc,task       ] GC(592) Using 2 workers of 2 for evacuation
[2025-11-08T00:24:08.289+0000][gc,phases     ] GC(592)   Pre Evacuate Collection Set: 0.0ms
[2025-11-08T00:24:08.290+0000][gc,phases     ] GC(592)   Evacuate Collection Set: 8.1ms
[2025-11-08T00:24:08.290+0000][gc,phases     ] GC(592)   Post Evacuate Collection Set: 0.9ms
[2025-11-08T00:24:08.290+0000][gc,phases     ] GC(592)   Other: 0.8ms
[2025-11-08T00:24:08.290+0000][gc,heap       ] GC(592) Eden regions: 32->0(34)
[2025-11-08T00:24:08.290+0000][gc,heap       ] GC(592) Survivor regions: 2->2(5)
[2025-11-08T00:24:08.291+0000][gc,heap       ] GC(592) Old regions: 359->359
[2025-11-08T00:24:08.291+0000][gc,heap       ] GC(592) Humongous regions: 147->147
[2025-11-08T00:24:08.291+0000][gc,metaspace  ] GC(592) Metaspace: 53290K(56604K)->53290K(56604K) NonClass: 47387K(49232K)->47387K(49232K) Class: 5903K(7372K)->5903K(7372K)
[2025-11-08T00:24:08.291+0000][gc            ] GC(592) Pause Young (Normal) (G1 Evacuation Pause) 539M->507M(684M) 11.440ms
[2025-11-08T00:24:08.291+0000][gc,cpu        ] GC(592) User=0.02s Sys=0.00s Real=0.01s
[2025-11-08T00:24:17.013+0000][gc,start      ] GC(593) Pause Young (Normal) (G1 Evacuation Pause)
[2025-11-08T00:24:17.013+0000][gc,task       ] GC(593) Using 2 workers of 2 for evacuation
[2025-11-08T00:24:17.022+0000][gc,phases     ] GC(593)   Pre Evacuate Collection Set: 0.0ms
[2025-11-08T00:24:17.022+0000][gc,phases     ] GC(593)   Evacuate Collection Set: 7.6ms
[2025-11-08T00:24:17.022+0000][gc,phases     ] GC(593)   Post Evacuate Collection Set: 0.7ms
[2025-11-08T00:24:17.022+0000][gc,phases     ] GC(593)   Other: 0.6ms
[2025-11-08T00:24:17.022+0000][gc,heap       ] GC(593) Eden regions: 34->0(36)
[2025-11-08T00:24:17.022+0000][gc,heap       ] GC(593) Survivor regions: 2->3(5)
[2025-11-08T00:24:17.023+0000][gc,heap       ] GC(593) Old regions: 359->359
[2025-11-08T00:24:17.023+0000][gc,heap       ] GC(593) Humongous regions: 147->147
[2025-11-08T00:24:17.023+0000][gc,metaspace  ] GC(593) Metaspace: 53290K(56604K)->53290K(56604K) NonClass: 47387K(49232K)->47387K(49232K) Class: 5903K(7372K)->5903K(7372K)
[2025-11-08T00:24:17.023+0000][gc            ] GC(593) Pause Young (Normal) (G1 Evacuation Pause) 541M->507M(684M) 10.112ms
[2025-11-08T00:24:17.023+0000][gc,cpu        ] GC(593) User=0.01s Sys=0.00s Real=0.01s
[2025-11-08T00:24:26.274+0000][gc,start      ] GC(594) Pause Young (Normal) (G1 Evacuation Pause)
[2025-11-08T00:24:26.274+0000][gc,task       ] GC(594) Using 2 workers of 2 for evacuation
[2025-11-08T00:24:26.284+0000][gc,phases     ] GC(594)   Pre Evacuate Collection Set: 0.0ms
[2025-11-08T00:24:26.284+0000][gc,phases     ] GC(594)   Evacuate Collection Set: 8.1ms
[2025-11-08T00:24:26.284+0000][gc,phases     ] GC(594)   Post Evacuate Collection Set: 0.7ms
[2025-11-08T00:24:26.284+0000][gc,phases     ] GC(594)   Other: 0.6ms
[2025-11-08T00:24:26.284+0000][gc,heap       ] GC(594) Eden regions: 36->0(38)
[2025-11-08T00:24:26.285+0000][gc,heap       ] GC(594) Survivor regions: 3->3(5)
[2025-11-08T00:24:26.285+0000][gc,heap       ] GC(594) Old regions: 359->359
[2025-11-08T00:24:26.285+0000][gc,heap       ] GC(594) Humongous regions: 147->147
[2025-11-08T00:24:26.285+0000][gc,metaspace  ] GC(594) Metaspace: 53290K(56604K)->53290K(56604K) NonClass: 47387K(49232K)->47387K(49232K) Class: 5903K(7372K)->5903K(7372K)
[2025-11-08T00:24:26.285+0000][gc            ] GC(594) Pause Young (Normal) (G1 Evacuation Pause) 543M->508M(684M) 11.061ms
[2025-11-08T00:24:26.285+0000][gc,cpu        ] GC(594) User=0.01s Sys=0.00s Real=0.01s
[2025-11-08T00:24:36.188+0000][gc,start      ] GC(595) Pause Young (Normal) (G1 Evacuation Pause)
[2025-11-08T00:24:36.189+0000][gc,task       ] GC(595) Using 2 workers of 2 for evacuation
[2025-11-08T00:24:36.198+0000][gc,phases     ] GC(595)   Pre Evacuate Collection Set: 0.0ms
[2025-11-08T00:24:36.198+0000][gc,phases     ] GC(595)   Evacuate Collection Set: 8.2ms
[2025-11-08T00:24:36.199+0000][gc,phases     ] GC(595)   Post Evacuate Collection Set: 0.6ms
[2025-11-08T00:24:36.199+0000][gc,phases     ] GC(595)   Other: 1.4ms
[2025-11-08T00:24:36.199+0000][gc,heap       ] GC(595) Eden regions: 38->0(40)
[2025-11-08T00:24:36.199+0000][gc,heap       ] GC(595) Survivor regions: 3->4(6)
[2025-11-08T00:24:36.199+0000][gc,heap       ] GC(595) Old regions: 359->359
[2025-11-08T00:24:36.200+0000][gc,heap       ] GC(595) Humongous regions: 147->147
[2025-11-08T00:24:36.200+0000][gc,metaspace  ] GC(595) Metaspace: 53290K(56604K)->53290K(56604K) NonClass: 47387K(49232K)->47387K(49232K) Class: 5903K(7372K)->5903K(7372K)
[2025-11-08T00:24:36.200+0000][gc            ] GC(595) Pause Young (Normal) (G1 Evacuation Pause) 546M->509M(684M) 11.806ms
[2025-11-08T00:24:36.200+0000][gc,cpu        ] GC(595) User=0.02s Sys=0.00s Real=0.01s
[2025-11-08T00:24:46.285+0000][gc,start      ] GC(596) Pause Young (Normal) (G1 Evacuation Pause)
[2025-11-08T00:24:46.285+0000][gc,task       ] GC(596) Using 2 workers of 2 for evacuation
[2025-11-08T00:24:46.305+0000][gc,mmu        ] GC(596) MMU target violated: 20.3ms (20.0ms/21.0ms)
[2025-11-08T00:24:46.305+0000][gc,phases     ] GC(596)   Pre Evacuate Collection Set: 0.0ms
[2025-11-08T00:24:46.306+0000][gc,phases     ] GC(596)   Evacuate Collection Set: 19.5ms
[2025-11-08T00:24:46.306+0000][gc,phases     ] GC(596)   Post Evacuate Collection Set: 0.6ms
[2025-11-08T00:24:46.306+0000][gc,phases     ] GC(596)   Other: 0.7ms
[2025-11-08T00:24:46.306+0000][gc,heap       ] GC(596) Eden regions: 39->0(39)
[2025-11-08T00:24:46.306+0000][gc,heap       ] GC(596) Survivor regions: 4->5(6)
[2025-11-08T00:24:46.307+0000][gc,heap       ] GC(596) Old regions: 359->359
[2025-11-08T00:24:46.307+0000][gc,heap       ] GC(596) Humongous regions: 147->147
[2025-11-08T00:24:46.307+0000][gc,metaspace  ] GC(596) Metaspace: 53290K(56604K)->53290K(56604K) NonClass: 47387K(49232K)->47387K(49232K) Class: 5903K(7372K)->5903K(7372K)
[2025-11-08T00:24:46.307+0000][gc            ] GC(596) Pause Young (Normal) (G1 Evacuation Pause) 548M->510M(684M) 22.233ms
[2025-11-08T00:24:46.307+0000][gc,cpu        ] GC(596) User=0.03s Sys=0.00s Real=0.02s
[2025-11-08T00:24:56.604+0000][gc,start      ] GC(597) Pause Young (Normal) (G1 Evacuation Pause)
[2025-11-08T00:24:56.604+0000][gc,task       ] GC(597) Using 2 workers of 2 for evacuation
[2025-11-08T00:24:56.630+0000][gc,mmu        ] GC(597) MMU target violated: 21.0ms (20.0ms/21.0ms)
[2025-11-08T00:24:56.630+0000][gc,phases     ] GC(597)   Pre Evacuate Collection Set: 0.0ms
[2025-11-08T00:24:56.630+0000][gc,phases     ] GC(597)   Evacuate Collection Set: 24.0ms
[2025-11-08T00:24:56.630+0000][gc,phases     ] GC(597)   Post Evacuate Collection Set: 0.7ms
[2025-11-08T00:24:56.630+0000][gc,phases     ] GC(597)   Other: 1.6ms
[2025-11-08T00:24:56.631+0000][gc,heap       ] GC(597) Eden regions: 39->0(36)
[2025-11-08T00:24:56.631+0000][gc,heap       ] GC(597) Survivor regions: 5->2(6)
[2025-11-08T00:24:56.631+0000][gc,heap       ] GC(597) Old regions: 359->360
[2025-11-08T00:24:56.631+0000][gc,heap       ] GC(597) Humongous regions: 147->147
[2025-11-08T00:24:56.631+0000][gc,metaspace  ] GC(597) Metaspace: 53290K(56604K)->53290K(56604K) NonClass: 47387K(49232K)->47387K(49232K) Class: 5903K(7372K)->5903K(7372K)
[2025-11-08T00:24:56.631+0000][gc            ] GC(597) Pause Young (Normal) (G1 Evacuation Pause) 549M->508M(684M) 27.507ms
[2025-11-08T00:24:56.631+0000][gc,cpu        ] GC(597) User=0.03s Sys=0.00s Real=0.02s
[2025-11-08T00:25:06.173+0000][gc,start      ] GC(598) Pause Young (Normal) (G1 Evacuation Pause)
[2025-11-08T00:25:06.174+0000][gc,task       ] GC(598) Using 2 workers of 2 for evacuation
[2025-11-08T00:25:06.183+0000][gc,phases     ] GC(598)   Pre Evacuate Collection Set: 0.0ms
[2025-11-08T00:25:06.183+0000][gc,phases     ] GC(598)   Evacuate Collection Set: 8.2ms
[2025-11-08T00:25:06.183+0000][gc,phases     ] GC(598)   Post Evacuate Collection Set: 0.8ms
[2025-11-08T00:25:06.184+0000][gc,phases     ] GC(598)   Other: 0.7ms
[2025-11-08T00:25:06.184+0000][gc,heap       ] GC(598) Eden regions: 36->0(38)
[2025-11-08T00:25:06.184+0000][gc,heap       ] GC(598) Survivor regions: 2->3(5)
[2025-11-08T00:25:06.184+0000][gc,heap       ] GC(598) Old regions: 360->360
[2025-11-08T00:25:06.185+0000][gc,heap       ] GC(598) Humongous regions: 147->147
[2025-11-08T00:25:06.185+0000][gc,metaspace  ] GC(598) Metaspace: 53290K(56604K)->53290K(56604K) NonClass: 47387K(49232K)->47387K(49232K) Class: 5903K(7372K)->5903K(7372K)
[2025-11-08T00:25:06.185+0000][gc            ] GC(598) Pause Young (Normal) (G1 Evacuation Pause) 544M->509M(684M) 11.550ms
[2025-11-08T00:25:06.185+0000][gc,cpu        ] GC(598) User=0.01s Sys=0.00s Real=0.02s
[2025-11-08T00:25:16.319+0000][gc,start      ] GC(599) Pause Young (Normal) (G1 Evacuation Pause)
[2025-11-08T00:25:16.319+0000][gc,task       ] GC(599) Using 2 workers of 2 for evacuation
[2025-11-08T00:25:16.331+0000][gc,phases     ] GC(599)   Pre Evacuate Collection Set: 0.0ms
[2025-11-08T00:25:16.331+0000][gc,phases     ] GC(599)   Evacuate Collection Set: 9.7ms
[2025-11-08T00:25:16.331+0000][gc,phases     ] GC(599)   Post Evacuate Collection Set: 1.0ms
[2025-11-08T00:25:16.331+0000][gc,phases     ] GC(599)   Other: 0.9ms
[2025-11-08T00:25:16.332+0000][gc,heap       ] GC(599) Eden regions: 38->0(39)
[2025-11-08T00:25:16.332+0000][gc,heap       ] GC(599) Survivor regions: 3->4(6)
[2025-11-08T00:25:16.332+0000][gc,heap       ] GC(599) Old regions: 360->360
[2025-11-08T00:25:16.332+0000][gc,heap       ] GC(599) Humongous regions: 147->147
[2025-11-08T00:25:16.333+0000][gc,metaspace  ] GC(599) Metaspace: 53290K(56604K)->53290K(56604K) NonClass: 47387K(49232K)->47387K(49232K) Class: 5903K(7372K)->5903K(7372K)
[2025-11-08T00:25:16.333+0000][gc            ] GC(599) Pause Young (Normal) (G1 Evacuation Pause) 547M->510M(684M) 13.746ms
[2025-11-08T00:25:16.333+0000][gc,cpu        ] GC(599) User=0.02s Sys=0.00s Real=0.01s
[2025-11-08T00:25:25.712+0000][gc,start      ] GC(600) Pause Young (Normal) (G1 Evacuation Pause)
[2025-11-08T00:25:25.712+0000][gc,task       ] GC(600) Using 2 workers of 2 for evacuation
[2025-11-08T00:25:25.738+0000][gc,mmu        ] GC(600) MMU target violated: 21.0ms (20.0ms/21.0ms)
[2025-11-08T00:25:25.738+0000][gc,phases     ] GC(600)   Pre Evacuate Collection Set: 0.0ms
[2025-11-08T00:25:25.738+0000][gc,phases     ] GC(600)   Evacuate Collection Set: 24.3ms
[2025-11-08T00:25:25.738+0000][gc,phases     ] GC(600)   Post Evacuate Collection Set: 0.7ms
[2025-11-08T00:25:25.739+0000][gc,phases     ] GC(600)   Other: 1.2ms
[2025-11-08T00:25:25.739+0000][gc,heap       ] GC(600) Eden regions: 36->0(34)
[2025-11-08T00:25:25.739+0000][gc,heap       ] GC(600) Survivor regions: 4->3(5)
[2025-11-08T00:25:25.739+0000][gc,heap       ] GC(600) Old regions: 360->361
[2025-11-08T00:25:25.739+0000][gc,heap       ] GC(600) Humongous regions: 147->147
[2025-11-08T00:25:25.739+0000][gc,metaspace  ] GC(600) Metaspace: 53290K(56604K)->53290K(56604K) NonClass: 47387K(49232K)->47387K(49232K) Class: 5903K(7372K)->5903K(7372K)
[2025-11-08T00:25:25.739+0000][gc            ] GC(600) Pause Young (Normal) (G1 Evacuation Pause) 546M->510M(684M) 27.469ms
[2025-11-08T00:25:25.740+0000][gc,cpu        ] GC(600) User=0.03s Sys=0.00s Real=0.03s
[2025-11-08T00:25:34.550+0000][gc,start      ] GC(601) Pause Young (Normal) (G1 Evacuation Pause)
[2025-11-08T00:25:34.551+0000][gc,task       ] GC(601) Using 2 workers of 2 for evacuation
[2025-11-08T00:25:34.570+0000][gc,phases     ] GC(601)   Pre Evacuate Collection Set: 0.0ms
[2025-11-08T00:25:34.571+0000][gc,phases     ] GC(601)   Evacuate Collection Set: 18.0ms
[2025-11-08T00:25:34.571+0000][gc,phases     ] GC(601)   Post Evacuate Collection Set: 0.8ms
[2025-11-08T00:25:34.571+0000][gc,phases     ] GC(601)   Other: 1.5ms
[2025-11-08T00:25:34.571+0000][gc,heap       ] GC(601) Eden regions: 34->0(33)
[2025-11-08T00:25:34.571+0000][gc,heap       ] GC(601) Survivor regions: 3->3(5)
[2025-11-08T00:25:34.572+0000][gc,heap       ] GC(601) Old regions: 361->362
[2025-11-08T00:25:34.572+0000][gc,heap       ] GC(601) Humongous regions: 147->147
[2025-11-08T00:25:34.572+0000][gc,metaspace  ] GC(601) Metaspace: 53290K(56604K)->53290K(56604K) NonClass: 47387K(49232K)->47387K(49232K) Class: 5903K(7372K)->5903K(7372K)
[2025-11-08T00:25:34.572+0000][gc            ] GC(601) Pause Young (Normal) (G1 Evacuation Pause) 544M->511M(684M) 22.302ms
[2025-11-08T00:25:34.573+0000][gc,cpu        ] GC(601) User=0.02s Sys=0.00s Real=0.02s
[2025-11-08T00:25:43.306+0000][gc,start      ] GC(602) Pause Young (Normal) (G1 Evacuation Pause)
[2025-11-08T00:25:43.307+0000][gc,task       ] GC(602) Using 2 workers of 2 for evacuation
[2025-11-08T00:25:43.316+0000][gc,phases     ] GC(602)   Pre Evacuate Collection Set: 0.0ms
[2025-11-08T00:25:43.316+0000][gc,phases     ] GC(602)   Evacuate Collection Set: 7.9ms
[2025-11-08T00:25:43.316+0000][gc,phases     ] GC(602)   Post Evacuate Collection Set: 0.7ms
[2025-11-08T00:25:43.316+0000][gc,phases     ] GC(602)   Other: 1.1ms
[2025-11-08T00:25:43.317+0000][gc,heap       ] GC(602) Eden regions: 33->0(36)
[2025-11-08T00:25:43.317+0000][gc,heap       ] GC(602) Survivor regions: 3->3(5)
[2025-11-08T00:25:43.317+0000][gc,heap       ] GC(602) Old regions: 362->362
[2025-11-08T00:25:43.317+0000][gc,heap       ] GC(602) Humongous regions: 147->147
[2025-11-08T00:25:43.317+0000][gc,metaspace  ] GC(602) Metaspace: 53290K(56604K)->53290K(56604K) NonClass: 47387K(49232K)->47387K(49232K) Class: 5903K(7372K)->5903K(7372K)
[2025-11-08T00:25:43.318+0000][gc            ] GC(602) Pause Young (Normal) (G1 Evacuation Pause) 544M->511M(684M) 11.460ms
[2025-11-08T00:25:43.318+0000][gc,cpu        ] GC(602) User=0.01s Sys=0.00s Real=0.01s
[2025-11-08T00:25:52.739+0000][gc,start      ] GC(603) Pause Young (Normal) (G1 Evacuation Pause)
[2025-11-08T00:25:52.740+0000][gc,task       ] GC(603) Using 2 workers of 2 for evacuation
[2025-11-08T00:25:52.758+0000][gc,phases     ] GC(603)   Pre Evacuate Collection Set: 0.0ms
[2025-11-08T00:25:52.758+0000][gc,phases     ] GC(603)   Evacuate Collection Set: 16.6ms
[2025-11-08T00:25:52.759+0000][gc,phases     ] GC(603)   Post Evacuate Collection Set: 0.9ms
[2025-11-08T00:25:52.759+0000][gc,phases     ] GC(603)   Other: 1.0ms
[2025-11-08T00:25:52.759+0000][gc,heap       ] GC(603) Eden regions: 36->0(35)
[2025-11-08T00:25:52.759+0000][gc,heap       ] GC(603) Survivor regions: 3->3(5)
[2025-11-08T00:25:52.759+0000][gc,heap       ] GC(603) Old regions: 362->362
[2025-11-08T00:25:52.760+0000][gc,heap       ] GC(603) Humongous regions: 147->147
[2025-11-08T00:25:52.760+0000][gc,metaspace  ] GC(603) Metaspace: 53290K(56604K)->53290K(56604K) NonClass: 47387K(49232K)->47387K(49232K) Class: 5903K(7372K)->5903K(7372K)
[2025-11-08T00:25:52.760+0000][gc            ] GC(603) Pause Young (Normal) (G1 Evacuation Pause) 547M->511M(684M) 20.997ms
[2025-11-08T00:25:52.761+0000][gc,cpu        ] GC(603) User=0.03s Sys=0.00s Real=0.02s
[2025-11-08T00:26:02.122+0000][gc,start      ] GC(604) Pause Young (Normal) (G1 Evacuation Pause)
[2025-11-08T00:26:02.123+0000][gc,task       ] GC(604) Using 2 workers of 2 for evacuation
[2025-11-08T00:26:02.192+0000][gc,mmu        ] GC(604) MMU target violated: 21.0ms (20.0ms/21.0ms)
[2025-11-08T00:26:02.193+0000][gc,phases     ] GC(604)   Pre Evacuate Collection Set: 0.0ms
[2025-11-08T00:26:02.193+0000][gc,phases     ] GC(604)   Evacuate Collection Set: 68.0ms
[2025-11-08T00:26:02.193+0000][gc,phases     ] GC(604)   Post Evacuate Collection Set: 1.2ms
[2025-11-08T00:26:02.194+0000][gc,phases     ] GC(604)   Other: 1.0ms
[2025-11-08T00:26:02.194+0000][gc,heap       ] GC(604) Eden regions: 35->0(31)
[2025-11-08T00:26:02.195+0000][gc,heap       ] GC(604) Survivor regions: 3->3(5)
[2025-11-08T00:26:02.195+0000][gc,heap       ] GC(604) Old regions: 362->363
[2025-11-08T00:26:02.195+0000][gc,heap       ] GC(604) Humongous regions: 147->147
[2025-11-08T00:26:02.195+0000][gc,metaspace  ] GC(604) Metaspace: 53290K(56604K)->53290K(56604K) NonClass: 47387K(49232K)->47387K(49232K) Class: 5903K(7372K)->5903K(7372K)
[2025-11-08T00:26:02.196+0000][gc            ] GC(604) Pause Young (Normal) (G1 Evacuation Pause) 546M->511M(684M) 73.346ms
[2025-11-08T00:26:02.196+0000][gc,cpu        ] GC(604) User=0.07s Sys=0.01s Real=0.07s
[2025-11-08T00:26:10.436+0000][gc,start      ] GC(605) Pause Young (Normal) (G1 Evacuation Pause)
[2025-11-08T00:26:10.436+0000][gc,task       ] GC(605) Using 2 workers of 2 for evacuation
[2025-11-08T00:26:10.455+0000][gc,phases     ] GC(605)   Pre Evacuate Collection Set: 0.0ms
[2025-11-08T00:26:10.455+0000][gc,phases     ] GC(605)   Evacuate Collection Set: 16.9ms
[2025-11-08T00:26:10.455+0000][gc,phases     ] GC(605)   Post Evacuate Collection Set: 0.6ms
[2025-11-08T00:26:10.455+0000][gc,phases     ] GC(605)   Other: 1.4ms
[2025-11-08T00:26:10.456+0000][gc,heap       ] GC(605) Eden regions: 31->0(31)
[2025-11-08T00:26:10.456+0000][gc,heap       ] GC(605) Survivor regions: 3->3(5)
[2025-11-08T00:26:10.457+0000][gc,heap       ] GC(605) Old regions: 363->363
[2025-11-08T00:26:10.457+0000][gc,heap       ] GC(605) Humongous regions: 147->147
[2025-11-08T00:26:10.457+0000][gc,metaspace  ] GC(605) Metaspace: 53290K(56604K)->53290K(56604K) NonClass: 47387K(49232K)->47387K(49232K) Class: 5903K(7372K)->5903K(7372K)
[2025-11-08T00:26:10.458+0000][gc            ] GC(605) Pause Young (Normal) (G1 Evacuation Pause) 542M->511M(684M) 21.984ms
[2025-11-08T00:26:10.458+0000][gc,cpu        ] GC(605) User=0.03s Sys=0.00s Real=0.02s
[2025-11-08T00:26:18.748+0000][gc,start      ] GC(606) Pause Young (Normal) (G1 Evacuation Pause)
[2025-11-08T00:26:18.748+0000][gc,task       ] GC(606) Using 2 workers of 2 for evacuation
[2025-11-08T00:26:18.764+0000][gc,phases     ] GC(606)   Pre Evacuate Collection Set: 0.0ms
[2025-11-08T00:26:18.765+0000][gc,phases     ] GC(606)   Evacuate Collection Set: 14.1ms
[2025-11-08T00:26:18.765+0000][gc,phases     ] GC(606)   Post Evacuate Collection Set: 1.2ms
[2025-11-08T00:26:18.766+0000][gc,phases     ] GC(606)   Other: 1.5ms
[2025-11-08T00:26:18.766+0000][gc,heap       ] GC(606) Eden regions: 31->0(31)
[2025-11-08T00:26:18.766+0000][gc,heap       ] GC(606) Survivor regions: 3->3(5)
[2025-11-08T00:26:18.767+0000][gc,heap       ] GC(606) Old regions: 363->363
[2025-11-08T00:26:18.767+0000][gc,heap       ] GC(606) Humongous regions: 147->147
[2025-11-08T00:26:18.767+0000][gc,metaspace  ] GC(606) Metaspace: 53290K(56604K)->53290K(56604K) NonClass: 47387K(49232K)->47387K(49232K) Class: 5903K(7372K)->5903K(7372K)
[2025-11-08T00:26:18.767+0000][gc            ] GC(606) Pause Young (Normal) (G1 Evacuation Pause) 542M->511M(684M) 19.805ms
[2025-11-08T00:26:18.768+0000][gc,cpu        ] GC(606) User=0.03s Sys=0.00s Real=0.02s
[2025-11-08T00:26:26.927+0000][gc,start      ] GC(607) Pause Young (Normal) (G1 Evacuation Pause)
[2025-11-08T00:26:26.927+0000][gc,task       ] GC(607) Using 2 workers of 2 for evacuation
[2025-11-08T00:26:26.940+0000][gc,phases     ] GC(607)   Pre Evacuate Collection Set: 0.0ms
[2025-11-08T00:26:26.940+0000][gc,phases     ] GC(607)   Evacuate Collection Set: 11.6ms
[2025-11-08T00:26:26.940+0000][gc,phases     ] GC(607)   Post Evacuate Collection Set: 0.7ms
[2025-11-08T00:26:26.940+0000][gc,phases     ] GC(607)   Other: 0.7ms
[2025-11-08T00:26:26.940+0000][gc,heap       ] GC(607) Eden regions: 31->0(31)
[2025-11-08T00:26:26.940+0000][gc,heap       ] GC(607) Survivor regions: 3->3(5)
[2025-11-08T00:26:26.940+0000][gc,heap       ] GC(607) Old regions: 363->363
[2025-11-08T00:26:26.941+0000][gc,heap       ] GC(607) Humongous regions: 147->147
[2025-11-08T00:26:26.941+0000][gc,metaspace  ] GC(607) Metaspace: 53290K(56604K)->53290K(56604K) NonClass: 47387K(49232K)->47387K(49232K) Class: 5903K(7372K)->5903K(7372K)
[2025-11-08T00:26:26.941+0000][gc            ] GC(607) Pause Young (Normal) (G1 Evacuation Pause) 542M->511M(684M) 14.217ms
[2025-11-08T00:26:26.941+0000][gc,cpu        ] GC(607) User=0.01s Sys=0.00s Real=0.02s
[2025-11-08T00:26:35.159+0000][gc,start      ] GC(608) Pause Young (Normal) (G1 Evacuation Pause)
[2025-11-08T00:26:35.160+0000][gc,task       ] GC(608) Using 2 workers of 2 for evacuation
[2025-11-08T00:26:35.168+0000][gc,phases     ] GC(608)   Pre Evacuate Collection Set: 0.0ms
[2025-11-08T00:26:35.168+0000][gc,phases     ] GC(608)   Evacuate Collection Set: 7.5ms
[2025-11-08T00:26:35.169+0000][gc,phases     ] GC(608)   Post Evacuate Collection Set: 0.6ms
[2025-11-08T00:26:35.169+0000][gc,phases     ] GC(608)   Other: 0.6ms
[2025-11-08T00:26:35.169+0000][gc,heap       ] GC(608) Eden regions: 31->0(31)
[2025-11-08T00:26:35.169+0000][gc,heap       ] GC(608) Survivor regions: 3->3(5)
[2025-11-08T00:26:35.169+0000][gc,heap       ] GC(608) Old regions: 363->363
[2025-11-08T00:26:35.170+0000][gc,heap       ] GC(608) Humongous regions: 147->147
[2025-11-08T00:26:35.170+0000][gc,metaspace  ] GC(608) Metaspace: 53290K(56604K)->53290K(56604K) NonClass: 47387K(49232K)->47387K(49232K) Class: 5903K(7372K)->5903K(7372K)
[2025-11-08T00:26:35.170+0000][gc            ] GC(608) Pause Young (Normal) (G1 Evacuation Pause) 542M->511M(684M) 10.536ms
[2025-11-08T00:26:35.170+0000][gc,cpu        ] GC(608) User=0.02s Sys=0.00s Real=0.02s
[2025-11-08T00:26:43.352+0000][gc,start      ] GC(609) Pause Young (Normal) (G1 Evacuation Pause)
[2025-11-08T00:26:43.353+0000][gc,task       ] GC(609) Using 2 workers of 2 for evacuation
[2025-11-08T00:26:43.361+0000][gc,phases     ] GC(609)   Pre Evacuate Collection Set: 0.0ms
[2025-11-08T00:26:43.361+0000][gc,phases     ] GC(609)   Evacuate Collection Set: 7.0ms
[2025-11-08T00:26:43.361+0000][gc,phases     ] GC(609)   Post Evacuate Collection Set: 0.6ms
[2025-11-08T00:26:43.361+0000][gc,phases     ] GC(609)   Other: 0.5ms
[2025-11-08T00:26:43.361+0000][gc,heap       ] GC(609) Eden regions: 31->0(34)
[2025-11-08T00:26:43.361+0000][gc,heap       ] GC(609) Survivor regions: 3->2(5)
[2025-11-08T00:26:43.361+0000][gc,heap       ] GC(609) Old regions: 363->363
[2025-11-08T00:26:43.362+0000][gc,heap       ] GC(609) Humongous regions: 147->147
[2025-11-08T00:26:43.362+0000][gc,metaspace  ] GC(609) Metaspace: 53290K(56604K)->53290K(56604K) NonClass: 47387K(49232K)->47387K(49232K) Class: 5903K(7372K)->5903K(7372K)
[2025-11-08T00:26:43.362+0000][gc            ] GC(609) Pause Young (Normal) (G1 Evacuation Pause) 542M->511M(684M) 9.369ms
[2025-11-08T00:26:43.362+0000][gc,cpu        ] GC(609) User=0.01s Sys=0.00s Real=0.01s
[2025-11-08T00:26:52.199+0000][gc,start      ] GC(610) Pause Young (Normal) (G1 Evacuation Pause)
[2025-11-08T00:26:52.199+0000][gc,task       ] GC(610) Using 2 workers of 2 for evacuation
[2025-11-08T00:26:52.207+0000][gc,phases     ] GC(610)   Pre Evacuate Collection Set: 0.0ms
[2025-11-08T00:26:52.208+0000][gc,phases     ] GC(610)   Evacuate Collection Set: 7.4ms
[2025-11-08T00:26:52.208+0000][gc,phases     ] GC(610)   Post Evacuate Collection Set: 0.6ms
[2025-11-08T00:26:52.208+0000][gc,phases     ] GC(610)   Other: 0.6ms
[2025-11-08T00:26:52.208+0000][gc,heap       ] GC(610) Eden regions: 34->0(36)
[2025-11-08T00:26:52.208+0000][gc,heap       ] GC(610) Survivor regions: 2->3(5)
[2025-11-08T00:26:52.209+0000][gc,heap       ] GC(610) Old regions: 363->363
[2025-11-08T00:26:52.209+0000][gc,heap       ] GC(610) Humongous regions: 147->147
[2025-11-08T00:26:52.209+0000][gc,metaspace  ] GC(610) Metaspace: 53290K(56604K)->53290K(56604K) NonClass: 47387K(49232K)->47387K(49232K) Class: 5903K(7372K)->5903K(7372K)
[2025-11-08T00:26:52.209+0000][gc            ] GC(610) Pause Young (Normal) (G1 Evacuation Pause) 545M->511M(684M) 10.431ms
[2025-11-08T00:26:52.209+0000][gc,cpu        ] GC(610) User=0.02s Sys=0.00s Real=0.01s
[2025-11-08T00:27:01.232+0000][gc,start      ] GC(611) Pause Young (Normal) (G1 Evacuation Pause)
[2025-11-08T00:27:01.232+0000][gc,task       ] GC(611) Using 2 workers of 2 for evacuation
[2025-11-08T00:27:01.245+0000][gc,phases     ] GC(611)   Pre Evacuate Collection Set: 0.0ms
[2025-11-08T00:27:01.245+0000][gc,phases     ] GC(611)   Evacuate Collection Set: 10.4ms
[2025-11-08T00:27:01.245+0000][gc,phases     ] GC(611)   Post Evacuate Collection Set: 1.9ms
[2025-11-08T00:27:01.246+0000][gc,phases     ] GC(611)   Other: 0.7ms
[2025-11-08T00:27:01.246+0000][gc,heap       ] GC(611) Eden regions: 35->0(36)
[2025-11-08T00:27:01.246+0000][gc,heap       ] GC(611) Survivor regions: 3->3(5)
[2025-11-08T00:27:01.247+0000][gc,heap       ] GC(611) Old regions: 363->363
[2025-11-08T00:27:01.247+0000][gc,heap       ] GC(611) Humongous regions: 147->147
[2025-11-08T00:27:01.247+0000][gc,metaspace  ] GC(611) Metaspace: 53290K(56604K)->53290K(56604K) NonClass: 47387K(49232K)->47387K(49232K) Class: 5903K(7372K)->5903K(7372K)
[2025-11-08T00:27:01.248+0000][gc            ] GC(611) Pause Young (Normal) (G1 Evacuation Pause) 546M->512M(684M) 15.779ms
[2025-11-08T00:27:01.248+0000][gc,cpu        ] GC(611) User=0.02s Sys=0.00s Real=0.02s
[2025-11-08T00:27:10.482+0000][gc,start      ] GC(612) Pause Young (Normal) (G1 Evacuation Pause)
[2025-11-08T00:27:10.482+0000][gc,task       ] GC(612) Using 2 workers of 2 for evacuation
[2025-11-08T00:27:10.497+0000][gc,phases     ] GC(612)   Pre Evacuate Collection Set: 0.0ms
[2025-11-08T00:27:10.497+0000][gc,phases     ] GC(612)   Evacuate Collection Set: 13.7ms
[2025-11-08T00:27:10.497+0000][gc,phases     ] GC(612)   Post Evacuate Collection Set: 0.7ms
[2025-11-08T00:27:10.497+0000][gc,phases     ] GC(612)   Other: 0.6ms
[2025-11-08T00:27:10.498+0000][gc,heap       ] GC(612) Eden regions: 36->0(37)
[2025-11-08T00:27:10.498+0000][gc,heap       ] GC(612) Survivor regions: 3->4(5)
[2025-11-08T00:27:10.498+0000][gc,heap       ] GC(612) Old regions: 363->363
[2025-11-08T00:27:10.498+0000][gc,heap       ] GC(612) Humongous regions: 147->147
[2025-11-08T00:27:10.498+0000][gc,metaspace  ] GC(612) Metaspace: 53290K(56604K)->53290K(56604K) NonClass: 47387K(49232K)->47387K(49232K) Class: 5903K(7372K)->5903K(7372K)
[2025-11-08T00:27:10.498+0000][gc            ] GC(612) Pause Young (Normal) (G1 Evacuation Pause) 548M->512M(684M) 16.383ms
[2025-11-08T00:27:10.498+0000][gc,cpu        ] GC(612) User=0.02s Sys=0.00s Real=0.02s
[2025-11-08T00:27:19.851+0000][gc,start      ] GC(613) Pause Young (Normal) (G1 Evacuation Pause)
[2025-11-08T00:27:19.852+0000][gc,task       ] GC(613) Using 2 workers of 2 for evacuation
[2025-11-08T00:27:19.871+0000][gc,phases     ] GC(613)   Pre Evacuate Collection Set: 0.0ms
[2025-11-08T00:27:19.871+0000][gc,phases     ] GC(613)   Evacuate Collection Set: 16.1ms
[2025-11-08T00:27:19.871+0000][gc,phases     ] GC(613)   Post Evacuate Collection Set: 1.4ms
[2025-11-08T00:27:19.872+0000][gc,phases     ] GC(613)   Other: 2.3ms
[2025-11-08T00:27:19.873+0000][gc,heap       ] GC(613) Eden regions: 37->0(37)
[2025-11-08T00:27:19.873+0000][gc,heap       ] GC(613) Survivor regions: 4->5(6)
[2025-11-08T00:27:19.874+0000][gc,heap       ] GC(613) Old regions: 363->363
[2025-11-08T00:27:19.875+0000][gc,heap       ] GC(613) Humongous regions: 147->147
[2025-11-08T00:27:19.876+0000][gc,metaspace  ] GC(613) Metaspace: 53290K(56604K)->53290K(56604K) NonClass: 47387K(49232K)->47387K(49232K) Class: 5903K(7372K)->5903K(7372K)
[2025-11-08T00:27:19.876+0000][gc            ] GC(613) Pause Young (Normal) (G1 Evacuation Pause) 549M->514M(684M) 25.188ms
[2025-11-08T00:27:19.876+0000][gc,cpu        ] GC(613) User=0.03s Sys=0.00s Real=0.03s
[2025-11-08T00:27:26.826+0000][gc,start      ] GC(614) Pause Young (Normal) (G1 Evacuation Pause)
[2025-11-08T00:27:26.826+0000][gc,task       ] GC(614) Using 2 workers of 2 for evacuation
[2025-11-08T00:27:26.894+0000][gc,mmu        ] GC(614) MMU target violated: 21.0ms (20.0ms/21.0ms)
[2025-11-08T00:27:26.894+0000][gc,phases     ] GC(614)   Pre Evacuate Collection Set: 0.0ms
[2025-11-08T00:27:26.894+0000][gc,phases     ] GC(614)   Evacuate Collection Set: 66.1ms
[2025-11-08T00:27:26.894+0000][gc,phases     ] GC(614)   Post Evacuate Collection Set: 0.8ms
[2025-11-08T00:27:26.895+0000][gc,phases     ] GC(614)   Other: 1.3ms
[2025-11-08T00:27:26.895+0000][gc,heap       ] GC(614) Eden regions: 29->0(29)
[2025-11-08T00:27:26.895+0000][gc,heap       ] GC(614) Survivor regions: 5->5(5)
[2025-11-08T00:27:26.895+0000][gc,heap       ] GC(614) Old regions: 363->365
[2025-11-08T00:27:26.895+0000][gc,heap       ] GC(614) Humongous regions: 147->147
[2025-11-08T00:27:26.895+0000][gc,metaspace  ] GC(614) Metaspace: 53290K(56604K)->53290K(56604K) NonClass: 47387K(49232K)->47387K(49232K) Class: 5903K(7372K)->5903K(7372K)
[2025-11-08T00:27:26.895+0000][gc            ] GC(614) Pause Young (Normal) (G1 Evacuation Pause) 543M->516M(684M) 69.731ms
[2025-11-08T00:27:26.896+0000][gc,cpu        ] GC(614) User=0.07s Sys=0.00s Real=0.07s
[2025-11-08T00:27:34.518+0000][gc,start      ] GC(615) Pause Young (Normal) (G1 Evacuation Pause)
[2025-11-08T00:27:34.518+0000][gc,task       ] GC(615) Using 2 workers of 2 for evacuation
[2025-11-08T00:27:34.538+0000][gc,phases     ] GC(615)   Pre Evacuate Collection Set: 0.0ms
[2025-11-08T00:27:34.538+0000][gc,phases     ] GC(615)   Evacuate Collection Set: 18.5ms
[2025-11-08T00:27:34.538+0000][gc,phases     ] GC(615)   Post Evacuate Collection Set: 0.7ms
[2025-11-08T00:27:34.539+0000][gc,phases     ] GC(615)   Other: 0.9ms
[2025-11-08T00:27:34.539+0000][gc,heap       ] GC(615) Eden regions: 29->0(32)
[2025-11-08T00:27:34.539+0000][gc,heap       ] GC(615) Survivor regions: 5->2(5)
[2025-11-08T00:27:34.539+0000][gc,heap       ] GC(615) Old regions: 365->368
[2025-11-08T00:27:34.539+0000][gc,heap       ] GC(615) Humongous regions: 147->147
[2025-11-08T00:27:34.540+0000][gc,metaspace  ] GC(615) Metaspace: 53290K(56604K)->53290K(56604K) NonClass: 47387K(49232K)->47387K(49232K) Class: 5903K(7372K)->5903K(7372K)
[2025-11-08T00:27:34.540+0000][gc            ] GC(615) Pause Young (Normal) (G1 Evacuation Pause) 545M->516M(684M) 21.897ms
[2025-11-08T00:27:34.540+0000][gc,cpu        ] GC(615) User=0.04s Sys=0.00s Real=0.02s
[2025-11-08T00:27:43.073+0000][gc,start      ] GC(616) Pause Young (Normal) (G1 Evacuation Pause)
[2025-11-08T00:27:43.074+0000][gc,task       ] GC(616) Using 2 workers of 2 for evacuation
[2025-11-08T00:27:43.083+0000][gc,phases     ] GC(616)   Pre Evacuate Collection Set: 0.0ms
[2025-11-08T00:27:43.083+0000][gc,phases     ] GC(616)   Evacuate Collection Set: 8.5ms
[2025-11-08T00:27:43.084+0000][gc,phases     ] GC(616)   Post Evacuate Collection Set: 1.2ms
[2025-11-08T00:27:43.084+0000][gc,phases     ] GC(616)   Other: 1.7ms
[2025-11-08T00:27:43.084+0000][gc,heap       ] GC(616) Eden regions: 32->0(32)
[2025-11-08T00:27:43.085+0000][gc,heap       ] GC(616) Survivor regions: 2->2(5)
[2025-11-08T00:27:43.085+0000][gc,heap       ] GC(616) Old regions: 368->368
[2025-11-08T00:27:43.086+0000][gc,heap       ] GC(616) Humongous regions: 147->147
[2025-11-08T00:27:43.086+0000][gc,metaspace  ] GC(616) Metaspace: 53290K(56604K)->53290K(56604K) NonClass: 47387K(49232K)->47387K(49232K) Class: 5903K(7372K)->5903K(7372K)
[2025-11-08T00:27:43.086+0000][gc            ] GC(616) Pause Young (Normal) (G1 Evacuation Pause) 548M->516M(684M) 14.816ms
[2025-11-08T00:27:43.087+0000][gc,cpu        ] GC(616) User=0.02s Sys=0.00s Real=0.01s
[2025-11-08T00:27:51.637+0000][gc,start      ] GC(617) Pause Young (Normal) (G1 Evacuation Pause)
[2025-11-08T00:27:51.638+0000][gc,task       ] GC(617) Using 2 workers of 2 for evacuation
[2025-11-08T00:27:51.648+0000][gc,phases     ] GC(617)   Pre Evacuate Collection Set: 0.0ms
[2025-11-08T00:27:51.649+0000][gc,phases     ] GC(617)   Evacuate Collection Set: 9.2ms
[2025-11-08T00:27:51.649+0000][gc,phases     ] GC(617)   Post Evacuate Collection Set: 0.9ms
[2025-11-08T00:27:51.650+0000][gc,phases     ] GC(617)   Other: 1.4ms
[2025-11-08T00:27:51.650+0000][gc,heap       ] GC(617) Eden regions: 32->0(32)
[2025-11-08T00:27:51.650+0000][gc,heap       ] GC(617) Survivor regions: 2->2(5)
[2025-11-08T00:27:51.651+0000][gc,heap       ] GC(617) Old regions: 368->368
[2025-11-08T00:27:51.651+0000][gc,heap       ] GC(617) Humongous regions: 147->147
[2025-11-08T00:27:51.651+0000][gc,metaspace  ] GC(617) Metaspace: 53290K(56604K)->53290K(56604K) NonClass: 47387K(49232K)->47387K(49232K) Class: 5903K(7372K)->5903K(7372K)
[2025-11-08T00:27:51.652+0000][gc            ] GC(617) Pause Young (Normal) (G1 Evacuation Pause) 548M->516M(684M) 14.563ms
[2025-11-08T00:27:51.652+0000][gc,cpu        ] GC(617) User=0.02s Sys=0.00s Real=0.02s
[2025-11-08T00:27:59.991+0000][gc,start      ] GC(618) Pause Young (Normal) (G1 Evacuation Pause)
[2025-11-08T00:27:59.992+0000][gc,task       ] GC(618) Using 2 workers of 2 for evacuation
[2025-11-08T00:28:00.005+0000][gc,phases     ] GC(618)   Pre Evacuate Collection Set: 0.0ms
[2025-11-08T00:28:00.006+0000][gc,phases     ] GC(618)   Evacuate Collection Set: 10.3ms
[2025-11-08T00:28:00.006+0000][gc,phases     ] GC(618)   Post Evacuate Collection Set: 2.7ms
[2025-11-08T00:28:00.007+0000][gc,phases     ] GC(618)   Other: 0.8ms
[2025-11-08T00:28:00.007+0000][gc,heap       ] GC(618) Eden regions: 32->0(32)
[2025-11-08T00:28:00.008+0000][gc,heap       ] GC(618) Survivor regions: 2->3(5)
[2025-11-08T00:28:00.009+0000][gc,heap       ] GC(618) Old regions: 368->368
[2025-11-08T00:28:00.009+0000][gc,heap       ] GC(618) Humongous regions: 147->147
[2025-11-08T00:28:00.009+0000][gc,metaspace  ] GC(618) Metaspace: 53290K(56604K)->53290K(56604K) NonClass: 47387K(49232K)->47387K(49232K) Class: 5903K(7372K)->5903K(7372K)
[2025-11-08T00:28:00.009+0000][gc            ] GC(618) Pause Young (Normal) (G1 Evacuation Pause) 548M->517M(684M) 18.060ms
[2025-11-08T00:28:00.010+0000][gc,cpu        ] GC(618) User=0.02s Sys=0.00s Real=0.01s
[2025-11-08T00:28:08.257+0000][gc,start      ] GC(619) Pause Young (Normal) (G1 Evacuation Pause)
[2025-11-08T00:28:08.258+0000][gc,task       ] GC(619) Using 2 workers of 2 for evacuation
[2025-11-08T00:28:08.266+0000][gc,phases     ] GC(619)   Pre Evacuate Collection Set: 0.0ms
[2025-11-08T00:28:08.266+0000][gc,phases     ] GC(619)   Evacuate Collection Set: 6.1ms
[2025-11-08T00:28:08.266+0000][gc,phases     ] GC(619)   Post Evacuate Collection Set: 1.4ms
[2025-11-08T00:28:08.267+0000][gc,phases     ] GC(619)   Other: 1.2ms
[2025-11-08T00:28:08.267+0000][gc,heap       ] GC(619) Eden regions: 32->0(34)
[2025-11-08T00:28:08.267+0000][gc,heap       ] GC(619) Survivor regions: 3->2(5)
[2025-11-08T00:28:08.269+0000][gc,heap       ] GC(619) Old regions: 368->368
[2025-11-08T00:28:08.269+0000][gc,heap       ] GC(619) Humongous regions: 147->147
[2025-11-08T00:28:08.269+0000][gc,metaspace  ] GC(619) Metaspace: 53290K(56604K)->53290K(56604K) NonClass: 47387K(49232K)->47387K(49232K) Class: 5903K(7372K)->5903K(7372K)
[2025-11-08T00:28:08.269+0000][gc            ] GC(619) Pause Young (Normal) (G1 Evacuation Pause) 549M->516M(684M) 11.908ms
[2025-11-08T00:28:08.270+0000][gc,cpu        ] GC(619) User=0.02s Sys=0.00s Real=0.01s
[2025-11-08T00:28:17.144+0000][gc,start      ] GC(620) Pause Young (Normal) (G1 Evacuation Pause)
[2025-11-08T00:28:17.144+0000][gc,task       ] GC(620) Using 2 workers of 2 for evacuation
[2025-11-08T00:28:17.155+0000][gc,phases     ] GC(620)   Pre Evacuate Collection Set: 0.0ms
[2025-11-08T00:28:17.155+0000][gc,phases     ] GC(620)   Evacuate Collection Set: 9.0ms
[2025-11-08T00:28:17.155+0000][gc,phases     ] GC(620)   Post Evacuate Collection Set: 0.7ms
[2025-11-08T00:28:17.155+0000][gc,phases     ] GC(620)   Other: 1.2ms
[2025-11-08T00:28:17.156+0000][gc,heap       ] GC(620) Eden regions: 34->0(36)
[2025-11-08T00:28:17.156+0000][gc,heap       ] GC(620) Survivor regions: 2->3(5)
[2025-11-08T00:28:17.156+0000][gc,heap       ] GC(620) Old regions: 368->368
[2025-11-08T00:28:17.157+0000][gc,heap       ] GC(620) Humongous regions: 147->147
[2025-11-08T00:28:17.157+0000][gc,metaspace  ] GC(620) Metaspace: 53290K(56604K)->53290K(56604K) NonClass: 47387K(49232K)->47387K(49232K) Class: 5903K(7372K)->5903K(7372K)
[2025-11-08T00:28:17.157+0000][gc            ] GC(620) Pause Young (Normal) (G1 Evacuation Pause) 550M->517M(684M) 12.995ms
[2025-11-08T00:28:17.157+0000][gc,cpu        ] GC(620) User=0.02s Sys=0.00s Real=0.01s
[2025-11-08T00:28:26.529+0000][gc,start      ] GC(621) Pause Young (Normal) (G1 Evacuation Pause)
[2025-11-08T00:28:26.529+0000][gc,task       ] GC(621) Using 2 workers of 2 for evacuation
[2025-11-08T00:28:26.540+0000][gc,phases     ] GC(621)   Pre Evacuate Collection Set: 0.0ms
[2025-11-08T00:28:26.540+0000][gc,phases     ] GC(621)   Evacuate Collection Set: 9.2ms
[2025-11-08T00:28:26.540+0000][gc,phases     ] GC(621)   Post Evacuate Collection Set: 0.6ms
[2025-11-08T00:28:26.540+0000][gc,phases     ] GC(621)   Other: 0.5ms
[2025-11-08T00:28:26.540+0000][gc,heap       ] GC(621) Eden regions: 36->0(38)
[2025-11-08T00:28:26.540+0000][gc,heap       ] GC(621) Survivor regions: 3->4(5)
[2025-11-08T00:28:26.541+0000][gc,heap       ] GC(621) Old regions: 368->368
[2025-11-08T00:28:26.541+0000][gc,heap       ] GC(621) Humongous regions: 147->147
[2025-11-08T00:28:26.541+0000][gc,metaspace  ] GC(621) Metaspace: 53290K(56604K)->53290K(56604K) NonClass: 47387K(49232K)->47387K(49232K) Class: 5903K(7372K)->5903K(7372K)
[2025-11-08T00:28:26.541+0000][gc            ] GC(621) Pause Young (Normal) (G1 Evacuation Pause) 553M->518M(684M) 11.776ms
[2025-11-08T00:28:26.541+0000][gc,cpu        ] GC(621) User=0.02s Sys=0.00s Real=0.01s
[2025-11-08T00:28:36.843+0000][gc,start      ] GC(622) Pause Young (Normal) (G1 Evacuation Pause)
[2025-11-08T00:28:36.844+0000][gc,task       ] GC(622) Using 2 workers of 2 for evacuation
[2025-11-08T00:28:36.856+0000][gc,phases     ] GC(622)   Pre Evacuate Collection Set: 0.0ms
[2025-11-08T00:28:36.856+0000][gc,phases     ] GC(622)   Evacuate Collection Set: 10.6ms
[2025-11-08T00:28:36.857+0000][gc,phases     ] GC(622)   Post Evacuate Collection Set: 0.7ms
[2025-11-08T00:28:36.857+0000][gc,phases     ] GC(622)   Other: 1.5ms
[2025-11-08T00:28:36.857+0000][gc,heap       ] GC(622) Eden regions: 38->0(40)
[2025-11-08T00:28:36.857+0000][gc,heap       ] GC(622) Survivor regions: 4->4(6)
[2025-11-08T00:28:36.857+0000][gc,heap       ] GC(622) Old regions: 368->369
[2025-11-08T00:28:36.858+0000][gc,heap       ] GC(622) Humongous regions: 147->147
[2025-11-08T00:28:36.858+0000][gc,metaspace  ] GC(622) Metaspace: 53290K(56604K)->53290K(56604K) NonClass: 47387K(49232K)->47387K(49232K) Class: 5903K(7372K)->5903K(7372K)
[2025-11-08T00:28:36.858+0000][gc            ] GC(622) Pause Young (Normal) (G1 Evacuation Pause) 556M->519M(684M) 14.762ms
[2025-11-08T00:28:36.858+0000][gc,cpu        ] GC(622) User=0.02s Sys=0.00s Real=0.01s
[2025-11-08T00:28:47.435+0000][gc,start      ] GC(623) Pause Young (Normal) (G1 Evacuation Pause)
[2025-11-08T00:28:47.435+0000][gc,task       ] GC(623) Using 2 workers of 2 for evacuation
[2025-11-08T00:28:47.446+0000][gc,phases     ] GC(623)   Pre Evacuate Collection Set: 0.0ms
[2025-11-08T00:28:47.447+0000][gc,phases     ] GC(623)   Evacuate Collection Set: 10.1ms
[2025-11-08T00:28:47.447+0000][gc,phases     ] GC(623)   Post Evacuate Collection Set: 0.7ms
[2025-11-08T00:28:47.447+0000][gc,phases     ] GC(623)   Other: 0.6ms
[2025-11-08T00:28:47.447+0000][gc,heap       ] GC(623) Eden regions: 40->0(44)
[2025-11-08T00:28:47.447+0000][gc,heap       ] GC(623) Survivor regions: 4->5(6)
[2025-11-08T00:28:47.447+0000][gc,heap       ] GC(623) Old regions: 369->369
[2025-11-08T00:28:47.448+0000][gc,heap       ] GC(623) Humongous regions: 147->147
[2025-11-08T00:28:47.448+0000][gc,metaspace  ] GC(623) Metaspace: 53290K(56604K)->53290K(56604K) NonClass: 47387K(49232K)->47387K(49232K) Class: 5903K(7372K)->5903K(7372K)
[2025-11-08T00:28:47.448+0000][gc            ] GC(623) Pause Young (Normal) (G1 Evacuation Pause) 559M->520M(684M) 12.772ms
[2025-11-08T00:28:47.448+0000][gc,cpu        ] GC(623) User=0.02s Sys=0.00s Real=0.01s
[2025-11-08T00:28:59.094+0000][gc,start      ] GC(624) Pause Young (Normal) (G1 Evacuation Pause)
[2025-11-08T00:28:59.094+0000][gc,task       ] GC(624) Using 2 workers of 2 for evacuation
[2025-11-08T00:28:59.109+0000][gc,phases     ] GC(624)   Pre Evacuate Collection Set: 0.0ms
[2025-11-08T00:28:59.109+0000][gc,phases     ] GC(624)   Evacuate Collection Set: 12.9ms
[2025-11-08T00:28:59.109+0000][gc,phases     ] GC(624)   Post Evacuate Collection Set: 1.0ms
[2025-11-08T00:28:59.110+0000][gc,phases     ] GC(624)   Other: 1.0ms
[2025-11-08T00:28:59.110+0000][gc,heap       ] GC(624) Eden regions: 44->0(45)
[2025-11-08T00:28:59.110+0000][gc,heap       ] GC(624) Survivor regions: 5->4(7)
[2025-11-08T00:28:59.110+0000][gc,heap       ] GC(624) Old regions: 369->370
[2025-11-08T00:28:59.111+0000][gc,heap       ] GC(624) Humongous regions: 147->147
[2025-11-08T00:28:59.111+0000][gc,metaspace  ] GC(624) Metaspace: 53290K(56604K)->53290K(56604K) NonClass: 47387K(49232K)->47387K(49232K) Class: 5903K(7372K)->5903K(7372K)
[2025-11-08T00:28:59.111+0000][gc            ] GC(624) Pause Young (Normal) (G1 Evacuation Pause) 564M->519M(684M) 17.362ms
[2025-11-08T00:28:59.111+0000][gc,cpu        ] GC(624) User=0.03s Sys=0.00s Real=0.02s
[2025-11-08T00:29:10.959+0000][gc,start      ] GC(625) Pause Young (Normal) (G1 Evacuation Pause)
[2025-11-08T00:29:10.959+0000][gc,task       ] GC(625) Using 2 workers of 2 for evacuation
[2025-11-08T00:29:10.969+0000][gc,phases     ] GC(625)   Pre Evacuate Collection Set: 0.0ms
[2025-11-08T00:29:10.969+0000][gc,phases     ] GC(625)   Evacuate Collection Set: 8.6ms
[2025-11-08T00:29:10.969+0000][gc,phases     ] GC(625)   Post Evacuate Collection Set: 0.7ms
[2025-11-08T00:29:10.970+0000][gc,phases     ] GC(625)   Other: 0.7ms
[2025-11-08T00:29:10.970+0000][gc,heap       ] GC(625) Eden regions: 45->0(53)
[2025-11-08T00:29:10.970+0000][gc,heap       ] GC(625) Survivor regions: 4->3(7)
[2025-11-08T00:29:10.970+0000][gc,heap       ] GC(625) Old regions: 370->370
[2025-11-08T00:29:10.971+0000][gc,heap       ] GC(625) Humongous regions: 147->147
[2025-11-08T00:29:10.971+0000][gc,metaspace  ] GC(625) Metaspace: 53290K(56604K)->53290K(56604K) NonClass: 47387K(49232K)->47387K(49232K) Class: 5903K(7372K)->5903K(7372K)
[2025-11-08T00:29:10.971+0000][gc            ] GC(625) Pause Young (Normal) (G1 Evacuation Pause) 564M->519M(684M) 12.073ms
[2025-11-08T00:29:10.971+0000][gc,cpu        ] GC(625) User=0.02s Sys=0.00s Real=0.02s
[2025-11-08T00:29:24.842+0000][gc,start      ] GC(626) Pause Young (Normal) (G1 Evacuation Pause)
[2025-11-08T00:29:24.842+0000][gc,task       ] GC(626) Using 2 workers of 2 for evacuation
[2025-11-08T00:29:24.852+0000][gc,phases     ] GC(626)   Pre Evacuate Collection Set: 0.0ms
[2025-11-08T00:29:24.852+0000][gc,phases     ] GC(626)   Evacuate Collection Set: 8.4ms
[2025-11-08T00:29:24.852+0000][gc,phases     ] GC(626)   Post Evacuate Collection Set: 0.8ms
[2025-11-08T00:29:24.852+0000][gc,phases     ] GC(626)   Other: 0.6ms
[2025-11-08T00:29:24.852+0000][gc,heap       ] GC(626) Eden regions: 53->0(57)
[2025-11-08T00:29:24.853+0000][gc,heap       ] GC(626) Survivor regions: 3->4(7)
[2025-11-08T00:29:24.853+0000][gc,heap       ] GC(626) Old regions: 370->370
[2025-11-08T00:29:24.853+0000][gc,heap       ] GC(626) Humongous regions: 147->147
[2025-11-08T00:29:24.853+0000][gc,metaspace  ] GC(626) Metaspace: 53290K(56604K)->53290K(56604K) NonClass: 47387K(49232K)->47387K(49232K) Class: 5903K(7372K)->5903K(7372K)
[2025-11-08T00:29:24.853+0000][gc            ] GC(626) Pause Young (Normal) (G1 Evacuation Pause) 572M->520M(684M) 11.263ms
[2025-11-08T00:29:24.853+0000][gc,cpu        ] GC(626) User=0.01s Sys=0.00s Real=0.01s
[2025-11-08T00:29:39.943+0000][gc,start      ] GC(627) Pause Young (Normal) (G1 Evacuation Pause)
[2025-11-08T00:29:39.944+0000][gc,task       ] GC(627) Using 2 workers of 2 for evacuation
[2025-11-08T00:29:39.957+0000][gc,phases     ] GC(627)   Pre Evacuate Collection Set: 0.0ms
[2025-11-08T00:29:39.958+0000][gc,phases     ] GC(627)   Evacuate Collection Set: 11.8ms
[2025-11-08T00:29:39.958+0000][gc,phases     ] GC(627)   Post Evacuate Collection Set: 0.8ms
[2025-11-08T00:29:39.958+0000][gc,phases     ] GC(627)   Other: 1.6ms
[2025-11-08T00:29:39.958+0000][gc,heap       ] GC(627) Eden regions: 57->0(60)
[2025-11-08T00:29:39.959+0000][gc,heap       ] GC(627) Survivor regions: 4->5(8)
[2025-11-08T00:29:39.959+0000][gc,heap       ] GC(627) Old regions: 370->370
[2025-11-08T00:29:39.959+0000][gc,heap       ] GC(627) Humongous regions: 147->147
[2025-11-08T00:29:39.959+0000][gc,metaspace  ] GC(627) Metaspace: 53290K(56604K)->53290K(56604K) NonClass: 47387K(49232K)->47387K(49232K) Class: 5903K(7372K)->5903K(7372K)
[2025-11-08T00:29:39.960+0000][gc            ] GC(627) Pause Young (Normal) (G1 Evacuation Pause) 577M->521M(684M) 16.344ms
[2025-11-08T00:29:39.960+0000][gc,cpu        ] GC(627) User=0.03s Sys=0.00s Real=0.01s
[2025-11-08T00:29:55.708+0000][gc,start      ] GC(628) Pause Young (Normal) (G1 Evacuation Pause)
[2025-11-08T00:29:55.709+0000][gc,task       ] GC(628) Using 2 workers of 2 for evacuation
[2025-11-08T00:29:55.719+0000][gc,phases     ] GC(628)   Pre Evacuate Collection Set: 0.0ms
[2025-11-08T00:29:55.720+0000][gc,phases     ] GC(628)   Evacuate Collection Set: 9.6ms
[2025-11-08T00:29:55.720+0000][gc,phases     ] GC(628)   Post Evacuate Collection Set: 0.8ms
[2025-11-08T00:29:55.720+0000][gc,phases     ] GC(628)   Other: 0.6ms
[2025-11-08T00:29:55.720+0000][gc,heap       ] GC(628) Eden regions: 60->0(65)
[2025-11-08T00:29:55.720+0000][gc,heap       ] GC(628) Survivor regions: 5->5(9)
[2025-11-08T00:29:55.721+0000][gc,heap       ] GC(628) Old regions: 370->370
[2025-11-08T00:29:55.721+0000][gc,heap       ] GC(628) Humongous regions: 147->147
[2025-11-08T00:29:55.721+0000][gc,metaspace  ] GC(628) Metaspace: 53290K(56604K)->53290K(56604K) NonClass: 47387K(49232K)->47387K(49232K) Class: 5903K(7372K)->5903K(7372K)
[2025-11-08T00:29:55.721+0000][gc            ] GC(628) Pause Young (Normal) (G1 Evacuation Pause) 581M->520M(684M) 12.603ms
[2025-11-08T00:29:55.721+0000][gc,cpu        ] GC(628) User=0.03s Sys=0.00s Real=0.02s
[2025-11-08T00:30:12.749+0000][gc,start      ] GC(629) Pause Young (Normal) (G1 Evacuation Pause)
[2025-11-08T00:30:12.750+0000][gc,task       ] GC(629) Using 2 workers of 2 for evacuation
[2025-11-08T00:30:12.760+0000][gc,phases     ] GC(629)   Pre Evacuate Collection Set: 0.0ms
[2025-11-08T00:30:12.760+0000][gc,phases     ] GC(629)   Evacuate Collection Set: 9.3ms
[2025-11-08T00:30:12.760+0000][gc,phases     ] GC(629)   Post Evacuate Collection Set: 0.7ms
[2025-11-08T00:30:12.760+0000][gc,phases     ] GC(629)   Other: 0.8ms
[2025-11-08T00:30:12.761+0000][gc,heap       ] GC(629) Eden regions: 65->0(71)
[2025-11-08T00:30:12.761+0000][gc,heap       ] GC(629) Survivor regions: 5->5(9)
[2025-11-08T00:30:12.761+0000][gc,heap       ] GC(629) Old regions: 370->370
[2025-11-08T00:30:12.761+0000][gc,heap       ] GC(629) Humongous regions: 147->147
[2025-11-08T00:30:12.761+0000][gc,metaspace  ] GC(629) Metaspace: 53290K(56604K)->53290K(56604K) NonClass: 47387K(49232K)->47387K(49232K) Class: 5903K(7372K)->5903K(7372K)
[2025-11-08T00:30:12.762+0000][gc            ] GC(629) Pause Young (Normal) (G1 Evacuation Pause) 585M->521M(684M) 12.540ms
[2025-11-08T00:30:12.762+0000][gc,cpu        ] GC(629) User=0.02s Sys=0.00s Real=0.02s
[2025-11-08T00:30:32.405+0000][gc,start      ] GC(630) Pause Young (Normal) (G1 Evacuation Pause)
[2025-11-08T00:30:32.406+0000][gc,task       ] GC(630) Using 2 workers of 2 for evacuation
[2025-11-08T00:30:32.443+0000][gc,mmu        ] GC(630) MMU target violated: 21.0ms (20.0ms/21.0ms)
[2025-11-08T00:30:32.443+0000][gc,phases     ] GC(630)   Pre Evacuate Collection Set: 0.0ms
[2025-11-08T00:30:32.443+0000][gc,phases     ] GC(630)   Evacuate Collection Set: 34.6ms
[2025-11-08T00:30:32.444+0000][gc,phases     ] GC(630)   Post Evacuate Collection Set: 1.7ms
[2025-11-08T00:30:32.445+0000][gc,phases     ] GC(630)   Other: 2.0ms
[2025-11-08T00:30:32.445+0000][gc,heap       ] GC(630) Eden regions: 71->0(38)
[2025-11-08T00:30:32.445+0000][gc,heap       ] GC(630) Survivor regions: 5->6(10)
[2025-11-08T00:30:32.445+0000][gc,heap       ] GC(630) Old regions: 370->370
[2025-11-08T00:30:32.445+0000][gc,heap       ] GC(630) Humongous regions: 147->147
[2025-11-08T00:30:32.446+0000][gc,metaspace  ] GC(630) Metaspace: 53290K(56604K)->53290K(56604K) NonClass: 47387K(49232K)->47387K(49232K) Class: 5903K(7372K)->5903K(7372K)
[2025-11-08T00:30:32.447+0000][gc            ] GC(630) Pause Young (Normal) (G1 Evacuation Pause) 592M->521M(684M) 41.706ms
[2025-11-08T00:30:32.447+0000][gc,cpu        ] GC(630) User=0.07s Sys=0.00s Real=0.04s
[2025-11-08T00:30:42.985+0000][gc,start      ] GC(631) Pause Young (Normal) (G1 Evacuation Pause)
[2025-11-08T00:30:42.986+0000][gc,task       ] GC(631) Using 2 workers of 2 for evacuation
[2025-11-08T00:30:43.029+0000][gc,mmu        ] GC(631) MMU target violated: 21.0ms (20.0ms/21.0ms)
[2025-11-08T00:30:43.029+0000][gc,phases     ] GC(631)   Pre Evacuate Collection Set: 0.0ms
[2025-11-08T00:30:43.029+0000][gc,phases     ] GC(631)   Evacuate Collection Set: 41.2ms
[2025-11-08T00:30:43.030+0000][gc,phases     ] GC(631)   Post Evacuate Collection Set: 1.1ms
[2025-11-08T00:30:43.030+0000][gc,phases     ] GC(631)   Other: 1.5ms
[2025-11-08T00:30:43.030+0000][gc,heap       ] GC(631) Eden regions: 38->0(30)
[2025-11-08T00:30:43.031+0000][gc,heap       ] GC(631) Survivor regions: 6->4(6)
[2025-11-08T00:30:43.031+0000][gc,heap       ] GC(631) Old regions: 370->372
[2025-11-08T00:30:43.031+0000][gc,heap       ] GC(631) Humongous regions: 147->147
[2025-11-08T00:30:43.032+0000][gc,metaspace  ] GC(631) Metaspace: 53290K(56604K)->53290K(56604K) NonClass: 47387K(49232K)->47387K(49232K) Class: 5903K(7372K)->5903K(7372K)
[2025-11-08T00:30:43.032+0000][gc            ] GC(631) Pause Young (Normal) (G1 Evacuation Pause) 559M->522M(684M) 46.557ms
[2025-11-08T00:30:43.032+0000][gc,cpu        ] GC(631) User=0.05s Sys=0.00s Real=0.05s
[2025-11-08T00:30:51.238+0000][gc,start      ] GC(632) Pause Young (Normal) (G1 Evacuation Pause)
[2025-11-08T00:30:51.238+0000][gc,task       ] GC(632) Using 2 workers of 2 for evacuation
[2025-11-08T00:30:51.286+0000][gc,mmu        ] GC(632) MMU target violated: 21.0ms (20.0ms/21.0ms)
[2025-11-08T00:30:51.286+0000][gc,phases     ] GC(632)   Pre Evacuate Collection Set: 0.0ms
[2025-11-08T00:30:51.287+0000][gc,phases     ] GC(632)   Evacuate Collection Set: 44.0ms
[2025-11-08T00:30:51.287+0000][gc,phases     ] GC(632)   Post Evacuate Collection Set: 1.3ms
[2025-11-08T00:30:51.288+0000][gc,phases     ] GC(632)   Other: 3.5ms
[2025-11-08T00:30:51.288+0000][gc,heap       ] GC(632) Eden regions: 30->0(31)
[2025-11-08T00:30:51.289+0000][gc,heap       ] GC(632) Survivor regions: 4->3(5)
[2025-11-08T00:30:51.289+0000][gc,heap       ] GC(632) Old regions: 372->374
[2025-11-08T00:30:51.289+0000][gc,heap       ] GC(632) Humongous regions: 147->147
[2025-11-08T00:30:51.290+0000][gc,metaspace  ] GC(632) Metaspace: 53290K(56604K)->53290K(56604K) NonClass: 47387K(49232K)->47387K(49232K) Class: 5903K(7372K)->5903K(7372K)
[2025-11-08T00:30:51.290+0000][gc            ] GC(632) Pause Young (Normal) (G1 Evacuation Pause) 552M->522M(684M) 52.248ms
[2025-11-08T00:30:51.290+0000][gc,cpu        ] GC(632) User=0.04s Sys=0.01s Real=0.05s
[2025-11-08T00:30:59.365+0000][gc,start      ] GC(633) Pause Young (Normal) (G1 Evacuation Pause)
[2025-11-08T00:30:59.365+0000][gc,task       ] GC(633) Using 2 workers of 2 for evacuation
[2025-11-08T00:30:59.373+0000][gc,phases     ] GC(633)   Pre Evacuate Collection Set: 0.0ms
[2025-11-08T00:30:59.374+0000][gc,phases     ] GC(633)   Evacuate Collection Set: 6.8ms
[2025-11-08T00:30:59.374+0000][gc,phases     ] GC(633)   Post Evacuate Collection Set: 1.0ms
[2025-11-08T00:30:59.374+0000][gc,phases     ] GC(633)   Other: 0.7ms
[2025-11-08T00:30:59.374+0000][gc,heap       ] GC(633) Eden regions: 31->0(32)
[2025-11-08T00:30:59.374+0000][gc,heap       ] GC(633) Survivor regions: 3->2(5)
[2025-11-08T00:30:59.375+0000][gc,heap       ] GC(633) Old regions: 374->374
[2025-11-08T00:30:59.375+0000][gc,heap       ] GC(633) Humongous regions: 147->147
[2025-11-08T00:30:59.375+0000][gc,metaspace  ] GC(633) Metaspace: 53290K(56604K)->53290K(56604K) NonClass: 47387K(49232K)->47387K(49232K) Class: 5903K(7372K)->5903K(7372K)
[2025-11-08T00:30:59.375+0000][gc            ] GC(633) Pause Young (Normal) (G1 Evacuation Pause) 553M->522M(684M) 10.461ms
[2025-11-08T00:30:59.376+0000][gc,cpu        ] GC(633) User=0.01s Sys=0.00s Real=0.01s
[2025-11-08T00:31:07.793+0000][gc,start      ] GC(634) Pause Young (Normal) (G1 Evacuation Pause)
[2025-11-08T00:31:07.793+0000][gc,task       ] GC(634) Using 2 workers of 2 for evacuation
[2025-11-08T00:31:07.804+0000][gc,phases     ] GC(634)   Pre Evacuate Collection Set: 0.0ms
[2025-11-08T00:31:07.804+0000][gc,phases     ] GC(634)   Evacuate Collection Set: 8.4ms
[2025-11-08T00:31:07.804+0000][gc,phases     ] GC(634)   Post Evacuate Collection Set: 1.5ms
[2025-11-08T00:31:07.805+0000][gc,phases     ] GC(634)   Other: 0.6ms
[2025-11-08T00:31:07.805+0000][gc,heap       ] GC(634) Eden regions: 32->0(30)
[2025-11-08T00:31:07.806+0000][gc,heap       ] GC(634) Survivor regions: 2->4(5)
[2025-11-08T00:31:07.806+0000][gc,heap       ] GC(634) Old regions: 374->374
[2025-11-08T00:31:07.806+0000][gc,heap       ] GC(634) Humongous regions: 147->147
[2025-11-08T00:31:07.806+0000][gc,metaspace  ] GC(634) Metaspace: 53290K(56604K)->53290K(56604K) NonClass: 47387K(49232K)->47387K(49232K) Class: 5903K(7372K)->5903K(7372K)
[2025-11-08T00:31:07.806+0000][gc            ] GC(634) Pause Young (Normal) (G1 Evacuation Pause) 554M->524M(684M) 13.307ms
[2025-11-08T00:31:07.807+0000][gc,cpu        ] GC(634) User=0.01s Sys=0.00s Real=0.01s
[2025-11-08T00:31:15.633+0000][gc,start      ] GC(635) Pause Young (Normal) (G1 Evacuation Pause)
[2025-11-08T00:31:15.634+0000][gc,task       ] GC(635) Using 2 workers of 2 for evacuation
[2025-11-08T00:31:15.672+0000][gc,mmu        ] GC(635) MMU target violated: 21.0ms (20.0ms/21.0ms)
[2025-11-08T00:31:15.672+0000][gc,phases     ] GC(635)   Pre Evacuate Collection Set: 0.0ms
[2025-11-08T00:31:15.673+0000][gc,phases     ] GC(635)   Evacuate Collection Set: 37.1ms
[2025-11-08T00:31:15.673+0000][gc,phases     ] GC(635)   Post Evacuate Collection Set: 0.8ms
[2025-11-08T00:31:15.674+0000][gc,phases     ] GC(635)   Other: 1.1ms
[2025-11-08T00:31:15.675+0000][gc,heap       ] GC(635) Eden regions: 30->0(31)
[2025-11-08T00:31:15.676+0000][gc,heap       ] GC(635) Survivor regions: 4->3(5)
[2025-11-08T00:31:15.676+0000][gc,heap       ] GC(635) Old regions: 374->375
[2025-11-08T00:31:15.676+0000][gc,heap       ] GC(635) Humongous regions: 147->147
[2025-11-08T00:31:15.676+0000][gc,metaspace  ] GC(635) Metaspace: 53290K(56604K)->53290K(56604K) NonClass: 47387K(49232K)->47387K(49232K) Class: 5903K(7372K)->5903K(7372K)
[2025-11-08T00:31:15.677+0000][gc            ] GC(635) Pause Young (Normal) (G1 Evacuation Pause) 554M->524M(684M) 43.481ms
[2025-11-08T00:31:15.677+0000][gc,cpu        ] GC(635) User=0.03s Sys=0.01s Real=0.05s
[2025-11-08T00:31:23.680+0000][gc,start      ] GC(636) Pause Young (Normal) (G1 Evacuation Pause)
[2025-11-08T00:31:23.680+0000][gc,task       ] GC(636) Using 2 workers of 2 for evacuation
[2025-11-08T00:31:23.688+0000][gc,phases     ] GC(636)   Pre Evacuate Collection Set: 0.0ms
[2025-11-08T00:31:23.688+0000][gc,phases     ] GC(636)   Evacuate Collection Set: 6.8ms
[2025-11-08T00:31:23.688+0000][gc,phases     ] GC(636)   Post Evacuate Collection Set: 0.8ms
[2025-11-08T00:31:23.689+0000][gc,phases     ] GC(636)   Other: 0.6ms
[2025-11-08T00:31:23.689+0000][gc,heap       ] GC(636) Eden regions: 31->0(31)
[2025-11-08T00:31:23.689+0000][gc,heap       ] GC(636) Survivor regions: 3->3(5)
[2025-11-08T00:31:23.689+0000][gc,heap       ] GC(636) Old regions: 375->375
[2025-11-08T00:31:23.689+0000][gc,heap       ] GC(636) Humongous regions: 147->147
[2025-11-08T00:31:23.690+0000][gc,metaspace  ] GC(636) Metaspace: 53290K(56604K)->53290K(56604K) NonClass: 47387K(49232K)->47387K(49232K) Class: 5903K(7372K)->5903K(7372K)
[2025-11-08T00:31:23.690+0000][gc            ] GC(636) Pause Young (Normal) (G1 Evacuation Pause) 555M->524M(684M) 10.117ms
[2025-11-08T00:31:23.690+0000][gc,cpu        ] GC(636) User=0.01s Sys=0.00s Real=0.01s
[2025-11-08T00:31:31.876+0000][gc,start      ] GC(637) Pause Young (Normal) (G1 Evacuation Pause)
[2025-11-08T00:31:31.876+0000][gc,task       ] GC(637) Using 2 workers of 2 for evacuation
[2025-11-08T00:31:31.891+0000][gc,phases     ] GC(637)   Pre Evacuate Collection Set: 0.0ms
[2025-11-08T00:31:31.892+0000][gc,phases     ] GC(637)   Evacuate Collection Set: 12.4ms
[2025-11-08T00:31:31.892+0000][gc,phases     ] GC(637)   Post Evacuate Collection Set: 1.1ms
[2025-11-08T00:31:31.892+0000][gc,phases     ] GC(637)   Other: 2.0ms
[2025-11-08T00:31:31.893+0000][gc,heap       ] GC(637) Eden regions: 31->0(32)
[2025-11-08T00:31:31.893+0000][gc,heap       ] GC(637) Survivor regions: 3->2(5)
[2025-11-08T00:31:31.893+0000][gc,heap       ] GC(637) Old regions: 375->375
[2025-11-08T00:31:31.894+0000][gc,heap       ] GC(637) Humongous regions: 147->147
[2025-11-08T00:31:31.894+0000][gc,metaspace  ] GC(637) Metaspace: 53290K(56604K)->53290K(56604K) NonClass: 47387K(49232K)->47387K(49232K) Class: 5903K(7372K)->5903K(7372K)
[2025-11-08T00:31:31.894+0000][gc            ] GC(637) Pause Young (Normal) (G1 Evacuation Pause) 555M->523M(684M) 18.535ms
[2025-11-08T00:31:31.895+0000][gc,cpu        ] GC(637) User=0.03s Sys=0.00s Real=0.02s
[2025-11-08T00:31:40.673+0000][gc,start      ] GC(638) Pause Young (Normal) (G1 Evacuation Pause)
[2025-11-08T00:31:40.673+0000][gc,task       ] GC(638) Using 2 workers of 2 for evacuation
[2025-11-08T00:31:40.685+0000][gc,phases     ] GC(638)   Pre Evacuate Collection Set: 0.0ms
[2025-11-08T00:31:40.685+0000][gc,phases     ] GC(638)   Evacuate Collection Set: 9.3ms
[2025-11-08T00:31:40.685+0000][gc,phases     ] GC(638)   Post Evacuate Collection Set: 0.9ms
[2025-11-08T00:31:40.686+0000][gc,phases     ] GC(638)   Other: 1.5ms
[2025-11-08T00:31:40.686+0000][gc,heap       ] GC(638) Eden regions: 32->0(32)
[2025-11-08T00:31:40.686+0000][gc,heap       ] GC(638) Survivor regions: 2->2(5)
[2025-11-08T00:31:40.687+0000][gc,heap       ] GC(638) Old regions: 375->375
[2025-11-08T00:31:40.687+0000][gc,heap       ] GC(638) Humongous regions: 147->147
[2025-11-08T00:31:40.687+0000][gc,metaspace  ] GC(638) Metaspace: 53290K(56604K)->53290K(56604K) NonClass: 47387K(49232K)->47387K(49232K) Class: 5903K(7372K)->5903K(7372K)
[2025-11-08T00:31:40.687+0000][gc            ] GC(638) Pause Young (Normal) (G1 Evacuation Pause) 555M->523M(684M) 14.427ms
[2025-11-08T00:31:40.688+0000][gc,cpu        ] GC(638) User=0.03s Sys=0.00s Real=0.02s
[2025-11-08T00:31:49.425+0000][gc,start      ] GC(639) Pause Young (Normal) (G1 Evacuation Pause)
[2025-11-08T00:31:49.426+0000][gc,task       ] GC(639) Using 2 workers of 2 for evacuation
[2025-11-08T00:31:49.436+0000][gc,phases     ] GC(639)   Pre Evacuate Collection Set: 0.0ms
[2025-11-08T00:31:49.437+0000][gc,phases     ] GC(639)   Evacuate Collection Set: 8.7ms
[2025-11-08T00:31:49.437+0000][gc,phases     ] GC(639)   Post Evacuate Collection Set: 0.9ms
[2025-11-08T00:31:49.438+0000][gc,phases     ] GC(639)   Other: 1.6ms
[2025-11-08T00:31:49.438+0000][gc,heap       ] GC(639) Eden regions: 32->0(34)
[2025-11-08T00:31:49.438+0000][gc,heap       ] GC(639) Survivor regions: 2->3(5)
[2025-11-08T00:31:49.439+0000][gc,heap       ] GC(639) Old regions: 375->375
[2025-11-08T00:31:49.439+0000][gc,heap       ] GC(639) Humongous regions: 147->147
[2025-11-08T00:31:49.439+0000][gc,metaspace  ] GC(639) Metaspace: 53290K(56604K)->53290K(56604K) NonClass: 47387K(49232K)->47387K(49232K) Class: 5903K(7372K)->5903K(7372K)
[2025-11-08T00:31:49.440+0000][gc            ] GC(639) Pause Young (Normal) (G1 Evacuation Pause) 555M->524M(684M) 14.191ms
[2025-11-08T00:31:49.440+0000][gc,cpu        ] GC(639) User=0.02s Sys=0.00s Real=0.01s
[2025-11-08T00:31:58.306+0000][gc,start      ] GC(640) Pause Young (Normal) (G1 Evacuation Pause)
[2025-11-08T00:31:58.306+0000][gc,task       ] GC(640) Using 2 workers of 2 for evacuation
[2025-11-08T00:31:58.318+0000][gc,phases     ] GC(640)   Pre Evacuate Collection Set: 0.0ms
[2025-11-08T00:31:58.318+0000][gc,phases     ] GC(640)   Evacuate Collection Set: 10.1ms
[2025-11-08T00:31:58.318+0000][gc,phases     ] GC(640)   Post Evacuate Collection Set: 1.0ms
[2025-11-08T00:31:58.319+0000][gc,phases     ] GC(640)   Other: 1.1ms
[2025-11-08T00:31:58.319+0000][gc,heap       ] GC(640) Eden regions: 33->0(36)
[2025-11-08T00:31:58.320+0000][gc,heap       ] GC(640) Survivor regions: 3->3(5)
[2025-11-08T00:31:58.320+0000][gc,heap       ] GC(640) Old regions: 375->375
[2025-11-08T00:31:58.320+0000][gc,heap       ] GC(640) Humongous regions: 147->147
[2025-11-08T00:31:58.320+0000][gc,metaspace  ] GC(640) Metaspace: 53290K(56604K)->53290K(56604K) NonClass: 47387K(49232K)->47387K(49232K) Class: 5903K(7372K)->5903K(7372K)
[2025-11-08T00:31:58.321+0000][gc            ] GC(640) Pause Young (Normal) (G1 Evacuation Pause) 557M->524M(684M) 15.418ms
[2025-11-08T00:31:58.321+0000][gc,cpu        ] GC(640) User=0.02s Sys=0.00s Real=0.01s
[2025-11-08T00:32:07.186+0000][gc,start      ] GC(641) Pause Young (Normal) (G1 Evacuation Pause)
[2025-11-08T00:32:07.186+0000][gc,task       ] GC(641) Using 2 workers of 2 for evacuation
[2025-11-08T00:32:07.197+0000][gc,phases     ] GC(641)   Pre Evacuate Collection Set: 0.0ms
[2025-11-08T00:32:07.197+0000][gc,phases     ] GC(641)   Evacuate Collection Set: 9.4ms
[2025-11-08T00:32:07.198+0000][gc,phases     ] GC(641)   Post Evacuate Collection Set: 0.8ms
[2025-11-08T00:32:07.198+0000][gc,phases     ] GC(641)   Other: 0.8ms
[2025-11-08T00:32:07.198+0000][gc,heap       ] GC(641) Eden regions: 33->0(38)
[2025-11-08T00:32:07.198+0000][gc,heap       ] GC(641) Survivor regions: 3->3(5)
[2025-11-08T00:32:07.199+0000][gc,heap       ] GC(641) Old regions: 375->375
[2025-11-08T00:32:07.199+0000][gc,heap       ] GC(641) Humongous regions: 147->147
[2025-11-08T00:32:07.199+0000][gc,metaspace  ] GC(641) Metaspace: 53290K(56604K)->53290K(56604K) NonClass: 47387K(49232K)->47387K(49232K) Class: 5903K(7372K)->5903K(7372K)
[2025-11-08T00:32:07.199+0000][gc            ] GC(641) Pause Young (Normal) (G1 Evacuation Pause) 557M->524M(684M) 12.879ms
[2025-11-08T00:32:07.199+0000][gc,cpu        ] GC(641) User=0.02s Sys=0.00s Real=0.01s
[2025-11-08T00:32:16.575+0000][gc,start      ] GC(642) Pause Young (Normal) (G1 Evacuation Pause)
[2025-11-08T00:32:16.575+0000][gc,task       ] GC(642) Using 2 workers of 2 for evacuation
[2025-11-08T00:32:16.586+0000][gc,phases     ] GC(642)   Pre Evacuate Collection Set: 0.0ms
[2025-11-08T00:32:16.587+0000][gc,phases     ] GC(642)   Evacuate Collection Set: 10.1ms
[2025-11-08T00:32:16.587+0000][gc,phases     ] GC(642)   Post Evacuate Collection Set: 0.7ms
[2025-11-08T00:32:16.587+0000][gc,phases     ] GC(642)   Other: 0.7ms
[2025-11-08T00:32:16.587+0000][gc,heap       ] GC(642) Eden regions: 35->0(40)
[2025-11-08T00:32:16.587+0000][gc,heap       ] GC(642) Survivor regions: 3->3(5)
[2025-11-08T00:32:16.588+0000][gc,heap       ] GC(642) Old regions: 375->375
[2025-11-08T00:32:16.588+0000][gc,heap       ] GC(642) Humongous regions: 147->147
[2025-11-08T00:32:16.588+0000][gc,metaspace  ] GC(642) Metaspace: 53290K(56604K)->53290K(56604K) NonClass: 47387K(49232K)->47387K(49232K) Class: 5903K(7372K)->5903K(7372K)
[2025-11-08T00:32:16.588+0000][gc            ] GC(642) Pause Young (Normal) (G1 Evacuation Pause) 559M->524M(684M) 13.364ms
[2025-11-08T00:32:16.589+0000][gc,cpu        ] GC(642) User=0.02s Sys=0.00s Real=0.01s
[2025-11-08T00:32:25.872+0000][gc,start      ] GC(643) Pause Young (Normal) (G1 Evacuation Pause)
[2025-11-08T00:32:25.873+0000][gc,task       ] GC(643) Using 2 workers of 2 for evacuation
[2025-11-08T00:32:25.902+0000][gc,mmu        ] GC(643) MMU target violated: 21.0ms (20.0ms/21.0ms)
[2025-11-08T00:32:25.903+0000][gc,phases     ] GC(643)   Pre Evacuate Collection Set: 0.0ms
[2025-11-08T00:32:25.904+0000][gc,phases     ] GC(643)   Evacuate Collection Set: 25.6ms
[2025-11-08T00:32:25.905+0000][gc,phases     ] GC(643)   Post Evacuate Collection Set: 0.9ms
[2025-11-08T00:32:25.905+0000][gc,phases     ] GC(643)   Other: 5.0ms
[2025-11-08T00:32:25.906+0000][gc,heap       ] GC(643) Eden regions: 35->0(33)
[2025-11-08T00:32:25.906+0000][gc,heap       ] GC(643) Survivor regions: 3->3(5)
[2025-11-08T00:32:25.906+0000][gc,heap       ] GC(643) Old regions: 375->376
[2025-11-08T00:32:25.906+0000][gc,heap       ] GC(643) Humongous regions: 147->147
[2025-11-08T00:32:25.907+0000][gc,metaspace  ] GC(643) Metaspace: 53290K(56604K)->53290K(56604K) NonClass: 47387K(49232K)->47387K(49232K) Class: 5903K(7372K)->5903K(7372K)
[2025-11-08T00:32:25.907+0000][gc            ] GC(643) Pause Young (Normal) (G1 Evacuation Pause) 559M->525M(684M) 35.401ms
[2025-11-08T00:32:25.908+0000][gc,cpu        ] GC(643) User=0.04s Sys=0.00s Real=0.03s
[2025-11-08T00:32:34.614+0000][gc,start      ] GC(644) Pause Young (Normal) (G1 Evacuation Pause)
[2025-11-08T00:32:34.614+0000][gc,task       ] GC(644) Using 2 workers of 2 for evacuation
[2025-11-08T00:32:34.636+0000][gc,mmu        ] GC(644) MMU target violated: 21.0ms (20.0ms/21.0ms)
[2025-11-08T00:32:34.636+0000][gc,phases     ] GC(644)   Pre Evacuate Collection Set: 0.0ms
[2025-11-08T00:32:34.637+0000][gc,phases     ] GC(644)   Evacuate Collection Set: 19.9ms
[2025-11-08T00:32:34.637+0000][gc,phases     ] GC(644)   Post Evacuate Collection Set: 0.8ms
[2025-11-08T00:32:34.637+0000][gc,phases     ] GC(644)   Other: 1.7ms
[2025-11-08T00:32:34.637+0000][gc,heap       ] GC(644) Eden regions: 31->0(32)
[2025-11-08T00:32:34.638+0000][gc,heap       ] GC(644) Survivor regions: 3->3(5)
[2025-11-08T00:32:34.638+0000][gc,heap       ] GC(644) Old regions: 376->376
[2025-11-08T00:32:34.639+0000][gc,heap       ] GC(644) Humongous regions: 147->147
[2025-11-08T00:32:34.639+0000][gc,metaspace  ] GC(644) Metaspace: 53290K(56604K)->53290K(56604K) NonClass: 47387K(49232K)->47387K(49232K) Class: 5903K(7372K)->5903K(7372K)
[2025-11-08T00:32:34.639+0000][gc            ] GC(644) Pause Young (Normal) (G1 Evacuation Pause) 556M->525M(684M) 25.388ms
[2025-11-08T00:32:34.640+0000][gc,cpu        ] GC(644) User=0.03s Sys=0.00s Real=0.02s
[2025-11-08T00:32:43.122+0000][gc,start      ] GC(645) Pause Young (Normal) (G1 Evacuation Pause)
[2025-11-08T00:32:43.122+0000][gc,task       ] GC(645) Using 2 workers of 2 for evacuation
[2025-11-08T00:32:43.140+0000][gc,phases     ] GC(645)   Pre Evacuate Collection Set: 0.0ms
[2025-11-08T00:32:43.141+0000][gc,phases     ] GC(645)   Evacuate Collection Set: 15.7ms
[2025-11-08T00:32:43.142+0000][gc,phases     ] GC(645)   Post Evacuate Collection Set: 1.0ms
[2025-11-08T00:32:43.142+0000][gc,phases     ] GC(645)   Other: 1.6ms
[2025-11-08T00:32:43.142+0000][gc,heap       ] GC(645) Eden regions: 31->0(32)
[2025-11-08T00:32:43.143+0000][gc,heap       ] GC(645) Survivor regions: 3->5(5)
[2025-11-08T00:32:43.143+0000][gc,heap       ] GC(645) Old regions: 376->376
[2025-11-08T00:32:43.143+0000][gc,heap       ] GC(645) Humongous regions: 147->147
[2025-11-08T00:32:43.144+0000][gc,metaspace  ] GC(645) Metaspace: 53290K(56604K)->53290K(56604K) NonClass: 47387K(49232K)->47387K(49232K) Class: 5903K(7372K)->5903K(7372K)
[2025-11-08T00:32:43.144+0000][gc            ] GC(645) Pause Young (Normal) (G1 Evacuation Pause) 556M->526M(684M) 22.101ms
[2025-11-08T00:32:43.144+0000][gc,cpu        ] GC(645) User=0.04s Sys=0.00s Real=0.02s
[2025-11-08T00:32:50.915+0000][gc,start      ] GC(646) Pause Young (Normal) (G1 Evacuation Pause)
[2025-11-08T00:32:50.916+0000][gc,task       ] GC(646) Using 2 workers of 2 for evacuation
[2025-11-08T00:32:50.960+0000][gc,mmu        ] GC(646) MMU target violated: 21.0ms (20.0ms/21.0ms)
[2025-11-08T00:32:50.960+0000][gc,phases     ] GC(646)   Pre Evacuate Collection Set: 0.0ms
[2025-11-08T00:32:50.961+0000][gc,phases     ] GC(646)   Evacuate Collection Set: 42.5ms
[2025-11-08T00:32:50.961+0000][gc,phases     ] GC(646)   Post Evacuate Collection Set: 0.9ms
[2025-11-08T00:32:50.961+0000][gc,phases     ] GC(646)   Other: 1.5ms
[2025-11-08T00:32:50.962+0000][gc,heap       ] GC(646) Eden regions: 29->0(31)
[2025-11-08T00:32:50.962+0000][gc,heap       ] GC(646) Survivor regions: 5->3(5)
[2025-11-08T00:32:50.962+0000][gc,heap       ] GC(646) Old regions: 376->378
[2025-11-08T00:32:50.963+0000][gc,heap       ] GC(646) Humongous regions: 147->147
[2025-11-08T00:32:50.963+0000][gc,metaspace  ] GC(646) Metaspace: 53290K(56604K)->53290K(56604K) NonClass: 47387K(49232K)->47387K(49232K) Class: 5903K(7372K)->5903K(7372K)
[2025-11-08T00:32:50.964+0000][gc            ] GC(646) Pause Young (Normal) (G1 Evacuation Pause) 555M->526M(684M) 48.355ms
[2025-11-08T00:32:50.964+0000][gc,cpu        ] GC(646) User=0.03s Sys=0.01s Real=0.05s
[2025-11-08T00:32:59.370+0000][gc,start      ] GC(647) Pause Young (Normal) (G1 Evacuation Pause)
[2025-11-08T00:32:59.371+0000][gc,task       ] GC(647) Using 2 workers of 2 for evacuation
[2025-11-08T00:32:59.379+0000][gc,phases     ] GC(647)   Pre Evacuate Collection Set: 0.0ms
[2025-11-08T00:32:59.379+0000][gc,phases     ] GC(647)   Evacuate Collection Set: 7.5ms
[2025-11-08T00:32:59.380+0000][gc,phases     ] GC(647)   Post Evacuate Collection Set: 0.7ms
[2025-11-08T00:32:59.380+0000][gc,phases     ] GC(647)   Other: 0.6ms
[2025-11-08T00:32:59.380+0000][gc,heap       ] GC(647) Eden regions: 31->0(32)
[2025-11-08T00:32:59.380+0000][gc,heap       ] GC(647) Survivor regions: 3->2(5)
[2025-11-08T00:32:59.381+0000][gc,heap       ] GC(647) Old regions: 378->378
[2025-11-08T00:32:59.381+0000][gc,heap       ] GC(647) Humongous regions: 147->147
[2025-11-08T00:32:59.381+0000][gc,metaspace  ] GC(647) Metaspace: 53290K(56604K)->53290K(56604K) NonClass: 47387K(49232K)->47387K(49232K) Class: 5903K(7372K)->5903K(7372K)
[2025-11-08T00:32:59.381+0000][gc            ] GC(647) Pause Young (Normal) (G1 Evacuation Pause) 557M->526M(684M) 10.690ms
[2025-11-08T00:32:59.381+0000][gc,cpu        ] GC(647) User=0.01s Sys=0.00s Real=0.01s
[2025-11-08T00:33:07.770+0000][gc,start      ] GC(648) Pause Young (Normal) (G1 Evacuation Pause)
[2025-11-08T00:33:07.770+0000][gc,task       ] GC(648) Using 2 workers of 2 for evacuation
[2025-11-08T00:33:07.780+0000][gc,phases     ] GC(648)   Pre Evacuate Collection Set: 0.0ms
[2025-11-08T00:33:07.780+0000][gc,phases     ] GC(648)   Evacuate Collection Set: 9.1ms
[2025-11-08T00:33:07.780+0000][gc,phases     ] GC(648)   Post Evacuate Collection Set: 0.7ms
[2025-11-08T00:33:07.781+0000][gc,phases     ] GC(648)   Other: 0.6ms
[2025-11-08T00:33:07.781+0000][gc,heap       ] GC(648) Eden regions: 32->0(32)
[2025-11-08T00:33:07.781+0000][gc,heap       ] GC(648) Survivor regions: 2->2(5)
[2025-11-08T00:33:07.781+0000][gc,heap       ] GC(648) Old regions: 378->378
[2025-11-08T00:33:07.782+0000][gc,heap       ] GC(648) Humongous regions: 147->147
[2025-11-08T00:33:07.782+0000][gc,metaspace  ] GC(648) Metaspace: 53290K(56604K)->53290K(56604K) NonClass: 47387K(49232K)->47387K(49232K) Class: 5903K(7372K)->5903K(7372K)
[2025-11-08T00:33:07.782+0000][gc            ] GC(648) Pause Young (Normal) (G1 Evacuation Pause) 558M->526M(684M) 12.299ms
[2025-11-08T00:33:07.782+0000][gc,cpu        ] GC(648) User=0.02s Sys=0.00s Real=0.02s
[2025-11-08T00:33:16.380+0000][gc,start      ] GC(649) Pause Young (Normal) (G1 Evacuation Pause)
[2025-11-08T00:33:16.380+0000][gc,task       ] GC(649) Using 2 workers of 2 for evacuation
[2025-11-08T00:33:16.390+0000][gc,phases     ] GC(649)   Pre Evacuate Collection Set: 0.0ms
[2025-11-08T00:33:16.391+0000][gc,phases     ] GC(649)   Evacuate Collection Set: 8.7ms
[2025-11-08T00:33:16.391+0000][gc,phases     ] GC(649)   Post Evacuate Collection Set: 1.0ms
[2025-11-08T00:33:16.391+0000][gc,phases     ] GC(649)   Other: 0.8ms
[2025-11-08T00:33:16.392+0000][gc,heap       ] GC(649) Eden regions: 32->0(33)
[2025-11-08T00:33:16.392+0000][gc,heap       ] GC(649) Survivor regions: 2->2(5)
[2025-11-08T00:33:16.392+0000][gc,heap       ] GC(649) Old regions: 378->378
[2025-11-08T00:33:16.392+0000][gc,heap       ] GC(649) Humongous regions: 147->147
[2025-11-08T00:33:16.393+0000][gc,metaspace  ] GC(649) Metaspace: 53290K(56604K)->53290K(56604K) NonClass: 47387K(49232K)->47387K(49232K) Class: 5903K(7372K)->5903K(7372K)
[2025-11-08T00:33:16.393+0000][gc            ] GC(649) Pause Young (Normal) (G1 Evacuation Pause) 558M->526M(684M) 12.776ms
[2025-11-08T00:33:16.393+0000][gc,cpu        ] GC(649) User=0.02s Sys=0.00s Real=0.02s
[2025-11-08T00:33:25.089+0000][gc,start      ] GC(650) Pause Young (Normal) (G1 Evacuation Pause)
[2025-11-08T00:33:25.090+0000][gc,task       ] GC(650) Using 2 workers of 2 for evacuation
[2025-11-08T00:33:25.099+0000][gc,phases     ] GC(650)   Pre Evacuate Collection Set: 0.0ms
[2025-11-08T00:33:25.099+0000][gc,phases     ] GC(650)   Evacuate Collection Set: 8.4ms
[2025-11-08T00:33:25.100+0000][gc,phases     ] GC(650)   Post Evacuate Collection Set: 0.6ms
[2025-11-08T00:33:25.100+0000][gc,phases     ] GC(650)   Other: 0.7ms
[2025-11-08T00:33:25.100+0000][gc,heap       ] GC(650) Eden regions: 33->0(35)
[2025-11-08T00:33:25.100+0000][gc,heap       ] GC(650) Survivor regions: 2->3(5)
[2025-11-08T00:33:25.100+0000][gc,heap       ] GC(650) Old regions: 378->378
[2025-11-08T00:33:25.100+0000][gc,heap       ] GC(650) Humongous regions: 147->147
[2025-11-08T00:33:25.101+0000][gc,metaspace  ] GC(650) Metaspace: 53290K(56604K)->53290K(56604K) NonClass: 47387K(49232K)->47387K(49232K) Class: 5903K(7372K)->5903K(7372K)
[2025-11-08T00:33:25.101+0000][gc            ] GC(650) Pause Young (Normal) (G1 Evacuation Pause) 559M->526M(684M) 11.393ms
[2025-11-08T00:33:25.101+0000][gc,cpu        ] GC(650) User=0.01s Sys=0.00s Real=0.02s
[2025-11-08T00:33:34.689+0000][gc,start      ] GC(651) Pause Young (Normal) (G1 Evacuation Pause)
[2025-11-08T00:33:34.689+0000][gc,task       ] GC(651) Using 2 workers of 2 for evacuation
[2025-11-08T00:33:34.700+0000][gc,phases     ] GC(651)   Pre Evacuate Collection Set: 0.0ms
[2025-11-08T00:33:34.700+0000][gc,phases     ] GC(651)   Evacuate Collection Set: 9.7ms
[2025-11-08T00:33:34.700+0000][gc,phases     ] GC(651)   Post Evacuate Collection Set: 0.7ms
[2025-11-08T00:33:34.700+0000][gc,phases     ] GC(651)   Other: 0.7ms
[2025-11-08T00:33:34.700+0000][gc,heap       ] GC(651) Eden regions: 35->0(36)
[2025-11-08T00:33:34.701+0000][gc,heap       ] GC(651) Survivor regions: 3->3(5)
[2025-11-08T00:33:34.701+0000][gc,heap       ] GC(651) Old regions: 378->378
[2025-11-08T00:33:34.701+0000][gc,heap       ] GC(651) Humongous regions: 147->147
[2025-11-08T00:33:34.701+0000][gc,metaspace  ] GC(651) Metaspace: 53290K(56604K)->53290K(56604K) NonClass: 47387K(49232K)->47387K(49232K) Class: 5903K(7372K)->5903K(7372K)
[2025-11-08T00:33:34.701+0000][gc            ] GC(651) Pause Young (Normal) (G1 Evacuation Pause) 561M->526M(684M) 12.944ms
[2025-11-08T00:33:34.702+0000][gc,cpu        ] GC(651) User=0.02s Sys=0.00s Real=0.02s
[2025-11-08T00:33:44.436+0000][gc,start      ] GC(652) Pause Young (Normal) (G1 Evacuation Pause)
[2025-11-08T00:33:44.436+0000][gc,task       ] GC(652) Using 2 workers of 2 for evacuation
[2025-11-08T00:33:44.447+0000][gc,phases     ] GC(652)   Pre Evacuate Collection Set: 0.0ms
[2025-11-08T00:33:44.447+0000][gc,phases     ] GC(652)   Evacuate Collection Set: 10.0ms
[2025-11-08T00:33:44.448+0000][gc,phases     ] GC(652)   Post Evacuate Collection Set: 0.8ms
[2025-11-08T00:33:44.448+0000][gc,phases     ] GC(652)   Other: 0.6ms
[2025-11-08T00:33:44.448+0000][gc,heap       ] GC(652) Eden regions: 36->0(37)
[2025-11-08T00:33:44.448+0000][gc,heap       ] GC(652) Survivor regions: 3->3(5)
[2025-11-08T00:33:44.448+0000][gc,heap       ] GC(652) Old regions: 378->378
[2025-11-08T00:33:44.449+0000][gc,heap       ] GC(652) Humongous regions: 147->147
[2025-11-08T00:33:44.449+0000][gc,metaspace  ] GC(652) Metaspace: 53290K(56604K)->53290K(56604K) NonClass: 47387K(49232K)->47387K(49232K) Class: 5903K(7372K)->5903K(7372K)
[2025-11-08T00:33:44.449+0000][gc            ] GC(652) Pause Young (Normal) (G1 Evacuation Pause) 562M->527M(684M) 13.654ms
[2025-11-08T00:33:44.449+0000][gc,cpu        ] GC(652) User=0.02s Sys=0.00s Real=0.01s
[2025-11-08T00:33:54.501+0000][gc,start      ] GC(653) Pause Young (Normal) (G1 Evacuation Pause)
[2025-11-08T00:33:54.502+0000][gc,task       ] GC(653) Using 2 workers of 2 for evacuation
[2025-11-08T00:33:54.524+0000][gc,mmu        ] GC(653) MMU target violated: 21.0ms (20.0ms/21.0ms)
[2025-11-08T00:33:54.524+0000][gc,phases     ] GC(653)   Pre Evacuate Collection Set: 0.0ms
[2025-11-08T00:33:54.524+0000][gc,phases     ] GC(653)   Evacuate Collection Set: 21.3ms
[2025-11-08T00:33:54.525+0000][gc,phases     ] GC(653)   Post Evacuate Collection Set: 0.6ms
[2025-11-08T00:33:54.525+0000][gc,phases     ] GC(653)   Other: 1.1ms
[2025-11-08T00:33:54.525+0000][gc,heap       ] GC(653) Eden regions: 37->0(36)
[2025-11-08T00:33:54.527+0000][gc,heap       ] GC(653) Survivor regions: 3->4(5)
[2025-11-08T00:33:54.527+0000][gc,heap       ] GC(653) Old regions: 378->378
[2025-11-08T00:33:54.527+0000][gc,heap       ] GC(653) Humongous regions: 147->147
[2025-11-08T00:33:54.527+0000][gc,metaspace  ] GC(653) Metaspace: 53290K(56604K)->53290K(56604K) NonClass: 47387K(49232K)->47387K(49232K) Class: 5903K(7372K)->5903K(7372K)
[2025-11-08T00:33:54.527+0000][gc            ] GC(653) Pause Young (Normal) (G1 Evacuation Pause) 564M->528M(684M) 25.925ms
[2025-11-08T00:33:54.527+0000][gc,cpu        ] GC(653) User=0.03s Sys=0.00s Real=0.02s
[2025-11-08T00:34:03.490+0000][gc,start      ] GC(654) Pause Young (Normal) (G1 Evacuation Pause)
[2025-11-08T00:34:03.490+0000][gc,task       ] GC(654) Using 2 workers of 2 for evacuation
[2025-11-08T00:34:03.509+0000][gc,phases     ] GC(654)   Pre Evacuate Collection Set: 0.0ms
[2025-11-08T00:34:03.509+0000][gc,phases     ] GC(654)   Evacuate Collection Set: 17.4ms
[2025-11-08T00:34:03.509+0000][gc,phases     ] GC(654)   Post Evacuate Collection Set: 0.7ms
[2025-11-08T00:34:03.510+0000][gc,phases     ] GC(654)   Other: 1.2ms
[2025-11-08T00:34:03.510+0000][gc,heap       ] GC(654) Eden regions: 34->0(35)
[2025-11-08T00:34:03.510+0000][gc,heap       ] GC(654) Survivor regions: 4->3(5)
[2025-11-08T00:34:03.510+0000][gc,heap       ] GC(654) Old regions: 378->379
[2025-11-08T00:34:03.510+0000][gc,heap       ] GC(654) Humongous regions: 147->147
[2025-11-08T00:34:03.510+0000][gc,metaspace  ] GC(654) Metaspace: 53290K(56604K)->53290K(56604K) NonClass: 47387K(49232K)->47387K(49232K) Class: 5903K(7372K)->5903K(7372K)
[2025-11-08T00:34:03.511+0000][gc            ] GC(654) Pause Young (Normal) (G1 Evacuation Pause) 562M->528M(684M) 20.838ms
[2025-11-08T00:34:03.511+0000][gc,cpu        ] GC(654) User=0.03s Sys=0.00s Real=0.02s
[2025-11-08T00:34:12.917+0000][gc,start      ] GC(655) Pause Young (Normal) (G1 Evacuation Pause)
[2025-11-08T00:34:12.917+0000][gc,task       ] GC(655) Using 2 workers of 2 for evacuation
[2025-11-08T00:34:12.934+0000][gc,phases     ] GC(655)   Pre Evacuate Collection Set: 0.0ms
[2025-11-08T00:34:12.935+0000][gc,phases     ] GC(655)   Evacuate Collection Set: 14.9ms
[2025-11-08T00:34:12.935+0000][gc,phases     ] GC(655)   Post Evacuate Collection Set: 0.9ms
[2025-11-08T00:34:12.935+0000][gc,phases     ] GC(655)   Other: 1.2ms
[2025-11-08T00:34:12.935+0000][gc,heap       ] GC(655) Eden regions: 35->0(35)
[2025-11-08T00:34:12.935+0000][gc,heap       ] GC(655) Survivor regions: 3->3(5)
[2025-11-08T00:34:12.936+0000][gc,heap       ] GC(655) Old regions: 379->379
[2025-11-08T00:34:12.936+0000][gc,heap       ] GC(655) Humongous regions: 147->147
[2025-11-08T00:34:12.936+0000][gc,metaspace  ] GC(655) Metaspace: 53290K(56604K)->53290K(56604K) NonClass: 47387K(49232K)->47387K(49232K) Class: 5903K(7372K)->5903K(7372K)
[2025-11-08T00:34:12.936+0000][gc            ] GC(655) Pause Young (Normal) (G1 Evacuation Pause) 563M->528M(684M) 19.231ms
[2025-11-08T00:34:12.937+0000][gc,cpu        ] GC(655) User=0.03s Sys=0.00s Real=0.02s
[2025-11-08T00:34:20.926+0000][gc,start      ] GC(656) Pause Young (Normal) (G1 Evacuation Pause)
[2025-11-08T00:34:20.927+0000][gc,task       ] GC(656) Using 2 workers of 2 for evacuation
[2025-11-08T00:34:20.943+0000][gc,phases     ] GC(656)   Pre Evacuate Collection Set: 0.0ms
[2025-11-08T00:34:20.943+0000][gc,phases     ] GC(656)   Evacuate Collection Set: 14.8ms
[2025-11-08T00:34:20.943+0000][gc,phases     ] GC(656)   Post Evacuate Collection Set: 0.5ms
[2025-11-08T00:34:20.943+0000][gc,phases     ] GC(656)   Other: 1.3ms
[2025-11-08T00:34:20.943+0000][gc,heap       ] GC(656) Eden regions: 31->0(34)
[2025-11-08T00:34:20.944+0000][gc,heap       ] GC(656) Survivor regions: 3->3(5)
[2025-11-08T00:34:20.944+0000][gc,heap       ] GC(656) Old regions: 379->380
[2025-11-08T00:34:20.944+0000][gc,heap       ] GC(656) Humongous regions: 147->147
[2025-11-08T00:34:20.944+0000][gc,metaspace  ] GC(656) Metaspace: 53290K(56604K)->53290K(56604K) NonClass: 47387K(49232K)->47387K(49232K) Class: 5903K(7372K)->5903K(7372K)
[2025-11-08T00:34:20.944+0000][gc            ] GC(656) Pause Young (Normal) (G1 Evacuation Pause) 559M->528M(684M) 17.935ms
[2025-11-08T00:34:20.944+0000][gc,cpu        ] GC(656) User=0.03s Sys=0.00s Real=0.02s
[2025-11-08T00:34:29.722+0000][gc,start      ] GC(657) Pause Young (Normal) (G1 Evacuation Pause)
[2025-11-08T00:34:29.722+0000][gc,task       ] GC(657) Using 2 workers of 2 for evacuation
[2025-11-08T00:34:29.732+0000][gc,phases     ] GC(657)   Pre Evacuate Collection Set: 0.0ms
[2025-11-08T00:34:29.732+0000][gc,phases     ] GC(657)   Evacuate Collection Set: 8.9ms
[2025-11-08T00:34:29.732+0000][gc,phases     ] GC(657)   Post Evacuate Collection Set: 0.7ms
[2025-11-08T00:34:29.732+0000][gc,phases     ] GC(657)   Other: 0.7ms
[2025-11-08T00:34:29.733+0000][gc,heap       ] GC(657) Eden regions: 34->0(36)
[2025-11-08T00:34:29.733+0000][gc,heap       ] GC(657) Survivor regions: 3->3(5)
[2025-11-08T00:34:29.733+0000][gc,heap       ] GC(657) Old regions: 380->380
[2025-11-08T00:34:29.733+0000][gc,heap       ] GC(657) Humongous regions: 147->147
[2025-11-08T00:34:29.733+0000][gc,metaspace  ] GC(657) Metaspace: 53290K(56604K)->53290K(56604K) NonClass: 47387K(49232K)->47387K(49232K) Class: 5903K(7372K)->5903K(7372K)
[2025-11-08T00:34:29.734+0000][gc            ] GC(657) Pause Young (Normal) (G1 Evacuation Pause) 562M->528M(684M) 12.095ms
[2025-11-08T00:34:29.734+0000][gc,cpu        ] GC(657) User=0.02s Sys=0.00s Real=0.01s
[2025-11-08T00:34:38.528+0000][gc,start      ] GC(658) Pause Young (Normal) (G1 Evacuation Pause)
[2025-11-08T00:34:38.528+0000][gc,task       ] GC(658) Using 2 workers of 2 for evacuation
[2025-11-08T00:34:38.537+0000][gc,phases     ] GC(658)   Pre Evacuate Collection Set: 0.0ms
[2025-11-08T00:34:38.537+0000][gc,phases     ] GC(658)   Evacuate Collection Set: 8.1ms
[2025-11-08T00:34:38.537+0000][gc,phases     ] GC(658)   Post Evacuate Collection Set: 0.5ms
[2025-11-08T00:34:38.537+0000][gc,phases     ] GC(658)   Other: 0.7ms
[2025-11-08T00:34:38.537+0000][gc,heap       ] GC(658) Eden regions: 33->0(37)
[2025-11-08T00:34:38.538+0000][gc,heap       ] GC(658) Survivor regions: 3->3(5)
[2025-11-08T00:34:38.538+0000][gc,heap       ] GC(658) Old regions: 380->380
[2025-11-08T00:34:38.538+0000][gc,heap       ] GC(658) Humongous regions: 147->147
[2025-11-08T00:34:38.538+0000][gc,metaspace  ] GC(658) Metaspace: 53290K(56604K)->53290K(56604K) NonClass: 47387K(49232K)->47387K(49232K) Class: 5903K(7372K)->5903K(7372K)
[2025-11-08T00:34:38.538+0000][gc            ] GC(658) Pause Young (Normal) (G1 Evacuation Pause) 561M->529M(684M) 10.626ms
[2025-11-08T00:34:38.538+0000][gc,cpu        ] GC(658) User=0.02s Sys=0.00s Real=0.01s
[2025-11-08T00:34:47.910+0000][gc,start      ] GC(659) Pause Young (Normal) (G1 Evacuation Pause)
[2025-11-08T00:34:47.911+0000][gc,task       ] GC(659) Using 2 workers of 2 for evacuation
[2025-11-08T00:34:47.930+0000][gc,phases     ] GC(659)   Pre Evacuate Collection Set: 0.0ms
[2025-11-08T00:34:47.931+0000][gc,phases     ] GC(659)   Evacuate Collection Set: 18.5ms
[2025-11-08T00:34:47.931+0000][gc,phases     ] GC(659)   Post Evacuate Collection Set: 0.8ms
[2025-11-08T00:34:47.932+0000][gc,phases     ] GC(659)   Other: 1.0ms
[2025-11-08T00:34:47.932+0000][gc,heap       ] GC(659) Eden regions: 35->0(36)
[2025-11-08T00:34:47.932+0000][gc,heap       ] GC(659) Survivor regions: 3->3(5)
[2025-11-08T00:34:47.933+0000][gc,heap       ] GC(659) Old regions: 380->380
[2025-11-08T00:34:47.933+0000][gc,heap       ] GC(659) Humongous regions: 147->147
[2025-11-08T00:34:47.933+0000][gc,metaspace  ] GC(659) Metaspace: 53290K(56604K)->53290K(56604K) NonClass: 47387K(49232K)->47387K(49232K) Class: 5903K(7372K)->5903K(7372K)
[2025-11-08T00:34:47.934+0000][gc            ] GC(659) Pause Young (Normal) (G1 Evacuation Pause) 564M->529M(684M) 23.470ms
[2025-11-08T00:34:47.934+0000][gc,cpu        ] GC(659) User=0.03s Sys=0.00s Real=0.03s
[2025-11-08T00:34:56.736+0000][gc,start      ] GC(660) Pause Young (Normal) (G1 Evacuation Pause)
[2025-11-08T00:34:56.737+0000][gc,task       ] GC(660) Using 2 workers of 2 for evacuation
[2025-11-08T00:34:56.754+0000][gc,phases     ] GC(660)   Pre Evacuate Collection Set: 0.0ms
[2025-11-08T00:34:56.754+0000][gc,phases     ] GC(660)   Evacuate Collection Set: 15.7ms
[2025-11-08T00:34:56.755+0000][gc,phases     ] GC(660)   Post Evacuate Collection Set: 0.9ms
[2025-11-08T00:34:56.755+0000][gc,phases     ] GC(660)   Other: 1.3ms
[2025-11-08T00:34:56.755+0000][gc,heap       ] GC(660) Eden regions: 33->0(35)
[2025-11-08T00:34:56.755+0000][gc,heap       ] GC(660) Survivor regions: 3->3(5)
[2025-11-08T00:34:56.755+0000][gc,heap       ] GC(660) Old regions: 380->380
[2025-11-08T00:34:56.756+0000][gc,heap       ] GC(660) Humongous regions: 147->147
[2025-11-08T00:34:56.756+0000][gc,metaspace  ] GC(660) Metaspace: 53290K(56604K)->53290K(56604K) NonClass: 47387K(49232K)->47387K(49232K) Class: 5903K(7372K)->5903K(7372K)
[2025-11-08T00:34:56.756+0000][gc            ] GC(660) Pause Young (Normal) (G1 Evacuation Pause) 562M->529M(684M) 19.664ms
[2025-11-08T00:34:56.757+0000][gc,cpu        ] GC(660) User=0.03s Sys=0.00s Real=0.02s
[2025-11-08T00:35:05.270+0000][gc,start      ] GC(661) Pause Young (Normal) (G1 Evacuation Pause)
[2025-11-08T00:35:05.270+0000][gc,task       ] GC(661) Using 2 workers of 2 for evacuation
[2025-11-08T00:35:05.285+0000][gc,phases     ] GC(661)   Pre Evacuate Collection Set: 0.0ms
[2025-11-08T00:35:05.285+0000][gc,phases     ] GC(661)   Evacuate Collection Set: 13.8ms
[2025-11-08T00:35:05.285+0000][gc,phases     ] GC(661)   Post Evacuate Collection Set: 0.7ms
[2025-11-08T00:35:05.286+0000][gc,phases     ] GC(661)   Other: 0.8ms
[2025-11-08T00:35:05.286+0000][gc,heap       ] GC(661) Eden regions: 32->0(34)
[2025-11-08T00:35:05.286+0000][gc,heap       ] GC(661) Survivor regions: 3->3(5)
[2025-11-08T00:35:05.286+0000][gc,heap       ] GC(661) Old regions: 380->381
[2025-11-08T00:35:05.287+0000][gc,heap       ] GC(661) Humongous regions: 147->147
[2025-11-08T00:35:05.287+0000][gc,metaspace  ] GC(661) Metaspace: 53290K(56604K)->53290K(56604K) NonClass: 47387K(49232K)->47387K(49232K) Class: 5903K(7372K)->5903K(7372K)
[2025-11-08T00:35:05.287+0000][gc            ] GC(661) Pause Young (Normal) (G1 Evacuation Pause) 561M->529M(684M) 17.394ms
[2025-11-08T00:35:05.287+0000][gc,cpu        ] GC(661) User=0.03s Sys=0.00s Real=0.02s
[2025-11-08T00:35:14.182+0000][gc,start      ] GC(662) Pause Young (Normal) (G1 Evacuation Pause)
[2025-11-08T00:35:14.182+0000][gc,task       ] GC(662) Using 2 workers of 2 for evacuation
[2025-11-08T00:35:14.196+0000][gc,phases     ] GC(662)   Pre Evacuate Collection Set: 0.0ms
[2025-11-08T00:35:14.197+0000][gc,phases     ] GC(662)   Evacuate Collection Set: 11.8ms
[2025-11-08T00:35:14.199+0000][gc,phases     ] GC(662)   Post Evacuate Collection Set: 0.8ms
[2025-11-08T00:35:14.199+0000][gc,phases     ] GC(662)   Other: 0.9ms
[2025-11-08T00:35:14.200+0000][gc,heap       ] GC(662) Eden regions: 34->0(35)
[2025-11-08T00:35:14.200+0000][gc,heap       ] GC(662) Survivor regions: 3->3(5)
[2025-11-08T00:35:14.201+0000][gc,heap       ] GC(662) Old regions: 381->381
[2025-11-08T00:35:14.201+0000][gc,heap       ] GC(662) Humongous regions: 147->147
[2025-11-08T00:35:14.201+0000][gc,metaspace  ] GC(662) Metaspace: 53290K(56604K)->53290K(56604K) NonClass: 47387K(49232K)->47387K(49232K) Class: 5903K(7372K)->5903K(7372K)
[2025-11-08T00:35:14.201+0000][gc            ] GC(662) Pause Young (Normal) (G1 Evacuation Pause) 563M->530M(684M) 19.175ms
[2025-11-08T00:35:14.202+0000][gc,cpu        ] GC(662) User=0.02s Sys=0.00s Real=0.01s
[2025-11-08T00:35:22.928+0000][gc,start      ] GC(663) Pause Young (Normal) (G1 Evacuation Pause)
[2025-11-08T00:35:22.928+0000][gc,task       ] GC(663) Using 2 workers of 2 for evacuation
[2025-11-08T00:35:22.950+0000][gc,mmu        ] GC(663) MMU target violated: 21.0ms (20.0ms/21.0ms)
[2025-11-08T00:35:22.951+0000][gc,phases     ] GC(663)   Pre Evacuate Collection Set: 0.0ms
[2025-11-08T00:35:22.952+0000][gc,phases     ] GC(663)   Evacuate Collection Set: 20.7ms
[2025-11-08T00:35:22.952+0000][gc,phases     ] GC(663)   Post Evacuate Collection Set: 1.2ms
[2025-11-08T00:35:22.952+0000][gc,phases     ] GC(663)   Other: 1.5ms
[2025-11-08T00:35:22.953+0000][gc,heap       ] GC(663) Eden regions: 33->0(33)
[2025-11-08T00:35:22.953+0000][gc,heap       ] GC(663) Survivor regions: 3->3(5)
[2025-11-08T00:35:22.953+0000][gc,heap       ] GC(663) Old regions: 381->381
[2025-11-08T00:35:22.954+0000][gc,heap       ] GC(663) Humongous regions: 147->147
[2025-11-08T00:35:22.954+0000][gc,metaspace  ] GC(663) Metaspace: 53290K(56604K)->53290K(56604K) NonClass: 47387K(49232K)->47387K(49232K) Class: 5903K(7372K)->5903K(7372K)
[2025-11-08T00:35:22.954+0000][gc            ] GC(663) Pause Young (Normal) (G1 Evacuation Pause) 563M->530M(684M) 26.726ms
[2025-11-08T00:35:22.955+0000][gc,cpu        ] GC(663) User=0.03s Sys=0.00s Real=0.03s
[2025-11-08T00:35:31.017+0000][gc,start      ] GC(664) Pause Young (Normal) (G1 Evacuation Pause)
[2025-11-08T00:35:31.018+0000][gc,task       ] GC(664) Using 2 workers of 2 for evacuation
[2025-11-08T00:35:31.036+0000][gc,phases     ] GC(664)   Pre Evacuate Collection Set: 0.1ms
[2025-11-08T00:35:31.037+0000][gc,phases     ] GC(664)   Evacuate Collection Set: 16.6ms
[2025-11-08T00:35:31.037+0000][gc,phases     ] GC(664)   Post Evacuate Collection Set: 0.7ms
[2025-11-08T00:35:31.037+0000][gc,phases     ] GC(664)   Other: 2.5ms
[2025-11-08T00:35:31.037+0000][gc,heap       ] GC(664) Eden regions: 31->0(33)
[2025-11-08T00:35:31.038+0000][gc,heap       ] GC(664) Survivor regions: 3->5(5)
[2025-11-08T00:35:31.038+0000][gc,heap       ] GC(664) Old regions: 381->381
[2025-11-08T00:35:31.038+0000][gc,heap       ] GC(664) Humongous regions: 147->147
[2025-11-08T00:35:31.038+0000][gc,metaspace  ] GC(664) Metaspace: 53290K(56604K)->53290K(56604K) NonClass: 47387K(49232K)->47387K(49232K) Class: 5903K(7372K)->5903K(7372K)
[2025-11-08T00:35:31.038+0000][gc            ] GC(664) Pause Young (Normal) (G1 Evacuation Pause) 561M->531M(684M) 21.423ms
[2025-11-08T00:35:31.039+0000][gc,cpu        ] GC(664) User=0.03s Sys=0.00s Real=0.02s
[2025-11-08T00:35:39.358+0000][gc,start      ] GC(665) Pause Young (Normal) (G1 Evacuation Pause)
[2025-11-08T00:35:39.358+0000][gc,task       ] GC(665) Using 2 workers of 2 for evacuation
[2025-11-08T00:35:39.411+0000][gc,mmu        ] GC(665) MMU target violated: 21.0ms (20.0ms/21.0ms)
[2025-11-08T00:35:39.412+0000][gc,phases     ] GC(665)   Pre Evacuate Collection Set: 0.0ms
[2025-11-08T00:35:39.412+0000][gc,phases     ] GC(665)   Evacuate Collection Set: 50.5ms
[2025-11-08T00:35:39.413+0000][gc,phases     ] GC(665)   Post Evacuate Collection Set: 1.1ms
[2025-11-08T00:35:39.413+0000][gc,phases     ] GC(665)   Other: 2.1ms
[2025-11-08T00:35:39.413+0000][gc,heap       ] GC(665) Eden regions: 30->0(31)
[2025-11-08T00:35:39.414+0000][gc,heap       ] GC(665) Survivor regions: 5->3(5)
[2025-11-08T00:35:39.414+0000][gc,heap       ] GC(665) Old regions: 381->383
[2025-11-08T00:35:39.414+0000][gc,heap       ] GC(665) Humongous regions: 147->147
[2025-11-08T00:35:39.415+0000][gc,metaspace  ] GC(665) Metaspace: 53290K(56604K)->53290K(56604K) NonClass: 47387K(49232K)->47387K(49232K) Class: 5903K(7372K)->5903K(7372K)
[2025-11-08T00:35:39.415+0000][gc            ] GC(665) Pause Young (Normal) (G1 Evacuation Pause) 561M->532M(684M) 56.921ms
[2025-11-08T00:35:39.415+0000][gc,cpu        ] GC(665) User=0.05s Sys=0.01s Real=0.06s
[2025-11-08T00:35:47.767+0000][gc,start      ] GC(666) Pause Young (Normal) (G1 Evacuation Pause)
[2025-11-08T00:35:47.768+0000][gc,task       ] GC(666) Using 2 workers of 2 for evacuation
[2025-11-08T00:35:47.781+0000][gc,phases     ] GC(666)   Pre Evacuate Collection Set: 0.0ms
[2025-11-08T00:35:47.781+0000][gc,phases     ] GC(666)   Evacuate Collection Set: 10.8ms
[2025-11-08T00:35:47.781+0000][gc,phases     ] GC(666)   Post Evacuate Collection Set: 1.4ms
[2025-11-08T00:35:47.782+0000][gc,phases     ] GC(666)   Other: 1.2ms
[2025-11-08T00:35:47.782+0000][gc,heap       ] GC(666) Eden regions: 31->0(31)
[2025-11-08T00:35:47.783+0000][gc,heap       ] GC(666) Survivor regions: 3->3(5)
[2025-11-08T00:35:47.783+0000][gc,heap       ] GC(666) Old regions: 383->383
[2025-11-08T00:35:47.783+0000][gc,heap       ] GC(666) Humongous regions: 147->147
[2025-11-08T00:35:47.784+0000][gc,metaspace  ] GC(666) Metaspace: 53290K(56604K)->53290K(56604K) NonClass: 47387K(49232K)->47387K(49232K) Class: 5903K(7372K)->5903K(7372K)
[2025-11-08T00:35:47.784+0000][gc            ] GC(666) Pause Young (Normal) (G1 Evacuation Pause) 563M->531M(684M) 16.701ms
[2025-11-08T00:35:47.784+0000][gc,cpu        ] GC(666) User=0.03s Sys=0.00s Real=0.02s
[2025-11-08T00:35:56.443+0000][gc,start      ] GC(667) Pause Young (Normal) (G1 Evacuation Pause)
[2025-11-08T00:35:56.444+0000][gc,task       ] GC(667) Using 2 workers of 2 for evacuation
[2025-11-08T00:35:56.454+0000][gc,phases     ] GC(667)   Pre Evacuate Collection Set: 0.0ms
[2025-11-08T00:35:56.454+0000][gc,phases     ] GC(667)   Evacuate Collection Set: 9.1ms
[2025-11-08T00:35:56.455+0000][gc,phases     ] GC(667)   Post Evacuate Collection Set: 0.8ms
[2025-11-08T00:35:56.455+0000][gc,phases     ] GC(667)   Other: 0.9ms
[2025-11-08T00:35:56.455+0000][gc,heap       ] GC(667) Eden regions: 31->0(32)
[2025-11-08T00:35:56.456+0000][gc,heap       ] GC(667) Survivor regions: 3->2(5)
[2025-11-08T00:35:56.456+0000][gc,heap       ] GC(667) Old regions: 383->383
[2025-11-08T00:35:56.456+0000][gc,heap       ] GC(667) Humongous regions: 147->147
[2025-11-08T00:35:56.456+0000][gc,metaspace  ] GC(667) Metaspace: 53290K(56604K)->53290K(56604K) NonClass: 47387K(49232K)->47387K(49232K) Class: 5903K(7372K)->5903K(7372K)
[2025-11-08T00:35:56.457+0000][gc            ] GC(667) Pause Young (Normal) (G1 Evacuation Pause) 562M->531M(684M) 13.330ms
[2025-11-08T00:35:56.457+0000][gc,cpu        ] GC(667) User=0.02s Sys=0.00s Real=0.01s
[2025-11-08T00:36:05.089+0000][gc,start      ] GC(668) Pause Young (Normal) (G1 Evacuation Pause)
[2025-11-08T00:36:05.089+0000][gc,task       ] GC(668) Using 2 workers of 2 for evacuation
[2025-11-08T00:36:05.098+0000][gc,phases     ] GC(668)   Pre Evacuate Collection Set: 0.0ms
[2025-11-08T00:36:05.098+0000][gc,phases     ] GC(668)   Evacuate Collection Set: 7.7ms
[2025-11-08T00:36:05.099+0000][gc,phases     ] GC(668)   Post Evacuate Collection Set: 0.6ms
[2025-11-08T00:36:05.099+0000][gc,phases     ] GC(668)   Other: 0.7ms
[2025-11-08T00:36:05.099+0000][gc,heap       ] GC(668) Eden regions: 32->0(33)
[2025-11-08T00:36:05.099+0000][gc,heap       ] GC(668) Survivor regions: 2->3(5)
[2025-11-08T00:36:05.099+0000][gc,heap       ] GC(668) Old regions: 383->383
[2025-11-08T00:36:05.099+0000][gc,heap       ] GC(668) Humongous regions: 147->147
[2025-11-08T00:36:05.100+0000][gc,metaspace  ] GC(668) Metaspace: 53290K(56604K)->53290K(56604K) NonClass: 47387K(49232K)->47387K(49232K) Class: 5903K(7372K)->5903K(7372K)
[2025-11-08T00:36:05.100+0000][gc            ] GC(668) Pause Young (Normal) (G1 Evacuation Pause) 563M->531M(684M) 10.780ms
[2025-11-08T00:36:05.100+0000][gc,cpu        ] GC(668) User=0.02s Sys=0.00s Real=0.01s
[2025-11-08T00:36:13.671+0000][gc,start      ] GC(669) Pause Young (Normal) (G1 Evacuation Pause)
[2025-11-08T00:36:13.672+0000][gc,task       ] GC(669) Using 2 workers of 2 for evacuation
[2025-11-08T00:36:13.680+0000][gc,phases     ] GC(669)   Pre Evacuate Collection Set: 0.0ms
[2025-11-08T00:36:13.680+0000][gc,phases     ] GC(669)   Evacuate Collection Set: 7.3ms
[2025-11-08T00:36:13.680+0000][gc,phases     ] GC(669)   Post Evacuate Collection Set: 0.6ms
[2025-11-08T00:36:13.680+0000][gc,phases     ] GC(669)   Other: 0.6ms
[2025-11-08T00:36:13.680+0000][gc,heap       ] GC(669) Eden regions: 33->0(36)
[2025-11-08T00:36:13.681+0000][gc,heap       ] GC(669) Survivor regions: 3->3(5)
[2025-11-08T00:36:13.681+0000][gc,heap       ] GC(669) Old regions: 383->383
[2025-11-08T00:36:13.681+0000][gc,heap       ] GC(669) Humongous regions: 147->147
[2025-11-08T00:36:13.681+0000][gc,metaspace  ] GC(669) Metaspace: 53290K(56604K)->53290K(56604K) NonClass: 47387K(49232K)->47387K(49232K) Class: 5903K(7372K)->5903K(7372K)
[2025-11-08T00:36:13.681+0000][gc            ] GC(669) Pause Young (Normal) (G1 Evacuation Pause) 564M->531M(684M) 9.957ms
[2025-11-08T00:36:13.681+0000][gc,cpu        ] GC(669) User=0.02s Sys=0.00s Real=0.02s
[2025-11-08T00:36:23.004+0000][gc,start      ] GC(670) Pause Young (Normal) (G1 Evacuation Pause)
[2025-11-08T00:36:23.004+0000][gc,task       ] GC(670) Using 2 workers of 2 for evacuation
[2025-11-08T00:36:23.015+0000][gc,phases     ] GC(670)   Pre Evacuate Collection Set: 0.0ms
[2025-11-08T00:36:23.015+0000][gc,phases     ] GC(670)   Evacuate Collection Set: 9.5ms
[2025-11-08T00:36:23.015+0000][gc,phases     ] GC(670)   Post Evacuate Collection Set: 0.8ms
[2025-11-08T00:36:23.016+0000][gc,phases     ] GC(670)   Other: 0.8ms
[2025-11-08T00:36:23.016+0000][gc,heap       ] GC(670) Eden regions: 36->0(38)
[2025-11-08T00:36:23.016+0000][gc,heap       ] GC(670) Survivor regions: 3->3(5)
[2025-11-08T00:36:23.016+0000][gc,heap       ] GC(670) Old regions: 383->383
[2025-11-08T00:36:23.016+0000][gc,heap       ] GC(670) Humongous regions: 147->147
[2025-11-08T00:36:23.017+0000][gc,metaspace  ] GC(670) Metaspace: 53290K(56604K)->53290K(56604K) NonClass: 47387K(49232K)->47387K(49232K) Class: 5903K(7372K)->5903K(7372K)
[2025-11-08T00:36:23.017+0000][gc            ] GC(670) Pause Young (Normal) (G1 Evacuation Pause) 567M->532M(684M) 13.480ms
[2025-11-08T00:36:23.017+0000][gc,cpu        ] GC(670) User=0.02s Sys=0.00s Real=0.01s
[2025-11-08T00:36:33.247+0000][gc,start      ] GC(671) Pause Young (Normal) (G1 Evacuation Pause)
[2025-11-08T00:36:33.248+0000][gc,task       ] GC(671) Using 2 workers of 2 for evacuation
[2025-11-08T00:36:33.272+0000][gc,mmu        ] GC(671) MMU target violated: 21.0ms (20.0ms/21.0ms)
[2025-11-08T00:36:33.272+0000][gc,phases     ] GC(671)   Pre Evacuate Collection Set: 0.0ms
[2025-11-08T00:36:33.274+0000][gc,phases     ] GC(671)   Evacuate Collection Set: 22.5ms
[2025-11-08T00:36:33.274+0000][gc,phases     ] GC(671)   Post Evacuate Collection Set: 0.8ms
[2025-11-08T00:36:33.274+0000][gc,phases     ] GC(671)   Other: 1.6ms
[2025-11-08T00:36:33.275+0000][gc,heap       ] GC(671) Eden regions: 38->0(35)
[2025-11-08T00:36:33.276+0000][gc,heap       ] GC(671) Survivor regions: 3->4(6)
[2025-11-08T00:36:33.276+0000][gc,heap       ] GC(671) Old regions: 383->383
[2025-11-08T00:36:33.277+0000][gc,heap       ] GC(671) Humongous regions: 147->147
[2025-11-08T00:36:33.277+0000][gc,metaspace  ] GC(671) Metaspace: 53290K(56604K)->53290K(56604K) NonClass: 47387K(49232K)->47387K(49232K) Class: 5903K(7372K)->5903K(7372K)
[2025-11-08T00:36:33.277+0000][gc            ] GC(671) Pause Young (Normal) (G1 Evacuation Pause) 570M->532M(684M) 29.754ms
[2025-11-08T00:36:33.278+0000][gc,cpu        ] GC(671) User=0.05s Sys=0.00s Real=0.03s
[2025-11-08T00:36:41.970+0000][gc,start      ] GC(672) Pause Young (Normal) (G1 Evacuation Pause)
[2025-11-08T00:36:41.970+0000][gc,task       ] GC(672) Using 2 workers of 2 for evacuation
[2025-11-08T00:36:42.014+0000][gc,mmu        ] GC(672) MMU target violated: 21.0ms (20.0ms/21.0ms)
[2025-11-08T00:36:42.014+0000][gc,phases     ] GC(672)   Pre Evacuate Collection Set: 0.0ms
[2025-11-08T00:36:42.014+0000][gc,phases     ] GC(672)   Evacuate Collection Set: 41.9ms
[2025-11-08T00:36:42.014+0000][gc,phases     ] GC(672)   Post Evacuate Collection Set: 0.8ms
[2025-11-08T00:36:42.015+0000][gc,phases     ] GC(672)   Other: 1.2ms
[2025-11-08T00:36:42.015+0000][gc,heap       ] GC(672) Eden regions: 32->0(31)
[2025-11-08T00:36:42.015+0000][gc,heap       ] GC(672) Survivor regions: 4->3(5)
[2025-11-08T00:36:42.016+0000][gc,heap       ] GC(672) Old regions: 383->384
[2025-11-08T00:36:42.016+0000][gc,heap       ] GC(672) Humongous regions: 147->147
[2025-11-08T00:36:42.016+0000][gc,metaspace  ] GC(672) Metaspace: 53290K(56604K)->53290K(56604K) NonClass: 47387K(49232K)->47387K(49232K) Class: 5903K(7372K)->5903K(7372K)
[2025-11-08T00:36:42.016+0000][gc            ] GC(672) Pause Young (Normal) (G1 Evacuation Pause) 564M->533M(684M) 46.313ms
[2025-11-08T00:36:42.017+0000][gc,cpu        ] GC(672) User=0.04s Sys=0.01s Real=0.05s
[2025-11-08T00:36:50.251+0000][gc,start      ] GC(673) Pause Young (Normal) (G1 Evacuation Pause)
[2025-11-08T00:36:50.251+0000][gc,task       ] GC(673) Using 2 workers of 2 for evacuation
[2025-11-08T00:36:50.262+0000][gc,phases     ] GC(673)   Pre Evacuate Collection Set: 0.0ms
[2025-11-08T00:36:50.262+0000][gc,phases     ] GC(673)   Evacuate Collection Set: 9.7ms
[2025-11-08T00:36:50.262+0000][gc,phases     ] GC(673)   Post Evacuate Collection Set: 0.7ms
[2025-11-08T00:36:50.263+0000][gc,phases     ] GC(673)   Other: 0.7ms
[2025-11-08T00:36:50.263+0000][gc,heap       ] GC(673) Eden regions: 31->0(31)
[2025-11-08T00:36:50.263+0000][gc,heap       ] GC(673) Survivor regions: 3->3(5)
[2025-11-08T00:36:50.263+0000][gc,heap       ] GC(673) Old regions: 384->384
[2025-11-08T00:36:50.263+0000][gc,heap       ] GC(673) Humongous regions: 147->147
[2025-11-08T00:36:50.263+0000][gc,metaspace  ] GC(673) Metaspace: 53290K(56604K)->53290K(56604K) NonClass: 47387K(49232K)->47387K(49232K) Class: 5903K(7372K)->5903K(7372K)
[2025-11-08T00:36:50.264+0000][gc            ] GC(673) Pause Young (Normal) (G1 Evacuation Pause) 564M->532M(684M) 12.761ms
[2025-11-08T00:36:50.264+0000][gc,cpu        ] GC(673) User=0.02s Sys=0.00s Real=0.01s
[2025-11-08T00:36:58.482+0000][gc,start      ] GC(674) Pause Young (Normal) (G1 Evacuation Pause)
[2025-11-08T00:36:58.482+0000][gc,task       ] GC(674) Using 2 workers of 2 for evacuation
[2025-11-08T00:36:58.493+0000][gc,phases     ] GC(674)   Pre Evacuate Collection Set: 0.0ms
[2025-11-08T00:36:58.493+0000][gc,phases     ] GC(674)   Evacuate Collection Set: 9.9ms
[2025-11-08T00:36:58.494+0000][gc,phases     ] GC(674)   Post Evacuate Collection Set: 0.8ms
[2025-11-08T00:36:58.494+0000][gc,phases     ] GC(674)   Other: 0.7ms
[2025-11-08T00:36:58.494+0000][gc,heap       ] GC(674) Eden regions: 31->0(31)
[2025-11-08T00:36:58.495+0000][gc,heap       ] GC(674) Survivor regions: 3->3(5)
[2025-11-08T00:36:58.495+0000][gc,heap       ] GC(674) Old regions: 384->384
[2025-11-08T00:36:58.495+0000][gc,heap       ] GC(674) Humongous regions: 147->147
[2025-11-08T00:36:58.495+0000][gc,metaspace  ] GC(674) Metaspace: 53290K(56604K)->53290K(56604K) NonClass: 47387K(49232K)->47387K(49232K) Class: 5903K(7372K)->5903K(7372K)
[2025-11-08T00:36:58.496+0000][gc            ] GC(674) Pause Young (Normal) (G1 Evacuation Pause) 563M->532M(684M) 14.074ms
[2025-11-08T00:36:58.496+0000][gc,cpu        ] GC(674) User=0.02s Sys=0.00s Real=0.01s
[2025-11-08T00:37:06.609+0000][gc,start      ] GC(675) Pause Young (Normal) (G1 Evacuation Pause)
[2025-11-08T00:37:06.609+0000][gc,task       ] GC(675) Using 2 workers of 2 for evacuation
[2025-11-08T00:37:06.620+0000][gc,phases     ] GC(675)   Pre Evacuate Collection Set: 0.0ms
[2025-11-08T00:37:06.620+0000][gc,phases     ] GC(675)   Evacuate Collection Set: 9.8ms
[2025-11-08T00:37:06.620+0000][gc,phases     ] GC(675)   Post Evacuate Collection Set: 0.7ms
[2025-11-08T00:37:06.620+0000][gc,phases     ] GC(675)   Other: 0.5ms
[2025-11-08T00:37:06.620+0000][gc,heap       ] GC(675) Eden regions: 31->0(32)
[2025-11-08T00:37:06.621+0000][gc,heap       ] GC(675) Survivor regions: 3->5(5)
[2025-11-08T00:37:06.621+0000][gc,heap       ] GC(675) Old regions: 384->384
[2025-11-08T00:37:06.621+0000][gc,heap       ] GC(675) Humongous regions: 147->147
[2025-11-08T00:37:06.621+0000][gc,metaspace  ] GC(675) Metaspace: 53290K(56604K)->53290K(56604K) NonClass: 47387K(49232K)->47387K(49232K) Class: 5903K(7372K)->5903K(7372K)
[2025-11-08T00:37:06.621+0000][gc            ] GC(675) Pause Young (Normal) (G1 Evacuation Pause) 563M->534M(684M) 12.764ms
[2025-11-08T00:37:06.622+0000][gc,cpu        ] GC(675) User=0.02s Sys=0.00s Real=0.02s
[2025-11-08T00:37:14.890+0000][gc,start      ] GC(676) Pause Young (Normal) (G1 Evacuation Pause)
[2025-11-08T00:37:14.890+0000][gc,task       ] GC(676) Using 2 workers of 2 for evacuation
[2025-11-08T00:37:14.928+0000][gc,mmu        ] GC(676) MMU target violated: 21.0ms (20.0ms/21.0ms)
[2025-11-08T00:37:14.928+0000][gc,phases     ] GC(676)   Pre Evacuate Collection Set: 0.0ms
[2025-11-08T00:37:14.928+0000][gc,phases     ] GC(676)   Evacuate Collection Set: 36.0ms
[2025-11-08T00:37:14.929+0000][gc,phases     ] GC(676)   Post Evacuate Collection Set: 0.6ms
[2025-11-08T00:37:14.929+0000][gc,phases     ] GC(676)   Other: 1.2ms
[2025-11-08T00:37:14.929+0000][gc,heap       ] GC(676) Eden regions: 32->0(31)
[2025-11-08T00:37:14.929+0000][gc,heap       ] GC(676) Survivor regions: 5->3(5)
[2025-11-08T00:37:14.929+0000][gc,heap       ] GC(676) Old regions: 384->386
[2025-11-08T00:37:14.929+0000][gc,heap       ] GC(676) Humongous regions: 147->147
[2025-11-08T00:37:14.930+0000][gc,metaspace  ] GC(676) Metaspace: 53290K(56604K)->53290K(56604K) NonClass: 47387K(49232K)->47387K(49232K) Class: 5903K(7372K)->5903K(7372K)
[2025-11-08T00:37:14.930+0000][gc            ] GC(676) Pause Young (Normal) (G1 Evacuation Pause) 566M->534M(684M) 39.983ms
[2025-11-08T00:37:14.930+0000][gc,cpu        ] GC(676) User=0.03s Sys=0.01s Real=0.04s
[2025-11-08T00:37:22.892+0000][gc,start      ] GC(677) Pause Young (Normal) (G1 Evacuation Pause)
[2025-11-08T00:37:22.892+0000][gc,task       ] GC(677) Using 2 workers of 2 for evacuation
[2025-11-08T00:37:22.901+0000][gc,phases     ] GC(677)   Pre Evacuate Collection Set: 0.0ms
[2025-11-08T00:37:22.901+0000][gc,phases     ] GC(677)   Evacuate Collection Set: 7.4ms
[2025-11-08T00:37:22.901+0000][gc,phases     ] GC(677)   Post Evacuate Collection Set: 0.5ms
[2025-11-08T00:37:22.901+0000][gc,phases     ] GC(677)   Other: 0.6ms
[2025-11-08T00:37:22.902+0000][gc,heap       ] GC(677) Eden regions: 31->0(31)
[2025-11-08T00:37:22.902+0000][gc,heap       ] GC(677) Survivor regions: 3->3(5)
[2025-11-08T00:37:22.902+0000][gc,heap       ] GC(677) Old regions: 386->386
[2025-11-08T00:37:22.902+0000][gc,heap       ] GC(677) Humongous regions: 147->147
[2025-11-08T00:37:22.902+0000][gc,metaspace  ] GC(677) Metaspace: 53290K(56604K)->53290K(56604K) NonClass: 47387K(49232K)->47387K(49232K) Class: 5903K(7372K)->5903K(7372K)
[2025-11-08T00:37:22.902+0000][gc            ] GC(677) Pause Young (Normal) (G1 Evacuation Pause) 565M->534M(684M) 9.919ms
[2025-11-08T00:37:22.902+0000][gc,cpu        ] GC(677) User=0.02s Sys=0.00s Real=0.01s
[2025-11-08T00:37:30.896+0000][gc,start      ] GC(678) Pause Young (Normal) (G1 Evacuation Pause)
[2025-11-08T00:37:30.896+0000][gc,task       ] GC(678) Using 2 workers of 2 for evacuation
[2025-11-08T00:37:30.905+0000][gc,phases     ] GC(678)   Pre Evacuate Collection Set: 0.0ms
[2025-11-08T00:37:30.905+0000][gc,phases     ] GC(678)   Evacuate Collection Set: 7.7ms
[2025-11-08T00:37:30.906+0000][gc,phases     ] GC(678)   Post Evacuate Collection Set: 0.6ms
[2025-11-08T00:37:30.906+0000][gc,phases     ] GC(678)   Other: 0.6ms
[2025-11-08T00:37:30.906+0000][gc,heap       ] GC(678) Eden regions: 31->0(36)
[2025-11-08T00:37:30.906+0000][gc,heap       ] GC(678) Survivor regions: 3->3(5)
[2025-11-08T00:37:30.906+0000][gc,heap       ] GC(678) Old regions: 386->386
[2025-11-08T00:37:30.907+0000][gc,heap       ] GC(678) Humongous regions: 147->147
[2025-11-08T00:37:30.907+0000][gc,metaspace  ] GC(678) Metaspace: 53290K(56604K)->53290K(56604K) NonClass: 47387K(49232K)->47387K(49232K) Class: 5903K(7372K)->5903K(7372K)
[2025-11-08T00:37:30.907+0000][gc            ] GC(678) Pause Young (Normal) (G1 Evacuation Pause) 565M->534M(684M) 10.998ms
[2025-11-08T00:37:30.907+0000][gc,cpu        ] GC(678) User=0.01s Sys=0.00s Real=0.01s
[2025-11-08T00:37:40.465+0000][gc,start      ] GC(679) Pause Young (Normal) (G1 Evacuation Pause)
[2025-11-08T00:37:40.466+0000][gc,task       ] GC(679) Using 2 workers of 2 for evacuation
[2025-11-08T00:37:40.482+0000][gc,phases     ] GC(679)   Pre Evacuate Collection Set: 0.0ms
[2025-11-08T00:37:40.482+0000][gc,phases     ] GC(679)   Evacuate Collection Set: 13.5ms
[2025-11-08T00:37:40.483+0000][gc,phases     ] GC(679)   Post Evacuate Collection Set: 1.9ms
[2025-11-08T00:37:40.483+0000][gc,phases     ] GC(679)   Other: 1.1ms
[2025-11-08T00:37:40.483+0000][gc,heap       ] GC(679) Eden regions: 36->0(37)
[2025-11-08T00:37:40.485+0000][gc,heap       ] GC(679) Survivor regions: 3->3(5)
[2025-11-08T00:37:40.485+0000][gc,heap       ] GC(679) Old regions: 386->386
[2025-11-08T00:37:40.486+0000][gc,heap       ] GC(679) Humongous regions: 147->147
[2025-11-08T00:37:40.486+0000][gc,metaspace  ] GC(679) Metaspace: 53290K(56604K)->53290K(56604K) NonClass: 47387K(49232K)->47387K(49232K) Class: 5903K(7372K)->5903K(7372K)
[2025-11-08T00:37:40.486+0000][gc            ] GC(679) Pause Young (Normal) (G1 Evacuation Pause) 570M->534M(684M) 20.953ms
[2025-11-08T00:37:40.487+0000][gc,cpu        ] GC(679) User=0.03s Sys=0.00s Real=0.02s
[2025-11-08T00:37:50.231+0000][gc,start      ] GC(680) Pause Young (Normal) (G1 Evacuation Pause)
[2025-11-08T00:37:50.231+0000][gc,task       ] GC(680) Using 2 workers of 2 for evacuation
[2025-11-08T00:37:50.249+0000][gc,phases     ] GC(680)   Pre Evacuate Collection Set: 0.0ms
[2025-11-08T00:37:50.250+0000][gc,phases     ] GC(680)   Evacuate Collection Set: 17.0ms
[2025-11-08T00:37:50.251+0000][gc,phases     ] GC(680)   Post Evacuate Collection Set: 0.6ms
[2025-11-08T00:37:50.251+0000][gc,phases     ] GC(680)   Other: 0.7ms
[2025-11-08T00:37:50.251+0000][gc,heap       ] GC(680) Eden regions: 37->0(37)
[2025-11-08T00:37:50.251+0000][gc,heap       ] GC(680) Survivor regions: 3->4(5)
[2025-11-08T00:37:50.252+0000][gc,heap       ] GC(680) Old regions: 386->386
[2025-11-08T00:37:50.252+0000][gc,heap       ] GC(680) Humongous regions: 147->147
[2025-11-08T00:37:50.252+0000][gc,metaspace  ] GC(680) Metaspace: 53290K(56604K)->53290K(56604K) NonClass: 47387K(49232K)->47387K(49232K) Class: 5903K(7372K)->5903K(7372K)
[2025-11-08T00:37:50.252+0000][gc            ] GC(680) Pause Young (Normal) (G1 Evacuation Pause) 571M->535M(684M) 21.066ms
[2025-11-08T00:37:50.252+0000][gc,cpu        ] GC(680) User=0.03s Sys=0.00s Real=0.02s
[2025-11-08T00:37:59.947+0000][gc,start      ] GC(681) Pause Young (Normal) (G1 Evacuation Pause)
[2025-11-08T00:37:59.948+0000][gc,task       ] GC(681) Using 2 workers of 2 for evacuation
[2025-11-08T00:37:59.967+0000][gc,phases     ] GC(681)   Pre Evacuate Collection Set: 0.0ms
[2025-11-08T00:37:59.967+0000][gc,phases     ] GC(681)   Evacuate Collection Set: 16.5ms
[2025-11-08T00:37:59.968+0000][gc,phases     ] GC(681)   Post Evacuate Collection Set: 2.1ms
[2025-11-08T00:37:59.968+0000][gc,phases     ] GC(681)   Other: 1.2ms
[2025-11-08T00:37:59.968+0000][gc,heap       ] GC(681) Eden regions: 37->0(36)
[2025-11-08T00:37:59.969+0000][gc,heap       ] GC(681) Survivor regions: 4->2(6)
[2025-11-08T00:37:59.969+0000][gc,heap       ] GC(681) Old regions: 386->386
[2025-11-08T00:37:59.969+0000][gc,heap       ] GC(681) Humongous regions: 147->147
[2025-11-08T00:37:59.970+0000][gc,metaspace  ] GC(681) Metaspace: 53290K(56604K)->53290K(56604K) NonClass: 47387K(49232K)->47387K(49232K) Class: 5903K(7372K)->5903K(7372K)
[2025-11-08T00:37:59.970+0000][gc            ] GC(681) Pause Young (Normal) (G1 Evacuation Pause) 572M->534M(684M) 22.773ms
[2025-11-08T00:37:59.970+0000][gc,cpu        ] GC(681) User=0.03s Sys=0.00s Real=0.02s
[2025-11-08T00:38:08.320+0000][gc,start      ] GC(682) Pause Young (Normal) (G1 Evacuation Pause)
[2025-11-08T00:38:08.321+0000][gc,task       ] GC(682) Using 2 workers of 2 for evacuation
[2025-11-08T00:38:08.334+0000][gc,phases     ] GC(682)   Pre Evacuate Collection Set: 0.0ms
[2025-11-08T00:38:08.334+0000][gc,phases     ] GC(682)   Evacuate Collection Set: 11.1ms
[2025-11-08T00:38:08.334+0000][gc,phases     ] GC(682)   Post Evacuate Collection Set: 1.0ms
[2025-11-08T00:38:08.335+0000][gc,phases     ] GC(682)   Other: 1.3ms
[2025-11-08T00:38:08.335+0000][gc,heap       ] GC(682) Eden regions: 32->0(33)
[2025-11-08T00:38:08.335+0000][gc,heap       ] GC(682) Survivor regions: 2->4(5)
[2025-11-08T00:38:08.335+0000][gc,heap       ] GC(682) Old regions: 386->386
[2025-11-08T00:38:08.336+0000][gc,heap       ] GC(682) Humongous regions: 147->147
[2025-11-08T00:38:08.336+0000][gc,metaspace  ] GC(682) Metaspace: 53290K(56604K)->53290K(56604K) NonClass: 47387K(49232K)->47387K(49232K) Class: 5903K(7372K)->5903K(7372K)
[2025-11-08T00:38:08.336+0000][gc            ] GC(682) Pause Young (Normal) (G1 Evacuation Pause) 566M->536M(684M) 16.025ms
[2025-11-08T00:38:08.337+0000][gc,cpu        ] GC(682) User=0.03s Sys=0.00s Real=0.02s
[2025-11-08T00:38:16.348+0000][gc,start      ] GC(683) Pause Young (Normal) (G1 Evacuation Pause)
[2025-11-08T00:38:16.349+0000][gc,task       ] GC(683) Using 2 workers of 2 for evacuation
[2025-11-08T00:38:16.379+0000][gc,mmu        ] GC(683) MMU target violated: 21.0ms (20.0ms/21.0ms)
[2025-11-08T00:38:16.379+0000][gc,phases     ] GC(683)   Pre Evacuate Collection Set: 0.0ms
[2025-11-08T00:38:16.379+0000][gc,phases     ] GC(683)   Evacuate Collection Set: 28.9ms
[2025-11-08T00:38:16.379+0000][gc,phases     ] GC(683)   Post Evacuate Collection Set: 0.7ms
[2025-11-08T00:38:16.380+0000][gc,phases     ] GC(683)   Other: 1.0ms
[2025-11-08T00:38:16.380+0000][gc,heap       ] GC(683) Eden regions: 30->0(31)
[2025-11-08T00:38:16.380+0000][gc,heap       ] GC(683) Survivor regions: 4->3(5)
[2025-11-08T00:38:16.380+0000][gc,heap       ] GC(683) Old regions: 386->387
[2025-11-08T00:38:16.380+0000][gc,heap       ] GC(683) Humongous regions: 147->147
[2025-11-08T00:38:16.380+0000][gc,metaspace  ] GC(683) Metaspace: 53290K(56604K)->53290K(56604K) NonClass: 47387K(49232K)->47387K(49232K) Class: 5903K(7372K)->5903K(7372K)
[2025-11-08T00:38:16.381+0000][gc            ] GC(683) Pause Young (Normal) (G1 Evacuation Pause) 566M->536M(684M) 32.244ms
[2025-11-08T00:38:16.381+0000][gc,cpu        ] GC(683) User=0.02s Sys=0.01s Real=0.03s
[2025-11-08T00:38:24.559+0000][gc,start      ] GC(684) Pause Young (Normal) (G1 Evacuation Pause)
[2025-11-08T00:38:24.560+0000][gc,task       ] GC(684) Using 2 workers of 2 for evacuation
[2025-11-08T00:38:24.572+0000][gc,phases     ] GC(684)   Pre Evacuate Collection Set: 0.0ms
[2025-11-08T00:38:24.572+0000][gc,phases     ] GC(684)   Evacuate Collection Set: 10.7ms
[2025-11-08T00:38:24.573+0000][gc,phases     ] GC(684)   Post Evacuate Collection Set: 0.9ms
[2025-11-08T00:38:24.573+0000][gc,phases     ] GC(684)   Other: 1.1ms
[2025-11-08T00:38:24.573+0000][gc,heap       ] GC(684) Eden regions: 31->0(31)
[2025-11-08T00:38:24.574+0000][gc,heap       ] GC(684) Survivor regions: 3->3(5)
[2025-11-08T00:38:24.574+0000][gc,heap       ] GC(684) Old regions: 387->387
[2025-11-08T00:38:24.574+0000][gc,heap       ] GC(684) Humongous regions: 147->147
[2025-11-08T00:38:24.575+0000][gc,metaspace  ] GC(684) Metaspace: 53290K(56604K)->53290K(56604K) NonClass: 47387K(49232K)->47387K(49232K) Class: 5903K(7372K)->5903K(7372K)
[2025-11-08T00:38:24.575+0000][gc            ] GC(684) Pause Young (Normal) (G1 Evacuation Pause) 567M->536M(684M) 15.789ms
[2025-11-08T00:38:24.575+0000][gc,cpu        ] GC(684) User=0.02s Sys=0.00s Real=0.02s
[2025-11-08T00:38:32.709+0000][gc,start      ] GC(685) Pause Young (Normal) (G1 Evacuation Pause)
[2025-11-08T00:38:32.709+0000][gc,task       ] GC(685) Using 2 workers of 2 for evacuation
[2025-11-08T00:38:32.720+0000][gc,phases     ] GC(685)   Pre Evacuate Collection Set: 0.0ms
[2025-11-08T00:38:32.721+0000][gc,phases     ] GC(685)   Evacuate Collection Set: 9.0ms
[2025-11-08T00:38:32.721+0000][gc,phases     ] GC(685)   Post Evacuate Collection Set: 0.9ms
[2025-11-08T00:38:32.721+0000][gc,phases     ] GC(685)   Other: 1.6ms
[2025-11-08T00:38:32.722+0000][gc,heap       ] GC(685) Eden regions: 31->0(34)
[2025-11-08T00:38:32.722+0000][gc,heap       ] GC(685) Survivor regions: 3->2(5)
[2025-11-08T00:38:32.722+0000][gc,heap       ] GC(685) Old regions: 387->387
[2025-11-08T00:38:32.722+0000][gc,heap       ] GC(685) Humongous regions: 147->147
[2025-11-08T00:38:32.723+0000][gc,metaspace  ] GC(685) Metaspace: 53290K(56604K)->53290K(56604K) NonClass: 47387K(49232K)->47387K(49232K) Class: 5903K(7372K)->5903K(7372K)
[2025-11-08T00:38:32.723+0000][gc            ] GC(685) Pause Young (Normal) (G1 Evacuation Pause) 567M->535M(684M) 14.022ms
[2025-11-08T00:38:32.723+0000][gc,cpu        ] GC(685) User=0.02s Sys=0.00s Real=0.01s
[2025-11-08T00:38:41.174+0000][gc,start      ] GC(686) Pause Young (Normal) (G1 Evacuation Pause)
[2025-11-08T00:38:41.175+0000][gc,task       ] GC(686) Using 2 workers of 2 for evacuation
[2025-11-08T00:38:41.183+0000][gc,phases     ] GC(686)   Pre Evacuate Collection Set: 0.0ms
[2025-11-08T00:38:41.183+0000][gc,phases     ] GC(686)   Evacuate Collection Set: 7.3ms
[2025-11-08T00:38:41.183+0000][gc,phases     ] GC(686)   Post Evacuate Collection Set: 0.7ms
[2025-11-08T00:38:41.184+0000][gc,phases     ] GC(686)   Other: 0.6ms
[2025-11-08T00:38:41.184+0000][gc,heap       ] GC(686) Eden regions: 32->0(35)
[2025-11-08T00:38:41.184+0000][gc,heap       ] GC(686) Survivor regions: 2->2(5)
[2025-11-08T00:38:41.184+0000][gc,heap       ] GC(686) Old regions: 387->387
[2025-11-08T00:38:41.184+0000][gc,heap       ] GC(686) Humongous regions: 147->147
[2025-11-08T00:38:41.185+0000][gc,metaspace  ] GC(686) Metaspace: 53290K(56604K)->53290K(56604K) NonClass: 47387K(49232K)->47387K(49232K) Class: 5903K(7372K)->5903K(7372K)
[2025-11-08T00:38:41.185+0000][gc            ] GC(686) Pause Young (Normal) (G1 Evacuation Pause) 567M->535M(684M) 10.347ms
[2025-11-08T00:38:41.185+0000][gc,cpu        ] GC(686) User=0.02s Sys=0.00s Real=0.01s
[2025-11-08T00:38:50.353+0000][gc,start      ] GC(687) Pause Young (Normal) (G1 Evacuation Pause)
[2025-11-08T00:38:50.353+0000][gc,task       ] GC(687) Using 2 workers of 2 for evacuation
[2025-11-08T00:38:50.362+0000][gc,phases     ] GC(687)   Pre Evacuate Collection Set: 0.0ms
[2025-11-08T00:38:50.362+0000][gc,phases     ] GC(687)   Evacuate Collection Set: 7.4ms
[2025-11-08T00:38:50.362+0000][gc,phases     ] GC(687)   Post Evacuate Collection Set: 0.6ms
[2025-11-08T00:38:50.362+0000][gc,phases     ] GC(687)   Other: 0.6ms
[2025-11-08T00:38:50.362+0000][gc,heap       ] GC(687) Eden regions: 35->0(37)
[2025-11-08T00:38:50.362+0000][gc,heap       ] GC(687) Survivor regions: 2->3(5)
[2025-11-08T00:38:50.363+0000][gc,heap       ] GC(687) Old regions: 387->387
[2025-11-08T00:38:50.363+0000][gc,heap       ] GC(687) Humongous regions: 147->147
[2025-11-08T00:38:50.363+0000][gc,metaspace  ] GC(687) Metaspace: 53290K(56604K)->53290K(56604K) NonClass: 47387K(49232K)->47387K(49232K) Class: 5903K(7372K)->5903K(7372K)
[2025-11-08T00:38:50.363+0000][gc            ] GC(687) Pause Young (Normal) (G1 Evacuation Pause) 570M->536M(684M) 10.076ms
[2025-11-08T00:38:50.363+0000][gc,cpu        ] GC(687) User=0.02s Sys=0.00s Real=0.01s
[2025-11-08T00:39:00.232+0000][gc,start      ] GC(688) Pause Young (Normal) (G1 Evacuation Pause)
[2025-11-08T00:39:00.232+0000][gc,task       ] GC(688) Using 2 workers of 2 for evacuation
[2025-11-08T00:39:00.249+0000][gc,phases     ] GC(688)   Pre Evacuate Collection Set: 0.0ms
[2025-11-08T00:39:00.249+0000][gc,phases     ] GC(688)   Evacuate Collection Set: 14.5ms
[2025-11-08T00:39:00.249+0000][gc,phases     ] GC(688)   Post Evacuate Collection Set: 0.9ms
[2025-11-08T00:39:00.250+0000][gc,phases     ] GC(688)   Other: 1.6ms
[2025-11-08T00:39:00.250+0000][gc,heap       ] GC(688) Eden regions: 37->0(37)
[2025-11-08T00:39:00.250+0000][gc,heap       ] GC(688) Survivor regions: 3->3(5)
[2025-11-08T00:39:00.251+0000][gc,heap       ] GC(688) Old regions: 387->387
[2025-11-08T00:39:00.251+0000][gc,heap       ] GC(688) Humongous regions: 147->147
[2025-11-08T00:39:00.252+0000][gc,metaspace  ] GC(688) Metaspace: 53290K(56604K)->53290K(56604K) NonClass: 47387K(49232K)->47387K(49232K) Class: 5903K(7372K)->5903K(7372K)
[2025-11-08T00:39:00.252+0000][gc            ] GC(688) Pause Young (Normal) (G1 Evacuation Pause) 573M->536M(684M) 20.325ms
[2025-11-08T00:39:00.253+0000][gc,cpu        ] GC(688) User=0.03s Sys=0.00s Real=0.02s
[2025-11-08T00:39:09.119+0000][gc,start      ] GC(689) Pause Young (Normal) (G1 Evacuation Pause)
[2025-11-08T00:39:09.119+0000][gc,task       ] GC(689) Using 2 workers of 2 for evacuation
[2025-11-08T00:39:09.142+0000][gc,mmu        ] GC(689) MMU target violated: 21.0ms (20.0ms/21.0ms)
[2025-11-08T00:39:09.142+0000][gc,phases     ] GC(689)   Pre Evacuate Collection Set: 0.0ms
[2025-11-08T00:39:09.142+0000][gc,phases     ] GC(689)   Evacuate Collection Set: 21.2ms
[2025-11-08T00:39:09.142+0000][gc,phases     ] GC(689)   Post Evacuate Collection Set: 0.9ms
[2025-11-08T00:39:09.142+0000][gc,phases     ] GC(689)   Other: 0.9ms
[2025-11-08T00:39:09.143+0000][gc,heap       ] GC(689) Eden regions: 33->0(34)
[2025-11-08T00:39:09.143+0000][gc,heap       ] GC(689) Survivor regions: 3->3(5)
[2025-11-08T00:39:09.143+0000][gc,heap       ] GC(689) Old regions: 387->388
[2025-11-08T00:39:09.143+0000][gc,heap       ] GC(689) Humongous regions: 147->147
[2025-11-08T00:39:09.144+0000][gc,metaspace  ] GC(689) Metaspace: 53290K(56604K)->53290K(56604K) NonClass: 47387K(49232K)->47387K(49232K) Class: 5903K(7372K)->5903K(7372K)
[2025-11-08T00:39:09.144+0000][gc            ] GC(689) Pause Young (Normal) (G1 Evacuation Pause) 569M->537M(684M) 24.915ms
[2025-11-08T00:39:09.144+0000][gc,cpu        ] GC(689) User=0.03s Sys=0.00s Real=0.03s
[2025-11-08T00:39:18.349+0000][gc,start      ] GC(690) Pause Young (Normal) (G1 Evacuation Pause)
[2025-11-08T00:39:18.349+0000][gc,task       ] GC(690) Using 2 workers of 2 for evacuation
[2025-11-08T00:39:18.362+0000][gc,phases     ] GC(690)   Pre Evacuate Collection Set: 0.0ms
[2025-11-08T00:39:18.362+0000][gc,phases     ] GC(690)   Evacuate Collection Set: 11.5ms
[2025-11-08T00:39:18.363+0000][gc,phases     ] GC(690)   Post Evacuate Collection Set: 0.7ms
[2025-11-08T00:39:18.363+0000][gc,phases     ] GC(690)   Other: 0.6ms
[2025-11-08T00:39:18.363+0000][gc,heap       ] GC(690) Eden regions: 34->0(35)
[2025-11-08T00:39:18.363+0000][gc,heap       ] GC(690) Survivor regions: 3->3(5)
[2025-11-08T00:39:18.363+0000][gc,heap       ] GC(690) Old regions: 388->388
[2025-11-08T00:39:18.364+0000][gc,heap       ] GC(690) Humongous regions: 147->147
[2025-11-08T00:39:18.364+0000][gc,metaspace  ] GC(690) Metaspace: 53290K(56604K)->53290K(56604K) NonClass: 47387K(49232K)->47387K(49232K) Class: 5903K(7372K)->5903K(7372K)
[2025-11-08T00:39:18.364+0000][gc            ] GC(690) Pause Young (Normal) (G1 Evacuation Pause) 571M->537M(684M) 14.810ms
[2025-11-08T00:39:18.364+0000][gc,cpu        ] GC(690) User=0.02s Sys=0.00s Real=0.02s
[2025-11-08T00:39:26.801+0000][gc,start      ] GC(691) Pause Young (Normal) (G1 Evacuation Pause)
[2025-11-08T00:39:26.802+0000][gc,task       ] GC(691) Using 2 workers of 2 for evacuation
[2025-11-08T00:39:26.819+0000][gc,phases     ] GC(691)   Pre Evacuate Collection Set: 0.0ms
[2025-11-08T00:39:26.819+0000][gc,phases     ] GC(691)   Evacuate Collection Set: 15.9ms
[2025-11-08T00:39:26.819+0000][gc,phases     ] GC(691)   Post Evacuate Collection Set: 1.1ms
[2025-11-08T00:39:26.820+0000][gc,phases     ] GC(691)   Other: 0.6ms
[2025-11-08T00:39:26.820+0000][gc,heap       ] GC(691) Eden regions: 32->0(34)
[2025-11-08T00:39:26.820+0000][gc,heap       ] GC(691) Survivor regions: 3->3(5)
[2025-11-08T00:39:26.820+0000][gc,heap       ] GC(691) Old regions: 388->388
[2025-11-08T00:39:26.820+0000][gc,heap       ] GC(691) Humongous regions: 147->147
[2025-11-08T00:39:26.820+0000][gc,metaspace  ] GC(691) Metaspace: 53290K(56604K)->53290K(56604K) NonClass: 47387K(49232K)->47387K(49232K) Class: 5903K(7372K)->5903K(7372K)
[2025-11-08T00:39:26.821+0000][gc            ] GC(691) Pause Young (Normal) (G1 Evacuation Pause) 569M->537M(684M) 19.222ms
[2025-11-08T00:39:26.821+0000][gc,cpu        ] GC(691) User=0.03s Sys=0.00s Real=0.02s
[2025-11-08T00:39:35.747+0000][gc,start      ] GC(692) Pause Young (Normal) (G1 Evacuation Pause)
[2025-11-08T00:39:35.747+0000][gc,task       ] GC(692) Using 2 workers of 2 for evacuation
[2025-11-08T00:39:35.757+0000][gc,phases     ] GC(692)   Pre Evacuate Collection Set: 0.0ms
[2025-11-08T00:39:35.757+0000][gc,phases     ] GC(692)   Evacuate Collection Set: 8.2ms
[2025-11-08T00:39:35.757+0000][gc,phases     ] GC(692)   Post Evacuate Collection Set: 0.6ms
[2025-11-08T00:39:35.757+0000][gc,phases     ] GC(692)   Other: 0.6ms
[2025-11-08T00:39:35.758+0000][gc,heap       ] GC(692) Eden regions: 34->0(36)
[2025-11-08T00:39:35.758+0000][gc,heap       ] GC(692) Survivor regions: 3->3(5)
[2025-11-08T00:39:35.758+0000][gc,heap       ] GC(692) Old regions: 388->388
[2025-11-08T00:39:35.759+0000][gc,heap       ] GC(692) Humongous regions: 147->147
[2025-11-08T00:39:35.759+0000][gc,metaspace  ] GC(692) Metaspace: 53290K(56604K)->53290K(56604K) NonClass: 47387K(49232K)->47387K(49232K) Class: 5903K(7372K)->5903K(7372K)
[2025-11-08T00:39:35.759+0000][gc            ] GC(692) Pause Young (Normal) (G1 Evacuation Pause) 571M->537M(684M) 11.823ms
[2025-11-08T00:39:35.759+0000][gc,cpu        ] GC(692) User=0.02s Sys=0.00s Real=0.01s
[2025-11-08T00:39:45.201+0000][gc,start      ] GC(693) Pause Young (Normal) (G1 Evacuation Pause)
[2025-11-08T00:39:45.202+0000][gc,task       ] GC(693) Using 2 workers of 2 for evacuation
[2025-11-08T00:39:45.214+0000][gc,phases     ] GC(693)   Pre Evacuate Collection Set: 0.0ms
[2025-11-08T00:39:45.214+0000][gc,phases     ] GC(693)   Evacuate Collection Set: 11.8ms
[2025-11-08T00:39:45.215+0000][gc,phases     ] GC(693)   Post Evacuate Collection Set: 0.5ms
[2025-11-08T00:39:45.215+0000][gc,phases     ] GC(693)   Other: 0.6ms
[2025-11-08T00:39:45.215+0000][gc,heap       ] GC(693) Eden regions: 36->0(37)
[2025-11-08T00:39:45.215+0000][gc,heap       ] GC(693) Survivor regions: 3->3(5)
[2025-11-08T00:39:45.215+0000][gc,heap       ] GC(693) Old regions: 388->389
[2025-11-08T00:39:45.215+0000][gc,heap       ] GC(693) Humongous regions: 147->147
[2025-11-08T00:39:45.216+0000][gc,metaspace  ] GC(693) Metaspace: 53290K(56604K)->53290K(56604K) NonClass: 47387K(49232K)->47387K(49232K) Class: 5903K(7372K)->5903K(7372K)
[2025-11-08T00:39:45.216+0000][gc            ] GC(693) Pause Young (Normal) (G1 Evacuation Pause) 573M->538M(684M) 14.301ms
[2025-11-08T00:39:45.216+0000][gc,cpu        ] GC(693) User=0.02s Sys=0.00s Real=0.02s
[2025-11-08T00:39:54.702+0000][gc,start      ] GC(694) Pause Young (Normal) (G1 Evacuation Pause)
[2025-11-08T00:39:54.703+0000][gc,task       ] GC(694) Using 2 workers of 2 for evacuation
[2025-11-08T00:39:54.722+0000][gc,phases     ] GC(694)   Pre Evacuate Collection Set: 0.0ms
[2025-11-08T00:39:54.722+0000][gc,phases     ] GC(694)   Evacuate Collection Set: 18.1ms
[2025-11-08T00:39:54.723+0000][gc,phases     ] GC(694)   Post Evacuate Collection Set: 0.6ms
[2025-11-08T00:39:54.723+0000][gc,phases     ] GC(694)   Other: 1.0ms
[2025-11-08T00:39:54.723+0000][gc,heap       ] GC(694) Eden regions: 37->0(37)
[2025-11-08T00:39:54.723+0000][gc,heap       ] GC(694) Survivor regions: 3->4(5)
[2025-11-08T00:39:54.723+0000][gc,heap       ] GC(694) Old regions: 389->389
[2025-11-08T00:39:54.724+0000][gc,heap       ] GC(694) Humongous regions: 147->147
[2025-11-08T00:39:54.724+0000][gc,metaspace  ] GC(694) Metaspace: 53290K(56604K)->53290K(56604K) NonClass: 47387K(49232K)->47387K(49232K) Class: 5903K(7372K)->5903K(7372K)
[2025-11-08T00:39:54.724+0000][gc            ] GC(694) Pause Young (Normal) (G1 Evacuation Pause) 575M->538M(684M) 21.525ms
[2025-11-08T00:39:54.724+0000][gc,cpu        ] GC(694) User=0.03s Sys=0.01s Real=0.03s
[2025-11-08T00:40:04.244+0000][gc,start      ] GC(695) Pause Young (Normal) (G1 Evacuation Pause)
[2025-11-08T00:40:04.245+0000][gc,task       ] GC(695) Using 2 workers of 2 for evacuation
[2025-11-08T00:40:04.254+0000][gc,phases     ] GC(695)   Pre Evacuate Collection Set: 0.0ms
[2025-11-08T00:40:04.255+0000][gc,phases     ] GC(695)   Evacuate Collection Set: 9.2ms
[2025-11-08T00:40:04.255+0000][gc,phases     ] GC(695)   Post Evacuate Collection Set: 0.5ms
[2025-11-08T00:40:04.255+0000][gc,phases     ] GC(695)   Other: 0.5ms
[2025-11-08T00:40:04.255+0000][gc,heap       ] GC(695) Eden regions: 37->0(37)
[2025-11-08T00:40:04.255+0000][gc,heap       ] GC(695) Survivor regions: 4->4(6)
[2025-11-08T00:40:04.255+0000][gc,heap       ] GC(695) Old regions: 389->389
[2025-11-08T00:40:04.256+0000][gc,heap       ] GC(695) Humongous regions: 147->147
[2025-11-08T00:40:04.256+0000][gc,metaspace  ] GC(695) Metaspace: 53290K(56604K)->53290K(56604K) NonClass: 47387K(49232K)->47387K(49232K) Class: 5903K(7372K)->5903K(7372K)
[2025-11-08T00:40:04.256+0000][gc            ] GC(695) Pause Young (Normal) (G1 Evacuation Pause) 575M->539M(684M) 11.533ms
[2025-11-08T00:40:04.256+0000][gc,cpu        ] GC(695) User=0.02s Sys=0.00s Real=0.01s
[2025-11-08T00:40:13.237+0000][gc,start      ] GC(696) Pause Young (Normal) (G1 Evacuation Pause)
[2025-11-08T00:40:13.237+0000][gc,task       ] GC(696) Using 2 workers of 2 for evacuation
[2025-11-08T00:40:13.268+0000][gc,mmu        ] GC(696) MMU target violated: 21.0ms (20.0ms/21.0ms)
[2025-11-08T00:40:13.268+0000][gc,phases     ] GC(696)   Pre Evacuate Collection Set: 0.0ms
[2025-11-08T00:40:13.269+0000][gc,phases     ] GC(696)   Evacuate Collection Set: 30.0ms
[2025-11-08T00:40:13.269+0000][gc,phases     ] GC(696)   Post Evacuate Collection Set: 0.7ms
[2025-11-08T00:40:13.269+0000][gc,phases     ] GC(696)   Other: 0.7ms
[2025-11-08T00:40:13.269+0000][gc,heap       ] GC(696) Eden regions: 35->0(31)
[2025-11-08T00:40:13.269+0000][gc,heap       ] GC(696) Survivor regions: 4->3(5)
[2025-11-08T00:40:13.269+0000][gc,heap       ] GC(696) Old regions: 389->390
[2025-11-08T00:40:13.270+0000][gc,heap       ] GC(696) Humongous regions: 147->147
[2025-11-08T00:40:13.270+0000][gc,metaspace  ] GC(696) Metaspace: 53290K(56604K)->53290K(56604K) NonClass: 47387K(49232K)->47387K(49232K) Class: 5903K(7372K)->5903K(7372K)
[2025-11-08T00:40:13.270+0000][gc            ] GC(696) Pause Young (Normal) (G1 Evacuation Pause) 574M->539M(684M) 33.107ms
[2025-11-08T00:40:13.270+0000][gc,cpu        ] GC(696) User=0.04s Sys=0.00s Real=0.03s
[2025-11-08T00:40:21.148+0000][gc,start      ] GC(697) Pause Young (Normal) (G1 Evacuation Pause)
[2025-11-08T00:40:21.149+0000][gc,task       ] GC(697) Using 2 workers of 2 for evacuation
[2025-11-08T00:40:21.163+0000][gc,phases     ] GC(697)   Pre Evacuate Collection Set: 0.0ms
[2025-11-08T00:40:21.164+0000][gc,phases     ] GC(697)   Evacuate Collection Set: 13.4ms
[2025-11-08T00:40:21.164+0000][gc,phases     ] GC(697)   Post Evacuate Collection Set: 0.5ms
[2025-11-08T00:40:21.164+0000][gc,phases     ] GC(697)   Other: 1.0ms
[2025-11-08T00:40:21.164+0000][gc,heap       ] GC(697) Eden regions: 31->0(33)
[2025-11-08T00:40:21.164+0000][gc,heap       ] GC(697) Survivor regions: 3->3(5)
[2025-11-08T00:40:21.164+0000][gc,heap       ] GC(697) Old regions: 390->391
[2025-11-08T00:40:21.164+0000][gc,heap       ] GC(697) Humongous regions: 147->147
[2025-11-08T00:40:21.164+0000][gc,metaspace  ] GC(697) Metaspace: 53290K(56604K)->53290K(56604K) NonClass: 47387K(49232K)->47387K(49232K) Class: 5903K(7372K)->5903K(7372K)
[2025-11-08T00:40:21.164+0000][gc            ] GC(697) Pause Young (Normal) (G1 Evacuation Pause) 570M->539M(684M) 15.933ms
[2025-11-08T00:40:21.165+0000][gc,cpu        ] GC(697) User=0.02s Sys=0.00s Real=0.02s
[2025-11-08T00:40:29.718+0000][gc,start      ] GC(698) Pause Young (Normal) (G1 Evacuation Pause)
[2025-11-08T00:40:29.718+0000][gc,task       ] GC(698) Using 2 workers of 2 for evacuation
[2025-11-08T00:40:29.728+0000][gc,phases     ] GC(698)   Pre Evacuate Collection Set: 0.0ms
[2025-11-08T00:40:29.728+0000][gc,phases     ] GC(698)   Evacuate Collection Set: 8.8ms
[2025-11-08T00:40:29.728+0000][gc,phases     ] GC(698)   Post Evacuate Collection Set: 0.8ms
[2025-11-08T00:40:29.728+0000][gc,phases     ] GC(698)   Other: 0.6ms
[2025-11-08T00:40:29.729+0000][gc,heap       ] GC(698) Eden regions: 33->0(36)
[2025-11-08T00:40:29.729+0000][gc,heap       ] GC(698) Survivor regions: 3->3(5)
[2025-11-08T00:40:29.729+0000][gc,heap       ] GC(698) Old regions: 391->391
[2025-11-08T00:40:29.729+0000][gc,heap       ] GC(698) Humongous regions: 147->147
[2025-11-08T00:40:29.729+0000][gc,metaspace  ] GC(698) Metaspace: 53290K(56604K)->53290K(56604K) NonClass: 47387K(49232K)->47387K(49232K) Class: 5903K(7372K)->5903K(7372K)
[2025-11-08T00:40:29.729+0000][gc            ] GC(698) Pause Young (Normal) (G1 Evacuation Pause) 572M->539M(684M) 11.559ms
[2025-11-08T00:40:29.729+0000][gc,cpu        ] GC(698) User=0.02s Sys=0.00s Real=0.01s
[2025-11-08T00:40:38.561+0000][gc,start      ] GC(699) Pause Young (Normal) (G1 Evacuation Pause)
[2025-11-08T00:40:38.562+0000][gc,task       ] GC(699) Using 2 workers of 2 for evacuation
[2025-11-08T00:40:38.579+0000][gc,phases     ] GC(699)   Pre Evacuate Collection Set: 0.0ms
[2025-11-08T00:40:38.583+0000][gc,phases     ] GC(699)   Evacuate Collection Set: 14.4ms
[2025-11-08T00:40:38.583+0000][gc,phases     ] GC(699)   Post Evacuate Collection Set: 2.4ms
[2025-11-08T00:40:38.583+0000][gc,phases     ] GC(699)   Other: 1.2ms
[2025-11-08T00:40:38.585+0000][gc,heap       ] GC(699) Eden regions: 33->0(36)
[2025-11-08T00:40:38.585+0000][gc,heap       ] GC(699) Survivor regions: 3->3(5)
[2025-11-08T00:40:38.586+0000][gc,heap       ] GC(699) Old regions: 391->391
[2025-11-08T00:40:38.586+0000][gc,heap       ] GC(699) Humongous regions: 147->147
[2025-11-08T00:40:38.588+0000][gc,metaspace  ] GC(699) Metaspace: 53290K(56604K)->53290K(56604K) NonClass: 47387K(49232K)->47387K(49232K) Class: 5903K(7372K)->5903K(7372K)
[2025-11-08T00:40:38.589+0000][gc            ] GC(699) Pause Young (Normal) (G1 Evacuation Pause) 572M->540M(684M) 27.629ms
[2025-11-08T00:40:38.589+0000][gc,cpu        ] GC(699) User=0.03s Sys=0.00s Real=0.03s
[2025-11-08T00:40:46.641+0000][gc,start      ] GC(700) Pause Young (Normal) (G1 Evacuation Pause)
[2025-11-08T00:40:46.641+0000][gc,task       ] GC(700) Using 2 workers of 2 for evacuation
[2025-11-08T00:40:46.651+0000][gc,phases     ] GC(700)   Pre Evacuate Collection Set: 0.0ms
[2025-11-08T00:40:46.651+0000][gc,phases     ] GC(700)   Evacuate Collection Set: 7.9ms
[2025-11-08T00:40:46.651+0000][gc,phases     ] GC(700)   Post Evacuate Collection Set: 0.9ms
[2025-11-08T00:40:46.651+0000][gc,phases     ] GC(700)   Other: 0.6ms
[2025-11-08T00:40:46.651+0000][gc,heap       ] GC(700) Eden regions: 31->0(38)
[2025-11-08T00:40:46.651+0000][gc,heap       ] GC(700) Survivor regions: 3->3(5)
[2025-11-08T00:40:46.652+0000][gc,heap       ] GC(700) Old regions: 391->391
[2025-11-08T00:40:46.652+0000][gc,heap       ] GC(700) Humongous regions: 147->147
[2025-11-08T00:40:46.652+0000][gc,metaspace  ] GC(700) Metaspace: 53290K(56604K)->53290K(56604K) NonClass: 47387K(49232K)->47387K(49232K) Class: 5903K(7372K)->5903K(7372K)
[2025-11-08T00:40:46.652+0000][gc            ] GC(700) Pause Young (Normal) (G1 Evacuation Pause) 571M->539M(684M) 11.006ms
[2025-11-08T00:40:46.652+0000][gc,cpu        ] GC(700) User=0.01s Sys=0.00s Real=0.01s
[2025-11-08T00:40:55.349+0000][gc,start      ] GC(701) Pause Young (Normal) (G1 Evacuation Pause)
[2025-11-08T00:40:55.349+0000][gc,task       ] GC(701) Using 2 workers of 2 for evacuation
[2025-11-08T00:40:55.359+0000][gc,phases     ] GC(701)   Pre Evacuate Collection Set: 0.0ms
[2025-11-08T00:40:55.359+0000][gc,phases     ] GC(701)   Evacuate Collection Set: 8.7ms
[2025-11-08T00:40:55.359+0000][gc,phases     ] GC(701)   Post Evacuate Collection Set: 0.6ms
[2025-11-08T00:40:55.359+0000][gc,phases     ] GC(701)   Other: 0.7ms
[2025-11-08T00:40:55.359+0000][gc,heap       ] GC(701) Eden regions: 34->0(40)
[2025-11-08T00:40:55.359+0000][gc,heap       ] GC(701) Survivor regions: 3->3(5)
[2025-11-08T00:40:55.360+0000][gc,heap       ] GC(701) Old regions: 391->391
[2025-11-08T00:40:55.360+0000][gc,heap       ] GC(701) Humongous regions: 147->147
[2025-11-08T00:40:55.360+0000][gc,metaspace  ] GC(701) Metaspace: 53290K(56604K)->53290K(56604K) NonClass: 47387K(49232K)->47387K(49232K) Class: 5903K(7372K)->5903K(7372K)
[2025-11-08T00:40:55.360+0000][gc            ] GC(701) Pause Young (Normal) (G1 Evacuation Pause) 573M->540M(684M) 11.500ms
[2025-11-08T00:40:55.360+0000][gc,cpu        ] GC(701) User=0.01s Sys=0.00s Real=0.01s
[2025-11-08T00:41:05.690+0000][gc,start      ] GC(702) Pause Young (Normal) (G1 Evacuation Pause)
[2025-11-08T00:41:05.690+0000][gc,task       ] GC(702) Using 2 workers of 2 for evacuation
[2025-11-08T00:41:05.702+0000][gc,phases     ] GC(702)   Pre Evacuate Collection Set: 0.0ms
[2025-11-08T00:41:05.702+0000][gc,phases     ] GC(702)   Evacuate Collection Set: 10.6ms
[2025-11-08T00:41:05.703+0000][gc,phases     ] GC(702)   Post Evacuate Collection Set: 0.8ms
[2025-11-08T00:41:05.703+0000][gc,phases     ] GC(702)   Other: 1.0ms
[2025-11-08T00:41:05.703+0000][gc,heap       ] GC(702) Eden regions: 40->0(42)
[2025-11-08T00:41:05.704+0000][gc,heap       ] GC(702) Survivor regions: 3->4(6)
[2025-11-08T00:41:05.704+0000][gc,heap       ] GC(702) Old regions: 391->391
[2025-11-08T00:41:05.704+0000][gc,heap       ] GC(702) Humongous regions: 147->147
[2025-11-08T00:41:05.704+0000][gc,metaspace  ] GC(702) Metaspace: 53290K(56604K)->53290K(56604K) NonClass: 47387K(49232K)->47387K(49232K) Class: 5903K(7372K)->5903K(7372K)
[2025-11-08T00:41:05.704+0000][gc            ] GC(702) Pause Young (Normal) (G1 Evacuation Pause) 580M->541M(684M) 14.595ms
[2025-11-08T00:41:05.705+0000][gc,cpu        ] GC(702) User=0.02s Sys=0.00s Real=0.02s
[2025-11-08T00:41:15.547+0000][gc,start      ] GC(703) Pause Young (Normal) (G1 Evacuation Pause)
[2025-11-08T00:41:15.547+0000][gc,task       ] GC(703) Using 2 workers of 2 for evacuation
[2025-11-08T00:41:15.571+0000][gc,mmu        ] GC(703) MMU target violated: 21.0ms (20.0ms/21.0ms)
[2025-11-08T00:41:15.571+0000][gc,phases     ] GC(703)   Pre Evacuate Collection Set: 0.0ms
[2025-11-08T00:41:15.572+0000][gc,phases     ] GC(703)   Evacuate Collection Set: 22.0ms
[2025-11-08T00:41:15.572+0000][gc,phases     ] GC(703)   Post Evacuate Collection Set: 1.3ms
[2025-11-08T00:41:15.572+0000][gc,phases     ] GC(703)   Other: 1.1ms
[2025-11-08T00:41:15.573+0000][gc,heap       ] GC(703) Eden regions: 38->0(36)
[2025-11-08T00:41:15.573+0000][gc,heap       ] GC(703) Survivor regions: 4->2(6)
[2025-11-08T00:41:15.573+0000][gc,heap       ] GC(703) Old regions: 391->392
[2025-11-08T00:41:15.574+0000][gc,heap       ] GC(703) Humongous regions: 147->147
[2025-11-08T00:41:15.574+0000][gc,metaspace  ] GC(703) Metaspace: 53290K(56604K)->53290K(56604K) NonClass: 47387K(49232K)->47387K(49232K) Class: 5903K(7372K)->5903K(7372K)
[2025-11-08T00:41:15.574+0000][gc            ] GC(703) Pause Young (Normal) (G1 Evacuation Pause) 579M->540M(684M) 27.197ms
[2025-11-08T00:41:15.574+0000][gc,cpu        ] GC(703) User=0.02s Sys=0.00s Real=0.03s
[2025-11-08T00:41:25.101+0000][gc,start      ] GC(704) Pause Young (Normal) (G1 Evacuation Pause)
[2025-11-08T00:41:25.101+0000][gc,task       ] GC(704) Using 2 workers of 2 for evacuation
[2025-11-08T00:41:25.112+0000][gc,phases     ] GC(704)   Pre Evacuate Collection Set: 0.0ms
[2025-11-08T00:41:25.113+0000][gc,phases     ] GC(704)   Evacuate Collection Set: 10.0ms
[2025-11-08T00:41:25.113+0000][gc,phases     ] GC(704)   Post Evacuate Collection Set: 0.9ms
[2025-11-08T00:41:25.113+0000][gc,phases     ] GC(704)   Other: 0.8ms
[2025-11-08T00:41:25.113+0000][gc,heap       ] GC(704) Eden regions: 36->0(37)
[2025-11-08T00:41:25.113+0000][gc,heap       ] GC(704) Survivor regions: 2->3(5)
[2025-11-08T00:41:25.114+0000][gc,heap       ] GC(704) Old regions: 392->392
[2025-11-08T00:41:25.114+0000][gc,heap       ] GC(704) Humongous regions: 147->147
[2025-11-08T00:41:25.114+0000][gc,metaspace  ] GC(704) Metaspace: 53290K(56604K)->53290K(56604K) NonClass: 47387K(49232K)->47387K(49232K) Class: 5903K(7372K)->5903K(7372K)
[2025-11-08T00:41:25.114+0000][gc            ] GC(704) Pause Young (Normal) (G1 Evacuation Pause) 576M->540M(684M) 13.810ms
[2025-11-08T00:41:25.115+0000][gc,cpu        ] GC(704) User=0.02s Sys=0.00s Real=0.02s
[2025-11-08T00:41:34.543+0000][gc,start      ] GC(705) Pause Young (Normal) (G1 Evacuation Pause)
[2025-11-08T00:41:34.543+0000][gc,task       ] GC(705) Using 2 workers of 2 for evacuation
[2025-11-08T00:41:34.559+0000][gc,phases     ] GC(705)   Pre Evacuate Collection Set: 0.0ms
[2025-11-08T00:41:34.559+0000][gc,phases     ] GC(705)   Evacuate Collection Set: 14.5ms
[2025-11-08T00:41:34.560+0000][gc,phases     ] GC(705)   Post Evacuate Collection Set: 0.9ms
[2025-11-08T00:41:34.560+0000][gc,phases     ] GC(705)   Other: 1.1ms
[2025-11-08T00:41:34.560+0000][gc,heap       ] GC(705) Eden regions: 34->0(37)
[2025-11-08T00:41:34.561+0000][gc,heap       ] GC(705) Survivor regions: 3->3(5)
[2025-11-08T00:41:34.561+0000][gc,heap       ] GC(705) Old regions: 392->392
[2025-11-08T00:41:34.561+0000][gc,heap       ] GC(705) Humongous regions: 147->147
[2025-11-08T00:41:34.562+0000][gc,metaspace  ] GC(705) Metaspace: 53290K(56604K)->53290K(56604K) NonClass: 47387K(49232K)->47387K(49232K) Class: 5903K(7372K)->5903K(7372K)
[2025-11-08T00:41:34.562+0000][gc            ] GC(705) Pause Young (Normal) (G1 Evacuation Pause) 574M->540M(684M) 19.227ms
[2025-11-08T00:41:34.562+0000][gc,cpu        ] GC(705) User=0.03s Sys=0.00s Real=0.01s
[2025-11-08T00:41:43.312+0000][gc,start      ] GC(706) Pause Young (Normal) (G1 Evacuation Pause)
[2025-11-08T00:41:43.313+0000][gc,task       ] GC(706) Using 2 workers of 2 for evacuation
[2025-11-08T00:41:43.333+0000][gc,phases     ] GC(706)   Pre Evacuate Collection Set: 0.0ms
[2025-11-08T00:41:43.334+0000][gc,phases     ] GC(706)   Evacuate Collection Set: 16.9ms
[2025-11-08T00:41:43.336+0000][gc,phases     ] GC(706)   Post Evacuate Collection Set: 1.9ms
[2025-11-08T00:41:43.337+0000][gc,phases     ] GC(706)   Other: 2.4ms
[2025-11-08T00:41:43.337+0000][gc,heap       ] GC(706) Eden regions: 31->0(34)
[2025-11-08T00:41:43.338+0000][gc,heap       ] GC(706) Survivor regions: 3->3(5)
[2025-11-08T00:41:43.338+0000][gc,heap       ] GC(706) Old regions: 392->392
[2025-11-08T00:41:43.338+0000][gc,heap       ] GC(706) Humongous regions: 147->147
[2025-11-08T00:41:43.339+0000][gc,metaspace  ] GC(706) Metaspace: 53290K(56604K)->53290K(56604K) NonClass: 47387K(49232K)->47387K(49232K) Class: 5903K(7372K)->5903K(7372K)
[2025-11-08T00:41:43.339+0000][gc            ] GC(706) Pause Young (Normal) (G1 Evacuation Pause) 571M->540M(684M) 26.872ms
[2025-11-08T00:41:43.339+0000][gc,cpu        ] GC(706) User=0.03s Sys=0.00s Real=0.02s
[2025-11-08T00:41:51.769+0000][gc,start      ] GC(707) Pause Young (Normal) (G1 Evacuation Pause)
[2025-11-08T00:41:51.769+0000][gc,task       ] GC(707) Using 2 workers of 2 for evacuation
[2025-11-08T00:41:51.797+0000][gc,mmu        ] GC(707) MMU target violated: 21.0ms (20.0ms/21.0ms)
[2025-11-08T00:41:51.799+0000][gc,phases     ] GC(707)   Pre Evacuate Collection Set: 0.0ms
[2025-11-08T00:41:51.799+0000][gc,phases     ] GC(707)   Evacuate Collection Set: 25.4ms
[2025-11-08T00:41:51.800+0000][gc,phases     ] GC(707)   Post Evacuate Collection Set: 1.6ms
[2025-11-08T00:41:51.800+0000][gc,phases     ] GC(707)   Other: 3.3ms
[2025-11-08T00:41:51.801+0000][gc,heap       ] GC(707) Eden regions: 31->0(30)
[2025-11-08T00:41:51.801+0000][gc,heap       ] GC(707) Survivor regions: 3->5(5)
[2025-11-08T00:41:51.801+0000][gc,heap       ] GC(707) Old regions: 392->392
[2025-11-08T00:41:51.803+0000][gc,heap       ] GC(707) Humongous regions: 147->147
[2025-11-08T00:41:51.803+0000][gc,metaspace  ] GC(707) Metaspace: 53290K(56604K)->53290K(56604K) NonClass: 47387K(49232K)->47387K(49232K) Class: 5903K(7372K)->5903K(7372K)
[2025-11-08T00:41:51.804+0000][gc            ] GC(707) Pause Young (Normal) (G1 Evacuation Pause) 571M->542M(684M) 34.942ms
[2025-11-08T00:41:51.804+0000][gc,cpu        ] GC(707) User=0.05s Sys=0.00s Real=0.04s
[2025-11-08T00:41:59.548+0000][gc,start      ] GC(708) Pause Young (Normal) (G1 Evacuation Pause)
[2025-11-08T00:41:59.548+0000][gc,task       ] GC(708) Using 2 workers of 2 for evacuation
[2025-11-08T00:41:59.623+0000][gc,mmu        ] GC(708) MMU target violated: 21.0ms (20.0ms/21.0ms)
[2025-11-08T00:41:59.624+0000][gc,phases     ] GC(708)   Pre Evacuate Collection Set: 0.0ms
[2025-11-08T00:41:59.624+0000][gc,phases     ] GC(708)   Evacuate Collection Set: 73.4ms
[2025-11-08T00:41:59.624+0000][gc,phases     ] GC(708)   Post Evacuate Collection Set: 1.0ms
[2025-11-08T00:41:59.625+0000][gc,phases     ] GC(708)   Other: 1.1ms
[2025-11-08T00:41:59.625+0000][gc,heap       ] GC(708) Eden regions: 29->0(31)
[2025-11-08T00:41:59.625+0000][gc,heap       ] GC(708) Survivor regions: 5->3(5)
[2025-11-08T00:41:59.626+0000][gc,heap       ] GC(708) Old regions: 392->393
[2025-11-08T00:41:59.626+0000][gc,heap       ] GC(708) Humongous regions: 147->147
[2025-11-08T00:41:59.626+0000][gc,metaspace  ] GC(708) Metaspace: 53290K(56604K)->53290K(56604K) NonClass: 47387K(49232K)->47387K(49232K) Class: 5903K(7372K)->5903K(7372K)
[2025-11-08T00:41:59.627+0000][gc            ] GC(708) Pause Young (Normal) (G1 Evacuation Pause) 571M->542M(684M) 78.591ms
[2025-11-08T00:41:59.627+0000][gc,cpu        ] GC(708) User=0.06s Sys=0.01s Real=0.08s
[2025-11-08T00:42:07.823+0000][gc,start      ] GC(709) Pause Young (Normal) (G1 Evacuation Pause)
[2025-11-08T00:42:07.823+0000][gc,task       ] GC(709) Using 2 workers of 2 for evacuation
[2025-11-08T00:42:07.832+0000][gc,phases     ] GC(709)   Pre Evacuate Collection Set: 0.0ms
[2025-11-08T00:42:07.832+0000][gc,phases     ] GC(709)   Evacuate Collection Set: 7.8ms
[2025-11-08T00:42:07.832+0000][gc,phases     ] GC(709)   Post Evacuate Collection Set: 0.7ms
[2025-11-08T00:42:07.833+0000][gc,phases     ] GC(709)   Other: 0.7ms
[2025-11-08T00:42:07.833+0000][gc,heap       ] GC(709) Eden regions: 31->0(32)
[2025-11-08T00:42:07.833+0000][gc,heap       ] GC(709) Survivor regions: 3->2(5)
[2025-11-08T00:42:07.833+0000][gc,heap       ] GC(709) Old regions: 393->393
[2025-11-08T00:42:07.834+0000][gc,heap       ] GC(709) Humongous regions: 147->147
[2025-11-08T00:42:07.834+0000][gc,metaspace  ] GC(709) Metaspace: 53290K(56604K)->53290K(56604K) NonClass: 47387K(49232K)->47387K(49232K) Class: 5903K(7372K)->5903K(7372K)
[2025-11-08T00:42:07.834+0000][gc            ] GC(709) Pause Young (Normal) (G1 Evacuation Pause) 573M->541M(684M) 11.432ms
[2025-11-08T00:42:07.834+0000][gc,cpu        ] GC(709) User=0.02s Sys=0.00s Real=0.01s
[2025-11-08T00:42:16.419+0000][gc,start      ] GC(710) Pause Young (Normal) (G1 Evacuation Pause)
[2025-11-08T00:42:16.419+0000][gc,task       ] GC(710) Using 2 workers of 2 for evacuation
[2025-11-08T00:42:16.428+0000][gc,phases     ] GC(710)   Pre Evacuate Collection Set: 0.0ms
[2025-11-08T00:42:16.429+0000][gc,phases     ] GC(710)   Evacuate Collection Set: 8.2ms
[2025-11-08T00:42:16.429+0000][gc,phases     ] GC(710)   Post Evacuate Collection Set: 0.7ms
[2025-11-08T00:42:16.429+0000][gc,phases     ] GC(710)   Other: 0.6ms
[2025-11-08T00:42:16.429+0000][gc,heap       ] GC(710) Eden regions: 32->0(32)
[2025-11-08T00:42:16.429+0000][gc,heap       ] GC(710) Survivor regions: 2->2(5)
[2025-11-08T00:42:16.429+0000][gc,heap       ] GC(710) Old regions: 393->393
[2025-11-08T00:42:16.429+0000][gc,heap       ] GC(710) Humongous regions: 147->147
[2025-11-08T00:42:16.430+0000][gc,metaspace  ] GC(710) Metaspace: 53290K(56604K)->53290K(56604K) NonClass: 47387K(49232K)->47387K(49232K) Class: 5903K(7372K)->5903K(7372K)
[2025-11-08T00:42:16.430+0000][gc            ] GC(710) Pause Young (Normal) (G1 Evacuation Pause) 573M->541M(684M) 10.919ms
[2025-11-08T00:42:16.430+0000][gc,cpu        ] GC(710) User=0.02s Sys=0.00s Real=0.01s
[2025-11-08T00:42:24.949+0000][gc,start      ] GC(711) Pause Young (Normal) (G1 Evacuation Pause)
[2025-11-08T00:42:24.949+0000][gc,task       ] GC(711) Using 2 workers of 2 for evacuation
[2025-11-08T00:42:24.959+0000][gc,phases     ] GC(711)   Pre Evacuate Collection Set: 0.0ms
[2025-11-08T00:42:24.960+0000][gc,phases     ] GC(711)   Evacuate Collection Set: 8.7ms
[2025-11-08T00:42:24.960+0000][gc,phases     ] GC(711)   Post Evacuate Collection Set: 0.6ms
[2025-11-08T00:42:24.960+0000][gc,phases     ] GC(711)   Other: 0.7ms
[2025-11-08T00:42:24.960+0000][gc,heap       ] GC(711) Eden regions: 32->0(32)
[2025-11-08T00:42:24.960+0000][gc,heap       ] GC(711) Survivor regions: 2->2(5)
[2025-11-08T00:42:24.961+0000][gc,heap       ] GC(711) Old regions: 393->393
[2025-11-08T00:42:24.961+0000][gc,heap       ] GC(711) Humongous regions: 147->147
[2025-11-08T00:42:24.961+0000][gc,metaspace  ] GC(711) Metaspace: 53290K(56604K)->53290K(56604K) NonClass: 47387K(49232K)->47387K(49232K) Class: 5903K(7372K)->5903K(7372K)
[2025-11-08T00:42:24.961+0000][gc            ] GC(711) Pause Young (Normal) (G1 Evacuation Pause) 573M->541M(684M) 11.711ms
[2025-11-08T00:42:24.961+0000][gc,cpu        ] GC(711) User=0.02s Sys=0.00s Real=0.01s
[2025-11-08T00:42:33.603+0000][gc,start      ] GC(712) Pause Young (Normal) (G1 Evacuation Pause)
[2025-11-08T00:42:33.604+0000][gc,task       ] GC(712) Using 2 workers of 2 for evacuation
[2025-11-08T00:42:33.626+0000][gc,phases     ] GC(712)   Pre Evacuate Collection Set: 0.0ms
[2025-11-08T00:42:33.627+0000][gc,phases     ] GC(712)   Evacuate Collection Set: 18.6ms
[2025-11-08T00:42:33.627+0000][gc,phases     ] GC(712)   Post Evacuate Collection Set: 0.8ms
[2025-11-08T00:42:33.628+0000][gc,phases     ] GC(712)   Other: 3.4ms
[2025-11-08T00:42:33.628+0000][gc,heap       ] GC(712) Eden regions: 32->0(32)
[2025-11-08T00:42:33.628+0000][gc,heap       ] GC(712) Survivor regions: 2->2(5)
[2025-11-08T00:42:33.629+0000][gc,heap       ] GC(712) Old regions: 393->393
[2025-11-08T00:42:33.629+0000][gc,heap       ] GC(712) Humongous regions: 147->147
[2025-11-08T00:42:33.629+0000][gc,metaspace  ] GC(712) Metaspace: 53290K(56604K)->53290K(56604K) NonClass: 47387K(49232K)->47387K(49232K) Class: 5903K(7372K)->5903K(7372K)
[2025-11-08T00:42:33.629+0000][gc            ] GC(712) Pause Young (Normal) (G1 Evacuation Pause) 573M->541M(684M) 25.800ms
[2025-11-08T00:42:33.630+0000][gc,cpu        ] GC(712) User=0.03s Sys=0.00s Real=0.02s
[2025-11-08T00:42:42.400+0000][gc,start      ] GC(713) Pause Young (Normal) (G1 Evacuation Pause)
[2025-11-08T00:42:42.400+0000][gc,task       ] GC(713) Using 2 workers of 2 for evacuation
[2025-11-08T00:42:42.411+0000][gc,phases     ] GC(713)   Pre Evacuate Collection Set: 0.0ms
[2025-11-08T00:42:42.411+0000][gc,phases     ] GC(713)   Evacuate Collection Set: 10.0ms
[2025-11-08T00:42:42.411+0000][gc,phases     ] GC(713)   Post Evacuate Collection Set: 0.6ms
[2025-11-08T00:42:42.412+0000][gc,phases     ] GC(713)   Other: 0.7ms
[2025-11-08T00:42:42.412+0000][gc,heap       ] GC(713) Eden regions: 32->0(32)
[2025-11-08T00:42:42.412+0000][gc,heap       ] GC(713) Survivor regions: 2->5(5)
[2025-11-08T00:42:42.412+0000][gc,heap       ] GC(713) Old regions: 393->393
[2025-11-08T00:42:42.412+0000][gc,heap       ] GC(713) Humongous regions: 147->147
[2025-11-08T00:42:42.413+0000][gc,metaspace  ] GC(713) Metaspace: 53290K(56604K)->53290K(56604K) NonClass: 47387K(49232K)->47387K(49232K) Class: 5903K(7372K)->5903K(7372K)
[2025-11-08T00:42:42.413+0000][gc            ] GC(713) Pause Young (Normal) (G1 Evacuation Pause) 573M->544M(684M) 13.111ms
[2025-11-08T00:42:42.413+0000][gc,cpu        ] GC(713) User=0.02s Sys=0.00s Real=0.01s
[2025-11-08T00:42:50.676+0000][gc,start      ] GC(714) Pause Young (Normal) (G1 Evacuation Pause)
[2025-11-08T00:42:50.677+0000][gc,task       ] GC(714) Using 2 workers of 2 for evacuation
[2025-11-08T00:42:50.713+0000][gc,mmu        ] GC(714) MMU target violated: 21.0ms (20.0ms/21.0ms)
[2025-11-08T00:42:50.714+0000][gc,phases     ] GC(714)   Pre Evacuate Collection Set: 0.0ms
[2025-11-08T00:42:50.714+0000][gc,phases     ] GC(714)   Evacuate Collection Set: 35.8ms
[2025-11-08T00:42:50.714+0000][gc,phases     ] GC(714)   Post Evacuate Collection Set: 0.8ms
[2025-11-08T00:42:50.714+0000][gc,phases     ] GC(714)   Other: 0.7ms
[2025-11-08T00:42:50.714+0000][gc,heap       ] GC(714) Eden regions: 32->0(31)
[2025-11-08T00:42:50.715+0000][gc,heap       ] GC(714) Survivor regions: 5->3(5)
[2025-11-08T00:42:50.715+0000][gc,heap       ] GC(714) Old regions: 393->395
[2025-11-08T00:42:50.715+0000][gc,heap       ] GC(714) Humongous regions: 147->147
[2025-11-08T00:42:50.715+0000][gc,metaspace  ] GC(714) Metaspace: 53290K(56604K)->53290K(56604K) NonClass: 47387K(49232K)->47387K(49232K) Class: 5903K(7372K)->5903K(7372K)
[2025-11-08T00:42:50.716+0000][gc            ] GC(714) Pause Young (Normal) (G1 Evacuation Pause) 576M->544M(684M) 39.216ms
[2025-11-08T00:42:50.716+0000][gc,cpu        ] GC(714) User=0.04s Sys=0.00s Real=0.04s
[2025-11-08T00:42:58.834+0000][gc,start      ] GC(715) Pause Young (Normal) (G1 Evacuation Pause)
[2025-11-08T00:42:58.835+0000][gc,task       ] GC(715) Using 2 workers of 2 for evacuation
[2025-11-08T00:42:58.845+0000][gc,phases     ] GC(715)   Pre Evacuate Collection Set: 0.1ms
[2025-11-08T00:42:58.845+0000][gc,phases     ] GC(715)   Evacuate Collection Set: 9.3ms
[2025-11-08T00:42:58.845+0000][gc,phases     ] GC(715)   Post Evacuate Collection Set: 0.6ms
[2025-11-08T00:42:58.845+0000][gc,phases     ] GC(715)   Other: 0.7ms
[2025-11-08T00:42:58.846+0000][gc,heap       ] GC(715) Eden regions: 31->0(31)
[2025-11-08T00:42:58.846+0000][gc,heap       ] GC(715) Survivor regions: 3->3(5)
[2025-11-08T00:42:58.846+0000][gc,heap       ] GC(715) Old regions: 395->395
[2025-11-08T00:42:58.846+0000][gc,heap       ] GC(715) Humongous regions: 147->147
[2025-11-08T00:42:58.846+0000][gc,metaspace  ] GC(715) Metaspace: 53290K(56604K)->53290K(56604K) NonClass: 47387K(49232K)->47387K(49232K) Class: 5903K(7372K)->5903K(7372K)
[2025-11-08T00:42:58.847+0000][gc            ] GC(715) Pause Young (Normal) (G1 Evacuation Pause) 575M->544M(684M) 12.073ms
[2025-11-08T00:42:58.847+0000][gc,cpu        ] GC(715) User=0.02s Sys=0.00s Real=0.01s
[2025-11-08T00:43:06.891+0000][gc,start      ] GC(716) Pause Young (Normal) (G1 Evacuation Pause)
[2025-11-08T00:43:06.891+0000][gc,task       ] GC(716) Using 2 workers of 2 for evacuation
[2025-11-08T00:43:06.899+0000][gc,phases     ] GC(716)   Pre Evacuate Collection Set: 0.0ms
[2025-11-08T00:43:06.899+0000][gc,phases     ] GC(716)   Evacuate Collection Set: 7.5ms
[2025-11-08T00:43:06.900+0000][gc,phases     ] GC(716)   Post Evacuate Collection Set: 0.6ms
[2025-11-08T00:43:06.900+0000][gc,phases     ] GC(716)   Other: 0.6ms
[2025-11-08T00:43:06.900+0000][gc,heap       ] GC(716) Eden regions: 31->0(33)
[2025-11-08T00:43:06.900+0000][gc,heap       ] GC(716) Survivor regions: 3->3(5)
[2025-11-08T00:43:06.900+0000][gc,heap       ] GC(716) Old regions: 395->395
[2025-11-08T00:43:06.900+0000][gc,heap       ] GC(716) Humongous regions: 147->147
[2025-11-08T00:43:06.900+0000][gc,metaspace  ] GC(716) Metaspace: 53290K(56604K)->53290K(56604K) NonClass: 47387K(49232K)->47387K(49232K) Class: 5903K(7372K)->5903K(7372K)
[2025-11-08T00:43:06.901+0000][gc            ] GC(716) Pause Young (Normal) (G1 Evacuation Pause) 575M->543M(684M) 10.029ms
[2025-11-08T00:43:06.901+0000][gc,cpu        ] GC(716) User=0.02s Sys=0.00s Real=0.01s
[2025-11-08T00:43:15.603+0000][gc,start      ] GC(717) Pause Young (Normal) (G1 Evacuation Pause)
[2025-11-08T00:43:15.604+0000][gc,task       ] GC(717) Using 2 workers of 2 for evacuation
[2025-11-08T00:43:15.615+0000][gc,phases     ] GC(717)   Pre Evacuate Collection Set: 0.0ms
[2025-11-08T00:43:15.615+0000][gc,phases     ] GC(717)   Evacuate Collection Set: 10.3ms
[2025-11-08T00:43:15.616+0000][gc,phases     ] GC(717)   Post Evacuate Collection Set: 0.8ms
[2025-11-08T00:43:15.616+0000][gc,phases     ] GC(717)   Other: 0.7ms
[2025-11-08T00:43:15.616+0000][gc,heap       ] GC(717) Eden regions: 33->0(35)
[2025-11-08T00:43:15.616+0000][gc,heap       ] GC(717) Survivor regions: 3->3(5)
[2025-11-08T00:43:15.616+0000][gc,heap       ] GC(717) Old regions: 395->395
[2025-11-08T00:43:15.617+0000][gc,heap       ] GC(717) Humongous regions: 147->147
[2025-11-08T00:43:15.617+0000][gc,metaspace  ] GC(717) Metaspace: 53290K(56604K)->53290K(56604K) NonClass: 47387K(49232K)->47387K(49232K) Class: 5903K(7372K)->5903K(7372K)
[2025-11-08T00:43:15.617+0000][gc            ] GC(717) Pause Young (Normal) (G1 Evacuation Pause) 576M->544M(684M) 13.722ms
[2025-11-08T00:43:15.617+0000][gc,cpu        ] GC(717) User=0.02s Sys=0.00s Real=0.01s
[2025-11-08T00:43:24.995+0000][gc,start      ] GC(718) Pause Young (Normal) (G1 Evacuation Pause)
[2025-11-08T00:43:24.995+0000][gc,task       ] GC(718) Using 2 workers of 2 for evacuation
[2025-11-08T00:43:25.006+0000][gc,phases     ] GC(718)   Pre Evacuate Collection Set: 0.0ms
[2025-11-08T00:43:25.007+0000][gc,phases     ] GC(718)   Evacuate Collection Set: 10.3ms
[2025-11-08T00:43:25.007+0000][gc,phases     ] GC(718)   Post Evacuate Collection Set: 0.8ms
[2025-11-08T00:43:25.008+0000][gc,phases     ] GC(718)   Other: 0.7ms
[2025-11-08T00:43:25.008+0000][gc,heap       ] GC(718) Eden regions: 35->0(37)
[2025-11-08T00:43:25.008+0000][gc,heap       ] GC(718) Survivor regions: 3->3(5)
[2025-11-08T00:43:25.008+0000][gc,heap       ] GC(718) Old regions: 395->395
[2025-11-08T00:43:25.008+0000][gc,heap       ] GC(718) Humongous regions: 147->147
[2025-11-08T00:43:25.009+0000][gc,metaspace  ] GC(718) Metaspace: 53290K(56604K)->53290K(56604K) NonClass: 47387K(49232K)->47387K(49232K) Class: 5903K(7372K)->5903K(7372K)
[2025-11-08T00:43:25.009+0000][gc            ] GC(718) Pause Young (Normal) (G1 Evacuation Pause) 579M->544M(684M) 14.748ms
[2025-11-08T00:43:25.010+0000][gc,cpu        ] GC(718) User=0.03s Sys=0.00s Real=0.01s
[2025-11-08T00:43:34.879+0000][gc,start      ] GC(719) Pause Young (Normal) (G1 Evacuation Pause)
[2025-11-08T00:43:34.879+0000][gc,task       ] GC(719) Using 2 workers of 2 for evacuation
[2025-11-08T00:43:34.894+0000][gc,phases     ] GC(719)   Pre Evacuate Collection Set: 0.0ms
[2025-11-08T00:43:34.894+0000][gc,phases     ] GC(719)   Evacuate Collection Set: 13.1ms
[2025-11-08T00:43:34.894+0000][gc,phases     ] GC(719)   Post Evacuate Collection Set: 0.7ms
[2025-11-08T00:43:34.894+0000][gc,phases     ] GC(719)   Other: 0.8ms
[2025-11-08T00:43:34.895+0000][gc,heap       ] GC(719) Eden regions: 37->0(38)
[2025-11-08T00:43:34.895+0000][gc,heap       ] GC(719) Survivor regions: 3->4(5)
[2025-11-08T00:43:34.895+0000][gc,heap       ] GC(719) Old regions: 395->395
[2025-11-08T00:43:34.895+0000][gc,heap       ] GC(719) Humongous regions: 147->147
[2025-11-08T00:43:34.896+0000][gc,metaspace  ] GC(719) Metaspace: 53290K(56604K)->53290K(56604K) NonClass: 47387K(49232K)->47387K(49232K) Class: 5903K(7372K)->5903K(7372K)
[2025-11-08T00:43:34.896+0000][gc            ] GC(719) Pause Young (Normal) (G1 Evacuation Pause) 581M->545M(684M) 16.937ms
[2025-11-08T00:43:34.896+0000][gc,cpu        ] GC(719) User=0.03s Sys=0.00s Real=0.02s
[2025-11-08T00:43:44.766+0000][gc,start      ] GC(720) Pause Young (Normal) (G1 Evacuation Pause)
[2025-11-08T00:43:44.767+0000][gc,task       ] GC(720) Using 2 workers of 2 for evacuation
[2025-11-08T00:43:44.780+0000][gc,phases     ] GC(720)   Pre Evacuate Collection Set: 0.0ms
[2025-11-08T00:43:44.780+0000][gc,phases     ] GC(720)   Evacuate Collection Set: 12.5ms
[2025-11-08T00:43:44.780+0000][gc,phases     ] GC(720)   Post Evacuate Collection Set: 0.5ms
[2025-11-08T00:43:44.781+0000][gc,phases     ] GC(720)   Other: 0.8ms
[2025-11-08T00:43:44.781+0000][gc,heap       ] GC(720) Eden regions: 38->0(38)
[2025-11-08T00:43:44.781+0000][gc,heap       ] GC(720) Survivor regions: 4->4(6)
[2025-11-08T00:43:44.781+0000][gc,heap       ] GC(720) Old regions: 395->396
[2025-11-08T00:43:44.781+0000][gc,heap       ] GC(720) Humongous regions: 147->147
[2025-11-08T00:43:44.781+0000][gc,metaspace  ] GC(720) Metaspace: 53290K(56604K)->53290K(56604K) NonClass: 47387K(49232K)->47387K(49232K) Class: 5903K(7372K)->5903K(7372K)
[2025-11-08T00:43:44.782+0000][gc            ] GC(720) Pause Young (Normal) (G1 Evacuation Pause) 583M->545M(684M) 15.170ms
[2025-11-08T00:43:44.782+0000][gc,cpu        ] GC(720) User=0.01s Sys=0.01s Real=0.01s
[2025-11-08T00:43:54.641+0000][gc,start      ] GC(721) Pause Young (Normal) (G1 Evacuation Pause)
[2025-11-08T00:43:54.642+0000][gc,task       ] GC(721) Using 2 workers of 2 for evacuation
[2025-11-08T00:43:54.657+0000][gc,phases     ] GC(721)   Pre Evacuate Collection Set: 0.0ms
[2025-11-08T00:43:54.658+0000][gc,phases     ] GC(721)   Evacuate Collection Set: 14.9ms
[2025-11-08T00:43:54.658+0000][gc,phases     ] GC(721)   Post Evacuate Collection Set: 0.5ms
[2025-11-08T00:43:54.658+0000][gc,phases     ] GC(721)   Other: 0.7ms
[2025-11-08T00:43:54.658+0000][gc,heap       ] GC(721) Eden regions: 38->0(38)
[2025-11-08T00:43:54.658+0000][gc,heap       ] GC(721) Survivor regions: 4->2(6)
[2025-11-08T00:43:54.658+0000][gc,heap       ] GC(721) Old regions: 396->396
[2025-11-08T00:43:54.658+0000][gc,heap       ] GC(721) Humongous regions: 147->147
[2025-11-08T00:43:54.658+0000][gc,metaspace  ] GC(721) Metaspace: 53290K(56604K)->53290K(56604K) NonClass: 47387K(49232K)->47387K(49232K) Class: 5903K(7372K)->5903K(7372K)
[2025-11-08T00:43:54.659+0000][gc            ] GC(721) Pause Young (Normal) (G1 Evacuation Pause) 583M->544M(684M) 17.226ms
[2025-11-08T00:43:54.659+0000][gc,cpu        ] GC(721) User=0.02s Sys=0.00s Real=0.02s
[2025-11-08T00:44:04.436+0000][gc,start      ] GC(722) Pause Young (Normal) (G1 Evacuation Pause)
[2025-11-08T00:44:04.436+0000][gc,task       ] GC(722) Using 2 workers of 2 for evacuation
[2025-11-08T00:44:04.444+0000][gc,phases     ] GC(722)   Pre Evacuate Collection Set: 0.0ms
[2025-11-08T00:44:04.445+0000][gc,phases     ] GC(722)   Evacuate Collection Set: 7.3ms
[2025-11-08T00:44:04.445+0000][gc,phases     ] GC(722)   Post Evacuate Collection Set: 0.5ms
[2025-11-08T00:44:04.445+0000][gc,phases     ] GC(722)   Other: 0.7ms
[2025-11-08T00:44:04.445+0000][gc,heap       ] GC(722) Eden regions: 38->0(40)
[2025-11-08T00:44:04.445+0000][gc,heap       ] GC(722) Survivor regions: 2->3(5)
[2025-11-08T00:44:04.445+0000][gc,heap       ] GC(722) Old regions: 396->396
[2025-11-08T00:44:04.446+0000][gc,heap       ] GC(722) Humongous regions: 147->147
[2025-11-08T00:44:04.446+0000][gc,metaspace  ] GC(722) Metaspace: 53290K(56604K)->53290K(56604K) NonClass: 47387K(49232K)->47387K(49232K) Class: 5903K(7372K)->5903K(7372K)
[2025-11-08T00:44:04.446+0000][gc            ] GC(722) Pause Young (Normal) (G1 Evacuation Pause) 582M->545M(684M) 10.205ms
[2025-11-08T00:44:04.446+0000][gc,cpu        ] GC(722) User=0.01s Sys=0.00s Real=0.01s
[2025-11-08T00:44:14.843+0000][gc,start      ] GC(723) Pause Young (Normal) (G1 Evacuation Pause)
[2025-11-08T00:44:14.843+0000][gc,task       ] GC(723) Using 2 workers of 2 for evacuation
[2025-11-08T00:44:14.853+0000][gc,phases     ] GC(723)   Pre Evacuate Collection Set: 0.0ms
[2025-11-08T00:44:14.853+0000][gc,phases     ] GC(723)   Evacuate Collection Set: 9.0ms
[2025-11-08T00:44:14.853+0000][gc,phases     ] GC(723)   Post Evacuate Collection Set: 0.6ms
[2025-11-08T00:44:14.853+0000][gc,phases     ] GC(723)   Other: 0.8ms
[2025-11-08T00:44:14.854+0000][gc,heap       ] GC(723) Eden regions: 40->0(42)
[2025-11-08T00:44:14.854+0000][gc,heap       ] GC(723) Survivor regions: 3->4(6)
[2025-11-08T00:44:14.854+0000][gc,heap       ] GC(723) Old regions: 396->396
[2025-11-08T00:44:14.854+0000][gc,heap       ] GC(723) Humongous regions: 147->147
[2025-11-08T00:44:14.854+0000][gc,metaspace  ] GC(723) Metaspace: 53290K(56604K)->53290K(56604K) NonClass: 47387K(49232K)->47387K(49232K) Class: 5903K(7372K)->5903K(7372K)
[2025-11-08T00:44:14.854+0000][gc            ] GC(723) Pause Young (Normal) (G1 Evacuation Pause) 585M->546M(684M) 11.779ms
[2025-11-08T00:44:14.854+0000][gc,cpu        ] GC(723) User=0.02s Sys=0.00s Real=0.02s
[2025-11-08T00:44:25.738+0000][gc,start      ] GC(724) Pause Young (Normal) (G1 Evacuation Pause)
[2025-11-08T00:44:25.738+0000][gc,task       ] GC(724) Using 2 workers of 2 for evacuation
[2025-11-08T00:44:25.760+0000][gc,mmu        ] GC(724) MMU target violated: 21.0ms (20.0ms/21.0ms)
[2025-11-08T00:44:25.761+0000][gc,phases     ] GC(724)   Pre Evacuate Collection Set: 0.0ms
[2025-11-08T00:44:25.762+0000][gc,phases     ] GC(724)   Evacuate Collection Set: 20.4ms
[2025-11-08T00:44:25.762+0000][gc,phases     ] GC(724)   Post Evacuate Collection Set: 1.3ms
[2025-11-08T00:44:25.763+0000][gc,phases     ] GC(724)   Other: 1.1ms
[2025-11-08T00:44:25.763+0000][gc,heap       ] GC(724) Eden regions: 42->0(39)
[2025-11-08T00:44:25.763+0000][gc,heap       ] GC(724) Survivor regions: 4->3(6)
[2025-11-08T00:44:25.763+0000][gc,heap       ] GC(724) Old regions: 396->397
[2025-11-08T00:44:25.763+0000][gc,heap       ] GC(724) Humongous regions: 147->147
[2025-11-08T00:44:25.764+0000][gc,metaspace  ] GC(724) Metaspace: 53290K(56604K)->53290K(56604K) NonClass: 47387K(49232K)->47387K(49232K) Class: 5903K(7372K)->5903K(7372K)
[2025-11-08T00:44:25.764+0000][gc            ] GC(724) Pause Young (Normal) (G1 Evacuation Pause) 588M->545M(684M) 26.399ms
[2025-11-08T00:44:25.764+0000][gc,cpu        ] GC(724) User=0.03s Sys=0.00s Real=0.03s
[2025-11-08T00:44:35.252+0000][gc,start      ] GC(725) Pause Young (Normal) (G1 Evacuation Pause)
[2025-11-08T00:44:35.252+0000][gc,task       ] GC(725) Using 2 workers of 2 for evacuation
[2025-11-08T00:44:35.263+0000][gc,phases     ] GC(725)   Pre Evacuate Collection Set: 0.0ms
[2025-11-08T00:44:35.263+0000][gc,phases     ] GC(725)   Evacuate Collection Set: 9.6ms
[2025-11-08T00:44:35.263+0000][gc,phases     ] GC(725)   Post Evacuate Collection Set: 0.7ms
[2025-11-08T00:44:35.264+0000][gc,phases     ] GC(725)   Other: 0.8ms
[2025-11-08T00:44:35.264+0000][gc,heap       ] GC(725) Eden regions: 36->0(40)
[2025-11-08T00:44:35.264+0000][gc,heap       ] GC(725) Survivor regions: 3->3(5)
[2025-11-08T00:44:35.264+0000][gc,heap       ] GC(725) Old regions: 397->397
[2025-11-08T00:44:35.265+0000][gc,heap       ] GC(725) Humongous regions: 147->147
[2025-11-08T00:44:35.265+0000][gc,metaspace  ] GC(725) Metaspace: 53290K(56604K)->53290K(56604K) NonClass: 47387K(49232K)->47387K(49232K) Class: 5903K(7372K)->5903K(7372K)
[2025-11-08T00:44:35.265+0000][gc            ] GC(725) Pause Young (Normal) (G1 Evacuation Pause) 581M->546M(684M) 13.192ms
[2025-11-08T00:44:35.265+0000][gc,cpu        ] GC(725) User=0.02s Sys=0.00s Real=0.02s
[2025-11-08T00:44:44.997+0000][gc,start      ] GC(726) Pause Young (Normal) (G1 Evacuation Pause)
[2025-11-08T00:44:44.997+0000][gc,task       ] GC(726) Using 2 workers of 2 for evacuation
[2025-11-08T00:44:45.014+0000][gc,phases     ] GC(726)   Pre Evacuate Collection Set: 0.0ms
[2025-11-08T00:44:45.015+0000][gc,phases     ] GC(726)   Evacuate Collection Set: 16.2ms
[2025-11-08T00:44:45.015+0000][gc,phases     ] GC(726)   Post Evacuate Collection Set: 0.5ms
[2025-11-08T00:44:45.015+0000][gc,phases     ] GC(726)   Other: 0.6ms
[2025-11-08T00:44:45.015+0000][gc,heap       ] GC(726) Eden regions: 37->0(39)
[2025-11-08T00:44:45.015+0000][gc,heap       ] GC(726) Survivor regions: 3->4(5)
[2025-11-08T00:44:45.015+0000][gc,heap       ] GC(726) Old regions: 397->397
[2025-11-08T00:44:45.015+0000][gc,heap       ] GC(726) Humongous regions: 147->147
[2025-11-08T00:44:45.016+0000][gc,metaspace  ] GC(726) Metaspace: 53290K(56604K)->53290K(56604K) NonClass: 47387K(49232K)->47387K(49232K) Class: 5903K(7372K)->5903K(7372K)
[2025-11-08T00:44:45.016+0000][gc            ] GC(726) Pause Young (Normal) (G1 Evacuation Pause) 583M->547M(684M) 18.871ms
[2025-11-08T00:44:45.016+0000][gc,cpu        ] GC(726) User=0.03s Sys=0.00s Real=0.02s
[2025-11-08T00:44:55.264+0000][gc,start      ] GC(727) Pause Young (Normal) (G1 Evacuation Pause)
[2025-11-08T00:44:55.264+0000][gc,task       ] GC(727) Using 2 workers of 2 for evacuation
[2025-11-08T00:44:55.275+0000][gc,phases     ] GC(727)   Pre Evacuate Collection Set: 0.0ms
[2025-11-08T00:44:55.275+0000][gc,phases     ] GC(727)   Evacuate Collection Set: 10.2ms
[2025-11-08T00:44:55.276+0000][gc,phases     ] GC(727)   Post Evacuate Collection Set: 0.6ms
[2025-11-08T00:44:55.276+0000][gc,phases     ] GC(727)   Other: 0.7ms
[2025-11-08T00:44:55.276+0000][gc,heap       ] GC(727) Eden regions: 39->0(40)
[2025-11-08T00:44:55.276+0000][gc,heap       ] GC(727) Survivor regions: 4->4(6)
[2025-11-08T00:44:55.277+0000][gc,heap       ] GC(727) Old regions: 397->397
[2025-11-08T00:44:55.277+0000][gc,heap       ] GC(727) Humongous regions: 147->147
[2025-11-08T00:44:55.277+0000][gc,metaspace  ] GC(727) Metaspace: 53290K(56604K)->53290K(56604K) NonClass: 47387K(49232K)->47387K(49232K) Class: 5903K(7372K)->5903K(7372K)
[2025-11-08T00:44:55.277+0000][gc            ] GC(727) Pause Young (Normal) (G1 Evacuation Pause) 586M->547M(684M) 13.448ms
[2025-11-08T00:44:55.277+0000][gc,cpu        ] GC(727) User=0.02s Sys=0.00s Real=0.01s
[2025-11-08T00:45:05.027+0000][gc,start      ] GC(728) Pause Young (Normal) (G1 Evacuation Pause)
[2025-11-08T00:45:05.028+0000][gc,task       ] GC(728) Using 2 workers of 2 for evacuation
[2025-11-08T00:45:05.053+0000][gc,mmu        ] GC(728) MMU target violated: 21.0ms (20.0ms/21.0ms)
[2025-11-08T00:45:05.053+0000][gc,phases     ] GC(728)   Pre Evacuate Collection Set: 0.0ms
[2025-11-08T00:45:05.053+0000][gc,phases     ] GC(728)   Evacuate Collection Set: 23.8ms
[2025-11-08T00:45:05.054+0000][gc,phases     ] GC(728)   Post Evacuate Collection Set: 0.6ms
[2025-11-08T00:45:05.054+0000][gc,phases     ] GC(728)   Other: 1.3ms
[2025-11-08T00:45:05.054+0000][gc,heap       ] GC(728) Eden regions: 37->0(37)
[2025-11-08T00:45:05.054+0000][gc,heap       ] GC(728) Survivor regions: 4->2(6)
[2025-11-08T00:45:05.054+0000][gc,heap       ] GC(728) Old regions: 397->398
[2025-11-08T00:45:05.054+0000][gc,heap       ] GC(728) Humongous regions: 147->147
[2025-11-08T00:45:05.055+0000][gc,metaspace  ] GC(728) Metaspace: 53290K(56604K)->53290K(56604K) NonClass: 47387K(49232K)->47387K(49232K) Class: 5903K(7372K)->5903K(7372K)
[2025-11-08T00:45:05.055+0000][gc            ] GC(728) Pause Young (Normal) (G1 Evacuation Pause) 584M->546M(684M) 27.235ms
[2025-11-08T00:45:05.055+0000][gc,cpu        ] GC(728) User=0.02s Sys=0.00s Real=0.03s
[2025-11-08T00:45:14.711+0000][gc,start      ] GC(729) Pause Young (Normal) (G1 Evacuation Pause)
[2025-11-08T00:45:14.711+0000][gc,task       ] GC(729) Using 2 workers of 2 for evacuation
[2025-11-08T00:45:14.721+0000][gc,phases     ] GC(729)   Pre Evacuate Collection Set: 0.0ms
[2025-11-08T00:45:14.721+0000][gc,phases     ] GC(729)   Evacuate Collection Set: 8.5ms
[2025-11-08T00:45:14.722+0000][gc,phases     ] GC(729)   Post Evacuate Collection Set: 0.7ms
[2025-11-08T00:45:14.722+0000][gc,phases     ] GC(729)   Other: 0.7ms
[2025-11-08T00:45:14.722+0000][gc,heap       ] GC(729) Eden regions: 37->0(37)
[2025-11-08T00:45:14.722+0000][gc,heap       ] GC(729) Survivor regions: 2->3(5)
[2025-11-08T00:45:14.722+0000][gc,heap       ] GC(729) Old regions: 398->398
[2025-11-08T00:45:14.723+0000][gc,heap       ] GC(729) Humongous regions: 147->147
[2025-11-08T00:45:14.723+0000][gc,metaspace  ] GC(729) Metaspace: 53290K(56604K)->53290K(56604K) NonClass: 47387K(49232K)->47387K(49232K) Class: 5903K(7372K)->5903K(7372K)
[2025-11-08T00:45:14.723+0000][gc            ] GC(729) Pause Young (Normal) (G1 Evacuation Pause) 583M->547M(684M) 11.997ms
[2025-11-08T00:45:14.723+0000][gc,cpu        ] GC(729) User=0.02s Sys=0.00s Real=0.02s
[2025-11-08T00:45:24.203+0000][gc,start      ] GC(730) Pause Young (Normal) (G1 Evacuation Pause)
[2025-11-08T00:45:24.204+0000][gc,task       ] GC(730) Using 2 workers of 2 for evacuation
[2025-11-08T00:45:24.222+0000][gc,phases     ] GC(730)   Pre Evacuate Collection Set: 0.0ms
[2025-11-08T00:45:24.223+0000][gc,phases     ] GC(730)   Evacuate Collection Set: 16.0ms
[2025-11-08T00:45:24.223+0000][gc,phases     ] GC(730)   Post Evacuate Collection Set: 2.0ms
[2025-11-08T00:45:24.223+0000][gc,phases     ] GC(730)   Other: 1.1ms
[2025-11-08T00:45:24.224+0000][gc,heap       ] GC(730) Eden regions: 36->0(36)
[2025-11-08T00:45:24.224+0000][gc,heap       ] GC(730) Survivor regions: 3->3(5)
[2025-11-08T00:45:24.224+0000][gc,heap       ] GC(730) Old regions: 398->398
[2025-11-08T00:45:24.225+0000][gc,heap       ] GC(730) Humongous regions: 147->147
[2025-11-08T00:45:24.225+0000][gc,metaspace  ] GC(730) Metaspace: 53290K(56604K)->53290K(56604K) NonClass: 47387K(49232K)->47387K(49232K) Class: 5903K(7372K)->5903K(7372K)
[2025-11-08T00:45:24.225+0000][gc            ] GC(730) Pause Young (Normal) (G1 Evacuation Pause) 583M->547M(684M) 22.171ms
[2025-11-08T00:45:24.226+0000][gc,cpu        ] GC(730) User=0.04s Sys=0.00s Real=0.02s
[2025-11-08T00:45:32.475+0000][gc,start      ] GC(731) Pause Young (Normal) (G1 Evacuation Pause)
[2025-11-08T00:45:32.476+0000][gc,task       ] GC(731) Using 2 workers of 2 for evacuation
[2025-11-08T00:45:32.502+0000][gc,mmu        ] GC(731) MMU target violated: 21.0ms (20.0ms/21.0ms)
[2025-11-08T00:45:32.503+0000][gc,phases     ] GC(731)   Pre Evacuate Collection Set: 0.0ms
[2025-11-08T00:45:32.503+0000][gc,phases     ] GC(731)   Evacuate Collection Set: 25.2ms
[2025-11-08T00:45:32.503+0000][gc,phases     ] GC(731)   Post Evacuate Collection Set: 0.9ms
[2025-11-08T00:45:32.503+0000][gc,phases     ] GC(731)   Other: 1.4ms
[2025-11-08T00:45:32.504+0000][gc,heap       ] GC(731) Eden regions: 31->0(31)
[2025-11-08T00:45:32.504+0000][gc,heap       ] GC(731) Survivor regions: 3->3(5)
[2025-11-08T00:45:32.504+0000][gc,heap       ] GC(731) Old regions: 398->399
[2025-11-08T00:45:32.504+0000][gc,heap       ] GC(731) Humongous regions: 147->147
[2025-11-08T00:45:32.505+0000][gc,metaspace  ] GC(731) Metaspace: 53290K(56604K)->53290K(56604K) NonClass: 47387K(49232K)->47387K(49232K) Class: 5903K(7372K)->5903K(7372K)
[2025-11-08T00:45:32.505+0000][gc            ] GC(731) Pause Young (Normal) (G1 Evacuation Pause) 578M->547M(684M) 29.839ms
[2025-11-08T00:45:32.505+0000][gc,cpu        ] GC(731) User=0.04s Sys=0.00s Real=0.03s
[2025-11-08T00:45:41.197+0000][gc,start      ] GC(732) Pause Young (Normal) (G1 Evacuation Pause)
[2025-11-08T00:45:41.197+0000][gc,task       ] GC(732) Using 2 workers of 2 for evacuation
[2025-11-08T00:45:41.211+0000][gc,phases     ] GC(732)   Pre Evacuate Collection Set: 0.0ms
[2025-11-08T00:45:41.211+0000][gc,phases     ] GC(732)   Evacuate Collection Set: 11.2ms
[2025-11-08T00:45:41.211+0000][gc,phases     ] GC(732)   Post Evacuate Collection Set: 1.4ms
[2025-11-08T00:45:41.212+0000][gc,phases     ] GC(732)   Other: 0.9ms
[2025-11-08T00:45:41.212+0000][gc,heap       ] GC(732) Eden regions: 31->0(33)
[2025-11-08T00:45:41.212+0000][gc,heap       ] GC(732) Survivor regions: 3->3(5)
[2025-11-08T00:45:41.213+0000][gc,heap       ] GC(732) Old regions: 399->399
[2025-11-08T00:45:41.213+0000][gc,heap       ] GC(732) Humongous regions: 147->147
[2025-11-08T00:45:41.213+0000][gc,metaspace  ] GC(732) Metaspace: 53290K(56604K)->53290K(56604K) NonClass: 47387K(49232K)->47387K(49232K) Class: 5903K(7372K)->5903K(7372K)
[2025-11-08T00:45:41.213+0000][gc            ] GC(732) Pause Young (Normal) (G1 Evacuation Pause) 578M->547M(684M) 16.390ms
[2025-11-08T00:45:41.214+0000][gc,cpu        ] GC(732) User=0.02s Sys=0.00s Real=0.02s
[2025-11-08T00:45:49.807+0000][gc,start      ] GC(733) Pause Young (Normal) (G1 Evacuation Pause)
[2025-11-08T00:45:49.807+0000][gc,task       ] GC(733) Using 2 workers of 2 for evacuation
[2025-11-08T00:45:49.820+0000][gc,phases     ] GC(733)   Pre Evacuate Collection Set: 0.0ms
[2025-11-08T00:45:49.821+0000][gc,phases     ] GC(733)   Evacuate Collection Set: 11.6ms
[2025-11-08T00:45:49.821+0000][gc,phases     ] GC(733)   Post Evacuate Collection Set: 0.9ms
[2025-11-08T00:45:49.821+0000][gc,phases     ] GC(733)   Other: 0.9ms
[2025-11-08T00:45:49.822+0000][gc,heap       ] GC(733) Eden regions: 31->0(32)
[2025-11-08T00:45:49.822+0000][gc,heap       ] GC(733) Survivor regions: 3->4(5)
[2025-11-08T00:45:49.822+0000][gc,heap       ] GC(733) Old regions: 399->399
[2025-11-08T00:45:49.823+0000][gc,heap       ] GC(733) Humongous regions: 147->147
[2025-11-08T00:45:49.823+0000][gc,metaspace  ] GC(733) Metaspace: 53290K(56604K)->53290K(56604K) NonClass: 47387K(49232K)->47387K(49232K) Class: 5903K(7372K)->5903K(7372K)
[2025-11-08T00:45:49.823+0000][gc            ] GC(733) Pause Young (Normal) (G1 Evacuation Pause) 578M->549M(684M) 16.026ms
[2025-11-08T00:45:49.824+0000][gc,cpu        ] GC(733) User=0.02s Sys=0.00s Real=0.02s
[2025-11-08T00:45:58.026+0000][gc,start      ] GC(734) Pause Young (Normal) (G1 Evacuation Pause)
[2025-11-08T00:45:58.026+0000][gc,task       ] GC(734) Using 2 workers of 2 for evacuation
[2025-11-08T00:45:58.074+0000][gc,mmu        ] GC(734) MMU target violated: 21.0ms (20.0ms/21.0ms)
[2025-11-08T00:45:58.074+0000][gc,phases     ] GC(734)   Pre Evacuate Collection Set: 0.0ms
[2025-11-08T00:45:58.074+0000][gc,phases     ] GC(734)   Evacuate Collection Set: 45.2ms
[2025-11-08T00:45:58.075+0000][gc,phases     ] GC(734)   Post Evacuate Collection Set: 0.9ms
[2025-11-08T00:45:58.075+0000][gc,phases     ] GC(734)   Other: 2.5ms
[2025-11-08T00:45:58.075+0000][gc,heap       ] GC(734) Eden regions: 30->0(31)
[2025-11-08T00:45:58.075+0000][gc,heap       ] GC(734) Survivor regions: 4->3(5)
[2025-11-08T00:45:58.075+0000][gc,heap       ] GC(734) Old regions: 399->400
[2025-11-08T00:45:58.076+0000][gc,heap       ] GC(734) Humongous regions: 147->147
[2025-11-08T00:45:58.076+0000][gc,metaspace  ] GC(734) Metaspace: 53290K(56604K)->53290K(56604K) NonClass: 47387K(49232K)->47387K(49232K) Class: 5903K(7372K)->5903K(7372K)
[2025-11-08T00:45:58.076+0000][gc            ] GC(734) Pause Young (Normal) (G1 Evacuation Pause) 579M->549M(684M) 50.598ms
[2025-11-08T00:45:58.077+0000][gc,cpu        ] GC(734) User=0.04s Sys=0.01s Real=0.05s
[2025-11-08T00:46:06.509+0000][gc,start      ] GC(735) Pause Young (Normal) (G1 Evacuation Pause)
[2025-11-08T00:46:06.510+0000][gc,task       ] GC(735) Using 2 workers of 2 for evacuation
[2025-11-08T00:46:06.523+0000][gc,phases     ] GC(735)   Pre Evacuate Collection Set: 0.0ms
[2025-11-08T00:46:06.524+0000][gc,phases     ] GC(735)   Evacuate Collection Set: 11.5ms
[2025-11-08T00:46:06.525+0000][gc,phases     ] GC(735)   Post Evacuate Collection Set: 1.0ms
[2025-11-08T00:46:06.525+0000][gc,phases     ] GC(735)   Other: 1.3ms
[2025-11-08T00:46:06.526+0000][gc,heap       ] GC(735) Eden regions: 31->0(32)
[2025-11-08T00:46:06.526+0000][gc,heap       ] GC(735) Survivor regions: 3->2(5)
[2025-11-08T00:46:06.527+0000][gc,heap       ] GC(735) Old regions: 400->400
[2025-11-08T00:46:06.527+0000][gc,heap       ] GC(735) Humongous regions: 147->147
[2025-11-08T00:46:06.527+0000][gc,metaspace  ] GC(735) Metaspace: 53290K(56604K)->53290K(56604K) NonClass: 47387K(49232K)->47387K(49232K) Class: 5903K(7372K)->5903K(7372K)
[2025-11-08T00:46:06.527+0000][gc            ] GC(735) Pause Young (Normal) (G1 Evacuation Pause) 580M->548M(684M) 17.971ms
[2025-11-08T00:46:06.528+0000][gc,cpu        ] GC(735) User=0.03s Sys=0.00s Real=0.02s
[2025-11-08T00:46:15.259+0000][gc,start      ] GC(736) Pause Young (Normal) (G1 Evacuation Pause)
[2025-11-08T00:46:15.259+0000][gc,task       ] GC(736) Using 2 workers of 2 for evacuation
[2025-11-08T00:46:15.276+0000][gc,phases     ] GC(736)   Pre Evacuate Collection Set: 0.1ms
[2025-11-08T00:46:15.276+0000][gc,phases     ] GC(736)   Evacuate Collection Set: 14.0ms
[2025-11-08T00:46:15.276+0000][gc,phases     ] GC(736)   Post Evacuate Collection Set: 1.7ms
[2025-11-08T00:46:15.277+0000][gc,phases     ] GC(736)   Other: 1.3ms
[2025-11-08T00:46:15.277+0000][gc,heap       ] GC(736) Eden regions: 32->0(32)
[2025-11-08T00:46:15.278+0000][gc,heap       ] GC(736) Survivor regions: 2->2(5)
[2025-11-08T00:46:15.278+0000][gc,heap       ] GC(736) Old regions: 400->400
[2025-11-08T00:46:15.278+0000][gc,heap       ] GC(736) Humongous regions: 147->147
[2025-11-08T00:46:15.279+0000][gc,metaspace  ] GC(736) Metaspace: 53290K(56604K)->53290K(56604K) NonClass: 47387K(49232K)->47387K(49232K) Class: 5903K(7372K)->5903K(7372K)
[2025-11-08T00:46:15.280+0000][gc            ] GC(736) Pause Young (Normal) (G1 Evacuation Pause) 580M->548M(684M) 20.759ms
[2025-11-08T00:46:15.281+0000][gc,cpu        ] GC(736) User=0.03s Sys=0.00s Real=0.03s
[2025-11-08T00:46:23.939+0000][gc,start      ] GC(737) Pause Young (Normal) (G1 Evacuation Pause)
[2025-11-08T00:46:23.940+0000][gc,task       ] GC(737) Using 2 workers of 2 for evacuation
[2025-11-08T00:46:23.957+0000][gc,phases     ] GC(737)   Pre Evacuate Collection Set: 0.0ms
[2025-11-08T00:46:23.958+0000][gc,phases     ] GC(737)   Evacuate Collection Set: 15.4ms
[2025-11-08T00:46:23.958+0000][gc,phases     ] GC(737)   Post Evacuate Collection Set: 1.4ms
[2025-11-08T00:46:23.959+0000][gc,phases     ] GC(737)   Other: 1.7ms
[2025-11-08T00:46:23.959+0000][gc,heap       ] GC(737) Eden regions: 32->0(31)
[2025-11-08T00:46:23.959+0000][gc,heap       ] GC(737) Survivor regions: 2->3(5)
[2025-11-08T00:46:23.960+0000][gc,heap       ] GC(737) Old regions: 400->400
[2025-11-08T00:46:23.960+0000][gc,heap       ] GC(737) Humongous regions: 147->147
[2025-11-08T00:46:23.960+0000][gc,metaspace  ] GC(737) Metaspace: 53290K(56604K)->53290K(56604K) NonClass: 47387K(49232K)->47387K(49232K) Class: 5903K(7372K)->5903K(7372K)
[2025-11-08T00:46:23.960+0000][gc            ] GC(737) Pause Young (Normal) (G1 Evacuation Pause) 580M->549M(684M) 21.563ms
[2025-11-08T00:46:23.961+0000][gc,cpu        ] GC(737) User=0.03s Sys=0.00s Real=0.02s
[2025-11-08T00:46:32.362+0000][gc,start      ] GC(738) Pause Young (Normal) (G1 Evacuation Pause)
[2025-11-08T00:46:32.362+0000][gc,task       ] GC(738) Using 2 workers of 2 for evacuation
[2025-11-08T00:46:32.378+0000][gc,phases     ] GC(738)   Pre Evacuate Collection Set: 0.0ms
[2025-11-08T00:46:32.378+0000][gc,phases     ] GC(738)   Evacuate Collection Set: 14.1ms
[2025-11-08T00:46:32.379+0000][gc,phases     ] GC(738)   Post Evacuate Collection Set: 1.1ms
[2025-11-08T00:46:32.380+0000][gc,phases     ] GC(738)   Other: 0.9ms
[2025-11-08T00:46:32.380+0000][gc,heap       ] GC(738) Eden regions: 31->0(31)
[2025-11-08T00:46:32.380+0000][gc,heap       ] GC(738) Survivor regions: 3->3(5)
[2025-11-08T00:46:32.381+0000][gc,heap       ] GC(738) Old regions: 400->400
[2025-11-08T00:46:32.381+0000][gc,heap       ] GC(738) Humongous regions: 147->147
[2025-11-08T00:46:32.381+0000][gc,metaspace  ] GC(738) Metaspace: 53290K(56604K)->53290K(56604K) NonClass: 47387K(49232K)->47387K(49232K) Class: 5903K(7372K)->5903K(7372K)
[2025-11-08T00:46:32.382+0000][gc            ] GC(738) Pause Young (Normal) (G1 Evacuation Pause) 580M->549M(684M) 19.876ms
[2025-11-08T00:46:32.382+0000][gc,cpu        ] GC(738) User=0.03s Sys=0.00s Real=0.02s
[2025-11-08T00:46:41.220+0000][gc,start      ] GC(739) Pause Young (Normal) (G1 Evacuation Pause)
[2025-11-08T00:46:41.220+0000][gc,task       ] GC(739) Using 2 workers of 2 for evacuation
[2025-11-08T00:46:41.236+0000][gc,phases     ] GC(739)   Pre Evacuate Collection Set: 0.0ms
[2025-11-08T00:46:41.236+0000][gc,phases     ] GC(739)   Evacuate Collection Set: 13.6ms
[2025-11-08T00:46:41.237+0000][gc,phases     ] GC(739)   Post Evacuate Collection Set: 1.8ms
[2025-11-08T00:46:41.237+0000][gc,phases     ] GC(739)   Other: 1.1ms
[2025-11-08T00:46:41.237+0000][gc,heap       ] GC(739) Eden regions: 31->0(31)
[2025-11-08T00:46:41.237+0000][gc,heap       ] GC(739) Survivor regions: 3->4(5)
[2025-11-08T00:46:41.237+0000][gc,heap       ] GC(739) Old regions: 400->400
[2025-11-08T00:46:41.238+0000][gc,heap       ] GC(739) Humongous regions: 147->147
[2025-11-08T00:46:41.238+0000][gc,metaspace  ] GC(739) Metaspace: 53290K(56604K)->53290K(56604K) NonClass: 47387K(49232K)->47387K(49232K) Class: 5903K(7372K)->5903K(7372K)
[2025-11-08T00:46:41.238+0000][gc            ] GC(739) Pause Young (Normal) (G1 Evacuation Pause) 580M->550M(684M) 18.525ms
[2025-11-08T00:46:41.238+0000][gc,cpu        ] GC(739) User=0.03s Sys=0.00s Real=0.02s
[2025-11-08T00:46:49.530+0000][gc,start      ] GC(740) Pause Young (Normal) (G1 Evacuation Pause)
[2025-11-08T00:46:49.532+0000][gc,task       ] GC(740) Using 2 workers of 2 for evacuation
[2025-11-08T00:46:49.590+0000][gc,mmu        ] GC(740) MMU target violated: 21.0ms (20.0ms/21.0ms)
[2025-11-08T00:46:49.591+0000][gc,phases     ] GC(740)   Pre Evacuate Collection Set: 0.0ms
[2025-11-08T00:46:49.595+0000][gc,phases     ] GC(740)   Evacuate Collection Set: 56.1ms
[2025-11-08T00:46:49.596+0000][gc,phases     ] GC(740)   Post Evacuate Collection Set: 1.5ms
[2025-11-08T00:46:49.596+0000][gc,phases     ] GC(740)   Other: 2.9ms
[2025-11-08T00:46:49.596+0000][gc,heap       ] GC(740) Eden regions: 30->0(31)
[2025-11-08T00:46:49.597+0000][gc,heap       ] GC(740) Survivor regions: 4->3(5)
[2025-11-08T00:46:49.597+0000][gc,heap       ] GC(740) Old regions: 400->402
[2025-11-08T00:46:49.597+0000][gc,heap       ] GC(740) Humongous regions: 147->147
[2025-11-08T00:46:49.598+0000][gc,metaspace  ] GC(740) Metaspace: 53290K(56604K)->53290K(56604K) NonClass: 47387K(49232K)->47387K(49232K) Class: 5903K(7372K)->5903K(7372K)
[2025-11-08T00:46:49.598+0000][gc            ] GC(740) Pause Young (Normal) (G1 Evacuation Pause) 580M->550M(684M) 67.532ms
[2025-11-08T00:46:49.598+0000][gc,cpu        ] GC(740) User=0.04s Sys=0.01s Real=0.07s
[2025-11-08T00:46:58.027+0000][gc,start      ] GC(741) Pause Young (Normal) (G1 Evacuation Pause)
[2025-11-08T00:46:58.028+0000][gc,task       ] GC(741) Using 2 workers of 2 for evacuation
[2025-11-08T00:46:58.044+0000][gc,phases     ] GC(741)   Pre Evacuate Collection Set: 0.0ms
[2025-11-08T00:46:58.045+0000][gc,phases     ] GC(741)   Evacuate Collection Set: 14.4ms
[2025-11-08T00:46:58.045+0000][gc,phases     ] GC(741)   Post Evacuate Collection Set: 1.6ms
[2025-11-08T00:46:58.046+0000][gc,phases     ] GC(741)   Other: 1.3ms
[2025-11-08T00:46:58.046+0000][gc,heap       ] GC(741) Eden regions: 31->0(31)
[2025-11-08T00:46:58.047+0000][gc,heap       ] GC(741) Survivor regions: 3->3(5)
[2025-11-08T00:46:58.047+0000][gc,heap       ] GC(741) Old regions: 402->402
[2025-11-08T00:46:58.047+0000][gc,heap       ] GC(741) Humongous regions: 147->147
[2025-11-08T00:46:58.048+0000][gc,metaspace  ] GC(741) Metaspace: 53290K(56604K)->53290K(56604K) NonClass: 47387K(49232K)->47387K(49232K) Class: 5903K(7372K)->5903K(7372K)
[2025-11-08T00:46:58.048+0000][gc            ] GC(741) Pause Young (Normal) (G1 Evacuation Pause) 581M->550M(684M) 20.962ms
[2025-11-08T00:46:58.048+0000][gc,cpu        ] GC(741) User=0.03s Sys=0.00s Real=0.02s
[2025-11-08T00:47:06.551+0000][gc,start      ] GC(742) Pause Young (Normal) (G1 Evacuation Pause)
[2025-11-08T00:47:06.552+0000][gc,task       ] GC(742) Using 2 workers of 2 for evacuation
[2025-11-08T00:47:06.564+0000][gc,phases     ] GC(742)   Pre Evacuate Collection Set: 0.0ms
[2025-11-08T00:47:06.565+0000][gc,phases     ] GC(742)   Evacuate Collection Set: 10.4ms
[2025-11-08T00:47:06.565+0000][gc,phases     ] GC(742)   Post Evacuate Collection Set: 1.3ms
[2025-11-08T00:47:06.565+0000][gc,phases     ] GC(742)   Other: 1.1ms
[2025-11-08T00:47:06.566+0000][gc,heap       ] GC(742) Eden regions: 31->0(32)
[2025-11-08T00:47:06.566+0000][gc,heap       ] GC(742) Survivor regions: 3->2(5)
[2025-11-08T00:47:06.567+0000][gc,heap       ] GC(742) Old regions: 402->402
[2025-11-08T00:47:06.567+0000][gc,heap       ] GC(742) Humongous regions: 147->147
[2025-11-08T00:47:06.567+0000][gc,metaspace  ] GC(742) Metaspace: 53290K(56604K)->53290K(56604K) NonClass: 47387K(49232K)->47387K(49232K) Class: 5903K(7372K)->5903K(7372K)
[2025-11-08T00:47:06.568+0000][gc            ] GC(742) Pause Young (Normal) (G1 Evacuation Pause) 581M->550M(684M) 16.066ms
[2025-11-08T00:47:06.568+0000][gc,cpu        ] GC(742) User=0.03s Sys=0.00s Real=0.01s
[2025-11-08T00:47:15.284+0000][gc,start      ] GC(743) Pause Young (Normal) (G1 Evacuation Pause)
[2025-11-08T00:47:15.284+0000][gc,task       ] GC(743) Using 2 workers of 2 for evacuation
[2025-11-08T00:47:15.302+0000][gc,phases     ] GC(743)   Pre Evacuate Collection Set: 0.1ms
[2025-11-08T00:47:15.302+0000][gc,phases     ] GC(743)   Evacuate Collection Set: 15.2ms
[2025-11-08T00:47:15.303+0000][gc,phases     ] GC(743)   Post Evacuate Collection Set: 1.9ms
[2025-11-08T00:47:15.303+0000][gc,phases     ] GC(743)   Other: 1.3ms
[2025-11-08T00:47:15.303+0000][gc,heap       ] GC(743) Eden regions: 32->0(32)
[2025-11-08T00:47:15.304+0000][gc,heap       ] GC(743) Survivor regions: 2->2(5)
[2025-11-08T00:47:15.304+0000][gc,heap       ] GC(743) Old regions: 402->402
[2025-11-08T00:47:15.304+0000][gc,heap       ] GC(743) Humongous regions: 147->147
[2025-11-08T00:47:15.305+0000][gc,metaspace  ] GC(743) Metaspace: 53290K(56604K)->53290K(56604K) NonClass: 47387K(49232K)->47387K(49232K) Class: 5903K(7372K)->5903K(7372K)
[2025-11-08T00:47:15.305+0000][gc            ] GC(743) Pause Young (Normal) (G1 Evacuation Pause) 582M->550M(684M) 21.152ms
[2025-11-08T00:47:15.305+0000][gc,cpu        ] GC(743) User=0.03s Sys=0.00s Real=0.02s
[2025-11-08T00:47:23.919+0000][gc,start      ] GC(744) Pause Young (Normal) (G1 Evacuation Pause)
[2025-11-08T00:47:23.920+0000][gc,task       ] GC(744) Using 2 workers of 2 for evacuation
[2025-11-08T00:47:23.931+0000][gc,phases     ] GC(744)   Pre Evacuate Collection Set: 0.0ms
[2025-11-08T00:47:23.932+0000][gc,phases     ] GC(744)   Evacuate Collection Set: 10.6ms
[2025-11-08T00:47:23.932+0000][gc,phases     ] GC(744)   Post Evacuate Collection Set: 0.7ms
[2025-11-08T00:47:23.932+0000][gc,phases     ] GC(744)   Other: 0.9ms
[2025-11-08T00:47:23.933+0000][gc,heap       ] GC(744) Eden regions: 32->0(32)
[2025-11-08T00:47:23.933+0000][gc,heap       ] GC(744) Survivor regions: 2->3(5)
[2025-11-08T00:47:23.933+0000][gc,heap       ] GC(744) Old regions: 402->402
[2025-11-08T00:47:23.933+0000][gc,heap       ] GC(744) Humongous regions: 147->147
[2025-11-08T00:47:23.934+0000][gc,metaspace  ] GC(744) Metaspace: 53290K(56604K)->53290K(56604K) NonClass: 47387K(49232K)->47387K(49232K) Class: 5903K(7372K)->5903K(7372K)
[2025-11-08T00:47:23.934+0000][gc            ] GC(744) Pause Young (Normal) (G1 Evacuation Pause) 582M->550M(684M) 14.862ms
[2025-11-08T00:47:23.934+0000][gc,cpu        ] GC(744) User=0.02s Sys=0.00s Real=0.02s
[2025-11-08T00:47:32.527+0000][gc,start      ] GC(745) Pause Young (Normal) (G1 Evacuation Pause)
[2025-11-08T00:47:32.531+0000][gc,task       ] GC(745) Using 2 workers of 2 for evacuation
[2025-11-08T00:47:32.566+0000][gc,mmu        ] GC(745) MMU target violated: 21.0ms (20.0ms/21.0ms)
[2025-11-08T00:47:32.567+0000][gc,phases     ] GC(745)   Pre Evacuate Collection Set: 0.0ms
[2025-11-08T00:47:32.569+0000][gc,phases     ] GC(745)   Evacuate Collection Set: 28.2ms
[2025-11-08T00:47:32.570+0000][gc,phases     ] GC(745)   Post Evacuate Collection Set: 3.2ms
[2025-11-08T00:47:32.571+0000][gc,phases     ] GC(745)   Other: 8.8ms
[2025-11-08T00:47:32.572+0000][gc,heap       ] GC(745) Eden regions: 32->0(31)
[2025-11-08T00:47:32.572+0000][gc,heap       ] GC(745) Survivor regions: 3->3(5)
[2025-11-08T00:47:32.575+0000][gc,heap       ] GC(745) Old regions: 402->402
[2025-11-08T00:47:32.577+0000][gc,heap       ] GC(745) Humongous regions: 147->147
[2025-11-08T00:47:32.578+0000][gc,metaspace  ] GC(745) Metaspace: 53297K(56604K)->53297K(56604K) NonClass: 47394K(49232K)->47394K(49232K) Class: 5903K(7372K)->5903K(7372K)
[2025-11-08T00:47:32.578+0000][gc            ] GC(745) Pause Young (Normal) (G1 Evacuation Pause) 582M->550M(684M) 51.120ms
[2025-11-08T00:47:32.579+0000][gc,cpu        ] GC(745) User=0.04s Sys=0.01s Real=0.05s
[2025-11-08T00:47:41.147+0000][gc,start      ] GC(746) Pause Young (Normal) (G1 Evacuation Pause)
[2025-11-08T00:47:41.148+0000][gc,task       ] GC(746) Using 2 workers of 2 for evacuation
[2025-11-08T00:47:41.161+0000][gc,phases     ] GC(746)   Pre Evacuate Collection Set: 0.0ms
[2025-11-08T00:47:41.161+0000][gc,phases     ] GC(746)   Evacuate Collection Set: 11.9ms
[2025-11-08T00:47:41.161+0000][gc,phases     ] GC(746)   Post Evacuate Collection Set: 0.6ms
[2025-11-08T00:47:41.161+0000][gc,phases     ] GC(746)   Other: 1.3ms
[2025-11-08T00:47:41.161+0000][gc,heap       ] GC(746) Eden regions: 31->0(30)
[2025-11-08T00:47:41.162+0000][gc,heap       ] GC(746) Survivor regions: 3->4(5)
[2025-11-08T00:47:41.162+0000][gc,heap       ] GC(746) Old regions: 402->402
[2025-11-08T00:47:41.162+0000][gc,heap       ] GC(746) Humongous regions: 147->147
[2025-11-08T00:47:41.162+0000][gc,metaspace  ] GC(746) Metaspace: 53297K(56604K)->53297K(56604K) NonClass: 47394K(49232K)->47394K(49232K) Class: 5903K(7372K)->5903K(7372K)
[2025-11-08T00:47:41.162+0000][gc            ] GC(746) Pause Young (Normal) (G1 Evacuation Pause) 581M->552M(684M) 15.293ms
[2025-11-08T00:47:41.162+0000][gc,cpu        ] GC(746) User=0.03s Sys=0.00s Real=0.02s
[2025-11-08T00:47:49.051+0000][gc,start      ] GC(747) Pause Young (Normal) (G1 Evacuation Pause)
[2025-11-08T00:47:49.052+0000][gc,task       ] GC(747) Using 2 workers of 2 for evacuation
[2025-11-08T00:47:49.092+0000][gc,mmu        ] GC(747) MMU target violated: 21.0ms (20.0ms/21.0ms)
[2025-11-08T00:47:49.092+0000][gc,phases     ] GC(747)   Pre Evacuate Collection Set: 0.0ms
[2025-11-08T00:47:49.092+0000][gc,phases     ] GC(747)   Evacuate Collection Set: 38.7ms
[2025-11-08T00:47:49.092+0000][gc,phases     ] GC(747)   Post Evacuate Collection Set: 0.8ms
[2025-11-08T00:47:49.093+0000][gc,phases     ] GC(747)   Other: 1.3ms
[2025-11-08T00:47:49.093+0000][gc,heap       ] GC(747) Eden regions: 30->0(31)
[2025-11-08T00:47:49.093+0000][gc,heap       ] GC(747) Survivor regions: 4->3(5)
[2025-11-08T00:47:49.093+0000][gc,heap       ] GC(747) Old regions: 402->403
[2025-11-08T00:47:49.094+0000][gc,heap       ] GC(747) Humongous regions: 147->147
[2025-11-08T00:47:49.094+0000][gc,metaspace  ] GC(747) Metaspace: 53297K(56604K)->53297K(56604K) NonClass: 47394K(49232K)->47394K(49232K) Class: 5903K(7372K)->5903K(7372K)
[2025-11-08T00:47:49.094+0000][gc            ] GC(747) Pause Young (Normal) (G1 Evacuation Pause) 582M->552M(684M) 42.842ms
[2025-11-08T00:47:49.094+0000][gc,cpu        ] GC(747) User=0.03s Sys=0.01s Real=0.04s
[2025-11-08T00:47:57.147+0000][gc,start      ] GC(748) Pause Young (Normal) (G1 Evacuation Pause)
[2025-11-08T00:47:57.147+0000][gc,task       ] GC(748) Using 2 workers of 2 for evacuation
[2025-11-08T00:47:57.156+0000][gc,phases     ] GC(748)   Pre Evacuate Collection Set: 0.0ms
[2025-11-08T00:47:57.156+0000][gc,phases     ] GC(748)   Evacuate Collection Set: 7.2ms
[2025-11-08T00:47:57.156+0000][gc,phases     ] GC(748)   Post Evacuate Collection Set: 0.6ms
[2025-11-08T00:47:57.156+0000][gc,phases     ] GC(748)   Other: 0.5ms
[2025-11-08T00:47:57.156+0000][gc,heap       ] GC(748) Eden regions: 31->0(31)
[2025-11-08T00:47:57.156+0000][gc,heap       ] GC(748) Survivor regions: 3->3(5)
[2025-11-08T00:47:57.157+0000][gc,heap       ] GC(748) Old regions: 403->403
[2025-11-08T00:47:57.157+0000][gc,heap       ] GC(748) Humongous regions: 147->147
[2025-11-08T00:47:57.157+0000][gc,metaspace  ] GC(748) Metaspace: 53297K(56604K)->53297K(56604K) NonClass: 47394K(49232K)->47394K(49232K) Class: 5903K(7372K)->5903K(7372K)
[2025-11-08T00:47:57.157+0000][gc            ] GC(748) Pause Young (Normal) (G1 Evacuation Pause) 583M->551M(684M) 9.835ms
[2025-11-08T00:47:57.157+0000][gc,cpu        ] GC(748) User=0.02s Sys=0.00s Real=0.01s
[2025-11-08T00:48:05.197+0000][gc,start      ] GC(749) Pause Young (Normal) (G1 Evacuation Pause)
[2025-11-08T00:48:05.197+0000][gc,task       ] GC(749) Using 2 workers of 2 for evacuation
[2025-11-08T00:48:05.206+0000][gc,phases     ] GC(749)   Pre Evacuate Collection Set: 0.0ms
[2025-11-08T00:48:05.206+0000][gc,phases     ] GC(749)   Evacuate Collection Set: 7.3ms
[2025-11-08T00:48:05.206+0000][gc,phases     ] GC(749)   Post Evacuate Collection Set: 0.6ms
[2025-11-08T00:48:05.206+0000][gc,phases     ] GC(749)   Other: 0.6ms
[2025-11-08T00:48:05.206+0000][gc,heap       ] GC(749) Eden regions: 31->0(32)
[2025-11-08T00:48:05.206+0000][gc,heap       ] GC(749) Survivor regions: 3->2(5)
[2025-11-08T00:48:05.207+0000][gc,heap       ] GC(749) Old regions: 403->403
[2025-11-08T00:48:05.207+0000][gc,heap       ] GC(749) Humongous regions: 147->147
[2025-11-08T00:48:05.207+0000][gc,metaspace  ] GC(749) Metaspace: 53297K(56604K)->53297K(56604K) NonClass: 47394K(49232K)->47394K(49232K) Class: 5903K(7372K)->5903K(7372K)
[2025-11-08T00:48:05.207+0000][gc            ] GC(749) Pause Young (Normal) (G1 Evacuation Pause) 582M->551M(684M) 9.861ms
[2025-11-08T00:48:05.207+0000][gc,cpu        ] GC(749) User=0.01s Sys=0.00s Real=0.01s
[2025-11-08T00:48:13.448+0000][gc,start      ] GC(750) Pause Young (Normal) (G1 Evacuation Pause)
[2025-11-08T00:48:13.449+0000][gc,task       ] GC(750) Using 2 workers of 2 for evacuation
[2025-11-08T00:48:13.461+0000][gc,phases     ] GC(750)   Pre Evacuate Collection Set: 0.0ms
[2025-11-08T00:48:13.462+0000][gc,phases     ] GC(750)   Evacuate Collection Set: 9.3ms
[2025-11-08T00:48:13.463+0000][gc,phases     ] GC(750)   Post Evacuate Collection Set: 2.2ms
[2025-11-08T00:48:13.463+0000][gc,phases     ] GC(750)   Other: 1.0ms
[2025-11-08T00:48:13.464+0000][gc,heap       ] GC(750) Eden regions: 32->0(32)
[2025-11-08T00:48:13.466+0000][gc,heap       ] GC(750) Survivor regions: 2->2(5)
[2025-11-08T00:48:13.466+0000][gc,heap       ] GC(750) Old regions: 403->403
[2025-11-08T00:48:13.466+0000][gc,heap       ] GC(750) Humongous regions: 147->147
[2025-11-08T00:48:13.467+0000][gc,metaspace  ] GC(750) Metaspace: 53297K(56604K)->53297K(56604K) NonClass: 47394K(49232K)->47394K(49232K) Class: 5903K(7372K)->5903K(7372K)
[2025-11-08T00:48:13.468+0000][gc            ] GC(750) Pause Young (Normal) (G1 Evacuation Pause) 583M->551M(684M) 19.258ms
[2025-11-08T00:48:13.468+0000][gc,cpu        ] GC(750) User=0.02s Sys=0.00s Real=0.02s
[2025-11-08T00:48:21.817+0000][gc,start      ] GC(751) Pause Young (Normal) (G1 Evacuation Pause)
[2025-11-08T00:48:21.817+0000][gc,task       ] GC(751) Using 2 workers of 2 for evacuation
[2025-11-08T00:48:21.827+0000][gc,phases     ] GC(751)   Pre Evacuate Collection Set: 0.0ms
[2025-11-08T00:48:21.827+0000][gc,phases     ] GC(751)   Evacuate Collection Set: 8.2ms
[2025-11-08T00:48:21.827+0000][gc,phases     ] GC(751)   Post Evacuate Collection Set: 0.9ms
[2025-11-08T00:48:21.827+0000][gc,phases     ] GC(751)   Other: 0.9ms
[2025-11-08T00:48:21.828+0000][gc,heap       ] GC(751) Eden regions: 32->0(34)
[2025-11-08T00:48:21.828+0000][gc,heap       ] GC(751) Survivor regions: 2->3(5)
[2025-11-08T00:48:21.828+0000][gc,heap       ] GC(751) Old regions: 403->403
[2025-11-08T00:48:21.828+0000][gc,heap       ] GC(751) Humongous regions: 147->147
[2025-11-08T00:48:21.829+0000][gc,metaspace  ] GC(751) Metaspace: 53297K(56604K)->53297K(56604K) NonClass: 47394K(49232K)->47394K(49232K) Class: 5903K(7372K)->5903K(7372K)
[2025-11-08T00:48:21.829+0000][gc            ] GC(751) Pause Young (Normal) (G1 Evacuation Pause) 583M->551M(684M) 12.174ms
[2025-11-08T00:48:21.829+0000][gc,cpu        ] GC(751) User=0.02s Sys=0.00s Real=0.01s
[2025-11-08T00:48:30.793+0000][gc,start      ] GC(752) Pause Young (Normal) (G1 Evacuation Pause)
[2025-11-08T00:48:30.794+0000][gc,task       ] GC(752) Using 2 workers of 2 for evacuation
[2025-11-08T00:48:30.805+0000][gc,phases     ] GC(752)   Pre Evacuate Collection Set: 0.0ms
[2025-11-08T00:48:30.805+0000][gc,phases     ] GC(752)   Evacuate Collection Set: 9.5ms
[2025-11-08T00:48:30.805+0000][gc,phases     ] GC(752)   Post Evacuate Collection Set: 0.8ms
[2025-11-08T00:48:30.805+0000][gc,phases     ] GC(752)   Other: 1.1ms
[2025-11-08T00:48:30.806+0000][gc,heap       ] GC(752) Eden regions: 34->0(36)
[2025-11-08T00:48:30.806+0000][gc,heap       ] GC(752) Survivor regions: 3->3(5)
[2025-11-08T00:48:30.806+0000][gc,heap       ] GC(752) Old regions: 403->403
[2025-11-08T00:48:30.807+0000][gc,heap       ] GC(752) Humongous regions: 147->147
[2025-11-08T00:48:30.807+0000][gc,metaspace  ] GC(752) Metaspace: 53297K(56604K)->53297K(56604K) NonClass: 47394K(49232K)->47394K(49232K) Class: 5903K(7372K)->5903K(7372K)
[2025-11-08T00:48:30.807+0000][gc            ] GC(752) Pause Young (Normal) (G1 Evacuation Pause) 585M->552M(684M) 13.546ms
[2025-11-08T00:48:30.807+0000][gc,cpu        ] GC(752) User=0.02s Sys=0.00s Real=0.01s
[2025-11-08T00:48:40.390+0000][gc,start      ] GC(753) Pause Young (Normal) (G1 Evacuation Pause)
[2025-11-08T00:48:40.390+0000][gc,task       ] GC(753) Using 2 workers of 2 for evacuation
[2025-11-08T00:48:40.400+0000][gc,phases     ] GC(753)   Pre Evacuate Collection Set: 0.0ms
[2025-11-08T00:48:40.400+0000][gc,phases     ] GC(753)   Evacuate Collection Set: 8.0ms
[2025-11-08T00:48:40.400+0000][gc,phases     ] GC(753)   Post Evacuate Collection Set: 1.0ms
[2025-11-08T00:48:40.401+0000][gc,phases     ] GC(753)   Other: 0.5ms
[2025-11-08T00:48:40.401+0000][gc,heap       ] GC(753) Eden regions: 36->0(38)
[2025-11-08T00:48:40.401+0000][gc,heap       ] GC(753) Survivor regions: 3->3(5)
[2025-11-08T00:48:40.401+0000][gc,heap       ] GC(753) Old regions: 403->403
[2025-11-08T00:48:40.401+0000][gc,heap       ] GC(753) Humongous regions: 147->147
[2025-11-08T00:48:40.402+0000][gc,metaspace  ] GC(753) Metaspace: 53297K(56604K)->53297K(56604K) NonClass: 47394K(49232K)->47394K(49232K) Class: 5903K(7372K)->5903K(7372K)
[2025-11-08T00:48:40.402+0000][gc            ] GC(753) Pause Young (Normal) (G1 Evacuation Pause) 588M->552M(684M) 11.524ms
[2025-11-08T00:48:40.402+0000][gc,cpu        ] GC(753) User=0.02s Sys=0.00s Real=0.02s
[2025-11-08T00:48:50.474+0000][gc,start      ] GC(754) Pause Young (Normal) (G1 Evacuation Pause)
[2025-11-08T00:48:50.474+0000][gc,task       ] GC(754) Using 2 workers of 2 for evacuation
[2025-11-08T00:48:50.486+0000][gc,phases     ] GC(754)   Pre Evacuate Collection Set: 0.0ms
[2025-11-08T00:48:50.486+0000][gc,phases     ] GC(754)   Evacuate Collection Set: 10.6ms
[2025-11-08T00:48:50.487+0000][gc,phases     ] GC(754)   Post Evacuate Collection Set: 0.8ms
[2025-11-08T00:48:50.487+0000][gc,phases     ] GC(754)   Other: 0.7ms
[2025-11-08T00:48:50.487+0000][gc,heap       ] GC(754) Eden regions: 38->0(40)
[2025-11-08T00:48:50.487+0000][gc,heap       ] GC(754) Survivor regions: 3->4(6)
[2025-11-08T00:48:50.488+0000][gc,heap       ] GC(754) Old regions: 403->403
[2025-11-08T00:48:50.488+0000][gc,heap       ] GC(754) Humongous regions: 147->147
[2025-11-08T00:48:50.488+0000][gc,metaspace  ] GC(754) Metaspace: 53297K(56604K)->53297K(56604K) NonClass: 47394K(49232K)->47394K(49232K) Class: 5903K(7372K)->5903K(7372K)
[2025-11-08T00:48:50.489+0000][gc            ] GC(754) Pause Young (Normal) (G1 Evacuation Pause) 590M->553M(684M) 14.526ms
[2025-11-08T00:48:50.489+0000][gc,cpu        ] GC(754) User=0.02s Sys=0.00s Real=0.01s
[2025-11-08T00:49:00.897+0000][gc,start      ] GC(755) Pause Young (Normal) (G1 Evacuation Pause)
[2025-11-08T00:49:00.898+0000][gc,task       ] GC(755) Using 2 workers of 2 for evacuation
[2025-11-08T00:49:00.922+0000][gc,mmu        ] GC(755) MMU target violated: 21.0ms (20.0ms/21.0ms)
[2025-11-08T00:49:00.923+0000][gc,phases     ] GC(755)   Pre Evacuate Collection Set: 0.0ms
[2025-11-08T00:49:00.923+0000][gc,phases     ] GC(755)   Evacuate Collection Set: 23.4ms
[2025-11-08T00:49:00.923+0000][gc,phases     ] GC(755)   Post Evacuate Collection Set: 0.9ms
[2025-11-08T00:49:00.924+0000][gc,phases     ] GC(755)   Other: 1.0ms
[2025-11-08T00:49:00.924+0000][gc,heap       ] GC(755) Eden regions: 40->0(35)
[2025-11-08T00:49:00.924+0000][gc,heap       ] GC(755) Survivor regions: 4->4(6)
[2025-11-08T00:49:00.924+0000][gc,heap       ] GC(755) Old regions: 403->404
[2025-11-08T00:49:00.925+0000][gc,heap       ] GC(755) Humongous regions: 147->147
[2025-11-08T00:49:00.925+0000][gc,metaspace  ] GC(755) Metaspace: 53297K(56604K)->53297K(56604K) NonClass: 47394K(49232K)->47394K(49232K) Class: 5903K(7372K)->5903K(7372K)
[2025-11-08T00:49:00.925+0000][gc            ] GC(755) Pause Young (Normal) (G1 Evacuation Pause) 593M->554M(684M) 27.549ms
[2025-11-08T00:49:00.925+0000][gc,cpu        ] GC(755) User=0.02s Sys=0.00s Real=0.03s
[2025-11-08T00:49:09.937+0000][gc,start      ] GC(756) Pause Young (Normal) (G1 Evacuation Pause)
[2025-11-08T00:49:09.938+0000][gc,task       ] GC(756) Using 2 workers of 2 for evacuation
[2025-11-08T00:49:09.971+0000][gc,mmu        ] GC(756) MMU target violated: 21.0ms (20.0ms/21.0ms)
[2025-11-08T00:49:09.971+0000][gc,phases     ] GC(756)   Pre Evacuate Collection Set: 0.0ms
[2025-11-08T00:49:09.971+0000][gc,phases     ] GC(756)   Evacuate Collection Set: 31.6ms
[2025-11-08T00:49:09.971+0000][gc,phases     ] GC(756)   Post Evacuate Collection Set: 0.8ms
[2025-11-08T00:49:09.972+0000][gc,phases     ] GC(756)   Other: 1.4ms
[2025-11-08T00:49:09.972+0000][gc,heap       ] GC(756) Eden regions: 35->0(31)
[2025-11-08T00:49:09.972+0000][gc,heap       ] GC(756) Survivor regions: 4->3(5)
[2025-11-08T00:49:09.972+0000][gc,heap       ] GC(756) Old regions: 404->405
[2025-11-08T00:49:09.973+0000][gc,heap       ] GC(756) Humongous regions: 147->147
[2025-11-08T00:49:09.973+0000][gc,metaspace  ] GC(756) Metaspace: 53297K(56604K)->53297K(56604K) NonClass: 47394K(49232K)->47394K(49232K) Class: 5903K(7372K)->5903K(7372K)
[2025-11-08T00:49:09.973+0000][gc            ] GC(756) Pause Young (Normal) (G1 Evacuation Pause) 589M->554M(684M) 35.730ms
[2025-11-08T00:49:09.973+0000][gc,cpu        ] GC(756) User=0.03s Sys=0.00s Real=0.04s
[2025-11-08T00:49:18.139+0000][gc,start      ] GC(757) Pause Young (Normal) (G1 Evacuation Pause)
[2025-11-08T00:49:18.141+0000][gc,task       ] GC(757) Using 2 workers of 2 for evacuation
[2025-11-08T00:49:18.155+0000][gc,phases     ] GC(757)   Pre Evacuate Collection Set: 0.0ms
[2025-11-08T00:49:18.155+0000][gc,phases     ] GC(757)   Evacuate Collection Set: 13.0ms
[2025-11-08T00:49:18.156+0000][gc,phases     ] GC(757)   Post Evacuate Collection Set: 0.7ms
[2025-11-08T00:49:18.156+0000][gc,phases     ] GC(757)   Other: 2.3ms
[2025-11-08T00:49:18.156+0000][gc,heap       ] GC(757) Eden regions: 31->0(31)
[2025-11-08T00:49:18.156+0000][gc,heap       ] GC(757) Survivor regions: 3->3(5)
[2025-11-08T00:49:18.156+0000][gc,heap       ] GC(757) Old regions: 405->406
[2025-11-08T00:49:18.156+0000][gc,heap       ] GC(757) Humongous regions: 147->147
[2025-11-08T00:49:18.157+0000][gc,metaspace  ] GC(757) Metaspace: 53297K(56604K)->53297K(56604K) NonClass: 47394K(49232K)->47394K(49232K) Class: 5903K(7372K)->5903K(7372K)
[2025-11-08T00:49:18.157+0000][gc            ] GC(757) Pause Young (Normal) (G1 Evacuation Pause) 585M->555M(684M) 17.828ms
[2025-11-08T00:49:18.157+0000][gc,cpu        ] GC(757) User=0.02s Sys=0.00s Real=0.02s
[2025-11-08T00:49:26.322+0000][gc,start      ] GC(758) Pause Young (Normal) (G1 Evacuation Pause)
[2025-11-08T00:49:26.322+0000][gc,task       ] GC(758) Using 2 workers of 2 for evacuation
[2025-11-08T00:49:26.330+0000][gc,phases     ] GC(758)   Pre Evacuate Collection Set: 0.0ms
[2025-11-08T00:49:26.330+0000][gc,phases     ] GC(758)   Evacuate Collection Set: 7.3ms
[2025-11-08T00:49:26.331+0000][gc,phases     ] GC(758)   Post Evacuate Collection Set: 0.7ms
[2025-11-08T00:49:26.331+0000][gc,phases     ] GC(758)   Other: 0.6ms
[2025-11-08T00:49:26.331+0000][gc,heap       ] GC(758) Eden regions: 31->0(35)
[2025-11-08T00:49:26.331+0000][gc,heap       ] GC(758) Survivor regions: 3->3(5)
[2025-11-08T00:49:26.331+0000][gc,heap       ] GC(758) Old regions: 406->406
[2025-11-08T00:49:26.331+0000][gc,heap       ] GC(758) Humongous regions: 147->147
[2025-11-08T00:49:26.332+0000][gc,metaspace  ] GC(758) Metaspace: 53297K(56604K)->53297K(56604K) NonClass: 47394K(49232K)->47394K(49232K) Class: 5903K(7372K)->5903K(7372K)
[2025-11-08T00:49:26.332+0000][gc            ] GC(758) Pause Young (Normal) (G1 Evacuation Pause) 586M->554M(684M) 10.282ms
[2025-11-08T00:49:26.332+0000][gc,cpu        ] GC(758) User=0.02s Sys=0.00s Real=0.01s
[2025-11-08T00:49:35.988+0000][gc,start      ] GC(759) Pause Young (Normal) (G1 Evacuation Pause)
[2025-11-08T00:49:35.990+0000][gc,task       ] GC(759) Using 2 workers of 2 for evacuation
[2025-11-08T00:49:36.008+0000][gc,phases     ] GC(759)   Pre Evacuate Collection Set: 0.1ms
[2025-11-08T00:49:36.009+0000][gc,phases     ] GC(759)   Evacuate Collection Set: 14.9ms
[2025-11-08T00:49:36.009+0000][gc,phases     ] GC(759)   Post Evacuate Collection Set: 2.5ms
[2025-11-08T00:49:36.009+0000][gc,phases     ] GC(759)   Other: 2.2ms
[2025-11-08T00:49:36.009+0000][gc,heap       ] GC(759) Eden regions: 35->0(34)
[2025-11-08T00:49:36.010+0000][gc,heap       ] GC(759) Survivor regions: 3->3(5)
[2025-11-08T00:49:36.010+0000][gc,heap       ] GC(759) Old regions: 406->406
[2025-11-08T00:49:36.010+0000][gc,heap       ] GC(759) Humongous regions: 147->147
[2025-11-08T00:49:36.011+0000][gc,metaspace  ] GC(759) Metaspace: 53297K(56604K)->53297K(56604K) NonClass: 47394K(49232K)->47394K(49232K) Class: 5903K(7372K)->5903K(7372K)
[2025-11-08T00:49:36.014+0000][gc            ] GC(759) Pause Young (Normal) (G1 Evacuation Pause) 589M->555M(684M) 24.995ms
[2025-11-08T00:49:36.014+0000][gc,cpu        ] GC(759) User=0.03s Sys=0.00s Real=0.03s
[2025-11-08T00:49:45.310+0000][gc,start      ] GC(760) Pause Young (Normal) (G1 Evacuation Pause)
[2025-11-08T00:49:45.310+0000][gc,task       ] GC(760) Using 2 workers of 2 for evacuation
[2025-11-08T00:49:45.342+0000][gc,mmu        ] GC(760) MMU target violated: 21.0ms (20.0ms/21.0ms)
[2025-11-08T00:49:45.343+0000][gc,phases     ] GC(760)   Pre Evacuate Collection Set: 0.0ms
[2025-11-08T00:49:45.343+0000][gc,phases     ] GC(760)   Evacuate Collection Set: 29.4ms
[2025-11-08T00:49:45.343+0000][gc,phases     ] GC(760)   Post Evacuate Collection Set: 1.5ms
[2025-11-08T00:49:45.343+0000][gc,phases     ] GC(760)   Other: 2.2ms
[2025-11-08T00:49:45.344+0000][gc,heap       ] GC(760) Eden regions: 34->0(31)
[2025-11-08T00:49:45.344+0000][gc,heap       ] GC(760) Survivor regions: 3->3(5)
[2025-11-08T00:49:45.344+0000][gc,heap       ] GC(760) Old regions: 406->406
[2025-11-08T00:49:45.344+0000][gc,heap       ] GC(760) Humongous regions: 147->147
[2025-11-08T00:49:45.345+0000][gc,metaspace  ] GC(760) Metaspace: 53297K(56604K)->53297K(56604K) NonClass: 47394K(49232K)->47394K(49232K) Class: 5903K(7372K)->5903K(7372K)
[2025-11-08T00:49:45.345+0000][gc            ] GC(760) Pause Young (Normal) (G1 Evacuation Pause) 589M->555M(684M) 35.455ms
[2025-11-08T00:49:45.345+0000][gc,cpu        ] GC(760) User=0.04s Sys=0.00s Real=0.04s
[2025-11-08T00:49:53.925+0000][gc,start      ] GC(761) Pause Young (Normal) (G1 Evacuation Pause)
[2025-11-08T00:49:53.925+0000][gc,task       ] GC(761) Using 2 workers of 2 for evacuation
[2025-11-08T00:49:53.945+0000][gc,phases     ] GC(761)   Pre Evacuate Collection Set: 0.0ms
[2025-11-08T00:49:53.945+0000][gc,phases     ] GC(761)   Evacuate Collection Set: 14.8ms
[2025-11-08T00:49:53.945+0000][gc,phases     ] GC(761)   Post Evacuate Collection Set: 0.6ms
[2025-11-08T00:49:53.945+0000][gc,phases     ] GC(761)   Other: 4.3ms
[2025-11-08T00:49:53.946+0000][gc,heap       ] GC(761) Eden regions: 31->0(31)
[2025-11-08T00:49:53.946+0000][gc,heap       ] GC(761) Survivor regions: 3->3(5)
[2025-11-08T00:49:53.946+0000][gc,heap       ] GC(761) Old regions: 406->406
[2025-11-08T00:49:53.946+0000][gc,heap       ] GC(761) Humongous regions: 147->147
[2025-11-08T00:49:53.947+0000][gc,metaspace  ] GC(761) Metaspace: 53297K(56604K)->53297K(56604K) NonClass: 47394K(49232K)->47394K(49232K) Class: 5903K(7372K)->5903K(7372K)
[2025-11-08T00:49:53.947+0000][gc            ] GC(761) Pause Young (Normal) (G1 Evacuation Pause) 586M->555M(684M) 21.725ms
[2025-11-08T00:49:53.947+0000][gc,cpu        ] GC(761) User=0.03s Sys=0.00s Real=0.02s
[2025-11-08T00:50:02.437+0000][gc,start      ] GC(762) Pause Young (Normal) (G1 Evacuation Pause)
[2025-11-08T00:50:02.437+0000][gc,task       ] GC(762) Using 2 workers of 2 for evacuation
[2025-11-08T00:50:02.448+0000][gc,phases     ] GC(762)   Pre Evacuate Collection Set: 0.0ms
[2025-11-08T00:50:02.448+0000][gc,phases     ] GC(762)   Evacuate Collection Set: 9.6ms
[2025-11-08T00:50:02.448+0000][gc,phases     ] GC(762)   Post Evacuate Collection Set: 0.8ms
[2025-11-08T00:50:02.449+0000][gc,phases     ] GC(762)   Other: 0.8ms
[2025-11-08T00:50:02.449+0000][gc,heap       ] GC(762) Eden regions: 31->0(32)
[2025-11-08T00:50:02.449+0000][gc,heap       ] GC(762) Survivor regions: 3->3(5)
[2025-11-08T00:50:02.449+0000][gc,heap       ] GC(762) Old regions: 406->406
[2025-11-08T00:50:02.450+0000][gc,heap       ] GC(762) Humongous regions: 147->147
[2025-11-08T00:50:02.450+0000][gc,metaspace  ] GC(762) Metaspace: 53297K(56604K)->53297K(56604K) NonClass: 47394K(49232K)->47394K(49232K) Class: 5903K(7372K)->5903K(7372K)
[2025-11-08T00:50:02.450+0000][gc            ] GC(762) Pause Young (Normal) (G1 Evacuation Pause) 586M->555M(684M) 13.514ms
[2025-11-08T00:50:02.451+0000][gc,cpu        ] GC(762) User=0.02s Sys=0.00s Real=0.02s
[2025-11-08T00:50:10.728+0000][gc,start      ] GC(763) Pause Young (Normal) (G1 Evacuation Pause)
[2025-11-08T00:50:10.728+0000][gc,task       ] GC(763) Using 2 workers of 2 for evacuation
[2025-11-08T00:50:10.739+0000][gc,phases     ] GC(763)   Pre Evacuate Collection Set: 0.0ms
[2025-11-08T00:50:10.740+0000][gc,phases     ] GC(763)   Evacuate Collection Set: 9.8ms
[2025-11-08T00:50:10.740+0000][gc,phases     ] GC(763)   Post Evacuate Collection Set: 0.9ms
[2025-11-08T00:50:10.741+0000][gc,phases     ] GC(763)   Other: 1.1ms
[2025-11-08T00:50:10.741+0000][gc,heap       ] GC(763) Eden regions: 31->0(34)
[2025-11-08T00:50:10.741+0000][gc,heap       ] GC(763) Survivor regions: 3->3(5)
[2025-11-08T00:50:10.742+0000][gc,heap       ] GC(763) Old regions: 406->406
[2025-11-08T00:50:10.742+0000][gc,heap       ] GC(763) Humongous regions: 147->147
[2025-11-08T00:50:10.742+0000][gc,metaspace  ] GC(763) Metaspace: 53297K(56604K)->53297K(56604K) NonClass: 47394K(49232K)->47394K(49232K) Class: 5903K(7372K)->5903K(7372K)
[2025-11-08T00:50:10.742+0000][gc            ] GC(763) Pause Young (Normal) (G1 Evacuation Pause) 586M->555M(684M) 14.566ms
[2025-11-08T00:50:10.743+0000][gc,cpu        ] GC(763) User=0.02s Sys=0.00s Real=0.02s
[2025-11-08T00:50:19.406+0000][gc,start      ] GC(764) Pause Young (Normal) (G1 Evacuation Pause)
[2025-11-08T00:50:19.406+0000][gc,task       ] GC(764) Using 2 workers of 2 for evacuation
[2025-11-08T00:50:19.422+0000][gc,phases     ] GC(764)   Pre Evacuate Collection Set: 0.0ms
[2025-11-08T00:50:19.423+0000][gc,phases     ] GC(764)   Evacuate Collection Set: 14.5ms
[2025-11-08T00:50:19.423+0000][gc,phases     ] GC(764)   Post Evacuate Collection Set: 0.8ms
[2025-11-08T00:50:19.423+0000][gc,phases     ] GC(764)   Other: 1.0ms
[2025-11-08T00:50:19.424+0000][gc,heap       ] GC(764) Eden regions: 31->0(35)
[2025-11-08T00:50:19.424+0000][gc,heap       ] GC(764) Survivor regions: 3->5(5)
[2025-11-08T00:50:19.424+0000][gc,heap       ] GC(764) Old regions: 406->406
[2025-11-08T00:50:19.424+0000][gc,heap       ] GC(764) Humongous regions: 147->147
[2025-11-08T00:50:19.425+0000][gc,metaspace  ] GC(764) Metaspace: 53297K(56604K)->53297K(56604K) NonClass: 47394K(49232K)->47394K(49232K) Class: 5903K(7372K)->5903K(7372K)
[2025-11-08T00:50:19.425+0000][gc            ] GC(764) Pause Young (Normal) (G1 Evacuation Pause) 586M->557M(684M) 18.984ms
[2025-11-08T00:50:19.425+0000][gc,cpu        ] GC(764) User=0.03s Sys=0.00s Real=0.02s
[2025-11-08T00:50:27.564+0000][gc,start      ] GC(765) Pause Young (Normal) (G1 Evacuation Pause)
[2025-11-08T00:50:27.568+0000][gc,task       ] GC(765) Using 2 workers of 2 for evacuation
[2025-11-08T00:50:27.624+0000][gc,mmu        ] GC(765) MMU target violated: 21.0ms (20.0ms/21.0ms)
[2025-11-08T00:50:27.625+0000][gc,phases     ] GC(765)   Pre Evacuate Collection Set: 0.0ms
[2025-11-08T00:50:27.625+0000][gc,phases     ] GC(765)   Evacuate Collection Set: 54.8ms
[2025-11-08T00:50:27.625+0000][gc,phases     ] GC(765)   Post Evacuate Collection Set: 1.0ms
[2025-11-08T00:50:27.625+0000][gc,phases     ] GC(765)   Other: 4.6ms
[2025-11-08T00:50:27.626+0000][gc,heap       ] GC(765) Eden regions: 30->0(31)
[2025-11-08T00:50:27.626+0000][gc,heap       ] GC(765) Survivor regions: 5->3(5)
[2025-11-08T00:50:27.626+0000][gc,heap       ] GC(765) Old regions: 406->408
[2025-11-08T00:50:27.626+0000][gc,heap       ] GC(765) Humongous regions: 147->147
[2025-11-08T00:50:27.627+0000][gc,metaspace  ] GC(765) Metaspace: 53297K(56604K)->53297K(56604K) NonClass: 47394K(49232K)->47394K(49232K) Class: 5903K(7372K)->5903K(7372K)
[2025-11-08T00:50:27.627+0000][gc            ] GC(765) Pause Young (Normal) (G1 Evacuation Pause) 587M->556M(684M) 62.702ms
[2025-11-08T00:50:27.627+0000][gc,cpu        ] GC(765) User=0.03s Sys=0.01s Real=0.06s
[2025-11-08T00:50:42.515+0000][gc,start      ] GC(766) Pause Young (Normal) (G1 Evacuation Pause)
[2025-11-08T00:50:42.516+0000][gc,task       ] GC(766) Using 2 workers of 2 for evacuation
[2025-11-08T00:50:42.538+0000][gc,mmu        ] GC(766) MMU target violated: 21.0ms (20.0ms/21.0ms)
[2025-11-08T00:50:42.538+0000][gc,phases     ] GC(766)   Pre Evacuate Collection Set: 0.0ms
[2025-11-08T00:50:42.538+0000][gc,phases     ] GC(766)   Evacuate Collection Set: 19.8ms
[2025-11-08T00:50:42.538+0000][gc,phases     ] GC(766)   Post Evacuate Collection Set: 1.0ms
[2025-11-08T00:50:42.539+0000][gc,phases     ] GC(766)   Other: 2.3ms
[2025-11-08T00:50:42.539+0000][gc,heap       ] GC(766) Eden regions: 31->0(29)
[2025-11-08T00:50:42.539+0000][gc,heap       ] GC(766) Survivor regions: 3->5(5)
[2025-11-08T00:50:42.539+0000][gc,heap       ] GC(766) Old regions: 408->408
[2025-11-08T00:50:42.540+0000][gc,heap       ] GC(766) Humongous regions: 147->147
[2025-11-08T00:50:42.540+0000][gc,metaspace  ] GC(766) Metaspace: 53318K(56604K)->53318K(56604K) NonClass: 47415K(49232K)->47415K(49232K) Class: 5903K(7372K)->5903K(7372K)
[2025-11-08T00:50:42.540+0000][gc            ] GC(766) Pause Young (Normal) (G1 Evacuation Pause) 587M->559M(684M) 25.581ms
[2025-11-08T00:50:42.541+0000][gc,cpu        ] GC(766) User=0.05s Sys=0.00s Real=0.02s
[2025-11-08T00:50:53.824+0000][gc,start      ] GC(767) Pause Young (Normal) (G1 Evacuation Pause)
[2025-11-08T00:50:53.825+0000][gc,task       ] GC(767) Using 2 workers of 2 for evacuation
[2025-11-08T00:50:53.904+0000][gc,mmu        ] GC(767) MMU target violated: 21.0ms (20.0ms/21.0ms)
[2025-11-08T00:50:53.905+0000][gc,phases     ] GC(767)   Pre Evacuate Collection Set: 0.0ms
[2025-11-08T00:50:53.905+0000][gc,phases     ] GC(767)   Evacuate Collection Set: 76.4ms
[2025-11-08T00:50:53.905+0000][gc,phases     ] GC(767)   Post Evacuate Collection Set: 1.7ms
[2025-11-08T00:50:53.906+0000][gc,phases     ] GC(767)   Other: 2.1ms
[2025-11-08T00:50:53.906+0000][gc,heap       ] GC(767) Eden regions: 29->0(32)
[2025-11-08T00:50:53.906+0000][gc,heap       ] GC(767) Survivor regions: 5->2(5)
[2025-11-08T00:50:53.907+0000][gc,heap       ] GC(767) Old regions: 408->410
[2025-11-08T00:50:53.907+0000][gc,heap       ] GC(767) Humongous regions: 147->147
[2025-11-08T00:50:53.907+0000][gc,metaspace  ] GC(767) Metaspace: 53318K(56604K)->53318K(56604K) NonClass: 47415K(49232K)->47415K(49232K) Class: 5903K(7372K)->5903K(7372K)
[2025-11-08T00:50:53.907+0000][gc            ] GC(767) Pause Young (Normal) (G1 Evacuation Pause) 588M->558M(684M) 82.633ms
[2025-11-08T00:50:53.908+0000][gc,cpu        ] GC(767) User=0.04s Sys=0.04s Real=0.08s
[2025-11-08T00:51:04.571+0000][gc,start      ] GC(768) Pause Young (Normal) (G1 Evacuation Pause)
[2025-11-08T00:51:04.571+0000][gc,task       ] GC(768) Using 2 workers of 2 for evacuation
[2025-11-08T00:51:04.584+0000][gc,phases     ] GC(768)   Pre Evacuate Collection Set: 0.0ms
[2025-11-08T00:51:04.584+0000][gc,phases     ] GC(768)   Evacuate Collection Set: 11.0ms
[2025-11-08T00:51:04.585+0000][gc,phases     ] GC(768)   Post Evacuate Collection Set: 1.0ms
[2025-11-08T00:51:04.585+0000][gc,phases     ] GC(768)   Other: 1.0ms
[2025-11-08T00:51:04.585+0000][gc,heap       ] GC(768) Eden regions: 32->0(32)
[2025-11-08T00:51:04.586+0000][gc,heap       ] GC(768) Survivor regions: 2->2(5)
[2025-11-08T00:51:04.586+0000][gc,heap       ] GC(768) Old regions: 410->410
[2025-11-08T00:51:04.586+0000][gc,heap       ] GC(768) Humongous regions: 147->147
[2025-11-08T00:51:04.586+0000][gc,metaspace  ] GC(768) Metaspace: 53318K(56604K)->53318K(56604K) NonClass: 47415K(49232K)->47415K(49232K) Class: 5903K(7372K)->5903K(7372K)
[2025-11-08T00:51:04.587+0000][gc            ] GC(768) Pause Young (Normal) (G1 Evacuation Pause) 590M->558M(684M) 15.975ms
[2025-11-08T00:51:04.587+0000][gc,cpu        ] GC(768) User=0.03s Sys=0.00s Real=0.01s
[2025-11-08T00:51:08.382+0000][gc,start      ] GC(769) Pause Young (Normal) (G1 Evacuation Pause)
[2025-11-08T00:51:08.382+0000][gc,task       ] GC(769) Using 2 workers of 2 for evacuation
[2025-11-08T00:51:08.400+0000][gc,phases     ] GC(769)   Pre Evacuate Collection Set: 0.0ms
[2025-11-08T00:51:08.401+0000][gc,phases     ] GC(769)   Evacuate Collection Set: 15.7ms
[2025-11-08T00:51:08.401+0000][gc,phases     ] GC(769)   Post Evacuate Collection Set: 1.2ms
[2025-11-08T00:51:08.401+0000][gc,phases     ] GC(769)   Other: 1.4ms
[2025-11-08T00:51:08.402+0000][gc,heap       ] GC(769) Eden regions: 32->0(31)
[2025-11-08T00:51:08.402+0000][gc,heap       ] GC(769) Survivor regions: 2->3(5)
[2025-11-08T00:51:08.402+0000][gc,heap       ] GC(769) Old regions: 410->410
[2025-11-08T00:51:08.402+0000][gc,heap       ] GC(769) Humongous regions: 147->147
[2025-11-08T00:51:08.403+0000][gc,metaspace  ] GC(769) Metaspace: 53318K(56604K)->53318K(56604K) NonClass: 47415K(49232K)->47415K(49232K) Class: 5903K(7372K)->5903K(7372K)
[2025-11-08T00:51:08.403+0000][gc            ] GC(769) Pause Young (Normal) (G1 Evacuation Pause) 590M->559M(684M) 21.082ms
[2025-11-08T00:51:08.403+0000][gc,cpu        ] GC(769) User=0.03s Sys=0.00s Real=0.02s
[2025-11-08T00:51:14.557+0000][gc,start      ] GC(770) Pause Young (Normal) (G1 Evacuation Pause)
[2025-11-08T00:51:14.558+0000][gc,task       ] GC(770) Using 2 workers of 2 for evacuation
[2025-11-08T00:51:14.584+0000][gc,mmu        ] GC(770) MMU target violated: 21.0ms (20.0ms/21.0ms)
[2025-11-08T00:51:14.584+0000][gc,phases     ] GC(770)   Pre Evacuate Collection Set: 0.0ms
[2025-11-08T00:51:14.585+0000][gc,phases     ] GC(770)   Evacuate Collection Set: 24.3ms
[2025-11-08T00:51:14.585+0000][gc,phases     ] GC(770)   Post Evacuate Collection Set: 1.6ms
[2025-11-08T00:51:14.585+0000][gc,phases     ] GC(770)   Other: 1.3ms
[2025-11-08T00:51:14.585+0000][gc,heap       ] GC(770) Eden regions: 31->0(31)
[2025-11-08T00:51:14.586+0000][gc,heap       ] GC(770) Survivor regions: 3->3(5)
[2025-11-08T00:51:14.586+0000][gc,heap       ] GC(770) Old regions: 410->411
[2025-11-08T00:51:14.586+0000][gc,heap       ] GC(770) Humongous regions: 147->147
[2025-11-08T00:51:14.587+0000][gc,metaspace  ] GC(770) Metaspace: 53318K(56604K)->53318K(56604K) NonClass: 47415K(49232K)->47415K(49232K) Class: 5903K(7372K)->5903K(7372K)
[2025-11-08T00:51:14.587+0000][gc            ] GC(770) Pause Young (Normal) (G1 Evacuation Pause) 590M->560M(684M) 29.821ms
[2025-11-08T00:51:14.587+0000][gc,cpu        ] GC(770) User=0.03s Sys=0.00s Real=0.03s
[2025-11-08T00:51:21.381+0000][gc,start      ] GC(771) Pause Young (Normal) (G1 Evacuation Pause)
[2025-11-08T00:51:21.381+0000][gc,task       ] GC(771) Using 2 workers of 2 for evacuation
[2025-11-08T00:51:21.504+0000][gc,mmu        ] GC(771) MMU target violated: 21.0ms (20.0ms/21.0ms)
[2025-11-08T00:51:21.505+0000][gc,phases     ] GC(771)   Pre Evacuate Collection Set: 0.0ms
[2025-11-08T00:51:21.505+0000][gc,phases     ] GC(771)   Evacuate Collection Set: 120.2ms
[2025-11-08T00:51:21.505+0000][gc,phases     ] GC(771)   Post Evacuate Collection Set: 1.7ms
[2025-11-08T00:51:21.506+0000][gc,phases     ] GC(771)   Other: 2.2ms
[2025-11-08T00:51:21.506+0000][gc,heap       ] GC(771) Eden regions: 31->0(31)
[2025-11-08T00:51:21.506+0000][gc,heap       ] GC(771) Survivor regions: 3->3(5)
[2025-11-08T00:51:21.506+0000][gc,heap       ] GC(771) Old regions: 411->411
[2025-11-08T00:51:21.507+0000][gc,heap       ] GC(771) Humongous regions: 147->147
[2025-11-08T00:51:21.507+0000][gc,metaspace  ] GC(771) Metaspace: 53318K(56604K)->53318K(56604K) NonClass: 47415K(49232K)->47415K(49232K) Class: 5903K(7372K)->5903K(7372K)
[2025-11-08T00:51:21.507+0000][gc            ] GC(771) Pause Young (Normal) (G1 Evacuation Pause) 591M->560M(684M) 126.793ms
[2025-11-08T00:51:21.508+0000][gc,cpu        ] GC(771) User=0.05s Sys=0.01s Real=0.13s
[2025-11-08T00:51:28.099+0000][gc,start      ] GC(772) Pause Young (Normal) (G1 Evacuation Pause)
[2025-11-08T00:51:28.099+0000][gc,task       ] GC(772) Using 2 workers of 2 for evacuation
[2025-11-08T00:51:28.110+0000][gc,phases     ] GC(772)   Pre Evacuate Collection Set: 0.0ms
[2025-11-08T00:51:28.110+0000][gc,phases     ] GC(772)   Evacuate Collection Set: 9.3ms
[2025-11-08T00:51:28.110+0000][gc,phases     ] GC(772)   Post Evacuate Collection Set: 0.7ms
[2025-11-08T00:51:28.110+0000][gc,phases     ] GC(772)   Other: 0.7ms
[2025-11-08T00:51:28.110+0000][gc,heap       ] GC(772) Eden regions: 31->0(30)
[2025-11-08T00:51:28.111+0000][gc,heap       ] GC(772) Survivor regions: 3->4(5)
[2025-11-08T00:51:28.111+0000][gc,heap       ] GC(772) Old regions: 411->411
[2025-11-08T00:51:28.111+0000][gc,heap       ] GC(772) Humongous regions: 147->147
[2025-11-08T00:51:28.111+0000][gc,metaspace  ] GC(772) Metaspace: 53318K(56604K)->53318K(56604K) NonClass: 47415K(49232K)->47415K(49232K) Class: 5903K(7372K)->5903K(7372K)
[2025-11-08T00:51:28.111+0000][gc            ] GC(772) Pause Young (Normal) (G1 Evacuation Pause) 591M->561M(684M) 12.126ms
[2025-11-08T00:51:28.111+0000][gc,cpu        ] GC(772) User=0.02s Sys=0.00s Real=0.02s
[2025-11-08T00:51:34.683+0000][gc,start      ] GC(773) Pause Young (Normal) (G1 Evacuation Pause)
[2025-11-08T00:51:34.684+0000][gc,task       ] GC(773) Using 2 workers of 2 for evacuation
[2025-11-08T00:51:34.718+0000][gc,mmu        ] GC(773) MMU target violated: 21.0ms (20.0ms/21.0ms)
[2025-11-08T00:51:34.718+0000][gc,phases     ] GC(773)   Pre Evacuate Collection Set: 0.2ms
[2025-11-08T00:51:34.718+0000][gc,phases     ] GC(773)   Evacuate Collection Set: 32.5ms
[2025-11-08T00:51:34.718+0000][gc,phases     ] GC(773)   Post Evacuate Collection Set: 0.6ms
[2025-11-08T00:51:34.719+0000][gc,phases     ] GC(773)   Other: 1.5ms
[2025-11-08T00:51:34.719+0000][gc,heap       ] GC(773) Eden regions: 30->0(31)
[2025-11-08T00:51:34.719+0000][gc,heap       ] GC(773) Survivor regions: 4->3(5)
[2025-11-08T00:51:34.719+0000][gc,heap       ] GC(773) Old regions: 411->413
[2025-11-08T00:51:34.720+0000][gc,heap       ] GC(773) Humongous regions: 147->147
[2025-11-08T00:51:34.720+0000][gc,metaspace  ] GC(773) Metaspace: 53318K(56604K)->53318K(56604K) NonClass: 47415K(49232K)->47415K(49232K) Class: 5903K(7372K)->5903K(7372K)
[2025-11-08T00:51:34.720+0000][gc            ] GC(773) Pause Young (Normal) (G1 Evacuation Pause) 591M->561M(684M) 36.805ms
[2025-11-08T00:51:34.720+0000][gc,cpu        ] GC(773) User=0.04s Sys=0.00s Real=0.03s
[2025-11-08T00:51:41.356+0000][gc,start      ] GC(774) Pause Young (Normal) (G1 Evacuation Pause)
[2025-11-08T00:51:41.359+0000][gc,task       ] GC(774) Using 2 workers of 2 for evacuation
[2025-11-08T00:51:41.369+0000][gc,phases     ] GC(774)   Pre Evacuate Collection Set: 0.0ms
[2025-11-08T00:51:41.369+0000][gc,phases     ] GC(774)   Evacuate Collection Set: 8.4ms
[2025-11-08T00:51:41.369+0000][gc,phases     ] GC(774)   Post Evacuate Collection Set: 0.9ms
[2025-11-08T00:51:41.369+0000][gc,phases     ] GC(774)   Other: 3.6ms
[2025-11-08T00:51:41.370+0000][gc,heap       ] GC(774) Eden regions: 31->0(32)
[2025-11-08T00:51:41.370+0000][gc,heap       ] GC(774) Survivor regions: 3->2(5)
[2025-11-08T00:51:41.370+0000][gc,heap       ] GC(774) Old regions: 413->413
[2025-11-08T00:51:41.370+0000][gc,heap       ] GC(774) Humongous regions: 147->147
[2025-11-08T00:51:41.371+0000][gc,metaspace  ] GC(774) Metaspace: 53318K(56604K)->53318K(56604K) NonClass: 47415K(49232K)->47415K(49232K) Class: 5903K(7372K)->5903K(7372K)
[2025-11-08T00:51:41.371+0000][gc            ] GC(774) Pause Young (Normal) (G1 Evacuation Pause) 592M->561M(684M) 15.150ms
[2025-11-08T00:51:41.371+0000][gc,cpu        ] GC(774) User=0.02s Sys=0.00s Real=0.01s
[2025-11-08T00:51:48.125+0000][gc,start      ] GC(775) Pause Young (Normal) (G1 Evacuation Pause)
[2025-11-08T00:51:48.126+0000][gc,task       ] GC(775) Using 2 workers of 2 for evacuation
[2025-11-08T00:51:48.135+0000][gc,phases     ] GC(775)   Pre Evacuate Collection Set: 0.0ms
[2025-11-08T00:51:48.135+0000][gc,phases     ] GC(775)   Evacuate Collection Set: 8.2ms
[2025-11-08T00:51:48.136+0000][gc,phases     ] GC(775)   Post Evacuate Collection Set: 0.9ms
[2025-11-08T00:51:48.136+0000][gc,phases     ] GC(775)   Other: 0.6ms
[2025-11-08T00:51:48.136+0000][gc,heap       ] GC(775) Eden regions: 32->0(32)
[2025-11-08T00:51:48.136+0000][gc,heap       ] GC(775) Survivor regions: 2->2(5)
[2025-11-08T00:51:48.137+0000][gc,heap       ] GC(775) Old regions: 413->413
[2025-11-08T00:51:48.137+0000][gc,heap       ] GC(775) Humongous regions: 147->147
[2025-11-08T00:51:48.137+0000][gc,metaspace  ] GC(775) Metaspace: 53318K(56604K)->53318K(56604K) NonClass: 47415K(49232K)->47415K(49232K) Class: 5903K(7372K)->5903K(7372K)
[2025-11-08T00:51:48.138+0000][gc            ] GC(775) Pause Young (Normal) (G1 Evacuation Pause) 593M->560M(684M) 12.241ms
[2025-11-08T00:51:48.138+0000][gc,cpu        ] GC(775) User=0.02s Sys=0.00s Real=0.01s
[2025-11-08T00:51:54.871+0000][gc,start      ] GC(776) Pause Young (Normal) (G1 Evacuation Pause)
[2025-11-08T00:51:54.871+0000][gc,task       ] GC(776) Using 2 workers of 2 for evacuation
[2025-11-08T00:51:54.883+0000][gc,phases     ] GC(776)   Pre Evacuate Collection Set: 0.0ms
[2025-11-08T00:51:54.883+0000][gc,phases     ] GC(776)   Evacuate Collection Set: 10.4ms
[2025-11-08T00:51:54.883+0000][gc,phases     ] GC(776)   Post Evacuate Collection Set: 0.8ms
[2025-11-08T00:51:54.884+0000][gc,phases     ] GC(776)   Other: 0.6ms
[2025-11-08T00:51:54.884+0000][gc,heap       ] GC(776) Eden regions: 32->0(30)
[2025-11-08T00:51:54.884+0000][gc,heap       ] GC(776) Survivor regions: 2->4(5)
[2025-11-08T00:51:54.884+0000][gc,heap       ] GC(776) Old regions: 413->413
[2025-11-08T00:51:54.884+0000][gc,heap       ] GC(776) Humongous regions: 147->147
[2025-11-08T00:51:54.885+0000][gc,metaspace  ] GC(776) Metaspace: 53318K(56604K)->53318K(56604K) NonClass: 47415K(49232K)->47415K(49232K) Class: 5903K(7372K)->5903K(7372K)
[2025-11-08T00:51:54.885+0000][gc            ] GC(776) Pause Young (Normal) (G1 Evacuation Pause) 592M->562M(684M) 13.959ms
[2025-11-08T00:51:54.885+0000][gc,cpu        ] GC(776) User=0.02s Sys=0.00s Real=0.02s
[2025-11-08T00:52:01.253+0000][gc,start      ] GC(777) Pause Young (Normal) (G1 Evacuation Pause)
[2025-11-08T00:52:01.254+0000][gc,task       ] GC(777) Using 2 workers of 2 for evacuation
[2025-11-08T00:52:01.282+0000][gc,mmu        ] GC(777) MMU target violated: 21.0ms (20.0ms/21.0ms)
[2025-11-08T00:52:01.282+0000][gc,phases     ] GC(777)   Pre Evacuate Collection Set: 0.0ms
[2025-11-08T00:52:01.282+0000][gc,phases     ] GC(777)   Evacuate Collection Set: 27.1ms
[2025-11-08T00:52:01.282+0000][gc,phases     ] GC(777)   Post Evacuate Collection Set: 0.7ms
[2025-11-08T00:52:01.282+0000][gc,phases     ] GC(777)   Other: 0.9ms
[2025-11-08T00:52:01.283+0000][gc,heap       ] GC(777) Eden regions: 30->0(32)
[2025-11-08T00:52:01.283+0000][gc,heap       ] GC(777) Survivor regions: 4->2(5)
[2025-11-08T00:52:01.283+0000][gc,heap       ] GC(777) Old regions: 413->414
[2025-11-08T00:52:01.283+0000][gc,heap       ] GC(777) Humongous regions: 147->147
[2025-11-08T00:52:01.283+0000][gc,metaspace  ] GC(777) Metaspace: 53318K(56604K)->53318K(56604K) NonClass: 47415K(49232K)->47415K(49232K) Class: 5903K(7372K)->5903K(7372K)
[2025-11-08T00:52:01.284+0000][gc            ] GC(777) Pause Young (Normal) (G1 Evacuation Pause) 592M->562M(684M) 30.326ms
[2025-11-08T00:52:01.284+0000][gc,cpu        ] GC(777) User=0.02s Sys=0.01s Real=0.03s
[2025-11-08T00:52:07.932+0000][gc,start      ] GC(778) Pause Young (Normal) (G1 Evacuation Pause)
[2025-11-08T00:52:07.932+0000][gc,task       ] GC(778) Using 2 workers of 2 for evacuation
[2025-11-08T00:52:07.941+0000][gc,phases     ] GC(778)   Pre Evacuate Collection Set: 0.0ms
[2025-11-08T00:52:07.941+0000][gc,phases     ] GC(778)   Evacuate Collection Set: 7.5ms
[2025-11-08T00:52:07.941+0000][gc,phases     ] GC(778)   Post Evacuate Collection Set: 0.7ms
[2025-11-08T00:52:07.941+0000][gc,phases     ] GC(778)   Other: 0.5ms
[2025-11-08T00:52:07.942+0000][gc,heap       ] GC(778) Eden regions: 32->0(32)
[2025-11-08T00:52:07.942+0000][gc,heap       ] GC(778) Survivor regions: 2->2(5)
[2025-11-08T00:52:07.942+0000][gc,heap       ] GC(778) Old regions: 414->414
[2025-11-08T00:52:07.942+0000][gc,heap       ] GC(778) Humongous regions: 147->147
[2025-11-08T00:52:07.942+0000][gc,metaspace  ] GC(778) Metaspace: 53318K(56604K)->53318K(56604K) NonClass: 47415K(49232K)->47415K(49232K) Class: 5903K(7372K)->5903K(7372K)
[2025-11-08T00:52:07.942+0000][gc            ] GC(778) Pause Young (Normal) (G1 Evacuation Pause) 594M->561M(684M) 10.172ms
[2025-11-08T00:52:07.942+0000][gc,cpu        ] GC(778) User=0.01s Sys=0.00s Real=0.01s
[2025-11-08T00:52:14.683+0000][gc,start      ] GC(779) Pause Young (Normal) (G1 Evacuation Pause)
[2025-11-08T00:52:14.683+0000][gc,task       ] GC(779) Using 2 workers of 2 for evacuation
[2025-11-08T00:52:14.697+0000][gc,phases     ] GC(779)   Pre Evacuate Collection Set: 0.1ms
[2025-11-08T00:52:14.698+0000][gc,phases     ] GC(779)   Evacuate Collection Set: 11.3ms
[2025-11-08T00:52:14.698+0000][gc,phases     ] GC(779)   Post Evacuate Collection Set: 1.4ms
[2025-11-08T00:52:14.698+0000][gc,phases     ] GC(779)   Other: 1.8ms
[2025-11-08T00:52:14.698+0000][gc,heap       ] GC(779) Eden regions: 32->0(32)
[2025-11-08T00:52:14.699+0000][gc,heap       ] GC(779) Survivor regions: 2->2(5)
[2025-11-08T00:52:14.699+0000][gc,heap       ] GC(779) Old regions: 414->414
[2025-11-08T00:52:14.700+0000][gc,heap       ] GC(779) Humongous regions: 147->147
[2025-11-08T00:52:14.700+0000][gc,metaspace  ] GC(779) Metaspace: 53318K(56604K)->53318K(56604K) NonClass: 47415K(49232K)->47415K(49232K) Class: 5903K(7372K)->5903K(7372K)
[2025-11-08T00:52:14.701+0000][gc            ] GC(779) Pause Young (Normal) (G1 Evacuation Pause) 593M->561M(684M) 18.104ms
[2025-11-08T00:52:14.701+0000][gc,cpu        ] GC(779) User=0.03s Sys=0.00s Real=0.01s
[2025-11-08T00:52:21.547+0000][gc,start      ] GC(780) Pause Young (Normal) (G1 Evacuation Pause)
[2025-11-08T00:52:21.548+0000][gc,task       ] GC(780) Using 2 workers of 2 for evacuation
[2025-11-08T00:52:21.557+0000][gc,phases     ] GC(780)   Pre Evacuate Collection Set: 0.0ms
[2025-11-08T00:52:21.557+0000][gc,phases     ] GC(780)   Evacuate Collection Set: 8.5ms
[2025-11-08T00:52:21.558+0000][gc,phases     ] GC(780)   Post Evacuate Collection Set: 0.7ms
[2025-11-08T00:52:21.558+0000][gc,phases     ] GC(780)   Other: 0.7ms
[2025-11-08T00:52:21.558+0000][gc,heap       ] GC(780) Eden regions: 32->0(32)
[2025-11-08T00:52:21.558+0000][gc,heap       ] GC(780) Survivor regions: 2->4(5)
[2025-11-08T00:52:21.558+0000][gc,heap       ] GC(780) Old regions: 414->414
[2025-11-08T00:52:21.559+0000][gc,heap       ] GC(780) Humongous regions: 147->147
[2025-11-08T00:52:21.559+0000][gc,metaspace  ] GC(780) Metaspace: 53318K(56604K)->53318K(56604K) NonClass: 47415K(49232K)->47415K(49232K) Class: 5903K(7372K)->5903K(7372K)
[2025-11-08T00:52:21.559+0000][gc            ] GC(780) Pause Young (Normal) (G1 Evacuation Pause) 593M->563M(684M) 11.517ms
[2025-11-08T00:52:21.559+0000][gc,cpu        ] GC(780) User=0.02s Sys=0.00s Real=0.01s
[2025-11-08T00:52:28.353+0000][gc,start      ] GC(781) Pause Young (Normal) (G1 Evacuation Pause)
[2025-11-08T00:52:28.353+0000][gc,task       ] GC(781) Using 2 workers of 2 for evacuation
[2025-11-08T00:52:28.393+0000][gc,mmu        ] GC(781) MMU target violated: 21.0ms (20.0ms/21.0ms)
[2025-11-08T00:52:28.394+0000][gc,phases     ] GC(781)   Pre Evacuate Collection Set: 0.0ms
[2025-11-08T00:52:28.394+0000][gc,phases     ] GC(781)   Evacuate Collection Set: 37.4ms
[2025-11-08T00:52:28.395+0000][gc,phases     ] GC(781)   Post Evacuate Collection Set: 1.0ms
[2025-11-08T00:52:28.395+0000][gc,phases     ] GC(781)   Other: 2.5ms
[2025-11-08T00:52:28.395+0000][gc,heap       ] GC(781) Eden regions: 32->0(31)
[2025-11-08T00:52:28.396+0000][gc,heap       ] GC(781) Survivor regions: 4->3(5)
[2025-11-08T00:52:28.396+0000][gc,heap       ] GC(781) Old regions: 414->414
[2025-11-08T00:52:28.396+0000][gc,heap       ] GC(781) Humongous regions: 147->147
[2025-11-08T00:52:28.397+0000][gc,metaspace  ] GC(781) Metaspace: 53318K(56604K)->53318K(56604K) NonClass: 47415K(49232K)->47415K(49232K) Class: 5903K(7372K)->5903K(7372K)
[2025-11-08T00:52:28.397+0000][gc            ] GC(781) Pause Young (Normal) (G1 Evacuation Pause) 595M->563M(684M) 44.194ms
[2025-11-08T00:52:28.398+0000][gc,cpu        ] GC(781) User=0.03s Sys=0.01s Real=0.04s
[2025-11-08T00:52:35.225+0000][gc,start      ] GC(782) Pause Young (Normal) (G1 Evacuation Pause)
[2025-11-08T00:52:35.226+0000][gc,task       ] GC(782) Using 2 workers of 2 for evacuation
[2025-11-08T00:52:35.236+0000][gc,phases     ] GC(782)   Pre Evacuate Collection Set: 0.0ms
[2025-11-08T00:52:35.237+0000][gc,phases     ] GC(782)   Evacuate Collection Set: 8.7ms
[2025-11-08T00:52:35.237+0000][gc,phases     ] GC(782)   Post Evacuate Collection Set: 0.9ms
[2025-11-08T00:52:35.237+0000][gc,phases     ] GC(782)   Other: 1.4ms
[2025-11-08T00:52:35.237+0000][gc,heap       ] GC(782) Eden regions: 31->0(32)
[2025-11-08T00:52:35.237+0000][gc,heap       ] GC(782) Survivor regions: 3->2(5)
[2025-11-08T00:52:35.238+0000][gc,heap       ] GC(782) Old regions: 414->414
[2025-11-08T00:52:35.238+0000][gc,heap       ] GC(782) Humongous regions: 147->147
[2025-11-08T00:52:35.238+0000][gc,metaspace  ] GC(782) Metaspace: 53318K(56604K)->53318K(56604K) NonClass: 47415K(49232K)->47415K(49232K) Class: 5903K(7372K)->5903K(7372K)
[2025-11-08T00:52:35.238+0000][gc            ] GC(782) Pause Young (Normal) (G1 Evacuation Pause) 594M->562M(684M) 12.970ms
[2025-11-08T00:52:35.239+0000][gc,cpu        ] GC(782) User=0.01s Sys=0.00s Real=0.01s
[2025-11-08T00:52:41.961+0000][gc,start      ] GC(783) Pause Young (Normal) (G1 Evacuation Pause)
[2025-11-08T00:52:41.962+0000][gc,task       ] GC(783) Using 2 workers of 2 for evacuation
[2025-11-08T00:52:41.975+0000][gc,phases     ] GC(783)   Pre Evacuate Collection Set: 0.0ms
[2025-11-08T00:52:41.975+0000][gc,phases     ] GC(783)   Evacuate Collection Set: 11.0ms
[2025-11-08T00:52:41.976+0000][gc,phases     ] GC(783)   Post Evacuate Collection Set: 1.9ms
[2025-11-08T00:52:41.976+0000][gc,phases     ] GC(783)   Other: 1.0ms
[2025-11-08T00:52:41.976+0000][gc,heap       ] GC(783) Eden regions: 32->0(32)
[2025-11-08T00:52:41.977+0000][gc,heap       ] GC(783) Survivor regions: 2->2(5)
[2025-11-08T00:52:41.978+0000][gc,heap       ] GC(783) Old regions: 414->414
[2025-11-08T00:52:41.980+0000][gc,heap       ] GC(783) Humongous regions: 147->147
[2025-11-08T00:52:41.980+0000][gc,metaspace  ] GC(783) Metaspace: 53318K(56604K)->53318K(56604K) NonClass: 47415K(49232K)->47415K(49232K) Class: 5903K(7372K)->5903K(7372K)
[2025-11-08T00:52:41.980+0000][gc            ] GC(783) Pause Young (Normal) (G1 Evacuation Pause) 594M->562M(684M) 18.994ms
[2025-11-08T00:52:41.980+0000][gc,cpu        ] GC(783) User=0.03s Sys=0.00s Real=0.02s
[2025-11-08T00:52:48.659+0000][gc,start      ] GC(784) Pause Young (Normal) (G1 Evacuation Pause)
[2025-11-08T00:52:48.659+0000][gc,task       ] GC(784) Using 2 workers of 2 for evacuation
[2025-11-08T00:52:48.666+0000][gc,phases     ] GC(784)   Pre Evacuate Collection Set: 0.0ms
[2025-11-08T00:52:48.666+0000][gc,phases     ] GC(784)   Evacuate Collection Set: 5.9ms
[2025-11-08T00:52:48.666+0000][gc,phases     ] GC(784)   Post Evacuate Collection Set: 0.7ms
[2025-11-08T00:52:48.667+0000][gc,phases     ] GC(784)   Other: 0.5ms
[2025-11-08T00:52:48.667+0000][gc,heap       ] GC(784) Eden regions: 32->0(36)
[2025-11-08T00:52:48.667+0000][gc,heap       ] GC(784) Survivor regions: 2->2(5)
[2025-11-08T00:52:48.667+0000][gc,heap       ] GC(784) Old regions: 414->414
[2025-11-08T00:52:48.667+0000][gc,heap       ] GC(784) Humongous regions: 147->147
[2025-11-08T00:52:48.667+0000][gc,metaspace  ] GC(784) Metaspace: 53318K(56604K)->53318K(56604K) NonClass: 47415K(49232K)->47415K(49232K) Class: 5903K(7372K)->5903K(7372K)
[2025-11-08T00:52:48.668+0000][gc            ] GC(784) Pause Young (Normal) (G1 Evacuation Pause) 594M->562M(684M) 8.547ms
[2025-11-08T00:52:48.668+0000][gc,cpu        ] GC(784) User=0.01s Sys=0.00s Real=0.01s
[2025-11-08T00:52:56.237+0000][gc,start      ] GC(785) Pause Young (Normal) (G1 Evacuation Pause)
[2025-11-08T00:52:56.238+0000][gc,task       ] GC(785) Using 2 workers of 2 for evacuation
[2025-11-08T00:52:56.246+0000][gc,phases     ] GC(785)   Pre Evacuate Collection Set: 0.0ms
[2025-11-08T00:52:56.246+0000][gc,phases     ] GC(785)   Evacuate Collection Set: 7.0ms
[2025-11-08T00:52:56.246+0000][gc,phases     ] GC(785)   Post Evacuate Collection Set: 0.7ms
[2025-11-08T00:52:56.247+0000][gc,phases     ] GC(785)   Other: 1.7ms
[2025-11-08T00:52:56.247+0000][gc,heap       ] GC(785) Eden regions: 36->0(38)
[2025-11-08T00:52:56.247+0000][gc,heap       ] GC(785) Survivor regions: 2->2(5)
[2025-11-08T00:52:56.247+0000][gc,heap       ] GC(785) Old regions: 414->414
[2025-11-08T00:52:56.247+0000][gc,heap       ] GC(785) Humongous regions: 147->147
[2025-11-08T00:52:56.247+0000][gc,metaspace  ] GC(785) Metaspace: 53318K(56604K)->53318K(56604K) NonClass: 47415K(49232K)->47415K(49232K) Class: 5903K(7372K)->5903K(7372K)
[2025-11-08T00:52:56.248+0000][gc            ] GC(785) Pause Young (Normal) (G1 Evacuation Pause) 598M->562M(684M) 10.831ms
[2025-11-08T00:52:56.248+0000][gc,cpu        ] GC(785) User=0.01s Sys=0.00s Real=0.01s
[2025-11-08T00:53:04.511+0000][gc,start      ] GC(786) Pause Young (Normal) (G1 Evacuation Pause)
[2025-11-08T00:53:04.511+0000][gc,task       ] GC(786) Using 2 workers of 2 for evacuation
[2025-11-08T00:53:04.520+0000][gc,phases     ] GC(786)   Pre Evacuate Collection Set: 0.0ms
[2025-11-08T00:53:04.520+0000][gc,phases     ] GC(786)   Evacuate Collection Set: 7.8ms
[2025-11-08T00:53:04.520+0000][gc,phases     ] GC(786)   Post Evacuate Collection Set: 0.6ms
[2025-11-08T00:53:04.520+0000][gc,phases     ] GC(786)   Other: 0.5ms
[2025-11-08T00:53:04.520+0000][gc,heap       ] GC(786) Eden regions: 38->0(41)
[2025-11-08T00:53:04.520+0000][gc,heap       ] GC(786) Survivor regions: 2->3(5)
[2025-11-08T00:53:04.520+0000][gc,heap       ] GC(786) Old regions: 414->414
[2025-11-08T00:53:04.521+0000][gc,heap       ] GC(786) Humongous regions: 147->147
[2025-11-08T00:53:04.521+0000][gc,metaspace  ] GC(786) Metaspace: 53318K(56604K)->53318K(56604K) NonClass: 47415K(49232K)->47415K(49232K) Class: 5903K(7372K)->5903K(7372K)
[2025-11-08T00:53:04.521+0000][gc            ] GC(786) Pause Young (Normal) (G1 Evacuation Pause) 600M->563M(684M) 10.213ms
[2025-11-08T00:53:04.521+0000][gc,cpu        ] GC(786) User=0.01s Sys=0.00s Real=0.01s
[2025-11-08T00:53:13.561+0000][gc,start      ] GC(787) Pause Young (Normal) (G1 Evacuation Pause)
[2025-11-08T00:53:13.562+0000][gc,task       ] GC(787) Using 2 workers of 2 for evacuation
[2025-11-08T00:53:13.575+0000][gc,phases     ] GC(787)   Pre Evacuate Collection Set: 0.0ms
[2025-11-08T00:53:13.575+0000][gc,phases     ] GC(787)   Evacuate Collection Set: 11.0ms
[2025-11-08T00:53:13.575+0000][gc,phases     ] GC(787)   Post Evacuate Collection Set: 1.1ms
[2025-11-08T00:53:13.576+0000][gc,phases     ] GC(787)   Other: 1.0ms
[2025-11-08T00:53:13.576+0000][gc,heap       ] GC(787) Eden regions: 41->0(41)
[2025-11-08T00:53:13.576+0000][gc,heap       ] GC(787) Survivor regions: 3->4(6)
[2025-11-08T00:53:13.576+0000][gc,heap       ] GC(787) Old regions: 414->414
[2025-11-08T00:53:13.577+0000][gc,heap       ] GC(787) Humongous regions: 147->147
[2025-11-08T00:53:13.578+0000][gc,metaspace  ] GC(787) Metaspace: 53318K(56604K)->53318K(56604K) NonClass: 47415K(49232K)->47415K(49232K) Class: 5903K(7372K)->5903K(7372K)
[2025-11-08T00:53:13.578+0000][gc            ] GC(787) Pause Young (Normal) (G1 Evacuation Pause) 604M->564M(684M) 16.601ms
[2025-11-08T00:53:13.578+0000][gc,cpu        ] GC(787) User=0.03s Sys=0.00s Real=0.02s
[2025-11-08T00:53:22.271+0000][gc,start      ] GC(788) Pause Young (Normal) (G1 Evacuation Pause)
[2025-11-08T00:53:22.271+0000][gc,task       ] GC(788) Using 2 workers of 2 for evacuation
[2025-11-08T00:53:22.289+0000][gc,phases     ] GC(788)   Pre Evacuate Collection Set: 0.0ms
[2025-11-08T00:53:22.289+0000][gc,phases     ] GC(788)   Evacuate Collection Set: 16.3ms
[2025-11-08T00:53:22.289+0000][gc,phases     ] GC(788)   Post Evacuate Collection Set: 0.6ms
[2025-11-08T00:53:22.289+0000][gc,phases     ] GC(788)   Other: 1.0ms
[2025-11-08T00:53:22.290+0000][gc,heap       ] GC(788) Eden regions: 39->0(41)
[2025-11-08T00:53:22.290+0000][gc,heap       ] GC(788) Survivor regions: 4->4(6)
[2025-11-08T00:53:22.290+0000][gc,heap       ] GC(788) Old regions: 414->415
[2025-11-08T00:53:22.290+0000][gc,heap       ] GC(788) Humongous regions: 147->147
[2025-11-08T00:53:22.290+0000][gc,metaspace  ] GC(788) Metaspace: 53318K(56604K)->53318K(56604K) NonClass: 47415K(49232K)->47415K(49232K) Class: 5903K(7372K)->5903K(7372K)
[2025-11-08T00:53:22.290+0000][gc            ] GC(788) Pause Young (Normal) (G1 Evacuation Pause) 603M->565M(684M) 19.775ms
[2025-11-08T00:53:22.291+0000][gc,cpu        ] GC(788) User=0.03s Sys=0.00s Real=0.02s
[2025-11-08T00:53:30.158+0000][gc,start      ] GC(789) Pause Young (Normal) (G1 Evacuation Pause)
[2025-11-08T00:53:30.159+0000][gc,task       ] GC(789) Using 2 workers of 2 for evacuation
[2025-11-08T00:53:30.209+0000][gc,mmu        ] GC(789) MMU target violated: 21.0ms (20.0ms/21.0ms)
[2025-11-08T00:53:30.210+0000][gc,phases     ] GC(789)   Pre Evacuate Collection Set: 0.0ms
[2025-11-08T00:53:30.211+0000][gc,phases     ] GC(789)   Evacuate Collection Set: 48.6ms
[2025-11-08T00:53:30.211+0000][gc,phases     ] GC(789)   Post Evacuate Collection Set: 1.3ms
[2025-11-08T00:53:30.211+0000][gc,phases     ] GC(789)   Other: 1.6ms
[2025-11-08T00:53:30.212+0000][gc,heap       ] GC(789) Eden regions: 36->0(31)
[2025-11-08T00:53:30.212+0000][gc,heap       ] GC(789) Survivor regions: 4->3(5)
[2025-11-08T00:53:30.213+0000][gc,heap       ] GC(789) Old regions: 415->416
[2025-11-08T00:53:30.214+0000][gc,heap       ] GC(789) Humongous regions: 147->147
[2025-11-08T00:53:30.214+0000][gc,metaspace  ] GC(789) Metaspace: 53318K(56604K)->53318K(56604K) NonClass: 47415K(49232K)->47415K(49232K) Class: 5903K(7372K)->5903K(7372K)
[2025-11-08T00:53:30.215+0000][gc            ] GC(789) Pause Young (Normal) (G1 Evacuation Pause) 601M->565M(684M) 56.503ms
[2025-11-08T00:53:30.215+0000][gc,cpu        ] GC(789) User=0.05s Sys=0.00s Real=0.06s
[2025-11-08T00:53:37.097+0000][gc,start      ] GC(790) Pause Young (Normal) (G1 Evacuation Pause)
[2025-11-08T00:53:37.097+0000][gc,task       ] GC(790) Using 2 workers of 2 for evacuation
[2025-11-08T00:53:37.115+0000][gc,phases     ] GC(790)   Pre Evacuate Collection Set: 0.0ms
[2025-11-08T00:53:37.115+0000][gc,phases     ] GC(790)   Evacuate Collection Set: 16.0ms
[2025-11-08T00:53:37.115+0000][gc,phases     ] GC(790)   Post Evacuate Collection Set: 1.0ms
[2025-11-08T00:53:37.116+0000][gc,phases     ] GC(790)   Other: 1.5ms
[2025-11-08T00:53:37.116+0000][gc,heap       ] GC(790) Eden regions: 31->0(32)
[2025-11-08T00:53:37.116+0000][gc,heap       ] GC(790) Survivor regions: 3->2(5)
[2025-11-08T00:53:37.116+0000][gc,heap       ] GC(790) Old regions: 416->416
[2025-11-08T00:53:37.116+0000][gc,heap       ] GC(790) Humongous regions: 147->147
[2025-11-08T00:53:37.116+0000][gc,metaspace  ] GC(790) Metaspace: 53318K(56604K)->53318K(56604K) NonClass: 47415K(49232K)->47415K(49232K) Class: 5903K(7372K)->5903K(7372K)
[2025-11-08T00:53:37.117+0000][gc            ] GC(790) Pause Young (Normal) (G1 Evacuation Pause) 596M->564M(684M) 19.997ms
[2025-11-08T00:53:37.117+0000][gc,cpu        ] GC(790) User=0.02s Sys=0.00s Real=0.02s
[2025-11-08T00:53:44.081+0000][gc,start      ] GC(791) Pause Young (Normal) (G1 Evacuation Pause)
[2025-11-08T00:53:44.081+0000][gc,task       ] GC(791) Using 2 workers of 2 for evacuation
[2025-11-08T00:53:44.095+0000][gc,phases     ] GC(791)   Pre Evacuate Collection Set: 0.0ms
[2025-11-08T00:53:44.096+0000][gc,phases     ] GC(791)   Evacuate Collection Set: 10.4ms
[2025-11-08T00:53:44.097+0000][gc,phases     ] GC(791)   Post Evacuate Collection Set: 2.0ms
[2025-11-08T00:53:44.097+0000][gc,phases     ] GC(791)   Other: 1.8ms
[2025-11-08T00:53:44.097+0000][gc,heap       ] GC(791) Eden regions: 32->0(32)
[2025-11-08T00:53:44.097+0000][gc,heap       ] GC(791) Survivor regions: 2->2(5)
[2025-11-08T00:53:44.098+0000][gc,heap       ] GC(791) Old regions: 416->416
[2025-11-08T00:53:44.098+0000][gc,heap       ] GC(791) Humongous regions: 147->147
[2025-11-08T00:53:44.099+0000][gc,metaspace  ] GC(791) Metaspace: 53318K(56604K)->53318K(56604K) NonClass: 47415K(49232K)->47415K(49232K) Class: 5903K(7372K)->5903K(7372K)
[2025-11-08T00:53:44.099+0000][gc            ] GC(791) Pause Young (Normal) (G1 Evacuation Pause) 596M->564M(684M) 18.425ms
[2025-11-08T00:53:44.099+0000][gc,cpu        ] GC(791) User=0.03s Sys=0.00s Real=0.02s
[2025-11-08T00:53:50.939+0000][gc,start      ] GC(792) Pause Young (Normal) (G1 Evacuation Pause)
[2025-11-08T00:53:50.939+0000][gc,task       ] GC(792) Using 2 workers of 2 for evacuation
[2025-11-08T00:53:50.954+0000][gc,phases     ] GC(792)   Pre Evacuate Collection Set: 0.0ms
[2025-11-08T00:53:50.954+0000][gc,phases     ] GC(792)   Evacuate Collection Set: 11.4ms
[2025-11-08T00:53:50.954+0000][gc,phases     ] GC(792)   Post Evacuate Collection Set: 2.7ms
[2025-11-08T00:53:50.955+0000][gc,phases     ] GC(792)   Other: 0.9ms
[2025-11-08T00:53:50.955+0000][gc,heap       ] GC(792) Eden regions: 32->0(33)
[2025-11-08T00:53:50.955+0000][gc,heap       ] GC(792) Survivor regions: 2->2(5)
[2025-11-08T00:53:50.955+0000][gc,heap       ] GC(792) Old regions: 416->416
[2025-11-08T00:53:50.955+0000][gc,heap       ] GC(792) Humongous regions: 147->147
[2025-11-08T00:53:50.958+0000][gc,metaspace  ] GC(792) Metaspace: 53318K(56604K)->53318K(56604K) NonClass: 47415K(49232K)->47415K(49232K) Class: 5903K(7372K)->5903K(7372K)
[2025-11-08T00:53:50.958+0000][gc            ] GC(792) Pause Young (Normal) (G1 Evacuation Pause) 596M->564M(684M) 19.273ms
[2025-11-08T00:53:50.958+0000][gc,cpu        ] GC(792) User=0.02s Sys=0.00s Real=0.02s
[2025-11-08T00:53:57.870+0000][gc,start      ] GC(793) Pause Young (Normal) (G1 Evacuation Pause)
[2025-11-08T00:53:57.871+0000][gc,task       ] GC(793) Using 2 workers of 2 for evacuation
[2025-11-08T00:53:57.882+0000][gc,phases     ] GC(793)   Pre Evacuate Collection Set: 0.0ms
[2025-11-08T00:53:57.882+0000][gc,phases     ] GC(793)   Evacuate Collection Set: 9.7ms
[2025-11-08T00:53:57.882+0000][gc,phases     ] GC(793)   Post Evacuate Collection Set: 0.6ms
[2025-11-08T00:53:57.883+0000][gc,phases     ] GC(793)   Other: 1.0ms
[2025-11-08T00:53:57.883+0000][gc,heap       ] GC(793) Eden regions: 32->0(34)
[2025-11-08T00:53:57.883+0000][gc,heap       ] GC(793) Survivor regions: 2->4(5)
[2025-11-08T00:53:57.884+0000][gc,heap       ] GC(793) Old regions: 416->416
[2025-11-08T00:53:57.884+0000][gc,heap       ] GC(793) Humongous regions: 147->147
[2025-11-08T00:53:57.884+0000][gc,metaspace  ] GC(793) Metaspace: 53318K(56604K)->53318K(56604K) NonClass: 47415K(49232K)->47415K(49232K) Class: 5903K(7372K)->5903K(7372K)
[2025-11-08T00:53:57.884+0000][gc            ] GC(793) Pause Young (Normal) (G1 Evacuation Pause) 596M->566M(684M) 13.787ms
[2025-11-08T00:53:57.885+0000][gc,cpu        ] GC(793) User=0.02s Sys=0.00s Real=0.02s
[2025-11-08T00:54:04.966+0000][gc,start      ] GC(794) Pause Young (Normal) (G1 Evacuation Pause)
[2025-11-08T00:54:04.967+0000][gc,task       ] GC(794) Using 2 workers of 2 for evacuation
[2025-11-08T00:54:05.012+0000][gc,mmu        ] GC(794) MMU target violated: 21.0ms (20.0ms/21.0ms)
[2025-11-08T00:54:05.013+0000][gc,phases     ] GC(794)   Pre Evacuate Collection Set: 0.0ms
[2025-11-08T00:54:05.013+0000][gc,phases     ] GC(794)   Evacuate Collection Set: 44.1ms
[2025-11-08T00:54:05.013+0000][gc,phases     ] GC(794)   Post Evacuate Collection Set: 1.1ms
[2025-11-08T00:54:05.014+0000][gc,phases     ] GC(794)   Other: 1.5ms
[2025-11-08T00:54:05.015+0000][gc,heap       ] GC(794) Eden regions: 31->0(31)
[2025-11-08T00:54:05.015+0000][gc,heap       ] GC(794) Survivor regions: 4->3(5)
[2025-11-08T00:54:05.016+0000][gc,heap       ] GC(794) Old regions: 416->417
[2025-11-08T00:54:05.016+0000][gc,heap       ] GC(794) Humongous regions: 147->147
[2025-11-08T00:54:05.016+0000][gc,metaspace  ] GC(794) Metaspace: 53318K(56604K)->53318K(56604K) NonClass: 47415K(49232K)->47415K(49232K) Class: 5903K(7372K)->5903K(7372K)
[2025-11-08T00:54:05.017+0000][gc            ] GC(794) Pause Young (Normal) (G1 Evacuation Pause) 597M->565M(684M) 50.325ms
[2025-11-08T00:54:05.017+0000][gc,cpu        ] GC(794) User=0.05s Sys=0.00s Real=0.05s
[2025-11-08T00:54:11.500+0000][gc,start      ] GC(795) Pause Young (Normal) (G1 Evacuation Pause)
[2025-11-08T00:54:11.501+0000][gc,task       ] GC(795) Using 2 workers of 2 for evacuation
[2025-11-08T00:54:11.508+0000][gc,phases     ] GC(795)   Pre Evacuate Collection Set: 0.0ms
[2025-11-08T00:54:11.509+0000][gc,phases     ] GC(795)   Evacuate Collection Set: 6.5ms
[2025-11-08T00:54:11.509+0000][gc,phases     ] GC(795)   Post Evacuate Collection Set: 0.7ms
[2025-11-08T00:54:11.509+0000][gc,phases     ] GC(795)   Other: 0.8ms
[2025-11-08T00:54:11.509+0000][gc,heap       ] GC(795) Eden regions: 31->0(32)
[2025-11-08T00:54:11.510+0000][gc,heap       ] GC(795) Survivor regions: 3->2(5)
[2025-11-08T00:54:11.510+0000][gc,heap       ] GC(795) Old regions: 417->417
[2025-11-08T00:54:11.510+0000][gc,heap       ] GC(795) Humongous regions: 147->147
[2025-11-08T00:54:11.510+0000][gc,metaspace  ] GC(795) Metaspace: 53318K(56604K)->53318K(56604K) NonClass: 47415K(49232K)->47415K(49232K) Class: 5903K(7372K)->5903K(7372K)
[2025-11-08T00:54:11.510+0000][gc            ] GC(795) Pause Young (Normal) (G1 Evacuation Pause) 596M->565M(684M) 10.035ms
[2025-11-08T00:54:11.511+0000][gc,cpu        ] GC(795) User=0.02s Sys=0.00s Real=0.01s
[2025-11-08T00:54:18.192+0000][gc,start      ] GC(796) Pause Young (Normal) (G1 Evacuation Pause)
[2025-11-08T00:54:18.193+0000][gc,task       ] GC(796) Using 2 workers of 2 for evacuation
[2025-11-08T00:54:18.199+0000][gc,phases     ] GC(796)   Pre Evacuate Collection Set: 0.0ms
[2025-11-08T00:54:18.199+0000][gc,phases     ] GC(796)   Evacuate Collection Set: 5.7ms
[2025-11-08T00:54:18.199+0000][gc,phases     ] GC(796)   Post Evacuate Collection Set: 0.6ms
[2025-11-08T00:54:18.200+0000][gc,phases     ] GC(796)   Other: 0.5ms
[2025-11-08T00:54:18.200+0000][gc,heap       ] GC(796) Eden regions: 32->0(33)
[2025-11-08T00:54:18.200+0000][gc,heap       ] GC(796) Survivor regions: 2->2(5)
[2025-11-08T00:54:18.200+0000][gc,heap       ] GC(796) Old regions: 417->417
[2025-11-08T00:54:18.200+0000][gc,heap       ] GC(796) Humongous regions: 147->147
[2025-11-08T00:54:18.201+0000][gc,metaspace  ] GC(796) Metaspace: 53318K(56604K)->53318K(56604K) NonClass: 47415K(49232K)->47415K(49232K) Class: 5903K(7372K)->5903K(7372K)
[2025-11-08T00:54:18.201+0000][gc            ] GC(796) Pause Young (Normal) (G1 Evacuation Pause) 597M->565M(684M) 8.578ms
[2025-11-08T00:54:18.201+0000][gc,cpu        ] GC(796) User=0.02s Sys=0.00s Real=0.01s
[2025-11-08T00:54:24.923+0000][gc,start      ] GC(797) Pause Young (Normal) (G1 Evacuation Pause)
[2025-11-08T00:54:24.923+0000][gc,task       ] GC(797) Using 2 workers of 2 for evacuation
[2025-11-08T00:54:24.931+0000][gc,phases     ] GC(797)   Pre Evacuate Collection Set: 0.0ms
[2025-11-08T00:54:24.931+0000][gc,phases     ] GC(797)   Evacuate Collection Set: 5.9ms
[2025-11-08T00:54:24.931+0000][gc,phases     ] GC(797)   Post Evacuate Collection Set: 1.0ms
[2025-11-08T00:54:24.931+0000][gc,phases     ] GC(797)   Other: 0.8ms
[2025-11-08T00:54:24.931+0000][gc,heap       ] GC(797) Eden regions: 33->0(36)
[2025-11-08T00:54:24.931+0000][gc,heap       ] GC(797) Survivor regions: 2->2(5)
[2025-11-08T00:54:24.932+0000][gc,heap       ] GC(797) Old regions: 417->417
[2025-11-08T00:54:24.932+0000][gc,heap       ] GC(797) Humongous regions: 147->147
[2025-11-08T00:54:24.932+0000][gc,metaspace  ] GC(797) Metaspace: 53318K(56604K)->53318K(56604K) NonClass: 47415K(49232K)->47415K(49232K) Class: 5903K(7372K)->5903K(7372K)
[2025-11-08T00:54:24.932+0000][gc            ] GC(797) Pause Young (Normal) (G1 Evacuation Pause) 598M->565M(684M) 8.882ms
[2025-11-08T00:54:24.932+0000][gc,cpu        ] GC(797) User=0.01s Sys=0.00s Real=0.01s
[2025-11-08T00:54:32.317+0000][gc,start      ] GC(798) Pause Young (Normal) (G1 Evacuation Pause)
[2025-11-08T00:54:32.318+0000][gc,task       ] GC(798) Using 2 workers of 2 for evacuation
[2025-11-08T00:54:32.328+0000][gc,phases     ] GC(798)   Pre Evacuate Collection Set: 0.0ms
[2025-11-08T00:54:32.329+0000][gc,phases     ] GC(798)   Evacuate Collection Set: 9.6ms
[2025-11-08T00:54:32.329+0000][gc,phases     ] GC(798)   Post Evacuate Collection Set: 0.8ms
[2025-11-08T00:54:32.329+0000][gc,phases     ] GC(798)   Other: 0.6ms
[2025-11-08T00:54:32.329+0000][gc,heap       ] GC(798) Eden regions: 36->0(37)
[2025-11-08T00:54:32.329+0000][gc,heap       ] GC(798) Survivor regions: 2->2(5)
[2025-11-08T00:54:32.330+0000][gc,heap       ] GC(798) Old regions: 417->417
[2025-11-08T00:54:32.330+0000][gc,heap       ] GC(798) Humongous regions: 147->147
[2025-11-08T00:54:32.330+0000][gc,metaspace  ] GC(798) Metaspace: 53318K(56604K)->53318K(56604K) NonClass: 47415K(49232K)->47415K(49232K) Class: 5903K(7372K)->5903K(7372K)
[2025-11-08T00:54:32.330+0000][gc            ] GC(798) Pause Young (Normal) (G1 Evacuation Pause) 601M->565M(684M) 12.761ms
[2025-11-08T00:54:32.330+0000][gc,cpu        ] GC(798) User=0.02s Sys=0.00s Real=0.01s
[2025-11-08T00:54:39.772+0000][gc,start      ] GC(799) Pause Young (Normal) (G1 Evacuation Pause)
[2025-11-08T00:54:39.772+0000][gc,task       ] GC(799) Using 2 workers of 2 for evacuation
[2025-11-08T00:54:39.780+0000][gc,phases     ] GC(799)   Pre Evacuate Collection Set: 0.0ms
[2025-11-08T00:54:39.780+0000][gc,phases     ] GC(799)   Evacuate Collection Set: 6.8ms
[2025-11-08T00:54:39.780+0000][gc,phases     ] GC(799)   Post Evacuate Collection Set: 0.7ms
[2025-11-08T00:54:39.781+0000][gc,phases     ] GC(799)   Other: 0.7ms
[2025-11-08T00:54:39.781+0000][gc,heap       ] GC(799) Eden regions: 35->0(38)
[2025-11-08T00:54:39.781+0000][gc,heap       ] GC(799) Survivor regions: 2->2(5)
[2025-11-08T00:54:39.781+0000][gc,heap       ] GC(799) Old regions: 417->417
[2025-11-08T00:54:39.781+0000][gc,heap       ] GC(799) Humongous regions: 147->147
[2025-11-08T00:54:39.782+0000][gc,metaspace  ] GC(799) Metaspace: 53318K(56604K)->53318K(56604K) NonClass: 47415K(49232K)->47415K(49232K) Class: 5903K(7372K)->5903K(7372K)
[2025-11-08T00:54:39.782+0000][gc            ] GC(799) Pause Young (Normal) (G1 Evacuation Pause) 600M->565M(684M) 10.044ms
[2025-11-08T00:54:39.782+0000][gc,cpu        ] GC(799) User=0.01s Sys=0.00s Real=0.01s
[2025-11-08T00:54:47.207+0000][gc,start      ] GC(800) Pause Young (Normal) (G1 Evacuation Pause)
[2025-11-08T00:54:47.207+0000][gc,task       ] GC(800) Using 2 workers of 2 for evacuation
[2025-11-08T00:54:47.215+0000][gc,phases     ] GC(800)   Pre Evacuate Collection Set: 0.0ms
[2025-11-08T00:54:47.215+0000][gc,phases     ] GC(800)   Evacuate Collection Set: 6.8ms
[2025-11-08T00:54:47.215+0000][gc,phases     ] GC(800)   Post Evacuate Collection Set: 0.6ms
[2025-11-08T00:54:47.215+0000][gc,phases     ] GC(800)   Other: 0.6ms
[2025-11-08T00:54:47.215+0000][gc,heap       ] GC(800) Eden regions: 36->0(39)
[2025-11-08T00:54:47.216+0000][gc,heap       ] GC(800) Survivor regions: 2->3(5)
[2025-11-08T00:54:47.216+0000][gc,heap       ] GC(800) Old regions: 417->417
[2025-11-08T00:54:47.216+0000][gc,heap       ] GC(800) Humongous regions: 147->147
[2025-11-08T00:54:47.216+0000][gc,metaspace  ] GC(800) Metaspace: 53318K(56604K)->53318K(56604K) NonClass: 47415K(49232K)->47415K(49232K) Class: 5903K(7372K)->5903K(7372K)
[2025-11-08T00:54:47.216+0000][gc            ] GC(800) Pause Young (Normal) (G1 Evacuation Pause) 601M->565M(684M) 9.279ms
[2025-11-08T00:54:47.216+0000][gc,cpu        ] GC(800) User=0.02s Sys=0.00s Real=0.01s
[2025-11-08T00:54:55.332+0000][gc,start      ] GC(801) Pause Young (Normal) (G1 Evacuation Pause)
[2025-11-08T00:54:55.332+0000][gc,task       ] GC(801) Using 2 workers of 2 for evacuation
[2025-11-08T00:54:55.343+0000][gc,phases     ] GC(801)   Pre Evacuate Collection Set: 0.0ms
[2025-11-08T00:54:55.343+0000][gc,phases     ] GC(801)   Evacuate Collection Set: 9.2ms
[2025-11-08T00:54:55.344+0000][gc,phases     ] GC(801)   Post Evacuate Collection Set: 0.9ms
[2025-11-08T00:54:55.344+0000][gc,phases     ] GC(801)   Other: 0.8ms
[2025-11-08T00:54:55.344+0000][gc,heap       ] GC(801) Eden regions: 39->0(39)
[2025-11-08T00:54:55.344+0000][gc,heap       ] GC(801) Survivor regions: 3->3(6)
[2025-11-08T00:54:55.344+0000][gc,heap       ] GC(801) Old regions: 417->417
[2025-11-08T00:54:55.345+0000][gc,heap       ] GC(801) Humongous regions: 147->147
[2025-11-08T00:54:55.345+0000][gc,metaspace  ] GC(801) Metaspace: 53318K(56604K)->53318K(56604K) NonClass: 47415K(49232K)->47415K(49232K) Class: 5903K(7372K)->5903K(7372K)
[2025-11-08T00:54:55.345+0000][gc            ] GC(801) Pause Young (Normal) (G1 Evacuation Pause) 604M->566M(684M) 13.082ms
[2025-11-08T00:54:55.345+0000][gc,cpu        ] GC(801) User=0.02s Sys=0.00s Real=0.02s
[2025-11-08T00:55:03.423+0000][gc,start      ] GC(802) Pause Young (Normal) (G1 Evacuation Pause)
[2025-11-08T00:55:03.423+0000][gc,task       ] GC(802) Using 2 workers of 2 for evacuation
[2025-11-08T00:55:03.435+0000][gc,phases     ] GC(802)   Pre Evacuate Collection Set: 0.0ms
[2025-11-08T00:55:03.436+0000][gc,phases     ] GC(802)   Evacuate Collection Set: 10.6ms
[2025-11-08T00:55:03.436+0000][gc,phases     ] GC(802)   Post Evacuate Collection Set: 0.9ms
[2025-11-08T00:55:03.436+0000][gc,phases     ] GC(802)   Other: 0.7ms
[2025-11-08T00:55:03.437+0000][gc,heap       ] GC(802) Eden regions: 39->0(39)
[2025-11-08T00:55:03.437+0000][gc,heap       ] GC(802) Survivor regions: 3->4(6)
[2025-11-08T00:55:03.437+0000][gc,heap       ] GC(802) Old regions: 417->417
[2025-11-08T00:55:03.437+0000][gc,heap       ] GC(802) Humongous regions: 147->147
[2025-11-08T00:55:03.438+0000][gc,metaspace  ] GC(802) Metaspace: 53318K(56604K)->53318K(56604K) NonClass: 47415K(49232K)->47415K(49232K) Class: 5903K(7372K)->5903K(7372K)
[2025-11-08T00:55:03.438+0000][gc            ] GC(802) Pause Young (Normal) (G1 Evacuation Pause) 605M->567M(684M) 15.072ms
[2025-11-08T00:55:03.438+0000][gc,cpu        ] GC(802) User=0.02s Sys=0.00s Real=0.02s
[2025-11-08T00:55:11.541+0000][gc,start      ] GC(803) Pause Young (Normal) (G1 Evacuation Pause)
[2025-11-08T00:55:11.541+0000][gc,task       ] GC(803) Using 2 workers of 2 for evacuation
[2025-11-08T00:55:11.560+0000][gc,phases     ] GC(803)   Pre Evacuate Collection Set: 0.0ms
[2025-11-08T00:55:11.560+0000][gc,phases     ] GC(803)   Evacuate Collection Set: 17.4ms
[2025-11-08T00:55:11.560+0000][gc,phases     ] GC(803)   Post Evacuate Collection Set: 0.6ms
[2025-11-08T00:55:11.561+0000][gc,phases     ] GC(803)   Other: 0.9ms
[2025-11-08T00:55:11.561+0000][gc,heap       ] GC(803) Eden regions: 39->0(39)
[2025-11-08T00:55:11.561+0000][gc,heap       ] GC(803) Survivor regions: 4->4(6)
[2025-11-08T00:55:11.561+0000][gc,heap       ] GC(803) Old regions: 417->418
[2025-11-08T00:55:11.561+0000][gc,heap       ] GC(803) Humongous regions: 147->147
[2025-11-08T00:55:11.561+0000][gc,metaspace  ] GC(803) Metaspace: 53318K(56604K)->53318K(56604K) NonClass: 47415K(49232K)->47415K(49232K) Class: 5903K(7372K)->5903K(7372K)
[2025-11-08T00:55:11.561+0000][gc            ] GC(803) Pause Young (Normal) (G1 Evacuation Pause) 606M->567M(684M) 20.530ms
[2025-11-08T00:55:11.562+0000][gc,cpu        ] GC(803) User=0.02s Sys=0.00s Real=0.02s
[2025-11-08T00:55:19.710+0000][gc,start      ] GC(804) Pause Young (Normal) (G1 Evacuation Pause)
[2025-11-08T00:55:19.711+0000][gc,task       ] GC(804) Using 2 workers of 2 for evacuation
[2025-11-08T00:55:19.729+0000][gc,phases     ] GC(804)   Pre Evacuate Collection Set: 0.0ms
[2025-11-08T00:55:19.729+0000][gc,phases     ] GC(804)   Evacuate Collection Set: 16.7ms
[2025-11-08T00:55:19.729+0000][gc,phases     ] GC(804)   Post Evacuate Collection Set: 0.7ms
[2025-11-08T00:55:19.729+0000][gc,phases     ] GC(804)   Other: 0.8ms
[2025-11-08T00:55:19.729+0000][gc,heap       ] GC(804) Eden regions: 39->0(39)
[2025-11-08T00:55:19.730+0000][gc,heap       ] GC(804) Survivor regions: 4->4(6)
[2025-11-08T00:55:19.730+0000][gc,heap       ] GC(804) Old regions: 418->418
[2025-11-08T00:55:19.730+0000][gc,heap       ] GC(804) Humongous regions: 147->147
[2025-11-08T00:55:19.730+0000][gc,metaspace  ] GC(804) Metaspace: 53318K(56604K)->53318K(56604K) NonClass: 47415K(49232K)->47415K(49232K) Class: 5903K(7372K)->5903K(7372K)
[2025-11-08T00:55:19.730+0000][gc            ] GC(804) Pause Young (Normal) (G1 Evacuation Pause) 606M->568M(684M) 19.889ms
[2025-11-08T00:55:19.730+0000][gc,cpu        ] GC(804) User=0.03s Sys=0.00s Real=0.02s
[2025-11-08T00:55:27.902+0000][gc,start      ] GC(805) Pause Young (Normal) (G1 Evacuation Pause)
[2025-11-08T00:55:27.902+0000][gc,task       ] GC(805) Using 2 workers of 2 for evacuation
[2025-11-08T00:55:27.922+0000][gc,phases     ] GC(805)   Pre Evacuate Collection Set: 0.0ms
[2025-11-08T00:55:27.922+0000][gc,phases     ] GC(805)   Evacuate Collection Set: 17.6ms
[2025-11-08T00:55:27.922+0000][gc,phases     ] GC(805)   Post Evacuate Collection Set: 0.5ms
[2025-11-08T00:55:27.922+0000][gc,phases     ] GC(805)   Other: 1.3ms
[2025-11-08T00:55:27.922+0000][gc,heap       ] GC(805) Eden regions: 39->0(39)
[2025-11-08T00:55:27.922+0000][gc,heap       ] GC(805) Survivor regions: 4->2(6)
[2025-11-08T00:55:27.923+0000][gc,heap       ] GC(805) Old regions: 418->419
[2025-11-08T00:55:27.923+0000][gc,heap       ] GC(805) Humongous regions: 147->147
[2025-11-08T00:55:27.923+0000][gc,metaspace  ] GC(805) Metaspace: 53318K(56604K)->53318K(56604K) NonClass: 47415K(49232K)->47415K(49232K) Class: 5903K(7372K)->5903K(7372K)
[2025-11-08T00:55:27.923+0000][gc            ] GC(805) Pause Young (Normal) (G1 Evacuation Pause) 607M->567M(684M) 20.723ms
[2025-11-08T00:55:27.923+0000][gc,cpu        ] GC(805) User=0.02s Sys=0.00s Real=0.03s
[2025-11-08T00:55:36.383+0000][gc,start      ] GC(806) Pause Young (Normal) (G1 Evacuation Pause)
[2025-11-08T00:55:36.383+0000][gc,task       ] GC(806) Using 2 workers of 2 for evacuation
[2025-11-08T00:55:36.394+0000][gc,phases     ] GC(806)   Pre Evacuate Collection Set: 0.0ms
[2025-11-08T00:55:36.394+0000][gc,phases     ] GC(806)   Evacuate Collection Set: 9.3ms
[2025-11-08T00:55:36.394+0000][gc,phases     ] GC(806)   Post Evacuate Collection Set: 0.8ms
[2025-11-08T00:55:36.395+0000][gc,phases     ] GC(806)   Other: 0.8ms
[2025-11-08T00:55:36.395+0000][gc,heap       ] GC(806) Eden regions: 39->0(39)
[2025-11-08T00:55:36.395+0000][gc,heap       ] GC(806) Survivor regions: 2->3(6)
[2025-11-08T00:55:36.395+0000][gc,heap       ] GC(806) Old regions: 419->419
[2025-11-08T00:55:36.396+0000][gc,heap       ] GC(806) Humongous regions: 147->147
[2025-11-08T00:55:36.396+0000][gc,metaspace  ] GC(806) Metaspace: 53318K(56604K)->53318K(56604K) NonClass: 47415K(49232K)->47415K(49232K) Class: 5903K(7372K)->5903K(7372K)
[2025-11-08T00:55:36.396+0000][gc            ] GC(806) Pause Young (Normal) (G1 Evacuation Pause) 606M->567M(684M) 13.123ms
[2025-11-08T00:55:36.396+0000][gc,cpu        ] GC(806) User=0.02s Sys=0.00s Real=0.01s
[2025-11-08T00:55:44.712+0000][gc,start      ] GC(807) Pause Young (Normal) (G1 Evacuation Pause)
[2025-11-08T00:55:44.714+0000][gc,task       ] GC(807) Using 2 workers of 2 for evacuation
[2025-11-08T00:55:44.727+0000][gc,phases     ] GC(807)   Pre Evacuate Collection Set: 0.0ms
[2025-11-08T00:55:44.727+0000][gc,phases     ] GC(807)   Evacuate Collection Set: 11.5ms
[2025-11-08T00:55:44.727+0000][gc,phases     ] GC(807)   Post Evacuate Collection Set: 0.8ms
[2025-11-08T00:55:44.727+0000][gc,phases     ] GC(807)   Other: 2.1ms
[2025-11-08T00:55:44.728+0000][gc,heap       ] GC(807) Eden regions: 39->0(40)
[2025-11-08T00:55:44.728+0000][gc,heap       ] GC(807) Survivor regions: 3->3(6)
[2025-11-08T00:55:44.729+0000][gc,heap       ] GC(807) Old regions: 419->419
[2025-11-08T00:55:44.729+0000][gc,heap       ] GC(807) Humongous regions: 147->147
[2025-11-08T00:55:44.729+0000][gc,metaspace  ] GC(807) Metaspace: 53318K(56604K)->53318K(56604K) NonClass: 47415K(49232K)->47415K(49232K) Class: 5903K(7372K)->5903K(7372K)
[2025-11-08T00:55:44.729+0000][gc            ] GC(807) Pause Young (Normal) (G1 Evacuation Pause) 606M->568M(684M) 16.931ms
[2025-11-08T00:55:44.730+0000][gc,cpu        ] GC(807) User=0.02s Sys=0.00s Real=0.02s
[2025-11-08T00:55:53.141+0000][gc,start      ] GC(808) Pause Young (Normal) (G1 Evacuation Pause)
[2025-11-08T00:55:53.141+0000][gc,task       ] GC(808) Using 2 workers of 2 for evacuation
[2025-11-08T00:55:53.151+0000][gc,phases     ] GC(808)   Pre Evacuate Collection Set: 0.0ms
[2025-11-08T00:55:53.151+0000][gc,phases     ] GC(808)   Evacuate Collection Set: 8.7ms
[2025-11-08T00:55:53.151+0000][gc,phases     ] GC(808)   Post Evacuate Collection Set: 0.7ms
[2025-11-08T00:55:53.151+0000][gc,phases     ] GC(808)   Other: 0.6ms
[2025-11-08T00:55:53.152+0000][gc,heap       ] GC(808) Eden regions: 40->0(39)
[2025-11-08T00:55:53.152+0000][gc,heap       ] GC(808) Survivor regions: 3->4(6)
[2025-11-08T00:55:53.152+0000][gc,heap       ] GC(808) Old regions: 419->419
[2025-11-08T00:55:53.152+0000][gc,heap       ] GC(808) Humongous regions: 147->147
[2025-11-08T00:55:53.152+0000][gc,metaspace  ] GC(808) Metaspace: 53318K(56604K)->53318K(56604K) NonClass: 47415K(49232K)->47415K(49232K) Class: 5903K(7372K)->5903K(7372K)
[2025-11-08T00:55:53.153+0000][gc            ] GC(808) Pause Young (Normal) (G1 Evacuation Pause) 608M->568M(684M) 11.976ms
[2025-11-08T00:55:53.153+0000][gc,cpu        ] GC(808) User=0.02s Sys=0.00s Real=0.01s
[2025-11-08T00:56:01.182+0000][gc,start      ] GC(809) Pause Young (Normal) (G1 Evacuation Pause)
[2025-11-08T00:56:01.183+0000][gc,task       ] GC(809) Using 2 workers of 2 for evacuation
[2025-11-08T00:56:01.199+0000][gc,phases     ] GC(809)   Pre Evacuate Collection Set: 0.0ms
[2025-11-08T00:56:01.199+0000][gc,phases     ] GC(809)   Evacuate Collection Set: 15.1ms
[2025-11-08T00:56:01.199+0000][gc,phases     ] GC(809)   Post Evacuate Collection Set: 0.6ms
[2025-11-08T00:56:01.199+0000][gc,phases     ] GC(809)   Other: 0.5ms
[2025-11-08T00:56:01.199+0000][gc,heap       ] GC(809) Eden regions: 39->0(39)
[2025-11-08T00:56:01.199+0000][gc,heap       ] GC(809) Survivor regions: 4->4(6)
[2025-11-08T00:56:01.200+0000][gc,heap       ] GC(809) Old regions: 419->419
[2025-11-08T00:56:01.200+0000][gc,heap       ] GC(809) Humongous regions: 147->147
[2025-11-08T00:56:01.200+0000][gc,metaspace  ] GC(809) Metaspace: 53318K(56604K)->53318K(56604K) NonClass: 47415K(49232K)->47415K(49232K) Class: 5903K(7372K)->5903K(7372K)
[2025-11-08T00:56:01.200+0000][gc            ] GC(809) Pause Young (Normal) (G1 Evacuation Pause) 607M->569M(684M) 17.601ms
[2025-11-08T00:56:01.200+0000][gc,cpu        ] GC(809) User=0.02s Sys=0.00s Real=0.02s
[2025-11-08T00:56:09.250+0000][gc,start      ] GC(810) Pause Young (Normal) (G1 Evacuation Pause)
[2025-11-08T00:56:09.250+0000][gc,task       ] GC(810) Using 2 workers of 2 for evacuation
[2025-11-08T00:56:09.268+0000][gc,phases     ] GC(810)   Pre Evacuate Collection Set: 0.0ms
[2025-11-08T00:56:09.268+0000][gc,phases     ] GC(810)   Evacuate Collection Set: 16.2ms
[2025-11-08T00:56:09.268+0000][gc,phases     ] GC(810)   Post Evacuate Collection Set: 0.6ms
[2025-11-08T00:56:09.268+0000][gc,phases     ] GC(810)   Other: 1.1ms
[2025-11-08T00:56:09.268+0000][gc,heap       ] GC(810) Eden regions: 39->0(40)
[2025-11-08T00:56:09.269+0000][gc,heap       ] GC(810) Survivor regions: 4->2(6)
[2025-11-08T00:56:09.269+0000][gc,heap       ] GC(810) Old regions: 419->420
[2025-11-08T00:56:09.269+0000][gc,heap       ] GC(810) Humongous regions: 147->147
[2025-11-08T00:56:09.269+0000][gc,metaspace  ] GC(810) Metaspace: 53318K(56604K)->53318K(56604K) NonClass: 47415K(49232K)->47415K(49232K) Class: 5903K(7372K)->5903K(7372K)
[2025-11-08T00:56:09.269+0000][gc            ] GC(810) Pause Young (Normal) (G1 Evacuation Pause) 608M->568M(684M) 19.237ms
[2025-11-08T00:56:09.269+0000][gc,cpu        ] GC(810) User=0.02s Sys=0.00s Real=0.02s
[2025-11-08T00:56:17.628+0000][gc,start      ] GC(811) Pause Young (Normal) (G1 Evacuation Pause)
[2025-11-08T00:56:17.629+0000][gc,task       ] GC(811) Using 2 workers of 2 for evacuation
[2025-11-08T00:56:17.637+0000][gc,phases     ] GC(811)   Pre Evacuate Collection Set: 0.0ms
[2025-11-08T00:56:17.637+0000][gc,phases     ] GC(811)   Evacuate Collection Set: 7.2ms
[2025-11-08T00:56:17.637+0000][gc,phases     ] GC(811)   Post Evacuate Collection Set: 0.7ms
[2025-11-08T00:56:17.638+0000][gc,phases     ] GC(811)   Other: 0.6ms
[2025-11-08T00:56:17.638+0000][gc,heap       ] GC(811) Eden regions: 40->0(39)
[2025-11-08T00:56:17.638+0000][gc,heap       ] GC(811) Survivor regions: 2->3(6)
[2025-11-08T00:56:17.638+0000][gc,heap       ] GC(811) Old regions: 420->420
[2025-11-08T00:56:17.638+0000][gc,heap       ] GC(811) Humongous regions: 147->147
[2025-11-08T00:56:17.639+0000][gc,metaspace  ] GC(811) Metaspace: 53318K(56604K)->53318K(56604K) NonClass: 47415K(49232K)->47415K(49232K) Class: 5903K(7372K)->5903K(7372K)
[2025-11-08T00:56:17.639+0000][gc            ] GC(811) Pause Young (Normal) (G1 Evacuation Pause) 608M->569M(684M) 10.456ms
[2025-11-08T00:56:17.639+0000][gc,cpu        ] GC(811) User=0.02s Sys=0.00s Real=0.01s
[2025-11-08T00:56:25.618+0000][gc,start      ] GC(812) Pause Young (Normal) (G1 Evacuation Pause)
[2025-11-08T00:56:25.618+0000][gc,task       ] GC(812) Using 2 workers of 2 for evacuation
[2025-11-08T00:56:25.627+0000][gc,phases     ] GC(812)   Pre Evacuate Collection Set: 0.0ms
[2025-11-08T00:56:25.628+0000][gc,phases     ] GC(812)   Evacuate Collection Set: 8.1ms
[2025-11-08T00:56:25.628+0000][gc,phases     ] GC(812)   Post Evacuate Collection Set: 0.7ms
[2025-11-08T00:56:25.628+0000][gc,phases     ] GC(812)   Other: 0.8ms
[2025-11-08T00:56:25.628+0000][gc,heap       ] GC(812) Eden regions: 39->0(40)
[2025-11-08T00:56:25.628+0000][gc,heap       ] GC(812) Survivor regions: 3->3(6)
[2025-11-08T00:56:25.629+0000][gc,heap       ] GC(812) Old regions: 420->420
[2025-11-08T00:56:25.629+0000][gc,heap       ] GC(812) Humongous regions: 147->147
[2025-11-08T00:56:25.629+0000][gc,metaspace  ] GC(812) Metaspace: 53318K(56604K)->53318K(56604K) NonClass: 47415K(49232K)->47415K(49232K) Class: 5903K(7372K)->5903K(7372K)
[2025-11-08T00:56:25.629+0000][gc            ] GC(812) Pause Young (Normal) (G1 Evacuation Pause) 608M->569M(684M) 11.465ms
[2025-11-08T00:56:25.629+0000][gc,cpu        ] GC(812) User=0.02s Sys=0.00s Real=0.01s
[2025-11-08T00:56:34.065+0000][gc,start      ] GC(813) Pause Young (Normal) (G1 Evacuation Pause)
[2025-11-08T00:56:34.065+0000][gc,task       ] GC(813) Using 2 workers of 2 for evacuation
[2025-11-08T00:56:34.076+0000][gc,phases     ] GC(813)   Pre Evacuate Collection Set: 0.0ms
[2025-11-08T00:56:34.076+0000][gc,phases     ] GC(813)   Evacuate Collection Set: 9.6ms
[2025-11-08T00:56:34.076+0000][gc,phases     ] GC(813)   Post Evacuate Collection Set: 0.5ms
[2025-11-08T00:56:34.076+0000][gc,phases     ] GC(813)   Other: 0.5ms
[2025-11-08T00:56:34.076+0000][gc,heap       ] GC(813) Eden regions: 40->0(39)
[2025-11-08T00:56:34.077+0000][gc,heap       ] GC(813) Survivor regions: 3->4(6)
[2025-11-08T00:56:34.077+0000][gc,heap       ] GC(813) Old regions: 420->420
[2025-11-08T00:56:34.077+0000][gc,heap       ] GC(813) Humongous regions: 147->147
[2025-11-08T00:56:34.078+0000][gc,metaspace  ] GC(813) Metaspace: 53318K(56604K)->53318K(56604K) NonClass: 47415K(49232K)->47415K(49232K) Class: 5903K(7372K)->5903K(7372K)
[2025-11-08T00:56:34.078+0000][gc            ] GC(813) Pause Young (Normal) (G1 Evacuation Pause) 609M->570M(684M) 12.484ms
[2025-11-08T00:56:34.078+0000][gc,cpu        ] GC(813) User=0.02s Sys=0.00s Real=0.01s
[2025-11-08T00:56:42.298+0000][gc,start      ] GC(814) Pause Young (Normal) (G1 Evacuation Pause)
[2025-11-08T00:56:42.298+0000][gc,task       ] GC(814) Using 2 workers of 2 for evacuation
[2025-11-08T00:56:42.320+0000][gc,mmu        ] GC(814) MMU target violated: 21.0ms (20.0ms/21.0ms)
[2025-11-08T00:56:42.320+0000][gc,phases     ] GC(814)   Pre Evacuate Collection Set: 0.0ms
[2025-11-08T00:56:42.321+0000][gc,phases     ] GC(814)   Evacuate Collection Set: 21.2ms
[2025-11-08T00:56:42.321+0000][gc,phases     ] GC(814)   Post Evacuate Collection Set: 0.7ms
[2025-11-08T00:56:42.321+0000][gc,phases     ] GC(814)   Other: 0.8ms
[2025-11-08T00:56:42.321+0000][gc,heap       ] GC(814) Eden regions: 39->0(39)
[2025-11-08T00:56:42.321+0000][gc,heap       ] GC(814) Survivor regions: 4->3(6)
[2025-11-08T00:56:42.321+0000][gc,heap       ] GC(814) Old regions: 420->421
[2025-11-08T00:56:42.322+0000][gc,heap       ] GC(814) Humongous regions: 147->147
[2025-11-08T00:56:42.322+0000][gc,metaspace  ] GC(814) Metaspace: 53318K(56604K)->53318K(56604K) NonClass: 47415K(49232K)->47415K(49232K) Class: 5903K(7372K)->5903K(7372K)
[2025-11-08T00:56:42.322+0000][gc            ] GC(814) Pause Young (Normal) (G1 Evacuation Pause) 609M->569M(684M) 23.980ms
[2025-11-08T00:56:42.322+0000][gc,cpu        ] GC(814) User=0.03s Sys=0.00s Real=0.02s
[2025-11-08T00:56:50.359+0000][gc,start      ] GC(815) Pause Young (Normal) (G1 Evacuation Pause)
[2025-11-08T00:56:50.359+0000][gc,task       ] GC(815) Using 2 workers of 2 for evacuation
[2025-11-08T00:56:50.374+0000][gc,phases     ] GC(815)   Pre Evacuate Collection Set: 0.0ms
[2025-11-08T00:56:50.375+0000][gc,phases     ] GC(815)   Evacuate Collection Set: 13.4ms
[2025-11-08T00:56:50.375+0000][gc,phases     ] GC(815)   Post Evacuate Collection Set: 1.1ms
[2025-11-08T00:56:50.375+0000][gc,phases     ] GC(815)   Other: 0.8ms
[2025-11-08T00:56:50.375+0000][gc,heap       ] GC(815) Eden regions: 39->0(39)
[2025-11-08T00:56:50.376+0000][gc,heap       ] GC(815) Survivor regions: 3->3(6)
[2025-11-08T00:56:50.376+0000][gc,heap       ] GC(815) Old regions: 421->421
[2025-11-08T00:56:50.376+0000][gc,heap       ] GC(815) Humongous regions: 147->147
[2025-11-08T00:56:50.377+0000][gc,metaspace  ] GC(815) Metaspace: 53318K(56604K)->53318K(56604K) NonClass: 47415K(49232K)->47415K(49232K) Class: 5903K(7372K)->5903K(7372K)
[2025-11-08T00:56:50.377+0000][gc            ] GC(815) Pause Young (Normal) (G1 Evacuation Pause) 608M->569M(684M) 18.244ms
[2025-11-08T00:56:50.377+0000][gc,cpu        ] GC(815) User=0.03s Sys=0.00s Real=0.02s
[2025-11-08T00:56:58.274+0000][gc,start      ] GC(816) Pause Young (Normal) (G1 Evacuation Pause)
[2025-11-08T00:56:58.274+0000][gc,task       ] GC(816) Using 2 workers of 2 for evacuation
[2025-11-08T00:56:58.283+0000][gc,phases     ] GC(816)   Pre Evacuate Collection Set: 0.0ms
[2025-11-08T00:56:58.283+0000][gc,phases     ] GC(816)   Evacuate Collection Set: 7.7ms
[2025-11-08T00:56:58.283+0000][gc,phases     ] GC(816)   Post Evacuate Collection Set: 0.6ms
[2025-11-08T00:56:58.283+0000][gc,phases     ] GC(816)   Other: 0.6ms
[2025-11-08T00:56:58.284+0000][gc,heap       ] GC(816) Eden regions: 38->0(39)
[2025-11-08T00:56:58.284+0000][gc,heap       ] GC(816) Survivor regions: 3->3(6)
[2025-11-08T00:56:58.284+0000][gc,heap       ] GC(816) Old regions: 421->421
[2025-11-08T00:56:58.284+0000][gc,heap       ] GC(816) Humongous regions: 147->147
[2025-11-08T00:56:58.284+0000][gc,metaspace  ] GC(816) Metaspace: 53318K(56604K)->53318K(56604K) NonClass: 47415K(49232K)->47415K(49232K) Class: 5903K(7372K)->5903K(7372K)
[2025-11-08T00:56:58.284+0000][gc            ] GC(816) Pause Young (Normal) (G1 Evacuation Pause) 607M->570M(684M) 10.385ms
[2025-11-08T00:56:58.284+0000][gc,cpu        ] GC(816) User=0.02s Sys=0.00s Real=0.01s
[2025-11-08T00:57:06.300+0000][gc,start      ] GC(817) Pause Young (Normal) (G1 Evacuation Pause)
[2025-11-08T00:57:06.300+0000][gc,task       ] GC(817) Using 2 workers of 2 for evacuation
[2025-11-08T00:57:06.310+0000][gc,phases     ] GC(817)   Pre Evacuate Collection Set: 0.0ms
[2025-11-08T00:57:06.310+0000][gc,phases     ] GC(817)   Evacuate Collection Set: 9.0ms
[2025-11-08T00:57:06.311+0000][gc,phases     ] GC(817)   Post Evacuate Collection Set: 0.9ms
[2025-11-08T00:57:06.311+0000][gc,phases     ] GC(817)   Other: 0.7ms
[2025-11-08T00:57:06.311+0000][gc,heap       ] GC(817) Eden regions: 39->0(39)
[2025-11-08T00:57:06.311+0000][gc,heap       ] GC(817) Survivor regions: 3->4(6)
[2025-11-08T00:57:06.311+0000][gc,heap       ] GC(817) Old regions: 421->421
[2025-11-08T00:57:06.311+0000][gc,heap       ] GC(817) Humongous regions: 147->147
[2025-11-08T00:57:06.312+0000][gc,metaspace  ] GC(817) Metaspace: 53318K(56604K)->53318K(56604K) NonClass: 47415K(49232K)->47415K(49232K) Class: 5903K(7372K)->5903K(7372K)
[2025-11-08T00:57:06.312+0000][gc            ] GC(817) Pause Young (Normal) (G1 Evacuation Pause) 609M->570M(684M) 12.218ms
[2025-11-08T00:57:06.312+0000][gc,cpu        ] GC(817) User=0.02s Sys=0.00s Real=0.01s
[2025-11-08T00:57:14.395+0000][gc,start      ] GC(818) Pause Young (Normal) (G1 Evacuation Pause)
[2025-11-08T00:57:14.397+0000][gc,task       ] GC(818) Using 2 workers of 2 for evacuation
[2025-11-08T00:57:14.418+0000][gc,mmu        ] GC(818) MMU target violated: 20.9ms (20.0ms/21.0ms)
[2025-11-08T00:57:14.418+0000][gc,phases     ] GC(818)   Pre Evacuate Collection Set: 0.0ms
[2025-11-08T00:57:14.419+0000][gc,phases     ] GC(818)   Evacuate Collection Set: 16.5ms
[2025-11-08T00:57:14.419+0000][gc,phases     ] GC(818)   Post Evacuate Collection Set: 4.3ms
[2025-11-08T00:57:14.419+0000][gc,phases     ] GC(818)   Other: 2.5ms
[2025-11-08T00:57:14.419+0000][gc,heap       ] GC(818) Eden regions: 39->0(38)
[2025-11-08T00:57:14.419+0000][gc,heap       ] GC(818) Survivor regions: 4->4(6)
[2025-11-08T00:57:14.419+0000][gc,heap       ] GC(818) Old regions: 421->421
[2025-11-08T00:57:14.419+0000][gc,heap       ] GC(818) Humongous regions: 147->147
[2025-11-08T00:57:14.419+0000][gc,metaspace  ] GC(818) Metaspace: 53318K(56604K)->53318K(56604K) NonClass: 47415K(49232K)->47415K(49232K) Class: 5903K(7372K)->5903K(7372K)
[2025-11-08T00:57:14.420+0000][gc            ] GC(818) Pause Young (Normal) (G1 Evacuation Pause) 609M->571M(684M) 24.548ms
[2025-11-08T00:57:14.420+0000][gc,cpu        ] GC(818) User=0.02s Sys=0.00s Real=0.03s
[2025-11-08T00:57:22.342+0000][gc,start      ] GC(819) Pause Young (Normal) (G1 Evacuation Pause)
[2025-11-08T00:57:22.342+0000][gc,task       ] GC(819) Using 2 workers of 2 for evacuation
[2025-11-08T00:57:22.376+0000][gc,mmu        ] GC(819) MMU target violated: 21.0ms (20.0ms/21.0ms)
[2025-11-08T00:57:22.377+0000][gc,phases     ] GC(819)   Pre Evacuate Collection Set: 0.0ms
[2025-11-08T00:57:22.377+0000][gc,phases     ] GC(819)   Evacuate Collection Set: 32.8ms
[2025-11-08T00:57:22.377+0000][gc,phases     ] GC(819)   Post Evacuate Collection Set: 0.7ms
[2025-11-08T00:57:22.377+0000][gc,phases     ] GC(819)   Other: 1.5ms
[2025-11-08T00:57:22.378+0000][gc,heap       ] GC(819) Eden regions: 38->0(30)
[2025-11-08T00:57:22.378+0000][gc,heap       ] GC(819) Survivor regions: 4->4(6)
[2025-11-08T00:57:22.378+0000][gc,heap       ] GC(819) Old regions: 421->422
[2025-11-08T00:57:22.378+0000][gc,heap       ] GC(819) Humongous regions: 147->147
[2025-11-08T00:57:22.379+0000][gc,metaspace  ] GC(819) Metaspace: 53318K(56604K)->53318K(56604K) NonClass: 47415K(49232K)->47415K(49232K) Class: 5903K(7372K)->5903K(7372K)
[2025-11-08T00:57:22.379+0000][gc            ] GC(819) Pause Young (Normal) (G1 Evacuation Pause) 609M->572M(684M) 37.002ms
[2025-11-08T00:57:22.379+0000][gc,cpu        ] GC(819) User=0.04s Sys=0.00s Real=0.04s
[2025-11-08T00:57:28.610+0000][gc,start      ] GC(820) Pause Young (Normal) (G1 Evacuation Pause)
[2025-11-08T00:57:28.610+0000][gc,task       ] GC(820) Using 2 workers of 2 for evacuation
[2025-11-08T00:57:28.657+0000][gc,mmu        ] GC(820) MMU target violated: 21.0ms (20.0ms/21.0ms)
[2025-11-08T00:57:28.658+0000][gc,phases     ] GC(820)   Pre Evacuate Collection Set: 0.0ms
[2025-11-08T00:57:28.658+0000][gc,phases     ] GC(820)   Evacuate Collection Set: 45.6ms
[2025-11-08T00:57:28.658+0000][gc,phases     ] GC(820)   Post Evacuate Collection Set: 0.6ms
[2025-11-08T00:57:28.658+0000][gc,phases     ] GC(820)   Other: 1.6ms
[2025-11-08T00:57:28.659+0000][gc,heap       ] GC(820) Eden regions: 30->0(31)
[2025-11-08T00:57:28.659+0000][gc,heap       ] GC(820) Survivor regions: 4->3(5)
[2025-11-08T00:57:28.659+0000][gc,heap       ] GC(820) Old regions: 422->423
[2025-11-08T00:57:28.659+0000][gc,heap       ] GC(820) Humongous regions: 147->147
[2025-11-08T00:57:28.659+0000][gc,metaspace  ] GC(820) Metaspace: 53318K(56604K)->53318K(56604K) NonClass: 47415K(49232K)->47415K(49232K) Class: 5903K(7372K)->5903K(7372K)
[2025-11-08T00:57:28.660+0000][gc            ] GC(820) Pause Young (Normal) (G1 Evacuation Pause) 602M->571M(684M) 49.599ms
[2025-11-08T00:57:28.660+0000][gc,cpu        ] GC(820) User=0.04s Sys=0.00s Real=0.05s
[2025-11-08T00:57:35.259+0000][gc,start      ] GC(821) Pause Young (Normal) (G1 Evacuation Pause)
[2025-11-08T00:57:35.260+0000][gc,task       ] GC(821) Using 2 workers of 2 for evacuation
[2025-11-08T00:57:35.267+0000][gc,phases     ] GC(821)   Pre Evacuate Collection Set: 0.0ms
[2025-11-08T00:57:35.267+0000][gc,phases     ] GC(821)   Evacuate Collection Set: 6.3ms
[2025-11-08T00:57:35.267+0000][gc,phases     ] GC(821)   Post Evacuate Collection Set: 0.7ms
[2025-11-08T00:57:35.267+0000][gc,phases     ] GC(821)   Other: 0.6ms
[2025-11-08T00:57:35.268+0000][gc,heap       ] GC(821) Eden regions: 31->0(32)
[2025-11-08T00:57:35.268+0000][gc,heap       ] GC(821) Survivor regions: 3->2(5)
[2025-11-08T00:57:35.268+0000][gc,heap       ] GC(821) Old regions: 423->423
[2025-11-08T00:57:35.268+0000][gc,heap       ] GC(821) Humongous regions: 147->147
[2025-11-08T00:57:35.268+0000][gc,metaspace  ] GC(821) Metaspace: 53318K(56604K)->53318K(56604K) NonClass: 47415K(49232K)->47415K(49232K) Class: 5903K(7372K)->5903K(7372K)
[2025-11-08T00:57:35.269+0000][gc            ] GC(821) Pause Young (Normal) (G1 Evacuation Pause) 602M->571M(684M) 9.149ms
[2025-11-08T00:57:35.269+0000][gc,cpu        ] GC(821) User=0.01s Sys=0.00s Real=0.01s
[2025-11-08T00:57:41.863+0000][gc,start      ] GC(822) Pause Young (Normal) (G1 Evacuation Pause)
[2025-11-08T00:57:41.864+0000][gc,task       ] GC(822) Using 2 workers of 2 for evacuation
[2025-11-08T00:57:41.875+0000][gc,phases     ] GC(822)   Pre Evacuate Collection Set: 0.0ms
[2025-11-08T00:57:41.875+0000][gc,phases     ] GC(822)   Evacuate Collection Set: 9.0ms
[2025-11-08T00:57:41.876+0000][gc,phases     ] GC(822)   Post Evacuate Collection Set: 1.6ms
[2025-11-08T00:57:41.876+0000][gc,phases     ] GC(822)   Other: 1.2ms
[2025-11-08T00:57:41.876+0000][gc,heap       ] GC(822) Eden regions: 32->0(32)
[2025-11-08T00:57:41.877+0000][gc,heap       ] GC(822) Survivor regions: 2->2(5)
[2025-11-08T00:57:41.877+0000][gc,heap       ] GC(822) Old regions: 423->423
[2025-11-08T00:57:41.877+0000][gc,heap       ] GC(822) Humongous regions: 147->147
[2025-11-08T00:57:41.878+0000][gc,metaspace  ] GC(822) Metaspace: 53318K(56604K)->53318K(56604K) NonClass: 47415K(49232K)->47415K(49232K) Class: 5903K(7372K)->5903K(7372K)
[2025-11-08T00:57:41.878+0000][gc            ] GC(822) Pause Young (Normal) (G1 Evacuation Pause) 603M->570M(684M) 15.044ms
[2025-11-08T00:57:41.879+0000][gc,cpu        ] GC(822) User=0.02s Sys=0.00s Real=0.02s
[2025-11-08T00:57:48.463+0000][gc,start      ] GC(823) Pause Young (Normal) (G1 Evacuation Pause)
[2025-11-08T00:57:48.463+0000][gc,task       ] GC(823) Using 2 workers of 2 for evacuation
[2025-11-08T00:57:48.476+0000][gc,phases     ] GC(823)   Pre Evacuate Collection Set: 0.0ms
[2025-11-08T00:57:48.476+0000][gc,phases     ] GC(823)   Evacuate Collection Set: 11.2ms
[2025-11-08T00:57:48.477+0000][gc,phases     ] GC(823)   Post Evacuate Collection Set: 1.1ms
[2025-11-08T00:57:48.477+0000][gc,phases     ] GC(823)   Other: 1.0ms
[2025-11-08T00:57:48.477+0000][gc,heap       ] GC(823) Eden regions: 32->0(32)
[2025-11-08T00:57:48.477+0000][gc,heap       ] GC(823) Survivor regions: 2->4(5)
[2025-11-08T00:57:48.478+0000][gc,heap       ] GC(823) Old regions: 423->423
[2025-11-08T00:57:48.478+0000][gc,heap       ] GC(823) Humongous regions: 147->147
[2025-11-08T00:57:48.478+0000][gc,metaspace  ] GC(823) Metaspace: 53318K(56604K)->53318K(56604K) NonClass: 47415K(49232K)->47415K(49232K) Class: 5903K(7372K)->5903K(7372K)
[2025-11-08T00:57:48.478+0000][gc            ] GC(823) Pause Young (Normal) (G1 Evacuation Pause) 602M->572M(684M) 15.661ms
[2025-11-08T00:57:48.479+0000][gc,cpu        ] GC(823) User=0.02s Sys=0.00s Real=0.01s
[2025-11-08T00:57:54.755+0000][gc,start      ] GC(824) Pause Young (Normal) (G1 Evacuation Pause)
[2025-11-08T00:57:54.756+0000][gc,task       ] GC(824) Using 2 workers of 2 for evacuation
[2025-11-08T00:57:54.782+0000][gc,mmu        ] GC(824) MMU target violated: 21.0ms (20.0ms/21.0ms)
[2025-11-08T00:57:54.783+0000][gc,phases     ] GC(824)   Pre Evacuate Collection Set: 0.0ms
[2025-11-08T00:57:54.783+0000][gc,phases     ] GC(824)   Evacuate Collection Set: 23.7ms
[2025-11-08T00:57:54.784+0000][gc,phases     ] GC(824)   Post Evacuate Collection Set: 1.3ms
[2025-11-08T00:57:54.784+0000][gc,phases     ] GC(824)   Other: 2.9ms
[2025-11-08T00:57:54.784+0000][gc,heap       ] GC(824) Eden regions: 30->0(32)
[2025-11-08T00:57:54.785+0000][gc,heap       ] GC(824) Survivor regions: 4->2(5)
[2025-11-08T00:57:54.785+0000][gc,heap       ] GC(824) Old regions: 423->423
[2025-11-08T00:57:54.786+0000][gc,heap       ] GC(824) Humongous regions: 147->147
[2025-11-08T00:57:54.786+0000][gc,metaspace  ] GC(824) Metaspace: 53318K(56604K)->53318K(56604K) NonClass: 47415K(49232K)->47415K(49232K) Class: 5903K(7372K)->5903K(7372K)
[2025-11-08T00:57:54.786+0000][gc            ] GC(824) Pause Young (Normal) (G1 Evacuation Pause) 602M->571M(684M) 31.060ms
[2025-11-08T00:57:54.786+0000][gc,cpu        ] GC(824) User=0.03s Sys=0.00s Real=0.03s
[2025-11-08T00:58:01.379+0000][gc,start      ] GC(825) Pause Young (Normal) (G1 Evacuation Pause)
[2025-11-08T00:58:01.379+0000][gc,task       ] GC(825) Using 2 workers of 2 for evacuation
[2025-11-08T00:58:01.387+0000][gc,phases     ] GC(825)   Pre Evacuate Collection Set: 0.0ms
[2025-11-08T00:58:01.388+0000][gc,phases     ] GC(825)   Evacuate Collection Set: 6.9ms
[2025-11-08T00:58:01.388+0000][gc,phases     ] GC(825)   Post Evacuate Collection Set: 0.7ms
[2025-11-08T00:58:01.388+0000][gc,phases     ] GC(825)   Other: 0.7ms
[2025-11-08T00:58:01.389+0000][gc,heap       ] GC(825) Eden regions: 32->0(33)
[2025-11-08T00:58:01.389+0000][gc,heap       ] GC(825) Survivor regions: 2->2(5)
[2025-11-08T00:58:01.389+0000][gc,heap       ] GC(825) Old regions: 423->423
[2025-11-08T00:58:01.390+0000][gc,heap       ] GC(825) Humongous regions: 147->147
[2025-11-08T00:58:01.390+0000][gc,metaspace  ] GC(825) Metaspace: 53318K(56604K)->53318K(56604K) NonClass: 47415K(49232K)->47415K(49232K) Class: 5903K(7372K)->5903K(7372K)
[2025-11-08T00:58:01.390+0000][gc            ] GC(825) Pause Young (Normal) (G1 Evacuation Pause) 603M->571M(684M) 11.193ms
[2025-11-08T00:58:01.391+0000][gc,cpu        ] GC(825) User=0.02s Sys=0.00s Real=0.01s
[2025-11-08T00:58:08.164+0000][gc,start      ] GC(826) Pause Young (Normal) (G1 Evacuation Pause)
[2025-11-08T00:58:08.164+0000][gc,task       ] GC(826) Using 2 workers of 2 for evacuation
[2025-11-08T00:58:08.172+0000][gc,phases     ] GC(826)   Pre Evacuate Collection Set: 0.0ms
[2025-11-08T00:58:08.172+0000][gc,phases     ] GC(826)   Evacuate Collection Set: 6.6ms
[2025-11-08T00:58:08.173+0000][gc,phases     ] GC(826)   Post Evacuate Collection Set: 0.7ms
[2025-11-08T00:58:08.173+0000][gc,phases     ] GC(826)   Other: 0.7ms
[2025-11-08T00:58:08.173+0000][gc,heap       ] GC(826) Eden regions: 33->0(36)
[2025-11-08T00:58:08.173+0000][gc,heap       ] GC(826) Survivor regions: 2->2(5)
[2025-11-08T00:58:08.173+0000][gc,heap       ] GC(826) Old regions: 423->423
[2025-11-08T00:58:08.173+0000][gc,heap       ] GC(826) Humongous regions: 147->147
[2025-11-08T00:58:08.174+0000][gc,metaspace  ] GC(826) Metaspace: 53318K(56604K)->53318K(56604K) NonClass: 47415K(49232K)->47415K(49232K) Class: 5903K(7372K)->5903K(7372K)
[2025-11-08T00:58:08.174+0000][gc            ] GC(826) Pause Young (Normal) (G1 Evacuation Pause) 604M->571M(684M) 9.753ms
[2025-11-08T00:58:08.174+0000][gc,cpu        ] GC(826) User=0.01s Sys=0.00s Real=0.01s
[2025-11-08T00:58:15.651+0000][gc,start      ] GC(827) Pause Young (Normal) (G1 Evacuation Pause)
[2025-11-08T00:58:15.652+0000][gc,task       ] GC(827) Using 2 workers of 2 for evacuation
[2025-11-08T00:58:15.659+0000][gc,phases     ] GC(827)   Pre Evacuate Collection Set: 0.0ms
[2025-11-08T00:58:15.659+0000][gc,phases     ] GC(827)   Evacuate Collection Set: 6.6ms
[2025-11-08T00:58:15.660+0000][gc,phases     ] GC(827)   Post Evacuate Collection Set: 0.7ms
[2025-11-08T00:58:15.660+0000][gc,phases     ] GC(827)   Other: 0.6ms
[2025-11-08T00:58:15.660+0000][gc,heap       ] GC(827) Eden regions: 36->0(36)
[2025-11-08T00:58:15.660+0000][gc,heap       ] GC(827) Survivor regions: 2->2(5)
[2025-11-08T00:58:15.661+0000][gc,heap       ] GC(827) Old regions: 423->423
[2025-11-08T00:58:15.661+0000][gc,heap       ] GC(827) Humongous regions: 147->147
[2025-11-08T00:58:15.661+0000][gc,metaspace  ] GC(827) Metaspace: 53318K(56604K)->53318K(56604K) NonClass: 47415K(49232K)->47415K(49232K) Class: 5903K(7372K)->5903K(7372K)
[2025-11-08T00:58:15.661+0000][gc            ] GC(827) Pause Young (Normal) (G1 Evacuation Pause) 607M->571M(684M) 9.916ms
[2025-11-08T00:58:15.661+0000][gc,cpu        ] GC(827) User=0.01s Sys=0.00s Real=0.01s
[2025-11-08T00:58:23.447+0000][gc,start      ] GC(828) Pause Young (Normal) (G1 Evacuation Pause)
[2025-11-08T00:58:23.447+0000][gc,task       ] GC(828) Using 2 workers of 2 for evacuation
[2025-11-08T00:58:23.458+0000][gc,phases     ] GC(828)   Pre Evacuate Collection Set: 0.0ms
[2025-11-08T00:58:23.459+0000][gc,phases     ] GC(828)   Evacuate Collection Set: 9.5ms
[2025-11-08T00:58:23.459+0000][gc,phases     ] GC(828)   Post Evacuate Collection Set: 1.2ms
[2025-11-08T00:58:23.459+0000][gc,phases     ] GC(828)   Other: 0.8ms
[2025-11-08T00:58:23.459+0000][gc,heap       ] GC(828) Eden regions: 36->0(36)
[2025-11-08T00:58:23.460+0000][gc,heap       ] GC(828) Survivor regions: 2->3(5)
[2025-11-08T00:58:23.460+0000][gc,heap       ] GC(828) Old regions: 423->423
[2025-11-08T00:58:23.461+0000][gc,heap       ] GC(828) Humongous regions: 147->147
[2025-11-08T00:58:23.461+0000][gc,metaspace  ] GC(828) Metaspace: 53318K(56604K)->53318K(56604K) NonClass: 47415K(49232K)->47415K(49232K) Class: 5903K(7372K)->5903K(7372K)
[2025-11-08T00:58:23.462+0000][gc            ] GC(828) Pause Young (Normal) (G1 Evacuation Pause) 607M->572M(684M) 14.616ms
[2025-11-08T00:58:23.462+0000][gc,cpu        ] GC(828) User=0.02s Sys=0.00s Real=0.01s
[2025-11-08T00:58:31.104+0000][gc,start      ] GC(829) Pause Young (Normal) (G1 Evacuation Pause)
[2025-11-08T00:58:31.105+0000][gc,task       ] GC(829) Using 2 workers of 2 for evacuation
[2025-11-08T00:58:31.114+0000][gc,phases     ] GC(829)   Pre Evacuate Collection Set: 0.0ms
[2025-11-08T00:58:31.114+0000][gc,phases     ] GC(829)   Evacuate Collection Set: 8.1ms
[2025-11-08T00:58:31.115+0000][gc,phases     ] GC(829)   Post Evacuate Collection Set: 0.9ms
[2025-11-08T00:58:31.115+0000][gc,phases     ] GC(829)   Other: 0.7ms
[2025-11-08T00:58:31.115+0000][gc,heap       ] GC(829) Eden regions: 36->0(36)
[2025-11-08T00:58:31.115+0000][gc,heap       ] GC(829) Survivor regions: 3->3(5)
[2025-11-08T00:58:31.115+0000][gc,heap       ] GC(829) Old regions: 423->423
[2025-11-08T00:58:31.116+0000][gc,heap       ] GC(829) Humongous regions: 147->147
[2025-11-08T00:58:31.116+0000][gc,metaspace  ] GC(829) Metaspace: 53318K(56604K)->53318K(56604K) NonClass: 47415K(49232K)->47415K(49232K) Class: 5903K(7372K)->5903K(7372K)
[2025-11-08T00:58:31.116+0000][gc            ] GC(829) Pause Young (Normal) (G1 Evacuation Pause) 608M->572M(684M) 11.633ms
[2025-11-08T00:58:31.116+0000][gc,cpu        ] GC(829) User=0.02s Sys=0.00s Real=0.02s
[2025-11-08T00:58:38.876+0000][gc,start      ] GC(830) Pause Young (Normal) (G1 Evacuation Pause)
[2025-11-08T00:58:38.876+0000][gc,task       ] GC(830) Using 2 workers of 2 for evacuation
[2025-11-08T00:58:38.890+0000][gc,phases     ] GC(830)   Pre Evacuate Collection Set: 0.0ms
[2025-11-08T00:58:38.890+0000][gc,phases     ] GC(830)   Evacuate Collection Set: 12.6ms
[2025-11-08T00:58:38.891+0000][gc,phases     ] GC(830)   Post Evacuate Collection Set: 1.0ms
[2025-11-08T00:58:38.891+0000][gc,phases     ] GC(830)   Other: 0.7ms
[2025-11-08T00:58:38.891+0000][gc,heap       ] GC(830) Eden regions: 36->0(37)
[2025-11-08T00:58:38.891+0000][gc,heap       ] GC(830) Survivor regions: 3->3(5)
[2025-11-08T00:58:38.892+0000][gc,heap       ] GC(830) Old regions: 423->423
[2025-11-08T00:58:38.892+0000][gc,heap       ] GC(830) Humongous regions: 147->147
[2025-11-08T00:58:38.892+0000][gc,metaspace  ] GC(830) Metaspace: 53318K(56604K)->53318K(56604K) NonClass: 47415K(49232K)->47415K(49232K) Class: 5903K(7372K)->5903K(7372K)
[2025-11-08T00:58:38.893+0000][gc            ] GC(830) Pause Young (Normal) (G1 Evacuation Pause) 608M->572M(684M) 16.681ms
[2025-11-08T00:58:38.893+0000][gc,cpu        ] GC(830) User=0.03s Sys=0.00s Real=0.01s
[2025-11-08T00:58:46.857+0000][gc,start      ] GC(831) Pause Young (Normal) (G1 Evacuation Pause)
[2025-11-08T00:58:46.859+0000][gc,task       ] GC(831) Using 2 workers of 2 for evacuation
[2025-11-08T00:58:46.884+0000][gc,mmu        ] GC(831) MMU target violated: 21.0ms (20.0ms/21.0ms)
[2025-11-08T00:58:46.887+0000][gc,phases     ] GC(831)   Pre Evacuate Collection Set: 0.0ms
[2025-11-08T00:58:46.887+0000][gc,phases     ] GC(831)   Evacuate Collection Set: 22.9ms
[2025-11-08T00:58:46.887+0000][gc,phases     ] GC(831)   Post Evacuate Collection Set: 1.5ms
[2025-11-08T00:58:46.889+0000][gc,phases     ] GC(831)   Other: 4.7ms
[2025-11-08T00:58:46.908+0000][gc,heap       ] GC(831) Eden regions: 37->0(36)
[2025-11-08T00:58:46.908+0000][gc,heap       ] GC(831) Survivor regions: 3->3(5)
[2025-11-08T00:58:46.908+0000][gc,heap       ] GC(831) Old regions: 423->424
[2025-11-08T00:58:46.909+0000][gc,heap       ] GC(831) Humongous regions: 147->147
[2025-11-08T00:58:46.909+0000][gc,metaspace  ] GC(831) Metaspace: 53318K(56604K)->53318K(56604K) NonClass: 47415K(49232K)->47415K(49232K) Class: 5903K(7372K)->5903K(7372K)
[2025-11-08T00:58:46.909+0000][gc            ] GC(831) Pause Young (Normal) (G1 Evacuation Pause) 609M->573M(684M) 51.553ms
[2025-11-08T00:58:46.909+0000][gc,cpu        ] GC(831) User=0.03s Sys=0.00s Real=0.05s
[2025-11-08T00:58:54.092+0000][gc,start      ] GC(832) Pause Young (Normal) (G1 Evacuation Pause)
[2025-11-08T00:58:54.092+0000][gc,task       ] GC(832) Using 2 workers of 2 for evacuation
[2025-11-08T00:58:54.117+0000][gc,mmu        ] GC(832) MMU target violated: 21.0ms (20.0ms/21.0ms)
[2025-11-08T00:58:54.118+0000][gc,phases     ] GC(832)   Pre Evacuate Collection Set: 0.0ms
[2025-11-08T00:58:54.118+0000][gc,phases     ] GC(832)   Evacuate Collection Set: 23.1ms
[2025-11-08T00:58:54.118+0000][gc,phases     ] GC(832)   Post Evacuate Collection Set: 1.1ms
[2025-11-08T00:58:54.118+0000][gc,phases     ] GC(832)   Other: 1.7ms
[2025-11-08T00:58:54.119+0000][gc,heap       ] GC(832) Eden regions: 33->0(33)
[2025-11-08T00:58:54.119+0000][gc,heap       ] GC(832) Survivor regions: 3->3(5)
[2025-11-08T00:58:54.119+0000][gc,heap       ] GC(832) Old regions: 424->424
[2025-11-08T00:58:54.119+0000][gc,heap       ] GC(832) Humongous regions: 147->147
[2025-11-08T00:58:54.120+0000][gc,metaspace  ] GC(832) Metaspace: 53318K(56604K)->53318K(56604K) NonClass: 47415K(49232K)->47415K(49232K) Class: 5903K(7372K)->5903K(7372K)
[2025-11-08T00:58:54.120+0000][gc            ] GC(832) Pause Young (Normal) (G1 Evacuation Pause) 606M->573M(684M) 28.372ms
[2025-11-08T00:58:54.120+0000][gc,cpu        ] GC(832) User=0.03s Sys=0.00s Real=0.03s
[2025-11-08T00:59:00.815+0000][gc,start      ] GC(833) Pause Young (Normal) (G1 Evacuation Pause)
[2025-11-08T00:59:00.816+0000][gc,task       ] GC(833) Using 2 workers of 2 for evacuation
[2025-11-08T00:59:00.835+0000][gc,phases     ] GC(833)   Pre Evacuate Collection Set: 0.0ms
[2025-11-08T00:59:00.835+0000][gc,phases     ] GC(833)   Evacuate Collection Set: 16.5ms
[2025-11-08T00:59:00.835+0000][gc,phases     ] GC(833)   Post Evacuate Collection Set: 1.1ms
[2025-11-08T00:59:00.836+0000][gc,phases     ] GC(833)   Other: 1.8ms
[2025-11-08T00:59:00.836+0000][gc,heap       ] GC(833) Eden regions: 31->0(33)
[2025-11-08T00:59:00.836+0000][gc,heap       ] GC(833) Survivor regions: 3->3(5)
[2025-11-08T00:59:00.837+0000][gc,heap       ] GC(833) Old regions: 424->424
[2025-11-08T00:59:00.840+0000][gc,heap       ] GC(833) Humongous regions: 147->147
[2025-11-08T00:59:00.841+0000][gc,metaspace  ] GC(833) Metaspace: 53318K(56604K)->53318K(56604K) NonClass: 47415K(49232K)->47415K(49232K) Class: 5903K(7372K)->5903K(7372K)
[2025-11-08T00:59:00.842+0000][gc            ] GC(833) Pause Young (Normal) (G1 Evacuation Pause) 604M->572M(684M) 26.847ms
[2025-11-08T00:59:00.844+0000][gc,cpu        ] GC(833) User=0.04s Sys=0.00s Real=0.03s
[2025-11-08T00:59:07.420+0000][gc,start      ] GC(834) Pause Young (Normal) (G1 Evacuation Pause)
[2025-11-08T00:59:07.421+0000][gc,task       ] GC(834) Using 2 workers of 2 for evacuation
[2025-11-08T00:59:07.434+0000][gc,phases     ] GC(834)   Pre Evacuate Collection Set: 0.0ms
[2025-11-08T00:59:07.434+0000][gc,phases     ] GC(834)   Evacuate Collection Set: 12.1ms
[2025-11-08T00:59:07.435+0000][gc,phases     ] GC(834)   Post Evacuate Collection Set: 0.9ms
[2025-11-08T00:59:07.435+0000][gc,phases     ] GC(834)   Other: 0.8ms
[2025-11-08T00:59:07.435+0000][gc,heap       ] GC(834) Eden regions: 31->0(32)
[2025-11-08T00:59:07.435+0000][gc,heap       ] GC(834) Survivor regions: 3->4(5)
[2025-11-08T00:59:07.436+0000][gc,heap       ] GC(834) Old regions: 424->424
[2025-11-08T00:59:07.436+0000][gc,heap       ] GC(834) Humongous regions: 147->147
[2025-11-08T00:59:07.436+0000][gc,metaspace  ] GC(834) Metaspace: 53318K(56604K)->53318K(56604K) NonClass: 47415K(49232K)->47415K(49232K) Class: 5903K(7372K)->5903K(7372K)
[2025-11-08T00:59:07.437+0000][gc            ] GC(834) Pause Young (Normal) (G1 Evacuation Pause) 603M->574M(684M) 16.241ms
[2025-11-08T00:59:07.437+0000][gc,cpu        ] GC(834) User=0.02s Sys=0.00s Real=0.02s
[2025-11-08T00:59:13.854+0000][gc,start      ] GC(835) Pause Young (Normal) (G1 Evacuation Pause)
[2025-11-08T00:59:13.854+0000][gc,task       ] GC(835) Using 2 workers of 2 for evacuation
[2025-11-08T00:59:13.898+0000][gc,mmu        ] GC(835) MMU target violated: 21.0ms (20.0ms/21.0ms)
[2025-11-08T00:59:13.899+0000][gc,phases     ] GC(835)   Pre Evacuate Collection Set: 0.0ms
[2025-11-08T00:59:13.899+0000][gc,phases     ] GC(835)   Evacuate Collection Set: 43.0ms
[2025-11-08T00:59:13.899+0000][gc,phases     ] GC(835)   Post Evacuate Collection Set: 0.7ms
[2025-11-08T00:59:13.899+0000][gc,phases     ] GC(835)   Other: 1.3ms
[2025-11-08T00:59:13.899+0000][gc,heap       ] GC(835) Eden regions: 30->0(31)
[2025-11-08T00:59:13.900+0000][gc,heap       ] GC(835) Survivor regions: 4->3(5)
[2025-11-08T00:59:13.900+0000][gc,heap       ] GC(835) Old regions: 424->425
[2025-11-08T00:59:13.900+0000][gc,heap       ] GC(835) Humongous regions: 147->147
[2025-11-08T00:59:13.900+0000][gc,metaspace  ] GC(835) Metaspace: 53318K(56604K)->53318K(56604K) NonClass: 47415K(49232K)->47415K(49232K) Class: 5903K(7372K)->5903K(7372K)
[2025-11-08T00:59:13.900+0000][gc            ] GC(835) Pause Young (Normal) (G1 Evacuation Pause) 604M->574M(684M) 46.707ms
[2025-11-08T00:59:13.901+0000][gc,cpu        ] GC(835) User=0.03s Sys=0.01s Real=0.05s
[2025-11-08T00:59:20.458+0000][gc,start      ] GC(836) Pause Young (Normal) (G1 Evacuation Pause)
[2025-11-08T00:59:20.459+0000][gc,task       ] GC(836) Using 2 workers of 2 for evacuation
[2025-11-08T00:59:20.468+0000][gc,phases     ] GC(836)   Pre Evacuate Collection Set: 0.0ms
[2025-11-08T00:59:20.468+0000][gc,phases     ] GC(836)   Evacuate Collection Set: 7.3ms
[2025-11-08T00:59:20.468+0000][gc,phases     ] GC(836)   Post Evacuate Collection Set: 0.7ms
[2025-11-08T00:59:20.468+0000][gc,phases     ] GC(836)   Other: 1.4ms
[2025-11-08T00:59:20.469+0000][gc,heap       ] GC(836) Eden regions: 31->0(32)
[2025-11-08T00:59:20.469+0000][gc,heap       ] GC(836) Survivor regions: 3->2(5)
[2025-11-08T00:59:20.469+0000][gc,heap       ] GC(836) Old regions: 425->425
[2025-11-08T00:59:20.469+0000][gc,heap       ] GC(836) Humongous regions: 147->147
[2025-11-08T00:59:20.469+0000][gc,metaspace  ] GC(836) Metaspace: 53318K(56604K)->53318K(56604K) NonClass: 47415K(49232K)->47415K(49232K) Class: 5903K(7372K)->5903K(7372K)
[2025-11-08T00:59:20.470+0000][gc            ] GC(836) Pause Young (Normal) (G1 Evacuation Pause) 605M->573M(684M) 11.378ms
[2025-11-08T00:59:20.470+0000][gc,cpu        ] GC(836) User=0.01s Sys=0.00s Real=0.01s
[2025-11-08T00:59:27.385+0000][gc,start      ] GC(837) Pause Young (Normal) (G1 Evacuation Pause)
[2025-11-08T00:59:27.385+0000][gc,task       ] GC(837) Using 2 workers of 2 for evacuation
[2025-11-08T00:59:27.398+0000][gc,phases     ] GC(837)   Pre Evacuate Collection Set: 0.0ms
[2025-11-08T00:59:27.398+0000][gc,phases     ] GC(837)   Evacuate Collection Set: 11.1ms
[2025-11-08T00:59:27.399+0000][gc,phases     ] GC(837)   Post Evacuate Collection Set: 1.0ms
[2025-11-08T00:59:27.399+0000][gc,phases     ] GC(837)   Other: 0.8ms
[2025-11-08T00:59:27.399+0000][gc,heap       ] GC(837) Eden regions: 32->0(30)
[2025-11-08T00:59:27.399+0000][gc,heap       ] GC(837) Survivor regions: 2->4(5)
[2025-11-08T00:59:27.400+0000][gc,heap       ] GC(837) Old regions: 425->425
[2025-11-08T00:59:27.400+0000][gc,heap       ] GC(837) Humongous regions: 147->147
[2025-11-08T00:59:27.400+0000][gc,metaspace  ] GC(837) Metaspace: 53318K(56604K)->53318K(56604K) NonClass: 47415K(49232K)->47415K(49232K) Class: 5903K(7372K)->5903K(7372K)
[2025-11-08T00:59:27.400+0000][gc            ] GC(837) Pause Young (Normal) (G1 Evacuation Pause) 605M->575M(684M) 15.272ms
[2025-11-08T00:59:27.401+0000][gc,cpu        ] GC(837) User=0.02s Sys=0.00s Real=0.01s
[2025-11-08T00:59:33.947+0000][gc,start      ] GC(838) Pause Young (Normal) (G1 Evacuation Pause)
[2025-11-08T00:59:33.949+0000][gc,task       ] GC(838) Using 2 workers of 2 for evacuation
[2025-11-08T00:59:34.021+0000][gc,mmu        ] GC(838) MMU target violated: 21.0ms (20.0ms/21.0ms)
[2025-11-08T00:59:34.022+0000][gc,phases     ] GC(838)   Pre Evacuate Collection Set: 0.0ms
[2025-11-08T00:59:34.022+0000][gc,phases     ] GC(838)   Evacuate Collection Set: 70.7ms
[2025-11-08T00:59:34.022+0000][gc,phases     ] GC(838)   Post Evacuate Collection Set: 0.8ms
[2025-11-08T00:59:34.023+0000][gc,phases     ] GC(838)   Other: 2.8ms
[2025-11-08T00:59:34.024+0000][gc,heap       ] GC(838) Eden regions: 30->0(32)
[2025-11-08T00:59:34.025+0000][gc,heap       ] GC(838) Survivor regions: 4->2(5)
[2025-11-08T00:59:34.026+0000][gc,heap       ] GC(838) Old regions: 425->426
[2025-11-08T00:59:34.026+0000][gc,heap       ] GC(838) Humongous regions: 147->147
[2025-11-08T00:59:34.026+0000][gc,metaspace  ] GC(838) Metaspace: 53318K(56604K)->53318K(56604K) NonClass: 47415K(49232K)->47415K(49232K) Class: 5903K(7372K)->5903K(7372K)
[2025-11-08T00:59:34.027+0000][gc            ] GC(838) Pause Young (Normal) (G1 Evacuation Pause) 605M->574M(684M) 79.429ms
[2025-11-08T00:59:34.027+0000][gc,cpu        ] GC(838) User=0.07s Sys=0.02s Real=0.08s
[2025-11-08T00:59:41.025+0000][gc,start      ] GC(839) Pause Young (Normal) (G1 Evacuation Pause)
[2025-11-08T00:59:41.026+0000][gc,task       ] GC(839) Using 2 workers of 2 for evacuation
[2025-11-08T00:59:41.039+0000][gc,phases     ] GC(839)   Pre Evacuate Collection Set: 0.0ms
[2025-11-08T00:59:41.039+0000][gc,phases     ] GC(839)   Evacuate Collection Set: 10.3ms
[2025-11-08T00:59:41.039+0000][gc,phases     ] GC(839)   Post Evacuate Collection Set: 0.8ms
[2025-11-08T00:59:41.040+0000][gc,phases     ] GC(839)   Other: 2.5ms
[2025-11-08T00:59:41.040+0000][gc,heap       ] GC(839) Eden regions: 32->0(32)
[2025-11-08T00:59:41.040+0000][gc,heap       ] GC(839) Survivor regions: 2->2(5)
[2025-11-08T00:59:41.041+0000][gc,heap       ] GC(839) Old regions: 426->426
[2025-11-08T00:59:41.041+0000][gc,heap       ] GC(839) Humongous regions: 147->147
[2025-11-08T00:59:41.041+0000][gc,metaspace  ] GC(839) Metaspace: 53318K(56604K)->53318K(56604K) NonClass: 47415K(49232K)->47415K(49232K) Class: 5903K(7372K)->5903K(7372K)
[2025-11-08T00:59:41.042+0000][gc            ] GC(839) Pause Young (Normal) (G1 Evacuation Pause) 606M->574M(684M) 16.900ms
[2025-11-08T00:59:41.042+0000][gc,cpu        ] GC(839) User=0.03s Sys=0.00s Real=0.01s
[2025-11-08T00:59:47.991+0000][gc,start      ] GC(840) Pause Young (Normal) (G1 Evacuation Pause)
[2025-11-08T00:59:47.992+0000][gc,task       ] GC(840) Using 2 workers of 2 for evacuation
[2025-11-08T00:59:48.005+0000][gc,phases     ] GC(840)   Pre Evacuate Collection Set: 0.2ms
[2025-11-08T00:59:48.006+0000][gc,phases     ] GC(840)   Evacuate Collection Set: 11.4ms
[2025-11-08T00:59:48.006+0000][gc,phases     ] GC(840)   Post Evacuate Collection Set: 1.1ms
[2025-11-08T00:59:48.006+0000][gc,phases     ] GC(840)   Other: 1.0ms
[2025-11-08T00:59:48.007+0000][gc,heap       ] GC(840) Eden regions: 32->0(32)
[2025-11-08T00:59:48.007+0000][gc,heap       ] GC(840) Survivor regions: 2->2(5)
[2025-11-08T00:59:48.008+0000][gc,heap       ] GC(840) Old regions: 426->426
[2025-11-08T00:59:48.008+0000][gc,heap       ] GC(840) Humongous regions: 147->147
[2025-11-08T00:59:48.009+0000][gc,metaspace  ] GC(840) Metaspace: 53318K(56604K)->53318K(56604K) NonClass: 47415K(49232K)->47415K(49232K) Class: 5903K(7372K)->5903K(7372K)
[2025-11-08T00:59:48.010+0000][gc            ] GC(840) Pause Young (Normal) (G1 Evacuation Pause) 606M->574M(684M) 18.258ms
[2025-11-08T00:59:48.011+0000][gc,cpu        ] GC(840) User=0.03s Sys=0.00s Real=0.02s
[2025-11-08T00:59:55.062+0000][gc,start      ] GC(841) Pause Young (Normal) (G1 Evacuation Pause)
[2025-11-08T00:59:55.062+0000][gc,task       ] GC(841) Using 2 workers of 2 for evacuation
[2025-11-08T00:59:55.072+0000][gc,phases     ] GC(841)   Pre Evacuate Collection Set: 0.0ms
[2025-11-08T00:59:55.072+0000][gc,phases     ] GC(841)   Evacuate Collection Set: 8.6ms
[2025-11-08T00:59:55.073+0000][gc,phases     ] GC(841)   Post Evacuate Collection Set: 0.9ms
[2025-11-08T00:59:55.073+0000][gc,phases     ] GC(841)   Other: 0.7ms
[2025-11-08T00:59:55.073+0000][gc,heap       ] GC(841) Eden regions: 32->0(32)
[2025-11-08T00:59:55.073+0000][gc,heap       ] GC(841) Survivor regions: 2->2(5)
[2025-11-08T00:59:55.074+0000][gc,heap       ] GC(841) Old regions: 426->426
[2025-11-08T00:59:55.074+0000][gc,heap       ] GC(841) Humongous regions: 147->147
[2025-11-08T00:59:55.074+0000][gc,metaspace  ] GC(841) Metaspace: 53318K(56604K)->53318K(56604K) NonClass: 47415K(49232K)->47415K(49232K) Class: 5903K(7372K)->5903K(7372K)
[2025-11-08T00:59:55.076+0000][gc            ] GC(841) Pause Young (Normal) (G1 Evacuation Pause) 606M->574M(684M) 14.301ms
[2025-11-08T00:59:55.077+0000][gc,cpu        ] GC(841) User=0.02s Sys=0.00s Real=0.02s
[2025-11-08T01:00:02.358+0000][gc,start      ] GC(842) Pause Young (Normal) (G1 Evacuation Pause)
[2025-11-08T01:00:02.358+0000][gc,task       ] GC(842) Using 2 workers of 2 for evacuation
[2025-11-08T01:00:02.375+0000][gc,phases     ] GC(842)   Pre Evacuate Collection Set: 0.0ms
[2025-11-08T01:00:02.376+0000][gc,phases     ] GC(842)   Evacuate Collection Set: 14.0ms
[2025-11-08T01:00:02.376+0000][gc,phases     ] GC(842)   Post Evacuate Collection Set: 2.1ms
[2025-11-08T01:00:02.380+0000][gc,phases     ] GC(842)   Other: 1.0ms
[2025-11-08T01:00:02.382+0000][gc,heap       ] GC(842) Eden regions: 32->0(31)
[2025-11-08T01:00:02.382+0000][gc,heap       ] GC(842) Survivor regions: 2->3(5)
[2025-11-08T01:00:02.382+0000][gc,heap       ] GC(842) Old regions: 426->426
[2025-11-08T01:00:02.383+0000][gc,heap       ] GC(842) Humongous regions: 147->147
[2025-11-08T01:00:02.383+0000][gc,metaspace  ] GC(842) Metaspace: 53318K(56604K)->53318K(56604K) NonClass: 47415K(49232K)->47415K(49232K) Class: 5903K(7372K)->5903K(7372K)
[2025-11-08T01:00:02.383+0000][gc            ] GC(842) Pause Young (Normal) (G1 Evacuation Pause) 606M->575M(684M) 25.256ms
[2025-11-08T01:00:02.384+0000][gc,cpu        ] GC(842) User=0.03s Sys=0.00s Real=0.02s
[2025-11-08T01:00:09.219+0000][gc,start      ] GC(843) Pause Young (Normal) (G1 Evacuation Pause)
[2025-11-08T01:00:09.222+0000][gc,task       ] GC(843) Using 2 workers of 2 for evacuation
[2025-11-08T01:00:09.247+0000][gc,mmu        ] GC(843) MMU target violated: 21.0ms (20.0ms/21.0ms)
[2025-11-08T01:00:09.248+0000][gc,phases     ] GC(843)   Pre Evacuate Collection Set: 0.0ms
[2025-11-08T01:00:09.248+0000][gc,phases     ] GC(843)   Evacuate Collection Set: 23.9ms
[2025-11-08T01:00:09.248+0000][gc,phases     ] GC(843)   Post Evacuate Collection Set: 0.8ms
[2025-11-08T01:00:09.248+0000][gc,phases     ] GC(843)   Other: 4.0ms
[2025-11-08T01:00:09.249+0000][gc,heap       ] GC(843) Eden regions: 31->0(31)
[2025-11-08T01:00:09.249+0000][gc,heap       ] GC(843) Survivor regions: 3->3(5)
[2025-11-08T01:00:09.249+0000][gc,heap       ] GC(843) Old regions: 426->427
[2025-11-08T01:00:09.250+0000][gc,heap       ] GC(843) Humongous regions: 147->147
[2025-11-08T01:00:09.250+0000][gc,metaspace  ] GC(843) Metaspace: 53318K(56604K)->53318K(56604K) NonClass: 47415K(49232K)->47415K(49232K) Class: 5903K(7372K)->5903K(7372K)
[2025-11-08T01:00:09.250+0000][gc            ] GC(843) Pause Young (Normal) (G1 Evacuation Pause) 606M->575M(684M) 31.352ms
[2025-11-08T01:00:09.251+0000][gc,cpu        ] GC(843) User=0.03s Sys=0.00s Real=0.03s
[2025-11-08T01:00:16.016+0000][gc,start      ] GC(844) Pause Young (Normal) (G1 Evacuation Pause)
[2025-11-08T01:00:16.017+0000][gc,task       ] GC(844) Using 2 workers of 2 for evacuation
[2025-11-08T01:00:16.027+0000][gc,phases     ] GC(844)   Pre Evacuate Collection Set: 0.0ms
[2025-11-08T01:00:16.027+0000][gc,phases     ] GC(844)   Evacuate Collection Set: 8.8ms
[2025-11-08T01:00:16.028+0000][gc,phases     ] GC(844)   Post Evacuate Collection Set: 0.9ms
[2025-11-08T01:00:16.028+0000][gc,phases     ] GC(844)   Other: 1.0ms
[2025-11-08T01:00:16.028+0000][gc,heap       ] GC(844) Eden regions: 31->0(32)
[2025-11-08T01:00:16.028+0000][gc,heap       ] GC(844) Survivor regions: 3->2(5)
[2025-11-08T01:00:16.029+0000][gc,heap       ] GC(844) Old regions: 427->427
[2025-11-08T01:00:16.029+0000][gc,heap       ] GC(844) Humongous regions: 147->147
[2025-11-08T01:00:16.029+0000][gc,metaspace  ] GC(844) Metaspace: 53318K(56604K)->53318K(56604K) NonClass: 47415K(49232K)->47415K(49232K) Class: 5903K(7372K)->5903K(7372K)
[2025-11-08T01:00:16.029+0000][gc            ] GC(844) Pause Young (Normal) (G1 Evacuation Pause) 606M->575M(684M) 12.934ms
[2025-11-08T01:00:16.030+0000][gc,cpu        ] GC(844) User=0.02s Sys=0.00s Real=0.01s
[2025-11-08T01:00:23.240+0000][gc,start      ] GC(845) Pause Young (Normal) (G1 Evacuation Pause)
[2025-11-08T01:00:23.240+0000][gc,task       ] GC(845) Using 2 workers of 2 for evacuation
[2025-11-08T01:00:23.253+0000][gc,phases     ] GC(845)   Pre Evacuate Collection Set: 0.0ms
[2025-11-08T01:00:23.253+0000][gc,phases     ] GC(845)   Evacuate Collection Set: 9.7ms
[2025-11-08T01:00:23.253+0000][gc,phases     ] GC(845)   Post Evacuate Collection Set: 0.7ms
[2025-11-08T01:00:23.254+0000][gc,phases     ] GC(845)   Other: 3.0ms
[2025-11-08T01:00:23.254+0000][gc,heap       ] GC(845) Eden regions: 32->0(32)
[2025-11-08T01:00:23.254+0000][gc,heap       ] GC(845) Survivor regions: 2->2(5)
[2025-11-08T01:00:23.254+0000][gc,heap       ] GC(845) Old regions: 427->427
[2025-11-08T01:00:23.255+0000][gc,heap       ] GC(845) Humongous regions: 147->147
[2025-11-08T01:00:23.255+0000][gc,metaspace  ] GC(845) Metaspace: 53318K(56604K)->53318K(56604K) NonClass: 47415K(49232K)->47415K(49232K) Class: 5903K(7372K)->5903K(7372K)
[2025-11-08T01:00:23.255+0000][gc            ] GC(845) Pause Young (Normal) (G1 Evacuation Pause) 607M->575M(684M) 15.689ms
[2025-11-08T01:00:23.256+0000][gc,cpu        ] GC(845) User=0.02s Sys=0.00s Real=0.02s
[2025-11-08T01:00:30.159+0000][gc,start      ] GC(846) Pause Young (Normal) (G1 Evacuation Pause)
[2025-11-08T01:00:30.159+0000][gc,task       ] GC(846) Using 2 workers of 2 for evacuation
[2025-11-08T01:00:30.175+0000][gc,phases     ] GC(846)   Pre Evacuate Collection Set: 0.0ms
[2025-11-08T01:00:30.176+0000][gc,phases     ] GC(846)   Evacuate Collection Set: 14.8ms
[2025-11-08T01:00:30.176+0000][gc,phases     ] GC(846)   Post Evacuate Collection Set: 1.2ms
[2025-11-08T01:00:30.177+0000][gc,phases     ] GC(846)   Other: 1.0ms
[2025-11-08T01:00:30.177+0000][gc,heap       ] GC(846) Eden regions: 32->0(32)
[2025-11-08T01:00:30.177+0000][gc,heap       ] GC(846) Survivor regions: 2->4(5)
[2025-11-08T01:00:30.178+0000][gc,heap       ] GC(846) Old regions: 427->427
[2025-11-08T01:00:30.178+0000][gc,heap       ] GC(846) Humongous regions: 147->147
[2025-11-08T01:00:30.178+0000][gc,metaspace  ] GC(846) Metaspace: 53318K(56604K)->53318K(56604K) NonClass: 47415K(49232K)->47415K(49232K) Class: 5903K(7372K)->5903K(7372K)
[2025-11-08T01:00:30.179+0000][gc            ] GC(846) Pause Young (Normal) (G1 Evacuation Pause) 607M->576M(684M) 20.344ms
[2025-11-08T01:00:30.179+0000][gc,cpu        ] GC(846) User=0.03s Sys=0.00s Real=0.02s
[2025-11-08T01:00:36.885+0000][gc,start      ] GC(847) Pause Young (Normal) (G1 Evacuation Pause)
[2025-11-08T01:00:36.885+0000][gc,task       ] GC(847) Using 2 workers of 2 for evacuation
[2025-11-08T01:00:36.924+0000][gc,mmu        ] GC(847) MMU target violated: 21.0ms (20.0ms/21.0ms)
[2025-11-08T01:00:36.925+0000][gc,phases     ] GC(847)   Pre Evacuate Collection Set: 0.0ms
[2025-11-08T01:00:36.925+0000][gc,phases     ] GC(847)   Evacuate Collection Set: 37.1ms
[2025-11-08T01:00:36.925+0000][gc,phases     ] GC(847)   Post Evacuate Collection Set: 1.0ms
[2025-11-08T01:00:36.925+0000][gc,phases     ] GC(847)   Other: 1.6ms
[2025-11-08T01:00:36.926+0000][gc,heap       ] GC(847) Eden regions: 30->0(31)
[2025-11-08T01:00:36.926+0000][gc,heap       ] GC(847) Survivor regions: 4->3(5)
[2025-11-08T01:00:36.926+0000][gc,heap       ] GC(847) Old regions: 427->428
[2025-11-08T01:00:36.926+0000][gc,heap       ] GC(847) Humongous regions: 147->147
[2025-11-08T01:00:36.927+0000][gc,metaspace  ] GC(847) Metaspace: 53318K(56604K)->53318K(56604K) NonClass: 47415K(49232K)->47415K(49232K) Class: 5903K(7372K)->5903K(7372K)
[2025-11-08T01:00:36.927+0000][gc            ] GC(847) Pause Young (Normal) (G1 Evacuation Pause) 606M->576M(684M) 42.454ms
[2025-11-08T01:00:36.928+0000][gc,cpu        ] GC(847) User=0.04s Sys=0.01s Real=0.04s
[2025-11-08T01:00:43.804+0000][gc,start      ] GC(848) Pause Young (Normal) (G1 Evacuation Pause)
[2025-11-08T01:00:43.805+0000][gc,task       ] GC(848) Using 2 workers of 2 for evacuation
[2025-11-08T01:00:43.819+0000][gc,phases     ] GC(848)   Pre Evacuate Collection Set: 0.0ms
[2025-11-08T01:00:43.819+0000][gc,phases     ] GC(848)   Evacuate Collection Set: 11.7ms
[2025-11-08T01:00:43.820+0000][gc,phases     ] GC(848)   Post Evacuate Collection Set: 1.4ms
[2025-11-08T01:00:43.820+0000][gc,phases     ] GC(848)   Other: 1.5ms
[2025-11-08T01:00:43.820+0000][gc,heap       ] GC(848) Eden regions: 31->0(32)
[2025-11-08T01:00:43.821+0000][gc,heap       ] GC(848) Survivor regions: 3->2(5)
[2025-11-08T01:00:43.821+0000][gc,heap       ] GC(848) Old regions: 428->428
[2025-11-08T01:00:43.822+0000][gc,heap       ] GC(848) Humongous regions: 147->147
[2025-11-08T01:00:43.822+0000][gc,metaspace  ] GC(848) Metaspace: 53318K(56604K)->53318K(56604K) NonClass: 47415K(49232K)->47415K(49232K) Class: 5903K(7372K)->5903K(7372K)
[2025-11-08T01:00:43.823+0000][gc            ] GC(848) Pause Young (Normal) (G1 Evacuation Pause) 607M->576M(684M) 18.383ms
[2025-11-08T01:00:43.823+0000][gc,cpu        ] GC(848) User=0.02s Sys=0.00s Real=0.02s
[2025-11-08T01:00:50.963+0000][gc,start      ] GC(849) Pause Young (Normal) (G1 Evacuation Pause)
[2025-11-08T01:00:50.964+0000][gc,task       ] GC(849) Using 2 workers of 2 for evacuation
[2025-11-08T01:00:50.978+0000][gc,phases     ] GC(849)   Pre Evacuate Collection Set: 0.0ms
[2025-11-08T01:00:50.979+0000][gc,phases     ] GC(849)   Evacuate Collection Set: 12.5ms
[2025-11-08T01:00:50.982+0000][gc,phases     ] GC(849)   Post Evacuate Collection Set: 1.4ms
[2025-11-08T01:00:50.982+0000][gc,phases     ] GC(849)   Other: 1.0ms
[2025-11-08T01:00:50.982+0000][gc,heap       ] GC(849) Eden regions: 32->0(32)
[2025-11-08T01:00:50.983+0000][gc,heap       ] GC(849) Survivor regions: 2->2(5)
[2025-11-08T01:00:50.983+0000][gc,heap       ] GC(849) Old regions: 428->428
[2025-11-08T01:00:50.983+0000][gc,heap       ] GC(849) Humongous regions: 147->147
[2025-11-08T01:00:50.984+0000][gc,metaspace  ] GC(849) Metaspace: 53318K(56604K)->53318K(56604K) NonClass: 47415K(49232K)->47415K(49232K) Class: 5903K(7372K)->5903K(7372K)
[2025-11-08T01:00:50.984+0000][gc            ] GC(849) Pause Young (Normal) (G1 Evacuation Pause) 608M->576M(684M) 20.519ms
[2025-11-08T01:00:50.984+0000][gc,cpu        ] GC(849) User=0.03s Sys=0.00s Real=0.02s
[2025-11-08T01:00:58.236+0000][gc,start      ] GC(850) Pause Young (Normal) (G1 Evacuation Pause)
[2025-11-08T01:00:58.237+0000][gc,task       ] GC(850) Using 2 workers of 2 for evacuation
[2025-11-08T01:00:58.248+0000][gc,phases     ] GC(850)   Pre Evacuate Collection Set: 0.0ms
[2025-11-08T01:00:58.249+0000][gc,phases     ] GC(850)   Evacuate Collection Set: 10.4ms
[2025-11-08T01:00:58.249+0000][gc,phases     ] GC(850)   Post Evacuate Collection Set: 0.8ms
[2025-11-08T01:00:58.250+0000][gc,phases     ] GC(850)   Other: 0.8ms
[2025-11-08T01:00:58.250+0000][gc,heap       ] GC(850) Eden regions: 32->0(31)
[2025-11-08T01:00:58.251+0000][gc,heap       ] GC(850) Survivor regions: 2->4(5)
[2025-11-08T01:00:58.251+0000][gc,heap       ] GC(850) Old regions: 428->428
[2025-11-08T01:00:58.251+0000][gc,heap       ] GC(850) Humongous regions: 147->147
[2025-11-08T01:00:58.251+0000][gc,metaspace  ] GC(850) Metaspace: 53318K(56604K)->53318K(56604K) NonClass: 47415K(49232K)->47415K(49232K) Class: 5903K(7372K)->5903K(7372K)
[2025-11-08T01:00:58.252+0000][gc            ] GC(850) Pause Young (Normal) (G1 Evacuation Pause) 608M->577M(684M) 15.302ms
[2025-11-08T01:00:58.252+0000][gc,cpu        ] GC(850) User=0.02s Sys=0.00s Real=0.01s
[2025-11-08T01:01:05.063+0000][gc,start      ] GC(851) Pause Young (Normal) (G1 Evacuation Pause)
[2025-11-08T01:01:05.063+0000][gc,task       ] GC(851) Using 2 workers of 2 for evacuation
[2025-11-08T01:01:05.107+0000][gc,mmu        ] GC(851) MMU target violated: 21.0ms (20.0ms/21.0ms)
[2025-11-08T01:01:05.107+0000][gc,phases     ] GC(851)   Pre Evacuate Collection Set: 0.0ms
[2025-11-08T01:01:05.108+0000][gc,phases     ] GC(851)   Evacuate Collection Set: 41.0ms
[2025-11-08T01:01:05.108+0000][gc,phases     ] GC(851)   Post Evacuate Collection Set: 1.9ms
[2025-11-08T01:01:05.108+0000][gc,phases     ] GC(851)   Other: 1.7ms
[2025-11-08T01:01:05.109+0000][gc,heap       ] GC(851) Eden regions: 31->0(31)
[2025-11-08T01:01:05.109+0000][gc,heap       ] GC(851) Survivor regions: 4->3(5)
[2025-11-08T01:01:05.109+0000][gc,heap       ] GC(851) Old regions: 428->429
[2025-11-08T01:01:05.110+0000][gc,heap       ] GC(851) Humongous regions: 147->147
[2025-11-08T01:01:05.110+0000][gc,metaspace  ] GC(851) Metaspace: 53318K(56604K)->53318K(56604K) NonClass: 47415K(49232K)->47415K(49232K) Class: 5903K(7372K)->5903K(7372K)
[2025-11-08T01:01:05.110+0000][gc            ] GC(851) Pause Young (Normal) (G1 Evacuation Pause) 608M->577M(684M) 47.522ms
[2025-11-08T01:01:05.111+0000][gc,cpu        ] GC(851) User=0.04s Sys=0.01s Real=0.05s
[2025-11-08T01:01:12.214+0000][gc,start      ] GC(852) Pause Young (Normal) (G1 Evacuation Pause)
[2025-11-08T01:01:12.216+0000][gc,task       ] GC(852) Using 2 workers of 2 for evacuation
[2025-11-08T01:01:12.234+0000][gc,phases     ] GC(852)   Pre Evacuate Collection Set: 0.0ms
[2025-11-08T01:01:12.235+0000][gc,phases     ] GC(852)   Evacuate Collection Set: 14.5ms
[2025-11-08T01:01:12.235+0000][gc,phases     ] GC(852)   Post Evacuate Collection Set: 1.2ms
[2025-11-08T01:01:12.235+0000][gc,phases     ] GC(852)   Other: 4.7ms
[2025-11-08T01:01:12.236+0000][gc,heap       ] GC(852) Eden regions: 31->0(32)
[2025-11-08T01:01:12.237+0000][gc,heap       ] GC(852) Survivor regions: 3->2(5)
[2025-11-08T01:01:12.240+0000][gc,heap       ] GC(852) Old regions: 429->429
[2025-11-08T01:01:12.240+0000][gc,heap       ] GC(852) Humongous regions: 147->147
[2025-11-08T01:01:12.240+0000][gc,metaspace  ] GC(852) Metaspace: 53318K(56604K)->53318K(56604K) NonClass: 47415K(49232K)->47415K(49232K) Class: 5903K(7372K)->5903K(7372K)
[2025-11-08T01:01:12.241+0000][gc            ] GC(852) Pause Young (Normal) (G1 Evacuation Pause) 608M->576M(684M) 27.362ms
[2025-11-08T01:01:12.241+0000][gc,cpu        ] GC(852) User=0.03s Sys=0.00s Real=0.03s
[2025-11-08T01:01:19.464+0000][gc,start      ] GC(853) Pause Young (Normal) (G1 Evacuation Pause)
[2025-11-08T01:01:19.465+0000][gc,task       ] GC(853) Using 2 workers of 2 for evacuation
[2025-11-08T01:01:19.476+0000][gc,phases     ] GC(853)   Pre Evacuate Collection Set: 0.0ms
[2025-11-08T01:01:19.476+0000][gc,phases     ] GC(853)   Evacuate Collection Set: 9.4ms
[2025-11-08T01:01:19.476+0000][gc,phases     ] GC(853)   Post Evacuate Collection Set: 0.7ms
[2025-11-08T01:01:19.477+0000][gc,phases     ] GC(853)   Other: 1.0ms
[2025-11-08T01:01:19.477+0000][gc,heap       ] GC(853) Eden regions: 32->0(32)
[2025-11-08T01:01:19.477+0000][gc,heap       ] GC(853) Survivor regions: 2->2(5)
[2025-11-08T01:01:19.477+0000][gc,heap       ] GC(853) Old regions: 429->429
[2025-11-08T01:01:19.478+0000][gc,heap       ] GC(853) Humongous regions: 147->147
[2025-11-08T01:01:19.478+0000][gc,metaspace  ] GC(853) Metaspace: 53318K(56604K)->53318K(56604K) NonClass: 47415K(49232K)->47415K(49232K) Class: 5903K(7372K)->5903K(7372K)
[2025-11-08T01:01:19.479+0000][gc            ] GC(853) Pause Young (Normal) (G1 Evacuation Pause) 608M->576M(684M) 14.115ms
[2025-11-08T01:01:19.479+0000][gc,cpu        ] GC(853) User=0.02s Sys=0.00s Real=0.01s
[2025-11-08T01:01:26.527+0000][gc,start      ] GC(854) Pause Young (Normal) (G1 Evacuation Pause)
[2025-11-08T01:01:26.528+0000][gc,task       ] GC(854) Using 2 workers of 2 for evacuation
[2025-11-08T01:01:26.542+0000][gc,phases     ] GC(854)   Pre Evacuate Collection Set: 0.0ms
[2025-11-08T01:01:26.542+0000][gc,phases     ] GC(854)   Evacuate Collection Set: 12.2ms
[2025-11-08T01:01:26.543+0000][gc,phases     ] GC(854)   Post Evacuate Collection Set: 0.9ms
[2025-11-08T01:01:26.543+0000][gc,phases     ] GC(854)   Other: 1.8ms
[2025-11-08T01:01:26.543+0000][gc,heap       ] GC(854) Eden regions: 32->0(32)
[2025-11-08T01:01:26.544+0000][gc,heap       ] GC(854) Survivor regions: 2->2(5)
[2025-11-08T01:01:26.544+0000][gc,heap       ] GC(854) Old regions: 429->429
[2025-11-08T01:01:26.545+0000][gc,heap       ] GC(854) Humongous regions: 147->147
[2025-11-08T01:01:26.545+0000][gc,metaspace  ] GC(854) Metaspace: 53318K(56604K)->53318K(56604K) NonClass: 47415K(49232K)->47415K(49232K) Class: 5903K(7372K)->5903K(7372K)
[2025-11-08T01:01:26.545+0000][gc            ] GC(854) Pause Young (Normal) (G1 Evacuation Pause) 608M->576M(684M) 18.057ms
[2025-11-08T01:01:26.546+0000][gc,cpu        ] GC(854) User=0.03s Sys=0.00s Real=0.02s
[2025-11-08T01:01:34.074+0000][gc,start      ] GC(855) Pause Young (Normal) (G1 Evacuation Pause)
[2025-11-08T01:01:34.100+0000][gc,task       ] GC(855) Using 2 workers of 2 for evacuation
[2025-11-08T01:01:34.128+0000][gc,mmu        ] GC(855) MMU target violated: 21.0ms (20.0ms/21.0ms)
[2025-11-08T01:01:34.140+0000][gc,phases     ] GC(855)   Pre Evacuate Collection Set: 0.0ms
[2025-11-08T01:01:34.141+0000][gc,phases     ] GC(855)   Evacuate Collection Set: 18.3ms
[2025-11-08T01:01:34.143+0000][gc,phases     ] GC(855)   Post Evacuate Collection Set: 1.1ms
[2025-11-08T01:01:34.144+0000][gc,phases     ] GC(855)   Other: 46.5ms
[2025-11-08T01:01:34.144+0000][gc,heap       ] GC(855) Eden regions: 32->0(31)
[2025-11-08T01:01:34.145+0000][gc,heap       ] GC(855) Survivor regions: 2->4(5)
[2025-11-08T01:01:34.145+0000][gc,heap       ] GC(855) Old regions: 429->429
[2025-11-08T01:01:34.147+0000][gc,heap       ] GC(855) Humongous regions: 147->147
[2025-11-08T01:01:34.148+0000][gc,metaspace  ] GC(855) Metaspace: 53318K(56604K)->53318K(56604K) NonClass: 47415K(49232K)->47415K(49232K) Class: 5903K(7372K)->5903K(7372K)
[2025-11-08T01:01:34.149+0000][gc            ] GC(855) Pause Young (Normal) (G1 Evacuation Pause) 608M->578M(684M) 74.244ms
[2025-11-08T01:01:34.150+0000][gc,cpu        ] GC(855) User=0.05s Sys=0.00s Real=0.07s
[2025-11-08T01:01:41.179+0000][gc,start      ] GC(856) Pause Young (Normal) (G1 Evacuation Pause)
[2025-11-08T01:01:41.179+0000][gc,task       ] GC(856) Using 2 workers of 2 for evacuation
[2025-11-08T01:01:41.214+0000][gc,mmu        ] GC(856) MMU target violated: 21.0ms (20.0ms/21.0ms)
[2025-11-08T01:01:41.214+0000][gc,phases     ] GC(856)   Pre Evacuate Collection Set: 0.0ms
[2025-11-08T01:01:41.214+0000][gc,phases     ] GC(856)   Evacuate Collection Set: 33.7ms
[2025-11-08T01:01:41.215+0000][gc,phases     ] GC(856)   Post Evacuate Collection Set: 0.7ms
[2025-11-08T01:01:41.215+0000][gc,phases     ] GC(856)   Other: 0.9ms
[2025-11-08T01:01:41.215+0000][gc,heap       ] GC(856) Eden regions: 30->0(32)
[2025-11-08T01:01:41.215+0000][gc,heap       ] GC(856) Survivor regions: 4->2(5)
[2025-11-08T01:01:41.215+0000][gc,heap       ] GC(856) Old regions: 429->429
[2025-11-08T01:01:41.216+0000][gc,heap       ] GC(856) Humongous regions: 147->147
[2025-11-08T01:01:41.216+0000][gc,metaspace  ] GC(856) Metaspace: 53318K(56604K)->53318K(56604K) NonClass: 47415K(49232K)->47415K(49232K) Class: 5903K(7372K)->5903K(7372K)
[2025-11-08T01:01:41.216+0000][gc            ] GC(856) Pause Young (Normal) (G1 Evacuation Pause) 608M->577M(684M) 37.101ms
[2025-11-08T01:01:41.216+0000][gc,cpu        ] GC(856) User=0.03s Sys=0.00s Real=0.04s
[2025-11-08T01:01:48.869+0000][gc,start      ] GC(857) Pause Young (Normal) (G1 Evacuation Pause)
[2025-11-08T01:01:48.871+0000][gc,task       ] GC(857) Using 2 workers of 2 for evacuation
[2025-11-08T01:01:48.892+0000][gc,phases     ] GC(857)   Pre Evacuate Collection Set: 0.0ms
[2025-11-08T01:01:48.893+0000][gc,phases     ] GC(857)   Evacuate Collection Set: 18.2ms
[2025-11-08T01:01:48.893+0000][gc,phases     ] GC(857)   Post Evacuate Collection Set: 0.7ms
[2025-11-08T01:01:48.893+0000][gc,phases     ] GC(857)   Other: 3.7ms
[2025-11-08T01:01:48.894+0000][gc,heap       ] GC(857) Eden regions: 32->0(32)
[2025-11-08T01:01:48.894+0000][gc,heap       ] GC(857) Survivor regions: 2->2(5)
[2025-11-08T01:01:48.894+0000][gc,heap       ] GC(857) Old regions: 429->429
[2025-11-08T01:01:48.897+0000][gc,heap       ] GC(857) Humongous regions: 147->147
[2025-11-08T01:01:48.897+0000][gc,metaspace  ] GC(857) Metaspace: 53318K(56604K)->53318K(56604K) NonClass: 47415K(49232K)->47415K(49232K) Class: 5903K(7372K)->5903K(7372K)
[2025-11-08T01:01:48.898+0000][gc            ] GC(857) Pause Young (Normal) (G1 Evacuation Pause) 609M->577M(684M) 28.387ms
[2025-11-08T01:01:48.898+0000][gc,cpu        ] GC(857) User=0.03s Sys=0.00s Real=0.03s
[2025-11-08T01:01:56.307+0000][gc,start      ] GC(858) Pause Young (Normal) (G1 Evacuation Pause)
[2025-11-08T01:01:56.307+0000][gc,task       ] GC(858) Using 2 workers of 2 for evacuation
[2025-11-08T01:01:56.325+0000][gc,phases     ] GC(858)   Pre Evacuate Collection Set: 0.0ms
[2025-11-08T01:01:56.326+0000][gc,phases     ] GC(858)   Evacuate Collection Set: 13.6ms
[2025-11-08T01:01:56.326+0000][gc,phases     ] GC(858)   Post Evacuate Collection Set: 2.5ms
[2025-11-08T01:01:56.327+0000][gc,phases     ] GC(858)   Other: 2.1ms
[2025-11-08T01:01:56.329+0000][gc,heap       ] GC(858) Eden regions: 32->0(32)
[2025-11-08T01:01:56.330+0000][gc,heap       ] GC(858) Survivor regions: 2->2(5)
[2025-11-08T01:01:56.331+0000][gc,heap       ] GC(858) Old regions: 429->429
[2025-11-08T01:01:56.331+0000][gc,heap       ] GC(858) Humongous regions: 147->147
[2025-11-08T01:01:56.332+0000][gc,metaspace  ] GC(858) Metaspace: 53318K(56604K)->53318K(56604K) NonClass: 47415K(49232K)->47415K(49232K) Class: 5903K(7372K)->5903K(7372K)
[2025-11-08T01:01:56.332+0000][gc            ] GC(858) Pause Young (Normal) (G1 Evacuation Pause) 609M->577M(684M) 25.643ms
[2025-11-08T01:01:56.333+0000][gc,cpu        ] GC(858) User=0.03s Sys=0.00s Real=0.02s
[2025-11-08T01:02:03.786+0000][gc,start      ] GC(859) Pause Young (Normal) (G1 Evacuation Pause)
[2025-11-08T01:02:03.786+0000][gc,task       ] GC(859) Using 2 workers of 2 for evacuation
[2025-11-08T01:02:03.806+0000][gc,phases     ] GC(859)   Pre Evacuate Collection Set: 0.0ms
[2025-11-08T01:02:03.806+0000][gc,phases     ] GC(859)   Evacuate Collection Set: 17.1ms
[2025-11-08T01:02:03.806+0000][gc,phases     ] GC(859)   Post Evacuate Collection Set: 0.8ms
[2025-11-08T01:02:03.807+0000][gc,phases     ] GC(859)   Other: 1.7ms
[2025-11-08T01:02:03.808+0000][gc,heap       ] GC(859) Eden regions: 32->0(31)
[2025-11-08T01:02:03.808+0000][gc,heap       ] GC(859) Survivor regions: 2->4(5)
[2025-11-08T01:02:03.809+0000][gc,heap       ] GC(859) Old regions: 429->429
[2025-11-08T01:02:03.810+0000][gc,heap       ] GC(859) Humongous regions: 147->147
[2025-11-08T01:02:03.810+0000][gc,metaspace  ] GC(859) Metaspace: 53318K(56604K)->53318K(56604K) NonClass: 47415K(49232K)->47415K(49232K) Class: 5903K(7372K)->5903K(7372K)
[2025-11-08T01:02:03.811+0000][gc            ] GC(859) Pause Young (Normal) (G1 Evacuation Pause) 609M->579M(684M) 24.411ms
[2025-11-08T01:02:03.811+0000][gc,cpu        ] GC(859) User=0.03s Sys=0.00s Real=0.02s
[2025-11-08T01:02:10.796+0000][gc,start      ] GC(860) Pause Young (Normal) (G1 Evacuation Pause)
[2025-11-08T01:02:10.802+0000][gc,task       ] GC(860) Using 2 workers of 2 for evacuation
[2025-11-08T01:02:10.883+0000][gc,mmu        ] GC(860) MMU target violated: 21.0ms (20.0ms/21.0ms)
[2025-11-08T01:02:10.884+0000][gc,phases     ] GC(860)   Pre Evacuate Collection Set: 0.0ms
[2025-11-08T01:02:10.889+0000][gc,phases     ] GC(860)   Evacuate Collection Set: 72.6ms
[2025-11-08T01:02:10.939+0000][gc,phases     ] GC(860)   Post Evacuate Collection Set: 4.6ms
[2025-11-08T01:02:10.950+0000][gc,phases     ] GC(860)   Other: 11.0ms
[2025-11-08T01:02:10.951+0000][gc,heap       ] GC(860) Eden regions: 30->0(31)
[2025-11-08T01:02:10.957+0000][gc,heap       ] GC(860) Survivor regions: 4->3(5)
[2025-11-08T01:02:10.997+0000][gc,heap       ] GC(860) Old regions: 429->430
[2025-11-08T01:02:11.012+0000][gc,heap       ] GC(860) Humongous regions: 147->147
[2025-11-08T01:02:11.013+0000][gc,metaspace  ] GC(860) Metaspace: 53318K(56604K)->53318K(56604K) NonClass: 47415K(49232K)->47415K(49232K) Class: 5903K(7372K)->5903K(7372K)
[2025-11-08T01:02:11.013+0000][gc            ] GC(860) Pause Young (Normal) (G1 Evacuation Pause) 609M->578M(684M) 217.722ms
[2025-11-08T01:02:11.021+0000][gc,cpu        ] GC(860) User=0.08s Sys=0.02s Real=0.22s
[2025-11-08T01:02:18.083+0000][gc,start      ] GC(861) Pause Young (Normal) (G1 Evacuation Pause)
[2025-11-08T01:02:18.083+0000][gc,task       ] GC(861) Using 2 workers of 2 for evacuation
[2025-11-08T01:02:18.094+0000][gc,phases     ] GC(861)   Pre Evacuate Collection Set: 0.0ms
[2025-11-08T01:02:18.094+0000][gc,phases     ] GC(861)   Evacuate Collection Set: 9.5ms
[2025-11-08T01:02:18.094+0000][gc,phases     ] GC(861)   Post Evacuate Collection Set: 0.6ms
[2025-11-08T01:02:18.095+0000][gc,phases     ] GC(861)   Other: 0.9ms
[2025-11-08T01:02:18.095+0000][gc,heap       ] GC(861) Eden regions: 31->0(32)
[2025-11-08T01:02:18.095+0000][gc,heap       ] GC(861) Survivor regions: 3->2(5)
[2025-11-08T01:02:18.095+0000][gc,heap       ] GC(861) Old regions: 430->430
[2025-11-08T01:02:18.095+0000][gc,heap       ] GC(861) Humongous regions: 147->147
[2025-11-08T01:02:18.096+0000][gc,metaspace  ] GC(861) Metaspace: 53318K(56604K)->53318K(56604K) NonClass: 47415K(49232K)->47415K(49232K) Class: 5903K(7372K)->5903K(7372K)
[2025-11-08T01:02:18.096+0000][gc            ] GC(861) Pause Young (Normal) (G1 Evacuation Pause) 609M->578M(684M) 13.281ms
[2025-11-08T01:02:18.096+0000][gc,cpu        ] GC(861) User=0.02s Sys=0.00s Real=0.01s
[2025-11-08T01:02:25.148+0000][gc,start      ] GC(862) Pause Young (Normal) (G1 Evacuation Pause)
[2025-11-08T01:02:25.148+0000][gc,task       ] GC(862) Using 2 workers of 2 for evacuation
[2025-11-08T01:02:25.159+0000][gc,phases     ] GC(862)   Pre Evacuate Collection Set: 0.0ms
[2025-11-08T01:02:25.159+0000][gc,phases     ] GC(862)   Evacuate Collection Set: 8.7ms
[2025-11-08T01:02:25.160+0000][gc,phases     ] GC(862)   Post Evacuate Collection Set: 1.5ms
[2025-11-08T01:02:25.160+0000][gc,phases     ] GC(862)   Other: 0.9ms
[2025-11-08T01:02:25.161+0000][gc,heap       ] GC(862) Eden regions: 32->0(32)
[2025-11-08T01:02:25.161+0000][gc,heap       ] GC(862) Survivor regions: 2->2(5)
[2025-11-08T01:02:25.161+0000][gc,heap       ] GC(862) Old regions: 430->430
[2025-11-08T01:02:25.162+0000][gc,heap       ] GC(862) Humongous regions: 147->147
[2025-11-08T01:02:25.162+0000][gc,metaspace  ] GC(862) Metaspace: 53318K(56604K)->53318K(56604K) NonClass: 47415K(49232K)->47415K(49232K) Class: 5903K(7372K)->5903K(7372K)
[2025-11-08T01:02:25.162+0000][gc            ] GC(862) Pause Young (Normal) (G1 Evacuation Pause) 610M->578M(684M) 14.506ms
[2025-11-08T01:02:25.163+0000][gc,cpu        ] GC(862) User=0.02s Sys=0.00s Real=0.01s
[2025-11-08T01:02:32.361+0000][gc,start      ] GC(863) Pause Young (Normal) (G1 Evacuation Pause)
[2025-11-08T01:02:32.363+0000][gc,task       ] GC(863) Using 2 workers of 2 for evacuation
[2025-11-08T01:02:32.377+0000][gc,phases     ] GC(863)   Pre Evacuate Collection Set: 0.0ms
[2025-11-08T01:02:32.377+0000][gc,phases     ] GC(863)   Evacuate Collection Set: 11.9ms
[2025-11-08T01:02:32.378+0000][gc,phases     ] GC(863)   Post Evacuate Collection Set: 0.9ms
[2025-11-08T01:02:32.378+0000][gc,phases     ] GC(863)   Other: 2.9ms
[2025-11-08T01:02:32.378+0000][gc,heap       ] GC(863) Eden regions: 32->0(30)
[2025-11-08T01:02:32.378+0000][gc,heap       ] GC(863) Survivor regions: 2->4(5)
[2025-11-08T01:02:32.379+0000][gc,heap       ] GC(863) Old regions: 430->430
[2025-11-08T01:02:32.379+0000][gc,heap       ] GC(863) Humongous regions: 147->147
[2025-11-08T01:02:32.379+0000][gc,metaspace  ] GC(863) Metaspace: 53318K(56604K)->53318K(56604K) NonClass: 47415K(49232K)->47415K(49232K) Class: 5903K(7372K)->5903K(7372K)
[2025-11-08T01:02:32.379+0000][gc            ] GC(863) Pause Young (Normal) (G1 Evacuation Pause) 610M->579M(684M) 17.902ms
[2025-11-08T01:02:32.380+0000][gc,cpu        ] GC(863) User=0.03s Sys=0.00s Real=0.02s
[2025-11-08T01:02:38.992+0000][gc,start      ] GC(864) Pause Young (Normal) (G1 Evacuation Pause)
[2025-11-08T01:02:38.993+0000][gc,task       ] GC(864) Using 2 workers of 2 for evacuation
[2025-11-08T01:02:39.031+0000][gc,mmu        ] GC(864) MMU target violated: 21.0ms (20.0ms/21.0ms)
[2025-11-08T01:02:39.032+0000][gc,phases     ] GC(864)   Pre Evacuate Collection Set: 0.0ms
[2025-11-08T01:02:39.032+0000][gc,phases     ] GC(864)   Evacuate Collection Set: 36.9ms
[2025-11-08T01:02:39.032+0000][gc,phases     ] GC(864)   Post Evacuate Collection Set: 1.0ms
[2025-11-08T01:02:39.032+0000][gc,phases     ] GC(864)   Other: 1.7ms
[2025-11-08T01:02:39.033+0000][gc,heap       ] GC(864) Eden regions: 30->0(32)
[2025-11-08T01:02:39.033+0000][gc,heap       ] GC(864) Survivor regions: 4->2(5)
[2025-11-08T01:02:39.033+0000][gc,heap       ] GC(864) Old regions: 430->431
[2025-11-08T01:02:39.033+0000][gc,heap       ] GC(864) Humongous regions: 147->147
[2025-11-08T01:02:39.034+0000][gc,metaspace  ] GC(864) Metaspace: 53318K(56604K)->53318K(56604K) NonClass: 47415K(49232K)->47415K(49232K) Class: 5903K(7372K)->5903K(7372K)
[2025-11-08T01:02:39.037+0000][gc            ] GC(864) Pause Young (Normal) (G1 Evacuation Pause) 609M->579M(684M) 44.690ms
[2025-11-08T01:02:39.037+0000][gc,cpu        ] GC(864) User=0.04s Sys=0.00s Real=0.05s
[2025-11-08T01:02:46.084+0000][gc,start      ] GC(865) Pause Young (Normal) (G1 Evacuation Pause)
[2025-11-08T01:02:46.085+0000][gc,task       ] GC(865) Using 2 workers of 2 for evacuation
[2025-11-08T01:02:46.096+0000][gc,phases     ] GC(865)   Pre Evacuate Collection Set: 0.0ms
[2025-11-08T01:02:46.096+0000][gc,phases     ] GC(865)   Evacuate Collection Set: 9.5ms
[2025-11-08T01:02:46.096+0000][gc,phases     ] GC(865)   Post Evacuate Collection Set: 1.1ms
[2025-11-08T01:02:46.097+0000][gc,phases     ] GC(865)   Other: 0.6ms
[2025-11-08T01:02:46.097+0000][gc,heap       ] GC(865) Eden regions: 32->0(32)
[2025-11-08T01:02:46.097+0000][gc,heap       ] GC(865) Survivor regions: 2->2(5)
[2025-11-08T01:02:46.098+0000][gc,heap       ] GC(865) Old regions: 431->431
[2025-11-08T01:02:46.098+0000][gc,heap       ] GC(865) Humongous regions: 147->147
[2025-11-08T01:02:46.098+0000][gc,metaspace  ] GC(865) Metaspace: 53318K(56604K)->53318K(56604K) NonClass: 47415K(49232K)->47415K(49232K) Class: 5903K(7372K)->5903K(7372K)
[2025-11-08T01:02:46.098+0000][gc            ] GC(865) Pause Young (Normal) (G1 Evacuation Pause) 611M->579M(684M) 14.066ms
[2025-11-08T01:02:46.099+0000][gc,cpu        ] GC(865) User=0.02s Sys=0.00s Real=0.02s
[2025-11-08T01:02:52.972+0000][gc,start      ] GC(866) Pause Young (Normal) (G1 Evacuation Pause)
[2025-11-08T01:02:52.972+0000][gc,task       ] GC(866) Using 2 workers of 2 for evacuation
[2025-11-08T01:02:52.982+0000][gc,phases     ] GC(866)   Pre Evacuate Collection Set: 0.0ms
[2025-11-08T01:02:52.982+0000][gc,phases     ] GC(866)   Evacuate Collection Set: 8.5ms
[2025-11-08T01:02:52.982+0000][gc,phases     ] GC(866)   Post Evacuate Collection Set: 0.7ms
[2025-11-08T01:02:52.983+0000][gc,phases     ] GC(866)   Other: 0.8ms
[2025-11-08T01:02:52.983+0000][gc,heap       ] GC(866) Eden regions: 32->0(32)
[2025-11-08T01:02:52.983+0000][gc,heap       ] GC(866) Survivor regions: 2->2(5)
[2025-11-08T01:02:52.983+0000][gc,heap       ] GC(866) Old regions: 431->431
[2025-11-08T01:02:52.983+0000][gc,heap       ] GC(866) Humongous regions: 147->147
[2025-11-08T01:02:52.984+0000][gc,metaspace  ] GC(866) Metaspace: 53318K(56604K)->53318K(56604K) NonClass: 47415K(49232K)->47415K(49232K) Class: 5903K(7372K)->5903K(7372K)
[2025-11-08T01:02:52.984+0000][gc            ] GC(866) Pause Young (Normal) (G1 Evacuation Pause) 611M->579M(684M) 11.790ms
[2025-11-08T01:02:52.984+0000][gc,cpu        ] GC(866) User=0.02s Sys=0.00s Real=0.01s
[2025-11-08T01:02:59.788+0000][gc,start      ] GC(867) Pause Young (Normal) (G1 Evacuation Pause)
[2025-11-08T01:02:59.788+0000][gc,task       ] GC(867) Using 2 workers of 2 for evacuation
[2025-11-08T01:02:59.798+0000][gc,phases     ] GC(867)   Pre Evacuate Collection Set: 0.0ms
[2025-11-08T01:02:59.798+0000][gc,phases     ] GC(867)   Evacuate Collection Set: 8.0ms
[2025-11-08T01:02:59.798+0000][gc,phases     ] GC(867)   Post Evacuate Collection Set: 0.6ms
[2025-11-08T01:02:59.798+0000][gc,phases     ] GC(867)   Other: 1.0ms
[2025-11-08T01:02:59.798+0000][gc,heap       ] GC(867) Eden regions: 32->0(30)
[2025-11-08T01:02:59.798+0000][gc,heap       ] GC(867) Survivor regions: 2->4(5)
[2025-11-08T01:02:59.799+0000][gc,heap       ] GC(867) Old regions: 431->431
[2025-11-08T01:02:59.799+0000][gc,heap       ] GC(867) Humongous regions: 147->147
[2025-11-08T01:02:59.799+0000][gc,metaspace  ] GC(867) Metaspace: 53318K(56604K)->53318K(56604K) NonClass: 47415K(49232K)->47415K(49232K) Class: 5903K(7372K)->5903K(7372K)
[2025-11-08T01:02:59.799+0000][gc            ] GC(867) Pause Young (Normal) (G1 Evacuation Pause) 611M->580M(684M) 10.957ms
[2025-11-08T01:02:59.799+0000][gc,cpu        ] GC(867) User=0.02s Sys=0.00s Real=0.01s
[2025-11-08T01:03:05.973+0000][gc,start      ] GC(868) Pause Young (Normal) (G1 Evacuation Pause)
[2025-11-08T01:03:05.973+0000][gc,task       ] GC(868) Using 2 workers of 2 for evacuation
[2025-11-08T01:03:06.004+0000][gc,mmu        ] GC(868) MMU target violated: 21.0ms (20.0ms/21.0ms)
[2025-11-08T01:03:06.004+0000][gc,phases     ] GC(868)   Pre Evacuate Collection Set: 0.0ms
[2025-11-08T01:03:06.004+0000][gc,phases     ] GC(868)   Evacuate Collection Set: 28.9ms
[2025-11-08T01:03:06.004+0000][gc,phases     ] GC(868)   Post Evacuate Collection Set: 0.5ms
[2025-11-08T01:03:06.004+0000][gc,phases     ] GC(868)   Other: 1.7ms
[2025-11-08T01:03:06.004+0000][gc,heap       ] GC(868) Eden regions: 30->0(31)
[2025-11-08T01:03:06.005+0000][gc,heap       ] GC(868) Survivor regions: 4->3(5)
[2025-11-08T01:03:06.005+0000][gc,heap       ] GC(868) Old regions: 431->432
[2025-11-08T01:03:06.005+0000][gc,heap       ] GC(868) Humongous regions: 147->147
[2025-11-08T01:03:06.005+0000][gc,metaspace  ] GC(868) Metaspace: 53318K(56604K)->53318K(56604K) NonClass: 47415K(49232K)->47415K(49232K) Class: 5903K(7372K)->5903K(7372K)
[2025-11-08T01:03:06.005+0000][gc            ] GC(868) Pause Young (Normal) (G1 Evacuation Pause) 610M->580M(684M) 32.524ms
[2025-11-08T01:03:06.005+0000][gc,cpu        ] GC(868) User=0.03s Sys=0.00s Real=0.03s
[2025-11-08T01:03:12.526+0000][gc,start      ] GC(869) Pause Young (Normal) (G1 Evacuation Pause)
[2025-11-08T01:03:12.526+0000][gc,task       ] GC(869) Using 2 workers of 2 for evacuation
[2025-11-08T01:03:12.534+0000][gc,phases     ] GC(869)   Pre Evacuate Collection Set: 0.0ms
[2025-11-08T01:03:12.534+0000][gc,phases     ] GC(869)   Evacuate Collection Set: 6.9ms
[2025-11-08T01:03:12.534+0000][gc,phases     ] GC(869)   Post Evacuate Collection Set: 0.6ms
[2025-11-08T01:03:12.534+0000][gc,phases     ] GC(869)   Other: 0.6ms
[2025-11-08T01:03:12.535+0000][gc,heap       ] GC(869) Eden regions: 31->0(32)
[2025-11-08T01:03:12.535+0000][gc,heap       ] GC(869) Survivor regions: 3->2(5)
[2025-11-08T01:03:12.535+0000][gc,heap       ] GC(869) Old regions: 432->432
[2025-11-08T01:03:12.535+0000][gc,heap       ] GC(869) Humongous regions: 147->147
[2025-11-08T01:03:12.535+0000][gc,metaspace  ] GC(869) Metaspace: 53318K(56604K)->53318K(56604K) NonClass: 47415K(49232K)->47415K(49232K) Class: 5903K(7372K)->5903K(7372K)
[2025-11-08T01:03:12.536+0000][gc            ] GC(869) Pause Young (Normal) (G1 Evacuation Pause) 611M->580M(684M) 9.764ms
[2025-11-08T01:03:12.536+0000][gc,cpu        ] GC(869) User=0.02s Sys=0.00s Real=0.01s
[2025-11-08T01:03:19.132+0000][gc,start      ] GC(870) Pause Young (Normal) (G1 Evacuation Pause)
[2025-11-08T01:03:19.132+0000][gc,task       ] GC(870) Using 2 workers of 2 for evacuation
[2025-11-08T01:03:19.141+0000][gc,phases     ] GC(870)   Pre Evacuate Collection Set: 0.0ms
[2025-11-08T01:03:19.141+0000][gc,phases     ] GC(870)   Evacuate Collection Set: 7.3ms
[2025-11-08T01:03:19.142+0000][gc,phases     ] GC(870)   Post Evacuate Collection Set: 0.6ms
[2025-11-08T01:03:19.143+0000][gc,phases     ] GC(870)   Other: 0.7ms
[2025-11-08T01:03:19.143+0000][gc,heap       ] GC(870) Eden regions: 32->0(32)
[2025-11-08T01:03:19.143+0000][gc,heap       ] GC(870) Survivor regions: 2->2(5)
[2025-11-08T01:03:19.143+0000][gc,heap       ] GC(870) Old regions: 432->432
[2025-11-08T01:03:19.144+0000][gc,heap       ] GC(870) Humongous regions: 147->147
[2025-11-08T01:03:19.144+0000][gc,metaspace  ] GC(870) Metaspace: 53318K(56604K)->53318K(56604K) NonClass: 47415K(49232K)->47415K(49232K) Class: 5903K(7372K)->5903K(7372K)
[2025-11-08T01:03:19.144+0000][gc            ] GC(870) Pause Young (Normal) (G1 Evacuation Pause) 612M->579M(684M) 11.985ms
[2025-11-08T01:03:19.144+0000][gc,cpu        ] GC(870) User=0.02s Sys=0.00s Real=0.01s
[2025-11-08T01:03:26.008+0000][gc,start      ] GC(871) Pause Young (Normal) (G1 Evacuation Pause)
[2025-11-08T01:03:26.008+0000][gc,task       ] GC(871) Using 2 workers of 2 for evacuation
[2025-11-08T01:03:26.022+0000][gc,phases     ] GC(871)   Pre Evacuate Collection Set: 0.0ms
[2025-11-08T01:03:26.023+0000][gc,phases     ] GC(871)   Evacuate Collection Set: 12.6ms
[2025-11-08T01:03:26.024+0000][gc,phases     ] GC(871)   Post Evacuate Collection Set: 0.9ms
[2025-11-08T01:03:26.024+0000][gc,phases     ] GC(871)   Other: 0.9ms
[2025-11-08T01:03:26.024+0000][gc,heap       ] GC(871) Eden regions: 32->0(30)
[2025-11-08T01:03:26.024+0000][gc,heap       ] GC(871) Survivor regions: 2->4(5)
[2025-11-08T01:03:26.025+0000][gc,heap       ] GC(871) Old regions: 432->432
[2025-11-08T01:03:26.027+0000][gc,heap       ] GC(871) Humongous regions: 147->147
[2025-11-08T01:03:26.027+0000][gc,metaspace  ] GC(871) Metaspace: 53318K(56604K)->53318K(56604K) NonClass: 47415K(49232K)->47415K(49232K) Class: 5903K(7372K)->5903K(7372K)
[2025-11-08T01:03:26.028+0000][gc            ] GC(871) Pause Young (Normal) (G1 Evacuation Pause) 611M->581M(684M) 19.996ms
[2025-11-08T01:03:26.028+0000][gc,cpu        ] GC(871) User=0.03s Sys=0.00s Real=0.02s
[2025-11-08T01:03:32.452+0000][gc,start      ] GC(872) Pause Young (Normal) (G1 Evacuation Pause)
[2025-11-08T01:03:32.452+0000][gc,task       ] GC(872) Using 2 workers of 2 for evacuation
[2025-11-08T01:03:32.480+0000][gc,mmu        ] GC(872) MMU target violated: 21.0ms (20.0ms/21.0ms)
[2025-11-08T01:03:32.480+0000][gc,phases     ] GC(872)   Pre Evacuate Collection Set: 0.0ms
[2025-11-08T01:03:32.481+0000][gc,phases     ] GC(872)   Evacuate Collection Set: 27.3ms
[2025-11-08T01:03:32.481+0000][gc,phases     ] GC(872)   Post Evacuate Collection Set: 0.7ms
[2025-11-08T01:03:32.481+0000][gc,phases     ] GC(872)   Other: 0.8ms
[2025-11-08T01:03:32.481+0000][gc,heap       ] GC(872) Eden regions: 30->0(31)
[2025-11-08T01:03:32.481+0000][gc,heap       ] GC(872) Survivor regions: 4->3(5)
[2025-11-08T01:03:32.482+0000][gc,heap       ] GC(872) Old regions: 432->433
[2025-11-08T01:03:32.482+0000][gc,heap       ] GC(872) Humongous regions: 147->147
[2025-11-08T01:03:32.482+0000][gc,metaspace  ] GC(872) Metaspace: 53318K(56604K)->53318K(56604K) NonClass: 47415K(49232K)->47415K(49232K) Class: 5903K(7372K)->5903K(7372K)
[2025-11-08T01:03:32.482+0000][gc            ] GC(872) Pause Young (Normal) (G1 Evacuation Pause) 611M->581M(684M) 30.665ms
[2025-11-08T01:03:32.482+0000][gc,cpu        ] GC(872) User=0.03s Sys=0.00s Real=0.03s
[2025-11-08T01:03:39.186+0000][gc,start      ] GC(873) Pause Young (Normal) (G1 Evacuation Pause)
[2025-11-08T01:03:39.187+0000][gc,task       ] GC(873) Using 2 workers of 2 for evacuation
[2025-11-08T01:03:39.194+0000][gc,phases     ] GC(873)   Pre Evacuate Collection Set: 0.0ms
[2025-11-08T01:03:39.194+0000][gc,phases     ] GC(873)   Evacuate Collection Set: 6.2ms
[2025-11-08T01:03:39.194+0000][gc,phases     ] GC(873)   Post Evacuate Collection Set: 0.6ms
[2025-11-08T01:03:39.194+0000][gc,phases     ] GC(873)   Other: 0.5ms
[2025-11-08T01:03:39.194+0000][gc,heap       ] GC(873) Eden regions: 31->0(32)
[2025-11-08T01:03:39.195+0000][gc,heap       ] GC(873) Survivor regions: 3->2(5)
[2025-11-08T01:03:39.195+0000][gc,heap       ] GC(873) Old regions: 433->433
[2025-11-08T01:03:39.195+0000][gc,heap       ] GC(873) Humongous regions: 147->147
[2025-11-08T01:03:39.195+0000][gc,metaspace  ] GC(873) Metaspace: 53318K(56604K)->53318K(56604K) NonClass: 47415K(49232K)->47415K(49232K) Class: 5903K(7372K)->5903K(7372K)
[2025-11-08T01:03:39.196+0000][gc            ] GC(873) Pause Young (Normal) (G1 Evacuation Pause) 612M->581M(684M) 9.970ms
[2025-11-08T01:03:39.197+0000][gc,cpu        ] GC(873) User=0.01s Sys=0.00s Real=0.01s
[2025-11-08T01:03:46.281+0000][gc,start      ] GC(874) Pause Young (Normal) (G1 Evacuation Pause)
[2025-11-08T01:03:46.281+0000][gc,task       ] GC(874) Using 2 workers of 2 for evacuation
[2025-11-08T01:03:46.290+0000][gc,phases     ] GC(874)   Pre Evacuate Collection Set: 0.0ms
[2025-11-08T01:03:46.290+0000][gc,phases     ] GC(874)   Evacuate Collection Set: 7.8ms
[2025-11-08T01:03:46.291+0000][gc,phases     ] GC(874)   Post Evacuate Collection Set: 1.1ms
[2025-11-08T01:03:46.291+0000][gc,phases     ] GC(874)   Other: 0.7ms
[2025-11-08T01:03:46.291+0000][gc,heap       ] GC(874) Eden regions: 32->0(32)
[2025-11-08T01:03:46.292+0000][gc,heap       ] GC(874) Survivor regions: 2->2(5)
[2025-11-08T01:03:46.292+0000][gc,heap       ] GC(874) Old regions: 433->433
[2025-11-08T01:03:46.292+0000][gc,heap       ] GC(874) Humongous regions: 147->147
[2025-11-08T01:03:46.293+0000][gc,metaspace  ] GC(874) Metaspace: 53318K(56604K)->53318K(56604K) NonClass: 47415K(49232K)->47415K(49232K) Class: 5903K(7372K)->5903K(7372K)
[2025-11-08T01:03:46.293+0000][gc            ] GC(874) Pause Young (Normal) (G1 Evacuation Pause) 613M->580M(684M) 12.625ms
[2025-11-08T01:03:46.294+0000][gc,cpu        ] GC(874) User=0.02s Sys=0.00s Real=0.01s
[2025-11-08T01:03:53.198+0000][gc,start      ] GC(875) Pause Young (Normal) (G1 Evacuation Pause)
[2025-11-08T01:03:53.198+0000][gc,task       ] GC(875) Using 2 workers of 2 for evacuation
[2025-11-08T01:03:53.210+0000][gc,phases     ] GC(875)   Pre Evacuate Collection Set: 0.0ms
[2025-11-08T01:03:53.210+0000][gc,phases     ] GC(875)   Evacuate Collection Set: 10.4ms
[2025-11-08T01:03:53.211+0000][gc,phases     ] GC(875)   Post Evacuate Collection Set: 0.9ms
[2025-11-08T01:03:53.211+0000][gc,phases     ] GC(875)   Other: 1.2ms
[2025-11-08T01:03:53.211+0000][gc,heap       ] GC(875) Eden regions: 32->0(30)
[2025-11-08T01:03:53.211+0000][gc,heap       ] GC(875) Survivor regions: 2->4(5)
[2025-11-08T01:03:53.212+0000][gc,heap       ] GC(875) Old regions: 433->433
[2025-11-08T01:03:53.212+0000][gc,heap       ] GC(875) Humongous regions: 147->147
[2025-11-08T01:03:53.212+0000][gc,metaspace  ] GC(875) Metaspace: 53318K(56604K)->53318K(56604K) NonClass: 47415K(49232K)->47415K(49232K) Class: 5903K(7372K)->5903K(7372K)
[2025-11-08T01:03:53.212+0000][gc            ] GC(875) Pause Young (Normal) (G1 Evacuation Pause) 612M->582M(684M) 14.500ms
[2025-11-08T01:03:53.213+0000][gc,cpu        ] GC(875) User=0.02s Sys=0.00s Real=0.02s
[2025-11-08T01:03:59.603+0000][gc,start      ] GC(876) Pause Young (Normal) (G1 Evacuation Pause)
[2025-11-08T01:03:59.603+0000][gc,task       ] GC(876) Using 2 workers of 2 for evacuation
[2025-11-08T01:03:59.626+0000][gc,mmu        ] GC(876) MMU target violated: 21.0ms (20.0ms/21.0ms)
[2025-11-08T01:03:59.626+0000][gc,phases     ] GC(876)   Pre Evacuate Collection Set: 0.0ms
[2025-11-08T01:03:59.626+0000][gc,phases     ] GC(876)   Evacuate Collection Set: 21.0ms
[2025-11-08T01:03:59.626+0000][gc,phases     ] GC(876)   Post Evacuate Collection Set: 0.6ms
[2025-11-08T01:03:59.626+0000][gc,phases     ] GC(876)   Other: 1.3ms
[2025-11-08T01:03:59.626+0000][gc,heap       ] GC(876) Eden regions: 30->0(31)
[2025-11-08T01:03:59.627+0000][gc,heap       ] GC(876) Survivor regions: 4->3(5)
[2025-11-08T01:03:59.627+0000][gc,heap       ] GC(876) Old regions: 433->433
[2025-11-08T01:03:59.627+0000][gc,heap       ] GC(876) Humongous regions: 147->147
[2025-11-08T01:03:59.627+0000][gc,metaspace  ] GC(876) Metaspace: 53318K(56604K)->53318K(56604K) NonClass: 47415K(49232K)->47415K(49232K) Class: 5903K(7372K)->5903K(7372K)
[2025-11-08T01:03:59.627+0000][gc            ] GC(876) Pause Young (Normal) (G1 Evacuation Pause) 612M->582M(684M) 24.522ms
[2025-11-08T01:03:59.628+0000][gc,cpu        ] GC(876) User=0.01s Sys=0.01s Real=0.02s
[2025-11-08T01:04:06.174+0000][gc,start      ] GC(877) Pause Young (Normal) (G1 Evacuation Pause)
[2025-11-08T01:04:06.174+0000][gc,task       ] GC(877) Using 2 workers of 2 for evacuation
[2025-11-08T01:04:06.184+0000][gc,phases     ] GC(877)   Pre Evacuate Collection Set: 0.0ms
[2025-11-08T01:04:06.185+0000][gc,phases     ] GC(877)   Evacuate Collection Set: 8.4ms
[2025-11-08T01:04:06.185+0000][gc,phases     ] GC(877)   Post Evacuate Collection Set: 0.9ms
[2025-11-08T01:04:06.185+0000][gc,phases     ] GC(877)   Other: 0.9ms
[2025-11-08T01:04:06.185+0000][gc,heap       ] GC(877) Eden regions: 31->0(32)
[2025-11-08T01:04:06.185+0000][gc,heap       ] GC(877) Survivor regions: 3->2(5)
[2025-11-08T01:04:06.186+0000][gc,heap       ] GC(877) Old regions: 433->433
[2025-11-08T01:04:06.186+0000][gc,heap       ] GC(877) Humongous regions: 147->147
[2025-11-08T01:04:06.186+0000][gc,metaspace  ] GC(877) Metaspace: 53318K(56604K)->53318K(56604K) NonClass: 47415K(49232K)->47415K(49232K) Class: 5903K(7372K)->5903K(7372K)
[2025-11-08T01:04:06.186+0000][gc            ] GC(877) Pause Young (Normal) (G1 Evacuation Pause) 613M->581M(684M) 12.370ms
[2025-11-08T01:04:06.187+0000][gc,cpu        ] GC(877) User=0.01s Sys=0.00s Real=0.01s
[2025-11-08T01:04:13.178+0000][gc,start      ] GC(878) Pause Young (Normal) (G1 Evacuation Pause)
[2025-11-08T01:04:13.178+0000][gc,task       ] GC(878) Using 2 workers of 2 for evacuation
[2025-11-08T01:04:13.187+0000][gc,phases     ] GC(878)   Pre Evacuate Collection Set: 0.1ms
[2025-11-08T01:04:13.187+0000][gc,phases     ] GC(878)   Evacuate Collection Set: 7.1ms
[2025-11-08T01:04:13.187+0000][gc,phases     ] GC(878)   Post Evacuate Collection Set: 0.8ms
[2025-11-08T01:04:13.188+0000][gc,phases     ] GC(878)   Other: 1.1ms
[2025-11-08T01:04:13.188+0000][gc,heap       ] GC(878) Eden regions: 32->0(32)
[2025-11-08T01:04:13.188+0000][gc,heap       ] GC(878) Survivor regions: 2->2(5)
[2025-11-08T01:04:13.188+0000][gc,heap       ] GC(878) Old regions: 433->433
[2025-11-08T01:04:13.188+0000][gc,heap       ] GC(878) Humongous regions: 147->147
[2025-11-08T01:04:13.189+0000][gc,metaspace  ] GC(878) Metaspace: 53318K(56604K)->53318K(56604K) NonClass: 47415K(49232K)->47415K(49232K) Class: 5903K(7372K)->5903K(7372K)
[2025-11-08T01:04:13.189+0000][gc            ] GC(878) Pause Young (Normal) (G1 Evacuation Pause) 613M->581M(684M) 10.987ms
[2025-11-08T01:04:13.189+0000][gc,cpu        ] GC(878) User=0.01s Sys=0.00s Real=0.01s
[2025-11-08T01:04:20.064+0000][gc,start      ] GC(879) Pause Young (Normal) (G1 Evacuation Pause)
[2025-11-08T01:04:20.064+0000][gc,task       ] GC(879) Using 2 workers of 2 for evacuation
[2025-11-08T01:04:20.074+0000][gc,phases     ] GC(879)   Pre Evacuate Collection Set: 0.0ms
[2025-11-08T01:04:20.074+0000][gc,phases     ] GC(879)   Evacuate Collection Set: 8.5ms
[2025-11-08T01:04:20.074+0000][gc,phases     ] GC(879)   Post Evacuate Collection Set: 0.7ms
[2025-11-08T01:04:20.075+0000][gc,phases     ] GC(879)   Other: 0.8ms
[2025-11-08T01:04:20.075+0000][gc,heap       ] GC(879) Eden regions: 32->0(32)
[2025-11-08T01:04:20.075+0000][gc,heap       ] GC(879) Survivor regions: 2->2(5)
[2025-11-08T01:04:20.075+0000][gc,heap       ] GC(879) Old regions: 433->433
[2025-11-08T01:04:20.076+0000][gc,heap       ] GC(879) Humongous regions: 147->147
[2025-11-08T01:04:20.076+0000][gc,metaspace  ] GC(879) Metaspace: 53318K(56604K)->53318K(56604K) NonClass: 47415K(49232K)->47415K(49232K) Class: 5903K(7372K)->5903K(7372K)
[2025-11-08T01:04:20.076+0000][gc            ] GC(879) Pause Young (Normal) (G1 Evacuation Pause) 613M->581M(684M) 12.185ms
[2025-11-08T01:04:20.076+0000][gc,cpu        ] GC(879) User=0.02s Sys=0.00s Real=0.01s
[2025-11-08T01:04:26.893+0000][gc,start      ] GC(880) Pause Young (Normal) (G1 Evacuation Pause)
[2025-11-08T01:04:26.893+0000][gc,task       ] GC(880) Using 2 workers of 2 for evacuation
[2025-11-08T01:04:26.903+0000][gc,phases     ] GC(880)   Pre Evacuate Collection Set: 0.0ms
[2025-11-08T01:04:26.903+0000][gc,phases     ] GC(880)   Evacuate Collection Set: 8.6ms
[2025-11-08T01:04:26.903+0000][gc,phases     ] GC(880)   Post Evacuate Collection Set: 0.7ms
[2025-11-08T01:04:26.903+0000][gc,phases     ] GC(880)   Other: 0.6ms
[2025-11-08T01:04:26.904+0000][gc,heap       ] GC(880) Eden regions: 32->0(31)
[2025-11-08T01:04:26.904+0000][gc,heap       ] GC(880) Survivor regions: 2->3(5)
[2025-11-08T01:04:26.904+0000][gc,heap       ] GC(880) Old regions: 433->433
[2025-11-08T01:04:26.904+0000][gc,heap       ] GC(880) Humongous regions: 147->147
[2025-11-08T01:04:26.904+0000][gc,metaspace  ] GC(880) Metaspace: 53318K(56604K)->53318K(56604K) NonClass: 47415K(49232K)->47415K(49232K) Class: 5903K(7372K)->5903K(7372K)
[2025-11-08T01:04:26.904+0000][gc            ] GC(880) Pause Young (Normal) (G1 Evacuation Pause) 613M->582M(684M) 11.200ms
[2025-11-08T01:04:26.904+0000][gc,cpu        ] GC(880) User=0.02s Sys=0.00s Real=0.01s
[2025-11-08T01:04:33.987+0000][gc,start      ] GC(881) Pause Young (Normal) (G1 Evacuation Pause)
[2025-11-08T01:04:33.988+0000][gc,task       ] GC(881) Using 2 workers of 2 for evacuation
[2025-11-08T01:04:34.016+0000][gc,mmu        ] GC(881) MMU target violated: 21.0ms (20.0ms/21.0ms)
[2025-11-08T01:04:34.016+0000][gc,phases     ] GC(881)   Pre Evacuate Collection Set: 0.0ms
[2025-11-08T01:04:34.017+0000][gc,phases     ] GC(881)   Evacuate Collection Set: 25.5ms
[2025-11-08T01:04:34.018+0000][gc,phases     ] GC(881)   Post Evacuate Collection Set: 2.1ms
[2025-11-08T01:04:34.018+0000][gc,phases     ] GC(881)   Other: 1.4ms
[2025-11-08T01:04:34.018+0000][gc,heap       ] GC(881) Eden regions: 31->0(31)
[2025-11-08T01:04:34.019+0000][gc,heap       ] GC(881) Survivor regions: 3->3(5)
[2025-11-08T01:04:34.019+0000][gc,heap       ] GC(881) Old regions: 433->434
[2025-11-08T01:04:34.019+0000][gc,heap       ] GC(881) Humongous regions: 147->147
[2025-11-08T01:04:34.019+0000][gc,metaspace  ] GC(881) Metaspace: 53318K(56604K)->53318K(56604K) NonClass: 47415K(49232K)->47415K(49232K) Class: 5903K(7372K)->5903K(7372K)
[2025-11-08T01:04:34.020+0000][gc            ] GC(881) Pause Young (Normal) (G1 Evacuation Pause) 613M->582M(684M) 32.487ms
[2025-11-08T01:04:34.020+0000][gc,cpu        ] GC(881) User=0.04s Sys=0.00s Real=0.04s
[2025-11-08T01:04:40.650+0000][gc,start      ] GC(882) Pause Young (Normal) (G1 Evacuation Pause)
[2025-11-08T01:04:40.651+0000][gc,task       ] GC(882) Using 2 workers of 2 for evacuation
[2025-11-08T01:04:40.662+0000][gc,phases     ] GC(882)   Pre Evacuate Collection Set: 0.0ms
[2025-11-08T01:04:40.662+0000][gc,phases     ] GC(882)   Evacuate Collection Set: 10.4ms
[2025-11-08T01:04:40.663+0000][gc,phases     ] GC(882)   Post Evacuate Collection Set: 0.7ms
[2025-11-08T01:04:40.663+0000][gc,phases     ] GC(882)   Other: 0.8ms
[2025-11-08T01:04:40.663+0000][gc,heap       ] GC(882) Eden regions: 31->0(32)
[2025-11-08T01:04:40.664+0000][gc,heap       ] GC(882) Survivor regions: 3->2(5)
[2025-11-08T01:04:40.664+0000][gc,heap       ] GC(882) Old regions: 434->434
[2025-11-08T01:04:40.664+0000][gc,heap       ] GC(882) Humongous regions: 147->147
[2025-11-08T01:04:40.664+0000][gc,metaspace  ] GC(882) Metaspace: 53318K(56604K)->53318K(56604K) NonClass: 47415K(49232K)->47415K(49232K) Class: 5903K(7372K)->5903K(7372K)
[2025-11-08T01:04:40.665+0000][gc            ] GC(882) Pause Young (Normal) (G1 Evacuation Pause) 613M->582M(684M) 14.550ms
[2025-11-08T01:04:40.665+0000][gc,cpu        ] GC(882) User=0.02s Sys=0.00s Real=0.01s
[2025-11-08T01:04:47.685+0000][gc,start      ] GC(883) Pause Young (Normal) (G1 Evacuation Pause)
[2025-11-08T01:04:47.686+0000][gc,task       ] GC(883) Using 2 workers of 2 for evacuation
[2025-11-08T01:04:47.696+0000][gc,phases     ] GC(883)   Pre Evacuate Collection Set: 0.0ms
[2025-11-08T01:04:47.696+0000][gc,phases     ] GC(883)   Evacuate Collection Set: 8.5ms
[2025-11-08T01:04:47.696+0000][gc,phases     ] GC(883)   Post Evacuate Collection Set: 1.2ms
[2025-11-08T01:04:47.697+0000][gc,phases     ] GC(883)   Other: 0.8ms
[2025-11-08T01:04:47.697+0000][gc,heap       ] GC(883) Eden regions: 32->0(32)
[2025-11-08T01:04:47.697+0000][gc,heap       ] GC(883) Survivor regions: 2->2(5)
[2025-11-08T01:04:47.698+0000][gc,heap       ] GC(883) Old regions: 434->434
[2025-11-08T01:04:47.698+0000][gc,heap       ] GC(883) Humongous regions: 147->147
[2025-11-08T01:04:47.698+0000][gc,metaspace  ] GC(883) Metaspace: 53318K(56604K)->53318K(56604K) NonClass: 47415K(49232K)->47415K(49232K) Class: 5903K(7372K)->5903K(7372K)
[2025-11-08T01:04:47.698+0000][gc            ] GC(883) Pause Young (Normal) (G1 Evacuation Pause) 614M->582M(684M) 13.025ms
[2025-11-08T01:04:47.699+0000][gc,cpu        ] GC(883) User=0.02s Sys=0.00s Real=0.01s
[2025-11-08T01:04:54.801+0000][gc,start      ] GC(884) Pause Young (Normal) (G1 Evacuation Pause)
[2025-11-08T01:04:54.802+0000][gc,task       ] GC(884) Using 2 workers of 2 for evacuation
[2025-11-08T01:04:54.813+0000][gc,phases     ] GC(884)   Pre Evacuate Collection Set: 0.0ms
[2025-11-08T01:04:54.814+0000][gc,phases     ] GC(884)   Evacuate Collection Set: 10.2ms
[2025-11-08T01:04:54.814+0000][gc,phases     ] GC(884)   Post Evacuate Collection Set: 0.6ms
[2025-11-08T01:04:54.814+0000][gc,phases     ] GC(884)   Other: 0.8ms
[2025-11-08T01:04:54.815+0000][gc,heap       ] GC(884) Eden regions: 32->0(30)
[2025-11-08T01:04:54.815+0000][gc,heap       ] GC(884) Survivor regions: 2->4(5)
[2025-11-08T01:04:54.816+0000][gc,heap       ] GC(884) Old regions: 434->434
[2025-11-08T01:04:54.816+0000][gc,heap       ] GC(884) Humongous regions: 147->147
[2025-11-08T01:04:54.816+0000][gc,metaspace  ] GC(884) Metaspace: 53318K(56604K)->53318K(56604K) NonClass: 47415K(49232K)->47415K(49232K) Class: 5903K(7372K)->5903K(7372K)
[2025-11-08T01:04:54.816+0000][gc            ] GC(884) Pause Young (Normal) (G1 Evacuation Pause) 614M->583M(684M) 14.981ms
[2025-11-08T01:04:54.817+0000][gc,cpu        ] GC(884) User=0.02s Sys=0.00s Real=0.01s
[2025-11-08T01:05:01.301+0000][gc,start      ] GC(885) Pause Young (Normal) (G1 Evacuation Pause)
[2025-11-08T01:05:01.301+0000][gc,task       ] GC(885) Using 2 workers of 2 for evacuation
[2025-11-08T01:05:01.339+0000][gc,mmu        ] GC(885) MMU target violated: 21.0ms (20.0ms/21.0ms)
[2025-11-08T01:05:01.340+0000][gc,phases     ] GC(885)   Pre Evacuate Collection Set: 0.0ms
[2025-11-08T01:05:01.340+0000][gc,phases     ] GC(885)   Evacuate Collection Set: 36.2ms
[2025-11-08T01:05:01.340+0000][gc,phases     ] GC(885)   Post Evacuate Collection Set: 1.0ms
[2025-11-08T01:05:01.341+0000][gc,phases     ] GC(885)   Other: 1.5ms
[2025-11-08T01:05:01.341+0000][gc,heap       ] GC(885) Eden regions: 30->0(31)
[2025-11-08T01:05:01.341+0000][gc,heap       ] GC(885) Survivor regions: 4->3(5)
[2025-11-08T01:05:01.342+0000][gc,heap       ] GC(885) Old regions: 434->435
[2025-11-08T01:05:01.342+0000][gc,heap       ] GC(885) Humongous regions: 147->147
[2025-11-08T01:05:01.342+0000][gc,metaspace  ] GC(885) Metaspace: 53318K(56604K)->53318K(56604K) NonClass: 47415K(49232K)->47415K(49232K) Class: 5903K(7372K)->5903K(7372K)
[2025-11-08T01:05:01.343+0000][gc            ] GC(885) Pause Young (Normal) (G1 Evacuation Pause) 613M->583M(684M) 41.715ms
[2025-11-08T01:05:01.343+0000][gc,cpu        ] GC(885) User=0.05s Sys=0.00s Real=0.04s
[2025-11-08T01:05:08.235+0000][gc,start      ] GC(886) Pause Young (Normal) (G1 Evacuation Pause)
[2025-11-08T01:05:08.235+0000][gc,task       ] GC(886) Using 2 workers of 2 for evacuation
[2025-11-08T01:05:08.247+0000][gc,phases     ] GC(886)   Pre Evacuate Collection Set: 0.4ms
[2025-11-08T01:05:08.248+0000][gc,phases     ] GC(886)   Evacuate Collection Set: 10.6ms
[2025-11-08T01:05:08.248+0000][gc,phases     ] GC(886)   Post Evacuate Collection Set: 1.0ms
[2025-11-08T01:05:08.249+0000][gc,phases     ] GC(886)   Other: 0.9ms
[2025-11-08T01:05:08.249+0000][gc,heap       ] GC(886) Eden regions: 31->0(32)
[2025-11-08T01:05:08.249+0000][gc,heap       ] GC(886) Survivor regions: 3->2(5)
[2025-11-08T01:05:08.249+0000][gc,heap       ] GC(886) Old regions: 435->435
[2025-11-08T01:05:08.250+0000][gc,heap       ] GC(886) Humongous regions: 147->147
[2025-11-08T01:05:08.250+0000][gc,metaspace  ] GC(886) Metaspace: 53318K(56604K)->53318K(56604K) NonClass: 47415K(49232K)->47415K(49232K) Class: 5903K(7372K)->5903K(7372K)
[2025-11-08T01:05:08.250+0000][gc            ] GC(886) Pause Young (Normal) (G1 Evacuation Pause) 614M->583M(684M) 15.781ms
[2025-11-08T01:05:08.251+0000][gc,cpu        ] GC(886) User=0.02s Sys=0.00s Real=0.02s
[2025-11-08T01:05:15.222+0000][gc,start      ] GC(887) Pause Young (Normal) (G1 Evacuation Pause)
[2025-11-08T01:05:15.222+0000][gc,task       ] GC(887) Using 2 workers of 2 for evacuation
[2025-11-08T01:05:15.231+0000][gc,phases     ] GC(887)   Pre Evacuate Collection Set: 0.0ms
[2025-11-08T01:05:15.231+0000][gc,phases     ] GC(887)   Evacuate Collection Set: 7.3ms
[2025-11-08T01:05:15.231+0000][gc,phases     ] GC(887)   Post Evacuate Collection Set: 0.7ms
[2025-11-08T01:05:15.231+0000][gc,phases     ] GC(887)   Other: 0.6ms
[2025-11-08T01:05:15.231+0000][gc,heap       ] GC(887) Eden regions: 32->0(32)
[2025-11-08T01:05:15.231+0000][gc,heap       ] GC(887) Survivor regions: 2->2(5)
[2025-11-08T01:05:15.232+0000][gc,heap       ] GC(887) Old regions: 435->435
[2025-11-08T01:05:15.232+0000][gc,heap       ] GC(887) Humongous regions: 147->147
[2025-11-08T01:05:15.232+0000][gc,metaspace  ] GC(887) Metaspace: 53318K(56604K)->53318K(56604K) NonClass: 47415K(49232K)->47415K(49232K) Class: 5903K(7372K)->5903K(7372K)
[2025-11-08T01:05:15.232+0000][gc            ] GC(887) Pause Young (Normal) (G1 Evacuation Pause) 615M->582M(684M) 10.452ms
[2025-11-08T01:05:15.233+0000][gc,cpu        ] GC(887) User=0.02s Sys=0.00s Real=0.01s
[2025-11-08T01:05:22.105+0000][gc,start      ] GC(888) Pause Young (Normal) (G1 Evacuation Pause)
[2025-11-08T01:05:22.106+0000][gc,task       ] GC(888) Using 2 workers of 2 for evacuation
[2025-11-08T01:05:22.122+0000][gc,phases     ] GC(888)   Pre Evacuate Collection Set: 0.0ms
[2025-11-08T01:05:22.123+0000][gc,phases     ] GC(888)   Evacuate Collection Set: 14.6ms
[2025-11-08T01:05:22.123+0000][gc,phases     ] GC(888)   Post Evacuate Collection Set: 1.1ms
[2025-11-08T01:05:22.123+0000][gc,phases     ] GC(888)   Other: 1.2ms
[2025-11-08T01:05:22.124+0000][gc,heap       ] GC(888) Eden regions: 32->0(30)
[2025-11-08T01:05:22.124+0000][gc,heap       ] GC(888) Survivor regions: 2->4(5)
[2025-11-08T01:05:22.124+0000][gc,heap       ] GC(888) Old regions: 435->435
[2025-11-08T01:05:22.125+0000][gc,heap       ] GC(888) Humongous regions: 147->147
[2025-11-08T01:05:22.125+0000][gc,metaspace  ] GC(888) Metaspace: 53318K(56604K)->53318K(56604K) NonClass: 47415K(49232K)->47415K(49232K) Class: 5903K(7372K)->5903K(7372K)
[2025-11-08T01:05:22.125+0000][gc            ] GC(888) Pause Young (Normal) (G1 Evacuation Pause) 614M->584M(684M) 19.614ms
[2025-11-08T01:05:22.125+0000][gc,cpu        ] GC(888) User=0.03s Sys=0.00s Real=0.02s
[2025-11-08T01:05:28.625+0000][gc,start      ] GC(889) Pause Young (Normal) (G1 Evacuation Pause)
[2025-11-08T01:05:28.626+0000][gc,task       ] GC(889) Using 2 workers of 2 for evacuation
[2025-11-08T01:05:28.679+0000][gc,mmu        ] GC(889) MMU target violated: 21.0ms (20.0ms/21.0ms)
[2025-11-08T01:05:28.679+0000][gc,phases     ] GC(889)   Pre Evacuate Collection Set: 0.0ms
[2025-11-08T01:05:28.680+0000][gc,phases     ] GC(889)   Evacuate Collection Set: 48.6ms
[2025-11-08T01:05:28.681+0000][gc,phases     ] GC(889)   Post Evacuate Collection Set: 1.3ms
[2025-11-08T01:05:28.681+0000][gc,phases     ] GC(889)   Other: 5.1ms
[2025-11-08T01:05:28.681+0000][gc,heap       ] GC(889) Eden regions: 30->0(31)
[2025-11-08T01:05:28.682+0000][gc,heap       ] GC(889) Survivor regions: 4->3(5)
[2025-11-08T01:05:28.682+0000][gc,heap       ] GC(889) Old regions: 435->435
[2025-11-08T01:05:28.682+0000][gc,heap       ] GC(889) Humongous regions: 147->147
[2025-11-08T01:05:28.683+0000][gc,metaspace  ] GC(889) Metaspace: 53318K(56604K)->53318K(56604K) NonClass: 47415K(49232K)->47415K(49232K) Class: 5903K(7372K)->5903K(7372K)
[2025-11-08T01:05:28.683+0000][gc            ] GC(889) Pause Young (Normal) (G1 Evacuation Pause) 614M->584M(684M) 58.500ms
[2025-11-08T01:05:28.683+0000][gc,cpu        ] GC(889) User=0.06s Sys=0.00s Real=0.06s
[2025-11-08T01:05:35.603+0000][gc,start      ] GC(890) Pause Young (Normal) (G1 Evacuation Pause)
[2025-11-08T01:05:35.603+0000][gc,task       ] GC(890) Using 2 workers of 2 for evacuation
[2025-11-08T01:05:35.613+0000][gc,phases     ] GC(890)   Pre Evacuate Collection Set: 0.0ms
[2025-11-08T01:05:35.613+0000][gc,phases     ] GC(890)   Evacuate Collection Set: 8.5ms
[2025-11-08T01:05:35.613+0000][gc,phases     ] GC(890)   Post Evacuate Collection Set: 0.8ms
[2025-11-08T01:05:35.614+0000][gc,phases     ] GC(890)   Other: 0.8ms
[2025-11-08T01:05:35.614+0000][gc,heap       ] GC(890) Eden regions: 31->0(32)
[2025-11-08T01:05:35.614+0000][gc,heap       ] GC(890) Survivor regions: 3->2(5)
[2025-11-08T01:05:35.614+0000][gc,heap       ] GC(890) Old regions: 435->435
[2025-11-08T01:05:35.614+0000][gc,heap       ] GC(890) Humongous regions: 147->147
[2025-11-08T01:05:35.615+0000][gc,metaspace  ] GC(890) Metaspace: 53318K(56604K)->53318K(56604K) NonClass: 47415K(49232K)->47415K(49232K) Class: 5903K(7372K)->5903K(7372K)
[2025-11-08T01:05:35.615+0000][gc            ] GC(890) Pause Young (Normal) (G1 Evacuation Pause) 615M->583M(684M) 12.178ms
[2025-11-08T01:05:35.615+0000][gc,cpu        ] GC(890) User=0.02s Sys=0.00s Real=0.01s
[2025-11-08T01:05:42.824+0000][gc,start      ] GC(891) Pause Young (Normal) (G1 Evacuation Pause)
[2025-11-08T01:05:42.827+0000][gc,task       ] GC(891) Using 2 workers of 2 for evacuation
[2025-11-08T01:05:42.839+0000][gc,phases     ] GC(891)   Pre Evacuate Collection Set: 0.0ms
[2025-11-08T01:05:42.839+0000][gc,phases     ] GC(891)   Evacuate Collection Set: 9.9ms
[2025-11-08T01:05:42.839+0000][gc,phases     ] GC(891)   Post Evacuate Collection Set: 1.2ms
[2025-11-08T01:05:42.840+0000][gc,phases     ] GC(891)   Other: 3.5ms
[2025-11-08T01:05:42.840+0000][gc,heap       ] GC(891) Eden regions: 32->0(32)
[2025-11-08T01:05:42.841+0000][gc,heap       ] GC(891) Survivor regions: 2->2(5)
[2025-11-08T01:05:42.841+0000][gc,heap       ] GC(891) Old regions: 435->435
[2025-11-08T01:05:42.842+0000][gc,heap       ] GC(891) Humongous regions: 147->147
[2025-11-08T01:05:42.842+0000][gc,metaspace  ] GC(891) Metaspace: 53318K(56604K)->53318K(56604K) NonClass: 47415K(49232K)->47415K(49232K) Class: 5903K(7372K)->5903K(7372K)
[2025-11-08T01:05:42.843+0000][gc            ] GC(891) Pause Young (Normal) (G1 Evacuation Pause) 615M->583M(684M) 18.169ms
[2025-11-08T01:05:42.843+0000][gc,cpu        ] GC(891) User=0.03s Sys=0.00s Real=0.02s
[2025-11-08T01:05:49.893+0000][gc,start      ] GC(892) Pause Young (Normal) (G1 Evacuation Pause)
[2025-11-08T01:05:49.893+0000][gc,task       ] GC(892) Using 2 workers of 2 for evacuation
[2025-11-08T01:05:49.908+0000][gc,phases     ] GC(892)   Pre Evacuate Collection Set: 0.0ms
[2025-11-08T01:05:49.908+0000][gc,phases     ] GC(892)   Evacuate Collection Set: 13.0ms
[2025-11-08T01:05:49.908+0000][gc,phases     ] GC(892)   Post Evacuate Collection Set: 0.7ms
[2025-11-08T01:05:49.909+0000][gc,phases     ] GC(892)   Other: 1.0ms
[2025-11-08T01:05:49.909+0000][gc,heap       ] GC(892) Eden regions: 32->0(30)
[2025-11-08T01:05:49.909+0000][gc,heap       ] GC(892) Survivor regions: 2->4(5)
[2025-11-08T01:05:49.909+0000][gc,heap       ] GC(892) Old regions: 435->435
[2025-11-08T01:05:49.910+0000][gc,heap       ] GC(892) Humongous regions: 147->147
[2025-11-08T01:05:49.910+0000][gc,metaspace  ] GC(892) Metaspace: 53318K(56604K)->53318K(56604K) NonClass: 47415K(49232K)->47415K(49232K) Class: 5903K(7372K)->5903K(7372K)
[2025-11-08T01:05:49.910+0000][gc            ] GC(892) Pause Young (Normal) (G1 Evacuation Pause) 615M->585M(684M) 17.297ms
[2025-11-08T01:05:49.911+0000][gc,cpu        ] GC(892) User=0.03s Sys=0.00s Real=0.02s
[2025-11-08T01:05:56.457+0000][gc,start      ] GC(893) Pause Young (Normal) (G1 Evacuation Pause)
[2025-11-08T01:05:56.457+0000][gc,task       ] GC(893) Using 2 workers of 2 for evacuation
[2025-11-08T01:05:56.488+0000][gc,mmu        ] GC(893) MMU target violated: 21.0ms (20.0ms/21.0ms)
[2025-11-08T01:05:56.488+0000][gc,phases     ] GC(893)   Pre Evacuate Collection Set: 0.0ms
[2025-11-08T01:05:56.488+0000][gc,phases     ] GC(893)   Evacuate Collection Set: 29.3ms
[2025-11-08T01:05:56.488+0000][gc,phases     ] GC(893)   Post Evacuate Collection Set: 0.9ms
[2025-11-08T01:05:56.489+0000][gc,phases     ] GC(893)   Other: 1.1ms
[2025-11-08T01:05:56.489+0000][gc,heap       ] GC(893) Eden regions: 30->0(31)
[2025-11-08T01:05:56.489+0000][gc,heap       ] GC(893) Survivor regions: 4->3(5)
[2025-11-08T01:05:56.489+0000][gc,heap       ] GC(893) Old regions: 435->436
[2025-11-08T01:05:56.490+0000][gc,heap       ] GC(893) Humongous regions: 147->147
[2025-11-08T01:05:56.490+0000][gc,metaspace  ] GC(893) Metaspace: 53318K(56604K)->53318K(56604K) NonClass: 47415K(49232K)->47415K(49232K) Class: 5903K(7372K)->5903K(7372K)
[2025-11-08T01:05:56.490+0000][gc            ] GC(893) Pause Young (Normal) (G1 Evacuation Pause) 615M->584M(684M) 33.538ms
[2025-11-08T01:05:56.491+0000][gc,cpu        ] GC(893) User=0.04s Sys=0.00s Real=0.04s
[2025-11-08T01:06:03.298+0000][gc,start      ] GC(894) Pause Young (Normal) (G1 Evacuation Pause)
[2025-11-08T01:06:03.298+0000][gc,task       ] GC(894) Using 2 workers of 2 for evacuation
[2025-11-08T01:06:03.307+0000][gc,phases     ] GC(894)   Pre Evacuate Collection Set: 0.0ms
[2025-11-08T01:06:03.307+0000][gc,phases     ] GC(894)   Evacuate Collection Set: 7.6ms
[2025-11-08T01:06:03.307+0000][gc,phases     ] GC(894)   Post Evacuate Collection Set: 0.7ms
[2025-11-08T01:06:03.308+0000][gc,phases     ] GC(894)   Other: 0.7ms
[2025-11-08T01:06:03.308+0000][gc,heap       ] GC(894) Eden regions: 31->0(32)
[2025-11-08T01:06:03.308+0000][gc,heap       ] GC(894) Survivor regions: 3->2(5)
[2025-11-08T01:06:03.308+0000][gc,heap       ] GC(894) Old regions: 436->436
[2025-11-08T01:06:03.308+0000][gc,heap       ] GC(894) Humongous regions: 147->147
[2025-11-08T01:06:03.309+0000][gc,metaspace  ] GC(894) Metaspace: 53318K(56604K)->53318K(56604K) NonClass: 47415K(49232K)->47415K(49232K) Class: 5903K(7372K)->5903K(7372K)
[2025-11-08T01:06:03.309+0000][gc            ] GC(894) Pause Young (Normal) (G1 Evacuation Pause) 615M->584M(684M) 11.160ms
[2025-11-08T01:06:03.309+0000][gc,cpu        ] GC(894) User=0.02s Sys=0.00s Real=0.01s
[2025-11-08T01:06:10.161+0000][gc,start      ] GC(895) Pause Young (Normal) (G1 Evacuation Pause)
[2025-11-08T01:06:10.161+0000][gc,task       ] GC(895) Using 2 workers of 2 for evacuation
[2025-11-08T01:06:10.170+0000][gc,phases     ] GC(895)   Pre Evacuate Collection Set: 0.0ms
[2025-11-08T01:06:10.170+0000][gc,phases     ] GC(895)   Evacuate Collection Set: 7.3ms
[2025-11-08T01:06:10.170+0000][gc,phases     ] GC(895)   Post Evacuate Collection Set: 1.3ms
[2025-11-08T01:06:10.171+0000][gc,phases     ] GC(895)   Other: 0.6ms
[2025-11-08T01:06:10.171+0000][gc,heap       ] GC(895) Eden regions: 32->0(32)
[2025-11-08T01:06:10.172+0000][gc,heap       ] GC(895) Survivor regions: 2->2(5)
[2025-11-08T01:06:10.172+0000][gc,heap       ] GC(895) Old regions: 436->436
[2025-11-08T01:06:10.172+0000][gc,heap       ] GC(895) Humongous regions: 147->147
[2025-11-08T01:06:10.172+0000][gc,metaspace  ] GC(895) Metaspace: 53318K(56604K)->53318K(56604K) NonClass: 47415K(49232K)->47415K(49232K) Class: 5903K(7372K)->5903K(7372K)
[2025-11-08T01:06:10.173+0000][gc            ] GC(895) Pause Young (Normal) (G1 Evacuation Pause) 616M->584M(684M) 11.643ms
[2025-11-08T01:06:10.173+0000][gc,cpu        ] GC(895) User=0.02s Sys=0.00s Real=0.01s
[2025-11-08T01:06:16.999+0000][gc,start      ] GC(896) Pause Young (Normal) (G1 Evacuation Pause)
[2025-11-08T01:06:17.000+0000][gc,task       ] GC(896) Using 2 workers of 2 for evacuation
[2025-11-08T01:06:17.010+0000][gc,phases     ] GC(896)   Pre Evacuate Collection Set: 0.0ms
[2025-11-08T01:06:17.010+0000][gc,phases     ] GC(896)   Evacuate Collection Set: 8.8ms
[2025-11-08T01:06:17.010+0000][gc,phases     ] GC(896)   Post Evacuate Collection Set: 0.8ms
[2025-11-08T01:06:17.010+0000][gc,phases     ] GC(896)   Other: 0.8ms
[2025-11-08T01:06:17.011+0000][gc,heap       ] GC(896) Eden regions: 32->0(30)
[2025-11-08T01:06:17.011+0000][gc,heap       ] GC(896) Survivor regions: 2->4(5)
[2025-11-08T01:06:17.011+0000][gc,heap       ] GC(896) Old regions: 436->436
[2025-11-08T01:06:17.011+0000][gc,heap       ] GC(896) Humongous regions: 147->147
[2025-11-08T01:06:17.012+0000][gc,metaspace  ] GC(896) Metaspace: 53318K(56604K)->53318K(56604K) NonClass: 47415K(49232K)->47415K(49232K) Class: 5903K(7372K)->5903K(7372K)
[2025-11-08T01:06:17.012+0000][gc            ] GC(896) Pause Young (Normal) (G1 Evacuation Pause) 616M->585M(684M) 12.410ms
[2025-11-08T01:06:17.012+0000][gc,cpu        ] GC(896) User=0.02s Sys=0.00s Real=0.02s
[2025-11-08T01:06:23.453+0000][gc,start      ] GC(897) Pause Young (Normal) (G1 Evacuation Pause)
[2025-11-08T01:06:23.454+0000][gc,task       ] GC(897) Using 2 workers of 2 for evacuation
[2025-11-08T01:06:23.477+0000][gc,mmu        ] GC(897) MMU target violated: 21.0ms (20.0ms/21.0ms)
[2025-11-08T01:06:23.478+0000][gc,phases     ] GC(897)   Pre Evacuate Collection Set: 0.0ms
[2025-11-08T01:06:23.478+0000][gc,phases     ] GC(897)   Evacuate Collection Set: 22.9ms
[2025-11-08T01:06:23.478+0000][gc,phases     ] GC(897)   Post Evacuate Collection Set: 0.6ms
[2025-11-08T01:06:23.478+0000][gc,phases     ] GC(897)   Other: 0.8ms
[2025-11-08T01:06:23.478+0000][gc,heap       ] GC(897) Eden regions: 30->0(31)
[2025-11-08T01:06:23.479+0000][gc,heap       ] GC(897) Survivor regions: 4->3(5)
[2025-11-08T01:06:23.479+0000][gc,heap       ] GC(897) Old regions: 436->437
[2025-11-08T01:06:23.479+0000][gc,heap       ] GC(897) Humongous regions: 147->147
[2025-11-08T01:06:23.479+0000][gc,metaspace  ] GC(897) Metaspace: 53318K(56604K)->53318K(56604K) NonClass: 47415K(49232K)->47415K(49232K) Class: 5903K(7372K)->5903K(7372K)
[2025-11-08T01:06:23.479+0000][gc            ] GC(897) Pause Young (Normal) (G1 Evacuation Pause) 615M->585M(684M) 25.888ms
[2025-11-08T01:06:23.479+0000][gc,cpu        ] GC(897) User=0.03s Sys=0.00s Real=0.02s
[2025-11-08T01:06:30.150+0000][gc,start      ] GC(898) Pause Young (Normal) (G1 Evacuation Pause)
[2025-11-08T01:06:30.150+0000][gc,task       ] GC(898) Using 2 workers of 2 for evacuation
[2025-11-08T01:06:30.158+0000][gc,phases     ] GC(898)   Pre Evacuate Collection Set: 0.0ms
[2025-11-08T01:06:30.158+0000][gc,phases     ] GC(898)   Evacuate Collection Set: 6.8ms
[2025-11-08T01:06:30.158+0000][gc,phases     ] GC(898)   Post Evacuate Collection Set: 0.6ms
[2025-11-08T01:06:30.159+0000][gc,phases     ] GC(898)   Other: 0.7ms
[2025-11-08T01:06:30.159+0000][gc,heap       ] GC(898) Eden regions: 31->0(32)
[2025-11-08T01:06:30.159+0000][gc,heap       ] GC(898) Survivor regions: 3->2(5)
[2025-11-08T01:06:30.159+0000][gc,heap       ] GC(898) Old regions: 437->437
[2025-11-08T01:06:30.159+0000][gc,heap       ] GC(898) Humongous regions: 147->147
[2025-11-08T01:06:30.159+0000][gc,metaspace  ] GC(898) Metaspace: 53318K(56604K)->53318K(56604K) NonClass: 47415K(49232K)->47415K(49232K) Class: 5903K(7372K)->5903K(7372K)
[2025-11-08T01:06:30.160+0000][gc            ] GC(898) Pause Young (Normal) (G1 Evacuation Pause) 616M->585M(684M) 9.673ms
[2025-11-08T01:06:30.160+0000][gc,cpu        ] GC(898) User=0.01s Sys=0.00s Real=0.01s
[2025-11-08T01:06:37.143+0000][gc,start      ] GC(899) Pause Young (Normal) (G1 Evacuation Pause)
[2025-11-08T01:06:37.143+0000][gc,task       ] GC(899) Using 2 workers of 2 for evacuation
[2025-11-08T01:06:37.155+0000][gc,phases     ] GC(899)   Pre Evacuate Collection Set: 0.0ms
[2025-11-08T01:06:37.156+0000][gc,phases     ] GC(899)   Evacuate Collection Set: 10.6ms
[2025-11-08T01:06:37.156+0000][gc,phases     ] GC(899)   Post Evacuate Collection Set: 1.1ms
[2025-11-08T01:06:37.156+0000][gc,phases     ] GC(899)   Other: 0.9ms
[2025-11-08T01:06:37.156+0000][gc,heap       ] GC(899) Eden regions: 32->0(32)
[2025-11-08T01:06:37.157+0000][gc,heap       ] GC(899) Survivor regions: 2->2(5)
[2025-11-08T01:06:37.157+0000][gc,heap       ] GC(899) Old regions: 437->437
[2025-11-08T01:06:37.157+0000][gc,heap       ] GC(899) Humongous regions: 147->147
[2025-11-08T01:06:37.157+0000][gc,metaspace  ] GC(899) Metaspace: 53318K(56604K)->53318K(56604K) NonClass: 47415K(49232K)->47415K(49232K) Class: 5903K(7372K)->5903K(7372K)
[2025-11-08T01:06:37.158+0000][gc            ] GC(899) Pause Young (Normal) (G1 Evacuation Pause) 617M->585M(684M) 14.739ms
[2025-11-08T01:06:37.158+0000][gc,cpu        ] GC(899) User=0.03s Sys=0.00s Real=0.01s
[2025-11-08T01:06:44.356+0000][gc,start      ] GC(900) Pause Young (Normal) (G1 Evacuation Pause)
[2025-11-08T01:06:44.356+0000][gc,task       ] GC(900) Using 2 workers of 2 for evacuation
[2025-11-08T01:06:44.367+0000][gc,phases     ] GC(900)   Pre Evacuate Collection Set: 0.0ms
[2025-11-08T01:06:44.367+0000][gc,phases     ] GC(900)   Evacuate Collection Set: 10.1ms
[2025-11-08T01:06:44.368+0000][gc,phases     ] GC(900)   Post Evacuate Collection Set: 0.7ms
[2025-11-08T01:06:44.368+0000][gc,phases     ] GC(900)   Other: 0.7ms
[2025-11-08T01:06:44.368+0000][gc,heap       ] GC(900) Eden regions: 32->0(30)
[2025-11-08T01:06:44.369+0000][gc,heap       ] GC(900) Survivor regions: 2->4(5)
[2025-11-08T01:06:44.369+0000][gc,heap       ] GC(900) Old regions: 437->437
[2025-11-08T01:06:44.369+0000][gc,heap       ] GC(900) Humongous regions: 147->147
[2025-11-08T01:06:44.369+0000][gc,metaspace  ] GC(900) Metaspace: 53318K(56604K)->53318K(56604K) NonClass: 47415K(49232K)->47415K(49232K) Class: 5903K(7372K)->5903K(7372K)
[2025-11-08T01:06:44.370+0000][gc            ] GC(900) Pause Young (Normal) (G1 Evacuation Pause) 617M->586M(684M) 14.174ms
[2025-11-08T01:06:44.370+0000][gc,cpu        ] GC(900) User=0.02s Sys=0.00s Real=0.01s
[2025-11-08T01:06:50.645+0000][gc,start      ] GC(901) Pause Young (Normal) (G1 Evacuation Pause)
[2025-11-08T01:06:50.646+0000][gc,task       ] GC(901) Using 2 workers of 2 for evacuation
[2025-11-08T01:06:50.689+0000][gc,mmu        ] GC(901) MMU target violated: 21.0ms (20.0ms/21.0ms)
[2025-11-08T01:06:50.690+0000][gc,phases     ] GC(901)   Pre Evacuate Collection Set: 0.0ms
[2025-11-08T01:06:50.690+0000][gc,phases     ] GC(901)   Evacuate Collection Set: 42.8ms
[2025-11-08T01:06:50.690+0000][gc,phases     ] GC(901)   Post Evacuate Collection Set: 0.7ms
[2025-11-08T01:06:50.690+0000][gc,phases     ] GC(901)   Other: 1.0ms
[2025-11-08T01:06:50.690+0000][gc,heap       ] GC(901) Eden regions: 30->0(32)
[2025-11-08T01:06:50.691+0000][gc,heap       ] GC(901) Survivor regions: 4->2(5)
[2025-11-08T01:06:50.691+0000][gc,heap       ] GC(901) Old regions: 437->438
[2025-11-08T01:06:50.691+0000][gc,heap       ] GC(901) Humongous regions: 147->147
[2025-11-08T01:06:50.691+0000][gc,metaspace  ] GC(901) Metaspace: 53318K(56604K)->53318K(56604K) NonClass: 47415K(49232K)->47415K(49232K) Class: 5903K(7372K)->5903K(7372K)
[2025-11-08T01:06:50.691+0000][gc            ] GC(901) Pause Young (Normal) (G1 Evacuation Pause) 616M->586M(684M) 46.011ms
[2025-11-08T01:06:50.692+0000][gc,cpu        ] GC(901) User=0.04s Sys=0.00s Real=0.05s
[2025-11-08T01:06:57.555+0000][gc,start      ] GC(902) Pause Young (Normal) (G1 Evacuation Pause)
[2025-11-08T01:06:57.556+0000][gc,task       ] GC(902) Using 2 workers of 2 for evacuation
[2025-11-08T01:06:57.563+0000][gc,phases     ] GC(902)   Pre Evacuate Collection Set: 0.0ms
[2025-11-08T01:06:57.564+0000][gc,phases     ] GC(902)   Evacuate Collection Set: 6.8ms
[2025-11-08T01:06:57.564+0000][gc,phases     ] GC(902)   Post Evacuate Collection Set: 0.5ms
[2025-11-08T01:06:57.564+0000][gc,phases     ] GC(902)   Other: 0.5ms
[2025-11-08T01:06:57.564+0000][gc,heap       ] GC(902) Eden regions: 32->0(32)
[2025-11-08T01:06:57.564+0000][gc,heap       ] GC(902) Survivor regions: 2->2(5)
[2025-11-08T01:06:57.564+0000][gc,heap       ] GC(902) Old regions: 438->438
[2025-11-08T01:06:57.565+0000][gc,heap       ] GC(902) Humongous regions: 147->147
[2025-11-08T01:06:57.565+0000][gc,metaspace  ] GC(902) Metaspace: 53318K(56604K)->53318K(56604K) NonClass: 47415K(49232K)->47415K(49232K) Class: 5903K(7372K)->5903K(7372K)
[2025-11-08T01:06:57.565+0000][gc            ] GC(902) Pause Young (Normal) (G1 Evacuation Pause) 618M->586M(684M) 9.539ms
[2025-11-08T01:06:57.565+0000][gc,cpu        ] GC(902) User=0.01s Sys=0.00s Real=0.01s
[2025-11-08T01:07:04.296+0000][gc,start      ] GC(903) Pause Young (Normal) (G1 Evacuation Pause)
[2025-11-08T01:07:04.296+0000][gc,task       ] GC(903) Using 2 workers of 2 for evacuation
[2025-11-08T01:07:04.304+0000][gc,phases     ] GC(903)   Pre Evacuate Collection Set: 0.0ms
[2025-11-08T01:07:04.305+0000][gc,phases     ] GC(903)   Evacuate Collection Set: 7.0ms
[2025-11-08T01:07:04.305+0000][gc,phases     ] GC(903)   Post Evacuate Collection Set: 0.7ms
[2025-11-08T01:07:04.305+0000][gc,phases     ] GC(903)   Other: 0.8ms
[2025-11-08T01:07:04.305+0000][gc,heap       ] GC(903) Eden regions: 32->0(32)
[2025-11-08T01:07:04.306+0000][gc,heap       ] GC(903) Survivor regions: 2->2(5)
[2025-11-08T01:07:04.306+0000][gc,heap       ] GC(903) Old regions: 438->438
[2025-11-08T01:07:04.306+0000][gc,heap       ] GC(903) Humongous regions: 147->147
[2025-11-08T01:07:04.306+0000][gc,metaspace  ] GC(903) Metaspace: 53318K(56604K)->53318K(56604K) NonClass: 47415K(49232K)->47415K(49232K) Class: 5903K(7372K)->5903K(7372K)
[2025-11-08T01:07:04.306+0000][gc            ] GC(903) Pause Young (Normal) (G1 Evacuation Pause) 618M->585M(684M) 10.170ms
[2025-11-08T01:07:04.306+0000][gc,cpu        ] GC(903) User=0.02s Sys=0.00s Real=0.01s
[2025-11-08T01:07:11.032+0000][gc,start      ] GC(904) Pause Young (Normal) (G1 Evacuation Pause)
[2025-11-08T01:07:11.032+0000][gc,task       ] GC(904) Using 2 workers of 2 for evacuation
[2025-11-08T01:07:11.044+0000][gc,phases     ] GC(904)   Pre Evacuate Collection Set: 0.0ms
[2025-11-08T01:07:11.044+0000][gc,phases     ] GC(904)   Evacuate Collection Set: 10.0ms
[2025-11-08T01:07:11.044+0000][gc,phases     ] GC(904)   Post Evacuate Collection Set: 1.0ms
[2025-11-08T01:07:11.045+0000][gc,phases     ] GC(904)   Other: 1.0ms
[2025-11-08T01:07:11.045+0000][gc,heap       ] GC(904) Eden regions: 32->0(30)
[2025-11-08T01:07:11.045+0000][gc,heap       ] GC(904) Survivor regions: 2->4(5)
[2025-11-08T01:07:11.046+0000][gc,heap       ] GC(904) Old regions: 438->438
[2025-11-08T01:07:11.046+0000][gc,heap       ] GC(904) Humongous regions: 147->147
[2025-11-08T01:07:11.046+0000][gc,metaspace  ] GC(904) Metaspace: 53318K(56604K)->53318K(56604K) NonClass: 47415K(49232K)->47415K(49232K) Class: 5903K(7372K)->5903K(7372K)
[2025-11-08T01:07:11.047+0000][gc            ] GC(904) Pause Young (Normal) (G1 Evacuation Pause) 617M->587M(684M) 15.115ms
[2025-11-08T01:07:11.047+0000][gc,cpu        ] GC(904) User=0.02s Sys=0.00s Real=0.01s
[2025-11-08T01:07:17.453+0000][gc,start      ] GC(905) Pause Young (Normal) (G1 Evacuation Pause)
[2025-11-08T01:07:17.454+0000][gc,task       ] GC(905) Using 2 workers of 2 for evacuation
[2025-11-08T01:07:17.479+0000][gc,mmu        ] GC(905) MMU target violated: 21.0ms (20.0ms/21.0ms)
[2025-11-08T01:07:17.479+0000][gc,phases     ] GC(905)   Pre Evacuate Collection Set: 0.0ms
[2025-11-08T01:07:17.479+0000][gc,phases     ] GC(905)   Evacuate Collection Set: 23.9ms
[2025-11-08T01:07:17.480+0000][gc,phases     ] GC(905)   Post Evacuate Collection Set: 0.7ms
[2025-11-08T01:07:17.480+0000][gc,phases     ] GC(905)   Other: 1.2ms
[2025-11-08T01:07:17.480+0000][gc,heap       ] GC(905) Eden regions: 30->0(31)
[2025-11-08T01:07:17.480+0000][gc,heap       ] GC(905) Survivor regions: 4->3(5)
[2025-11-08T01:07:17.480+0000][gc,heap       ] GC(905) Old regions: 438->438
[2025-11-08T01:07:17.480+0000][gc,heap       ] GC(905) Humongous regions: 147->147
[2025-11-08T01:07:17.480+0000][gc,metaspace  ] GC(905) Metaspace: 53318K(56604K)->53318K(56604K) NonClass: 47415K(49232K)->47415K(49232K) Class: 5903K(7372K)->5903K(7372K)
[2025-11-08T01:07:17.481+0000][gc            ] GC(905) Pause Young (Normal) (G1 Evacuation Pause) 617M->587M(684M) 27.188ms
[2025-11-08T01:07:17.481+0000][gc,cpu        ] GC(905) User=0.03s Sys=0.00s Real=0.02s
[2025-11-08T01:07:23.992+0000][gc,start      ] GC(906) Pause Young (Normal) (G1 Evacuation Pause)
[2025-11-08T01:07:23.992+0000][gc,task       ] GC(906) Using 2 workers of 2 for evacuation
[2025-11-08T01:07:24.000+0000][gc,phases     ] GC(906)   Pre Evacuate Collection Set: 0.0ms
[2025-11-08T01:07:24.001+0000][gc,phases     ] GC(906)   Evacuate Collection Set: 6.7ms
[2025-11-08T01:07:24.001+0000][gc,phases     ] GC(906)   Post Evacuate Collection Set: 0.7ms
[2025-11-08T01:07:24.001+0000][gc,phases     ] GC(906)   Other: 0.8ms
[2025-11-08T01:07:24.001+0000][gc,heap       ] GC(906) Eden regions: 31->0(32)
[2025-11-08T01:07:24.001+0000][gc,heap       ] GC(906) Survivor regions: 3->2(5)
[2025-11-08T01:07:24.001+0000][gc,heap       ] GC(906) Old regions: 438->438
[2025-11-08T01:07:24.001+0000][gc,heap       ] GC(906) Humongous regions: 147->147
[2025-11-08T01:07:24.002+0000][gc,metaspace  ] GC(906) Metaspace: 53318K(56604K)->53318K(56604K) NonClass: 47415K(49232K)->47415K(49232K) Class: 5903K(7372K)->5903K(7372K)
[2025-11-08T01:07:24.002+0000][gc            ] GC(906) Pause Young (Normal) (G1 Evacuation Pause) 618M->586M(684M) 9.799ms
[2025-11-08T01:07:24.002+0000][gc,cpu        ] GC(906) User=0.01s Sys=0.00s Real=0.01s
[2025-11-08T01:07:30.622+0000][gc,start      ] GC(907) Pause Young (Normal) (G1 Evacuation Pause)
[2025-11-08T01:07:30.623+0000][gc,task       ] GC(907) Using 2 workers of 2 for evacuation
[2025-11-08T01:07:30.634+0000][gc,phases     ] GC(907)   Pre Evacuate Collection Set: 0.0ms
[2025-11-08T01:07:30.635+0000][gc,phases     ] GC(907)   Evacuate Collection Set: 9.9ms
[2025-11-08T01:07:30.635+0000][gc,phases     ] GC(907)   Post Evacuate Collection Set: 1.0ms
[2025-11-08T01:07:30.636+0000][gc,phases     ] GC(907)   Other: 1.1ms
[2025-11-08T01:07:30.636+0000][gc,heap       ] GC(907) Eden regions: 32->0(32)
[2025-11-08T01:07:30.637+0000][gc,heap       ] GC(907) Survivor regions: 2->2(5)
[2025-11-08T01:07:30.637+0000][gc,heap       ] GC(907) Old regions: 438->438
[2025-11-08T01:07:30.637+0000][gc,heap       ] GC(907) Humongous regions: 147->147
[2025-11-08T01:07:30.637+0000][gc,metaspace  ] GC(907) Metaspace: 53318K(56604K)->53318K(56604K) NonClass: 47415K(49232K)->47415K(49232K) Class: 5903K(7372K)->5903K(7372K)
[2025-11-08T01:07:30.638+0000][gc            ] GC(907) Pause Young (Normal) (G1 Evacuation Pause) 618M->586M(684M) 15.286ms
[2025-11-08T01:07:30.638+0000][gc,cpu        ] GC(907) User=0.02s Sys=0.00s Real=0.02s
[2025-11-08T01:07:37.695+0000][gc,start      ] GC(908) Pause Young (Normal) (G1 Evacuation Pause)
[2025-11-08T01:07:37.695+0000][gc,task       ] GC(908) Using 2 workers of 2 for evacuation
[2025-11-08T01:07:37.709+0000][gc,phases     ] GC(908)   Pre Evacuate Collection Set: 0.0ms
[2025-11-08T01:07:37.709+0000][gc,phases     ] GC(908)   Evacuate Collection Set: 12.0ms
[2025-11-08T01:07:37.710+0000][gc,phases     ] GC(908)   Post Evacuate Collection Set: 0.9ms
[2025-11-08T01:07:37.711+0000][gc,phases     ] GC(908)   Other: 1.3ms
[2025-11-08T01:07:37.711+0000][gc,heap       ] GC(908) Eden regions: 32->0(30)
[2025-11-08T01:07:37.712+0000][gc,heap       ] GC(908) Survivor regions: 2->4(5)
[2025-11-08T01:07:37.712+0000][gc,heap       ] GC(908) Old regions: 438->438
[2025-11-08T01:07:37.712+0000][gc,heap       ] GC(908) Humongous regions: 147->147
[2025-11-08T01:07:37.713+0000][gc,metaspace  ] GC(908) Metaspace: 53318K(56604K)->53318K(56604K) NonClass: 47415K(49232K)->47415K(49232K) Class: 5903K(7372K)->5903K(7372K)
[2025-11-08T01:07:37.713+0000][gc            ] GC(908) Pause Young (Normal) (G1 Evacuation Pause) 618M->588M(684M) 18.521ms
[2025-11-08T01:07:37.714+0000][gc,cpu        ] GC(908) User=0.03s Sys=0.00s Real=0.02s
[2025-11-08T01:07:44.344+0000][gc,start      ] GC(909) Pause Young (Normal) (G1 Evacuation Pause)
[2025-11-08T01:07:44.344+0000][gc,task       ] GC(909) Using 2 workers of 2 for evacuation
[2025-11-08T01:07:44.372+0000][gc,mmu        ] GC(909) MMU target violated: 21.0ms (20.0ms/21.0ms)
[2025-11-08T01:07:44.372+0000][gc,phases     ] GC(909)   Pre Evacuate Collection Set: 0.0ms
[2025-11-08T01:07:44.372+0000][gc,phases     ] GC(909)   Evacuate Collection Set: 27.1ms
[2025-11-08T01:07:44.373+0000][gc,phases     ] GC(909)   Post Evacuate Collection Set: 0.6ms
[2025-11-08T01:07:44.373+0000][gc,phases     ] GC(909)   Other: 1.1ms
[2025-11-08T01:07:44.373+0000][gc,heap       ] GC(909) Eden regions: 30->0(31)
[2025-11-08T01:07:44.373+0000][gc,heap       ] GC(909) Survivor regions: 4->3(5)
[2025-11-08T01:07:44.373+0000][gc,heap       ] GC(909) Old regions: 438->439
[2025-11-08T01:07:44.374+0000][gc,heap       ] GC(909) Humongous regions: 147->147
[2025-11-08T01:07:44.374+0000][gc,metaspace  ] GC(909) Metaspace: 53318K(56604K)->53318K(56604K) NonClass: 47415K(49232K)->47415K(49232K) Class: 5903K(7372K)->5903K(7372K)
[2025-11-08T01:07:44.374+0000][gc            ] GC(909) Pause Young (Normal) (G1 Evacuation Pause) 618M->587M(684M) 30.516ms
[2025-11-08T01:07:44.374+0000][gc,cpu        ] GC(909) User=0.03s Sys=0.00s Real=0.03s
[2025-11-08T01:07:50.944+0000][gc,start      ] GC(910) Pause Young (Normal) (G1 Evacuation Pause)
[2025-11-08T01:07:50.945+0000][gc,task       ] GC(910) Using 2 workers of 2 for evacuation
[2025-11-08T01:07:50.955+0000][gc,phases     ] GC(910)   Pre Evacuate Collection Set: 0.0ms
[2025-11-08T01:07:50.955+0000][gc,phases     ] GC(910)   Evacuate Collection Set: 9.1ms
[2025-11-08T01:07:50.956+0000][gc,phases     ] GC(910)   Post Evacuate Collection Set: 1.0ms
[2025-11-08T01:07:50.956+0000][gc,phases     ] GC(910)   Other: 0.8ms
[2025-11-08T01:07:50.956+0000][gc,heap       ] GC(910) Eden regions: 31->0(32)
[2025-11-08T01:07:50.957+0000][gc,heap       ] GC(910) Survivor regions: 3->2(5)
[2025-11-08T01:07:50.957+0000][gc,heap       ] GC(910) Old regions: 439->439
[2025-11-08T01:07:50.957+0000][gc,heap       ] GC(910) Humongous regions: 147->147
[2025-11-08T01:07:50.958+0000][gc,metaspace  ] GC(910) Metaspace: 53318K(56604K)->53318K(56604K) NonClass: 47415K(49232K)->47415K(49232K) Class: 5903K(7372K)->5903K(7372K)
[2025-11-08T01:07:50.958+0000][gc            ] GC(910) Pause Young (Normal) (G1 Evacuation Pause) 618M->587M(684M) 13.595ms
[2025-11-08T01:07:50.958+0000][gc,cpu        ] GC(910) User=0.02s Sys=0.00s Real=0.01s
[2025-11-08T01:07:57.684+0000][gc,start      ] GC(911) Pause Young (Normal) (G1 Evacuation Pause)
[2025-11-08T01:07:57.684+0000][gc,task       ] GC(911) Using 2 workers of 2 for evacuation
[2025-11-08T01:07:57.691+0000][gc,phases     ] GC(911)   Pre Evacuate Collection Set: 0.0ms
[2025-11-08T01:07:57.692+0000][gc,phases     ] GC(911)   Evacuate Collection Set: 6.8ms
[2025-11-08T01:07:57.692+0000][gc,phases     ] GC(911)   Post Evacuate Collection Set: 0.6ms
[2025-11-08T01:07:57.692+0000][gc,phases     ] GC(911)   Other: 0.5ms
[2025-11-08T01:07:57.692+0000][gc,heap       ] GC(911) Eden regions: 32->0(32)
[2025-11-08T01:07:57.692+0000][gc,heap       ] GC(911) Survivor regions: 2->2(5)
[2025-11-08T01:07:57.692+0000][gc,heap       ] GC(911) Old regions: 439->439
[2025-11-08T01:07:57.693+0000][gc,heap       ] GC(911) Humongous regions: 147->147
[2025-11-08T01:07:57.693+0000][gc,metaspace  ] GC(911) Metaspace: 53318K(56604K)->53318K(56604K) NonClass: 47415K(49232K)->47415K(49232K) Class: 5903K(7372K)->5903K(7372K)
[2025-11-08T01:07:57.693+0000][gc            ] GC(911) Pause Young (Normal) (G1 Evacuation Pause) 619M->587M(684M) 9.343ms
[2025-11-08T01:07:57.693+0000][gc,cpu        ] GC(911) User=0.01s Sys=0.00s Real=0.01s
[2025-11-08T01:08:04.561+0000][gc,start      ] GC(912) Pause Young (Normal) (G1 Evacuation Pause)
[2025-11-08T01:08:04.562+0000][gc,task       ] GC(912) Using 2 workers of 2 for evacuation
[2025-11-08T01:08:04.580+0000][gc,phases     ] GC(912)   Pre Evacuate Collection Set: 0.0ms
[2025-11-08T01:08:04.580+0000][gc,phases     ] GC(912)   Evacuate Collection Set: 16.1ms
[2025-11-08T01:08:04.581+0000][gc,phases     ] GC(912)   Post Evacuate Collection Set: 1.1ms
[2025-11-08T01:08:04.581+0000][gc,phases     ] GC(912)   Other: 1.5ms
[2025-11-08T01:08:04.582+0000][gc,heap       ] GC(912) Eden regions: 32->0(30)
[2025-11-08T01:08:04.582+0000][gc,heap       ] GC(912) Survivor regions: 2->4(5)
[2025-11-08T01:08:04.582+0000][gc,heap       ] GC(912) Old regions: 439->439
[2025-11-08T01:08:04.583+0000][gc,heap       ] GC(912) Humongous regions: 147->147
[2025-11-08T01:08:04.583+0000][gc,metaspace  ] GC(912) Metaspace: 53318K(56604K)->53318K(56604K) NonClass: 47415K(49232K)->47415K(49232K) Class: 5903K(7372K)->5903K(7372K)
[2025-11-08T01:08:04.583+0000][gc            ] GC(912) Pause Young (Normal) (G1 Evacuation Pause) 619M->588M(684M) 21.995ms
[2025-11-08T01:08:04.583+0000][gc,cpu        ] GC(912) User=0.03s Sys=0.00s Real=0.03s
[2025-11-08T01:08:10.937+0000][gc,start      ] GC(913) Pause Young (Normal) (G1 Evacuation Pause)
[2025-11-08T01:08:10.937+0000][gc,task       ] GC(913) Using 2 workers of 2 for evacuation
[2025-11-08T01:08:10.957+0000][gc,phases     ] GC(913)   Pre Evacuate Collection Set: 0.0ms
[2025-11-08T01:08:10.957+0000][gc,phases     ] GC(913)   Evacuate Collection Set: 19.1ms
[2025-11-08T01:08:10.958+0000][gc,phases     ] GC(913)   Post Evacuate Collection Set: 0.5ms
[2025-11-08T01:08:10.958+0000][gc,phases     ] GC(913)   Other: 0.5ms
[2025-11-08T01:08:10.958+0000][gc,heap       ] GC(913) Eden regions: 30->0(31)
[2025-11-08T01:08:10.958+0000][gc,heap       ] GC(913) Survivor regions: 4->3(5)
[2025-11-08T01:08:10.958+0000][gc,heap       ] GC(913) Old regions: 439->440
[2025-11-08T01:08:10.958+0000][gc,heap       ] GC(913) Humongous regions: 147->147
[2025-11-08T01:08:10.958+0000][gc,metaspace  ] GC(913) Metaspace: 53318K(56604K)->53318K(56604K) NonClass: 47415K(49232K)->47415K(49232K) Class: 5903K(7372K)->5903K(7372K)
[2025-11-08T01:08:10.958+0000][gc            ] GC(913) Pause Young (Normal) (G1 Evacuation Pause) 618M->588M(684M) 21.239ms
[2025-11-08T01:08:10.959+0000][gc,cpu        ] GC(913) User=0.02s Sys=0.00s Real=0.02s
[2025-11-08T01:08:17.435+0000][gc,start      ] GC(914) Pause Young (Normal) (G1 Evacuation Pause)
[2025-11-08T01:08:17.435+0000][gc,task       ] GC(914) Using 2 workers of 2 for evacuation
[2025-11-08T01:08:17.442+0000][gc,phases     ] GC(914)   Pre Evacuate Collection Set: 0.0ms
[2025-11-08T01:08:17.443+0000][gc,phases     ] GC(914)   Evacuate Collection Set: 6.1ms
[2025-11-08T01:08:17.443+0000][gc,phases     ] GC(914)   Post Evacuate Collection Set: 0.6ms
[2025-11-08T01:08:17.443+0000][gc,phases     ] GC(914)   Other: 0.5ms
[2025-11-08T01:08:17.443+0000][gc,heap       ] GC(914) Eden regions: 31->0(32)
[2025-11-08T01:08:17.443+0000][gc,heap       ] GC(914) Survivor regions: 3->2(5)
[2025-11-08T01:08:17.443+0000][gc,heap       ] GC(914) Old regions: 440->440
[2025-11-08T01:08:17.443+0000][gc,heap       ] GC(914) Humongous regions: 147->147
[2025-11-08T01:08:17.444+0000][gc,metaspace  ] GC(914) Metaspace: 53318K(56604K)->53318K(56604K) NonClass: 47415K(49232K)->47415K(49232K) Class: 5903K(7372K)->5903K(7372K)
[2025-11-08T01:08:17.444+0000][gc            ] GC(914) Pause Young (Normal) (G1 Evacuation Pause) 619M->588M(684M) 8.522ms
[2025-11-08T01:08:17.444+0000][gc,cpu        ] GC(914) User=0.01s Sys=0.00s Real=0.01s
[2025-11-08T01:08:23.992+0000][gc,start      ] GC(915) Pause Young (Normal) (G1 Evacuation Pause)
[2025-11-08T01:08:23.993+0000][gc,task       ] GC(915) Using 2 workers of 2 for evacuation
[2025-11-08T01:08:24.001+0000][gc,phases     ] GC(915)   Pre Evacuate Collection Set: 0.0ms
[2025-11-08T01:08:24.001+0000][gc,phases     ] GC(915)   Evacuate Collection Set: 6.5ms
[2025-11-08T01:08:24.001+0000][gc,phases     ] GC(915)   Post Evacuate Collection Set: 0.8ms
[2025-11-08T01:08:24.001+0000][gc,phases     ] GC(915)   Other: 0.8ms
[2025-11-08T01:08:24.001+0000][gc,heap       ] GC(915) Eden regions: 32->0(32)
[2025-11-08T01:08:24.002+0000][gc,heap       ] GC(915) Survivor regions: 2->2(5)
[2025-11-08T01:08:24.002+0000][gc,heap       ] GC(915) Old regions: 440->440
[2025-11-08T01:08:24.002+0000][gc,heap       ] GC(915) Humongous regions: 147->147
[2025-11-08T01:08:24.002+0000][gc,metaspace  ] GC(915) Metaspace: 53318K(56604K)->53318K(56604K) NonClass: 47415K(49232K)->47415K(49232K) Class: 5903K(7372K)->5903K(7372K)
[2025-11-08T01:08:24.002+0000][gc            ] GC(915) Pause Young (Normal) (G1 Evacuation Pause) 620M->587M(684M) 9.951ms
[2025-11-08T01:08:24.003+0000][gc,cpu        ] GC(915) User=0.02s Sys=0.00s Real=0.01s
[2025-11-08T01:08:30.609+0000][gc,start      ] GC(916) Pause Young (Normal) (G1 Evacuation Pause)
[2025-11-08T01:08:30.610+0000][gc,task       ] GC(916) Using 2 workers of 2 for evacuation
[2025-11-08T01:08:30.628+0000][gc,phases     ] GC(916)   Pre Evacuate Collection Set: 0.1ms
[2025-11-08T01:08:30.628+0000][gc,phases     ] GC(916)   Evacuate Collection Set: 17.0ms
[2025-11-08T01:08:30.629+0000][gc,phases     ] GC(916)   Post Evacuate Collection Set: 0.6ms
[2025-11-08T01:08:30.629+0000][gc,phases     ] GC(916)   Other: 1.5ms
[2025-11-08T01:08:30.629+0000][gc,heap       ] GC(916) Eden regions: 32->0(30)
[2025-11-08T01:08:30.629+0000][gc,heap       ] GC(916) Survivor regions: 2->4(5)
[2025-11-08T01:08:30.629+0000][gc,heap       ] GC(916) Old regions: 440->440
[2025-11-08T01:08:30.630+0000][gc,heap       ] GC(916) Humongous regions: 147->147
[2025-11-08T01:08:30.630+0000][gc,metaspace  ] GC(916) Metaspace: 53318K(56604K)->53318K(56604K) NonClass: 47415K(49232K)->47415K(49232K) Class: 5903K(7372K)->5903K(7372K)
[2025-11-08T01:08:30.630+0000][gc            ] GC(916) Pause Young (Normal) (G1 Evacuation Pause) 619M->589M(684M) 20.779ms
[2025-11-08T01:08:30.630+0000][gc,cpu        ] GC(916) User=0.04s Sys=0.00s Real=0.02s
[2025-11-08T01:08:37.117+0000][gc,start      ] GC(917) Pause Young (Normal) (G1 Evacuation Pause)
[2025-11-08T01:08:37.118+0000][gc,task       ] GC(917) Using 2 workers of 2 for evacuation
[2025-11-08T01:08:37.152+0000][gc,mmu        ] GC(917) MMU target violated: 21.0ms (20.0ms/21.0ms)
[2025-11-08T01:08:37.152+0000][gc,phases     ] GC(917)   Pre Evacuate Collection Set: 0.0ms
[2025-11-08T01:08:37.153+0000][gc,phases     ] GC(917)   Evacuate Collection Set: 33.2ms
[2025-11-08T01:08:37.153+0000][gc,phases     ] GC(917)   Post Evacuate Collection Set: 0.7ms
[2025-11-08T01:08:37.153+0000][gc,phases     ] GC(917)   Other: 1.3ms
[2025-11-08T01:08:37.153+0000][gc,heap       ] GC(917) Eden regions: 30->0(32)
[2025-11-08T01:08:37.153+0000][gc,heap       ] GC(917) Survivor regions: 4->2(5)
[2025-11-08T01:08:37.153+0000][gc,heap       ] GC(917) Old regions: 440->441
[2025-11-08T01:08:37.153+0000][gc,heap       ] GC(917) Humongous regions: 147->147
[2025-11-08T01:08:37.154+0000][gc,metaspace  ] GC(917) Metaspace: 53318K(56604K)->53318K(56604K) NonClass: 47415K(49232K)->47415K(49232K) Class: 5903K(7372K)->5903K(7372K)
[2025-11-08T01:08:37.154+0000][gc            ] GC(917) Pause Young (Normal) (G1 Evacuation Pause) 619M->589M(684M) 36.476ms
[2025-11-08T01:08:37.154+0000][gc,cpu        ] GC(917) User=0.04s Sys=0.00s Real=0.04s
[2025-11-08T01:08:44.157+0000][gc,start      ] GC(918) Pause Young (Normal) (G1 Evacuation Pause)
[2025-11-08T01:08:44.158+0000][gc,task       ] GC(918) Using 2 workers of 2 for evacuation
[2025-11-08T01:08:44.166+0000][gc,phases     ] GC(918)   Pre Evacuate Collection Set: 0.0ms
[2025-11-08T01:08:44.166+0000][gc,phases     ] GC(918)   Evacuate Collection Set: 7.2ms
[2025-11-08T01:08:44.167+0000][gc,phases     ] GC(918)   Post Evacuate Collection Set: 0.9ms
[2025-11-08T01:08:44.167+0000][gc,phases     ] GC(918)   Other: 0.8ms
[2025-11-08T01:08:44.167+0000][gc,heap       ] GC(918) Eden regions: 32->0(32)
[2025-11-08T01:08:44.167+0000][gc,heap       ] GC(918) Survivor regions: 2->2(5)
[2025-11-08T01:08:44.167+0000][gc,heap       ] GC(918) Old regions: 441->441
[2025-11-08T01:08:44.168+0000][gc,heap       ] GC(918) Humongous regions: 147->147
[2025-11-08T01:08:44.168+0000][gc,metaspace  ] GC(918) Metaspace: 53318K(56604K)->53318K(56604K) NonClass: 47415K(49232K)->47415K(49232K) Class: 5903K(7372K)->5903K(7372K)
[2025-11-08T01:08:44.168+0000][gc            ] GC(918) Pause Young (Normal) (G1 Evacuation Pause) 621M->589M(684M) 11.076ms
[2025-11-08T01:08:44.169+0000][gc,cpu        ] GC(918) User=0.02s Sys=0.00s Real=0.01s
[2025-11-08T01:08:50.970+0000][gc,start      ] GC(919) Pause Young (Normal) (G1 Evacuation Pause)
[2025-11-08T01:08:50.971+0000][gc,task       ] GC(919) Using 2 workers of 2 for evacuation
[2025-11-08T01:08:50.978+0000][gc,phases     ] GC(919)   Pre Evacuate Collection Set: 0.0ms
[2025-11-08T01:08:50.979+0000][gc,phases     ] GC(919)   Evacuate Collection Set: 6.5ms
[2025-11-08T01:08:50.979+0000][gc,phases     ] GC(919)   Post Evacuate Collection Set: 0.8ms
[2025-11-08T01:08:50.980+0000][gc,phases     ] GC(919)   Other: 0.7ms
[2025-11-08T01:08:50.980+0000][gc,heap       ] GC(919) Eden regions: 32->0(32)
[2025-11-08T01:08:50.980+0000][gc,heap       ] GC(919) Survivor regions: 2->2(5)
[2025-11-08T01:08:50.980+0000][gc,heap       ] GC(919) Old regions: 441->441
[2025-11-08T01:08:50.981+0000][gc,heap       ] GC(919) Humongous regions: 147->147
[2025-11-08T01:08:50.981+0000][gc,metaspace  ] GC(919) Metaspace: 53318K(56604K)->53318K(56604K) NonClass: 47415K(49232K)->47415K(49232K) Class: 5903K(7372K)->5903K(7372K)
[2025-11-08T01:08:50.981+0000][gc            ] GC(919) Pause Young (Normal) (G1 Evacuation Pause) 621M->588M(684M) 10.972ms
[2025-11-08T01:08:50.982+0000][gc,cpu        ] GC(919) User=0.01s Sys=0.00s Real=0.01s
[2025-11-08T01:08:57.763+0000][gc,start      ] GC(920) Pause Young (Normal) (G1 Evacuation Pause)
[2025-11-08T01:08:57.764+0000][gc,task       ] GC(920) Using 2 workers of 2 for evacuation
[2025-11-08T01:08:57.771+0000][gc,phases     ] GC(920)   Pre Evacuate Collection Set: 0.0ms
[2025-11-08T01:08:57.771+0000][gc,phases     ] GC(920)   Evacuate Collection Set: 6.4ms
[2025-11-08T01:08:57.772+0000][gc,phases     ] GC(920)   Post Evacuate Collection Set: 0.6ms
[2025-11-08T01:08:57.772+0000][gc,phases     ] GC(920)   Other: 0.8ms
[2025-11-08T01:08:57.772+0000][gc,heap       ] GC(920) Eden regions: 32->0(32)
[2025-11-08T01:08:57.772+0000][gc,heap       ] GC(920) Survivor regions: 2->2(5)
[2025-11-08T01:08:57.772+0000][gc,heap       ] GC(920) Old regions: 441->441
[2025-11-08T01:08:57.773+0000][gc,heap       ] GC(920) Humongous regions: 147->147
[2025-11-08T01:08:57.773+0000][gc,metaspace  ] GC(920) Metaspace: 53318K(56604K)->53318K(56604K) NonClass: 47415K(49232K)->47415K(49232K) Class: 5903K(7372K)->5903K(7372K)
[2025-11-08T01:08:57.773+0000][gc            ] GC(920) Pause Young (Normal) (G1 Evacuation Pause) 620M->588M(684M) 9.342ms
[2025-11-08T01:08:57.773+0000][gc,cpu        ] GC(920) User=0.01s Sys=0.00s Real=0.01s
[2025-11-08T01:09:04.497+0000][gc,start      ] GC(921) Pause Young (Normal) (G1 Evacuation Pause)
[2025-11-08T01:09:04.498+0000][gc,task       ] GC(921) Using 2 workers of 2 for evacuation
[2025-11-08T01:09:04.508+0000][gc,phases     ] GC(921)   Pre Evacuate Collection Set: 0.0ms
[2025-11-08T01:09:04.508+0000][gc,phases     ] GC(921)   Evacuate Collection Set: 9.2ms
[2025-11-08T01:09:04.509+0000][gc,phases     ] GC(921)   Post Evacuate Collection Set: 0.7ms
[2025-11-08T01:09:04.509+0000][gc,phases     ] GC(921)   Other: 0.7ms
[2025-11-08T01:09:04.509+0000][gc,heap       ] GC(921) Eden regions: 32->0(31)
[2025-11-08T01:09:04.509+0000][gc,heap       ] GC(921) Survivor regions: 2->3(5)
[2025-11-08T01:09:04.510+0000][gc,heap       ] GC(921) Old regions: 441->441
[2025-11-08T01:09:04.510+0000][gc,heap       ] GC(921) Humongous regions: 147->147
[2025-11-08T01:09:04.510+0000][gc,metaspace  ] GC(921) Metaspace: 53318K(56604K)->53318K(56604K) NonClass: 47415K(49232K)->47415K(49232K) Class: 5903K(7372K)->5903K(7372K)
[2025-11-08T01:09:04.510+0000][gc            ] GC(921) Pause Young (Normal) (G1 Evacuation Pause) 620M->590M(684M) 12.838ms
[2025-11-08T01:09:04.511+0000][gc,cpu        ] GC(921) User=0.02s Sys=0.00s Real=0.01s
[2025-11-08T01:09:11.092+0000][gc,start      ] GC(922) Pause Young (Normal) (G1 Evacuation Pause)
[2025-11-08T01:09:11.092+0000][gc,task       ] GC(922) Using 2 workers of 2 for evacuation
[2025-11-08T01:09:11.108+0000][gc,phases     ] GC(922)   Pre Evacuate Collection Set: 0.0ms
[2025-11-08T01:09:11.108+0000][gc,phases     ] GC(922)   Evacuate Collection Set: 15.1ms
[2025-11-08T01:09:11.108+0000][gc,phases     ] GC(922)   Post Evacuate Collection Set: 0.5ms
[2025-11-08T01:09:11.109+0000][gc,phases     ] GC(922)   Other: 0.6ms
[2025-11-08T01:09:11.109+0000][gc,heap       ] GC(922) Eden regions: 31->0(31)
[2025-11-08T01:09:11.109+0000][gc,heap       ] GC(922) Survivor regions: 3->3(5)
[2025-11-08T01:09:11.109+0000][gc,heap       ] GC(922) Old regions: 441->441
[2025-11-08T01:09:11.109+0000][gc,heap       ] GC(922) Humongous regions: 147->147
[2025-11-08T01:09:11.109+0000][gc,metaspace  ] GC(922) Metaspace: 53318K(56604K)->53318K(56604K) NonClass: 47415K(49232K)->47415K(49232K) Class: 5903K(7372K)->5903K(7372K)
[2025-11-08T01:09:11.109+0000][gc            ] GC(922) Pause Young (Normal) (G1 Evacuation Pause) 621M->589M(684M) 17.597ms
[2025-11-08T01:09:11.110+0000][gc,cpu        ] GC(922) User=0.02s Sys=0.00s Real=0.02s
[2025-11-08T01:09:17.599+0000][gc,start      ] GC(923) Pause Young (Normal) (G1 Evacuation Pause)
[2025-11-08T01:09:17.599+0000][gc,task       ] GC(923) Using 2 workers of 2 for evacuation
[2025-11-08T01:09:17.608+0000][gc,phases     ] GC(923)   Pre Evacuate Collection Set: 0.0ms
[2025-11-08T01:09:17.608+0000][gc,phases     ] GC(923)   Evacuate Collection Set: 7.9ms
[2025-11-08T01:09:17.609+0000][gc,phases     ] GC(923)   Post Evacuate Collection Set: 0.8ms
[2025-11-08T01:09:17.609+0000][gc,phases     ] GC(923)   Other: 0.5ms
[2025-11-08T01:09:17.609+0000][gc,heap       ] GC(923) Eden regions: 31->0(32)
[2025-11-08T01:09:17.609+0000][gc,heap       ] GC(923) Survivor regions: 3->2(5)
[2025-11-08T01:09:17.609+0000][gc,heap       ] GC(923) Old regions: 441->441
[2025-11-08T01:09:17.610+0000][gc,heap       ] GC(923) Humongous regions: 147->147
[2025-11-08T01:09:17.610+0000][gc,metaspace  ] GC(923) Metaspace: 53318K(56604K)->53318K(56604K) NonClass: 47415K(49232K)->47415K(49232K) Class: 5903K(7372K)->5903K(7372K)
[2025-11-08T01:09:17.610+0000][gc            ] GC(923) Pause Young (Normal) (G1 Evacuation Pause) 620M->589M(684M) 11.645ms
[2025-11-08T01:09:17.611+0000][gc,cpu        ] GC(923) User=0.02s Sys=0.00s Real=0.01s
[2025-11-08T01:09:24.346+0000][gc,start      ] GC(924) Pause Young (Normal) (G1 Evacuation Pause)
[2025-11-08T01:09:24.347+0000][gc,task       ] GC(924) Using 2 workers of 2 for evacuation
[2025-11-08T01:09:24.355+0000][gc,phases     ] GC(924)   Pre Evacuate Collection Set: 0.0ms
[2025-11-08T01:09:24.355+0000][gc,phases     ] GC(924)   Evacuate Collection Set: 7.3ms
[2025-11-08T01:09:24.356+0000][gc,phases     ] GC(924)   Post Evacuate Collection Set: 0.7ms
[2025-11-08T01:09:24.356+0000][gc,phases     ] GC(924)   Other: 0.8ms
[2025-11-08T01:09:24.356+0000][gc,heap       ] GC(924) Eden regions: 32->0(32)
[2025-11-08T01:09:24.356+0000][gc,heap       ] GC(924) Survivor regions: 2->2(5)
[2025-11-08T01:09:24.356+0000][gc,heap       ] GC(924) Old regions: 441->441
[2025-11-08T01:09:24.356+0000][gc,heap       ] GC(924) Humongous regions: 147->147
[2025-11-08T01:09:24.357+0000][gc,metaspace  ] GC(924) Metaspace: 53318K(56604K)->53318K(56604K) NonClass: 47415K(49232K)->47415K(49232K) Class: 5903K(7372K)->5903K(7372K)
[2025-11-08T01:09:24.357+0000][gc            ] GC(924) Pause Young (Normal) (G1 Evacuation Pause) 621M->589M(684M) 10.447ms
[2025-11-08T01:09:24.357+0000][gc,cpu        ] GC(924) User=0.02s Sys=0.00s Real=0.02s
[2025-11-08T01:09:31.061+0000][gc,start      ] GC(925) Pause Young (Normal) (G1 Evacuation Pause)
[2025-11-08T01:09:31.061+0000][gc,task       ] GC(925) Using 2 workers of 2 for evacuation
[2025-11-08T01:09:31.070+0000][gc,phases     ] GC(925)   Pre Evacuate Collection Set: 0.0ms
[2025-11-08T01:09:31.071+0000][gc,phases     ] GC(925)   Evacuate Collection Set: 8.4ms
[2025-11-08T01:09:31.071+0000][gc,phases     ] GC(925)   Post Evacuate Collection Set: 0.6ms
[2025-11-08T01:09:31.071+0000][gc,phases     ] GC(925)   Other: 0.6ms
[2025-11-08T01:09:31.071+0000][gc,heap       ] GC(925) Eden regions: 32->0(30)
[2025-11-08T01:09:31.071+0000][gc,heap       ] GC(925) Survivor regions: 2->4(5)
[2025-11-08T01:09:31.071+0000][gc,heap       ] GC(925) Old regions: 441->441
[2025-11-08T01:09:31.072+0000][gc,heap       ] GC(925) Humongous regions: 147->147
[2025-11-08T01:09:31.072+0000][gc,metaspace  ] GC(925) Metaspace: 53318K(56604K)->53318K(56604K) NonClass: 47415K(49232K)->47415K(49232K) Class: 5903K(7372K)->5903K(7372K)
[2025-11-08T01:09:31.072+0000][gc            ] GC(925) Pause Young (Normal) (G1 Evacuation Pause) 621M->591M(684M) 11.190ms
[2025-11-08T01:09:31.072+0000][gc,cpu        ] GC(925) User=0.01s Sys=0.00s Real=0.01s
[2025-11-08T01:09:37.491+0000][gc,start      ] GC(926) Pause Young (Normal) (G1 Evacuation Pause)
[2025-11-08T01:09:37.491+0000][gc,task       ] GC(926) Using 2 workers of 2 for evacuation
[2025-11-08T01:09:37.528+0000][gc,mmu        ] GC(926) MMU target violated: 21.0ms (20.0ms/21.0ms)
[2025-11-08T01:09:37.528+0000][gc,phases     ] GC(926)   Pre Evacuate Collection Set: 0.0ms
[2025-11-08T01:09:37.528+0000][gc,phases     ] GC(926)   Evacuate Collection Set: 34.9ms
[2025-11-08T01:09:37.528+0000][gc,phases     ] GC(926)   Post Evacuate Collection Set: 0.7ms
[2025-11-08T01:09:37.528+0000][gc,phases     ] GC(926)   Other: 1.4ms
[2025-11-08T01:09:37.529+0000][gc,heap       ] GC(926) Eden regions: 30->0(32)
[2025-11-08T01:09:37.529+0000][gc,heap       ] GC(926) Survivor regions: 4->2(5)
[2025-11-08T01:09:37.529+0000][gc,heap       ] GC(926) Old regions: 441->442
[2025-11-08T01:09:37.529+0000][gc,heap       ] GC(926) Humongous regions: 147->147
[2025-11-08T01:09:37.529+0000][gc,metaspace  ] GC(926) Metaspace: 53318K(56604K)->53318K(56604K) NonClass: 47415K(49232K)->47415K(49232K) Class: 5903K(7372K)->5903K(7372K)
[2025-11-08T01:09:37.529+0000][gc            ] GC(926) Pause Young (Normal) (G1 Evacuation Pause) 621M->590M(684M) 38.445ms
[2025-11-08T01:09:37.530+0000][gc,cpu        ] GC(926) User=0.04s Sys=0.00s Real=0.04s
[2025-11-08T01:09:44.542+0000][gc,start      ] GC(927) Pause Young (Normal) (G1 Evacuation Pause)
[2025-11-08T01:09:44.542+0000][gc,task       ] GC(927) Using 2 workers of 2 for evacuation
[2025-11-08T01:09:44.550+0000][gc,phases     ] GC(927)   Pre Evacuate Collection Set: 0.0ms
[2025-11-08T01:09:44.551+0000][gc,phases     ] GC(927)   Evacuate Collection Set: 7.5ms
[2025-11-08T01:09:44.551+0000][gc,phases     ] GC(927)   Post Evacuate Collection Set: 0.7ms
[2025-11-08T01:09:44.551+0000][gc,phases     ] GC(927)   Other: 0.6ms
[2025-11-08T01:09:44.552+0000][gc,heap       ] GC(927) Eden regions: 32->0(32)
[2025-11-08T01:09:44.552+0000][gc,heap       ] GC(927) Survivor regions: 2->2(5)
[2025-11-08T01:09:44.552+0000][gc,heap       ] GC(927) Old regions: 442->442
[2025-11-08T01:09:44.552+0000][gc,heap       ] GC(927) Humongous regions: 147->147
[2025-11-08T01:09:44.552+0000][gc,metaspace  ] GC(927) Metaspace: 53318K(56604K)->53318K(56604K) NonClass: 47415K(49232K)->47415K(49232K) Class: 5903K(7372K)->5903K(7372K)
[2025-11-08T01:09:44.553+0000][gc            ] GC(927) Pause Young (Normal) (G1 Evacuation Pause) 622M->590M(684M) 11.176ms
[2025-11-08T01:09:44.553+0000][gc,cpu        ] GC(927) User=0.01s Sys=0.00s Real=0.01s
[2025-11-08T01:09:51.429+0000][gc,start      ] GC(928) Pause Young (Normal) (G1 Evacuation Pause)
[2025-11-08T01:09:51.429+0000][gc,task       ] GC(928) Using 2 workers of 2 for evacuation
[2025-11-08T01:09:51.438+0000][gc,phases     ] GC(928)   Pre Evacuate Collection Set: 0.0ms
[2025-11-08T01:09:51.438+0000][gc,phases     ] GC(928)   Evacuate Collection Set: 7.8ms
[2025-11-08T01:09:51.439+0000][gc,phases     ] GC(928)   Post Evacuate Collection Set: 0.8ms
[2025-11-08T01:09:51.439+0000][gc,phases     ] GC(928)   Other: 0.8ms
[2025-11-08T01:09:51.439+0000][gc,heap       ] GC(928) Eden regions: 32->0(32)
[2025-11-08T01:09:51.439+0000][gc,heap       ] GC(928) Survivor regions: 2->2(5)
[2025-11-08T01:09:51.439+0000][gc,heap       ] GC(928) Old regions: 442->442
[2025-11-08T01:09:51.440+0000][gc,heap       ] GC(928) Humongous regions: 147->147
[2025-11-08T01:09:51.440+0000][gc,metaspace  ] GC(928) Metaspace: 53318K(56604K)->53318K(56604K) NonClass: 47415K(49232K)->47415K(49232K) Class: 5903K(7372K)->5903K(7372K)
[2025-11-08T01:09:51.440+0000][gc            ] GC(928) Pause Young (Normal) (G1 Evacuation Pause) 622M->590M(684M) 11.279ms
[2025-11-08T01:09:51.440+0000][gc,cpu        ] GC(928) User=0.02s Sys=0.00s Real=0.01s
[2025-11-08T01:09:58.380+0000][gc,start      ] GC(929) Pause Young (Normal) (G1 Evacuation Pause)
[2025-11-08T01:09:58.380+0000][gc,task       ] GC(929) Using 2 workers of 2 for evacuation
[2025-11-08T01:09:58.390+0000][gc,phases     ] GC(929)   Pre Evacuate Collection Set: 0.0ms
[2025-11-08T01:09:58.390+0000][gc,phases     ] GC(929)   Evacuate Collection Set: 9.2ms
[2025-11-08T01:09:58.391+0000][gc,phases     ] GC(929)   Post Evacuate Collection Set: 0.7ms
[2025-11-08T01:09:58.391+0000][gc,phases     ] GC(929)   Other: 0.7ms
[2025-11-08T01:09:58.391+0000][gc,heap       ] GC(929) Eden regions: 32->0(30)
[2025-11-08T01:09:58.391+0000][gc,heap       ] GC(929) Survivor regions: 2->4(5)
[2025-11-08T01:09:58.391+0000][gc,heap       ] GC(929) Old regions: 442->442
[2025-11-08T01:09:58.391+0000][gc,heap       ] GC(929) Humongous regions: 147->147
[2025-11-08T01:09:58.392+0000][gc,metaspace  ] GC(929) Metaspace: 53318K(56604K)->53318K(56604K) NonClass: 47415K(49232K)->47415K(49232K) Class: 5903K(7372K)->5903K(7372K)
[2025-11-08T01:09:58.392+0000][gc            ] GC(929) Pause Young (Normal) (G1 Evacuation Pause) 622M->591M(684M) 12.226ms
[2025-11-08T01:09:58.392+0000][gc,cpu        ] GC(929) User=0.02s Sys=0.00s Real=0.01s
[2025-11-08T01:10:04.725+0000][gc,start      ] GC(930) Pause Young (Normal) (G1 Evacuation Pause)
[2025-11-08T01:10:04.726+0000][gc,task       ] GC(930) Using 2 workers of 2 for evacuation
[2025-11-08T01:10:04.751+0000][gc,mmu        ] GC(930) MMU target violated: 21.0ms (20.0ms/21.0ms)
[2025-11-08T01:10:04.751+0000][gc,phases     ] GC(930)   Pre Evacuate Collection Set: 0.0ms
[2025-11-08T01:10:04.751+0000][gc,phases     ] GC(930)   Evacuate Collection Set: 23.9ms
[2025-11-08T01:10:04.752+0000][gc,phases     ] GC(930)   Post Evacuate Collection Set: 0.6ms
[2025-11-08T01:10:04.752+0000][gc,phases     ] GC(930)   Other: 1.0ms
[2025-11-08T01:10:04.752+0000][gc,heap       ] GC(930) Eden regions: 30->0(32)
[2025-11-08T01:10:04.752+0000][gc,heap       ] GC(930) Survivor regions: 4->2(5)
[2025-11-08T01:10:04.752+0000][gc,heap       ] GC(930) Old regions: 442->443
[2025-11-08T01:10:04.752+0000][gc,heap       ] GC(930) Humongous regions: 147->147
[2025-11-08T01:10:04.753+0000][gc,metaspace  ] GC(930) Metaspace: 53318K(56604K)->53318K(56604K) NonClass: 47415K(49232K)->47415K(49232K) Class: 5903K(7372K)->5903K(7372K)
[2025-11-08T01:10:04.753+0000][gc            ] GC(930) Pause Young (Normal) (G1 Evacuation Pause) 621M->591M(684M) 27.246ms
[2025-11-08T01:10:04.753+0000][gc,cpu        ] GC(930) User=0.03s Sys=0.01s Real=0.03s
[2025-11-08T01:10:11.639+0000][gc,start      ] GC(931) Pause Young (Normal) (G1 Evacuation Pause)
[2025-11-08T01:10:11.639+0000][gc,task       ] GC(931) Using 2 workers of 2 for evacuation
[2025-11-08T01:10:11.651+0000][gc,phases     ] GC(931)   Pre Evacuate Collection Set: 0.0ms
[2025-11-08T01:10:11.651+0000][gc,phases     ] GC(931)   Evacuate Collection Set: 8.1ms
[2025-11-08T01:10:11.651+0000][gc,phases     ] GC(931)   Post Evacuate Collection Set: 3.0ms
[2025-11-08T01:10:11.652+0000][gc,phases     ] GC(931)   Other: 0.9ms
[2025-11-08T01:10:11.652+0000][gc,heap       ] GC(931) Eden regions: 32->0(32)
[2025-11-08T01:10:11.652+0000][gc,heap       ] GC(931) Survivor regions: 2->2(5)
[2025-11-08T01:10:11.652+0000][gc,heap       ] GC(931) Old regions: 443->443
[2025-11-08T01:10:11.653+0000][gc,heap       ] GC(931) Humongous regions: 147->147
[2025-11-08T01:10:11.653+0000][gc,metaspace  ] GC(931) Metaspace: 53318K(56604K)->53318K(56604K) NonClass: 47415K(49232K)->47415K(49232K) Class: 5903K(7372K)->5903K(7372K)
[2025-11-08T01:10:11.653+0000][gc            ] GC(931) Pause Young (Normal) (G1 Evacuation Pause) 623M->591M(684M) 14.519ms
[2025-11-08T01:10:11.653+0000][gc,cpu        ] GC(931) User=0.02s Sys=0.00s Real=0.01s
[2025-11-08T01:10:18.544+0000][gc,start      ] GC(932) Pause Young (Normal) (G1 Evacuation Pause)
[2025-11-08T01:10:18.544+0000][gc,task       ] GC(932) Using 2 workers of 2 for evacuation
[2025-11-08T01:10:18.555+0000][gc,phases     ] GC(932)   Pre Evacuate Collection Set: 0.0ms
[2025-11-08T01:10:18.555+0000][gc,phases     ] GC(932)   Evacuate Collection Set: 8.9ms
[2025-11-08T01:10:18.555+0000][gc,phases     ] GC(932)   Post Evacuate Collection Set: 1.0ms
[2025-11-08T01:10:18.556+0000][gc,phases     ] GC(932)   Other: 1.1ms
[2025-11-08T01:10:18.556+0000][gc,heap       ] GC(932) Eden regions: 32->0(32)
[2025-11-08T01:10:18.556+0000][gc,heap       ] GC(932) Survivor regions: 2->2(5)
[2025-11-08T01:10:18.556+0000][gc,heap       ] GC(932) Old regions: 443->443
[2025-11-08T01:10:18.557+0000][gc,heap       ] GC(932) Humongous regions: 147->147
[2025-11-08T01:10:18.557+0000][gc,metaspace  ] GC(932) Metaspace: 53318K(56604K)->53318K(56604K) NonClass: 47415K(49232K)->47415K(49232K) Class: 5903K(7372K)->5903K(7372K)
[2025-11-08T01:10:18.557+0000][gc            ] GC(932) Pause Young (Normal) (G1 Evacuation Pause) 623M->591M(684M) 13.570ms
[2025-11-08T01:10:18.558+0000][gc,cpu        ] GC(932) User=0.02s Sys=0.00s Real=0.02s
[2025-11-08T01:10:25.336+0000][gc,start      ] GC(933) Pause Young (Normal) (G1 Evacuation Pause)
[2025-11-08T01:10:25.336+0000][gc,task       ] GC(933) Using 2 workers of 2 for evacuation
[2025-11-08T01:10:25.345+0000][gc,phases     ] GC(933)   Pre Evacuate Collection Set: 0.0ms
[2025-11-08T01:10:25.345+0000][gc,phases     ] GC(933)   Evacuate Collection Set: 7.3ms
[2025-11-08T01:10:25.346+0000][gc,phases     ] GC(933)   Post Evacuate Collection Set: 0.8ms
[2025-11-08T01:10:25.346+0000][gc,phases     ] GC(933)   Other: 0.9ms
[2025-11-08T01:10:25.346+0000][gc,heap       ] GC(933) Eden regions: 32->0(32)
[2025-11-08T01:10:25.347+0000][gc,heap       ] GC(933) Survivor regions: 2->2(5)
[2025-11-08T01:10:25.347+0000][gc,heap       ] GC(933) Old regions: 443->443
[2025-11-08T01:10:25.348+0000][gc,heap       ] GC(933) Humongous regions: 147->147
[2025-11-08T01:10:25.348+0000][gc,metaspace  ] GC(933) Metaspace: 53318K(56604K)->53318K(56604K) NonClass: 47415K(49232K)->47415K(49232K) Class: 5903K(7372K)->5903K(7372K)
[2025-11-08T01:10:25.348+0000][gc            ] GC(933) Pause Young (Normal) (G1 Evacuation Pause) 623M->590M(684M) 12.307ms
[2025-11-08T01:10:25.348+0000][gc,cpu        ] GC(933) User=0.02s Sys=0.00s Real=0.02s
[2025-11-08T01:10:32.209+0000][gc,start      ] GC(934) Pause Young (Normal) (G1 Evacuation Pause)
[2025-11-08T01:10:32.209+0000][gc,task       ] GC(934) Using 2 workers of 2 for evacuation
[2025-11-08T01:10:32.233+0000][gc,mmu        ] GC(934) MMU target violated: 21.0ms (20.0ms/21.0ms)
[2025-11-08T01:10:32.233+0000][gc,phases     ] GC(934)   Pre Evacuate Collection Set: 0.0ms
[2025-11-08T01:10:32.233+0000][gc,phases     ] GC(934)   Evacuate Collection Set: 21.6ms
[2025-11-08T01:10:32.233+0000][gc,phases     ] GC(934)   Post Evacuate Collection Set: 0.9ms
[2025-11-08T01:10:32.234+0000][gc,phases     ] GC(934)   Other: 1.1ms
[2025-11-08T01:10:32.234+0000][gc,heap       ] GC(934) Eden regions: 32->0(30)
[2025-11-08T01:10:32.234+0000][gc,heap       ] GC(934) Survivor regions: 2->4(5)
[2025-11-08T01:10:32.234+0000][gc,heap       ] GC(934) Old regions: 443->443
[2025-11-08T01:10:32.235+0000][gc,heap       ] GC(934) Humongous regions: 147->147
[2025-11-08T01:10:32.235+0000][gc,metaspace  ] GC(934) Metaspace: 53318K(56604K)->53318K(56604K) NonClass: 47415K(49232K)->47415K(49232K) Class: 5903K(7372K)->5903K(7372K)
[2025-11-08T01:10:32.235+0000][gc            ] GC(934) Pause Young (Normal) (G1 Evacuation Pause) 622M->592M(684M) 26.014ms
[2025-11-08T01:10:32.236+0000][gc,cpu        ] GC(934) User=0.04s Sys=0.01s Real=0.02s
[2025-11-08T01:10:38.953+0000][gc,start      ] GC(935) Pause Young (Normal) (G1 Evacuation Pause)
[2025-11-08T01:10:38.953+0000][gc,task       ] GC(935) Using 2 workers of 2 for evacuation
[2025-11-08T01:10:39.002+0000][gc,mmu        ] GC(935) MMU target violated: 21.0ms (20.0ms/21.0ms)
[2025-11-08T01:10:39.002+0000][gc,phases     ] GC(935)   Pre Evacuate Collection Set: 0.0ms
[2025-11-08T01:10:39.002+0000][gc,phases     ] GC(935)   Evacuate Collection Set: 46.4ms
[2025-11-08T01:10:39.003+0000][gc,phases     ] GC(935)   Post Evacuate Collection Set: 0.9ms
[2025-11-08T01:10:39.003+0000][gc,phases     ] GC(935)   Other: 1.9ms
[2025-11-08T01:10:39.003+0000][gc,heap       ] GC(935) Eden regions: 30->0(31)
[2025-11-08T01:10:39.004+0000][gc,heap       ] GC(935) Survivor regions: 4->3(5)
[2025-11-08T01:10:39.004+0000][gc,heap       ] GC(935) Old regions: 443->444
[2025-11-08T01:10:39.005+0000][gc,heap       ] GC(935) Humongous regions: 147->147
[2025-11-08T01:10:39.005+0000][gc,metaspace  ] GC(935) Metaspace: 53318K(56604K)->53318K(56604K) NonClass: 47415K(49232K)->47415K(49232K) Class: 5903K(7372K)->5903K(7372K)
[2025-11-08T01:10:39.005+0000][gc            ] GC(935) Pause Young (Normal) (G1 Evacuation Pause) 622M->592M(684M) 52.473ms
[2025-11-08T01:10:39.007+0000][gc,cpu        ] GC(935) User=0.05s Sys=0.00s Real=0.05s
[2025-11-08T01:10:45.856+0000][gc,start      ] GC(936) Pause Young (Normal) (G1 Evacuation Pause)
[2025-11-08T01:10:45.856+0000][gc,task       ] GC(936) Using 2 workers of 2 for evacuation
[2025-11-08T01:10:45.865+0000][gc,phases     ] GC(936)   Pre Evacuate Collection Set: 0.0ms
[2025-11-08T01:10:45.866+0000][gc,phases     ] GC(936)   Evacuate Collection Set: 8.1ms
[2025-11-08T01:10:45.866+0000][gc,phases     ] GC(936)   Post Evacuate Collection Set: 0.8ms
[2025-11-08T01:10:45.866+0000][gc,phases     ] GC(936)   Other: 0.7ms
[2025-11-08T01:10:45.866+0000][gc,heap       ] GC(936) Eden regions: 31->0(32)
[2025-11-08T01:10:45.867+0000][gc,heap       ] GC(936) Survivor regions: 3->2(5)
[2025-11-08T01:10:45.867+0000][gc,heap       ] GC(936) Old regions: 444->444
[2025-11-08T01:10:45.867+0000][gc,heap       ] GC(936) Humongous regions: 147->147
[2025-11-08T01:10:45.868+0000][gc,metaspace  ] GC(936) Metaspace: 53318K(56604K)->53318K(56604K) NonClass: 47415K(49232K)->47415K(49232K) Class: 5903K(7372K)->5903K(7372K)
[2025-11-08T01:10:45.868+0000][gc            ] GC(936) Pause Young (Normal) (G1 Evacuation Pause) 623M->591M(684M) 12.159ms
[2025-11-08T01:10:45.868+0000][gc,cpu        ] GC(936) User=0.02s Sys=0.00s Real=0.02s
[2025-11-08T01:10:52.810+0000][gc,start      ] GC(937) Pause Young (Normal) (G1 Evacuation Pause)
[2025-11-08T01:10:52.810+0000][gc,task       ] GC(937) Using 2 workers of 2 for evacuation
[2025-11-08T01:10:52.819+0000][gc,phases     ] GC(937)   Pre Evacuate Collection Set: 0.0ms
[2025-11-08T01:10:52.819+0000][gc,phases     ] GC(937)   Evacuate Collection Set: 7.7ms
[2025-11-08T01:10:52.819+0000][gc,phases     ] GC(937)   Post Evacuate Collection Set: 1.0ms
[2025-11-08T01:10:52.820+0000][gc,phases     ] GC(937)   Other: 0.7ms
[2025-11-08T01:10:52.820+0000][gc,heap       ] GC(937) Eden regions: 32->0(32)
[2025-11-08T01:10:52.820+0000][gc,heap       ] GC(937) Survivor regions: 2->2(5)
[2025-11-08T01:10:52.820+0000][gc,heap       ] GC(937) Old regions: 444->444
[2025-11-08T01:10:52.821+0000][gc,heap       ] GC(937) Humongous regions: 147->147
[2025-11-08T01:10:52.821+0000][gc,metaspace  ] GC(937) Metaspace: 53318K(56604K)->53318K(56604K) NonClass: 47415K(49232K)->47415K(49232K) Class: 5903K(7372K)->5903K(7372K)
[2025-11-08T01:10:52.821+0000][gc            ] GC(937) Pause Young (Normal) (G1 Evacuation Pause) 623M->591M(684M) 11.350ms
[2025-11-08T01:10:52.821+0000][gc,cpu        ] GC(937) User=0.01s Sys=0.00s Real=0.01s
[2025-11-08T01:10:59.693+0000][gc,start      ] GC(938) Pause Young (Normal) (G1 Evacuation Pause)
[2025-11-08T01:10:59.694+0000][gc,task       ] GC(938) Using 2 workers of 2 for evacuation
[2025-11-08T01:10:59.705+0000][gc,phases     ] GC(938)   Pre Evacuate Collection Set: 0.0ms
[2025-11-08T01:10:59.706+0000][gc,phases     ] GC(938)   Evacuate Collection Set: 10.5ms
[2025-11-08T01:10:59.706+0000][gc,phases     ] GC(938)   Post Evacuate Collection Set: 0.7ms
[2025-11-08T01:10:59.706+0000][gc,phases     ] GC(938)   Other: 0.8ms
[2025-11-08T01:10:59.706+0000][gc,heap       ] GC(938) Eden regions: 32->0(30)
[2025-11-08T01:10:59.707+0000][gc,heap       ] GC(938) Survivor regions: 2->4(5)
[2025-11-08T01:10:59.707+0000][gc,heap       ] GC(938) Old regions: 444->444
[2025-11-08T01:10:59.707+0000][gc,heap       ] GC(938) Humongous regions: 147->147
[2025-11-08T01:10:59.707+0000][gc,metaspace  ] GC(938) Metaspace: 53318K(56604K)->53318K(56604K) NonClass: 47415K(49232K)->47415K(49232K) Class: 5903K(7372K)->5903K(7372K)
[2025-11-08T01:10:59.708+0000][gc            ] GC(938) Pause Young (Normal) (G1 Evacuation Pause) 623M->593M(684M) 14.283ms
[2025-11-08T01:10:59.708+0000][gc,cpu        ] GC(938) User=0.03s Sys=0.00s Real=0.02s
[2025-11-08T01:11:06.038+0000][gc,start      ] GC(939) Pause Young (Normal) (G1 Evacuation Pause)
[2025-11-08T01:11:06.039+0000][gc,task       ] GC(939) Using 2 workers of 2 for evacuation
[2025-11-08T01:11:06.073+0000][gc,mmu        ] GC(939) MMU target violated: 21.0ms (20.0ms/21.0ms)
[2025-11-08T01:11:06.073+0000][gc,phases     ] GC(939)   Pre Evacuate Collection Set: 0.0ms
[2025-11-08T01:11:06.073+0000][gc,phases     ] GC(939)   Evacuate Collection Set: 32.5ms
[2025-11-08T01:11:06.073+0000][gc,phases     ] GC(939)   Post Evacuate Collection Set: 0.7ms
[2025-11-08T01:11:06.074+0000][gc,phases     ] GC(939)   Other: 1.4ms
[2025-11-08T01:11:06.074+0000][gc,heap       ] GC(939) Eden regions: 30->0(31)
[2025-11-08T01:11:06.074+0000][gc,heap       ] GC(939) Survivor regions: 4->3(5)
[2025-11-08T01:11:06.075+0000][gc,heap       ] GC(939) Old regions: 444->444
[2025-11-08T01:11:06.075+0000][gc,heap       ] GC(939) Humongous regions: 147->147
[2025-11-08T01:11:06.075+0000][gc,metaspace  ] GC(939) Metaspace: 53318K(56604K)->53318K(56604K) NonClass: 47415K(49232K)->47415K(49232K) Class: 5903K(7372K)->5903K(7372K)
[2025-11-08T01:11:06.075+0000][gc            ] GC(939) Pause Young (Normal) (G1 Evacuation Pause) 623M->593M(684M) 36.998ms
[2025-11-08T01:11:06.076+0000][gc,cpu        ] GC(939) User=0.03s Sys=0.00s Real=0.03s
[2025-11-08T01:11:12.754+0000][gc,start      ] GC(940) Pause Young (Normal) (G1 Evacuation Pause)
[2025-11-08T01:11:12.754+0000][gc,task       ] GC(940) Using 2 workers of 2 for evacuation
[2025-11-08T01:11:12.762+0000][gc,phases     ] GC(940)   Pre Evacuate Collection Set: 0.0ms
[2025-11-08T01:11:12.762+0000][gc,phases     ] GC(940)   Evacuate Collection Set: 7.3ms
[2025-11-08T01:11:12.763+0000][gc,phases     ] GC(940)   Post Evacuate Collection Set: 0.7ms
[2025-11-08T01:11:12.763+0000][gc,phases     ] GC(940)   Other: 0.7ms
[2025-11-08T01:11:12.763+0000][gc,heap       ] GC(940) Eden regions: 31->0(32)
[2025-11-08T01:11:12.763+0000][gc,heap       ] GC(940) Survivor regions: 3->2(5)
[2025-11-08T01:11:12.764+0000][gc,heap       ] GC(940) Old regions: 444->444
[2025-11-08T01:11:12.764+0000][gc,heap       ] GC(940) Humongous regions: 147->147
[2025-11-08T01:11:12.764+0000][gc,metaspace  ] GC(940) Metaspace: 53318K(56604K)->53318K(56604K) NonClass: 47415K(49232K)->47415K(49232K) Class: 5903K(7372K)->5903K(7372K)
[2025-11-08T01:11:12.764+0000][gc            ] GC(940) Pause Young (Normal) (G1 Evacuation Pause) 624M->592M(684M) 10.773ms
[2025-11-08T01:11:12.765+0000][gc,cpu        ] GC(940) User=0.01s Sys=0.00s Real=0.01s
[2025-11-08T01:11:19.484+0000][gc,start      ] GC(941) Pause Young (Normal) (G1 Evacuation Pause)
[2025-11-08T01:11:19.485+0000][gc,task       ] GC(941) Using 2 workers of 2 for evacuation
[2025-11-08T01:11:19.495+0000][gc,phases     ] GC(941)   Pre Evacuate Collection Set: 0.0ms
[2025-11-08T01:11:19.495+0000][gc,phases     ] GC(941)   Evacuate Collection Set: 8.9ms
[2025-11-08T01:11:19.495+0000][gc,phases     ] GC(941)   Post Evacuate Collection Set: 0.8ms
[2025-11-08T01:11:19.495+0000][gc,phases     ] GC(941)   Other: 1.0ms
[2025-11-08T01:11:19.496+0000][gc,heap       ] GC(941) Eden regions: 32->0(32)
[2025-11-08T01:11:19.496+0000][gc,heap       ] GC(941) Survivor regions: 2->2(5)
[2025-11-08T01:11:19.496+0000][gc,heap       ] GC(941) Old regions: 444->444
[2025-11-08T01:11:19.496+0000][gc,heap       ] GC(941) Humongous regions: 147->147
[2025-11-08T01:11:19.497+0000][gc,metaspace  ] GC(941) Metaspace: 53318K(56604K)->53318K(56604K) NonClass: 47415K(49232K)->47415K(49232K) Class: 5903K(7372K)->5903K(7372K)
[2025-11-08T01:11:19.497+0000][gc            ] GC(941) Pause Young (Normal) (G1 Evacuation Pause) 624M->592M(684M) 12.684ms
[2025-11-08T01:11:19.497+0000][gc,cpu        ] GC(941) User=0.01s Sys=0.00s Real=0.01s
[2025-11-08T01:11:26.351+0000][gc,start      ] GC(942) Pause Young (Normal) (G1 Evacuation Pause)
[2025-11-08T01:11:26.351+0000][gc,task       ] GC(942) Using 2 workers of 2 for evacuation
[2025-11-08T01:11:26.362+0000][gc,phases     ] GC(942)   Pre Evacuate Collection Set: 0.0ms
[2025-11-08T01:11:26.362+0000][gc,phases     ] GC(942)   Evacuate Collection Set: 9.5ms
[2025-11-08T01:11:26.362+0000][gc,phases     ] GC(942)   Post Evacuate Collection Set: 0.7ms
[2025-11-08T01:11:26.363+0000][gc,phases     ] GC(942)   Other: 0.8ms
[2025-11-08T01:11:26.363+0000][gc,heap       ] GC(942) Eden regions: 32->0(30)
[2025-11-08T01:11:26.363+0000][gc,heap       ] GC(942) Survivor regions: 2->4(5)
[2025-11-08T01:11:26.363+0000][gc,heap       ] GC(942) Old regions: 444->444
[2025-11-08T01:11:26.363+0000][gc,heap       ] GC(942) Humongous regions: 147->147
[2025-11-08T01:11:26.364+0000][gc,metaspace  ] GC(942) Metaspace: 53318K(56604K)->53318K(56604K) NonClass: 47415K(49232K)->47415K(49232K) Class: 5903K(7372K)->5903K(7372K)
[2025-11-08T01:11:26.364+0000][gc            ] GC(942) Pause Young (Normal) (G1 Evacuation Pause) 624M->594M(684M) 12.915ms
[2025-11-08T01:11:26.364+0000][gc,cpu        ] GC(942) User=0.02s Sys=0.00s Real=0.01s
[2025-11-08T01:11:32.722+0000][gc,start      ] GC(943) Pause Young (Normal) (G1 Evacuation Pause)
[2025-11-08T01:11:32.723+0000][gc,task       ] GC(943) Using 2 workers of 2 for evacuation
[2025-11-08T01:11:32.754+0000][gc,mmu        ] GC(943) MMU target violated: 21.0ms (20.0ms/21.0ms)
[2025-11-08T01:11:32.754+0000][gc,phases     ] GC(943)   Pre Evacuate Collection Set: 0.0ms
[2025-11-08T01:11:32.755+0000][gc,phases     ] GC(943)   Evacuate Collection Set: 29.3ms
[2025-11-08T01:11:32.755+0000][gc,phases     ] GC(943)   Post Evacuate Collection Set: 0.8ms
[2025-11-08T01:11:32.755+0000][gc,phases     ] GC(943)   Other: 1.6ms
[2025-11-08T01:11:32.755+0000][gc,heap       ] GC(943) Eden regions: 30->0(31)
[2025-11-08T01:11:32.756+0000][gc,heap       ] GC(943) Survivor regions: 4->3(5)
[2025-11-08T01:11:32.756+0000][gc,heap       ] GC(943) Old regions: 444->445
[2025-11-08T01:11:32.756+0000][gc,heap       ] GC(943) Humongous regions: 147->147
[2025-11-08T01:11:32.757+0000][gc,metaspace  ] GC(943) Metaspace: 53318K(56604K)->53318K(56604K) NonClass: 47415K(49232K)->47415K(49232K) Class: 5903K(7372K)->5903K(7372K)
[2025-11-08T01:11:32.757+0000][gc            ] GC(943) Pause Young (Normal) (G1 Evacuation Pause) 624M->593M(684M) 34.336ms
[2025-11-08T01:11:32.757+0000][gc,cpu        ] GC(943) User=0.03s Sys=0.00s Real=0.03s
[2025-11-08T01:11:39.526+0000][gc,start      ] GC(944) Pause Young (Normal) (G1 Evacuation Pause)
[2025-11-08T01:11:39.527+0000][gc,task       ] GC(944) Using 2 workers of 2 for evacuation
[2025-11-08T01:11:39.537+0000][gc,phases     ] GC(944)   Pre Evacuate Collection Set: 0.0ms
[2025-11-08T01:11:39.537+0000][gc,phases     ] GC(944)   Evacuate Collection Set: 8.6ms
[2025-11-08T01:11:39.537+0000][gc,phases     ] GC(944)   Post Evacuate Collection Set: 0.9ms
[2025-11-08T01:11:39.538+0000][gc,phases     ] GC(944)   Other: 1.2ms
[2025-11-08T01:11:39.538+0000][gc,heap       ] GC(944) Eden regions: 31->0(32)
[2025-11-08T01:11:39.538+0000][gc,heap       ] GC(944) Survivor regions: 3->2(5)
[2025-11-08T01:11:39.538+0000][gc,heap       ] GC(944) Old regions: 445->445
[2025-11-08T01:11:39.539+0000][gc,heap       ] GC(944) Humongous regions: 147->147
[2025-11-08T01:11:39.539+0000][gc,metaspace  ] GC(944) Metaspace: 53318K(56604K)->53318K(56604K) NonClass: 47415K(49232K)->47415K(49232K) Class: 5903K(7372K)->5903K(7372K)
[2025-11-08T01:11:39.539+0000][gc            ] GC(944) Pause Young (Normal) (G1 Evacuation Pause) 624M->593M(684M) 12.752ms
[2025-11-08T01:11:39.540+0000][gc,cpu        ] GC(944) User=0.02s Sys=0.00s Real=0.02s
[2025-11-08T01:11:46.526+0000][gc,start      ] GC(945) Pause Young (Normal) (G1 Evacuation Pause)
[2025-11-08T01:11:46.527+0000][gc,task       ] GC(945) Using 2 workers of 2 for evacuation
[2025-11-08T01:11:46.536+0000][gc,phases     ] GC(945)   Pre Evacuate Collection Set: 0.0ms
[2025-11-08T01:11:46.537+0000][gc,phases     ] GC(945)   Evacuate Collection Set: 8.4ms
[2025-11-08T01:11:46.537+0000][gc,phases     ] GC(945)   Post Evacuate Collection Set: 0.8ms
[2025-11-08T01:11:46.537+0000][gc,phases     ] GC(945)   Other: 0.6ms
[2025-11-08T01:11:46.537+0000][gc,heap       ] GC(945) Eden regions: 32->0(32)
[2025-11-08T01:11:46.538+0000][gc,heap       ] GC(945) Survivor regions: 2->2(5)
[2025-11-08T01:11:46.538+0000][gc,heap       ] GC(945) Old regions: 445->445
[2025-11-08T01:11:46.538+0000][gc,heap       ] GC(945) Humongous regions: 147->147
[2025-11-08T01:11:46.538+0000][gc,metaspace  ] GC(945) Metaspace: 53318K(56604K)->53318K(56604K) NonClass: 47415K(49232K)->47415K(49232K) Class: 5903K(7372K)->5903K(7372K)
[2025-11-08T01:11:46.539+0000][gc            ] GC(945) Pause Young (Normal) (G1 Evacuation Pause) 625M->593M(684M) 12.086ms
[2025-11-08T01:11:46.539+0000][gc,cpu        ] GC(945) User=0.02s Sys=0.00s Real=0.02s
[2025-11-08T01:11:53.466+0000][gc,start      ] GC(946) Pause Young (Normal) (G1 Evacuation Pause)
[2025-11-08T01:11:53.467+0000][gc,task       ] GC(946) Using 2 workers of 2 for evacuation
[2025-11-08T01:11:53.477+0000][gc,phases     ] GC(946)   Pre Evacuate Collection Set: 0.0ms
[2025-11-08T01:11:53.477+0000][gc,phases     ] GC(946)   Evacuate Collection Set: 8.9ms
[2025-11-08T01:11:53.477+0000][gc,phases     ] GC(946)   Post Evacuate Collection Set: 0.7ms
[2025-11-08T01:11:53.477+0000][gc,phases     ] GC(946)   Other: 0.7ms
[2025-11-08T01:11:53.477+0000][gc,heap       ] GC(946) Eden regions: 32->0(30)
[2025-11-08T01:11:53.478+0000][gc,heap       ] GC(946) Survivor regions: 2->4(5)
[2025-11-08T01:11:53.478+0000][gc,heap       ] GC(946) Old regions: 445->445
[2025-11-08T01:11:53.479+0000][gc,heap       ] GC(946) Humongous regions: 147->147
[2025-11-08T01:11:53.479+0000][gc,metaspace  ] GC(946) Metaspace: 53318K(56604K)->53318K(56604K) NonClass: 47415K(49232K)->47415K(49232K) Class: 5903K(7372K)->5903K(7372K)
[2025-11-08T01:11:53.479+0000][gc            ] GC(946) Pause Young (Normal) (G1 Evacuation Pause) 625M->594M(684M) 12.638ms
[2025-11-08T01:11:53.479+0000][gc,cpu        ] GC(946) User=0.02s Sys=0.00s Real=0.02s
[2025-11-08T01:11:59.907+0000][gc,start      ] GC(947) Pause Young (Normal) (G1 Evacuation Pause)
[2025-11-08T01:11:59.907+0000][gc,task       ] GC(947) Using 2 workers of 2 for evacuation
[2025-11-08T01:11:59.947+0000][gc,mmu        ] GC(947) MMU target violated: 21.0ms (20.0ms/21.0ms)
[2025-11-08T01:11:59.947+0000][gc,phases     ] GC(947)   Pre Evacuate Collection Set: 0.0ms
[2025-11-08T01:11:59.948+0000][gc,phases     ] GC(947)   Evacuate Collection Set: 35.9ms
[2025-11-08T01:11:59.948+0000][gc,phases     ] GC(947)   Post Evacuate Collection Set: 0.8ms
[2025-11-08T01:11:59.948+0000][gc,phases     ] GC(947)   Other: 4.2ms
[2025-11-08T01:11:59.948+0000][gc,heap       ] GC(947) Eden regions: 30->0(31)
[2025-11-08T01:11:59.949+0000][gc,heap       ] GC(947) Survivor regions: 4->3(5)
[2025-11-08T01:11:59.949+0000][gc,heap       ] GC(947) Old regions: 445->446
[2025-11-08T01:11:59.949+0000][gc,heap       ] GC(947) Humongous regions: 147->147
[2025-11-08T01:11:59.949+0000][gc,metaspace  ] GC(947) Metaspace: 53318K(56604K)->53318K(56604K) NonClass: 47415K(49232K)->47415K(49232K) Class: 5903K(7372K)->5903K(7372K)
[2025-11-08T01:11:59.950+0000][gc            ] GC(947) Pause Young (Normal) (G1 Evacuation Pause) 624M->594M(684M) 43.129ms
[2025-11-08T01:11:59.950+0000][gc,cpu        ] GC(947) User=0.03s Sys=0.01s Real=0.05s
[2025-11-08T01:12:06.355+0000][gc,start      ] GC(948) Pause Young (Normal) (G1 Evacuation Pause)
[2025-11-08T01:12:06.355+0000][gc,task       ] GC(948) Using 2 workers of 2 for evacuation
[2025-11-08T01:12:06.362+0000][gc,phases     ] GC(948)   Pre Evacuate Collection Set: 0.0ms
[2025-11-08T01:12:06.363+0000][gc,phases     ] GC(948)   Evacuate Collection Set: 6.6ms
[2025-11-08T01:12:06.363+0000][gc,phases     ] GC(948)   Post Evacuate Collection Set: 0.6ms
[2025-11-08T01:12:06.363+0000][gc,phases     ] GC(948)   Other: 0.5ms
[2025-11-08T01:12:06.363+0000][gc,heap       ] GC(948) Eden regions: 31->0(32)
[2025-11-08T01:12:06.363+0000][gc,heap       ] GC(948) Survivor regions: 3->2(5)
[2025-11-08T01:12:06.363+0000][gc,heap       ] GC(948) Old regions: 446->446
[2025-11-08T01:12:06.364+0000][gc,heap       ] GC(948) Humongous regions: 147->147
[2025-11-08T01:12:06.364+0000][gc,metaspace  ] GC(948) Metaspace: 53318K(56604K)->53318K(56604K) NonClass: 47415K(49232K)->47415K(49232K) Class: 5903K(7372K)->5903K(7372K)
[2025-11-08T01:12:06.364+0000][gc            ] GC(948) Pause Young (Normal) (G1 Evacuation Pause) 625M->594M(684M) 9.196ms
[2025-11-08T01:12:06.364+0000][gc,cpu        ] GC(948) User=0.01s Sys=0.00s Real=0.01s
[2025-11-08T01:12:13.034+0000][gc,start      ] GC(949) Pause Young (Normal) (G1 Evacuation Pause)
[2025-11-08T01:12:13.034+0000][gc,task       ] GC(949) Using 2 workers of 2 for evacuation
[2025-11-08T01:12:13.041+0000][gc,phases     ] GC(949)   Pre Evacuate Collection Set: 0.0ms
[2025-11-08T01:12:13.042+0000][gc,phases     ] GC(949)   Evacuate Collection Set: 6.2ms
[2025-11-08T01:12:13.042+0000][gc,phases     ] GC(949)   Post Evacuate Collection Set: 0.6ms
[2025-11-08T01:12:13.042+0000][gc,phases     ] GC(949)   Other: 0.7ms
[2025-11-08T01:12:13.042+0000][gc,heap       ] GC(949) Eden regions: 32->0(32)
[2025-11-08T01:12:13.042+0000][gc,heap       ] GC(949) Survivor regions: 2->2(5)
[2025-11-08T01:12:13.043+0000][gc,heap       ] GC(949) Old regions: 446->446
[2025-11-08T01:12:13.043+0000][gc,heap       ] GC(949) Humongous regions: 147->147
[2025-11-08T01:12:13.043+0000][gc,metaspace  ] GC(949) Metaspace: 53318K(56604K)->53318K(56604K) NonClass: 47415K(49232K)->47415K(49232K) Class: 5903K(7372K)->5903K(7372K)
[2025-11-08T01:12:13.043+0000][gc            ] GC(949) Pause Young (Normal) (G1 Evacuation Pause) 626M->593M(684M) 9.402ms
[2025-11-08T01:12:13.044+0000][gc,cpu        ] GC(949) User=0.01s Sys=0.00s Real=0.01s
[2025-11-08T01:12:19.932+0000][gc,start      ] GC(950) Pause Young (Normal) (G1 Evacuation Pause)
[2025-11-08T01:12:19.932+0000][gc,task       ] GC(950) Using 2 workers of 2 for evacuation
[2025-11-08T01:12:19.943+0000][gc,phases     ] GC(950)   Pre Evacuate Collection Set: 0.0ms
[2025-11-08T01:12:19.943+0000][gc,phases     ] GC(950)   Evacuate Collection Set: 9.8ms
[2025-11-08T01:12:19.943+0000][gc,phases     ] GC(950)   Post Evacuate Collection Set: 0.7ms
[2025-11-08T01:12:19.944+0000][gc,phases     ] GC(950)   Other: 0.8ms
[2025-11-08T01:12:19.944+0000][gc,heap       ] GC(950) Eden regions: 32->0(30)
[2025-11-08T01:12:19.944+0000][gc,heap       ] GC(950) Survivor regions: 2->4(5)
[2025-11-08T01:12:19.944+0000][gc,heap       ] GC(950) Old regions: 446->446
[2025-11-08T01:12:19.945+0000][gc,heap       ] GC(950) Humongous regions: 147->147
[2025-11-08T01:12:19.945+0000][gc,metaspace  ] GC(950) Metaspace: 53318K(56604K)->53318K(56604K) NonClass: 47415K(49232K)->47415K(49232K) Class: 5903K(7372K)->5903K(7372K)
[2025-11-08T01:12:19.945+0000][gc            ] GC(950) Pause Young (Normal) (G1 Evacuation Pause) 625M->595M(684M) 13.540ms
[2025-11-08T01:12:19.946+0000][gc,cpu        ] GC(950) User=0.02s Sys=0.00s Real=0.01s
[2025-11-08T01:12:26.072+0000][gc,start      ] GC(951) Pause Young (Normal) (G1 Evacuation Pause)
[2025-11-08T01:12:26.072+0000][gc,task       ] GC(951) Using 2 workers of 2 for evacuation
[2025-11-08T01:12:26.102+0000][gc,mmu        ] GC(951) MMU target violated: 21.0ms (20.0ms/21.0ms)
[2025-11-08T01:12:26.102+0000][gc,phases     ] GC(951)   Pre Evacuate Collection Set: 0.0ms
[2025-11-08T01:12:26.102+0000][gc,phases     ] GC(951)   Evacuate Collection Set: 27.6ms
[2025-11-08T01:12:26.103+0000][gc,phases     ] GC(951)   Post Evacuate Collection Set: 0.7ms
[2025-11-08T01:12:26.103+0000][gc,phases     ] GC(951)   Other: 1.7ms
[2025-11-08T01:12:26.103+0000][gc,heap       ] GC(951) Eden regions: 30->0(31)
[2025-11-08T01:12:26.103+0000][gc,heap       ] GC(951) Survivor regions: 4->3(5)
[2025-11-08T01:12:26.104+0000][gc,heap       ] GC(951) Old regions: 446->446
[2025-11-08T01:12:26.104+0000][gc,heap       ] GC(951) Humongous regions: 147->147
[2025-11-08T01:12:26.105+0000][gc,metaspace  ] GC(951) Metaspace: 53318K(56604K)->53318K(56604K) NonClass: 47415K(49232K)->47415K(49232K) Class: 5903K(7372K)->5903K(7372K)
[2025-11-08T01:12:26.106+0000][gc            ] GC(951) Pause Young (Normal) (G1 Evacuation Pause) 625M->595M(684M) 33.676ms
[2025-11-08T01:12:26.106+0000][gc,cpu        ] GC(951) User=0.03s Sys=0.00s Real=0.03s
[2025-11-08T01:12:32.535+0000][gc,start      ] GC(952) Pause Young (Normal) (G1 Evacuation Pause)
[2025-11-08T01:12:32.539+0000][gc,task       ] GC(952) Using 2 workers of 2 for evacuation
[2025-11-08T01:12:32.553+0000][gc,phases     ] GC(952)   Pre Evacuate Collection Set: 0.0ms
[2025-11-08T01:12:32.553+0000][gc,phases     ] GC(952)   Evacuate Collection Set: 10.8ms
[2025-11-08T01:12:32.553+0000][gc,phases     ] GC(952)   Post Evacuate Collection Set: 1.0ms
[2025-11-08T01:12:32.553+0000][gc,phases     ] GC(952)   Other: 5.5ms
[2025-11-08T01:12:32.554+0000][gc,heap       ] GC(952) Eden regions: 31->0(32)
[2025-11-08T01:12:32.554+0000][gc,heap       ] GC(952) Survivor regions: 3->2(5)
[2025-11-08T01:12:32.554+0000][gc,heap       ] GC(952) Old regions: 446->446
[2025-11-08T01:12:32.554+0000][gc,heap       ] GC(952) Humongous regions: 147->147
[2025-11-08T01:12:32.554+0000][gc,metaspace  ] GC(952) Metaspace: 53318K(56604K)->53318K(56604K) NonClass: 47415K(49232K)->47415K(49232K) Class: 5903K(7372K)->5903K(7372K)
[2025-11-08T01:12:32.555+0000][gc            ] GC(952) Pause Young (Normal) (G1 Evacuation Pause) 626M->594M(684M) 19.245ms
[2025-11-08T01:12:32.555+0000][gc,cpu        ] GC(952) User=0.02s Sys=0.00s Real=0.02s
[2025-11-08T01:12:39.342+0000][gc,start      ] GC(953) Pause Young (Normal) (G1 Evacuation Pause)
[2025-11-08T01:12:39.342+0000][gc,task       ] GC(953) Using 2 workers of 2 for evacuation
[2025-11-08T01:12:39.349+0000][gc,phases     ] GC(953)   Pre Evacuate Collection Set: 0.0ms
[2025-11-08T01:12:39.350+0000][gc,phases     ] GC(953)   Evacuate Collection Set: 6.3ms
[2025-11-08T01:12:39.350+0000][gc,phases     ] GC(953)   Post Evacuate Collection Set: 0.5ms
[2025-11-08T01:12:39.350+0000][gc,phases     ] GC(953)   Other: 0.6ms
[2025-11-08T01:12:39.350+0000][gc,heap       ] GC(953) Eden regions: 32->0(32)
[2025-11-08T01:12:39.350+0000][gc,heap       ] GC(953) Survivor regions: 2->2(5)
[2025-11-08T01:12:39.350+0000][gc,heap       ] GC(953) Old regions: 446->446
[2025-11-08T01:12:39.350+0000][gc,heap       ] GC(953) Humongous regions: 147->147
[2025-11-08T01:12:39.351+0000][gc,metaspace  ] GC(953) Metaspace: 53318K(56604K)->53318K(56604K) NonClass: 47415K(49232K)->47415K(49232K) Class: 5903K(7372K)->5903K(7372K)
[2025-11-08T01:12:39.351+0000][gc            ] GC(953) Pause Young (Normal) (G1 Evacuation Pause) 626M->594M(684M) 8.696ms
[2025-11-08T01:12:39.351+0000][gc,cpu        ] GC(953) User=0.01s Sys=0.00s Real=0.01s
[2025-11-08T01:12:46.037+0000][gc,start      ] GC(954) Pause Young (Normal) (G1 Evacuation Pause)
[2025-11-08T01:12:46.037+0000][gc,task       ] GC(954) Using 2 workers of 2 for evacuation
[2025-11-08T01:12:46.047+0000][gc,phases     ] GC(954)   Pre Evacuate Collection Set: 0.0ms
[2025-11-08T01:12:46.047+0000][gc,phases     ] GC(954)   Evacuate Collection Set: 8.2ms
[2025-11-08T01:12:46.047+0000][gc,phases     ] GC(954)   Post Evacuate Collection Set: 0.8ms
[2025-11-08T01:12:46.047+0000][gc,phases     ] GC(954)   Other: 0.6ms
[2025-11-08T01:12:46.047+0000][gc,heap       ] GC(954) Eden regions: 32->0(30)
[2025-11-08T01:12:46.047+0000][gc,heap       ] GC(954) Survivor regions: 2->4(5)
[2025-11-08T01:12:46.048+0000][gc,heap       ] GC(954) Old regions: 446->446
[2025-11-08T01:12:46.048+0000][gc,heap       ] GC(954) Humongous regions: 147->147
[2025-11-08T01:12:46.048+0000][gc,metaspace  ] GC(954) Metaspace: 53318K(56604K)->53318K(56604K) NonClass: 47415K(49232K)->47415K(49232K) Class: 5903K(7372K)->5903K(7372K)
[2025-11-08T01:12:46.048+0000][gc            ] GC(954) Pause Young (Normal) (G1 Evacuation Pause) 626M->596M(684M) 11.010ms
[2025-11-08T01:12:46.048+0000][gc,cpu        ] GC(954) User=0.01s Sys=0.00s Real=0.01s
[2025-11-08T01:12:52.314+0000][gc,start      ] GC(955) Pause Young (Normal) (G1 Evacuation Pause)
[2025-11-08T01:12:52.314+0000][gc,task       ] GC(955) Using 2 workers of 2 for evacuation
[2025-11-08T01:12:52.337+0000][gc,mmu        ] GC(955) MMU target violated: 21.0ms (20.0ms/21.0ms)
[2025-11-08T01:12:52.338+0000][gc,phases     ] GC(955)   Pre Evacuate Collection Set: 0.0ms
[2025-11-08T01:12:52.338+0000][gc,phases     ] GC(955)   Evacuate Collection Set: 22.3ms
[2025-11-08T01:12:52.338+0000][gc,phases     ] GC(955)   Post Evacuate Collection Set: 0.5ms
[2025-11-08T01:12:52.338+0000][gc,phases     ] GC(955)   Other: 0.8ms
[2025-11-08T01:12:52.338+0000][gc,heap       ] GC(955) Eden regions: 30->0(31)
[2025-11-08T01:12:52.339+0000][gc,heap       ] GC(955) Survivor regions: 4->3(5)
[2025-11-08T01:12:52.339+0000][gc,heap       ] GC(955) Old regions: 446->447
[2025-11-08T01:12:52.339+0000][gc,heap       ] GC(955) Humongous regions: 147->147
[2025-11-08T01:12:52.339+0000][gc,metaspace  ] GC(955) Metaspace: 53318K(56604K)->53318K(56604K) NonClass: 47415K(49232K)->47415K(49232K) Class: 5903K(7372K)->5903K(7372K)
[2025-11-08T01:12:52.339+0000][gc            ] GC(955) Pause Young (Normal) (G1 Evacuation Pause) 626M->596M(684M) 24.972ms
[2025-11-08T01:12:52.339+0000][gc,cpu        ] GC(955) User=0.02s Sys=0.00s Real=0.02s
[2025-11-08T01:12:58.758+0000][gc,start      ] GC(956) Pause Young (Normal) (G1 Evacuation Pause)
[2025-11-08T01:12:58.758+0000][gc,task       ] GC(956) Using 2 workers of 2 for evacuation
[2025-11-08T01:12:58.769+0000][gc,phases     ] GC(956)   Pre Evacuate Collection Set: 0.0ms
[2025-11-08T01:12:58.769+0000][gc,phases     ] GC(956)   Evacuate Collection Set: 7.6ms
[2025-11-08T01:12:58.769+0000][gc,phases     ] GC(956)   Post Evacuate Collection Set: 0.9ms
[2025-11-08T01:12:58.770+0000][gc,phases     ] GC(956)   Other: 2.0ms
[2025-11-08T01:12:58.770+0000][gc,heap       ] GC(956) Eden regions: 31->0(32)
[2025-11-08T01:12:58.770+0000][gc,heap       ] GC(956) Survivor regions: 3->2(5)
[2025-11-08T01:12:58.771+0000][gc,heap       ] GC(956) Old regions: 447->447
[2025-11-08T01:12:58.771+0000][gc,heap       ] GC(956) Humongous regions: 147->147
[2025-11-08T01:12:58.771+0000][gc,metaspace  ] GC(956) Metaspace: 53318K(56604K)->53318K(56604K) NonClass: 47415K(49232K)->47415K(49232K) Class: 5903K(7372K)->5903K(7372K)
[2025-11-08T01:12:58.772+0000][gc            ] GC(956) Pause Young (Normal) (G1 Evacuation Pause) 627M->595M(684M) 13.542ms
[2025-11-08T01:12:58.772+0000][gc,cpu        ] GC(956) User=0.02s Sys=0.00s Real=0.02s
[2025-11-08T01:13:05.246+0000][gc,start      ] GC(957) Pause Young (Normal) (G1 Evacuation Pause)
[2025-11-08T01:13:05.247+0000][gc,task       ] GC(957) Using 2 workers of 2 for evacuation
[2025-11-08T01:13:05.254+0000][gc,phases     ] GC(957)   Pre Evacuate Collection Set: 0.0ms
[2025-11-08T01:13:05.254+0000][gc,phases     ] GC(957)   Evacuate Collection Set: 5.9ms
[2025-11-08T01:13:05.254+0000][gc,phases     ] GC(957)   Post Evacuate Collection Set: 0.5ms
[2025-11-08T01:13:05.254+0000][gc,phases     ] GC(957)   Other: 0.8ms
[2025-11-08T01:13:05.254+0000][gc,heap       ] GC(957) Eden regions: 32->0(32)
[2025-11-08T01:13:05.254+0000][gc,heap       ] GC(957) Survivor regions: 2->2(5)
[2025-11-08T01:13:05.255+0000][gc,heap       ] GC(957) Old regions: 447->447
[2025-11-08T01:13:05.255+0000][gc,heap       ] GC(957) Humongous regions: 147->147
[2025-11-08T01:13:05.255+0000][gc,metaspace  ] GC(957) Metaspace: 53318K(56604K)->53318K(56604K) NonClass: 47415K(49232K)->47415K(49232K) Class: 5903K(7372K)->5903K(7372K)
[2025-11-08T01:13:05.255+0000][gc            ] GC(957) Pause Young (Normal) (G1 Evacuation Pause) 627M->595M(684M) 8.602ms
[2025-11-08T01:13:05.255+0000][gc,cpu        ] GC(957) User=0.01s Sys=0.00s Real=0.01s
[2025-11-08T01:13:11.761+0000][gc,start      ] GC(958) Pause Young (Normal) (G1 Evacuation Pause)
[2025-11-08T01:13:11.761+0000][gc,task       ] GC(958) Using 2 workers of 2 for evacuation
[2025-11-08T01:13:11.769+0000][gc,phases     ] GC(958)   Pre Evacuate Collection Set: 0.0ms
[2025-11-08T01:13:11.770+0000][gc,phases     ] GC(958)   Evacuate Collection Set: 7.3ms
[2025-11-08T01:13:11.770+0000][gc,phases     ] GC(958)   Post Evacuate Collection Set: 0.6ms
[2025-11-08T01:13:11.770+0000][gc,phases     ] GC(958)   Other: 0.7ms
[2025-11-08T01:13:11.770+0000][gc,heap       ] GC(958) Eden regions: 32->0(30)
[2025-11-08T01:13:11.770+0000][gc,heap       ] GC(958) Survivor regions: 2->4(5)
[2025-11-08T01:13:11.770+0000][gc,heap       ] GC(958) Old regions: 447->447
[2025-11-08T01:13:11.770+0000][gc,heap       ] GC(958) Humongous regions: 147->147
[2025-11-08T01:13:11.771+0000][gc,metaspace  ] GC(958) Metaspace: 53318K(56604K)->53318K(56604K) NonClass: 47415K(49232K)->47415K(49232K) Class: 5903K(7372K)->5903K(7372K)
[2025-11-08T01:13:11.771+0000][gc            ] GC(958) Pause Young (Normal) (G1 Evacuation Pause) 627M->596M(684M) 10.100ms
[2025-11-08T01:13:11.771+0000][gc,cpu        ] GC(958) User=0.01s Sys=0.00s Real=0.01s
[2025-11-08T01:13:17.840+0000][gc,start      ] GC(959) Pause Young (Normal) (G1 Evacuation Pause)
[2025-11-08T01:13:17.841+0000][gc,task       ] GC(959) Using 2 workers of 2 for evacuation
[2025-11-08T01:13:17.861+0000][gc,phases     ] GC(959)   Pre Evacuate Collection Set: 0.0ms
[2025-11-08T01:13:17.861+0000][gc,phases     ] GC(959)   Evacuate Collection Set: 17.0ms
[2025-11-08T01:13:17.864+0000][gc,phases     ] GC(959)   Post Evacuate Collection Set: 2.8ms
[2025-11-08T01:13:17.865+0000][gc,phases     ] GC(959)   Other: 0.5ms
[2025-11-08T01:13:17.865+0000][gc,heap       ] GC(959) Eden regions: 30->0(31)
[2025-11-08T01:13:17.865+0000][gc,heap       ] GC(959) Survivor regions: 4->3(5)
[2025-11-08T01:13:17.865+0000][gc,heap       ] GC(959) Old regions: 447->448
[2025-11-08T01:13:17.865+0000][gc,heap       ] GC(959) Humongous regions: 147->147
[2025-11-08T01:13:17.865+0000][gc,metaspace  ] GC(959) Metaspace: 53318K(56604K)->53318K(56604K) NonClass: 47415K(49232K)->47415K(49232K) Class: 5903K(7372K)->5903K(7372K)
[2025-11-08T01:13:17.865+0000][gc            ] GC(959) Pause Young (Normal) (G1 Evacuation Pause) 626M->596M(684M) 24.904ms
[2025-11-08T01:13:17.865+0000][gc,cpu        ] GC(959) User=0.02s Sys=0.00s Real=0.02s
[2025-11-08T01:13:24.145+0000][gc,start      ] GC(960) Pause Young (Normal) (G1 Evacuation Pause)
[2025-11-08T01:13:24.145+0000][gc,task       ] GC(960) Using 2 workers of 2 for evacuation
[2025-11-08T01:13:24.153+0000][gc,phases     ] GC(960)   Pre Evacuate Collection Set: 0.0ms
[2025-11-08T01:13:24.153+0000][gc,phases     ] GC(960)   Evacuate Collection Set: 6.0ms
[2025-11-08T01:13:24.153+0000][gc,phases     ] GC(960)   Post Evacuate Collection Set: 0.8ms
[2025-11-08T01:13:24.153+0000][gc,phases     ] GC(960)   Other: 0.6ms
[2025-11-08T01:13:24.154+0000][gc,heap       ] GC(960) Eden regions: 31->0(32)
[2025-11-08T01:13:24.154+0000][gc,heap       ] GC(960) Survivor regions: 3->2(5)
[2025-11-08T01:13:24.154+0000][gc,heap       ] GC(960) Old regions: 448->448
[2025-11-08T01:13:24.154+0000][gc,heap       ] GC(960) Humongous regions: 147->147
[2025-11-08T01:13:24.154+0000][gc,metaspace  ] GC(960) Metaspace: 53318K(56604K)->53318K(56604K) NonClass: 47415K(49232K)->47415K(49232K) Class: 5903K(7372K)->5903K(7372K)
[2025-11-08T01:13:24.154+0000][gc            ] GC(960) Pause Young (Normal) (G1 Evacuation Pause) 627M->596M(684M) 9.081ms
[2025-11-08T01:13:24.155+0000][gc,cpu        ] GC(960) User=0.01s Sys=0.00s Real=0.01s
[2025-11-08T01:13:30.686+0000][gc,start      ] GC(961) Pause Young (Normal) (G1 Evacuation Pause)
[2025-11-08T01:13:30.688+0000][gc,task       ] GC(961) Using 2 workers of 2 for evacuation
[2025-11-08T01:13:30.695+0000][gc,phases     ] GC(961)   Pre Evacuate Collection Set: 0.0ms
[2025-11-08T01:13:30.695+0000][gc,phases     ] GC(961)   Evacuate Collection Set: 5.2ms
[2025-11-08T01:13:30.695+0000][gc,phases     ] GC(961)   Post Evacuate Collection Set: 1.4ms
[2025-11-08T01:13:30.695+0000][gc,phases     ] GC(961)   Other: 2.1ms
[2025-11-08T01:13:30.695+0000][gc,heap       ] GC(961) Eden regions: 32->0(32)
[2025-11-08T01:13:30.695+0000][gc,heap       ] GC(961) Survivor regions: 2->2(5)
[2025-11-08T01:13:30.695+0000][gc,heap       ] GC(961) Old regions: 448->448
[2025-11-08T01:13:30.695+0000][gc,heap       ] GC(961) Humongous regions: 147->147
[2025-11-08T01:13:30.695+0000][gc,metaspace  ] GC(961) Metaspace: 53318K(56604K)->53318K(56604K) NonClass: 47415K(49232K)->47415K(49232K) Class: 5903K(7372K)->5903K(7372K)
[2025-11-08T01:13:30.696+0000][gc            ] GC(961) Pause Young (Normal) (G1 Evacuation Pause) 628M->596M(684M) 10.531ms
[2025-11-08T01:13:30.696+0000][gc,cpu        ] GC(961) User=0.01s Sys=0.00s Real=0.01s
[2025-11-08T01:13:37.471+0000][gc,start      ] GC(962) Pause Young (Normal) (G1 Evacuation Pause)
[2025-11-08T01:13:37.471+0000][gc,task       ] GC(962) Using 2 workers of 2 for evacuation
[2025-11-08T01:13:37.479+0000][gc,phases     ] GC(962)   Pre Evacuate Collection Set: 0.0ms
[2025-11-08T01:13:37.479+0000][gc,phases     ] GC(962)   Evacuate Collection Set: 7.6ms
[2025-11-08T01:13:37.480+0000][gc,phases     ] GC(962)   Post Evacuate Collection Set: 0.5ms
[2025-11-08T01:13:37.480+0000][gc,phases     ] GC(962)   Other: 0.5ms
[2025-11-08T01:13:37.480+0000][gc,heap       ] GC(962) Eden regions: 32->0(30)
[2025-11-08T01:13:37.480+0000][gc,heap       ] GC(962) Survivor regions: 2->4(5)
[2025-11-08T01:13:37.480+0000][gc,heap       ] GC(962) Old regions: 448->448
[2025-11-08T01:13:37.480+0000][gc,heap       ] GC(962) Humongous regions: 147->147
[2025-11-08T01:13:37.480+0000][gc,metaspace  ] GC(962) Metaspace: 53318K(56604K)->53318K(56604K) NonClass: 47415K(49232K)->47415K(49232K) Class: 5903K(7372K)->5903K(7372K)
[2025-11-08T01:13:37.481+0000][gc            ] GC(962) Pause Young (Normal) (G1 Evacuation Pause) 628M->597M(684M) 10.118ms
[2025-11-08T01:13:37.481+0000][gc,cpu        ] GC(962) User=0.01s Sys=0.00s Real=0.01s
[2025-11-08T01:13:43.829+0000][gc,start      ] GC(963) Pause Young (Normal) (G1 Evacuation Pause)
[2025-11-08T01:13:43.830+0000][gc,task       ] GC(963) Using 2 workers of 2 for evacuation
[2025-11-08T01:13:43.858+0000][gc,mmu        ] GC(963) MMU target violated: 21.0ms (20.0ms/21.0ms)
[2025-11-08T01:13:43.859+0000][gc,phases     ] GC(963)   Pre Evacuate Collection Set: 0.0ms
[2025-11-08T01:13:43.859+0000][gc,phases     ] GC(963)   Evacuate Collection Set: 27.5ms
[2025-11-08T01:13:43.859+0000][gc,phases     ] GC(963)   Post Evacuate Collection Set: 0.6ms
[2025-11-08T01:13:43.860+0000][gc,phases     ] GC(963)   Other: 1.4ms
[2025-11-08T01:13:43.860+0000][gc,heap       ] GC(963) Eden regions: 30->0(31)
[2025-11-08T01:13:43.860+0000][gc,heap       ] GC(963) Survivor regions: 4->3(5)
[2025-11-08T01:13:43.860+0000][gc,heap       ] GC(963) Old regions: 448->449
[2025-11-08T01:13:43.861+0000][gc,heap       ] GC(963) Humongous regions: 147->147
[2025-11-08T01:13:43.861+0000][gc,metaspace  ] GC(963) Metaspace: 53318K(56604K)->53318K(56604K) NonClass: 47415K(49232K)->47415K(49232K) Class: 5903K(7372K)->5903K(7372K)
[2025-11-08T01:13:43.861+0000][gc            ] GC(963) Pause Young (Normal) (G1 Evacuation Pause) 627M->597M(684M) 32.042ms
[2025-11-08T01:13:43.861+0000][gc,cpu        ] GC(963) User=0.04s Sys=0.00s Real=0.04s
[2025-11-08T01:13:50.172+0000][gc,start      ] GC(964) Pause Young (Normal) (G1 Evacuation Pause)
[2025-11-08T01:13:50.173+0000][gc,task       ] GC(964) Using 2 workers of 2 for evacuation
[2025-11-08T01:13:50.179+0000][gc,phases     ] GC(964)   Pre Evacuate Collection Set: 0.0ms
[2025-11-08T01:13:50.179+0000][gc,phases     ] GC(964)   Evacuate Collection Set: 5.4ms
[2025-11-08T01:13:50.179+0000][gc,phases     ] GC(964)   Post Evacuate Collection Set: 0.5ms
[2025-11-08T01:13:50.179+0000][gc,phases     ] GC(964)   Other: 0.7ms
[2025-11-08T01:13:50.179+0000][gc,heap       ] GC(964) Eden regions: 31->0(32)
[2025-11-08T01:13:50.180+0000][gc,heap       ] GC(964) Survivor regions: 3->2(5)
[2025-11-08T01:13:50.180+0000][gc,heap       ] GC(964) Old regions: 449->449
[2025-11-08T01:13:50.180+0000][gc,heap       ] GC(964) Humongous regions: 147->147
[2025-11-08T01:13:50.180+0000][gc,metaspace  ] GC(964) Metaspace: 53318K(56604K)->53318K(56604K) NonClass: 47415K(49232K)->47415K(49232K) Class: 5903K(7372K)->5903K(7372K)
[2025-11-08T01:13:50.180+0000][gc            ] GC(964) Pause Young (Normal) (G1 Evacuation Pause) 628M->597M(684M) 8.009ms
[2025-11-08T01:13:50.180+0000][gc,cpu        ] GC(964) User=0.01s Sys=0.00s Real=0.01s
[2025-11-08T01:13:56.694+0000][gc,start      ] GC(965) Pause Young (Normal) (G1 Evacuation Pause)
[2025-11-08T01:13:56.694+0000][gc,task       ] GC(965) Using 2 workers of 2 for evacuation
[2025-11-08T01:13:56.701+0000][gc,phases     ] GC(965)   Pre Evacuate Collection Set: 0.0ms
[2025-11-08T01:13:56.701+0000][gc,phases     ] GC(965)   Evacuate Collection Set: 5.6ms
[2025-11-08T01:13:56.701+0000][gc,phases     ] GC(965)   Post Evacuate Collection Set: 0.8ms
[2025-11-08T01:13:56.702+0000][gc,phases     ] GC(965)   Other: 0.8ms
[2025-11-08T01:13:56.702+0000][gc,heap       ] GC(965) Eden regions: 32->0(32)
[2025-11-08T01:13:56.702+0000][gc,heap       ] GC(965) Survivor regions: 2->2(5)
[2025-11-08T01:13:56.702+0000][gc,heap       ] GC(965) Old regions: 449->449
[2025-11-08T01:13:56.702+0000][gc,heap       ] GC(965) Humongous regions: 147->147
[2025-11-08T01:13:56.702+0000][gc,metaspace  ] GC(965) Metaspace: 53318K(56604K)->53318K(56604K) NonClass: 47415K(49232K)->47415K(49232K) Class: 5903K(7372K)->5903K(7372K)
[2025-11-08T01:13:56.702+0000][gc            ] GC(965) Pause Young (Normal) (G1 Evacuation Pause) 629M->596M(684M) 8.387ms
[2025-11-08T01:13:56.703+0000][gc,cpu        ] GC(965) User=0.01s Sys=0.00s Real=0.01s
[2025-11-08T01:14:03.272+0000][gc,start      ] GC(966) Pause Young (Normal) (G1 Evacuation Pause)
[2025-11-08T01:14:03.273+0000][gc,task       ] GC(966) Using 2 workers of 2 for evacuation
[2025-11-08T01:14:03.282+0000][gc,phases     ] GC(966)   Pre Evacuate Collection Set: 0.0ms
[2025-11-08T01:14:03.282+0000][gc,phases     ] GC(966)   Evacuate Collection Set: 8.2ms
[2025-11-08T01:14:03.282+0000][gc,phases     ] GC(966)   Post Evacuate Collection Set: 0.6ms
[2025-11-08T01:14:03.282+0000][gc,phases     ] GC(966)   Other: 0.8ms
[2025-11-08T01:14:03.283+0000][gc,heap       ] GC(966) Eden regions: 32->0(30)
[2025-11-08T01:14:03.283+0000][gc,heap       ] GC(966) Survivor regions: 2->4(5)
[2025-11-08T01:14:03.283+0000][gc,heap       ] GC(966) Old regions: 449->449
[2025-11-08T01:14:03.283+0000][gc,heap       ] GC(966) Humongous regions: 147->147
[2025-11-08T01:14:03.283+0000][gc,metaspace  ] GC(966) Metaspace: 53318K(56604K)->53318K(56604K) NonClass: 47415K(49232K)->47415K(49232K) Class: 5903K(7372K)->5903K(7372K)
[2025-11-08T01:14:03.284+0000][gc            ] GC(966) Pause Young (Normal) (G1 Evacuation Pause) 628M->598M(684M) 11.444ms
[2025-11-08T01:14:03.284+0000][gc,cpu        ] GC(966) User=0.02s Sys=0.00s Real=0.01s
[2025-11-08T01:14:09.291+0000][gc,start      ] GC(967) Pause Young (Normal) (G1 Evacuation Pause)
[2025-11-08T01:14:09.292+0000][gc,task       ] GC(967) Using 2 workers of 2 for evacuation
[2025-11-08T01:14:09.309+0000][gc,phases     ] GC(967)   Pre Evacuate Collection Set: 0.0ms
[2025-11-08T01:14:09.309+0000][gc,phases     ] GC(967)   Evacuate Collection Set: 16.1ms
[2025-11-08T01:14:09.309+0000][gc,phases     ] GC(967)   Post Evacuate Collection Set: 0.5ms
[2025-11-08T01:14:09.309+0000][gc,phases     ] GC(967)   Other: 0.7ms
[2025-11-08T01:14:09.309+0000][gc,heap       ] GC(967) Eden regions: 30->0(31)
[2025-11-08T01:14:09.310+0000][gc,heap       ] GC(967) Survivor regions: 4->3(5)
[2025-11-08T01:14:09.310+0000][gc,heap       ] GC(967) Old regions: 449->449
[2025-11-08T01:14:09.310+0000][gc,heap       ] GC(967) Humongous regions: 147->147
[2025-11-08T01:14:09.310+0000][gc,metaspace  ] GC(967) Metaspace: 53318K(56604K)->53318K(56604K) NonClass: 47415K(49232K)->47415K(49232K) Class: 5903K(7372K)->5903K(7372K)
[2025-11-08T01:14:09.310+0000][gc            ] GC(967) Pause Young (Normal) (G1 Evacuation Pause) 628M->598M(684M) 18.905ms
[2025-11-08T01:14:09.311+0000][gc,cpu        ] GC(967) User=0.02s Sys=0.00s Real=0.02s
[2025-11-08T01:14:15.604+0000][gc,start      ] GC(968) Pause Young (Normal) (G1 Evacuation Pause)
[2025-11-08T01:14:15.604+0000][gc,task       ] GC(968) Using 2 workers of 2 for evacuation
[2025-11-08T01:14:15.611+0000][gc,phases     ] GC(968)   Pre Evacuate Collection Set: 0.0ms
[2025-11-08T01:14:15.611+0000][gc,phases     ] GC(968)   Evacuate Collection Set: 5.2ms
[2025-11-08T01:14:15.611+0000][gc,phases     ] GC(968)   Post Evacuate Collection Set: 0.7ms
[2025-11-08T01:14:15.611+0000][gc,phases     ] GC(968)   Other: 0.4ms
[2025-11-08T01:14:15.611+0000][gc,heap       ] GC(968) Eden regions: 31->0(32)
[2025-11-08T01:14:15.611+0000][gc,heap       ] GC(968) Survivor regions: 3->2(5)
[2025-11-08T01:14:15.612+0000][gc,heap       ] GC(968) Old regions: 449->449
[2025-11-08T01:14:15.612+0000][gc,heap       ] GC(968) Humongous regions: 147->147
[2025-11-08T01:14:15.612+0000][gc,metaspace  ] GC(968) Metaspace: 53318K(56604K)->53318K(56604K) NonClass: 47415K(49232K)->47415K(49232K) Class: 5903K(7372K)->5903K(7372K)
[2025-11-08T01:14:15.612+0000][gc            ] GC(968) Pause Young (Normal) (G1 Evacuation Pause) 629M->597M(684M) 7.638ms
[2025-11-08T01:14:15.612+0000][gc,cpu        ] GC(968) User=0.01s Sys=0.00s Real=0.01s
[2025-11-08T01:14:22.129+0000][gc,start      ] GC(969) Pause Young (Normal) (G1 Evacuation Pause)
[2025-11-08T01:14:22.129+0000][gc,task       ] GC(969) Using 2 workers of 2 for evacuation
[2025-11-08T01:14:22.137+0000][gc,phases     ] GC(969)   Pre Evacuate Collection Set: 0.0ms
[2025-11-08T01:14:22.137+0000][gc,phases     ] GC(969)   Evacuate Collection Set: 6.9ms
[2025-11-08T01:14:22.137+0000][gc,phases     ] GC(969)   Post Evacuate Collection Set: 0.6ms
[2025-11-08T01:14:22.138+0000][gc,phases     ] GC(969)   Other: 0.9ms
[2025-11-08T01:14:22.138+0000][gc,heap       ] GC(969) Eden regions: 32->0(32)
[2025-11-08T01:14:22.138+0000][gc,heap       ] GC(969) Survivor regions: 2->2(5)
[2025-11-08T01:14:22.139+0000][gc,heap       ] GC(969) Old regions: 449->449
[2025-11-08T01:14:22.139+0000][gc,heap       ] GC(969) Humongous regions: 147->147
[2025-11-08T01:14:22.139+0000][gc,metaspace  ] GC(969) Metaspace: 53318K(56604K)->53318K(56604K) NonClass: 47415K(49232K)->47415K(49232K) Class: 5903K(7372K)->5903K(7372K)
[2025-11-08T01:14:22.139+0000][gc            ] GC(969) Pause Young (Normal) (G1 Evacuation Pause) 629M->597M(684M) 10.549ms
[2025-11-08T01:14:22.139+0000][gc,cpu        ] GC(969) User=0.02s Sys=0.00s Real=0.01s
[2025-11-08T01:14:28.683+0000][gc,start      ] GC(970) Pause Young (Normal) (G1 Evacuation Pause)
[2025-11-08T01:14:28.683+0000][gc,task       ] GC(970) Using 2 workers of 2 for evacuation
[2025-11-08T01:14:28.695+0000][gc,phases     ] GC(970)   Pre Evacuate Collection Set: 0.0ms
[2025-11-08T01:14:28.696+0000][gc,phases     ] GC(970)   Evacuate Collection Set: 11.1ms
[2025-11-08T01:14:28.696+0000][gc,phases     ] GC(970)   Post Evacuate Collection Set: 0.8ms
[2025-11-08T01:14:28.696+0000][gc,phases     ] GC(970)   Other: 0.9ms
[2025-11-08T01:14:28.696+0000][gc,heap       ] GC(970) Eden regions: 32->0(30)
[2025-11-08T01:14:28.697+0000][gc,heap       ] GC(970) Survivor regions: 2->4(5)
[2025-11-08T01:14:28.698+0000][gc,heap       ] GC(970) Old regions: 449->449
[2025-11-08T01:14:28.698+0000][gc,heap       ] GC(970) Humongous regions: 147->147
[2025-11-08T01:14:28.698+0000][gc,metaspace  ] GC(970) Metaspace: 53318K(56604K)->53318K(56604K) NonClass: 47415K(49232K)->47415K(49232K) Class: 5903K(7372K)->5903K(7372K)
[2025-11-08T01:14:28.700+0000][gc            ] GC(970) Pause Young (Normal) (G1 Evacuation Pause) 629M->599M(684M) 16.947ms
[2025-11-08T01:14:28.700+0000][gc,cpu        ] GC(970) User=0.03s Sys=0.00s Real=0.01s
[2025-11-08T01:14:34.998+0000][gc,start      ] GC(971) Pause Young (Normal) (G1 Evacuation Pause)
[2025-11-08T01:14:34.998+0000][gc,task       ] GC(971) Using 2 workers of 2 for evacuation
[2025-11-08T01:14:35.020+0000][gc,mmu        ] GC(971) MMU target violated: 21.0ms (20.0ms/21.0ms)
[2025-11-08T01:14:35.020+0000][gc,phases     ] GC(971)   Pre Evacuate Collection Set: 0.0ms
[2025-11-08T01:14:35.021+0000][gc,phases     ] GC(971)   Evacuate Collection Set: 21.4ms
[2025-11-08T01:14:35.021+0000][gc,phases     ] GC(971)   Post Evacuate Collection Set: 0.6ms
[2025-11-08T01:14:35.021+0000][gc,phases     ] GC(971)   Other: 0.8ms
[2025-11-08T01:14:35.021+0000][gc,heap       ] GC(971) Eden regions: 30->0(31)
[2025-11-08T01:14:35.021+0000][gc,heap       ] GC(971) Survivor regions: 4->3(5)
[2025-11-08T01:14:35.021+0000][gc,heap       ] GC(971) Old regions: 449->450
[2025-11-08T01:14:35.022+0000][gc,heap       ] GC(971) Humongous regions: 147->147
[2025-11-08T01:14:35.022+0000][gc,metaspace  ] GC(971) Metaspace: 53318K(56604K)->53318K(56604K) NonClass: 47415K(49232K)->47415K(49232K) Class: 5903K(7372K)->5903K(7372K)
[2025-11-08T01:14:35.022+0000][gc            ] GC(971) Pause Young (Normal) (G1 Evacuation Pause) 629M->599M(684M) 24.400ms
[2025-11-08T01:14:35.022+0000][gc,cpu        ] GC(971) User=0.02s Sys=0.00s Real=0.03s
[2025-11-08T01:14:41.368+0000][gc,start      ] GC(972) Pause Young (Normal) (G1 Evacuation Pause)
[2025-11-08T01:14:41.368+0000][gc,task       ] GC(972) Using 2 workers of 2 for evacuation
[2025-11-08T01:14:41.374+0000][gc,phases     ] GC(972)   Pre Evacuate Collection Set: 0.0ms
[2025-11-08T01:14:41.374+0000][gc,phases     ] GC(972)   Evacuate Collection Set: 5.3ms
[2025-11-08T01:14:41.374+0000][gc,phases     ] GC(972)   Post Evacuate Collection Set: 0.5ms
[2025-11-08T01:14:41.374+0000][gc,phases     ] GC(972)   Other: 0.6ms
[2025-11-08T01:14:41.375+0000][gc,heap       ] GC(972) Eden regions: 31->0(32)
[2025-11-08T01:14:41.375+0000][gc,heap       ] GC(972) Survivor regions: 3->2(5)
[2025-11-08T01:14:41.375+0000][gc,heap       ] GC(972) Old regions: 450->450
[2025-11-08T01:14:41.375+0000][gc,heap       ] GC(972) Humongous regions: 147->147
[2025-11-08T01:14:41.375+0000][gc,metaspace  ] GC(972) Metaspace: 53318K(56604K)->53318K(56604K) NonClass: 47415K(49232K)->47415K(49232K) Class: 5903K(7372K)->5903K(7372K)
[2025-11-08T01:14:41.375+0000][gc            ] GC(972) Pause Young (Normal) (G1 Evacuation Pause) 630M->598M(684M) 7.634ms
[2025-11-08T01:14:41.376+0000][gc,cpu        ] GC(972) User=0.02s Sys=0.00s Real=0.01s
[2025-11-08T01:14:48.069+0000][gc,start      ] GC(973) Pause Young (Normal) (G1 Evacuation Pause)
[2025-11-08T01:14:48.069+0000][gc,task       ] GC(973) Using 2 workers of 2 for evacuation
[2025-11-08T01:14:48.075+0000][gc,phases     ] GC(973)   Pre Evacuate Collection Set: 0.0ms
[2025-11-08T01:14:48.076+0000][gc,phases     ] GC(973)   Evacuate Collection Set: 5.6ms
[2025-11-08T01:14:48.076+0000][gc,phases     ] GC(973)   Post Evacuate Collection Set: 0.6ms
[2025-11-08T01:14:48.076+0000][gc,phases     ] GC(973)   Other: 0.5ms
[2025-11-08T01:14:48.076+0000][gc,heap       ] GC(973) Eden regions: 32->0(32)
[2025-11-08T01:14:48.076+0000][gc,heap       ] GC(973) Survivor regions: 2->2(5)
[2025-11-08T01:14:48.076+0000][gc,heap       ] GC(973) Old regions: 450->450
[2025-11-08T01:14:48.077+0000][gc,heap       ] GC(973) Humongous regions: 147->147
[2025-11-08T01:14:48.077+0000][gc,metaspace  ] GC(973) Metaspace: 53318K(56604K)->53318K(56604K) NonClass: 47415K(49232K)->47415K(49232K) Class: 5903K(7372K)->5903K(7372K)
[2025-11-08T01:14:48.077+0000][gc            ] GC(973) Pause Young (Normal) (G1 Evacuation Pause) 630M->598M(684M) 8.297ms
[2025-11-08T01:14:48.077+0000][gc,cpu        ] GC(973) User=0.01s Sys=0.00s Real=0.01s
[2025-11-08T01:14:54.694+0000][gc,start      ] GC(974) Pause Young (Normal) (G1 Evacuation Pause)
[2025-11-08T01:14:54.694+0000][gc,task       ] GC(974) Using 2 workers of 2 for evacuation
[2025-11-08T01:14:54.700+0000][gc,phases     ] GC(974)   Pre Evacuate Collection Set: 0.0ms
[2025-11-08T01:14:54.700+0000][gc,phases     ] GC(974)   Evacuate Collection Set: 5.2ms
[2025-11-08T01:14:54.700+0000][gc,phases     ] GC(974)   Post Evacuate Collection Set: 0.6ms
[2025-11-08T01:14:54.700+0000][gc,phases     ] GC(974)   Other: 0.6ms
[2025-11-08T01:14:54.701+0000][gc,heap       ] GC(974) Eden regions: 32->0(32)
[2025-11-08T01:14:54.701+0000][gc,heap       ] GC(974) Survivor regions: 2->2(5)
[2025-11-08T01:14:54.701+0000][gc,heap       ] GC(974) Old regions: 450->450
[2025-11-08T01:14:54.701+0000][gc,heap       ] GC(974) Humongous regions: 147->147
[2025-11-08T01:14:54.702+0000][gc,metaspace  ] GC(974) Metaspace: 53318K(56604K)->53318K(56604K) NonClass: 47415K(49232K)->47415K(49232K) Class: 5903K(7372K)->5903K(7372K)
[2025-11-08T01:14:54.703+0000][gc            ] GC(974) Pause Young (Normal) (G1 Evacuation Pause) 630M->598M(684M) 9.003ms
[2025-11-08T01:14:54.703+0000][gc,cpu        ] GC(974) User=0.01s Sys=0.00s Real=0.01s
[2025-11-08T01:15:01.232+0000][gc,start      ] GC(975) Pause Young (Normal) (G1 Evacuation Pause)
[2025-11-08T01:15:01.232+0000][gc,task       ] GC(975) Using 2 workers of 2 for evacuation
[2025-11-08T01:15:01.240+0000][gc,phases     ] GC(975)   Pre Evacuate Collection Set: 0.0ms
[2025-11-08T01:15:01.241+0000][gc,phases     ] GC(975)   Evacuate Collection Set: 7.0ms
[2025-11-08T01:15:01.241+0000][gc,phases     ] GC(975)   Post Evacuate Collection Set: 0.6ms
[2025-11-08T01:15:01.241+0000][gc,phases     ] GC(975)   Other: 0.6ms
[2025-11-08T01:15:01.241+0000][gc,heap       ] GC(975) Eden regions: 32->0(31)
[2025-11-08T01:15:01.241+0000][gc,heap       ] GC(975) Survivor regions: 2->3(5)
[2025-11-08T01:15:01.241+0000][gc,heap       ] GC(975) Old regions: 450->450
[2025-11-08T01:15:01.242+0000][gc,heap       ] GC(975) Humongous regions: 147->147
[2025-11-08T01:15:01.242+0000][gc,metaspace  ] GC(975) Metaspace: 53318K(56604K)->53318K(56604K) NonClass: 47415K(49232K)->47415K(49232K) Class: 5903K(7372K)->5903K(7372K)
[2025-11-08T01:15:01.242+0000][gc            ] GC(975) Pause Young (Normal) (G1 Evacuation Pause) 630M->599M(684M) 9.789ms
[2025-11-08T01:15:01.242+0000][gc,cpu        ] GC(975) User=0.01s Sys=0.00s Real=0.01s
[2025-11-08T01:15:07.541+0000][gc,start      ] GC(976) Pause Young (Normal) (G1 Evacuation Pause)
[2025-11-08T01:15:07.542+0000][gc,task       ] GC(976) Using 2 workers of 2 for evacuation
[2025-11-08T01:15:07.557+0000][gc,phases     ] GC(976)   Pre Evacuate Collection Set: 0.0ms
[2025-11-08T01:15:07.557+0000][gc,phases     ] GC(976)   Evacuate Collection Set: 14.7ms
[2025-11-08T01:15:07.558+0000][gc,phases     ] GC(976)   Post Evacuate Collection Set: 0.5ms
[2025-11-08T01:15:07.558+0000][gc,phases     ] GC(976)   Other: 0.8ms
[2025-11-08T01:15:07.558+0000][gc,heap       ] GC(976) Eden regions: 31->0(31)
[2025-11-08T01:15:07.558+0000][gc,heap       ] GC(976) Survivor regions: 3->3(5)
[2025-11-08T01:15:07.558+0000][gc,heap       ] GC(976) Old regions: 450->451
[2025-11-08T01:15:07.558+0000][gc,heap       ] GC(976) Humongous regions: 147->147
[2025-11-08T01:15:07.558+0000][gc,metaspace  ] GC(976) Metaspace: 53318K(56604K)->53318K(56604K) NonClass: 47415K(49232K)->47415K(49232K) Class: 5903K(7372K)->5903K(7372K)
[2025-11-08T01:15:07.558+0000][gc            ] GC(976) Pause Young (Normal) (G1 Evacuation Pause) 630M->599M(684M) 17.204ms
[2025-11-08T01:15:07.559+0000][gc,cpu        ] GC(976) User=0.02s Sys=0.00s Real=0.02s
[2025-11-08T01:15:13.931+0000][gc,start      ] GC(977) Pause Young (Normal) (G1 Evacuation Pause)
[2025-11-08T01:15:13.931+0000][gc,task       ] GC(977) Using 2 workers of 2 for evacuation
[2025-11-08T01:15:13.940+0000][gc,phases     ] GC(977)   Pre Evacuate Collection Set: 0.0ms
[2025-11-08T01:15:13.941+0000][gc,phases     ] GC(977)   Evacuate Collection Set: 7.4ms
[2025-11-08T01:15:13.941+0000][gc,phases     ] GC(977)   Post Evacuate Collection Set: 0.9ms
[2025-11-08T01:15:13.941+0000][gc,phases     ] GC(977)   Other: 1.5ms
[2025-11-08T01:15:13.942+0000][gc,heap       ] GC(977) Eden regions: 31->0(32)
[2025-11-08T01:15:13.942+0000][gc,heap       ] GC(977) Survivor regions: 3->2(5)
[2025-11-08T01:15:13.942+0000][gc,heap       ] GC(977) Old regions: 451->451
[2025-11-08T01:15:13.943+0000][gc,heap       ] GC(977) Humongous regions: 147->147
[2025-11-08T01:15:13.943+0000][gc,metaspace  ] GC(977) Metaspace: 53318K(56604K)->53318K(56604K) NonClass: 47415K(49232K)->47415K(49232K) Class: 5903K(7372K)->5903K(7372K)
[2025-11-08T01:15:13.944+0000][gc            ] GC(977) Pause Young (Normal) (G1 Evacuation Pause) 630M->599M(684M) 12.990ms
[2025-11-08T01:15:13.944+0000][gc,cpu        ] GC(977) User=0.01s Sys=0.00s Real=0.02s
[2025-11-08T01:15:20.417+0000][gc,start      ] GC(978) Pause Young (Normal) (G1 Evacuation Pause)
[2025-11-08T01:15:20.417+0000][gc,task       ] GC(978) Using 2 workers of 2 for evacuation
[2025-11-08T01:15:20.426+0000][gc,phases     ] GC(978)   Pre Evacuate Collection Set: 0.0ms
[2025-11-08T01:15:20.426+0000][gc,phases     ] GC(978)   Evacuate Collection Set: 7.8ms
[2025-11-08T01:15:20.426+0000][gc,phases     ] GC(978)   Post Evacuate Collection Set: 0.6ms
[2025-11-08T01:15:20.427+0000][gc,phases     ] GC(978)   Other: 0.8ms
[2025-11-08T01:15:20.427+0000][gc,heap       ] GC(978) Eden regions: 32->0(32)
[2025-11-08T01:15:20.427+0000][gc,heap       ] GC(978) Survivor regions: 2->2(5)
[2025-11-08T01:15:20.427+0000][gc,heap       ] GC(978) Old regions: 451->451
[2025-11-08T01:15:20.428+0000][gc,heap       ] GC(978) Humongous regions: 147->147
[2025-11-08T01:15:20.428+0000][gc,metaspace  ] GC(978) Metaspace: 53318K(56604K)->53318K(56604K) NonClass: 47415K(49232K)->47415K(49232K) Class: 5903K(7372K)->5903K(7372K)
[2025-11-08T01:15:20.428+0000][gc            ] GC(978) Pause Young (Normal) (G1 Evacuation Pause) 631M->598M(684M) 11.396ms
[2025-11-08T01:15:20.428+0000][gc,cpu        ] GC(978) User=0.02s Sys=0.00s Real=0.01s
[2025-11-08T01:15:26.971+0000][gc,start      ] GC(979) Pause Young (Normal) (G1 Evacuation Pause)
[2025-11-08T01:15:26.972+0000][gc,task       ] GC(979) Using 2 workers of 2 for evacuation
[2025-11-08T01:15:26.980+0000][gc,phases     ] GC(979)   Pre Evacuate Collection Set: 0.0ms
[2025-11-08T01:15:26.980+0000][gc,phases     ] GC(979)   Evacuate Collection Set: 7.3ms
[2025-11-08T01:15:26.981+0000][gc,phases     ] GC(979)   Post Evacuate Collection Set: 0.5ms
[2025-11-08T01:15:26.981+0000][gc,phases     ] GC(979)   Other: 0.5ms
[2025-11-08T01:15:26.981+0000][gc,heap       ] GC(979) Eden regions: 32->0(30)
[2025-11-08T01:15:26.981+0000][gc,heap       ] GC(979) Survivor regions: 2->4(5)
[2025-11-08T01:15:26.982+0000][gc,heap       ] GC(979) Old regions: 451->451
[2025-11-08T01:15:26.982+0000][gc,heap       ] GC(979) Humongous regions: 147->147
[2025-11-08T01:15:26.982+0000][gc,metaspace  ] GC(979) Metaspace: 53318K(56604K)->53318K(56604K) NonClass: 47415K(49232K)->47415K(49232K) Class: 5903K(7372K)->5903K(7372K)
[2025-11-08T01:15:26.982+0000][gc            ] GC(979) Pause Young (Normal) (G1 Evacuation Pause) 630M->600M(684M) 10.442ms
[2025-11-08T01:15:26.982+0000][gc,cpu        ] GC(979) User=0.01s Sys=0.00s Real=0.02s
[2025-11-08T01:15:33.104+0000][gc,start      ] GC(980) Pause Young (Normal) (G1 Evacuation Pause)
[2025-11-08T01:15:33.105+0000][gc,task       ] GC(980) Using 2 workers of 2 for evacuation
[2025-11-08T01:15:33.121+0000][gc,phases     ] GC(980)   Pre Evacuate Collection Set: 0.0ms
[2025-11-08T01:15:33.121+0000][gc,phases     ] GC(980)   Evacuate Collection Set: 15.1ms
[2025-11-08T01:15:33.121+0000][gc,phases     ] GC(980)   Post Evacuate Collection Set: 0.6ms
[2025-11-08T01:15:33.121+0000][gc,phases     ] GC(980)   Other: 0.5ms
[2025-11-08T01:15:33.122+0000][gc,heap       ] GC(980) Eden regions: 30->0(32)
[2025-11-08T01:15:33.122+0000][gc,heap       ] GC(980) Survivor regions: 4->2(5)
[2025-11-08T01:15:33.122+0000][gc,heap       ] GC(980) Old regions: 451->452
[2025-11-08T01:15:33.122+0000][gc,heap       ] GC(980) Humongous regions: 147->147
[2025-11-08T01:15:33.122+0000][gc,metaspace  ] GC(980) Metaspace: 53318K(56604K)->53318K(56604K) NonClass: 47415K(49232K)->47415K(49232K) Class: 5903K(7372K)->5903K(7372K)
[2025-11-08T01:15:33.123+0000][gc            ] GC(980) Pause Young (Normal) (G1 Evacuation Pause) 630M->600M(684M) 18.254ms
[2025-11-08T01:15:33.123+0000][gc,cpu        ] GC(980) User=0.02s Sys=0.00s Real=0.02s
[2025-11-08T01:15:39.732+0000][gc,start      ] GC(981) Pause Young (Normal) (G1 Evacuation Pause)
[2025-11-08T01:15:39.732+0000][gc,task       ] GC(981) Using 2 workers of 2 for evacuation
[2025-11-08T01:15:39.739+0000][gc,phases     ] GC(981)   Pre Evacuate Collection Set: 0.0ms
[2025-11-08T01:15:39.739+0000][gc,phases     ] GC(981)   Evacuate Collection Set: 6.2ms
[2025-11-08T01:15:39.739+0000][gc,phases     ] GC(981)   Post Evacuate Collection Set: 0.3ms
[2025-11-08T01:15:39.740+0000][gc,phases     ] GC(981)   Other: 0.8ms
[2025-11-08T01:15:39.740+0000][gc,heap       ] GC(981) Eden regions: 32->0(32)
[2025-11-08T01:15:39.740+0000][gc,heap       ] GC(981) Survivor regions: 2->2(5)
[2025-11-08T01:15:39.740+0000][gc,heap       ] GC(981) Old regions: 452->452
[2025-11-08T01:15:39.740+0000][gc,heap       ] GC(981) Humongous regions: 147->147
[2025-11-08T01:15:39.740+0000][gc,metaspace  ] GC(981) Metaspace: 53318K(56604K)->53318K(56604K) NonClass: 47415K(49232K)->47415K(49232K) Class: 5903K(7372K)->5903K(7372K)
[2025-11-08T01:15:39.740+0000][gc            ] GC(981) Pause Young (Normal) (G1 Evacuation Pause) 632M->599M(684M) 8.669ms
[2025-11-08T01:15:39.741+0000][gc,cpu        ] GC(981) User=0.01s Sys=0.00s Real=0.01s
[2025-11-08T01:15:46.394+0000][gc,start      ] GC(982) Pause Young (Normal) (G1 Evacuation Pause)
[2025-11-08T01:15:46.394+0000][gc,task       ] GC(982) Using 2 workers of 2 for evacuation
[2025-11-08T01:15:46.401+0000][gc,phases     ] GC(982)   Pre Evacuate Collection Set: 0.0ms
[2025-11-08T01:15:46.401+0000][gc,phases     ] GC(982)   Evacuate Collection Set: 5.7ms
[2025-11-08T01:15:46.401+0000][gc,phases     ] GC(982)   Post Evacuate Collection Set: 0.5ms
[2025-11-08T01:15:46.401+0000][gc,phases     ] GC(982)   Other: 0.6ms
[2025-11-08T01:15:46.401+0000][gc,heap       ] GC(982) Eden regions: 32->0(32)
[2025-11-08T01:15:46.402+0000][gc,heap       ] GC(982) Survivor regions: 2->2(5)
[2025-11-08T01:15:46.402+0000][gc,heap       ] GC(982) Old regions: 452->452
[2025-11-08T01:15:46.402+0000][gc,heap       ] GC(982) Humongous regions: 147->147
[2025-11-08T01:15:46.402+0000][gc,metaspace  ] GC(982) Metaspace: 53318K(56604K)->53318K(56604K) NonClass: 47415K(49232K)->47415K(49232K) Class: 5903K(7372K)->5903K(7372K)
[2025-11-08T01:15:46.402+0000][gc            ] GC(982) Pause Young (Normal) (G1 Evacuation Pause) 631M->599M(684M) 8.259ms
[2025-11-08T01:15:46.403+0000][gc,cpu        ] GC(982) User=0.02s Sys=0.00s Real=0.01s
[2025-11-08T01:15:52.973+0000][gc,start      ] GC(983) Pause Young (Normal) (G1 Evacuation Pause)
[2025-11-08T01:15:52.973+0000][gc,task       ] GC(983) Using 2 workers of 2 for evacuation
[2025-11-08T01:15:52.981+0000][gc,phases     ] GC(983)   Pre Evacuate Collection Set: 0.0ms
[2025-11-08T01:15:52.981+0000][gc,phases     ] GC(983)   Evacuate Collection Set: 6.3ms
[2025-11-08T01:15:52.981+0000][gc,phases     ] GC(983)   Post Evacuate Collection Set: 0.6ms
[2025-11-08T01:15:52.981+0000][gc,phases     ] GC(983)   Other: 0.7ms
[2025-11-08T01:15:52.981+0000][gc,heap       ] GC(983) Eden regions: 32->0(32)
[2025-11-08T01:15:52.981+0000][gc,heap       ] GC(983) Survivor regions: 2->2(5)
[2025-11-08T01:15:52.981+0000][gc,heap       ] GC(983) Old regions: 452->452
[2025-11-08T01:15:52.982+0000][gc,heap       ] GC(983) Humongous regions: 147->147
[2025-11-08T01:15:52.982+0000][gc,metaspace  ] GC(983) Metaspace: 53318K(56604K)->53318K(56604K) NonClass: 47415K(49232K)->47415K(49232K) Class: 5903K(7372K)->5903K(7372K)
[2025-11-08T01:15:52.982+0000][gc            ] GC(983) Pause Young (Normal) (G1 Evacuation Pause) 631M->599M(684M) 8.733ms
[2025-11-08T01:15:52.982+0000][gc,cpu        ] GC(983) User=0.02s Sys=0.00s Real=0.00s
[2025-11-08T01:15:59.497+0000][gc,start      ] GC(984) Pause Young (Normal) (G1 Evacuation Pause)
[2025-11-08T01:15:59.498+0000][gc,task       ] GC(984) Using 2 workers of 2 for evacuation
[2025-11-08T01:15:59.506+0000][gc,phases     ] GC(984)   Pre Evacuate Collection Set: 0.0ms
[2025-11-08T01:15:59.507+0000][gc,phases     ] GC(984)   Evacuate Collection Set: 7.2ms
[2025-11-08T01:15:59.507+0000][gc,phases     ] GC(984)   Post Evacuate Collection Set: 0.7ms
[2025-11-08T01:15:59.507+0000][gc,phases     ] GC(984)   Other: 0.6ms
[2025-11-08T01:15:59.508+0000][gc,heap       ] GC(984) Eden regions: 32->0(30)
[2025-11-08T01:15:59.508+0000][gc,heap       ] GC(984) Survivor regions: 2->4(5)
[2025-11-08T01:15:59.508+0000][gc,heap       ] GC(984) Old regions: 452->452
[2025-11-08T01:15:59.508+0000][gc,heap       ] GC(984) Humongous regions: 147->147
[2025-11-08T01:15:59.509+0000][gc,metaspace  ] GC(984) Metaspace: 53318K(56604K)->53318K(56604K) NonClass: 47415K(49232K)->47415K(49232K) Class: 5903K(7372K)->5903K(7372K)
[2025-11-08T01:15:59.509+0000][gc            ] GC(984) Pause Young (Normal) (G1 Evacuation Pause) 631M->601M(684M) 11.375ms
[2025-11-08T01:15:59.509+0000][gc,cpu        ] GC(984) User=0.02s Sys=0.00s Real=0.01s
[2025-11-08T01:16:05.563+0000][gc,start      ] GC(985) Pause Young (Normal) (G1 Evacuation Pause)
[2025-11-08T01:16:05.563+0000][gc,task       ] GC(985) Using 2 workers of 2 for evacuation
[2025-11-08T01:16:05.571+0000][gc,phases     ] GC(985)   Pre Evacuate Collection Set: 0.0ms
[2025-11-08T01:16:05.571+0000][gc,phases     ] GC(985)   Evacuate Collection Set: 6.9ms
[2025-11-08T01:16:05.572+0000][gc,phases     ] GC(985)   Post Evacuate Collection Set: 0.6ms
[2025-11-08T01:16:05.572+0000][gc,phases     ] GC(985)   Other: 0.6ms
[2025-11-08T01:16:05.573+0000][gc,heap       ] GC(985) Eden regions: 30->0(31)
[2025-11-08T01:16:05.573+0000][gc,heap       ] GC(985) Survivor regions: 4->3(5)
[2025-11-08T01:16:05.573+0000][gc,heap       ] GC(985) Old regions: 452->452
[2025-11-08T01:16:05.573+0000][gc,heap       ] GC(985) Humongous regions: 147->147
[2025-11-08T01:16:05.573+0000][gc,metaspace  ] GC(985) Metaspace: 53318K(56604K)->53318K(56604K) NonClass: 47415K(49232K)->47415K(49232K) Class: 5903K(7372K)->5903K(7372K)
[2025-11-08T01:16:05.573+0000][gc            ] GC(985) Pause Young (Normal) (G1 Evacuation Pause) 631M->600M(684M) 10.458ms
[2025-11-08T01:16:05.574+0000][gc,cpu        ] GC(985) User=0.02s Sys=0.00s Real=0.01s
[2025-11-08T01:16:11.841+0000][gc,start      ] GC(986) Pause Young (Normal) (G1 Evacuation Pause)
[2025-11-08T01:16:11.841+0000][gc,task       ] GC(986) Using 2 workers of 2 for evacuation
[2025-11-08T01:16:11.848+0000][gc,phases     ] GC(986)   Pre Evacuate Collection Set: 0.0ms
[2025-11-08T01:16:11.848+0000][gc,phases     ] GC(986)   Evacuate Collection Set: 5.5ms
[2025-11-08T01:16:11.848+0000][gc,phases     ] GC(986)   Post Evacuate Collection Set: 0.6ms
[2025-11-08T01:16:11.848+0000][gc,phases     ] GC(986)   Other: 0.7ms
[2025-11-08T01:16:11.849+0000][gc,heap       ] GC(986) Eden regions: 31->0(32)
[2025-11-08T01:16:11.849+0000][gc,heap       ] GC(986) Survivor regions: 3->2(5)
[2025-11-08T01:16:11.849+0000][gc,heap       ] GC(986) Old regions: 452->452
[2025-11-08T01:16:11.849+0000][gc,heap       ] GC(986) Humongous regions: 147->147
[2025-11-08T01:16:11.849+0000][gc,metaspace  ] GC(986) Metaspace: 53318K(56604K)->53318K(56604K) NonClass: 47415K(49232K)->47415K(49232K) Class: 5903K(7372K)->5903K(7372K)
[2025-11-08T01:16:11.850+0000][gc            ] GC(986) Pause Young (Normal) (G1 Evacuation Pause) 631M->600M(684M) 8.650ms
[2025-11-08T01:16:11.850+0000][gc,cpu        ] GC(986) User=0.01s Sys=0.00s Real=0.01s
[2025-11-08T01:16:18.327+0000][gc,start      ] GC(987) Pause Young (Normal) (G1 Evacuation Pause)
[2025-11-08T01:16:18.327+0000][gc,task       ] GC(987) Using 2 workers of 2 for evacuation
[2025-11-08T01:16:18.333+0000][gc,phases     ] GC(987)   Pre Evacuate Collection Set: 0.0ms
[2025-11-08T01:16:18.334+0000][gc,phases     ] GC(987)   Evacuate Collection Set: 5.7ms
[2025-11-08T01:16:18.334+0000][gc,phases     ] GC(987)   Post Evacuate Collection Set: 0.7ms
[2025-11-08T01:16:18.334+0000][gc,phases     ] GC(987)   Other: 0.5ms
[2025-11-08T01:16:18.334+0000][gc,heap       ] GC(987) Eden regions: 32->0(32)
[2025-11-08T01:16:18.334+0000][gc,heap       ] GC(987) Survivor regions: 2->2(5)
[2025-11-08T01:16:18.335+0000][gc,heap       ] GC(987) Old regions: 452->452
[2025-11-08T01:16:18.335+0000][gc,heap       ] GC(987) Humongous regions: 147->147
[2025-11-08T01:16:18.335+0000][gc,metaspace  ] GC(987) Metaspace: 53318K(56604K)->53318K(56604K) NonClass: 47415K(49232K)->47415K(49232K) Class: 5903K(7372K)->5903K(7372K)
[2025-11-08T01:16:18.335+0000][gc            ] GC(987) Pause Young (Normal) (G1 Evacuation Pause) 632M->600M(684M) 8.738ms
[2025-11-08T01:16:18.335+0000][gc,cpu        ] GC(987) User=0.01s Sys=0.00s Real=0.01s
[2025-11-08T01:16:24.874+0000][gc,start      ] GC(988) Pause Young (Normal) (G1 Evacuation Pause)
[2025-11-08T01:16:24.874+0000][gc,task       ] GC(988) Using 2 workers of 2 for evacuation
[2025-11-08T01:16:24.882+0000][gc,phases     ] GC(988)   Pre Evacuate Collection Set: 0.0ms
[2025-11-08T01:16:24.882+0000][gc,phases     ] GC(988)   Evacuate Collection Set: 7.3ms
[2025-11-08T01:16:24.883+0000][gc,phases     ] GC(988)   Post Evacuate Collection Set: 0.5ms
[2025-11-08T01:16:24.883+0000][gc,phases     ] GC(988)   Other: 0.5ms
[2025-11-08T01:16:24.883+0000][gc,heap       ] GC(988) Eden regions: 32->0(30)
[2025-11-08T01:16:24.883+0000][gc,heap       ] GC(988) Survivor regions: 2->4(5)
[2025-11-08T01:16:24.883+0000][gc,heap       ] GC(988) Old regions: 452->452
[2025-11-08T01:16:24.883+0000][gc,heap       ] GC(988) Humongous regions: 147->147
[2025-11-08T01:16:24.883+0000][gc,metaspace  ] GC(988) Metaspace: 53318K(56604K)->53318K(56604K) NonClass: 47415K(49232K)->47415K(49232K) Class: 5903K(7372K)->5903K(7372K)
[2025-11-08T01:16:24.884+0000][gc            ] GC(988) Pause Young (Normal) (G1 Evacuation Pause) 632M->601M(684M) 9.821ms
[2025-11-08T01:16:24.884+0000][gc,cpu        ] GC(988) User=0.01s Sys=0.00s Real=0.01s
[2025-11-08T01:16:31.022+0000][gc,start      ] GC(989) Pause Young (Normal) (G1 Evacuation Pause)
[2025-11-08T01:16:31.022+0000][gc,task       ] GC(989) Using 2 workers of 2 for evacuation
[2025-11-08T01:16:31.035+0000][gc,phases     ] GC(989)   Pre Evacuate Collection Set: 0.0ms
[2025-11-08T01:16:31.035+0000][gc,phases     ] GC(989)   Evacuate Collection Set: 11.8ms
[2025-11-08T01:16:31.035+0000][gc,phases     ] GC(989)   Post Evacuate Collection Set: 0.6ms
[2025-11-08T01:16:31.036+0000][gc,phases     ] GC(989)   Other: 0.6ms
[2025-11-08T01:16:31.036+0000][gc,heap       ] GC(989) Eden regions: 30->0(31)
[2025-11-08T01:16:31.036+0000][gc,heap       ] GC(989) Survivor regions: 4->3(5)
[2025-11-08T01:16:31.036+0000][gc,heap       ] GC(989) Old regions: 452->453
[2025-11-08T01:16:31.036+0000][gc,heap       ] GC(989) Humongous regions: 147->147
[2025-11-08T01:16:31.037+0000][gc,metaspace  ] GC(989) Metaspace: 53318K(56604K)->53318K(56604K) NonClass: 47415K(49232K)->47415K(49232K) Class: 5903K(7372K)->5903K(7372K)
[2025-11-08T01:16:31.037+0000][gc            ] GC(989) Pause Young (Normal) (G1 Evacuation Pause) 631M->601M(684M) 14.626ms
[2025-11-08T01:16:31.037+0000][gc,cpu        ] GC(989) User=0.02s Sys=0.00s Real=0.02s
[2025-11-08T01:16:37.504+0000][gc,start      ] GC(990) Pause Young (Normal) (G1 Evacuation Pause)
[2025-11-08T01:16:37.504+0000][gc,task       ] GC(990) Using 2 workers of 2 for evacuation
[2025-11-08T01:16:37.511+0000][gc,phases     ] GC(990)   Pre Evacuate Collection Set: 0.0ms
[2025-11-08T01:16:37.511+0000][gc,phases     ] GC(990)   Evacuate Collection Set: 5.8ms
[2025-11-08T01:16:37.511+0000][gc,phases     ] GC(990)   Post Evacuate Collection Set: 0.6ms
[2025-11-08T01:16:37.511+0000][gc,phases     ] GC(990)   Other: 0.6ms
[2025-11-08T01:16:37.511+0000][gc,heap       ] GC(990) Eden regions: 31->0(32)
[2025-11-08T01:16:37.512+0000][gc,heap       ] GC(990) Survivor regions: 3->2(5)
[2025-11-08T01:16:37.512+0000][gc,heap       ] GC(990) Old regions: 453->453
[2025-11-08T01:16:37.512+0000][gc,heap       ] GC(990) Humongous regions: 147->147
[2025-11-08T01:16:37.512+0000][gc,metaspace  ] GC(990) Metaspace: 53318K(56604K)->53318K(56604K) NonClass: 47415K(49232K)->47415K(49232K) Class: 5903K(7372K)->5903K(7372K)
[2025-11-08T01:16:37.512+0000][gc            ] GC(990) Pause Young (Normal) (G1 Evacuation Pause) 632M->601M(684M) 8.842ms
[2025-11-08T01:16:37.513+0000][gc,cpu        ] GC(990) User=0.02s Sys=0.00s Real=0.00s
[2025-11-08T01:16:44.217+0000][gc,start      ] GC(991) Pause Young (Normal) (G1 Evacuation Pause)
[2025-11-08T01:16:44.218+0000][gc,task       ] GC(991) Using 2 workers of 2 for evacuation
[2025-11-08T01:16:44.227+0000][gc,phases     ] GC(991)   Pre Evacuate Collection Set: 0.0ms
[2025-11-08T01:16:44.227+0000][gc,phases     ] GC(991)   Evacuate Collection Set: 7.8ms
[2025-11-08T01:16:44.228+0000][gc,phases     ] GC(991)   Post Evacuate Collection Set: 0.9ms
[2025-11-08T01:16:44.228+0000][gc,phases     ] GC(991)   Other: 1.9ms
[2025-11-08T01:16:44.228+0000][gc,heap       ] GC(991) Eden regions: 32->0(32)
[2025-11-08T01:16:44.228+0000][gc,heap       ] GC(991) Survivor regions: 2->2(5)
[2025-11-08T01:16:44.228+0000][gc,heap       ] GC(991) Old regions: 453->453
[2025-11-08T01:16:44.228+0000][gc,heap       ] GC(991) Humongous regions: 147->147
[2025-11-08T01:16:44.228+0000][gc,metaspace  ] GC(991) Metaspace: 53318K(56604K)->53318K(56604K) NonClass: 47415K(49232K)->47415K(49232K) Class: 5903K(7372K)->5903K(7372K)
[2025-11-08T01:16:44.229+0000][gc            ] GC(991) Pause Young (Normal) (G1 Evacuation Pause) 633M->601M(684M) 11.961ms
[2025-11-08T01:16:44.229+0000][gc,cpu        ] GC(991) User=0.01s Sys=0.00s Real=0.01s
[2025-11-08T01:16:50.869+0000][gc,start      ] GC(992) Pause Young (Normal) (G1 Evacuation Pause)
[2025-11-08T01:16:50.869+0000][gc,task       ] GC(992) Using 2 workers of 2 for evacuation
[2025-11-08T01:16:50.879+0000][gc,phases     ] GC(992)   Pre Evacuate Collection Set: 0.0ms
[2025-11-08T01:16:50.879+0000][gc,phases     ] GC(992)   Evacuate Collection Set: 8.4ms
[2025-11-08T01:16:50.879+0000][gc,phases     ] GC(992)   Post Evacuate Collection Set: 0.7ms
[2025-11-08T01:16:50.879+0000][gc,phases     ] GC(992)   Other: 0.7ms
[2025-11-08T01:16:50.879+0000][gc,heap       ] GC(992) Eden regions: 32->0(30)
[2025-11-08T01:16:50.880+0000][gc,heap       ] GC(992) Survivor regions: 2->4(5)
[2025-11-08T01:16:50.880+0000][gc,heap       ] GC(992) Old regions: 453->453
[2025-11-08T01:16:50.880+0000][gc,heap       ] GC(992) Humongous regions: 147->147
[2025-11-08T01:16:50.880+0000][gc,metaspace  ] GC(992) Metaspace: 53318K(56604K)->53318K(56604K) NonClass: 47415K(49232K)->47415K(49232K) Class: 5903K(7372K)->5903K(7372K)
[2025-11-08T01:16:50.881+0000][gc            ] GC(992) Pause Young (Normal) (G1 Evacuation Pause) 633M->602M(684M) 11.876ms
[2025-11-08T01:16:50.881+0000][gc,cpu        ] GC(992) User=0.02s Sys=0.00s Real=0.01s
[2025-11-08T01:16:56.996+0000][gc,start      ] GC(993) Pause Young (Normal) (G1 Evacuation Pause)
[2025-11-08T01:16:56.997+0000][gc,task       ] GC(993) Using 2 workers of 2 for evacuation
[2025-11-08T01:16:57.005+0000][gc,phases     ] GC(993)   Pre Evacuate Collection Set: 0.0ms
[2025-11-08T01:16:57.006+0000][gc,phases     ] GC(993)   Evacuate Collection Set: 7.9ms
[2025-11-08T01:16:57.006+0000][gc,phases     ] GC(993)   Post Evacuate Collection Set: 0.6ms
[2025-11-08T01:16:57.006+0000][gc,phases     ] GC(993)   Other: 0.5ms
[2025-11-08T01:16:57.006+0000][gc,heap       ] GC(993) Eden regions: 30->0(31)
[2025-11-08T01:16:57.006+0000][gc,heap       ] GC(993) Survivor regions: 4->3(5)
[2025-11-08T01:16:57.006+0000][gc,heap       ] GC(993) Old regions: 453->454
[2025-11-08T01:16:57.006+0000][gc,heap       ] GC(993) Humongous regions: 147->147
[2025-11-08T01:16:57.007+0000][gc,metaspace  ] GC(993) Metaspace: 53318K(56604K)->53318K(56604K) NonClass: 47415K(49232K)->47415K(49232K) Class: 5903K(7372K)->5903K(7372K)
[2025-11-08T01:16:57.007+0000][gc            ] GC(993) Pause Young (Normal) (G1 Evacuation Pause) 632M->602M(684M) 10.362ms
[2025-11-08T01:16:57.007+0000][gc,cpu        ] GC(993) User=0.01s Sys=0.00s Real=0.01s
[2025-11-08T01:17:03.284+0000][gc,start      ] GC(994) Pause Young (Normal) (G1 Evacuation Pause)
[2025-11-08T01:17:03.284+0000][gc,task       ] GC(994) Using 2 workers of 2 for evacuation
[2025-11-08T01:17:03.291+0000][gc,phases     ] GC(994)   Pre Evacuate Collection Set: 0.0ms
[2025-11-08T01:17:03.291+0000][gc,phases     ] GC(994)   Evacuate Collection Set: 5.7ms
[2025-11-08T01:17:03.291+0000][gc,phases     ] GC(994)   Post Evacuate Collection Set: 0.5ms
[2025-11-08T01:17:03.291+0000][gc,phases     ] GC(994)   Other: 0.5ms
[2025-11-08T01:17:03.292+0000][gc,heap       ] GC(994) Eden regions: 31->0(32)
[2025-11-08T01:17:03.292+0000][gc,heap       ] GC(994) Survivor regions: 3->2(5)
[2025-11-08T01:17:03.292+0000][gc,heap       ] GC(994) Old regions: 454->454
[2025-11-08T01:17:03.292+0000][gc,heap       ] GC(994) Humongous regions: 147->147
[2025-11-08T01:17:03.292+0000][gc,metaspace  ] GC(994) Metaspace: 53318K(56604K)->53318K(56604K) NonClass: 47415K(49232K)->47415K(49232K) Class: 5903K(7372K)->5903K(7372K)
[2025-11-08T01:17:03.292+0000][gc            ] GC(994) Pause Young (Normal) (G1 Evacuation Pause) 633M->602M(684M) 8.346ms
[2025-11-08T01:17:03.293+0000][gc,cpu        ] GC(994) User=0.02s Sys=0.00s Real=0.00s
[2025-11-08T01:17:09.753+0000][gc,start      ] GC(995) Pause Young (Normal) (G1 Evacuation Pause)
[2025-11-08T01:17:09.754+0000][gc,task       ] GC(995) Using 2 workers of 2 for evacuation
[2025-11-08T01:17:09.760+0000][gc,phases     ] GC(995)   Pre Evacuate Collection Set: 0.0ms
[2025-11-08T01:17:09.760+0000][gc,phases     ] GC(995)   Evacuate Collection Set: 5.5ms
[2025-11-08T01:17:09.760+0000][gc,phases     ] GC(995)   Post Evacuate Collection Set: 0.6ms
[2025-11-08T01:17:09.760+0000][gc,phases     ] GC(995)   Other: 0.5ms
[2025-11-08T01:17:09.761+0000][gc,heap       ] GC(995) Eden regions: 32->0(32)
[2025-11-08T01:17:09.761+0000][gc,heap       ] GC(995) Survivor regions: 2->2(5)
[2025-11-08T01:17:09.761+0000][gc,heap       ] GC(995) Old regions: 454->454
[2025-11-08T01:17:09.761+0000][gc,heap       ] GC(995) Humongous regions: 147->147
[2025-11-08T01:17:09.761+0000][gc,metaspace  ] GC(995) Metaspace: 53318K(56604K)->53318K(56604K) NonClass: 47415K(49232K)->47415K(49232K) Class: 5903K(7372K)->5903K(7372K)
[2025-11-08T01:17:09.761+0000][gc            ] GC(995) Pause Young (Normal) (G1 Evacuation Pause) 634M->601M(684M) 8.068ms
[2025-11-08T01:17:09.762+0000][gc,cpu        ] GC(995) User=0.02s Sys=0.00s Real=0.00s
[2025-11-08T01:17:16.302+0000][gc,start      ] GC(996) Pause Young (Normal) (G1 Evacuation Pause)
[2025-11-08T01:17:16.302+0000][gc,task       ] GC(996) Using 2 workers of 2 for evacuation
[2025-11-08T01:17:16.310+0000][gc,phases     ] GC(996)   Pre Evacuate Collection Set: 0.0ms
[2025-11-08T01:17:16.311+0000][gc,phases     ] GC(996)   Evacuate Collection Set: 7.4ms
[2025-11-08T01:17:16.311+0000][gc,phases     ] GC(996)   Post Evacuate Collection Set: 0.6ms
[2025-11-08T01:17:16.311+0000][gc,phases     ] GC(996)   Other: 0.6ms
[2025-11-08T01:17:16.311+0000][gc,heap       ] GC(996) Eden regions: 32->0(30)
[2025-11-08T01:17:16.311+0000][gc,heap       ] GC(996) Survivor regions: 2->4(5)
[2025-11-08T01:17:16.312+0000][gc,heap       ] GC(996) Old regions: 454->454
[2025-11-08T01:17:16.312+0000][gc,heap       ] GC(996) Humongous regions: 147->147
[2025-11-08T01:17:16.312+0000][gc,metaspace  ] GC(996) Metaspace: 53318K(56604K)->53318K(56604K) NonClass: 47415K(49232K)->47415K(49232K) Class: 5903K(7372K)->5903K(7372K)
[2025-11-08T01:17:16.312+0000][gc            ] GC(996) Pause Young (Normal) (G1 Evacuation Pause) 633M->603M(684M) 10.226ms
[2025-11-08T01:17:16.312+0000][gc,cpu        ] GC(996) User=0.01s Sys=0.00s Real=0.01s
[2025-11-08T01:17:22.347+0000][gc,start      ] GC(997) Pause Young (Normal) (G1 Evacuation Pause)
[2025-11-08T01:17:22.348+0000][gc,task       ] GC(997) Using 2 workers of 2 for evacuation
[2025-11-08T01:17:22.356+0000][gc,phases     ] GC(997)   Pre Evacuate Collection Set: 0.0ms
[2025-11-08T01:17:22.356+0000][gc,phases     ] GC(997)   Evacuate Collection Set: 7.4ms
[2025-11-08T01:17:22.357+0000][gc,phases     ] GC(997)   Post Evacuate Collection Set: 0.7ms
[2025-11-08T01:17:22.357+0000][gc,phases     ] GC(997)   Other: 0.6ms
[2025-11-08T01:17:22.357+0000][gc,heap       ] GC(997) Eden regions: 30->0(31)
[2025-11-08T01:17:22.357+0000][gc,heap       ] GC(997) Survivor regions: 4->3(5)
[2025-11-08T01:17:22.358+0000][gc,heap       ] GC(997) Old regions: 454->454
[2025-11-08T01:17:22.358+0000][gc,heap       ] GC(997) Humongous regions: 147->147
[2025-11-08T01:17:22.358+0000][gc,metaspace  ] GC(997) Metaspace: 53318K(56604K)->53318K(56604K) NonClass: 47415K(49232K)->47415K(49232K) Class: 5903K(7372K)->5903K(7372K)
[2025-11-08T01:17:22.358+0000][gc            ] GC(997) Pause Young (Normal) (G1 Evacuation Pause) 633M->603M(684M) 10.758ms
[2025-11-08T01:17:22.359+0000][gc,cpu        ] GC(997) User=0.01s Sys=0.00s Real=0.01s
[2025-11-08T01:17:28.610+0000][gc,start      ] GC(998) Pause Young (Normal) (G1 Evacuation Pause)
[2025-11-08T01:17:28.610+0000][gc,task       ] GC(998) Using 2 workers of 2 for evacuation
[2025-11-08T01:17:28.617+0000][gc,phases     ] GC(998)   Pre Evacuate Collection Set: 0.0ms
[2025-11-08T01:17:28.617+0000][gc,phases     ] GC(998)   Evacuate Collection Set: 5.6ms
[2025-11-08T01:17:28.617+0000][gc,phases     ] GC(998)   Post Evacuate Collection Set: 0.7ms
[2025-11-08T01:17:28.618+0000][gc,phases     ] GC(998)   Other: 0.5ms
[2025-11-08T01:17:28.618+0000][gc,heap       ] GC(998) Eden regions: 31->0(32)
[2025-11-08T01:17:28.618+0000][gc,heap       ] GC(998) Survivor regions: 3->2(5)
[2025-11-08T01:17:28.618+0000][gc,heap       ] GC(998) Old regions: 454->454
[2025-11-08T01:17:28.618+0000][gc,heap       ] GC(998) Humongous regions: 147->147
[2025-11-08T01:17:28.618+0000][gc,metaspace  ] GC(998) Metaspace: 53318K(56604K)->53318K(56604K) NonClass: 47415K(49232K)->47415K(49232K) Class: 5903K(7372K)->5903K(7372K)
[2025-11-08T01:17:28.619+0000][gc            ] GC(998) Pause Young (Normal) (G1 Evacuation Pause) 634M->602M(684M) 8.387ms
[2025-11-08T01:17:28.619+0000][gc,cpu        ] GC(998) User=0.01s Sys=0.00s Real=0.01s
[2025-11-08T01:17:35.297+0000][gc,start      ] GC(999) Pause Young (Normal) (G1 Evacuation Pause)
[2025-11-08T01:17:35.298+0000][gc,task       ] GC(999) Using 2 workers of 2 for evacuation
[2025-11-08T01:17:35.304+0000][gc,phases     ] GC(999)   Pre Evacuate Collection Set: 0.0ms
[2025-11-08T01:17:35.305+0000][gc,phases     ] GC(999)   Evacuate Collection Set: 5.9ms
[2025-11-08T01:17:35.305+0000][gc,phases     ] GC(999)   Post Evacuate Collection Set: 0.5ms
[2025-11-08T01:17:35.305+0000][gc,phases     ] GC(999)   Other: 0.6ms
[2025-11-08T01:17:35.305+0000][gc,heap       ] GC(999) Eden regions: 32->0(32)
[2025-11-08T01:17:35.305+0000][gc,heap       ] GC(999) Survivor regions: 2->2(5)
[2025-11-08T01:17:35.305+0000][gc,heap       ] GC(999) Old regions: 454->454
[2025-11-08T01:17:35.306+0000][gc,heap       ] GC(999) Humongous regions: 147->147
[2025-11-08T01:17:35.306+0000][gc,metaspace  ] GC(999) Metaspace: 53318K(56604K)->53318K(56604K) NonClass: 47415K(49232K)->47415K(49232K) Class: 5903K(7372K)->5903K(7372K)
[2025-11-08T01:17:35.306+0000][gc            ] GC(999) Pause Young (Normal) (G1 Evacuation Pause) 634M->602M(684M) 8.583ms
[2025-11-08T01:17:35.306+0000][gc,cpu        ] GC(999) User=0.01s Sys=0.00s Real=0.01s
[2025-11-08T01:17:41.821+0000][gc,start      ] GC(1000) Pause Young (Normal) (G1 Evacuation Pause)
[2025-11-08T01:17:41.823+0000][gc,task       ] GC(1000) Using 2 workers of 2 for evacuation
[2025-11-08T01:17:41.832+0000][gc,phases     ] GC(1000)   Pre Evacuate Collection Set: 0.0ms
[2025-11-08T01:17:41.832+0000][gc,phases     ] GC(1000)   Evacuate Collection Set: 7.4ms
[2025-11-08T01:17:41.832+0000][gc,phases     ] GC(1000)   Post Evacuate Collection Set: 0.7ms
[2025-11-08T01:17:41.832+0000][gc,phases     ] GC(1000)   Other: 2.9ms
[2025-11-08T01:17:41.833+0000][gc,heap       ] GC(1000) Eden regions: 32->0(30)
[2025-11-08T01:17:41.833+0000][gc,heap       ] GC(1000) Survivor regions: 2->4(5)
[2025-11-08T01:17:41.833+0000][gc,heap       ] GC(1000) Old regions: 454->454
[2025-11-08T01:17:41.833+0000][gc,heap       ] GC(1000) Humongous regions: 147->147
[2025-11-08T01:17:41.833+0000][gc,metaspace  ] GC(1000) Metaspace: 53318K(56604K)->53318K(56604K) NonClass: 47415K(49232K)->47415K(49232K) Class: 5903K(7372K)->5903K(7372K)
[2025-11-08T01:17:41.833+0000][gc            ] GC(1000) Pause Young (Normal) (G1 Evacuation Pause) 634M->604M(684M) 12.438ms
[2025-11-08T01:17:41.834+0000][gc,cpu        ] GC(1000) User=0.02s Sys=0.00s Real=0.01s
[2025-11-08T01:17:48.108+0000][gc,start      ] GC(1001) Pause Young (Normal) (G1 Evacuation Pause)
[2025-11-08T01:17:48.109+0000][gc,task       ] GC(1001) Using 2 workers of 2 for evacuation
[2025-11-08T01:17:48.117+0000][gc,phases     ] GC(1001)   Pre Evacuate Collection Set: 0.0ms
[2025-11-08T01:17:48.117+0000][gc,phases     ] GC(1001)   Evacuate Collection Set: 7.1ms
[2025-11-08T01:17:48.117+0000][gc,phases     ] GC(1001)   Post Evacuate Collection Set: 0.5ms
[2025-11-08T01:17:48.117+0000][gc,phases     ] GC(1001)   Other: 0.6ms
[2025-11-08T01:17:48.118+0000][gc,heap       ] GC(1001) Eden regions: 30->0(31)
[2025-11-08T01:17:48.118+0000][gc,heap       ] GC(1001) Survivor regions: 4->3(5)
[2025-11-08T01:17:48.118+0000][gc,heap       ] GC(1001) Old regions: 454->455
[2025-11-08T01:17:48.118+0000][gc,heap       ] GC(1001) Humongous regions: 147->147
[2025-11-08T01:17:48.118+0000][gc,metaspace  ] GC(1001) Metaspace: 53318K(56604K)->53318K(56604K) NonClass: 47415K(49232K)->47415K(49232K) Class: 5903K(7372K)->5903K(7372K)
[2025-11-08T01:17:48.118+0000][gc            ] GC(1001) Pause Young (Normal) (G1 Evacuation Pause) 634M->603M(684M) 9.921ms
[2025-11-08T01:17:48.119+0000][gc,cpu        ] GC(1001) User=0.02s Sys=0.00s Real=0.01s
[2025-11-08T01:17:54.464+0000][gc,start      ] GC(1002) Pause Young (Normal) (G1 Evacuation Pause)
[2025-11-08T01:17:54.464+0000][gc,task       ] GC(1002) Using 2 workers of 2 for evacuation
[2025-11-08T01:17:54.471+0000][gc,phases     ] GC(1002)   Pre Evacuate Collection Set: 0.0ms
[2025-11-08T01:17:54.471+0000][gc,phases     ] GC(1002)   Evacuate Collection Set: 5.7ms
[2025-11-08T01:17:54.471+0000][gc,phases     ] GC(1002)   Post Evacuate Collection Set: 0.5ms
[2025-11-08T01:17:54.472+0000][gc,phases     ] GC(1002)   Other: 0.5ms
[2025-11-08T01:17:54.472+0000][gc,heap       ] GC(1002) Eden regions: 31->0(32)
[2025-11-08T01:17:54.472+0000][gc,heap       ] GC(1002) Survivor regions: 3->2(5)
[2025-11-08T01:17:54.472+0000][gc,heap       ] GC(1002) Old regions: 455->455
[2025-11-08T01:17:54.472+0000][gc,heap       ] GC(1002) Humongous regions: 147->147
[2025-11-08T01:17:54.472+0000][gc,metaspace  ] GC(1002) Metaspace: 53318K(56604K)->53318K(56604K) NonClass: 47415K(49232K)->47415K(49232K) Class: 5903K(7372K)->5903K(7372K)
[2025-11-08T01:17:54.472+0000][gc            ] GC(1002) Pause Young (Normal) (G1 Evacuation Pause) 634M->603M(684M) 8.103ms
[2025-11-08T01:17:54.473+0000][gc,cpu        ] GC(1002) User=0.01s Sys=0.00s Real=0.00s
[2025-11-08T01:18:01.091+0000][gc,start      ] GC(1003) Pause Young (Normal) (G1 Evacuation Pause)
[2025-11-08T01:18:01.091+0000][gc,task       ] GC(1003) Using 2 workers of 2 for evacuation
[2025-11-08T01:18:01.104+0000][gc,phases     ] GC(1003)   Pre Evacuate Collection Set: 0.0ms
[2025-11-08T01:18:01.105+0000][gc,phases     ] GC(1003)   Evacuate Collection Set: 11.0ms
[2025-11-08T01:18:01.105+0000][gc,phases     ] GC(1003)   Post Evacuate Collection Set: 1.8ms
[2025-11-08T01:18:01.105+0000][gc,phases     ] GC(1003)   Other: 0.7ms
[2025-11-08T01:18:01.105+0000][gc,heap       ] GC(1003) Eden regions: 32->0(32)
[2025-11-08T01:18:01.106+0000][gc,heap       ] GC(1003) Survivor regions: 2->2(5)
[2025-11-08T01:18:01.106+0000][gc,heap       ] GC(1003) Old regions: 455->455
[2025-11-08T01:18:01.106+0000][gc,heap       ] GC(1003) Humongous regions: 147->147
[2025-11-08T01:18:01.106+0000][gc,metaspace  ] GC(1003) Metaspace: 53318K(56604K)->53318K(56604K) NonClass: 47415K(49232K)->47415K(49232K) Class: 5903K(7372K)->5903K(7372K)
[2025-11-08T01:18:01.106+0000][gc            ] GC(1003) Pause Young (Normal) (G1 Evacuation Pause) 635M->603M(684M) 15.631ms
[2025-11-08T01:18:01.107+0000][gc,cpu        ] GC(1003) User=0.02s Sys=0.00s Real=0.02s
[2025-11-08T01:18:07.605+0000][gc,start      ] GC(1004) Pause Young (Normal) (G1 Evacuation Pause)
[2025-11-08T01:18:07.605+0000][gc,task       ] GC(1004) Using 2 workers of 2 for evacuation
[2025-11-08T01:18:07.613+0000][gc,phases     ] GC(1004)   Pre Evacuate Collection Set: 0.0ms
[2025-11-08T01:18:07.614+0000][gc,phases     ] GC(1004)   Evacuate Collection Set: 7.3ms
[2025-11-08T01:18:07.614+0000][gc,phases     ] GC(1004)   Post Evacuate Collection Set: 0.5ms
[2025-11-08T01:18:07.614+0000][gc,phases     ] GC(1004)   Other: 0.6ms
[2025-11-08T01:18:07.614+0000][gc,heap       ] GC(1004) Eden regions: 32->0(30)
[2025-11-08T01:18:07.614+0000][gc,heap       ] GC(1004) Survivor regions: 2->4(5)
[2025-11-08T01:18:07.614+0000][gc,heap       ] GC(1004) Old regions: 455->455
[2025-11-08T01:18:07.615+0000][gc,heap       ] GC(1004) Humongous regions: 147->147
[2025-11-08T01:18:07.615+0000][gc,metaspace  ] GC(1004) Metaspace: 53318K(56604K)->53318K(56604K) NonClass: 47415K(49232K)->47415K(49232K) Class: 5903K(7372K)->5903K(7372K)
[2025-11-08T01:18:07.615+0000][gc            ] GC(1004) Pause Young (Normal) (G1 Evacuation Pause) 635M->604M(684M) 9.780ms
[2025-11-08T01:18:07.615+0000][gc,cpu        ] GC(1004) User=0.01s Sys=0.00s Real=0.01s
[2025-11-08T01:18:13.738+0000][gc,start      ] GC(1005) Pause Young (Normal) (G1 Evacuation Pause)
[2025-11-08T01:18:13.738+0000][gc,task       ] GC(1005) Using 2 workers of 2 for evacuation
[2025-11-08T01:18:13.747+0000][gc,phases     ] GC(1005)   Pre Evacuate Collection Set: 0.0ms
[2025-11-08T01:18:13.747+0000][gc,phases     ] GC(1005)   Evacuate Collection Set: 8.1ms
[2025-11-08T01:18:13.748+0000][gc,phases     ] GC(1005)   Post Evacuate Collection Set: 0.5ms
[2025-11-08T01:18:13.748+0000][gc,phases     ] GC(1005)   Other: 1.0ms
[2025-11-08T01:18:13.748+0000][gc,heap       ] GC(1005) Eden regions: 30->0(31)
[2025-11-08T01:18:13.748+0000][gc,heap       ] GC(1005) Survivor regions: 4->3(5)
[2025-11-08T01:18:13.748+0000][gc,heap       ] GC(1005) Old regions: 455->456
[2025-11-08T01:18:13.749+0000][gc,heap       ] GC(1005) Humongous regions: 147->147
[2025-11-08T01:18:13.749+0000][gc,metaspace  ] GC(1005) Metaspace: 53318K(56604K)->53318K(56604K) NonClass: 47415K(49232K)->47415K(49232K) Class: 5903K(7372K)->5903K(7372K)
[2025-11-08T01:18:13.749+0000][gc            ] GC(1005) Pause Young (Normal) (G1 Evacuation Pause) 634M->604M(684M) 11.716ms
[2025-11-08T01:18:13.749+0000][gc,cpu        ] GC(1005) User=0.02s Sys=0.00s Real=0.01s
[2025-11-08T01:18:20.104+0000][gc,start      ] GC(1006) Pause Young (Normal) (G1 Evacuation Pause)
[2025-11-08T01:18:20.104+0000][gc,task       ] GC(1006) Using 2 workers of 2 for evacuation
[2025-11-08T01:18:20.110+0000][gc,phases     ] GC(1006)   Pre Evacuate Collection Set: 0.0ms
[2025-11-08T01:18:20.110+0000][gc,phases     ] GC(1006)   Evacuate Collection Set: 5.5ms
[2025-11-08T01:18:20.110+0000][gc,phases     ] GC(1006)   Post Evacuate Collection Set: 0.5ms
[2025-11-08T01:18:20.111+0000][gc,phases     ] GC(1006)   Other: 0.5ms
[2025-11-08T01:18:20.111+0000][gc,heap       ] GC(1006) Eden regions: 31->0(32)
[2025-11-08T01:18:20.111+0000][gc,heap       ] GC(1006) Survivor regions: 3->2(5)
[2025-11-08T01:18:20.111+0000][gc,heap       ] GC(1006) Old regions: 456->456
[2025-11-08T01:18:20.111+0000][gc,heap       ] GC(1006) Humongous regions: 147->147
[2025-11-08T01:18:20.111+0000][gc,metaspace  ] GC(1006) Metaspace: 53318K(56604K)->53318K(56604K) NonClass: 47415K(49232K)->47415K(49232K) Class: 5903K(7372K)->5903K(7372K)
[2025-11-08T01:18:20.111+0000][gc            ] GC(1006) Pause Young (Normal) (G1 Evacuation Pause) 635M->604M(684M) 7.744ms
[2025-11-08T01:18:20.112+0000][gc,cpu        ] GC(1006) User=0.01s Sys=0.00s Real=0.01s
[2025-11-08T01:18:26.620+0000][gc,start      ] GC(1007) Pause Young (Normal) (G1 Evacuation Pause)
[2025-11-08T01:18:26.620+0000][gc,task       ] GC(1007) Using 2 workers of 2 for evacuation
[2025-11-08T01:18:26.626+0000][gc,phases     ] GC(1007)   Pre Evacuate Collection Set: 0.0ms
[2025-11-08T01:18:26.627+0000][gc,phases     ] GC(1007)   Evacuate Collection Set: 5.4ms
[2025-11-08T01:18:26.627+0000][gc,phases     ] GC(1007)   Post Evacuate Collection Set: 0.5ms
[2025-11-08T01:18:26.627+0000][gc,phases     ] GC(1007)   Other: 0.5ms
[2025-11-08T01:18:26.627+0000][gc,heap       ] GC(1007) Eden regions: 32->0(32)
[2025-11-08T01:18:26.627+0000][gc,heap       ] GC(1007) Survivor regions: 2->2(5)
[2025-11-08T01:18:26.627+0000][gc,heap       ] GC(1007) Old regions: 456->456
[2025-11-08T01:18:26.627+0000][gc,heap       ] GC(1007) Humongous regions: 147->147
[2025-11-08T01:18:26.628+0000][gc,metaspace  ] GC(1007) Metaspace: 53318K(56604K)->53318K(56604K) NonClass: 47415K(49232K)->47415K(49232K) Class: 5903K(7372K)->5903K(7372K)
[2025-11-08T01:18:26.628+0000][gc            ] GC(1007) Pause Young (Normal) (G1 Evacuation Pause) 636M->603M(684M) 7.545ms
[2025-11-08T01:18:26.628+0000][gc,cpu        ] GC(1007) User=0.01s Sys=0.00s Real=0.01s
[2025-11-08T01:18:33.289+0000][gc,start      ] GC(1008) Pause Young (Normal) (G1 Evacuation Pause)
[2025-11-08T01:18:33.291+0000][gc,task       ] GC(1008) Using 2 workers of 2 for evacuation
[2025-11-08T01:18:33.312+0000][gc,phases     ] GC(1008)   Pre Evacuate Collection Set: 0.0ms
[2025-11-08T01:18:33.313+0000][gc,phases     ] GC(1008)   Evacuate Collection Set: 19.1ms
[2025-11-08T01:18:33.313+0000][gc,phases     ] GC(1008)   Post Evacuate Collection Set: 0.7ms
[2025-11-08T01:18:33.313+0000][gc,phases     ] GC(1008)   Other: 3.6ms
[2025-11-08T01:18:33.313+0000][gc,heap       ] GC(1008) Eden regions: 32->0(30)
[2025-11-08T01:18:33.314+0000][gc,heap       ] GC(1008) Survivor regions: 2->4(5)
[2025-11-08T01:18:33.314+0000][gc,heap       ] GC(1008) Old regions: 456->456
[2025-11-08T01:18:33.314+0000][gc,heap       ] GC(1008) Humongous regions: 147->147
[2025-11-08T01:18:33.314+0000][gc,metaspace  ] GC(1008) Metaspace: 53318K(56604K)->53318K(56604K) NonClass: 47415K(49232K)->47415K(49232K) Class: 5903K(7372K)->5903K(7372K)
[2025-11-08T01:18:33.314+0000][gc            ] GC(1008) Pause Young (Normal) (G1 Evacuation Pause) 635M->605M(684M) 25.398ms
[2025-11-08T01:18:33.315+0000][gc,cpu        ] GC(1008) User=0.03s Sys=0.00s Real=0.02s
[2025-11-08T01:18:39.583+0000][gc,start      ] GC(1009) Pause Young (Normal) (G1 Evacuation Pause)
[2025-11-08T01:18:39.583+0000][gc,task       ] GC(1009) Using 2 workers of 2 for evacuation
[2025-11-08T01:18:39.592+0000][gc,phases     ] GC(1009)   Pre Evacuate Collection Set: 0.0ms
[2025-11-08T01:18:39.592+0000][gc,phases     ] GC(1009)   Evacuate Collection Set: 7.5ms
[2025-11-08T01:18:39.592+0000][gc,phases     ] GC(1009)   Post Evacuate Collection Set: 0.5ms
[2025-11-08T01:18:39.592+0000][gc,phases     ] GC(1009)   Other: 0.7ms
[2025-11-08T01:18:39.592+0000][gc,heap       ] GC(1009) Eden regions: 30->0(31)
[2025-11-08T01:18:39.593+0000][gc,heap       ] GC(1009) Survivor regions: 4->3(5)
[2025-11-08T01:18:39.593+0000][gc,heap       ] GC(1009) Old regions: 456->456
[2025-11-08T01:18:39.593+0000][gc,heap       ] GC(1009) Humongous regions: 147->147
[2025-11-08T01:18:39.593+0000][gc,metaspace  ] GC(1009) Metaspace: 53318K(56604K)->53318K(56604K) NonClass: 47415K(49232K)->47415K(49232K) Class: 5903K(7372K)->5903K(7372K)
[2025-11-08T01:18:39.594+0000][gc            ] GC(1009) Pause Young (Normal) (G1 Evacuation Pause) 635M->605M(684M) 10.693ms
[2025-11-08T01:18:39.594+0000][gc,cpu        ] GC(1009) User=0.01s Sys=0.00s Real=0.01s
[2025-11-08T01:18:46.031+0000][gc,start      ] GC(1010) Pause Young (Normal) (G1 Evacuation Pause)
[2025-11-08T01:18:46.031+0000][gc,task       ] GC(1010) Using 2 workers of 2 for evacuation
[2025-11-08T01:18:46.038+0000][gc,phases     ] GC(1010)   Pre Evacuate Collection Set: 0.0ms
[2025-11-08T01:18:46.038+0000][gc,phases     ] GC(1010)   Evacuate Collection Set: 5.7ms
[2025-11-08T01:18:46.038+0000][gc,phases     ] GC(1010)   Post Evacuate Collection Set: 0.5ms
[2025-11-08T01:18:46.038+0000][gc,phases     ] GC(1010)   Other: 0.6ms
[2025-11-08T01:18:46.038+0000][gc,heap       ] GC(1010) Eden regions: 31->0(32)
[2025-11-08T01:18:46.038+0000][gc,heap       ] GC(1010) Survivor regions: 3->2(5)
[2025-11-08T01:18:46.039+0000][gc,heap       ] GC(1010) Old regions: 456->456
[2025-11-08T01:18:46.039+0000][gc,heap       ] GC(1010) Humongous regions: 147->147
[2025-11-08T01:18:46.039+0000][gc,metaspace  ] GC(1010) Metaspace: 53318K(56604K)->53318K(56604K) NonClass: 47415K(49232K)->47415K(49232K) Class: 5903K(7372K)->5903K(7372K)
[2025-11-08T01:18:46.039+0000][gc            ] GC(1010) Pause Young (Normal) (G1 Evacuation Pause) 636M->604M(684M) 8.209ms
[2025-11-08T01:18:46.039+0000][gc,cpu        ] GC(1010) User=0.02s Sys=0.00s Real=0.01s
[2025-11-08T01:18:52.578+0000][gc,start      ] GC(1011) Pause Young (Normal) (G1 Evacuation Pause)
[2025-11-08T01:18:52.578+0000][gc,task       ] GC(1011) Using 2 workers of 2 for evacuation
[2025-11-08T01:18:52.584+0000][gc,phases     ] GC(1011)   Pre Evacuate Collection Set: 0.0ms
[2025-11-08T01:18:52.585+0000][gc,phases     ] GC(1011)   Evacuate Collection Set: 5.5ms
[2025-11-08T01:18:52.585+0000][gc,phases     ] GC(1011)   Post Evacuate Collection Set: 0.6ms
[2025-11-08T01:18:52.585+0000][gc,phases     ] GC(1011)   Other: 0.6ms
[2025-11-08T01:18:52.585+0000][gc,heap       ] GC(1011) Eden regions: 32->0(32)
[2025-11-08T01:18:52.585+0000][gc,heap       ] GC(1011) Survivor regions: 2->2(5)
[2025-11-08T01:18:52.585+0000][gc,heap       ] GC(1011) Old regions: 456->456
[2025-11-08T01:18:52.586+0000][gc,heap       ] GC(1011) Humongous regions: 147->147
[2025-11-08T01:18:52.586+0000][gc,metaspace  ] GC(1011) Metaspace: 53318K(56604K)->53318K(56604K) NonClass: 47415K(49232K)->47415K(49232K) Class: 5903K(7372K)->5903K(7372K)
[2025-11-08T01:18:52.586+0000][gc            ] GC(1011) Pause Young (Normal) (G1 Evacuation Pause) 636M->604M(684M) 7.973ms
[2025-11-08T01:18:52.586+0000][gc,cpu        ] GC(1011) User=0.01s Sys=0.00s Real=0.01s
[2025-11-08T01:18:59.116+0000][gc,start      ] GC(1012) Pause Young (Normal) (G1 Evacuation Pause)
[2025-11-08T01:18:59.116+0000][gc,task       ] GC(1012) Using 2 workers of 2 for evacuation
[2025-11-08T01:18:59.125+0000][gc,phases     ] GC(1012)   Pre Evacuate Collection Set: 0.0ms
[2025-11-08T01:18:59.125+0000][gc,phases     ] GC(1012)   Evacuate Collection Set: 7.5ms
[2025-11-08T01:18:59.125+0000][gc,phases     ] GC(1012)   Post Evacuate Collection Set: 0.8ms
[2025-11-08T01:18:59.126+0000][gc,phases     ] GC(1012)   Other: 0.6ms
[2025-11-08T01:18:59.126+0000][gc,heap       ] GC(1012) Eden regions: 32->0(30)
[2025-11-08T01:18:59.126+0000][gc,heap       ] GC(1012) Survivor regions: 2->4(5)
[2025-11-08T01:18:59.126+0000][gc,heap       ] GC(1012) Old regions: 456->456
[2025-11-08T01:18:59.127+0000][gc,heap       ] GC(1012) Humongous regions: 147->147
[2025-11-08T01:18:59.127+0000][gc,metaspace  ] GC(1012) Metaspace: 53318K(56604K)->53318K(56604K) NonClass: 47415K(49232K)->47415K(49232K) Class: 5903K(7372K)->5903K(7372K)
[2025-11-08T01:18:59.127+0000][gc            ] GC(1012) Pause Young (Normal) (G1 Evacuation Pause) 636M->606M(684M) 11.337ms
[2025-11-08T01:18:59.127+0000][gc,cpu        ] GC(1012) User=0.01s Sys=0.00s Real=0.01s
[2025-11-08T01:19:05.225+0000][gc,start      ] GC(1013) Pause Young (Normal) (G1 Evacuation Pause)
[2025-11-08T01:19:05.225+0000][gc,task       ] GC(1013) Using 2 workers of 2 for evacuation
[2025-11-08T01:19:05.235+0000][gc,phases     ] GC(1013)   Pre Evacuate Collection Set: 0.0ms
[2025-11-08T01:19:05.235+0000][gc,phases     ] GC(1013)   Evacuate Collection Set: 8.3ms
[2025-11-08T01:19:05.235+0000][gc,phases     ] GC(1013)   Post Evacuate Collection Set: 0.9ms
[2025-11-08T01:19:05.235+0000][gc,phases     ] GC(1013)   Other: 0.6ms
[2025-11-08T01:19:05.235+0000][gc,heap       ] GC(1013) Eden regions: 30->0(31)
[2025-11-08T01:19:05.236+0000][gc,heap       ] GC(1013) Survivor regions: 4->3(5)
[2025-11-08T01:19:05.236+0000][gc,heap       ] GC(1013) Old regions: 456->457
[2025-11-08T01:19:05.236+0000][gc,heap       ] GC(1013) Humongous regions: 147->147
[2025-11-08T01:19:05.236+0000][gc,metaspace  ] GC(1013) Metaspace: 53318K(56604K)->53318K(56604K) NonClass: 47415K(49232K)->47415K(49232K) Class: 5903K(7372K)->5903K(7372K)
[2025-11-08T01:19:05.236+0000][gc            ] GC(1013) Pause Young (Normal) (G1 Evacuation Pause) 636M->605M(684M) 11.371ms
[2025-11-08T01:19:05.236+0000][gc,cpu        ] GC(1013) User=0.02s Sys=0.00s Real=0.01s
[2025-11-08T01:19:11.499+0000][gc,start      ] GC(1014) Pause Young (Normal) (G1 Evacuation Pause)
[2025-11-08T01:19:11.499+0000][gc,task       ] GC(1014) Using 2 workers of 2 for evacuation
[2025-11-08T01:19:11.506+0000][gc,phases     ] GC(1014)   Pre Evacuate Collection Set: 0.0ms
[2025-11-08T01:19:11.506+0000][gc,phases     ] GC(1014)   Evacuate Collection Set: 5.3ms
[2025-11-08T01:19:11.506+0000][gc,phases     ] GC(1014)   Post Evacuate Collection Set: 0.6ms
[2025-11-08T01:19:11.506+0000][gc,phases     ] GC(1014)   Other: 0.5ms
[2025-11-08T01:19:11.506+0000][gc,heap       ] GC(1014) Eden regions: 31->0(32)
[2025-11-08T01:19:11.506+0000][gc,heap       ] GC(1014) Survivor regions: 3->2(5)
[2025-11-08T01:19:11.507+0000][gc,heap       ] GC(1014) Old regions: 457->457
[2025-11-08T01:19:11.507+0000][gc,heap       ] GC(1014) Humongous regions: 147->147
[2025-11-08T01:19:11.507+0000][gc,metaspace  ] GC(1014) Metaspace: 53318K(56604K)->53318K(56604K) NonClass: 47415K(49232K)->47415K(49232K) Class: 5903K(7372K)->5903K(7372K)
[2025-11-08T01:19:11.507+0000][gc            ] GC(1014) Pause Young (Normal) (G1 Evacuation Pause) 636M->605M(684M) 7.992ms
[2025-11-08T01:19:11.507+0000][gc,cpu        ] GC(1014) User=0.01s Sys=0.00s Real=0.01s
[2025-11-08T01:19:18.055+0000][gc,start      ] GC(1015) Pause Young (Normal) (G1 Evacuation Pause)
[2025-11-08T01:19:18.055+0000][gc,task       ] GC(1015) Using 2 workers of 2 for evacuation
[2025-11-08T01:19:18.061+0000][gc,phases     ] GC(1015)   Pre Evacuate Collection Set: 0.0ms
[2025-11-08T01:19:18.061+0000][gc,phases     ] GC(1015)   Evacuate Collection Set: 5.3ms
[2025-11-08T01:19:18.062+0000][gc,phases     ] GC(1015)   Post Evacuate Collection Set: 0.5ms
[2025-11-08T01:19:18.062+0000][gc,phases     ] GC(1015)   Other: 0.6ms
[2025-11-08T01:19:18.062+0000][gc,heap       ] GC(1015) Eden regions: 32->0(32)
[2025-11-08T01:19:18.062+0000][gc,heap       ] GC(1015) Survivor regions: 2->2(5)
[2025-11-08T01:19:18.062+0000][gc,heap       ] GC(1015) Old regions: 457->457
[2025-11-08T01:19:18.062+0000][gc,heap       ] GC(1015) Humongous regions: 147->147
[2025-11-08T01:19:18.062+0000][gc,metaspace  ] GC(1015) Metaspace: 53318K(56604K)->53318K(56604K) NonClass: 47415K(49232K)->47415K(49232K) Class: 5903K(7372K)->5903K(7372K)
[2025-11-08T01:19:18.063+0000][gc            ] GC(1015) Pause Young (Normal) (G1 Evacuation Pause) 637M->605M(684M) 7.777ms
[2025-11-08T01:19:18.063+0000][gc,cpu        ] GC(1015) User=0.02s Sys=0.00s Real=0.01s
[2025-11-08T01:19:24.594+0000][gc,start      ] GC(1016) Pause Young (Normal) (G1 Evacuation Pause)
[2025-11-08T01:19:24.594+0000][gc,task       ] GC(1016) Using 2 workers of 2 for evacuation
[2025-11-08T01:19:24.603+0000][gc,phases     ] GC(1016)   Pre Evacuate Collection Set: 0.0ms
[2025-11-08T01:19:24.603+0000][gc,phases     ] GC(1016)   Evacuate Collection Set: 7.2ms
[2025-11-08T01:19:24.603+0000][gc,phases     ] GC(1016)   Post Evacuate Collection Set: 0.8ms
[2025-11-08T01:19:24.603+0000][gc,phases     ] GC(1016)   Other: 0.5ms
[2025-11-08T01:19:24.603+0000][gc,heap       ] GC(1016) Eden regions: 32->0(30)
[2025-11-08T01:19:24.604+0000][gc,heap       ] GC(1016) Survivor regions: 2->4(5)
[2025-11-08T01:19:24.604+0000][gc,heap       ] GC(1016) Old regions: 457->457
[2025-11-08T01:19:24.604+0000][gc,heap       ] GC(1016) Humongous regions: 147->147
[2025-11-08T01:19:24.604+0000][gc,metaspace  ] GC(1016) Metaspace: 53318K(56604K)->53318K(56604K) NonClass: 47415K(49232K)->47415K(49232K) Class: 5903K(7372K)->5903K(7372K)
[2025-11-08T01:19:24.605+0000][gc            ] GC(1016) Pause Young (Normal) (G1 Evacuation Pause) 637M->606M(684M) 10.284ms
[2025-11-08T01:19:24.605+0000][gc,cpu        ] GC(1016) User=0.01s Sys=0.00s Real=0.01s
[2025-11-08T01:19:30.749+0000][gc,start      ] GC(1017) Pause Young (Normal) (G1 Evacuation Pause)
[2025-11-08T01:19:30.749+0000][gc,task       ] GC(1017) Using 2 workers of 2 for evacuation
[2025-11-08T01:19:30.760+0000][gc,phases     ] GC(1017)   Pre Evacuate Collection Set: 0.1ms
[2025-11-08T01:19:30.762+0000][gc,phases     ] GC(1017)   Evacuate Collection Set: 9.9ms
[2025-11-08T01:19:30.763+0000][gc,phases     ] GC(1017)   Post Evacuate Collection Set: 1.1ms
[2025-11-08T01:19:30.763+0000][gc,phases     ] GC(1017)   Other: 0.8ms
[2025-11-08T01:19:30.763+0000][gc,heap       ] GC(1017) Eden regions: 30->0(32)
[2025-11-08T01:19:30.765+0000][gc,heap       ] GC(1017) Survivor regions: 4->2(5)
[2025-11-08T01:19:30.765+0000][gc,heap       ] GC(1017) Old regions: 457->458
[2025-11-08T01:19:30.765+0000][gc,heap       ] GC(1017) Humongous regions: 147->147
[2025-11-08T01:19:30.766+0000][gc,metaspace  ] GC(1017) Metaspace: 53318K(56604K)->53318K(56604K) NonClass: 47415K(49232K)->47415K(49232K) Class: 5903K(7372K)->5903K(7372K)
[2025-11-08T01:19:30.766+0000][gc            ] GC(1017) Pause Young (Normal) (G1 Evacuation Pause) 636M->606M(684M) 17.496ms
[2025-11-08T01:19:30.767+0000][gc,cpu        ] GC(1017) User=0.02s Sys=0.00s Real=0.02s
[2025-11-08T01:19:37.488+0000][gc,start      ] GC(1018) Pause Young (Normal) (G1 Evacuation Pause)
[2025-11-08T01:19:37.489+0000][gc,task       ] GC(1018) Using 2 workers of 2 for evacuation
[2025-11-08T01:19:37.496+0000][gc,phases     ] GC(1018)   Pre Evacuate Collection Set: 0.0ms
[2025-11-08T01:19:37.496+0000][gc,phases     ] GC(1018)   Evacuate Collection Set: 6.2ms
[2025-11-08T01:19:37.496+0000][gc,phases     ] GC(1018)   Post Evacuate Collection Set: 0.5ms
[2025-11-08T01:19:37.496+0000][gc,phases     ] GC(1018)   Other: 0.8ms
[2025-11-08T01:19:37.496+0000][gc,heap       ] GC(1018) Eden regions: 32->0(32)
[2025-11-08T01:19:37.497+0000][gc,heap       ] GC(1018) Survivor regions: 2->2(5)
[2025-11-08T01:19:37.497+0000][gc,heap       ] GC(1018) Old regions: 458->458
[2025-11-08T01:19:37.497+0000][gc,heap       ] GC(1018) Humongous regions: 147->147
[2025-11-08T01:19:37.497+0000][gc,metaspace  ] GC(1018) Metaspace: 53318K(56604K)->53318K(56604K) NonClass: 47415K(49232K)->47415K(49232K) Class: 5903K(7372K)->5903K(7372K)
[2025-11-08T01:19:37.497+0000][gc            ] GC(1018) Pause Young (Normal) (G1 Evacuation Pause) 638M->606M(684M) 8.954ms
[2025-11-08T01:19:37.497+0000][gc,cpu        ] GC(1018) User=0.01s Sys=0.00s Real=0.01s
[2025-11-08T01:19:44.265+0000][gc,start      ] GC(1019) Pause Young (Normal) (G1 Evacuation Pause)
[2025-11-08T01:19:44.265+0000][gc,task       ] GC(1019) Using 2 workers of 2 for evacuation
[2025-11-08T01:19:44.273+0000][gc,phases     ] GC(1019)   Pre Evacuate Collection Set: 0.0ms
[2025-11-08T01:19:44.274+0000][gc,phases     ] GC(1019)   Evacuate Collection Set: 6.9ms
[2025-11-08T01:19:44.274+0000][gc,phases     ] GC(1019)   Post Evacuate Collection Set: 0.8ms
[2025-11-08T01:19:44.274+0000][gc,phases     ] GC(1019)   Other: 0.7ms
[2025-11-08T01:19:44.274+0000][gc,heap       ] GC(1019) Eden regions: 32->0(32)
[2025-11-08T01:19:44.274+0000][gc,heap       ] GC(1019) Survivor regions: 2->2(5)
[2025-11-08T01:19:44.275+0000][gc,heap       ] GC(1019) Old regions: 458->458
[2025-11-08T01:19:44.275+0000][gc,heap       ] GC(1019) Humongous regions: 147->147
[2025-11-08T01:19:44.275+0000][gc,metaspace  ] GC(1019) Metaspace: 53318K(56604K)->53318K(56604K) NonClass: 47415K(49232K)->47415K(49232K) Class: 5903K(7372K)->5903K(7372K)
[2025-11-08T01:19:44.275+0000][gc            ] GC(1019) Pause Young (Normal) (G1 Evacuation Pause) 638M->606M(684M) 10.139ms
[2025-11-08T01:19:44.275+0000][gc,cpu        ] GC(1019) User=0.01s Sys=0.00s Real=0.01s
[2025-11-08T01:19:50.830+0000][gc,start      ] GC(1020) Pause Young (Normal) (G1 Evacuation Pause)
[2025-11-08T01:19:50.830+0000][gc,task       ] GC(1020) Using 2 workers of 2 for evacuation
[2025-11-08T01:19:50.836+0000][gc,phases     ] GC(1020)   Pre Evacuate Collection Set: 0.0ms
[2025-11-08T01:19:50.837+0000][gc,phases     ] GC(1020)   Evacuate Collection Set: 5.5ms
[2025-11-08T01:19:50.837+0000][gc,phases     ] GC(1020)   Post Evacuate Collection Set: 0.6ms
[2025-11-08T01:19:50.837+0000][gc,phases     ] GC(1020)   Other: 0.5ms
[2025-11-08T01:19:50.837+0000][gc,heap       ] GC(1020) Eden regions: 32->0(32)
[2025-11-08T01:19:50.837+0000][gc,heap       ] GC(1020) Survivor regions: 2->2(5)
[2025-11-08T01:19:50.837+0000][gc,heap       ] GC(1020) Old regions: 458->458
[2025-11-08T01:19:50.837+0000][gc,heap       ] GC(1020) Humongous regions: 147->147
[2025-11-08T01:19:50.838+0000][gc,metaspace  ] GC(1020) Metaspace: 53318K(56604K)->53318K(56604K) NonClass: 47415K(49232K)->47415K(49232K) Class: 5903K(7372K)->5903K(7372K)
[2025-11-08T01:19:50.838+0000][gc            ] GC(1020) Pause Young (Normal) (G1 Evacuation Pause) 638M->605M(684M) 7.902ms
[2025-11-08T01:19:50.838+0000][gc,cpu        ] GC(1020) User=0.01s Sys=0.00s Real=0.01s
[2025-11-08T01:19:57.397+0000][gc,start      ] GC(1021) Pause Young (Normal) (G1 Evacuation Pause)
[2025-11-08T01:19:57.397+0000][gc,task       ] GC(1021) Using 2 workers of 2 for evacuation
[2025-11-08T01:19:57.405+0000][gc,phases     ] GC(1021)   Pre Evacuate Collection Set: 0.0ms
[2025-11-08T01:19:57.405+0000][gc,phases     ] GC(1021)   Evacuate Collection Set: 7.2ms
[2025-11-08T01:19:57.406+0000][gc,phases     ] GC(1021)   Post Evacuate Collection Set: 0.7ms
[2025-11-08T01:19:57.406+0000][gc,phases     ] GC(1021)   Other: 0.5ms
[2025-11-08T01:19:57.406+0000][gc,heap       ] GC(1021) Eden regions: 32->0(30)
[2025-11-08T01:19:57.406+0000][gc,heap       ] GC(1021) Survivor regions: 2->4(5)
[2025-11-08T01:19:57.406+0000][gc,heap       ] GC(1021) Old regions: 458->458
[2025-11-08T01:19:57.406+0000][gc,heap       ] GC(1021) Humongous regions: 147->147
[2025-11-08T01:19:57.406+0000][gc,metaspace  ] GC(1021) Metaspace: 53318K(56604K)->53318K(56604K) NonClass: 47415K(49232K)->47415K(49232K) Class: 5903K(7372K)->5903K(7372K)
[2025-11-08T01:19:57.407+0000][gc            ] GC(1021) Pause Young (Normal) (G1 Evacuation Pause) 637M->607M(684M) 9.696ms
[2025-11-08T01:19:57.407+0000][gc,cpu        ] GC(1021) User=0.01s Sys=0.00s Real=0.01s
[2025-11-08T01:20:03.540+0000][gc,start      ] GC(1022) Pause Young (Normal) (G1 Evacuation Pause)
[2025-11-08T01:20:03.541+0000][gc,task       ] GC(1022) Using 2 workers of 2 for evacuation
[2025-11-08T01:20:03.550+0000][gc,phases     ] GC(1022)   Pre Evacuate Collection Set: 0.0ms
[2025-11-08T01:20:03.550+0000][gc,phases     ] GC(1022)   Evacuate Collection Set: 7.9ms
[2025-11-08T01:20:03.550+0000][gc,phases     ] GC(1022)   Post Evacuate Collection Set: 0.6ms
[2025-11-08T01:20:03.551+0000][gc,phases     ] GC(1022)   Other: 1.0ms
[2025-11-08T01:20:03.551+0000][gc,heap       ] GC(1022) Eden regions: 30->0(31)
[2025-11-08T01:20:03.551+0000][gc,heap       ] GC(1022) Survivor regions: 4->3(5)
[2025-11-08T01:20:03.551+0000][gc,heap       ] GC(1022) Old regions: 458->458
[2025-11-08T01:20:03.551+0000][gc,heap       ] GC(1022) Humongous regions: 147->147
[2025-11-08T01:20:03.552+0000][gc,metaspace  ] GC(1022) Metaspace: 53318K(56604K)->53318K(56604K) NonClass: 47415K(49232K)->47415K(49232K) Class: 5903K(7372K)->5903K(7372K)
[2025-11-08T01:20:03.552+0000][gc            ] GC(1022) Pause Young (Normal) (G1 Evacuation Pause) 637M->607M(684M) 11.331ms
[2025-11-08T01:20:03.552+0000][gc,cpu        ] GC(1022) User=0.02s Sys=0.00s Real=0.02s
[2025-11-08T01:20:09.895+0000][gc,start      ] GC(1023) Pause Young (Normal) (G1 Evacuation Pause)
[2025-11-08T01:20:09.895+0000][gc,task       ] GC(1023) Using 2 workers of 2 for evacuation
[2025-11-08T01:20:09.902+0000][gc,phases     ] GC(1023)   Pre Evacuate Collection Set: 0.0ms
[2025-11-08T01:20:09.902+0000][gc,phases     ] GC(1023)   Evacuate Collection Set: 5.3ms
[2025-11-08T01:20:09.902+0000][gc,phases     ] GC(1023)   Post Evacuate Collection Set: 0.5ms
[2025-11-08T01:20:09.902+0000][gc,phases     ] GC(1023)   Other: 0.5ms
[2025-11-08T01:20:09.902+0000][gc,heap       ] GC(1023) Eden regions: 31->0(32)
[2025-11-08T01:20:09.902+0000][gc,heap       ] GC(1023) Survivor regions: 3->2(5)
[2025-11-08T01:20:09.903+0000][gc,heap       ] GC(1023) Old regions: 458->458
[2025-11-08T01:20:09.903+0000][gc,heap       ] GC(1023) Humongous regions: 147->147
[2025-11-08T01:20:09.903+0000][gc,metaspace  ] GC(1023) Metaspace: 53318K(56604K)->53318K(56604K) NonClass: 47415K(49232K)->47415K(49232K) Class: 5903K(7372K)->5903K(7372K)
[2025-11-08T01:20:09.903+0000][gc            ] GC(1023) Pause Young (Normal) (G1 Evacuation Pause) 638M->606M(684M) 7.824ms
[2025-11-08T01:20:09.903+0000][gc,cpu        ] GC(1023) User=0.01s Sys=0.00s Real=0.01s
[2025-11-08T01:20:16.444+0000][gc,start      ] GC(1024) Pause Young (Normal) (G1 Evacuation Pause)
[2025-11-08T01:20:16.446+0000][gc,task       ] GC(1024) Using 2 workers of 2 for evacuation
[2025-11-08T01:20:16.452+0000][gc,phases     ] GC(1024)   Pre Evacuate Collection Set: 0.0ms
[2025-11-08T01:20:16.454+0000][gc,phases     ] GC(1024)   Evacuate Collection Set: 5.6ms
[2025-11-08T01:20:16.454+0000][gc,phases     ] GC(1024)   Post Evacuate Collection Set: 0.6ms
[2025-11-08T01:20:16.454+0000][gc,phases     ] GC(1024)   Other: 1.7ms
[2025-11-08T01:20:16.454+0000][gc,heap       ] GC(1024) Eden regions: 32->0(32)
[2025-11-08T01:20:16.454+0000][gc,heap       ] GC(1024) Survivor regions: 2->2(5)
[2025-11-08T01:20:16.455+0000][gc,heap       ] GC(1024) Old regions: 458->458
[2025-11-08T01:20:16.455+0000][gc,heap       ] GC(1024) Humongous regions: 147->147
[2025-11-08T01:20:16.455+0000][gc,metaspace  ] GC(1024) Metaspace: 53318K(56604K)->53318K(56604K) NonClass: 47415K(49232K)->47415K(49232K) Class: 5903K(7372K)->5903K(7372K)
[2025-11-08T01:20:16.455+0000][gc            ] GC(1024) Pause Young (Normal) (G1 Evacuation Pause) 638M->606M(684M) 10.787ms
[2025-11-08T01:20:16.455+0000][gc,cpu        ] GC(1024) User=0.02s Sys=0.00s Real=0.01s
[2025-11-08T01:20:23.030+0000][gc,start      ] GC(1025) Pause Young (Normal) (G1 Evacuation Pause)
[2025-11-08T01:20:23.031+0000][gc,task       ] GC(1025) Using 2 workers of 2 for evacuation
[2025-11-08T01:20:23.039+0000][gc,phases     ] GC(1025)   Pre Evacuate Collection Set: 0.0ms
[2025-11-08T01:20:23.040+0000][gc,phases     ] GC(1025)   Evacuate Collection Set: 7.8ms
[2025-11-08T01:20:23.040+0000][gc,phases     ] GC(1025)   Post Evacuate Collection Set: 0.5ms
[2025-11-08T01:20:23.040+0000][gc,phases     ] GC(1025)   Other: 0.5ms
[2025-11-08T01:20:23.040+0000][gc,heap       ] GC(1025) Eden regions: 32->0(30)
[2025-11-08T01:20:23.040+0000][gc,heap       ] GC(1025) Survivor regions: 2->4(5)
[2025-11-08T01:20:23.040+0000][gc,heap       ] GC(1025) Old regions: 458->458
[2025-11-08T01:20:23.041+0000][gc,heap       ] GC(1025) Humongous regions: 147->147
[2025-11-08T01:20:23.041+0000][gc,metaspace  ] GC(1025) Metaspace: 53318K(56604K)->53318K(56604K) NonClass: 47415K(49232K)->47415K(49232K) Class: 5903K(7372K)->5903K(7372K)
[2025-11-08T01:20:23.041+0000][gc            ] GC(1025) Pause Young (Normal) (G1 Evacuation Pause) 638M->608M(684M) 10.356ms
[2025-11-08T01:20:23.041+0000][gc,cpu        ] GC(1025) User=0.01s Sys=0.00s Real=0.01s
[2025-11-08T01:20:29.060+0000][gc,start      ] GC(1026) Pause Young (Normal) (G1 Evacuation Pause)
[2025-11-08T01:20:29.060+0000][gc,task       ] GC(1026) Using 2 workers of 2 for evacuation
[2025-11-08T01:20:29.068+0000][gc,phases     ] GC(1026)   Pre Evacuate Collection Set: 0.0ms
[2025-11-08T01:20:29.068+0000][gc,phases     ] GC(1026)   Evacuate Collection Set: 7.2ms
[2025-11-08T01:20:29.068+0000][gc,phases     ] GC(1026)   Post Evacuate Collection Set: 0.5ms
[2025-11-08T01:20:29.068+0000][gc,phases     ] GC(1026)   Other: 0.6ms
[2025-11-08T01:20:29.068+0000][gc,heap       ] GC(1026) Eden regions: 30->0(31)
[2025-11-08T01:20:29.068+0000][gc,heap       ] GC(1026) Survivor regions: 4->3(5)
[2025-11-08T01:20:29.069+0000][gc,heap       ] GC(1026) Old regions: 458->459
[2025-11-08T01:20:29.069+0000][gc,heap       ] GC(1026) Humongous regions: 147->147
[2025-11-08T01:20:29.069+0000][gc,metaspace  ] GC(1026) Metaspace: 53318K(56604K)->53318K(56604K) NonClass: 47415K(49232K)->47415K(49232K) Class: 5903K(7372K)->5903K(7372K)
[2025-11-08T01:20:29.069+0000][gc            ] GC(1026) Pause Young (Normal) (G1 Evacuation Pause) 638M->607M(684M) 9.677ms
[2025-11-08T01:20:29.069+0000][gc,cpu        ] GC(1026) User=0.01s Sys=0.00s Real=0.01s
[2025-11-08T01:20:35.644+0000][gc,start      ] GC(1027) Pause Young (Normal) (G1 Evacuation Pause)
[2025-11-08T01:20:35.644+0000][gc,task       ] GC(1027) Using 2 workers of 2 for evacuation
[2025-11-08T01:20:35.650+0000][gc,phases     ] GC(1027)   Pre Evacuate Collection Set: 0.0ms
[2025-11-08T01:20:35.651+0000][gc,phases     ] GC(1027)   Evacuate Collection Set: 5.5ms
[2025-11-08T01:20:35.651+0000][gc,phases     ] GC(1027)   Post Evacuate Collection Set: 0.6ms
[2025-11-08T01:20:35.651+0000][gc,phases     ] GC(1027)   Other: 0.6ms
[2025-11-08T01:20:35.651+0000][gc,heap       ] GC(1027) Eden regions: 31->0(32)
[2025-11-08T01:20:35.651+0000][gc,heap       ] GC(1027) Survivor regions: 3->2(5)
[2025-11-08T01:20:35.651+0000][gc,heap       ] GC(1027) Old regions: 459->459
[2025-11-08T01:20:35.651+0000][gc,heap       ] GC(1027) Humongous regions: 147->147
[2025-11-08T01:20:35.651+0000][gc,metaspace  ] GC(1027) Metaspace: 53318K(56604K)->53318K(56604K) NonClass: 47415K(49232K)->47415K(49232K) Class: 5903K(7372K)->5903K(7372K)
[2025-11-08T01:20:35.652+0000][gc            ] GC(1027) Pause Young (Normal) (G1 Evacuation Pause) 638M->607M(684M) 7.972ms
[2025-11-08T01:20:35.652+0000][gc,cpu        ] GC(1027) User=0.01s Sys=0.00s Real=0.00s
[2025-11-08T01:20:42.403+0000][gc,start      ] GC(1028) Pause Young (Normal) (G1 Evacuation Pause)
[2025-11-08T01:20:42.403+0000][gc,task       ] GC(1028) Using 2 workers of 2 for evacuation
[2025-11-08T01:20:42.416+0000][gc,phases     ] GC(1028)   Pre Evacuate Collection Set: 0.0ms
[2025-11-08T01:20:42.416+0000][gc,phases     ] GC(1028)   Evacuate Collection Set: 9.9ms
[2025-11-08T01:20:42.416+0000][gc,phases     ] GC(1028)   Post Evacuate Collection Set: 0.6ms
[2025-11-08T01:20:42.416+0000][gc,phases     ] GC(1028)   Other: 2.4ms
[2025-11-08T01:20:42.417+0000][gc,heap       ] GC(1028) Eden regions: 32->0(32)
[2025-11-08T01:20:42.417+0000][gc,heap       ] GC(1028) Survivor regions: 2->2(5)
[2025-11-08T01:20:42.417+0000][gc,heap       ] GC(1028) Old regions: 459->459
[2025-11-08T01:20:42.418+0000][gc,heap       ] GC(1028) Humongous regions: 147->147
[2025-11-08T01:20:42.419+0000][gc,metaspace  ] GC(1028) Metaspace: 53318K(56604K)->53318K(56604K) NonClass: 47415K(49232K)->47415K(49232K) Class: 5903K(7372K)->5903K(7372K)
[2025-11-08T01:20:42.419+0000][gc            ] GC(1028) Pause Young (Normal) (G1 Evacuation Pause) 639M->607M(684M) 16.523ms
[2025-11-08T01:20:42.420+0000][gc,cpu        ] GC(1028) User=0.02s Sys=0.00s Real=0.01s
[2025-11-08T01:20:49.031+0000][gc,start      ] GC(1029) Pause Young (Normal) (G1 Evacuation Pause)
[2025-11-08T01:20:49.031+0000][gc,task       ] GC(1029) Using 2 workers of 2 for evacuation
[2025-11-08T01:20:49.041+0000][gc,phases     ] GC(1029)   Pre Evacuate Collection Set: 0.0ms
[2025-11-08T01:20:49.041+0000][gc,phases     ] GC(1029)   Evacuate Collection Set: 8.2ms
[2025-11-08T01:20:49.042+0000][gc,phases     ] GC(1029)   Post Evacuate Collection Set: 0.9ms
[2025-11-08T01:20:49.042+0000][gc,phases     ] GC(1029)   Other: 0.7ms
[2025-11-08T01:20:49.043+0000][gc,heap       ] GC(1029) Eden regions: 32->0(30)
[2025-11-08T01:20:49.043+0000][gc,heap       ] GC(1029) Survivor regions: 2->4(5)
[2025-11-08T01:20:49.043+0000][gc,heap       ] GC(1029) Old regions: 459->459
[2025-11-08T01:20:49.044+0000][gc,heap       ] GC(1029) Humongous regions: 147->147
[2025-11-08T01:20:49.045+0000][gc,metaspace  ] GC(1029) Metaspace: 53318K(56604K)->53318K(56604K) NonClass: 47415K(49232K)->47415K(49232K) Class: 5903K(7372K)->5903K(7372K)
[2025-11-08T01:20:49.045+0000][gc            ] GC(1029) Pause Young (Normal) (G1 Evacuation Pause) 639M->608M(684M) 14.241ms
[2025-11-08T01:20:49.045+0000][gc,cpu        ] GC(1029) User=0.02s Sys=0.00s Real=0.02s
[2025-11-08T01:20:55.231+0000][gc,start      ] GC(1030) Pause Young (Normal) (G1 Evacuation Pause)
[2025-11-08T01:20:55.231+0000][gc,task       ] GC(1030) Using 2 workers of 2 for evacuation
[2025-11-08T01:20:55.239+0000][gc,phases     ] GC(1030)   Pre Evacuate Collection Set: 0.0ms
[2025-11-08T01:20:55.239+0000][gc,phases     ] GC(1030)   Evacuate Collection Set: 7.0ms
[2025-11-08T01:20:55.239+0000][gc,phases     ] GC(1030)   Post Evacuate Collection Set: 0.6ms
[2025-11-08T01:20:55.240+0000][gc,phases     ] GC(1030)   Other: 0.5ms
[2025-11-08T01:20:55.240+0000][gc,heap       ] GC(1030) Eden regions: 30->0(31)
[2025-11-08T01:20:55.240+0000][gc,heap       ] GC(1030) Survivor regions: 4->3(5)
[2025-11-08T01:20:55.240+0000][gc,heap       ] GC(1030) Old regions: 459->460
[2025-11-08T01:20:55.240+0000][gc,heap       ] GC(1030) Humongous regions: 147->147
[2025-11-08T01:20:55.240+0000][gc,metaspace  ] GC(1030) Metaspace: 53318K(56604K)->53318K(56604K) NonClass: 47415K(49232K)->47415K(49232K) Class: 5903K(7372K)->5903K(7372K)
[2025-11-08T01:20:55.240+0000][gc            ] GC(1030) Pause Young (Normal) (G1 Evacuation Pause) 638M->608M(684M) 9.346ms
[2025-11-08T01:20:55.241+0000][gc,cpu        ] GC(1030) User=0.02s Sys=0.00s Real=0.01s
[2025-11-08T01:21:01.595+0000][gc,start      ] GC(1031) Pause Young (Normal) (G1 Evacuation Pause)
[2025-11-08T01:21:01.596+0000][gc,task       ] GC(1031) Using 2 workers of 2 for evacuation
[2025-11-08T01:21:01.602+0000][gc,phases     ] GC(1031)   Pre Evacuate Collection Set: 0.0ms
[2025-11-08T01:21:01.602+0000][gc,phases     ] GC(1031)   Evacuate Collection Set: 5.8ms
[2025-11-08T01:21:01.603+0000][gc,phases     ] GC(1031)   Post Evacuate Collection Set: 0.5ms
[2025-11-08T01:21:01.603+0000][gc,phases     ] GC(1031)   Other: 0.5ms
[2025-11-08T01:21:01.603+0000][gc,heap       ] GC(1031) Eden regions: 31->0(32)
[2025-11-08T01:21:01.603+0000][gc,heap       ] GC(1031) Survivor regions: 3->2(5)
[2025-11-08T01:21:01.603+0000][gc,heap       ] GC(1031) Old regions: 460->460
[2025-11-08T01:21:01.603+0000][gc,heap       ] GC(1031) Humongous regions: 147->147
[2025-11-08T01:21:01.603+0000][gc,metaspace  ] GC(1031) Metaspace: 53318K(56604K)->53318K(56604K) NonClass: 47415K(49232K)->47415K(49232K) Class: 5903K(7372K)->5903K(7372K)
[2025-11-08T01:21:01.604+0000][gc            ] GC(1031) Pause Young (Normal) (G1 Evacuation Pause) 639M->608M(684M) 8.279ms
[2025-11-08T01:21:01.604+0000][gc,cpu        ] GC(1031) User=0.01s Sys=0.00s Real=0.01s
[2025-11-08T01:21:08.141+0000][gc,start      ] GC(1032) Pause Young (Concurrent Start) (G1 Evacuation Pause)
[2025-11-08T01:21:08.142+0000][gc,task       ] GC(1032) Using 2 workers of 2 for evacuation
[2025-11-08T01:21:08.163+0000][gc,mmu        ] GC(1032) MMU target violated: 21.0ms (20.0ms/21.0ms)
[2025-11-08T01:21:08.163+0000][gc,phases     ] GC(1032)   Pre Evacuate Collection Set: 0.2ms
[2025-11-08T01:21:08.164+0000][gc,phases     ] GC(1032)   Evacuate Collection Set: 18.0ms
[2025-11-08T01:21:08.164+0000][gc,phases     ] GC(1032)   Post Evacuate Collection Set: 0.9ms
[2025-11-08T01:21:08.164+0000][gc,phases     ] GC(1032)   Other: 3.0ms
[2025-11-08T01:21:08.165+0000][gc,heap       ] GC(1032) Eden regions: 32->0(32)
[2025-11-08T01:21:08.165+0000][gc,heap       ] GC(1032) Survivor regions: 2->2(5)
[2025-11-08T01:21:08.166+0000][gc,heap       ] GC(1032) Old regions: 460->460
[2025-11-08T01:21:08.166+0000][gc,heap       ] GC(1032) Humongous regions: 147->147
[2025-11-08T01:21:08.166+0000][gc,metaspace  ] GC(1032) Metaspace: 53318K(56604K)->53318K(56604K) NonClass: 47415K(49232K)->47415K(49232K) Class: 5903K(7372K)->5903K(7372K)
[2025-11-08T01:21:08.166+0000][gc            ] GC(1032) Pause Young (Concurrent Start) (G1 Evacuation Pause) 640M->608M(684M) 25.053ms
[2025-11-08T01:21:08.167+0000][gc,cpu        ] GC(1032) User=0.02s Sys=0.00s Real=0.03s
[2025-11-08T01:21:08.170+0000][gc            ] GC(1033) Concurrent Cycle
[2025-11-08T01:21:08.170+0000][gc,marking    ] GC(1033) Concurrent Clear Claimed Marks
[2025-11-08T01:21:08.170+0000][gc,marking    ] GC(1033) Concurrent Clear Claimed Marks 0.636ms
[2025-11-08T01:21:08.171+0000][gc,marking    ] GC(1033) Concurrent Scan Root Regions
[2025-11-08T01:21:08.184+0000][gc,marking    ] GC(1033) Concurrent Scan Root Regions 13.373ms
[2025-11-08T01:21:08.185+0000][gc,marking    ] GC(1033) Concurrent Mark (21237.978s)
[2025-11-08T01:21:08.185+0000][gc,marking    ] GC(1033) Concurrent Mark From Roots
[2025-11-08T01:21:08.186+0000][gc,task       ] GC(1033) Using 1 workers of 1 for marking
[2025-11-08T01:21:08.427+0000][gc,marking    ] GC(1033) Concurrent Mark From Roots 241.417ms
[2025-11-08T01:21:08.427+0000][gc,marking    ] GC(1033) Concurrent Preclean
[2025-11-08T01:21:08.428+0000][gc,marking    ] GC(1033) Concurrent Preclean 1.075ms
[2025-11-08T01:21:08.428+0000][gc,marking    ] GC(1033) Concurrent Mark (21237.978s, 21238.221s) 243.333ms
[2025-11-08T01:21:08.428+0000][gc,start      ] GC(1033) Pause Remark
[2025-11-08T01:21:08.449+0000][gc,stringtable] GC(1033) Cleaned string and symbol table, strings: 17255 processed, 1 removed, symbols: 123804 processed, 0 removed
[2025-11-08T01:21:08.452+0000][gc,mmu        ] GC(1033) MMU target violated: 21.0ms (20.0ms/21.0ms)
[2025-11-08T01:21:08.452+0000][gc            ] GC(1033) Pause Remark 609M->417M(684M) 23.232ms
[2025-11-08T01:21:08.452+0000][gc,cpu        ] GC(1033) User=0.03s Sys=0.00s Real=0.02s
[2025-11-08T01:21:08.452+0000][gc,marking    ] GC(1033) Concurrent Rebuild Remembered Sets
[2025-11-08T01:21:08.479+0000][gc,marking    ] GC(1033) Concurrent Rebuild Remembered Sets 27.191ms
[2025-11-08T01:21:08.480+0000][gc,start      ] GC(1033) Pause Cleanup
[2025-11-08T01:21:08.481+0000][gc            ] GC(1033) Pause Cleanup 418M->418M(684M) 0.644ms
[2025-11-08T01:21:08.481+0000][gc,cpu        ] GC(1033) User=0.00s Sys=0.00s Real=0.00s
[2025-11-08T01:21:08.482+0000][gc,marking    ] GC(1033) Concurrent Cleanup for Next Mark
[2025-11-08T01:21:08.508+0000][gc,marking    ] GC(1033) Concurrent Cleanup for Next Mark 26.246ms
[2025-11-08T01:21:08.508+0000][gc            ] GC(1033) Concurrent Cycle 339.194ms
[2025-11-08T01:21:14.823+0000][gc,start      ] GC(1034) Pause Young (Prepare Mixed) (G1 Evacuation Pause)
[2025-11-08T01:21:14.823+0000][gc,task       ] GC(1034) Using 2 workers of 2 for evacuation
[2025-11-08T01:21:14.835+0000][gc,phases     ] GC(1034)   Pre Evacuate Collection Set: 0.0ms
[2025-11-08T01:21:14.836+0000][gc,phases     ] GC(1034)   Evacuate Collection Set: 11.0ms
[2025-11-08T01:21:14.836+0000][gc,phases     ] GC(1034)   Post Evacuate Collection Set: 0.6ms
[2025-11-08T01:21:14.837+0000][gc,phases     ] GC(1034)   Other: 0.6ms
[2025-11-08T01:21:14.837+0000][gc,heap       ] GC(1034) Eden regions: 32->0(30)
[2025-11-08T01:21:14.837+0000][gc,heap       ] GC(1034) Survivor regions: 2->4(5)
[2025-11-08T01:21:14.837+0000][gc,heap       ] GC(1034) Old regions: 268->268
[2025-11-08T01:21:14.837+0000][gc,heap       ] GC(1034) Humongous regions: 147->147
[2025-11-08T01:21:14.838+0000][gc,metaspace  ] GC(1034) Metaspace: 53318K(56604K)->53318K(56604K) NonClass: 47415K(49232K)->47415K(49232K) Class: 5903K(7372K)->5903K(7372K)
[2025-11-08T01:21:14.838+0000][gc            ] GC(1034) Pause Young (Prepare Mixed) (G1 Evacuation Pause) 448M->417M(684M) 14.863ms
[2025-11-08T01:21:14.838+0000][gc,cpu        ] GC(1034) User=0.02s Sys=0.00s Real=0.02s
[2025-11-08T01:21:20.886+0000][gc,start      ] GC(1035) Pause Young (Mixed) (G1 Evacuation Pause)
[2025-11-08T01:21:20.886+0000][gc,task       ] GC(1035) Using 2 workers of 2 for evacuation
[2025-11-08T01:21:20.895+0000][gc,phases     ] GC(1035)   Pre Evacuate Collection Set: 0.0ms
[2025-11-08T01:21:20.895+0000][gc,phases     ] GC(1035)   Evacuate Collection Set: 7.5ms
[2025-11-08T01:21:20.895+0000][gc,phases     ] GC(1035)   Post Evacuate Collection Set: 0.7ms
[2025-11-08T01:21:20.896+0000][gc,phases     ] GC(1035)   Other: 0.6ms
[2025-11-08T01:21:20.896+0000][gc,heap       ] GC(1035) Eden regions: 30->0(32)
[2025-11-08T01:21:20.896+0000][gc,heap       ] GC(1035) Survivor regions: 4->2(5)
[2025-11-08T01:21:20.896+0000][gc,heap       ] GC(1035) Old regions: 268->200
[2025-11-08T01:21:20.896+0000][gc,heap       ] GC(1035) Humongous regions: 147->147
[2025-11-08T01:21:20.896+0000][gc,metaspace  ] GC(1035) Metaspace: 53318K(56604K)->53318K(56604K) NonClass: 47415K(49232K)->47415K(49232K) Class: 5903K(7372K)->5903K(7372K)
[2025-11-08T01:21:20.896+0000][gc            ] GC(1035) Pause Young (Mixed) (G1 Evacuation Pause) 447M->348M(684M) 10.287ms
[2025-11-08T01:21:20.897+0000][gc,cpu        ] GC(1035) User=0.02s Sys=0.00s Real=0.01s
[2025-11-08T01:21:27.389+0000][gc,start      ] GC(1036) Pause Young (Mixed) (G1 Evacuation Pause)
[2025-11-08T01:21:27.390+0000][gc,task       ] GC(1036) Using 2 workers of 2 for evacuation
[2025-11-08T01:21:27.397+0000][gc,phases     ] GC(1036)   Pre Evacuate Collection Set: 0.0ms
[2025-11-08T01:21:27.397+0000][gc,phases     ] GC(1036)   Evacuate Collection Set: 5.8ms
[2025-11-08T01:21:27.397+0000][gc,phases     ] GC(1036)   Post Evacuate Collection Set: 0.8ms
[2025-11-08T01:21:27.397+0000][gc,phases     ] GC(1036)   Other: 0.6ms
[2025-11-08T01:21:27.397+0000][gc,heap       ] GC(1036) Eden regions: 32->0(32)
[2025-11-08T01:21:27.397+0000][gc,heap       ] GC(1036) Survivor regions: 2->2(5)
[2025-11-08T01:21:27.398+0000][gc,heap       ] GC(1036) Old regions: 200->131
[2025-11-08T01:21:27.398+0000][gc,heap       ] GC(1036) Humongous regions: 147->147
[2025-11-08T01:21:27.398+0000][gc,metaspace  ] GC(1036) Metaspace: 53318K(56604K)->53318K(56604K) NonClass: 47415K(49232K)->47415K(49232K) Class: 5903K(7372K)->5903K(7372K)
[2025-11-08T01:21:27.398+0000][gc            ] GC(1036) Pause Young (Mixed) (G1 Evacuation Pause) 380M->279M(684M) 8.744ms
[2025-11-08T01:21:27.398+0000][gc,cpu        ] GC(1036) User=0.01s Sys=0.00s Real=0.01s
[2025-11-08T01:21:34.034+0000][gc,start      ] GC(1037) Pause Young (Mixed) (G1 Evacuation Pause)
[2025-11-08T01:21:34.035+0000][gc,task       ] GC(1037) Using 2 workers of 2 for evacuation
[2025-11-08T01:21:34.046+0000][gc,phases     ] GC(1037)   Pre Evacuate Collection Set: 0.1ms
[2025-11-08T01:21:34.046+0000][gc,phases     ] GC(1037)   Evacuate Collection Set: 8.8ms
[2025-11-08T01:21:34.046+0000][gc,phases     ] GC(1037)   Post Evacuate Collection Set: 1.3ms
[2025-11-08T01:21:34.047+0000][gc,phases     ] GC(1037)   Other: 1.6ms
[2025-11-08T01:21:34.047+0000][gc,heap       ] GC(1037) Eden regions: 32->0(32)
[2025-11-08T01:21:34.048+0000][gc,heap       ] GC(1037) Survivor regions: 2->2(5)
[2025-11-08T01:21:34.048+0000][gc,heap       ] GC(1037) Old regions: 131->62
[2025-11-08T01:21:34.049+0000][gc,heap       ] GC(1037) Humongous regions: 147->147
[2025-11-08T01:21:34.049+0000][gc,metaspace  ] GC(1037) Metaspace: 53318K(56604K)->53318K(56604K) NonClass: 47415K(49232K)->47415K(49232K) Class: 5903K(7372K)->5903K(7372K)
[2025-11-08T01:21:34.049+0000][gc            ] GC(1037) Pause Young (Mixed) (G1 Evacuation Pause) 311M->210M(684M) 15.191ms
[2025-11-08T01:21:34.050+0000][gc,cpu        ] GC(1037) User=0.02s Sys=0.00s Real=0.01s
[2025-11-08T01:21:40.617+0000][gc,start      ] GC(1038) Pause Young (Mixed) (G1 Evacuation Pause)
[2025-11-08T01:21:40.618+0000][gc,task       ] GC(1038) Using 2 workers of 2 for evacuation
[2025-11-08T01:21:40.649+0000][gc,mmu        ] GC(1038) MMU target violated: 21.0ms (20.0ms/21.0ms)
[2025-11-08T01:21:40.651+0000][gc,phases     ] GC(1038)   Pre Evacuate Collection Set: 0.1ms
[2025-11-08T01:21:40.652+0000][gc,phases     ] GC(1038)   Evacuate Collection Set: 26.7ms
[2025-11-08T01:21:40.653+0000][gc,phases     ] GC(1038)   Post Evacuate Collection Set: 3.2ms
[2025-11-08T01:21:40.653+0000][gc,phases     ] GC(1038)   Other: 4.2ms
[2025-11-08T01:21:40.654+0000][gc,heap       ] GC(1038) Eden regions: 32->0(34)
[2025-11-08T01:21:40.654+0000][gc,heap       ] GC(1038) Survivor regions: 2->4(5)
[2025-11-08T01:21:40.654+0000][gc,heap       ] GC(1038) Old regions: 62->57
[2025-11-08T01:21:40.655+0000][gc,heap       ] GC(1038) Humongous regions: 147->147
[2025-11-08T01:21:40.655+0000][gc,metaspace  ] GC(1038) Metaspace: 53318K(56604K)->53318K(56604K) NonClass: 47415K(49232K)->47415K(49232K) Class: 5903K(7372K)->5903K(7372K)
[2025-11-08T01:21:40.655+0000][gc            ] GC(1038) Pause Young (Mixed) (G1 Evacuation Pause) 242M->206M(684M) 38.091ms
[2025-11-08T01:21:40.656+0000][gc,cpu        ] GC(1038) User=0.04s Sys=0.00s Real=0.04s
[2025-11-08T01:21:47.912+0000][gc,start      ] GC(1039) Pause Young (Normal) (G1 Evacuation Pause)
[2025-11-08T01:21:47.913+0000][gc,task       ] GC(1039) Using 2 workers of 2 for evacuation
[2025-11-08T01:21:47.921+0000][gc,phases     ] GC(1039)   Pre Evacuate Collection Set: 0.0ms
[2025-11-08T01:21:47.921+0000][gc,phases     ] GC(1039)   Evacuate Collection Set: 7.8ms
[2025-11-08T01:21:47.922+0000][gc,phases     ] GC(1039)   Post Evacuate Collection Set: 0.5ms
[2025-11-08T01:21:47.922+0000][gc,phases     ] GC(1039)   Other: 0.5ms
[2025-11-08T01:21:47.922+0000][gc,heap       ] GC(1039) Eden regions: 34->0(37)
[2025-11-08T01:21:47.922+0000][gc,heap       ] GC(1039) Survivor regions: 4->3(5)
[2025-11-08T01:21:47.922+0000][gc,heap       ] GC(1039) Old regions: 57->57
[2025-11-08T01:21:47.922+0000][gc,heap       ] GC(1039) Humongous regions: 147->147
[2025-11-08T01:21:47.922+0000][gc,metaspace  ] GC(1039) Metaspace: 53318K(56604K)->53318K(56604K) NonClass: 47415K(49232K)->47415K(49232K) Class: 5903K(7372K)->5903K(7372K)
[2025-11-08T01:21:47.923+0000][gc            ] GC(1039) Pause Young (Normal) (G1 Evacuation Pause) 240M->206M(684M) 10.284ms
[2025-11-08T01:21:47.923+0000][gc,cpu        ] GC(1039) User=0.02s Sys=0.00s Real=0.01s
[2025-11-08T01:21:55.583+0000][gc,start      ] GC(1040) Pause Young (Normal) (G1 Evacuation Pause)
[2025-11-08T01:21:55.583+0000][gc,task       ] GC(1040) Using 2 workers of 2 for evacuation
[2025-11-08T01:21:55.589+0000][gc,phases     ] GC(1040)   Pre Evacuate Collection Set: 0.0ms
[2025-11-08T01:21:55.589+0000][gc,phases     ] GC(1040)   Evacuate Collection Set: 4.9ms
[2025-11-08T01:21:55.589+0000][gc,phases     ] GC(1040)   Post Evacuate Collection Set: 0.6ms
[2025-11-08T01:21:55.589+0000][gc,phases     ] GC(1040)   Other: 0.6ms
[2025-11-08T01:21:55.589+0000][gc,heap       ] GC(1040) Eden regions: 37->0(46)
[2025-11-08T01:21:55.590+0000][gc,heap       ] GC(1040) Survivor regions: 3->2(5)
[2025-11-08T01:21:55.590+0000][gc,heap       ] GC(1040) Old regions: 57->57
[2025-11-08T01:21:55.590+0000][gc,heap       ] GC(1040) Humongous regions: 147->147
[2025-11-08T01:21:55.590+0000][gc,metaspace  ] GC(1040) Metaspace: 53318K(56604K)->53318K(56604K) NonClass: 47415K(49232K)->47415K(49232K) Class: 5903K(7372K)->5903K(7372K)
[2025-11-08T01:21:55.590+0000][gc            ] GC(1040) Pause Young (Normal) (G1 Evacuation Pause) 243M->205M(684M) 7.509ms
[2025-11-08T01:21:55.590+0000][gc,cpu        ] GC(1040) User=0.01s Sys=0.00s Real=0.01s
[2025-11-08T01:22:05.108+0000][gc,start      ] GC(1041) Pause Young (Normal) (G1 Evacuation Pause)
[2025-11-08T01:22:05.109+0000][gc,task       ] GC(1041) Using 2 workers of 2 for evacuation
[2025-11-08T01:22:05.117+0000][gc,phases     ] GC(1041)   Pre Evacuate Collection Set: 0.0ms
[2025-11-08T01:22:05.117+0000][gc,phases     ] GC(1041)   Evacuate Collection Set: 7.2ms
[2025-11-08T01:22:05.117+0000][gc,phases     ] GC(1041)   Post Evacuate Collection Set: 0.7ms
[2025-11-08T01:22:05.118+0000][gc,phases     ] GC(1041)   Other: 0.7ms
[2025-11-08T01:22:05.118+0000][gc,heap       ] GC(1041) Eden regions: 46->0(51)
[2025-11-08T01:22:05.118+0000][gc,heap       ] GC(1041) Survivor regions: 2->3(6)
[2025-11-08T01:22:05.118+0000][gc,heap       ] GC(1041) Old regions: 57->57
[2025-11-08T01:22:05.118+0000][gc,heap       ] GC(1041) Humongous regions: 147->147
[2025-11-08T01:22:05.119+0000][gc,metaspace  ] GC(1041) Metaspace: 53318K(56604K)->53318K(56604K) NonClass: 47415K(49232K)->47415K(49232K) Class: 5903K(7372K)->5903K(7372K)
[2025-11-08T01:22:05.119+0000][gc            ] GC(1041) Pause Young (Normal) (G1 Evacuation Pause) 251M->206M(684M) 10.356ms
[2025-11-08T01:22:05.119+0000][gc,cpu        ] GC(1041) User=0.02s Sys=0.00s Real=0.01s
[2025-11-08T01:22:14.706+0000][gc,start      ] GC(1042) Pause Young (Normal) (G1 Evacuation Pause)
[2025-11-08T01:22:14.706+0000][gc,task       ] GC(1042) Using 2 workers of 2 for evacuation
[2025-11-08T01:22:14.714+0000][gc,phases     ] GC(1042)   Pre Evacuate Collection Set: 0.0ms
[2025-11-08T01:22:14.714+0000][gc,phases     ] GC(1042)   Evacuate Collection Set: 6.5ms
[2025-11-08T01:22:14.714+0000][gc,phases     ] GC(1042)   Post Evacuate Collection Set: 0.8ms
[2025-11-08T01:22:14.714+0000][gc,phases     ] GC(1042)   Other: 0.6ms
[2025-11-08T01:22:14.714+0000][gc,heap       ] GC(1042) Eden regions: 47->0(58)
[2025-11-08T01:22:14.714+0000][gc,heap       ] GC(1042) Survivor regions: 3->2(7)
[2025-11-08T01:22:14.715+0000][gc,heap       ] GC(1042) Old regions: 57->57
[2025-11-08T01:22:14.715+0000][gc,heap       ] GC(1042) Humongous regions: 147->147
[2025-11-08T01:22:14.715+0000][gc,metaspace  ] GC(1042) Metaspace: 53318K(56604K)->53318K(56604K) NonClass: 47415K(49232K)->47415K(49232K) Class: 5903K(7372K)->5903K(7372K)
[2025-11-08T01:22:14.715+0000][gc            ] GC(1042) Pause Young (Normal) (G1 Evacuation Pause) 253M->205M(684M) 9.399ms
[2025-11-08T01:22:14.715+0000][gc,cpu        ] GC(1042) User=0.02s Sys=0.00s Real=0.01s
[2025-11-08T01:22:25.636+0000][gc,start      ] GC(1043) Pause Young (Normal) (G1 Evacuation Pause)
[2025-11-08T01:22:25.637+0000][gc,task       ] GC(1043) Using 2 workers of 2 for evacuation
[2025-11-08T01:22:25.644+0000][gc,phases     ] GC(1043)   Pre Evacuate Collection Set: 0.0ms
[2025-11-08T01:22:25.644+0000][gc,phases     ] GC(1043)   Evacuate Collection Set: 6.3ms
[2025-11-08T01:22:25.644+0000][gc,phases     ] GC(1043)   Post Evacuate Collection Set: 0.5ms
[2025-11-08T01:22:25.644+0000][gc,phases     ] GC(1043)   Other: 0.5ms
[2025-11-08T01:22:25.645+0000][gc,heap       ] GC(1043) Eden regions: 53->0(62)
[2025-11-08T01:22:25.645+0000][gc,heap       ] GC(1043) Survivor regions: 2->3(7)
[2025-11-08T01:22:25.645+0000][gc,heap       ] GC(1043) Old regions: 57->57
[2025-11-08T01:22:25.645+0000][gc,heap       ] GC(1043) Humongous regions: 147->147
[2025-11-08T01:22:25.645+0000][gc,metaspace  ] GC(1043) Metaspace: 53318K(56604K)->53318K(56604K) NonClass: 47415K(49232K)->47415K(49232K) Class: 5903K(7372K)->5903K(7372K)
[2025-11-08T01:22:25.645+0000][gc            ] GC(1043) Pause Young (Normal) (G1 Evacuation Pause) 258M->206M(684M) 8.712ms
[2025-11-08T01:22:25.645+0000][gc,cpu        ] GC(1043) User=0.01s Sys=0.00s Real=0.01s
[2025-11-08T01:22:38.674+0000][gc,start      ] GC(1044) Pause Young (Normal) (G1 Evacuation Pause)
[2025-11-08T01:22:38.675+0000][gc,task       ] GC(1044) Using 2 workers of 2 for evacuation
[2025-11-08T01:22:38.692+0000][gc,phases     ] GC(1044)   Pre Evacuate Collection Set: 0.0ms
[2025-11-08T01:22:38.694+0000][gc,phases     ] GC(1044)   Evacuate Collection Set: 15.5ms
[2025-11-08T01:22:38.695+0000][gc,phases     ] GC(1044)   Post Evacuate Collection Set: 1.0ms
[2025-11-08T01:22:38.696+0000][gc,phases     ] GC(1044)   Other: 1.8ms
[2025-11-08T01:22:38.697+0000][gc,heap       ] GC(1044) Eden regions: 61->0(58)
[2025-11-08T01:22:38.698+0000][gc,heap       ] GC(1044) Survivor regions: 3->4(8)
[2025-11-08T01:22:38.698+0000][gc,heap       ] GC(1044) Old regions: 57->57
[2025-11-08T01:22:38.699+0000][gc,heap       ] GC(1044) Humongous regions: 147->147
[2025-11-08T01:22:38.700+0000][gc,metaspace  ] GC(1044) Metaspace: 53318K(56604K)->53318K(56604K) NonClass: 47415K(49232K)->47415K(49232K) Class: 5903K(7372K)->5903K(7372K)
[2025-11-08T01:22:38.702+0000][gc            ] GC(1044) Pause Young (Normal) (G1 Evacuation Pause) 267M->207M(684M) 28.076ms
[2025-11-08T01:22:38.703+0000][gc,cpu        ] GC(1044) User=0.03s Sys=0.00s Real=0.03s
[2025-11-08T01:22:50.227+0000][gc,start      ] GC(1045) Pause Young (Normal) (G1 Evacuation Pause)
[2025-11-08T01:22:50.228+0000][gc,task       ] GC(1045) Using 2 workers of 2 for evacuation
[2025-11-08T01:22:50.240+0000][gc,phases     ] GC(1045)   Pre Evacuate Collection Set: 0.0ms
[2025-11-08T01:22:50.240+0000][gc,phases     ] GC(1045)   Evacuate Collection Set: 10.4ms
[2025-11-08T01:22:50.240+0000][gc,phases     ] GC(1045)   Post Evacuate Collection Set: 0.9ms
[2025-11-08T01:22:50.240+0000][gc,phases     ] GC(1045)   Other: 1.1ms
[2025-11-08T01:22:50.241+0000][gc,heap       ] GC(1045) Eden regions: 53->0(61)
[2025-11-08T01:22:50.241+0000][gc,heap       ] GC(1045) Survivor regions: 4->4(8)
[2025-11-08T01:22:50.242+0000][gc,heap       ] GC(1045) Old regions: 57->57
[2025-11-08T01:22:50.242+0000][gc,heap       ] GC(1045) Humongous regions: 147->147
[2025-11-08T01:22:50.242+0000][gc,metaspace  ] GC(1045) Metaspace: 53318K(56604K)->53318K(56604K) NonClass: 47415K(49232K)->47415K(49232K) Class: 5903K(7372K)->5903K(7372K)
[2025-11-08T01:22:50.242+0000][gc            ] GC(1045) Pause Young (Normal) (G1 Evacuation Pause) 260M->207M(684M) 15.143ms
[2025-11-08T01:22:50.243+0000][gc,cpu        ] GC(1045) User=0.02s Sys=0.00s Real=0.01s
[2025-11-08T01:23:01.690+0000][gc,start      ] GC(1046) Pause Young (Normal) (G1 Evacuation Pause)
[2025-11-08T01:23:01.690+0000][gc,task       ] GC(1046) Using 2 workers of 2 for evacuation
[2025-11-08T01:23:01.701+0000][gc,phases     ] GC(1046)   Pre Evacuate Collection Set: 0.0ms
[2025-11-08T01:23:01.701+0000][gc,phases     ] GC(1046)   Evacuate Collection Set: 9.4ms
[2025-11-08T01:23:01.701+0000][gc,phases     ] GC(1046)   Post Evacuate Collection Set: 1.1ms
[2025-11-08T01:23:01.702+0000][gc,phases     ] GC(1046)   Other: 0.6ms
[2025-11-08T01:23:01.702+0000][gc,heap       ] GC(1046) Eden regions: 54->0(61)
[2025-11-08T01:23:01.702+0000][gc,heap       ] GC(1046) Survivor regions: 4->4(8)
[2025-11-08T01:23:01.702+0000][gc,heap       ] GC(1046) Old regions: 57->57
[2025-11-08T01:23:01.703+0000][gc,heap       ] GC(1046) Humongous regions: 147->147
[2025-11-08T01:23:01.703+0000][gc,metaspace  ] GC(1046) Metaspace: 53318K(56604K)->53318K(56604K) NonClass: 47415K(49232K)->47415K(49232K) Class: 5903K(7372K)->5903K(7372K)
[2025-11-08T01:23:01.703+0000][gc            ] GC(1046) Pause Young (Normal) (G1 Evacuation Pause) 261M->207M(684M) 13.432ms
[2025-11-08T01:23:01.703+0000][gc,cpu        ] GC(1046) User=0.02s Sys=0.00s Real=0.01s
[2025-11-08T01:23:14.625+0000][gc,start      ] GC(1047) Pause Young (Normal) (G1 Evacuation Pause)
[2025-11-08T01:23:14.625+0000][gc,task       ] GC(1047) Using 2 workers of 2 for evacuation
[2025-11-08T01:23:14.635+0000][gc,phases     ] GC(1047)   Pre Evacuate Collection Set: 0.0ms
[2025-11-08T01:23:14.636+0000][gc,phases     ] GC(1047)   Evacuate Collection Set: 8.5ms
[2025-11-08T01:23:14.636+0000][gc,phases     ] GC(1047)   Post Evacuate Collection Set: 0.8ms
[2025-11-08T01:23:14.637+0000][gc,phases     ] GC(1047)   Other: 0.8ms
[2025-11-08T01:23:14.637+0000][gc,heap       ] GC(1047) Eden regions: 61->0(65)
[2025-11-08T01:23:14.637+0000][gc,heap       ] GC(1047) Survivor regions: 4->4(9)
[2025-11-08T01:23:14.637+0000][gc,heap       ] GC(1047) Old regions: 57->57
[2025-11-08T01:23:14.637+0000][gc,heap       ] GC(1047) Humongous regions: 147->147
[2025-11-08T01:23:14.637+0000][gc,metaspace  ] GC(1047) Metaspace: 53318K(56604K)->53318K(56604K) NonClass: 47415K(49232K)->47415K(49232K) Class: 5903K(7372K)->5903K(7372K)
[2025-11-08T01:23:14.637+0000][gc            ] GC(1047) Pause Young (Normal) (G1 Evacuation Pause) 268M->207M(684M) 12.476ms
[2025-11-08T01:23:14.638+0000][gc,cpu        ] GC(1047) User=0.02s Sys=0.00s Real=0.02s
[2025-11-08T01:23:28.125+0000][gc,start      ] GC(1048) Pause Young (Normal) (G1 Evacuation Pause)
[2025-11-08T01:23:28.126+0000][gc,task       ] GC(1048) Using 2 workers of 2 for evacuation
[2025-11-08T01:23:28.137+0000][gc,phases     ] GC(1048)   Pre Evacuate Collection Set: 0.0ms
[2025-11-08T01:23:28.137+0000][gc,phases     ] GC(1048)   Evacuate Collection Set: 10.2ms
[2025-11-08T01:23:28.138+0000][gc,phases     ] GC(1048)   Post Evacuate Collection Set: 0.8ms
[2025-11-08T01:23:28.138+0000][gc,phases     ] GC(1048)   Other: 0.7ms
[2025-11-08T01:23:28.138+0000][gc,heap       ] GC(1048) Eden regions: 65->0(67)
[2025-11-08T01:23:28.138+0000][gc,heap       ] GC(1048) Survivor regions: 4->5(9)
[2025-11-08T01:23:28.138+0000][gc,heap       ] GC(1048) Old regions: 57->57
[2025-11-08T01:23:28.138+0000][gc,heap       ] GC(1048) Humongous regions: 147->147
[2025-11-08T01:23:28.139+0000][gc,metaspace  ] GC(1048) Metaspace: 53318K(56604K)->53318K(56604K) NonClass: 47415K(49232K)->47415K(49232K) Class: 5903K(7372K)->5903K(7372K)
[2025-11-08T01:23:28.139+0000][gc            ] GC(1048) Pause Young (Normal) (G1 Evacuation Pause) 272M->208M(684M) 13.546ms
[2025-11-08T01:23:28.139+0000][gc,cpu        ] GC(1048) User=0.02s Sys=0.00s Real=0.01s
[2025-11-08T01:23:42.611+0000][gc,start      ] GC(1049) Pause Young (Normal) (G1 Evacuation Pause)
[2025-11-08T01:23:42.611+0000][gc,task       ] GC(1049) Using 2 workers of 2 for evacuation
[2025-11-08T01:23:42.623+0000][gc,phases     ] GC(1049)   Pre Evacuate Collection Set: 0.0ms
[2025-11-08T01:23:42.624+0000][gc,phases     ] GC(1049)   Evacuate Collection Set: 10.5ms
[2025-11-08T01:23:42.624+0000][gc,phases     ] GC(1049)   Post Evacuate Collection Set: 0.8ms
[2025-11-08T01:23:42.624+0000][gc,phases     ] GC(1049)   Other: 0.8ms
[2025-11-08T01:23:42.625+0000][gc,heap       ] GC(1049) Eden regions: 67->0(69)
[2025-11-08T01:23:42.625+0000][gc,heap       ] GC(1049) Survivor regions: 5->5(9)
[2025-11-08T01:23:42.625+0000][gc,heap       ] GC(1049) Old regions: 57->58
[2025-11-08T01:23:42.625+0000][gc,heap       ] GC(1049) Humongous regions: 147->147
[2025-11-08T01:23:42.625+0000][gc,metaspace  ] GC(1049) Metaspace: 53318K(56604K)->53318K(56604K) NonClass: 47415K(49232K)->47415K(49232K) Class: 5903K(7372K)->5903K(7372K)
[2025-11-08T01:23:42.625+0000][gc            ] GC(1049) Pause Young (Normal) (G1 Evacuation Pause) 275M->209M(684M) 14.382ms
[2025-11-08T01:23:42.626+0000][gc,cpu        ] GC(1049) User=0.03s Sys=0.00s Real=0.02s
[2025-11-08T01:23:56.998+0000][gc,start      ] GC(1050) Pause Young (Normal) (G1 Evacuation Pause)
[2025-11-08T01:23:56.998+0000][gc,task       ] GC(1050) Using 2 workers of 2 for evacuation
[2025-11-08T01:23:57.011+0000][gc,phases     ] GC(1050)   Pre Evacuate Collection Set: 0.0ms
[2025-11-08T01:23:57.011+0000][gc,phases     ] GC(1050)   Evacuate Collection Set: 11.8ms
[2025-11-08T01:23:57.012+0000][gc,phases     ] GC(1050)   Post Evacuate Collection Set: 1.2ms
[2025-11-08T01:23:57.012+0000][gc,phases     ] GC(1050)   Other: 0.6ms
[2025-11-08T01:23:57.012+0000][gc,heap       ] GC(1050) Eden regions: 69->0(71)
[2025-11-08T01:23:57.012+0000][gc,heap       ] GC(1050) Survivor regions: 5->5(10)
[2025-11-08T01:23:57.012+0000][gc,heap       ] GC(1050) Old regions: 58->58
[2025-11-08T01:23:57.013+0000][gc,heap       ] GC(1050) Humongous regions: 147->147
[2025-11-08T01:23:57.013+0000][gc,metaspace  ] GC(1050) Metaspace: 53318K(56604K)->53318K(56604K) NonClass: 47415K(49232K)->47415K(49232K) Class: 5903K(7372K)->5903K(7372K)
[2025-11-08T01:23:57.013+0000][gc            ] GC(1050) Pause Young (Normal) (G1 Evacuation Pause) 278M->209M(684M) 15.780ms
[2025-11-08T01:23:57.014+0000][gc,cpu        ] GC(1050) User=0.03s Sys=0.00s Real=0.01s
[2025-11-08T01:24:11.166+0000][gc,start      ] GC(1051) Pause Young (Normal) (G1 Evacuation Pause)
[2025-11-08T01:24:11.166+0000][gc,task       ] GC(1051) Using 2 workers of 2 for evacuation
[2025-11-08T01:24:11.177+0000][gc,phases     ] GC(1051)   Pre Evacuate Collection Set: 0.0ms
[2025-11-08T01:24:11.178+0000][gc,phases     ] GC(1051)   Evacuate Collection Set: 10.1ms
[2025-11-08T01:24:11.178+0000][gc,phases     ] GC(1051)   Post Evacuate Collection Set: 0.8ms
[2025-11-08T01:24:11.178+0000][gc,phases     ] GC(1051)   Other: 0.7ms
[2025-11-08T01:24:11.178+0000][gc,heap       ] GC(1051) Eden regions: 67->0(73)
[2025-11-08T01:24:11.178+0000][gc,heap       ] GC(1051) Survivor regions: 5->5(9)
[2025-11-08T01:24:11.178+0000][gc,heap       ] GC(1051) Old regions: 58->58
[2025-11-08T01:24:11.179+0000][gc,heap       ] GC(1051) Humongous regions: 147->147
[2025-11-08T01:24:11.179+0000][gc,metaspace  ] GC(1051) Metaspace: 53318K(56604K)->53318K(56604K) NonClass: 47415K(49232K)->47415K(49232K) Class: 5903K(7372K)->5903K(7372K)
[2025-11-08T01:24:11.179+0000][gc            ] GC(1051) Pause Young (Normal) (G1 Evacuation Pause) 276M->209M(684M) 13.143ms
[2025-11-08T01:24:11.179+0000][gc,cpu        ] GC(1051) User=0.02s Sys=0.00s Real=0.01s
[2025-11-08T01:24:26.604+0000][gc,start      ] GC(1052) Pause Young (Normal) (G1 Evacuation Pause)
[2025-11-08T01:24:26.604+0000][gc,task       ] GC(1052) Using 2 workers of 2 for evacuation
[2025-11-08T01:24:26.617+0000][gc,phases     ] GC(1052)   Pre Evacuate Collection Set: 0.0ms
[2025-11-08T01:24:26.617+0000][gc,phases     ] GC(1052)   Evacuate Collection Set: 11.5ms
[2025-11-08T01:24:26.618+0000][gc,phases     ] GC(1052)   Post Evacuate Collection Set: 0.7ms
[2025-11-08T01:24:26.618+0000][gc,phases     ] GC(1052)   Other: 0.7ms
[2025-11-08T01:24:26.618+0000][gc,heap       ] GC(1052) Eden regions: 73->0(76)
[2025-11-08T01:24:26.618+0000][gc,heap       ] GC(1052) Survivor regions: 5->6(10)
[2025-11-08T01:24:26.618+0000][gc,heap       ] GC(1052) Old regions: 58->58
[2025-11-08T01:24:26.618+0000][gc,heap       ] GC(1052) Humongous regions: 147->147
[2025-11-08T01:24:26.619+0000][gc,metaspace  ] GC(1052) Metaspace: 53318K(56604K)->53318K(56604K) NonClass: 47415K(49232K)->47415K(49232K) Class: 5903K(7372K)->5903K(7372K)
[2025-11-08T01:24:26.619+0000][gc            ] GC(1052) Pause Young (Normal) (G1 Evacuation Pause) 282M->209M(684M) 14.526ms
[2025-11-08T01:24:26.619+0000][gc,cpu        ] GC(1052) User=0.03s Sys=0.00s Real=0.02s
[2025-11-08T01:24:43.274+0000][gc,start      ] GC(1053) Pause Young (Normal) (G1 Evacuation Pause)
[2025-11-08T01:24:43.275+0000][gc,task       ] GC(1053) Using 2 workers of 2 for evacuation
[2025-11-08T01:24:43.293+0000][gc,phases     ] GC(1053)   Pre Evacuate Collection Set: 0.0ms
[2025-11-08T01:24:43.295+0000][gc,phases     ] GC(1053)   Evacuate Collection Set: 17.1ms
[2025-11-08T01:24:43.295+0000][gc,phases     ] GC(1053)   Post Evacuate Collection Set: 0.9ms
[2025-11-08T01:24:43.296+0000][gc,phases     ] GC(1053)   Other: 0.9ms
[2025-11-08T01:24:43.296+0000][gc,heap       ] GC(1053) Eden regions: 72->0(74)
[2025-11-08T01:24:43.296+0000][gc,heap       ] GC(1053) Survivor regions: 6->6(10)
[2025-11-08T01:24:43.297+0000][gc,heap       ] GC(1053) Old regions: 58->58
[2025-11-08T01:24:43.297+0000][gc,heap       ] GC(1053) Humongous regions: 147->147
[2025-11-08T01:24:43.297+0000][gc,metaspace  ] GC(1053) Metaspace: 53318K(56604K)->53318K(56604K) NonClass: 47415K(49232K)->47415K(49232K) Class: 5903K(7372K)->5903K(7372K)
[2025-11-08T01:24:43.298+0000][gc            ] GC(1053) Pause Young (Normal) (G1 Evacuation Pause) 281M->210M(684M) 23.019ms
[2025-11-08T01:24:43.298+0000][gc,cpu        ] GC(1053) User=0.04s Sys=0.00s Real=0.03s
[2025-11-08T01:24:57.931+0000][gc,start      ] GC(1054) Pause Young (Normal) (G1 Evacuation Pause)
[2025-11-08T01:24:57.932+0000][gc,task       ] GC(1054) Using 2 workers of 2 for evacuation
[2025-11-08T01:24:57.947+0000][gc,phases     ] GC(1054)   Pre Evacuate Collection Set: 0.0ms
[2025-11-08T01:24:57.947+0000][gc,phases     ] GC(1054)   Evacuate Collection Set: 13.7ms
[2025-11-08T01:24:57.947+0000][gc,phases     ] GC(1054)   Post Evacuate Collection Set: 0.8ms
[2025-11-08T01:24:57.948+0000][gc,phases     ] GC(1054)   Other: 1.0ms
[2025-11-08T01:24:57.948+0000][gc,heap       ] GC(1054) Eden regions: 67->0(73)
[2025-11-08T01:24:57.948+0000][gc,heap       ] GC(1054) Survivor regions: 6->5(10)
[2025-11-08T01:24:57.948+0000][gc,heap       ] GC(1054) Old regions: 58->59
[2025-11-08T01:24:57.948+0000][gc,heap       ] GC(1054) Humongous regions: 147->147
[2025-11-08T01:24:57.949+0000][gc,metaspace  ] GC(1054) Metaspace: 53318K(56604K)->53318K(56604K) NonClass: 47415K(49232K)->47415K(49232K) Class: 5903K(7372K)->5903K(7372K)
[2025-11-08T01:24:57.949+0000][gc            ] GC(1054) Pause Young (Normal) (G1 Evacuation Pause) 277M->210M(684M) 17.881ms
[2025-11-08T01:24:57.950+0000][gc,cpu        ] GC(1054) User=0.03s Sys=0.00s Real=0.02s
[2025-11-08T01:25:13.735+0000][gc,start      ] GC(1055) Pause Young (Normal) (G1 Evacuation Pause)
[2025-11-08T01:25:13.736+0000][gc,task       ] GC(1055) Using 2 workers of 2 for evacuation
[2025-11-08T01:25:13.752+0000][gc,phases     ] GC(1055)   Pre Evacuate Collection Set: 0.0ms
[2025-11-08T01:25:13.752+0000][gc,phases     ] GC(1055)   Evacuate Collection Set: 14.2ms
[2025-11-08T01:25:13.752+0000][gc,phases     ] GC(1055)   Post Evacuate Collection Set: 1.0ms
[2025-11-08T01:25:13.753+0000][gc,phases     ] GC(1055)   Other: 1.1ms
[2025-11-08T01:25:13.753+0000][gc,heap       ] GC(1055) Eden regions: 70->0(73)
[2025-11-08T01:25:13.753+0000][gc,heap       ] GC(1055) Survivor regions: 5->6(10)
[2025-11-08T01:25:13.753+0000][gc,heap       ] GC(1055) Old regions: 59->59
[2025-11-08T01:25:13.754+0000][gc,heap       ] GC(1055) Humongous regions: 147->147
[2025-11-08T01:25:13.754+0000][gc,metaspace  ] GC(1055) Metaspace: 53318K(56604K)->53318K(56604K) NonClass: 47415K(49232K)->47415K(49232K) Class: 5903K(7372K)->5903K(7372K)
[2025-11-08T01:25:13.755+0000][gc            ] GC(1055) Pause Young (Normal) (G1 Evacuation Pause) 280M->210M(684M) 19.655ms
[2025-11-08T01:25:13.755+0000][gc,cpu        ] GC(1055) User=0.03s Sys=0.00s Real=0.02s
[2025-11-08T01:25:29.212+0000][gc,start      ] GC(1056) Pause Young (Normal) (G1 Evacuation Pause)
[2025-11-08T01:25:29.212+0000][gc,task       ] GC(1056) Using 2 workers of 2 for evacuation
[2025-11-08T01:25:29.235+0000][gc,mmu        ] GC(1056) MMU target violated: 21.0ms (20.0ms/21.0ms)
[2025-11-08T01:25:29.235+0000][gc,phases     ] GC(1056)   Pre Evacuate Collection Set: 0.0ms
[2025-11-08T01:25:29.235+0000][gc,phases     ] GC(1056)   Evacuate Collection Set: 20.3ms
[2025-11-08T01:25:29.236+0000][gc,phases     ] GC(1056)   Post Evacuate Collection Set: 1.1ms
[2025-11-08T01:25:29.236+0000][gc,phases     ] GC(1056)   Other: 1.7ms
[2025-11-08T01:25:29.236+0000][gc,heap       ] GC(1056) Eden regions: 69->0(70)
[2025-11-08T01:25:29.238+0000][gc,heap       ] GC(1056) Survivor regions: 6->6(10)
[2025-11-08T01:25:29.238+0000][gc,heap       ] GC(1056) Old regions: 59->59
[2025-11-08T01:25:29.238+0000][gc,heap       ] GC(1056) Humongous regions: 147->147
[2025-11-08T01:25:29.239+0000][gc,metaspace  ] GC(1056) Metaspace: 53318K(56604K)->53318K(56604K) NonClass: 47415K(49232K)->47415K(49232K) Class: 5903K(7372K)->5903K(7372K)
[2025-11-08T01:25:29.239+0000][gc            ] GC(1056) Pause Young (Normal) (G1 Evacuation Pause) 279M->211M(684M) 27.457ms
[2025-11-08T01:25:29.240+0000][gc,cpu        ] GC(1056) User=0.05s Sys=0.00s Real=0.03s
[2025-11-08T01:25:40.494+0000][gc,start      ] GC(1057) Pause Young (Normal) (G1 Evacuation Pause)
[2025-11-08T01:25:40.494+0000][gc,task       ] GC(1057) Using 2 workers of 2 for evacuation
[2025-11-08T01:25:40.516+0000][gc,mmu        ] GC(1057) MMU target violated: 20.6ms (20.0ms/21.0ms)
[2025-11-08T01:25:40.516+0000][gc,phases     ] GC(1057)   Pre Evacuate Collection Set: 0.0ms
[2025-11-08T01:25:40.516+0000][gc,phases     ] GC(1057)   Evacuate Collection Set: 19.2ms
[2025-11-08T01:25:40.516+0000][gc,phases     ] GC(1057)   Post Evacuate Collection Set: 1.3ms
[2025-11-08T01:25:40.517+0000][gc,phases     ] GC(1057)   Other: 1.9ms
[2025-11-08T01:25:40.517+0000][gc,heap       ] GC(1057) Eden regions: 50->0(66)
[2025-11-08T01:25:40.518+0000][gc,heap       ] GC(1057) Survivor regions: 6->6(7)
[2025-11-08T01:25:40.518+0000][gc,heap       ] GC(1057) Old regions: 59->61
[2025-11-08T01:25:40.518+0000][gc,heap       ] GC(1057) Humongous regions: 147->147
[2025-11-08T01:25:40.518+0000][gc,metaspace  ] GC(1057) Metaspace: 53318K(56604K)->53318K(56604K) NonClass: 47415K(49232K)->47415K(49232K) Class: 5903K(7372K)->5903K(7372K)
[2025-11-08T01:25:40.519+0000][gc            ] GC(1057) Pause Young (Normal) (G1 Evacuation Pause) 261M->213M(684M) 25.005ms
[2025-11-08T01:25:40.519+0000][gc,cpu        ] GC(1057) User=0.04s Sys=0.00s Real=0.03s
[2025-11-08T01:25:55.062+0000][gc,start      ] GC(1058) Pause Young (Normal) (G1 Evacuation Pause)
[2025-11-08T01:25:55.063+0000][gc,task       ] GC(1058) Using 2 workers of 2 for evacuation
[2025-11-08T01:25:55.076+0000][gc,phases     ] GC(1058)   Pre Evacuate Collection Set: 0.0ms
[2025-11-08T01:25:55.076+0000][gc,phases     ] GC(1058)   Evacuate Collection Set: 12.0ms
[2025-11-08T01:25:55.076+0000][gc,phases     ] GC(1058)   Post Evacuate Collection Set: 0.7ms
[2025-11-08T01:25:55.076+0000][gc,phases     ] GC(1058)   Other: 0.8ms
[2025-11-08T01:25:55.077+0000][gc,heap       ] GC(1058) Eden regions: 66->0(70)
[2025-11-08T01:25:55.077+0000][gc,heap       ] GC(1058) Survivor regions: 6->5(9)
[2025-11-08T01:25:55.077+0000][gc,heap       ] GC(1058) Old regions: 61->61
[2025-11-08T01:25:55.077+0000][gc,heap       ] GC(1058) Humongous regions: 147->147
[2025-11-08T01:25:55.078+0000][gc,metaspace  ] GC(1058) Metaspace: 53318K(56604K)->53318K(56604K) NonClass: 47415K(49232K)->47415K(49232K) Class: 5903K(7372K)->5903K(7372K)
[2025-11-08T01:25:55.078+0000][gc            ] GC(1058) Pause Young (Normal) (G1 Evacuation Pause) 279M->213M(684M) 15.587ms
[2025-11-08T01:25:55.078+0000][gc,cpu        ] GC(1058) User=0.03s Sys=0.00s Real=0.02s
[2025-11-08T01:26:10.117+0000][gc,start      ] GC(1059) Pause Young (Normal) (G1 Evacuation Pause)
[2025-11-08T01:26:10.118+0000][gc,task       ] GC(1059) Using 2 workers of 2 for evacuation
[2025-11-08T01:26:10.133+0000][gc,phases     ] GC(1059)   Pre Evacuate Collection Set: 0.0ms
[2025-11-08T01:26:10.134+0000][gc,phases     ] GC(1059)   Evacuate Collection Set: 13.7ms
[2025-11-08T01:26:10.134+0000][gc,phases     ] GC(1059)   Post Evacuate Collection Set: 1.1ms
[2025-11-08T01:26:10.134+0000][gc,phases     ] GC(1059)   Other: 0.8ms
[2025-11-08T01:26:10.135+0000][gc,heap       ] GC(1059) Eden regions: 70->0(72)
[2025-11-08T01:26:10.135+0000][gc,heap       ] GC(1059) Survivor regions: 5->5(10)
[2025-11-08T01:26:10.135+0000][gc,heap       ] GC(1059) Old regions: 61->61
[2025-11-08T01:26:10.135+0000][gc,heap       ] GC(1059) Humongous regions: 147->147
[2025-11-08T01:26:10.136+0000][gc,metaspace  ] GC(1059) Metaspace: 53318K(56604K)->53318K(56604K) NonClass: 47415K(49232K)->47415K(49232K) Class: 5903K(7372K)->5903K(7372K)
[2025-11-08T01:26:10.136+0000][gc            ] GC(1059) Pause Young (Normal) (G1 Evacuation Pause) 283M->212M(684M) 18.440ms
[2025-11-08T01:26:10.136+0000][gc,cpu        ] GC(1059) User=0.03s Sys=0.00s Real=0.01s
[2025-11-08T01:26:25.315+0000][gc,start      ] GC(1060) Pause Young (Normal) (G1 Evacuation Pause)
[2025-11-08T01:26:25.316+0000][gc,task       ] GC(1060) Using 2 workers of 2 for evacuation
[2025-11-08T01:26:25.338+0000][gc,mmu        ] GC(1060) MMU target violated: 21.0ms (20.0ms/21.0ms)
[2025-11-08T01:26:25.339+0000][gc,phases     ] GC(1060)   Pre Evacuate Collection Set: 0.2ms
[2025-11-08T01:26:25.339+0000][gc,phases     ] GC(1060)   Evacuate Collection Set: 19.3ms
[2025-11-08T01:26:25.339+0000][gc,phases     ] GC(1060)   Post Evacuate Collection Set: 2.5ms
[2025-11-08T01:26:25.340+0000][gc,phases     ] GC(1060)   Other: 1.4ms
[2025-11-08T01:26:25.341+0000][gc,heap       ] GC(1060) Eden regions: 72->0(71)
[2025-11-08T01:26:25.341+0000][gc,heap       ] GC(1060) Survivor regions: 5->6(10)
[2025-11-08T01:26:25.341+0000][gc,heap       ] GC(1060) Old regions: 61->61
[2025-11-08T01:26:25.342+0000][gc,heap       ] GC(1060) Humongous regions: 147->147
[2025-11-08T01:26:25.342+0000][gc,metaspace  ] GC(1060) Metaspace: 53318K(56604K)->53318K(56604K) NonClass: 47415K(49232K)->47415K(49232K) Class: 5903K(7372K)->5903K(7372K)
[2025-11-08T01:26:25.343+0000][gc            ] GC(1060) Pause Young (Normal) (G1 Evacuation Pause) 284M->213M(684M) 27.312ms
[2025-11-08T01:26:25.343+0000][gc,cpu        ] GC(1060) User=0.04s Sys=0.00s Real=0.03s
[2025-11-08T01:26:42.178+0000][gc,start      ] GC(1061) Pause Young (Normal) (G1 Evacuation Pause)
[2025-11-08T01:26:42.179+0000][gc,task       ] GC(1061) Using 2 workers of 2 for evacuation
[2025-11-08T01:26:42.197+0000][gc,phases     ] GC(1061)   Pre Evacuate Collection Set: 0.2ms
[2025-11-08T01:26:42.198+0000][gc,phases     ] GC(1061)   Evacuate Collection Set: 16.7ms
[2025-11-08T01:26:42.198+0000][gc,phases     ] GC(1061)   Post Evacuate Collection Set: 1.0ms
[2025-11-08T01:26:42.198+0000][gc,phases     ] GC(1061)   Other: 0.9ms
[2025-11-08T01:26:42.198+0000][gc,heap       ] GC(1061) Eden regions: 71->0(71)
[2025-11-08T01:26:42.199+0000][gc,heap       ] GC(1061) Survivor regions: 6->6(10)
[2025-11-08T01:26:42.199+0000][gc,heap       ] GC(1061) Old regions: 61->62
[2025-11-08T01:26:42.199+0000][gc,heap       ] GC(1061) Humongous regions: 147->147
[2025-11-08T01:26:42.199+0000][gc,metaspace  ] GC(1061) Metaspace: 53318K(56604K)->53318K(56604K) NonClass: 47415K(49232K)->47415K(49232K) Class: 5903K(7372K)->5903K(7372K)
[2025-11-08T01:26:42.199+0000][gc            ] GC(1061) Pause Young (Normal) (G1 Evacuation Pause) 284M->214M(684M) 21.012ms
[2025-11-08T01:26:42.200+0000][gc,cpu        ] GC(1061) User=0.04s Sys=0.00s Real=0.02s
[2025-11-08T01:26:57.889+0000][gc,start      ] GC(1062) Pause Young (Normal) (G1 Evacuation Pause)
[2025-11-08T01:26:57.889+0000][gc,task       ] GC(1062) Using 2 workers of 2 for evacuation
[2025-11-08T01:26:57.903+0000][gc,phases     ] GC(1062)   Pre Evacuate Collection Set: 0.0ms
[2025-11-08T01:26:57.904+0000][gc,phases     ] GC(1062)   Evacuate Collection Set: 13.0ms
[2025-11-08T01:26:57.904+0000][gc,phases     ] GC(1062)   Post Evacuate Collection Set: 0.8ms
[2025-11-08T01:26:57.904+0000][gc,phases     ] GC(1062)   Other: 0.6ms
[2025-11-08T01:26:57.904+0000][gc,heap       ] GC(1062) Eden regions: 71->0(74)
[2025-11-08T01:26:57.904+0000][gc,heap       ] GC(1062) Survivor regions: 6->6(10)
[2025-11-08T01:26:57.905+0000][gc,heap       ] GC(1062) Old regions: 62->62
[2025-11-08T01:26:57.905+0000][gc,heap       ] GC(1062) Humongous regions: 147->147
[2025-11-08T01:26:57.905+0000][gc,metaspace  ] GC(1062) Metaspace: 53318K(56604K)->53318K(56604K) NonClass: 47415K(49232K)->47415K(49232K) Class: 5903K(7372K)->5903K(7372K)
[2025-11-08T01:26:57.905+0000][gc            ] GC(1062) Pause Young (Normal) (G1 Evacuation Pause) 285M->214M(684M) 16.160ms
[2025-11-08T01:26:57.905+0000][gc,cpu        ] GC(1062) User=0.03s Sys=0.00s Real=0.01s
[2025-11-08T01:27:13.359+0000][gc,start      ] GC(1063) Pause Young (Normal) (G1 Evacuation Pause)
[2025-11-08T01:27:13.359+0000][gc,task       ] GC(1063) Using 2 workers of 2 for evacuation
[2025-11-08T01:27:13.373+0000][gc,phases     ] GC(1063)   Pre Evacuate Collection Set: 0.0ms
[2025-11-08T01:27:13.374+0000][gc,phases     ] GC(1063)   Evacuate Collection Set: 13.2ms
[2025-11-08T01:27:13.374+0000][gc,phases     ] GC(1063)   Post Evacuate Collection Set: 0.8ms
[2025-11-08T01:27:13.374+0000][gc,phases     ] GC(1063)   Other: 0.7ms
[2025-11-08T01:27:13.375+0000][gc,heap       ] GC(1063) Eden regions: 74->0(76)
[2025-11-08T01:27:13.375+0000][gc,heap       ] GC(1063) Survivor regions: 6->6(10)
[2025-11-08T01:27:13.375+0000][gc,heap       ] GC(1063) Old regions: 62->63
[2025-11-08T01:27:13.375+0000][gc,heap       ] GC(1063) Humongous regions: 147->147
[2025-11-08T01:27:13.375+0000][gc,metaspace  ] GC(1063) Metaspace: 53318K(56604K)->53318K(56604K) NonClass: 47415K(49232K)->47415K(49232K) Class: 5903K(7372K)->5903K(7372K)
[2025-11-08T01:27:13.375+0000][gc            ] GC(1063) Pause Young (Normal) (G1 Evacuation Pause) 288M->215M(684M) 16.809ms
[2025-11-08T01:27:13.376+0000][gc,cpu        ] GC(1063) User=0.03s Sys=0.00s Real=0.01s
[2025-11-08T01:27:27.289+0000][gc,start      ] GC(1064) Pause Young (Normal) (G1 Evacuation Pause)
[2025-11-08T01:27:27.290+0000][gc,task       ] GC(1064) Using 2 workers of 2 for evacuation
[2025-11-08T01:27:27.306+0000][gc,phases     ] GC(1064)   Pre Evacuate Collection Set: 0.0ms
[2025-11-08T01:27:27.306+0000][gc,phases     ] GC(1064)   Evacuate Collection Set: 14.9ms
[2025-11-08T01:27:27.306+0000][gc,phases     ] GC(1064)   Post Evacuate Collection Set: 0.7ms
[2025-11-08T01:27:27.306+0000][gc,phases     ] GC(1064)   Other: 0.6ms
[2025-11-08T01:27:27.306+0000][gc,heap       ] GC(1064) Eden regions: 71->0(73)
[2025-11-08T01:27:27.307+0000][gc,heap       ] GC(1064) Survivor regions: 6->8(10)
[2025-11-08T01:27:27.307+0000][gc,heap       ] GC(1064) Old regions: 63->64
[2025-11-08T01:27:27.307+0000][gc,heap       ] GC(1064) Humongous regions: 147->147
[2025-11-08T01:27:27.307+0000][gc,metaspace  ] GC(1064) Metaspace: 53318K(56604K)->53318K(56604K) NonClass: 47415K(49232K)->47415K(49232K) Class: 5903K(7372K)->5903K(7372K)
[2025-11-08T01:27:27.307+0000][gc            ] GC(1064) Pause Young (Normal) (G1 Evacuation Pause) 286M->218M(684M) 17.750ms
[2025-11-08T01:27:27.307+0000][gc,cpu        ] GC(1064) User=0.03s Sys=0.00s Real=0.01s
[2025-11-08T01:27:32.371+0000][gc,start      ] GC(1065) Pause Young (Normal) (G1 Evacuation Pause)
[2025-11-08T01:27:32.371+0000][gc,task       ] GC(1065) Using 2 workers of 2 for evacuation
[2025-11-08T01:27:32.386+0000][gc,phases     ] GC(1065)   Pre Evacuate Collection Set: 0.0ms
[2025-11-08T01:27:32.386+0000][gc,phases     ] GC(1065)   Evacuate Collection Set: 13.0ms
[2025-11-08T01:27:32.387+0000][gc,phases     ] GC(1065)   Post Evacuate Collection Set: 0.9ms
[2025-11-08T01:27:32.388+0000][gc,phases     ] GC(1065)   Other: 0.8ms
[2025-11-08T01:27:32.388+0000][gc,heap       ] GC(1065) Eden regions: 26->0(71)
[2025-11-08T01:27:32.388+0000][gc,heap       ] GC(1065) Survivor regions: 8->2(5)
[2025-11-08T01:27:32.389+0000][gc,heap       ] GC(1065) Old regions: 64->69
[2025-11-08T01:27:32.389+0000][gc,heap       ] GC(1065) Humongous regions: 147->147
[2025-11-08T01:27:32.389+0000][gc,metaspace  ] GC(1065) Metaspace: 53318K(56604K)->53318K(56604K) NonClass: 47415K(49232K)->47415K(49232K) Class: 5903K(7372K)->5903K(7372K)
[2025-11-08T01:27:32.389+0000][gc            ] GC(1065) Pause Young (Normal) (G1 Evacuation Pause) 244M->217M(684M) 18.006ms
[2025-11-08T01:27:32.389+0000][gc,cpu        ] GC(1065) User=0.03s Sys=0.00s Real=0.02s
[2025-11-08T01:27:47.389+0000][gc,start      ] GC(1066) Pause Young (Normal) (G1 Evacuation Pause)
[2025-11-08T01:27:47.389+0000][gc,task       ] GC(1066) Using 2 workers of 2 for evacuation
[2025-11-08T01:27:47.395+0000][gc,phases     ] GC(1066)   Pre Evacuate Collection Set: 0.0ms
[2025-11-08T01:27:47.395+0000][gc,phases     ] GC(1066)   Evacuate Collection Set: 4.7ms
[2025-11-08T01:27:47.395+0000][gc,phases     ] GC(1066)   Post Evacuate Collection Set: 0.8ms
[2025-11-08T01:27:47.395+0000][gc,phases     ] GC(1066)   Other: 0.5ms
[2025-11-08T01:27:47.395+0000][gc,heap       ] GC(1066) Eden regions: 71->0(80)
[2025-11-08T01:27:47.396+0000][gc,heap       ] GC(1066) Survivor regions: 2->2(10)
[2025-11-08T01:27:47.396+0000][gc,heap       ] GC(1066) Old regions: 69->69
[2025-11-08T01:27:47.396+0000][gc,heap       ] GC(1066) Humongous regions: 147->147
[2025-11-08T01:27:47.396+0000][gc,metaspace  ] GC(1066) Metaspace: 53318K(56604K)->53318K(56604K) NonClass: 47415K(49232K)->47415K(49232K) Class: 5903K(7372K)->5903K(7372K)
[2025-11-08T01:27:47.396+0000][gc            ] GC(1066) Pause Young (Normal) (G1 Evacuation Pause) 288M->217M(684M) 7.475ms
[2025-11-08T01:27:47.396+0000][gc,cpu        ] GC(1066) User=0.01s Sys=0.00s Real=0.01s
[2025-11-08T01:28:04.003+0000][gc,start      ] GC(1067) Pause Young (Normal) (G1 Evacuation Pause)
[2025-11-08T01:28:04.003+0000][gc,task       ] GC(1067) Using 2 workers of 2 for evacuation
[2025-11-08T01:28:04.012+0000][gc,phases     ] GC(1067)   Pre Evacuate Collection Set: 0.0ms
[2025-11-08T01:28:04.012+0000][gc,phases     ] GC(1067)   Evacuate Collection Set: 7.1ms
[2025-11-08T01:28:04.012+0000][gc,phases     ] GC(1067)   Post Evacuate Collection Set: 0.7ms
[2025-11-08T01:28:04.012+0000][gc,phases     ] GC(1067)   Other: 0.8ms
[2025-11-08T01:28:04.013+0000][gc,heap       ] GC(1067) Eden regions: 80->0(83)
[2025-11-08T01:28:04.013+0000][gc,heap       ] GC(1067) Survivor regions: 2->3(11)
[2025-11-08T01:28:04.013+0000][gc,heap       ] GC(1067) Old regions: 69->69
[2025-11-08T01:28:04.013+0000][gc,heap       ] GC(1067) Humongous regions: 147->147
[2025-11-08T01:28:04.014+0000][gc,metaspace  ] GC(1067) Metaspace: 53318K(56604K)->53318K(56604K) NonClass: 47415K(49232K)->47415K(49232K) Class: 5903K(7372K)->5903K(7372K)
[2025-11-08T01:28:04.014+0000][gc            ] GC(1067) Pause Young (Normal) (G1 Evacuation Pause) 297M->218M(684M) 11.189ms
[2025-11-08T01:28:04.015+0000][gc,cpu        ] GC(1067) User=0.02s Sys=0.00s Real=0.01s
[2025-11-08T01:28:21.054+0000][gc,start      ] GC(1068) Pause Young (Normal) (G1 Evacuation Pause)
[2025-11-08T01:28:21.055+0000][gc,task       ] GC(1068) Using 2 workers of 2 for evacuation
[2025-11-08T01:28:21.063+0000][gc,phases     ] GC(1068)   Pre Evacuate Collection Set: 0.0ms
[2025-11-08T01:28:21.063+0000][gc,phases     ] GC(1068)   Evacuate Collection Set: 6.9ms
[2025-11-08T01:28:21.063+0000][gc,phases     ] GC(1068)   Post Evacuate Collection Set: 0.6ms
[2025-11-08T01:28:21.063+0000][gc,phases     ] GC(1068)   Other: 0.7ms
[2025-11-08T01:28:21.063+0000][gc,heap       ] GC(1068) Eden regions: 83->0(90)
[2025-11-08T01:28:21.064+0000][gc,heap       ] GC(1068) Survivor regions: 3->3(11)
[2025-11-08T01:28:21.064+0000][gc,heap       ] GC(1068) Old regions: 69->69
[2025-11-08T01:28:21.064+0000][gc,heap       ] GC(1068) Humongous regions: 147->147
[2025-11-08T01:28:21.064+0000][gc,metaspace  ] GC(1068) Metaspace: 53318K(56604K)->53318K(56604K) NonClass: 47415K(49232K)->47415K(49232K) Class: 5903K(7372K)->5903K(7372K)
[2025-11-08T01:28:21.064+0000][gc            ] GC(1068) Pause Young (Normal) (G1 Evacuation Pause) 301M->218M(684M) 9.903ms
[2025-11-08T01:28:21.064+0000][gc,cpu        ] GC(1068) User=0.01s Sys=0.00s Real=0.01s
[2025-11-08T01:28:39.847+0000][gc,start      ] GC(1069) Pause Young (Normal) (G1 Evacuation Pause)
[2025-11-08T01:28:39.847+0000][gc,task       ] GC(1069) Using 2 workers of 2 for evacuation
[2025-11-08T01:28:39.857+0000][gc,phases     ] GC(1069)   Pre Evacuate Collection Set: 0.0ms
[2025-11-08T01:28:39.857+0000][gc,phases     ] GC(1069)   Evacuate Collection Set: 8.1ms
[2025-11-08T01:28:39.858+0000][gc,phases     ] GC(1069)   Post Evacuate Collection Set: 0.7ms
[2025-11-08T01:28:39.858+0000][gc,phases     ] GC(1069)   Other: 1.2ms
[2025-11-08T01:28:39.858+0000][gc,heap       ] GC(1069) Eden regions: 90->0(93)
[2025-11-08T01:28:39.858+0000][gc,heap       ] GC(1069) Survivor regions: 3->4(12)
[2025-11-08T01:28:39.859+0000][gc,heap       ] GC(1069) Old regions: 69->69
[2025-11-08T01:28:39.859+0000][gc,heap       ] GC(1069) Humongous regions: 147->147
[2025-11-08T01:28:39.859+0000][gc,metaspace  ] GC(1069) Metaspace: 53318K(56604K)->53318K(56604K) NonClass: 47415K(49232K)->47415K(49232K) Class: 5903K(7372K)->5903K(7372K)
[2025-11-08T01:28:39.859+0000][gc            ] GC(1069) Pause Young (Normal) (G1 Evacuation Pause) 308M->219M(684M) 12.253ms
[2025-11-08T01:28:39.859+0000][gc,cpu        ] GC(1069) User=0.01s Sys=0.00s Real=0.02s
[2025-11-08T01:28:59.698+0000][gc,start      ] GC(1070) Pause Young (Normal) (G1 Evacuation Pause)
[2025-11-08T01:28:59.698+0000][gc,task       ] GC(1070) Using 2 workers of 2 for evacuation
[2025-11-08T01:28:59.713+0000][gc,phases     ] GC(1070)   Pre Evacuate Collection Set: 0.0ms
[2025-11-08T01:28:59.713+0000][gc,phases     ] GC(1070)   Evacuate Collection Set: 13.3ms
[2025-11-08T01:28:59.713+0000][gc,phases     ] GC(1070)   Post Evacuate Collection Set: 0.8ms
[2025-11-08T01:28:59.714+0000][gc,phases     ] GC(1070)   Other: 1.0ms
[2025-11-08T01:28:59.714+0000][gc,heap       ] GC(1070) Eden regions: 93->0(95)
[2025-11-08T01:28:59.714+0000][gc,heap       ] GC(1070) Survivor regions: 4->5(13)
[2025-11-08T01:28:59.714+0000][gc,heap       ] GC(1070) Old regions: 69->69
[2025-11-08T01:28:59.715+0000][gc,heap       ] GC(1070) Humongous regions: 147->147
[2025-11-08T01:28:59.715+0000][gc,metaspace  ] GC(1070) Metaspace: 53318K(56604K)->53318K(56604K) NonClass: 47415K(49232K)->47415K(49232K) Class: 5903K(7372K)->5903K(7372K)
[2025-11-08T01:28:59.715+0000][gc            ] GC(1070) Pause Young (Normal) (G1 Evacuation Pause) 312M->220M(684M) 17.440ms
[2025-11-08T01:28:59.715+0000][gc,cpu        ] GC(1070) User=0.02s Sys=0.00s Real=0.02s
[2025-11-08T01:29:19.711+0000][gc,start      ] GC(1071) Pause Young (Normal) (G1 Evacuation Pause)
[2025-11-08T01:29:19.711+0000][gc,task       ] GC(1071) Using 2 workers of 2 for evacuation
[2025-11-08T01:29:19.724+0000][gc,phases     ] GC(1071)   Pre Evacuate Collection Set: 0.0ms
[2025-11-08T01:29:19.724+0000][gc,phases     ] GC(1071)   Evacuate Collection Set: 11.1ms
[2025-11-08T01:29:19.724+0000][gc,phases     ] GC(1071)   Post Evacuate Collection Set: 0.7ms
[2025-11-08T01:29:19.724+0000][gc,phases     ] GC(1071)   Other: 0.7ms
[2025-11-08T01:29:19.724+0000][gc,heap       ] GC(1071) Eden regions: 95->0(97)
[2025-11-08T01:29:19.725+0000][gc,heap       ] GC(1071) Survivor regions: 5->4(13)
[2025-11-08T01:29:19.725+0000][gc,heap       ] GC(1071) Old regions: 69->69
[2025-11-08T01:29:19.725+0000][gc,heap       ] GC(1071) Humongous regions: 147->147
[2025-11-08T01:29:19.725+0000][gc,metaspace  ] GC(1071) Metaspace: 53318K(56604K)->53318K(56604K) NonClass: 47415K(49232K)->47415K(49232K) Class: 5903K(7372K)->5903K(7372K)
[2025-11-08T01:29:19.725+0000][gc            ] GC(1071) Pause Young (Normal) (G1 Evacuation Pause) 315M->219M(684M) 14.118ms
[2025-11-08T01:29:19.726+0000][gc,cpu        ] GC(1071) User=0.02s Sys=0.00s Real=0.01s
[2025-11-08T01:29:39.958+0000][gc,start      ] GC(1072) Pause Young (Normal) (G1 Evacuation Pause)
[2025-11-08T01:29:39.958+0000][gc,task       ] GC(1072) Using 2 workers of 2 for evacuation
[2025-11-08T01:29:39.971+0000][gc,phases     ] GC(1072)   Pre Evacuate Collection Set: 0.0ms
[2025-11-08T01:29:39.971+0000][gc,phases     ] GC(1072)   Evacuate Collection Set: 11.2ms
[2025-11-08T01:29:39.973+0000][gc,phases     ] GC(1072)   Post Evacuate Collection Set: 0.8ms
[2025-11-08T01:29:39.973+0000][gc,phases     ] GC(1072)   Other: 0.7ms
[2025-11-08T01:29:39.974+0000][gc,heap       ] GC(1072) Eden regions: 97->0(98)
[2025-11-08T01:29:39.975+0000][gc,heap       ] GC(1072) Survivor regions: 4->6(13)
[2025-11-08T01:29:39.975+0000][gc,heap       ] GC(1072) Old regions: 69->69
[2025-11-08T01:29:39.975+0000][gc,heap       ] GC(1072) Humongous regions: 147->147
[2025-11-08T01:29:39.975+0000][gc,metaspace  ] GC(1072) Metaspace: 53318K(56604K)->53318K(56604K) NonClass: 47415K(49232K)->47415K(49232K) Class: 5903K(7372K)->5903K(7372K)
[2025-11-08T01:29:39.976+0000][gc            ] GC(1072) Pause Young (Normal) (G1 Evacuation Pause) 316M->221M(684M) 17.722ms
[2025-11-08T01:29:39.976+0000][gc,cpu        ] GC(1072) User=0.02s Sys=0.00s Real=0.02s
[2025-11-08T01:30:00.725+0000][gc,start      ] GC(1073) Pause Young (Normal) (G1 Evacuation Pause)
[2025-11-08T01:30:00.725+0000][gc,task       ] GC(1073) Using 2 workers of 2 for evacuation
[2025-11-08T01:30:00.738+0000][gc,phases     ] GC(1073)   Pre Evacuate Collection Set: 0.0ms
[2025-11-08T01:30:00.738+0000][gc,phases     ] GC(1073)   Evacuate Collection Set: 11.5ms
[2025-11-08T01:30:00.738+0000][gc,phases     ] GC(1073)   Post Evacuate Collection Set: 0.9ms
[2025-11-08T01:30:00.739+0000][gc,phases     ] GC(1073)   Other: 0.6ms
[2025-11-08T01:30:00.740+0000][gc,heap       ] GC(1073) Eden regions: 98->0(103)
[2025-11-08T01:30:00.740+0000][gc,heap       ] GC(1073) Survivor regions: 6->5(13)
[2025-11-08T01:30:00.740+0000][gc,heap       ] GC(1073) Old regions: 69->69
[2025-11-08T01:30:00.741+0000][gc,heap       ] GC(1073) Humongous regions: 147->147
[2025-11-08T01:30:00.741+0000][gc,metaspace  ] GC(1073) Metaspace: 53318K(56604K)->53318K(56604K) NonClass: 47415K(49232K)->47415K(49232K) Class: 5903K(7372K)->5903K(7372K)
[2025-11-08T01:30:00.741+0000][gc            ] GC(1073) Pause Young (Normal) (G1 Evacuation Pause) 319M->221M(684M) 16.752ms
[2025-11-08T01:30:00.742+0000][gc,cpu        ] GC(1073) User=0.02s Sys=0.00s Real=0.02s
[2025-11-08T01:30:22.237+0000][gc,start      ] GC(1074) Pause Young (Normal) (G1 Evacuation Pause)
[2025-11-08T01:30:22.237+0000][gc,task       ] GC(1074) Using 2 workers of 2 for evacuation
[2025-11-08T01:30:22.251+0000][gc,phases     ] GC(1074)   Pre Evacuate Collection Set: 0.0ms
[2025-11-08T01:30:22.251+0000][gc,phases     ] GC(1074)   Evacuate Collection Set: 13.5ms
[2025-11-08T01:30:22.252+0000][gc,phases     ] GC(1074)   Post Evacuate Collection Set: 0.7ms
[2025-11-08T01:30:22.252+0000][gc,phases     ] GC(1074)   Other: 0.6ms
[2025-11-08T01:30:22.252+0000][gc,heap       ] GC(1074) Eden regions: 103->0(103)
[2025-11-08T01:30:22.252+0000][gc,heap       ] GC(1074) Survivor regions: 5->7(14)
[2025-11-08T01:30:22.252+0000][gc,heap       ] GC(1074) Old regions: 69->69
[2025-11-08T01:30:22.253+0000][gc,heap       ] GC(1074) Humongous regions: 147->147
[2025-11-08T01:30:22.253+0000][gc,metaspace  ] GC(1074) Metaspace: 53318K(56604K)->53318K(56604K) NonClass: 47415K(49232K)->47415K(49232K) Class: 5903K(7372K)->5903K(7372K)
[2025-11-08T01:30:22.253+0000][gc            ] GC(1074) Pause Young (Normal) (G1 Evacuation Pause) 324M->223M(684M) 16.241ms
[2025-11-08T01:30:22.253+0000][gc,cpu        ] GC(1074) User=0.03s Sys=0.00s Real=0.02s
[2025-11-08T01:30:44.180+0000][gc,start      ] GC(1075) Pause Young (Normal) (G1 Evacuation Pause)
[2025-11-08T01:30:44.180+0000][gc,task       ] GC(1075) Using 2 workers of 2 for evacuation
[2025-11-08T01:30:44.202+0000][gc,mmu        ] GC(1075) MMU target violated: 21.0ms (20.0ms/21.0ms)
[2025-11-08T01:30:44.203+0000][gc,phases     ] GC(1075)   Pre Evacuate Collection Set: 0.0ms
[2025-11-08T01:30:44.203+0000][gc,phases     ] GC(1075)   Evacuate Collection Set: 20.6ms
[2025-11-08T01:30:44.204+0000][gc,phases     ] GC(1075)   Post Evacuate Collection Set: 1.1ms
[2025-11-08T01:30:44.204+0000][gc,phases     ] GC(1075)   Other: 1.5ms
[2025-11-08T01:30:44.205+0000][gc,heap       ] GC(1075) Eden regions: 103->0(102)
[2025-11-08T01:30:44.205+0000][gc,heap       ] GC(1075) Survivor regions: 7->8(14)
[2025-11-08T01:30:44.205+0000][gc,heap       ] GC(1075) Old regions: 69->69
[2025-11-08T01:30:44.206+0000][gc,heap       ] GC(1075) Humongous regions: 147->147
[2025-11-08T01:30:44.206+0000][gc,metaspace  ] GC(1075) Metaspace: 53318K(56604K)->53318K(56604K) NonClass: 47415K(49232K)->47415K(49232K) Class: 5903K(7372K)->5903K(7372K)
[2025-11-08T01:30:44.206+0000][gc            ] GC(1075) Pause Young (Normal) (G1 Evacuation Pause) 326M->224M(684M) 26.907ms
[2025-11-08T01:30:44.207+0000][gc,cpu        ] GC(1075) User=0.04s Sys=0.00s Real=0.02s
[2025-11-08T01:31:03.419+0000][gc,start      ] GC(1076) Pause Young (Normal) (G1 Evacuation Pause)
[2025-11-08T01:31:03.419+0000][gc,task       ] GC(1076) Using 2 workers of 2 for evacuation
[2025-11-08T01:31:03.435+0000][gc,phases     ] GC(1076)   Pre Evacuate Collection Set: 0.0ms
[2025-11-08T01:31:03.436+0000][gc,phases     ] GC(1076)   Evacuate Collection Set: 14.8ms
[2025-11-08T01:31:03.436+0000][gc,phases     ] GC(1076)   Post Evacuate Collection Set: 0.8ms
[2025-11-08T01:31:03.436+0000][gc,phases     ] GC(1076)   Other: 0.8ms
[2025-11-08T01:31:03.436+0000][gc,heap       ] GC(1076) Eden regions: 91->0(94)
[2025-11-08T01:31:03.436+0000][gc,heap       ] GC(1076) Survivor regions: 8->8(13)
[2025-11-08T01:31:03.437+0000][gc,heap       ] GC(1076) Old regions: 69->71
[2025-11-08T01:31:03.437+0000][gc,heap       ] GC(1076) Humongous regions: 147->147
[2025-11-08T01:31:03.437+0000][gc,metaspace  ] GC(1076) Metaspace: 53318K(56604K)->53318K(56604K) NonClass: 47415K(49232K)->47415K(49232K) Class: 5903K(7372K)->5903K(7372K)
[2025-11-08T01:31:03.437+0000][gc            ] GC(1076) Pause Young (Normal) (G1 Evacuation Pause) 315M->224M(684M) 18.214ms
[2025-11-08T01:31:03.438+0000][gc,cpu        ] GC(1076) User=0.03s Sys=0.00s Real=0.02s
[2025-11-08T01:31:23.296+0000][gc,start      ] GC(1077) Pause Young (Normal) (G1 Evacuation Pause)
[2025-11-08T01:31:23.296+0000][gc,task       ] GC(1077) Using 2 workers of 2 for evacuation
[2025-11-08T01:31:23.311+0000][gc,phases     ] GC(1077)   Pre Evacuate Collection Set: 0.0ms
[2025-11-08T01:31:23.311+0000][gc,phases     ] GC(1077)   Evacuate Collection Set: 13.1ms
[2025-11-08T01:31:23.312+0000][gc,phases     ] GC(1077)   Post Evacuate Collection Set: 1.1ms
[2025-11-08T01:31:23.312+0000][gc,phases     ] GC(1077)   Other: 1.0ms
[2025-11-08T01:31:23.312+0000][gc,heap       ] GC(1077) Eden regions: 94->0(97)
[2025-11-08T01:31:23.313+0000][gc,heap       ] GC(1077) Survivor regions: 8->6(13)
[2025-11-08T01:31:23.313+0000][gc,heap       ] GC(1077) Old regions: 71->72
[2025-11-08T01:31:23.313+0000][gc,heap       ] GC(1077) Humongous regions: 147->147
[2025-11-08T01:31:23.313+0000][gc,metaspace  ] GC(1077) Metaspace: 53318K(56604K)->53318K(56604K) NonClass: 47415K(49232K)->47415K(49232K) Class: 5903K(7372K)->5903K(7372K)
[2025-11-08T01:31:23.313+0000][gc            ] GC(1077) Pause Young (Normal) (G1 Evacuation Pause) 318M->224M(684M) 17.788ms
[2025-11-08T01:31:23.314+0000][gc,cpu        ] GC(1077) User=0.03s Sys=0.00s Real=0.02s
[2025-11-08T01:31:44.520+0000][gc,start      ] GC(1078) Pause Young (Normal) (G1 Evacuation Pause)
[2025-11-08T01:31:44.521+0000][gc,task       ] GC(1078) Using 2 workers of 2 for evacuation
[2025-11-08T01:31:44.537+0000][gc,phases     ] GC(1078)   Pre Evacuate Collection Set: 0.0ms
[2025-11-08T01:31:44.537+0000][gc,phases     ] GC(1078)   Evacuate Collection Set: 13.6ms
[2025-11-08T01:31:44.537+0000][gc,phases     ] GC(1078)   Post Evacuate Collection Set: 2.0ms
[2025-11-08T01:31:44.538+0000][gc,phases     ] GC(1078)   Other: 0.8ms
[2025-11-08T01:31:44.538+0000][gc,heap       ] GC(1078) Eden regions: 97->0(98)
[2025-11-08T01:31:44.538+0000][gc,heap       ] GC(1078) Survivor regions: 6->8(13)
[2025-11-08T01:31:44.538+0000][gc,heap       ] GC(1078) Old regions: 72->72
[2025-11-08T01:31:44.539+0000][gc,heap       ] GC(1078) Humongous regions: 147->147
[2025-11-08T01:31:44.539+0000][gc,metaspace  ] GC(1078) Metaspace: 53318K(56604K)->53318K(56604K) NonClass: 47415K(49232K)->47415K(49232K) Class: 5903K(7372K)->5903K(7372K)
[2025-11-08T01:31:44.539+0000][gc            ] GC(1078) Pause Young (Normal) (G1 Evacuation Pause) 321M->225M(684M) 18.764ms
[2025-11-08T01:31:44.539+0000][gc,cpu        ] GC(1078) User=0.03s Sys=0.00s Real=0.01s
[2025-11-08T01:32:05.284+0000][gc,start      ] GC(1079) Pause Young (Normal) (G1 Evacuation Pause)
[2025-11-08T01:32:05.285+0000][gc,task       ] GC(1079) Using 2 workers of 2 for evacuation
[2025-11-08T01:32:05.298+0000][gc,phases     ] GC(1079)   Pre Evacuate Collection Set: 0.1ms
[2025-11-08T01:32:05.298+0000][gc,phases     ] GC(1079)   Evacuate Collection Set: 11.7ms
[2025-11-08T01:32:05.298+0000][gc,phases     ] GC(1079)   Post Evacuate Collection Set: 0.8ms
[2025-11-08T01:32:05.299+0000][gc,phases     ] GC(1079)   Other: 0.6ms
[2025-11-08T01:32:05.299+0000][gc,heap       ] GC(1079) Eden regions: 98->0(101)
[2025-11-08T01:32:05.299+0000][gc,heap       ] GC(1079) Survivor regions: 8->7(14)
[2025-11-08T01:32:05.299+0000][gc,heap       ] GC(1079) Old regions: 72->72
[2025-11-08T01:32:05.299+0000][gc,heap       ] GC(1079) Humongous regions: 147->147
[2025-11-08T01:32:05.299+0000][gc,metaspace  ] GC(1079) Metaspace: 53318K(56604K)->53318K(56604K) NonClass: 47415K(49232K)->47415K(49232K) Class: 5903K(7372K)->5903K(7372K)
[2025-11-08T01:32:05.300+0000][gc            ] GC(1079) Pause Young (Normal) (G1 Evacuation Pause) 323M->225M(684M) 15.210ms
[2025-11-08T01:32:05.300+0000][gc,cpu        ] GC(1079) User=0.03s Sys=0.00s Real=0.02s
[2025-11-08T01:32:26.283+0000][gc,start      ] GC(1080) Pause Young (Normal) (G1 Evacuation Pause)
[2025-11-08T01:32:26.283+0000][gc,task       ] GC(1080) Using 2 workers of 2 for evacuation
[2025-11-08T01:32:26.296+0000][gc,phases     ] GC(1080)   Pre Evacuate Collection Set: 0.0ms
[2025-11-08T01:32:26.296+0000][gc,phases     ] GC(1080)   Evacuate Collection Set: 11.4ms
[2025-11-08T01:32:26.296+0000][gc,phases     ] GC(1080)   Post Evacuate Collection Set: 0.8ms
[2025-11-08T01:32:26.297+0000][gc,phases     ] GC(1080)   Other: 0.6ms
[2025-11-08T01:32:26.297+0000][gc,heap       ] GC(1080) Eden regions: 101->0(104)
[2025-11-08T01:32:26.297+0000][gc,heap       ] GC(1080) Survivor regions: 7->7(14)
[2025-11-08T01:32:26.297+0000][gc,heap       ] GC(1080) Old regions: 72->72
[2025-11-08T01:32:26.297+0000][gc,heap       ] GC(1080) Humongous regions: 147->147
[2025-11-08T01:32:26.297+0000][gc,metaspace  ] GC(1080) Metaspace: 53318K(56604K)->53318K(56604K) NonClass: 47415K(49232K)->47415K(49232K) Class: 5903K(7372K)->5903K(7372K)
[2025-11-08T01:32:26.298+0000][gc            ] GC(1080) Pause Young (Normal) (G1 Evacuation Pause) 326M->225M(684M) 14.241ms
[2025-11-08T01:32:26.298+0000][gc,cpu        ] GC(1080) User=0.02s Sys=0.00s Real=0.01s
[2025-11-08T01:32:48.519+0000][gc,start      ] GC(1081) Pause Young (Normal) (G1 Evacuation Pause)
[2025-11-08T01:32:48.520+0000][gc,task       ] GC(1081) Using 2 workers of 2 for evacuation
[2025-11-08T01:32:48.536+0000][gc,phases     ] GC(1081)   Pre Evacuate Collection Set: 0.0ms
[2025-11-08T01:32:48.537+0000][gc,phases     ] GC(1081)   Evacuate Collection Set: 15.4ms
[2025-11-08T01:32:48.537+0000][gc,phases     ] GC(1081)   Post Evacuate Collection Set: 0.7ms
[2025-11-08T01:32:48.537+0000][gc,phases     ] GC(1081)   Other: 0.6ms
[2025-11-08T01:32:48.537+0000][gc,heap       ] GC(1081) Eden regions: 104->0(104)
[2025-11-08T01:32:48.537+0000][gc,heap       ] GC(1081) Survivor regions: 7->10(14)
[2025-11-08T01:32:48.538+0000][gc,heap       ] GC(1081) Old regions: 72->72
[2025-11-08T01:32:48.538+0000][gc,heap       ] GC(1081) Humongous regions: 147->147
[2025-11-08T01:32:48.538+0000][gc,metaspace  ] GC(1081) Metaspace: 53318K(56604K)->53318K(56604K) NonClass: 47415K(49232K)->47415K(49232K) Class: 5903K(7372K)->5903K(7372K)
[2025-11-08T01:32:48.538+0000][gc            ] GC(1081) Pause Young (Normal) (G1 Evacuation Pause) 329M->227M(684M) 18.513ms
[2025-11-08T01:32:48.538+0000][gc,cpu        ] GC(1081) User=0.04s Sys=0.00s Real=0.02s
[2025-11-08T01:33:10.526+0000][gc,start      ] GC(1082) Pause Young (Normal) (G1 Evacuation Pause)
[2025-11-08T01:33:10.526+0000][gc,task       ] GC(1082) Using 2 workers of 2 for evacuation
[2025-11-08T01:33:10.544+0000][gc,phases     ] GC(1082)   Pre Evacuate Collection Set: 0.0ms
[2025-11-08T01:33:10.544+0000][gc,phases     ] GC(1082)   Evacuate Collection Set: 16.3ms
[2025-11-08T01:33:10.544+0000][gc,phases     ] GC(1082)   Post Evacuate Collection Set: 0.9ms
[2025-11-08T01:33:10.545+0000][gc,phases     ] GC(1082)   Other: 0.8ms
[2025-11-08T01:33:10.545+0000][gc,heap       ] GC(1082) Eden regions: 104->0(104)
[2025-11-08T01:33:10.545+0000][gc,heap       ] GC(1082) Survivor regions: 10->9(15)
[2025-11-08T01:33:10.545+0000][gc,heap       ] GC(1082) Old regions: 72->73
[2025-11-08T01:33:10.546+0000][gc,heap       ] GC(1082) Humongous regions: 147->147
[2025-11-08T01:33:10.546+0000][gc,metaspace  ] GC(1082) Metaspace: 53318K(56604K)->53318K(56604K) NonClass: 47415K(49232K)->47415K(49232K) Class: 5903K(7372K)->5903K(7372K)
[2025-11-08T01:33:10.546+0000][gc            ] GC(1082) Pause Young (Normal) (G1 Evacuation Pause) 331M->228M(684M) 20.108ms
[2025-11-08T01:33:10.546+0000][gc,cpu        ] GC(1082) User=0.03s Sys=0.00s Real=0.02s
[2025-11-08T01:33:32.284+0000][gc,start      ] GC(1083) Pause Young (Normal) (G1 Evacuation Pause)
[2025-11-08T01:33:32.285+0000][gc,task       ] GC(1083) Using 2 workers of 2 for evacuation
[2025-11-08T01:33:32.300+0000][gc,phases     ] GC(1083)   Pre Evacuate Collection Set: 0.0ms
[2025-11-08T01:33:32.301+0000][gc,phases     ] GC(1083)   Evacuate Collection Set: 14.1ms
[2025-11-08T01:33:32.301+0000][gc,phases     ] GC(1083)   Post Evacuate Collection Set: 0.8ms
[2025-11-08T01:33:32.302+0000][gc,phases     ] GC(1083)   Other: 1.0ms
[2025-11-08T01:33:32.302+0000][gc,heap       ] GC(1083) Eden regions: 104->0(107)
[2025-11-08T01:33:32.302+0000][gc,heap       ] GC(1083) Survivor regions: 9->8(15)
[2025-11-08T01:33:32.303+0000][gc,heap       ] GC(1083) Old regions: 73->74
[2025-11-08T01:33:32.304+0000][gc,heap       ] GC(1083) Humongous regions: 147->147
[2025-11-08T01:33:32.304+0000][gc,metaspace  ] GC(1083) Metaspace: 53318K(56604K)->53318K(56604K) NonClass: 47415K(49232K)->47415K(49232K) Class: 5903K(7372K)->5903K(7372K)
[2025-11-08T01:33:32.305+0000][gc            ] GC(1083) Pause Young (Normal) (G1 Evacuation Pause) 332M->228M(684M) 20.089ms
[2025-11-08T01:33:32.305+0000][gc,cpu        ] GC(1083) User=0.03s Sys=0.00s Real=0.02s
[2025-11-08T01:33:54.750+0000][gc,start      ] GC(1084) Pause Young (Normal) (G1 Evacuation Pause)
[2025-11-08T01:33:54.751+0000][gc,task       ] GC(1084) Using 2 workers of 2 for evacuation
[2025-11-08T01:33:54.770+0000][gc,phases     ] GC(1084)   Pre Evacuate Collection Set: 0.0ms
[2025-11-08T01:33:54.771+0000][gc,phases     ] GC(1084)   Evacuate Collection Set: 17.8ms
[2025-11-08T01:33:54.771+0000][gc,phases     ] GC(1084)   Post Evacuate Collection Set: 1.1ms
[2025-11-08T01:33:54.772+0000][gc,phases     ] GC(1084)   Other: 0.7ms
[2025-11-08T01:33:54.772+0000][gc,heap       ] GC(1084) Eden regions: 105->0(104)
[2025-11-08T01:33:54.773+0000][gc,heap       ] GC(1084) Survivor regions: 8->8(15)
[2025-11-08T01:33:54.773+0000][gc,heap       ] GC(1084) Old regions: 74->75
[2025-11-08T01:33:54.774+0000][gc,heap       ] GC(1084) Humongous regions: 147->147
[2025-11-08T01:33:54.774+0000][gc,metaspace  ] GC(1084) Metaspace: 53318K(56604K)->53318K(56604K) NonClass: 47415K(49232K)->47415K(49232K) Class: 5903K(7372K)->5903K(7372K)
[2025-11-08T01:33:54.774+0000][gc            ] GC(1084) Pause Young (Normal) (G1 Evacuation Pause) 333M->229M(684M) 23.609ms
[2025-11-08T01:33:54.774+0000][gc,cpu        ] GC(1084) User=0.04s Sys=0.00s Real=0.03s
[2025-11-08T01:34:15.718+0000][gc,start      ] GC(1085) Pause Young (Normal) (G1 Evacuation Pause)
[2025-11-08T01:34:15.718+0000][gc,task       ] GC(1085) Using 2 workers of 2 for evacuation
[2025-11-08T01:34:15.732+0000][gc,phases     ] GC(1085)   Pre Evacuate Collection Set: 0.1ms
[2025-11-08T01:34:15.733+0000][gc,phases     ] GC(1085)   Evacuate Collection Set: 13.3ms
[2025-11-08T01:34:15.733+0000][gc,phases     ] GC(1085)   Post Evacuate Collection Set: 0.8ms
[2025-11-08T01:34:15.733+0000][gc,phases     ] GC(1085)   Other: 0.5ms
[2025-11-08T01:34:15.733+0000][gc,heap       ] GC(1085) Eden regions: 101->0(105)
[2025-11-08T01:34:15.733+0000][gc,heap       ] GC(1085) Survivor regions: 8->7(14)
[2025-11-08T01:34:15.734+0000][gc,heap       ] GC(1085) Old regions: 75->76
[2025-11-08T01:34:15.734+0000][gc,heap       ] GC(1085) Humongous regions: 147->147
[2025-11-08T01:34:15.734+0000][gc,metaspace  ] GC(1085) Metaspace: 53318K(56604K)->53318K(56604K) NonClass: 47415K(49232K)->47415K(49232K) Class: 5903K(7372K)->5903K(7372K)
[2025-11-08T01:34:15.734+0000][gc            ] GC(1085) Pause Young (Normal) (G1 Evacuation Pause) 330M->228M(684M) 16.510ms
[2025-11-08T01:34:15.734+0000][gc,cpu        ] GC(1085) User=0.02s Sys=0.00s Real=0.02s
[2025-11-08T01:34:37.908+0000][gc,start      ] GC(1086) Pause Young (Normal) (G1 Evacuation Pause)
[2025-11-08T01:34:37.909+0000][gc,task       ] GC(1086) Using 2 workers of 2 for evacuation
[2025-11-08T01:34:37.926+0000][gc,phases     ] GC(1086)   Pre Evacuate Collection Set: 0.0ms
[2025-11-08T01:34:37.926+0000][gc,phases     ] GC(1086)   Evacuate Collection Set: 15.7ms
[2025-11-08T01:34:37.927+0000][gc,phases     ] GC(1086)   Post Evacuate Collection Set: 0.7ms
[2025-11-08T01:34:37.927+0000][gc,phases     ] GC(1086)   Other: 0.7ms
[2025-11-08T01:34:37.928+0000][gc,heap       ] GC(1086) Eden regions: 105->0(105)
[2025-11-08T01:34:37.928+0000][gc,heap       ] GC(1086) Survivor regions: 7->7(14)
[2025-11-08T01:34:37.929+0000][gc,heap       ] GC(1086) Old regions: 76->76
[2025-11-08T01:34:37.930+0000][gc,heap       ] GC(1086) Humongous regions: 147->147
[2025-11-08T01:34:37.930+0000][gc,metaspace  ] GC(1086) Metaspace: 53318K(56604K)->53318K(56604K) NonClass: 47415K(49232K)->47415K(49232K) Class: 5903K(7372K)->5903K(7372K)
[2025-11-08T01:34:37.930+0000][gc            ] GC(1086) Pause Young (Normal) (G1 Evacuation Pause) 333M->229M(684M) 21.643ms
[2025-11-08T01:34:37.930+0000][gc,cpu        ] GC(1086) User=0.03s Sys=0.00s Real=0.02s
[2025-11-08T01:35:00.108+0000][gc,start      ] GC(1087) Pause Young (Normal) (G1 Evacuation Pause)
[2025-11-08T01:35:00.108+0000][gc,task       ] GC(1087) Using 2 workers of 2 for evacuation
[2025-11-08T01:35:00.121+0000][gc,phases     ] GC(1087)   Pre Evacuate Collection Set: 0.0ms
[2025-11-08T01:35:00.121+0000][gc,phases     ] GC(1087)   Evacuate Collection Set: 12.3ms
[2025-11-08T01:35:00.122+0000][gc,phases     ] GC(1087)   Post Evacuate Collection Set: 0.7ms
[2025-11-08T01:35:00.122+0000][gc,phases     ] GC(1087)   Other: 0.6ms
[2025-11-08T01:35:00.122+0000][gc,heap       ] GC(1087) Eden regions: 104->0(106)
[2025-11-08T01:35:00.122+0000][gc,heap       ] GC(1087) Survivor regions: 7->8(14)
[2025-11-08T01:35:00.122+0000][gc,heap       ] GC(1087) Old regions: 76->76
[2025-11-08T01:35:00.122+0000][gc,heap       ] GC(1087) Humongous regions: 147->147
[2025-11-08T01:35:00.122+0000][gc,metaspace  ] GC(1087) Metaspace: 53318K(56604K)->53318K(56604K) NonClass: 47415K(49232K)->47415K(49232K) Class: 5903K(7372K)->5903K(7372K)
[2025-11-08T01:35:00.123+0000][gc            ] GC(1087) Pause Young (Normal) (G1 Evacuation Pause) 333M->230M(684M) 15.016ms
[2025-11-08T01:35:00.123+0000][gc,cpu        ] GC(1087) User=0.03s Sys=0.00s Real=0.01s
[2025-11-08T01:35:22.241+0000][gc,start      ] GC(1088) Pause Young (Normal) (G1 Evacuation Pause)
[2025-11-08T01:35:22.241+0000][gc,task       ] GC(1088) Using 2 workers of 2 for evacuation
[2025-11-08T01:35:22.267+0000][gc,mmu        ] GC(1088) MMU target violated: 21.0ms (20.0ms/21.0ms)
[2025-11-08T01:35:22.268+0000][gc,phases     ] GC(1088)   Pre Evacuate Collection Set: 0.0ms
[2025-11-08T01:35:22.268+0000][gc,phases     ] GC(1088)   Evacuate Collection Set: 24.2ms
[2025-11-08T01:35:22.268+0000][gc,phases     ] GC(1088)   Post Evacuate Collection Set: 1.2ms
[2025-11-08T01:35:22.268+0000][gc,phases     ] GC(1088)   Other: 1.3ms
[2025-11-08T01:35:22.269+0000][gc,heap       ] GC(1088) Eden regions: 104->0(101)
[2025-11-08T01:35:22.269+0000][gc,heap       ] GC(1088) Survivor regions: 8->8(14)
[2025-11-08T01:35:22.269+0000][gc,heap       ] GC(1088) Old regions: 76->76
[2025-11-08T01:35:22.270+0000][gc,heap       ] GC(1088) Humongous regions: 147->147
[2025-11-08T01:35:22.270+0000][gc,metaspace  ] GC(1088) Metaspace: 53318K(56604K)->53318K(56604K) NonClass: 47415K(49232K)->47415K(49232K) Class: 5903K(7372K)->5903K(7372K)
[2025-11-08T01:35:22.270+0000][gc            ] GC(1088) Pause Young (Normal) (G1 Evacuation Pause) 334M->230M(684M) 28.828ms
[2025-11-08T01:35:22.270+0000][gc,cpu        ] GC(1088) User=0.05s Sys=0.00s Real=0.03s
[2025-11-08T01:35:27.844+0000][gc,start      ] GC(1089) Pause Young (Normal) (G1 Evacuation Pause)
[2025-11-08T01:35:27.845+0000][gc,task       ] GC(1089) Using 2 workers of 2 for evacuation
[2025-11-08T01:35:27.863+0000][gc,phases     ] GC(1089)   Pre Evacuate Collection Set: 0.0ms
[2025-11-08T01:35:27.863+0000][gc,phases     ] GC(1089)   Evacuate Collection Set: 16.6ms
[2025-11-08T01:35:27.863+0000][gc,phases     ] GC(1089)   Post Evacuate Collection Set: 0.7ms
[2025-11-08T01:35:27.864+0000][gc,phases     ] GC(1089)   Other: 1.5ms
[2025-11-08T01:35:27.864+0000][gc,heap       ] GC(1089) Eden regions: 26->0(59)
[2025-11-08T01:35:27.864+0000][gc,heap       ] GC(1089) Survivor regions: 8->4(5)
[2025-11-08T01:35:27.864+0000][gc,heap       ] GC(1089) Old regions: 76->81
[2025-11-08T01:35:27.865+0000][gc,heap       ] GC(1089) Humongous regions: 147->147
[2025-11-08T01:35:27.865+0000][gc,metaspace  ] GC(1089) Metaspace: 53318K(56604K)->53318K(56604K) NonClass: 47415K(49232K)->47415K(49232K) Class: 5903K(7372K)->5903K(7372K)
[2025-11-08T01:35:27.865+0000][gc            ] GC(1089) Pause Young (Normal) (G1 Evacuation Pause) 256M->231M(684M) 20.872ms
[2025-11-08T01:35:27.865+0000][gc,cpu        ] GC(1089) User=0.03s Sys=0.00s Real=0.02s
[2025-11-08T01:35:40.625+0000][gc,start      ] GC(1090) Pause Young (Normal) (G1 Evacuation Pause)
[2025-11-08T01:35:40.626+0000][gc,task       ] GC(1090) Using 2 workers of 2 for evacuation
[2025-11-08T01:35:40.633+0000][gc,phases     ] GC(1090)   Pre Evacuate Collection Set: 0.0ms
[2025-11-08T01:35:40.633+0000][gc,phases     ] GC(1090)   Evacuate Collection Set: 6.2ms
[2025-11-08T01:35:40.633+0000][gc,phases     ] GC(1090)   Post Evacuate Collection Set: 0.9ms
[2025-11-08T01:35:40.634+0000][gc,phases     ] GC(1090)   Other: 0.7ms
[2025-11-08T01:35:40.634+0000][gc,heap       ] GC(1090) Eden regions: 59->0(70)
[2025-11-08T01:35:40.634+0000][gc,heap       ] GC(1090) Survivor regions: 4->3(8)
[2025-11-08T01:35:40.634+0000][gc,heap       ] GC(1090) Old regions: 81->81
[2025-11-08T01:35:40.634+0000][gc,heap       ] GC(1090) Humongous regions: 147->147
[2025-11-08T01:35:40.635+0000][gc,metaspace  ] GC(1090) Metaspace: 53318K(56604K)->53318K(56604K) NonClass: 47415K(49232K)->47415K(49232K) Class: 5903K(7372K)->5903K(7372K)
[2025-11-08T01:35:40.635+0000][gc            ] GC(1090) Pause Young (Normal) (G1 Evacuation Pause) 290M->230M(684M) 9.467ms
[2025-11-08T01:35:40.635+0000][gc,cpu        ] GC(1090) User=0.01s Sys=0.00s Real=0.01s
[2025-11-08T01:35:55.774+0000][gc,start      ] GC(1091) Pause Young (Normal) (G1 Evacuation Pause)
[2025-11-08T01:35:55.775+0000][gc,task       ] GC(1091) Using 2 workers of 2 for evacuation
[2025-11-08T01:35:55.782+0000][gc,phases     ] GC(1091)   Pre Evacuate Collection Set: 0.0ms
[2025-11-08T01:35:55.783+0000][gc,phases     ] GC(1091)   Evacuate Collection Set: 6.6ms
[2025-11-08T01:35:55.783+0000][gc,phases     ] GC(1091)   Post Evacuate Collection Set: 0.7ms
[2025-11-08T01:35:55.783+0000][gc,phases     ] GC(1091)   Other: 0.6ms
[2025-11-08T01:35:55.783+0000][gc,heap       ] GC(1091) Eden regions: 70->0(78)
[2025-11-08T01:35:55.783+0000][gc,heap       ] GC(1091) Survivor regions: 3->3(10)
[2025-11-08T01:35:55.783+0000][gc,heap       ] GC(1091) Old regions: 81->81
[2025-11-08T01:35:55.784+0000][gc,heap       ] GC(1091) Humongous regions: 147->147
[2025-11-08T01:35:55.784+0000][gc,metaspace  ] GC(1091) Metaspace: 53318K(56604K)->53318K(56604K) NonClass: 47415K(49232K)->47415K(49232K) Class: 5903K(7372K)->5903K(7372K)
[2025-11-08T01:35:55.784+0000][gc            ] GC(1091) Pause Young (Normal) (G1 Evacuation Pause) 300M->230M(684M) 9.421ms
[2025-11-08T01:35:55.784+0000][gc,cpu        ] GC(1091) User=0.01s Sys=0.00s Real=0.01s
[2025-11-08T01:36:12.237+0000][gc,start      ] GC(1092) Pause Young (Normal) (G1 Evacuation Pause)
[2025-11-08T01:36:12.237+0000][gc,task       ] GC(1092) Using 2 workers of 2 for evacuation
[2025-11-08T01:36:12.246+0000][gc,phases     ] GC(1092)   Pre Evacuate Collection Set: 0.0ms
[2025-11-08T01:36:12.247+0000][gc,phases     ] GC(1092)   Evacuate Collection Set: 7.9ms
[2025-11-08T01:36:12.247+0000][gc,phases     ] GC(1092)   Post Evacuate Collection Set: 0.7ms
[2025-11-08T01:36:12.247+0000][gc,phases     ] GC(1092)   Other: 0.8ms
[2025-11-08T01:36:12.247+0000][gc,heap       ] GC(1092) Eden regions: 78->0(81)
[2025-11-08T01:36:12.247+0000][gc,heap       ] GC(1092) Survivor regions: 3->4(11)
[2025-11-08T01:36:12.248+0000][gc,heap       ] GC(1092) Old regions: 81->81
[2025-11-08T01:36:12.248+0000][gc,heap       ] GC(1092) Humongous regions: 147->147
[2025-11-08T01:36:12.248+0000][gc,metaspace  ] GC(1092) Metaspace: 53318K(56604K)->53318K(56604K) NonClass: 47415K(49232K)->47415K(49232K) Class: 5903K(7372K)->5903K(7372K)
[2025-11-08T01:36:12.248+0000][gc            ] GC(1092) Pause Young (Normal) (G1 Evacuation Pause) 308M->231M(684M) 11.215ms
[2025-11-08T01:36:12.249+0000][gc,cpu        ] GC(1092) User=0.02s Sys=0.00s Real=0.01s
[2025-11-08T01:36:29.103+0000][gc,start      ] GC(1093) Pause Young (Normal) (G1 Evacuation Pause)
[2025-11-08T01:36:29.103+0000][gc,task       ] GC(1093) Using 2 workers of 2 for evacuation
[2025-11-08T01:36:29.112+0000][gc,phases     ] GC(1093)   Pre Evacuate Collection Set: 0.0ms
[2025-11-08T01:36:29.112+0000][gc,phases     ] GC(1093)   Evacuate Collection Set: 7.9ms
[2025-11-08T01:36:29.113+0000][gc,phases     ] GC(1093)   Post Evacuate Collection Set: 0.7ms
[2025-11-08T01:36:29.113+0000][gc,phases     ] GC(1093)   Other: 0.5ms
[2025-11-08T01:36:29.113+0000][gc,heap       ] GC(1093) Eden regions: 81->0(84)
[2025-11-08T01:36:29.113+0000][gc,heap       ] GC(1093) Survivor regions: 4->4(11)
[2025-11-08T01:36:29.113+0000][gc,heap       ] GC(1093) Old regions: 81->81
[2025-11-08T01:36:29.113+0000][gc,heap       ] GC(1093) Humongous regions: 147->147
[2025-11-08T01:36:29.114+0000][gc,metaspace  ] GC(1093) Metaspace: 53318K(56604K)->53318K(56604K) NonClass: 47415K(49232K)->47415K(49232K) Class: 5903K(7372K)->5903K(7372K)
[2025-11-08T01:36:29.114+0000][gc            ] GC(1093) Pause Young (Normal) (G1 Evacuation Pause) 312M->231M(684M) 10.766ms
[2025-11-08T01:36:29.114+0000][gc,cpu        ] GC(1093) User=0.01s Sys=0.00s Real=0.01s
[2025-11-08T01:36:47.066+0000][gc,start      ] GC(1094) Pause Young (Normal) (G1 Evacuation Pause)
[2025-11-08T01:36:47.066+0000][gc,task       ] GC(1094) Using 2 workers of 2 for evacuation
[2025-11-08T01:36:47.077+0000][gc,phases     ] GC(1094)   Pre Evacuate Collection Set: 0.0ms
[2025-11-08T01:36:47.077+0000][gc,phases     ] GC(1094)   Evacuate Collection Set: 10.3ms
[2025-11-08T01:36:47.078+0000][gc,phases     ] GC(1094)   Post Evacuate Collection Set: 0.5ms
[2025-11-08T01:36:47.078+0000][gc,phases     ] GC(1094)   Other: 0.5ms
[2025-11-08T01:36:47.078+0000][gc,heap       ] GC(1094) Eden regions: 84->0(86)
[2025-11-08T01:36:47.078+0000][gc,heap       ] GC(1094) Survivor regions: 4->6(11)
[2025-11-08T01:36:47.078+0000][gc,heap       ] GC(1094) Old regions: 81->81
[2025-11-08T01:36:47.078+0000][gc,heap       ] GC(1094) Humongous regions: 147->147
[2025-11-08T01:36:47.079+0000][gc,metaspace  ] GC(1094) Metaspace: 53318K(56604K)->53318K(56604K) NonClass: 47415K(49232K)->47415K(49232K) Class: 5903K(7372K)->5903K(7372K)
[2025-11-08T01:36:47.079+0000][gc            ] GC(1094) Pause Young (Normal) (G1 Evacuation Pause) 315M->233M(684M) 12.912ms
[2025-11-08T01:36:47.079+0000][gc,cpu        ] GC(1094) User=0.03s Sys=0.00s Real=0.02s
[2025-11-08T01:37:04.937+0000][gc,start      ] GC(1095) Pause Young (Normal) (G1 Evacuation Pause)
[2025-11-08T01:37:04.938+0000][gc,task       ] GC(1095) Using 2 workers of 2 for evacuation
[2025-11-08T01:37:04.951+0000][gc,phases     ] GC(1095)   Pre Evacuate Collection Set: 0.0ms
[2025-11-08T01:37:04.952+0000][gc,phases     ] GC(1095)   Evacuate Collection Set: 11.6ms
[2025-11-08T01:37:04.952+0000][gc,phases     ] GC(1095)   Post Evacuate Collection Set: 1.3ms
[2025-11-08T01:37:04.953+0000][gc,phases     ] GC(1095)   Other: 1.0ms
[2025-11-08T01:37:04.953+0000][gc,heap       ] GC(1095) Eden regions: 86->0(88)
[2025-11-08T01:37:04.954+0000][gc,heap       ] GC(1095) Survivor regions: 6->7(12)
[2025-11-08T01:37:04.954+0000][gc,heap       ] GC(1095) Old regions: 81->81
[2025-11-08T01:37:04.955+0000][gc,heap       ] GC(1095) Humongous regions: 147->147
[2025-11-08T01:37:04.956+0000][gc,metaspace  ] GC(1095) Metaspace: 53318K(56604K)->53318K(56604K) NonClass: 47415K(49232K)->47415K(49232K) Class: 5903K(7372K)->5903K(7372K)
[2025-11-08T01:37:04.957+0000][gc            ] GC(1095) Pause Young (Normal) (G1 Evacuation Pause) 319M->234M(684M) 19.318ms
[2025-11-08T01:37:04.957+0000][gc,cpu        ] GC(1095) User=0.02s Sys=0.00s Real=0.02s
[2025-11-08T01:37:23.023+0000][gc,start      ] GC(1096) Pause Young (Normal) (G1 Evacuation Pause)
[2025-11-08T01:37:23.023+0000][gc,task       ] GC(1096) Using 2 workers of 2 for evacuation
[2025-11-08T01:37:23.034+0000][gc,phases     ] GC(1096)   Pre Evacuate Collection Set: 0.0ms
[2025-11-08T01:37:23.034+0000][gc,phases     ] GC(1096)   Evacuate Collection Set: 9.6ms
[2025-11-08T01:37:23.034+0000][gc,phases     ] GC(1096)   Post Evacuate Collection Set: 0.6ms
[2025-11-08T01:37:23.034+0000][gc,phases     ] GC(1096)   Other: 0.6ms
[2025-11-08T01:37:23.034+0000][gc,heap       ] GC(1096) Eden regions: 87->0(91)
[2025-11-08T01:37:23.035+0000][gc,heap       ] GC(1096) Survivor regions: 7->7(12)
[2025-11-08T01:37:23.035+0000][gc,heap       ] GC(1096) Old regions: 81->81
[2025-11-08T01:37:23.035+0000][gc,heap       ] GC(1096) Humongous regions: 147->147
[2025-11-08T01:37:23.035+0000][gc,metaspace  ] GC(1096) Metaspace: 53318K(56604K)->53318K(56604K) NonClass: 47415K(49232K)->47415K(49232K) Class: 5903K(7372K)->5903K(7372K)
[2025-11-08T01:37:23.035+0000][gc            ] GC(1096) Pause Young (Normal) (G1 Evacuation Pause) 321M->234M(684M) 12.550ms
[2025-11-08T01:37:23.036+0000][gc,cpu        ] GC(1096) User=0.03s Sys=0.00s Real=0.01s
[2025-11-08T01:37:42.146+0000][gc,start      ] GC(1097) Pause Young (Normal) (G1 Evacuation Pause)
[2025-11-08T01:37:42.146+0000][gc,task       ] GC(1097) Using 2 workers of 2 for evacuation
[2025-11-08T01:37:42.164+0000][gc,phases     ] GC(1097)   Pre Evacuate Collection Set: 0.0ms
[2025-11-08T01:37:42.165+0000][gc,phases     ] GC(1097)   Evacuate Collection Set: 16.8ms
[2025-11-08T01:37:42.165+0000][gc,phases     ] GC(1097)   Post Evacuate Collection Set: 1.0ms
[2025-11-08T01:37:42.165+0000][gc,phases     ] GC(1097)   Other: 0.8ms
[2025-11-08T01:37:42.165+0000][gc,heap       ] GC(1097) Eden regions: 91->0(90)
[2025-11-08T01:37:42.166+0000][gc,heap       ] GC(1097) Survivor regions: 7->8(13)
[2025-11-08T01:37:42.166+0000][gc,heap       ] GC(1097) Old regions: 81->81
[2025-11-08T01:37:42.166+0000][gc,heap       ] GC(1097) Humongous regions: 147->147
[2025-11-08T01:37:42.167+0000][gc,metaspace  ] GC(1097) Metaspace: 53318K(56604K)->53318K(56604K) NonClass: 47415K(49232K)->47415K(49232K) Class: 5903K(7372K)->5903K(7372K)
[2025-11-08T01:37:42.167+0000][gc            ] GC(1097) Pause Young (Normal) (G1 Evacuation Pause) 325M->235M(684M) 21.009ms
[2025-11-08T01:37:42.167+0000][gc,cpu        ] GC(1097) User=0.04s Sys=0.00s Real=0.03s
[2025-11-08T01:38:00.595+0000][gc,start      ] GC(1098) Pause Young (Normal) (G1 Evacuation Pause)
[2025-11-08T01:38:00.595+0000][gc,task       ] GC(1098) Using 2 workers of 2 for evacuation
[2025-11-08T01:38:00.610+0000][gc,phases     ] GC(1098)   Pre Evacuate Collection Set: 0.0ms
[2025-11-08T01:38:00.610+0000][gc,phases     ] GC(1098)   Evacuate Collection Set: 13.5ms
[2025-11-08T01:38:00.610+0000][gc,phases     ] GC(1098)   Post Evacuate Collection Set: 0.9ms
[2025-11-08T01:38:00.610+0000][gc,phases     ] GC(1098)   Other: 0.7ms
[2025-11-08T01:38:00.611+0000][gc,heap       ] GC(1098) Eden regions: 87->0(92)
[2025-11-08T01:38:00.611+0000][gc,heap       ] GC(1098) Survivor regions: 8->7(12)
[2025-11-08T01:38:00.611+0000][gc,heap       ] GC(1098) Old regions: 81->82
[2025-11-08T01:38:00.611+0000][gc,heap       ] GC(1098) Humongous regions: 147->147
[2025-11-08T01:38:00.612+0000][gc,metaspace  ] GC(1098) Metaspace: 53318K(56604K)->53318K(56604K) NonClass: 47415K(49232K)->47415K(49232K) Class: 5903K(7372K)->5903K(7372K)
[2025-11-08T01:38:00.612+0000][gc            ] GC(1098) Pause Young (Normal) (G1 Evacuation Pause) 322M->235M(684M) 17.400ms
[2025-11-08T01:38:00.612+0000][gc,cpu        ] GC(1098) User=0.03s Sys=0.00s Real=0.02s
[2025-11-08T01:38:19.248+0000][gc,start      ] GC(1099) Pause Young (Normal) (G1 Evacuation Pause)
[2025-11-08T01:38:19.250+0000][gc,task       ] GC(1099) Using 2 workers of 2 for evacuation
[2025-11-08T01:38:19.265+0000][gc,phases     ] GC(1099)   Pre Evacuate Collection Set: 0.0ms
[2025-11-08T01:38:19.265+0000][gc,phases     ] GC(1099)   Evacuate Collection Set: 13.5ms
[2025-11-08T01:38:19.266+0000][gc,phases     ] GC(1099)   Post Evacuate Collection Set: 1.1ms
[2025-11-08T01:38:19.266+0000][gc,phases     ] GC(1099)   Other: 2.1ms
[2025-11-08T01:38:19.266+0000][gc,heap       ] GC(1099) Eden regions: 89->0(94)
[2025-11-08T01:38:19.267+0000][gc,heap       ] GC(1099) Survivor regions: 7->7(12)
[2025-11-08T01:38:19.267+0000][gc,heap       ] GC(1099) Old regions: 82->83
[2025-11-08T01:38:19.268+0000][gc,heap       ] GC(1099) Humongous regions: 147->147
[2025-11-08T01:38:19.268+0000][gc,metaspace  ] GC(1099) Metaspace: 53318K(56604K)->53318K(56604K) NonClass: 47415K(49232K)->47415K(49232K) Class: 5903K(7372K)->5903K(7372K)
[2025-11-08T01:38:19.268+0000][gc            ] GC(1099) Pause Young (Normal) (G1 Evacuation Pause) 324M->236M(684M) 19.937ms
[2025-11-08T01:38:19.268+0000][gc,cpu        ] GC(1099) User=0.03s Sys=0.00s Real=0.02s
[2025-11-08T01:38:39.252+0000][gc,start      ] GC(1100) Pause Young (Normal) (G1 Evacuation Pause)
[2025-11-08T01:38:39.252+0000][gc,task       ] GC(1100) Using 2 workers of 2 for evacuation
[2025-11-08T01:38:39.269+0000][gc,phases     ] GC(1100)   Pre Evacuate Collection Set: 0.0ms
[2025-11-08T01:38:39.269+0000][gc,phases     ] GC(1100)   Evacuate Collection Set: 14.8ms
[2025-11-08T01:38:39.270+0000][gc,phases     ] GC(1100)   Post Evacuate Collection Set: 0.9ms
[2025-11-08T01:38:39.270+0000][gc,phases     ] GC(1100)   Other: 1.4ms
[2025-11-08T01:38:39.270+0000][gc,heap       ] GC(1100) Eden regions: 94->0(94)
[2025-11-08T01:38:39.271+0000][gc,heap       ] GC(1100) Survivor regions: 7->6(13)
[2025-11-08T01:38:39.271+0000][gc,heap       ] GC(1100) Old regions: 83->83
[2025-11-08T01:38:39.271+0000][gc,heap       ] GC(1100) Humongous regions: 147->147
[2025-11-08T01:38:39.271+0000][gc,metaspace  ] GC(1100) Metaspace: 53318K(56604K)->53318K(56604K) NonClass: 47415K(49232K)->47415K(49232K) Class: 5903K(7372K)->5903K(7372K)
[2025-11-08T01:38:39.272+0000][gc            ] GC(1100) Pause Young (Normal) (G1 Evacuation Pause) 330M->235M(684M) 19.852ms
[2025-11-08T01:38:39.272+0000][gc,cpu        ] GC(1100) User=0.03s Sys=0.00s Real=0.02s
[2025-11-08T01:38:58.647+0000][gc,start      ] GC(1101) Pause Young (Normal) (G1 Evacuation Pause)
[2025-11-08T01:38:58.647+0000][gc,task       ] GC(1101) Using 2 workers of 2 for evacuation
[2025-11-08T01:38:58.660+0000][gc,phases     ] GC(1101)   Pre Evacuate Collection Set: 0.0ms
[2025-11-08T01:38:58.661+0000][gc,phases     ] GC(1101)   Evacuate Collection Set: 11.9ms
[2025-11-08T01:38:58.661+0000][gc,phases     ] GC(1101)   Post Evacuate Collection Set: 0.9ms
[2025-11-08T01:38:58.661+0000][gc,phases     ] GC(1101)   Other: 0.7ms
[2025-11-08T01:38:58.662+0000][gc,heap       ] GC(1101) Eden regions: 90->0(97)
[2025-11-08T01:38:58.662+0000][gc,heap       ] GC(1101) Survivor regions: 6->7(12)
[2025-11-08T01:38:58.662+0000][gc,heap       ] GC(1101) Old regions: 83->83
[2025-11-08T01:38:58.662+0000][gc,heap       ] GC(1101) Humongous regions: 147->147
[2025-11-08T01:38:58.663+0000][gc,metaspace  ] GC(1101) Metaspace: 53318K(56604K)->53318K(56604K) NonClass: 47415K(49232K)->47415K(49232K) Class: 5903K(7372K)->5903K(7372K)
[2025-11-08T01:38:58.663+0000][gc            ] GC(1101) Pause Young (Normal) (G1 Evacuation Pause) 325M->236M(684M) 16.334ms
[2025-11-08T01:38:58.663+0000][gc,cpu        ] GC(1101) User=0.03s Sys=0.00s Real=0.02s
[2025-11-08T01:39:18.430+0000][gc,start      ] GC(1102) Pause Young (Normal) (G1 Evacuation Pause)
[2025-11-08T01:39:18.430+0000][gc,task       ] GC(1102) Using 2 workers of 2 for evacuation
[2025-11-08T01:39:18.444+0000][gc,phases     ] GC(1102)   Pre Evacuate Collection Set: 0.0ms
[2025-11-08T01:39:18.444+0000][gc,phases     ] GC(1102)   Evacuate Collection Set: 12.9ms
[2025-11-08T01:39:18.445+0000][gc,phases     ] GC(1102)   Post Evacuate Collection Set: 0.6ms
[2025-11-08T01:39:18.445+0000][gc,phases     ] GC(1102)   Other: 0.5ms
[2025-11-08T01:39:18.445+0000][gc,heap       ] GC(1102) Eden regions: 94->0(101)
[2025-11-08T01:39:18.445+0000][gc,heap       ] GC(1102) Survivor regions: 7->8(13)
[2025-11-08T01:39:18.445+0000][gc,heap       ] GC(1102) Old regions: 83->83
[2025-11-08T01:39:18.445+0000][gc,heap       ] GC(1102) Humongous regions: 147->147
[2025-11-08T01:39:18.446+0000][gc,metaspace  ] GC(1102) Metaspace: 53318K(56604K)->53318K(56604K) NonClass: 47415K(49232K)->47415K(49232K) Class: 5903K(7372K)->5903K(7372K)
[2025-11-08T01:39:18.446+0000][gc            ] GC(1102) Pause Young (Normal) (G1 Evacuation Pause) 330M->237M(684M) 15.817ms
[2025-11-08T01:39:18.446+0000][gc,cpu        ] GC(1102) User=0.02s Sys=0.00s Real=0.01s
[2025-11-08T01:39:39.916+0000][gc,start      ] GC(1103) Pause Young (Normal) (G1 Evacuation Pause)
[2025-11-08T01:39:39.916+0000][gc,task       ] GC(1103) Using 2 workers of 2 for evacuation
[2025-11-08T01:39:39.932+0000][gc,phases     ] GC(1103)   Pre Evacuate Collection Set: 0.0ms
[2025-11-08T01:39:39.933+0000][gc,phases     ] GC(1103)   Evacuate Collection Set: 14.8ms
[2025-11-08T01:39:39.933+0000][gc,phases     ] GC(1103)   Post Evacuate Collection Set: 0.9ms
[2025-11-08T01:39:39.933+0000][gc,phases     ] GC(1103)   Other: 0.6ms
[2025-11-08T01:39:39.933+0000][gc,heap       ] GC(1103) Eden regions: 101->0(101)
[2025-11-08T01:39:39.933+0000][gc,heap       ] GC(1103) Survivor regions: 8->7(14)
[2025-11-08T01:39:39.934+0000][gc,heap       ] GC(1103) Old regions: 83->84
[2025-11-08T01:39:39.934+0000][gc,heap       ] GC(1103) Humongous regions: 147->147
[2025-11-08T01:39:39.934+0000][gc,metaspace  ] GC(1103) Metaspace: 53318K(56604K)->53318K(56604K) NonClass: 47415K(49232K)->47415K(49232K) Class: 5903K(7372K)->5903K(7372K)
[2025-11-08T01:39:39.934+0000][gc            ] GC(1103) Pause Young (Normal) (G1 Evacuation Pause) 338M->237M(684M) 18.227ms
[2025-11-08T01:39:39.934+0000][gc,cpu        ] GC(1103) User=0.03s Sys=0.00s Real=0.02s
[2025-11-08T01:40:00.038+0000][gc,start      ] GC(1104) Pause Young (Normal) (G1 Evacuation Pause)
[2025-11-08T01:40:00.039+0000][gc,task       ] GC(1104) Using 2 workers of 2 for evacuation
[2025-11-08T01:40:00.055+0000][gc,phases     ] GC(1104)   Pre Evacuate Collection Set: 0.0ms
[2025-11-08T01:40:00.055+0000][gc,phases     ] GC(1104)   Evacuate Collection Set: 15.0ms
[2025-11-08T01:40:00.055+0000][gc,phases     ] GC(1104)   Post Evacuate Collection Set: 0.7ms
[2025-11-08T01:40:00.055+0000][gc,phases     ] GC(1104)   Other: 0.6ms
[2025-11-08T01:40:00.055+0000][gc,heap       ] GC(1104) Eden regions: 95->0(98)
[2025-11-08T01:40:00.055+0000][gc,heap       ] GC(1104) Survivor regions: 7->8(13)
[2025-11-08T01:40:00.056+0000][gc,heap       ] GC(1104) Old regions: 84->84
[2025-11-08T01:40:00.056+0000][gc,heap       ] GC(1104) Humongous regions: 147->147
[2025-11-08T01:40:00.056+0000][gc,metaspace  ] GC(1104) Metaspace: 53318K(56604K)->53318K(56604K) NonClass: 47415K(49232K)->47415K(49232K) Class: 5903K(7372K)->5903K(7372K)
[2025-11-08T01:40:00.056+0000][gc            ] GC(1104) Pause Young (Normal) (G1 Evacuation Pause) 332M->238M(684M) 17.884ms
[2025-11-08T01:40:00.056+0000][gc,cpu        ] GC(1104) User=0.03s Sys=0.00s Real=0.02s
[2025-11-08T01:40:19.633+0000][gc,start      ] GC(1105) Pause Young (Normal) (G1 Evacuation Pause)
[2025-11-08T01:40:19.633+0000][gc,task       ] GC(1105) Using 2 workers of 2 for evacuation
[2025-11-08T01:40:19.646+0000][gc,phases     ] GC(1105)   Pre Evacuate Collection Set: 0.0ms
[2025-11-08T01:40:19.646+0000][gc,phases     ] GC(1105)   Evacuate Collection Set: 11.3ms
[2025-11-08T01:40:19.647+0000][gc,phases     ] GC(1105)   Post Evacuate Collection Set: 0.7ms
[2025-11-08T01:40:19.647+0000][gc,phases     ] GC(1105)   Other: 1.6ms
[2025-11-08T01:40:19.647+0000][gc,heap       ] GC(1105) Eden regions: 95->0(100)
[2025-11-08T01:40:19.647+0000][gc,heap       ] GC(1105) Survivor regions: 8->6(13)
[2025-11-08T01:40:19.648+0000][gc,heap       ] GC(1105) Old regions: 84->85
[2025-11-08T01:40:19.648+0000][gc,heap       ] GC(1105) Humongous regions: 147->147
[2025-11-08T01:40:19.648+0000][gc,metaspace  ] GC(1105) Metaspace: 53318K(56604K)->53318K(56604K) NonClass: 47415K(49232K)->47415K(49232K) Class: 5903K(7372K)->5903K(7372K)
[2025-11-08T01:40:19.648+0000][gc            ] GC(1105) Pause Young (Normal) (G1 Evacuation Pause) 333M->237M(684M) 15.782ms
[2025-11-08T01:40:19.649+0000][gc,cpu        ] GC(1105) User=0.03s Sys=0.00s Real=0.02s
[2025-11-08T01:40:40.101+0000][gc,start      ] GC(1106) Pause Young (Normal) (G1 Evacuation Pause)
[2025-11-08T01:40:40.102+0000][gc,task       ] GC(1106) Using 2 workers of 2 for evacuation
[2025-11-08T01:40:40.120+0000][gc,phases     ] GC(1106)   Pre Evacuate Collection Set: 0.0ms
[2025-11-08T01:40:40.120+0000][gc,phases     ] GC(1106)   Evacuate Collection Set: 16.7ms
[2025-11-08T01:40:40.121+0000][gc,phases     ] GC(1106)   Post Evacuate Collection Set: 0.9ms
[2025-11-08T01:40:40.121+0000][gc,phases     ] GC(1106)   Other: 1.4ms
[2025-11-08T01:40:40.121+0000][gc,heap       ] GC(1106) Eden regions: 98->0(99)
[2025-11-08T01:40:40.122+0000][gc,heap       ] GC(1106) Survivor regions: 6->8(13)
[2025-11-08T01:40:40.122+0000][gc,heap       ] GC(1106) Old regions: 85->85
[2025-11-08T01:40:40.122+0000][gc,heap       ] GC(1106) Humongous regions: 147->147
[2025-11-08T01:40:40.122+0000][gc,metaspace  ] GC(1106) Metaspace: 53318K(56604K)->53318K(56604K) NonClass: 47415K(49232K)->47415K(49232K) Class: 5903K(7372K)->5903K(7372K)
[2025-11-08T01:40:40.123+0000][gc            ] GC(1106) Pause Young (Normal) (G1 Evacuation Pause) 335M->239M(684M) 21.451ms
[2025-11-08T01:40:40.123+0000][gc,cpu        ] GC(1106) User=0.03s Sys=0.00s Real=0.02s
[2025-11-08T01:41:00.929+0000][gc,start      ] GC(1107) Pause Young (Normal) (G1 Evacuation Pause)
[2025-11-08T01:41:00.929+0000][gc,task       ] GC(1107) Using 2 workers of 2 for evacuation
[2025-11-08T01:41:00.943+0000][gc,phases     ] GC(1107)   Pre Evacuate Collection Set: 0.0ms
[2025-11-08T01:41:00.943+0000][gc,phases     ] GC(1107)   Evacuate Collection Set: 12.8ms
[2025-11-08T01:41:00.944+0000][gc,phases     ] GC(1107)   Post Evacuate Collection Set: 0.7ms
[2025-11-08T01:41:00.944+0000][gc,phases     ] GC(1107)   Other: 0.9ms
[2025-11-08T01:41:00.945+0000][gc,heap       ] GC(1107) Eden regions: 97->0(101)
[2025-11-08T01:41:00.945+0000][gc,heap       ] GC(1107) Survivor regions: 8->7(14)
[2025-11-08T01:41:00.945+0000][gc,heap       ] GC(1107) Old regions: 85->86
[2025-11-08T01:41:00.946+0000][gc,heap       ] GC(1107) Humongous regions: 147->147
[2025-11-08T01:41:00.946+0000][gc,metaspace  ] GC(1107) Metaspace: 53318K(56604K)->53318K(56604K) NonClass: 47415K(49232K)->47415K(49232K) Class: 5903K(7372K)->5903K(7372K)
[2025-11-08T01:41:00.946+0000][gc            ] GC(1107) Pause Young (Normal) (G1 Evacuation Pause) 336M->239M(684M) 17.370ms
[2025-11-08T01:41:00.946+0000][gc,cpu        ] GC(1107) User=0.03s Sys=0.00s Real=0.02s
[2025-11-08T01:41:21.275+0000][gc,start      ] GC(1108) Pause Young (Normal) (G1 Evacuation Pause)
[2025-11-08T01:41:21.275+0000][gc,task       ] GC(1108) Using 2 workers of 2 for evacuation
[2025-11-08T01:41:21.290+0000][gc,phases     ] GC(1108)   Pre Evacuate Collection Set: 0.0ms
[2025-11-08T01:41:21.290+0000][gc,phases     ] GC(1108)   Evacuate Collection Set: 13.6ms
[2025-11-08T01:41:21.291+0000][gc,phases     ] GC(1108)   Post Evacuate Collection Set: 0.8ms
[2025-11-08T01:41:21.291+0000][gc,phases     ] GC(1108)   Other: 0.7ms
[2025-11-08T01:41:21.291+0000][gc,heap       ] GC(1108) Eden regions: 98->0(103)
[2025-11-08T01:41:21.291+0000][gc,heap       ] GC(1108) Survivor regions: 7->9(14)
[2025-11-08T01:41:21.292+0000][gc,heap       ] GC(1108) Old regions: 86->86
[2025-11-08T01:41:21.292+0000][gc,heap       ] GC(1108) Humongous regions: 147->147
[2025-11-08T01:41:21.292+0000][gc,metaspace  ] GC(1108) Metaspace: 53318K(56604K)->53318K(56604K) NonClass: 47415K(49232K)->47415K(49232K) Class: 5903K(7372K)->5903K(7372K)
[2025-11-08T01:41:21.293+0000][gc            ] GC(1108) Pause Young (Normal) (G1 Evacuation Pause) 337M->240M(684M) 17.616ms
[2025-11-08T01:41:21.293+0000][gc,cpu        ] GC(1108) User=0.02s Sys=0.00s Real=0.01s
[2025-11-08T01:41:43.316+0000][gc,start      ] GC(1109) Pause Young (Normal) (G1 Evacuation Pause)
[2025-11-08T01:41:43.317+0000][gc,task       ] GC(1109) Using 2 workers of 2 for evacuation
[2025-11-08T01:41:43.332+0000][gc,phases     ] GC(1109)   Pre Evacuate Collection Set: 0.0ms
[2025-11-08T01:41:43.332+0000][gc,phases     ] GC(1109)   Evacuate Collection Set: 14.1ms
[2025-11-08T01:41:43.332+0000][gc,phases     ] GC(1109)   Post Evacuate Collection Set: 0.7ms
[2025-11-08T01:41:43.332+0000][gc,phases     ] GC(1109)   Other: 0.9ms
[2025-11-08T01:41:43.333+0000][gc,heap       ] GC(1109) Eden regions: 103->0(105)
[2025-11-08T01:41:43.333+0000][gc,heap       ] GC(1109) Survivor regions: 9->8(14)
[2025-11-08T01:41:43.333+0000][gc,heap       ] GC(1109) Old regions: 86->87
[2025-11-08T01:41:43.333+0000][gc,heap       ] GC(1109) Humongous regions: 147->147
[2025-11-08T01:41:43.333+0000][gc,metaspace  ] GC(1109) Metaspace: 53318K(56604K)->53318K(56604K) NonClass: 47415K(49232K)->47415K(49232K) Class: 5903K(7372K)->5903K(7372K)
[2025-11-08T01:41:43.333+0000][gc            ] GC(1109) Pause Young (Normal) (G1 Evacuation Pause) 343M->240M(684M) 17.448ms
[2025-11-08T01:41:43.334+0000][gc,cpu        ] GC(1109) User=0.03s Sys=0.00s Real=0.01s
[2025-11-08T01:42:05.792+0000][gc,start      ] GC(1110) Pause Young (Normal) (G1 Evacuation Pause)
[2025-11-08T01:42:05.792+0000][gc,task       ] GC(1110) Using 2 workers of 2 for evacuation
[2025-11-08T01:42:05.809+0000][gc,phases     ] GC(1110)   Pre Evacuate Collection Set: 0.0ms
[2025-11-08T01:42:05.809+0000][gc,phases     ] GC(1110)   Evacuate Collection Set: 14.6ms
[2025-11-08T01:42:05.809+0000][gc,phases     ] GC(1110)   Post Evacuate Collection Set: 0.8ms
[2025-11-08T01:42:05.809+0000][gc,phases     ] GC(1110)   Other: 1.6ms
[2025-11-08T01:42:05.810+0000][gc,heap       ] GC(1110) Eden regions: 105->0(106)
[2025-11-08T01:42:05.810+0000][gc,heap       ] GC(1110) Survivor regions: 8->8(15)
[2025-11-08T01:42:05.810+0000][gc,heap       ] GC(1110) Old regions: 87->87
[2025-11-08T01:42:05.810+0000][gc,heap       ] GC(1110) Humongous regions: 147->147
[2025-11-08T01:42:05.811+0000][gc,metaspace  ] GC(1110) Metaspace: 53318K(56604K)->53318K(56604K) NonClass: 47415K(49232K)->47415K(49232K) Class: 5903K(7372K)->5903K(7372K)
[2025-11-08T01:42:05.811+0000][gc            ] GC(1110) Pause Young (Normal) (G1 Evacuation Pause) 345M->241M(684M) 19.106ms
[2025-11-08T01:42:05.811+0000][gc,cpu        ] GC(1110) User=0.03s Sys=0.00s Real=0.02s
[2025-11-08T01:42:27.531+0000][gc,start      ] GC(1111) Pause Young (Normal) (G1 Evacuation Pause)
[2025-11-08T01:42:27.531+0000][gc,task       ] GC(1111) Using 2 workers of 2 for evacuation
[2025-11-08T01:42:27.548+0000][gc,phases     ] GC(1111)   Pre Evacuate Collection Set: 0.0ms
[2025-11-08T01:42:27.548+0000][gc,phases     ] GC(1111)   Evacuate Collection Set: 15.5ms
[2025-11-08T01:42:27.548+0000][gc,phases     ] GC(1111)   Post Evacuate Collection Set: 0.7ms
[2025-11-08T01:42:27.549+0000][gc,phases     ] GC(1111)   Other: 0.7ms
[2025-11-08T01:42:27.549+0000][gc,heap       ] GC(1111) Eden regions: 102->0(106)
[2025-11-08T01:42:27.549+0000][gc,heap       ] GC(1111) Survivor regions: 8->8(14)
[2025-11-08T01:42:27.549+0000][gc,heap       ] GC(1111) Old regions: 87->88
[2025-11-08T01:42:27.549+0000][gc,heap       ] GC(1111) Humongous regions: 147->147
[2025-11-08T01:42:27.549+0000][gc,metaspace  ] GC(1111) Metaspace: 53318K(56604K)->53318K(56604K) NonClass: 47415K(49232K)->47415K(49232K) Class: 5903K(7372K)->5903K(7372K)
[2025-11-08T01:42:27.549+0000][gc            ] GC(1111) Pause Young (Normal) (G1 Evacuation Pause) 343M->241M(684M) 18.465ms
[2025-11-08T01:42:27.550+0000][gc,cpu        ] GC(1111) User=0.03s Sys=0.00s Real=0.02s
[2025-11-08T01:42:49.424+0000][gc,start      ] GC(1112) Pause Young (Normal) (G1 Evacuation Pause)
[2025-11-08T01:42:49.424+0000][gc,task       ] GC(1112) Using 2 workers of 2 for evacuation
[2025-11-08T01:42:49.440+0000][gc,phases     ] GC(1112)   Pre Evacuate Collection Set: 0.0ms
[2025-11-08T01:42:49.440+0000][gc,phases     ] GC(1112)   Evacuate Collection Set: 14.6ms
[2025-11-08T01:42:49.440+0000][gc,phases     ] GC(1112)   Post Evacuate Collection Set: 0.8ms
[2025-11-08T01:42:49.441+0000][gc,phases     ] GC(1112)   Other: 0.6ms
[2025-11-08T01:42:49.441+0000][gc,heap       ] GC(1112) Eden regions: 103->0(107)
[2025-11-08T01:42:49.441+0000][gc,heap       ] GC(1112) Survivor regions: 8->8(14)
[2025-11-08T01:42:49.441+0000][gc,heap       ] GC(1112) Old regions: 88->88
[2025-11-08T01:42:49.442+0000][gc,heap       ] GC(1112) Humongous regions: 147->147
[2025-11-08T01:42:49.442+0000][gc,metaspace  ] GC(1112) Metaspace: 53318K(56604K)->53318K(56604K) NonClass: 47415K(49232K)->47415K(49232K) Class: 5903K(7372K)->5903K(7372K)
[2025-11-08T01:42:49.443+0000][gc            ] GC(1112) Pause Young (Normal) (G1 Evacuation Pause) 344M->241M(684M) 18.974ms
[2025-11-08T01:42:49.443+0000][gc,cpu        ] GC(1112) User=0.03s Sys=0.00s Real=0.02s
[2025-11-08T01:43:11.116+0000][gc,start      ] GC(1113) Pause Young (Normal) (G1 Evacuation Pause)
[2025-11-08T01:43:11.116+0000][gc,task       ] GC(1113) Using 2 workers of 2 for evacuation
[2025-11-08T01:43:11.132+0000][gc,phases     ] GC(1113)   Pre Evacuate Collection Set: 0.0ms
[2025-11-08T01:43:11.132+0000][gc,phases     ] GC(1113)   Evacuate Collection Set: 14.4ms
[2025-11-08T01:43:11.133+0000][gc,phases     ] GC(1113)   Post Evacuate Collection Set: 0.7ms
[2025-11-08T01:43:11.133+0000][gc,phases     ] GC(1113)   Other: 1.0ms
[2025-11-08T01:43:11.133+0000][gc,heap       ] GC(1113) Eden regions: 104->0(109)
[2025-11-08T01:43:11.133+0000][gc,heap       ] GC(1113) Survivor regions: 8->8(14)
[2025-11-08T01:43:11.133+0000][gc,heap       ] GC(1113) Old regions: 88->88
[2025-11-08T01:43:11.134+0000][gc,heap       ] GC(1113) Humongous regions: 147->147
[2025-11-08T01:43:11.134+0000][gc,metaspace  ] GC(1113) Metaspace: 53318K(56604K)->53318K(56604K) NonClass: 47415K(49232K)->47415K(49232K) Class: 5903K(7372K)->5903K(7372K)
[2025-11-08T01:43:11.134+0000][gc            ] GC(1113) Pause Young (Normal) (G1 Evacuation Pause) 345M->242M(684M) 18.038ms
[2025-11-08T01:43:11.134+0000][gc,cpu        ] GC(1113) User=0.03s Sys=0.00s Real=0.02s
[2025-11-08T01:43:33.563+0000][gc,start      ] GC(1114) Pause Young (Normal) (G1 Evacuation Pause)
[2025-11-08T01:43:33.565+0000][gc,task       ] GC(1114) Using 2 workers of 2 for evacuation
[2025-11-08T01:43:33.593+0000][gc,mmu        ] GC(1114) MMU target violated: 21.0ms (20.0ms/21.0ms)
[2025-11-08T01:43:33.594+0000][gc,phases     ] GC(1114)   Pre Evacuate Collection Set: 0.0ms
[2025-11-08T01:43:33.594+0000][gc,phases     ] GC(1114)   Evacuate Collection Set: 25.8ms
[2025-11-08T01:43:33.594+0000][gc,phases     ] GC(1114)   Post Evacuate Collection Set: 1.9ms
[2025-11-08T01:43:33.594+0000][gc,phases     ] GC(1114)   Other: 2.8ms
[2025-11-08T01:43:33.595+0000][gc,heap       ] GC(1114) Eden regions: 104->0(99)
[2025-11-08T01:43:33.595+0000][gc,heap       ] GC(1114) Survivor regions: 8->10(14)
[2025-11-08T01:43:33.595+0000][gc,heap       ] GC(1114) Old regions: 88->89
[2025-11-08T01:43:33.595+0000][gc,heap       ] GC(1114) Humongous regions: 147->147
[2025-11-08T01:43:33.595+0000][gc,metaspace  ] GC(1114) Metaspace: 53318K(56604K)->53318K(56604K) NonClass: 47415K(49232K)->47415K(49232K) Class: 5903K(7372K)->5903K(7372K)
[2025-11-08T01:43:33.596+0000][gc            ] GC(1114) Pause Young (Normal) (G1 Evacuation Pause) 346M->244M(684M) 32.896ms
[2025-11-08T01:43:33.596+0000][gc,cpu        ] GC(1114) User=0.05s Sys=0.00s Real=0.03s
[2025-11-08T01:43:38.706+0000][gc,start      ] GC(1115) Pause Young (Normal) (G1 Evacuation Pause)
[2025-11-08T01:43:38.706+0000][gc,task       ] GC(1115) Using 2 workers of 2 for evacuation
[2025-11-08T01:43:38.725+0000][gc,phases     ] GC(1115)   Pre Evacuate Collection Set: 0.0ms
[2025-11-08T01:43:38.726+0000][gc,phases     ] GC(1115)   Evacuate Collection Set: 16.8ms
[2025-11-08T01:43:38.729+0000][gc,phases     ] GC(1115)   Post Evacuate Collection Set: 0.6ms
[2025-11-08T01:43:38.729+0000][gc,phases     ] GC(1115)   Other: 1.2ms
[2025-11-08T01:43:38.729+0000][gc,heap       ] GC(1115) Eden regions: 24->0(111)
[2025-11-08T01:43:38.730+0000][gc,heap       ] GC(1115) Survivor regions: 10->2(5)
[2025-11-08T01:43:38.730+0000][gc,heap       ] GC(1115) Old regions: 89->96
[2025-11-08T01:43:38.730+0000][gc,heap       ] GC(1115) Humongous regions: 147->147
[2025-11-08T01:43:38.730+0000][gc,metaspace  ] GC(1115) Metaspace: 53318K(56604K)->53318K(56604K) NonClass: 47415K(49232K)->47415K(49232K) Class: 5903K(7372K)->5903K(7372K)
[2025-11-08T01:43:38.731+0000][gc            ] GC(1115) Pause Young (Normal) (G1 Evacuation Pause) 268M->243M(684M) 24.716ms
[2025-11-08T01:43:38.731+0000][gc,cpu        ] GC(1115) User=0.03s Sys=0.00s Real=0.03s
[2025-11-08T01:44:02.623+0000][gc,start      ] GC(1116) Pause Young (Normal) (G1 Evacuation Pause)
[2025-11-08T01:44:02.623+0000][gc,task       ] GC(1116) Using 2 workers of 2 for evacuation
[2025-11-08T01:44:02.630+0000][gc,phases     ] GC(1116)   Pre Evacuate Collection Set: 0.0ms
[2025-11-08T01:44:02.631+0000][gc,phases     ] GC(1116)   Evacuate Collection Set: 6.5ms
[2025-11-08T01:44:02.631+0000][gc,phases     ] GC(1116)   Post Evacuate Collection Set: 0.6ms
[2025-11-08T01:44:02.631+0000][gc,phases     ] GC(1116)   Other: 0.5ms
[2025-11-08T01:44:02.631+0000][gc,heap       ] GC(1116) Eden regions: 111->0(114)
[2025-11-08T01:44:02.631+0000][gc,heap       ] GC(1116) Survivor regions: 2->3(15)
[2025-11-08T01:44:02.631+0000][gc,heap       ] GC(1116) Old regions: 96->96
[2025-11-08T01:44:02.631+0000][gc,heap       ] GC(1116) Humongous regions: 147->147
[2025-11-08T01:44:02.631+0000][gc,metaspace  ] GC(1116) Metaspace: 53318K(56604K)->53318K(56604K) NonClass: 47415K(49232K)->47415K(49232K) Class: 5903K(7372K)->5903K(7372K)
[2025-11-08T01:44:02.632+0000][gc            ] GC(1116) Pause Young (Normal) (G1 Evacuation Pause) 354M->244M(684M) 8.806ms
[2025-11-08T01:44:02.632+0000][gc,cpu        ] GC(1116) User=0.02s Sys=0.00s Real=0.01s
[2025-11-08T01:44:26.338+0000][gc,start      ] GC(1117) Pause Young (Normal) (G1 Evacuation Pause)
[2025-11-08T01:44:26.339+0000][gc,task       ] GC(1117) Using 2 workers of 2 for evacuation
[2025-11-08T01:44:26.345+0000][gc,phases     ] GC(1117)   Pre Evacuate Collection Set: 0.0ms
[2025-11-08T01:44:26.345+0000][gc,phases     ] GC(1117)   Evacuate Collection Set: 5.6ms
[2025-11-08T01:44:26.345+0000][gc,phases     ] GC(1117)   Post Evacuate Collection Set: 0.4ms
[2025-11-08T01:44:26.346+0000][gc,phases     ] GC(1117)   Other: 0.5ms
[2025-11-08T01:44:26.346+0000][gc,heap       ] GC(1117) Eden regions: 114->0(117)
[2025-11-08T01:44:26.346+0000][gc,heap       ] GC(1117) Survivor regions: 3->3(15)
[2025-11-08T01:44:26.346+0000][gc,heap       ] GC(1117) Old regions: 96->96
[2025-11-08T01:44:26.346+0000][gc,heap       ] GC(1117) Humongous regions: 147->147
[2025-11-08T01:44:26.346+0000][gc,metaspace  ] GC(1117) Metaspace: 53318K(56604K)->53318K(56604K) NonClass: 47415K(49232K)->47415K(49232K) Class: 5903K(7372K)->5903K(7372K)
[2025-11-08T01:44:26.346+0000][gc            ] GC(1117) Pause Young (Normal) (G1 Evacuation Pause) 358M->244M(684M) 7.919ms
[2025-11-08T01:44:26.346+0000][gc,cpu        ] GC(1117) User=0.01s Sys=0.00s Real=0.01s
[2025-11-08T01:44:51.150+0000][gc,start      ] GC(1118) Pause Young (Normal) (G1 Evacuation Pause)
[2025-11-08T01:44:51.150+0000][gc,task       ] GC(1118) Using 2 workers of 2 for evacuation
[2025-11-08T01:44:51.160+0000][gc,phases     ] GC(1118)   Pre Evacuate Collection Set: 0.0ms
[2025-11-08T01:44:51.160+0000][gc,phases     ] GC(1118)   Evacuate Collection Set: 8.6ms
[2025-11-08T01:44:51.161+0000][gc,phases     ] GC(1118)   Post Evacuate Collection Set: 0.7ms
[2025-11-08T01:44:51.161+0000][gc,phases     ] GC(1118)   Other: 0.9ms
[2025-11-08T01:44:51.161+0000][gc,heap       ] GC(1118) Eden regions: 117->0(135)
[2025-11-08T01:44:51.162+0000][gc,heap       ] GC(1118) Survivor regions: 3->5(15)
[2025-11-08T01:44:51.162+0000][gc,heap       ] GC(1118) Old regions: 96->96
[2025-11-08T01:44:51.162+0000][gc,heap       ] GC(1118) Humongous regions: 147->147
[2025-11-08T01:44:51.162+0000][gc,metaspace  ] GC(1118) Metaspace: 53318K(56604K)->53318K(56604K) NonClass: 47415K(49232K)->47415K(49232K) Class: 5903K(7372K)->5903K(7372K)
[2025-11-08T01:44:51.163+0000][gc            ] GC(1118) Pause Young (Normal) (G1 Evacuation Pause) 361M->246M(684M) 12.677ms
[2025-11-08T01:44:51.163+0000][gc,cpu        ] GC(1118) User=0.02s Sys=0.00s Real=0.01s
[2025-11-08T01:45:19.384+0000][gc,start      ] GC(1119) Pause Young (Normal) (G1 Evacuation Pause)
[2025-11-08T01:45:19.384+0000][gc,task       ] GC(1119) Using 2 workers of 2 for evacuation
[2025-11-08T01:45:19.395+0000][gc,phases     ] GC(1119)   Pre Evacuate Collection Set: 0.0ms
[2025-11-08T01:45:19.395+0000][gc,phases     ] GC(1119)   Evacuate Collection Set: 9.2ms
[2025-11-08T01:45:19.396+0000][gc,phases     ] GC(1119)   Post Evacuate Collection Set: 0.9ms
[2025-11-08T01:45:19.396+0000][gc,phases     ] GC(1119)   Other: 0.9ms
[2025-11-08T01:45:19.396+0000][gc,heap       ] GC(1119) Eden regions: 135->0(357)
[2025-11-08T01:45:19.396+0000][gc,heap       ] GC(1119) Survivor regions: 5->5(18)
[2025-11-08T01:45:19.397+0000][gc,heap       ] GC(1119) Old regions: 96->96
[2025-11-08T01:45:19.397+0000][gc,heap       ] GC(1119) Humongous regions: 147->147
[2025-11-08T01:45:19.397+0000][gc,metaspace  ] GC(1119) Metaspace: 53318K(56604K)->53318K(56604K) NonClass: 47415K(49232K)->47415K(49232K) Class: 5903K(7372K)->5903K(7372K)
[2025-11-08T01:45:19.398+0000][gc            ] GC(1119) Pause Young (Normal) (G1 Evacuation Pause) 381M->246M(684M) 13.652ms
[2025-11-08T01:45:19.398+0000][gc,cpu        ] GC(1119) User=0.02s Sys=0.00s Real=0.01s
[2025-11-08T01:46:35.785+0000][gc,start      ] GC(1120) Pause Young (Normal) (G1 Evacuation Pause)
[2025-11-08T01:46:35.786+0000][gc,task       ] GC(1120) Using 2 workers of 2 for evacuation
[2025-11-08T01:46:35.807+0000][gc,mmu        ] GC(1120) MMU target violated: 20.6ms (20.0ms/21.0ms)
[2025-11-08T01:46:35.808+0000][gc,phases     ] GC(1120)   Pre Evacuate Collection Set: 0.0ms
[2025-11-08T01:46:35.808+0000][gc,phases     ] GC(1120)   Evacuate Collection Set: 17.5ms
[2025-11-08T01:46:35.809+0000][gc,phases     ] GC(1120)   Post Evacuate Collection Set: 1.3ms
[2025-11-08T01:46:35.809+0000][gc,phases     ] GC(1120)   Other: 3.9ms
[2025-11-08T01:46:35.809+0000][gc,heap       ] GC(1120) Eden regions: 357->0(264)
[2025-11-08T01:46:35.810+0000][gc,heap       ] GC(1120) Survivor regions: 5->7(46)
[2025-11-08T01:46:35.810+0000][gc,heap       ] GC(1120) Old regions: 96->96
[2025-11-08T01:46:35.810+0000][gc,heap       ] GC(1120) Humongous regions: 147->147
[2025-11-08T01:46:35.810+0000][gc,metaspace  ] GC(1120) Metaspace: 53318K(56604K)->53318K(56604K) NonClass: 47415K(49232K)->47415K(49232K) Class: 5903K(7372K)->5903K(7372K)
[2025-11-08T01:46:35.811+0000][gc            ] GC(1120) Pause Young (Normal) (G1 Evacuation Pause) 603M->249M(684M) 25.359ms
[2025-11-08T01:46:35.811+0000][gc,cpu        ] GC(1120) User=0.04s Sys=0.00s Real=0.02s
[2025-11-08T01:47:16.012+0000][gc,start      ] GC(1121) Pause Young (Normal) (G1 Evacuation Pause)
[2025-11-08T01:47:16.013+0000][gc,task       ] GC(1121) Using 2 workers of 2 for evacuation
[2025-11-08T01:47:16.033+0000][gc,phases     ] GC(1121)   Pre Evacuate Collection Set: 0.0ms
[2025-11-08T01:47:16.033+0000][gc,phases     ] GC(1121)   Evacuate Collection Set: 18.4ms
[2025-11-08T01:47:16.033+0000][gc,phases     ] GC(1121)   Post Evacuate Collection Set: 1.2ms
[2025-11-08T01:47:16.033+0000][gc,phases     ] GC(1121)   Other: 0.8ms
[2025-11-08T01:47:16.034+0000][gc,heap       ] GC(1121) Eden regions: 158->0(159)
[2025-11-08T01:47:16.034+0000][gc,heap       ] GC(1121) Survivor regions: 7->10(21)
[2025-11-08T01:47:16.034+0000][gc,heap       ] GC(1121) Old regions: 96->96
[2025-11-08T01:47:16.034+0000][gc,heap       ] GC(1121) Humongous regions: 147->147
[2025-11-08T01:47:16.035+0000][gc,metaspace  ] GC(1121) Metaspace: 53324K(56604K)->53324K(56604K) NonClass: 47421K(49232K)->47421K(49232K) Class: 5903K(7372K)->5903K(7372K)
[2025-11-08T01:47:16.035+0000][gc            ] GC(1121) Pause Young (Normal) (G1 Evacuation Pause) 407M->251M(684M) 22.594ms
[2025-11-08T01:47:16.035+0000][gc,cpu        ] GC(1121) User=0.04s Sys=0.00s Real=0.02s
[2025-11-08T01:47:58.325+0000][gc,start      ] GC(1122) Pause Young (Normal) (G1 Evacuation Pause)
[2025-11-08T01:47:58.325+0000][gc,task       ] GC(1122) Using 2 workers of 2 for evacuation
[2025-11-08T01:47:58.344+0000][gc,phases     ] GC(1122)   Pre Evacuate Collection Set: 0.0ms
[2025-11-08T01:47:58.344+0000][gc,phases     ] GC(1122)   Evacuate Collection Set: 16.8ms
[2025-11-08T01:47:58.344+0000][gc,phases     ] GC(1122)   Post Evacuate Collection Set: 1.1ms
[2025-11-08T01:47:58.345+0000][gc,phases     ] GC(1122)   Other: 0.6ms
[2025-11-08T01:47:58.345+0000][gc,heap       ] GC(1122) Eden regions: 103->0(126)
[2025-11-08T01:47:58.345+0000][gc,heap       ] GC(1122) Survivor regions: 10->8(15)
[2025-11-08T01:47:58.345+0000][gc,heap       ] GC(1122) Old regions: 96->97
[2025-11-08T01:47:58.345+0000][gc,heap       ] GC(1122) Humongous regions: 147->147
[2025-11-08T01:47:58.346+0000][gc,metaspace  ] GC(1122) Metaspace: 53324K(56604K)->53324K(56604K) NonClass: 47421K(49232K)->47421K(49232K) Class: 5903K(7372K)->5903K(7372K)
[2025-11-08T01:47:58.346+0000][gc            ] GC(1122) Pause Young (Normal) (G1 Evacuation Pause) 354M->251M(684M) 20.966ms
[2025-11-08T01:47:58.346+0000][gc,cpu        ] GC(1122) User=0.04s Sys=0.00s Real=0.02s
[2025-11-08T01:48:49.179+0000][gc,start      ] GC(1123) Pause Young (Normal) (G1 Evacuation Pause)
[2025-11-08T01:48:49.180+0000][gc,task       ] GC(1123) Using 2 workers of 2 for evacuation
[2025-11-08T01:48:49.199+0000][gc,phases     ] GC(1123)   Pre Evacuate Collection Set: 0.1ms
[2025-11-08T01:48:49.199+0000][gc,phases     ] GC(1123)   Evacuate Collection Set: 17.7ms
[2025-11-08T01:48:49.200+0000][gc,phases     ] GC(1123)   Post Evacuate Collection Set: 1.1ms
[2025-11-08T01:48:49.200+0000][gc,phases     ] GC(1123)   Other: 1.0ms
[2025-11-08T01:48:49.200+0000][gc,heap       ] GC(1123) Eden regions: 126->0(110)
[2025-11-08T01:48:49.200+0000][gc,heap       ] GC(1123) Survivor regions: 8->9(17)
[2025-11-08T01:48:49.201+0000][gc,heap       ] GC(1123) Old regions: 97->97
[2025-11-08T01:48:49.201+0000][gc,heap       ] GC(1123) Humongous regions: 147->147
[2025-11-08T01:48:49.201+0000][gc,metaspace  ] GC(1123) Metaspace: 53324K(56604K)->53324K(56604K) NonClass: 47421K(49232K)->47421K(49232K) Class: 5903K(7372K)->5903K(7372K)
[2025-11-08T01:48:49.201+0000][gc            ] GC(1123) Pause Young (Normal) (G1 Evacuation Pause) 377M->252M(684M) 21.985ms
[2025-11-08T01:48:49.202+0000][gc,cpu        ] GC(1123) User=0.04s Sys=0.00s Real=0.02s
[2025-11-08T01:49:00.185+0000][gc,start      ] GC(1124) Pause Young (Normal) (G1 Evacuation Pause)
[2025-11-08T01:49:00.186+0000][gc,task       ] GC(1124) Using 2 workers of 2 for evacuation
[2025-11-08T01:49:00.204+0000][gc,phases     ] GC(1124)   Pre Evacuate Collection Set: 0.0ms
[2025-11-08T01:49:00.204+0000][gc,phases     ] GC(1124)   Evacuate Collection Set: 16.8ms
[2025-11-08T01:49:00.205+0000][gc,phases     ] GC(1124)   Post Evacuate Collection Set: 1.0ms
[2025-11-08T01:49:00.205+0000][gc,phases     ] GC(1124)   Other: 1.2ms
[2025-11-08T01:49:00.205+0000][gc,heap       ] GC(1124) Eden regions: 28->0(42)
[2025-11-08T01:49:00.205+0000][gc,heap       ] GC(1124) Survivor regions: 9->3(5)
[2025-11-08T01:49:00.206+0000][gc,heap       ] GC(1124) Old regions: 97->103
[2025-11-08T01:49:00.206+0000][gc,heap       ] GC(1124) Humongous regions: 147->147
[2025-11-08T01:49:00.206+0000][gc,metaspace  ] GC(1124) Metaspace: 53324K(56604K)->53324K(56604K) NonClass: 47421K(49232K)->47421K(49232K) Class: 5903K(7372K)->5903K(7372K)
[2025-11-08T01:49:00.207+0000][gc            ] GC(1124) Pause Young (Normal) (G1 Evacuation Pause) 280M->252M(684M) 21.904ms
[2025-11-08T01:49:00.208+0000][gc,cpu        ] GC(1124) User=0.04s Sys=0.00s Real=0.02s
[2025-11-08T01:49:16.682+0000][gc,start      ] GC(1125) Pause Young (Normal) (G1 Evacuation Pause)
[2025-11-08T01:49:16.683+0000][gc,task       ] GC(1125) Using 2 workers of 2 for evacuation
[2025-11-08T01:49:16.691+0000][gc,phases     ] GC(1125)   Pre Evacuate Collection Set: 0.0ms
[2025-11-08T01:49:16.691+0000][gc,phases     ] GC(1125)   Evacuate Collection Set: 7.1ms
[2025-11-08T01:49:16.691+0000][gc,phases     ] GC(1125)   Post Evacuate Collection Set: 0.7ms
[2025-11-08T01:49:16.692+0000][gc,phases     ] GC(1125)   Other: 0.6ms
[2025-11-08T01:49:16.692+0000][gc,heap       ] GC(1125) Eden regions: 42->0(48)
[2025-11-08T01:49:16.692+0000][gc,heap       ] GC(1125) Survivor regions: 3->4(6)
[2025-11-08T01:49:16.693+0000][gc,heap       ] GC(1125) Old regions: 103->103
[2025-11-08T01:49:16.693+0000][gc,heap       ] GC(1125) Humongous regions: 147->147
[2025-11-08T01:49:16.693+0000][gc,metaspace  ] GC(1125) Metaspace: 53324K(56604K)->53324K(56604K) NonClass: 47421K(49232K)->47421K(49232K) Class: 5903K(7372K)->5903K(7372K)
[2025-11-08T01:49:16.693+0000][gc            ] GC(1125) Pause Young (Normal) (G1 Evacuation Pause) 294M->253M(684M) 10.728ms
[2025-11-08T01:49:16.693+0000][gc,cpu        ] GC(1125) User=0.02s Sys=0.00s Real=0.02s
[2025-11-08T01:49:35.904+0000][gc,start      ] GC(1126) Pause Young (Normal) (G1 Evacuation Pause)
[2025-11-08T01:49:35.905+0000][gc,task       ] GC(1126) Using 2 workers of 2 for evacuation
[2025-11-08T01:49:35.919+0000][gc,phases     ] GC(1126)   Pre Evacuate Collection Set: 0.0ms
[2025-11-08T01:49:35.920+0000][gc,phases     ] GC(1126)   Evacuate Collection Set: 11.8ms
[2025-11-08T01:49:35.920+0000][gc,phases     ] GC(1126)   Post Evacuate Collection Set: 0.6ms
[2025-11-08T01:49:35.920+0000][gc,phases     ] GC(1126)   Other: 2.6ms
[2025-11-08T01:49:35.921+0000][gc,heap       ] GC(1126) Eden regions: 48->0(46)
[2025-11-08T01:49:35.921+0000][gc,heap       ] GC(1126) Survivor regions: 4->3(7)
[2025-11-08T01:49:35.922+0000][gc,heap       ] GC(1126) Old regions: 103->103
[2025-11-08T01:49:35.922+0000][gc,heap       ] GC(1126) Humongous regions: 147->147
[2025-11-08T01:49:35.922+0000][gc,metaspace  ] GC(1126) Metaspace: 53324K(56604K)->53324K(56604K) NonClass: 47421K(49232K)->47421K(49232K) Class: 5903K(7372K)->5903K(7372K)
[2025-11-08T01:49:35.922+0000][gc            ] GC(1126) Pause Young (Normal) (G1 Evacuation Pause) 301M->252M(684M) 18.102ms
[2025-11-08T01:49:35.923+0000][gc,cpu        ] GC(1126) User=0.02s Sys=0.00s Real=0.01s
[2025-11-08T01:49:54.422+0000][gc,start      ] GC(1127) Pause Young (Normal) (G1 Evacuation Pause)
[2025-11-08T01:49:54.423+0000][gc,task       ] GC(1127) Using 2 workers of 2 for evacuation
[2025-11-08T01:49:54.435+0000][gc,phases     ] GC(1127)   Pre Evacuate Collection Set: 0.0ms
[2025-11-08T01:49:54.435+0000][gc,phases     ] GC(1127)   Evacuate Collection Set: 10.4ms
[2025-11-08T01:49:54.436+0000][gc,phases     ] GC(1127)   Post Evacuate Collection Set: 1.4ms
[2025-11-08T01:49:54.436+0000][gc,phases     ] GC(1127)   Other: 1.6ms
[2025-11-08T01:49:54.436+0000][gc,heap       ] GC(1127) Eden regions: 46->0(48)
[2025-11-08T01:49:54.437+0000][gc,heap       ] GC(1127) Survivor regions: 3->5(7)
[2025-11-08T01:49:54.437+0000][gc,heap       ] GC(1127) Old regions: 103->103
[2025-11-08T01:49:54.438+0000][gc,heap       ] GC(1127) Humongous regions: 147->147
[2025-11-08T01:49:54.438+0000][gc,metaspace  ] GC(1127) Metaspace: 53324K(56604K)->53324K(56604K) NonClass: 47421K(49232K)->47421K(49232K) Class: 5903K(7372K)->5903K(7372K)
[2025-11-08T01:49:54.438+0000][gc            ] GC(1127) Pause Young (Normal) (G1 Evacuation Pause) 298M->254M(684M) 16.790ms
[2025-11-08T01:49:54.439+0000][gc,cpu        ] GC(1127) User=0.02s Sys=0.00s Real=0.02s
[2025-11-08T01:50:13.394+0000][gc,start      ] GC(1128) Pause Young (Normal) (G1 Evacuation Pause)
[2025-11-08T01:50:13.394+0000][gc,task       ] GC(1128) Using 2 workers of 2 for evacuation
[2025-11-08T01:50:13.405+0000][gc,phases     ] GC(1128)   Pre Evacuate Collection Set: 0.0ms
[2025-11-08T01:50:13.405+0000][gc,phases     ] GC(1128)   Evacuate Collection Set: 9.0ms
[2025-11-08T01:50:13.405+0000][gc,phases     ] GC(1128)   Post Evacuate Collection Set: 0.7ms
[2025-11-08T01:50:13.405+0000][gc,phases     ] GC(1128)   Other: 1.1ms
[2025-11-08T01:50:13.406+0000][gc,heap       ] GC(1128) Eden regions: 48->0(53)
[2025-11-08T01:50:13.406+0000][gc,heap       ] GC(1128) Survivor regions: 5->3(7)
[2025-11-08T01:50:13.406+0000][gc,heap       ] GC(1128) Old regions: 103->104
[2025-11-08T01:50:13.406+0000][gc,heap       ] GC(1128) Humongous regions: 147->147
[2025-11-08T01:50:13.406+0000][gc,metaspace  ] GC(1128) Metaspace: 53324K(56604K)->53324K(56604K) NonClass: 47421K(49232K)->47421K(49232K) Class: 5903K(7372K)->5903K(7372K)
[2025-11-08T01:50:13.407+0000][gc            ] GC(1128) Pause Young (Normal) (G1 Evacuation Pause) 302M->253M(684M) 12.898ms
[2025-11-08T01:50:13.407+0000][gc,cpu        ] GC(1128) User=0.02s Sys=0.00s Real=0.01s
[2025-11-08T01:50:34.301+0000][gc,start      ] GC(1129) Pause Young (Normal) (G1 Evacuation Pause)
[2025-11-08T01:50:34.301+0000][gc,task       ] GC(1129) Using 2 workers of 2 for evacuation
[2025-11-08T01:50:34.315+0000][gc,phases     ] GC(1129)   Pre Evacuate Collection Set: 0.0ms
[2025-11-08T01:50:34.316+0000][gc,phases     ] GC(1129)   Evacuate Collection Set: 11.8ms
[2025-11-08T01:50:34.316+0000][gc,phases     ] GC(1129)   Post Evacuate Collection Set: 1.0ms
[2025-11-08T01:50:34.316+0000][gc,phases     ] GC(1129)   Other: 1.3ms
[2025-11-08T01:50:34.316+0000][gc,heap       ] GC(1129) Eden regions: 53->0(53)
[2025-11-08T01:50:34.317+0000][gc,heap       ] GC(1129) Survivor regions: 3->4(7)
[2025-11-08T01:50:34.317+0000][gc,heap       ] GC(1129) Old regions: 104->104
[2025-11-08T01:50:34.317+0000][gc,heap       ] GC(1129) Humongous regions: 147->147
[2025-11-08T01:50:34.318+0000][gc,metaspace  ] GC(1129) Metaspace: 53324K(56604K)->53324K(56604K) NonClass: 47421K(49232K)->47421K(49232K) Class: 5903K(7372K)->5903K(7372K)
[2025-11-08T01:50:34.318+0000][gc            ] GC(1129) Pause Young (Normal) (G1 Evacuation Pause) 306M->254M(684M) 16.939ms
[2025-11-08T01:50:34.318+0000][gc,cpu        ] GC(1129) User=0.03s Sys=0.00s Real=0.02s
[2025-11-08T01:50:55.584+0000][gc,start      ] GC(1130) Pause Young (Normal) (G1 Evacuation Pause)
[2025-11-08T01:50:55.585+0000][gc,task       ] GC(1130) Using 2 workers of 2 for evacuation
[2025-11-08T01:50:55.594+0000][gc,phases     ] GC(1130)   Pre Evacuate Collection Set: 0.0ms
[2025-11-08T01:50:55.594+0000][gc,phases     ] GC(1130)   Evacuate Collection Set: 8.6ms
[2025-11-08T01:50:55.595+0000][gc,phases     ] GC(1130)   Post Evacuate Collection Set: 0.6ms
[2025-11-08T01:50:55.595+0000][gc,phases     ] GC(1130)   Other: 0.6ms
[2025-11-08T01:50:55.595+0000][gc,heap       ] GC(1130) Eden regions: 53->0(56)
[2025-11-08T01:50:55.595+0000][gc,heap       ] GC(1130) Survivor regions: 4->4(8)
[2025-11-08T01:50:55.595+0000][gc,heap       ] GC(1130) Old regions: 104->104
[2025-11-08T01:50:55.596+0000][gc,heap       ] GC(1130) Humongous regions: 147->147
[2025-11-08T01:50:55.596+0000][gc,metaspace  ] GC(1130) Metaspace: 53324K(56604K)->53324K(56604K) NonClass: 47421K(49232K)->47421K(49232K) Class: 5903K(7372K)->5903K(7372K)
[2025-11-08T01:50:55.596+0000][gc            ] GC(1130) Pause Young (Normal) (G1 Evacuation Pause) 307M->254M(684M) 11.372ms
[2025-11-08T01:50:55.596+0000][gc,cpu        ] GC(1130) User=0.02s Sys=0.00s Real=0.01s
[2025-11-08T01:51:17.855+0000][gc,start      ] GC(1131) Pause Young (Normal) (G1 Evacuation Pause)
[2025-11-08T01:51:17.855+0000][gc,task       ] GC(1131) Using 2 workers of 2 for evacuation
[2025-11-08T01:51:17.866+0000][gc,phases     ] GC(1131)   Pre Evacuate Collection Set: 0.0ms
[2025-11-08T01:51:17.867+0000][gc,phases     ] GC(1131)   Evacuate Collection Set: 9.4ms
[2025-11-08T01:51:17.867+0000][gc,phases     ] GC(1131)   Post Evacuate Collection Set: 1.1ms
[2025-11-08T01:51:17.867+0000][gc,phases     ] GC(1131)   Other: 0.7ms
[2025-11-08T01:51:17.867+0000][gc,heap       ] GC(1131) Eden regions: 56->0(58)
[2025-11-08T01:51:17.867+0000][gc,heap       ] GC(1131) Survivor regions: 4->5(8)
[2025-11-08T01:51:17.867+0000][gc,heap       ] GC(1131) Old regions: 104->104
[2025-11-08T01:51:17.868+0000][gc,heap       ] GC(1131) Humongous regions: 147->147
[2025-11-08T01:51:17.868+0000][gc,metaspace  ] GC(1131) Metaspace: 53330K(56604K)->53330K(56604K) NonClass: 47427K(49232K)->47427K(49232K) Class: 5903K(7372K)->5903K(7372K)
[2025-11-08T01:51:17.868+0000][gc            ] GC(1131) Pause Young (Normal) (G1 Evacuation Pause) 310M->255M(684M) 12.910ms
[2025-11-08T01:51:17.868+0000][gc,cpu        ] GC(1131) User=0.02s Sys=0.00s Real=0.01s
[2025-11-08T01:51:41.780+0000][gc,start      ] GC(1132) Pause Young (Normal) (G1 Evacuation Pause)
[2025-11-08T01:51:41.781+0000][gc,task       ] GC(1132) Using 2 workers of 2 for evacuation
[2025-11-08T01:51:41.798+0000][gc,phases     ] GC(1132)   Pre Evacuate Collection Set: 0.1ms
[2025-11-08T01:51:41.798+0000][gc,phases     ] GC(1132)   Evacuate Collection Set: 14.8ms
[2025-11-08T01:51:41.798+0000][gc,phases     ] GC(1132)   Post Evacuate Collection Set: 1.2ms
[2025-11-08T01:51:41.799+0000][gc,phases     ] GC(1132)   Other: 1.3ms
[2025-11-08T01:51:41.799+0000][gc,heap       ] GC(1132) Eden regions: 58->0(57)
[2025-11-08T01:51:41.799+0000][gc,heap       ] GC(1132) Survivor regions: 5->5(8)
[2025-11-08T01:51:41.799+0000][gc,heap       ] GC(1132) Old regions: 104->105
[2025-11-08T01:51:41.800+0000][gc,heap       ] GC(1132) Humongous regions: 147->147
[2025-11-08T01:51:41.800+0000][gc,metaspace  ] GC(1132) Metaspace: 53335K(56604K)->53335K(56604K) NonClass: 47432K(49232K)->47432K(49232K) Class: 5903K(7372K)->5903K(7372K)
[2025-11-08T01:51:41.800+0000][gc            ] GC(1132) Pause Young (Normal) (G1 Evacuation Pause) 313M->256M(684M) 19.815ms
[2025-11-08T01:51:41.800+0000][gc,cpu        ] GC(1132) User=0.03s Sys=0.00s Real=0.02s
[2025-11-08T01:52:04.467+0000][gc,start      ] GC(1133) Pause Young (Normal) (G1 Evacuation Pause)
[2025-11-08T01:52:04.467+0000][gc,task       ] GC(1133) Using 2 workers of 2 for evacuation
[2025-11-08T01:52:04.486+0000][gc,phases     ] GC(1133)   Pre Evacuate Collection Set: 0.0ms
[2025-11-08T01:52:04.487+0000][gc,phases     ] GC(1133)   Evacuate Collection Set: 17.2ms
[2025-11-08T01:52:04.487+0000][gc,phases     ] GC(1133)   Post Evacuate Collection Set: 1.1ms
[2025-11-08T01:52:04.487+0000][gc,phases     ] GC(1133)   Other: 1.3ms
[2025-11-08T01:52:04.488+0000][gc,heap       ] GC(1133) Eden regions: 56->0(57)
[2025-11-08T01:52:04.488+0000][gc,heap       ] GC(1133) Survivor regions: 5->5(8)
[2025-11-08T01:52:04.488+0000][gc,heap       ] GC(1133) Old regions: 105->106
[2025-11-08T01:52:04.489+0000][gc,heap       ] GC(1133) Humongous regions: 147->147
[2025-11-08T01:52:04.489+0000][gc,metaspace  ] GC(1133) Metaspace: 53335K(56604K)->53335K(56604K) NonClass: 47432K(49232K)->47432K(49232K) Class: 5903K(7372K)->5903K(7372K)
[2025-11-08T01:52:04.490+0000][gc            ] GC(1133) Pause Young (Normal) (G1 Evacuation Pause) 312M->257M(684M) 22.964ms
[2025-11-08T01:52:04.490+0000][gc,cpu        ] GC(1133) User=0.04s Sys=0.00s Real=0.02s
[2025-11-08T01:52:26.778+0000][gc,start      ] GC(1134) Pause Young (Normal) (G1 Evacuation Pause)
[2025-11-08T01:52:26.779+0000][gc,task       ] GC(1134) Using 2 workers of 2 for evacuation
[2025-11-08T01:52:26.799+0000][gc,phases     ] GC(1134)   Pre Evacuate Collection Set: 0.0ms
[2025-11-08T01:52:26.800+0000][gc,phases     ] GC(1134)   Evacuate Collection Set: 18.2ms
[2025-11-08T01:52:26.801+0000][gc,phases     ] GC(1134)   Post Evacuate Collection Set: 1.4ms
[2025-11-08T01:52:26.801+0000][gc,phases     ] GC(1134)   Other: 1.8ms
[2025-11-08T01:52:26.802+0000][gc,heap       ] GC(1134) Eden regions: 55->0(55)
[2025-11-08T01:52:26.802+0000][gc,heap       ] GC(1134) Survivor regions: 5->5(8)
[2025-11-08T01:52:26.803+0000][gc,heap       ] GC(1134) Old regions: 106->107
[2025-11-08T01:52:26.804+0000][gc,heap       ] GC(1134) Humongous regions: 147->147
[2025-11-08T01:52:26.804+0000][gc,metaspace  ] GC(1134) Metaspace: 53335K(56604K)->53335K(56604K) NonClass: 47432K(49232K)->47432K(49232K) Class: 5903K(7372K)->5903K(7372K)
[2025-11-08T01:52:26.804+0000][gc            ] GC(1134) Pause Young (Normal) (G1 Evacuation Pause) 312M->258M(684M) 26.334ms
[2025-11-08T01:52:26.805+0000][gc,cpu        ] GC(1134) User=0.04s Sys=0.00s Real=0.03s
[2025-11-08T01:52:47.832+0000][gc,start      ] GC(1135) Pause Young (Normal) (G1 Evacuation Pause)
[2025-11-08T01:52:47.832+0000][gc,task       ] GC(1135) Using 2 workers of 2 for evacuation
[2025-11-08T01:52:47.850+0000][gc,phases     ] GC(1135)   Pre Evacuate Collection Set: 0.1ms
[2025-11-08T01:52:47.850+0000][gc,phases     ] GC(1135)   Evacuate Collection Set: 15.0ms
[2025-11-08T01:52:47.850+0000][gc,phases     ] GC(1135)   Post Evacuate Collection Set: 1.5ms
[2025-11-08T01:52:47.852+0000][gc,phases     ] GC(1135)   Other: 1.4ms
[2025-11-08T01:52:47.852+0000][gc,heap       ] GC(1135) Eden regions: 50->0(54)
[2025-11-08T01:52:47.853+0000][gc,heap       ] GC(1135) Survivor regions: 5->4(7)
[2025-11-08T01:52:47.853+0000][gc,heap       ] GC(1135) Old regions: 107->108
[2025-11-08T01:52:47.853+0000][gc,heap       ] GC(1135) Humongous regions: 147->147
[2025-11-08T01:52:47.853+0000][gc,metaspace  ] GC(1135) Metaspace: 53335K(56604K)->53335K(56604K) NonClass: 47432K(49232K)->47432K(49232K) Class: 5903K(7372K)->5903K(7372K)
[2025-11-08T01:52:47.854+0000][gc            ] GC(1135) Pause Young (Normal) (G1 Evacuation Pause) 308M->258M(684M) 22.221ms
[2025-11-08T01:52:47.854+0000][gc,cpu        ] GC(1135) User=0.03s Sys=0.00s Real=0.02s
[2025-11-08T01:53:09.199+0000][gc,start      ] GC(1136) Pause Young (Normal) (G1 Evacuation Pause)
[2025-11-08T01:53:09.199+0000][gc,task       ] GC(1136) Using 2 workers of 2 for evacuation
[2025-11-08T01:53:09.211+0000][gc,phases     ] GC(1136)   Pre Evacuate Collection Set: 0.0ms
[2025-11-08T01:53:09.212+0000][gc,phases     ] GC(1136)   Evacuate Collection Set: 10.4ms
[2025-11-08T01:53:09.212+0000][gc,phases     ] GC(1136)   Post Evacuate Collection Set: 1.4ms
[2025-11-08T01:53:09.213+0000][gc,phases     ] GC(1136)   Other: 0.9ms
[2025-11-08T01:53:09.213+0000][gc,heap       ] GC(1136) Eden regions: 50->0(56)
[2025-11-08T01:53:09.213+0000][gc,heap       ] GC(1136) Survivor regions: 4->4(7)
[2025-11-08T01:53:09.213+0000][gc,heap       ] GC(1136) Old regions: 108->108
[2025-11-08T01:53:09.214+0000][gc,heap       ] GC(1136) Humongous regions: 147->147
[2025-11-08T01:53:09.214+0000][gc,metaspace  ] GC(1136) Metaspace: 53335K(56604K)->53335K(56604K) NonClass: 47432K(49232K)->47432K(49232K) Class: 5903K(7372K)->5903K(7372K)
[2025-11-08T01:53:09.214+0000][gc            ] GC(1136) Pause Young (Normal) (G1 Evacuation Pause) 308M->258M(684M) 15.450ms
[2025-11-08T01:53:09.214+0000][gc,cpu        ] GC(1136) User=0.03s Sys=0.00s Real=0.01s
[2025-11-08T01:53:30.707+0000][gc,start      ] GC(1137) Pause Young (Normal) (G1 Evacuation Pause)
[2025-11-08T01:53:30.707+0000][gc,task       ] GC(1137) Using 2 workers of 2 for evacuation
[2025-11-08T01:53:30.721+0000][gc,phases     ] GC(1137)   Pre Evacuate Collection Set: 0.0ms
[2025-11-08T01:53:30.722+0000][gc,phases     ] GC(1137)   Evacuate Collection Set: 12.3ms
[2025-11-08T01:53:30.723+0000][gc,phases     ] GC(1137)   Post Evacuate Collection Set: 1.0ms
[2025-11-08T01:53:30.726+0000][gc,phases     ] GC(1137)   Other: 1.0ms
[2025-11-08T01:53:30.727+0000][gc,heap       ] GC(1137) Eden regions: 53->0(56)
[2025-11-08T01:53:30.727+0000][gc,heap       ] GC(1137) Survivor regions: 4->4(8)
[2025-11-08T01:53:30.728+0000][gc,heap       ] GC(1137) Old regions: 108->108
[2025-11-08T01:53:30.728+0000][gc,heap       ] GC(1137) Humongous regions: 147->147
[2025-11-08T01:53:30.728+0000][gc,metaspace  ] GC(1137) Metaspace: 53335K(56604K)->53335K(56604K) NonClass: 47432K(49232K)->47432K(49232K) Class: 5903K(7372K)->5903K(7372K)
[2025-11-08T01:53:30.729+0000][gc            ] GC(1137) Pause Young (Normal) (G1 Evacuation Pause) 311M->258M(684M) 22.144ms
[2025-11-08T01:53:30.729+0000][gc,cpu        ] GC(1137) User=0.03s Sys=0.00s Real=0.02s
[2025-11-08T01:53:53.157+0000][gc,start      ] GC(1138) Pause Young (Normal) (G1 Evacuation Pause)
[2025-11-08T01:53:53.157+0000][gc,task       ] GC(1138) Using 2 workers of 2 for evacuation
[2025-11-08T01:53:53.172+0000][gc,phases     ] GC(1138)   Pre Evacuate Collection Set: 0.0ms
[2025-11-08T01:53:53.173+0000][gc,phases     ] GC(1138)   Evacuate Collection Set: 13.3ms
[2025-11-08T01:53:53.173+0000][gc,phases     ] GC(1138)   Post Evacuate Collection Set: 1.0ms
[2025-11-08T01:53:53.173+0000][gc,phases     ] GC(1138)   Other: 0.8ms
[2025-11-08T01:53:53.174+0000][gc,heap       ] GC(1138) Eden regions: 53->0(56)
[2025-11-08T01:53:53.174+0000][gc,heap       ] GC(1138) Survivor regions: 4->5(8)
[2025-11-08T01:53:53.175+0000][gc,heap       ] GC(1138) Old regions: 108->108
[2025-11-08T01:53:53.175+0000][gc,heap       ] GC(1138) Humongous regions: 147->147
[2025-11-08T01:53:53.176+0000][gc,metaspace  ] GC(1138) Metaspace: 53335K(56604K)->53335K(56604K) NonClass: 47432K(49232K)->47432K(49232K) Class: 5903K(7372K)->5903K(7372K)
[2025-11-08T01:53:53.177+0000][gc            ] GC(1138) Pause Young (Normal) (G1 Evacuation Pause) 311M->259M(684M) 20.528ms
[2025-11-08T01:53:53.178+0000][gc,cpu        ] GC(1138) User=0.03s Sys=0.00s Real=0.02s
[2025-11-08T01:54:15.609+0000][gc,start      ] GC(1139) Pause Young (Normal) (G1 Evacuation Pause)
[2025-11-08T01:54:15.610+0000][gc,task       ] GC(1139) Using 2 workers of 2 for evacuation
[2025-11-08T01:54:15.631+0000][gc,mmu        ] GC(1139) MMU target violated: 20.3ms (20.0ms/21.0ms)
[2025-11-08T01:54:15.631+0000][gc,phases     ] GC(1139)   Pre Evacuate Collection Set: 0.0ms
[2025-11-08T01:54:15.632+0000][gc,phases     ] GC(1139)   Evacuate Collection Set: 18.0ms
[2025-11-08T01:54:15.632+0000][gc,phases     ] GC(1139)   Post Evacuate Collection Set: 1.9ms
[2025-11-08T01:54:15.633+0000][gc,phases     ] GC(1139)   Other: 2.2ms
[2025-11-08T01:54:15.633+0000][gc,heap       ] GC(1139) Eden regions: 54->0(55)
[2025-11-08T01:54:15.633+0000][gc,heap       ] GC(1139) Survivor regions: 5->5(8)
[2025-11-08T01:54:15.634+0000][gc,heap       ] GC(1139) Old regions: 108->109
[2025-11-08T01:54:15.634+0000][gc,heap       ] GC(1139) Humongous regions: 147->147
[2025-11-08T01:54:15.634+0000][gc,metaspace  ] GC(1139) Metaspace: 53335K(56604K)->53335K(56604K) NonClass: 47432K(49232K)->47432K(49232K) Class: 5903K(7372K)->5903K(7372K)
[2025-11-08T01:54:15.635+0000][gc            ] GC(1139) Pause Young (Normal) (G1 Evacuation Pause) 313M->260M(684M) 25.495ms
[2025-11-08T01:54:15.635+0000][gc,cpu        ] GC(1139) User=0.04s Sys=0.00s Real=0.02s
[2025-11-08T01:54:37.248+0000][gc,start      ] GC(1140) Pause Young (Normal) (G1 Evacuation Pause)
[2025-11-08T01:54:37.248+0000][gc,task       ] GC(1140) Using 2 workers of 2 for evacuation
[2025-11-08T01:54:37.264+0000][gc,phases     ] GC(1140)   Pre Evacuate Collection Set: 0.1ms
[2025-11-08T01:54:37.265+0000][gc,phases     ] GC(1140)   Evacuate Collection Set: 14.7ms
[2025-11-08T01:54:37.265+0000][gc,phases     ] GC(1140)   Post Evacuate Collection Set: 1.2ms
[2025-11-08T01:54:37.266+0000][gc,phases     ] GC(1140)   Other: 0.9ms
[2025-11-08T01:54:37.266+0000][gc,heap       ] GC(1140) Eden regions: 51->0(55)
[2025-11-08T01:54:37.266+0000][gc,heap       ] GC(1140) Survivor regions: 5->4(7)
[2025-11-08T01:54:37.266+0000][gc,heap       ] GC(1140) Old regions: 109->110
[2025-11-08T01:54:37.267+0000][gc,heap       ] GC(1140) Humongous regions: 147->147
[2025-11-08T01:54:37.267+0000][gc,metaspace  ] GC(1140) Metaspace: 53335K(56604K)->53335K(56604K) NonClass: 47432K(49232K)->47432K(49232K) Class: 5903K(7372K)->5903K(7372K)
[2025-11-08T01:54:37.267+0000][gc            ] GC(1140) Pause Young (Normal) (G1 Evacuation Pause) 311M->260M(684M) 19.515ms
[2025-11-08T01:54:37.267+0000][gc,cpu        ] GC(1140) User=0.04s Sys=0.00s Real=0.02s
[2025-11-08T01:54:59.044+0000][gc,start      ] GC(1141) Pause Young (Normal) (G1 Evacuation Pause)
[2025-11-08T01:54:59.044+0000][gc,task       ] GC(1141) Using 2 workers of 2 for evacuation
[2025-11-08T01:54:59.065+0000][gc,phases     ] GC(1141)   Pre Evacuate Collection Set: 0.0ms
[2025-11-08T01:54:59.065+0000][gc,phases     ] GC(1141)   Evacuate Collection Set: 16.5ms
[2025-11-08T01:54:59.066+0000][gc,phases     ] GC(1141)   Post Evacuate Collection Set: 3.0ms
[2025-11-08T01:54:59.066+0000][gc,phases     ] GC(1141)   Other: 1.2ms
[2025-11-08T01:54:59.066+0000][gc,heap       ] GC(1141) Eden regions: 52->0(54)
[2025-11-08T01:54:59.066+0000][gc,heap       ] GC(1141) Survivor regions: 4->6(7)
[2025-11-08T01:54:59.067+0000][gc,heap       ] GC(1141) Old regions: 110->110
[2025-11-08T01:54:59.067+0000][gc,heap       ] GC(1141) Humongous regions: 147->147
[2025-11-08T01:54:59.067+0000][gc,metaspace  ] GC(1141) Metaspace: 53335K(56604K)->53335K(56604K) NonClass: 47432K(49232K)->47432K(49232K) Class: 5903K(7372K)->5903K(7372K)
[2025-11-08T01:54:59.068+0000][gc            ] GC(1141) Pause Young (Normal) (G1 Evacuation Pause) 312M->262M(684M) 23.796ms
[2025-11-08T01:54:59.069+0000][gc,cpu        ] GC(1141) User=0.04s Sys=0.00s Real=0.02s
[2025-11-08T01:55:07.247+0000][gc,start      ] GC(1142) Pause Young (Normal) (G1 Evacuation Pause)
[2025-11-08T01:55:07.247+0000][gc,task       ] GC(1142) Using 2 workers of 2 for evacuation
[2025-11-08T01:55:07.275+0000][gc,mmu        ] GC(1142) MMU target violated: 21.0ms (20.0ms/21.0ms)
[2025-11-08T01:55:07.275+0000][gc,phases     ] GC(1142)   Pre Evacuate Collection Set: 0.0ms
[2025-11-08T01:55:07.276+0000][gc,phases     ] GC(1142)   Evacuate Collection Set: 25.4ms
[2025-11-08T01:55:07.276+0000][gc,phases     ] GC(1142)   Post Evacuate Collection Set: 1.3ms
[2025-11-08T01:55:07.277+0000][gc,phases     ] GC(1142)   Other: 1.6ms
[2025-11-08T01:55:07.278+0000][gc,heap       ] GC(1142) Eden regions: 28->0(30)
[2025-11-08T01:55:07.278+0000][gc,heap       ] GC(1142) Survivor regions: 6->4(5)
[2025-11-08T01:55:07.278+0000][gc,heap       ] GC(1142) Old regions: 110->113
[2025-11-08T01:55:07.279+0000][gc,heap       ] GC(1142) Humongous regions: 147->147
[2025-11-08T01:55:07.279+0000][gc,metaspace  ] GC(1142) Metaspace: 53336K(56604K)->53336K(56604K) NonClass: 47433K(49232K)->47433K(49232K) Class: 5903K(7372K)->5903K(7372K)
[2025-11-08T01:55:07.279+0000][gc            ] GC(1142) Pause Young (Normal) (G1 Evacuation Pause) 290M->263M(684M) 32.209ms
[2025-11-08T01:55:07.280+0000][gc,cpu        ] GC(1142) User=0.05s Sys=0.00s Real=0.03s
[2025-11-08T01:55:15.314+0000][gc,start      ] GC(1143) Pause Young (Normal) (G1 Evacuation Pause)
[2025-11-08T01:55:15.315+0000][gc,task       ] GC(1143) Using 2 workers of 2 for evacuation
[2025-11-08T01:55:15.327+0000][gc,phases     ] GC(1143)   Pre Evacuate Collection Set: 0.0ms
[2025-11-08T01:55:15.328+0000][gc,phases     ] GC(1143)   Evacuate Collection Set: 11.3ms
[2025-11-08T01:55:15.328+0000][gc,phases     ] GC(1143)   Post Evacuate Collection Set: 0.8ms
[2025-11-08T01:55:15.328+0000][gc,phases     ] GC(1143)   Other: 0.9ms
[2025-11-08T01:55:15.328+0000][gc,heap       ] GC(1143) Eden regions: 30->0(33)
[2025-11-08T01:55:15.328+0000][gc,heap       ] GC(1143) Survivor regions: 4->3(5)
[2025-11-08T01:55:15.328+0000][gc,heap       ] GC(1143) Old regions: 113->116
[2025-11-08T01:55:15.329+0000][gc,heap       ] GC(1143) Humongous regions: 147->147
[2025-11-08T01:55:15.329+0000][gc,metaspace  ] GC(1143) Metaspace: 53336K(56604K)->53336K(56604K) NonClass: 47433K(49232K)->47433K(49232K) Class: 5903K(7372K)->5903K(7372K)
[2025-11-08T01:55:15.329+0000][gc            ] GC(1143) Pause Young (Normal) (G1 Evacuation Pause) 293M->265M(684M) 14.818ms
[2025-11-08T01:55:15.329+0000][gc,cpu        ] GC(1143) User=0.03s Sys=0.00s Real=0.02s
[2025-11-08T01:55:24.264+0000][gc,start      ] GC(1144) Pause Young (Normal) (G1 Evacuation Pause)
[2025-11-08T01:55:24.264+0000][gc,task       ] GC(1144) Using 2 workers of 2 for evacuation
[2025-11-08T01:55:24.272+0000][gc,phases     ] GC(1144)   Pre Evacuate Collection Set: 0.0ms
[2025-11-08T01:55:24.273+0000][gc,phases     ] GC(1144)   Evacuate Collection Set: 7.0ms
[2025-11-08T01:55:24.273+0000][gc,phases     ] GC(1144)   Post Evacuate Collection Set: 1.1ms
[2025-11-08T01:55:24.273+0000][gc,phases     ] GC(1144)   Other: 0.6ms
[2025-11-08T01:55:24.273+0000][gc,heap       ] GC(1144) Eden regions: 33->0(38)
[2025-11-08T01:55:24.274+0000][gc,heap       ] GC(1144) Survivor regions: 3->3(5)
[2025-11-08T01:55:24.274+0000][gc,heap       ] GC(1144) Old regions: 116->116
[2025-11-08T01:55:24.274+0000][gc,heap       ] GC(1144) Humongous regions: 147->147
[2025-11-08T01:55:24.275+0000][gc,metaspace  ] GC(1144) Metaspace: 53336K(56604K)->53336K(56604K) NonClass: 47433K(49232K)->47433K(49232K) Class: 5903K(7372K)->5903K(7372K)
[2025-11-08T01:55:24.275+0000][gc            ] GC(1144) Pause Young (Normal) (G1 Evacuation Pause) 298M->265M(684M) 11.032ms
[2025-11-08T01:55:24.275+0000][gc,cpu        ] GC(1144) User=0.01s Sys=0.00s Real=0.01s
[2025-11-08T01:55:34.710+0000][gc,start      ] GC(1145) Pause Young (Normal) (G1 Evacuation Pause)
[2025-11-08T01:55:34.710+0000][gc,task       ] GC(1145) Using 2 workers of 2 for evacuation
[2025-11-08T01:55:34.724+0000][gc,phases     ] GC(1145)   Pre Evacuate Collection Set: 0.0ms
[2025-11-08T01:55:34.724+0000][gc,phases     ] GC(1145)   Evacuate Collection Set: 9.9ms
[2025-11-08T01:55:34.725+0000][gc,phases     ] GC(1145)   Post Evacuate Collection Set: 2.6ms
[2025-11-08T01:55:34.725+0000][gc,phases     ] GC(1145)   Other: 1.2ms
[2025-11-08T01:55:34.726+0000][gc,heap       ] GC(1145) Eden regions: 38->0(40)
[2025-11-08T01:55:34.726+0000][gc,heap       ] GC(1145) Survivor regions: 3->2(6)
[2025-11-08T01:55:34.726+0000][gc,heap       ] GC(1145) Old regions: 116->116
[2025-11-08T01:55:34.727+0000][gc,heap       ] GC(1145) Humongous regions: 147->147
[2025-11-08T01:55:34.727+0000][gc,metaspace  ] GC(1145) Metaspace: 53336K(56604K)->53336K(56604K) NonClass: 47433K(49232K)->47433K(49232K) Class: 5903K(7372K)->5903K(7372K)
[2025-11-08T01:55:34.727+0000][gc            ] GC(1145) Pause Young (Normal) (G1 Evacuation Pause) 303M->264M(684M) 17.248ms
[2025-11-08T01:55:34.728+0000][gc,cpu        ] GC(1145) User=0.03s Sys=0.00s Real=0.02s
[2025-11-08T01:55:45.684+0000][gc,start      ] GC(1146) Pause Young (Normal) (G1 Evacuation Pause)
[2025-11-08T01:55:45.685+0000][gc,task       ] GC(1146) Using 2 workers of 2 for evacuation
[2025-11-08T01:55:45.693+0000][gc,phases     ] GC(1146)   Pre Evacuate Collection Set: 0.0ms
[2025-11-08T01:55:45.693+0000][gc,phases     ] GC(1146)   Evacuate Collection Set: 7.3ms
[2025-11-08T01:55:45.694+0000][gc,phases     ] GC(1146)   Post Evacuate Collection Set: 0.8ms
[2025-11-08T01:55:45.694+0000][gc,phases     ] GC(1146)   Other: 0.8ms
[2025-11-08T01:55:45.694+0000][gc,heap       ] GC(1146) Eden regions: 40->0(45)
[2025-11-08T01:55:45.694+0000][gc,heap       ] GC(1146) Survivor regions: 2->3(6)
[2025-11-08T01:55:45.694+0000][gc,heap       ] GC(1146) Old regions: 116->116
[2025-11-08T01:55:45.695+0000][gc,heap       ] GC(1146) Humongous regions: 147->147
[2025-11-08T01:55:45.696+0000][gc,metaspace  ] GC(1146) Metaspace: 53336K(56604K)->53336K(56604K) NonClass: 47433K(49232K)->47433K(49232K) Class: 5903K(7372K)->5903K(7372K)
[2025-11-08T01:55:45.696+0000][gc            ] GC(1146) Pause Young (Normal) (G1 Evacuation Pause) 304M->265M(684M) 11.692ms
[2025-11-08T01:55:45.696+0000][gc,cpu        ] GC(1146) User=0.02s Sys=0.00s Real=0.01s
[2025-11-08T01:55:57.369+0000][gc,start      ] GC(1147) Pause Young (Normal) (G1 Evacuation Pause)
[2025-11-08T01:55:57.370+0000][gc,task       ] GC(1147) Using 2 workers of 2 for evacuation
[2025-11-08T01:55:57.377+0000][gc,phases     ] GC(1147)   Pre Evacuate Collection Set: 0.0ms
[2025-11-08T01:55:57.378+0000][gc,phases     ] GC(1147)   Evacuate Collection Set: 6.2ms
[2025-11-08T01:55:57.378+0000][gc,phases     ] GC(1147)   Post Evacuate Collection Set: 0.8ms
[2025-11-08T01:55:57.378+0000][gc,phases     ] GC(1147)   Other: 1.0ms
[2025-11-08T01:55:57.378+0000][gc,heap       ] GC(1147) Eden regions: 45->0(53)
[2025-11-08T01:55:57.378+0000][gc,heap       ] GC(1147) Survivor regions: 3->3(6)
[2025-11-08T01:55:57.378+0000][gc,heap       ] GC(1147) Old regions: 116->116
[2025-11-08T01:55:57.379+0000][gc,heap       ] GC(1147) Humongous regions: 147->147
[2025-11-08T01:55:57.379+0000][gc,metaspace  ] GC(1147) Metaspace: 53336K(56604K)->53336K(56604K) NonClass: 47433K(49232K)->47433K(49232K) Class: 5903K(7372K)->5903K(7372K)
[2025-11-08T01:55:57.379+0000][gc            ] GC(1147) Pause Young (Normal) (G1 Evacuation Pause) 310M->265M(684M) 9.476ms
[2025-11-08T01:55:57.379+0000][gc,cpu        ] GC(1147) User=0.02s Sys=0.00s Real=0.01s
[2025-11-08T01:56:11.129+0000][gc,start      ] GC(1148) Pause Young (Normal) (G1 Evacuation Pause)
[2025-11-08T01:56:11.129+0000][gc,task       ] GC(1148) Using 2 workers of 2 for evacuation
[2025-11-08T01:56:11.140+0000][gc,phases     ] GC(1148)   Pre Evacuate Collection Set: 0.0ms
[2025-11-08T01:56:11.141+0000][gc,phases     ] GC(1148)   Evacuate Collection Set: 9.1ms
[2025-11-08T01:56:11.142+0000][gc,phases     ] GC(1148)   Post Evacuate Collection Set: 1.0ms
[2025-11-08T01:56:11.142+0000][gc,phases     ] GC(1148)   Other: 1.1ms
[2025-11-08T01:56:11.143+0000][gc,heap       ] GC(1148) Eden regions: 53->0(56)
[2025-11-08T01:56:11.143+0000][gc,heap       ] GC(1148) Survivor regions: 3->3(7)
[2025-11-08T01:56:11.143+0000][gc,heap       ] GC(1148) Old regions: 116->116
[2025-11-08T01:56:11.143+0000][gc,heap       ] GC(1148) Humongous regions: 147->147
[2025-11-08T01:56:11.144+0000][gc,metaspace  ] GC(1148) Metaspace: 53336K(56604K)->53336K(56604K) NonClass: 47433K(49232K)->47433K(49232K) Class: 5903K(7372K)->5903K(7372K)
[2025-11-08T01:56:11.144+0000][gc            ] GC(1148) Pause Young (Normal) (G1 Evacuation Pause) 318M->265M(684M) 14.687ms
[2025-11-08T01:56:11.144+0000][gc,cpu        ] GC(1148) User=0.02s Sys=0.00s Real=0.01s
[2025-11-08T01:56:25.765+0000][gc,start      ] GC(1149) Pause Young (Normal) (G1 Evacuation Pause)
[2025-11-08T01:56:25.766+0000][gc,task       ] GC(1149) Using 2 workers of 2 for evacuation
[2025-11-08T01:56:25.776+0000][gc,phases     ] GC(1149)   Pre Evacuate Collection Set: 0.0ms
[2025-11-08T01:56:25.776+0000][gc,phases     ] GC(1149)   Evacuate Collection Set: 9.2ms
[2025-11-08T01:56:25.776+0000][gc,phases     ] GC(1149)   Post Evacuate Collection Set: 0.7ms
[2025-11-08T01:56:25.776+0000][gc,phases     ] GC(1149)   Other: 0.5ms
[2025-11-08T01:56:25.777+0000][gc,heap       ] GC(1149) Eden regions: 56->0(58)
[2025-11-08T01:56:25.777+0000][gc,heap       ] GC(1149) Survivor regions: 3->4(8)
[2025-11-08T01:56:25.777+0000][gc,heap       ] GC(1149) Old regions: 116->116
[2025-11-08T01:56:25.777+0000][gc,heap       ] GC(1149) Humongous regions: 147->147
[2025-11-08T01:56:25.778+0000][gc,metaspace  ] GC(1149) Metaspace: 53336K(56604K)->53336K(56604K) NonClass: 47433K(49232K)->47433K(49232K) Class: 5903K(7372K)->5903K(7372K)
[2025-11-08T01:56:25.778+0000][gc            ] GC(1149) Pause Young (Normal) (G1 Evacuation Pause) 321M->267M(684M) 12.594ms
[2025-11-08T01:56:25.778+0000][gc,cpu        ] GC(1149) User=0.02s Sys=0.00s Real=0.01s
[2025-11-08T01:56:39.599+0000][gc,start      ] GC(1150) Pause Young (Normal) (G1 Evacuation Pause)
[2025-11-08T01:56:39.599+0000][gc,task       ] GC(1150) Using 2 workers of 2 for evacuation
[2025-11-08T01:56:39.619+0000][gc,phases     ] GC(1150)   Pre Evacuate Collection Set: 0.0ms
[2025-11-08T01:56:39.619+0000][gc,phases     ] GC(1150)   Evacuate Collection Set: 17.2ms
[2025-11-08T01:56:39.621+0000][gc,phases     ] GC(1150)   Post Evacuate Collection Set: 2.1ms
[2025-11-08T01:56:39.621+0000][gc,phases     ] GC(1150)   Other: 1.1ms
[2025-11-08T01:56:39.624+0000][gc,heap       ] GC(1150) Eden regions: 58->0(55)
[2025-11-08T01:56:39.625+0000][gc,heap       ] GC(1150) Survivor regions: 4->4(8)
[2025-11-08T01:56:39.625+0000][gc,heap       ] GC(1150) Old regions: 116->116
[2025-11-08T01:56:39.628+0000][gc,heap       ] GC(1150) Humongous regions: 147->147
[2025-11-08T01:56:39.628+0000][gc,metaspace  ] GC(1150) Metaspace: 53336K(56604K)->53336K(56604K) NonClass: 47433K(49232K)->47433K(49232K) Class: 5903K(7372K)->5903K(7372K)
[2025-11-08T01:56:39.629+0000][gc            ] GC(1150) Pause Young (Normal) (G1 Evacuation Pause) 325M->266M(684M) 29.930ms
[2025-11-08T01:56:39.629+0000][gc,cpu        ] GC(1150) User=0.04s Sys=0.00s Real=0.04s
[2025-11-08T01:56:50.460+0000][gc,start      ] GC(1151) Pause Young (Normal) (G1 Evacuation Pause)
[2025-11-08T01:56:50.462+0000][gc,task       ] GC(1151) Using 2 workers of 2 for evacuation
[2025-11-08T01:56:50.473+0000][gc,phases     ] GC(1151)   Pre Evacuate Collection Set: 0.0ms
[2025-11-08T01:56:50.473+0000][gc,phases     ] GC(1151)   Evacuate Collection Set: 9.8ms
[2025-11-08T01:56:50.473+0000][gc,phases     ] GC(1151)   Post Evacuate Collection Set: 0.8ms
[2025-11-08T01:56:50.473+0000][gc,phases     ] GC(1151)   Other: 1.7ms
[2025-11-08T01:56:50.473+0000][gc,heap       ] GC(1151) Eden regions: 55->0(58)
[2025-11-08T01:56:50.474+0000][gc,heap       ] GC(1151) Survivor regions: 4->5(8)
[2025-11-08T01:56:50.474+0000][gc,heap       ] GC(1151) Old regions: 116->116
[2025-11-08T01:56:50.474+0000][gc,heap       ] GC(1151) Humongous regions: 147->147
[2025-11-08T01:56:50.474+0000][gc,metaspace  ] GC(1151) Metaspace: 53336K(56604K)->53336K(56604K) NonClass: 47433K(49232K)->47433K(49232K) Class: 5903K(7372K)->5903K(7372K)
[2025-11-08T01:56:50.474+0000][gc            ] GC(1151) Pause Young (Normal) (G1 Evacuation Pause) 321M->267M(684M) 14.097ms
[2025-11-08T01:56:50.475+0000][gc,cpu        ] GC(1151) User=0.03s Sys=0.00s Real=0.01s
[2025-11-08T01:57:02.210+0000][gc,start      ] GC(1152) Pause Young (Normal) (G1 Evacuation Pause)
[2025-11-08T01:57:02.210+0000][gc,task       ] GC(1152) Using 2 workers of 2 for evacuation
[2025-11-08T01:57:02.233+0000][gc,mmu        ] GC(1152) MMU target violated: 21.0ms (20.0ms/21.0ms)
[2025-11-08T01:57:02.233+0000][gc,phases     ] GC(1152)   Pre Evacuate Collection Set: 0.0ms
[2025-11-08T01:57:02.233+0000][gc,phases     ] GC(1152)   Evacuate Collection Set: 18.6ms
[2025-11-08T01:57:02.234+0000][gc,phases     ] GC(1152)   Post Evacuate Collection Set: 2.5ms
[2025-11-08T01:57:02.234+0000][gc,phases     ] GC(1152)   Other: 2.3ms
[2025-11-08T01:57:02.234+0000][gc,heap       ] GC(1152) Eden regions: 58->0(56)
[2025-11-08T01:57:02.235+0000][gc,heap       ] GC(1152) Survivor regions: 5->6(8)
[2025-11-08T01:57:02.235+0000][gc,heap       ] GC(1152) Old regions: 116->116
[2025-11-08T01:57:02.235+0000][gc,heap       ] GC(1152) Humongous regions: 147->147
[2025-11-08T01:57:02.236+0000][gc,metaspace  ] GC(1152) Metaspace: 53336K(56604K)->53336K(56604K) NonClass: 47433K(49232K)->47433K(49232K) Class: 5903K(7372K)->5903K(7372K)
[2025-11-08T01:57:02.236+0000][gc            ] GC(1152) Pause Young (Normal) (G1 Evacuation Pause) 325M->268M(684M) 26.483ms
[2025-11-08T01:57:02.237+0000][gc,cpu        ] GC(1152) User=0.04s Sys=0.00s Real=0.02s
[2025-11-08T01:57:10.069+0000][gc,start      ] GC(1153) Pause Young (Normal) (G1 Evacuation Pause)
[2025-11-08T01:57:10.069+0000][gc,task       ] GC(1153) Using 2 workers of 2 for evacuation
[2025-11-08T01:57:10.081+0000][gc,phases     ] GC(1153)   Pre Evacuate Collection Set: 0.0ms
[2025-11-08T01:57:10.082+0000][gc,phases     ] GC(1153)   Evacuate Collection Set: 11.1ms
[2025-11-08T01:57:10.082+0000][gc,phases     ] GC(1153)   Post Evacuate Collection Set: 0.8ms
[2025-11-08T01:57:10.082+0000][gc,phases     ] GC(1153)   Other: 0.6ms
[2025-11-08T01:57:10.082+0000][gc,heap       ] GC(1153) Eden regions: 43->0(56)
[2025-11-08T01:57:10.083+0000][gc,heap       ] GC(1153) Survivor regions: 6->4(7)
[2025-11-08T01:57:10.083+0000][gc,heap       ] GC(1153) Old regions: 116->119
[2025-11-08T01:57:10.083+0000][gc,heap       ] GC(1153) Humongous regions: 147->147
[2025-11-08T01:57:10.083+0000][gc,metaspace  ] GC(1153) Metaspace: 53336K(56604K)->53336K(56604K) NonClass: 47433K(49232K)->47433K(49232K) Class: 5903K(7372K)->5903K(7372K)
[2025-11-08T01:57:10.083+0000][gc            ] GC(1153) Pause Young (Normal) (G1 Evacuation Pause) 311M->268M(684M) 14.104ms
[2025-11-08T01:57:10.083+0000][gc,cpu        ] GC(1153) User=0.03s Sys=0.00s Real=0.02s
[2025-11-08T01:57:19.395+0000][gc,start      ] GC(1154) Pause Young (Normal) (G1 Evacuation Pause)
[2025-11-08T01:57:19.395+0000][gc,task       ] GC(1154) Using 2 workers of 2 for evacuation
[2025-11-08T01:57:19.405+0000][gc,phases     ] GC(1154)   Pre Evacuate Collection Set: 0.0ms
[2025-11-08T01:57:19.405+0000][gc,phases     ] GC(1154)   Evacuate Collection Set: 8.0ms
[2025-11-08T01:57:19.405+0000][gc,phases     ] GC(1154)   Post Evacuate Collection Set: 1.0ms
[2025-11-08T01:57:19.405+0000][gc,phases     ] GC(1154)   Other: 0.6ms
[2025-11-08T01:57:19.406+0000][gc,heap       ] GC(1154) Eden regions: 56->0(62)
[2025-11-08T01:57:19.407+0000][gc,heap       ] GC(1154) Survivor regions: 4->4(8)
[2025-11-08T01:57:19.407+0000][gc,heap       ] GC(1154) Old regions: 119->119
[2025-11-08T01:57:19.407+0000][gc,heap       ] GC(1154) Humongous regions: 147->147
[2025-11-08T01:57:19.407+0000][gc,metaspace  ] GC(1154) Metaspace: 53339K(56604K)->53339K(56604K) NonClass: 47436K(49232K)->47436K(49232K) Class: 5903K(7372K)->5903K(7372K)
[2025-11-08T01:57:19.408+0000][gc            ] GC(1154) Pause Young (Normal) (G1 Evacuation Pause) 324M->268M(684M) 12.661ms
[2025-11-08T01:57:19.408+0000][gc,cpu        ] GC(1154) User=0.02s Sys=0.00s Real=0.01s
[2025-11-08T01:57:31.957+0000][gc,start      ] GC(1155) Pause Young (Normal) (G1 Evacuation Pause)
[2025-11-08T01:57:31.957+0000][gc,task       ] GC(1155) Using 2 workers of 2 for evacuation
[2025-11-08T01:57:31.975+0000][gc,phases     ] GC(1155)   Pre Evacuate Collection Set: 0.0ms
[2025-11-08T01:57:31.976+0000][gc,phases     ] GC(1155)   Evacuate Collection Set: 13.7ms
[2025-11-08T01:57:31.976+0000][gc,phases     ] GC(1155)   Post Evacuate Collection Set: 4.0ms
[2025-11-08T01:57:31.976+0000][gc,phases     ] GC(1155)   Other: 0.8ms
[2025-11-08T01:57:31.976+0000][gc,heap       ] GC(1155) Eden regions: 57->0(62)
[2025-11-08T01:57:31.976+0000][gc,heap       ] GC(1155) Survivor regions: 4->5(8)
[2025-11-08T01:57:31.977+0000][gc,heap       ] GC(1155) Old regions: 119->119
[2025-11-08T01:57:31.977+0000][gc,heap       ] GC(1155) Humongous regions: 147->147
[2025-11-08T01:57:31.977+0000][gc,metaspace  ] GC(1155) Metaspace: 53341K(56604K)->53341K(56604K) NonClass: 47438K(49232K)->47438K(49232K) Class: 5903K(7372K)->5903K(7372K)
[2025-11-08T01:57:31.977+0000][gc            ] GC(1155) Pause Young (Normal) (G1 Evacuation Pause) 325M->270M(684M) 20.574ms
[2025-11-08T01:57:31.978+0000][gc,cpu        ] GC(1155) User=0.03s Sys=0.00s Real=0.02s
[2025-11-08T01:57:50.103+0000][gc,start      ] GC(1156) Pause Young (Normal) (G1 Evacuation Pause)
[2025-11-08T01:57:50.103+0000][gc,task       ] GC(1156) Using 2 workers of 2 for evacuation
[2025-11-08T01:57:50.113+0000][gc,phases     ] GC(1156)   Pre Evacuate Collection Set: 0.0ms
[2025-11-08T01:57:50.113+0000][gc,phases     ] GC(1156)   Evacuate Collection Set: 8.5ms
[2025-11-08T01:57:50.113+0000][gc,phases     ] GC(1156)   Post Evacuate Collection Set: 0.7ms
[2025-11-08T01:57:50.113+0000][gc,phases     ] GC(1156)   Other: 0.8ms
[2025-11-08T01:57:50.114+0000][gc,heap       ] GC(1156) Eden regions: 56->0(66)
[2025-11-08T01:57:50.114+0000][gc,heap       ] GC(1156) Survivor regions: 5->4(8)
[2025-11-08T01:57:50.114+0000][gc,heap       ] GC(1156) Old regions: 119->119
[2025-11-08T01:57:50.114+0000][gc,heap       ] GC(1156) Humongous regions: 147->147
[2025-11-08T01:57:50.114+0000][gc,metaspace  ] GC(1156) Metaspace: 53341K(56604K)->53341K(56604K) NonClass: 47438K(49232K)->47438K(49232K) Class: 5903K(7372K)->5903K(7372K)
[2025-11-08T01:57:50.114+0000][gc            ] GC(1156) Pause Young (Normal) (G1 Evacuation Pause) 326M->269M(684M) 11.577ms
[2025-11-08T01:57:50.115+0000][gc,cpu        ] GC(1156) User=0.02s Sys=0.00s Real=0.01s
[2025-11-08T01:58:15.261+0000][gc,start      ] GC(1157) Pause Young (Normal) (G1 Evacuation Pause)
[2025-11-08T01:58:15.261+0000][gc,task       ] GC(1157) Using 2 workers of 2 for evacuation
[2025-11-08T01:58:15.272+0000][gc,phases     ] GC(1157)   Pre Evacuate Collection Set: 0.0ms
[2025-11-08T01:58:15.273+0000][gc,phases     ] GC(1157)   Evacuate Collection Set: 9.9ms
[2025-11-08T01:58:15.273+0000][gc,phases     ] GC(1157)   Post Evacuate Collection Set: 0.6ms
[2025-11-08T01:58:15.273+0000][gc,phases     ] GC(1157)   Other: 1.0ms
[2025-11-08T01:58:15.273+0000][gc,heap       ] GC(1157) Eden regions: 65->0(73)
[2025-11-08T01:58:15.273+0000][gc,heap       ] GC(1157) Survivor regions: 4->6(9)
[2025-11-08T01:58:15.273+0000][gc,heap       ] GC(1157) Old regions: 119->119
[2025-11-08T01:58:15.274+0000][gc,heap       ] GC(1157) Humongous regions: 147->147
[2025-11-08T01:58:15.274+0000][gc,metaspace  ] GC(1157) Metaspace: 53341K(56604K)->53341K(56604K) NonClass: 47438K(49232K)->47438K(49232K) Class: 5903K(7372K)->5903K(7372K)
[2025-11-08T01:58:15.274+0000][gc            ] GC(1157) Pause Young (Normal) (G1 Evacuation Pause) 334M->270M(684M) 13.116ms
[2025-11-08T01:58:15.274+0000][gc,cpu        ] GC(1157) User=0.02s Sys=0.00s Real=0.01s
[2025-11-08T01:58:41.090+0000][gc,start      ] GC(1158) Pause Young (Normal) (G1 Evacuation Pause)
[2025-11-08T01:58:41.090+0000][gc,task       ] GC(1158) Using 2 workers of 2 for evacuation
[2025-11-08T01:58:41.108+0000][gc,phases     ] GC(1158)   Pre Evacuate Collection Set: 0.0ms
[2025-11-08T01:58:41.109+0000][gc,phases     ] GC(1158)   Evacuate Collection Set: 15.1ms
[2025-11-08T01:58:41.109+0000][gc,phases     ] GC(1158)   Post Evacuate Collection Set: 1.5ms
[2025-11-08T01:58:41.110+0000][gc,phases     ] GC(1158)   Other: 1.9ms
[2025-11-08T01:58:41.110+0000][gc,heap       ] GC(1158) Eden regions: 67->0(69)
[2025-11-08T01:58:41.110+0000][gc,heap       ] GC(1158) Survivor regions: 6->5(10)
[2025-11-08T01:58:41.110+0000][gc,heap       ] GC(1158) Old regions: 119->119
[2025-11-08T01:58:41.111+0000][gc,heap       ] GC(1158) Humongous regions: 147->147
[2025-11-08T01:58:41.111+0000][gc,metaspace  ] GC(1158) Metaspace: 53342K(56604K)->53342K(56604K) NonClass: 47438K(49232K)->47438K(49232K) Class: 5903K(7372K)->5903K(7372K)
[2025-11-08T01:58:41.111+0000][gc            ] GC(1158) Pause Young (Normal) (G1 Evacuation Pause) 337M->270M(684M) 21.387ms
[2025-11-08T01:58:41.112+0000][gc,cpu        ] GC(1158) User=0.03s Sys=0.00s Real=0.03s
[2025-11-08T01:58:55.671+0000][gc,start      ] GC(1159) Pause Young (Normal) (G1 Evacuation Pause)
[2025-11-08T01:58:55.671+0000][gc,task       ] GC(1159) Using 2 workers of 2 for evacuation
[2025-11-08T01:58:55.686+0000][gc,phases     ] GC(1159)   Pre Evacuate Collection Set: 0.0ms
[2025-11-08T01:58:55.686+0000][gc,phases     ] GC(1159)   Evacuate Collection Set: 13.2ms
[2025-11-08T01:58:55.686+0000][gc,phases     ] GC(1159)   Post Evacuate Collection Set: 0.9ms
[2025-11-08T01:58:55.686+0000][gc,phases     ] GC(1159)   Other: 1.1ms
[2025-11-08T01:58:55.687+0000][gc,heap       ] GC(1159) Eden regions: 58->0(65)
[2025-11-08T01:58:55.687+0000][gc,heap       ] GC(1159) Survivor regions: 5->6(8)
[2025-11-08T01:58:55.687+0000][gc,heap       ] GC(1159) Old regions: 119->120
[2025-11-08T01:58:55.687+0000][gc,heap       ] GC(1159) Humongous regions: 147->147
[2025-11-08T01:58:55.687+0000][gc,metaspace  ] GC(1159) Metaspace: 53342K(56604K)->53342K(56604K) NonClass: 47438K(49232K)->47438K(49232K) Class: 5903K(7372K)->5903K(7372K)
[2025-11-08T01:58:55.688+0000][gc            ] GC(1159) Pause Young (Normal) (G1 Evacuation Pause) 328M->271M(684M) 16.936ms
[2025-11-08T01:58:55.688+0000][gc,cpu        ] GC(1159) User=0.03s Sys=0.00s Real=0.02s
[2025-11-08T01:59:11.861+0000][gc,start      ] GC(1160) Pause Young (Normal) (G1 Evacuation Pause)
[2025-11-08T01:59:11.861+0000][gc,task       ] GC(1160) Using 2 workers of 2 for evacuation
[2025-11-08T01:59:11.873+0000][gc,phases     ] GC(1160)   Pre Evacuate Collection Set: 0.0ms
[2025-11-08T01:59:11.873+0000][gc,phases     ] GC(1160)   Evacuate Collection Set: 10.0ms
[2025-11-08T01:59:11.873+0000][gc,phases     ] GC(1160)   Post Evacuate Collection Set: 0.8ms
[2025-11-08T01:59:11.873+0000][gc,phases     ] GC(1160)   Other: 0.6ms
[2025-11-08T01:59:11.874+0000][gc,heap       ] GC(1160) Eden regions: 65->0(69)
[2025-11-08T01:59:11.874+0000][gc,heap       ] GC(1160) Survivor regions: 6->5(9)
[2025-11-08T01:59:11.874+0000][gc,heap       ] GC(1160) Old regions: 120->120
[2025-11-08T01:59:11.875+0000][gc,heap       ] GC(1160) Humongous regions: 147->147
[2025-11-08T01:59:11.875+0000][gc,metaspace  ] GC(1160) Metaspace: 53342K(56604K)->53342K(56604K) NonClass: 47438K(49232K)->47438K(49232K) Class: 5903K(7372K)->5903K(7372K)
[2025-11-08T01:59:11.875+0000][gc            ] GC(1160) Pause Young (Normal) (G1 Evacuation Pause) 336M->271M(684M) 13.961ms
[2025-11-08T01:59:11.876+0000][gc,cpu        ] GC(1160) User=0.02s Sys=0.00s Real=0.01s
[2025-11-08T01:59:28.751+0000][gc,start      ] GC(1161) Pause Young (Normal) (G1 Evacuation Pause)
[2025-11-08T01:59:28.751+0000][gc,task       ] GC(1161) Using 2 workers of 2 for evacuation
[2025-11-08T01:59:28.761+0000][gc,phases     ] GC(1161)   Pre Evacuate Collection Set: 0.0ms
[2025-11-08T01:59:28.761+0000][gc,phases     ] GC(1161)   Evacuate Collection Set: 9.2ms
[2025-11-08T01:59:28.762+0000][gc,phases     ] GC(1161)   Post Evacuate Collection Set: 0.7ms
[2025-11-08T01:59:28.762+0000][gc,phases     ] GC(1161)   Other: 0.6ms
[2025-11-08T01:59:28.762+0000][gc,heap       ] GC(1161) Eden regions: 69->0(75)
[2025-11-08T01:59:28.762+0000][gc,heap       ] GC(1161) Survivor regions: 5->5(10)
[2025-11-08T01:59:28.762+0000][gc,heap       ] GC(1161) Old regions: 120->120
[2025-11-08T01:59:28.763+0000][gc,heap       ] GC(1161) Humongous regions: 147->147
[2025-11-08T01:59:28.763+0000][gc,metaspace  ] GC(1161) Metaspace: 53342K(56604K)->53342K(56604K) NonClass: 47438K(49232K)->47438K(49232K) Class: 5903K(7372K)->5903K(7372K)
[2025-11-08T01:59:28.763+0000][gc            ] GC(1161) Pause Young (Normal) (G1 Evacuation Pause) 340M->271M(684M) 12.270ms
[2025-11-08T01:59:28.763+0000][gc,cpu        ] GC(1161) User=0.02s Sys=0.00s Real=0.02s
[2025-11-08T01:59:47.437+0000][gc,start      ] GC(1162) Pause Young (Normal) (G1 Evacuation Pause)
[2025-11-08T01:59:47.438+0000][gc,task       ] GC(1162) Using 2 workers of 2 for evacuation
[2025-11-08T01:59:47.450+0000][gc,phases     ] GC(1162)   Pre Evacuate Collection Set: 0.0ms
[2025-11-08T01:59:47.451+0000][gc,phases     ] GC(1162)   Evacuate Collection Set: 11.5ms
[2025-11-08T01:59:47.451+0000][gc,phases     ] GC(1162)   Post Evacuate Collection Set: 0.9ms
[2025-11-08T01:59:47.451+0000][gc,phases     ] GC(1162)   Other: 0.8ms
[2025-11-08T01:59:47.451+0000][gc,heap       ] GC(1162) Eden regions: 75->0(78)
[2025-11-08T01:59:47.451+0000][gc,heap       ] GC(1162) Survivor regions: 5->6(10)
[2025-11-08T01:59:47.451+0000][gc,heap       ] GC(1162) Old regions: 120->120
[2025-11-08T01:59:47.452+0000][gc,heap       ] GC(1162) Humongous regions: 147->147
[2025-11-08T01:59:47.452+0000][gc,metaspace  ] GC(1162) Metaspace: 53342K(56604K)->53342K(56604K) NonClass: 47438K(49232K)->47438K(49232K) Class: 5903K(7372K)->5903K(7372K)
[2025-11-08T01:59:47.452+0000][gc            ] GC(1162) Pause Young (Normal) (G1 Evacuation Pause) 346M->272M(684M) 14.541ms
[2025-11-08T01:59:47.452+0000][gc,cpu        ] GC(1162) User=0.02s Sys=0.00s Real=0.01s
[2025-11-08T02:00:06.215+0000][gc,start      ] GC(1163) Pause Young (Normal) (G1 Evacuation Pause)
[2025-11-08T02:00:06.215+0000][gc,task       ] GC(1163) Using 2 workers of 2 for evacuation
[2025-11-08T02:00:06.232+0000][gc,phases     ] GC(1163)   Pre Evacuate Collection Set: 0.0ms
[2025-11-08T02:00:06.233+0000][gc,phases     ] GC(1163)   Evacuate Collection Set: 15.6ms
[2025-11-08T02:00:06.233+0000][gc,phases     ] GC(1163)   Post Evacuate Collection Set: 1.0ms
[2025-11-08T02:00:06.233+0000][gc,phases     ] GC(1163)   Other: 0.7ms
[2025-11-08T02:00:06.233+0000][gc,heap       ] GC(1163) Eden regions: 74->0(76)
[2025-11-08T02:00:06.233+0000][gc,heap       ] GC(1163) Survivor regions: 6->6(10)
[2025-11-08T02:00:06.234+0000][gc,heap       ] GC(1163) Old regions: 120->121
[2025-11-08T02:00:06.234+0000][gc,heap       ] GC(1163) Humongous regions: 147->147
[2025-11-08T02:00:06.234+0000][gc,metaspace  ] GC(1163) Metaspace: 53342K(56604K)->53342K(56604K) NonClass: 47438K(49232K)->47438K(49232K) Class: 5903K(7372K)->5903K(7372K)
[2025-11-08T02:00:06.234+0000][gc            ] GC(1163) Pause Young (Normal) (G1 Evacuation Pause) 346M->273M(684M) 19.351ms
[2025-11-08T02:00:06.235+0000][gc,cpu        ] GC(1163) User=0.03s Sys=0.00s Real=0.02s
[2025-11-08T02:00:24.174+0000][gc,start      ] GC(1164) Pause Young (Normal) (G1 Evacuation Pause)
[2025-11-08T02:00:24.174+0000][gc,task       ] GC(1164) Using 2 workers of 2 for evacuation
[2025-11-08T02:00:24.189+0000][gc,phases     ] GC(1164)   Pre Evacuate Collection Set: 0.0ms
[2025-11-08T02:00:24.189+0000][gc,phases     ] GC(1164)   Evacuate Collection Set: 13.2ms
[2025-11-08T02:00:24.189+0000][gc,phases     ] GC(1164)   Post Evacuate Collection Set: 0.8ms
[2025-11-08T02:00:24.189+0000][gc,phases     ] GC(1164)   Other: 0.7ms
[2025-11-08T02:00:24.190+0000][gc,heap       ] GC(1164) Eden regions: 71->0(77)
[2025-11-08T02:00:24.190+0000][gc,heap       ] GC(1164) Survivor regions: 6->6(10)
[2025-11-08T02:00:24.190+0000][gc,heap       ] GC(1164) Old regions: 121->122
[2025-11-08T02:00:24.190+0000][gc,heap       ] GC(1164) Humongous regions: 147->147
[2025-11-08T02:00:24.190+0000][gc,metaspace  ] GC(1164) Metaspace: 53342K(56604K)->53342K(56604K) NonClass: 47438K(49232K)->47438K(49232K) Class: 5903K(7372K)->5903K(7372K)
[2025-11-08T02:00:24.191+0000][gc            ] GC(1164) Pause Young (Normal) (G1 Evacuation Pause) 344M->274M(684M) 16.336ms
[2025-11-08T02:00:24.191+0000][gc,cpu        ] GC(1164) User=0.02s Sys=0.00s Real=0.01s
[2025-11-08T02:00:43.523+0000][gc,start      ] GC(1165) Pause Young (Normal) (G1 Evacuation Pause)
[2025-11-08T02:00:43.524+0000][gc,task       ] GC(1165) Using 2 workers of 2 for evacuation
[2025-11-08T02:00:43.553+0000][gc,mmu        ] GC(1165) MMU target violated: 21.0ms (20.0ms/21.0ms)
[2025-11-08T02:00:43.554+0000][gc,phases     ] GC(1165)   Pre Evacuate Collection Set: 0.0ms
[2025-11-08T02:00:43.554+0000][gc,phases     ] GC(1165)   Evacuate Collection Set: 23.9ms
[2025-11-08T02:00:43.555+0000][gc,phases     ] GC(1165)   Post Evacuate Collection Set: 2.7ms
[2025-11-08T02:00:43.555+0000][gc,phases     ] GC(1165)   Other: 4.5ms
[2025-11-08T02:00:43.555+0000][gc,heap       ] GC(1165) Eden regions: 73->0(62)
[2025-11-08T02:00:43.556+0000][gc,heap       ] GC(1165) Survivor regions: 6->6(10)
[2025-11-08T02:00:43.556+0000][gc,heap       ] GC(1165) Old regions: 122->123
[2025-11-08T02:00:43.557+0000][gc,heap       ] GC(1165) Humongous regions: 147->147
[2025-11-08T02:00:43.557+0000][gc,metaspace  ] GC(1165) Metaspace: 53342K(56604K)->53342K(56604K) NonClass: 47438K(49232K)->47438K(49232K) Class: 5903K(7372K)->5903K(7372K)
[2025-11-08T02:00:43.557+0000][gc            ] GC(1165) Pause Young (Normal) (G1 Evacuation Pause) 347M->275M(684M) 34.402ms
[2025-11-08T02:00:43.558+0000][gc,cpu        ] GC(1165) User=0.05s Sys=0.00s Real=0.03s
[2025-11-08T02:00:50.565+0000][gc,start      ] GC(1166) Pause Young (Normal) (G1 Evacuation Pause)
[2025-11-08T02:00:50.565+0000][gc,task       ] GC(1166) Using 2 workers of 2 for evacuation
[2025-11-08T02:00:50.577+0000][gc,phases     ] GC(1166)   Pre Evacuate Collection Set: 0.0ms
[2025-11-08T02:00:50.578+0000][gc,phases     ] GC(1166)   Evacuate Collection Set: 11.5ms
[2025-11-08T02:00:50.578+0000][gc,phases     ] GC(1166)   Post Evacuate Collection Set: 0.8ms
[2025-11-08T02:00:50.578+0000][gc,phases     ] GC(1166)   Other: 0.6ms
[2025-11-08T02:00:50.578+0000][gc,heap       ] GC(1166) Eden regions: 28->0(52)
[2025-11-08T02:00:50.578+0000][gc,heap       ] GC(1166) Survivor regions: 6->2(5)
[2025-11-08T02:00:50.579+0000][gc,heap       ] GC(1166) Old regions: 123->126
[2025-11-08T02:00:50.579+0000][gc,heap       ] GC(1166) Humongous regions: 147->147
[2025-11-08T02:00:50.579+0000][gc,metaspace  ] GC(1166) Metaspace: 53342K(56604K)->53342K(56604K) NonClass: 47438K(49232K)->47438K(49232K) Class: 5903K(7372K)->5903K(7372K)
[2025-11-08T02:00:50.579+0000][gc            ] GC(1166) Pause Young (Normal) (G1 Evacuation Pause) 303M->274M(684M) 14.586ms
[2025-11-08T02:00:50.579+0000][gc,cpu        ] GC(1166) User=0.03s Sys=0.00s Real=0.01s
[2025-11-08T02:01:07.480+0000][gc,start      ] GC(1167) Pause Young (Normal) (G1 Evacuation Pause)
[2025-11-08T02:01:07.480+0000][gc,task       ] GC(1167) Using 2 workers of 2 for evacuation
[2025-11-08T02:01:07.491+0000][gc,phases     ] GC(1167)   Pre Evacuate Collection Set: 0.0ms
[2025-11-08T02:01:07.493+0000][gc,phases     ] GC(1167)   Evacuate Collection Set: 9.1ms
[2025-11-08T02:01:07.493+0000][gc,phases     ] GC(1167)   Post Evacuate Collection Set: 0.8ms
[2025-11-08T02:01:07.493+0000][gc,phases     ] GC(1167)   Other: 0.7ms
[2025-11-08T02:01:07.493+0000][gc,heap       ] GC(1167) Eden regions: 52->0(54)
[2025-11-08T02:01:07.494+0000][gc,heap       ] GC(1167) Survivor regions: 2->3(7)
[2025-11-08T02:01:07.494+0000][gc,heap       ] GC(1167) Old regions: 126->126
[2025-11-08T02:01:07.494+0000][gc,heap       ] GC(1167) Humongous regions: 147->147
[2025-11-08T02:01:07.494+0000][gc,metaspace  ] GC(1167) Metaspace: 53352K(56604K)->53352K(56604K) NonClass: 47449K(49232K)->47449K(49232K) Class: 5903K(7372K)->5903K(7372K)
[2025-11-08T02:01:07.494+0000][gc            ] GC(1167) Pause Young (Normal) (G1 Evacuation Pause) 326M->275M(684M) 14.014ms
[2025-11-08T02:01:07.495+0000][gc,cpu        ] GC(1167) User=0.02s Sys=0.00s Real=0.01s
[2025-11-08T02:01:22.166+0000][gc,start      ] GC(1168) Pause Young (Normal) (G1 Evacuation Pause)
[2025-11-08T02:01:22.169+0000][gc,task       ] GC(1168) Using 2 workers of 2 for evacuation
[2025-11-08T02:01:22.182+0000][gc,phases     ] GC(1168)   Pre Evacuate Collection Set: 0.0ms
[2025-11-08T02:01:22.182+0000][gc,phases     ] GC(1168)   Evacuate Collection Set: 11.0ms
[2025-11-08T02:01:22.183+0000][gc,phases     ] GC(1168)   Post Evacuate Collection Set: 1.3ms
[2025-11-08T02:01:22.183+0000][gc,phases     ] GC(1168)   Other: 3.5ms
[2025-11-08T02:01:22.183+0000][gc,heap       ] GC(1168) Eden regions: 46->0(51)
[2025-11-08T02:01:22.183+0000][gc,heap       ] GC(1168) Survivor regions: 3->3(7)
[2025-11-08T02:01:22.184+0000][gc,heap       ] GC(1168) Old regions: 126->126
[2025-11-08T02:01:22.184+0000][gc,heap       ] GC(1168) Humongous regions: 147->147
[2025-11-08T02:01:22.184+0000][gc,metaspace  ] GC(1168) Metaspace: 53353K(56604K)->53353K(56604K) NonClass: 47450K(49232K)->47450K(49232K) Class: 5903K(7372K)->5903K(7372K)
[2025-11-08T02:01:22.184+0000][gc            ] GC(1168) Pause Young (Normal) (G1 Evacuation Pause) 321M->275M(684M) 17.965ms
[2025-11-08T02:01:22.185+0000][gc,cpu        ] GC(1168) User=0.03s Sys=0.00s Real=0.02s
[2025-11-08T02:01:37.109+0000][gc,start      ] GC(1169) Pause Young (Normal) (G1 Evacuation Pause)
[2025-11-08T02:01:37.109+0000][gc,task       ] GC(1169) Using 2 workers of 2 for evacuation
[2025-11-08T02:01:37.125+0000][gc,phases     ] GC(1169)   Pre Evacuate Collection Set: 0.0ms
[2025-11-08T02:01:37.125+0000][gc,phases     ] GC(1169)   Evacuate Collection Set: 14.7ms
[2025-11-08T02:01:37.126+0000][gc,phases     ] GC(1169)   Post Evacuate Collection Set: 1.0ms
[2025-11-08T02:01:37.126+0000][gc,phases     ] GC(1169)   Other: 0.8ms
[2025-11-08T02:01:37.126+0000][gc,heap       ] GC(1169) Eden regions: 47->0(48)
[2025-11-08T02:01:37.126+0000][gc,heap       ] GC(1169) Survivor regions: 3->5(7)
[2025-11-08T02:01:37.127+0000][gc,heap       ] GC(1169) Old regions: 126->126
[2025-11-08T02:01:37.127+0000][gc,heap       ] GC(1169) Humongous regions: 147->147
[2025-11-08T02:01:37.127+0000][gc,metaspace  ] GC(1169) Metaspace: 53353K(56604K)->53353K(56604K) NonClass: 47450K(49232K)->47450K(49232K) Class: 5903K(7372K)->5903K(7372K)
[2025-11-08T02:01:37.127+0000][gc            ] GC(1169) Pause Young (Normal) (G1 Evacuation Pause) 322M->276M(684M) 18.777ms
[2025-11-08T02:01:37.128+0000][gc,cpu        ] GC(1169) User=0.03s Sys=0.00s Real=0.02s
[2025-11-08T02:01:50.282+0000][gc,start      ] GC(1170) Pause Young (Normal) (G1 Evacuation Pause)
[2025-11-08T02:01:50.283+0000][gc,task       ] GC(1170) Using 2 workers of 2 for evacuation
[2025-11-08T02:01:50.295+0000][gc,phases     ] GC(1170)   Pre Evacuate Collection Set: 0.0ms
[2025-11-08T02:01:50.295+0000][gc,phases     ] GC(1170)   Evacuate Collection Set: 10.8ms
[2025-11-08T02:01:50.295+0000][gc,phases     ] GC(1170)   Post Evacuate Collection Set: 1.0ms
[2025-11-08T02:01:50.296+0000][gc,phases     ] GC(1170)   Other: 0.7ms
[2025-11-08T02:01:50.296+0000][gc,heap       ] GC(1170) Eden regions: 42->0(51)
[2025-11-08T02:01:50.296+0000][gc,heap       ] GC(1170) Survivor regions: 5->2(6)
[2025-11-08T02:01:50.296+0000][gc,heap       ] GC(1170) Old regions: 126->128
[2025-11-08T02:01:50.297+0000][gc,heap       ] GC(1170) Humongous regions: 147->147
[2025-11-08T02:01:50.297+0000][gc,metaspace  ] GC(1170) Metaspace: 53353K(56604K)->53353K(56604K) NonClass: 47450K(49232K)->47450K(49232K) Class: 5903K(7372K)->5903K(7372K)
[2025-11-08T02:01:50.297+0000][gc            ] GC(1170) Pause Young (Normal) (G1 Evacuation Pause) 318M->276M(684M) 15.040ms
[2025-11-08T02:01:50.298+0000][gc,cpu        ] GC(1170) User=0.03s Sys=0.00s Real=0.01s
[2025-11-08T02:02:06.504+0000][gc,start      ] GC(1171) Pause Young (Normal) (G1 Evacuation Pause)
[2025-11-08T02:02:06.504+0000][gc,task       ] GC(1171) Using 2 workers of 2 for evacuation
[2025-11-08T02:02:06.517+0000][gc,phases     ] GC(1171)   Pre Evacuate Collection Set: 0.1ms
[2025-11-08T02:02:06.517+0000][gc,phases     ] GC(1171)   Evacuate Collection Set: 10.3ms
[2025-11-08T02:02:06.518+0000][gc,phases     ] GC(1171)   Post Evacuate Collection Set: 1.1ms
[2025-11-08T02:02:06.518+0000][gc,phases     ] GC(1171)   Other: 1.7ms
[2025-11-08T02:02:06.518+0000][gc,heap       ] GC(1171) Eden regions: 51->0(51)
[2025-11-08T02:02:06.518+0000][gc,heap       ] GC(1171) Survivor regions: 2->2(7)
[2025-11-08T02:02:06.519+0000][gc,heap       ] GC(1171) Old regions: 128->128
[2025-11-08T02:02:06.519+0000][gc,heap       ] GC(1171) Humongous regions: 147->147
[2025-11-08T02:02:06.519+0000][gc,metaspace  ] GC(1171) Metaspace: 53353K(56604K)->53353K(56604K) NonClass: 47450K(49232K)->47450K(49232K) Class: 5903K(7372K)->5903K(7372K)
[2025-11-08T02:02:06.520+0000][gc            ] GC(1171) Pause Young (Normal) (G1 Evacuation Pause) 327M->276M(684M) 15.827ms
[2025-11-08T02:02:06.520+0000][gc,cpu        ] GC(1171) User=0.03s Sys=0.00s Real=0.01s
[2025-11-08T02:02:20.835+0000][gc,start      ] GC(1172) Pause Young (Normal) (G1 Evacuation Pause)
[2025-11-08T02:02:20.836+0000][gc,task       ] GC(1172) Using 2 workers of 2 for evacuation
[2025-11-08T02:02:20.848+0000][gc,phases     ] GC(1172)   Pre Evacuate Collection Set: 0.0ms
[2025-11-08T02:02:20.849+0000][gc,phases     ] GC(1172)   Evacuate Collection Set: 11.2ms
[2025-11-08T02:02:20.849+0000][gc,phases     ] GC(1172)   Post Evacuate Collection Set: 1.0ms
[2025-11-08T02:02:20.849+0000][gc,phases     ] GC(1172)   Other: 0.8ms
[2025-11-08T02:02:20.849+0000][gc,heap       ] GC(1172) Eden regions: 48->0(51)
[2025-11-08T02:02:20.850+0000][gc,heap       ] GC(1172) Survivor regions: 2->4(7)
[2025-11-08T02:02:20.850+0000][gc,heap       ] GC(1172) Old regions: 128->128
[2025-11-08T02:02:20.850+0000][gc,heap       ] GC(1172) Humongous regions: 147->147
[2025-11-08T02:02:20.850+0000][gc,metaspace  ] GC(1172) Metaspace: 53353K(56604K)->53353K(56604K) NonClass: 47450K(49232K)->47450K(49232K) Class: 5903K(7372K)->5903K(7372K)
[2025-11-08T02:02:20.850+0000][gc            ] GC(1172) Pause Young (Normal) (G1 Evacuation Pause) 324M->277M(684M) 14.852ms
[2025-11-08T02:02:20.850+0000][gc,cpu        ] GC(1172) User=0.02s Sys=0.00s Real=0.01s
[2025-11-08T02:02:30.949+0000][gc,start      ] GC(1173) Pause Young (Normal) (G1 Evacuation Pause)
[2025-11-08T02:02:30.949+0000][gc,task       ] GC(1173) Using 2 workers of 2 for evacuation
[2025-11-08T02:02:30.961+0000][gc,phases     ] GC(1173)   Pre Evacuate Collection Set: 0.0ms
[2025-11-08T02:02:30.962+0000][gc,phases     ] GC(1173)   Evacuate Collection Set: 10.7ms
[2025-11-08T02:02:30.962+0000][gc,phases     ] GC(1173)   Post Evacuate Collection Set: 0.8ms
[2025-11-08T02:02:30.963+0000][gc,phases     ] GC(1173)   Other: 0.9ms
[2025-11-08T02:02:30.963+0000][gc,heap       ] GC(1173) Eden regions: 47->0(53)
[2025-11-08T02:02:30.964+0000][gc,heap       ] GC(1173) Survivor regions: 4->4(7)
[2025-11-08T02:02:30.964+0000][gc,heap       ] GC(1173) Old regions: 128->128
[2025-11-08T02:02:30.964+0000][gc,heap       ] GC(1173) Humongous regions: 147->147
[2025-11-08T02:02:30.965+0000][gc,metaspace  ] GC(1173) Metaspace: 53353K(56604K)->53353K(56604K) NonClass: 47450K(49232K)->47450K(49232K) Class: 5903K(7372K)->5903K(7372K)
[2025-11-08T02:02:30.965+0000][gc            ] GC(1173) Pause Young (Normal) (G1 Evacuation Pause) 324M->277M(684M) 16.100ms
[2025-11-08T02:02:30.965+0000][gc,cpu        ] GC(1173) User=0.02s Sys=0.00s Real=0.02s
[2025-11-08T02:02:42.403+0000][gc,start      ] GC(1174) Pause Young (Normal) (G1 Evacuation Pause)
[2025-11-08T02:02:42.403+0000][gc,task       ] GC(1174) Using 2 workers of 2 for evacuation
[2025-11-08T02:02:42.413+0000][gc,phases     ] GC(1174)   Pre Evacuate Collection Set: 0.0ms
[2025-11-08T02:02:42.414+0000][gc,phases     ] GC(1174)   Evacuate Collection Set: 8.8ms
[2025-11-08T02:02:42.414+0000][gc,phases     ] GC(1174)   Post Evacuate Collection Set: 0.9ms
[2025-11-08T02:02:42.414+0000][gc,phases     ] GC(1174)   Other: 0.5ms
[2025-11-08T02:02:42.414+0000][gc,heap       ] GC(1174) Eden regions: 53->0(56)
[2025-11-08T02:02:42.415+0000][gc,heap       ] GC(1174) Survivor regions: 4->4(8)
[2025-11-08T02:02:42.415+0000][gc,heap       ] GC(1174) Old regions: 128->128
[2025-11-08T02:02:42.415+0000][gc,heap       ] GC(1174) Humongous regions: 147->147
[2025-11-08T02:02:42.415+0000][gc,metaspace  ] GC(1174) Metaspace: 53353K(56604K)->53353K(56604K) NonClass: 47450K(49232K)->47450K(49232K) Class: 5903K(7372K)->5903K(7372K)
[2025-11-08T02:02:42.415+0000][gc            ] GC(1174) Pause Young (Normal) (G1 Evacuation Pause) 330M->277M(684M) 12.198ms
[2025-11-08T02:02:42.415+0000][gc,cpu        ] GC(1174) User=0.02s Sys=0.00s Real=0.01s
[2025-11-08T02:02:54.348+0000][gc,start      ] GC(1175) Pause Young (Normal) (G1 Evacuation Pause)
[2025-11-08T02:02:54.348+0000][gc,task       ] GC(1175) Using 2 workers of 2 for evacuation
[2025-11-08T02:02:54.360+0000][gc,phases     ] GC(1175)   Pre Evacuate Collection Set: 0.0ms
[2025-11-08T02:02:54.360+0000][gc,phases     ] GC(1175)   Evacuate Collection Set: 11.1ms
[2025-11-08T02:02:54.360+0000][gc,phases     ] GC(1175)   Post Evacuate Collection Set: 0.7ms
[2025-11-08T02:02:54.361+0000][gc,phases     ] GC(1175)   Other: 1.0ms
[2025-11-08T02:02:54.361+0000][gc,heap       ] GC(1175) Eden regions: 56->0(58)
[2025-11-08T02:02:54.361+0000][gc,heap       ] GC(1175) Survivor regions: 4->5(8)
[2025-11-08T02:02:54.361+0000][gc,heap       ] GC(1175) Old regions: 128->128
[2025-11-08T02:02:54.362+0000][gc,heap       ] GC(1175) Humongous regions: 147->147
[2025-11-08T02:02:54.362+0000][gc,metaspace  ] GC(1175) Metaspace: 53353K(56604K)->53353K(56604K) NonClass: 47450K(49232K)->47450K(49232K) Class: 5903K(7372K)->5903K(7372K)
[2025-11-08T02:02:54.362+0000][gc            ] GC(1175) Pause Young (Normal) (G1 Evacuation Pause) 333M->278M(684M) 14.381ms
[2025-11-08T02:02:54.362+0000][gc,cpu        ] GC(1175) User=0.02s Sys=0.00s Real=0.02s
[2025-11-08T02:03:06.692+0000][gc,start      ] GC(1176) Pause Young (Normal) (G1 Evacuation Pause)
[2025-11-08T02:03:06.693+0000][gc,task       ] GC(1176) Using 2 workers of 2 for evacuation
[2025-11-08T02:03:06.709+0000][gc,phases     ] GC(1176)   Pre Evacuate Collection Set: 0.0ms
[2025-11-08T02:03:06.709+0000][gc,phases     ] GC(1176)   Evacuate Collection Set: 15.0ms
[2025-11-08T02:03:06.710+0000][gc,phases     ] GC(1176)   Post Evacuate Collection Set: 1.0ms
[2025-11-08T02:03:06.710+0000][gc,phases     ] GC(1176)   Other: 0.8ms
[2025-11-08T02:03:06.710+0000][gc,heap       ] GC(1176) Eden regions: 58->0(58)
[2025-11-08T02:03:06.710+0000][gc,heap       ] GC(1176) Survivor regions: 5->5(8)
[2025-11-08T02:03:06.710+0000][gc,heap       ] GC(1176) Old regions: 128->128
[2025-11-08T02:03:06.711+0000][gc,heap       ] GC(1176) Humongous regions: 147->147
[2025-11-08T02:03:06.711+0000][gc,metaspace  ] GC(1176) Metaspace: 53353K(56604K)->53353K(56604K) NonClass: 47450K(49232K)->47450K(49232K) Class: 5903K(7372K)->5903K(7372K)
[2025-11-08T02:03:06.711+0000][gc            ] GC(1176) Pause Young (Normal) (G1 Evacuation Pause) 336M->279M(684M) 18.826ms
[2025-11-08T02:03:06.711+0000][gc,cpu        ] GC(1176) User=0.04s Sys=0.00s Real=0.02s
[2025-11-08T02:03:18.944+0000][gc,start      ] GC(1177) Pause Young (Normal) (G1 Evacuation Pause)
[2025-11-08T02:03:18.945+0000][gc,task       ] GC(1177) Using 2 workers of 2 for evacuation
[2025-11-08T02:03:18.959+0000][gc,phases     ] GC(1177)   Pre Evacuate Collection Set: 0.0ms
[2025-11-08T02:03:18.959+0000][gc,phases     ] GC(1177)   Evacuate Collection Set: 12.4ms
[2025-11-08T02:03:18.959+0000][gc,phases     ] GC(1177)   Post Evacuate Collection Set: 1.1ms
[2025-11-08T02:03:18.959+0000][gc,phases     ] GC(1177)   Other: 0.6ms
[2025-11-08T02:03:18.960+0000][gc,heap       ] GC(1177) Eden regions: 58->0(59)
[2025-11-08T02:03:18.960+0000][gc,heap       ] GC(1177) Survivor regions: 5->5(8)
[2025-11-08T02:03:18.960+0000][gc,heap       ] GC(1177) Old regions: 128->129
[2025-11-08T02:03:18.960+0000][gc,heap       ] GC(1177) Humongous regions: 147->147
[2025-11-08T02:03:18.960+0000][gc,metaspace  ] GC(1177) Metaspace: 53353K(56604K)->53353K(56604K) NonClass: 47450K(49232K)->47450K(49232K) Class: 5903K(7372K)->5903K(7372K)
[2025-11-08T02:03:18.961+0000][gc            ] GC(1177) Pause Young (Normal) (G1 Evacuation Pause) 337M->280M(684M) 16.182ms
[2025-11-08T02:03:18.961+0000][gc,cpu        ] GC(1177) User=0.03s Sys=0.00s Real=0.01s
[2025-11-08T02:03:31.227+0000][gc,start      ] GC(1178) Pause Young (Normal) (G1 Evacuation Pause)
[2025-11-08T02:03:31.227+0000][gc,task       ] GC(1178) Using 2 workers of 2 for evacuation
[2025-11-08T02:03:31.239+0000][gc,phases     ] GC(1178)   Pre Evacuate Collection Set: 0.0ms
[2025-11-08T02:03:31.240+0000][gc,phases     ] GC(1178)   Evacuate Collection Set: 10.9ms
[2025-11-08T02:03:31.240+0000][gc,phases     ] GC(1178)   Post Evacuate Collection Set: 0.8ms
[2025-11-08T02:03:31.240+0000][gc,phases     ] GC(1178)   Other: 0.7ms
[2025-11-08T02:03:31.240+0000][gc,heap       ] GC(1178) Eden regions: 59->0(62)
[2025-11-08T02:03:31.240+0000][gc,heap       ] GC(1178) Survivor regions: 5->3(8)
[2025-11-08T02:03:31.241+0000][gc,heap       ] GC(1178) Old regions: 129->130
[2025-11-08T02:03:31.241+0000][gc,heap       ] GC(1178) Humongous regions: 147->147
[2025-11-08T02:03:31.241+0000][gc,metaspace  ] GC(1178) Metaspace: 53353K(56604K)->53353K(56604K) NonClass: 47450K(49232K)->47450K(49232K) Class: 5903K(7372K)->5903K(7372K)
[2025-11-08T02:03:31.241+0000][gc            ] GC(1178) Pause Young (Normal) (G1 Evacuation Pause) 339M->279M(684M) 14.216ms
[2025-11-08T02:03:31.241+0000][gc,cpu        ] GC(1178) User=0.02s Sys=0.00s Real=0.01s
[2025-11-08T02:03:45.024+0000][gc,start      ] GC(1179) Pause Young (Normal) (G1 Evacuation Pause)
[2025-11-08T02:03:45.024+0000][gc,task       ] GC(1179) Using 2 workers of 2 for evacuation
[2025-11-08T02:03:45.042+0000][gc,phases     ] GC(1179)   Pre Evacuate Collection Set: 0.0ms
[2025-11-08T02:03:45.042+0000][gc,phases     ] GC(1179)   Evacuate Collection Set: 15.7ms
[2025-11-08T02:03:45.043+0000][gc,phases     ] GC(1179)   Post Evacuate Collection Set: 1.2ms
[2025-11-08T02:03:45.043+0000][gc,phases     ] GC(1179)   Other: 1.3ms
[2025-11-08T02:03:45.044+0000][gc,heap       ] GC(1179) Eden regions: 62->0(61)
[2025-11-08T02:03:45.045+0000][gc,heap       ] GC(1179) Survivor regions: 3->5(9)
[2025-11-08T02:03:45.045+0000][gc,heap       ] GC(1179) Old regions: 130->130
[2025-11-08T02:03:45.046+0000][gc,heap       ] GC(1179) Humongous regions: 147->147
[2025-11-08T02:03:45.047+0000][gc,metaspace  ] GC(1179) Metaspace: 53353K(56604K)->53353K(56604K) NonClass: 47450K(49232K)->47450K(49232K) Class: 5903K(7372K)->5903K(7372K)
[2025-11-08T02:03:45.047+0000][gc            ] GC(1179) Pause Young (Normal) (G1 Evacuation Pause) 341M->281M(684M) 23.185ms
[2025-11-08T02:03:45.047+0000][gc,cpu        ] GC(1179) User=0.03s Sys=0.00s Real=0.02s
[2025-11-08T02:03:57.243+0000][gc,start      ] GC(1180) Pause Young (Normal) (G1 Evacuation Pause)
[2025-11-08T02:03:57.244+0000][gc,task       ] GC(1180) Using 2 workers of 2 for evacuation
[2025-11-08T02:03:57.261+0000][gc,phases     ] GC(1180)   Pre Evacuate Collection Set: 0.0ms
[2025-11-08T02:03:57.262+0000][gc,phases     ] GC(1180)   Evacuate Collection Set: 15.7ms
[2025-11-08T02:03:57.263+0000][gc,phases     ] GC(1180)   Post Evacuate Collection Set: 1.4ms
[2025-11-08T02:03:57.263+0000][gc,phases     ] GC(1180)   Other: 0.9ms
[2025-11-08T02:03:57.264+0000][gc,heap       ] GC(1180) Eden regions: 58->0(60)
[2025-11-08T02:03:57.264+0000][gc,heap       ] GC(1180) Survivor regions: 5->5(8)
[2025-11-08T02:03:57.264+0000][gc,heap       ] GC(1180) Old regions: 130->130
[2025-11-08T02:03:57.266+0000][gc,heap       ] GC(1180) Humongous regions: 147->147
[2025-11-08T02:03:57.267+0000][gc,metaspace  ] GC(1180) Metaspace: 53353K(56604K)->53353K(56604K) NonClass: 47450K(49232K)->47450K(49232K) Class: 5903K(7372K)->5903K(7372K)
[2025-11-08T02:03:57.267+0000][gc            ] GC(1180) Pause Young (Normal) (G1 Evacuation Pause) 339M->281M(684M) 23.875ms
[2025-11-08T02:03:57.267+0000][gc,cpu        ] GC(1180) User=0.03s Sys=0.00s Real=0.02s
[2025-11-08T02:04:05.711+0000][gc,start      ] GC(1181) Pause Young (Normal) (G1 Evacuation Pause)
[2025-11-08T02:04:05.711+0000][gc,task       ] GC(1181) Using 2 workers of 2 for evacuation
[2025-11-08T02:04:05.725+0000][gc,phases     ] GC(1181)   Pre Evacuate Collection Set: 0.0ms
[2025-11-08T02:04:05.726+0000][gc,phases     ] GC(1181)   Evacuate Collection Set: 12.8ms
[2025-11-08T02:04:05.726+0000][gc,phases     ] GC(1181)   Post Evacuate Collection Set: 0.7ms
[2025-11-08T02:04:05.726+0000][gc,phases     ] GC(1181)   Other: 0.6ms
[2025-11-08T02:04:05.726+0000][gc,heap       ] GC(1181) Eden regions: 53->0(58)
[2025-11-08T02:04:05.726+0000][gc,heap       ] GC(1181) Survivor regions: 5->5(8)
[2025-11-08T02:04:05.726+0000][gc,heap       ] GC(1181) Old regions: 130->131
[2025-11-08T02:04:05.727+0000][gc,heap       ] GC(1181) Humongous regions: 147->147
[2025-11-08T02:04:05.727+0000][gc,metaspace  ] GC(1181) Metaspace: 53353K(56604K)->53353K(56604K) NonClass: 47450K(49232K)->47450K(49232K) Class: 5903K(7372K)->5903K(7372K)
[2025-11-08T02:04:05.727+0000][gc            ] GC(1181) Pause Young (Normal) (G1 Evacuation Pause) 334M->282M(684M) 15.756ms
[2025-11-08T02:04:05.727+0000][gc,cpu        ] GC(1181) User=0.02s Sys=0.00s Real=0.02s
[2025-11-08T02:04:14.832+0000][gc,start      ] GC(1182) Pause Young (Normal) (G1 Evacuation Pause)
[2025-11-08T02:04:14.832+0000][gc,task       ] GC(1182) Using 2 workers of 2 for evacuation
[2025-11-08T02:04:14.849+0000][gc,phases     ] GC(1182)   Pre Evacuate Collection Set: 0.0ms
[2025-11-08T02:04:14.850+0000][gc,phases     ] GC(1182)   Evacuate Collection Set: 15.7ms
[2025-11-08T02:04:14.850+0000][gc,phases     ] GC(1182)   Post Evacuate Collection Set: 1.2ms
[2025-11-08T02:04:14.850+0000][gc,phases     ] GC(1182)   Other: 1.1ms
[2025-11-08T02:04:14.850+0000][gc,heap       ] GC(1182) Eden regions: 56->0(59)
[2025-11-08T02:04:14.850+0000][gc,heap       ] GC(1182) Survivor regions: 5->3(8)
[2025-11-08T02:04:14.851+0000][gc,heap       ] GC(1182) Old regions: 131->132
[2025-11-08T02:04:14.851+0000][gc,heap       ] GC(1182) Humongous regions: 147->147
[2025-11-08T02:04:14.852+0000][gc,metaspace  ] GC(1182) Metaspace: 53353K(56604K)->53353K(56604K) NonClass: 47450K(49232K)->47450K(49232K) Class: 5903K(7372K)->5903K(7372K)
[2025-11-08T02:04:14.852+0000][gc            ] GC(1182) Pause Young (Normal) (G1 Evacuation Pause) 338M->280M(684M) 20.364ms
[2025-11-08T02:04:14.852+0000][gc,cpu        ] GC(1182) User=0.03s Sys=0.00s Real=0.02s
[2025-11-08T02:04:24.424+0000][gc,start      ] GC(1183) Pause Young (Normal) (G1 Evacuation Pause)
[2025-11-08T02:04:24.424+0000][gc,task       ] GC(1183) Using 2 workers of 2 for evacuation
[2025-11-08T02:04:24.437+0000][gc,phases     ] GC(1183)   Pre Evacuate Collection Set: 0.1ms
[2025-11-08T02:04:24.438+0000][gc,phases     ] GC(1183)   Evacuate Collection Set: 11.3ms
[2025-11-08T02:04:24.438+0000][gc,phases     ] GC(1183)   Post Evacuate Collection Set: 0.8ms
[2025-11-08T02:04:24.438+0000][gc,phases     ] GC(1183)   Other: 1.2ms
[2025-11-08T02:04:24.438+0000][gc,heap       ] GC(1183) Eden regions: 59->0(59)
[2025-11-08T02:04:24.439+0000][gc,heap       ] GC(1183) Survivor regions: 3->4(8)
[2025-11-08T02:04:24.439+0000][gc,heap       ] GC(1183) Old regions: 132->132
[2025-11-08T02:04:24.439+0000][gc,heap       ] GC(1183) Humongous regions: 147->147
[2025-11-08T02:04:24.439+0000][gc,metaspace  ] GC(1183) Metaspace: 53353K(56604K)->53353K(56604K) NonClass: 47450K(49232K)->47450K(49232K) Class: 5903K(7372K)->5903K(7372K)
[2025-11-08T02:04:24.440+0000][gc            ] GC(1183) Pause Young (Normal) (G1 Evacuation Pause) 339M->281M(684M) 15.354ms
[2025-11-08T02:04:24.440+0000][gc,cpu        ] GC(1183) User=0.03s Sys=0.00s Real=0.02s
[2025-11-08T02:04:33.357+0000][gc,start      ] GC(1184) Pause Young (Normal) (G1 Evacuation Pause)
[2025-11-08T02:04:33.357+0000][gc,task       ] GC(1184) Using 2 workers of 2 for evacuation
[2025-11-08T02:04:33.369+0000][gc,phases     ] GC(1184)   Pre Evacuate Collection Set: 0.0ms
[2025-11-08T02:04:33.369+0000][gc,phases     ] GC(1184)   Evacuate Collection Set: 10.0ms
[2025-11-08T02:04:33.369+0000][gc,phases     ] GC(1184)   Post Evacuate Collection Set: 0.7ms
[2025-11-08T02:04:33.369+0000][gc,phases     ] GC(1184)   Other: 0.9ms
[2025-11-08T02:04:33.370+0000][gc,heap       ] GC(1184) Eden regions: 54->0(61)
[2025-11-08T02:04:33.370+0000][gc,heap       ] GC(1184) Survivor regions: 4->5(8)
[2025-11-08T02:04:33.370+0000][gc,heap       ] GC(1184) Old regions: 132->132
[2025-11-08T02:04:33.370+0000][gc,heap       ] GC(1184) Humongous regions: 147->147
[2025-11-08T02:04:33.370+0000][gc,metaspace  ] GC(1184) Metaspace: 53353K(56604K)->53353K(56604K) NonClass: 47450K(49232K)->47450K(49232K) Class: 5903K(7372K)->5903K(7372K)
[2025-11-08T02:04:33.371+0000][gc            ] GC(1184) Pause Young (Normal) (G1 Evacuation Pause) 335M->282M(684M) 13.689ms
[2025-11-08T02:04:33.371+0000][gc,cpu        ] GC(1184) User=0.02s Sys=0.00s Real=0.02s
[2025-11-08T02:04:43.654+0000][gc,start      ] GC(1185) Pause Young (Normal) (G1 Evacuation Pause)
[2025-11-08T02:04:43.654+0000][gc,task       ] GC(1185) Using 2 workers of 2 for evacuation
[2025-11-08T02:04:43.667+0000][gc,phases     ] GC(1185)   Pre Evacuate Collection Set: 0.0ms
[2025-11-08T02:04:43.668+0000][gc,phases     ] GC(1185)   Evacuate Collection Set: 12.0ms
[2025-11-08T02:04:43.668+0000][gc,phases     ] GC(1185)   Post Evacuate Collection Set: 0.9ms
[2025-11-08T02:04:43.668+0000][gc,phases     ] GC(1185)   Other: 0.6ms
[2025-11-08T02:04:43.668+0000][gc,heap       ] GC(1185) Eden regions: 61->0(63)
[2025-11-08T02:04:43.669+0000][gc,heap       ] GC(1185) Survivor regions: 5->6(9)
[2025-11-08T02:04:43.669+0000][gc,heap       ] GC(1185) Old regions: 132->132
[2025-11-08T02:04:43.669+0000][gc,heap       ] GC(1185) Humongous regions: 147->147
[2025-11-08T02:04:43.669+0000][gc,metaspace  ] GC(1185) Metaspace: 53353K(56604K)->53353K(56604K) NonClass: 47450K(49232K)->47450K(49232K) Class: 5903K(7372K)->5903K(7372K)
[2025-11-08T02:04:43.669+0000][gc            ] GC(1185) Pause Young (Normal) (G1 Evacuation Pause) 343M->283M(684M) 15.423ms
[2025-11-08T02:04:43.669+0000][gc,cpu        ] GC(1185) User=0.02s Sys=0.00s Real=0.02s
[2025-11-08T02:04:53.702+0000][gc,start      ] GC(1186) Pause Young (Normal) (G1 Evacuation Pause)
[2025-11-08T02:04:53.702+0000][gc,task       ] GC(1186) Using 2 workers of 2 for evacuation
[2025-11-08T02:04:53.715+0000][gc,phases     ] GC(1186)   Pre Evacuate Collection Set: 0.0ms
[2025-11-08T02:04:53.715+0000][gc,phases     ] GC(1186)   Evacuate Collection Set: 11.4ms
[2025-11-08T02:04:53.715+0000][gc,phases     ] GC(1186)   Post Evacuate Collection Set: 0.7ms
[2025-11-08T02:04:53.715+0000][gc,phases     ] GC(1186)   Other: 0.8ms
[2025-11-08T02:04:53.715+0000][gc,heap       ] GC(1186) Eden regions: 63->0(67)
[2025-11-08T02:04:53.715+0000][gc,heap       ] GC(1186) Survivor regions: 6->5(9)
[2025-11-08T02:04:53.716+0000][gc,heap       ] GC(1186) Old regions: 132->132
[2025-11-08T02:04:53.716+0000][gc,heap       ] GC(1186) Humongous regions: 147->147
[2025-11-08T02:04:53.716+0000][gc,metaspace  ] GC(1186) Metaspace: 53353K(56604K)->53353K(56604K) NonClass: 47450K(49232K)->47450K(49232K) Class: 5903K(7372K)->5903K(7372K)
[2025-11-08T02:04:53.716+0000][gc            ] GC(1186) Pause Young (Normal) (G1 Evacuation Pause) 346M->283M(684M) 14.379ms
[2025-11-08T02:04:53.716+0000][gc,cpu        ] GC(1186) User=0.02s Sys=0.00s Real=0.02s
[2025-11-08T02:05:03.514+0000][gc,start      ] GC(1187) Pause Young (Normal) (G1 Evacuation Pause)
[2025-11-08T02:05:03.515+0000][gc,task       ] GC(1187) Using 2 workers of 2 for evacuation
[2025-11-08T02:05:03.527+0000][gc,phases     ] GC(1187)   Pre Evacuate Collection Set: 0.0ms
[2025-11-08T02:05:03.527+0000][gc,phases     ] GC(1187)   Evacuate Collection Set: 10.9ms
[2025-11-08T02:05:03.527+0000][gc,phases     ] GC(1187)   Post Evacuate Collection Set: 0.6ms
[2025-11-08T02:05:03.527+0000][gc,phases     ] GC(1187)   Other: 0.6ms
[2025-11-08T02:05:03.527+0000][gc,heap       ] GC(1187) Eden regions: 61->0(72)
[2025-11-08T02:05:03.527+0000][gc,heap       ] GC(1187) Survivor regions: 5->6(9)
[2025-11-08T02:05:03.528+0000][gc,heap       ] GC(1187) Old regions: 132->132
[2025-11-08T02:05:03.528+0000][gc,heap       ] GC(1187) Humongous regions: 147->147
[2025-11-08T02:05:03.528+0000][gc,metaspace  ] GC(1187) Metaspace: 53353K(56604K)->53353K(56604K) NonClass: 47450K(49232K)->47450K(49232K) Class: 5903K(7372K)->5903K(7372K)
[2025-11-08T02:05:03.528+0000][gc            ] GC(1187) Pause Young (Normal) (G1 Evacuation Pause) 344M->284M(684M) 13.439ms
[2025-11-08T02:05:03.528+0000][gc,cpu        ] GC(1187) User=0.02s Sys=0.00s Real=0.02s
[2025-11-08T02:05:14.891+0000][gc,start      ] GC(1188) Pause Young (Normal) (G1 Evacuation Pause)
[2025-11-08T02:05:14.892+0000][gc,task       ] GC(1188) Using 2 workers of 2 for evacuation
[2025-11-08T02:05:14.904+0000][gc,phases     ] GC(1188)   Pre Evacuate Collection Set: 0.0ms
[2025-11-08T02:05:14.904+0000][gc,phases     ] GC(1188)   Evacuate Collection Set: 11.5ms
[2025-11-08T02:05:14.905+0000][gc,phases     ] GC(1188)   Post Evacuate Collection Set: 0.7ms
[2025-11-08T02:05:14.905+0000][gc,phases     ] GC(1188)   Other: 0.6ms
[2025-11-08T02:05:14.905+0000][gc,heap       ] GC(1188) Eden regions: 72->0(76)
[2025-11-08T02:05:14.905+0000][gc,heap       ] GC(1188) Survivor regions: 6->6(10)
[2025-11-08T02:05:14.905+0000][gc,heap       ] GC(1188) Old regions: 132->132
[2025-11-08T02:05:14.905+0000][gc,heap       ] GC(1188) Humongous regions: 147->147
[2025-11-08T02:05:14.905+0000][gc,metaspace  ] GC(1188) Metaspace: 53353K(56604K)->53353K(56604K) NonClass: 47450K(49232K)->47450K(49232K) Class: 5903K(7372K)->5903K(7372K)
[2025-11-08T02:05:14.905+0000][gc            ] GC(1188) Pause Young (Normal) (G1 Evacuation Pause) 356M->284M(684M) 14.022ms
[2025-11-08T02:05:14.906+0000][gc,cpu        ] GC(1188) User=0.03s Sys=0.00s Real=0.02s
[2025-11-08T02:05:25.567+0000][gc,start      ] GC(1189) Pause Young (Normal) (G1 Evacuation Pause)
[2025-11-08T02:05:25.567+0000][gc,task       ] GC(1189) Using 2 workers of 2 for evacuation
[2025-11-08T02:05:25.579+0000][gc,phases     ] GC(1189)   Pre Evacuate Collection Set: 0.0ms
[2025-11-08T02:05:25.579+0000][gc,phases     ] GC(1189)   Evacuate Collection Set: 11.0ms
[2025-11-08T02:05:25.580+0000][gc,phases     ] GC(1189)   Post Evacuate Collection Set: 0.6ms
[2025-11-08T02:05:25.580+0000][gc,phases     ] GC(1189)   Other: 0.5ms
[2025-11-08T02:05:25.580+0000][gc,heap       ] GC(1189) Eden regions: 68->0(76)
[2025-11-08T02:05:25.580+0000][gc,heap       ] GC(1189) Survivor regions: 6->5(10)
[2025-11-08T02:05:25.580+0000][gc,heap       ] GC(1189) Old regions: 132->133
[2025-11-08T02:05:25.580+0000][gc,heap       ] GC(1189) Humongous regions: 147->147
[2025-11-08T02:05:25.580+0000][gc,metaspace  ] GC(1189) Metaspace: 53353K(56604K)->53353K(56604K) NonClass: 47450K(49232K)->47450K(49232K) Class: 5903K(7372K)->5903K(7372K)
[2025-11-08T02:05:25.581+0000][gc            ] GC(1189) Pause Young (Normal) (G1 Evacuation Pause) 352M->284M(684M) 13.578ms
[2025-11-08T02:05:25.581+0000][gc,cpu        ] GC(1189) User=0.03s Sys=0.00s Real=0.01s
[2025-11-08T02:05:37.984+0000][gc,start      ] GC(1190) Pause Young (Normal) (G1 Evacuation Pause)
[2025-11-08T02:05:37.985+0000][gc,task       ] GC(1190) Using 2 workers of 2 for evacuation
[2025-11-08T02:05:37.996+0000][gc,phases     ] GC(1190)   Pre Evacuate Collection Set: 0.0ms
[2025-11-08T02:05:37.996+0000][gc,phases     ] GC(1190)   Evacuate Collection Set: 10.0ms
[2025-11-08T02:05:37.996+0000][gc,phases     ] GC(1190)   Post Evacuate Collection Set: 0.8ms
[2025-11-08T02:05:37.997+0000][gc,phases     ] GC(1190)   Other: 0.9ms
[2025-11-08T02:05:37.997+0000][gc,heap       ] GC(1190) Eden regions: 76->0(80)
[2025-11-08T02:05:37.997+0000][gc,heap       ] GC(1190) Survivor regions: 5->4(11)
[2025-11-08T02:05:37.997+0000][gc,heap       ] GC(1190) Old regions: 133->133
[2025-11-08T02:05:37.997+0000][gc,heap       ] GC(1190) Humongous regions: 147->147
[2025-11-08T02:05:37.997+0000][gc,metaspace  ] GC(1190) Metaspace: 53353K(56604K)->53353K(56604K) NonClass: 47450K(49232K)->47450K(49232K) Class: 5903K(7372K)->5903K(7372K)
[2025-11-08T02:05:37.998+0000][gc            ] GC(1190) Pause Young (Normal) (G1 Evacuation Pause) 360M->283M(684M) 13.613ms
[2025-11-08T02:05:37.998+0000][gc,cpu        ] GC(1190) User=0.02s Sys=0.00s Real=0.02s
[2025-11-08T02:05:51.602+0000][gc,start      ] GC(1191) Pause Young (Normal) (G1 Evacuation Pause)
[2025-11-08T02:05:51.602+0000][gc,task       ] GC(1191) Using 2 workers of 2 for evacuation
[2025-11-08T02:05:51.621+0000][gc,phases     ] GC(1191)   Pre Evacuate Collection Set: 0.0ms
[2025-11-08T02:05:51.621+0000][gc,phases     ] GC(1191)   Evacuate Collection Set: 15.8ms
[2025-11-08T02:05:51.622+0000][gc,phases     ] GC(1191)   Post Evacuate Collection Set: 2.1ms
[2025-11-08T02:05:51.622+0000][gc,phases     ] GC(1191)   Other: 1.2ms
[2025-11-08T02:05:51.622+0000][gc,heap       ] GC(1191) Eden regions: 80->0(78)
[2025-11-08T02:05:51.623+0000][gc,heap       ] GC(1191) Survivor regions: 4->6(11)
[2025-11-08T02:05:51.623+0000][gc,heap       ] GC(1191) Old regions: 133->133
[2025-11-08T02:05:51.624+0000][gc,heap       ] GC(1191) Humongous regions: 147->147
[2025-11-08T02:05:51.624+0000][gc,metaspace  ] GC(1191) Metaspace: 53353K(56604K)->53353K(56604K) NonClass: 47450K(49232K)->47450K(49232K) Class: 5903K(7372K)->5903K(7372K)
[2025-11-08T02:05:51.625+0000][gc            ] GC(1191) Pause Young (Normal) (G1 Evacuation Pause) 363M->285M(684M) 22.769ms
[2025-11-08T02:05:51.625+0000][gc,cpu        ] GC(1191) User=0.04s Sys=0.00s Real=0.02s
[2025-11-08T02:06:03.537+0000][gc,start      ] GC(1192) Pause Young (Normal) (G1 Evacuation Pause)
[2025-11-08T02:06:03.538+0000][gc,task       ] GC(1192) Using 2 workers of 2 for evacuation
[2025-11-08T02:06:03.563+0000][gc,mmu        ] GC(1192) MMU target violated: 21.0ms (20.0ms/21.0ms)
[2025-11-08T02:06:03.564+0000][gc,phases     ] GC(1192)   Pre Evacuate Collection Set: 0.0ms
[2025-11-08T02:06:03.565+0000][gc,phases     ] GC(1192)   Evacuate Collection Set: 23.9ms
[2025-11-08T02:06:03.565+0000][gc,phases     ] GC(1192)   Post Evacuate Collection Set: 1.1ms
[2025-11-08T02:06:03.566+0000][gc,phases     ] GC(1192)   Other: 1.6ms
[2025-11-08T02:06:03.566+0000][gc,heap       ] GC(1192) Eden regions: 72->0(66)
[2025-11-08T02:06:03.567+0000][gc,heap       ] GC(1192) Survivor regions: 6->6(10)
[2025-11-08T02:06:03.567+0000][gc,heap       ] GC(1192) Old regions: 133->134
[2025-11-08T02:06:03.568+0000][gc,heap       ] GC(1192) Humongous regions: 147->147
[2025-11-08T02:06:03.568+0000][gc,metaspace  ] GC(1192) Metaspace: 53353K(56604K)->53353K(56604K) NonClass: 47450K(49232K)->47450K(49232K) Class: 5903K(7372K)->5903K(7372K)
[2025-11-08T02:06:03.568+0000][gc            ] GC(1192) Pause Young (Normal) (G1 Evacuation Pause) 357M->286M(684M) 31.301ms
[2025-11-08T02:06:03.569+0000][gc,cpu        ] GC(1192) User=0.05s Sys=0.00s Real=0.03s
[2025-11-08T02:06:11.336+0000][gc,start      ] GC(1193) Pause Young (Normal) (G1 Evacuation Pause)
[2025-11-08T02:06:11.336+0000][gc,task       ] GC(1193) Using 2 workers of 2 for evacuation
[2025-11-08T02:06:11.349+0000][gc,phases     ] GC(1193)   Pre Evacuate Collection Set: 0.0ms
[2025-11-08T02:06:11.350+0000][gc,phases     ] GC(1193)   Evacuate Collection Set: 11.8ms
[2025-11-08T02:06:11.350+0000][gc,phases     ] GC(1193)   Post Evacuate Collection Set: 0.8ms
[2025-11-08T02:06:11.350+0000][gc,phases     ] GC(1193)   Other: 0.6ms
[2025-11-08T02:06:11.350+0000][gc,heap       ] GC(1193) Eden regions: 47->0(62)
[2025-11-08T02:06:11.350+0000][gc,heap       ] GC(1193) Survivor regions: 6->4(7)
[2025-11-08T02:06:11.351+0000][gc,heap       ] GC(1193) Old regions: 134->136
[2025-11-08T02:06:11.351+0000][gc,heap       ] GC(1193) Humongous regions: 147->147
[2025-11-08T02:06:11.351+0000][gc,metaspace  ] GC(1193) Metaspace: 53353K(56604K)->53353K(56604K) NonClass: 47450K(49232K)->47450K(49232K) Class: 5903K(7372K)->5903K(7372K)
[2025-11-08T02:06:11.351+0000][gc            ] GC(1193) Pause Young (Normal) (G1 Evacuation Pause) 333M->285M(684M) 14.939ms
[2025-11-08T02:06:11.351+0000][gc,cpu        ] GC(1193) User=0.03s Sys=0.00s Real=0.01s
[2025-11-08T02:06:21.198+0000][gc,start      ] GC(1194) Pause Young (Normal) (G1 Evacuation Pause)
[2025-11-08T02:06:21.198+0000][gc,task       ] GC(1194) Using 2 workers of 2 for evacuation
[2025-11-08T02:06:21.209+0000][gc,phases     ] GC(1194)   Pre Evacuate Collection Set: 0.0ms
[2025-11-08T02:06:21.209+0000][gc,phases     ] GC(1194)   Evacuate Collection Set: 9.4ms
[2025-11-08T02:06:21.209+0000][gc,phases     ] GC(1194)   Post Evacuate Collection Set: 0.9ms
[2025-11-08T02:06:21.210+0000][gc,phases     ] GC(1194)   Other: 0.8ms
[2025-11-08T02:06:21.210+0000][gc,heap       ] GC(1194) Eden regions: 62->0(66)
[2025-11-08T02:06:21.210+0000][gc,heap       ] GC(1194) Survivor regions: 4->5(9)
[2025-11-08T02:06:21.210+0000][gc,heap       ] GC(1194) Old regions: 136->136
[2025-11-08T02:06:21.210+0000][gc,heap       ] GC(1194) Humongous regions: 147->147
[2025-11-08T02:06:21.211+0000][gc,metaspace  ] GC(1194) Metaspace: 53353K(56604K)->53353K(56604K) NonClass: 47450K(49232K)->47450K(49232K) Class: 5903K(7372K)->5903K(7372K)
[2025-11-08T02:06:21.211+0000][gc            ] GC(1194) Pause Young (Normal) (G1 Evacuation Pause) 347M->286M(684M) 13.385ms
[2025-11-08T02:06:21.211+0000][gc,cpu        ] GC(1194) User=0.02s Sys=0.00s Real=0.01s
[2025-11-08T02:06:31.613+0000][gc,start      ] GC(1195) Pause Young (Normal) (G1 Evacuation Pause)
[2025-11-08T02:06:31.614+0000][gc,task       ] GC(1195) Using 2 workers of 2 for evacuation
[2025-11-08T02:06:31.625+0000][gc,phases     ] GC(1195)   Pre Evacuate Collection Set: 0.0ms
[2025-11-08T02:06:31.626+0000][gc,phases     ] GC(1195)   Evacuate Collection Set: 10.5ms
[2025-11-08T02:06:31.626+0000][gc,phases     ] GC(1195)   Post Evacuate Collection Set: 0.8ms
[2025-11-08T02:06:31.626+0000][gc,phases     ] GC(1195)   Other: 0.8ms
[2025-11-08T02:06:31.627+0000][gc,heap       ] GC(1195) Eden regions: 66->0(73)
[2025-11-08T02:06:31.627+0000][gc,heap       ] GC(1195) Survivor regions: 5->5(9)
[2025-11-08T02:06:31.627+0000][gc,heap       ] GC(1195) Old regions: 136->136
[2025-11-08T02:06:31.627+0000][gc,heap       ] GC(1195) Humongous regions: 147->147
[2025-11-08T02:06:31.627+0000][gc,metaspace  ] GC(1195) Metaspace: 53353K(56604K)->53353K(56604K) NonClass: 47450K(49232K)->47450K(49232K) Class: 5903K(7372K)->5903K(7372K)
[2025-11-08T02:06:31.628+0000][gc            ] GC(1195) Pause Young (Normal) (G1 Evacuation Pause) 352M->286M(684M) 14.497ms
[2025-11-08T02:06:31.629+0000][gc,cpu        ] GC(1195) User=0.02s Sys=0.00s Real=0.02s
[2025-11-08T02:06:43.316+0000][gc,start      ] GC(1196) Pause Young (Normal) (G1 Evacuation Pause)
[2025-11-08T02:06:43.316+0000][gc,task       ] GC(1196) Using 2 workers of 2 for evacuation
[2025-11-08T02:06:43.328+0000][gc,phases     ] GC(1196)   Pre Evacuate Collection Set: 0.0ms
[2025-11-08T02:06:43.328+0000][gc,phases     ] GC(1196)   Evacuate Collection Set: 10.5ms
[2025-11-08T02:06:43.328+0000][gc,phases     ] GC(1196)   Post Evacuate Collection Set: 0.8ms
[2025-11-08T02:06:43.329+0000][gc,phases     ] GC(1196)   Other: 0.6ms
[2025-11-08T02:06:43.329+0000][gc,heap       ] GC(1196) Eden regions: 73->0(78)
[2025-11-08T02:06:43.329+0000][gc,heap       ] GC(1196) Survivor regions: 5->5(10)
[2025-11-08T02:06:43.329+0000][gc,heap       ] GC(1196) Old regions: 136->136
[2025-11-08T02:06:43.329+0000][gc,heap       ] GC(1196) Humongous regions: 147->147
[2025-11-08T02:06:43.329+0000][gc,metaspace  ] GC(1196) Metaspace: 53353K(56604K)->53353K(56604K) NonClass: 47450K(49232K)->47450K(49232K) Class: 5903K(7372K)->5903K(7372K)
[2025-11-08T02:06:43.329+0000][gc            ] GC(1196) Pause Young (Normal) (G1 Evacuation Pause) 359M->287M(684M) 13.322ms
[2025-11-08T02:06:43.330+0000][gc,cpu        ] GC(1196) User=0.02s Sys=0.00s Real=0.02s
[2025-11-08T02:06:53.928+0000][gc,start      ] GC(1197) Pause Young (Normal) (G1 Evacuation Pause)
[2025-11-08T02:06:53.928+0000][gc,task       ] GC(1197) Using 2 workers of 2 for evacuation
[2025-11-08T02:06:53.941+0000][gc,phases     ] GC(1197)   Pre Evacuate Collection Set: 0.0ms
[2025-11-08T02:06:53.941+0000][gc,phases     ] GC(1197)   Evacuate Collection Set: 11.8ms
[2025-11-08T02:06:53.942+0000][gc,phases     ] GC(1197)   Post Evacuate Collection Set: 0.8ms
[2025-11-08T02:06:53.942+0000][gc,phases     ] GC(1197)   Other: 0.7ms
[2025-11-08T02:06:53.942+0000][gc,heap       ] GC(1197) Eden regions: 68->0(74)
[2025-11-08T02:06:53.942+0000][gc,heap       ] GC(1197) Survivor regions: 5->5(10)
[2025-11-08T02:06:53.942+0000][gc,heap       ] GC(1197) Old regions: 136->136
[2025-11-08T02:06:53.943+0000][gc,heap       ] GC(1197) Humongous regions: 147->147
[2025-11-08T02:06:53.943+0000][gc,metaspace  ] GC(1197) Metaspace: 53353K(56604K)->53353K(56604K) NonClass: 47450K(49232K)->47450K(49232K) Class: 5903K(7372K)->5903K(7372K)
[2025-11-08T02:06:53.943+0000][gc            ] GC(1197) Pause Young (Normal) (G1 Evacuation Pause) 355M->286M(684M) 15.533ms
[2025-11-08T02:06:53.943+0000][gc,cpu        ] GC(1197) User=0.02s Sys=0.00s Real=0.01s
[2025-11-08T02:07:04.849+0000][gc,start      ] GC(1198) Pause Young (Normal) (G1 Evacuation Pause)
[2025-11-08T02:07:04.850+0000][gc,task       ] GC(1198) Using 2 workers of 2 for evacuation
[2025-11-08T02:07:04.862+0000][gc,phases     ] GC(1198)   Pre Evacuate Collection Set: 0.0ms
[2025-11-08T02:07:04.862+0000][gc,phases     ] GC(1198)   Evacuate Collection Set: 10.6ms
[2025-11-08T02:07:04.862+0000][gc,phases     ] GC(1198)   Post Evacuate Collection Set: 0.7ms
[2025-11-08T02:07:04.862+0000][gc,phases     ] GC(1198)   Other: 1.2ms
[2025-11-08T02:07:04.862+0000][gc,heap       ] GC(1198) Eden regions: 69->0(76)
[2025-11-08T02:07:04.862+0000][gc,heap       ] GC(1198) Survivor regions: 5->6(10)
[2025-11-08T02:07:04.863+0000][gc,heap       ] GC(1198) Old regions: 136->136
[2025-11-08T02:07:04.863+0000][gc,heap       ] GC(1198) Humongous regions: 147->147
[2025-11-08T02:07:04.863+0000][gc,metaspace  ] GC(1198) Metaspace: 53353K(56604K)->53353K(56604K) NonClass: 47450K(49232K)->47450K(49232K) Class: 5903K(7372K)->5903K(7372K)
[2025-11-08T02:07:04.863+0000][gc            ] GC(1198) Pause Young (Normal) (G1 Evacuation Pause) 355M->287M(684M) 13.693ms
[2025-11-08T02:07:04.863+0000][gc,cpu        ] GC(1198) User=0.02s Sys=0.00s Real=0.01s
[2025-11-08T02:07:16.776+0000][gc,start      ] GC(1199) Pause Young (Normal) (G1 Evacuation Pause)
[2025-11-08T02:07:16.777+0000][gc,task       ] GC(1199) Using 2 workers of 2 for evacuation
[2025-11-08T02:07:16.789+0000][gc,phases     ] GC(1199)   Pre Evacuate Collection Set: 0.0ms
[2025-11-08T02:07:16.789+0000][gc,phases     ] GC(1199)   Evacuate Collection Set: 10.5ms
[2025-11-08T02:07:16.789+0000][gc,phases     ] GC(1199)   Post Evacuate Collection Set: 1.2ms
[2025-11-08T02:07:16.789+0000][gc,phases     ] GC(1199)   Other: 1.0ms
[2025-11-08T02:07:16.790+0000][gc,heap       ] GC(1199) Eden regions: 76->0(79)
[2025-11-08T02:07:16.790+0000][gc,heap       ] GC(1199) Survivor regions: 6->6(11)
[2025-11-08T02:07:16.791+0000][gc,heap       ] GC(1199) Old regions: 136->136
[2025-11-08T02:07:16.791+0000][gc,heap       ] GC(1199) Humongous regions: 147->147
[2025-11-08T02:07:16.791+0000][gc,metaspace  ] GC(1199) Metaspace: 53353K(56604K)->53353K(56604K) NonClass: 47450K(49232K)->47450K(49232K) Class: 5903K(7372K)->5903K(7372K)
[2025-11-08T02:07:16.791+0000][gc            ] GC(1199) Pause Young (Normal) (G1 Evacuation Pause) 363M->288M(684M) 14.979ms
[2025-11-08T02:07:16.791+0000][gc,cpu        ] GC(1199) User=0.02s Sys=0.00s Real=0.02s
[2025-11-08T02:07:29.134+0000][gc,start      ] GC(1200) Pause Young (Normal) (G1 Evacuation Pause)
[2025-11-08T02:07:29.134+0000][gc,task       ] GC(1200) Using 2 workers of 2 for evacuation
[2025-11-08T02:07:29.145+0000][gc,phases     ] GC(1200)   Pre Evacuate Collection Set: 0.0ms
[2025-11-08T02:07:29.146+0000][gc,phases     ] GC(1200)   Evacuate Collection Set: 10.2ms
[2025-11-08T02:07:29.146+0000][gc,phases     ] GC(1200)   Post Evacuate Collection Set: 0.7ms
[2025-11-08T02:07:29.146+0000][gc,phases     ] GC(1200)   Other: 0.6ms
[2025-11-08T02:07:29.146+0000][gc,heap       ] GC(1200) Eden regions: 79->0(82)
[2025-11-08T02:07:29.146+0000][gc,heap       ] GC(1200) Survivor regions: 6->6(11)
[2025-11-08T02:07:29.146+0000][gc,heap       ] GC(1200) Old regions: 136->136
[2025-11-08T02:07:29.147+0000][gc,heap       ] GC(1200) Humongous regions: 147->147
[2025-11-08T02:07:29.147+0000][gc,metaspace  ] GC(1200) Metaspace: 53353K(56604K)->53353K(56604K) NonClass: 47450K(49232K)->47450K(49232K) Class: 5903K(7372K)->5903K(7372K)
[2025-11-08T02:07:29.147+0000][gc            ] GC(1200) Pause Young (Normal) (G1 Evacuation Pause) 367M->287M(684M) 12.843ms
[2025-11-08T02:07:29.147+0000][gc,cpu        ] GC(1200) User=0.02s Sys=0.00s Real=0.01s
[2025-11-08T02:07:42.428+0000][gc,start      ] GC(1201) Pause Young (Normal) (G1 Evacuation Pause)
[2025-11-08T02:07:42.428+0000][gc,task       ] GC(1201) Using 2 workers of 2 for evacuation
[2025-11-08T02:07:42.441+0000][gc,phases     ] GC(1201)   Pre Evacuate Collection Set: 0.0ms
[2025-11-08T02:07:42.441+0000][gc,phases     ] GC(1201)   Evacuate Collection Set: 12.0ms
[2025-11-08T02:07:42.441+0000][gc,phases     ] GC(1201)   Post Evacuate Collection Set: 0.6ms
[2025-11-08T02:07:42.441+0000][gc,phases     ] GC(1201)   Other: 0.5ms
[2025-11-08T02:07:42.441+0000][gc,heap       ] GC(1201) Eden regions: 82->0(85)
[2025-11-08T02:07:42.442+0000][gc,heap       ] GC(1201) Survivor regions: 6->7(11)
[2025-11-08T02:07:42.442+0000][gc,heap       ] GC(1201) Old regions: 136->136
[2025-11-08T02:07:42.442+0000][gc,heap       ] GC(1201) Humongous regions: 147->147
[2025-11-08T02:07:42.442+0000][gc,metaspace  ] GC(1201) Metaspace: 53353K(56604K)->53353K(56604K) NonClass: 47450K(49232K)->47450K(49232K) Class: 5903K(7372K)->5903K(7372K)
[2025-11-08T02:07:42.442+0000][gc            ] GC(1201) Pause Young (Normal) (G1 Evacuation Pause) 369M->289M(684M) 14.896ms
[2025-11-08T02:07:42.443+0000][gc,cpu        ] GC(1201) User=0.03s Sys=0.00s Real=0.01s
[2025-11-08T02:07:55.245+0000][gc,start      ] GC(1202) Pause Young (Normal) (G1 Evacuation Pause)
[2025-11-08T02:07:55.245+0000][gc,task       ] GC(1202) Using 2 workers of 2 for evacuation
[2025-11-08T02:07:55.257+0000][gc,phases     ] GC(1202)   Pre Evacuate Collection Set: 0.0ms
[2025-11-08T02:07:55.257+0000][gc,phases     ] GC(1202)   Evacuate Collection Set: 11.2ms
[2025-11-08T02:07:55.257+0000][gc,phases     ] GC(1202)   Post Evacuate Collection Set: 0.7ms
[2025-11-08T02:07:55.258+0000][gc,phases     ] GC(1202)   Other: 0.5ms
[2025-11-08T02:07:55.258+0000][gc,heap       ] GC(1202) Eden regions: 80->0(88)
[2025-11-08T02:07:55.258+0000][gc,heap       ] GC(1202) Survivor regions: 7->6(11)
[2025-11-08T02:07:55.258+0000][gc,heap       ] GC(1202) Old regions: 136->137
[2025-11-08T02:07:55.258+0000][gc,heap       ] GC(1202) Humongous regions: 147->147
[2025-11-08T02:07:55.258+0000][gc,metaspace  ] GC(1202) Metaspace: 53353K(56604K)->53353K(56604K) NonClass: 47450K(49232K)->47450K(49232K) Class: 5903K(7372K)->5903K(7372K)
[2025-11-08T02:07:55.259+0000][gc            ] GC(1202) Pause Young (Normal) (G1 Evacuation Pause) 369M->289M(684M) 14.028ms
[2025-11-08T02:07:55.259+0000][gc,cpu        ] GC(1202) User=0.03s Sys=0.00s Real=0.02s
[2025-11-08T02:08:09.369+0000][gc,start      ] GC(1203) Pause Young (Normal) (G1 Evacuation Pause)
[2025-11-08T02:08:09.369+0000][gc,task       ] GC(1203) Using 2 workers of 2 for evacuation
[2025-11-08T02:08:09.386+0000][gc,phases     ] GC(1203)   Pre Evacuate Collection Set: 0.0ms
[2025-11-08T02:08:09.387+0000][gc,phases     ] GC(1203)   Evacuate Collection Set: 15.7ms
[2025-11-08T02:08:09.387+0000][gc,phases     ] GC(1203)   Post Evacuate Collection Set: 1.1ms
[2025-11-08T02:08:09.387+0000][gc,phases     ] GC(1203)   Other: 0.8ms
[2025-11-08T02:08:09.388+0000][gc,heap       ] GC(1203) Eden regions: 88->0(86)
[2025-11-08T02:08:09.388+0000][gc,heap       ] GC(1203) Survivor regions: 6->6(12)
[2025-11-08T02:08:09.388+0000][gc,heap       ] GC(1203) Old regions: 137->137
[2025-11-08T02:08:09.389+0000][gc,heap       ] GC(1203) Humongous regions: 147->147
[2025-11-08T02:08:09.389+0000][gc,metaspace  ] GC(1203) Metaspace: 53353K(56604K)->53353K(56604K) NonClass: 47450K(49232K)->47450K(49232K) Class: 5903K(7372K)->5903K(7372K)
[2025-11-08T02:08:09.389+0000][gc            ] GC(1203) Pause Young (Normal) (G1 Evacuation Pause) 377M->289M(684M) 20.446ms
[2025-11-08T02:08:09.390+0000][gc,cpu        ] GC(1203) User=0.04s Sys=0.00s Real=0.02s
[2025-11-08T02:08:22.482+0000][gc,start      ] GC(1204) Pause Young (Normal) (G1 Evacuation Pause)
[2025-11-08T02:08:22.483+0000][gc,task       ] GC(1204) Using 2 workers of 2 for evacuation
[2025-11-08T02:08:22.500+0000][gc,phases     ] GC(1204)   Pre Evacuate Collection Set: 0.0ms
[2025-11-08T02:08:22.501+0000][gc,phases     ] GC(1204)   Evacuate Collection Set: 16.4ms
[2025-11-08T02:08:22.501+0000][gc,phases     ] GC(1204)   Post Evacuate Collection Set: 1.0ms
[2025-11-08T02:08:22.501+0000][gc,phases     ] GC(1204)   Other: 0.9ms
[2025-11-08T02:08:22.501+0000][gc,heap       ] GC(1204) Eden regions: 80->0(84)
[2025-11-08T02:08:22.502+0000][gc,heap       ] GC(1204) Survivor regions: 6->7(11)
[2025-11-08T02:08:22.502+0000][gc,heap       ] GC(1204) Old regions: 137->137
[2025-11-08T02:08:22.502+0000][gc,heap       ] GC(1204) Humongous regions: 147->147
[2025-11-08T02:08:22.502+0000][gc,metaspace  ] GC(1204) Metaspace: 53353K(56604K)->53353K(56604K) NonClass: 47450K(49232K)->47450K(49232K) Class: 5903K(7372K)->5903K(7372K)
[2025-11-08T02:08:22.503+0000][gc            ] GC(1204) Pause Young (Normal) (G1 Evacuation Pause) 369M->290M(684M) 20.348ms
[2025-11-08T02:08:22.503+0000][gc,cpu        ] GC(1204) User=0.03s Sys=0.00s Real=0.02s
[2025-11-08T02:08:35.633+0000][gc,start      ] GC(1205) Pause Young (Normal) (G1 Evacuation Pause)
[2025-11-08T02:08:35.634+0000][gc,task       ] GC(1205) Using 2 workers of 2 for evacuation
[2025-11-08T02:08:35.661+0000][gc,mmu        ] GC(1205) MMU target violated: 21.0ms (20.0ms/21.0ms)
[2025-11-08T02:08:35.661+0000][gc,phases     ] GC(1205)   Pre Evacuate Collection Set: 0.0ms
[2025-11-08T02:08:35.661+0000][gc,phases     ] GC(1205)   Evacuate Collection Set: 24.4ms
[2025-11-08T02:08:35.662+0000][gc,phases     ] GC(1205)   Post Evacuate Collection Set: 1.5ms
[2025-11-08T02:08:35.662+0000][gc,phases     ] GC(1205)   Other: 1.9ms
[2025-11-08T02:08:35.663+0000][gc,heap       ] GC(1205) Eden regions: 73->0(73)
[2025-11-08T02:08:35.663+0000][gc,heap       ] GC(1205) Survivor regions: 7->4(10)
[2025-11-08T02:08:35.663+0000][gc,heap       ] GC(1205) Old regions: 137->139
[2025-11-08T02:08:35.664+0000][gc,heap       ] GC(1205) Humongous regions: 147->147
[2025-11-08T02:08:35.664+0000][gc,metaspace  ] GC(1205) Metaspace: 53353K(56604K)->53353K(56604K) NonClass: 47450K(49232K)->47450K(49232K) Class: 5903K(7372K)->5903K(7372K)
[2025-11-08T02:08:35.665+0000][gc            ] GC(1205) Pause Young (Normal) (G1 Evacuation Pause) 363M->289M(684M) 31.810ms
[2025-11-08T02:08:35.666+0000][gc,cpu        ] GC(1205) User=0.05s Sys=0.00s Real=0.03s
[2025-11-08T02:08:44.035+0000][gc,start      ] GC(1206) Pause Young (Normal) (G1 Evacuation Pause)
[2025-11-08T02:08:44.035+0000][gc,task       ] GC(1206) Using 2 workers of 2 for evacuation
[2025-11-08T02:08:44.056+0000][gc,phases     ] GC(1206)   Pre Evacuate Collection Set: 0.0ms
[2025-11-08T02:08:44.056+0000][gc,phases     ] GC(1206)   Evacuate Collection Set: 17.2ms
[2025-11-08T02:08:44.056+0000][gc,phases     ] GC(1206)   Post Evacuate Collection Set: 2.2ms
[2025-11-08T02:08:44.057+0000][gc,phases     ] GC(1206)   Other: 1.1ms
[2025-11-08T02:08:44.057+0000][gc,heap       ] GC(1206) Eden regions: 47->0(48)
[2025-11-08T02:08:44.058+0000][gc,heap       ] GC(1206) Survivor regions: 4->6(7)
[2025-11-08T02:08:44.058+0000][gc,heap       ] GC(1206) Old regions: 139->139
[2025-11-08T02:08:44.059+0000][gc,heap       ] GC(1206) Humongous regions: 147->147
[2025-11-08T02:08:44.059+0000][gc,metaspace  ] GC(1206) Metaspace: 53353K(56604K)->53353K(56604K) NonClass: 47450K(49232K)->47450K(49232K) Class: 5903K(7372K)->5903K(7372K)
[2025-11-08T02:08:44.059+0000][gc            ] GC(1206) Pause Young (Normal) (G1 Evacuation Pause) 336M->290M(684M) 24.169ms
[2025-11-08T02:08:44.060+0000][gc,cpu        ] GC(1206) User=0.03s Sys=0.00s Real=0.03s
[2025-11-08T02:08:50.057+0000][gc,start      ] GC(1207) Pause Young (Normal) (G1 Evacuation Pause)
[2025-11-08T02:08:50.058+0000][gc,task       ] GC(1207) Using 2 workers of 2 for evacuation
[2025-11-08T02:08:50.077+0000][gc,phases     ] GC(1207)   Pre Evacuate Collection Set: 0.0ms
[2025-11-08T02:08:50.078+0000][gc,phases     ] GC(1207)   Evacuate Collection Set: 17.4ms
[2025-11-08T02:08:50.078+0000][gc,phases     ] GC(1207)   Post Evacuate Collection Set: 0.9ms
[2025-11-08T02:08:50.079+0000][gc,phases     ] GC(1207)   Other: 1.8ms
[2025-11-08T02:08:50.079+0000][gc,heap       ] GC(1207) Eden regions: 34->0(56)
[2025-11-08T02:08:50.080+0000][gc,heap       ] GC(1207) Survivor regions: 6->3(5)
[2025-11-08T02:08:50.080+0000][gc,heap       ] GC(1207) Old regions: 139->141
[2025-11-08T02:08:50.083+0000][gc,heap       ] GC(1207) Humongous regions: 147->147
[2025-11-08T02:08:50.084+0000][gc,metaspace  ] GC(1207) Metaspace: 53353K(56604K)->53353K(56604K) NonClass: 47450K(49232K)->47450K(49232K) Class: 5903K(7372K)->5903K(7372K)
[2025-11-08T02:08:50.084+0000][gc            ] GC(1207) Pause Young (Normal) (G1 Evacuation Pause) 324M->290M(684M) 26.827ms
[2025-11-08T02:08:50.087+0000][gc,cpu        ] GC(1207) User=0.04s Sys=0.00s Real=0.02s
[2025-11-08T02:08:59.357+0000][gc,start      ] GC(1208) Pause Young (Normal) (G1 Evacuation Pause)
[2025-11-08T02:08:59.357+0000][gc,task       ] GC(1208) Using 2 workers of 2 for evacuation
[2025-11-08T02:08:59.368+0000][gc,phases     ] GC(1208)   Pre Evacuate Collection Set: 0.0ms
[2025-11-08T02:08:59.369+0000][gc,phases     ] GC(1208)   Evacuate Collection Set: 9.6ms
[2025-11-08T02:08:59.369+0000][gc,phases     ] GC(1208)   Post Evacuate Collection Set: 0.9ms
[2025-11-08T02:08:59.369+0000][gc,phases     ] GC(1208)   Other: 0.9ms
[2025-11-08T02:08:59.369+0000][gc,heap       ] GC(1208) Eden regions: 56->0(60)
[2025-11-08T02:08:59.370+0000][gc,heap       ] GC(1208) Survivor regions: 3->4(8)
[2025-11-08T02:08:59.370+0000][gc,heap       ] GC(1208) Old regions: 141->141
[2025-11-08T02:08:59.370+0000][gc,heap       ] GC(1208) Humongous regions: 147->147
[2025-11-08T02:08:59.370+0000][gc,metaspace  ] GC(1208) Metaspace: 53353K(56604K)->53353K(56604K) NonClass: 47450K(49232K)->47450K(49232K) Class: 5903K(7372K)->5903K(7372K)
[2025-11-08T02:08:59.370+0000][gc            ] GC(1208) Pause Young (Normal) (G1 Evacuation Pause) 346M->290M(684M) 13.486ms
[2025-11-08T02:08:59.371+0000][gc,cpu        ] GC(1208) User=0.02s Sys=0.00s Real=0.01s
[2025-11-08T02:09:09.216+0000][gc,start      ] GC(1209) Pause Young (Normal) (G1 Evacuation Pause)
[2025-11-08T02:09:09.217+0000][gc,task       ] GC(1209) Using 2 workers of 2 for evacuation
[2025-11-08T02:09:09.227+0000][gc,phases     ] GC(1209)   Pre Evacuate Collection Set: 0.0ms
[2025-11-08T02:09:09.228+0000][gc,phases     ] GC(1209)   Evacuate Collection Set: 8.5ms
[2025-11-08T02:09:09.228+0000][gc,phases     ] GC(1209)   Post Evacuate Collection Set: 1.7ms
[2025-11-08T02:09:09.229+0000][gc,phases     ] GC(1209)   Other: 0.8ms
[2025-11-08T02:09:09.229+0000][gc,heap       ] GC(1209) Eden regions: 60->0(70)
[2025-11-08T02:09:09.229+0000][gc,heap       ] GC(1209) Survivor regions: 4->3(8)
[2025-11-08T02:09:09.230+0000][gc,heap       ] GC(1209) Old regions: 141->141
[2025-11-08T02:09:09.230+0000][gc,heap       ] GC(1209) Humongous regions: 147->147
[2025-11-08T02:09:09.230+0000][gc,metaspace  ] GC(1209) Metaspace: 53353K(56604K)->53353K(56604K) NonClass: 47450K(49232K)->47450K(49232K) Class: 5903K(7372K)->5903K(7372K)
[2025-11-08T02:09:09.231+0000][gc            ] GC(1209) Pause Young (Normal) (G1 Evacuation Pause) 350M->289M(684M) 14.633ms
[2025-11-08T02:09:09.231+0000][gc,cpu        ] GC(1209) User=0.02s Sys=0.00s Real=0.02s
[2025-11-08T02:09:20.858+0000][gc,start      ] GC(1210) Pause Young (Normal) (G1 Evacuation Pause)
[2025-11-08T02:09:20.858+0000][gc,task       ] GC(1210) Using 2 workers of 2 for evacuation
[2025-11-08T02:09:20.869+0000][gc,phases     ] GC(1210)   Pre Evacuate Collection Set: 0.0ms
[2025-11-08T02:09:20.870+0000][gc,phases     ] GC(1210)   Evacuate Collection Set: 9.7ms
[2025-11-08T02:09:20.870+0000][gc,phases     ] GC(1210)   Post Evacuate Collection Set: 0.7ms
[2025-11-08T02:09:20.870+0000][gc,phases     ] GC(1210)   Other: 0.8ms
[2025-11-08T02:09:20.870+0000][gc,heap       ] GC(1210) Eden regions: 70->0(75)
[2025-11-08T02:09:20.871+0000][gc,heap       ] GC(1210) Survivor regions: 3->3(10)
[2025-11-08T02:09:20.871+0000][gc,heap       ] GC(1210) Old regions: 141->141
[2025-11-08T02:09:20.871+0000][gc,heap       ] GC(1210) Humongous regions: 147->147
[2025-11-08T02:09:20.871+0000][gc,metaspace  ] GC(1210) Metaspace: 53353K(56604K)->53353K(56604K) NonClass: 47450K(49232K)->47450K(49232K) Class: 5903K(7372K)->5903K(7372K)
[2025-11-08T02:09:20.872+0000][gc            ] GC(1210) Pause Young (Normal) (G1 Evacuation Pause) 359M->290M(684M) 13.296ms
[2025-11-08T02:09:20.872+0000][gc,cpu        ] GC(1210) User=0.02s Sys=0.00s Real=0.02s
[2025-11-08T02:09:33.758+0000][gc,start      ] GC(1211) Pause Young (Normal) (G1 Evacuation Pause)
[2025-11-08T02:09:33.758+0000][gc,task       ] GC(1211) Using 2 workers of 2 for evacuation
[2025-11-08T02:09:33.775+0000][gc,phases     ] GC(1211)   Pre Evacuate Collection Set: 0.0ms
[2025-11-08T02:09:33.775+0000][gc,phases     ] GC(1211)   Evacuate Collection Set: 14.8ms
[2025-11-08T02:09:33.776+0000][gc,phases     ] GC(1211)   Post Evacuate Collection Set: 1.1ms
[2025-11-08T02:09:33.776+0000][gc,phases     ] GC(1211)   Other: 0.9ms
[2025-11-08T02:09:33.776+0000][gc,heap       ] GC(1211) Eden regions: 75->0(74)
[2025-11-08T02:09:33.777+0000][gc,heap       ] GC(1211) Survivor regions: 3->4(10)
[2025-11-08T02:09:33.777+0000][gc,heap       ] GC(1211) Old regions: 141->141
[2025-11-08T02:09:33.778+0000][gc,heap       ] GC(1211) Humongous regions: 147->147
[2025-11-08T02:09:33.778+0000][gc,metaspace  ] GC(1211) Metaspace: 53353K(56604K)->53353K(56604K) NonClass: 47450K(49232K)->47450K(49232K) Class: 5903K(7372K)->5903K(7372K)
[2025-11-08T02:09:33.778+0000][gc            ] GC(1211) Pause Young (Normal) (G1 Evacuation Pause) 365M->291M(684M) 20.094ms
[2025-11-08T02:09:33.778+0000][gc,cpu        ] GC(1211) User=0.03s Sys=0.00s Real=0.02s
[2025-11-08T02:09:45.726+0000][gc,start      ] GC(1212) Pause Young (Normal) (G1 Evacuation Pause)
[2025-11-08T02:09:45.727+0000][gc,task       ] GC(1212) Using 2 workers of 2 for evacuation
[2025-11-08T02:09:45.741+0000][gc,phases     ] GC(1212)   Pre Evacuate Collection Set: 0.0ms
[2025-11-08T02:09:45.741+0000][gc,phases     ] GC(1212)   Evacuate Collection Set: 12.6ms
[2025-11-08T02:09:45.742+0000][gc,phases     ] GC(1212)   Post Evacuate Collection Set: 0.8ms
[2025-11-08T02:09:45.742+0000][gc,phases     ] GC(1212)   Other: 1.3ms
[2025-11-08T02:09:45.742+0000][gc,heap       ] GC(1212) Eden regions: 64->0(74)
[2025-11-08T02:09:45.742+0000][gc,heap       ] GC(1212) Survivor regions: 4->4(9)
[2025-11-08T02:09:45.743+0000][gc,heap       ] GC(1212) Old regions: 141->141
[2025-11-08T02:09:45.743+0000][gc,heap       ] GC(1212) Humongous regions: 147->147
[2025-11-08T02:09:45.743+0000][gc,metaspace  ] GC(1212) Metaspace: 53356K(56604K)->53356K(56604K) NonClass: 47453K(49232K)->47453K(49232K) Class: 5903K(7372K)->5903K(7372K)
[2025-11-08T02:09:45.743+0000][gc            ] GC(1212) Pause Young (Normal) (G1 Evacuation Pause) 355M->291M(684M) 16.978ms
[2025-11-08T02:09:45.744+0000][gc,cpu        ] GC(1212) User=0.02s Sys=0.00s Real=0.02s
[2025-11-08T02:09:55.686+0000][gc,start      ] GC(1213) Pause Young (Normal) (G1 Evacuation Pause)
[2025-11-08T02:09:55.686+0000][gc,task       ] GC(1213) Using 2 workers of 2 for evacuation
[2025-11-08T02:09:55.699+0000][gc,phases     ] GC(1213)   Pre Evacuate Collection Set: 0.0ms
[2025-11-08T02:09:55.700+0000][gc,phases     ] GC(1213)   Evacuate Collection Set: 11.6ms
[2025-11-08T02:09:55.700+0000][gc,phases     ] GC(1213)   Post Evacuate Collection Set: 1.1ms
[2025-11-08T02:09:55.700+0000][gc,phases     ] GC(1213)   Other: 0.6ms
[2025-11-08T02:09:55.700+0000][gc,heap       ] GC(1213) Eden regions: 64->0(70)
[2025-11-08T02:09:55.701+0000][gc,heap       ] GC(1213) Survivor regions: 4->5(9)
[2025-11-08T02:09:55.701+0000][gc,heap       ] GC(1213) Old regions: 141->141
[2025-11-08T02:09:55.702+0000][gc,heap       ] GC(1213) Humongous regions: 147->147
[2025-11-08T02:09:55.702+0000][gc,metaspace  ] GC(1213) Metaspace: 53356K(56604K)->53356K(56604K) NonClass: 47453K(49232K)->47453K(49232K) Class: 5903K(7372K)->5903K(7372K)
[2025-11-08T02:09:55.702+0000][gc            ] GC(1213) Pause Young (Normal) (G1 Evacuation Pause) 355M->292M(684M) 16.382ms
[2025-11-08T02:09:55.703+0000][gc,cpu        ] GC(1213) User=0.03s Sys=0.00s Real=0.02s
[2025-11-08T02:10:05.829+0000][gc,start      ] GC(1214) Pause Young (Normal) (G1 Evacuation Pause)
[2025-11-08T02:10:05.830+0000][gc,task       ] GC(1214) Using 2 workers of 2 for evacuation
[2025-11-08T02:10:05.844+0000][gc,phases     ] GC(1214)   Pre Evacuate Collection Set: 0.0ms
[2025-11-08T02:10:05.844+0000][gc,phases     ] GC(1214)   Evacuate Collection Set: 11.8ms
[2025-11-08T02:10:05.844+0000][gc,phases     ] GC(1214)   Post Evacuate Collection Set: 1.3ms
[2025-11-08T02:10:05.844+0000][gc,phases     ] GC(1214)   Other: 1.1ms
[2025-11-08T02:10:05.845+0000][gc,heap       ] GC(1214) Eden regions: 65->0(71)
[2025-11-08T02:10:05.845+0000][gc,heap       ] GC(1214) Survivor regions: 5->6(9)
[2025-11-08T02:10:05.845+0000][gc,heap       ] GC(1214) Old regions: 141->141
[2025-11-08T02:10:05.845+0000][gc,heap       ] GC(1214) Humongous regions: 147->147
[2025-11-08T02:10:05.846+0000][gc,metaspace  ] GC(1214) Metaspace: 53356K(56604K)->53356K(56604K) NonClass: 47453K(49232K)->47453K(49232K) Class: 5903K(7372K)->5903K(7372K)
[2025-11-08T02:10:05.846+0000][gc            ] GC(1214) Pause Young (Normal) (G1 Evacuation Pause) 357M->293M(684M) 16.475ms
[2025-11-08T02:10:05.846+0000][gc,cpu        ] GC(1214) User=0.02s Sys=0.00s Real=0.01s
[2025-11-08T02:10:16.675+0000][gc,start      ] GC(1215) Pause Young (Normal) (G1 Evacuation Pause)
[2025-11-08T02:10:16.676+0000][gc,task       ] GC(1215) Using 2 workers of 2 for evacuation
[2025-11-08T02:10:16.711+0000][gc,mmu        ] GC(1215) MMU target violated: 21.0ms (20.0ms/21.0ms)
[2025-11-08T02:10:16.711+0000][gc,phases     ] GC(1215)   Pre Evacuate Collection Set: 0.0ms
[2025-11-08T02:10:16.714+0000][gc,phases     ] GC(1215)   Evacuate Collection Set: 33.1ms
[2025-11-08T02:10:16.715+0000][gc,phases     ] GC(1215)   Post Evacuate Collection Set: 1.4ms
[2025-11-08T02:10:16.718+0000][gc,phases     ] GC(1215)   Other: 1.4ms
[2025-11-08T02:10:16.718+0000][gc,heap       ] GC(1215) Eden regions: 71->0(28)
[2025-11-08T02:10:16.719+0000][gc,heap       ] GC(1215) Survivor regions: 6->6(10)
[2025-11-08T02:10:16.719+0000][gc,heap       ] GC(1215) Old regions: 141->142
[2025-11-08T02:10:16.719+0000][gc,heap       ] GC(1215) Humongous regions: 147->147
[2025-11-08T02:10:16.720+0000][gc,metaspace  ] GC(1215) Metaspace: 53356K(56604K)->53356K(56604K) NonClass: 47453K(49232K)->47453K(49232K) Class: 5903K(7372K)->5903K(7372K)
[2025-11-08T02:10:16.720+0000][gc            ] GC(1215) Pause Young (Normal) (G1 Evacuation Pause) 364M->293M(684M) 45.155ms
[2025-11-08T02:10:16.721+0000][gc,cpu        ] GC(1215) User=0.06s Sys=0.00s Real=0.05s
[2025-11-08T02:10:20.805+0000][gc,start      ] GC(1216) Pause Young (Normal) (G1 Evacuation Pause)
[2025-11-08T02:10:20.806+0000][gc,task       ] GC(1216) Using 2 workers of 2 for evacuation
[2025-11-08T02:10:20.817+0000][gc,phases     ] GC(1216)   Pre Evacuate Collection Set: 0.0ms
[2025-11-08T02:10:20.817+0000][gc,phases     ] GC(1216)   Evacuate Collection Set: 10.1ms
[2025-11-08T02:10:20.817+0000][gc,phases     ] GC(1216)   Post Evacuate Collection Set: 0.8ms
[2025-11-08T02:10:20.817+0000][gc,phases     ] GC(1216)   Other: 0.6ms
[2025-11-08T02:10:20.818+0000][gc,heap       ] GC(1216) Eden regions: 28->0(70)
[2025-11-08T02:10:20.818+0000][gc,heap       ] GC(1216) Survivor regions: 6->3(5)
[2025-11-08T02:10:20.818+0000][gc,heap       ] GC(1216) Old regions: 142->144
[2025-11-08T02:10:20.818+0000][gc,heap       ] GC(1216) Humongous regions: 147->147
[2025-11-08T02:10:20.818+0000][gc,metaspace  ] GC(1216) Metaspace: 53356K(56604K)->53356K(56604K) NonClass: 47453K(49232K)->47453K(49232K) Class: 5903K(7372K)->5903K(7372K)
[2025-11-08T02:10:20.819+0000][gc            ] GC(1216) Pause Young (Normal) (G1 Evacuation Pause) 321M->292M(684M) 13.126ms
[2025-11-08T02:10:20.819+0000][gc,cpu        ] GC(1216) User=0.02s Sys=0.00s Real=0.01s
[2025-11-08T02:10:31.344+0000][gc,start      ] GC(1217) Pause Young (Normal) (G1 Evacuation Pause)
[2025-11-08T02:10:31.344+0000][gc,task       ] GC(1217) Using 2 workers of 2 for evacuation
[2025-11-08T02:10:31.352+0000][gc,phases     ] GC(1217)   Pre Evacuate Collection Set: 0.0ms
[2025-11-08T02:10:31.352+0000][gc,phases     ] GC(1217)   Evacuate Collection Set: 6.2ms
[2025-11-08T02:10:31.352+0000][gc,phases     ] GC(1217)   Post Evacuate Collection Set: 0.7ms
[2025-11-08T02:10:31.352+0000][gc,phases     ] GC(1217)   Other: 0.7ms
[2025-11-08T02:10:31.352+0000][gc,heap       ] GC(1217) Eden regions: 70->0(77)
[2025-11-08T02:10:31.352+0000][gc,heap       ] GC(1217) Survivor regions: 3->3(10)
[2025-11-08T02:10:31.353+0000][gc,heap       ] GC(1217) Old regions: 144->144
[2025-11-08T02:10:31.353+0000][gc,heap       ] GC(1217) Humongous regions: 147->147
[2025-11-08T02:10:31.353+0000][gc,metaspace  ] GC(1217) Metaspace: 53356K(56604K)->53356K(56604K) NonClass: 47453K(49232K)->47453K(49232K) Class: 5903K(7372K)->5903K(7372K)
[2025-11-08T02:10:31.353+0000][gc            ] GC(1217) Pause Young (Normal) (G1 Evacuation Pause) 362M->292M(684M) 9.129ms
[2025-11-08T02:10:31.353+0000][gc,cpu        ] GC(1217) User=0.01s Sys=0.00s Real=0.01s
[2025-11-08T02:10:43.389+0000][gc,start      ] GC(1218) Pause Young (Normal) (G1 Evacuation Pause)
[2025-11-08T02:10:43.389+0000][gc,task       ] GC(1218) Using 2 workers of 2 for evacuation
[2025-11-08T02:10:43.400+0000][gc,phases     ] GC(1218)   Pre Evacuate Collection Set: 0.0ms
[2025-11-08T02:10:43.400+0000][gc,phases     ] GC(1218)   Evacuate Collection Set: 9.2ms
[2025-11-08T02:10:43.401+0000][gc,phases     ] GC(1218)   Post Evacuate Collection Set: 1.5ms
[2025-11-08T02:10:43.401+0000][gc,phases     ] GC(1218)   Other: 0.7ms
[2025-11-08T02:10:43.401+0000][gc,heap       ] GC(1218) Eden regions: 77->0(82)
[2025-11-08T02:10:43.401+0000][gc,heap       ] GC(1218) Survivor regions: 3->3(10)
[2025-11-08T02:10:43.401+0000][gc,heap       ] GC(1218) Old regions: 144->144
[2025-11-08T02:10:43.402+0000][gc,heap       ] GC(1218) Humongous regions: 147->147
[2025-11-08T02:10:43.402+0000][gc,metaspace  ] GC(1218) Metaspace: 53356K(56604K)->53356K(56604K) NonClass: 47453K(49232K)->47453K(49232K) Class: 5903K(7372K)->5903K(7372K)
[2025-11-08T02:10:43.402+0000][gc            ] GC(1218) Pause Young (Normal) (G1 Evacuation Pause) 369M->293M(684M) 13.197ms
[2025-11-08T02:10:43.402+0000][gc,cpu        ] GC(1218) User=0.02s Sys=0.00s Real=0.02s
[2025-11-08T02:10:55.961+0000][gc,start      ] GC(1219) Pause Young (Normal) (G1 Evacuation Pause)
[2025-11-08T02:10:55.962+0000][gc,task       ] GC(1219) Using 2 workers of 2 for evacuation
[2025-11-08T02:10:55.973+0000][gc,phases     ] GC(1219)   Pre Evacuate Collection Set: 0.0ms
[2025-11-08T02:10:55.973+0000][gc,phases     ] GC(1219)   Evacuate Collection Set: 9.6ms
[2025-11-08T02:10:55.973+0000][gc,phases     ] GC(1219)   Post Evacuate Collection Set: 0.7ms
[2025-11-08T02:10:55.973+0000][gc,phases     ] GC(1219)   Other: 1.2ms
[2025-11-08T02:10:55.974+0000][gc,heap       ] GC(1219) Eden regions: 82->0(85)
[2025-11-08T02:10:55.974+0000][gc,heap       ] GC(1219) Survivor regions: 3->4(11)
[2025-11-08T02:10:55.974+0000][gc,heap       ] GC(1219) Old regions: 144->144
[2025-11-08T02:10:55.974+0000][gc,heap       ] GC(1219) Humongous regions: 147->147
[2025-11-08T02:10:55.974+0000][gc,metaspace  ] GC(1219) Metaspace: 53356K(56604K)->53356K(56604K) NonClass: 47453K(49232K)->47453K(49232K) Class: 5903K(7372K)->5903K(7372K)
[2025-11-08T02:10:55.975+0000][gc            ] GC(1219) Pause Young (Normal) (G1 Evacuation Pause) 375M->294M(684M) 13.265ms
[2025-11-08T02:10:55.975+0000][gc,cpu        ] GC(1219) User=0.02s Sys=0.00s Real=0.02s
[2025-11-08T02:11:08.965+0000][gc,start      ] GC(1220) Pause Young (Normal) (G1 Evacuation Pause)
[2025-11-08T02:11:08.965+0000][gc,task       ] GC(1220) Using 2 workers of 2 for evacuation
[2025-11-08T02:11:08.977+0000][gc,phases     ] GC(1220)   Pre Evacuate Collection Set: 0.0ms
[2025-11-08T02:11:08.977+0000][gc,phases     ] GC(1220)   Evacuate Collection Set: 9.8ms
[2025-11-08T02:11:08.977+0000][gc,phases     ] GC(1220)   Post Evacuate Collection Set: 0.7ms
[2025-11-08T02:11:08.977+0000][gc,phases     ] GC(1220)   Other: 1.1ms
[2025-11-08T02:11:08.978+0000][gc,heap       ] GC(1220) Eden regions: 85->0(88)
[2025-11-08T02:11:08.978+0000][gc,heap       ] GC(1220) Survivor regions: 4->4(12)
[2025-11-08T02:11:08.978+0000][gc,heap       ] GC(1220) Old regions: 144->144
[2025-11-08T02:11:08.978+0000][gc,heap       ] GC(1220) Humongous regions: 147->147
[2025-11-08T02:11:08.978+0000][gc,metaspace  ] GC(1220) Metaspace: 53356K(56604K)->53356K(56604K) NonClass: 47453K(49232K)->47453K(49232K) Class: 5903K(7372K)->5903K(7372K)
[2025-11-08T02:11:08.978+0000][gc            ] GC(1220) Pause Young (Normal) (G1 Evacuation Pause) 379M->294M(684M) 13.275ms
[2025-11-08T02:11:08.979+0000][gc,cpu        ] GC(1220) User=0.02s Sys=0.00s Real=0.01s
[2025-11-08T02:11:23.465+0000][gc,start      ] GC(1221) Pause Young (Normal) (G1 Evacuation Pause)
[2025-11-08T02:11:23.466+0000][gc,task       ] GC(1221) Using 2 workers of 2 for evacuation
[2025-11-08T02:11:23.479+0000][gc,phases     ] GC(1221)   Pre Evacuate Collection Set: 0.0ms
[2025-11-08T02:11:23.479+0000][gc,phases     ] GC(1221)   Evacuate Collection Set: 11.1ms
[2025-11-08T02:11:23.479+0000][gc,phases     ] GC(1221)   Post Evacuate Collection Set: 0.9ms
[2025-11-08T02:11:23.480+0000][gc,phases     ] GC(1221)   Other: 1.4ms
[2025-11-08T02:11:23.480+0000][gc,heap       ] GC(1221) Eden regions: 88->0(90)
[2025-11-08T02:11:23.480+0000][gc,heap       ] GC(1221) Survivor regions: 4->4(12)
[2025-11-08T02:11:23.480+0000][gc,heap       ] GC(1221) Old regions: 144->144
[2025-11-08T02:11:23.480+0000][gc,heap       ] GC(1221) Humongous regions: 147->147
[2025-11-08T02:11:23.481+0000][gc,metaspace  ] GC(1221) Metaspace: 53356K(56604K)->53356K(56604K) NonClass: 47453K(49232K)->47453K(49232K) Class: 5903K(7372K)->5903K(7372K)
[2025-11-08T02:11:23.481+0000][gc            ] GC(1221) Pause Young (Normal) (G1 Evacuation Pause) 382M->294M(684M) 15.541ms
[2025-11-08T02:11:23.481+0000][gc,cpu        ] GC(1221) User=0.03s Sys=0.00s Real=0.01s
[2025-11-08T02:11:33.743+0000][gc,start      ] GC(1222) Pause Young (Normal) (G1 Evacuation Pause)
[2025-11-08T02:11:33.771+0000][gc,task       ] GC(1222) Using 2 workers of 2 for evacuation
[2025-11-08T02:11:33.804+0000][gc,phases     ] GC(1222)   Pre Evacuate Collection Set: 0.0ms
[2025-11-08T02:11:33.804+0000][gc,phases     ] GC(1222)   Evacuate Collection Set: 13.0ms
[2025-11-08T02:11:33.805+0000][gc,phases     ] GC(1222)   Post Evacuate Collection Set: 0.9ms
[2025-11-08T02:11:33.805+0000][gc,phases     ] GC(1222)   Other: 46.8ms
[2025-11-08T02:11:33.805+0000][gc,heap       ] GC(1222) Eden regions: 85->0(92)
[2025-11-08T02:11:33.806+0000][gc,heap       ] GC(1222) Survivor regions: 4->6(12)
[2025-11-08T02:11:33.806+0000][gc,heap       ] GC(1222) Old regions: 144->144
[2025-11-08T02:11:33.807+0000][gc,heap       ] GC(1222) Humongous regions: 147->147
[2025-11-08T02:11:33.807+0000][gc,metaspace  ] GC(1222) Metaspace: 53356K(56604K)->53356K(56604K) NonClass: 47453K(49232K)->47453K(49232K) Class: 5903K(7372K)->5903K(7372K)
[2025-11-08T02:11:33.807+0000][gc            ] GC(1222) Pause Young (Normal) (G1 Evacuation Pause) 379M->295M(684M) 63.613ms
[2025-11-08T02:11:33.807+0000][gc,cpu        ] GC(1222) User=0.03s Sys=0.00s Real=0.06s
[2025-11-08T02:11:45.147+0000][gc,start      ] GC(1223) Pause Young (Normal) (G1 Evacuation Pause)
[2025-11-08T02:11:45.147+0000][gc,task       ] GC(1223) Using 2 workers of 2 for evacuation
[2025-11-08T02:11:45.161+0000][gc,phases     ] GC(1223)   Pre Evacuate Collection Set: 0.0ms
[2025-11-08T02:11:45.161+0000][gc,phases     ] GC(1223)   Evacuate Collection Set: 12.2ms
[2025-11-08T02:11:45.161+0000][gc,phases     ] GC(1223)   Post Evacuate Collection Set: 0.8ms
[2025-11-08T02:11:45.162+0000][gc,phases     ] GC(1223)   Other: 0.8ms
[2025-11-08T02:11:45.162+0000][gc,heap       ] GC(1223) Eden regions: 92->0(92)
[2025-11-08T02:11:45.162+0000][gc,heap       ] GC(1223) Survivor regions: 6->6(13)
[2025-11-08T02:11:45.162+0000][gc,heap       ] GC(1223) Old regions: 144->144
[2025-11-08T02:11:45.162+0000][gc,heap       ] GC(1223) Humongous regions: 147->147
[2025-11-08T02:11:45.162+0000][gc,metaspace  ] GC(1223) Metaspace: 53356K(56604K)->53356K(56604K) NonClass: 47453K(49232K)->47453K(49232K) Class: 5903K(7372K)->5903K(7372K)
[2025-11-08T02:11:45.162+0000][gc            ] GC(1223) Pause Young (Normal) (G1 Evacuation Pause) 387M->296M(684M) 15.289ms
[2025-11-08T02:11:45.163+0000][gc,cpu        ] GC(1223) User=0.02s Sys=0.00s Real=0.02s
[2025-11-08T02:11:56.113+0000][gc,start      ] GC(1224) Pause Young (Normal) (G1 Evacuation Pause)
[2025-11-08T02:11:56.114+0000][gc,task       ] GC(1224) Using 2 workers of 2 for evacuation
[2025-11-08T02:11:56.125+0000][gc,phases     ] GC(1224)   Pre Evacuate Collection Set: 0.0ms
[2025-11-08T02:11:56.126+0000][gc,phases     ] GC(1224)   Evacuate Collection Set: 10.3ms
[2025-11-08T02:11:56.126+0000][gc,phases     ] GC(1224)   Post Evacuate Collection Set: 1.0ms
[2025-11-08T02:11:56.126+0000][gc,phases     ] GC(1224)   Other: 0.7ms
[2025-11-08T02:11:56.126+0000][gc,heap       ] GC(1224) Eden regions: 92->0(95)
[2025-11-08T02:11:56.127+0000][gc,heap       ] GC(1224) Survivor regions: 6->5(13)
[2025-11-08T02:11:56.127+0000][gc,heap       ] GC(1224) Old regions: 144->144
[2025-11-08T02:11:56.127+0000][gc,heap       ] GC(1224) Humongous regions: 147->147
[2025-11-08T02:11:56.127+0000][gc,metaspace  ] GC(1224) Metaspace: 53356K(56604K)->53356K(56604K) NonClass: 47453K(49232K)->47453K(49232K) Class: 5903K(7372K)->5903K(7372K)
[2025-11-08T02:11:56.128+0000][gc            ] GC(1224) Pause Young (Normal) (G1 Evacuation Pause) 388M->295M(684M) 14.200ms
[2025-11-08T02:11:56.128+0000][gc,cpu        ] GC(1224) User=0.02s Sys=0.00s Real=0.01s
[2025-11-08T02:12:07.415+0000][gc,start      ] GC(1225) Pause Young (Normal) (G1 Evacuation Pause)
[2025-11-08T02:12:07.415+0000][gc,task       ] GC(1225) Using 2 workers of 2 for evacuation
[2025-11-08T02:12:07.428+0000][gc,phases     ] GC(1225)   Pre Evacuate Collection Set: 0.0ms
[2025-11-08T02:12:07.428+0000][gc,phases     ] GC(1225)   Evacuate Collection Set: 11.5ms
[2025-11-08T02:12:07.429+0000][gc,phases     ] GC(1225)   Post Evacuate Collection Set: 0.8ms
[2025-11-08T02:12:07.429+0000][gc,phases     ] GC(1225)   Other: 0.9ms
[2025-11-08T02:12:07.429+0000][gc,heap       ] GC(1225) Eden regions: 95->0(97)
[2025-11-08T02:12:07.429+0000][gc,heap       ] GC(1225) Survivor regions: 5->6(13)
[2025-11-08T02:12:07.429+0000][gc,heap       ] GC(1225) Old regions: 144->144
[2025-11-08T02:12:07.429+0000][gc,heap       ] GC(1225) Humongous regions: 147->147
[2025-11-08T02:12:07.430+0000][gc,metaspace  ] GC(1225) Metaspace: 53356K(56604K)->53356K(56604K) NonClass: 47453K(49232K)->47453K(49232K) Class: 5903K(7372K)->5903K(7372K)
[2025-11-08T02:12:07.430+0000][gc            ] GC(1225) Pause Young (Normal) (G1 Evacuation Pause) 390M->296M(684M) 14.767ms
[2025-11-08T02:12:07.430+0000][gc,cpu        ] GC(1225) User=0.03s Sys=0.00s Real=0.01s
[2025-11-08T02:12:19.003+0000][gc,start      ] GC(1226) Pause Young (Normal) (G1 Evacuation Pause)
[2025-11-08T02:12:19.004+0000][gc,task       ] GC(1226) Using 2 workers of 2 for evacuation
[2025-11-08T02:12:19.022+0000][gc,phases     ] GC(1226)   Pre Evacuate Collection Set: 0.0ms
[2025-11-08T02:12:19.023+0000][gc,phases     ] GC(1226)   Evacuate Collection Set: 16.8ms
[2025-11-08T02:12:19.023+0000][gc,phases     ] GC(1226)   Post Evacuate Collection Set: 1.0ms
[2025-11-08T02:12:19.023+0000][gc,phases     ] GC(1226)   Other: 1.6ms
[2025-11-08T02:12:19.023+0000][gc,heap       ] GC(1226) Eden regions: 97->0(96)
[2025-11-08T02:12:19.024+0000][gc,heap       ] GC(1226) Survivor regions: 6->7(13)
[2025-11-08T02:12:19.024+0000][gc,heap       ] GC(1226) Old regions: 144->144
[2025-11-08T02:12:19.024+0000][gc,heap       ] GC(1226) Humongous regions: 147->147
[2025-11-08T02:12:19.024+0000][gc,metaspace  ] GC(1226) Metaspace: 53356K(56604K)->53356K(56604K) NonClass: 47453K(49232K)->47453K(49232K) Class: 5903K(7372K)->5903K(7372K)
[2025-11-08T02:12:19.025+0000][gc            ] GC(1226) Pause Young (Normal) (G1 Evacuation Pause) 393M->297M(684M) 21.717ms
[2025-11-08T02:12:19.025+0000][gc,cpu        ] GC(1226) User=0.04s Sys=0.00s Real=0.02s
[2025-11-08T02:12:30.538+0000][gc,start      ] GC(1227) Pause Young (Normal) (G1 Evacuation Pause)
[2025-11-08T02:12:30.538+0000][gc,task       ] GC(1227) Using 2 workers of 2 for evacuation
[2025-11-08T02:12:30.553+0000][gc,phases     ] GC(1227)   Pre Evacuate Collection Set: 0.0ms
[2025-11-08T02:12:30.553+0000][gc,phases     ] GC(1227)   Evacuate Collection Set: 13.1ms
[2025-11-08T02:12:30.553+0000][gc,phases     ] GC(1227)   Post Evacuate Collection Set: 0.8ms
[2025-11-08T02:12:30.554+0000][gc,phases     ] GC(1227)   Other: 1.0ms
[2025-11-08T02:12:30.554+0000][gc,heap       ] GC(1227) Eden regions: 96->0(97)
[2025-11-08T02:12:30.554+0000][gc,heap       ] GC(1227) Survivor regions: 7->6(13)
[2025-11-08T02:12:30.554+0000][gc,heap       ] GC(1227) Old regions: 144->144
[2025-11-08T02:12:30.554+0000][gc,heap       ] GC(1227) Humongous regions: 147->147
[2025-11-08T02:12:30.554+0000][gc,metaspace  ] GC(1227) Metaspace: 53356K(56604K)->53356K(56604K) NonClass: 47453K(49232K)->47453K(49232K) Class: 5903K(7372K)->5903K(7372K)
[2025-11-08T02:12:30.555+0000][gc            ] GC(1227) Pause Young (Normal) (G1 Evacuation Pause) 393M->296M(684M) 16.582ms
[2025-11-08T02:12:30.555+0000][gc,cpu        ] GC(1227) User=0.03s Sys=0.00s Real=0.02s
[2025-11-08T02:12:42.370+0000][gc,start      ] GC(1228) Pause Young (Normal) (G1 Evacuation Pause)
[2025-11-08T02:12:42.370+0000][gc,task       ] GC(1228) Using 2 workers of 2 for evacuation
[2025-11-08T02:12:42.389+0000][gc,phases     ] GC(1228)   Pre Evacuate Collection Set: 0.0ms
[2025-11-08T02:12:42.389+0000][gc,phases     ] GC(1228)   Evacuate Collection Set: 16.3ms
[2025-11-08T02:12:42.390+0000][gc,phases     ] GC(1228)   Post Evacuate Collection Set: 1.5ms
[2025-11-08T02:12:42.390+0000][gc,phases     ] GC(1228)   Other: 1.1ms
[2025-11-08T02:12:42.390+0000][gc,heap       ] GC(1228) Eden regions: 97->0(98)
[2025-11-08T02:12:42.391+0000][gc,heap       ] GC(1228) Survivor regions: 6->8(13)
[2025-11-08T02:12:42.391+0000][gc,heap       ] GC(1228) Old regions: 144->144
[2025-11-08T02:12:42.392+0000][gc,heap       ] GC(1228) Humongous regions: 147->147
[2025-11-08T02:12:42.392+0000][gc,metaspace  ] GC(1228) Metaspace: 53356K(56604K)->53356K(56604K) NonClass: 47453K(49232K)->47453K(49232K) Class: 5903K(7372K)->5903K(7372K)
[2025-11-08T02:12:42.392+0000][gc            ] GC(1228) Pause Young (Normal) (G1 Evacuation Pause) 393M->298M(684M) 22.358ms
[2025-11-08T02:12:42.393+0000][gc,cpu        ] GC(1228) User=0.03s Sys=0.00s Real=0.03s
[2025-11-08T02:12:54.445+0000][gc,start      ] GC(1229) Pause Young (Normal) (G1 Evacuation Pause)
[2025-11-08T02:12:54.445+0000][gc,task       ] GC(1229) Using 2 workers of 2 for evacuation
[2025-11-08T02:12:54.459+0000][gc,phases     ] GC(1229)   Pre Evacuate Collection Set: 0.0ms
[2025-11-08T02:12:54.459+0000][gc,phases     ] GC(1229)   Evacuate Collection Set: 12.7ms
[2025-11-08T02:12:54.460+0000][gc,phases     ] GC(1229)   Post Evacuate Collection Set: 0.7ms
[2025-11-08T02:12:54.460+0000][gc,phases     ] GC(1229)   Other: 0.7ms
[2025-11-08T02:12:54.460+0000][gc,heap       ] GC(1229) Eden regions: 98->0(99)
[2025-11-08T02:12:54.460+0000][gc,heap       ] GC(1229) Survivor regions: 8->7(14)
[2025-11-08T02:12:54.460+0000][gc,heap       ] GC(1229) Old regions: 144->145
[2025-11-08T02:12:54.461+0000][gc,heap       ] GC(1229) Humongous regions: 147->147
[2025-11-08T02:12:54.461+0000][gc,metaspace  ] GC(1229) Metaspace: 53356K(56604K)->53356K(56604K) NonClass: 47453K(49232K)->47453K(49232K) Class: 5903K(7372K)->5903K(7372K)
[2025-11-08T02:12:54.461+0000][gc            ] GC(1229) Pause Young (Normal) (G1 Evacuation Pause) 396M->298M(684M) 16.152ms
[2025-11-08T02:12:54.462+0000][gc,cpu        ] GC(1229) User=0.03s Sys=0.00s Real=0.01s
[2025-11-08T02:13:05.801+0000][gc,start      ] GC(1230) Pause Young (Normal) (G1 Evacuation Pause)
[2025-11-08T02:13:05.802+0000][gc,task       ] GC(1230) Using 2 workers of 2 for evacuation
[2025-11-08T02:13:05.816+0000][gc,phases     ] GC(1230)   Pre Evacuate Collection Set: 0.0ms
[2025-11-08T02:13:05.816+0000][gc,phases     ] GC(1230)   Evacuate Collection Set: 13.1ms
[2025-11-08T02:13:05.817+0000][gc,phases     ] GC(1230)   Post Evacuate Collection Set: 1.0ms
[2025-11-08T02:13:05.817+0000][gc,phases     ] GC(1230)   Other: 0.5ms
[2025-11-08T02:13:05.817+0000][gc,heap       ] GC(1230) Eden regions: 96->0(102)
[2025-11-08T02:13:05.817+0000][gc,heap       ] GC(1230) Survivor regions: 7->8(13)
[2025-11-08T02:13:05.817+0000][gc,heap       ] GC(1230) Old regions: 145->145
[2025-11-08T02:13:05.818+0000][gc,heap       ] GC(1230) Humongous regions: 147->147
[2025-11-08T02:13:05.818+0000][gc,metaspace  ] GC(1230) Metaspace: 53356K(56604K)->53356K(56604K) NonClass: 47453K(49232K)->47453K(49232K) Class: 5903K(7372K)->5903K(7372K)
[2025-11-08T02:13:05.818+0000][gc            ] GC(1230) Pause Young (Normal) (G1 Evacuation Pause) 394M->299M(684M) 16.668ms
[2025-11-08T02:13:05.818+0000][gc,cpu        ] GC(1230) User=0.03s Sys=0.00s Real=0.02s
[2025-11-08T02:13:18.061+0000][gc,start      ] GC(1231) Pause Young (Normal) (G1 Evacuation Pause)
[2025-11-08T02:13:18.061+0000][gc,task       ] GC(1231) Using 2 workers of 2 for evacuation
[2025-11-08T02:13:18.075+0000][gc,phases     ] GC(1231)   Pre Evacuate Collection Set: 0.0ms
[2025-11-08T02:13:18.076+0000][gc,phases     ] GC(1231)   Evacuate Collection Set: 13.4ms
[2025-11-08T02:13:18.076+0000][gc,phases     ] GC(1231)   Post Evacuate Collection Set: 0.7ms
[2025-11-08T02:13:18.076+0000][gc,phases     ] GC(1231)   Other: 0.5ms
[2025-11-08T02:13:18.076+0000][gc,heap       ] GC(1231) Eden regions: 102->0(104)
[2025-11-08T02:13:18.076+0000][gc,heap       ] GC(1231) Survivor regions: 8->8(14)
[2025-11-08T02:13:18.076+0000][gc,heap       ] GC(1231) Old regions: 145->145
[2025-11-08T02:13:18.077+0000][gc,heap       ] GC(1231) Humongous regions: 147->147
[2025-11-08T02:13:18.077+0000][gc,metaspace  ] GC(1231) Metaspace: 53356K(56604K)->53356K(56604K) NonClass: 47453K(49232K)->47453K(49232K) Class: 5903K(7372K)->5903K(7372K)
[2025-11-08T02:13:18.077+0000][gc            ] GC(1231) Pause Young (Normal) (G1 Evacuation Pause) 401M->299M(684M) 16.033ms
[2025-11-08T02:13:18.077+0000][gc,cpu        ] GC(1231) User=0.03s Sys=0.00s Real=0.02s
[2025-11-08T02:13:29.850+0000][gc,start      ] GC(1232) Pause Young (Normal) (G1 Evacuation Pause)
[2025-11-08T02:13:29.850+0000][gc,task       ] GC(1232) Using 2 workers of 2 for evacuation
[2025-11-08T02:13:29.866+0000][gc,phases     ] GC(1232)   Pre Evacuate Collection Set: 0.0ms
[2025-11-08T02:13:29.866+0000][gc,phases     ] GC(1232)   Evacuate Collection Set: 14.4ms
[2025-11-08T02:13:29.867+0000][gc,phases     ] GC(1232)   Post Evacuate Collection Set: 0.8ms
[2025-11-08T02:13:29.867+0000][gc,phases     ] GC(1232)   Other: 1.2ms
[2025-11-08T02:13:29.867+0000][gc,heap       ] GC(1232) Eden regions: 99->0(105)
[2025-11-08T02:13:29.867+0000][gc,heap       ] GC(1232) Survivor regions: 8->7(14)
[2025-11-08T02:13:29.868+0000][gc,heap       ] GC(1232) Old regions: 145->146
[2025-11-08T02:13:29.868+0000][gc,heap       ] GC(1232) Humongous regions: 147->147
[2025-11-08T02:13:29.868+0000][gc,metaspace  ] GC(1232) Metaspace: 53356K(56604K)->53356K(56604K) NonClass: 47453K(49232K)->47453K(49232K) Class: 5903K(7372K)->5903K(7372K)
[2025-11-08T02:13:29.868+0000][gc            ] GC(1232) Pause Young (Normal) (G1 Evacuation Pause) 398M->299M(684M) 18.442ms
[2025-11-08T02:13:29.868+0000][gc,cpu        ] GC(1232) User=0.03s Sys=0.00s Real=0.02s
[2025-11-08T02:13:42.239+0000][gc,start      ] GC(1233) Pause Young (Normal) (G1 Evacuation Pause)
[2025-11-08T02:13:42.239+0000][gc,task       ] GC(1233) Using 2 workers of 2 for evacuation
[2025-11-08T02:13:42.263+0000][gc,mmu        ] GC(1233) MMU target violated: 21.0ms (20.0ms/21.0ms)
[2025-11-08T02:13:42.263+0000][gc,phases     ] GC(1233)   Pre Evacuate Collection Set: 0.0ms
[2025-11-08T02:13:42.264+0000][gc,phases     ] GC(1233)   Evacuate Collection Set: 21.6ms
[2025-11-08T02:13:42.264+0000][gc,phases     ] GC(1233)   Post Evacuate Collection Set: 1.2ms
[2025-11-08T02:13:42.264+0000][gc,phases     ] GC(1233)   Other: 1.5ms
[2025-11-08T02:13:42.265+0000][gc,heap       ] GC(1233) Eden regions: 99->0(99)
[2025-11-08T02:13:42.265+0000][gc,heap       ] GC(1233) Survivor regions: 7->8(14)
[2025-11-08T02:13:42.265+0000][gc,heap       ] GC(1233) Old regions: 146->146
[2025-11-08T02:13:42.266+0000][gc,heap       ] GC(1233) Humongous regions: 147->147
[2025-11-08T02:13:42.266+0000][gc,metaspace  ] GC(1233) Metaspace: 53356K(56604K)->53356K(56604K) NonClass: 47453K(49232K)->47453K(49232K) Class: 5903K(7372K)->5903K(7372K)
[2025-11-08T02:13:42.267+0000][gc            ] GC(1233) Pause Young (Normal) (G1 Evacuation Pause) 398M->300M(684M) 27.988ms
[2025-11-08T02:13:42.267+0000][gc,cpu        ] GC(1233) User=0.04s Sys=0.00s Real=0.03s
[2025-11-08T02:13:45.486+0000][gc,start      ] GC(1234) Pause Young (Normal) (G1 Evacuation Pause)
[2025-11-08T02:13:45.486+0000][gc,task       ] GC(1234) Using 2 workers of 2 for evacuation
[2025-11-08T02:13:45.503+0000][gc,phases     ] GC(1234)   Pre Evacuate Collection Set: 0.0ms
[2025-11-08T02:13:45.503+0000][gc,phases     ] GC(1234)   Evacuate Collection Set: 14.7ms
[2025-11-08T02:13:45.503+0000][gc,phases     ] GC(1234)   Post Evacuate Collection Set: 1.1ms
[2025-11-08T02:13:45.503+0000][gc,phases     ] GC(1234)   Other: 0.7ms
[2025-11-08T02:13:45.504+0000][gc,heap       ] GC(1234) Eden regions: 26->0(86)
[2025-11-08T02:13:45.504+0000][gc,heap       ] GC(1234) Survivor regions: 8->3(5)
[2025-11-08T02:13:45.504+0000][gc,heap       ] GC(1234) Old regions: 146->151
[2025-11-08T02:13:45.504+0000][gc,heap       ] GC(1234) Humongous regions: 147->147
[2025-11-08T02:13:45.505+0000][gc,metaspace  ] GC(1234) Metaspace: 53356K(56604K)->53356K(56604K) NonClass: 47453K(49232K)->47453K(49232K) Class: 5903K(7372K)->5903K(7372K)
[2025-11-08T02:13:45.505+0000][gc            ] GC(1234) Pause Young (Normal) (G1 Evacuation Pause) 326M->299M(684M) 18.793ms
[2025-11-08T02:13:45.505+0000][gc,cpu        ] GC(1234) User=0.03s Sys=0.00s Real=0.02s
[2025-11-08T02:13:55.911+0000][gc,start      ] GC(1235) Pause Young (Normal) (G1 Evacuation Pause)
[2025-11-08T02:13:55.912+0000][gc,task       ] GC(1235) Using 2 workers of 2 for evacuation
[2025-11-08T02:13:55.920+0000][gc,phases     ] GC(1235)   Pre Evacuate Collection Set: 0.0ms
[2025-11-08T02:13:55.920+0000][gc,phases     ] GC(1235)   Evacuate Collection Set: 6.9ms
[2025-11-08T02:13:55.920+0000][gc,phases     ] GC(1235)   Post Evacuate Collection Set: 0.7ms
[2025-11-08T02:13:55.921+0000][gc,phases     ] GC(1235)   Other: 0.9ms
[2025-11-08T02:13:55.921+0000][gc,heap       ] GC(1235) Eden regions: 86->0(98)
[2025-11-08T02:13:55.921+0000][gc,heap       ] GC(1235) Survivor regions: 3->2(12)
[2025-11-08T02:13:55.921+0000][gc,heap       ] GC(1235) Old regions: 151->151
[2025-11-08T02:13:55.921+0000][gc,heap       ] GC(1235) Humongous regions: 147->147
[2025-11-08T02:13:55.921+0000][gc,metaspace  ] GC(1235) Metaspace: 53356K(56604K)->53356K(56604K) NonClass: 47453K(49232K)->47453K(49232K) Class: 5903K(7372K)->5903K(7372K)
[2025-11-08T02:13:55.922+0000][gc            ] GC(1235) Pause Young (Normal) (G1 Evacuation Pause) 385M->299M(684M) 10.071ms
[2025-11-08T02:13:55.922+0000][gc,cpu        ] GC(1235) User=0.01s Sys=0.00s Real=0.01s
[2025-11-08T02:14:07.773+0000][gc,start      ] GC(1236) Pause Young (Normal) (G1 Evacuation Pause)
[2025-11-08T02:14:07.773+0000][gc,task       ] GC(1236) Using 2 workers of 2 for evacuation
[2025-11-08T02:14:07.790+0000][gc,phases     ] GC(1236)   Pre Evacuate Collection Set: 0.0ms
[2025-11-08T02:14:07.791+0000][gc,phases     ] GC(1236)   Evacuate Collection Set: 14.0ms
[2025-11-08T02:14:07.791+0000][gc,phases     ] GC(1236)   Post Evacuate Collection Set: 2.1ms
[2025-11-08T02:14:07.791+0000][gc,phases     ] GC(1236)   Other: 1.1ms
[2025-11-08T02:14:07.792+0000][gc,heap       ] GC(1236) Eden regions: 98->0(90)
[2025-11-08T02:14:07.792+0000][gc,heap       ] GC(1236) Survivor regions: 2->4(13)
[2025-11-08T02:14:07.792+0000][gc,heap       ] GC(1236) Old regions: 151->151
[2025-11-08T02:14:07.792+0000][gc,heap       ] GC(1236) Humongous regions: 147->147
[2025-11-08T02:14:07.793+0000][gc,metaspace  ] GC(1236) Metaspace: 53356K(56604K)->53356K(56604K) NonClass: 47453K(49232K)->47453K(49232K) Class: 5903K(7372K)->5903K(7372K)
[2025-11-08T02:14:07.793+0000][gc            ] GC(1236) Pause Young (Normal) (G1 Evacuation Pause) 397M->300M(684M) 20.155ms
[2025-11-08T02:14:07.794+0000][gc,cpu        ] GC(1236) User=0.03s Sys=0.00s Real=0.02s
[2025-11-08T02:14:18.504+0000][gc,start      ] GC(1237) Pause Young (Normal) (G1 Evacuation Pause)
[2025-11-08T02:14:18.505+0000][gc,task       ] GC(1237) Using 2 workers of 2 for evacuation
[2025-11-08T02:14:18.515+0000][gc,phases     ] GC(1237)   Pre Evacuate Collection Set: 0.0ms
[2025-11-08T02:14:18.515+0000][gc,phases     ] GC(1237)   Evacuate Collection Set: 8.7ms
[2025-11-08T02:14:18.515+0000][gc,phases     ] GC(1237)   Post Evacuate Collection Set: 0.8ms
[2025-11-08T02:14:18.515+0000][gc,phases     ] GC(1237)   Other: 0.7ms
[2025-11-08T02:14:18.516+0000][gc,heap       ] GC(1237) Eden regions: 90->0(98)
[2025-11-08T02:14:18.516+0000][gc,heap       ] GC(1237) Survivor regions: 4->4(12)
[2025-11-08T02:14:18.516+0000][gc,heap       ] GC(1237) Old regions: 151->151
[2025-11-08T02:14:18.516+0000][gc,heap       ] GC(1237) Humongous regions: 147->147
[2025-11-08T02:14:18.516+0000][gc,metaspace  ] GC(1237) Metaspace: 53356K(56604K)->53356K(56604K) NonClass: 47453K(49232K)->47453K(49232K) Class: 5903K(7372K)->5903K(7372K)
[2025-11-08T02:14:18.517+0000][gc            ] GC(1237) Pause Young (Normal) (G1 Evacuation Pause) 390M->301M(684M) 12.206ms
[2025-11-08T02:14:18.517+0000][gc,cpu        ] GC(1237) User=0.02s Sys=0.00s Real=0.01s
[2025-11-08T02:14:30.047+0000][gc,start      ] GC(1238) Pause Young (Normal) (G1 Evacuation Pause)
[2025-11-08T02:14:30.047+0000][gc,task       ] GC(1238) Using 2 workers of 2 for evacuation
[2025-11-08T02:14:30.056+0000][gc,phases     ] GC(1238)   Pre Evacuate Collection Set: 0.0ms
[2025-11-08T02:14:30.057+0000][gc,phases     ] GC(1238)   Evacuate Collection Set: 8.4ms
[2025-11-08T02:14:30.057+0000][gc,phases     ] GC(1238)   Post Evacuate Collection Set: 0.7ms
[2025-11-08T02:14:30.057+0000][gc,phases     ] GC(1238)   Other: 0.6ms
[2025-11-08T02:14:30.057+0000][gc,heap       ] GC(1238) Eden regions: 98->0(102)
[2025-11-08T02:14:30.057+0000][gc,heap       ] GC(1238) Survivor regions: 4->4(13)
[2025-11-08T02:14:30.057+0000][gc,heap       ] GC(1238) Old regions: 151->151
[2025-11-08T02:14:30.058+0000][gc,heap       ] GC(1238) Humongous regions: 147->147
[2025-11-08T02:14:30.058+0000][gc,metaspace  ] GC(1238) Metaspace: 53356K(56604K)->53356K(56604K) NonClass: 47453K(49232K)->47453K(49232K) Class: 5903K(7372K)->5903K(7372K)
[2025-11-08T02:14:30.058+0000][gc            ] GC(1238) Pause Young (Normal) (G1 Evacuation Pause) 399M->301M(684M) 11.526ms
[2025-11-08T02:14:30.058+0000][gc,cpu        ] GC(1238) User=0.01s Sys=0.00s Real=0.01s
[2025-11-08T02:15:04.162+0000][gc,start      ] GC(1239) Pause Young (Normal) (G1 Evacuation Pause)
[2025-11-08T02:15:04.162+0000][gc,task       ] GC(1239) Using 2 workers of 2 for evacuation
[2025-11-08T02:15:04.174+0000][gc,phases     ] GC(1239)   Pre Evacuate Collection Set: 0.0ms
[2025-11-08T02:15:04.175+0000][gc,phases     ] GC(1239)   Evacuate Collection Set: 11.1ms
[2025-11-08T02:15:04.175+0000][gc,phases     ] GC(1239)   Post Evacuate Collection Set: 0.7ms
[2025-11-08T02:15:04.175+0000][gc,phases     ] GC(1239)   Other: 0.7ms
[2025-11-08T02:15:04.175+0000][gc,heap       ] GC(1239) Eden regions: 102->0(104)
[2025-11-08T02:15:04.175+0000][gc,heap       ] GC(1239) Survivor regions: 4->5(14)
[2025-11-08T02:15:04.176+0000][gc,heap       ] GC(1239) Old regions: 151->151
[2025-11-08T02:15:04.176+0000][gc,heap       ] GC(1239) Humongous regions: 147->147
[2025-11-08T02:15:04.176+0000][gc,metaspace  ] GC(1239) Metaspace: 53369K(56604K)->53369K(56604K) NonClass: 47465K(49232K)->47465K(49232K) Class: 5903K(7372K)->5903K(7372K)
[2025-11-08T02:15:04.177+0000][gc            ] GC(1239) Pause Young (Normal) (G1 Evacuation Pause) 403M->302M(684M) 14.795ms
[2025-11-08T02:15:04.177+0000][gc,cpu        ] GC(1239) User=0.03s Sys=0.00s Real=0.02s
[2025-11-08T02:16:53.018+0000][gc,start      ] GC(1240) Pause Young (Normal) (G1 Evacuation Pause)
[2025-11-08T02:16:53.019+0000][gc,task       ] GC(1240) Using 2 workers of 2 for evacuation
[2025-11-08T02:16:53.032+0000][gc,phases     ] GC(1240)   Pre Evacuate Collection Set: 0.0ms
[2025-11-08T02:16:53.032+0000][gc,phases     ] GC(1240)   Evacuate Collection Set: 11.7ms
[2025-11-08T02:16:53.032+0000][gc,phases     ] GC(1240)   Post Evacuate Collection Set: 1.0ms
[2025-11-08T02:16:53.033+0000][gc,phases     ] GC(1240)   Other: 0.9ms
[2025-11-08T02:16:53.033+0000][gc,heap       ] GC(1240) Eden regions: 104->0(105)
[2025-11-08T02:16:53.033+0000][gc,heap       ] GC(1240) Survivor regions: 5->5(14)
[2025-11-08T02:16:53.034+0000][gc,heap       ] GC(1240) Old regions: 151->151
[2025-11-08T02:16:53.034+0000][gc,heap       ] GC(1240) Humongous regions: 147->147
[2025-11-08T02:16:53.034+0000][gc,metaspace  ] GC(1240) Metaspace: 53369K(56604K)->53369K(56604K) NonClass: 47465K(49232K)->47465K(49232K) Class: 5903K(7372K)->5903K(7372K)
[2025-11-08T02:16:53.034+0000][gc            ] GC(1240) Pause Young (Normal) (G1 Evacuation Pause) 406M->302M(684M) 16.021ms
[2025-11-08T02:16:53.035+0000][gc,cpu        ] GC(1240) User=0.02s Sys=0.00s Real=0.02s
[2025-11-08T02:18:39.357+0000][gc,start      ] GC(1241) Pause Young (Normal) (G1 Evacuation Pause)
[2025-11-08T02:18:39.357+0000][gc,task       ] GC(1241) Using 2 workers of 2 for evacuation
[2025-11-08T02:18:39.372+0000][gc,phases     ] GC(1241)   Pre Evacuate Collection Set: 0.0ms
[2025-11-08T02:18:39.372+0000][gc,phases     ] GC(1241)   Evacuate Collection Set: 12.9ms
[2025-11-08T02:18:39.372+0000][gc,phases     ] GC(1241)   Post Evacuate Collection Set: 0.9ms
[2025-11-08T02:18:39.372+0000][gc,phases     ] GC(1241)   Other: 1.1ms
[2025-11-08T02:18:39.372+0000][gc,heap       ] GC(1241) Eden regions: 102->0(106)
[2025-11-08T02:18:39.373+0000][gc,heap       ] GC(1241) Survivor regions: 5->8(14)
[2025-11-08T02:18:39.373+0000][gc,heap       ] GC(1241) Old regions: 151->151
[2025-11-08T02:18:39.373+0000][gc,heap       ] GC(1241) Humongous regions: 147->147
[2025-11-08T02:18:39.373+0000][gc,metaspace  ] GC(1241) Metaspace: 53369K(56604K)->53369K(56604K) NonClass: 47465K(49232K)->47465K(49232K) Class: 5903K(7372K)->5903K(7372K)
[2025-11-08T02:18:39.373+0000][gc            ] GC(1241) Pause Young (Normal) (G1 Evacuation Pause) 404M->304M(684M) 16.729ms
[2025-11-08T02:18:39.373+0000][gc,cpu        ] GC(1241) User=0.03s Sys=0.00s Real=0.01s
[2025-11-08T02:21:39.157+0000][gc,start      ] GC(1242) Pause Young (Normal) (G1 Evacuation Pause)
[2025-11-08T02:21:39.158+0000][gc,task       ] GC(1242) Using 2 workers of 2 for evacuation
[2025-11-08T02:21:39.187+0000][gc,mmu        ] GC(1242) MMU target violated: 21.0ms (20.0ms/21.0ms)
[2025-11-08T02:21:39.187+0000][gc,phases     ] GC(1242)   Pre Evacuate Collection Set: 0.0ms
[2025-11-08T02:21:39.187+0000][gc,phases     ] GC(1242)   Evacuate Collection Set: 27.3ms
[2025-11-08T02:21:39.188+0000][gc,phases     ] GC(1242)   Post Evacuate Collection Set: 1.2ms
[2025-11-08T02:21:39.188+0000][gc,phases     ] GC(1242)   Other: 1.7ms
[2025-11-08T02:21:39.188+0000][gc,heap       ] GC(1242) Eden regions: 106->0(94)
[2025-11-08T02:21:39.188+0000][gc,heap       ] GC(1242) Survivor regions: 8->11(15)
[2025-11-08T02:21:39.189+0000][gc,heap       ] GC(1242) Old regions: 151->151
[2025-11-08T02:21:39.189+0000][gc,heap       ] GC(1242) Humongous regions: 147->147
[2025-11-08T02:21:39.189+0000][gc,metaspace  ] GC(1242) Metaspace: 53369K(56604K)->53369K(56604K) NonClass: 47465K(49232K)->47465K(49232K) Class: 5903K(7372K)->5903K(7372K)
[2025-11-08T02:21:39.189+0000][gc            ] GC(1242) Pause Young (Normal) (G1 Evacuation Pause) 410M->307M(684M) 32.177ms
[2025-11-08T02:21:39.190+0000][gc,cpu        ] GC(1242) User=0.05s Sys=0.00s Real=0.04s
[2025-11-08T02:25:29.461+0000][gc,start      ] GC(1243) Pause Young (Normal) (G1 Evacuation Pause)
[2025-11-08T02:25:29.462+0000][gc,task       ] GC(1243) Using 2 workers of 2 for evacuation
[2025-11-08T02:25:29.488+0000][gc,mmu        ] GC(1243) MMU target violated: 21.0ms (20.0ms/21.0ms)
[2025-11-08T02:25:29.489+0000][gc,phases     ] GC(1243)   Pre Evacuate Collection Set: 0.0ms
[2025-11-08T02:25:29.489+0000][gc,phases     ] GC(1243)   Evacuate Collection Set: 25.1ms
[2025-11-08T02:25:29.489+0000][gc,phases     ] GC(1243)   Post Evacuate Collection Set: 0.9ms
[2025-11-08T02:25:29.489+0000][gc,phases     ] GC(1243)   Other: 1.3ms
[2025-11-08T02:25:29.489+0000][gc,heap       ] GC(1243) Eden regions: 44->0(66)
[2025-11-08T02:25:29.490+0000][gc,heap       ] GC(1243) Survivor regions: 11->4(7)
[2025-11-08T02:25:29.490+0000][gc,heap       ] GC(1243) Old regions: 151->159
[2025-11-08T02:25:29.490+0000][gc,heap       ] GC(1243) Humongous regions: 147->147
[2025-11-08T02:25:29.490+0000][gc,metaspace  ] GC(1243) Metaspace: 53369K(56604K)->53369K(56604K) NonClass: 47465K(49232K)->47465K(49232K) Class: 5903K(7372K)->5903K(7372K)
[2025-11-08T02:25:29.490+0000][gc            ] GC(1243) Pause Young (Normal) (G1 Evacuation Pause) 351M->309M(684M) 29.232ms
[2025-11-08T02:25:29.491+0000][gc,cpu        ] GC(1243) User=0.06s Sys=0.00s Real=0.03s
[2025-11-08T02:30:29.486+0000][gc,start      ] GC(1244) Pause Young (Normal) (G1 Evacuation Pause)
[2025-11-08T02:30:29.487+0000][gc,task       ] GC(1244) Using 2 workers of 2 for evacuation
[2025-11-08T02:30:29.506+0000][gc,phases     ] GC(1244)   Pre Evacuate Collection Set: 0.0ms
[2025-11-08T02:30:29.506+0000][gc,phases     ] GC(1244)   Evacuate Collection Set: 17.3ms
[2025-11-08T02:30:29.506+0000][gc,phases     ] GC(1244)   Post Evacuate Collection Set: 0.8ms
[2025-11-08T02:30:29.507+0000][gc,phases     ] GC(1244)   Other: 1.9ms
[2025-11-08T02:30:29.507+0000][gc,heap       ] GC(1244) Eden regions: 62->0(35)
[2025-11-08T02:30:29.507+0000][gc,heap       ] GC(1244) Survivor regions: 4->9(9)
[2025-11-08T02:30:29.508+0000][gc,heap       ] GC(1244) Old regions: 159->160
[2025-11-08T02:30:29.508+0000][gc,heap       ] GC(1244) Humongous regions: 147->147
[2025-11-08T02:30:29.508+0000][gc,metaspace  ] GC(1244) Metaspace: 53369K(56604K)->53369K(56604K) NonClass: 47465K(49232K)->47465K(49232K) Class: 5903K(7372K)->5903K(7372K)
[2025-11-08T02:30:29.510+0000][gc            ] GC(1244) Pause Young (Normal) (G1 Evacuation Pause) 371M->316M(684M) 23.631ms
[2025-11-08T02:30:29.510+0000][gc,cpu        ] GC(1244) User=0.04s Sys=0.00s Real=0.03s
[2025-11-08T02:33:32.913+0000][gc,start      ] GC(1245) Pause Young (Normal) (G1 Evacuation Pause)
[2025-11-08T02:33:32.918+0000][gc,task       ] GC(1245) Using 2 workers of 2 for evacuation
[2025-11-08T02:33:32.957+0000][gc,mmu        ] GC(1245) MMU target violated: 21.0ms (20.0ms/21.0ms)
[2025-11-08T02:33:32.957+0000][gc,phases     ] GC(1245)   Pre Evacuate Collection Set: 0.0ms
[2025-11-08T02:33:32.958+0000][gc,phases     ] GC(1245)   Evacuate Collection Set: 33.6ms
[2025-11-08T02:33:32.959+0000][gc,phases     ] GC(1245)   Post Evacuate Collection Set: 3.8ms
[2025-11-08T02:33:32.960+0000][gc,phases     ] GC(1245)   Other: 7.1ms
[2025-11-08T02:33:32.961+0000][gc,heap       ] GC(1245) Eden regions: 35->0(34)
[2025-11-08T02:33:32.961+0000][gc,heap       ] GC(1245) Survivor regions: 9->2(6)
[2025-11-08T02:33:32.962+0000][gc,heap       ] GC(1245) Old regions: 160->167
[2025-11-08T02:33:32.963+0000][gc,heap       ] GC(1245) Humongous regions: 147->147
[2025-11-08T02:33:32.969+0000][gc,metaspace  ] GC(1245) Metaspace: 53369K(56604K)->53369K(56604K) NonClass: 47465K(49232K)->47465K(49232K) Class: 5903K(7372K)->5903K(7372K)
[2025-11-08T02:33:32.970+0000][gc            ] GC(1245) Pause Young (Normal) (G1 Evacuation Pause) 351M->315M(684M) 57.212ms
[2025-11-08T02:33:32.971+0000][gc,cpu        ] GC(1245) User=0.07s Sys=0.00s Real=0.06s
