[2025-11-05T13:01:09.610+0000][gc,heap] Heap region size: 1M
[2025-11-05T13:01:09.628+0000][gc     ] Using G1
[2025-11-05T13:01:09.629+0000][gc,heap,coops] Heap address: 0x00000000c0000000, size: 1024 MB, Compressed Oops mode: 32-bit
[2025-11-05T13:01:11.545+0000][gc,start     ] GC(0) Pause Young (Normal) (G1 Evacuation Pause)
[2025-11-05T13:01:11.546+0000][gc,task      ] GC(0) Using 2 workers of 2 for evacuation
[2025-11-05T13:01:11.570+0000][gc,phases    ] GC(0)   Pre Evacuate Collection Set: 0.0ms
[2025-11-05T13:01:11.570+0000][gc,phases    ] GC(0)   Evacuate Collection Set: 11.0ms
[2025-11-05T13:01:11.570+0000][gc,phases    ] GC(0)   Post Evacuate Collection Set: 1.2ms
[2025-11-05T13:01:11.570+0000][gc,phases    ] GC(0)   Other: 1.7ms
[2025-11-05T13:01:11.571+0000][gc,heap      ] GC(0) Eden regions: 25->0(21)
[2025-11-05T13:01:11.571+0000][gc,heap      ] GC(0) Survivor regions: 0->4(4)
[2025-11-05T13:01:11.571+0000][gc,heap      ] GC(0) Old regions: 0->3
[2025-11-05T13:01:11.571+0000][gc,heap      ] GC(0) Humongous regions: 0->0
[2025-11-05T13:01:11.572+0000][gc,metaspace ] GC(0) Metaspace: 17800K(18432K)->17800K(18432K) NonClass: 15920K(16384K)->15920K(16384K) Class: 1879K(2048K)->1879K(2048K)
[2025-11-05T13:01:11.572+0000][gc           ] GC(0) Pause Young (Normal) (G1 Evacuation Pause) 25M->6M(512M) 16.020ms
[2025-11-05T13:01:11.572+0000][gc,cpu       ] GC(0) User=0.03s Sys=0.01s Real=0.02s
[2025-11-05T13:01:11.940+0000][gc,start     ] GC(1) Pause Young (Concurrent Start) (Metadata GC Threshold)
[2025-11-05T13:01:11.940+0000][gc,task      ] GC(1) Using 2 workers of 2 for evacuation
[2025-11-05T13:01:11.953+0000][gc,phases    ] GC(1)   Pre Evacuate Collection Set: 0.0ms
[2025-11-05T13:01:11.953+0000][gc,phases    ] GC(1)   Evacuate Collection Set: 11.4ms
[2025-11-05T13:01:11.953+0000][gc,phases    ] GC(1)   Post Evacuate Collection Set: 0.9ms
[2025-11-05T13:01:11.953+0000][gc,phases    ] GC(1)   Other: 0.7ms
[2025-11-05T13:01:11.954+0000][gc,heap      ] GC(1) Eden regions: 9->0(24)
[2025-11-05T13:01:11.954+0000][gc,heap      ] GC(1) Survivor regions: 4->1(4)
[2025-11-05T13:01:11.954+0000][gc,heap      ] GC(1) Old regions: 3->7
[2025-11-05T13:01:11.955+0000][gc,heap      ] GC(1) Humongous regions: 0->0
[2025-11-05T13:01:11.955+0000][gc,metaspace ] GC(1) Metaspace: 20838K(21296K)->20838K(21296K) NonClass: 18619K(18864K)->18619K(18864K) Class: 2218K(2432K)->2218K(2432K)
[2025-11-05T13:01:11.955+0000][gc           ] GC(1) Pause Young (Concurrent Start) (Metadata GC Threshold) 14M->6M(512M) 15.354ms
[2025-11-05T13:01:11.955+0000][gc,cpu       ] GC(1) User=0.01s Sys=0.01s Real=0.01s
[2025-11-05T13:01:11.956+0000][gc           ] GC(2) Concurrent Cycle
[2025-11-05T13:01:11.956+0000][gc,marking   ] GC(2) Concurrent Clear Claimed Marks
[2025-11-05T13:01:11.956+0000][gc,marking   ] GC(2) Concurrent Clear Claimed Marks 0.199ms
[2025-11-05T13:01:11.956+0000][gc,marking   ] GC(2) Concurrent Scan Root Regions
[2025-11-05T13:01:11.957+0000][gc,marking   ] GC(2) Concurrent Scan Root Regions 1.064ms
[2025-11-05T13:01:11.958+0000][gc,marking   ] GC(2) Concurrent Mark (2.368s)
[2025-11-05T13:01:11.958+0000][gc,marking   ] GC(2) Concurrent Mark From Roots
[2025-11-05T13:01:11.958+0000][gc,task      ] GC(2) Using 1 workers of 1 for marking
[2025-11-05T13:01:11.968+0000][gc,marking   ] GC(2) Concurrent Mark From Roots 10.078ms
[2025-11-05T13:01:11.968+0000][gc,marking   ] GC(2) Concurrent Preclean
[2025-11-05T13:01:11.968+0000][gc,marking   ] GC(2) Concurrent Preclean 0.306ms
[2025-11-05T13:01:11.969+0000][gc,marking   ] GC(2) Concurrent Mark (2.368s, 2.379s) 11.026ms
[2025-11-05T13:01:11.971+0000][gc,start     ] GC(2) Pause Remark
[2025-11-05T13:01:11.975+0000][gc,stringtable] GC(2) Cleaned string and symbol table, strings: 7268 processed, 0 removed, symbols: 64804 processed, 23 removed
[2025-11-05T13:01:11.975+0000][gc            ] GC(2) Pause Remark 7M->7M(512M) 4.720ms
[2025-11-05T13:01:11.976+0000][gc,cpu        ] GC(2) User=0.01s Sys=0.00s Real=0.00s
[2025-11-05T13:01:11.976+0000][gc,marking    ] GC(2) Concurrent Rebuild Remembered Sets
[2025-11-05T13:01:11.982+0000][gc,marking    ] GC(2) Concurrent Rebuild Remembered Sets 5.716ms
[2025-11-05T13:01:11.984+0000][gc,start      ] GC(2) Pause Cleanup
[2025-11-05T13:01:11.984+0000][gc            ] GC(2) Pause Cleanup 7M->7M(512M) 0.536ms
[2025-11-05T13:01:11.985+0000][gc,cpu        ] GC(2) User=0.00s Sys=0.00s Real=0.00s
[2025-11-05T13:01:11.985+0000][gc,marking    ] GC(2) Concurrent Cleanup for Next Mark
[2025-11-05T13:01:12.000+0000][gc,marking    ] GC(2) Concurrent Cleanup for Next Mark 15.221ms
[2025-11-05T13:01:12.001+0000][gc            ] GC(2) Concurrent Cycle 45.107ms
[2025-11-05T13:01:12.638+0000][gc,start      ] GC(3) Pause Young (Normal) (G1 Evacuation Pause)
[2025-11-05T13:01:12.638+0000][gc,task       ] GC(3) Using 2 workers of 2 for evacuation
[2025-11-05T13:01:12.649+0000][gc,phases     ] GC(3)   Pre Evacuate Collection Set: 0.0ms
[2025-11-05T13:01:12.649+0000][gc,phases     ] GC(3)   Evacuate Collection Set: 5.7ms
[2025-11-05T13:01:12.650+0000][gc,phases     ] GC(3)   Post Evacuate Collection Set: 4.1ms
[2025-11-05T13:01:12.650+0000][gc,phases     ] GC(3)   Other: 0.8ms
[2025-11-05T13:01:12.651+0000][gc,heap       ] GC(3) Eden regions: 24->0(23)
[2025-11-05T13:01:12.652+0000][gc,heap       ] GC(3) Survivor regions: 1->2(4)
[2025-11-05T13:01:12.652+0000][gc,heap       ] GC(3) Old regions: 7->7
[2025-11-05T13:01:12.652+0000][gc,heap       ] GC(3) Humongous regions: 0->0
[2025-11-05T13:01:12.652+0000][gc,metaspace  ] GC(3) Metaspace: 25744K(26544K)->25744K(26544K) NonClass: 23012K(23472K)->23012K(23472K) Class: 2731K(3072K)->2731K(3072K)
[2025-11-05T13:01:12.653+0000][gc            ] GC(3) Pause Young (Normal) (G1 Evacuation Pause) 30M->7M(512M) 14.743ms
[2025-11-05T13:01:12.653+0000][gc,cpu        ] GC(3) User=0.01s Sys=0.00s Real=0.01s
[2025-11-05T13:01:13.351+0000][gc,start      ] GC(4) Pause Young (Normal) (G1 Evacuation Pause)
[2025-11-05T13:01:13.351+0000][gc,task       ] GC(4) Using 2 workers of 2 for evacuation
[2025-11-05T13:01:13.360+0000][gc,phases     ] GC(4)   Pre Evacuate Collection Set: 0.0ms
[2025-11-05T13:01:13.360+0000][gc,phases     ] GC(4)   Evacuate Collection Set: 7.6ms
[2025-11-05T13:01:13.360+0000][gc,phases     ] GC(4)   Post Evacuate Collection Set: 0.4ms
[2025-11-05T13:01:13.360+0000][gc,phases     ] GC(4)   Other: 0.8ms
[2025-11-05T13:01:13.361+0000][gc,heap       ] GC(4) Eden regions: 23->0(22)
[2025-11-05T13:01:13.361+0000][gc,heap       ] GC(4) Survivor regions: 2->3(4)
[2025-11-05T13:01:13.361+0000][gc,heap       ] GC(4) Old regions: 7->7
[2025-11-05T13:01:13.361+0000][gc,heap       ] GC(4) Humongous regions: 0->0
[2025-11-05T13:01:13.361+0000][gc,metaspace  ] GC(4) Metaspace: 29665K(30640K)->29665K(30640K) NonClass: 26482K(27056K)->26482K(27056K) Class: 3182K(3584K)->3182K(3584K)
[2025-11-05T13:01:13.362+0000][gc            ] GC(4) Pause Young (Normal) (G1 Evacuation Pause) 30M->9M(512M) 10.908ms
[2025-11-05T13:01:13.362+0000][gc,cpu        ] GC(4) User=0.02s Sys=0.00s Real=0.01s
[2025-11-05T13:01:14.045+0000][gc,start      ] GC(5) Pause Young (Normal) (G1 Evacuation Pause)
[2025-11-05T13:01:14.046+0000][gc,task       ] GC(5) Using 2 workers of 2 for evacuation
[2025-11-05T13:01:14.055+0000][gc,phases     ] GC(5)   Pre Evacuate Collection Set: 0.0ms
[2025-11-05T13:01:14.055+0000][gc,phases     ] GC(5)   Evacuate Collection Set: 6.6ms
[2025-11-05T13:01:14.055+0000][gc,phases     ] GC(5)   Post Evacuate Collection Set: 1.9ms
[2025-11-05T13:01:14.055+0000][gc,phases     ] GC(5)   Other: 1.6ms
[2025-11-05T13:01:14.057+0000][gc,heap       ] GC(5) Eden regions: 22->0(23)
[2025-11-05T13:01:14.058+0000][gc,heap       ] GC(5) Survivor regions: 3->2(4)
[2025-11-05T13:01:14.060+0000][gc,heap       ] GC(5) Old regions: 7->8
[2025-11-05T13:01:14.061+0000][gc,heap       ] GC(5) Humongous regions: 0->0
[2025-11-05T13:01:14.061+0000][gc,metaspace  ] GC(5) Metaspace: 31772K(32688K)->31772K(32688K) NonClass: 28313K(28848K)->28313K(28848K) Class: 3458K(3840K)->3458K(3840K)
[2025-11-05T13:01:14.061+0000][gc            ] GC(5) Pause Young (Normal) (G1 Evacuation Pause) 31M->9M(512M) 16.413ms
[2025-11-05T13:01:14.062+0000][gc,cpu        ] GC(5) User=0.01s Sys=0.00s Real=0.02s
[2025-11-05T13:01:14.327+0000][gc,start      ] GC(6) Pause Young (Normal) (G1 Evacuation Pause)
[2025-11-05T13:01:14.327+0000][gc,task       ] GC(6) Using 2 workers of 2 for evacuation
[2025-11-05T13:01:14.338+0000][gc,phases     ] GC(6)   Pre Evacuate Collection Set: 0.0ms
[2025-11-05T13:01:14.339+0000][gc,phases     ] GC(6)   Evacuate Collection Set: 6.1ms
[2025-11-05T13:01:14.339+0000][gc,phases     ] GC(6)   Post Evacuate Collection Set: 4.2ms
[2025-11-05T13:01:14.339+0000][gc,phases     ] GC(6)   Other: 0.6ms
[2025-11-05T13:01:14.339+0000][gc,heap       ] GC(6) Eden regions: 23->0(23)
[2025-11-05T13:01:14.340+0000][gc,heap       ] GC(6) Survivor regions: 2->2(4)
[2025-11-05T13:01:14.340+0000][gc,heap       ] GC(6) Old regions: 8->8
[2025-11-05T13:01:14.340+0000][gc,heap       ] GC(6) Humongous regions: 0->0
[2025-11-05T13:01:14.341+0000][gc,metaspace  ] GC(6) Metaspace: 31773K(32944K)->31773K(32944K) NonClass: 28314K(29104K)->28314K(29104K) Class: 3458K(3840K)->3458K(3840K)
[2025-11-05T13:01:14.341+0000][gc            ] GC(6) Pause Young (Normal) (G1 Evacuation Pause) 32M->9M(512M) 13.775ms
[2025-11-05T13:01:14.341+0000][gc,cpu        ] GC(6) User=0.02s Sys=0.00s Real=0.01s
[2025-11-05T13:01:14.655+0000][gc,start      ] GC(7) Pause Young (Normal) (G1 Evacuation Pause)
[2025-11-05T13:01:14.656+0000][gc,task       ] GC(7) Using 2 workers of 2 for evacuation
[2025-11-05T13:01:14.668+0000][gc,phases     ] GC(7)   Pre Evacuate Collection Set: 0.0ms
[2025-11-05T13:01:14.668+0000][gc,phases     ] GC(7)   Evacuate Collection Set: 8.6ms
[2025-11-05T13:01:14.669+0000][gc,phases     ] GC(7)   Post Evacuate Collection Set: 3.4ms
[2025-11-05T13:01:14.669+0000][gc,phases     ] GC(7)   Other: 0.5ms
[2025-11-05T13:01:14.669+0000][gc,heap       ] GC(7) Eden regions: 23->0(23)
[2025-11-05T13:01:14.669+0000][gc,heap       ] GC(7) Survivor regions: 2->2(4)
[2025-11-05T13:01:14.670+0000][gc,heap       ] GC(7) Old regions: 8->8
[2025-11-05T13:01:14.670+0000][gc,heap       ] GC(7) Humongous regions: 0->0
[2025-11-05T13:01:14.670+0000][gc,metaspace  ] GC(7) Metaspace: 31773K(32944K)->31773K(32944K) NonClass: 28314K(29104K)->28314K(29104K) Class: 3458K(3840K)->3458K(3840K)
[2025-11-05T13:01:14.670+0000][gc            ] GC(7) Pause Young (Normal) (G1 Evacuation Pause) 32M->9M(512M) 14.824ms
[2025-11-05T13:01:14.671+0000][gc,cpu        ] GC(7) User=0.00s Sys=0.00s Real=0.02s
[2025-11-05T13:01:15.149+0000][gc,start      ] GC(8) Pause Young (Concurrent Start) (Metadata GC Threshold)
[2025-11-05T13:01:15.150+0000][gc,task       ] GC(8) Using 2 workers of 2 for evacuation
[2025-11-05T13:01:15.158+0000][gc,phases     ] GC(8)   Pre Evacuate Collection Set: 0.1ms
[2025-11-05T13:01:15.158+0000][gc,phases     ] GC(8)   Evacuate Collection Set: 5.6ms
[2025-11-05T13:01:15.158+0000][gc,phases     ] GC(8)   Post Evacuate Collection Set: 0.9ms
[2025-11-05T13:01:15.158+0000][gc,phases     ] GC(8)   Other: 2.4ms
[2025-11-05T13:01:15.159+0000][gc,heap       ] GC(8) Eden regions: 16->0(22)
[2025-11-05T13:01:15.159+0000][gc,heap       ] GC(8) Survivor regions: 2->3(4)
[2025-11-05T13:01:15.159+0000][gc,heap       ] GC(8) Old regions: 8->8
[2025-11-05T13:01:15.160+0000][gc,heap       ] GC(8) Humongous regions: 0->0
[2025-11-05T13:01:15.160+0000][gc,metaspace  ] GC(8) Metaspace: 34908K(35888K)->34908K(35888K) NonClass: 31132K(31664K)->31132K(31664K) Class: 3776K(4224K)->3776K(4224K)
[2025-11-05T13:01:15.160+0000][gc            ] GC(8) Pause Young (Concurrent Start) (Metadata GC Threshold) 25M->10M(512M) 11.628ms
[2025-11-05T13:01:15.161+0000][gc,cpu        ] GC(8) User=0.02s Sys=0.01s Real=0.01s
[2025-11-05T13:01:15.161+0000][gc            ] GC(9) Concurrent Cycle
[2025-11-05T13:01:15.161+0000][gc,marking    ] GC(9) Concurrent Clear Claimed Marks
[2025-11-05T13:01:15.162+0000][gc,marking    ] GC(9) Concurrent Clear Claimed Marks 0.853ms
[2025-11-05T13:01:15.163+0000][gc,marking    ] GC(9) Concurrent Scan Root Regions
[2025-11-05T13:01:15.166+0000][gc,marking    ] GC(9) Concurrent Scan Root Regions 3.431ms
[2025-11-05T13:01:15.167+0000][gc,marking    ] GC(9) Concurrent Mark (5.577s)
[2025-11-05T13:01:15.167+0000][gc,marking    ] GC(9) Concurrent Mark From Roots
[2025-11-05T13:01:15.167+0000][gc,task       ] GC(9) Using 1 workers of 1 for marking
[2025-11-05T13:01:15.183+0000][gc,marking    ] GC(9) Concurrent Mark From Roots 15.596ms
[2025-11-05T13:01:15.183+0000][gc,marking    ] GC(9) Concurrent Preclean
[2025-11-05T13:01:15.183+0000][gc,marking    ] GC(9) Concurrent Preclean 0.249ms
[2025-11-05T13:01:15.184+0000][gc,marking    ] GC(9) Concurrent Mark (5.577s, 5.594s) 16.911ms
[2025-11-05T13:01:15.185+0000][gc,start      ] GC(9) Pause Remark
[2025-11-05T13:01:15.207+0000][gc,stringtable] GC(9) Cleaned string and symbol table, strings: 11341 processed, 14 removed, symbols: 96715 processed, 20 removed
[2025-11-05T13:01:15.208+0000][gc,mmu        ] GC(9) MMU target violated: 21.0ms (20.0ms/21.0ms)
[2025-11-05T13:01:15.208+0000][gc            ] GC(9) Pause Remark 11M->11M(512M) 23.163ms
[2025-11-05T13:01:15.209+0000][gc,cpu        ] GC(9) User=0.02s Sys=0.00s Real=0.03s
[2025-11-05T13:01:15.209+0000][gc,marking    ] GC(9) Concurrent Rebuild Remembered Sets
[2025-11-05T13:01:15.218+0000][gc,marking    ] GC(9) Concurrent Rebuild Remembered Sets 8.493ms
[2025-11-05T13:01:15.221+0000][gc,start      ] GC(9) Pause Cleanup
[2025-11-05T13:01:15.222+0000][gc            ] GC(9) Pause Cleanup 12M->12M(512M) 0.774ms
[2025-11-05T13:01:15.224+0000][gc,cpu        ] GC(9) User=0.01s Sys=0.00s Real=0.00s
[2025-11-05T13:01:15.224+0000][gc,marking    ] GC(9) Concurrent Cleanup for Next Mark
[2025-11-05T13:01:15.266+0000][gc,marking    ] GC(9) Concurrent Cleanup for Next Mark 42.036ms
[2025-11-05T13:01:15.267+0000][gc            ] GC(9) Concurrent Cycle 105.584ms
[2025-11-05T13:01:15.808+0000][gc,start      ] GC(10) Pause Young (Normal) (G1 Evacuation Pause)
[2025-11-05T13:01:15.808+0000][gc,task       ] GC(10) Using 2 workers of 2 for evacuation
[2025-11-05T13:01:15.817+0000][gc,phases     ] GC(10)   Pre Evacuate Collection Set: 0.0ms
[2025-11-05T13:01:15.817+0000][gc,phases     ] GC(10)   Evacuate Collection Set: 7.4ms
[2025-11-05T13:01:15.817+0000][gc,phases     ] GC(10)   Post Evacuate Collection Set: 0.9ms
[2025-11-05T13:01:15.817+0000][gc,phases     ] GC(10)   Other: 0.7ms
[2025-11-05T13:01:15.818+0000][gc,heap       ] GC(10) Eden regions: 22->0(23)
[2025-11-05T13:01:15.818+0000][gc,heap       ] GC(10) Survivor regions: 3->2(4)
[2025-11-05T13:01:15.818+0000][gc,heap       ] GC(10) Old regions: 8->9
[2025-11-05T13:01:15.819+0000][gc,heap       ] GC(10) Humongous regions: 27->27
[2025-11-05T13:01:15.819+0000][gc,metaspace  ] GC(10) Metaspace: 39216K(40624K)->39216K(40624K) NonClass: 34937K(35760K)->34937K(35760K) Class: 4279K(4864K)->4279K(4864K)
[2025-11-05T13:01:15.820+0000][gc            ] GC(10) Pause Young (Normal) (G1 Evacuation Pause) 59M->37M(512M) 11.794ms
[2025-11-05T13:01:15.820+0000][gc,cpu        ] GC(10) User=0.03s Sys=0.00s Real=0.01s
[2025-11-05T13:01:16.121+0000][gc,start      ] GC(11) Pause Young (Normal) (G1 Evacuation Pause)
[2025-11-05T13:01:16.121+0000][gc,task       ] GC(11) Using 2 workers of 2 for evacuation
[2025-11-05T13:01:16.129+0000][gc,phases     ] GC(11)   Pre Evacuate Collection Set: 0.0ms
[2025-11-05T13:01:16.129+0000][gc,phases     ] GC(11)   Evacuate Collection Set: 5.6ms
[2025-11-05T13:01:16.130+0000][gc,phases     ] GC(11)   Post Evacuate Collection Set: 1.5ms
[2025-11-05T13:01:16.130+0000][gc,phases     ] GC(11)   Other: 1.0ms
[2025-11-05T13:01:16.131+0000][gc,heap       ] GC(11) Eden regions: 23->0(23)
[2025-11-05T13:01:16.131+0000][gc,heap       ] GC(11) Survivor regions: 2->2(4)
[2025-11-05T13:01:16.131+0000][gc,heap       ] GC(11) Old regions: 9->9
[2025-11-05T13:01:16.132+0000][gc,heap       ] GC(11) Humongous regions: 27->27
[2025-11-05T13:01:16.132+0000][gc,metaspace  ] GC(11) Metaspace: 40090K(41520K)->40090K(41520K) NonClass: 35732K(36528K)->35732K(36528K) Class: 4357K(4992K)->4357K(4992K)
[2025-11-05T13:01:16.132+0000][gc            ] GC(11) Pause Young (Normal) (G1 Evacuation Pause) 60M->37M(512M) 11.542ms
[2025-11-05T13:01:16.133+0000][gc,cpu        ] GC(11) User=0.02s Sys=0.00s Real=0.01s
[2025-11-05T13:01:16.227+0000][gc,start      ] GC(12) Pause Young (Normal) (G1 Evacuation Pause)
[2025-11-05T13:01:16.229+0000][gc,task       ] GC(12) Using 2 workers of 2 for evacuation
[2025-11-05T13:01:16.238+0000][gc,phases     ] GC(12)   Pre Evacuate Collection Set: 0.0ms
[2025-11-05T13:01:16.241+0000][gc,phases     ] GC(12)   Evacuate Collection Set: 7.7ms
[2025-11-05T13:01:16.242+0000][gc,phases     ] GC(12)   Post Evacuate Collection Set: 0.9ms
[2025-11-05T13:01:16.242+0000][gc,phases     ] GC(12)   Other: 3.2ms
[2025-11-05T13:01:16.243+0000][gc,heap       ] GC(12) Eden regions: 23->0(23)
[2025-11-05T13:01:16.245+0000][gc,heap       ] GC(12) Survivor regions: 2->3(4)
[2025-11-05T13:01:16.246+0000][gc,heap       ] GC(12) Old regions: 9->9
[2025-11-05T13:01:16.246+0000][gc,heap       ] GC(12) Humongous regions: 27->27
[2025-11-05T13:01:16.246+0000][gc,metaspace  ] GC(12) Metaspace: 40130K(41520K)->40130K(41520K) NonClass: 35769K(36528K)->35769K(36528K) Class: 4360K(4992K)->4360K(4992K)
[2025-11-05T13:01:16.246+0000][gc            ] GC(12) Pause Young (Normal) (G1 Evacuation Pause) 60M->38M(512M) 19.452ms
[2025-11-05T13:01:16.246+0000][gc,cpu        ] GC(12) User=0.01s Sys=0.00s Real=0.02s
[2025-11-05T13:01:16.321+0000][gc,start      ] GC(13) Pause Young (Normal) (G1 Evacuation Pause)
[2025-11-05T13:01:16.322+0000][gc,task       ] GC(13) Using 2 workers of 2 for evacuation
[2025-11-05T13:01:16.328+0000][gc,phases     ] GC(13)   Pre Evacuate Collection Set: 0.0ms
[2025-11-05T13:01:16.328+0000][gc,phases     ] GC(13)   Evacuate Collection Set: 4.9ms
[2025-11-05T13:01:16.328+0000][gc,phases     ] GC(13)   Post Evacuate Collection Set: 0.8ms
[2025-11-05T13:01:16.328+0000][gc,phases     ] GC(13)   Other: 0.6ms
[2025-11-05T13:01:16.328+0000][gc,heap       ] GC(13) Eden regions: 23->0(25)
[2025-11-05T13:01:16.328+0000][gc,heap       ] GC(13) Survivor regions: 3->3(4)
[2025-11-05T13:01:16.329+0000][gc,heap       ] GC(13) Old regions: 9->10
[2025-11-05T13:01:16.329+0000][gc,heap       ] GC(13) Humongous regions: 27->27
[2025-11-05T13:01:16.329+0000][gc,metaspace  ] GC(13) Metaspace: 40215K(41520K)->40215K(41520K) NonClass: 35846K(36528K)->35846K(36528K) Class: 4368K(4992K)->4368K(4992K)
[2025-11-05T13:01:16.329+0000][gc            ] GC(13) Pause Young (Normal) (G1 Evacuation Pause) 61M->38M(512M) 7.898ms
[2025-11-05T13:01:16.329+0000][gc,cpu        ] GC(13) User=0.02s Sys=0.01s Real=0.01s
[2025-11-05T13:01:16.420+0000][gc,start      ] GC(14) Pause Young (Normal) (G1 Evacuation Pause)
[2025-11-05T13:01:16.420+0000][gc,task       ] GC(14) Using 2 workers of 2 for evacuation
[2025-11-05T13:01:16.427+0000][gc,phases     ] GC(14)   Pre Evacuate Collection Set: 0.1ms
[2025-11-05T13:01:16.427+0000][gc,phases     ] GC(14)   Evacuate Collection Set: 6.4ms
[2025-11-05T13:01:16.428+0000][gc,phases     ] GC(14)   Post Evacuate Collection Set: 0.6ms
[2025-11-05T13:01:16.428+0000][gc,phases     ] GC(14)   Other: 0.4ms
[2025-11-05T13:01:16.428+0000][gc,heap       ] GC(14) Eden regions: 25->0(28)
[2025-11-05T13:01:16.428+0000][gc,heap       ] GC(14) Survivor regions: 3->3(4)
[2025-11-05T13:01:16.428+0000][gc,heap       ] GC(14) Old regions: 10->10
[2025-11-05T13:01:16.428+0000][gc,heap       ] GC(14) Humongous regions: 27->27
[2025-11-05T13:01:16.429+0000][gc,metaspace  ] GC(14) Metaspace: 40598K(42032K)->40598K(42032K) NonClass: 36209K(37040K)->36209K(37040K) Class: 4388K(4992K)->4388K(4992K)
[2025-11-05T13:01:16.429+0000][gc            ] GC(14) Pause Young (Normal) (G1 Evacuation Pause) 63M->39M(512M) 8.969ms
[2025-11-05T13:01:16.429+0000][gc,cpu        ] GC(14) User=0.02s Sys=0.01s Real=0.01s
[2025-11-05T13:01:16.512+0000][gc,start      ] GC(15) Pause Young (Normal) (G1 Evacuation Pause)
[2025-11-05T13:01:16.512+0000][gc,task       ] GC(15) Using 2 workers of 2 for evacuation
[2025-11-05T13:01:16.519+0000][gc,phases     ] GC(15)   Pre Evacuate Collection Set: 0.0ms
[2025-11-05T13:01:16.519+0000][gc,phases     ] GC(15)   Evacuate Collection Set: 5.9ms
[2025-11-05T13:01:16.520+0000][gc,phases     ] GC(15)   Post Evacuate Collection Set: 0.6ms
[2025-11-05T13:01:16.520+0000][gc,phases     ] GC(15)   Other: 0.5ms
[2025-11-05T13:01:16.520+0000][gc,heap       ] GC(15) Eden regions: 28->0(45)
[2025-11-05T13:01:16.520+0000][gc,heap       ] GC(15) Survivor regions: 3->3(4)
[2025-11-05T13:01:16.521+0000][gc,heap       ] GC(15) Old regions: 10->11
[2025-11-05T13:01:16.521+0000][gc,heap       ] GC(15) Humongous regions: 27->27
[2025-11-05T13:01:16.521+0000][gc,metaspace  ] GC(15) Metaspace: 40917K(42288K)->40917K(42288K) NonClass: 36496K(37296K)->36496K(37296K) Class: 4420K(4992K)->4420K(4992K)
[2025-11-05T13:01:16.521+0000][gc            ] GC(15) Pause Young (Normal) (G1 Evacuation Pause) 67M->39M(512M) 9.366ms
[2025-11-05T13:01:16.522+0000][gc,cpu        ] GC(15) User=0.01s Sys=0.00s Real=0.01s
[2025-11-05T13:01:16.629+0000][gc,start      ] GC(16) Pause Young (Normal) (G1 Evacuation Pause)
[2025-11-05T13:01:16.629+0000][gc,task       ] GC(16) Using 2 workers of 2 for evacuation
[2025-11-05T13:01:16.634+0000][gc,phases     ] GC(16)   Pre Evacuate Collection Set: 0.0ms
[2025-11-05T13:01:16.634+0000][gc,phases     ] GC(16)   Evacuate Collection Set: 3.5ms
[2025-11-05T13:01:16.634+0000][gc,phases     ] GC(16)   Post Evacuate Collection Set: 0.6ms
[2025-11-05T13:01:16.634+0000][gc,phases     ] GC(16)   Other: 0.9ms
[2025-11-05T13:01:16.634+0000][gc,heap       ] GC(16) Eden regions: 45->0(80)
[2025-11-05T13:01:16.634+0000][gc,heap       ] GC(16) Survivor regions: 3->3(6)
[2025-11-05T13:01:16.635+0000][gc,heap       ] GC(16) Old regions: 11->11
[2025-11-05T13:01:16.635+0000][gc,heap       ] GC(16) Humongous regions: 27->27
[2025-11-05T13:01:16.635+0000][gc,metaspace  ] GC(16) Metaspace: 41669K(43056K)->41669K(43056K) NonClass: 37207K(38064K)->37207K(38064K) Class: 4462K(4992K)->4462K(4992K)
[2025-11-05T13:01:16.635+0000][gc            ] GC(16) Pause Young (Normal) (G1 Evacuation Pause) 84M->39M(512M) 6.280ms
[2025-11-05T13:01:16.635+0000][gc,cpu        ] GC(16) User=0.01s Sys=0.00s Real=0.00s
[2025-11-05T13:01:17.001+0000][gc,start      ] GC(17) Pause Young (Normal) (G1 Evacuation Pause)
[2025-11-05T13:01:17.003+0000][gc,task       ] GC(17) Using 2 workers of 2 for evacuation
[2025-11-05T13:01:17.012+0000][gc,phases     ] GC(17)   Pre Evacuate Collection Set: 0.0ms
[2025-11-05T13:01:17.015+0000][gc,phases     ] GC(17)   Evacuate Collection Set: 6.3ms
[2025-11-05T13:01:17.016+0000][gc,phases     ] GC(17)   Post Evacuate Collection Set: 1.7ms
[2025-11-05T13:01:17.016+0000][gc,phases     ] GC(17)   Other: 2.7ms
[2025-11-05T13:01:17.016+0000][gc,heap       ] GC(17) Eden regions: 80->0(91)
[2025-11-05T13:01:17.017+0000][gc,heap       ] GC(17) Survivor regions: 3->3(11)
[2025-11-05T13:01:17.017+0000][gc,heap       ] GC(17) Old regions: 11->11
[2025-11-05T13:01:17.017+0000][gc,heap       ] GC(17) Humongous regions: 36->36
[2025-11-05T13:01:17.018+0000][gc,metaspace  ] GC(17) Metaspace: 43102K(44464K)->43102K(44464K) NonClass: 38520K(39344K)->38520K(39344K) Class: 4581K(5120K)->4581K(5120K)
[2025-11-05T13:01:17.018+0000][gc            ] GC(17) Pause Young (Normal) (G1 Evacuation Pause) 128M->49M(512M) 16.905ms
[2025-11-05T13:01:17.018+0000][gc,cpu        ] GC(17) User=0.01s Sys=0.00s Real=0.02s
[2025-11-05T13:01:17.444+0000][gc,start      ] GC(18) Pause Young (Normal) (G1 Evacuation Pause)
[2025-11-05T13:01:17.444+0000][gc,task       ] GC(18) Using 2 workers of 2 for evacuation
[2025-11-05T13:01:17.505+0000][gc,mmu        ] GC(18) MMU target violated: 21.0ms (20.0ms/21.0ms)
[2025-11-05T13:01:17.505+0000][gc,phases     ] GC(18)   Pre Evacuate Collection Set: 0.0ms
[2025-11-05T13:01:17.505+0000][gc,phases     ] GC(18)   Evacuate Collection Set: 59.7ms
[2025-11-05T13:01:17.505+0000][gc,phases     ] GC(18)   Post Evacuate Collection Set: 0.8ms
[2025-11-05T13:01:17.506+0000][gc,phases     ] GC(18)   Other: 0.7ms
[2025-11-05T13:01:17.506+0000][gc,heap       ] GC(18) Eden regions: 91->0(26)
[2025-11-05T13:01:17.506+0000][gc,heap       ] GC(18) Survivor regions: 3->3(12)
[2025-11-05T13:01:17.506+0000][gc,heap       ] GC(18) Old regions: 11->11
[2025-11-05T13:01:17.506+0000][gc,heap       ] GC(18) Humongous regions: 50->50
[2025-11-05T13:01:17.507+0000][gc,metaspace  ] GC(18) Metaspace: 43801K(45232K)->43801K(45232K) NonClass: 39100K(39856K)->39100K(39856K) Class: 4700K(5376K)->4700K(5376K)
[2025-11-05T13:01:17.507+0000][gc            ] GC(18) Pause Young (Normal) (G1 Evacuation Pause) 154M->63M(512M) 63.077ms
[2025-11-05T13:01:17.507+0000][gc,cpu        ] GC(18) User=0.02s Sys=0.00s Real=0.06s
[2025-11-05T13:01:17.613+0000][gc,start      ] GC(19) Pause Young (Normal) (G1 Evacuation Pause)
[2025-11-05T13:01:17.613+0000][gc,task       ] GC(19) Using 2 workers of 2 for evacuation
[2025-11-05T13:01:17.618+0000][gc,phases     ] GC(19)   Pre Evacuate Collection Set: 0.1ms
[2025-11-05T13:01:17.618+0000][gc,phases     ] GC(19)   Evacuate Collection Set: 4.0ms
[2025-11-05T13:01:17.618+0000][gc,phases     ] GC(19)   Post Evacuate Collection Set: 0.6ms
[2025-11-05T13:01:17.619+0000][gc,phases     ] GC(19)   Other: 0.5ms
[2025-11-05T13:01:17.619+0000][gc,heap       ] GC(19) Eden regions: 26->0(28)
[2025-11-05T13:01:17.619+0000][gc,heap       ] GC(19) Survivor regions: 3->2(4)
[2025-11-05T13:01:17.619+0000][gc,heap       ] GC(19) Old regions: 11->12
[2025-11-05T13:01:17.619+0000][gc,heap       ] GC(19) Humongous regions: 50->50
[2025-11-05T13:01:17.619+0000][gc,metaspace  ] GC(19) Metaspace: 43801K(45232K)->43801K(45232K) NonClass: 39101K(39856K)->39101K(39856K) Class: 4700K(5376K)->4700K(5376K)
[2025-11-05T13:01:17.620+0000][gc            ] GC(19) Pause Young (Normal) (G1 Evacuation Pause) 89M->63M(512M) 6.826ms
[2025-11-05T13:01:17.620+0000][gc,cpu        ] GC(19) User=0.01s Sys=0.00s Real=0.01s
[2025-11-05T13:01:17.713+0000][gc,start      ] GC(20) Pause Young (Normal) (G1 Evacuation Pause)
[2025-11-05T13:01:17.713+0000][gc,task       ] GC(20) Using 2 workers of 2 for evacuation
[2025-11-05T13:01:17.717+0000][gc,phases     ] GC(20)   Pre Evacuate Collection Set: 0.0ms
[2025-11-05T13:01:17.717+0000][gc,phases     ] GC(20)   Evacuate Collection Set: 3.1ms
[2025-11-05T13:01:17.718+0000][gc,phases     ] GC(20)   Post Evacuate Collection Set: 0.7ms
[2025-11-05T13:01:17.718+0000][gc,phases     ] GC(20)   Other: 0.6ms
[2025-11-05T13:01:17.718+0000][gc,heap       ] GC(20) Eden regions: 28->0(30)
[2025-11-05T13:01:17.718+0000][gc,heap       ] GC(20) Survivor regions: 2->2(4)
[2025-11-05T13:01:17.718+0000][gc,heap       ] GC(20) Old regions: 12->12
[2025-11-05T13:01:17.718+0000][gc,heap       ] GC(20) Humongous regions: 50->50
[2025-11-05T13:01:17.719+0000][gc,metaspace  ] GC(20) Metaspace: 43801K(45232K)->43801K(45232K) NonClass: 39101K(39856K)->39101K(39856K) Class: 4700K(5376K)->4700K(5376K)
[2025-11-05T13:01:17.719+0000][gc            ] GC(20) Pause Young (Normal) (G1 Evacuation Pause) 91M->63M(512M) 5.813ms
[2025-11-05T13:01:17.719+0000][gc,cpu        ] GC(20) User=0.01s Sys=0.00s Real=0.01s
[2025-11-05T13:01:17.811+0000][gc,start      ] GC(21) Pause Young (Normal) (G1 Evacuation Pause)
[2025-11-05T13:01:17.811+0000][gc,task       ] GC(21) Using 2 workers of 2 for evacuation
[2025-11-05T13:01:17.815+0000][gc,phases     ] GC(21)   Pre Evacuate Collection Set: 0.0ms
[2025-11-05T13:01:17.815+0000][gc,phases     ] GC(21)   Evacuate Collection Set: 2.8ms
[2025-11-05T13:01:17.815+0000][gc,phases     ] GC(21)   Post Evacuate Collection Set: 0.5ms
[2025-11-05T13:01:17.815+0000][gc,phases     ] GC(21)   Other: 0.7ms
[2025-11-05T13:01:17.816+0000][gc,heap       ] GC(21) Eden regions: 30->0(33)
[2025-11-05T13:01:17.816+0000][gc,heap       ] GC(21) Survivor regions: 2->2(4)
[2025-11-05T13:01:17.816+0000][gc,heap       ] GC(21) Old regions: 12->12
[2025-11-05T13:01:17.816+0000][gc,heap       ] GC(21) Humongous regions: 50->50
[2025-11-05T13:01:17.816+0000][gc,metaspace  ] GC(21) Metaspace: 43803K(45232K)->43803K(45232K) NonClass: 39102K(39856K)->39102K(39856K) Class: 4700K(5376K)->4700K(5376K)
[2025-11-05T13:01:17.817+0000][gc            ] GC(21) Pause Young (Normal) (G1 Evacuation Pause) 93M->63M(512M) 5.757ms
[2025-11-05T13:01:17.817+0000][gc,cpu        ] GC(21) User=0.01s Sys=0.00s Real=0.00s
[2025-11-05T13:01:17.919+0000][gc,start      ] GC(22) Pause Young (Normal) (G1 Evacuation Pause)
[2025-11-05T13:01:17.919+0000][gc,task       ] GC(22) Using 2 workers of 2 for evacuation
[2025-11-05T13:01:17.923+0000][gc,phases     ] GC(22)   Pre Evacuate Collection Set: 0.0ms
[2025-11-05T13:01:17.923+0000][gc,phases     ] GC(22)   Evacuate Collection Set: 3.0ms
[2025-11-05T13:01:17.924+0000][gc,phases     ] GC(22)   Post Evacuate Collection Set: 0.6ms
[2025-11-05T13:01:17.924+0000][gc,phases     ] GC(22)   Other: 0.5ms
[2025-11-05T13:01:17.924+0000][gc,heap       ] GC(22) Eden regions: 33->0(37)
[2025-11-05T13:01:17.924+0000][gc,heap       ] GC(22) Survivor regions: 2->2(5)
[2025-11-05T13:01:17.925+0000][gc,heap       ] GC(22) Old regions: 12->12
[2025-11-05T13:01:17.925+0000][gc,heap       ] GC(22) Humongous regions: 50->50
[2025-11-05T13:01:17.925+0000][gc,metaspace  ] GC(22) Metaspace: 43818K(45488K)->43818K(45488K) NonClass: 39118K(40112K)->39118K(40112K) Class: 4700K(5376K)->4700K(5376K)
[2025-11-05T13:01:17.925+0000][gc            ] GC(22) Pause Young (Normal) (G1 Evacuation Pause) 96M->63M(512M) 6.284ms
[2025-11-05T13:01:17.925+0000][gc,cpu        ] GC(22) User=0.01s Sys=0.00s Real=0.00s
[2025-11-05T13:01:18.042+0000][gc,start      ] GC(23) Pause Young (Normal) (G1 Evacuation Pause)
[2025-11-05T13:01:18.042+0000][gc,task       ] GC(23) Using 2 workers of 2 for evacuation
[2025-11-05T13:01:18.051+0000][gc,phases     ] GC(23)   Pre Evacuate Collection Set: 0.1ms
[2025-11-05T13:01:18.051+0000][gc,phases     ] GC(23)   Evacuate Collection Set: 7.3ms
[2025-11-05T13:01:18.052+0000][gc,phases     ] GC(23)   Post Evacuate Collection Set: 0.9ms
[2025-11-05T13:01:18.052+0000][gc,phases     ] GC(23)   Other: 0.8ms
[2025-11-05T13:01:18.052+0000][gc,heap       ] GC(23) Eden regions: 37->0(39)
[2025-11-05T13:01:18.052+0000][gc,heap       ] GC(23) Survivor regions: 2->2(5)
[2025-11-05T13:01:18.053+0000][gc,heap       ] GC(23) Old regions: 12->12
[2025-11-05T13:01:18.053+0000][gc,heap       ] GC(23) Humongous regions: 50->50
[2025-11-05T13:01:18.053+0000][gc,metaspace  ] GC(23) Metaspace: 43822K(45488K)->43822K(45488K) NonClass: 39121K(40112K)->39121K(40112K) Class: 4700K(5376K)->4700K(5376K)
[2025-11-05T13:01:18.054+0000][gc            ] GC(23) Pause Young (Normal) (G1 Evacuation Pause) 100M->63M(512M) 11.450ms
[2025-11-05T13:01:18.054+0000][gc,cpu        ] GC(23) User=0.01s Sys=0.00s Real=0.01s
[2025-11-05T13:01:18.217+0000][gc,start      ] GC(24) Pause Young (Normal) (G1 Evacuation Pause)
[2025-11-05T13:01:18.217+0000][gc,task       ] GC(24) Using 2 workers of 2 for evacuation
[2025-11-05T13:01:18.221+0000][gc,phases     ] GC(24)   Pre Evacuate Collection Set: 0.0ms
[2025-11-05T13:01:18.221+0000][gc,phases     ] GC(24)   Evacuate Collection Set: 3.0ms
[2025-11-05T13:01:18.221+0000][gc,phases     ] GC(24)   Post Evacuate Collection Set: 0.5ms
[2025-11-05T13:01:18.221+0000][gc,phases     ] GC(24)   Other: 0.4ms
[2025-11-05T13:01:18.221+0000][gc,heap       ] GC(24) Eden regions: 39->0(42)
[2025-11-05T13:01:18.221+0000][gc,heap       ] GC(24) Survivor regions: 2->2(6)
[2025-11-05T13:01:18.222+0000][gc,heap       ] GC(24) Old regions: 12->12
[2025-11-05T13:01:18.222+0000][gc,heap       ] GC(24) Humongous regions: 50->50
[2025-11-05T13:01:18.222+0000][gc,metaspace  ] GC(24) Metaspace: 43822K(45488K)->43822K(45488K) NonClass: 39121K(40112K)->39121K(40112K) Class: 4700K(5376K)->4700K(5376K)
[2025-11-05T13:01:18.222+0000][gc            ] GC(24) Pause Young (Normal) (G1 Evacuation Pause) 102M->63M(512M) 5.404ms
[2025-11-05T13:01:18.222+0000][gc,cpu        ] GC(24) User=0.01s Sys=0.00s Real=0.01s
[2025-11-05T13:01:18.351+0000][gc,start      ] GC(25) Pause Young (Normal) (G1 Evacuation Pause)
[2025-11-05T13:01:18.351+0000][gc,task       ] GC(25) Using 2 workers of 2 for evacuation
[2025-11-05T13:01:18.358+0000][gc,phases     ] GC(25)   Pre Evacuate Collection Set: 0.0ms
[2025-11-05T13:01:18.359+0000][gc,phases     ] GC(25)   Evacuate Collection Set: 3.2ms
[2025-11-05T13:01:18.359+0000][gc,phases     ] GC(25)   Post Evacuate Collection Set: 0.6ms
[2025-11-05T13:01:18.359+0000][gc,phases     ] GC(25)   Other: 3.5ms
[2025-11-05T13:01:18.359+0000][gc,heap       ] GC(25) Eden regions: 42->0(44)
[2025-11-05T13:01:18.359+0000][gc,heap       ] GC(25) Survivor regions: 2->2(6)
[2025-11-05T13:01:18.360+0000][gc,heap       ] GC(25) Old regions: 12->12
[2025-11-05T13:01:18.360+0000][gc,heap       ] GC(25) Humongous regions: 50->43
[2025-11-05T13:01:18.360+0000][gc,metaspace  ] GC(25) Metaspace: 43900K(45488K)->43900K(45488K) NonClass: 39189K(40112K)->39189K(40112K) Class: 4711K(5376K)->4711K(5376K)
[2025-11-05T13:01:18.360+0000][gc            ] GC(25) Pause Young (Normal) (G1 Evacuation Pause) 105M->56M(512M) 8.848ms
[2025-11-05T13:01:18.360+0000][gc,cpu        ] GC(25) User=0.02s Sys=0.00s Real=0.01s
[2025-11-05T13:01:18.455+0000][gc,start      ] GC(26) Pause Young (Normal) (G1 Evacuation Pause)
[2025-11-05T13:01:18.456+0000][gc,task       ] GC(26) Using 2 workers of 2 for evacuation
[2025-11-05T13:01:18.460+0000][gc,phases     ] GC(26)   Pre Evacuate Collection Set: 0.0ms
[2025-11-05T13:01:18.460+0000][gc,phases     ] GC(26)   Evacuate Collection Set: 3.3ms
[2025-11-05T13:01:18.460+0000][gc,phases     ] GC(26)   Post Evacuate Collection Set: 0.7ms
[2025-11-05T13:01:18.460+0000][gc,phases     ] GC(26)   Other: 0.4ms
[2025-11-05T13:01:18.461+0000][gc,heap       ] GC(26) Eden regions: 44->0(46)
[2025-11-05T13:01:18.461+0000][gc,heap       ] GC(26) Survivor regions: 2->2(6)
[2025-11-05T13:01:18.461+0000][gc,heap       ] GC(26) Old regions: 12->12
[2025-11-05T13:01:18.461+0000][gc,heap       ] GC(26) Humongous regions: 50->34
[2025-11-05T13:01:18.461+0000][gc,metaspace  ] GC(26) Metaspace: 43930K(45488K)->43930K(45488K) NonClass: 39216K(40112K)->39216K(40112K) Class: 4714K(5376K)->4714K(5376K)
[2025-11-05T13:01:18.461+0000][gc            ] GC(26) Pause Young (Normal) (G1 Evacuation Pause) 107M->47M(512M) 5.650ms
[2025-11-05T13:01:18.461+0000][gc,cpu        ] GC(26) User=0.01s Sys=0.00s Real=0.01s
[2025-11-05T13:01:18.520+0000][gc,start      ] GC(27) Pause Young (Normal) (G1 Evacuation Pause)
[2025-11-05T13:01:18.521+0000][gc,task       ] GC(27) Using 2 workers of 2 for evacuation
[2025-11-05T13:01:18.524+0000][gc,phases     ] GC(27)   Pre Evacuate Collection Set: 0.0ms
[2025-11-05T13:01:18.525+0000][gc,phases     ] GC(27)   Evacuate Collection Set: 3.0ms
[2025-11-05T13:01:18.525+0000][gc,phases     ] GC(27)   Post Evacuate Collection Set: 0.6ms
[2025-11-05T13:01:18.525+0000][gc,phases     ] GC(27)   Other: 0.6ms
[2025-11-05T13:01:18.525+0000][gc,heap       ] GC(27) Eden regions: 46->0(50)
[2025-11-05T13:01:18.525+0000][gc,heap       ] GC(27) Survivor regions: 2->2(6)
[2025-11-05T13:01:18.525+0000][gc,heap       ] GC(27) Old regions: 12->12
[2025-11-05T13:01:18.525+0000][gc,heap       ] GC(27) Humongous regions: 34->34
[2025-11-05T13:01:18.526+0000][gc,metaspace  ] GC(27) Metaspace: 43931K(45488K)->43931K(45488K) NonClass: 39217K(40112K)->39217K(40112K) Class: 4714K(5376K)->4714K(5376K)
[2025-11-05T13:01:18.526+0000][gc            ] GC(27) Pause Young (Normal) (G1 Evacuation Pause) 93M->47M(512M) 5.455ms
[2025-11-05T13:01:18.526+0000][gc,cpu        ] GC(27) User=0.01s Sys=0.00s Real=0.00s
[2025-11-05T13:01:31.300+0000][gc,start      ] GC(28) Pause Young (Normal) (G1 Evacuation Pause)
[2025-11-05T13:01:31.300+0000][gc,task       ] GC(28) Using 2 workers of 2 for evacuation
[2025-11-05T13:01:31.304+0000][gc,phases     ] GC(28)   Pre Evacuate Collection Set: 0.0ms
[2025-11-05T13:01:31.304+0000][gc,phases     ] GC(28)   Evacuate Collection Set: 3.4ms
[2025-11-05T13:01:31.304+0000][gc,phases     ] GC(28)   Post Evacuate Collection Set: 0.4ms
[2025-11-05T13:01:31.304+0000][gc,phases     ] GC(28)   Other: 0.4ms
[2025-11-05T13:01:31.304+0000][gc,heap       ] GC(28) Eden regions: 50->0(53)
[2025-11-05T13:01:31.304+0000][gc,heap       ] GC(28) Survivor regions: 2->3(7)
[2025-11-05T13:01:31.305+0000][gc,heap       ] GC(28) Old regions: 12->12
[2025-11-05T13:01:31.305+0000][gc,heap       ] GC(28) Humongous regions: 34->27
[2025-11-05T13:01:31.305+0000][gc,metaspace  ] GC(28) Metaspace: 44592K(46128K)->44592K(46128K) NonClass: 39803K(40624K)->39803K(40624K) Class: 4789K(5504K)->4789K(5504K)
[2025-11-05T13:01:31.305+0000][gc            ] GC(28) Pause Young (Normal) (G1 Evacuation Pause) 97M->40M(512M) 5.664ms
[2025-11-05T13:01:31.305+0000][gc,cpu        ] GC(28) User=0.01s Sys=0.00s Real=0.00s
[2025-11-05T13:01:32.541+0000][gc,start      ] GC(29) Pause Young (Concurrent Start) (G1 Humongous Allocation)
[2025-11-05T13:01:32.542+0000][gc,task       ] GC(29) Using 2 workers of 2 for evacuation
[2025-11-05T13:01:32.548+0000][gc,phases     ] GC(29)   Pre Evacuate Collection Set: 0.2ms
[2025-11-05T13:01:32.549+0000][gc,phases     ] GC(29)   Evacuate Collection Set: 5.7ms
[2025-11-05T13:01:32.549+0000][gc,phases     ] GC(29)   Post Evacuate Collection Set: 0.8ms
[2025-11-05T13:01:32.549+0000][gc,phases     ] GC(29)   Other: 0.6ms
[2025-11-05T13:01:32.549+0000][gc,heap       ] GC(29) Eden regions: 35->0(51)
[2025-11-05T13:01:32.549+0000][gc,heap       ] GC(29) Survivor regions: 3->4(7)
[2025-11-05T13:01:32.549+0000][gc,heap       ] GC(29) Old regions: 12->12
[2025-11-05T13:01:32.550+0000][gc,heap       ] GC(29) Humongous regions: 168->156
[2025-11-05T13:01:32.550+0000][gc,metaspace  ] GC(29) Metaspace: 47624K(49584K)->47624K(49584K) NonClass: 42187K(43184K)->42187K(43184K) Class: 5437K(6400K)->5437K(6400K)
[2025-11-05T13:01:32.550+0000][gc            ] GC(29) Pause Young (Concurrent Start) (G1 Humongous Allocation) 216M->171M(512M) 8.618ms
[2025-11-05T13:01:32.550+0000][gc,cpu        ] GC(29) User=0.01s Sys=0.00s Real=0.01s
[2025-11-05T13:01:32.550+0000][gc            ] GC(30) Concurrent Cycle
[2025-11-05T13:01:32.551+0000][gc,marking    ] GC(30) Concurrent Clear Claimed Marks
[2025-11-05T13:01:32.551+0000][gc,marking    ] GC(30) Concurrent Clear Claimed Marks 0.446ms
[2025-11-05T13:01:32.551+0000][gc,marking    ] GC(30) Concurrent Scan Root Regions
[2025-11-05T13:01:32.600+0000][gc,marking    ] GC(30) Concurrent Scan Root Regions 48.387ms
[2025-11-05T13:01:32.600+0000][gc,marking    ] GC(30) Concurrent Mark (23.010s)
[2025-11-05T13:01:32.600+0000][gc,marking    ] GC(30) Concurrent Mark From Roots
[2025-11-05T13:01:32.600+0000][gc,task       ] GC(30) Using 1 workers of 1 for marking
[2025-11-05T13:01:32.627+0000][gc,marking    ] GC(30) Concurrent Mark From Roots 27.037ms
[2025-11-05T13:01:32.627+0000][gc,marking    ] GC(30) Concurrent Preclean
[2025-11-05T13:01:32.628+0000][gc,marking    ] GC(30) Concurrent Preclean 0.278ms
[2025-11-05T13:01:32.628+0000][gc,marking    ] GC(30) Concurrent Mark (23.010s, 23.039s) 28.490ms
[2025-11-05T13:01:32.629+0000][gc,start      ] GC(30) Pause Remark
[2025-11-05T13:01:32.635+0000][gc,stringtable] GC(30) Cleaned string and symbol table, strings: 14768 processed, 8 removed, symbols: 122174 processed, 12 removed
[2025-11-05T13:01:32.635+0000][gc            ] GC(30) Pause Remark 203M->203M(512M) 6.178ms
[2025-11-05T13:01:32.635+0000][gc,cpu        ] GC(30) User=0.01s Sys=0.00s Real=0.00s
[2025-11-05T13:01:32.636+0000][gc,marking    ] GC(30) Concurrent Rebuild Remembered Sets
[2025-11-05T13:01:32.703+0000][gc,marking    ] GC(30) Concurrent Rebuild Remembered Sets 67.112ms
[2025-11-05T13:01:32.707+0000][gc,start      ] GC(30) Pause Cleanup
[2025-11-05T13:01:32.708+0000][gc            ] GC(30) Pause Cleanup 215M->215M(512M) 0.413ms
[2025-11-05T13:01:32.708+0000][gc,cpu        ] GC(30) User=0.00s Sys=0.00s Real=0.00s
[2025-11-05T13:01:32.708+0000][gc,marking    ] GC(30) Concurrent Cleanup for Next Mark
[2025-11-05T13:01:32.709+0000][gc,marking    ] GC(30) Concurrent Cleanup for Next Mark 0.693ms
[2025-11-05T13:01:32.709+0000][gc            ] GC(30) Concurrent Cycle 158.675ms
[2025-11-05T13:01:32.714+0000][gc,start      ] GC(31) Pause Young (Concurrent Start) (G1 Humongous Allocation)
[2025-11-05T13:01:32.714+0000][gc,task       ] GC(31) Using 2 workers of 2 for evacuation
[2025-11-05T13:01:32.721+0000][gc,phases     ] GC(31)   Pre Evacuate Collection Set: 0.2ms
[2025-11-05T13:01:32.721+0000][gc,phases     ] GC(31)   Evacuate Collection Set: 5.7ms
[2025-11-05T13:01:32.721+0000][gc,phases     ] GC(31)   Post Evacuate Collection Set: 0.5ms
[2025-11-05T13:01:32.721+0000][gc,phases     ] GC(31)   Other: 0.4ms
[2025-11-05T13:01:32.721+0000][gc,heap       ] GC(31) Eden regions: 3->0(49)
[2025-11-05T13:01:32.721+0000][gc,heap       ] GC(31) Survivor regions: 4->4(7)
[2025-11-05T13:01:32.722+0000][gc,heap       ] GC(31) Old regions: 12->13
[2025-11-05T13:01:32.722+0000][gc,heap       ] GC(31) Humongous regions: 198->156
[2025-11-05T13:01:32.722+0000][gc,metaspace  ] GC(31) Metaspace: 47844K(49968K)->47844K(49968K) NonClass: 42350K(43440K)->42350K(43440K) Class: 5493K(6528K)->5493K(6528K)
[2025-11-05T13:01:32.722+0000][gc            ] GC(31) Pause Young (Concurrent Start) (G1 Humongous Allocation) 216M->172M(512M) 8.125ms
[2025-11-05T13:01:32.722+0000][gc,cpu        ] GC(31) User=0.02s Sys=0.00s Real=0.01s
[2025-11-05T13:01:32.722+0000][gc            ] GC(32) Concurrent Cycle
[2025-11-05T13:01:32.723+0000][gc,marking    ] GC(32) Concurrent Clear Claimed Marks
[2025-11-05T13:01:32.723+0000][gc,marking    ] GC(32) Concurrent Clear Claimed Marks 0.295ms
[2025-11-05T13:01:32.723+0000][gc,marking    ] GC(32) Concurrent Scan Root Regions
[2025-11-05T13:01:32.725+0000][gc,marking    ] GC(32) Concurrent Scan Root Regions 2.439ms
[2025-11-05T13:01:32.726+0000][gc,marking    ] GC(32) Concurrent Mark (23.137s)
[2025-11-05T13:01:32.726+0000][gc,marking    ] GC(32) Concurrent Mark From Roots
[2025-11-05T13:01:32.726+0000][gc,task       ] GC(32) Using 1 workers of 1 for marking
[2025-11-05T13:01:32.748+0000][gc,marking    ] GC(32) Concurrent Mark From Roots 21.949ms
[2025-11-05T13:01:32.748+0000][gc,marking    ] GC(32) Concurrent Preclean
[2025-11-05T13:01:32.749+0000][gc,marking    ] GC(32) Concurrent Preclean 0.189ms
[2025-11-05T13:01:32.749+0000][gc,marking    ] GC(32) Concurrent Mark (23.137s, 23.159s) 22.625ms
[2025-11-05T13:01:32.751+0000][gc,start      ] GC(32) Pause Remark
[2025-11-05T13:01:32.756+0000][gc,stringtable] GC(32) Cleaned string and symbol table, strings: 14784 processed, 0 removed, symbols: 122203 processed, 0 removed
[2025-11-05T13:01:32.756+0000][gc            ] GC(32) Pause Remark 221M->203M(512M) 5.582ms
[2025-11-05T13:01:32.756+0000][gc,cpu        ] GC(32) User=0.01s Sys=0.00s Real=0.00s
[2025-11-05T13:01:32.757+0000][gc,marking    ] GC(32) Concurrent Rebuild Remembered Sets
[2025-11-05T13:01:32.800+0000][gc,marking    ] GC(32) Concurrent Rebuild Remembered Sets 43.410ms
[2025-11-05T13:01:32.804+0000][gc,start      ] GC(32) Pause Cleanup
[2025-11-05T13:01:32.805+0000][gc            ] GC(32) Pause Cleanup 228M->228M(512M) 0.359ms
[2025-11-05T13:01:32.805+0000][gc,cpu        ] GC(32) User=0.00s Sys=0.00s Real=0.00s
[2025-11-05T13:01:32.805+0000][gc,marking    ] GC(32) Concurrent Cleanup for Next Mark
[2025-11-05T13:01:32.806+0000][gc,marking    ] GC(32) Concurrent Cleanup for Next Mark 0.689ms
[2025-11-05T13:01:32.806+0000][gc            ] GC(32) Concurrent Cycle 83.772ms
[2025-11-05T13:01:32.808+0000][gc,start      ] GC(33) Pause Young (Concurrent Start) (G1 Humongous Allocation)
[2025-11-05T13:01:32.808+0000][gc,task       ] GC(33) Using 2 workers of 2 for evacuation
[2025-11-05T13:01:32.814+0000][gc,phases     ] GC(33)   Pre Evacuate Collection Set: 0.1ms
[2025-11-05T13:01:32.814+0000][gc,phases     ] GC(33)   Evacuate Collection Set: 4.8ms
[2025-11-05T13:01:32.814+0000][gc,phases     ] GC(33)   Post Evacuate Collection Set: 0.7ms
[2025-11-05T13:01:32.814+0000][gc,phases     ] GC(33)   Other: 0.4ms
[2025-11-05T13:01:32.814+0000][gc,heap       ] GC(33) Eden regions: 2->0(21)
[2025-11-05T13:01:32.814+0000][gc,heap       ] GC(33) Survivor regions: 4->4(7)
[2025-11-05T13:01:32.815+0000][gc,heap       ] GC(33) Old regions: 13->13
[2025-11-05T13:01:32.815+0000][gc,heap       ] GC(33) Humongous regions: 210->138
[2025-11-05T13:01:32.815+0000][gc,metaspace  ] GC(33) Metaspace: 47898K(49968K)->47898K(49968K) NonClass: 42404K(43440K)->42404K(43440K) Class: 5493K(6528K)->5493K(6528K)
[2025-11-05T13:01:32.815+0000][gc            ] GC(33) Pause Young (Concurrent Start) (G1 Humongous Allocation) 228M->154M(512M) 7.425ms
[2025-11-05T13:01:32.815+0000][gc,cpu        ] GC(33) User=0.01s Sys=0.00s Real=0.00s
[2025-11-05T13:01:32.816+0000][gc            ] GC(34) Concurrent Cycle
[2025-11-05T13:01:32.816+0000][gc,marking    ] GC(34) Concurrent Clear Claimed Marks
[2025-11-05T13:01:32.816+0000][gc,marking    ] GC(34) Concurrent Clear Claimed Marks 0.255ms
[2025-11-05T13:01:32.816+0000][gc,marking    ] GC(34) Concurrent Scan Root Regions
[2025-11-05T13:01:32.819+0000][gc,marking    ] GC(34) Concurrent Scan Root Regions 2.445ms
[2025-11-05T13:01:32.819+0000][gc,marking    ] GC(34) Concurrent Mark (23.229s)
[2025-11-05T13:01:32.819+0000][gc,marking    ] GC(34) Concurrent Mark From Roots
[2025-11-05T13:01:32.819+0000][gc,task       ] GC(34) Using 1 workers of 1 for marking
[2025-11-05T13:01:32.837+0000][gc,marking    ] GC(34) Concurrent Mark From Roots 18.372ms
[2025-11-05T13:01:32.838+0000][gc,marking    ] GC(34) Concurrent Preclean
[2025-11-05T13:01:32.838+0000][gc,marking    ] GC(34) Concurrent Preclean 0.212ms
[2025-11-05T13:01:32.838+0000][gc,marking    ] GC(34) Concurrent Mark (23.229s, 23.248s) 19.176ms
[2025-11-05T13:01:32.843+0000][gc,start      ] GC(34) Pause Remark
[2025-11-05T13:01:32.848+0000][gc,stringtable] GC(34) Cleaned string and symbol table, strings: 14795 processed, 0 removed, symbols: 122203 processed, 0 removed
[2025-11-05T13:01:32.849+0000][gc            ] GC(34) Pause Remark 233M->233M(512M) 5.603ms
[2025-11-05T13:01:32.849+0000][gc,cpu        ] GC(34) User=0.01s Sys=0.00s Real=0.01s
[2025-11-05T13:01:32.849+0000][gc,marking    ] GC(34) Concurrent Rebuild Remembered Sets
[2025-11-05T13:01:32.859+0000][gc,marking    ] GC(34) Concurrent Rebuild Remembered Sets 9.440ms
[2025-11-05T13:01:32.859+0000][gc,start      ] GC(34) Pause Cleanup
[2025-11-05T13:01:32.860+0000][gc            ] GC(34) Pause Cleanup 239M->239M(512M) 0.341ms
[2025-11-05T13:01:32.860+0000][gc,cpu        ] GC(34) User=0.01s Sys=0.00s Real=0.00s
[2025-11-05T13:01:32.860+0000][gc,marking    ] GC(34) Concurrent Cleanup for Next Mark
[2025-11-05T13:01:32.861+0000][gc,marking    ] GC(34) Concurrent Cleanup for Next Mark 0.644ms
[2025-11-05T13:01:32.861+0000][gc            ] GC(34) Concurrent Cycle 45.391ms
[2025-11-05T13:01:32.869+0000][gc,start      ] GC(35) Pause Young (Concurrent Start) (G1 Humongous Allocation)
[2025-11-05T13:01:32.870+0000][gc,task       ] GC(35) Using 2 workers of 2 for evacuation
[2025-11-05T13:01:32.875+0000][gc,phases     ] GC(35)   Pre Evacuate Collection Set: 0.1ms
[2025-11-05T13:01:32.875+0000][gc,phases     ] GC(35)   Evacuate Collection Set: 4.8ms
[2025-11-05T13:01:32.875+0000][gc,phases     ] GC(35)   Post Evacuate Collection Set: 0.4ms
[2025-11-05T13:01:32.876+0000][gc,phases     ] GC(35)   Other: 0.4ms
[2025-11-05T13:01:32.876+0000][gc,heap       ] GC(35) Eden regions: 2->0(24)
[2025-11-05T13:01:32.876+0000][gc,heap       ] GC(35) Survivor regions: 4->1(4)
[2025-11-05T13:01:32.876+0000][gc,heap       ] GC(35) Old regions: 13->16
[2025-11-05T13:01:32.876+0000][gc,heap       ] GC(35) Humongous regions: 228->138
[2025-11-05T13:01:32.876+0000][gc,metaspace  ] GC(35) Metaspace: 47934K(50224K)->47934K(50224K) NonClass: 42441K(43696K)->42441K(43696K) Class: 5493K(6528K)->5493K(6528K)
[2025-11-05T13:01:32.876+0000][gc            ] GC(35) Pause Young (Concurrent Start) (G1 Humongous Allocation) 245M->154M(512M) 6.913ms
[2025-11-05T13:01:32.876+0000][gc,cpu        ] GC(35) User=0.01s Sys=0.00s Real=0.00s
[2025-11-05T13:01:32.877+0000][gc            ] GC(36) Concurrent Cycle
[2025-11-05T13:01:32.877+0000][gc,marking    ] GC(36) Concurrent Clear Claimed Marks
[2025-11-05T13:01:32.877+0000][gc,marking    ] GC(36) Concurrent Clear Claimed Marks 0.220ms
[2025-11-05T13:01:32.877+0000][gc,marking    ] GC(36) Concurrent Scan Root Regions
[2025-11-05T13:01:32.878+0000][gc,marking    ] GC(36) Concurrent Scan Root Regions 0.606ms
[2025-11-05T13:01:32.878+0000][gc,marking    ] GC(36) Concurrent Mark (23.288s)
[2025-11-05T13:01:32.878+0000][gc,marking    ] GC(36) Concurrent Mark From Roots
[2025-11-05T13:01:32.878+0000][gc,task       ] GC(36) Using 1 workers of 1 for marking
[2025-11-05T13:01:32.920+0000][gc,marking    ] GC(36) Concurrent Mark From Roots 42.184ms
[2025-11-05T13:01:32.920+0000][gc,marking    ] GC(36) Concurrent Preclean
[2025-11-05T13:01:32.921+0000][gc,marking    ] GC(36) Concurrent Preclean 0.224ms
[2025-11-05T13:01:32.921+0000][gc,marking    ] GC(36) Concurrent Mark (23.288s, 23.331s) 42.957ms
[2025-11-05T13:01:32.923+0000][gc,start      ] GC(36) Pause Remark
[2025-11-05T13:01:32.928+0000][gc,stringtable] GC(36) Cleaned string and symbol table, strings: 14800 processed, 0 removed, symbols: 122203 processed, 0 removed
[2025-11-05T13:01:32.930+0000][gc            ] GC(36) Pause Remark 234M->234M(512M) 6.971ms
[2025-11-05T13:01:32.930+0000][gc,cpu        ] GC(36) User=0.02s Sys=0.00s Real=0.01s
[2025-11-05T13:01:32.932+0000][gc,marking    ] GC(36) Concurrent Rebuild Remembered Sets
[2025-11-05T13:01:32.947+0000][gc,marking    ] GC(36) Concurrent Rebuild Remembered Sets 15.246ms
[2025-11-05T13:01:32.948+0000][gc,start      ] GC(36) Pause Cleanup
[2025-11-05T13:01:32.948+0000][gc            ] GC(36) Pause Cleanup 234M->234M(512M) 0.402ms
[2025-11-05T13:01:32.948+0000][gc,cpu        ] GC(36) User=0.00s Sys=0.00s Real=0.00s
[2025-11-05T13:01:32.948+0000][gc,marking    ] GC(36) Concurrent Cleanup for Next Mark
[2025-11-05T13:01:32.949+0000][gc,marking    ] GC(36) Concurrent Cleanup for Next Mark 0.707ms
[2025-11-05T13:01:32.949+0000][gc            ] GC(36) Concurrent Cycle 72.741ms
[2025-11-05T13:02:39.325+0000][gc,start      ] GC(37) Pause Young (Normal) (G1 Evacuation Pause)
[2025-11-05T13:02:39.325+0000][gc,task       ] GC(37) Using 2 workers of 2 for evacuation
[2025-11-05T13:02:39.330+0000][gc,phases     ] GC(37)   Pre Evacuate Collection Set: 0.0ms
[2025-11-05T13:02:39.330+0000][gc,phases     ] GC(37)   Evacuate Collection Set: 4.1ms
[2025-11-05T13:02:39.330+0000][gc,phases     ] GC(37)   Post Evacuate Collection Set: 0.5ms
[2025-11-05T13:02:39.330+0000][gc,phases     ] GC(37)   Other: 0.4ms
[2025-11-05T13:02:39.331+0000][gc,heap       ] GC(37) Eden regions: 24->0(24)
[2025-11-05T13:02:39.331+0000][gc,heap       ] GC(37) Survivor regions: 1->2(4)
[2025-11-05T13:02:39.331+0000][gc,heap       ] GC(37) Old regions: 16->16
[2025-11-05T13:02:39.331+0000][gc,heap       ] GC(37) Humongous regions: 216->138
[2025-11-05T13:02:39.331+0000][gc,metaspace  ] GC(37) Metaspace: 50514K(53040K)->50514K(53040K) NonClass: 44658K(46000K)->44658K(46000K) Class: 5855K(7040K)->5855K(7040K)
[2025-11-05T13:02:39.331+0000][gc            ] GC(37) Pause Young (Normal) (G1 Evacuation Pause) 256M->155M(512M) 6.211ms
[2025-11-05T13:02:39.331+0000][gc,cpu        ] GC(37) User=0.01s Sys=0.00s Real=0.01s
[2025-11-05T13:04:24.133+0000][gc,start      ] GC(38) Pause Young (Normal) (G1 Evacuation Pause)
[2025-11-05T13:04:24.133+0000][gc,task       ] GC(38) Using 2 workers of 2 for evacuation
[2025-11-05T13:04:24.140+0000][gc,phases     ] GC(38)   Pre Evacuate Collection Set: 0.0ms
[2025-11-05T13:04:24.140+0000][gc,phases     ] GC(38)   Evacuate Collection Set: 6.0ms
[2025-11-05T13:04:24.140+0000][gc,phases     ] GC(38)   Post Evacuate Collection Set: 0.6ms
[2025-11-05T13:04:24.140+0000][gc,phases     ] GC(38)   Other: 0.5ms
[2025-11-05T13:04:24.141+0000][gc,heap       ] GC(38) Eden regions: 24->0(27)
[2025-11-05T13:04:24.141+0000][gc,heap       ] GC(38) Survivor regions: 2->4(4)
[2025-11-05T13:04:24.141+0000][gc,heap       ] GC(38) Old regions: 16->17
[2025-11-05T13:04:24.141+0000][gc,heap       ] GC(38) Humongous regions: 138->138
[2025-11-05T13:04:24.141+0000][gc,metaspace  ] GC(38) Metaspace: 51036K(53552K)->51036K(53552K) NonClass: 45180K(46512K)->45180K(46512K) Class: 5855K(7040K)->5855K(7040K)
[2025-11-05T13:04:24.141+0000][gc            ] GC(38) Pause Young (Normal) (G1 Evacuation Pause) 179M->158M(512M) 8.524ms
[2025-11-05T13:04:24.141+0000][gc,cpu        ] GC(38) User=0.01s Sys=0.00s Real=0.01s
[2025-11-05T13:06:25.839+0000][gc,start      ] GC(39) Pause Young (Normal) (G1 Evacuation Pause)
[2025-11-05T13:06:25.839+0000][gc,task       ] GC(39) Using 2 workers of 2 for evacuation
[2025-11-05T13:06:25.847+0000][gc,phases     ] GC(39)   Pre Evacuate Collection Set: 0.0ms
[2025-11-05T13:06:25.847+0000][gc,phases     ] GC(39)   Evacuate Collection Set: 6.9ms
[2025-11-05T13:06:25.847+0000][gc,phases     ] GC(39)   Post Evacuate Collection Set: 0.7ms
[2025-11-05T13:06:25.848+0000][gc,phases     ] GC(39)   Other: 0.7ms
[2025-11-05T13:06:25.848+0000][gc,heap       ] GC(39) Eden regions: 27->0(32)
[2025-11-05T13:06:25.848+0000][gc,heap       ] GC(39) Survivor regions: 4->3(4)
[2025-11-05T13:06:25.848+0000][gc,heap       ] GC(39) Old regions: 17->18
[2025-11-05T13:06:25.848+0000][gc,heap       ] GC(39) Humongous regions: 138->138
[2025-11-05T13:06:25.848+0000][gc,metaspace  ] GC(39) Metaspace: 51307K(53808K)->51307K(53808K) NonClass: 45445K(46768K)->45445K(46768K) Class: 5862K(7040K)->5862K(7040K)
[2025-11-05T13:06:25.849+0000][gc            ] GC(39) Pause Young (Normal) (G1 Evacuation Pause) 185M->158M(512M) 9.725ms
[2025-11-05T13:06:25.849+0000][gc,cpu        ] GC(39) User=0.01s Sys=0.01s Real=0.01s
[2025-11-05T13:08:59.070+0000][gc,start      ] GC(40) Pause Young (Normal) (G1 Evacuation Pause)
[2025-11-05T13:08:59.070+0000][gc,task       ] GC(40) Using 2 workers of 2 for evacuation
[2025-11-05T13:08:59.077+0000][gc,phases     ] GC(40)   Pre Evacuate Collection Set: 0.0ms
[2025-11-05T13:08:59.077+0000][gc,phases     ] GC(40)   Evacuate Collection Set: 6.2ms
[2025-11-05T13:08:59.077+0000][gc,phases     ] GC(40)   Post Evacuate Collection Set: 0.6ms
[2025-11-05T13:08:59.078+0000][gc,phases     ] GC(40)   Other: 0.7ms
[2025-11-05T13:08:59.078+0000][gc,heap       ] GC(40) Eden regions: 32->0(37)
[2025-11-05T13:08:59.078+0000][gc,heap       ] GC(40) Survivor regions: 3->4(5)
[2025-11-05T13:08:59.078+0000][gc,heap       ] GC(40) Old regions: 18->18
[2025-11-05T13:08:59.078+0000][gc,heap       ] GC(40) Humongous regions: 138->138
[2025-11-05T13:08:59.078+0000][gc,metaspace  ] GC(40) Metaspace: 51403K(54064K)->51403K(54064K) NonClass: 45540K(47024K)->45540K(47024K) Class: 5863K(7040K)->5863K(7040K)
[2025-11-05T13:08:59.078+0000][gc            ] GC(40) Pause Young (Normal) (G1 Evacuation Pause) 190M->159M(512M) 8.834ms
[2025-11-05T13:08:59.079+0000][gc,cpu        ] GC(40) User=0.01s Sys=0.00s Real=0.01s
[2025-11-05T13:11:55.357+0000][gc,start      ] GC(41) Pause Young (Normal) (G1 Evacuation Pause)
[2025-11-05T13:11:55.358+0000][gc,task       ] GC(41) Using 2 workers of 2 for evacuation
[2025-11-05T13:11:55.371+0000][gc,phases     ] GC(41)   Pre Evacuate Collection Set: 0.0ms
[2025-11-05T13:11:55.372+0000][gc,phases     ] GC(41)   Evacuate Collection Set: 12.4ms
[2025-11-05T13:11:55.372+0000][gc,phases     ] GC(41)   Post Evacuate Collection Set: 0.8ms
[2025-11-05T13:11:55.373+0000][gc,phases     ] GC(41)   Other: 1.5ms
[2025-11-05T13:11:55.373+0000][gc,heap       ] GC(41) Eden regions: 37->0(38)
[2025-11-05T13:11:55.373+0000][gc,heap       ] GC(41) Survivor regions: 4->6(6)
[2025-11-05T13:11:55.373+0000][gc,heap       ] GC(41) Old regions: 18->19
[2025-11-05T13:11:55.374+0000][gc,heap       ] GC(41) Humongous regions: 138->138
[2025-11-05T13:11:55.374+0000][gc,metaspace  ] GC(41) Metaspace: 51588K(54064K)->51588K(54064K) NonClass: 45693K(47024K)->45693K(47024K) Class: 5894K(7040K)->5894K(7040K)
[2025-11-05T13:11:55.374+0000][gc            ] GC(41) Pause Young (Normal) (G1 Evacuation Pause) 196M->161M(512M) 17.618ms
[2025-11-05T13:11:55.374+0000][gc,cpu        ] GC(41) User=0.02s Sys=0.00s Real=0.02s
[2025-11-05T13:15:03.731+0000][gc,start      ] GC(42) Pause Young (Normal) (G1 Evacuation Pause)
[2025-11-05T13:15:03.731+0000][gc,task       ] GC(42) Using 2 workers of 2 for evacuation
[2025-11-05T13:15:03.746+0000][gc,phases     ] GC(42)   Pre Evacuate Collection Set: 0.0ms
[2025-11-05T13:15:03.746+0000][gc,phases     ] GC(42)   Evacuate Collection Set: 11.5ms
[2025-11-05T13:15:03.747+0000][gc,phases     ] GC(42)   Post Evacuate Collection Set: 2.5ms
[2025-11-05T13:15:03.748+0000][gc,phases     ] GC(42)   Other: 0.9ms
[2025-11-05T13:15:03.750+0000][gc,heap       ] GC(42) Eden regions: 38->0(39)
[2025-11-05T13:15:03.751+0000][gc,heap       ] GC(42) Survivor regions: 6->4(6)
[2025-11-05T13:15:03.752+0000][gc,heap       ] GC(42) Old regions: 19->23
[2025-11-05T13:15:03.753+0000][gc,heap       ] GC(42) Humongous regions: 138->138
[2025-11-05T13:15:03.754+0000][gc,metaspace  ] GC(42) Metaspace: 51690K(54320K)->51690K(54320K) NonClass: 45795K(47280K)->45795K(47280K) Class: 5894K(7040K)->5894K(7040K)
[2025-11-05T13:15:03.754+0000][gc            ] GC(42) Pause Young (Normal) (G1 Evacuation Pause) 199M->164M(512M) 23.289ms
[2025-11-05T13:15:03.754+0000][gc,cpu        ] GC(42) User=0.02s Sys=0.00s Real=0.03s
[2025-11-05T13:18:19.447+0000][gc,start      ] GC(43) Pause Young (Normal) (G1 Evacuation Pause)
[2025-11-05T13:18:19.448+0000][gc,task       ] GC(43) Using 2 workers of 2 for evacuation
[2025-11-05T13:18:19.458+0000][gc,phases     ] GC(43)   Pre Evacuate Collection Set: 0.1ms
[2025-11-05T13:18:19.458+0000][gc,phases     ] GC(43)   Evacuate Collection Set: 9.1ms
[2025-11-05T13:18:19.458+0000][gc,phases     ] GC(43)   Post Evacuate Collection Set: 0.5ms
[2025-11-05T13:18:19.458+0000][gc,phases     ] GC(43)   Other: 0.5ms
[2025-11-05T13:18:19.458+0000][gc,heap       ] GC(43) Eden regions: 39->0(42)
[2025-11-05T13:18:19.458+0000][gc,heap       ] GC(43) Survivor regions: 4->5(6)
[2025-11-05T13:18:19.459+0000][gc,heap       ] GC(43) Old regions: 23->25
[2025-11-05T13:18:19.459+0000][gc,heap       ] GC(43) Humongous regions: 138->138
[2025-11-05T13:18:19.459+0000][gc,metaspace  ] GC(43) Metaspace: 51778K(54320K)->51778K(54320K) NonClass: 45883K(47280K)->45883K(47280K) Class: 5894K(7040K)->5894K(7040K)
[2025-11-05T13:18:19.459+0000][gc            ] GC(43) Pause Young (Normal) (G1 Evacuation Pause) 203M->166M(512M) 11.568ms
[2025-11-05T13:18:19.459+0000][gc,cpu        ] GC(43) User=0.02s Sys=0.00s Real=0.01s
[2025-11-05T13:21:52.136+0000][gc,start      ] GC(44) Pause Young (Normal) (G1 Evacuation Pause)
[2025-11-05T13:21:52.137+0000][gc,task       ] GC(44) Using 2 workers of 2 for evacuation
[2025-11-05T13:21:52.161+0000][gc,mmu        ] GC(44) MMU target violated: 21.0ms (20.0ms/21.0ms)
[2025-11-05T13:21:52.162+0000][gc,phases     ] GC(44)   Pre Evacuate Collection Set: 0.1ms
[2025-11-05T13:21:52.162+0000][gc,phases     ] GC(44)   Evacuate Collection Set: 20.2ms
[2025-11-05T13:21:52.162+0000][gc,phases     ] GC(44)   Post Evacuate Collection Set: 1.5ms
[2025-11-05T13:21:52.163+0000][gc,phases     ] GC(44)   Other: 3.9ms
[2025-11-05T13:21:52.163+0000][gc,heap       ] GC(44) Eden regions: 42->0(38)
[2025-11-05T13:21:52.163+0000][gc,heap       ] GC(44) Survivor regions: 5->4(6)
[2025-11-05T13:21:52.164+0000][gc,heap       ] GC(44) Old regions: 25->27
[2025-11-05T13:21:52.164+0000][gc,heap       ] GC(44) Humongous regions: 138->138
[2025-11-05T13:21:52.165+0000][gc,metaspace  ] GC(44) Metaspace: 51869K(54576K)->51869K(54576K) NonClass: 45974K(47536K)->45974K(47536K) Class: 5894K(7040K)->5894K(7040K)
[2025-11-05T13:21:52.165+0000][gc            ] GC(44) Pause Young (Normal) (G1 Evacuation Pause) 208M->168M(512M) 28.985ms
[2025-11-05T13:21:52.165+0000][gc,cpu        ] GC(44) User=0.05s Sys=0.00s Real=0.03s
[2025-11-05T13:25:05.221+0000][gc,start      ] GC(45) Pause Young (Normal) (G1 Evacuation Pause)
[2025-11-05T13:25:05.221+0000][gc,task       ] GC(45) Using 2 workers of 2 for evacuation
[2025-11-05T13:25:05.230+0000][gc,phases     ] GC(45)   Pre Evacuate Collection Set: 0.0ms
[2025-11-05T13:25:05.230+0000][gc,phases     ] GC(45)   Evacuate Collection Set: 8.3ms
[2025-11-05T13:25:05.230+0000][gc,phases     ] GC(45)   Post Evacuate Collection Set: 0.6ms
[2025-11-05T13:25:05.231+0000][gc,phases     ] GC(45)   Other: 0.7ms
[2025-11-05T13:25:05.231+0000][gc,heap       ] GC(45) Eden regions: 38->0(41)
[2025-11-05T13:25:05.231+0000][gc,heap       ] GC(45) Survivor regions: 4->6(6)
[2025-11-05T13:25:05.231+0000][gc,heap       ] GC(45) Old regions: 27->27
[2025-11-05T13:25:05.231+0000][gc,heap       ] GC(45) Humongous regions: 138->138
[2025-11-05T13:25:05.231+0000][gc,metaspace  ] GC(45) Metaspace: 51908K(54576K)->51908K(54576K) NonClass: 46013K(47536K)->46013K(47536K) Class: 5894K(7040K)->5894K(7040K)
[2025-11-05T13:25:05.232+0000][gc            ] GC(45) Pause Young (Normal) (G1 Evacuation Pause) 206M->170M(512M) 11.015ms
[2025-11-05T13:25:05.232+0000][gc,cpu        ] GC(45) User=0.01s Sys=0.00s Real=0.01s
[2025-11-05T13:28:33.940+0000][gc,start      ] GC(46) Pause Young (Normal) (G1 Evacuation Pause)
[2025-11-05T13:28:33.940+0000][gc,task       ] GC(46) Using 2 workers of 2 for evacuation
[2025-11-05T13:28:33.953+0000][gc,phases     ] GC(46)   Pre Evacuate Collection Set: 0.0ms
[2025-11-05T13:28:33.953+0000][gc,phases     ] GC(46)   Evacuate Collection Set: 11.7ms
[2025-11-05T13:28:33.953+0000][gc,phases     ] GC(46)   Post Evacuate Collection Set: 0.6ms
[2025-11-05T13:28:33.953+0000][gc,phases     ] GC(46)   Other: 0.6ms
[2025-11-05T13:28:33.953+0000][gc,heap       ] GC(46) Eden regions: 41->0(43)
[2025-11-05T13:28:33.954+0000][gc,heap       ] GC(46) Survivor regions: 6->6(6)
[2025-11-05T13:28:33.954+0000][gc,heap       ] GC(46) Old regions: 27->30
[2025-11-05T13:28:33.954+0000][gc,heap       ] GC(46) Humongous regions: 138->138
[2025-11-05T13:28:33.954+0000][gc,metaspace  ] GC(46) Metaspace: 51926K(54576K)->51926K(54576K) NonClass: 46030K(47536K)->46030K(47536K) Class: 5895K(7040K)->5895K(7040K)
[2025-11-05T13:28:33.954+0000][gc            ] GC(46) Pause Young (Normal) (G1 Evacuation Pause) 211M->173M(512M) 13.877ms
[2025-11-05T13:28:33.954+0000][gc,cpu        ] GC(46) User=0.03s Sys=0.00s Real=0.01s
[2025-11-05T13:32:12.309+0000][gc,start      ] GC(47) Pause Young (Normal) (G1 Evacuation Pause)
[2025-11-05T13:32:12.309+0000][gc,task       ] GC(47) Using 2 workers of 2 for evacuation
[2025-11-05T13:32:12.322+0000][gc,phases     ] GC(47)   Pre Evacuate Collection Set: 0.0ms
[2025-11-05T13:32:12.322+0000][gc,phases     ] GC(47)   Evacuate Collection Set: 11.7ms
[2025-11-05T13:32:12.322+0000][gc,phases     ] GC(47)   Post Evacuate Collection Set: 0.7ms
[2025-11-05T13:32:12.323+0000][gc,phases     ] GC(47)   Other: 0.5ms
[2025-11-05T13:32:12.323+0000][gc,heap       ] GC(47) Eden regions: 43->0(47)
[2025-11-05T13:32:12.323+0000][gc,heap       ] GC(47) Survivor regions: 6->5(7)
[2025-11-05T13:32:12.323+0000][gc,heap       ] GC(47) Old regions: 30->34
[2025-11-05T13:32:12.323+0000][gc,heap       ] GC(47) Humongous regions: 138->138
[2025-11-05T13:32:12.323+0000][gc,metaspace  ] GC(47) Metaspace: 51977K(54576K)->51977K(54576K) NonClass: 46082K(47536K)->46082K(47536K) Class: 5895K(7040K)->5895K(7040K)
[2025-11-05T13:32:12.323+0000][gc            ] GC(47) Pause Young (Normal) (G1 Evacuation Pause) 216M->176M(512M) 14.136ms
[2025-11-05T13:32:12.324+0000][gc,cpu        ] GC(47) User=0.03s Sys=0.00s Real=0.01s
[2025-11-05T13:36:10.247+0000][gc,start      ] GC(48) Pause Young (Normal) (G1 Evacuation Pause)
[2025-11-05T13:36:10.248+0000][gc,task       ] GC(48) Using 2 workers of 2 for evacuation
[2025-11-05T13:36:10.260+0000][gc,phases     ] GC(48)   Pre Evacuate Collection Set: 0.0ms
[2025-11-05T13:36:10.260+0000][gc,phases     ] GC(48)   Evacuate Collection Set: 11.3ms
[2025-11-05T13:36:10.260+0000][gc,phases     ] GC(48)   Post Evacuate Collection Set: 0.7ms
[2025-11-05T13:36:10.261+0000][gc,phases     ] GC(48)   Other: 0.7ms
[2025-11-05T13:36:10.261+0000][gc,heap       ] GC(48) Eden regions: 47->0(56)
[2025-11-05T13:36:10.261+0000][gc,heap       ] GC(48) Survivor regions: 5->4(7)
[2025-11-05T13:36:10.261+0000][gc,heap       ] GC(48) Old regions: 34->37
[2025-11-05T13:36:10.261+0000][gc,heap       ] GC(48) Humongous regions: 138->138
[2025-11-05T13:36:10.261+0000][gc,metaspace  ] GC(48) Metaspace: 52007K(54576K)->52007K(54576K) NonClass: 46111K(47536K)->46111K(47536K) Class: 5895K(7040K)->5895K(7040K)
[2025-11-05T13:36:10.262+0000][gc            ] GC(48) Pause Young (Normal) (G1 Evacuation Pause) 223M->178M(512M) 14.492ms
[2025-11-05T13:36:10.262+0000][gc,cpu        ] GC(48) User=0.02s Sys=0.00s Real=0.01s
[2025-11-05T13:40:57.688+0000][gc,start      ] GC(49) Pause Young (Normal) (G1 Evacuation Pause)
[2025-11-05T13:40:57.688+0000][gc,task       ] GC(49) Using 2 workers of 2 for evacuation
[2025-11-05T13:40:57.703+0000][gc,phases     ] GC(49)   Pre Evacuate Collection Set: 0.2ms
[2025-11-05T13:40:57.703+0000][gc,phases     ] GC(49)   Evacuate Collection Set: 13.2ms
[2025-11-05T13:40:57.703+0000][gc,phases     ] GC(49)   Post Evacuate Collection Set: 0.7ms
[2025-11-05T13:40:57.704+0000][gc,phases     ] GC(49)   Other: 1.0ms
[2025-11-05T13:40:57.704+0000][gc,heap       ] GC(49) Eden regions: 56->0(58)
[2025-11-05T13:40:57.704+0000][gc,heap       ] GC(49) Survivor regions: 4->7(8)
[2025-11-05T13:40:57.704+0000][gc,heap       ] GC(49) Old regions: 37->37
[2025-11-05T13:40:57.704+0000][gc,heap       ] GC(49) Humongous regions: 138->138
[2025-11-05T13:40:57.705+0000][gc,metaspace  ] GC(49) Metaspace: 52025K(54576K)->52025K(54576K) NonClass: 46130K(47536K)->46130K(47536K) Class: 5895K(7040K)->5895K(7040K)
[2025-11-05T13:40:57.705+0000][gc            ] GC(49) Pause Young (Normal) (G1 Evacuation Pause) 234M->180M(512M) 16.957ms
[2025-11-05T13:40:57.705+0000][gc,cpu        ] GC(49) User=0.03s Sys=0.00s Real=0.01s
[2025-11-05T13:45:56.792+0000][gc,start      ] GC(50) Pause Young (Normal) (G1 Evacuation Pause)
[2025-11-05T13:45:56.793+0000][gc,task       ] GC(50) Using 2 workers of 2 for evacuation
[2025-11-05T13:45:56.808+0000][gc,phases     ] GC(50)   Pre Evacuate Collection Set: 0.0ms
[2025-11-05T13:45:56.808+0000][gc,phases     ] GC(50)   Evacuate Collection Set: 14.7ms
[2025-11-05T13:45:56.809+0000][gc,phases     ] GC(50)   Post Evacuate Collection Set: 0.5ms
[2025-11-05T13:45:56.809+0000][gc,phases     ] GC(50)   Other: 0.7ms
[2025-11-05T13:45:56.809+0000][gc,heap       ] GC(50) Eden regions: 58->0(58)
[2025-11-05T13:45:56.810+0000][gc,heap       ] GC(50) Survivor regions: 7->9(9)
[2025-11-05T13:45:56.810+0000][gc,heap       ] GC(50) Old regions: 37->40
[2025-11-05T13:45:56.810+0000][gc,heap       ] GC(50) Humongous regions: 138->138
[2025-11-05T13:45:56.810+0000][gc,metaspace  ] GC(50) Metaspace: 52113K(54832K)->52113K(54832K) NonClass: 46217K(47792K)->46217K(47792K) Class: 5895K(7040K)->5895K(7040K)
[2025-11-05T13:45:56.810+0000][gc            ] GC(50) Pause Young (Normal) (G1 Evacuation Pause) 238M->186M(512M) 17.858ms
[2025-11-05T13:45:56.810+0000][gc,cpu        ] GC(50) User=0.04s Sys=0.00s Real=0.02s
[2025-11-05T13:50:58.163+0000][gc,start      ] GC(51) Pause Young (Normal) (G1 Evacuation Pause)
[2025-11-05T13:50:58.163+0000][gc,task       ] GC(51) Using 2 workers of 2 for evacuation
[2025-11-05T13:50:58.179+0000][gc,phases     ] GC(51)   Pre Evacuate Collection Set: 0.0ms
[2025-11-05T13:50:58.179+0000][gc,phases     ] GC(51)   Evacuate Collection Set: 14.4ms
[2025-11-05T13:50:58.179+0000][gc,phases     ] GC(51)   Post Evacuate Collection Set: 0.6ms
[2025-11-05T13:50:58.179+0000][gc,phases     ] GC(51)   Other: 0.6ms
[2025-11-05T13:50:58.179+0000][gc,heap       ] GC(51) Eden regions: 58->0(72)
[2025-11-05T13:50:58.180+0000][gc,heap       ] GC(51) Survivor regions: 9->5(9)
[2025-11-05T13:50:58.180+0000][gc,heap       ] GC(51) Old regions: 40->46
[2025-11-05T13:50:58.180+0000][gc,heap       ] GC(51) Humongous regions: 138->138
[2025-11-05T13:50:58.180+0000][gc,metaspace  ] GC(51) Metaspace: 52124K(54832K)->52124K(54832K) NonClass: 46228K(47792K)->46228K(47792K) Class: 5896K(7040K)->5896K(7040K)
[2025-11-05T13:50:58.180+0000][gc            ] GC(51) Pause Young (Normal) (G1 Evacuation Pause) 244M->188M(512M) 16.890ms
[2025-11-05T13:50:58.180+0000][gc,cpu        ] GC(51) User=0.03s Sys=0.00s Real=0.01s
[2025-11-05T13:57:13.937+0000][gc,start      ] GC(52) Pause Young (Concurrent Start) (G1 Evacuation Pause)
[2025-11-05T13:57:13.937+0000][gc,task       ] GC(52) Using 2 workers of 2 for evacuation
[2025-11-05T13:57:13.953+0000][gc,phases     ] GC(52)   Pre Evacuate Collection Set: 0.2ms
[2025-11-05T13:57:13.953+0000][gc,phases     ] GC(52)   Evacuate Collection Set: 14.6ms
[2025-11-05T13:57:13.953+0000][gc,phases     ] GC(52)   Post Evacuate Collection Set: 0.6ms
[2025-11-05T13:57:13.953+0000][gc,phases     ] GC(52)   Other: 0.8ms
[2025-11-05T13:57:13.954+0000][gc,heap       ] GC(52) Eden regions: 72->0(53)
[2025-11-05T13:57:13.954+0000][gc,heap       ] GC(52) Survivor regions: 5->10(10)
[2025-11-05T13:57:13.954+0000][gc,heap       ] GC(52) Old regions: 46->46
[2025-11-05T13:57:13.954+0000][gc,heap       ] GC(52) Humongous regions: 138->138
[2025-11-05T13:57:13.954+0000][gc,metaspace  ] GC(52) Metaspace: 52153K(54832K)->52153K(54832K) NonClass: 46256K(47792K)->46256K(47792K) Class: 5896K(7040K)->5896K(7040K)
[2025-11-05T13:57:13.954+0000][gc            ] GC(52) Pause Young (Concurrent Start) (G1 Evacuation Pause) 260M->193M(512M) 17.734ms
[2025-11-05T13:57:13.954+0000][gc,cpu        ] GC(52) User=0.03s Sys=0.00s Real=0.02s
[2025-11-05T13:57:13.955+0000][gc            ] GC(53) Concurrent Cycle
[2025-11-05T13:57:13.955+0000][gc,marking    ] GC(53) Concurrent Clear Claimed Marks
[2025-11-05T13:57:13.955+0000][gc,marking    ] GC(53) Concurrent Clear Claimed Marks 0.321ms
[2025-11-05T13:57:13.955+0000][gc,marking    ] GC(53) Concurrent Scan Root Regions
[2025-11-05T13:57:13.960+0000][gc,marking    ] GC(53) Concurrent Scan Root Regions 5.258ms
[2025-11-05T13:57:13.961+0000][gc,marking    ] GC(53) Concurrent Mark (3364.468s)
[2025-11-05T13:57:13.961+0000][gc,marking    ] GC(53) Concurrent Mark From Roots
[2025-11-05T13:57:13.961+0000][gc,task       ] GC(53) Using 1 workers of 1 for marking
[2025-11-05T13:57:13.987+0000][gc,marking    ] GC(53) Concurrent Mark From Roots 25.967ms
[2025-11-05T13:57:13.987+0000][gc,marking    ] GC(53) Concurrent Preclean
[2025-11-05T13:57:13.987+0000][gc,marking    ] GC(53) Concurrent Preclean 0.339ms
[2025-11-05T13:57:13.987+0000][gc,marking    ] GC(53) Concurrent Mark (3364.468s, 3364.495s) 26.843ms
[2025-11-05T13:57:13.988+0000][gc,start      ] GC(53) Pause Remark
[2025-11-05T13:57:14.004+0000][gc,stringtable] GC(53) Cleaned string and symbol table, strings: 16534 processed, 291 removed, symbols: 123350 processed, 2 removed
[2025-11-05T13:57:14.005+0000][gc            ] GC(53) Pause Remark 193M->193M(512M) 16.762ms
[2025-11-05T13:57:14.005+0000][gc,cpu        ] GC(53) User=0.03s Sys=0.00s Real=0.02s
[2025-11-05T13:57:14.005+0000][gc,marking    ] GC(53) Concurrent Rebuild Remembered Sets
[2025-11-05T13:57:14.021+0000][gc,marking    ] GC(53) Concurrent Rebuild Remembered Sets 16.187ms
[2025-11-05T13:57:14.022+0000][gc,start      ] GC(53) Pause Cleanup
[2025-11-05T13:57:14.022+0000][gc            ] GC(53) Pause Cleanup 194M->194M(512M) 0.348ms
[2025-11-05T13:57:14.022+0000][gc,cpu        ] GC(53) User=0.00s Sys=0.00s Real=0.00s
[2025-11-05T13:57:14.022+0000][gc,marking    ] GC(53) Concurrent Cleanup for Next Mark
[2025-11-05T13:57:14.023+0000][gc,marking    ] GC(53) Concurrent Cleanup for Next Mark 0.688ms
[2025-11-05T13:57:14.023+0000][gc            ] GC(53) Concurrent Cycle 68.666ms
[2025-11-05T14:00:22.443+0000][gc,start      ] GC(54) Pause Young (Prepare Mixed) (G1 Evacuation Pause)
[2025-11-05T14:00:22.444+0000][gc,task       ] GC(54) Using 2 workers of 2 for evacuation
[2025-11-05T14:00:22.460+0000][gc,phases     ] GC(54)   Pre Evacuate Collection Set: 0.0ms
[2025-11-05T14:00:22.460+0000][gc,phases     ] GC(54)   Evacuate Collection Set: 14.9ms
[2025-11-05T14:00:22.460+0000][gc,phases     ] GC(54)   Post Evacuate Collection Set: 0.6ms
[2025-11-05T14:00:22.460+0000][gc,phases     ] GC(54)   Other: 0.6ms
[2025-11-05T14:00:22.460+0000][gc,heap       ] GC(54) Eden regions: 37->0(22)
[2025-11-05T14:00:22.460+0000][gc,heap       ] GC(54) Survivor regions: 10->3(6)
[2025-11-05T14:00:22.460+0000][gc,heap       ] GC(54) Old regions: 46->54
[2025-11-05T14:00:22.461+0000][gc,heap       ] GC(54) Humongous regions: 138->138
[2025-11-05T14:00:22.461+0000][gc,metaspace  ] GC(54) Metaspace: 51660K(54832K)->51660K(54832K) NonClass: 45955K(47792K)->45955K(47792K) Class: 5705K(7040K)->5705K(7040K)
[2025-11-05T14:00:22.461+0000][gc            ] GC(54) Pause Young (Prepare Mixed) (G1 Evacuation Pause) 230M->194M(512M) 17.331ms
[2025-11-05T14:00:22.461+0000][gc,cpu        ] GC(54) User=0.03s Sys=0.00s Real=0.02s
[2025-11-05T14:01:43.089+0000][gc,start      ] GC(55) Pause Young (Mixed) (G1 Evacuation Pause)
[2025-11-05T14:01:43.089+0000][gc,task       ] GC(55) Using 2 workers of 2 for evacuation
[2025-11-05T14:01:43.101+0000][gc,phases     ] GC(55)   Pre Evacuate Collection Set: 0.0ms
[2025-11-05T14:01:43.101+0000][gc,phases     ] GC(55)   Evacuate Collection Set: 11.0ms
[2025-11-05T14:01:43.101+0000][gc,phases     ] GC(55)   Post Evacuate Collection Set: 0.5ms
[2025-11-05T14:01:43.101+0000][gc,phases     ] GC(55)   Other: 0.5ms
[2025-11-05T14:01:43.102+0000][gc,heap       ] GC(55) Eden regions: 22->0(62)
[2025-11-05T14:01:43.102+0000][gc,heap       ] GC(55) Survivor regions: 3->4(4)
[2025-11-05T14:01:43.102+0000][gc,heap       ] GC(55) Old regions: 54->56
[2025-11-05T14:01:43.102+0000][gc,heap       ] GC(55) Humongous regions: 147->147
[2025-11-05T14:01:43.102+0000][gc,metaspace  ] GC(55) Metaspace: 51798K(54832K)->51798K(54832K) NonClass: 46064K(47792K)->46064K(47792K) Class: 5734K(7040K)->5734K(7040K)
[2025-11-05T14:01:43.102+0000][gc            ] GC(55) Pause Young (Mixed) (G1 Evacuation Pause) 225M->206M(512M) 13.371ms
[2025-11-05T14:01:43.102+0000][gc,cpu        ] GC(55) User=0.02s Sys=0.00s Real=0.01s
[2025-11-05T14:07:08.570+0000][gc,start      ] GC(56) Pause Young (Concurrent Start) (G1 Evacuation Pause)
[2025-11-05T14:07:08.570+0000][gc,task       ] GC(56) Using 2 workers of 2 for evacuation
[2025-11-05T14:07:08.582+0000][gc,phases     ] GC(56)   Pre Evacuate Collection Set: 0.2ms
[2025-11-05T14:07:08.582+0000][gc,phases     ] GC(56)   Evacuate Collection Set: 10.6ms
[2025-11-05T14:07:08.582+0000][gc,phases     ] GC(56)   Post Evacuate Collection Set: 0.5ms
[2025-11-05T14:07:08.582+0000][gc,phases     ] GC(56)   Other: 0.7ms
[2025-11-05T14:07:08.582+0000][gc,heap       ] GC(56) Eden regions: 62->0(57)
[2025-11-05T14:07:08.583+0000][gc,heap       ] GC(56) Survivor regions: 4->7(9)
[2025-11-05T14:07:08.583+0000][gc,heap       ] GC(56) Old regions: 56->56
[2025-11-05T14:07:08.583+0000][gc,heap       ] GC(56) Humongous regions: 147->147
[2025-11-05T14:07:08.583+0000][gc,metaspace  ] GC(56) Metaspace: 51833K(54832K)->51833K(54832K) NonClass: 46099K(47792K)->46099K(47792K) Class: 5734K(7040K)->5734K(7040K)
[2025-11-05T14:07:08.583+0000][gc            ] GC(56) Pause Young (Concurrent Start) (G1 Evacuation Pause) 268M->209M(512M) 13.428ms
[2025-11-05T14:07:08.583+0000][gc,cpu        ] GC(56) User=0.02s Sys=0.00s Real=0.01s
[2025-11-05T14:07:08.584+0000][gc            ] GC(57) Concurrent Cycle
[2025-11-05T14:07:08.584+0000][gc,marking    ] GC(57) Concurrent Clear Claimed Marks
[2025-11-05T14:07:08.584+0000][gc,marking    ] GC(57) Concurrent Clear Claimed Marks 0.384ms
[2025-11-05T14:07:08.584+0000][gc,marking    ] GC(57) Concurrent Scan Root Regions
[2025-11-05T14:07:08.588+0000][gc,marking    ] GC(57) Concurrent Scan Root Regions 4.124ms
[2025-11-05T14:07:08.589+0000][gc,marking    ] GC(57) Concurrent Mark (3959.097s)
[2025-11-05T14:07:08.589+0000][gc,marking    ] GC(57) Concurrent Mark From Roots
[2025-11-05T14:07:08.589+0000][gc,task       ] GC(57) Using 1 workers of 1 for marking
[2025-11-05T14:07:08.614+0000][gc,marking    ] GC(57) Concurrent Mark From Roots 24.883ms
[2025-11-05T14:07:08.614+0000][gc,marking    ] GC(57) Concurrent Preclean
[2025-11-05T14:07:08.614+0000][gc,marking    ] GC(57) Concurrent Preclean 0.348ms
[2025-11-05T14:07:08.614+0000][gc,marking    ] GC(57) Concurrent Mark (3959.097s, 3959.123s) 25.772ms
[2025-11-05T14:07:08.615+0000][gc,start      ] GC(57) Pause Remark
[2025-11-05T14:07:08.623+0000][gc,stringtable] GC(57) Cleaned string and symbol table, strings: 16329 processed, 0 removed, symbols: 123508 processed, 109 removed
[2025-11-05T14:07:08.623+0000][gc            ] GC(57) Pause Remark 209M->208M(512M) 8.608ms
[2025-11-05T14:07:08.624+0000][gc,cpu        ] GC(57) User=0.01s Sys=0.00s Real=0.01s
[2025-11-05T14:07:08.624+0000][gc,marking    ] GC(57) Concurrent Rebuild Remembered Sets
[2025-11-05T14:07:08.639+0000][gc,marking    ] GC(57) Concurrent Rebuild Remembered Sets 15.140ms
[2025-11-05T14:07:08.640+0000][gc,start      ] GC(57) Pause Cleanup
[2025-11-05T14:07:08.640+0000][gc            ] GC(57) Pause Cleanup 208M->208M(512M) 0.374ms
[2025-11-05T14:07:08.640+0000][gc,cpu        ] GC(57) User=0.00s Sys=0.00s Real=0.00s
[2025-11-05T14:07:08.640+0000][gc,marking    ] GC(57) Concurrent Cleanup for Next Mark
[2025-11-05T14:07:08.641+0000][gc,marking    ] GC(57) Concurrent Cleanup for Next Mark 0.593ms
[2025-11-05T14:07:08.641+0000][gc            ] GC(57) Concurrent Cycle 57.593ms
[2025-11-05T14:23:43.238+0000][gc,start      ] GC(58) Pause Young (Prepare Mixed) (G1 Evacuation Pause)
[2025-11-05T14:23:43.239+0000][gc,task       ] GC(58) Using 2 workers of 2 for evacuation
[2025-11-05T14:23:43.259+0000][gc,mmu        ] GC(58) MMU target violated: 20.7ms (20.0ms/21.0ms)
[2025-11-05T14:23:43.260+0000][gc,phases     ] GC(58)   Pre Evacuate Collection Set: 0.0ms
[2025-11-05T14:23:43.260+0000][gc,phases     ] GC(58)   Evacuate Collection Set: 18.5ms
[2025-11-05T14:23:43.260+0000][gc,phases     ] GC(58)   Post Evacuate Collection Set: 1.9ms
[2025-11-05T14:23:43.261+0000][gc,phases     ] GC(58)   Other: 1.1ms
[2025-11-05T14:23:43.261+0000][gc,heap       ] GC(58) Eden regions: 53->0(23)
[2025-11-05T14:23:43.261+0000][gc,heap       ] GC(58) Survivor regions: 7->3(8)
[2025-11-05T14:23:43.261+0000][gc,heap       ] GC(58) Old regions: 55->59
[2025-11-05T14:23:43.261+0000][gc,heap       ] GC(58) Humongous regions: 405->153
[2025-11-05T14:23:43.262+0000][gc,metaspace  ] GC(58) Metaspace: 52182K(55216K)->52182K(55216K) NonClass: 46375K(48048K)->46375K(48048K) Class: 5807K(7168K)->5807K(7168K)
[2025-11-05T14:23:43.262+0000][gc            ] GC(58) Pause Young (Prepare Mixed) (G1 Evacuation Pause) 519M->214M(527M) 23.607ms
[2025-11-05T14:23:43.262+0000][gc,cpu        ] GC(58) User=0.04s Sys=0.00s Real=0.02s
[2025-11-05T14:39:31.024+0000][gc,start      ] GC(59) Pause Young (Mixed) (G1 Evacuation Pause)
[2025-11-05T14:39:31.025+0000][gc,task       ] GC(59) Using 2 workers of 2 for evacuation
[2025-11-05T14:39:31.037+0000][gc,phases     ] GC(59)   Pre Evacuate Collection Set: 0.0ms
[2025-11-05T14:39:31.038+0000][gc,phases     ] GC(59)   Evacuate Collection Set: 11.2ms
[2025-11-05T14:39:31.038+0000][gc,phases     ] GC(59)   Post Evacuate Collection Set: 1.0ms
[2025-11-05T14:39:31.039+0000][gc,phases     ] GC(59)   Other: 0.9ms
[2025-11-05T14:39:31.040+0000][gc,heap       ] GC(59) Eden regions: 23->0(67)
[2025-11-05T14:39:31.042+0000][gc,heap       ] GC(59) Survivor regions: 3->2(4)
[2025-11-05T14:39:31.043+0000][gc,heap       ] GC(59) Old regions: 59->52
[2025-11-05T14:39:31.043+0000][gc,heap       ] GC(59) Humongous regions: 189->147
[2025-11-05T14:39:31.044+0000][gc,metaspace  ] GC(59) Metaspace: 52267K(55216K)->52267K(55216K) NonClass: 46455K(48048K)->46455K(48048K) Class: 5812K(7168K)->5812K(7168K)
[2025-11-05T14:39:31.046+0000][gc            ] GC(59) Pause Young (Mixed) (G1 Evacuation Pause) 273M->200M(527M) 22.202ms
[2025-11-05T14:39:31.047+0000][gc,cpu        ] GC(59) User=0.03s Sys=0.00s Real=0.02s
[2025-11-05T14:44:30.128+0000][gc,start      ] GC(60) Pause Young (Concurrent Start) (G1 Evacuation Pause)
[2025-11-05T14:44:30.129+0000][gc,task       ] GC(60) Using 2 workers of 2 for evacuation
[2025-11-05T14:44:30.568+0000][gc,mmu        ] GC(60) MMU target violated: 21.0ms (20.0ms/21.0ms)
[2025-11-05T14:44:30.577+0000][gc,phases     ] GC(60)   Pre Evacuate Collection Set: 0.4ms
[2025-11-05T14:44:30.586+0000][gc,phases     ] GC(60)   Evacuate Collection Set: 400.2ms
[2025-11-05T14:44:30.587+0000][gc,phases     ] GC(60)   Post Evacuate Collection Set: 34.7ms
[2025-11-05T14:44:30.590+0000][gc,phases     ] GC(60)   Other: 14.2ms
[2025-11-05T14:44:30.591+0000][gc,heap       ] GC(60) Eden regions: 67->0(21)
[2025-11-05T14:44:30.593+0000][gc,heap       ] GC(60) Survivor regions: 2->5(9)
[2025-11-05T14:44:30.595+0000][gc,heap       ] GC(60) Old regions: 52->52
[2025-11-05T14:44:30.600+0000][gc,heap       ] GC(60) Humongous regions: 147->147
[2025-11-05T14:44:30.603+0000][gc,metaspace  ] GC(60) Metaspace: 52287K(55216K)->52287K(55216K) NonClass: 46474K(48048K)->46474K(48048K) Class: 5813K(7168K)->5813K(7168K)
[2025-11-05T14:44:30.608+0000][gc            ] GC(60) Pause Young (Concurrent Start) (G1 Evacuation Pause) 267M->203M(527M) 480.495ms
[2025-11-05T14:44:30.610+0000][gc,cpu        ] GC(60) User=0.20s Sys=0.00s Real=0.48s
[2025-11-05T14:44:30.618+0000][gc            ] GC(61) Concurrent Cycle
[2025-11-05T14:44:30.628+0000][gc,marking    ] GC(61) Concurrent Clear Claimed Marks
[2025-11-05T14:44:30.636+0000][gc,marking    ] GC(61) Concurrent Clear Claimed Marks 8.227ms
[2025-11-05T14:44:30.671+0000][gc,marking    ] GC(61) Concurrent Scan Root Regions
[2025-11-05T14:44:30.711+0000][gc,marking    ] GC(61) Concurrent Scan Root Regions 39.137ms
[2025-11-05T14:44:30.713+0000][gc,marking    ] GC(61) Concurrent Mark (6201.145s)
[2025-11-05T14:44:30.714+0000][gc,marking    ] GC(61) Concurrent Mark From Roots
[2025-11-05T14:44:30.716+0000][gc,task       ] GC(61) Using 1 workers of 1 for marking
[2025-11-05T14:44:31.162+0000][gc,marking    ] GC(61) Concurrent Mark From Roots 447.836ms
[2025-11-05T14:44:31.167+0000][gc,marking    ] GC(61) Concurrent Preclean
[2025-11-05T14:44:31.170+0000][gc,marking    ] GC(61) Concurrent Preclean 3.213ms
[2025-11-05T14:44:31.171+0000][gc,marking    ] GC(61) Concurrent Mark (6201.145s, 6201.603s) 458.178ms
[2025-11-05T14:44:31.184+0000][gc,start      ] GC(61) Pause Remark
[2025-11-05T14:44:31.387+0000][gc,stringtable] GC(61) Cleaned string and symbol table, strings: 16505 processed, 8 removed, symbols: 123553 processed, 0 removed
[2025-11-05T14:44:31.389+0000][gc,mmu        ] GC(61) MMU target violated: 21.0ms (20.0ms/21.0ms)
[2025-11-05T14:44:31.391+0000][gc            ] GC(61) Pause Remark 203M->200M(527M) 206.573ms
[2025-11-05T14:44:31.392+0000][gc,cpu        ] GC(61) User=0.20s Sys=0.00s Real=0.21s
[2025-11-05T14:44:31.396+0000][gc,marking    ] GC(61) Concurrent Rebuild Remembered Sets
[2025-11-05T14:44:31.656+0000][gc,marking    ] GC(61) Concurrent Rebuild Remembered Sets 260.189ms
[2025-11-05T14:44:31.665+0000][gc,start      ] GC(61) Pause Cleanup
[2025-11-05T14:44:31.672+0000][gc            ] GC(61) Pause Cleanup 200M->200M(527M) 6.754ms
[2025-11-05T14:44:31.676+0000][gc,cpu        ] GC(61) User=0.00s Sys=0.00s Real=0.02s
[2025-11-05T14:44:31.682+0000][gc,marking    ] GC(61) Concurrent Cleanup for Next Mark
[2025-11-05T14:44:31.698+0000][gc,marking    ] GC(61) Concurrent Cleanup for Next Mark 16.235ms
[2025-11-05T14:44:31.700+0000][gc            ] GC(61) Concurrent Cycle 1082.690ms
[2025-11-05T14:46:15.822+0000][gc,start      ] GC(62) Pause Young (Prepare Mixed) (G1 Evacuation Pause)
[2025-11-05T14:46:15.826+0000][gc,task       ] GC(62) Using 2 workers of 2 for evacuation
[2025-11-05T14:46:15.934+0000][gc,mmu        ] GC(62) MMU target violated: 21.0ms (20.0ms/21.0ms)
[2025-11-05T14:46:15.937+0000][gc,phases     ] GC(62)   Pre Evacuate Collection Set: 0.1ms
[2025-11-05T14:46:15.940+0000][gc,phases     ] GC(62)   Evacuate Collection Set: 96.3ms
[2025-11-05T14:46:15.941+0000][gc,phases     ] GC(62)   Post Evacuate Collection Set: 7.9ms
[2025-11-05T14:46:15.943+0000][gc,phases     ] GC(62)   Other: 10.3ms
[2025-11-05T14:46:15.946+0000][gc,heap       ] GC(62) Eden regions: 21->0(23)
[2025-11-05T14:46:15.948+0000][gc,heap       ] GC(62) Survivor regions: 5->3(4)
[2025-11-05T14:46:15.950+0000][gc,heap       ] GC(62) Old regions: 49->54
[2025-11-05T14:46:15.952+0000][gc,heap       ] GC(62) Humongous regions: 147->147
[2025-11-05T14:46:15.954+0000][gc,metaspace  ] GC(62) Metaspace: 52284K(55216K)->52284K(55216K) NonClass: 46472K(48048K)->46472K(48048K) Class: 5812K(7168K)->5812K(7168K)
[2025-11-05T14:46:15.955+0000][gc            ] GC(62) Pause Young (Prepare Mixed) (G1 Evacuation Pause) 221M->202M(527M) 133.246ms
[2025-11-05T14:46:15.957+0000][gc,cpu        ] GC(62) User=0.22s Sys=0.01s Real=0.14s
[2025-11-05T14:48:15.623+0000][gc,start      ] GC(63) Pause Young (Mixed) (G1 Evacuation Pause)
[2025-11-05T14:48:15.625+0000][gc,task       ] GC(63) Using 2 workers of 2 for evacuation
[2025-11-05T14:48:15.691+0000][gc,mmu        ] GC(63) MMU target violated: 21.0ms (20.0ms/21.0ms)
[2025-11-05T14:48:15.694+0000][gc,phases     ] GC(63)   Pre Evacuate Collection Set: 0.1ms
[2025-11-05T14:48:15.696+0000][gc,phases     ] GC(63)   Evacuate Collection Set: 59.0ms
[2025-11-05T14:48:15.700+0000][gc,phases     ] GC(63)   Post Evacuate Collection Set: 4.3ms
[2025-11-05T14:48:15.702+0000][gc,phases     ] GC(63)   Other: 7.3ms
[2025-11-05T14:48:15.703+0000][gc,heap       ] GC(63) Eden regions: 23->0(24)
[2025-11-05T14:48:15.704+0000][gc,heap       ] GC(63) Survivor regions: 3->2(4)
[2025-11-05T14:48:15.705+0000][gc,heap       ] GC(63) Old regions: 54->51
[2025-11-05T14:48:15.708+0000][gc,heap       ] GC(63) Humongous regions: 147->147
[2025-11-05T14:48:15.710+0000][gc,metaspace  ] GC(63) Metaspace: 52331K(55216K)->52331K(55216K) NonClass: 46519K(48048K)->46519K(48048K) Class: 5812K(7168K)->5812K(7168K)
[2025-11-05T14:48:15.712+0000][gc            ] GC(63) Pause Young (Mixed) (G1 Evacuation Pause) 225M->199M(527M) 88.480ms
[2025-11-05T14:48:15.714+0000][gc,cpu        ] GC(63) User=0.13s Sys=0.00s Real=0.09s
[2025-11-05T15:04:06.012+0000][gc,start      ] GC(64) Pause Young (Concurrent Start) (G1 Evacuation Pause)
[2025-11-05T15:04:06.012+0000][gc,task       ] GC(64) Using 2 workers of 2 for evacuation
[2025-11-05T15:04:06.044+0000][gc,mmu        ] GC(64) MMU target violated: 21.0ms (20.0ms/21.0ms)
[2025-11-05T15:04:06.044+0000][gc,phases     ] GC(64)   Pre Evacuate Collection Set: 0.2ms
[2025-11-05T15:04:06.044+0000][gc,phases     ] GC(64)   Evacuate Collection Set: 30.5ms
[2025-11-05T15:04:06.044+0000][gc,phases     ] GC(64)   Post Evacuate Collection Set: 0.3ms
[2025-11-05T15:04:06.045+0000][gc,phases     ] GC(64)   Other: 1.1ms
[2025-11-05T15:04:06.045+0000][gc,heap       ] GC(64) Eden regions: 24->0(22)
[2025-11-05T15:04:06.045+0000][gc,heap       ] GC(64) Survivor regions: 2->4(4)
[2025-11-05T15:04:06.045+0000][gc,heap       ] GC(64) Old regions: 51->53
[2025-11-05T15:04:06.045+0000][gc,heap       ] GC(64) Humongous regions: 147->147
[2025-11-05T15:04:06.046+0000][gc,metaspace  ] GC(64) Metaspace: 52352K(55216K)->52352K(55216K) NonClass: 46539K(48048K)->46539K(48048K) Class: 5812K(7168K)->5812K(7168K)
[2025-11-05T15:04:06.046+0000][gc            ] GC(64) Pause Young (Concurrent Start) (G1 Evacuation Pause) 223M->203M(527M) 34.168ms
[2025-11-05T15:04:06.046+0000][gc,cpu        ] GC(64) User=0.03s Sys=0.00s Real=0.04s
[2025-11-05T15:04:06.048+0000][gc            ] GC(65) Concurrent Cycle
[2025-11-05T15:04:06.048+0000][gc,marking    ] GC(65) Concurrent Clear Claimed Marks
[2025-11-05T15:04:06.049+0000][gc,marking    ] GC(65) Concurrent Clear Claimed Marks 0.304ms
[2025-11-05T15:04:06.049+0000][gc,marking    ] GC(65) Concurrent Scan Root Regions
[2025-11-05T15:04:06.055+0000][gc,marking    ] GC(65) Concurrent Scan Root Regions 5.725ms
[2025-11-05T15:04:06.055+0000][gc,marking    ] GC(65) Concurrent Mark (7376.471s)
[2025-11-05T15:04:06.055+0000][gc,marking    ] GC(65) Concurrent Mark From Roots
[2025-11-05T15:04:06.055+0000][gc,task       ] GC(65) Using 1 workers of 1 for marking
[2025-11-05T15:04:06.120+0000][gc,marking    ] GC(65) Concurrent Mark From Roots 65.344ms
[2025-11-05T15:04:06.122+0000][gc,marking    ] GC(65) Concurrent Preclean
[2025-11-05T15:04:06.123+0000][gc,marking    ] GC(65) Concurrent Preclean 1.793ms
[2025-11-05T15:04:06.123+0000][gc,marking    ] GC(65) Concurrent Mark (7376.471s, 7376.539s) 67.711ms
[2025-11-05T15:04:06.124+0000][gc,start      ] GC(65) Pause Remark
[2025-11-05T15:04:06.163+0000][gc,stringtable] GC(65) Cleaned string and symbol table, strings: 16529 processed, 4 removed, symbols: 123553 processed, 1 removed
[2025-11-05T15:04:06.164+0000][gc,mmu        ] GC(65) MMU target violated: 21.0ms (20.0ms/21.0ms)
[2025-11-05T15:04:06.164+0000][gc            ] GC(65) Pause Remark 205M->205M(527M) 40.471ms
[2025-11-05T15:04:06.165+0000][gc,cpu        ] GC(65) User=0.03s Sys=0.00s Real=0.04s
[2025-11-05T15:04:06.165+0000][gc,marking    ] GC(65) Concurrent Rebuild Remembered Sets
[2025-11-05T15:04:06.195+0000][gc,marking    ] GC(65) Concurrent Rebuild Remembered Sets 29.886ms
[2025-11-05T15:04:06.197+0000][gc,start      ] GC(65) Pause Cleanup
[2025-11-05T15:04:06.197+0000][gc            ] GC(65) Pause Cleanup 205M->205M(527M) 0.551ms
[2025-11-05T15:04:06.198+0000][gc,cpu        ] GC(65) User=0.00s Sys=0.00s Real=0.00s
[2025-11-05T15:04:06.199+0000][gc,marking    ] GC(65) Concurrent Cleanup for Next Mark
[2025-11-05T15:04:06.203+0000][gc,marking    ] GC(65) Concurrent Cleanup for Next Mark 3.905ms
[2025-11-05T15:04:06.204+0000][gc            ] GC(65) Concurrent Cycle 156.012ms
[2025-11-05T15:04:11.951+0000][gc,start      ] GC(66) Pause Young (Prepare Mixed) (G1 Evacuation Pause)
[2025-11-05T15:04:11.951+0000][gc,task       ] GC(66) Using 2 workers of 2 for evacuation
[2025-11-05T15:04:11.960+0000][gc,phases     ] GC(66)   Pre Evacuate Collection Set: 0.0ms
[2025-11-05T15:04:11.961+0000][gc,phases     ] GC(66)   Evacuate Collection Set: 8.5ms
[2025-11-05T15:04:11.961+0000][gc,phases     ] GC(66)   Post Evacuate Collection Set: 0.7ms
[2025-11-05T15:04:11.961+0000][gc,phases     ] GC(66)   Other: 0.7ms
[2025-11-05T15:04:11.961+0000][gc,heap       ] GC(66) Eden regions: 22->0(25)
[2025-11-05T15:04:11.961+0000][gc,heap       ] GC(66) Survivor regions: 4->1(4)
[2025-11-05T15:04:11.961+0000][gc,heap       ] GC(66) Old regions: 53->57
[2025-11-05T15:04:11.962+0000][gc,heap       ] GC(66) Humongous regions: 441->147
[2025-11-05T15:04:11.962+0000][gc,metaspace  ] GC(66) Metaspace: 52386K(55216K)->52386K(55216K) NonClass: 46573K(48048K)->46573K(48048K) Class: 5812K(7168K)->5812K(7168K)
[2025-11-05T15:04:11.962+0000][gc            ] GC(66) Pause Young (Prepare Mixed) (G1 Evacuation Pause) 519M->203M(527M) 11.286ms
[2025-11-05T15:04:11.962+0000][gc,cpu        ] GC(66) User=0.01s Sys=0.00s Real=0.02s
[2025-11-05T15:14:28.663+0000][gc,start      ] GC(67) Pause Young (Mixed) (G1 Evacuation Pause)
[2025-11-05T15:14:28.664+0000][gc,task       ] GC(67) Using 2 workers of 2 for evacuation
[2025-11-05T15:14:28.671+0000][gc,phases     ] GC(67)   Pre Evacuate Collection Set: 0.0ms
[2025-11-05T15:14:28.671+0000][gc,phases     ] GC(67)   Evacuate Collection Set: 6.2ms
[2025-11-05T15:14:28.672+0000][gc,phases     ] GC(67)   Post Evacuate Collection Set: 0.6ms
[2025-11-05T15:14:28.672+0000][gc,phases     ] GC(67)   Other: 1.0ms
[2025-11-05T15:14:28.672+0000][gc,heap       ] GC(67) Eden regions: 25->0(23)
[2025-11-05T15:14:28.672+0000][gc,heap       ] GC(67) Survivor regions: 1->3(4)
[2025-11-05T15:14:28.672+0000][gc,heap       ] GC(67) Old regions: 57->51
[2025-11-05T15:14:28.673+0000][gc,heap       ] GC(67) Humongous regions: 147->147
[2025-11-05T15:14:28.673+0000][gc,metaspace  ] GC(67) Metaspace: 52393K(55216K)->52393K(55216K) NonClass: 46580K(48048K)->46580K(48048K) Class: 5812K(7168K)->5812K(7168K)
[2025-11-05T15:14:28.673+0000][gc            ] GC(67) Pause Young (Mixed) (G1 Evacuation Pause) 228M->200M(527M) 9.537ms
[2025-11-05T15:14:28.673+0000][gc,cpu        ] GC(67) User=0.01s Sys=0.00s Real=0.01s
[2025-11-05T15:16:22.504+0000][gc,start      ] GC(68) Pause Young (Mixed) (G1 Evacuation Pause)
[2025-11-05T15:16:22.504+0000][gc,task       ] GC(68) Using 2 workers of 2 for evacuation
[2025-11-05T15:16:22.516+0000][gc,phases     ] GC(68)   Pre Evacuate Collection Set: 0.0ms
[2025-11-05T15:16:22.516+0000][gc,phases     ] GC(68)   Evacuate Collection Set: 10.2ms
[2025-11-05T15:16:22.516+0000][gc,phases     ] GC(68)   Post Evacuate Collection Set: 1.1ms
[2025-11-05T15:16:22.517+0000][gc,phases     ] GC(68)   Other: 0.8ms
[2025-11-05T15:16:22.517+0000][gc,heap       ] GC(68) Eden regions: 23->0(22)
[2025-11-05T15:16:22.517+0000][gc,heap       ] GC(68) Survivor regions: 3->4(4)
[2025-11-05T15:16:22.517+0000][gc,heap       ] GC(68) Old regions: 51->50
[2025-11-05T15:16:22.517+0000][gc,heap       ] GC(68) Humongous regions: 147->147
[2025-11-05T15:16:22.517+0000][gc,metaspace  ] GC(68) Metaspace: 52393K(55216K)->52393K(55216K) NonClass: 46580K(48048K)->46580K(48048K) Class: 5812K(7168K)->5812K(7168K)
[2025-11-05T15:16:22.518+0000][gc            ] GC(68) Pause Young (Mixed) (G1 Evacuation Pause) 223M->199M(527M) 13.768ms
[2025-11-05T15:16:22.518+0000][gc,cpu        ] GC(68) User=0.02s Sys=0.00s Real=0.01s
[2025-11-05T15:18:10.734+0000][gc,start      ] GC(69) Pause Young (Concurrent Start) (G1 Evacuation Pause)
[2025-11-05T15:18:10.735+0000][gc,task       ] GC(69) Using 2 workers of 2 for evacuation
[2025-11-05T15:18:10.743+0000][gc,phases     ] GC(69)   Pre Evacuate Collection Set: 0.2ms
[2025-11-05T15:18:10.743+0000][gc,phases     ] GC(69)   Evacuate Collection Set: 6.3ms
[2025-11-05T15:18:10.743+0000][gc,phases     ] GC(69)   Post Evacuate Collection Set: 0.7ms
[2025-11-05T15:18:10.743+0000][gc,phases     ] GC(69)   Other: 1.4ms
[2025-11-05T15:18:10.743+0000][gc,heap       ] GC(69) Eden regions: 22->0(24)
[2025-11-05T15:18:10.744+0000][gc,heap       ] GC(69) Survivor regions: 4->2(4)
[2025-11-05T15:18:10.744+0000][gc,heap       ] GC(69) Old regions: 50->52
[2025-11-05T15:18:10.744+0000][gc,heap       ] GC(69) Humongous regions: 147->147
[2025-11-05T15:18:10.744+0000][gc,metaspace  ] GC(69) Metaspace: 52393K(55216K)->52393K(55216K) NonClass: 46580K(48048K)->46580K(48048K) Class: 5812K(7168K)->5812K(7168K)
[2025-11-05T15:18:10.744+0000][gc            ] GC(69) Pause Young (Concurrent Start) (G1 Evacuation Pause) 221M->200M(527M) 9.889ms
[2025-11-05T15:18:10.744+0000][gc,cpu        ] GC(69) User=0.02s Sys=0.00s Real=0.01s
[2025-11-05T15:18:10.744+0000][gc            ] GC(70) Concurrent Cycle
[2025-11-05T15:18:10.745+0000][gc,marking    ] GC(70) Concurrent Clear Claimed Marks
[2025-11-05T15:18:10.745+0000][gc,marking    ] GC(70) Concurrent Clear Claimed Marks 0.302ms
[2025-11-05T15:18:10.745+0000][gc,marking    ] GC(70) Concurrent Scan Root Regions
[2025-11-05T15:18:10.747+0000][gc,marking    ] GC(70) Concurrent Scan Root Regions 1.498ms
[2025-11-05T15:18:10.747+0000][gc,marking    ] GC(70) Concurrent Mark (8221.083s)
[2025-11-05T15:18:10.747+0000][gc,marking    ] GC(70) Concurrent Mark From Roots
[2025-11-05T15:18:10.747+0000][gc,task       ] GC(70) Using 1 workers of 1 for marking
[2025-11-05T15:18:10.773+0000][gc,marking    ] GC(70) Concurrent Mark From Roots 26.530ms
[2025-11-05T15:18:10.774+0000][gc,marking    ] GC(70) Concurrent Preclean
[2025-11-05T15:18:10.774+0000][gc,marking    ] GC(70) Concurrent Preclean 0.306ms
[2025-11-05T15:18:10.774+0000][gc,marking    ] GC(70) Concurrent Mark (8221.083s, 8221.111s) 27.341ms
[2025-11-05T15:18:10.775+0000][gc,start      ] GC(70) Pause Remark
[2025-11-05T15:18:10.783+0000][gc,stringtable] GC(70) Cleaned string and symbol table, strings: 16528 processed, 0 removed, symbols: 123552 processed, 0 removed
[2025-11-05T15:18:10.783+0000][gc            ] GC(70) Pause Remark 200M->200M(527M) 8.884ms
[2025-11-05T15:18:10.784+0000][gc,cpu        ] GC(70) User=0.01s Sys=0.00s Real=0.01s
[2025-11-05T15:18:10.784+0000][gc,marking    ] GC(70) Concurrent Rebuild Remembered Sets
[2025-11-05T15:18:10.800+0000][gc,marking    ] GC(70) Concurrent Rebuild Remembered Sets 15.942ms
[2025-11-05T15:18:10.800+0000][gc,start      ] GC(70) Pause Cleanup
[2025-11-05T15:18:10.801+0000][gc            ] GC(70) Pause Cleanup 200M->200M(527M) 0.334ms
[2025-11-05T15:18:10.801+0000][gc,cpu        ] GC(70) User=0.00s Sys=0.00s Real=0.00s
[2025-11-05T15:18:10.801+0000][gc,marking    ] GC(70) Concurrent Cleanup for Next Mark
[2025-11-05T15:18:10.802+0000][gc,marking    ] GC(70) Concurrent Cleanup for Next Mark 0.634ms
[2025-11-05T15:18:10.802+0000][gc            ] GC(70) Concurrent Cycle 57.238ms
[2025-11-05T15:20:09.664+0000][gc,start      ] GC(71) Pause Young (Prepare Mixed) (G1 Evacuation Pause)
[2025-11-05T15:20:09.664+0000][gc,task       ] GC(71) Using 2 workers of 2 for evacuation
[2025-11-05T15:20:09.672+0000][gc,phases     ] GC(71)   Pre Evacuate Collection Set: 0.0ms
[2025-11-05T15:20:09.672+0000][gc,phases     ] GC(71)   Evacuate Collection Set: 6.9ms
[2025-11-05T15:20:09.672+0000][gc,phases     ] GC(71)   Post Evacuate Collection Set: 0.6ms
[2025-11-05T15:20:09.673+0000][gc,phases     ] GC(71)   Other: 0.5ms
[2025-11-05T15:20:09.673+0000][gc,heap       ] GC(71) Eden regions: 24->0(22)
[2025-11-05T15:20:09.673+0000][gc,heap       ] GC(71) Survivor regions: 2->4(4)
[2025-11-05T15:20:09.673+0000][gc,heap       ] GC(71) Old regions: 52->52
[2025-11-05T15:20:09.673+0000][gc,heap       ] GC(71) Humongous regions: 147->147
[2025-11-05T15:20:09.674+0000][gc,metaspace  ] GC(71) Metaspace: 52398K(55216K)->52398K(55216K) NonClass: 46586K(48048K)->46586K(48048K) Class: 5812K(7168K)->5812K(7168K)
[2025-11-05T15:20:09.674+0000][gc            ] GC(71) Pause Young (Prepare Mixed) (G1 Evacuation Pause) 224M->202M(527M) 9.871ms
[2025-11-05T15:20:09.674+0000][gc,cpu        ] GC(71) User=0.01s Sys=0.00s Real=0.01s
[2025-11-05T15:21:59.708+0000][gc,start      ] GC(72) Pause Young (Mixed) (G1 Evacuation Pause)
[2025-11-05T15:21:59.708+0000][gc,task       ] GC(72) Using 2 workers of 2 for evacuation
[2025-11-05T15:21:59.716+0000][gc,phases     ] GC(72)   Pre Evacuate Collection Set: 0.0ms
[2025-11-05T15:21:59.716+0000][gc,phases     ] GC(72)   Evacuate Collection Set: 6.7ms
[2025-11-05T15:21:59.716+0000][gc,phases     ] GC(72)   Post Evacuate Collection Set: 0.6ms
[2025-11-05T15:21:59.717+0000][gc,phases     ] GC(72)   Other: 0.9ms
[2025-11-05T15:21:59.717+0000][gc,heap       ] GC(72) Eden regions: 22->0(23)
[2025-11-05T15:21:59.717+0000][gc,heap       ] GC(72) Survivor regions: 4->3(4)
[2025-11-05T15:21:59.717+0000][gc,heap       ] GC(72) Old regions: 52->49
[2025-11-05T15:21:59.717+0000][gc,heap       ] GC(72) Humongous regions: 147->147
[2025-11-05T15:21:59.717+0000][gc,metaspace  ] GC(72) Metaspace: 52400K(55216K)->52400K(55216K) NonClass: 46587K(48048K)->46587K(48048K) Class: 5812K(7168K)->5812K(7168K)
[2025-11-05T15:21:59.717+0000][gc            ] GC(72) Pause Young (Mixed) (G1 Evacuation Pause) 224M->198M(527M) 9.604ms
[2025-11-05T15:21:59.718+0000][gc,cpu        ] GC(72) User=0.02s Sys=0.00s Real=0.01s
[2025-11-05T15:23:53.658+0000][gc,start      ] GC(73) Pause Young (Mixed) (G1 Evacuation Pause)
[2025-11-05T15:23:53.658+0000][gc,task       ] GC(73) Using 2 workers of 2 for evacuation
[2025-11-05T15:23:53.666+0000][gc,phases     ] GC(73)   Pre Evacuate Collection Set: 0.0ms
[2025-11-05T15:23:53.666+0000][gc,phases     ] GC(73)   Evacuate Collection Set: 7.0ms
[2025-11-05T15:23:53.666+0000][gc,phases     ] GC(73)   Post Evacuate Collection Set: 0.6ms
[2025-11-05T15:23:53.666+0000][gc,phases     ] GC(73)   Other: 0.7ms
[2025-11-05T15:23:53.667+0000][gc,heap       ] GC(73) Eden regions: 23->0(24)
[2025-11-05T15:23:53.667+0000][gc,heap       ] GC(73) Survivor regions: 3->2(4)
[2025-11-05T15:23:53.667+0000][gc,heap       ] GC(73) Old regions: 49->49
[2025-11-05T15:23:53.667+0000][gc,heap       ] GC(73) Humongous regions: 147->147
[2025-11-05T15:23:53.667+0000][gc,metaspace  ] GC(73) Metaspace: 52413K(55216K)->52413K(55216K) NonClass: 46600K(48048K)->46600K(48048K) Class: 5812K(7168K)->5812K(7168K)
[2025-11-05T15:23:53.667+0000][gc            ] GC(73) Pause Young (Mixed) (G1 Evacuation Pause) 221M->197M(527M) 9.618ms
[2025-11-05T15:23:53.667+0000][gc,cpu        ] GC(73) User=0.02s Sys=0.00s Real=0.01s
[2025-11-05T15:25:53.845+0000][gc,start      ] GC(74) Pause Young (Concurrent Start) (G1 Evacuation Pause)
[2025-11-05T15:25:53.846+0000][gc,task       ] GC(74) Using 2 workers of 2 for evacuation
[2025-11-05T15:25:53.856+0000][gc,phases     ] GC(74)   Pre Evacuate Collection Set: 0.2ms
[2025-11-05T15:25:53.856+0000][gc,phases     ] GC(74)   Evacuate Collection Set: 8.6ms
[2025-11-05T15:25:53.857+0000][gc,phases     ] GC(74)   Post Evacuate Collection Set: 0.7ms
[2025-11-05T15:25:53.857+0000][gc,phases     ] GC(74)   Other: 1.2ms
[2025-11-05T15:25:53.857+0000][gc,heap       ] GC(74) Eden regions: 24->0(22)
[2025-11-05T15:25:53.857+0000][gc,heap       ] GC(74) Survivor regions: 2->4(4)
[2025-11-05T15:25:53.857+0000][gc,heap       ] GC(74) Old regions: 49->50
[2025-11-05T15:25:53.857+0000][gc,heap       ] GC(74) Humongous regions: 147->147
[2025-11-05T15:25:53.857+0000][gc,metaspace  ] GC(74) Metaspace: 52413K(55216K)->52413K(55216K) NonClass: 46600K(48048K)->46600K(48048K) Class: 5812K(7168K)->5812K(7168K)
[2025-11-05T15:25:53.858+0000][gc            ] GC(74) Pause Young (Concurrent Start) (G1 Evacuation Pause) 221M->200M(527M) 12.441ms
[2025-11-05T15:25:53.858+0000][gc,cpu        ] GC(74) User=0.02s Sys=0.00s Real=0.02s
[2025-11-05T15:25:53.858+0000][gc            ] GC(75) Concurrent Cycle
[2025-11-05T15:25:53.859+0000][gc,marking    ] GC(75) Concurrent Clear Claimed Marks
[2025-11-05T15:25:53.859+0000][gc,marking    ] GC(75) Concurrent Clear Claimed Marks 0.328ms
[2025-11-05T15:25:53.859+0000][gc,marking    ] GC(75) Concurrent Scan Root Regions
[2025-11-05T15:25:53.863+0000][gc,marking    ] GC(75) Concurrent Scan Root Regions 3.985ms
[2025-11-05T15:25:53.863+0000][gc,marking    ] GC(75) Concurrent Mark (8684.255s)
[2025-11-05T15:25:53.863+0000][gc,marking    ] GC(75) Concurrent Mark From Roots
[2025-11-05T15:25:53.864+0000][gc,task       ] GC(75) Using 1 workers of 1 for marking
[2025-11-05T15:25:53.899+0000][gc,marking    ] GC(75) Concurrent Mark From Roots 35.159ms
[2025-11-05T15:25:53.901+0000][gc,marking    ] GC(75) Concurrent Preclean
[2025-11-05T15:25:53.901+0000][gc,marking    ] GC(75) Concurrent Preclean 0.479ms
[2025-11-05T15:25:53.902+0000][gc,marking    ] GC(75) Concurrent Mark (8684.255s, 8684.293s) 38.268ms
[2025-11-05T15:25:53.902+0000][gc,start      ] GC(75) Pause Remark
[2025-11-05T15:25:53.915+0000][gc,stringtable] GC(75) Cleaned string and symbol table, strings: 16626 processed, 0 removed, symbols: 123552 processed, 0 removed
[2025-11-05T15:25:53.916+0000][gc            ] GC(75) Pause Remark 200M->200M(527M) 13.627ms
[2025-11-05T15:25:53.916+0000][gc,cpu        ] GC(75) User=0.02s Sys=0.00s Real=0.02s
[2025-11-05T15:25:53.916+0000][gc,marking    ] GC(75) Concurrent Rebuild Remembered Sets
[2025-11-05T15:25:53.933+0000][gc,marking    ] GC(75) Concurrent Rebuild Remembered Sets 16.960ms
[2025-11-05T15:25:53.937+0000][gc,start      ] GC(75) Pause Cleanup
[2025-11-05T15:25:53.938+0000][gc            ] GC(75) Pause Cleanup 200M->200M(527M) 0.420ms
[2025-11-05T15:25:53.938+0000][gc,cpu        ] GC(75) User=0.00s Sys=0.00s Real=0.00s
[2025-11-05T15:25:53.938+0000][gc,marking    ] GC(75) Concurrent Cleanup for Next Mark
[2025-11-05T15:25:53.939+0000][gc,marking    ] GC(75) Concurrent Cleanup for Next Mark 0.628ms
[2025-11-05T15:25:53.939+0000][gc            ] GC(75) Concurrent Cycle 80.609ms
[2025-11-05T15:27:42.569+0000][gc,start      ] GC(76) Pause Young (Prepare Mixed) (G1 Evacuation Pause)
[2025-11-05T15:27:42.569+0000][gc,task       ] GC(76) Using 2 workers of 2 for evacuation
[2025-11-05T15:27:42.579+0000][gc,phases     ] GC(76)   Pre Evacuate Collection Set: 0.0ms
[2025-11-05T15:27:42.579+0000][gc,phases     ] GC(76)   Evacuate Collection Set: 8.5ms
[2025-11-05T15:27:42.579+0000][gc,phases     ] GC(76)   Post Evacuate Collection Set: 0.6ms
[2025-11-05T15:27:42.579+0000][gc,phases     ] GC(76)   Other: 0.6ms
[2025-11-05T15:27:42.579+0000][gc,heap       ] GC(76) Eden regions: 22->0(23)
[2025-11-05T15:27:42.580+0000][gc,heap       ] GC(76) Survivor regions: 4->3(4)
[2025-11-05T15:27:42.580+0000][gc,heap       ] GC(76) Old regions: 50->52
[2025-11-05T15:27:42.580+0000][gc,heap       ] GC(76) Humongous regions: 147->147
[2025-11-05T15:27:42.580+0000][gc,metaspace  ] GC(76) Metaspace: 52414K(55216K)->52414K(55216K) NonClass: 46601K(48048K)->46601K(48048K) Class: 5813K(7168K)->5813K(7168K)
[2025-11-05T15:27:42.580+0000][gc            ] GC(76) Pause Young (Prepare Mixed) (G1 Evacuation Pause) 222M->201M(527M) 11.400ms
[2025-11-05T15:27:42.580+0000][gc,cpu        ] GC(76) User=0.02s Sys=0.00s Real=0.01s
[2025-11-05T15:29:37.455+0000][gc,start      ] GC(77) Pause Young (Mixed) (G1 Evacuation Pause)
[2025-11-05T15:29:37.455+0000][gc,task       ] GC(77) Using 2 workers of 2 for evacuation
[2025-11-05T15:29:37.462+0000][gc,phases     ] GC(77)   Pre Evacuate Collection Set: 0.0ms
[2025-11-05T15:29:37.463+0000][gc,phases     ] GC(77)   Evacuate Collection Set: 6.4ms
[2025-11-05T15:29:37.463+0000][gc,phases     ] GC(77)   Post Evacuate Collection Set: 0.7ms
[2025-11-05T15:29:37.463+0000][gc,phases     ] GC(77)   Other: 0.6ms
[2025-11-05T15:29:37.463+0000][gc,heap       ] GC(77) Eden regions: 23->0(24)
[2025-11-05T15:29:37.463+0000][gc,heap       ] GC(77) Survivor regions: 3->2(4)
[2025-11-05T15:29:37.464+0000][gc,heap       ] GC(77) Old regions: 52->49
[2025-11-05T15:29:37.464+0000][gc,heap       ] GC(77) Humongous regions: 147->147
[2025-11-05T15:29:37.464+0000][gc,metaspace  ] GC(77) Metaspace: 52414K(55216K)->52414K(55216K) NonClass: 46601K(48048K)->46601K(48048K) Class: 5813K(7168K)->5813K(7168K)
[2025-11-05T15:29:37.464+0000][gc            ] GC(77) Pause Young (Mixed) (G1 Evacuation Pause) 224M->196M(527M) 9.402ms
[2025-11-05T15:29:37.464+0000][gc,cpu        ] GC(77) User=0.01s Sys=0.00s Real=0.01s
[2025-11-05T15:31:37.665+0000][gc,start      ] GC(78) Pause Young (Concurrent Start) (G1 Evacuation Pause)
[2025-11-05T15:31:37.665+0000][gc,task       ] GC(78) Using 2 workers of 2 for evacuation
[2025-11-05T15:31:37.673+0000][gc,phases     ] GC(78)   Pre Evacuate Collection Set: 0.1ms
[2025-11-05T15:31:37.673+0000][gc,phases     ] GC(78)   Evacuate Collection Set: 7.4ms
[2025-11-05T15:31:37.674+0000][gc,phases     ] GC(78)   Post Evacuate Collection Set: 0.5ms
[2025-11-05T15:31:37.674+0000][gc,phases     ] GC(78)   Other: 0.4ms
[2025-11-05T15:31:37.674+0000][gc,heap       ] GC(78) Eden regions: 24->0(22)
[2025-11-05T15:31:37.674+0000][gc,heap       ] GC(78) Survivor regions: 2->4(4)
[2025-11-05T15:31:37.674+0000][gc,heap       ] GC(78) Old regions: 49->49
[2025-11-05T15:31:37.674+0000][gc,heap       ] GC(78) Humongous regions: 147->147
[2025-11-05T15:31:37.674+0000][gc,metaspace  ] GC(78) Metaspace: 52427K(55216K)->52427K(55216K) NonClass: 46614K(48048K)->46614K(48048K) Class: 5813K(7168K)->5813K(7168K)
[2025-11-05T15:31:37.675+0000][gc            ] GC(78) Pause Young (Concurrent Start) (G1 Evacuation Pause) 220M->199M(527M) 9.925ms
[2025-11-05T15:31:37.675+0000][gc,cpu        ] GC(78) User=0.01s Sys=0.00s Real=0.01s
[2025-11-05T15:31:37.675+0000][gc            ] GC(79) Concurrent Cycle
[2025-11-05T15:31:37.675+0000][gc,marking    ] GC(79) Concurrent Clear Claimed Marks
[2025-11-05T15:31:37.675+0000][gc,marking    ] GC(79) Concurrent Clear Claimed Marks 0.267ms
[2025-11-05T15:31:37.676+0000][gc,marking    ] GC(79) Concurrent Scan Root Regions
[2025-11-05T15:31:37.679+0000][gc,marking    ] GC(79) Concurrent Scan Root Regions 3.300ms
[2025-11-05T15:31:37.679+0000][gc,marking    ] GC(79) Concurrent Mark (9028.069s)
[2025-11-05T15:31:37.679+0000][gc,marking    ] GC(79) Concurrent Mark From Roots
[2025-11-05T15:31:37.679+0000][gc,task       ] GC(79) Using 1 workers of 1 for marking
[2025-11-05T15:31:37.706+0000][gc,marking    ] GC(79) Concurrent Mark From Roots 27.359ms
[2025-11-05T15:31:37.707+0000][gc,marking    ] GC(79) Concurrent Preclean
[2025-11-05T15:31:37.707+0000][gc,marking    ] GC(79) Concurrent Preclean 0.283ms
[2025-11-05T15:31:37.707+0000][gc,marking    ] GC(79) Concurrent Mark (9028.069s, 9028.097s) 28.127ms
[2025-11-05T15:31:37.707+0000][gc,start      ] GC(79) Pause Remark
[2025-11-05T15:31:37.715+0000][gc,stringtable] GC(79) Cleaned string and symbol table, strings: 16664 processed, 0 removed, symbols: 123552 processed, 0 removed
[2025-11-05T15:31:37.716+0000][gc            ] GC(79) Pause Remark 200M->200M(527M) 8.276ms
[2025-11-05T15:31:37.716+0000][gc,cpu        ] GC(79) User=0.01s Sys=0.00s Real=0.00s
[2025-11-05T15:31:37.716+0000][gc,marking    ] GC(79) Concurrent Rebuild Remembered Sets
[2025-11-05T15:31:37.732+0000][gc,marking    ] GC(79) Concurrent Rebuild Remembered Sets 15.972ms
[2025-11-05T15:31:37.733+0000][gc,start      ] GC(79) Pause Cleanup
[2025-11-05T15:31:37.733+0000][gc            ] GC(79) Pause Cleanup 200M->200M(527M) 0.387ms
[2025-11-05T15:31:37.733+0000][gc,cpu        ] GC(79) User=0.00s Sys=0.00s Real=0.00s
[2025-11-05T15:31:37.734+0000][gc,marking    ] GC(79) Concurrent Cleanup for Next Mark
[2025-11-05T15:31:37.734+0000][gc,marking    ] GC(79) Concurrent Cleanup for Next Mark 0.630ms
[2025-11-05T15:31:37.734+0000][gc            ] GC(79) Concurrent Cycle 59.316ms
[2025-11-05T15:33:27.959+0000][gc,start      ] GC(80) Pause Young (Prepare Mixed) (G1 Evacuation Pause)
[2025-11-05T15:33:27.960+0000][gc,task       ] GC(80) Using 2 workers of 2 for evacuation
[2025-11-05T15:33:27.969+0000][gc,phases     ] GC(80)   Pre Evacuate Collection Set: 0.0ms
[2025-11-05T15:33:27.969+0000][gc,phases     ] GC(80)   Evacuate Collection Set: 8.3ms
[2025-11-05T15:33:27.969+0000][gc,phases     ] GC(80)   Post Evacuate Collection Set: 0.6ms
[2025-11-05T15:33:27.969+0000][gc,phases     ] GC(80)   Other: 1.3ms
[2025-11-05T15:33:27.970+0000][gc,heap       ] GC(80) Eden regions: 22->0(23)
[2025-11-05T15:33:27.970+0000][gc,heap       ] GC(80) Survivor regions: 4->3(4)
[2025-11-05T15:33:27.970+0000][gc,heap       ] GC(80) Old regions: 49->52
[2025-11-05T15:33:27.970+0000][gc,heap       ] GC(80) Humongous regions: 147->147
[2025-11-05T15:33:27.970+0000][gc,metaspace  ] GC(80) Metaspace: 52430K(55216K)->52430K(55216K) NonClass: 46617K(48048K)->46617K(48048K) Class: 5813K(7168K)->5813K(7168K)
[2025-11-05T15:33:27.971+0000][gc            ] GC(80) Pause Young (Prepare Mixed) (G1 Evacuation Pause) 221M->201M(527M) 12.031ms
[2025-11-05T15:33:27.971+0000][gc,cpu        ] GC(80) User=0.02s Sys=0.00s Real=0.01s
[2025-11-05T15:35:22.606+0000][gc,start      ] GC(81) Pause Young (Mixed) (G1 Evacuation Pause)
[2025-11-05T15:35:22.606+0000][gc,task       ] GC(81) Using 2 workers of 2 for evacuation
[2025-11-05T15:35:22.615+0000][gc,phases     ] GC(81)   Pre Evacuate Collection Set: 0.0ms
[2025-11-05T15:35:22.615+0000][gc,phases     ] GC(81)   Evacuate Collection Set: 8.1ms
[2025-11-05T15:35:22.615+0000][gc,phases     ] GC(81)   Post Evacuate Collection Set: 0.7ms
[2025-11-05T15:35:22.616+0000][gc,phases     ] GC(81)   Other: 0.5ms
[2025-11-05T15:35:22.616+0000][gc,heap       ] GC(81) Eden regions: 23->0(25)
[2025-11-05T15:35:22.616+0000][gc,heap       ] GC(81) Survivor regions: 3->2(4)
[2025-11-05T15:35:22.616+0000][gc,heap       ] GC(81) Old regions: 52->49
[2025-11-05T15:35:22.616+0000][gc,heap       ] GC(81) Humongous regions: 147->147
[2025-11-05T15:35:22.616+0000][gc,metaspace  ] GC(81) Metaspace: 52432K(55216K)->52432K(55216K) NonClass: 46619K(48048K)->46619K(48048K) Class: 5813K(7168K)->5813K(7168K)
[2025-11-05T15:35:22.617+0000][gc            ] GC(81) Pause Young (Mixed) (G1 Evacuation Pause) 224M->197M(527M) 10.837ms
[2025-11-05T15:35:22.617+0000][gc,cpu        ] GC(81) User=0.01s Sys=0.00s Real=0.02s
[2025-11-05T15:37:28.464+0000][gc,start      ] GC(82) Pause Young (Concurrent Start) (G1 Evacuation Pause)
[2025-11-05T15:37:28.465+0000][gc,task       ] GC(82) Using 2 workers of 2 for evacuation
[2025-11-05T15:37:28.473+0000][gc,phases     ] GC(82)   Pre Evacuate Collection Set: 0.2ms
[2025-11-05T15:37:28.474+0000][gc,phases     ] GC(82)   Evacuate Collection Set: 7.6ms
[2025-11-05T15:37:28.474+0000][gc,phases     ] GC(82)   Post Evacuate Collection Set: 0.6ms
[2025-11-05T15:37:28.474+0000][gc,phases     ] GC(82)   Other: 0.5ms
[2025-11-05T15:37:28.474+0000][gc,heap       ] GC(82) Eden regions: 25->0(25)
[2025-11-05T15:37:28.474+0000][gc,heap       ] GC(82) Survivor regions: 2->4(4)
[2025-11-05T15:37:28.474+0000][gc,heap       ] GC(82) Old regions: 49->50
[2025-11-05T15:37:28.475+0000][gc,heap       ] GC(82) Humongous regions: 147->147
[2025-11-05T15:37:28.475+0000][gc,metaspace  ] GC(82) Metaspace: 52433K(55216K)->52433K(55216K) NonClass: 46620K(48048K)->46620K(48048K) Class: 5813K(7168K)->5813K(7168K)
[2025-11-05T15:37:28.475+0000][gc            ] GC(82) Pause Young (Concurrent Start) (G1 Evacuation Pause) 222M->200M(527M) 10.538ms
[2025-11-05T15:37:28.475+0000][gc,cpu        ] GC(82) User=0.01s Sys=0.00s Real=0.01s
[2025-11-05T15:37:28.475+0000][gc            ] GC(83) Concurrent Cycle
[2025-11-05T15:37:28.476+0000][gc,marking    ] GC(83) Concurrent Clear Claimed Marks
[2025-11-05T15:37:28.476+0000][gc,marking    ] GC(83) Concurrent Clear Claimed Marks 0.383ms
[2025-11-05T15:37:28.476+0000][gc,marking    ] GC(83) Concurrent Scan Root Regions
[2025-11-05T15:37:28.479+0000][gc,marking    ] GC(83) Concurrent Scan Root Regions 3.064ms
[2025-11-05T15:37:28.479+0000][gc,marking    ] GC(83) Concurrent Mark (9378.879s)
[2025-11-05T15:37:28.480+0000][gc,marking    ] GC(83) Concurrent Mark From Roots
[2025-11-05T15:37:28.480+0000][gc,task       ] GC(83) Using 1 workers of 1 for marking
[2025-11-05T15:37:28.509+0000][gc,marking    ] GC(83) Concurrent Mark From Roots 29.181ms
[2025-11-05T15:37:28.509+0000][gc,marking    ] GC(83) Concurrent Preclean
[2025-11-05T15:37:28.509+0000][gc,marking    ] GC(83) Concurrent Preclean 0.471ms
[2025-11-05T15:37:28.510+0000][gc,marking    ] GC(83) Concurrent Mark (9378.879s, 9378.909s) 30.229ms
[2025-11-05T15:37:28.510+0000][gc,start      ] GC(83) Pause Remark
[2025-11-05T15:37:28.519+0000][gc,stringtable] GC(83) Cleaned string and symbol table, strings: 16673 processed, 0 removed, symbols: 123552 processed, 0 removed
[2025-11-05T15:37:28.520+0000][gc            ] GC(83) Pause Remark 200M->200M(527M) 9.809ms
[2025-11-05T15:37:28.520+0000][gc,cpu        ] GC(83) User=0.01s Sys=0.00s Real=0.01s
[2025-11-05T15:37:28.521+0000][gc,marking    ] GC(83) Concurrent Rebuild Remembered Sets
[2025-11-05T15:37:28.539+0000][gc,marking    ] GC(83) Concurrent Rebuild Remembered Sets 18.127ms
[2025-11-05T15:37:28.539+0000][gc,start      ] GC(83) Pause Cleanup
[2025-11-05T15:37:28.540+0000][gc            ] GC(83) Pause Cleanup 200M->200M(527M) 0.318ms
[2025-11-05T15:37:28.540+0000][gc,cpu        ] GC(83) User=0.00s Sys=0.00s Real=0.00s
[2025-11-05T15:37:28.540+0000][gc,marking    ] GC(83) Concurrent Cleanup for Next Mark
[2025-11-05T15:37:28.541+0000][gc,marking    ] GC(83) Concurrent Cleanup for Next Mark 0.653ms
[2025-11-05T15:37:28.541+0000][gc            ] GC(83) Concurrent Cycle 65.358ms
[2025-11-05T15:39:23.433+0000][gc,start      ] GC(84) Pause Young (Prepare Mixed) (G1 Evacuation Pause)
[2025-11-05T15:39:23.433+0000][gc,task       ] GC(84) Using 2 workers of 2 for evacuation
[2025-11-05T15:39:23.448+0000][gc,phases     ] GC(84)   Pre Evacuate Collection Set: 0.0ms
[2025-11-05T15:39:23.448+0000][gc,phases     ] GC(84)   Evacuate Collection Set: 13.5ms
[2025-11-05T15:39:23.448+0000][gc,phases     ] GC(84)   Post Evacuate Collection Set: 0.9ms
[2025-11-05T15:39:23.449+0000][gc,phases     ] GC(84)   Other: 0.7ms
[2025-11-05T15:39:23.449+0000][gc,heap       ] GC(84) Eden regions: 23->0(23)
[2025-11-05T15:39:23.449+0000][gc,heap       ] GC(84) Survivor regions: 4->3(4)
[2025-11-05T15:39:23.450+0000][gc,heap       ] GC(84) Old regions: 50->52
[2025-11-05T15:39:23.450+0000][gc,heap       ] GC(84) Humongous regions: 147->147
[2025-11-05T15:39:23.450+0000][gc,metaspace  ] GC(84) Metaspace: 52434K(55472K)->52434K(55472K) NonClass: 46621K(48304K)->46621K(48304K) Class: 5813K(7168K)->5813K(7168K)
[2025-11-05T15:39:23.450+0000][gc            ] GC(84) Pause Young (Prepare Mixed) (G1 Evacuation Pause) 223M->202M(527M) 17.452ms
[2025-11-05T15:39:23.452+0000][gc,cpu        ] GC(84) User=0.03s Sys=0.00s Real=0.02s
[2025-11-05T15:41:18.388+0000][gc,start      ] GC(85) Pause Young (Mixed) (G1 Evacuation Pause)
[2025-11-05T15:41:18.389+0000][gc,task       ] GC(85) Using 2 workers of 2 for evacuation
[2025-11-05T15:41:18.398+0000][gc,phases     ] GC(85)   Pre Evacuate Collection Set: 0.0ms
[2025-11-05T15:41:18.398+0000][gc,phases     ] GC(85)   Evacuate Collection Set: 8.1ms
[2025-11-05T15:41:18.398+0000][gc,phases     ] GC(85)   Post Evacuate Collection Set: 0.6ms
[2025-11-05T15:41:18.398+0000][gc,phases     ] GC(85)   Other: 0.7ms
[2025-11-05T15:41:18.398+0000][gc,heap       ] GC(85) Eden regions: 23->0(28)
[2025-11-05T15:41:18.398+0000][gc,heap       ] GC(85) Survivor regions: 3->3(4)
[2025-11-05T15:41:18.398+0000][gc,heap       ] GC(85) Old regions: 52->49
[2025-11-05T15:41:18.398+0000][gc,heap       ] GC(85) Humongous regions: 147->147
[2025-11-05T15:41:18.399+0000][gc,metaspace  ] GC(85) Metaspace: 52436K(55472K)->52436K(55472K) NonClass: 46623K(48304K)->46623K(48304K) Class: 5813K(7168K)->5813K(7168K)
[2025-11-05T15:41:18.399+0000][gc            ] GC(85) Pause Young (Mixed) (G1 Evacuation Pause) 224M->197M(527M) 10.492ms
[2025-11-05T15:41:18.399+0000][gc,cpu        ] GC(85) User=0.02s Sys=0.00s Real=0.01s
[2025-11-05T15:43:40.016+0000][gc,start      ] GC(86) Pause Young (Concurrent Start) (G1 Evacuation Pause)
[2025-11-05T15:43:40.018+0000][gc,task       ] GC(86) Using 2 workers of 2 for evacuation
[2025-11-05T15:43:40.050+0000][gc,mmu        ] GC(86) MMU target violated: 21.0ms (20.0ms/21.0ms)
[2025-11-05T15:43:40.050+0000][gc,phases     ] GC(86)   Pre Evacuate Collection Set: 0.7ms
[2025-11-05T15:43:40.051+0000][gc,phases     ] GC(86)   Evacuate Collection Set: 28.6ms
[2025-11-05T15:43:40.051+0000][gc,phases     ] GC(86)   Post Evacuate Collection Set: 1.3ms
[2025-11-05T15:43:40.052+0000][gc,phases     ] GC(86)   Other: 3.9ms
[2025-11-05T15:43:40.052+0000][gc,heap       ] GC(86) Eden regions: 28->0(23)
[2025-11-05T15:43:40.053+0000][gc,heap       ] GC(86) Survivor regions: 3->3(4)
[2025-11-05T15:43:40.053+0000][gc,heap       ] GC(86) Old regions: 49->50
[2025-11-05T15:43:40.053+0000][gc,heap       ] GC(86) Humongous regions: 147->147
[2025-11-05T15:43:40.054+0000][gc,metaspace  ] GC(86) Metaspace: 52436K(55472K)->52436K(55472K) NonClass: 46623K(48304K)->46623K(48304K) Class: 5813K(7168K)->5813K(7168K)
[2025-11-05T15:43:40.054+0000][gc            ] GC(86) Pause Young (Concurrent Start) (G1 Evacuation Pause) 225M->199M(527M) 38.189ms
[2025-11-05T15:43:40.054+0000][gc,cpu        ] GC(86) User=0.07s Sys=0.00s Real=0.04s
[2025-11-05T15:43:40.055+0000][gc            ] GC(87) Concurrent Cycle
[2025-11-05T15:43:40.056+0000][gc,marking    ] GC(87) Concurrent Clear Claimed Marks
[2025-11-05T15:43:40.056+0000][gc,marking    ] GC(87) Concurrent Clear Claimed Marks 0.775ms
[2025-11-05T15:43:40.057+0000][gc,marking    ] GC(87) Concurrent Scan Root Regions
[2025-11-05T15:43:40.066+0000][gc,marking    ] GC(87) Concurrent Scan Root Regions 9.285ms
[2025-11-05T15:43:40.067+0000][gc,marking    ] GC(87) Concurrent Mark (9750.472s)
[2025-11-05T15:43:40.068+0000][gc,marking    ] GC(87) Concurrent Mark From Roots
[2025-11-05T15:43:40.069+0000][gc,task       ] GC(87) Using 1 workers of 1 for marking
[2025-11-05T15:43:40.159+0000][gc,marking    ] GC(87) Concurrent Mark From Roots 90.472ms
[2025-11-05T15:43:40.159+0000][gc,marking    ] GC(87) Concurrent Preclean
[2025-11-05T15:43:40.160+0000][gc,marking    ] GC(87) Concurrent Preclean 0.507ms
[2025-11-05T15:43:40.160+0000][gc,marking    ] GC(87) Concurrent Mark (9750.472s, 9750.565s) 93.367ms
[2025-11-05T15:43:40.161+0000][gc,start      ] GC(87) Pause Remark
[2025-11-05T15:43:40.181+0000][gc,stringtable] GC(87) Cleaned string and symbol table, strings: 16677 processed, 0 removed, symbols: 123552 processed, 0 removed
[2025-11-05T15:43:40.186+0000][gc,mmu        ] GC(87) MMU target violated: 21.0ms (20.0ms/21.0ms)
[2025-11-05T15:43:40.209+0000][gc            ] GC(87) Pause Remark 199M->199M(527M) 47.285ms
[2025-11-05T15:43:40.227+0000][gc,cpu        ] GC(87) User=0.04s Sys=0.00s Real=0.07s
[2025-11-05T15:43:40.227+0000][gc,marking    ] GC(87) Concurrent Rebuild Remembered Sets
[2025-11-05T15:43:40.282+0000][gc,marking    ] GC(87) Concurrent Rebuild Remembered Sets 54.995ms
[2025-11-05T15:43:40.293+0000][gc,start      ] GC(87) Pause Cleanup
[2025-11-05T15:43:40.293+0000][gc            ] GC(87) Pause Cleanup 199M->199M(527M) 0.429ms
[2025-11-05T15:43:40.296+0000][gc,cpu        ] GC(87) User=0.00s Sys=0.00s Real=0.00s
[2025-11-05T15:43:40.296+0000][gc,marking    ] GC(87) Concurrent Cleanup for Next Mark
[2025-11-05T15:43:40.331+0000][gc,marking    ] GC(87) Concurrent Cleanup for Next Mark 35.318ms
[2025-11-05T15:43:40.331+0000][gc            ] GC(87) Concurrent Cycle 276.610ms
[2025-11-05T15:45:35.480+0000][gc,start      ] GC(88) Pause Young (Prepare Mixed) (G1 Evacuation Pause)
[2025-11-05T15:45:35.480+0000][gc,task       ] GC(88) Using 2 workers of 2 for evacuation
[2025-11-05T15:45:35.491+0000][gc,phases     ] GC(88)   Pre Evacuate Collection Set: 0.0ms
[2025-11-05T15:45:35.491+0000][gc,phases     ] GC(88)   Evacuate Collection Set: 9.6ms
[2025-11-05T15:45:35.491+0000][gc,phases     ] GC(88)   Post Evacuate Collection Set: 0.6ms
[2025-11-05T15:45:35.491+0000][gc,phases     ] GC(88)   Other: 0.7ms
[2025-11-05T15:45:35.491+0000][gc,heap       ] GC(88) Eden regions: 23->0(23)
[2025-11-05T15:45:35.492+0000][gc,heap       ] GC(88) Survivor regions: 3->3(4)
[2025-11-05T15:45:35.492+0000][gc,heap       ] GC(88) Old regions: 50->53
[2025-11-05T15:45:35.492+0000][gc,heap       ] GC(88) Humongous regions: 147->147
[2025-11-05T15:45:35.492+0000][gc,metaspace  ] GC(88) Metaspace: 52436K(55472K)->52436K(55472K) NonClass: 46623K(48304K)->46623K(48304K) Class: 5813K(7168K)->5813K(7168K)
[2025-11-05T15:45:35.492+0000][gc            ] GC(88) Pause Young (Prepare Mixed) (G1 Evacuation Pause) 222M->202M(527M) 12.503ms
[2025-11-05T15:45:35.492+0000][gc,cpu        ] GC(88) User=0.02s Sys=0.00s Real=0.01s
[2025-11-05T15:47:10.136+0000][gc,start      ] GC(89) Pause Young (Mixed) (G1 Evacuation Pause)
[2025-11-05T15:47:10.137+0000][gc,task       ] GC(89) Using 2 workers of 2 for evacuation
[2025-11-05T15:47:10.164+0000][gc,mmu        ] GC(89) MMU target violated: 21.0ms (20.0ms/21.0ms)
[2025-11-05T15:47:10.165+0000][gc,phases     ] GC(89)   Pre Evacuate Collection Set: 0.1ms
[2025-11-05T15:47:10.165+0000][gc,phases     ] GC(89)   Evacuate Collection Set: 24.5ms
[2025-11-05T15:47:10.166+0000][gc,phases     ] GC(89)   Post Evacuate Collection Set: 1.2ms
[2025-11-05T15:47:10.166+0000][gc,phases     ] GC(89)   Other: 2.7ms
[2025-11-05T15:47:10.167+0000][gc,heap       ] GC(89) Eden regions: 23->0(23)
[2025-11-05T15:47:10.167+0000][gc,heap       ] GC(89) Survivor regions: 3->3(4)
[2025-11-05T15:47:10.167+0000][gc,heap       ] GC(89) Old regions: 53->49
[2025-11-05T15:47:10.167+0000][gc,heap       ] GC(89) Humongous regions: 147->147
[2025-11-05T15:47:10.168+0000][gc,metaspace  ] GC(89) Metaspace: 52511K(55472K)->52511K(55472K) NonClass: 46676K(48304K)->46676K(48304K) Class: 5834K(7168K)->5834K(7168K)
[2025-11-05T15:47:10.168+0000][gc            ] GC(89) Pause Young (Mixed) (G1 Evacuation Pause) 225M->198M(527M) 31.544ms
[2025-11-05T15:47:10.168+0000][gc,cpu        ] GC(89) User=0.05s Sys=0.00s Real=0.03s
[2025-11-05T15:47:37.440+0000][gc,start      ] GC(90) Pause Young (Concurrent Start) (G1 Evacuation Pause)
[2025-11-05T15:47:37.440+0000][gc,task       ] GC(90) Using 2 workers of 2 for evacuation
[2025-11-05T15:47:37.453+0000][gc,phases     ] GC(90)   Pre Evacuate Collection Set: 0.2ms
[2025-11-05T15:47:37.453+0000][gc,phases     ] GC(90)   Evacuate Collection Set: 8.3ms
[2025-11-05T15:47:37.454+0000][gc,phases     ] GC(90)   Post Evacuate Collection Set: 0.7ms
[2025-11-05T15:47:37.454+0000][gc,phases     ] GC(90)   Other: 3.8ms
[2025-11-05T15:47:37.454+0000][gc,heap       ] GC(90) Eden regions: 23->0(24)
[2025-11-05T15:47:37.454+0000][gc,heap       ] GC(90) Survivor regions: 3->2(4)
[2025-11-05T15:47:37.454+0000][gc,heap       ] GC(90) Old regions: 49->51
[2025-11-05T15:47:37.454+0000][gc,heap       ] GC(90) Humongous regions: 147->147
[2025-11-05T15:47:37.455+0000][gc,metaspace  ] GC(90) Metaspace: 52888K(55728K)->52888K(55728K) NonClass: 46965K(48560K)->46965K(48560K) Class: 5923K(7168K)->5923K(7168K)
[2025-11-05T15:47:37.455+0000][gc            ] GC(90) Pause Young (Concurrent Start) (G1 Evacuation Pause) 221M->199M(527M) 14.465ms
[2025-11-05T15:47:37.455+0000][gc,cpu        ] GC(90) User=0.02s Sys=0.00s Real=0.01s
[2025-11-05T15:47:37.455+0000][gc            ] GC(91) Concurrent Cycle
[2025-11-05T15:47:37.455+0000][gc,marking    ] GC(91) Concurrent Clear Claimed Marks
[2025-11-05T15:47:37.456+0000][gc,marking    ] GC(91) Concurrent Clear Claimed Marks 0.445ms
[2025-11-05T15:47:37.456+0000][gc,marking    ] GC(91) Concurrent Scan Root Regions
[2025-11-05T15:47:37.458+0000][gc,marking    ] GC(91) Concurrent Scan Root Regions 2.352ms
[2025-11-05T15:47:37.459+0000][gc,marking    ] GC(91) Concurrent Mark (9987.861s)
[2025-11-05T15:47:37.459+0000][gc,marking    ] GC(91) Concurrent Mark From Roots
[2025-11-05T15:47:37.459+0000][gc,task       ] GC(91) Using 1 workers of 1 for marking
[2025-11-05T15:47:37.492+0000][gc,marking    ] GC(91) Concurrent Mark From Roots 33.196ms
[2025-11-05T15:47:37.492+0000][gc,marking    ] GC(91) Concurrent Preclean
[2025-11-05T15:47:37.493+0000][gc,marking    ] GC(91) Concurrent Preclean 0.460ms
[2025-11-05T15:47:37.493+0000][gc,marking    ] GC(91) Concurrent Mark (9987.861s, 9987.895s) 34.388ms
[2025-11-05T15:47:37.494+0000][gc,start      ] GC(91) Pause Remark
[2025-11-05T15:47:37.504+0000][gc,stringtable] GC(91) Cleaned string and symbol table, strings: 16795 processed, 0 removed, symbols: 123823 processed, 0 removed
[2025-11-05T15:47:37.505+0000][gc            ] GC(91) Pause Remark 199M->199M(527M) 11.185ms
[2025-11-05T15:47:37.505+0000][gc,cpu        ] GC(91) User=0.02s Sys=0.00s Real=0.01s
[2025-11-05T15:47:37.505+0000][gc,marking    ] GC(91) Concurrent Rebuild Remembered Sets
[2025-11-05T15:47:37.525+0000][gc,marking    ] GC(91) Concurrent Rebuild Remembered Sets 19.968ms
[2025-11-05T15:47:37.526+0000][gc,start      ] GC(91) Pause Cleanup
[2025-11-05T15:47:37.526+0000][gc            ] GC(91) Pause Cleanup 199M->199M(527M) 0.475ms
[2025-11-05T15:47:37.527+0000][gc,cpu        ] GC(91) User=0.00s Sys=0.00s Real=0.00s
[2025-11-05T15:47:37.527+0000][gc,marking    ] GC(91) Concurrent Cleanup for Next Mark
[2025-11-05T15:47:37.528+0000][gc,marking    ] GC(91) Concurrent Cleanup for Next Mark 0.713ms
[2025-11-05T15:47:37.528+0000][gc            ] GC(91) Concurrent Cycle 72.798ms
[2025-11-05T15:48:17.872+0000][gc,start      ] GC(92) Pause Young (Prepare Mixed) (G1 Evacuation Pause)
[2025-11-05T15:48:17.873+0000][gc,task       ] GC(92) Using 2 workers of 2 for evacuation
[2025-11-05T15:48:17.913+0000][gc,mmu        ] GC(92) MMU target violated: 21.0ms (20.0ms/21.0ms)
[2025-11-05T15:48:17.917+0000][gc,phases     ] GC(92)   Pre Evacuate Collection Set: 0.0ms
[2025-11-05T15:48:17.918+0000][gc,phases     ] GC(92)   Evacuate Collection Set: 36.4ms
[2025-11-05T15:48:17.920+0000][gc,phases     ] GC(92)   Post Evacuate Collection Set: 2.9ms
[2025-11-05T15:48:17.921+0000][gc,phases     ] GC(92)   Other: 5.6ms
[2025-11-05T15:48:17.922+0000][gc,heap       ] GC(92) Eden regions: 24->0(22)
[2025-11-05T15:48:17.923+0000][gc,heap       ] GC(92) Survivor regions: 2->4(4)
[2025-11-05T15:48:17.924+0000][gc,heap       ] GC(92) Old regions: 51->51
[2025-11-05T15:48:17.924+0000][gc,heap       ] GC(92) Humongous regions: 147->147
[2025-11-05T15:48:17.925+0000][gc,metaspace  ] GC(92) Metaspace: 52938K(55728K)->52938K(55728K) NonClass: 47015K(48560K)->47015K(48560K) Class: 5923K(7168K)->5923K(7168K)
[2025-11-05T15:48:17.927+0000][gc            ] GC(92) Pause Young (Prepare Mixed) (G1 Evacuation Pause) 223M->200M(527M) 54.563ms
[2025-11-05T15:48:17.927+0000][gc,cpu        ] GC(92) User=0.07s Sys=0.00s Real=0.05s
[2025-11-05T15:49:00.733+0000][gc,start      ] GC(93) Pause Young (Mixed) (G1 Evacuation Pause)
[2025-11-05T15:49:00.733+0000][gc,task       ] GC(93) Using 2 workers of 2 for evacuation
[2025-11-05T15:49:00.747+0000][gc,phases     ] GC(93)   Pre Evacuate Collection Set: 0.1ms
[2025-11-05T15:49:00.747+0000][gc,phases     ] GC(93)   Evacuate Collection Set: 10.3ms
[2025-11-05T15:49:00.747+0000][gc,phases     ] GC(93)   Post Evacuate Collection Set: 2.7ms
[2025-11-05T15:49:00.747+0000][gc,phases     ] GC(93)   Other: 0.6ms
[2025-11-05T15:49:00.747+0000][gc,heap       ] GC(93) Eden regions: 22->0(22)
[2025-11-05T15:49:00.747+0000][gc,heap       ] GC(93) Survivor regions: 4->4(4)
[2025-11-05T15:49:00.747+0000][gc,heap       ] GC(93) Old regions: 51->47
[2025-11-05T15:49:00.747+0000][gc,heap       ] GC(93) Humongous regions: 147->147
[2025-11-05T15:49:00.748+0000][gc,metaspace  ] GC(93) Metaspace: 53013K(55728K)->53013K(55728K) NonClass: 47090K(48560K)->47090K(48560K) Class: 5923K(7168K)->5923K(7168K)
[2025-11-05T15:49:00.748+0000][gc            ] GC(93) Pause Young (Mixed) (G1 Evacuation Pause) 222M->197M(527M) 14.756ms
[2025-11-05T15:49:00.748+0000][gc,cpu        ] GC(93) User=0.03s Sys=0.00s Real=0.02s
[2025-11-05T15:49:49.765+0000][gc,start      ] GC(94) Pause Young (Concurrent Start) (G1 Evacuation Pause)
[2025-11-05T15:49:49.765+0000][gc,task       ] GC(94) Using 2 workers of 2 for evacuation
[2025-11-05T15:49:49.779+0000][gc,phases     ] GC(94)   Pre Evacuate Collection Set: 0.2ms
[2025-11-05T15:49:49.779+0000][gc,phases     ] GC(94)   Evacuate Collection Set: 12.8ms
[2025-11-05T15:49:49.780+0000][gc,phases     ] GC(94)   Post Evacuate Collection Set: 0.6ms
[2025-11-05T15:49:49.780+0000][gc,phases     ] GC(94)   Other: 0.8ms
[2025-11-05T15:49:49.780+0000][gc,heap       ] GC(94) Eden regions: 22->0(22)
[2025-11-05T15:49:49.780+0000][gc,heap       ] GC(94) Survivor regions: 4->4(4)
[2025-11-05T15:49:49.780+0000][gc,heap       ] GC(94) Old regions: 47->51
[2025-11-05T15:49:49.781+0000][gc,heap       ] GC(94) Humongous regions: 147->147
[2025-11-05T15:49:49.781+0000][gc,metaspace  ] GC(94) Metaspace: 53013K(55728K)->53013K(55728K) NonClass: 47090K(48560K)->47090K(48560K) Class: 5923K(7168K)->5923K(7168K)
[2025-11-05T15:49:49.781+0000][gc            ] GC(94) Pause Young (Concurrent Start) (G1 Evacuation Pause) 219M->201M(527M) 16.191ms
[2025-11-05T15:49:49.781+0000][gc,cpu        ] GC(94) User=0.02s Sys=0.00s Real=0.02s
[2025-11-05T15:49:49.781+0000][gc            ] GC(95) Concurrent Cycle
[2025-11-05T15:49:49.782+0000][gc,marking    ] GC(95) Concurrent Clear Claimed Marks
[2025-11-05T15:49:49.782+0000][gc,marking    ] GC(95) Concurrent Clear Claimed Marks 0.356ms
[2025-11-05T15:49:49.782+0000][gc,marking    ] GC(95) Concurrent Scan Root Regions
[2025-11-05T15:49:49.785+0000][gc,marking    ] GC(95) Concurrent Scan Root Regions 3.107ms
[2025-11-05T15:49:49.786+0000][gc,marking    ] GC(95) Concurrent Mark (10120.186s)
[2025-11-05T15:49:49.786+0000][gc,marking    ] GC(95) Concurrent Mark From Roots
[2025-11-05T15:49:49.786+0000][gc,task       ] GC(95) Using 1 workers of 1 for marking
[2025-11-05T15:49:49.816+0000][gc,marking    ] GC(95) Concurrent Mark From Roots 30.304ms
[2025-11-05T15:49:49.816+0000][gc,marking    ] GC(95) Concurrent Preclean
[2025-11-05T15:49:49.816+0000][gc,marking    ] GC(95) Concurrent Preclean 0.262ms
[2025-11-05T15:49:49.817+0000][gc,marking    ] GC(95) Concurrent Mark (10120.186s, 10120.217s) 31.050ms
[2025-11-05T15:49:49.817+0000][gc,start      ] GC(95) Pause Remark
[2025-11-05T15:49:49.830+0000][gc,stringtable] GC(95) Cleaned string and symbol table, strings: 16831 processed, 4 removed, symbols: 123823 processed, 0 removed
[2025-11-05T15:49:49.831+0000][gc            ] GC(95) Pause Remark 201M->201M(527M) 13.836ms
[2025-11-05T15:49:49.831+0000][gc,cpu        ] GC(95) User=0.03s Sys=0.00s Real=0.02s
[2025-11-05T15:49:49.831+0000][gc,marking    ] GC(95) Concurrent Rebuild Remembered Sets
[2025-11-05T15:49:49.850+0000][gc,marking    ] GC(95) Concurrent Rebuild Remembered Sets 18.430ms
[2025-11-05T15:49:49.850+0000][gc,start      ] GC(95) Pause Cleanup
[2025-11-05T15:49:49.851+0000][gc            ] GC(95) Pause Cleanup 201M->201M(527M) 0.334ms
[2025-11-05T15:49:49.851+0000][gc,cpu        ] GC(95) User=0.01s Sys=0.00s Real=0.00s
[2025-11-05T15:49:49.851+0000][gc,marking    ] GC(95) Concurrent Cleanup for Next Mark
[2025-11-05T15:49:49.852+0000][gc,marking    ] GC(95) Concurrent Cleanup for Next Mark 0.670ms
[2025-11-05T15:49:49.852+0000][gc            ] GC(95) Concurrent Cycle 70.471ms
[2025-11-05T15:50:39.988+0000][gc,start      ] GC(96) Pause Young (Prepare Mixed) (G1 Evacuation Pause)
[2025-11-05T15:50:39.989+0000][gc,task       ] GC(96) Using 2 workers of 2 for evacuation
[2025-11-05T15:50:39.999+0000][gc,phases     ] GC(96)   Pre Evacuate Collection Set: 0.0ms
[2025-11-05T15:50:39.999+0000][gc,phases     ] GC(96)   Evacuate Collection Set: 9.3ms
[2025-11-05T15:50:39.999+0000][gc,phases     ] GC(96)   Post Evacuate Collection Set: 0.6ms
[2025-11-05T15:50:39.999+0000][gc,phases     ] GC(96)   Other: 0.6ms
[2025-11-05T15:50:40.000+0000][gc,heap       ] GC(96) Eden regions: 22->0(22)
[2025-11-05T15:50:40.000+0000][gc,heap       ] GC(96) Survivor regions: 4->4(4)
[2025-11-05T15:50:40.000+0000][gc,heap       ] GC(96) Old regions: 51->53
[2025-11-05T15:50:40.000+0000][gc,heap       ] GC(96) Humongous regions: 147->147
[2025-11-05T15:50:40.000+0000][gc,metaspace  ] GC(96) Metaspace: 52980K(55728K)->52980K(55728K) NonClass: 47069K(48560K)->47069K(48560K) Class: 5910K(7168K)->5910K(7168K)
[2025-11-05T15:50:40.000+0000][gc            ] GC(96) Pause Young (Prepare Mixed) (G1 Evacuation Pause) 223M->202M(527M) 12.158ms
[2025-11-05T15:50:40.001+0000][gc,cpu        ] GC(96) User=0.02s Sys=0.00s Real=0.01s
[2025-11-05T15:51:17.614+0000][gc,start      ] GC(97) Pause Young (Mixed) (G1 Evacuation Pause)
[2025-11-05T15:51:17.614+0000][gc,task       ] GC(97) Using 2 workers of 2 for evacuation
[2025-11-05T15:51:17.626+0000][gc,phases     ] GC(97)   Pre Evacuate Collection Set: 0.0ms
[2025-11-05T15:51:17.626+0000][gc,phases     ] GC(97)   Evacuate Collection Set: 10.8ms
[2025-11-05T15:51:17.626+0000][gc,phases     ] GC(97)   Post Evacuate Collection Set: 0.7ms
[2025-11-05T15:51:17.626+0000][gc,phases     ] GC(97)   Other: 0.8ms
[2025-11-05T15:51:17.627+0000][gc,heap       ] GC(97) Eden regions: 22->0(23)
[2025-11-05T15:51:17.627+0000][gc,heap       ] GC(97) Survivor regions: 4->3(4)
[2025-11-05T15:51:17.627+0000][gc,heap       ] GC(97) Old regions: 53->51
[2025-11-05T15:51:17.627+0000][gc,heap       ] GC(97) Humongous regions: 147->147
[2025-11-05T15:51:17.627+0000][gc,metaspace  ] GC(97) Metaspace: 52990K(55728K)->52990K(55728K) NonClass: 47080K(48560K)->47080K(48560K) Class: 5910K(7168K)->5910K(7168K)
[2025-11-05T15:51:17.627+0000][gc            ] GC(97) Pause Young (Mixed) (G1 Evacuation Pause) 224M->199M(527M) 13.473ms
[2025-11-05T15:51:17.627+0000][gc,cpu        ] GC(97) User=0.02s Sys=0.00s Real=0.01s
[2025-11-05T15:51:56.171+0000][gc,start      ] GC(98) Pause Young (Concurrent Start) (G1 Evacuation Pause)
[2025-11-05T15:51:56.172+0000][gc,task       ] GC(98) Using 2 workers of 2 for evacuation
[2025-11-05T15:51:56.183+0000][gc,phases     ] GC(98)   Pre Evacuate Collection Set: 0.2ms
[2025-11-05T15:51:56.183+0000][gc,phases     ] GC(98)   Evacuate Collection Set: 10.1ms
[2025-11-05T15:51:56.183+0000][gc,phases     ] GC(98)   Post Evacuate Collection Set: 0.6ms
[2025-11-05T15:51:56.183+0000][gc,phases     ] GC(98)   Other: 0.6ms
[2025-11-05T15:51:56.184+0000][gc,heap       ] GC(98) Eden regions: 23->0(26)
[2025-11-05T15:51:56.184+0000][gc,heap       ] GC(98) Survivor regions: 3->3(4)
[2025-11-05T15:51:56.184+0000][gc,heap       ] GC(98) Old regions: 51->53
[2025-11-05T15:51:56.184+0000][gc,heap       ] GC(98) Humongous regions: 147->147
[2025-11-05T15:51:56.184+0000][gc,metaspace  ] GC(98) Metaspace: 52990K(55728K)->52990K(55728K) NonClass: 47080K(48560K)->47080K(48560K) Class: 5910K(7168K)->5910K(7168K)
[2025-11-05T15:51:56.184+0000][gc            ] GC(98) Pause Young (Concurrent Start) (G1 Evacuation Pause) 222M->201M(527M) 13.073ms
[2025-11-05T15:51:56.185+0000][gc,cpu        ] GC(98) User=0.02s Sys=0.00s Real=0.01s
[2025-11-05T15:51:56.185+0000][gc            ] GC(99) Concurrent Cycle
[2025-11-05T15:51:56.185+0000][gc,marking    ] GC(99) Concurrent Clear Claimed Marks
[2025-11-05T15:51:56.185+0000][gc,marking    ] GC(99) Concurrent Clear Claimed Marks 0.387ms
[2025-11-05T15:51:56.186+0000][gc,marking    ] GC(99) Concurrent Scan Root Regions
[2025-11-05T15:51:56.189+0000][gc,marking    ] GC(99) Concurrent Scan Root Regions 2.923ms
[2025-11-05T15:51:56.189+0000][gc,marking    ] GC(99) Concurrent Mark (10246.588s)
[2025-11-05T15:51:56.189+0000][gc,marking    ] GC(99) Concurrent Mark From Roots
[2025-11-05T15:51:56.189+0000][gc,task       ] GC(99) Using 1 workers of 1 for marking
[2025-11-05T15:51:56.222+0000][gc,marking    ] GC(99) Concurrent Mark From Roots 33.071ms
[2025-11-05T15:51:56.222+0000][gc,marking    ] GC(99) Concurrent Preclean
[2025-11-05T15:51:56.222+0000][gc,marking    ] GC(99) Concurrent Preclean 0.290ms
[2025-11-05T15:51:56.223+0000][gc,marking    ] GC(99) Concurrent Mark (10246.588s, 10246.622s) 33.921ms
[2025-11-05T15:51:56.223+0000][gc,start      ] GC(99) Pause Remark
[2025-11-05T15:51:56.233+0000][gc,stringtable] GC(99) Cleaned string and symbol table, strings: 16831 processed, 0 removed, symbols: 123823 processed, 9 removed
[2025-11-05T15:51:56.235+0000][gc            ] GC(99) Pause Remark 201M->201M(527M) 11.539ms
[2025-11-05T15:51:56.235+0000][gc,cpu        ] GC(99) User=0.02s Sys=0.00s Real=0.01s
[2025-11-05T15:51:56.236+0000][gc,marking    ] GC(99) Concurrent Rebuild Remembered Sets
[2025-11-05T15:51:56.256+0000][gc,marking    ] GC(99) Concurrent Rebuild Remembered Sets 20.582ms
[2025-11-05T15:51:56.259+0000][gc,start      ] GC(99) Pause Cleanup
[2025-11-05T15:51:56.260+0000][gc            ] GC(99) Pause Cleanup 201M->201M(527M) 0.489ms
[2025-11-05T15:51:56.260+0000][gc,cpu        ] GC(99) User=0.00s Sys=0.00s Real=0.00s
[2025-11-05T15:51:56.260+0000][gc,marking    ] GC(99) Concurrent Cleanup for Next Mark
[2025-11-05T15:51:56.264+0000][gc,marking    ] GC(99) Concurrent Cleanup for Next Mark 3.121ms
[2025-11-05T15:51:56.264+0000][gc            ] GC(99) Concurrent Cycle 78.827ms
[2025-11-05T15:52:27.878+0000][gc,start      ] GC(100) Pause Young (Prepare Mixed) (G1 Evacuation Pause)
[2025-11-05T15:52:27.879+0000][gc,task       ] GC(100) Using 2 workers of 2 for evacuation
[2025-11-05T15:52:27.890+0000][gc,phases     ] GC(100)   Pre Evacuate Collection Set: 0.0ms
[2025-11-05T15:52:27.890+0000][gc,phases     ] GC(100)   Evacuate Collection Set: 10.3ms
[2025-11-05T15:52:27.890+0000][gc,phases     ] GC(100)   Post Evacuate Collection Set: 0.6ms
[2025-11-05T15:52:27.890+0000][gc,phases     ] GC(100)   Other: 1.1ms
[2025-11-05T15:52:27.891+0000][gc,heap       ] GC(100) Eden regions: 23->0(22)
[2025-11-05T15:52:27.891+0000][gc,heap       ] GC(100) Survivor regions: 3->4(4)
[2025-11-05T15:52:27.891+0000][gc,heap       ] GC(100) Old regions: 53->54
[2025-11-05T15:52:27.891+0000][gc,heap       ] GC(100) Humongous regions: 147->147
[2025-11-05T15:52:27.891+0000][gc,metaspace  ] GC(100) Metaspace: 53063K(55728K)->53063K(55728K) NonClass: 47140K(48560K)->47140K(48560K) Class: 5922K(7168K)->5922K(7168K)
[2025-11-05T15:52:27.891+0000][gc            ] GC(100) Pause Young (Prepare Mixed) (G1 Evacuation Pause) 224M->204M(527M) 13.226ms
[2025-11-05T15:52:27.891+0000][gc,cpu        ] GC(100) User=0.02s Sys=0.00s Real=0.02s
[2025-11-05T15:52:53.460+0000][gc,start      ] GC(101) Pause Young (Mixed) (G1 Evacuation Pause)
[2025-11-05T15:52:53.461+0000][gc,task       ] GC(101) Using 2 workers of 2 for evacuation
[2025-11-05T15:52:53.478+0000][gc,phases     ] GC(101)   Pre Evacuate Collection Set: 0.0ms
[2025-11-05T15:52:53.479+0000][gc,phases     ] GC(101)   Evacuate Collection Set: 16.5ms
[2025-11-05T15:52:53.479+0000][gc,phases     ] GC(101)   Post Evacuate Collection Set: 0.9ms
[2025-11-05T15:52:53.479+0000][gc,phases     ] GC(101)   Other: 0.7ms
[2025-11-05T15:52:53.479+0000][gc,heap       ] GC(101) Eden regions: 22->0(22)
[2025-11-05T15:52:53.480+0000][gc,heap       ] GC(101) Survivor regions: 4->4(4)
[2025-11-05T15:52:53.480+0000][gc,heap       ] GC(101) Old regions: 54->50
[2025-11-05T15:52:53.480+0000][gc,heap       ] GC(101) Humongous regions: 147->147
[2025-11-05T15:52:53.480+0000][gc,metaspace  ] GC(101) Metaspace: 53063K(55728K)->53063K(55728K) NonClass: 47140K(48560K)->47140K(48560K) Class: 5922K(7168K)->5922K(7168K)
[2025-11-05T15:52:53.481+0000][gc            ] GC(101) Pause Young (Mixed) (G1 Evacuation Pause) 226M->200M(527M) 20.397ms
[2025-11-05T15:52:53.481+0000][gc,cpu        ] GC(101) User=0.04s Sys=0.00s Real=0.02s
[2025-11-05T15:53:18.914+0000][gc,start      ] GC(102) Pause Young (Mixed) (G1 Evacuation Pause)
[2025-11-05T15:53:18.915+0000][gc,task       ] GC(102) Using 2 workers of 2 for evacuation
[2025-11-05T15:53:18.924+0000][gc,phases     ] GC(102)   Pre Evacuate Collection Set: 0.0ms
[2025-11-05T15:53:18.924+0000][gc,phases     ] GC(102)   Evacuate Collection Set: 8.4ms
[2025-11-05T15:53:18.924+0000][gc,phases     ] GC(102)   Post Evacuate Collection Set: 0.6ms
[2025-11-05T15:53:18.924+0000][gc,phases     ] GC(102)   Other: 0.5ms
[2025-11-05T15:53:18.924+0000][gc,heap       ] GC(102) Eden regions: 22->0(32)
[2025-11-05T15:53:18.925+0000][gc,heap       ] GC(102) Survivor regions: 4->3(4)
[2025-11-05T15:53:18.925+0000][gc,heap       ] GC(102) Old regions: 50->51
[2025-11-05T15:53:18.925+0000][gc,heap       ] GC(102) Humongous regions: 147->147
[2025-11-05T15:53:18.925+0000][gc,metaspace  ] GC(102) Metaspace: 53063K(55728K)->53063K(55728K) NonClass: 47140K(48560K)->47140K(48560K) Class: 5922K(7168K)->5922K(7168K)
[2025-11-05T15:53:18.925+0000][gc            ] GC(102) Pause Young (Mixed) (G1 Evacuation Pause) 222M->200M(527M) 10.999ms
[2025-11-05T15:53:18.926+0000][gc,cpu        ] GC(102) User=0.01s Sys=0.00s Real=0.01s
[2025-11-05T15:53:48.781+0000][gc,start      ] GC(103) Pause Young (Concurrent Start) (G1 Evacuation Pause)
[2025-11-05T15:53:48.781+0000][gc,task       ] GC(103) Using 2 workers of 2 for evacuation
[2025-11-05T15:53:48.791+0000][gc,phases     ] GC(103)   Pre Evacuate Collection Set: 0.2ms
[2025-11-05T15:53:48.792+0000][gc,phases     ] GC(103)   Evacuate Collection Set: 8.8ms
[2025-11-05T15:53:48.792+0000][gc,phases     ] GC(103)   Post Evacuate Collection Set: 0.7ms
[2025-11-05T15:53:48.792+0000][gc,phases     ] GC(103)   Other: 0.6ms
[2025-11-05T15:53:48.792+0000][gc,heap       ] GC(103) Eden regions: 25->0(30)
[2025-11-05T15:53:48.792+0000][gc,heap       ] GC(103) Survivor regions: 3->3(4)
[2025-11-05T15:53:48.793+0000][gc,heap       ] GC(103) Old regions: 51->52
[2025-11-05T15:53:48.793+0000][gc,heap       ] GC(103) Humongous regions: 147->147
[2025-11-05T15:53:48.793+0000][gc,metaspace  ] GC(103) Metaspace: 53063K(55728K)->53063K(55728K) NonClass: 47140K(48560K)->47140K(48560K) Class: 5922K(7168K)->5922K(7168K)
[2025-11-05T15:53:48.793+0000][gc            ] GC(103) Pause Young (Concurrent Start) (G1 Evacuation Pause) 225M->201M(527M) 11.712ms
[2025-11-05T15:53:48.793+0000][gc,cpu        ] GC(103) User=0.02s Sys=0.00s Real=0.01s
[2025-11-05T15:53:48.793+0000][gc            ] GC(104) Concurrent Cycle
[2025-11-05T15:53:48.796+0000][gc,marking    ] GC(104) Concurrent Clear Claimed Marks
[2025-11-05T15:53:48.796+0000][gc,marking    ] GC(104) Concurrent Clear Claimed Marks 0.322ms
[2025-11-05T15:53:48.796+0000][gc,marking    ] GC(104) Concurrent Scan Root Regions
[2025-11-05T15:53:48.800+0000][gc,marking    ] GC(104) Concurrent Scan Root Regions 3.582ms
[2025-11-05T15:53:48.800+0000][gc,marking    ] GC(104) Concurrent Mark (10359.157s)
[2025-11-05T15:53:48.800+0000][gc,marking    ] GC(104) Concurrent Mark From Roots
[2025-11-05T15:53:48.800+0000][gc,task       ] GC(104) Using 1 workers of 1 for marking
[2025-11-05T15:53:48.841+0000][gc,marking    ] GC(104) Concurrent Mark From Roots 41.060ms
[2025-11-05T15:53:48.841+0000][gc,marking    ] GC(104) Concurrent Preclean
[2025-11-05T15:53:48.842+0000][gc,marking    ] GC(104) Concurrent Preclean 0.457ms
[2025-11-05T15:53:48.842+0000][gc,marking    ] GC(104) Concurrent Mark (10359.157s, 10359.200s) 42.344ms
[2025-11-05T15:53:48.843+0000][gc,start      ] GC(104) Pause Remark
[2025-11-05T15:53:48.854+0000][gc,stringtable] GC(104) Cleaned string and symbol table, strings: 16840 processed, 0 removed, symbols: 123851 processed, 0 removed
[2025-11-05T15:53:48.855+0000][gc            ] GC(104) Pause Remark 201M->201M(527M) 11.923ms
[2025-11-05T15:53:48.855+0000][gc,cpu        ] GC(104) User=0.02s Sys=0.00s Real=0.01s
[2025-11-05T15:53:48.855+0000][gc,marking    ] GC(104) Concurrent Rebuild Remembered Sets
[2025-11-05T15:53:48.876+0000][gc,marking    ] GC(104) Concurrent Rebuild Remembered Sets 21.120ms
[2025-11-05T15:53:48.877+0000][gc,start      ] GC(104) Pause Cleanup
[2025-11-05T15:53:48.877+0000][gc            ] GC(104) Pause Cleanup 201M->201M(527M) 0.369ms
[2025-11-05T15:53:48.877+0000][gc,cpu        ] GC(104) User=0.00s Sys=0.00s Real=0.00s
[2025-11-05T15:53:48.878+0000][gc,marking    ] GC(104) Concurrent Cleanup for Next Mark
[2025-11-05T15:53:48.878+0000][gc,marking    ] GC(104) Concurrent Cleanup for Next Mark 0.582ms
[2025-11-05T15:53:48.878+0000][gc            ] GC(104) Concurrent Cycle 84.949ms
[2025-11-05T15:54:21.244+0000][gc,start      ] GC(105) Pause Young (Prepare Mixed) (G1 Evacuation Pause)
[2025-11-05T15:54:21.244+0000][gc,task       ] GC(105) Using 2 workers of 2 for evacuation
[2025-11-05T15:54:21.253+0000][gc,phases     ] GC(105)   Pre Evacuate Collection Set: 0.0ms
[2025-11-05T15:54:21.253+0000][gc,phases     ] GC(105)   Evacuate Collection Set: 7.8ms
[2025-11-05T15:54:21.253+0000][gc,phases     ] GC(105)   Post Evacuate Collection Set: 0.6ms
[2025-11-05T15:54:21.254+0000][gc,phases     ] GC(105)   Other: 0.6ms
[2025-11-05T15:54:21.254+0000][gc,heap       ] GC(105) Eden regions: 27->0(24)
[2025-11-05T15:54:21.254+0000][gc,heap       ] GC(105) Survivor regions: 3->2(4)
[2025-11-05T15:54:21.254+0000][gc,heap       ] GC(105) Old regions: 52->53
[2025-11-05T15:54:21.254+0000][gc,heap       ] GC(105) Humongous regions: 147->147
[2025-11-05T15:54:21.254+0000][gc,metaspace  ] GC(105) Metaspace: 53063K(55728K)->53063K(55728K) NonClass: 47140K(48560K)->47140K(48560K) Class: 5922K(7168K)->5922K(7168K)
[2025-11-05T15:54:21.255+0000][gc            ] GC(105) Pause Young (Prepare Mixed) (G1 Evacuation Pause) 228M->201M(527M) 10.509ms
[2025-11-05T15:54:21.255+0000][gc,cpu        ] GC(105) User=0.02s Sys=0.00s Real=0.01s
[2025-11-05T15:54:49.964+0000][gc,start      ] GC(106) Pause Young (Mixed) (G1 Evacuation Pause)
[2025-11-05T15:54:49.964+0000][gc,task       ] GC(106) Using 2 workers of 2 for evacuation
[2025-11-05T15:54:49.984+0000][gc,phases     ] GC(106)   Pre Evacuate Collection Set: 0.0ms
[2025-11-05T15:54:49.984+0000][gc,phases     ] GC(106)   Evacuate Collection Set: 17.8ms
[2025-11-05T15:54:49.985+0000][gc,phases     ] GC(106)   Post Evacuate Collection Set: 1.1ms
[2025-11-05T15:54:49.986+0000][gc,phases     ] GC(106)   Other: 0.9ms
[2025-11-05T15:54:49.987+0000][gc,heap       ] GC(106) Eden regions: 24->0(31)
[2025-11-05T15:54:49.988+0000][gc,heap       ] GC(106) Survivor regions: 2->3(4)
[2025-11-05T15:54:49.989+0000][gc,heap       ] GC(106) Old regions: 53->48
[2025-11-05T15:54:49.990+0000][gc,heap       ] GC(106) Humongous regions: 147->147
[2025-11-05T15:54:49.990+0000][gc,metaspace  ] GC(106) Metaspace: 53063K(55728K)->53063K(55728K) NonClass: 47140K(48560K)->47140K(48560K) Class: 5922K(7168K)->5922K(7168K)
[2025-11-05T15:54:49.991+0000][gc            ] GC(106) Pause Young (Mixed) (G1 Evacuation Pause) 225M->196M(527M) 26.773ms
[2025-11-05T15:54:49.991+0000][gc,cpu        ] GC(106) User=0.04s Sys=0.00s Real=0.02s
[2025-11-05T15:55:23.667+0000][gc,start      ] GC(107) Pause Young (Concurrent Start) (G1 Evacuation Pause)
[2025-11-05T15:55:23.668+0000][gc,task       ] GC(107) Using 2 workers of 2 for evacuation
[2025-11-05T15:55:23.678+0000][gc,phases     ] GC(107)   Pre Evacuate Collection Set: 0.2ms
[2025-11-05T15:55:23.678+0000][gc,phases     ] GC(107)   Evacuate Collection Set: 8.9ms
[2025-11-05T15:55:23.678+0000][gc,phases     ] GC(107)   Post Evacuate Collection Set: 0.6ms
[2025-11-05T15:55:23.678+0000][gc,phases     ] GC(107)   Other: 0.5ms
[2025-11-05T15:55:23.678+0000][gc,heap       ] GC(107) Eden regions: 28->0(32)
[2025-11-05T15:55:23.679+0000][gc,heap       ] GC(107) Survivor regions: 3->3(4)
[2025-11-05T15:55:23.679+0000][gc,heap       ] GC(107) Old regions: 48->49
[2025-11-05T15:55:23.679+0000][gc,heap       ] GC(107) Humongous regions: 147->147
[2025-11-05T15:55:23.679+0000][gc,metaspace  ] GC(107) Metaspace: 53063K(55728K)->53063K(55728K) NonClass: 47140K(48560K)->47140K(48560K) Class: 5922K(7168K)->5922K(7168K)
[2025-11-05T15:55:23.679+0000][gc            ] GC(107) Pause Young (Concurrent Start) (G1 Evacuation Pause) 224M->198M(527M) 11.915ms
[2025-11-05T15:55:23.680+0000][gc,cpu        ] GC(107) User=0.02s Sys=0.00s Real=0.01s
[2025-11-05T15:55:23.680+0000][gc            ] GC(108) Concurrent Cycle
[2025-11-05T15:55:23.680+0000][gc,marking    ] GC(108) Concurrent Clear Claimed Marks
[2025-11-05T15:55:23.680+0000][gc,marking    ] GC(108) Concurrent Clear Claimed Marks 0.384ms
[2025-11-05T15:55:23.680+0000][gc,marking    ] GC(108) Concurrent Scan Root Regions
[2025-11-05T15:55:23.684+0000][gc,marking    ] GC(108) Concurrent Scan Root Regions 3.482ms
[2025-11-05T15:55:23.684+0000][gc,marking    ] GC(108) Concurrent Mark (10454.040s)
[2025-11-05T15:55:23.684+0000][gc,marking    ] GC(108) Concurrent Mark From Roots
[2025-11-05T15:55:23.684+0000][gc,task       ] GC(108) Using 1 workers of 1 for marking
[2025-11-05T15:55:23.715+0000][gc,marking    ] GC(108) Concurrent Mark From Roots 31.137ms
[2025-11-05T15:55:23.716+0000][gc,marking    ] GC(108) Concurrent Preclean
[2025-11-05T15:55:23.716+0000][gc,marking    ] GC(108) Concurrent Preclean 0.273ms
[2025-11-05T15:55:23.716+0000][gc,marking    ] GC(108) Concurrent Mark (10454.040s, 10454.072s) 31.962ms
[2025-11-05T15:55:23.716+0000][gc,start      ] GC(108) Pause Remark
[2025-11-05T15:55:23.725+0000][gc,stringtable] GC(108) Cleaned string and symbol table, strings: 16840 processed, 0 removed, symbols: 123851 processed, 0 removed
[2025-11-05T15:55:23.725+0000][gc            ] GC(108) Pause Remark 198M->198M(527M) 8.997ms
[2025-11-05T15:55:23.726+0000][gc,cpu        ] GC(108) User=0.01s Sys=0.00s Real=0.01s
[2025-11-05T15:55:23.726+0000][gc,marking    ] GC(108) Concurrent Rebuild Remembered Sets
[2025-11-05T15:55:23.745+0000][gc,marking    ] GC(108) Concurrent Rebuild Remembered Sets 18.870ms
[2025-11-05T15:55:23.745+0000][gc,start      ] GC(108) Pause Cleanup
[2025-11-05T15:55:23.745+0000][gc            ] GC(108) Pause Cleanup 198M->198M(527M) 0.353ms
[2025-11-05T15:55:23.746+0000][gc,cpu        ] GC(108) User=0.00s Sys=0.00s Real=0.00s
[2025-11-05T15:55:23.746+0000][gc,marking    ] GC(108) Concurrent Cleanup for Next Mark
[2025-11-05T15:55:23.747+0000][gc,marking    ] GC(108) Concurrent Cleanup for Next Mark 0.665ms
[2025-11-05T15:55:23.747+0000][gc            ] GC(108) Concurrent Cycle 66.907ms
[2025-11-05T15:56:00.226+0000][gc,start      ] GC(109) Pause Young (Prepare Mixed) (G1 Evacuation Pause)
[2025-11-05T15:56:00.226+0000][gc,task       ] GC(109) Using 2 workers of 2 for evacuation
[2025-11-05T15:56:00.240+0000][gc,phases     ] GC(109)   Pre Evacuate Collection Set: 0.0ms
[2025-11-05T15:56:00.241+0000][gc,phases     ] GC(109)   Evacuate Collection Set: 13.0ms
[2025-11-05T15:56:00.241+0000][gc,phases     ] GC(109)   Post Evacuate Collection Set: 0.6ms
[2025-11-05T15:56:00.241+0000][gc,phases     ] GC(109)   Other: 0.9ms
[2025-11-05T15:56:00.241+0000][gc,heap       ] GC(109) Eden regions: 30->0(22)
[2025-11-05T15:56:00.241+0000][gc,heap       ] GC(109) Survivor regions: 3->4(5)
[2025-11-05T15:56:00.242+0000][gc,heap       ] GC(109) Old regions: 49->50
[2025-11-05T15:56:00.242+0000][gc,heap       ] GC(109) Humongous regions: 147->147
[2025-11-05T15:56:00.242+0000][gc,metaspace  ] GC(109) Metaspace: 53063K(55728K)->53063K(55728K) NonClass: 47140K(48560K)->47140K(48560K) Class: 5922K(7168K)->5922K(7168K)
[2025-11-05T15:56:00.242+0000][gc            ] GC(109) Pause Young (Prepare Mixed) (G1 Evacuation Pause) 228M->200M(527M) 16.206ms
[2025-11-05T15:56:00.242+0000][gc,cpu        ] GC(109) User=0.03s Sys=0.00s Real=0.01s
[2025-11-05T15:56:26.174+0000][gc,start      ] GC(110) Pause Young (Mixed) (G1 Evacuation Pause)
[2025-11-05T15:56:26.175+0000][gc,task       ] GC(110) Using 2 workers of 2 for evacuation
[2025-11-05T15:56:26.188+0000][gc,phases     ] GC(110)   Pre Evacuate Collection Set: 0.0ms
[2025-11-05T15:56:26.189+0000][gc,phases     ] GC(110)   Evacuate Collection Set: 12.5ms
[2025-11-05T15:56:26.189+0000][gc,phases     ] GC(110)   Post Evacuate Collection Set: 0.7ms
[2025-11-05T15:56:26.189+0000][gc,phases     ] GC(110)   Other: 0.7ms
[2025-11-05T15:56:26.189+0000][gc,heap       ] GC(110) Eden regions: 22->0(34)
[2025-11-05T15:56:26.189+0000][gc,heap       ] GC(110) Survivor regions: 4->2(4)
[2025-11-05T15:56:26.189+0000][gc,heap       ] GC(110) Old regions: 50->50
[2025-11-05T15:56:26.190+0000][gc,heap       ] GC(110) Humongous regions: 147->147
[2025-11-05T15:56:26.190+0000][gc,metaspace  ] GC(110) Metaspace: 53063K(55728K)->53063K(55728K) NonClass: 47140K(48560K)->47140K(48560K) Class: 5922K(7168K)->5922K(7168K)
[2025-11-05T15:56:26.190+0000][gc            ] GC(110) Pause Young (Mixed) (G1 Evacuation Pause) 222M->198M(527M) 15.480ms
[2025-11-05T15:56:26.190+0000][gc,cpu        ] GC(110) User=0.03s Sys=0.00s Real=0.01s
[2025-11-05T15:57:02.699+0000][gc,start      ] GC(111) Pause Young (Concurrent Start) (G1 Evacuation Pause)
[2025-11-05T15:57:02.699+0000][gc,task       ] GC(111) Using 2 workers of 2 for evacuation
[2025-11-05T15:57:02.710+0000][gc,phases     ] GC(111)   Pre Evacuate Collection Set: 0.2ms
[2025-11-05T15:57:02.710+0000][gc,phases     ] GC(111)   Evacuate Collection Set: 8.4ms
[2025-11-05T15:57:02.710+0000][gc,phases     ] GC(111)   Post Evacuate Collection Set: 0.5ms
[2025-11-05T15:57:02.710+0000][gc,phases     ] GC(111)   Other: 0.6ms
[2025-11-05T15:57:02.710+0000][gc,heap       ] GC(111) Eden regions: 30->0(34)
[2025-11-05T15:57:02.710+0000][gc,heap       ] GC(111) Survivor regions: 2->4(4)
[2025-11-05T15:57:02.710+0000][gc,heap       ] GC(111) Old regions: 50->50
[2025-11-05T15:57:02.710+0000][gc,heap       ] GC(111) Humongous regions: 147->147
[2025-11-05T15:57:02.711+0000][gc,metaspace  ] GC(111) Metaspace: 53063K(55728K)->53063K(55728K) NonClass: 47140K(48560K)->47140K(48560K) Class: 5922K(7168K)->5922K(7168K)
[2025-11-05T15:57:02.711+0000][gc            ] GC(111) Pause Young (Concurrent Start) (G1 Evacuation Pause) 228M->200M(527M) 10.784ms
[2025-11-05T15:57:02.711+0000][gc,cpu        ] GC(111) User=0.02s Sys=0.00s Real=0.01s
[2025-11-05T15:57:02.711+0000][gc            ] GC(112) Concurrent Cycle
[2025-11-05T15:57:02.711+0000][gc,marking    ] GC(112) Concurrent Clear Claimed Marks
[2025-11-05T15:57:02.712+0000][gc,marking    ] GC(112) Concurrent Clear Claimed Marks 0.446ms
[2025-11-05T15:57:02.712+0000][gc,marking    ] GC(112) Concurrent Scan Root Regions
[2025-11-05T15:57:02.715+0000][gc,marking    ] GC(112) Concurrent Scan Root Regions 3.439ms
[2025-11-05T15:57:02.716+0000][gc,marking    ] GC(112) Concurrent Mark (10553.068s)
[2025-11-05T15:57:02.716+0000][gc,marking    ] GC(112) Concurrent Mark From Roots
[2025-11-05T15:57:02.716+0000][gc,task       ] GC(112) Using 1 workers of 1 for marking
[2025-11-05T15:57:02.746+0000][gc,marking    ] GC(112) Concurrent Mark From Roots 29.834ms
[2025-11-05T15:57:02.746+0000][gc,marking    ] GC(112) Concurrent Preclean
[2025-11-05T15:57:02.746+0000][gc,marking    ] GC(112) Concurrent Preclean 0.291ms
[2025-11-05T15:57:02.747+0000][gc,marking    ] GC(112) Concurrent Mark (10553.068s, 10553.099s) 30.909ms
[2025-11-05T15:57:02.747+0000][gc,start      ] GC(112) Pause Remark
[2025-11-05T15:57:02.756+0000][gc,stringtable] GC(112) Cleaned string and symbol table, strings: 16840 processed, 0 removed, symbols: 123851 processed, 0 removed
[2025-11-05T15:57:02.756+0000][gc            ] GC(112) Pause Remark 200M->200M(527M) 9.014ms
[2025-11-05T15:57:02.756+0000][gc,cpu        ] GC(112) User=0.02s Sys=0.00s Real=0.01s
[2025-11-05T15:57:02.757+0000][gc,marking    ] GC(112) Concurrent Rebuild Remembered Sets
[2025-11-05T15:57:02.776+0000][gc,marking    ] GC(112) Concurrent Rebuild Remembered Sets 19.209ms
[2025-11-05T15:57:02.776+0000][gc,start      ] GC(112) Pause Cleanup
[2025-11-05T15:57:02.777+0000][gc            ] GC(112) Pause Cleanup 200M->200M(527M) 0.367ms
[2025-11-05T15:57:02.777+0000][gc,cpu        ] GC(112) User=0.00s Sys=0.00s Real=0.00s
[2025-11-05T15:57:02.777+0000][gc,marking    ] GC(112) Concurrent Cleanup for Next Mark
[2025-11-05T15:57:02.778+0000][gc,marking    ] GC(112) Concurrent Cleanup for Next Mark 0.826ms
[2025-11-05T15:57:02.778+0000][gc            ] GC(112) Concurrent Cycle 67.061ms
[2025-11-05T15:57:43.312+0000][gc,start      ] GC(113) Pause Young (Prepare Mixed) (G1 Evacuation Pause)
[2025-11-05T15:57:43.312+0000][gc,task       ] GC(113) Using 2 workers of 2 for evacuation
[2025-11-05T15:57:43.323+0000][gc,phases     ] GC(113)   Pre Evacuate Collection Set: 0.0ms
[2025-11-05T15:57:43.324+0000][gc,phases     ] GC(113)   Evacuate Collection Set: 10.1ms
[2025-11-05T15:57:43.324+0000][gc,phases     ] GC(113)   Post Evacuate Collection Set: 0.7ms
[2025-11-05T15:57:43.324+0000][gc,phases     ] GC(113)   Other: 0.9ms
[2025-11-05T15:57:43.324+0000][gc,heap       ] GC(113) Eden regions: 34->0(23)
[2025-11-05T15:57:43.324+0000][gc,heap       ] GC(113) Survivor regions: 4->3(5)
[2025-11-05T15:57:43.324+0000][gc,heap       ] GC(113) Old regions: 50->52
[2025-11-05T15:57:43.324+0000][gc,heap       ] GC(113) Humongous regions: 147->147
[2025-11-05T15:57:43.325+0000][gc,metaspace  ] GC(113) Metaspace: 53063K(55728K)->53063K(55728K) NonClass: 47140K(48560K)->47140K(48560K) Class: 5922K(7168K)->5922K(7168K)
[2025-11-05T15:57:43.325+0000][gc            ] GC(113) Pause Young (Prepare Mixed) (G1 Evacuation Pause) 234M->200M(527M) 13.126ms
[2025-11-05T15:57:43.325+0000][gc,cpu        ] GC(113) User=0.02s Sys=0.00s Real=0.01s
[2025-11-05T15:58:10.542+0000][gc,start      ] GC(114) Pause Young (Mixed) (G1 Evacuation Pause)
[2025-11-05T15:58:10.542+0000][gc,task       ] GC(114) Using 2 workers of 2 for evacuation
[2025-11-05T15:58:10.551+0000][gc,phases     ] GC(114)   Pre Evacuate Collection Set: 0.0ms
[2025-11-05T15:58:10.551+0000][gc,phases     ] GC(114)   Evacuate Collection Set: 7.8ms
[2025-11-05T15:58:10.551+0000][gc,phases     ] GC(114)   Post Evacuate Collection Set: 0.5ms
[2025-11-05T15:58:10.551+0000][gc,phases     ] GC(114)   Other: 0.5ms
[2025-11-05T15:58:10.551+0000][gc,heap       ] GC(114) Eden regions: 23->0(40)
[2025-11-05T15:58:10.551+0000][gc,heap       ] GC(114) Survivor regions: 3->3(4)
[2025-11-05T15:58:10.551+0000][gc,heap       ] GC(114) Old regions: 52->48
[2025-11-05T15:58:10.552+0000][gc,heap       ] GC(114) Humongous regions: 147->147
[2025-11-05T15:58:10.552+0000][gc,metaspace  ] GC(114) Metaspace: 53063K(55728K)->53063K(55728K) NonClass: 47140K(48560K)->47140K(48560K) Class: 5922K(7168K)->5922K(7168K)
[2025-11-05T15:58:10.552+0000][gc            ] GC(114) Pause Young (Mixed) (G1 Evacuation Pause) 223M->197M(527M) 10.076ms
[2025-11-05T15:58:10.552+0000][gc,cpu        ] GC(114) User=0.02s Sys=0.00s Real=0.01s
[2025-11-05T15:58:59.160+0000][gc,start      ] GC(115) Pause Young (Concurrent Start) (G1 Evacuation Pause)
[2025-11-05T15:58:59.160+0000][gc,task       ] GC(115) Using 2 workers of 2 for evacuation
[2025-11-05T15:58:59.172+0000][gc,phases     ] GC(115)   Pre Evacuate Collection Set: 0.2ms
[2025-11-05T15:58:59.172+0000][gc,phases     ] GC(115)   Evacuate Collection Set: 11.0ms
[2025-11-05T15:58:59.173+0000][gc,phases     ] GC(115)   Post Evacuate Collection Set: 0.6ms
[2025-11-05T15:58:59.173+0000][gc,phases     ] GC(115)   Other: 0.9ms
[2025-11-05T15:58:59.173+0000][gc,heap       ] GC(115) Eden regions: 40->0(40)
[2025-11-05T15:58:59.173+0000][gc,heap       ] GC(115) Survivor regions: 3->6(6)
[2025-11-05T15:58:59.173+0000][gc,heap       ] GC(115) Old regions: 48->48
[2025-11-05T15:58:59.173+0000][gc,heap       ] GC(115) Humongous regions: 147->147
[2025-11-05T15:58:59.173+0000][gc,metaspace  ] GC(115) Metaspace: 53063K(55728K)->53063K(55728K) NonClass: 47140K(48560K)->47140K(48560K) Class: 5922K(7168K)->5922K(7168K)
[2025-11-05T15:58:59.173+0000][gc            ] GC(115) Pause Young (Concurrent Start) (G1 Evacuation Pause) 237M->200M(527M) 13.852ms
[2025-11-05T15:58:59.174+0000][gc,cpu        ] GC(115) User=0.03s Sys=0.00s Real=0.01s
[2025-11-05T15:58:59.174+0000][gc            ] GC(116) Concurrent Cycle
[2025-11-05T15:58:59.174+0000][gc,marking    ] GC(116) Concurrent Clear Claimed Marks
[2025-11-05T15:58:59.174+0000][gc,marking    ] GC(116) Concurrent Clear Claimed Marks 0.304ms
[2025-11-05T15:58:59.174+0000][gc,marking    ] GC(116) Concurrent Scan Root Regions
[2025-11-05T15:58:59.179+0000][gc,marking    ] GC(116) Concurrent Scan Root Regions 4.789ms
[2025-11-05T15:58:59.179+0000][gc,marking    ] GC(116) Concurrent Mark (10669.530s)
[2025-11-05T15:58:59.179+0000][gc,marking    ] GC(116) Concurrent Mark From Roots
[2025-11-05T15:58:59.179+0000][gc,task       ] GC(116) Using 1 workers of 1 for marking
[2025-11-05T15:58:59.209+0000][gc,marking    ] GC(116) Concurrent Mark From Roots 29.744ms
[2025-11-05T15:58:59.209+0000][gc,marking    ] GC(116) Concurrent Preclean
[2025-11-05T15:58:59.210+0000][gc,marking    ] GC(116) Concurrent Preclean 0.303ms
[2025-11-05T15:58:59.210+0000][gc,marking    ] GC(116) Concurrent Mark (10669.530s, 10669.560s) 30.576ms
[2025-11-05T15:58:59.210+0000][gc,start      ] GC(116) Pause Remark
[2025-11-05T15:58:59.219+0000][gc,stringtable] GC(116) Cleaned string and symbol table, strings: 16840 processed, 0 removed, symbols: 123851 processed, 0 removed
[2025-11-05T15:58:59.219+0000][gc            ] GC(116) Pause Remark 201M->201M(527M) 9.053ms
[2025-11-05T15:58:59.220+0000][gc,cpu        ] GC(116) User=0.01s Sys=0.00s Real=0.01s
[2025-11-05T15:58:59.220+0000][gc,marking    ] GC(116) Concurrent Rebuild Remembered Sets
[2025-11-05T15:58:59.238+0000][gc,marking    ] GC(116) Concurrent Rebuild Remembered Sets 18.343ms
[2025-11-05T15:58:59.239+0000][gc,start      ] GC(116) Pause Cleanup
[2025-11-05T15:58:59.239+0000][gc            ] GC(116) Pause Cleanup 201M->201M(527M) 0.360ms
[2025-11-05T15:58:59.239+0000][gc,cpu        ] GC(116) User=0.00s Sys=0.00s Real=0.00s
[2025-11-05T15:58:59.239+0000][gc,marking    ] GC(116) Concurrent Cleanup for Next Mark
[2025-11-05T15:58:59.240+0000][gc,marking    ] GC(116) Concurrent Cleanup for Next Mark 0.593ms
[2025-11-05T15:58:59.240+0000][gc            ] GC(116) Concurrent Cycle 66.393ms
[2025-11-05T15:59:47.314+0000][gc,start      ] GC(117) Pause Young (Prepare Mixed) (G1 Evacuation Pause)
[2025-11-05T15:59:47.315+0000][gc,task       ] GC(117) Using 2 workers of 2 for evacuation
[2025-11-05T15:59:47.328+0000][gc,phases     ] GC(117)   Pre Evacuate Collection Set: 0.0ms
[2025-11-05T15:59:47.328+0000][gc,phases     ] GC(117)   Evacuate Collection Set: 12.3ms
[2025-11-05T15:59:47.328+0000][gc,phases     ] GC(117)   Post Evacuate Collection Set: 0.6ms
[2025-11-05T15:59:47.329+0000][gc,phases     ] GC(117)   Other: 0.6ms
[2025-11-05T15:59:47.329+0000][gc,heap       ] GC(117) Eden regions: 40->0(22)
[2025-11-05T15:59:47.329+0000][gc,heap       ] GC(117) Survivor regions: 6->4(6)
[2025-11-05T15:59:47.329+0000][gc,heap       ] GC(117) Old regions: 48->53
[2025-11-05T15:59:47.329+0000][gc,heap       ] GC(117) Humongous regions: 147->147
[2025-11-05T15:59:47.329+0000][gc,metaspace  ] GC(117) Metaspace: 53064K(55728K)->53064K(55728K) NonClass: 47142K(48560K)->47142K(48560K) Class: 5922K(7168K)->5922K(7168K)
[2025-11-05T15:59:47.329+0000][gc            ] GC(117) Pause Young (Prepare Mixed) (G1 Evacuation Pause) 240M->202M(527M) 14.771ms
[2025-11-05T15:59:47.329+0000][gc,cpu        ] GC(117) User=0.02s Sys=0.00s Real=0.02s
[2025-11-05T16:00:13.635+0000][gc,start      ] GC(118) Pause Young (Mixed) (G1 Evacuation Pause)
[2025-11-05T16:00:13.636+0000][gc,task       ] GC(118) Using 2 workers of 2 for evacuation
[2025-11-05T16:00:13.646+0000][gc,phases     ] GC(118)   Pre Evacuate Collection Set: 0.0ms
[2025-11-05T16:00:13.646+0000][gc,phases     ] GC(118)   Evacuate Collection Set: 9.2ms
[2025-11-05T16:00:13.646+0000][gc,phases     ] GC(118)   Post Evacuate Collection Set: 0.5ms
[2025-11-05T16:00:13.646+0000][gc,phases     ] GC(118)   Other: 0.6ms
[2025-11-05T16:00:13.646+0000][gc,heap       ] GC(118) Eden regions: 22->0(44)
[2025-11-05T16:00:13.646+0000][gc,heap       ] GC(118) Survivor regions: 4->3(4)
[2025-11-05T16:00:13.646+0000][gc,heap       ] GC(118) Old regions: 53->52
[2025-11-05T16:00:13.647+0000][gc,heap       ] GC(118) Humongous regions: 147->147
[2025-11-05T16:00:13.647+0000][gc,metaspace  ] GC(118) Metaspace: 53064K(55728K)->53064K(55728K) NonClass: 47142K(48560K)->47142K(48560K) Class: 5922K(7168K)->5922K(7168K)
[2025-11-05T16:00:13.647+0000][gc            ] GC(118) Pause Young (Mixed) (G1 Evacuation Pause) 224M->201M(527M) 11.473ms
[2025-11-05T16:00:13.647+0000][gc,cpu        ] GC(118) User=0.02s Sys=0.00s Real=0.01s
[2025-11-05T16:01:07.001+0000][gc,start      ] GC(119) Pause Young (Concurrent Start) (G1 Evacuation Pause)
[2025-11-05T16:01:07.002+0000][gc,task       ] GC(119) Using 2 workers of 2 for evacuation
[2025-11-05T16:01:07.013+0000][gc,phases     ] GC(119)   Pre Evacuate Collection Set: 0.2ms
[2025-11-05T16:01:07.013+0000][gc,phases     ] GC(119)   Evacuate Collection Set: 10.2ms
[2025-11-05T16:01:07.014+0000][gc,phases     ] GC(119)   Post Evacuate Collection Set: 0.7ms
[2025-11-05T16:01:07.014+0000][gc,phases     ] GC(119)   Other: 0.7ms
[2025-11-05T16:01:07.014+0000][gc,heap       ] GC(119) Eden regions: 44->0(43)
[2025-11-05T16:01:07.015+0000][gc,heap       ] GC(119) Survivor regions: 3->4(6)
[2025-11-05T16:01:07.015+0000][gc,heap       ] GC(119) Old regions: 52->52
[2025-11-05T16:01:07.015+0000][gc,heap       ] GC(119) Humongous regions: 147->147
[2025-11-05T16:01:07.015+0000][gc,metaspace  ] GC(119) Metaspace: 53064K(55728K)->53064K(55728K) NonClass: 47142K(48560K)->47142K(48560K) Class: 5922K(7168K)->5922K(7168K)
[2025-11-05T16:01:07.016+0000][gc            ] GC(119) Pause Young (Concurrent Start) (G1 Evacuation Pause) 245M->202M(527M) 14.151ms
[2025-11-05T16:01:07.016+0000][gc,cpu        ] GC(119) User=0.02s Sys=0.00s Real=0.01s
[2025-11-05T16:01:07.016+0000][gc            ] GC(120) Concurrent Cycle
[2025-11-05T16:01:07.016+0000][gc,marking    ] GC(120) Concurrent Clear Claimed Marks
[2025-11-05T16:01:07.017+0000][gc,marking    ] GC(120) Concurrent Clear Claimed Marks 0.463ms
[2025-11-05T16:01:07.017+0000][gc,marking    ] GC(120) Concurrent Scan Root Regions
[2025-11-05T16:01:07.021+0000][gc,marking    ] GC(120) Concurrent Scan Root Regions 4.219ms
[2025-11-05T16:01:07.022+0000][gc,marking    ] GC(120) Concurrent Mark (10797.369s)
[2025-11-05T16:01:07.022+0000][gc,marking    ] GC(120) Concurrent Mark From Roots
[2025-11-05T16:01:07.022+0000][gc,task       ] GC(120) Using 1 workers of 1 for marking
[2025-11-05T16:01:07.062+0000][gc,marking    ] GC(120) Concurrent Mark From Roots 40.325ms
[2025-11-05T16:01:07.062+0000][gc,marking    ] GC(120) Concurrent Preclean
[2025-11-05T16:01:07.063+0000][gc,marking    ] GC(120) Concurrent Preclean 0.335ms
[2025-11-05T16:01:07.063+0000][gc,marking    ] GC(120) Concurrent Mark (10797.369s, 10797.410s) 41.250ms
[2025-11-05T16:01:07.063+0000][gc,start      ] GC(120) Pause Remark
[2025-11-05T16:01:07.072+0000][gc,stringtable] GC(120) Cleaned string and symbol table, strings: 16840 processed, 0 removed, symbols: 123851 processed, 0 removed
[2025-11-05T16:01:07.073+0000][gc            ] GC(120) Pause Remark 203M->203M(527M) 9.318ms
[2025-11-05T16:01:07.073+0000][gc,cpu        ] GC(120) User=0.02s Sys=0.00s Real=0.01s
[2025-11-05T16:01:07.073+0000][gc,marking    ] GC(120) Concurrent Rebuild Remembered Sets
[2025-11-05T16:01:07.093+0000][gc,marking    ] GC(120) Concurrent Rebuild Remembered Sets 19.387ms
[2025-11-05T16:01:07.093+0000][gc,start      ] GC(120) Pause Cleanup
[2025-11-05T16:01:07.093+0000][gc            ] GC(120) Pause Cleanup 203M->203M(527M) 0.338ms
[2025-11-05T16:01:07.094+0000][gc,cpu        ] GC(120) User=0.00s Sys=0.00s Real=0.00s
[2025-11-05T16:01:07.094+0000][gc,marking    ] GC(120) Concurrent Cleanup for Next Mark
[2025-11-05T16:01:07.094+0000][gc,marking    ] GC(120) Concurrent Cleanup for Next Mark 0.583ms
[2025-11-05T16:01:07.095+0000][gc            ] GC(120) Concurrent Cycle 78.352ms
[2025-11-05T16:01:58.793+0000][gc,start      ] GC(121) Pause Young (Prepare Mixed) (G1 Evacuation Pause)
[2025-11-05T16:01:58.793+0000][gc,task       ] GC(121) Using 2 workers of 2 for evacuation
[2025-11-05T16:01:58.805+0000][gc,phases     ] GC(121)   Pre Evacuate Collection Set: 0.0ms
[2025-11-05T16:01:58.805+0000][gc,phases     ] GC(121)   Evacuate Collection Set: 11.1ms
[2025-11-05T16:01:58.806+0000][gc,phases     ] GC(121)   Post Evacuate Collection Set: 0.6ms
[2025-11-05T16:01:58.806+0000][gc,phases     ] GC(121)   Other: 0.6ms
[2025-11-05T16:01:58.806+0000][gc,heap       ] GC(121) Eden regions: 43->0(21)
[2025-11-05T16:01:58.806+0000][gc,heap       ] GC(121) Survivor regions: 4->5(6)
[2025-11-05T16:01:58.806+0000][gc,heap       ] GC(121) Old regions: 52->53
[2025-11-05T16:01:58.806+0000][gc,heap       ] GC(121) Humongous regions: 147->147
[2025-11-05T16:01:58.806+0000][gc,metaspace  ] GC(121) Metaspace: 53064K(55728K)->53064K(55728K) NonClass: 47142K(48560K)->47142K(48560K) Class: 5922K(7168K)->5922K(7168K)
[2025-11-05T16:01:58.807+0000][gc            ] GC(121) Pause Young (Prepare Mixed) (G1 Evacuation Pause) 245M->204M(527M) 13.574ms
[2025-11-05T16:01:58.807+0000][gc,cpu        ] GC(121) User=0.02s Sys=0.00s Real=0.01s
[2025-11-05T16:02:22.905+0000][gc,start      ] GC(122) Pause Young (Mixed) (G1 Evacuation Pause)
[2025-11-05T16:02:22.906+0000][gc,task       ] GC(122) Using 2 workers of 2 for evacuation
[2025-11-05T16:02:22.918+0000][gc,phases     ] GC(122)   Pre Evacuate Collection Set: 0.0ms
[2025-11-05T16:02:22.918+0000][gc,phases     ] GC(122)   Evacuate Collection Set: 10.9ms
[2025-11-05T16:02:22.918+0000][gc,phases     ] GC(122)   Post Evacuate Collection Set: 0.6ms
[2025-11-05T16:02:22.918+0000][gc,phases     ] GC(122)   Other: 1.0ms
[2025-11-05T16:02:22.918+0000][gc,heap       ] GC(122) Eden regions: 21->0(48)
[2025-11-05T16:02:22.919+0000][gc,heap       ] GC(122) Survivor regions: 5->2(4)
[2025-11-05T16:02:22.919+0000][gc,heap       ] GC(122) Old regions: 53->51
[2025-11-05T16:02:22.919+0000][gc,heap       ] GC(122) Humongous regions: 147->147
[2025-11-05T16:02:22.919+0000][gc,metaspace  ] GC(122) Metaspace: 53064K(55728K)->53064K(55728K) NonClass: 47142K(48560K)->47142K(48560K) Class: 5922K(7168K)->5922K(7168K)
[2025-11-05T16:02:22.919+0000][gc            ] GC(122) Pause Young (Mixed) (G1 Evacuation Pause) 225M->199M(527M) 13.625ms
[2025-11-05T16:02:22.919+0000][gc,cpu        ] GC(122) User=0.02s Sys=0.00s Real=0.01s
[2025-11-05T16:03:18.661+0000][gc,start      ] GC(123) Pause Young (Concurrent Start) (G1 Evacuation Pause)
[2025-11-05T16:03:18.661+0000][gc,task       ] GC(123) Using 2 workers of 2 for evacuation
[2025-11-05T16:03:18.673+0000][gc,phases     ] GC(123)   Pre Evacuate Collection Set: 0.2ms
[2025-11-05T16:03:18.673+0000][gc,phases     ] GC(123)   Evacuate Collection Set: 9.5ms
[2025-11-05T16:03:18.673+0000][gc,phases     ] GC(123)   Post Evacuate Collection Set: 1.2ms
[2025-11-05T16:03:18.673+0000][gc,phases     ] GC(123)   Other: 0.7ms
[2025-11-05T16:03:18.674+0000][gc,heap       ] GC(123) Eden regions: 46->0(47)
[2025-11-05T16:03:18.674+0000][gc,heap       ] GC(123) Survivor regions: 2->4(6)
[2025-11-05T16:03:18.674+0000][gc,heap       ] GC(123) Old regions: 51->51
[2025-11-05T16:03:18.674+0000][gc,heap       ] GC(123) Humongous regions: 147->147
[2025-11-05T16:03:18.674+0000][gc,metaspace  ] GC(123) Metaspace: 53078K(55728K)->53078K(55728K) NonClass: 47156K(48560K)->47156K(48560K) Class: 5922K(7168K)->5922K(7168K)
[2025-11-05T16:03:18.675+0000][gc            ] GC(123) Pause Young (Concurrent Start) (G1 Evacuation Pause) 245M->201M(527M) 13.581ms
[2025-11-05T16:03:18.675+0000][gc,cpu        ] GC(123) User=0.02s Sys=0.00s Real=0.02s
[2025-11-05T16:03:18.675+0000][gc            ] GC(124) Concurrent Cycle
[2025-11-05T16:03:18.675+0000][gc,marking    ] GC(124) Concurrent Clear Claimed Marks
[2025-11-05T16:03:18.676+0000][gc,marking    ] GC(124) Concurrent Clear Claimed Marks 0.404ms
[2025-11-05T16:03:18.676+0000][gc,marking    ] GC(124) Concurrent Scan Root Regions
[2025-11-05T16:03:18.682+0000][gc,marking    ] GC(124) Concurrent Scan Root Regions 5.916ms
[2025-11-05T16:03:18.683+0000][gc,marking    ] GC(124) Concurrent Mark (10929.038s)
[2025-11-05T16:03:18.683+0000][gc,marking    ] GC(124) Concurrent Mark From Roots
[2025-11-05T16:03:18.684+0000][gc,task       ] GC(124) Using 1 workers of 1 for marking
[2025-11-05T16:03:18.721+0000][gc,marking    ] GC(124) Concurrent Mark From Roots 38.158ms
[2025-11-05T16:03:18.721+0000][gc,marking    ] GC(124) Concurrent Preclean
[2025-11-05T16:03:18.722+0000][gc,marking    ] GC(124) Concurrent Preclean 0.425ms
[2025-11-05T16:03:18.722+0000][gc,marking    ] GC(124) Concurrent Mark (10929.038s, 10929.077s) 39.426ms
[2025-11-05T16:03:18.723+0000][gc,start      ] GC(124) Pause Remark
[2025-11-05T16:03:18.732+0000][gc,stringtable] GC(124) Cleaned string and symbol table, strings: 16847 processed, 0 removed, symbols: 123851 processed, 0 removed
[2025-11-05T16:03:18.732+0000][gc            ] GC(124) Pause Remark 202M->202M(527M) 9.746ms
[2025-11-05T16:03:18.732+0000][gc,cpu        ] GC(124) User=0.02s Sys=0.00s Real=0.01s
[2025-11-05T16:03:18.733+0000][gc,marking    ] GC(124) Concurrent Rebuild Remembered Sets
[2025-11-05T16:03:18.752+0000][gc,marking    ] GC(124) Concurrent Rebuild Remembered Sets 19.214ms
[2025-11-05T16:03:18.752+0000][gc,start      ] GC(124) Pause Cleanup
[2025-11-05T16:03:18.753+0000][gc            ] GC(124) Pause Cleanup 202M->202M(527M) 0.390ms
[2025-11-05T16:03:18.753+0000][gc,cpu        ] GC(124) User=0.00s Sys=0.00s Real=0.00s
[2025-11-05T16:03:18.753+0000][gc,marking    ] GC(124) Concurrent Cleanup for Next Mark
[2025-11-05T16:03:18.754+0000][gc,marking    ] GC(124) Concurrent Cleanup for Next Mark 0.623ms
[2025-11-05T16:03:18.754+0000][gc            ] GC(124) Concurrent Cycle 78.982ms
[2025-11-05T16:04:07.144+0000][gc,start      ] GC(125) Pause Young (Prepare Mixed) (G1 Evacuation Pause)
[2025-11-05T16:04:07.144+0000][gc,task       ] GC(125) Using 2 workers of 2 for evacuation
[2025-11-05T16:04:07.174+0000][gc,mmu        ] GC(125) MMU target violated: 21.0ms (20.0ms/21.0ms)
[2025-11-05T16:04:07.175+0000][gc,phases     ] GC(125)   Pre Evacuate Collection Set: 0.0ms
[2025-11-05T16:04:07.175+0000][gc,phases     ] GC(125)   Evacuate Collection Set: 27.8ms
[2025-11-05T16:04:07.176+0000][gc,phases     ] GC(125)   Post Evacuate Collection Set: 1.4ms
[2025-11-05T16:04:07.176+0000][gc,phases     ] GC(125)   Other: 1.6ms
[2025-11-05T16:04:07.176+0000][gc,heap       ] GC(125) Eden regions: 45->0(19)
[2025-11-05T16:04:07.177+0000][gc,heap       ] GC(125) Survivor regions: 4->7(7)
[2025-11-05T16:04:07.177+0000][gc,heap       ] GC(125) Old regions: 51->55
[2025-11-05T16:04:07.177+0000][gc,heap       ] GC(125) Humongous regions: 147->147
[2025-11-05T16:04:07.178+0000][gc,metaspace  ] GC(125) Metaspace: 53094K(55984K)->53094K(55984K) NonClass: 47172K(48816K)->47172K(48816K) Class: 5922K(7168K)->5922K(7168K)
[2025-11-05T16:04:07.178+0000][gc            ] GC(125) Pause Young (Prepare Mixed) (G1 Evacuation Pause) 246M->208M(527M) 33.830ms
[2025-11-05T16:04:07.178+0000][gc,cpu        ] GC(125) User=0.06s Sys=0.00s Real=0.03s
[2025-11-05T16:04:28.982+0000][gc,start      ] GC(126) Pause Young (Mixed) (G1 Evacuation Pause)
[2025-11-05T16:04:28.982+0000][gc,task       ] GC(126) Using 2 workers of 2 for evacuation
[2025-11-05T16:04:29.001+0000][gc,phases     ] GC(126)   Pre Evacuate Collection Set: 0.0ms
[2025-11-05T16:04:29.001+0000][gc,phases     ] GC(126)   Evacuate Collection Set: 17.6ms
[2025-11-05T16:04:29.001+0000][gc,phases     ] GC(126)   Post Evacuate Collection Set: 1.0ms
[2025-11-05T16:04:29.002+0000][gc,phases     ] GC(126)   Other: 0.7ms
[2025-11-05T16:04:29.002+0000][gc,heap       ] GC(126) Eden regions: 19->0(39)
[2025-11-05T16:04:29.002+0000][gc,heap       ] GC(126) Survivor regions: 7->3(4)
[2025-11-05T16:04:29.002+0000][gc,heap       ] GC(126) Old regions: 55->54
[2025-11-05T16:04:29.003+0000][gc,heap       ] GC(126) Humongous regions: 147->147
[2025-11-05T16:04:29.003+0000][gc,metaspace  ] GC(126) Metaspace: 53096K(55984K)->53096K(55984K) NonClass: 47173K(48816K)->47173K(48816K) Class: 5922K(7168K)->5922K(7168K)
[2025-11-05T16:04:29.003+0000][gc            ] GC(126) Pause Young (Mixed) (G1 Evacuation Pause) 227M->204M(527M) 21.747ms
[2025-11-05T16:04:29.004+0000][gc,cpu        ] GC(126) User=0.03s Sys=0.00s Real=0.02s
[2025-11-05T16:05:16.457+0000][gc,start      ] GC(127) Pause Young (Concurrent Start) (G1 Evacuation Pause)
[2025-11-05T16:05:16.457+0000][gc,task       ] GC(127) Using 2 workers of 2 for evacuation
[2025-11-05T16:05:16.468+0000][gc,phases     ] GC(127)   Pre Evacuate Collection Set: 0.2ms
[2025-11-05T16:05:16.469+0000][gc,phases     ] GC(127)   Evacuate Collection Set: 9.0ms
[2025-11-05T16:05:16.469+0000][gc,phases     ] GC(127)   Post Evacuate Collection Set: 0.8ms
[2025-11-05T16:05:16.469+0000][gc,phases     ] GC(127)   Other: 2.0ms
[2025-11-05T16:05:16.469+0000][gc,heap       ] GC(127) Eden regions: 39->0(40)
[2025-11-05T16:05:16.469+0000][gc,heap       ] GC(127) Survivor regions: 3->4(6)
[2025-11-05T16:05:16.470+0000][gc,heap       ] GC(127) Old regions: 54->54
[2025-11-05T16:05:16.470+0000][gc,heap       ] GC(127) Humongous regions: 147->147
[2025-11-05T16:05:16.470+0000][gc,metaspace  ] GC(127) Metaspace: 53096K(55984K)->53096K(55984K) NonClass: 47173K(48816K)->47173K(48816K) Class: 5922K(7168K)->5922K(7168K)
[2025-11-05T16:05:16.471+0000][gc            ] GC(127) Pause Young (Concurrent Start) (G1 Evacuation Pause) 243M->204M(527M) 14.056ms
[2025-11-05T16:05:16.472+0000][gc,cpu        ] GC(127) User=0.02s Sys=0.00s Real=0.02s
[2025-11-05T16:05:16.473+0000][gc            ] GC(128) Concurrent Cycle
[2025-11-05T16:05:16.473+0000][gc,marking    ] GC(128) Concurrent Clear Claimed Marks
[2025-11-05T16:05:16.473+0000][gc,marking    ] GC(128) Concurrent Clear Claimed Marks 0.477ms
[2025-11-05T16:05:16.474+0000][gc,marking    ] GC(128) Concurrent Scan Root Regions
[2025-11-05T16:05:16.478+0000][gc,marking    ] GC(128) Concurrent Scan Root Regions 4.155ms
[2025-11-05T16:05:16.478+0000][gc,marking    ] GC(128) Concurrent Mark (11046.834s)
[2025-11-05T16:05:16.478+0000][gc,marking    ] GC(128) Concurrent Mark From Roots
[2025-11-05T16:05:16.479+0000][gc,task       ] GC(128) Using 1 workers of 1 for marking
[2025-11-05T16:05:16.516+0000][gc,marking    ] GC(128) Concurrent Mark From Roots 37.614ms
[2025-11-05T16:05:16.516+0000][gc,marking    ] GC(128) Concurrent Preclean
[2025-11-05T16:05:16.517+0000][gc,marking    ] GC(128) Concurrent Preclean 0.371ms
[2025-11-05T16:05:16.517+0000][gc,marking    ] GC(128) Concurrent Mark (11046.834s, 11046.873s) 39.051ms
[2025-11-05T16:05:16.518+0000][gc,start      ] GC(128) Pause Remark
[2025-11-05T16:05:16.531+0000][gc,stringtable] GC(128) Cleaned string and symbol table, strings: 16847 processed, 0 removed, symbols: 123851 processed, 0 removed
[2025-11-05T16:05:16.534+0000][gc            ] GC(128) Pause Remark 205M->205M(527M) 15.819ms
[2025-11-05T16:05:16.534+0000][gc,cpu        ] GC(128) User=0.02s Sys=0.00s Real=0.02s
[2025-11-05T16:05:16.534+0000][gc,marking    ] GC(128) Concurrent Rebuild Remembered Sets
[2025-11-05T16:05:16.558+0000][gc,marking    ] GC(128) Concurrent Rebuild Remembered Sets 23.826ms
[2025-11-05T16:05:16.560+0000][gc,start      ] GC(128) Pause Cleanup
[2025-11-05T16:05:16.560+0000][gc            ] GC(128) Pause Cleanup 205M->205M(527M) 0.465ms
[2025-11-05T16:05:16.563+0000][gc,cpu        ] GC(128) User=0.00s Sys=0.00s Real=0.01s
[2025-11-05T16:05:16.564+0000][gc,marking    ] GC(128) Concurrent Cleanup for Next Mark
[2025-11-05T16:05:16.564+0000][gc,marking    ] GC(128) Concurrent Cleanup for Next Mark 0.905ms
[2025-11-05T16:05:16.565+0000][gc            ] GC(128) Concurrent Cycle 91.981ms
[2025-11-05T16:06:04.588+0000][gc,start      ] GC(129) Pause Young (Prepare Mixed) (G1 Evacuation Pause)
[2025-11-05T16:06:04.588+0000][gc,task       ] GC(129) Using 2 workers of 2 for evacuation
[2025-11-05T16:06:04.602+0000][gc,phases     ] GC(129)   Pre Evacuate Collection Set: 0.0ms
[2025-11-05T16:06:04.602+0000][gc,phases     ] GC(129)   Evacuate Collection Set: 12.6ms
[2025-11-05T16:06:04.602+0000][gc,phases     ] GC(129)   Post Evacuate Collection Set: 0.9ms
[2025-11-05T16:06:04.603+0000][gc,phases     ] GC(129)   Other: 0.7ms
[2025-11-05T16:06:04.603+0000][gc,heap       ] GC(129) Eden regions: 40->0(22)
[2025-11-05T16:06:04.603+0000][gc,heap       ] GC(129) Survivor regions: 4->4(6)
[2025-11-05T16:06:04.603+0000][gc,heap       ] GC(129) Old regions: 54->56
[2025-11-05T16:06:04.604+0000][gc,heap       ] GC(129) Humongous regions: 147->147
[2025-11-05T16:06:04.604+0000][gc,metaspace  ] GC(129) Metaspace: 53096K(55984K)->53096K(55984K) NonClass: 47173K(48816K)->47173K(48816K) Class: 5922K(7168K)->5922K(7168K)
[2025-11-05T16:06:04.604+0000][gc            ] GC(129) Pause Young (Prepare Mixed) (G1 Evacuation Pause) 244M->205M(527M) 16.636ms
[2025-11-05T16:06:04.604+0000][gc,cpu        ] GC(129) User=0.02s Sys=0.00s Real=0.02s
[2025-11-05T16:06:31.138+0000][gc,start      ] GC(130) Pause Young (Mixed) (G1 Evacuation Pause)
[2025-11-05T16:06:31.139+0000][gc,task       ] GC(130) Using 2 workers of 2 for evacuation
[2025-11-05T16:06:31.156+0000][gc,phases     ] GC(130)   Pre Evacuate Collection Set: 0.0ms
[2025-11-05T16:06:31.156+0000][gc,phases     ] GC(130)   Evacuate Collection Set: 15.7ms
[2025-11-05T16:06:31.157+0000][gc,phases     ] GC(130)   Post Evacuate Collection Set: 1.0ms
[2025-11-05T16:06:31.157+0000][gc,phases     ] GC(130)   Other: 0.9ms
[2025-11-05T16:06:31.157+0000][gc,heap       ] GC(130) Eden regions: 22->0(41)
[2025-11-05T16:06:31.158+0000][gc,heap       ] GC(130) Survivor regions: 4->4(4)
[2025-11-05T16:06:31.158+0000][gc,heap       ] GC(130) Old regions: 56->48
[2025-11-05T16:06:31.158+0000][gc,heap       ] GC(130) Humongous regions: 147->147
[2025-11-05T16:06:31.159+0000][gc,metaspace  ] GC(130) Metaspace: 53096K(55984K)->53096K(55984K) NonClass: 47173K(48816K)->47173K(48816K) Class: 5922K(7168K)->5922K(7168K)
[2025-11-05T16:06:31.159+0000][gc            ] GC(130) Pause Young (Mixed) (G1 Evacuation Pause) 227M->198M(527M) 20.422ms
[2025-11-05T16:06:31.159+0000][gc,cpu        ] GC(130) User=0.03s Sys=0.00s Real=0.02s
[2025-11-05T16:07:20.405+0000][gc,start      ] GC(131) Pause Young (Concurrent Start) (G1 Evacuation Pause)
[2025-11-05T16:07:20.405+0000][gc,task       ] GC(131) Using 2 workers of 2 for evacuation
[2025-11-05T16:07:20.417+0000][gc,phases     ] GC(131)   Pre Evacuate Collection Set: 0.2ms
[2025-11-05T16:07:20.417+0000][gc,phases     ] GC(131)   Evacuate Collection Set: 10.9ms
[2025-11-05T16:07:20.417+0000][gc,phases     ] GC(131)   Post Evacuate Collection Set: 0.7ms
[2025-11-05T16:07:20.417+0000][gc,phases     ] GC(131)   Other: 0.5ms
[2025-11-05T16:07:20.417+0000][gc,heap       ] GC(131) Eden regions: 41->0(39)
[2025-11-05T16:07:20.418+0000][gc,heap       ] GC(131) Survivor regions: 4->6(6)
[2025-11-05T16:07:20.418+0000][gc,heap       ] GC(131) Old regions: 48->48
[2025-11-05T16:07:20.418+0000][gc,heap       ] GC(131) Humongous regions: 147->147
[2025-11-05T16:07:20.418+0000][gc,metaspace  ] GC(131) Metaspace: 53096K(55984K)->53096K(55984K) NonClass: 47173K(48816K)->47173K(48816K) Class: 5922K(7168K)->5922K(7168K)
[2025-11-05T16:07:20.418+0000][gc            ] GC(131) Pause Young (Concurrent Start) (G1 Evacuation Pause) 239M->201M(527M) 13.745ms
[2025-11-05T16:07:20.418+0000][gc,cpu        ] GC(131) User=0.03s Sys=0.00s Real=0.02s
[2025-11-05T16:07:20.419+0000][gc            ] GC(132) Concurrent Cycle
[2025-11-05T16:07:20.419+0000][gc,marking    ] GC(132) Concurrent Clear Claimed Marks
[2025-11-05T16:07:20.419+0000][gc,marking    ] GC(132) Concurrent Clear Claimed Marks 0.383ms
[2025-11-05T16:07:20.419+0000][gc,marking    ] GC(132) Concurrent Scan Root Regions
[2025-11-05T16:07:20.425+0000][gc,marking    ] GC(132) Concurrent Scan Root Regions 5.162ms
[2025-11-05T16:07:20.425+0000][gc,marking    ] GC(132) Concurrent Mark (11170.778s)
[2025-11-05T16:07:20.425+0000][gc,marking    ] GC(132) Concurrent Mark From Roots
[2025-11-05T16:07:20.425+0000][gc,task       ] GC(132) Using 1 workers of 1 for marking
[2025-11-05T16:07:20.458+0000][gc,marking    ] GC(132) Concurrent Mark From Roots 32.889ms
[2025-11-05T16:07:20.458+0000][gc,marking    ] GC(132) Concurrent Preclean
[2025-11-05T16:07:20.458+0000][gc,marking    ] GC(132) Concurrent Preclean 0.323ms
[2025-11-05T16:07:20.459+0000][gc,marking    ] GC(132) Concurrent Mark (11170.778s, 11170.812s) 33.834ms
[2025-11-05T16:07:20.459+0000][gc,start      ] GC(132) Pause Remark
[2025-11-05T16:07:20.469+0000][gc,stringtable] GC(132) Cleaned string and symbol table, strings: 16847 processed, 1 removed, symbols: 123851 processed, 0 removed
[2025-11-05T16:07:20.470+0000][gc            ] GC(132) Pause Remark 201M->201M(527M) 10.764ms
[2025-11-05T16:07:20.470+0000][gc,cpu        ] GC(132) User=0.02s Sys=0.00s Real=0.01s
[2025-11-05T16:07:20.470+0000][gc,marking    ] GC(132) Concurrent Rebuild Remembered Sets
[2025-11-05T16:07:20.490+0000][gc,marking    ] GC(132) Concurrent Rebuild Remembered Sets 19.684ms
[2025-11-05T16:07:20.491+0000][gc,start      ] GC(132) Pause Cleanup
[2025-11-05T16:07:20.491+0000][gc            ] GC(132) Pause Cleanup 201M->201M(527M) 0.506ms
[2025-11-05T16:07:20.491+0000][gc,cpu        ] GC(132) User=0.00s Sys=0.00s Real=0.00s
[2025-11-05T16:07:20.492+0000][gc,marking    ] GC(132) Concurrent Cleanup for Next Mark
[2025-11-05T16:07:20.492+0000][gc,marking    ] GC(132) Concurrent Cleanup for Next Mark 0.743ms
[2025-11-05T16:07:20.493+0000][gc            ] GC(132) Concurrent Cycle 73.942ms
[2025-11-05T16:08:07.491+0000][gc,start      ] GC(133) Pause Young (Prepare Mixed) (G1 Evacuation Pause)
[2025-11-05T16:08:07.491+0000][gc,task       ] GC(133) Using 2 workers of 2 for evacuation
[2025-11-05T16:08:07.506+0000][gc,phases     ] GC(133)   Pre Evacuate Collection Set: 0.0ms
[2025-11-05T16:08:07.506+0000][gc,phases     ] GC(133)   Evacuate Collection Set: 13.4ms
[2025-11-05T16:08:07.506+0000][gc,phases     ] GC(133)   Post Evacuate Collection Set: 0.7ms
[2025-11-05T16:08:07.506+0000][gc,phases     ] GC(133)   Other: 0.9ms
[2025-11-05T16:08:07.507+0000][gc,heap       ] GC(133) Eden regions: 39->0(22)
[2025-11-05T16:08:07.507+0000][gc,heap       ] GC(133) Survivor regions: 6->4(6)
[2025-11-05T16:08:07.507+0000][gc,heap       ] GC(133) Old regions: 48->53
[2025-11-05T16:08:07.507+0000][gc,heap       ] GC(133) Humongous regions: 147->147
[2025-11-05T16:08:07.507+0000][gc,metaspace  ] GC(133) Metaspace: 53096K(55984K)->53096K(55984K) NonClass: 47173K(48816K)->47173K(48816K) Class: 5922K(7168K)->5922K(7168K)
[2025-11-05T16:08:07.508+0000][gc            ] GC(133) Pause Young (Prepare Mixed) (G1 Evacuation Pause) 240M->202M(527M) 16.831ms
[2025-11-05T16:08:07.508+0000][gc,cpu        ] GC(133) User=0.03s Sys=0.00s Real=0.02s
[2025-11-05T16:08:33.734+0000][gc,start      ] GC(134) Pause Young (Mixed) (G1 Evacuation Pause)
[2025-11-05T16:08:33.734+0000][gc,task       ] GC(134) Using 2 workers of 2 for evacuation
[2025-11-05T16:08:33.742+0000][gc,phases     ] GC(134)   Pre Evacuate Collection Set: 0.0ms
[2025-11-05T16:08:33.742+0000][gc,phases     ] GC(134)   Evacuate Collection Set: 7.3ms
[2025-11-05T16:08:33.743+0000][gc,phases     ] GC(134)   Post Evacuate Collection Set: 0.7ms
[2025-11-05T16:08:33.743+0000][gc,phases     ] GC(134)   Other: 0.5ms
[2025-11-05T16:08:33.743+0000][gc,heap       ] GC(134) Eden regions: 22->0(45)
[2025-11-05T16:08:33.743+0000][gc,heap       ] GC(134) Survivor regions: 4->2(4)
[2025-11-05T16:08:33.743+0000][gc,heap       ] GC(134) Old regions: 53->53
[2025-11-05T16:08:33.744+0000][gc,heap       ] GC(134) Humongous regions: 147->147
[2025-11-05T16:08:33.744+0000][gc,metaspace  ] GC(134) Metaspace: 53096K(55984K)->53096K(55984K) NonClass: 47173K(48816K)->47173K(48816K) Class: 5922K(7168K)->5922K(7168K)
[2025-11-05T16:08:33.744+0000][gc            ] GC(134) Pause Young (Mixed) (G1 Evacuation Pause) 224M->201M(527M) 10.154ms
[2025-11-05T16:08:33.744+0000][gc,cpu        ] GC(134) User=0.02s Sys=0.00s Real=0.01s
[2025-11-05T16:09:25.987+0000][gc,start      ] GC(135) Pause Young (Concurrent Start) (G1 Evacuation Pause)
[2025-11-05T16:09:25.988+0000][gc,task       ] GC(135) Using 2 workers of 2 for evacuation
[2025-11-05T16:09:26.010+0000][gc,mmu        ] GC(135) MMU target violated: 21.0ms (20.0ms/21.0ms)
[2025-11-05T16:09:26.010+0000][gc,phases     ] GC(135)   Pre Evacuate Collection Set: 0.2ms
[2025-11-05T16:09:26.010+0000][gc,phases     ] GC(135)   Evacuate Collection Set: 19.8ms
[2025-11-05T16:09:26.011+0000][gc,phases     ] GC(135)   Post Evacuate Collection Set: 1.1ms
[2025-11-05T16:09:26.011+0000][gc,phases     ] GC(135)   Other: 1.4ms
[2025-11-05T16:09:26.012+0000][gc,heap       ] GC(135) Eden regions: 43->0(36)
[2025-11-05T16:09:26.012+0000][gc,heap       ] GC(135) Survivor regions: 2->4(6)
[2025-11-05T16:09:26.012+0000][gc,heap       ] GC(135) Old regions: 53->53
[2025-11-05T16:09:26.013+0000][gc,heap       ] GC(135) Humongous regions: 147->147
[2025-11-05T16:09:26.013+0000][gc,metaspace  ] GC(135) Metaspace: 53096K(55984K)->53096K(55984K) NonClass: 47173K(48816K)->47173K(48816K) Class: 5922K(7168K)->5922K(7168K)
[2025-11-05T16:09:26.013+0000][gc            ] GC(135) Pause Young (Concurrent Start) (G1 Evacuation Pause) 244M->203M(527M) 25.912ms
[2025-11-05T16:09:26.014+0000][gc,cpu        ] GC(135) User=0.05s Sys=0.00s Real=0.02s
[2025-11-05T16:09:26.014+0000][gc            ] GC(136) Concurrent Cycle
[2025-11-05T16:09:26.015+0000][gc,marking    ] GC(136) Concurrent Clear Claimed Marks
[2025-11-05T16:09:26.015+0000][gc,marking    ] GC(136) Concurrent Clear Claimed Marks 0.974ms
[2025-11-05T16:09:26.016+0000][gc,marking    ] GC(136) Concurrent Scan Root Regions
[2025-11-05T16:09:26.026+0000][gc,marking    ] GC(136) Concurrent Scan Root Regions 10.236ms
[2025-11-05T16:09:26.027+0000][gc,marking    ] GC(136) Concurrent Mark (11296.378s)
[2025-11-05T16:09:26.028+0000][gc,marking    ] GC(136) Concurrent Mark From Roots
[2025-11-05T16:09:26.028+0000][gc,task       ] GC(136) Using 1 workers of 1 for marking
[2025-11-05T16:09:26.111+0000][gc,marking    ] GC(136) Concurrent Mark From Roots 83.131ms
[2025-11-05T16:09:26.111+0000][gc,marking    ] GC(136) Concurrent Preclean
[2025-11-05T16:09:26.112+0000][gc,marking    ] GC(136) Concurrent Preclean 0.559ms
[2025-11-05T16:09:26.112+0000][gc,marking    ] GC(136) Concurrent Mark (11296.378s, 11296.463s) 85.056ms
[2025-11-05T16:09:26.113+0000][gc,start      ] GC(136) Pause Remark
[2025-11-05T16:09:26.135+0000][gc,stringtable] GC(136) Cleaned string and symbol table, strings: 16846 processed, 0 removed, symbols: 123851 processed, 0 removed
[2025-11-05T16:09:26.136+0000][gc,mmu        ] GC(136) MMU target violated: 21.0ms (20.0ms/21.0ms)
[2025-11-05T16:09:26.136+0000][gc            ] GC(136) Pause Remark 203M->203M(527M) 23.608ms
[2025-11-05T16:09:26.137+0000][gc,cpu        ] GC(136) User=0.04s Sys=0.00s Real=0.02s
[2025-11-05T16:09:26.137+0000][gc,marking    ] GC(136) Concurrent Rebuild Remembered Sets
[2025-11-05T16:09:26.185+0000][gc,marking    ] GC(136) Concurrent Rebuild Remembered Sets 47.615ms
[2025-11-05T16:09:26.186+0000][gc,start      ] GC(136) Pause Cleanup
[2025-11-05T16:09:26.186+0000][gc            ] GC(136) Pause Cleanup 203M->203M(527M) 0.869ms
[2025-11-05T16:09:26.187+0000][gc,cpu        ] GC(136) User=0.00s Sys=0.00s Real=0.00s
[2025-11-05T16:09:26.187+0000][gc,marking    ] GC(136) Concurrent Cleanup for Next Mark
[2025-11-05T16:09:26.189+0000][gc,marking    ] GC(136) Concurrent Cleanup for Next Mark 1.319ms
[2025-11-05T16:09:26.189+0000][gc            ] GC(136) Concurrent Cycle 174.840ms
[2025-11-05T16:10:09.626+0000][gc,start      ] GC(137) Pause Young (Prepare Mixed) (G1 Evacuation Pause)
[2025-11-05T16:10:09.627+0000][gc,task       ] GC(137) Using 2 workers of 2 for evacuation
[2025-11-05T16:10:09.640+0000][gc,phases     ] GC(137)   Pre Evacuate Collection Set: 0.0ms
[2025-11-05T16:10:09.641+0000][gc,phases     ] GC(137)   Evacuate Collection Set: 12.7ms
[2025-11-05T16:10:09.641+0000][gc,phases     ] GC(137)   Post Evacuate Collection Set: 0.6ms
[2025-11-05T16:10:09.641+0000][gc,phases     ] GC(137)   Other: 0.6ms
[2025-11-05T16:10:09.641+0000][gc,heap       ] GC(137) Eden regions: 36->0(22)
[2025-11-05T16:10:09.641+0000][gc,heap       ] GC(137) Survivor regions: 4->4(5)
[2025-11-05T16:10:09.641+0000][gc,heap       ] GC(137) Old regions: 53->56
[2025-11-05T16:10:09.641+0000][gc,heap       ] GC(137) Humongous regions: 147->147
[2025-11-05T16:10:09.642+0000][gc,metaspace  ] GC(137) Metaspace: 53096K(55984K)->53096K(55984K) NonClass: 47174K(48816K)->47174K(48816K) Class: 5922K(7168K)->5922K(7168K)
[2025-11-05T16:10:09.642+0000][gc            ] GC(137) Pause Young (Prepare Mixed) (G1 Evacuation Pause) 239M->205M(527M) 15.479ms
[2025-11-05T16:10:09.642+0000][gc,cpu        ] GC(137) User=0.02s Sys=0.00s Real=0.02s
[2025-11-05T16:10:35.948+0000][gc,start      ] GC(138) Pause Young (Mixed) (G1 Evacuation Pause)
[2025-11-05T16:10:35.949+0000][gc,task       ] GC(138) Using 2 workers of 2 for evacuation
[2025-11-05T16:10:35.959+0000][gc,phases     ] GC(138)   Pre Evacuate Collection Set: 0.0ms
[2025-11-05T16:10:35.959+0000][gc,phases     ] GC(138)   Evacuate Collection Set: 9.7ms
[2025-11-05T16:10:35.960+0000][gc,phases     ] GC(138)   Post Evacuate Collection Set: 0.7ms
[2025-11-05T16:10:35.960+0000][gc,phases     ] GC(138)   Other: 0.7ms
[2025-11-05T16:10:35.960+0000][gc,heap       ] GC(138) Eden regions: 22->0(41)
[2025-11-05T16:10:35.960+0000][gc,heap       ] GC(138) Survivor regions: 4->3(4)
[2025-11-05T16:10:35.960+0000][gc,heap       ] GC(138) Old regions: 56->50
[2025-11-05T16:10:35.960+0000][gc,heap       ] GC(138) Humongous regions: 147->147
[2025-11-05T16:10:35.961+0000][gc,metaspace  ] GC(138) Metaspace: 53096K(55984K)->53096K(55984K) NonClass: 47174K(48816K)->47174K(48816K) Class: 5922K(7168K)->5922K(7168K)
[2025-11-05T16:10:35.961+0000][gc            ] GC(138) Pause Young (Mixed) (G1 Evacuation Pause) 227M->199M(527M) 12.792ms
[2025-11-05T16:10:35.961+0000][gc,cpu        ] GC(138) User=0.02s Sys=0.00s Real=0.02s
[2025-11-05T16:11:21.873+0000][gc,start      ] GC(139) Pause Young (Concurrent Start) (G1 Evacuation Pause)
[2025-11-05T16:11:21.874+0000][gc,task       ] GC(139) Using 2 workers of 2 for evacuation
[2025-11-05T16:11:21.884+0000][gc,phases     ] GC(139)   Pre Evacuate Collection Set: 0.2ms
[2025-11-05T16:11:21.884+0000][gc,phases     ] GC(139)   Evacuate Collection Set: 9.1ms
[2025-11-05T16:11:21.885+0000][gc,phases     ] GC(139)   Post Evacuate Collection Set: 0.7ms
[2025-11-05T16:11:21.885+0000][gc,phases     ] GC(139)   Other: 0.8ms
[2025-11-05T16:11:21.885+0000][gc,heap       ] GC(139) Eden regions: 38->0(41)
[2025-11-05T16:11:21.885+0000][gc,heap       ] GC(139) Survivor regions: 3->4(6)
[2025-11-05T16:11:21.885+0000][gc,heap       ] GC(139) Old regions: 50->50
[2025-11-05T16:11:21.885+0000][gc,heap       ] GC(139) Humongous regions: 147->147
[2025-11-05T16:11:21.886+0000][gc,metaspace  ] GC(139) Metaspace: 53096K(55984K)->53096K(55984K) NonClass: 47174K(48816K)->47174K(48816K) Class: 5922K(7168K)->5922K(7168K)
[2025-11-05T16:11:21.886+0000][gc            ] GC(139) Pause Young (Concurrent Start) (G1 Evacuation Pause) 237M->200M(527M) 12.234ms
[2025-11-05T16:11:21.886+0000][gc,cpu        ] GC(139) User=0.02s Sys=0.00s Real=0.01s
[2025-11-05T16:11:21.886+0000][gc            ] GC(140) Concurrent Cycle
[2025-11-05T16:11:21.887+0000][gc,marking    ] GC(140) Concurrent Clear Claimed Marks
[2025-11-05T16:11:21.887+0000][gc,marking    ] GC(140) Concurrent Clear Claimed Marks 0.323ms
[2025-11-05T16:11:21.887+0000][gc,marking    ] GC(140) Concurrent Scan Root Regions
[2025-11-05T16:11:21.891+0000][gc,marking    ] GC(140) Concurrent Scan Root Regions 3.903ms
[2025-11-05T16:11:21.891+0000][gc,marking    ] GC(140) Concurrent Mark (11412.239s)
[2025-11-05T16:11:21.891+0000][gc,marking    ] GC(140) Concurrent Mark From Roots
[2025-11-05T16:11:21.892+0000][gc,task       ] GC(140) Using 1 workers of 1 for marking
[2025-11-05T16:11:21.924+0000][gc,marking    ] GC(140) Concurrent Mark From Roots 32.988ms
[2025-11-05T16:11:21.925+0000][gc,marking    ] GC(140) Concurrent Preclean
[2025-11-05T16:11:21.925+0000][gc,marking    ] GC(140) Concurrent Preclean 0.723ms
[2025-11-05T16:11:21.926+0000][gc,marking    ] GC(140) Concurrent Mark (11412.239s, 11412.273s) 34.354ms
[2025-11-05T16:11:21.927+0000][gc,start      ] GC(140) Pause Remark
[2025-11-05T16:11:21.939+0000][gc,stringtable] GC(140) Cleaned string and symbol table, strings: 16846 processed, 0 removed, symbols: 123851 processed, 0 removed
[2025-11-05T16:11:21.940+0000][gc            ] GC(140) Pause Remark 200M->200M(527M) 13.418ms
[2025-11-05T16:11:21.940+0000][gc,cpu        ] GC(140) User=0.03s Sys=0.00s Real=0.02s
[2025-11-05T16:11:21.941+0000][gc,marking    ] GC(140) Concurrent Rebuild Remembered Sets
[2025-11-05T16:11:21.964+0000][gc,marking    ] GC(140) Concurrent Rebuild Remembered Sets 22.886ms
[2025-11-05T16:11:21.964+0000][gc,start      ] GC(140) Pause Cleanup
[2025-11-05T16:11:21.965+0000][gc            ] GC(140) Pause Cleanup 201M->201M(527M) 0.571ms
[2025-11-05T16:11:21.965+0000][gc,cpu        ] GC(140) User=0.01s Sys=0.00s Real=0.00s
[2025-11-05T16:11:21.966+0000][gc,marking    ] GC(140) Concurrent Cleanup for Next Mark
[2025-11-05T16:11:21.966+0000][gc,marking    ] GC(140) Concurrent Cleanup for Next Mark 0.873ms
[2025-11-05T16:11:21.967+0000][gc            ] GC(140) Concurrent Cycle 80.501ms
[2025-11-05T16:12:11.495+0000][gc,start      ] GC(141) Pause Young (Prepare Mixed) (G1 Evacuation Pause)
[2025-11-05T16:12:11.495+0000][gc,task       ] GC(141) Using 2 workers of 2 for evacuation
[2025-11-05T16:12:11.508+0000][gc,phases     ] GC(141)   Pre Evacuate Collection Set: 0.0ms
[2025-11-05T16:12:11.508+0000][gc,phases     ] GC(141)   Evacuate Collection Set: 11.4ms
[2025-11-05T16:12:11.508+0000][gc,phases     ] GC(141)   Post Evacuate Collection Set: 0.7ms
[2025-11-05T16:12:11.509+0000][gc,phases     ] GC(141)   Other: 0.6ms
[2025-11-05T16:12:11.509+0000][gc,heap       ] GC(141) Eden regions: 41->0(22)
[2025-11-05T16:12:11.509+0000][gc,heap       ] GC(141) Survivor regions: 4->4(6)
[2025-11-05T16:12:11.509+0000][gc,heap       ] GC(141) Old regions: 50->51
[2025-11-05T16:12:11.509+0000][gc,heap       ] GC(141) Humongous regions: 147->147
[2025-11-05T16:12:11.509+0000][gc,metaspace  ] GC(141) Metaspace: 53096K(55984K)->53096K(55984K) NonClass: 47174K(48816K)->47174K(48816K) Class: 5922K(7168K)->5922K(7168K)
[2025-11-05T16:12:11.510+0000][gc            ] GC(141) Pause Young (Prepare Mixed) (G1 Evacuation Pause) 241M->201M(527M) 14.444ms
[2025-11-05T16:12:11.510+0000][gc,cpu        ] GC(141) User=0.03s Sys=0.00s Real=0.01s
[2025-11-05T16:12:37.497+0000][gc,start      ] GC(142) Pause Young (Mixed) (G1 Evacuation Pause)
[2025-11-05T16:12:37.497+0000][gc,task       ] GC(142) Using 2 workers of 2 for evacuation
[2025-11-05T16:12:37.513+0000][gc,phases     ] GC(142)   Pre Evacuate Collection Set: 0.0ms
[2025-11-05T16:12:37.513+0000][gc,phases     ] GC(142)   Evacuate Collection Set: 14.1ms
[2025-11-05T16:12:37.513+0000][gc,phases     ] GC(142)   Post Evacuate Collection Set: 1.1ms
[2025-11-05T16:12:37.514+0000][gc,phases     ] GC(142)   Other: 1.0ms
[2025-11-05T16:12:37.514+0000][gc,heap       ] GC(142) Eden regions: 22->0(44)
[2025-11-05T16:12:37.514+0000][gc,heap       ] GC(142) Survivor regions: 4->2(4)
[2025-11-05T16:12:37.514+0000][gc,heap       ] GC(142) Old regions: 51->51
[2025-11-05T16:12:37.515+0000][gc,heap       ] GC(142) Humongous regions: 147->147
[2025-11-05T16:12:37.515+0000][gc,metaspace  ] GC(142) Metaspace: 53096K(55984K)->53096K(55984K) NonClass: 47174K(48816K)->47174K(48816K) Class: 5922K(7168K)->5922K(7168K)
[2025-11-05T16:12:37.515+0000][gc            ] GC(142) Pause Young (Mixed) (G1 Evacuation Pause) 223M->199M(527M) 18.412ms
[2025-11-05T16:12:37.515+0000][gc,cpu        ] GC(142) User=0.03s Sys=0.00s Real=0.02s
[2025-11-05T16:13:27.239+0000][gc,start      ] GC(143) Pause Young (Concurrent Start) (G1 Evacuation Pause)
[2025-11-05T16:13:27.239+0000][gc,task       ] GC(143) Using 2 workers of 2 for evacuation
[2025-11-05T16:13:27.255+0000][gc,phases     ] GC(143)   Pre Evacuate Collection Set: 0.2ms
[2025-11-05T16:13:27.255+0000][gc,phases     ] GC(143)   Evacuate Collection Set: 14.3ms
[2025-11-05T16:13:27.255+0000][gc,phases     ] GC(143)   Post Evacuate Collection Set: 1.0ms
[2025-11-05T16:13:27.256+0000][gc,phases     ] GC(143)   Other: 0.8ms
[2025-11-05T16:13:27.256+0000][gc,heap       ] GC(143) Eden regions: 41->0(41)
[2025-11-05T16:13:27.256+0000][gc,heap       ] GC(143) Survivor regions: 2->5(6)
[2025-11-05T16:13:27.256+0000][gc,heap       ] GC(143) Old regions: 51->51
[2025-11-05T16:13:27.257+0000][gc,heap       ] GC(143) Humongous regions: 147->147
[2025-11-05T16:13:27.257+0000][gc,metaspace  ] GC(143) Metaspace: 53099K(55984K)->53099K(55984K) NonClass: 47176K(48816K)->47176K(48816K) Class: 5922K(7168K)->5922K(7168K)
[2025-11-05T16:13:27.257+0000][gc            ] GC(143) Pause Young (Concurrent Start) (G1 Evacuation Pause) 240M->202M(527M) 18.689ms
[2025-11-05T16:13:27.258+0000][gc,cpu        ] GC(143) User=0.03s Sys=0.00s Real=0.02s
[2025-11-05T16:13:27.258+0000][gc            ] GC(144) Concurrent Cycle
[2025-11-05T16:13:27.258+0000][gc,marking    ] GC(144) Concurrent Clear Claimed Marks
[2025-11-05T16:13:27.259+0000][gc,marking    ] GC(144) Concurrent Clear Claimed Marks 0.548ms
[2025-11-05T16:13:27.259+0000][gc,marking    ] GC(144) Concurrent Scan Root Regions
[2025-11-05T16:13:27.267+0000][gc,marking    ] GC(144) Concurrent Scan Root Regions 7.830ms
[2025-11-05T16:13:27.267+0000][gc,marking    ] GC(144) Concurrent Mark (11537.613s)
[2025-11-05T16:13:27.268+0000][gc,marking    ] GC(144) Concurrent Mark From Roots
[2025-11-05T16:13:27.268+0000][gc,task       ] GC(144) Using 1 workers of 1 for marking
[2025-11-05T16:13:27.316+0000][gc,marking    ] GC(144) Concurrent Mark From Roots 48.368ms
[2025-11-05T16:13:27.316+0000][gc,marking    ] GC(144) Concurrent Preclean
[2025-11-05T16:13:27.317+0000][gc,marking    ] GC(144) Concurrent Preclean 0.433ms
[2025-11-05T16:13:27.317+0000][gc,marking    ] GC(144) Concurrent Mark (11537.613s, 11537.662s) 49.766ms
[2025-11-05T16:13:27.318+0000][gc,start      ] GC(144) Pause Remark
[2025-11-05T16:13:27.335+0000][gc,stringtable] GC(144) Cleaned string and symbol table, strings: 16846 processed, 0 removed, symbols: 123851 processed, 0 removed
[2025-11-05T16:13:27.337+0000][gc            ] GC(144) Pause Remark 202M->202M(527M) 18.587ms
[2025-11-05T16:13:27.337+0000][gc,cpu        ] GC(144) User=0.04s Sys=0.00s Real=0.02s
[2025-11-05T16:13:27.338+0000][gc,marking    ] GC(144) Concurrent Rebuild Remembered Sets
[2025-11-05T16:13:27.368+0000][gc,marking    ] GC(144) Concurrent Rebuild Remembered Sets 30.222ms
[2025-11-05T16:13:27.371+0000][gc,start      ] GC(144) Pause Cleanup
[2025-11-05T16:13:27.372+0000][gc            ] GC(144) Pause Cleanup 202M->202M(527M) 0.919ms
[2025-11-05T16:13:27.372+0000][gc,cpu        ] GC(144) User=0.00s Sys=0.00s Real=0.00s
[2025-11-05T16:13:27.373+0000][gc,marking    ] GC(144) Concurrent Cleanup for Next Mark
[2025-11-05T16:13:27.374+0000][gc,marking    ] GC(144) Concurrent Cleanup for Next Mark 1.092ms
[2025-11-05T16:13:27.374+0000][gc            ] GC(144) Concurrent Cycle 116.095ms
[2025-11-05T16:14:17.227+0000][gc,start      ] GC(145) Pause Young (Prepare Mixed) (G1 Evacuation Pause)
[2025-11-05T16:14:17.227+0000][gc,task       ] GC(145) Using 2 workers of 2 for evacuation
[2025-11-05T16:14:17.247+0000][gc,phases     ] GC(145)   Pre Evacuate Collection Set: 0.0ms
[2025-11-05T16:14:17.247+0000][gc,phases     ] GC(145)   Evacuate Collection Set: 18.5ms
[2025-11-05T16:14:17.247+0000][gc,phases     ] GC(145)   Post Evacuate Collection Set: 0.9ms
[2025-11-05T16:14:17.248+0000][gc,phases     ] GC(145)   Other: 0.8ms
[2025-11-05T16:14:17.248+0000][gc,heap       ] GC(145) Eden regions: 41->0(22)
[2025-11-05T16:14:17.248+0000][gc,heap       ] GC(145) Survivor regions: 5->4(6)
[2025-11-05T16:14:17.248+0000][gc,heap       ] GC(145) Old regions: 51->53
[2025-11-05T16:14:17.249+0000][gc,heap       ] GC(145) Humongous regions: 147->147
[2025-11-05T16:14:17.249+0000][gc,metaspace  ] GC(145) Metaspace: 53099K(55984K)->53099K(55984K) NonClass: 47176K(48816K)->47176K(48816K) Class: 5922K(7168K)->5922K(7168K)
[2025-11-05T16:14:17.249+0000][gc            ] GC(145) Pause Young (Prepare Mixed) (G1 Evacuation Pause) 243M->203M(527M) 22.526ms
[2025-11-05T16:14:17.249+0000][gc,cpu        ] GC(145) User=0.04s Sys=0.00s Real=0.02s
[2025-11-05T16:14:43.712+0000][gc,start      ] GC(146) Pause Young (Mixed) (G1 Evacuation Pause)
[2025-11-05T16:14:43.712+0000][gc,task       ] GC(146) Using 2 workers of 2 for evacuation
[2025-11-05T16:14:43.730+0000][gc,phases     ] GC(146)   Pre Evacuate Collection Set: 0.0ms
[2025-11-05T16:14:43.730+0000][gc,phases     ] GC(146)   Evacuate Collection Set: 16.0ms
[2025-11-05T16:14:43.731+0000][gc,phases     ] GC(146)   Post Evacuate Collection Set: 1.2ms
[2025-11-05T16:14:43.731+0000][gc,phases     ] GC(146)   Other: 1.1ms
[2025-11-05T16:14:43.731+0000][gc,heap       ] GC(146) Eden regions: 22->0(41)
[2025-11-05T16:14:43.731+0000][gc,heap       ] GC(146) Survivor regions: 4->3(4)
[2025-11-05T16:14:43.732+0000][gc,heap       ] GC(146) Old regions: 53->50
[2025-11-05T16:14:43.732+0000][gc,heap       ] GC(146) Humongous regions: 147->147
[2025-11-05T16:14:43.732+0000][gc,metaspace  ] GC(146) Metaspace: 53099K(55984K)->53099K(55984K) NonClass: 47176K(48816K)->47176K(48816K) Class: 5922K(7168K)->5922K(7168K)
[2025-11-05T16:14:43.733+0000][gc            ] GC(146) Pause Young (Mixed) (G1 Evacuation Pause) 225M->199M(527M) 20.640ms
[2025-11-05T16:14:43.733+0000][gc,cpu        ] GC(146) User=0.04s Sys=0.00s Real=0.02s
[2025-11-05T16:15:23.119+0000][gc,start      ] GC(147) Pause Young (Concurrent Start) (G1 Evacuation Pause)
[2025-11-05T16:15:23.119+0000][gc,task       ] GC(147) Using 2 workers of 2 for evacuation
[2025-11-05T16:15:23.134+0000][gc,phases     ] GC(147)   Pre Evacuate Collection Set: 0.3ms
[2025-11-05T16:15:23.134+0000][gc,phases     ] GC(147)   Evacuate Collection Set: 12.4ms
[2025-11-05T16:15:23.134+0000][gc,phases     ] GC(147)   Post Evacuate Collection Set: 1.1ms
[2025-11-05T16:15:23.135+0000][gc,phases     ] GC(147)   Other: 1.1ms
[2025-11-05T16:15:23.135+0000][gc,heap       ] GC(147) Eden regions: 33->0(37)
[2025-11-05T16:15:23.135+0000][gc,heap       ] GC(147) Survivor regions: 3->3(5)
[2025-11-05T16:15:23.136+0000][gc,heap       ] GC(147) Old regions: 50->50
[2025-11-05T16:15:23.136+0000][gc,heap       ] GC(147) Humongous regions: 147->147
[2025-11-05T16:15:23.136+0000][gc,metaspace  ] GC(147) Metaspace: 53099K(55984K)->53099K(55984K) NonClass: 47176K(48816K)->47176K(48816K) Class: 5922K(7168K)->5922K(7168K)
[2025-11-05T16:15:23.137+0000][gc            ] GC(147) Pause Young (Concurrent Start) (G1 Evacuation Pause) 232M->199M(527M) 17.836ms
[2025-11-05T16:15:23.137+0000][gc,cpu        ] GC(147) User=0.02s Sys=0.00s Real=0.01s
[2025-11-05T16:15:23.137+0000][gc            ] GC(148) Concurrent Cycle
[2025-11-05T16:15:23.138+0000][gc,marking    ] GC(148) Concurrent Clear Claimed Marks
[2025-11-05T16:15:23.139+0000][gc,marking    ] GC(148) Concurrent Clear Claimed Marks 0.832ms
[2025-11-05T16:15:23.139+0000][gc,marking    ] GC(148) Concurrent Scan Root Regions
[2025-11-05T16:15:23.145+0000][gc,marking    ] GC(148) Concurrent Scan Root Regions 6.318ms
[2025-11-05T16:15:23.146+0000][gc,marking    ] GC(148) Concurrent Mark (11653.484s)
[2025-11-05T16:15:23.146+0000][gc,marking    ] GC(148) Concurrent Mark From Roots
[2025-11-05T16:15:23.146+0000][gc,task       ] GC(148) Using 1 workers of 1 for marking
[2025-11-05T16:15:23.202+0000][gc,marking    ] GC(148) Concurrent Mark From Roots 55.904ms
[2025-11-05T16:15:23.202+0000][gc,marking    ] GC(148) Concurrent Preclean
[2025-11-05T16:15:23.203+0000][gc,marking    ] GC(148) Concurrent Preclean 0.472ms
[2025-11-05T16:15:23.203+0000][gc,marking    ] GC(148) Concurrent Mark (11653.484s, 11653.542s) 57.246ms
[2025-11-05T16:15:23.204+0000][gc,start      ] GC(148) Pause Remark
[2025-11-05T16:15:23.219+0000][gc,stringtable] GC(148) Cleaned string and symbol table, strings: 16846 processed, 0 removed, symbols: 123851 processed, 0 removed
[2025-11-05T16:15:23.220+0000][gc            ] GC(148) Pause Remark 200M->200M(527M) 16.159ms
[2025-11-05T16:15:23.220+0000][gc,cpu        ] GC(148) User=0.03s Sys=0.00s Real=0.02s
[2025-11-05T16:15:23.221+0000][gc,marking    ] GC(148) Concurrent Rebuild Remembered Sets
[2025-11-05T16:15:23.253+0000][gc,marking    ] GC(148) Concurrent Rebuild Remembered Sets 31.872ms
[2025-11-05T16:15:23.254+0000][gc,start      ] GC(148) Pause Cleanup
[2025-11-05T16:15:23.254+0000][gc            ] GC(148) Pause Cleanup 200M->200M(527M) 0.650ms
[2025-11-05T16:15:23.254+0000][gc,cpu        ] GC(148) User=0.00s Sys=0.00s Real=0.00s
[2025-11-05T16:15:23.255+0000][gc,marking    ] GC(148) Concurrent Cleanup for Next Mark
[2025-11-05T16:15:23.256+0000][gc,marking    ] GC(148) Concurrent Cleanup for Next Mark 1.155ms
[2025-11-05T16:15:23.256+0000][gc            ] GC(148) Concurrent Cycle 118.956ms
[2025-11-05T16:16:07.863+0000][gc,start      ] GC(149) Pause Young (Prepare Mixed) (G1 Evacuation Pause)
[2025-11-05T16:16:07.863+0000][gc,task       ] GC(149) Using 2 workers of 2 for evacuation
[2025-11-05T16:16:07.878+0000][gc,phases     ] GC(149)   Pre Evacuate Collection Set: 0.0ms
[2025-11-05T16:16:07.879+0000][gc,phases     ] GC(149)   Evacuate Collection Set: 13.9ms
[2025-11-05T16:16:07.879+0000][gc,phases     ] GC(149)   Post Evacuate Collection Set: 0.9ms
[2025-11-05T16:16:07.879+0000][gc,phases     ] GC(149)   Other: 0.7ms
[2025-11-05T16:16:07.879+0000][gc,heap       ] GC(149) Eden regions: 37->0(21)
[2025-11-05T16:16:07.880+0000][gc,heap       ] GC(149) Survivor regions: 3->5(5)
[2025-11-05T16:16:07.880+0000][gc,heap       ] GC(149) Old regions: 50->51
[2025-11-05T16:16:07.880+0000][gc,heap       ] GC(149) Humongous regions: 147->147
[2025-11-05T16:16:07.880+0000][gc,metaspace  ] GC(149) Metaspace: 53099K(55984K)->53099K(55984K) NonClass: 47176K(48816K)->47176K(48816K) Class: 5922K(7168K)->5922K(7168K)
[2025-11-05T16:16:07.881+0000][gc            ] GC(149) Pause Young (Prepare Mixed) (G1 Evacuation Pause) 236M->202M(527M) 17.707ms
[2025-11-05T16:16:07.881+0000][gc,cpu        ] GC(149) User=0.03s Sys=0.00s Real=0.02s
[2025-11-05T16:16:32.904+0000][gc,start      ] GC(150) Pause Young (Mixed) (G1 Evacuation Pause)
[2025-11-05T16:16:32.904+0000][gc,task       ] GC(150) Using 2 workers of 2 for evacuation
[2025-11-05T16:16:32.924+0000][gc,phases     ] GC(150)   Pre Evacuate Collection Set: 0.0ms
[2025-11-05T16:16:32.924+0000][gc,phases     ] GC(150)   Evacuate Collection Set: 17.7ms
[2025-11-05T16:16:32.925+0000][gc,phases     ] GC(150)   Post Evacuate Collection Set: 1.8ms
[2025-11-05T16:16:32.925+0000][gc,phases     ] GC(150)   Other: 1.0ms
[2025-11-05T16:16:32.925+0000][gc,heap       ] GC(150) Eden regions: 21->0(39)
[2025-11-05T16:16:32.926+0000][gc,heap       ] GC(150) Survivor regions: 5->3(4)
[2025-11-05T16:16:32.926+0000][gc,heap       ] GC(150) Old regions: 51->50
[2025-11-05T16:16:32.926+0000][gc,heap       ] GC(150) Humongous regions: 147->147
[2025-11-05T16:16:32.927+0000][gc,metaspace  ] GC(150) Metaspace: 53099K(55984K)->53099K(55984K) NonClass: 47176K(48816K)->47176K(48816K) Class: 5922K(7168K)->5922K(7168K)
[2025-11-05T16:16:32.927+0000][gc            ] GC(150) Pause Young (Mixed) (G1 Evacuation Pause) 223M->198M(527M) 23.490ms
[2025-11-05T16:16:32.927+0000][gc,cpu        ] GC(150) User=0.03s Sys=0.00s Real=0.02s
[2025-11-05T16:17:12.614+0000][gc,start      ] GC(151) Pause Young (Concurrent Start) (G1 Evacuation Pause)
[2025-11-05T16:17:12.615+0000][gc,task       ] GC(151) Using 2 workers of 2 for evacuation
[2025-11-05T16:17:12.637+0000][gc,mmu        ] GC(151) MMU target violated: 21.0ms (20.0ms/21.0ms)
[2025-11-05T16:17:12.638+0000][gc,phases     ] GC(151)   Pre Evacuate Collection Set: 0.2ms
[2025-11-05T16:17:12.638+0000][gc,phases     ] GC(151)   Evacuate Collection Set: 19.5ms
[2025-11-05T16:17:12.638+0000][gc,phases     ] GC(151)   Post Evacuate Collection Set: 1.6ms
[2025-11-05T16:17:12.639+0000][gc,phases     ] GC(151)   Other: 2.1ms
[2025-11-05T16:17:12.639+0000][gc,heap       ] GC(151) Eden regions: 33->0(22)
[2025-11-05T16:17:12.640+0000][gc,heap       ] GC(151) Survivor regions: 3->5(5)
[2025-11-05T16:17:12.640+0000][gc,heap       ] GC(151) Old regions: 50->50
[2025-11-05T16:17:12.641+0000][gc,heap       ] GC(151) Humongous regions: 147->147
[2025-11-05T16:17:12.642+0000][gc,metaspace  ] GC(151) Metaspace: 53099K(55984K)->53099K(55984K) NonClass: 47176K(48816K)->47176K(48816K) Class: 5922K(7168K)->5922K(7168K)
[2025-11-05T16:17:12.642+0000][gc            ] GC(151) Pause Young (Concurrent Start) (G1 Evacuation Pause) 231M->200M(527M) 27.534ms
[2025-11-05T16:17:12.642+0000][gc,cpu        ] GC(151) User=0.04s Sys=0.00s Real=0.03s
[2025-11-05T16:17:12.643+0000][gc            ] GC(152) Concurrent Cycle
[2025-11-05T16:17:12.643+0000][gc,marking    ] GC(152) Concurrent Clear Claimed Marks
[2025-11-05T16:17:12.644+0000][gc,marking    ] GC(152) Concurrent Clear Claimed Marks 0.487ms
[2025-11-05T16:17:12.645+0000][gc,marking    ] GC(152) Concurrent Scan Root Regions
[2025-11-05T16:17:12.655+0000][gc,marking    ] GC(152) Concurrent Scan Root Regions 9.100ms
[2025-11-05T16:17:12.655+0000][gc,marking    ] GC(152) Concurrent Mark (11762.983s)
[2025-11-05T16:17:12.655+0000][gc,marking    ] GC(152) Concurrent Mark From Roots
[2025-11-05T16:17:12.655+0000][gc,task       ] GC(152) Using 1 workers of 1 for marking
[2025-11-05T16:17:12.720+0000][gc,marking    ] GC(152) Concurrent Mark From Roots 65.117ms
[2025-11-05T16:17:12.721+0000][gc,marking    ] GC(152) Concurrent Preclean
[2025-11-05T16:17:12.721+0000][gc,marking    ] GC(152) Concurrent Preclean 0.639ms
[2025-11-05T16:17:12.721+0000][gc,marking    ] GC(152) Concurrent Mark (11762.983s, 11763.049s) 66.514ms
[2025-11-05T16:17:12.722+0000][gc,start      ] GC(152) Pause Remark
[2025-11-05T16:17:12.742+0000][gc,stringtable] GC(152) Cleaned string and symbol table, strings: 16856 processed, 0 removed, symbols: 123851 processed, 0 removed
[2025-11-05T16:17:12.743+0000][gc,mmu        ] GC(152) MMU target violated: 20.2ms (20.0ms/21.0ms)
[2025-11-05T16:17:12.743+0000][gc            ] GC(152) Pause Remark 201M->201M(527M) 21.057ms
[2025-11-05T16:17:12.744+0000][gc,cpu        ] GC(152) User=0.03s Sys=0.00s Real=0.02s
[2025-11-05T16:17:12.745+0000][gc,marking    ] GC(152) Concurrent Rebuild Remembered Sets
[2025-11-05T16:17:12.792+0000][gc,marking    ] GC(152) Concurrent Rebuild Remembered Sets 47.158ms
[2025-11-05T16:17:12.793+0000][gc,start      ] GC(152) Pause Cleanup
[2025-11-05T16:17:12.794+0000][gc            ] GC(152) Pause Cleanup 201M->201M(527M) 0.895ms
[2025-11-05T16:17:12.794+0000][gc,cpu        ] GC(152) User=0.01s Sys=0.00s Real=0.00s
[2025-11-05T16:17:12.795+0000][gc,marking    ] GC(152) Concurrent Cleanup for Next Mark
[2025-11-05T16:17:12.796+0000][gc,marking    ] GC(152) Concurrent Cleanup for Next Mark 1.460ms
[2025-11-05T16:17:12.797+0000][gc            ] GC(152) Concurrent Cycle 154.103ms
[2025-11-05T16:17:38.486+0000][gc,start      ] GC(153) Pause Young (Prepare Mixed) (G1 Evacuation Pause)
[2025-11-05T16:17:38.486+0000][gc,task       ] GC(153) Using 2 workers of 2 for evacuation
[2025-11-05T16:17:38.499+0000][gc,phases     ] GC(153)   Pre Evacuate Collection Set: 0.0ms
[2025-11-05T16:17:38.500+0000][gc,phases     ] GC(153)   Evacuate Collection Set: 12.3ms
[2025-11-05T16:17:38.500+0000][gc,phases     ] GC(153)   Post Evacuate Collection Set: 0.8ms
[2025-11-05T16:17:38.500+0000][gc,phases     ] GC(153)   Other: 0.6ms
[2025-11-05T16:17:38.500+0000][gc,heap       ] GC(153) Eden regions: 22->0(23)
[2025-11-05T16:17:38.500+0000][gc,heap       ] GC(153) Survivor regions: 5->3(4)
[2025-11-05T16:17:38.500+0000][gc,heap       ] GC(153) Old regions: 50->52
[2025-11-05T16:17:38.501+0000][gc,heap       ] GC(153) Humongous regions: 147->147
[2025-11-05T16:17:38.501+0000][gc,metaspace  ] GC(153) Metaspace: 53101K(55984K)->53101K(55984K) NonClass: 47178K(48816K)->47178K(48816K) Class: 5922K(7168K)->5922K(7168K)
[2025-11-05T16:17:38.501+0000][gc            ] GC(153) Pause Young (Prepare Mixed) (G1 Evacuation Pause) 222M->201M(527M) 15.477ms
[2025-11-05T16:17:38.501+0000][gc,cpu        ] GC(153) User=0.02s Sys=0.00s Real=0.02s
[2025-11-05T16:18:06.116+0000][gc,start      ] GC(154) Pause Young (Mixed) (G1 Evacuation Pause)
[2025-11-05T16:18:06.116+0000][gc,task       ] GC(154) Using 2 workers of 2 for evacuation
[2025-11-05T16:18:06.127+0000][gc,phases     ] GC(154)   Pre Evacuate Collection Set: 0.0ms
[2025-11-05T16:18:06.127+0000][gc,phases     ] GC(154)   Evacuate Collection Set: 9.6ms
[2025-11-05T16:18:06.127+0000][gc,phases     ] GC(154)   Post Evacuate Collection Set: 0.7ms
[2025-11-05T16:18:06.127+0000][gc,phases     ] GC(154)   Other: 0.5ms
[2025-11-05T16:18:06.128+0000][gc,heap       ] GC(154) Eden regions: 23->0(36)
[2025-11-05T16:18:06.128+0000][gc,heap       ] GC(154) Survivor regions: 3->3(4)
[2025-11-05T16:18:06.128+0000][gc,heap       ] GC(154) Old regions: 52->49
[2025-11-05T16:18:06.128+0000][gc,heap       ] GC(154) Humongous regions: 147->147
[2025-11-05T16:18:06.128+0000][gc,metaspace  ] GC(154) Metaspace: 53101K(55984K)->53101K(55984K) NonClass: 47178K(48816K)->47178K(48816K) Class: 5922K(7168K)->5922K(7168K)
[2025-11-05T16:18:06.128+0000][gc            ] GC(154) Pause Young (Mixed) (G1 Evacuation Pause) 224M->198M(527M) 12.379ms
[2025-11-05T16:18:06.128+0000][gc,cpu        ] GC(154) User=0.02s Sys=0.00s Real=0.01s
[2025-11-05T16:18:38.324+0000][gc,start      ] GC(155) Pause Young (Concurrent Start) (G1 Evacuation Pause)
[2025-11-05T16:18:38.324+0000][gc,task       ] GC(155) Using 2 workers of 2 for evacuation
[2025-11-05T16:18:38.338+0000][gc,phases     ] GC(155)   Pre Evacuate Collection Set: 0.2ms
[2025-11-05T16:18:38.339+0000][gc,phases     ] GC(155)   Evacuate Collection Set: 11.7ms
[2025-11-05T16:18:38.339+0000][gc,phases     ] GC(155)   Post Evacuate Collection Set: 1.3ms
[2025-11-05T16:18:38.340+0000][gc,phases     ] GC(155)   Other: 1.2ms
[2025-11-05T16:18:38.340+0000][gc,heap       ] GC(155) Eden regions: 27->0(33)
[2025-11-05T16:18:38.340+0000][gc,heap       ] GC(155) Survivor regions: 3->2(4)
[2025-11-05T16:18:38.340+0000][gc,heap       ] GC(155) Old regions: 49->50
[2025-11-05T16:18:38.341+0000][gc,heap       ] GC(155) Humongous regions: 147->147
[2025-11-05T16:18:38.341+0000][gc,metaspace  ] GC(155) Metaspace: 53101K(55984K)->53101K(55984K) NonClass: 47178K(48816K)->47178K(48816K) Class: 5922K(7168K)->5922K(7168K)
[2025-11-05T16:18:38.341+0000][gc            ] GC(155) Pause Young (Concurrent Start) (G1 Evacuation Pause) 225M->198M(527M) 17.319ms
[2025-11-05T16:18:38.341+0000][gc,cpu        ] GC(155) User=0.03s Sys=0.00s Real=0.01s
[2025-11-05T16:18:38.342+0000][gc            ] GC(156) Concurrent Cycle
[2025-11-05T16:18:38.342+0000][gc,marking    ] GC(156) Concurrent Clear Claimed Marks
[2025-11-05T16:18:38.343+0000][gc,marking    ] GC(156) Concurrent Clear Claimed Marks 0.921ms
[2025-11-05T16:18:38.344+0000][gc,marking    ] GC(156) Concurrent Scan Root Regions
[2025-11-05T16:18:38.348+0000][gc,marking    ] GC(156) Concurrent Scan Root Regions 4.353ms
[2025-11-05T16:18:38.349+0000][gc,marking    ] GC(156) Concurrent Mark (11848.675s)
[2025-11-05T16:18:38.349+0000][gc,marking    ] GC(156) Concurrent Mark From Roots
[2025-11-05T16:18:38.349+0000][gc,task       ] GC(156) Using 1 workers of 1 for marking
[2025-11-05T16:18:38.405+0000][gc,marking    ] GC(156) Concurrent Mark From Roots 56.313ms
[2025-11-05T16:18:38.406+0000][gc,marking    ] GC(156) Concurrent Preclean
[2025-11-05T16:18:38.406+0000][gc,marking    ] GC(156) Concurrent Preclean 0.491ms
[2025-11-05T16:18:38.407+0000][gc,marking    ] GC(156) Concurrent Mark (11848.675s, 11848.733s) 57.860ms
[2025-11-05T16:18:38.407+0000][gc,start      ] GC(156) Pause Remark
[2025-11-05T16:18:38.424+0000][gc,stringtable] GC(156) Cleaned string and symbol table, strings: 16856 processed, 0 removed, symbols: 123851 processed, 0 removed
[2025-11-05T16:18:38.425+0000][gc            ] GC(156) Pause Remark 199M->199M(527M) 17.428ms
[2025-11-05T16:18:38.426+0000][gc,cpu        ] GC(156) User=0.03s Sys=0.00s Real=0.02s
[2025-11-05T16:18:38.427+0000][gc,marking    ] GC(156) Concurrent Rebuild Remembered Sets
[2025-11-05T16:18:38.459+0000][gc,marking    ] GC(156) Concurrent Rebuild Remembered Sets 32.310ms
[2025-11-05T16:18:38.460+0000][gc,start      ] GC(156) Pause Cleanup
[2025-11-05T16:18:38.461+0000][gc            ] GC(156) Pause Cleanup 199M->199M(527M) 0.936ms
[2025-11-05T16:18:38.462+0000][gc,cpu        ] GC(156) User=0.00s Sys=0.00s Real=0.01s
[2025-11-05T16:18:38.462+0000][gc,marking    ] GC(156) Concurrent Cleanup for Next Mark
[2025-11-05T16:18:38.464+0000][gc,marking    ] GC(156) Concurrent Cleanup for Next Mark 1.206ms
[2025-11-05T16:18:38.464+0000][gc            ] GC(156) Concurrent Cycle 122.030ms
[2025-11-05T16:19:14.790+0000][gc,start      ] GC(157) Pause Young (Prepare Mixed) (G1 Evacuation Pause)
[2025-11-05T16:19:14.790+0000][gc,task       ] GC(157) Using 2 workers of 2 for evacuation
[2025-11-05T16:19:14.807+0000][gc,phases     ] GC(157)   Pre Evacuate Collection Set: 0.0ms
[2025-11-05T16:19:14.807+0000][gc,phases     ] GC(157)   Evacuate Collection Set: 14.3ms
[2025-11-05T16:19:14.807+0000][gc,phases     ] GC(157)   Post Evacuate Collection Set: 1.3ms
[2025-11-05T16:19:14.808+0000][gc,phases     ] GC(157)   Other: 1.2ms
[2025-11-05T16:19:14.808+0000][gc,heap       ] GC(157) Eden regions: 30->0(22)
[2025-11-05T16:19:14.809+0000][gc,heap       ] GC(157) Survivor regions: 2->4(4)
[2025-11-05T16:19:14.809+0000][gc,heap       ] GC(157) Old regions: 50->50
[2025-11-05T16:19:14.810+0000][gc,heap       ] GC(157) Humongous regions: 147->147
[2025-11-05T16:19:14.810+0000][gc,metaspace  ] GC(157) Metaspace: 53101K(55984K)->53101K(55984K) NonClass: 47178K(48816K)->47178K(48816K) Class: 5922K(7168K)->5922K(7168K)
[2025-11-05T16:19:14.811+0000][gc            ] GC(157) Pause Young (Prepare Mixed) (G1 Evacuation Pause) 228M->200M(527M) 20.723ms
[2025-11-05T16:19:14.811+0000][gc,cpu        ] GC(157) User=0.03s Sys=0.01s Real=0.02s
[2025-11-05T16:19:40.926+0000][gc,start      ] GC(158) Pause Young (Mixed) (G1 Evacuation Pause)
[2025-11-05T16:19:40.927+0000][gc,task       ] GC(158) Using 2 workers of 2 for evacuation
[2025-11-05T16:19:40.937+0000][gc,phases     ] GC(158)   Pre Evacuate Collection Set: 0.0ms
[2025-11-05T16:19:40.937+0000][gc,phases     ] GC(158)   Evacuate Collection Set: 9.1ms
[2025-11-05T16:19:40.937+0000][gc,phases     ] GC(158)   Post Evacuate Collection Set: 0.6ms
[2025-11-05T16:19:40.937+0000][gc,phases     ] GC(158)   Other: 0.7ms
[2025-11-05T16:19:40.937+0000][gc,heap       ] GC(158) Eden regions: 22->0(37)
[2025-11-05T16:19:40.938+0000][gc,heap       ] GC(158) Survivor regions: 4->2(4)
[2025-11-05T16:19:40.938+0000][gc,heap       ] GC(158) Old regions: 50->49
[2025-11-05T16:19:40.938+0000][gc,heap       ] GC(158) Humongous regions: 147->147
[2025-11-05T16:19:40.938+0000][gc,metaspace  ] GC(158) Metaspace: 53101K(55984K)->53101K(55984K) NonClass: 47178K(48816K)->47178K(48816K) Class: 5922K(7168K)->5922K(7168K)
[2025-11-05T16:19:40.938+0000][gc            ] GC(158) Pause Young (Mixed) (G1 Evacuation Pause) 222M->197M(527M) 11.896ms
[2025-11-05T16:19:40.938+0000][gc,cpu        ] GC(158) User=0.02s Sys=0.00s Real=0.01s
[2025-11-05T16:20:19.615+0000][gc,start      ] GC(159) Pause Young (Concurrent Start) (G1 Evacuation Pause)
[2025-11-05T16:20:19.615+0000][gc,task       ] GC(159) Using 2 workers of 2 for evacuation
[2025-11-05T16:20:19.624+0000][gc,phases     ] GC(159)   Pre Evacuate Collection Set: 0.2ms
[2025-11-05T16:20:19.624+0000][gc,phases     ] GC(159)   Evacuate Collection Set: 8.2ms
[2025-11-05T16:20:19.625+0000][gc,phases     ] GC(159)   Post Evacuate Collection Set: 0.7ms
[2025-11-05T16:20:19.625+0000][gc,phases     ] GC(159)   Other: 0.6ms
[2025-11-05T16:20:19.625+0000][gc,heap       ] GC(159) Eden regions: 32->0(37)
[2025-11-05T16:20:19.625+0000][gc,heap       ] GC(159) Survivor regions: 2->4(5)
[2025-11-05T16:20:19.625+0000][gc,heap       ] GC(159) Old regions: 49->49
[2025-11-05T16:20:19.625+0000][gc,heap       ] GC(159) Humongous regions: 147->147
[2025-11-05T16:20:19.625+0000][gc,metaspace  ] GC(159) Metaspace: 53101K(55984K)->53101K(55984K) NonClass: 47178K(48816K)->47178K(48816K) Class: 5922K(7168K)->5922K(7168K)
[2025-11-05T16:20:19.625+0000][gc            ] GC(159) Pause Young (Concurrent Start) (G1 Evacuation Pause) 229M->199M(527M) 10.909ms
[2025-11-05T16:20:19.626+0000][gc,cpu        ] GC(159) User=0.02s Sys=0.00s Real=0.02s
[2025-11-05T16:20:19.626+0000][gc            ] GC(160) Concurrent Cycle
[2025-11-05T16:20:19.626+0000][gc,marking    ] GC(160) Concurrent Clear Claimed Marks
[2025-11-05T16:20:19.626+0000][gc,marking    ] GC(160) Concurrent Clear Claimed Marks 0.321ms
[2025-11-05T16:20:19.627+0000][gc,marking    ] GC(160) Concurrent Scan Root Regions
[2025-11-05T16:20:19.630+0000][gc,marking    ] GC(160) Concurrent Scan Root Regions 3.552ms
[2025-11-05T16:20:19.630+0000][gc,marking    ] GC(160) Concurrent Mark (11949.953s)
[2025-11-05T16:20:19.630+0000][gc,marking    ] GC(160) Concurrent Mark From Roots
[2025-11-05T16:20:19.630+0000][gc,task       ] GC(160) Using 1 workers of 1 for marking
[2025-11-05T16:20:19.660+0000][gc,marking    ] GC(160) Concurrent Mark From Roots 29.192ms
[2025-11-05T16:20:19.660+0000][gc,marking    ] GC(160) Concurrent Preclean
[2025-11-05T16:20:19.660+0000][gc,marking    ] GC(160) Concurrent Preclean 0.302ms
[2025-11-05T16:20:19.660+0000][gc,marking    ] GC(160) Concurrent Mark (11949.953s, 11949.983s) 29.931ms
[2025-11-05T16:20:19.661+0000][gc,start      ] GC(160) Pause Remark
[2025-11-05T16:20:19.668+0000][gc,stringtable] GC(160) Cleaned string and symbol table, strings: 16856 processed, 0 removed, symbols: 123851 processed, 0 removed
[2025-11-05T16:20:19.669+0000][gc            ] GC(160) Pause Remark 199M->199M(527M) 8.492ms
[2025-11-05T16:20:19.669+0000][gc,cpu        ] GC(160) User=0.02s Sys=0.00s Real=0.01s
[2025-11-05T16:20:19.669+0000][gc,marking    ] GC(160) Concurrent Rebuild Remembered Sets
[2025-11-05T16:20:19.687+0000][gc,marking    ] GC(160) Concurrent Rebuild Remembered Sets 17.947ms
[2025-11-05T16:20:19.688+0000][gc,start      ] GC(160) Pause Cleanup
[2025-11-05T16:20:19.688+0000][gc            ] GC(160) Pause Cleanup 199M->199M(527M) 0.378ms
[2025-11-05T16:20:19.688+0000][gc,cpu        ] GC(160) User=0.00s Sys=0.00s Real=0.00s
[2025-11-05T16:20:19.689+0000][gc,marking    ] GC(160) Concurrent Cleanup for Next Mark
[2025-11-05T16:20:19.689+0000][gc,marking    ] GC(160) Concurrent Cleanup for Next Mark 0.628ms
[2025-11-05T16:20:19.689+0000][gc            ] GC(160) Concurrent Cycle 63.462ms
[2025-11-05T16:21:03.899+0000][gc,start      ] GC(161) Pause Young (Prepare Mixed) (G1 Evacuation Pause)
[2025-11-05T16:21:03.899+0000][gc,task       ] GC(161) Using 2 workers of 2 for evacuation
[2025-11-05T16:21:03.909+0000][gc,phases     ] GC(161)   Pre Evacuate Collection Set: 0.0ms
[2025-11-05T16:21:03.909+0000][gc,phases     ] GC(161)   Evacuate Collection Set: 9.4ms
[2025-11-05T16:21:03.910+0000][gc,phases     ] GC(161)   Post Evacuate Collection Set: 0.6ms
[2025-11-05T16:21:03.910+0000][gc,phases     ] GC(161)   Other: 0.7ms
[2025-11-05T16:21:03.910+0000][gc,heap       ] GC(161) Eden regions: 37->0(22)
[2025-11-05T16:21:03.910+0000][gc,heap       ] GC(161) Survivor regions: 4->4(6)
[2025-11-05T16:21:03.910+0000][gc,heap       ] GC(161) Old regions: 49->50
[2025-11-05T16:21:03.910+0000][gc,heap       ] GC(161) Humongous regions: 147->147
[2025-11-05T16:21:03.910+0000][gc,metaspace  ] GC(161) Metaspace: 53101K(55984K)->53101K(55984K) NonClass: 47178K(48816K)->47178K(48816K) Class: 5922K(7168K)->5922K(7168K)
[2025-11-05T16:21:03.911+0000][gc            ] GC(161) Pause Young (Prepare Mixed) (G1 Evacuation Pause) 236M->200M(527M) 11.886ms
[2025-11-05T16:21:03.911+0000][gc,cpu        ] GC(161) User=0.02s Sys=0.00s Real=0.01s
[2025-11-05T16:21:30.495+0000][gc,start      ] GC(162) Pause Young (Mixed) (G1 Evacuation Pause)
[2025-11-05T16:21:30.495+0000][gc,task       ] GC(162) Using 2 workers of 2 for evacuation
[2025-11-05T16:21:30.507+0000][gc,phases     ] GC(162)   Pre Evacuate Collection Set: 0.0ms
[2025-11-05T16:21:30.507+0000][gc,phases     ] GC(162)   Evacuate Collection Set: 11.1ms
[2025-11-05T16:21:30.507+0000][gc,phases     ] GC(162)   Post Evacuate Collection Set: 0.7ms
[2025-11-05T16:21:30.508+0000][gc,phases     ] GC(162)   Other: 0.5ms
[2025-11-05T16:21:30.508+0000][gc,heap       ] GC(162) Eden regions: 22->0(43)
[2025-11-05T16:21:30.508+0000][gc,heap       ] GC(162) Survivor regions: 4->2(4)
[2025-11-05T16:21:30.508+0000][gc,heap       ] GC(162) Old regions: 50->50
[2025-11-05T16:21:30.508+0000][gc,heap       ] GC(162) Humongous regions: 147->147
[2025-11-05T16:21:30.508+0000][gc,metaspace  ] GC(162) Metaspace: 53101K(55984K)->53101K(55984K) NonClass: 47178K(48816K)->47178K(48816K) Class: 5922K(7168K)->5922K(7168K)
[2025-11-05T16:21:30.509+0000][gc            ] GC(162) Pause Young (Mixed) (G1 Evacuation Pause) 222M->198M(527M) 13.812ms
[2025-11-05T16:21:30.509+0000][gc,cpu        ] GC(162) User=0.03s Sys=0.00s Real=0.02s
[2025-11-05T16:22:18.534+0000][gc,start      ] GC(163) Pause Young (Concurrent Start) (G1 Evacuation Pause)
[2025-11-05T16:22:18.535+0000][gc,task       ] GC(163) Using 2 workers of 2 for evacuation
[2025-11-05T16:22:18.545+0000][gc,phases     ] GC(163)   Pre Evacuate Collection Set: 0.2ms
[2025-11-05T16:22:18.545+0000][gc,phases     ] GC(163)   Evacuate Collection Set: 9.1ms
[2025-11-05T16:22:18.545+0000][gc,phases     ] GC(163)   Post Evacuate Collection Set: 0.6ms
[2025-11-05T16:22:18.546+0000][gc,phases     ] GC(163)   Other: 1.6ms
[2025-11-05T16:22:18.546+0000][gc,heap       ] GC(163) Eden regions: 40->0(43)
[2025-11-05T16:22:18.546+0000][gc,heap       ] GC(163) Survivor regions: 2->5(6)
[2025-11-05T16:22:18.546+0000][gc,heap       ] GC(163) Old regions: 50->50
[2025-11-05T16:22:18.546+0000][gc,heap       ] GC(163) Humongous regions: 147->147
[2025-11-05T16:22:18.547+0000][gc,metaspace  ] GC(163) Metaspace: 53101K(55984K)->53101K(55984K) NonClass: 47178K(48816K)->47178K(48816K) Class: 5922K(7168K)->5922K(7168K)
[2025-11-05T16:22:18.547+0000][gc            ] GC(163) Pause Young (Concurrent Start) (G1 Evacuation Pause) 238M->201M(527M) 13.337ms
[2025-11-05T16:22:18.547+0000][gc,cpu        ] GC(163) User=0.02s Sys=0.00s Real=0.01s
[2025-11-05T16:22:18.547+0000][gc            ] GC(164) Concurrent Cycle
[2025-11-05T16:22:18.547+0000][gc,marking    ] GC(164) Concurrent Clear Claimed Marks
[2025-11-05T16:22:18.548+0000][gc,marking    ] GC(164) Concurrent Clear Claimed Marks 0.333ms
[2025-11-05T16:22:18.548+0000][gc,marking    ] GC(164) Concurrent Scan Root Regions
[2025-11-05T16:22:18.552+0000][gc,marking    ] GC(164) Concurrent Scan Root Regions 4.186ms
[2025-11-05T16:22:18.552+0000][gc,marking    ] GC(164) Concurrent Mark (12068.872s)
[2025-11-05T16:22:18.552+0000][gc,marking    ] GC(164) Concurrent Mark From Roots
[2025-11-05T16:22:18.553+0000][gc,task       ] GC(164) Using 1 workers of 1 for marking
[2025-11-05T16:22:18.582+0000][gc,marking    ] GC(164) Concurrent Mark From Roots 29.407ms
[2025-11-05T16:22:18.582+0000][gc,marking    ] GC(164) Concurrent Preclean
[2025-11-05T16:22:18.582+0000][gc,marking    ] GC(164) Concurrent Preclean 0.319ms
[2025-11-05T16:22:18.583+0000][gc,marking    ] GC(164) Concurrent Mark (12068.872s, 12068.902s) 30.281ms
[2025-11-05T16:22:18.583+0000][gc,start      ] GC(164) Pause Remark
[2025-11-05T16:22:18.590+0000][gc,stringtable] GC(164) Cleaned string and symbol table, strings: 16856 processed, 0 removed, symbols: 123851 processed, 0 removed
[2025-11-05T16:22:18.591+0000][gc            ] GC(164) Pause Remark 201M->201M(527M) 8.074ms
[2025-11-05T16:22:18.591+0000][gc,cpu        ] GC(164) User=0.02s Sys=0.00s Real=0.01s
[2025-11-05T16:22:18.592+0000][gc,marking    ] GC(164) Concurrent Rebuild Remembered Sets
[2025-11-05T16:22:18.610+0000][gc,marking    ] GC(164) Concurrent Rebuild Remembered Sets 18.042ms
[2025-11-05T16:22:18.610+0000][gc,start      ] GC(164) Pause Cleanup
[2025-11-05T16:22:18.610+0000][gc            ] GC(164) Pause Cleanup 202M->202M(527M) 0.350ms
[2025-11-05T16:22:18.611+0000][gc,cpu        ] GC(164) User=0.00s Sys=0.00s Real=0.00s
[2025-11-05T16:22:18.611+0000][gc,marking    ] GC(164) Concurrent Cleanup for Next Mark
[2025-11-05T16:22:18.612+0000][gc,marking    ] GC(164) Concurrent Cleanup for Next Mark 0.867ms
[2025-11-05T16:22:18.612+0000][gc            ] GC(164) Concurrent Cycle 64.589ms
[2025-11-05T16:23:10.294+0000][gc,start      ] GC(165) Pause Young (Prepare Mixed) (G1 Evacuation Pause)
[2025-11-05T16:23:10.294+0000][gc,task       ] GC(165) Using 2 workers of 2 for evacuation
[2025-11-05T16:23:10.318+0000][gc,mmu        ] GC(165) MMU target violated: 21.0ms (20.0ms/21.0ms)
[2025-11-05T16:23:10.319+0000][gc,phases     ] GC(165)   Pre Evacuate Collection Set: 0.0ms
[2025-11-05T16:23:10.319+0000][gc,phases     ] GC(165)   Evacuate Collection Set: 21.9ms
[2025-11-05T16:23:10.319+0000][gc,phases     ] GC(165)   Post Evacuate Collection Set: 1.4ms
[2025-11-05T16:23:10.319+0000][gc,phases     ] GC(165)   Other: 1.5ms
[2025-11-05T16:23:10.320+0000][gc,heap       ] GC(165) Eden regions: 43->0(22)
[2025-11-05T16:23:10.320+0000][gc,heap       ] GC(165) Survivor regions: 5->4(6)
[2025-11-05T16:23:10.321+0000][gc,heap       ] GC(165) Old regions: 50->53
[2025-11-05T16:23:10.321+0000][gc,heap       ] GC(165) Humongous regions: 147->147
[2025-11-05T16:23:10.321+0000][gc,metaspace  ] GC(165) Metaspace: 53101K(55984K)->53101K(55984K) NonClass: 47178K(48816K)->47178K(48816K) Class: 5922K(7168K)->5922K(7168K)
[2025-11-05T16:23:10.322+0000][gc            ] GC(165) Pause Young (Prepare Mixed) (G1 Evacuation Pause) 244M->202M(527M) 28.069ms
[2025-11-05T16:23:10.322+0000][gc,cpu        ] GC(165) User=0.05s Sys=0.00s Real=0.03s
[2025-11-05T16:23:36.517+0000][gc,start      ] GC(166) Pause Young (Mixed) (G1 Evacuation Pause)
[2025-11-05T16:23:36.517+0000][gc,task       ] GC(166) Using 2 workers of 2 for evacuation
[2025-11-05T16:23:36.532+0000][gc,phases     ] GC(166)   Pre Evacuate Collection Set: 0.0ms
[2025-11-05T16:23:36.532+0000][gc,phases     ] GC(166)   Evacuate Collection Set: 12.8ms
[2025-11-05T16:23:36.533+0000][gc,phases     ] GC(166)   Post Evacuate Collection Set: 1.0ms
[2025-11-05T16:23:36.533+0000][gc,phases     ] GC(166)   Other: 1.3ms
[2025-11-05T16:23:36.533+0000][gc,heap       ] GC(166) Eden regions: 22->0(40)
[2025-11-05T16:23:36.533+0000][gc,heap       ] GC(166) Survivor regions: 4->3(4)
[2025-11-05T16:23:36.534+0000][gc,heap       ] GC(166) Old regions: 53->51
[2025-11-05T16:23:36.534+0000][gc,heap       ] GC(166) Humongous regions: 147->147
[2025-11-05T16:23:36.534+0000][gc,metaspace  ] GC(166) Metaspace: 53101K(55984K)->53101K(55984K) NonClass: 47178K(48816K)->47178K(48816K) Class: 5922K(7168K)->5922K(7168K)
[2025-11-05T16:23:36.535+0000][gc            ] GC(166) Pause Young (Mixed) (G1 Evacuation Pause) 224M->200M(527M) 18.028ms
[2025-11-05T16:23:36.535+0000][gc,cpu        ] GC(166) User=0.03s Sys=0.00s Real=0.01s
[2025-11-05T16:24:17.816+0000][gc,start      ] GC(167) Pause Young (Concurrent Start) (G1 Evacuation Pause)
[2025-11-05T16:24:17.816+0000][gc,task       ] GC(167) Using 2 workers of 2 for evacuation
[2025-11-05T16:24:17.827+0000][gc,phases     ] GC(167)   Pre Evacuate Collection Set: 0.2ms
[2025-11-05T16:24:17.827+0000][gc,phases     ] GC(167)   Evacuate Collection Set: 9.4ms
[2025-11-05T16:24:17.827+0000][gc,phases     ] GC(167)   Post Evacuate Collection Set: 0.8ms
[2025-11-05T16:24:17.827+0000][gc,phases     ] GC(167)   Other: 0.6ms
[2025-11-05T16:24:17.828+0000][gc,heap       ] GC(167) Eden regions: 34->0(41)
[2025-11-05T16:24:17.828+0000][gc,heap       ] GC(167) Survivor regions: 3->3(5)
[2025-11-05T16:24:17.828+0000][gc,heap       ] GC(167) Old regions: 51->51
[2025-11-05T16:24:17.828+0000][gc,heap       ] GC(167) Humongous regions: 147->147
[2025-11-05T16:24:17.829+0000][gc,metaspace  ] GC(167) Metaspace: 53101K(55984K)->53101K(55984K) NonClass: 47178K(48816K)->47178K(48816K) Class: 5922K(7168K)->5922K(7168K)
[2025-11-05T16:24:17.829+0000][gc            ] GC(167) Pause Young (Concurrent Start) (G1 Evacuation Pause) 234M->200M(527M) 12.888ms
[2025-11-05T16:24:17.829+0000][gc,cpu        ] GC(167) User=0.02s Sys=0.00s Real=0.01s
[2025-11-05T16:24:17.829+0000][gc            ] GC(168) Concurrent Cycle
[2025-11-05T16:24:17.829+0000][gc,marking    ] GC(168) Concurrent Clear Claimed Marks
[2025-11-05T16:24:17.830+0000][gc,marking    ] GC(168) Concurrent Clear Claimed Marks 0.609ms
[2025-11-05T16:24:17.830+0000][gc,marking    ] GC(168) Concurrent Scan Root Regions
[2025-11-05T16:24:17.834+0000][gc,marking    ] GC(168) Concurrent Scan Root Regions 3.653ms
[2025-11-05T16:24:17.834+0000][gc,marking    ] GC(168) Concurrent Mark (12188.161s)
[2025-11-05T16:24:17.834+0000][gc,marking    ] GC(168) Concurrent Mark From Roots
[2025-11-05T16:24:17.834+0000][gc,task       ] GC(168) Using 1 workers of 1 for marking
[2025-11-05T16:24:17.872+0000][gc,marking    ] GC(168) Concurrent Mark From Roots 37.835ms
[2025-11-05T16:24:17.872+0000][gc,marking    ] GC(168) Concurrent Preclean
[2025-11-05T16:24:17.873+0000][gc,marking    ] GC(168) Concurrent Preclean 0.384ms
[2025-11-05T16:24:17.873+0000][gc,marking    ] GC(168) Concurrent Mark (12188.161s, 12188.200s) 38.866ms
[2025-11-05T16:24:17.873+0000][gc,start      ] GC(168) Pause Remark
[2025-11-05T16:24:17.884+0000][gc,stringtable] GC(168) Cleaned string and symbol table, strings: 16856 processed, 0 removed, symbols: 123851 processed, 0 removed
[2025-11-05T16:24:17.885+0000][gc            ] GC(168) Pause Remark 200M->200M(527M) 11.281ms
[2025-11-05T16:24:17.885+0000][gc,cpu        ] GC(168) User=0.02s Sys=0.00s Real=0.01s
[2025-11-05T16:24:17.885+0000][gc,marking    ] GC(168) Concurrent Rebuild Remembered Sets
[2025-11-05T16:24:17.909+0000][gc,marking    ] GC(168) Concurrent Rebuild Remembered Sets 23.666ms
[2025-11-05T16:24:17.910+0000][gc,start      ] GC(168) Pause Cleanup
[2025-11-05T16:24:17.910+0000][gc            ] GC(168) Pause Cleanup 200M->200M(527M) 0.521ms
[2025-11-05T16:24:17.910+0000][gc,cpu        ] GC(168) User=0.00s Sys=0.00s Real=0.00s
[2025-11-05T16:24:17.911+0000][gc,marking    ] GC(168) Concurrent Cleanup for Next Mark
[2025-11-05T16:24:17.912+0000][gc,marking    ] GC(168) Concurrent Cleanup for Next Mark 1.152ms
[2025-11-05T16:24:17.912+0000][gc            ] GC(168) Concurrent Cycle 82.958ms
[2025-11-05T16:25:07.176+0000][gc,start      ] GC(169) Pause Young (Prepare Mixed) (G1 Evacuation Pause)
[2025-11-05T16:25:07.176+0000][gc,task       ] GC(169) Using 2 workers of 2 for evacuation
[2025-11-05T16:25:07.188+0000][gc,phases     ] GC(169)   Pre Evacuate Collection Set: 0.0ms
[2025-11-05T16:25:07.188+0000][gc,phases     ] GC(169)   Evacuate Collection Set: 10.9ms
[2025-11-05T16:25:07.188+0000][gc,phases     ] GC(169)   Post Evacuate Collection Set: 0.6ms
[2025-11-05T16:25:07.188+0000][gc,phases     ] GC(169)   Other: 0.5ms
[2025-11-05T16:25:07.188+0000][gc,heap       ] GC(169) Eden regions: 41->0(20)
[2025-11-05T16:25:07.188+0000][gc,heap       ] GC(169) Survivor regions: 3->6(6)
[2025-11-05T16:25:07.188+0000][gc,heap       ] GC(169) Old regions: 51->51
[2025-11-05T16:25:07.189+0000][gc,heap       ] GC(169) Humongous regions: 147->147
[2025-11-05T16:25:07.189+0000][gc,metaspace  ] GC(169) Metaspace: 53101K(55984K)->53101K(55984K) NonClass: 47178K(48816K)->47178K(48816K) Class: 5922K(7168K)->5922K(7168K)
[2025-11-05T16:25:07.189+0000][gc            ] GC(169) Pause Young (Prepare Mixed) (G1 Evacuation Pause) 241M->203M(527M) 13.347ms
[2025-11-05T16:25:07.189+0000][gc,cpu        ] GC(169) User=0.02s Sys=0.00s Real=0.01s
[2025-11-05T16:25:31.082+0000][gc,start      ] GC(170) Pause Young (Mixed) (G1 Evacuation Pause)
[2025-11-05T16:25:31.082+0000][gc,task       ] GC(170) Using 2 workers of 2 for evacuation
[2025-11-05T16:25:31.103+0000][gc,mmu        ] GC(170) MMU target violated: 20.9ms (20.0ms/21.0ms)
[2025-11-05T16:25:31.104+0000][gc,phases     ] GC(170)   Pre Evacuate Collection Set: 0.0ms
[2025-11-05T16:25:31.104+0000][gc,phases     ] GC(170)   Evacuate Collection Set: 19.8ms
[2025-11-05T16:25:31.104+0000][gc,phases     ] GC(170)   Post Evacuate Collection Set: 0.9ms
[2025-11-05T16:25:31.105+0000][gc,phases     ] GC(170)   Other: 1.1ms
[2025-11-05T16:25:31.105+0000][gc,heap       ] GC(170) Eden regions: 20->0(41)
[2025-11-05T16:25:31.106+0000][gc,heap       ] GC(170) Survivor regions: 6->3(4)
[2025-11-05T16:25:31.106+0000][gc,heap       ] GC(170) Old regions: 51->50
[2025-11-05T16:25:31.106+0000][gc,heap       ] GC(170) Humongous regions: 147->147
[2025-11-05T16:25:31.107+0000][gc,metaspace  ] GC(170) Metaspace: 53101K(55984K)->53101K(55984K) NonClass: 47178K(48816K)->47178K(48816K) Class: 5922K(7168K)->5922K(7168K)
[2025-11-05T16:25:31.107+0000][gc            ] GC(170) Pause Young (Mixed) (G1 Evacuation Pause) 223M->199M(527M) 25.171ms
[2025-11-05T16:25:31.108+0000][gc,cpu        ] GC(170) User=0.04s Sys=0.00s Real=0.02s
[2025-11-05T16:26:20.633+0000][gc,start      ] GC(171) Pause Young (Concurrent Start) (G1 Evacuation Pause)
[2025-11-05T16:26:20.633+0000][gc,task       ] GC(171) Using 2 workers of 2 for evacuation
[2025-11-05T16:26:20.648+0000][gc,phases     ] GC(171)   Pre Evacuate Collection Set: 0.3ms
[2025-11-05T16:26:20.648+0000][gc,phases     ] GC(171)   Evacuate Collection Set: 13.7ms
[2025-11-05T16:26:20.649+0000][gc,phases     ] GC(171)   Post Evacuate Collection Set: 0.7ms
[2025-11-05T16:26:20.649+0000][gc,phases     ] GC(171)   Other: 1.0ms
[2025-11-05T16:26:20.649+0000][gc,heap       ] GC(171) Eden regions: 41->0(39)
[2025-11-05T16:26:20.649+0000][gc,heap       ] GC(171) Survivor regions: 3->4(6)
[2025-11-05T16:26:20.649+0000][gc,heap       ] GC(171) Old regions: 50->50
[2025-11-05T16:26:20.650+0000][gc,heap       ] GC(171) Humongous regions: 147->147
[2025-11-05T16:26:20.650+0000][gc,metaspace  ] GC(171) Metaspace: 53101K(55984K)->53101K(55984K) NonClass: 47178K(48816K)->47178K(48816K) Class: 5922K(7168K)->5922K(7168K)
[2025-11-05T16:26:20.650+0000][gc            ] GC(171) Pause Young (Concurrent Start) (G1 Evacuation Pause) 240M->200M(527M) 17.393ms
[2025-11-05T16:26:20.650+0000][gc,cpu        ] GC(171) User=0.03s Sys=0.00s Real=0.02s
[2025-11-05T16:26:20.650+0000][gc            ] GC(172) Concurrent Cycle
[2025-11-05T16:26:20.651+0000][gc,marking    ] GC(172) Concurrent Clear Claimed Marks
[2025-11-05T16:26:20.651+0000][gc,marking    ] GC(172) Concurrent Clear Claimed Marks 0.351ms
[2025-11-05T16:26:20.651+0000][gc,marking    ] GC(172) Concurrent Scan Root Regions
[2025-11-05T16:26:20.655+0000][gc,marking    ] GC(172) Concurrent Scan Root Regions 3.611ms
[2025-11-05T16:26:20.655+0000][gc,marking    ] GC(172) Concurrent Mark (12310.980s)
[2025-11-05T16:26:20.655+0000][gc,marking    ] GC(172) Concurrent Mark From Roots
[2025-11-05T16:26:20.655+0000][gc,task       ] GC(172) Using 1 workers of 1 for marking
[2025-11-05T16:26:20.687+0000][gc,marking    ] GC(172) Concurrent Mark From Roots 32.082ms
[2025-11-05T16:26:20.688+0000][gc,marking    ] GC(172) Concurrent Preclean
[2025-11-05T16:26:20.688+0000][gc,marking    ] GC(172) Concurrent Preclean 0.412ms
[2025-11-05T16:26:20.688+0000][gc,marking    ] GC(172) Concurrent Mark (12310.980s, 12311.013s) 33.107ms
[2025-11-05T16:26:20.689+0000][gc,start      ] GC(172) Pause Remark
[2025-11-05T16:26:20.697+0000][gc,stringtable] GC(172) Cleaned string and symbol table, strings: 16856 processed, 0 removed, symbols: 123851 processed, 0 removed
[2025-11-05T16:26:20.698+0000][gc            ] GC(172) Pause Remark 200M->200M(527M) 9.246ms
[2025-11-05T16:26:20.698+0000][gc,cpu        ] GC(172) User=0.02s Sys=0.00s Real=0.01s
[2025-11-05T16:26:20.698+0000][gc,marking    ] GC(172) Concurrent Rebuild Remembered Sets
[2025-11-05T16:26:20.717+0000][gc,marking    ] GC(172) Concurrent Rebuild Remembered Sets 18.773ms
[2025-11-05T16:26:20.718+0000][gc,start      ] GC(172) Pause Cleanup
[2025-11-05T16:26:20.718+0000][gc            ] GC(172) Pause Cleanup 200M->200M(527M) 0.426ms
[2025-11-05T16:26:20.718+0000][gc,cpu        ] GC(172) User=0.00s Sys=0.00s Real=0.00s
[2025-11-05T16:26:20.719+0000][gc,marking    ] GC(172) Concurrent Cleanup for Next Mark
[2025-11-05T16:26:20.719+0000][gc,marking    ] GC(172) Concurrent Cleanup for Next Mark 0.674ms
[2025-11-05T16:26:20.719+0000][gc            ] GC(172) Concurrent Cycle 69.019ms
[2025-11-05T16:27:07.628+0000][gc,start      ] GC(173) Pause Young (Prepare Mixed) (G1 Evacuation Pause)
[2025-11-05T16:27:07.628+0000][gc,task       ] GC(173) Using 2 workers of 2 for evacuation
[2025-11-05T16:27:07.640+0000][gc,phases     ] GC(173)   Pre Evacuate Collection Set: 0.0ms
[2025-11-05T16:27:07.640+0000][gc,phases     ] GC(173)   Evacuate Collection Set: 10.2ms
[2025-11-05T16:27:07.640+0000][gc,phases     ] GC(173)   Post Evacuate Collection Set: 0.7ms
[2025-11-05T16:27:07.640+0000][gc,phases     ] GC(173)   Other: 0.6ms
[2025-11-05T16:27:07.640+0000][gc,heap       ] GC(173) Eden regions: 39->0(21)
[2025-11-05T16:27:07.641+0000][gc,heap       ] GC(173) Survivor regions: 4->5(6)
[2025-11-05T16:27:07.641+0000][gc,heap       ] GC(173) Old regions: 50->51
[2025-11-05T16:27:07.641+0000][gc,heap       ] GC(173) Humongous regions: 147->147
[2025-11-05T16:27:07.641+0000][gc,metaspace  ] GC(173) Metaspace: 53101K(55984K)->53101K(55984K) NonClass: 47178K(48816K)->47178K(48816K) Class: 5922K(7168K)->5922K(7168K)
[2025-11-05T16:27:07.641+0000][gc            ] GC(173) Pause Young (Prepare Mixed) (G1 Evacuation Pause) 239M->201M(527M) 13.403ms
[2025-11-05T16:27:07.642+0000][gc,cpu        ] GC(173) User=0.02s Sys=0.00s Real=0.01s
[2025-11-05T16:27:32.243+0000][gc,start      ] GC(174) Pause Young (Mixed) (G1 Evacuation Pause)
[2025-11-05T16:27:32.245+0000][gc,task       ] GC(174) Using 2 workers of 2 for evacuation
[2025-11-05T16:27:32.260+0000][gc,phases     ] GC(174)   Pre Evacuate Collection Set: 0.1ms
[2025-11-05T16:27:32.261+0000][gc,phases     ] GC(174)   Evacuate Collection Set: 13.6ms
[2025-11-05T16:27:32.261+0000][gc,phases     ] GC(174)   Post Evacuate Collection Set: 0.9ms
[2025-11-05T16:27:32.261+0000][gc,phases     ] GC(174)   Other: 2.6ms
[2025-11-05T16:27:32.261+0000][gc,heap       ] GC(174) Eden regions: 21->0(45)
[2025-11-05T16:27:32.262+0000][gc,heap       ] GC(174) Survivor regions: 5->2(4)
[2025-11-05T16:27:32.262+0000][gc,heap       ] GC(174) Old regions: 51->50
[2025-11-05T16:27:32.262+0000][gc,heap       ] GC(174) Humongous regions: 147->147
[2025-11-05T16:27:32.262+0000][gc,metaspace  ] GC(174) Metaspace: 53101K(55984K)->53101K(55984K) NonClass: 47178K(48816K)->47178K(48816K) Class: 5922K(7168K)->5922K(7168K)
[2025-11-05T16:27:32.263+0000][gc            ] GC(174) Pause Young (Mixed) (G1 Evacuation Pause) 222M->198M(527M) 19.206ms
[2025-11-05T16:27:32.263+0000][gc,cpu        ] GC(174) User=0.03s Sys=0.00s Real=0.02s
[2025-11-05T16:28:22.954+0000][gc,start      ] GC(175) Pause Young (Concurrent Start) (G1 Evacuation Pause)
[2025-11-05T16:28:22.954+0000][gc,task       ] GC(175) Using 2 workers of 2 for evacuation
[2025-11-05T16:28:22.965+0000][gc,phases     ] GC(175)   Pre Evacuate Collection Set: 0.2ms
[2025-11-05T16:28:22.965+0000][gc,phases     ] GC(175)   Evacuate Collection Set: 9.4ms
[2025-11-05T16:28:22.965+0000][gc,phases     ] GC(175)   Post Evacuate Collection Set: 0.7ms
[2025-11-05T16:28:22.966+0000][gc,phases     ] GC(175)   Other: 0.5ms
[2025-11-05T16:28:22.966+0000][gc,heap       ] GC(175) Eden regions: 42->0(43)
[2025-11-05T16:28:22.966+0000][gc,heap       ] GC(175) Survivor regions: 2->5(6)
[2025-11-05T16:28:22.966+0000][gc,heap       ] GC(175) Old regions: 50->50
[2025-11-05T16:28:22.966+0000][gc,heap       ] GC(175) Humongous regions: 147->147
[2025-11-05T16:28:22.966+0000][gc,metaspace  ] GC(175) Metaspace: 53101K(55984K)->53101K(55984K) NonClass: 47178K(48816K)->47178K(48816K) Class: 5922K(7168K)->5922K(7168K)
[2025-11-05T16:28:22.966+0000][gc            ] GC(175) Pause Young (Concurrent Start) (G1 Evacuation Pause) 240M->201M(527M) 12.159ms
[2025-11-05T16:28:22.967+0000][gc,cpu        ] GC(175) User=0.02s Sys=0.00s Real=0.02s
[2025-11-05T16:28:22.967+0000][gc            ] GC(176) Concurrent Cycle
[2025-11-05T16:28:22.967+0000][gc,marking    ] GC(176) Concurrent Clear Claimed Marks
[2025-11-05T16:28:22.968+0000][gc,marking    ] GC(176) Concurrent Clear Claimed Marks 0.609ms
[2025-11-05T16:28:22.968+0000][gc,marking    ] GC(176) Concurrent Scan Root Regions
[2025-11-05T16:28:22.973+0000][gc,marking    ] GC(176) Concurrent Scan Root Regions 4.394ms
[2025-11-05T16:28:22.973+0000][gc,marking    ] GC(176) Concurrent Mark (12433.295s)
[2025-11-05T16:28:22.973+0000][gc,marking    ] GC(176) Concurrent Mark From Roots
[2025-11-05T16:28:22.973+0000][gc,task       ] GC(176) Using 1 workers of 1 for marking
[2025-11-05T16:28:23.010+0000][gc,marking    ] GC(176) Concurrent Mark From Roots 36.893ms
[2025-11-05T16:28:23.010+0000][gc,marking    ] GC(176) Concurrent Preclean
[2025-11-05T16:28:23.010+0000][gc,marking    ] GC(176) Concurrent Preclean 0.300ms
[2025-11-05T16:28:23.011+0000][gc,marking    ] GC(176) Concurrent Mark (12433.295s, 12433.332s) 37.820ms
[2025-11-05T16:28:23.011+0000][gc,start      ] GC(176) Pause Remark
[2025-11-05T16:28:23.019+0000][gc,stringtable] GC(176) Cleaned string and symbol table, strings: 16856 processed, 0 removed, symbols: 123851 processed, 0 removed
[2025-11-05T16:28:23.020+0000][gc            ] GC(176) Pause Remark 202M->202M(527M) 8.680ms
[2025-11-05T16:28:23.020+0000][gc,cpu        ] GC(176) User=0.02s Sys=0.00s Real=0.01s
[2025-11-05T16:28:23.020+0000][gc,marking    ] GC(176) Concurrent Rebuild Remembered Sets
[2025-11-05T16:28:23.044+0000][gc,marking    ] GC(176) Concurrent Rebuild Remembered Sets 23.627ms
[2025-11-05T16:28:23.045+0000][gc,start      ] GC(176) Pause Cleanup
[2025-11-05T16:28:23.046+0000][gc            ] GC(176) Pause Cleanup 202M->202M(527M) 0.739ms
[2025-11-05T16:28:23.046+0000][gc,cpu        ] GC(176) User=0.00s Sys=0.00s Real=0.01s
[2025-11-05T16:28:23.047+0000][gc,marking    ] GC(176) Concurrent Cleanup for Next Mark
[2025-11-05T16:28:23.048+0000][gc,marking    ] GC(176) Concurrent Cleanup for Next Mark 0.995ms
[2025-11-05T16:28:23.048+0000][gc            ] GC(176) Concurrent Cycle 80.780ms
[2025-11-05T16:29:15.115+0000][gc,start      ] GC(177) Pause Young (Prepare Mixed) (G1 Evacuation Pause)
[2025-11-05T16:29:15.115+0000][gc,task       ] GC(177) Using 2 workers of 2 for evacuation
[2025-11-05T16:29:15.128+0000][gc,phases     ] GC(177)   Pre Evacuate Collection Set: 0.0ms
[2025-11-05T16:29:15.129+0000][gc,phases     ] GC(177)   Evacuate Collection Set: 11.8ms
[2025-11-05T16:29:15.129+0000][gc,phases     ] GC(177)   Post Evacuate Collection Set: 0.7ms
[2025-11-05T16:29:15.129+0000][gc,phases     ] GC(177)   Other: 0.8ms
[2025-11-05T16:29:15.129+0000][gc,heap       ] GC(177) Eden regions: 43->0(22)
[2025-11-05T16:29:15.129+0000][gc,heap       ] GC(177) Survivor regions: 5->4(6)
[2025-11-05T16:29:15.130+0000][gc,heap       ] GC(177) Old regions: 50->53
[2025-11-05T16:29:15.130+0000][gc,heap       ] GC(177) Humongous regions: 147->147
[2025-11-05T16:29:15.130+0000][gc,metaspace  ] GC(177) Metaspace: 53101K(55984K)->53101K(55984K) NonClass: 47178K(48816K)->47178K(48816K) Class: 5922K(7168K)->5922K(7168K)
[2025-11-05T16:29:15.130+0000][gc            ] GC(177) Pause Young (Prepare Mixed) (G1 Evacuation Pause) 244M->203M(527M) 14.890ms
[2025-11-05T16:29:15.130+0000][gc,cpu        ] GC(177) User=0.03s Sys=0.00s Real=0.02s
[2025-11-05T16:29:41.551+0000][gc,start      ] GC(178) Pause Young (Mixed) (G1 Evacuation Pause)
[2025-11-05T16:29:41.551+0000][gc,task       ] GC(178) Using 2 workers of 2 for evacuation
[2025-11-05T16:29:41.562+0000][gc,phases     ] GC(178)   Pre Evacuate Collection Set: 0.0ms
[2025-11-05T16:29:41.562+0000][gc,phases     ] GC(178)   Evacuate Collection Set: 9.8ms
[2025-11-05T16:29:41.562+0000][gc,phases     ] GC(178)   Post Evacuate Collection Set: 0.7ms
[2025-11-05T16:29:41.563+0000][gc,phases     ] GC(178)   Other: 0.8ms
[2025-11-05T16:29:41.563+0000][gc,heap       ] GC(178) Eden regions: 22->0(48)
[2025-11-05T16:29:41.563+0000][gc,heap       ] GC(178) Survivor regions: 4->3(4)
[2025-11-05T16:29:41.563+0000][gc,heap       ] GC(178) Old regions: 53->51
[2025-11-05T16:29:41.563+0000][gc,heap       ] GC(178) Humongous regions: 147->147
[2025-11-05T16:29:41.563+0000][gc,metaspace  ] GC(178) Metaspace: 53101K(55984K)->53101K(55984K) NonClass: 47178K(48816K)->47178K(48816K) Class: 5922K(7168K)->5922K(7168K)
[2025-11-05T16:29:41.564+0000][gc            ] GC(178) Pause Young (Mixed) (G1 Evacuation Pause) 225M->200M(527M) 13.195ms
[2025-11-05T16:29:41.564+0000][gc,cpu        ] GC(178) User=0.02s Sys=0.00s Real=0.01s
[2025-11-05T16:30:36.106+0000][gc,start      ] GC(179) Pause Young (Concurrent Start) (G1 Evacuation Pause)
[2025-11-05T16:30:36.106+0000][gc,task       ] GC(179) Using 2 workers of 2 for evacuation
[2025-11-05T16:30:36.118+0000][gc,phases     ] GC(179)   Pre Evacuate Collection Set: 0.2ms
[2025-11-05T16:30:36.118+0000][gc,phases     ] GC(179)   Evacuate Collection Set: 10.0ms
[2025-11-05T16:30:36.118+0000][gc,phases     ] GC(179)   Post Evacuate Collection Set: 0.7ms
[2025-11-05T16:30:36.118+0000][gc,phases     ] GC(179)   Other: 0.6ms
[2025-11-05T16:30:36.118+0000][gc,heap       ] GC(179) Eden regions: 45->0(48)
[2025-11-05T16:30:36.118+0000][gc,heap       ] GC(179) Survivor regions: 3->5(6)
[2025-11-05T16:30:36.118+0000][gc,heap       ] GC(179) Old regions: 51->51
[2025-11-05T16:30:36.119+0000][gc,heap       ] GC(179) Humongous regions: 147->147
[2025-11-05T16:30:36.119+0000][gc,metaspace  ] GC(179) Metaspace: 53101K(55984K)->53101K(55984K) NonClass: 47178K(48816K)->47178K(48816K) Class: 5922K(7168K)->5922K(7168K)
[2025-11-05T16:30:36.119+0000][gc            ] GC(179) Pause Young (Concurrent Start) (G1 Evacuation Pause) 245M->202M(527M) 12.968ms
[2025-11-05T16:30:36.119+0000][gc,cpu        ] GC(179) User=0.02s Sys=0.00s Real=0.01s
[2025-11-05T16:30:36.119+0000][gc            ] GC(180) Concurrent Cycle
[2025-11-05T16:30:36.121+0000][gc,marking    ] GC(180) Concurrent Clear Claimed Marks
[2025-11-05T16:30:36.122+0000][gc,marking    ] GC(180) Concurrent Clear Claimed Marks 0.326ms
[2025-11-05T16:30:36.122+0000][gc,marking    ] GC(180) Concurrent Scan Root Regions
[2025-11-05T16:30:36.126+0000][gc,marking    ] GC(180) Concurrent Scan Root Regions 4.170ms
[2025-11-05T16:30:36.126+0000][gc,marking    ] GC(180) Concurrent Mark (12566.444s)
[2025-11-05T16:30:36.126+0000][gc,marking    ] GC(180) Concurrent Mark From Roots
[2025-11-05T16:30:36.127+0000][gc,task       ] GC(180) Using 1 workers of 1 for marking
[2025-11-05T16:30:36.159+0000][gc,marking    ] GC(180) Concurrent Mark From Roots 32.192ms
[2025-11-05T16:30:36.159+0000][gc,marking    ] GC(180) Concurrent Preclean
[2025-11-05T16:30:36.160+0000][gc,marking    ] GC(180) Concurrent Preclean 0.328ms
[2025-11-05T16:30:36.160+0000][gc,marking    ] GC(180) Concurrent Mark (12566.444s, 12566.477s) 33.624ms
[2025-11-05T16:30:36.160+0000][gc,start      ] GC(180) Pause Remark
[2025-11-05T16:30:36.173+0000][gc,stringtable] GC(180) Cleaned string and symbol table, strings: 16856 processed, 0 removed, symbols: 123851 processed, 0 removed
[2025-11-05T16:30:36.174+0000][gc            ] GC(180) Pause Remark 202M->202M(527M) 13.381ms
[2025-11-05T16:30:36.174+0000][gc,cpu        ] GC(180) User=0.03s Sys=0.00s Real=0.01s
[2025-11-05T16:30:36.174+0000][gc,marking    ] GC(180) Concurrent Rebuild Remembered Sets
[2025-11-05T16:30:36.194+0000][gc,marking    ] GC(180) Concurrent Rebuild Remembered Sets 19.036ms
[2025-11-05T16:30:36.194+0000][gc,start      ] GC(180) Pause Cleanup
[2025-11-05T16:30:36.194+0000][gc            ] GC(180) Pause Cleanup 202M->202M(527M) 0.454ms
[2025-11-05T16:30:36.195+0000][gc,cpu        ] GC(180) User=0.00s Sys=0.00s Real=0.00s
[2025-11-05T16:30:36.195+0000][gc,marking    ] GC(180) Concurrent Cleanup for Next Mark
[2025-11-05T16:30:36.196+0000][gc,marking    ] GC(180) Concurrent Cleanup for Next Mark 0.727ms
[2025-11-05T16:30:36.196+0000][gc            ] GC(180) Concurrent Cycle 76.481ms
[2025-11-05T16:31:34.347+0000][gc,start      ] GC(181) Pause Young (Prepare Mixed) (G1 Evacuation Pause)
[2025-11-05T16:31:34.347+0000][gc,task       ] GC(181) Using 2 workers of 2 for evacuation
[2025-11-05T16:31:34.363+0000][gc,phases     ] GC(181)   Pre Evacuate Collection Set: 0.0ms
[2025-11-05T16:31:34.363+0000][gc,phases     ] GC(181)   Evacuate Collection Set: 13.7ms
[2025-11-05T16:31:34.363+0000][gc,phases     ] GC(181)   Post Evacuate Collection Set: 0.8ms
[2025-11-05T16:31:34.363+0000][gc,phases     ] GC(181)   Other: 0.8ms
[2025-11-05T16:31:34.363+0000][gc,heap       ] GC(181) Eden regions: 48->0(20)
[2025-11-05T16:31:34.364+0000][gc,heap       ] GC(181) Survivor regions: 5->6(7)
[2025-11-05T16:31:34.364+0000][gc,heap       ] GC(181) Old regions: 51->52
[2025-11-05T16:31:34.364+0000][gc,heap       ] GC(181) Humongous regions: 147->147
[2025-11-05T16:31:34.364+0000][gc,metaspace  ] GC(181) Metaspace: 53101K(55984K)->53101K(55984K) NonClass: 47178K(48816K)->47178K(48816K) Class: 5922K(7168K)->5922K(7168K)
[2025-11-05T16:31:34.364+0000][gc            ] GC(181) Pause Young (Prepare Mixed) (G1 Evacuation Pause) 250M->204M(527M) 16.955ms
[2025-11-05T16:31:34.364+0000][gc,cpu        ] GC(181) User=0.03s Sys=0.00s Real=0.02s
[2025-11-05T16:31:58.423+0000][gc,start      ] GC(182) Pause Young (Mixed) (G1 Evacuation Pause)
[2025-11-05T16:31:58.423+0000][gc,task       ] GC(182) Using 2 workers of 2 for evacuation
[2025-11-05T16:31:58.441+0000][gc,phases     ] GC(182)   Pre Evacuate Collection Set: 0.0ms
[2025-11-05T16:31:58.441+0000][gc,phases     ] GC(182)   Evacuate Collection Set: 15.8ms
[2025-11-05T16:31:58.441+0000][gc,phases     ] GC(182)   Post Evacuate Collection Set: 1.0ms
[2025-11-05T16:31:58.442+0000][gc,phases     ] GC(182)   Other: 0.7ms
[2025-11-05T16:31:58.442+0000][gc,heap       ] GC(182) Eden regions: 20->0(51)
[2025-11-05T16:31:58.442+0000][gc,heap       ] GC(182) Survivor regions: 6->3(4)
[2025-11-05T16:31:58.442+0000][gc,heap       ] GC(182) Old regions: 52->51
[2025-11-05T16:31:58.443+0000][gc,heap       ] GC(182) Humongous regions: 147->147
[2025-11-05T16:31:58.443+0000][gc,metaspace  ] GC(182) Metaspace: 53101K(55984K)->53101K(55984K) NonClass: 47178K(48816K)->47178K(48816K) Class: 5922K(7168K)->5922K(7168K)
[2025-11-05T16:31:58.443+0000][gc            ] GC(182) Pause Young (Mixed) (G1 Evacuation Pause) 224M->200M(527M) 20.043ms
[2025-11-05T16:31:58.444+0000][gc,cpu        ] GC(182) User=0.03s Sys=0.00s Real=0.02s
[2025-11-05T16:33:00.081+0000][gc,start      ] GC(183) Pause Young (Concurrent Start) (G1 Evacuation Pause)
[2025-11-05T16:33:00.083+0000][gc,task       ] GC(183) Using 2 workers of 2 for evacuation
[2025-11-05T16:33:00.093+0000][gc,phases     ] GC(183)   Pre Evacuate Collection Set: 0.2ms
[2025-11-05T16:33:00.093+0000][gc,phases     ] GC(183)   Evacuate Collection Set: 9.3ms
[2025-11-05T16:33:00.093+0000][gc,phases     ] GC(183)   Post Evacuate Collection Set: 0.6ms
[2025-11-05T16:33:00.094+0000][gc,phases     ] GC(183)   Other: 1.4ms
[2025-11-05T16:33:00.094+0000][gc,heap       ] GC(183) Eden regions: 51->0(50)
[2025-11-05T16:33:00.094+0000][gc,heap       ] GC(183) Survivor regions: 3->5(7)
[2025-11-05T16:33:00.094+0000][gc,heap       ] GC(183) Old regions: 51->51
[2025-11-05T16:33:00.094+0000][gc,heap       ] GC(183) Humongous regions: 147->147
[2025-11-05T16:33:00.094+0000][gc,metaspace  ] GC(183) Metaspace: 53101K(55984K)->53101K(55984K) NonClass: 47178K(48816K)->47178K(48816K) Class: 5922K(7168K)->5922K(7168K)
[2025-11-05T16:33:00.094+0000][gc            ] GC(183) Pause Young (Concurrent Start) (G1 Evacuation Pause) 251M->202M(527M) 12.954ms
[2025-11-05T16:33:00.095+0000][gc,cpu        ] GC(183) User=0.02s Sys=0.00s Real=0.02s
[2025-11-05T16:33:00.095+0000][gc            ] GC(184) Concurrent Cycle
[2025-11-05T16:33:00.095+0000][gc,marking    ] GC(184) Concurrent Clear Claimed Marks
[2025-11-05T16:33:00.096+0000][gc,marking    ] GC(184) Concurrent Clear Claimed Marks 0.778ms
[2025-11-05T16:33:00.096+0000][gc,marking    ] GC(184) Concurrent Scan Root Regions
[2025-11-05T16:33:00.104+0000][gc,marking    ] GC(184) Concurrent Scan Root Regions 8.288ms
[2025-11-05T16:33:00.104+0000][gc,marking    ] GC(184) Concurrent Mark (12710.419s)
[2025-11-05T16:33:00.105+0000][gc,marking    ] GC(184) Concurrent Mark From Roots
[2025-11-05T16:33:00.105+0000][gc,task       ] GC(184) Using 1 workers of 1 for marking
[2025-11-05T16:33:00.135+0000][gc,marking    ] GC(184) Concurrent Mark From Roots 30.524ms
[2025-11-05T16:33:00.135+0000][gc,marking    ] GC(184) Concurrent Preclean
[2025-11-05T16:33:00.136+0000][gc,marking    ] GC(184) Concurrent Preclean 0.307ms
[2025-11-05T16:33:00.136+0000][gc,marking    ] GC(184) Concurrent Mark (12710.419s, 12710.450s) 31.413ms
[2025-11-05T16:33:00.136+0000][gc,start      ] GC(184) Pause Remark
[2025-11-05T16:33:00.144+0000][gc,stringtable] GC(184) Cleaned string and symbol table, strings: 16856 processed, 0 removed, symbols: 123851 processed, 0 removed
[2025-11-05T16:33:00.145+0000][gc            ] GC(184) Pause Remark 203M->203M(527M) 8.437ms
[2025-11-05T16:33:00.145+0000][gc,cpu        ] GC(184) User=0.02s Sys=0.00s Real=0.01s
[2025-11-05T16:33:00.145+0000][gc,marking    ] GC(184) Concurrent Rebuild Remembered Sets
[2025-11-05T16:33:00.165+0000][gc,marking    ] GC(184) Concurrent Rebuild Remembered Sets 19.353ms
[2025-11-05T16:33:00.165+0000][gc,start      ] GC(184) Pause Cleanup
[2025-11-05T16:33:00.166+0000][gc            ] GC(184) Pause Cleanup 203M->203M(527M) 0.343ms
[2025-11-05T16:33:00.166+0000][gc,cpu        ] GC(184) User=0.00s Sys=0.00s Real=0.00s
[2025-11-05T16:33:00.166+0000][gc,marking    ] GC(184) Concurrent Cleanup for Next Mark
[2025-11-05T16:33:00.166+0000][gc,marking    ] GC(184) Concurrent Cleanup for Next Mark 0.610ms
[2025-11-05T16:33:00.167+0000][gc            ] GC(184) Concurrent Cycle 71.841ms
[2025-11-05T16:34:00.539+0000][gc,start      ] GC(185) Pause Young (Prepare Mixed) (G1 Evacuation Pause)
[2025-11-05T16:34:00.539+0000][gc,task       ] GC(185) Using 2 workers of 2 for evacuation
[2025-11-05T16:34:00.555+0000][gc,phases     ] GC(185)   Pre Evacuate Collection Set: 0.0ms
[2025-11-05T16:34:00.555+0000][gc,phases     ] GC(185)   Evacuate Collection Set: 14.4ms
[2025-11-05T16:34:00.555+0000][gc,phases     ] GC(185)   Post Evacuate Collection Set: 0.8ms
[2025-11-05T16:34:00.555+0000][gc,phases     ] GC(185)   Other: 1.0ms
[2025-11-05T16:34:00.556+0000][gc,heap       ] GC(185) Eden regions: 50->0(23)
[2025-11-05T16:34:00.556+0000][gc,heap       ] GC(185) Survivor regions: 5->3(7)
[2025-11-05T16:34:00.556+0000][gc,heap       ] GC(185) Old regions: 51->54
[2025-11-05T16:34:00.557+0000][gc,heap       ] GC(185) Humongous regions: 147->147
[2025-11-05T16:34:00.557+0000][gc,metaspace  ] GC(185) Metaspace: 53101K(55984K)->53101K(55984K) NonClass: 47178K(48816K)->47178K(48816K) Class: 5922K(7168K)->5922K(7168K)
[2025-11-05T16:34:00.557+0000][gc            ] GC(185) Pause Young (Prepare Mixed) (G1 Evacuation Pause) 252M->203M(527M) 18.422ms
[2025-11-05T16:34:00.557+0000][gc,cpu        ] GC(185) User=0.03s Sys=0.00s Real=0.02s
[2025-11-05T16:34:28.088+0000][gc,start      ] GC(186) Pause Young (Mixed) (G1 Evacuation Pause)
[2025-11-05T16:34:28.089+0000][gc,task       ] GC(186) Using 2 workers of 2 for evacuation
[2025-11-05T16:34:28.102+0000][gc,phases     ] GC(186)   Pre Evacuate Collection Set: 0.0ms
[2025-11-05T16:34:28.103+0000][gc,phases     ] GC(186)   Evacuate Collection Set: 11.5ms
[2025-11-05T16:34:28.103+0000][gc,phases     ] GC(186)   Post Evacuate Collection Set: 0.8ms
[2025-11-05T16:34:28.104+0000][gc,phases     ] GC(186)   Other: 1.1ms
[2025-11-05T16:34:28.104+0000][gc,heap       ] GC(186) Eden regions: 23->0(55)
[2025-11-05T16:34:28.104+0000][gc,heap       ] GC(186) Survivor regions: 3->2(4)
[2025-11-05T16:34:28.104+0000][gc,heap       ] GC(186) Old regions: 54->52
[2025-11-05T16:34:28.104+0000][gc,heap       ] GC(186) Humongous regions: 147->147
[2025-11-05T16:34:28.105+0000][gc,metaspace  ] GC(186) Metaspace: 53101K(55984K)->53101K(55984K) NonClass: 47178K(48816K)->47178K(48816K) Class: 5922K(7168K)->5922K(7168K)
[2025-11-05T16:34:28.105+0000][gc            ] GC(186) Pause Young (Mixed) (G1 Evacuation Pause) 226M->199M(527M) 16.792ms
[2025-11-05T16:34:28.105+0000][gc,cpu        ] GC(186) User=0.03s Sys=0.00s Real=0.02s
[2025-11-05T16:35:35.112+0000][gc,start      ] GC(187) Pause Young (Concurrent Start) (G1 Evacuation Pause)
[2025-11-05T16:35:35.112+0000][gc,task       ] GC(187) Using 2 workers of 2 for evacuation
[2025-11-05T16:35:35.126+0000][gc,phases     ] GC(187)   Pre Evacuate Collection Set: 0.2ms
[2025-11-05T16:35:35.127+0000][gc,phases     ] GC(187)   Evacuate Collection Set: 11.9ms
[2025-11-05T16:35:35.127+0000][gc,phases     ] GC(187)   Post Evacuate Collection Set: 0.9ms
[2025-11-05T16:35:35.127+0000][gc,phases     ] GC(187)   Other: 1.7ms
[2025-11-05T16:35:35.127+0000][gc,heap       ] GC(187) Eden regions: 55->0(52)
[2025-11-05T16:35:35.127+0000][gc,heap       ] GC(187) Survivor regions: 2->5(8)
[2025-11-05T16:35:35.128+0000][gc,heap       ] GC(187) Old regions: 52->52
[2025-11-05T16:35:35.128+0000][gc,heap       ] GC(187) Humongous regions: 147->147
[2025-11-05T16:35:35.128+0000][gc,metaspace  ] GC(187) Metaspace: 53102K(55984K)->53102K(55984K) NonClass: 47179K(48816K)->47179K(48816K) Class: 5922K(7168K)->5922K(7168K)
[2025-11-05T16:35:35.128+0000][gc            ] GC(187) Pause Young (Concurrent Start) (G1 Evacuation Pause) 254M->202M(527M) 16.508ms
[2025-11-05T16:35:35.128+0000][gc,cpu        ] GC(187) User=0.03s Sys=0.00s Real=0.02s
[2025-11-05T16:35:35.129+0000][gc            ] GC(188) Concurrent Cycle
[2025-11-05T16:35:35.129+0000][gc,marking    ] GC(188) Concurrent Clear Claimed Marks
[2025-11-05T16:35:35.129+0000][gc,marking    ] GC(188) Concurrent Clear Claimed Marks 0.419ms
[2025-11-05T16:35:35.130+0000][gc,marking    ] GC(188) Concurrent Scan Root Regions
[2025-11-05T16:35:35.134+0000][gc,marking    ] GC(188) Concurrent Scan Root Regions 4.698ms
[2025-11-05T16:35:35.134+0000][gc,marking    ] GC(188) Concurrent Mark (12865.456s)
[2025-11-05T16:35:35.135+0000][gc,marking    ] GC(188) Concurrent Mark From Roots
[2025-11-05T16:35:35.135+0000][gc,task       ] GC(188) Using 1 workers of 1 for marking
[2025-11-05T16:35:35.172+0000][gc,marking    ] GC(188) Concurrent Mark From Roots 36.904ms
[2025-11-05T16:35:35.172+0000][gc,marking    ] GC(188) Concurrent Preclean
[2025-11-05T16:35:35.172+0000][gc,marking    ] GC(188) Concurrent Preclean 0.344ms
[2025-11-05T16:35:35.172+0000][gc,marking    ] GC(188) Concurrent Mark (12865.456s, 12865.494s) 37.874ms
[2025-11-05T16:35:35.173+0000][gc,start      ] GC(188) Pause Remark
[2025-11-05T16:35:35.182+0000][gc,stringtable] GC(188) Cleaned string and symbol table, strings: 16856 processed, 0 removed, symbols: 123851 processed, 0 removed
[2025-11-05T16:35:35.183+0000][gc            ] GC(188) Pause Remark 202M->202M(527M) 10.411ms
[2025-11-05T16:35:35.184+0000][gc,cpu        ] GC(188) User=0.02s Sys=0.00s Real=0.01s
[2025-11-05T16:35:35.184+0000][gc,marking    ] GC(188) Concurrent Rebuild Remembered Sets
[2025-11-05T16:35:35.207+0000][gc,marking    ] GC(188) Concurrent Rebuild Remembered Sets 22.748ms
[2025-11-05T16:35:35.207+0000][gc,start      ] GC(188) Pause Cleanup
[2025-11-05T16:35:35.208+0000][gc            ] GC(188) Pause Cleanup 202M->202M(527M) 0.481ms
[2025-11-05T16:35:35.208+0000][gc,cpu        ] GC(188) User=0.00s Sys=0.00s Real=0.00s
[2025-11-05T16:35:35.208+0000][gc,marking    ] GC(188) Concurrent Cleanup for Next Mark
[2025-11-05T16:35:35.209+0000][gc,marking    ] GC(188) Concurrent Cleanup for Next Mark 0.851ms
[2025-11-05T16:35:35.209+0000][gc            ] GC(188) Concurrent Cycle 80.753ms
[2025-11-05T16:36:38.432+0000][gc,start      ] GC(189) Pause Young (Prepare Mixed) (G1 Evacuation Pause)
[2025-11-05T16:36:38.432+0000][gc,task       ] GC(189) Using 2 workers of 2 for evacuation
[2025-11-05T16:36:38.448+0000][gc,phases     ] GC(189)   Pre Evacuate Collection Set: 0.0ms
[2025-11-05T16:36:38.448+0000][gc,phases     ] GC(189)   Evacuate Collection Set: 14.5ms
[2025-11-05T16:36:38.448+0000][gc,phases     ] GC(189)   Post Evacuate Collection Set: 0.6ms
[2025-11-05T16:36:38.448+0000][gc,phases     ] GC(189)   Other: 0.5ms
[2025-11-05T16:36:38.448+0000][gc,heap       ] GC(189) Eden regions: 52->0(19)
[2025-11-05T16:36:38.448+0000][gc,heap       ] GC(189) Survivor regions: 5->7(8)
[2025-11-05T16:36:38.449+0000][gc,heap       ] GC(189) Old regions: 52->53
[2025-11-05T16:36:38.449+0000][gc,heap       ] GC(189) Humongous regions: 147->147
[2025-11-05T16:36:38.449+0000][gc,metaspace  ] GC(189) Metaspace: 53102K(55984K)->53102K(55984K) NonClass: 47179K(48816K)->47179K(48816K) Class: 5922K(7168K)->5922K(7168K)
[2025-11-05T16:36:38.449+0000][gc            ] GC(189) Pause Young (Prepare Mixed) (G1 Evacuation Pause) 254M->205M(527M) 17.133ms
[2025-11-05T16:36:38.449+0000][gc,cpu        ] GC(189) User=0.03s Sys=0.00s Real=0.02s
[2025-11-05T16:37:01.116+0000][gc,start      ] GC(190) Pause Young (Mixed) (G1 Evacuation Pause)
[2025-11-05T16:37:01.116+0000][gc,task       ] GC(190) Using 2 workers of 2 for evacuation
[2025-11-05T16:37:01.129+0000][gc,phases     ] GC(190)   Pre Evacuate Collection Set: 0.0ms
[2025-11-05T16:37:01.129+0000][gc,phases     ] GC(190)   Evacuate Collection Set: 12.2ms
[2025-11-05T16:37:01.130+0000][gc,phases     ] GC(190)   Post Evacuate Collection Set: 0.7ms
[2025-11-05T16:37:01.130+0000][gc,phases     ] GC(190)   Other: 0.6ms
[2025-11-05T16:37:01.130+0000][gc,heap       ] GC(190) Eden regions: 19->0(59)
[2025-11-05T16:37:01.131+0000][gc,heap       ] GC(190) Survivor regions: 7->3(4)
[2025-11-05T16:37:01.131+0000][gc,heap       ] GC(190) Old regions: 53->51
[2025-11-05T16:37:01.131+0000][gc,heap       ] GC(190) Humongous regions: 147->147
[2025-11-05T16:37:01.131+0000][gc,metaspace  ] GC(190) Metaspace: 53102K(55984K)->53102K(55984K) NonClass: 47179K(48816K)->47179K(48816K) Class: 5922K(7168K)->5922K(7168K)
[2025-11-05T16:37:01.132+0000][gc            ] GC(190) Pause Young (Mixed) (G1 Evacuation Pause) 224M->200M(527M) 16.057ms
[2025-11-05T16:37:01.132+0000][gc,cpu        ] GC(190) User=0.02s Sys=0.00s Real=0.02s
[2025-11-05T16:38:11.955+0000][gc,start      ] GC(191) Pause Young (Concurrent Start) (G1 Evacuation Pause)
[2025-11-05T16:38:11.956+0000][gc,task       ] GC(191) Using 2 workers of 2 for evacuation
[2025-11-05T16:38:11.966+0000][gc,phases     ] GC(191)   Pre Evacuate Collection Set: 0.2ms
[2025-11-05T16:38:11.966+0000][gc,phases     ] GC(191)   Evacuate Collection Set: 9.4ms
[2025-11-05T16:38:11.967+0000][gc,phases     ] GC(191)   Post Evacuate Collection Set: 0.6ms
[2025-11-05T16:38:11.967+0000][gc,phases     ] GC(191)   Other: 0.6ms
[2025-11-05T16:38:11.967+0000][gc,heap       ] GC(191) Eden regions: 59->0(58)
[2025-11-05T16:38:11.967+0000][gc,heap       ] GC(191) Survivor regions: 3->6(8)
[2025-11-05T16:38:11.967+0000][gc,heap       ] GC(191) Old regions: 51->51
[2025-11-05T16:38:11.967+0000][gc,heap       ] GC(191) Humongous regions: 147->147
[2025-11-05T16:38:11.968+0000][gc,metaspace  ] GC(191) Metaspace: 53102K(55984K)->53102K(55984K) NonClass: 47179K(48816K)->47179K(48816K) Class: 5922K(7168K)->5922K(7168K)
[2025-11-05T16:38:11.968+0000][gc            ] GC(191) Pause Young (Concurrent Start) (G1 Evacuation Pause) 259M->203M(527M) 12.297ms
[2025-11-05T16:38:11.968+0000][gc,cpu        ] GC(191) User=0.02s Sys=0.00s Real=0.01s
[2025-11-05T16:38:11.968+0000][gc            ] GC(192) Concurrent Cycle
[2025-11-05T16:38:11.968+0000][gc,marking    ] GC(192) Concurrent Clear Claimed Marks
[2025-11-05T16:38:11.969+0000][gc,marking    ] GC(192) Concurrent Clear Claimed Marks 0.325ms
[2025-11-05T16:38:11.969+0000][gc,marking    ] GC(192) Concurrent Scan Root Regions
[2025-11-05T16:38:11.973+0000][gc,marking    ] GC(192) Concurrent Scan Root Regions 4.462ms
[2025-11-05T16:38:11.973+0000][gc,marking    ] GC(192) Concurrent Mark (13022.291s)
[2025-11-05T16:38:11.974+0000][gc,marking    ] GC(192) Concurrent Mark From Roots
[2025-11-05T16:38:11.974+0000][gc,task       ] GC(192) Using 1 workers of 1 for marking
[2025-11-05T16:38:12.003+0000][gc,marking    ] GC(192) Concurrent Mark From Roots 29.148ms
[2025-11-05T16:38:12.003+0000][gc,marking    ] GC(192) Concurrent Preclean
[2025-11-05T16:38:12.003+0000][gc,marking    ] GC(192) Concurrent Preclean 0.281ms
[2025-11-05T16:38:12.003+0000][gc,marking    ] GC(192) Concurrent Mark (13022.291s, 13022.321s) 29.982ms
[2025-11-05T16:38:12.004+0000][gc,start      ] GC(192) Pause Remark
[2025-11-05T16:38:12.011+0000][gc,stringtable] GC(192) Cleaned string and symbol table, strings: 16856 processed, 0 removed, symbols: 123851 processed, 0 removed
[2025-11-05T16:38:12.012+0000][gc            ] GC(192) Pause Remark 204M->204M(527M) 8.155ms
[2025-11-05T16:38:12.012+0000][gc,cpu        ] GC(192) User=0.01s Sys=0.00s Real=0.01s
[2025-11-05T16:38:12.012+0000][gc,marking    ] GC(192) Concurrent Rebuild Remembered Sets
[2025-11-05T16:38:12.030+0000][gc,marking    ] GC(192) Concurrent Rebuild Remembered Sets 17.645ms
[2025-11-05T16:38:12.031+0000][gc,start      ] GC(192) Pause Cleanup
[2025-11-05T16:38:12.031+0000][gc            ] GC(192) Pause Cleanup 204M->204M(527M) 0.389ms
[2025-11-05T16:38:12.031+0000][gc,cpu        ] GC(192) User=0.00s Sys=0.00s Real=0.00s
[2025-11-05T16:38:12.031+0000][gc,marking    ] GC(192) Concurrent Cleanup for Next Mark
[2025-11-05T16:38:12.032+0000][gc,marking    ] GC(192) Concurrent Cleanup for Next Mark 0.678ms
[2025-11-05T16:38:12.032+0000][gc            ] GC(192) Concurrent Cycle 64.187ms
[2025-11-05T16:39:22.314+0000][gc,start      ] GC(193) Pause Young (Prepare Mixed) (G1 Evacuation Pause)
[2025-11-05T16:39:22.314+0000][gc,task       ] GC(193) Using 2 workers of 2 for evacuation
[2025-11-05T16:39:22.328+0000][gc,phases     ] GC(193)   Pre Evacuate Collection Set: 0.3ms
[2025-11-05T16:39:22.328+0000][gc,phases     ] GC(193)   Evacuate Collection Set: 12.0ms
[2025-11-05T16:39:22.328+0000][gc,phases     ] GC(193)   Post Evacuate Collection Set: 0.6ms
[2025-11-05T16:39:22.328+0000][gc,phases     ] GC(193)   Other: 0.7ms
[2025-11-05T16:39:22.328+0000][gc,heap       ] GC(193) Eden regions: 58->0(22)
[2025-11-05T16:39:22.328+0000][gc,heap       ] GC(193) Survivor regions: 6->4(8)
[2025-11-05T16:39:22.328+0000][gc,heap       ] GC(193) Old regions: 51->55
[2025-11-05T16:39:22.329+0000][gc,heap       ] GC(193) Humongous regions: 147->147
[2025-11-05T16:39:22.329+0000][gc,metaspace  ] GC(193) Metaspace: 53102K(55984K)->53102K(55984K) NonClass: 47179K(48816K)->47179K(48816K) Class: 5922K(7168K)->5922K(7168K)
[2025-11-05T16:39:22.329+0000][gc            ] GC(193) Pause Young (Prepare Mixed) (G1 Evacuation Pause) 261M->205M(527M) 14.891ms
[2025-11-05T16:39:22.329+0000][gc,cpu        ] GC(193) User=0.02s Sys=0.00s Real=0.01s
[2025-11-05T16:39:48.800+0000][gc,start      ] GC(194) Pause Young (Mixed) (G1 Evacuation Pause)
[2025-11-05T16:39:48.801+0000][gc,task       ] GC(194) Using 2 workers of 2 for evacuation
[2025-11-05T16:39:48.812+0000][gc,phases     ] GC(194)   Pre Evacuate Collection Set: 0.0ms
[2025-11-05T16:39:48.812+0000][gc,phases     ] GC(194)   Evacuate Collection Set: 9.9ms
[2025-11-05T16:39:48.812+0000][gc,phases     ] GC(194)   Post Evacuate Collection Set: 0.7ms
[2025-11-05T16:39:48.812+0000][gc,phases     ] GC(194)   Other: 0.7ms
[2025-11-05T16:39:48.813+0000][gc,heap       ] GC(194) Eden regions: 22->0(70)
[2025-11-05T16:39:48.813+0000][gc,heap       ] GC(194) Survivor regions: 4->3(4)
[2025-11-05T16:39:48.813+0000][gc,heap       ] GC(194) Old regions: 55->52
[2025-11-05T16:39:48.814+0000][gc,heap       ] GC(194) Humongous regions: 147->147
[2025-11-05T16:39:48.814+0000][gc,metaspace  ] GC(194) Metaspace: 53106K(55984K)->53106K(55984K) NonClass: 47183K(48816K)->47183K(48816K) Class: 5922K(7168K)->5922K(7168K)
[2025-11-05T16:39:48.814+0000][gc            ] GC(194) Pause Young (Mixed) (G1 Evacuation Pause) 227M->201M(527M) 13.656ms
[2025-11-05T16:39:48.814+0000][gc,cpu        ] GC(194) User=0.02s Sys=0.00s Real=0.02s
[2025-11-05T16:41:14.338+0000][gc,start      ] GC(195) Pause Young (Concurrent Start) (G1 Evacuation Pause)
[2025-11-05T16:41:14.339+0000][gc,task       ] GC(195) Using 2 workers of 2 for evacuation
[2025-11-05T16:41:14.350+0000][gc,phases     ] GC(195)   Pre Evacuate Collection Set: 0.2ms
[2025-11-05T16:41:14.350+0000][gc,phases     ] GC(195)   Evacuate Collection Set: 10.2ms
[2025-11-05T16:41:14.350+0000][gc,phases     ] GC(195)   Post Evacuate Collection Set: 0.6ms
[2025-11-05T16:41:14.350+0000][gc,phases     ] GC(195)   Other: 0.6ms
[2025-11-05T16:41:14.351+0000][gc,heap       ] GC(195) Eden regions: 70->0(67)
[2025-11-05T16:41:14.351+0000][gc,heap       ] GC(195) Survivor regions: 3->5(10)
[2025-11-05T16:41:14.351+0000][gc,heap       ] GC(195) Old regions: 52->52
[2025-11-05T16:41:14.351+0000][gc,heap       ] GC(195) Humongous regions: 147->147
[2025-11-05T16:41:14.351+0000][gc,metaspace  ] GC(195) Metaspace: 53106K(55984K)->53106K(55984K) NonClass: 47183K(48816K)->47183K(48816K) Class: 5922K(7168K)->5922K(7168K)
[2025-11-05T16:41:14.351+0000][gc            ] GC(195) Pause Young (Concurrent Start) (G1 Evacuation Pause) 271M->204M(527M) 13.006ms
[2025-11-05T16:41:14.352+0000][gc,cpu        ] GC(195) User=0.02s Sys=0.00s Real=0.01s
[2025-11-05T16:41:14.352+0000][gc            ] GC(196) Concurrent Cycle
[2025-11-05T16:41:14.352+0000][gc,marking    ] GC(196) Concurrent Clear Claimed Marks
[2025-11-05T16:41:14.353+0000][gc,marking    ] GC(196) Concurrent Clear Claimed Marks 0.358ms
[2025-11-05T16:41:14.353+0000][gc,marking    ] GC(196) Concurrent Scan Root Regions
[2025-11-05T16:41:14.357+0000][gc,marking    ] GC(196) Concurrent Scan Root Regions 4.496ms
[2025-11-05T16:41:14.357+0000][gc,marking    ] GC(196) Concurrent Mark (13204.671s)
[2025-11-05T16:41:14.358+0000][gc,marking    ] GC(196) Concurrent Mark From Roots
[2025-11-05T16:41:14.358+0000][gc,task       ] GC(196) Using 1 workers of 1 for marking
[2025-11-05T16:41:14.387+0000][gc,marking    ] GC(196) Concurrent Mark From Roots 29.292ms
[2025-11-05T16:41:14.387+0000][gc,marking    ] GC(196) Concurrent Preclean
[2025-11-05T16:41:14.388+0000][gc,marking    ] GC(196) Concurrent Preclean 0.303ms
[2025-11-05T16:41:14.388+0000][gc,marking    ] GC(196) Concurrent Mark (13204.671s, 13204.701s) 30.212ms
[2025-11-05T16:41:14.388+0000][gc,start      ] GC(196) Pause Remark
[2025-11-05T16:41:14.396+0000][gc,stringtable] GC(196) Cleaned string and symbol table, strings: 16856 processed, 0 removed, symbols: 123851 processed, 0 removed
[2025-11-05T16:41:14.396+0000][gc            ] GC(196) Pause Remark 205M->205M(527M) 8.401ms
[2025-11-05T16:41:14.397+0000][gc,cpu        ] GC(196) User=0.02s Sys=0.00s Real=0.01s
[2025-11-05T16:41:14.397+0000][gc,marking    ] GC(196) Concurrent Rebuild Remembered Sets
[2025-11-05T16:41:14.416+0000][gc,marking    ] GC(196) Concurrent Rebuild Remembered Sets 18.573ms
[2025-11-05T16:41:14.416+0000][gc,start      ] GC(196) Pause Cleanup
[2025-11-05T16:41:14.417+0000][gc            ] GC(196) Pause Cleanup 205M->205M(527M) 0.446ms
[2025-11-05T16:41:14.417+0000][gc,cpu        ] GC(196) User=0.00s Sys=0.00s Real=0.00s
[2025-11-05T16:41:14.417+0000][gc,marking    ] GC(196) Concurrent Cleanup for Next Mark
[2025-11-05T16:41:14.418+0000][gc,marking    ] GC(196) Concurrent Cleanup for Next Mark 0.744ms
[2025-11-05T16:41:14.418+0000][gc            ] GC(196) Concurrent Cycle 66.178ms
[2025-11-05T16:42:34.951+0000][gc,start      ] GC(197) Pause Young (Prepare Mixed) (G1 Evacuation Pause)
[2025-11-05T16:42:34.951+0000][gc,task       ] GC(197) Using 2 workers of 2 for evacuation
[2025-11-05T16:42:34.965+0000][gc,phases     ] GC(197)   Pre Evacuate Collection Set: 0.0ms
[2025-11-05T16:42:34.965+0000][gc,phases     ] GC(197)   Evacuate Collection Set: 12.8ms
[2025-11-05T16:42:34.965+0000][gc,phases     ] GC(197)   Post Evacuate Collection Set: 0.5ms
[2025-11-05T16:42:34.966+0000][gc,phases     ] GC(197)   Other: 0.5ms
[2025-11-05T16:42:34.966+0000][gc,heap       ] GC(197) Eden regions: 67->0(19)
[2025-11-05T16:42:34.966+0000][gc,heap       ] GC(197) Survivor regions: 5->7(9)
[2025-11-05T16:42:34.966+0000][gc,heap       ] GC(197) Old regions: 52->53
[2025-11-05T16:42:34.966+0000][gc,heap       ] GC(197) Humongous regions: 147->147
[2025-11-05T16:42:34.966+0000][gc,metaspace  ] GC(197) Metaspace: 53106K(55984K)->53106K(55984K) NonClass: 47183K(48816K)->47183K(48816K) Class: 5922K(7168K)->5922K(7168K)
[2025-11-05T16:42:34.967+0000][gc            ] GC(197) Pause Young (Prepare Mixed) (G1 Evacuation Pause) 271M->206M(527M) 15.334ms
[2025-11-05T16:42:34.967+0000][gc,cpu        ] GC(197) User=0.02s Sys=0.00s Real=0.01s
[2025-11-05T16:42:57.855+0000][gc,start      ] GC(198) Pause Young (Mixed) (G1 Evacuation Pause)
[2025-11-05T16:42:57.855+0000][gc,task       ] GC(198) Using 2 workers of 2 for evacuation
[2025-11-05T16:42:57.873+0000][gc,phases     ] GC(198)   Pre Evacuate Collection Set: 0.0ms
[2025-11-05T16:42:57.873+0000][gc,phases     ] GC(198)   Evacuate Collection Set: 16.1ms
[2025-11-05T16:42:57.873+0000][gc,phases     ] GC(198)   Post Evacuate Collection Set: 0.8ms
[2025-11-05T16:42:57.873+0000][gc,phases     ] GC(198)   Other: 1.0ms
[2025-11-05T16:42:57.873+0000][gc,heap       ] GC(198) Eden regions: 19->0(71)
[2025-11-05T16:42:57.874+0000][gc,heap       ] GC(198) Survivor regions: 7->2(4)
[2025-11-05T16:42:57.874+0000][gc,heap       ] GC(198) Old regions: 53->52
[2025-11-05T16:42:57.874+0000][gc,heap       ] GC(198) Humongous regions: 147->147
[2025-11-05T16:42:57.874+0000][gc,metaspace  ] GC(198) Metaspace: 53106K(55984K)->53106K(55984K) NonClass: 47183K(48816K)->47183K(48816K) Class: 5922K(7168K)->5922K(7168K)
[2025-11-05T16:42:57.874+0000][gc            ] GC(198) Pause Young (Mixed) (G1 Evacuation Pause) 225M->201M(527M) 19.613ms
[2025-11-05T16:42:57.875+0000][gc,cpu        ] GC(198) User=0.03s Sys=0.00s Real=0.02s
[2025-11-05T16:44:23.841+0000][gc,start      ] GC(199) Pause Young (Concurrent Start) (G1 Evacuation Pause)
[2025-11-05T16:44:23.842+0000][gc,task       ] GC(199) Using 2 workers of 2 for evacuation
[2025-11-05T16:44:23.851+0000][gc,phases     ] GC(199)   Pre Evacuate Collection Set: 0.2ms
[2025-11-05T16:44:23.852+0000][gc,phases     ] GC(199)   Evacuate Collection Set: 8.7ms
[2025-11-05T16:44:23.852+0000][gc,phases     ] GC(199)   Post Evacuate Collection Set: 0.7ms
[2025-11-05T16:44:23.852+0000][gc,phases     ] GC(199)   Other: 0.5ms
[2025-11-05T16:44:23.852+0000][gc,heap       ] GC(199) Eden regions: 71->0(71)
[2025-11-05T16:44:23.852+0000][gc,heap       ] GC(199) Survivor regions: 2->5(10)
[2025-11-05T16:44:23.852+0000][gc,heap       ] GC(199) Old regions: 52->52
[2025-11-05T16:44:23.852+0000][gc,heap       ] GC(199) Humongous regions: 147->147
[2025-11-05T16:44:23.852+0000][gc,metaspace  ] GC(199) Metaspace: 53106K(55984K)->53106K(55984K) NonClass: 47183K(48816K)->47183K(48816K) Class: 5922K(7168K)->5922K(7168K)
[2025-11-05T16:44:23.853+0000][gc            ] GC(199) Pause Young (Concurrent Start) (G1 Evacuation Pause) 272M->203M(527M) 11.241ms
[2025-11-05T16:44:23.853+0000][gc,cpu        ] GC(199) User=0.02s Sys=0.00s Real=0.01s
[2025-11-05T16:44:23.853+0000][gc            ] GC(200) Concurrent Cycle
[2025-11-05T16:44:23.853+0000][gc,marking    ] GC(200) Concurrent Clear Claimed Marks
[2025-11-05T16:44:23.854+0000][gc,marking    ] GC(200) Concurrent Clear Claimed Marks 0.357ms
[2025-11-05T16:44:23.854+0000][gc,marking    ] GC(200) Concurrent Scan Root Regions
[2025-11-05T16:44:23.858+0000][gc,marking    ] GC(200) Concurrent Scan Root Regions 4.039ms
[2025-11-05T16:44:23.858+0000][gc,marking    ] GC(200) Concurrent Mark (13394.167s)
[2025-11-05T16:44:23.858+0000][gc,marking    ] GC(200) Concurrent Mark From Roots
[2025-11-05T16:44:23.858+0000][gc,task       ] GC(200) Using 1 workers of 1 for marking
[2025-11-05T16:44:23.887+0000][gc,marking    ] GC(200) Concurrent Mark From Roots 28.983ms
[2025-11-05T16:44:23.887+0000][gc,marking    ] GC(200) Concurrent Preclean
[2025-11-05T16:44:23.888+0000][gc,marking    ] GC(200) Concurrent Preclean 0.265ms
[2025-11-05T16:44:23.888+0000][gc,marking    ] GC(200) Concurrent Mark (13394.167s, 13394.196s) 29.695ms
[2025-11-05T16:44:23.888+0000][gc,start      ] GC(200) Pause Remark
[2025-11-05T16:44:23.896+0000][gc,stringtable] GC(200) Cleaned string and symbol table, strings: 16858 processed, 0 removed, symbols: 123851 processed, 0 removed
[2025-11-05T16:44:23.897+0000][gc            ] GC(200) Pause Remark 204M->204M(527M) 8.352ms
[2025-11-05T16:44:23.897+0000][gc,cpu        ] GC(200) User=0.01s Sys=0.00s Real=0.01s
[2025-11-05T16:44:23.897+0000][gc,marking    ] GC(200) Concurrent Rebuild Remembered Sets
[2025-11-05T16:44:23.915+0000][gc,marking    ] GC(200) Concurrent Rebuild Remembered Sets 18.230ms
[2025-11-05T16:44:23.916+0000][gc,start      ] GC(200) Pause Cleanup
[2025-11-05T16:44:23.916+0000][gc            ] GC(200) Pause Cleanup 204M->204M(527M) 0.343ms
[2025-11-05T16:44:23.916+0000][gc,cpu        ] GC(200) User=0.00s Sys=0.00s Real=0.00s
[2025-11-05T16:44:23.916+0000][gc,marking    ] GC(200) Concurrent Cleanup for Next Mark
[2025-11-05T16:44:23.917+0000][gc,marking    ] GC(200) Concurrent Cleanup for Next Mark 0.606ms
[2025-11-05T16:44:23.917+0000][gc            ] GC(200) Concurrent Cycle 64.146ms
[2025-11-05T16:45:50.192+0000][gc,start      ] GC(201) Pause Young (Prepare Mixed) (G1 Evacuation Pause)
[2025-11-05T16:45:50.192+0000][gc,task       ] GC(201) Using 2 workers of 2 for evacuation
[2025-11-05T16:45:50.206+0000][gc,phases     ] GC(201)   Pre Evacuate Collection Set: 0.0ms
[2025-11-05T16:45:50.206+0000][gc,phases     ] GC(201)   Evacuate Collection Set: 13.1ms
[2025-11-05T16:45:50.207+0000][gc,phases     ] GC(201)   Post Evacuate Collection Set: 0.5ms
[2025-11-05T16:45:50.207+0000][gc,phases     ] GC(201)   Other: 0.7ms
[2025-11-05T16:45:50.207+0000][gc,heap       ] GC(201) Eden regions: 71->0(18)
[2025-11-05T16:45:50.207+0000][gc,heap       ] GC(201) Survivor regions: 5->8(10)
[2025-11-05T16:45:50.207+0000][gc,heap       ] GC(201) Old regions: 52->52
[2025-11-05T16:45:50.207+0000][gc,heap       ] GC(201) Humongous regions: 147->147
[2025-11-05T16:45:50.207+0000][gc,metaspace  ] GC(201) Metaspace: 53106K(55984K)->53106K(55984K) NonClass: 47183K(48816K)->47183K(48816K) Class: 5922K(7168K)->5922K(7168K)
[2025-11-05T16:45:50.208+0000][gc            ] GC(201) Pause Young (Prepare Mixed) (G1 Evacuation Pause) 274M->206M(527M) 15.822ms
[2025-11-05T16:45:50.208+0000][gc,cpu        ] GC(201) User=0.02s Sys=0.00s Real=0.02s
[2025-11-05T16:46:11.370+0000][gc,start      ] GC(202) Pause Young (Mixed) (G1 Evacuation Pause)
[2025-11-05T16:46:11.370+0000][gc,task       ] GC(202) Using 2 workers of 2 for evacuation
[2025-11-05T16:46:11.383+0000][gc,phases     ] GC(202)   Pre Evacuate Collection Set: 0.0ms
[2025-11-05T16:46:11.383+0000][gc,phases     ] GC(202)   Evacuate Collection Set: 11.5ms
[2025-11-05T16:46:11.383+0000][gc,phases     ] GC(202)   Post Evacuate Collection Set: 0.7ms
[2025-11-05T16:46:11.383+0000][gc,phases     ] GC(202)   Other: 0.5ms
[2025-11-05T16:46:11.384+0000][gc,heap       ] GC(202) Eden regions: 18->0(79)
[2025-11-05T16:46:11.384+0000][gc,heap       ] GC(202) Survivor regions: 8->2(4)
[2025-11-05T16:46:11.384+0000][gc,heap       ] GC(202) Old regions: 52->53
[2025-11-05T16:46:11.384+0000][gc,heap       ] GC(202) Humongous regions: 147->147
[2025-11-05T16:46:11.384+0000][gc,metaspace  ] GC(202) Metaspace: 53106K(55984K)->53106K(55984K) NonClass: 47183K(48816K)->47183K(48816K) Class: 5922K(7168K)->5922K(7168K)
[2025-11-05T16:46:11.384+0000][gc            ] GC(202) Pause Young (Mixed) (G1 Evacuation Pause) 224M->200M(527M) 14.173ms
[2025-11-05T16:46:11.385+0000][gc,cpu        ] GC(202) User=0.02s Sys=0.00s Real=0.02s
[2025-11-05T16:47:47.530+0000][gc,start      ] GC(203) Pause Young (Concurrent Start) (G1 Evacuation Pause)
[2025-11-05T16:47:47.530+0000][gc,task       ] GC(203) Using 2 workers of 2 for evacuation
[2025-11-05T16:47:47.542+0000][gc,phases     ] GC(203)   Pre Evacuate Collection Set: 0.2ms
[2025-11-05T16:47:47.542+0000][gc,phases     ] GC(203)   Evacuate Collection Set: 10.5ms
[2025-11-05T16:47:47.542+0000][gc,phases     ] GC(203)   Post Evacuate Collection Set: 0.7ms
[2025-11-05T16:47:47.542+0000][gc,phases     ] GC(203)   Other: 0.6ms
[2025-11-05T16:47:47.543+0000][gc,heap       ] GC(203) Eden regions: 79->0(74)
[2025-11-05T16:47:47.543+0000][gc,heap       ] GC(203) Survivor regions: 2->6(11)
[2025-11-05T16:47:47.543+0000][gc,heap       ] GC(203) Old regions: 53->53
[2025-11-05T16:47:47.543+0000][gc,heap       ] GC(203) Humongous regions: 147->147
[2025-11-05T16:47:47.543+0000][gc,metaspace  ] GC(203) Metaspace: 53106K(55984K)->53106K(55984K) NonClass: 47183K(48816K)->47183K(48816K) Class: 5922K(7168K)->5922K(7168K)
[2025-11-05T16:47:47.543+0000][gc            ] GC(203) Pause Young (Concurrent Start) (G1 Evacuation Pause) 279M->204M(527M) 13.485ms
[2025-11-05T16:47:47.544+0000][gc,cpu        ] GC(203) User=0.02s Sys=0.00s Real=0.01s
[2025-11-05T16:47:47.544+0000][gc            ] GC(204) Concurrent Cycle
[2025-11-05T16:47:47.544+0000][gc,marking    ] GC(204) Concurrent Clear Claimed Marks
[2025-11-05T16:47:47.545+0000][gc,marking    ] GC(204) Concurrent Clear Claimed Marks 0.525ms
[2025-11-05T16:47:47.545+0000][gc,marking    ] GC(204) Concurrent Scan Root Regions
[2025-11-05T16:47:47.549+0000][gc,marking    ] GC(204) Concurrent Scan Root Regions 4.169ms
[2025-11-05T16:47:47.549+0000][gc,marking    ] GC(204) Concurrent Mark (13597.862s)
[2025-11-05T16:47:47.549+0000][gc,marking    ] GC(204) Concurrent Mark From Roots
[2025-11-05T16:47:47.549+0000][gc,task       ] GC(204) Using 1 workers of 1 for marking
[2025-11-05T16:47:47.578+0000][gc,marking    ] GC(204) Concurrent Mark From Roots 28.780ms
[2025-11-05T16:47:47.578+0000][gc,marking    ] GC(204) Concurrent Preclean
[2025-11-05T16:47:47.578+0000][gc,marking    ] GC(204) Concurrent Preclean 0.251ms
[2025-11-05T16:47:47.579+0000][gc,marking    ] GC(204) Concurrent Mark (13597.862s, 13597.891s) 29.535ms
[2025-11-05T16:47:47.579+0000][gc,start      ] GC(204) Pause Remark
[2025-11-05T16:47:47.587+0000][gc,stringtable] GC(204) Cleaned string and symbol table, strings: 16858 processed, 0 removed, symbols: 123851 processed, 0 removed
[2025-11-05T16:47:47.588+0000][gc            ] GC(204) Pause Remark 205M->205M(527M) 8.833ms
[2025-11-05T16:47:47.588+0000][gc,cpu        ] GC(204) User=0.02s Sys=0.00s Real=0.01s
[2025-11-05T16:47:47.588+0000][gc,marking    ] GC(204) Concurrent Rebuild Remembered Sets
[2025-11-05T16:47:47.608+0000][gc,marking    ] GC(204) Concurrent Rebuild Remembered Sets 19.221ms
[2025-11-05T16:47:47.608+0000][gc,start      ] GC(204) Pause Cleanup
[2025-11-05T16:47:47.609+0000][gc            ] GC(204) Pause Cleanup 205M->205M(527M) 0.454ms
[2025-11-05T16:47:47.609+0000][gc,cpu        ] GC(204) User=0.00s Sys=0.00s Real=0.00s
[2025-11-05T16:47:47.609+0000][gc,marking    ] GC(204) Concurrent Cleanup for Next Mark
[2025-11-05T16:47:47.610+0000][gc,marking    ] GC(204) Concurrent Cleanup for Next Mark 0.659ms
[2025-11-05T16:47:47.610+0000][gc            ] GC(204) Concurrent Cycle 66.061ms
[2025-11-05T16:49:17.473+0000][gc,start      ] GC(205) Pause Young (Prepare Mixed) (G1 Evacuation Pause)
[2025-11-05T16:49:17.473+0000][gc,task       ] GC(205) Using 2 workers of 2 for evacuation
[2025-11-05T16:49:17.488+0000][gc,phases     ] GC(205)   Pre Evacuate Collection Set: 0.0ms
[2025-11-05T16:49:17.489+0000][gc,phases     ] GC(205)   Evacuate Collection Set: 14.5ms
[2025-11-05T16:49:17.489+0000][gc,phases     ] GC(205)   Post Evacuate Collection Set: 0.6ms
[2025-11-05T16:49:17.489+0000][gc,phases     ] GC(205)   Other: 0.5ms
[2025-11-05T16:49:17.489+0000][gc,heap       ] GC(205) Eden regions: 74->0(17)
[2025-11-05T16:49:17.489+0000][gc,heap       ] GC(205) Survivor regions: 6->9(10)
[2025-11-05T16:49:17.489+0000][gc,heap       ] GC(205) Old regions: 53->53
[2025-11-05T16:49:17.489+0000][gc,heap       ] GC(205) Humongous regions: 147->147
[2025-11-05T16:49:17.489+0000][gc,metaspace  ] GC(205) Metaspace: 53106K(55984K)->53106K(55984K) NonClass: 47183K(48816K)->47183K(48816K) Class: 5922K(7168K)->5922K(7168K)
[2025-11-05T16:49:17.490+0000][gc            ] GC(205) Pause Young (Prepare Mixed) (G1 Evacuation Pause) 278M->208M(527M) 16.728ms
[2025-11-05T16:49:17.490+0000][gc,cpu        ] GC(205) User=0.03s Sys=0.00s Real=0.02s
[2025-11-05T16:49:37.456+0000][gc,start      ] GC(206) Pause Young (Mixed) (G1 Evacuation Pause)
[2025-11-05T16:49:37.456+0000][gc,task       ] GC(206) Using 2 workers of 2 for evacuation
[2025-11-05T16:49:37.470+0000][gc,phases     ] GC(206)   Pre Evacuate Collection Set: 0.0ms
[2025-11-05T16:49:37.471+0000][gc,phases     ] GC(206)   Evacuate Collection Set: 13.1ms
[2025-11-05T16:49:37.471+0000][gc,phases     ] GC(206)   Post Evacuate Collection Set: 0.7ms
[2025-11-05T16:49:37.471+0000][gc,phases     ] GC(206)   Other: 0.6ms
[2025-11-05T16:49:37.471+0000][gc,heap       ] GC(206) Eden regions: 17->0(84)
[2025-11-05T16:49:37.471+0000][gc,heap       ] GC(206) Survivor regions: 9->3(4)
[2025-11-05T16:49:37.471+0000][gc,heap       ] GC(206) Old regions: 53->53
[2025-11-05T16:49:37.472+0000][gc,heap       ] GC(206) Humongous regions: 147->147
[2025-11-05T16:49:37.472+0000][gc,metaspace  ] GC(206) Metaspace: 53106K(55984K)->53106K(55984K) NonClass: 47183K(48816K)->47183K(48816K) Class: 5922K(7168K)->5922K(7168K)
[2025-11-05T16:49:37.472+0000][gc            ] GC(206) Pause Young (Mixed) (G1 Evacuation Pause) 225M->202M(527M) 16.139ms
[2025-11-05T16:49:37.472+0000][gc,cpu        ] GC(206) User=0.03s Sys=0.00s Real=0.02s
[2025-11-05T16:51:20.562+0000][gc,start      ] GC(207) Pause Young (Concurrent Start) (G1 Evacuation Pause)
[2025-11-05T16:51:20.562+0000][gc,task       ] GC(207) Using 2 workers of 2 for evacuation
[2025-11-05T16:51:20.575+0000][gc,phases     ] GC(207)   Pre Evacuate Collection Set: 0.2ms
[2025-11-05T16:51:20.575+0000][gc,phases     ] GC(207)   Evacuate Collection Set: 10.6ms
[2025-11-05T16:51:20.575+0000][gc,phases     ] GC(207)   Post Evacuate Collection Set: 0.6ms
[2025-11-05T16:51:20.575+0000][gc,phases     ] GC(207)   Other: 1.7ms
[2025-11-05T16:51:20.575+0000][gc,heap       ] GC(207) Eden regions: 84->0(77)
[2025-11-05T16:51:20.576+0000][gc,heap       ] GC(207) Survivor regions: 3->5(11)
[2025-11-05T16:51:20.576+0000][gc,heap       ] GC(207) Old regions: 53->53
[2025-11-05T16:51:20.576+0000][gc,heap       ] GC(207) Humongous regions: 147->147
[2025-11-05T16:51:20.576+0000][gc,metaspace  ] GC(207) Metaspace: 53106K(55984K)->53106K(55984K) NonClass: 47183K(48816K)->47183K(48816K) Class: 5922K(7168K)->5922K(7168K)
[2025-11-05T16:51:20.576+0000][gc            ] GC(207) Pause Young (Concurrent Start) (G1 Evacuation Pause) 286M->204M(527M) 14.639ms
[2025-11-05T16:51:20.576+0000][gc,cpu        ] GC(207) User=0.02s Sys=0.00s Real=0.01s
[2025-11-05T16:51:20.577+0000][gc            ] GC(208) Concurrent Cycle
[2025-11-05T16:51:20.577+0000][gc,marking    ] GC(208) Concurrent Clear Claimed Marks
[2025-11-05T16:51:20.577+0000][gc,marking    ] GC(208) Concurrent Clear Claimed Marks 0.451ms
[2025-11-05T16:51:20.577+0000][gc,marking    ] GC(208) Concurrent Scan Root Regions
[2025-11-05T16:51:20.582+0000][gc,marking    ] GC(208) Concurrent Scan Root Regions 4.758ms
[2025-11-05T16:51:20.582+0000][gc,marking    ] GC(208) Concurrent Mark (13810.889s)
[2025-11-05T16:51:20.582+0000][gc,marking    ] GC(208) Concurrent Mark From Roots
[2025-11-05T16:51:20.583+0000][gc,task       ] GC(208) Using 1 workers of 1 for marking
[2025-11-05T16:51:20.615+0000][gc,marking    ] GC(208) Concurrent Mark From Roots 32.653ms
[2025-11-05T16:51:20.615+0000][gc,marking    ] GC(208) Concurrent Preclean
[2025-11-05T16:51:20.616+0000][gc,marking    ] GC(208) Concurrent Preclean 0.275ms
[2025-11-05T16:51:20.616+0000][gc,marking    ] GC(208) Concurrent Mark (13810.889s, 13810.923s) 33.427ms
[2025-11-05T16:51:20.616+0000][gc,start      ] GC(208) Pause Remark
[2025-11-05T16:51:20.624+0000][gc,stringtable] GC(208) Cleaned string and symbol table, strings: 16865 processed, 0 removed, symbols: 123851 processed, 0 removed
[2025-11-05T16:51:20.624+0000][gc            ] GC(208) Pause Remark 206M->206M(527M) 8.130ms
[2025-11-05T16:51:20.624+0000][gc,cpu        ] GC(208) User=0.02s Sys=0.00s Real=0.01s
[2025-11-05T16:51:20.625+0000][gc,marking    ] GC(208) Concurrent Rebuild Remembered Sets
[2025-11-05T16:51:20.643+0000][gc,marking    ] GC(208) Concurrent Rebuild Remembered Sets 17.932ms
[2025-11-05T16:51:20.643+0000][gc,start      ] GC(208) Pause Cleanup
[2025-11-05T16:51:20.643+0000][gc            ] GC(208) Pause Cleanup 206M->206M(527M) 0.352ms
[2025-11-05T16:51:20.644+0000][gc,cpu        ] GC(208) User=0.00s Sys=0.00s Real=0.00s
[2025-11-05T16:51:20.644+0000][gc,marking    ] GC(208) Concurrent Cleanup for Next Mark
[2025-11-05T16:51:20.644+0000][gc,marking    ] GC(208) Concurrent Cleanup for Next Mark 0.611ms
[2025-11-05T16:51:20.645+0000][gc            ] GC(208) Concurrent Cycle 67.989ms
[2025-11-05T16:52:53.910+0000][gc,start      ] GC(209) Pause Young (Prepare Mixed) (G1 Evacuation Pause)
[2025-11-05T16:52:53.910+0000][gc,task       ] GC(209) Using 2 workers of 2 for evacuation
[2025-11-05T16:52:53.925+0000][gc,phases     ] GC(209)   Pre Evacuate Collection Set: 0.0ms
[2025-11-05T16:52:53.925+0000][gc,phases     ] GC(209)   Evacuate Collection Set: 14.1ms
[2025-11-05T16:52:53.926+0000][gc,phases     ] GC(209)   Post Evacuate Collection Set: 0.6ms
[2025-11-05T16:52:53.926+0000][gc,phases     ] GC(209)   Other: 0.7ms
[2025-11-05T16:52:53.926+0000][gc,heap       ] GC(209) Eden regions: 77->0(17)
[2025-11-05T16:52:53.926+0000][gc,heap       ] GC(209) Survivor regions: 5->9(11)
[2025-11-05T16:52:53.926+0000][gc,heap       ] GC(209) Old regions: 53->53
[2025-11-05T16:52:53.926+0000][gc,heap       ] GC(209) Humongous regions: 147->147
[2025-11-05T16:52:53.927+0000][gc,metaspace  ] GC(209) Metaspace: 53106K(55984K)->53106K(55984K) NonClass: 47183K(48816K)->47183K(48816K) Class: 5922K(7168K)->5922K(7168K)
[2025-11-05T16:52:53.927+0000][gc            ] GC(209) Pause Young (Prepare Mixed) (G1 Evacuation Pause) 281M->208M(527M) 17.089ms
[2025-11-05T16:52:53.927+0000][gc,cpu        ] GC(209) User=0.03s Sys=0.00s Real=0.02s
[2025-11-05T16:53:12.242+0000][gc,start      ] GC(210) Pause Young (Mixed) (G1 Evacuation Pause)
[2025-11-05T16:53:12.242+0000][gc,task       ] GC(210) Using 2 workers of 2 for evacuation
[2025-11-05T16:53:12.256+0000][gc,phases     ] GC(210)   Pre Evacuate Collection Set: 0.0ms
[2025-11-05T16:53:12.256+0000][gc,phases     ] GC(210)   Evacuate Collection Set: 12.6ms
[2025-11-05T16:53:12.256+0000][gc,phases     ] GC(210)   Post Evacuate Collection Set: 0.7ms
[2025-11-05T16:53:12.257+0000][gc,phases     ] GC(210)   Other: 0.6ms
[2025-11-05T16:53:12.257+0000][gc,heap       ] GC(210) Eden regions: 17->0(86)
[2025-11-05T16:53:12.257+0000][gc,heap       ] GC(210) Survivor regions: 9->2(4)
[2025-11-05T16:53:12.257+0000][gc,heap       ] GC(210) Old regions: 53->54
[2025-11-05T16:53:12.257+0000][gc,heap       ] GC(210) Humongous regions: 147->147
[2025-11-05T16:53:12.257+0000][gc,metaspace  ] GC(210) Metaspace: 53114K(55984K)->53114K(55984K) NonClass: 47192K(48816K)->47192K(48816K) Class: 5922K(7168K)->5922K(7168K)
[2025-11-05T16:53:12.257+0000][gc            ] GC(210) Pause Young (Mixed) (G1 Evacuation Pause) 225M->202M(527M) 15.291ms
[2025-11-05T16:53:12.258+0000][gc,cpu        ] GC(210) User=0.03s Sys=0.00s Real=0.02s
[2025-11-05T16:56:16.962+0000][gc,start      ] GC(211) Pause Young (Normal) (G1 Evacuation Pause)
[2025-11-05T16:56:16.963+0000][gc,task       ] GC(211) Using 2 workers of 2 for evacuation
[2025-11-05T16:56:16.977+0000][gc,phases     ] GC(211)   Pre Evacuate Collection Set: 0.0ms
[2025-11-05T16:56:16.978+0000][gc,phases     ] GC(211)   Evacuate Collection Set: 13.8ms
[2025-11-05T16:56:16.978+0000][gc,phases     ] GC(211)   Post Evacuate Collection Set: 0.7ms
[2025-11-05T16:56:16.978+0000][gc,phases     ] GC(211)   Other: 0.5ms
[2025-11-05T16:56:16.978+0000][gc,heap       ] GC(211) Eden regions: 86->0(79)
[2025-11-05T16:56:16.978+0000][gc,heap       ] GC(211) Survivor regions: 2->9(11)
[2025-11-05T16:56:16.979+0000][gc,heap       ] GC(211) Old regions: 54->54
[2025-11-05T16:56:16.979+0000][gc,heap       ] GC(211) Humongous regions: 147->147
[2025-11-05T16:56:16.979+0000][gc,metaspace  ] GC(211) Metaspace: 53127K(55984K)->53127K(55984K) NonClass: 47204K(48816K)->47204K(48816K) Class: 5922K(7168K)->5922K(7168K)
[2025-11-05T16:56:16.980+0000][gc            ] GC(211) Pause Young (Normal) (G1 Evacuation Pause) 288M->208M(527M) 17.110ms
[2025-11-05T16:56:16.980+0000][gc,cpu        ] GC(211) User=0.03s Sys=0.00s Real=0.02s
[2025-11-05T16:59:31.933+0000][gc,start      ] GC(212) Pause Young (Normal) (G1 Evacuation Pause)
[2025-11-05T16:59:31.933+0000][gc,task       ] GC(212) Using 2 workers of 2 for evacuation
[2025-11-05T16:59:31.954+0000][gc,mmu        ] GC(212) MMU target violated: 20.9ms (20.0ms/21.0ms)
[2025-11-05T16:59:31.955+0000][gc,phases     ] GC(212)   Pre Evacuate Collection Set: 0.0ms
[2025-11-05T16:59:31.955+0000][gc,phases     ] GC(212)   Evacuate Collection Set: 20.1ms
[2025-11-05T16:59:31.955+0000][gc,phases     ] GC(212)   Post Evacuate Collection Set: 0.7ms
[2025-11-05T16:59:31.955+0000][gc,phases     ] GC(212)   Other: 0.7ms
[2025-11-05T16:59:31.955+0000][gc,heap       ] GC(212) Eden regions: 79->0(77)
[2025-11-05T16:59:31.955+0000][gc,heap       ] GC(212) Survivor regions: 9->7(11)
[2025-11-05T16:59:31.956+0000][gc,heap       ] GC(212) Old regions: 54->60
[2025-11-05T16:59:31.956+0000][gc,heap       ] GC(212) Humongous regions: 147->147
[2025-11-05T16:59:31.956+0000][gc,metaspace  ] GC(212) Metaspace: 53127K(55984K)->53127K(55984K) NonClass: 47204K(48816K)->47204K(48816K) Class: 5922K(7168K)->5922K(7168K)
[2025-11-05T16:59:31.956+0000][gc            ] GC(212) Pause Young (Normal) (G1 Evacuation Pause) 287M->213M(527M) 23.046ms
[2025-11-05T16:59:31.956+0000][gc,cpu        ] GC(212) User=0.05s Sys=0.00s Real=0.02s
[2025-11-05T17:02:42.200+0000][gc,start      ] GC(213) Pause Young (Concurrent Start) (G1 Evacuation Pause)
[2025-11-05T17:02:42.201+0000][gc,task       ] GC(213) Using 2 workers of 2 for evacuation
[2025-11-05T17:02:42.241+0000][gc,mmu        ] GC(213) MMU target violated: 21.0ms (20.0ms/21.0ms)
[2025-11-05T17:02:42.242+0000][gc,phases     ] GC(213)   Pre Evacuate Collection Set: 0.3ms
[2025-11-05T17:02:42.242+0000][gc,phases     ] GC(213)   Evacuate Collection Set: 37.7ms
[2025-11-05T17:02:42.243+0000][gc,phases     ] GC(213)   Post Evacuate Collection Set: 1.3ms
[2025-11-05T17:02:42.243+0000][gc,phases     ] GC(213)   Other: 2.0ms
[2025-11-05T17:02:42.244+0000][gc,heap       ] GC(213) Eden regions: 77->0(19)
[2025-11-05T17:02:42.244+0000][gc,heap       ] GC(213) Survivor regions: 7->7(11)
[2025-11-05T17:02:42.244+0000][gc,heap       ] GC(213) Old regions: 60->66
[2025-11-05T17:02:42.244+0000][gc,heap       ] GC(213) Humongous regions: 147->147
[2025-11-05T17:02:42.245+0000][gc,metaspace  ] GC(213) Metaspace: 53127K(55984K)->53127K(55984K) NonClass: 47204K(48816K)->47204K(48816K) Class: 5922K(7168K)->5922K(7168K)
[2025-11-05T17:02:42.245+0000][gc            ] GC(213) Pause Young (Concurrent Start) (G1 Evacuation Pause) 290M->220M(527M) 44.507ms
[2025-11-05T17:02:42.245+0000][gc,cpu        ] GC(213) User=0.08s Sys=0.00s Real=0.04s
[2025-11-05T17:02:42.246+0000][gc            ] GC(214) Concurrent Cycle
[2025-11-05T17:02:42.246+0000][gc,marking    ] GC(214) Concurrent Clear Claimed Marks
[2025-11-05T17:02:42.247+0000][gc,marking    ] GC(214) Concurrent Clear Claimed Marks 0.583ms
[2025-11-05T17:02:42.247+0000][gc,marking    ] GC(214) Concurrent Scan Root Regions
[2025-11-05T17:02:42.256+0000][gc,marking    ] GC(214) Concurrent Scan Root Regions 8.229ms
[2025-11-05T17:02:42.256+0000][gc,marking    ] GC(214) Concurrent Mark (14492.556s)
[2025-11-05T17:02:42.256+0000][gc,marking    ] GC(214) Concurrent Mark From Roots
[2025-11-05T17:02:42.257+0000][gc,task       ] GC(214) Using 1 workers of 1 for marking
[2025-11-05T17:02:42.311+0000][gc,marking    ] GC(214) Concurrent Mark From Roots 54.580ms
[2025-11-05T17:02:42.311+0000][gc,marking    ] GC(214) Concurrent Preclean
[2025-11-05T17:02:42.312+0000][gc,marking    ] GC(214) Concurrent Preclean 0.758ms
[2025-11-05T17:02:42.312+0000][gc,marking    ] GC(214) Concurrent Mark (14492.556s, 14492.613s) 56.307ms
[2025-11-05T17:02:42.313+0000][gc,start      ] GC(214) Pause Remark
[2025-11-05T17:02:42.325+0000][gc,stringtable] GC(214) Cleaned string and symbol table, strings: 16893 processed, 0 removed, symbols: 123851 processed, 0 removed
[2025-11-05T17:02:42.326+0000][gc            ] GC(214) Pause Remark 220M->220M(527M) 13.032ms
[2025-11-05T17:02:42.327+0000][gc,cpu        ] GC(214) User=0.02s Sys=0.00s Real=0.01s
[2025-11-05T17:02:42.327+0000][gc,marking    ] GC(214) Concurrent Rebuild Remembered Sets
[2025-11-05T17:02:42.354+0000][gc,marking    ] GC(214) Concurrent Rebuild Remembered Sets 27.379ms
[2025-11-05T17:02:42.355+0000][gc,start      ] GC(214) Pause Cleanup
[2025-11-05T17:02:42.356+0000][gc            ] GC(214) Pause Cleanup 220M->220M(527M) 0.588ms
[2025-11-05T17:02:42.356+0000][gc,cpu        ] GC(214) User=0.00s Sys=0.00s Real=0.00s
[2025-11-05T17:02:42.356+0000][gc,marking    ] GC(214) Concurrent Cleanup for Next Mark
[2025-11-05T17:02:42.357+0000][gc,marking    ] GC(214) Concurrent Cleanup for Next Mark 0.900ms
[2025-11-05T17:02:42.357+0000][gc            ] GC(214) Concurrent Cycle 111.345ms
[2025-11-05T17:03:27.543+0000][gc,start      ] GC(215) Pause Young (Prepare Mixed) (G1 Evacuation Pause)
[2025-11-05T17:03:27.544+0000][gc,task       ] GC(215) Using 2 workers of 2 for evacuation
[2025-11-05T17:03:27.572+0000][gc,mmu        ] GC(215) MMU target violated: 21.0ms (20.0ms/21.0ms)
[2025-11-05T17:03:27.573+0000][gc,phases     ] GC(215)   Pre Evacuate Collection Set: 0.0ms
[2025-11-05T17:03:27.573+0000][gc,phases     ] GC(215)   Evacuate Collection Set: 26.4ms
[2025-11-05T17:03:27.573+0000][gc,phases     ] GC(215)   Post Evacuate Collection Set: 1.5ms
[2025-11-05T17:03:27.574+0000][gc,phases     ] GC(215)   Other: 1.4ms
[2025-11-05T17:03:27.574+0000][gc,heap       ] GC(215) Eden regions: 19->0(24)
[2025-11-05T17:03:27.575+0000][gc,heap       ] GC(215) Survivor regions: 7->2(4)
[2025-11-05T17:03:27.575+0000][gc,heap       ] GC(215) Old regions: 66->72
[2025-11-05T17:03:27.575+0000][gc,heap       ] GC(215) Humongous regions: 147->147
[2025-11-05T17:03:27.576+0000][gc,metaspace  ] GC(215) Metaspace: 53127K(55984K)->53127K(55984K) NonClass: 47204K(48816K)->47204K(48816K) Class: 5922K(7168K)->5922K(7168K)
[2025-11-05T17:03:27.576+0000][gc            ] GC(215) Pause Young (Prepare Mixed) (G1 Evacuation Pause) 238M->221M(527M) 32.553ms
[2025-11-05T17:03:27.576+0000][gc,cpu        ] GC(215) User=0.06s Sys=0.00s Real=0.03s
[2025-11-05T17:04:12.869+0000][gc,start      ] GC(216) Pause Young (Mixed) (G1 Evacuation Pause)
[2025-11-05T17:04:12.869+0000][gc,task       ] GC(216) Using 2 workers of 2 for evacuation
[2025-11-05T17:04:12.887+0000][gc,phases     ] GC(216)   Pre Evacuate Collection Set: 0.0ms
[2025-11-05T17:04:12.887+0000][gc,phases     ] GC(216)   Evacuate Collection Set: 16.3ms
[2025-11-05T17:04:12.887+0000][gc,phases     ] GC(216)   Post Evacuate Collection Set: 1.0ms
[2025-11-05T17:04:12.887+0000][gc,phases     ] GC(216)   Other: 0.7ms
[2025-11-05T17:04:12.888+0000][gc,heap       ] GC(216) Eden regions: 24->0(22)
[2025-11-05T17:04:12.888+0000][gc,heap       ] GC(216) Survivor regions: 2->4(4)
[2025-11-05T17:04:12.888+0000][gc,heap       ] GC(216) Old regions: 72->69
[2025-11-05T17:04:12.888+0000][gc,heap       ] GC(216) Humongous regions: 147->147
[2025-11-05T17:04:12.889+0000][gc,metaspace  ] GC(216) Metaspace: 53130K(55984K)->53130K(55984K) NonClass: 47207K(48816K)->47207K(48816K) Class: 5922K(7168K)->5922K(7168K)
[2025-11-05T17:04:12.889+0000][gc            ] GC(216) Pause Young (Mixed) (G1 Evacuation Pause) 245M->219M(527M) 20.163ms
[2025-11-05T17:04:12.889+0000][gc,cpu        ] GC(216) User=0.03s Sys=0.00s Real=0.02s
[2025-11-05T17:05:04.129+0000][gc,start      ] GC(217) Pause Young (Mixed) (G1 Evacuation Pause)
[2025-11-05T17:05:04.130+0000][gc,task       ] GC(217) Using 2 workers of 2 for evacuation
[2025-11-05T17:05:04.144+0000][gc,phases     ] GC(217)   Pre Evacuate Collection Set: 0.0ms
[2025-11-05T17:05:04.144+0000][gc,phases     ] GC(217)   Evacuate Collection Set: 12.0ms
[2025-11-05T17:05:04.144+0000][gc,phases     ] GC(217)   Post Evacuate Collection Set: 0.9ms
[2025-11-05T17:05:04.144+0000][gc,phases     ] GC(217)   Other: 1.4ms
[2025-11-05T17:05:04.144+0000][gc,heap       ] GC(217) Eden regions: 22->0(23)
[2025-11-05T17:05:04.145+0000][gc,heap       ] GC(217) Survivor regions: 4->3(4)
[2025-11-05T17:05:04.145+0000][gc,heap       ] GC(217) Old regions: 69->65
[2025-11-05T17:05:04.145+0000][gc,heap       ] GC(217) Humongous regions: 147->147
[2025-11-05T17:05:04.145+0000][gc,metaspace  ] GC(217) Metaspace: 53130K(55984K)->53130K(55984K) NonClass: 47207K(48816K)->47207K(48816K) Class: 5922K(7168K)->5922K(7168K)
[2025-11-05T17:05:04.145+0000][gc            ] GC(217) Pause Young (Mixed) (G1 Evacuation Pause) 241M->214M(527M) 16.226ms
[2025-11-05T17:05:04.146+0000][gc,cpu        ] GC(217) User=0.02s Sys=0.00s Real=0.02s
[2025-11-05T17:06:01.267+0000][gc,start      ] GC(218) Pause Young (Mixed) (G1 Evacuation Pause)
[2025-11-05T17:06:01.268+0000][gc,task       ] GC(218) Using 2 workers of 2 for evacuation
[2025-11-05T17:06:01.280+0000][gc,phases     ] GC(218)   Pre Evacuate Collection Set: 0.0ms
[2025-11-05T17:06:01.280+0000][gc,phases     ] GC(218)   Evacuate Collection Set: 10.9ms
[2025-11-05T17:06:01.281+0000][gc,phases     ] GC(218)   Post Evacuate Collection Set: 0.8ms
[2025-11-05T17:06:01.281+0000][gc,phases     ] GC(218)   Other: 1.3ms
[2025-11-05T17:06:01.281+0000][gc,heap       ] GC(218) Eden regions: 23->0(26)
[2025-11-05T17:06:01.281+0000][gc,heap       ] GC(218) Survivor regions: 3->4(4)
[2025-11-05T17:06:01.281+0000][gc,heap       ] GC(218) Old regions: 65->63
[2025-11-05T17:06:01.281+0000][gc,heap       ] GC(218) Humongous regions: 147->147
[2025-11-05T17:06:01.282+0000][gc,metaspace  ] GC(218) Metaspace: 53130K(55984K)->53130K(55984K) NonClass: 47207K(48816K)->47207K(48816K) Class: 5922K(7168K)->5922K(7168K)
[2025-11-05T17:06:01.282+0000][gc            ] GC(218) Pause Young (Mixed) (G1 Evacuation Pause) 237M->212M(527M) 14.574ms
[2025-11-05T17:06:01.282+0000][gc,cpu        ] GC(218) User=0.02s Sys=0.00s Real=0.01s
[2025-11-05T17:07:04.040+0000][gc,start      ] GC(219) Pause Young (Normal) (G1 Evacuation Pause)
[2025-11-05T17:07:04.041+0000][gc,task       ] GC(219) Using 2 workers of 2 for evacuation
[2025-11-05T17:07:04.053+0000][gc,phases     ] GC(219)   Pre Evacuate Collection Set: 0.0ms
[2025-11-05T17:07:04.054+0000][gc,phases     ] GC(219)   Evacuate Collection Set: 11.6ms
[2025-11-05T17:07:04.054+0000][gc,phases     ] GC(219)   Post Evacuate Collection Set: 0.7ms
[2025-11-05T17:07:04.054+0000][gc,phases     ] GC(219)   Other: 0.9ms
[2025-11-05T17:07:04.054+0000][gc,heap       ] GC(219) Eden regions: 26->0(30)
[2025-11-05T17:07:04.055+0000][gc,heap       ] GC(219) Survivor regions: 4->4(4)
[2025-11-05T17:07:04.055+0000][gc,heap       ] GC(219) Old regions: 63->65
[2025-11-05T17:07:04.055+0000][gc,heap       ] GC(219) Humongous regions: 147->147
[2025-11-05T17:07:04.055+0000][gc,metaspace  ] GC(219) Metaspace: 53133K(55984K)->53133K(55984K) NonClass: 47211K(48816K)->47211K(48816K) Class: 5922K(7168K)->5922K(7168K)
[2025-11-05T17:07:04.056+0000][gc            ] GC(219) Pause Young (Normal) (G1 Evacuation Pause) 238M->215M(527M) 15.995ms
[2025-11-05T17:07:04.056+0000][gc,cpu        ] GC(219) User=0.02s Sys=0.00s Real=0.02s
[2025-11-05T17:08:00.005+0000][gc,start      ] GC(220) Pause Young (Normal) (G1 Evacuation Pause)
[2025-11-05T17:08:00.005+0000][gc,task       ] GC(220) Using 2 workers of 2 for evacuation
[2025-11-05T17:08:00.016+0000][gc,phases     ] GC(220)   Pre Evacuate Collection Set: 0.0ms
[2025-11-05T17:08:00.017+0000][gc,phases     ] GC(220)   Evacuate Collection Set: 10.1ms
[2025-11-05T17:08:00.017+0000][gc,phases     ] GC(220)   Post Evacuate Collection Set: 0.8ms
[2025-11-05T17:08:00.017+0000][gc,phases     ] GC(220)   Other: 0.6ms
[2025-11-05T17:08:00.017+0000][gc,heap       ] GC(220) Eden regions: 23->0(41)
[2025-11-05T17:08:00.017+0000][gc,heap       ] GC(220) Survivor regions: 4->3(4)
[2025-11-05T17:08:00.018+0000][gc,heap       ] GC(220) Old regions: 65->67
[2025-11-05T17:08:00.018+0000][gc,heap       ] GC(220) Humongous regions: 147->147
[2025-11-05T17:08:00.018+0000][gc,metaspace  ] GC(220) Metaspace: 53133K(55984K)->53133K(55984K) NonClass: 47211K(48816K)->47211K(48816K) Class: 5922K(7168K)->5922K(7168K)
[2025-11-05T17:08:00.018+0000][gc            ] GC(220) Pause Young (Normal) (G1 Evacuation Pause) 238M->216M(527M) 13.308ms
[2025-11-05T17:08:00.018+0000][gc,cpu        ] GC(220) User=0.02s Sys=0.00s Real=0.02s
[2025-11-05T17:09:12.681+0000][gc,start      ] GC(221) Pause Young (Normal) (G1 Evacuation Pause)
[2025-11-05T17:09:12.681+0000][gc,task       ] GC(221) Using 2 workers of 2 for evacuation
[2025-11-05T17:09:12.697+0000][gc,phases     ] GC(221)   Pre Evacuate Collection Set: 0.0ms
[2025-11-05T17:09:12.697+0000][gc,phases     ] GC(221)   Evacuate Collection Set: 14.2ms
[2025-11-05T17:09:12.697+0000][gc,phases     ] GC(221)   Post Evacuate Collection Set: 0.8ms
[2025-11-05T17:09:12.698+0000][gc,phases     ] GC(221)   Other: 1.1ms
[2025-11-05T17:09:12.698+0000][gc,heap       ] GC(221) Eden regions: 30->0(33)
[2025-11-05T17:09:12.698+0000][gc,heap       ] GC(221) Survivor regions: 3->5(5)
[2025-11-05T17:09:12.698+0000][gc,heap       ] GC(221) Old regions: 67->67
[2025-11-05T17:09:12.698+0000][gc,heap       ] GC(221) Humongous regions: 147->147
[2025-11-05T17:09:12.699+0000][gc,metaspace  ] GC(221) Metaspace: 53133K(55984K)->53133K(55984K) NonClass: 47211K(48816K)->47211K(48816K) Class: 5922K(7168K)->5922K(7168K)
[2025-11-05T17:09:12.699+0000][gc            ] GC(221) Pause Young (Normal) (G1 Evacuation Pause) 246M->218M(527M) 18.241ms
[2025-11-05T17:09:12.699+0000][gc,cpu        ] GC(221) User=0.03s Sys=0.00s Real=0.02s
[2025-11-05T17:10:34.855+0000][gc,start      ] GC(222) Pause Young (Normal) (G1 Evacuation Pause)
[2025-11-05T17:10:34.855+0000][gc,task       ] GC(222) Using 2 workers of 2 for evacuation
[2025-11-05T17:10:34.873+0000][gc,phases     ] GC(222)   Pre Evacuate Collection Set: 0.1ms
[2025-11-05T17:10:34.873+0000][gc,phases     ] GC(222)   Evacuate Collection Set: 16.2ms
[2025-11-05T17:10:34.873+0000][gc,phases     ] GC(222)   Post Evacuate Collection Set: 0.8ms
[2025-11-05T17:10:34.874+0000][gc,phases     ] GC(222)   Other: 0.6ms
[2025-11-05T17:10:34.874+0000][gc,heap       ] GC(222) Eden regions: 33->0(36)
[2025-11-05T17:10:34.874+0000][gc,heap       ] GC(222) Survivor regions: 5->4(5)
[2025-11-05T17:10:34.874+0000][gc,heap       ] GC(222) Old regions: 67->71
[2025-11-05T17:10:34.874+0000][gc,heap       ] GC(222) Humongous regions: 147->147
[2025-11-05T17:10:34.875+0000][gc,metaspace  ] GC(222) Metaspace: 53133K(55984K)->53133K(55984K) NonClass: 47211K(48816K)->47211K(48816K) Class: 5922K(7168K)->5922K(7168K)
[2025-11-05T17:10:34.875+0000][gc            ] GC(222) Pause Young (Normal) (G1 Evacuation Pause) 251M->220M(527M) 19.759ms
[2025-11-05T17:10:34.875+0000][gc,cpu        ] GC(222) User=0.03s Sys=0.00s Real=0.02s
[2025-11-05T17:12:02.578+0000][gc,start      ] GC(223) Pause Young (Normal) (G1 Evacuation Pause)
[2025-11-05T17:12:02.578+0000][gc,task       ] GC(223) Using 2 workers of 2 for evacuation
[2025-11-05T17:12:02.589+0000][gc,phases     ] GC(223)   Pre Evacuate Collection Set: 0.0ms
[2025-11-05T17:12:02.589+0000][gc,phases     ] GC(223)   Evacuate Collection Set: 9.7ms
[2025-11-05T17:12:02.589+0000][gc,phases     ] GC(223)   Post Evacuate Collection Set: 0.7ms
[2025-11-05T17:12:02.589+0000][gc,phases     ] GC(223)   Other: 0.6ms
[2025-11-05T17:12:02.590+0000][gc,heap       ] GC(223) Eden regions: 36->0(42)
[2025-11-05T17:12:02.590+0000][gc,heap       ] GC(223) Survivor regions: 4->4(5)
[2025-11-05T17:12:02.590+0000][gc,heap       ] GC(223) Old regions: 71->73
[2025-11-05T17:12:02.590+0000][gc,heap       ] GC(223) Humongous regions: 147->147
[2025-11-05T17:12:02.590+0000][gc,metaspace  ] GC(223) Metaspace: 53133K(55984K)->53133K(55984K) NonClass: 47211K(48816K)->47211K(48816K) Class: 5922K(7168K)->5922K(7168K)
[2025-11-05T17:12:02.590+0000][gc            ] GC(223) Pause Young (Normal) (G1 Evacuation Pause) 256M->223M(527M) 12.267ms
[2025-11-05T17:12:02.590+0000][gc,cpu        ] GC(223) User=0.02s Sys=0.00s Real=0.01s
[2025-11-05T17:13:44.502+0000][gc,start      ] GC(224) Pause Young (Normal) (G1 Evacuation Pause)
[2025-11-05T17:13:44.502+0000][gc,task       ] GC(224) Using 2 workers of 2 for evacuation
[2025-11-05T17:13:44.516+0000][gc,phases     ] GC(224)   Pre Evacuate Collection Set: 0.0ms
[2025-11-05T17:13:44.516+0000][gc,phases     ] GC(224)   Evacuate Collection Set: 12.3ms
[2025-11-05T17:13:44.516+0000][gc,phases     ] GC(224)   Post Evacuate Collection Set: 0.6ms
[2025-11-05T17:13:44.516+0000][gc,phases     ] GC(224)   Other: 0.5ms
[2025-11-05T17:13:44.516+0000][gc,heap       ] GC(224) Eden regions: 42->0(49)
[2025-11-05T17:13:44.516+0000][gc,heap       ] GC(224) Survivor regions: 4->5(6)
[2025-11-05T17:13:44.517+0000][gc,heap       ] GC(224) Old regions: 73->76
[2025-11-05T17:13:44.517+0000][gc,heap       ] GC(224) Humongous regions: 147->147
[2025-11-05T17:13:44.517+0000][gc,metaspace  ] GC(224) Metaspace: 53133K(55984K)->53133K(55984K) NonClass: 47211K(48816K)->47211K(48816K) Class: 5922K(7168K)->5922K(7168K)
[2025-11-05T17:13:44.517+0000][gc            ] GC(224) Pause Young (Normal) (G1 Evacuation Pause) 265M->227M(527M) 14.842ms
[2025-11-05T17:13:44.517+0000][gc,cpu        ] GC(224) User=0.02s Sys=0.00s Real=0.02s
[2025-11-05T17:15:46.403+0000][gc,start      ] GC(225) Pause Young (Normal) (G1 Evacuation Pause)
[2025-11-05T17:15:46.403+0000][gc,task       ] GC(225) Using 2 workers of 2 for evacuation
[2025-11-05T17:15:46.428+0000][gc,mmu        ] GC(225) MMU target violated: 21.0ms (20.0ms/21.0ms)
[2025-11-05T17:15:46.428+0000][gc,phases     ] GC(225)   Pre Evacuate Collection Set: 0.0ms
[2025-11-05T17:15:46.429+0000][gc,phases     ] GC(225)   Evacuate Collection Set: 23.2ms
[2025-11-05T17:15:46.429+0000][gc,phases     ] GC(225)   Post Evacuate Collection Set: 1.0ms
[2025-11-05T17:15:46.429+0000][gc,phases     ] GC(225)   Other: 1.1ms
[2025-11-05T17:15:46.430+0000][gc,heap       ] GC(225) Eden regions: 49->0(38)
[2025-11-05T17:15:46.430+0000][gc,heap       ] GC(225) Survivor regions: 5->6(7)
[2025-11-05T17:15:46.430+0000][gc,heap       ] GC(225) Old regions: 76->79
[2025-11-05T17:15:46.430+0000][gc,heap       ] GC(225) Humongous regions: 147->147
[2025-11-05T17:15:46.430+0000][gc,metaspace  ] GC(225) Metaspace: 53133K(55984K)->53133K(55984K) NonClass: 47211K(48816K)->47211K(48816K) Class: 5922K(7168K)->5922K(7168K)
[2025-11-05T17:15:46.431+0000][gc            ] GC(225) Pause Young (Normal) (G1 Evacuation Pause) 276M->231M(527M) 27.809ms
[2025-11-05T17:15:46.431+0000][gc,cpu        ] GC(225) User=0.05s Sys=0.00s Real=0.03s
[2025-11-05T17:17:18.700+0000][gc,start      ] GC(226) Pause Young (Normal) (G1 Evacuation Pause)
[2025-11-05T17:17:18.700+0000][gc,task       ] GC(226) Using 2 workers of 2 for evacuation
[2025-11-05T17:17:18.722+0000][gc,mmu        ] GC(226) MMU target violated: 21.0ms (20.0ms/21.0ms)
[2025-11-05T17:17:18.722+0000][gc,phases     ] GC(226)   Pre Evacuate Collection Set: 0.0ms
[2025-11-05T17:17:18.723+0000][gc,phases     ] GC(226)   Evacuate Collection Set: 19.8ms
[2025-11-05T17:17:18.724+0000][gc,phases     ] GC(226)   Post Evacuate Collection Set: 1.1ms
[2025-11-05T17:17:18.724+0000][gc,phases     ] GC(226)   Other: 1.9ms
[2025-11-05T17:17:18.724+0000][gc,heap       ] GC(226) Eden regions: 38->0(39)
[2025-11-05T17:17:18.725+0000][gc,heap       ] GC(226) Survivor regions: 6->4(6)
[2025-11-05T17:17:18.725+0000][gc,heap       ] GC(226) Old regions: 79->83
[2025-11-05T17:17:18.726+0000][gc,heap       ] GC(226) Humongous regions: 147->147
[2025-11-05T17:17:18.726+0000][gc,metaspace  ] GC(226) Metaspace: 53136K(55984K)->53136K(55984K) NonClass: 47213K(48816K)->47213K(48816K) Class: 5922K(7168K)->5922K(7168K)
[2025-11-05T17:17:18.727+0000][gc            ] GC(226) Pause Young (Normal) (G1 Evacuation Pause) 269M->233M(527M) 26.956ms
[2025-11-05T17:17:18.727+0000][gc,cpu        ] GC(226) User=0.04s Sys=0.00s Real=0.02s
[2025-11-05T17:18:54.685+0000][gc,start      ] GC(227) Pause Young (Normal) (G1 Evacuation Pause)
[2025-11-05T17:18:54.686+0000][gc,task       ] GC(227) Using 2 workers of 2 for evacuation
[2025-11-05T17:18:54.712+0000][gc,mmu        ] GC(227) MMU target violated: 21.0ms (20.0ms/21.0ms)
[2025-11-05T17:18:54.713+0000][gc,phases     ] GC(227)   Pre Evacuate Collection Set: 0.1ms
[2025-11-05T17:18:54.713+0000][gc,phases     ] GC(227)   Evacuate Collection Set: 24.4ms
[2025-11-05T17:18:54.713+0000][gc,phases     ] GC(227)   Post Evacuate Collection Set: 1.1ms
[2025-11-05T17:18:54.714+0000][gc,phases     ] GC(227)   Other: 1.9ms
[2025-11-05T17:18:54.714+0000][gc,heap       ] GC(227) Eden regions: 39->0(22)
[2025-11-05T17:18:54.714+0000][gc,heap       ] GC(227) Survivor regions: 4->6(6)
[2025-11-05T17:18:54.715+0000][gc,heap       ] GC(227) Old regions: 83->83
[2025-11-05T17:18:54.715+0000][gc,heap       ] GC(227) Humongous regions: 147->147
[2025-11-05T17:18:54.715+0000][gc,metaspace  ] GC(227) Metaspace: 53136K(55984K)->53136K(55984K) NonClass: 47213K(48816K)->47213K(48816K) Class: 5922K(7168K)->5922K(7168K)
[2025-11-05T17:18:54.716+0000][gc            ] GC(227) Pause Young (Normal) (G1 Evacuation Pause) 272M->236M(527M) 30.593ms
[2025-11-05T17:18:54.716+0000][gc,cpu        ] GC(227) User=0.05s Sys=0.00s Real=0.03s
[2025-11-05T17:19:48.345+0000][gc,start      ] GC(228) Pause Young (Normal) (G1 Evacuation Pause)
[2025-11-05T17:19:48.346+0000][gc,task       ] GC(228) Using 2 workers of 2 for evacuation
[2025-11-05T17:19:48.364+0000][gc,phases     ] GC(228)   Pre Evacuate Collection Set: 0.0ms
[2025-11-05T17:19:48.365+0000][gc,phases     ] GC(228)   Evacuate Collection Set: 17.4ms
[2025-11-05T17:19:48.365+0000][gc,phases     ] GC(228)   Post Evacuate Collection Set: 0.9ms
[2025-11-05T17:19:48.365+0000][gc,phases     ] GC(228)   Other: 0.7ms
[2025-11-05T17:19:48.366+0000][gc,heap       ] GC(228) Eden regions: 22->0(23)
[2025-11-05T17:19:48.366+0000][gc,heap       ] GC(228) Survivor regions: 6->4(4)
[2025-11-05T17:19:48.366+0000][gc,heap       ] GC(228) Old regions: 83->89
[2025-11-05T17:19:48.366+0000][gc,heap       ] GC(228) Humongous regions: 147->147
[2025-11-05T17:19:48.366+0000][gc,metaspace  ] GC(228) Metaspace: 53136K(55984K)->53136K(55984K) NonClass: 47213K(48816K)->47213K(48816K) Class: 5922K(7168K)->5922K(7168K)
[2025-11-05T17:19:48.367+0000][gc            ] GC(228) Pause Young (Normal) (G1 Evacuation Pause) 258M->239M(527M) 21.098ms
[2025-11-05T17:19:48.367+0000][gc,cpu        ] GC(228) User=0.03s Sys=0.00s Real=0.02s
[2025-11-05T17:20:42.085+0000][gc,start      ] GC(229) Pause Young (Normal) (G1 Evacuation Pause)
[2025-11-05T17:20:42.085+0000][gc,task       ] GC(229) Using 2 workers of 2 for evacuation
[2025-11-05T17:20:42.095+0000][gc,phases     ] GC(229)   Pre Evacuate Collection Set: 0.0ms
[2025-11-05T17:20:42.095+0000][gc,phases     ] GC(229)   Evacuate Collection Set: 9.0ms
[2025-11-05T17:20:42.095+0000][gc,phases     ] GC(229)   Post Evacuate Collection Set: 0.7ms
[2025-11-05T17:20:42.095+0000][gc,phases     ] GC(229)   Other: 0.6ms
[2025-11-05T17:20:42.096+0000][gc,heap       ] GC(229) Eden regions: 22->0(28)
[2025-11-05T17:20:42.096+0000][gc,heap       ] GC(229) Survivor regions: 4->3(4)
[2025-11-05T17:20:42.096+0000][gc,heap       ] GC(229) Old regions: 89->91
[2025-11-05T17:20:42.096+0000][gc,heap       ] GC(229) Humongous regions: 147->147
[2025-11-05T17:20:42.096+0000][gc,metaspace  ] GC(229) Metaspace: 53136K(55984K)->53136K(55984K) NonClass: 47213K(48816K)->47213K(48816K) Class: 5922K(7168K)->5922K(7168K)
[2025-11-05T17:20:42.097+0000][gc            ] GC(229) Pause Young (Normal) (G1 Evacuation Pause) 261M->240M(527M) 12.129ms
[2025-11-05T17:20:42.097+0000][gc,cpu        ] GC(229) User=0.02s Sys=0.00s Real=0.01s
[2025-11-05T17:21:42.500+0000][gc,start      ] GC(230) Pause Young (Normal) (G1 Evacuation Pause)
[2025-11-05T17:21:42.500+0000][gc,task       ] GC(230) Using 2 workers of 2 for evacuation
[2025-11-05T17:21:42.511+0000][gc,phases     ] GC(230)   Pre Evacuate Collection Set: 0.0ms
[2025-11-05T17:21:42.511+0000][gc,phases     ] GC(230)   Evacuate Collection Set: 9.1ms
[2025-11-05T17:21:42.511+0000][gc,phases     ] GC(230)   Post Evacuate Collection Set: 0.8ms
[2025-11-05T17:21:42.511+0000][gc,phases     ] GC(230)   Other: 0.7ms
[2025-11-05T17:21:42.511+0000][gc,heap       ] GC(230) Eden regions: 25->0(32)
[2025-11-05T17:21:42.512+0000][gc,heap       ] GC(230) Survivor regions: 3->3(4)
[2025-11-05T17:21:42.512+0000][gc,heap       ] GC(230) Old regions: 91->93
[2025-11-05T17:21:42.512+0000][gc,heap       ] GC(230) Humongous regions: 147->147
[2025-11-05T17:21:42.512+0000][gc,metaspace  ] GC(230) Metaspace: 53136K(55984K)->53136K(55984K) NonClass: 47213K(48816K)->47213K(48816K) Class: 5922K(7168K)->5922K(7168K)
[2025-11-05T17:21:42.512+0000][gc            ] GC(230) Pause Young (Normal) (G1 Evacuation Pause) 265M->242M(527M) 12.561ms
[2025-11-05T17:21:42.513+0000][gc,cpu        ] GC(230) User=0.02s Sys=0.00s Real=0.01s
[2025-11-05T17:22:50.700+0000][gc,start      ] GC(231) Pause Young (Normal) (G1 Evacuation Pause)
[2025-11-05T17:22:50.701+0000][gc,task       ] GC(231) Using 2 workers of 2 for evacuation
[2025-11-05T17:22:50.713+0000][gc,phases     ] GC(231)   Pre Evacuate Collection Set: 0.0ms
[2025-11-05T17:22:50.714+0000][gc,phases     ] GC(231)   Evacuate Collection Set: 11.6ms
[2025-11-05T17:22:50.714+0000][gc,phases     ] GC(231)   Post Evacuate Collection Set: 0.8ms
[2025-11-05T17:22:50.714+0000][gc,phases     ] GC(231)   Other: 0.5ms
[2025-11-05T17:22:50.714+0000][gc,heap       ] GC(231) Eden regions: 28->0(33)
[2025-11-05T17:22:50.714+0000][gc,heap       ] GC(231) Survivor regions: 3->4(4)
[2025-11-05T17:22:50.714+0000][gc,heap       ] GC(231) Old regions: 93->95
[2025-11-05T17:22:50.715+0000][gc,heap       ] GC(231) Humongous regions: 147->147
[2025-11-05T17:22:50.715+0000][gc,metaspace  ] GC(231) Metaspace: 53136K(55984K)->53136K(55984K) NonClass: 47213K(48816K)->47213K(48816K) Class: 5922K(7168K)->5922K(7168K)
[2025-11-05T17:22:50.715+0000][gc            ] GC(231) Pause Young (Normal) (G1 Evacuation Pause) 270M->245M(527M) 14.496ms
[2025-11-05T17:22:50.715+0000][gc,cpu        ] GC(231) User=0.03s Sys=0.00s Real=0.01s
[2025-11-05T17:24:03.678+0000][gc,start      ] GC(232) Pause Young (Normal) (G1 Evacuation Pause)
[2025-11-05T17:24:03.679+0000][gc,task       ] GC(232) Using 2 workers of 2 for evacuation
[2025-11-05T17:24:03.691+0000][gc,phases     ] GC(232)   Pre Evacuate Collection Set: 0.0ms
[2025-11-05T17:24:03.692+0000][gc,phases     ] GC(232)   Evacuate Collection Set: 11.2ms
[2025-11-05T17:24:03.692+0000][gc,phases     ] GC(232)   Post Evacuate Collection Set: 0.8ms
[2025-11-05T17:24:03.692+0000][gc,phases     ] GC(232)   Other: 1.3ms
[2025-11-05T17:24:03.692+0000][gc,heap       ] GC(232) Eden regions: 30->0(34)
[2025-11-05T17:24:03.692+0000][gc,heap       ] GC(232) Survivor regions: 4->4(5)
[2025-11-05T17:24:03.693+0000][gc,heap       ] GC(232) Old regions: 95->98
[2025-11-05T17:24:03.693+0000][gc,heap       ] GC(232) Humongous regions: 147->147
[2025-11-05T17:24:03.693+0000][gc,metaspace  ] GC(232) Metaspace: 53136K(55984K)->53136K(55984K) NonClass: 47213K(48816K)->47213K(48816K) Class: 5922K(7168K)->5922K(7168K)
[2025-11-05T17:24:03.693+0000][gc            ] GC(232) Pause Young (Normal) (G1 Evacuation Pause) 275M->248M(527M) 14.927ms
[2025-11-05T17:24:03.693+0000][gc,cpu        ] GC(232) User=0.03s Sys=0.00s Real=0.02s
[2025-11-05T17:25:19.352+0000][gc,start      ] GC(233) Pause Young (Normal) (G1 Evacuation Pause)
[2025-11-05T17:25:19.353+0000][gc,task       ] GC(233) Using 2 workers of 2 for evacuation
[2025-11-05T17:25:19.377+0000][gc,mmu        ] GC(233) MMU target violated: 21.0ms (20.0ms/21.0ms)
[2025-11-05T17:25:19.377+0000][gc,phases     ] GC(233)   Pre Evacuate Collection Set: 0.0ms
[2025-11-05T17:25:19.377+0000][gc,phases     ] GC(233)   Evacuate Collection Set: 22.3ms
[2025-11-05T17:25:19.378+0000][gc,phases     ] GC(233)   Post Evacuate Collection Set: 1.2ms
[2025-11-05T17:25:19.378+0000][gc,phases     ] GC(233)   Other: 1.7ms
[2025-11-05T17:25:19.378+0000][gc,heap       ] GC(233) Eden regions: 31->0(30)
[2025-11-05T17:25:19.378+0000][gc,heap       ] GC(233) Survivor regions: 4->4(5)
[2025-11-05T17:25:19.378+0000][gc,heap       ] GC(233) Old regions: 98->100
[2025-11-05T17:25:19.379+0000][gc,heap       ] GC(233) Humongous regions: 147->147
[2025-11-05T17:25:19.379+0000][gc,metaspace  ] GC(233) Metaspace: 53136K(55984K)->53136K(55984K) NonClass: 47213K(48816K)->47213K(48816K) Class: 5922K(7168K)->5922K(7168K)
[2025-11-05T17:25:19.379+0000][gc            ] GC(233) Pause Young (Normal) (G1 Evacuation Pause) 279M->250M(527M) 27.069ms
[2025-11-05T17:25:19.379+0000][gc,cpu        ] GC(233) User=0.04s Sys=0.00s Real=0.03s
[2025-11-05T17:26:20.986+0000][gc,start      ] GC(234) Pause Young (Normal) (G1 Evacuation Pause)
[2025-11-05T17:26:20.986+0000][gc,task       ] GC(234) Using 2 workers of 2 for evacuation
[2025-11-05T17:26:20.997+0000][gc,phases     ] GC(234)   Pre Evacuate Collection Set: 0.0ms
[2025-11-05T17:26:20.997+0000][gc,phases     ] GC(234)   Evacuate Collection Set: 10.4ms
[2025-11-05T17:26:20.997+0000][gc,phases     ] GC(234)   Post Evacuate Collection Set: 0.7ms
[2025-11-05T17:26:20.998+0000][gc,phases     ] GC(234)   Other: 0.5ms
[2025-11-05T17:26:20.998+0000][gc,heap       ] GC(234) Eden regions: 25->0(31)
[2025-11-05T17:26:20.998+0000][gc,heap       ] GC(234) Survivor regions: 4->4(4)
[2025-11-05T17:26:20.998+0000][gc,heap       ] GC(234) Old regions: 100->102
[2025-11-05T17:26:20.998+0000][gc,heap       ] GC(234) Humongous regions: 147->147
[2025-11-05T17:26:20.998+0000][gc,metaspace  ] GC(234) Metaspace: 53136K(55984K)->53136K(55984K) NonClass: 47213K(48816K)->47213K(48816K) Class: 5922K(7168K)->5922K(7168K)
[2025-11-05T17:26:20.999+0000][gc            ] GC(234) Pause Young (Normal) (G1 Evacuation Pause) 275M->252M(527M) 12.923ms
[2025-11-05T17:26:20.999+0000][gc,cpu        ] GC(234) User=0.02s Sys=0.00s Real=0.01s
[2025-11-05T17:27:29.001+0000][gc,start      ] GC(235) Pause Young (Normal) (G1 Evacuation Pause)
[2025-11-05T17:27:29.001+0000][gc,task       ] GC(235) Using 2 workers of 2 for evacuation
[2025-11-05T17:27:29.015+0000][gc,phases     ] GC(235)   Pre Evacuate Collection Set: 0.0ms
[2025-11-05T17:27:29.015+0000][gc,phases     ] GC(235)   Evacuate Collection Set: 12.3ms
[2025-11-05T17:27:29.018+0000][gc,phases     ] GC(235)   Post Evacuate Collection Set: 0.9ms
[2025-11-05T17:27:29.018+0000][gc,phases     ] GC(235)   Other: 0.7ms
[2025-11-05T17:27:29.018+0000][gc,heap       ] GC(235) Eden regions: 28->0(32)
[2025-11-05T17:27:29.018+0000][gc,heap       ] GC(235) Survivor regions: 4->3(4)
[2025-11-05T17:27:29.018+0000][gc,heap       ] GC(235) Old regions: 102->104
[2025-11-05T17:27:29.019+0000][gc,heap       ] GC(235) Humongous regions: 147->147
[2025-11-05T17:27:29.019+0000][gc,metaspace  ] GC(235) Metaspace: 53136K(55984K)->53136K(55984K) NonClass: 47213K(48816K)->47213K(48816K) Class: 5922K(7168K)->5922K(7168K)
[2025-11-05T17:27:29.019+0000][gc            ] GC(235) Pause Young (Normal) (G1 Evacuation Pause) 280M->253M(527M) 18.541ms
[2025-11-05T17:27:29.019+0000][gc,cpu        ] GC(235) User=0.03s Sys=0.00s Real=0.01s
[2025-11-05T17:28:39.404+0000][gc,start      ] GC(236) Pause Young (Normal) (G1 Evacuation Pause)
[2025-11-05T17:28:39.404+0000][gc,task       ] GC(236) Using 2 workers of 2 for evacuation
[2025-11-05T17:28:39.416+0000][gc,phases     ] GC(236)   Pre Evacuate Collection Set: 0.0ms
[2025-11-05T17:28:39.416+0000][gc,phases     ] GC(236)   Evacuate Collection Set: 10.5ms
[2025-11-05T17:28:39.416+0000][gc,phases     ] GC(236)   Post Evacuate Collection Set: 0.8ms
[2025-11-05T17:28:39.417+0000][gc,phases     ] GC(236)   Other: 0.8ms
[2025-11-05T17:28:39.417+0000][gc,heap       ] GC(236) Eden regions: 29->0(35)
[2025-11-05T17:28:39.417+0000][gc,heap       ] GC(236) Survivor regions: 3->3(4)
[2025-11-05T17:28:39.417+0000][gc,heap       ] GC(236) Old regions: 104->106
[2025-11-05T17:28:39.417+0000][gc,heap       ] GC(236) Humongous regions: 147->147
[2025-11-05T17:28:39.417+0000][gc,metaspace  ] GC(236) Metaspace: 53136K(55984K)->53136K(55984K) NonClass: 47213K(48816K)->47213K(48816K) Class: 5922K(7168K)->5922K(7168K)
[2025-11-05T17:28:39.417+0000][gc            ] GC(236) Pause Young (Normal) (G1 Evacuation Pause) 282M->255M(527M) 13.453ms
[2025-11-05T17:28:39.418+0000][gc,cpu        ] GC(236) User=0.02s Sys=0.00s Real=0.01s
[2025-11-05T17:30:07.223+0000][gc,start      ] GC(237) Pause Young (Normal) (G1 Evacuation Pause)
[2025-11-05T17:30:07.223+0000][gc,task       ] GC(237) Using 2 workers of 2 for evacuation
[2025-11-05T17:30:07.237+0000][gc,phases     ] GC(237)   Pre Evacuate Collection Set: 0.0ms
[2025-11-05T17:30:07.237+0000][gc,phases     ] GC(237)   Evacuate Collection Set: 12.6ms
[2025-11-05T17:30:07.237+0000][gc,phases     ] GC(237)   Post Evacuate Collection Set: 0.7ms
[2025-11-05T17:30:07.237+0000][gc,phases     ] GC(237)   Other: 0.7ms
[2025-11-05T17:30:07.237+0000][gc,heap       ] GC(237) Eden regions: 35->0(35)
[2025-11-05T17:30:07.237+0000][gc,heap       ] GC(237) Survivor regions: 3->5(5)
[2025-11-05T17:30:07.238+0000][gc,heap       ] GC(237) Old regions: 106->107
[2025-11-05T17:30:07.238+0000][gc,heap       ] GC(237) Humongous regions: 147->147
[2025-11-05T17:30:07.238+0000][gc,metaspace  ] GC(237) Metaspace: 53136K(55984K)->53136K(55984K) NonClass: 47213K(48816K)->47213K(48816K) Class: 5922K(7168K)->5922K(7168K)
[2025-11-05T17:30:07.238+0000][gc            ] GC(237) Pause Young (Normal) (G1 Evacuation Pause) 290M->258M(527M) 15.429ms
[2025-11-05T17:30:07.238+0000][gc,cpu        ] GC(237) User=0.03s Sys=0.00s Real=0.02s
[2025-11-05T17:31:34.194+0000][gc,start      ] GC(238) Pause Young (Normal) (G1 Evacuation Pause)
[2025-11-05T17:31:34.194+0000][gc,task       ] GC(238) Using 2 workers of 2 for evacuation
[2025-11-05T17:31:34.210+0000][gc,phases     ] GC(238)   Pre Evacuate Collection Set: 0.0ms
[2025-11-05T17:31:34.210+0000][gc,phases     ] GC(238)   Evacuate Collection Set: 14.3ms
[2025-11-05T17:31:34.210+0000][gc,phases     ] GC(238)   Post Evacuate Collection Set: 0.7ms
[2025-11-05T17:31:34.210+0000][gc,phases     ] GC(238)   Other: 0.5ms
[2025-11-05T17:31:34.210+0000][gc,heap       ] GC(238) Eden regions: 35->0(36)
[2025-11-05T17:31:34.211+0000][gc,heap       ] GC(238) Survivor regions: 5->4(5)
[2025-11-05T17:31:34.211+0000][gc,heap       ] GC(238) Old regions: 107->111
[2025-11-05T17:31:34.211+0000][gc,heap       ] GC(238) Humongous regions: 147->147
[2025-11-05T17:31:34.211+0000][gc,metaspace  ] GC(238) Metaspace: 53136K(55984K)->53136K(55984K) NonClass: 47213K(48816K)->47213K(48816K) Class: 5922K(7168K)->5922K(7168K)
[2025-11-05T17:31:34.211+0000][gc            ] GC(238) Pause Young (Normal) (G1 Evacuation Pause) 293M->261M(527M) 17.039ms
[2025-11-05T17:31:34.211+0000][gc,cpu        ] GC(238) User=0.03s Sys=0.00s Real=0.02s
[2025-11-05T17:33:03.238+0000][gc,start      ] GC(239) Pause Young (Normal) (G1 Evacuation Pause)
[2025-11-05T17:33:03.239+0000][gc,task       ] GC(239) Using 2 workers of 2 for evacuation
[2025-11-05T17:33:03.257+0000][gc,phases     ] GC(239)   Pre Evacuate Collection Set: 0.0ms
[2025-11-05T17:33:03.258+0000][gc,phases     ] GC(239)   Evacuate Collection Set: 17.0ms
[2025-11-05T17:33:03.258+0000][gc,phases     ] GC(239)   Post Evacuate Collection Set: 1.0ms
[2025-11-05T17:33:03.259+0000][gc,phases     ] GC(239)   Other: 1.1ms
[2025-11-05T17:33:03.259+0000][gc,heap       ] GC(239) Eden regions: 36->0(36)
[2025-11-05T17:33:03.259+0000][gc,heap       ] GC(239) Survivor regions: 4->4(5)
[2025-11-05T17:33:03.259+0000][gc,heap       ] GC(239) Old regions: 111->114
[2025-11-05T17:33:03.260+0000][gc,heap       ] GC(239) Humongous regions: 147->147
[2025-11-05T17:33:03.260+0000][gc,metaspace  ] GC(239) Metaspace: 53136K(55984K)->53136K(55984K) NonClass: 47213K(48816K)->47213K(48816K) Class: 5922K(7168K)->5922K(7168K)
[2025-11-05T17:33:03.260+0000][gc            ] GC(239) Pause Young (Normal) (G1 Evacuation Pause) 297M->264M(527M) 21.817ms
[2025-11-05T17:33:03.260+0000][gc,cpu        ] GC(239) User=0.04s Sys=0.00s Real=0.02s
[2025-11-05T17:34:32.983+0000][gc,start      ] GC(240) Pause Young (Normal) (G1 Evacuation Pause)
[2025-11-05T17:34:32.983+0000][gc,task       ] GC(240) Using 2 workers of 2 for evacuation
[2025-11-05T17:34:32.995+0000][gc,phases     ] GC(240)   Pre Evacuate Collection Set: 0.0ms
[2025-11-05T17:34:32.995+0000][gc,phases     ] GC(240)   Evacuate Collection Set: 10.5ms
[2025-11-05T17:34:32.995+0000][gc,phases     ] GC(240)   Post Evacuate Collection Set: 0.7ms
[2025-11-05T17:34:32.995+0000][gc,phases     ] GC(240)   Other: 0.9ms
[2025-11-05T17:34:32.995+0000][gc,heap       ] GC(240) Eden regions: 36->0(39)
[2025-11-05T17:34:32.996+0000][gc,heap       ] GC(240) Survivor regions: 4->4(5)
[2025-11-05T17:34:32.996+0000][gc,heap       ] GC(240) Old regions: 114->117
[2025-11-05T17:34:32.996+0000][gc,heap       ] GC(240) Humongous regions: 147->147
[2025-11-05T17:34:32.996+0000][gc,metaspace  ] GC(240) Metaspace: 53136K(55984K)->53136K(55984K) NonClass: 47213K(48816K)->47213K(48816K) Class: 5922K(7168K)->5922K(7168K)
[2025-11-05T17:34:32.996+0000][gc            ] GC(240) Pause Young (Normal) (G1 Evacuation Pause) 300M->267M(527M) 13.712ms
[2025-11-05T17:34:32.997+0000][gc,cpu        ] GC(240) User=0.02s Sys=0.00s Real=0.01s
[2025-11-05T17:36:11.035+0000][gc,start      ] GC(241) Pause Young (Normal) (G1 Evacuation Pause)
[2025-11-05T17:36:11.035+0000][gc,task       ] GC(241) Using 2 workers of 2 for evacuation
[2025-11-05T17:36:11.049+0000][gc,phases     ] GC(241)   Pre Evacuate Collection Set: 0.0ms
[2025-11-05T17:36:11.049+0000][gc,phases     ] GC(241)   Evacuate Collection Set: 12.3ms
[2025-11-05T17:36:11.049+0000][gc,phases     ] GC(241)   Post Evacuate Collection Set: 0.7ms
[2025-11-05T17:36:11.049+0000][gc,phases     ] GC(241)   Other: 0.5ms
[2025-11-05T17:36:11.049+0000][gc,heap       ] GC(241) Eden regions: 39->0(43)
[2025-11-05T17:36:11.050+0000][gc,heap       ] GC(241) Survivor regions: 4->5(6)
[2025-11-05T17:36:11.050+0000][gc,heap       ] GC(241) Old regions: 117->120
[2025-11-05T17:36:11.050+0000][gc,heap       ] GC(241) Humongous regions: 147->147
[2025-11-05T17:36:11.050+0000][gc,metaspace  ] GC(241) Metaspace: 53136K(55984K)->53136K(55984K) NonClass: 47213K(48816K)->47213K(48816K) Class: 5922K(7168K)->5922K(7168K)
[2025-11-05T17:36:11.050+0000][gc            ] GC(241) Pause Young (Normal) (G1 Evacuation Pause) 306M->270M(527M) 14.959ms
[2025-11-05T17:36:11.050+0000][gc,cpu        ] GC(241) User=0.03s Sys=0.00s Real=0.01s
[2025-11-05T17:37:58.840+0000][gc,start      ] GC(242) Pause Young (Normal) (G1 Evacuation Pause)
[2025-11-05T17:37:58.840+0000][gc,task       ] GC(242) Using 2 workers of 2 for evacuation
[2025-11-05T17:37:58.862+0000][gc,mmu        ] GC(242) MMU target violated: 21.0ms (20.0ms/21.0ms)
[2025-11-05T17:37:58.863+0000][gc,phases     ] GC(242)   Pre Evacuate Collection Set: 0.0ms
[2025-11-05T17:37:58.864+0000][gc,phases     ] GC(242)   Evacuate Collection Set: 20.7ms
[2025-11-05T17:37:58.864+0000][gc,phases     ] GC(242)   Post Evacuate Collection Set: 1.0ms
[2025-11-05T17:37:58.864+0000][gc,phases     ] GC(242)   Other: 1.9ms
[2025-11-05T17:37:58.865+0000][gc,heap       ] GC(242) Eden regions: 43->0(38)
[2025-11-05T17:37:58.865+0000][gc,heap       ] GC(242) Survivor regions: 5->5(6)
[2025-11-05T17:37:58.865+0000][gc,heap       ] GC(242) Old regions: 120->123
[2025-11-05T17:37:58.866+0000][gc,heap       ] GC(242) Humongous regions: 147->147
[2025-11-05T17:37:58.866+0000][gc,metaspace  ] GC(242) Metaspace: 53136K(55984K)->53136K(55984K) NonClass: 47213K(48816K)->47213K(48816K) Class: 5922K(7168K)->5922K(7168K)
[2025-11-05T17:37:58.866+0000][gc            ] GC(242) Pause Young (Normal) (G1 Evacuation Pause) 313M->274M(527M) 26.531ms
[2025-11-05T17:37:58.867+0000][gc,cpu        ] GC(242) User=0.04s Sys=0.00s Real=0.02s
[2025-11-05T17:39:33.262+0000][gc,start      ] GC(243) Pause Young (Normal) (G1 Evacuation Pause)
[2025-11-05T17:39:33.263+0000][gc,task       ] GC(243) Using 2 workers of 2 for evacuation
[2025-11-05T17:39:33.277+0000][gc,phases     ] GC(243)   Pre Evacuate Collection Set: 0.0ms
[2025-11-05T17:39:33.277+0000][gc,phases     ] GC(243)   Evacuate Collection Set: 13.7ms
[2025-11-05T17:39:33.278+0000][gc,phases     ] GC(243)   Post Evacuate Collection Set: 0.7ms
[2025-11-05T17:39:33.278+0000][gc,phases     ] GC(243)   Other: 0.6ms
[2025-11-05T17:39:33.278+0000][gc,heap       ] GC(243) Eden regions: 38->0(40)
[2025-11-05T17:39:33.278+0000][gc,heap       ] GC(243) Survivor regions: 5->5(6)
[2025-11-05T17:39:33.278+0000][gc,heap       ] GC(243) Old regions: 123->126
[2025-11-05T17:39:33.278+0000][gc,heap       ] GC(243) Humongous regions: 147->147
[2025-11-05T17:39:33.279+0000][gc,metaspace  ] GC(243) Metaspace: 53136K(55984K)->53136K(55984K) NonClass: 47213K(48816K)->47213K(48816K) Class: 5922K(7168K)->5922K(7168K)
[2025-11-05T17:39:33.279+0000][gc            ] GC(243) Pause Young (Normal) (G1 Evacuation Pause) 312M->278M(527M) 16.364ms
[2025-11-05T17:39:33.279+0000][gc,cpu        ] GC(243) User=0.03s Sys=0.00s Real=0.01s
[2025-11-05T17:41:13.910+0000][gc,start      ] GC(244) Pause Young (Normal) (G1 Evacuation Pause)
[2025-11-05T17:41:13.911+0000][gc,task       ] GC(244) Using 2 workers of 2 for evacuation
[2025-11-05T17:41:13.929+0000][gc,phases     ] GC(244)   Pre Evacuate Collection Set: 0.0ms
[2025-11-05T17:41:13.929+0000][gc,phases     ] GC(244)   Evacuate Collection Set: 16.9ms
[2025-11-05T17:41:13.929+0000][gc,phases     ] GC(244)   Post Evacuate Collection Set: 0.8ms
[2025-11-05T17:41:13.929+0000][gc,phases     ] GC(244)   Other: 1.2ms
[2025-11-05T17:41:13.930+0000][gc,heap       ] GC(244) Eden regions: 40->0(40)
[2025-11-05T17:41:13.930+0000][gc,heap       ] GC(244) Survivor regions: 5->4(6)
[2025-11-05T17:41:13.930+0000][gc,heap       ] GC(244) Old regions: 126->129
[2025-11-05T17:41:13.930+0000][gc,heap       ] GC(244) Humongous regions: 147->147
[2025-11-05T17:41:13.930+0000][gc,metaspace  ] GC(244) Metaspace: 53136K(55984K)->53136K(55984K) NonClass: 47213K(48816K)->47213K(48816K) Class: 5922K(7168K)->5922K(7168K)
[2025-11-05T17:41:13.931+0000][gc            ] GC(244) Pause Young (Normal) (G1 Evacuation Pause) 317M->279M(527M) 20.443ms
[2025-11-05T17:41:13.931+0000][gc,cpu        ] GC(244) User=0.04s Sys=0.00s Real=0.02s
[2025-11-05T17:42:48.296+0000][gc,start      ] GC(245) Pause Young (Normal) (G1 Evacuation Pause)
[2025-11-05T17:42:48.296+0000][gc,task       ] GC(245) Using 2 workers of 2 for evacuation
[2025-11-05T17:42:48.312+0000][gc,phases     ] GC(245)   Pre Evacuate Collection Set: 0.0ms
[2025-11-05T17:42:48.313+0000][gc,phases     ] GC(245)   Evacuate Collection Set: 14.9ms
[2025-11-05T17:42:48.313+0000][gc,phases     ] GC(245)   Post Evacuate Collection Set: 0.9ms
[2025-11-05T17:42:48.313+0000][gc,phases     ] GC(245)   Other: 0.9ms
[2025-11-05T17:42:48.313+0000][gc,heap       ] GC(245) Eden regions: 38->0(42)
[2025-11-05T17:42:48.313+0000][gc,heap       ] GC(245) Survivor regions: 4->4(6)
[2025-11-05T17:42:48.313+0000][gc,heap       ] GC(245) Old regions: 129->132
[2025-11-05T17:42:48.314+0000][gc,heap       ] GC(245) Humongous regions: 147->147
[2025-11-05T17:42:48.314+0000][gc,metaspace  ] GC(245) Metaspace: 53137K(55984K)->53137K(55984K) NonClass: 47215K(48816K)->47215K(48816K) Class: 5922K(7168K)->5922K(7168K)
[2025-11-05T17:42:48.314+0000][gc            ] GC(245) Pause Young (Normal) (G1 Evacuation Pause) 317M->282M(527M) 18.332ms
[2025-11-05T17:42:48.314+0000][gc,cpu        ] GC(245) User=0.03s Sys=0.00s Real=0.02s
[2025-11-05T17:44:33.643+0000][gc,start      ] GC(246) Pause Young (Normal) (G1 Evacuation Pause)
[2025-11-05T17:44:33.643+0000][gc,task       ] GC(246) Using 2 workers of 2 for evacuation
[2025-11-05T17:44:33.672+0000][gc,mmu        ] GC(246) MMU target violated: 21.0ms (20.0ms/21.0ms)
[2025-11-05T17:44:33.673+0000][gc,phases     ] GC(246)   Pre Evacuate Collection Set: 0.0ms
[2025-11-05T17:44:33.673+0000][gc,phases     ] GC(246)   Evacuate Collection Set: 26.2ms
[2025-11-05T17:44:33.673+0000][gc,phases     ] GC(246)   Post Evacuate Collection Set: 1.8ms
[2025-11-05T17:44:33.674+0000][gc,phases     ] GC(246)   Other: 1.1ms
[2025-11-05T17:44:33.674+0000][gc,heap       ] GC(246) Eden regions: 42->0(34)
[2025-11-05T17:44:33.674+0000][gc,heap       ] GC(246) Survivor regions: 4->5(6)
[2025-11-05T17:44:33.675+0000][gc,heap       ] GC(246) Old regions: 132->135
[2025-11-05T17:44:33.675+0000][gc,heap       ] GC(246) Humongous regions: 147->147
[2025-11-05T17:44:33.675+0000][gc,metaspace  ] GC(246) Metaspace: 53137K(55984K)->53137K(55984K) NonClass: 47215K(48816K)->47215K(48816K) Class: 5922K(7168K)->5922K(7168K)
[2025-11-05T17:44:33.676+0000][gc            ] GC(246) Pause Young (Normal) (G1 Evacuation Pause) 324M->286M(527M) 32.368ms
[2025-11-05T17:44:33.676+0000][gc,cpu        ] GC(246) User=0.05s Sys=0.00s Real=0.04s
[2025-11-05T17:45:59.616+0000][gc,start      ] GC(247) Pause Young (Normal) (G1 Evacuation Pause)
[2025-11-05T17:45:59.616+0000][gc,task       ] GC(247) Using 2 workers of 2 for evacuation
[2025-11-05T17:45:59.634+0000][gc,phases     ] GC(247)   Pre Evacuate Collection Set: 0.0ms
[2025-11-05T17:45:59.634+0000][gc,phases     ] GC(247)   Evacuate Collection Set: 16.0ms
[2025-11-05T17:45:59.634+0000][gc,phases     ] GC(247)   Post Evacuate Collection Set: 0.9ms
[2025-11-05T17:45:59.635+0000][gc,phases     ] GC(247)   Other: 0.8ms
[2025-11-05T17:45:59.635+0000][gc,heap       ] GC(247) Eden regions: 34->0(37)
[2025-11-05T17:45:59.635+0000][gc,heap       ] GC(247) Survivor regions: 5->4(5)
[2025-11-05T17:45:59.635+0000][gc,heap       ] GC(247) Old regions: 135->139
[2025-11-05T17:45:59.636+0000][gc,heap       ] GC(247) Humongous regions: 147->147
[2025-11-05T17:45:59.636+0000][gc,metaspace  ] GC(247) Metaspace: 53137K(55984K)->53137K(55984K) NonClass: 47215K(48816K)->47215K(48816K) Class: 5922K(7168K)->5922K(7168K)
[2025-11-05T17:45:59.636+0000][gc            ] GC(247) Pause Young (Normal) (G1 Evacuation Pause) 320M->289M(527M) 20.132ms
[2025-11-05T17:45:59.636+0000][gc,cpu        ] GC(247) User=0.03s Sys=0.00s Real=0.02s
[2025-11-05T17:47:06.206+0000][gc,start      ] GC(248) Pause Young (Normal) (G1 Evacuation Pause)
[2025-11-05T17:47:06.207+0000][gc,task       ] GC(248) Using 2 workers of 2 for evacuation
[2025-11-05T17:47:06.231+0000][gc,mmu        ] GC(248) MMU target violated: 21.0ms (20.0ms/21.0ms)
[2025-11-05T17:47:06.231+0000][gc,phases     ] GC(248)   Pre Evacuate Collection Set: 0.0ms
[2025-11-05T17:47:06.231+0000][gc,phases     ] GC(248)   Evacuate Collection Set: 19.9ms
[2025-11-05T17:47:06.232+0000][gc,phases     ] GC(248)   Post Evacuate Collection Set: 2.7ms
[2025-11-05T17:47:06.232+0000][gc,phases     ] GC(248)   Other: 2.0ms
[2025-11-05T17:47:06.232+0000][gc,heap       ] GC(248) Eden regions: 27->0(28)
[2025-11-05T17:47:06.233+0000][gc,heap       ] GC(248) Survivor regions: 4->3(4)
[2025-11-05T17:47:06.233+0000][gc,heap       ] GC(248) Old regions: 139->141
[2025-11-05T17:47:06.234+0000][gc,heap       ] GC(248) Humongous regions: 147->147
[2025-11-05T17:47:06.234+0000][gc,metaspace  ] GC(248) Metaspace: 53137K(55984K)->53137K(55984K) NonClass: 47215K(48816K)->47215K(48816K) Class: 5922K(7168K)->5922K(7168K)
[2025-11-05T17:47:06.234+0000][gc            ] GC(248) Pause Young (Normal) (G1 Evacuation Pause) 316M->290M(527M) 27.912ms
[2025-11-05T17:47:06.235+0000][gc,cpu        ] GC(248) User=0.05s Sys=0.00s Real=0.03s
[2025-11-05T17:48:03.197+0000][gc,start      ] GC(249) Pause Young (Normal) (G1 Evacuation Pause)
[2025-11-05T17:48:03.198+0000][gc,task       ] GC(249) Using 2 workers of 2 for evacuation
[2025-11-05T17:48:03.209+0000][gc,phases     ] GC(249)   Pre Evacuate Collection Set: 0.0ms
[2025-11-05T17:48:03.210+0000][gc,phases     ] GC(249)   Evacuate Collection Set: 10.4ms
[2025-11-05T17:48:03.210+0000][gc,phases     ] GC(249)   Post Evacuate Collection Set: 0.6ms
[2025-11-05T17:48:03.210+0000][gc,phases     ] GC(249)   Other: 1.2ms
[2025-11-05T17:48:03.210+0000][gc,heap       ] GC(249) Eden regions: 23->0(28)
[2025-11-05T17:48:03.210+0000][gc,heap       ] GC(249) Survivor regions: 3->4(4)
[2025-11-05T17:48:03.210+0000][gc,heap       ] GC(249) Old regions: 141->144
[2025-11-05T17:48:03.210+0000][gc,heap       ] GC(249) Humongous regions: 147->147
[2025-11-05T17:48:03.211+0000][gc,metaspace  ] GC(249) Metaspace: 53137K(55984K)->53137K(55984K) NonClass: 47215K(48816K)->47215K(48816K) Class: 5922K(7168K)->5922K(7168K)
[2025-11-05T17:48:03.211+0000][gc            ] GC(249) Pause Young (Normal) (G1 Evacuation Pause) 313M->294M(527M) 13.514ms
[2025-11-05T17:48:03.211+0000][gc,cpu        ] GC(249) User=0.02s Sys=0.00s Real=0.02s
[2025-11-05T17:49:00.208+0000][gc,start      ] GC(250) Pause Young (Normal) (G1 Evacuation Pause)
[2025-11-05T17:49:00.208+0000][gc,task       ] GC(250) Using 2 workers of 2 for evacuation
[2025-11-05T17:49:00.219+0000][gc,phases     ] GC(250)   Pre Evacuate Collection Set: 0.0ms
[2025-11-05T17:49:00.219+0000][gc,phases     ] GC(250)   Evacuate Collection Set: 9.6ms
[2025-11-05T17:49:00.219+0000][gc,phases     ] GC(250)   Post Evacuate Collection Set: 0.6ms
[2025-11-05T17:49:00.219+0000][gc,phases     ] GC(250)   Other: 0.6ms
[2025-11-05T17:49:00.220+0000][gc,heap       ] GC(250) Eden regions: 23->0(32)
[2025-11-05T17:49:00.220+0000][gc,heap       ] GC(250) Survivor regions: 4->4(4)
[2025-11-05T17:49:00.220+0000][gc,heap       ] GC(250) Old regions: 144->146
[2025-11-05T17:49:00.220+0000][gc,heap       ] GC(250) Humongous regions: 147->147
[2025-11-05T17:49:00.220+0000][gc,metaspace  ] GC(250) Metaspace: 53137K(55984K)->53137K(55984K) NonClass: 47215K(48816K)->47215K(48816K) Class: 5922K(7168K)->5922K(7168K)
[2025-11-05T17:49:00.220+0000][gc            ] GC(250) Pause Young (Normal) (G1 Evacuation Pause) 317M->296M(527M) 11.951ms
[2025-11-05T17:49:00.220+0000][gc,cpu        ] GC(250) User=0.02s Sys=0.00s Real=0.02s
[2025-11-05T17:50:09.856+0000][gc,start      ] GC(251) Pause Young (Normal) (G1 Evacuation Pause)
[2025-11-05T17:50:09.856+0000][gc,task       ] GC(251) Using 2 workers of 2 for evacuation
[2025-11-05T17:50:09.872+0000][gc,phases     ] GC(251)   Pre Evacuate Collection Set: 0.0ms
[2025-11-05T17:50:09.873+0000][gc,phases     ] GC(251)   Evacuate Collection Set: 14.5ms
[2025-11-05T17:50:09.873+0000][gc,phases     ] GC(251)   Post Evacuate Collection Set: 0.9ms
[2025-11-05T17:50:09.873+0000][gc,phases     ] GC(251)   Other: 1.2ms
[2025-11-05T17:50:09.873+0000][gc,heap       ] GC(251) Eden regions: 28->0(33)
[2025-11-05T17:50:09.873+0000][gc,heap       ] GC(251) Survivor regions: 4->4(4)
[2025-11-05T17:50:09.874+0000][gc,heap       ] GC(251) Old regions: 146->148
[2025-11-05T17:50:09.874+0000][gc,heap       ] GC(251) Humongous regions: 147->147
[2025-11-05T17:50:09.874+0000][gc,metaspace  ] GC(251) Metaspace: 53137K(55984K)->53137K(55984K) NonClass: 47215K(48816K)->47215K(48816K) Class: 5922K(7168K)->5922K(7168K)
[2025-11-05T17:50:09.875+0000][gc            ] GC(251) Pause Young (Normal) (G1 Evacuation Pause) 324M->298M(527M) 18.825ms
[2025-11-05T17:50:09.875+0000][gc,cpu        ] GC(251) User=0.03s Sys=0.00s Real=0.02s
[2025-11-05T17:51:22.559+0000][gc,start      ] GC(252) Pause Young (Normal) (G1 Evacuation Pause)
[2025-11-05T17:51:22.559+0000][gc,task       ] GC(252) Using 2 workers of 2 for evacuation
[2025-11-05T17:51:22.570+0000][gc,phases     ] GC(252)   Pre Evacuate Collection Set: 0.0ms
[2025-11-05T17:51:22.570+0000][gc,phases     ] GC(252)   Evacuate Collection Set: 9.8ms
[2025-11-05T17:51:22.570+0000][gc,phases     ] GC(252)   Post Evacuate Collection Set: 0.6ms
[2025-11-05T17:51:22.570+0000][gc,phases     ] GC(252)   Other: 0.5ms
[2025-11-05T17:51:22.571+0000][gc,heap       ] GC(252) Eden regions: 29->0(39)
[2025-11-05T17:51:22.571+0000][gc,heap       ] GC(252) Survivor regions: 4->4(5)
[2025-11-05T17:51:22.571+0000][gc,heap       ] GC(252) Old regions: 148->151
[2025-11-05T17:51:22.571+0000][gc,heap       ] GC(252) Humongous regions: 147->147
[2025-11-05T17:51:22.571+0000][gc,metaspace  ] GC(252) Metaspace: 53137K(55984K)->53137K(55984K) NonClass: 47215K(48816K)->47215K(48816K) Class: 5922K(7168K)->5922K(7168K)
[2025-11-05T17:51:22.571+0000][gc            ] GC(252) Pause Young (Normal) (G1 Evacuation Pause) 327M->300M(527M) 12.248ms
[2025-11-05T17:51:22.572+0000][gc,cpu        ] GC(252) User=0.02s Sys=0.00s Real=0.02s
[2025-11-05T17:52:27.728+0000][gc,start      ] GC(253) Pause Young (Normal) (G1 Evacuation Pause)
[2025-11-05T17:52:27.728+0000][gc,task       ] GC(253) Using 2 workers of 2 for evacuation
[2025-11-05T17:52:27.741+0000][gc,phases     ] GC(253)   Pre Evacuate Collection Set: 0.0ms
[2025-11-05T17:52:27.742+0000][gc,phases     ] GC(253)   Evacuate Collection Set: 11.8ms
[2025-11-05T17:52:27.742+0000][gc,phases     ] GC(253)   Post Evacuate Collection Set: 0.7ms
[2025-11-05T17:52:27.742+0000][gc,phases     ] GC(253)   Other: 0.6ms
[2025-11-05T17:52:27.742+0000][gc,heap       ] GC(253) Eden regions: 34->0(43)
[2025-11-05T17:52:27.742+0000][gc,heap       ] GC(253) Survivor regions: 4->3(5)
[2025-11-05T17:52:27.742+0000][gc,heap       ] GC(253) Old regions: 151->153
[2025-11-05T17:52:27.743+0000][gc,heap       ] GC(253) Humongous regions: 147->147
[2025-11-05T17:52:27.743+0000][gc,metaspace  ] GC(253) Metaspace: 53157K(55984K)->53157K(55984K) NonClass: 47234K(48816K)->47234K(48816K) Class: 5922K(7168K)->5922K(7168K)
[2025-11-05T17:52:27.743+0000][gc            ] GC(253) Pause Young (Normal) (G1 Evacuation Pause) 334M->302M(527M) 14.702ms
[2025-11-05T17:52:27.743+0000][gc,cpu        ] GC(253) User=0.03s Sys=0.00s Real=0.02s
[2025-11-05T17:53:58.546+0000][gc,start      ] GC(254) Pause Young (Normal) (G1 Evacuation Pause)
[2025-11-05T17:53:58.546+0000][gc,task       ] GC(254) Using 2 workers of 2 for evacuation
[2025-11-05T17:53:58.557+0000][gc,phases     ] GC(254)   Pre Evacuate Collection Set: 0.0ms
[2025-11-05T17:53:58.558+0000][gc,phases     ] GC(254)   Evacuate Collection Set: 10.6ms
[2025-11-05T17:53:58.558+0000][gc,phases     ] GC(254)   Post Evacuate Collection Set: 0.7ms
[2025-11-05T17:53:58.558+0000][gc,phases     ] GC(254)   Other: 0.5ms
[2025-11-05T17:53:58.558+0000][gc,heap       ] GC(254) Eden regions: 43->0(49)
[2025-11-05T17:53:58.558+0000][gc,heap       ] GC(254) Survivor regions: 3->6(6)
[2025-11-05T17:53:58.558+0000][gc,heap       ] GC(254) Old regions: 153->153
[2025-11-05T17:53:58.558+0000][gc,heap       ] GC(254) Humongous regions: 147->147
[2025-11-05T17:53:58.559+0000][gc,metaspace  ] GC(254) Metaspace: 53162K(55984K)->53162K(55984K) NonClass: 47240K(48816K)->47240K(48816K) Class: 5922K(7168K)->5922K(7168K)
[2025-11-05T17:53:58.559+0000][gc            ] GC(254) Pause Young (Normal) (G1 Evacuation Pause) 345M->305M(527M) 13.021ms
[2025-11-05T17:53:58.559+0000][gc,cpu        ] GC(254) User=0.02s Sys=0.00s Real=0.01s
[2025-11-05T17:55:45.687+0000][gc,start      ] GC(255) Pause Young (Normal) (G1 Evacuation Pause)
[2025-11-05T17:55:45.688+0000][gc,task       ] GC(255) Using 2 workers of 2 for evacuation
[2025-11-05T17:55:45.706+0000][gc,phases     ] GC(255)   Pre Evacuate Collection Set: 0.0ms
[2025-11-05T17:55:45.706+0000][gc,phases     ] GC(255)   Evacuate Collection Set: 17.0ms
[2025-11-05T17:55:45.706+0000][gc,phases     ] GC(255)   Post Evacuate Collection Set: 1.0ms
[2025-11-05T17:55:45.707+0000][gc,phases     ] GC(255)   Other: 0.7ms
[2025-11-05T17:55:45.707+0000][gc,heap       ] GC(255) Eden regions: 49->0(46)
[2025-11-05T17:55:45.707+0000][gc,heap       ] GC(255) Survivor regions: 6->7(7)
[2025-11-05T17:55:45.707+0000][gc,heap       ] GC(255) Old regions: 153->155
[2025-11-05T17:55:45.708+0000][gc,heap       ] GC(255) Humongous regions: 147->147
[2025-11-05T17:55:45.708+0000][gc,metaspace  ] GC(255) Metaspace: 53165K(55984K)->53165K(55984K) NonClass: 47242K(48816K)->47242K(48816K) Class: 5922K(7168K)->5922K(7168K)
[2025-11-05T17:55:45.708+0000][gc            ] GC(255) Pause Young (Normal) (G1 Evacuation Pause) 354M->308M(527M) 20.909ms
[2025-11-05T17:55:45.708+0000][gc,cpu        ] GC(255) User=0.04s Sys=0.00s Real=0.02s
[2025-11-05T17:57:27.723+0000][gc,start      ] GC(256) Pause Young (Normal) (G1 Evacuation Pause)
[2025-11-05T17:57:27.723+0000][gc,task       ] GC(256) Using 2 workers of 2 for evacuation
[2025-11-05T17:57:27.738+0000][gc,phases     ] GC(256)   Pre Evacuate Collection Set: 0.0ms
[2025-11-05T17:57:27.738+0000][gc,phases     ] GC(256)   Evacuate Collection Set: 14.2ms
[2025-11-05T17:57:27.739+0000][gc,phases     ] GC(256)   Post Evacuate Collection Set: 0.6ms
[2025-11-05T17:57:27.739+0000][gc,phases     ] GC(256)   Other: 0.6ms
[2025-11-05T17:57:27.739+0000][gc,heap       ] GC(256) Eden regions: 46->0(48)
[2025-11-05T17:57:27.739+0000][gc,heap       ] GC(256) Survivor regions: 7->5(7)
[2025-11-05T17:57:27.739+0000][gc,heap       ] GC(256) Old regions: 155->161
[2025-11-05T17:57:27.739+0000][gc,heap       ] GC(256) Humongous regions: 147->147
[2025-11-05T17:57:27.739+0000][gc,metaspace  ] GC(256) Metaspace: 53165K(55984K)->53165K(55984K) NonClass: 47242K(48816K)->47242K(48816K) Class: 5922K(7168K)->5922K(7168K)
[2025-11-05T17:57:27.740+0000][gc            ] GC(256) Pause Young (Normal) (G1 Evacuation Pause) 354M->312M(527M) 16.771ms
[2025-11-05T17:57:27.740+0000][gc,cpu        ] GC(256) User=0.03s Sys=0.00s Real=0.02s
[2025-11-05T17:59:15.094+0000][gc,start      ] GC(257) Pause Young (Normal) (G1 Evacuation Pause)
[2025-11-05T17:59:15.094+0000][gc,task       ] GC(257) Using 2 workers of 2 for evacuation
[2025-11-05T17:59:15.107+0000][gc,phases     ] GC(257)   Pre Evacuate Collection Set: 0.0ms
[2025-11-05T17:59:15.107+0000][gc,phases     ] GC(257)   Evacuate Collection Set: 11.6ms
[2025-11-05T17:59:15.107+0000][gc,phases     ] GC(257)   Post Evacuate Collection Set: 0.6ms
[2025-11-05T17:59:15.107+0000][gc,phases     ] GC(257)   Other: 0.5ms
[2025-11-05T17:59:15.108+0000][gc,heap       ] GC(257) Eden regions: 48->0(51)
[2025-11-05T17:59:15.108+0000][gc,heap       ] GC(257) Survivor regions: 5->4(7)
[2025-11-05T17:59:15.108+0000][gc,heap       ] GC(257) Old regions: 161->164
[2025-11-05T17:59:15.108+0000][gc,heap       ] GC(257) Humongous regions: 147->147
[2025-11-05T17:59:15.108+0000][gc,metaspace  ] GC(257) Metaspace: 53165K(55984K)->53165K(55984K) NonClass: 47242K(48816K)->47242K(48816K) Class: 5922K(7168K)->5922K(7168K)
[2025-11-05T17:59:15.108+0000][gc            ] GC(257) Pause Young (Normal) (G1 Evacuation Pause) 360M->314M(527M) 14.203ms
[2025-11-05T17:59:15.108+0000][gc,cpu        ] GC(257) User=0.02s Sys=0.00s Real=0.02s
[2025-11-05T18:01:09.343+0000][gc,start      ] GC(258) Pause Young (Normal) (G1 Evacuation Pause)
[2025-11-05T18:01:09.343+0000][gc,task       ] GC(258) Using 2 workers of 2 for evacuation
[2025-11-05T18:01:09.358+0000][gc,phases     ] GC(258)   Pre Evacuate Collection Set: 0.2ms
[2025-11-05T18:01:09.358+0000][gc,phases     ] GC(258)   Evacuate Collection Set: 13.4ms
[2025-11-05T18:01:09.358+0000][gc,phases     ] GC(258)   Post Evacuate Collection Set: 0.7ms
[2025-11-05T18:01:09.358+0000][gc,phases     ] GC(258)   Other: 0.9ms
[2025-11-05T18:01:09.359+0000][gc,heap       ] GC(258) Eden regions: 51->0(51)
[2025-11-05T18:01:09.359+0000][gc,heap       ] GC(258) Survivor regions: 4->7(7)
[2025-11-05T18:01:09.359+0000][gc,heap       ] GC(258) Old regions: 164->165
[2025-11-05T18:01:09.359+0000][gc,heap       ] GC(258) Humongous regions: 147->147
[2025-11-05T18:01:09.359+0000][gc,metaspace  ] GC(258) Metaspace: 53165K(55984K)->53165K(55984K) NonClass: 47242K(48816K)->47242K(48816K) Class: 5922K(7168K)->5922K(7168K)
[2025-11-05T18:01:09.360+0000][gc            ] GC(258) Pause Young (Normal) (G1 Evacuation Pause) 365M->318M(527M) 16.811ms
[2025-11-05T18:01:09.360+0000][gc,cpu        ] GC(258) User=0.03s Sys=0.00s Real=0.02s
[2025-11-05T18:03:01.959+0000][gc,start      ] GC(259) Pause Young (Normal) (G1 Evacuation Pause)
[2025-11-05T18:03:01.959+0000][gc,task       ] GC(259) Using 2 workers of 2 for evacuation
[2025-11-05T18:03:01.974+0000][gc,phases     ] GC(259)   Pre Evacuate Collection Set: 0.0ms
[2025-11-05T18:03:01.974+0000][gc,phases     ] GC(259)   Evacuate Collection Set: 13.3ms
[2025-11-05T18:03:01.974+0000][gc,phases     ] GC(259)   Post Evacuate Collection Set: 0.6ms
[2025-11-05T18:03:01.974+0000][gc,phases     ] GC(259)   Other: 0.7ms
[2025-11-05T18:03:01.974+0000][gc,heap       ] GC(259) Eden regions: 51->0(55)
[2025-11-05T18:03:01.974+0000][gc,heap       ] GC(259) Survivor regions: 7->4(8)
[2025-11-05T18:03:01.974+0000][gc,heap       ] GC(259) Old regions: 165->171
[2025-11-05T18:03:01.975+0000][gc,heap       ] GC(259) Humongous regions: 147->147
[2025-11-05T18:03:01.975+0000][gc,metaspace  ] GC(259) Metaspace: 53165K(55984K)->53165K(55984K) NonClass: 47242K(48816K)->47242K(48816K) Class: 5922K(7168K)->5922K(7168K)
[2025-11-05T18:03:01.975+0000][gc            ] GC(259) Pause Young (Normal) (G1 Evacuation Pause) 369M->320M(527M) 15.822ms
[2025-11-05T18:03:01.975+0000][gc,cpu        ] GC(259) User=0.03s Sys=0.00s Real=0.01s
[2025-11-05T18:04:43.817+0000][gc,start      ] GC(260) Pause Young (Normal) (G1 Evacuation Pause)
[2025-11-05T18:04:43.817+0000][gc,task       ] GC(260) Using 2 workers of 2 for evacuation
[2025-11-05T18:04:43.837+0000][gc,phases     ] GC(260)   Pre Evacuate Collection Set: 0.0ms
[2025-11-05T18:04:43.838+0000][gc,phases     ] GC(260)   Evacuate Collection Set: 17.1ms
[2025-11-05T18:04:43.838+0000][gc,phases     ] GC(260)   Post Evacuate Collection Set: 0.9ms
[2025-11-05T18:04:43.838+0000][gc,phases     ] GC(260)   Other: 2.1ms
[2025-11-05T18:04:43.838+0000][gc,heap       ] GC(260) Eden regions: 51->0(52)
[2025-11-05T18:04:43.839+0000][gc,heap       ] GC(260) Survivor regions: 4->7(7)
[2025-11-05T18:04:43.839+0000][gc,heap       ] GC(260) Old regions: 171->173
[2025-11-05T18:04:43.839+0000][gc,heap       ] GC(260) Humongous regions: 147->147
[2025-11-05T18:04:43.839+0000][gc,metaspace  ] GC(260) Metaspace: 53165K(55984K)->53165K(55984K) NonClass: 47242K(48816K)->47242K(48816K) Class: 5922K(7168K)->5922K(7168K)
[2025-11-05T18:04:43.839+0000][gc            ] GC(260) Pause Young (Normal) (G1 Evacuation Pause) 371M->326M(527M) 22.340ms
[2025-11-05T18:04:43.839+0000][gc,cpu        ] GC(260) User=0.04s Sys=0.00s Real=0.03s
[2025-11-05T18:06:40.034+0000][gc,start      ] GC(261) Pause Young (Normal) (G1 Evacuation Pause)
[2025-11-05T18:06:40.035+0000][gc,task       ] GC(261) Using 2 workers of 2 for evacuation
[2025-11-05T18:06:40.050+0000][gc,phases     ] GC(261)   Pre Evacuate Collection Set: 0.0ms
[2025-11-05T18:06:40.050+0000][gc,phases     ] GC(261)   Evacuate Collection Set: 13.6ms
[2025-11-05T18:06:40.050+0000][gc,phases     ] GC(261)   Post Evacuate Collection Set: 0.6ms
[2025-11-05T18:06:40.050+0000][gc,phases     ] GC(261)   Other: 1.1ms
[2025-11-05T18:06:40.050+0000][gc,heap       ] GC(261) Eden regions: 52->0(54)
[2025-11-05T18:06:40.050+0000][gc,heap       ] GC(261) Survivor regions: 7->4(8)
[2025-11-05T18:06:40.050+0000][gc,heap       ] GC(261) Old regions: 173->179
[2025-11-05T18:06:40.051+0000][gc,heap       ] GC(261) Humongous regions: 147->147
[2025-11-05T18:06:40.051+0000][gc,metaspace  ] GC(261) Metaspace: 53165K(55984K)->53165K(55984K) NonClass: 47242K(48816K)->47242K(48816K) Class: 5922K(7168K)->5922K(7168K)
[2025-11-05T18:06:40.051+0000][gc            ] GC(261) Pause Young (Normal) (G1 Evacuation Pause) 378M->330M(527M) 16.691ms
[2025-11-05T18:06:40.051+0000][gc,cpu        ] GC(261) User=0.02s Sys=0.00s Real=0.02s
[2025-11-05T18:08:39.603+0000][gc,start      ] GC(262) Pause Young (Normal) (G1 Evacuation Pause)
[2025-11-05T18:08:39.603+0000][gc,task       ] GC(262) Using 2 workers of 2 for evacuation
[2025-11-05T18:08:39.614+0000][gc,phases     ] GC(262)   Pre Evacuate Collection Set: 0.0ms
[2025-11-05T18:08:39.614+0000][gc,phases     ] GC(262)   Evacuate Collection Set: 10.3ms
[2025-11-05T18:08:39.615+0000][gc,phases     ] GC(262)   Post Evacuate Collection Set: 0.7ms
[2025-11-05T18:08:39.615+0000][gc,phases     ] GC(262)   Other: 0.5ms
[2025-11-05T18:08:39.615+0000][gc,heap       ] GC(262) Eden regions: 54->0(56)
[2025-11-05T18:08:39.615+0000][gc,heap       ] GC(262) Survivor regions: 4->7(8)
[2025-11-05T18:08:39.615+0000][gc,heap       ] GC(262) Old regions: 179->179
[2025-11-05T18:08:39.616+0000][gc,heap       ] GC(262) Humongous regions: 147->147
[2025-11-05T18:08:39.616+0000][gc,metaspace  ] GC(262) Metaspace: 53165K(55984K)->53165K(55984K) NonClass: 47243K(48816K)->47243K(48816K) Class: 5922K(7168K)->5922K(7168K)
[2025-11-05T18:08:39.616+0000][gc            ] GC(262) Pause Young (Normal) (G1 Evacuation Pause) 383M->332M(527M) 13.157ms
[2025-11-05T18:08:39.616+0000][gc,cpu        ] GC(262) User=0.02s Sys=0.00s Real=0.01s
[2025-11-05T18:10:44.586+0000][gc,start      ] GC(263) Pause Young (Normal) (G1 Evacuation Pause)
[2025-11-05T18:10:44.586+0000][gc,task       ] GC(263) Using 2 workers of 2 for evacuation
[2025-11-05T18:10:44.603+0000][gc,phases     ] GC(263)   Pre Evacuate Collection Set: 0.0ms
[2025-11-05T18:10:44.604+0000][gc,phases     ] GC(263)   Evacuate Collection Set: 16.1ms
[2025-11-05T18:10:44.604+0000][gc,phases     ] GC(263)   Post Evacuate Collection Set: 0.8ms
[2025-11-05T18:10:44.604+0000][gc,phases     ] GC(263)   Other: 0.6ms
[2025-11-05T18:10:44.604+0000][gc,heap       ] GC(263) Eden regions: 56->0(56)
[2025-11-05T18:10:44.604+0000][gc,heap       ] GC(263) Survivor regions: 7->8(8)
[2025-11-05T18:10:44.605+0000][gc,heap       ] GC(263) Old regions: 179->182
[2025-11-05T18:10:44.605+0000][gc,heap       ] GC(263) Humongous regions: 147->147
[2025-11-05T18:10:44.605+0000][gc,metaspace  ] GC(263) Metaspace: 53187K(55984K)->53187K(55984K) NonClass: 47264K(48816K)->47264K(48816K) Class: 5922K(7168K)->5922K(7168K)
[2025-11-05T18:10:44.605+0000][gc            ] GC(263) Pause Young (Normal) (G1 Evacuation Pause) 388M->337M(527M) 18.939ms
[2025-11-05T18:10:44.605+0000][gc,cpu        ] GC(263) User=0.03s Sys=0.00s Real=0.02s
[2025-11-05T18:13:40.344+0000][gc,start      ] GC(264) Pause Young (Normal) (G1 Evacuation Pause)
[2025-11-05T18:13:40.344+0000][gc,task       ] GC(264) Using 2 workers of 2 for evacuation
[2025-11-05T18:13:40.364+0000][gc,phases     ] GC(264)   Pre Evacuate Collection Set: 0.0ms
[2025-11-05T18:13:40.364+0000][gc,phases     ] GC(264)   Evacuate Collection Set: 18.5ms
[2025-11-05T18:13:40.364+0000][gc,phases     ] GC(264)   Post Evacuate Collection Set: 0.8ms
[2025-11-05T18:13:40.365+0000][gc,phases     ] GC(264)   Other: 0.8ms
[2025-11-05T18:13:40.365+0000][gc,heap       ] GC(264) Eden regions: 56->0(56)
[2025-11-05T18:13:40.365+0000][gc,heap       ] GC(264) Survivor regions: 8->6(8)
[2025-11-05T18:13:40.365+0000][gc,heap       ] GC(264) Old regions: 182->189
[2025-11-05T18:13:40.365+0000][gc,heap       ] GC(264) Humongous regions: 147->147
[2025-11-05T18:13:40.366+0000][gc,metaspace  ] GC(264) Metaspace: 53215K(55984K)->53215K(55984K) NonClass: 47292K(48816K)->47292K(48816K) Class: 5922K(7168K)->5922K(7168K)
[2025-11-05T18:13:40.366+0000][gc            ] GC(264) Pause Young (Normal) (G1 Evacuation Pause) 392M->341M(527M) 21.968ms
[2025-11-05T18:13:40.366+0000][gc,cpu        ] GC(264) User=0.03s Sys=0.00s Real=0.03s
[2025-11-05T18:16:42.077+0000][gc,start      ] GC(265) Pause Young (Normal) (G1 Evacuation Pause)
[2025-11-05T18:16:42.078+0000][gc,task       ] GC(265) Using 2 workers of 2 for evacuation
[2025-11-05T18:16:42.093+0000][gc,phases     ] GC(265)   Pre Evacuate Collection Set: 0.0ms
[2025-11-05T18:16:42.093+0000][gc,phases     ] GC(265)   Evacuate Collection Set: 14.5ms
[2025-11-05T18:16:42.094+0000][gc,phases     ] GC(265)   Post Evacuate Collection Set: 0.6ms
[2025-11-05T18:16:42.094+0000][gc,phases     ] GC(265)   Other: 1.1ms
[2025-11-05T18:16:42.094+0000][gc,heap       ] GC(265) Eden regions: 56->0(57)
[2025-11-05T18:16:42.094+0000][gc,heap       ] GC(265) Survivor regions: 6->6(8)
[2025-11-05T18:16:42.094+0000][gc,heap       ] GC(265) Old regions: 189->194
[2025-11-05T18:16:42.094+0000][gc,heap       ] GC(265) Humongous regions: 147->147
[2025-11-05T18:16:42.095+0000][gc,metaspace  ] GC(265) Metaspace: 53215K(55984K)->53215K(55984K) NonClass: 47292K(48816K)->47292K(48816K) Class: 5922K(7168K)->5922K(7168K)
[2025-11-05T18:16:42.095+0000][gc            ] GC(265) Pause Young (Normal) (G1 Evacuation Pause) 397M->346M(527M) 17.928ms
[2025-11-05T18:16:42.095+0000][gc,cpu        ] GC(265) User=0.03s Sys=0.00s Real=0.02s
[2025-11-05T18:19:43.309+0000][gc,start      ] GC(266) Pause Young (Normal) (G1 Evacuation Pause)
[2025-11-05T18:19:43.311+0000][gc,task       ] GC(266) Using 2 workers of 2 for evacuation
[2025-11-05T18:19:43.326+0000][gc,phases     ] GC(266)   Pre Evacuate Collection Set: 0.0ms
[2025-11-05T18:19:43.326+0000][gc,phases     ] GC(266)   Evacuate Collection Set: 13.7ms
[2025-11-05T18:19:43.327+0000][gc,phases     ] GC(266)   Post Evacuate Collection Set: 0.6ms
[2025-11-05T18:19:43.327+0000][gc,phases     ] GC(266)   Other: 2.7ms
[2025-11-05T18:19:43.327+0000][gc,heap       ] GC(266) Eden regions: 57->0(60)
[2025-11-05T18:19:43.327+0000][gc,heap       ] GC(266) Survivor regions: 6->5(8)
[2025-11-05T18:19:43.327+0000][gc,heap       ] GC(266) Old regions: 194->198
[2025-11-05T18:19:43.328+0000][gc,heap       ] GC(266) Humongous regions: 147->147
[2025-11-05T18:19:43.328+0000][gc,metaspace  ] GC(266) Metaspace: 53231K(55984K)->53231K(55984K) NonClass: 47308K(48816K)->47308K(48816K) Class: 5922K(7168K)->5922K(7168K)
[2025-11-05T18:19:43.328+0000][gc            ] GC(266) Pause Young (Normal) (G1 Evacuation Pause) 403M->349M(527M) 19.043ms
[2025-11-05T18:19:43.328+0000][gc,cpu        ] GC(266) User=0.03s Sys=0.00s Real=0.02s
[2025-11-05T18:22:58.361+0000][gc,start      ] GC(267) Pause Young (Normal) (G1 Evacuation Pause)
[2025-11-05T18:22:58.361+0000][gc,task       ] GC(267) Using 2 workers of 2 for evacuation
[2025-11-05T18:22:58.376+0000][gc,phases     ] GC(267)   Pre Evacuate Collection Set: 0.0ms
[2025-11-05T18:22:58.376+0000][gc,phases     ] GC(267)   Evacuate Collection Set: 13.6ms
[2025-11-05T18:22:58.376+0000][gc,phases     ] GC(267)   Post Evacuate Collection Set: 0.8ms
[2025-11-05T18:22:58.376+0000][gc,phases     ] GC(267)   Other: 0.6ms
[2025-11-05T18:22:58.376+0000][gc,heap       ] GC(267) Eden regions: 60->0(60)
[2025-11-05T18:22:58.376+0000][gc,heap       ] GC(267) Survivor regions: 5->9(9)
[2025-11-05T18:22:58.377+0000][gc,heap       ] GC(267) Old regions: 198->198
[2025-11-05T18:22:58.377+0000][gc,heap       ] GC(267) Humongous regions: 147->147
[2025-11-05T18:22:58.377+0000][gc,metaspace  ] GC(267) Metaspace: 53231K(55984K)->53231K(55984K) NonClass: 47308K(48816K)->47308K(48816K) Class: 5922K(7168K)->5922K(7168K)
[2025-11-05T18:22:58.377+0000][gc            ] GC(267) Pause Young (Normal) (G1 Evacuation Pause) 409M->353M(527M) 16.130ms
[2025-11-05T18:22:58.377+0000][gc,cpu        ] GC(267) User=0.03s Sys=0.00s Real=0.02s
[2025-11-05T18:26:12.969+0000][gc,start      ] GC(268) Pause Young (Normal) (G1 Evacuation Pause)
[2025-11-05T18:26:12.970+0000][gc,task       ] GC(268) Using 2 workers of 2 for evacuation
[2025-11-05T18:26:12.995+0000][gc,mmu        ] GC(268) MMU target violated: 21.0ms (20.0ms/21.0ms)
[2025-11-05T18:26:12.995+0000][gc,phases     ] GC(268)   Pre Evacuate Collection Set: 0.0ms
[2025-11-05T18:26:12.995+0000][gc,phases     ] GC(268)   Evacuate Collection Set: 23.4ms
[2025-11-05T18:26:12.995+0000][gc,phases     ] GC(268)   Post Evacuate Collection Set: 1.0ms
[2025-11-05T18:26:12.996+0000][gc,phases     ] GC(268)   Other: 1.1ms
[2025-11-05T18:26:12.996+0000][gc,heap       ] GC(268) Eden regions: 60->0(58)
[2025-11-05T18:26:12.996+0000][gc,heap       ] GC(268) Survivor regions: 9->6(9)
[2025-11-05T18:26:12.996+0000][gc,heap       ] GC(268) Old regions: 198->206
[2025-11-05T18:26:12.997+0000][gc,heap       ] GC(268) Humongous regions: 147->147
[2025-11-05T18:26:12.997+0000][gc,metaspace  ] GC(268) Metaspace: 53231K(55984K)->53231K(55984K) NonClass: 47308K(48816K)->47308K(48816K) Class: 5922K(7168K)->5922K(7168K)
[2025-11-05T18:26:12.997+0000][gc            ] GC(268) Pause Young (Normal) (G1 Evacuation Pause) 413M->358M(527M) 27.512ms
[2025-11-05T18:26:12.997+0000][gc,cpu        ] GC(268) User=0.05s Sys=0.00s Real=0.03s
[2025-11-05T18:29:20.579+0000][gc,start      ] GC(269) Pause Young (Normal) (G1 Evacuation Pause)
[2025-11-05T18:29:20.580+0000][gc,task       ] GC(269) Using 2 workers of 2 for evacuation
[2025-11-05T18:29:20.594+0000][gc,phases     ] GC(269)   Pre Evacuate Collection Set: 0.0ms
[2025-11-05T18:29:20.594+0000][gc,phases     ] GC(269)   Evacuate Collection Set: 12.8ms
[2025-11-05T18:29:20.594+0000][gc,phases     ] GC(269)   Post Evacuate Collection Set: 0.7ms
[2025-11-05T18:29:20.594+0000][gc,phases     ] GC(269)   Other: 1.2ms
[2025-11-05T18:29:20.594+0000][gc,heap       ] GC(269) Eden regions: 58->0(61)
[2025-11-05T18:29:20.594+0000][gc,heap       ] GC(269) Survivor regions: 6->5(8)
[2025-11-05T18:29:20.595+0000][gc,heap       ] GC(269) Old regions: 206->210
[2025-11-05T18:29:20.595+0000][gc,heap       ] GC(269) Humongous regions: 147->147
[2025-11-05T18:29:20.595+0000][gc,metaspace  ] GC(269) Metaspace: 53231K(55984K)->53231K(55984K) NonClass: 47308K(48816K)->47308K(48816K) Class: 5922K(7168K)->5922K(7168K)
[2025-11-05T18:29:20.595+0000][gc            ] GC(269) Pause Young (Normal) (G1 Evacuation Pause) 416M->361M(527M) 16.060ms
[2025-11-05T18:29:20.595+0000][gc,cpu        ] GC(269) User=0.03s Sys=0.00s Real=0.02s
[2025-11-05T18:32:37.551+0000][gc,start      ] GC(270) Pause Young (Normal) (G1 Evacuation Pause)
[2025-11-05T18:32:37.552+0000][gc,task       ] GC(270) Using 2 workers of 2 for evacuation
[2025-11-05T18:32:37.570+0000][gc,phases     ] GC(270)   Pre Evacuate Collection Set: 0.0ms
[2025-11-05T18:32:37.571+0000][gc,phases     ] GC(270)   Evacuate Collection Set: 15.8ms
[2025-11-05T18:32:37.571+0000][gc,phases     ] GC(270)   Post Evacuate Collection Set: 0.6ms
[2025-11-05T18:32:37.571+0000][gc,phases     ] GC(270)   Other: 2.9ms
[2025-11-05T18:32:37.571+0000][gc,heap       ] GC(270) Eden regions: 61->0(59)
[2025-11-05T18:32:37.571+0000][gc,heap       ] GC(270) Survivor regions: 5->9(9)
[2025-11-05T18:32:37.571+0000][gc,heap       ] GC(270) Old regions: 210->210
[2025-11-05T18:32:37.572+0000][gc,heap       ] GC(270) Humongous regions: 147->147
[2025-11-05T18:32:37.572+0000][gc,metaspace  ] GC(270) Metaspace: 53231K(55984K)->53231K(55984K) NonClass: 47308K(48816K)->47308K(48816K) Class: 5922K(7168K)->5922K(7168K)
[2025-11-05T18:32:37.572+0000][gc            ] GC(270) Pause Young (Normal) (G1 Evacuation Pause) 422M->365M(527M) 20.805ms
[2025-11-05T18:32:37.572+0000][gc,cpu        ] GC(270) User=0.03s Sys=0.00s Real=0.02s
[2025-11-05T18:35:49.448+0000][gc,start      ] GC(271) Pause Young (Normal) (G1 Evacuation Pause)
[2025-11-05T18:35:49.448+0000][gc,task       ] GC(271) Using 2 workers of 2 for evacuation
[2025-11-05T18:35:49.469+0000][gc,phases     ] GC(271)   Pre Evacuate Collection Set: 0.0ms
[2025-11-05T18:35:49.469+0000][gc,phases     ] GC(271)   Evacuate Collection Set: 19.2ms
[2025-11-05T18:35:49.469+0000][gc,phases     ] GC(271)   Post Evacuate Collection Set: 0.6ms
[2025-11-05T18:35:49.469+0000][gc,phases     ] GC(271)   Other: 0.5ms
[2025-11-05T18:35:49.469+0000][gc,heap       ] GC(271) Eden regions: 59->0(60)
[2025-11-05T18:35:49.469+0000][gc,heap       ] GC(271) Survivor regions: 9->6(9)
[2025-11-05T18:35:49.469+0000][gc,heap       ] GC(271) Old regions: 210->218
[2025-11-05T18:35:49.469+0000][gc,heap       ] GC(271) Humongous regions: 147->147
[2025-11-05T18:35:49.470+0000][gc,metaspace  ] GC(271) Metaspace: 53231K(55984K)->53231K(55984K) NonClass: 47308K(48816K)->47308K(48816K) Class: 5922K(7168K)->5922K(7168K)
[2025-11-05T18:35:49.470+0000][gc            ] GC(271) Pause Young (Normal) (G1 Evacuation Pause) 424M->370M(527M) 21.644ms
[2025-11-05T18:35:49.470+0000][gc,cpu        ] GC(271) User=0.04s Sys=0.00s Real=0.02s
[2025-11-05T18:39:04.543+0000][gc,start      ] GC(272) Pause Young (Normal) (G1 Evacuation Pause)
[2025-11-05T18:39:04.544+0000][gc,task       ] GC(272) Using 2 workers of 2 for evacuation
[2025-11-05T18:39:04.564+0000][gc,phases     ] GC(272)   Pre Evacuate Collection Set: 0.0ms
[2025-11-05T18:39:04.565+0000][gc,phases     ] GC(272)   Evacuate Collection Set: 18.6ms
[2025-11-05T18:39:04.565+0000][gc,phases     ] GC(272)   Post Evacuate Collection Set: 1.0ms
[2025-11-05T18:39:04.566+0000][gc,phases     ] GC(272)   Other: 1.7ms
[2025-11-05T18:39:04.566+0000][gc,heap       ] GC(272) Eden regions: 60->0(60)
[2025-11-05T18:39:04.566+0000][gc,heap       ] GC(272) Survivor regions: 6->5(9)
[2025-11-05T18:39:04.567+0000][gc,heap       ] GC(272) Old regions: 218->222
[2025-11-05T18:39:04.567+0000][gc,heap       ] GC(272) Humongous regions: 147->147
[2025-11-05T18:39:04.567+0000][gc,metaspace  ] GC(272) Metaspace: 53231K(55984K)->53231K(55984K) NonClass: 47308K(48816K)->47308K(48816K) Class: 5922K(7168K)->5922K(7168K)
[2025-11-05T18:39:04.568+0000][gc            ] GC(272) Pause Young (Normal) (G1 Evacuation Pause) 430M->373M(527M) 24.577ms
[2025-11-05T18:39:04.568+0000][gc,cpu        ] GC(272) User=0.04s Sys=0.00s Real=0.03s
[2025-11-05T18:42:03.088+0000][gc,start      ] GC(273) Pause Young (Concurrent Start) (G1 Evacuation Pause)
[2025-11-05T18:42:03.089+0000][gc,task       ] GC(273) Using 2 workers of 2 for evacuation
[2025-11-05T18:42:03.104+0000][gc,phases     ] GC(273)   Pre Evacuate Collection Set: 0.3ms
[2025-11-05T18:42:03.105+0000][gc,phases     ] GC(273)   Evacuate Collection Set: 14.2ms
[2025-11-05T18:42:03.105+0000][gc,phases     ] GC(273)   Post Evacuate Collection Set: 0.6ms
[2025-11-05T18:42:03.105+0000][gc,phases     ] GC(273)   Other: 1.5ms
[2025-11-05T18:42:03.105+0000][gc,heap       ] GC(273) Eden regions: 60->0(56)
[2025-11-05T18:42:03.105+0000][gc,heap       ] GC(273) Survivor regions: 5->9(9)
[2025-11-05T18:42:03.105+0000][gc,heap       ] GC(273) Old regions: 222->222
[2025-11-05T18:42:03.105+0000][gc,heap       ] GC(273) Humongous regions: 147->147
[2025-11-05T18:42:03.106+0000][gc,metaspace  ] GC(273) Metaspace: 53231K(55984K)->53231K(55984K) NonClass: 47308K(48816K)->47308K(48816K) Class: 5922K(7168K)->5922K(7168K)
[2025-11-05T18:42:03.106+0000][gc            ] GC(273) Pause Young (Concurrent Start) (G1 Evacuation Pause) 433M->377M(527M) 18.017ms
[2025-11-05T18:42:03.106+0000][gc,cpu        ] GC(273) User=0.03s Sys=0.00s Real=0.02s
[2025-11-05T18:42:03.106+0000][gc            ] GC(274) Concurrent Cycle
[2025-11-05T18:42:03.106+0000][gc,marking    ] GC(274) Concurrent Clear Claimed Marks
[2025-11-05T18:42:03.107+0000][gc,marking    ] GC(274) Concurrent Clear Claimed Marks 0.337ms
[2025-11-05T18:42:03.107+0000][gc,marking    ] GC(274) Concurrent Scan Root Regions
[2025-11-05T18:42:03.112+0000][gc,marking    ] GC(274) Concurrent Scan Root Regions 5.177ms
[2025-11-05T18:42:03.112+0000][gc,marking    ] GC(274) Concurrent Mark (20453.489s)
[2025-11-05T18:42:03.112+0000][gc,marking    ] GC(274) Concurrent Mark From Roots
[2025-11-05T18:42:03.113+0000][gc,task       ] GC(274) Using 1 workers of 1 for marking
[2025-11-05T18:42:03.141+0000][gc,marking    ] GC(274) Concurrent Mark From Roots 28.472ms
[2025-11-05T18:42:03.141+0000][gc,marking    ] GC(274) Concurrent Preclean
[2025-11-05T18:42:03.141+0000][gc,marking    ] GC(274) Concurrent Preclean 0.271ms
[2025-11-05T18:42:03.141+0000][gc,marking    ] GC(274) Concurrent Mark (20453.489s, 20453.518s) 29.221ms
[2025-11-05T18:42:03.142+0000][gc,start      ] GC(274) Pause Remark
[2025-11-05T18:42:03.150+0000][gc,stringtable] GC(274) Cleaned string and symbol table, strings: 16988 processed, 0 removed, symbols: 123851 processed, 0 removed
[2025-11-05T18:42:03.151+0000][gc            ] GC(274) Pause Remark 378M->286M(527M) 8.781ms
[2025-11-05T18:42:03.151+0000][gc,cpu        ] GC(274) User=0.01s Sys=0.00s Real=0.00s
[2025-11-05T18:42:03.151+0000][gc,marking    ] GC(274) Concurrent Rebuild Remembered Sets
[2025-11-05T18:42:03.168+0000][gc,marking    ] GC(274) Concurrent Rebuild Remembered Sets 17.183ms
[2025-11-05T18:42:03.169+0000][gc,start      ] GC(274) Pause Cleanup
[2025-11-05T18:42:03.169+0000][gc            ] GC(274) Pause Cleanup 286M->286M(527M) 0.312ms
[2025-11-05T18:42:03.169+0000][gc,cpu        ] GC(274) User=0.00s Sys=0.00s Real=0.00s
[2025-11-05T18:42:03.169+0000][gc,marking    ] GC(274) Concurrent Cleanup for Next Mark
[2025-11-05T18:42:03.170+0000][gc,marking    ] GC(274) Concurrent Cleanup for Next Mark 0.585ms
[2025-11-05T18:42:03.170+0000][gc            ] GC(274) Concurrent Cycle 64.005ms
[2025-11-05T18:44:05.920+0000][gc,start      ] GC(275) Pause Young (Prepare Mixed) (G1 Evacuation Pause)
[2025-11-05T18:44:05.920+0000][gc,task       ] GC(275) Using 2 workers of 2 for evacuation
[2025-11-05T18:44:05.936+0000][gc,phases     ] GC(275)   Pre Evacuate Collection Set: 0.0ms
[2025-11-05T18:44:05.937+0000][gc,phases     ] GC(275)   Evacuate Collection Set: 15.4ms
[2025-11-05T18:44:05.937+0000][gc,phases     ] GC(275)   Post Evacuate Collection Set: 0.6ms
[2025-11-05T18:44:05.937+0000][gc,phases     ] GC(275)   Other: 0.6ms
[2025-11-05T18:44:05.937+0000][gc,heap       ] GC(275) Eden regions: 49->0(21)
[2025-11-05T18:44:05.937+0000][gc,heap       ] GC(275) Survivor regions: 9->5(8)
[2025-11-05T18:44:05.937+0000][gc,heap       ] GC(275) Old regions: 130->138
[2025-11-05T18:44:05.937+0000][gc,heap       ] GC(275) Humongous regions: 147->147
[2025-11-05T18:44:05.938+0000][gc,metaspace  ] GC(275) Metaspace: 53231K(55984K)->53231K(55984K) NonClass: 47308K(48816K)->47308K(48816K) Class: 5922K(7168K)->5922K(7168K)
[2025-11-05T18:44:05.938+0000][gc            ] GC(275) Pause Young (Prepare Mixed) (G1 Evacuation Pause) 334M->289M(527M) 17.899ms
[2025-11-05T18:44:05.938+0000][gc,cpu        ] GC(275) User=0.03s Sys=0.00s Real=0.02s
[2025-11-05T18:44:57.976+0000][gc,start      ] GC(276) Pause Young (Mixed) (G1 Evacuation Pause)
[2025-11-05T18:44:57.976+0000][gc,task       ] GC(276) Using 2 workers of 2 for evacuation
[2025-11-05T18:44:57.988+0000][gc,phases     ] GC(276)   Pre Evacuate Collection Set: 0.0ms
[2025-11-05T18:44:57.988+0000][gc,phases     ] GC(276)   Evacuate Collection Set: 9.9ms
[2025-11-05T18:44:57.988+0000][gc,phases     ] GC(276)   Post Evacuate Collection Set: 0.8ms
[2025-11-05T18:44:57.988+0000][gc,phases     ] GC(276)   Other: 0.7ms
[2025-11-05T18:44:57.989+0000][gc,heap       ] GC(276) Eden regions: 21->0(24)
[2025-11-05T18:44:57.989+0000][gc,heap       ] GC(276) Survivor regions: 5->2(4)
[2025-11-05T18:44:57.989+0000][gc,heap       ] GC(276) Old regions: 138->89
[2025-11-05T18:44:57.989+0000][gc,heap       ] GC(276) Humongous regions: 147->147
[2025-11-05T18:44:57.989+0000][gc,metaspace  ] GC(276) Metaspace: 53231K(55984K)->53231K(55984K) NonClass: 47308K(48816K)->47308K(48816K) Class: 5922K(7168K)->5922K(7168K)
[2025-11-05T18:44:57.990+0000][gc            ] GC(276) Pause Young (Mixed) (G1 Evacuation Pause) 310M->237M(527M) 13.416ms
[2025-11-05T18:44:57.990+0000][gc,cpu        ] GC(276) User=0.02s Sys=0.00s Real=0.01s
[2025-11-05T18:45:57.469+0000][gc,start      ] GC(277) Pause Young (Mixed) (G1 Evacuation Pause)
[2025-11-05T18:45:57.470+0000][gc,task       ] GC(277) Using 2 workers of 2 for evacuation
[2025-11-05T18:45:57.482+0000][gc,phases     ] GC(277)   Pre Evacuate Collection Set: 0.1ms
[2025-11-05T18:45:57.482+0000][gc,phases     ] GC(277)   Evacuate Collection Set: 10.8ms
[2025-11-05T18:45:57.483+0000][gc,phases     ] GC(277)   Post Evacuate Collection Set: 1.0ms
[2025-11-05T18:45:57.483+0000][gc,phases     ] GC(277)   Other: 0.9ms
[2025-11-05T18:45:57.483+0000][gc,heap       ] GC(277) Eden regions: 24->0(61)
[2025-11-05T18:45:57.483+0000][gc,heap       ] GC(277) Survivor regions: 2->4(4)
[2025-11-05T18:45:57.484+0000][gc,heap       ] GC(277) Old regions: 89->58
[2025-11-05T18:45:57.484+0000][gc,heap       ] GC(277) Humongous regions: 147->147
[2025-11-05T18:45:57.484+0000][gc,metaspace  ] GC(277) Metaspace: 53231K(55984K)->53231K(55984K) NonClass: 47308K(48816K)->47308K(48816K) Class: 5922K(7168K)->5922K(7168K)
[2025-11-05T18:45:57.484+0000][gc            ] GC(277) Pause Young (Mixed) (G1 Evacuation Pause) 261M->207M(527M) 14.844ms
[2025-11-05T18:45:57.485+0000][gc,cpu        ] GC(277) User=0.02s Sys=0.00s Real=0.01s
[2025-11-05T18:48:30.885+0000][gc,start      ] GC(278) Pause Young (Normal) (G1 Evacuation Pause)
[2025-11-05T18:48:30.886+0000][gc,task       ] GC(278) Using 2 workers of 2 for evacuation
[2025-11-05T18:48:30.901+0000][gc,phases     ] GC(278)   Pre Evacuate Collection Set: 0.0ms
[2025-11-05T18:48:30.901+0000][gc,phases     ] GC(278)   Evacuate Collection Set: 13.7ms
[2025-11-05T18:48:30.901+0000][gc,phases     ] GC(278)   Post Evacuate Collection Set: 0.7ms
[2025-11-05T18:48:30.901+0000][gc,phases     ] GC(278)   Other: 0.9ms
[2025-11-05T18:48:30.901+0000][gc,heap       ] GC(278) Eden regions: 61->0(57)
[2025-11-05T18:48:30.902+0000][gc,heap       ] GC(278) Survivor regions: 4->8(9)
[2025-11-05T18:48:30.902+0000][gc,heap       ] GC(278) Old regions: 58->58
[2025-11-05T18:48:30.902+0000][gc,heap       ] GC(278) Humongous regions: 147->147
[2025-11-05T18:48:30.902+0000][gc,metaspace  ] GC(278) Metaspace: 53231K(55984K)->53231K(55984K) NonClass: 47308K(48816K)->47308K(48816K) Class: 5922K(7168K)->5922K(7168K)
[2025-11-05T18:48:30.902+0000][gc            ] GC(278) Pause Young (Normal) (G1 Evacuation Pause) 268M->212M(527M) 16.967ms
[2025-11-05T18:48:30.902+0000][gc,cpu        ] GC(278) User=0.03s Sys=0.00s Real=0.02s
[2025-11-05T18:50:54.501+0000][gc,start      ] GC(279) Pause Young (Normal) (G1 Evacuation Pause)
[2025-11-05T18:50:54.502+0000][gc,task       ] GC(279) Using 2 workers of 2 for evacuation
[2025-11-05T18:50:54.517+0000][gc,phases     ] GC(279)   Pre Evacuate Collection Set: 0.0ms
[2025-11-05T18:50:54.518+0000][gc,phases     ] GC(279)   Evacuate Collection Set: 14.6ms
[2025-11-05T18:50:54.518+0000][gc,phases     ] GC(279)   Post Evacuate Collection Set: 0.7ms
[2025-11-05T18:50:54.518+0000][gc,phases     ] GC(279)   Other: 0.5ms
[2025-11-05T18:50:54.518+0000][gc,heap       ] GC(279) Eden regions: 57->0(60)
[2025-11-05T18:50:54.518+0000][gc,heap       ] GC(279) Survivor regions: 8->6(9)
[2025-11-05T18:50:54.518+0000][gc,heap       ] GC(279) Old regions: 58->65
[2025-11-05T18:50:54.519+0000][gc,heap       ] GC(279) Humongous regions: 147->147
[2025-11-05T18:50:54.519+0000][gc,metaspace  ] GC(279) Metaspace: 53231K(55984K)->53231K(55984K) NonClass: 47308K(48816K)->47308K(48816K) Class: 5922K(7168K)->5922K(7168K)
[2025-11-05T18:50:54.519+0000][gc            ] GC(279) Pause Young (Normal) (G1 Evacuation Pause) 269M->216M(527M) 17.449ms
[2025-11-05T18:50:54.519+0000][gc,cpu        ] GC(279) User=0.03s Sys=0.00s Real=0.01s
[2025-11-05T18:53:25.259+0000][gc,start      ] GC(280) Pause Young (Normal) (G1 Evacuation Pause)
[2025-11-05T18:53:25.259+0000][gc,task       ] GC(280) Using 2 workers of 2 for evacuation
[2025-11-05T18:53:25.272+0000][gc,phases     ] GC(280)   Pre Evacuate Collection Set: 0.0ms
[2025-11-05T18:53:25.272+0000][gc,phases     ] GC(280)   Evacuate Collection Set: 11.9ms
[2025-11-05T18:53:25.273+0000][gc,phases     ] GC(280)   Post Evacuate Collection Set: 0.6ms
[2025-11-05T18:53:25.273+0000][gc,phases     ] GC(280)   Other: 0.6ms
[2025-11-05T18:53:25.273+0000][gc,heap       ] GC(280) Eden regions: 60->0(64)
[2025-11-05T18:53:25.273+0000][gc,heap       ] GC(280) Survivor regions: 6->5(9)
[2025-11-05T18:53:25.273+0000][gc,heap       ] GC(280) Old regions: 65->69
[2025-11-05T18:53:25.273+0000][gc,heap       ] GC(280) Humongous regions: 147->147
[2025-11-05T18:53:25.273+0000][gc,metaspace  ] GC(280) Metaspace: 53231K(55984K)->53231K(55984K) NonClass: 47308K(48816K)->47308K(48816K) Class: 5922K(7168K)->5922K(7168K)
[2025-11-05T18:53:25.273+0000][gc            ] GC(280) Pause Young (Normal) (G1 Evacuation Pause) 276M->220M(527M) 14.323ms
[2025-11-05T18:53:25.274+0000][gc,cpu        ] GC(280) User=0.02s Sys=0.00s Real=0.02s
[2025-11-05T18:56:07.247+0000][gc,start      ] GC(281) Pause Young (Normal) (G1 Evacuation Pause)
[2025-11-05T18:56:07.248+0000][gc,task       ] GC(281) Using 2 workers of 2 for evacuation
[2025-11-05T18:56:07.262+0000][gc,phases     ] GC(281)   Pre Evacuate Collection Set: 0.0ms
[2025-11-05T18:56:07.263+0000][gc,phases     ] GC(281)   Evacuate Collection Set: 14.0ms
[2025-11-05T18:56:07.263+0000][gc,phases     ] GC(281)   Post Evacuate Collection Set: 0.6ms
[2025-11-05T18:56:07.263+0000][gc,phases     ] GC(281)   Other: 0.5ms
[2025-11-05T18:56:07.263+0000][gc,heap       ] GC(281) Eden regions: 64->0(63)
[2025-11-05T18:56:07.263+0000][gc,heap       ] GC(281) Survivor regions: 5->9(9)
[2025-11-05T18:56:07.263+0000][gc,heap       ] GC(281) Old regions: 69->70
[2025-11-05T18:56:07.264+0000][gc,heap       ] GC(281) Humongous regions: 147->147
[2025-11-05T18:56:07.264+0000][gc,metaspace  ] GC(281) Metaspace: 53231K(55984K)->53231K(55984K) NonClass: 47308K(48816K)->47308K(48816K) Class: 5922K(7168K)->5922K(7168K)
[2025-11-05T18:56:07.264+0000][gc            ] GC(281) Pause Young (Normal) (G1 Evacuation Pause) 284M->225M(527M) 16.377ms
[2025-11-05T18:56:07.264+0000][gc,cpu        ] GC(281) User=0.03s Sys=0.00s Real=0.02s
[2025-11-05T18:58:46.981+0000][gc,start      ] GC(282) Pause Young (Normal) (G1 Evacuation Pause)
[2025-11-05T18:58:46.981+0000][gc,task       ] GC(282) Using 2 workers of 2 for evacuation
[2025-11-05T18:58:47.000+0000][gc,phases     ] GC(282)   Pre Evacuate Collection Set: 0.0ms
[2025-11-05T18:58:47.001+0000][gc,phases     ] GC(282)   Evacuate Collection Set: 18.2ms
[2025-11-05T18:58:47.001+0000][gc,phases     ] GC(282)   Post Evacuate Collection Set: 0.8ms
[2025-11-05T18:58:47.001+0000][gc,phases     ] GC(282)   Other: 0.6ms
[2025-11-05T18:58:47.001+0000][gc,heap       ] GC(282) Eden regions: 63->0(64)
[2025-11-05T18:58:47.002+0000][gc,heap       ] GC(282) Survivor regions: 9->6(9)
[2025-11-05T18:58:47.002+0000][gc,heap       ] GC(282) Old regions: 70->77
[2025-11-05T18:58:47.002+0000][gc,heap       ] GC(282) Humongous regions: 147->147
[2025-11-05T18:58:47.002+0000][gc,metaspace  ] GC(282) Metaspace: 53231K(55984K)->53231K(55984K) NonClass: 47308K(48816K)->47308K(48816K) Class: 5922K(7168K)->5922K(7168K)
[2025-11-05T18:58:47.003+0000][gc            ] GC(282) Pause Young (Normal) (G1 Evacuation Pause) 288M->229M(527M) 21.873ms
[2025-11-05T18:58:47.003+0000][gc,cpu        ] GC(282) User=0.04s Sys=0.00s Real=0.02s
[2025-11-05T19:01:29.176+0000][gc,start      ] GC(283) Pause Young (Normal) (G1 Evacuation Pause)
[2025-11-05T19:01:29.177+0000][gc,task       ] GC(283) Using 2 workers of 2 for evacuation
[2025-11-05T19:01:29.195+0000][gc,phases     ] GC(283)   Pre Evacuate Collection Set: 0.0ms
[2025-11-05T19:01:29.195+0000][gc,phases     ] GC(283)   Evacuate Collection Set: 16.3ms
[2025-11-05T19:01:29.195+0000][gc,phases     ] GC(283)   Post Evacuate Collection Set: 0.6ms
[2025-11-05T19:01:29.195+0000][gc,phases     ] GC(283)   Other: 1.2ms
[2025-11-05T19:01:29.195+0000][gc,heap       ] GC(283) Eden regions: 64->0(65)
[2025-11-05T19:01:29.195+0000][gc,heap       ] GC(283) Survivor regions: 6->7(9)
[2025-11-05T19:01:29.196+0000][gc,heap       ] GC(283) Old regions: 77->82
[2025-11-05T19:01:29.196+0000][gc,heap       ] GC(283) Humongous regions: 147->147
[2025-11-05T19:01:29.196+0000][gc,metaspace  ] GC(283) Metaspace: 53231K(55984K)->53231K(55984K) NonClass: 47308K(48816K)->47308K(48816K) Class: 5922K(7168K)->5922K(7168K)
[2025-11-05T19:01:29.196+0000][gc            ] GC(283) Pause Young (Normal) (G1 Evacuation Pause) 293M->235M(527M) 19.463ms
[2025-11-05T19:01:29.196+0000][gc,cpu        ] GC(283) User=0.03s Sys=0.00s Real=0.02s
[2025-11-05T19:04:05.362+0000][gc,start      ] GC(284) Pause Young (Normal) (G1 Evacuation Pause)
[2025-11-05T19:04:05.362+0000][gc,task       ] GC(284) Using 2 workers of 2 for evacuation
[2025-11-05T19:04:05.391+0000][gc,mmu        ] GC(284) MMU target violated: 21.0ms (20.0ms/21.0ms)
[2025-11-05T19:04:05.391+0000][gc,phases     ] GC(284)   Pre Evacuate Collection Set: 0.0ms
[2025-11-05T19:04:05.391+0000][gc,phases     ] GC(284)   Evacuate Collection Set: 27.1ms
[2025-11-05T19:04:05.391+0000][gc,phases     ] GC(284)   Post Evacuate Collection Set: 0.6ms
[2025-11-05T19:04:05.391+0000][gc,phases     ] GC(284)   Other: 1.2ms
[2025-11-05T19:04:05.392+0000][gc,heap       ] GC(284) Eden regions: 63->0(46)
[2025-11-05T19:04:05.392+0000][gc,heap       ] GC(284) Survivor regions: 7->7(9)
[2025-11-05T19:04:05.392+0000][gc,heap       ] GC(284) Old regions: 82->86
[2025-11-05T19:04:05.393+0000][gc,heap       ] GC(284) Humongous regions: 147->147
[2025-11-05T19:04:05.393+0000][gc,metaspace  ] GC(284) Metaspace: 53231K(55984K)->53231K(55984K) NonClass: 47308K(48816K)->47308K(48816K) Class: 5922K(7168K)->5922K(7168K)
[2025-11-05T19:04:05.393+0000][gc            ] GC(284) Pause Young (Normal) (G1 Evacuation Pause) 298M->239M(527M) 31.346ms
[2025-11-05T19:04:05.394+0000][gc,cpu        ] GC(284) User=0.05s Sys=0.00s Real=0.04s
[2025-11-05T19:05:09.444+0000][gc,start      ] GC(285) Pause Young (Normal) (G1 Evacuation Pause)
[2025-11-05T19:05:09.444+0000][gc,task       ] GC(285) Using 2 workers of 2 for evacuation
[2025-11-05T19:05:09.457+0000][gc,phases     ] GC(285)   Pre Evacuate Collection Set: 0.0ms
[2025-11-05T19:05:09.457+0000][gc,phases     ] GC(285)   Evacuate Collection Set: 12.0ms
[2025-11-05T19:05:09.457+0000][gc,phases     ] GC(285)   Post Evacuate Collection Set: 0.6ms
[2025-11-05T19:05:09.457+0000][gc,phases     ] GC(285)   Other: 0.5ms
[2025-11-05T19:05:09.457+0000][gc,heap       ] GC(285) Eden regions: 28->0(48)
[2025-11-05T19:05:09.457+0000][gc,heap       ] GC(285) Survivor regions: 7->4(5)
[2025-11-05T19:05:09.457+0000][gc,heap       ] GC(285) Old regions: 86->92
[2025-11-05T19:05:09.458+0000][gc,heap       ] GC(285) Humongous regions: 147->147
[2025-11-05T19:05:09.458+0000][gc,metaspace  ] GC(285) Metaspace: 53231K(55984K)->53231K(55984K) NonClass: 47309K(48816K)->47309K(48816K) Class: 5922K(7168K)->5922K(7168K)
[2025-11-05T19:05:09.458+0000][gc            ] GC(285) Pause Young (Normal) (G1 Evacuation Pause) 267M->242M(527M) 14.345ms
[2025-11-05T19:05:09.458+0000][gc,cpu        ] GC(285) User=0.03s Sys=0.00s Real=0.01s
[2025-11-05T19:07:15.633+0000][gc,start      ] GC(286) Pause Young (Normal) (G1 Evacuation Pause)
[2025-11-05T19:07:15.634+0000][gc,task       ] GC(286) Using 2 workers of 2 for evacuation
[2025-11-05T19:07:15.644+0000][gc,phases     ] GC(286)   Pre Evacuate Collection Set: 0.0ms
[2025-11-05T19:07:15.644+0000][gc,phases     ] GC(286)   Evacuate Collection Set: 9.6ms
[2025-11-05T19:07:15.644+0000][gc,phases     ] GC(286)   Post Evacuate Collection Set: 0.6ms
[2025-11-05T19:07:15.645+0000][gc,phases     ] GC(286)   Other: 0.4ms
[2025-11-05T19:07:15.645+0000][gc,heap       ] GC(286) Eden regions: 48->0(56)
[2025-11-05T19:07:15.645+0000][gc,heap       ] GC(286) Survivor regions: 4->4(7)
[2025-11-05T19:07:15.645+0000][gc,heap       ] GC(286) Old regions: 92->95
[2025-11-05T19:07:15.645+0000][gc,heap       ] GC(286) Humongous regions: 147->147
[2025-11-05T19:07:15.645+0000][gc,metaspace  ] GC(286) Metaspace: 53231K(55984K)->53231K(55984K) NonClass: 47309K(48816K)->47309K(48816K) Class: 5922K(7168K)->5922K(7168K)
[2025-11-05T19:07:15.646+0000][gc            ] GC(286) Pause Young (Normal) (G1 Evacuation Pause) 290M->245M(527M) 12.143ms
[2025-11-05T19:07:15.646+0000][gc,cpu        ] GC(286) User=0.02s Sys=0.00s Real=0.02s
[2025-11-05T19:10:12.774+0000][gc,start      ] GC(287) Pause Young (Normal) (G1 Evacuation Pause)
[2025-11-05T19:10:12.774+0000][gc,task       ] GC(287) Using 2 workers of 2 for evacuation
[2025-11-05T19:10:12.787+0000][gc,phases     ] GC(287)   Pre Evacuate Collection Set: 0.0ms
[2025-11-05T19:10:12.787+0000][gc,phases     ] GC(287)   Evacuate Collection Set: 11.7ms
[2025-11-05T19:10:12.787+0000][gc,phases     ] GC(287)   Post Evacuate Collection Set: 0.6ms
[2025-11-05T19:10:12.787+0000][gc,phases     ] GC(287)   Other: 0.5ms
[2025-11-05T19:10:12.787+0000][gc,heap       ] GC(287) Eden regions: 56->0(58)
[2025-11-05T19:10:12.787+0000][gc,heap       ] GC(287) Survivor regions: 4->8(8)
[2025-11-05T19:10:12.788+0000][gc,heap       ] GC(287) Old regions: 95->95
[2025-11-05T19:10:12.788+0000][gc,heap       ] GC(287) Humongous regions: 147->147
[2025-11-05T19:10:12.788+0000][gc,metaspace  ] GC(287) Metaspace: 53231K(55984K)->53231K(55984K) NonClass: 47309K(48816K)->47309K(48816K) Class: 5922K(7168K)->5922K(7168K)
[2025-11-05T19:10:12.788+0000][gc            ] GC(287) Pause Young (Normal) (G1 Evacuation Pause) 301M->248M(527M) 13.985ms
[2025-11-05T19:10:12.788+0000][gc,cpu        ] GC(287) User=0.03s Sys=0.00s Real=0.01s
[2025-11-05T19:13:01.936+0000][gc,start      ] GC(288) Pause Young (Normal) (G1 Evacuation Pause)
[2025-11-05T19:13:01.937+0000][gc,task       ] GC(288) Using 2 workers of 2 for evacuation
[2025-11-05T19:13:01.953+0000][gc,phases     ] GC(288)   Pre Evacuate Collection Set: 0.0ms
[2025-11-05T19:13:01.953+0000][gc,phases     ] GC(288)   Evacuate Collection Set: 14.9ms
[2025-11-05T19:13:01.953+0000][gc,phases     ] GC(288)   Post Evacuate Collection Set: 0.7ms
[2025-11-05T19:13:01.953+0000][gc,phases     ] GC(288)   Other: 0.5ms
[2025-11-05T19:13:01.953+0000][gc,heap       ] GC(288) Eden regions: 55->0(61)
[2025-11-05T19:13:01.953+0000][gc,heap       ] GC(288) Survivor regions: 8->6(8)
[2025-11-05T19:13:01.954+0000][gc,heap       ] GC(288) Old regions: 95->102
[2025-11-05T19:13:01.954+0000][gc,heap       ] GC(288) Humongous regions: 147->147
[2025-11-05T19:13:01.954+0000][gc,metaspace  ] GC(288) Metaspace: 53231K(55984K)->53231K(55984K) NonClass: 47309K(48816K)->47309K(48816K) Class: 5922K(7168K)->5922K(7168K)
[2025-11-05T19:13:01.954+0000][gc            ] GC(288) Pause Young (Normal) (G1 Evacuation Pause) 303M->253M(527M) 17.691ms
[2025-11-05T19:13:01.954+0000][gc,cpu        ] GC(288) User=0.04s Sys=0.00s Real=0.02s
[2025-11-05T19:16:15.745+0000][gc,start      ] GC(289) Pause Young (Normal) (G1 Evacuation Pause)
[2025-11-05T19:16:15.745+0000][gc,task       ] GC(289) Using 2 workers of 2 for evacuation
[2025-11-05T19:16:15.760+0000][gc,phases     ] GC(289)   Pre Evacuate Collection Set: 0.0ms
[2025-11-05T19:16:15.760+0000][gc,phases     ] GC(289)   Evacuate Collection Set: 13.7ms
[2025-11-05T19:16:15.760+0000][gc,phases     ] GC(289)   Post Evacuate Collection Set: 0.6ms
[2025-11-05T19:16:15.760+0000][gc,phases     ] GC(289)   Other: 0.5ms
[2025-11-05T19:16:15.760+0000][gc,heap       ] GC(289) Eden regions: 61->0(66)
[2025-11-05T19:16:15.761+0000][gc,heap       ] GC(289) Survivor regions: 6->6(9)
[2025-11-05T19:16:15.761+0000][gc,heap       ] GC(289) Old regions: 102->106
[2025-11-05T19:16:15.761+0000][gc,heap       ] GC(289) Humongous regions: 147->147
[2025-11-05T19:16:15.761+0000][gc,metaspace  ] GC(289) Metaspace: 53245K(55984K)->53245K(55984K) NonClass: 47322K(48816K)->47322K(48816K) Class: 5922K(7168K)->5922K(7168K)
[2025-11-05T19:16:15.761+0000][gc            ] GC(289) Pause Young (Normal) (G1 Evacuation Pause) 314M->258M(527M) 16.224ms
[2025-11-05T19:16:15.761+0000][gc,cpu        ] GC(289) User=0.02s Sys=0.00s Real=0.01s
[2025-11-05T19:19:48.637+0000][gc,start      ] GC(290) Pause Young (Normal) (G1 Evacuation Pause)
[2025-11-05T19:19:48.638+0000][gc,task       ] GC(290) Using 2 workers of 2 for evacuation
[2025-11-05T19:19:48.656+0000][gc,phases     ] GC(290)   Pre Evacuate Collection Set: 0.0ms
[2025-11-05T19:19:48.656+0000][gc,phases     ] GC(290)   Evacuate Collection Set: 16.4ms
[2025-11-05T19:19:48.656+0000][gc,phases     ] GC(290)   Post Evacuate Collection Set: 1.0ms
[2025-11-05T19:19:48.657+0000][gc,phases     ] GC(290)   Other: 1.4ms
[2025-11-05T19:19:48.657+0000][gc,heap       ] GC(290) Eden regions: 66->0(65)
[2025-11-05T19:19:48.657+0000][gc,heap       ] GC(290) Survivor regions: 6->5(9)
[2025-11-05T19:19:48.657+0000][gc,heap       ] GC(290) Old regions: 106->110
[2025-11-05T19:19:48.657+0000][gc,heap       ] GC(290) Humongous regions: 147->147
[2025-11-05T19:19:48.657+0000][gc,metaspace  ] GC(290) Metaspace: 53245K(55984K)->53245K(55984K) NonClass: 47322K(48816K)->47322K(48816K) Class: 5922K(7168K)->5922K(7168K)
[2025-11-05T19:19:48.658+0000][gc            ] GC(290) Pause Young (Normal) (G1 Evacuation Pause) 324M->261M(527M) 20.210ms
[2025-11-05T19:19:48.658+0000][gc,cpu        ] GC(290) User=0.03s Sys=0.00s Real=0.02s
[2025-11-05T19:23:17.409+0000][gc,start      ] GC(291) Pause Young (Normal) (G1 Evacuation Pause)
[2025-11-05T19:23:17.410+0000][gc,task       ] GC(291) Using 2 workers of 2 for evacuation
[2025-11-05T19:23:17.424+0000][gc,phases     ] GC(291)   Pre Evacuate Collection Set: 0.0ms
[2025-11-05T19:23:17.425+0000][gc,phases     ] GC(291)   Evacuate Collection Set: 13.7ms
[2025-11-05T19:23:17.425+0000][gc,phases     ] GC(291)   Post Evacuate Collection Set: 0.7ms
[2025-11-05T19:23:17.425+0000][gc,phases     ] GC(291)   Other: 0.5ms
[2025-11-05T19:23:17.425+0000][gc,heap       ] GC(291) Eden regions: 65->0(67)
[2025-11-05T19:23:17.425+0000][gc,heap       ] GC(291) Survivor regions: 5->6(9)
[2025-11-05T19:23:17.425+0000][gc,heap       ] GC(291) Old regions: 110->115
[2025-11-05T19:23:17.426+0000][gc,heap       ] GC(291) Humongous regions: 147->147
[2025-11-05T19:23:17.426+0000][gc,metaspace  ] GC(291) Metaspace: 53245K(55984K)->53245K(55984K) NonClass: 47322K(48816K)->47322K(48816K) Class: 5922K(7168K)->5922K(7168K)
[2025-11-05T19:23:17.426+0000][gc            ] GC(291) Pause Young (Normal) (G1 Evacuation Pause) 326M->267M(527M) 16.423ms
[2025-11-05T19:23:17.426+0000][gc,cpu        ] GC(291) User=0.03s Sys=0.00s Real=0.02s
[2025-11-05T19:26:52.582+0000][gc,start      ] GC(292) Pause Young (Normal) (G1 Evacuation Pause)
[2025-11-05T19:26:52.582+0000][gc,task       ] GC(292) Using 2 workers of 2 for evacuation
[2025-11-05T19:26:52.599+0000][gc,phases     ] GC(292)   Pre Evacuate Collection Set: 0.0ms
[2025-11-05T19:26:52.599+0000][gc,phases     ] GC(292)   Evacuate Collection Set: 15.6ms
[2025-11-05T19:26:52.599+0000][gc,phases     ] GC(292)   Post Evacuate Collection Set: 1.0ms
[2025-11-05T19:26:52.600+0000][gc,phases     ] GC(292)   Other: 0.7ms
[2025-11-05T19:26:52.600+0000][gc,heap       ] GC(292) Eden regions: 67->0(68)
[2025-11-05T19:26:52.600+0000][gc,heap       ] GC(292) Survivor regions: 6->5(10)
[2025-11-05T19:26:52.600+0000][gc,heap       ] GC(292) Old regions: 115->120
[2025-11-05T19:26:52.600+0000][gc,heap       ] GC(292) Humongous regions: 147->147
[2025-11-05T19:26:52.601+0000][gc,metaspace  ] GC(292) Metaspace: 53252K(55984K)->53252K(55984K) NonClass: 47329K(48816K)->47329K(48816K) Class: 5922K(7168K)->5922K(7168K)
[2025-11-05T19:26:52.601+0000][gc            ] GC(292) Pause Young (Normal) (G1 Evacuation Pause) 334M->271M(527M) 19.123ms
[2025-11-05T19:26:52.601+0000][gc,cpu        ] GC(292) User=0.03s Sys=0.00s Real=0.02s
[2025-11-05T19:30:45.665+0000][gc,start      ] GC(293) Pause Young (Normal) (G1 Evacuation Pause)
[2025-11-05T19:30:45.666+0000][gc,task       ] GC(293) Using 2 workers of 2 for evacuation
[2025-11-05T19:30:45.682+0000][gc,phases     ] GC(293)   Pre Evacuate Collection Set: 0.0ms
[2025-11-05T19:30:45.682+0000][gc,phases     ] GC(293)   Evacuate Collection Set: 14.3ms
[2025-11-05T19:30:45.682+0000][gc,phases     ] GC(293)   Post Evacuate Collection Set: 0.7ms
[2025-11-05T19:30:45.682+0000][gc,phases     ] GC(293)   Other: 1.2ms
[2025-11-05T19:30:45.683+0000][gc,heap       ] GC(293) Eden regions: 68->0(69)
[2025-11-05T19:30:45.683+0000][gc,heap       ] GC(293) Survivor regions: 5->10(10)
[2025-11-05T19:30:45.683+0000][gc,heap       ] GC(293) Old regions: 120->121
[2025-11-05T19:30:45.683+0000][gc,heap       ] GC(293) Humongous regions: 147->147
[2025-11-05T19:30:45.683+0000][gc,metaspace  ] GC(293) Metaspace: 53297K(56240K)->53297K(56240K) NonClass: 47374K(49072K)->47374K(49072K) Class: 5922K(7168K)->5922K(7168K)
[2025-11-05T19:30:45.684+0000][gc            ] GC(293) Pause Young (Normal) (G1 Evacuation Pause) 339M->277M(527M) 18.061ms
[2025-11-05T19:30:45.684+0000][gc,cpu        ] GC(293) User=0.04s Sys=0.00s Real=0.01s
